interactions:
- request:
    body: null
    headers:
      Accept:
      - application/json
      Accept-Encoding:
      - gzip, deflate
      Connection:
      - keep-alive
      Content-Length:
      - '0'
      Content-Type:
      - application/json
      User-Agent:
      - azsdk-python-keyvault-keys/4.4.0b5 Python/3.5.3 (Windows-10-10.0.19041-SP0)
    method: POST
    uri: https://vaultname.vault.azure.net/keys/livekvtestrsa-verify-2048986215c3/create?api-version=2016-10-01
  response:
    body:
      string: '{"error":{"code":"Unauthorized","message":"Request is missing a Bearer
        or PoP token."}}'
    headers:
      cache-control:
      - no-cache
      content-length:
      - '87'
      content-type:
      - application/json; charset=utf-8
      date:
      - Fri, 07 May 2021 22:50:06 GMT
      expires:
      - '-1'
      pragma:
      - no-cache
      strict-transport-security:
      - max-age=31536000;includeSubDomains
      www-authenticate:
      - Bearer authorization="https://login.windows.net/72f988bf-86f1-41af-91ab-2d7cd011db47",
        resource="https://vault.azure.net"
      x-content-type-options:
      - nosniff
      x-ms-keyvault-network-info:
      - conn_type=Ipv4;addr=172.92.159.124;act_addr_fam=InterNetwork;
      x-ms-keyvault-region:
      - centralus
      x-ms-keyvault-service-version:
      - 1.2.265.0
      x-powered-by:
      - ASP.NET
    status:
      code: 401
      message: Unauthorized
- request:
    body: '{"key_size": 2048, "kty": "RSA"}'
    headers:
      Accept:
      - application/json
      Accept-Encoding:
      - gzip, deflate
      Connection:
      - keep-alive
      Content-Length:
      - '32'
      Content-Type:
      - application/json
      User-Agent:
      - azsdk-python-keyvault-keys/4.4.0b5 Python/3.5.3 (Windows-10-10.0.19041-SP0)
    method: POST
    uri: https://vaultname.vault.azure.net/keys/livekvtestrsa-verify-2048986215c3/create?api-version=2016-10-01
  response:
    body:
      string: '{"key":{"kid":"https://vaultname.vault.azure.net/keys/livekvtestrsa-verify-2048986215c3/c3de7bc9c42e47d8a59f51039502b5a7","kty":"RSA","key_ops":["encrypt","decrypt","sign","verify","wrapKey","unwrapKey"],"n":"qu03CP0WlhYIMbHnG4Hrv3vnZWtMnfN809-w5Q73sOu7XD3aq_EQf00FHOPMlZ1FGOC5zzBQ3hruXGg_9DQbwXYsFQ3IW0cRrE4ZogWqi_bmpxMII_0tkcE-noOd3flUSxNzcq9VP0-dsN0XB2UyD8DFhDRJKIrU9KkFAwhLDo3nz-iPoV6pjI3dt3m0533AX7LNPGezXtwcajAWXi1wy2SvBFqe43ncdo5Dgzy1VpbbwXLXmoFjZElFW89P2b6YG5dbq9eVvRGTEoVZHaK4WY40gTn4-xGlQJR34jM06IJA-205J8NaUqnMvLBNALulTzfLwgSGShEeAoFdFHazhQ","e":"AQAB"},"attributes":{"enabled":true,"created":1620427807,"updated":1620427807,"recoveryLevel":"Recoverable+Purgeable"}}'
    headers:
      cache-control:
      - no-cache
      content-length:
      - '680'
      content-type:
      - application/json; charset=utf-8
      date:
      - Fri, 07 May 2021 22:50:06 GMT
      expires:
      - '-1'
      pragma:
      - no-cache
      strict-transport-security:
      - max-age=31536000;includeSubDomains
      x-content-type-options:
      - nosniff
      x-ms-keyvault-network-info:
      - conn_type=Ipv4;addr=172.92.159.124;act_addr_fam=InterNetwork;
      x-ms-keyvault-region:
      - centralus
      x-ms-keyvault-service-version:
      - 1.2.265.0
      x-powered-by:
      - ASP.NET
    status:
      code: 200
      message: OK
- request:
    body: '{"value": "vgZc0NQUb6WMKX___V2JntcFRO_vszKwSAj7R2rL1zg", "alg": "PS256"}'
    headers:
      Accept:
      - application/json
      Accept-Encoding:
      - gzip, deflate
      Connection:
      - keep-alive
      Content-Length:
      - '72'
      Content-Type:
      - application/json
      User-Agent:
      - azsdk-python-keyvault-keys/4.4.0b5 Python/3.5.3 (Windows-10-10.0.19041-SP0)
    method: POST
    uri: https://vaultname.vault.azure.net/keys/livekvtestrsa-verify-2048986215c3/c3de7bc9c42e47d8a59f51039502b5a7/sign?api-version=2016-10-01
  response:
    body:
      string: '{"kid":"https://vaultname.vault.azure.net/keys/livekvtestrsa-verify-2048986215c3/c3de7bc9c42e47d8a59f51039502b5a7","value":"VZ9eUkR2C1z5yy_YEniy1CvMRt1xlVdLryZuuD_BAVWpmmOv_dXqflhqz41rBAonyKfxMHjpXWEfEDnBuadrqJ3IvkhgujVeKd83zVaVhSA3b6XzIe6FKzs66P5N2Yq9bASkFeUAspPo7K9QG8SAi-phu2nrMuBogOqurtec6q0mGVAaqvX_ly6srcRR2ShHH4whTFS2DB1h-BsrWy5EvA4yTINlom3dWuUzaAm35ow-69MlOyjbstDq2bKw-zci4-UKCKTFzCVl9TwoW0uTeOtJyhYJJs-mO0DSzm27VEhGfz2zqD-I_0KmbyzdJ-C084kXIcnxgQhhyR8fnkOQ9A"}'
    headers:
      cache-control:
      - no-cache
      content-length:
      - '471'
      content-type:
      - application/json; charset=utf-8
      date:
      - Fri, 07 May 2021 22:50:08 GMT
      expires:
      - '-1'
      pragma:
      - no-cache
      strict-transport-security:
      - max-age=31536000;includeSubDomains
      x-content-type-options:
      - nosniff
      x-ms-keyvault-network-info:
      - conn_type=Ipv4;addr=172.92.159.124;act_addr_fam=InterNetwork;
      x-ms-keyvault-region:
      - centralus
      x-ms-keyvault-service-version:
      - 1.2.265.0
      x-powered-by:
      - ASP.NET
    status:
      code: 200
      message: OK
- request:
    body: '{"value": "OnZY76NXJ8_MBkjnc9b9RiaL5OYscmrTal040wQuLFlRrnLvJFecIvZl2KjXqwVB",
      "alg": "PS384"}'
    headers:
      Accept:
      - application/json
      Accept-Encoding:
      - gzip, deflate
      Connection:
      - keep-alive
      Content-Length:
      - '93'
      Content-Type:
      - application/json
      User-Agent:
      - azsdk-python-keyvault-keys/4.4.0b5 Python/3.5.3 (Windows-10-10.0.19041-SP0)
    method: POST
    uri: https://vaultname.vault.azure.net/keys/livekvtestrsa-verify-2048986215c3/c3de7bc9c42e47d8a59f51039502b5a7/sign?api-version=2016-10-01
  response:
    body:
      string: '{"kid":"https://vaultname.vault.azure.net/keys/livekvtestrsa-verify-2048986215c3/c3de7bc9c42e47d8a59f51039502b5a7","value":"gA--pxmL9Qi0GhfM3MkdcNU_a96NH_rw_ZXsYR9Lu-yavmXZFFlile0sXLfzPCJZLvO8Ibwl2kbdL9UaSptP72QcbJ7YGwvcEl32UeyaUTBG1OpSXOgnO0I1SbxaFXeD8pfVwCNwphDKo6IRN_T3oSyalSLcelzrtjt5bQn_uXFz5bblJIcj-C_sJWBSd7vJjE04BWAnaUmkpkXyDgQDemYi-rlGKqIYs69h2L8uYFJ8l8rOPBUGYIrofTA5htArgerZjhlRmSH6Wg0-JK2RIyZ2cq4RDciswflkgBMfl2DbNoaDTpWWs_ZbP1Hgq0wYZ5RUmIbMTTAyHMLNz4KARg"}'
    headers:
      cache-control:
      - no-cache
      content-length:
      - '471'
      content-type:
      - application/json; charset=utf-8
      date:
      - Fri, 07 May 2021 22:50:08 GMT
      expires:
      - '-1'
      pragma:
      - no-cache
      strict-transport-security:
      - max-age=31536000;includeSubDomains
      x-content-type-options:
      - nosniff
      x-ms-keyvault-network-info:
      - conn_type=Ipv4;addr=172.92.159.124;act_addr_fam=InterNetwork;
      x-ms-keyvault-region:
      - centralus
      x-ms-keyvault-service-version:
      - 1.2.265.0
      x-powered-by:
      - ASP.NET
    status:
      code: 200
      message: OK
- request:
    body: '{"value": "zZyL-eOHDnnq34aZaWgBMobx4x2Pm3mPRo4eqnRmLK6sE0jsXZFOFhMXaTcvILQxovTsMMh9JupeojYCnDvfrQ",
      "alg": "PS512"}'
    headers:
      Accept:
      - application/json
      Accept-Encoding:
      - gzip, deflate
      Connection:
      - keep-alive
      Content-Length:
      - '115'
      Content-Type:
      - application/json
      User-Agent:
      - azsdk-python-keyvault-keys/4.4.0b5 Python/3.5.3 (Windows-10-10.0.19041-SP0)
    method: POST
    uri: https://vaultname.vault.azure.net/keys/livekvtestrsa-verify-2048986215c3/c3de7bc9c42e47d8a59f51039502b5a7/sign?api-version=2016-10-01
  response:
    body:
      string: '{"kid":"https://vaultname.vault.azure.net/keys/livekvtestrsa-verify-2048986215c3/c3de7bc9c42e47d8a59f51039502b5a7","value":"DGS-Vjy2vj0N-L4qoFV808GVm3rA2QiEd4v1fcEH9OIgz2ZuVQR1v2oc0QeCiytTj-2lDZc8wATrV8jDMSSN8Ms8V4msNGznn-tkRLzct-pi-A-tMtNf71U02MtbyL_ZX-KVqxnyZSHsGDi2REoeE-GNC2T4Zx3dul1hKd7rzzRJCUwUNivm6TgzXKSSDNu3KcDQO4q06WuW0lnaZkkNO57x_dvQCWi7u-ZbM6BhSwdVcEdBmOWNQFs55vy60WN5YuHZ5vRndey8W_AIFQTElGTYVRrffrVuJ3wNzPMPhA76Q8HfyS-dAsDBunP4Tshz4fg8r6Fs-6yeahg_4d9r3Q"}'
    headers:
      cache-control:
      - no-cache
      content-length:
      - '471'
      content-type:
      - application/json; charset=utf-8
      date:
      - Fri, 07 May 2021 22:50:08 GMT
      expires:
      - '-1'
      pragma:
      - no-cache
      strict-transport-security:
      - max-age=31536000;includeSubDomains
      x-content-type-options:
      - nosniff
      x-ms-keyvault-network-info:
      - conn_type=Ipv4;addr=172.92.159.124;act_addr_fam=InterNetwork;
      x-ms-keyvault-region:
      - centralus
      x-ms-keyvault-service-version:
      - 1.2.265.0
      x-powered-by:
      - ASP.NET
    status:
      code: 200
      message: OK
- request:
    body: '{"value": "vgZc0NQUb6WMKX___V2JntcFRO_vszKwSAj7R2rL1zg", "alg": "RS256"}'
    headers:
      Accept:
      - application/json
      Accept-Encoding:
      - gzip, deflate
      Connection:
      - keep-alive
      Content-Length:
      - '72'
      Content-Type:
      - application/json
      User-Agent:
      - azsdk-python-keyvault-keys/4.4.0b5 Python/3.5.3 (Windows-10-10.0.19041-SP0)
    method: POST
    uri: https://vaultname.vault.azure.net/keys/livekvtestrsa-verify-2048986215c3/c3de7bc9c42e47d8a59f51039502b5a7/sign?api-version=2016-10-01
  response:
    body:
      string: '{"kid":"https://vaultname.vault.azure.net/keys/livekvtestrsa-verify-2048986215c3/c3de7bc9c42e47d8a59f51039502b5a7","value":"KEIVPLJJZGYKsnLoBfdwzzUHGtoMJBqeP5O52P0EeF3p5wgR0ezWiVnProkPNp9vSWmHagwAfdO9hA76laAJ8ZBRVCZo8VR6MT0iC1bXhr7VyYzxPNb2ZOyMrXYWN0NMzZyfnN62SAlabsFat5tHtzi5glYqbZ_u5FAK7wyCtUdc1YBEr553yg2StW30agT1ZD3F6KOQLPrgefDTW7s9gRIsVqVHoCfUeqHs8AX3LQueAIdjdHoEXxk9BxuGjGL8-7mVvl_66yQqArw7W91li7HIzLvZUb19nxKFD7MSVbX3fl7-d08wqRU2YpIdovJl7lzpbA3qNiYcKHQmxHDIQg"}'
    headers:
      cache-control:
      - no-cache
      content-length:
      - '471'
      content-type:
      - application/json; charset=utf-8
      date:
      - Fri, 07 May 2021 22:50:08 GMT
      expires:
      - '-1'
      pragma:
      - no-cache
      strict-transport-security:
      - max-age=31536000;includeSubDomains
      x-content-type-options:
      - nosniff
      x-ms-keyvault-network-info:
      - conn_type=Ipv4;addr=172.92.159.124;act_addr_fam=InterNetwork;
      x-ms-keyvault-region:
      - centralus
      x-ms-keyvault-service-version:
      - 1.2.265.0
      x-powered-by:
      - ASP.NET
    status:
      code: 200
      message: OK
- request:
    body: '{"value": "OnZY76NXJ8_MBkjnc9b9RiaL5OYscmrTal040wQuLFlRrnLvJFecIvZl2KjXqwVB",
      "alg": "RS384"}'
    headers:
      Accept:
      - application/json
      Accept-Encoding:
      - gzip, deflate
      Connection:
      - keep-alive
      Content-Length:
      - '93'
      Content-Type:
      - application/json
      User-Agent:
      - azsdk-python-keyvault-keys/4.4.0b5 Python/3.5.3 (Windows-10-10.0.19041-SP0)
    method: POST
    uri: https://vaultname.vault.azure.net/keys/livekvtestrsa-verify-2048986215c3/c3de7bc9c42e47d8a59f51039502b5a7/sign?api-version=2016-10-01
  response:
    body:
      string: '{"kid":"https://vaultname.vault.azure.net/keys/livekvtestrsa-verify-2048986215c3/c3de7bc9c42e47d8a59f51039502b5a7","value":"RAVHOqMsUYhpVSkTNb6qIpBpHDQefZ4R6uh98isLfppCFeq-Xe8jsWnDnYPyij_uK9CoSiXFdgjj0cjTDd0rRNszOtmVLuZ-n_dHYknHRqXqvxECPPLGda_yEljqdWqMjtQ-YiWAM2_kIvmCoD5FbltBXQaL9Bvw1otEpZkgK3Pi63jw0I6rfNBm-7l8qZyCuAacmDcnUSEDj12AUUrvCx89e38hYSp_jNkptUrsDp6wh7uCMB4BV4um73SBWwyNXOTi-RK-pkRa6AZTZ2QxHUL42DvsEq0IQV1TewWQul-cdDjLUowkScMYV67Yvrlbrzjn9SvtoxXtmIhf6dSAxA"}'
    headers:
      cache-control:
      - no-cache
      content-length:
      - '471'
      content-type:
      - application/json; charset=utf-8
      date:
      - Fri, 07 May 2021 22:50:08 GMT
      expires:
      - '-1'
      pragma:
      - no-cache
      strict-transport-security:
      - max-age=31536000;includeSubDomains
      x-content-type-options:
      - nosniff
      x-ms-keyvault-network-info:
      - conn_type=Ipv4;addr=172.92.159.124;act_addr_fam=InterNetwork;
      x-ms-keyvault-region:
      - centralus
      x-ms-keyvault-service-version:
      - 1.2.265.0
      x-powered-by:
      - ASP.NET
    status:
      code: 200
      message: OK
- request:
    body: '{"value": "zZyL-eOHDnnq34aZaWgBMobx4x2Pm3mPRo4eqnRmLK6sE0jsXZFOFhMXaTcvILQxovTsMMh9JupeojYCnDvfrQ",
      "alg": "RS512"}'
    headers:
      Accept:
      - application/json
      Accept-Encoding:
      - gzip, deflate
      Connection:
      - keep-alive
      Content-Length:
      - '115'
      Content-Type:
      - application/json
      User-Agent:
      - azsdk-python-keyvault-keys/4.4.0b5 Python/3.5.3 (Windows-10-10.0.19041-SP0)
    method: POST
    uri: https://vaultname.vault.azure.net/keys/livekvtestrsa-verify-2048986215c3/c3de7bc9c42e47d8a59f51039502b5a7/sign?api-version=2016-10-01
  response:
    body:
      string: '{"kid":"https://vaultname.vault.azure.net/keys/livekvtestrsa-verify-2048986215c3/c3de7bc9c42e47d8a59f51039502b5a7","value":"KdmdIQR7AZHX0y-Irf-IhSGKiWdnZ7eVkoEo3QPvv2HI7gAnyXRnM0mOsvD7IMPpWhP85wtFewmNwRq_Zc8JrrQpBWO1g-arF3snpe0_1z_NeAClbqtolCAnajcgxeyGEusATzcfh2woIoKxBxV75bqgsIdnCt7AMqNTZrwYXyG9V7By4lq6OpyEXluu4VeD5Zr9JkG-lheI85kXRK4im5htuUo1UYr7b196_34DzwJCl01P2yttu6Jzumxcz8vyzfitWjeloRIMWoHjH6CI-w6rbZUL9EzNFBTu1ogg_u-cjxIOGk9YeIEzsGutGNoAmc6nmerlPVIji-E9oDLtEA"}'
    headers:
      cache-control:
      - no-cache
      content-length:
      - '471'
      content-type:
      - application/json; charset=utf-8
      date:
      - Fri, 07 May 2021 22:50:09 GMT
      expires:
      - '-1'
      pragma:
      - no-cache
      strict-transport-security:
      - max-age=31536000;includeSubDomains
      x-content-type-options:
      - nosniff
      x-ms-keyvault-network-info:
      - conn_type=Ipv4;addr=172.92.159.124;act_addr_fam=InterNetwork;
      x-ms-keyvault-region:
      - centralus
      x-ms-keyvault-service-version:
      - 1.2.265.0
      x-powered-by:
      - ASP.NET
    status:
      code: 200
      message: OK
- request:
    body: '{"key_size": 3072, "kty": "RSA"}'
    headers:
      Accept:
      - application/json
      Accept-Encoding:
      - gzip, deflate
      Connection:
      - keep-alive
      Content-Length:
      - '32'
      Content-Type:
      - application/json
      User-Agent:
      - azsdk-python-keyvault-keys/4.4.0b5 Python/3.5.3 (Windows-10-10.0.19041-SP0)
    method: POST
    uri: https://vaultname.vault.azure.net/keys/livekvtestrsa-verify-3072986215c3/create?api-version=2016-10-01
  response:
    body:
      string: '{"key":{"kid":"https://vaultname.vault.azure.net/keys/livekvtestrsa-verify-3072986215c3/140d1be64f314851a72599a66a32f0cf","kty":"RSA","key_ops":["encrypt","decrypt","sign","verify","wrapKey","unwrapKey"],"n":"l7wqGKZLH_q992HJ2TxS_c2byZSN2uY9NQYMn4agjr83vOLZ9d7Kl8XTombTbplCKz4nsJ08eICis3t0z8-w2pPDekZ1bGA96tiKASl1vzl1CiGqPpS2LH6Dk83442h9M6qcuQf4yEyKusFPWRz4UUNpzg6K0u4XRsyKIAteAEy3emxOXYQZ1zQ_9V1IPhYheqEYfylplh_KNyi15hRTNV4wDKIw1e__6zi5_7RvTdRm98hTzNpsESPfvamTljwgE_JZUilES5-tlSC3GrJfeSJCAqnTey6e5jTi1x_4ig2JsQ1c4jGP7OWspcU1uZMMkbPYqhW4ne4H9OUzYpa0r1cTX5mq_Kkpyja5sp7Aes0P3prQJ18yiJ3jlgUdfUQZiWY64I5wNe7FE4P1HXnV-9s12NUGze4LKIOrX5MOevGBFV8Qy9u6N61wq94ChiobOSeXfwR8mJeJKUPGGrFFaPhjcYhrN249fBiShpYJrBEsn5Dk5U2EI5hR41eLgfQ1","e":"AQAB"},"attributes":{"enabled":true,"created":1620427811,"updated":1620427811,"recoveryLevel":"Recoverable+Purgeable"}}'
    headers:
      cache-control:
      - no-cache
      content-length:
      - '850'
      content-type:
      - application/json; charset=utf-8
      date:
      - Fri, 07 May 2021 22:50:11 GMT
      expires:
      - '-1'
      pragma:
      - no-cache
      strict-transport-security:
      - max-age=31536000;includeSubDomains
      x-content-type-options:
      - nosniff
      x-ms-keyvault-network-info:
      - conn_type=Ipv4;addr=172.92.159.124;act_addr_fam=InterNetwork;
      x-ms-keyvault-region:
      - centralus
      x-ms-keyvault-service-version:
      - 1.2.265.0
      x-powered-by:
      - ASP.NET
    status:
      code: 200
      message: OK
- request:
    body: '{"value": "vgZc0NQUb6WMKX___V2JntcFRO_vszKwSAj7R2rL1zg", "alg": "PS256"}'
    headers:
      Accept:
      - application/json
      Accept-Encoding:
      - gzip, deflate
      Connection:
      - keep-alive
      Content-Length:
      - '72'
      Content-Type:
      - application/json
      User-Agent:
      - azsdk-python-keyvault-keys/4.4.0b5 Python/3.5.3 (Windows-10-10.0.19041-SP0)
    method: POST
    uri: https://vaultname.vault.azure.net/keys/livekvtestrsa-verify-3072986215c3/140d1be64f314851a72599a66a32f0cf/sign?api-version=2016-10-01
  response:
    body:
      string: '{"kid":"https://vaultname.vault.azure.net/keys/livekvtestrsa-verify-3072986215c3/140d1be64f314851a72599a66a32f0cf","value":"KZSUZskCckYSK5DV2M7-WBgL7tSmk13rx6x2jzz3Ln4RUxuQx8BqfyvYTjf21o9ki7MqfUTkuPZIWnXi6kCSZOEvaPCoT9JIIPC1Ac2uE73XyAeu-Iv2Lk4uNTyepbpOZD1DBw3VX9Wv0DFvpOx-ojxwTiVZjsWjveE7Iauv9Y7DImsdBIfF6jsgEr8wgcB3fSgg-HA3ePf9CGgHHFUIJqlFe9DomVtYQEkJ_7Wnyva_LpjEAcQuMQ5Tmr_fR4R_PMcf-4rC0Z2VJK3jN9-KVwWY0Q6GztGfXPxLNSfdARe3-qeelaBSKZnWreQCUrfpZBoMrsbVtHz24rAtGoye9esmydG82lliYdPxOSp3MiVehpj9L_JY5iXdlrSijve48P4SyXrQwxnIDMA6nW7ZlmYRXLc45lCNYJWcO-EvMBHltUTIJ8a5TuEKpMIyodGts32jQNmTBYRTBd8wHko02LAh3e4zg5t4egQWjP5vDE4dQcmcY6k9sz05Cnhm-O93"}'
    headers:
      cache-control:
      - no-cache
      content-length:
      - '641'
      content-type:
      - application/json; charset=utf-8
      date:
      - Fri, 07 May 2021 22:50:12 GMT
      expires:
      - '-1'
      pragma:
      - no-cache
      strict-transport-security:
      - max-age=31536000;includeSubDomains
      x-content-type-options:
      - nosniff
      x-ms-keyvault-network-info:
      - conn_type=Ipv4;addr=172.92.159.124;act_addr_fam=InterNetwork;
      x-ms-keyvault-region:
      - centralus
      x-ms-keyvault-service-version:
      - 1.2.265.0
      x-powered-by:
      - ASP.NET
    status:
      code: 200
      message: OK
- request:
    body: '{"value": "OnZY76NXJ8_MBkjnc9b9RiaL5OYscmrTal040wQuLFlRrnLvJFecIvZl2KjXqwVB",
      "alg": "PS384"}'
    headers:
      Accept:
      - application/json
      Accept-Encoding:
      - gzip, deflate
      Connection:
      - keep-alive
      Content-Length:
      - '93'
      Content-Type:
      - application/json
      User-Agent:
      - azsdk-python-keyvault-keys/4.4.0b5 Python/3.5.3 (Windows-10-10.0.19041-SP0)
    method: POST
    uri: https://vaultname.vault.azure.net/keys/livekvtestrsa-verify-3072986215c3/140d1be64f314851a72599a66a32f0cf/sign?api-version=2016-10-01
  response:
    body:
      string: '{"kid":"https://vaultname.vault.azure.net/keys/livekvtestrsa-verify-3072986215c3/140d1be64f314851a72599a66a32f0cf","value":"WpEKzNKfpQOOpPDbPAwFOibcG3ji6YhCgLs8AwVQb8kZQhcmMX5Xn4igDCReYM85QMPrwTIN2WSXyVtDKl4q5pgEGMAqoXYP_9ykEZiILP7X9eaL_ELVVG24dvVphYMFqXhb_XW_l4CSXLMyUlTJHI94UEelOtGqB61Gd-0rkQmN-ipOw71k-z-aa9D2D70wcWgNQIHlLz6ADiUkTpnw-eZn4HnWdc4vbCezp6FDi1A8M6vq809MW0JhXv49BkbPZ1qnUMciF17JqN6B4iZXAngXrAtFbHvRk5b_PEQNLKGzCq7tbcTljsM73TXwQDUU2u9Ffu_qyaEF7TU144pbZqU77bSAdifNcRdHlM4EE1SYvdUbdo6bHvr1V8VjfK-ShcJp9svb_mB6KQLrrrNfOYI5g21q9zI_g2Dsizqgk4Sy0aF3PCMkjIwUSN_eWv9V9IRh8brWvhvkbGHWBVOs8KEnl1eivxjt4fYqZk5An9d56c-qanWLJDrCaXfOjgB2"}'
    headers:
      cache-control:
      - no-cache
      content-length:
      - '641'
      content-type:
      - application/json; charset=utf-8
      date:
      - Fri, 07 May 2021 22:50:12 GMT
      expires:
      - '-1'
      pragma:
      - no-cache
      strict-transport-security:
      - max-age=31536000;includeSubDomains
      x-content-type-options:
      - nosniff
      x-ms-keyvault-network-info:
      - conn_type=Ipv4;addr=172.92.159.124;act_addr_fam=InterNetwork;
      x-ms-keyvault-region:
      - centralus
      x-ms-keyvault-service-version:
      - 1.2.265.0
      x-powered-by:
      - ASP.NET
    status:
      code: 200
      message: OK
- request:
    body: '{"value": "zZyL-eOHDnnq34aZaWgBMobx4x2Pm3mPRo4eqnRmLK6sE0jsXZFOFhMXaTcvILQxovTsMMh9JupeojYCnDvfrQ",
      "alg": "PS512"}'
    headers:
      Accept:
      - application/json
      Accept-Encoding:
      - gzip, deflate
      Connection:
      - keep-alive
      Content-Length:
      - '115'
      Content-Type:
      - application/json
      User-Agent:
      - azsdk-python-keyvault-keys/4.4.0b5 Python/3.5.3 (Windows-10-10.0.19041-SP0)
    method: POST
    uri: https://vaultname.vault.azure.net/keys/livekvtestrsa-verify-3072986215c3/140d1be64f314851a72599a66a32f0cf/sign?api-version=2016-10-01
  response:
    body:
      string: '{"kid":"https://vaultname.vault.azure.net/keys/livekvtestrsa-verify-3072986215c3/140d1be64f314851a72599a66a32f0cf","value":"JYulfmeGLGIZtpSkQDIRtgpvMY9Epj5bDVij2qtv1DH8jurXmFUpMsTHsgTMNLe7kBfLEoyM24wTbXwm2dtUchQeDcVk4zrHhQUanvHSzugij9bJQwbPlytSposeB6vAafRCXZB1SC1U7CO9eQNeW6WUVIfG7AfosMKu-w1YyC2HD5albMO_xRdnX22v_F067vY8WeTi2UKCMcEnwfnXvl3saWaA5NXAwdm7o3tS4ZKWmY0_sWqzjxCwGhsGACs129rW0q67qsweqsPojq3iONgw7BbWzzGIEWZrAPMoX6TUZJDORlvALYGUFTtpAdbKay96ojokIQ2n9Cmd_clqPi4huOvhb1gv2H8Hons5R9WmyPkf8pG-L0V1Gd5iFeuUZo0L9sVhjT6d5owf2GbWH-H9kYQ3L6oyeaOjthRyvNcPmV0SMAi5kVFDrvk0hL-g0ta6J06UxH53AcUpC6JvZdyMiWIGJN7XY41gKXon-TQjjXDdLSto3qq7-nnU35yU"}'
    headers:
      cache-control:
      - no-cache
      content-length:
      - '641'
      content-type:
      - application/json; charset=utf-8
      date:
      - Fri, 07 May 2021 22:50:12 GMT
      expires:
      - '-1'
      pragma:
      - no-cache
      strict-transport-security:
      - max-age=31536000;includeSubDomains
      x-content-type-options:
      - nosniff
      x-ms-keyvault-network-info:
      - conn_type=Ipv4;addr=172.92.159.124;act_addr_fam=InterNetwork;
      x-ms-keyvault-region:
      - centralus
      x-ms-keyvault-service-version:
      - 1.2.265.0
      x-powered-by:
      - ASP.NET
    status:
      code: 200
      message: OK
- request:
    body: '{"value": "vgZc0NQUb6WMKX___V2JntcFRO_vszKwSAj7R2rL1zg", "alg": "RS256"}'
    headers:
      Accept:
      - application/json
      Accept-Encoding:
      - gzip, deflate
      Connection:
      - keep-alive
      Content-Length:
      - '72'
      Content-Type:
      - application/json
      User-Agent:
      - azsdk-python-keyvault-keys/4.4.0b5 Python/3.5.3 (Windows-10-10.0.19041-SP0)
    method: POST
    uri: https://vaultname.vault.azure.net/keys/livekvtestrsa-verify-3072986215c3/140d1be64f314851a72599a66a32f0cf/sign?api-version=2016-10-01
  response:
    body:
      string: '{"kid":"https://vaultname.vault.azure.net/keys/livekvtestrsa-verify-3072986215c3/140d1be64f314851a72599a66a32f0cf","value":"AL8qExGjuu9lOJbrPhGVgnhvsfXeVeYEEirI1k8yogMa7Jple01vPhCUTtGfNaF9tGL-9DNCEFWdyhbjCxcheHmCde6QTI7W3dpVNXu-Y9ZwZpLGhKKQGR5xLLhTxpKwZCHwP0tlXrzEab27B650m4aZFZZLZNfFvj2-xId6pTVk9t2Ybl8X8R8onMyN_5Gd9mevw8_HUdzK-AV_WqdH5HeRbD_ttL8fsj-2Wlxj7AY2eYIz1dOe2AuIR5NpnV0DY19vOVBzq1RJ7vV2ihgdWzI_JZBDX_92RkZspehA9r_yiZizsbYbHZMknn0DdcSK0uSLK_y-kOUJu_za8a8H-pJJfV21rT5wMDHRaUGvxcDWJt8tOZ1zZuAcAC6BXBt4E_2Fs1RNvWeEHQrWu6XNL3tNzLF5_TrmNjmaaX8WAP2TENTRgZFcdGxIzxnhSELWl_p2L3DAzSj2zP_AWzmhCdFv5mAuuE6DOUE_pXVgw3n_x61u32L9aeyLvaXAPsAo"}'
    headers:
      cache-control:
      - no-cache
      content-length:
      - '641'
      content-type:
      - application/json; charset=utf-8
      date:
      - Fri, 07 May 2021 22:50:12 GMT
      expires:
      - '-1'
      pragma:
      - no-cache
      strict-transport-security:
      - max-age=31536000;includeSubDomains
      x-content-type-options:
      - nosniff
      x-ms-keyvault-network-info:
      - conn_type=Ipv4;addr=172.92.159.124;act_addr_fam=InterNetwork;
      x-ms-keyvault-region:
      - centralus
      x-ms-keyvault-service-version:
      - 1.2.265.0
      x-powered-by:
      - ASP.NET
    status:
      code: 200
      message: OK
- request:
    body: '{"value": "OnZY76NXJ8_MBkjnc9b9RiaL5OYscmrTal040wQuLFlRrnLvJFecIvZl2KjXqwVB",
      "alg": "RS384"}'
    headers:
      Accept:
      - application/json
      Accept-Encoding:
      - gzip, deflate
      Connection:
      - keep-alive
      Content-Length:
      - '93'
      Content-Type:
      - application/json
      User-Agent:
      - azsdk-python-keyvault-keys/4.4.0b5 Python/3.5.3 (Windows-10-10.0.19041-SP0)
    method: POST
    uri: https://vaultname.vault.azure.net/keys/livekvtestrsa-verify-3072986215c3/140d1be64f314851a72599a66a32f0cf/sign?api-version=2016-10-01
  response:
    body:
      string: '{"kid":"https://vaultname.vault.azure.net/keys/livekvtestrsa-verify-3072986215c3/140d1be64f314851a72599a66a32f0cf","value":"Lr5v5L_ht7rHG_DhDcsW_94vm4p_RgJoSrL5Vwcjc7_ha0VL_2c7vW5yIk3wmrJ8p_tmqCdvDfE-M2kSNSge3tqYY63uRzjl95u0Oo3pSSIE-pP_E2d6qKiyH0QbPBwJPpgj5k5qh3mpjvavhkY_SPJIEMDM0zlD8GA09Ep4tyA1GdGN1jPH2WC03SFJOQ7iYIdR7Hp1wWjBauNo3GjnSWAuAQY5_Kq2tXgNup27Tw1Ygo97WeVogk4bEoJitb1Xtk7Du8LhixuCLekqyGuJZ2yTj8B__J5DhqcHqLBKOa3ZUaCU89gJEMaphuXxoXGkryKleHSz4Nx1xT-PYDHtqhWqRMi1S61hxGnW7GcGJ-XDg5HjeMClR-zthuxRaYOv0dJaYNiVoJBs3oCYILypF0cyiez4I8gl8o4eIcEVOpNELJ2FNEfQC_mBr_FfJK775DcM8Kxzc-XaAo5UJGPKmb9mn27K52OeV1Ms7miwRutw-PT0I658CDggEm2g680x"}'
    headers:
      cache-control:
      - no-cache
      content-length:
      - '641'
      content-type:
      - application/json; charset=utf-8
      date:
      - Fri, 07 May 2021 22:50:12 GMT
      expires:
      - '-1'
      pragma:
      - no-cache
      strict-transport-security:
      - max-age=31536000;includeSubDomains
      x-content-type-options:
      - nosniff
      x-ms-keyvault-network-info:
      - conn_type=Ipv4;addr=172.92.159.124;act_addr_fam=InterNetwork;
      x-ms-keyvault-region:
      - centralus
      x-ms-keyvault-service-version:
      - 1.2.265.0
      x-powered-by:
      - ASP.NET
    status:
      code: 200
      message: OK
- request:
    body: '{"value": "zZyL-eOHDnnq34aZaWgBMobx4x2Pm3mPRo4eqnRmLK6sE0jsXZFOFhMXaTcvILQxovTsMMh9JupeojYCnDvfrQ",
      "alg": "RS512"}'
    headers:
      Accept:
      - application/json
      Accept-Encoding:
      - gzip, deflate
      Connection:
      - keep-alive
      Content-Length:
      - '115'
      Content-Type:
      - application/json
      User-Agent:
      - azsdk-python-keyvault-keys/4.4.0b5 Python/3.5.3 (Windows-10-10.0.19041-SP0)
    method: POST
    uri: https://vaultname.vault.azure.net/keys/livekvtestrsa-verify-3072986215c3/140d1be64f314851a72599a66a32f0cf/sign?api-version=2016-10-01
  response:
    body:
      string: '{"kid":"https://vaultname.vault.azure.net/keys/livekvtestrsa-verify-3072986215c3/140d1be64f314851a72599a66a32f0cf","value":"IDROSTpIDwax7EPT_EG7E48Ym_ZZkMvNsuO_5d40uBo4F0Ce_oYvAOjvL0jia7P3UYYcIAtGroNoz0jEAvFBfkyHttRhD08cMRXjr9uYdC619QnA94uYDv6FbBYRXqBAmr9HtGRK_O7pLM1y3eTeZjZAHWOLmRn2n8TMosijqj4eyEo4W3Zv9ZicaM-T4SgB722dsyBGkQFinvREnwH5lcLGq_4KZ-PaphIyAp1k7usG5Vcbdey2gdx0CfvWzUrDzlUpMLyKoSzn7yY8y9thJpe_-pZF0Fq5KsOyyHn6lKoYfx_Hr3aI15fED2MIsLa4GnVa9Dkn6ftbf8kiUE7MUuKEUuneqU0fxfhk9uaPWik-2zM-Wr6ir5yDte7tZTb-3sakm08dAEl8B72JpsCYI6I-V07t0n10SStq3mKIlmCyUZXqhN_AaKndPvMuLU5q090gTqS6_UycM_uQ8r2XuWpGRuHaMBB9--PgLn-Ur0W73MwOP-lnjKhrlI_Kqbpg"}'
    headers:
      cache-control:
      - no-cache
      content-length:
      - '641'
      content-type:
      - application/json; charset=utf-8
      date:
      - Fri, 07 May 2021 22:50:13 GMT
      expires:
      - '-1'
      pragma:
      - no-cache
      strict-transport-security:
      - max-age=31536000;includeSubDomains
      x-content-type-options:
      - nosniff
      x-ms-keyvault-network-info:
      - conn_type=Ipv4;addr=172.92.159.124;act_addr_fam=InterNetwork;
      x-ms-keyvault-region:
      - centralus
      x-ms-keyvault-service-version:
      - 1.2.265.0
      x-powered-by:
      - ASP.NET
    status:
      code: 200
      message: OK
- request:
    body: '{"key_size": 4096, "kty": "RSA"}'
    headers:
      Accept:
      - application/json
      Accept-Encoding:
      - gzip, deflate
      Connection:
      - keep-alive
      Content-Length:
      - '32'
      Content-Type:
      - application/json
      User-Agent:
      - azsdk-python-keyvault-keys/4.4.0b5 Python/3.5.3 (Windows-10-10.0.19041-SP0)
    method: POST
    uri: https://vaultname.vault.azure.net/keys/livekvtestrsa-verify-4096986215c3/create?api-version=2016-10-01
  response:
    body:
      string: '{"key":{"kid":"https://vaultname.vault.azure.net/keys/livekvtestrsa-verify-4096986215c3/c93a2265f4494f41b305dee0c0850281","kty":"RSA","key_ops":["encrypt","decrypt","sign","verify","wrapKey","unwrapKey"],"n":"ulElYlhcK1mID61Q6M32CP6O7ynNj5FPkaQRLrtXlZW1fv0ZT6suHlJlrb_Q2ysFkxqim-Qh5igR0HXl5lZ4dibr22K3oApOuljG8FPMLLgu5JgT_ibJ6G8y7oOFub5I-qARxb4SWYa8CFYcch1Kv7EEyphDiLGAlo-OVjLS6vAsLBsApXSfGglqLI9VIZPVQvF_VQnQubDz24lYg8oHWqkOMixaj_dVqENjGrC80bog0DX4sqEKm-XS-hMgzFjJDAyw31GAORKKl1-d_2ox6UYpkB7f7ZaWB7HHzJ03SNuhTFvZM3QCmX5PTioDjZ4ERenVtfTk6zESne1mUtkIRUVLoQiDBFRCW_Bxh1wFbmsnfh514O0JdFO9dJBQv1R_b7V_JC5eNvqLVjEn3biMkGSrfRi8J6XkhdkaiebYi56LmDYaGoxPoLzCkpS-ql_VQwa42re8yxg1QkhFNxH4RcuIN50oafJQsGuXbOCZcTjskq4dI1nF1SH6Vq48R7Tk6v1Ap5MWrYzS8Ha1a2F5Bpyq8yHrLFVZ4DvLz3NU_GiCKte4FaCoCjD_AI3iVvIEyK6-bYo8TFcMBs9b97WfuvO5Z2OJcnCR3FpkCrho2DxvXIbzeORIyJen85O0SjginHLU822-Bn_HKXiQ2Oa22r1BwuS3DrNIi9nKxNAjwwE","e":"AQAB"},"attributes":{"enabled":true,"created":1620427815,"updated":1620427815,"recoveryLevel":"Recoverable+Purgeable"}}'
    headers:
      cache-control:
      - no-cache
      content-length:
      - '1021'
      content-type:
      - application/json; charset=utf-8
      date:
      - Fri, 07 May 2021 22:50:17 GMT
      expires:
      - '-1'
      pragma:
      - no-cache
      strict-transport-security:
      - max-age=31536000;includeSubDomains
      x-content-type-options:
      - nosniff
      x-ms-keyvault-network-info:
      - conn_type=Ipv4;addr=172.92.159.124;act_addr_fam=InterNetwork;
      x-ms-keyvault-region:
      - centralus
      x-ms-keyvault-service-version:
      - 1.2.265.0
      x-powered-by:
      - ASP.NET
    status:
      code: 200
      message: OK
- request:
    body: '{"value": "vgZc0NQUb6WMKX___V2JntcFRO_vszKwSAj7R2rL1zg", "alg": "PS256"}'
    headers:
      Accept:
      - application/json
      Accept-Encoding:
      - gzip, deflate
      Connection:
      - keep-alive
      Content-Length:
      - '72'
      Content-Type:
      - application/json
      User-Agent:
      - azsdk-python-keyvault-keys/4.4.0b5 Python/3.5.3 (Windows-10-10.0.19041-SP0)
    method: POST
    uri: https://vaultname.vault.azure.net/keys/livekvtestrsa-verify-4096986215c3/c93a2265f4494f41b305dee0c0850281/sign?api-version=2016-10-01
  response:
    body:
      string: '{"kid":"https://vaultname.vault.azure.net/keys/livekvtestrsa-verify-4096986215c3/c93a2265f4494f41b305dee0c0850281","value":"NoviZ5jV_cSi9T68l0b0FPc8Hr1swT22FUkVmbxq_3EkvJAKP4uX1g9Amk9P46NvviNheJfGNdL9D4Va8QnJ0BQxANKRfuk9QAnsUPaxX2q5jZ_OTw5ZU2aHAm2znKTQyfVilNdEHhZIvU4oPSSN0ST1VdnjqpnmKMvFXtk1OeBYNyJT1NI47-qO5rlLrnBT8hOwM-IQPdbkFx303q5z3Nw1GF6IO-tAYmn1mihcB-ymmTYFB2enqZaLLPYwmRiWMMH08BiK-ywA8WXl5_j6_Psc0G48OjfAcp3qk8IaF0mRiXebqbgcuEyDGII5a0EHytugNk8Wu_rQgxqlKghDW4g9CwzRrqbqkVtNSWKhXOHadDBAgWf9gGltV5mOTQpRmVvnEZFZbxFvGj9K3yPhAjr6-jdgZ6AchukxsgbGt6KqdQR4_ut-6_4fXKxOEQGh91Dor4VXt4ndfbNffobwOD4KuElyVPsu9VO-_7oujWSszCZ51eLscEKdwtgndQYtY62SoSXRrJBynSqPnovlu0h3KUtII52Zl3iGeoQ_SJEk_YyKbJD1qAo3NwqPrt1XlWR3D_wTbnFXhgz9hVcDEYxm1OTDe_qQ7s02qh8Pg2rFG-gyDt4MFER9E70FP7_iadLOJQlAIJ_68NLRcxeKVbi_hiJrMck4sU-l_BlsXNs"}'
    headers:
      cache-control:
      - no-cache
      content-length:
      - '812'
      content-type:
      - application/json; charset=utf-8
      date:
      - Fri, 07 May 2021 22:50:17 GMT
      expires:
      - '-1'
      pragma:
      - no-cache
      strict-transport-security:
      - max-age=31536000;includeSubDomains
      x-content-type-options:
      - nosniff
      x-ms-keyvault-network-info:
      - conn_type=Ipv4;addr=172.92.159.124;act_addr_fam=InterNetwork;
      x-ms-keyvault-region:
      - centralus
      x-ms-keyvault-service-version:
      - 1.2.265.0
      x-powered-by:
      - ASP.NET
    status:
      code: 200
      message: OK
- request:
    body: '{"value": "OnZY76NXJ8_MBkjnc9b9RiaL5OYscmrTal040wQuLFlRrnLvJFecIvZl2KjXqwVB",
      "alg": "PS384"}'
    headers:
      Accept:
      - application/json
      Accept-Encoding:
      - gzip, deflate
      Connection:
      - keep-alive
      Content-Length:
      - '93'
      Content-Type:
      - application/json
      User-Agent:
      - azsdk-python-keyvault-keys/4.4.0b5 Python/3.5.3 (Windows-10-10.0.19041-SP0)
    method: POST
    uri: https://vaultname.vault.azure.net/keys/livekvtestrsa-verify-4096986215c3/c93a2265f4494f41b305dee0c0850281/sign?api-version=2016-10-01
  response:
    body:
      string: '{"kid":"https://vaultname.vault.azure.net/keys/livekvtestrsa-verify-4096986215c3/c93a2265f4494f41b305dee0c0850281","value":"W53srK7Y6QQv-f06ZMsvQAjfkJ7dia8Vxv_dd7Ld8vYty84aQqELUDEWA1NUxXzZ7bjSWhpSALj6kQFyCUxHXxpINWfJL3SyHxDyMEwVamBldE-auXsMn69iViskgCaEugI71aCl-mnrkbT8gvAbJFE2smU3i7VoOcT7yVPC3fKEVtyptBybIWjRPwpzjC8E3RfTeN17s_DjkOs2k_kQKmVkj-ajyN2POpRoqEjqbzu1DhYPC76Bv1wBA0IFhrchfC-yczYG4f9m5D810CfsaYkEkUf-u2MR73uxPztGHXvRCxCOI_I54nhYONLZzglbpeFYl22nVM0HXQUfEZ0QufQjkK1iVBfIi90nFc7FOQn9QVnYD3AOLtUBrWPvJiiK5IqeoTkwh1FdhNVJEbeCXYXxZhEwQSVNDvsNwqv_-41mV54fDarKAlLHC6LRhuYXc9jeUwgWI-BkX3d64pFkctT_dOA6bGB4XvMe9QAjLZXP582RON05uXsu09d0LZ1RQQHgE3gfmsF0Zlwgf8jWVevio8p1QtFnzvSC_2RvNXWYWSvgRBG5acpTioTB5JliSRF6bVeCqUEsPA19GGGdZHHtnOGETMbEBOd4b2Xh0xG10Cri2cKdrYrgV6On_ocdqZL0YUvOQPKIvNekn_5kqMNj1DAsjLLtVmfEtEr5k44"}'
    headers:
      cache-control:
      - no-cache
      content-length:
      - '812'
      content-type:
      - application/json; charset=utf-8
      date:
      - Fri, 07 May 2021 22:50:17 GMT
      expires:
      - '-1'
      pragma:
      - no-cache
      strict-transport-security:
      - max-age=31536000;includeSubDomains
      x-content-type-options:
      - nosniff
      x-ms-keyvault-network-info:
      - conn_type=Ipv4;addr=172.92.159.124;act_addr_fam=InterNetwork;
      x-ms-keyvault-region:
      - centralus
      x-ms-keyvault-service-version:
      - 1.2.265.0
      x-powered-by:
      - ASP.NET
    status:
      code: 200
      message: OK
- request:
    body: '{"value": "zZyL-eOHDnnq34aZaWgBMobx4x2Pm3mPRo4eqnRmLK6sE0jsXZFOFhMXaTcvILQxovTsMMh9JupeojYCnDvfrQ",
      "alg": "PS512"}'
    headers:
      Accept:
      - application/json
      Accept-Encoding:
      - gzip, deflate
      Connection:
      - keep-alive
      Content-Length:
      - '115'
      Content-Type:
      - application/json
      User-Agent:
      - azsdk-python-keyvault-keys/4.4.0b5 Python/3.5.3 (Windows-10-10.0.19041-SP0)
    method: POST
    uri: https://vaultname.vault.azure.net/keys/livekvtestrsa-verify-4096986215c3/c93a2265f4494f41b305dee0c0850281/sign?api-version=2016-10-01
  response:
    body:
      string: '{"kid":"https://vaultname.vault.azure.net/keys/livekvtestrsa-verify-4096986215c3/c93a2265f4494f41b305dee0c0850281","value":"EvPMJo8gslYHWZrgk8hwdhXhvpwPLVlzeOBlw94gou-boQqLTMTew_kycSKevcXoxjj-XG8VzWiKL7tG_0aAeGRzkb6HKAjAjBpOhLQq8o3ZeCdCoYAX9Qjrv1ViaffXANkVLOdLjGPX6IQu7nS2Dcqmz0A5PMTADzdPN9-y2XJ2nz_Eks6USZoNJxT7o-XUMF4DhRNYKlNqas5TKjEA5kYQQXUEfZ-fvSchWtNJJkfQnTx5qmiTY0BJO7MS0mq4dh623600f6gNv2L7K3e0JlIMNWybiktkdoyToRSoNoAKX36x-kGNSuBpDcqk0qBxXyhvI1nD-Fp3zqjsdtbvc-vpOKkJfYMi-A4Vv1VF-MtWmjhmcOJJsjTTC_d-HOAqnUfZWwzR1W9v0elroD4TX4XW01M3NNHOBhzHpHkSGEbbM0Og3uaFAgUuE-ZvlPnRUpxOEDcy_9-OpCHOY6rd8JPH7rDIG92f6lDDAftg2nI5xjLQ_E45MRCAl90c3JbxTV9Wo-CT9LKe2cxMHg7LYSdXq3dM9FBhIzF2UcFVZE-_uysTeyNojNhu8WLzCILXpJpvX0d5Kz4u_DQOX6brpZFm3jVpNZjMEtN0ldLBBb4aKTcwL6qzWmXd_3-tYHlWHhCjnG74VvrJwFHVBryGUjoLMOTda5FRw--kwKX6OWo"}'
    headers:
      cache-control:
      - no-cache
      content-length:
      - '812'
      content-type:
      - application/json; charset=utf-8
      date:
      - Fri, 07 May 2021 22:50:17 GMT
      expires:
      - '-1'
      pragma:
      - no-cache
      strict-transport-security:
      - max-age=31536000;includeSubDomains
      x-content-type-options:
      - nosniff
      x-ms-keyvault-network-info:
      - conn_type=Ipv4;addr=172.92.159.124;act_addr_fam=InterNetwork;
      x-ms-keyvault-region:
      - centralus
      x-ms-keyvault-service-version:
      - 1.2.265.0
      x-powered-by:
      - ASP.NET
    status:
      code: 200
      message: OK
- request:
    body: '{"value": "vgZc0NQUb6WMKX___V2JntcFRO_vszKwSAj7R2rL1zg", "alg": "RS256"}'
    headers:
      Accept:
      - application/json
      Accept-Encoding:
      - gzip, deflate
      Connection:
      - keep-alive
      Content-Length:
      - '72'
      Content-Type:
      - application/json
      User-Agent:
      - azsdk-python-keyvault-keys/4.4.0b5 Python/3.5.3 (Windows-10-10.0.19041-SP0)
    method: POST
    uri: https://vaultname.vault.azure.net/keys/livekvtestrsa-verify-4096986215c3/c93a2265f4494f41b305dee0c0850281/sign?api-version=2016-10-01
  response:
    body:
      string: '{"kid":"https://vaultname.vault.azure.net/keys/livekvtestrsa-verify-4096986215c3/c93a2265f4494f41b305dee0c0850281","value":"GOCOX-ylOyZGe_adNa1oDZ018ILTpLxoi3EO16NIy6SQ93hDp3EOLm82Rv0D37MPbwS2aefjEpn3E2V3WdJAzoe29x3VVfPzw6OhiXT7odIsd1XgaxF9_tIJ7h8ULMH8bZfOEl9o8xja2sFK4tFZ_c20uZl7ACsC5zZLuEtBPmznsVPKGdqidXyH260Y4fxX3dqX_X9JNBYh8ogHrtWc4DvwItHrnuK5HuWceNKjECGyFRQXz0l_PLQa1XZ6jiX-er-ZB8KPS_xOg15LRQnLcmBLlZWPmScDBEiLEN9KUyiHwo_YxVBQq46Wi8rZRiI8lLR4Ck-Fcvo3bhqDp2F6YChVKIN7TJ3qInV5u6PqLlS2CD1gPUjnFE7jJ36qQ8ld-cW9XvfrFp4lU7y5YONFTWF7f_MSTIqIHWaxwx8Mcs1sjpqfGwJzkuoDItlL3_XHhZtfgRdbIhUECsyUINAX9zQ7sSIXKc0xSjS6o8NJhpHlob9mi8GlGH6a6S8SrimVoq6GRKcJXn-1WiHOt39oCuEX1dmFB9hxKYbjvplmg_DNF0F1kwmIUqQD4JWyOa3UWt8ldqiFz3oihJPreqnatx4JvICEio4wbztbiyp-zuLY0UdmyOasVPJ-z4ieIVEpxG8eLoCgUjG2hhrwIbDSIdD1B2nG4Lj8-Fk72kV3D8w"}'
    headers:
      cache-control:
      - no-cache
      content-length:
      - '812'
      content-type:
      - application/json; charset=utf-8
      date:
      - Fri, 07 May 2021 22:50:18 GMT
      expires:
      - '-1'
      pragma:
      - no-cache
      strict-transport-security:
      - max-age=31536000;includeSubDomains
      x-content-type-options:
      - nosniff
      x-ms-keyvault-network-info:
      - conn_type=Ipv4;addr=172.92.159.124;act_addr_fam=InterNetwork;
      x-ms-keyvault-region:
      - centralus
      x-ms-keyvault-service-version:
      - 1.2.265.0
      x-powered-by:
      - ASP.NET
    status:
      code: 200
      message: OK
- request:
    body: '{"value": "OnZY76NXJ8_MBkjnc9b9RiaL5OYscmrTal040wQuLFlRrnLvJFecIvZl2KjXqwVB",
      "alg": "RS384"}'
    headers:
      Accept:
      - application/json
      Accept-Encoding:
      - gzip, deflate
      Connection:
      - keep-alive
      Content-Length:
      - '93'
      Content-Type:
      - application/json
      User-Agent:
      - azsdk-python-keyvault-keys/4.4.0b5 Python/3.5.3 (Windows-10-10.0.19041-SP0)
    method: POST
    uri: https://vaultname.vault.azure.net/keys/livekvtestrsa-verify-4096986215c3/c93a2265f4494f41b305dee0c0850281/sign?api-version=2016-10-01
  response:
    body:
      string: '{"kid":"https://vaultname.vault.azure.net/keys/livekvtestrsa-verify-4096986215c3/c93a2265f4494f41b305dee0c0850281","value":"KJhZVrflhkRCWQ5v_6KrlywgCoHKh1OPOES91GQuJ5NaW7NLKh6FKoBCcH0jacxAfE7pufHVKXJhBaetquxzWo30Nj4_m7Se2-_99TGs13g_uDdbHFm6NY2LFOZHvzBYKIVccSBMDF2a7lqV_ruK68-IcKDyRtwJD4Nisqp9qW3r7T0xeSd_krMCNVoSvfML9j3g6DOCjOIiQzQF2-r4WGdjkYYUeHeTUDJvP9Ba3sZxzTqmtdakuCdkAH0XAuYigVjaPNvbGhv8KIrOTYBiMVe6Kboahny36bXWQq6QuGF_2KgYJrpKJSN2hSNRwizQb-mj-QRY_DdfluV3K5X4VzhTZRs1uXUdBXdtLTNaqXLq7fcbictSzyR9hrTmLb-p4p94Ch_XZQWfSAxdySLrHznAWQqicphLGJjbECMzQ0vmaPuNbfPeWi4csU7aNhS_v6pvZHa_VnTrWSM0erxgc5KlKkPEIq9bej-qbZ6TLT1o8VeA9FzDlFCJvoDOIUaco4AAY0LSGnfIVUeZF6e6ECiyqtnofQ83seqpwe-I1JvopOFF6fLfyUS6zpezmn8E6a5eUOSvnLebg8cxFUZK3Id2x5ENq0Z0HMrQfKrIcjCqsPG1AEzn6OhG2bweMQ8_cQuszCg2LVYLkJMIlE6OYKDxRCGVjh5_z3s0oTewZ78"}'
    headers:
      cache-control:
      - no-cache
      content-length:
      - '812'
      content-type:
      - application/json; charset=utf-8
      date:
      - Fri, 07 May 2021 22:50:18 GMT
      expires:
      - '-1'
      pragma:
      - no-cache
      strict-transport-security:
      - max-age=31536000;includeSubDomains
      x-content-type-options:
      - nosniff
      x-ms-keyvault-network-info:
      - conn_type=Ipv4;addr=172.92.159.124;act_addr_fam=InterNetwork;
      x-ms-keyvault-region:
      - centralus
      x-ms-keyvault-service-version:
      - 1.2.265.0
      x-powered-by:
      - ASP.NET
    status:
      code: 200
      message: OK
- request:
    body: '{"value": "zZyL-eOHDnnq34aZaWgBMobx4x2Pm3mPRo4eqnRmLK6sE0jsXZFOFhMXaTcvILQxovTsMMh9JupeojYCnDvfrQ",
      "alg": "RS512"}'
    headers:
      Accept:
      - application/json
      Accept-Encoding:
      - gzip, deflate
      Connection:
      - keep-alive
      Content-Length:
      - '115'
      Content-Type:
      - application/json
      User-Agent:
      - azsdk-python-keyvault-keys/4.4.0b5 Python/3.5.3 (Windows-10-10.0.19041-SP0)
    method: POST
    uri: https://vaultname.vault.azure.net/keys/livekvtestrsa-verify-4096986215c3/c93a2265f4494f41b305dee0c0850281/sign?api-version=2016-10-01
  response:
    body:
      string: '{"kid":"https://vaultname.vault.azure.net/keys/livekvtestrsa-verify-4096986215c3/c93a2265f4494f41b305dee0c0850281","value":"lTbx5bSb_dWrJ20coS6m4PRYzhi8Kt31MWVihTohUN7lteem4C7Jni01iqGS6d4Jm3D4UPIsOcXgOUswty74tKyj9K-wH8-YZZofuasFXdmw-jmH-rzF4oUQuxx7qK21EDBcrPHH9lXLI4r2yKv5qhG5-evol4kB27qHaTfRDfuFIeH7_jBQ_kjMZge1XMy4qsDeQalINLOUieESTsVYvcjc8I2CjIUus6jRNBWPjIQbSxloZti3b_6574KyvyQxhWPB12adl-5LcDbi7VEwZH-IrdGW6nhfJlHt2wKyLNF5pKPhvpIgZdaKLkfyGk9FhkXdTbj5N23dfFeur_BY8F4VStUrJ-Ucs55NqiMHijGNK_TWU5Yf9sbdxmo7Xe629T1r3Rt7XvWyd6zF2xIOCt2rwZuaM883UUFSwINbJKjR3GGU2m4IIHNj0hwPOxHNUtZJ1NsxeUZDCLCoJcoBWDeP8gYuXNk4AM-cQ8D1ezrZ45a89sTlqSF2vnNEeUWUH1JiB-4zso8P5quQdun6gCQJDEXAPnxOE-5qwzvpOjwclf-qfdlNKfrC6w_OYCB8ro0-vBdsR5cxU6xAzmiGxtuMR9nZ62PtmwO4U-P3u8M1ldRoXXCHwHqG9D0gkkYFgK1MyUOICWlxs_EKnUQ_65VpMsfHQw2OWzfEv-xOlcM"}'
    headers:
      cache-control:
      - no-cache
      content-length:
      - '812'
      content-type:
      - application/json; charset=utf-8
      date:
      - Fri, 07 May 2021 22:50:18 GMT
      expires:
      - '-1'
      pragma:
      - no-cache
      strict-transport-security:
      - max-age=31536000;includeSubDomains
      x-content-type-options:
      - nosniff
      x-ms-keyvault-network-info:
      - conn_type=Ipv4;addr=172.92.159.124;act_addr_fam=InterNetwork;
      x-ms-keyvault-region:
      - centralus
      x-ms-keyvault-service-version:
      - 1.2.265.0
      x-powered-by:
      - ASP.NET
    status:
      code: 200
      message: OK
version: 1
