interactions:
- request:
    body: null
    headers:
      Accept:
      - application/json
      Accept-Encoding:
      - gzip, deflate
      Connection:
      - keep-alive
      Content-Length:
      - '0'
      Content-Type:
      - application/json
      User-Agent:
      - azsdk-python-keyvault-keys/4.4.0b5 Python/3.5.3 (Windows-10-10.0.19041-SP0)
    method: POST
    uri: https://vaultname.vault.azure.net/keys/livekvtestrsakeyf981339/create?api-version=2016-10-01
  response:
    body:
      string: '{"error":{"code":"Unauthorized","message":"Request is missing a Bearer
        or PoP token."}}'
    headers:
      cache-control:
      - no-cache
      content-length:
      - '87'
      content-type:
      - application/json; charset=utf-8
      date:
      - Mon, 19 Apr 2021 20:52:36 GMT
      expires:
      - '-1'
      pragma:
      - no-cache
      strict-transport-security:
      - max-age=31536000;includeSubDomains
      www-authenticate:
      - Bearer authorization="https://login.windows.net/72f988bf-86f1-41af-91ab-2d7cd011db47",
        resource="https://vault.azure.net"
      x-content-type-options:
      - nosniff
      x-ms-keyvault-network-info:
      - conn_type=Ipv4;addr=172.92.159.124;act_addr_fam=InterNetwork;
      x-ms-keyvault-region:
      - eastus2
      x-ms-keyvault-service-version:
      - 1.2.236.0
      x-powered-by:
      - ASP.NET
    status:
      code: 401
      message: Unauthorized
- request:
    body: '{"kty": "RSA"}'
    headers:
      Accept:
      - application/json
      Accept-Encoding:
      - gzip, deflate
      Connection:
      - keep-alive
      Content-Length:
      - '14'
      Content-Type:
      - application/json
      User-Agent:
      - azsdk-python-keyvault-keys/4.4.0b5 Python/3.5.3 (Windows-10-10.0.19041-SP0)
    method: POST
    uri: https://vaultname.vault.azure.net/keys/livekvtestrsakeyf981339/create?api-version=2016-10-01
  response:
    body:
      string: '{"key":{"kid":"https://vaultname.vault.azure.net/keys/livekvtestrsakeyf981339/32645eb1de2e4da18d5492b9c1e33cc9","kty":"RSA","key_ops":["encrypt","decrypt","sign","verify","wrapKey","unwrapKey"],"n":"xzCTcOmaM7tGb_zWiIIcEnuB_BCf2ZzeNvsitmg4T980quD6VvM-oZxnA5FlwGy2Ud62nGgiTn2Ig1V8ROu1_DarDYj5bmhlo9E7x1p4jnjJNHtvD-n1wUqPBmKyXgKsrUko6VJfU7E4zNVgc9PMHthigbfoL1ko0ATEY1qYTBMcA7ACOmo5xlrx4hoQlc1hwmxHj7_pECOwB1LZrH77V_7GK3bOwwpzeNwyQbga67_1rHeqGLI1IqjUakazhBWQJSmFY2FZToYPadk8XglTzB133Z0LKLQ0fDbjPhLHekfgLjbn8D45IB_7bx7VCd9evnldOS2b8pq3H7yo2u7saQ","e":"AQAB"},"attributes":{"enabled":true,"created":1618865556,"updated":1618865556,"recoveryLevel":"Recoverable+Purgeable"}}'
    headers:
      cache-control:
      - no-cache
      content-length:
      - '670'
      content-type:
      - application/json; charset=utf-8
      date:
      - Mon, 19 Apr 2021 20:52:36 GMT
      expires:
      - '-1'
      pragma:
      - no-cache
      strict-transport-security:
      - max-age=31536000;includeSubDomains
      x-content-type-options:
      - nosniff
      x-ms-keyvault-network-info:
      - conn_type=Ipv4;addr=172.92.159.124;act_addr_fam=InterNetwork;
      x-ms-keyvault-region:
      - eastus2
      x-ms-keyvault-service-version:
      - 1.2.236.0
      x-powered-by:
      - ASP.NET
    status:
      code: 200
      message: OK
- request:
    body: null
    headers:
      Accept:
      - application/json
      Accept-Encoding:
      - gzip, deflate
      Connection:
      - keep-alive
      User-Agent:
      - azsdk-python-keyvault-keys/4.4.0b5 Python/3.5.3 (Windows-10-10.0.19041-SP0)
    method: GET
    uri: https://vaultname.vault.azure.net/keys/livekvtestrsakeyf981339/32645eb1de2e4da18d5492b9c1e33cc9?api-version=7.2-preview
  response:
    body:
      string: '{"key":{"kid":"https://vaultname.vault.azure.net/keys/livekvtestrsakeyf981339/32645eb1de2e4da18d5492b9c1e33cc9","kty":"RSA","key_ops":["encrypt","decrypt","sign","verify","wrapKey","unwrapKey"],"n":"xzCTcOmaM7tGb_zWiIIcEnuB_BCf2ZzeNvsitmg4T980quD6VvM-oZxnA5FlwGy2Ud62nGgiTn2Ig1V8ROu1_DarDYj5bmhlo9E7x1p4jnjJNHtvD-n1wUqPBmKyXgKsrUko6VJfU7E4zNVgc9PMHthigbfoL1ko0ATEY1qYTBMcA7ACOmo5xlrx4hoQlc1hwmxHj7_pECOwB1LZrH77V_7GK3bOwwpzeNwyQbga67_1rHeqGLI1IqjUakazhBWQJSmFY2FZToYPadk8XglTzB133Z0LKLQ0fDbjPhLHekfgLjbn8D45IB_7bx7VCd9evnldOS2b8pq3H7yo2u7saQ","e":"AQAB"},"attributes":{"enabled":true,"created":1618865556,"updated":1618865556,"recoveryLevel":"Recoverable+Purgeable","recoverableDays":90}}'
    headers:
      cache-control:
      - no-cache
      content-length:
      - '691'
      content-type:
      - application/json; charset=utf-8
      date:
      - Mon, 19 Apr 2021 20:52:37 GMT
      expires:
      - '-1'
      pragma:
      - no-cache
      strict-transport-security:
      - max-age=31536000;includeSubDomains
      x-content-type-options:
      - nosniff
      x-ms-keyvault-network-info:
      - conn_type=Ipv4;addr=172.92.159.124;act_addr_fam=InterNetwork;
      x-ms-keyvault-region:
      - eastus2
      x-ms-keyvault-service-version:
      - 1.2.236.0
      x-powered-by:
      - ASP.NET
    status:
      code: 200
      message: OK
version: 1
