interactions:
- request:
    body: null
    headers:
      Accept:
      - application/json
      Accept-Encoding:
      - gzip, deflate
      Connection:
      - keep-alive
      Content-Length:
      - '0'
      Content-Type:
      - application/json; charset=utf-8
      User-Agent:
      - azsdk-python-keyvault-keys/4.0.0b5 Python/3.6.6 (Windows-10-10.0.18362-SP0)
    method: POST
    uri: https://vault458ad70cc7f5fa0e28.vault.azure.net/keys/testKeyf5fa0e28/create?api-version=7.0
  response:
    body:
      string: '{"error":{"code":"Unauthorized","message":"Request is missing a Bearer
        or PoP token."}}'
    headers:
      cache-control:
      - no-cache
      content-length:
      - '87'
      content-type:
      - application/json; charset=utf-8
      date:
      - Wed, 16 Oct 2019 20:43:08 GMT
      expires:
      - '-1'
      pragma:
      - no-cache
      server:
      - Microsoft-IIS/10.0
      strict-transport-security:
      - max-age=31536000;includeSubDomains
      www-authenticate:
      - Bearer authorization="https://login.windows.net/72f988bf-86f1-41af-91ab-2d7cd011db47",
        resource="https://vault.azure.net"
      x-aspnet-version:
      - 4.0.30319
      x-content-type-options:
      - nosniff
      x-ms-keyvault-network-info:
      - addr=131.107.160.72;act_addr_fam=InterNetwork;
      x-ms-keyvault-region:
      - westus
      x-ms-keyvault-service-version:
      - 1.1.0.879
      x-powered-by:
      - ASP.NET
    status:
      code: 401
      message: Unauthorized
- request:
    body: '{"kty": "RSA"}'
    headers:
      Accept:
      - application/json
      Accept-Encoding:
      - gzip, deflate
      Connection:
      - keep-alive
      Content-Length:
      - '14'
      Content-Type:
      - application/json; charset=utf-8
      User-Agent:
      - azsdk-python-keyvault-keys/4.0.0b5 Python/3.6.6 (Windows-10-10.0.18362-SP0)
    method: POST
    uri: https://vault458ad70cc7f5fa0e28.vault.azure.net/keys/testKeyf5fa0e28/create?api-version=7.0
  response:
    body:
      string: '{"key":{"kid":"https://vault458ad70cc7f5fa0e28.vault.azure.net/keys/testKeyf5fa0e28/bf9f9c2e188e489eaeb23f1659682478","kty":"RSA","key_ops":["encrypt","decrypt","sign","verify","wrapKey","unwrapKey"],"n":"sy8SQQHY1JPElNUuUibnlK2stNU8sd1WZf-ZtnhpiPMcWxRnLbPHLrohpIXt724TmMBl8BIoaHsBOGN5Puo9ij18xM_90PSfWuYl2Y3fgyOUcVcw6IbRpR1ytXiIcdi740vBRctOL_5KX59mqm9zyeclH8oD3Omys8CBwsBOZGwah_zWNe0vwP2Z9XsfCul9QiZXsIulbHbKJRTJwMyBT3lglfdIEw7Ex6V8JpvKJbb74GZAgXQoFBJrNot5ZZlBlMTw45d0HsoO-FS2OAIzvm6pljKInKG1bSKPSRconFsOpu1BUIOphYiYCSeZI16GpoSuArmL0NV4pE7m2L4lTQ","e":"AQAB"},"attributes":{"enabled":true,"created":1571258589,"updated":1571258589,"recoveryLevel":"Purgeable"}}'
    headers:
      cache-control:
      - no-cache
      content-length:
      - '661'
      content-type:
      - application/json; charset=utf-8
      date:
      - Wed, 16 Oct 2019 20:43:08 GMT
      expires:
      - '-1'
      pragma:
      - no-cache
      server:
      - Microsoft-IIS/10.0
      strict-transport-security:
      - max-age=31536000;includeSubDomains
      x-aspnet-version:
      - 4.0.30319
      x-content-type-options:
      - nosniff
      x-ms-keyvault-network-info:
      - addr=131.107.160.72;act_addr_fam=InterNetwork;
      x-ms-keyvault-region:
      - westus
      x-ms-keyvault-service-version:
      - 1.1.0.879
      x-powered-by:
      - ASP.NET
    status:
      code: 200
      message: OK
- request:
    body: '{"kty": "RSA"}'
    headers:
      Accept:
      - application/json
      Accept-Encoding:
      - gzip, deflate
      Connection:
      - keep-alive
      Content-Length:
      - '14'
      Content-Type:
      - application/json; charset=utf-8
      User-Agent:
      - azsdk-python-keyvault-keys/4.0.0b5 Python/3.6.6 (Windows-10-10.0.18362-SP0)
    method: POST
    uri: https://vault458ad70cc7f5fa0e28.vault.azure.net/keys/testKeyf5fa0e28/create?api-version=7.0
  response:
    body:
      string: '{"key":{"kid":"https://vault458ad70cc7f5fa0e28.vault.azure.net/keys/testKeyf5fa0e28/5187560fa86a4781a21ed1b3d225ff11","kty":"RSA","key_ops":["encrypt","decrypt","sign","verify","wrapKey","unwrapKey"],"n":"u4x_V9E6wDE_N1rwrFADElaxWiAcLCes0tz7dSC4_p2PAlI34IkUIWZws4m5vQyI0HodQg_OIq7nrZy84yFHhLLSPA6yyxplK42EJBKL2_AZLBqfQvMRuATwsrPfDKKjp1_ZWJeX3-2Xc2XxFzoxWC8W-lAk5jw_4UrgmQy6i-XCYXAFDsWW_Rva7LxfLatHZkktq2wVwozeXrBXOO553ueMQCMtKnk_fO8WeEI16h2i5FrJMqfAknl-BMR_JgWWP7I0IMggL-QazNxLY8lEVoTvIWbVeUsGBAaj4s_hqTu1b2RugqYZ3KvcA0tNjZ5MQHKg9TDCRHFcex-Db7aZUQ","e":"AQAB"},"attributes":{"enabled":true,"created":1571258589,"updated":1571258589,"recoveryLevel":"Purgeable"}}'
    headers:
      cache-control:
      - no-cache
      content-length:
      - '661'
      content-type:
      - application/json; charset=utf-8
      date:
      - Wed, 16 Oct 2019 20:43:09 GMT
      expires:
      - '-1'
      pragma:
      - no-cache
      server:
      - Microsoft-IIS/10.0
      strict-transport-security:
      - max-age=31536000;includeSubDomains
      x-aspnet-version:
      - 4.0.30319
      x-content-type-options:
      - nosniff
      x-ms-keyvault-network-info:
      - addr=131.107.160.72;act_addr_fam=InterNetwork;
      x-ms-keyvault-region:
      - westus
      x-ms-keyvault-service-version:
      - 1.1.0.879
      x-powered-by:
      - ASP.NET
    status:
      code: 200
      message: OK
- request:
    body: '{"kty": "RSA"}'
    headers:
      Accept:
      - application/json
      Accept-Encoding:
      - gzip, deflate
      Connection:
      - keep-alive
      Content-Length:
      - '14'
      Content-Type:
      - application/json; charset=utf-8
      User-Agent:
      - azsdk-python-keyvault-keys/4.0.0b5 Python/3.6.6 (Windows-10-10.0.18362-SP0)
    method: POST
    uri: https://vault458ad70cc7f5fa0e28.vault.azure.net/keys/testKeyf5fa0e28/create?api-version=7.0
  response:
    body:
      string: '{"key":{"kid":"https://vault458ad70cc7f5fa0e28.vault.azure.net/keys/testKeyf5fa0e28/485e3f14903b42d5a09a28be2de1f4af","kty":"RSA","key_ops":["encrypt","decrypt","sign","verify","wrapKey","unwrapKey"],"n":"z9i5CMmavWKfj1Gt1aQdBywM0Wi2h8blfErAl0-rj01wNpqrYGWxOma8z9R6eyzOE9yJBWA3AgzZwPT4BfZa4RBYdXaTrgCluP1p0JK10AdxpQZiIVcv0XNo6TPfVsymG12D2OI49SFzEB0tkukwHzJONTyhzdYhoy8ZagePYejD7RHDV8wiTKWPNOWz9pQ_O3JmraliHGcS6bxvDLHhE0uzNfqk0Y28mQeP_mXYxt1GNyPrxLhrR_IRRrwRO01YeL19i3hScrFVN_-Y-La3gyGaTeQK97sxs4_ix3SjeNoN4reu0BVmyWY45dAaatv9TlRdDyDLTC0osM78_OBU7Q","e":"AQAB"},"attributes":{"enabled":true,"created":1571258589,"updated":1571258589,"recoveryLevel":"Purgeable"}}'
    headers:
      cache-control:
      - no-cache
      content-length:
      - '661'
      content-type:
      - application/json; charset=utf-8
      date:
      - Wed, 16 Oct 2019 20:43:09 GMT
      expires:
      - '-1'
      pragma:
      - no-cache
      server:
      - Microsoft-IIS/10.0
      strict-transport-security:
      - max-age=31536000;includeSubDomains
      x-aspnet-version:
      - 4.0.30319
      x-content-type-options:
      - nosniff
      x-ms-keyvault-network-info:
      - addr=131.107.160.72;act_addr_fam=InterNetwork;
      x-ms-keyvault-region:
      - westus
      x-ms-keyvault-service-version:
      - 1.1.0.879
      x-powered-by:
      - ASP.NET
    status:
      code: 200
      message: OK
- request:
    body: '{"kty": "RSA"}'
    headers:
      Accept:
      - application/json
      Accept-Encoding:
      - gzip, deflate
      Connection:
      - keep-alive
      Content-Length:
      - '14'
      Content-Type:
      - application/json; charset=utf-8
      User-Agent:
      - azsdk-python-keyvault-keys/4.0.0b5 Python/3.6.6 (Windows-10-10.0.18362-SP0)
    method: POST
    uri: https://vault458ad70cc7f5fa0e28.vault.azure.net/keys/testKeyf5fa0e28/create?api-version=7.0
  response:
    body:
      string: '{"key":{"kid":"https://vault458ad70cc7f5fa0e28.vault.azure.net/keys/testKeyf5fa0e28/ac3c01e35c15441d8b36c3f2d6bb7aec","kty":"RSA","key_ops":["encrypt","decrypt","sign","verify","wrapKey","unwrapKey"],"n":"-BcWd774ZR3A3ndHsYR1oDf2WvFbCATxkLfuHWChKCRdeMvZ4nzBDKAgEQaHZp_RA6cnz0jhrBucb3s4ra2bxtcofJKlfMk2xun_OlPhq7aOD1jbsA3DkWrJiCzUpS1JIFplzwfUc7_OUOzXvyQMSfrxPF3x7hotB35Vlne_XXleTNiB_Q-8XBx2Ciul75qMWAkyLVMWrGJoSxDyirvbFo-yctWxz32ueDu_HFrSimsiQnewWNKQR_k5EBVzR_3oaV7QV0h0b_Pi0rYoVzLUZ5FV8uBzZHyzrYwVyITlsft4_RnPgSe8wOytwNtS-6fY4Qq3MzNrLLQr5sX9RnJfhw","e":"AQAB"},"attributes":{"enabled":true,"created":1571258589,"updated":1571258589,"recoveryLevel":"Purgeable"}}'
    headers:
      cache-control:
      - no-cache
      content-length:
      - '661'
      content-type:
      - application/json; charset=utf-8
      date:
      - Wed, 16 Oct 2019 20:43:09 GMT
      expires:
      - '-1'
      pragma:
      - no-cache
      server:
      - Microsoft-IIS/10.0
      strict-transport-security:
      - max-age=31536000;includeSubDomains
      x-aspnet-version:
      - 4.0.30319
      x-content-type-options:
      - nosniff
      x-ms-keyvault-network-info:
      - addr=131.107.160.72;act_addr_fam=InterNetwork;
      x-ms-keyvault-region:
      - westus
      x-ms-keyvault-service-version:
      - 1.1.0.879
      x-powered-by:
      - ASP.NET
    status:
      code: 200
      message: OK
- request:
    body: '{"kty": "RSA"}'
    headers:
      Accept:
      - application/json
      Accept-Encoding:
      - gzip, deflate
      Connection:
      - keep-alive
      Content-Length:
      - '14'
      Content-Type:
      - application/json; charset=utf-8
      User-Agent:
      - azsdk-python-keyvault-keys/4.0.0b5 Python/3.6.6 (Windows-10-10.0.18362-SP0)
    method: POST
    uri: https://vault458ad70cc7f5fa0e28.vault.azure.net/keys/testKeyf5fa0e28/create?api-version=7.0
  response:
    body:
      string: '{"key":{"kid":"https://vault458ad70cc7f5fa0e28.vault.azure.net/keys/testKeyf5fa0e28/28ab6c63561843948cfe8cd33b586ebc","kty":"RSA","key_ops":["encrypt","decrypt","sign","verify","wrapKey","unwrapKey"],"n":"z180R0v_Vrj1dKNov4dfBbH2NbrH-VER6PPCrQUZ0CbCZiVapA7uNGrYU2yNg1Mi4_TpuxmMkpOG3lWtSZCCv67ywTivh4PdYI1cR1K-4Ns1n6BwnDNY3ZVpZkA7T4R23jAnp6hSURq76o69CAHSCz1KVMmmRoodvA0IFlYQodICdlf0Ed_FbEeE_GKBUUznwWbB7C4LtocjGiodtPEIotJ2qU9mikiJu5e8k99A6PIpj-ljtG-N4xXaG4qiBUI8MdfBB3W8TMC5RPnO_XvBdOFaiwOlFdbaVfznlioXfmn-K_IbpUvZ2jm35z41uPg0OnoSFKWwWNbm8CzMcnPblw","e":"AQAB"},"attributes":{"enabled":true,"created":1571258589,"updated":1571258589,"recoveryLevel":"Purgeable"}}'
    headers:
      cache-control:
      - no-cache
      content-length:
      - '661'
      content-type:
      - application/json; charset=utf-8
      date:
      - Wed, 16 Oct 2019 20:43:09 GMT
      expires:
      - '-1'
      pragma:
      - no-cache
      server:
      - Microsoft-IIS/10.0
      strict-transport-security:
      - max-age=31536000;includeSubDomains
      x-aspnet-version:
      - 4.0.30319
      x-content-type-options:
      - nosniff
      x-ms-keyvault-network-info:
      - addr=131.107.160.72;act_addr_fam=InterNetwork;
      x-ms-keyvault-region:
      - westus
      x-ms-keyvault-service-version:
      - 1.1.0.879
      x-powered-by:
      - ASP.NET
    status:
      code: 200
      message: OK
- request:
    body: '{"kty": "RSA"}'
    headers:
      Accept:
      - application/json
      Accept-Encoding:
      - gzip, deflate
      Connection:
      - keep-alive
      Content-Length:
      - '14'
      Content-Type:
      - application/json; charset=utf-8
      User-Agent:
      - azsdk-python-keyvault-keys/4.0.0b5 Python/3.6.6 (Windows-10-10.0.18362-SP0)
    method: POST
    uri: https://vault458ad70cc7f5fa0e28.vault.azure.net/keys/testKeyf5fa0e28/create?api-version=7.0
  response:
    body:
      string: '{"key":{"kid":"https://vault458ad70cc7f5fa0e28.vault.azure.net/keys/testKeyf5fa0e28/fba325ab1cb345e2852ea77b1cd7485f","kty":"RSA","key_ops":["encrypt","decrypt","sign","verify","wrapKey","unwrapKey"],"n":"yM62Lw1BNNI0SJ0GVnx5pY_DSV2oMwexnfjE0y-XmwxxcAytfRgE7HHSasqwmknzSqjsVZKdUM5i6KUXr32gFLEWziMo_bE2hGQr5NJVGsYWtwm-ZmHBRMDBprFL5OgWr-Wvq4qfR-x4iEGD0o6guydOnwlE7daeSW1G50s0YUMWy65Eiw0IJDVeJBm569-SH-1liOT5t1ctYXClYQfUQqp62ApXeosILZQqPHh9dphP5YNQd73MrDAnOjtFOBDfotxjlbt9kipO4mAvNpGqT13ZPApVF3W43oLn3SJPeshaWSltPC6BB_cqsqkaCSvMf4q2KHINI6R-Ejefhb2U5Q","e":"AQAB"},"attributes":{"enabled":true,"created":1571258589,"updated":1571258589,"recoveryLevel":"Purgeable"}}'
    headers:
      cache-control:
      - no-cache
      content-length:
      - '661'
      content-type:
      - application/json; charset=utf-8
      date:
      - Wed, 16 Oct 2019 20:43:09 GMT
      expires:
      - '-1'
      pragma:
      - no-cache
      server:
      - Microsoft-IIS/10.0
      strict-transport-security:
      - max-age=31536000;includeSubDomains
      x-aspnet-version:
      - 4.0.30319
      x-content-type-options:
      - nosniff
      x-ms-keyvault-network-info:
      - addr=131.107.160.72;act_addr_fam=InterNetwork;
      x-ms-keyvault-region:
      - westus
      x-ms-keyvault-service-version:
      - 1.1.0.879
      x-powered-by:
      - ASP.NET
    status:
      code: 200
      message: OK
- request:
    body: '{"kty": "RSA"}'
    headers:
      Accept:
      - application/json
      Accept-Encoding:
      - gzip, deflate
      Connection:
      - keep-alive
      Content-Length:
      - '14'
      Content-Type:
      - application/json; charset=utf-8
      User-Agent:
      - azsdk-python-keyvault-keys/4.0.0b5 Python/3.6.6 (Windows-10-10.0.18362-SP0)
    method: POST
    uri: https://vault458ad70cc7f5fa0e28.vault.azure.net/keys/testKeyf5fa0e28/create?api-version=7.0
  response:
    body:
      string: '{"key":{"kid":"https://vault458ad70cc7f5fa0e28.vault.azure.net/keys/testKeyf5fa0e28/41b23c1d2517402cbb3f7a8e41517dc7","kty":"RSA","key_ops":["encrypt","decrypt","sign","verify","wrapKey","unwrapKey"],"n":"uJ3FFyUciQanL_WDNA06kZBae7-GJ58DIQu2gQTz1PksMGjB9VXgVGnkafmkKsS9mN2aGwTcC91Js70zJvys0XygwCrttN59oPcQ050FYfgMRSbpvjCWKmbY46oR24yLIuOdPlT70n2a50yeQrFZLmK4EnAQ0vj5v4uxtKf98l4oQXakjLpMqUDfJ3M3fp7exS6r06vsf0zNDkWmujGup_382aaTAOqTke6hCZCVTHIjMtEN92yN4JWnyebQ2WG6gNJz72aX773r4lpVlRi4yde1eo8DScJeV4pbptA4n-r0miRIxNeS5qragzjSUfBSmkIXaYmqybCbPLMwWk7sKw","e":"AQAB"},"attributes":{"enabled":true,"created":1571258590,"updated":1571258590,"recoveryLevel":"Purgeable"}}'
    headers:
      cache-control:
      - no-cache
      content-length:
      - '661'
      content-type:
      - application/json; charset=utf-8
      date:
      - Wed, 16 Oct 2019 20:43:10 GMT
      expires:
      - '-1'
      pragma:
      - no-cache
      server:
      - Microsoft-IIS/10.0
      strict-transport-security:
      - max-age=31536000;includeSubDomains
      x-aspnet-version:
      - 4.0.30319
      x-content-type-options:
      - nosniff
      x-ms-keyvault-network-info:
      - addr=131.107.160.72;act_addr_fam=InterNetwork;
      x-ms-keyvault-region:
      - westus
      x-ms-keyvault-service-version:
      - 1.1.0.879
      x-powered-by:
      - ASP.NET
    status:
      code: 200
      message: OK
- request:
    body: null
    headers:
      Accept:
      - application/json
      Accept-Encoding:
      - gzip, deflate
      Connection:
      - keep-alive
      User-Agent:
      - azsdk-python-keyvault-keys/4.0.0b5 Python/3.6.6 (Windows-10-10.0.18362-SP0)
    method: GET
    uri: https://vault458ad70cc7f5fa0e28.vault.azure.net/keys/testKeyf5fa0e28/versions?maxresults=2&api-version=7.0
  response:
    body:
      string: '{"value":[{"kid":"https://vault458ad70cc7f5fa0e28.vault.azure.net/keys/testKeyf5fa0e28/28ab6c63561843948cfe8cd33b586ebc","attributes":{"enabled":true,"created":1571258589,"updated":1571258589,"recoveryLevel":"Purgeable"}},{"kid":"https://vault458ad70cc7f5fa0e28.vault.azure.net/keys/testKeyf5fa0e28/41b23c1d2517402cbb3f7a8e41517dc7","attributes":{"enabled":true,"created":1571258590,"updated":1571258590,"recoveryLevel":"Purgeable"}}],"nextLink":"https://vault458ad70cc7f5fa0e28.vault.azure.net:443/keys/testKeyf5fa0e28/versions?api-version=7.0&$skiptoken=eyJOZXh0TWFya2VyIjoiMiExMjghTURBd01EVXlJV3RsZVM5VVJWTlVTMFZaUmpWR1FUQkZNamd2TkRnMVJUTkdNVFE1TUROQ05ESkVOVUV3T1VFeU9FSkZNa1JGTVVZMFFVWWhNREF3TURJNElUazVPVGt0TVRJdE16RlVNak02TlRrNk5Ua3VPVGs1T1RrNU9Wb2giLCJUYXJnZXRMb2NhdGlvbiI6MH0&maxresults=2"}'
    headers:
      cache-control:
      - no-cache
      content-length:
      - '798'
      content-type:
      - application/json; charset=utf-8
      date:
      - Wed, 16 Oct 2019 20:43:10 GMT
      expires:
      - '-1'
      pragma:
      - no-cache
      server:
      - Microsoft-IIS/10.0
      strict-transport-security:
      - max-age=31536000;includeSubDomains
      x-aspnet-version:
      - 4.0.30319
      x-content-type-options:
      - nosniff
      x-ms-keyvault-network-info:
      - addr=131.107.160.72;act_addr_fam=InterNetwork;
      x-ms-keyvault-region:
      - westus
      x-ms-keyvault-service-version:
      - 1.1.0.879
      x-powered-by:
      - ASP.NET
    status:
      code: 200
      message: OK
- request:
    body: null
    headers:
      Accept:
      - application/json
      Accept-Encoding:
      - gzip, deflate
      Connection:
      - keep-alive
      User-Agent:
      - azsdk-python-keyvault-keys/4.0.0b5 Python/3.6.6 (Windows-10-10.0.18362-SP0)
    method: GET
    uri: https://vault458ad70cc7f5fa0e28.vault.azure.net/keys/testKeyf5fa0e28/versions?api-version=7.0&$skiptoken=eyJOZXh0TWFya2VyIjoiMiExMjghTURBd01EVXlJV3RsZVM5VVJWTlVTMFZaUmpWR1FUQkZNamd2TkRnMVJUTkdNVFE1TUROQ05ESkVOVUV3T1VFeU9FSkZNa1JGTVVZMFFVWWhNREF3TURJNElUazVPVGt0TVRJdE16RlVNak02TlRrNk5Ua3VPVGs1T1RrNU9Wb2giLCJUYXJnZXRMb2NhdGlvbiI6MH0&maxresults=2
  response:
    body:
      string: '{"value":[{"kid":"https://vault458ad70cc7f5fa0e28.vault.azure.net/keys/testKeyf5fa0e28/485e3f14903b42d5a09a28be2de1f4af","attributes":{"enabled":true,"created":1571258589,"updated":1571258589,"recoveryLevel":"Purgeable"}},{"kid":"https://vault458ad70cc7f5fa0e28.vault.azure.net/keys/testKeyf5fa0e28/5187560fa86a4781a21ed1b3d225ff11","attributes":{"enabled":true,"created":1571258589,"updated":1571258589,"recoveryLevel":"Purgeable"}}],"nextLink":"https://vault458ad70cc7f5fa0e28.vault.azure.net:443/keys/testKeyf5fa0e28/versions?api-version=7.0&$skiptoken=eyJOZXh0TWFya2VyIjoiMiExMjghTURBd01EVXlJV3RsZVM5VVJWTlVTMFZaUmpWR1FUQkZNamd2UVVNelF6QXhSVE0xUXpFMU5EUXhSRGhDTXpaRE0wWXlSRFpDUWpkQlJVTWhNREF3TURJNElUazVPVGt0TVRJdE16RlVNak02TlRrNk5Ua3VPVGs1T1RrNU9Wb2giLCJUYXJnZXRMb2NhdGlvbiI6MH0&maxresults=2"}'
    headers:
      cache-control:
      - no-cache
      content-length:
      - '798'
      content-type:
      - application/json; charset=utf-8
      date:
      - Wed, 16 Oct 2019 20:43:10 GMT
      expires:
      - '-1'
      pragma:
      - no-cache
      server:
      - Microsoft-IIS/10.0
      strict-transport-security:
      - max-age=31536000;includeSubDomains
      x-aspnet-version:
      - 4.0.30319
      x-content-type-options:
      - nosniff
      x-ms-keyvault-network-info:
      - addr=131.107.160.72;act_addr_fam=InterNetwork;
      x-ms-keyvault-region:
      - westus
      x-ms-keyvault-service-version:
      - 1.1.0.879
      x-powered-by:
      - ASP.NET
    status:
      code: 200
      message: OK
- request:
    body: null
    headers:
      Accept:
      - application/json
      Accept-Encoding:
      - gzip, deflate
      Connection:
      - keep-alive
      User-Agent:
      - azsdk-python-keyvault-keys/4.0.0b5 Python/3.6.6 (Windows-10-10.0.18362-SP0)
    method: GET
    uri: https://vault458ad70cc7f5fa0e28.vault.azure.net/keys/testKeyf5fa0e28/versions?api-version=7.0&$skiptoken=eyJOZXh0TWFya2VyIjoiMiExMjghTURBd01EVXlJV3RsZVM5VVJWTlVTMFZaUmpWR1FUQkZNamd2UVVNelF6QXhSVE0xUXpFMU5EUXhSRGhDTXpaRE0wWXlSRFpDUWpkQlJVTWhNREF3TURJNElUazVPVGt0TVRJdE16RlVNak02TlRrNk5Ua3VPVGs1T1RrNU9Wb2giLCJUYXJnZXRMb2NhdGlvbiI6MH0&maxresults=2
  response:
    body:
      string: '{"value":[{"kid":"https://vault458ad70cc7f5fa0e28.vault.azure.net/keys/testKeyf5fa0e28/ac3c01e35c15441d8b36c3f2d6bb7aec","attributes":{"enabled":true,"created":1571258589,"updated":1571258589,"recoveryLevel":"Purgeable"}},{"kid":"https://vault458ad70cc7f5fa0e28.vault.azure.net/keys/testKeyf5fa0e28/bf9f9c2e188e489eaeb23f1659682478","attributes":{"enabled":true,"created":1571258589,"updated":1571258589,"recoveryLevel":"Purgeable"}}],"nextLink":"https://vault458ad70cc7f5fa0e28.vault.azure.net:443/keys/testKeyf5fa0e28/versions?api-version=7.0&$skiptoken=eyJOZXh0TWFya2VyIjoiMiExMjghTURBd01EVXlJV3RsZVM5VVJWTlVTMFZaUmpWR1FUQkZNamd2UmtKQk16STFRVUl4UTBJek5EVkZNamcxTWtWQk56ZENNVU5FTnpRNE5VWWhNREF3TURJNElUazVPVGt0TVRJdE16RlVNak02TlRrNk5Ua3VPVGs1T1RrNU9Wb2giLCJUYXJnZXRMb2NhdGlvbiI6MH0&maxresults=2"}'
    headers:
      cache-control:
      - no-cache
      content-length:
      - '798'
      content-type:
      - application/json; charset=utf-8
      date:
      - Wed, 16 Oct 2019 20:43:10 GMT
      expires:
      - '-1'
      pragma:
      - no-cache
      server:
      - Microsoft-IIS/10.0
      strict-transport-security:
      - max-age=31536000;includeSubDomains
      x-aspnet-version:
      - 4.0.30319
      x-content-type-options:
      - nosniff
      x-ms-keyvault-network-info:
      - addr=131.107.160.72;act_addr_fam=InterNetwork;
      x-ms-keyvault-region:
      - westus
      x-ms-keyvault-service-version:
      - 1.1.0.879
      x-powered-by:
      - ASP.NET
    status:
      code: 200
      message: OK
- request:
    body: null
    headers:
      Accept:
      - application/json
      Accept-Encoding:
      - gzip, deflate
      Connection:
      - keep-alive
      User-Agent:
      - azsdk-python-keyvault-keys/4.0.0b5 Python/3.6.6 (Windows-10-10.0.18362-SP0)
    method: GET
    uri: https://vault458ad70cc7f5fa0e28.vault.azure.net/keys/testKeyf5fa0e28/versions?api-version=7.0&$skiptoken=eyJOZXh0TWFya2VyIjoiMiExMjghTURBd01EVXlJV3RsZVM5VVJWTlVTMFZaUmpWR1FUQkZNamd2UmtKQk16STFRVUl4UTBJek5EVkZNamcxTWtWQk56ZENNVU5FTnpRNE5VWWhNREF3TURJNElUazVPVGt0TVRJdE16RlVNak02TlRrNk5Ua3VPVGs1T1RrNU9Wb2giLCJUYXJnZXRMb2NhdGlvbiI6MH0&maxresults=2
  response:
    body:
      string: '{"value":[{"kid":"https://vault458ad70cc7f5fa0e28.vault.azure.net/keys/testKeyf5fa0e28/fba325ab1cb345e2852ea77b1cd7485f","attributes":{"enabled":true,"created":1571258589,"updated":1571258589,"recoveryLevel":"Purgeable"}}],"nextLink":null}'
    headers:
      cache-control:
      - no-cache
      content-length:
      - '239'
      content-type:
      - application/json; charset=utf-8
      date:
      - Wed, 16 Oct 2019 20:43:10 GMT
      expires:
      - '-1'
      pragma:
      - no-cache
      server:
      - Microsoft-IIS/10.0
      strict-transport-security:
      - max-age=31536000;includeSubDomains
      x-aspnet-version:
      - 4.0.30319
      x-content-type-options:
      - nosniff
      x-ms-keyvault-network-info:
      - addr=131.107.160.72;act_addr_fam=InterNetwork;
      x-ms-keyvault-region:
      - westus
      x-ms-keyvault-service-version:
      - 1.1.0.879
      x-powered-by:
      - ASP.NET
    status:
      code: 200
      message: OK
version: 1
