interactions:
- request:
    body: null
    headers:
      Accept:
      - application/json
      Accept-Encoding:
      - gzip, deflate
      Connection:
      - keep-alive
      Content-Length:
      - '0'
      Content-Type:
      - application/json
      User-Agent:
      - azsdk-python-keyvault-keys/4.4.0b4 Python/3.5.3 (Windows-10-10.0.19041-SP0)
    method: POST
    uri: https://managedhsmname.managedhsm.azure.net/keys/livekvtestwrap-local44e51024/create?api-version=7.2-preview
  response:
    body:
      string: ''
    headers:
      cache-control:
      - no-cache
      content-length:
      - '0'
      content-security-policy:
      - default-src 'self'
      content-type:
      - application/json; charset=utf-8
      strict-transport-security:
      - max-age=31536000; includeSubDomains
      www-authenticate:
      - Bearer authorization="https://login.microsoftonline.com/72f988bf-86f1-41af-91ab-2d7cd011db47",
        resource="https://managedhsm.azure.net"
      x-content-type-options:
      - nosniff
      x-frame-options:
      - SAMEORIGIN
      x-ms-server-latency:
      - '1'
    status:
      code: 401
      message: Unauthorized
- request:
    body: '{"key_size": 4096, "kty": "RSA-HSM"}'
    headers:
      Accept:
      - application/json
      Accept-Encoding:
      - gzip, deflate
      Connection:
      - keep-alive
      Content-Length:
      - '36'
      Content-Type:
      - application/json
      User-Agent:
      - azsdk-python-keyvault-keys/4.4.0b4 Python/3.5.3 (Windows-10-10.0.19041-SP0)
    method: POST
    uri: https://managedhsmname.managedhsm.azure.net/keys/livekvtestwrap-local44e51024/create?api-version=7.2-preview
  response:
    body:
      string: '{"attributes":{"created":1616195150,"enabled":true,"exportable":false,"recoverableDays":90,"recoveryLevel":"Recoverable+Purgeable","updated":1616195150},"key":{"e":"AQAB","key_ops":["wrapKey","decrypt","encrypt","unwrapKey","sign","verify"],"kid":"https://managedhsmname.managedhsm.azure.net/keys/livekvtestwrap-local44e51024/71e55be77ae6432b1dc1bf1be1b003ce","kty":"RSA-HSM","n":"hXPf2_eWGqgFzwi6QPbppPXqCu-SW0nU9f6OtAJLJxpZjB-r4azRSswvCNqRXAwnLshTUneuIxaUx-U4xHBROuzLXbsWYDuuJNPbKIw5r9QogXmPCla0EXA-5nnw9IsMVV_qrsjKA_DqC7mnwoUcnekEK3NPGsCi0-LPB5PP23AnZQrRqIwL3wRGngJZjCuJHXa145_vHizTy7aytDH-ei8B0RKD3QZ9bR0EnRG0x0jygIxRKUnVttY6WAaje366Xasd3aOvczldTpqPfQo_IssQQFAjAZjfpxUaaWsV2x3ugEZYnBMUF54m3tGuos99DDGlxvktjuw-uH4GripcBPI6PsBbv3Wk-rtrl7A2XzP8WpMWOmfV2vvzk1UZ7f29rlKkg_clFelabu6IDQ9wrEMJFto7bTZOaDNr-EQwE7VGG5EaGCQt-NcFi2R54MBVOnev4nqroQvro39RuKDOUyuNAKkv1bSQLmK3zogivksJAqcIEPAI9jSx6G97UFARQjq4QKrN0ZBc_J3Osv67Abq5ty_QGxG6Eme_8Ps-UQxixrwNsuFp671djH5mzClhv9S19OqHsThFW0hqMsNY3kkB1ODtTnyG6plcAD4ZAeJ8D45xEUVVx_EG4hLFXcfFa4DpdZVjOfhj4qw1RpZduIDNsFA3N6g2RV0_prSOebE"}}'
    headers:
      cache-control:
      - no-cache
      content-length:
      - '1068'
      content-security-policy:
      - default-src 'self'
      content-type:
      - application/json; charset=utf-8
      strict-transport-security:
      - max-age=31536000; includeSubDomains
      x-content-type-options:
      - nosniff
      x-frame-options:
      - SAMEORIGIN
      x-ms-keyvault-network-info:
      - addr=172.92.159.124
      x-ms-keyvault-region:
      - eastus2
      x-ms-server-latency:
      - '272'
    status:
      code: 200
      message: OK
- request:
    body: '{"value": "YfVLOMS2I540icf1QQ0E9gQIefPnyTy3genUsh9QyyaGzbFCwOPSES65Tu7q3k18dO7VrKbMH5M64HfmrOo3dTQ7_Fistvfmx366JE7A-RXsStIetNwC4RcMJMzZono_T0KMMr-5A9x7Sipt3wvFl31EHlPoKlefQNut6gO4uSJ_ZChOI41nf8bKq5cJyg-K8wgaUcCkfCE42ogWSzMHxqPSM2fySnjQx9jmrwWvlak3AB1XjtSFxUVY4lXkhUljJD2texLsg4aq1VMybL0ZlWd5c8_Xio7pfbv7iC9oHn5YCOgrclBhJLMdB-U7pHBFdZoEWflnI5DbyjI0qUbgJoAEMgH8T6T5MVgMTeH7uaKPJOCxe4co7fx4HVvxuZZlVtGEARMsQG8vnVkq7sh3rNFSsbkYUrokQc77yA9BNSchN0p0rnVepO_DYTPhwCkOLzmZB1gWAvMJN7nuJz2BmGJbzStnP_Ad3yyficzhD6Dy_ngLugXtCC8Tn74ziFDCEm6ekUJfHSs-4AANiYx8ShgwAU6VL8ip-2Kli1e_l24hHzfCJzd2BDxodvI4-ls3NqHZh2796Eyey-NQXVrqNqSk5T8YpawMMMD9JE2E2pK4PHE7Kxo3SXOKUxuKXS6jBJ9EH68zjgJX0D3f0eQTZpSVPYpjH6xDGwHVFbHTiUs",
      "alg": "RSA-OAEP"}'
    headers:
      Accept:
      - application/json
      Accept-Encoding:
      - gzip, deflate
      Connection:
      - keep-alive
      Content-Length:
      - '715'
      Content-Type:
      - application/json
      User-Agent:
      - azsdk-python-keyvault-keys/4.4.0b4 Python/3.5.3 (Windows-10-10.0.19041-SP0)
    method: POST
    uri: https://managedhsmname.managedhsm.azure.net/keys/livekvtestwrap-local44e51024/71e55be77ae6432b1dc1bf1be1b003ce/unwrapkey?api-version=7.2-preview
  response:
    body:
      string: '{"alg":"RSA-OAEP","kid":"https://managedhsmname.managedhsm.azure.net/keys/livekvtestwrap-local44e51024/71e55be77ae6432b1dc1bf1be1b003ce","value":"NTA2M2U2YWFhODQ1ZjE1MDIwMDU0Nzk0NGZkMTk5Njc5Yzk4ZWQ2Zjk5ZGEwYTBiMmRhZmVhZjFmNDY4NDQ5NmZkNTMyYzFjMjI5OTY4Y2I5ZGVlNDQ5NTdmY2VmN2NjZWY1OWNlZGEwYjM2MmU1NmJjZDc4ZmQzZmFlZTU3ODFjNjIzYzBiYjIyYjM1YmVhYmRlMDY2NGZkMzBlMGU4MjRhYmEzZGQxYjBhZmZmYzRhM2Q5NTVlZGUyMGNmNmE4NTRkNTJjZmQ"}'
    headers:
      cache-control:
      - no-cache
      content-length:
      - '416'
      content-security-policy:
      - default-src 'self'
      content-type:
      - application/json; charset=utf-8
      strict-transport-security:
      - max-age=31536000; includeSubDomains
      x-content-type-options:
      - nosniff
      x-frame-options:
      - SAMEORIGIN
      x-ms-keyvault-network-info:
      - addr=172.92.159.124
      x-ms-keyvault-region:
      - eastus2
      x-ms-server-latency:
      - '96'
    status:
      code: 200
      message: OK
- request:
    body: '{"value": "TZYEkeexI1lxKpEJgGYg3sMc5TZITvBBFZGsew-iVzW1YcDI1NXWbtEU8_SrPsFChG7hDTqjwr4-bNvh6rCchmFXHsf5F1p-ReeTbLYMDofQWaIXJxdSiZZigyA6Y-s6NEykGGmGlrsc95nWy1UgJoGriTRF9O-ITXtJ-7sgW4d-0pQcrGEWzfp6WLtrbq-6dTnRnoMVoIfDeUrNrDx9x1YhXNrLYBfPOBwB5ozgTJZtOj5ViSPWUlX7Sv6gPznJ6_6Wf6CFP6mKlhRLNUTBPfYxpN_5kZYC8kb2blfmlynz41nB0Lo0BhG_iP5wpzUaqTwwW7TmdCd4i9gz6V59lSZ1doYQIORfujA2T_p2QQQROlRImPv6XPnCwiSj0l9vsheschMyL3ASaLW_OUNU20d6VKlfMJngtl0-pi5B3um-H-BM9oGa9fwyv2toCQViRN9uuTv10ZjzzSc7mSF6GrIg2a0XaGlX8gpq_a5wyPDNc0l041PiGumE_w1t9oNp9wjjVgmr0d3-MfYCg49OzEtVq214Y_YLpmfaR9zWRhSX5ZSzlfiJrdv074s9Rv8h_hiIvzf5s7ZEN7-k-HoVP_BWn4xSjv7DdohtjxF4cRehEUkRUE9EWJGEjumPcTnZb3cYbQRnYD86b4b4fF5UrhexP5QEYzBJwTUSaCjL4_s",
      "alg": "RSA-OAEP-256"}'
    headers:
      Accept:
      - application/json
      Accept-Encoding:
      - gzip, deflate
      Connection:
      - keep-alive
      Content-Length:
      - '719'
      Content-Type:
      - application/json
      User-Agent:
      - azsdk-python-keyvault-keys/4.4.0b4 Python/3.5.3 (Windows-10-10.0.19041-SP0)
    method: POST
    uri: https://managedhsmname.managedhsm.azure.net/keys/livekvtestwrap-local44e51024/71e55be77ae6432b1dc1bf1be1b003ce/unwrapkey?api-version=7.2-preview
  response:
    body:
      string: '{"alg":"RSA-OAEP-256","kid":"https://managedhsmname.managedhsm.azure.net/keys/livekvtestwrap-local44e51024/71e55be77ae6432b1dc1bf1be1b003ce","value":"NTA2M2U2YWFhODQ1ZjE1MDIwMDU0Nzk0NGZkMTk5Njc5Yzk4ZWQ2Zjk5ZGEwYTBiMmRhZmVhZjFmNDY4NDQ5NmZkNTMyYzFjMjI5OTY4Y2I5ZGVlNDQ5NTdmY2VmN2NjZWY1OWNlZGEwYjM2MmU1NmJjZDc4ZmQzZmFlZTU3ODFjNjIzYzBiYjIyYjM1YmVhYmRlMDY2NGZkMzBlMGU4MjRhYmEzZGQxYjBhZmZmYzRhM2Q5NTVlZGUyMGNmNmE4NTRkNTJjZmQ"}'
    headers:
      cache-control:
      - no-cache
      content-length:
      - '420'
      content-security-policy:
      - default-src 'self'
      content-type:
      - application/json; charset=utf-8
      strict-transport-security:
      - max-age=31536000; includeSubDomains
      x-content-type-options:
      - nosniff
      x-frame-options:
      - SAMEORIGIN
      x-ms-keyvault-network-info:
      - addr=172.92.159.124
      x-ms-keyvault-region:
      - eastus2
      x-ms-server-latency:
      - '13'
    status:
      code: 200
      message: OK
- request:
    body: '{"value": "IBkED22p5yVjiF0qwMThmvKIfkkSX4Awh55iHQm0PFXIgxeI4lk8tSkG66ChaSc563VX2DYYwLUmPoH__c_sZyXfi3GYQnbKWJNcWpRHlubqSIKNj3g2ypIK1xChUXqsJrPiktlFCD3JXcySQ8aAfefE6TQwjTDby-AMtlkUY1M2g_71wTQp-P0XwDE7NkeNNivUAbjt-FY80tOgVu3xN4NNDVD6ux_KaHrykD08z-ovmbmpSrJkWdV7ktHldIbVLA_-WSIg0NoGBRS0ViKsn1jw3XekKGzSekyJM_bUe7CsaX7LdEPGooALTQCsvxy2X3AuyUITrGz2lbS_zcwRFYMdcHKIXPr0FLXvpfmhS1eNNtDrQa2tSUk2Dy-c-Ri1BhzzYDACjVgBeNzuUQLh8jtdoJhIXFmnvL04e4IrO-6fS-PWZKq6SMhF8RbcOo4enEZqH7Ct6I7IYmbEoQpnfhOsuwbHqJQ2PZUm_fK_EMiv7QuopP4KKWAujyzRneakvWEj5dyYCPMZ9_-2iwRtyDWVuo_yAoPvrr8CgA5Xle_TYvOVMkNzM_2d2pn-6fqj3oM-aaWYACltBrDjp5U9gNe7seQVSmhXs6jgvJvcLe7lXJuIPf0lJAhHaRM7ZeV4olaPK5k4SzvGdUmWpyGE9M1LOVsooTz8MGjnipiLiqs",
      "alg": "RSA1_5"}'
    headers:
      Accept:
      - application/json
      Accept-Encoding:
      - gzip, deflate
      Connection:
      - keep-alive
      Content-Length:
      - '713'
      Content-Type:
      - application/json
      User-Agent:
      - azsdk-python-keyvault-keys/4.4.0b4 Python/3.5.3 (Windows-10-10.0.19041-SP0)
    method: POST
    uri: https://managedhsmname.managedhsm.azure.net/keys/livekvtestwrap-local44e51024/71e55be77ae6432b1dc1bf1be1b003ce/unwrapkey?api-version=7.2-preview
  response:
    body:
      string: '{"alg":"RSA1_5","kid":"https://managedhsmname.managedhsm.azure.net/keys/livekvtestwrap-local44e51024/71e55be77ae6432b1dc1bf1be1b003ce","value":"NTA2M2U2YWFhODQ1ZjE1MDIwMDU0Nzk0NGZkMTk5Njc5Yzk4ZWQ2Zjk5ZGEwYTBiMmRhZmVhZjFmNDY4NDQ5NmZkNTMyYzFjMjI5OTY4Y2I5ZGVlNDQ5NTdmY2VmN2NjZWY1OWNlZGEwYjM2MmU1NmJjZDc4ZmQzZmFlZTU3ODFjNjIzYzBiYjIyYjM1YmVhYmRlMDY2NGZkMzBlMGU4MjRhYmEzZGQxYjBhZmZmYzRhM2Q5NTVlZGUyMGNmNmE4NTRkNTJjZmQ"}'
    headers:
      cache-control:
      - no-cache
      content-length:
      - '414'
      content-security-policy:
      - default-src 'self'
      content-type:
      - application/json; charset=utf-8
      strict-transport-security:
      - max-age=31536000; includeSubDomains
      x-content-type-options:
      - nosniff
      x-frame-options:
      - SAMEORIGIN
      x-ms-keyvault-network-info:
      - addr=172.92.159.124
      x-ms-keyvault-region:
      - eastus2
      x-ms-server-latency:
      - '13'
    status:
      code: 200
      message: OK
version: 1
