interactions:
- request:
    body: null
    headers:
      Accept:
      - application/json
      Accept-Encoding:
      - gzip, deflate
      Connection:
      - keep-alive
      Content-Length:
      - '0'
      Content-Type:
      - application/json
      User-Agent:
      - azsdk-python-keyvault-keys/4.5.0b5 Python/3.7.4 (Windows-10-10.0.19041-SP0)
    method: POST
    uri: https://vaultname.vault.azure.net/keys/livekvtestcrud-ec-key9f9143d/create?api-version=7.0
  response:
    body:
      string: '{"error":{"code":"Unauthorized","message":"AKV10000: Request is missing
        a Bearer or PoP token."}}'
    headers:
      cache-control:
      - no-cache
      content-length:
      - '97'
      content-type:
      - application/json; charset=utf-8
      date:
      - Mon, 06 Dec 2021 09:22:46 GMT
      expires:
      - '-1'
      pragma:
      - no-cache
      strict-transport-security:
      - max-age=31536000;includeSubDomains
      www-authenticate:
      - Bearer authorization="https://login.windows.net/72f988bf-86f1-41af-91ab-2d7cd011db47",
        resource="https://vault.azure.net"
      x-content-type-options:
      - nosniff
      x-ms-keyvault-network-info:
      - conn_type=Ipv4;addr=167.220.255.60;act_addr_fam=InterNetwork;
      x-ms-keyvault-region:
      - eastus
      x-ms-keyvault-service-version:
      - 1.9.195.1
      x-powered-by:
      - ASP.NET
    status:
      code: 401
      message: Unauthorized
- request:
    body: '{"kty": "EC", "attributes": {"enabled": true}, "tags": {"purpose": "unit
      test", "test name": "CreateECKeyTest"}}'
    headers:
      Accept:
      - application/json
      Accept-Encoding:
      - gzip, deflate
      Connection:
      - keep-alive
      Content-Length:
      - '112'
      Content-Type:
      - application/json
      User-Agent:
      - azsdk-python-keyvault-keys/4.5.0b5 Python/3.7.4 (Windows-10-10.0.19041-SP0)
    method: POST
    uri: https://vaultname.vault.azure.net/keys/livekvtestcrud-ec-key9f9143d/create?api-version=7.0
  response:
    body:
      string: '{"key":{"kid":"https://vaultname.vault.azure.net/keys/livekvtestcrud-ec-key9f9143d/47334a22a7af4da59d584b80dd7891ea","kty":"EC","key_ops":["sign","verify"],"crv":"P-256","x":"Zj_FRG7yl9C1hgFB2ECh3lXUjgxkORjXa4FWMKRchIE","y":"d5gm5zrnBJorV3D_vZjPGG4iEc6t18QRJR9mXQ-uHv4"},"attributes":{"enabled":true,"created":1638782568,"updated":1638782568,"recoveryLevel":"Recoverable+Purgeable"},"tags":{"purpose":"unit
        test","test name":"CreateECKeyTest"}}'
    headers:
      cache-control:
      - no-cache
      content-length:
      - '448'
      content-type:
      - application/json; charset=utf-8
      date:
      - Mon, 06 Dec 2021 09:22:48 GMT
      expires:
      - '-1'
      pragma:
      - no-cache
      strict-transport-security:
      - max-age=31536000;includeSubDomains
      x-content-type-options:
      - nosniff
      x-ms-keyvault-network-info:
      - conn_type=Ipv4;addr=167.220.255.60;act_addr_fam=InterNetwork;
      x-ms-keyvault-region:
      - eastus
      x-ms-keyvault-service-version:
      - 1.9.195.1
      x-powered-by:
      - ASP.NET
    status:
      code: 200
      message: OK
- request:
    body: '{"kty": "EC", "crv": "P-256"}'
    headers:
      Accept:
      - application/json
      Accept-Encoding:
      - gzip, deflate
      Connection:
      - keep-alive
      Content-Length:
      - '29'
      Content-Type:
      - application/json
      User-Agent:
      - azsdk-python-keyvault-keys/4.5.0b5 Python/3.7.4 (Windows-10-10.0.19041-SP0)
    method: POST
    uri: https://vaultname.vault.azure.net/keys/livekvtestcrud-P-256-ec-key9f9143d/create?api-version=7.0
  response:
    body:
      string: '{"key":{"kid":"https://vaultname.vault.azure.net/keys/livekvtestcrud-P-256-ec-key9f9143d/226752b71c6748b2b5553a7474098b57","kty":"EC","key_ops":["sign","verify"],"crv":"P-256","x":"ZyWnx9_4Bvpw2jS7Mhpl0ljDA8Qz2uramWkvRtn4Qwo","y":"CQDylwioycu9906m4nW08jhnEr6tm2jBT1RX6P-DlhY"},"attributes":{"enabled":true,"created":1638782571,"updated":1638782571,"recoveryLevel":"Recoverable+Purgeable"}}'
    headers:
      cache-control:
      - no-cache
      content-length:
      - '393'
      content-type:
      - application/json; charset=utf-8
      date:
      - Mon, 06 Dec 2021 09:22:50 GMT
      expires:
      - '-1'
      pragma:
      - no-cache
      strict-transport-security:
      - max-age=31536000;includeSubDomains
      x-content-type-options:
      - nosniff
      x-ms-keyvault-network-info:
      - conn_type=Ipv4;addr=167.220.255.60;act_addr_fam=InterNetwork;
      x-ms-keyvault-region:
      - eastus
      x-ms-keyvault-service-version:
      - 1.9.195.1
      x-powered-by:
      - ASP.NET
    status:
      code: 200
      message: OK
- request:
    body: '{"key": {"kty": "RSA", "key_ops": ["encrypt", "decrypt", "sign", "verify",
      "wrapKey", "unwrapKey"], "n": "AKCRTQAjSsaDshtMFdW-2Ie9yVnC5Xr1Suc06PAHINd10nXkVSB-N4TO62ClCkZV3XKnqU0nHo7o95WaZpym53W_DiO62umRtFKdl4UotL2QUh0y3SZWeWuoK2u_x2aMj17rUFN0f9GZMZ0pqEQNCPRBLVJ_-TEe2nGCWSC0exxGsRqz6R1zFkB-icfzQPe4WjQELOUXQ7J9RxhAPTTHtDivYYG-BeTRHrmF04JT1_6b9T_C8bAC0i0teT-nmlBLarQtBJKATXBx1yegbPOoiTqlQrFQP4MrKWNxtnB9Tcbjcvj-Z9je0ckI_eRc4DvAhqcUh_p15Dqg4GeaoNIO_jU",
      "e": "AQAB", "d": "Ynx9JGaBSP4iUsf6ZJ6opantRNdcdmzaQrKbZg6ZQE8Ohi1FYabJWvaoPSE-CiJEsDzShXZHMhUHN4X7Bn8BXaGQhK3p9HXgiwQKmix7oAJTu4ElUIyd8UC3UWHSZr40el4PaQD-HYu_eMzCXus34MnRiNbh_BUWm6T-Eidhk9d3kNIyaSi9YNDQHW6tjWrEhhq63O7JU1j9ZonFChZxpKk20jdkQKQURVAdpOdL-5j4I70ZxFuU6wHZj8DS8oRQfwGOvZKbgYDb5jgf3UNL_7eACqq92XPVX56vm7iKbqeyjCqAIx5y3hrSRIJtZlWCwjYnYQGd4unxDLi8wmJWSQ",
      "dp": "AMmhWb5yZcu6vJr8xJZ-t0_likxJRUMZAtEULaWZt2DgODj4y9JrZDJP6mvckzhQP0WXk2NuWbU2HR5pUeCN2wieG1B76VKoH76vfnaJDqT1NuJVBcP2SLHog3ffwZtMME5zjfygchG3kihqOSpwTQ9ETAqAJTkRC38fEhwAz_Cp",
      "dq": "AKC9TAo9n2RDaggjdLXK8kiLrBVoaWFTpqXkzYXRhtsx4vWPAkxhfSnze05rVMl6HiXv7FnE0f0wYawzUJzoyuXBH0zS6D9BqCZPeF543AmWB27iPf38Q9Z8Rjr6oBgMSnGDV_mm8nDVQkeaDyE4cOZh-5UKvKShTKKQVwunmDNH",
      "qi": "AJ_nrkLpK8BPzVeARkvSHQyKwMWZ-a8CD95qsKfn0dOZAvXY-2xhQYTEwbED-0bpTNEKbIpA-ZkaHygmnzJkNbbFAnb9pkkzU8ZQqDP3JNgMfVIroWx58Oth9nJza2j7i-MkPRCUPEq3Ao0J52z7WJIiLji8TTVYW_NaiM1oxzsH",
      "p": "ANHerI1o3dLB_VLVmZZVss8VZSYN5SaeQ_0qhfOSgOFwj__waCFmy2EG7l6l6f_Z-Y0L7Mn_LNov68lyWSFa2EuQUeVj4UoFHc5Di8ZUGiSsTwFM-XMtNuv8HmGgDYLL5BIJD3eTz71LdgW-Ez38OZH34b7VeG8zfeUDb8Hi30zz",
      "q": "AMPcZrZBqbc82DO8Q5zTT8ZXRGWrW36KktMllaIk1W2RHnRiQiW0jBWmcCgqUcQNHa1LwumjyNqwx28QBS37BTvG7ULGUoio6LrOeoiBGEMj-U19sX6m37plEhj5Mak7j3OPPY_T9rohjTW5aGGg9YSwq4jdz0RrmBX00ofYOjI3"}}'
    headers:
      Accept:
      - application/json
      Accept-Encoding:
      - gzip, deflate
      Connection:
      - keep-alive
      Content-Length:
      - '1724'
      Content-Type:
      - application/json
      User-Agent:
      - azsdk-python-keyvault-keys/4.5.0b5 Python/3.7.4 (Windows-10-10.0.19041-SP0)
    method: PUT
    uri: https://vaultname.vault.azure.net/keys/livekvtestimport-test-key9f9143d?api-version=7.0
  response:
    body:
      string: '{"key":{"kid":"https://vaultname.vault.azure.net/keys/livekvtestimport-test-key9f9143d/986024a5e55649b3b41e2fe0ede643a3","kty":"RSA","key_ops":["encrypt","decrypt","sign","verify","wrapKey","unwrapKey"],"n":"oJFNACNKxoOyG0wV1b7Yh73JWcLlevVK5zTo8Acg13XSdeRVIH43hM7rYKUKRlXdcqepTScejuj3lZpmnKbndb8OI7ra6ZG0Up2XhSi0vZBSHTLdJlZ5a6gra7_HZoyPXutQU3R_0ZkxnSmoRA0I9EEtUn_5MR7acYJZILR7HEaxGrPpHXMWQH6Jx_NA97haNAQs5RdDsn1HGEA9NMe0OK9hgb4F5NEeuYXTglPX_pv1P8LxsALSLS15P6eaUEtqtC0EkoBNcHHXJ6Bs86iJOqVCsVA_gyspY3G2cH1NxuNy-P5n2N7RyQj95FzgO8CGpxSH-nXkOqDgZ5qg0g7-NQ","e":"AQAB"},"attributes":{"enabled":true,"created":1638782571,"updated":1638782571,"recoveryLevel":"Recoverable+Purgeable"}}'
    headers:
      cache-control:
      - no-cache
      content-length:
      - '680'
      content-type:
      - application/json; charset=utf-8
      date:
      - Mon, 06 Dec 2021 09:22:51 GMT
      expires:
      - '-1'
      pragma:
      - no-cache
      strict-transport-security:
      - max-age=31536000;includeSubDomains
      x-content-type-options:
      - nosniff
      x-ms-keyvault-network-info:
      - conn_type=Ipv4;addr=167.220.255.60;act_addr_fam=InterNetwork;
      x-ms-keyvault-region:
      - eastus
      x-ms-keyvault-service-version:
      - 1.9.195.1
      x-powered-by:
      - ASP.NET
    status:
      code: 200
      message: OK
- request:
    body: '{"kty": "RSA", "key_size": 2048, "key_ops": ["encrypt", "decrypt", "sign",
      "verify", "wrapKey", "unwrapKey"], "tags": {"purpose": "unit test", "test name
      ": "CreateRSAKeyTest"}}'
    headers:
      Accept:
      - application/json
      Accept-Encoding:
      - gzip, deflate
      Connection:
      - keep-alive
      Content-Length:
      - '177'
      Content-Type:
      - application/json
      User-Agent:
      - azsdk-python-keyvault-keys/4.5.0b5 Python/3.7.4 (Windows-10-10.0.19041-SP0)
    method: POST
    uri: https://vaultname.vault.azure.net/keys/livekvtestcrud-rsa-key9f9143d/create?api-version=7.0
  response:
    body:
      string: '{"key":{"kid":"https://vaultname.vault.azure.net/keys/livekvtestcrud-rsa-key9f9143d/b078ce0aed16449991be259a04f370bf","kty":"RSA","key_ops":["encrypt","decrypt","sign","verify","wrapKey","unwrapKey"],"n":"mH7T9eFSHmv5m31G1ej-Os4vkUoWTSK-M6wmhTFEMu5tb5b1t7lbVddex-bev3FwZ1gdgDg2Eqrqt5jdjHMkQUdkEuyiqeoRB1zFmrRJ7DOib2w2PufNIQaIrEDqcM3rF9lZKYEMx9NxUiAxZ9LeK0osrk1WreZ3M4iJKXVo6FjIQGUgID1UL5lpIvQhMvB2BowSN_5CFOkVO0QHRdh6Vj9zg6BRBTC83UW3LXGPlf2-pN-ZRzf2ptGIAjelNOqIJtQcmJHXEUOLLipMHc_otkQV8-iz8SUc49tgNg8tI1V58ILzRU2haVJEdQOjyE9D0YmYlXCw09R6YfQoR4uYbQ","e":"AQAB"},"attributes":{"enabled":true,"created":1638782574,"updated":1638782574,"recoveryLevel":"Recoverable+Purgeable"},"tags":{"purpose":"unit
        test","test name ":"CreateRSAKeyTest"}}'
    headers:
      cache-control:
      - no-cache
      content-length:
      - '740'
      content-type:
      - application/json; charset=utf-8
      date:
      - Mon, 06 Dec 2021 09:22:53 GMT
      expires:
      - '-1'
      pragma:
      - no-cache
      strict-transport-security:
      - max-age=31536000;includeSubDomains
      x-content-type-options:
      - nosniff
      x-ms-keyvault-network-info:
      - conn_type=Ipv4;addr=167.220.255.60;act_addr_fam=InterNetwork;
      x-ms-keyvault-region:
      - eastus
      x-ms-keyvault-service-version:
      - 1.9.195.1
      x-powered-by:
      - ASP.NET
    status:
      code: 200
      message: OK
- request:
    body: null
    headers:
      Accept:
      - application/json
      Accept-Encoding:
      - gzip, deflate
      Connection:
      - keep-alive
      User-Agent:
      - azsdk-python-keyvault-keys/4.5.0b5 Python/3.7.4 (Windows-10-10.0.19041-SP0)
    method: GET
    uri: https://vaultname.vault.azure.net/keys/livekvtestcrud-rsa-key9f9143d/b078ce0aed16449991be259a04f370bf?api-version=7.0
  response:
    body:
      string: '{"key":{"kid":"https://vaultname.vault.azure.net/keys/livekvtestcrud-rsa-key9f9143d/b078ce0aed16449991be259a04f370bf","kty":"RSA","key_ops":["encrypt","decrypt","sign","verify","wrapKey","unwrapKey"],"n":"mH7T9eFSHmv5m31G1ej-Os4vkUoWTSK-M6wmhTFEMu5tb5b1t7lbVddex-bev3FwZ1gdgDg2Eqrqt5jdjHMkQUdkEuyiqeoRB1zFmrRJ7DOib2w2PufNIQaIrEDqcM3rF9lZKYEMx9NxUiAxZ9LeK0osrk1WreZ3M4iJKXVo6FjIQGUgID1UL5lpIvQhMvB2BowSN_5CFOkVO0QHRdh6Vj9zg6BRBTC83UW3LXGPlf2-pN-ZRzf2ptGIAjelNOqIJtQcmJHXEUOLLipMHc_otkQV8-iz8SUc49tgNg8tI1V58ILzRU2haVJEdQOjyE9D0YmYlXCw09R6YfQoR4uYbQ","e":"AQAB"},"attributes":{"enabled":true,"created":1638782574,"updated":1638782574,"recoveryLevel":"Recoverable+Purgeable"},"tags":{"purpose":"unit
        test","test name ":"CreateRSAKeyTest"}}'
    headers:
      cache-control:
      - no-cache
      content-length:
      - '740'
      content-type:
      - application/json; charset=utf-8
      date:
      - Mon, 06 Dec 2021 09:22:54 GMT
      expires:
      - '-1'
      pragma:
      - no-cache
      strict-transport-security:
      - max-age=31536000;includeSubDomains
      x-content-type-options:
      - nosniff
      x-ms-keyvault-network-info:
      - conn_type=Ipv4;addr=167.220.255.60;act_addr_fam=InterNetwork;
      x-ms-keyvault-region:
      - eastus
      x-ms-keyvault-service-version:
      - 1.9.195.1
      x-powered-by:
      - ASP.NET
    status:
      code: 200
      message: OK
- request:
    body: null
    headers:
      Accept:
      - application/json
      Accept-Encoding:
      - gzip, deflate
      Connection:
      - keep-alive
      User-Agent:
      - azsdk-python-keyvault-keys/4.5.0b5 Python/3.7.4 (Windows-10-10.0.19041-SP0)
    method: GET
    uri: https://vaultname.vault.azure.net/keys/livekvtestcrud-rsa-key9f9143d/?api-version=7.0
  response:
    body:
      string: '{"key":{"kid":"https://vaultname.vault.azure.net/keys/livekvtestcrud-rsa-key9f9143d/b078ce0aed16449991be259a04f370bf","kty":"RSA","key_ops":["encrypt","decrypt","sign","verify","wrapKey","unwrapKey"],"n":"mH7T9eFSHmv5m31G1ej-Os4vkUoWTSK-M6wmhTFEMu5tb5b1t7lbVddex-bev3FwZ1gdgDg2Eqrqt5jdjHMkQUdkEuyiqeoRB1zFmrRJ7DOib2w2PufNIQaIrEDqcM3rF9lZKYEMx9NxUiAxZ9LeK0osrk1WreZ3M4iJKXVo6FjIQGUgID1UL5lpIvQhMvB2BowSN_5CFOkVO0QHRdh6Vj9zg6BRBTC83UW3LXGPlf2-pN-ZRzf2ptGIAjelNOqIJtQcmJHXEUOLLipMHc_otkQV8-iz8SUc49tgNg8tI1V58ILzRU2haVJEdQOjyE9D0YmYlXCw09R6YfQoR4uYbQ","e":"AQAB"},"attributes":{"enabled":true,"created":1638782574,"updated":1638782574,"recoveryLevel":"Recoverable+Purgeable"},"tags":{"purpose":"unit
        test","test name ":"CreateRSAKeyTest"}}'
    headers:
      cache-control:
      - no-cache
      content-length:
      - '740'
      content-type:
      - application/json; charset=utf-8
      date:
      - Mon, 06 Dec 2021 09:22:54 GMT
      expires:
      - '-1'
      pragma:
      - no-cache
      strict-transport-security:
      - max-age=31536000;includeSubDomains
      x-content-type-options:
      - nosniff
      x-ms-keyvault-network-info:
      - conn_type=Ipv4;addr=167.220.255.60;act_addr_fam=InterNetwork;
      x-ms-keyvault-region:
      - eastus
      x-ms-keyvault-service-version:
      - 1.9.195.1
      x-powered-by:
      - ASP.NET
    status:
      code: 200
      message: OK
- request:
    body: '{"key_ops": ["decrypt", "encrypt"], "attributes": {"exp": 2524723200},
      "tags": {"foo": "updated tag"}}'
    headers:
      Accept:
      - application/json
      Accept-Encoding:
      - gzip, deflate
      Connection:
      - keep-alive
      Content-Length:
      - '102'
      Content-Type:
      - application/json
      User-Agent:
      - azsdk-python-keyvault-keys/4.5.0b5 Python/3.7.4 (Windows-10-10.0.19041-SP0)
    method: PATCH
    uri: https://vaultname.vault.azure.net/keys/livekvtestcrud-rsa-key9f9143d/?api-version=7.0
  response:
    body:
      string: '{"key":{"kid":"https://vaultname.vault.azure.net/keys/livekvtestcrud-rsa-key9f9143d/b078ce0aed16449991be259a04f370bf","kty":"RSA","key_ops":["decrypt","encrypt"],"n":"mH7T9eFSHmv5m31G1ej-Os4vkUoWTSK-M6wmhTFEMu5tb5b1t7lbVddex-bev3FwZ1gdgDg2Eqrqt5jdjHMkQUdkEuyiqeoRB1zFmrRJ7DOib2w2PufNIQaIrEDqcM3rF9lZKYEMx9NxUiAxZ9LeK0osrk1WreZ3M4iJKXVo6FjIQGUgID1UL5lpIvQhMvB2BowSN_5CFOkVO0QHRdh6Vj9zg6BRBTC83UW3LXGPlf2-pN-ZRzf2ptGIAjelNOqIJtQcmJHXEUOLLipMHc_otkQV8-iz8SUc49tgNg8tI1V58ILzRU2haVJEdQOjyE9D0YmYlXCw09R6YfQoR4uYbQ","e":"AQAB"},"attributes":{"enabled":true,"exp":2524723200,"created":1638782574,"updated":1638782578,"recoveryLevel":"Recoverable+Purgeable"},"tags":{"foo":"updated
        tag"}}'
    headers:
      cache-control:
      - no-cache
      content-length:
      - '685'
      content-type:
      - application/json; charset=utf-8
      date:
      - Mon, 06 Dec 2021 09:22:57 GMT
      expires:
      - '-1'
      pragma:
      - no-cache
      strict-transport-security:
      - max-age=31536000;includeSubDomains
      x-content-type-options:
      - nosniff
      x-ms-keyvault-network-info:
      - conn_type=Ipv4;addr=167.220.255.60;act_addr_fam=InterNetwork;
      x-ms-keyvault-region:
      - eastus
      x-ms-keyvault-service-version:
      - 1.9.195.1
      x-powered-by:
      - ASP.NET
    status:
      code: 200
      message: OK
- request:
    body: null
    headers:
      Accept:
      - application/json
      Accept-Encoding:
      - gzip, deflate
      Connection:
      - keep-alive
      Content-Length:
      - '0'
      User-Agent:
      - azsdk-python-keyvault-keys/4.5.0b5 Python/3.7.4 (Windows-10-10.0.19041-SP0)
    method: DELETE
    uri: https://vaultname.vault.azure.net/keys/livekvtestcrud-rsa-key9f9143d?api-version=7.0
  response:
    body:
      string: '{"recoveryId":"https://vaultname.vault.azure.net/deletedkeys/livekvtestcrud-rsa-key9f9143d","deletedDate":1638782578,"scheduledPurgeDate":1646558578,"key":{"kid":"https://vaultname.vault.azure.net/keys/livekvtestcrud-rsa-key9f9143d/b078ce0aed16449991be259a04f370bf","kty":"RSA","key_ops":["decrypt","encrypt"],"n":"mH7T9eFSHmv5m31G1ej-Os4vkUoWTSK-M6wmhTFEMu5tb5b1t7lbVddex-bev3FwZ1gdgDg2Eqrqt5jdjHMkQUdkEuyiqeoRB1zFmrRJ7DOib2w2PufNIQaIrEDqcM3rF9lZKYEMx9NxUiAxZ9LeK0osrk1WreZ3M4iJKXVo6FjIQGUgID1UL5lpIvQhMvB2BowSN_5CFOkVO0QHRdh6Vj9zg6BRBTC83UW3LXGPlf2-pN-ZRzf2ptGIAjelNOqIJtQcmJHXEUOLLipMHc_otkQV8-iz8SUc49tgNg8tI1V58ILzRU2haVJEdQOjyE9D0YmYlXCw09R6YfQoR4uYbQ","e":"AQAB"},"attributes":{"enabled":true,"exp":2524723200,"created":1638782574,"updated":1638782578,"recoveryLevel":"Recoverable+Purgeable"},"tags":{"foo":"updated
        tag"}}'
    headers:
      cache-control:
      - no-cache
      content-length:
      - '837'
      content-type:
      - application/json; charset=utf-8
      date:
      - Mon, 06 Dec 2021 09:22:58 GMT
      expires:
      - '-1'
      pragma:
      - no-cache
      strict-transport-security:
      - max-age=31536000;includeSubDomains
      x-content-type-options:
      - nosniff
      x-ms-keyvault-network-info:
      - conn_type=Ipv4;addr=167.220.255.60;act_addr_fam=InterNetwork;
      x-ms-keyvault-region:
      - eastus
      x-ms-keyvault-service-version:
      - 1.9.195.1
      x-powered-by:
      - ASP.NET
    status:
      code: 200
      message: OK
- request:
    body: null
    headers:
      Accept:
      - application/json
      Accept-Encoding:
      - gzip, deflate
      Connection:
      - keep-alive
      User-Agent:
      - azsdk-python-keyvault-keys/4.5.0b5 Python/3.7.4 (Windows-10-10.0.19041-SP0)
    method: GET
    uri: https://vaultname.vault.azure.net/deletedkeys/livekvtestcrud-rsa-key9f9143d?api-version=7.0
  response:
    body:
      string: '{"error":{"code":"KeyNotFound","message":"Deleted Key not found: livekvtestcrud-rsa-key9f9143d"}}'
    headers:
      cache-control:
      - no-cache
      content-length:
      - '97'
      content-type:
      - application/json; charset=utf-8
      date:
      - Mon, 06 Dec 2021 09:22:58 GMT
      expires:
      - '-1'
      pragma:
      - no-cache
      strict-transport-security:
      - max-age=31536000;includeSubDomains
      x-content-type-options:
      - nosniff
      x-ms-keyvault-network-info:
      - conn_type=Ipv4;addr=167.220.255.60;act_addr_fam=InterNetwork;
      x-ms-keyvault-region:
      - eastus
      x-ms-keyvault-service-version:
      - 1.9.195.1
      x-powered-by:
      - ASP.NET
    status:
      code: 404
      message: Not Found
- request:
    body: null
    headers:
      Accept:
      - application/json
      Accept-Encoding:
      - gzip, deflate
      Connection:
      - keep-alive
      User-Agent:
      - azsdk-python-keyvault-keys/4.5.0b5 Python/3.7.4 (Windows-10-10.0.19041-SP0)
    method: GET
    uri: https://vaultname.vault.azure.net/deletedkeys/livekvtestcrud-rsa-key9f9143d?api-version=7.0
  response:
    body:
      string: '{"error":{"code":"KeyNotFound","message":"Deleted Key not found: livekvtestcrud-rsa-key9f9143d"}}'
    headers:
      cache-control:
      - no-cache
      content-length:
      - '97'
      content-type:
      - application/json; charset=utf-8
      date:
      - Mon, 06 Dec 2021 09:23:01 GMT
      expires:
      - '-1'
      pragma:
      - no-cache
      strict-transport-security:
      - max-age=31536000;includeSubDomains
      x-content-type-options:
      - nosniff
      x-ms-keyvault-network-info:
      - conn_type=Ipv4;addr=167.220.255.60;act_addr_fam=InterNetwork;
      x-ms-keyvault-region:
      - eastus
      x-ms-keyvault-service-version:
      - 1.9.195.1
      x-powered-by:
      - ASP.NET
    status:
      code: 404
      message: Not Found
- request:
    body: null
    headers:
      Accept:
      - application/json
      Accept-Encoding:
      - gzip, deflate
      Connection:
      - keep-alive
      User-Agent:
      - azsdk-python-keyvault-keys/4.5.0b5 Python/3.7.4 (Windows-10-10.0.19041-SP0)
    method: GET
    uri: https://vaultname.vault.azure.net/deletedkeys/livekvtestcrud-rsa-key9f9143d?api-version=7.0
  response:
    body:
      string: '{"error":{"code":"KeyNotFound","message":"Deleted Key not found: livekvtestcrud-rsa-key9f9143d"}}'
    headers:
      cache-control:
      - no-cache
      content-length:
      - '97'
      content-type:
      - application/json; charset=utf-8
      date:
      - Mon, 06 Dec 2021 09:23:03 GMT
      expires:
      - '-1'
      pragma:
      - no-cache
      strict-transport-security:
      - max-age=31536000;includeSubDomains
      x-content-type-options:
      - nosniff
      x-ms-keyvault-network-info:
      - conn_type=Ipv4;addr=167.220.255.60;act_addr_fam=InterNetwork;
      x-ms-keyvault-region:
      - eastus
      x-ms-keyvault-service-version:
      - 1.9.195.1
      x-powered-by:
      - ASP.NET
    status:
      code: 404
      message: Not Found
- request:
    body: null
    headers:
      Accept:
      - application/json
      Accept-Encoding:
      - gzip, deflate
      Connection:
      - keep-alive
      User-Agent:
      - azsdk-python-keyvault-keys/4.5.0b5 Python/3.7.4 (Windows-10-10.0.19041-SP0)
    method: GET
    uri: https://vaultname.vault.azure.net/deletedkeys/livekvtestcrud-rsa-key9f9143d?api-version=7.0
  response:
    body:
      string: '{"recoveryId":"https://vaultname.vault.azure.net/deletedkeys/livekvtestcrud-rsa-key9f9143d","deletedDate":1638782578,"scheduledPurgeDate":1646558578,"key":{"kid":"https://vaultname.vault.azure.net/keys/livekvtestcrud-rsa-key9f9143d/b078ce0aed16449991be259a04f370bf","kty":"RSA","key_ops":["decrypt","encrypt"],"n":"mH7T9eFSHmv5m31G1ej-Os4vkUoWTSK-M6wmhTFEMu5tb5b1t7lbVddex-bev3FwZ1gdgDg2Eqrqt5jdjHMkQUdkEuyiqeoRB1zFmrRJ7DOib2w2PufNIQaIrEDqcM3rF9lZKYEMx9NxUiAxZ9LeK0osrk1WreZ3M4iJKXVo6FjIQGUgID1UL5lpIvQhMvB2BowSN_5CFOkVO0QHRdh6Vj9zg6BRBTC83UW3LXGPlf2-pN-ZRzf2ptGIAjelNOqIJtQcmJHXEUOLLipMHc_otkQV8-iz8SUc49tgNg8tI1V58ILzRU2haVJEdQOjyE9D0YmYlXCw09R6YfQoR4uYbQ","e":"AQAB"},"attributes":{"enabled":true,"exp":2524723200,"created":1638782574,"updated":1638782578,"recoveryLevel":"Recoverable+Purgeable"},"tags":{"foo":"updated
        tag"}}'
    headers:
      cache-control:
      - no-cache
      content-length:
      - '837'
      content-type:
      - application/json; charset=utf-8
      date:
      - Mon, 06 Dec 2021 09:23:06 GMT
      expires:
      - '-1'
      pragma:
      - no-cache
      strict-transport-security:
      - max-age=31536000;includeSubDomains
      x-content-type-options:
      - nosniff
      x-ms-keyvault-network-info:
      - conn_type=Ipv4;addr=167.220.255.60;act_addr_fam=InterNetwork;
      x-ms-keyvault-region:
      - eastus
      x-ms-keyvault-service-version:
      - 1.9.195.1
      x-powered-by:
      - ASP.NET
    status:
      code: 200
      message: OK
- request:
    body: null
    headers:
      Accept:
      - application/json
      Accept-Encoding:
      - gzip, deflate
      Connection:
      - keep-alive
      User-Agent:
      - azsdk-python-keyvault-keys/4.5.0b5 Python/3.7.4 (Windows-10-10.0.19041-SP0)
    method: GET
    uri: https://vaultname.vault.azure.net/deletedkeys/livekvtestcrud-rsa-key9f9143d?api-version=7.0
  response:
    body:
      string: '{"recoveryId":"https://vaultname.vault.azure.net/deletedkeys/livekvtestcrud-rsa-key9f9143d","deletedDate":1638782578,"scheduledPurgeDate":1646558578,"key":{"kid":"https://vaultname.vault.azure.net/keys/livekvtestcrud-rsa-key9f9143d/b078ce0aed16449991be259a04f370bf","kty":"RSA","key_ops":["decrypt","encrypt"],"n":"mH7T9eFSHmv5m31G1ej-Os4vkUoWTSK-M6wmhTFEMu5tb5b1t7lbVddex-bev3FwZ1gdgDg2Eqrqt5jdjHMkQUdkEuyiqeoRB1zFmrRJ7DOib2w2PufNIQaIrEDqcM3rF9lZKYEMx9NxUiAxZ9LeK0osrk1WreZ3M4iJKXVo6FjIQGUgID1UL5lpIvQhMvB2BowSN_5CFOkVO0QHRdh6Vj9zg6BRBTC83UW3LXGPlf2-pN-ZRzf2ptGIAjelNOqIJtQcmJHXEUOLLipMHc_otkQV8-iz8SUc49tgNg8tI1V58ILzRU2haVJEdQOjyE9D0YmYlXCw09R6YfQoR4uYbQ","e":"AQAB"},"attributes":{"enabled":true,"exp":2524723200,"created":1638782574,"updated":1638782578,"recoveryLevel":"Recoverable+Purgeable"},"tags":{"foo":"updated
        tag"}}'
    headers:
      cache-control:
      - no-cache
      content-length:
      - '837'
      content-type:
      - application/json; charset=utf-8
      date:
      - Mon, 06 Dec 2021 09:23:06 GMT
      expires:
      - '-1'
      pragma:
      - no-cache
      strict-transport-security:
      - max-age=31536000;includeSubDomains
      x-content-type-options:
      - nosniff
      x-ms-keyvault-network-info:
      - conn_type=Ipv4;addr=167.220.255.60;act_addr_fam=InterNetwork;
      x-ms-keyvault-region:
      - eastus
      x-ms-keyvault-service-version:
      - 1.9.195.1
      x-powered-by:
      - ASP.NET
    status:
      code: 200
      message: OK
version: 1
