interactions:
- request:
    body: null
    headers:
      Accept:
      - application/json
      Content-Length:
      - '0'
      Content-Type:
      - application/json
      User-Agent:
      - azsdk-python-keyvault-keys/4.5.0b6 Python/3.10.0 (Windows-10-10.0.22000-SP0)
    method: POST
    uri: https://managedhsmname.managedhsm.azure.net/keys/livekvtestkey076031650/create?api-version=7.3-preview
  response:
    body:
      string: ''
    headers:
      cache-control: no-cache
      content-length: '0'
      content-security-policy: default-src 'self'
      content-type: application/json; charset=utf-8
      strict-transport-security: max-age=31536000; includeSubDomains
      www-authenticate: Bearer authorization="https://login.microsoftonline.com/72f988bf-86f1-41af-91ab-2d7cd011db47",
        resource="https://managedhsm.azure.net"
      x-content-type-options: nosniff
      x-frame-options: SAMEORIGIN
      x-ms-server-latency: '1'
    status:
      code: 401
      message: Unauthorized
    url: https://mcpatinokvhsm.managedhsm.azure.net/keys/livekvtestkey076031650/create?api-version=7.3-preview
- request:
    body: '{"kty": "RSA-HSM"}'
    headers:
      Accept:
      - application/json
      Content-Length:
      - '18'
      Content-Type:
      - application/json
      User-Agent:
      - azsdk-python-keyvault-keys/4.5.0b6 Python/3.10.0 (Windows-10-10.0.22000-SP0)
    method: POST
    uri: https://managedhsmname.managedhsm.azure.net/keys/livekvtestkey076031650/create?api-version=7.3-preview
  response:
    body:
      string: '{"attributes":{"created":1643835110,"enabled":true,"exportable":false,"recoverableDays":7,"recoveryLevel":"CustomizedRecoverable+Purgeable","updated":1643835110},"key":{"e":"AQAB","key_ops":["wrapKey","decrypt","encrypt","unwrapKey","sign","verify"],"kid":"https://managedhsmname.managedhsm.azure.net/keys/livekvtestkey076031650/dd730fda4a0400e906bb3b8831c3a501","kty":"RSA-HSM","n":"rbN97MpGe7LJMcAHBqE7y8YJsiqfhA6YSAzKvGw6B-LSeLkXqRcaKSFdKiGlnFeZz53CGvYojcJBQdvGDscu2mFy5vuxxk0wyqHbo4ZS2UArAz_YyT74ChCPZvKzl3tt6GLVuqjsgUEOO6Kr3FBZLaE_V-qhmOczalWPSqSCoe6f5Er9dHlQ2_ZFmnwg2uR3PmY43-ocC-kcmL7ll0jo53oHHHelPVLpbIS5z5yh3hmrentWXcc1GmAKjfIZevghbHvl7mjPw-sR5JcL1nbOl4rx9Isnwz6Bywdcl5W6jdW5Nwxzjuj-u4oTeEPo01_8XoV_idvrNHpe7mFMlZ6Icw"}}'
    headers:
      cache-control: no-cache
      content-length: '728'
      content-security-policy: default-src 'self'
      content-type: application/json; charset=utf-8
      strict-transport-security: max-age=31536000; includeSubDomains
      x-content-type-options: nosniff
      x-frame-options: SAMEORIGIN
      x-ms-keyvault-network-info: conn_type=Ipv4;addr=172.92.159.124;act_addr_fam=Ipv4;
      x-ms-keyvault-region: westus2
      x-ms-server-latency: '269'
    status:
      code: 200
      message: OK
    url: https://mcpatinokvhsm.managedhsm.azure.net/keys/livekvtestkey076031650/create?api-version=7.3-preview
- request:
    body: '{"kty": "RSA-HSM"}'
    headers:
      Accept:
      - application/json
      Content-Length:
      - '18'
      Content-Type:
      - application/json
      User-Agent:
      - azsdk-python-keyvault-keys/4.5.0b6 Python/3.10.0 (Windows-10-10.0.22000-SP0)
    method: POST
    uri: https://managedhsmname.managedhsm.azure.net/keys/livekvtestkey176031650/create?api-version=7.3-preview
  response:
    body:
      string: '{"attributes":{"created":1643835112,"enabled":true,"exportable":false,"recoverableDays":7,"recoveryLevel":"CustomizedRecoverable+Purgeable","updated":1643835112},"key":{"e":"AQAB","key_ops":["wrapKey","decrypt","encrypt","unwrapKey","sign","verify"],"kid":"https://managedhsmname.managedhsm.azure.net/keys/livekvtestkey176031650/034006870a5b082aa4ea0bad06f6e116","kty":"RSA-HSM","n":"iwAqsWifE3HpNc95mRXZR3g9_kWbhVGLsM0z8CRO2kqcMaHuK5C9u-hYy8eTpY4uWgm8yMLbh_Y9BWVP-wjemqr78L4XebvinkF6JEHUrCIiWU7HhipH1c6EetBY-bUDY7pEWjQTHYN3lIbRu8TuyY5o4MudehOnZVZraxKKwqKKAbJF_MpZmBeMjgtg1FGVs0gbSndH0dhCjekQ-cuJGw2z9-lfPstYtIq9ilFl-Q4ITtXpoXrDDvsrUAa6NI8bJwRFmQfClefrb_R52TUUYVLpRk0edADjOxKze9xXHY-UVJxvJFQ9AUPUDSlJiJwtgCQzMIyWNpYMu6IqhypMvw"}}'
    headers:
      cache-control: no-cache
      content-length: '728'
      content-security-policy: default-src 'self'
      content-type: application/json; charset=utf-8
      strict-transport-security: max-age=31536000; includeSubDomains
      x-content-type-options: nosniff
      x-frame-options: SAMEORIGIN
      x-ms-keyvault-network-info: conn_type=Ipv4;addr=172.92.159.124;act_addr_fam=Ipv4;
      x-ms-keyvault-region: westus2
      x-ms-server-latency: '265'
    status:
      code: 200
      message: OK
    url: https://mcpatinokvhsm.managedhsm.azure.net/keys/livekvtestkey176031650/create?api-version=7.3-preview
- request:
    body: '{"kty": "RSA-HSM"}'
    headers:
      Accept:
      - application/json
      Content-Length:
      - '18'
      Content-Type:
      - application/json
      User-Agent:
      - azsdk-python-keyvault-keys/4.5.0b6 Python/3.10.0 (Windows-10-10.0.22000-SP0)
    method: POST
    uri: https://managedhsmname.managedhsm.azure.net/keys/livekvtestkey276031650/create?api-version=7.3-preview
  response:
    body:
      string: '{"attributes":{"created":1643835114,"enabled":true,"exportable":false,"recoverableDays":7,"recoveryLevel":"CustomizedRecoverable+Purgeable","updated":1643835114},"key":{"e":"AQAB","key_ops":["wrapKey","decrypt","encrypt","unwrapKey","sign","verify"],"kid":"https://managedhsmname.managedhsm.azure.net/keys/livekvtestkey276031650/841a7bb0c1ec446b3da54a0fe7ffda90","kty":"RSA-HSM","n":"oHR0PciEwg0MxtvjgxvTGpYBZZ-4n1R1OGNXsYI2cHYhzgSqdPs64yfa9RPjMAkRKzbwuDhrQO0kFVXNFx5EoEUDtY9uYD7bWeVMjapVBYQon9EfrQsV89L_pJLpFKH8JN-vZfVyMdPr0ESRzYMXK6TChnqv0ZkNRIuGRoZ9AGcx5YJ3-nr6PcSc68cSSYqaKbk36ryPwjQUTIGx6axcNsPqO6rJ_qx1wsBPHRChNNfQHTkiEY0Q26oCSYLQ4CCv4dKj4EAKZ87M3PUIV3Dt0GcZ0kB5-FTtGsYIhhPKtw8_CdbeleWs1cRdtvLFqh9IO1eaeLho5S7g3v_iPfnvJw"}}'
    headers:
      cache-control: no-cache
      content-length: '728'
      content-security-policy: default-src 'self'
      content-type: application/json; charset=utf-8
      strict-transport-security: max-age=31536000; includeSubDomains
      x-content-type-options: nosniff
      x-frame-options: SAMEORIGIN
      x-ms-keyvault-network-info: conn_type=Ipv4;addr=172.92.159.124;act_addr_fam=Ipv4;
      x-ms-keyvault-region: westus2
      x-ms-server-latency: '253'
    status:
      code: 200
      message: OK
    url: https://mcpatinokvhsm.managedhsm.azure.net/keys/livekvtestkey276031650/create?api-version=7.3-preview
- request:
    body: '{"kty": "RSA-HSM"}'
    headers:
      Accept:
      - application/json
      Content-Length:
      - '18'
      Content-Type:
      - application/json
      User-Agent:
      - azsdk-python-keyvault-keys/4.5.0b6 Python/3.10.0 (Windows-10-10.0.22000-SP0)
    method: POST
    uri: https://managedhsmname.managedhsm.azure.net/keys/livekvtestkey376031650/create?api-version=7.3-preview
  response:
    body:
      string: '{"attributes":{"created":1643835117,"enabled":true,"exportable":false,"recoverableDays":7,"recoveryLevel":"CustomizedRecoverable+Purgeable","updated":1643835117},"key":{"e":"AQAB","key_ops":["wrapKey","decrypt","encrypt","unwrapKey","sign","verify"],"kid":"https://managedhsmname.managedhsm.azure.net/keys/livekvtestkey376031650/3fa4c975ae43012714d1147d3993ab16","kty":"RSA-HSM","n":"h4BXBYiXKzk2-aek8gzgphxG84AnBtHxq6L8GhCrC2L-PRyoEk89zkMq336i-oHiiQlcu13kXcGDjwZu2hgwKsYWFbkTH8QxIrCiHA6fVUVIAojTT7s1YKWHSby8zCjXw8TbBvciUX_UXiGZKeRyeHqRy2qH-czm0wrGzuzn9QQxiO10njQJyeSv5dL6QtxFteaXRjskLbfbu2SuQ1wehzmfPCXenuC-2QV-5WPe-vCxNTVhVNoQ4CyleAeMJURqWtF2z5QsaC1Dwn9vh5qJU4uf40rU1XFKM9Z4ALST3H2-sFAFegsdC5t6vBZ3682Pgpd_EWaqKHsRD2dyhmhVdQ"}}'
    headers:
      cache-control: no-cache
      content-length: '728'
      content-security-policy: default-src 'self'
      content-type: application/json; charset=utf-8
      strict-transport-security: max-age=31536000; includeSubDomains
      x-content-type-options: nosniff
      x-frame-options: SAMEORIGIN
      x-ms-keyvault-network-info: conn_type=Ipv4;addr=172.92.159.124;act_addr_fam=Ipv4;
      x-ms-keyvault-region: westus2
      x-ms-server-latency: '269'
    status:
      code: 200
      message: OK
    url: https://mcpatinokvhsm.managedhsm.azure.net/keys/livekvtestkey376031650/create?api-version=7.3-preview
- request:
    body: '{"kty": "RSA-HSM"}'
    headers:
      Accept:
      - application/json
      Content-Length:
      - '18'
      Content-Type:
      - application/json
      User-Agent:
      - azsdk-python-keyvault-keys/4.5.0b6 Python/3.10.0 (Windows-10-10.0.22000-SP0)
    method: POST
    uri: https://managedhsmname.managedhsm.azure.net/keys/livekvtestkey476031650/create?api-version=7.3-preview
  response:
    body:
      string: '{"attributes":{"created":1643835119,"enabled":true,"exportable":false,"recoverableDays":7,"recoveryLevel":"CustomizedRecoverable+Purgeable","updated":1643835119},"key":{"e":"AQAB","key_ops":["wrapKey","decrypt","encrypt","unwrapKey","sign","verify"],"kid":"https://managedhsmname.managedhsm.azure.net/keys/livekvtestkey476031650/6a25be83f0a207abab8b91d4354f834e","kty":"RSA-HSM","n":"jhIbvir3GR_s6VA4CXUXLXZ-jSacBsTJ0tRDIe3i66WynqnZiPjVfqfTxXcL4XgCiBBAl7TO-UFpTcmzp79LWAKTE50_r5j9IYPSsu-g-a908YzbrZpDSul-zKmETOPngpEKFkcerno4pJejgDi4rbql8YbVriHg2xbwqpyh1eXqUM-jrrKw9vZrvVhU_mq4gEgdeQFZIeiPV6IgpGBtHJN6UhILSWMxP15G37pvHpoaMvSEQ7esClMHrXvg_J-TfTFC4uBKGUM4_QDrgsC-WEBBoZiPujp7v3k-JbtBHrv9tSK8DaDfM2qahMlVXQoLcISHlwjJfa_QOPaLQVWr4Q"}}'
    headers:
      cache-control: no-cache
      content-length: '728'
      content-security-policy: default-src 'self'
      content-type: application/json; charset=utf-8
      strict-transport-security: max-age=31536000; includeSubDomains
      x-content-type-options: nosniff
      x-frame-options: SAMEORIGIN
      x-ms-keyvault-network-info: conn_type=Ipv4;addr=172.92.159.124;act_addr_fam=Ipv4;
      x-ms-keyvault-region: westus2
      x-ms-server-latency: '266'
    status:
      code: 200
      message: OK
    url: https://mcpatinokvhsm.managedhsm.azure.net/keys/livekvtestkey476031650/create?api-version=7.3-preview
- request:
    body: '{"kty": "RSA-HSM"}'
    headers:
      Accept:
      - application/json
      Content-Length:
      - '18'
      Content-Type:
      - application/json
      User-Agent:
      - azsdk-python-keyvault-keys/4.5.0b6 Python/3.10.0 (Windows-10-10.0.22000-SP0)
    method: POST
    uri: https://managedhsmname.managedhsm.azure.net/keys/livekvtestkey576031650/create?api-version=7.3-preview
  response:
    body:
      string: '{"attributes":{"created":1643835121,"enabled":true,"exportable":false,"recoverableDays":7,"recoveryLevel":"CustomizedRecoverable+Purgeable","updated":1643835121},"key":{"e":"AQAB","key_ops":["wrapKey","decrypt","encrypt","unwrapKey","sign","verify"],"kid":"https://managedhsmname.managedhsm.azure.net/keys/livekvtestkey576031650/48afe0b3327842898efc9693c1bcb79e","kty":"RSA-HSM","n":"nnzbota3jtx-yk19BMdp3pR5FBwR1uUXrgyJ7Lm2X9Mvxyspws7VW1VZK7DgLMsq1qZfpiXyHZemkxku99bzZyY3dPQtWQhsTT6sHCOh_EnJZ7Jv28NE_EGCW5HvPhHsERyYwd1HlxbqsGFqTAbzuMkMQm_DQG0Qg09r4JyaoS-tfkpgBGcBLv3oBKA_r-G1mGS4IRNz4oix5LfQo2iRj1lMHwTekrgGWD1GHAj1CBUDAsmR78R2ozDaJsuN4Rmpmyd3hfBvzxpwo9GIJn5SYQsnDRmo8GHyaEA3jCH4tYqXqLyR9vJW-t23lL0JfSWwmzIfPRqZQUPoBSsuBcxOXw"}}'
    headers:
      cache-control: no-cache
      content-length: '728'
      content-security-policy: default-src 'self'
      content-type: application/json; charset=utf-8
      strict-transport-security: max-age=31536000; includeSubDomains
      x-content-type-options: nosniff
      x-frame-options: SAMEORIGIN
      x-ms-keyvault-network-info: conn_type=Ipv4;addr=172.92.159.124;act_addr_fam=Ipv4;
      x-ms-keyvault-region: westus2
      x-ms-server-latency: '262'
    status:
      code: 200
      message: OK
    url: https://mcpatinokvhsm.managedhsm.azure.net/keys/livekvtestkey576031650/create?api-version=7.3-preview
- request:
    body: '{"kty": "RSA-HSM"}'
    headers:
      Accept:
      - application/json
      Content-Length:
      - '18'
      Content-Type:
      - application/json
      User-Agent:
      - azsdk-python-keyvault-keys/4.5.0b6 Python/3.10.0 (Windows-10-10.0.22000-SP0)
    method: POST
    uri: https://managedhsmname.managedhsm.azure.net/keys/livekvtestkey676031650/create?api-version=7.3-preview
  response:
    body:
      string: '{"attributes":{"created":1643835124,"enabled":true,"exportable":false,"recoverableDays":7,"recoveryLevel":"CustomizedRecoverable+Purgeable","updated":1643835124},"key":{"e":"AQAB","key_ops":["wrapKey","decrypt","encrypt","unwrapKey","sign","verify"],"kid":"https://managedhsmname.managedhsm.azure.net/keys/livekvtestkey676031650/cdfe4fd1b8f945b39cdaa3670ff8e379","kty":"RSA-HSM","n":"sS9w1GGkhj1EAxRo4_rI6PwF4SZKCSUCz5K-RHM4P8YP5JUC93ivUuQ1nW6Di9C62R-qIrIXrZuEmyO1Sz8EtWB-uYipqwJo1cbwTpcFX7bq93FIPtW-r6_xT2nZWqvXmc_-IbedlESntBTjdNWQtrSSaaaVYVaD9XxtR1l2EG7h8SfjCLQu8a1wHvfhxsZCt6N8o8BIFihlJqQfMxGVjgZnPUeyd3OBwDtIL1zFHkcv4O5cgY88yCEPlXZ19zxYeOgZDMhULmbIEQE5rarlN4ZZpR_r7wHYmfWt-dTowVbp1IuqsZVOeqYhCDiKyZkrtIyyGd_niTkIGchmBxKCuQ"}}'
    headers:
      cache-control: no-cache
      content-length: '728'
      content-security-policy: default-src 'self'
      content-type: application/json; charset=utf-8
      strict-transport-security: max-age=31536000; includeSubDomains
      x-content-type-options: nosniff
      x-frame-options: SAMEORIGIN
      x-ms-keyvault-network-info: conn_type=Ipv4;addr=172.92.159.124;act_addr_fam=Ipv4;
      x-ms-keyvault-region: westus2
      x-ms-server-latency: '303'
    status:
      code: 200
      message: OK
    url: https://mcpatinokvhsm.managedhsm.azure.net/keys/livekvtestkey676031650/create?api-version=7.3-preview
- request:
    body: null
    headers:
      Accept:
      - application/json
      User-Agent:
      - azsdk-python-keyvault-keys/4.5.0b6 Python/3.10.0 (Windows-10-10.0.22000-SP0)
    method: DELETE
    uri: https://managedhsmname.managedhsm.azure.net/keys/livekvtestkey076031650?api-version=7.3-preview
  response:
    body:
      string: '{"attributes":{"created":1643835110,"enabled":true,"exportable":false,"recoverableDays":7,"recoveryLevel":"CustomizedRecoverable+Purgeable","updated":1643835110},"deletedDate":1643835124,"key":{"e":"AQAB","key_ops":["wrapKey","encrypt","decrypt","unwrapKey","sign","verify"],"kid":"https://managedhsmname.managedhsm.azure.net/keys/livekvtestkey076031650/dd730fda4a0400e906bb3b8831c3a501","kty":"RSA-HSM","n":"rbN97MpGe7LJMcAHBqE7y8YJsiqfhA6YSAzKvGw6B-LSeLkXqRcaKSFdKiGlnFeZz53CGvYojcJBQdvGDscu2mFy5vuxxk0wyqHbo4ZS2UArAz_YyT74ChCPZvKzl3tt6GLVuqjsgUEOO6Kr3FBZLaE_V-qhmOczalWPSqSCoe6f5Er9dHlQ2_ZFmnwg2uR3PmY43-ocC-kcmL7ll0jo53oHHHelPVLpbIS5z5yh3hmrentWXcc1GmAKjfIZevghbHvl7mjPw-sR5JcL1nbOl4rx9Isnwz6Bywdcl5W6jdW5Nwxzjuj-u4oTeEPo01_8XoV_idvrNHpe7mFMlZ6Icw"},"recoveryId":"https://managedhsmname.managedhsm.azure.net/deletedkeys/livekvtestkey076031650","scheduledPurgeDate":1644439924}'
    headers:
      cache-control: no-cache
      content-length: '878'
      content-security-policy: default-src 'self'
      content-type: application/json; charset=utf-8
      strict-transport-security: max-age=31536000; includeSubDomains
      x-content-type-options: nosniff
      x-frame-options: SAMEORIGIN
      x-ms-keyvault-network-info: conn_type=Ipv4;addr=172.92.159.124;act_addr_fam=Ipv4;
      x-ms-keyvault-region: westus2
      x-ms-server-latency: '170'
    status:
      code: 200
      message: OK
    url: https://mcpatinokvhsm.managedhsm.azure.net/keys/livekvtestkey076031650?api-version=7.3-preview
- request:
    body: null
    headers:
      Accept:
      - application/json
      User-Agent:
      - azsdk-python-keyvault-keys/4.5.0b6 Python/3.10.0 (Windows-10-10.0.22000-SP0)
    method: GET
    uri: https://managedhsmname.managedhsm.azure.net/deletedkeys/livekvtestkey076031650?api-version=7.3-preview
  response:
    body:
      string: '{"attributes":{"created":1643835110,"enabled":true,"exportable":false,"recoverableDays":7,"recoveryLevel":"CustomizedRecoverable+Purgeable","updated":1643835110},"deletedDate":1643835124,"key":{"e":"AQAB","key_ops":["verify","sign","unwrapKey","encrypt","decrypt","wrapKey"],"kid":"https://managedhsmname.managedhsm.azure.net/keys/livekvtestkey076031650/dd730fda4a0400e906bb3b8831c3a501","kty":"RSA-HSM","n":"rbN97MpGe7LJMcAHBqE7y8YJsiqfhA6YSAzKvGw6B-LSeLkXqRcaKSFdKiGlnFeZz53CGvYojcJBQdvGDscu2mFy5vuxxk0wyqHbo4ZS2UArAz_YyT74ChCPZvKzl3tt6GLVuqjsgUEOO6Kr3FBZLaE_V-qhmOczalWPSqSCoe6f5Er9dHlQ2_ZFmnwg2uR3PmY43-ocC-kcmL7ll0jo53oHHHelPVLpbIS5z5yh3hmrentWXcc1GmAKjfIZevghbHvl7mjPw-sR5JcL1nbOl4rx9Isnwz6Bywdcl5W6jdW5Nwxzjuj-u4oTeEPo01_8XoV_idvrNHpe7mFMlZ6Icw"},"recoveryId":"https://managedhsmname.managedhsm.azure.net/deletedkeys/livekvtestkey076031650","scheduledPurgeDate":1644439924}'
    headers:
      cache-control: no-cache
      content-length: '878'
      content-security-policy: default-src 'self'
      content-type: application/json; charset=utf-8
      strict-transport-security: max-age=31536000; includeSubDomains
      x-content-type-options: nosniff
      x-frame-options: SAMEORIGIN
      x-ms-build-version: 1.0.20220117-1-eb2a1acb-1.0.20211206-1-be739728-develop
      x-ms-keyvault-network-info: conn_type=Ipv4;addr=172.92.159.124;act_addr_fam=Ipv4;
      x-ms-keyvault-region: westus2
      x-ms-server-latency: '33'
    status:
      code: 200
      message: OK
    url: https://mcpatinokvhsm.managedhsm.azure.net/deletedkeys/livekvtestkey076031650?api-version=7.3-preview
- request:
    body: null
    headers:
      Accept:
      - application/json
      User-Agent:
      - azsdk-python-keyvault-keys/4.5.0b6 Python/3.10.0 (Windows-10-10.0.22000-SP0)
    method: DELETE
    uri: https://managedhsmname.managedhsm.azure.net/keys/livekvtestkey176031650?api-version=7.3-preview
  response:
    body:
      string: '{"attributes":{"created":1643835112,"enabled":true,"exportable":false,"recoverableDays":7,"recoveryLevel":"CustomizedRecoverable+Purgeable","updated":1643835112},"deletedDate":1643835124,"key":{"e":"AQAB","key_ops":["wrapKey","encrypt","decrypt","unwrapKey","sign","verify"],"kid":"https://managedhsmname.managedhsm.azure.net/keys/livekvtestkey176031650/034006870a5b082aa4ea0bad06f6e116","kty":"RSA-HSM","n":"iwAqsWifE3HpNc95mRXZR3g9_kWbhVGLsM0z8CRO2kqcMaHuK5C9u-hYy8eTpY4uWgm8yMLbh_Y9BWVP-wjemqr78L4XebvinkF6JEHUrCIiWU7HhipH1c6EetBY-bUDY7pEWjQTHYN3lIbRu8TuyY5o4MudehOnZVZraxKKwqKKAbJF_MpZmBeMjgtg1FGVs0gbSndH0dhCjekQ-cuJGw2z9-lfPstYtIq9ilFl-Q4ITtXpoXrDDvsrUAa6NI8bJwRFmQfClefrb_R52TUUYVLpRk0edADjOxKze9xXHY-UVJxvJFQ9AUPUDSlJiJwtgCQzMIyWNpYMu6IqhypMvw"},"recoveryId":"https://managedhsmname.managedhsm.azure.net/deletedkeys/livekvtestkey176031650","scheduledPurgeDate":1644439924}'
    headers:
      cache-control: no-cache
      content-length: '878'
      content-security-policy: default-src 'self'
      content-type: application/json; charset=utf-8
      strict-transport-security: max-age=31536000; includeSubDomains
      x-content-type-options: nosniff
      x-frame-options: SAMEORIGIN
      x-ms-keyvault-network-info: conn_type=Ipv4;addr=172.92.159.124;act_addr_fam=Ipv4;
      x-ms-keyvault-region: westus2
      x-ms-server-latency: '169'
    status:
      code: 200
      message: OK
    url: https://mcpatinokvhsm.managedhsm.azure.net/keys/livekvtestkey176031650?api-version=7.3-preview
- request:
    body: null
    headers:
      Accept:
      - application/json
      User-Agent:
      - azsdk-python-keyvault-keys/4.5.0b6 Python/3.10.0 (Windows-10-10.0.22000-SP0)
    method: GET
    uri: https://managedhsmname.managedhsm.azure.net/deletedkeys/livekvtestkey176031650?api-version=7.3-preview
  response:
    body:
      string: '{"attributes":{"created":1643835112,"enabled":true,"exportable":false,"recoverableDays":7,"recoveryLevel":"CustomizedRecoverable+Purgeable","updated":1643835112},"deletedDate":1643835124,"key":{"e":"AQAB","key_ops":["verify","sign","unwrapKey","encrypt","decrypt","wrapKey"],"kid":"https://managedhsmname.managedhsm.azure.net/keys/livekvtestkey176031650/034006870a5b082aa4ea0bad06f6e116","kty":"RSA-HSM","n":"iwAqsWifE3HpNc95mRXZR3g9_kWbhVGLsM0z8CRO2kqcMaHuK5C9u-hYy8eTpY4uWgm8yMLbh_Y9BWVP-wjemqr78L4XebvinkF6JEHUrCIiWU7HhipH1c6EetBY-bUDY7pEWjQTHYN3lIbRu8TuyY5o4MudehOnZVZraxKKwqKKAbJF_MpZmBeMjgtg1FGVs0gbSndH0dhCjekQ-cuJGw2z9-lfPstYtIq9ilFl-Q4ITtXpoXrDDvsrUAa6NI8bJwRFmQfClefrb_R52TUUYVLpRk0edADjOxKze9xXHY-UVJxvJFQ9AUPUDSlJiJwtgCQzMIyWNpYMu6IqhypMvw"},"recoveryId":"https://managedhsmname.managedhsm.azure.net/deletedkeys/livekvtestkey176031650","scheduledPurgeDate":1644439924}'
    headers:
      cache-control: no-cache
      content-length: '878'
      content-security-policy: default-src 'self'
      content-type: application/json; charset=utf-8
      strict-transport-security: max-age=31536000; includeSubDomains
      x-content-type-options: nosniff
      x-frame-options: SAMEORIGIN
      x-ms-build-version: 1.0.20220117-1-eb2a1acb-1.0.20211206-1-be739728-develop
      x-ms-keyvault-network-info: conn_type=Ipv4;addr=172.92.159.124;act_addr_fam=Ipv4;
      x-ms-keyvault-region: westus2
      x-ms-server-latency: '29'
    status:
      code: 200
      message: OK
    url: https://mcpatinokvhsm.managedhsm.azure.net/deletedkeys/livekvtestkey176031650?api-version=7.3-preview
- request:
    body: null
    headers:
      Accept:
      - application/json
      User-Agent:
      - azsdk-python-keyvault-keys/4.5.0b6 Python/3.10.0 (Windows-10-10.0.22000-SP0)
    method: DELETE
    uri: https://managedhsmname.managedhsm.azure.net/keys/livekvtestkey276031650?api-version=7.3-preview
  response:
    body:
      string: '{"attributes":{"created":1643835114,"enabled":true,"exportable":false,"recoverableDays":7,"recoveryLevel":"CustomizedRecoverable+Purgeable","updated":1643835114},"deletedDate":1643835125,"key":{"e":"AQAB","key_ops":["wrapKey","encrypt","decrypt","unwrapKey","sign","verify"],"kid":"https://managedhsmname.managedhsm.azure.net/keys/livekvtestkey276031650/841a7bb0c1ec446b3da54a0fe7ffda90","kty":"RSA-HSM","n":"oHR0PciEwg0MxtvjgxvTGpYBZZ-4n1R1OGNXsYI2cHYhzgSqdPs64yfa9RPjMAkRKzbwuDhrQO0kFVXNFx5EoEUDtY9uYD7bWeVMjapVBYQon9EfrQsV89L_pJLpFKH8JN-vZfVyMdPr0ESRzYMXK6TChnqv0ZkNRIuGRoZ9AGcx5YJ3-nr6PcSc68cSSYqaKbk36ryPwjQUTIGx6axcNsPqO6rJ_qx1wsBPHRChNNfQHTkiEY0Q26oCSYLQ4CCv4dKj4EAKZ87M3PUIV3Dt0GcZ0kB5-FTtGsYIhhPKtw8_CdbeleWs1cRdtvLFqh9IO1eaeLho5S7g3v_iPfnvJw"},"recoveryId":"https://managedhsmname.managedhsm.azure.net/deletedkeys/livekvtestkey276031650","scheduledPurgeDate":1644439925}'
    headers:
      cache-control: no-cache
      content-length: '878'
      content-security-policy: default-src 'self'
      content-type: application/json; charset=utf-8
      strict-transport-security: max-age=31536000; includeSubDomains
      x-content-type-options: nosniff
      x-frame-options: SAMEORIGIN
      x-ms-keyvault-network-info: conn_type=Ipv4;addr=172.92.159.124;act_addr_fam=Ipv4;
      x-ms-keyvault-region: westus2
      x-ms-server-latency: '171'
    status:
      code: 200
      message: OK
    url: https://mcpatinokvhsm.managedhsm.azure.net/keys/livekvtestkey276031650?api-version=7.3-preview
- request:
    body: null
    headers:
      Accept:
      - application/json
      User-Agent:
      - azsdk-python-keyvault-keys/4.5.0b6 Python/3.10.0 (Windows-10-10.0.22000-SP0)
    method: GET
    uri: https://managedhsmname.managedhsm.azure.net/deletedkeys/livekvtestkey276031650?api-version=7.3-preview
  response:
    body:
      string: '{"attributes":{"created":1643835114,"enabled":true,"exportable":false,"recoverableDays":7,"recoveryLevel":"CustomizedRecoverable+Purgeable","updated":1643835114},"deletedDate":1643835124,"key":{"e":"AQAB","key_ops":["verify","sign","unwrapKey","encrypt","decrypt","wrapKey"],"kid":"https://managedhsmname.managedhsm.azure.net/keys/livekvtestkey276031650/841a7bb0c1ec446b3da54a0fe7ffda90","kty":"RSA-HSM","n":"oHR0PciEwg0MxtvjgxvTGpYBZZ-4n1R1OGNXsYI2cHYhzgSqdPs64yfa9RPjMAkRKzbwuDhrQO0kFVXNFx5EoEUDtY9uYD7bWeVMjapVBYQon9EfrQsV89L_pJLpFKH8JN-vZfVyMdPr0ESRzYMXK6TChnqv0ZkNRIuGRoZ9AGcx5YJ3-nr6PcSc68cSSYqaKbk36ryPwjQUTIGx6axcNsPqO6rJ_qx1wsBPHRChNNfQHTkiEY0Q26oCSYLQ4CCv4dKj4EAKZ87M3PUIV3Dt0GcZ0kB5-FTtGsYIhhPKtw8_CdbeleWs1cRdtvLFqh9IO1eaeLho5S7g3v_iPfnvJw"},"recoveryId":"https://managedhsmname.managedhsm.azure.net/deletedkeys/livekvtestkey276031650","scheduledPurgeDate":1644439924}'
    headers:
      cache-control: no-cache
      content-length: '878'
      content-security-policy: default-src 'self'
      content-type: application/json; charset=utf-8
      strict-transport-security: max-age=31536000; includeSubDomains
      x-content-type-options: nosniff
      x-frame-options: SAMEORIGIN
      x-ms-build-version: 1.0.20220117-1-eb2a1acb-1.0.20211206-1-be739728-develop
      x-ms-keyvault-network-info: conn_type=Ipv4;addr=172.92.159.124;act_addr_fam=Ipv4;
      x-ms-keyvault-region: westus2
      x-ms-server-latency: '36'
    status:
      code: 200
      message: OK
    url: https://mcpatinokvhsm.managedhsm.azure.net/deletedkeys/livekvtestkey276031650?api-version=7.3-preview
- request:
    body: null
    headers:
      Accept:
      - application/json
      User-Agent:
      - azsdk-python-keyvault-keys/4.5.0b6 Python/3.10.0 (Windows-10-10.0.22000-SP0)
    method: DELETE
    uri: https://managedhsmname.managedhsm.azure.net/keys/livekvtestkey376031650?api-version=7.3-preview
  response:
    body:
      string: '{"attributes":{"created":1643835117,"enabled":true,"exportable":false,"recoverableDays":7,"recoveryLevel":"CustomizedRecoverable+Purgeable","updated":1643835117},"deletedDate":1643835125,"key":{"e":"AQAB","key_ops":["wrapKey","encrypt","decrypt","unwrapKey","sign","verify"],"kid":"https://managedhsmname.managedhsm.azure.net/keys/livekvtestkey376031650/3fa4c975ae43012714d1147d3993ab16","kty":"RSA-HSM","n":"h4BXBYiXKzk2-aek8gzgphxG84AnBtHxq6L8GhCrC2L-PRyoEk89zkMq336i-oHiiQlcu13kXcGDjwZu2hgwKsYWFbkTH8QxIrCiHA6fVUVIAojTT7s1YKWHSby8zCjXw8TbBvciUX_UXiGZKeRyeHqRy2qH-czm0wrGzuzn9QQxiO10njQJyeSv5dL6QtxFteaXRjskLbfbu2SuQ1wehzmfPCXenuC-2QV-5WPe-vCxNTVhVNoQ4CyleAeMJURqWtF2z5QsaC1Dwn9vh5qJU4uf40rU1XFKM9Z4ALST3H2-sFAFegsdC5t6vBZ3682Pgpd_EWaqKHsRD2dyhmhVdQ"},"recoveryId":"https://managedhsmname.managedhsm.azure.net/deletedkeys/livekvtestkey376031650","scheduledPurgeDate":1644439925}'
    headers:
      cache-control: no-cache
      content-length: '878'
      content-security-policy: default-src 'self'
      content-type: application/json; charset=utf-8
      strict-transport-security: max-age=31536000; includeSubDomains
      x-content-type-options: nosniff
      x-frame-options: SAMEORIGIN
      x-ms-keyvault-network-info: conn_type=Ipv4;addr=172.92.159.124;act_addr_fam=Ipv4;
      x-ms-keyvault-region: westus2
      x-ms-server-latency: '173'
    status:
      code: 200
      message: OK
    url: https://mcpatinokvhsm.managedhsm.azure.net/keys/livekvtestkey376031650?api-version=7.3-preview
- request:
    body: null
    headers:
      Accept:
      - application/json
      User-Agent:
      - azsdk-python-keyvault-keys/4.5.0b6 Python/3.10.0 (Windows-10-10.0.22000-SP0)
    method: GET
    uri: https://managedhsmname.managedhsm.azure.net/deletedkeys/livekvtestkey376031650?api-version=7.3-preview
  response:
    body:
      string: '{"attributes":{"created":1643835117,"enabled":true,"exportable":false,"recoverableDays":7,"recoveryLevel":"CustomizedRecoverable+Purgeable","updated":1643835117},"deletedDate":1643835125,"key":{"e":"AQAB","key_ops":["verify","sign","unwrapKey","encrypt","decrypt","wrapKey"],"kid":"https://managedhsmname.managedhsm.azure.net/keys/livekvtestkey376031650/3fa4c975ae43012714d1147d3993ab16","kty":"RSA-HSM","n":"h4BXBYiXKzk2-aek8gzgphxG84AnBtHxq6L8GhCrC2L-PRyoEk89zkMq336i-oHiiQlcu13kXcGDjwZu2hgwKsYWFbkTH8QxIrCiHA6fVUVIAojTT7s1YKWHSby8zCjXw8TbBvciUX_UXiGZKeRyeHqRy2qH-czm0wrGzuzn9QQxiO10njQJyeSv5dL6QtxFteaXRjskLbfbu2SuQ1wehzmfPCXenuC-2QV-5WPe-vCxNTVhVNoQ4CyleAeMJURqWtF2z5QsaC1Dwn9vh5qJU4uf40rU1XFKM9Z4ALST3H2-sFAFegsdC5t6vBZ3682Pgpd_EWaqKHsRD2dyhmhVdQ"},"recoveryId":"https://managedhsmname.managedhsm.azure.net/deletedkeys/livekvtestkey376031650","scheduledPurgeDate":1644439925}'
    headers:
      cache-control: no-cache
      content-length: '878'
      content-security-policy: default-src 'self'
      content-type: application/json; charset=utf-8
      strict-transport-security: max-age=31536000; includeSubDomains
      x-content-type-options: nosniff
      x-frame-options: SAMEORIGIN
      x-ms-build-version: 1.0.20220117-1-eb2a1acb-1.0.20211206-1-be739728-develop
      x-ms-keyvault-network-info: conn_type=Ipv4;addr=172.92.159.124;act_addr_fam=Ipv4;
      x-ms-keyvault-region: westus2
      x-ms-server-latency: '34'
    status:
      code: 200
      message: OK
    url: https://mcpatinokvhsm.managedhsm.azure.net/deletedkeys/livekvtestkey376031650?api-version=7.3-preview
- request:
    body: null
    headers:
      Accept:
      - application/json
      User-Agent:
      - azsdk-python-keyvault-keys/4.5.0b6 Python/3.10.0 (Windows-10-10.0.22000-SP0)
    method: DELETE
    uri: https://managedhsmname.managedhsm.azure.net/keys/livekvtestkey476031650?api-version=7.3-preview
  response:
    body:
      string: '{"attributes":{"created":1643835119,"enabled":true,"exportable":false,"recoverableDays":7,"recoveryLevel":"CustomizedRecoverable+Purgeable","updated":1643835119},"deletedDate":1643835125,"key":{"e":"AQAB","key_ops":["wrapKey","encrypt","decrypt","unwrapKey","sign","verify"],"kid":"https://managedhsmname.managedhsm.azure.net/keys/livekvtestkey476031650/6a25be83f0a207abab8b91d4354f834e","kty":"RSA-HSM","n":"jhIbvir3GR_s6VA4CXUXLXZ-jSacBsTJ0tRDIe3i66WynqnZiPjVfqfTxXcL4XgCiBBAl7TO-UFpTcmzp79LWAKTE50_r5j9IYPSsu-g-a908YzbrZpDSul-zKmETOPngpEKFkcerno4pJejgDi4rbql8YbVriHg2xbwqpyh1eXqUM-jrrKw9vZrvVhU_mq4gEgdeQFZIeiPV6IgpGBtHJN6UhILSWMxP15G37pvHpoaMvSEQ7esClMHrXvg_J-TfTFC4uBKGUM4_QDrgsC-WEBBoZiPujp7v3k-JbtBHrv9tSK8DaDfM2qahMlVXQoLcISHlwjJfa_QOPaLQVWr4Q"},"recoveryId":"https://managedhsmname.managedhsm.azure.net/deletedkeys/livekvtestkey476031650","scheduledPurgeDate":1644439925}'
    headers:
      cache-control: no-cache
      content-length: '878'
      content-security-policy: default-src 'self'
      content-type: application/json; charset=utf-8
      strict-transport-security: max-age=31536000; includeSubDomains
      x-content-type-options: nosniff
      x-frame-options: SAMEORIGIN
      x-ms-keyvault-network-info: conn_type=Ipv4;addr=172.92.159.124;act_addr_fam=Ipv4;
      x-ms-keyvault-region: westus2
      x-ms-server-latency: '168'
    status:
      code: 200
      message: OK
    url: https://mcpatinokvhsm.managedhsm.azure.net/keys/livekvtestkey476031650?api-version=7.3-preview
- request:
    body: null
    headers:
      Accept:
      - application/json
      User-Agent:
      - azsdk-python-keyvault-keys/4.5.0b6 Python/3.10.0 (Windows-10-10.0.22000-SP0)
    method: GET
    uri: https://managedhsmname.managedhsm.azure.net/deletedkeys/livekvtestkey476031650?api-version=7.3-preview
  response:
    body:
      string: '{"attributes":{"created":1643835119,"enabled":true,"exportable":false,"recoverableDays":7,"recoveryLevel":"CustomizedRecoverable+Purgeable","updated":1643835119},"deletedDate":1643835125,"key":{"e":"AQAB","key_ops":["verify","sign","unwrapKey","encrypt","decrypt","wrapKey"],"kid":"https://managedhsmname.managedhsm.azure.net/keys/livekvtestkey476031650/6a25be83f0a207abab8b91d4354f834e","kty":"RSA-HSM","n":"jhIbvir3GR_s6VA4CXUXLXZ-jSacBsTJ0tRDIe3i66WynqnZiPjVfqfTxXcL4XgCiBBAl7TO-UFpTcmzp79LWAKTE50_r5j9IYPSsu-g-a908YzbrZpDSul-zKmETOPngpEKFkcerno4pJejgDi4rbql8YbVriHg2xbwqpyh1eXqUM-jrrKw9vZrvVhU_mq4gEgdeQFZIeiPV6IgpGBtHJN6UhILSWMxP15G37pvHpoaMvSEQ7esClMHrXvg_J-TfTFC4uBKGUM4_QDrgsC-WEBBoZiPujp7v3k-JbtBHrv9tSK8DaDfM2qahMlVXQoLcISHlwjJfa_QOPaLQVWr4Q"},"recoveryId":"https://managedhsmname.managedhsm.azure.net/deletedkeys/livekvtestkey476031650","scheduledPurgeDate":1644439925}'
    headers:
      cache-control: no-cache
      content-length: '878'
      content-security-policy: default-src 'self'
      content-type: application/json; charset=utf-8
      strict-transport-security: max-age=31536000; includeSubDomains
      x-content-type-options: nosniff
      x-frame-options: SAMEORIGIN
      x-ms-build-version: 1.0.20220117-1-eb2a1acb-1.0.20211206-1-be739728-develop
      x-ms-keyvault-network-info: conn_type=Ipv4;addr=172.92.159.124;act_addr_fam=Ipv4;
      x-ms-keyvault-region: westus2
      x-ms-server-latency: '26'
    status:
      code: 200
      message: OK
    url: https://mcpatinokvhsm.managedhsm.azure.net/deletedkeys/livekvtestkey476031650?api-version=7.3-preview
- request:
    body: null
    headers:
      Accept:
      - application/json
      User-Agent:
      - azsdk-python-keyvault-keys/4.5.0b6 Python/3.10.0 (Windows-10-10.0.22000-SP0)
    method: DELETE
    uri: https://managedhsmname.managedhsm.azure.net/keys/livekvtestkey576031650?api-version=7.3-preview
  response:
    body:
      string: '{"attributes":{"created":1643835121,"enabled":true,"exportable":false,"recoverableDays":7,"recoveryLevel":"CustomizedRecoverable+Purgeable","updated":1643835121},"deletedDate":1643835125,"key":{"e":"AQAB","key_ops":["wrapKey","encrypt","decrypt","unwrapKey","sign","verify"],"kid":"https://managedhsmname.managedhsm.azure.net/keys/livekvtestkey576031650/48afe0b3327842898efc9693c1bcb79e","kty":"RSA-HSM","n":"nnzbota3jtx-yk19BMdp3pR5FBwR1uUXrgyJ7Lm2X9Mvxyspws7VW1VZK7DgLMsq1qZfpiXyHZemkxku99bzZyY3dPQtWQhsTT6sHCOh_EnJZ7Jv28NE_EGCW5HvPhHsERyYwd1HlxbqsGFqTAbzuMkMQm_DQG0Qg09r4JyaoS-tfkpgBGcBLv3oBKA_r-G1mGS4IRNz4oix5LfQo2iRj1lMHwTekrgGWD1GHAj1CBUDAsmR78R2ozDaJsuN4Rmpmyd3hfBvzxpwo9GIJn5SYQsnDRmo8GHyaEA3jCH4tYqXqLyR9vJW-t23lL0JfSWwmzIfPRqZQUPoBSsuBcxOXw"},"recoveryId":"https://managedhsmname.managedhsm.azure.net/deletedkeys/livekvtestkey576031650","scheduledPurgeDate":1644439925}'
    headers:
      cache-control: no-cache
      content-length: '878'
      content-security-policy: default-src 'self'
      content-type: application/json; charset=utf-8
      strict-transport-security: max-age=31536000; includeSubDomains
      x-content-type-options: nosniff
      x-frame-options: SAMEORIGIN
      x-ms-keyvault-network-info: conn_type=Ipv4;addr=172.92.159.124;act_addr_fam=Ipv4;
      x-ms-keyvault-region: westus2
      x-ms-server-latency: '167'
    status:
      code: 200
      message: OK
    url: https://mcpatinokvhsm.managedhsm.azure.net/keys/livekvtestkey576031650?api-version=7.3-preview
- request:
    body: null
    headers:
      Accept:
      - application/json
      User-Agent:
      - azsdk-python-keyvault-keys/4.5.0b6 Python/3.10.0 (Windows-10-10.0.22000-SP0)
    method: GET
    uri: https://managedhsmname.managedhsm.azure.net/deletedkeys/livekvtestkey576031650?api-version=7.3-preview
  response:
    body:
      string: '{"attributes":{"created":1643835121,"enabled":true,"exportable":false,"recoverableDays":7,"recoveryLevel":"CustomizedRecoverable+Purgeable","updated":1643835121},"deletedDate":1643835125,"key":{"e":"AQAB","key_ops":["verify","sign","unwrapKey","encrypt","decrypt","wrapKey"],"kid":"https://managedhsmname.managedhsm.azure.net/keys/livekvtestkey576031650/48afe0b3327842898efc9693c1bcb79e","kty":"RSA-HSM","n":"nnzbota3jtx-yk19BMdp3pR5FBwR1uUXrgyJ7Lm2X9Mvxyspws7VW1VZK7DgLMsq1qZfpiXyHZemkxku99bzZyY3dPQtWQhsTT6sHCOh_EnJZ7Jv28NE_EGCW5HvPhHsERyYwd1HlxbqsGFqTAbzuMkMQm_DQG0Qg09r4JyaoS-tfkpgBGcBLv3oBKA_r-G1mGS4IRNz4oix5LfQo2iRj1lMHwTekrgGWD1GHAj1CBUDAsmR78R2ozDaJsuN4Rmpmyd3hfBvzxpwo9GIJn5SYQsnDRmo8GHyaEA3jCH4tYqXqLyR9vJW-t23lL0JfSWwmzIfPRqZQUPoBSsuBcxOXw"},"recoveryId":"https://managedhsmname.managedhsm.azure.net/deletedkeys/livekvtestkey576031650","scheduledPurgeDate":1644439925}'
    headers:
      cache-control: no-cache
      content-length: '878'
      content-security-policy: default-src 'self'
      content-type: application/json; charset=utf-8
      strict-transport-security: max-age=31536000; includeSubDomains
      x-content-type-options: nosniff
      x-frame-options: SAMEORIGIN
      x-ms-build-version: 1.0.20220117-1-eb2a1acb-1.0.20211206-1-be739728-develop
      x-ms-keyvault-network-info: conn_type=Ipv4;addr=172.92.159.124;act_addr_fam=Ipv4;
      x-ms-keyvault-region: westus2
      x-ms-server-latency: '33'
    status:
      code: 200
      message: OK
    url: https://mcpatinokvhsm.managedhsm.azure.net/deletedkeys/livekvtestkey576031650?api-version=7.3-preview
- request:
    body: null
    headers:
      Accept:
      - application/json
      User-Agent:
      - azsdk-python-keyvault-keys/4.5.0b6 Python/3.10.0 (Windows-10-10.0.22000-SP0)
    method: DELETE
    uri: https://managedhsmname.managedhsm.azure.net/keys/livekvtestkey676031650?api-version=7.3-preview
  response:
    body:
      string: '{"attributes":{"created":1643835124,"enabled":true,"exportable":false,"recoverableDays":7,"recoveryLevel":"CustomizedRecoverable+Purgeable","updated":1643835124},"deletedDate":1643835125,"key":{"e":"AQAB","key_ops":["wrapKey","encrypt","decrypt","unwrapKey","sign","verify"],"kid":"https://managedhsmname.managedhsm.azure.net/keys/livekvtestkey676031650/cdfe4fd1b8f945b39cdaa3670ff8e379","kty":"RSA-HSM","n":"sS9w1GGkhj1EAxRo4_rI6PwF4SZKCSUCz5K-RHM4P8YP5JUC93ivUuQ1nW6Di9C62R-qIrIXrZuEmyO1Sz8EtWB-uYipqwJo1cbwTpcFX7bq93FIPtW-r6_xT2nZWqvXmc_-IbedlESntBTjdNWQtrSSaaaVYVaD9XxtR1l2EG7h8SfjCLQu8a1wHvfhxsZCt6N8o8BIFihlJqQfMxGVjgZnPUeyd3OBwDtIL1zFHkcv4O5cgY88yCEPlXZ19zxYeOgZDMhULmbIEQE5rarlN4ZZpR_r7wHYmfWt-dTowVbp1IuqsZVOeqYhCDiKyZkrtIyyGd_niTkIGchmBxKCuQ"},"recoveryId":"https://managedhsmname.managedhsm.azure.net/deletedkeys/livekvtestkey676031650","scheduledPurgeDate":1644439925}'
    headers:
      cache-control: no-cache
      content-length: '878'
      content-security-policy: default-src 'self'
      content-type: application/json; charset=utf-8
      strict-transport-security: max-age=31536000; includeSubDomains
      x-content-type-options: nosniff
      x-frame-options: SAMEORIGIN
      x-ms-keyvault-network-info: conn_type=Ipv4;addr=172.92.159.124;act_addr_fam=Ipv4;
      x-ms-keyvault-region: westus2
      x-ms-server-latency: '162'
    status:
      code: 200
      message: OK
    url: https://mcpatinokvhsm.managedhsm.azure.net/keys/livekvtestkey676031650?api-version=7.3-preview
- request:
    body: null
    headers:
      Accept:
      - application/json
      User-Agent:
      - azsdk-python-keyvault-keys/4.5.0b6 Python/3.10.0 (Windows-10-10.0.22000-SP0)
    method: GET
    uri: https://managedhsmname.managedhsm.azure.net/deletedkeys/livekvtestkey676031650?api-version=7.3-preview
  response:
    body:
      string: '{"attributes":{"created":1643835124,"enabled":true,"exportable":false,"recoverableDays":7,"recoveryLevel":"CustomizedRecoverable+Purgeable","updated":1643835124},"deletedDate":1643835125,"key":{"e":"AQAB","key_ops":["verify","sign","unwrapKey","encrypt","decrypt","wrapKey"],"kid":"https://managedhsmname.managedhsm.azure.net/keys/livekvtestkey676031650/cdfe4fd1b8f945b39cdaa3670ff8e379","kty":"RSA-HSM","n":"sS9w1GGkhj1EAxRo4_rI6PwF4SZKCSUCz5K-RHM4P8YP5JUC93ivUuQ1nW6Di9C62R-qIrIXrZuEmyO1Sz8EtWB-uYipqwJo1cbwTpcFX7bq93FIPtW-r6_xT2nZWqvXmc_-IbedlESntBTjdNWQtrSSaaaVYVaD9XxtR1l2EG7h8SfjCLQu8a1wHvfhxsZCt6N8o8BIFihlJqQfMxGVjgZnPUeyd3OBwDtIL1zFHkcv4O5cgY88yCEPlXZ19zxYeOgZDMhULmbIEQE5rarlN4ZZpR_r7wHYmfWt-dTowVbp1IuqsZVOeqYhCDiKyZkrtIyyGd_niTkIGchmBxKCuQ"},"recoveryId":"https://managedhsmname.managedhsm.azure.net/deletedkeys/livekvtestkey676031650","scheduledPurgeDate":1644439925}'
    headers:
      cache-control: no-cache
      content-length: '878'
      content-security-policy: default-src 'self'
      content-type: application/json; charset=utf-8
      strict-transport-security: max-age=31536000; includeSubDomains
      x-content-type-options: nosniff
      x-frame-options: SAMEORIGIN
      x-ms-build-version: 1.0.20220117-1-eb2a1acb-1.0.20211206-1-be739728-develop
      x-ms-keyvault-network-info: conn_type=Ipv4;addr=172.92.159.124;act_addr_fam=Ipv4;
      x-ms-keyvault-region: westus2
      x-ms-server-latency: '30'
    status:
      code: 200
      message: OK
    url: https://mcpatinokvhsm.managedhsm.azure.net/deletedkeys/livekvtestkey676031650?api-version=7.3-preview
- request:
    body: null
    headers:
      Accept:
      - application/json
      User-Agent:
      - azsdk-python-keyvault-keys/4.5.0b6 Python/3.10.0 (Windows-10-10.0.22000-SP0)
    method: GET
    uri: https://managedhsmname.managedhsm.azure.net/deletedkeys?api-version=7.3-preview
  response:
    body:
      string: '{"nextLink":"https://managedhsmname.managedhsm.azure.net/deletedkeys?maxresults=25&$skiptoken=K1JJRDp-eTJabUFLOHItZFZSQUFBQUFBQUFBQT09I1JUOjEjVFJDOjEwI0lTVjoyI0lFTzo2NTU2NyNRQ0Y6NA","value":[{"attributes":{"created":1643835092,"enabled":true,"exportable":false,"recoverableDays":7,"recoveryLevel":"CustomizedRecoverable+Purgeable","updated":1643835092},"deletedDate":1643835106,"kid":"https://managedhsmname.managedhsm.azure.net/keys/livekvtestkey0cf3012ee","recoveryId":"https://managedhsmname.managedhsm.azure.net/deletedkeys/livekvtestkey0cf3012ee","scheduledPurgeDate":1644439906},{"attributes":{"created":1643835094,"enabled":true,"exportable":false,"recoverableDays":7,"recoveryLevel":"CustomizedRecoverable+Purgeable","updated":1643835094},"deletedDate":1643835106,"kid":"https://managedhsmname.managedhsm.azure.net/keys/livekvtestkey1cf3012ee","recoveryId":"https://managedhsmname.managedhsm.azure.net/deletedkeys/livekvtestkey1cf3012ee","scheduledPurgeDate":1644439906},{"attributes":{"created":1643835096,"enabled":true,"exportable":false,"recoverableDays":7,"recoveryLevel":"CustomizedRecoverable+Purgeable","updated":1643835096},"deletedDate":1643835106,"kid":"https://managedhsmname.managedhsm.azure.net/keys/livekvtestkey2cf3012ee","recoveryId":"https://managedhsmname.managedhsm.azure.net/deletedkeys/livekvtestkey2cf3012ee","scheduledPurgeDate":1644439906},{"attributes":{"created":1643835099,"enabled":true,"exportable":false,"recoverableDays":7,"recoveryLevel":"CustomizedRecoverable+Purgeable","updated":1643835099},"deletedDate":1643835106,"kid":"https://managedhsmname.managedhsm.azure.net/keys/livekvtestkey3cf3012ee","recoveryId":"https://managedhsmname.managedhsm.azure.net/deletedkeys/livekvtestkey3cf3012ee","scheduledPurgeDate":1644439906},{"attributes":{"created":1643835101,"enabled":true,"exportable":false,"recoverableDays":7,"recoveryLevel":"CustomizedRecoverable+Purgeable","updated":1643835101},"deletedDate":1643835106,"kid":"https://managedhsmname.managedhsm.azure.net/keys/livekvtestkey4cf3012ee","recoveryId":"https://managedhsmname.managedhsm.azure.net/deletedkeys/livekvtestkey4cf3012ee","scheduledPurgeDate":1644439906},{"attributes":{"created":1643835103,"enabled":true,"exportable":false,"recoverableDays":7,"recoveryLevel":"CustomizedRecoverable+Purgeable","updated":1643835103},"deletedDate":1643835107,"kid":"https://managedhsmname.managedhsm.azure.net/keys/livekvtestkey5cf3012ee","recoveryId":"https://managedhsmname.managedhsm.azure.net/deletedkeys/livekvtestkey5cf3012ee","scheduledPurgeDate":1644439907},{"attributes":{"created":1643835105,"enabled":true,"exportable":false,"recoverableDays":7,"recoveryLevel":"CustomizedRecoverable+Purgeable","updated":1643835105},"deletedDate":1643835107,"kid":"https://managedhsmname.managedhsm.azure.net/keys/livekvtestkey6cf3012ee","recoveryId":"https://managedhsmname.managedhsm.azure.net/deletedkeys/livekvtestkey6cf3012ee","scheduledPurgeDate":1644439907},{"attributes":{"created":1643835110,"enabled":true,"exportable":false,"recoverableDays":7,"recoveryLevel":"CustomizedRecoverable+Purgeable","updated":1643835110},"deletedDate":1643835124,"kid":"https://managedhsmname.managedhsm.azure.net/keys/livekvtestkey076031650","recoveryId":"https://managedhsmname.managedhsm.azure.net/deletedkeys/livekvtestkey076031650","scheduledPurgeDate":1644439924},{"attributes":{"created":1643835112,"enabled":true,"exportable":false,"recoverableDays":7,"recoveryLevel":"CustomizedRecoverable+Purgeable","updated":1643835112},"deletedDate":1643835124,"kid":"https://managedhsmname.managedhsm.azure.net/keys/livekvtestkey176031650","recoveryId":"https://managedhsmname.managedhsm.azure.net/deletedkeys/livekvtestkey176031650","scheduledPurgeDate":1644439924},{"attributes":{"created":1643835114,"enabled":true,"exportable":false,"recoverableDays":7,"recoveryLevel":"CustomizedRecoverable+Purgeable","updated":1643835114},"deletedDate":1643835124,"kid":"https://managedhsmname.managedhsm.azure.net/keys/livekvtestkey276031650","recoveryId":"https://managedhsmname.managedhsm.azure.net/deletedkeys/livekvtestkey276031650","scheduledPurgeDate":1644439924}]}'
    headers:
      cache-control: no-cache
      content-length: '4111'
      content-security-policy: default-src 'self'
      content-type: application/json; charset=utf-8
      strict-transport-security: max-age=31536000; includeSubDomains
      x-content-type-options: nosniff
      x-frame-options: SAMEORIGIN
      x-ms-build-version: 1.0.20220117-1-eb2a1acb-1.0.20211206-1-be739728-develop
      x-ms-keyvault-network-info: conn_type=Ipv4;addr=172.92.159.124;act_addr_fam=Ipv4;
      x-ms-keyvault-region: westus2
      x-ms-server-latency: '42'
    status:
      code: 200
      message: OK
    url: https://mcpatinokvhsm.managedhsm.azure.net/deletedkeys?api-version=7.3-preview
- request:
    body: null
    headers:
      Accept:
      - application/json
      User-Agent:
      - azsdk-python-keyvault-keys/4.5.0b6 Python/3.10.0 (Windows-10-10.0.22000-SP0)
    method: GET
    uri: https://managedhsmname.managedhsm.azure.net/deletedkeys?api-version=7.3-preview&maxresults=25&$skiptoken=K1JJRDp-eTJabUFLOHItZFZSQUFBQUFBQUFBQT09I1JUOjEjVFJDOjEwI0lTVjoyI0lFTzo2NTU2NyNRQ0Y6NA
  response:
    body:
      string: '{"value":[{"attributes":{"created":1643835117,"enabled":true,"exportable":false,"recoverableDays":7,"recoveryLevel":"CustomizedRecoverable+Purgeable","updated":1643835117},"deletedDate":1643835125,"kid":"https://managedhsmname.managedhsm.azure.net/keys/livekvtestkey376031650","recoveryId":"https://managedhsmname.managedhsm.azure.net/deletedkeys/livekvtestkey376031650","scheduledPurgeDate":1644439925},{"attributes":{"created":1643835119,"enabled":true,"exportable":false,"recoverableDays":7,"recoveryLevel":"CustomizedRecoverable+Purgeable","updated":1643835119},"deletedDate":1643835125,"kid":"https://managedhsmname.managedhsm.azure.net/keys/livekvtestkey476031650","recoveryId":"https://managedhsmname.managedhsm.azure.net/deletedkeys/livekvtestkey476031650","scheduledPurgeDate":1644439925},{"attributes":{"created":1643835121,"enabled":true,"exportable":false,"recoverableDays":7,"recoveryLevel":"CustomizedRecoverable+Purgeable","updated":1643835121},"deletedDate":1643835125,"kid":"https://managedhsmname.managedhsm.azure.net/keys/livekvtestkey576031650","recoveryId":"https://managedhsmname.managedhsm.azure.net/deletedkeys/livekvtestkey576031650","scheduledPurgeDate":1644439925},{"attributes":{"created":1643835124,"enabled":true,"exportable":false,"recoverableDays":7,"recoveryLevel":"CustomizedRecoverable+Purgeable","updated":1643835124},"deletedDate":1643835125,"kid":"https://managedhsmname.managedhsm.azure.net/keys/livekvtestkey676031650","recoveryId":"https://managedhsmname.managedhsm.azure.net/deletedkeys/livekvtestkey676031650","scheduledPurgeDate":1644439925}]}'
    headers:
      cache-control: no-cache
      content-length: '1579'
      content-security-policy: default-src 'self'
      content-type: application/json; charset=utf-8
      strict-transport-security: max-age=31536000; includeSubDomains
      x-content-type-options: nosniff
      x-frame-options: SAMEORIGIN
      x-ms-build-version: 1.0.20220117-1-eb2a1acb-1.0.20211206-1-be739728-develop
      x-ms-keyvault-network-info: conn_type=Ipv4;addr=172.92.159.124;act_addr_fam=Ipv4;
      x-ms-keyvault-region: westus2
      x-ms-server-latency: '37'
    status:
      code: 200
      message: OK
    url: https://mcpatinokvhsm.managedhsm.azure.net/deletedkeys?api-version=7.3-preview&maxresults=25&$skiptoken=K1JJRDp-eTJabUFLOHItZFZSQUFBQUFBQUFBQT09I1JUOjEjVFJDOjEwI0lTVjoyI0lFTzo2NTU2NyNRQ0Y6NA
- request:
    body: null
    headers:
      Accept:
      - application/json
      User-Agent:
      - azsdk-python-keyvault-keys/4.5.0b6 Python/3.10.0 (Windows-10-10.0.22000-SP0)
    method: GET
    uri: https://managedhsmname.managedhsm.azure.net/deletedkeys?api-version=7.3-preview
  response:
    body:
      string: '{"nextLink":"https://managedhsmname.managedhsm.azure.net/deletedkeys?maxresults=25&$skiptoken=K1JJRDp-eTJabUFLOHItZFZSQUFBQUFBQUFBQT09I1JUOjEjVFJDOjEwI0lTVjoyI0lFTzo2NTU2NyNRQ0Y6NA","value":[{"attributes":{"created":1643835092,"enabled":true,"exportable":false,"recoverableDays":7,"recoveryLevel":"CustomizedRecoverable+Purgeable","updated":1643835092},"deletedDate":1643835106,"kid":"https://managedhsmname.managedhsm.azure.net/keys/livekvtestkey0cf3012ee","recoveryId":"https://managedhsmname.managedhsm.azure.net/deletedkeys/livekvtestkey0cf3012ee","scheduledPurgeDate":1644439906},{"attributes":{"created":1643835094,"enabled":true,"exportable":false,"recoverableDays":7,"recoveryLevel":"CustomizedRecoverable+Purgeable","updated":1643835094},"deletedDate":1643835106,"kid":"https://managedhsmname.managedhsm.azure.net/keys/livekvtestkey1cf3012ee","recoveryId":"https://managedhsmname.managedhsm.azure.net/deletedkeys/livekvtestkey1cf3012ee","scheduledPurgeDate":1644439906},{"attributes":{"created":1643835096,"enabled":true,"exportable":false,"recoverableDays":7,"recoveryLevel":"CustomizedRecoverable+Purgeable","updated":1643835096},"deletedDate":1643835106,"kid":"https://managedhsmname.managedhsm.azure.net/keys/livekvtestkey2cf3012ee","recoveryId":"https://managedhsmname.managedhsm.azure.net/deletedkeys/livekvtestkey2cf3012ee","scheduledPurgeDate":1644439906},{"attributes":{"created":1643835099,"enabled":true,"exportable":false,"recoverableDays":7,"recoveryLevel":"CustomizedRecoverable+Purgeable","updated":1643835099},"deletedDate":1643835106,"kid":"https://managedhsmname.managedhsm.azure.net/keys/livekvtestkey3cf3012ee","recoveryId":"https://managedhsmname.managedhsm.azure.net/deletedkeys/livekvtestkey3cf3012ee","scheduledPurgeDate":1644439906},{"attributes":{"created":1643835101,"enabled":true,"exportable":false,"recoverableDays":7,"recoveryLevel":"CustomizedRecoverable+Purgeable","updated":1643835101},"deletedDate":1643835106,"kid":"https://managedhsmname.managedhsm.azure.net/keys/livekvtestkey4cf3012ee","recoveryId":"https://managedhsmname.managedhsm.azure.net/deletedkeys/livekvtestkey4cf3012ee","scheduledPurgeDate":1644439906},{"attributes":{"created":1643835103,"enabled":true,"exportable":false,"recoverableDays":7,"recoveryLevel":"CustomizedRecoverable+Purgeable","updated":1643835103},"deletedDate":1643835107,"kid":"https://managedhsmname.managedhsm.azure.net/keys/livekvtestkey5cf3012ee","recoveryId":"https://managedhsmname.managedhsm.azure.net/deletedkeys/livekvtestkey5cf3012ee","scheduledPurgeDate":1644439907},{"attributes":{"created":1643835105,"enabled":true,"exportable":false,"recoverableDays":7,"recoveryLevel":"CustomizedRecoverable+Purgeable","updated":1643835105},"deletedDate":1643835107,"kid":"https://managedhsmname.managedhsm.azure.net/keys/livekvtestkey6cf3012ee","recoveryId":"https://managedhsmname.managedhsm.azure.net/deletedkeys/livekvtestkey6cf3012ee","scheduledPurgeDate":1644439907},{"attributes":{"created":1643835110,"enabled":true,"exportable":false,"recoverableDays":7,"recoveryLevel":"CustomizedRecoverable+Purgeable","updated":1643835110},"deletedDate":1643835124,"kid":"https://managedhsmname.managedhsm.azure.net/keys/livekvtestkey076031650","recoveryId":"https://managedhsmname.managedhsm.azure.net/deletedkeys/livekvtestkey076031650","scheduledPurgeDate":1644439924},{"attributes":{"created":1643835112,"enabled":true,"exportable":false,"recoverableDays":7,"recoveryLevel":"CustomizedRecoverable+Purgeable","updated":1643835112},"deletedDate":1643835124,"kid":"https://managedhsmname.managedhsm.azure.net/keys/livekvtestkey176031650","recoveryId":"https://managedhsmname.managedhsm.azure.net/deletedkeys/livekvtestkey176031650","scheduledPurgeDate":1644439924},{"attributes":{"created":1643835114,"enabled":true,"exportable":false,"recoverableDays":7,"recoveryLevel":"CustomizedRecoverable+Purgeable","updated":1643835114},"deletedDate":1643835124,"kid":"https://managedhsmname.managedhsm.azure.net/keys/livekvtestkey276031650","recoveryId":"https://managedhsmname.managedhsm.azure.net/deletedkeys/livekvtestkey276031650","scheduledPurgeDate":1644439924}]}'
    headers:
      cache-control: no-cache
      content-length: '4111'
      content-security-policy: default-src 'self'
      content-type: application/json; charset=utf-8
      strict-transport-security: max-age=31536000; includeSubDomains
      x-content-type-options: nosniff
      x-frame-options: SAMEORIGIN
      x-ms-build-version: 1.0.20220117-1-eb2a1acb-1.0.20211206-1-be739728-develop
      x-ms-keyvault-network-info: conn_type=Ipv4;addr=172.92.159.124;act_addr_fam=Ipv4;
      x-ms-keyvault-region: westus2
      x-ms-server-latency: '40'
    status:
      code: 200
      message: OK
    url: https://mcpatinokvhsm.managedhsm.azure.net/deletedkeys?api-version=7.3-preview
- request:
    body: null
    headers:
      Accept:
      - application/json
      User-Agent:
      - azsdk-python-keyvault-keys/4.5.0b6 Python/3.10.0 (Windows-10-10.0.22000-SP0)
    method: GET
    uri: https://managedhsmname.managedhsm.azure.net/deletedkeys?api-version=7.3-preview&maxresults=25&$skiptoken=K1JJRDp-eTJabUFLOHItZFZSQUFBQUFBQUFBQT09I1JUOjEjVFJDOjEwI0lTVjoyI0lFTzo2NTU2NyNRQ0Y6NA
  response:
    body:
      string: '{"value":[{"attributes":{"created":1643835117,"enabled":true,"exportable":false,"recoverableDays":7,"recoveryLevel":"CustomizedRecoverable+Purgeable","updated":1643835117},"deletedDate":1643835125,"kid":"https://managedhsmname.managedhsm.azure.net/keys/livekvtestkey376031650","recoveryId":"https://managedhsmname.managedhsm.azure.net/deletedkeys/livekvtestkey376031650","scheduledPurgeDate":1644439925},{"attributes":{"created":1643835119,"enabled":true,"exportable":false,"recoverableDays":7,"recoveryLevel":"CustomizedRecoverable+Purgeable","updated":1643835119},"deletedDate":1643835125,"kid":"https://managedhsmname.managedhsm.azure.net/keys/livekvtestkey476031650","recoveryId":"https://managedhsmname.managedhsm.azure.net/deletedkeys/livekvtestkey476031650","scheduledPurgeDate":1644439925},{"attributes":{"created":1643835121,"enabled":true,"exportable":false,"recoverableDays":7,"recoveryLevel":"CustomizedRecoverable+Purgeable","updated":1643835121},"deletedDate":1643835125,"kid":"https://managedhsmname.managedhsm.azure.net/keys/livekvtestkey576031650","recoveryId":"https://managedhsmname.managedhsm.azure.net/deletedkeys/livekvtestkey576031650","scheduledPurgeDate":1644439925},{"attributes":{"created":1643835124,"enabled":true,"exportable":false,"recoverableDays":7,"recoveryLevel":"CustomizedRecoverable+Purgeable","updated":1643835124},"deletedDate":1643835125,"kid":"https://managedhsmname.managedhsm.azure.net/keys/livekvtestkey676031650","recoveryId":"https://managedhsmname.managedhsm.azure.net/deletedkeys/livekvtestkey676031650","scheduledPurgeDate":1644439925}]}'
    headers:
      cache-control: no-cache
      content-length: '1579'
      content-security-policy: default-src 'self'
      content-type: application/json; charset=utf-8
      strict-transport-security: max-age=31536000; includeSubDomains
      x-content-type-options: nosniff
      x-frame-options: SAMEORIGIN
      x-ms-build-version: 1.0.20220117-1-eb2a1acb-1.0.20211206-1-be739728-develop
      x-ms-keyvault-network-info: conn_type=Ipv4;addr=172.92.159.124;act_addr_fam=Ipv4;
      x-ms-keyvault-region: westus2
      x-ms-server-latency: '31'
    status:
      code: 200
      message: OK
    url: https://mcpatinokvhsm.managedhsm.azure.net/deletedkeys?api-version=7.3-preview&maxresults=25&$skiptoken=K1JJRDp-eTJabUFLOHItZFZSQUFBQUFBQUFBQT09I1JUOjEjVFJDOjEwI0lTVjoyI0lFTzo2NTU2NyNRQ0Y6NA
version: 1
