interactions:
- request:
    body: null
    headers:
      Accept:
      - application/json
      Content-Length:
      - '0'
      Content-Type:
      - application/json
      User-Agent:
      - azsdk-python-keyvault-keys/4.4.0b4 Python/3.5.3 (Windows-10-10.0.19041-SP0)
    method: POST
    uri: https://managedhsmname.managedhsm.azure.net/keys/livekvtestkey0f7290e1e/create?api-version=7.2-preview
  response:
    body:
      string: ''
    headers:
      cache-control: no-cache
      content-length: '0'
      content-security-policy: default-src 'self'
      content-type: application/json; charset=utf-8
      strict-transport-security: max-age=31536000; includeSubDomains
      www-authenticate: Bearer authorization="https://login.microsoftonline.com/72f988bf-86f1-41af-91ab-2d7cd011db47",
        resource="https://managedhsm.azure.net"
      x-content-type-options: nosniff
      x-frame-options: SAMEORIGIN
      x-ms-server-latency: '1'
    status:
      code: 401
      message: Unauthorized
    url: https://mcpatinotesthsm.managedhsm.azure.net/keys/livekvtestkey0f7290e1e/create?api-version=7.2-preview
- request:
    body: '{"kty": "RSA-HSM"}'
    headers:
      Accept:
      - application/json
      Content-Length:
      - '18'
      Content-Type:
      - application/json
      User-Agent:
      - azsdk-python-keyvault-keys/4.4.0b4 Python/3.5.3 (Windows-10-10.0.19041-SP0)
    method: POST
    uri: https://managedhsmname.managedhsm.azure.net/keys/livekvtestkey0f7290e1e/create?api-version=7.2-preview
  response:
    body:
      string: '{"attributes":{"created":1616180980,"enabled":true,"exportable":false,"recoverableDays":90,"recoveryLevel":"Recoverable+Purgeable","updated":1616180980},"key":{"e":"AQAB","key_ops":["wrapKey","decrypt","encrypt","unwrapKey","sign","verify"],"kid":"https://managedhsmname.managedhsm.azure.net/keys/livekvtestkey0f7290e1e/c2da260513e747620c2b08331148e616","kty":"RSA-HSM","n":"uyxobd6tyeu8LtnU8uKU6KqPBQM5ZZf9U9s80vGRoqfeLkihLsCeMiJ7ptKM1j4KFnIk_MZidJQPyc89Wozz1ccid_SViFmRUxk6efE7AypbNWJltxDforINLvCAiySYJwkm34_wJbtPtmM9COw_mqnB0J-x6O39PAPW66chR_fRRK7k_F8Ec2WUwSFnbqhQcajHYKa4m8d-w5RTHQcD4YVVCAz3gJNBjHjXyd579-BneDTmUUUWcith5Y4S23_85B5kSLRLDqPSRR6G7q5lUcAD6NXJhUA62GcSMU9A-6CNObAAD19cR1abqbuhyAbxZqui8PhvxAu7Dc-1A8uzVw"}}'
    headers:
      cache-control: no-cache
      content-length: '721'
      content-security-policy: default-src 'self'
      content-type: application/json; charset=utf-8
      strict-transport-security: max-age=31536000; includeSubDomains
      x-content-type-options: nosniff
      x-frame-options: SAMEORIGIN
      x-ms-keyvault-network-info: addr=172.92.159.124
      x-ms-keyvault-region: eastus2
      x-ms-server-latency: '254'
    status:
      code: 200
      message: OK
    url: https://mcpatinotesthsm.managedhsm.azure.net/keys/livekvtestkey0f7290e1e/create?api-version=7.2-preview
- request:
    body: '{"kty": "RSA-HSM"}'
    headers:
      Accept:
      - application/json
      Content-Length:
      - '18'
      Content-Type:
      - application/json
      User-Agent:
      - azsdk-python-keyvault-keys/4.4.0b4 Python/3.5.3 (Windows-10-10.0.19041-SP0)
    method: POST
    uri: https://managedhsmname.managedhsm.azure.net/keys/livekvtestkey1f7290e1e/create?api-version=7.2-preview
  response:
    body:
      string: '{"attributes":{"created":1616180982,"enabled":true,"exportable":false,"recoverableDays":90,"recoveryLevel":"Recoverable+Purgeable","updated":1616180982},"key":{"e":"AQAB","key_ops":["wrapKey","decrypt","encrypt","unwrapKey","sign","verify"],"kid":"https://managedhsmname.managedhsm.azure.net/keys/livekvtestkey1f7290e1e/7b8e70726fdd472225a2f9b36f0bf3b1","kty":"RSA-HSM","n":"i853xWPz-Oeyqwe6h3fQL52NH-JD6al8hAigIo4Xxa9VsaJpj1QbnaEAgcq8E89NNx3tKv0uSsV8CCaDJE2SVKsNCgPpxV5j4FZh0fzGf2qEgasgUlhkOk6ssRl1o-eiKl7PQsbYe56hYHwwQ0QVsOq_yRlDKKc3D2jWLdVmOP__g67pGR0Qns-U2e61OqzpWgE10dnBOVhyUFxFuX3gG4vGuhKcY0-EuSgyyl_Qq480_TzzuCpUQvHG1h3cQMlTRtrH4HFloolfzYm6TIUi7lxFULPNXgjzj45mv8jKoeV6qxBh-slAfVAmr9zf-wyd9LXLa8LrEz1g_Asg2F0wSQ"}}'
    headers:
      cache-control: no-cache
      content-length: '721'
      content-security-policy: default-src 'self'
      content-type: application/json; charset=utf-8
      strict-transport-security: max-age=31536000; includeSubDomains
      x-content-type-options: nosniff
      x-frame-options: SAMEORIGIN
      x-ms-keyvault-network-info: addr=172.92.159.124
      x-ms-keyvault-region: eastus2
      x-ms-server-latency: '250'
    status:
      code: 200
      message: OK
    url: https://mcpatinotesthsm.managedhsm.azure.net/keys/livekvtestkey1f7290e1e/create?api-version=7.2-preview
- request:
    body: '{"kty": "RSA-HSM"}'
    headers:
      Accept:
      - application/json
      Content-Length:
      - '18'
      Content-Type:
      - application/json
      User-Agent:
      - azsdk-python-keyvault-keys/4.4.0b4 Python/3.5.3 (Windows-10-10.0.19041-SP0)
    method: POST
    uri: https://managedhsmname.managedhsm.azure.net/keys/livekvtestkey2f7290e1e/create?api-version=7.2-preview
  response:
    body:
      string: '{"attributes":{"created":1616180985,"enabled":true,"exportable":false,"recoverableDays":90,"recoveryLevel":"Recoverable+Purgeable","updated":1616180985},"key":{"e":"AQAB","key_ops":["wrapKey","decrypt","encrypt","unwrapKey","sign","verify"],"kid":"https://managedhsmname.managedhsm.azure.net/keys/livekvtestkey2f7290e1e/3fb0b5606a150682b7df2f4640a22062","kty":"RSA-HSM","n":"pw45fn1BRxdbGi6tEVJx8Bk1w04p9ZZnwmQ20COm2qrWAMbC3AFVrypm1O427MfTNRTNpZ9sIWtzrOaTRkWbN5Q9BGPqnYryDbrCHxCyGHhZ3cRWSy-ZOpY8_9ASls1dkN_ZBYtYbKTibt7IF0Ca6uKUHJJL5yJMCHJlXbSax_plvfZjD_f1s2Tau8TIEl0VAhIihC38CIl9w1giB0xH5hKLnM63INWSRd19_0EJ7MsLEQciyTaT6IpyATajUZX25b2jBWAtkXd98kaaMgy1S0QeA6imHq5hkSGWXess8izIiv56uInAyqKBwEVgGWceyAhygKjr0UTSYEoi3Ebdvw"}}'
    headers:
      cache-control: no-cache
      content-length: '721'
      content-security-policy: default-src 'self'
      content-type: application/json; charset=utf-8
      strict-transport-security: max-age=31536000; includeSubDomains
      x-content-type-options: nosniff
      x-frame-options: SAMEORIGIN
      x-ms-keyvault-network-info: addr=172.92.159.124
      x-ms-keyvault-region: eastus2
      x-ms-server-latency: '217'
    status:
      code: 200
      message: OK
    url: https://mcpatinotesthsm.managedhsm.azure.net/keys/livekvtestkey2f7290e1e/create?api-version=7.2-preview
- request:
    body: '{"kty": "RSA-HSM"}'
    headers:
      Accept:
      - application/json
      Content-Length:
      - '18'
      Content-Type:
      - application/json
      User-Agent:
      - azsdk-python-keyvault-keys/4.4.0b4 Python/3.5.3 (Windows-10-10.0.19041-SP0)
    method: POST
    uri: https://managedhsmname.managedhsm.azure.net/keys/livekvtestkey3f7290e1e/create?api-version=7.2-preview
  response:
    body:
      string: '{"attributes":{"created":1616180987,"enabled":true,"exportable":false,"recoverableDays":90,"recoveryLevel":"Recoverable+Purgeable","updated":1616180987},"key":{"e":"AQAB","key_ops":["wrapKey","decrypt","encrypt","unwrapKey","sign","verify"],"kid":"https://managedhsmname.managedhsm.azure.net/keys/livekvtestkey3f7290e1e/32e052948aa346431d4d79c7d447305a","kty":"RSA-HSM","n":"jQ8FRwEQbgC-E3HZjnrLArdzyJm_-8hOQoOdWTVfgaTaLa0CpwmHqwU2O9nWICnWeZznlOhGe9AiaQFRCWGNFBtHcKVyi42JHkinnNitvuIG-A0npiW45rT1xpR_oJ8LF4N0zPWF7FZJwYmGcKkKFBd2_8Ug7eox85SLKUC6HX89JuvfrmsnxCxu5An8GNfM9v8SFam0Dl0XBIFVOt0CpaZ_0fGcLWFa0m4rGnNd-UewmFhSyGDVdNzBPPMKOJQkSN3URL0Q8hxH6nMKrtkTnOQWKSqnC2x37qrtNvGlN9K3Jtf5qsqjyhFv4gEh7mu1ae_U28szDXKl8G_WcI6hdw"}}'
    headers:
      cache-control: no-cache
      content-length: '721'
      content-security-policy: default-src 'self'
      content-type: application/json; charset=utf-8
      strict-transport-security: max-age=31536000; includeSubDomains
      x-content-type-options: nosniff
      x-frame-options: SAMEORIGIN
      x-ms-keyvault-network-info: addr=172.92.159.124
      x-ms-keyvault-region: eastus2
      x-ms-server-latency: '225'
    status:
      code: 200
      message: OK
    url: https://mcpatinotesthsm.managedhsm.azure.net/keys/livekvtestkey3f7290e1e/create?api-version=7.2-preview
- request:
    body: '{"kty": "RSA-HSM"}'
    headers:
      Accept:
      - application/json
      Content-Length:
      - '18'
      Content-Type:
      - application/json
      User-Agent:
      - azsdk-python-keyvault-keys/4.4.0b4 Python/3.5.3 (Windows-10-10.0.19041-SP0)
    method: POST
    uri: https://managedhsmname.managedhsm.azure.net/keys/livekvtestkey4f7290e1e/create?api-version=7.2-preview
  response:
    body:
      string: '{"attributes":{"created":1616180989,"enabled":true,"exportable":false,"recoverableDays":90,"recoveryLevel":"Recoverable+Purgeable","updated":1616180989},"key":{"e":"AQAB","key_ops":["wrapKey","decrypt","encrypt","unwrapKey","sign","verify"],"kid":"https://managedhsmname.managedhsm.azure.net/keys/livekvtestkey4f7290e1e/4f5f24ba8c4c494208dc68b1c2bbc743","kty":"RSA-HSM","n":"q-glFbfIFVeDtCyezyBuXaLkhqKIkvb86NwkKOZzDG9T1D-ZND7FearsPsUBRqESvsxxTOzjkOVObTncJVYZJlov7WLzHumLaHaULddIstchRTY5gZZofCy7YqK9e2D5NyEcIUWdYNwtEx8vfIFvON1rc87LWBOJKoLm1YwKo17aFyjvn23hnA5NSKtOVQRn3VC9V9_hJ-DOl6su3Ttn3G6lecs-0cAhQJ2HXSv0zCJw12T20S-2BKI78DIN6cbmks0s4m7SMyau9QXCpa0J9j2dGzkP5EvX0BCi8gp9P8wiWWK6Y2mg7a_CxUEAz1T7s2viFHvWksJwm7kPp3_fLQ"}}'
    headers:
      cache-control: no-cache
      content-length: '721'
      content-security-policy: default-src 'self'
      content-type: application/json; charset=utf-8
      strict-transport-security: max-age=31536000; includeSubDomains
      x-content-type-options: nosniff
      x-frame-options: SAMEORIGIN
      x-ms-keyvault-network-info: addr=172.92.159.124
      x-ms-keyvault-region: eastus2
      x-ms-server-latency: '232'
    status:
      code: 200
      message: OK
    url: https://mcpatinotesthsm.managedhsm.azure.net/keys/livekvtestkey4f7290e1e/create?api-version=7.2-preview
- request:
    body: '{"kty": "RSA-HSM"}'
    headers:
      Accept:
      - application/json
      Content-Length:
      - '18'
      Content-Type:
      - application/json
      User-Agent:
      - azsdk-python-keyvault-keys/4.4.0b4 Python/3.5.3 (Windows-10-10.0.19041-SP0)
    method: POST
    uri: https://managedhsmname.managedhsm.azure.net/keys/livekvtestkey5f7290e1e/create?api-version=7.2-preview
  response:
    body:
      string: '{"attributes":{"created":1616180992,"enabled":true,"exportable":false,"recoverableDays":90,"recoveryLevel":"Recoverable+Purgeable","updated":1616180992},"key":{"e":"AQAB","key_ops":["wrapKey","decrypt","encrypt","unwrapKey","sign","verify"],"kid":"https://managedhsmname.managedhsm.azure.net/keys/livekvtestkey5f7290e1e/9e303539271743b7833de20f6ecad97e","kty":"RSA-HSM","n":"ikXqR2_IEdOonEAATqwPjRm33N9zuDhiYAYCgpL73P36HR1jr1T5i0xNsNjFYewNn1KlAB10YuPccPvhb1WouJ-oTcVWX7WaQOIA41_xFLDm6_HuMtNv9xg-eEBBcxOWOFUhuwFLJKTVNR0b-5uAP12UqYqcaPb2Zw1mr_cMe96WuWVbiAw6FkGEqWbdC8omiifnJhEz4aZDNaJNVjBtujBZGiFCD9QMHPFM0ap1rBSgY0AXljZ66fZ_LRtYTLYvjMNm424E2Onmq72zCstICB7ii5ikeX7S2DXUQXxbTsLRmjyoBvukVkRp5sQAjw4-ryGWzvwLOzQD27p815258Q"}}'
    headers:
      cache-control: no-cache
      content-length: '721'
      content-security-policy: default-src 'self'
      content-type: application/json; charset=utf-8
      strict-transport-security: max-age=31536000; includeSubDomains
      x-content-type-options: nosniff
      x-frame-options: SAMEORIGIN
      x-ms-keyvault-network-info: addr=172.92.159.124
      x-ms-keyvault-region: eastus2
      x-ms-server-latency: '249'
    status:
      code: 200
      message: OK
    url: https://mcpatinotesthsm.managedhsm.azure.net/keys/livekvtestkey5f7290e1e/create?api-version=7.2-preview
- request:
    body: '{"kty": "RSA-HSM"}'
    headers:
      Accept:
      - application/json
      Content-Length:
      - '18'
      Content-Type:
      - application/json
      User-Agent:
      - azsdk-python-keyvault-keys/4.4.0b4 Python/3.5.3 (Windows-10-10.0.19041-SP0)
    method: POST
    uri: https://managedhsmname.managedhsm.azure.net/keys/livekvtestkey6f7290e1e/create?api-version=7.2-preview
  response:
    body:
      string: '{"attributes":{"created":1616180994,"enabled":true,"exportable":false,"recoverableDays":90,"recoveryLevel":"Recoverable+Purgeable","updated":1616180994},"key":{"e":"AQAB","key_ops":["wrapKey","decrypt","encrypt","unwrapKey","sign","verify"],"kid":"https://managedhsmname.managedhsm.azure.net/keys/livekvtestkey6f7290e1e/425752a7e5af4c853f24c9b58888f07d","kty":"RSA-HSM","n":"sKI5L50U9yLysqdjjxKHRBjzzj5WSK86oK1ngZ7mHu62i61cW2sUtWoh-ujwtPAQ9YQd79k-Ia9-3THG8JEzZco1c8kW8CDUIJXkcKarSxUayNzHaMh1QV7hemdtTZWH6PDRLovPG3ewjn9X9b0gXNramX8qd0wuGG89byriBHpUHzpkDVhyhW6GLHKsIdf5towCChcIMBzz6ahPRdeCGRpKSWN0x9flRQ9kyZF5VqI6VcYHMY6U-MIOpuwCCz9ubHse4dk-GhufQzhybdT4C2O9R7JFvSy_cpN4d17PdqJOlR98RjK9UeStpM_vpnN79cRexmRijsCSFKhFZlPbfQ"}}'
    headers:
      cache-control: no-cache
      content-length: '721'
      content-security-policy: default-src 'self'
      content-type: application/json; charset=utf-8
      strict-transport-security: max-age=31536000; includeSubDomains
      x-content-type-options: nosniff
      x-frame-options: SAMEORIGIN
      x-ms-keyvault-network-info: addr=172.92.159.124
      x-ms-keyvault-region: eastus2
      x-ms-server-latency: '284'
    status:
      code: 200
      message: OK
    url: https://mcpatinotesthsm.managedhsm.azure.net/keys/livekvtestkey6f7290e1e/create?api-version=7.2-preview
- request:
    body: null
    headers:
      Accept:
      - application/json
      User-Agent:
      - azsdk-python-keyvault-keys/4.4.0b4 Python/3.5.3 (Windows-10-10.0.19041-SP0)
    method: GET
    uri: https://managedhsmname.managedhsm.azure.net/keys?api-version=7.2-preview&maxresults=6
  response:
    body:
      string: '{"nextLink":"https://managedhsmname.managedhsm.azure.net/keys?maxresults=6&$skiptoken=K1JJRDp-UEFzSEFJZ3ZDcVFSQUFBQUFBQUFBQT09I1JUOjEjVFJDOjYjSVNWOjIjSUVPOjY1NTY3I1FDRjoz","value":[{"attributes":{"created":1616110679,"enabled":true,"exportable":false,"recoverableDays":90,"recoveryLevel":"Recoverable+Purgeable","updated":1616110679},"kid":"https://managedhsmname.managedhsm.azure.net/keys/livekvtestkey0f5430e0c"},{"attributes":{"created":1616110681,"enabled":true,"exportable":false,"recoverableDays":90,"recoveryLevel":"Recoverable+Purgeable","updated":1616110681},"kid":"https://managedhsmname.managedhsm.azure.net/keys/livekvtestkey1f5430e0c"},{"attributes":{"created":1616110683,"enabled":true,"exportable":false,"recoverableDays":90,"recoveryLevel":"Recoverable+Purgeable","updated":1616110683},"kid":"https://managedhsmname.managedhsm.azure.net/keys/livekvtestkey2f5430e0c"},{"attributes":{"created":1616110686,"enabled":true,"exportable":false,"recoverableDays":90,"recoveryLevel":"Recoverable+Purgeable","updated":1616110686},"kid":"https://managedhsmname.managedhsm.azure.net/keys/livekvtestkey3f5430e0c"},{"attributes":{"created":1616110688,"enabled":true,"exportable":false,"recoverableDays":90,"recoveryLevel":"Recoverable+Purgeable","updated":1616110688},"kid":"https://managedhsmname.managedhsm.azure.net/keys/livekvtestkey4f5430e0c"},{"attributes":{"created":1616110690,"enabled":true,"exportable":false,"recoverableDays":90,"recoveryLevel":"Recoverable+Purgeable","updated":1616110690},"kid":"https://managedhsmname.managedhsm.azure.net/keys/livekvtestkey5f5430e0c"}]}'
    headers:
      cache-control: no-cache
      content-length: '1593'
      content-security-policy: default-src 'self'
      content-type: application/json; charset=utf-8
      strict-transport-security: max-age=31536000; includeSubDomains
      x-content-type-options: nosniff
      x-frame-options: SAMEORIGIN
      x-ms-build-version: 1.0.20210306-1-6fb7c19a-develop
      x-ms-keyvault-network-info: addr=172.92.159.124
      x-ms-keyvault-region: eastus2
      x-ms-server-latency: '41'
    status:
      code: 200
      message: OK
    url: https://mcpatinotesthsm.managedhsm.azure.net/keys?api-version=7.2-preview&maxresults=6
- request:
    body: null
    headers:
      Accept:
      - application/json
      User-Agent:
      - azsdk-python-keyvault-keys/4.4.0b4 Python/3.5.3 (Windows-10-10.0.19041-SP0)
    method: GET
    uri: https://managedhsmname.managedhsm.azure.net/keys?maxresults=6&$skiptoken=K1JJRDp-UEFzSEFJZ3ZDcVFSQUFBQUFBQUFBQT09I1JUOjEjVFJDOjYjSVNWOjIjSUVPOjY1NTY3I1FDRjoz
  response:
    body:
      string: '{"nextLink":"https://managedhsmname.managedhsm.azure.net/keys?maxresults=6&$skiptoken=K1JJRDp-UEFzSEFJZ3ZDcVF4QUFBQUFBQUFBQT09I1JUOjIjVFJDOjEyI0lTVjoyI0lFTzo2NTU2NyNRQ0Y6Mw","value":[{"attributes":{"created":1616110693,"enabled":true,"exportable":false,"recoverableDays":90,"recoveryLevel":"Recoverable+Purgeable","updated":1616110693},"kid":"https://managedhsmname.managedhsm.azure.net/keys/livekvtestkey6f5430e0c"},{"attributes":{"created":1616110777,"enabled":true,"exportable":false,"recoverableDays":90,"recoveryLevel":"Recoverable+Purgeable","updated":1616110777},"kid":"https://managedhsmname.managedhsm.azure.net/keys/livekvtesttestKey42eb103c"},{"attributes":{"created":1616111203,"enabled":true,"exportable":false,"recoverableDays":90,"recoveryLevel":"Recoverable+Purgeable","updated":1616111203},"kid":"https://managedhsmname.managedhsm.azure.net/keys/livekvtestrsa-key-name72141126"},{"attributes":{"created":1616111209,"enabled":true,"exportable":false,"recoverableDays":90,"recoveryLevel":"Recoverable+Purgeable","updated":1616111209},"kid":"https://managedhsmname.managedhsm.azure.net/keys/livekvtestrsa-key-name60bf10b9"},{"attributes":{"created":1616111274,"enabled":true,"exportable":false,"recoverableDays":90,"recoveryLevel":"Recoverable+Purgeable","updated":1616111274},"kid":"https://managedhsmname.managedhsm.azure.net/keys/livekvtestkey0e73d0d9e"},{"attributes":{"created":1616111276,"enabled":true,"exportable":false,"recoverableDays":90,"recoveryLevel":"Recoverable+Purgeable","updated":1616111276},"kid":"https://managedhsmname.managedhsm.azure.net/keys/livekvtestkey1e73d0d9e"}]}'
    headers:
      cache-control: no-cache
      content-length: '1614'
      content-security-policy: default-src 'self'
      content-type: application/json; charset=utf-8
      strict-transport-security: max-age=31536000; includeSubDomains
      x-content-type-options: nosniff
      x-frame-options: SAMEORIGIN
      x-ms-build-version: 1.0.20210306-1-6fb7c19a-develop
      x-ms-keyvault-network-info: addr=172.92.159.124
      x-ms-keyvault-region: eastus2
      x-ms-server-latency: '51'
    status:
      code: 200
      message: OK
    url: https://mcpatinotesthsm.managedhsm.azure.net/keys?maxresults=6&$skiptoken=K1JJRDp-UEFzSEFJZ3ZDcVFSQUFBQUFBQUFBQT09I1JUOjEjVFJDOjYjSVNWOjIjSUVPOjY1NTY3I1FDRjoz
- request:
    body: null
    headers:
      Accept:
      - application/json
      User-Agent:
      - azsdk-python-keyvault-keys/4.4.0b4 Python/3.5.3 (Windows-10-10.0.19041-SP0)
    method: GET
    uri: https://managedhsmname.managedhsm.azure.net/keys?maxresults=6&$skiptoken=K1JJRDp-UEFzSEFJZ3ZDcVF4QUFBQUFBQUFBQT09I1JUOjIjVFJDOjEyI0lTVjoyI0lFTzo2NTU2NyNRQ0Y6Mw
  response:
    body:
      string: '{"nextLink":"https://managedhsmname.managedhsm.azure.net/keys?maxresults=6&$skiptoken=K1JJRDp-UEFzSEFJZ3ZDcVJMQUFBQUFBQUFBQT09I1JUOjMjVFJDOjE4I0lTVjoyI0lFTzo2NTU2NyNRQ0Y6Mw","value":[{"attributes":{"created":1616111278,"enabled":true,"exportable":false,"recoverableDays":90,"recoveryLevel":"Recoverable+Purgeable","updated":1616111278},"kid":"https://managedhsmname.managedhsm.azure.net/keys/livekvtestkey2e73d0d9e"},{"attributes":{"created":1616111281,"enabled":true,"exportable":false,"recoverableDays":90,"recoveryLevel":"Recoverable+Purgeable","updated":1616111281},"kid":"https://managedhsmname.managedhsm.azure.net/keys/livekvtestkey3e73d0d9e"},{"attributes":{"created":1616111283,"enabled":true,"exportable":false,"recoverableDays":90,"recoveryLevel":"Recoverable+Purgeable","updated":1616111283},"kid":"https://managedhsmname.managedhsm.azure.net/keys/livekvtestkey4e73d0d9e"},{"attributes":{"created":1616111285,"enabled":true,"exportable":false,"recoverableDays":90,"recoveryLevel":"Recoverable+Purgeable","updated":1616111285},"kid":"https://managedhsmname.managedhsm.azure.net/keys/livekvtestkey5e73d0d9e"},{"attributes":{"created":1616111288,"enabled":true,"exportable":false,"recoverableDays":90,"recoveryLevel":"Recoverable+Purgeable","updated":1616111288},"kid":"https://managedhsmname.managedhsm.azure.net/keys/livekvtestkey6e73d0d9e"},{"attributes":{"created":1616112118,"enabled":true,"exportable":true,"recoverableDays":90,"recoveryLevel":"Recoverable+Purgeable","updated":1616112118},"kid":"https://managedhsmname.managedhsm.azure.net/keys/livekvtestkeybak51231081"}]}'
    headers:
      cache-control: no-cache
      content-length: '1596'
      content-security-policy: default-src 'self'
      content-type: application/json; charset=utf-8
      strict-transport-security: max-age=31536000; includeSubDomains
      x-content-type-options: nosniff
      x-frame-options: SAMEORIGIN
      x-ms-build-version: 1.0.20210306-1-6fb7c19a-develop
      x-ms-keyvault-network-info: addr=172.92.159.124
      x-ms-keyvault-region: eastus2
      x-ms-server-latency: '50'
    status:
      code: 200
      message: OK
    url: https://mcpatinotesthsm.managedhsm.azure.net/keys?maxresults=6&$skiptoken=K1JJRDp-UEFzSEFJZ3ZDcVF4QUFBQUFBQUFBQT09I1JUOjIjVFJDOjEyI0lTVjoyI0lFTzo2NTU2NyNRQ0Y6Mw
- request:
    body: null
    headers:
      Accept:
      - application/json
      User-Agent:
      - azsdk-python-keyvault-keys/4.4.0b4 Python/3.5.3 (Windows-10-10.0.19041-SP0)
    method: GET
    uri: https://managedhsmname.managedhsm.azure.net/keys?maxresults=6&$skiptoken=K1JJRDp-UEFzSEFJZ3ZDcVJMQUFBQUFBQUFBQT09I1JUOjMjVFJDOjE4I0lTVjoyI0lFTzo2NTU2NyNRQ0Y6Mw
  response:
    body:
      string: '{"nextLink":"https://managedhsmname.managedhsm.azure.net/keys?maxresults=6&$skiptoken=K1JJRDp-UEFzSEFJZ3ZDcVJsQUFBQUFBQUFBQT09I1JUOjQjVFJDOjI0I0lTVjoyI0lFTzo2NTU2NyNRQ0Y6Mw","value":[{"attributes":{"created":1616179992,"enabled":true,"exportable":false,"recoverableDays":90,"recoveryLevel":"Recoverable+Purgeable","updated":1616179992},"kid":"https://managedhsmname.managedhsm.azure.net/keys/livekvtestrsa-key-name748a1138"},{"attributes":{"created":1616179999,"enabled":true,"exportable":false,"recoverableDays":90,"recoveryLevel":"Recoverable+Purgeable","updated":1616179999},"kid":"https://managedhsmname.managedhsm.azure.net/keys/livekvtestrsa-key-name632310cb"},{"attributes":{"created":1616180355,"enabled":true,"exportable":false,"recoverableDays":90,"recoveryLevel":"Recoverable+Purgeable","updated":1616180355},"kid":"https://managedhsmname.managedhsm.azure.net/keys/livekvtestkey0e9110db0"},{"attributes":{"created":1616180358,"enabled":true,"exportable":false,"recoverableDays":90,"recoveryLevel":"Recoverable+Purgeable","updated":1616180358},"kid":"https://managedhsmname.managedhsm.azure.net/keys/livekvtestkey1e9110db0"},{"attributes":{"created":1616180360,"enabled":true,"exportable":false,"recoverableDays":90,"recoveryLevel":"Recoverable+Purgeable","updated":1616180360},"kid":"https://managedhsmname.managedhsm.azure.net/keys/livekvtestkey2e9110db0"},{"attributes":{"created":1616180362,"enabled":true,"exportable":false,"recoverableDays":90,"recoveryLevel":"Recoverable+Purgeable","updated":1616180362},"kid":"https://managedhsmname.managedhsm.azure.net/keys/livekvtestkey3e9110db0"}]}'
    headers:
      cache-control: no-cache
      content-length: '1611'
      content-security-policy: default-src 'self'
      content-type: application/json; charset=utf-8
      strict-transport-security: max-age=31536000; includeSubDomains
      x-content-type-options: nosniff
      x-frame-options: SAMEORIGIN
      x-ms-build-version: 1.0.20210306-1-6fb7c19a-develop
      x-ms-keyvault-network-info: addr=172.92.159.124
      x-ms-keyvault-region: eastus2
      x-ms-server-latency: '38'
    status:
      code: 200
      message: OK
    url: https://mcpatinotesthsm.managedhsm.azure.net/keys?maxresults=6&$skiptoken=K1JJRDp-UEFzSEFJZ3ZDcVJMQUFBQUFBQUFBQT09I1JUOjMjVFJDOjE4I0lTVjoyI0lFTzo2NTU2NyNRQ0Y6Mw
- request:
    body: null
    headers:
      Accept:
      - application/json
      User-Agent:
      - azsdk-python-keyvault-keys/4.4.0b4 Python/3.5.3 (Windows-10-10.0.19041-SP0)
    method: GET
    uri: https://managedhsmname.managedhsm.azure.net/keys?maxresults=6&$skiptoken=K1JJRDp-UEFzSEFJZ3ZDcVJsQUFBQUFBQUFBQT09I1JUOjQjVFJDOjI0I0lTVjoyI0lFTzo2NTU2NyNRQ0Y6Mw
  response:
    body:
      string: '{"nextLink":"https://managedhsmname.managedhsm.azure.net/keys?maxresults=6&$skiptoken=K1JJRDp-UEFzSEFJZ3ZDcVNGQUFBQUFBQUFBQT09I1JUOjUjVFJDOjMwI0lTVjoyI0lFTzo2NTU2NyNRQ0Y6Mw","value":[{"attributes":{"created":1616180365,"enabled":true,"exportable":false,"recoverableDays":90,"recoveryLevel":"Recoverable+Purgeable","updated":1616180365},"kid":"https://managedhsmname.managedhsm.azure.net/keys/livekvtestkey4e9110db0"},{"attributes":{"created":1616180367,"enabled":true,"exportable":false,"recoverableDays":90,"recoveryLevel":"Recoverable+Purgeable","updated":1616180367},"kid":"https://managedhsmname.managedhsm.azure.net/keys/livekvtestkey5e9110db0"},{"attributes":{"created":1616180369,"enabled":true,"exportable":false,"recoverableDays":90,"recoveryLevel":"Recoverable+Purgeable","updated":1616180369},"kid":"https://managedhsmname.managedhsm.azure.net/keys/livekvtestkey6e9110db0"},{"attributes":{"created":1616180787,"enabled":true,"exportable":false,"recoverableDays":90,"recoveryLevel":"Recoverable+Purgeable","updated":1616180787},"kid":"https://managedhsmname.managedhsm.azure.net/keys/livekvtesttestKey452b104e"},{"attributes":{"created":1616180889,"enabled":true,"exportable":true,"recoverableDays":90,"recoveryLevel":"Recoverable+Purgeable","updated":1616180889},"kid":"https://managedhsmname.managedhsm.azure.net/keys/livekvtestkeybak53751093"},{"attributes":{"created":1616180936,"enabled":true,"exportable":false,"recoverableDays":90,"recoveryLevel":"Recoverable+Purgeable","updated":1616180936},"kid":"https://managedhsmname.managedhsm.azure.net/keys/livekvtestcrud-ec-keyad4b12b3","tags":{"purpose":"unit
        test","test name":"CreateECKeyTest"}}]}'
    headers:
      cache-control: no-cache
      content-length: '1667'
      content-security-policy: default-src 'self'
      content-type: application/json; charset=utf-8
      strict-transport-security: max-age=31536000; includeSubDomains
      x-content-type-options: nosniff
      x-frame-options: SAMEORIGIN
      x-ms-build-version: 1.0.20210306-1-6fb7c19a-develop
      x-ms-keyvault-network-info: addr=172.92.159.124
      x-ms-keyvault-region: eastus2
      x-ms-server-latency: '37'
    status:
      code: 200
      message: OK
    url: https://mcpatinotesthsm.managedhsm.azure.net/keys?maxresults=6&$skiptoken=K1JJRDp-UEFzSEFJZ3ZDcVJsQUFBQUFBQUFBQT09I1JUOjQjVFJDOjI0I0lTVjoyI0lFTzo2NTU2NyNRQ0Y6Mw
- request:
    body: null
    headers:
      Accept:
      - application/json
      User-Agent:
      - azsdk-python-keyvault-keys/4.4.0b4 Python/3.5.3 (Windows-10-10.0.19041-SP0)
    method: GET
    uri: https://managedhsmname.managedhsm.azure.net/keys?maxresults=6&$skiptoken=K1JJRDp-UEFzSEFJZ3ZDcVNGQUFBQUFBQUFBQT09I1JUOjUjVFJDOjMwI0lTVjoyI0lFTzo2NTU2NyNRQ0Y6Mw
  response:
    body:
      string: '{"nextLink":"https://managedhsmname.managedhsm.azure.net/keys?maxresults=6&$skiptoken=K1JJRDp-UEFzSEFJZ3ZDcVNUQUFBQUFBQUFBQT09I1JUOjYjVFJDOjM2I0lTVjoyI0lFTzo2NTU2NyNRQ0Y6Mw","value":[{"attributes":{"created":1616180939,"enabled":true,"exportable":false,"recoverableDays":90,"recoveryLevel":"Recoverable+Purgeable","updated":1616180939},"kid":"https://managedhsmname.managedhsm.azure.net/keys/livekvtestcrud-P-256-ec-keyad4b12b3"},{"attributes":{"created":1616180939,"enabled":true,"exportable":false,"recoverableDays":90,"recoveryLevel":"Recoverable+Purgeable","updated":1616180939},"kid":"https://managedhsmname.managedhsm.azure.net/keys/livekvtestimport-test-keyad4b12b3"},{"attributes":{"created":1616180980,"enabled":true,"exportable":false,"recoverableDays":90,"recoveryLevel":"Recoverable+Purgeable","updated":1616180980},"kid":"https://managedhsmname.managedhsm.azure.net/keys/livekvtestkey0f7290e1e"},{"attributes":{"created":1616180982,"enabled":true,"exportable":false,"recoverableDays":90,"recoveryLevel":"Recoverable+Purgeable","updated":1616180982},"kid":"https://managedhsmname.managedhsm.azure.net/keys/livekvtestkey1f7290e1e"},{"attributes":{"created":1616180985,"enabled":true,"exportable":false,"recoverableDays":90,"recoveryLevel":"Recoverable+Purgeable","updated":1616180985},"kid":"https://managedhsmname.managedhsm.azure.net/keys/livekvtestkey2f7290e1e"},{"attributes":{"created":1616180987,"enabled":true,"exportable":false,"recoverableDays":90,"recoveryLevel":"Recoverable+Purgeable","updated":1616180987},"kid":"https://managedhsmname.managedhsm.azure.net/keys/livekvtestkey3f7290e1e"}]}'
    headers:
      cache-control: no-cache
      content-length: '1619'
      content-security-policy: default-src 'self'
      content-type: application/json; charset=utf-8
      strict-transport-security: max-age=31536000; includeSubDomains
      x-content-type-options: nosniff
      x-frame-options: SAMEORIGIN
      x-ms-build-version: 1.0.20210306-1-6fb7c19a-develop
      x-ms-keyvault-network-info: addr=172.92.159.124
      x-ms-keyvault-region: eastus2
      x-ms-server-latency: '37'
    status:
      code: 200
      message: OK
    url: https://mcpatinotesthsm.managedhsm.azure.net/keys?maxresults=6&$skiptoken=K1JJRDp-UEFzSEFJZ3ZDcVNGQUFBQUFBQUFBQT09I1JUOjUjVFJDOjMwI0lTVjoyI0lFTzo2NTU2NyNRQ0Y6Mw
- request:
    body: null
    headers:
      Accept:
      - application/json
      User-Agent:
      - azsdk-python-keyvault-keys/4.4.0b4 Python/3.5.3 (Windows-10-10.0.19041-SP0)
    method: GET
    uri: https://managedhsmname.managedhsm.azure.net/keys?maxresults=6&$skiptoken=K1JJRDp-UEFzSEFJZ3ZDcVNUQUFBQUFBQUFBQT09I1JUOjYjVFJDOjM2I0lTVjoyI0lFTzo2NTU2NyNRQ0Y6Mw
  response:
    body:
      string: '{"value":[{"attributes":{"created":1616180989,"enabled":true,"exportable":false,"recoverableDays":90,"recoveryLevel":"Recoverable+Purgeable","updated":1616180989},"kid":"https://managedhsmname.managedhsm.azure.net/keys/livekvtestkey4f7290e1e"},{"attributes":{"created":1616180992,"enabled":true,"exportable":false,"recoverableDays":90,"recoveryLevel":"Recoverable+Purgeable","updated":1616180992},"kid":"https://managedhsmname.managedhsm.azure.net/keys/livekvtestkey5f7290e1e"},{"attributes":{"created":1616180994,"enabled":true,"exportable":false,"recoverableDays":90,"recoveryLevel":"Recoverable+Purgeable","updated":1616180994},"kid":"https://managedhsmname.managedhsm.azure.net/keys/livekvtestkey6f7290e1e"}]}'
    headers:
      cache-control: no-cache
      content-length: '716'
      content-security-policy: default-src 'self'
      content-type: application/json; charset=utf-8
      strict-transport-security: max-age=31536000; includeSubDomains
      x-content-type-options: nosniff
      x-frame-options: SAMEORIGIN
      x-ms-build-version: 1.0.20210306-1-6fb7c19a-develop
      x-ms-keyvault-network-info: addr=172.92.159.124
      x-ms-keyvault-region: eastus2
      x-ms-server-latency: '36'
    status:
      code: 200
      message: OK
    url: https://mcpatinotesthsm.managedhsm.azure.net/keys?maxresults=6&$skiptoken=K1JJRDp-UEFzSEFJZ3ZDcVNUQUFBQUFBQUFBQT09I1JUOjYjVFJDOjM2I0lTVjoyI0lFTzo2NTU2NyNRQ0Y6Mw
version: 1
