interactions:
- request:
    body: null
    headers:
      Accept: [application/json]
      Accept-Encoding: ['gzip, deflate']
      Connection: [keep-alive]
      Content-Length: ['0']
      Content-Type: [application/json; charset=utf-8]
      User-Agent: [azsdk-python-keyvault-keys/4.0.0b2 Python/3.6.6 (Windows-10-10.0.18362-SP0)]
    method: POST
    uri: https://vault6742f5fa0e28.vault.azure.net/keys/testKeyf5fa0e28/create?api-version=7.0
  response:
    body: {string: '{"error":{"code":"Unauthorized","message":"Request is missing
        a Bearer or PoP token."}}'}
    headers:
      cache-control: [no-cache]
      content-length: ['87']
      content-type: [application/json; charset=utf-8]
      date: ['Mon, 26 Aug 2019 16:29:21 GMT']
      expires: ['-1']
      pragma: [no-cache]
      server: [Microsoft-IIS/10.0]
      strict-transport-security: [max-age=31536000;includeSubDomains]
      www-authenticate: ['Bearer authorization="https://login.windows.net/72f988bf-86f1-41af-91ab-2d7cd011db47",
          resource="https://vault.azure.net"']
      x-aspnet-version: [4.0.30319]
      x-content-type-options: [nosniff]
      x-ms-keyvault-network-info: [addr=131.107.160.72;act_addr_fam=InterNetwork;]
      x-ms-keyvault-region: [westus]
      x-ms-keyvault-service-version: [1.1.0.876]
      x-powered-by: [ASP.NET]
    status: {code: 401, message: Unauthorized}
- request:
    body: '{"kty": "RSA"}'
    headers:
      Accept: [application/json]
      Accept-Encoding: ['gzip, deflate']
      Connection: [keep-alive]
      Content-Length: ['14']
      Content-Type: [application/json; charset=utf-8]
      User-Agent: [azsdk-python-keyvault-keys/4.0.0b2 Python/3.6.6 (Windows-10-10.0.18362-SP0)]
    method: POST
    uri: https://vault6742f5fa0e28.vault.azure.net/keys/testKeyf5fa0e28/create?api-version=7.0
  response:
    body: {string: '{"key":{"kid":"https://vault6742f5fa0e28.vault.azure.net/keys/testKeyf5fa0e28/be2c307983454328b397ced0ef2141d7","kty":"RSA","key_ops":["encrypt","decrypt","sign","verify","wrapKey","unwrapKey"],"n":"1X_jpd-vIcYrwymJdJTSk41nYu2kYUnv38VKXUyqwT53ddBoRK7KC1bae-yOauKfzAv5P87SO_fuOUXFgWUW5-BxdyVzr9tbr3diGw_OwyByI4DDR1T0dmclNn3Qk9PGb2OFJPLa4mrq0a3FeLwMGACHqiWje6qEb11VASYZFZ4ORjxEktbAtGC4nFWym5oXYzthSQ4oUHDHqYYgZ_Va1jhg3i1tVobMRIY2AKPhfDDwKAXhXu6L0hGgkHXHsWdMw5zsbWKb4PcnqHEJMryEfEljJbl9ZAzmLCzOUYLT1HNNUQAZXKTXrfD57M9x32zGl2EnUui6CnsnbcMQbhHwnw","e":"AQAB"},"attributes":{"enabled":true,"created":1566836962,"updated":1566836962,"recoveryLevel":"Purgeable"}}'}
    headers:
      cache-control: [no-cache]
      content-length: ['655']
      content-type: [application/json; charset=utf-8]
      date: ['Mon, 26 Aug 2019 16:29:22 GMT']
      expires: ['-1']
      pragma: [no-cache]
      server: [Microsoft-IIS/10.0]
      strict-transport-security: [max-age=31536000;includeSubDomains]
      x-aspnet-version: [4.0.30319]
      x-content-type-options: [nosniff]
      x-ms-keyvault-network-info: [addr=131.107.160.72;act_addr_fam=InterNetwork;]
      x-ms-keyvault-region: [westus]
      x-ms-keyvault-service-version: [1.1.0.876]
      x-powered-by: [ASP.NET]
    status: {code: 200, message: OK}
- request:
    body: '{"kty": "RSA"}'
    headers:
      Accept: [application/json]
      Accept-Encoding: ['gzip, deflate']
      Connection: [keep-alive]
      Content-Length: ['14']
      Content-Type: [application/json; charset=utf-8]
      User-Agent: [azsdk-python-keyvault-keys/4.0.0b2 Python/3.6.6 (Windows-10-10.0.18362-SP0)]
    method: POST
    uri: https://vault6742f5fa0e28.vault.azure.net/keys/testKeyf5fa0e28/create?api-version=7.0
  response:
    body: {string: '{"key":{"kid":"https://vault6742f5fa0e28.vault.azure.net/keys/testKeyf5fa0e28/df07aa3e52ca458fb5eeb5720c24653b","kty":"RSA","key_ops":["encrypt","decrypt","sign","verify","wrapKey","unwrapKey"],"n":"8DCBt2m8ytTsKH5ORn8Lcx9-j-3r6F5sFQ97KaTQejKL_iSbSe72G5SGFyQpa6fEFtUdH159GfwhFGz6W8_qovdXYJv3jFEZN_QF2S0gFAi1DHTqwyJKc221gdJTW_CgtjdXUoQru0d2c8aNxxnhn5-Yt_u04We27bqJO6QYeinsb50pjR0IhHps12PJcxN-j0MLCzNWW0GCzYTx--GfrZQxWdpz93a836DGueT3kVk6N7frhB-xS2TIgvJIMLpQxsYrBOIlvxoW_CCeUaTcsqWfIsfiG14NMcNVvzv3Db4s1BEAx5BqztkoMXpN6y-129pawZyc5FoCh1MINDnS_Q","e":"AQAB"},"attributes":{"enabled":true,"created":1566836962,"updated":1566836962,"recoveryLevel":"Purgeable"}}'}
    headers:
      cache-control: [no-cache]
      content-length: ['655']
      content-type: [application/json; charset=utf-8]
      date: ['Mon, 26 Aug 2019 16:29:22 GMT']
      expires: ['-1']
      pragma: [no-cache]
      server: [Microsoft-IIS/10.0]
      strict-transport-security: [max-age=31536000;includeSubDomains]
      x-aspnet-version: [4.0.30319]
      x-content-type-options: [nosniff]
      x-ms-keyvault-network-info: [addr=131.107.160.72;act_addr_fam=InterNetwork;]
      x-ms-keyvault-region: [westus]
      x-ms-keyvault-service-version: [1.1.0.876]
      x-powered-by: [ASP.NET]
    status: {code: 200, message: OK}
- request:
    body: '{"kty": "RSA"}'
    headers:
      Accept: [application/json]
      Accept-Encoding: ['gzip, deflate']
      Connection: [keep-alive]
      Content-Length: ['14']
      Content-Type: [application/json; charset=utf-8]
      User-Agent: [azsdk-python-keyvault-keys/4.0.0b2 Python/3.6.6 (Windows-10-10.0.18362-SP0)]
    method: POST
    uri: https://vault6742f5fa0e28.vault.azure.net/keys/testKeyf5fa0e28/create?api-version=7.0
  response:
    body: {string: '{"key":{"kid":"https://vault6742f5fa0e28.vault.azure.net/keys/testKeyf5fa0e28/d87f63d42bbe4be48f4e5bc1b54b8490","kty":"RSA","key_ops":["encrypt","decrypt","sign","verify","wrapKey","unwrapKey"],"n":"pvCTVKmYwY_Eg2BGzwJtK7PHovLKvQNKvR4Y816G-W0ykb-nYDyj2pflW4YCNn01SmvTAXS7et96nZ49AaTIdpBp_YHa9h_Y_7Zh8bHzM1suw0sLVHb7ZPJzAxyjv2oZAd51CjMaX3nc1J-M_NzrGL3EmpHxcgbqxwWdPB8min7PkAJ2WHNaGzqsgcIyonAHZhdveQjVjPDs2WDcE8Oj18hsZZQvluDBCTvly_91hmnIeUTknp9_do7FhsHGDedeEzC6NmYX1yoh_4Qr1aqAk3DO0D0-28wypeIkHZ7cgz5cRW0dFH59C2Jd2NM6zHY1W3u0p0rDdiqiNl4hF7-3Ow","e":"AQAB"},"attributes":{"enabled":true,"created":1566836962,"updated":1566836962,"recoveryLevel":"Purgeable"}}'}
    headers:
      cache-control: [no-cache]
      content-length: ['655']
      content-type: [application/json; charset=utf-8]
      date: ['Mon, 26 Aug 2019 16:29:22 GMT']
      expires: ['-1']
      pragma: [no-cache]
      server: [Microsoft-IIS/10.0]
      strict-transport-security: [max-age=31536000;includeSubDomains]
      x-aspnet-version: [4.0.30319]
      x-content-type-options: [nosniff]
      x-ms-keyvault-network-info: [addr=131.107.160.72;act_addr_fam=InterNetwork;]
      x-ms-keyvault-region: [westus]
      x-ms-keyvault-service-version: [1.1.0.876]
      x-powered-by: [ASP.NET]
    status: {code: 200, message: OK}
- request:
    body: '{"kty": "RSA"}'
    headers:
      Accept: [application/json]
      Accept-Encoding: ['gzip, deflate']
      Connection: [keep-alive]
      Content-Length: ['14']
      Content-Type: [application/json; charset=utf-8]
      User-Agent: [azsdk-python-keyvault-keys/4.0.0b2 Python/3.6.6 (Windows-10-10.0.18362-SP0)]
    method: POST
    uri: https://vault6742f5fa0e28.vault.azure.net/keys/testKeyf5fa0e28/create?api-version=7.0
  response:
    body: {string: '{"key":{"kid":"https://vault6742f5fa0e28.vault.azure.net/keys/testKeyf5fa0e28/302ceed516eb403c8e6cd91d04aae8d9","kty":"RSA","key_ops":["encrypt","decrypt","sign","verify","wrapKey","unwrapKey"],"n":"wyooThJo5jy3HUOOMrBe_yjq_nrdjaGMveThAv_MDY2gNWqVT_-YNZqzKJ1nf13_2vLXkFPEnHKtlEetEFdzTaUyweRbQ8aPyEHRi2wRM40jA2YxsrRVYwYdH88X5Iv7s4g4dmK4yVu05-sgyDO-OAUBLxFVDZCW_JaLewUxd7F9pgwMDrDR2JPXORF9U8eFY4knsdaq6CITfFX6QXqLTQL-Xv4H-UzBgN2GDj6laPtz8CZ0bLRBsSNA0XcbBMZ4oU_jqxapv23L9RQ0gguq1rYjhgp7nP-IzrtqAdCi0k9mlQCvkMoAsB7GYEpxhqVchWIPSsB8Yrog3ssTdsUoiw","e":"AQAB"},"attributes":{"enabled":true,"created":1566836962,"updated":1566836962,"recoveryLevel":"Purgeable"}}'}
    headers:
      cache-control: [no-cache]
      content-length: ['655']
      content-type: [application/json; charset=utf-8]
      date: ['Mon, 26 Aug 2019 16:29:22 GMT']
      expires: ['-1']
      pragma: [no-cache]
      server: [Microsoft-IIS/10.0]
      strict-transport-security: [max-age=31536000;includeSubDomains]
      x-aspnet-version: [4.0.30319]
      x-content-type-options: [nosniff]
      x-ms-keyvault-network-info: [addr=131.107.160.72;act_addr_fam=InterNetwork;]
      x-ms-keyvault-region: [westus]
      x-ms-keyvault-service-version: [1.1.0.876]
      x-powered-by: [ASP.NET]
    status: {code: 200, message: OK}
- request:
    body: '{"kty": "RSA"}'
    headers:
      Accept: [application/json]
      Accept-Encoding: ['gzip, deflate']
      Connection: [keep-alive]
      Content-Length: ['14']
      Content-Type: [application/json; charset=utf-8]
      User-Agent: [azsdk-python-keyvault-keys/4.0.0b2 Python/3.6.6 (Windows-10-10.0.18362-SP0)]
    method: POST
    uri: https://vault6742f5fa0e28.vault.azure.net/keys/testKeyf5fa0e28/create?api-version=7.0
  response:
    body: {string: '{"key":{"kid":"https://vault6742f5fa0e28.vault.azure.net/keys/testKeyf5fa0e28/a47c6f365ce74cd1bc5be5dc698d2ad3","kty":"RSA","key_ops":["encrypt","decrypt","sign","verify","wrapKey","unwrapKey"],"n":"wZcvpCfVszb-VXpupmIsXqj2lgljZMb05csViaf7iV9Nf4y8mfrmtOTQNlKZsF1CbNNPmmRycjzRobwq_20xLny8mILwSYqXKL6HXFpZN28gkXEDNL7TkZ_cY_BVRRcBxWnI914fV2IyQ9rtNPf3TAD4Zczne3VFHuKkYbWuljII3LuOKPLjksjehV9fB3NUT_1qBOCcQgR1rIsnXTHl-9oaIPBVcii68Mho-felrgChUPgsmIXAKN-yWhHEMG56gObMIRzSVC4MpUFAKJLKqf0zc64SIjKEbL9t19vf5EElbmcDoAFA9vU3LytPt5druaO4lWRUp7eWM6Kry8BV1Q","e":"AQAB"},"attributes":{"enabled":true,"created":1566836963,"updated":1566836963,"recoveryLevel":"Purgeable"}}'}
    headers:
      cache-control: [no-cache]
      content-length: ['655']
      content-type: [application/json; charset=utf-8]
      date: ['Mon, 26 Aug 2019 16:29:23 GMT']
      expires: ['-1']
      pragma: [no-cache]
      server: [Microsoft-IIS/10.0]
      strict-transport-security: [max-age=31536000;includeSubDomains]
      x-aspnet-version: [4.0.30319]
      x-content-type-options: [nosniff]
      x-ms-keyvault-network-info: [addr=131.107.160.72;act_addr_fam=InterNetwork;]
      x-ms-keyvault-region: [westus]
      x-ms-keyvault-service-version: [1.1.0.876]
      x-powered-by: [ASP.NET]
    status: {code: 200, message: OK}
- request:
    body: '{"kty": "RSA"}'
    headers:
      Accept: [application/json]
      Accept-Encoding: ['gzip, deflate']
      Connection: [keep-alive]
      Content-Length: ['14']
      Content-Type: [application/json; charset=utf-8]
      User-Agent: [azsdk-python-keyvault-keys/4.0.0b2 Python/3.6.6 (Windows-10-10.0.18362-SP0)]
    method: POST
    uri: https://vault6742f5fa0e28.vault.azure.net/keys/testKeyf5fa0e28/create?api-version=7.0
  response:
    body: {string: '{"key":{"kid":"https://vault6742f5fa0e28.vault.azure.net/keys/testKeyf5fa0e28/f583adf843c9443ebd2436d0578b4460","kty":"RSA","key_ops":["encrypt","decrypt","sign","verify","wrapKey","unwrapKey"],"n":"oKKHpz4xVvvTODrMhh1Zzyw9XPfDKlThmaNjoz0Jx4jS7xF-Sd1lY2k6LNSt5_qU4lfDv_fF3U7vmEFT9dUiotDYWMVNkwV4DvOj7YeSHn1_2ppkpKzBwIPfGMirBTcAsTMqrsCwAn2WtEpNAkWfMJ9TsK6J4-dkOCKNMbU8Se-HR3i4fbj2oWnSLcwkL2aYPigjYrUV2aruKdVpVAl-B3gfVywftuxBhS4JYZ7xTnJZcqiOJfjyBwiSiKzMOu5u-zAN3HVv5ohV3VFduLNDSCi3AGij8_i7fFCYGyvEf8meh5TNYY-Qsb6cMAqijxPPqbNH_lMvfD_FknlpV6fLYQ","e":"AQAB"},"attributes":{"enabled":true,"created":1566836963,"updated":1566836963,"recoveryLevel":"Purgeable"}}'}
    headers:
      cache-control: [no-cache]
      content-length: ['655']
      content-type: [application/json; charset=utf-8]
      date: ['Mon, 26 Aug 2019 16:29:23 GMT']
      expires: ['-1']
      pragma: [no-cache]
      server: [Microsoft-IIS/10.0]
      strict-transport-security: [max-age=31536000;includeSubDomains]
      x-aspnet-version: [4.0.30319]
      x-content-type-options: [nosniff]
      x-ms-keyvault-network-info: [addr=131.107.160.72;act_addr_fam=InterNetwork;]
      x-ms-keyvault-region: [westus]
      x-ms-keyvault-service-version: [1.1.0.876]
      x-powered-by: [ASP.NET]
    status: {code: 200, message: OK}
- request:
    body: '{"kty": "RSA"}'
    headers:
      Accept: [application/json]
      Accept-Encoding: ['gzip, deflate']
      Connection: [keep-alive]
      Content-Length: ['14']
      Content-Type: [application/json; charset=utf-8]
      User-Agent: [azsdk-python-keyvault-keys/4.0.0b2 Python/3.6.6 (Windows-10-10.0.18362-SP0)]
    method: POST
    uri: https://vault6742f5fa0e28.vault.azure.net/keys/testKeyf5fa0e28/create?api-version=7.0
  response:
    body: {string: '{"key":{"kid":"https://vault6742f5fa0e28.vault.azure.net/keys/testKeyf5fa0e28/ec19e8908ae44a56a82c4d51ff5a6ea9","kty":"RSA","key_ops":["encrypt","decrypt","sign","verify","wrapKey","unwrapKey"],"n":"kNCubJbm_eQOWLYfWEJe5yZzWjeTXt8KFcdN_uhh5RSsgcz6eFyvDffH7J3UYhoU6s9eXiHdEyF5cUjQvCCJuiwBsmiy2N9nK1FHcChYwcMVanksgqY6CZi5zHlDQs8t6bg2YQDLdLlgQ76mZud1wMU1JgMp__227Ij51h0-m9cmBOxBT80Zcl7QAavQFpI7r-ch-JkoCxWf-kWDFLVqc42Dr2w5ORRzVGO42Zp2gi5ZAR-Em79um0MK4yyI81ipudHtplfn2vkuVCdXrd65qkAgQNUFNfKRVU83br3emWouz_5OtRXx31s2lvc4wQCgLQIn5Fv_Cd1wLnWImSTwdQ","e":"AQAB"},"attributes":{"enabled":true,"created":1566836963,"updated":1566836963,"recoveryLevel":"Purgeable"}}'}
    headers:
      cache-control: [no-cache]
      content-length: ['655']
      content-type: [application/json; charset=utf-8]
      date: ['Mon, 26 Aug 2019 16:29:23 GMT']
      expires: ['-1']
      pragma: [no-cache]
      server: [Microsoft-IIS/10.0]
      strict-transport-security: [max-age=31536000;includeSubDomains]
      x-aspnet-version: [4.0.30319]
      x-content-type-options: [nosniff]
      x-ms-keyvault-network-info: [addr=131.107.160.72;act_addr_fam=InterNetwork;]
      x-ms-keyvault-region: [westus]
      x-ms-keyvault-service-version: [1.1.0.876]
      x-powered-by: [ASP.NET]
    status: {code: 200, message: OK}
- request:
    body: null
    headers:
      Accept: [application/json]
      Accept-Encoding: ['gzip, deflate']
      Connection: [keep-alive]
      User-Agent: [azsdk-python-keyvault-keys/4.0.0b2 Python/3.6.6 (Windows-10-10.0.18362-SP0)]
    method: GET
    uri: https://vault6742f5fa0e28.vault.azure.net/keys/testKeyf5fa0e28/versions?maxresults=2&api-version=7.0
  response:
    body: {string: '{"value":[{"kid":"https://vault6742f5fa0e28.vault.azure.net/keys/testKeyf5fa0e28/302ceed516eb403c8e6cd91d04aae8d9","attributes":{"enabled":true,"created":1566836962,"updated":1566836962,"recoveryLevel":"Purgeable"}},{"kid":"https://vault6742f5fa0e28.vault.azure.net/keys/testKeyf5fa0e28/a47c6f365ce74cd1bc5be5dc698d2ad3","attributes":{"enabled":true,"created":1566836963,"updated":1566836963,"recoveryLevel":"Purgeable"}}],"nextLink":"https://vault6742f5fa0e28.vault.azure.net:443/keys/testKeyf5fa0e28/versions?api-version=7.0&$skiptoken=eyJOZXh0TWFya2VyIjoiMiExMjghTURBd01EVXlJV3RsZVM5VVJWTlVTMFZaUmpWR1FUQkZNamd2UWtVeVF6TXdOems0TXpRMU5ETXlPRUl6T1RkRFJVUXdSVVl5TVRReFJEY2hNREF3TURJNElUazVPVGt0TVRJdE16RlVNak02TlRrNk5Ua3VPVGs1T1RrNU9Wb2giLCJUYXJnZXRMb2NhdGlvbiI6MH0&maxresults=2"}'}
    headers:
      cache-control: [no-cache]
      content-length: ['780']
      content-type: [application/json; charset=utf-8]
      date: ['Mon, 26 Aug 2019 16:29:23 GMT']
      expires: ['-1']
      pragma: [no-cache]
      server: [Microsoft-IIS/10.0]
      strict-transport-security: [max-age=31536000;includeSubDomains]
      x-aspnet-version: [4.0.30319]
      x-content-type-options: [nosniff]
      x-ms-keyvault-network-info: [addr=131.107.160.72;act_addr_fam=InterNetwork;]
      x-ms-keyvault-region: [westus]
      x-ms-keyvault-service-version: [1.1.0.876]
      x-powered-by: [ASP.NET]
    status: {code: 200, message: OK}
- request:
    body: null
    headers:
      Accept: [application/json]
      Accept-Encoding: ['gzip, deflate']
      Connection: [keep-alive]
      User-Agent: [azsdk-python-keyvault-keys/4.0.0b2 Python/3.6.6 (Windows-10-10.0.18362-SP0)]
    method: GET
    uri: https://vault6742f5fa0e28.vault.azure.net/keys/testKeyf5fa0e28/versions?api-version=7.0&$skiptoken=eyJOZXh0TWFya2VyIjoiMiExMjghTURBd01EVXlJV3RsZVM5VVJWTlVTMFZaUmpWR1FUQkZNamd2UWtVeVF6TXdOems0TXpRMU5ETXlPRUl6T1RkRFJVUXdSVVl5TVRReFJEY2hNREF3TURJNElUazVPVGt0TVRJdE16RlVNak02TlRrNk5Ua3VPVGs1T1RrNU9Wb2giLCJUYXJnZXRMb2NhdGlvbiI6MH0&maxresults=2
  response:
    body: {string: '{"value":[{"kid":"https://vault6742f5fa0e28.vault.azure.net/keys/testKeyf5fa0e28/be2c307983454328b397ced0ef2141d7","attributes":{"enabled":true,"created":1566836962,"updated":1566836962,"recoveryLevel":"Purgeable"}},{"kid":"https://vault6742f5fa0e28.vault.azure.net/keys/testKeyf5fa0e28/d87f63d42bbe4be48f4e5bc1b54b8490","attributes":{"enabled":true,"created":1566836962,"updated":1566836962,"recoveryLevel":"Purgeable"}}],"nextLink":"https://vault6742f5fa0e28.vault.azure.net:443/keys/testKeyf5fa0e28/versions?api-version=7.0&$skiptoken=eyJOZXh0TWFya2VyIjoiMiExMjghTURBd01EVXlJV3RsZVM5VVJWTlVTMFZaUmpWR1FUQkZNamd2UkVZd04wRkJNMFUxTWtOQk5EVTRSa0kxUlVWQ05UY3lNRU15TkRZMU0wSWhNREF3TURJNElUazVPVGt0TVRJdE16RlVNak02TlRrNk5Ua3VPVGs1T1RrNU9Wb2giLCJUYXJnZXRMb2NhdGlvbiI6MH0&maxresults=2"}'}
    headers:
      cache-control: [no-cache]
      content-length: ['780']
      content-type: [application/json; charset=utf-8]
      date: ['Mon, 26 Aug 2019 16:29:23 GMT']
      expires: ['-1']
      pragma: [no-cache]
      server: [Microsoft-IIS/10.0]
      strict-transport-security: [max-age=31536000;includeSubDomains]
      x-aspnet-version: [4.0.30319]
      x-content-type-options: [nosniff]
      x-ms-keyvault-network-info: [addr=131.107.160.72;act_addr_fam=InterNetwork;]
      x-ms-keyvault-region: [westus]
      x-ms-keyvault-service-version: [1.1.0.876]
      x-powered-by: [ASP.NET]
    status: {code: 200, message: OK}
- request:
    body: null
    headers:
      Accept: [application/json]
      Accept-Encoding: ['gzip, deflate']
      Connection: [keep-alive]
      User-Agent: [azsdk-python-keyvault-keys/4.0.0b2 Python/3.6.6 (Windows-10-10.0.18362-SP0)]
    method: GET
    uri: https://vault6742f5fa0e28.vault.azure.net/keys/testKeyf5fa0e28/versions?api-version=7.0&$skiptoken=eyJOZXh0TWFya2VyIjoiMiExMjghTURBd01EVXlJV3RsZVM5VVJWTlVTMFZaUmpWR1FUQkZNamd2UkVZd04wRkJNMFUxTWtOQk5EVTRSa0kxUlVWQ05UY3lNRU15TkRZMU0wSWhNREF3TURJNElUazVPVGt0TVRJdE16RlVNak02TlRrNk5Ua3VPVGs1T1RrNU9Wb2giLCJUYXJnZXRMb2NhdGlvbiI6MH0&maxresults=2
  response:
    body: {string: '{"value":[{"kid":"https://vault6742f5fa0e28.vault.azure.net/keys/testKeyf5fa0e28/df07aa3e52ca458fb5eeb5720c24653b","attributes":{"enabled":true,"created":1566836962,"updated":1566836962,"recoveryLevel":"Purgeable"}},{"kid":"https://vault6742f5fa0e28.vault.azure.net/keys/testKeyf5fa0e28/ec19e8908ae44a56a82c4d51ff5a6ea9","attributes":{"enabled":true,"created":1566836963,"updated":1566836963,"recoveryLevel":"Purgeable"}}],"nextLink":"https://vault6742f5fa0e28.vault.azure.net:443/keys/testKeyf5fa0e28/versions?api-version=7.0&$skiptoken=eyJOZXh0TWFya2VyIjoiMiExMjghTURBd01EVXlJV3RsZVM5VVJWTlVTMFZaUmpWR1FUQkZNamd2UmpVNE0wRkVSamcwTTBNNU5EUXpSVUpFTWpRek5rUXdOVGM0UWpRME5qQWhNREF3TURJNElUazVPVGt0TVRJdE16RlVNak02TlRrNk5Ua3VPVGs1T1RrNU9Wb2giLCJUYXJnZXRMb2NhdGlvbiI6MH0&maxresults=2"}'}
    headers:
      cache-control: [no-cache]
      content-length: ['780']
      content-type: [application/json; charset=utf-8]
      date: ['Mon, 26 Aug 2019 16:29:23 GMT']
      expires: ['-1']
      pragma: [no-cache]
      server: [Microsoft-IIS/10.0]
      strict-transport-security: [max-age=31536000;includeSubDomains]
      x-aspnet-version: [4.0.30319]
      x-content-type-options: [nosniff]
      x-ms-keyvault-network-info: [addr=131.107.160.72;act_addr_fam=InterNetwork;]
      x-ms-keyvault-region: [westus]
      x-ms-keyvault-service-version: [1.1.0.876]
      x-powered-by: [ASP.NET]
    status: {code: 200, message: OK}
- request:
    body: null
    headers:
      Accept: [application/json]
      Accept-Encoding: ['gzip, deflate']
      Connection: [keep-alive]
      User-Agent: [azsdk-python-keyvault-keys/4.0.0b2 Python/3.6.6 (Windows-10-10.0.18362-SP0)]
    method: GET
    uri: https://vault6742f5fa0e28.vault.azure.net/keys/testKeyf5fa0e28/versions?api-version=7.0&$skiptoken=eyJOZXh0TWFya2VyIjoiMiExMjghTURBd01EVXlJV3RsZVM5VVJWTlVTMFZaUmpWR1FUQkZNamd2UmpVNE0wRkVSamcwTTBNNU5EUXpSVUpFTWpRek5rUXdOVGM0UWpRME5qQWhNREF3TURJNElUazVPVGt0TVRJdE16RlVNak02TlRrNk5Ua3VPVGs1T1RrNU9Wb2giLCJUYXJnZXRMb2NhdGlvbiI6MH0&maxresults=2
  response:
    body: {string: '{"value":[{"kid":"https://vault6742f5fa0e28.vault.azure.net/keys/testKeyf5fa0e28/f583adf843c9443ebd2436d0578b4460","attributes":{"enabled":true,"created":1566836963,"updated":1566836963,"recoveryLevel":"Purgeable"}}],"nextLink":null}'}
    headers:
      cache-control: [no-cache]
      content-length: ['233']
      content-type: [application/json; charset=utf-8]
      date: ['Mon, 26 Aug 2019 16:29:23 GMT']
      expires: ['-1']
      pragma: [no-cache]
      server: [Microsoft-IIS/10.0]
      strict-transport-security: [max-age=31536000;includeSubDomains]
      x-aspnet-version: [4.0.30319]
      x-content-type-options: [nosniff]
      x-ms-keyvault-network-info: [addr=131.107.160.72;act_addr_fam=InterNetwork;]
      x-ms-keyvault-region: [westus]
      x-ms-keyvault-service-version: [1.1.0.876]
      x-powered-by: [ASP.NET]
    status: {code: 200, message: OK}
version: 1
