{
  "Entries": [
    {
      "RequestUri": "https://vaultname.vault.azure.net/keys/livekvtestkey086122830/create?api-version=7.2",
      "RequestMethod": "POST",
      "RequestHeaders": {
        "Accept": "application/json",
        "Accept-Encoding": "gzip, deflate",
        "Connection": "keep-alive",
        "Content-Length": "0",
        "Content-Type": "application/json",
        "User-Agent": "azsdk-python-keyvault-keys/4.5.1 Python/3.9.9 (Windows-10-10.0.22000-SP0)"
      },
      "RequestBody": null,
      "StatusCode": 401,
      "ResponseHeaders": {
        "Cache-Control": "no-cache",
        "Content-Length": "97",
        "Content-Type": "application/json; charset=utf-8",
        "Date": "Fri, 15 Apr 2022 21:59:00 GMT",
        "Expires": "-1",
        "Pragma": "no-cache",
        "Strict-Transport-Security": "max-age=31536000;includeSubDomains",
        "WWW-Authenticate": "Bearer authorization=\u0022https://login.windows.net/00000000-0000-0000-0000-000000000000\u0022, resource=\u0022https://vault.azure.net\u0022",
        "X-Content-Type-Options": "nosniff",
        "x-ms-keyvault-network-info": "conn_type=Ipv4;addr=73.232.137.144;act_addr_fam=InterNetwork;",
        "x-ms-keyvault-region": "westus2",
        "x-ms-keyvault-service-version": "1.9.358.1"
      },
      "ResponseBody": {
        "error": {
          "code": "Unauthorized",
          "message": "AKV10000: Request is missing a Bearer or PoP token."
        }
      }
    },
    {
      "RequestUri": "https://login.microsoftonline.com/00000000-0000-0000-0000-000000000000/v2.0/.well-known/openid-configuration",
      "RequestMethod": "GET",
      "RequestHeaders": {
        "Accept": "*/*",
        "Accept-Encoding": "gzip, deflate",
        "Connection": "keep-alive",
        "User-Agent": "azsdk-python-identity/1.10.0b2 Python/3.9.9 (Windows-10-10.0.22000-SP0)"
      },
      "RequestBody": null,
      "StatusCode": 200,
      "ResponseHeaders": {
        "Access-Control-Allow-Methods": "GET, OPTIONS",
        "Access-Control-Allow-Origin": "*",
        "Cache-Control": "max-age=86400, private",
        "Content-Length": "1753",
        "Content-Type": "application/json; charset=utf-8",
        "Date": "Fri, 15 Apr 2022 21:59:00 GMT",
        "P3P": "CP=\u0022DSP CUR OTPi IND OTRi ONL FIN\u0022",
        "Set-Cookie": [
          "fpc=AjXrbxA4WpZEtJruXChTXptv7ioyAgAAAGXh69kOAAAAwSDpKQEAAABw4evZDgAAAA; expires=Sun, 15-May-2022 21:59:01 GMT; path=/; secure; HttpOnly; SameSite=None",
          "x-ms-gateway-slice=estsfd; path=/; secure; samesite=none; httponly",
          "stsservicecookie=estsfd; path=/; secure; samesite=none; httponly"
        ],
        "Strict-Transport-Security": "max-age=31536000; includeSubDomains",
        "X-Content-Type-Options": "nosniff",
        "x-ms-ests-server": "2.1.12651.5 - SCUS ProdSlices",
        "X-XSS-Protection": "0"
      },
      "ResponseBody": {
        "token_endpoint": "https://login.microsoftonline.com/00000000-0000-0000-0000-000000000000/oauth2/v2.0/token",
        "token_endpoint_auth_methods_supported": [
          "client_secret_post",
          "private_key_jwt",
          "client_secret_basic"
        ],
        "jwks_uri": "https://login.microsoftonline.com/00000000-0000-0000-0000-000000000000/discovery/v2.0/keys",
        "response_modes_supported": [
          "query",
          "fragment",
          "form_post"
        ],
        "subject_types_supported": [
          "pairwise"
        ],
        "id_token_signing_alg_values_supported": [
          "RS256"
        ],
        "response_types_supported": [
          "code",
          "id_token",
          "code id_token",
          "id_token token"
        ],
        "scopes_supported": [
          "openid",
          "profile",
          "email",
          "offline_access"
        ],
        "issuer": "https://login.microsoftonline.com/00000000-0000-0000-0000-000000000000/v2.0",
        "request_uri_parameter_supported": false,
        "userinfo_endpoint": "https://graph.microsoft.com/oidc/userinfo",
        "authorization_endpoint": "https://login.microsoftonline.com/00000000-0000-0000-0000-000000000000/oauth2/v2.0/authorize",
        "device_authorization_endpoint": "https://login.microsoftonline.com/00000000-0000-0000-0000-000000000000/oauth2/v2.0/devicecode",
        "http_logout_supported": true,
        "frontchannel_logout_supported": true,
        "end_session_endpoint": "https://login.microsoftonline.com/00000000-0000-0000-0000-000000000000/oauth2/v2.0/logout",
        "claims_supported": [
          "sub",
          "iss",
          "cloud_instance_name",
          "cloud_instance_host_name",
          "cloud_graph_host_name",
          "msgraph_host",
          "aud",
          "exp",
          "iat",
          "auth_time",
          "acr",
          "nonce",
          "preferred_username",
          "name",
          "tid",
          "ver",
          "at_hash",
          "c_hash",
          "email"
        ],
        "kerberos_endpoint": "https://login.microsoftonline.com/00000000-0000-0000-0000-000000000000/kerberos",
        "tenant_region_scope": "WW",
        "cloud_instance_name": "microsoftonline.com",
        "cloud_graph_host_name": "graph.windows.net",
        "msgraph_host": "graph.microsoft.com",
        "rbac_url": "https://pas.windows.net"
      }
    },
    {
      "RequestUri": "https://login.microsoftonline.com/common/discovery/instance?api-version=1.1\u0026authorization_endpoint=https://login.microsoftonline.com/common/oauth2/authorize",
      "RequestMethod": "GET",
      "RequestHeaders": {
        "Accept": "application/json",
        "Accept-Encoding": "gzip, deflate",
        "Connection": "keep-alive",
        "Cookie": "fpc=AjXrbxA4WpZEtJruXChTXptv7ioyAgAAAGXh69kOAAAAwSDpKQEAAABw4evZDgAAAA; stsservicecookie=estsfd; x-ms-gateway-slice=estsfd",
        "User-Agent": "azsdk-python-identity/1.10.0b2 Python/3.9.9 (Windows-10-10.0.22000-SP0)"
      },
      "RequestBody": null,
      "StatusCode": 200,
      "ResponseHeaders": {
        "Access-Control-Allow-Methods": "GET, OPTIONS",
        "Access-Control-Allow-Origin": "*",
        "Cache-Control": "max-age=86400, private",
        "Content-Length": "945",
        "Content-Type": "application/json; charset=utf-8",
        "Date": "Fri, 15 Apr 2022 21:59:00 GMT",
        "P3P": "CP=\u0022DSP CUR OTPi IND OTRi ONL FIN\u0022",
        "Set-Cookie": [
          "fpc=AjXrbxA4WpZEtJruXChTXptv7ioyAgAAAGXh69kOAAAAwSDpKQEAAABw4evZDgAAAA; expires=Sun, 15-May-2022 21:59:01 GMT; path=/; secure; HttpOnly; SameSite=None",
          "x-ms-gateway-slice=estsfd; path=/; secure; samesite=none; httponly",
          "stsservicecookie=estsfd; path=/; secure; samesite=none; httponly"
        ],
        "Strict-Transport-Security": "max-age=31536000; includeSubDomains",
        "X-Content-Type-Options": "nosniff",
        "x-ms-ests-server": "2.1.12621.9 - NCUS ProdSlices",
        "X-XSS-Protection": "0"
      },
      "ResponseBody": {
        "tenant_discovery_endpoint": "https://login.microsoftonline.com/common/.well-known/openid-configuration",
        "api-version": "1.1",
        "metadata": [
          {
            "preferred_network": "login.microsoftonline.com",
            "preferred_cache": "login.windows.net",
            "aliases": [
              "login.microsoftonline.com",
              "login.windows.net",
              "login.microsoft.com",
              "sts.windows.net"
            ]
          },
          {
            "preferred_network": "login.partner.microsoftonline.cn",
            "preferred_cache": "login.partner.microsoftonline.cn",
            "aliases": [
              "login.partner.microsoftonline.cn",
              "login.chinacloudapi.cn"
            ]
          },
          {
            "preferred_network": "login.microsoftonline.de",
            "preferred_cache": "login.microsoftonline.de",
            "aliases": [
              "login.microsoftonline.de"
            ]
          },
          {
            "preferred_network": "login.microsoftonline.us",
            "preferred_cache": "login.microsoftonline.us",
            "aliases": [
              "login.microsoftonline.us",
              "login.usgovcloudapi.net"
            ]
          },
          {
            "preferred_network": "login-us.microsoftonline.com",
            "preferred_cache": "login-us.microsoftonline.com",
            "aliases": [
              "login-us.microsoftonline.com"
            ]
          }
        ]
      }
    },
    {
      "RequestUri": "https://vaultname.vault.azure.net/keys/livekvtestkey086122830/create?api-version=7.2",
      "RequestMethod": "POST",
      "RequestHeaders": {
        "Accept": "application/json",
        "Accept-Encoding": "gzip, deflate",
        "Connection": "keep-alive",
        "Content-Length": "14",
        "Content-Type": "application/json",
        "User-Agent": "azsdk-python-keyvault-keys/4.5.1 Python/3.9.9 (Windows-10-10.0.22000-SP0)"
      },
      "RequestBody": {
        "kty": "RSA"
      },
      "StatusCode": 200,
      "ResponseHeaders": {
        "Cache-Control": "no-cache",
        "Content-Length": "696",
        "Content-Type": "application/json; charset=utf-8",
        "Date": "Fri, 15 Apr 2022 21:59:01 GMT",
        "Expires": "-1",
        "Pragma": "no-cache",
        "Strict-Transport-Security": "max-age=31536000;includeSubDomains",
        "X-Content-Type-Options": "nosniff",
        "x-ms-keyvault-network-info": "conn_type=Ipv4;addr=73.232.137.144;act_addr_fam=InterNetwork;",
        "x-ms-keyvault-rbac-assignment-id": "ae1ec34e-30ed-581a-9f84-7759a8c5a1fa",
        "x-ms-keyvault-rbac-cache": "ra_age=3410;da_age=9349;rd_age=9349;brd_age=9133;ra_notif_age=3990;dec_lev=1;",
        "x-ms-keyvault-region": "westus2",
        "x-ms-keyvault-service-version": "1.9.358.1"
      },
      "ResponseBody": {
        "key": {
          "kid": "https://vaultname.vault.azure.net/keys/livekvtestkey086122830/91a8e271c6ca4d59a48b6455fb76db1f",
          "kty": "RSA",
          "key_ops": [
            "encrypt",
            "decrypt",
            "sign",
            "verify",
            "wrapKey",
            "unwrapKey"
          ],
          "n": "4mHBq2I5d-BvOCzbDOL_O2166IZ3t-RoE12dax0mBGZC0T3n2LnnlcXRTZHbRhyUxzrrUrcOD4wV72-XMS76QLXYFx6m4hsaiPD30o45yaXpiI3hqfJqDnIbuIVgJfeb61CClohgLae-Of1lGKL1nZzoUM7ccJbkjh_ysutCvEHalt9_TjcG8upT4pKa2lBvVx642Jx0JOk54niKtm31kyVNyni2RvUAik_z9MoXkccqb9-dWWLWsaO1RzzO9QGvJLS3KF-0ISzeGOnv7Btq8ZpA8V1vbMwvRWKGSI-rtoHyVkWtY6-D-VmyHh4bSk1gb6AGTWZvEan3ImM7k14V2Q",
          "e": "AQAB"
        },
        "attributes": {
          "enabled": true,
          "created": 1650059941,
          "updated": 1650059941,
          "recoveryLevel": "CustomizedRecoverable\u002BPurgeable",
          "recoverableDays": 7
        }
      }
    },
    {
      "RequestUri": "https://vaultname.vault.azure.net/keys/livekvtestkey186122830/create?api-version=7.2",
      "RequestMethod": "POST",
      "RequestHeaders": {
        "Accept": "application/json",
        "Accept-Encoding": "gzip, deflate",
        "Connection": "keep-alive",
        "Content-Length": "14",
        "Content-Type": "application/json",
        "User-Agent": "azsdk-python-keyvault-keys/4.5.1 Python/3.9.9 (Windows-10-10.0.22000-SP0)"
      },
      "RequestBody": {
        "kty": "RSA"
      },
      "StatusCode": 200,
      "ResponseHeaders": {
        "Cache-Control": "no-cache",
        "Content-Length": "696",
        "Content-Type": "application/json; charset=utf-8",
        "Date": "Fri, 15 Apr 2022 21:59:03 GMT",
        "Expires": "-1",
        "Pragma": "no-cache",
        "Strict-Transport-Security": "max-age=31536000;includeSubDomains",
        "X-Content-Type-Options": "nosniff",
        "x-ms-keyvault-network-info": "conn_type=Ipv4;addr=73.232.137.144;act_addr_fam=InterNetwork;",
        "x-ms-keyvault-rbac-assignment-id": "ae1ec34e-30ed-581a-9f84-7759a8c5a1fa",
        "x-ms-keyvault-rbac-cache": "ra_age=3413;da_age=9352;rd_age=9352;brd_age=9135;ra_notif_age=3992;dec_lev=1;",
        "x-ms-keyvault-region": "westus2",
        "x-ms-keyvault-service-version": "1.9.358.1"
      },
      "ResponseBody": {
        "key": {
          "kid": "https://vaultname.vault.azure.net/keys/livekvtestkey186122830/b3e520515e88445497990ed79f218898",
          "kty": "RSA",
          "key_ops": [
            "encrypt",
            "decrypt",
            "sign",
            "verify",
            "wrapKey",
            "unwrapKey"
          ],
          "n": "3AZNTOWlFQPg7KEnTb3BO9rPKhqi6SLfwlg3SE4BhqTH9_HkFE9EW8M8r-O_V4sB2qWb7IWqBuMLURlqyfEltuotoEQVaB16psKET4RCD8_Y9E73HtVmvpcMDr1k91-573dCBDdrxZmDbuHIhLr5h6bKQoip9aSGfMeqlRCqiEfUgJVowMZUX46Oo7mxbfyAshFLPuedqIN6L6urfFhOMpNS7hRRFJFe8Uifd_CPzAfBMLSsFGVe8XbOx51StHZR-4gLQMonRvQgU00r0m882O1TU-PK5vzA5qcHBrfvK6GIFCVzgnQJwwD2JWjHYGcc8GapE5bW9bV6woEwj2J5cQ",
          "e": "AQAB"
        },
        "attributes": {
          "enabled": true,
          "created": 1650059943,
          "updated": 1650059943,
          "recoveryLevel": "CustomizedRecoverable\u002BPurgeable",
          "recoverableDays": 7
        }
      }
    },
    {
      "RequestUri": "https://vaultname.vault.azure.net/keys/livekvtestkey286122830/create?api-version=7.2",
      "RequestMethod": "POST",
      "RequestHeaders": {
        "Accept": "application/json",
        "Accept-Encoding": "gzip, deflate",
        "Connection": "keep-alive",
        "Content-Length": "14",
        "Content-Type": "application/json",
        "User-Agent": "azsdk-python-keyvault-keys/4.5.1 Python/3.9.9 (Windows-10-10.0.22000-SP0)"
      },
      "RequestBody": {
        "kty": "RSA"
      },
      "StatusCode": 200,
      "ResponseHeaders": {
        "Cache-Control": "no-cache",
        "Content-Length": "696",
        "Content-Type": "application/json; charset=utf-8",
        "Date": "Fri, 15 Apr 2022 21:59:05 GMT",
        "Expires": "-1",
        "Pragma": "no-cache",
        "Strict-Transport-Security": "max-age=31536000;includeSubDomains",
        "X-Content-Type-Options": "nosniff",
        "x-ms-keyvault-network-info": "conn_type=Ipv4;addr=73.232.137.144;act_addr_fam=InterNetwork;",
        "x-ms-keyvault-rbac-assignment-id": "ae1ec34e-30ed-581a-9f84-7759a8c5a1fa",
        "x-ms-keyvault-rbac-cache": "ra_age=3415;da_age=9354;rd_age=9354;brd_age=9137;ra_notif_age=3994;dec_lev=1;",
        "x-ms-keyvault-region": "westus2",
        "x-ms-keyvault-service-version": "1.9.358.1"
      },
      "ResponseBody": {
        "key": {
          "kid": "https://vaultname.vault.azure.net/keys/livekvtestkey286122830/688cfb9782c3407e8458d03fec887cc3",
          "kty": "RSA",
          "key_ops": [
            "encrypt",
            "decrypt",
            "sign",
            "verify",
            "wrapKey",
            "unwrapKey"
          ],
          "n": "5nK5xLvDD8r99PQQ1s718fcxJ1Tv_1UaMqdnfa7nJZ1lJ0qvz-mfdnBnXpMuMMxI1tI2-6eu34sLNThy1M2vAsNhhdVTbtinXPI98DsTtN-SSXLavsYuBybTw3yJ1eJXsk-RMcc4Sfv8b0VAPJnAiCefoWLcz9PuZBjn-Uqmp_MwLF1YokICKH1ErkcQAe8sUqoLOe5mgWM22zRJiRr5KA0OVqKiioyMfU7dVmLtrb0MxCqNgM6TKf9PpD1aizpTl2acGyEvJcJVxItiHwILC_75GYV_5cB4f06BD6ylYlEIXljlUcqn5TmEV95KJOgzhJalSWgoRMKzyMnsTkOS3Q",
          "e": "AQAB"
        },
        "attributes": {
          "enabled": true,
          "created": 1650059946,
          "updated": 1650059946,
          "recoveryLevel": "CustomizedRecoverable\u002BPurgeable",
          "recoverableDays": 7
        }
      }
    },
    {
      "RequestUri": "https://vaultname.vault.azure.net/keys/livekvtestkey386122830/create?api-version=7.2",
      "RequestMethod": "POST",
      "RequestHeaders": {
        "Accept": "application/json",
        "Accept-Encoding": "gzip, deflate",
        "Connection": "keep-alive",
        "Content-Length": "14",
        "Content-Type": "application/json",
        "User-Agent": "azsdk-python-keyvault-keys/4.5.1 Python/3.9.9 (Windows-10-10.0.22000-SP0)"
      },
      "RequestBody": {
        "kty": "RSA"
      },
      "StatusCode": 200,
      "ResponseHeaders": {
        "Cache-Control": "no-cache",
        "Content-Length": "696",
        "Content-Type": "application/json; charset=utf-8",
        "Date": "Fri, 15 Apr 2022 21:59:07 GMT",
        "Expires": "-1",
        "Pragma": "no-cache",
        "Strict-Transport-Security": "max-age=31536000;includeSubDomains",
        "X-Content-Type-Options": "nosniff",
        "x-ms-keyvault-network-info": "conn_type=Ipv4;addr=73.232.137.144;act_addr_fam=InterNetwork;",
        "x-ms-keyvault-rbac-assignment-id": "ae1ec34e-30ed-581a-9f84-7759a8c5a1fa",
        "x-ms-keyvault-rbac-cache": "ra_age=3417;da_age=9356;rd_age=9356;brd_age=9139;ra_notif_age=3997;dec_lev=1;",
        "x-ms-keyvault-region": "westus2",
        "x-ms-keyvault-service-version": "1.9.358.1"
      },
      "ResponseBody": {
        "key": {
          "kid": "https://vaultname.vault.azure.net/keys/livekvtestkey386122830/4df25ad9c95d4a7ab47f6dc6e42e2abb",
          "kty": "RSA",
          "key_ops": [
            "encrypt",
            "decrypt",
            "sign",
            "verify",
            "wrapKey",
            "unwrapKey"
          ],
          "n": "2-uFUXOouRbAL0r7fbd86fN2Ft_1l33Gk_uMqAxfrv9VKryN0-nokJK3HrYRyk2xOAarNgq0dktfCnI9RXwnox6gr-N_lxlojd1HdsIjgHC_3J_3LewAfSGf9MyM_qq5z1rz5kgKLxPMpI4aI6ZNG9Ufq_YbKs8qQBHyqKziVL2SIFOYJlqCJrK5ePxB93nwb_W789rFF-K5L693puhST9VZh7C-ZwxFllJj0aIub_NOqffJ97w6hzAbFozx2oIADG484qP-9kwD9IIitWVm2-0V1olgymA7xbDycjjBdwq9INA1y4FKkK_4czEnl3aenDG6o6upeW1xXXs_KIY7OQ",
          "e": "AQAB"
        },
        "attributes": {
          "enabled": true,
          "created": 1650059948,
          "updated": 1650059948,
          "recoveryLevel": "CustomizedRecoverable\u002BPurgeable",
          "recoverableDays": 7
        }
      }
    },
    {
      "RequestUri": "https://vaultname.vault.azure.net/keys/livekvtestkey486122830/create?api-version=7.2",
      "RequestMethod": "POST",
      "RequestHeaders": {
        "Accept": "application/json",
        "Accept-Encoding": "gzip, deflate",
        "Connection": "keep-alive",
        "Content-Length": "14",
        "Content-Type": "application/json",
        "User-Agent": "azsdk-python-keyvault-keys/4.5.1 Python/3.9.9 (Windows-10-10.0.22000-SP0)"
      },
      "RequestBody": {
        "kty": "RSA"
      },
      "StatusCode": 200,
      "ResponseHeaders": {
        "Cache-Control": "no-cache",
        "Content-Length": "696",
        "Content-Type": "application/json; charset=utf-8",
        "Date": "Fri, 15 Apr 2022 21:59:10 GMT",
        "Expires": "-1",
        "Pragma": "no-cache",
        "Strict-Transport-Security": "max-age=31536000;includeSubDomains",
        "X-Content-Type-Options": "nosniff",
        "x-ms-keyvault-network-info": "conn_type=Ipv4;addr=73.232.137.144;act_addr_fam=InterNetwork;",
        "x-ms-keyvault-rbac-assignment-id": "ae1ec34e-30ed-581a-9f84-7759a8c5a1fa",
        "x-ms-keyvault-rbac-cache": "ra_age=3419;da_age=9358;rd_age=9358;brd_age=9142;ra_notif_age=3999;dec_lev=1;",
        "x-ms-keyvault-region": "westus2",
        "x-ms-keyvault-service-version": "1.9.358.1"
      },
      "ResponseBody": {
        "key": {
          "kid": "https://vaultname.vault.azure.net/keys/livekvtestkey486122830/6db3f90e2dca4769a9ef486bb57aae2d",
          "kty": "RSA",
          "key_ops": [
            "encrypt",
            "decrypt",
            "sign",
            "verify",
            "wrapKey",
            "unwrapKey"
          ],
          "n": "siiwFc4XJ4YZOd7pqeFUCnv09dp-L6m7Nz_DzL-pX5qPS958OcLOZMLf97GRdAnTTDcblLurminkE-5Lakw8D6zVdb620ULUAgaJH8KytPmlBm1iSx8JrYHCj4OAXRE5YfWV_p3kgm9PQob5dypxSAGK5T-Ym_ehJ-rh2-eiC8W7e8kQpi9-H1lMocq-xsYlMXxOAy8_Z2aqbEBluROC3ykNL4FrK4B7v-D-iy4hjExkPX53ijDuK9raM-VrFEcxH6w4YdGaaipo4ulPbzeKb6KfQKxrdv8HlvVtYf18IdgjgI4iA132-RurauOgpsRD863QwlOdeC2cLS7r7V2SHQ",
          "e": "AQAB"
        },
        "attributes": {
          "enabled": true,
          "created": 1650059950,
          "updated": 1650059950,
          "recoveryLevel": "CustomizedRecoverable\u002BPurgeable",
          "recoverableDays": 7
        }
      }
    },
    {
      "RequestUri": "https://vaultname.vault.azure.net/keys/livekvtestkey586122830/create?api-version=7.2",
      "RequestMethod": "POST",
      "RequestHeaders": {
        "Accept": "application/json",
        "Accept-Encoding": "gzip, deflate",
        "Connection": "keep-alive",
        "Content-Length": "14",
        "Content-Type": "application/json",
        "User-Agent": "azsdk-python-keyvault-keys/4.5.1 Python/3.9.9 (Windows-10-10.0.22000-SP0)"
      },
      "RequestBody": {
        "kty": "RSA"
      },
      "StatusCode": 200,
      "ResponseHeaders": {
        "Cache-Control": "no-cache",
        "Content-Length": "696",
        "Content-Type": "application/json; charset=utf-8",
        "Date": "Fri, 15 Apr 2022 21:59:12 GMT",
        "Expires": "-1",
        "Pragma": "no-cache",
        "Strict-Transport-Security": "max-age=31536000;includeSubDomains",
        "X-Content-Type-Options": "nosniff",
        "x-ms-keyvault-network-info": "conn_type=Ipv4;addr=73.232.137.144;act_addr_fam=InterNetwork;",
        "x-ms-keyvault-rbac-assignment-id": "ae1ec34e-30ed-581a-9f84-7759a8c5a1fa",
        "x-ms-keyvault-rbac-cache": "ra_age=3421;da_age=9360;rd_age=9360;brd_age=9144;ra_notif_age=4001;dec_lev=1;",
        "x-ms-keyvault-region": "westus2",
        "x-ms-keyvault-service-version": "1.9.358.1"
      },
      "ResponseBody": {
        "key": {
          "kid": "https://vaultname.vault.azure.net/keys/livekvtestkey586122830/bdd0290b27a1477abbbc77e669060440",
          "kty": "RSA",
          "key_ops": [
            "encrypt",
            "decrypt",
            "sign",
            "verify",
            "wrapKey",
            "unwrapKey"
          ],
          "n": "uvcnujo0uhEbmmIBjQVyy4B8ke_inIdyK9Aa4dwBGBiylbVUBtXbN5NRPODDRvIP0uwZccn5WVt3Swa-ZYJnRs2EhrLqdRIezJAkwIqVNE2Vyef1NCM0ai-0L-rqB4O7cAReVI9_Nv8DDvDPeYgt_OyrShjq2rIZ1F2ofpjx736TS9uvoPe1rcA4W-JahDBcabchUPA2UN3yAuqEWs8yi8sMEzeCXMOSl0ZW-nmgeVtCJmiiBWlz34Grq57EB9M7oW97KAB7iokQqjj72A6gT_QDEvU8BsltXHiCGJeLdqTxrUPzxGD-o17j36jM3iliD8qYOjY-6Mg2tvmslF9FUQ",
          "e": "AQAB"
        },
        "attributes": {
          "enabled": true,
          "created": 1650059952,
          "updated": 1650059952,
          "recoveryLevel": "CustomizedRecoverable\u002BPurgeable",
          "recoverableDays": 7
        }
      }
    },
    {
      "RequestUri": "https://vaultname.vault.azure.net/keys/livekvtestkey686122830/create?api-version=7.2",
      "RequestMethod": "POST",
      "RequestHeaders": {
        "Accept": "application/json",
        "Accept-Encoding": "gzip, deflate",
        "Connection": "keep-alive",
        "Content-Length": "14",
        "Content-Type": "application/json",
        "User-Agent": "azsdk-python-keyvault-keys/4.5.1 Python/3.9.9 (Windows-10-10.0.22000-SP0)"
      },
      "RequestBody": {
        "kty": "RSA"
      },
      "StatusCode": 200,
      "ResponseHeaders": {
        "Cache-Control": "no-cache",
        "Content-Length": "696",
        "Content-Type": "application/json; charset=utf-8",
        "Date": "Fri, 15 Apr 2022 21:59:14 GMT",
        "Expires": "-1",
        "Pragma": "no-cache",
        "Strict-Transport-Security": "max-age=31536000;includeSubDomains",
        "X-Content-Type-Options": "nosniff",
        "x-ms-keyvault-network-info": "conn_type=Ipv4;addr=73.232.137.144;act_addr_fam=InterNetwork;",
        "x-ms-keyvault-rbac-assignment-id": "ae1ec34e-30ed-581a-9f84-7759a8c5a1fa",
        "x-ms-keyvault-rbac-cache": "ra_age=3424;da_age=9363;rd_age=9363;brd_age=9146;ra_notif_age=4003;dec_lev=1;",
        "x-ms-keyvault-region": "westus2",
        "x-ms-keyvault-service-version": "1.9.358.1"
      },
      "ResponseBody": {
        "key": {
          "kid": "https://vaultname.vault.azure.net/keys/livekvtestkey686122830/dfca43327eda4059aab32fdbcd139a0e",
          "kty": "RSA",
          "key_ops": [
            "encrypt",
            "decrypt",
            "sign",
            "verify",
            "wrapKey",
            "unwrapKey"
          ],
          "n": "4Rfh-aldC-NCxKUymzJcohJkZ80MgEWJkooc0MJP2qksc7RiuPwrPoi01tLr7ryQX44OWirA66aftNZphTbAC0LSmfwx0W_E3NEQ9Q6zWd4YSQ5E0xnpqr11Hc27A4WSkz_-flosPfAZiz0ymnG9JriRF2bJthtWv-f3nHe1zcCFvsuon40wPOpegLSyggRJbR6Xuxx8kpoT5iw02j3QWXUfAReti-NOJwb6z8a2-KzO_i4sV8umbWPVpPnXd-742Wf9cq57-mmAGkjD4TGGxSuhnVL35TwQ5GJESra2vyT7GIaVu-qtxVIPntCksabM2KRuM9RmtGi-ANqH6HqJIQ",
          "e": "AQAB"
        },
        "attributes": {
          "enabled": true,
          "created": 1650059955,
          "updated": 1650059955,
          "recoveryLevel": "CustomizedRecoverable\u002BPurgeable",
          "recoverableDays": 7
        }
      }
    },
    {
      "RequestUri": "https://vaultname.vault.azure.net/keys?maxresults=6\u0026api-version=7.2",
      "RequestMethod": "GET",
      "RequestHeaders": {
        "Accept": "application/json",
        "Accept-Encoding": "gzip, deflate",
        "Connection": "keep-alive",
        "User-Agent": "azsdk-python-keyvault-keys/4.5.1 Python/3.9.9 (Windows-10-10.0.22000-SP0)"
      },
      "RequestBody": null,
      "StatusCode": 200,
      "ResponseHeaders": {
        "Cache-Control": "no-cache",
        "Content-Length": "1951",
        "Content-Type": "application/json; charset=utf-8",
        "Date": "Fri, 15 Apr 2022 21:59:14 GMT",
        "Expires": "-1",
        "Pragma": "no-cache",
        "Strict-Transport-Security": "max-age=31536000;includeSubDomains",
        "X-Content-Type-Options": "nosniff",
        "x-ms-keyvault-network-info": "conn_type=Ipv4;addr=73.232.137.144;act_addr_fam=InterNetwork;",
        "x-ms-keyvault-rbac-assignment-id": "ae1ec34e-30ed-581a-9f84-7759a8c5a1fa",
        "x-ms-keyvault-rbac-cache": "ra_age=3424;da_age=9363;rd_age=9363;brd_age=9146;ra_notif_age=4004;dec_lev=0;",
        "x-ms-keyvault-region": "westus2",
        "x-ms-keyvault-service-version": "1.9.358.1"
      },
      "ResponseBody": {
        "value": [
          {
            "kid": "https://vaultname.vault.azure.net/keys/livekvtestcrud-ec-key6c6b2cc3",
            "attributes": {
              "enabled": true,
              "created": 1650059069,
              "updated": 1650059069,
              "recoveryLevel": "CustomizedRecoverable\u002BPurgeable",
              "recoverableDays": 7
            },
            "tags": {
              "purpose": "unit test",
              "test name": "CreateECKeyTest"
            }
          },
          {
            "kid": "https://vaultname.vault.azure.net/keys/livekvtestcrud-ec-key6c7a2cc4",
            "attributes": {
              "enabled": true,
              "created": 1650059054,
              "updated": 1650059054,
              "recoveryLevel": "CustomizedRecoverable\u002BPurgeable",
              "recoverableDays": 7
            },
            "tags": {
              "purpose": "unit test",
              "test name": "CreateECKeyTest"
            }
          },
          {
            "kid": "https://vaultname.vault.azure.net/keys/livekvtestcrud-ec-key6c892cc5",
            "attributes": {
              "enabled": true,
              "created": 1650059038,
              "updated": 1650059038,
              "recoveryLevel": "CustomizedRecoverable\u002BPurgeable",
              "recoverableDays": 7
            },
            "tags": {
              "purpose": "unit test",
              "test name": "CreateECKeyTest"
            }
          },
          {
            "kid": "https://vaultname.vault.azure.net/keys/livekvtestcrud-ec-key6c982cc6",
            "attributes": {
              "enabled": true,
              "created": 1650058989,
              "updated": 1650058989,
              "recoveryLevel": "CustomizedRecoverable\u002BPurgeable",
              "recoverableDays": 7
            },
            "tags": {
              "purpose": "unit test",
              "test name": "CreateECKeyTest"
            }
          },
          {
            "kid": "https://vaultname.vault.azure.net/keys/livekvtestcrud-ec-key9ab92e13",
            "attributes": {
              "enabled": true,
              "created": 1650059085,
              "updated": 1650059085,
              "recoveryLevel": "CustomizedRecoverable\u002BPurgeable",
              "recoverableDays": 7
            },
            "tags": {
              "purpose": "unit test",
              "test name": "CreateECKeyTest"
            }
          },
          {
            "kid": "https://vaultname.vault.azure.net/keys/livekvtestcrud-P-256-ec-key6c6b2cc3",
            "attributes": {
              "enabled": true,
              "created": 1650059071,
              "updated": 1650059071,
              "recoveryLevel": "CustomizedRecoverable\u002BPurgeable",
              "recoverableDays": 7
            }
          }
        ],
        "nextLink": "https://vaultname.vault.azure.net:443/keys?api-version=7.2\u0026$skiptoken=eyJOZXh0TWFya2VyIjoiMiExMTIhTURBd01ETTVJV3RsZVM5TVNWWkZTMVpVUlZOVVExSlZSQzFRTFRJMU5pMUZReTFMUlZrMlF6ZEJNa05ETkNFd01EQXdNamdoT1RrNU9TMHhNaTB6TVZReU16bzFPVG8xT1M0NU9UazVPVGs1V2lFLSIsIlRhcmdldExvY2F0aW9uIjowfQ\u0026maxresults=6"
      }
    },
    {
      "RequestUri": "https://vaultname.vault.azure.net/keys?maxresults=6\u0026api-version=7.2\u0026$skiptoken=eyJOZXh0TWFya2VyIjoiMiExMTIhTURBd01ETTVJV3RsZVM5TVNWWkZTMVpVUlZOVVExSlZSQzFRTFRJMU5pMUZReTFMUlZrMlF6ZEJNa05ETkNFd01EQXdNamdoT1RrNU9TMHhNaTB6TVZReU16bzFPVG8xT1M0NU9UazVPVGs1V2lFLSIsIlRhcmdldExvY2F0aW9uIjowfQ",
      "RequestMethod": "GET",
      "RequestHeaders": {
        "Accept": "application/json",
        "Accept-Encoding": "gzip, deflate",
        "Connection": "keep-alive",
        "User-Agent": "azsdk-python-keyvault-keys/4.5.1 Python/3.9.9 (Windows-10-10.0.22000-SP0)"
      },
      "RequestBody": null,
      "StatusCode": 200,
      "ResponseHeaders": {
        "Cache-Control": "no-cache",
        "Content-Length": "1211",
        "Content-Type": "application/json; charset=utf-8",
        "Date": "Fri, 15 Apr 2022 21:59:14 GMT",
        "Expires": "-1",
        "Pragma": "no-cache",
        "Strict-Transport-Security": "max-age=31536000;includeSubDomains",
        "X-Content-Type-Options": "nosniff",
        "x-ms-keyvault-network-info": "conn_type=Ipv4;addr=73.232.137.144;act_addr_fam=InterNetwork;",
        "x-ms-keyvault-rbac-assignment-id": "ae1ec34e-30ed-581a-9f84-7759a8c5a1fa",
        "x-ms-keyvault-rbac-cache": "ra_age=3424;da_age=9363;rd_age=9363;brd_age=9147;ra_notif_age=4004;dec_lev=0;",
        "x-ms-keyvault-region": "westus2",
        "x-ms-keyvault-service-version": "1.9.358.1"
      },
      "ResponseBody": {
        "value": [
          {
            "kid": "https://vaultname.vault.azure.net/keys/livekvtestcrud-P-256-ec-key6c7a2cc4",
            "attributes": {
              "enabled": true,
              "created": 1650059056,
              "updated": 1650059056,
              "recoveryLevel": "CustomizedRecoverable\u002BPurgeable",
              "recoverableDays": 7
            }
          },
          {
            "kid": "https://vaultname.vault.azure.net/keys/livekvtestcrud-P-256-ec-key6c892cc5",
            "attributes": {
              "enabled": true,
              "created": 1650059040,
              "updated": 1650059040,
              "recoveryLevel": "CustomizedRecoverable\u002BPurgeable",
              "recoverableDays": 7
            }
          },
          {
            "kid": "https://vaultname.vault.azure.net/keys/livekvtestcrud-P-256-ec-key6c982cc6",
            "attributes": {
              "enabled": true,
              "created": 1650058991,
              "updated": 1650058991,
              "recoveryLevel": "CustomizedRecoverable\u002BPurgeable",
              "recoverableDays": 7
            }
          },
          {
            "kid": "https://vaultname.vault.azure.net/keys/livekvtestcrud-P-256-ec-key9ab92e13",
            "attributes": {
              "enabled": true,
              "created": 1650059087,
              "updated": 1650059087,
              "recoveryLevel": "CustomizedRecoverable\u002BPurgeable",
              "recoverableDays": 7
            }
          }
        ],
        "nextLink": "https://vaultname.vault.azure.net:443/keys?api-version=7.2\u0026$skiptoken=eyJOZXh0TWFya2VyIjoiMiExMDQhTURBd01ETTBJV3RsZVM5TVNWWkZTMVpVUlZOVVExSlZSQzFTVTBFdFMwVlpOa000T1RKRFF6VWhNREF3TURJNElUazVPVGt0TVRJdE16RlVNak02TlRrNk5Ua3VPVGs1T1RrNU9Wb2giLCJUYXJnZXRMb2NhdGlvbiI6MH0\u0026maxresults=6"
      }
    },
    {
      "RequestUri": "https://vaultname.vault.azure.net/keys?maxresults=6\u0026api-version=7.2\u0026$skiptoken=eyJOZXh0TWFya2VyIjoiMiExMDQhTURBd01ETTBJV3RsZVM5TVNWWkZTMVpVUlZOVVExSlZSQzFTVTBFdFMwVlpOa000T1RKRFF6VWhNREF3TURJNElUazVPVGt0TVRJdE16RlVNak02TlRrNk5Ua3VPVGs1T1RrNU9Wb2giLCJUYXJnZXRMb2NhdGlvbiI6MH0",
      "RequestMethod": "GET",
      "RequestHeaders": {
        "Accept": "application/json",
        "Accept-Encoding": "gzip, deflate",
        "Connection": "keep-alive",
        "User-Agent": "azsdk-python-keyvault-keys/4.5.1 Python/3.9.9 (Windows-10-10.0.22000-SP0)"
      },
      "RequestBody": null,
      "StatusCode": 200,
      "ResponseHeaders": {
        "Cache-Control": "no-cache",
        "Content-Length": "1023",
        "Content-Type": "application/json; charset=utf-8",
        "Date": "Fri, 15 Apr 2022 21:59:14 GMT",
        "Expires": "-1",
        "Pragma": "no-cache",
        "Strict-Transport-Security": "max-age=31536000;includeSubDomains",
        "X-Content-Type-Options": "nosniff",
        "x-ms-keyvault-network-info": "conn_type=Ipv4;addr=73.232.137.144;act_addr_fam=InterNetwork;",
        "x-ms-keyvault-rbac-assignment-id": "ae1ec34e-30ed-581a-9f84-7759a8c5a1fa",
        "x-ms-keyvault-rbac-cache": "ra_age=3424;da_age=9363;rd_age=9363;brd_age=9147;ra_notif_age=4004;dec_lev=0;",
        "x-ms-keyvault-region": "westus2",
        "x-ms-keyvault-service-version": "1.9.358.1"
      },
      "ResponseBody": {
        "value": [
          {
            "kid": "https://vaultname.vault.azure.net/keys/livekvtestcrypto-test-encrypt-keya4882f99",
            "attributes": {
              "enabled": true,
              "created": 1650057162,
              "updated": 1650057162,
              "recoveryLevel": "CustomizedRecoverable\u002BPurgeable",
              "recoverableDays": 7
            }
          },
          {
            "kid": "https://vaultname.vault.azure.net/keys/livekvtestcrypto-test-encrypt-keya4972f9a",
            "attributes": {
              "enabled": true,
              "created": 1650057161,
              "updated": 1650057161,
              "recoveryLevel": "CustomizedRecoverable\u002BPurgeable",
              "recoverableDays": 7
            }
          },
          {
            "kid": "https://vaultname.vault.azure.net/keys/livekvtestcrypto-test-encrypt-keya4a62f9b",
            "attributes": {
              "enabled": true,
              "created": 1650057159,
              "updated": 1650057159,
              "recoveryLevel": "CustomizedRecoverable\u002BPurgeable",
              "recoverableDays": 7
            }
          }
        ],
        "nextLink": "https://vaultname.vault.azure.net:443/keys?api-version=7.2\u0026$skiptoken=eyJOZXh0TWFya2VyIjoiMiExMjAhTURBd01EUTFJV3RsZVM5TVNWWkZTMVpVUlZOVVExSlpVRlJQTFZSRlUxUXRSVTVEVWxsUVZDMUxSVmxCTkVJMU1rWTVReUV3TURBd01qZ2hPVGs1T1MweE1pMHpNVlF5TXpvMU9UbzFPUzQ1T1RrNU9UazVXaUUtIiwiVGFyZ2V0TG9jYXRpb24iOjB9\u0026maxresults=6"
      }
    },
    {
      "RequestUri": "https://vaultname.vault.azure.net/keys?maxresults=6\u0026api-version=7.2\u0026$skiptoken=eyJOZXh0TWFya2VyIjoiMiExMjAhTURBd01EUTFJV3RsZVM5TVNWWkZTMVpVUlZOVVExSlpVRlJQTFZSRlUxUXRSVTVEVWxsUVZDMUxSVmxCTkVJMU1rWTVReUV3TURBd01qZ2hPVGs1T1MweE1pMHpNVlF5TXpvMU9UbzFPUzQ1T1RrNU9UazVXaUUtIiwiVGFyZ2V0TG9jYXRpb24iOjB9",
      "RequestMethod": "GET",
      "RequestHeaders": {
        "Accept": "application/json",
        "Accept-Encoding": "gzip, deflate",
        "Connection": "keep-alive",
        "User-Agent": "azsdk-python-keyvault-keys/4.5.1 Python/3.9.9 (Windows-10-10.0.22000-SP0)"
      },
      "RequestBody": null,
      "StatusCode": 200,
      "ResponseHeaders": {
        "Cache-Control": "no-cache",
        "Content-Length": "1726",
        "Content-Type": "application/json; charset=utf-8",
        "Date": "Fri, 15 Apr 2022 21:59:15 GMT",
        "Expires": "-1",
        "Pragma": "no-cache",
        "Strict-Transport-Security": "max-age=31536000;includeSubDomains",
        "X-Content-Type-Options": "nosniff",
        "x-ms-keyvault-network-info": "conn_type=Ipv4;addr=73.232.137.144;act_addr_fam=InterNetwork;",
        "x-ms-keyvault-rbac-assignment-id": "ae1ec34e-30ed-581a-9f84-7759a8c5a1fa",
        "x-ms-keyvault-rbac-cache": "ra_age=3424;da_age=9363;rd_age=9363;brd_age=9147;ra_notif_age=4004;dec_lev=0;",
        "x-ms-keyvault-region": "westus2",
        "x-ms-keyvault-service-version": "1.9.358.1"
      },
      "ResponseBody": {
        "value": [
          {
            "kid": "https://vaultname.vault.azure.net/keys/livekvtestcrypto-test-encrypt-keya4b52f9c",
            "attributes": {
              "enabled": true,
              "created": 1650057158,
              "updated": 1650057158,
              "recoveryLevel": "CustomizedRecoverable\u002BPurgeable",
              "recoverableDays": 7
            }
          },
          {
            "kid": "https://vaultname.vault.azure.net/keys/livekvtestcrypto-test-encrypt-keye6b030e9",
            "attributes": {
              "enabled": true,
              "created": 1650057164,
              "updated": 1650057164,
              "recoveryLevel": "CustomizedRecoverable\u002BPurgeable",
              "recoverableDays": 7
            }
          },
          {
            "kid": "https://vaultname.vault.azure.net/keys/livekvtestcrypto-test-wrapping-key176d2f2f",
            "attributes": {
              "enabled": true,
              "created": 1650057474,
              "updated": 1650057474,
              "recoveryLevel": "CustomizedRecoverable\u002BPurgeable",
              "recoverableDays": 7
            }
          },
          {
            "kid": "https://vaultname.vault.azure.net/keys/livekvtestcrypto-test-wrapping-key19b92f40",
            "attributes": {
              "enabled": true,
              "created": 1650057413,
              "updated": 1650057413,
              "recoveryLevel": "CustomizedRecoverable\u002BPurgeable",
              "recoverableDays": 7
            }
          },
          {
            "kid": "https://vaultname.vault.azure.net/keys/livekvtestcrypto-test-wrapping-keye14c2ddf",
            "attributes": {
              "enabled": true,
              "created": 1650057473,
              "updated": 1650057473,
              "recoveryLevel": "CustomizedRecoverable\u002BPurgeable",
              "recoverableDays": 7
            }
          },
          {
            "kid": "https://vaultname.vault.azure.net/keys/livekvtestcrypto-test-wrapping-keye15b2de0",
            "attributes": {
              "enabled": true,
              "created": 1650057472,
              "updated": 1650057472,
              "recoveryLevel": "CustomizedRecoverable\u002BPurgeable",
              "recoverableDays": 7
            }
          }
        ],
        "nextLink": "https://vaultname.vault.azure.net:443/keys?api-version=7.2\u0026$skiptoken=eyJOZXh0TWFya2VyIjoiMiExMjAhTURBd01EUTJJV3RsZVM5TVNWWkZTMVpVUlZOVVExSlpVRlJQTFZSRlUxUXRWMUpCVUZCSlRrY3RTMFZaUlRFMlFUSkVSVEVoTURBd01ESTRJVGs1T1RrdE1USXRNekZVTWpNNk5UazZOVGt1T1RrNU9UazVPVm9oIiwiVGFyZ2V0TG9jYXRpb24iOjB9\u0026maxresults=6"
      }
    },
    {
      "RequestUri": "https://vaultname.vault.azure.net/keys?maxresults=6\u0026api-version=7.2\u0026$skiptoken=eyJOZXh0TWFya2VyIjoiMiExMjAhTURBd01EUTJJV3RsZVM5TVNWWkZTMVpVUlZOVVExSlpVRlJQTFZSRlUxUXRWMUpCVUZCSlRrY3RTMFZaUlRFMlFUSkVSVEVoTURBd01ESTRJVGs1T1RrdE1USXRNekZVTWpNNk5UazZOVGt1T1RrNU9UazVPVm9oIiwiVGFyZ2V0TG9jYXRpb24iOjB9",
      "RequestMethod": "GET",
      "RequestHeaders": {
        "Accept": "application/json",
        "Accept-Encoding": "gzip, deflate",
        "Connection": "keep-alive",
        "User-Agent": "azsdk-python-keyvault-keys/4.5.1 Python/3.9.9 (Windows-10-10.0.22000-SP0)"
      },
      "RequestBody": null,
      "StatusCode": 200,
      "ResponseHeaders": {
        "Cache-Control": "no-cache",
        "Content-Length": "1712",
        "Content-Type": "application/json; charset=utf-8",
        "Date": "Fri, 15 Apr 2022 21:59:15 GMT",
        "Expires": "-1",
        "Pragma": "no-cache",
        "Strict-Transport-Security": "max-age=31536000;includeSubDomains",
        "X-Content-Type-Options": "nosniff",
        "x-ms-keyvault-network-info": "conn_type=Ipv4;addr=73.232.137.144;act_addr_fam=InterNetwork;",
        "x-ms-keyvault-rbac-assignment-id": "ae1ec34e-30ed-581a-9f84-7759a8c5a1fa",
        "x-ms-keyvault-rbac-cache": "ra_age=3425;da_age=9364;rd_age=9364;brd_age=9147;ra_notif_age=4004;dec_lev=0;",
        "x-ms-keyvault-region": "westus2",
        "x-ms-keyvault-service-version": "1.9.358.1"
      },
      "ResponseBody": {
        "value": [
          {
            "kid": "https://vaultname.vault.azure.net/keys/livekvtestcrypto-test-wrapping-keye16a2de1",
            "attributes": {
              "enabled": true,
              "created": 1650057471,
              "updated": 1650057471,
              "recoveryLevel": "CustomizedRecoverable\u002BPurgeable",
              "recoverableDays": 7
            }
          },
          {
            "kid": "https://vaultname.vault.azure.net/keys/livekvtestcrypto-test-wrapping-keye1792de2",
            "attributes": {
              "enabled": true,
              "created": 1650057469,
              "updated": 1650057469,
              "recoveryLevel": "CustomizedRecoverable\u002BPurgeable",
              "recoverableDays": 7
            }
          },
          {
            "kid": "https://vaultname.vault.azure.net/keys/livekvtestcrypto-test-wrapping-keye3212df0",
            "attributes": {
              "enabled": true,
              "created": 1650057412,
              "updated": 1650057412,
              "recoveryLevel": "CustomizedRecoverable\u002BPurgeable",
              "recoverableDays": 7
            }
          },
          {
            "kid": "https://vaultname.vault.azure.net/keys/livekvtestcrypto-test-wrapping-keye3302df1",
            "attributes": {
              "enabled": true,
              "created": 1650057411,
              "updated": 1650057411,
              "recoveryLevel": "CustomizedRecoverable\u002BPurgeable",
              "recoverableDays": 7
            }
          },
          {
            "kid": "https://vaultname.vault.azure.net/keys/livekvtestcrypto-test-wrapping-keye33f2df2",
            "attributes": {
              "enabled": true,
              "created": 1650057410,
              "updated": 1650057410,
              "recoveryLevel": "CustomizedRecoverable\u002BPurgeable",
              "recoverableDays": 7
            }
          },
          {
            "kid": "https://vaultname.vault.azure.net/keys/livekvtestcrypto-test-wrapping-keye34e2df3",
            "attributes": {
              "enabled": true,
              "created": 1650057408,
              "updated": 1650057408,
              "recoveryLevel": "CustomizedRecoverable\u002BPurgeable",
              "recoverableDays": 7
            }
          }
        ],
        "nextLink": "https://vaultname.vault.azure.net:443/keys?api-version=7.2\u0026$skiptoken=eyJOZXh0TWFya2VyIjoiMiExMDghTURBd01ETTNJV3RsZVM5TVNWWkZTMVpVUlZOVVNVMVFUMUpVTFZSRlUxUXRTMFZaTmtNMlFqSkRRek1oTURBd01ESTRJVGs1T1RrdE1USXRNekZVTWpNNk5UazZOVGt1T1RrNU9UazVPVm9oIiwiVGFyZ2V0TG9jYXRpb24iOjB9\u0026maxresults=6"
      }
    },
    {
      "RequestUri": "https://vaultname.vault.azure.net/keys?maxresults=6\u0026api-version=7.2\u0026$skiptoken=eyJOZXh0TWFya2VyIjoiMiExMDghTURBd01ETTNJV3RsZVM5TVNWWkZTMVpVUlZOVVNVMVFUMUpVTFZSRlUxUXRTMFZaTmtNMlFqSkRRek1oTURBd01ESTRJVGs1T1RrdE1USXRNekZVTWpNNk5UazZOVGt1T1RrNU9UazVPVm9oIiwiVGFyZ2V0TG9jYXRpb24iOjB9",
      "RequestMethod": "GET",
      "RequestHeaders": {
        "Accept": "application/json",
        "Accept-Encoding": "gzip, deflate",
        "Connection": "keep-alive",
        "User-Agent": "azsdk-python-keyvault-keys/4.5.1 Python/3.9.9 (Windows-10-10.0.22000-SP0)"
      },
      "RequestBody": null,
      "StatusCode": 200,
      "ResponseHeaders": {
        "Cache-Control": "no-cache",
        "Content-Length": "1630",
        "Content-Type": "application/json; charset=utf-8",
        "Date": "Fri, 15 Apr 2022 21:59:15 GMT",
        "Expires": "-1",
        "Pragma": "no-cache",
        "Strict-Transport-Security": "max-age=31536000;includeSubDomains",
        "X-Content-Type-Options": "nosniff",
        "x-ms-keyvault-network-info": "conn_type=Ipv4;addr=73.232.137.144;act_addr_fam=InterNetwork;",
        "x-ms-keyvault-rbac-assignment-id": "ae1ec34e-30ed-581a-9f84-7759a8c5a1fa",
        "x-ms-keyvault-rbac-cache": "ra_age=3425;da_age=9364;rd_age=9364;brd_age=9147;ra_notif_age=4004;dec_lev=0;",
        "x-ms-keyvault-region": "westus2",
        "x-ms-keyvault-service-version": "1.9.358.1"
      },
      "ResponseBody": {
        "value": [
          {
            "kid": "https://vaultname.vault.azure.net/keys/livekvtestimport-test-key6c6b2cc3",
            "attributes": {
              "enabled": true,
              "created": 1650059072,
              "updated": 1650059072,
              "recoveryLevel": "CustomizedRecoverable\u002BPurgeable",
              "recoverableDays": 7
            }
          },
          {
            "kid": "https://vaultname.vault.azure.net/keys/livekvtestimport-test-key6c7a2cc4",
            "attributes": {
              "enabled": true,
              "created": 1650059056,
              "updated": 1650059056,
              "recoveryLevel": "CustomizedRecoverable\u002BPurgeable",
              "recoverableDays": 7
            }
          },
          {
            "kid": "https://vaultname.vault.azure.net/keys/livekvtestimport-test-key6c892cc5",
            "attributes": {
              "enabled": true,
              "created": 1650059040,
              "updated": 1650059040,
              "recoveryLevel": "CustomizedRecoverable\u002BPurgeable",
              "recoverableDays": 7
            }
          },
          {
            "kid": "https://vaultname.vault.azure.net/keys/livekvtestimport-test-key6c982cc6",
            "attributes": {
              "enabled": true,
              "created": 1650058992,
              "updated": 1650058992,
              "recoveryLevel": "CustomizedRecoverable\u002BPurgeable",
              "recoverableDays": 7
            }
          },
          {
            "kid": "https://vaultname.vault.azure.net/keys/livekvtestimport-test-key9ab92e13",
            "attributes": {
              "enabled": true,
              "created": 1650059087,
              "updated": 1650059087,
              "recoveryLevel": "CustomizedRecoverable\u002BPurgeable",
              "recoverableDays": 7
            }
          },
          {
            "kid": "https://vaultname.vault.azure.net/keys/livekvtestkey086122830",
            "attributes": {
              "enabled": true,
              "created": 1650059941,
              "updated": 1650059941,
              "recoveryLevel": "CustomizedRecoverable\u002BPurgeable",
              "recoverableDays": 7
            }
          }
        ],
        "nextLink": "https://vaultname.vault.azure.net:443/keys?api-version=7.2\u0026$skiptoken=eyJOZXh0TWFya2VyIjoiMiE5NiFNREF3TURJMklXdGxlUzlNU1ZaRlMxWlVSVk5VUzBWWk1EZzJNakV5T0RNeElUQXdNREF5T0NFNU9UazVMVEV5TFRNeFZESXpPalU1T2pVNUxqazVPVGs1T1RsYUlRLS0iLCJUYXJnZXRMb2NhdGlvbiI6MH0\u0026maxresults=6"
      }
    },
    {
      "RequestUri": "https://vaultname.vault.azure.net/keys?maxresults=6\u0026api-version=7.2\u0026$skiptoken=eyJOZXh0TWFya2VyIjoiMiE5NiFNREF3TURJMklXdGxlUzlNU1ZaRlMxWlVSVk5VUzBWWk1EZzJNakV5T0RNeElUQXdNREF5T0NFNU9UazVMVEV5TFRNeFZESXpPalU1T2pVNUxqazVPVGs1T1RsYUlRLS0iLCJUYXJnZXRMb2NhdGlvbiI6MH0",
      "RequestMethod": "GET",
      "RequestHeaders": {
        "Accept": "application/json",
        "Accept-Encoding": "gzip, deflate",
        "Connection": "keep-alive",
        "User-Agent": "azsdk-python-keyvault-keys/4.5.1 Python/3.9.9 (Windows-10-10.0.22000-SP0)"
      },
      "RequestBody": null,
      "StatusCode": 200,
      "ResponseHeaders": {
        "Cache-Control": "no-cache",
        "Content-Length": "1575",
        "Content-Type": "application/json; charset=utf-8",
        "Date": "Fri, 15 Apr 2022 21:59:15 GMT",
        "Expires": "-1",
        "Pragma": "no-cache",
        "Strict-Transport-Security": "max-age=31536000;includeSubDomains",
        "X-Content-Type-Options": "nosniff",
        "x-ms-keyvault-network-info": "conn_type=Ipv4;addr=73.232.137.144;act_addr_fam=InterNetwork;",
        "x-ms-keyvault-rbac-assignment-id": "ae1ec34e-30ed-581a-9f84-7759a8c5a1fa",
        "x-ms-keyvault-rbac-cache": "ra_age=3425;da_age=9364;rd_age=9364;brd_age=9147;ra_notif_age=4004;dec_lev=0;",
        "x-ms-keyvault-region": "westus2",
        "x-ms-keyvault-service-version": "1.9.358.1"
      },
      "ResponseBody": {
        "value": [
          {
            "kid": "https://vaultname.vault.azure.net/keys/livekvtestkey086212831",
            "attributes": {
              "enabled": true,
              "created": 1650059905,
              "updated": 1650059905,
              "recoveryLevel": "CustomizedRecoverable\u002BPurgeable",
              "recoverableDays": 7
            }
          },
          {
            "kid": "https://vaultname.vault.azure.net/keys/livekvtestkey186122830",
            "attributes": {
              "enabled": true,
              "created": 1650059943,
              "updated": 1650059943,
              "recoveryLevel": "CustomizedRecoverable\u002BPurgeable",
              "recoverableDays": 7
            }
          },
          {
            "kid": "https://vaultname.vault.azure.net/keys/livekvtestkey186212831",
            "attributes": {
              "enabled": true,
              "created": 1650059908,
              "updated": 1650059908,
              "recoveryLevel": "CustomizedRecoverable\u002BPurgeable",
              "recoverableDays": 7
            }
          },
          {
            "kid": "https://vaultname.vault.azure.net/keys/livekvtestkey286122830",
            "attributes": {
              "enabled": true,
              "created": 1650059946,
              "updated": 1650059946,
              "recoveryLevel": "CustomizedRecoverable\u002BPurgeable",
              "recoverableDays": 7
            }
          },
          {
            "kid": "https://vaultname.vault.azure.net/keys/livekvtestkey286212831",
            "attributes": {
              "enabled": true,
              "created": 1650059910,
              "updated": 1650059910,
              "recoveryLevel": "CustomizedRecoverable\u002BPurgeable",
              "recoverableDays": 7
            }
          },
          {
            "kid": "https://vaultname.vault.azure.net/keys/livekvtestkey386122830",
            "attributes": {
              "enabled": true,
              "created": 1650059948,
              "updated": 1650059948,
              "recoveryLevel": "CustomizedRecoverable\u002BPurgeable",
              "recoverableDays": 7
            }
          }
        ],
        "nextLink": "https://vaultname.vault.azure.net:443/keys?api-version=7.2\u0026$skiptoken=eyJOZXh0TWFya2VyIjoiMiE5NiFNREF3TURJMklXdGxlUzlNU1ZaRlMxWlVSVk5VUzBWWk16ZzJNakV5T0RNeElUQXdNREF5T0NFNU9UazVMVEV5TFRNeFZESXpPalU1T2pVNUxqazVPVGs1T1RsYUlRLS0iLCJUYXJnZXRMb2NhdGlvbiI6MH0\u0026maxresults=6"
      }
    },
    {
      "RequestUri": "https://vaultname.vault.azure.net/keys?maxresults=6\u0026api-version=7.2\u0026$skiptoken=eyJOZXh0TWFya2VyIjoiMiE5NiFNREF3TURJMklXdGxlUzlNU1ZaRlMxWlVSVk5VUzBWWk16ZzJNakV5T0RNeElUQXdNREF5T0NFNU9UazVMVEV5TFRNeFZESXpPalU1T2pVNUxqazVPVGs1T1RsYUlRLS0iLCJUYXJnZXRMb2NhdGlvbiI6MH0",
      "RequestMethod": "GET",
      "RequestHeaders": {
        "Accept": "application/json",
        "Accept-Encoding": "gzip, deflate",
        "Connection": "keep-alive",
        "User-Agent": "azsdk-python-keyvault-keys/4.5.1 Python/3.9.9 (Windows-10-10.0.22000-SP0)"
      },
      "RequestBody": null,
      "StatusCode": 200,
      "ResponseHeaders": {
        "Cache-Control": "no-cache",
        "Content-Length": "1575",
        "Content-Type": "application/json; charset=utf-8",
        "Date": "Fri, 15 Apr 2022 21:59:15 GMT",
        "Expires": "-1",
        "Pragma": "no-cache",
        "Strict-Transport-Security": "max-age=31536000;includeSubDomains",
        "X-Content-Type-Options": "nosniff",
        "x-ms-keyvault-network-info": "conn_type=Ipv4;addr=73.232.137.144;act_addr_fam=InterNetwork;",
        "x-ms-keyvault-rbac-assignment-id": "ae1ec34e-30ed-581a-9f84-7759a8c5a1fa",
        "x-ms-keyvault-rbac-cache": "ra_age=3425;da_age=9364;rd_age=9364;brd_age=9148;ra_notif_age=4005;dec_lev=0;",
        "x-ms-keyvault-region": "westus2",
        "x-ms-keyvault-service-version": "1.9.358.1"
      },
      "ResponseBody": {
        "value": [
          {
            "kid": "https://vaultname.vault.azure.net/keys/livekvtestkey386212831",
            "attributes": {
              "enabled": true,
              "created": 1650059912,
              "updated": 1650059912,
              "recoveryLevel": "CustomizedRecoverable\u002BPurgeable",
              "recoverableDays": 7
            }
          },
          {
            "kid": "https://vaultname.vault.azure.net/keys/livekvtestkey486122830",
            "attributes": {
              "enabled": true,
              "created": 1650059950,
              "updated": 1650059950,
              "recoveryLevel": "CustomizedRecoverable\u002BPurgeable",
              "recoverableDays": 7
            }
          },
          {
            "kid": "https://vaultname.vault.azure.net/keys/livekvtestkey486212831",
            "attributes": {
              "enabled": true,
              "created": 1650059914,
              "updated": 1650059914,
              "recoveryLevel": "CustomizedRecoverable\u002BPurgeable",
              "recoverableDays": 7
            }
          },
          {
            "kid": "https://vaultname.vault.azure.net/keys/livekvtestkey586122830",
            "attributes": {
              "enabled": true,
              "created": 1650059952,
              "updated": 1650059952,
              "recoveryLevel": "CustomizedRecoverable\u002BPurgeable",
              "recoverableDays": 7
            }
          },
          {
            "kid": "https://vaultname.vault.azure.net/keys/livekvtestkey586212831",
            "attributes": {
              "enabled": true,
              "created": 1650059917,
              "updated": 1650059917,
              "recoveryLevel": "CustomizedRecoverable\u002BPurgeable",
              "recoverableDays": 7
            }
          },
          {
            "kid": "https://vaultname.vault.azure.net/keys/livekvtestkey686122830",
            "attributes": {
              "enabled": true,
              "created": 1650059955,
              "updated": 1650059955,
              "recoveryLevel": "CustomizedRecoverable\u002BPurgeable",
              "recoverableDays": 7
            }
          }
        ],
        "nextLink": "https://vaultname.vault.azure.net:443/keys?api-version=7.2\u0026$skiptoken=eyJOZXh0TWFya2VyIjoiMiE5NiFNREF3TURJMklXdGxlUzlNU1ZaRlMxWlVSVk5VUzBWWk5qZzJNakV5T0RNeElUQXdNREF5T0NFNU9UazVMVEV5TFRNeFZESXpPalU1T2pVNUxqazVPVGs1T1RsYUlRLS0iLCJUYXJnZXRMb2NhdGlvbiI6MH0\u0026maxresults=6"
      }
    },
    {
      "RequestUri": "https://vaultname.vault.azure.net/keys?maxresults=6\u0026api-version=7.2\u0026$skiptoken=eyJOZXh0TWFya2VyIjoiMiE5NiFNREF3TURJMklXdGxlUzlNU1ZaRlMxWlVSVk5VUzBWWk5qZzJNakV5T0RNeElUQXdNREF5T0NFNU9UazVMVEV5TFRNeFZESXpPalU1T2pVNUxqazVPVGs1T1RsYUlRLS0iLCJUYXJnZXRMb2NhdGlvbiI6MH0",
      "RequestMethod": "GET",
      "RequestHeaders": {
        "Accept": "application/json",
        "Accept-Encoding": "gzip, deflate",
        "Connection": "keep-alive",
        "User-Agent": "azsdk-python-keyvault-keys/4.5.1 Python/3.9.9 (Windows-10-10.0.22000-SP0)"
      },
      "RequestBody": null,
      "StatusCode": 200,
      "ResponseHeaders": {
        "Cache-Control": "no-cache",
        "Content-Length": "1602",
        "Content-Type": "application/json; charset=utf-8",
        "Date": "Fri, 15 Apr 2022 21:59:15 GMT",
        "Expires": "-1",
        "Pragma": "no-cache",
        "Strict-Transport-Security": "max-age=31536000;includeSubDomains",
        "X-Content-Type-Options": "nosniff",
        "x-ms-keyvault-network-info": "conn_type=Ipv4;addr=73.232.137.144;act_addr_fam=InterNetwork;",
        "x-ms-keyvault-rbac-assignment-id": "ae1ec34e-30ed-581a-9f84-7759a8c5a1fa",
        "x-ms-keyvault-rbac-cache": "ra_age=3425;da_age=9364;rd_age=9364;brd_age=9148;ra_notif_age=4005;dec_lev=0;",
        "x-ms-keyvault-region": "westus2",
        "x-ms-keyvault-service-version": "1.9.358.1"
      },
      "ResponseBody": {
        "value": [
          {
            "kid": "https://vaultname.vault.azure.net/keys/livekvtestkey686212831",
            "attributes": {
              "enabled": true,
              "created": 1650059919,
              "updated": 1650059919,
              "recoveryLevel": "CustomizedRecoverable\u002BPurgeable",
              "recoverableDays": 7
            }
          },
          {
            "kid": "https://vaultname.vault.azure.net/keys/livekvtestkeybak87ab2aa3",
            "attributes": {
              "enabled": true,
              "created": 1650059657,
              "updated": 1650059657,
              "recoveryLevel": "CustomizedRecoverable\u002BPurgeable",
              "recoverableDays": 7
            }
          },
          {
            "kid": "https://vaultname.vault.azure.net/keys/livekvtestkeybak87ba2aa4",
            "attributes": {
              "enabled": true,
              "created": 1650059637,
              "updated": 1650059637,
              "recoveryLevel": "CustomizedRecoverable\u002BPurgeable",
              "recoverableDays": 7
            }
          },
          {
            "kid": "https://vaultname.vault.azure.net/keys/livekvtestkeybak87c92aa5",
            "attributes": {
              "enabled": true,
              "created": 1650059618,
              "updated": 1650059618,
              "recoveryLevel": "CustomizedRecoverable\u002BPurgeable",
              "recoverableDays": 7
            }
          },
          {
            "kid": "https://vaultname.vault.azure.net/keys/livekvtestkeybak87d82aa6",
            "attributes": {
              "enabled": true,
              "created": 1650059594,
              "updated": 1650059594,
              "recoveryLevel": "CustomizedRecoverable\u002BPurgeable",
              "recoverableDays": 7
            }
          },
          {
            "kid": "https://vaultname.vault.azure.net/keys/livekvtestkeybaka7192bf3",
            "attributes": {
              "enabled": true,
              "created": 1650059675,
              "updated": 1650059675,
              "recoveryLevel": "CustomizedRecoverable\u002BPurgeable",
              "recoverableDays": 7
            }
          }
        ],
        "nextLink": "https://vaultname.vault.azure.net:443/keys?api-version=7.2\u0026$skiptoken=eyJOZXh0TWFya2VyIjoiMiExMDghTURBd01ETTNJV3RsZVM5TVNWWkZTMVpVUlZOVVRWVk1WRWxVUlU1QlRsUXRTMFZaTkVWR016TXlSRUloTURBd01ESTRJVGs1T1RrdE1USXRNekZVTWpNNk5UazZOVGt1T1RrNU9UazVPVm9oIiwiVGFyZ2V0TG9jYXRpb24iOjB9\u0026maxresults=6"
      }
    },
    {
      "RequestUri": "https://vaultname.vault.azure.net/keys?maxresults=6\u0026api-version=7.2\u0026$skiptoken=eyJOZXh0TWFya2VyIjoiMiExMDghTURBd01ETTNJV3RsZVM5TVNWWkZTMVpVUlZOVVRWVk1WRWxVUlU1QlRsUXRTMFZaTkVWR016TXlSRUloTURBd01ESTRJVGs1T1RrdE1USXRNekZVTWpNNk5UazZOVGt1T1RrNU9UazVPVm9oIiwiVGFyZ2V0TG9jYXRpb24iOjB9",
      "RequestMethod": "GET",
      "RequestHeaders": {
        "Accept": "application/json",
        "Accept-Encoding": "gzip, deflate",
        "Connection": "keep-alive",
        "User-Agent": "azsdk-python-keyvault-keys/4.5.1 Python/3.9.9 (Windows-10-10.0.22000-SP0)"
      },
      "RequestBody": null,
      "StatusCode": 200,
      "ResponseHeaders": {
        "Cache-Control": "no-cache",
        "Content-Length": "252",
        "Content-Type": "application/json; charset=utf-8",
        "Date": "Fri, 15 Apr 2022 21:59:16 GMT",
        "Expires": "-1",
        "Pragma": "no-cache",
        "Strict-Transport-Security": "max-age=31536000;includeSubDomains",
        "X-Content-Type-Options": "nosniff",
        "x-ms-keyvault-network-info": "conn_type=Ipv4;addr=73.232.137.144;act_addr_fam=InterNetwork;",
        "x-ms-keyvault-rbac-assignment-id": "ae1ec34e-30ed-581a-9f84-7759a8c5a1fa",
        "x-ms-keyvault-rbac-cache": "ra_age=3425;da_age=9364;rd_age=9364;brd_age=9148;ra_notif_age=4005;dec_lev=0;",
        "x-ms-keyvault-region": "westus2",
        "x-ms-keyvault-service-version": "1.9.358.1"
      },
      "ResponseBody": {
        "value": [
          {
            "kid": "https://vaultname.vault.azure.net/keys/livekvtestmultitenant-key4ef332db",
            "attributes": {
              "enabled": true,
              "created": 1650056567,
              "updated": 1650056567,
              "recoveryLevel": "CustomizedRecoverable\u002BPurgeable",
              "recoverableDays": 7
            }
          }
        ],
        "nextLink": null
      }
    }
  ],
  "Variables": {}
}
