interactions:
- request:
    body: null
    headers:
      Accept:
      - application/json
      Accept-Encoding:
      - gzip, deflate
      Connection:
      - keep-alive
      Content-Length:
      - '0'
      Content-Type:
      - application/json; charset=utf-8
      User-Agent:
      - azsdk-python-keyvault-keys/4.2.0b2 Python/3.5.4 (Windows-10-10.0.18362-SP0)
    method: POST
    uri: https://vaultname.vault.azure.net/keys/rsa-not-yet-valid/create?api-version=7.1-preview
  response:
    body:
      string: '{"error":{"code":"Unauthorized","message":"Request is missing a Bearer
        or PoP token."}}'
    headers:
      cache-control:
      - no-cache
      content-length:
      - '87'
      content-type:
      - application/json; charset=utf-8
      date:
      - Fri, 20 Mar 2020 19:51:32 GMT
      expires:
      - '-1'
      pragma:
      - no-cache
      server:
      - Microsoft-IIS/10.0
      strict-transport-security:
      - max-age=31536000;includeSubDomains
      www-authenticate:
      - Bearer authorization="https://login.windows.net/72f988bf-86f1-41af-91ab-2d7cd011db47",
        resource="https://vault.azure.net"
      x-aspnet-version:
      - 4.0.30319
      x-content-type-options:
      - nosniff
      x-ms-keyvault-network-info:
      - addr=76.121.58.221;act_addr_fam=InterNetwork;
      x-ms-keyvault-region:
      - westus
      x-ms-keyvault-service-version:
      - 1.1.0.898
      x-powered-by:
      - ASP.NET
    status:
      code: 401
      message: Unauthorized
- request:
    body: '{"attributes": {"nbf": 32503680000}, "kty": "RSA"}'
    headers:
      Accept:
      - application/json
      Accept-Encoding:
      - gzip, deflate
      Connection:
      - keep-alive
      Content-Length:
      - '50'
      Content-Type:
      - application/json; charset=utf-8
      User-Agent:
      - azsdk-python-keyvault-keys/4.2.0b2 Python/3.5.4 (Windows-10-10.0.18362-SP0)
    method: POST
    uri: https://vaultname.vault.azure.net/keys/rsa-not-yet-valid/create?api-version=7.1-preview
  response:
    body:
      string: '{"key":{"kid":"https://vaultname.vault.azure.net/keys/rsa-not-yet-valid/1460aacb704740988841fafb23bdb01d","kty":"RSA","key_ops":["encrypt","decrypt","sign","verify","wrapKey","unwrapKey"],"n":"uJ7KgbHcIg_ltIhsHzfUrTrgLZtSJpDfr3QfmBsa6hEm7kBKGO1NWWRgyeHVWUGNgJHhk6k2CcIuZv7Wux2HaOrMBya7F0XEBNJXduvLdDZkxjTUvCJ7QnvbZyJsiqQpfgsgRNZk61wOSqnEjIIY9VRShrUUtcgNd6SZQ5vK6EvODHSdMQSs91qcYyTIX1pk-V1nzxzQCbEmic6kT7G15KR9XQ7am1YHR5qPHlmu-euOwglJx_UVgtIth1A5RvKaWmvH8KOzUzvBNhvBC-q-5MjLOGGU3P4yCi0n9sIhM3laJkpDZjBoVqzC7VhUBQR60DuTloSdEhcI5eNwQxh-bw","e":"AQAB"},"attributes":{"enabled":true,"nbf":32503680000,"created":1584733893,"updated":1584733893,"recoveryLevel":"Recoverable+Purgeable","recoverableDays":90}}'
    headers:
      cache-control:
      - no-cache
      content-length:
      - '715'
      content-type:
      - application/json; charset=utf-8
      date:
      - Fri, 20 Mar 2020 19:51:33 GMT
      expires:
      - '-1'
      pragma:
      - no-cache
      server:
      - Microsoft-IIS/10.0
      strict-transport-security:
      - max-age=31536000;includeSubDomains
      x-aspnet-version:
      - 4.0.30319
      x-content-type-options:
      - nosniff
      x-ms-keyvault-network-info:
      - addr=76.121.58.221;act_addr_fam=InterNetwork;
      x-ms-keyvault-region:
      - westus
      x-ms-keyvault-service-version:
      - 1.1.0.898
      x-powered-by:
      - ASP.NET
    status:
      code: 200
      message: OK
- request:
    body: '{"attributes": {"nbf": 32503680000}, "kty": "EC"}'
    headers:
      Accept:
      - application/json
      Accept-Encoding:
      - gzip, deflate
      Connection:
      - keep-alive
      Content-Length:
      - '49'
      Content-Type:
      - application/json; charset=utf-8
      User-Agent:
      - azsdk-python-keyvault-keys/4.2.0b2 Python/3.5.4 (Windows-10-10.0.18362-SP0)
    method: POST
    uri: https://vaultname.vault.azure.net/keys/ec-not-yet-valid/create?api-version=7.1-preview
  response:
    body:
      string: '{"key":{"kid":"https://vaultname.vault.azure.net/keys/ec-not-yet-valid/995e8c4ae67943678ba3f8fec888faba","kty":"EC","key_ops":["sign","verify"],"crv":"P-256","x":"OisClUGMm6FO7mGeKuSkpMT2FczG7PEHidbkDN-NJfs","y":"AVZNy28U2_o2ihl-jbbl7izyS0EiBvmV7hAtsC5driM"},"attributes":{"enabled":true,"nbf":32503680000,"created":1584733894,"updated":1584733894,"recoveryLevel":"Recoverable+Purgeable","recoverableDays":90}}'
    headers:
      cache-control:
      - no-cache
      content-length:
      - '425'
      content-type:
      - application/json; charset=utf-8
      date:
      - Fri, 20 Mar 2020 19:51:33 GMT
      expires:
      - '-1'
      pragma:
      - no-cache
      server:
      - Microsoft-IIS/10.0
      strict-transport-security:
      - max-age=31536000;includeSubDomains
      x-aspnet-version:
      - 4.0.30319
      x-content-type-options:
      - nosniff
      x-ms-keyvault-network-info:
      - addr=76.121.58.221;act_addr_fam=InterNetwork;
      x-ms-keyvault-region:
      - westus
      x-ms-keyvault-service-version:
      - 1.1.0.898
      x-powered-by:
      - ASP.NET
    status:
      code: 200
      message: OK
- request:
    body: '{"attributes": {"exp": 946684800}, "kty": "RSA"}'
    headers:
      Accept:
      - application/json
      Accept-Encoding:
      - gzip, deflate
      Connection:
      - keep-alive
      Content-Length:
      - '48'
      Content-Type:
      - application/json; charset=utf-8
      User-Agent:
      - azsdk-python-keyvault-keys/4.2.0b2 Python/3.5.4 (Windows-10-10.0.18362-SP0)
    method: POST
    uri: https://vaultname.vault.azure.net/keys/rsa-expired/create?api-version=7.1-preview
  response:
    body:
      string: '{"key":{"kid":"https://vaultname.vault.azure.net/keys/rsa-expired/64dcda598a884f6d8398f4e23727ed57","kty":"RSA","key_ops":["encrypt","decrypt","sign","verify","wrapKey","unwrapKey"],"n":"sLGAAoDiY3gyQ0RJpdohqedKPLe4KGXaI8AyJTgZX5r8btRSmE_i2YTr1uxEoVekjwggiRZTo0owrhSR5MwGzWyJYOm5Xn6Aa5_ZW2Y2geVSckA6wXorRbbSUB17Ebg6qaooEjgl5D_ONk7UPJ-D7V_B3bgY-xq_cvfX6J5kmRBElh-63wfcrWz0C5wdr7SjtfWDAaJ4TyJKoHsgA5uvYyAgigqjiHV2tgnEESMg35hd_O4nSqLNNeRAGwbywXZ0Etm8JiwIRmBVjgSHECtgGO1PvC9hM45CgdS9jLPqLW6JWZLEztFxcwB1VABYXSVs6Nu_MnyNSq0c6vtbM0H9pQ","e":"AQAB"},"attributes":{"enabled":true,"exp":946684800,"created":1584733894,"updated":1584733894,"recoveryLevel":"Recoverable+Purgeable","recoverableDays":90}}'
    headers:
      cache-control:
      - no-cache
      content-length:
      - '707'
      content-type:
      - application/json; charset=utf-8
      date:
      - Fri, 20 Mar 2020 19:51:33 GMT
      expires:
      - '-1'
      pragma:
      - no-cache
      server:
      - Microsoft-IIS/10.0
      strict-transport-security:
      - max-age=31536000;includeSubDomains
      x-aspnet-version:
      - 4.0.30319
      x-content-type-options:
      - nosniff
      x-ms-keyvault-network-info:
      - addr=76.121.58.221;act_addr_fam=InterNetwork;
      x-ms-keyvault-region:
      - westus
      x-ms-keyvault-service-version:
      - 1.1.0.898
      x-powered-by:
      - ASP.NET
    status:
      code: 200
      message: OK
- request:
    body: '{"attributes": {"exp": 946684800}, "kty": "EC"}'
    headers:
      Accept:
      - application/json
      Accept-Encoding:
      - gzip, deflate
      Connection:
      - keep-alive
      Content-Length:
      - '47'
      Content-Type:
      - application/json; charset=utf-8
      User-Agent:
      - azsdk-python-keyvault-keys/4.2.0b2 Python/3.5.4 (Windows-10-10.0.18362-SP0)
    method: POST
    uri: https://vaultname.vault.azure.net/keys/ec-expired/create?api-version=7.1-preview
  response:
    body:
      string: '{"key":{"kid":"https://vaultname.vault.azure.net/keys/ec-expired/85cacb15b40e423f83e0354636fd898c","kty":"EC","key_ops":["sign","verify"],"crv":"P-256","x":"41cGfisihfHqmzlW4VTUY0Aiu4zLj_yHjNPvjBkmVbY","y":"-7erU6kv6KUGZj83f_r_gZkLmjzn0tP_8diwNLtOX0w"},"attributes":{"enabled":true,"exp":946684800,"created":1584733894,"updated":1584733894,"recoveryLevel":"Recoverable+Purgeable","recoverableDays":90}}'
    headers:
      cache-control:
      - no-cache
      content-length:
      - '417'
      content-type:
      - application/json; charset=utf-8
      date:
      - Fri, 20 Mar 2020 19:51:33 GMT
      expires:
      - '-1'
      pragma:
      - no-cache
      server:
      - Microsoft-IIS/10.0
      strict-transport-security:
      - max-age=31536000;includeSubDomains
      x-aspnet-version:
      - 4.0.30319
      x-content-type-options:
      - nosniff
      x-ms-keyvault-network-info:
      - addr=76.121.58.221;act_addr_fam=InterNetwork;
      x-ms-keyvault-region:
      - westus
      x-ms-keyvault-service-version:
      - 1.1.0.898
      x-powered-by:
      - ASP.NET
    status:
      code: 200
      message: OK
- request:
    body: '{"attributes": {"nbf": 32503680000, "exp": 32535216000}, "kty": "RSA"}'
    headers:
      Accept:
      - application/json
      Accept-Encoding:
      - gzip, deflate
      Connection:
      - keep-alive
      Content-Length:
      - '70'
      Content-Type:
      - application/json; charset=utf-8
      User-Agent:
      - azsdk-python-keyvault-keys/4.2.0b2 Python/3.5.4 (Windows-10-10.0.18362-SP0)
    method: POST
    uri: https://vaultname.vault.azure.net/keys/rsa-valid/create?api-version=7.1-preview
  response:
    body:
      string: '{"key":{"kid":"https://vaultname.vault.azure.net/keys/rsa-valid/b33d044648764ae2a5e918ece13ea090","kty":"RSA","key_ops":["encrypt","decrypt","sign","verify","wrapKey","unwrapKey"],"n":"2xuX3gz7of3s_RQTOSLUeisFxIQBF3bp7v1VN-SSGk_h4gc6lTTyI9a5rfCO9FRKUG2VP5r83o_zWUmFIYjSx9vlwhqW8FOOURA7X9ia1Hf-TMPeHG0KXAaDqSRe3R0zTVk6uLzMHJHqgpTvOA_cmVneCGjA4__IdiBiDjP7KTcU40blq7N0wjDrrPvX-hP5CmLko3WgDUUYY6pH_17pPyPOnqN6hGaLPf65o4Ithb4p8z3oHrzmtQY3rAxMGUyHBqf1ek5XQEcsQkbqa6DeMl7RsYacaeDEVWqcIeHk-XzXUlW8_e8BPK76dq-wye_DJu89FEKka5b7XRQdLJf21w","e":"AQAB"},"attributes":{"enabled":true,"nbf":32503680000,"exp":32535216000,"created":1584733894,"updated":1584733894,"recoveryLevel":"Recoverable+Purgeable","recoverableDays":90}}'
    headers:
      cache-control:
      - no-cache
      content-length:
      - '725'
      content-type:
      - application/json; charset=utf-8
      date:
      - Fri, 20 Mar 2020 19:51:33 GMT
      expires:
      - '-1'
      pragma:
      - no-cache
      server:
      - Microsoft-IIS/10.0
      strict-transport-security:
      - max-age=31536000;includeSubDomains
      x-aspnet-version:
      - 4.0.30319
      x-content-type-options:
      - nosniff
      x-ms-keyvault-network-info:
      - addr=76.121.58.221;act_addr_fam=InterNetwork;
      x-ms-keyvault-region:
      - westus
      x-ms-keyvault-service-version:
      - 1.1.0.898
      x-powered-by:
      - ASP.NET
    status:
      code: 200
      message: OK
- request:
    body: '{"attributes": {"nbf": 32503680000, "exp": 32535216000}, "kty": "EC"}'
    headers:
      Accept:
      - application/json
      Accept-Encoding:
      - gzip, deflate
      Connection:
      - keep-alive
      Content-Length:
      - '69'
      Content-Type:
      - application/json; charset=utf-8
      User-Agent:
      - azsdk-python-keyvault-keys/4.2.0b2 Python/3.5.4 (Windows-10-10.0.18362-SP0)
    method: POST
    uri: https://vaultname.vault.azure.net/keys/ec-valid/create?api-version=7.1-preview
  response:
    body:
      string: '{"key":{"kid":"https://vaultname.vault.azure.net/keys/ec-valid/e5491c2d9a874e51aed7b11c4831c3da","kty":"EC","key_ops":["sign","verify"],"crv":"P-256","x":"k7NEW0UOGk1HY-iJFEXVauRLZbjcI_qmsBaou7waoZk","y":"UXNWcIQwwSuGiAtBxTkh6S9J6Ahq3IPVrApaKivQUGs"},"attributes":{"enabled":true,"nbf":32503680000,"exp":32535216000,"created":1584733894,"updated":1584733894,"recoveryLevel":"Recoverable+Purgeable","recoverableDays":90}}'
    headers:
      cache-control:
      - no-cache
      content-length:
      - '435'
      content-type:
      - application/json; charset=utf-8
      date:
      - Fri, 20 Mar 2020 19:51:33 GMT
      expires:
      - '-1'
      pragma:
      - no-cache
      server:
      - Microsoft-IIS/10.0
      strict-transport-security:
      - max-age=31536000;includeSubDomains
      x-aspnet-version:
      - 4.0.30319
      x-content-type-options:
      - nosniff
      x-ms-keyvault-network-info:
      - addr=76.121.58.221;act_addr_fam=InterNetwork;
      x-ms-keyvault-region:
      - westus
      x-ms-keyvault-service-version:
      - 1.1.0.898
      x-powered-by:
      - ASP.NET
    status:
      code: 200
      message: OK
version: 1
