interactions:
- request:
    body: null
    headers:
      Accept:
      - application/json
      Content-Length:
      - '0'
      Content-Type:
      - application/json
      User-Agent:
      - azsdk-python-keyvault-keys/4.5.0b1 Python/3.9.0 (Windows-10-10.0.19041-SP0)
    method: POST
    uri: https://vaultname.vault.azure.net/keys/livekvtestcrypto-test-encrypt-key24201d39/create?api-version=7.3-preview
  response:
    body:
      string: '{"error":{"code":"Unauthorized","message":"AKV10000: Request is missing
        a Bearer or PoP token."}}'
    headers:
      cache-control: no-cache
      content-length: '97'
      content-type: application/json; charset=utf-8
      date: Tue, 06 Jul 2021 22:00:19 GMT
      expires: '-1'
      pragma: no-cache
      strict-transport-security: max-age=31536000;includeSubDomains
      www-authenticate: Bearer authorization="https://login.windows.net/72f988bf-86f1-41af-91ab-2d7cd011db47",
        resource="https://vault.azure.net"
      x-content-type-options: nosniff
      x-ms-keyvault-network-info: conn_type=Ipv4;addr=172.92.159.124;act_addr_fam=InterNetwork;
      x-ms-keyvault-region: westus
      x-ms-keyvault-service-version: 1.9.12.0
      x-powered-by: ASP.NET
    status:
      code: 401
      message: Unauthorized
    url: https://mcpatinotest.vault.azure.net/keys/livekvtestcrypto-test-encrypt-key24201d39/create?api-version=7.3-preview
- request:
    body: '{"kty": "RSA"}'
    headers:
      Accept:
      - application/json
      Content-Length:
      - '14'
      Content-Type:
      - application/json
      User-Agent:
      - azsdk-python-keyvault-keys/4.5.0b1 Python/3.9.0 (Windows-10-10.0.19041-SP0)
    method: POST
    uri: https://vaultname.vault.azure.net/keys/livekvtestcrypto-test-encrypt-key24201d39/create?api-version=7.3-preview
  response:
    body:
      string: '{"key":{"kid":"https://vaultname.vault.azure.net/keys/livekvtestcrypto-test-encrypt-key24201d39/3596d5e89ea3438f8527b51908f214ca","kty":"RSA","key_ops":["encrypt","decrypt","sign","verify","wrapKey","unwrapKey"],"n":"1DzAsKgMwoU-nOrMQJOC-TfnwmO5HITMXi_OT85Xd2x5CCFG5TEahYPDpD38N0Axy2NfdjL5GhzZW-ETfot4VOEU6k0S5afSuyzfiWJj8biCgzI4zFKaKzbPq1HGgvFkBgpOHNTnKCzbQll58lwwPMTOIR5q2BccUwsYEKwbp9g60W87qU_9HN6_DZ7plZ6rO86SMTsab6J4G_KyUsVsi5SzD9ZwJnrwBXj1zCiapudAPrOJCYMURz0d-HXr6PVZ7r144yv8wBRnNnC5CXCLC-koAX5VzAhOnH2G3jMqkQzXlqzGDZKfAKcd1Buntx3ofdZ2OfVCQDoZ-gs2nN3PfQ","e":"AQAB"},"attributes":{"enabled":true,"created":1625608820,"updated":1625608820,"recoveryLevel":"Recoverable+Purgeable","recoverableDays":90}}'
    headers:
      cache-control: no-cache
      content-length: '709'
      content-type: application/json; charset=utf-8
      date: Tue, 06 Jul 2021 22:00:20 GMT
      expires: '-1'
      pragma: no-cache
      strict-transport-security: max-age=31536000;includeSubDomains
      x-content-type-options: nosniff
      x-ms-keyvault-network-info: conn_type=Ipv4;addr=172.92.159.124;act_addr_fam=InterNetwork;
      x-ms-keyvault-region: westus
      x-ms-keyvault-service-version: 1.9.12.0
      x-powered-by: ASP.NET
    status:
      code: 200
      message: OK
    url: https://mcpatinotest.vault.azure.net/keys/livekvtestcrypto-test-encrypt-key24201d39/create?api-version=7.3-preview
- request:
    body: null
    headers:
      Accept:
      - application/json
      User-Agent:
      - azsdk-python-keyvault-keys/4.5.0b1 Python/3.9.0 (Windows-10-10.0.19041-SP0)
    method: GET
    uri: https://vaultname.vault.azure.net/keys/livekvtestcrypto-test-encrypt-key24201d39/?api-version=7.3-preview
  response:
    body:
      string: '{"key":{"kid":"https://vaultname.vault.azure.net/keys/livekvtestcrypto-test-encrypt-key24201d39/3596d5e89ea3438f8527b51908f214ca","kty":"RSA","key_ops":["encrypt","decrypt","sign","verify","wrapKey","unwrapKey"],"n":"1DzAsKgMwoU-nOrMQJOC-TfnwmO5HITMXi_OT85Xd2x5CCFG5TEahYPDpD38N0Axy2NfdjL5GhzZW-ETfot4VOEU6k0S5afSuyzfiWJj8biCgzI4zFKaKzbPq1HGgvFkBgpOHNTnKCzbQll58lwwPMTOIR5q2BccUwsYEKwbp9g60W87qU_9HN6_DZ7plZ6rO86SMTsab6J4G_KyUsVsi5SzD9ZwJnrwBXj1zCiapudAPrOJCYMURz0d-HXr6PVZ7r144yv8wBRnNnC5CXCLC-koAX5VzAhOnH2G3jMqkQzXlqzGDZKfAKcd1Buntx3ofdZ2OfVCQDoZ-gs2nN3PfQ","e":"AQAB"},"attributes":{"enabled":true,"created":1625608820,"updated":1625608820,"recoveryLevel":"Recoverable+Purgeable","recoverableDays":90}}'
    headers:
      cache-control: no-cache
      content-length: '709'
      content-type: application/json; charset=utf-8
      date: Tue, 06 Jul 2021 22:00:20 GMT
      expires: '-1'
      pragma: no-cache
      strict-transport-security: max-age=31536000;includeSubDomains
      x-content-type-options: nosniff
      x-ms-keyvault-network-info: conn_type=Ipv4;addr=172.92.159.124;act_addr_fam=InterNetwork;
      x-ms-keyvault-region: westus
      x-ms-keyvault-service-version: 1.9.12.0
      x-powered-by: ASP.NET
    status:
      code: 200
      message: OK
    url: https://mcpatinotest.vault.azure.net/keys/livekvtestcrypto-test-encrypt-key24201d39/?api-version=7.3-preview
- request:
    body: '{"alg": "RSA-OAEP", "value": "ciuf44SIA4dsLn4q78bBBY94Par_im_WLEzTCMobqQpPYplkf_8TaGcDOwO2T25Y0EaqyqnNb-AVIIu1G00NfQcT-H7aqgmFNj-3MJVSxE4AuYva3-AcBMOVhIMlarV8BeX1pwoYBnAc3qsWY5QsjblpWl3ywqsdZiAEcONFkoB2MlZ-Wmd2S_PIeZbx8IcMiPWaRwzjmVqh8FhBtCW5NECFevdah7Ll1ra4eXeHXao0U7a6E2vzCwWhR21CLTeQBbtWeUur_QMF66IZFbve3lNSYYm8iSEKkYCgGDuAMhZZFgbtEfqh7HZ71dhgjmOCk3-5sCpfEnWI5azWBNyNgw"}'
    headers:
      Accept:
      - application/json
      Content-Length:
      - '374'
      Content-Type:
      - application/json
      User-Agent:
      - azsdk-python-keyvault-keys/4.5.0b1 Python/3.9.0 (Windows-10-10.0.19041-SP0)
    method: POST
    uri: https://vaultname.vault.azure.net/keys/livekvtestcrypto-test-encrypt-key24201d39/3596d5e89ea3438f8527b51908f214ca/decrypt?api-version=7.3-preview
  response:
    body:
      string: '{"kid":"https://vaultname.vault.azure.net/keys/livekvtestcrypto-test-encrypt-key24201d39/3596d5e89ea3438f8527b51908f214ca","value":"cGxhaW50ZXh0"}'
    headers:
      cache-control: no-cache
      content-length: '149'
      content-type: application/json; charset=utf-8
      date: Tue, 06 Jul 2021 22:00:21 GMT
      expires: '-1'
      pragma: no-cache
      strict-transport-security: max-age=31536000;includeSubDomains
      x-content-type-options: nosniff
      x-ms-keyvault-network-info: conn_type=Ipv4;addr=172.92.159.124;act_addr_fam=InterNetwork;
      x-ms-keyvault-region: westus
      x-ms-keyvault-service-version: 1.9.12.0
      x-powered-by: ASP.NET
    status:
      code: 200
      message: OK
    url: https://mcpatinotest.vault.azure.net/keys/livekvtestcrypto-test-encrypt-key24201d39/3596d5e89ea3438f8527b51908f214ca/decrypt?api-version=7.3-preview
version: 1
