interactions:
- request:
    body: null
    headers:
      Accept:
      - application/json
      Accept-Encoding:
      - gzip, deflate
      Connection:
      - keep-alive
      Content-Length:
      - '0'
      Content-Type:
      - application/json; charset=utf-8
      User-Agent:
      - azsdk-python-keyvault-keys/4.0.0 Python/3.7.4 (Windows-10-10.0.18362-SP0)
    method: POST
    uri: https://vault458ad70cc730c90fa1.vault.azure.net/keys/key0/create?api-version=7.0
  response:
    body:
      string: '{"error":{"code":"Unauthorized","message":"Request is missing a Bearer
        or PoP token."}}'
    headers:
      cache-control:
      - no-cache
      content-length:
      - '87'
      content-type:
      - application/json; charset=utf-8
      date:
      - Thu, 31 Oct 2019 17:59:26 GMT
      expires:
      - '-1'
      pragma:
      - no-cache
      server:
      - Microsoft-IIS/10.0
      strict-transport-security:
      - max-age=31536000;includeSubDomains
      www-authenticate:
      - Bearer authorization="https://login.windows.net/72f988bf-86f1-41af-91ab-2d7cd011db47",
        resource="https://vault.azure.net"
      x-aspnet-version:
      - 4.0.30319
      x-content-type-options:
      - nosniff
      x-ms-keyvault-network-info:
      - addr=131.107.160.72;act_addr_fam=InterNetwork;
      x-ms-keyvault-region:
      - westus
      x-ms-keyvault-service-version:
      - 1.1.0.879
      x-powered-by:
      - ASP.NET
    status:
      code: 401
      message: Unauthorized
- request:
    body: '{"kty": "RSA"}'
    headers:
      Accept:
      - application/json
      Accept-Encoding:
      - gzip, deflate
      Connection:
      - keep-alive
      Content-Length:
      - '14'
      Content-Type:
      - application/json; charset=utf-8
      User-Agent:
      - azsdk-python-keyvault-keys/4.0.0 Python/3.7.4 (Windows-10-10.0.18362-SP0)
    method: POST
    uri: https://vault458ad70cc730c90fa1.vault.azure.net/keys/key0/create?api-version=7.0
  response:
    body:
      string: '{"key":{"kid":"https://vault458ad70cc730c90fa1.vault.azure.net/keys/key0/f7f09ad2d7584ed39c7ed2f76fe9e3ca","kty":"RSA","key_ops":["encrypt","decrypt","sign","verify","wrapKey","unwrapKey"],"n":"wXCHShDuBkB4Sj8IEXtkHMtvD38BGVEDsnfT6yFj6j-bBb1DxVRsnYO4vqD5AjitlwfPaz-uofM1QhtnBRG8gHDNkQzXhL2TzEHbRbcy7tWh2JpLOKjeoCahwVSyDvxhJEqdIgIMqOS3mZFNKLe3wAmK0RXC5BOXYLS_hdR1dyfhiQ4VMBxZyj9Lf85MagESCkgONAigTiJzAxnjHV6BakC8PvCv69NYXVwAiQB6ySprOVCgzj88TM_ZbO5BYMJrQogJDV7e4pA9U6kLDV3vOT1DFhrarFOz7fne2QEKopz266OmzBGqYMq2UYmLvAvYEmxsdS1pK-h9sHSCHZd5rw","e":"AQAB"},"attributes":{"enabled":true,"created":1572544768,"updated":1572544768,"recoveryLevel":"Recoverable+Purgeable"}}'
    headers:
      cache-control:
      - no-cache
      content-length:
      - '662'
      content-type:
      - application/json; charset=utf-8
      date:
      - Thu, 31 Oct 2019 17:59:27 GMT
      expires:
      - '-1'
      pragma:
      - no-cache
      server:
      - Microsoft-IIS/10.0
      strict-transport-security:
      - max-age=31536000;includeSubDomains
      x-aspnet-version:
      - 4.0.30319
      x-content-type-options:
      - nosniff
      x-ms-keyvault-network-info:
      - addr=131.107.160.72;act_addr_fam=InterNetwork;
      x-ms-keyvault-region:
      - westus
      x-ms-keyvault-service-version:
      - 1.1.0.879
      x-powered-by:
      - ASP.NET
    status:
      code: 200
      message: OK
- request:
    body: '{"kty": "RSA"}'
    headers:
      Accept:
      - application/json
      Accept-Encoding:
      - gzip, deflate
      Connection:
      - keep-alive
      Content-Length:
      - '14'
      Content-Type:
      - application/json; charset=utf-8
      User-Agent:
      - azsdk-python-keyvault-keys/4.0.0 Python/3.7.4 (Windows-10-10.0.18362-SP0)
    method: POST
    uri: https://vault458ad70cc730c90fa1.vault.azure.net/keys/key1/create?api-version=7.0
  response:
    body:
      string: '{"key":{"kid":"https://vault458ad70cc730c90fa1.vault.azure.net/keys/key1/f64786e239aa4cb0811d1d597090c6c2","kty":"RSA","key_ops":["encrypt","decrypt","sign","verify","wrapKey","unwrapKey"],"n":"xJmR9p8OTlkwmMk9p11mUJzjjph8JBHx1g-j10qF7YN8epfqVWfjFvEswFzXuNVqonXWj3t2_hljVfM10SrMgQ7Vt23Y150dyV96ZNb4M0ugmu8w0Kd_FGFrE6xh4RhJ9J1sxu77maucVp3C2T6KUVG9qMMMImk7yO8x5SMN-YlRDUH5f-dt8gmfn6XcoclY7qwnfpw1-gtzGm1bg0Kbv-4-DXtHiTUSeHPRqkrEDkq95VrviIBeIGf-Xs00sSvXt3bsMEYibMOQ8xmdn7siefoKZikIv5fValo6DdpQfOq1M_W_6Q7nVlXOQXorOSbHYlZcTjI9_nqOCmdinrkqXw","e":"AQAB"},"attributes":{"enabled":true,"created":1572544768,"updated":1572544768,"recoveryLevel":"Recoverable+Purgeable"}}'
    headers:
      cache-control:
      - no-cache
      content-length:
      - '662'
      content-type:
      - application/json; charset=utf-8
      date:
      - Thu, 31 Oct 2019 17:59:27 GMT
      expires:
      - '-1'
      pragma:
      - no-cache
      server:
      - Microsoft-IIS/10.0
      strict-transport-security:
      - max-age=31536000;includeSubDomains
      x-aspnet-version:
      - 4.0.30319
      x-content-type-options:
      - nosniff
      x-ms-keyvault-network-info:
      - addr=131.107.160.72;act_addr_fam=InterNetwork;
      x-ms-keyvault-region:
      - westus
      x-ms-keyvault-service-version:
      - 1.1.0.879
      x-powered-by:
      - ASP.NET
    status:
      code: 200
      message: OK
- request:
    body: '{"kty": "RSA"}'
    headers:
      Accept:
      - application/json
      Accept-Encoding:
      - gzip, deflate
      Connection:
      - keep-alive
      Content-Length:
      - '14'
      Content-Type:
      - application/json; charset=utf-8
      User-Agent:
      - azsdk-python-keyvault-keys/4.0.0 Python/3.7.4 (Windows-10-10.0.18362-SP0)
    method: POST
    uri: https://vault458ad70cc730c90fa1.vault.azure.net/keys/key2/create?api-version=7.0
  response:
    body:
      string: '{"key":{"kid":"https://vault458ad70cc730c90fa1.vault.azure.net/keys/key2/686e6c096d7f4d8b901bcbbafae8f23e","kty":"RSA","key_ops":["encrypt","decrypt","sign","verify","wrapKey","unwrapKey"],"n":"xa55CndjUI4wb0hhUPcolwVHphvfO4IazZkJMekCcg470jGJvd3BNFCnwIz3Z5CgjB5JbFdjI2XlIXuQa1DixERW4TcUkAVJIKOg9WIrhO9EVXqjh83dq-WpumFy_JknbbMMtV_oyjZPtUd2s0RHKDQlyqbOgXutBEpEuVjrC8Qb0hPERTh4ghxnphv4GYEc4c8ch2DWn-iX1-nmBjCm7XxPQ5lD9G6deBGYx18roJsEheITnLH1cpxsKhLm4mK2rbk5V6WR5ITCJJYxNXe5PXRa_zRHLXIpFwOKCZ0Aq2DzOm2KTVrhWu-2D6sdaUsC2IBcF-Osru66Sr4r6X8e0Q","e":"AQAB"},"attributes":{"enabled":true,"created":1572544768,"updated":1572544768,"recoveryLevel":"Recoverable+Purgeable"}}'
    headers:
      cache-control:
      - no-cache
      content-length:
      - '662'
      content-type:
      - application/json; charset=utf-8
      date:
      - Thu, 31 Oct 2019 17:59:27 GMT
      expires:
      - '-1'
      pragma:
      - no-cache
      server:
      - Microsoft-IIS/10.0
      strict-transport-security:
      - max-age=31536000;includeSubDomains
      x-aspnet-version:
      - 4.0.30319
      x-content-type-options:
      - nosniff
      x-ms-keyvault-network-info:
      - addr=131.107.160.72;act_addr_fam=InterNetwork;
      x-ms-keyvault-region:
      - westus
      x-ms-keyvault-service-version:
      - 1.1.0.879
      x-powered-by:
      - ASP.NET
    status:
      code: 200
      message: OK
- request:
    body: '{"kty": "RSA"}'
    headers:
      Accept:
      - application/json
      Accept-Encoding:
      - gzip, deflate
      Connection:
      - keep-alive
      Content-Length:
      - '14'
      Content-Type:
      - application/json; charset=utf-8
      User-Agent:
      - azsdk-python-keyvault-keys/4.0.0 Python/3.7.4 (Windows-10-10.0.18362-SP0)
    method: POST
    uri: https://vault458ad70cc730c90fa1.vault.azure.net/keys/key3/create?api-version=7.0
  response:
    body:
      string: '{"key":{"kid":"https://vault458ad70cc730c90fa1.vault.azure.net/keys/key3/4e1dc67301cb49778fcfaa4bdefebcf5","kty":"RSA","key_ops":["encrypt","decrypt","sign","verify","wrapKey","unwrapKey"],"n":"rsWjLkgCSFwELMmG4o44scyhsZ0HooEOnvCH5BK03HjM-qqc11n3RLZj0vj1HipvJ_wkoqTzEc2ib5fL_YoVzYgCIb7mvr0z5-Q33EBPJhqn8-W7IbatbD2CbzTsC7xZ7DMiUBydbVxVy3250lUi_wG7i9EGGc4A1HOLools0puIxF5GnmmKe1KhytlZci4RF8g1E7mWvu-vhcWM_c-eQUhWEipy9hY9tiG5dIpa-YhTFx1TvW07xfgCxgEPyFkpLu8t9sqZCkMAwqgjtsc14cbRr7lUh0Ns_4WYf03QEQbO-Cgjzw3HHnqrUNmTHDgfb_BhgtInRUmPAOXZaV4e8w","e":"AQAB"},"attributes":{"enabled":true,"created":1572544768,"updated":1572544768,"recoveryLevel":"Recoverable+Purgeable"}}'
    headers:
      cache-control:
      - no-cache
      content-length:
      - '662'
      content-type:
      - application/json; charset=utf-8
      date:
      - Thu, 31 Oct 2019 17:59:28 GMT
      expires:
      - '-1'
      pragma:
      - no-cache
      server:
      - Microsoft-IIS/10.0
      strict-transport-security:
      - max-age=31536000;includeSubDomains
      x-aspnet-version:
      - 4.0.30319
      x-content-type-options:
      - nosniff
      x-ms-keyvault-network-info:
      - addr=131.107.160.72;act_addr_fam=InterNetwork;
      x-ms-keyvault-region:
      - westus
      x-ms-keyvault-service-version:
      - 1.1.0.879
      x-powered-by:
      - ASP.NET
    status:
      code: 200
      message: OK
- request:
    body: '{"kty": "RSA"}'
    headers:
      Accept:
      - application/json
      Accept-Encoding:
      - gzip, deflate
      Connection:
      - keep-alive
      Content-Length:
      - '14'
      Content-Type:
      - application/json; charset=utf-8
      User-Agent:
      - azsdk-python-keyvault-keys/4.0.0 Python/3.7.4 (Windows-10-10.0.18362-SP0)
    method: POST
    uri: https://vault458ad70cc730c90fa1.vault.azure.net/keys/key4/create?api-version=7.0
  response:
    body:
      string: '{"key":{"kid":"https://vault458ad70cc730c90fa1.vault.azure.net/keys/key4/bb4bf74109374a3da27674fea531ad63","kty":"RSA","key_ops":["encrypt","decrypt","sign","verify","wrapKey","unwrapKey"],"n":"qWg9lW74YkxgzG5A3kMrsPwsd1x_IYfSxd-9Y8NSBzBusWYEfvh8sAqlpkHrcOcyC4x6RBInUGWLPRL2g5J2tx_QmibouZ2a1nboQHeLmjHe114gE8ZljejPPdsTcDLbl9fmwHHfCf-Pbg2j27LMBqlSSoto-ZU05TU4TipUXcGfW3XFZHJrZayzm2bYR-H51zIzVhb7e8cScKd5_sMWGwD6QVzbXZLl660ts1eRGof510Qk4mXRmwYgFm2dL-LuoKpa6L9GrBBJSRBhmH2-KISdRX6QZkAX6D0c7QZ3BC9DbNYqgu75KCFV6Itotnp2baTiHYFvNB5dNhgdLclEXQ","e":"AQAB"},"attributes":{"enabled":true,"created":1572544768,"updated":1572544768,"recoveryLevel":"Recoverable+Purgeable"}}'
    headers:
      cache-control:
      - no-cache
      content-length:
      - '662'
      content-type:
      - application/json; charset=utf-8
      date:
      - Thu, 31 Oct 2019 17:59:28 GMT
      expires:
      - '-1'
      pragma:
      - no-cache
      server:
      - Microsoft-IIS/10.0
      strict-transport-security:
      - max-age=31536000;includeSubDomains
      x-aspnet-version:
      - 4.0.30319
      x-content-type-options:
      - nosniff
      x-ms-keyvault-network-info:
      - addr=131.107.160.72;act_addr_fam=InterNetwork;
      x-ms-keyvault-region:
      - westus
      x-ms-keyvault-service-version:
      - 1.1.0.879
      x-powered-by:
      - ASP.NET
    status:
      code: 200
      message: OK
- request:
    body: '{"kty": "RSA"}'
    headers:
      Accept:
      - application/json
      Accept-Encoding:
      - gzip, deflate
      Connection:
      - keep-alive
      Content-Length:
      - '14'
      Content-Type:
      - application/json; charset=utf-8
      User-Agent:
      - azsdk-python-keyvault-keys/4.0.0 Python/3.7.4 (Windows-10-10.0.18362-SP0)
    method: POST
    uri: https://vault458ad70cc730c90fa1.vault.azure.net/keys/key5/create?api-version=7.0
  response:
    body:
      string: '{"key":{"kid":"https://vault458ad70cc730c90fa1.vault.azure.net/keys/key5/4badccef9e7143c7804179725c606340","kty":"RSA","key_ops":["encrypt","decrypt","sign","verify","wrapKey","unwrapKey"],"n":"ug48hMJtsIZOpzQhUaptSJVPvx6aqp24YIlXrxeHzd8NbyM3ws5kB_FizkN0MvXV97KtYGyCBHs6LW4q6VSeSOdM4HstIIMwliQCt__9Awdcd22hBFVuWZoiZpNV4rn91YmPNw7iF4nPU0eHfb735quZ9cVahhyuPjLDp9N47YMJDvzfYrjdTIz6lBQfiCA031tpvLZc57T9aOpWsZroWhZjBuCEbe1MVgquUd308RZ6EnWI7Z0DU_p2Ksx4xmnCuEP2FPPP6DrAeyam42Qld76S9dLjE2aggwTtQIrNADCpO7WMSy_G46_AGa7gVLffy9EAIcpiYW2OzZdnTtdv8w","e":"AQAB"},"attributes":{"enabled":true,"created":1572544769,"updated":1572544769,"recoveryLevel":"Recoverable+Purgeable"}}'
    headers:
      cache-control:
      - no-cache
      content-length:
      - '662'
      content-type:
      - application/json; charset=utf-8
      date:
      - Thu, 31 Oct 2019 17:59:28 GMT
      expires:
      - '-1'
      pragma:
      - no-cache
      server:
      - Microsoft-IIS/10.0
      strict-transport-security:
      - max-age=31536000;includeSubDomains
      x-aspnet-version:
      - 4.0.30319
      x-content-type-options:
      - nosniff
      x-ms-keyvault-network-info:
      - addr=131.107.160.72;act_addr_fam=InterNetwork;
      x-ms-keyvault-region:
      - westus
      x-ms-keyvault-service-version:
      - 1.1.0.879
      x-powered-by:
      - ASP.NET
    status:
      code: 200
      message: OK
- request:
    body: '{"kty": "RSA"}'
    headers:
      Accept:
      - application/json
      Accept-Encoding:
      - gzip, deflate
      Connection:
      - keep-alive
      Content-Length:
      - '14'
      Content-Type:
      - application/json; charset=utf-8
      User-Agent:
      - azsdk-python-keyvault-keys/4.0.0 Python/3.7.4 (Windows-10-10.0.18362-SP0)
    method: POST
    uri: https://vault458ad70cc730c90fa1.vault.azure.net/keys/key6/create?api-version=7.0
  response:
    body:
      string: '{"key":{"kid":"https://vault458ad70cc730c90fa1.vault.azure.net/keys/key6/14ec6ffe5d904751a570dbefe7b3c3b0","kty":"RSA","key_ops":["encrypt","decrypt","sign","verify","wrapKey","unwrapKey"],"n":"9z2wFncr4V775ehksgDHN48niJr4ExnBf6jMncfNeMdQgnEwxtHqfTTSAYIdDMDeWjSaUBdYYxB67i9t1PbfsVbfLfOXn_XsIVLx4syErZlUDHFVTpcnBzrGtANaVcgLi5S0YEcFUXa4XNtIxYn81kc92UACI-NKSY-z43ri5KTdJFXv_BPf8ofvBOIkIwnF1jiljqxGyzD1pv119YZdQ9TISVi144_vJ6ItO4SsDt_uOri059SC-NXMBH1GG3i7HqB3EBAZLKx7lzjqspJQGMiF7he9uaxPHknWvLjg0KNwzS0-l5dfD0M1GHwB0O46cIGNjMZbjPrKU2u5_7R5Zw","e":"AQAB"},"attributes":{"enabled":true,"created":1572544769,"updated":1572544769,"recoveryLevel":"Recoverable+Purgeable"}}'
    headers:
      cache-control:
      - no-cache
      content-length:
      - '662'
      content-type:
      - application/json; charset=utf-8
      date:
      - Thu, 31 Oct 2019 17:59:28 GMT
      expires:
      - '-1'
      pragma:
      - no-cache
      server:
      - Microsoft-IIS/10.0
      strict-transport-security:
      - max-age=31536000;includeSubDomains
      x-aspnet-version:
      - 4.0.30319
      x-content-type-options:
      - nosniff
      x-ms-keyvault-network-info:
      - addr=131.107.160.72;act_addr_fam=InterNetwork;
      x-ms-keyvault-region:
      - westus
      x-ms-keyvault-service-version:
      - 1.1.0.879
      x-powered-by:
      - ASP.NET
    status:
      code: 200
      message: OK
- request:
    body: null
    headers:
      Accept:
      - application/json
      Accept-Encoding:
      - gzip, deflate
      Connection:
      - keep-alive
      Content-Length:
      - '0'
      User-Agent:
      - azsdk-python-keyvault-keys/4.0.0 Python/3.7.4 (Windows-10-10.0.18362-SP0)
    method: DELETE
    uri: https://vault458ad70cc730c90fa1.vault.azure.net/keys/key0?api-version=7.0
  response:
    body:
      string: '{"recoveryId":"https://vault458ad70cc730c90fa1.vault.azure.net/deletedkeys/key0","deletedDate":1572544769,"scheduledPurgeDate":1580320769,"key":{"kid":"https://vault458ad70cc730c90fa1.vault.azure.net/keys/key0/f7f09ad2d7584ed39c7ed2f76fe9e3ca","kty":"RSA","key_ops":["encrypt","decrypt","sign","verify","wrapKey","unwrapKey"],"n":"wXCHShDuBkB4Sj8IEXtkHMtvD38BGVEDsnfT6yFj6j-bBb1DxVRsnYO4vqD5AjitlwfPaz-uofM1QhtnBRG8gHDNkQzXhL2TzEHbRbcy7tWh2JpLOKjeoCahwVSyDvxhJEqdIgIMqOS3mZFNKLe3wAmK0RXC5BOXYLS_hdR1dyfhiQ4VMBxZyj9Lf85MagESCkgONAigTiJzAxnjHV6BakC8PvCv69NYXVwAiQB6ySprOVCgzj88TM_ZbO5BYMJrQogJDV7e4pA9U6kLDV3vOT1DFhrarFOz7fne2QEKopz266OmzBGqYMq2UYmLvAvYEmxsdS1pK-h9sHSCHZd5rw","e":"AQAB"},"attributes":{"enabled":true,"created":1572544768,"updated":1572544768,"recoveryLevel":"Recoverable+Purgeable"}}'
    headers:
      cache-control:
      - no-cache
      content-length:
      - '799'
      content-type:
      - application/json; charset=utf-8
      date:
      - Thu, 31 Oct 2019 17:59:28 GMT
      expires:
      - '-1'
      pragma:
      - no-cache
      server:
      - Microsoft-IIS/10.0
      strict-transport-security:
      - max-age=31536000;includeSubDomains
      x-aspnet-version:
      - 4.0.30319
      x-content-type-options:
      - nosniff
      x-ms-keyvault-network-info:
      - addr=131.107.160.72;act_addr_fam=InterNetwork;
      x-ms-keyvault-region:
      - westus
      x-ms-keyvault-service-version:
      - 1.1.0.879
      x-powered-by:
      - ASP.NET
    status:
      code: 200
      message: OK
- request:
    body: null
    headers:
      Accept:
      - application/json
      Accept-Encoding:
      - gzip, deflate
      Connection:
      - keep-alive
      User-Agent:
      - azsdk-python-keyvault-keys/4.0.0 Python/3.7.4 (Windows-10-10.0.18362-SP0)
    method: GET
    uri: https://vault458ad70cc730c90fa1.vault.azure.net/deletedkeys/key0?api-version=7.0
  response:
    body:
      string: '{"error":{"code":"KeyNotFound","message":"Deleted Key not found: key0"}}'
    headers:
      cache-control:
      - no-cache
      content-length:
      - '72'
      content-type:
      - application/json; charset=utf-8
      date:
      - Thu, 31 Oct 2019 17:59:28 GMT
      expires:
      - '-1'
      pragma:
      - no-cache
      server:
      - Microsoft-IIS/10.0
      strict-transport-security:
      - max-age=31536000;includeSubDomains
      x-aspnet-version:
      - 4.0.30319
      x-content-type-options:
      - nosniff
      x-ms-keyvault-network-info:
      - addr=131.107.160.72;act_addr_fam=InterNetwork;
      x-ms-keyvault-region:
      - westus
      x-ms-keyvault-service-version:
      - 1.1.0.879
      x-powered-by:
      - ASP.NET
    status:
      code: 404
      message: Not Found
- request:
    body: null
    headers:
      Accept:
      - application/json
      Accept-Encoding:
      - gzip, deflate
      Connection:
      - keep-alive
      User-Agent:
      - azsdk-python-keyvault-keys/4.0.0 Python/3.7.4 (Windows-10-10.0.18362-SP0)
    method: GET
    uri: https://vault458ad70cc730c90fa1.vault.azure.net/deletedkeys/key0?api-version=7.0
  response:
    body:
      string: '{"error":{"code":"KeyNotFound","message":"Deleted Key not found: key0"}}'
    headers:
      cache-control:
      - no-cache
      content-length:
      - '72'
      content-type:
      - application/json; charset=utf-8
      date:
      - Thu, 31 Oct 2019 17:59:30 GMT
      expires:
      - '-1'
      pragma:
      - no-cache
      server:
      - Microsoft-IIS/10.0
      strict-transport-security:
      - max-age=31536000;includeSubDomains
      x-aspnet-version:
      - 4.0.30319
      x-content-type-options:
      - nosniff
      x-ms-keyvault-network-info:
      - addr=131.107.160.72;act_addr_fam=InterNetwork;
      x-ms-keyvault-region:
      - westus
      x-ms-keyvault-service-version:
      - 1.1.0.879
      x-powered-by:
      - ASP.NET
    status:
      code: 404
      message: Not Found
- request:
    body: null
    headers:
      Accept:
      - application/json
      Accept-Encoding:
      - gzip, deflate
      Connection:
      - keep-alive
      User-Agent:
      - azsdk-python-keyvault-keys/4.0.0 Python/3.7.4 (Windows-10-10.0.18362-SP0)
    method: GET
    uri: https://vault458ad70cc730c90fa1.vault.azure.net/deletedkeys/key0?api-version=7.0
  response:
    body:
      string: '{"error":{"code":"KeyNotFound","message":"Deleted Key not found: key0"}}'
    headers:
      cache-control:
      - no-cache
      content-length:
      - '72'
      content-type:
      - application/json; charset=utf-8
      date:
      - Thu, 31 Oct 2019 17:59:32 GMT
      expires:
      - '-1'
      pragma:
      - no-cache
      server:
      - Microsoft-IIS/10.0
      strict-transport-security:
      - max-age=31536000;includeSubDomains
      x-aspnet-version:
      - 4.0.30319
      x-content-type-options:
      - nosniff
      x-ms-keyvault-network-info:
      - addr=131.107.160.72;act_addr_fam=InterNetwork;
      x-ms-keyvault-region:
      - westus
      x-ms-keyvault-service-version:
      - 1.1.0.879
      x-powered-by:
      - ASP.NET
    status:
      code: 404
      message: Not Found
- request:
    body: null
    headers:
      Accept:
      - application/json
      Accept-Encoding:
      - gzip, deflate
      Connection:
      - keep-alive
      User-Agent:
      - azsdk-python-keyvault-keys/4.0.0 Python/3.7.4 (Windows-10-10.0.18362-SP0)
    method: GET
    uri: https://vault458ad70cc730c90fa1.vault.azure.net/deletedkeys/key0?api-version=7.0
  response:
    body:
      string: '{"error":{"code":"KeyNotFound","message":"Deleted Key not found: key0"}}'
    headers:
      cache-control:
      - no-cache
      content-length:
      - '72'
      content-type:
      - application/json; charset=utf-8
      date:
      - Thu, 31 Oct 2019 17:59:34 GMT
      expires:
      - '-1'
      pragma:
      - no-cache
      server:
      - Microsoft-IIS/10.0
      strict-transport-security:
      - max-age=31536000;includeSubDomains
      x-aspnet-version:
      - 4.0.30319
      x-content-type-options:
      - nosniff
      x-ms-keyvault-network-info:
      - addr=131.107.160.72;act_addr_fam=InterNetwork;
      x-ms-keyvault-region:
      - westus
      x-ms-keyvault-service-version:
      - 1.1.0.879
      x-powered-by:
      - ASP.NET
    status:
      code: 404
      message: Not Found
- request:
    body: null
    headers:
      Accept:
      - application/json
      Accept-Encoding:
      - gzip, deflate
      Connection:
      - keep-alive
      User-Agent:
      - azsdk-python-keyvault-keys/4.0.0 Python/3.7.4 (Windows-10-10.0.18362-SP0)
    method: GET
    uri: https://vault458ad70cc730c90fa1.vault.azure.net/deletedkeys/key0?api-version=7.0
  response:
    body:
      string: '{"error":{"code":"KeyNotFound","message":"Deleted Key not found: key0"}}'
    headers:
      cache-control:
      - no-cache
      content-length:
      - '72'
      content-type:
      - application/json; charset=utf-8
      date:
      - Thu, 31 Oct 2019 17:59:36 GMT
      expires:
      - '-1'
      pragma:
      - no-cache
      server:
      - Microsoft-IIS/10.0
      strict-transport-security:
      - max-age=31536000;includeSubDomains
      x-aspnet-version:
      - 4.0.30319
      x-content-type-options:
      - nosniff
      x-ms-keyvault-network-info:
      - addr=131.107.160.72;act_addr_fam=InterNetwork;
      x-ms-keyvault-region:
      - westus
      x-ms-keyvault-service-version:
      - 1.1.0.879
      x-powered-by:
      - ASP.NET
    status:
      code: 404
      message: Not Found
- request:
    body: null
    headers:
      Accept:
      - application/json
      Accept-Encoding:
      - gzip, deflate
      Connection:
      - keep-alive
      User-Agent:
      - azsdk-python-keyvault-keys/4.0.0 Python/3.7.4 (Windows-10-10.0.18362-SP0)
    method: GET
    uri: https://vault458ad70cc730c90fa1.vault.azure.net/deletedkeys/key0?api-version=7.0
  response:
    body:
      string: '{"error":{"code":"KeyNotFound","message":"Deleted Key not found: key0"}}'
    headers:
      cache-control:
      - no-cache
      content-length:
      - '72'
      content-type:
      - application/json; charset=utf-8
      date:
      - Thu, 31 Oct 2019 17:59:39 GMT
      expires:
      - '-1'
      pragma:
      - no-cache
      server:
      - Microsoft-IIS/10.0
      strict-transport-security:
      - max-age=31536000;includeSubDomains
      x-aspnet-version:
      - 4.0.30319
      x-content-type-options:
      - nosniff
      x-ms-keyvault-network-info:
      - addr=131.107.160.72;act_addr_fam=InterNetwork;
      x-ms-keyvault-region:
      - westus
      x-ms-keyvault-service-version:
      - 1.1.0.879
      x-powered-by:
      - ASP.NET
    status:
      code: 404
      message: Not Found
- request:
    body: null
    headers:
      Accept:
      - application/json
      Accept-Encoding:
      - gzip, deflate
      Connection:
      - keep-alive
      User-Agent:
      - azsdk-python-keyvault-keys/4.0.0 Python/3.7.4 (Windows-10-10.0.18362-SP0)
    method: GET
    uri: https://vault458ad70cc730c90fa1.vault.azure.net/deletedkeys/key0?api-version=7.0
  response:
    body:
      string: '{"error":{"code":"KeyNotFound","message":"Deleted Key not found: key0"}}'
    headers:
      cache-control:
      - no-cache
      content-length:
      - '72'
      content-type:
      - application/json; charset=utf-8
      date:
      - Thu, 31 Oct 2019 17:59:41 GMT
      expires:
      - '-1'
      pragma:
      - no-cache
      server:
      - Microsoft-IIS/10.0
      strict-transport-security:
      - max-age=31536000;includeSubDomains
      x-aspnet-version:
      - 4.0.30319
      x-content-type-options:
      - nosniff
      x-ms-keyvault-network-info:
      - addr=131.107.160.72;act_addr_fam=InterNetwork;
      x-ms-keyvault-region:
      - westus
      x-ms-keyvault-service-version:
      - 1.1.0.879
      x-powered-by:
      - ASP.NET
    status:
      code: 404
      message: Not Found
- request:
    body: null
    headers:
      Accept:
      - application/json
      Accept-Encoding:
      - gzip, deflate
      Connection:
      - keep-alive
      User-Agent:
      - azsdk-python-keyvault-keys/4.0.0 Python/3.7.4 (Windows-10-10.0.18362-SP0)
    method: GET
    uri: https://vault458ad70cc730c90fa1.vault.azure.net/deletedkeys/key0?api-version=7.0
  response:
    body:
      string: '{"error":{"code":"KeyNotFound","message":"Deleted Key not found: key0"}}'
    headers:
      cache-control:
      - no-cache
      content-length:
      - '72'
      content-type:
      - application/json; charset=utf-8
      date:
      - Thu, 31 Oct 2019 17:59:43 GMT
      expires:
      - '-1'
      pragma:
      - no-cache
      server:
      - Microsoft-IIS/10.0
      strict-transport-security:
      - max-age=31536000;includeSubDomains
      x-aspnet-version:
      - 4.0.30319
      x-content-type-options:
      - nosniff
      x-ms-keyvault-network-info:
      - addr=131.107.160.72;act_addr_fam=InterNetwork;
      x-ms-keyvault-region:
      - westus
      x-ms-keyvault-service-version:
      - 1.1.0.879
      x-powered-by:
      - ASP.NET
    status:
      code: 404
      message: Not Found
- request:
    body: null
    headers:
      Accept:
      - application/json
      Accept-Encoding:
      - gzip, deflate
      Connection:
      - keep-alive
      User-Agent:
      - azsdk-python-keyvault-keys/4.0.0 Python/3.7.4 (Windows-10-10.0.18362-SP0)
    method: GET
    uri: https://vault458ad70cc730c90fa1.vault.azure.net/deletedkeys/key0?api-version=7.0
  response:
    body:
      string: '{"error":{"code":"KeyNotFound","message":"Deleted Key not found: key0"}}'
    headers:
      cache-control:
      - no-cache
      content-length:
      - '72'
      content-type:
      - application/json; charset=utf-8
      date:
      - Thu, 31 Oct 2019 17:59:45 GMT
      expires:
      - '-1'
      pragma:
      - no-cache
      server:
      - Microsoft-IIS/10.0
      strict-transport-security:
      - max-age=31536000;includeSubDomains
      x-aspnet-version:
      - 4.0.30319
      x-content-type-options:
      - nosniff
      x-ms-keyvault-network-info:
      - addr=131.107.160.72;act_addr_fam=InterNetwork;
      x-ms-keyvault-region:
      - westus
      x-ms-keyvault-service-version:
      - 1.1.0.879
      x-powered-by:
      - ASP.NET
    status:
      code: 404
      message: Not Found
- request:
    body: null
    headers:
      Accept:
      - application/json
      Accept-Encoding:
      - gzip, deflate
      Connection:
      - keep-alive
      User-Agent:
      - azsdk-python-keyvault-keys/4.0.0 Python/3.7.4 (Windows-10-10.0.18362-SP0)
    method: GET
    uri: https://vault458ad70cc730c90fa1.vault.azure.net/deletedkeys/key0?api-version=7.0
  response:
    body:
      string: '{"error":{"code":"KeyNotFound","message":"Deleted Key not found: key0"}}'
    headers:
      cache-control:
      - no-cache
      content-length:
      - '72'
      content-type:
      - application/json; charset=utf-8
      date:
      - Thu, 31 Oct 2019 17:59:47 GMT
      expires:
      - '-1'
      pragma:
      - no-cache
      server:
      - Microsoft-IIS/10.0
      strict-transport-security:
      - max-age=31536000;includeSubDomains
      x-aspnet-version:
      - 4.0.30319
      x-content-type-options:
      - nosniff
      x-ms-keyvault-network-info:
      - addr=131.107.160.72;act_addr_fam=InterNetwork;
      x-ms-keyvault-region:
      - westus
      x-ms-keyvault-service-version:
      - 1.1.0.879
      x-powered-by:
      - ASP.NET
    status:
      code: 404
      message: Not Found
- request:
    body: null
    headers:
      Accept:
      - application/json
      Accept-Encoding:
      - gzip, deflate
      Connection:
      - keep-alive
      User-Agent:
      - azsdk-python-keyvault-keys/4.0.0 Python/3.7.4 (Windows-10-10.0.18362-SP0)
    method: GET
    uri: https://vault458ad70cc730c90fa1.vault.azure.net/deletedkeys/key0?api-version=7.0
  response:
    body:
      string: '{"error":{"code":"KeyNotFound","message":"Deleted Key not found: key0"}}'
    headers:
      cache-control:
      - no-cache
      content-length:
      - '72'
      content-type:
      - application/json; charset=utf-8
      date:
      - Thu, 31 Oct 2019 17:59:49 GMT
      expires:
      - '-1'
      pragma:
      - no-cache
      server:
      - Microsoft-IIS/10.0
      strict-transport-security:
      - max-age=31536000;includeSubDomains
      x-aspnet-version:
      - 4.0.30319
      x-content-type-options:
      - nosniff
      x-ms-keyvault-network-info:
      - addr=131.107.160.72;act_addr_fam=InterNetwork;
      x-ms-keyvault-region:
      - westus
      x-ms-keyvault-service-version:
      - 1.1.0.879
      x-powered-by:
      - ASP.NET
    status:
      code: 404
      message: Not Found
- request:
    body: null
    headers:
      Accept:
      - application/json
      Accept-Encoding:
      - gzip, deflate
      Connection:
      - keep-alive
      User-Agent:
      - azsdk-python-keyvault-keys/4.0.0 Python/3.7.4 (Windows-10-10.0.18362-SP0)
    method: GET
    uri: https://vault458ad70cc730c90fa1.vault.azure.net/deletedkeys/key0?api-version=7.0
  response:
    body:
      string: '{"recoveryId":"https://vault458ad70cc730c90fa1.vault.azure.net/deletedkeys/key0","deletedDate":1572544769,"scheduledPurgeDate":1580320769,"key":{"kid":"https://vault458ad70cc730c90fa1.vault.azure.net/keys/key0/f7f09ad2d7584ed39c7ed2f76fe9e3ca","kty":"RSA","key_ops":["encrypt","decrypt","sign","verify","wrapKey","unwrapKey"],"n":"wXCHShDuBkB4Sj8IEXtkHMtvD38BGVEDsnfT6yFj6j-bBb1DxVRsnYO4vqD5AjitlwfPaz-uofM1QhtnBRG8gHDNkQzXhL2TzEHbRbcy7tWh2JpLOKjeoCahwVSyDvxhJEqdIgIMqOS3mZFNKLe3wAmK0RXC5BOXYLS_hdR1dyfhiQ4VMBxZyj9Lf85MagESCkgONAigTiJzAxnjHV6BakC8PvCv69NYXVwAiQB6ySprOVCgzj88TM_ZbO5BYMJrQogJDV7e4pA9U6kLDV3vOT1DFhrarFOz7fne2QEKopz266OmzBGqYMq2UYmLvAvYEmxsdS1pK-h9sHSCHZd5rw","e":"AQAB"},"attributes":{"enabled":true,"created":1572544768,"updated":1572544768,"recoveryLevel":"Recoverable+Purgeable"}}'
    headers:
      cache-control:
      - no-cache
      content-length:
      - '799'
      content-type:
      - application/json; charset=utf-8
      date:
      - Thu, 31 Oct 2019 17:59:51 GMT
      expires:
      - '-1'
      pragma:
      - no-cache
      server:
      - Microsoft-IIS/10.0
      strict-transport-security:
      - max-age=31536000;includeSubDomains
      x-aspnet-version:
      - 4.0.30319
      x-content-type-options:
      - nosniff
      x-ms-keyvault-network-info:
      - addr=131.107.160.72;act_addr_fam=InterNetwork;
      x-ms-keyvault-region:
      - westus
      x-ms-keyvault-service-version:
      - 1.1.0.879
      x-powered-by:
      - ASP.NET
    status:
      code: 200
      message: OK
- request:
    body: null
    headers:
      Accept:
      - application/json
      Accept-Encoding:
      - gzip, deflate
      Connection:
      - keep-alive
      Content-Length:
      - '0'
      User-Agent:
      - azsdk-python-keyvault-keys/4.0.0 Python/3.7.4 (Windows-10-10.0.18362-SP0)
    method: DELETE
    uri: https://vault458ad70cc730c90fa1.vault.azure.net/keys/key1?api-version=7.0
  response:
    body:
      string: '{"recoveryId":"https://vault458ad70cc730c90fa1.vault.azure.net/deletedkeys/key1","deletedDate":1572544794,"scheduledPurgeDate":1580320794,"key":{"kid":"https://vault458ad70cc730c90fa1.vault.azure.net/keys/key1/f64786e239aa4cb0811d1d597090c6c2","kty":"RSA","key_ops":["encrypt","decrypt","sign","verify","wrapKey","unwrapKey"],"n":"xJmR9p8OTlkwmMk9p11mUJzjjph8JBHx1g-j10qF7YN8epfqVWfjFvEswFzXuNVqonXWj3t2_hljVfM10SrMgQ7Vt23Y150dyV96ZNb4M0ugmu8w0Kd_FGFrE6xh4RhJ9J1sxu77maucVp3C2T6KUVG9qMMMImk7yO8x5SMN-YlRDUH5f-dt8gmfn6XcoclY7qwnfpw1-gtzGm1bg0Kbv-4-DXtHiTUSeHPRqkrEDkq95VrviIBeIGf-Xs00sSvXt3bsMEYibMOQ8xmdn7siefoKZikIv5fValo6DdpQfOq1M_W_6Q7nVlXOQXorOSbHYlZcTjI9_nqOCmdinrkqXw","e":"AQAB"},"attributes":{"enabled":true,"created":1572544768,"updated":1572544768,"recoveryLevel":"Recoverable+Purgeable"}}'
    headers:
      cache-control:
      - no-cache
      content-length:
      - '799'
      content-type:
      - application/json; charset=utf-8
      date:
      - Thu, 31 Oct 2019 17:59:53 GMT
      expires:
      - '-1'
      pragma:
      - no-cache
      server:
      - Microsoft-IIS/10.0
      strict-transport-security:
      - max-age=31536000;includeSubDomains
      x-aspnet-version:
      - 4.0.30319
      x-content-type-options:
      - nosniff
      x-ms-keyvault-network-info:
      - addr=131.107.160.72;act_addr_fam=InterNetwork;
      x-ms-keyvault-region:
      - westus
      x-ms-keyvault-service-version:
      - 1.1.0.879
      x-powered-by:
      - ASP.NET
    status:
      code: 200
      message: OK
- request:
    body: null
    headers:
      Accept:
      - application/json
      Accept-Encoding:
      - gzip, deflate
      Connection:
      - keep-alive
      User-Agent:
      - azsdk-python-keyvault-keys/4.0.0 Python/3.7.4 (Windows-10-10.0.18362-SP0)
    method: GET
    uri: https://vault458ad70cc730c90fa1.vault.azure.net/deletedkeys/key1?api-version=7.0
  response:
    body:
      string: '{"error":{"code":"KeyNotFound","message":"Deleted Key not found: key1"}}'
    headers:
      cache-control:
      - no-cache
      content-length:
      - '72'
      content-type:
      - application/json; charset=utf-8
      date:
      - Thu, 31 Oct 2019 17:59:53 GMT
      expires:
      - '-1'
      pragma:
      - no-cache
      server:
      - Microsoft-IIS/10.0
      strict-transport-security:
      - max-age=31536000;includeSubDomains
      x-aspnet-version:
      - 4.0.30319
      x-content-type-options:
      - nosniff
      x-ms-keyvault-network-info:
      - addr=131.107.160.72;act_addr_fam=InterNetwork;
      x-ms-keyvault-region:
      - westus
      x-ms-keyvault-service-version:
      - 1.1.0.879
      x-powered-by:
      - ASP.NET
    status:
      code: 404
      message: Not Found
- request:
    body: null
    headers:
      Accept:
      - application/json
      Accept-Encoding:
      - gzip, deflate
      Connection:
      - keep-alive
      User-Agent:
      - azsdk-python-keyvault-keys/4.0.0 Python/3.7.4 (Windows-10-10.0.18362-SP0)
    method: GET
    uri: https://vault458ad70cc730c90fa1.vault.azure.net/deletedkeys/key1?api-version=7.0
  response:
    body:
      string: '{"error":{"code":"KeyNotFound","message":"Deleted Key not found: key1"}}'
    headers:
      cache-control:
      - no-cache
      content-length:
      - '72'
      content-type:
      - application/json; charset=utf-8
      date:
      - Thu, 31 Oct 2019 17:59:55 GMT
      expires:
      - '-1'
      pragma:
      - no-cache
      server:
      - Microsoft-IIS/10.0
      strict-transport-security:
      - max-age=31536000;includeSubDomains
      x-aspnet-version:
      - 4.0.30319
      x-content-type-options:
      - nosniff
      x-ms-keyvault-network-info:
      - addr=131.107.160.72;act_addr_fam=InterNetwork;
      x-ms-keyvault-region:
      - westus
      x-ms-keyvault-service-version:
      - 1.1.0.879
      x-powered-by:
      - ASP.NET
    status:
      code: 404
      message: Not Found
- request:
    body: null
    headers:
      Accept:
      - application/json
      Accept-Encoding:
      - gzip, deflate
      Connection:
      - keep-alive
      User-Agent:
      - azsdk-python-keyvault-keys/4.0.0 Python/3.7.4 (Windows-10-10.0.18362-SP0)
    method: GET
    uri: https://vault458ad70cc730c90fa1.vault.azure.net/deletedkeys/key1?api-version=7.0
  response:
    body:
      string: '{"error":{"code":"KeyNotFound","message":"Deleted Key not found: key1"}}'
    headers:
      cache-control:
      - no-cache
      content-length:
      - '72'
      content-type:
      - application/json; charset=utf-8
      date:
      - Thu, 31 Oct 2019 17:59:57 GMT
      expires:
      - '-1'
      pragma:
      - no-cache
      server:
      - Microsoft-IIS/10.0
      strict-transport-security:
      - max-age=31536000;includeSubDomains
      x-aspnet-version:
      - 4.0.30319
      x-content-type-options:
      - nosniff
      x-ms-keyvault-network-info:
      - addr=131.107.160.72;act_addr_fam=InterNetwork;
      x-ms-keyvault-region:
      - westus
      x-ms-keyvault-service-version:
      - 1.1.0.879
      x-powered-by:
      - ASP.NET
    status:
      code: 404
      message: Not Found
- request:
    body: null
    headers:
      Accept:
      - application/json
      Accept-Encoding:
      - gzip, deflate
      Connection:
      - keep-alive
      User-Agent:
      - azsdk-python-keyvault-keys/4.0.0 Python/3.7.4 (Windows-10-10.0.18362-SP0)
    method: GET
    uri: https://vault458ad70cc730c90fa1.vault.azure.net/deletedkeys/key1?api-version=7.0
  response:
    body:
      string: '{"error":{"code":"KeyNotFound","message":"Deleted Key not found: key1"}}'
    headers:
      cache-control:
      - no-cache
      content-length:
      - '72'
      content-type:
      - application/json; charset=utf-8
      date:
      - Thu, 31 Oct 2019 17:59:59 GMT
      expires:
      - '-1'
      pragma:
      - no-cache
      server:
      - Microsoft-IIS/10.0
      strict-transport-security:
      - max-age=31536000;includeSubDomains
      x-aspnet-version:
      - 4.0.30319
      x-content-type-options:
      - nosniff
      x-ms-keyvault-network-info:
      - addr=131.107.160.72;act_addr_fam=InterNetwork;
      x-ms-keyvault-region:
      - westus
      x-ms-keyvault-service-version:
      - 1.1.0.879
      x-powered-by:
      - ASP.NET
    status:
      code: 404
      message: Not Found
- request:
    body: null
    headers:
      Accept:
      - application/json
      Accept-Encoding:
      - gzip, deflate
      Connection:
      - keep-alive
      User-Agent:
      - azsdk-python-keyvault-keys/4.0.0 Python/3.7.4 (Windows-10-10.0.18362-SP0)
    method: GET
    uri: https://vault458ad70cc730c90fa1.vault.azure.net/deletedkeys/key1?api-version=7.0
  response:
    body:
      string: '{"error":{"code":"KeyNotFound","message":"Deleted Key not found: key1"}}'
    headers:
      cache-control:
      - no-cache
      content-length:
      - '72'
      content-type:
      - application/json; charset=utf-8
      date:
      - Thu, 31 Oct 2019 18:00:01 GMT
      expires:
      - '-1'
      pragma:
      - no-cache
      server:
      - Microsoft-IIS/10.0
      strict-transport-security:
      - max-age=31536000;includeSubDomains
      x-aspnet-version:
      - 4.0.30319
      x-content-type-options:
      - nosniff
      x-ms-keyvault-network-info:
      - addr=131.107.160.72;act_addr_fam=InterNetwork;
      x-ms-keyvault-region:
      - westus
      x-ms-keyvault-service-version:
      - 1.1.0.879
      x-powered-by:
      - ASP.NET
    status:
      code: 404
      message: Not Found
- request:
    body: null
    headers:
      Accept:
      - application/json
      Accept-Encoding:
      - gzip, deflate
      Connection:
      - keep-alive
      User-Agent:
      - azsdk-python-keyvault-keys/4.0.0 Python/3.7.4 (Windows-10-10.0.18362-SP0)
    method: GET
    uri: https://vault458ad70cc730c90fa1.vault.azure.net/deletedkeys/key1?api-version=7.0
  response:
    body:
      string: '{"error":{"code":"KeyNotFound","message":"Deleted Key not found: key1"}}'
    headers:
      cache-control:
      - no-cache
      content-length:
      - '72'
      content-type:
      - application/json; charset=utf-8
      date:
      - Thu, 31 Oct 2019 18:00:03 GMT
      expires:
      - '-1'
      pragma:
      - no-cache
      server:
      - Microsoft-IIS/10.0
      strict-transport-security:
      - max-age=31536000;includeSubDomains
      x-aspnet-version:
      - 4.0.30319
      x-content-type-options:
      - nosniff
      x-ms-keyvault-network-info:
      - addr=131.107.160.72;act_addr_fam=InterNetwork;
      x-ms-keyvault-region:
      - westus
      x-ms-keyvault-service-version:
      - 1.1.0.879
      x-powered-by:
      - ASP.NET
    status:
      code: 404
      message: Not Found
- request:
    body: null
    headers:
      Accept:
      - application/json
      Accept-Encoding:
      - gzip, deflate
      Connection:
      - keep-alive
      User-Agent:
      - azsdk-python-keyvault-keys/4.0.0 Python/3.7.4 (Windows-10-10.0.18362-SP0)
    method: GET
    uri: https://vault458ad70cc730c90fa1.vault.azure.net/deletedkeys/key1?api-version=7.0
  response:
    body:
      string: '{"error":{"code":"KeyNotFound","message":"Deleted Key not found: key1"}}'
    headers:
      cache-control:
      - no-cache
      content-length:
      - '72'
      content-type:
      - application/json; charset=utf-8
      date:
      - Thu, 31 Oct 2019 18:00:05 GMT
      expires:
      - '-1'
      pragma:
      - no-cache
      server:
      - Microsoft-IIS/10.0
      strict-transport-security:
      - max-age=31536000;includeSubDomains
      x-aspnet-version:
      - 4.0.30319
      x-content-type-options:
      - nosniff
      x-ms-keyvault-network-info:
      - addr=131.107.160.72;act_addr_fam=InterNetwork;
      x-ms-keyvault-region:
      - westus
      x-ms-keyvault-service-version:
      - 1.1.0.879
      x-powered-by:
      - ASP.NET
    status:
      code: 404
      message: Not Found
- request:
    body: null
    headers:
      Accept:
      - application/json
      Accept-Encoding:
      - gzip, deflate
      Connection:
      - keep-alive
      User-Agent:
      - azsdk-python-keyvault-keys/4.0.0 Python/3.7.4 (Windows-10-10.0.18362-SP0)
    method: GET
    uri: https://vault458ad70cc730c90fa1.vault.azure.net/deletedkeys/key1?api-version=7.0
  response:
    body:
      string: '{"error":{"code":"KeyNotFound","message":"Deleted Key not found: key1"}}'
    headers:
      cache-control:
      - no-cache
      content-length:
      - '72'
      content-type:
      - application/json; charset=utf-8
      date:
      - Thu, 31 Oct 2019 18:00:07 GMT
      expires:
      - '-1'
      pragma:
      - no-cache
      server:
      - Microsoft-IIS/10.0
      strict-transport-security:
      - max-age=31536000;includeSubDomains
      x-aspnet-version:
      - 4.0.30319
      x-content-type-options:
      - nosniff
      x-ms-keyvault-network-info:
      - addr=131.107.160.72;act_addr_fam=InterNetwork;
      x-ms-keyvault-region:
      - westus
      x-ms-keyvault-service-version:
      - 1.1.0.879
      x-powered-by:
      - ASP.NET
    status:
      code: 404
      message: Not Found
- request:
    body: null
    headers:
      Accept:
      - application/json
      Accept-Encoding:
      - gzip, deflate
      Connection:
      - keep-alive
      User-Agent:
      - azsdk-python-keyvault-keys/4.0.0 Python/3.7.4 (Windows-10-10.0.18362-SP0)
    method: GET
    uri: https://vault458ad70cc730c90fa1.vault.azure.net/deletedkeys/key1?api-version=7.0
  response:
    body:
      string: '{"error":{"code":"KeyNotFound","message":"Deleted Key not found: key1"}}'
    headers:
      cache-control:
      - no-cache
      content-length:
      - '72'
      content-type:
      - application/json; charset=utf-8
      date:
      - Thu, 31 Oct 2019 18:00:09 GMT
      expires:
      - '-1'
      pragma:
      - no-cache
      server:
      - Microsoft-IIS/10.0
      strict-transport-security:
      - max-age=31536000;includeSubDomains
      x-aspnet-version:
      - 4.0.30319
      x-content-type-options:
      - nosniff
      x-ms-keyvault-network-info:
      - addr=131.107.160.72;act_addr_fam=InterNetwork;
      x-ms-keyvault-region:
      - westus
      x-ms-keyvault-service-version:
      - 1.1.0.879
      x-powered-by:
      - ASP.NET
    status:
      code: 404
      message: Not Found
- request:
    body: null
    headers:
      Accept:
      - application/json
      Accept-Encoding:
      - gzip, deflate
      Connection:
      - keep-alive
      User-Agent:
      - azsdk-python-keyvault-keys/4.0.0 Python/3.7.4 (Windows-10-10.0.18362-SP0)
    method: GET
    uri: https://vault458ad70cc730c90fa1.vault.azure.net/deletedkeys/key1?api-version=7.0
  response:
    body:
      string: '{"error":{"code":"KeyNotFound","message":"Deleted Key not found: key1"}}'
    headers:
      cache-control:
      - no-cache
      content-length:
      - '72'
      content-type:
      - application/json; charset=utf-8
      date:
      - Thu, 31 Oct 2019 18:00:11 GMT
      expires:
      - '-1'
      pragma:
      - no-cache
      server:
      - Microsoft-IIS/10.0
      strict-transport-security:
      - max-age=31536000;includeSubDomains
      x-aspnet-version:
      - 4.0.30319
      x-content-type-options:
      - nosniff
      x-ms-keyvault-network-info:
      - addr=131.107.160.72;act_addr_fam=InterNetwork;
      x-ms-keyvault-region:
      - westus
      x-ms-keyvault-service-version:
      - 1.1.0.879
      x-powered-by:
      - ASP.NET
    status:
      code: 404
      message: Not Found
- request:
    body: null
    headers:
      Accept:
      - application/json
      Accept-Encoding:
      - gzip, deflate
      Connection:
      - keep-alive
      User-Agent:
      - azsdk-python-keyvault-keys/4.0.0 Python/3.7.4 (Windows-10-10.0.18362-SP0)
    method: GET
    uri: https://vault458ad70cc730c90fa1.vault.azure.net/deletedkeys/key1?api-version=7.0
  response:
    body:
      string: '{"recoveryId":"https://vault458ad70cc730c90fa1.vault.azure.net/deletedkeys/key1","deletedDate":1572544794,"scheduledPurgeDate":1580320794,"key":{"kid":"https://vault458ad70cc730c90fa1.vault.azure.net/keys/key1/f64786e239aa4cb0811d1d597090c6c2","kty":"RSA","key_ops":["encrypt","decrypt","sign","verify","wrapKey","unwrapKey"],"n":"xJmR9p8OTlkwmMk9p11mUJzjjph8JBHx1g-j10qF7YN8epfqVWfjFvEswFzXuNVqonXWj3t2_hljVfM10SrMgQ7Vt23Y150dyV96ZNb4M0ugmu8w0Kd_FGFrE6xh4RhJ9J1sxu77maucVp3C2T6KUVG9qMMMImk7yO8x5SMN-YlRDUH5f-dt8gmfn6XcoclY7qwnfpw1-gtzGm1bg0Kbv-4-DXtHiTUSeHPRqkrEDkq95VrviIBeIGf-Xs00sSvXt3bsMEYibMOQ8xmdn7siefoKZikIv5fValo6DdpQfOq1M_W_6Q7nVlXOQXorOSbHYlZcTjI9_nqOCmdinrkqXw","e":"AQAB"},"attributes":{"enabled":true,"created":1572544768,"updated":1572544768,"recoveryLevel":"Recoverable+Purgeable"}}'
    headers:
      cache-control:
      - no-cache
      content-length:
      - '799'
      content-type:
      - application/json; charset=utf-8
      date:
      - Thu, 31 Oct 2019 18:00:13 GMT
      expires:
      - '-1'
      pragma:
      - no-cache
      server:
      - Microsoft-IIS/10.0
      strict-transport-security:
      - max-age=31536000;includeSubDomains
      x-aspnet-version:
      - 4.0.30319
      x-content-type-options:
      - nosniff
      x-ms-keyvault-network-info:
      - addr=131.107.160.72;act_addr_fam=InterNetwork;
      x-ms-keyvault-region:
      - westus
      x-ms-keyvault-service-version:
      - 1.1.0.879
      x-powered-by:
      - ASP.NET
    status:
      code: 200
      message: OK
- request:
    body: null
    headers:
      Accept:
      - application/json
      Accept-Encoding:
      - gzip, deflate
      Connection:
      - keep-alive
      Content-Length:
      - '0'
      User-Agent:
      - azsdk-python-keyvault-keys/4.0.0 Python/3.7.4 (Windows-10-10.0.18362-SP0)
    method: DELETE
    uri: https://vault458ad70cc730c90fa1.vault.azure.net/keys/key2?api-version=7.0
  response:
    body:
      string: '{"recoveryId":"https://vault458ad70cc730c90fa1.vault.azure.net/deletedkeys/key2","deletedDate":1572544816,"scheduledPurgeDate":1580320816,"key":{"kid":"https://vault458ad70cc730c90fa1.vault.azure.net/keys/key2/686e6c096d7f4d8b901bcbbafae8f23e","kty":"RSA","key_ops":["encrypt","decrypt","sign","verify","wrapKey","unwrapKey"],"n":"xa55CndjUI4wb0hhUPcolwVHphvfO4IazZkJMekCcg470jGJvd3BNFCnwIz3Z5CgjB5JbFdjI2XlIXuQa1DixERW4TcUkAVJIKOg9WIrhO9EVXqjh83dq-WpumFy_JknbbMMtV_oyjZPtUd2s0RHKDQlyqbOgXutBEpEuVjrC8Qb0hPERTh4ghxnphv4GYEc4c8ch2DWn-iX1-nmBjCm7XxPQ5lD9G6deBGYx18roJsEheITnLH1cpxsKhLm4mK2rbk5V6WR5ITCJJYxNXe5PXRa_zRHLXIpFwOKCZ0Aq2DzOm2KTVrhWu-2D6sdaUsC2IBcF-Osru66Sr4r6X8e0Q","e":"AQAB"},"attributes":{"enabled":true,"created":1572544768,"updated":1572544768,"recoveryLevel":"Recoverable+Purgeable"}}'
    headers:
      cache-control:
      - no-cache
      content-length:
      - '799'
      content-type:
      - application/json; charset=utf-8
      date:
      - Thu, 31 Oct 2019 18:00:16 GMT
      expires:
      - '-1'
      pragma:
      - no-cache
      server:
      - Microsoft-IIS/10.0
      strict-transport-security:
      - max-age=31536000;includeSubDomains
      x-aspnet-version:
      - 4.0.30319
      x-content-type-options:
      - nosniff
      x-ms-keyvault-network-info:
      - addr=131.107.160.72;act_addr_fam=InterNetwork;
      x-ms-keyvault-region:
      - westus
      x-ms-keyvault-service-version:
      - 1.1.0.879
      x-powered-by:
      - ASP.NET
    status:
      code: 200
      message: OK
- request:
    body: null
    headers:
      Accept:
      - application/json
      Accept-Encoding:
      - gzip, deflate
      Connection:
      - keep-alive
      User-Agent:
      - azsdk-python-keyvault-keys/4.0.0 Python/3.7.4 (Windows-10-10.0.18362-SP0)
    method: GET
    uri: https://vault458ad70cc730c90fa1.vault.azure.net/deletedkeys/key2?api-version=7.0
  response:
    body:
      string: '{"error":{"code":"KeyNotFound","message":"Deleted Key not found: key2"}}'
    headers:
      cache-control:
      - no-cache
      content-length:
      - '72'
      content-type:
      - application/json; charset=utf-8
      date:
      - Thu, 31 Oct 2019 18:00:16 GMT
      expires:
      - '-1'
      pragma:
      - no-cache
      server:
      - Microsoft-IIS/10.0
      strict-transport-security:
      - max-age=31536000;includeSubDomains
      x-aspnet-version:
      - 4.0.30319
      x-content-type-options:
      - nosniff
      x-ms-keyvault-network-info:
      - addr=131.107.160.72;act_addr_fam=InterNetwork;
      x-ms-keyvault-region:
      - westus
      x-ms-keyvault-service-version:
      - 1.1.0.879
      x-powered-by:
      - ASP.NET
    status:
      code: 404
      message: Not Found
- request:
    body: null
    headers:
      Accept:
      - application/json
      Accept-Encoding:
      - gzip, deflate
      Connection:
      - keep-alive
      User-Agent:
      - azsdk-python-keyvault-keys/4.0.0 Python/3.7.4 (Windows-10-10.0.18362-SP0)
    method: GET
    uri: https://vault458ad70cc730c90fa1.vault.azure.net/deletedkeys/key2?api-version=7.0
  response:
    body:
      string: '{"error":{"code":"KeyNotFound","message":"Deleted Key not found: key2"}}'
    headers:
      cache-control:
      - no-cache
      content-length:
      - '72'
      content-type:
      - application/json; charset=utf-8
      date:
      - Thu, 31 Oct 2019 18:00:18 GMT
      expires:
      - '-1'
      pragma:
      - no-cache
      server:
      - Microsoft-IIS/10.0
      strict-transport-security:
      - max-age=31536000;includeSubDomains
      x-aspnet-version:
      - 4.0.30319
      x-content-type-options:
      - nosniff
      x-ms-keyvault-network-info:
      - addr=131.107.160.72;act_addr_fam=InterNetwork;
      x-ms-keyvault-region:
      - westus
      x-ms-keyvault-service-version:
      - 1.1.0.879
      x-powered-by:
      - ASP.NET
    status:
      code: 404
      message: Not Found
- request:
    body: null
    headers:
      Accept:
      - application/json
      Accept-Encoding:
      - gzip, deflate
      Connection:
      - keep-alive
      User-Agent:
      - azsdk-python-keyvault-keys/4.0.0 Python/3.7.4 (Windows-10-10.0.18362-SP0)
    method: GET
    uri: https://vault458ad70cc730c90fa1.vault.azure.net/deletedkeys/key2?api-version=7.0
  response:
    body:
      string: '{"error":{"code":"KeyNotFound","message":"Deleted Key not found: key2"}}'
    headers:
      cache-control:
      - no-cache
      content-length:
      - '72'
      content-type:
      - application/json; charset=utf-8
      date:
      - Thu, 31 Oct 2019 18:00:20 GMT
      expires:
      - '-1'
      pragma:
      - no-cache
      server:
      - Microsoft-IIS/10.0
      strict-transport-security:
      - max-age=31536000;includeSubDomains
      x-aspnet-version:
      - 4.0.30319
      x-content-type-options:
      - nosniff
      x-ms-keyvault-network-info:
      - addr=131.107.160.72;act_addr_fam=InterNetwork;
      x-ms-keyvault-region:
      - westus
      x-ms-keyvault-service-version:
      - 1.1.0.879
      x-powered-by:
      - ASP.NET
    status:
      code: 404
      message: Not Found
- request:
    body: null
    headers:
      Accept:
      - application/json
      Accept-Encoding:
      - gzip, deflate
      Connection:
      - keep-alive
      User-Agent:
      - azsdk-python-keyvault-keys/4.0.0 Python/3.7.4 (Windows-10-10.0.18362-SP0)
    method: GET
    uri: https://vault458ad70cc730c90fa1.vault.azure.net/deletedkeys/key2?api-version=7.0
  response:
    body:
      string: '{"error":{"code":"KeyNotFound","message":"Deleted Key not found: key2"}}'
    headers:
      cache-control:
      - no-cache
      content-length:
      - '72'
      content-type:
      - application/json; charset=utf-8
      date:
      - Thu, 31 Oct 2019 18:00:22 GMT
      expires:
      - '-1'
      pragma:
      - no-cache
      server:
      - Microsoft-IIS/10.0
      strict-transport-security:
      - max-age=31536000;includeSubDomains
      x-aspnet-version:
      - 4.0.30319
      x-content-type-options:
      - nosniff
      x-ms-keyvault-network-info:
      - addr=131.107.160.72;act_addr_fam=InterNetwork;
      x-ms-keyvault-region:
      - westus
      x-ms-keyvault-service-version:
      - 1.1.0.879
      x-powered-by:
      - ASP.NET
    status:
      code: 404
      message: Not Found
- request:
    body: null
    headers:
      Accept:
      - application/json
      Accept-Encoding:
      - gzip, deflate
      Connection:
      - keep-alive
      User-Agent:
      - azsdk-python-keyvault-keys/4.0.0 Python/3.7.4 (Windows-10-10.0.18362-SP0)
    method: GET
    uri: https://vault458ad70cc730c90fa1.vault.azure.net/deletedkeys/key2?api-version=7.0
  response:
    body:
      string: '{"error":{"code":"KeyNotFound","message":"Deleted Key not found: key2"}}'
    headers:
      cache-control:
      - no-cache
      content-length:
      - '72'
      content-type:
      - application/json; charset=utf-8
      date:
      - Thu, 31 Oct 2019 18:00:25 GMT
      expires:
      - '-1'
      pragma:
      - no-cache
      server:
      - Microsoft-IIS/10.0
      strict-transport-security:
      - max-age=31536000;includeSubDomains
      x-aspnet-version:
      - 4.0.30319
      x-content-type-options:
      - nosniff
      x-ms-keyvault-network-info:
      - addr=131.107.160.72;act_addr_fam=InterNetwork;
      x-ms-keyvault-region:
      - westus
      x-ms-keyvault-service-version:
      - 1.1.0.879
      x-powered-by:
      - ASP.NET
    status:
      code: 404
      message: Not Found
- request:
    body: null
    headers:
      Accept:
      - application/json
      Accept-Encoding:
      - gzip, deflate
      Connection:
      - keep-alive
      User-Agent:
      - azsdk-python-keyvault-keys/4.0.0 Python/3.7.4 (Windows-10-10.0.18362-SP0)
    method: GET
    uri: https://vault458ad70cc730c90fa1.vault.azure.net/deletedkeys/key2?api-version=7.0
  response:
    body:
      string: '{"error":{"code":"KeyNotFound","message":"Deleted Key not found: key2"}}'
    headers:
      cache-control:
      - no-cache
      content-length:
      - '72'
      content-type:
      - application/json; charset=utf-8
      date:
      - Thu, 31 Oct 2019 18:00:27 GMT
      expires:
      - '-1'
      pragma:
      - no-cache
      server:
      - Microsoft-IIS/10.0
      strict-transport-security:
      - max-age=31536000;includeSubDomains
      x-aspnet-version:
      - 4.0.30319
      x-content-type-options:
      - nosniff
      x-ms-keyvault-network-info:
      - addr=131.107.160.72;act_addr_fam=InterNetwork;
      x-ms-keyvault-region:
      - westus
      x-ms-keyvault-service-version:
      - 1.1.0.879
      x-powered-by:
      - ASP.NET
    status:
      code: 404
      message: Not Found
- request:
    body: null
    headers:
      Accept:
      - application/json
      Accept-Encoding:
      - gzip, deflate
      Connection:
      - keep-alive
      User-Agent:
      - azsdk-python-keyvault-keys/4.0.0 Python/3.7.4 (Windows-10-10.0.18362-SP0)
    method: GET
    uri: https://vault458ad70cc730c90fa1.vault.azure.net/deletedkeys/key2?api-version=7.0
  response:
    body:
      string: '{"error":{"code":"KeyNotFound","message":"Deleted Key not found: key2"}}'
    headers:
      cache-control:
      - no-cache
      content-length:
      - '72'
      content-type:
      - application/json; charset=utf-8
      date:
      - Thu, 31 Oct 2019 18:00:29 GMT
      expires:
      - '-1'
      pragma:
      - no-cache
      server:
      - Microsoft-IIS/10.0
      strict-transport-security:
      - max-age=31536000;includeSubDomains
      x-aspnet-version:
      - 4.0.30319
      x-content-type-options:
      - nosniff
      x-ms-keyvault-network-info:
      - addr=131.107.160.72;act_addr_fam=InterNetwork;
      x-ms-keyvault-region:
      - westus
      x-ms-keyvault-service-version:
      - 1.1.0.879
      x-powered-by:
      - ASP.NET
    status:
      code: 404
      message: Not Found
- request:
    body: null
    headers:
      Accept:
      - application/json
      Accept-Encoding:
      - gzip, deflate
      Connection:
      - keep-alive
      User-Agent:
      - azsdk-python-keyvault-keys/4.0.0 Python/3.7.4 (Windows-10-10.0.18362-SP0)
    method: GET
    uri: https://vault458ad70cc730c90fa1.vault.azure.net/deletedkeys/key2?api-version=7.0
  response:
    body:
      string: '{"error":{"code":"KeyNotFound","message":"Deleted Key not found: key2"}}'
    headers:
      cache-control:
      - no-cache
      content-length:
      - '72'
      content-type:
      - application/json; charset=utf-8
      date:
      - Thu, 31 Oct 2019 18:00:31 GMT
      expires:
      - '-1'
      pragma:
      - no-cache
      server:
      - Microsoft-IIS/10.0
      strict-transport-security:
      - max-age=31536000;includeSubDomains
      x-aspnet-version:
      - 4.0.30319
      x-content-type-options:
      - nosniff
      x-ms-keyvault-network-info:
      - addr=131.107.160.72;act_addr_fam=InterNetwork;
      x-ms-keyvault-region:
      - westus
      x-ms-keyvault-service-version:
      - 1.1.0.879
      x-powered-by:
      - ASP.NET
    status:
      code: 404
      message: Not Found
- request:
    body: null
    headers:
      Accept:
      - application/json
      Accept-Encoding:
      - gzip, deflate
      Connection:
      - keep-alive
      User-Agent:
      - azsdk-python-keyvault-keys/4.0.0 Python/3.7.4 (Windows-10-10.0.18362-SP0)
    method: GET
    uri: https://vault458ad70cc730c90fa1.vault.azure.net/deletedkeys/key2?api-version=7.0
  response:
    body:
      string: '{"error":{"code":"KeyNotFound","message":"Deleted Key not found: key2"}}'
    headers:
      cache-control:
      - no-cache
      content-length:
      - '72'
      content-type:
      - application/json; charset=utf-8
      date:
      - Thu, 31 Oct 2019 18:00:33 GMT
      expires:
      - '-1'
      pragma:
      - no-cache
      server:
      - Microsoft-IIS/10.0
      strict-transport-security:
      - max-age=31536000;includeSubDomains
      x-aspnet-version:
      - 4.0.30319
      x-content-type-options:
      - nosniff
      x-ms-keyvault-network-info:
      - addr=131.107.160.72;act_addr_fam=InterNetwork;
      x-ms-keyvault-region:
      - westus
      x-ms-keyvault-service-version:
      - 1.1.0.879
      x-powered-by:
      - ASP.NET
    status:
      code: 404
      message: Not Found
- request:
    body: null
    headers:
      Accept:
      - application/json
      Accept-Encoding:
      - gzip, deflate
      Connection:
      - keep-alive
      User-Agent:
      - azsdk-python-keyvault-keys/4.0.0 Python/3.7.4 (Windows-10-10.0.18362-SP0)
    method: GET
    uri: https://vault458ad70cc730c90fa1.vault.azure.net/deletedkeys/key2?api-version=7.0
  response:
    body:
      string: '{"error":{"code":"KeyNotFound","message":"Deleted Key not found: key2"}}'
    headers:
      cache-control:
      - no-cache
      content-length:
      - '72'
      content-type:
      - application/json; charset=utf-8
      date:
      - Thu, 31 Oct 2019 18:00:35 GMT
      expires:
      - '-1'
      pragma:
      - no-cache
      server:
      - Microsoft-IIS/10.0
      strict-transport-security:
      - max-age=31536000;includeSubDomains
      x-aspnet-version:
      - 4.0.30319
      x-content-type-options:
      - nosniff
      x-ms-keyvault-network-info:
      - addr=131.107.160.72;act_addr_fam=InterNetwork;
      x-ms-keyvault-region:
      - westus
      x-ms-keyvault-service-version:
      - 1.1.0.879
      x-powered-by:
      - ASP.NET
    status:
      code: 404
      message: Not Found
- request:
    body: null
    headers:
      Accept:
      - application/json
      Accept-Encoding:
      - gzip, deflate
      Connection:
      - keep-alive
      User-Agent:
      - azsdk-python-keyvault-keys/4.0.0 Python/3.7.4 (Windows-10-10.0.18362-SP0)
    method: GET
    uri: https://vault458ad70cc730c90fa1.vault.azure.net/deletedkeys/key2?api-version=7.0
  response:
    body:
      string: '{"error":{"code":"KeyNotFound","message":"Deleted Key not found: key2"}}'
    headers:
      cache-control:
      - no-cache
      content-length:
      - '72'
      content-type:
      - application/json; charset=utf-8
      date:
      - Thu, 31 Oct 2019 18:00:37 GMT
      expires:
      - '-1'
      pragma:
      - no-cache
      server:
      - Microsoft-IIS/10.0
      strict-transport-security:
      - max-age=31536000;includeSubDomains
      x-aspnet-version:
      - 4.0.30319
      x-content-type-options:
      - nosniff
      x-ms-keyvault-network-info:
      - addr=131.107.160.72;act_addr_fam=InterNetwork;
      x-ms-keyvault-region:
      - westus
      x-ms-keyvault-service-version:
      - 1.1.0.879
      x-powered-by:
      - ASP.NET
    status:
      code: 404
      message: Not Found
- request:
    body: null
    headers:
      Accept:
      - application/json
      Accept-Encoding:
      - gzip, deflate
      Connection:
      - keep-alive
      User-Agent:
      - azsdk-python-keyvault-keys/4.0.0 Python/3.7.4 (Windows-10-10.0.18362-SP0)
    method: GET
    uri: https://vault458ad70cc730c90fa1.vault.azure.net/deletedkeys/key2?api-version=7.0
  response:
    body:
      string: '{"recoveryId":"https://vault458ad70cc730c90fa1.vault.azure.net/deletedkeys/key2","deletedDate":1572544816,"scheduledPurgeDate":1580320816,"key":{"kid":"https://vault458ad70cc730c90fa1.vault.azure.net/keys/key2/686e6c096d7f4d8b901bcbbafae8f23e","kty":"RSA","key_ops":["encrypt","decrypt","sign","verify","wrapKey","unwrapKey"],"n":"xa55CndjUI4wb0hhUPcolwVHphvfO4IazZkJMekCcg470jGJvd3BNFCnwIz3Z5CgjB5JbFdjI2XlIXuQa1DixERW4TcUkAVJIKOg9WIrhO9EVXqjh83dq-WpumFy_JknbbMMtV_oyjZPtUd2s0RHKDQlyqbOgXutBEpEuVjrC8Qb0hPERTh4ghxnphv4GYEc4c8ch2DWn-iX1-nmBjCm7XxPQ5lD9G6deBGYx18roJsEheITnLH1cpxsKhLm4mK2rbk5V6WR5ITCJJYxNXe5PXRa_zRHLXIpFwOKCZ0Aq2DzOm2KTVrhWu-2D6sdaUsC2IBcF-Osru66Sr4r6X8e0Q","e":"AQAB"},"attributes":{"enabled":true,"created":1572544768,"updated":1572544768,"recoveryLevel":"Recoverable+Purgeable"}}'
    headers:
      cache-control:
      - no-cache
      content-length:
      - '799'
      content-type:
      - application/json; charset=utf-8
      date:
      - Thu, 31 Oct 2019 18:00:39 GMT
      expires:
      - '-1'
      pragma:
      - no-cache
      server:
      - Microsoft-IIS/10.0
      strict-transport-security:
      - max-age=31536000;includeSubDomains
      x-aspnet-version:
      - 4.0.30319
      x-content-type-options:
      - nosniff
      x-ms-keyvault-network-info:
      - addr=131.107.160.72;act_addr_fam=InterNetwork;
      x-ms-keyvault-region:
      - westus
      x-ms-keyvault-service-version:
      - 1.1.0.879
      x-powered-by:
      - ASP.NET
    status:
      code: 200
      message: OK
- request:
    body: null
    headers:
      Accept:
      - application/json
      Accept-Encoding:
      - gzip, deflate
      Connection:
      - keep-alive
      Content-Length:
      - '0'
      User-Agent:
      - azsdk-python-keyvault-keys/4.0.0 Python/3.7.4 (Windows-10-10.0.18362-SP0)
    method: DELETE
    uri: https://vault458ad70cc730c90fa1.vault.azure.net/keys/key3?api-version=7.0
  response:
    body:
      string: '{"recoveryId":"https://vault458ad70cc730c90fa1.vault.azure.net/deletedkeys/key3","deletedDate":1572544841,"scheduledPurgeDate":1580320841,"key":{"kid":"https://vault458ad70cc730c90fa1.vault.azure.net/keys/key3/4e1dc67301cb49778fcfaa4bdefebcf5","kty":"RSA","key_ops":["encrypt","decrypt","sign","verify","wrapKey","unwrapKey"],"n":"rsWjLkgCSFwELMmG4o44scyhsZ0HooEOnvCH5BK03HjM-qqc11n3RLZj0vj1HipvJ_wkoqTzEc2ib5fL_YoVzYgCIb7mvr0z5-Q33EBPJhqn8-W7IbatbD2CbzTsC7xZ7DMiUBydbVxVy3250lUi_wG7i9EGGc4A1HOLools0puIxF5GnmmKe1KhytlZci4RF8g1E7mWvu-vhcWM_c-eQUhWEipy9hY9tiG5dIpa-YhTFx1TvW07xfgCxgEPyFkpLu8t9sqZCkMAwqgjtsc14cbRr7lUh0Ns_4WYf03QEQbO-Cgjzw3HHnqrUNmTHDgfb_BhgtInRUmPAOXZaV4e8w","e":"AQAB"},"attributes":{"enabled":true,"created":1572544768,"updated":1572544768,"recoveryLevel":"Recoverable+Purgeable"}}'
    headers:
      cache-control:
      - no-cache
      content-length:
      - '799'
      content-type:
      - application/json; charset=utf-8
      date:
      - Thu, 31 Oct 2019 18:00:41 GMT
      expires:
      - '-1'
      pragma:
      - no-cache
      server:
      - Microsoft-IIS/10.0
      strict-transport-security:
      - max-age=31536000;includeSubDomains
      x-aspnet-version:
      - 4.0.30319
      x-content-type-options:
      - nosniff
      x-ms-keyvault-network-info:
      - addr=131.107.160.72;act_addr_fam=InterNetwork;
      x-ms-keyvault-region:
      - westus
      x-ms-keyvault-service-version:
      - 1.1.0.879
      x-powered-by:
      - ASP.NET
    status:
      code: 200
      message: OK
- request:
    body: null
    headers:
      Accept:
      - application/json
      Accept-Encoding:
      - gzip, deflate
      Connection:
      - keep-alive
      User-Agent:
      - azsdk-python-keyvault-keys/4.0.0 Python/3.7.4 (Windows-10-10.0.18362-SP0)
    method: GET
    uri: https://vault458ad70cc730c90fa1.vault.azure.net/deletedkeys/key3?api-version=7.0
  response:
    body:
      string: '{"error":{"code":"KeyNotFound","message":"Deleted Key not found: key3"}}'
    headers:
      cache-control:
      - no-cache
      content-length:
      - '72'
      content-type:
      - application/json; charset=utf-8
      date:
      - Thu, 31 Oct 2019 18:00:41 GMT
      expires:
      - '-1'
      pragma:
      - no-cache
      server:
      - Microsoft-IIS/10.0
      strict-transport-security:
      - max-age=31536000;includeSubDomains
      x-aspnet-version:
      - 4.0.30319
      x-content-type-options:
      - nosniff
      x-ms-keyvault-network-info:
      - addr=131.107.160.72;act_addr_fam=InterNetwork;
      x-ms-keyvault-region:
      - westus
      x-ms-keyvault-service-version:
      - 1.1.0.879
      x-powered-by:
      - ASP.NET
    status:
      code: 404
      message: Not Found
- request:
    body: null
    headers:
      Accept:
      - application/json
      Accept-Encoding:
      - gzip, deflate
      Connection:
      - keep-alive
      User-Agent:
      - azsdk-python-keyvault-keys/4.0.0 Python/3.7.4 (Windows-10-10.0.18362-SP0)
    method: GET
    uri: https://vault458ad70cc730c90fa1.vault.azure.net/deletedkeys/key3?api-version=7.0
  response:
    body:
      string: '{"error":{"code":"KeyNotFound","message":"Deleted Key not found: key3"}}'
    headers:
      cache-control:
      - no-cache
      content-length:
      - '72'
      content-type:
      - application/json; charset=utf-8
      date:
      - Thu, 31 Oct 2019 18:00:43 GMT
      expires:
      - '-1'
      pragma:
      - no-cache
      server:
      - Microsoft-IIS/10.0
      strict-transport-security:
      - max-age=31536000;includeSubDomains
      x-aspnet-version:
      - 4.0.30319
      x-content-type-options:
      - nosniff
      x-ms-keyvault-network-info:
      - addr=131.107.160.72;act_addr_fam=InterNetwork;
      x-ms-keyvault-region:
      - westus
      x-ms-keyvault-service-version:
      - 1.1.0.879
      x-powered-by:
      - ASP.NET
    status:
      code: 404
      message: Not Found
- request:
    body: null
    headers:
      Accept:
      - application/json
      Accept-Encoding:
      - gzip, deflate
      Connection:
      - keep-alive
      User-Agent:
      - azsdk-python-keyvault-keys/4.0.0 Python/3.7.4 (Windows-10-10.0.18362-SP0)
    method: GET
    uri: https://vault458ad70cc730c90fa1.vault.azure.net/deletedkeys/key3?api-version=7.0
  response:
    body:
      string: '{"error":{"code":"KeyNotFound","message":"Deleted Key not found: key3"}}'
    headers:
      cache-control:
      - no-cache
      content-length:
      - '72'
      content-type:
      - application/json; charset=utf-8
      date:
      - Thu, 31 Oct 2019 18:00:45 GMT
      expires:
      - '-1'
      pragma:
      - no-cache
      server:
      - Microsoft-IIS/10.0
      strict-transport-security:
      - max-age=31536000;includeSubDomains
      x-aspnet-version:
      - 4.0.30319
      x-content-type-options:
      - nosniff
      x-ms-keyvault-network-info:
      - addr=131.107.160.72;act_addr_fam=InterNetwork;
      x-ms-keyvault-region:
      - westus
      x-ms-keyvault-service-version:
      - 1.1.0.879
      x-powered-by:
      - ASP.NET
    status:
      code: 404
      message: Not Found
- request:
    body: null
    headers:
      Accept:
      - application/json
      Accept-Encoding:
      - gzip, deflate
      Connection:
      - keep-alive
      User-Agent:
      - azsdk-python-keyvault-keys/4.0.0 Python/3.7.4 (Windows-10-10.0.18362-SP0)
    method: GET
    uri: https://vault458ad70cc730c90fa1.vault.azure.net/deletedkeys/key3?api-version=7.0
  response:
    body:
      string: '{"error":{"code":"KeyNotFound","message":"Deleted Key not found: key3"}}'
    headers:
      cache-control:
      - no-cache
      content-length:
      - '72'
      content-type:
      - application/json; charset=utf-8
      date:
      - Thu, 31 Oct 2019 18:00:47 GMT
      expires:
      - '-1'
      pragma:
      - no-cache
      server:
      - Microsoft-IIS/10.0
      strict-transport-security:
      - max-age=31536000;includeSubDomains
      x-aspnet-version:
      - 4.0.30319
      x-content-type-options:
      - nosniff
      x-ms-keyvault-network-info:
      - addr=131.107.160.72;act_addr_fam=InterNetwork;
      x-ms-keyvault-region:
      - westus
      x-ms-keyvault-service-version:
      - 1.1.0.879
      x-powered-by:
      - ASP.NET
    status:
      code: 404
      message: Not Found
- request:
    body: null
    headers:
      Accept:
      - application/json
      Accept-Encoding:
      - gzip, deflate
      Connection:
      - keep-alive
      User-Agent:
      - azsdk-python-keyvault-keys/4.0.0 Python/3.7.4 (Windows-10-10.0.18362-SP0)
    method: GET
    uri: https://vault458ad70cc730c90fa1.vault.azure.net/deletedkeys/key3?api-version=7.0
  response:
    body:
      string: '{"error":{"code":"KeyNotFound","message":"Deleted Key not found: key3"}}'
    headers:
      cache-control:
      - no-cache
      content-length:
      - '72'
      content-type:
      - application/json; charset=utf-8
      date:
      - Thu, 31 Oct 2019 18:00:49 GMT
      expires:
      - '-1'
      pragma:
      - no-cache
      server:
      - Microsoft-IIS/10.0
      strict-transport-security:
      - max-age=31536000;includeSubDomains
      x-aspnet-version:
      - 4.0.30319
      x-content-type-options:
      - nosniff
      x-ms-keyvault-network-info:
      - addr=131.107.160.72;act_addr_fam=InterNetwork;
      x-ms-keyvault-region:
      - westus
      x-ms-keyvault-service-version:
      - 1.1.0.879
      x-powered-by:
      - ASP.NET
    status:
      code: 404
      message: Not Found
- request:
    body: null
    headers:
      Accept:
      - application/json
      Accept-Encoding:
      - gzip, deflate
      Connection:
      - keep-alive
      User-Agent:
      - azsdk-python-keyvault-keys/4.0.0 Python/3.7.4 (Windows-10-10.0.18362-SP0)
    method: GET
    uri: https://vault458ad70cc730c90fa1.vault.azure.net/deletedkeys/key3?api-version=7.0
  response:
    body:
      string: '{"error":{"code":"KeyNotFound","message":"Deleted Key not found: key3"}}'
    headers:
      cache-control:
      - no-cache
      content-length:
      - '72'
      content-type:
      - application/json; charset=utf-8
      date:
      - Thu, 31 Oct 2019 18:00:51 GMT
      expires:
      - '-1'
      pragma:
      - no-cache
      server:
      - Microsoft-IIS/10.0
      strict-transport-security:
      - max-age=31536000;includeSubDomains
      x-aspnet-version:
      - 4.0.30319
      x-content-type-options:
      - nosniff
      x-ms-keyvault-network-info:
      - addr=131.107.160.72;act_addr_fam=InterNetwork;
      x-ms-keyvault-region:
      - westus
      x-ms-keyvault-service-version:
      - 1.1.0.879
      x-powered-by:
      - ASP.NET
    status:
      code: 404
      message: Not Found
- request:
    body: null
    headers:
      Accept:
      - application/json
      Accept-Encoding:
      - gzip, deflate
      Connection:
      - keep-alive
      User-Agent:
      - azsdk-python-keyvault-keys/4.0.0 Python/3.7.4 (Windows-10-10.0.18362-SP0)
    method: GET
    uri: https://vault458ad70cc730c90fa1.vault.azure.net/deletedkeys/key3?api-version=7.0
  response:
    body:
      string: '{"error":{"code":"KeyNotFound","message":"Deleted Key not found: key3"}}'
    headers:
      cache-control:
      - no-cache
      content-length:
      - '72'
      content-type:
      - application/json; charset=utf-8
      date:
      - Thu, 31 Oct 2019 18:00:53 GMT
      expires:
      - '-1'
      pragma:
      - no-cache
      server:
      - Microsoft-IIS/10.0
      strict-transport-security:
      - max-age=31536000;includeSubDomains
      x-aspnet-version:
      - 4.0.30319
      x-content-type-options:
      - nosniff
      x-ms-keyvault-network-info:
      - addr=131.107.160.72;act_addr_fam=InterNetwork;
      x-ms-keyvault-region:
      - westus
      x-ms-keyvault-service-version:
      - 1.1.0.879
      x-powered-by:
      - ASP.NET
    status:
      code: 404
      message: Not Found
- request:
    body: null
    headers:
      Accept:
      - application/json
      Accept-Encoding:
      - gzip, deflate
      Connection:
      - keep-alive
      User-Agent:
      - azsdk-python-keyvault-keys/4.0.0 Python/3.7.4 (Windows-10-10.0.18362-SP0)
    method: GET
    uri: https://vault458ad70cc730c90fa1.vault.azure.net/deletedkeys/key3?api-version=7.0
  response:
    body:
      string: '{"error":{"code":"KeyNotFound","message":"Deleted Key not found: key3"}}'
    headers:
      cache-control:
      - no-cache
      content-length:
      - '72'
      content-type:
      - application/json; charset=utf-8
      date:
      - Thu, 31 Oct 2019 18:00:55 GMT
      expires:
      - '-1'
      pragma:
      - no-cache
      server:
      - Microsoft-IIS/10.0
      strict-transport-security:
      - max-age=31536000;includeSubDomains
      x-aspnet-version:
      - 4.0.30319
      x-content-type-options:
      - nosniff
      x-ms-keyvault-network-info:
      - addr=131.107.160.72;act_addr_fam=InterNetwork;
      x-ms-keyvault-region:
      - westus
      x-ms-keyvault-service-version:
      - 1.1.0.879
      x-powered-by:
      - ASP.NET
    status:
      code: 404
      message: Not Found
- request:
    body: null
    headers:
      Accept:
      - application/json
      Accept-Encoding:
      - gzip, deflate
      Connection:
      - keep-alive
      User-Agent:
      - azsdk-python-keyvault-keys/4.0.0 Python/3.7.4 (Windows-10-10.0.18362-SP0)
    method: GET
    uri: https://vault458ad70cc730c90fa1.vault.azure.net/deletedkeys/key3?api-version=7.0
  response:
    body:
      string: '{"recoveryId":"https://vault458ad70cc730c90fa1.vault.azure.net/deletedkeys/key3","deletedDate":1572544841,"scheduledPurgeDate":1580320841,"key":{"kid":"https://vault458ad70cc730c90fa1.vault.azure.net/keys/key3/4e1dc67301cb49778fcfaa4bdefebcf5","kty":"RSA","key_ops":["encrypt","decrypt","sign","verify","wrapKey","unwrapKey"],"n":"rsWjLkgCSFwELMmG4o44scyhsZ0HooEOnvCH5BK03HjM-qqc11n3RLZj0vj1HipvJ_wkoqTzEc2ib5fL_YoVzYgCIb7mvr0z5-Q33EBPJhqn8-W7IbatbD2CbzTsC7xZ7DMiUBydbVxVy3250lUi_wG7i9EGGc4A1HOLools0puIxF5GnmmKe1KhytlZci4RF8g1E7mWvu-vhcWM_c-eQUhWEipy9hY9tiG5dIpa-YhTFx1TvW07xfgCxgEPyFkpLu8t9sqZCkMAwqgjtsc14cbRr7lUh0Ns_4WYf03QEQbO-Cgjzw3HHnqrUNmTHDgfb_BhgtInRUmPAOXZaV4e8w","e":"AQAB"},"attributes":{"enabled":true,"created":1572544768,"updated":1572544768,"recoveryLevel":"Recoverable+Purgeable"}}'
    headers:
      cache-control:
      - no-cache
      content-length:
      - '799'
      content-type:
      - application/json; charset=utf-8
      date:
      - Thu, 31 Oct 2019 18:00:57 GMT
      expires:
      - '-1'
      pragma:
      - no-cache
      server:
      - Microsoft-IIS/10.0
      strict-transport-security:
      - max-age=31536000;includeSubDomains
      x-aspnet-version:
      - 4.0.30319
      x-content-type-options:
      - nosniff
      x-ms-keyvault-network-info:
      - addr=131.107.160.72;act_addr_fam=InterNetwork;
      x-ms-keyvault-region:
      - westus
      x-ms-keyvault-service-version:
      - 1.1.0.879
      x-powered-by:
      - ASP.NET
    status:
      code: 200
      message: OK
- request:
    body: null
    headers:
      Accept:
      - application/json
      Accept-Encoding:
      - gzip, deflate
      Connection:
      - keep-alive
      Content-Length:
      - '0'
      User-Agent:
      - azsdk-python-keyvault-keys/4.0.0 Python/3.7.4 (Windows-10-10.0.18362-SP0)
    method: DELETE
    uri: https://vault458ad70cc730c90fa1.vault.azure.net/keys/key4?api-version=7.0
  response:
    body:
      string: '{"recoveryId":"https://vault458ad70cc730c90fa1.vault.azure.net/deletedkeys/key4","deletedDate":1572544860,"scheduledPurgeDate":1580320860,"key":{"kid":"https://vault458ad70cc730c90fa1.vault.azure.net/keys/key4/bb4bf74109374a3da27674fea531ad63","kty":"RSA","key_ops":["encrypt","decrypt","sign","verify","wrapKey","unwrapKey"],"n":"qWg9lW74YkxgzG5A3kMrsPwsd1x_IYfSxd-9Y8NSBzBusWYEfvh8sAqlpkHrcOcyC4x6RBInUGWLPRL2g5J2tx_QmibouZ2a1nboQHeLmjHe114gE8ZljejPPdsTcDLbl9fmwHHfCf-Pbg2j27LMBqlSSoto-ZU05TU4TipUXcGfW3XFZHJrZayzm2bYR-H51zIzVhb7e8cScKd5_sMWGwD6QVzbXZLl660ts1eRGof510Qk4mXRmwYgFm2dL-LuoKpa6L9GrBBJSRBhmH2-KISdRX6QZkAX6D0c7QZ3BC9DbNYqgu75KCFV6Itotnp2baTiHYFvNB5dNhgdLclEXQ","e":"AQAB"},"attributes":{"enabled":true,"created":1572544768,"updated":1572544768,"recoveryLevel":"Recoverable+Purgeable"}}'
    headers:
      cache-control:
      - no-cache
      content-length:
      - '799'
      content-type:
      - application/json; charset=utf-8
      date:
      - Thu, 31 Oct 2019 18:00:59 GMT
      expires:
      - '-1'
      pragma:
      - no-cache
      server:
      - Microsoft-IIS/10.0
      strict-transport-security:
      - max-age=31536000;includeSubDomains
      x-aspnet-version:
      - 4.0.30319
      x-content-type-options:
      - nosniff
      x-ms-keyvault-network-info:
      - addr=131.107.160.72;act_addr_fam=InterNetwork;
      x-ms-keyvault-region:
      - westus
      x-ms-keyvault-service-version:
      - 1.1.0.879
      x-powered-by:
      - ASP.NET
    status:
      code: 200
      message: OK
- request:
    body: null
    headers:
      Accept:
      - application/json
      Accept-Encoding:
      - gzip, deflate
      Connection:
      - keep-alive
      User-Agent:
      - azsdk-python-keyvault-keys/4.0.0 Python/3.7.4 (Windows-10-10.0.18362-SP0)
    method: GET
    uri: https://vault458ad70cc730c90fa1.vault.azure.net/deletedkeys/key4?api-version=7.0
  response:
    body:
      string: '{"error":{"code":"KeyNotFound","message":"Deleted Key not found: key4"}}'
    headers:
      cache-control:
      - no-cache
      content-length:
      - '72'
      content-type:
      - application/json; charset=utf-8
      date:
      - Thu, 31 Oct 2019 18:00:59 GMT
      expires:
      - '-1'
      pragma:
      - no-cache
      server:
      - Microsoft-IIS/10.0
      strict-transport-security:
      - max-age=31536000;includeSubDomains
      x-aspnet-version:
      - 4.0.30319
      x-content-type-options:
      - nosniff
      x-ms-keyvault-network-info:
      - addr=131.107.160.72;act_addr_fam=InterNetwork;
      x-ms-keyvault-region:
      - westus
      x-ms-keyvault-service-version:
      - 1.1.0.879
      x-powered-by:
      - ASP.NET
    status:
      code: 404
      message: Not Found
- request:
    body: null
    headers:
      Accept:
      - application/json
      Accept-Encoding:
      - gzip, deflate
      Connection:
      - keep-alive
      User-Agent:
      - azsdk-python-keyvault-keys/4.0.0 Python/3.7.4 (Windows-10-10.0.18362-SP0)
    method: GET
    uri: https://vault458ad70cc730c90fa1.vault.azure.net/deletedkeys/key4?api-version=7.0
  response:
    body:
      string: '{"error":{"code":"KeyNotFound","message":"Deleted Key not found: key4"}}'
    headers:
      cache-control:
      - no-cache
      content-length:
      - '72'
      content-type:
      - application/json; charset=utf-8
      date:
      - Thu, 31 Oct 2019 18:01:02 GMT
      expires:
      - '-1'
      pragma:
      - no-cache
      server:
      - Microsoft-IIS/10.0
      strict-transport-security:
      - max-age=31536000;includeSubDomains
      x-aspnet-version:
      - 4.0.30319
      x-content-type-options:
      - nosniff
      x-ms-keyvault-network-info:
      - addr=131.107.160.72;act_addr_fam=InterNetwork;
      x-ms-keyvault-region:
      - westus
      x-ms-keyvault-service-version:
      - 1.1.0.879
      x-powered-by:
      - ASP.NET
    status:
      code: 404
      message: Not Found
- request:
    body: null
    headers:
      Accept:
      - application/json
      Accept-Encoding:
      - gzip, deflate
      Connection:
      - keep-alive
      User-Agent:
      - azsdk-python-keyvault-keys/4.0.0 Python/3.7.4 (Windows-10-10.0.18362-SP0)
    method: GET
    uri: https://vault458ad70cc730c90fa1.vault.azure.net/deletedkeys/key4?api-version=7.0
  response:
    body:
      string: '{"error":{"code":"KeyNotFound","message":"Deleted Key not found: key4"}}'
    headers:
      cache-control:
      - no-cache
      content-length:
      - '72'
      content-type:
      - application/json; charset=utf-8
      date:
      - Thu, 31 Oct 2019 18:01:04 GMT
      expires:
      - '-1'
      pragma:
      - no-cache
      server:
      - Microsoft-IIS/10.0
      strict-transport-security:
      - max-age=31536000;includeSubDomains
      x-aspnet-version:
      - 4.0.30319
      x-content-type-options:
      - nosniff
      x-ms-keyvault-network-info:
      - addr=131.107.160.72;act_addr_fam=InterNetwork;
      x-ms-keyvault-region:
      - westus
      x-ms-keyvault-service-version:
      - 1.1.0.879
      x-powered-by:
      - ASP.NET
    status:
      code: 404
      message: Not Found
- request:
    body: null
    headers:
      Accept:
      - application/json
      Accept-Encoding:
      - gzip, deflate
      Connection:
      - keep-alive
      User-Agent:
      - azsdk-python-keyvault-keys/4.0.0 Python/3.7.4 (Windows-10-10.0.18362-SP0)
    method: GET
    uri: https://vault458ad70cc730c90fa1.vault.azure.net/deletedkeys/key4?api-version=7.0
  response:
    body:
      string: '{"error":{"code":"KeyNotFound","message":"Deleted Key not found: key4"}}'
    headers:
      cache-control:
      - no-cache
      content-length:
      - '72'
      content-type:
      - application/json; charset=utf-8
      date:
      - Thu, 31 Oct 2019 18:01:06 GMT
      expires:
      - '-1'
      pragma:
      - no-cache
      server:
      - Microsoft-IIS/10.0
      strict-transport-security:
      - max-age=31536000;includeSubDomains
      x-aspnet-version:
      - 4.0.30319
      x-content-type-options:
      - nosniff
      x-ms-keyvault-network-info:
      - addr=131.107.160.72;act_addr_fam=InterNetwork;
      x-ms-keyvault-region:
      - westus
      x-ms-keyvault-service-version:
      - 1.1.0.879
      x-powered-by:
      - ASP.NET
    status:
      code: 404
      message: Not Found
- request:
    body: null
    headers:
      Accept:
      - application/json
      Accept-Encoding:
      - gzip, deflate
      Connection:
      - keep-alive
      User-Agent:
      - azsdk-python-keyvault-keys/4.0.0 Python/3.7.4 (Windows-10-10.0.18362-SP0)
    method: GET
    uri: https://vault458ad70cc730c90fa1.vault.azure.net/deletedkeys/key4?api-version=7.0
  response:
    body:
      string: '{"error":{"code":"KeyNotFound","message":"Deleted Key not found: key4"}}'
    headers:
      cache-control:
      - no-cache
      content-length:
      - '72'
      content-type:
      - application/json; charset=utf-8
      date:
      - Thu, 31 Oct 2019 18:01:08 GMT
      expires:
      - '-1'
      pragma:
      - no-cache
      server:
      - Microsoft-IIS/10.0
      strict-transport-security:
      - max-age=31536000;includeSubDomains
      x-aspnet-version:
      - 4.0.30319
      x-content-type-options:
      - nosniff
      x-ms-keyvault-network-info:
      - addr=131.107.160.72;act_addr_fam=InterNetwork;
      x-ms-keyvault-region:
      - westus
      x-ms-keyvault-service-version:
      - 1.1.0.879
      x-powered-by:
      - ASP.NET
    status:
      code: 404
      message: Not Found
- request:
    body: null
    headers:
      Accept:
      - application/json
      Accept-Encoding:
      - gzip, deflate
      Connection:
      - keep-alive
      User-Agent:
      - azsdk-python-keyvault-keys/4.0.0 Python/3.7.4 (Windows-10-10.0.18362-SP0)
    method: GET
    uri: https://vault458ad70cc730c90fa1.vault.azure.net/deletedkeys/key4?api-version=7.0
  response:
    body:
      string: '{"error":{"code":"KeyNotFound","message":"Deleted Key not found: key4"}}'
    headers:
      cache-control:
      - no-cache
      content-length:
      - '72'
      content-type:
      - application/json; charset=utf-8
      date:
      - Thu, 31 Oct 2019 18:01:10 GMT
      expires:
      - '-1'
      pragma:
      - no-cache
      server:
      - Microsoft-IIS/10.0
      strict-transport-security:
      - max-age=31536000;includeSubDomains
      x-aspnet-version:
      - 4.0.30319
      x-content-type-options:
      - nosniff
      x-ms-keyvault-network-info:
      - addr=131.107.160.72;act_addr_fam=InterNetwork;
      x-ms-keyvault-region:
      - westus
      x-ms-keyvault-service-version:
      - 1.1.0.879
      x-powered-by:
      - ASP.NET
    status:
      code: 404
      message: Not Found
- request:
    body: null
    headers:
      Accept:
      - application/json
      Accept-Encoding:
      - gzip, deflate
      Connection:
      - keep-alive
      User-Agent:
      - azsdk-python-keyvault-keys/4.0.0 Python/3.7.4 (Windows-10-10.0.18362-SP0)
    method: GET
    uri: https://vault458ad70cc730c90fa1.vault.azure.net/deletedkeys/key4?api-version=7.0
  response:
    body:
      string: '{"error":{"code":"KeyNotFound","message":"Deleted Key not found: key4"}}'
    headers:
      cache-control:
      - no-cache
      content-length:
      - '72'
      content-type:
      - application/json; charset=utf-8
      date:
      - Thu, 31 Oct 2019 18:01:12 GMT
      expires:
      - '-1'
      pragma:
      - no-cache
      server:
      - Microsoft-IIS/10.0
      strict-transport-security:
      - max-age=31536000;includeSubDomains
      x-aspnet-version:
      - 4.0.30319
      x-content-type-options:
      - nosniff
      x-ms-keyvault-network-info:
      - addr=131.107.160.72;act_addr_fam=InterNetwork;
      x-ms-keyvault-region:
      - westus
      x-ms-keyvault-service-version:
      - 1.1.0.879
      x-powered-by:
      - ASP.NET
    status:
      code: 404
      message: Not Found
- request:
    body: null
    headers:
      Accept:
      - application/json
      Accept-Encoding:
      - gzip, deflate
      Connection:
      - keep-alive
      User-Agent:
      - azsdk-python-keyvault-keys/4.0.0 Python/3.7.4 (Windows-10-10.0.18362-SP0)
    method: GET
    uri: https://vault458ad70cc730c90fa1.vault.azure.net/deletedkeys/key4?api-version=7.0
  response:
    body:
      string: '{"error":{"code":"KeyNotFound","message":"Deleted Key not found: key4"}}'
    headers:
      cache-control:
      - no-cache
      content-length:
      - '72'
      content-type:
      - application/json; charset=utf-8
      date:
      - Thu, 31 Oct 2019 18:01:14 GMT
      expires:
      - '-1'
      pragma:
      - no-cache
      server:
      - Microsoft-IIS/10.0
      strict-transport-security:
      - max-age=31536000;includeSubDomains
      x-aspnet-version:
      - 4.0.30319
      x-content-type-options:
      - nosniff
      x-ms-keyvault-network-info:
      - addr=131.107.160.72;act_addr_fam=InterNetwork;
      x-ms-keyvault-region:
      - westus
      x-ms-keyvault-service-version:
      - 1.1.0.879
      x-powered-by:
      - ASP.NET
    status:
      code: 404
      message: Not Found
- request:
    body: null
    headers:
      Accept:
      - application/json
      Accept-Encoding:
      - gzip, deflate
      Connection:
      - keep-alive
      User-Agent:
      - azsdk-python-keyvault-keys/4.0.0 Python/3.7.4 (Windows-10-10.0.18362-SP0)
    method: GET
    uri: https://vault458ad70cc730c90fa1.vault.azure.net/deletedkeys/key4?api-version=7.0
  response:
    body:
      string: '{"error":{"code":"KeyNotFound","message":"Deleted Key not found: key4"}}'
    headers:
      cache-control:
      - no-cache
      content-length:
      - '72'
      content-type:
      - application/json; charset=utf-8
      date:
      - Thu, 31 Oct 2019 18:01:16 GMT
      expires:
      - '-1'
      pragma:
      - no-cache
      server:
      - Microsoft-IIS/10.0
      strict-transport-security:
      - max-age=31536000;includeSubDomains
      x-aspnet-version:
      - 4.0.30319
      x-content-type-options:
      - nosniff
      x-ms-keyvault-network-info:
      - addr=131.107.160.72;act_addr_fam=InterNetwork;
      x-ms-keyvault-region:
      - westus
      x-ms-keyvault-service-version:
      - 1.1.0.879
      x-powered-by:
      - ASP.NET
    status:
      code: 404
      message: Not Found
- request:
    body: null
    headers:
      Accept:
      - application/json
      Accept-Encoding:
      - gzip, deflate
      Connection:
      - keep-alive
      User-Agent:
      - azsdk-python-keyvault-keys/4.0.0 Python/3.7.4 (Windows-10-10.0.18362-SP0)
    method: GET
    uri: https://vault458ad70cc730c90fa1.vault.azure.net/deletedkeys/key4?api-version=7.0
  response:
    body:
      string: '{"error":{"code":"KeyNotFound","message":"Deleted Key not found: key4"}}'
    headers:
      cache-control:
      - no-cache
      content-length:
      - '72'
      content-type:
      - application/json; charset=utf-8
      date:
      - Thu, 31 Oct 2019 18:01:18 GMT
      expires:
      - '-1'
      pragma:
      - no-cache
      server:
      - Microsoft-IIS/10.0
      strict-transport-security:
      - max-age=31536000;includeSubDomains
      x-aspnet-version:
      - 4.0.30319
      x-content-type-options:
      - nosniff
      x-ms-keyvault-network-info:
      - addr=131.107.160.72;act_addr_fam=InterNetwork;
      x-ms-keyvault-region:
      - westus
      x-ms-keyvault-service-version:
      - 1.1.0.879
      x-powered-by:
      - ASP.NET
    status:
      code: 404
      message: Not Found
- request:
    body: null
    headers:
      Accept:
      - application/json
      Accept-Encoding:
      - gzip, deflate
      Connection:
      - keep-alive
      User-Agent:
      - azsdk-python-keyvault-keys/4.0.0 Python/3.7.4 (Windows-10-10.0.18362-SP0)
    method: GET
    uri: https://vault458ad70cc730c90fa1.vault.azure.net/deletedkeys/key4?api-version=7.0
  response:
    body:
      string: '{"recoveryId":"https://vault458ad70cc730c90fa1.vault.azure.net/deletedkeys/key4","deletedDate":1572544860,"scheduledPurgeDate":1580320860,"key":{"kid":"https://vault458ad70cc730c90fa1.vault.azure.net/keys/key4/bb4bf74109374a3da27674fea531ad63","kty":"RSA","key_ops":["encrypt","decrypt","sign","verify","wrapKey","unwrapKey"],"n":"qWg9lW74YkxgzG5A3kMrsPwsd1x_IYfSxd-9Y8NSBzBusWYEfvh8sAqlpkHrcOcyC4x6RBInUGWLPRL2g5J2tx_QmibouZ2a1nboQHeLmjHe114gE8ZljejPPdsTcDLbl9fmwHHfCf-Pbg2j27LMBqlSSoto-ZU05TU4TipUXcGfW3XFZHJrZayzm2bYR-H51zIzVhb7e8cScKd5_sMWGwD6QVzbXZLl660ts1eRGof510Qk4mXRmwYgFm2dL-LuoKpa6L9GrBBJSRBhmH2-KISdRX6QZkAX6D0c7QZ3BC9DbNYqgu75KCFV6Itotnp2baTiHYFvNB5dNhgdLclEXQ","e":"AQAB"},"attributes":{"enabled":true,"created":1572544768,"updated":1572544768,"recoveryLevel":"Recoverable+Purgeable"}}'
    headers:
      cache-control:
      - no-cache
      content-length:
      - '799'
      content-type:
      - application/json; charset=utf-8
      date:
      - Thu, 31 Oct 2019 18:01:20 GMT
      expires:
      - '-1'
      pragma:
      - no-cache
      server:
      - Microsoft-IIS/10.0
      strict-transport-security:
      - max-age=31536000;includeSubDomains
      x-aspnet-version:
      - 4.0.30319
      x-content-type-options:
      - nosniff
      x-ms-keyvault-network-info:
      - addr=131.107.160.72;act_addr_fam=InterNetwork;
      x-ms-keyvault-region:
      - westus
      x-ms-keyvault-service-version:
      - 1.1.0.879
      x-powered-by:
      - ASP.NET
    status:
      code: 200
      message: OK
- request:
    body: null
    headers:
      Accept:
      - application/json
      Accept-Encoding:
      - gzip, deflate
      Connection:
      - keep-alive
      Content-Length:
      - '0'
      User-Agent:
      - azsdk-python-keyvault-keys/4.0.0 Python/3.7.4 (Windows-10-10.0.18362-SP0)
    method: DELETE
    uri: https://vault458ad70cc730c90fa1.vault.azure.net/keys/key5?api-version=7.0
  response:
    body:
      string: '{"recoveryId":"https://vault458ad70cc730c90fa1.vault.azure.net/deletedkeys/key5","deletedDate":1572544882,"scheduledPurgeDate":1580320882,"key":{"kid":"https://vault458ad70cc730c90fa1.vault.azure.net/keys/key5/4badccef9e7143c7804179725c606340","kty":"RSA","key_ops":["encrypt","decrypt","sign","verify","wrapKey","unwrapKey"],"n":"ug48hMJtsIZOpzQhUaptSJVPvx6aqp24YIlXrxeHzd8NbyM3ws5kB_FizkN0MvXV97KtYGyCBHs6LW4q6VSeSOdM4HstIIMwliQCt__9Awdcd22hBFVuWZoiZpNV4rn91YmPNw7iF4nPU0eHfb735quZ9cVahhyuPjLDp9N47YMJDvzfYrjdTIz6lBQfiCA031tpvLZc57T9aOpWsZroWhZjBuCEbe1MVgquUd308RZ6EnWI7Z0DU_p2Ksx4xmnCuEP2FPPP6DrAeyam42Qld76S9dLjE2aggwTtQIrNADCpO7WMSy_G46_AGa7gVLffy9EAIcpiYW2OzZdnTtdv8w","e":"AQAB"},"attributes":{"enabled":true,"created":1572544769,"updated":1572544769,"recoveryLevel":"Recoverable+Purgeable"}}'
    headers:
      cache-control:
      - no-cache
      content-length:
      - '799'
      content-type:
      - application/json; charset=utf-8
      date:
      - Thu, 31 Oct 2019 18:01:22 GMT
      expires:
      - '-1'
      pragma:
      - no-cache
      server:
      - Microsoft-IIS/10.0
      strict-transport-security:
      - max-age=31536000;includeSubDomains
      x-aspnet-version:
      - 4.0.30319
      x-content-type-options:
      - nosniff
      x-ms-keyvault-network-info:
      - addr=131.107.160.72;act_addr_fam=InterNetwork;
      x-ms-keyvault-region:
      - westus
      x-ms-keyvault-service-version:
      - 1.1.0.879
      x-powered-by:
      - ASP.NET
    status:
      code: 200
      message: OK
- request:
    body: null
    headers:
      Accept:
      - application/json
      Accept-Encoding:
      - gzip, deflate
      Connection:
      - keep-alive
      User-Agent:
      - azsdk-python-keyvault-keys/4.0.0 Python/3.7.4 (Windows-10-10.0.18362-SP0)
    method: GET
    uri: https://vault458ad70cc730c90fa1.vault.azure.net/deletedkeys/key5?api-version=7.0
  response:
    body:
      string: '{"error":{"code":"KeyNotFound","message":"Deleted Key not found: key5"}}'
    headers:
      cache-control:
      - no-cache
      content-length:
      - '72'
      content-type:
      - application/json; charset=utf-8
      date:
      - Thu, 31 Oct 2019 18:01:22 GMT
      expires:
      - '-1'
      pragma:
      - no-cache
      server:
      - Microsoft-IIS/10.0
      strict-transport-security:
      - max-age=31536000;includeSubDomains
      x-aspnet-version:
      - 4.0.30319
      x-content-type-options:
      - nosniff
      x-ms-keyvault-network-info:
      - addr=131.107.160.72;act_addr_fam=InterNetwork;
      x-ms-keyvault-region:
      - westus
      x-ms-keyvault-service-version:
      - 1.1.0.879
      x-powered-by:
      - ASP.NET
    status:
      code: 404
      message: Not Found
- request:
    body: null
    headers:
      Accept:
      - application/json
      Accept-Encoding:
      - gzip, deflate
      Connection:
      - keep-alive
      User-Agent:
      - azsdk-python-keyvault-keys/4.0.0 Python/3.7.4 (Windows-10-10.0.18362-SP0)
    method: GET
    uri: https://vault458ad70cc730c90fa1.vault.azure.net/deletedkeys/key5?api-version=7.0
  response:
    body:
      string: '{"error":{"code":"KeyNotFound","message":"Deleted Key not found: key5"}}'
    headers:
      cache-control:
      - no-cache
      content-length:
      - '72'
      content-type:
      - application/json; charset=utf-8
      date:
      - Thu, 31 Oct 2019 18:01:24 GMT
      expires:
      - '-1'
      pragma:
      - no-cache
      server:
      - Microsoft-IIS/10.0
      strict-transport-security:
      - max-age=31536000;includeSubDomains
      x-aspnet-version:
      - 4.0.30319
      x-content-type-options:
      - nosniff
      x-ms-keyvault-network-info:
      - addr=131.107.160.72;act_addr_fam=InterNetwork;
      x-ms-keyvault-region:
      - westus
      x-ms-keyvault-service-version:
      - 1.1.0.879
      x-powered-by:
      - ASP.NET
    status:
      code: 404
      message: Not Found
- request:
    body: null
    headers:
      Accept:
      - application/json
      Accept-Encoding:
      - gzip, deflate
      Connection:
      - keep-alive
      User-Agent:
      - azsdk-python-keyvault-keys/4.0.0 Python/3.7.4 (Windows-10-10.0.18362-SP0)
    method: GET
    uri: https://vault458ad70cc730c90fa1.vault.azure.net/deletedkeys/key5?api-version=7.0
  response:
    body:
      string: '{"error":{"code":"KeyNotFound","message":"Deleted Key not found: key5"}}'
    headers:
      cache-control:
      - no-cache
      content-length:
      - '72'
      content-type:
      - application/json; charset=utf-8
      date:
      - Thu, 31 Oct 2019 18:01:26 GMT
      expires:
      - '-1'
      pragma:
      - no-cache
      server:
      - Microsoft-IIS/10.0
      strict-transport-security:
      - max-age=31536000;includeSubDomains
      x-aspnet-version:
      - 4.0.30319
      x-content-type-options:
      - nosniff
      x-ms-keyvault-network-info:
      - addr=131.107.160.72;act_addr_fam=InterNetwork;
      x-ms-keyvault-region:
      - westus
      x-ms-keyvault-service-version:
      - 1.1.0.879
      x-powered-by:
      - ASP.NET
    status:
      code: 404
      message: Not Found
- request:
    body: null
    headers:
      Accept:
      - application/json
      Accept-Encoding:
      - gzip, deflate
      Connection:
      - keep-alive
      User-Agent:
      - azsdk-python-keyvault-keys/4.0.0 Python/3.7.4 (Windows-10-10.0.18362-SP0)
    method: GET
    uri: https://vault458ad70cc730c90fa1.vault.azure.net/deletedkeys/key5?api-version=7.0
  response:
    body:
      string: '{"error":{"code":"KeyNotFound","message":"Deleted Key not found: key5"}}'
    headers:
      cache-control:
      - no-cache
      content-length:
      - '72'
      content-type:
      - application/json; charset=utf-8
      date:
      - Thu, 31 Oct 2019 18:01:28 GMT
      expires:
      - '-1'
      pragma:
      - no-cache
      server:
      - Microsoft-IIS/10.0
      strict-transport-security:
      - max-age=31536000;includeSubDomains
      x-aspnet-version:
      - 4.0.30319
      x-content-type-options:
      - nosniff
      x-ms-keyvault-network-info:
      - addr=131.107.160.72;act_addr_fam=InterNetwork;
      x-ms-keyvault-region:
      - westus
      x-ms-keyvault-service-version:
      - 1.1.0.879
      x-powered-by:
      - ASP.NET
    status:
      code: 404
      message: Not Found
- request:
    body: null
    headers:
      Accept:
      - application/json
      Accept-Encoding:
      - gzip, deflate
      Connection:
      - keep-alive
      User-Agent:
      - azsdk-python-keyvault-keys/4.0.0 Python/3.7.4 (Windows-10-10.0.18362-SP0)
    method: GET
    uri: https://vault458ad70cc730c90fa1.vault.azure.net/deletedkeys/key5?api-version=7.0
  response:
    body:
      string: '{"error":{"code":"KeyNotFound","message":"Deleted Key not found: key5"}}'
    headers:
      cache-control:
      - no-cache
      content-length:
      - '72'
      content-type:
      - application/json; charset=utf-8
      date:
      - Thu, 31 Oct 2019 18:01:30 GMT
      expires:
      - '-1'
      pragma:
      - no-cache
      server:
      - Microsoft-IIS/10.0
      strict-transport-security:
      - max-age=31536000;includeSubDomains
      x-aspnet-version:
      - 4.0.30319
      x-content-type-options:
      - nosniff
      x-ms-keyvault-network-info:
      - addr=131.107.160.72;act_addr_fam=InterNetwork;
      x-ms-keyvault-region:
      - westus
      x-ms-keyvault-service-version:
      - 1.1.0.879
      x-powered-by:
      - ASP.NET
    status:
      code: 404
      message: Not Found
- request:
    body: null
    headers:
      Accept:
      - application/json
      Accept-Encoding:
      - gzip, deflate
      Connection:
      - keep-alive
      User-Agent:
      - azsdk-python-keyvault-keys/4.0.0 Python/3.7.4 (Windows-10-10.0.18362-SP0)
    method: GET
    uri: https://vault458ad70cc730c90fa1.vault.azure.net/deletedkeys/key5?api-version=7.0
  response:
    body:
      string: '{"error":{"code":"KeyNotFound","message":"Deleted Key not found: key5"}}'
    headers:
      cache-control:
      - no-cache
      content-length:
      - '72'
      content-type:
      - application/json; charset=utf-8
      date:
      - Thu, 31 Oct 2019 18:01:32 GMT
      expires:
      - '-1'
      pragma:
      - no-cache
      server:
      - Microsoft-IIS/10.0
      strict-transport-security:
      - max-age=31536000;includeSubDomains
      x-aspnet-version:
      - 4.0.30319
      x-content-type-options:
      - nosniff
      x-ms-keyvault-network-info:
      - addr=131.107.160.72;act_addr_fam=InterNetwork;
      x-ms-keyvault-region:
      - westus
      x-ms-keyvault-service-version:
      - 1.1.0.879
      x-powered-by:
      - ASP.NET
    status:
      code: 404
      message: Not Found
- request:
    body: null
    headers:
      Accept:
      - application/json
      Accept-Encoding:
      - gzip, deflate
      Connection:
      - keep-alive
      User-Agent:
      - azsdk-python-keyvault-keys/4.0.0 Python/3.7.4 (Windows-10-10.0.18362-SP0)
    method: GET
    uri: https://vault458ad70cc730c90fa1.vault.azure.net/deletedkeys/key5?api-version=7.0
  response:
    body:
      string: '{"error":{"code":"KeyNotFound","message":"Deleted Key not found: key5"}}'
    headers:
      cache-control:
      - no-cache
      content-length:
      - '72'
      content-type:
      - application/json; charset=utf-8
      date:
      - Thu, 31 Oct 2019 18:01:34 GMT
      expires:
      - '-1'
      pragma:
      - no-cache
      server:
      - Microsoft-IIS/10.0
      strict-transport-security:
      - max-age=31536000;includeSubDomains
      x-aspnet-version:
      - 4.0.30319
      x-content-type-options:
      - nosniff
      x-ms-keyvault-network-info:
      - addr=131.107.160.72;act_addr_fam=InterNetwork;
      x-ms-keyvault-region:
      - westus
      x-ms-keyvault-service-version:
      - 1.1.0.879
      x-powered-by:
      - ASP.NET
    status:
      code: 404
      message: Not Found
- request:
    body: null
    headers:
      Accept:
      - application/json
      Accept-Encoding:
      - gzip, deflate
      Connection:
      - keep-alive
      User-Agent:
      - azsdk-python-keyvault-keys/4.0.0 Python/3.7.4 (Windows-10-10.0.18362-SP0)
    method: GET
    uri: https://vault458ad70cc730c90fa1.vault.azure.net/deletedkeys/key5?api-version=7.0
  response:
    body:
      string: '{"error":{"code":"KeyNotFound","message":"Deleted Key not found: key5"}}'
    headers:
      cache-control:
      - no-cache
      content-length:
      - '72'
      content-type:
      - application/json; charset=utf-8
      date:
      - Thu, 31 Oct 2019 18:01:36 GMT
      expires:
      - '-1'
      pragma:
      - no-cache
      server:
      - Microsoft-IIS/10.0
      strict-transport-security:
      - max-age=31536000;includeSubDomains
      x-aspnet-version:
      - 4.0.30319
      x-content-type-options:
      - nosniff
      x-ms-keyvault-network-info:
      - addr=131.107.160.72;act_addr_fam=InterNetwork;
      x-ms-keyvault-region:
      - westus
      x-ms-keyvault-service-version:
      - 1.1.0.879
      x-powered-by:
      - ASP.NET
    status:
      code: 404
      message: Not Found
- request:
    body: null
    headers:
      Accept:
      - application/json
      Accept-Encoding:
      - gzip, deflate
      Connection:
      - keep-alive
      User-Agent:
      - azsdk-python-keyvault-keys/4.0.0 Python/3.7.4 (Windows-10-10.0.18362-SP0)
    method: GET
    uri: https://vault458ad70cc730c90fa1.vault.azure.net/deletedkeys/key5?api-version=7.0
  response:
    body:
      string: '{"error":{"code":"KeyNotFound","message":"Deleted Key not found: key5"}}'
    headers:
      cache-control:
      - no-cache
      content-length:
      - '72'
      content-type:
      - application/json; charset=utf-8
      date:
      - Thu, 31 Oct 2019 18:01:38 GMT
      expires:
      - '-1'
      pragma:
      - no-cache
      server:
      - Microsoft-IIS/10.0
      strict-transport-security:
      - max-age=31536000;includeSubDomains
      x-aspnet-version:
      - 4.0.30319
      x-content-type-options:
      - nosniff
      x-ms-keyvault-network-info:
      - addr=131.107.160.72;act_addr_fam=InterNetwork;
      x-ms-keyvault-region:
      - westus
      x-ms-keyvault-service-version:
      - 1.1.0.879
      x-powered-by:
      - ASP.NET
    status:
      code: 404
      message: Not Found
- request:
    body: null
    headers:
      Accept:
      - application/json
      Accept-Encoding:
      - gzip, deflate
      Connection:
      - keep-alive
      User-Agent:
      - azsdk-python-keyvault-keys/4.0.0 Python/3.7.4 (Windows-10-10.0.18362-SP0)
    method: GET
    uri: https://vault458ad70cc730c90fa1.vault.azure.net/deletedkeys/key5?api-version=7.0
  response:
    body:
      string: '{"error":{"code":"KeyNotFound","message":"Deleted Key not found: key5"}}'
    headers:
      cache-control:
      - no-cache
      content-length:
      - '72'
      content-type:
      - application/json; charset=utf-8
      date:
      - Thu, 31 Oct 2019 18:01:40 GMT
      expires:
      - '-1'
      pragma:
      - no-cache
      server:
      - Microsoft-IIS/10.0
      strict-transport-security:
      - max-age=31536000;includeSubDomains
      x-aspnet-version:
      - 4.0.30319
      x-content-type-options:
      - nosniff
      x-ms-keyvault-network-info:
      - addr=131.107.160.72;act_addr_fam=InterNetwork;
      x-ms-keyvault-region:
      - westus
      x-ms-keyvault-service-version:
      - 1.1.0.879
      x-powered-by:
      - ASP.NET
    status:
      code: 404
      message: Not Found
- request:
    body: null
    headers:
      Accept:
      - application/json
      Accept-Encoding:
      - gzip, deflate
      Connection:
      - keep-alive
      User-Agent:
      - azsdk-python-keyvault-keys/4.0.0 Python/3.7.4 (Windows-10-10.0.18362-SP0)
    method: GET
    uri: https://vault458ad70cc730c90fa1.vault.azure.net/deletedkeys/key5?api-version=7.0
  response:
    body:
      string: '{"error":{"code":"KeyNotFound","message":"Deleted Key not found: key5"}}'
    headers:
      cache-control:
      - no-cache
      content-length:
      - '72'
      content-type:
      - application/json; charset=utf-8
      date:
      - Thu, 31 Oct 2019 18:01:42 GMT
      expires:
      - '-1'
      pragma:
      - no-cache
      server:
      - Microsoft-IIS/10.0
      strict-transport-security:
      - max-age=31536000;includeSubDomains
      x-aspnet-version:
      - 4.0.30319
      x-content-type-options:
      - nosniff
      x-ms-keyvault-network-info:
      - addr=131.107.160.72;act_addr_fam=InterNetwork;
      x-ms-keyvault-region:
      - westus
      x-ms-keyvault-service-version:
      - 1.1.0.879
      x-powered-by:
      - ASP.NET
    status:
      code: 404
      message: Not Found
- request:
    body: null
    headers:
      Accept:
      - application/json
      Accept-Encoding:
      - gzip, deflate
      Connection:
      - keep-alive
      User-Agent:
      - azsdk-python-keyvault-keys/4.0.0 Python/3.7.4 (Windows-10-10.0.18362-SP0)
    method: GET
    uri: https://vault458ad70cc730c90fa1.vault.azure.net/deletedkeys/key5?api-version=7.0
  response:
    body:
      string: '{"error":{"code":"KeyNotFound","message":"Deleted Key not found: key5"}}'
    headers:
      cache-control:
      - no-cache
      content-length:
      - '72'
      content-type:
      - application/json; charset=utf-8
      date:
      - Thu, 31 Oct 2019 18:01:44 GMT
      expires:
      - '-1'
      pragma:
      - no-cache
      server:
      - Microsoft-IIS/10.0
      strict-transport-security:
      - max-age=31536000;includeSubDomains
      x-aspnet-version:
      - 4.0.30319
      x-content-type-options:
      - nosniff
      x-ms-keyvault-network-info:
      - addr=131.107.160.72;act_addr_fam=InterNetwork;
      x-ms-keyvault-region:
      - westus
      x-ms-keyvault-service-version:
      - 1.1.0.879
      x-powered-by:
      - ASP.NET
    status:
      code: 404
      message: Not Found
- request:
    body: null
    headers:
      Accept:
      - application/json
      Accept-Encoding:
      - gzip, deflate
      Connection:
      - keep-alive
      User-Agent:
      - azsdk-python-keyvault-keys/4.0.0 Python/3.7.4 (Windows-10-10.0.18362-SP0)
    method: GET
    uri: https://vault458ad70cc730c90fa1.vault.azure.net/deletedkeys/key5?api-version=7.0
  response:
    body:
      string: '{"recoveryId":"https://vault458ad70cc730c90fa1.vault.azure.net/deletedkeys/key5","deletedDate":1572544882,"scheduledPurgeDate":1580320882,"key":{"kid":"https://vault458ad70cc730c90fa1.vault.azure.net/keys/key5/4badccef9e7143c7804179725c606340","kty":"RSA","key_ops":["encrypt","decrypt","sign","verify","wrapKey","unwrapKey"],"n":"ug48hMJtsIZOpzQhUaptSJVPvx6aqp24YIlXrxeHzd8NbyM3ws5kB_FizkN0MvXV97KtYGyCBHs6LW4q6VSeSOdM4HstIIMwliQCt__9Awdcd22hBFVuWZoiZpNV4rn91YmPNw7iF4nPU0eHfb735quZ9cVahhyuPjLDp9N47YMJDvzfYrjdTIz6lBQfiCA031tpvLZc57T9aOpWsZroWhZjBuCEbe1MVgquUd308RZ6EnWI7Z0DU_p2Ksx4xmnCuEP2FPPP6DrAeyam42Qld76S9dLjE2aggwTtQIrNADCpO7WMSy_G46_AGa7gVLffy9EAIcpiYW2OzZdnTtdv8w","e":"AQAB"},"attributes":{"enabled":true,"created":1572544769,"updated":1572544769,"recoveryLevel":"Recoverable+Purgeable"}}'
    headers:
      cache-control:
      - no-cache
      content-length:
      - '799'
      content-type:
      - application/json; charset=utf-8
      date:
      - Thu, 31 Oct 2019 18:01:47 GMT
      expires:
      - '-1'
      pragma:
      - no-cache
      server:
      - Microsoft-IIS/10.0
      strict-transport-security:
      - max-age=31536000;includeSubDomains
      x-aspnet-version:
      - 4.0.30319
      x-content-type-options:
      - nosniff
      x-ms-keyvault-network-info:
      - addr=131.107.160.72;act_addr_fam=InterNetwork;
      x-ms-keyvault-region:
      - westus
      x-ms-keyvault-service-version:
      - 1.1.0.879
      x-powered-by:
      - ASP.NET
    status:
      code: 200
      message: OK
- request:
    body: null
    headers:
      Accept:
      - application/json
      Accept-Encoding:
      - gzip, deflate
      Connection:
      - keep-alive
      Content-Length:
      - '0'
      User-Agent:
      - azsdk-python-keyvault-keys/4.0.0 Python/3.7.4 (Windows-10-10.0.18362-SP0)
    method: DELETE
    uri: https://vault458ad70cc730c90fa1.vault.azure.net/keys/key6?api-version=7.0
  response:
    body:
      string: '{"recoveryId":"https://vault458ad70cc730c90fa1.vault.azure.net/deletedkeys/key6","deletedDate":1572544909,"scheduledPurgeDate":1580320909,"key":{"kid":"https://vault458ad70cc730c90fa1.vault.azure.net/keys/key6/14ec6ffe5d904751a570dbefe7b3c3b0","kty":"RSA","key_ops":["encrypt","decrypt","sign","verify","wrapKey","unwrapKey"],"n":"9z2wFncr4V775ehksgDHN48niJr4ExnBf6jMncfNeMdQgnEwxtHqfTTSAYIdDMDeWjSaUBdYYxB67i9t1PbfsVbfLfOXn_XsIVLx4syErZlUDHFVTpcnBzrGtANaVcgLi5S0YEcFUXa4XNtIxYn81kc92UACI-NKSY-z43ri5KTdJFXv_BPf8ofvBOIkIwnF1jiljqxGyzD1pv119YZdQ9TISVi144_vJ6ItO4SsDt_uOri059SC-NXMBH1GG3i7HqB3EBAZLKx7lzjqspJQGMiF7he9uaxPHknWvLjg0KNwzS0-l5dfD0M1GHwB0O46cIGNjMZbjPrKU2u5_7R5Zw","e":"AQAB"},"attributes":{"enabled":true,"created":1572544769,"updated":1572544769,"recoveryLevel":"Recoverable+Purgeable"}}'
    headers:
      cache-control:
      - no-cache
      content-length:
      - '799'
      content-type:
      - application/json; charset=utf-8
      date:
      - Thu, 31 Oct 2019 18:01:49 GMT
      expires:
      - '-1'
      pragma:
      - no-cache
      server:
      - Microsoft-IIS/10.0
      strict-transport-security:
      - max-age=31536000;includeSubDomains
      x-aspnet-version:
      - 4.0.30319
      x-content-type-options:
      - nosniff
      x-ms-keyvault-network-info:
      - addr=131.107.160.72;act_addr_fam=InterNetwork;
      x-ms-keyvault-region:
      - westus
      x-ms-keyvault-service-version:
      - 1.1.0.879
      x-powered-by:
      - ASP.NET
    status:
      code: 200
      message: OK
- request:
    body: null
    headers:
      Accept:
      - application/json
      Accept-Encoding:
      - gzip, deflate
      Connection:
      - keep-alive
      User-Agent:
      - azsdk-python-keyvault-keys/4.0.0 Python/3.7.4 (Windows-10-10.0.18362-SP0)
    method: GET
    uri: https://vault458ad70cc730c90fa1.vault.azure.net/deletedkeys/key6?api-version=7.0
  response:
    body:
      string: '{"error":{"code":"KeyNotFound","message":"Deleted Key not found: key6"}}'
    headers:
      cache-control:
      - no-cache
      content-length:
      - '72'
      content-type:
      - application/json; charset=utf-8
      date:
      - Thu, 31 Oct 2019 18:01:49 GMT
      expires:
      - '-1'
      pragma:
      - no-cache
      server:
      - Microsoft-IIS/10.0
      strict-transport-security:
      - max-age=31536000;includeSubDomains
      x-aspnet-version:
      - 4.0.30319
      x-content-type-options:
      - nosniff
      x-ms-keyvault-network-info:
      - addr=131.107.160.72;act_addr_fam=InterNetwork;
      x-ms-keyvault-region:
      - westus
      x-ms-keyvault-service-version:
      - 1.1.0.879
      x-powered-by:
      - ASP.NET
    status:
      code: 404
      message: Not Found
- request:
    body: null
    headers:
      Accept:
      - application/json
      Accept-Encoding:
      - gzip, deflate
      Connection:
      - keep-alive
      User-Agent:
      - azsdk-python-keyvault-keys/4.0.0 Python/3.7.4 (Windows-10-10.0.18362-SP0)
    method: GET
    uri: https://vault458ad70cc730c90fa1.vault.azure.net/deletedkeys/key6?api-version=7.0
  response:
    body:
      string: '{"error":{"code":"KeyNotFound","message":"Deleted Key not found: key6"}}'
    headers:
      cache-control:
      - no-cache
      content-length:
      - '72'
      content-type:
      - application/json; charset=utf-8
      date:
      - Thu, 31 Oct 2019 18:01:51 GMT
      expires:
      - '-1'
      pragma:
      - no-cache
      server:
      - Microsoft-IIS/10.0
      strict-transport-security:
      - max-age=31536000;includeSubDomains
      x-aspnet-version:
      - 4.0.30319
      x-content-type-options:
      - nosniff
      x-ms-keyvault-network-info:
      - addr=131.107.160.72;act_addr_fam=InterNetwork;
      x-ms-keyvault-region:
      - westus
      x-ms-keyvault-service-version:
      - 1.1.0.879
      x-powered-by:
      - ASP.NET
    status:
      code: 404
      message: Not Found
- request:
    body: null
    headers:
      Accept:
      - application/json
      Accept-Encoding:
      - gzip, deflate
      Connection:
      - keep-alive
      User-Agent:
      - azsdk-python-keyvault-keys/4.0.0 Python/3.7.4 (Windows-10-10.0.18362-SP0)
    method: GET
    uri: https://vault458ad70cc730c90fa1.vault.azure.net/deletedkeys/key6?api-version=7.0
  response:
    body:
      string: '{"error":{"code":"KeyNotFound","message":"Deleted Key not found: key6"}}'
    headers:
      cache-control:
      - no-cache
      content-length:
      - '72'
      content-type:
      - application/json; charset=utf-8
      date:
      - Thu, 31 Oct 2019 18:01:53 GMT
      expires:
      - '-1'
      pragma:
      - no-cache
      server:
      - Microsoft-IIS/10.0
      strict-transport-security:
      - max-age=31536000;includeSubDomains
      x-aspnet-version:
      - 4.0.30319
      x-content-type-options:
      - nosniff
      x-ms-keyvault-network-info:
      - addr=131.107.160.72;act_addr_fam=InterNetwork;
      x-ms-keyvault-region:
      - westus
      x-ms-keyvault-service-version:
      - 1.1.0.879
      x-powered-by:
      - ASP.NET
    status:
      code: 404
      message: Not Found
- request:
    body: null
    headers:
      Accept:
      - application/json
      Accept-Encoding:
      - gzip, deflate
      Connection:
      - keep-alive
      User-Agent:
      - azsdk-python-keyvault-keys/4.0.0 Python/3.7.4 (Windows-10-10.0.18362-SP0)
    method: GET
    uri: https://vault458ad70cc730c90fa1.vault.azure.net/deletedkeys/key6?api-version=7.0
  response:
    body:
      string: '{"error":{"code":"KeyNotFound","message":"Deleted Key not found: key6"}}'
    headers:
      cache-control:
      - no-cache
      content-length:
      - '72'
      content-type:
      - application/json; charset=utf-8
      date:
      - Thu, 31 Oct 2019 18:01:55 GMT
      expires:
      - '-1'
      pragma:
      - no-cache
      server:
      - Microsoft-IIS/10.0
      strict-transport-security:
      - max-age=31536000;includeSubDomains
      x-aspnet-version:
      - 4.0.30319
      x-content-type-options:
      - nosniff
      x-ms-keyvault-network-info:
      - addr=131.107.160.72;act_addr_fam=InterNetwork;
      x-ms-keyvault-region:
      - westus
      x-ms-keyvault-service-version:
      - 1.1.0.879
      x-powered-by:
      - ASP.NET
    status:
      code: 404
      message: Not Found
- request:
    body: null
    headers:
      Accept:
      - application/json
      Accept-Encoding:
      - gzip, deflate
      Connection:
      - keep-alive
      User-Agent:
      - azsdk-python-keyvault-keys/4.0.0 Python/3.7.4 (Windows-10-10.0.18362-SP0)
    method: GET
    uri: https://vault458ad70cc730c90fa1.vault.azure.net/deletedkeys/key6?api-version=7.0
  response:
    body:
      string: '{"error":{"code":"KeyNotFound","message":"Deleted Key not found: key6"}}'
    headers:
      cache-control:
      - no-cache
      content-length:
      - '72'
      content-type:
      - application/json; charset=utf-8
      date:
      - Thu, 31 Oct 2019 18:01:58 GMT
      expires:
      - '-1'
      pragma:
      - no-cache
      server:
      - Microsoft-IIS/10.0
      strict-transport-security:
      - max-age=31536000;includeSubDomains
      x-aspnet-version:
      - 4.0.30319
      x-content-type-options:
      - nosniff
      x-ms-keyvault-network-info:
      - addr=131.107.160.72;act_addr_fam=InterNetwork;
      x-ms-keyvault-region:
      - westus
      x-ms-keyvault-service-version:
      - 1.1.0.879
      x-powered-by:
      - ASP.NET
    status:
      code: 404
      message: Not Found
- request:
    body: null
    headers:
      Accept:
      - application/json
      Accept-Encoding:
      - gzip, deflate
      Connection:
      - keep-alive
      User-Agent:
      - azsdk-python-keyvault-keys/4.0.0 Python/3.7.4 (Windows-10-10.0.18362-SP0)
    method: GET
    uri: https://vault458ad70cc730c90fa1.vault.azure.net/deletedkeys/key6?api-version=7.0
  response:
    body:
      string: '{"error":{"code":"KeyNotFound","message":"Deleted Key not found: key6"}}'
    headers:
      cache-control:
      - no-cache
      content-length:
      - '72'
      content-type:
      - application/json; charset=utf-8
      date:
      - Thu, 31 Oct 2019 18:02:00 GMT
      expires:
      - '-1'
      pragma:
      - no-cache
      server:
      - Microsoft-IIS/10.0
      strict-transport-security:
      - max-age=31536000;includeSubDomains
      x-aspnet-version:
      - 4.0.30319
      x-content-type-options:
      - nosniff
      x-ms-keyvault-network-info:
      - addr=131.107.160.72;act_addr_fam=InterNetwork;
      x-ms-keyvault-region:
      - westus
      x-ms-keyvault-service-version:
      - 1.1.0.879
      x-powered-by:
      - ASP.NET
    status:
      code: 404
      message: Not Found
- request:
    body: null
    headers:
      Accept:
      - application/json
      Accept-Encoding:
      - gzip, deflate
      Connection:
      - keep-alive
      User-Agent:
      - azsdk-python-keyvault-keys/4.0.0 Python/3.7.4 (Windows-10-10.0.18362-SP0)
    method: GET
    uri: https://vault458ad70cc730c90fa1.vault.azure.net/deletedkeys/key6?api-version=7.0
  response:
    body:
      string: '{"error":{"code":"KeyNotFound","message":"Deleted Key not found: key6"}}'
    headers:
      cache-control:
      - no-cache
      content-length:
      - '72'
      content-type:
      - application/json; charset=utf-8
      date:
      - Thu, 31 Oct 2019 18:02:02 GMT
      expires:
      - '-1'
      pragma:
      - no-cache
      server:
      - Microsoft-IIS/10.0
      strict-transport-security:
      - max-age=31536000;includeSubDomains
      x-aspnet-version:
      - 4.0.30319
      x-content-type-options:
      - nosniff
      x-ms-keyvault-network-info:
      - addr=131.107.160.72;act_addr_fam=InterNetwork;
      x-ms-keyvault-region:
      - westus
      x-ms-keyvault-service-version:
      - 1.1.0.879
      x-powered-by:
      - ASP.NET
    status:
      code: 404
      message: Not Found
- request:
    body: null
    headers:
      Accept:
      - application/json
      Accept-Encoding:
      - gzip, deflate
      Connection:
      - keep-alive
      User-Agent:
      - azsdk-python-keyvault-keys/4.0.0 Python/3.7.4 (Windows-10-10.0.18362-SP0)
    method: GET
    uri: https://vault458ad70cc730c90fa1.vault.azure.net/deletedkeys/key6?api-version=7.0
  response:
    body:
      string: '{"error":{"code":"KeyNotFound","message":"Deleted Key not found: key6"}}'
    headers:
      cache-control:
      - no-cache
      content-length:
      - '72'
      content-type:
      - application/json; charset=utf-8
      date:
      - Thu, 31 Oct 2019 18:02:04 GMT
      expires:
      - '-1'
      pragma:
      - no-cache
      server:
      - Microsoft-IIS/10.0
      strict-transport-security:
      - max-age=31536000;includeSubDomains
      x-aspnet-version:
      - 4.0.30319
      x-content-type-options:
      - nosniff
      x-ms-keyvault-network-info:
      - addr=131.107.160.72;act_addr_fam=InterNetwork;
      x-ms-keyvault-region:
      - westus
      x-ms-keyvault-service-version:
      - 1.1.0.879
      x-powered-by:
      - ASP.NET
    status:
      code: 404
      message: Not Found
- request:
    body: null
    headers:
      Accept:
      - application/json
      Accept-Encoding:
      - gzip, deflate
      Connection:
      - keep-alive
      User-Agent:
      - azsdk-python-keyvault-keys/4.0.0 Python/3.7.4 (Windows-10-10.0.18362-SP0)
    method: GET
    uri: https://vault458ad70cc730c90fa1.vault.azure.net/deletedkeys/key6?api-version=7.0
  response:
    body:
      string: '{"error":{"code":"KeyNotFound","message":"Deleted Key not found: key6"}}'
    headers:
      cache-control:
      - no-cache
      content-length:
      - '72'
      content-type:
      - application/json; charset=utf-8
      date:
      - Thu, 31 Oct 2019 18:02:06 GMT
      expires:
      - '-1'
      pragma:
      - no-cache
      server:
      - Microsoft-IIS/10.0
      strict-transport-security:
      - max-age=31536000;includeSubDomains
      x-aspnet-version:
      - 4.0.30319
      x-content-type-options:
      - nosniff
      x-ms-keyvault-network-info:
      - addr=131.107.160.72;act_addr_fam=InterNetwork;
      x-ms-keyvault-region:
      - westus
      x-ms-keyvault-service-version:
      - 1.1.0.879
      x-powered-by:
      - ASP.NET
    status:
      code: 404
      message: Not Found
- request:
    body: null
    headers:
      Accept:
      - application/json
      Accept-Encoding:
      - gzip, deflate
      Connection:
      - keep-alive
      User-Agent:
      - azsdk-python-keyvault-keys/4.0.0 Python/3.7.4 (Windows-10-10.0.18362-SP0)
    method: GET
    uri: https://vault458ad70cc730c90fa1.vault.azure.net/deletedkeys/key6?api-version=7.0
  response:
    body:
      string: '{"error":{"code":"KeyNotFound","message":"Deleted Key not found: key6"}}'
    headers:
      cache-control:
      - no-cache
      content-length:
      - '72'
      content-type:
      - application/json; charset=utf-8
      date:
      - Thu, 31 Oct 2019 18:02:08 GMT
      expires:
      - '-1'
      pragma:
      - no-cache
      server:
      - Microsoft-IIS/10.0
      strict-transport-security:
      - max-age=31536000;includeSubDomains
      x-aspnet-version:
      - 4.0.30319
      x-content-type-options:
      - nosniff
      x-ms-keyvault-network-info:
      - addr=131.107.160.72;act_addr_fam=InterNetwork;
      x-ms-keyvault-region:
      - westus
      x-ms-keyvault-service-version:
      - 1.1.0.879
      x-powered-by:
      - ASP.NET
    status:
      code: 404
      message: Not Found
- request:
    body: null
    headers:
      Accept:
      - application/json
      Accept-Encoding:
      - gzip, deflate
      Connection:
      - keep-alive
      User-Agent:
      - azsdk-python-keyvault-keys/4.0.0 Python/3.7.4 (Windows-10-10.0.18362-SP0)
    method: GET
    uri: https://vault458ad70cc730c90fa1.vault.azure.net/deletedkeys/key6?api-version=7.0
  response:
    body:
      string: '{"recoveryId":"https://vault458ad70cc730c90fa1.vault.azure.net/deletedkeys/key6","deletedDate":1572544909,"scheduledPurgeDate":1580320909,"key":{"kid":"https://vault458ad70cc730c90fa1.vault.azure.net/keys/key6/14ec6ffe5d904751a570dbefe7b3c3b0","kty":"RSA","key_ops":["encrypt","decrypt","sign","verify","wrapKey","unwrapKey"],"n":"9z2wFncr4V775ehksgDHN48niJr4ExnBf6jMncfNeMdQgnEwxtHqfTTSAYIdDMDeWjSaUBdYYxB67i9t1PbfsVbfLfOXn_XsIVLx4syErZlUDHFVTpcnBzrGtANaVcgLi5S0YEcFUXa4XNtIxYn81kc92UACI-NKSY-z43ri5KTdJFXv_BPf8ofvBOIkIwnF1jiljqxGyzD1pv119YZdQ9TISVi144_vJ6ItO4SsDt_uOri059SC-NXMBH1GG3i7HqB3EBAZLKx7lzjqspJQGMiF7he9uaxPHknWvLjg0KNwzS0-l5dfD0M1GHwB0O46cIGNjMZbjPrKU2u5_7R5Zw","e":"AQAB"},"attributes":{"enabled":true,"created":1572544769,"updated":1572544769,"recoveryLevel":"Recoverable+Purgeable"}}'
    headers:
      cache-control:
      - no-cache
      content-length:
      - '799'
      content-type:
      - application/json; charset=utf-8
      date:
      - Thu, 31 Oct 2019 18:02:10 GMT
      expires:
      - '-1'
      pragma:
      - no-cache
      server:
      - Microsoft-IIS/10.0
      strict-transport-security:
      - max-age=31536000;includeSubDomains
      x-aspnet-version:
      - 4.0.30319
      x-content-type-options:
      - nosniff
      x-ms-keyvault-network-info:
      - addr=131.107.160.72;act_addr_fam=InterNetwork;
      x-ms-keyvault-region:
      - westus
      x-ms-keyvault-service-version:
      - 1.1.0.879
      x-powered-by:
      - ASP.NET
    status:
      code: 200
      message: OK
- request:
    body: null
    headers:
      Accept:
      - application/json
      Accept-Encoding:
      - gzip, deflate
      Connection:
      - keep-alive
      User-Agent:
      - azsdk-python-keyvault-keys/4.0.0 Python/3.7.4 (Windows-10-10.0.18362-SP0)
    method: GET
    uri: https://vault458ad70cc730c90fa1.vault.azure.net/deletedkeys?api-version=7.0
  response:
    body:
      string: '{"value":[{"recoveryId":"https://vault458ad70cc730c90fa1.vault.azure.net/deletedkeys/key0","deletedDate":1572544769,"scheduledPurgeDate":1580320769,"kid":"https://vault458ad70cc730c90fa1.vault.azure.net/keys/key0","attributes":{"enabled":true,"created":1572544768,"updated":1572544768,"recoveryLevel":"Recoverable+Purgeable"}},{"recoveryId":"https://vault458ad70cc730c90fa1.vault.azure.net/deletedkeys/key1","deletedDate":1572544794,"scheduledPurgeDate":1580320794,"kid":"https://vault458ad70cc730c90fa1.vault.azure.net/keys/key1","attributes":{"enabled":true,"created":1572544768,"updated":1572544768,"recoveryLevel":"Recoverable+Purgeable"}},{"recoveryId":"https://vault458ad70cc730c90fa1.vault.azure.net/deletedkeys/key2","deletedDate":1572544816,"scheduledPurgeDate":1580320816,"kid":"https://vault458ad70cc730c90fa1.vault.azure.net/keys/key2","attributes":{"enabled":true,"created":1572544768,"updated":1572544768,"recoveryLevel":"Recoverable+Purgeable"}},{"recoveryId":"https://vault458ad70cc730c90fa1.vault.azure.net/deletedkeys/key3","deletedDate":1572544841,"scheduledPurgeDate":1580320841,"kid":"https://vault458ad70cc730c90fa1.vault.azure.net/keys/key3","attributes":{"enabled":true,"created":1572544768,"updated":1572544768,"recoveryLevel":"Recoverable+Purgeable"}},{"recoveryId":"https://vault458ad70cc730c90fa1.vault.azure.net/deletedkeys/key4","deletedDate":1572544860,"scheduledPurgeDate":1580320860,"kid":"https://vault458ad70cc730c90fa1.vault.azure.net/keys/key4","attributes":{"enabled":true,"created":1572544768,"updated":1572544768,"recoveryLevel":"Recoverable+Purgeable"}},{"recoveryId":"https://vault458ad70cc730c90fa1.vault.azure.net/deletedkeys/key5","deletedDate":1572544882,"scheduledPurgeDate":1580320882,"kid":"https://vault458ad70cc730c90fa1.vault.azure.net/keys/key5","attributes":{"enabled":true,"created":1572544769,"updated":1572544769,"recoveryLevel":"Recoverable+Purgeable"}},{"recoveryId":"https://vault458ad70cc730c90fa1.vault.azure.net/deletedkeys/key6","deletedDate":1572544909,"scheduledPurgeDate":1580320909,"kid":"https://vault458ad70cc730c90fa1.vault.azure.net/keys/key6","attributes":{"enabled":true,"created":1572544769,"updated":1572544769,"recoveryLevel":"Recoverable+Purgeable"}}],"nextLink":null}'
    headers:
      cache-control:
      - no-cache
      content-length:
      - '2246'
      content-type:
      - application/json; charset=utf-8
      date:
      - Thu, 31 Oct 2019 18:02:12 GMT
      expires:
      - '-1'
      pragma:
      - no-cache
      server:
      - Microsoft-IIS/10.0
      strict-transport-security:
      - max-age=31536000;includeSubDomains
      x-aspnet-version:
      - 4.0.30319
      x-content-type-options:
      - nosniff
      x-ms-keyvault-network-info:
      - addr=131.107.160.72;act_addr_fam=InterNetwork;
      x-ms-keyvault-region:
      - westus
      x-ms-keyvault-service-version:
      - 1.1.0.879
      x-powered-by:
      - ASP.NET
    status:
      code: 200
      message: OK
- request:
    body: null
    headers:
      Accept:
      - application/json
      Accept-Encoding:
      - gzip, deflate
      Connection:
      - keep-alive
      User-Agent:
      - azsdk-python-keyvault-keys/4.0.0 Python/3.7.4 (Windows-10-10.0.18362-SP0)
    method: GET
    uri: https://vault458ad70cc730c90fa1.vault.azure.net/deletedkeys?api-version=7.0
  response:
    body:
      string: '{"value":[{"recoveryId":"https://vault458ad70cc730c90fa1.vault.azure.net/deletedkeys/key0","deletedDate":1572544769,"scheduledPurgeDate":1580320769,"kid":"https://vault458ad70cc730c90fa1.vault.azure.net/keys/key0","attributes":{"enabled":true,"created":1572544768,"updated":1572544768,"recoveryLevel":"Recoverable+Purgeable"}},{"recoveryId":"https://vault458ad70cc730c90fa1.vault.azure.net/deletedkeys/key1","deletedDate":1572544794,"scheduledPurgeDate":1580320794,"kid":"https://vault458ad70cc730c90fa1.vault.azure.net/keys/key1","attributes":{"enabled":true,"created":1572544768,"updated":1572544768,"recoveryLevel":"Recoverable+Purgeable"}},{"recoveryId":"https://vault458ad70cc730c90fa1.vault.azure.net/deletedkeys/key2","deletedDate":1572544816,"scheduledPurgeDate":1580320816,"kid":"https://vault458ad70cc730c90fa1.vault.azure.net/keys/key2","attributes":{"enabled":true,"created":1572544768,"updated":1572544768,"recoveryLevel":"Recoverable+Purgeable"}},{"recoveryId":"https://vault458ad70cc730c90fa1.vault.azure.net/deletedkeys/key3","deletedDate":1572544841,"scheduledPurgeDate":1580320841,"kid":"https://vault458ad70cc730c90fa1.vault.azure.net/keys/key3","attributes":{"enabled":true,"created":1572544768,"updated":1572544768,"recoveryLevel":"Recoverable+Purgeable"}},{"recoveryId":"https://vault458ad70cc730c90fa1.vault.azure.net/deletedkeys/key4","deletedDate":1572544860,"scheduledPurgeDate":1580320860,"kid":"https://vault458ad70cc730c90fa1.vault.azure.net/keys/key4","attributes":{"enabled":true,"created":1572544768,"updated":1572544768,"recoveryLevel":"Recoverable+Purgeable"}},{"recoveryId":"https://vault458ad70cc730c90fa1.vault.azure.net/deletedkeys/key5","deletedDate":1572544882,"scheduledPurgeDate":1580320882,"kid":"https://vault458ad70cc730c90fa1.vault.azure.net/keys/key5","attributes":{"enabled":true,"created":1572544769,"updated":1572544769,"recoveryLevel":"Recoverable+Purgeable"}},{"recoveryId":"https://vault458ad70cc730c90fa1.vault.azure.net/deletedkeys/key6","deletedDate":1572544909,"scheduledPurgeDate":1580320909,"kid":"https://vault458ad70cc730c90fa1.vault.azure.net/keys/key6","attributes":{"enabled":true,"created":1572544769,"updated":1572544769,"recoveryLevel":"Recoverable+Purgeable"}}],"nextLink":null}'
    headers:
      cache-control:
      - no-cache
      content-length:
      - '2246'
      content-type:
      - application/json; charset=utf-8
      date:
      - Thu, 31 Oct 2019 18:02:12 GMT
      expires:
      - '-1'
      pragma:
      - no-cache
      server:
      - Microsoft-IIS/10.0
      strict-transport-security:
      - max-age=31536000;includeSubDomains
      x-aspnet-version:
      - 4.0.30319
      x-content-type-options:
      - nosniff
      x-ms-keyvault-network-info:
      - addr=131.107.160.72;act_addr_fam=InterNetwork;
      x-ms-keyvault-region:
      - westus
      x-ms-keyvault-service-version:
      - 1.1.0.879
      x-powered-by:
      - ASP.NET
    status:
      code: 200
      message: OK
version: 1
