interactions:
- request:
    body: null
    headers:
      Accept:
      - application/json
      Content-Length:
      - '0'
      Content-Type:
      - application/json
      User-Agent:
      - azsdk-python-keyvault-keys/4.3.2 Python/3.5.3 (Windows-10-10.0.19041-SP0)
    method: POST
    uri: https://vaultname.vault.azure.netkeys/livekvtestwrap-local569a108d/create?api-version=7.1
  response:
    body:
      string: '{"error":{"code":"Unauthorized","message":"Request is missing a Bearer
        or PoP token."}}'
    headers:
      cache-control: no-cache
      content-length: '87'
      content-type: application/json; charset=utf-8
      date: Fri, 05 Feb 2021 01:13:44 GMT
      expires: '-1'
      pragma: no-cache
      strict-transport-security: max-age=31536000;includeSubDomains
      www-authenticate: Bearer authorization="https://login.windows.net/72f988bf-86f1-41af-91ab-2d7cd011db47",
        resource="https://vault.azure.net"
      x-content-type-options: nosniff
      x-ms-keyvault-network-info: conn_type=Ipv4;addr=174.127.232.53;act_addr_fam=InterNetwork;
      x-ms-keyvault-region: northeurope
      x-ms-keyvault-service-version: 1.2.139.0
      x-powered-by: ASP.NET
    status:
      code: 401
      message: Unauthorized
    url: https://mcpatinotest.vault.azure.net/keys/livekvtestwrap-local569a108d/create?api-version=7.1
- request:
    body: '{"kty": "RSA", "key_size": 4096}'
    headers:
      Accept:
      - application/json
      Content-Length:
      - '32'
      Content-Type:
      - application/json
      User-Agent:
      - azsdk-python-keyvault-keys/4.3.2 Python/3.5.3 (Windows-10-10.0.19041-SP0)
    method: POST
    uri: https://vaultname.vault.azure.netkeys/livekvtestwrap-local569a108d/create?api-version=7.1
  response:
    body:
      string: '{"key":{"kid":"https://vaultname.vault.azure.netkeys/livekvtestwrap-local569a108d/f9a772ed353646c78e7156955e3f33e2","kty":"RSA","key_ops":["encrypt","decrypt","sign","verify","wrapKey","unwrapKey"],"n":"z-f8Czte_oNHkaPtB4FgnvUtajbEJbppTLqSJR7O1pl6WiO1xs5FNKIkUIlZD0FYMxKnP7Xr2VH1ZOX3aUz37Ti16gqyE9Uva2B6YvqhTtgQExx9YmHgZwOV8exjzw7UygbR7mRmG3zo6LtsEQwu9n8xnRO48DL0O99F-Kwh83QQC9QGJ6YTBbC1n_Gj3q1yDelNHs3UdWoNYfFmH7L5VYmNT4UXQKG3F6vgUUh0mSjNceevsSYBiaZOHNLDoF1GZ-FTNvzY-0n3HyQwRGJXYWL6iN2cBQFDyqliy2ukzK60M-EEAuR7nqR7_DZaL8D3FS3vD4jx42s0COKU143yBabTVfPWSX1repaU3918sLJF4MlKWV15IsDbCDAA4_kVSH-Z2gkHwClxbNkhViceDY8KNEAzj4quIUY8FpomgK1weWSq_KsF_XCdz8RBUlTRkmfED_OWFLIuq0fgN03RA3WfMpaFqH9MyhaVt3V0nBAow0TlaccmIGIQgCbu4gfXB7wuPzvywD-cEnSbCpOeRgGp_luKhEHJjTURtAdOa0KxV6CQ73ZB57a5Mie9hGs8jEhNj-iFRMhaB_Cu0GEMagDzdN47caCBarZ0BxiMnwAPDbfUKHPnRInvQPVbUpPxPnr1_imfAe5Vw3Yu0KXbWLScR_F8eMxi9xrAi9ouCNk","e":"AQAB"},"attributes":{"enabled":true,"created":1612487624,"updated":1612487624,"recoveryLevel":"Recoverable+Purgeable","recoverableDays":90}}'
    headers:
      cache-control: no-cache
      content-length: '1037'
      content-type: application/json; charset=utf-8
      date: Fri, 05 Feb 2021 01:13:45 GMT
      expires: '-1'
      pragma: no-cache
      strict-transport-security: max-age=31536000;includeSubDomains
      x-content-type-options: nosniff
      x-ms-keyvault-network-info: conn_type=Ipv4;addr=174.127.232.53;act_addr_fam=InterNetwork;
      x-ms-keyvault-region: northeurope
      x-ms-keyvault-service-version: 1.2.139.0
      x-powered-by: ASP.NET
    status:
      code: 200
      message: OK
    url: https://mcpatinotest.vault.azure.net/keys/livekvtestwrap-local569a108d/create?api-version=7.1
- request:
    body: '{"alg": "RSA-OAEP", "value": "Njt1NMnYM9OMH9eQkvs98gcvyyPZ2uJb08wfswMgvTw2HyJa8Lp4K5UJu0r4QVB-rpu5FP6zOBRQdJMVNZFZ_5x0Oo0vN1TdwwvK7ttteNWSXwFXcjjYvOgmKIV358lpLWlfk3ZScGBQlyPrVDTeWbpntu--ebuDNM3caWD5k5oeeHEMtCZceFbiCNqJaDcEbHe46OBuFf1-YlDGxhlYibjOMi-9jTWWHy9RN1NAYROFMSOOn2f5XvyENWGPslSsKgCE911pmLffJ7CV1lBHxWYW_rFHmijXA0ECokRUpVf5DaznRiYfz6cFQHkiuV2wqMRgDlu3yrYR7gX3z-2nooXHS5-CGlCXex1uwBKXMqC8xp0Pmw6LUz-TS2eC9CmYAo4cA-5I5FzJryL2yQkcOgvDN_843kuQ61tht9yVQMUU9HwS5Hh5T1l-jbrprbhcNix3iOtbxTFU83iGuUq29N-vNE4IQfxV9YZ281H9OLNcmcjDeMizgzAjHjfj-CjcnrLtgmZ9pl1nTcwXMFZj8Q6nDmKN1RgbpLyu7wMj6YMu4tM--S2ACbYKR7LHuBjHXPomnE6qgRFa-AW3n9Ftd3EKxx2yh_sq8In9PY9JlY2-HFJ8IVupQdswXWesYJCuqCAUM00T20Y6vu1hj_e6xHTroxeMPRfqAJ1NsUNoAN4"}'
    headers:
      Accept:
      - application/json
      Content-Length:
      - '715'
      Content-Type:
      - application/json
      User-Agent:
      - azsdk-python-keyvault-keys/4.3.2 Python/3.5.3 (Windows-10-10.0.19041-SP0)
    method: POST
    uri: https://vaultname.vault.azure.netkeys/livekvtestwrap-local569a108d/f9a772ed353646c78e7156955e3f33e2/unwrapkey?api-version=7.1
  response:
    body:
      string: '{"kid":"https://vaultname.vault.azure.netkeys/livekvtestwrap-local569a108d/f9a772ed353646c78e7156955e3f33e2","value":"NTA2M2U2YWFhODQ1ZjE1MDIwMDU0Nzk0NGZkMTk5Njc5Yzk4ZWQ2Zjk5ZGEwYTBiMmRhZmVhZjFmNDY4NDQ5NmZkNTMyYzFjMjI5OTY4Y2I5ZGVlNDQ5NTdmY2VmN2NjZWY1OWNlZGEwYjM2MmU1NmJjZDc4ZmQzZmFlZTU3ODFjNjIzYzBiYjIyYjM1YmVhYmRlMDY2NGZkMzBlMGU4MjRhYmEzZGQxYjBhZmZmYzRhM2Q5NTVlZGUyMGNmNmE4NTRkNTJjZmQ"}'
    headers:
      cache-control: no-cache
      content-length: '391'
      content-type: application/json; charset=utf-8
      date: Fri, 05 Feb 2021 01:13:45 GMT
      expires: '-1'
      pragma: no-cache
      strict-transport-security: max-age=31536000;includeSubDomains
      x-content-type-options: nosniff
      x-ms-keyvault-network-info: conn_type=Ipv4;addr=174.127.232.53;act_addr_fam=InterNetwork;
      x-ms-keyvault-region: northeurope
      x-ms-keyvault-service-version: 1.2.139.0
      x-powered-by: ASP.NET
    status:
      code: 200
      message: OK
    url: https://mcpatinotest.vault.azure.net/keys/livekvtestwrap-local569a108d/f9a772ed353646c78e7156955e3f33e2/unwrapkey?api-version=7.1
- request:
    body: '{"alg": "RSA-OAEP-256", "value": "XFIepoBh_-ABGqWvS8SZDxBA1wtViSSCQQoyBJsTuv3ArytibkpTfe7BUN7B1syDJToFF5sVISFvaFSTRowZXe6IFk5pGs4rcwr8jJ5WHs2lSOIrm6kFvEMGBsB7k1w9CrS1OCgLl9CF-6ILuVbK_BGYokgZAJjm2YDglXtpfTOPlla-PQfmhvVc7QqND5cwuR_O8JezMBeSp6hWRAFVCio0MdliWEUKTJqDEmeV4bzgDsajXRrUml4G0VyMKQ9Hf9MT4ZuJ8_jMYrDawB8nFhoi0itS-eoQ9bnrJURJXwazjLKxnD2fzrXQliNEhQXCzZIX4Kc-3eQYEHeG1Aj48yi-ZokrdHjKGVuNSnOo3BPUzleH21vNgrWqHKDgl5mLKJW_Yj5qBsFD29eGk9-bOsPBBAdhmboBvpeqNqSlBAp2Bqy9Xz4JO9Tj3S6zdbBur-fAIZwKyvw0bHEob917ZUynYJCXJ_O5uPjUC-E1ZuLPHqek9DAwhy2yuu1YW2pLkzlhSDZII6X0zd0f0CfDFhpG3zIbLA0xZhPBa0DR5Q1-oyj1IdVP3vhxjyYuU4ilIa7pVQJsvIh8flTehreQpgz9Cw7_N6nJZHWpWXwiJLifzZwdxv9fupKJnwPR7JO1YVN2jh97In2XbkhJj5wzwuZmXvkqCOHb6jmQhazZ-mM"}'
    headers:
      Accept:
      - application/json
      Content-Length:
      - '719'
      Content-Type:
      - application/json
      User-Agent:
      - azsdk-python-keyvault-keys/4.3.2 Python/3.5.3 (Windows-10-10.0.19041-SP0)
    method: POST
    uri: https://vaultname.vault.azure.netkeys/livekvtestwrap-local569a108d/f9a772ed353646c78e7156955e3f33e2/unwrapkey?api-version=7.1
  response:
    body:
      string: '{"kid":"https://vaultname.vault.azure.netkeys/livekvtestwrap-local569a108d/f9a772ed353646c78e7156955e3f33e2","value":"NTA2M2U2YWFhODQ1ZjE1MDIwMDU0Nzk0NGZkMTk5Njc5Yzk4ZWQ2Zjk5ZGEwYTBiMmRhZmVhZjFmNDY4NDQ5NmZkNTMyYzFjMjI5OTY4Y2I5ZGVlNDQ5NTdmY2VmN2NjZWY1OWNlZGEwYjM2MmU1NmJjZDc4ZmQzZmFlZTU3ODFjNjIzYzBiYjIyYjM1YmVhYmRlMDY2NGZkMzBlMGU4MjRhYmEzZGQxYjBhZmZmYzRhM2Q5NTVlZGUyMGNmNmE4NTRkNTJjZmQ"}'
    headers:
      cache-control: no-cache
      content-length: '391'
      content-type: application/json; charset=utf-8
      date: Fri, 05 Feb 2021 01:13:45 GMT
      expires: '-1'
      pragma: no-cache
      strict-transport-security: max-age=31536000;includeSubDomains
      x-content-type-options: nosniff
      x-ms-keyvault-network-info: conn_type=Ipv4;addr=174.127.232.53;act_addr_fam=InterNetwork;
      x-ms-keyvault-region: northeurope
      x-ms-keyvault-service-version: 1.2.139.0
      x-powered-by: ASP.NET
    status:
      code: 200
      message: OK
    url: https://mcpatinotest.vault.azure.net/keys/livekvtestwrap-local569a108d/f9a772ed353646c78e7156955e3f33e2/unwrapkey?api-version=7.1
- request:
    body: '{"alg": "RSA1_5", "value": "Q5G1tm40c9rQfzteG2umUiieJAdNoz8GtirA64S4Q-Bpem2n1qOoJ2SFDYwHcW9_Z4ZpZy1aKH9534foydEl5w39-BDr1CvWVUsoXoUYR-xmx7GR4tNTeTrEPSpAiuMjHeMoq9oS3Pz6O4GwIB83QO_-QTDT2JG4ZRrXzjWt9fMUybTuqdj8vZCLjpFOR3RWkq8cuLFkTqHpH7ZxzuQM2OrjPD6SDMKXJLwV01AWQ5VyaQRCb2JtZRnzfFslZWF5mzFXlHxatE1zbJyfCOhsmFNmM-vT4qaRzcs2LXLS6ayEmo1iNTliEVf9ty_WWsK_qvh9h40pPso4PkSt_y8l19zEijZa_QWQbWP397IotLBquk3PJvVt26wOcJFsmmpZl-cFT9GGhvrHtsO4XkZa2VYWpEmo-01uFk958VzW2W6RDyfbMflZN41ILV3B9v9demUimDDGvAwto97lHGq4PqH7JMNwK73-SJ6LJwbBUo5UW9gWj-88-wjLPyiGpCSLV4VRV1ELy6N2-r0FEC7oYOmk1viPKhV6cCMe1i86ccKGmGlQ86Nkt4_lvMdcD6tV7J1PToaXgqSzHNiATlf68lS8pZBO5ohKsoDigjQHoDKCgsAad8QWJM1qW6EzNsNL7WaJgJvo6vPKst12UrzEgHtbgT0maj_wa2U2M6TyTog"}'
    headers:
      Accept:
      - application/json
      Content-Length:
      - '713'
      Content-Type:
      - application/json
      User-Agent:
      - azsdk-python-keyvault-keys/4.3.2 Python/3.5.3 (Windows-10-10.0.19041-SP0)
    method: POST
    uri: https://vaultname.vault.azure.netkeys/livekvtestwrap-local569a108d/f9a772ed353646c78e7156955e3f33e2/unwrapkey?api-version=7.1
  response:
    body:
      string: '{"kid":"https://vaultname.vault.azure.netkeys/livekvtestwrap-local569a108d/f9a772ed353646c78e7156955e3f33e2","value":"NTA2M2U2YWFhODQ1ZjE1MDIwMDU0Nzk0NGZkMTk5Njc5Yzk4ZWQ2Zjk5ZGEwYTBiMmRhZmVhZjFmNDY4NDQ5NmZkNTMyYzFjMjI5OTY4Y2I5ZGVlNDQ5NTdmY2VmN2NjZWY1OWNlZGEwYjM2MmU1NmJjZDc4ZmQzZmFlZTU3ODFjNjIzYzBiYjIyYjM1YmVhYmRlMDY2NGZkMzBlMGU4MjRhYmEzZGQxYjBhZmZmYzRhM2Q5NTVlZGUyMGNmNmE4NTRkNTJjZmQ"}'
    headers:
      cache-control: no-cache
      content-length: '391'
      content-type: application/json; charset=utf-8
      date: Fri, 05 Feb 2021 01:13:45 GMT
      expires: '-1'
      pragma: no-cache
      strict-transport-security: max-age=31536000;includeSubDomains
      x-content-type-options: nosniff
      x-ms-keyvault-network-info: conn_type=Ipv4;addr=174.127.232.53;act_addr_fam=InterNetwork;
      x-ms-keyvault-region: northeurope
      x-ms-keyvault-service-version: 1.2.139.0
      x-powered-by: ASP.NET
    status:
      code: 200
      message: OK
    url: https://mcpatinotest.vault.azure.net/keys/livekvtestwrap-local569a108d/f9a772ed353646c78e7156955e3f33e2/unwrapkey?api-version=7.1
version: 1
