interactions:
- request:
    body: null
    headers:
      Accept:
      - application/json
      Accept-Encoding:
      - gzip, deflate
      Connection:
      - keep-alive
      Content-Length:
      - '0'
      Content-Type:
      - application/json
      User-Agent:
      - azsdk-python-keyvault-keys/4.4.0b5 Python/3.5.3 (Windows-10-10.0.19041-SP0)
    method: POST
    uri: https://vaultname.vault.azure.net/keys/livekvtestrsakey970b11b7/create?api-version=7.1
  response:
    body:
      string: '{"error":{"code":"Unauthorized","message":"Request is missing a Bearer
        or PoP token."}}'
    headers:
      cache-control:
      - no-cache
      content-length:
      - '87'
      content-type:
      - application/json; charset=utf-8
      date:
      - Mon, 19 Apr 2021 20:51:18 GMT
      expires:
      - '-1'
      pragma:
      - no-cache
      strict-transport-security:
      - max-age=31536000;includeSubDomains
      www-authenticate:
      - Bearer authorization="https://login.windows.net/72f988bf-86f1-41af-91ab-2d7cd011db47",
        resource="https://vault.azure.net"
      x-content-type-options:
      - nosniff
      x-ms-keyvault-network-info:
      - conn_type=Ipv4;addr=172.92.159.124;act_addr_fam=InterNetwork;
      x-ms-keyvault-region:
      - eastus2
      x-ms-keyvault-service-version:
      - 1.2.236.0
      x-powered-by:
      - ASP.NET
    status:
      code: 401
      message: Unauthorized
- request:
    body: '{"kty": "RSA"}'
    headers:
      Accept:
      - application/json
      Accept-Encoding:
      - gzip, deflate
      Connection:
      - keep-alive
      Content-Length:
      - '14'
      Content-Type:
      - application/json
      User-Agent:
      - azsdk-python-keyvault-keys/4.4.0b5 Python/3.5.3 (Windows-10-10.0.19041-SP0)
    method: POST
    uri: https://vaultname.vault.azure.net/keys/livekvtestrsakey970b11b7/create?api-version=7.1
  response:
    body:
      string: '{"key":{"kid":"https://vaultname.vault.azure.net/keys/livekvtestrsakey970b11b7/f7bd7a564d734c2f8083ddd939262d0b","kty":"RSA","key_ops":["encrypt","decrypt","sign","verify","wrapKey","unwrapKey"],"n":"2Cq79imhQANuJTwVZb_qdFJAUU53U5RcsNCFX8UpqVdm_77YPWkZq_9vCkxBIJQV7sAtObmOWXD5K7Bao5ddMyTa_UzWn2FG9JkuRQlfWxlrxeA4LMwASBKDiSxY7chuVVdLsTlw4R1e3ZN1zpyCWlRFlTtGF8sTfCjYn9yPyncovgPdW5JxWwoblLRN03-xfquoqkRbYHuBC8HeMVRKsN84krAIlf10aMCSCbixSNt65-PTI-JFxB-JpGNgo1M3fpmvWwnrIVjiSWw4jAk9eTcljQeRKQfMv90K3AY5N2K7ZZpy3vSaLK20tOcmhMntP4acive5ugu9Z7TIAJYFkQ","e":"AQAB"},"attributes":{"enabled":true,"created":1618865480,"updated":1618865480,"recoveryLevel":"Recoverable+Purgeable","recoverableDays":90}}'
    headers:
      cache-control:
      - no-cache
      content-length:
      - '692'
      content-type:
      - application/json; charset=utf-8
      date:
      - Mon, 19 Apr 2021 20:51:19 GMT
      expires:
      - '-1'
      pragma:
      - no-cache
      strict-transport-security:
      - max-age=31536000;includeSubDomains
      x-content-type-options:
      - nosniff
      x-ms-keyvault-network-info:
      - conn_type=Ipv4;addr=172.92.159.124;act_addr_fam=InterNetwork;
      x-ms-keyvault-region:
      - eastus2
      x-ms-keyvault-service-version:
      - 1.2.236.0
      x-powered-by:
      - ASP.NET
    status:
      code: 200
      message: OK
- request:
    body: null
    headers:
      Accept:
      - application/json
      Accept-Encoding:
      - gzip, deflate
      Connection:
      - keep-alive
      User-Agent:
      - azsdk-python-keyvault-keys/4.4.0b5 Python/3.5.3 (Windows-10-10.0.19041-SP0)
    method: GET
    uri: https://vaultname.vault.azure.net/keys/livekvtestrsakey970b11b7/f7bd7a564d734c2f8083ddd939262d0b?api-version=7.2-preview
  response:
    body:
      string: '{"key":{"kid":"https://vaultname.vault.azure.net/keys/livekvtestrsakey970b11b7/f7bd7a564d734c2f8083ddd939262d0b","kty":"RSA","key_ops":["encrypt","decrypt","sign","verify","wrapKey","unwrapKey"],"n":"2Cq79imhQANuJTwVZb_qdFJAUU53U5RcsNCFX8UpqVdm_77YPWkZq_9vCkxBIJQV7sAtObmOWXD5K7Bao5ddMyTa_UzWn2FG9JkuRQlfWxlrxeA4LMwASBKDiSxY7chuVVdLsTlw4R1e3ZN1zpyCWlRFlTtGF8sTfCjYn9yPyncovgPdW5JxWwoblLRN03-xfquoqkRbYHuBC8HeMVRKsN84krAIlf10aMCSCbixSNt65-PTI-JFxB-JpGNgo1M3fpmvWwnrIVjiSWw4jAk9eTcljQeRKQfMv90K3AY5N2K7ZZpy3vSaLK20tOcmhMntP4acive5ugu9Z7TIAJYFkQ","e":"AQAB"},"attributes":{"enabled":true,"created":1618865480,"updated":1618865480,"recoveryLevel":"Recoverable+Purgeable","recoverableDays":90}}'
    headers:
      cache-control:
      - no-cache
      content-length:
      - '692'
      content-type:
      - application/json; charset=utf-8
      date:
      - Mon, 19 Apr 2021 20:51:20 GMT
      expires:
      - '-1'
      pragma:
      - no-cache
      strict-transport-security:
      - max-age=31536000;includeSubDomains
      x-content-type-options:
      - nosniff
      x-ms-keyvault-network-info:
      - conn_type=Ipv4;addr=172.92.159.124;act_addr_fam=InterNetwork;
      x-ms-keyvault-region:
      - eastus2
      x-ms-keyvault-service-version:
      - 1.2.236.0
      x-powered-by:
      - ASP.NET
    status:
      code: 200
      message: OK
version: 1
