interactions:
- request:
    body: null
    headers:
      Accept:
      - application/json
      Content-Length:
      - '0'
      Content-Type:
      - application/json; charset=utf-8
      User-Agent:
      - azsdk-python-keyvault-keys/4.0.0b5 Python/3.6.6 (Windows-10-10.0.18362-SP0)
    method: POST
    uri: https://vault458ad70cc756281625.vault.azure.net/keys/crypto-test-encrypt-key56281625/create?api-version=7.0
  response:
    body:
      string: '{"error":{"code":"Unauthorized","message":"Request is missing a Bearer
        or PoP token."}}'
    headers:
      cache-control: no-cache
      content-length: '87'
      content-type: application/json; charset=utf-8
      date: Mon, 21 Oct 2019 22:54:28 GMT
      expires: '-1'
      pragma: no-cache
      server: Microsoft-IIS/10.0
      strict-transport-security: max-age=31536000;includeSubDomains
      www-authenticate: Bearer authorization="https://login.windows.net/72f988bf-86f1-41af-91ab-2d7cd011db47",
        resource="https://vault.azure.net"
      x-aspnet-version: 4.0.30319
      x-content-type-options: nosniff
      x-ms-keyvault-network-info: addr=131.107.160.72;act_addr_fam=InterNetwork;
      x-ms-keyvault-region: westus
      x-ms-keyvault-service-version: 1.1.0.879
      x-powered-by: ASP.NET
    status:
      code: 401
      message: Unauthorized
    url: !!python/object/new:yarl.URL
      state: !!python/tuple
      - !!python/object/new:urllib.parse.SplitResult
        - https
        - vault458ad70cc756281625.vault.azure.net
        - /keys/crypto-test-encrypt-key56281625/create
        - api-version=7.0
        - ''
- request:
    body: '{"kty": "RSA"}'
    headers:
      Accept:
      - application/json
      Content-Length:
      - '14'
      Content-Type:
      - application/json; charset=utf-8
      User-Agent:
      - azsdk-python-keyvault-keys/4.0.0b5 Python/3.6.6 (Windows-10-10.0.18362-SP0)
    method: POST
    uri: https://vault458ad70cc756281625.vault.azure.net/keys/crypto-test-encrypt-key56281625/create?api-version=7.0
  response:
    body:
      string: '{"key":{"kid":"https://vault458ad70cc756281625.vault.azure.net/keys/crypto-test-encrypt-key56281625/ea0f8233dc9341449bad9eafe4d5cf25","kty":"RSA","key_ops":["encrypt","decrypt","sign","verify","wrapKey","unwrapKey"],"n":"rmcBzKE6KJyIHnk8Wm_nT7yY0uj8tS6_l1oSbrC4Mlzug84l5_6SNt69pTnfG1d7A6M8K42a5gOhm5XtdVCkdHYznR_Yw6ijIoWXZfcMsjQZ6IGNQysTzd57KCokW45lFZzZvlh231OeS6SROT8oTEl_NadFNh7fC-2wixxUSwRJ1HzUKvt8rN_61o9CdC3SIs3OUAlGmBq1EZvdLf-C0iRGWY6uj5u2Md4-6Ccnlf-MNv3RoFdD9N72R0X6fRIgIzhD7fSp_geuE7jFqb9Q3UEoCgUUt5_1dg8i5gEZ2Bn-N56f9vmiNeoZadZfhvJb_LUSs7yDixmqCnn5326I2w","e":"AQAB"},"attributes":{"enabled":true,"created":1571698469,"updated":1571698469,"recoveryLevel":"Purgeable"}}'
    headers:
      cache-control: no-cache
      content-length: '677'
      content-type: application/json; charset=utf-8
      date: Mon, 21 Oct 2019 22:54:29 GMT
      expires: '-1'
      pragma: no-cache
      server: Microsoft-IIS/10.0
      strict-transport-security: max-age=31536000;includeSubDomains
      x-aspnet-version: 4.0.30319
      x-content-type-options: nosniff
      x-ms-keyvault-network-info: addr=131.107.160.72;act_addr_fam=InterNetwork;
      x-ms-keyvault-region: westus
      x-ms-keyvault-service-version: 1.1.0.879
      x-powered-by: ASP.NET
    status:
      code: 200
      message: OK
    url: !!python/object/new:yarl.URL
      state: !!python/tuple
      - !!python/object/new:urllib.parse.SplitResult
        - https
        - vault458ad70cc756281625.vault.azure.net
        - /keys/crypto-test-encrypt-key56281625/create
        - api-version=7.0
        - ''
- request:
    body: '{"alg": "RSA-OAEP", "value": "G1m2mvnOe5cIucxrAZPDIEpkbWr1qy412MUaEBsV6ESQgFyEB3bBXCE01ANgH-petj_1AD4qbW2Rv0GEBbXfaSMmnnOQYHKpsliORZf5dHeNS0SoERqRfcZ0-LTr4HVMetAYKczrJEM_-eIJBxfTHYWbq31yGFhn2m8Y2ATNLdmIAGSIIpJWH4cvTbQGIz1AuviBd9BKyjbd0EvQZZxwEm1mCrca2vuUOYSTtPDZntkYFpIjSdA0r27zCDkjwfZV03Oawb-qqVcna1iEXkIFDfMKSMzenUEcnhbGEfVWwtQ0Iduqnnxnt4fwQIm80QA6rOlpUe_-IeztdAxGd0aJkQ"}'
    headers:
      Accept:
      - application/json
      Content-Length:
      - '374'
      Content-Type:
      - application/json; charset=utf-8
      User-Agent:
      - azsdk-python-keyvault-keys/4.0.0b5 Python/3.6.6 (Windows-10-10.0.18362-SP0)
    method: POST
    uri: https://vault458ad70cc756281625.vault.azure.net/keys/crypto-test-encrypt-key56281625/ea0f8233dc9341449bad9eafe4d5cf25/decrypt?api-version=7.0
  response:
    body:
      string: '{"kid":"https://vault458ad70cc756281625.vault.azure.net/keys/crypto-test-encrypt-key56281625/ea0f8233dc9341449bad9eafe4d5cf25","value":"cGxhaW50ZXh0"}'
    headers:
      cache-control: no-cache
      content-length: '150'
      content-type: application/json; charset=utf-8
      date: Mon, 21 Oct 2019 22:54:28 GMT
      expires: '-1'
      pragma: no-cache
      server: Microsoft-IIS/10.0
      strict-transport-security: max-age=31536000;includeSubDomains
      x-aspnet-version: 4.0.30319
      x-content-type-options: nosniff
      x-ms-keyvault-network-info: addr=131.107.160.72;act_addr_fam=InterNetwork;
      x-ms-keyvault-region: westus
      x-ms-keyvault-service-version: 1.1.0.879
      x-powered-by: ASP.NET
    status:
      code: 200
      message: OK
    url: !!python/object/new:yarl.URL
      state: !!python/tuple
      - !!python/object/new:urllib.parse.SplitResult
        - https
        - vault458ad70cc756281625.vault.azure.net
        - /keys/crypto-test-encrypt-key56281625/ea0f8233dc9341449bad9eafe4d5cf25/decrypt
        - api-version=7.0
        - ''
version: 1
