interactions:
- request:
    body: null
    headers:
      Accept:
      - application/json
      Content-Length:
      - '0'
      Content-Type:
      - application/json
      User-Agent:
      - azsdk-python-keyvault-keys/4.4.0b5 Python/3.5.3 (Windows-10-10.0.19041-SP0)
    method: POST
    uri: https://vaultname.vault.azure.net/keys/livekvtestkey-name77d21e51/create?api-version=7.2-preview
  response:
    body:
      string: '{"error":{"code":"Unauthorized","message":"Request is missing a Bearer
        or PoP token."}}'
    headers:
      cache-control: no-cache
      content-length: '87'
      content-type: application/json; charset=utf-8
      date: Tue, 20 Apr 2021 20:31:40 GMT
      expires: '-1'
      pragma: no-cache
      strict-transport-security: max-age=31536000;includeSubDomains
      www-authenticate: Bearer authorization="https://login.windows.net/72f988bf-86f1-41af-91ab-2d7cd011db47",
        resource="https://vault.azure.net"
      x-content-type-options: nosniff
      x-ms-keyvault-network-info: conn_type=Ipv4;addr=172.92.159.124;act_addr_fam=InterNetwork;
      x-ms-keyvault-region: eastus2
      x-ms-keyvault-service-version: 1.2.236.0
      x-powered-by: ASP.NET
    status:
      code: 401
      message: Unauthorized
    url: https://mcpatinotest.vault.azure.net/keys/livekvtestkey-name77d21e51/create?api-version=7.2-preview
- request:
    body: '{"key_ops": ["encrypt", "decrypt", "sign", "verify", "wrapKey", "unwrapKey"],
      "key_size": 2048, "kty": "RSA", "attributes": {"exp": 2527401600}}'
    headers:
      Accept:
      - application/json
      Content-Length:
      - '144'
      Content-Type:
      - application/json
      User-Agent:
      - azsdk-python-keyvault-keys/4.4.0b5 Python/3.5.3 (Windows-10-10.0.19041-SP0)
    method: POST
    uri: https://vaultname.vault.azure.net/keys/livekvtestkey-name77d21e51/create?api-version=7.2-preview
  response:
    body:
      string: '{"key":{"kid":"https://vaultname.vault.azure.net/keys/livekvtestkey-name77d21e51/d8cae5af6c0544a3a0d85cac43eb5b17","kty":"RSA","key_ops":["encrypt","decrypt","sign","verify","wrapKey","unwrapKey"],"n":"33RnkIw_kh0jxz94KY-Z5eaGaR0qYnovkOaKtT8yBCFh0Aygc-W2E1BrIbrWxRSXbe-Ft__Ts-_KE9seWfpOfHIpNv2LaaMt8IoPcpVXoKJXUBQtfsl2oPN4iv4SbKpKaMQLmcVZ6VD90RBonOWyJD35W8SZ47nW35VstTQrfYkPPOSqIwgwo0HXpdPAIc1YAOk1CYjXdl9J5k0dDrYvWWkI7xVzfOzUHFK9Wkt1EVsuHe2nDVB4O9yiAhEtCZz5dorjRFEIKmkN5mq8Bkm1IRDNKoNMDecK8lZciJfAs41COjP8KpszJlioFxXk_BUbf9TmPJHJ7iEIRhUkK2eCCQ","e":"AQAB"},"attributes":{"enabled":true,"exp":2527401600,"created":1618950700,"updated":1618950700,"recoveryLevel":"Recoverable+Purgeable","recoverableDays":90}}'
    headers:
      cache-control: no-cache
      content-length: '711'
      content-type: application/json; charset=utf-8
      date: Tue, 20 Apr 2021 20:31:40 GMT
      expires: '-1'
      pragma: no-cache
      strict-transport-security: max-age=31536000;includeSubDomains
      x-content-type-options: nosniff
      x-ms-keyvault-network-info: conn_type=Ipv4;addr=172.92.159.124;act_addr_fam=InterNetwork;
      x-ms-keyvault-region: eastus2
      x-ms-keyvault-service-version: 1.2.236.0
      x-powered-by: ASP.NET
    status:
      code: 200
      message: OK
    url: https://mcpatinotest.vault.azure.net/keys/livekvtestkey-name77d21e51/create?api-version=7.2-preview
- request:
    body: '{"key_size": 2048, "kty": "RSA-HSM"}'
    headers:
      Accept:
      - application/json
      Content-Length:
      - '36'
      Content-Type:
      - application/json
      User-Agent:
      - azsdk-python-keyvault-keys/4.4.0b5 Python/3.5.3 (Windows-10-10.0.19041-SP0)
    method: POST
    uri: https://vaultname.vault.azure.net/keys/livekvtestkey-name77d21e51/create?api-version=7.2-preview
  response:
    body:
      string: '{"key":{"kid":"https://vaultname.vault.azure.net/keys/livekvtestkey-name77d21e51/a110576861e3457b9d801c52ebb604ca","kty":"RSA-HSM","key_ops":["encrypt","decrypt","sign","verify","wrapKey","unwrapKey"],"n":"0iVAw3vt_morObvACvUPoLQVPRbPFu1NqrPUMEcieBEWgcGhgohlmoZfxzc7GH_GbG0xh6ii5FQQzg19-Tqrcfwc9fe_xesx2ennAciG42oil6TmCufiLXK-oVSkXXfPmlbDBYJxBVN93BcU03QcMXTT5oMhGWsMZcIrN8wYIFPiwCYJCLcNh20r-fFszrB7PGIWhuS-7WMKYHK7-plMzB4_LyTkFNBgXzOQvJ8dtidSsYYojktQVBLieTKNcYX--OMoiOOZCUBlpCoedzqki7v6B6sMh4hSERw9uA0fhhcdvDUXs8pPpz47NeIUExLuejnFjAUT0YhYSY8Rf-emww","e":"AAEAAQ"},"attributes":{"enabled":true,"created":1618950701,"updated":1618950701,"recoveryLevel":"Recoverable+Purgeable","recoverableDays":90}}'
    headers:
      cache-control: no-cache
      content-length: '700'
      content-type: application/json; charset=utf-8
      date: Tue, 20 Apr 2021 20:31:41 GMT
      expires: '-1'
      pragma: no-cache
      strict-transport-security: max-age=31536000;includeSubDomains
      x-content-type-options: nosniff
      x-ms-keyvault-network-info: conn_type=Ipv4;addr=172.92.159.124;act_addr_fam=InterNetwork;
      x-ms-keyvault-region: eastus2
      x-ms-keyvault-service-version: 1.2.236.0
      x-powered-by: ASP.NET
    status:
      code: 200
      message: OK
    url: https://mcpatinotest.vault.azure.net/keys/livekvtestkey-name77d21e51/create?api-version=7.2-preview
- request:
    body: '{"crv": "P-256", "kty": "EC"}'
    headers:
      Accept:
      - application/json
      Content-Length:
      - '29'
      Content-Type:
      - application/json
      User-Agent:
      - azsdk-python-keyvault-keys/4.4.0b5 Python/3.5.3 (Windows-10-10.0.19041-SP0)
    method: POST
    uri: https://vaultname.vault.azure.net/keys/livekvtestkey-name77d21e51/create?api-version=7.2-preview
  response:
    body:
      string: '{"key":{"kid":"https://vaultname.vault.azure.net/keys/livekvtestkey-name77d21e51/55945587259947f6aba13022abf02bee","kty":"EC","key_ops":["sign","verify"],"crv":"P-256","x":"-WQ0SNQ-a4HH4Mhl_rhSyAXcSaaV8IxJx0e_IZmJiyQ","y":"eYiEvhGFngMhUPKuamYNiItTuFlj8Ty-hEBB5YxsEXA"},"attributes":{"enabled":true,"created":1618950701,"updated":1618950701,"recoveryLevel":"Recoverable+Purgeable","recoverableDays":90}}'
    headers:
      cache-control: no-cache
      content-length: '405'
      content-type: application/json; charset=utf-8
      date: Tue, 20 Apr 2021 20:31:41 GMT
      expires: '-1'
      pragma: no-cache
      strict-transport-security: max-age=31536000;includeSubDomains
      x-content-type-options: nosniff
      x-ms-keyvault-network-info: conn_type=Ipv4;addr=172.92.159.124;act_addr_fam=InterNetwork;
      x-ms-keyvault-region: eastus2
      x-ms-keyvault-service-version: 1.2.236.0
      x-powered-by: ASP.NET
    status:
      code: 200
      message: OK
    url: https://mcpatinotest.vault.azure.net/keys/livekvtestkey-name77d21e51/create?api-version=7.2-preview
- request:
    body: null
    headers:
      Accept:
      - application/json
      User-Agent:
      - azsdk-python-keyvault-keys/4.4.0b5 Python/3.5.3 (Windows-10-10.0.19041-SP0)
    method: GET
    uri: https://vaultname.vault.azure.net/keys/livekvtestkey-name77d21e51/?api-version=7.2-preview
  response:
    body:
      string: '{"key":{"kid":"https://vaultname.vault.azure.net/keys/livekvtestkey-name77d21e51/55945587259947f6aba13022abf02bee","kty":"EC","key_ops":["sign","verify"],"crv":"P-256","x":"-WQ0SNQ-a4HH4Mhl_rhSyAXcSaaV8IxJx0e_IZmJiyQ","y":"eYiEvhGFngMhUPKuamYNiItTuFlj8Ty-hEBB5YxsEXA"},"attributes":{"enabled":true,"created":1618950701,"updated":1618950701,"recoveryLevel":"Recoverable+Purgeable","recoverableDays":90}}'
    headers:
      cache-control: no-cache
      content-length: '405'
      content-type: application/json; charset=utf-8
      date: Tue, 20 Apr 2021 20:31:41 GMT
      expires: '-1'
      pragma: no-cache
      strict-transport-security: max-age=31536000;includeSubDomains
      x-content-type-options: nosniff
      x-ms-keyvault-network-info: conn_type=Ipv4;addr=172.92.159.124;act_addr_fam=InterNetwork;
      x-ms-keyvault-region: eastus2
      x-ms-keyvault-service-version: 1.2.236.0
      x-powered-by: ASP.NET
    status:
      code: 200
      message: OK
    url: https://mcpatinotest.vault.azure.net/keys/livekvtestkey-name77d21e51/?api-version=7.2-preview
- request:
    body: null
    headers:
      Accept:
      - application/json
      User-Agent:
      - azsdk-python-keyvault-keys/4.4.0b5 Python/3.5.3 (Windows-10-10.0.19041-SP0)
    method: GET
    uri: https://vaultname.vault.azure.net/keys/livekvtestkey-name77d21e51/55945587259947f6aba13022abf02bee?api-version=7.2-preview
  response:
    body:
      string: '{"key":{"kid":"https://vaultname.vault.azure.net/keys/livekvtestkey-name77d21e51/55945587259947f6aba13022abf02bee","kty":"EC","key_ops":["sign","verify"],"crv":"P-256","x":"-WQ0SNQ-a4HH4Mhl_rhSyAXcSaaV8IxJx0e_IZmJiyQ","y":"eYiEvhGFngMhUPKuamYNiItTuFlj8Ty-hEBB5YxsEXA"},"attributes":{"enabled":true,"created":1618950701,"updated":1618950701,"recoveryLevel":"Recoverable+Purgeable","recoverableDays":90}}'
    headers:
      cache-control: no-cache
      content-length: '405'
      content-type: application/json; charset=utf-8
      date: Tue, 20 Apr 2021 20:31:41 GMT
      expires: '-1'
      pragma: no-cache
      strict-transport-security: max-age=31536000;includeSubDomains
      x-content-type-options: nosniff
      x-ms-keyvault-network-info: conn_type=Ipv4;addr=172.92.159.124;act_addr_fam=InterNetwork;
      x-ms-keyvault-region: eastus2
      x-ms-keyvault-service-version: 1.2.236.0
      x-powered-by: ASP.NET
    status:
      code: 200
      message: OK
    url: https://mcpatinotest.vault.azure.net/keys/livekvtestkey-name77d21e51/55945587259947f6aba13022abf02bee?api-version=7.2-preview
- request:
    body: '{"attributes": {"exp": 2524723200}, "tags": {"foo": "updated tag"}}'
    headers:
      Accept:
      - application/json
      Content-Length:
      - '67'
      Content-Type:
      - application/json
      User-Agent:
      - azsdk-python-keyvault-keys/4.4.0b5 Python/3.5.3 (Windows-10-10.0.19041-SP0)
    method: PATCH
    uri: https://vaultname.vault.azure.net/keys/livekvtestkey-name77d21e51/?api-version=7.2-preview
  response:
    body:
      string: '{"key":{"kid":"https://vaultname.vault.azure.net/keys/livekvtestkey-name77d21e51/55945587259947f6aba13022abf02bee","kty":"EC","key_ops":["sign","verify"],"crv":"P-256","x":"-WQ0SNQ-a4HH4Mhl_rhSyAXcSaaV8IxJx0e_IZmJiyQ","y":"eYiEvhGFngMhUPKuamYNiItTuFlj8Ty-hEBB5YxsEXA"},"attributes":{"enabled":true,"exp":2524723200,"created":1618950701,"updated":1618950702,"recoveryLevel":"Recoverable+Purgeable","recoverableDays":90},"tags":{"foo":"updated
        tag"}}'
    headers:
      cache-control: no-cache
      content-length: '451'
      content-type: application/json; charset=utf-8
      date: Tue, 20 Apr 2021 20:31:42 GMT
      expires: '-1'
      pragma: no-cache
      strict-transport-security: max-age=31536000;includeSubDomains
      x-content-type-options: nosniff
      x-ms-keyvault-network-info: conn_type=Ipv4;addr=172.92.159.124;act_addr_fam=InterNetwork;
      x-ms-keyvault-region: eastus2
      x-ms-keyvault-service-version: 1.2.236.0
      x-powered-by: ASP.NET
    status:
      code: 200
      message: OK
    url: https://mcpatinotest.vault.azure.net/keys/livekvtestkey-name77d21e51/?api-version=7.2-preview
- request:
    body: null
    headers:
      Accept:
      - application/json
      User-Agent:
      - azsdk-python-keyvault-keys/4.4.0b5 Python/3.5.3 (Windows-10-10.0.19041-SP0)
    method: DELETE
    uri: https://vaultname.vault.azure.net/keys/livekvtestkey-name77d21e51?api-version=7.2-preview
  response:
    body:
      string: '{"recoveryId":"https://vaultname.vault.azure.net/deletedkeys/livekvtestkey-name77d21e51","deletedDate":1618950702,"scheduledPurgeDate":1626726702,"key":{"kid":"https://vaultname.vault.azure.net/keys/livekvtestkey-name77d21e51/55945587259947f6aba13022abf02bee","kty":"EC","key_ops":["sign","verify"],"crv":"P-256","x":"-WQ0SNQ-a4HH4Mhl_rhSyAXcSaaV8IxJx0e_IZmJiyQ","y":"eYiEvhGFngMhUPKuamYNiItTuFlj8Ty-hEBB5YxsEXA"},"attributes":{"enabled":true,"exp":2524723200,"created":1618950701,"updated":1618950702,"recoveryLevel":"Recoverable+Purgeable","recoverableDays":90},"tags":{"foo":"updated
        tag"}}'
    headers:
      cache-control: no-cache
      content-length: '599'
      content-type: application/json; charset=utf-8
      date: Tue, 20 Apr 2021 20:31:42 GMT
      expires: '-1'
      pragma: no-cache
      strict-transport-security: max-age=31536000;includeSubDomains
      x-content-type-options: nosniff
      x-ms-keyvault-network-info: conn_type=Ipv4;addr=172.92.159.124;act_addr_fam=InterNetwork;
      x-ms-keyvault-region: eastus2
      x-ms-keyvault-service-version: 1.2.236.0
      x-powered-by: ASP.NET
    status:
      code: 200
      message: OK
    url: https://mcpatinotest.vault.azure.net/keys/livekvtestkey-name77d21e51?api-version=7.2-preview
- request:
    body: null
    headers:
      Accept:
      - application/json
      User-Agent:
      - azsdk-python-keyvault-keys/4.4.0b5 Python/3.5.3 (Windows-10-10.0.19041-SP0)
    method: GET
    uri: https://vaultname.vault.azure.net/deletedkeys/livekvtestkey-name77d21e51?api-version=7.2-preview
  response:
    body:
      string: '{"error":{"code":"KeyNotFound","message":"Deleted Key not found: livekvtestkey-name77d21e51"}}'
    headers:
      cache-control: no-cache
      content-length: '94'
      content-type: application/json; charset=utf-8
      date: Tue, 20 Apr 2021 20:31:42 GMT
      expires: '-1'
      pragma: no-cache
      strict-transport-security: max-age=31536000;includeSubDomains
      x-content-type-options: nosniff
      x-ms-keyvault-network-info: conn_type=Ipv4;addr=172.92.159.124;act_addr_fam=InterNetwork;
      x-ms-keyvault-region: eastus2
      x-ms-keyvault-service-version: 1.2.236.0
      x-powered-by: ASP.NET
    status:
      code: 404
      message: Not Found
    url: https://mcpatinotest.vault.azure.net/deletedkeys/livekvtestkey-name77d21e51?api-version=7.2-preview
- request:
    body: null
    headers:
      Accept:
      - application/json
      User-Agent:
      - azsdk-python-keyvault-keys/4.4.0b5 Python/3.5.3 (Windows-10-10.0.19041-SP0)
    method: GET
    uri: https://vaultname.vault.azure.net/deletedkeys/livekvtestkey-name77d21e51?api-version=7.2-preview
  response:
    body:
      string: '{"error":{"code":"KeyNotFound","message":"Deleted Key not found: livekvtestkey-name77d21e51"}}'
    headers:
      cache-control: no-cache
      content-length: '94'
      content-type: application/json; charset=utf-8
      date: Tue, 20 Apr 2021 20:31:44 GMT
      expires: '-1'
      pragma: no-cache
      strict-transport-security: max-age=31536000;includeSubDomains
      x-content-type-options: nosniff
      x-ms-keyvault-network-info: conn_type=Ipv4;addr=172.92.159.124;act_addr_fam=InterNetwork;
      x-ms-keyvault-region: eastus2
      x-ms-keyvault-service-version: 1.2.236.0
      x-powered-by: ASP.NET
    status:
      code: 404
      message: Not Found
    url: https://mcpatinotest.vault.azure.net/deletedkeys/livekvtestkey-name77d21e51?api-version=7.2-preview
- request:
    body: null
    headers:
      Accept:
      - application/json
      User-Agent:
      - azsdk-python-keyvault-keys/4.4.0b5 Python/3.5.3 (Windows-10-10.0.19041-SP0)
    method: GET
    uri: https://vaultname.vault.azure.net/deletedkeys/livekvtestkey-name77d21e51?api-version=7.2-preview
  response:
    body:
      string: '{"error":{"code":"KeyNotFound","message":"Deleted Key not found: livekvtestkey-name77d21e51"}}'
    headers:
      cache-control: no-cache
      content-length: '94'
      content-type: application/json; charset=utf-8
      date: Tue, 20 Apr 2021 20:31:46 GMT
      expires: '-1'
      pragma: no-cache
      strict-transport-security: max-age=31536000;includeSubDomains
      x-content-type-options: nosniff
      x-ms-keyvault-network-info: conn_type=Ipv4;addr=172.92.159.124;act_addr_fam=InterNetwork;
      x-ms-keyvault-region: eastus2
      x-ms-keyvault-service-version: 1.2.236.0
      x-powered-by: ASP.NET
    status:
      code: 404
      message: Not Found
    url: https://mcpatinotest.vault.azure.net/deletedkeys/livekvtestkey-name77d21e51?api-version=7.2-preview
- request:
    body: null
    headers:
      Accept:
      - application/json
      User-Agent:
      - azsdk-python-keyvault-keys/4.4.0b5 Python/3.5.3 (Windows-10-10.0.19041-SP0)
    method: GET
    uri: https://vaultname.vault.azure.net/deletedkeys/livekvtestkey-name77d21e51?api-version=7.2-preview
  response:
    body:
      string: '{"error":{"code":"KeyNotFound","message":"Deleted Key not found: livekvtestkey-name77d21e51"}}'
    headers:
      cache-control: no-cache
      content-length: '94'
      content-type: application/json; charset=utf-8
      date: Tue, 20 Apr 2021 20:31:48 GMT
      expires: '-1'
      pragma: no-cache
      strict-transport-security: max-age=31536000;includeSubDomains
      x-content-type-options: nosniff
      x-ms-keyvault-network-info: conn_type=Ipv4;addr=172.92.159.124;act_addr_fam=InterNetwork;
      x-ms-keyvault-region: eastus2
      x-ms-keyvault-service-version: 1.2.236.0
      x-powered-by: ASP.NET
    status:
      code: 404
      message: Not Found
    url: https://mcpatinotest.vault.azure.net/deletedkeys/livekvtestkey-name77d21e51?api-version=7.2-preview
- request:
    body: null
    headers:
      Accept:
      - application/json
      User-Agent:
      - azsdk-python-keyvault-keys/4.4.0b5 Python/3.5.3 (Windows-10-10.0.19041-SP0)
    method: GET
    uri: https://vaultname.vault.azure.net/deletedkeys/livekvtestkey-name77d21e51?api-version=7.2-preview
  response:
    body:
      string: '{"error":{"code":"KeyNotFound","message":"Deleted Key not found: livekvtestkey-name77d21e51"}}'
    headers:
      cache-control: no-cache
      content-length: '94'
      content-type: application/json; charset=utf-8
      date: Tue, 20 Apr 2021 20:31:50 GMT
      expires: '-1'
      pragma: no-cache
      strict-transport-security: max-age=31536000;includeSubDomains
      x-content-type-options: nosniff
      x-ms-keyvault-network-info: conn_type=Ipv4;addr=172.92.159.124;act_addr_fam=InterNetwork;
      x-ms-keyvault-region: eastus2
      x-ms-keyvault-service-version: 1.2.236.0
      x-powered-by: ASP.NET
    status:
      code: 404
      message: Not Found
    url: https://mcpatinotest.vault.azure.net/deletedkeys/livekvtestkey-name77d21e51?api-version=7.2-preview
- request:
    body: null
    headers:
      Accept:
      - application/json
      User-Agent:
      - azsdk-python-keyvault-keys/4.4.0b5 Python/3.5.3 (Windows-10-10.0.19041-SP0)
    method: GET
    uri: https://vaultname.vault.azure.net/deletedkeys/livekvtestkey-name77d21e51?api-version=7.2-preview
  response:
    body:
      string: '{"error":{"code":"KeyNotFound","message":"Deleted Key not found: livekvtestkey-name77d21e51"}}'
    headers:
      cache-control: no-cache
      content-length: '94'
      content-type: application/json; charset=utf-8
      date: Tue, 20 Apr 2021 20:31:52 GMT
      expires: '-1'
      pragma: no-cache
      strict-transport-security: max-age=31536000;includeSubDomains
      x-content-type-options: nosniff
      x-ms-keyvault-network-info: conn_type=Ipv4;addr=172.92.159.124;act_addr_fam=InterNetwork;
      x-ms-keyvault-region: eastus2
      x-ms-keyvault-service-version: 1.2.236.0
      x-powered-by: ASP.NET
    status:
      code: 404
      message: Not Found
    url: https://mcpatinotest.vault.azure.net/deletedkeys/livekvtestkey-name77d21e51?api-version=7.2-preview
- request:
    body: null
    headers:
      Accept:
      - application/json
      User-Agent:
      - azsdk-python-keyvault-keys/4.4.0b5 Python/3.5.3 (Windows-10-10.0.19041-SP0)
    method: GET
    uri: https://vaultname.vault.azure.net/deletedkeys/livekvtestkey-name77d21e51?api-version=7.2-preview
  response:
    body:
      string: '{"error":{"code":"KeyNotFound","message":"Deleted Key not found: livekvtestkey-name77d21e51"}}'
    headers:
      cache-control: no-cache
      content-length: '94'
      content-type: application/json; charset=utf-8
      date: Tue, 20 Apr 2021 20:31:54 GMT
      expires: '-1'
      pragma: no-cache
      strict-transport-security: max-age=31536000;includeSubDomains
      x-content-type-options: nosniff
      x-ms-keyvault-network-info: conn_type=Ipv4;addr=172.92.159.124;act_addr_fam=InterNetwork;
      x-ms-keyvault-region: eastus2
      x-ms-keyvault-service-version: 1.2.236.0
      x-powered-by: ASP.NET
    status:
      code: 404
      message: Not Found
    url: https://mcpatinotest.vault.azure.net/deletedkeys/livekvtestkey-name77d21e51?api-version=7.2-preview
- request:
    body: null
    headers:
      Accept:
      - application/json
      User-Agent:
      - azsdk-python-keyvault-keys/4.4.0b5 Python/3.5.3 (Windows-10-10.0.19041-SP0)
    method: GET
    uri: https://vaultname.vault.azure.net/deletedkeys/livekvtestkey-name77d21e51?api-version=7.2-preview
  response:
    body:
      string: '{"error":{"code":"KeyNotFound","message":"Deleted Key not found: livekvtestkey-name77d21e51"}}'
    headers:
      cache-control: no-cache
      content-length: '94'
      content-type: application/json; charset=utf-8
      date: Tue, 20 Apr 2021 20:31:57 GMT
      expires: '-1'
      pragma: no-cache
      strict-transport-security: max-age=31536000;includeSubDomains
      x-content-type-options: nosniff
      x-ms-keyvault-network-info: conn_type=Ipv4;addr=172.92.159.124;act_addr_fam=InterNetwork;
      x-ms-keyvault-region: eastus2
      x-ms-keyvault-service-version: 1.2.236.0
      x-powered-by: ASP.NET
    status:
      code: 404
      message: Not Found
    url: https://mcpatinotest.vault.azure.net/deletedkeys/livekvtestkey-name77d21e51?api-version=7.2-preview
- request:
    body: null
    headers:
      Accept:
      - application/json
      User-Agent:
      - azsdk-python-keyvault-keys/4.4.0b5 Python/3.5.3 (Windows-10-10.0.19041-SP0)
    method: GET
    uri: https://vaultname.vault.azure.net/deletedkeys/livekvtestkey-name77d21e51?api-version=7.2-preview
  response:
    body:
      string: '{"error":{"code":"KeyNotFound","message":"Deleted Key not found: livekvtestkey-name77d21e51"}}'
    headers:
      cache-control: no-cache
      content-length: '94'
      content-type: application/json; charset=utf-8
      date: Tue, 20 Apr 2021 20:31:59 GMT
      expires: '-1'
      pragma: no-cache
      strict-transport-security: max-age=31536000;includeSubDomains
      x-content-type-options: nosniff
      x-ms-keyvault-network-info: conn_type=Ipv4;addr=172.92.159.124;act_addr_fam=InterNetwork;
      x-ms-keyvault-region: eastus2
      x-ms-keyvault-service-version: 1.2.236.0
      x-powered-by: ASP.NET
    status:
      code: 404
      message: Not Found
    url: https://mcpatinotest.vault.azure.net/deletedkeys/livekvtestkey-name77d21e51?api-version=7.2-preview
- request:
    body: null
    headers:
      Accept:
      - application/json
      User-Agent:
      - azsdk-python-keyvault-keys/4.4.0b5 Python/3.5.3 (Windows-10-10.0.19041-SP0)
    method: GET
    uri: https://vaultname.vault.azure.net/deletedkeys/livekvtestkey-name77d21e51?api-version=7.2-preview
  response:
    body:
      string: '{"error":{"code":"KeyNotFound","message":"Deleted Key not found: livekvtestkey-name77d21e51"}}'
    headers:
      cache-control: no-cache
      content-length: '94'
      content-type: application/json; charset=utf-8
      date: Tue, 20 Apr 2021 20:32:01 GMT
      expires: '-1'
      pragma: no-cache
      strict-transport-security: max-age=31536000;includeSubDomains
      x-content-type-options: nosniff
      x-ms-keyvault-network-info: conn_type=Ipv4;addr=172.92.159.124;act_addr_fam=InterNetwork;
      x-ms-keyvault-region: eastus2
      x-ms-keyvault-service-version: 1.2.236.0
      x-powered-by: ASP.NET
    status:
      code: 404
      message: Not Found
    url: https://mcpatinotest.vault.azure.net/deletedkeys/livekvtestkey-name77d21e51?api-version=7.2-preview
- request:
    body: null
    headers:
      Accept:
      - application/json
      User-Agent:
      - azsdk-python-keyvault-keys/4.4.0b5 Python/3.5.3 (Windows-10-10.0.19041-SP0)
    method: GET
    uri: https://vaultname.vault.azure.net/deletedkeys/livekvtestkey-name77d21e51?api-version=7.2-preview
  response:
    body:
      string: '{"error":{"code":"KeyNotFound","message":"Deleted Key not found: livekvtestkey-name77d21e51"}}'
    headers:
      cache-control: no-cache
      content-length: '94'
      content-type: application/json; charset=utf-8
      date: Tue, 20 Apr 2021 20:32:04 GMT
      expires: '-1'
      pragma: no-cache
      strict-transport-security: max-age=31536000;includeSubDomains
      x-content-type-options: nosniff
      x-ms-keyvault-network-info: conn_type=Ipv4;addr=172.92.159.124;act_addr_fam=InterNetwork;
      x-ms-keyvault-region: eastus2
      x-ms-keyvault-service-version: 1.2.236.0
      x-powered-by: ASP.NET
    status:
      code: 404
      message: Not Found
    url: https://mcpatinotest.vault.azure.net/deletedkeys/livekvtestkey-name77d21e51?api-version=7.2-preview
- request:
    body: null
    headers:
      Accept:
      - application/json
      User-Agent:
      - azsdk-python-keyvault-keys/4.4.0b5 Python/3.5.3 (Windows-10-10.0.19041-SP0)
    method: GET
    uri: https://vaultname.vault.azure.net/deletedkeys/livekvtestkey-name77d21e51?api-version=7.2-preview
  response:
    body:
      string: '{"recoveryId":"https://vaultname.vault.azure.net/deletedkeys/livekvtestkey-name77d21e51","deletedDate":1618950702,"scheduledPurgeDate":1626726702,"key":{"kid":"https://vaultname.vault.azure.net/keys/livekvtestkey-name77d21e51/55945587259947f6aba13022abf02bee","kty":"EC","key_ops":["sign","verify"],"crv":"P-256","x":"-WQ0SNQ-a4HH4Mhl_rhSyAXcSaaV8IxJx0e_IZmJiyQ","y":"eYiEvhGFngMhUPKuamYNiItTuFlj8Ty-hEBB5YxsEXA"},"attributes":{"enabled":true,"exp":2524723200,"created":1618950701,"updated":1618950702,"recoveryLevel":"Recoverable+Purgeable","recoverableDays":90},"tags":{"foo":"updated
        tag"}}'
    headers:
      cache-control: no-cache
      content-length: '599'
      content-type: application/json; charset=utf-8
      date: Tue, 20 Apr 2021 20:32:06 GMT
      expires: '-1'
      pragma: no-cache
      strict-transport-security: max-age=31536000;includeSubDomains
      x-content-type-options: nosniff
      x-ms-keyvault-network-info: conn_type=Ipv4;addr=172.92.159.124;act_addr_fam=InterNetwork;
      x-ms-keyvault-region: eastus2
      x-ms-keyvault-service-version: 1.2.236.0
      x-powered-by: ASP.NET
    status:
      code: 200
      message: OK
    url: https://mcpatinotest.vault.azure.net/deletedkeys/livekvtestkey-name77d21e51?api-version=7.2-preview
version: 1
