interactions:
- request:
    body: null
    headers:
      Accept:
      - application/json
      Content-Length:
      - '0'
      Content-Type:
      - application/json; charset=utf-8
      User-Agent:
      - python/3.6.3 (Windows-10-10.0.18362-SP0) azure-core/1.0.0b2 azsdk-python-azure-keyvault/7.0
    method: POST
    uri: https://vault32f70fb3.vault.azure.net/keys/sec32f70fb3/create?api-version=7.0
  response:
    body:
      string: ''
    headers:
      cache-control: no-cache
      content-length: '0'
      date: Tue, 30 Jul 2019 22:53:13 GMT
      expires: '-1'
      pragma: no-cache
      server: Microsoft-IIS/10.0
      strict-transport-security: max-age=31536000;includeSubDomains
      www-authenticate: Bearer authorization="https://login.windows.net/72f988bf-86f1-41af-91ab-2d7cd011db47",
        resource="https://vault.azure.net"
      x-aspnet-version: 4.0.30319
      x-content-type-options: nosniff
      x-ms-keyvault-network-info: addr=24.16.158.132;act_addr_fam=InterNetwork;
      x-ms-keyvault-region: westus
      x-ms-keyvault-service-version: 1.1.0.872
      x-powered-by: ASP.NET
    status:
      code: 401
      message: Unauthorized
    url: !!python/object/new:yarl.URL
      state: !!python/tuple
      - !!python/object/new:urllib.parse.SplitResult
        - https
        - vault32f70fb3.vault.azure.net
        - /keys/sec32f70fb3/create
        - api-version=7.0
        - ''
- request:
    body: '{"kty": "RSA"}'
    headers:
      Accept:
      - application/json
      Content-Length:
      - '14'
      Content-Type:
      - application/json; charset=utf-8
      User-Agent:
      - python/3.6.3 (Windows-10-10.0.18362-SP0) azure-core/1.0.0b2 azsdk-python-azure-keyvault/7.0
    method: POST
    uri: https://vault32f70fb3.vault.azure.net/keys/sec32f70fb3/create?api-version=7.0
  response:
    body:
      string: '{"key":{"kid":"https://vault32f70fb3.vault.azure.net/keys/sec32f70fb3/f96ace71d4b941eca3ae0490e503d288","kty":"RSA","key_ops":["encrypt","decrypt","sign","verify","wrapKey","unwrapKey"],"n":"28DloB07w40yR2-_MHpdg-prfQ_xseRn-d10ZMoZg5jZaU1prixa2ZCWOtLXPVMsFU-fNOb4QtZJ3fJbJTVU-h-tPzKsixRwVljpiAwLw2wlRExZWUbQETs6Rd8B4q_GKJZpiHzO2-NLk61PJJyLoQ1iKA0SOIAtZMROAHx5CHuEc6wsuIsGEDpwdjncXH6-REvllgkOQ_SpfeiERvMlaAoFPceg4bi6SVE47xDGl0J1yEAaXiCba49o_jhO4SQ2fh2nYR-2sN5ZlgYFFVyPfp1PyvzL-NQLNp5KXwuQQY0-GNsXz-PWZMGstAqSRWjR76vWx5-lB0ohA7JwM_VCuw","e":"AQAB"},"attributes":{"enabled":true,"created":1564527194,"updated":1564527194,"recoveryLevel":"Recoverable+Purgeable"}}'
    headers:
      cache-control: no-cache
      content-length: '659'
      content-type: application/json; charset=utf-8
      date: Tue, 30 Jul 2019 22:53:14 GMT
      expires: '-1'
      pragma: no-cache
      server: Microsoft-IIS/10.0
      strict-transport-security: max-age=31536000;includeSubDomains
      x-aspnet-version: 4.0.30319
      x-content-type-options: nosniff
      x-ms-keyvault-network-info: addr=24.16.158.132;act_addr_fam=InterNetwork;
      x-ms-keyvault-region: westus
      x-ms-keyvault-service-version: 1.1.0.872
      x-powered-by: ASP.NET
    status:
      code: 200
      message: OK
    url: !!python/object/new:yarl.URL
      state: !!python/tuple
      - !!python/object/new:urllib.parse.SplitResult
        - https
        - vault32f70fb3.vault.azure.net
        - /keys/sec32f70fb3/create
        - api-version=7.0
        - ''
- request:
    body: '{"kty": "RSA"}'
    headers:
      Accept:
      - application/json
      Content-Length:
      - '14'
      Content-Type:
      - application/json; charset=utf-8
      User-Agent:
      - python/3.6.3 (Windows-10-10.0.18362-SP0) azure-core/1.0.0b2 azsdk-python-azure-keyvault/7.0
    method: POST
    uri: https://vault32f70fb3.vault.azure.net/keys/sec32f70fb3/create?api-version=7.0
  response:
    body:
      string: '{"key":{"kid":"https://vault32f70fb3.vault.azure.net/keys/sec32f70fb3/dca838942cc249aba2f9d052ee4d9bd0","kty":"RSA","key_ops":["encrypt","decrypt","sign","verify","wrapKey","unwrapKey"],"n":"2azn8ADVPwbppZCfxsCvr_XKqCeA49ZRxxyuIUC-_Cue-13fIKGkHqFqbJVdJuPftJxsh1MmrUVcfUGMPsTFdUBCVfpuiFXEXSe9exEudUAZNmBYb3HiCbbu3ThWw2Z5-OioKDwf-qKA_H_vooI9YP-yYEDhJcfvjsiyxzBNGoLBld6yiPi3PhCw9kqvEHUYnS-XPgTqhJChf7g4oYRT-XMVPhR8nkbQ-NQ_IQjjZzxkhkpltWfEYX_KL0-Uy4x3kz2ykPtQXRpeZuaD2PpuRXIt5ssqTC4segtWiyzCKhp4H9A8pVbJKd_9fnSArsfNQXY0e5bJac6ZhJJd_ES2XQ","e":"AQAB"},"attributes":{"enabled":true,"created":1564527195,"updated":1564527195,"recoveryLevel":"Recoverable+Purgeable"}}'
    headers:
      cache-control: no-cache
      content-length: '659'
      content-type: application/json; charset=utf-8
      date: Tue, 30 Jul 2019 22:53:14 GMT
      expires: '-1'
      pragma: no-cache
      server: Microsoft-IIS/10.0
      strict-transport-security: max-age=31536000;includeSubDomains
      x-aspnet-version: 4.0.30319
      x-content-type-options: nosniff
      x-ms-keyvault-network-info: addr=24.16.158.132;act_addr_fam=InterNetwork;
      x-ms-keyvault-region: westus
      x-ms-keyvault-service-version: 1.1.0.872
      x-powered-by: ASP.NET
    status:
      code: 200
      message: OK
    url: !!python/object/new:yarl.URL
      state: !!python/tuple
      - !!python/object/new:urllib.parse.SplitResult
        - https
        - vault32f70fb3.vault.azure.net
        - /keys/sec32f70fb3/create
        - api-version=7.0
        - ''
- request:
    body: '{"kty": "RSA"}'
    headers:
      Accept:
      - application/json
      Content-Length:
      - '14'
      Content-Type:
      - application/json; charset=utf-8
      User-Agent:
      - python/3.6.3 (Windows-10-10.0.18362-SP0) azure-core/1.0.0b2 azsdk-python-azure-keyvault/7.0
    method: POST
    uri: https://vault32f70fb3.vault.azure.net/keys/sec32f70fb3/create?api-version=7.0
  response:
    body:
      string: '{"key":{"kid":"https://vault32f70fb3.vault.azure.net/keys/sec32f70fb3/f50f900706a24363be08c408cd3d8908","kty":"RSA","key_ops":["encrypt","decrypt","sign","verify","wrapKey","unwrapKey"],"n":"oMEeM4hmofM8AW7C67c_Jubcu1t9yh3uDLGSQP8cowwyKh3IVtLgyruzGwLoXF8B9gJZaj39iaKhMdPzc8metT1746Ub3vFiIGGXDBJ_R8EXPxSjSFvOn43QwRBQhEmfsqqnjIqHvj-e_IXyLtUMFj8HteNPbfpzAdlKsXAZhNd1l9INIekQZKfuOLRdB2SIMC6saG_gkQcL5y80lDozJCOQEhHfRdvVg5H1HDa994SPwGZqygKS-JTwYvNDyjFR2HMpAYK1d-2PHCLAMD-n-b_FRcg8EPU6g8DtEBqWpXSlFmTmBDA9hs9bVUZgbPMOIg0edSHPj4n4oxcupmsw9Q","e":"AQAB"},"attributes":{"enabled":true,"created":1564527195,"updated":1564527195,"recoveryLevel":"Recoverable+Purgeable"}}'
    headers:
      cache-control: no-cache
      content-length: '659'
      content-type: application/json; charset=utf-8
      date: Tue, 30 Jul 2019 22:53:14 GMT
      expires: '-1'
      pragma: no-cache
      server: Microsoft-IIS/10.0
      strict-transport-security: max-age=31536000;includeSubDomains
      x-aspnet-version: 4.0.30319
      x-content-type-options: nosniff
      x-ms-keyvault-network-info: addr=24.16.158.132;act_addr_fam=InterNetwork;
      x-ms-keyvault-region: westus
      x-ms-keyvault-service-version: 1.1.0.872
      x-powered-by: ASP.NET
    status:
      code: 200
      message: OK
    url: !!python/object/new:yarl.URL
      state: !!python/tuple
      - !!python/object/new:urllib.parse.SplitResult
        - https
        - vault32f70fb3.vault.azure.net
        - /keys/sec32f70fb3/create
        - api-version=7.0
        - ''
- request:
    body: '{"kty": "RSA"}'
    headers:
      Accept:
      - application/json
      Content-Length:
      - '14'
      Content-Type:
      - application/json; charset=utf-8
      User-Agent:
      - python/3.6.3 (Windows-10-10.0.18362-SP0) azure-core/1.0.0b2 azsdk-python-azure-keyvault/7.0
    method: POST
    uri: https://vault32f70fb3.vault.azure.net/keys/sec32f70fb3/create?api-version=7.0
  response:
    body:
      string: '{"key":{"kid":"https://vault32f70fb3.vault.azure.net/keys/sec32f70fb3/7b75b1c578a94a1a814f889d2edfa79e","kty":"RSA","key_ops":["encrypt","decrypt","sign","verify","wrapKey","unwrapKey"],"n":"vm4vIl0Qd7O-kBaGB5xZUi-1s6PjVoiOOrA1vJC3jCYDb2YB-xO5Okibq_rrmeqKCGqA1BvjAYU5koHNuI81HwYLVnSuaH05xxX4h2_tDpupmHNMyvaixEAFldoS_rY6LXu0sjU-NiTxug8qesZSk2D6Y8dtblv87MxPbz11Asc-IjhseHzkn6U8HfPx4Z0IVRtKtC83Qa_fE5PvFXE-vgzDCKbJcpQKvk_ykByxZGyYn9etCJntKuPCob1w5MnFoWbIAvLmkd_xXr1c75jhRT1Wio6eKPUYk3oj13kn0Wci5t_MYz7PeAUVlLXgx38hxU6rlkAKI5_c_mEaLF4mpQ","e":"AQAB"},"attributes":{"enabled":true,"created":1564527195,"updated":1564527195,"recoveryLevel":"Recoverable+Purgeable"}}'
    headers:
      cache-control: no-cache
      content-length: '659'
      content-type: application/json; charset=utf-8
      date: Tue, 30 Jul 2019 22:53:15 GMT
      expires: '-1'
      pragma: no-cache
      server: Microsoft-IIS/10.0
      strict-transport-security: max-age=31536000;includeSubDomains
      x-aspnet-version: 4.0.30319
      x-content-type-options: nosniff
      x-ms-keyvault-network-info: addr=24.16.158.132;act_addr_fam=InterNetwork;
      x-ms-keyvault-region: westus
      x-ms-keyvault-service-version: 1.1.0.872
      x-powered-by: ASP.NET
    status:
      code: 200
      message: OK
    url: !!python/object/new:yarl.URL
      state: !!python/tuple
      - !!python/object/new:urllib.parse.SplitResult
        - https
        - vault32f70fb3.vault.azure.net
        - /keys/sec32f70fb3/create
        - api-version=7.0
        - ''
- request:
    body: '{"kty": "RSA"}'
    headers:
      Accept:
      - application/json
      Content-Length:
      - '14'
      Content-Type:
      - application/json; charset=utf-8
      User-Agent:
      - python/3.6.3 (Windows-10-10.0.18362-SP0) azure-core/1.0.0b2 azsdk-python-azure-keyvault/7.0
    method: POST
    uri: https://vault32f70fb3.vault.azure.net/keys/sec32f70fb3/create?api-version=7.0
  response:
    body:
      string: '{"key":{"kid":"https://vault32f70fb3.vault.azure.net/keys/sec32f70fb3/57fccb90503944cf8c8cb4f5ff94cf96","kty":"RSA","key_ops":["encrypt","decrypt","sign","verify","wrapKey","unwrapKey"],"n":"1FfP070rHhDf3XumOs1t9fiXrXnYxt4mj1JQaz73YveKVuUGZ8MhY05So7SZlTnCaYGjY0p_pyMJK5hMRQX_gSUXFdKsB3HJZdxcEEnsgkXoLHI4tpGfGjznjj-Ky0G4rV6hQjlsIf6n4nxRCiPG4CjJw7nWlBJn4eDw1HSwEFtKcMHIW0p79rrHhuHGMYRbGWAMYgVTkGypsH45e6PyVXE5ueEERzJKA0f4S9LioIsp5LEleThm_E4CE9azlnYvl2WbKeensPKnYVlw_30gIDGsd719UJizsYxyn0Z6q-6ki7Ws4RWrWmZRaZii1c3CdhIpT8h504_DB-4DECqKSw","e":"AQAB"},"attributes":{"enabled":true,"created":1564527195,"updated":1564527195,"recoveryLevel":"Recoverable+Purgeable"}}'
    headers:
      cache-control: no-cache
      content-length: '659'
      content-type: application/json; charset=utf-8
      date: Tue, 30 Jul 2019 22:53:15 GMT
      expires: '-1'
      pragma: no-cache
      server: Microsoft-IIS/10.0
      strict-transport-security: max-age=31536000;includeSubDomains
      x-aspnet-version: 4.0.30319
      x-content-type-options: nosniff
      x-ms-keyvault-network-info: addr=24.16.158.132;act_addr_fam=InterNetwork;
      x-ms-keyvault-region: westus
      x-ms-keyvault-service-version: 1.1.0.872
      x-powered-by: ASP.NET
    status:
      code: 200
      message: OK
    url: !!python/object/new:yarl.URL
      state: !!python/tuple
      - !!python/object/new:urllib.parse.SplitResult
        - https
        - vault32f70fb3.vault.azure.net
        - /keys/sec32f70fb3/create
        - api-version=7.0
        - ''
- request:
    body: '{"kty": "RSA"}'
    headers:
      Accept:
      - application/json
      Content-Length:
      - '14'
      Content-Type:
      - application/json; charset=utf-8
      User-Agent:
      - python/3.6.3 (Windows-10-10.0.18362-SP0) azure-core/1.0.0b2 azsdk-python-azure-keyvault/7.0
    method: POST
    uri: https://vault32f70fb3.vault.azure.net/keys/sec32f70fb3/create?api-version=7.0
  response:
    body:
      string: '{"key":{"kid":"https://vault32f70fb3.vault.azure.net/keys/sec32f70fb3/e8ff437f48034bc08401754943403333","kty":"RSA","key_ops":["encrypt","decrypt","sign","verify","wrapKey","unwrapKey"],"n":"iW4vfWb9owDVk2P5GGu4qfMbIrRhcQUenHS6BRkAQPhqrDQ-8FuHO27r-fliHlm7bGNRlBgD7dMtPBrsAPdGHS21MX4T5Yo8YjQvYwGkqiMHlDeGiWqrEKZhj7yOWvqJXtCJkgCYLoswMgy6nIz3Ptj3yKhQ6nzb4djeVgNnaatxgas-QUbhLobplHq94AoxlJDqIBvBqLv2C4AR9XqtxS0mOFu_BM4eCNq_-ALK3hMpdYGfxpoDCRiWAsC8s1iHsv5DjeKF44Gmoexw7A081shyar5HW067ttOyMz_iI3lj9Dxo8n2g5o8HSQgz7ysPDR_QcxEY-rxsUhDdxwFUqw","e":"AQAB"},"attributes":{"enabled":true,"created":1564527195,"updated":1564527195,"recoveryLevel":"Recoverable+Purgeable"}}'
    headers:
      cache-control: no-cache
      content-length: '659'
      content-type: application/json; charset=utf-8
      date: Tue, 30 Jul 2019 22:53:15 GMT
      expires: '-1'
      pragma: no-cache
      server: Microsoft-IIS/10.0
      strict-transport-security: max-age=31536000;includeSubDomains
      x-aspnet-version: 4.0.30319
      x-content-type-options: nosniff
      x-ms-keyvault-network-info: addr=24.16.158.132;act_addr_fam=InterNetwork;
      x-ms-keyvault-region: westus
      x-ms-keyvault-service-version: 1.1.0.872
      x-powered-by: ASP.NET
    status:
      code: 200
      message: OK
    url: !!python/object/new:yarl.URL
      state: !!python/tuple
      - !!python/object/new:urllib.parse.SplitResult
        - https
        - vault32f70fb3.vault.azure.net
        - /keys/sec32f70fb3/create
        - api-version=7.0
        - ''
- request:
    body: '{"kty": "RSA"}'
    headers:
      Accept:
      - application/json
      Content-Length:
      - '14'
      Content-Type:
      - application/json; charset=utf-8
      User-Agent:
      - python/3.6.3 (Windows-10-10.0.18362-SP0) azure-core/1.0.0b2 azsdk-python-azure-keyvault/7.0
    method: POST
    uri: https://vault32f70fb3.vault.azure.net/keys/sec32f70fb3/create?api-version=7.0
  response:
    body:
      string: '{"key":{"kid":"https://vault32f70fb3.vault.azure.net/keys/sec32f70fb3/2fa84ef9423a4cb5b286ca7bf77cfd02","kty":"RSA","key_ops":["encrypt","decrypt","sign","verify","wrapKey","unwrapKey"],"n":"qInaUwEM6ZQAcb_Hk5d5rUP-DannLP_iAToOZeoUFgDi_dQBjwL5z0KMO2OBXUPgTh1ms_ePW0fvjRD7xyS-ZQ1aftrIX3pK_1OdnOpO5dDgFDOAEW9LCTz31RCCyMS9FMkjjbQ1iwX1ydEpM8eCw5_MrXhGL5FrPuorIq_GHpTbyV-ars_u1oJfdsUHOaD7riBizEk4sGld58EBoOHiH3HRojQ86E7WoXMUnX5KBX6CLggP9_SlVg2nnLPjDKWPddTPPpBmelCy9VF5g7T7UV3BtMymC-2XFZuPHOq8VjAjzZOn2Ant3IWotwRnokM1axlRqKa9rNGdEJvit6JB2w","e":"AQAB"},"attributes":{"enabled":true,"created":1564527195,"updated":1564527195,"recoveryLevel":"Recoverable+Purgeable"}}'
    headers:
      cache-control: no-cache
      content-length: '659'
      content-type: application/json; charset=utf-8
      date: Tue, 30 Jul 2019 22:53:15 GMT
      expires: '-1'
      pragma: no-cache
      server: Microsoft-IIS/10.0
      strict-transport-security: max-age=31536000;includeSubDomains
      x-aspnet-version: 4.0.30319
      x-content-type-options: nosniff
      x-ms-keyvault-network-info: addr=24.16.158.132;act_addr_fam=InterNetwork;
      x-ms-keyvault-region: westus
      x-ms-keyvault-service-version: 1.1.0.872
      x-powered-by: ASP.NET
    status:
      code: 200
      message: OK
    url: !!python/object/new:yarl.URL
      state: !!python/tuple
      - !!python/object/new:urllib.parse.SplitResult
        - https
        - vault32f70fb3.vault.azure.net
        - /keys/sec32f70fb3/create
        - api-version=7.0
        - ''
- request:
    body: null
    headers:
      Accept:
      - application/json
      User-Agent:
      - python/3.6.3 (Windows-10-10.0.18362-SP0) azure-core/1.0.0b2 azsdk-python-azure-keyvault/7.0
    method: DELETE
    uri: https://vault32f70fb3.vault.azure.net/keys/sec32f70fb3?api-version=7.0
  response:
    body:
      string: '{"recoveryId":"https://vault32f70fb3.vault.azure.net/deletedkeys/sec32f70fb3","deletedDate":1564527196,"scheduledPurgeDate":1572303196,"key":{"kid":"https://vault32f70fb3.vault.azure.net/keys/sec32f70fb3/2fa84ef9423a4cb5b286ca7bf77cfd02","kty":"RSA","key_ops":["encrypt","decrypt","sign","verify","wrapKey","unwrapKey"],"n":"qInaUwEM6ZQAcb_Hk5d5rUP-DannLP_iAToOZeoUFgDi_dQBjwL5z0KMO2OBXUPgTh1ms_ePW0fvjRD7xyS-ZQ1aftrIX3pK_1OdnOpO5dDgFDOAEW9LCTz31RCCyMS9FMkjjbQ1iwX1ydEpM8eCw5_MrXhGL5FrPuorIq_GHpTbyV-ars_u1oJfdsUHOaD7riBizEk4sGld58EBoOHiH3HRojQ86E7WoXMUnX5KBX6CLggP9_SlVg2nnLPjDKWPddTPPpBmelCy9VF5g7T7UV3BtMymC-2XFZuPHOq8VjAjzZOn2Ant3IWotwRnokM1axlRqKa9rNGdEJvit6JB2w","e":"AQAB"},"attributes":{"enabled":true,"created":1564527195,"updated":1564527195,"recoveryLevel":"Recoverable+Purgeable"}}'
    headers:
      cache-control: no-cache
      content-length: '793'
      content-type: application/json; charset=utf-8
      date: Tue, 30 Jul 2019 22:53:15 GMT
      expires: '-1'
      pragma: no-cache
      server: Microsoft-IIS/10.0
      strict-transport-security: max-age=31536000;includeSubDomains
      x-aspnet-version: 4.0.30319
      x-content-type-options: nosniff
      x-ms-keyvault-network-info: addr=24.16.158.132;act_addr_fam=InterNetwork;
      x-ms-keyvault-region: westus
      x-ms-keyvault-service-version: 1.1.0.872
      x-powered-by: ASP.NET
    status:
      code: 200
      message: OK
    url: !!python/object/new:yarl.URL
      state: !!python/tuple
      - !!python/object/new:urllib.parse.SplitResult
        - https
        - vault32f70fb3.vault.azure.net
        - /keys/sec32f70fb3
        - api-version=7.0
        - ''
- request:
    body: null
    headers:
      Accept:
      - application/json
      User-Agent:
      - python/3.6.3 (Windows-10-10.0.18362-SP0) azure-core/1.0.0b2 azsdk-python-azure-keyvault/7.0
    method: GET
    uri: https://vault32f70fb3.vault.azure.net/deletedkeys/sec32f70fb3?api-version=7.0
  response:
    body:
      string: '{"error":{"code":"KeyNotFound","message":"Deleted Key not found: sec32f70fb3"}}'
    headers:
      cache-control: no-cache
      content-length: '79'
      content-type: application/json; charset=utf-8
      date: Tue, 30 Jul 2019 22:53:15 GMT
      expires: '-1'
      pragma: no-cache
      server: Microsoft-IIS/10.0
      strict-transport-security: max-age=31536000;includeSubDomains
      x-aspnet-version: 4.0.30319
      x-content-type-options: nosniff
      x-ms-keyvault-network-info: addr=24.16.158.132;act_addr_fam=InterNetwork;
      x-ms-keyvault-region: westus
      x-ms-keyvault-service-version: 1.1.0.872
      x-powered-by: ASP.NET
    status:
      code: 404
      message: Not Found
    url: !!python/object/new:yarl.URL
      state: !!python/tuple
      - !!python/object/new:urllib.parse.SplitResult
        - https
        - vault32f70fb3.vault.azure.net
        - /deletedkeys/sec32f70fb3
        - api-version=7.0
        - ''
- request:
    body: null
    headers:
      Accept:
      - application/json
      User-Agent:
      - python/3.6.3 (Windows-10-10.0.18362-SP0) azure-core/1.0.0b2 azsdk-python-azure-keyvault/7.0
    method: GET
    uri: https://vault32f70fb3.vault.azure.net/deletedkeys/sec32f70fb3?api-version=7.0
  response:
    body:
      string: '{"error":{"code":"KeyNotFound","message":"Deleted Key not found: sec32f70fb3"}}'
    headers:
      cache-control: no-cache
      content-length: '79'
      content-type: application/json; charset=utf-8
      date: Tue, 30 Jul 2019 22:53:18 GMT
      expires: '-1'
      pragma: no-cache
      server: Microsoft-IIS/10.0
      strict-transport-security: max-age=31536000;includeSubDomains
      x-aspnet-version: 4.0.30319
      x-content-type-options: nosniff
      x-ms-keyvault-network-info: addr=24.16.158.132;act_addr_fam=InterNetwork;
      x-ms-keyvault-region: westus
      x-ms-keyvault-service-version: 1.1.0.872
      x-powered-by: ASP.NET
    status:
      code: 404
      message: Not Found
    url: !!python/object/new:yarl.URL
      state: !!python/tuple
      - !!python/object/new:urllib.parse.SplitResult
        - https
        - vault32f70fb3.vault.azure.net
        - /deletedkeys/sec32f70fb3
        - api-version=7.0
        - ''
- request:
    body: null
    headers:
      Accept:
      - application/json
      User-Agent:
      - python/3.6.3 (Windows-10-10.0.18362-SP0) azure-core/1.0.0b2 azsdk-python-azure-keyvault/7.0
    method: GET
    uri: https://vault32f70fb3.vault.azure.net/deletedkeys/sec32f70fb3?api-version=7.0
  response:
    body:
      string: '{"error":{"code":"KeyNotFound","message":"Deleted Key not found: sec32f70fb3"}}'
    headers:
      cache-control: no-cache
      content-length: '79'
      content-type: application/json; charset=utf-8
      date: Tue, 30 Jul 2019 22:53:21 GMT
      expires: '-1'
      pragma: no-cache
      server: Microsoft-IIS/10.0
      strict-transport-security: max-age=31536000;includeSubDomains
      x-aspnet-version: 4.0.30319
      x-content-type-options: nosniff
      x-ms-keyvault-network-info: addr=24.16.158.132;act_addr_fam=InterNetwork;
      x-ms-keyvault-region: westus
      x-ms-keyvault-service-version: 1.1.0.872
      x-powered-by: ASP.NET
    status:
      code: 404
      message: Not Found
    url: !!python/object/new:yarl.URL
      state: !!python/tuple
      - !!python/object/new:urllib.parse.SplitResult
        - https
        - vault32f70fb3.vault.azure.net
        - /deletedkeys/sec32f70fb3
        - api-version=7.0
        - ''
- request:
    body: null
    headers:
      Accept:
      - application/json
      User-Agent:
      - python/3.6.3 (Windows-10-10.0.18362-SP0) azure-core/1.0.0b2 azsdk-python-azure-keyvault/7.0
    method: GET
    uri: https://vault32f70fb3.vault.azure.net/deletedkeys/sec32f70fb3?api-version=7.0
  response:
    body:
      string: '{"error":{"code":"KeyNotFound","message":"Deleted Key not found: sec32f70fb3"}}'
    headers:
      cache-control: no-cache
      content-length: '79'
      content-type: application/json; charset=utf-8
      date: Tue, 30 Jul 2019 22:53:24 GMT
      expires: '-1'
      pragma: no-cache
      server: Microsoft-IIS/10.0
      strict-transport-security: max-age=31536000;includeSubDomains
      x-aspnet-version: 4.0.30319
      x-content-type-options: nosniff
      x-ms-keyvault-network-info: addr=24.16.158.132;act_addr_fam=InterNetwork;
      x-ms-keyvault-region: westus
      x-ms-keyvault-service-version: 1.1.0.872
      x-powered-by: ASP.NET
    status:
      code: 404
      message: Not Found
    url: !!python/object/new:yarl.URL
      state: !!python/tuple
      - !!python/object/new:urllib.parse.SplitResult
        - https
        - vault32f70fb3.vault.azure.net
        - /deletedkeys/sec32f70fb3
        - api-version=7.0
        - ''
- request:
    body: null
    headers:
      Accept:
      - application/json
      User-Agent:
      - python/3.6.3 (Windows-10-10.0.18362-SP0) azure-core/1.0.0b2 azsdk-python-azure-keyvault/7.0
    method: GET
    uri: https://vault32f70fb3.vault.azure.net/deletedkeys/sec32f70fb3?api-version=7.0
  response:
    body:
      string: '{"error":{"code":"KeyNotFound","message":"Deleted Key not found: sec32f70fb3"}}'
    headers:
      cache-control: no-cache
      content-length: '79'
      content-type: application/json; charset=utf-8
      date: Tue, 30 Jul 2019 22:53:27 GMT
      expires: '-1'
      pragma: no-cache
      server: Microsoft-IIS/10.0
      strict-transport-security: max-age=31536000;includeSubDomains
      x-aspnet-version: 4.0.30319
      x-content-type-options: nosniff
      x-ms-keyvault-network-info: addr=24.16.158.132;act_addr_fam=InterNetwork;
      x-ms-keyvault-region: westus
      x-ms-keyvault-service-version: 1.1.0.872
      x-powered-by: ASP.NET
    status:
      code: 404
      message: Not Found
    url: !!python/object/new:yarl.URL
      state: !!python/tuple
      - !!python/object/new:urllib.parse.SplitResult
        - https
        - vault32f70fb3.vault.azure.net
        - /deletedkeys/sec32f70fb3
        - api-version=7.0
        - ''
- request:
    body: null
    headers:
      Accept:
      - application/json
      User-Agent:
      - python/3.6.3 (Windows-10-10.0.18362-SP0) azure-core/1.0.0b2 azsdk-python-azure-keyvault/7.0
    method: GET
    uri: https://vault32f70fb3.vault.azure.net/deletedkeys/sec32f70fb3?api-version=7.0
  response:
    body:
      string: '{"recoveryId":"https://vault32f70fb3.vault.azure.net/deletedkeys/sec32f70fb3","deletedDate":1564527196,"scheduledPurgeDate":1572303196,"key":{"kid":"https://vault32f70fb3.vault.azure.net/keys/sec32f70fb3/2fa84ef9423a4cb5b286ca7bf77cfd02","kty":"RSA","key_ops":["encrypt","decrypt","sign","verify","wrapKey","unwrapKey"],"n":"qInaUwEM6ZQAcb_Hk5d5rUP-DannLP_iAToOZeoUFgDi_dQBjwL5z0KMO2OBXUPgTh1ms_ePW0fvjRD7xyS-ZQ1aftrIX3pK_1OdnOpO5dDgFDOAEW9LCTz31RCCyMS9FMkjjbQ1iwX1ydEpM8eCw5_MrXhGL5FrPuorIq_GHpTbyV-ars_u1oJfdsUHOaD7riBizEk4sGld58EBoOHiH3HRojQ86E7WoXMUnX5KBX6CLggP9_SlVg2nnLPjDKWPddTPPpBmelCy9VF5g7T7UV3BtMymC-2XFZuPHOq8VjAjzZOn2Ant3IWotwRnokM1axlRqKa9rNGdEJvit6JB2w","e":"AQAB"},"attributes":{"enabled":true,"created":1564527195,"updated":1564527195,"recoveryLevel":"Recoverable+Purgeable"}}'
    headers:
      cache-control: no-cache
      content-length: '793'
      content-type: application/json; charset=utf-8
      date: Tue, 30 Jul 2019 22:53:30 GMT
      expires: '-1'
      pragma: no-cache
      server: Microsoft-IIS/10.0
      strict-transport-security: max-age=31536000;includeSubDomains
      x-aspnet-version: 4.0.30319
      x-content-type-options: nosniff
      x-ms-keyvault-network-info: addr=24.16.158.132;act_addr_fam=InterNetwork;
      x-ms-keyvault-region: westus
      x-ms-keyvault-service-version: 1.1.0.872
      x-powered-by: ASP.NET
    status:
      code: 200
      message: OK
    url: !!python/object/new:yarl.URL
      state: !!python/tuple
      - !!python/object/new:urllib.parse.SplitResult
        - https
        - vault32f70fb3.vault.azure.net
        - /deletedkeys/sec32f70fb3
        - api-version=7.0
        - ''
- request:
    body: null
    headers:
      Accept:
      - application/json
      User-Agent:
      - python/3.6.3 (Windows-10-10.0.18362-SP0) azure-core/1.0.0b2 azsdk-python-azure-keyvault/7.0
    method: GET
    uri: https://vault32f70fb3.vault.azure.net/deletedkeys?api-version=7.0
  response:
    body:
      string: '{"value":[{"recoveryId":"https://vault32f70fb3.vault.azure.net/deletedkeys/sec32f70fb3","deletedDate":1564527196,"scheduledPurgeDate":1572303196,"kid":"https://vault32f70fb3.vault.azure.net/keys/sec32f70fb3","attributes":{"enabled":true,"created":1564527195,"updated":1564527195,"recoveryLevel":"Recoverable+Purgeable"}}],"nextLink":null}'
    headers:
      cache-control: no-cache
      content-length: '338'
      content-type: application/json; charset=utf-8
      date: Tue, 30 Jul 2019 22:53:30 GMT
      expires: '-1'
      pragma: no-cache
      server: Microsoft-IIS/10.0
      strict-transport-security: max-age=31536000;includeSubDomains
      x-aspnet-version: 4.0.30319
      x-content-type-options: nosniff
      x-ms-keyvault-network-info: addr=24.16.158.132;act_addr_fam=InterNetwork;
      x-ms-keyvault-region: westus
      x-ms-keyvault-service-version: 1.1.0.872
      x-powered-by: ASP.NET
    status:
      code: 200
      message: OK
    url: !!python/object/new:yarl.URL
      state: !!python/tuple
      - !!python/object/new:urllib.parse.SplitResult
        - https
        - vault32f70fb3.vault.azure.net
        - /deletedkeys
        - api-version=7.0
        - ''
- request:
    body: null
    headers:
      Accept:
      - application/json
      User-Agent:
      - python/3.6.3 (Windows-10-10.0.18362-SP0) azure-core/1.0.0b2 azsdk-python-azure-keyvault/7.0
    method: GET
    uri: https://vault32f70fb3.vault.azure.net/deletedkeys?api-version=7.0
  response:
    body:
      string: '{"value":[{"recoveryId":"https://vault32f70fb3.vault.azure.net/deletedkeys/sec32f70fb3","deletedDate":1564527196,"scheduledPurgeDate":1572303196,"kid":"https://vault32f70fb3.vault.azure.net/keys/sec32f70fb3","attributes":{"enabled":true,"created":1564527195,"updated":1564527195,"recoveryLevel":"Recoverable+Purgeable"}}],"nextLink":null}'
    headers:
      cache-control: no-cache
      content-length: '338'
      content-type: application/json; charset=utf-8
      date: Tue, 30 Jul 2019 22:53:30 GMT
      expires: '-1'
      pragma: no-cache
      server: Microsoft-IIS/10.0
      strict-transport-security: max-age=31536000;includeSubDomains
      x-aspnet-version: 4.0.30319
      x-content-type-options: nosniff
      x-ms-keyvault-network-info: addr=24.16.158.132;act_addr_fam=InterNetwork;
      x-ms-keyvault-region: westus
      x-ms-keyvault-service-version: 1.1.0.872
      x-powered-by: ASP.NET
    status:
      code: 200
      message: OK
    url: !!python/object/new:yarl.URL
      state: !!python/tuple
      - !!python/object/new:urllib.parse.SplitResult
        - https
        - vault32f70fb3.vault.azure.net
        - /deletedkeys
        - api-version=7.0
        - ''
version: 1
