{
  "Entries": [
    {
      "RequestUri": "https://vaultname.vault.azure.net/keys/livekvtestkey0a4d26ef/create?api-version=7.2",
      "RequestMethod": "POST",
      "RequestHeaders": {
        "Accept": "application/json",
        "Accept-Encoding": "gzip, deflate",
        "Connection": "keep-alive",
        "Content-Length": "0",
        "Content-Type": "application/json",
        "User-Agent": "azsdk-python-keyvault-keys/4.5.1 Python/3.9.9 (Windows-10-10.0.22000-SP0)"
      },
      "RequestBody": null,
      "StatusCode": 401,
      "ResponseHeaders": {
        "Cache-Control": "no-cache",
        "Content-Length": "97",
        "Content-Type": "application/json; charset=utf-8",
        "Date": "Fri, 15 Apr 2022 22:35:23 GMT",
        "Expires": "-1",
        "Pragma": "no-cache",
        "Strict-Transport-Security": "max-age=31536000;includeSubDomains",
        "WWW-Authenticate": "Bearer authorization=\u0022https://login.windows.net/00000000-0000-0000-0000-000000000000\u0022, resource=\u0022https://vault.azure.net\u0022",
        "X-Content-Type-Options": "nosniff",
        "x-ms-keyvault-network-info": "conn_type=Ipv4;addr=73.232.137.144;act_addr_fam=InterNetwork;",
        "x-ms-keyvault-region": "westus2",
        "x-ms-keyvault-service-version": "1.9.358.1"
      },
      "ResponseBody": {
        "error": {
          "code": "Unauthorized",
          "message": "AKV10000: Request is missing a Bearer or PoP token."
        }
      }
    },
    {
      "RequestUri": "https://login.microsoftonline.com/00000000-0000-0000-0000-000000000000/v2.0/.well-known/openid-configuration",
      "RequestMethod": "GET",
      "RequestHeaders": {
        "Accept": "*/*",
        "Accept-Encoding": "gzip, deflate",
        "Connection": "keep-alive",
        "User-Agent": "azsdk-python-identity/1.10.0b2 Python/3.9.9 (Windows-10-10.0.22000-SP0)"
      },
      "RequestBody": null,
      "StatusCode": 200,
      "ResponseHeaders": {
        "Access-Control-Allow-Methods": "GET, OPTIONS",
        "Access-Control-Allow-Origin": "*",
        "Cache-Control": "max-age=86400, private",
        "Content-Length": "1753",
        "Content-Type": "application/json; charset=utf-8",
        "Date": "Fri, 15 Apr 2022 22:35:22 GMT",
        "P3P": "CP=\u0022DSP CUR OTPi IND OTRi ONL FIN\u0022",
        "Set-Cookie": [
          "fpc=AjXrbxA4WpZEtJruXChTXptv7ioyAgAAAJnp69kOAAAAwSDpKQEAAACk6evZDgAAAA; expires=Sun, 15-May-2022 22:35:23 GMT; path=/; secure; HttpOnly; SameSite=None",
          "x-ms-gateway-slice=estsfd; path=/; secure; samesite=none; httponly",
          "stsservicecookie=estsfd; path=/; secure; samesite=none; httponly"
        ],
        "Strict-Transport-Security": "max-age=31536000; includeSubDomains",
        "X-Content-Type-Options": "nosniff",
        "x-ms-ests-server": "2.1.12651.5 - NCUS ProdSlices",
        "X-XSS-Protection": "0"
      },
      "ResponseBody": {
        "token_endpoint": "https://login.microsoftonline.com/00000000-0000-0000-0000-000000000000/oauth2/v2.0/token",
        "token_endpoint_auth_methods_supported": [
          "client_secret_post",
          "private_key_jwt",
          "client_secret_basic"
        ],
        "jwks_uri": "https://login.microsoftonline.com/00000000-0000-0000-0000-000000000000/discovery/v2.0/keys",
        "response_modes_supported": [
          "query",
          "fragment",
          "form_post"
        ],
        "subject_types_supported": [
          "pairwise"
        ],
        "id_token_signing_alg_values_supported": [
          "RS256"
        ],
        "response_types_supported": [
          "code",
          "id_token",
          "code id_token",
          "id_token token"
        ],
        "scopes_supported": [
          "openid",
          "profile",
          "email",
          "offline_access"
        ],
        "issuer": "https://login.microsoftonline.com/00000000-0000-0000-0000-000000000000/v2.0",
        "request_uri_parameter_supported": false,
        "userinfo_endpoint": "https://graph.microsoft.com/oidc/userinfo",
        "authorization_endpoint": "https://login.microsoftonline.com/00000000-0000-0000-0000-000000000000/oauth2/v2.0/authorize",
        "device_authorization_endpoint": "https://login.microsoftonline.com/00000000-0000-0000-0000-000000000000/oauth2/v2.0/devicecode",
        "http_logout_supported": true,
        "frontchannel_logout_supported": true,
        "end_session_endpoint": "https://login.microsoftonline.com/00000000-0000-0000-0000-000000000000/oauth2/v2.0/logout",
        "claims_supported": [
          "sub",
          "iss",
          "cloud_instance_name",
          "cloud_instance_host_name",
          "cloud_graph_host_name",
          "msgraph_host",
          "aud",
          "exp",
          "iat",
          "auth_time",
          "acr",
          "nonce",
          "preferred_username",
          "name",
          "tid",
          "ver",
          "at_hash",
          "c_hash",
          "email"
        ],
        "kerberos_endpoint": "https://login.microsoftonline.com/00000000-0000-0000-0000-000000000000/kerberos",
        "tenant_region_scope": "WW",
        "cloud_instance_name": "microsoftonline.com",
        "cloud_graph_host_name": "graph.windows.net",
        "msgraph_host": "graph.microsoft.com",
        "rbac_url": "https://pas.windows.net"
      }
    },
    {
      "RequestUri": "https://login.microsoftonline.com/common/discovery/instance?api-version=1.1\u0026authorization_endpoint=https://login.microsoftonline.com/common/oauth2/authorize",
      "RequestMethod": "GET",
      "RequestHeaders": {
        "Accept": "application/json",
        "Accept-Encoding": "gzip, deflate",
        "Connection": "keep-alive",
        "Cookie": "fpc=AjXrbxA4WpZEtJruXChTXptv7ioyAgAAAJnp69kOAAAAwSDpKQEAAACk6evZDgAAAA; stsservicecookie=estsfd; x-ms-gateway-slice=estsfd",
        "User-Agent": "azsdk-python-identity/1.10.0b2 Python/3.9.9 (Windows-10-10.0.22000-SP0)"
      },
      "RequestBody": null,
      "StatusCode": 200,
      "ResponseHeaders": {
        "Access-Control-Allow-Methods": "GET, OPTIONS",
        "Access-Control-Allow-Origin": "*",
        "Cache-Control": "max-age=86400, private",
        "Content-Length": "945",
        "Content-Type": "application/json; charset=utf-8",
        "Date": "Fri, 15 Apr 2022 22:35:22 GMT",
        "P3P": "CP=\u0022DSP CUR OTPi IND OTRi ONL FIN\u0022",
        "Set-Cookie": [
          "fpc=AjXrbxA4WpZEtJruXChTXptv7ioyAgAAAJnp69kOAAAAwSDpKQEAAACk6evZDgAAAA; expires=Sun, 15-May-2022 22:35:23 GMT; path=/; secure; HttpOnly; SameSite=None",
          "x-ms-gateway-slice=estsfd; path=/; secure; samesite=none; httponly",
          "stsservicecookie=estsfd; path=/; secure; samesite=none; httponly"
        ],
        "Strict-Transport-Security": "max-age=31536000; includeSubDomains",
        "X-Content-Type-Options": "nosniff",
        "x-ms-ests-server": "2.1.12651.5 - NCUS ProdSlices",
        "X-XSS-Protection": "0"
      },
      "ResponseBody": {
        "tenant_discovery_endpoint": "https://login.microsoftonline.com/common/.well-known/openid-configuration",
        "api-version": "1.1",
        "metadata": [
          {
            "preferred_network": "login.microsoftonline.com",
            "preferred_cache": "login.windows.net",
            "aliases": [
              "login.microsoftonline.com",
              "login.windows.net",
              "login.microsoft.com",
              "sts.windows.net"
            ]
          },
          {
            "preferred_network": "login.partner.microsoftonline.cn",
            "preferred_cache": "login.partner.microsoftonline.cn",
            "aliases": [
              "login.partner.microsoftonline.cn",
              "login.chinacloudapi.cn"
            ]
          },
          {
            "preferred_network": "login.microsoftonline.de",
            "preferred_cache": "login.microsoftonline.de",
            "aliases": [
              "login.microsoftonline.de"
            ]
          },
          {
            "preferred_network": "login.microsoftonline.us",
            "preferred_cache": "login.microsoftonline.us",
            "aliases": [
              "login.microsoftonline.us",
              "login.usgovcloudapi.net"
            ]
          },
          {
            "preferred_network": "login-us.microsoftonline.com",
            "preferred_cache": "login-us.microsoftonline.com",
            "aliases": [
              "login-us.microsoftonline.com"
            ]
          }
        ]
      }
    },
    {
      "RequestUri": "https://vaultname.vault.azure.net/keys/livekvtestkey0a4d26ef/create?api-version=7.2",
      "RequestMethod": "POST",
      "RequestHeaders": {
        "Accept": "application/json",
        "Accept-Encoding": "gzip, deflate",
        "Connection": "keep-alive",
        "Content-Length": "14",
        "Content-Type": "application/json",
        "User-Agent": "azsdk-python-keyvault-keys/4.5.1 Python/3.9.9 (Windows-10-10.0.22000-SP0)"
      },
      "RequestBody": {
        "kty": "RSA"
      },
      "StatusCode": 200,
      "ResponseHeaders": {
        "Cache-Control": "no-cache",
        "Content-Length": "695",
        "Content-Type": "application/json; charset=utf-8",
        "Date": "Fri, 15 Apr 2022 22:35:23 GMT",
        "Expires": "-1",
        "Pragma": "no-cache",
        "Strict-Transport-Security": "max-age=31536000;includeSubDomains",
        "X-Content-Type-Options": "nosniff",
        "x-ms-keyvault-network-info": "conn_type=Ipv4;addr=73.232.137.144;act_addr_fam=InterNetwork;",
        "x-ms-keyvault-rbac-assignment-id": "ae1ec34e-30ed-581a-9f84-7759a8c5a1fa",
        "x-ms-keyvault-rbac-cache": "ra_age=5593;da_age=691;rd_age=691;brd_age=11315;ra_notif_age=6172;dec_lev=1;",
        "x-ms-keyvault-region": "westus2",
        "x-ms-keyvault-service-version": "1.9.358.1"
      },
      "ResponseBody": {
        "key": {
          "kid": "https://vaultname.vault.azure.net/keys/livekvtestkey0a4d26ef/e92e4dc6dc7244a3ac5d4c32913b7c33",
          "kty": "RSA",
          "key_ops": [
            "encrypt",
            "decrypt",
            "sign",
            "verify",
            "wrapKey",
            "unwrapKey"
          ],
          "n": "1L378ZKfhcpiGlhUUzYbexrXbCWwai6gHmvkyjAYoMJZAukxk8n2TEGVukT6lsPI-my-9HsdFY47G1jEWpOvDincO-WYNekt4folx0B1o8IT4O4H1UjNEdcson6FmHnvS2RjYZhTOm85g9ie4r5vyb7ZAgDptbIAj50HcoaZoouhLd_M3HlUnA9M_AL3U5ERJAbE5XXQHJFhoM01Z4MONbBl4NysASQasdfmyQDwXMjmyM-a8wfV6MLFQ33dWgR7M0vRQK4LHWBH8n77hSd5s0btaNdQ5VEVaftEIOlWIA1nbTMynOPv5XJ0VA4Sp0Kt039kDJmxbpUMLhaxmqtk6Q",
          "e": "AQAB"
        },
        "attributes": {
          "enabled": true,
          "created": 1650062124,
          "updated": 1650062124,
          "recoveryLevel": "CustomizedRecoverable\u002BPurgeable",
          "recoverableDays": 7
        }
      }
    },
    {
      "RequestUri": "https://vaultname.vault.azure.net/keys/livekvtestkey1a4d26ef/create?api-version=7.2",
      "RequestMethod": "POST",
      "RequestHeaders": {
        "Accept": "application/json",
        "Accept-Encoding": "gzip, deflate",
        "Connection": "keep-alive",
        "Content-Length": "14",
        "Content-Type": "application/json",
        "User-Agent": "azsdk-python-keyvault-keys/4.5.1 Python/3.9.9 (Windows-10-10.0.22000-SP0)"
      },
      "RequestBody": {
        "kty": "RSA"
      },
      "StatusCode": 200,
      "ResponseHeaders": {
        "Cache-Control": "no-cache",
        "Content-Length": "695",
        "Content-Type": "application/json; charset=utf-8",
        "Date": "Fri, 15 Apr 2022 22:35:26 GMT",
        "Expires": "-1",
        "Pragma": "no-cache",
        "Strict-Transport-Security": "max-age=31536000;includeSubDomains",
        "X-Content-Type-Options": "nosniff",
        "x-ms-keyvault-network-info": "conn_type=Ipv4;addr=73.232.137.144;act_addr_fam=InterNetwork;",
        "x-ms-keyvault-rbac-assignment-id": "ae1ec34e-30ed-581a-9f84-7759a8c5a1fa",
        "x-ms-keyvault-rbac-cache": "ra_age=5595;da_age=693;rd_age=693;brd_age=11317;ra_notif_age=6174;dec_lev=1;",
        "x-ms-keyvault-region": "westus2",
        "x-ms-keyvault-service-version": "1.9.358.1"
      },
      "ResponseBody": {
        "key": {
          "kid": "https://vaultname.vault.azure.net/keys/livekvtestkey1a4d26ef/e6ca51157ba44201970ca4f26b262b2a",
          "kty": "RSA",
          "key_ops": [
            "encrypt",
            "decrypt",
            "sign",
            "verify",
            "wrapKey",
            "unwrapKey"
          ],
          "n": "uGjHqLPjzGh1apnxbYTZlmP6xbG8b2dj33Qp5ocK6rCXICxNllhKgyjVTBZPkDV7LlULK8A4kvntw-_Tu2SZerMx735KJ7nfzC38ZqWm4lc51rQOTGvw--oO0utmXAOjy_nzF4rFVoreseJTQnM-qWjPj2vup2yp67HtxRQFEkN-aOFprG0j7TtnpHlqAtdxf7AIkproOB9SmWypMVnWnJnc6k8D_lLTLap1gHkCsCElAEoaxVEzIzksH8hsNbPKpdzT1EtJ7zd2HNuBmaptTyqeszvbF9tFoEltL7M_AM9qA7bK1uwmbqY0nDlk1jCsMAONKMAJOPx5Qv5HkflSVQ",
          "e": "AQAB"
        },
        "attributes": {
          "enabled": true,
          "created": 1650062126,
          "updated": 1650062126,
          "recoveryLevel": "CustomizedRecoverable\u002BPurgeable",
          "recoverableDays": 7
        }
      }
    },
    {
      "RequestUri": "https://vaultname.vault.azure.net/keys/livekvtestkey2a4d26ef/create?api-version=7.2",
      "RequestMethod": "POST",
      "RequestHeaders": {
        "Accept": "application/json",
        "Accept-Encoding": "gzip, deflate",
        "Connection": "keep-alive",
        "Content-Length": "14",
        "Content-Type": "application/json",
        "User-Agent": "azsdk-python-keyvault-keys/4.5.1 Python/3.9.9 (Windows-10-10.0.22000-SP0)"
      },
      "RequestBody": {
        "kty": "RSA"
      },
      "StatusCode": 200,
      "ResponseHeaders": {
        "Cache-Control": "no-cache",
        "Content-Length": "695",
        "Content-Type": "application/json; charset=utf-8",
        "Date": "Fri, 15 Apr 2022 22:35:28 GMT",
        "Expires": "-1",
        "Pragma": "no-cache",
        "Strict-Transport-Security": "max-age=31536000;includeSubDomains",
        "X-Content-Type-Options": "nosniff",
        "x-ms-keyvault-network-info": "conn_type=Ipv4;addr=73.232.137.144;act_addr_fam=InterNetwork;",
        "x-ms-keyvault-rbac-assignment-id": "ae1ec34e-30ed-581a-9f84-7759a8c5a1fa",
        "x-ms-keyvault-rbac-cache": "ra_age=5597;da_age=695;rd_age=695;brd_age=11320;ra_notif_age=6177;dec_lev=1;",
        "x-ms-keyvault-region": "westus2",
        "x-ms-keyvault-service-version": "1.9.358.1"
      },
      "ResponseBody": {
        "key": {
          "kid": "https://vaultname.vault.azure.net/keys/livekvtestkey2a4d26ef/7389e31dcd114082b7ea82643824b763",
          "kty": "RSA",
          "key_ops": [
            "encrypt",
            "decrypt",
            "sign",
            "verify",
            "wrapKey",
            "unwrapKey"
          ],
          "n": "yzBwlWpJLiAbyy0Llm0kNQxQlFIKTlNptaYbgSJB6BZQ5EcMixi_4xHvCFpjWTwMi18n218WPOL3QyO7m0KfVjjTg3Rm0_3pNVQiNoVhahwmFYHGcOaXzpt2_97GceSJ7lGpGXoukRaAEaXR0v5yXEdjWJN2ABZ17c9ILVveP1m2ctwdbXXsl_1-cH_8L2gRn4NsvVcGvVcPGePaqvOPwtcDKB88sWiM8lbLIwnqjIwzAHgZgSIsBxDoc89GmKL-hOH2JA12dVw6bH_C-GGUleTJp45LDwjLxe2lXKc0kkZNw06QjaPVPGvhsr1lPYzFU1h7IfU1sqp7pW5PPdFFhQ",
          "e": "AQAB"
        },
        "attributes": {
          "enabled": true,
          "created": 1650062128,
          "updated": 1650062128,
          "recoveryLevel": "CustomizedRecoverable\u002BPurgeable",
          "recoverableDays": 7
        }
      }
    },
    {
      "RequestUri": "https://vaultname.vault.azure.net/keys/livekvtestkey3a4d26ef/create?api-version=7.2",
      "RequestMethod": "POST",
      "RequestHeaders": {
        "Accept": "application/json",
        "Accept-Encoding": "gzip, deflate",
        "Connection": "keep-alive",
        "Content-Length": "14",
        "Content-Type": "application/json",
        "User-Agent": "azsdk-python-keyvault-keys/4.5.1 Python/3.9.9 (Windows-10-10.0.22000-SP0)"
      },
      "RequestBody": {
        "kty": "RSA"
      },
      "StatusCode": 200,
      "ResponseHeaders": {
        "Cache-Control": "no-cache",
        "Content-Length": "695",
        "Content-Type": "application/json; charset=utf-8",
        "Date": "Fri, 15 Apr 2022 22:35:30 GMT",
        "Expires": "-1",
        "Pragma": "no-cache",
        "Strict-Transport-Security": "max-age=31536000;includeSubDomains",
        "X-Content-Type-Options": "nosniff",
        "x-ms-keyvault-network-info": "conn_type=Ipv4;addr=73.232.137.144;act_addr_fam=InterNetwork;",
        "x-ms-keyvault-rbac-assignment-id": "ae1ec34e-30ed-581a-9f84-7759a8c5a1fa",
        "x-ms-keyvault-rbac-cache": "ra_age=5599;da_age=697;rd_age=697;brd_age=11322;ra_notif_age=6179;dec_lev=1;",
        "x-ms-keyvault-region": "westus2",
        "x-ms-keyvault-service-version": "1.9.358.1"
      },
      "ResponseBody": {
        "key": {
          "kid": "https://vaultname.vault.azure.net/keys/livekvtestkey3a4d26ef/dc300dfa4630420696a7b485b70ade66",
          "kty": "RSA",
          "key_ops": [
            "encrypt",
            "decrypt",
            "sign",
            "verify",
            "wrapKey",
            "unwrapKey"
          ],
          "n": "vubVCP0fS_CIir4_UxyrzO07Gbt4z3Ob0Tb2f5xQLfPE28-J5NeWz0VeiWdmNqKn4ob_MN8EP1nyJusCC3pkOkafLlQmDbOZU95CBClKK9IiK0gKgKoXtE3wDMKv27fFYkJGZV80VNqgUfAgWUoLoCJ24GFxf_Za1UNTWKFduKYudDDbRggiZAxYBtQJVq4GnXb9jXVYcGS6p39bG9kZyYg3XiXlp0VHcYaIqWvRjiZW-FnLh4Wyqj7I9FqljE0B2Ps4JXOwEi7S7r20XNT-6fYUGWuGq6OdE3zCnuGhmKPASKfwovMtvgJwjEm5yubBPW1e6DElynwLqLsXdwUAiQ",
          "e": "AQAB"
        },
        "attributes": {
          "enabled": true,
          "created": 1650062130,
          "updated": 1650062130,
          "recoveryLevel": "CustomizedRecoverable\u002BPurgeable",
          "recoverableDays": 7
        }
      }
    },
    {
      "RequestUri": "https://vaultname.vault.azure.net/keys/livekvtestkey4a4d26ef/create?api-version=7.2",
      "RequestMethod": "POST",
      "RequestHeaders": {
        "Accept": "application/json",
        "Accept-Encoding": "gzip, deflate",
        "Connection": "keep-alive",
        "Content-Length": "14",
        "Content-Type": "application/json",
        "User-Agent": "azsdk-python-keyvault-keys/4.5.1 Python/3.9.9 (Windows-10-10.0.22000-SP0)"
      },
      "RequestBody": {
        "kty": "RSA"
      },
      "StatusCode": 200,
      "ResponseHeaders": {
        "Cache-Control": "no-cache",
        "Content-Length": "695",
        "Content-Type": "application/json; charset=utf-8",
        "Date": "Fri, 15 Apr 2022 22:35:32 GMT",
        "Expires": "-1",
        "Pragma": "no-cache",
        "Strict-Transport-Security": "max-age=31536000;includeSubDomains",
        "X-Content-Type-Options": "nosniff",
        "x-ms-keyvault-network-info": "conn_type=Ipv4;addr=73.232.137.144;act_addr_fam=InterNetwork;",
        "x-ms-keyvault-rbac-assignment-id": "ae1ec34e-30ed-581a-9f84-7759a8c5a1fa",
        "x-ms-keyvault-rbac-cache": "ra_age=5602;da_age=700;rd_age=700;brd_age=11324;ra_notif_age=6181;dec_lev=1;",
        "x-ms-keyvault-region": "westus2",
        "x-ms-keyvault-service-version": "1.9.358.1"
      },
      "ResponseBody": {
        "key": {
          "kid": "https://vaultname.vault.azure.net/keys/livekvtestkey4a4d26ef/8deb14fa3b394589869ea9cee5fe52cd",
          "kty": "RSA",
          "key_ops": [
            "encrypt",
            "decrypt",
            "sign",
            "verify",
            "wrapKey",
            "unwrapKey"
          ],
          "n": "qviv08YBcDQTBsrbLrd45fEcslFm7dQzQkm1bEzg5aZ-cz3dwvbavyCXU4rhSlmNsn6CxzLOhRKYGAnRwcNNe4rAArMx4cpSllGz3OLcjZ16_v9oZc6I7QlAutavWziTnrcdIMA6rVS9oa6_4OYnCi78mLGSxY0Y5kMkWi8iLs9ZlZVMv98RAeyIlbCecDmWq3mhr37sSnGEtqLuQFr1K9AQ3wIAV4IL2_Yd6qhfLx30VOgYpiacP8YQDCuzDnNkpABpAEmZfLuPWl3LrK64mP4t1AIkWV0uJYVn4YzJISrM3KuERievqMiB7b_YWLA7aFiFe2Oa-orXsRlZQ6ZeDQ",
          "e": "AQAB"
        },
        "attributes": {
          "enabled": true,
          "created": 1650062132,
          "updated": 1650062132,
          "recoveryLevel": "CustomizedRecoverable\u002BPurgeable",
          "recoverableDays": 7
        }
      }
    },
    {
      "RequestUri": "https://vaultname.vault.azure.net/keys/livekvtestkey5a4d26ef/create?api-version=7.2",
      "RequestMethod": "POST",
      "RequestHeaders": {
        "Accept": "application/json",
        "Accept-Encoding": "gzip, deflate",
        "Connection": "keep-alive",
        "Content-Length": "14",
        "Content-Type": "application/json",
        "User-Agent": "azsdk-python-keyvault-keys/4.5.1 Python/3.9.9 (Windows-10-10.0.22000-SP0)"
      },
      "RequestBody": {
        "kty": "RSA"
      },
      "StatusCode": 200,
      "ResponseHeaders": {
        "Cache-Control": "no-cache",
        "Content-Length": "695",
        "Content-Type": "application/json; charset=utf-8",
        "Date": "Fri, 15 Apr 2022 22:35:34 GMT",
        "Expires": "-1",
        "Pragma": "no-cache",
        "Strict-Transport-Security": "max-age=31536000;includeSubDomains",
        "X-Content-Type-Options": "nosniff",
        "x-ms-keyvault-network-info": "conn_type=Ipv4;addr=73.232.137.144;act_addr_fam=InterNetwork;",
        "x-ms-keyvault-rbac-assignment-id": "ae1ec34e-30ed-581a-9f84-7759a8c5a1fa",
        "x-ms-keyvault-rbac-cache": "ra_age=5604;da_age=702;rd_age=702;brd_age=11326;ra_notif_age=6183;dec_lev=1;",
        "x-ms-keyvault-region": "westus2",
        "x-ms-keyvault-service-version": "1.9.358.1"
      },
      "ResponseBody": {
        "key": {
          "kid": "https://vaultname.vault.azure.net/keys/livekvtestkey5a4d26ef/90d74203fe3a47cfa456c275ed1f068c",
          "kty": "RSA",
          "key_ops": [
            "encrypt",
            "decrypt",
            "sign",
            "verify",
            "wrapKey",
            "unwrapKey"
          ],
          "n": "wgCaVvxk8ibz4agZj1c02t5wzX3YsTgS2db_XtKRanDXCxUSRUWJb6LkskLPbVsc0RyXPz-5Z8Es98H7ahuwb-JYXSIDQQnMaHcoyPNlFfZoTKHZsDBv2-sKqUHXKt2JILlRwd7F8XbTxZ5nv2F-r8LmyrhUdHIvPWFP9yoRaSOW_dD4q3OtulVMhxKcI8lgNLBIZ2YHojpmOUSms8LDS83yRPNNsthC7pzQauO3Iy606vYWJE3w6brwh3NkeohdPmj0nRm8l4S_HmhzyVmPhf-zqAiLtxkcS78IySWJRfTuwUZ1631NkKMUlgYJESdw_6ZgkU2-rqxwKbIQ4ueraQ",
          "e": "AQAB"
        },
        "attributes": {
          "enabled": true,
          "created": 1650062135,
          "updated": 1650062135,
          "recoveryLevel": "CustomizedRecoverable\u002BPurgeable",
          "recoverableDays": 7
        }
      }
    },
    {
      "RequestUri": "https://vaultname.vault.azure.net/keys/livekvtestkey6a4d26ef/create?api-version=7.2",
      "RequestMethod": "POST",
      "RequestHeaders": {
        "Accept": "application/json",
        "Accept-Encoding": "gzip, deflate",
        "Connection": "keep-alive",
        "Content-Length": "14",
        "Content-Type": "application/json",
        "User-Agent": "azsdk-python-keyvault-keys/4.5.1 Python/3.9.9 (Windows-10-10.0.22000-SP0)"
      },
      "RequestBody": {
        "kty": "RSA"
      },
      "StatusCode": 200,
      "ResponseHeaders": {
        "Cache-Control": "no-cache",
        "Content-Length": "695",
        "Content-Type": "application/json; charset=utf-8",
        "Date": "Fri, 15 Apr 2022 22:35:37 GMT",
        "Expires": "-1",
        "Pragma": "no-cache",
        "Strict-Transport-Security": "max-age=31536000;includeSubDomains",
        "X-Content-Type-Options": "nosniff",
        "x-ms-keyvault-network-info": "conn_type=Ipv4;addr=73.232.137.144;act_addr_fam=InterNetwork;",
        "x-ms-keyvault-rbac-assignment-id": "ae1ec34e-30ed-581a-9f84-7759a8c5a1fa",
        "x-ms-keyvault-rbac-cache": "ra_age=5606;da_age=704;rd_age=704;brd_age=11328;ra_notif_age=6186;dec_lev=1;",
        "x-ms-keyvault-region": "westus2",
        "x-ms-keyvault-service-version": "1.9.358.1"
      },
      "ResponseBody": {
        "key": {
          "kid": "https://vaultname.vault.azure.net/keys/livekvtestkey6a4d26ef/3baccb123c7e4e4992436de707146322",
          "kty": "RSA",
          "key_ops": [
            "encrypt",
            "decrypt",
            "sign",
            "verify",
            "wrapKey",
            "unwrapKey"
          ],
          "n": "xknxe1UKSjqGCwlrC4UVlObnXIzcyNhmCleZBlzsISeqSFh1MVcSKJ9cUNZWNU1FudPg6XtfOGfmpUOJsEB6v9jocqG0S5jnzKO8ytx2I4h18NcC8FKy7sEjl5MAQ6evSLVyPQKH5bJ17yeRurCTpyIG5ZxkXvsXEpWoa2su0xxknm65WnWnyS9tLhRC52GYYV2cejN-btH8tHnyQVSgmE-Lh-Oo09XV1gNI5CIy_7GbOm1fYxDeZYFi73_sBq6hq1TOuXDyikPZK0Pfld1fq0UPWHIDJmMCW3bsmmELJ8SU9km0qTr0QBHmhKvR9JQMy1XkU_550zRMsPfVlFyiXQ",
          "e": "AQAB"
        },
        "attributes": {
          "enabled": true,
          "created": 1650062137,
          "updated": 1650062137,
          "recoveryLevel": "CustomizedRecoverable\u002BPurgeable",
          "recoverableDays": 7
        }
      }
    },
    {
      "RequestUri": "https://vaultname.vault.azure.net/keys/livekvtestkey0a4d26ef?api-version=7.2",
      "RequestMethod": "DELETE",
      "RequestHeaders": {
        "Accept": "application/json",
        "Accept-Encoding": "gzip, deflate",
        "Connection": "keep-alive",
        "Content-Length": "0",
        "User-Agent": "azsdk-python-keyvault-keys/4.5.1 Python/3.9.9 (Windows-10-10.0.22000-SP0)"
      },
      "RequestBody": null,
      "StatusCode": 200,
      "ResponseHeaders": {
        "Cache-Control": "no-cache",
        "Content-Length": "835",
        "Content-Type": "application/json; charset=utf-8",
        "Date": "Fri, 15 Apr 2022 22:35:37 GMT",
        "Expires": "-1",
        "Pragma": "no-cache",
        "Strict-Transport-Security": "max-age=31536000;includeSubDomains",
        "X-Content-Type-Options": "nosniff",
        "x-ms-keyvault-network-info": "conn_type=Ipv4;addr=73.232.137.144;act_addr_fam=InterNetwork;",
        "x-ms-keyvault-rbac-assignment-id": "ae1ec34e-30ed-581a-9f84-7759a8c5a1fa",
        "x-ms-keyvault-rbac-cache": "ra_age=5606;da_age=704;rd_age=704;brd_age=11329;ra_notif_age=6186;dec_lev=1;",
        "x-ms-keyvault-region": "westus2",
        "x-ms-keyvault-service-version": "1.9.358.1"
      },
      "ResponseBody": {
        "recoveryId": "https://vaultname.vault.azure.net/deletedkeys/livekvtestkey0a4d26ef",
        "deletedDate": 1650062137,
        "scheduledPurgeDate": 1650666937,
        "key": {
          "kid": "https://vaultname.vault.azure.net/keys/livekvtestkey0a4d26ef/e92e4dc6dc7244a3ac5d4c32913b7c33",
          "kty": "RSA",
          "key_ops": [
            "encrypt",
            "decrypt",
            "sign",
            "verify",
            "wrapKey",
            "unwrapKey"
          ],
          "n": "1L378ZKfhcpiGlhUUzYbexrXbCWwai6gHmvkyjAYoMJZAukxk8n2TEGVukT6lsPI-my-9HsdFY47G1jEWpOvDincO-WYNekt4folx0B1o8IT4O4H1UjNEdcson6FmHnvS2RjYZhTOm85g9ie4r5vyb7ZAgDptbIAj50HcoaZoouhLd_M3HlUnA9M_AL3U5ERJAbE5XXQHJFhoM01Z4MONbBl4NysASQasdfmyQDwXMjmyM-a8wfV6MLFQ33dWgR7M0vRQK4LHWBH8n77hSd5s0btaNdQ5VEVaftEIOlWIA1nbTMynOPv5XJ0VA4Sp0Kt039kDJmxbpUMLhaxmqtk6Q",
          "e": "AQAB"
        },
        "attributes": {
          "enabled": true,
          "created": 1650062124,
          "updated": 1650062124,
          "recoveryLevel": "CustomizedRecoverable\u002BPurgeable",
          "recoverableDays": 7
        }
      }
    },
    {
      "RequestUri": "https://vaultname.vault.azure.net/deletedkeys/livekvtestkey0a4d26ef?api-version=7.2",
      "RequestMethod": "GET",
      "RequestHeaders": {
        "Accept": "application/json",
        "Accept-Encoding": "gzip, deflate",
        "Connection": "keep-alive",
        "User-Agent": "azsdk-python-keyvault-keys/4.5.1 Python/3.9.9 (Windows-10-10.0.22000-SP0)"
      },
      "RequestBody": null,
      "StatusCode": 404,
      "ResponseHeaders": {
        "Cache-Control": "no-cache",
        "Content-Length": "89",
        "Content-Type": "application/json; charset=utf-8",
        "Date": "Fri, 15 Apr 2022 22:35:37 GMT",
        "Expires": "-1",
        "Pragma": "no-cache",
        "Strict-Transport-Security": "max-age=31536000;includeSubDomains",
        "X-Content-Type-Options": "nosniff",
        "x-ms-keyvault-network-info": "conn_type=Ipv4;addr=73.232.137.144;act_addr_fam=InterNetwork;",
        "x-ms-keyvault-rbac-assignment-id": "ae1ec34e-30ed-581a-9f84-7759a8c5a1fa",
        "x-ms-keyvault-rbac-cache": "ra_age=5606;da_age=704;rd_age=704;brd_age=11329;ra_notif_age=6186;dec_lev=1;",
        "x-ms-keyvault-region": "westus2",
        "x-ms-keyvault-service-version": "1.9.358.1"
      },
      "ResponseBody": {
        "error": {
          "code": "KeyNotFound",
          "message": "Deleted Key not found: livekvtestkey0a4d26ef"
        }
      }
    },
    {
      "RequestUri": "https://vaultname.vault.azure.net/deletedkeys/livekvtestkey0a4d26ef?api-version=7.2",
      "RequestMethod": "GET",
      "RequestHeaders": {
        "Accept": "application/json",
        "Accept-Encoding": "gzip, deflate",
        "Connection": "keep-alive",
        "User-Agent": "azsdk-python-keyvault-keys/4.5.1 Python/3.9.9 (Windows-10-10.0.22000-SP0)"
      },
      "RequestBody": null,
      "StatusCode": 200,
      "ResponseHeaders": {
        "Cache-Control": "no-cache",
        "Content-Length": "835",
        "Content-Type": "application/json; charset=utf-8",
        "Date": "Fri, 15 Apr 2022 22:35:39 GMT",
        "Expires": "-1",
        "Pragma": "no-cache",
        "Strict-Transport-Security": "max-age=31536000;includeSubDomains",
        "X-Content-Type-Options": "nosniff",
        "x-ms-keyvault-network-info": "conn_type=Ipv4;addr=73.232.137.144;act_addr_fam=InterNetwork;",
        "x-ms-keyvault-rbac-assignment-id": "ae1ec34e-30ed-581a-9f84-7759a8c5a1fa",
        "x-ms-keyvault-rbac-cache": "ra_age=5609;da_age=707;rd_age=707;brd_age=11331;ra_notif_age=6188;dec_lev=0;",
        "x-ms-keyvault-region": "westus2",
        "x-ms-keyvault-service-version": "1.9.358.1"
      },
      "ResponseBody": {
        "recoveryId": "https://vaultname.vault.azure.net/deletedkeys/livekvtestkey0a4d26ef",
        "deletedDate": 1650062137,
        "scheduledPurgeDate": 1650666937,
        "key": {
          "kid": "https://vaultname.vault.azure.net/keys/livekvtestkey0a4d26ef/e92e4dc6dc7244a3ac5d4c32913b7c33",
          "kty": "RSA",
          "key_ops": [
            "encrypt",
            "decrypt",
            "sign",
            "verify",
            "wrapKey",
            "unwrapKey"
          ],
          "n": "1L378ZKfhcpiGlhUUzYbexrXbCWwai6gHmvkyjAYoMJZAukxk8n2TEGVukT6lsPI-my-9HsdFY47G1jEWpOvDincO-WYNekt4folx0B1o8IT4O4H1UjNEdcson6FmHnvS2RjYZhTOm85g9ie4r5vyb7ZAgDptbIAj50HcoaZoouhLd_M3HlUnA9M_AL3U5ERJAbE5XXQHJFhoM01Z4MONbBl4NysASQasdfmyQDwXMjmyM-a8wfV6MLFQ33dWgR7M0vRQK4LHWBH8n77hSd5s0btaNdQ5VEVaftEIOlWIA1nbTMynOPv5XJ0VA4Sp0Kt039kDJmxbpUMLhaxmqtk6Q",
          "e": "AQAB"
        },
        "attributes": {
          "enabled": true,
          "created": 1650062124,
          "updated": 1650062124,
          "recoveryLevel": "CustomizedRecoverable\u002BPurgeable",
          "recoverableDays": 7
        }
      }
    },
    {
      "RequestUri": "https://vaultname.vault.azure.net/keys/livekvtestkey1a4d26ef?api-version=7.2",
      "RequestMethod": "DELETE",
      "RequestHeaders": {
        "Accept": "application/json",
        "Accept-Encoding": "gzip, deflate",
        "Connection": "keep-alive",
        "Content-Length": "0",
        "User-Agent": "azsdk-python-keyvault-keys/4.5.1 Python/3.9.9 (Windows-10-10.0.22000-SP0)"
      },
      "RequestBody": null,
      "StatusCode": 200,
      "ResponseHeaders": {
        "Cache-Control": "no-cache",
        "Content-Length": "835",
        "Content-Type": "application/json; charset=utf-8",
        "Date": "Fri, 15 Apr 2022 22:35:39 GMT",
        "Expires": "-1",
        "Pragma": "no-cache",
        "Strict-Transport-Security": "max-age=31536000;includeSubDomains",
        "X-Content-Type-Options": "nosniff",
        "x-ms-keyvault-network-info": "conn_type=Ipv4;addr=73.232.137.144;act_addr_fam=InterNetwork;",
        "x-ms-keyvault-rbac-assignment-id": "ae1ec34e-30ed-581a-9f84-7759a8c5a1fa",
        "x-ms-keyvault-rbac-cache": "ra_age=5609;da_age=707;rd_age=707;brd_age=11331;ra_notif_age=6188;dec_lev=1;",
        "x-ms-keyvault-region": "westus2",
        "x-ms-keyvault-service-version": "1.9.358.1"
      },
      "ResponseBody": {
        "recoveryId": "https://vaultname.vault.azure.net/deletedkeys/livekvtestkey1a4d26ef",
        "deletedDate": 1650062139,
        "scheduledPurgeDate": 1650666939,
        "key": {
          "kid": "https://vaultname.vault.azure.net/keys/livekvtestkey1a4d26ef/e6ca51157ba44201970ca4f26b262b2a",
          "kty": "RSA",
          "key_ops": [
            "encrypt",
            "decrypt",
            "sign",
            "verify",
            "wrapKey",
            "unwrapKey"
          ],
          "n": "uGjHqLPjzGh1apnxbYTZlmP6xbG8b2dj33Qp5ocK6rCXICxNllhKgyjVTBZPkDV7LlULK8A4kvntw-_Tu2SZerMx735KJ7nfzC38ZqWm4lc51rQOTGvw--oO0utmXAOjy_nzF4rFVoreseJTQnM-qWjPj2vup2yp67HtxRQFEkN-aOFprG0j7TtnpHlqAtdxf7AIkproOB9SmWypMVnWnJnc6k8D_lLTLap1gHkCsCElAEoaxVEzIzksH8hsNbPKpdzT1EtJ7zd2HNuBmaptTyqeszvbF9tFoEltL7M_AM9qA7bK1uwmbqY0nDlk1jCsMAONKMAJOPx5Qv5HkflSVQ",
          "e": "AQAB"
        },
        "attributes": {
          "enabled": true,
          "created": 1650062126,
          "updated": 1650062126,
          "recoveryLevel": "CustomizedRecoverable\u002BPurgeable",
          "recoverableDays": 7
        }
      }
    },
    {
      "RequestUri": "https://vaultname.vault.azure.net/deletedkeys/livekvtestkey1a4d26ef?api-version=7.2",
      "RequestMethod": "GET",
      "RequestHeaders": {
        "Accept": "application/json",
        "Accept-Encoding": "gzip, deflate",
        "Connection": "keep-alive",
        "User-Agent": "azsdk-python-keyvault-keys/4.5.1 Python/3.9.9 (Windows-10-10.0.22000-SP0)"
      },
      "RequestBody": null,
      "StatusCode": 404,
      "ResponseHeaders": {
        "Cache-Control": "no-cache",
        "Content-Length": "89",
        "Content-Type": "application/json; charset=utf-8",
        "Date": "Fri, 15 Apr 2022 22:35:39 GMT",
        "Expires": "-1",
        "Pragma": "no-cache",
        "Strict-Transport-Security": "max-age=31536000;includeSubDomains",
        "X-Content-Type-Options": "nosniff",
        "x-ms-keyvault-network-info": "conn_type=Ipv4;addr=73.232.137.144;act_addr_fam=InterNetwork;",
        "x-ms-keyvault-rbac-assignment-id": "ae1ec34e-30ed-581a-9f84-7759a8c5a1fa",
        "x-ms-keyvault-rbac-cache": "ra_age=5609;da_age=707;rd_age=707;brd_age=11331;ra_notif_age=6188;dec_lev=1;",
        "x-ms-keyvault-region": "westus2",
        "x-ms-keyvault-service-version": "1.9.358.1"
      },
      "ResponseBody": {
        "error": {
          "code": "KeyNotFound",
          "message": "Deleted Key not found: livekvtestkey1a4d26ef"
        }
      }
    },
    {
      "RequestUri": "https://vaultname.vault.azure.net/deletedkeys/livekvtestkey1a4d26ef?api-version=7.2",
      "RequestMethod": "GET",
      "RequestHeaders": {
        "Accept": "application/json",
        "Accept-Encoding": "gzip, deflate",
        "Connection": "keep-alive",
        "User-Agent": "azsdk-python-keyvault-keys/4.5.1 Python/3.9.9 (Windows-10-10.0.22000-SP0)"
      },
      "RequestBody": null,
      "StatusCode": 404,
      "ResponseHeaders": {
        "Cache-Control": "no-cache",
        "Content-Length": "89",
        "Content-Type": "application/json; charset=utf-8",
        "Date": "Fri, 15 Apr 2022 22:35:41 GMT",
        "Expires": "-1",
        "Pragma": "no-cache",
        "Strict-Transport-Security": "max-age=31536000;includeSubDomains",
        "X-Content-Type-Options": "nosniff",
        "x-ms-keyvault-network-info": "conn_type=Ipv4;addr=73.232.137.144;act_addr_fam=InterNetwork;",
        "x-ms-keyvault-rbac-assignment-id": "ae1ec34e-30ed-581a-9f84-7759a8c5a1fa",
        "x-ms-keyvault-rbac-cache": "ra_age=5611;da_age=709;rd_age=709;brd_age=11333;ra_notif_age=6190;dec_lev=0;",
        "x-ms-keyvault-region": "westus2",
        "x-ms-keyvault-service-version": "1.9.358.1"
      },
      "ResponseBody": {
        "error": {
          "code": "KeyNotFound",
          "message": "Deleted Key not found: livekvtestkey1a4d26ef"
        }
      }
    },
    {
      "RequestUri": "https://vaultname.vault.azure.net/deletedkeys/livekvtestkey1a4d26ef?api-version=7.2",
      "RequestMethod": "GET",
      "RequestHeaders": {
        "Accept": "application/json",
        "Accept-Encoding": "gzip, deflate",
        "Connection": "keep-alive",
        "User-Agent": "azsdk-python-keyvault-keys/4.5.1 Python/3.9.9 (Windows-10-10.0.22000-SP0)"
      },
      "RequestBody": null,
      "StatusCode": 200,
      "ResponseHeaders": {
        "Cache-Control": "no-cache",
        "Content-Length": "835",
        "Content-Type": "application/json; charset=utf-8",
        "Date": "Fri, 15 Apr 2022 22:35:43 GMT",
        "Expires": "-1",
        "Pragma": "no-cache",
        "Strict-Transport-Security": "max-age=31536000;includeSubDomains",
        "X-Content-Type-Options": "nosniff",
        "x-ms-keyvault-network-info": "conn_type=Ipv4;addr=73.232.137.144;act_addr_fam=InterNetwork;",
        "x-ms-keyvault-rbac-assignment-id": "ae1ec34e-30ed-581a-9f84-7759a8c5a1fa",
        "x-ms-keyvault-rbac-cache": "ra_age=5613;da_age=711;rd_age=711;brd_age=11335;ra_notif_age=6193;dec_lev=0;",
        "x-ms-keyvault-region": "westus2",
        "x-ms-keyvault-service-version": "1.9.358.1"
      },
      "ResponseBody": {
        "recoveryId": "https://vaultname.vault.azure.net/deletedkeys/livekvtestkey1a4d26ef",
        "deletedDate": 1650062139,
        "scheduledPurgeDate": 1650666939,
        "key": {
          "kid": "https://vaultname.vault.azure.net/keys/livekvtestkey1a4d26ef/e6ca51157ba44201970ca4f26b262b2a",
          "kty": "RSA",
          "key_ops": [
            "encrypt",
            "decrypt",
            "sign",
            "verify",
            "wrapKey",
            "unwrapKey"
          ],
          "n": "uGjHqLPjzGh1apnxbYTZlmP6xbG8b2dj33Qp5ocK6rCXICxNllhKgyjVTBZPkDV7LlULK8A4kvntw-_Tu2SZerMx735KJ7nfzC38ZqWm4lc51rQOTGvw--oO0utmXAOjy_nzF4rFVoreseJTQnM-qWjPj2vup2yp67HtxRQFEkN-aOFprG0j7TtnpHlqAtdxf7AIkproOB9SmWypMVnWnJnc6k8D_lLTLap1gHkCsCElAEoaxVEzIzksH8hsNbPKpdzT1EtJ7zd2HNuBmaptTyqeszvbF9tFoEltL7M_AM9qA7bK1uwmbqY0nDlk1jCsMAONKMAJOPx5Qv5HkflSVQ",
          "e": "AQAB"
        },
        "attributes": {
          "enabled": true,
          "created": 1650062126,
          "updated": 1650062126,
          "recoveryLevel": "CustomizedRecoverable\u002BPurgeable",
          "recoverableDays": 7
        }
      }
    },
    {
      "RequestUri": "https://vaultname.vault.azure.net/keys/livekvtestkey2a4d26ef?api-version=7.2",
      "RequestMethod": "DELETE",
      "RequestHeaders": {
        "Accept": "application/json",
        "Accept-Encoding": "gzip, deflate",
        "Connection": "keep-alive",
        "Content-Length": "0",
        "User-Agent": "azsdk-python-keyvault-keys/4.5.1 Python/3.9.9 (Windows-10-10.0.22000-SP0)"
      },
      "RequestBody": null,
      "StatusCode": 200,
      "ResponseHeaders": {
        "Cache-Control": "no-cache",
        "Content-Length": "835",
        "Content-Type": "application/json; charset=utf-8",
        "Date": "Fri, 15 Apr 2022 22:35:43 GMT",
        "Expires": "-1",
        "Pragma": "no-cache",
        "Strict-Transport-Security": "max-age=31536000;includeSubDomains",
        "X-Content-Type-Options": "nosniff",
        "x-ms-keyvault-network-info": "conn_type=Ipv4;addr=73.232.137.144;act_addr_fam=InterNetwork;",
        "x-ms-keyvault-rbac-assignment-id": "ae1ec34e-30ed-581a-9f84-7759a8c5a1fa",
        "x-ms-keyvault-rbac-cache": "ra_age=5613;da_age=711;rd_age=711;brd_age=11336;ra_notif_age=6193;dec_lev=1;",
        "x-ms-keyvault-region": "westus2",
        "x-ms-keyvault-service-version": "1.9.358.1"
      },
      "ResponseBody": {
        "recoveryId": "https://vaultname.vault.azure.net/deletedkeys/livekvtestkey2a4d26ef",
        "deletedDate": 1650062144,
        "scheduledPurgeDate": 1650666944,
        "key": {
          "kid": "https://vaultname.vault.azure.net/keys/livekvtestkey2a4d26ef/7389e31dcd114082b7ea82643824b763",
          "kty": "RSA",
          "key_ops": [
            "encrypt",
            "decrypt",
            "sign",
            "verify",
            "wrapKey",
            "unwrapKey"
          ],
          "n": "yzBwlWpJLiAbyy0Llm0kNQxQlFIKTlNptaYbgSJB6BZQ5EcMixi_4xHvCFpjWTwMi18n218WPOL3QyO7m0KfVjjTg3Rm0_3pNVQiNoVhahwmFYHGcOaXzpt2_97GceSJ7lGpGXoukRaAEaXR0v5yXEdjWJN2ABZ17c9ILVveP1m2ctwdbXXsl_1-cH_8L2gRn4NsvVcGvVcPGePaqvOPwtcDKB88sWiM8lbLIwnqjIwzAHgZgSIsBxDoc89GmKL-hOH2JA12dVw6bH_C-GGUleTJp45LDwjLxe2lXKc0kkZNw06QjaPVPGvhsr1lPYzFU1h7IfU1sqp7pW5PPdFFhQ",
          "e": "AQAB"
        },
        "attributes": {
          "enabled": true,
          "created": 1650062128,
          "updated": 1650062128,
          "recoveryLevel": "CustomizedRecoverable\u002BPurgeable",
          "recoverableDays": 7
        }
      }
    },
    {
      "RequestUri": "https://vaultname.vault.azure.net/deletedkeys/livekvtestkey2a4d26ef?api-version=7.2",
      "RequestMethod": "GET",
      "RequestHeaders": {
        "Accept": "application/json",
        "Accept-Encoding": "gzip, deflate",
        "Connection": "keep-alive",
        "User-Agent": "azsdk-python-keyvault-keys/4.5.1 Python/3.9.9 (Windows-10-10.0.22000-SP0)"
      },
      "RequestBody": null,
      "StatusCode": 404,
      "ResponseHeaders": {
        "Cache-Control": "no-cache",
        "Content-Length": "89",
        "Content-Type": "application/json; charset=utf-8",
        "Date": "Fri, 15 Apr 2022 22:35:44 GMT",
        "Expires": "-1",
        "Pragma": "no-cache",
        "Strict-Transport-Security": "max-age=31536000;includeSubDomains",
        "X-Content-Type-Options": "nosniff",
        "x-ms-keyvault-network-info": "conn_type=Ipv4;addr=73.232.137.144;act_addr_fam=InterNetwork;",
        "x-ms-keyvault-rbac-assignment-id": "ae1ec34e-30ed-581a-9f84-7759a8c5a1fa",
        "x-ms-keyvault-rbac-cache": "ra_age=5613;da_age=711;rd_age=711;brd_age=11336;ra_notif_age=6193;dec_lev=1;",
        "x-ms-keyvault-region": "westus2",
        "x-ms-keyvault-service-version": "1.9.358.1"
      },
      "ResponseBody": {
        "error": {
          "code": "KeyNotFound",
          "message": "Deleted Key not found: livekvtestkey2a4d26ef"
        }
      }
    },
    {
      "RequestUri": "https://vaultname.vault.azure.net/deletedkeys/livekvtestkey2a4d26ef?api-version=7.2",
      "RequestMethod": "GET",
      "RequestHeaders": {
        "Accept": "application/json",
        "Accept-Encoding": "gzip, deflate",
        "Connection": "keep-alive",
        "User-Agent": "azsdk-python-keyvault-keys/4.5.1 Python/3.9.9 (Windows-10-10.0.22000-SP0)"
      },
      "RequestBody": null,
      "StatusCode": 404,
      "ResponseHeaders": {
        "Cache-Control": "no-cache",
        "Content-Length": "89",
        "Content-Type": "application/json; charset=utf-8",
        "Date": "Fri, 15 Apr 2022 22:35:46 GMT",
        "Expires": "-1",
        "Pragma": "no-cache",
        "Strict-Transport-Security": "max-age=31536000;includeSubDomains",
        "X-Content-Type-Options": "nosniff",
        "x-ms-keyvault-network-info": "conn_type=Ipv4;addr=73.232.137.144;act_addr_fam=InterNetwork;",
        "x-ms-keyvault-rbac-assignment-id": "ae1ec34e-30ed-581a-9f84-7759a8c5a1fa",
        "x-ms-keyvault-rbac-cache": "ra_age=5615;da_age=713;rd_age=713;brd_age=11338;ra_notif_age=6195;dec_lev=0;",
        "x-ms-keyvault-region": "westus2",
        "x-ms-keyvault-service-version": "1.9.358.1"
      },
      "ResponseBody": {
        "error": {
          "code": "KeyNotFound",
          "message": "Deleted Key not found: livekvtestkey2a4d26ef"
        }
      }
    },
    {
      "RequestUri": "https://vaultname.vault.azure.net/deletedkeys/livekvtestkey2a4d26ef?api-version=7.2",
      "RequestMethod": "GET",
      "RequestHeaders": {
        "Accept": "application/json",
        "Accept-Encoding": "gzip, deflate",
        "Connection": "keep-alive",
        "User-Agent": "azsdk-python-keyvault-keys/4.5.1 Python/3.9.9 (Windows-10-10.0.22000-SP0)"
      },
      "RequestBody": null,
      "StatusCode": 404,
      "ResponseHeaders": {
        "Cache-Control": "no-cache",
        "Content-Length": "89",
        "Content-Type": "application/json; charset=utf-8",
        "Date": "Fri, 15 Apr 2022 22:35:48 GMT",
        "Expires": "-1",
        "Pragma": "no-cache",
        "Strict-Transport-Security": "max-age=31536000;includeSubDomains",
        "X-Content-Type-Options": "nosniff",
        "x-ms-keyvault-network-info": "conn_type=Ipv4;addr=73.232.137.144;act_addr_fam=InterNetwork;",
        "x-ms-keyvault-rbac-assignment-id": "ae1ec34e-30ed-581a-9f84-7759a8c5a1fa",
        "x-ms-keyvault-rbac-cache": "ra_age=5617;da_age=715;rd_age=715;brd_age=11340;ra_notif_age=6197;dec_lev=0;",
        "x-ms-keyvault-region": "westus2",
        "x-ms-keyvault-service-version": "1.9.358.1"
      },
      "ResponseBody": {
        "error": {
          "code": "KeyNotFound",
          "message": "Deleted Key not found: livekvtestkey2a4d26ef"
        }
      }
    },
    {
      "RequestUri": "https://vaultname.vault.azure.net/deletedkeys/livekvtestkey2a4d26ef?api-version=7.2",
      "RequestMethod": "GET",
      "RequestHeaders": {
        "Accept": "application/json",
        "Accept-Encoding": "gzip, deflate",
        "Connection": "keep-alive",
        "User-Agent": "azsdk-python-keyvault-keys/4.5.1 Python/3.9.9 (Windows-10-10.0.22000-SP0)"
      },
      "RequestBody": null,
      "StatusCode": 200,
      "ResponseHeaders": {
        "Cache-Control": "no-cache",
        "Content-Length": "835",
        "Content-Type": "application/json; charset=utf-8",
        "Date": "Fri, 15 Apr 2022 22:35:50 GMT",
        "Expires": "-1",
        "Pragma": "no-cache",
        "Strict-Transport-Security": "max-age=31536000;includeSubDomains",
        "X-Content-Type-Options": "nosniff",
        "x-ms-keyvault-network-info": "conn_type=Ipv4;addr=73.232.137.144;act_addr_fam=InterNetwork;",
        "x-ms-keyvault-rbac-assignment-id": "ae1ec34e-30ed-581a-9f84-7759a8c5a1fa",
        "x-ms-keyvault-rbac-cache": "ra_age=5620;da_age=718;rd_age=718;brd_age=11342;ra_notif_age=6199;dec_lev=0;",
        "x-ms-keyvault-region": "westus2",
        "x-ms-keyvault-service-version": "1.9.358.1"
      },
      "ResponseBody": {
        "recoveryId": "https://vaultname.vault.azure.net/deletedkeys/livekvtestkey2a4d26ef",
        "deletedDate": 1650062144,
        "scheduledPurgeDate": 1650666944,
        "key": {
          "kid": "https://vaultname.vault.azure.net/keys/livekvtestkey2a4d26ef/7389e31dcd114082b7ea82643824b763",
          "kty": "RSA",
          "key_ops": [
            "encrypt",
            "decrypt",
            "sign",
            "verify",
            "wrapKey",
            "unwrapKey"
          ],
          "n": "yzBwlWpJLiAbyy0Llm0kNQxQlFIKTlNptaYbgSJB6BZQ5EcMixi_4xHvCFpjWTwMi18n218WPOL3QyO7m0KfVjjTg3Rm0_3pNVQiNoVhahwmFYHGcOaXzpt2_97GceSJ7lGpGXoukRaAEaXR0v5yXEdjWJN2ABZ17c9ILVveP1m2ctwdbXXsl_1-cH_8L2gRn4NsvVcGvVcPGePaqvOPwtcDKB88sWiM8lbLIwnqjIwzAHgZgSIsBxDoc89GmKL-hOH2JA12dVw6bH_C-GGUleTJp45LDwjLxe2lXKc0kkZNw06QjaPVPGvhsr1lPYzFU1h7IfU1sqp7pW5PPdFFhQ",
          "e": "AQAB"
        },
        "attributes": {
          "enabled": true,
          "created": 1650062128,
          "updated": 1650062128,
          "recoveryLevel": "CustomizedRecoverable\u002BPurgeable",
          "recoverableDays": 7
        }
      }
    },
    {
      "RequestUri": "https://vaultname.vault.azure.net/keys/livekvtestkey3a4d26ef?api-version=7.2",
      "RequestMethod": "DELETE",
      "RequestHeaders": {
        "Accept": "application/json",
        "Accept-Encoding": "gzip, deflate",
        "Connection": "keep-alive",
        "Content-Length": "0",
        "User-Agent": "azsdk-python-keyvault-keys/4.5.1 Python/3.9.9 (Windows-10-10.0.22000-SP0)"
      },
      "RequestBody": null,
      "StatusCode": 200,
      "ResponseHeaders": {
        "Cache-Control": "no-cache",
        "Content-Length": "835",
        "Content-Type": "application/json; charset=utf-8",
        "Date": "Fri, 15 Apr 2022 22:35:50 GMT",
        "Expires": "-1",
        "Pragma": "no-cache",
        "Strict-Transport-Security": "max-age=31536000;includeSubDomains",
        "X-Content-Type-Options": "nosniff",
        "x-ms-keyvault-network-info": "conn_type=Ipv4;addr=73.232.137.144;act_addr_fam=InterNetwork;",
        "x-ms-keyvault-rbac-assignment-id": "ae1ec34e-30ed-581a-9f84-7759a8c5a1fa",
        "x-ms-keyvault-rbac-cache": "ra_age=5620;da_age=718;rd_age=718;brd_age=11342;ra_notif_age=6199;dec_lev=1;",
        "x-ms-keyvault-region": "westus2",
        "x-ms-keyvault-service-version": "1.9.358.1"
      },
      "ResponseBody": {
        "recoveryId": "https://vaultname.vault.azure.net/deletedkeys/livekvtestkey3a4d26ef",
        "deletedDate": 1650062150,
        "scheduledPurgeDate": 1650666950,
        "key": {
          "kid": "https://vaultname.vault.azure.net/keys/livekvtestkey3a4d26ef/dc300dfa4630420696a7b485b70ade66",
          "kty": "RSA",
          "key_ops": [
            "encrypt",
            "decrypt",
            "sign",
            "verify",
            "wrapKey",
            "unwrapKey"
          ],
          "n": "vubVCP0fS_CIir4_UxyrzO07Gbt4z3Ob0Tb2f5xQLfPE28-J5NeWz0VeiWdmNqKn4ob_MN8EP1nyJusCC3pkOkafLlQmDbOZU95CBClKK9IiK0gKgKoXtE3wDMKv27fFYkJGZV80VNqgUfAgWUoLoCJ24GFxf_Za1UNTWKFduKYudDDbRggiZAxYBtQJVq4GnXb9jXVYcGS6p39bG9kZyYg3XiXlp0VHcYaIqWvRjiZW-FnLh4Wyqj7I9FqljE0B2Ps4JXOwEi7S7r20XNT-6fYUGWuGq6OdE3zCnuGhmKPASKfwovMtvgJwjEm5yubBPW1e6DElynwLqLsXdwUAiQ",
          "e": "AQAB"
        },
        "attributes": {
          "enabled": true,
          "created": 1650062130,
          "updated": 1650062130,
          "recoveryLevel": "CustomizedRecoverable\u002BPurgeable",
          "recoverableDays": 7
        }
      }
    },
    {
      "RequestUri": "https://vaultname.vault.azure.net/deletedkeys/livekvtestkey3a4d26ef?api-version=7.2",
      "RequestMethod": "GET",
      "RequestHeaders": {
        "Accept": "application/json",
        "Accept-Encoding": "gzip, deflate",
        "Connection": "keep-alive",
        "User-Agent": "azsdk-python-keyvault-keys/4.5.1 Python/3.9.9 (Windows-10-10.0.22000-SP0)"
      },
      "RequestBody": null,
      "StatusCode": 404,
      "ResponseHeaders": {
        "Cache-Control": "no-cache",
        "Content-Length": "89",
        "Content-Type": "application/json; charset=utf-8",
        "Date": "Fri, 15 Apr 2022 22:35:50 GMT",
        "Expires": "-1",
        "Pragma": "no-cache",
        "Strict-Transport-Security": "max-age=31536000;includeSubDomains",
        "X-Content-Type-Options": "nosniff",
        "x-ms-keyvault-network-info": "conn_type=Ipv4;addr=73.232.137.144;act_addr_fam=InterNetwork;",
        "x-ms-keyvault-rbac-assignment-id": "ae1ec34e-30ed-581a-9f84-7759a8c5a1fa",
        "x-ms-keyvault-rbac-cache": "ra_age=5620;da_age=718;rd_age=718;brd_age=11342;ra_notif_age=6199;dec_lev=1;",
        "x-ms-keyvault-region": "westus2",
        "x-ms-keyvault-service-version": "1.9.358.1"
      },
      "ResponseBody": {
        "error": {
          "code": "KeyNotFound",
          "message": "Deleted Key not found: livekvtestkey3a4d26ef"
        }
      }
    },
    {
      "RequestUri": "https://vaultname.vault.azure.net/deletedkeys/livekvtestkey3a4d26ef?api-version=7.2",
      "RequestMethod": "GET",
      "RequestHeaders": {
        "Accept": "application/json",
        "Accept-Encoding": "gzip, deflate",
        "Connection": "keep-alive",
        "User-Agent": "azsdk-python-keyvault-keys/4.5.1 Python/3.9.9 (Windows-10-10.0.22000-SP0)"
      },
      "RequestBody": null,
      "StatusCode": 404,
      "ResponseHeaders": {
        "Cache-Control": "no-cache",
        "Content-Length": "89",
        "Content-Type": "application/json; charset=utf-8",
        "Date": "Fri, 15 Apr 2022 22:35:52 GMT",
        "Expires": "-1",
        "Pragma": "no-cache",
        "Strict-Transport-Security": "max-age=31536000;includeSubDomains",
        "X-Content-Type-Options": "nosniff",
        "x-ms-keyvault-network-info": "conn_type=Ipv4;addr=73.232.137.144;act_addr_fam=InterNetwork;",
        "x-ms-keyvault-rbac-assignment-id": "ae1ec34e-30ed-581a-9f84-7759a8c5a1fa",
        "x-ms-keyvault-rbac-cache": "ra_age=5622;da_age=720;rd_age=720;brd_age=11344;ra_notif_age=6201;dec_lev=0;",
        "x-ms-keyvault-region": "westus2",
        "x-ms-keyvault-service-version": "1.9.358.1"
      },
      "ResponseBody": {
        "error": {
          "code": "KeyNotFound",
          "message": "Deleted Key not found: livekvtestkey3a4d26ef"
        }
      }
    },
    {
      "RequestUri": "https://vaultname.vault.azure.net/deletedkeys/livekvtestkey3a4d26ef?api-version=7.2",
      "RequestMethod": "GET",
      "RequestHeaders": {
        "Accept": "application/json",
        "Accept-Encoding": "gzip, deflate",
        "Connection": "keep-alive",
        "User-Agent": "azsdk-python-keyvault-keys/4.5.1 Python/3.9.9 (Windows-10-10.0.22000-SP0)"
      },
      "RequestBody": null,
      "StatusCode": 200,
      "ResponseHeaders": {
        "Cache-Control": "no-cache",
        "Content-Length": "835",
        "Content-Type": "application/json; charset=utf-8",
        "Date": "Fri, 15 Apr 2022 22:35:54 GMT",
        "Expires": "-1",
        "Pragma": "no-cache",
        "Strict-Transport-Security": "max-age=31536000;includeSubDomains",
        "X-Content-Type-Options": "nosniff",
        "x-ms-keyvault-network-info": "conn_type=Ipv4;addr=73.232.137.144;act_addr_fam=InterNetwork;",
        "x-ms-keyvault-rbac-assignment-id": "ae1ec34e-30ed-581a-9f84-7759a8c5a1fa",
        "x-ms-keyvault-rbac-cache": "ra_age=5624;da_age=722;rd_age=722;brd_age=11346;ra_notif_age=6204;dec_lev=0;",
        "x-ms-keyvault-region": "westus2",
        "x-ms-keyvault-service-version": "1.9.358.1"
      },
      "ResponseBody": {
        "recoveryId": "https://vaultname.vault.azure.net/deletedkeys/livekvtestkey3a4d26ef",
        "deletedDate": 1650062150,
        "scheduledPurgeDate": 1650666950,
        "key": {
          "kid": "https://vaultname.vault.azure.net/keys/livekvtestkey3a4d26ef/dc300dfa4630420696a7b485b70ade66",
          "kty": "RSA",
          "key_ops": [
            "encrypt",
            "decrypt",
            "sign",
            "verify",
            "wrapKey",
            "unwrapKey"
          ],
          "n": "vubVCP0fS_CIir4_UxyrzO07Gbt4z3Ob0Tb2f5xQLfPE28-J5NeWz0VeiWdmNqKn4ob_MN8EP1nyJusCC3pkOkafLlQmDbOZU95CBClKK9IiK0gKgKoXtE3wDMKv27fFYkJGZV80VNqgUfAgWUoLoCJ24GFxf_Za1UNTWKFduKYudDDbRggiZAxYBtQJVq4GnXb9jXVYcGS6p39bG9kZyYg3XiXlp0VHcYaIqWvRjiZW-FnLh4Wyqj7I9FqljE0B2Ps4JXOwEi7S7r20XNT-6fYUGWuGq6OdE3zCnuGhmKPASKfwovMtvgJwjEm5yubBPW1e6DElynwLqLsXdwUAiQ",
          "e": "AQAB"
        },
        "attributes": {
          "enabled": true,
          "created": 1650062130,
          "updated": 1650062130,
          "recoveryLevel": "CustomizedRecoverable\u002BPurgeable",
          "recoverableDays": 7
        }
      }
    },
    {
      "RequestUri": "https://vaultname.vault.azure.net/keys/livekvtestkey4a4d26ef?api-version=7.2",
      "RequestMethod": "DELETE",
      "RequestHeaders": {
        "Accept": "application/json",
        "Accept-Encoding": "gzip, deflate",
        "Connection": "keep-alive",
        "Content-Length": "0",
        "User-Agent": "azsdk-python-keyvault-keys/4.5.1 Python/3.9.9 (Windows-10-10.0.22000-SP0)"
      },
      "RequestBody": null,
      "StatusCode": 200,
      "ResponseHeaders": {
        "Cache-Control": "no-cache",
        "Content-Length": "835",
        "Content-Type": "application/json; charset=utf-8",
        "Date": "Fri, 15 Apr 2022 22:35:54 GMT",
        "Expires": "-1",
        "Pragma": "no-cache",
        "Strict-Transport-Security": "max-age=31536000;includeSubDomains",
        "X-Content-Type-Options": "nosniff",
        "x-ms-keyvault-network-info": "conn_type=Ipv4;addr=73.232.137.144;act_addr_fam=InterNetwork;",
        "x-ms-keyvault-rbac-assignment-id": "ae1ec34e-30ed-581a-9f84-7759a8c5a1fa",
        "x-ms-keyvault-rbac-cache": "ra_age=5624;da_age=722;rd_age=722;brd_age=11347;ra_notif_age=6204;dec_lev=1;",
        "x-ms-keyvault-region": "westus2",
        "x-ms-keyvault-service-version": "1.9.358.1"
      },
      "ResponseBody": {
        "recoveryId": "https://vaultname.vault.azure.net/deletedkeys/livekvtestkey4a4d26ef",
        "deletedDate": 1650062155,
        "scheduledPurgeDate": 1650666955,
        "key": {
          "kid": "https://vaultname.vault.azure.net/keys/livekvtestkey4a4d26ef/8deb14fa3b394589869ea9cee5fe52cd",
          "kty": "RSA",
          "key_ops": [
            "encrypt",
            "decrypt",
            "sign",
            "verify",
            "wrapKey",
            "unwrapKey"
          ],
          "n": "qviv08YBcDQTBsrbLrd45fEcslFm7dQzQkm1bEzg5aZ-cz3dwvbavyCXU4rhSlmNsn6CxzLOhRKYGAnRwcNNe4rAArMx4cpSllGz3OLcjZ16_v9oZc6I7QlAutavWziTnrcdIMA6rVS9oa6_4OYnCi78mLGSxY0Y5kMkWi8iLs9ZlZVMv98RAeyIlbCecDmWq3mhr37sSnGEtqLuQFr1K9AQ3wIAV4IL2_Yd6qhfLx30VOgYpiacP8YQDCuzDnNkpABpAEmZfLuPWl3LrK64mP4t1AIkWV0uJYVn4YzJISrM3KuERievqMiB7b_YWLA7aFiFe2Oa-orXsRlZQ6ZeDQ",
          "e": "AQAB"
        },
        "attributes": {
          "enabled": true,
          "created": 1650062132,
          "updated": 1650062132,
          "recoveryLevel": "CustomizedRecoverable\u002BPurgeable",
          "recoverableDays": 7
        }
      }
    },
    {
      "RequestUri": "https://vaultname.vault.azure.net/deletedkeys/livekvtestkey4a4d26ef?api-version=7.2",
      "RequestMethod": "GET",
      "RequestHeaders": {
        "Accept": "application/json",
        "Accept-Encoding": "gzip, deflate",
        "Connection": "keep-alive",
        "User-Agent": "azsdk-python-keyvault-keys/4.5.1 Python/3.9.9 (Windows-10-10.0.22000-SP0)"
      },
      "RequestBody": null,
      "StatusCode": 404,
      "ResponseHeaders": {
        "Cache-Control": "no-cache",
        "Content-Length": "89",
        "Content-Type": "application/json; charset=utf-8",
        "Date": "Fri, 15 Apr 2022 22:35:54 GMT",
        "Expires": "-1",
        "Pragma": "no-cache",
        "Strict-Transport-Security": "max-age=31536000;includeSubDomains",
        "X-Content-Type-Options": "nosniff",
        "x-ms-keyvault-network-info": "conn_type=Ipv4;addr=73.232.137.144;act_addr_fam=InterNetwork;",
        "x-ms-keyvault-rbac-assignment-id": "ae1ec34e-30ed-581a-9f84-7759a8c5a1fa",
        "x-ms-keyvault-rbac-cache": "ra_age=5624;da_age=722;rd_age=722;brd_age=11347;ra_notif_age=6204;dec_lev=1;",
        "x-ms-keyvault-region": "westus2",
        "x-ms-keyvault-service-version": "1.9.358.1"
      },
      "ResponseBody": {
        "error": {
          "code": "KeyNotFound",
          "message": "Deleted Key not found: livekvtestkey4a4d26ef"
        }
      }
    },
    {
      "RequestUri": "https://vaultname.vault.azure.net/deletedkeys/livekvtestkey4a4d26ef?api-version=7.2",
      "RequestMethod": "GET",
      "RequestHeaders": {
        "Accept": "application/json",
        "Accept-Encoding": "gzip, deflate",
        "Connection": "keep-alive",
        "User-Agent": "azsdk-python-keyvault-keys/4.5.1 Python/3.9.9 (Windows-10-10.0.22000-SP0)"
      },
      "RequestBody": null,
      "StatusCode": 404,
      "ResponseHeaders": {
        "Cache-Control": "no-cache",
        "Content-Length": "89",
        "Content-Type": "application/json; charset=utf-8",
        "Date": "Fri, 15 Apr 2022 22:35:57 GMT",
        "Expires": "-1",
        "Pragma": "no-cache",
        "Strict-Transport-Security": "max-age=31536000;includeSubDomains",
        "X-Content-Type-Options": "nosniff",
        "x-ms-keyvault-network-info": "conn_type=Ipv4;addr=73.232.137.144;act_addr_fam=InterNetwork;",
        "x-ms-keyvault-rbac-assignment-id": "ae1ec34e-30ed-581a-9f84-7759a8c5a1fa",
        "x-ms-keyvault-rbac-cache": "ra_age=5626;da_age=724;rd_age=724;brd_age=11349;ra_notif_age=6206;dec_lev=0;",
        "x-ms-keyvault-region": "westus2",
        "x-ms-keyvault-service-version": "1.9.358.1"
      },
      "ResponseBody": {
        "error": {
          "code": "KeyNotFound",
          "message": "Deleted Key not found: livekvtestkey4a4d26ef"
        }
      }
    },
    {
      "RequestUri": "https://vaultname.vault.azure.net/deletedkeys/livekvtestkey4a4d26ef?api-version=7.2",
      "RequestMethod": "GET",
      "RequestHeaders": {
        "Accept": "application/json",
        "Accept-Encoding": "gzip, deflate",
        "Connection": "keep-alive",
        "User-Agent": "azsdk-python-keyvault-keys/4.5.1 Python/3.9.9 (Windows-10-10.0.22000-SP0)"
      },
      "RequestBody": null,
      "StatusCode": 200,
      "ResponseHeaders": {
        "Cache-Control": "no-cache",
        "Content-Length": "835",
        "Content-Type": "application/json; charset=utf-8",
        "Date": "Fri, 15 Apr 2022 22:35:59 GMT",
        "Expires": "-1",
        "Pragma": "no-cache",
        "Strict-Transport-Security": "max-age=31536000;includeSubDomains",
        "X-Content-Type-Options": "nosniff",
        "x-ms-keyvault-network-info": "conn_type=Ipv4;addr=73.232.137.144;act_addr_fam=InterNetwork;",
        "x-ms-keyvault-rbac-assignment-id": "ae1ec34e-30ed-581a-9f84-7759a8c5a1fa",
        "x-ms-keyvault-rbac-cache": "ra_age=5629;da_age=727;rd_age=727;brd_age=11351;ra_notif_age=6208;dec_lev=0;",
        "x-ms-keyvault-region": "westus2",
        "x-ms-keyvault-service-version": "1.9.358.1"
      },
      "ResponseBody": {
        "recoveryId": "https://vaultname.vault.azure.net/deletedkeys/livekvtestkey4a4d26ef",
        "deletedDate": 1650062155,
        "scheduledPurgeDate": 1650666955,
        "key": {
          "kid": "https://vaultname.vault.azure.net/keys/livekvtestkey4a4d26ef/8deb14fa3b394589869ea9cee5fe52cd",
          "kty": "RSA",
          "key_ops": [
            "encrypt",
            "decrypt",
            "sign",
            "verify",
            "wrapKey",
            "unwrapKey"
          ],
          "n": "qviv08YBcDQTBsrbLrd45fEcslFm7dQzQkm1bEzg5aZ-cz3dwvbavyCXU4rhSlmNsn6CxzLOhRKYGAnRwcNNe4rAArMx4cpSllGz3OLcjZ16_v9oZc6I7QlAutavWziTnrcdIMA6rVS9oa6_4OYnCi78mLGSxY0Y5kMkWi8iLs9ZlZVMv98RAeyIlbCecDmWq3mhr37sSnGEtqLuQFr1K9AQ3wIAV4IL2_Yd6qhfLx30VOgYpiacP8YQDCuzDnNkpABpAEmZfLuPWl3LrK64mP4t1AIkWV0uJYVn4YzJISrM3KuERievqMiB7b_YWLA7aFiFe2Oa-orXsRlZQ6ZeDQ",
          "e": "AQAB"
        },
        "attributes": {
          "enabled": true,
          "created": 1650062132,
          "updated": 1650062132,
          "recoveryLevel": "CustomizedRecoverable\u002BPurgeable",
          "recoverableDays": 7
        }
      }
    },
    {
      "RequestUri": "https://vaultname.vault.azure.net/keys/livekvtestkey5a4d26ef?api-version=7.2",
      "RequestMethod": "DELETE",
      "RequestHeaders": {
        "Accept": "application/json",
        "Accept-Encoding": "gzip, deflate",
        "Connection": "keep-alive",
        "Content-Length": "0",
        "User-Agent": "azsdk-python-keyvault-keys/4.5.1 Python/3.9.9 (Windows-10-10.0.22000-SP0)"
      },
      "RequestBody": null,
      "StatusCode": 200,
      "ResponseHeaders": {
        "Cache-Control": "no-cache",
        "Content-Length": "835",
        "Content-Type": "application/json; charset=utf-8",
        "Date": "Fri, 15 Apr 2022 22:35:59 GMT",
        "Expires": "-1",
        "Pragma": "no-cache",
        "Strict-Transport-Security": "max-age=31536000;includeSubDomains",
        "X-Content-Type-Options": "nosniff",
        "x-ms-keyvault-network-info": "conn_type=Ipv4;addr=73.232.137.144;act_addr_fam=InterNetwork;",
        "x-ms-keyvault-rbac-assignment-id": "ae1ec34e-30ed-581a-9f84-7759a8c5a1fa",
        "x-ms-keyvault-rbac-cache": "ra_age=5629;da_age=727;rd_age=727;brd_age=11351;ra_notif_age=6208;dec_lev=1;",
        "x-ms-keyvault-region": "westus2",
        "x-ms-keyvault-service-version": "1.9.358.1"
      },
      "ResponseBody": {
        "recoveryId": "https://vaultname.vault.azure.net/deletedkeys/livekvtestkey5a4d26ef",
        "deletedDate": 1650062159,
        "scheduledPurgeDate": 1650666959,
        "key": {
          "kid": "https://vaultname.vault.azure.net/keys/livekvtestkey5a4d26ef/90d74203fe3a47cfa456c275ed1f068c",
          "kty": "RSA",
          "key_ops": [
            "encrypt",
            "decrypt",
            "sign",
            "verify",
            "wrapKey",
            "unwrapKey"
          ],
          "n": "wgCaVvxk8ibz4agZj1c02t5wzX3YsTgS2db_XtKRanDXCxUSRUWJb6LkskLPbVsc0RyXPz-5Z8Es98H7ahuwb-JYXSIDQQnMaHcoyPNlFfZoTKHZsDBv2-sKqUHXKt2JILlRwd7F8XbTxZ5nv2F-r8LmyrhUdHIvPWFP9yoRaSOW_dD4q3OtulVMhxKcI8lgNLBIZ2YHojpmOUSms8LDS83yRPNNsthC7pzQauO3Iy606vYWJE3w6brwh3NkeohdPmj0nRm8l4S_HmhzyVmPhf-zqAiLtxkcS78IySWJRfTuwUZ1631NkKMUlgYJESdw_6ZgkU2-rqxwKbIQ4ueraQ",
          "e": "AQAB"
        },
        "attributes": {
          "enabled": true,
          "created": 1650062135,
          "updated": 1650062135,
          "recoveryLevel": "CustomizedRecoverable\u002BPurgeable",
          "recoverableDays": 7
        }
      }
    },
    {
      "RequestUri": "https://vaultname.vault.azure.net/deletedkeys/livekvtestkey5a4d26ef?api-version=7.2",
      "RequestMethod": "GET",
      "RequestHeaders": {
        "Accept": "application/json",
        "Accept-Encoding": "gzip, deflate",
        "Connection": "keep-alive",
        "User-Agent": "azsdk-python-keyvault-keys/4.5.1 Python/3.9.9 (Windows-10-10.0.22000-SP0)"
      },
      "RequestBody": null,
      "StatusCode": 404,
      "ResponseHeaders": {
        "Cache-Control": "no-cache",
        "Content-Length": "89",
        "Content-Type": "application/json; charset=utf-8",
        "Date": "Fri, 15 Apr 2022 22:35:59 GMT",
        "Expires": "-1",
        "Pragma": "no-cache",
        "Strict-Transport-Security": "max-age=31536000;includeSubDomains",
        "X-Content-Type-Options": "nosniff",
        "x-ms-keyvault-network-info": "conn_type=Ipv4;addr=73.232.137.144;act_addr_fam=InterNetwork;",
        "x-ms-keyvault-rbac-assignment-id": "ae1ec34e-30ed-581a-9f84-7759a8c5a1fa",
        "x-ms-keyvault-rbac-cache": "ra_age=5629;da_age=727;rd_age=727;brd_age=11351;ra_notif_age=6208;dec_lev=1;",
        "x-ms-keyvault-region": "westus2",
        "x-ms-keyvault-service-version": "1.9.358.1"
      },
      "ResponseBody": {
        "error": {
          "code": "KeyNotFound",
          "message": "Deleted Key not found: livekvtestkey5a4d26ef"
        }
      }
    },
    {
      "RequestUri": "https://vaultname.vault.azure.net/deletedkeys/livekvtestkey5a4d26ef?api-version=7.2",
      "RequestMethod": "GET",
      "RequestHeaders": {
        "Accept": "application/json",
        "Accept-Encoding": "gzip, deflate",
        "Connection": "keep-alive",
        "User-Agent": "azsdk-python-keyvault-keys/4.5.1 Python/3.9.9 (Windows-10-10.0.22000-SP0)"
      },
      "RequestBody": null,
      "StatusCode": 404,
      "ResponseHeaders": {
        "Cache-Control": "no-cache",
        "Content-Length": "89",
        "Content-Type": "application/json; charset=utf-8",
        "Date": "Fri, 15 Apr 2022 22:36:01 GMT",
        "Expires": "-1",
        "Pragma": "no-cache",
        "Strict-Transport-Security": "max-age=31536000;includeSubDomains",
        "X-Content-Type-Options": "nosniff",
        "x-ms-keyvault-network-info": "conn_type=Ipv4;addr=73.232.137.144;act_addr_fam=InterNetwork;",
        "x-ms-keyvault-rbac-assignment-id": "ae1ec34e-30ed-581a-9f84-7759a8c5a1fa",
        "x-ms-keyvault-rbac-cache": "ra_age=5631;da_age=729;rd_age=729;brd_age=11353;ra_notif_age=6210;dec_lev=0;",
        "x-ms-keyvault-region": "westus2",
        "x-ms-keyvault-service-version": "1.9.358.1"
      },
      "ResponseBody": {
        "error": {
          "code": "KeyNotFound",
          "message": "Deleted Key not found: livekvtestkey5a4d26ef"
        }
      }
    },
    {
      "RequestUri": "https://vaultname.vault.azure.net/deletedkeys/livekvtestkey5a4d26ef?api-version=7.2",
      "RequestMethod": "GET",
      "RequestHeaders": {
        "Accept": "application/json",
        "Accept-Encoding": "gzip, deflate",
        "Connection": "keep-alive",
        "User-Agent": "azsdk-python-keyvault-keys/4.5.1 Python/3.9.9 (Windows-10-10.0.22000-SP0)"
      },
      "RequestBody": null,
      "StatusCode": 404,
      "ResponseHeaders": {
        "Cache-Control": "no-cache",
        "Content-Length": "89",
        "Content-Type": "application/json; charset=utf-8",
        "Date": "Fri, 15 Apr 2022 22:36:03 GMT",
        "Expires": "-1",
        "Pragma": "no-cache",
        "Strict-Transport-Security": "max-age=31536000;includeSubDomains",
        "X-Content-Type-Options": "nosniff",
        "x-ms-keyvault-network-info": "conn_type=Ipv4;addr=73.232.137.144;act_addr_fam=InterNetwork;",
        "x-ms-keyvault-rbac-assignment-id": "ae1ec34e-30ed-581a-9f84-7759a8c5a1fa",
        "x-ms-keyvault-rbac-cache": "ra_age=5633;da_age=731;rd_age=731;brd_age=11356;ra_notif_age=6213;dec_lev=0;",
        "x-ms-keyvault-region": "westus2",
        "x-ms-keyvault-service-version": "1.9.358.1"
      },
      "ResponseBody": {
        "error": {
          "code": "KeyNotFound",
          "message": "Deleted Key not found: livekvtestkey5a4d26ef"
        }
      }
    },
    {
      "RequestUri": "https://vaultname.vault.azure.net/deletedkeys/livekvtestkey5a4d26ef?api-version=7.2",
      "RequestMethod": "GET",
      "RequestHeaders": {
        "Accept": "application/json",
        "Accept-Encoding": "gzip, deflate",
        "Connection": "keep-alive",
        "User-Agent": "azsdk-python-keyvault-keys/4.5.1 Python/3.9.9 (Windows-10-10.0.22000-SP0)"
      },
      "RequestBody": null,
      "StatusCode": 200,
      "ResponseHeaders": {
        "Cache-Control": "no-cache",
        "Content-Length": "835",
        "Content-Type": "application/json; charset=utf-8",
        "Date": "Fri, 15 Apr 2022 22:36:05 GMT",
        "Expires": "-1",
        "Pragma": "no-cache",
        "Strict-Transport-Security": "max-age=31536000;includeSubDomains",
        "X-Content-Type-Options": "nosniff",
        "x-ms-keyvault-network-info": "conn_type=Ipv4;addr=73.232.137.144;act_addr_fam=InterNetwork;",
        "x-ms-keyvault-rbac-assignment-id": "ae1ec34e-30ed-581a-9f84-7759a8c5a1fa",
        "x-ms-keyvault-rbac-cache": "ra_age=5635;da_age=733;rd_age=733;brd_age=11358;ra_notif_age=6215;dec_lev=0;",
        "x-ms-keyvault-region": "westus2",
        "x-ms-keyvault-service-version": "1.9.358.1"
      },
      "ResponseBody": {
        "recoveryId": "https://vaultname.vault.azure.net/deletedkeys/livekvtestkey5a4d26ef",
        "deletedDate": 1650062159,
        "scheduledPurgeDate": 1650666959,
        "key": {
          "kid": "https://vaultname.vault.azure.net/keys/livekvtestkey5a4d26ef/90d74203fe3a47cfa456c275ed1f068c",
          "kty": "RSA",
          "key_ops": [
            "encrypt",
            "decrypt",
            "sign",
            "verify",
            "wrapKey",
            "unwrapKey"
          ],
          "n": "wgCaVvxk8ibz4agZj1c02t5wzX3YsTgS2db_XtKRanDXCxUSRUWJb6LkskLPbVsc0RyXPz-5Z8Es98H7ahuwb-JYXSIDQQnMaHcoyPNlFfZoTKHZsDBv2-sKqUHXKt2JILlRwd7F8XbTxZ5nv2F-r8LmyrhUdHIvPWFP9yoRaSOW_dD4q3OtulVMhxKcI8lgNLBIZ2YHojpmOUSms8LDS83yRPNNsthC7pzQauO3Iy606vYWJE3w6brwh3NkeohdPmj0nRm8l4S_HmhzyVmPhf-zqAiLtxkcS78IySWJRfTuwUZ1631NkKMUlgYJESdw_6ZgkU2-rqxwKbIQ4ueraQ",
          "e": "AQAB"
        },
        "attributes": {
          "enabled": true,
          "created": 1650062135,
          "updated": 1650062135,
          "recoveryLevel": "CustomizedRecoverable\u002BPurgeable",
          "recoverableDays": 7
        }
      }
    },
    {
      "RequestUri": "https://vaultname.vault.azure.net/keys/livekvtestkey6a4d26ef?api-version=7.2",
      "RequestMethod": "DELETE",
      "RequestHeaders": {
        "Accept": "application/json",
        "Accept-Encoding": "gzip, deflate",
        "Connection": "keep-alive",
        "Content-Length": "0",
        "User-Agent": "azsdk-python-keyvault-keys/4.5.1 Python/3.9.9 (Windows-10-10.0.22000-SP0)"
      },
      "RequestBody": null,
      "StatusCode": 200,
      "ResponseHeaders": {
        "Cache-Control": "no-cache",
        "Content-Length": "835",
        "Content-Type": "application/json; charset=utf-8",
        "Date": "Fri, 15 Apr 2022 22:36:05 GMT",
        "Expires": "-1",
        "Pragma": "no-cache",
        "Strict-Transport-Security": "max-age=31536000;includeSubDomains",
        "X-Content-Type-Options": "nosniff",
        "x-ms-keyvault-network-info": "conn_type=Ipv4;addr=73.232.137.144;act_addr_fam=InterNetwork;",
        "x-ms-keyvault-rbac-assignment-id": "ae1ec34e-30ed-581a-9f84-7759a8c5a1fa",
        "x-ms-keyvault-rbac-cache": "ra_age=5635;da_age=733;rd_age=733;brd_age=11358;ra_notif_age=6215;dec_lev=1;",
        "x-ms-keyvault-region": "westus2",
        "x-ms-keyvault-service-version": "1.9.358.1"
      },
      "ResponseBody": {
        "recoveryId": "https://vaultname.vault.azure.net/deletedkeys/livekvtestkey6a4d26ef",
        "deletedDate": 1650062166,
        "scheduledPurgeDate": 1650666966,
        "key": {
          "kid": "https://vaultname.vault.azure.net/keys/livekvtestkey6a4d26ef/3baccb123c7e4e4992436de707146322",
          "kty": "RSA",
          "key_ops": [
            "encrypt",
            "decrypt",
            "sign",
            "verify",
            "wrapKey",
            "unwrapKey"
          ],
          "n": "xknxe1UKSjqGCwlrC4UVlObnXIzcyNhmCleZBlzsISeqSFh1MVcSKJ9cUNZWNU1FudPg6XtfOGfmpUOJsEB6v9jocqG0S5jnzKO8ytx2I4h18NcC8FKy7sEjl5MAQ6evSLVyPQKH5bJ17yeRurCTpyIG5ZxkXvsXEpWoa2su0xxknm65WnWnyS9tLhRC52GYYV2cejN-btH8tHnyQVSgmE-Lh-Oo09XV1gNI5CIy_7GbOm1fYxDeZYFi73_sBq6hq1TOuXDyikPZK0Pfld1fq0UPWHIDJmMCW3bsmmELJ8SU9km0qTr0QBHmhKvR9JQMy1XkU_550zRMsPfVlFyiXQ",
          "e": "AQAB"
        },
        "attributes": {
          "enabled": true,
          "created": 1650062137,
          "updated": 1650062137,
          "recoveryLevel": "CustomizedRecoverable\u002BPurgeable",
          "recoverableDays": 7
        }
      }
    },
    {
      "RequestUri": "https://vaultname.vault.azure.net/deletedkeys/livekvtestkey6a4d26ef?api-version=7.2",
      "RequestMethod": "GET",
      "RequestHeaders": {
        "Accept": "application/json",
        "Accept-Encoding": "gzip, deflate",
        "Connection": "keep-alive",
        "User-Agent": "azsdk-python-keyvault-keys/4.5.1 Python/3.9.9 (Windows-10-10.0.22000-SP0)"
      },
      "RequestBody": null,
      "StatusCode": 404,
      "ResponseHeaders": {
        "Cache-Control": "no-cache",
        "Content-Length": "89",
        "Content-Type": "application/json; charset=utf-8",
        "Date": "Fri, 15 Apr 2022 22:36:06 GMT",
        "Expires": "-1",
        "Pragma": "no-cache",
        "Strict-Transport-Security": "max-age=31536000;includeSubDomains",
        "X-Content-Type-Options": "nosniff",
        "x-ms-keyvault-network-info": "conn_type=Ipv4;addr=73.232.137.144;act_addr_fam=InterNetwork;",
        "x-ms-keyvault-rbac-assignment-id": "ae1ec34e-30ed-581a-9f84-7759a8c5a1fa",
        "x-ms-keyvault-rbac-cache": "ra_age=5636;da_age=734;rd_age=734;brd_age=11358;ra_notif_age=6215;dec_lev=1;",
        "x-ms-keyvault-region": "westus2",
        "x-ms-keyvault-service-version": "1.9.358.1"
      },
      "ResponseBody": {
        "error": {
          "code": "KeyNotFound",
          "message": "Deleted Key not found: livekvtestkey6a4d26ef"
        }
      }
    },
    {
      "RequestUri": "https://vaultname.vault.azure.net/deletedkeys/livekvtestkey6a4d26ef?api-version=7.2",
      "RequestMethod": "GET",
      "RequestHeaders": {
        "Accept": "application/json",
        "Accept-Encoding": "gzip, deflate",
        "Connection": "keep-alive",
        "User-Agent": "azsdk-python-keyvault-keys/4.5.1 Python/3.9.9 (Windows-10-10.0.22000-SP0)"
      },
      "RequestBody": null,
      "StatusCode": 404,
      "ResponseHeaders": {
        "Cache-Control": "no-cache",
        "Content-Length": "89",
        "Content-Type": "application/json; charset=utf-8",
        "Date": "Fri, 15 Apr 2022 22:36:08 GMT",
        "Expires": "-1",
        "Pragma": "no-cache",
        "Strict-Transport-Security": "max-age=31536000;includeSubDomains",
        "X-Content-Type-Options": "nosniff",
        "x-ms-keyvault-network-info": "conn_type=Ipv4;addr=73.232.137.144;act_addr_fam=InterNetwork;",
        "x-ms-keyvault-rbac-assignment-id": "ae1ec34e-30ed-581a-9f84-7759a8c5a1fa",
        "x-ms-keyvault-rbac-cache": "ra_age=5638;da_age=736;rd_age=736;brd_age=11360;ra_notif_age=6217;dec_lev=0;",
        "x-ms-keyvault-region": "westus2",
        "x-ms-keyvault-service-version": "1.9.358.1"
      },
      "ResponseBody": {
        "error": {
          "code": "KeyNotFound",
          "message": "Deleted Key not found: livekvtestkey6a4d26ef"
        }
      }
    },
    {
      "RequestUri": "https://vaultname.vault.azure.net/deletedkeys/livekvtestkey6a4d26ef?api-version=7.2",
      "RequestMethod": "GET",
      "RequestHeaders": {
        "Accept": "application/json",
        "Accept-Encoding": "gzip, deflate",
        "Connection": "keep-alive",
        "User-Agent": "azsdk-python-keyvault-keys/4.5.1 Python/3.9.9 (Windows-10-10.0.22000-SP0)"
      },
      "RequestBody": null,
      "StatusCode": 404,
      "ResponseHeaders": {
        "Cache-Control": "no-cache",
        "Content-Length": "89",
        "Content-Type": "application/json; charset=utf-8",
        "Date": "Fri, 15 Apr 2022 22:36:11 GMT",
        "Expires": "-1",
        "Pragma": "no-cache",
        "Strict-Transport-Security": "max-age=31536000;includeSubDomains",
        "X-Content-Type-Options": "nosniff",
        "x-ms-keyvault-network-info": "conn_type=Ipv4;addr=73.232.137.144;act_addr_fam=InterNetwork;",
        "x-ms-keyvault-rbac-assignment-id": "ae1ec34e-30ed-581a-9f84-7759a8c5a1fa",
        "x-ms-keyvault-rbac-cache": "ra_age=5640;da_age=738;rd_age=738;brd_age=11362;ra_notif_age=6219;dec_lev=0;",
        "x-ms-keyvault-region": "westus2",
        "x-ms-keyvault-service-version": "1.9.358.1"
      },
      "ResponseBody": {
        "error": {
          "code": "KeyNotFound",
          "message": "Deleted Key not found: livekvtestkey6a4d26ef"
        }
      }
    },
    {
      "RequestUri": "https://vaultname.vault.azure.net/deletedkeys/livekvtestkey6a4d26ef?api-version=7.2",
      "RequestMethod": "GET",
      "RequestHeaders": {
        "Accept": "application/json",
        "Accept-Encoding": "gzip, deflate",
        "Connection": "keep-alive",
        "User-Agent": "azsdk-python-keyvault-keys/4.5.1 Python/3.9.9 (Windows-10-10.0.22000-SP0)"
      },
      "RequestBody": null,
      "StatusCode": 200,
      "ResponseHeaders": {
        "Cache-Control": "no-cache",
        "Content-Length": "835",
        "Content-Type": "application/json; charset=utf-8",
        "Date": "Fri, 15 Apr 2022 22:36:13 GMT",
        "Expires": "-1",
        "Pragma": "no-cache",
        "Strict-Transport-Security": "max-age=31536000;includeSubDomains",
        "X-Content-Type-Options": "nosniff",
        "x-ms-keyvault-network-info": "conn_type=Ipv4;addr=73.232.137.144;act_addr_fam=InterNetwork;",
        "x-ms-keyvault-rbac-assignment-id": "ae1ec34e-30ed-581a-9f84-7759a8c5a1fa",
        "x-ms-keyvault-rbac-cache": "ra_age=5642;da_age=740;rd_age=740;brd_age=11364;ra_notif_age=6221;dec_lev=0;",
        "x-ms-keyvault-region": "westus2",
        "x-ms-keyvault-service-version": "1.9.358.1"
      },
      "ResponseBody": {
        "recoveryId": "https://vaultname.vault.azure.net/deletedkeys/livekvtestkey6a4d26ef",
        "deletedDate": 1650062166,
        "scheduledPurgeDate": 1650666966,
        "key": {
          "kid": "https://vaultname.vault.azure.net/keys/livekvtestkey6a4d26ef/3baccb123c7e4e4992436de707146322",
          "kty": "RSA",
          "key_ops": [
            "encrypt",
            "decrypt",
            "sign",
            "verify",
            "wrapKey",
            "unwrapKey"
          ],
          "n": "xknxe1UKSjqGCwlrC4UVlObnXIzcyNhmCleZBlzsISeqSFh1MVcSKJ9cUNZWNU1FudPg6XtfOGfmpUOJsEB6v9jocqG0S5jnzKO8ytx2I4h18NcC8FKy7sEjl5MAQ6evSLVyPQKH5bJ17yeRurCTpyIG5ZxkXvsXEpWoa2su0xxknm65WnWnyS9tLhRC52GYYV2cejN-btH8tHnyQVSgmE-Lh-Oo09XV1gNI5CIy_7GbOm1fYxDeZYFi73_sBq6hq1TOuXDyikPZK0Pfld1fq0UPWHIDJmMCW3bsmmELJ8SU9km0qTr0QBHmhKvR9JQMy1XkU_550zRMsPfVlFyiXQ",
          "e": "AQAB"
        },
        "attributes": {
          "enabled": true,
          "created": 1650062137,
          "updated": 1650062137,
          "recoveryLevel": "CustomizedRecoverable\u002BPurgeable",
          "recoverableDays": 7
        }
      }
    },
    {
      "RequestUri": "https://vaultname.vault.azure.net/deletedkeys?api-version=7.2",
      "RequestMethod": "GET",
      "RequestHeaders": {
        "Accept": "application/json",
        "Accept-Encoding": "gzip, deflate",
        "Connection": "keep-alive",
        "User-Agent": "azsdk-python-keyvault-keys/4.5.1 Python/3.9.9 (Windows-10-10.0.22000-SP0)"
      },
      "RequestBody": null,
      "StatusCode": 200,
      "ResponseHeaders": {
        "Cache-Control": "no-cache",
        "Content-Length": "1607",
        "Content-Type": "application/json; charset=utf-8",
        "Date": "Fri, 15 Apr 2022 22:36:13 GMT",
        "Expires": "-1",
        "Pragma": "no-cache",
        "Strict-Transport-Security": "max-age=31536000;includeSubDomains",
        "X-Content-Type-Options": "nosniff",
        "x-ms-keyvault-network-info": "conn_type=Ipv4;addr=73.232.137.144;act_addr_fam=InterNetwork;",
        "x-ms-keyvault-rbac-assignment-id": "ae1ec34e-30ed-581a-9f84-7759a8c5a1fa",
        "x-ms-keyvault-rbac-cache": "ra_age=5642;da_age=740;rd_age=740;brd_age=11364;ra_notif_age=6222;dec_lev=0;",
        "x-ms-keyvault-region": "westus2",
        "x-ms-keyvault-service-version": "1.9.358.1"
      },
      "ResponseBody": {
        "value": [
          {
            "recoveryId": "https://vaultname.vault.azure.net/deletedkeys/livekvtestcrud-rsa-key6c6b2cc3",
            "deletedDate": 1650059077,
            "scheduledPurgeDate": 1650663877,
            "kid": "https://vaultname.vault.azure.net/keys/livekvtestcrud-rsa-key6c6b2cc3",
            "attributes": {
              "enabled": true,
              "exp": 2524723200,
              "created": 1650059074,
              "updated": 1650059077,
              "recoveryLevel": "CustomizedRecoverable\u002BPurgeable",
              "recoverableDays": 7
            },
            "tags": {
              "foo": "updated tag"
            }
          },
          {
            "recoveryId": "https://vaultname.vault.azure.net/deletedkeys/livekvtestcrud-rsa-key6c7a2cc4",
            "deletedDate": 1650059062,
            "scheduledPurgeDate": 1650663862,
            "kid": "https://vaultname.vault.azure.net/keys/livekvtestcrud-rsa-key6c7a2cc4",
            "attributes": {
              "enabled": true,
              "exp": 2524723200,
              "created": 1650059058,
              "updated": 1650059062,
              "recoveryLevel": "CustomizedRecoverable\u002BPurgeable",
              "recoverableDays": 7
            },
            "tags": {
              "foo": "updated tag"
            }
          },
          {
            "recoveryId": "https://vaultname.vault.azure.net/deletedkeys/livekvtestcrud-rsa-key6c892cc5",
            "deletedDate": 1650059046,
            "scheduledPurgeDate": 1650663846,
            "kid": "https://vaultname.vault.azure.net/keys/livekvtestcrud-rsa-key6c892cc5",
            "attributes": {
              "enabled": true,
              "exp": 2524723200,
              "created": 1650059042,
              "updated": 1650059046,
              "recoveryLevel": "CustomizedRecoverable\u002BPurgeable",
              "recoverableDays": 7
            },
            "tags": {
              "foo": "updated tag"
            }
          }
        ],
        "nextLink": "https://vaultname.vault.azure.net:443/deletedkeys?api-version=7.2\u0026$skiptoken=eyJOZXh0TWFya2VyIjoiMiExNDghTURBd01EWTNJV3RsZVM5TVNWWkZTMVpVUlZOVVExSlZSQzFTVTBFdFMwVlpOa000T1RKRFF6VXZNRGMxUkRKRU16UXlOa0l6TkRsQ1JVRTBPVGxGTVVZeU0wRkNORE0wT0VNaE1EQXdNREk0SVRrNU9Ua3RNVEl0TXpGVU1qTTZOVGs2TlRrdU9UazVPVGs1T1ZvaCIsIlRhcmdldExvY2F0aW9uIjowfQ"
      }
    },
    {
      "RequestUri": "https://vaultname.vault.azure.net/deletedkeys?api-version=7.2\u0026$skiptoken=eyJOZXh0TWFya2VyIjoiMiExNDghTURBd01EWTNJV3RsZVM5TVNWWkZTMVpVUlZOVVExSlZSQzFTVTBFdFMwVlpOa000T1RKRFF6VXZNRGMxUkRKRU16UXlOa0l6TkRsQ1JVRTBPVGxGTVVZeU0wRkNORE0wT0VNaE1EQXdNREk0SVRrNU9Ua3RNVEl0TXpGVU1qTTZOVGs2TlRrdU9UazVPVGs1T1ZvaCIsIlRhcmdldExvY2F0aW9uIjowfQ",
      "RequestMethod": "GET",
      "RequestHeaders": {
        "Accept": "application/json",
        "Accept-Encoding": "gzip, deflate",
        "Connection": "keep-alive",
        "User-Agent": "azsdk-python-keyvault-keys/4.5.1 Python/3.9.9 (Windows-10-10.0.22000-SP0)"
      },
      "RequestBody": null,
      "StatusCode": 200,
      "ResponseHeaders": {
        "Cache-Control": "no-cache",
        "Content-Length": "1152",
        "Content-Type": "application/json; charset=utf-8",
        "Date": "Fri, 15 Apr 2022 22:36:13 GMT",
        "Expires": "-1",
        "Pragma": "no-cache",
        "Strict-Transport-Security": "max-age=31536000;includeSubDomains",
        "X-Content-Type-Options": "nosniff",
        "x-ms-keyvault-network-info": "conn_type=Ipv4;addr=73.232.137.144;act_addr_fam=InterNetwork;",
        "x-ms-keyvault-rbac-assignment-id": "ae1ec34e-30ed-581a-9f84-7759a8c5a1fa",
        "x-ms-keyvault-rbac-cache": "ra_age=5642;da_age=740;rd_age=740;brd_age=11365;ra_notif_age=6222;dec_lev=0;",
        "x-ms-keyvault-region": "westus2",
        "x-ms-keyvault-service-version": "1.9.358.1"
      },
      "ResponseBody": {
        "value": [
          {
            "recoveryId": "https://vaultname.vault.azure.net/deletedkeys/livekvtestcrud-rsa-key6c982cc6",
            "deletedDate": 1650058997,
            "scheduledPurgeDate": 1650663797,
            "kid": "https://vaultname.vault.azure.net/keys/livekvtestcrud-rsa-key6c982cc6",
            "attributes": {
              "enabled": true,
              "exp": 2524723200,
              "created": 1650058994,
              "updated": 1650058997,
              "recoveryLevel": "CustomizedRecoverable\u002BPurgeable",
              "recoverableDays": 7
            },
            "tags": {
              "foo": "updated tag"
            }
          },
          {
            "recoveryId": "https://vaultname.vault.azure.net/deletedkeys/livekvtestcrud-rsa-key9ab92e13",
            "deletedDate": 1650059093,
            "scheduledPurgeDate": 1650663893,
            "kid": "https://vaultname.vault.azure.net/keys/livekvtestcrud-rsa-key9ab92e13",
            "attributes": {
              "enabled": true,
              "exp": 2524723200,
              "created": 1650059089,
              "updated": 1650059093,
              "recoveryLevel": "CustomizedRecoverable\u002BPurgeable",
              "recoverableDays": 7
            },
            "tags": {
              "foo": "updated tag"
            }
          }
        ],
        "nextLink": "https://vaultname.vault.azure.net:443/deletedkeys?api-version=7.2\u0026$skiptoken=eyJOZXh0TWFya2VyIjoiMiExMjAhTURBd01EUTJJV3RsZVM5TVNWWkZTMVpVUlZOVVExSlpVRlJQTFZSRlUxUXRWMUpCVUZCSlRrY3RTMFZaUlRFM09USkVSVEloTURBd01ESTRJVGs1T1RrdE1USXRNekZVTWpNNk5UazZOVGt1T1RrNU9UazVPVm9oIiwiVGFyZ2V0TG9jYXRpb24iOjB9"
      }
    },
    {
      "RequestUri": "https://vaultname.vault.azure.net/deletedkeys?api-version=7.2\u0026$skiptoken=eyJOZXh0TWFya2VyIjoiMiExMjAhTURBd01EUTJJV3RsZVM5TVNWWkZTMVpVUlZOVVExSlpVRlJQTFZSRlUxUXRWMUpCVUZCSlRrY3RTMFZaUlRFM09USkVSVEloTURBd01ESTRJVGs1T1RrdE1USXRNekZVTWpNNk5UazZOVGt1T1RrNU9UazVPVm9oIiwiVGFyZ2V0TG9jYXRpb24iOjB9",
      "RequestMethod": "GET",
      "RequestHeaders": {
        "Accept": "application/json",
        "Accept-Encoding": "gzip, deflate",
        "Connection": "keep-alive",
        "User-Agent": "azsdk-python-keyvault-keys/4.5.1 Python/3.9.9 (Windows-10-10.0.22000-SP0)"
      },
      "RequestBody": null,
      "StatusCode": 200,
      "ResponseHeaders": {
        "Cache-Control": "no-cache",
        "Content-Length": "700",
        "Content-Type": "application/json; charset=utf-8",
        "Date": "Fri, 15 Apr 2022 22:36:13 GMT",
        "Expires": "-1",
        "Pragma": "no-cache",
        "Strict-Transport-Security": "max-age=31536000;includeSubDomains",
        "X-Content-Type-Options": "nosniff",
        "x-ms-keyvault-network-info": "conn_type=Ipv4;addr=73.232.137.144;act_addr_fam=InterNetwork;",
        "x-ms-keyvault-rbac-assignment-id": "ae1ec34e-30ed-581a-9f84-7759a8c5a1fa",
        "x-ms-keyvault-rbac-cache": "ra_age=5642;da_age=740;rd_age=740;brd_age=11365;ra_notif_age=6222;dec_lev=0;",
        "x-ms-keyvault-region": "westus2",
        "x-ms-keyvault-service-version": "1.9.358.1"
      },
      "ResponseBody": {
        "value": [
          {
            "recoveryId": "https://vaultname.vault.azure.net/deletedkeys/livekvtestkey036102d27",
            "deletedDate": 1650060734,
            "scheduledPurgeDate": 1650665534,
            "kid": "https://vaultname.vault.azure.net/keys/livekvtestkey036102d27",
            "attributes": {
              "enabled": true,
              "created": 1650060720,
              "updated": 1650060720,
              "recoveryLevel": "CustomizedRecoverable\u002BPurgeable",
              "recoverableDays": 7
            }
          }
        ],
        "nextLink": "https://vaultname.vault.azure.net:443/deletedkeys?api-version=7.2\u0026$skiptoken=eyJOZXh0TWFya2VyIjoiMiExNDAhTURBd01EVTVJV3RsZVM5TVNWWkZTMVpVUlZOVVMwVlpNRFZETVRZeU4wTXhMMFUxUTBNM05EVkJRek00UkRRMU5VVkJOemxGTVVGR1F6UkJRamN3UWtOR0lUQXdNREF5T0NFNU9UazVMVEV5TFRNeFZESXpPalU1T2pVNUxqazVPVGs1T1RsYUlRLS0iLCJUYXJnZXRMb2NhdGlvbiI6MH0"
      }
    },
    {
      "RequestUri": "https://vaultname.vault.azure.net/deletedkeys?api-version=7.2\u0026$skiptoken=eyJOZXh0TWFya2VyIjoiMiExNDAhTURBd01EVTVJV3RsZVM5TVNWWkZTMVpVUlZOVVMwVlpNRFZETVRZeU4wTXhMMFUxUTBNM05EVkJRek00UkRRMU5VVkJOemxGTVVGR1F6UkJRamN3UWtOR0lUQXdNREF5T0NFNU9UazVMVEV5TFRNeFZESXpPalU1T2pVNUxqazVPVGs1T1RsYUlRLS0iLCJUYXJnZXRMb2NhdGlvbiI6MH0",
      "RequestMethod": "GET",
      "RequestHeaders": {
        "Accept": "application/json",
        "Accept-Encoding": "gzip, deflate",
        "Connection": "keep-alive",
        "User-Agent": "azsdk-python-keyvault-keys/4.5.1 Python/3.9.9 (Windows-10-10.0.22000-SP0)"
      },
      "RequestBody": null,
      "StatusCode": 200,
      "ResponseHeaders": {
        "Cache-Control": "no-cache",
        "Content-Length": "1692",
        "Content-Type": "application/json; charset=utf-8",
        "Date": "Fri, 15 Apr 2022 22:36:13 GMT",
        "Expires": "-1",
        "Pragma": "no-cache",
        "Strict-Transport-Security": "max-age=31536000;includeSubDomains",
        "X-Content-Type-Options": "nosniff",
        "x-ms-keyvault-network-info": "conn_type=Ipv4;addr=73.232.137.144;act_addr_fam=InterNetwork;",
        "x-ms-keyvault-rbac-assignment-id": "ae1ec34e-30ed-581a-9f84-7759a8c5a1fa",
        "x-ms-keyvault-rbac-cache": "ra_age=5643;da_age=741;rd_age=741;brd_age=11365;ra_notif_age=6222;dec_lev=0;",
        "x-ms-keyvault-region": "westus2",
        "x-ms-keyvault-service-version": "1.9.358.1"
      },
      "ResponseBody": {
        "value": [
          {
            "recoveryId": "https://vaultname.vault.azure.net/deletedkeys/livekvtestkey0a4d26ef",
            "deletedDate": 1650062137,
            "scheduledPurgeDate": 1650666937,
            "kid": "https://vaultname.vault.azure.net/keys/livekvtestkey0a4d26ef",
            "attributes": {
              "enabled": true,
              "created": 1650062124,
              "updated": 1650062124,
              "recoveryLevel": "CustomizedRecoverable\u002BPurgeable",
              "recoverableDays": 7
            }
          },
          {
            "recoveryId": "https://vaultname.vault.azure.net/deletedkeys/livekvtestkey0e362bd7",
            "deletedDate": 1650060680,
            "scheduledPurgeDate": 1650665480,
            "kid": "https://vaultname.vault.azure.net/keys/livekvtestkey0e362bd7",
            "attributes": {
              "enabled": true,
              "created": 1650060667,
              "updated": 1650060667,
              "recoveryLevel": "CustomizedRecoverable\u002BPurgeable",
              "recoverableDays": 7
            }
          },
          {
            "recoveryId": "https://vaultname.vault.azure.net/deletedkeys/livekvtestkey0e452bd8",
            "deletedDate": 1650060623,
            "scheduledPurgeDate": 1650665423,
            "kid": "https://vaultname.vault.azure.net/keys/livekvtestkey0e452bd8",
            "attributes": {
              "enabled": true,
              "created": 1650060609,
              "updated": 1650060609,
              "recoveryLevel": "CustomizedRecoverable\u002BPurgeable",
              "recoverableDays": 7
            }
          },
          {
            "recoveryId": "https://vaultname.vault.azure.net/deletedkeys/livekvtestkey0e542bd9",
            "deletedDate": 1650060572,
            "scheduledPurgeDate": 1650665372,
            "kid": "https://vaultname.vault.azure.net/keys/livekvtestkey0e542bd9",
            "attributes": {
              "enabled": true,
              "created": 1650060558,
              "updated": 1650060558,
              "recoveryLevel": "CustomizedRecoverable\u002BPurgeable",
              "recoverableDays": 7
            }
          }
        ],
        "nextLink": "https://vaultname.vault.azure.net:443/deletedkeys?api-version=7.2\u0026$skiptoken=eyJOZXh0TWFya2VyIjoiMiE5MiFNREF3TURJMUlXdGxlUzlNU1ZaRlMxWlVSVk5VUzBWWk1FVTJNekpDUkVFaE1EQXdNREk0SVRrNU9Ua3RNVEl0TXpGVU1qTTZOVGs2TlRrdU9UazVPVGs1T1ZvaCIsIlRhcmdldExvY2F0aW9uIjowfQ"
      }
    },
    {
      "RequestUri": "https://vaultname.vault.azure.net/deletedkeys?api-version=7.2\u0026$skiptoken=eyJOZXh0TWFya2VyIjoiMiE5MiFNREF3TURJMUlXdGxlUzlNU1ZaRlMxWlVSVk5VUzBWWk1FVTJNekpDUkVFaE1EQXdNREk0SVRrNU9Ua3RNVEl0TXpGVU1qTTZOVGs2TlRrdU9UazVPVGs1T1ZvaCIsIlRhcmdldExvY2F0aW9uIjowfQ",
      "RequestMethod": "GET",
      "RequestHeaders": {
        "Accept": "application/json",
        "Accept-Encoding": "gzip, deflate",
        "Connection": "keep-alive",
        "User-Agent": "azsdk-python-keyvault-keys/4.5.1 Python/3.9.9 (Windows-10-10.0.22000-SP0)"
      },
      "RequestBody": null,
      "StatusCode": 200,
      "ResponseHeaders": {
        "Cache-Control": "no-cache",
        "Content-Length": "1401",
        "Content-Type": "application/json; charset=utf-8",
        "Date": "Fri, 15 Apr 2022 22:36:14 GMT",
        "Expires": "-1",
        "Pragma": "no-cache",
        "Strict-Transport-Security": "max-age=31536000;includeSubDomains",
        "X-Content-Type-Options": "nosniff",
        "x-ms-keyvault-network-info": "conn_type=Ipv4;addr=73.232.137.144;act_addr_fam=InterNetwork;",
        "x-ms-keyvault-rbac-assignment-id": "ae1ec34e-30ed-581a-9f84-7759a8c5a1fa",
        "x-ms-keyvault-rbac-cache": "ra_age=5643;da_age=741;rd_age=741;brd_age=11365;ra_notif_age=6222;dec_lev=0;",
        "x-ms-keyvault-region": "westus2",
        "x-ms-keyvault-service-version": "1.9.358.1"
      },
      "ResponseBody": {
        "value": [
          {
            "recoveryId": "https://vaultname.vault.azure.net/deletedkeys/livekvtestkey0e632bda",
            "deletedDate": 1650060499,
            "scheduledPurgeDate": 1650665299,
            "kid": "https://vaultname.vault.azure.net/keys/livekvtestkey0e632bda",
            "attributes": {
              "enabled": true,
              "created": 1650060485,
              "updated": 1650060485,
              "recoveryLevel": "CustomizedRecoverable\u002BPurgeable",
              "recoverableDays": 7
            }
          },
          {
            "recoveryId": "https://vaultname.vault.azure.net/deletedkeys/livekvtestkey136102d27",
            "deletedDate": 1650060740,
            "scheduledPurgeDate": 1650665540,
            "kid": "https://vaultname.vault.azure.net/keys/livekvtestkey136102d27",
            "attributes": {
              "enabled": true,
              "created": 1650060723,
              "updated": 1650060723,
              "recoveryLevel": "CustomizedRecoverable\u002BPurgeable",
              "recoverableDays": 7
            }
          },
          {
            "recoveryId": "https://vaultname.vault.azure.net/deletedkeys/livekvtestkey1a4d26ef",
            "deletedDate": 1650062139,
            "scheduledPurgeDate": 1650666939,
            "kid": "https://vaultname.vault.azure.net/keys/livekvtestkey1a4d26ef",
            "attributes": {
              "enabled": true,
              "created": 1650062126,
              "updated": 1650062126,
              "recoveryLevel": "CustomizedRecoverable\u002BPurgeable",
              "recoverableDays": 7
            }
          }
        ],
        "nextLink": "https://vaultname.vault.azure.net:443/deletedkeys?api-version=7.2\u0026$skiptoken=eyJOZXh0TWFya2VyIjoiMiExMzYhTURBd01EVTRJV3RsZVM5TVNWWkZTMVpVUlZOVVMwVlpNVUUwUkRJMlJVWXZSVFpEUVRVeE1UVTNRa0UwTkRJd01UazNNRU5CTkVZeU5rSXlOakpDTWtFaE1EQXdNREk0SVRrNU9Ua3RNVEl0TXpGVU1qTTZOVGs2TlRrdU9UazVPVGs1T1ZvaCIsIlRhcmdldExvY2F0aW9uIjowfQ"
      }
    },
    {
      "RequestUri": "https://vaultname.vault.azure.net/deletedkeys?api-version=7.2\u0026$skiptoken=eyJOZXh0TWFya2VyIjoiMiExMzYhTURBd01EVTRJV3RsZVM5TVNWWkZTMVpVUlZOVVMwVlpNVUUwUkRJMlJVWXZSVFpEUVRVeE1UVTNRa0UwTkRJd01UazNNRU5CTkVZeU5rSXlOakpDTWtFaE1EQXdNREk0SVRrNU9Ua3RNVEl0TXpGVU1qTTZOVGs2TlRrdU9UazVPVGs1T1ZvaCIsIlRhcmdldExvY2F0aW9uIjowfQ",
      "RequestMethod": "GET",
      "RequestHeaders": {
        "Accept": "application/json",
        "Accept-Encoding": "gzip, deflate",
        "Connection": "keep-alive",
        "User-Agent": "azsdk-python-keyvault-keys/4.5.1 Python/3.9.9 (Windows-10-10.0.22000-SP0)"
      },
      "RequestBody": null,
      "StatusCode": 200,
      "ResponseHeaders": {
        "Cache-Control": "no-cache",
        "Content-Length": "2052",
        "Content-Type": "application/json; charset=utf-8",
        "Date": "Fri, 15 Apr 2022 22:36:14 GMT",
        "Expires": "-1",
        "Pragma": "no-cache",
        "Strict-Transport-Security": "max-age=31536000;includeSubDomains",
        "X-Content-Type-Options": "nosniff",
        "x-ms-keyvault-network-info": "conn_type=Ipv4;addr=73.232.137.144;act_addr_fam=InterNetwork;",
        "x-ms-keyvault-rbac-assignment-id": "ae1ec34e-30ed-581a-9f84-7759a8c5a1fa",
        "x-ms-keyvault-rbac-cache": "ra_age=5643;da_age=741;rd_age=741;brd_age=11365;ra_notif_age=6222;dec_lev=0;",
        "x-ms-keyvault-region": "westus2",
        "x-ms-keyvault-service-version": "1.9.358.1"
      },
      "ResponseBody": {
        "value": [
          {
            "recoveryId": "https://vaultname.vault.azure.net/deletedkeys/livekvtestkey1e362bd7",
            "deletedDate": 1650060685,
            "scheduledPurgeDate": 1650665485,
            "kid": "https://vaultname.vault.azure.net/keys/livekvtestkey1e362bd7",
            "attributes": {
              "enabled": true,
              "created": 1650060669,
              "updated": 1650060669,
              "recoveryLevel": "CustomizedRecoverable\u002BPurgeable",
              "recoverableDays": 7
            }
          },
          {
            "recoveryId": "https://vaultname.vault.azure.net/deletedkeys/livekvtestkey1e452bd8",
            "deletedDate": 1650060627,
            "scheduledPurgeDate": 1650665427,
            "kid": "https://vaultname.vault.azure.net/keys/livekvtestkey1e452bd8",
            "attributes": {
              "enabled": true,
              "created": 1650060611,
              "updated": 1650060611,
              "recoveryLevel": "CustomizedRecoverable\u002BPurgeable",
              "recoverableDays": 7
            }
          },
          {
            "recoveryId": "https://vaultname.vault.azure.net/deletedkeys/livekvtestkey1e542bd9",
            "deletedDate": 1650060578,
            "scheduledPurgeDate": 1650665378,
            "kid": "https://vaultname.vault.azure.net/keys/livekvtestkey1e542bd9",
            "attributes": {
              "enabled": true,
              "created": 1650060560,
              "updated": 1650060560,
              "recoveryLevel": "CustomizedRecoverable\u002BPurgeable",
              "recoverableDays": 7
            }
          },
          {
            "recoveryId": "https://vaultname.vault.azure.net/deletedkeys/livekvtestkey1e632bda",
            "deletedDate": 1650060501,
            "scheduledPurgeDate": 1650665301,
            "kid": "https://vaultname.vault.azure.net/keys/livekvtestkey1e632bda",
            "attributes": {
              "enabled": true,
              "created": 1650060487,
              "updated": 1650060487,
              "recoveryLevel": "CustomizedRecoverable\u002BPurgeable",
              "recoverableDays": 7
            }
          },
          {
            "recoveryId": "https://vaultname.vault.azure.net/deletedkeys/livekvtestkey236102d27",
            "deletedDate": 1650060749,
            "scheduledPurgeDate": 1650665549,
            "kid": "https://vaultname.vault.azure.net/keys/livekvtestkey236102d27",
            "attributes": {
              "enabled": true,
              "created": 1650060725,
              "updated": 1650060725,
              "recoveryLevel": "CustomizedRecoverable\u002BPurgeable",
              "recoverableDays": 7
            }
          }
        ],
        "nextLink": "https://vaultname.vault.azure.net:443/deletedkeys?api-version=7.2\u0026$skiptoken=eyJOZXh0TWFya2VyIjoiMiE5NiFNREF3TURJMklXdGxlUzlNU1ZaRlMxWlVSVk5VUzBWWk1qZzJNVEl5T0RNd0lUQXdNREF5T0NFNU9UazVMVEV5TFRNeFZESXpPalU1T2pVNUxqazVPVGs1T1RsYUlRLS0iLCJUYXJnZXRMb2NhdGlvbiI6MH0"
      }
    },
    {
      "RequestUri": "https://vaultname.vault.azure.net/deletedkeys?api-version=7.2\u0026$skiptoken=eyJOZXh0TWFya2VyIjoiMiE5NiFNREF3TURJMklXdGxlUzlNU1ZaRlMxWlVSVk5VUzBWWk1qZzJNVEl5T0RNd0lUQXdNREF5T0NFNU9UazVMVEV5TFRNeFZESXpPalU1T2pVNUxqazVPVGs1T1RsYUlRLS0iLCJUYXJnZXRMb2NhdGlvbiI6MH0",
      "RequestMethod": "GET",
      "RequestHeaders": {
        "Accept": "application/json",
        "Accept-Encoding": "gzip, deflate",
        "Connection": "keep-alive",
        "User-Agent": "azsdk-python-keyvault-keys/4.5.1 Python/3.9.9 (Windows-10-10.0.22000-SP0)"
      },
      "RequestBody": null,
      "StatusCode": 200,
      "ResponseHeaders": {
        "Cache-Control": "no-cache",
        "Content-Length": "2465",
        "Content-Type": "application/json; charset=utf-8",
        "Date": "Fri, 15 Apr 2022 22:36:14 GMT",
        "Expires": "-1",
        "Pragma": "no-cache",
        "Strict-Transport-Security": "max-age=31536000;includeSubDomains",
        "X-Content-Type-Options": "nosniff",
        "x-ms-keyvault-network-info": "conn_type=Ipv4;addr=73.232.137.144;act_addr_fam=InterNetwork;",
        "x-ms-keyvault-rbac-assignment-id": "ae1ec34e-30ed-581a-9f84-7759a8c5a1fa",
        "x-ms-keyvault-rbac-cache": "ra_age=5643;da_age=741;rd_age=741;brd_age=11365;ra_notif_age=6223;dec_lev=0;",
        "x-ms-keyvault-region": "westus2",
        "x-ms-keyvault-service-version": "1.9.358.1"
      },
      "ResponseBody": {
        "value": [
          {
            "recoveryId": "https://vaultname.vault.azure.net/deletedkeys/livekvtestkey2a4d26ef",
            "deletedDate": 1650062144,
            "scheduledPurgeDate": 1650666944,
            "kid": "https://vaultname.vault.azure.net/keys/livekvtestkey2a4d26ef",
            "attributes": {
              "enabled": true,
              "created": 1650062128,
              "updated": 1650062128,
              "recoveryLevel": "CustomizedRecoverable\u002BPurgeable",
              "recoverableDays": 7
            }
          },
          {
            "recoveryId": "https://vaultname.vault.azure.net/deletedkeys/livekvtestkey2e362bd7",
            "deletedDate": 1650060689,
            "scheduledPurgeDate": 1650665489,
            "kid": "https://vaultname.vault.azure.net/keys/livekvtestkey2e362bd7",
            "attributes": {
              "enabled": true,
              "created": 1650060671,
              "updated": 1650060671,
              "recoveryLevel": "CustomizedRecoverable\u002BPurgeable",
              "recoverableDays": 7
            }
          },
          {
            "recoveryId": "https://vaultname.vault.azure.net/deletedkeys/livekvtestkey2e452bd8",
            "deletedDate": 1650060632,
            "scheduledPurgeDate": 1650665432,
            "kid": "https://vaultname.vault.azure.net/keys/livekvtestkey2e452bd8",
            "attributes": {
              "enabled": true,
              "created": 1650060614,
              "updated": 1650060614,
              "recoveryLevel": "CustomizedRecoverable\u002BPurgeable",
              "recoverableDays": 7
            }
          },
          {
            "recoveryId": "https://vaultname.vault.azure.net/deletedkeys/livekvtestkey2e542bd9",
            "deletedDate": 1650060581,
            "scheduledPurgeDate": 1650665381,
            "kid": "https://vaultname.vault.azure.net/keys/livekvtestkey2e542bd9",
            "attributes": {
              "enabled": true,
              "created": 1650060563,
              "updated": 1650060563,
              "recoveryLevel": "CustomizedRecoverable\u002BPurgeable",
              "recoverableDays": 7
            }
          },
          {
            "recoveryId": "https://vaultname.vault.azure.net/deletedkeys/livekvtestkey2e632bda",
            "deletedDate": 1650060508,
            "scheduledPurgeDate": 1650665308,
            "kid": "https://vaultname.vault.azure.net/keys/livekvtestkey2e632bda",
            "attributes": {
              "enabled": true,
              "created": 1650060490,
              "updated": 1650060490,
              "recoveryLevel": "CustomizedRecoverable\u002BPurgeable",
              "recoverableDays": 7
            }
          },
          {
            "recoveryId": "https://vaultname.vault.azure.net/deletedkeys/livekvtestkey336102d27",
            "deletedDate": 1650060756,
            "scheduledPurgeDate": 1650665556,
            "kid": "https://vaultname.vault.azure.net/keys/livekvtestkey336102d27",
            "attributes": {
              "enabled": true,
              "created": 1650060727,
              "updated": 1650060727,
              "recoveryLevel": "CustomizedRecoverable\u002BPurgeable",
              "recoverableDays": 7
            }
          }
        ],
        "nextLink": "https://vaultname.vault.azure.net:443/deletedkeys?api-version=7.2\u0026$skiptoken=eyJOZXh0TWFya2VyIjoiMiExNDAhTURBd01EVTVJV3RsZVM5TVNWWkZTMVpVUlZOVVMwVlpNelZETXpReU4wTXpMekkxUkVWQ1JEVTRNRGt4UlRSRlJVVTVORE5FTTBFNFEwUTJNalZHTlRVeUlUQXdNREF5T0NFNU9UazVMVEV5TFRNeFZESXpPalU1T2pVNUxqazVPVGs1T1RsYUlRLS0iLCJUYXJnZXRMb2NhdGlvbiI6MH0"
      }
    },
    {
      "RequestUri": "https://vaultname.vault.azure.net/deletedkeys?api-version=7.2\u0026$skiptoken=eyJOZXh0TWFya2VyIjoiMiExNDAhTURBd01EVTVJV3RsZVM5TVNWWkZTMVpVUlZOVVMwVlpNelZETXpReU4wTXpMekkxUkVWQ1JEVTRNRGt4UlRSRlJVVTVORE5FTTBFNFEwUTJNalZHTlRVeUlUQXdNREF5T0NFNU9UazVMVEV5TFRNeFZESXpPalU1T2pVNUxqazVPVGs1T1RsYUlRLS0iLCJUYXJnZXRMb2NhdGlvbiI6MH0",
      "RequestMethod": "GET",
      "RequestHeaders": {
        "Accept": "application/json",
        "Accept-Encoding": "gzip, deflate",
        "Connection": "keep-alive",
        "User-Agent": "azsdk-python-keyvault-keys/4.5.1 Python/3.9.9 (Windows-10-10.0.22000-SP0)"
      },
      "RequestBody": null,
      "StatusCode": 200,
      "ResponseHeaders": {
        "Cache-Control": "no-cache",
        "Content-Length": "2405",
        "Content-Type": "application/json; charset=utf-8",
        "Date": "Fri, 15 Apr 2022 22:36:14 GMT",
        "Expires": "-1",
        "Pragma": "no-cache",
        "Strict-Transport-Security": "max-age=31536000;includeSubDomains",
        "X-Content-Type-Options": "nosniff",
        "x-ms-keyvault-network-info": "conn_type=Ipv4;addr=73.232.137.144;act_addr_fam=InterNetwork;",
        "x-ms-keyvault-rbac-assignment-id": "ae1ec34e-30ed-581a-9f84-7759a8c5a1fa",
        "x-ms-keyvault-rbac-cache": "ra_age=5643;da_age=741;rd_age=741;brd_age=11366;ra_notif_age=6223;dec_lev=0;",
        "x-ms-keyvault-region": "westus2",
        "x-ms-keyvault-service-version": "1.9.358.1"
      },
      "ResponseBody": {
        "value": [
          {
            "recoveryId": "https://vaultname.vault.azure.net/deletedkeys/livekvtestkey3a4d26ef",
            "deletedDate": 1650062150,
            "scheduledPurgeDate": 1650666950,
            "kid": "https://vaultname.vault.azure.net/keys/livekvtestkey3a4d26ef",
            "attributes": {
              "enabled": true,
              "created": 1650062130,
              "updated": 1650062130,
              "recoveryLevel": "CustomizedRecoverable\u002BPurgeable",
              "recoverableDays": 7
            }
          },
          {
            "recoveryId": "https://vaultname.vault.azure.net/deletedkeys/livekvtestkey3e362bd7",
            "deletedDate": 1650060696,
            "scheduledPurgeDate": 1650665496,
            "kid": "https://vaultname.vault.azure.net/keys/livekvtestkey3e362bd7",
            "attributes": {
              "enabled": true,
              "created": 1650060673,
              "updated": 1650060673,
              "recoveryLevel": "CustomizedRecoverable\u002BPurgeable",
              "recoverableDays": 7
            }
          },
          {
            "recoveryId": "https://vaultname.vault.azure.net/deletedkeys/livekvtestkey3e452bd8",
            "deletedDate": 1650060636,
            "scheduledPurgeDate": 1650665436,
            "kid": "https://vaultname.vault.azure.net/keys/livekvtestkey3e452bd8",
            "attributes": {
              "enabled": true,
              "created": 1650060616,
              "updated": 1650060616,
              "recoveryLevel": "CustomizedRecoverable\u002BPurgeable",
              "recoverableDays": 7
            }
          },
          {
            "recoveryId": "https://vaultname.vault.azure.net/deletedkeys/livekvtestkey3e542bd9",
            "deletedDate": 1650060586,
            "scheduledPurgeDate": 1650665386,
            "kid": "https://vaultname.vault.azure.net/keys/livekvtestkey3e542bd9",
            "attributes": {
              "enabled": true,
              "created": 1650060565,
              "updated": 1650060565,
              "recoveryLevel": "CustomizedRecoverable\u002BPurgeable",
              "recoverableDays": 7
            }
          },
          {
            "recoveryId": "https://vaultname.vault.azure.net/deletedkeys/livekvtestkey3e632bda",
            "deletedDate": 1650060514,
            "scheduledPurgeDate": 1650665314,
            "kid": "https://vaultname.vault.azure.net/keys/livekvtestkey3e632bda",
            "attributes": {
              "enabled": true,
              "created": 1650060492,
              "updated": 1650060492,
              "recoveryLevel": "CustomizedRecoverable\u002BPurgeable",
              "recoverableDays": 7
            }
          },
          {
            "recoveryId": "https://vaultname.vault.azure.net/deletedkeys/livekvtestkey436102d27",
            "deletedDate": 1650060767,
            "scheduledPurgeDate": 1650665567,
            "kid": "https://vaultname.vault.azure.net/keys/livekvtestkey436102d27",
            "attributes": {
              "enabled": true,
              "created": 1650060729,
              "updated": 1650060729,
              "recoveryLevel": "CustomizedRecoverable\u002BPurgeable",
              "recoverableDays": 7
            }
          }
        ],
        "nextLink": "https://vaultname.vault.azure.net:443/deletedkeys?api-version=7.2\u0026$skiptoken=eyJOZXh0TWFya2VyIjoiMiE5NiFNREF3TURJMklXdGxlUzlNU1ZaRlMxWlVSVk5VUzBWWk5EVkRNRGN5TjBNd0lUQXdNREF5T0NFNU9UazVMVEV5TFRNeFZESXpPalU1T2pVNUxqazVPVGs1T1RsYUlRLS0iLCJUYXJnZXRMb2NhdGlvbiI6MH0"
      }
    },
    {
      "RequestUri": "https://vaultname.vault.azure.net/deletedkeys?api-version=7.2\u0026$skiptoken=eyJOZXh0TWFya2VyIjoiMiE5NiFNREF3TURJMklXdGxlUzlNU1ZaRlMxWlVSVk5VUzBWWk5EVkRNRGN5TjBNd0lUQXdNREF5T0NFNU9UazVMVEV5TFRNeFZESXpPalU1T2pVNUxqazVPVGs1T1RsYUlRLS0iLCJUYXJnZXRMb2NhdGlvbiI6MH0",
      "RequestMethod": "GET",
      "RequestHeaders": {
        "Accept": "application/json",
        "Accept-Encoding": "gzip, deflate",
        "Connection": "keep-alive",
        "User-Agent": "azsdk-python-keyvault-keys/4.5.1 Python/3.9.9 (Windows-10-10.0.22000-SP0)"
      },
      "RequestBody": null,
      "StatusCode": 200,
      "ResponseHeaders": {
        "Cache-Control": "no-cache",
        "Content-Length": "1399",
        "Content-Type": "application/json; charset=utf-8",
        "Date": "Fri, 15 Apr 2022 22:36:14 GMT",
        "Expires": "-1",
        "Pragma": "no-cache",
        "Strict-Transport-Security": "max-age=31536000;includeSubDomains",
        "X-Content-Type-Options": "nosniff",
        "x-ms-keyvault-network-info": "conn_type=Ipv4;addr=73.232.137.144;act_addr_fam=InterNetwork;",
        "x-ms-keyvault-rbac-assignment-id": "ae1ec34e-30ed-581a-9f84-7759a8c5a1fa",
        "x-ms-keyvault-rbac-cache": "ra_age=5644;da_age=742;rd_age=742;brd_age=11366;ra_notif_age=6223;dec_lev=0;",
        "x-ms-keyvault-region": "westus2",
        "x-ms-keyvault-service-version": "1.9.358.1"
      },
      "ResponseBody": {
        "value": [
          {
            "recoveryId": "https://vaultname.vault.azure.net/deletedkeys/livekvtestkey4a4d26ef",
            "deletedDate": 1650062155,
            "scheduledPurgeDate": 1650666955,
            "kid": "https://vaultname.vault.azure.net/keys/livekvtestkey4a4d26ef",
            "attributes": {
              "enabled": true,
              "created": 1650062132,
              "updated": 1650062132,
              "recoveryLevel": "CustomizedRecoverable\u002BPurgeable",
              "recoverableDays": 7
            }
          },
          {
            "recoveryId": "https://vaultname.vault.azure.net/deletedkeys/livekvtestkey4e362bd7",
            "deletedDate": 1650060699,
            "scheduledPurgeDate": 1650665499,
            "kid": "https://vaultname.vault.azure.net/keys/livekvtestkey4e362bd7",
            "attributes": {
              "enabled": true,
              "created": 1650060676,
              "updated": 1650060676,
              "recoveryLevel": "CustomizedRecoverable\u002BPurgeable",
              "recoverableDays": 7
            }
          },
          {
            "recoveryId": "https://vaultname.vault.azure.net/deletedkeys/livekvtestkey4e452bd8",
            "deletedDate": 1650060643,
            "scheduledPurgeDate": 1650665443,
            "kid": "https://vaultname.vault.azure.net/keys/livekvtestkey4e452bd8",
            "attributes": {
              "enabled": true,
              "created": 1650060618,
              "updated": 1650060618,
              "recoveryLevel": "CustomizedRecoverable\u002BPurgeable",
              "recoverableDays": 7
            }
          }
        ],
        "nextLink": "https://vaultname.vault.azure.net:443/deletedkeys?api-version=7.2\u0026$skiptoken=eyJOZXh0TWFya2VyIjoiMiExMzYhTURBd01EVTRJV3RsZVM5TVNWWkZTMVpVUlZOVVMwVlpORVUwTlRKQ1JEZ3ZRalJHUmtZNU9UUkdRa1F5TkRNNU56ZzRNemRFTjBKR1FUUTFSa0l3UlRraE1EQXdNREk0SVRrNU9Ua3RNVEl0TXpGVU1qTTZOVGs2TlRrdU9UazVPVGs1T1ZvaCIsIlRhcmdldExvY2F0aW9uIjowfQ"
      }
    },
    {
      "RequestUri": "https://vaultname.vault.azure.net/deletedkeys?api-version=7.2\u0026$skiptoken=eyJOZXh0TWFya2VyIjoiMiExMzYhTURBd01EVTRJV3RsZVM5TVNWWkZTMVpVUlZOVVMwVlpORVUwTlRKQ1JEZ3ZRalJHUmtZNU9UUkdRa1F5TkRNNU56ZzRNemRFTjBKR1FUUTFSa0l3UlRraE1EQXdNREk0SVRrNU9Ua3RNVEl0TXpGVU1qTTZOVGs2TlRrdU9UazVPVGs1T1ZvaCIsIlRhcmdldExvY2F0aW9uIjowfQ",
      "RequestMethod": "GET",
      "RequestHeaders": {
        "Accept": "application/json",
        "Accept-Encoding": "gzip, deflate",
        "Connection": "keep-alive",
        "User-Agent": "azsdk-python-keyvault-keys/4.5.1 Python/3.9.9 (Windows-10-10.0.22000-SP0)"
      },
      "RequestBody": null,
      "StatusCode": 200,
      "ResponseHeaders": {
        "Cache-Control": "no-cache",
        "Content-Length": "1346",
        "Content-Type": "application/json; charset=utf-8",
        "Date": "Fri, 15 Apr 2022 22:36:15 GMT",
        "Expires": "-1",
        "Pragma": "no-cache",
        "Strict-Transport-Security": "max-age=31536000;includeSubDomains",
        "X-Content-Type-Options": "nosniff",
        "x-ms-keyvault-network-info": "conn_type=Ipv4;addr=73.232.137.144;act_addr_fam=InterNetwork;",
        "x-ms-keyvault-rbac-assignment-id": "ae1ec34e-30ed-581a-9f84-7759a8c5a1fa",
        "x-ms-keyvault-rbac-cache": "ra_age=5644;da_age=742;rd_age=742;brd_age=11366;ra_notif_age=6223;dec_lev=0;",
        "x-ms-keyvault-region": "westus2",
        "x-ms-keyvault-service-version": "1.9.358.1"
      },
      "ResponseBody": {
        "value": [
          {
            "recoveryId": "https://vaultname.vault.azure.net/deletedkeys/livekvtestkey4e542bd9",
            "deletedDate": 1650060592,
            "scheduledPurgeDate": 1650665392,
            "kid": "https://vaultname.vault.azure.net/keys/livekvtestkey4e542bd9",
            "attributes": {
              "enabled": true,
              "created": 1650060567,
              "updated": 1650060567,
              "recoveryLevel": "CustomizedRecoverable\u002BPurgeable",
              "recoverableDays": 7
            }
          },
          {
            "recoveryId": "https://vaultname.vault.azure.net/deletedkeys/livekvtestkey4e632bda",
            "deletedDate": 1650060519,
            "scheduledPurgeDate": 1650665319,
            "kid": "https://vaultname.vault.azure.net/keys/livekvtestkey4e632bda",
            "attributes": {
              "enabled": true,
              "created": 1650060494,
              "updated": 1650060494,
              "recoveryLevel": "CustomizedRecoverable\u002BPurgeable",
              "recoverableDays": 7
            }
          },
          {
            "recoveryId": "https://vaultname.vault.azure.net/deletedkeys/livekvtestkey536102d27",
            "deletedDate": 1650060772,
            "scheduledPurgeDate": 1650665572,
            "kid": "https://vaultname.vault.azure.net/keys/livekvtestkey536102d27",
            "attributes": {
              "enabled": true,
              "created": 1650060731,
              "updated": 1650060731,
              "recoveryLevel": "CustomizedRecoverable\u002BPurgeable",
              "recoverableDays": 7
            }
          }
        ],
        "nextLink": "https://vaultname.vault.azure.net:443/deletedkeys?api-version=7.2\u0026$skiptoken=eyJOZXh0TWFya2VyIjoiMiE5NiFNREF3TURJMklXdGxlUzlNU1ZaRlMxWlVSVk5VUzBWWk5UazBNa1l5T1RkRklUQXdNREF5T0NFNU9UazVMVEV5TFRNeFZESXpPalU1T2pVNUxqazVPVGs1T1RsYUlRLS0iLCJUYXJnZXRMb2NhdGlvbiI6MH0"
      }
    },
    {
      "RequestUri": "https://vaultname.vault.azure.net/deletedkeys?api-version=7.2\u0026$skiptoken=eyJOZXh0TWFya2VyIjoiMiE5NiFNREF3TURJMklXdGxlUzlNU1ZaRlMxWlVSVk5VUzBWWk5UazBNa1l5T1RkRklUQXdNREF5T0NFNU9UazVMVEV5TFRNeFZESXpPalU1T2pVNUxqazVPVGs1T1RsYUlRLS0iLCJUYXJnZXRMb2NhdGlvbiI6MH0",
      "RequestMethod": "GET",
      "RequestHeaders": {
        "Accept": "application/json",
        "Accept-Encoding": "gzip, deflate",
        "Connection": "keep-alive",
        "User-Agent": "azsdk-python-keyvault-keys/4.5.1 Python/3.9.9 (Windows-10-10.0.22000-SP0)"
      },
      "RequestBody": null,
      "StatusCode": 200,
      "ResponseHeaders": {
        "Cache-Control": "no-cache",
        "Content-Length": "2465",
        "Content-Type": "application/json; charset=utf-8",
        "Date": "Fri, 15 Apr 2022 22:36:15 GMT",
        "Expires": "-1",
        "Pragma": "no-cache",
        "Strict-Transport-Security": "max-age=31536000;includeSubDomains",
        "X-Content-Type-Options": "nosniff",
        "x-ms-keyvault-network-info": "conn_type=Ipv4;addr=73.232.137.144;act_addr_fam=InterNetwork;",
        "x-ms-keyvault-rbac-assignment-id": "ae1ec34e-30ed-581a-9f84-7759a8c5a1fa",
        "x-ms-keyvault-rbac-cache": "ra_age=5644;da_age=742;rd_age=742;brd_age=11366;ra_notif_age=6223;dec_lev=0;",
        "x-ms-keyvault-region": "westus2",
        "x-ms-keyvault-service-version": "1.9.358.1"
      },
      "ResponseBody": {
        "value": [
          {
            "recoveryId": "https://vaultname.vault.azure.net/deletedkeys/livekvtestkey5a4d26ef",
            "deletedDate": 1650062159,
            "scheduledPurgeDate": 1650666959,
            "kid": "https://vaultname.vault.azure.net/keys/livekvtestkey5a4d26ef",
            "attributes": {
              "enabled": true,
              "created": 1650062135,
              "updated": 1650062135,
              "recoveryLevel": "CustomizedRecoverable\u002BPurgeable",
              "recoverableDays": 7
            }
          },
          {
            "recoveryId": "https://vaultname.vault.azure.net/deletedkeys/livekvtestkey5e362bd7",
            "deletedDate": 1650060703,
            "scheduledPurgeDate": 1650665503,
            "kid": "https://vaultname.vault.azure.net/keys/livekvtestkey5e362bd7",
            "attributes": {
              "enabled": true,
              "created": 1650060678,
              "updated": 1650060678,
              "recoveryLevel": "CustomizedRecoverable\u002BPurgeable",
              "recoverableDays": 7
            }
          },
          {
            "recoveryId": "https://vaultname.vault.azure.net/deletedkeys/livekvtestkey5e452bd8",
            "deletedDate": 1650060650,
            "scheduledPurgeDate": 1650665450,
            "kid": "https://vaultname.vault.azure.net/keys/livekvtestkey5e452bd8",
            "attributes": {
              "enabled": true,
              "created": 1650060620,
              "updated": 1650060620,
              "recoveryLevel": "CustomizedRecoverable\u002BPurgeable",
              "recoverableDays": 7
            }
          },
          {
            "recoveryId": "https://vaultname.vault.azure.net/deletedkeys/livekvtestkey5e542bd9",
            "deletedDate": 1650060595,
            "scheduledPurgeDate": 1650665395,
            "kid": "https://vaultname.vault.azure.net/keys/livekvtestkey5e542bd9",
            "attributes": {
              "enabled": true,
              "created": 1650060569,
              "updated": 1650060569,
              "recoveryLevel": "CustomizedRecoverable\u002BPurgeable",
              "recoverableDays": 7
            }
          },
          {
            "recoveryId": "https://vaultname.vault.azure.net/deletedkeys/livekvtestkey5e632bda",
            "deletedDate": 1650060524,
            "scheduledPurgeDate": 1650665324,
            "kid": "https://vaultname.vault.azure.net/keys/livekvtestkey5e632bda",
            "attributes": {
              "enabled": true,
              "created": 1650060496,
              "updated": 1650060496,
              "recoveryLevel": "CustomizedRecoverable\u002BPurgeable",
              "recoverableDays": 7
            }
          },
          {
            "recoveryId": "https://vaultname.vault.azure.net/deletedkeys/livekvtestkey636102d27",
            "deletedDate": 1650060778,
            "scheduledPurgeDate": 1650665578,
            "kid": "https://vaultname.vault.azure.net/keys/livekvtestkey636102d27",
            "attributes": {
              "enabled": true,
              "created": 1650060734,
              "updated": 1650060734,
              "recoveryLevel": "CustomizedRecoverable\u002BPurgeable",
              "recoverableDays": 7
            }
          }
        ],
        "nextLink": "https://vaultname.vault.azure.net:443/deletedkeys?api-version=7.2\u0026$skiptoken=eyJOZXh0TWFya2VyIjoiMiExNDAhTURBd01EVTVJV3RsZVM5TVNWWkZTMVpVUlZOVVMwVlpOamcxUmpReU9ESkZMMFV5UWpCRVJrTTNOalJHT1RSRU1qTkJSRFE0TmtNeU16YzVRVVUwT1VJeUlUQXdNREF5T0NFNU9UazVMVEV5TFRNeFZESXpPalU1T2pVNUxqazVPVGs1T1RsYUlRLS0iLCJUYXJnZXRMb2NhdGlvbiI6MH0"
      }
    },
    {
      "RequestUri": "https://vaultname.vault.azure.net/deletedkeys?api-version=7.2\u0026$skiptoken=eyJOZXh0TWFya2VyIjoiMiExNDAhTURBd01EVTVJV3RsZVM5TVNWWkZTMVpVUlZOVVMwVlpOamcxUmpReU9ESkZMMFV5UWpCRVJrTTNOalJHT1RSRU1qTkJSRFE0TmtNeU16YzVRVVUwT1VJeUlUQXdNREF5T0NFNU9UazVMVEV5TFRNeFZESXpPalU1T2pVNUxqazVPVGs1T1RsYUlRLS0iLCJUYXJnZXRMb2NhdGlvbiI6MH0",
      "RequestMethod": "GET",
      "RequestHeaders": {
        "Accept": "application/json",
        "Accept-Encoding": "gzip, deflate",
        "Connection": "keep-alive",
        "User-Agent": "azsdk-python-keyvault-keys/4.5.1 Python/3.9.9 (Windows-10-10.0.22000-SP0)"
      },
      "RequestBody": null,
      "StatusCode": 200,
      "ResponseHeaders": {
        "Cache-Control": "no-cache",
        "Content-Length": "2050",
        "Content-Type": "application/json; charset=utf-8",
        "Date": "Fri, 15 Apr 2022 22:36:15 GMT",
        "Expires": "-1",
        "Pragma": "no-cache",
        "Strict-Transport-Security": "max-age=31536000;includeSubDomains",
        "X-Content-Type-Options": "nosniff",
        "x-ms-keyvault-network-info": "conn_type=Ipv4;addr=73.232.137.144;act_addr_fam=InterNetwork;",
        "x-ms-keyvault-rbac-assignment-id": "ae1ec34e-30ed-581a-9f84-7759a8c5a1fa",
        "x-ms-keyvault-rbac-cache": "ra_age=5644;da_age=742;rd_age=742;brd_age=11366;ra_notif_age=6224;dec_lev=0;",
        "x-ms-keyvault-region": "westus2",
        "x-ms-keyvault-service-version": "1.9.358.1"
      },
      "ResponseBody": {
        "value": [
          {
            "recoveryId": "https://vaultname.vault.azure.net/deletedkeys/livekvtestkey6a4d26ef",
            "deletedDate": 1650062166,
            "scheduledPurgeDate": 1650666966,
            "kid": "https://vaultname.vault.azure.net/keys/livekvtestkey6a4d26ef",
            "attributes": {
              "enabled": true,
              "created": 1650062137,
              "updated": 1650062137,
              "recoveryLevel": "CustomizedRecoverable\u002BPurgeable",
              "recoverableDays": 7
            }
          },
          {
            "recoveryId": "https://vaultname.vault.azure.net/deletedkeys/livekvtestkey6e362bd7",
            "deletedDate": 1650060710,
            "scheduledPurgeDate": 1650665510,
            "kid": "https://vaultname.vault.azure.net/keys/livekvtestkey6e362bd7",
            "attributes": {
              "enabled": true,
              "created": 1650060680,
              "updated": 1650060680,
              "recoveryLevel": "CustomizedRecoverable\u002BPurgeable",
              "recoverableDays": 7
            }
          },
          {
            "recoveryId": "https://vaultname.vault.azure.net/deletedkeys/livekvtestkey6e452bd8",
            "deletedDate": 1650060656,
            "scheduledPurgeDate": 1650665456,
            "kid": "https://vaultname.vault.azure.net/keys/livekvtestkey6e452bd8",
            "attributes": {
              "enabled": true,
              "created": 1650060622,
              "updated": 1650060622,
              "recoveryLevel": "CustomizedRecoverable\u002BPurgeable",
              "recoverableDays": 7
            }
          },
          {
            "recoveryId": "https://vaultname.vault.azure.net/deletedkeys/livekvtestkey6e542bd9",
            "deletedDate": 1650060599,
            "scheduledPurgeDate": 1650665399,
            "kid": "https://vaultname.vault.azure.net/keys/livekvtestkey6e542bd9",
            "attributes": {
              "enabled": true,
              "created": 1650060572,
              "updated": 1650060572,
              "recoveryLevel": "CustomizedRecoverable\u002BPurgeable",
              "recoverableDays": 7
            }
          },
          {
            "recoveryId": "https://vaultname.vault.azure.net/deletedkeys/livekvtestkey6e632bda",
            "deletedDate": 1650060528,
            "scheduledPurgeDate": 1650665328,
            "kid": "https://vaultname.vault.azure.net/keys/livekvtestkey6e632bda",
            "attributes": {
              "enabled": true,
              "created": 1650060499,
              "updated": 1650060499,
              "recoveryLevel": "CustomizedRecoverable\u002BPurgeable",
              "recoverableDays": 7
            }
          }
        ],
        "nextLink": "https://vaultname.vault.azure.net:443/deletedkeys?api-version=7.2\u0026$skiptoken=eyJOZXh0TWFya2VyIjoiMiE5NiFNREF3TURJNElXdGxlUzlNU1ZaRlMxWlVSVk5VUzBWWlFrRkxPRGRFT0RKQlFUWWhNREF3TURJNElUazVPVGt0TVRJdE16RlVNak02TlRrNk5Ua3VPVGs1T1RrNU9Wb2giLCJUYXJnZXRMb2NhdGlvbiI6MH0"
      }
    },
    {
      "RequestUri": "https://vaultname.vault.azure.net/deletedkeys?api-version=7.2\u0026$skiptoken=eyJOZXh0TWFya2VyIjoiMiE5NiFNREF3TURJNElXdGxlUzlNU1ZaRlMxWlVSVk5VUzBWWlFrRkxPRGRFT0RKQlFUWWhNREF3TURJNElUazVPVGt0TVRJdE16RlVNak02TlRrNk5Ua3VPVGs1T1RrNU9Wb2giLCJUYXJnZXRMb2NhdGlvbiI6MH0",
      "RequestMethod": "GET",
      "RequestHeaders": {
        "Accept": "application/json",
        "Accept-Encoding": "gzip, deflate",
        "Connection": "keep-alive",
        "User-Agent": "azsdk-python-keyvault-keys/4.5.1 Python/3.9.9 (Windows-10-10.0.22000-SP0)"
      },
      "RequestBody": null,
      "StatusCode": 200,
      "ResponseHeaders": {
        "Cache-Control": "no-cache",
        "Content-Length": "28",
        "Content-Type": "application/json; charset=utf-8",
        "Date": "Fri, 15 Apr 2022 22:36:15 GMT",
        "Expires": "-1",
        "Pragma": "no-cache",
        "Strict-Transport-Security": "max-age=31536000;includeSubDomains",
        "X-Content-Type-Options": "nosniff",
        "x-ms-keyvault-network-info": "conn_type=Ipv4;addr=73.232.137.144;act_addr_fam=InterNetwork;",
        "x-ms-keyvault-rbac-assignment-id": "ae1ec34e-30ed-581a-9f84-7759a8c5a1fa",
        "x-ms-keyvault-rbac-cache": "ra_age=5644;da_age=742;rd_age=742;brd_age=11367;ra_notif_age=6224;dec_lev=0;",
        "x-ms-keyvault-region": "westus2",
        "x-ms-keyvault-service-version": "1.9.358.1"
      },
      "ResponseBody": {
        "value": [],
        "nextLink": null
      }
    },
    {
      "RequestUri": "https://vaultname.vault.azure.net/deletedkeys/livekvtestkey0a4d26ef?api-version=7.2",
      "RequestMethod": "DELETE",
      "RequestHeaders": {
        "Accept": "application/json",
        "Accept-Encoding": "gzip, deflate",
        "Connection": "keep-alive",
        "Content-Length": "0",
        "User-Agent": "azsdk-python-keyvault-keys/4.5.1 Python/3.9.9 (Windows-10-10.0.22000-SP0)"
      },
      "RequestBody": null,
      "StatusCode": 204,
      "ResponseHeaders": {
        "Cache-Control": "no-cache",
        "Date": "Fri, 15 Apr 2022 22:36:15 GMT",
        "Expires": "-1",
        "Pragma": "no-cache",
        "Strict-Transport-Security": "max-age=31536000;includeSubDomains",
        "X-Content-Type-Options": "nosniff",
        "x-ms-keyvault-network-info": "conn_type=Ipv4;addr=73.232.137.144;act_addr_fam=InterNetwork;",
        "x-ms-keyvault-rbac-assignment-id": "ae1ec34e-30ed-581a-9f84-7759a8c5a1fa",
        "x-ms-keyvault-rbac-cache": "ra_age=5644;da_age=742;rd_age=742;brd_age=11367;ra_notif_age=6224;dec_lev=1;",
        "x-ms-keyvault-region": "westus2",
        "x-ms-keyvault-service-version": "1.9.358.1"
      },
      "ResponseBody": null
    },
    {
      "RequestUri": "https://vaultname.vault.azure.net/deletedkeys/livekvtestkey1a4d26ef?api-version=7.2",
      "RequestMethod": "DELETE",
      "RequestHeaders": {
        "Accept": "application/json",
        "Accept-Encoding": "gzip, deflate",
        "Connection": "keep-alive",
        "Content-Length": "0",
        "User-Agent": "azsdk-python-keyvault-keys/4.5.1 Python/3.9.9 (Windows-10-10.0.22000-SP0)"
      },
      "RequestBody": null,
      "StatusCode": 204,
      "ResponseHeaders": {
        "Cache-Control": "no-cache",
        "Date": "Fri, 15 Apr 2022 22:36:15 GMT",
        "Expires": "-1",
        "Pragma": "no-cache",
        "Strict-Transport-Security": "max-age=31536000;includeSubDomains",
        "X-Content-Type-Options": "nosniff",
        "x-ms-keyvault-network-info": "conn_type=Ipv4;addr=73.232.137.144;act_addr_fam=InterNetwork;",
        "x-ms-keyvault-rbac-assignment-id": "ae1ec34e-30ed-581a-9f84-7759a8c5a1fa",
        "x-ms-keyvault-rbac-cache": "ra_age=5645;da_age=743;rd_age=743;brd_age=11367;ra_notif_age=6224;dec_lev=1;",
        "x-ms-keyvault-region": "westus2",
        "x-ms-keyvault-service-version": "1.9.358.1"
      },
      "ResponseBody": null
    },
    {
      "RequestUri": "https://vaultname.vault.azure.net/deletedkeys/livekvtestkey2a4d26ef?api-version=7.2",
      "RequestMethod": "DELETE",
      "RequestHeaders": {
        "Accept": "application/json",
        "Accept-Encoding": "gzip, deflate",
        "Connection": "keep-alive",
        "Content-Length": "0",
        "User-Agent": "azsdk-python-keyvault-keys/4.5.1 Python/3.9.9 (Windows-10-10.0.22000-SP0)"
      },
      "RequestBody": null,
      "StatusCode": 204,
      "ResponseHeaders": {
        "Cache-Control": "no-cache",
        "Date": "Fri, 15 Apr 2022 22:36:16 GMT",
        "Expires": "-1",
        "Pragma": "no-cache",
        "Strict-Transport-Security": "max-age=31536000;includeSubDomains",
        "X-Content-Type-Options": "nosniff",
        "x-ms-keyvault-network-info": "conn_type=Ipv4;addr=73.232.137.144;act_addr_fam=InterNetwork;",
        "x-ms-keyvault-rbac-assignment-id": "ae1ec34e-30ed-581a-9f84-7759a8c5a1fa",
        "x-ms-keyvault-rbac-cache": "ra_age=5645;da_age=743;rd_age=743;brd_age=11367;ra_notif_age=6224;dec_lev=1;",
        "x-ms-keyvault-region": "westus2",
        "x-ms-keyvault-service-version": "1.9.358.1"
      },
      "ResponseBody": null
    },
    {
      "RequestUri": "https://vaultname.vault.azure.net/deletedkeys/livekvtestkey3a4d26ef?api-version=7.2",
      "RequestMethod": "DELETE",
      "RequestHeaders": {
        "Accept": "application/json",
        "Accept-Encoding": "gzip, deflate",
        "Connection": "keep-alive",
        "Content-Length": "0",
        "User-Agent": "azsdk-python-keyvault-keys/4.5.1 Python/3.9.9 (Windows-10-10.0.22000-SP0)"
      },
      "RequestBody": null,
      "StatusCode": 204,
      "ResponseHeaders": {
        "Cache-Control": "no-cache",
        "Date": "Fri, 15 Apr 2022 22:36:16 GMT",
        "Expires": "-1",
        "Pragma": "no-cache",
        "Strict-Transport-Security": "max-age=31536000;includeSubDomains",
        "X-Content-Type-Options": "nosniff",
        "x-ms-keyvault-network-info": "conn_type=Ipv4;addr=73.232.137.144;act_addr_fam=InterNetwork;",
        "x-ms-keyvault-rbac-assignment-id": "ae1ec34e-30ed-581a-9f84-7759a8c5a1fa",
        "x-ms-keyvault-rbac-cache": "ra_age=5645;da_age=743;rd_age=743;brd_age=11367;ra_notif_age=6224;dec_lev=1;",
        "x-ms-keyvault-region": "westus2",
        "x-ms-keyvault-service-version": "1.9.358.1"
      },
      "ResponseBody": null
    },
    {
      "RequestUri": "https://vaultname.vault.azure.net/deletedkeys/livekvtestkey4a4d26ef?api-version=7.2",
      "RequestMethod": "DELETE",
      "RequestHeaders": {
        "Accept": "application/json",
        "Accept-Encoding": "gzip, deflate",
        "Connection": "keep-alive",
        "Content-Length": "0",
        "User-Agent": "azsdk-python-keyvault-keys/4.5.1 Python/3.9.9 (Windows-10-10.0.22000-SP0)"
      },
      "RequestBody": null,
      "StatusCode": 204,
      "ResponseHeaders": {
        "Cache-Control": "no-cache",
        "Date": "Fri, 15 Apr 2022 22:36:16 GMT",
        "Expires": "-1",
        "Pragma": "no-cache",
        "Strict-Transport-Security": "max-age=31536000;includeSubDomains",
        "X-Content-Type-Options": "nosniff",
        "x-ms-keyvault-network-info": "conn_type=Ipv4;addr=73.232.137.144;act_addr_fam=InterNetwork;",
        "x-ms-keyvault-rbac-assignment-id": "ae1ec34e-30ed-581a-9f84-7759a8c5a1fa",
        "x-ms-keyvault-rbac-cache": "ra_age=5645;da_age=743;rd_age=743;brd_age=11367;ra_notif_age=6225;dec_lev=1;",
        "x-ms-keyvault-region": "westus2",
        "x-ms-keyvault-service-version": "1.9.358.1"
      },
      "ResponseBody": null
    },
    {
      "RequestUri": "https://vaultname.vault.azure.net/deletedkeys/livekvtestkey5a4d26ef?api-version=7.2",
      "RequestMethod": "DELETE",
      "RequestHeaders": {
        "Accept": "application/json",
        "Accept-Encoding": "gzip, deflate",
        "Connection": "keep-alive",
        "Content-Length": "0",
        "User-Agent": "azsdk-python-keyvault-keys/4.5.1 Python/3.9.9 (Windows-10-10.0.22000-SP0)"
      },
      "RequestBody": null,
      "StatusCode": 204,
      "ResponseHeaders": {
        "Cache-Control": "no-cache",
        "Date": "Fri, 15 Apr 2022 22:36:16 GMT",
        "Expires": "-1",
        "Pragma": "no-cache",
        "Strict-Transport-Security": "max-age=31536000;includeSubDomains",
        "X-Content-Type-Options": "nosniff",
        "x-ms-keyvault-network-info": "conn_type=Ipv4;addr=73.232.137.144;act_addr_fam=InterNetwork;",
        "x-ms-keyvault-rbac-assignment-id": "ae1ec34e-30ed-581a-9f84-7759a8c5a1fa",
        "x-ms-keyvault-rbac-cache": "ra_age=5645;da_age=743;rd_age=743;brd_age=11368;ra_notif_age=6225;dec_lev=1;",
        "x-ms-keyvault-region": "westus2",
        "x-ms-keyvault-service-version": "1.9.358.1"
      },
      "ResponseBody": null
    },
    {
      "RequestUri": "https://vaultname.vault.azure.net/deletedkeys/livekvtestkey6a4d26ef?api-version=7.2",
      "RequestMethod": "DELETE",
      "RequestHeaders": {
        "Accept": "application/json",
        "Accept-Encoding": "gzip, deflate",
        "Connection": "keep-alive",
        "Content-Length": "0",
        "User-Agent": "azsdk-python-keyvault-keys/4.5.1 Python/3.9.9 (Windows-10-10.0.22000-SP0)"
      },
      "RequestBody": null,
      "StatusCode": 204,
      "ResponseHeaders": {
        "Cache-Control": "no-cache",
        "Date": "Fri, 15 Apr 2022 22:36:16 GMT",
        "Expires": "-1",
        "Pragma": "no-cache",
        "Strict-Transport-Security": "max-age=31536000;includeSubDomains",
        "X-Content-Type-Options": "nosniff",
        "x-ms-keyvault-network-info": "conn_type=Ipv4;addr=73.232.137.144;act_addr_fam=InterNetwork;",
        "x-ms-keyvault-rbac-assignment-id": "ae1ec34e-30ed-581a-9f84-7759a8c5a1fa",
        "x-ms-keyvault-rbac-cache": "ra_age=5645;da_age=743;rd_age=743;brd_age=11368;ra_notif_age=6225;dec_lev=1;",
        "x-ms-keyvault-region": "westus2",
        "x-ms-keyvault-service-version": "1.9.358.1"
      },
      "ResponseBody": null
    },
    {
      "RequestUri": "https://vaultname.vault.azure.net/deletedkeys/livekvtestkey0a4d26ef?api-version=7.2",
      "RequestMethod": "GET",
      "RequestHeaders": {
        "Accept": "application/json",
        "Accept-Encoding": "gzip, deflate",
        "Connection": "keep-alive",
        "User-Agent": "azsdk-python-keyvault-keys/4.5.1 Python/3.9.9 (Windows-10-10.0.22000-SP0)"
      },
      "RequestBody": null,
      "StatusCode": 404,
      "ResponseHeaders": {
        "Cache-Control": "no-cache",
        "Content-Length": "89",
        "Content-Type": "application/json; charset=utf-8",
        "Date": "Fri, 15 Apr 2022 22:36:16 GMT",
        "Expires": "-1",
        "Pragma": "no-cache",
        "Strict-Transport-Security": "max-age=31536000;includeSubDomains",
        "X-Content-Type-Options": "nosniff",
        "x-ms-keyvault-network-info": "conn_type=Ipv4;addr=73.232.137.144;act_addr_fam=InterNetwork;",
        "x-ms-keyvault-rbac-assignment-id": "ae1ec34e-30ed-581a-9f84-7759a8c5a1fa",
        "x-ms-keyvault-rbac-cache": "ra_age=5645;da_age=743;rd_age=743;brd_age=11368;ra_notif_age=6225;dec_lev=0;",
        "x-ms-keyvault-region": "westus2",
        "x-ms-keyvault-service-version": "1.9.358.1"
      },
      "ResponseBody": {
        "error": {
          "code": "KeyNotFound",
          "message": "Deleted Key not found: livekvtestkey0a4d26ef"
        }
      }
    },
    {
      "RequestUri": "https://vaultname.vault.azure.net/deletedkeys/livekvtestkey1a4d26ef?api-version=7.2",
      "RequestMethod": "GET",
      "RequestHeaders": {
        "Accept": "application/json",
        "Accept-Encoding": "gzip, deflate",
        "Connection": "keep-alive",
        "User-Agent": "azsdk-python-keyvault-keys/4.5.1 Python/3.9.9 (Windows-10-10.0.22000-SP0)"
      },
      "RequestBody": null,
      "StatusCode": 404,
      "ResponseHeaders": {
        "Cache-Control": "no-cache",
        "Content-Length": "89",
        "Content-Type": "application/json; charset=utf-8",
        "Date": "Fri, 15 Apr 2022 22:36:16 GMT",
        "Expires": "-1",
        "Pragma": "no-cache",
        "Strict-Transport-Security": "max-age=31536000;includeSubDomains",
        "X-Content-Type-Options": "nosniff",
        "x-ms-keyvault-network-info": "conn_type=Ipv4;addr=73.232.137.144;act_addr_fam=InterNetwork;",
        "x-ms-keyvault-rbac-assignment-id": "ae1ec34e-30ed-581a-9f84-7759a8c5a1fa",
        "x-ms-keyvault-rbac-cache": "ra_age=5646;da_age=744;rd_age=744;brd_age=11368;ra_notif_age=6225;dec_lev=0;",
        "x-ms-keyvault-region": "westus2",
        "x-ms-keyvault-service-version": "1.9.358.1"
      },
      "ResponseBody": {
        "error": {
          "code": "KeyNotFound",
          "message": "Deleted Key not found: livekvtestkey1a4d26ef"
        }
      }
    },
    {
      "RequestUri": "https://vaultname.vault.azure.net/deletedkeys/livekvtestkey2a4d26ef?api-version=7.2",
      "RequestMethod": "GET",
      "RequestHeaders": {
        "Accept": "application/json",
        "Accept-Encoding": "gzip, deflate",
        "Connection": "keep-alive",
        "User-Agent": "azsdk-python-keyvault-keys/4.5.1 Python/3.9.9 (Windows-10-10.0.22000-SP0)"
      },
      "RequestBody": null,
      "StatusCode": 404,
      "ResponseHeaders": {
        "Cache-Control": "no-cache",
        "Content-Length": "89",
        "Content-Type": "application/json; charset=utf-8",
        "Date": "Fri, 15 Apr 2022 22:36:16 GMT",
        "Expires": "-1",
        "Pragma": "no-cache",
        "Strict-Transport-Security": "max-age=31536000;includeSubDomains",
        "X-Content-Type-Options": "nosniff",
        "x-ms-keyvault-network-info": "conn_type=Ipv4;addr=73.232.137.144;act_addr_fam=InterNetwork;",
        "x-ms-keyvault-rbac-assignment-id": "ae1ec34e-30ed-581a-9f84-7759a8c5a1fa",
        "x-ms-keyvault-rbac-cache": "ra_age=5646;da_age=744;rd_age=744;brd_age=11368;ra_notif_age=6225;dec_lev=0;",
        "x-ms-keyvault-region": "westus2",
        "x-ms-keyvault-service-version": "1.9.358.1"
      },
      "ResponseBody": {
        "error": {
          "code": "KeyNotFound",
          "message": "Deleted Key not found: livekvtestkey2a4d26ef"
        }
      }
    },
    {
      "RequestUri": "https://vaultname.vault.azure.net/deletedkeys/livekvtestkey3a4d26ef?api-version=7.2",
      "RequestMethod": "GET",
      "RequestHeaders": {
        "Accept": "application/json",
        "Accept-Encoding": "gzip, deflate",
        "Connection": "keep-alive",
        "User-Agent": "azsdk-python-keyvault-keys/4.5.1 Python/3.9.9 (Windows-10-10.0.22000-SP0)"
      },
      "RequestBody": null,
      "StatusCode": 404,
      "ResponseHeaders": {
        "Cache-Control": "no-cache",
        "Content-Length": "89",
        "Content-Type": "application/json; charset=utf-8",
        "Date": "Fri, 15 Apr 2022 22:36:16 GMT",
        "Expires": "-1",
        "Pragma": "no-cache",
        "Strict-Transport-Security": "max-age=31536000;includeSubDomains",
        "X-Content-Type-Options": "nosniff",
        "x-ms-keyvault-network-info": "conn_type=Ipv4;addr=73.232.137.144;act_addr_fam=InterNetwork;",
        "x-ms-keyvault-rbac-assignment-id": "ae1ec34e-30ed-581a-9f84-7759a8c5a1fa",
        "x-ms-keyvault-rbac-cache": "ra_age=5646;da_age=744;rd_age=744;brd_age=11368;ra_notif_age=6225;dec_lev=0;",
        "x-ms-keyvault-region": "westus2",
        "x-ms-keyvault-service-version": "1.9.358.1"
      },
      "ResponseBody": {
        "error": {
          "code": "KeyNotFound",
          "message": "Deleted Key not found: livekvtestkey3a4d26ef"
        }
      }
    },
    {
      "RequestUri": "https://vaultname.vault.azure.net/deletedkeys/livekvtestkey4a4d26ef?api-version=7.2",
      "RequestMethod": "GET",
      "RequestHeaders": {
        "Accept": "application/json",
        "Accept-Encoding": "gzip, deflate",
        "Connection": "keep-alive",
        "User-Agent": "azsdk-python-keyvault-keys/4.5.1 Python/3.9.9 (Windows-10-10.0.22000-SP0)"
      },
      "RequestBody": null,
      "StatusCode": 404,
      "ResponseHeaders": {
        "Cache-Control": "no-cache",
        "Content-Length": "89",
        "Content-Type": "application/json; charset=utf-8",
        "Date": "Fri, 15 Apr 2022 22:36:17 GMT",
        "Expires": "-1",
        "Pragma": "no-cache",
        "Strict-Transport-Security": "max-age=31536000;includeSubDomains",
        "X-Content-Type-Options": "nosniff",
        "x-ms-keyvault-network-info": "conn_type=Ipv4;addr=73.232.137.144;act_addr_fam=InterNetwork;",
        "x-ms-keyvault-rbac-assignment-id": "ae1ec34e-30ed-581a-9f84-7759a8c5a1fa",
        "x-ms-keyvault-rbac-cache": "ra_age=5646;da_age=744;rd_age=744;brd_age=11368;ra_notif_age=6225;dec_lev=0;",
        "x-ms-keyvault-region": "westus2",
        "x-ms-keyvault-service-version": "1.9.358.1"
      },
      "ResponseBody": {
        "error": {
          "code": "KeyNotFound",
          "message": "Deleted Key not found: livekvtestkey4a4d26ef"
        }
      }
    },
    {
      "RequestUri": "https://vaultname.vault.azure.net/deletedkeys/livekvtestkey5a4d26ef?api-version=7.2",
      "RequestMethod": "GET",
      "RequestHeaders": {
        "Accept": "application/json",
        "Accept-Encoding": "gzip, deflate",
        "Connection": "keep-alive",
        "User-Agent": "azsdk-python-keyvault-keys/4.5.1 Python/3.9.9 (Windows-10-10.0.22000-SP0)"
      },
      "RequestBody": null,
      "StatusCode": 404,
      "ResponseHeaders": {
        "Cache-Control": "no-cache",
        "Content-Length": "89",
        "Content-Type": "application/json; charset=utf-8",
        "Date": "Fri, 15 Apr 2022 22:36:17 GMT",
        "Expires": "-1",
        "Pragma": "no-cache",
        "Strict-Transport-Security": "max-age=31536000;includeSubDomains",
        "X-Content-Type-Options": "nosniff",
        "x-ms-keyvault-network-info": "conn_type=Ipv4;addr=73.232.137.144;act_addr_fam=InterNetwork;",
        "x-ms-keyvault-rbac-assignment-id": "ae1ec34e-30ed-581a-9f84-7759a8c5a1fa",
        "x-ms-keyvault-rbac-cache": "ra_age=5646;da_age=744;rd_age=744;brd_age=11368;ra_notif_age=6225;dec_lev=0;",
        "x-ms-keyvault-region": "westus2",
        "x-ms-keyvault-service-version": "1.9.358.1"
      },
      "ResponseBody": {
        "error": {
          "code": "KeyNotFound",
          "message": "Deleted Key not found: livekvtestkey5a4d26ef"
        }
      }
    },
    {
      "RequestUri": "https://vaultname.vault.azure.net/deletedkeys/livekvtestkey6a4d26ef?api-version=7.2",
      "RequestMethod": "GET",
      "RequestHeaders": {
        "Accept": "application/json",
        "Accept-Encoding": "gzip, deflate",
        "Connection": "keep-alive",
        "User-Agent": "azsdk-python-keyvault-keys/4.5.1 Python/3.9.9 (Windows-10-10.0.22000-SP0)"
      },
      "RequestBody": null,
      "StatusCode": 404,
      "ResponseHeaders": {
        "Cache-Control": "no-cache",
        "Content-Length": "89",
        "Content-Type": "application/json; charset=utf-8",
        "Date": "Fri, 15 Apr 2022 22:36:17 GMT",
        "Expires": "-1",
        "Pragma": "no-cache",
        "Strict-Transport-Security": "max-age=31536000;includeSubDomains",
        "X-Content-Type-Options": "nosniff",
        "x-ms-keyvault-network-info": "conn_type=Ipv4;addr=73.232.137.144;act_addr_fam=InterNetwork;",
        "x-ms-keyvault-rbac-assignment-id": "ae1ec34e-30ed-581a-9f84-7759a8c5a1fa",
        "x-ms-keyvault-rbac-cache": "ra_age=5646;da_age=744;rd_age=744;brd_age=11368;ra_notif_age=6226;dec_lev=0;",
        "x-ms-keyvault-region": "westus2",
        "x-ms-keyvault-service-version": "1.9.358.1"
      },
      "ResponseBody": {
        "error": {
          "code": "KeyNotFound",
          "message": "Deleted Key not found: livekvtestkey6a4d26ef"
        }
      }
    },
    {
      "RequestUri": "https://vaultname.vault.azure.net/deletedkeys?api-version=7.2",
      "RequestMethod": "GET",
      "RequestHeaders": {
        "Accept": "application/json",
        "Accept-Encoding": "gzip, deflate",
        "Connection": "keep-alive",
        "User-Agent": "azsdk-python-keyvault-keys/4.5.1 Python/3.9.9 (Windows-10-10.0.22000-SP0)"
      },
      "RequestBody": null,
      "StatusCode": 200,
      "ResponseHeaders": {
        "Cache-Control": "no-cache",
        "Content-Length": "1607",
        "Content-Type": "application/json; charset=utf-8",
        "Date": "Fri, 15 Apr 2022 22:36:17 GMT",
        "Expires": "-1",
        "Pragma": "no-cache",
        "Strict-Transport-Security": "max-age=31536000;includeSubDomains",
        "X-Content-Type-Options": "nosniff",
        "x-ms-keyvault-network-info": "conn_type=Ipv4;addr=73.232.137.144;act_addr_fam=InterNetwork;",
        "x-ms-keyvault-rbac-assignment-id": "ae1ec34e-30ed-581a-9f84-7759a8c5a1fa",
        "x-ms-keyvault-rbac-cache": "ra_age=5646;da_age=744;rd_age=744;brd_age=11369;ra_notif_age=6226;dec_lev=0;",
        "x-ms-keyvault-region": "westus2",
        "x-ms-keyvault-service-version": "1.9.358.1"
      },
      "ResponseBody": {
        "value": [
          {
            "recoveryId": "https://vaultname.vault.azure.net/deletedkeys/livekvtestcrud-rsa-key6c6b2cc3",
            "deletedDate": 1650059077,
            "scheduledPurgeDate": 1650663877,
            "kid": "https://vaultname.vault.azure.net/keys/livekvtestcrud-rsa-key6c6b2cc3",
            "attributes": {
              "enabled": true,
              "exp": 2524723200,
              "created": 1650059074,
              "updated": 1650059077,
              "recoveryLevel": "CustomizedRecoverable\u002BPurgeable",
              "recoverableDays": 7
            },
            "tags": {
              "foo": "updated tag"
            }
          },
          {
            "recoveryId": "https://vaultname.vault.azure.net/deletedkeys/livekvtestcrud-rsa-key6c7a2cc4",
            "deletedDate": 1650059062,
            "scheduledPurgeDate": 1650663862,
            "kid": "https://vaultname.vault.azure.net/keys/livekvtestcrud-rsa-key6c7a2cc4",
            "attributes": {
              "enabled": true,
              "exp": 2524723200,
              "created": 1650059058,
              "updated": 1650059062,
              "recoveryLevel": "CustomizedRecoverable\u002BPurgeable",
              "recoverableDays": 7
            },
            "tags": {
              "foo": "updated tag"
            }
          },
          {
            "recoveryId": "https://vaultname.vault.azure.net/deletedkeys/livekvtestcrud-rsa-key6c892cc5",
            "deletedDate": 1650059046,
            "scheduledPurgeDate": 1650663846,
            "kid": "https://vaultname.vault.azure.net/keys/livekvtestcrud-rsa-key6c892cc5",
            "attributes": {
              "enabled": true,
              "exp": 2524723200,
              "created": 1650059042,
              "updated": 1650059046,
              "recoveryLevel": "CustomizedRecoverable\u002BPurgeable",
              "recoverableDays": 7
            },
            "tags": {
              "foo": "updated tag"
            }
          }
        ],
        "nextLink": "https://vaultname.vault.azure.net:443/deletedkeys?api-version=7.2\u0026$skiptoken=eyJOZXh0TWFya2VyIjoiMiExNDghTURBd01EWTNJV3RsZVM5TVNWWkZTMVpVUlZOVVExSlZSQzFTVTBFdFMwVlpOa000T1RKRFF6VXZNRGMxUkRKRU16UXlOa0l6TkRsQ1JVRTBPVGxGTVVZeU0wRkNORE0wT0VNaE1EQXdNREk0SVRrNU9Ua3RNVEl0TXpGVU1qTTZOVGs2TlRrdU9UazVPVGs1T1ZvaCIsIlRhcmdldExvY2F0aW9uIjowfQ"
      }
    },
    {
      "RequestUri": "https://vaultname.vault.azure.net/deletedkeys?api-version=7.2\u0026$skiptoken=eyJOZXh0TWFya2VyIjoiMiExNDghTURBd01EWTNJV3RsZVM5TVNWWkZTMVpVUlZOVVExSlZSQzFTVTBFdFMwVlpOa000T1RKRFF6VXZNRGMxUkRKRU16UXlOa0l6TkRsQ1JVRTBPVGxGTVVZeU0wRkNORE0wT0VNaE1EQXdNREk0SVRrNU9Ua3RNVEl0TXpGVU1qTTZOVGs2TlRrdU9UazVPVGs1T1ZvaCIsIlRhcmdldExvY2F0aW9uIjowfQ",
      "RequestMethod": "GET",
      "RequestHeaders": {
        "Accept": "application/json",
        "Accept-Encoding": "gzip, deflate",
        "Connection": "keep-alive",
        "User-Agent": "azsdk-python-keyvault-keys/4.5.1 Python/3.9.9 (Windows-10-10.0.22000-SP0)"
      },
      "RequestBody": null,
      "StatusCode": 200,
      "ResponseHeaders": {
        "Cache-Control": "no-cache",
        "Content-Length": "1152",
        "Content-Type": "application/json; charset=utf-8",
        "Date": "Fri, 15 Apr 2022 22:36:17 GMT",
        "Expires": "-1",
        "Pragma": "no-cache",
        "Strict-Transport-Security": "max-age=31536000;includeSubDomains",
        "X-Content-Type-Options": "nosniff",
        "x-ms-keyvault-network-info": "conn_type=Ipv4;addr=73.232.137.144;act_addr_fam=InterNetwork;",
        "x-ms-keyvault-rbac-assignment-id": "ae1ec34e-30ed-581a-9f84-7759a8c5a1fa",
        "x-ms-keyvault-rbac-cache": "ra_age=5646;da_age=744;rd_age=744;brd_age=11369;ra_notif_age=6226;dec_lev=0;",
        "x-ms-keyvault-region": "westus2",
        "x-ms-keyvault-service-version": "1.9.358.1"
      },
      "ResponseBody": {
        "value": [
          {
            "recoveryId": "https://vaultname.vault.azure.net/deletedkeys/livekvtestcrud-rsa-key6c982cc6",
            "deletedDate": 1650058997,
            "scheduledPurgeDate": 1650663797,
            "kid": "https://vaultname.vault.azure.net/keys/livekvtestcrud-rsa-key6c982cc6",
            "attributes": {
              "enabled": true,
              "exp": 2524723200,
              "created": 1650058994,
              "updated": 1650058997,
              "recoveryLevel": "CustomizedRecoverable\u002BPurgeable",
              "recoverableDays": 7
            },
            "tags": {
              "foo": "updated tag"
            }
          },
          {
            "recoveryId": "https://vaultname.vault.azure.net/deletedkeys/livekvtestcrud-rsa-key9ab92e13",
            "deletedDate": 1650059093,
            "scheduledPurgeDate": 1650663893,
            "kid": "https://vaultname.vault.azure.net/keys/livekvtestcrud-rsa-key9ab92e13",
            "attributes": {
              "enabled": true,
              "exp": 2524723200,
              "created": 1650059089,
              "updated": 1650059093,
              "recoveryLevel": "CustomizedRecoverable\u002BPurgeable",
              "recoverableDays": 7
            },
            "tags": {
              "foo": "updated tag"
            }
          }
        ],
        "nextLink": "https://vaultname.vault.azure.net:443/deletedkeys?api-version=7.2\u0026$skiptoken=eyJOZXh0TWFya2VyIjoiMiExMjAhTURBd01EUTJJV3RsZVM5TVNWWkZTMVpVUlZOVVExSlpVRlJQTFZSRlUxUXRWMUpCVUZCSlRrY3RTMFZaUlRFM09USkVSVEloTURBd01ESTRJVGs1T1RrdE1USXRNekZVTWpNNk5UazZOVGt1T1RrNU9UazVPVm9oIiwiVGFyZ2V0TG9jYXRpb24iOjB9"
      }
    },
    {
      "RequestUri": "https://vaultname.vault.azure.net/deletedkeys?api-version=7.2\u0026$skiptoken=eyJOZXh0TWFya2VyIjoiMiExMjAhTURBd01EUTJJV3RsZVM5TVNWWkZTMVpVUlZOVVExSlpVRlJQTFZSRlUxUXRWMUpCVUZCSlRrY3RTMFZaUlRFM09USkVSVEloTURBd01ESTRJVGs1T1RrdE1USXRNekZVTWpNNk5UazZOVGt1T1RrNU9UazVPVm9oIiwiVGFyZ2V0TG9jYXRpb24iOjB9",
      "RequestMethod": "GET",
      "RequestHeaders": {
        "Accept": "application/json",
        "Accept-Encoding": "gzip, deflate",
        "Connection": "keep-alive",
        "User-Agent": "azsdk-python-keyvault-keys/4.5.1 Python/3.9.9 (Windows-10-10.0.22000-SP0)"
      },
      "RequestBody": null,
      "StatusCode": 200,
      "ResponseHeaders": {
        "Cache-Control": "no-cache",
        "Content-Length": "700",
        "Content-Type": "application/json; charset=utf-8",
        "Date": "Fri, 15 Apr 2022 22:36:17 GMT",
        "Expires": "-1",
        "Pragma": "no-cache",
        "Strict-Transport-Security": "max-age=31536000;includeSubDomains",
        "X-Content-Type-Options": "nosniff",
        "x-ms-keyvault-network-info": "conn_type=Ipv4;addr=73.232.137.144;act_addr_fam=InterNetwork;",
        "x-ms-keyvault-rbac-assignment-id": "ae1ec34e-30ed-581a-9f84-7759a8c5a1fa",
        "x-ms-keyvault-rbac-cache": "ra_age=5646;da_age=744;rd_age=744;brd_age=11369;ra_notif_age=6226;dec_lev=0;",
        "x-ms-keyvault-region": "westus2",
        "x-ms-keyvault-service-version": "1.9.358.1"
      },
      "ResponseBody": {
        "value": [
          {
            "recoveryId": "https://vaultname.vault.azure.net/deletedkeys/livekvtestkey036102d27",
            "deletedDate": 1650060734,
            "scheduledPurgeDate": 1650665534,
            "kid": "https://vaultname.vault.azure.net/keys/livekvtestkey036102d27",
            "attributes": {
              "enabled": true,
              "created": 1650060720,
              "updated": 1650060720,
              "recoveryLevel": "CustomizedRecoverable\u002BPurgeable",
              "recoverableDays": 7
            }
          }
        ],
        "nextLink": "https://vaultname.vault.azure.net:443/deletedkeys?api-version=7.2\u0026$skiptoken=eyJOZXh0TWFya2VyIjoiMiExNDAhTURBd01EVTVJV3RsZVM5TVNWWkZTMVpVUlZOVVMwVlpNRFZETVRZeU4wTXhMMFUxUTBNM05EVkJRek00UkRRMU5VVkJOemxGTVVGR1F6UkJRamN3UWtOR0lUQXdNREF5T0NFNU9UazVMVEV5TFRNeFZESXpPalU1T2pVNUxqazVPVGs1T1RsYUlRLS0iLCJUYXJnZXRMb2NhdGlvbiI6MH0"
      }
    },
    {
      "RequestUri": "https://vaultname.vault.azure.net/deletedkeys?api-version=7.2\u0026$skiptoken=eyJOZXh0TWFya2VyIjoiMiExNDAhTURBd01EVTVJV3RsZVM5TVNWWkZTMVpVUlZOVVMwVlpNRFZETVRZeU4wTXhMMFUxUTBNM05EVkJRek00UkRRMU5VVkJOemxGTVVGR1F6UkJRamN3UWtOR0lUQXdNREF5T0NFNU9UazVMVEV5TFRNeFZESXpPalU1T2pVNUxqazVPVGs1T1RsYUlRLS0iLCJUYXJnZXRMb2NhdGlvbiI6MH0",
      "RequestMethod": "GET",
      "RequestHeaders": {
        "Accept": "application/json",
        "Accept-Encoding": "gzip, deflate",
        "Connection": "keep-alive",
        "User-Agent": "azsdk-python-keyvault-keys/4.5.1 Python/3.9.9 (Windows-10-10.0.22000-SP0)"
      },
      "RequestBody": null,
      "StatusCode": 200,
      "ResponseHeaders": {
        "Cache-Control": "no-cache",
        "Content-Length": "1339",
        "Content-Type": "application/json; charset=utf-8",
        "Date": "Fri, 15 Apr 2022 22:36:17 GMT",
        "Expires": "-1",
        "Pragma": "no-cache",
        "Strict-Transport-Security": "max-age=31536000;includeSubDomains",
        "X-Content-Type-Options": "nosniff",
        "x-ms-keyvault-network-info": "conn_type=Ipv4;addr=73.232.137.144;act_addr_fam=InterNetwork;",
        "x-ms-keyvault-rbac-assignment-id": "ae1ec34e-30ed-581a-9f84-7759a8c5a1fa",
        "x-ms-keyvault-rbac-cache": "ra_age=5647;da_age=745;rd_age=745;brd_age=11369;ra_notif_age=6226;dec_lev=0;",
        "x-ms-keyvault-region": "westus2",
        "x-ms-keyvault-service-version": "1.9.358.1"
      },
      "ResponseBody": {
        "value": [
          {
            "recoveryId": "https://vaultname.vault.azure.net/deletedkeys/livekvtestkey0e362bd7",
            "deletedDate": 1650060680,
            "scheduledPurgeDate": 1650665480,
            "kid": "https://vaultname.vault.azure.net/keys/livekvtestkey0e362bd7",
            "attributes": {
              "enabled": true,
              "created": 1650060667,
              "updated": 1650060667,
              "recoveryLevel": "CustomizedRecoverable\u002BPurgeable",
              "recoverableDays": 7
            }
          },
          {
            "recoveryId": "https://vaultname.vault.azure.net/deletedkeys/livekvtestkey0e452bd8",
            "deletedDate": 1650060623,
            "scheduledPurgeDate": 1650665423,
            "kid": "https://vaultname.vault.azure.net/keys/livekvtestkey0e452bd8",
            "attributes": {
              "enabled": true,
              "created": 1650060609,
              "updated": 1650060609,
              "recoveryLevel": "CustomizedRecoverable\u002BPurgeable",
              "recoverableDays": 7
            }
          },
          {
            "recoveryId": "https://vaultname.vault.azure.net/deletedkeys/livekvtestkey0e542bd9",
            "deletedDate": 1650060572,
            "scheduledPurgeDate": 1650665372,
            "kid": "https://vaultname.vault.azure.net/keys/livekvtestkey0e542bd9",
            "attributes": {
              "enabled": true,
              "created": 1650060558,
              "updated": 1650060558,
              "recoveryLevel": "CustomizedRecoverable\u002BPurgeable",
              "recoverableDays": 7
            }
          }
        ],
        "nextLink": "https://vaultname.vault.azure.net:443/deletedkeys?api-version=7.2\u0026$skiptoken=eyJOZXh0TWFya2VyIjoiMiE5MiFNREF3TURJMUlXdGxlUzlNU1ZaRlMxWlVSVk5VUzBWWk1FVTJNekpDUkVFaE1EQXdNREk0SVRrNU9Ua3RNVEl0TXpGVU1qTTZOVGs2TlRrdU9UazVPVGs1T1ZvaCIsIlRhcmdldExvY2F0aW9uIjowfQ"
      }
    },
    {
      "RequestUri": "https://vaultname.vault.azure.net/deletedkeys?api-version=7.2\u0026$skiptoken=eyJOZXh0TWFya2VyIjoiMiE5MiFNREF3TURJMUlXdGxlUzlNU1ZaRlMxWlVSVk5VUzBWWk1FVTJNekpDUkVFaE1EQXdNREk0SVRrNU9Ua3RNVEl0TXpGVU1qTTZOVGs2TlRrdU9UazVPVGs1T1ZvaCIsIlRhcmdldExvY2F0aW9uIjowfQ",
      "RequestMethod": "GET",
      "RequestHeaders": {
        "Accept": "application/json",
        "Accept-Encoding": "gzip, deflate",
        "Connection": "keep-alive",
        "User-Agent": "azsdk-python-keyvault-keys/4.5.1 Python/3.9.9 (Windows-10-10.0.22000-SP0)"
      },
      "RequestBody": null,
      "StatusCode": 200,
      "ResponseHeaders": {
        "Cache-Control": "no-cache",
        "Content-Length": "1048",
        "Content-Type": "application/json; charset=utf-8",
        "Date": "Fri, 15 Apr 2022 22:36:18 GMT",
        "Expires": "-1",
        "Pragma": "no-cache",
        "Strict-Transport-Security": "max-age=31536000;includeSubDomains",
        "X-Content-Type-Options": "nosniff",
        "x-ms-keyvault-network-info": "conn_type=Ipv4;addr=73.232.137.144;act_addr_fam=InterNetwork;",
        "x-ms-keyvault-rbac-assignment-id": "ae1ec34e-30ed-581a-9f84-7759a8c5a1fa",
        "x-ms-keyvault-rbac-cache": "ra_age=5647;da_age=745;rd_age=745;brd_age=11369;ra_notif_age=6226;dec_lev=0;",
        "x-ms-keyvault-region": "westus2",
        "x-ms-keyvault-service-version": "1.9.358.1"
      },
      "ResponseBody": {
        "value": [
          {
            "recoveryId": "https://vaultname.vault.azure.net/deletedkeys/livekvtestkey0e632bda",
            "deletedDate": 1650060499,
            "scheduledPurgeDate": 1650665299,
            "kid": "https://vaultname.vault.azure.net/keys/livekvtestkey0e632bda",
            "attributes": {
              "enabled": true,
              "created": 1650060485,
              "updated": 1650060485,
              "recoveryLevel": "CustomizedRecoverable\u002BPurgeable",
              "recoverableDays": 7
            }
          },
          {
            "recoveryId": "https://vaultname.vault.azure.net/deletedkeys/livekvtestkey136102d27",
            "deletedDate": 1650060740,
            "scheduledPurgeDate": 1650665540,
            "kid": "https://vaultname.vault.azure.net/keys/livekvtestkey136102d27",
            "attributes": {
              "enabled": true,
              "created": 1650060723,
              "updated": 1650060723,
              "recoveryLevel": "CustomizedRecoverable\u002BPurgeable",
              "recoverableDays": 7
            }
          }
        ],
        "nextLink": "https://vaultname.vault.azure.net:443/deletedkeys?api-version=7.2\u0026$skiptoken=eyJOZXh0TWFya2VyIjoiMiExMzYhTURBd01EVTRJV3RsZVM5TVNWWkZTMVpVUlZOVVMwVlpNVUUwUkRJMlJVWXZSVFpEUVRVeE1UVTNRa0UwTkRJd01UazNNRU5CTkVZeU5rSXlOakpDTWtFaE1EQXdNREk0SVRrNU9Ua3RNVEl0TXpGVU1qTTZOVGs2TlRrdU9UazVPVGs1T1ZvaCIsIlRhcmdldExvY2F0aW9uIjowfQ"
      }
    },
    {
      "RequestUri": "https://vaultname.vault.azure.net/deletedkeys?api-version=7.2\u0026$skiptoken=eyJOZXh0TWFya2VyIjoiMiExMzYhTURBd01EVTRJV3RsZVM5TVNWWkZTMVpVUlZOVVMwVlpNVUUwUkRJMlJVWXZSVFpEUVRVeE1UVTNRa0UwTkRJd01UazNNRU5CTkVZeU5rSXlOakpDTWtFaE1EQXdNREk0SVRrNU9Ua3RNVEl0TXpGVU1qTTZOVGs2TlRrdU9UazVPVGs1T1ZvaCIsIlRhcmdldExvY2F0aW9uIjowfQ",
      "RequestMethod": "GET",
      "RequestHeaders": {
        "Accept": "application/json",
        "Accept-Encoding": "gzip, deflate",
        "Connection": "keep-alive",
        "User-Agent": "azsdk-python-keyvault-keys/4.5.1 Python/3.9.9 (Windows-10-10.0.22000-SP0)"
      },
      "RequestBody": null,
      "StatusCode": 200,
      "ResponseHeaders": {
        "Cache-Control": "no-cache",
        "Content-Length": "2052",
        "Content-Type": "application/json; charset=utf-8",
        "Date": "Fri, 15 Apr 2022 22:36:18 GMT",
        "Expires": "-1",
        "Pragma": "no-cache",
        "Strict-Transport-Security": "max-age=31536000;includeSubDomains",
        "X-Content-Type-Options": "nosniff",
        "x-ms-keyvault-network-info": "conn_type=Ipv4;addr=73.232.137.144;act_addr_fam=InterNetwork;",
        "x-ms-keyvault-rbac-assignment-id": "ae1ec34e-30ed-581a-9f84-7759a8c5a1fa",
        "x-ms-keyvault-rbac-cache": "ra_age=5647;da_age=745;rd_age=745;brd_age=11369;ra_notif_age=6226;dec_lev=0;",
        "x-ms-keyvault-region": "westus2",
        "x-ms-keyvault-service-version": "1.9.358.1"
      },
      "ResponseBody": {
        "value": [
          {
            "recoveryId": "https://vaultname.vault.azure.net/deletedkeys/livekvtestkey1e362bd7",
            "deletedDate": 1650060685,
            "scheduledPurgeDate": 1650665485,
            "kid": "https://vaultname.vault.azure.net/keys/livekvtestkey1e362bd7",
            "attributes": {
              "enabled": true,
              "created": 1650060669,
              "updated": 1650060669,
              "recoveryLevel": "CustomizedRecoverable\u002BPurgeable",
              "recoverableDays": 7
            }
          },
          {
            "recoveryId": "https://vaultname.vault.azure.net/deletedkeys/livekvtestkey1e452bd8",
            "deletedDate": 1650060627,
            "scheduledPurgeDate": 1650665427,
            "kid": "https://vaultname.vault.azure.net/keys/livekvtestkey1e452bd8",
            "attributes": {
              "enabled": true,
              "created": 1650060611,
              "updated": 1650060611,
              "recoveryLevel": "CustomizedRecoverable\u002BPurgeable",
              "recoverableDays": 7
            }
          },
          {
            "recoveryId": "https://vaultname.vault.azure.net/deletedkeys/livekvtestkey1e542bd9",
            "deletedDate": 1650060578,
            "scheduledPurgeDate": 1650665378,
            "kid": "https://vaultname.vault.azure.net/keys/livekvtestkey1e542bd9",
            "attributes": {
              "enabled": true,
              "created": 1650060560,
              "updated": 1650060560,
              "recoveryLevel": "CustomizedRecoverable\u002BPurgeable",
              "recoverableDays": 7
            }
          },
          {
            "recoveryId": "https://vaultname.vault.azure.net/deletedkeys/livekvtestkey1e632bda",
            "deletedDate": 1650060501,
            "scheduledPurgeDate": 1650665301,
            "kid": "https://vaultname.vault.azure.net/keys/livekvtestkey1e632bda",
            "attributes": {
              "enabled": true,
              "created": 1650060487,
              "updated": 1650060487,
              "recoveryLevel": "CustomizedRecoverable\u002BPurgeable",
              "recoverableDays": 7
            }
          },
          {
            "recoveryId": "https://vaultname.vault.azure.net/deletedkeys/livekvtestkey236102d27",
            "deletedDate": 1650060749,
            "scheduledPurgeDate": 1650665549,
            "kid": "https://vaultname.vault.azure.net/keys/livekvtestkey236102d27",
            "attributes": {
              "enabled": true,
              "created": 1650060725,
              "updated": 1650060725,
              "recoveryLevel": "CustomizedRecoverable\u002BPurgeable",
              "recoverableDays": 7
            }
          }
        ],
        "nextLink": "https://vaultname.vault.azure.net:443/deletedkeys?api-version=7.2\u0026$skiptoken=eyJOZXh0TWFya2VyIjoiMiE5NiFNREF3TURJMklXdGxlUzlNU1ZaRlMxWlVSVk5VUzBWWk1qZzJNVEl5T0RNd0lUQXdNREF5T0NFNU9UazVMVEV5TFRNeFZESXpPalU1T2pVNUxqazVPVGs1T1RsYUlRLS0iLCJUYXJnZXRMb2NhdGlvbiI6MH0"
      }
    },
    {
      "RequestUri": "https://vaultname.vault.azure.net/deletedkeys?api-version=7.2\u0026$skiptoken=eyJOZXh0TWFya2VyIjoiMiE5NiFNREF3TURJMklXdGxlUzlNU1ZaRlMxWlVSVk5VUzBWWk1qZzJNVEl5T0RNd0lUQXdNREF5T0NFNU9UazVMVEV5TFRNeFZESXpPalU1T2pVNUxqazVPVGs1T1RsYUlRLS0iLCJUYXJnZXRMb2NhdGlvbiI6MH0",
      "RequestMethod": "GET",
      "RequestHeaders": {
        "Accept": "application/json",
        "Accept-Encoding": "gzip, deflate",
        "Connection": "keep-alive",
        "User-Agent": "azsdk-python-keyvault-keys/4.5.1 Python/3.9.9 (Windows-10-10.0.22000-SP0)"
      },
      "RequestBody": null,
      "StatusCode": 200,
      "ResponseHeaders": {
        "Cache-Control": "no-cache",
        "Content-Length": "2112",
        "Content-Type": "application/json; charset=utf-8",
        "Date": "Fri, 15 Apr 2022 22:36:18 GMT",
        "Expires": "-1",
        "Pragma": "no-cache",
        "Strict-Transport-Security": "max-age=31536000;includeSubDomains",
        "X-Content-Type-Options": "nosniff",
        "x-ms-keyvault-network-info": "conn_type=Ipv4;addr=73.232.137.144;act_addr_fam=InterNetwork;",
        "x-ms-keyvault-rbac-assignment-id": "ae1ec34e-30ed-581a-9f84-7759a8c5a1fa",
        "x-ms-keyvault-rbac-cache": "ra_age=5647;da_age=745;rd_age=745;brd_age=11370;ra_notif_age=6227;dec_lev=0;",
        "x-ms-keyvault-region": "westus2",
        "x-ms-keyvault-service-version": "1.9.358.1"
      },
      "ResponseBody": {
        "value": [
          {
            "recoveryId": "https://vaultname.vault.azure.net/deletedkeys/livekvtestkey2e362bd7",
            "deletedDate": 1650060689,
            "scheduledPurgeDate": 1650665489,
            "kid": "https://vaultname.vault.azure.net/keys/livekvtestkey2e362bd7",
            "attributes": {
              "enabled": true,
              "created": 1650060671,
              "updated": 1650060671,
              "recoveryLevel": "CustomizedRecoverable\u002BPurgeable",
              "recoverableDays": 7
            }
          },
          {
            "recoveryId": "https://vaultname.vault.azure.net/deletedkeys/livekvtestkey2e452bd8",
            "deletedDate": 1650060632,
            "scheduledPurgeDate": 1650665432,
            "kid": "https://vaultname.vault.azure.net/keys/livekvtestkey2e452bd8",
            "attributes": {
              "enabled": true,
              "created": 1650060614,
              "updated": 1650060614,
              "recoveryLevel": "CustomizedRecoverable\u002BPurgeable",
              "recoverableDays": 7
            }
          },
          {
            "recoveryId": "https://vaultname.vault.azure.net/deletedkeys/livekvtestkey2e542bd9",
            "deletedDate": 1650060581,
            "scheduledPurgeDate": 1650665381,
            "kid": "https://vaultname.vault.azure.net/keys/livekvtestkey2e542bd9",
            "attributes": {
              "enabled": true,
              "created": 1650060563,
              "updated": 1650060563,
              "recoveryLevel": "CustomizedRecoverable\u002BPurgeable",
              "recoverableDays": 7
            }
          },
          {
            "recoveryId": "https://vaultname.vault.azure.net/deletedkeys/livekvtestkey2e632bda",
            "deletedDate": 1650060508,
            "scheduledPurgeDate": 1650665308,
            "kid": "https://vaultname.vault.azure.net/keys/livekvtestkey2e632bda",
            "attributes": {
              "enabled": true,
              "created": 1650060490,
              "updated": 1650060490,
              "recoveryLevel": "CustomizedRecoverable\u002BPurgeable",
              "recoverableDays": 7
            }
          },
          {
            "recoveryId": "https://vaultname.vault.azure.net/deletedkeys/livekvtestkey336102d27",
            "deletedDate": 1650060756,
            "scheduledPurgeDate": 1650665556,
            "kid": "https://vaultname.vault.azure.net/keys/livekvtestkey336102d27",
            "attributes": {
              "enabled": true,
              "created": 1650060727,
              "updated": 1650060727,
              "recoveryLevel": "CustomizedRecoverable\u002BPurgeable",
              "recoverableDays": 7
            }
          }
        ],
        "nextLink": "https://vaultname.vault.azure.net:443/deletedkeys?api-version=7.2\u0026$skiptoken=eyJOZXh0TWFya2VyIjoiMiExNDAhTURBd01EVTVJV3RsZVM5TVNWWkZTMVpVUlZOVVMwVlpNelZETXpReU4wTXpMekkxUkVWQ1JEVTRNRGt4UlRSRlJVVTVORE5FTTBFNFEwUTJNalZHTlRVeUlUQXdNREF5T0NFNU9UazVMVEV5TFRNeFZESXpPalU1T2pVNUxqazVPVGs1T1RsYUlRLS0iLCJUYXJnZXRMb2NhdGlvbiI6MH0"
      }
    },
    {
      "RequestUri": "https://vaultname.vault.azure.net/deletedkeys?api-version=7.2\u0026$skiptoken=eyJOZXh0TWFya2VyIjoiMiExNDAhTURBd01EVTVJV3RsZVM5TVNWWkZTMVpVUlZOVVMwVlpNelZETXpReU4wTXpMekkxUkVWQ1JEVTRNRGt4UlRSRlJVVTVORE5FTTBFNFEwUTJNalZHTlRVeUlUQXdNREF5T0NFNU9UazVMVEV5TFRNeFZESXpPalU1T2pVNUxqazVPVGs1T1RsYUlRLS0iLCJUYXJnZXRMb2NhdGlvbiI6MH0",
      "RequestMethod": "GET",
      "RequestHeaders": {
        "Accept": "application/json",
        "Accept-Encoding": "gzip, deflate",
        "Connection": "keep-alive",
        "User-Agent": "azsdk-python-keyvault-keys/4.5.1 Python/3.9.9 (Windows-10-10.0.22000-SP0)"
      },
      "RequestBody": null,
      "StatusCode": 200,
      "ResponseHeaders": {
        "Cache-Control": "no-cache",
        "Content-Length": "2052",
        "Content-Type": "application/json; charset=utf-8",
        "Date": "Fri, 15 Apr 2022 22:36:18 GMT",
        "Expires": "-1",
        "Pragma": "no-cache",
        "Strict-Transport-Security": "max-age=31536000;includeSubDomains",
        "X-Content-Type-Options": "nosniff",
        "x-ms-keyvault-network-info": "conn_type=Ipv4;addr=73.232.137.144;act_addr_fam=InterNetwork;",
        "x-ms-keyvault-rbac-assignment-id": "ae1ec34e-30ed-581a-9f84-7759a8c5a1fa",
        "x-ms-keyvault-rbac-cache": "ra_age=5647;da_age=745;rd_age=745;brd_age=11370;ra_notif_age=6227;dec_lev=0;",
        "x-ms-keyvault-region": "westus2",
        "x-ms-keyvault-service-version": "1.9.358.1"
      },
      "ResponseBody": {
        "value": [
          {
            "recoveryId": "https://vaultname.vault.azure.net/deletedkeys/livekvtestkey3e362bd7",
            "deletedDate": 1650060696,
            "scheduledPurgeDate": 1650665496,
            "kid": "https://vaultname.vault.azure.net/keys/livekvtestkey3e362bd7",
            "attributes": {
              "enabled": true,
              "created": 1650060673,
              "updated": 1650060673,
              "recoveryLevel": "CustomizedRecoverable\u002BPurgeable",
              "recoverableDays": 7
            }
          },
          {
            "recoveryId": "https://vaultname.vault.azure.net/deletedkeys/livekvtestkey3e452bd8",
            "deletedDate": 1650060636,
            "scheduledPurgeDate": 1650665436,
            "kid": "https://vaultname.vault.azure.net/keys/livekvtestkey3e452bd8",
            "attributes": {
              "enabled": true,
              "created": 1650060616,
              "updated": 1650060616,
              "recoveryLevel": "CustomizedRecoverable\u002BPurgeable",
              "recoverableDays": 7
            }
          },
          {
            "recoveryId": "https://vaultname.vault.azure.net/deletedkeys/livekvtestkey3e542bd9",
            "deletedDate": 1650060586,
            "scheduledPurgeDate": 1650665386,
            "kid": "https://vaultname.vault.azure.net/keys/livekvtestkey3e542bd9",
            "attributes": {
              "enabled": true,
              "created": 1650060565,
              "updated": 1650060565,
              "recoveryLevel": "CustomizedRecoverable\u002BPurgeable",
              "recoverableDays": 7
            }
          },
          {
            "recoveryId": "https://vaultname.vault.azure.net/deletedkeys/livekvtestkey3e632bda",
            "deletedDate": 1650060514,
            "scheduledPurgeDate": 1650665314,
            "kid": "https://vaultname.vault.azure.net/keys/livekvtestkey3e632bda",
            "attributes": {
              "enabled": true,
              "created": 1650060492,
              "updated": 1650060492,
              "recoveryLevel": "CustomizedRecoverable\u002BPurgeable",
              "recoverableDays": 7
            }
          },
          {
            "recoveryId": "https://vaultname.vault.azure.net/deletedkeys/livekvtestkey436102d27",
            "deletedDate": 1650060767,
            "scheduledPurgeDate": 1650665567,
            "kid": "https://vaultname.vault.azure.net/keys/livekvtestkey436102d27",
            "attributes": {
              "enabled": true,
              "created": 1650060729,
              "updated": 1650060729,
              "recoveryLevel": "CustomizedRecoverable\u002BPurgeable",
              "recoverableDays": 7
            }
          }
        ],
        "nextLink": "https://vaultname.vault.azure.net:443/deletedkeys?api-version=7.2\u0026$skiptoken=eyJOZXh0TWFya2VyIjoiMiE5NiFNREF3TURJMklXdGxlUzlNU1ZaRlMxWlVSVk5VUzBWWk5EVkRNRGN5TjBNd0lUQXdNREF5T0NFNU9UazVMVEV5TFRNeFZESXpPalU1T2pVNUxqazVPVGs1T1RsYUlRLS0iLCJUYXJnZXRMb2NhdGlvbiI6MH0"
      }
    },
    {
      "RequestUri": "https://vaultname.vault.azure.net/deletedkeys?api-version=7.2\u0026$skiptoken=eyJOZXh0TWFya2VyIjoiMiE5NiFNREF3TURJMklXdGxlUzlNU1ZaRlMxWlVSVk5VUzBWWk5EVkRNRGN5TjBNd0lUQXdNREF5T0NFNU9UazVMVEV5TFRNeFZESXpPalU1T2pVNUxqazVPVGs1T1RsYUlRLS0iLCJUYXJnZXRMb2NhdGlvbiI6MH0",
      "RequestMethod": "GET",
      "RequestHeaders": {
        "Accept": "application/json",
        "Accept-Encoding": "gzip, deflate",
        "Connection": "keep-alive",
        "User-Agent": "azsdk-python-keyvault-keys/4.5.1 Python/3.9.9 (Windows-10-10.0.22000-SP0)"
      },
      "RequestBody": null,
      "StatusCode": 200,
      "ResponseHeaders": {
        "Cache-Control": "no-cache",
        "Content-Length": "1399",
        "Content-Type": "application/json; charset=utf-8",
        "Date": "Fri, 15 Apr 2022 22:36:18 GMT",
        "Expires": "-1",
        "Pragma": "no-cache",
        "Strict-Transport-Security": "max-age=31536000;includeSubDomains",
        "X-Content-Type-Options": "nosniff",
        "x-ms-keyvault-network-info": "conn_type=Ipv4;addr=73.232.137.144;act_addr_fam=InterNetwork;",
        "x-ms-keyvault-rbac-assignment-id": "ae1ec34e-30ed-581a-9f84-7759a8c5a1fa",
        "x-ms-keyvault-rbac-cache": "ra_age=5647;da_age=745;rd_age=745;brd_age=11370;ra_notif_age=6227;dec_lev=0;",
        "x-ms-keyvault-region": "westus2",
        "x-ms-keyvault-service-version": "1.9.358.1"
      },
      "ResponseBody": {
        "value": [
          {
            "recoveryId": "https://vaultname.vault.azure.net/deletedkeys/livekvtestkey4e362bd7",
            "deletedDate": 1650060699,
            "scheduledPurgeDate": 1650665499,
            "kid": "https://vaultname.vault.azure.net/keys/livekvtestkey4e362bd7",
            "attributes": {
              "enabled": true,
              "created": 1650060676,
              "updated": 1650060676,
              "recoveryLevel": "CustomizedRecoverable\u002BPurgeable",
              "recoverableDays": 7
            }
          },
          {
            "recoveryId": "https://vaultname.vault.azure.net/deletedkeys/livekvtestkey4e452bd8",
            "deletedDate": 1650060643,
            "scheduledPurgeDate": 1650665443,
            "kid": "https://vaultname.vault.azure.net/keys/livekvtestkey4e452bd8",
            "attributes": {
              "enabled": true,
              "created": 1650060618,
              "updated": 1650060618,
              "recoveryLevel": "CustomizedRecoverable\u002BPurgeable",
              "recoverableDays": 7
            }
          },
          {
            "recoveryId": "https://vaultname.vault.azure.net/deletedkeys/livekvtestkey4e542bd9",
            "deletedDate": 1650060592,
            "scheduledPurgeDate": 1650665392,
            "kid": "https://vaultname.vault.azure.net/keys/livekvtestkey4e542bd9",
            "attributes": {
              "enabled": true,
              "created": 1650060567,
              "updated": 1650060567,
              "recoveryLevel": "CustomizedRecoverable\u002BPurgeable",
              "recoverableDays": 7
            }
          }
        ],
        "nextLink": "https://vaultname.vault.azure.net:443/deletedkeys?api-version=7.2\u0026$skiptoken=eyJOZXh0TWFya2VyIjoiMiExMzYhTURBd01EVTRJV3RsZVM5TVNWWkZTMVpVUlZOVVMwVlpORVUxTkRKQ1JEa3ZNRGhFTkRJeVFqWXhNVFZCTkVVNU1rSTRPVFl6TlVFeU16UkVOVEJDUlRraE1EQXdNREk0SVRrNU9Ua3RNVEl0TXpGVU1qTTZOVGs2TlRrdU9UazVPVGs1T1ZvaCIsIlRhcmdldExvY2F0aW9uIjowfQ"
      }
    },
    {
      "RequestUri": "https://vaultname.vault.azure.net/deletedkeys?api-version=7.2\u0026$skiptoken=eyJOZXh0TWFya2VyIjoiMiExMzYhTURBd01EVTRJV3RsZVM5TVNWWkZTMVpVUlZOVVMwVlpORVUxTkRKQ1JEa3ZNRGhFTkRJeVFqWXhNVFZCTkVVNU1rSTRPVFl6TlVFeU16UkVOVEJDUlRraE1EQXdNREk0SVRrNU9Ua3RNVEl0TXpGVU1qTTZOVGs2TlRrdU9UazVPVGs1T1ZvaCIsIlRhcmdldExvY2F0aW9uIjowfQ",
      "RequestMethod": "GET",
      "RequestHeaders": {
        "Accept": "application/json",
        "Accept-Encoding": "gzip, deflate",
        "Connection": "keep-alive",
        "User-Agent": "azsdk-python-keyvault-keys/4.5.1 Python/3.9.9 (Windows-10-10.0.22000-SP0)"
      },
      "RequestBody": null,
      "StatusCode": 200,
      "ResponseHeaders": {
        "Cache-Control": "no-cache",
        "Content-Length": "988",
        "Content-Type": "application/json; charset=utf-8",
        "Date": "Fri, 15 Apr 2022 22:36:18 GMT",
        "Expires": "-1",
        "Pragma": "no-cache",
        "Strict-Transport-Security": "max-age=31536000;includeSubDomains",
        "X-Content-Type-Options": "nosniff",
        "x-ms-keyvault-network-info": "conn_type=Ipv4;addr=73.232.137.144;act_addr_fam=InterNetwork;",
        "x-ms-keyvault-rbac-assignment-id": "ae1ec34e-30ed-581a-9f84-7759a8c5a1fa",
        "x-ms-keyvault-rbac-cache": "ra_age=5648;da_age=746;rd_age=746;brd_age=11370;ra_notif_age=6227;dec_lev=0;",
        "x-ms-keyvault-region": "westus2",
        "x-ms-keyvault-service-version": "1.9.358.1"
      },
      "ResponseBody": {
        "value": [
          {
            "recoveryId": "https://vaultname.vault.azure.net/deletedkeys/livekvtestkey4e632bda",
            "deletedDate": 1650060519,
            "scheduledPurgeDate": 1650665319,
            "kid": "https://vaultname.vault.azure.net/keys/livekvtestkey4e632bda",
            "attributes": {
              "enabled": true,
              "created": 1650060494,
              "updated": 1650060494,
              "recoveryLevel": "CustomizedRecoverable\u002BPurgeable",
              "recoverableDays": 7
            }
          },
          {
            "recoveryId": "https://vaultname.vault.azure.net/deletedkeys/livekvtestkey536102d27",
            "deletedDate": 1650060772,
            "scheduledPurgeDate": 1650665572,
            "kid": "https://vaultname.vault.azure.net/keys/livekvtestkey536102d27",
            "attributes": {
              "enabled": true,
              "created": 1650060731,
              "updated": 1650060731,
              "recoveryLevel": "CustomizedRecoverable\u002BPurgeable",
              "recoverableDays": 7
            }
          }
        ],
        "nextLink": "https://vaultname.vault.azure.net:443/deletedkeys?api-version=7.2\u0026$skiptoken=eyJOZXh0TWFya2VyIjoiMiE5MiFNREF3TURJMUlXdGxlUzlNU1ZaRlMxWlVSVk5VUzBWWk5VRTBSREkyUlVZaE1EQXdNREk0SVRrNU9Ua3RNVEl0TXpGVU1qTTZOVGs2TlRrdU9UazVPVGs1T1ZvaCIsIlRhcmdldExvY2F0aW9uIjowfQ"
      }
    },
    {
      "RequestUri": "https://vaultname.vault.azure.net/deletedkeys?api-version=7.2\u0026$skiptoken=eyJOZXh0TWFya2VyIjoiMiE5MiFNREF3TURJMUlXdGxlUzlNU1ZaRlMxWlVSVk5VUzBWWk5VRTBSREkyUlVZaE1EQXdNREk0SVRrNU9Ua3RNVEl0TXpGVU1qTTZOVGs2TlRrdU9UazVPVGs1T1ZvaCIsIlRhcmdldExvY2F0aW9uIjowfQ",
      "RequestMethod": "GET",
      "RequestHeaders": {
        "Accept": "application/json",
        "Accept-Encoding": "gzip, deflate",
        "Connection": "keep-alive",
        "User-Agent": "azsdk-python-keyvault-keys/4.5.1 Python/3.9.9 (Windows-10-10.0.22000-SP0)"
      },
      "RequestBody": null,
      "StatusCode": 200,
      "ResponseHeaders": {
        "Cache-Control": "no-cache",
        "Content-Length": "2112",
        "Content-Type": "application/json; charset=utf-8",
        "Date": "Fri, 15 Apr 2022 22:36:19 GMT",
        "Expires": "-1",
        "Pragma": "no-cache",
        "Strict-Transport-Security": "max-age=31536000;includeSubDomains",
        "X-Content-Type-Options": "nosniff",
        "x-ms-keyvault-network-info": "conn_type=Ipv4;addr=73.232.137.144;act_addr_fam=InterNetwork;",
        "x-ms-keyvault-rbac-assignment-id": "ae1ec34e-30ed-581a-9f84-7759a8c5a1fa",
        "x-ms-keyvault-rbac-cache": "ra_age=5648;da_age=746;rd_age=746;brd_age=11370;ra_notif_age=6227;dec_lev=0;",
        "x-ms-keyvault-region": "westus2",
        "x-ms-keyvault-service-version": "1.9.358.1"
      },
      "ResponseBody": {
        "value": [
          {
            "recoveryId": "https://vaultname.vault.azure.net/deletedkeys/livekvtestkey5e362bd7",
            "deletedDate": 1650060703,
            "scheduledPurgeDate": 1650665503,
            "kid": "https://vaultname.vault.azure.net/keys/livekvtestkey5e362bd7",
            "attributes": {
              "enabled": true,
              "created": 1650060678,
              "updated": 1650060678,
              "recoveryLevel": "CustomizedRecoverable\u002BPurgeable",
              "recoverableDays": 7
            }
          },
          {
            "recoveryId": "https://vaultname.vault.azure.net/deletedkeys/livekvtestkey5e452bd8",
            "deletedDate": 1650060650,
            "scheduledPurgeDate": 1650665450,
            "kid": "https://vaultname.vault.azure.net/keys/livekvtestkey5e452bd8",
            "attributes": {
              "enabled": true,
              "created": 1650060620,
              "updated": 1650060620,
              "recoveryLevel": "CustomizedRecoverable\u002BPurgeable",
              "recoverableDays": 7
            }
          },
          {
            "recoveryId": "https://vaultname.vault.azure.net/deletedkeys/livekvtestkey5e542bd9",
            "deletedDate": 1650060595,
            "scheduledPurgeDate": 1650665395,
            "kid": "https://vaultname.vault.azure.net/keys/livekvtestkey5e542bd9",
            "attributes": {
              "enabled": true,
              "created": 1650060569,
              "updated": 1650060569,
              "recoveryLevel": "CustomizedRecoverable\u002BPurgeable",
              "recoverableDays": 7
            }
          },
          {
            "recoveryId": "https://vaultname.vault.azure.net/deletedkeys/livekvtestkey5e632bda",
            "deletedDate": 1650060524,
            "scheduledPurgeDate": 1650665324,
            "kid": "https://vaultname.vault.azure.net/keys/livekvtestkey5e632bda",
            "attributes": {
              "enabled": true,
              "created": 1650060496,
              "updated": 1650060496,
              "recoveryLevel": "CustomizedRecoverable\u002BPurgeable",
              "recoverableDays": 7
            }
          },
          {
            "recoveryId": "https://vaultname.vault.azure.net/deletedkeys/livekvtestkey636102d27",
            "deletedDate": 1650060778,
            "scheduledPurgeDate": 1650665578,
            "kid": "https://vaultname.vault.azure.net/keys/livekvtestkey636102d27",
            "attributes": {
              "enabled": true,
              "created": 1650060734,
              "updated": 1650060734,
              "recoveryLevel": "CustomizedRecoverable\u002BPurgeable",
              "recoverableDays": 7
            }
          }
        ],
        "nextLink": "https://vaultname.vault.azure.net:443/deletedkeys?api-version=7.2\u0026$skiptoken=eyJOZXh0TWFya2VyIjoiMiExNDAhTURBd01EVTVJV3RsZVM5TVNWWkZTMVpVUlZOVVMwVlpOamcyTVRJeU9ETXdMMFJHUTBFME16TXlOMFZFUVRRd05UbEJRVUl6TWtaRVFrTkVNVE01UVRCRklUQXdNREF5T0NFNU9UazVMVEV5TFRNeFZESXpPalU1T2pVNUxqazVPVGs1T1RsYUlRLS0iLCJUYXJnZXRMb2NhdGlvbiI6MH0"
      }
    },
    {
      "RequestUri": "https://vaultname.vault.azure.net/deletedkeys?api-version=7.2\u0026$skiptoken=eyJOZXh0TWFya2VyIjoiMiExNDAhTURBd01EVTVJV3RsZVM5TVNWWkZTMVpVUlZOVVMwVlpOamcyTVRJeU9ETXdMMFJHUTBFME16TXlOMFZFUVRRd05UbEJRVUl6TWtaRVFrTkVNVE01UVRCRklUQXdNREF5T0NFNU9UazVMVEV5TFRNeFZESXpPalU1T2pVNUxqazVPVGs1T1RsYUlRLS0iLCJUYXJnZXRMb2NhdGlvbiI6MH0",
      "RequestMethod": "GET",
      "RequestHeaders": {
        "Accept": "application/json",
        "Accept-Encoding": "gzip, deflate",
        "Connection": "keep-alive",
        "User-Agent": "azsdk-python-keyvault-keys/4.5.1 Python/3.9.9 (Windows-10-10.0.22000-SP0)"
      },
      "RequestBody": null,
      "StatusCode": 200,
      "ResponseHeaders": {
        "Cache-Control": "no-cache",
        "Content-Length": "1704",
        "Content-Type": "application/json; charset=utf-8",
        "Date": "Fri, 15 Apr 2022 22:36:19 GMT",
        "Expires": "-1",
        "Pragma": "no-cache",
        "Strict-Transport-Security": "max-age=31536000;includeSubDomains",
        "X-Content-Type-Options": "nosniff",
        "x-ms-keyvault-network-info": "conn_type=Ipv4;addr=73.232.137.144;act_addr_fam=InterNetwork;",
        "x-ms-keyvault-rbac-assignment-id": "ae1ec34e-30ed-581a-9f84-7759a8c5a1fa",
        "x-ms-keyvault-rbac-cache": "ra_age=5648;da_age=746;rd_age=746;brd_age=11370;ra_notif_age=6227;dec_lev=0;",
        "x-ms-keyvault-region": "westus2",
        "x-ms-keyvault-service-version": "1.9.358.1"
      },
      "ResponseBody": {
        "value": [
          {
            "recoveryId": "https://vaultname.vault.azure.net/deletedkeys/livekvtestkey6e362bd7",
            "deletedDate": 1650060710,
            "scheduledPurgeDate": 1650665510,
            "kid": "https://vaultname.vault.azure.net/keys/livekvtestkey6e362bd7",
            "attributes": {
              "enabled": true,
              "created": 1650060680,
              "updated": 1650060680,
              "recoveryLevel": "CustomizedRecoverable\u002BPurgeable",
              "recoverableDays": 7
            }
          },
          {
            "recoveryId": "https://vaultname.vault.azure.net/deletedkeys/livekvtestkey6e452bd8",
            "deletedDate": 1650060656,
            "scheduledPurgeDate": 1650665456,
            "kid": "https://vaultname.vault.azure.net/keys/livekvtestkey6e452bd8",
            "attributes": {
              "enabled": true,
              "created": 1650060622,
              "updated": 1650060622,
              "recoveryLevel": "CustomizedRecoverable\u002BPurgeable",
              "recoverableDays": 7
            }
          },
          {
            "recoveryId": "https://vaultname.vault.azure.net/deletedkeys/livekvtestkey6e542bd9",
            "deletedDate": 1650060599,
            "scheduledPurgeDate": 1650665399,
            "kid": "https://vaultname.vault.azure.net/keys/livekvtestkey6e542bd9",
            "attributes": {
              "enabled": true,
              "created": 1650060572,
              "updated": 1650060572,
              "recoveryLevel": "CustomizedRecoverable\u002BPurgeable",
              "recoverableDays": 7
            }
          },
          {
            "recoveryId": "https://vaultname.vault.azure.net/deletedkeys/livekvtestkey6e632bda",
            "deletedDate": 1650060528,
            "scheduledPurgeDate": 1650665328,
            "kid": "https://vaultname.vault.azure.net/keys/livekvtestkey6e632bda",
            "attributes": {
              "enabled": true,
              "created": 1650060499,
              "updated": 1650060499,
              "recoveryLevel": "CustomizedRecoverable\u002BPurgeable",
              "recoverableDays": 7
            }
          }
        ],
        "nextLink": "https://vaultname.vault.azure.net:443/deletedkeys?api-version=7.2\u0026$skiptoken=eyJOZXh0TWFya2VyIjoiMiExMDAhTURBd01ESTVJV3RsZVM5TVNWWkZTMVpVUlZOVVZFVlRWRXRGV1RWR1FURXlRVFZGSVRBd01EQXlPQ0U1T1RrNUxURXlMVE14VkRJek9qVTVPalU1TGprNU9UazVPVGxhSVEtLSIsIlRhcmdldExvY2F0aW9uIjowfQ"
      }
    },
    {
      "RequestUri": "https://vaultname.vault.azure.net/deletedkeys?api-version=7.2\u0026$skiptoken=eyJOZXh0TWFya2VyIjoiMiExMDAhTURBd01ESTVJV3RsZVM5TVNWWkZTMVpVUlZOVVZFVlRWRXRGV1RWR1FURXlRVFZGSVRBd01EQXlPQ0U1T1RrNUxURXlMVE14VkRJek9qVTVPalU1TGprNU9UazVPVGxhSVEtLSIsIlRhcmdldExvY2F0aW9uIjowfQ",
      "RequestMethod": "GET",
      "RequestHeaders": {
        "Accept": "application/json",
        "Accept-Encoding": "gzip, deflate",
        "Connection": "keep-alive",
        "User-Agent": "azsdk-python-keyvault-keys/4.5.1 Python/3.9.9 (Windows-10-10.0.22000-SP0)"
      },
      "RequestBody": null,
      "StatusCode": 200,
      "ResponseHeaders": {
        "Cache-Control": "no-cache",
        "Content-Length": "28",
        "Content-Type": "application/json; charset=utf-8",
        "Date": "Fri, 15 Apr 2022 22:36:19 GMT",
        "Expires": "-1",
        "Pragma": "no-cache",
        "Strict-Transport-Security": "max-age=31536000;includeSubDomains",
        "X-Content-Type-Options": "nosniff",
        "x-ms-keyvault-network-info": "conn_type=Ipv4;addr=73.232.137.144;act_addr_fam=InterNetwork;",
        "x-ms-keyvault-rbac-assignment-id": "ae1ec34e-30ed-581a-9f84-7759a8c5a1fa",
        "x-ms-keyvault-rbac-cache": "ra_age=5648;da_age=746;rd_age=746;brd_age=11371;ra_notif_age=6228;dec_lev=0;",
        "x-ms-keyvault-region": "westus2",
        "x-ms-keyvault-service-version": "1.9.358.1"
      },
      "ResponseBody": {
        "value": [],
        "nextLink": null
      }
    }
  ],
  "Variables": {}
}
