interactions:
- request:
    body: null
    headers:
      Accept:
      - application/json
      Content-Length:
      - '0'
      Content-Type:
      - application/json
      User-Agent:
      - azsdk-python-keyvault-keys/4.4.0b5 Python/3.5.3 (Windows-10-10.0.19041-SP0)
    method: POST
    uri: https://vaultname.vault.azure.net/keys/livekvtestcrud-ec-keycff144f/create?api-version=7.0
  response:
    body:
      string: '{"error":{"code":"Unauthorized","message":"Request is missing a Bearer
        or PoP token."}}'
    headers:
      cache-control: no-cache
      content-length: '87'
      content-type: application/json; charset=utf-8
      date: Mon, 19 Apr 2021 19:09:27 GMT
      expires: '-1'
      pragma: no-cache
      strict-transport-security: max-age=31536000;includeSubDomains
      www-authenticate: Bearer authorization="https://login.windows.net/72f988bf-86f1-41af-91ab-2d7cd011db47",
        resource="https://vault.azure.net"
      x-content-type-options: nosniff
      x-ms-keyvault-network-info: conn_type=Ipv4;addr=172.92.159.124;act_addr_fam=InterNetwork;
      x-ms-keyvault-region: eastus2
      x-ms-keyvault-service-version: 1.2.236.0
      x-powered-by: ASP.NET
    status:
      code: 401
      message: Unauthorized
    url: https://mcpatinotest.vault.azure.net/keys/livekvtestcrud-ec-keycff144f/create?api-version=7.0
- request:
    body: '{"attributes": {"enabled": true}, "tags": {"test name": "CreateECKeyTest",
      "purpose": "unit test"}, "kty": "EC-HSM"}'
    headers:
      Accept:
      - application/json
      Content-Length:
      - '116'
      Content-Type:
      - application/json
      User-Agent:
      - azsdk-python-keyvault-keys/4.4.0b5 Python/3.5.3 (Windows-10-10.0.19041-SP0)
    method: POST
    uri: https://vaultname.vault.azure.net/keys/livekvtestcrud-ec-keycff144f/create?api-version=7.0
  response:
    body:
      string: '{"key":{"kid":"https://vaultname.vault.azure.net/keys/livekvtestcrud-ec-keycff144f/2b82a4128b5d4f22890129dc9fcec319","kty":"EC-HSM","key_ops":["sign","verify"],"crv":"P-256","x":"UEAWt_-nkQDJoLyRKiycBK81zKTlBl34T8UImQqC5i4","y":"6EUiAyJDpbXVvNEoFXYRL8hkoumIpkmjgnYTASaNmt0"},"attributes":{"enabled":true,"created":1618859367,"updated":1618859367,"recoveryLevel":"Recoverable+Purgeable"},"tags":{"test
        name":"CreateECKeyTest","purpose":"unit test"}}'
    headers:
      cache-control: no-cache
      content-length: '451'
      content-type: application/json; charset=utf-8
      date: Mon, 19 Apr 2021 19:09:28 GMT
      expires: '-1'
      pragma: no-cache
      strict-transport-security: max-age=31536000;includeSubDomains
      x-content-type-options: nosniff
      x-ms-keyvault-network-info: conn_type=Ipv4;addr=172.92.159.124;act_addr_fam=InterNetwork;
      x-ms-keyvault-region: eastus2
      x-ms-keyvault-service-version: 1.2.236.0
      x-powered-by: ASP.NET
    status:
      code: 200
      message: OK
    url: https://mcpatinotest.vault.azure.net/keys/livekvtestcrud-ec-keycff144f/create?api-version=7.0
- request:
    body: '{"crv": "P-256", "kty": "EC"}'
    headers:
      Accept:
      - application/json
      Content-Length:
      - '29'
      Content-Type:
      - application/json
      User-Agent:
      - azsdk-python-keyvault-keys/4.4.0b5 Python/3.5.3 (Windows-10-10.0.19041-SP0)
    method: POST
    uri: https://vaultname.vault.azure.net/keys/livekvtestcrud-P-256-ec-keycff144f/create?api-version=7.0
  response:
    body:
      string: '{"key":{"kid":"https://vaultname.vault.azure.net/keys/livekvtestcrud-P-256-ec-keycff144f/791cd557c76c4da9b61b280517f85612","kty":"EC","key_ops":["sign","verify"],"crv":"P-256","x":"T5EBMzbI8TyxvMDiodEREwpt8kQKCG4vUWPBSsVad5o","y":"UljIFLrDtnNymDwpTb0HRcU2JTgkxn-WkZyoxtCN0Hk"},"attributes":{"enabled":true,"created":1618859371,"updated":1618859371,"recoveryLevel":"Recoverable+Purgeable"}}'
    headers:
      cache-control: no-cache
      content-length: '392'
      content-type: application/json; charset=utf-8
      date: Mon, 19 Apr 2021 19:09:31 GMT
      expires: '-1'
      pragma: no-cache
      strict-transport-security: max-age=31536000;includeSubDomains
      x-content-type-options: nosniff
      x-ms-keyvault-network-info: conn_type=Ipv4;addr=172.92.159.124;act_addr_fam=InterNetwork;
      x-ms-keyvault-region: eastus2
      x-ms-keyvault-service-version: 1.2.236.0
      x-powered-by: ASP.NET
    status:
      code: 200
      message: OK
    url: https://mcpatinotest.vault.azure.net/keys/livekvtestcrud-P-256-ec-keycff144f/create?api-version=7.0
- request:
    body: '{"key": {"key_ops": ["encrypt", "decrypt", "sign", "verify", "wrapKey",
      "unwrapKey"], "n": "AKCRTQAjSsaDshtMFdW-2Ie9yVnC5Xr1Suc06PAHINd10nXkVSB-N4TO62ClCkZV3XKnqU0nHo7o95WaZpym53W_DiO62umRtFKdl4UotL2QUh0y3SZWeWuoK2u_x2aMj17rUFN0f9GZMZ0pqEQNCPRBLVJ_-TEe2nGCWSC0exxGsRqz6R1zFkB-icfzQPe4WjQELOUXQ7J9RxhAPTTHtDivYYG-BeTRHrmF04JT1_6b9T_C8bAC0i0teT-nmlBLarQtBJKATXBx1yegbPOoiTqlQrFQP4MrKWNxtnB9Tcbjcvj-Z9je0ckI_eRc4DvAhqcUh_p15Dqg4GeaoNIO_jU",
      "qi": "AJ_nrkLpK8BPzVeARkvSHQyKwMWZ-a8CD95qsKfn0dOZAvXY-2xhQYTEwbED-0bpTNEKbIpA-ZkaHygmnzJkNbbFAnb9pkkzU8ZQqDP3JNgMfVIroWx58Oth9nJza2j7i-MkPRCUPEq3Ao0J52z7WJIiLji8TTVYW_NaiM1oxzsH",
      "e": "AQAB", "q": "AMPcZrZBqbc82DO8Q5zTT8ZXRGWrW36KktMllaIk1W2RHnRiQiW0jBWmcCgqUcQNHa1LwumjyNqwx28QBS37BTvG7ULGUoio6LrOeoiBGEMj-U19sX6m37plEhj5Mak7j3OPPY_T9rohjTW5aGGg9YSwq4jdz0RrmBX00ofYOjI3",
      "dp": "AMmhWb5yZcu6vJr8xJZ-t0_likxJRUMZAtEULaWZt2DgODj4y9JrZDJP6mvckzhQP0WXk2NuWbU2HR5pUeCN2wieG1B76VKoH76vfnaJDqT1NuJVBcP2SLHog3ffwZtMME5zjfygchG3kihqOSpwTQ9ETAqAJTkRC38fEhwAz_Cp",
      "kty": "RSA", "p": "ANHerI1o3dLB_VLVmZZVss8VZSYN5SaeQ_0qhfOSgOFwj__waCFmy2EG7l6l6f_Z-Y0L7Mn_LNov68lyWSFa2EuQUeVj4UoFHc5Di8ZUGiSsTwFM-XMtNuv8HmGgDYLL5BIJD3eTz71LdgW-Ez38OZH34b7VeG8zfeUDb8Hi30zz",
      "d": "Ynx9JGaBSP4iUsf6ZJ6opantRNdcdmzaQrKbZg6ZQE8Ohi1FYabJWvaoPSE-CiJEsDzShXZHMhUHN4X7Bn8BXaGQhK3p9HXgiwQKmix7oAJTu4ElUIyd8UC3UWHSZr40el4PaQD-HYu_eMzCXus34MnRiNbh_BUWm6T-Eidhk9d3kNIyaSi9YNDQHW6tjWrEhhq63O7JU1j9ZonFChZxpKk20jdkQKQURVAdpOdL-5j4I70ZxFuU6wHZj8DS8oRQfwGOvZKbgYDb5jgf3UNL_7eACqq92XPVX56vm7iKbqeyjCqAIx5y3hrSRIJtZlWCwjYnYQGd4unxDLi8wmJWSQ",
      "dq": "AKC9TAo9n2RDaggjdLXK8kiLrBVoaWFTpqXkzYXRhtsx4vWPAkxhfSnze05rVMl6HiXv7FnE0f0wYawzUJzoyuXBH0zS6D9BqCZPeF543AmWB27iPf38Q9Z8Rjr6oBgMSnGDV_mm8nDVQkeaDyE4cOZh-5UKvKShTKKQVwunmDNH"}}'
    headers:
      Accept:
      - application/json
      Content-Length:
      - '1724'
      Content-Type:
      - application/json
      User-Agent:
      - azsdk-python-keyvault-keys/4.4.0b5 Python/3.5.3 (Windows-10-10.0.19041-SP0)
    method: PUT
    uri: https://vaultname.vault.azure.net/keys/livekvtestimport-test-keycff144f?api-version=7.0
  response:
    body:
      string: '{"key":{"kid":"https://vaultname.vault.azure.net/keys/livekvtestimport-test-keycff144f/e770d2650afd4b55bde9541cf6bbd6a3","kty":"RSA","key_ops":["encrypt","decrypt","sign","verify","wrapKey","unwrapKey"],"n":"oJFNACNKxoOyG0wV1b7Yh73JWcLlevVK5zTo8Acg13XSdeRVIH43hM7rYKUKRlXdcqepTScejuj3lZpmnKbndb8OI7ra6ZG0Up2XhSi0vZBSHTLdJlZ5a6gra7_HZoyPXutQU3R_0ZkxnSmoRA0I9EEtUn_5MR7acYJZILR7HEaxGrPpHXMWQH6Jx_NA97haNAQs5RdDsn1HGEA9NMe0OK9hgb4F5NEeuYXTglPX_pv1P8LxsALSLS15P6eaUEtqtC0EkoBNcHHXJ6Bs86iJOqVCsVA_gyspY3G2cH1NxuNy-P5n2N7RyQj95FzgO8CGpxSH-nXkOqDgZ5qg0g7-NQ","e":"AQAB"},"attributes":{"enabled":true,"created":1618859371,"updated":1618859371,"recoveryLevel":"Recoverable+Purgeable"}}'
    headers:
      cache-control: no-cache
      content-length: '679'
      content-type: application/json; charset=utf-8
      date: Mon, 19 Apr 2021 19:09:31 GMT
      expires: '-1'
      pragma: no-cache
      strict-transport-security: max-age=31536000;includeSubDomains
      x-content-type-options: nosniff
      x-ms-keyvault-network-info: conn_type=Ipv4;addr=172.92.159.124;act_addr_fam=InterNetwork;
      x-ms-keyvault-region: eastus2
      x-ms-keyvault-service-version: 1.2.236.0
      x-powered-by: ASP.NET
    status:
      code: 200
      message: OK
    url: https://mcpatinotest.vault.azure.net/keys/livekvtestimport-test-keycff144f?api-version=7.0
- request:
    body: '{"key_ops": ["encrypt", "decrypt", "sign", "verify", "wrapKey", "unwrapKey"],
      "key_size": 2048, "tags": {"test name ": "CreateRSAKeyTest", "purpose": "unit
      test"}, "kty": "RSA"}'
    headers:
      Accept:
      - application/json
      Content-Length:
      - '177'
      Content-Type:
      - application/json
      User-Agent:
      - azsdk-python-keyvault-keys/4.4.0b5 Python/3.5.3 (Windows-10-10.0.19041-SP0)
    method: POST
    uri: https://vaultname.vault.azure.net/keys/livekvtestcrud-rsa-keycff144f/create?api-version=7.0
  response:
    body:
      string: '{"key":{"kid":"https://vaultname.vault.azure.net/keys/livekvtestcrud-rsa-keycff144f/561a797247d9418491a709fcfb7c8911","kty":"RSA","key_ops":["encrypt","decrypt","sign","verify","wrapKey","unwrapKey"],"n":"u6nKMO4d5Xh4eQiRpbqG-WYmgewFDJSY09Mkb1yqBPG9hhymS6fdQtwXYYfK5SIbgbAYe9XhN3xok60tCJUdE2eNASLFaqF7HJ2CY7pGKyay64BonF9GUUtQqxv55TbxT00kNc7scAT7sctMpQ9jknka6HMip5own4XyxwwzrSw5-47Hke6R-UHwEz3yQlXDbte8dVi0QIYyn_KlNydo-yxxjArnwWGjQVV-56OZ28FQ7gcGdIrTrXA6u9N7aSvSVejyOROntZbf0Cbp7p1cztmLgcBS-y2d09gQMnVFfl8cWg5dAn1-IniwA_rOjZOG-cqpNmt21GCQusM9c2uRnQ","e":"AQAB"},"attributes":{"enabled":true,"created":1618859374,"updated":1618859374,"recoveryLevel":"Recoverable+Purgeable"},"tags":{"test
        name ":"CreateRSAKeyTest","purpose":"unit test"}}'
    headers:
      cache-control: no-cache
      content-length: '739'
      content-type: application/json; charset=utf-8
      date: Mon, 19 Apr 2021 19:09:33 GMT
      expires: '-1'
      pragma: no-cache
      strict-transport-security: max-age=31536000;includeSubDomains
      x-content-type-options: nosniff
      x-ms-keyvault-network-info: conn_type=Ipv4;addr=172.92.159.124;act_addr_fam=InterNetwork;
      x-ms-keyvault-region: eastus2
      x-ms-keyvault-service-version: 1.2.236.0
      x-powered-by: ASP.NET
    status:
      code: 200
      message: OK
    url: https://mcpatinotest.vault.azure.net/keys/livekvtestcrud-rsa-keycff144f/create?api-version=7.0
- request:
    body: null
    headers:
      Accept:
      - application/json
      User-Agent:
      - azsdk-python-keyvault-keys/4.4.0b5 Python/3.5.3 (Windows-10-10.0.19041-SP0)
    method: GET
    uri: https://vaultname.vault.azure.net/keys/livekvtestcrud-rsa-keycff144f/561a797247d9418491a709fcfb7c8911?api-version=7.0
  response:
    body:
      string: '{"key":{"kid":"https://vaultname.vault.azure.net/keys/livekvtestcrud-rsa-keycff144f/561a797247d9418491a709fcfb7c8911","kty":"RSA","key_ops":["encrypt","decrypt","sign","verify","wrapKey","unwrapKey"],"n":"u6nKMO4d5Xh4eQiRpbqG-WYmgewFDJSY09Mkb1yqBPG9hhymS6fdQtwXYYfK5SIbgbAYe9XhN3xok60tCJUdE2eNASLFaqF7HJ2CY7pGKyay64BonF9GUUtQqxv55TbxT00kNc7scAT7sctMpQ9jknka6HMip5own4XyxwwzrSw5-47Hke6R-UHwEz3yQlXDbte8dVi0QIYyn_KlNydo-yxxjArnwWGjQVV-56OZ28FQ7gcGdIrTrXA6u9N7aSvSVejyOROntZbf0Cbp7p1cztmLgcBS-y2d09gQMnVFfl8cWg5dAn1-IniwA_rOjZOG-cqpNmt21GCQusM9c2uRnQ","e":"AQAB"},"attributes":{"enabled":true,"created":1618859374,"updated":1618859374,"recoveryLevel":"Recoverable+Purgeable"},"tags":{"test
        name ":"CreateRSAKeyTest","purpose":"unit test"}}'
    headers:
      cache-control: no-cache
      content-length: '739'
      content-type: application/json; charset=utf-8
      date: Mon, 19 Apr 2021 19:09:33 GMT
      expires: '-1'
      pragma: no-cache
      strict-transport-security: max-age=31536000;includeSubDomains
      x-content-type-options: nosniff
      x-ms-keyvault-network-info: conn_type=Ipv4;addr=172.92.159.124;act_addr_fam=InterNetwork;
      x-ms-keyvault-region: eastus2
      x-ms-keyvault-service-version: 1.2.236.0
      x-powered-by: ASP.NET
    status:
      code: 200
      message: OK
    url: https://mcpatinotest.vault.azure.net/keys/livekvtestcrud-rsa-keycff144f/561a797247d9418491a709fcfb7c8911?api-version=7.0
- request:
    body: null
    headers:
      Accept:
      - application/json
      User-Agent:
      - azsdk-python-keyvault-keys/4.4.0b5 Python/3.5.3 (Windows-10-10.0.19041-SP0)
    method: GET
    uri: https://vaultname.vault.azure.net/keys/livekvtestcrud-rsa-keycff144f/?api-version=7.0
  response:
    body:
      string: '{"key":{"kid":"https://vaultname.vault.azure.net/keys/livekvtestcrud-rsa-keycff144f/561a797247d9418491a709fcfb7c8911","kty":"RSA","key_ops":["encrypt","decrypt","sign","verify","wrapKey","unwrapKey"],"n":"u6nKMO4d5Xh4eQiRpbqG-WYmgewFDJSY09Mkb1yqBPG9hhymS6fdQtwXYYfK5SIbgbAYe9XhN3xok60tCJUdE2eNASLFaqF7HJ2CY7pGKyay64BonF9GUUtQqxv55TbxT00kNc7scAT7sctMpQ9jknka6HMip5own4XyxwwzrSw5-47Hke6R-UHwEz3yQlXDbte8dVi0QIYyn_KlNydo-yxxjArnwWGjQVV-56OZ28FQ7gcGdIrTrXA6u9N7aSvSVejyOROntZbf0Cbp7p1cztmLgcBS-y2d09gQMnVFfl8cWg5dAn1-IniwA_rOjZOG-cqpNmt21GCQusM9c2uRnQ","e":"AQAB"},"attributes":{"enabled":true,"created":1618859374,"updated":1618859374,"recoveryLevel":"Recoverable+Purgeable"},"tags":{"test
        name ":"CreateRSAKeyTest","purpose":"unit test"}}'
    headers:
      cache-control: no-cache
      content-length: '739'
      content-type: application/json; charset=utf-8
      date: Mon, 19 Apr 2021 19:09:33 GMT
      expires: '-1'
      pragma: no-cache
      strict-transport-security: max-age=31536000;includeSubDomains
      x-content-type-options: nosniff
      x-ms-keyvault-network-info: conn_type=Ipv4;addr=172.92.159.124;act_addr_fam=InterNetwork;
      x-ms-keyvault-region: eastus2
      x-ms-keyvault-service-version: 1.2.236.0
      x-powered-by: ASP.NET
    status:
      code: 200
      message: OK
    url: https://mcpatinotest.vault.azure.net/keys/livekvtestcrud-rsa-keycff144f/?api-version=7.0
- request:
    body: '{"attributes": {"exp": 2524723200}, "tags": {"foo": "updated tag"}}'
    headers:
      Accept:
      - application/json
      Content-Length:
      - '67'
      Content-Type:
      - application/json
      User-Agent:
      - azsdk-python-keyvault-keys/4.4.0b5 Python/3.5.3 (Windows-10-10.0.19041-SP0)
    method: PATCH
    uri: https://vaultname.vault.azure.net/keys/livekvtestcrud-rsa-keycff144f/?api-version=7.0
  response:
    body:
      string: '{"key":{"kid":"https://vaultname.vault.azure.net/keys/livekvtestcrud-rsa-keycff144f/561a797247d9418491a709fcfb7c8911","kty":"RSA","key_ops":["encrypt","decrypt","sign","verify","wrapKey","unwrapKey"],"n":"u6nKMO4d5Xh4eQiRpbqG-WYmgewFDJSY09Mkb1yqBPG9hhymS6fdQtwXYYfK5SIbgbAYe9XhN3xok60tCJUdE2eNASLFaqF7HJ2CY7pGKyay64BonF9GUUtQqxv55TbxT00kNc7scAT7sctMpQ9jknka6HMip5own4XyxwwzrSw5-47Hke6R-UHwEz3yQlXDbte8dVi0QIYyn_KlNydo-yxxjArnwWGjQVV-56OZ28FQ7gcGdIrTrXA6u9N7aSvSVejyOROntZbf0Cbp7p1cztmLgcBS-y2d09gQMnVFfl8cWg5dAn1-IniwA_rOjZOG-cqpNmt21GCQusM9c2uRnQ","e":"AQAB"},"attributes":{"enabled":true,"exp":2524723200,"created":1618859374,"updated":1618859375,"recoveryLevel":"Recoverable+Purgeable"},"tags":{"foo":"updated
        tag"}}'
    headers:
      cache-control: no-cache
      content-length: '722'
      content-type: application/json; charset=utf-8
      date: Mon, 19 Apr 2021 19:09:35 GMT
      expires: '-1'
      pragma: no-cache
      strict-transport-security: max-age=31536000;includeSubDomains
      x-content-type-options: nosniff
      x-ms-keyvault-network-info: conn_type=Ipv4;addr=172.92.159.124;act_addr_fam=InterNetwork;
      x-ms-keyvault-region: eastus2
      x-ms-keyvault-service-version: 1.2.236.0
      x-powered-by: ASP.NET
    status:
      code: 200
      message: OK
    url: https://mcpatinotest.vault.azure.net/keys/livekvtestcrud-rsa-keycff144f/?api-version=7.0
- request:
    body: null
    headers:
      Accept:
      - application/json
      User-Agent:
      - azsdk-python-keyvault-keys/4.4.0b5 Python/3.5.3 (Windows-10-10.0.19041-SP0)
    method: DELETE
    uri: https://vaultname.vault.azure.net/keys/livekvtestcrud-rsa-keycff144f?api-version=7.0
  response:
    body:
      string: '{"recoveryId":"https://vaultname.vault.azure.net/deletedkeys/livekvtestcrud-rsa-keycff144f","deletedDate":1618859375,"scheduledPurgeDate":1626635375,"key":{"kid":"https://vaultname.vault.azure.net/keys/livekvtestcrud-rsa-keycff144f/561a797247d9418491a709fcfb7c8911","kty":"RSA","key_ops":["encrypt","decrypt","sign","verify","wrapKey","unwrapKey"],"n":"u6nKMO4d5Xh4eQiRpbqG-WYmgewFDJSY09Mkb1yqBPG9hhymS6fdQtwXYYfK5SIbgbAYe9XhN3xok60tCJUdE2eNASLFaqF7HJ2CY7pGKyay64BonF9GUUtQqxv55TbxT00kNc7scAT7sctMpQ9jknka6HMip5own4XyxwwzrSw5-47Hke6R-UHwEz3yQlXDbte8dVi0QIYyn_KlNydo-yxxjArnwWGjQVV-56OZ28FQ7gcGdIrTrXA6u9N7aSvSVejyOROntZbf0Cbp7p1cztmLgcBS-y2d09gQMnVFfl8cWg5dAn1-IniwA_rOjZOG-cqpNmt21GCQusM9c2uRnQ","e":"AQAB"},"attributes":{"enabled":true,"exp":2524723200,"created":1618859374,"updated":1618859375,"recoveryLevel":"Recoverable+Purgeable"},"tags":{"foo":"updated
        tag"}}'
    headers:
      cache-control: no-cache
      content-length: '873'
      content-type: application/json; charset=utf-8
      date: Mon, 19 Apr 2021 19:09:35 GMT
      expires: '-1'
      pragma: no-cache
      strict-transport-security: max-age=31536000;includeSubDomains
      x-content-type-options: nosniff
      x-ms-keyvault-network-info: conn_type=Ipv4;addr=172.92.159.124;act_addr_fam=InterNetwork;
      x-ms-keyvault-region: eastus2
      x-ms-keyvault-service-version: 1.2.236.0
      x-powered-by: ASP.NET
    status:
      code: 200
      message: OK
    url: https://mcpatinotest.vault.azure.net/keys/livekvtestcrud-rsa-keycff144f?api-version=7.0
- request:
    body: null
    headers:
      Accept:
      - application/json
      User-Agent:
      - azsdk-python-keyvault-keys/4.4.0b5 Python/3.5.3 (Windows-10-10.0.19041-SP0)
    method: GET
    uri: https://vaultname.vault.azure.net/deletedkeys/livekvtestcrud-rsa-keycff144f?api-version=7.0
  response:
    body:
      string: '{"error":{"code":"KeyNotFound","message":"Deleted Key not found: livekvtestcrud-rsa-keycff144f"}}'
    headers:
      cache-control: no-cache
      content-length: '97'
      content-type: application/json; charset=utf-8
      date: Mon, 19 Apr 2021 19:09:35 GMT
      expires: '-1'
      pragma: no-cache
      strict-transport-security: max-age=31536000;includeSubDomains
      x-content-type-options: nosniff
      x-ms-keyvault-network-info: conn_type=Ipv4;addr=172.92.159.124;act_addr_fam=InterNetwork;
      x-ms-keyvault-region: eastus2
      x-ms-keyvault-service-version: 1.2.236.0
      x-powered-by: ASP.NET
    status:
      code: 404
      message: Not Found
    url: https://mcpatinotest.vault.azure.net/deletedkeys/livekvtestcrud-rsa-keycff144f?api-version=7.0
- request:
    body: null
    headers:
      Accept:
      - application/json
      User-Agent:
      - azsdk-python-keyvault-keys/4.4.0b5 Python/3.5.3 (Windows-10-10.0.19041-SP0)
    method: GET
    uri: https://vaultname.vault.azure.net/deletedkeys/livekvtestcrud-rsa-keycff144f?api-version=7.0
  response:
    body:
      string: '{"error":{"code":"KeyNotFound","message":"Deleted Key not found: livekvtestcrud-rsa-keycff144f"}}'
    headers:
      cache-control: no-cache
      content-length: '97'
      content-type: application/json; charset=utf-8
      date: Mon, 19 Apr 2021 19:09:37 GMT
      expires: '-1'
      pragma: no-cache
      strict-transport-security: max-age=31536000;includeSubDomains
      x-content-type-options: nosniff
      x-ms-keyvault-network-info: conn_type=Ipv4;addr=172.92.159.124;act_addr_fam=InterNetwork;
      x-ms-keyvault-region: eastus2
      x-ms-keyvault-service-version: 1.2.236.0
      x-powered-by: ASP.NET
    status:
      code: 404
      message: Not Found
    url: https://mcpatinotest.vault.azure.net/deletedkeys/livekvtestcrud-rsa-keycff144f?api-version=7.0
- request:
    body: null
    headers:
      Accept:
      - application/json
      User-Agent:
      - azsdk-python-keyvault-keys/4.4.0b5 Python/3.5.3 (Windows-10-10.0.19041-SP0)
    method: GET
    uri: https://vaultname.vault.azure.net/deletedkeys/livekvtestcrud-rsa-keycff144f?api-version=7.0
  response:
    body:
      string: '{"error":{"code":"KeyNotFound","message":"Deleted Key not found: livekvtestcrud-rsa-keycff144f"}}'
    headers:
      cache-control: no-cache
      content-length: '97'
      content-type: application/json; charset=utf-8
      date: Mon, 19 Apr 2021 19:09:39 GMT
      expires: '-1'
      pragma: no-cache
      strict-transport-security: max-age=31536000;includeSubDomains
      x-content-type-options: nosniff
      x-ms-keyvault-network-info: conn_type=Ipv4;addr=172.92.159.124;act_addr_fam=InterNetwork;
      x-ms-keyvault-region: eastus2
      x-ms-keyvault-service-version: 1.2.236.0
      x-powered-by: ASP.NET
    status:
      code: 404
      message: Not Found
    url: https://mcpatinotest.vault.azure.net/deletedkeys/livekvtestcrud-rsa-keycff144f?api-version=7.0
- request:
    body: null
    headers:
      Accept:
      - application/json
      User-Agent:
      - azsdk-python-keyvault-keys/4.4.0b5 Python/3.5.3 (Windows-10-10.0.19041-SP0)
    method: GET
    uri: https://vaultname.vault.azure.net/deletedkeys/livekvtestcrud-rsa-keycff144f?api-version=7.0
  response:
    body:
      string: '{"error":{"code":"KeyNotFound","message":"Deleted Key not found: livekvtestcrud-rsa-keycff144f"}}'
    headers:
      cache-control: no-cache
      content-length: '97'
      content-type: application/json; charset=utf-8
      date: Mon, 19 Apr 2021 19:09:41 GMT
      expires: '-1'
      pragma: no-cache
      strict-transport-security: max-age=31536000;includeSubDomains
      x-content-type-options: nosniff
      x-ms-keyvault-network-info: conn_type=Ipv4;addr=172.92.159.124;act_addr_fam=InterNetwork;
      x-ms-keyvault-region: eastus2
      x-ms-keyvault-service-version: 1.2.236.0
      x-powered-by: ASP.NET
    status:
      code: 404
      message: Not Found
    url: https://mcpatinotest.vault.azure.net/deletedkeys/livekvtestcrud-rsa-keycff144f?api-version=7.0
- request:
    body: null
    headers:
      Accept:
      - application/json
      User-Agent:
      - azsdk-python-keyvault-keys/4.4.0b5 Python/3.5.3 (Windows-10-10.0.19041-SP0)
    method: GET
    uri: https://vaultname.vault.azure.net/deletedkeys/livekvtestcrud-rsa-keycff144f?api-version=7.0
  response:
    body:
      string: '{"error":{"code":"KeyNotFound","message":"Deleted Key not found: livekvtestcrud-rsa-keycff144f"}}'
    headers:
      cache-control: no-cache
      content-length: '97'
      content-type: application/json; charset=utf-8
      date: Mon, 19 Apr 2021 19:09:43 GMT
      expires: '-1'
      pragma: no-cache
      strict-transport-security: max-age=31536000;includeSubDomains
      x-content-type-options: nosniff
      x-ms-keyvault-network-info: conn_type=Ipv4;addr=172.92.159.124;act_addr_fam=InterNetwork;
      x-ms-keyvault-region: eastus2
      x-ms-keyvault-service-version: 1.2.236.0
      x-powered-by: ASP.NET
    status:
      code: 404
      message: Not Found
    url: https://mcpatinotest.vault.azure.net/deletedkeys/livekvtestcrud-rsa-keycff144f?api-version=7.0
- request:
    body: null
    headers:
      Accept:
      - application/json
      User-Agent:
      - azsdk-python-keyvault-keys/4.4.0b5 Python/3.5.3 (Windows-10-10.0.19041-SP0)
    method: GET
    uri: https://vaultname.vault.azure.net/deletedkeys/livekvtestcrud-rsa-keycff144f?api-version=7.0
  response:
    body:
      string: '{"error":{"code":"KeyNotFound","message":"Deleted Key not found: livekvtestcrud-rsa-keycff144f"}}'
    headers:
      cache-control: no-cache
      content-length: '97'
      content-type: application/json; charset=utf-8
      date: Mon, 19 Apr 2021 19:09:46 GMT
      expires: '-1'
      pragma: no-cache
      strict-transport-security: max-age=31536000;includeSubDomains
      x-content-type-options: nosniff
      x-ms-keyvault-network-info: conn_type=Ipv4;addr=172.92.159.124;act_addr_fam=InterNetwork;
      x-ms-keyvault-region: eastus2
      x-ms-keyvault-service-version: 1.2.236.0
      x-powered-by: ASP.NET
    status:
      code: 404
      message: Not Found
    url: https://mcpatinotest.vault.azure.net/deletedkeys/livekvtestcrud-rsa-keycff144f?api-version=7.0
- request:
    body: null
    headers:
      Accept:
      - application/json
      User-Agent:
      - azsdk-python-keyvault-keys/4.4.0b5 Python/3.5.3 (Windows-10-10.0.19041-SP0)
    method: GET
    uri: https://vaultname.vault.azure.net/deletedkeys/livekvtestcrud-rsa-keycff144f?api-version=7.0
  response:
    body:
      string: '{"error":{"code":"KeyNotFound","message":"Deleted Key not found: livekvtestcrud-rsa-keycff144f"}}'
    headers:
      cache-control: no-cache
      content-length: '97'
      content-type: application/json; charset=utf-8
      date: Mon, 19 Apr 2021 19:09:48 GMT
      expires: '-1'
      pragma: no-cache
      strict-transport-security: max-age=31536000;includeSubDomains
      x-content-type-options: nosniff
      x-ms-keyvault-network-info: conn_type=Ipv4;addr=172.92.159.124;act_addr_fam=InterNetwork;
      x-ms-keyvault-region: eastus2
      x-ms-keyvault-service-version: 1.2.236.0
      x-powered-by: ASP.NET
    status:
      code: 404
      message: Not Found
    url: https://mcpatinotest.vault.azure.net/deletedkeys/livekvtestcrud-rsa-keycff144f?api-version=7.0
- request:
    body: null
    headers:
      Accept:
      - application/json
      User-Agent:
      - azsdk-python-keyvault-keys/4.4.0b5 Python/3.5.3 (Windows-10-10.0.19041-SP0)
    method: GET
    uri: https://vaultname.vault.azure.net/deletedkeys/livekvtestcrud-rsa-keycff144f?api-version=7.0
  response:
    body:
      string: '{"error":{"code":"KeyNotFound","message":"Deleted Key not found: livekvtestcrud-rsa-keycff144f"}}'
    headers:
      cache-control: no-cache
      content-length: '97'
      content-type: application/json; charset=utf-8
      date: Mon, 19 Apr 2021 19:09:50 GMT
      expires: '-1'
      pragma: no-cache
      strict-transport-security: max-age=31536000;includeSubDomains
      x-content-type-options: nosniff
      x-ms-keyvault-network-info: conn_type=Ipv4;addr=172.92.159.124;act_addr_fam=InterNetwork;
      x-ms-keyvault-region: eastus2
      x-ms-keyvault-service-version: 1.2.236.0
      x-powered-by: ASP.NET
    status:
      code: 404
      message: Not Found
    url: https://mcpatinotest.vault.azure.net/deletedkeys/livekvtestcrud-rsa-keycff144f?api-version=7.0
- request:
    body: null
    headers:
      Accept:
      - application/json
      User-Agent:
      - azsdk-python-keyvault-keys/4.4.0b5 Python/3.5.3 (Windows-10-10.0.19041-SP0)
    method: GET
    uri: https://vaultname.vault.azure.net/deletedkeys/livekvtestcrud-rsa-keycff144f?api-version=7.0
  response:
    body:
      string: '{"error":{"code":"KeyNotFound","message":"Deleted Key not found: livekvtestcrud-rsa-keycff144f"}}'
    headers:
      cache-control: no-cache
      content-length: '97'
      content-type: application/json; charset=utf-8
      date: Mon, 19 Apr 2021 19:09:52 GMT
      expires: '-1'
      pragma: no-cache
      strict-transport-security: max-age=31536000;includeSubDomains
      x-content-type-options: nosniff
      x-ms-keyvault-network-info: conn_type=Ipv4;addr=172.92.159.124;act_addr_fam=InterNetwork;
      x-ms-keyvault-region: eastus2
      x-ms-keyvault-service-version: 1.2.236.0
      x-powered-by: ASP.NET
    status:
      code: 404
      message: Not Found
    url: https://mcpatinotest.vault.azure.net/deletedkeys/livekvtestcrud-rsa-keycff144f?api-version=7.0
- request:
    body: null
    headers:
      Accept:
      - application/json
      User-Agent:
      - azsdk-python-keyvault-keys/4.4.0b5 Python/3.5.3 (Windows-10-10.0.19041-SP0)
    method: GET
    uri: https://vaultname.vault.azure.net/deletedkeys/livekvtestcrud-rsa-keycff144f?api-version=7.0
  response:
    body:
      string: '{"error":{"code":"KeyNotFound","message":"Deleted Key not found: livekvtestcrud-rsa-keycff144f"}}'
    headers:
      cache-control: no-cache
      content-length: '97'
      content-type: application/json; charset=utf-8
      date: Mon, 19 Apr 2021 19:09:54 GMT
      expires: '-1'
      pragma: no-cache
      strict-transport-security: max-age=31536000;includeSubDomains
      x-content-type-options: nosniff
      x-ms-keyvault-network-info: conn_type=Ipv4;addr=172.92.159.124;act_addr_fam=InterNetwork;
      x-ms-keyvault-region: eastus2
      x-ms-keyvault-service-version: 1.2.236.0
      x-powered-by: ASP.NET
    status:
      code: 404
      message: Not Found
    url: https://mcpatinotest.vault.azure.net/deletedkeys/livekvtestcrud-rsa-keycff144f?api-version=7.0
- request:
    body: null
    headers:
      Accept:
      - application/json
      User-Agent:
      - azsdk-python-keyvault-keys/4.4.0b5 Python/3.5.3 (Windows-10-10.0.19041-SP0)
    method: GET
    uri: https://vaultname.vault.azure.net/deletedkeys/livekvtestcrud-rsa-keycff144f?api-version=7.0
  response:
    body:
      string: '{"error":{"code":"KeyNotFound","message":"Deleted Key not found: livekvtestcrud-rsa-keycff144f"}}'
    headers:
      cache-control: no-cache
      content-length: '97'
      content-type: application/json; charset=utf-8
      date: Mon, 19 Apr 2021 19:09:56 GMT
      expires: '-1'
      pragma: no-cache
      strict-transport-security: max-age=31536000;includeSubDomains
      x-content-type-options: nosniff
      x-ms-keyvault-network-info: conn_type=Ipv4;addr=172.92.159.124;act_addr_fam=InterNetwork;
      x-ms-keyvault-region: eastus2
      x-ms-keyvault-service-version: 1.2.236.0
      x-powered-by: ASP.NET
    status:
      code: 404
      message: Not Found
    url: https://mcpatinotest.vault.azure.net/deletedkeys/livekvtestcrud-rsa-keycff144f?api-version=7.0
- request:
    body: null
    headers:
      Accept:
      - application/json
      User-Agent:
      - azsdk-python-keyvault-keys/4.4.0b5 Python/3.5.3 (Windows-10-10.0.19041-SP0)
    method: GET
    uri: https://vaultname.vault.azure.net/deletedkeys/livekvtestcrud-rsa-keycff144f?api-version=7.0
  response:
    body:
      string: '{"error":{"code":"KeyNotFound","message":"Deleted Key not found: livekvtestcrud-rsa-keycff144f"}}'
    headers:
      cache-control: no-cache
      content-length: '97'
      content-type: application/json; charset=utf-8
      date: Mon, 19 Apr 2021 19:09:59 GMT
      expires: '-1'
      pragma: no-cache
      strict-transport-security: max-age=31536000;includeSubDomains
      x-content-type-options: nosniff
      x-ms-keyvault-network-info: conn_type=Ipv4;addr=172.92.159.124;act_addr_fam=InterNetwork;
      x-ms-keyvault-region: eastus2
      x-ms-keyvault-service-version: 1.2.236.0
      x-powered-by: ASP.NET
    status:
      code: 404
      message: Not Found
    url: https://mcpatinotest.vault.azure.net/deletedkeys/livekvtestcrud-rsa-keycff144f?api-version=7.0
- request:
    body: null
    headers:
      Accept:
      - application/json
      User-Agent:
      - azsdk-python-keyvault-keys/4.4.0b5 Python/3.5.3 (Windows-10-10.0.19041-SP0)
    method: GET
    uri: https://vaultname.vault.azure.net/deletedkeys/livekvtestcrud-rsa-keycff144f?api-version=7.0
  response:
    body:
      string: '{"error":{"code":"KeyNotFound","message":"Deleted Key not found: livekvtestcrud-rsa-keycff144f"}}'
    headers:
      cache-control: no-cache
      content-length: '97'
      content-type: application/json; charset=utf-8
      date: Mon, 19 Apr 2021 19:10:01 GMT
      expires: '-1'
      pragma: no-cache
      strict-transport-security: max-age=31536000;includeSubDomains
      x-content-type-options: nosniff
      x-ms-keyvault-network-info: conn_type=Ipv4;addr=172.92.159.124;act_addr_fam=InterNetwork;
      x-ms-keyvault-region: eastus2
      x-ms-keyvault-service-version: 1.2.236.0
      x-powered-by: ASP.NET
    status:
      code: 404
      message: Not Found
    url: https://mcpatinotest.vault.azure.net/deletedkeys/livekvtestcrud-rsa-keycff144f?api-version=7.0
- request:
    body: null
    headers:
      Accept:
      - application/json
      User-Agent:
      - azsdk-python-keyvault-keys/4.4.0b5 Python/3.5.3 (Windows-10-10.0.19041-SP0)
    method: GET
    uri: https://vaultname.vault.azure.net/deletedkeys/livekvtestcrud-rsa-keycff144f?api-version=7.0
  response:
    body:
      string: '{"error":{"code":"KeyNotFound","message":"Deleted Key not found: livekvtestcrud-rsa-keycff144f"}}'
    headers:
      cache-control: no-cache
      content-length: '97'
      content-type: application/json; charset=utf-8
      date: Mon, 19 Apr 2021 19:10:03 GMT
      expires: '-1'
      pragma: no-cache
      strict-transport-security: max-age=31536000;includeSubDomains
      x-content-type-options: nosniff
      x-ms-keyvault-network-info: conn_type=Ipv4;addr=172.92.159.124;act_addr_fam=InterNetwork;
      x-ms-keyvault-region: eastus2
      x-ms-keyvault-service-version: 1.2.236.0
      x-powered-by: ASP.NET
    status:
      code: 404
      message: Not Found
    url: https://mcpatinotest.vault.azure.net/deletedkeys/livekvtestcrud-rsa-keycff144f?api-version=7.0
- request:
    body: null
    headers:
      Accept:
      - application/json
      User-Agent:
      - azsdk-python-keyvault-keys/4.4.0b5 Python/3.5.3 (Windows-10-10.0.19041-SP0)
    method: GET
    uri: https://vaultname.vault.azure.net/deletedkeys/livekvtestcrud-rsa-keycff144f?api-version=7.0
  response:
    body:
      string: '{"recoveryId":"https://vaultname.vault.azure.net/deletedkeys/livekvtestcrud-rsa-keycff144f","deletedDate":1618859375,"scheduledPurgeDate":1626635375,"key":{"kid":"https://vaultname.vault.azure.net/keys/livekvtestcrud-rsa-keycff144f/561a797247d9418491a709fcfb7c8911","kty":"RSA","key_ops":["encrypt","decrypt","sign","verify","wrapKey","unwrapKey"],"n":"u6nKMO4d5Xh4eQiRpbqG-WYmgewFDJSY09Mkb1yqBPG9hhymS6fdQtwXYYfK5SIbgbAYe9XhN3xok60tCJUdE2eNASLFaqF7HJ2CY7pGKyay64BonF9GUUtQqxv55TbxT00kNc7scAT7sctMpQ9jknka6HMip5own4XyxwwzrSw5-47Hke6R-UHwEz3yQlXDbte8dVi0QIYyn_KlNydo-yxxjArnwWGjQVV-56OZ28FQ7gcGdIrTrXA6u9N7aSvSVejyOROntZbf0Cbp7p1cztmLgcBS-y2d09gQMnVFfl8cWg5dAn1-IniwA_rOjZOG-cqpNmt21GCQusM9c2uRnQ","e":"AQAB"},"attributes":{"enabled":true,"exp":2524723200,"created":1618859374,"updated":1618859375,"recoveryLevel":"Recoverable+Purgeable"},"tags":{"foo":"updated
        tag"}}'
    headers:
      cache-control: no-cache
      content-length: '873'
      content-type: application/json; charset=utf-8
      date: Mon, 19 Apr 2021 19:10:05 GMT
      expires: '-1'
      pragma: no-cache
      strict-transport-security: max-age=31536000;includeSubDomains
      x-content-type-options: nosniff
      x-ms-keyvault-network-info: conn_type=Ipv4;addr=172.92.159.124;act_addr_fam=InterNetwork;
      x-ms-keyvault-region: eastus2
      x-ms-keyvault-service-version: 1.2.236.0
      x-powered-by: ASP.NET
    status:
      code: 200
      message: OK
    url: https://mcpatinotest.vault.azure.net/deletedkeys/livekvtestcrud-rsa-keycff144f?api-version=7.0
- request:
    body: null
    headers:
      Accept:
      - application/json
      User-Agent:
      - azsdk-python-keyvault-keys/4.4.0b5 Python/3.5.3 (Windows-10-10.0.19041-SP0)
    method: GET
    uri: https://vaultname.vault.azure.net/deletedkeys/livekvtestcrud-rsa-keycff144f?api-version=7.0
  response:
    body:
      string: '{"recoveryId":"https://vaultname.vault.azure.net/deletedkeys/livekvtestcrud-rsa-keycff144f","deletedDate":1618859375,"scheduledPurgeDate":1626635375,"key":{"kid":"https://vaultname.vault.azure.net/keys/livekvtestcrud-rsa-keycff144f/561a797247d9418491a709fcfb7c8911","kty":"RSA","key_ops":["encrypt","decrypt","sign","verify","wrapKey","unwrapKey"],"n":"u6nKMO4d5Xh4eQiRpbqG-WYmgewFDJSY09Mkb1yqBPG9hhymS6fdQtwXYYfK5SIbgbAYe9XhN3xok60tCJUdE2eNASLFaqF7HJ2CY7pGKyay64BonF9GUUtQqxv55TbxT00kNc7scAT7sctMpQ9jknka6HMip5own4XyxwwzrSw5-47Hke6R-UHwEz3yQlXDbte8dVi0QIYyn_KlNydo-yxxjArnwWGjQVV-56OZ28FQ7gcGdIrTrXA6u9N7aSvSVejyOROntZbf0Cbp7p1cztmLgcBS-y2d09gQMnVFfl8cWg5dAn1-IniwA_rOjZOG-cqpNmt21GCQusM9c2uRnQ","e":"AQAB"},"attributes":{"enabled":true,"exp":2524723200,"created":1618859374,"updated":1618859375,"recoveryLevel":"Recoverable+Purgeable"},"tags":{"foo":"updated
        tag"}}'
    headers:
      cache-control: no-cache
      content-length: '873'
      content-type: application/json; charset=utf-8
      date: Mon, 19 Apr 2021 19:10:05 GMT
      expires: '-1'
      pragma: no-cache
      strict-transport-security: max-age=31536000;includeSubDomains
      x-content-type-options: nosniff
      x-ms-keyvault-network-info: conn_type=Ipv4;addr=172.92.159.124;act_addr_fam=InterNetwork;
      x-ms-keyvault-region: eastus2
      x-ms-keyvault-service-version: 1.2.236.0
      x-powered-by: ASP.NET
    status:
      code: 200
      message: OK
    url: https://mcpatinotest.vault.azure.net/deletedkeys/livekvtestcrud-rsa-keycff144f?api-version=7.0
version: 1
