interactions:
- request:
    body: null
    headers:
      Accept:
      - application/json
      Accept-Encoding:
      - gzip, deflate
      Connection:
      - keep-alive
      Content-Length:
      - '0'
      Content-Type:
      - application/json
      User-Agent:
      - azsdk-python-keyvault-keys/4.4.0b5 Python/3.5.3 (Windows-10-10.0.19041-SP0)
    method: POST
    uri: https://vaultname.vault.azure.net/keys/livekvtestcrypto-test-encrypt-key263314dd/create?api-version=7.2
  response:
    body:
      string: '{"error":{"code":"Unauthorized","message":"Request is missing a Bearer
        or PoP token."}}'
    headers:
      cache-control:
      - no-cache
      content-length:
      - '87'
      content-type:
      - application/json; charset=utf-8
      date:
      - Fri, 07 May 2021 17:25:54 GMT
      expires:
      - '-1'
      pragma:
      - no-cache
      strict-transport-security:
      - max-age=31536000;includeSubDomains
      www-authenticate:
      - Bearer authorization="https://login.windows.net/72f988bf-86f1-41af-91ab-2d7cd011db47",
        resource="https://vault.azure.net"
      x-content-type-options:
      - nosniff
      x-ms-keyvault-network-info:
      - conn_type=Ipv4;addr=172.92.159.124;act_addr_fam=InterNetwork;
      x-ms-keyvault-region:
      - centralus
      x-ms-keyvault-service-version:
      - 1.2.265.0
      x-powered-by:
      - ASP.NET
    status:
      code: 401
      message: Unauthorized
- request:
    body: '{"kty": "RSA"}'
    headers:
      Accept:
      - application/json
      Accept-Encoding:
      - gzip, deflate
      Connection:
      - keep-alive
      Content-Length:
      - '14'
      Content-Type:
      - application/json
      User-Agent:
      - azsdk-python-keyvault-keys/4.4.0b5 Python/3.5.3 (Windows-10-10.0.19041-SP0)
    method: POST
    uri: https://vaultname.vault.azure.net/keys/livekvtestcrypto-test-encrypt-key263314dd/create?api-version=7.2
  response:
    body:
      string: '{"key":{"kid":"https://vaultname.vault.azure.net/keys/livekvtestcrypto-test-encrypt-key263314dd/7a177565ef004142a75402c620de064f","kty":"RSA","key_ops":["encrypt","decrypt","sign","verify","wrapKey","unwrapKey"],"n":"y-54aWLjxybeg_K1XPrQTOEVcR940crsP66sa205_2-wph7cB3TNrGSFo-V3iTD50CJR5JrYWA7Mgyhz948b5_gYFv4zm96nYp1dU-yfWDBAIxygyunvy2w7551n26NA5PYDyJLY0BgmH3ywOg3t5Wd6KFmzlsVQtf0rrTpzZYb4bg9B8RurfayxcOlTPBAgRPmmgHZDAbq3QpX8xNZxBXpHLpjznhN2FHFURgJQVss822eRzMdasSF1HAb4QY97ASGxPX6dr1fYcw4J55iXW7h-JJPwXOCmrhqmyyKSgBEm3aYe9Xd0gZkqUTQJErH_WQY8abCxYAxkQ-CyhEjzQQ","e":"AQAB"},"attributes":{"enabled":true,"created":1620408355,"updated":1620408355,"recoveryLevel":"Recoverable+Purgeable","recoverableDays":90}}'
    headers:
      cache-control:
      - no-cache
      content-length:
      - '709'
      content-type:
      - application/json; charset=utf-8
      date:
      - Fri, 07 May 2021 17:25:55 GMT
      expires:
      - '-1'
      pragma:
      - no-cache
      strict-transport-security:
      - max-age=31536000;includeSubDomains
      x-content-type-options:
      - nosniff
      x-ms-keyvault-network-info:
      - conn_type=Ipv4;addr=172.92.159.124;act_addr_fam=InterNetwork;
      x-ms-keyvault-region:
      - centralus
      x-ms-keyvault-service-version:
      - 1.2.265.0
      x-powered-by:
      - ASP.NET
    status:
      code: 200
      message: OK
- request:
    body: null
    headers:
      Accept:
      - application/json
      Accept-Encoding:
      - gzip, deflate
      Connection:
      - keep-alive
      User-Agent:
      - azsdk-python-keyvault-keys/4.4.0b5 Python/3.5.3 (Windows-10-10.0.19041-SP0)
    method: GET
    uri: https://vaultname.vault.azure.net/keys/livekvtestcrypto-test-encrypt-key263314dd/?api-version=7.2
  response:
    body:
      string: '{"key":{"kid":"https://vaultname.vault.azure.net/keys/livekvtestcrypto-test-encrypt-key263314dd/7a177565ef004142a75402c620de064f","kty":"RSA","key_ops":["encrypt","decrypt","sign","verify","wrapKey","unwrapKey"],"n":"y-54aWLjxybeg_K1XPrQTOEVcR940crsP66sa205_2-wph7cB3TNrGSFo-V3iTD50CJR5JrYWA7Mgyhz948b5_gYFv4zm96nYp1dU-yfWDBAIxygyunvy2w7551n26NA5PYDyJLY0BgmH3ywOg3t5Wd6KFmzlsVQtf0rrTpzZYb4bg9B8RurfayxcOlTPBAgRPmmgHZDAbq3QpX8xNZxBXpHLpjznhN2FHFURgJQVss822eRzMdasSF1HAb4QY97ASGxPX6dr1fYcw4J55iXW7h-JJPwXOCmrhqmyyKSgBEm3aYe9Xd0gZkqUTQJErH_WQY8abCxYAxkQ-CyhEjzQQ","e":"AQAB"},"attributes":{"enabled":true,"created":1620408355,"updated":1620408355,"recoveryLevel":"Recoverable+Purgeable","recoverableDays":90}}'
    headers:
      cache-control:
      - no-cache
      content-length:
      - '709'
      content-type:
      - application/json; charset=utf-8
      date:
      - Fri, 07 May 2021 17:25:55 GMT
      expires:
      - '-1'
      pragma:
      - no-cache
      strict-transport-security:
      - max-age=31536000;includeSubDomains
      x-content-type-options:
      - nosniff
      x-ms-keyvault-network-info:
      - conn_type=Ipv4;addr=172.92.159.124;act_addr_fam=InterNetwork;
      x-ms-keyvault-region:
      - centralus
      x-ms-keyvault-service-version:
      - 1.2.265.0
      x-powered-by:
      - ASP.NET
    status:
      code: 200
      message: OK
- request:
    body: '{"value": "RdhBjiknN-aOe6qigVvZQ2b-x4bFJoH1OBooXzaZtcYX3oJPsL0VBszhVA1OSc6fNcoG_AQearbii0ytqeCMm0KpLNV8p6Z7v2Lldd6M4RACAK6zUQd7KuwOtwP7NvYza2ryyflzlq1JcLzOyC1YnEufnRsJtn0mHbMWTQuIbeoPzCKVtHQYgjNNDRkuUSWNFg2AG2SqxTs7lHJYQlRl1m3hYWSY4lp8F-DZdXzPEz6UtS2xnBr8ZW9ZwQ_gQKRyXnxr6W-hhbL_fzux81UaA-H0aChtiiabfmx3rA77A0ivozSPcK4MuL7oCWiKJ3OCooqgcpqv1iwwzLHzDv3yyQ",
      "alg": "RSA-OAEP"}'
    headers:
      Accept:
      - application/json
      Accept-Encoding:
      - gzip, deflate
      Connection:
      - keep-alive
      Content-Length:
      - '374'
      Content-Type:
      - application/json
      User-Agent:
      - azsdk-python-keyvault-keys/4.4.0b5 Python/3.5.3 (Windows-10-10.0.19041-SP0)
    method: POST
    uri: https://vaultname.vault.azure.net/keys/livekvtestcrypto-test-encrypt-key263314dd/7a177565ef004142a75402c620de064f/decrypt?api-version=7.2
  response:
    body:
      string: '{"kid":"https://vaultname.vault.azure.net/keys/livekvtestcrypto-test-encrypt-key263314dd/7a177565ef004142a75402c620de064f","value":"cGxhaW50ZXh0"}'
    headers:
      cache-control:
      - no-cache
      content-length:
      - '149'
      content-type:
      - application/json; charset=utf-8
      date:
      - Fri, 07 May 2021 17:25:55 GMT
      expires:
      - '-1'
      pragma:
      - no-cache
      strict-transport-security:
      - max-age=31536000;includeSubDomains
      x-content-type-options:
      - nosniff
      x-ms-keyvault-network-info:
      - conn_type=Ipv4;addr=172.92.159.124;act_addr_fam=InterNetwork;
      x-ms-keyvault-region:
      - centralus
      x-ms-keyvault-service-version:
      - 1.2.265.0
      x-powered-by:
      - ASP.NET
    status:
      code: 200
      message: OK
version: 1
