interactions:
- request:
    body: null
    headers:
      Accept:
      - application/json
      Content-Length:
      - '0'
      Content-Type:
      - application/json
      User-Agent:
      - azsdk-python-keyvault-keys/4.3.2 Python/3.5.3 (Windows-10-10.0.19041-SP0)
    method: POST
    uri: https://vaultname.vault.azure.net/keys/livekvtestkey092670ac9/create?api-version=7.1
  response:
    body:
      string: '{"error":{"code":"Unauthorized","message":"Request is missing a Bearer
        or PoP token."}}'
    headers:
      cache-control: no-cache
      content-length: '87'
      content-type: application/json; charset=utf-8
      date: Fri, 05 Feb 2021 09:45:17 GMT
      expires: '-1'
      pragma: no-cache
      strict-transport-security: max-age=31536000;includeSubDomains
      www-authenticate: Bearer authorization="https://login.windows.net/72f988bf-86f1-41af-91ab-2d7cd011db47",
        resource="https://vault.azure.net"
      x-content-type-options: nosniff
      x-ms-keyvault-network-info: conn_type=Ipv4;addr=174.127.232.53;act_addr_fam=InterNetwork;
      x-ms-keyvault-region: northeurope
      x-ms-keyvault-service-version: 1.2.139.0
      x-powered-by: ASP.NET
    status:
      code: 401
      message: Unauthorized
    url: https://mcpatinotest.vault.azure.net/keys/livekvtestkey092670ac9/create?api-version=7.1
- request:
    body: '{"kty": "RSA"}'
    headers:
      Accept:
      - application/json
      Content-Length:
      - '14'
      Content-Type:
      - application/json
      User-Agent:
      - azsdk-python-keyvault-keys/4.3.2 Python/3.5.3 (Windows-10-10.0.19041-SP0)
    method: POST
    uri: https://vaultname.vault.azure.net/keys/livekvtestkey092670ac9/create?api-version=7.1
  response:
    body:
      string: '{"key":{"kid":"https://vaultname.vault.azure.net/keys/livekvtestkey092670ac9/8414ae4b39ed4801a72d71d1d93f3732","kty":"RSA","key_ops":["encrypt","decrypt","sign","verify","wrapKey","unwrapKey"],"n":"1gucgDuEk9I5MwTHByeF9jDZdpofDBvhSIoaXeX9yYEVrwqmTlZcVsriYrNCBzcuE0F70WMlYiAYgWRQT17QtKV-QtjUTIcsiJyXdVPdBlaXHWh8kpvXlSJIvFjmsuT5YcpRAFsD3vxQPnrj30aRTyx309OyB_QYcGGderfOGUoJo_G-W4dSnNvjOUF-egfF2vT8C2nxL55uRDi7XXSpjXwt_RuRaWeoSqj0V3aWCox__IX2SwqhE-FPP4QU05OJZt_HRARJMyhUy30s7bSy6jhj4898q4AsozPKD0wsY6GehYl4NmRSCOYTp5mrM5SblTlBkbJ7t3tGc5PLwB1f9Q","e":"AQAB"},"attributes":{"enabled":true,"created":1612518318,"updated":1612518318,"recoveryLevel":"Recoverable+Purgeable","recoverableDays":90}}'
    headers:
      cache-control: no-cache
      content-length: '690'
      content-type: application/json; charset=utf-8
      date: Fri, 05 Feb 2021 09:45:18 GMT
      expires: '-1'
      pragma: no-cache
      strict-transport-security: max-age=31536000;includeSubDomains
      x-content-type-options: nosniff
      x-ms-keyvault-network-info: conn_type=Ipv4;addr=174.127.232.53;act_addr_fam=InterNetwork;
      x-ms-keyvault-region: northeurope
      x-ms-keyvault-service-version: 1.2.139.0
      x-powered-by: ASP.NET
    status:
      code: 200
      message: OK
    url: https://mcpatinotest.vault.azure.net/keys/livekvtestkey092670ac9/create?api-version=7.1
- request:
    body: '{"kty": "RSA"}'
    headers:
      Accept:
      - application/json
      Content-Length:
      - '14'
      Content-Type:
      - application/json
      User-Agent:
      - azsdk-python-keyvault-keys/4.3.2 Python/3.5.3 (Windows-10-10.0.19041-SP0)
    method: POST
    uri: https://vaultname.vault.azure.net/keys/livekvtestkey192670ac9/create?api-version=7.1
  response:
    body:
      string: '{"key":{"kid":"https://vaultname.vault.azure.net/keys/livekvtestkey192670ac9/8798800a01c54e9587f83b9d795f5e6d","kty":"RSA","key_ops":["encrypt","decrypt","sign","verify","wrapKey","unwrapKey"],"n":"vZuL-LJsa2xz3r90bfbYo0x5QwO9gYd4RA7PqXwXPjZGIwr7cFO2bJwwsO94PJjEAPRffcExD7PRy1wQb0asz13mJI20MCZiiFEGTqJXJBmKgJGE32JuBri2LUgK9L74hqbhR49TPhKsc1s-r2kDjTJ2p8Efi-ebSBg9A6zj7XAhFmqTSEh9wkL78mcIk4mpzlAu7ihRUwubbWRLPEqTGbOqeTt4R5jCveRwdTXyWi20NqnwwFFst7TvkhIrAgaCDIqDiTpVJN3IzQ3hFVa0DQ0t5sOlSdHffM8vVcOcIvKY9Z8a-X1PiY5RI5bb3GBB-CRjm1wTPOTP40Atl2Y0cQ","e":"AQAB"},"attributes":{"enabled":true,"created":1612518318,"updated":1612518318,"recoveryLevel":"Recoverable+Purgeable","recoverableDays":90}}'
    headers:
      cache-control: no-cache
      content-length: '690'
      content-type: application/json; charset=utf-8
      date: Fri, 05 Feb 2021 09:45:18 GMT
      expires: '-1'
      pragma: no-cache
      strict-transport-security: max-age=31536000;includeSubDomains
      x-content-type-options: nosniff
      x-ms-keyvault-network-info: conn_type=Ipv4;addr=174.127.232.53;act_addr_fam=InterNetwork;
      x-ms-keyvault-region: northeurope
      x-ms-keyvault-service-version: 1.2.139.0
      x-powered-by: ASP.NET
    status:
      code: 200
      message: OK
    url: https://mcpatinotest.vault.azure.net/keys/livekvtestkey192670ac9/create?api-version=7.1
- request:
    body: '{"kty": "RSA"}'
    headers:
      Accept:
      - application/json
      Content-Length:
      - '14'
      Content-Type:
      - application/json
      User-Agent:
      - azsdk-python-keyvault-keys/4.3.2 Python/3.5.3 (Windows-10-10.0.19041-SP0)
    method: POST
    uri: https://vaultname.vault.azure.net/keys/livekvtestkey292670ac9/create?api-version=7.1
  response:
    body:
      string: '{"key":{"kid":"https://vaultname.vault.azure.net/keys/livekvtestkey292670ac9/569d2675dbe8467ab6c71dff72dbc074","kty":"RSA","key_ops":["encrypt","decrypt","sign","verify","wrapKey","unwrapKey"],"n":"uOpO471ZNWByYmNB9Murj0HIkHoJTIG--TI5ZaqHLAuEtsfasF57Q24732ZExFgJJjWv7Qp-3JQCSl9DK35wlzGnjrh_k6ciScEOpPaerGkEZ652r7vNaMP2z8z-WMNlN5FuKRtLebjQU5TYTb7TlcvYOKvPd2QnBTtwE-FgTw1cXhM99pw9OnJ-SAO_7-CrpOhneKAIM843HQiEcVqeZEK5xsJ_13D5vlo9uRu5as-8fqdvDjJInYK9zrLQVdOOvdRtCm8y908CDM7nc35vY7nBzgObaNhLOMvmU1eJ8NTrtCaATkHIewnykdvYPY5R9_Yb3gGM88gZEKQfNxawPQ","e":"AQAB"},"attributes":{"enabled":true,"created":1612518319,"updated":1612518319,"recoveryLevel":"Recoverable+Purgeable","recoverableDays":90}}'
    headers:
      cache-control: no-cache
      content-length: '690'
      content-type: application/json; charset=utf-8
      date: Fri, 05 Feb 2021 09:45:18 GMT
      expires: '-1'
      pragma: no-cache
      strict-transport-security: max-age=31536000;includeSubDomains
      x-content-type-options: nosniff
      x-ms-keyvault-network-info: conn_type=Ipv4;addr=174.127.232.53;act_addr_fam=InterNetwork;
      x-ms-keyvault-region: northeurope
      x-ms-keyvault-service-version: 1.2.139.0
      x-powered-by: ASP.NET
    status:
      code: 200
      message: OK
    url: https://mcpatinotest.vault.azure.net/keys/livekvtestkey292670ac9/create?api-version=7.1
- request:
    body: '{"kty": "RSA"}'
    headers:
      Accept:
      - application/json
      Content-Length:
      - '14'
      Content-Type:
      - application/json
      User-Agent:
      - azsdk-python-keyvault-keys/4.3.2 Python/3.5.3 (Windows-10-10.0.19041-SP0)
    method: POST
    uri: https://vaultname.vault.azure.net/keys/livekvtestkey392670ac9/create?api-version=7.1
  response:
    body:
      string: '{"key":{"kid":"https://vaultname.vault.azure.net/keys/livekvtestkey392670ac9/c9cd378b760f4d7fb170a880bcad0c46","kty":"RSA","key_ops":["encrypt","decrypt","sign","verify","wrapKey","unwrapKey"],"n":"oWgHGaJDOnjuhgOofMVl4kE4_gk4bT9YrSHF_0EjPTf9mYZGPuO56SxeUd0qCjVrStL_Hn02btcDnVO3CvtGLsEU2lCME55bUzezjD1uU4wiq3unmlPM0pm_aObqd7UJ6qMN419JqwufhSQ5LtilCly46BWdJGKCqCE7gdbq9kmbZ2ukrHWmVwUHsm4LIydG9E-GZrCApM__xYWpSPKtIghBpDdhyfOhHwL6NlWXD7pzc2lh5fG6vmvY5fRKaNIGZVMQQkix1ZvZW-YNWrf95yQw6ybT7MaorxiU10HX4hfL8VvC1j0e__xU8up9ejY1GLzxZX0AP6SbyLTLE2MLpQ","e":"AQAB"},"attributes":{"enabled":true,"created":1612518319,"updated":1612518319,"recoveryLevel":"Recoverable+Purgeable","recoverableDays":90}}'
    headers:
      cache-control: no-cache
      content-length: '690'
      content-type: application/json; charset=utf-8
      date: Fri, 05 Feb 2021 09:45:19 GMT
      expires: '-1'
      pragma: no-cache
      strict-transport-security: max-age=31536000;includeSubDomains
      x-content-type-options: nosniff
      x-ms-keyvault-network-info: conn_type=Ipv4;addr=174.127.232.53;act_addr_fam=InterNetwork;
      x-ms-keyvault-region: northeurope
      x-ms-keyvault-service-version: 1.2.139.0
      x-powered-by: ASP.NET
    status:
      code: 200
      message: OK
    url: https://mcpatinotest.vault.azure.net/keys/livekvtestkey392670ac9/create?api-version=7.1
- request:
    body: '{"kty": "RSA"}'
    headers:
      Accept:
      - application/json
      Content-Length:
      - '14'
      Content-Type:
      - application/json
      User-Agent:
      - azsdk-python-keyvault-keys/4.3.2 Python/3.5.3 (Windows-10-10.0.19041-SP0)
    method: POST
    uri: https://vaultname.vault.azure.net/keys/livekvtestkey492670ac9/create?api-version=7.1
  response:
    body:
      string: '{"key":{"kid":"https://vaultname.vault.azure.net/keys/livekvtestkey492670ac9/cb88444e65bc464e957c6a8c4a780632","kty":"RSA","key_ops":["encrypt","decrypt","sign","verify","wrapKey","unwrapKey"],"n":"xEpOhCDwQE_RenrTfSRCoILDmIPp2QVcCvj6xgrqKqPme8LVZkpf3fz4jKQXZU3BVYxDRvXOAW4iyj2e6bomU7p7_tB6hIZH2nLI-VDwvD6CCbKQcXcWNH9ky03vT9wyYwiYvXGlF3dmohE5EWsfBH7eY5lP_WUZ09zrj6_LeHE0S0OKNUugN4wsqAmeCEDn5qxJbpzhH4bjl3DYX_UJETSsvkpDq8p7WJgsEV1dOdfiXqtKD8n-yb7VMi2dsDNMdznD3sD6TPwQuQpTEjgLFFZsAtv_9mC95yXRrmNmeNBCaydm4lCjZBN1o4ASYy2ZM5KZtKXyz9gSphYBzxBJxQ","e":"AQAB"},"attributes":{"enabled":true,"created":1612518320,"updated":1612518320,"recoveryLevel":"Recoverable+Purgeable","recoverableDays":90}}'
    headers:
      cache-control: no-cache
      content-length: '690'
      content-type: application/json; charset=utf-8
      date: Fri, 05 Feb 2021 09:45:19 GMT
      expires: '-1'
      pragma: no-cache
      strict-transport-security: max-age=31536000;includeSubDomains
      x-content-type-options: nosniff
      x-ms-keyvault-network-info: conn_type=Ipv4;addr=174.127.232.53;act_addr_fam=InterNetwork;
      x-ms-keyvault-region: northeurope
      x-ms-keyvault-service-version: 1.2.139.0
      x-powered-by: ASP.NET
    status:
      code: 200
      message: OK
    url: https://mcpatinotest.vault.azure.net/keys/livekvtestkey492670ac9/create?api-version=7.1
- request:
    body: '{"kty": "RSA"}'
    headers:
      Accept:
      - application/json
      Content-Length:
      - '14'
      Content-Type:
      - application/json
      User-Agent:
      - azsdk-python-keyvault-keys/4.3.2 Python/3.5.3 (Windows-10-10.0.19041-SP0)
    method: POST
    uri: https://vaultname.vault.azure.net/keys/livekvtestkey592670ac9/create?api-version=7.1
  response:
    body:
      string: '{"key":{"kid":"https://vaultname.vault.azure.net/keys/livekvtestkey592670ac9/942ec9dfd088480cbb26b396ecc71fd7","kty":"RSA","key_ops":["encrypt","decrypt","sign","verify","wrapKey","unwrapKey"],"n":"vyqTCeQwr6tJnXHl_aJfGoAYuxfE9MdpIlel0Jj3f2oiWfN9gfeBqBZlLI8bH3G8lY080XiwLqTCZQpRkWtdXV-iSdq_bZxZThLW_X1kIfbUoUnh2rwLynsfif6XJVVRSlBH2UIPtRtCmkROG6Lhyjy6SOXK6wMRoSSEpaH6pt__d30RlCAsoKNMfkrNwNyAwWj646NgH_Vq8ZT52GfxecTTVG_ZFGHJC3yflJtdein5Kmk8AFaYbretn8LAcdeFnywyo9rPPrJhBkosc_vblg1TnYh4dNbwgp3PasQiD1Ae3IJ0pFu0BldDU9Np8a5OZDaeiP0zdhh97ygQ1ajy1Q","e":"AQAB"},"attributes":{"enabled":true,"created":1612518320,"updated":1612518320,"recoveryLevel":"Recoverable+Purgeable","recoverableDays":90}}'
    headers:
      cache-control: no-cache
      content-length: '690'
      content-type: application/json; charset=utf-8
      date: Fri, 05 Feb 2021 09:45:19 GMT
      expires: '-1'
      pragma: no-cache
      strict-transport-security: max-age=31536000;includeSubDomains
      x-content-type-options: nosniff
      x-ms-keyvault-network-info: conn_type=Ipv4;addr=174.127.232.53;act_addr_fam=InterNetwork;
      x-ms-keyvault-region: northeurope
      x-ms-keyvault-service-version: 1.2.139.0
      x-powered-by: ASP.NET
    status:
      code: 200
      message: OK
    url: https://mcpatinotest.vault.azure.net/keys/livekvtestkey592670ac9/create?api-version=7.1
- request:
    body: '{"kty": "RSA"}'
    headers:
      Accept:
      - application/json
      Content-Length:
      - '14'
      Content-Type:
      - application/json
      User-Agent:
      - azsdk-python-keyvault-keys/4.3.2 Python/3.5.3 (Windows-10-10.0.19041-SP0)
    method: POST
    uri: https://vaultname.vault.azure.net/keys/livekvtestkey692670ac9/create?api-version=7.1
  response:
    body:
      string: '{"key":{"kid":"https://vaultname.vault.azure.net/keys/livekvtestkey692670ac9/1e8da8521f474d12aa5bb55510208781","kty":"RSA","key_ops":["encrypt","decrypt","sign","verify","wrapKey","unwrapKey"],"n":"xWJ8_9TcKEixHPQbf1OfhWkhUUkj6uOYtUiR2LwiIUFyhbSXFRPQKBO29FsjB0oF4BHpp1XK1uJ3IVVa3jJd8hosh0-ywr8RfaZh73aGsU7cpJ62LJ07EPVemlVRYlDnEw18egZTyrQreYSpAQvPR-DosSrJbv0rFlBpXgD-bPc87QIdJ8hA5DNwB22kydtMc4VH1ABPB5DCAP7H6JxrlVgXRpR0FECUD3QEc7yGgM9hd5NPBiishZIwnU0j48opikhy_UIoH1YGJ1hrxn0T1x_rmYd5SkMUC94C6AFJXRCpMmZJA3MFOOWKTch3Qz6k-EvWlPyoCaR73A2pFd3SbQ","e":"AQAB"},"attributes":{"enabled":true,"created":1612518320,"updated":1612518320,"recoveryLevel":"Recoverable+Purgeable","recoverableDays":90}}'
    headers:
      cache-control: no-cache
      content-length: '690'
      content-type: application/json; charset=utf-8
      date: Fri, 05 Feb 2021 09:45:19 GMT
      expires: '-1'
      pragma: no-cache
      strict-transport-security: max-age=31536000;includeSubDomains
      x-content-type-options: nosniff
      x-ms-keyvault-network-info: conn_type=Ipv4;addr=174.127.232.53;act_addr_fam=InterNetwork;
      x-ms-keyvault-region: northeurope
      x-ms-keyvault-service-version: 1.2.139.0
      x-powered-by: ASP.NET
    status:
      code: 200
      message: OK
    url: https://mcpatinotest.vault.azure.net/keys/livekvtestkey692670ac9/create?api-version=7.1
- request:
    body: null
    headers:
      Accept:
      - application/json
      User-Agent:
      - azsdk-python-keyvault-keys/4.3.2 Python/3.5.3 (Windows-10-10.0.19041-SP0)
    method: DELETE
    uri: https://vaultname.vault.azure.net/keys/livekvtestkey092670ac9?api-version=7.1
  response:
    body:
      string: '{"recoveryId":"https://vaultname.vault.azure.net/deletedkeys/livekvtestkey092670ac9","deletedDate":1612518321,"scheduledPurgeDate":1620294321,"key":{"kid":"https://vaultname.vault.azure.net/keys/livekvtestkey092670ac9/8414ae4b39ed4801a72d71d1d93f3732","kty":"RSA","key_ops":["encrypt","decrypt","sign","verify","wrapKey","unwrapKey"],"n":"1gucgDuEk9I5MwTHByeF9jDZdpofDBvhSIoaXeX9yYEVrwqmTlZcVsriYrNCBzcuE0F70WMlYiAYgWRQT17QtKV-QtjUTIcsiJyXdVPdBlaXHWh8kpvXlSJIvFjmsuT5YcpRAFsD3vxQPnrj30aRTyx309OyB_QYcGGderfOGUoJo_G-W4dSnNvjOUF-egfF2vT8C2nxL55uRDi7XXSpjXwt_RuRaWeoSqj0V3aWCox__IX2SwqhE-FPP4QU05OJZt_HRARJMyhUy30s7bSy6jhj4898q4AsozPKD0wsY6GehYl4NmRSCOYTp5mrM5SblTlBkbJ7t3tGc5PLwB1f9Q","e":"AQAB"},"attributes":{"enabled":true,"created":1612518318,"updated":1612518318,"recoveryLevel":"Recoverable+Purgeable","recoverableDays":90}}'
    headers:
      cache-control: no-cache
      content-length: '834'
      content-type: application/json; charset=utf-8
      date: Fri, 05 Feb 2021 09:45:21 GMT
      expires: '-1'
      pragma: no-cache
      strict-transport-security: max-age=31536000;includeSubDomains
      x-content-type-options: nosniff
      x-ms-keyvault-network-info: conn_type=Ipv4;addr=174.127.232.53;act_addr_fam=InterNetwork;
      x-ms-keyvault-region: northeurope
      x-ms-keyvault-service-version: 1.2.139.0
      x-powered-by: ASP.NET
    status:
      code: 200
      message: OK
    url: https://mcpatinotest.vault.azure.net/keys/livekvtestkey092670ac9?api-version=7.1
- request:
    body: null
    headers:
      Accept:
      - application/json
      User-Agent:
      - azsdk-python-keyvault-keys/4.3.2 Python/3.5.3 (Windows-10-10.0.19041-SP0)
    method: GET
    uri: https://vaultname.vault.azure.net/deletedkeys/livekvtestkey092670ac9?api-version=7.1
  response:
    body:
      string: '{"error":{"code":"KeyNotFound","message":"Deleted Key not found: livekvtestkey092670ac9"}}'
    headers:
      cache-control: no-cache
      content-length: '90'
      content-type: application/json; charset=utf-8
      date: Fri, 05 Feb 2021 09:45:21 GMT
      expires: '-1'
      pragma: no-cache
      strict-transport-security: max-age=31536000;includeSubDomains
      x-content-type-options: nosniff
      x-ms-keyvault-network-info: conn_type=Ipv4;addr=174.127.232.53;act_addr_fam=InterNetwork;
      x-ms-keyvault-region: northeurope
      x-ms-keyvault-service-version: 1.2.139.0
      x-powered-by: ASP.NET
    status:
      code: 404
      message: Not Found
    url: https://mcpatinotest.vault.azure.net/deletedkeys/livekvtestkey092670ac9?api-version=7.1
- request:
    body: null
    headers:
      Accept:
      - application/json
      User-Agent:
      - azsdk-python-keyvault-keys/4.3.2 Python/3.5.3 (Windows-10-10.0.19041-SP0)
    method: GET
    uri: https://vaultname.vault.azure.net/deletedkeys/livekvtestkey092670ac9?api-version=7.1
  response:
    body:
      string: '{"recoveryId":"https://vaultname.vault.azure.net/deletedkeys/livekvtestkey092670ac9","deletedDate":1612518321,"scheduledPurgeDate":1620294321,"key":{"kid":"https://vaultname.vault.azure.net/keys/livekvtestkey092670ac9/8414ae4b39ed4801a72d71d1d93f3732","kty":"RSA","key_ops":["encrypt","decrypt","sign","verify","wrapKey","unwrapKey"],"n":"1gucgDuEk9I5MwTHByeF9jDZdpofDBvhSIoaXeX9yYEVrwqmTlZcVsriYrNCBzcuE0F70WMlYiAYgWRQT17QtKV-QtjUTIcsiJyXdVPdBlaXHWh8kpvXlSJIvFjmsuT5YcpRAFsD3vxQPnrj30aRTyx309OyB_QYcGGderfOGUoJo_G-W4dSnNvjOUF-egfF2vT8C2nxL55uRDi7XXSpjXwt_RuRaWeoSqj0V3aWCox__IX2SwqhE-FPP4QU05OJZt_HRARJMyhUy30s7bSy6jhj4898q4AsozPKD0wsY6GehYl4NmRSCOYTp5mrM5SblTlBkbJ7t3tGc5PLwB1f9Q","e":"AQAB"},"attributes":{"enabled":true,"created":1612518318,"updated":1612518318,"recoveryLevel":"Recoverable+Purgeable","recoverableDays":90}}'
    headers:
      cache-control: no-cache
      content-length: '834'
      content-type: application/json; charset=utf-8
      date: Fri, 05 Feb 2021 09:45:23 GMT
      expires: '-1'
      pragma: no-cache
      strict-transport-security: max-age=31536000;includeSubDomains
      x-content-type-options: nosniff
      x-ms-keyvault-network-info: conn_type=Ipv4;addr=174.127.232.53;act_addr_fam=InterNetwork;
      x-ms-keyvault-region: northeurope
      x-ms-keyvault-service-version: 1.2.139.0
      x-powered-by: ASP.NET
    status:
      code: 200
      message: OK
    url: https://mcpatinotest.vault.azure.net/deletedkeys/livekvtestkey092670ac9?api-version=7.1
- request:
    body: null
    headers:
      Accept:
      - application/json
      User-Agent:
      - azsdk-python-keyvault-keys/4.3.2 Python/3.5.3 (Windows-10-10.0.19041-SP0)
    method: DELETE
    uri: https://vaultname.vault.azure.net/keys/livekvtestkey192670ac9?api-version=7.1
  response:
    body:
      string: '{"recoveryId":"https://vaultname.vault.azure.net/deletedkeys/livekvtestkey192670ac9","deletedDate":1612518323,"scheduledPurgeDate":1620294323,"key":{"kid":"https://vaultname.vault.azure.net/keys/livekvtestkey192670ac9/8798800a01c54e9587f83b9d795f5e6d","kty":"RSA","key_ops":["encrypt","decrypt","sign","verify","wrapKey","unwrapKey"],"n":"vZuL-LJsa2xz3r90bfbYo0x5QwO9gYd4RA7PqXwXPjZGIwr7cFO2bJwwsO94PJjEAPRffcExD7PRy1wQb0asz13mJI20MCZiiFEGTqJXJBmKgJGE32JuBri2LUgK9L74hqbhR49TPhKsc1s-r2kDjTJ2p8Efi-ebSBg9A6zj7XAhFmqTSEh9wkL78mcIk4mpzlAu7ihRUwubbWRLPEqTGbOqeTt4R5jCveRwdTXyWi20NqnwwFFst7TvkhIrAgaCDIqDiTpVJN3IzQ3hFVa0DQ0t5sOlSdHffM8vVcOcIvKY9Z8a-X1PiY5RI5bb3GBB-CRjm1wTPOTP40Atl2Y0cQ","e":"AQAB"},"attributes":{"enabled":true,"created":1612518318,"updated":1612518318,"recoveryLevel":"Recoverable+Purgeable","recoverableDays":90}}'
    headers:
      cache-control: no-cache
      content-length: '834'
      content-type: application/json; charset=utf-8
      date: Fri, 05 Feb 2021 09:45:23 GMT
      expires: '-1'
      pragma: no-cache
      strict-transport-security: max-age=31536000;includeSubDomains
      x-content-type-options: nosniff
      x-ms-keyvault-network-info: conn_type=Ipv4;addr=174.127.232.53;act_addr_fam=InterNetwork;
      x-ms-keyvault-region: northeurope
      x-ms-keyvault-service-version: 1.2.139.0
      x-powered-by: ASP.NET
    status:
      code: 200
      message: OK
    url: https://mcpatinotest.vault.azure.net/keys/livekvtestkey192670ac9?api-version=7.1
- request:
    body: null
    headers:
      Accept:
      - application/json
      User-Agent:
      - azsdk-python-keyvault-keys/4.3.2 Python/3.5.3 (Windows-10-10.0.19041-SP0)
    method: GET
    uri: https://vaultname.vault.azure.net/deletedkeys/livekvtestkey192670ac9?api-version=7.1
  response:
    body:
      string: '{"error":{"code":"KeyNotFound","message":"Deleted Key not found: livekvtestkey192670ac9"}}'
    headers:
      cache-control: no-cache
      content-length: '90'
      content-type: application/json; charset=utf-8
      date: Fri, 05 Feb 2021 09:45:23 GMT
      expires: '-1'
      pragma: no-cache
      strict-transport-security: max-age=31536000;includeSubDomains
      x-content-type-options: nosniff
      x-ms-keyvault-network-info: conn_type=Ipv4;addr=174.127.232.53;act_addr_fam=InterNetwork;
      x-ms-keyvault-region: northeurope
      x-ms-keyvault-service-version: 1.2.139.0
      x-powered-by: ASP.NET
    status:
      code: 404
      message: Not Found
    url: https://mcpatinotest.vault.azure.net/deletedkeys/livekvtestkey192670ac9?api-version=7.1
- request:
    body: null
    headers:
      Accept:
      - application/json
      User-Agent:
      - azsdk-python-keyvault-keys/4.3.2 Python/3.5.3 (Windows-10-10.0.19041-SP0)
    method: GET
    uri: https://vaultname.vault.azure.net/deletedkeys/livekvtestkey192670ac9?api-version=7.1
  response:
    body:
      string: '{"recoveryId":"https://vaultname.vault.azure.net/deletedkeys/livekvtestkey192670ac9","deletedDate":1612518323,"scheduledPurgeDate":1620294323,"key":{"kid":"https://vaultname.vault.azure.net/keys/livekvtestkey192670ac9/8798800a01c54e9587f83b9d795f5e6d","kty":"RSA","key_ops":["encrypt","decrypt","sign","verify","wrapKey","unwrapKey"],"n":"vZuL-LJsa2xz3r90bfbYo0x5QwO9gYd4RA7PqXwXPjZGIwr7cFO2bJwwsO94PJjEAPRffcExD7PRy1wQb0asz13mJI20MCZiiFEGTqJXJBmKgJGE32JuBri2LUgK9L74hqbhR49TPhKsc1s-r2kDjTJ2p8Efi-ebSBg9A6zj7XAhFmqTSEh9wkL78mcIk4mpzlAu7ihRUwubbWRLPEqTGbOqeTt4R5jCveRwdTXyWi20NqnwwFFst7TvkhIrAgaCDIqDiTpVJN3IzQ3hFVa0DQ0t5sOlSdHffM8vVcOcIvKY9Z8a-X1PiY5RI5bb3GBB-CRjm1wTPOTP40Atl2Y0cQ","e":"AQAB"},"attributes":{"enabled":true,"created":1612518318,"updated":1612518318,"recoveryLevel":"Recoverable+Purgeable","recoverableDays":90}}'
    headers:
      cache-control: no-cache
      content-length: '834'
      content-type: application/json; charset=utf-8
      date: Fri, 05 Feb 2021 09:45:26 GMT
      expires: '-1'
      pragma: no-cache
      strict-transport-security: max-age=31536000;includeSubDomains
      x-content-type-options: nosniff
      x-ms-keyvault-network-info: conn_type=Ipv4;addr=174.127.232.53;act_addr_fam=InterNetwork;
      x-ms-keyvault-region: northeurope
      x-ms-keyvault-service-version: 1.2.139.0
      x-powered-by: ASP.NET
    status:
      code: 200
      message: OK
    url: https://mcpatinotest.vault.azure.net/deletedkeys/livekvtestkey192670ac9?api-version=7.1
- request:
    body: null
    headers:
      Accept:
      - application/json
      User-Agent:
      - azsdk-python-keyvault-keys/4.3.2 Python/3.5.3 (Windows-10-10.0.19041-SP0)
    method: DELETE
    uri: https://vaultname.vault.azure.net/keys/livekvtestkey292670ac9?api-version=7.1
  response:
    body:
      string: '{"recoveryId":"https://vaultname.vault.azure.net/deletedkeys/livekvtestkey292670ac9","deletedDate":1612518326,"scheduledPurgeDate":1620294326,"key":{"kid":"https://vaultname.vault.azure.net/keys/livekvtestkey292670ac9/569d2675dbe8467ab6c71dff72dbc074","kty":"RSA","key_ops":["encrypt","decrypt","sign","verify","wrapKey","unwrapKey"],"n":"uOpO471ZNWByYmNB9Murj0HIkHoJTIG--TI5ZaqHLAuEtsfasF57Q24732ZExFgJJjWv7Qp-3JQCSl9DK35wlzGnjrh_k6ciScEOpPaerGkEZ652r7vNaMP2z8z-WMNlN5FuKRtLebjQU5TYTb7TlcvYOKvPd2QnBTtwE-FgTw1cXhM99pw9OnJ-SAO_7-CrpOhneKAIM843HQiEcVqeZEK5xsJ_13D5vlo9uRu5as-8fqdvDjJInYK9zrLQVdOOvdRtCm8y908CDM7nc35vY7nBzgObaNhLOMvmU1eJ8NTrtCaATkHIewnykdvYPY5R9_Yb3gGM88gZEKQfNxawPQ","e":"AQAB"},"attributes":{"enabled":true,"created":1612518319,"updated":1612518319,"recoveryLevel":"Recoverable+Purgeable","recoverableDays":90}}'
    headers:
      cache-control: no-cache
      content-length: '834'
      content-type: application/json; charset=utf-8
      date: Fri, 05 Feb 2021 09:45:26 GMT
      expires: '-1'
      pragma: no-cache
      strict-transport-security: max-age=31536000;includeSubDomains
      x-content-type-options: nosniff
      x-ms-keyvault-network-info: conn_type=Ipv4;addr=174.127.232.53;act_addr_fam=InterNetwork;
      x-ms-keyvault-region: northeurope
      x-ms-keyvault-service-version: 1.2.139.0
      x-powered-by: ASP.NET
    status:
      code: 200
      message: OK
    url: https://mcpatinotest.vault.azure.net/keys/livekvtestkey292670ac9?api-version=7.1
- request:
    body: null
    headers:
      Accept:
      - application/json
      User-Agent:
      - azsdk-python-keyvault-keys/4.3.2 Python/3.5.3 (Windows-10-10.0.19041-SP0)
    method: GET
    uri: https://vaultname.vault.azure.net/deletedkeys/livekvtestkey292670ac9?api-version=7.1
  response:
    body:
      string: '{"error":{"code":"KeyNotFound","message":"Deleted Key not found: livekvtestkey292670ac9"}}'
    headers:
      cache-control: no-cache
      content-length: '90'
      content-type: application/json; charset=utf-8
      date: Fri, 05 Feb 2021 09:45:26 GMT
      expires: '-1'
      pragma: no-cache
      strict-transport-security: max-age=31536000;includeSubDomains
      x-content-type-options: nosniff
      x-ms-keyvault-network-info: conn_type=Ipv4;addr=174.127.232.53;act_addr_fam=InterNetwork;
      x-ms-keyvault-region: northeurope
      x-ms-keyvault-service-version: 1.2.139.0
      x-powered-by: ASP.NET
    status:
      code: 404
      message: Not Found
    url: https://mcpatinotest.vault.azure.net/deletedkeys/livekvtestkey292670ac9?api-version=7.1
- request:
    body: null
    headers:
      Accept:
      - application/json
      User-Agent:
      - azsdk-python-keyvault-keys/4.3.2 Python/3.5.3 (Windows-10-10.0.19041-SP0)
    method: GET
    uri: https://vaultname.vault.azure.net/deletedkeys/livekvtestkey292670ac9?api-version=7.1
  response:
    body:
      string: '{"recoveryId":"https://vaultname.vault.azure.net/deletedkeys/livekvtestkey292670ac9","deletedDate":1612518326,"scheduledPurgeDate":1620294326,"key":{"kid":"https://vaultname.vault.azure.net/keys/livekvtestkey292670ac9/569d2675dbe8467ab6c71dff72dbc074","kty":"RSA","key_ops":["encrypt","decrypt","sign","verify","wrapKey","unwrapKey"],"n":"uOpO471ZNWByYmNB9Murj0HIkHoJTIG--TI5ZaqHLAuEtsfasF57Q24732ZExFgJJjWv7Qp-3JQCSl9DK35wlzGnjrh_k6ciScEOpPaerGkEZ652r7vNaMP2z8z-WMNlN5FuKRtLebjQU5TYTb7TlcvYOKvPd2QnBTtwE-FgTw1cXhM99pw9OnJ-SAO_7-CrpOhneKAIM843HQiEcVqeZEK5xsJ_13D5vlo9uRu5as-8fqdvDjJInYK9zrLQVdOOvdRtCm8y908CDM7nc35vY7nBzgObaNhLOMvmU1eJ8NTrtCaATkHIewnykdvYPY5R9_Yb3gGM88gZEKQfNxawPQ","e":"AQAB"},"attributes":{"enabled":true,"created":1612518319,"updated":1612518319,"recoveryLevel":"Recoverable+Purgeable","recoverableDays":90}}'
    headers:
      cache-control: no-cache
      content-length: '834'
      content-type: application/json; charset=utf-8
      date: Fri, 05 Feb 2021 09:45:28 GMT
      expires: '-1'
      pragma: no-cache
      strict-transport-security: max-age=31536000;includeSubDomains
      x-content-type-options: nosniff
      x-ms-keyvault-network-info: conn_type=Ipv4;addr=174.127.232.53;act_addr_fam=InterNetwork;
      x-ms-keyvault-region: northeurope
      x-ms-keyvault-service-version: 1.2.139.0
      x-powered-by: ASP.NET
    status:
      code: 200
      message: OK
    url: https://mcpatinotest.vault.azure.net/deletedkeys/livekvtestkey292670ac9?api-version=7.1
- request:
    body: null
    headers:
      Accept:
      - application/json
      User-Agent:
      - azsdk-python-keyvault-keys/4.3.2 Python/3.5.3 (Windows-10-10.0.19041-SP0)
    method: DELETE
    uri: https://vaultname.vault.azure.net/keys/livekvtestkey392670ac9?api-version=7.1
  response:
    body:
      string: '{"recoveryId":"https://vaultname.vault.azure.net/deletedkeys/livekvtestkey392670ac9","deletedDate":1612518329,"scheduledPurgeDate":1620294329,"key":{"kid":"https://vaultname.vault.azure.net/keys/livekvtestkey392670ac9/c9cd378b760f4d7fb170a880bcad0c46","kty":"RSA","key_ops":["encrypt","decrypt","sign","verify","wrapKey","unwrapKey"],"n":"oWgHGaJDOnjuhgOofMVl4kE4_gk4bT9YrSHF_0EjPTf9mYZGPuO56SxeUd0qCjVrStL_Hn02btcDnVO3CvtGLsEU2lCME55bUzezjD1uU4wiq3unmlPM0pm_aObqd7UJ6qMN419JqwufhSQ5LtilCly46BWdJGKCqCE7gdbq9kmbZ2ukrHWmVwUHsm4LIydG9E-GZrCApM__xYWpSPKtIghBpDdhyfOhHwL6NlWXD7pzc2lh5fG6vmvY5fRKaNIGZVMQQkix1ZvZW-YNWrf95yQw6ybT7MaorxiU10HX4hfL8VvC1j0e__xU8up9ejY1GLzxZX0AP6SbyLTLE2MLpQ","e":"AQAB"},"attributes":{"enabled":true,"created":1612518319,"updated":1612518319,"recoveryLevel":"Recoverable+Purgeable","recoverableDays":90}}'
    headers:
      cache-control: no-cache
      content-length: '834'
      content-type: application/json; charset=utf-8
      date: Fri, 05 Feb 2021 09:45:28 GMT
      expires: '-1'
      pragma: no-cache
      strict-transport-security: max-age=31536000;includeSubDomains
      x-content-type-options: nosniff
      x-ms-keyvault-network-info: conn_type=Ipv4;addr=174.127.232.53;act_addr_fam=InterNetwork;
      x-ms-keyvault-region: northeurope
      x-ms-keyvault-service-version: 1.2.139.0
      x-powered-by: ASP.NET
    status:
      code: 200
      message: OK
    url: https://mcpatinotest.vault.azure.net/keys/livekvtestkey392670ac9?api-version=7.1
- request:
    body: null
    headers:
      Accept:
      - application/json
      User-Agent:
      - azsdk-python-keyvault-keys/4.3.2 Python/3.5.3 (Windows-10-10.0.19041-SP0)
    method: GET
    uri: https://vaultname.vault.azure.net/deletedkeys/livekvtestkey392670ac9?api-version=7.1
  response:
    body:
      string: '{"error":{"code":"KeyNotFound","message":"Deleted Key not found: livekvtestkey392670ac9"}}'
    headers:
      cache-control: no-cache
      content-length: '90'
      content-type: application/json; charset=utf-8
      date: Fri, 05 Feb 2021 09:45:28 GMT
      expires: '-1'
      pragma: no-cache
      strict-transport-security: max-age=31536000;includeSubDomains
      x-content-type-options: nosniff
      x-ms-keyvault-network-info: conn_type=Ipv4;addr=174.127.232.53;act_addr_fam=InterNetwork;
      x-ms-keyvault-region: northeurope
      x-ms-keyvault-service-version: 1.2.139.0
      x-powered-by: ASP.NET
    status:
      code: 404
      message: Not Found
    url: https://mcpatinotest.vault.azure.net/deletedkeys/livekvtestkey392670ac9?api-version=7.1
- request:
    body: null
    headers:
      Accept:
      - application/json
      User-Agent:
      - azsdk-python-keyvault-keys/4.3.2 Python/3.5.3 (Windows-10-10.0.19041-SP0)
    method: GET
    uri: https://vaultname.vault.azure.net/deletedkeys/livekvtestkey392670ac9?api-version=7.1
  response:
    body:
      string: '{"recoveryId":"https://vaultname.vault.azure.net/deletedkeys/livekvtestkey392670ac9","deletedDate":1612518329,"scheduledPurgeDate":1620294329,"key":{"kid":"https://vaultname.vault.azure.net/keys/livekvtestkey392670ac9/c9cd378b760f4d7fb170a880bcad0c46","kty":"RSA","key_ops":["encrypt","decrypt","sign","verify","wrapKey","unwrapKey"],"n":"oWgHGaJDOnjuhgOofMVl4kE4_gk4bT9YrSHF_0EjPTf9mYZGPuO56SxeUd0qCjVrStL_Hn02btcDnVO3CvtGLsEU2lCME55bUzezjD1uU4wiq3unmlPM0pm_aObqd7UJ6qMN419JqwufhSQ5LtilCly46BWdJGKCqCE7gdbq9kmbZ2ukrHWmVwUHsm4LIydG9E-GZrCApM__xYWpSPKtIghBpDdhyfOhHwL6NlWXD7pzc2lh5fG6vmvY5fRKaNIGZVMQQkix1ZvZW-YNWrf95yQw6ybT7MaorxiU10HX4hfL8VvC1j0e__xU8up9ejY1GLzxZX0AP6SbyLTLE2MLpQ","e":"AQAB"},"attributes":{"enabled":true,"created":1612518319,"updated":1612518319,"recoveryLevel":"Recoverable+Purgeable","recoverableDays":90}}'
    headers:
      cache-control: no-cache
      content-length: '834'
      content-type: application/json; charset=utf-8
      date: Fri, 05 Feb 2021 09:45:31 GMT
      expires: '-1'
      pragma: no-cache
      strict-transport-security: max-age=31536000;includeSubDomains
      x-content-type-options: nosniff
      x-ms-keyvault-network-info: conn_type=Ipv4;addr=174.127.232.53;act_addr_fam=InterNetwork;
      x-ms-keyvault-region: northeurope
      x-ms-keyvault-service-version: 1.2.139.0
      x-powered-by: ASP.NET
    status:
      code: 200
      message: OK
    url: https://mcpatinotest.vault.azure.net/deletedkeys/livekvtestkey392670ac9?api-version=7.1
- request:
    body: null
    headers:
      Accept:
      - application/json
      User-Agent:
      - azsdk-python-keyvault-keys/4.3.2 Python/3.5.3 (Windows-10-10.0.19041-SP0)
    method: DELETE
    uri: https://vaultname.vault.azure.net/keys/livekvtestkey492670ac9?api-version=7.1
  response:
    body:
      string: '{"recoveryId":"https://vaultname.vault.azure.net/deletedkeys/livekvtestkey492670ac9","deletedDate":1612518331,"scheduledPurgeDate":1620294331,"key":{"kid":"https://vaultname.vault.azure.net/keys/livekvtestkey492670ac9/cb88444e65bc464e957c6a8c4a780632","kty":"RSA","key_ops":["encrypt","decrypt","sign","verify","wrapKey","unwrapKey"],"n":"xEpOhCDwQE_RenrTfSRCoILDmIPp2QVcCvj6xgrqKqPme8LVZkpf3fz4jKQXZU3BVYxDRvXOAW4iyj2e6bomU7p7_tB6hIZH2nLI-VDwvD6CCbKQcXcWNH9ky03vT9wyYwiYvXGlF3dmohE5EWsfBH7eY5lP_WUZ09zrj6_LeHE0S0OKNUugN4wsqAmeCEDn5qxJbpzhH4bjl3DYX_UJETSsvkpDq8p7WJgsEV1dOdfiXqtKD8n-yb7VMi2dsDNMdznD3sD6TPwQuQpTEjgLFFZsAtv_9mC95yXRrmNmeNBCaydm4lCjZBN1o4ASYy2ZM5KZtKXyz9gSphYBzxBJxQ","e":"AQAB"},"attributes":{"enabled":true,"created":1612518320,"updated":1612518320,"recoveryLevel":"Recoverable+Purgeable","recoverableDays":90}}'
    headers:
      cache-control: no-cache
      content-length: '834'
      content-type: application/json; charset=utf-8
      date: Fri, 05 Feb 2021 09:45:31 GMT
      expires: '-1'
      pragma: no-cache
      strict-transport-security: max-age=31536000;includeSubDomains
      x-content-type-options: nosniff
      x-ms-keyvault-network-info: conn_type=Ipv4;addr=174.127.232.53;act_addr_fam=InterNetwork;
      x-ms-keyvault-region: northeurope
      x-ms-keyvault-service-version: 1.2.139.0
      x-powered-by: ASP.NET
    status:
      code: 200
      message: OK
    url: https://mcpatinotest.vault.azure.net/keys/livekvtestkey492670ac9?api-version=7.1
- request:
    body: null
    headers:
      Accept:
      - application/json
      User-Agent:
      - azsdk-python-keyvault-keys/4.3.2 Python/3.5.3 (Windows-10-10.0.19041-SP0)
    method: GET
    uri: https://vaultname.vault.azure.net/deletedkeys/livekvtestkey492670ac9?api-version=7.1
  response:
    body:
      string: '{"error":{"code":"KeyNotFound","message":"Deleted Key not found: livekvtestkey492670ac9"}}'
    headers:
      cache-control: no-cache
      content-length: '90'
      content-type: application/json; charset=utf-8
      date: Fri, 05 Feb 2021 09:45:31 GMT
      expires: '-1'
      pragma: no-cache
      strict-transport-security: max-age=31536000;includeSubDomains
      x-content-type-options: nosniff
      x-ms-keyvault-network-info: conn_type=Ipv4;addr=174.127.232.53;act_addr_fam=InterNetwork;
      x-ms-keyvault-region: northeurope
      x-ms-keyvault-service-version: 1.2.139.0
      x-powered-by: ASP.NET
    status:
      code: 404
      message: Not Found
    url: https://mcpatinotest.vault.azure.net/deletedkeys/livekvtestkey492670ac9?api-version=7.1
- request:
    body: null
    headers:
      Accept:
      - application/json
      User-Agent:
      - azsdk-python-keyvault-keys/4.3.2 Python/3.5.3 (Windows-10-10.0.19041-SP0)
    method: GET
    uri: https://vaultname.vault.azure.net/deletedkeys/livekvtestkey492670ac9?api-version=7.1
  response:
    body:
      string: '{"recoveryId":"https://vaultname.vault.azure.net/deletedkeys/livekvtestkey492670ac9","deletedDate":1612518331,"scheduledPurgeDate":1620294331,"key":{"kid":"https://vaultname.vault.azure.net/keys/livekvtestkey492670ac9/cb88444e65bc464e957c6a8c4a780632","kty":"RSA","key_ops":["encrypt","decrypt","sign","verify","wrapKey","unwrapKey"],"n":"xEpOhCDwQE_RenrTfSRCoILDmIPp2QVcCvj6xgrqKqPme8LVZkpf3fz4jKQXZU3BVYxDRvXOAW4iyj2e6bomU7p7_tB6hIZH2nLI-VDwvD6CCbKQcXcWNH9ky03vT9wyYwiYvXGlF3dmohE5EWsfBH7eY5lP_WUZ09zrj6_LeHE0S0OKNUugN4wsqAmeCEDn5qxJbpzhH4bjl3DYX_UJETSsvkpDq8p7WJgsEV1dOdfiXqtKD8n-yb7VMi2dsDNMdznD3sD6TPwQuQpTEjgLFFZsAtv_9mC95yXRrmNmeNBCaydm4lCjZBN1o4ASYy2ZM5KZtKXyz9gSphYBzxBJxQ","e":"AQAB"},"attributes":{"enabled":true,"created":1612518320,"updated":1612518320,"recoveryLevel":"Recoverable+Purgeable","recoverableDays":90}}'
    headers:
      cache-control: no-cache
      content-length: '834'
      content-type: application/json; charset=utf-8
      date: Fri, 05 Feb 2021 09:45:33 GMT
      expires: '-1'
      pragma: no-cache
      strict-transport-security: max-age=31536000;includeSubDomains
      x-content-type-options: nosniff
      x-ms-keyvault-network-info: conn_type=Ipv4;addr=174.127.232.53;act_addr_fam=InterNetwork;
      x-ms-keyvault-region: northeurope
      x-ms-keyvault-service-version: 1.2.139.0
      x-powered-by: ASP.NET
    status:
      code: 200
      message: OK
    url: https://mcpatinotest.vault.azure.net/deletedkeys/livekvtestkey492670ac9?api-version=7.1
- request:
    body: null
    headers:
      Accept:
      - application/json
      User-Agent:
      - azsdk-python-keyvault-keys/4.3.2 Python/3.5.3 (Windows-10-10.0.19041-SP0)
    method: DELETE
    uri: https://vaultname.vault.azure.net/keys/livekvtestkey592670ac9?api-version=7.1
  response:
    body:
      string: '{"recoveryId":"https://vaultname.vault.azure.net/deletedkeys/livekvtestkey592670ac9","deletedDate":1612518334,"scheduledPurgeDate":1620294334,"key":{"kid":"https://vaultname.vault.azure.net/keys/livekvtestkey592670ac9/942ec9dfd088480cbb26b396ecc71fd7","kty":"RSA","key_ops":["encrypt","decrypt","sign","verify","wrapKey","unwrapKey"],"n":"vyqTCeQwr6tJnXHl_aJfGoAYuxfE9MdpIlel0Jj3f2oiWfN9gfeBqBZlLI8bH3G8lY080XiwLqTCZQpRkWtdXV-iSdq_bZxZThLW_X1kIfbUoUnh2rwLynsfif6XJVVRSlBH2UIPtRtCmkROG6Lhyjy6SOXK6wMRoSSEpaH6pt__d30RlCAsoKNMfkrNwNyAwWj646NgH_Vq8ZT52GfxecTTVG_ZFGHJC3yflJtdein5Kmk8AFaYbretn8LAcdeFnywyo9rPPrJhBkosc_vblg1TnYh4dNbwgp3PasQiD1Ae3IJ0pFu0BldDU9Np8a5OZDaeiP0zdhh97ygQ1ajy1Q","e":"AQAB"},"attributes":{"enabled":true,"created":1612518320,"updated":1612518320,"recoveryLevel":"Recoverable+Purgeable","recoverableDays":90}}'
    headers:
      cache-control: no-cache
      content-length: '834'
      content-type: application/json; charset=utf-8
      date: Fri, 05 Feb 2021 09:45:33 GMT
      expires: '-1'
      pragma: no-cache
      strict-transport-security: max-age=31536000;includeSubDomains
      x-content-type-options: nosniff
      x-ms-keyvault-network-info: conn_type=Ipv4;addr=174.127.232.53;act_addr_fam=InterNetwork;
      x-ms-keyvault-region: northeurope
      x-ms-keyvault-service-version: 1.2.139.0
      x-powered-by: ASP.NET
    status:
      code: 200
      message: OK
    url: https://mcpatinotest.vault.azure.net/keys/livekvtestkey592670ac9?api-version=7.1
- request:
    body: null
    headers:
      Accept:
      - application/json
      User-Agent:
      - azsdk-python-keyvault-keys/4.3.2 Python/3.5.3 (Windows-10-10.0.19041-SP0)
    method: GET
    uri: https://vaultname.vault.azure.net/deletedkeys/livekvtestkey592670ac9?api-version=7.1
  response:
    body:
      string: '{"error":{"code":"KeyNotFound","message":"Deleted Key not found: livekvtestkey592670ac9"}}'
    headers:
      cache-control: no-cache
      content-length: '90'
      content-type: application/json; charset=utf-8
      date: Fri, 05 Feb 2021 09:45:34 GMT
      expires: '-1'
      pragma: no-cache
      strict-transport-security: max-age=31536000;includeSubDomains
      x-content-type-options: nosniff
      x-ms-keyvault-network-info: conn_type=Ipv4;addr=174.127.232.53;act_addr_fam=InterNetwork;
      x-ms-keyvault-region: northeurope
      x-ms-keyvault-service-version: 1.2.139.0
      x-powered-by: ASP.NET
    status:
      code: 404
      message: Not Found
    url: https://mcpatinotest.vault.azure.net/deletedkeys/livekvtestkey592670ac9?api-version=7.1
- request:
    body: null
    headers:
      Accept:
      - application/json
      User-Agent:
      - azsdk-python-keyvault-keys/4.3.2 Python/3.5.3 (Windows-10-10.0.19041-SP0)
    method: GET
    uri: https://vaultname.vault.azure.net/deletedkeys/livekvtestkey592670ac9?api-version=7.1
  response:
    body:
      string: '{"recoveryId":"https://vaultname.vault.azure.net/deletedkeys/livekvtestkey592670ac9","deletedDate":1612518334,"scheduledPurgeDate":1620294334,"key":{"kid":"https://vaultname.vault.azure.net/keys/livekvtestkey592670ac9/942ec9dfd088480cbb26b396ecc71fd7","kty":"RSA","key_ops":["encrypt","decrypt","sign","verify","wrapKey","unwrapKey"],"n":"vyqTCeQwr6tJnXHl_aJfGoAYuxfE9MdpIlel0Jj3f2oiWfN9gfeBqBZlLI8bH3G8lY080XiwLqTCZQpRkWtdXV-iSdq_bZxZThLW_X1kIfbUoUnh2rwLynsfif6XJVVRSlBH2UIPtRtCmkROG6Lhyjy6SOXK6wMRoSSEpaH6pt__d30RlCAsoKNMfkrNwNyAwWj646NgH_Vq8ZT52GfxecTTVG_ZFGHJC3yflJtdein5Kmk8AFaYbretn8LAcdeFnywyo9rPPrJhBkosc_vblg1TnYh4dNbwgp3PasQiD1Ae3IJ0pFu0BldDU9Np8a5OZDaeiP0zdhh97ygQ1ajy1Q","e":"AQAB"},"attributes":{"enabled":true,"created":1612518320,"updated":1612518320,"recoveryLevel":"Recoverable+Purgeable","recoverableDays":90}}'
    headers:
      cache-control: no-cache
      content-length: '834'
      content-type: application/json; charset=utf-8
      date: Fri, 05 Feb 2021 09:45:36 GMT
      expires: '-1'
      pragma: no-cache
      strict-transport-security: max-age=31536000;includeSubDomains
      x-content-type-options: nosniff
      x-ms-keyvault-network-info: conn_type=Ipv4;addr=174.127.232.53;act_addr_fam=InterNetwork;
      x-ms-keyvault-region: northeurope
      x-ms-keyvault-service-version: 1.2.139.0
      x-powered-by: ASP.NET
    status:
      code: 200
      message: OK
    url: https://mcpatinotest.vault.azure.net/deletedkeys/livekvtestkey592670ac9?api-version=7.1
- request:
    body: null
    headers:
      Accept:
      - application/json
      User-Agent:
      - azsdk-python-keyvault-keys/4.3.2 Python/3.5.3 (Windows-10-10.0.19041-SP0)
    method: DELETE
    uri: https://vaultname.vault.azure.net/keys/livekvtestkey692670ac9?api-version=7.1
  response:
    body:
      string: '{"recoveryId":"https://vaultname.vault.azure.net/deletedkeys/livekvtestkey692670ac9","deletedDate":1612518336,"scheduledPurgeDate":1620294336,"key":{"kid":"https://vaultname.vault.azure.net/keys/livekvtestkey692670ac9/1e8da8521f474d12aa5bb55510208781","kty":"RSA","key_ops":["encrypt","decrypt","sign","verify","wrapKey","unwrapKey"],"n":"xWJ8_9TcKEixHPQbf1OfhWkhUUkj6uOYtUiR2LwiIUFyhbSXFRPQKBO29FsjB0oF4BHpp1XK1uJ3IVVa3jJd8hosh0-ywr8RfaZh73aGsU7cpJ62LJ07EPVemlVRYlDnEw18egZTyrQreYSpAQvPR-DosSrJbv0rFlBpXgD-bPc87QIdJ8hA5DNwB22kydtMc4VH1ABPB5DCAP7H6JxrlVgXRpR0FECUD3QEc7yGgM9hd5NPBiishZIwnU0j48opikhy_UIoH1YGJ1hrxn0T1x_rmYd5SkMUC94C6AFJXRCpMmZJA3MFOOWKTch3Qz6k-EvWlPyoCaR73A2pFd3SbQ","e":"AQAB"},"attributes":{"enabled":true,"created":1612518320,"updated":1612518320,"recoveryLevel":"Recoverable+Purgeable","recoverableDays":90}}'
    headers:
      cache-control: no-cache
      content-length: '834'
      content-type: application/json; charset=utf-8
      date: Fri, 05 Feb 2021 09:45:36 GMT
      expires: '-1'
      pragma: no-cache
      strict-transport-security: max-age=31536000;includeSubDomains
      x-content-type-options: nosniff
      x-ms-keyvault-network-info: conn_type=Ipv4;addr=174.127.232.53;act_addr_fam=InterNetwork;
      x-ms-keyvault-region: northeurope
      x-ms-keyvault-service-version: 1.2.139.0
      x-powered-by: ASP.NET
    status:
      code: 200
      message: OK
    url: https://mcpatinotest.vault.azure.net/keys/livekvtestkey692670ac9?api-version=7.1
- request:
    body: null
    headers:
      Accept:
      - application/json
      User-Agent:
      - azsdk-python-keyvault-keys/4.3.2 Python/3.5.3 (Windows-10-10.0.19041-SP0)
    method: GET
    uri: https://vaultname.vault.azure.net/deletedkeys/livekvtestkey692670ac9?api-version=7.1
  response:
    body:
      string: '{"error":{"code":"KeyNotFound","message":"Deleted Key not found: livekvtestkey692670ac9"}}'
    headers:
      cache-control: no-cache
      content-length: '90'
      content-type: application/json; charset=utf-8
      date: Fri, 05 Feb 2021 09:45:36 GMT
      expires: '-1'
      pragma: no-cache
      strict-transport-security: max-age=31536000;includeSubDomains
      x-content-type-options: nosniff
      x-ms-keyvault-network-info: conn_type=Ipv4;addr=174.127.232.53;act_addr_fam=InterNetwork;
      x-ms-keyvault-region: northeurope
      x-ms-keyvault-service-version: 1.2.139.0
      x-powered-by: ASP.NET
    status:
      code: 404
      message: Not Found
    url: https://mcpatinotest.vault.azure.net/deletedkeys/livekvtestkey692670ac9?api-version=7.1
- request:
    body: null
    headers:
      Accept:
      - application/json
      User-Agent:
      - azsdk-python-keyvault-keys/4.3.2 Python/3.5.3 (Windows-10-10.0.19041-SP0)
    method: GET
    uri: https://vaultname.vault.azure.net/deletedkeys/livekvtestkey692670ac9?api-version=7.1
  response:
    body:
      string: '{"recoveryId":"https://vaultname.vault.azure.net/deletedkeys/livekvtestkey692670ac9","deletedDate":1612518336,"scheduledPurgeDate":1620294336,"key":{"kid":"https://vaultname.vault.azure.net/keys/livekvtestkey692670ac9/1e8da8521f474d12aa5bb55510208781","kty":"RSA","key_ops":["encrypt","decrypt","sign","verify","wrapKey","unwrapKey"],"n":"xWJ8_9TcKEixHPQbf1OfhWkhUUkj6uOYtUiR2LwiIUFyhbSXFRPQKBO29FsjB0oF4BHpp1XK1uJ3IVVa3jJd8hosh0-ywr8RfaZh73aGsU7cpJ62LJ07EPVemlVRYlDnEw18egZTyrQreYSpAQvPR-DosSrJbv0rFlBpXgD-bPc87QIdJ8hA5DNwB22kydtMc4VH1ABPB5DCAP7H6JxrlVgXRpR0FECUD3QEc7yGgM9hd5NPBiishZIwnU0j48opikhy_UIoH1YGJ1hrxn0T1x_rmYd5SkMUC94C6AFJXRCpMmZJA3MFOOWKTch3Qz6k-EvWlPyoCaR73A2pFd3SbQ","e":"AQAB"},"attributes":{"enabled":true,"created":1612518320,"updated":1612518320,"recoveryLevel":"Recoverable+Purgeable","recoverableDays":90}}'
    headers:
      cache-control: no-cache
      content-length: '834'
      content-type: application/json; charset=utf-8
      date: Fri, 05 Feb 2021 09:45:38 GMT
      expires: '-1'
      pragma: no-cache
      strict-transport-security: max-age=31536000;includeSubDomains
      x-content-type-options: nosniff
      x-ms-keyvault-network-info: conn_type=Ipv4;addr=174.127.232.53;act_addr_fam=InterNetwork;
      x-ms-keyvault-region: northeurope
      x-ms-keyvault-service-version: 1.2.139.0
      x-powered-by: ASP.NET
    status:
      code: 200
      message: OK
    url: https://mcpatinotest.vault.azure.net/deletedkeys/livekvtestkey692670ac9?api-version=7.1
- request:
    body: null
    headers:
      User-Agent:
      - azsdk-python-keyvault-keys/4.3.2 Python/3.5.3 (Windows-10-10.0.19041-SP0)
    method: DELETE
    uri: https://vaultname.vault.azure.net/deletedkeys/livekvtestkey092670ac9?api-version=7.1
  response:
    body:
      string: ''
    headers:
      cache-control: no-cache
      date: Fri, 05 Feb 2021 09:45:38 GMT
      expires: '-1'
      pragma: no-cache
      strict-transport-security: max-age=31536000;includeSubDomains
      x-content-type-options: nosniff
      x-ms-keyvault-network-info: conn_type=Ipv4;addr=174.127.232.53;act_addr_fam=InterNetwork;
      x-ms-keyvault-region: northeurope
      x-ms-keyvault-service-version: 1.2.139.0
      x-powered-by: ASP.NET
    status:
      code: 204
      message: No Content
    url: https://mcpatinotest.vault.azure.net/deletedkeys/livekvtestkey092670ac9?api-version=7.1
- request:
    body: null
    headers:
      User-Agent:
      - azsdk-python-keyvault-keys/4.3.2 Python/3.5.3 (Windows-10-10.0.19041-SP0)
    method: DELETE
    uri: https://vaultname.vault.azure.net/deletedkeys/livekvtestkey192670ac9?api-version=7.1
  response:
    body:
      string: ''
    headers:
      cache-control: no-cache
      date: Fri, 05 Feb 2021 09:45:39 GMT
      expires: '-1'
      pragma: no-cache
      strict-transport-security: max-age=31536000;includeSubDomains
      x-content-type-options: nosniff
      x-ms-keyvault-network-info: conn_type=Ipv4;addr=174.127.232.53;act_addr_fam=InterNetwork;
      x-ms-keyvault-region: northeurope
      x-ms-keyvault-service-version: 1.2.139.0
      x-powered-by: ASP.NET
    status:
      code: 204
      message: No Content
    url: https://mcpatinotest.vault.azure.net/deletedkeys/livekvtestkey192670ac9?api-version=7.1
- request:
    body: null
    headers:
      User-Agent:
      - azsdk-python-keyvault-keys/4.3.2 Python/3.5.3 (Windows-10-10.0.19041-SP0)
    method: DELETE
    uri: https://vaultname.vault.azure.net/deletedkeys/livekvtestkey292670ac9?api-version=7.1
  response:
    body:
      string: ''
    headers:
      cache-control: no-cache
      date: Fri, 05 Feb 2021 09:45:40 GMT
      expires: '-1'
      pragma: no-cache
      strict-transport-security: max-age=31536000;includeSubDomains
      x-content-type-options: nosniff
      x-ms-keyvault-network-info: conn_type=Ipv4;addr=174.127.232.53;act_addr_fam=InterNetwork;
      x-ms-keyvault-region: northeurope
      x-ms-keyvault-service-version: 1.2.139.0
      x-powered-by: ASP.NET
    status:
      code: 204
      message: No Content
    url: https://mcpatinotest.vault.azure.net/deletedkeys/livekvtestkey292670ac9?api-version=7.1
- request:
    body: null
    headers:
      User-Agent:
      - azsdk-python-keyvault-keys/4.3.2 Python/3.5.3 (Windows-10-10.0.19041-SP0)
    method: DELETE
    uri: https://vaultname.vault.azure.net/deletedkeys/livekvtestkey392670ac9?api-version=7.1
  response:
    body:
      string: ''
    headers:
      cache-control: no-cache
      date: Fri, 05 Feb 2021 09:45:41 GMT
      expires: '-1'
      pragma: no-cache
      strict-transport-security: max-age=31536000;includeSubDomains
      x-content-type-options: nosniff
      x-ms-keyvault-network-info: conn_type=Ipv4;addr=174.127.232.53;act_addr_fam=InterNetwork;
      x-ms-keyvault-region: northeurope
      x-ms-keyvault-service-version: 1.2.139.0
      x-powered-by: ASP.NET
    status:
      code: 204
      message: No Content
    url: https://mcpatinotest.vault.azure.net/deletedkeys/livekvtestkey392670ac9?api-version=7.1
- request:
    body: null
    headers:
      User-Agent:
      - azsdk-python-keyvault-keys/4.3.2 Python/3.5.3 (Windows-10-10.0.19041-SP0)
    method: DELETE
    uri: https://vaultname.vault.azure.net/deletedkeys/livekvtestkey492670ac9?api-version=7.1
  response:
    body:
      string: ''
    headers:
      cache-control: no-cache
      date: Fri, 05 Feb 2021 09:45:42 GMT
      expires: '-1'
      pragma: no-cache
      strict-transport-security: max-age=31536000;includeSubDomains
      x-content-type-options: nosniff
      x-ms-keyvault-network-info: conn_type=Ipv4;addr=174.127.232.53;act_addr_fam=InterNetwork;
      x-ms-keyvault-region: northeurope
      x-ms-keyvault-service-version: 1.2.139.0
      x-powered-by: ASP.NET
    status:
      code: 204
      message: No Content
    url: https://mcpatinotest.vault.azure.net/deletedkeys/livekvtestkey492670ac9?api-version=7.1
- request:
    body: null
    headers:
      User-Agent:
      - azsdk-python-keyvault-keys/4.3.2 Python/3.5.3 (Windows-10-10.0.19041-SP0)
    method: DELETE
    uri: https://vaultname.vault.azure.net/deletedkeys/livekvtestkey592670ac9?api-version=7.1
  response:
    body:
      string: ''
    headers:
      cache-control: no-cache
      date: Fri, 05 Feb 2021 09:45:43 GMT
      expires: '-1'
      pragma: no-cache
      strict-transport-security: max-age=31536000;includeSubDomains
      x-content-type-options: nosniff
      x-ms-keyvault-network-info: conn_type=Ipv4;addr=174.127.232.53;act_addr_fam=InterNetwork;
      x-ms-keyvault-region: northeurope
      x-ms-keyvault-service-version: 1.2.139.0
      x-powered-by: ASP.NET
    status:
      code: 204
      message: No Content
    url: https://mcpatinotest.vault.azure.net/deletedkeys/livekvtestkey592670ac9?api-version=7.1
- request:
    body: null
    headers:
      User-Agent:
      - azsdk-python-keyvault-keys/4.3.2 Python/3.5.3 (Windows-10-10.0.19041-SP0)
    method: DELETE
    uri: https://vaultname.vault.azure.net/deletedkeys/livekvtestkey692670ac9?api-version=7.1
  response:
    body:
      string: ''
    headers:
      cache-control: no-cache
      date: Fri, 05 Feb 2021 09:45:44 GMT
      expires: '-1'
      pragma: no-cache
      strict-transport-security: max-age=31536000;includeSubDomains
      x-content-type-options: nosniff
      x-ms-keyvault-network-info: conn_type=Ipv4;addr=174.127.232.53;act_addr_fam=InterNetwork;
      x-ms-keyvault-region: northeurope
      x-ms-keyvault-service-version: 1.2.139.0
      x-powered-by: ASP.NET
    status:
      code: 204
      message: No Content
    url: https://mcpatinotest.vault.azure.net/deletedkeys/livekvtestkey692670ac9?api-version=7.1
- request:
    body: null
    headers:
      Accept:
      - application/json
      User-Agent:
      - azsdk-python-keyvault-keys/4.3.2 Python/3.5.3 (Windows-10-10.0.19041-SP0)
    method: GET
    uri: https://vaultname.vault.azure.net/deletedkeys/livekvtestkey092670ac9?api-version=7.1
  response:
    body:
      string: '{"error":{"code":"KeyNotFound","message":"A key with (name/id) livekvtestkey092670ac9
        was not found in this key vault. If you recently deleted this key you may
        be able to recover it using the correct recovery command. For help resolving
        this issue, please see https://go.microsoft.com/fwlink/?linkid=2125182"}}'
    headers:
      cache-control: no-cache
      content-length: '310'
      content-type: application/json; charset=utf-8
      date: Fri, 05 Feb 2021 09:45:44 GMT
      expires: '-1'
      pragma: no-cache
      strict-transport-security: max-age=31536000;includeSubDomains
      x-content-type-options: nosniff
      x-ms-keyvault-network-info: conn_type=Ipv4;addr=174.127.232.53;act_addr_fam=InterNetwork;
      x-ms-keyvault-region: northeurope
      x-ms-keyvault-service-version: 1.2.139.0
      x-powered-by: ASP.NET
    status:
      code: 404
      message: Not Found
    url: https://mcpatinotest.vault.azure.net/deletedkeys/livekvtestkey092670ac9?api-version=7.1
- request:
    body: null
    headers:
      Accept:
      - application/json
      User-Agent:
      - azsdk-python-keyvault-keys/4.3.2 Python/3.5.3 (Windows-10-10.0.19041-SP0)
    method: GET
    uri: https://vaultname.vault.azure.net/deletedkeys/livekvtestkey192670ac9?api-version=7.1
  response:
    body:
      string: '{"error":{"code":"KeyNotFound","message":"A key with (name/id) livekvtestkey192670ac9
        was not found in this key vault. If you recently deleted this key you may
        be able to recover it using the correct recovery command. For help resolving
        this issue, please see https://go.microsoft.com/fwlink/?linkid=2125182"}}'
    headers:
      cache-control: no-cache
      content-length: '310'
      content-type: application/json; charset=utf-8
      date: Fri, 05 Feb 2021 09:45:44 GMT
      expires: '-1'
      pragma: no-cache
      strict-transport-security: max-age=31536000;includeSubDomains
      x-content-type-options: nosniff
      x-ms-keyvault-network-info: conn_type=Ipv4;addr=174.127.232.53;act_addr_fam=InterNetwork;
      x-ms-keyvault-region: northeurope
      x-ms-keyvault-service-version: 1.2.139.0
      x-powered-by: ASP.NET
    status:
      code: 404
      message: Not Found
    url: https://mcpatinotest.vault.azure.net/deletedkeys/livekvtestkey192670ac9?api-version=7.1
- request:
    body: null
    headers:
      Accept:
      - application/json
      User-Agent:
      - azsdk-python-keyvault-keys/4.3.2 Python/3.5.3 (Windows-10-10.0.19041-SP0)
    method: GET
    uri: https://vaultname.vault.azure.net/deletedkeys/livekvtestkey292670ac9?api-version=7.1
  response:
    body:
      string: '{"error":{"code":"KeyNotFound","message":"A key with (name/id) livekvtestkey292670ac9
        was not found in this key vault. If you recently deleted this key you may
        be able to recover it using the correct recovery command. For help resolving
        this issue, please see https://go.microsoft.com/fwlink/?linkid=2125182"}}'
    headers:
      cache-control: no-cache
      content-length: '310'
      content-type: application/json; charset=utf-8
      date: Fri, 05 Feb 2021 09:45:45 GMT
      expires: '-1'
      pragma: no-cache
      strict-transport-security: max-age=31536000;includeSubDomains
      x-content-type-options: nosniff
      x-ms-keyvault-network-info: conn_type=Ipv4;addr=174.127.232.53;act_addr_fam=InterNetwork;
      x-ms-keyvault-region: northeurope
      x-ms-keyvault-service-version: 1.2.139.0
      x-powered-by: ASP.NET
    status:
      code: 404
      message: Not Found
    url: https://mcpatinotest.vault.azure.net/deletedkeys/livekvtestkey292670ac9?api-version=7.1
- request:
    body: null
    headers:
      Accept:
      - application/json
      User-Agent:
      - azsdk-python-keyvault-keys/4.3.2 Python/3.5.3 (Windows-10-10.0.19041-SP0)
    method: GET
    uri: https://vaultname.vault.azure.net/deletedkeys/livekvtestkey392670ac9?api-version=7.1
  response:
    body:
      string: '{"error":{"code":"KeyNotFound","message":"A key with (name/id) livekvtestkey392670ac9
        was not found in this key vault. If you recently deleted this key you may
        be able to recover it using the correct recovery command. For help resolving
        this issue, please see https://go.microsoft.com/fwlink/?linkid=2125182"}}'
    headers:
      cache-control: no-cache
      content-length: '310'
      content-type: application/json; charset=utf-8
      date: Fri, 05 Feb 2021 09:45:45 GMT
      expires: '-1'
      pragma: no-cache
      strict-transport-security: max-age=31536000;includeSubDomains
      x-content-type-options: nosniff
      x-ms-keyvault-network-info: conn_type=Ipv4;addr=174.127.232.53;act_addr_fam=InterNetwork;
      x-ms-keyvault-region: northeurope
      x-ms-keyvault-service-version: 1.2.139.0
      x-powered-by: ASP.NET
    status:
      code: 404
      message: Not Found
    url: https://mcpatinotest.vault.azure.net/deletedkeys/livekvtestkey392670ac9?api-version=7.1
- request:
    body: null
    headers:
      Accept:
      - application/json
      User-Agent:
      - azsdk-python-keyvault-keys/4.3.2 Python/3.5.3 (Windows-10-10.0.19041-SP0)
    method: GET
    uri: https://vaultname.vault.azure.net/deletedkeys/livekvtestkey492670ac9?api-version=7.1
  response:
    body:
      string: '{"error":{"code":"KeyNotFound","message":"A key with (name/id) livekvtestkey492670ac9
        was not found in this key vault. If you recently deleted this key you may
        be able to recover it using the correct recovery command. For help resolving
        this issue, please see https://go.microsoft.com/fwlink/?linkid=2125182"}}'
    headers:
      cache-control: no-cache
      content-length: '310'
      content-type: application/json; charset=utf-8
      date: Fri, 05 Feb 2021 09:45:45 GMT
      expires: '-1'
      pragma: no-cache
      strict-transport-security: max-age=31536000;includeSubDomains
      x-content-type-options: nosniff
      x-ms-keyvault-network-info: conn_type=Ipv4;addr=174.127.232.53;act_addr_fam=InterNetwork;
      x-ms-keyvault-region: northeurope
      x-ms-keyvault-service-version: 1.2.139.0
      x-powered-by: ASP.NET
    status:
      code: 404
      message: Not Found
    url: https://mcpatinotest.vault.azure.net/deletedkeys/livekvtestkey492670ac9?api-version=7.1
- request:
    body: null
    headers:
      Accept:
      - application/json
      User-Agent:
      - azsdk-python-keyvault-keys/4.3.2 Python/3.5.3 (Windows-10-10.0.19041-SP0)
    method: GET
    uri: https://vaultname.vault.azure.net/deletedkeys/livekvtestkey592670ac9?api-version=7.1
  response:
    body:
      string: '{"error":{"code":"KeyNotFound","message":"A key with (name/id) livekvtestkey592670ac9
        was not found in this key vault. If you recently deleted this key you may
        be able to recover it using the correct recovery command. For help resolving
        this issue, please see https://go.microsoft.com/fwlink/?linkid=2125182"}}'
    headers:
      cache-control: no-cache
      content-length: '310'
      content-type: application/json; charset=utf-8
      date: Fri, 05 Feb 2021 09:45:45 GMT
      expires: '-1'
      pragma: no-cache
      strict-transport-security: max-age=31536000;includeSubDomains
      x-content-type-options: nosniff
      x-ms-keyvault-network-info: conn_type=Ipv4;addr=174.127.232.53;act_addr_fam=InterNetwork;
      x-ms-keyvault-region: northeurope
      x-ms-keyvault-service-version: 1.2.139.0
      x-powered-by: ASP.NET
    status:
      code: 404
      message: Not Found
    url: https://mcpatinotest.vault.azure.net/deletedkeys/livekvtestkey592670ac9?api-version=7.1
- request:
    body: null
    headers:
      Accept:
      - application/json
      User-Agent:
      - azsdk-python-keyvault-keys/4.3.2 Python/3.5.3 (Windows-10-10.0.19041-SP0)
    method: GET
    uri: https://vaultname.vault.azure.net/deletedkeys/livekvtestkey692670ac9?api-version=7.1
  response:
    body:
      string: '{"error":{"code":"KeyNotFound","message":"A key with (name/id) livekvtestkey692670ac9
        was not found in this key vault. If you recently deleted this key you may
        be able to recover it using the correct recovery command. For help resolving
        this issue, please see https://go.microsoft.com/fwlink/?linkid=2125182"}}'
    headers:
      cache-control: no-cache
      content-length: '310'
      content-type: application/json; charset=utf-8
      date: Fri, 05 Feb 2021 09:45:45 GMT
      expires: '-1'
      pragma: no-cache
      strict-transport-security: max-age=31536000;includeSubDomains
      x-content-type-options: nosniff
      x-ms-keyvault-network-info: conn_type=Ipv4;addr=174.127.232.53;act_addr_fam=InterNetwork;
      x-ms-keyvault-region: northeurope
      x-ms-keyvault-service-version: 1.2.139.0
      x-powered-by: ASP.NET
    status:
      code: 404
      message: Not Found
    url: https://mcpatinotest.vault.azure.net/deletedkeys/livekvtestkey692670ac9?api-version=7.1
- request:
    body: null
    headers:
      Accept:
      - application/json
      User-Agent:
      - azsdk-python-keyvault-keys/4.3.2 Python/3.5.3 (Windows-10-10.0.19041-SP0)
    method: GET
    uri: https://vaultname.vault.azure.net/deletedkeys?api-version=7.1
  response:
    body:
      string: '{"value":[{"recoveryId":"https://vaultname.vault.azure.net/deletedkeys/livekvtestcrud-rsa-key51c4108d","deletedDate":1612518130,"scheduledPurgeDate":1620294130,"kid":"https://vaultname.vault.azure.net/keys/livekvtestcrud-rsa-key51c4108d","attributes":{"enabled":true,"exp":2524723200,"created":1612518128,"updated":1612518130,"recoveryLevel":"Recoverable+Purgeable","recoverableDays":90},"tags":{"foo":"updated
        tag"}},{"recoveryId":"https://vaultname.vault.azure.net/deletedkeys/livekvtestcrud-rsa-key5416109f","deletedDate":1612518276,"scheduledPurgeDate":1620294276,"kid":"https://vaultname.vault.azure.net/keys/livekvtestcrud-rsa-key5416109f","attributes":{"enabled":true,"exp":2524723200,"created":1612518274,"updated":1612518275,"recoveryLevel":"Recoverable+Purgeable","recoverableDays":90},"tags":{"foo":"updated
        tag"}},{"recoveryId":"https://vaultname.vault.azure.net/deletedkeys/livekvtestkey030c90fa1","deletedDate":1612518154,"scheduledPurgeDate":1620294154,"kid":"https://vaultname.vault.azure.net/keys/livekvtestkey030c90fa1","attributes":{"enabled":true,"created":1612518139,"updated":1612518139,"recoveryLevel":"Recoverable+Purgeable","recoverableDays":90}},{"recoveryId":"https://vaultname.vault.azure.net/deletedkeys/livekvtestkey032f70fb3","deletedDate":1612518288,"scheduledPurgeDate":1620294288,"kid":"https://vaultname.vault.azure.net/keys/livekvtestkey032f70fb3","attributes":{"enabled":true,"created":1612518286,"updated":1612518286,"recoveryLevel":"Recoverable+Purgeable","recoverableDays":90}}],"nextLink":"https://vaultname.vault.azure.net:443/deletedkeys?api-version=7.1&$skiptoken=eyJOZXh0TWFya2VyIjoiMiExNDAhTURBd01EVTVJV3RsZVM5TVNWWkZTMVpVUlZOVVMwVlpNRUkwUkVRd1F6QkJMekJETURnek16UTBOME0yT1RSRlFUQTRRVGRDUmpVMU56TXhNVFUyUVVNM0lUQXdNREF5T0NFNU9UazVMVEV5TFRNeFZESXpPalU1T2pVNUxqazVPVGs1T1RsYUlRLS0iLCJUYXJnZXRMb2NhdGlvbiI6MH0"}'
    headers:
      cache-control: no-cache
      content-length: '1880'
      content-type: application/json; charset=utf-8
      date: Fri, 05 Feb 2021 09:45:47 GMT
      expires: '-1'
      pragma: no-cache
      strict-transport-security: max-age=31536000;includeSubDomains
      x-content-type-options: nosniff
      x-ms-keyvault-network-info: conn_type=Ipv4;addr=174.127.232.53;act_addr_fam=InterNetwork;
      x-ms-keyvault-region: northeurope
      x-ms-keyvault-service-version: 1.2.139.0
      x-powered-by: ASP.NET
    status:
      code: 200
      message: OK
    url: https://mcpatinotest.vault.azure.net/deletedkeys?api-version=7.1
- request:
    body: null
    headers:
      Accept:
      - application/json
      User-Agent:
      - azsdk-python-keyvault-keys/4.3.2 Python/3.5.3 (Windows-10-10.0.19041-SP0)
    method: GET
    uri: https://vaultname.vault.azure.net:443/deletedkeys?api-version=7.1&$skiptoken=eyJOZXh0TWFya2VyIjoiMiExNDAhTURBd01EVTVJV3RsZVM5TVNWWkZTMVpVUlZOVVMwVlpNRUkwUkVRd1F6QkJMekJETURnek16UTBOME0yT1RSRlFUQTRRVGRDUmpVMU56TXhNVFUyUVVNM0lUQXdNREF5T0NFNU9UazVMVEV5TFRNeFZESXpPalU1T2pVNUxqazVPVGs1T1RsYUlRLS0iLCJUYXJnZXRMb2NhdGlvbiI6MH0
  response:
    body:
      string: '{"value":[{"recoveryId":"https://vaultname.vault.azure.net/deletedkeys/livekvtestkey130c90fa1","deletedDate":1612518163,"scheduledPurgeDate":1620294163,"kid":"https://vaultname.vault.azure.net/keys/livekvtestkey130c90fa1","attributes":{"enabled":true,"created":1612518140,"updated":1612518140,"recoveryLevel":"Recoverable+Purgeable","recoverableDays":90}},{"recoveryId":"https://vaultname.vault.azure.net/deletedkeys/livekvtestkey132f70fb3","deletedDate":1612518304,"scheduledPurgeDate":1620294304,"kid":"https://vaultname.vault.azure.net/keys/livekvtestkey132f70fb3","attributes":{"enabled":true,"created":1612518286,"updated":1612518286,"recoveryLevel":"Recoverable+Purgeable","recoverableDays":90}},{"recoveryId":"https://vaultname.vault.azure.net/deletedkeys/livekvtestkey230c90fa1","deletedDate":1612518152,"scheduledPurgeDate":1620294152,"kid":"https://vaultname.vault.azure.net/keys/livekvtestkey230c90fa1","attributes":{"enabled":true,"created":1612518140,"updated":1612518140,"recoveryLevel":"Recoverable+Purgeable","recoverableDays":90}},{"recoveryId":"https://vaultname.vault.azure.net/deletedkeys/livekvtestkey232f70fb3","deletedDate":1612518293,"scheduledPurgeDate":1620294293,"kid":"https://vaultname.vault.azure.net/keys/livekvtestkey232f70fb3","attributes":{"enabled":true,"created":1612518286,"updated":1612518286,"recoveryLevel":"Recoverable+Purgeable","recoverableDays":90}},{"recoveryId":"https://vaultname.vault.azure.net/deletedkeys/livekvtestkey330c90fa1","deletedDate":1612518142,"scheduledPurgeDate":1620294142,"kid":"https://vaultname.vault.azure.net/keys/livekvtestkey330c90fa1","attributes":{"enabled":true,"created":1612518141,"updated":1612518141,"recoveryLevel":"Recoverable+Purgeable","recoverableDays":90}},{"recoveryId":"https://vaultname.vault.azure.net/deletedkeys/livekvtestkey332f70fb3","deletedDate":1612518298,"scheduledPurgeDate":1620294298,"kid":"https://vaultname.vault.azure.net/keys/livekvtestkey332f70fb3","attributes":{"enabled":true,"created":1612518287,"updated":1612518287,"recoveryLevel":"Recoverable+Purgeable","recoverableDays":90}}],"nextLink":"https://vaultname.vault.azure.net:443/deletedkeys?api-version=7.1&$skiptoken=eyJOZXh0TWFya2VyIjoiMiE5NiFNREF3TURJMklXdGxlUzlNU1ZaRlMxWlVSVk5VUzBWWk16a3hNVEV3UVVJM0lUQXdNREF5T0NFNU9UazVMVEV5TFRNeFZESXpPalU1T2pVNUxqazVPVGs1T1RsYUlRLS0iLCJUYXJnZXRMb2NhdGlvbiI6MH0"}'
    headers:
      cache-control: no-cache
      content-length: '2400'
      content-type: application/json; charset=utf-8
      date: Fri, 05 Feb 2021 09:45:47 GMT
      expires: '-1'
      pragma: no-cache
      strict-transport-security: max-age=31536000;includeSubDomains
      x-content-type-options: nosniff
      x-ms-keyvault-network-info: conn_type=Ipv4;addr=174.127.232.53;act_addr_fam=InterNetwork;
      x-ms-keyvault-region: northeurope
      x-ms-keyvault-service-version: 1.2.139.0
      x-powered-by: ASP.NET
    status:
      code: 200
      message: OK
    url: https://mcpatinotest.vault.azure.net:443/deletedkeys?api-version=7.1&$skiptoken=eyJOZXh0TWFya2VyIjoiMiExNDAhTURBd01EVTVJV3RsZVM5TVNWWkZTMVpVUlZOVVMwVlpNRUkwUkVRd1F6QkJMekJETURnek16UTBOME0yT1RSRlFUQTRRVGRDUmpVMU56TXhNVFUyUVVNM0lUQXdNREF5T0NFNU9UazVMVEV5TFRNeFZESXpPalU1T2pVNUxqazVPVGs1T1RsYUlRLS0iLCJUYXJnZXRMb2NhdGlvbiI6MH0
- request:
    body: null
    headers:
      Accept:
      - application/json
      User-Agent:
      - azsdk-python-keyvault-keys/4.3.2 Python/3.5.3 (Windows-10-10.0.19041-SP0)
    method: GET
    uri: https://vaultname.vault.azure.net:443/deletedkeys?api-version=7.1&$skiptoken=eyJOZXh0TWFya2VyIjoiMiE5NiFNREF3TURJMklXdGxlUzlNU1ZaRlMxWlVSVk5VUzBWWk16a3hNVEV3UVVJM0lUQXdNREF5T0NFNU9UazVMVEV5TFRNeFZESXpPalU1T2pVNUxqazVPVGs1T1RsYUlRLS0iLCJUYXJnZXRMb2NhdGlvbiI6MH0
  response:
    body:
      string: '{"value":[{"recoveryId":"https://vaultname.vault.azure.net/deletedkeys/livekvtestkey430c90fa1","deletedDate":1612518158,"scheduledPurgeDate":1620294158,"kid":"https://vaultname.vault.azure.net/keys/livekvtestkey430c90fa1","attributes":{"enabled":true,"created":1612518141,"updated":1612518141,"recoveryLevel":"Recoverable+Purgeable","recoverableDays":90}},{"recoveryId":"https://vaultname.vault.azure.net/deletedkeys/livekvtestkey432f70fb3","deletedDate":1612518301,"scheduledPurgeDate":1620294301,"kid":"https://vaultname.vault.azure.net/keys/livekvtestkey432f70fb3","attributes":{"enabled":true,"created":1612518287,"updated":1612518287,"recoveryLevel":"Recoverable+Purgeable","recoverableDays":90}},{"recoveryId":"https://vaultname.vault.azure.net/deletedkeys/livekvtestkey530c90fa1","deletedDate":1612518147,"scheduledPurgeDate":1620294147,"kid":"https://vaultname.vault.azure.net/keys/livekvtestkey530c90fa1","attributes":{"enabled":true,"created":1612518141,"updated":1612518141,"recoveryLevel":"Recoverable+Purgeable","recoverableDays":90}},{"recoveryId":"https://vaultname.vault.azure.net/deletedkeys/livekvtestkey532f70fb3","deletedDate":1612518290,"scheduledPurgeDate":1620294290,"kid":"https://vaultname.vault.azure.net/keys/livekvtestkey532f70fb3","attributes":{"enabled":true,"created":1612518287,"updated":1612518287,"recoveryLevel":"Recoverable+Purgeable","recoverableDays":90}}],"nextLink":"https://vaultname.vault.azure.net:443/deletedkeys?api-version=7.1&$skiptoken=eyJOZXh0TWFya2VyIjoiMiExNDAhTURBd01EVTVJV3RsZVM5TVNWWkZTMVpVUlZOVVMwVlpOVUkwUkVRd1F6QkJMek0yUkVWRk5ERTFNREE0T0RSRVJEQkJPRUl6UlVWRFFUVkRSamN4TWtGRUlUQXdNREF5T0NFNU9UazVMVEV5TFRNeFZESXpPalU1T2pVNUxqazVPVGs1T1RsYUlRLS0iLCJUYXJnZXRMb2NhdGlvbiI6MH0"}'
    headers:
      cache-control: no-cache
      content-length: '1756'
      content-type: application/json; charset=utf-8
      date: Fri, 05 Feb 2021 09:45:47 GMT
      expires: '-1'
      pragma: no-cache
      strict-transport-security: max-age=31536000;includeSubDomains
      x-content-type-options: nosniff
      x-ms-keyvault-network-info: conn_type=Ipv4;addr=174.127.232.53;act_addr_fam=InterNetwork;
      x-ms-keyvault-region: northeurope
      x-ms-keyvault-service-version: 1.2.139.0
      x-powered-by: ASP.NET
    status:
      code: 200
      message: OK
    url: https://mcpatinotest.vault.azure.net:443/deletedkeys?api-version=7.1&$skiptoken=eyJOZXh0TWFya2VyIjoiMiE5NiFNREF3TURJMklXdGxlUzlNU1ZaRlMxWlVSVk5VUzBWWk16a3hNVEV3UVVJM0lUQXdNREF5T0NFNU9UazVMVEV5TFRNeFZESXpPalU1T2pVNUxqazVPVGs1T1RsYUlRLS0iLCJUYXJnZXRMb2NhdGlvbiI6MH0
- request:
    body: null
    headers:
      Accept:
      - application/json
      User-Agent:
      - azsdk-python-keyvault-keys/4.3.2 Python/3.5.3 (Windows-10-10.0.19041-SP0)
    method: GET
    uri: https://vaultname.vault.azure.net:443/deletedkeys?api-version=7.1&$skiptoken=eyJOZXh0TWFya2VyIjoiMiExNDAhTURBd01EVTVJV3RsZVM5TVNWWkZTMVpVUlZOVVMwVlpOVUkwUkVRd1F6QkJMek0yUkVWRk5ERTFNREE0T0RSRVJEQkJPRUl6UlVWRFFUVkRSamN4TWtGRUlUQXdNREF5T0NFNU9UazVMVEV5TFRNeFZESXpPalU1T2pVNUxqazVPVGs1T1RsYUlRLS0iLCJUYXJnZXRMb2NhdGlvbiI6MH0
  response:
    body:
      string: '{"value":[{"recoveryId":"https://vaultname.vault.azure.net/deletedkeys/livekvtestkey630c90fa1","deletedDate":1612518160,"scheduledPurgeDate":1620294160,"kid":"https://vaultname.vault.azure.net/keys/livekvtestkey630c90fa1","attributes":{"enabled":true,"created":1612518142,"updated":1612518142,"recoveryLevel":"Recoverable+Purgeable","recoverableDays":90}},{"recoveryId":"https://vaultname.vault.azure.net/deletedkeys/livekvtestkey632f70fb3","deletedDate":1612518296,"scheduledPurgeDate":1620294296,"kid":"https://vaultname.vault.azure.net/keys/livekvtestkey632f70fb3","attributes":{"enabled":true,"created":1612518287,"updated":1612518287,"recoveryLevel":"Recoverable+Purgeable","recoverableDays":90}}],"nextLink":"https://vaultname.vault.azure.net:443/deletedkeys?api-version=7.1&$skiptoken=eyJOZXh0TWFya2VyIjoiMiExMDAhTURBd01ESTVJV3RsZVM5TVNWWkZTMVpVUlZOVVZFVlRWRXRGV1VZM1JUQXdSVE5CSVRBd01EQXlPQ0U1T1RrNUxURXlMVE14VkRJek9qVTVPalU1TGprNU9UazVPVGxhSVEtLSIsIlRhcmdldExvY2F0aW9uIjowfQ"}'
    headers:
      cache-control: no-cache
      content-length: '999'
      content-type: application/json; charset=utf-8
      date: Fri, 05 Feb 2021 09:45:48 GMT
      expires: '-1'
      pragma: no-cache
      strict-transport-security: max-age=31536000;includeSubDomains
      x-content-type-options: nosniff
      x-ms-keyvault-network-info: conn_type=Ipv4;addr=174.127.232.53;act_addr_fam=InterNetwork;
      x-ms-keyvault-region: northeurope
      x-ms-keyvault-service-version: 1.2.139.0
      x-powered-by: ASP.NET
    status:
      code: 200
      message: OK
    url: https://mcpatinotest.vault.azure.net:443/deletedkeys?api-version=7.1&$skiptoken=eyJOZXh0TWFya2VyIjoiMiExNDAhTURBd01EVTVJV3RsZVM5TVNWWkZTMVpVUlZOVVMwVlpOVUkwUkVRd1F6QkJMek0yUkVWRk5ERTFNREE0T0RSRVJEQkJPRUl6UlVWRFFUVkRSamN4TWtGRUlUQXdNREF5T0NFNU9UazVMVEV5TFRNeFZESXpPalU1T2pVNUxqazVPVGs1T1RsYUlRLS0iLCJUYXJnZXRMb2NhdGlvbiI6MH0
- request:
    body: null
    headers:
      Accept:
      - application/json
      User-Agent:
      - azsdk-python-keyvault-keys/4.3.2 Python/3.5.3 (Windows-10-10.0.19041-SP0)
    method: GET
    uri: https://vaultname.vault.azure.net:443/deletedkeys?api-version=7.1&$skiptoken=eyJOZXh0TWFya2VyIjoiMiExMDAhTURBd01ESTVJV3RsZVM5TVNWWkZTMVpVUlZOVVZFVlRWRXRGV1VZM1JUQXdSVE5CSVRBd01EQXlPQ0U1T1RrNUxURXlMVE14VkRJek9qVTVPalU1TGprNU9UazVPVGxhSVEtLSIsIlRhcmdldExvY2F0aW9uIjowfQ
  response:
    body:
      string: '{"value":[],"nextLink":null}'
    headers:
      cache-control: no-cache
      content-length: '28'
      content-type: application/json; charset=utf-8
      date: Fri, 05 Feb 2021 09:45:48 GMT
      expires: '-1'
      pragma: no-cache
      strict-transport-security: max-age=31536000;includeSubDomains
      x-content-type-options: nosniff
      x-ms-keyvault-network-info: conn_type=Ipv4;addr=174.127.232.53;act_addr_fam=InterNetwork;
      x-ms-keyvault-region: northeurope
      x-ms-keyvault-service-version: 1.2.139.0
      x-powered-by: ASP.NET
    status:
      code: 200
      message: OK
    url: https://mcpatinotest.vault.azure.net:443/deletedkeys?api-version=7.1&$skiptoken=eyJOZXh0TWFya2VyIjoiMiExMDAhTURBd01ESTVJV3RsZVM5TVNWWkZTMVpVUlZOVVZFVlRWRXRGV1VZM1JUQXdSVE5CSVRBd01EQXlPQ0U1T1RrNUxURXlMVE14VkRJek9qVTVPalU1TGprNU9UazVPVGxhSVEtLSIsIlRhcmdldExvY2F0aW9uIjowfQ
version: 1
