interactions:
- request:
    body: null
    headers:
      Accept:
      - application/json
      Accept-Encoding:
      - gzip, deflate
      Connection:
      - keep-alive
      Content-Length:
      - '0'
      Content-Type:
      - application/json
      User-Agent:
      - azsdk-python-keyvault-keys/4.5.0b1 Python/3.5.3 (Windows-10-10.0.19041-SP0)
    method: POST
    uri: https://managedhsmname.managedhsm.azure.net/keys/livekvtesteckey33180f9c/create?api-version=7.3-preview
  response:
    body:
      string: ''
    headers:
      cache-control:
      - no-cache
      content-length:
      - '0'
      content-security-policy:
      - default-src 'self'
      content-type:
      - application/json; charset=utf-8
      strict-transport-security:
      - max-age=31536000; includeSubDomains
      www-authenticate:
      - Bearer authorization="https://login.microsoftonline.com/72f988bf-86f1-41af-91ab-2d7cd011db47",
        resource="https://managedhsm.azure.net"
      x-content-type-options:
      - nosniff
      x-frame-options:
      - SAMEORIGIN
      x-ms-server-latency:
      - '0'
    status:
      code: 401
      message: Unauthorized
- request:
    body: '{"kty": "EC-HSM"}'
    headers:
      Accept:
      - application/json
      Accept-Encoding:
      - gzip, deflate
      Connection:
      - keep-alive
      Content-Length:
      - '17'
      Content-Type:
      - application/json
      User-Agent:
      - azsdk-python-keyvault-keys/4.5.0b1 Python/3.5.3 (Windows-10-10.0.19041-SP0)
    method: POST
    uri: https://managedhsmname.managedhsm.azure.net/keys/livekvtesteckey33180f9c/create?api-version=7.3-preview
  response:
    body:
      string: '{"attributes":{"created":1618440931,"enabled":true,"exportable":false,"recoverableDays":90,"recoveryLevel":"Recoverable+Purgeable","updated":1618440931},"key":{"crv":"P-256","key_ops":["verify","sign"],"kid":"https://managedhsmname.managedhsm.azure.net/keys/livekvtesteckey33180f9c/62883373029703b131d8babe38a492fa","kty":"EC-HSM","x":"frgZxD_CGARJ6xebBoNEInOlQ-zVYUc-mnI-ou1nMVo","y":"FSjBlOzz5mw6vqw88qeACLLakB_2QzZAtTMljaMrdLg"}}'
    headers:
      cache-control:
      - no-cache
      content-length:
      - '433'
      content-security-policy:
      - default-src 'self'
      content-type:
      - application/json; charset=utf-8
      strict-transport-security:
      - max-age=31536000; includeSubDomains
      x-content-type-options:
      - nosniff
      x-frame-options:
      - SAMEORIGIN
      x-ms-keyvault-network-info:
      - conn_type=Ipv4;addr=172.92.159.124;act_addr_fam=Ipv4;
      x-ms-keyvault-region:
      - eastus2
      x-ms-server-latency:
      - '515'
    status:
      code: 200
      message: OK
- request:
    body: null
    headers:
      Accept:
      - application/json
      Accept-Encoding:
      - gzip, deflate
      Connection:
      - keep-alive
      User-Agent:
      - azsdk-python-keyvault-keys/4.5.0b1 Python/3.5.3 (Windows-10-10.0.19041-SP0)
    method: GET
    uri: https://managedhsmname.managedhsm.azure.net/keys/livekvtesteckey33180f9c/62883373029703b131d8babe38a492fa?api-version=7.3-preview
  response:
    body:
      string: '{"attributes":{"created":1618440931,"enabled":true,"exportable":false,"recoverableDays":90,"recoveryLevel":"Recoverable+Purgeable","updated":1618440931},"key":{"crv":"P-256","key_ops":["verify","sign"],"kid":"https://managedhsmname.managedhsm.azure.net/keys/livekvtesteckey33180f9c/62883373029703b131d8babe38a492fa","kty":"EC-HSM","x":"frgZxD_CGARJ6xebBoNEInOlQ-zVYUc-mnI-ou1nMVo","y":"FSjBlOzz5mw6vqw88qeACLLakB_2QzZAtTMljaMrdLg"}}'
    headers:
      cache-control:
      - no-cache
      content-length:
      - '433'
      content-security-policy:
      - default-src 'self'
      content-type:
      - application/json; charset=utf-8
      strict-transport-security:
      - max-age=31536000; includeSubDomains
      x-content-type-options:
      - nosniff
      x-frame-options:
      - SAMEORIGIN
      x-ms-build-version:
      - 1.0.20210407-3-27236ed1-develop
      x-ms-keyvault-network-info:
      - conn_type=Ipv4;addr=172.92.159.124;act_addr_fam=Ipv4;
      x-ms-keyvault-region:
      - eastus2
      x-ms-server-latency:
      - '248'
    status:
      code: 200
      message: OK
version: 1
