interactions:
- request:
    body: null
    headers:
      Accept:
      - application/json
      Content-Length:
      - '0'
      Content-Type:
      - application/json; charset=utf-8
      User-Agent:
      - azsdk-python-keyvault-keys/4.0.0b5 Python/3.6.6 (Windows-10-10.0.18362-SP0)
    method: POST
    uri: https://vault458ad70cc7c2d1130d.vault.azure.net/keys/rsa-verify-2048/create?api-version=7.0
  response:
    body:
      string: '{"error":{"code":"Unauthorized","message":"Request is missing a Bearer
        or PoP token."}}'
    headers:
      cache-control: no-cache
      content-length: '87'
      content-type: application/json; charset=utf-8
      date: Wed, 16 Oct 2019 20:41:55 GMT
      expires: '-1'
      pragma: no-cache
      server: Microsoft-IIS/10.0
      strict-transport-security: max-age=31536000;includeSubDomains
      www-authenticate: Bearer authorization="https://login.windows.net/72f988bf-86f1-41af-91ab-2d7cd011db47",
        resource="https://vault.azure.net"
      x-aspnet-version: 4.0.30319
      x-content-type-options: nosniff
      x-ms-keyvault-network-info: addr=131.107.160.72;act_addr_fam=InterNetwork;
      x-ms-keyvault-region: westus
      x-ms-keyvault-service-version: 1.1.0.879
      x-powered-by: ASP.NET
    status:
      code: 401
      message: Unauthorized
    url: !!python/object/new:yarl.URL
      state: !!python/tuple
      - !!python/object/new:urllib.parse.SplitResult
        - https
        - vault458ad70cc7c2d1130d.vault.azure.net
        - /keys/rsa-verify-2048/create
        - api-version=7.0
        - ''
- request:
    body: '{"kty": "RSA", "key_size": 2048}'
    headers:
      Accept:
      - application/json
      Content-Length:
      - '32'
      Content-Type:
      - application/json; charset=utf-8
      User-Agent:
      - azsdk-python-keyvault-keys/4.0.0b5 Python/3.6.6 (Windows-10-10.0.18362-SP0)
    method: POST
    uri: https://vault458ad70cc7c2d1130d.vault.azure.net/keys/rsa-verify-2048/create?api-version=7.0
  response:
    body:
      string: '{"key":{"kid":"https://vault458ad70cc7c2d1130d.vault.azure.net/keys/rsa-verify-2048/68ab841b1db74749bd3dc929368c8323","kty":"RSA","key_ops":["encrypt","decrypt","sign","verify","wrapKey","unwrapKey"],"n":"xTyttuzWPXm7C8ecuts4q3eQsftBTSPoydvRD4BQhkYdpCAlszj7FRVzhg7D4TG30Eir3i8hWRs4DK1iXBEAzPvwyAEflzoN6f29sxlAIm03dzhls73vEwQ1osVHTJ_4CIo8FnouRbByCrNW2U656UTbXkAaxYcGYVDplL9Z-sAYvqN70M5Fi7jX9AeLxHwR3ARv58m2fUGTOg2FgMdQ75Nh9JMkzRLMBlC_G2RphQqDwry-xPvqntZO-c6y4WFvAhujlBnDiPSRxISQkb7iQEmFpxwqyIqO9waxdgrljbD2WwWCirxy9-Ef5AMuvgfWh64W_k0xHo-OaVkD_jNwAQ","e":"AQAB"},"attributes":{"enabled":true,"created":1571258516,"updated":1571258516,"recoveryLevel":"Purgeable"}}'
    headers:
      cache-control: no-cache
      content-length: '661'
      content-type: application/json; charset=utf-8
      date: Wed, 16 Oct 2019 20:41:56 GMT
      expires: '-1'
      pragma: no-cache
      server: Microsoft-IIS/10.0
      strict-transport-security: max-age=31536000;includeSubDomains
      x-aspnet-version: 4.0.30319
      x-content-type-options: nosniff
      x-ms-keyvault-network-info: addr=131.107.160.72;act_addr_fam=InterNetwork;
      x-ms-keyvault-region: westus
      x-ms-keyvault-service-version: 1.1.0.879
      x-powered-by: ASP.NET
    status:
      code: 200
      message: OK
    url: !!python/object/new:yarl.URL
      state: !!python/tuple
      - !!python/object/new:urllib.parse.SplitResult
        - https
        - vault458ad70cc7c2d1130d.vault.azure.net
        - /keys/rsa-verify-2048/create
        - api-version=7.0
        - ''
- request:
    body: '{"alg": "PS256", "value": "vgZc0NQUb6WMKX___V2JntcFRO_vszKwSAj7R2rL1zg"}'
    headers:
      Accept:
      - application/json
      Content-Length:
      - '72'
      Content-Type:
      - application/json; charset=utf-8
      User-Agent:
      - azsdk-python-keyvault-keys/4.0.0b5 Python/3.6.6 (Windows-10-10.0.18362-SP0)
    method: POST
    uri: https://vault458ad70cc7c2d1130d.vault.azure.net/keys/rsa-verify-2048/68ab841b1db74749bd3dc929368c8323/sign?api-version=7.0
  response:
    body:
      string: '{"kid":"https://vault458ad70cc7c2d1130d.vault.azure.net/keys/rsa-verify-2048/68ab841b1db74749bd3dc929368c8323","value":"C1OJaZ4-AiReis6Mj_2lE6qN5ybcPR2BUz4KluTtbP1jrm2hRB8ArINIhC0pJHLwLvyfloWvFOLy4BStrxB_aDAEZN1fRtQLUXUARMi6sBe_rTaXPEN9u-ex1FMhzs26rij6JHtYzESsuC_uJh1CtZ2OVZ2RRe4ECDa7MdG1-7sefDE9p1gE8RUPRnwpRn49e1iZ90AuVc5dk5oclr7JmYgCoQjWEN_BEDbJOGFrVU4evdG-JvqXiaLAiszs8geZ2sGCwjWDUlVPf_7NzLyPNOFZ-dalEBj3CNjlL3Z7BFi8d_Wjw1pviBxcav_6lUbZFSjxuxCYs2X8cLBUAjZTlw"}'
    headers:
      cache-control: no-cache
      content-length: '464'
      content-type: application/json; charset=utf-8
      date: Wed, 16 Oct 2019 20:41:55 GMT
      expires: '-1'
      pragma: no-cache
      server: Microsoft-IIS/10.0
      strict-transport-security: max-age=31536000;includeSubDomains
      x-aspnet-version: 4.0.30319
      x-content-type-options: nosniff
      x-ms-keyvault-network-info: addr=131.107.160.72;act_addr_fam=InterNetwork;
      x-ms-keyvault-region: westus
      x-ms-keyvault-service-version: 1.1.0.879
      x-powered-by: ASP.NET
    status:
      code: 200
      message: OK
    url: !!python/object/new:yarl.URL
      state: !!python/tuple
      - !!python/object/new:urllib.parse.SplitResult
        - https
        - vault458ad70cc7c2d1130d.vault.azure.net
        - /keys/rsa-verify-2048/68ab841b1db74749bd3dc929368c8323/sign
        - api-version=7.0
        - ''
- request:
    body: '{"alg": "PS384", "value": "OnZY76NXJ8_MBkjnc9b9RiaL5OYscmrTal040wQuLFlRrnLvJFecIvZl2KjXqwVB"}'
    headers:
      Accept:
      - application/json
      Content-Length:
      - '93'
      Content-Type:
      - application/json; charset=utf-8
      User-Agent:
      - azsdk-python-keyvault-keys/4.0.0b5 Python/3.6.6 (Windows-10-10.0.18362-SP0)
    method: POST
    uri: https://vault458ad70cc7c2d1130d.vault.azure.net/keys/rsa-verify-2048/68ab841b1db74749bd3dc929368c8323/sign?api-version=7.0
  response:
    body:
      string: '{"kid":"https://vault458ad70cc7c2d1130d.vault.azure.net/keys/rsa-verify-2048/68ab841b1db74749bd3dc929368c8323","value":"istB-LwCIiNTS_3wleV5WduVle8IvT6uyl5baUZzo8GSdYby9pG_7zb72Tyn2WSxXylvg88TXCSuPJVdhpC3ct14XpaLVrvQVqH5tASK0PJO_I2muRsxm7snoLjL3UjlFYX7LJ06vsPHR6JOwxGFXb_zM-URBUAhh9Cly2WgGex_ZByh58UnFHvStKOe8iU7DrYdOxemVclvwXgkVh4yYJmpKLkhkNK_LhFfDaLzCgqNdbmgWtXP-lcaHCY6PIWolcL1251IJiZQDbpbu6niBR8p-X9ehZaCBGdvR2fEAzoCpIvYUPktklgNuya8Y6hRbMQuZKjLAcn4Ot4WnXLbrw"}'
    headers:
      cache-control: no-cache
      content-length: '464'
      content-type: application/json; charset=utf-8
      date: Wed, 16 Oct 2019 20:41:55 GMT
      expires: '-1'
      pragma: no-cache
      server: Microsoft-IIS/10.0
      strict-transport-security: max-age=31536000;includeSubDomains
      x-aspnet-version: 4.0.30319
      x-content-type-options: nosniff
      x-ms-keyvault-network-info: addr=131.107.160.72;act_addr_fam=InterNetwork;
      x-ms-keyvault-region: westus
      x-ms-keyvault-service-version: 1.1.0.879
      x-powered-by: ASP.NET
    status:
      code: 200
      message: OK
    url: !!python/object/new:yarl.URL
      state: !!python/tuple
      - !!python/object/new:urllib.parse.SplitResult
        - https
        - vault458ad70cc7c2d1130d.vault.azure.net
        - /keys/rsa-verify-2048/68ab841b1db74749bd3dc929368c8323/sign
        - api-version=7.0
        - ''
- request:
    body: '{"alg": "PS512", "value": "zZyL-eOHDnnq34aZaWgBMobx4x2Pm3mPRo4eqnRmLK6sE0jsXZFOFhMXaTcvILQxovTsMMh9JupeojYCnDvfrQ"}'
    headers:
      Accept:
      - application/json
      Content-Length:
      - '115'
      Content-Type:
      - application/json; charset=utf-8
      User-Agent:
      - azsdk-python-keyvault-keys/4.0.0b5 Python/3.6.6 (Windows-10-10.0.18362-SP0)
    method: POST
    uri: https://vault458ad70cc7c2d1130d.vault.azure.net/keys/rsa-verify-2048/68ab841b1db74749bd3dc929368c8323/sign?api-version=7.0
  response:
    body:
      string: '{"kid":"https://vault458ad70cc7c2d1130d.vault.azure.net/keys/rsa-verify-2048/68ab841b1db74749bd3dc929368c8323","value":"BLJR8AT0pF1Qn9gdS9zakotE9KowmcZBxVT6slDsxPOAdeENBn8OymX-VATFc-F2s6LJniJY0hXMAWtZej8bdA2NsmZ7F2t-p5DkhJwGAtWVS7_-mgFyoFFx_mk67oxvr-vxaOAeseIfk7Av4GwddhTVzsU-sWGuzxvXIvQmqp2T7kgTJ8aJCY4jlOFsC_9nea1afMVlBNHKGRzKkZaBWm2EDnUGdMQRqK4zJ8-Uc4TEDTA-imC586ewnEv68iJC5fg6o2Hgng8OkAFcZIWsncH-CND-P4bymyXZcbtqRxpVqRKx6r_96xP9DQquAwHxeQgAcerTisKyRMif1aAmIw"}'
    headers:
      cache-control: no-cache
      content-length: '464'
      content-type: application/json; charset=utf-8
      date: Wed, 16 Oct 2019 20:41:55 GMT
      expires: '-1'
      pragma: no-cache
      server: Microsoft-IIS/10.0
      strict-transport-security: max-age=31536000;includeSubDomains
      x-aspnet-version: 4.0.30319
      x-content-type-options: nosniff
      x-ms-keyvault-network-info: addr=131.107.160.72;act_addr_fam=InterNetwork;
      x-ms-keyvault-region: westus
      x-ms-keyvault-service-version: 1.1.0.879
      x-powered-by: ASP.NET
    status:
      code: 200
      message: OK
    url: !!python/object/new:yarl.URL
      state: !!python/tuple
      - !!python/object/new:urllib.parse.SplitResult
        - https
        - vault458ad70cc7c2d1130d.vault.azure.net
        - /keys/rsa-verify-2048/68ab841b1db74749bd3dc929368c8323/sign
        - api-version=7.0
        - ''
- request:
    body: '{"alg": "RS256", "value": "vgZc0NQUb6WMKX___V2JntcFRO_vszKwSAj7R2rL1zg"}'
    headers:
      Accept:
      - application/json
      Content-Length:
      - '72'
      Content-Type:
      - application/json; charset=utf-8
      User-Agent:
      - azsdk-python-keyvault-keys/4.0.0b5 Python/3.6.6 (Windows-10-10.0.18362-SP0)
    method: POST
    uri: https://vault458ad70cc7c2d1130d.vault.azure.net/keys/rsa-verify-2048/68ab841b1db74749bd3dc929368c8323/sign?api-version=7.0
  response:
    body:
      string: '{"kid":"https://vault458ad70cc7c2d1130d.vault.azure.net/keys/rsa-verify-2048/68ab841b1db74749bd3dc929368c8323","value":"K4QcLqjS5Ce5GJPacdpJWq0BiVKWw0dKMMvwKZTYHcxZ3ZB8Mfa9nHUxXaoMtuPsUz1wCojlNtzionnUtGez9fGHiluzPd1WuAZC6Iaq4R9Syv95F2t5lrzDwdmoIHhok397cRlRmcem646QAf7C9k5nVIWpE5xhU1n-Ax2kYyYpQGDrCPneq1ScMVv90Mo9qBjsES2pbDH8g-7hasB78rTX7XGl47P-Vv3LrqgbnefHnJ3rRXjHaaoUfxAQrsvYqK4eBpZ62FmJTf8pzjsHH81FPB6tc5WD2zEmBnSU0SSJiIOOXQzdtrq94DmD8ya819BN9n5N1Hg-A3YR-ETl9A"}'
    headers:
      cache-control: no-cache
      content-length: '464'
      content-type: application/json; charset=utf-8
      date: Wed, 16 Oct 2019 20:41:55 GMT
      expires: '-1'
      pragma: no-cache
      server: Microsoft-IIS/10.0
      strict-transport-security: max-age=31536000;includeSubDomains
      x-aspnet-version: 4.0.30319
      x-content-type-options: nosniff
      x-ms-keyvault-network-info: addr=131.107.160.72;act_addr_fam=InterNetwork;
      x-ms-keyvault-region: westus
      x-ms-keyvault-service-version: 1.1.0.879
      x-powered-by: ASP.NET
    status:
      code: 200
      message: OK
    url: !!python/object/new:yarl.URL
      state: !!python/tuple
      - !!python/object/new:urllib.parse.SplitResult
        - https
        - vault458ad70cc7c2d1130d.vault.azure.net
        - /keys/rsa-verify-2048/68ab841b1db74749bd3dc929368c8323/sign
        - api-version=7.0
        - ''
- request:
    body: '{"alg": "RS384", "value": "OnZY76NXJ8_MBkjnc9b9RiaL5OYscmrTal040wQuLFlRrnLvJFecIvZl2KjXqwVB"}'
    headers:
      Accept:
      - application/json
      Content-Length:
      - '93'
      Content-Type:
      - application/json; charset=utf-8
      User-Agent:
      - azsdk-python-keyvault-keys/4.0.0b5 Python/3.6.6 (Windows-10-10.0.18362-SP0)
    method: POST
    uri: https://vault458ad70cc7c2d1130d.vault.azure.net/keys/rsa-verify-2048/68ab841b1db74749bd3dc929368c8323/sign?api-version=7.0
  response:
    body:
      string: '{"kid":"https://vault458ad70cc7c2d1130d.vault.azure.net/keys/rsa-verify-2048/68ab841b1db74749bd3dc929368c8323","value":"sksO49hJZ7fLU7ZLSXmkV17tuO-GAOnvIy5VwCYtfyF2T4inIBtoicLrLLy0na053JEPUuGMUPt-Z63pS5sTjmvD8btIDPQDXtO44EYJgseGn4NJVZXGM9olcR-CMh_iENkk8KMT3tR-nEUGhjTry8GJOu7nMEClC-wXXCe7-ghg085_hQYIs5hlPYgiFNY5UF8L53otCv1SkPRRh9hA_UwJymwhrgj7T7qSkb3voiogZ9iRBpnXKAe4LQ7zUHdAP3Sap2YyUa9GBIiSysJfTnmqDxSPchIPQ3G2P6sLVIIY_kSp5mvrWKlzEgLLeg2MNIoheDhNUESApup6k-OmPw"}'
    headers:
      cache-control: no-cache
      content-length: '464'
      content-type: application/json; charset=utf-8
      date: Wed, 16 Oct 2019 20:41:55 GMT
      expires: '-1'
      pragma: no-cache
      server: Microsoft-IIS/10.0
      strict-transport-security: max-age=31536000;includeSubDomains
      x-aspnet-version: 4.0.30319
      x-content-type-options: nosniff
      x-ms-keyvault-network-info: addr=131.107.160.72;act_addr_fam=InterNetwork;
      x-ms-keyvault-region: westus
      x-ms-keyvault-service-version: 1.1.0.879
      x-powered-by: ASP.NET
    status:
      code: 200
      message: OK
    url: !!python/object/new:yarl.URL
      state: !!python/tuple
      - !!python/object/new:urllib.parse.SplitResult
        - https
        - vault458ad70cc7c2d1130d.vault.azure.net
        - /keys/rsa-verify-2048/68ab841b1db74749bd3dc929368c8323/sign
        - api-version=7.0
        - ''
- request:
    body: '{"alg": "RS512", "value": "zZyL-eOHDnnq34aZaWgBMobx4x2Pm3mPRo4eqnRmLK6sE0jsXZFOFhMXaTcvILQxovTsMMh9JupeojYCnDvfrQ"}'
    headers:
      Accept:
      - application/json
      Content-Length:
      - '115'
      Content-Type:
      - application/json; charset=utf-8
      User-Agent:
      - azsdk-python-keyvault-keys/4.0.0b5 Python/3.6.6 (Windows-10-10.0.18362-SP0)
    method: POST
    uri: https://vault458ad70cc7c2d1130d.vault.azure.net/keys/rsa-verify-2048/68ab841b1db74749bd3dc929368c8323/sign?api-version=7.0
  response:
    body:
      string: '{"kid":"https://vault458ad70cc7c2d1130d.vault.azure.net/keys/rsa-verify-2048/68ab841b1db74749bd3dc929368c8323","value":"QQqKgR7kAUh-7tvF8MVnJunCN1nRgWmMI1shONarcuIRS4rPf1VJRe3Zph21vkBbMdQ4ybJvCbcvKE_ytpmSUuCWT-SYvxdOpdgihwm4GoPaQBYouwHvoH-8OsGle3DPjN3F6Asx1DvIGUTQ8kCEaT1NrmupHUDJ-kDjhhlX6EHTbTksvgicQaO_lWqC1etVaumDhDnH137Fnk5_s8vAM_fJLtzBQ4qog6_316Qq1GiEM7LEdCY2bu1NIIzu50rWT-emu6dFPnlfZcqlL9-02QurIKpiF8ZhFEanX8WhRtH8fsUTXeOnV0tdFbG1fGA0CucOjQuhwD7y67lGSz2jKg"}'
    headers:
      cache-control: no-cache
      content-length: '464'
      content-type: application/json; charset=utf-8
      date: Wed, 16 Oct 2019 20:41:55 GMT
      expires: '-1'
      pragma: no-cache
      server: Microsoft-IIS/10.0
      strict-transport-security: max-age=31536000;includeSubDomains
      x-aspnet-version: 4.0.30319
      x-content-type-options: nosniff
      x-ms-keyvault-network-info: addr=131.107.160.72;act_addr_fam=InterNetwork;
      x-ms-keyvault-region: westus
      x-ms-keyvault-service-version: 1.1.0.879
      x-powered-by: ASP.NET
    status:
      code: 200
      message: OK
    url: !!python/object/new:yarl.URL
      state: !!python/tuple
      - !!python/object/new:urllib.parse.SplitResult
        - https
        - vault458ad70cc7c2d1130d.vault.azure.net
        - /keys/rsa-verify-2048/68ab841b1db74749bd3dc929368c8323/sign
        - api-version=7.0
        - ''
- request:
    body: '{"kty": "RSA", "key_size": 3072}'
    headers:
      Accept:
      - application/json
      Content-Length:
      - '32'
      Content-Type:
      - application/json; charset=utf-8
      User-Agent:
      - azsdk-python-keyvault-keys/4.0.0b5 Python/3.6.6 (Windows-10-10.0.18362-SP0)
    method: POST
    uri: https://vault458ad70cc7c2d1130d.vault.azure.net/keys/rsa-verify-3072/create?api-version=7.0
  response:
    body:
      string: '{"key":{"kid":"https://vault458ad70cc7c2d1130d.vault.azure.net/keys/rsa-verify-3072/93cba125829343c8b71451fdedf01b54","kty":"RSA","key_ops":["encrypt","decrypt","sign","verify","wrapKey","unwrapKey"],"n":"1sQSrBc-aTI3vJfMQ7hGpLkEtza5cB50P7R3NJKWOFmA7GLlqauuHdyWDRbmT-lM7EG5fFNQrbP7uuvpz1kicLdXkELDhiNN1pFCWVh_eNa8hv4YQZQTqIxgzoXq2T10e56b4Py71AYPdhOOZS9oH0K9TgpCnEcSSAtJ_lj4NPtskjyu_sNA8LY2YcHn6owJz2nKbHNo4dMhOVYunFTsEV8a3mUlb4mcJhtI9vSHp27VS8Ud4YIUtRdNzBUH7lcLFZ7wozvzrkvN2pHhvomiDECAwd6A2gBejoqjIhOe_ll9-eXiqg2q05t8nt48DGcm7QTdO6Eq5k4jk0hyjVCScV3E-Ay21lJtwA5W0p1v5JZ9JAWMiPgdJ6-O6OtXiJeDdvtSJ8rbeJZQrjjdvLm0LgTZFmfaGghdLtSH78yE920jqMkpgG75LnCPqAf6VwVKbvc-CZdLSUM1-8JUzTs4dvYUHZ71_lysGcDhLlJW-NWC3gau6zFeSOLzWfvODP-h","e":"AQAB"},"attributes":{"enabled":true,"created":1571258517,"updated":1571258517,"recoveryLevel":"Purgeable"}}'
    headers:
      cache-control: no-cache
      content-length: '831'
      content-type: application/json; charset=utf-8
      date: Wed, 16 Oct 2019 20:41:57 GMT
      expires: '-1'
      pragma: no-cache
      server: Microsoft-IIS/10.0
      strict-transport-security: max-age=31536000;includeSubDomains
      x-aspnet-version: 4.0.30319
      x-content-type-options: nosniff
      x-ms-keyvault-network-info: addr=131.107.160.72;act_addr_fam=InterNetwork;
      x-ms-keyvault-region: westus
      x-ms-keyvault-service-version: 1.1.0.879
      x-powered-by: ASP.NET
    status:
      code: 200
      message: OK
    url: !!python/object/new:yarl.URL
      state: !!python/tuple
      - !!python/object/new:urllib.parse.SplitResult
        - https
        - vault458ad70cc7c2d1130d.vault.azure.net
        - /keys/rsa-verify-3072/create
        - api-version=7.0
        - ''
- request:
    body: '{"alg": "PS256", "value": "vgZc0NQUb6WMKX___V2JntcFRO_vszKwSAj7R2rL1zg"}'
    headers:
      Accept:
      - application/json
      Content-Length:
      - '72'
      Content-Type:
      - application/json; charset=utf-8
      User-Agent:
      - azsdk-python-keyvault-keys/4.0.0b5 Python/3.6.6 (Windows-10-10.0.18362-SP0)
    method: POST
    uri: https://vault458ad70cc7c2d1130d.vault.azure.net/keys/rsa-verify-3072/93cba125829343c8b71451fdedf01b54/sign?api-version=7.0
  response:
    body:
      string: '{"kid":"https://vault458ad70cc7c2d1130d.vault.azure.net/keys/rsa-verify-3072/93cba125829343c8b71451fdedf01b54","value":"texEYZtivuEFXi-ZJdziWm2f-QeCrSfVa6ADj8VAbdqzP87o5soI71qcz04xmO2csTbAMIDEYqjCgIpsQnjg_2SiPekLZN7U7X9y5e1k7y-Q5SL4PyNI7Chh83AK9MkDrleI5R4AN6VdBtu_qTUcCbdsubcxUDlz0sCJ7H_KUisOvZuPOavgaJ-rZAbfCFp29-Fo7Iw1k5Zf-W476pGxSqq2Fhjn1bY824dry2QE0oJonXoCpz9bj4MGdaTkyY-Zgp5bwqLsT6-J1ruKlHfOWZmCU333MuwfSZpLvsUMfD3NH6dREzYQTwLIChnOB4E31KymoxKAA6VKw_5e0YSpQtb9SmwXR0EG1Ps0ymJQO_ZBHHN-wz_vh5GQio9I4U5nHSiQT_YZHcm1QUpHvKy8lDSyvcoagJPzGtkon3LzG42BMX0PDhr6HbHJX3JENIVOhxsja2nTv-7NFIgkoNPXUDFUo_p7eYtwIvdsrUU-2KX3clrsYwRo96MNM5SxFBY3"}'
    headers:
      cache-control: no-cache
      content-length: '634'
      content-type: application/json; charset=utf-8
      date: Wed, 16 Oct 2019 20:41:56 GMT
      expires: '-1'
      pragma: no-cache
      server: Microsoft-IIS/10.0
      strict-transport-security: max-age=31536000;includeSubDomains
      x-aspnet-version: 4.0.30319
      x-content-type-options: nosniff
      x-ms-keyvault-network-info: addr=131.107.160.72;act_addr_fam=InterNetwork;
      x-ms-keyvault-region: westus
      x-ms-keyvault-service-version: 1.1.0.879
      x-powered-by: ASP.NET
    status:
      code: 200
      message: OK
    url: !!python/object/new:yarl.URL
      state: !!python/tuple
      - !!python/object/new:urllib.parse.SplitResult
        - https
        - vault458ad70cc7c2d1130d.vault.azure.net
        - /keys/rsa-verify-3072/93cba125829343c8b71451fdedf01b54/sign
        - api-version=7.0
        - ''
- request:
    body: '{"alg": "PS384", "value": "OnZY76NXJ8_MBkjnc9b9RiaL5OYscmrTal040wQuLFlRrnLvJFecIvZl2KjXqwVB"}'
    headers:
      Accept:
      - application/json
      Content-Length:
      - '93'
      Content-Type:
      - application/json; charset=utf-8
      User-Agent:
      - azsdk-python-keyvault-keys/4.0.0b5 Python/3.6.6 (Windows-10-10.0.18362-SP0)
    method: POST
    uri: https://vault458ad70cc7c2d1130d.vault.azure.net/keys/rsa-verify-3072/93cba125829343c8b71451fdedf01b54/sign?api-version=7.0
  response:
    body:
      string: '{"kid":"https://vault458ad70cc7c2d1130d.vault.azure.net/keys/rsa-verify-3072/93cba125829343c8b71451fdedf01b54","value":"ofNMP7KTzwQ1_YSwPVd-Gr1DY7tq0TB93NnzAHRkEiifKk2ivaoLciGaCUU6Hs6vLFV9QWuCriAGxFvcLWCSiyGjZs5S7aL2VEDe6C_aK4lmhEmmsNjvrTOX-jm26thv-DoGGgy_6dnwHyW4kQ0xOLdzobGZJssH-5P_9dBzP2lo9rFoExhRTvh84NiqwIQrl4ses90YnupP44HZq9Fx3zpacm5OREPq5UwGkDZiAEQ6hSf-oHT9lGhvZm7vJGT4ytn5ASo9stEAO91FwR5brwtptOKIiCO8g6y3A8waZNf2QJ158CVmBSYovcLFTBijbz0UWazkElzXOdV1fLuLnqCyJiFxIvu1hQ68BXYJqOzQ_XNixdyw4SEzaT-Kg72URVFO4N8G16jSMq7cCiMYXbazJ-BdKcnIR5ZqXx_XhC305BVU4tiQnOuRyQqt4KWvjc8DrL9I9YrIbBfwSR-t8PAFHuLtGKt-7GQ0-wdZYpBZYWizZWBCJdVNAtXriJp6"}'
    headers:
      cache-control: no-cache
      content-length: '634'
      content-type: application/json; charset=utf-8
      date: Wed, 16 Oct 2019 20:41:56 GMT
      expires: '-1'
      pragma: no-cache
      server: Microsoft-IIS/10.0
      strict-transport-security: max-age=31536000;includeSubDomains
      x-aspnet-version: 4.0.30319
      x-content-type-options: nosniff
      x-ms-keyvault-network-info: addr=131.107.160.72;act_addr_fam=InterNetwork;
      x-ms-keyvault-region: westus
      x-ms-keyvault-service-version: 1.1.0.879
      x-powered-by: ASP.NET
    status:
      code: 200
      message: OK
    url: !!python/object/new:yarl.URL
      state: !!python/tuple
      - !!python/object/new:urllib.parse.SplitResult
        - https
        - vault458ad70cc7c2d1130d.vault.azure.net
        - /keys/rsa-verify-3072/93cba125829343c8b71451fdedf01b54/sign
        - api-version=7.0
        - ''
- request:
    body: '{"alg": "PS512", "value": "zZyL-eOHDnnq34aZaWgBMobx4x2Pm3mPRo4eqnRmLK6sE0jsXZFOFhMXaTcvILQxovTsMMh9JupeojYCnDvfrQ"}'
    headers:
      Accept:
      - application/json
      Content-Length:
      - '115'
      Content-Type:
      - application/json; charset=utf-8
      User-Agent:
      - azsdk-python-keyvault-keys/4.0.0b5 Python/3.6.6 (Windows-10-10.0.18362-SP0)
    method: POST
    uri: https://vault458ad70cc7c2d1130d.vault.azure.net/keys/rsa-verify-3072/93cba125829343c8b71451fdedf01b54/sign?api-version=7.0
  response:
    body:
      string: '{"kid":"https://vault458ad70cc7c2d1130d.vault.azure.net/keys/rsa-verify-3072/93cba125829343c8b71451fdedf01b54","value":"oXOhJKQ0BbbuBW9sqPk5w5Bye88yUfNJy_943RKu1Q9sm_sR1mdDdoIK6dX07SpKHr3KE4IQ4da44dYJVVuGJpKpY30q_FVuWsRzHDkW5dWgwcAM1skdRfsCSvARz8rfxr6lRYuJpr03dmwystNhUqN4nwyUQeyKKH6MsKjI0FctCFpyppyUovVTTFAPjKZgrzOUKd-TmNCSvsFsI-93ljX7nJVYkWHr5LJPsSpApqx3EUM6sTyFQYn2TgrucRLFVEjdjigMnCZxYI_-mj3eW9YxkK1vkZo9H5Ueix20k6VK_FlMBBIi9tKK8gaBR2PxRRQZWLhcB-DnM32GBW9JKLZ62yR5GVx1AbyeDQqLg32UXMEyF6NshV_RoBoSN4VQN4FSCiZE909V8qmZaCgvF6H7wi4O0ABAlLtVna0XB7DHrUdZs-azp1FVurqDdaGhmBDy_AnZkyj_3BX37z8SSYiQL2_QG2L-ZTun6XTuzkkZqslWRFm1b5oZFogxvMWz"}'
    headers:
      cache-control: no-cache
      content-length: '634'
      content-type: application/json; charset=utf-8
      date: Wed, 16 Oct 2019 20:41:56 GMT
      expires: '-1'
      pragma: no-cache
      server: Microsoft-IIS/10.0
      strict-transport-security: max-age=31536000;includeSubDomains
      x-aspnet-version: 4.0.30319
      x-content-type-options: nosniff
      x-ms-keyvault-network-info: addr=131.107.160.72;act_addr_fam=InterNetwork;
      x-ms-keyvault-region: westus
      x-ms-keyvault-service-version: 1.1.0.879
      x-powered-by: ASP.NET
    status:
      code: 200
      message: OK
    url: !!python/object/new:yarl.URL
      state: !!python/tuple
      - !!python/object/new:urllib.parse.SplitResult
        - https
        - vault458ad70cc7c2d1130d.vault.azure.net
        - /keys/rsa-verify-3072/93cba125829343c8b71451fdedf01b54/sign
        - api-version=7.0
        - ''
- request:
    body: '{"alg": "RS256", "value": "vgZc0NQUb6WMKX___V2JntcFRO_vszKwSAj7R2rL1zg"}'
    headers:
      Accept:
      - application/json
      Content-Length:
      - '72'
      Content-Type:
      - application/json; charset=utf-8
      User-Agent:
      - azsdk-python-keyvault-keys/4.0.0b5 Python/3.6.6 (Windows-10-10.0.18362-SP0)
    method: POST
    uri: https://vault458ad70cc7c2d1130d.vault.azure.net/keys/rsa-verify-3072/93cba125829343c8b71451fdedf01b54/sign?api-version=7.0
  response:
    body:
      string: '{"kid":"https://vault458ad70cc7c2d1130d.vault.azure.net/keys/rsa-verify-3072/93cba125829343c8b71451fdedf01b54","value":"EibsIDwy8zQRhs1MFGwO4ifw80QrUUbZCc5Xc6dV6qPI6Wx-cvIkzzY2PDN_1JHrou3JhR2QInmOI15gOcDNZ9qhiUYtRW4vBnYjr81c3VSpagv2QwiqtlgO5znAlrop3j2fOSqx0DhNw03HOgGhDUW7qndP5gQql63RH9dn9tWRcOhkf0S8lhtL8khpmJL8YCtSd4II-CSvjStSUYUYaugexh0iTo7Z3f4Y9TSVmpdlFltzbn7gzhBTInq1vq04TDQm9DenIrNmAulaEMPgG0qt6NgBzVZ1CLJqOnquNHAARrSwPho3-kYbMppSIjIVR9c-n1sNm8KbPcaixbambqHUuOPVhv18OWsRRZfeJ5nU7_OJh1n0iB29Vd4wT6YjT2IfuOxo1IBC_uJXyMuQQEdsSA-FC6D0bVgyyWOHF8lrppmwD1AgHYdgcqdwXaIgBYuBnyFpf8vNK7Q6Nk0T3SOkVSTnVmRjQG3s1DDfIE-3scVkVj5Hbcqd0AfrLYA1"}'
    headers:
      cache-control: no-cache
      content-length: '634'
      content-type: application/json; charset=utf-8
      date: Wed, 16 Oct 2019 20:41:56 GMT
      expires: '-1'
      pragma: no-cache
      server: Microsoft-IIS/10.0
      strict-transport-security: max-age=31536000;includeSubDomains
      x-aspnet-version: 4.0.30319
      x-content-type-options: nosniff
      x-ms-keyvault-network-info: addr=131.107.160.72;act_addr_fam=InterNetwork;
      x-ms-keyvault-region: westus
      x-ms-keyvault-service-version: 1.1.0.879
      x-powered-by: ASP.NET
    status:
      code: 200
      message: OK
    url: !!python/object/new:yarl.URL
      state: !!python/tuple
      - !!python/object/new:urllib.parse.SplitResult
        - https
        - vault458ad70cc7c2d1130d.vault.azure.net
        - /keys/rsa-verify-3072/93cba125829343c8b71451fdedf01b54/sign
        - api-version=7.0
        - ''
- request:
    body: '{"alg": "RS384", "value": "OnZY76NXJ8_MBkjnc9b9RiaL5OYscmrTal040wQuLFlRrnLvJFecIvZl2KjXqwVB"}'
    headers:
      Accept:
      - application/json
      Content-Length:
      - '93'
      Content-Type:
      - application/json; charset=utf-8
      User-Agent:
      - azsdk-python-keyvault-keys/4.0.0b5 Python/3.6.6 (Windows-10-10.0.18362-SP0)
    method: POST
    uri: https://vault458ad70cc7c2d1130d.vault.azure.net/keys/rsa-verify-3072/93cba125829343c8b71451fdedf01b54/sign?api-version=7.0
  response:
    body:
      string: '{"kid":"https://vault458ad70cc7c2d1130d.vault.azure.net/keys/rsa-verify-3072/93cba125829343c8b71451fdedf01b54","value":"p2KZHvTnEDLkF9_Fou8nwfw3qCVbEKJthPrUK6xbsZCFkka8K_wFbpV17Q9n7mRQW4w20CCi_-g1UFifTaWL99u16LguuR1w6AobaxP-uf41IKFgOZR-hy6o69LXwVkUE_Z_oAA3O_YADnuNkpCM_6K6SBSFDx7-zxJCuFrTASPQmuD1fSJtjRbv9-9nFuYoiCutdniEghBTk-xYhgb9QtEzNSgKFMnB_Y3UCxu5UxG2cMdZ8ptvfAUBxW1yJA7CUVahp3pDkr9-A-G53VjYV6vdogE85P9R57kRbNiLfkjRKOvuJY_bzCzCcHn9uEOfz7DWJdi7a8klqupaRbNpSclWHqd_1l1k1ZtjBi8L8bV2AQ3gPTPrFyyyqBM5POaPhfLk3WxGU2jWfMSuYNv1GpKoCXr6ZY7IYcGZUHBZixo70VWncA0ZsaxMM6QNZjujML1E8ey18paf3zQCeLI8nDFCcb9MeALbID5djP7JFAVWb--xkBqz9PNcZ56NPZU0"}'
    headers:
      cache-control: no-cache
      content-length: '634'
      content-type: application/json; charset=utf-8
      date: Wed, 16 Oct 2019 20:41:56 GMT
      expires: '-1'
      pragma: no-cache
      server: Microsoft-IIS/10.0
      strict-transport-security: max-age=31536000;includeSubDomains
      x-aspnet-version: 4.0.30319
      x-content-type-options: nosniff
      x-ms-keyvault-network-info: addr=131.107.160.72;act_addr_fam=InterNetwork;
      x-ms-keyvault-region: westus
      x-ms-keyvault-service-version: 1.1.0.879
      x-powered-by: ASP.NET
    status:
      code: 200
      message: OK
    url: !!python/object/new:yarl.URL
      state: !!python/tuple
      - !!python/object/new:urllib.parse.SplitResult
        - https
        - vault458ad70cc7c2d1130d.vault.azure.net
        - /keys/rsa-verify-3072/93cba125829343c8b71451fdedf01b54/sign
        - api-version=7.0
        - ''
- request:
    body: '{"alg": "RS512", "value": "zZyL-eOHDnnq34aZaWgBMobx4x2Pm3mPRo4eqnRmLK6sE0jsXZFOFhMXaTcvILQxovTsMMh9JupeojYCnDvfrQ"}'
    headers:
      Accept:
      - application/json
      Content-Length:
      - '115'
      Content-Type:
      - application/json; charset=utf-8
      User-Agent:
      - azsdk-python-keyvault-keys/4.0.0b5 Python/3.6.6 (Windows-10-10.0.18362-SP0)
    method: POST
    uri: https://vault458ad70cc7c2d1130d.vault.azure.net/keys/rsa-verify-3072/93cba125829343c8b71451fdedf01b54/sign?api-version=7.0
  response:
    body:
      string: '{"kid":"https://vault458ad70cc7c2d1130d.vault.azure.net/keys/rsa-verify-3072/93cba125829343c8b71451fdedf01b54","value":"AWjRzorK8EhZ7UZwdq5TSHg9Zq-n_Unq6gPQvWVNf9iNPRBh6itnrd_he3eU9bAjzJ0SCzh5QHjnm8Yn8HZsd9EpCq6iUjSJB9udEPrNtIZIGr7ix30HSOkAkeZEx1NTHm1mbAiq4tHFkvH3jWzaKu91NWekL-62AWtzXzo4mbot_iX3Gfc7h69auj0Pu2_l6LOYhIaQHEMqQsvrlfQkoR_HHj4WbvNaEJjRORd337L1hX6JSVqUdp2zZwINQR65ALgTmcOzhxhZET2g56HXb73MpFPSsgfqDPE3AvPE5t0PuAyhofQS4tii21YnGNDU5Qldo5kS_ckFUQJ5BiciPSUTeC3jEZjVnv72lhUhQa0FMO1KYGa56dJPTleL5cICU9gfCNWeLtm-3LOOtpUISrs42VPzjgm34To830vtorwHbWvzGDnO83SOxshRAy-D2Fr4oQykF-4rrtW7oJJXRG3i82kcTING3SI2qk7ban9xkyCzaTwQG18T-QEcgHKw"}'
    headers:
      cache-control: no-cache
      content-length: '634'
      content-type: application/json; charset=utf-8
      date: Wed, 16 Oct 2019 20:41:56 GMT
      expires: '-1'
      pragma: no-cache
      server: Microsoft-IIS/10.0
      strict-transport-security: max-age=31536000;includeSubDomains
      x-aspnet-version: 4.0.30319
      x-content-type-options: nosniff
      x-ms-keyvault-network-info: addr=131.107.160.72;act_addr_fam=InterNetwork;
      x-ms-keyvault-region: westus
      x-ms-keyvault-service-version: 1.1.0.879
      x-powered-by: ASP.NET
    status:
      code: 200
      message: OK
    url: !!python/object/new:yarl.URL
      state: !!python/tuple
      - !!python/object/new:urllib.parse.SplitResult
        - https
        - vault458ad70cc7c2d1130d.vault.azure.net
        - /keys/rsa-verify-3072/93cba125829343c8b71451fdedf01b54/sign
        - api-version=7.0
        - ''
- request:
    body: '{"kty": "RSA", "key_size": 4096}'
    headers:
      Accept:
      - application/json
      Content-Length:
      - '32'
      Content-Type:
      - application/json; charset=utf-8
      User-Agent:
      - azsdk-python-keyvault-keys/4.0.0b5 Python/3.6.6 (Windows-10-10.0.18362-SP0)
    method: POST
    uri: https://vault458ad70cc7c2d1130d.vault.azure.net/keys/rsa-verify-4096/create?api-version=7.0
  response:
    body:
      string: '{"key":{"kid":"https://vault458ad70cc7c2d1130d.vault.azure.net/keys/rsa-verify-4096/8aca2ab2eed74624a85994e62ad0beec","kty":"RSA","key_ops":["encrypt","decrypt","sign","verify","wrapKey","unwrapKey"],"n":"pxt9M-mPffd8BzQMrqLAZu2Ta5euf4tGH1ztI9-L6tnSozPdM0x_BiKLmbOyEJBqHkLe00R9dJU-6LfiBw8tyEohMUTatpVJIkWYXh-NCYe9HLAqi4VJ7S-XPqcp9X2nCPKxI79jknKkqDCAO4MeKqs4jnkGrggoZqnDNxSL0beEGWURXHK_6Yb5sMET028wE1g6DD-HwEjfExWshbbG0eT8DIfMybwvqDvKjbeWNOec1PCTgcilkSKNX3mrszse3QWcZg9KK_gL4kL7LRr7E7DmOPh3UR6wHoFrkjT-nsHqaJIL24mXcb5883Oto5nVafKhaJRHiHaOUnjnC_Bf7GiEEL-hLEUiE-Gx3XbpaWNDL-QJIByJAzwcPX9bj_lygdmGSpbAiS235gjHIL3uKzcfXfKHnuxBGL9moarScNcdbHoxmSNdTtNjk9wDL9FCIlPQ0_D1kqD1Zg50WFHl66mw4tzo9UhRZfAS-IRQiK2o3nnOLKJiRfqYk3b5qisouZ80Wp0FZwEa3FzIQ4WHwG9cZbIgtsMeGYWgfoQkroV4fTZ4TsLJv16Aw3pPRTeIY9b-_dySF9I4R0bmLdxPglY-S2rs372RSPdT3e0FAX-kB_Hj_6Ue3I8eaEzvj36tc2ll8K1fdosA80SMtrTFf_DFdTDhSmy-QQTjqrKf9j8","e":"AQAB"},"attributes":{"enabled":true,"created":1571258518,"updated":1571258518,"recoveryLevel":"Purgeable"}}'
    headers:
      cache-control: no-cache
      content-length: '1002'
      content-type: application/json; charset=utf-8
      date: Wed, 16 Oct 2019 20:41:58 GMT
      expires: '-1'
      pragma: no-cache
      server: Microsoft-IIS/10.0
      strict-transport-security: max-age=31536000;includeSubDomains
      x-aspnet-version: 4.0.30319
      x-content-type-options: nosniff
      x-ms-keyvault-network-info: addr=131.107.160.72;act_addr_fam=InterNetwork;
      x-ms-keyvault-region: westus
      x-ms-keyvault-service-version: 1.1.0.879
      x-powered-by: ASP.NET
    status:
      code: 200
      message: OK
    url: !!python/object/new:yarl.URL
      state: !!python/tuple
      - !!python/object/new:urllib.parse.SplitResult
        - https
        - vault458ad70cc7c2d1130d.vault.azure.net
        - /keys/rsa-verify-4096/create
        - api-version=7.0
        - ''
- request:
    body: '{"alg": "PS256", "value": "vgZc0NQUb6WMKX___V2JntcFRO_vszKwSAj7R2rL1zg"}'
    headers:
      Accept:
      - application/json
      Content-Length:
      - '72'
      Content-Type:
      - application/json; charset=utf-8
      User-Agent:
      - azsdk-python-keyvault-keys/4.0.0b5 Python/3.6.6 (Windows-10-10.0.18362-SP0)
    method: POST
    uri: https://vault458ad70cc7c2d1130d.vault.azure.net/keys/rsa-verify-4096/8aca2ab2eed74624a85994e62ad0beec/sign?api-version=7.0
  response:
    body:
      string: '{"kid":"https://vault458ad70cc7c2d1130d.vault.azure.net/keys/rsa-verify-4096/8aca2ab2eed74624a85994e62ad0beec","value":"NVmieBysF65C4H-RLlM7xRY87h1aMaOJV0CIWzq2A9vJlD8QLFcUBFzQ3r5yEf0qPH7-5Ni5oMvlmGO6ImTn-tdtv5S2bxizAKqGH6ppU6zuZabZYMiQHPK7Z9HJNQrBfECkhjsvWy61I_9DbvUwzY-Xrj2EDViND7tCpKntbjYxiVySKc_Q2DTfaPLulmA8lPhFirUARMCJeYt2X3HqlalBmT-wIDK7XgIBkOlVGG-s4g57XQ3LsKHn74oFO4No4Iw-niizoQEtSBA_T9ef8lvIBYE-YqpywJAg2H8CopAehHvNEG0UKQtiCsPXxUXl9ZsXKShodiuud7fiZ7gHL8avZi7Ra43prSW4o-5pwXVocvCb4CzPOQjoea5Uq2bEumQpBFU7VCUc8r4Yq8mCXiygRQhgOLYDm6CCk6aeLirBj7CrJD7hkFt9XP1C7lQnYjAVdi--Yu-k9Ku9trF69qYh6mI7GIzi37PhC_ybkNeD4dPcfdLygqvvwmRi3MQXrfEPcGON_HnjN2Lh4qXpz-KnVHOxGMkj30LiT8v1iRHnVzRgNxZbw6X1bLd5OXucrDZif34VIG_GRzavWwhLxSfPffyBIbuEVdaJoxYtNfp9Mo1ODb2Ck3wadCG4D99IXF0wtvHV2HaoyhqOlHtX4t1i0-OzW9SaVRNuv1QHzxg"}'
    headers:
      cache-control: no-cache
      content-length: '805'
      content-type: application/json; charset=utf-8
      date: Wed, 16 Oct 2019 20:41:58 GMT
      expires: '-1'
      pragma: no-cache
      server: Microsoft-IIS/10.0
      strict-transport-security: max-age=31536000;includeSubDomains
      x-aspnet-version: 4.0.30319
      x-content-type-options: nosniff
      x-ms-keyvault-network-info: addr=131.107.160.72;act_addr_fam=InterNetwork;
      x-ms-keyvault-region: westus
      x-ms-keyvault-service-version: 1.1.0.879
      x-powered-by: ASP.NET
    status:
      code: 200
      message: OK
    url: !!python/object/new:yarl.URL
      state: !!python/tuple
      - !!python/object/new:urllib.parse.SplitResult
        - https
        - vault458ad70cc7c2d1130d.vault.azure.net
        - /keys/rsa-verify-4096/8aca2ab2eed74624a85994e62ad0beec/sign
        - api-version=7.0
        - ''
- request:
    body: '{"alg": "PS384", "value": "OnZY76NXJ8_MBkjnc9b9RiaL5OYscmrTal040wQuLFlRrnLvJFecIvZl2KjXqwVB"}'
    headers:
      Accept:
      - application/json
      Content-Length:
      - '93'
      Content-Type:
      - application/json; charset=utf-8
      User-Agent:
      - azsdk-python-keyvault-keys/4.0.0b5 Python/3.6.6 (Windows-10-10.0.18362-SP0)
    method: POST
    uri: https://vault458ad70cc7c2d1130d.vault.azure.net/keys/rsa-verify-4096/8aca2ab2eed74624a85994e62ad0beec/sign?api-version=7.0
  response:
    body:
      string: '{"kid":"https://vault458ad70cc7c2d1130d.vault.azure.net/keys/rsa-verify-4096/8aca2ab2eed74624a85994e62ad0beec","value":"QMYKpqlwdopTOUqYd-WqJ0gh7E8Dg3DNk5oJr0mqW9nz0JspSbeu2iFSF4cM4WPDpPyJ2hq84RQR1WZExd55ANN4eZE1x2YnqoT-uzHLtCi8DPT3EI06azmGuldoVnXij1qrKpkQ9tP6nA0pdcrx840W-7E9lhRbcQYqekH4C7s8OcjpiQR1bIDk57Fu4FRwgCRz1nY_uYjULAu8icmn_O7-1WFDk0PmwrKie02JUHhz71JtNLxgtNqyi7PYCphm_KWYdHSwLBue9uI9Uq4bffZRnk9m5Pi381034ZSZOly2hsRhnhI4q_8LjJDCIQrce_6nG7vtyYD69qgWGBCubq0VSS4S1q1JdWwC5pAjsj91jmRhNgXpiFQzx1Ez8-PO0f6ZJcn8bJgVjo-BALwLNhD6kNKril1X9m4PguaENRnkqhsSlhlz1WBB0G1y8g1NKYbuznyvjZwzJJItSjWSXhq2nyGKHK1v0qjfZ7DV4TVb7zztrrpLeK9eFTZaglKm5fxURQlRa2bZrRArVYEI7TTZcVHxmkEJX5PF8vNE1oMVZpTHhLRn-mpvWQlphOP9hgzF9wN_b3ZDe71rardYpA6Jm0YufM4umTunLt-vOm9bDcKkmNAEG78sEK9W4vo2LJVNrmOo7dNOlUVjnS2Ic4gzWr5bdZ4Xsu_SypOuWbk"}'
    headers:
      cache-control: no-cache
      content-length: '805'
      content-type: application/json; charset=utf-8
      date: Wed, 16 Oct 2019 20:41:58 GMT
      expires: '-1'
      pragma: no-cache
      server: Microsoft-IIS/10.0
      strict-transport-security: max-age=31536000;includeSubDomains
      x-aspnet-version: 4.0.30319
      x-content-type-options: nosniff
      x-ms-keyvault-network-info: addr=131.107.160.72;act_addr_fam=InterNetwork;
      x-ms-keyvault-region: westus
      x-ms-keyvault-service-version: 1.1.0.879
      x-powered-by: ASP.NET
    status:
      code: 200
      message: OK
    url: !!python/object/new:yarl.URL
      state: !!python/tuple
      - !!python/object/new:urllib.parse.SplitResult
        - https
        - vault458ad70cc7c2d1130d.vault.azure.net
        - /keys/rsa-verify-4096/8aca2ab2eed74624a85994e62ad0beec/sign
        - api-version=7.0
        - ''
- request:
    body: '{"alg": "PS512", "value": "zZyL-eOHDnnq34aZaWgBMobx4x2Pm3mPRo4eqnRmLK6sE0jsXZFOFhMXaTcvILQxovTsMMh9JupeojYCnDvfrQ"}'
    headers:
      Accept:
      - application/json
      Content-Length:
      - '115'
      Content-Type:
      - application/json; charset=utf-8
      User-Agent:
      - azsdk-python-keyvault-keys/4.0.0b5 Python/3.6.6 (Windows-10-10.0.18362-SP0)
    method: POST
    uri: https://vault458ad70cc7c2d1130d.vault.azure.net/keys/rsa-verify-4096/8aca2ab2eed74624a85994e62ad0beec/sign?api-version=7.0
  response:
    body:
      string: '{"kid":"https://vault458ad70cc7c2d1130d.vault.azure.net/keys/rsa-verify-4096/8aca2ab2eed74624a85994e62ad0beec","value":"LyO18EYU5ngMkghL3cHUxPst_2-57Yy1-8Djy9IYL9nI_XfhyJoYkValQjPW2x6hI9e8j5YpSXNhpT5e3hSaTrY9ghvB20dpFi_oFyzwl_yIwWLzh99YSPj1WDEfvsUHxJRmyRWNLv3qd2VDFjJPizNNm4LX2RGuhwO_Fs4baO6zXs7LUos7vUxYVZzkmQNaYr5mUc2ZkdceVfX6NWVXAZiXv6SVjPQJ2W7eXEdEMpt3D65Cz6tmn19kpnIDg9AsOULzQSCZ2ijLOfkIs7Hw29fpXEG8iY6hNvB0RPPs2zQ33ZlDht6XcxKbnwMfK4i9CSxnbL8BQvlkZ-G51v0eTHU1f8QV0uSJE-Dq8Vs4Ni38cMe0Rgtg2K5Vv2pvH--nx-HzQRSkpRa1u9Kp0jVO4JEjzAnL5TIAb12Y4WuizQKsQIBwgRZsm9cCKi3LRIuLBRq_dLh4klo9IcuM8RQLNUt9kEU_Hyi0KnAlCwY0jTpHe0xvcMZLBulvT8vdV37icN89SgNdwCd_lKYGPx50FHZXJvXcvSHFb9Hb2AHX-D9x3Wmb7hIhulYbwM2BML0usg7f-7gitFqfZn_ldbsB-v20QGz7nfogD-6KQcBT5giogX4sTNXFtRHBkjzO_kkOAXQuncT30EsKI6As7vvoFp1cN8EwJkdxvQMrGr44Gw8"}'
    headers:
      cache-control: no-cache
      content-length: '805'
      content-type: application/json; charset=utf-8
      date: Wed, 16 Oct 2019 20:41:58 GMT
      expires: '-1'
      pragma: no-cache
      server: Microsoft-IIS/10.0
      strict-transport-security: max-age=31536000;includeSubDomains
      x-aspnet-version: 4.0.30319
      x-content-type-options: nosniff
      x-ms-keyvault-network-info: addr=131.107.160.72;act_addr_fam=InterNetwork;
      x-ms-keyvault-region: westus
      x-ms-keyvault-service-version: 1.1.0.879
      x-powered-by: ASP.NET
    status:
      code: 200
      message: OK
    url: !!python/object/new:yarl.URL
      state: !!python/tuple
      - !!python/object/new:urllib.parse.SplitResult
        - https
        - vault458ad70cc7c2d1130d.vault.azure.net
        - /keys/rsa-verify-4096/8aca2ab2eed74624a85994e62ad0beec/sign
        - api-version=7.0
        - ''
- request:
    body: '{"alg": "RS256", "value": "vgZc0NQUb6WMKX___V2JntcFRO_vszKwSAj7R2rL1zg"}'
    headers:
      Accept:
      - application/json
      Content-Length:
      - '72'
      Content-Type:
      - application/json; charset=utf-8
      User-Agent:
      - azsdk-python-keyvault-keys/4.0.0b5 Python/3.6.6 (Windows-10-10.0.18362-SP0)
    method: POST
    uri: https://vault458ad70cc7c2d1130d.vault.azure.net/keys/rsa-verify-4096/8aca2ab2eed74624a85994e62ad0beec/sign?api-version=7.0
  response:
    body:
      string: '{"kid":"https://vault458ad70cc7c2d1130d.vault.azure.net/keys/rsa-verify-4096/8aca2ab2eed74624a85994e62ad0beec","value":"nMMBBFBnUoa3sCVWpyx-LVBpw0eCoBoE0JoVwk5bWZ4g5Gkxy9N5m7HZZfzEHq9hEnXLUV-9sJyjHAB-B8tMOpqFxKEh9ohW_YdXhJRZQewt291gsN5GBaMJLuoc7GZ_OuOT9hBa1BQSga6rX-L-mNsgfkoH34QoZ8KS3g3jK2kWZAxUzQlDwK17qm7anBPNXCWKZ5ibBYQFzZ2k0QGvseb5Jdl27gPTS27ZVKe5j4FY-sb4E3yLK4k3oilSvEcJpnJz2UqJg1a0dTiWk7pu2wY8KioQKWjXIn1RPPy2DPN8nW5uQRwREdt9YsicpgcJ1QmDX3Uox7pe7MZXZsCGeBKLSjirhuvXwxSjv9i2yu2KsdG4J-y4xW_rRYRxLqPucjevyxwgsCWAdzXEY1FXcRdYYjsGid__TuFugw3nAjE-3EEgIdFpAcZVUQlfg4j9Qw5iLeqR8FjlJU-__vaPMFHUj0s-WjgNCX4HD328ADPLkALO4fwi1bm4RR1BpdzWjM8EvFIwNHbdqUTCCVdfbzHxU0yIUGN-3nTd_ELMdgpKkBleWVAKkHiGGbFBxD9DftU-FQukBbKxQjZBMZVAeDg4TPGL3O6gmrfQD3dZhh-3uF7BKUVyxWbkEGBH3vGGDhwLXhp6621yVfxLGFRT9M85IvVqni_yAbWY4nrjUhU"}'
    headers:
      cache-control: no-cache
      content-length: '805'
      content-type: application/json; charset=utf-8
      date: Wed, 16 Oct 2019 20:41:59 GMT
      expires: '-1'
      pragma: no-cache
      server: Microsoft-IIS/10.0
      strict-transport-security: max-age=31536000;includeSubDomains
      x-aspnet-version: 4.0.30319
      x-content-type-options: nosniff
      x-ms-keyvault-network-info: addr=131.107.160.72;act_addr_fam=InterNetwork;
      x-ms-keyvault-region: westus
      x-ms-keyvault-service-version: 1.1.0.879
      x-powered-by: ASP.NET
    status:
      code: 200
      message: OK
    url: !!python/object/new:yarl.URL
      state: !!python/tuple
      - !!python/object/new:urllib.parse.SplitResult
        - https
        - vault458ad70cc7c2d1130d.vault.azure.net
        - /keys/rsa-verify-4096/8aca2ab2eed74624a85994e62ad0beec/sign
        - api-version=7.0
        - ''
- request:
    body: '{"alg": "RS384", "value": "OnZY76NXJ8_MBkjnc9b9RiaL5OYscmrTal040wQuLFlRrnLvJFecIvZl2KjXqwVB"}'
    headers:
      Accept:
      - application/json
      Content-Length:
      - '93'
      Content-Type:
      - application/json; charset=utf-8
      User-Agent:
      - azsdk-python-keyvault-keys/4.0.0b5 Python/3.6.6 (Windows-10-10.0.18362-SP0)
    method: POST
    uri: https://vault458ad70cc7c2d1130d.vault.azure.net/keys/rsa-verify-4096/8aca2ab2eed74624a85994e62ad0beec/sign?api-version=7.0
  response:
    body:
      string: '{"kid":"https://vault458ad70cc7c2d1130d.vault.azure.net/keys/rsa-verify-4096/8aca2ab2eed74624a85994e62ad0beec","value":"SwVTi-xBFe7iiZp9qZQY-bKKzX_wGhz31a8lCKsTCiTd1iK-kl-uuxt6U5NaFlMNNL3lks9oRtxZAARpIhDirYCSz7UEHgMIOoM7MQW8xpyCGqkcX0EPIMJAqCEd0-rAa5UyzYjcyIP97UUEK_1Y5QIUUVMzqc9rWvkfYxJ64wP20TDub0hP9OXg0DBvXL7fFRWp7oTi-aeg78vcGwXAE-qzLZGq4OZhnNTJ2FHxxaLtnGBzuMBEXybPmGfAwjJ4yP2HwjAIyST-H5G7cZN738nd5H4xPRf8ZtERl6wPvRcK15lBPse8zC9dOdO0QhylmWgzenUD9F0Xk5FIIKfBjyRP0uLStIRNtOucC7dznEjXIcSWAnqpl31QNzRwGT9I2NTS9I5dz1wZmG75QdFtHDsUMnxYix-jAndPOatnokVeCicFMOmQZ9k__h5tkoAwxEyap-_ZxIO6u-xxuSk7vcgNR8YqU65_kup9qBAbLemOw-7FhcKj8C2iwGk2RH1wo_jNy2ifqTxUN2YtkR7scziwkKZZcgcD8oS7RcyLfFUS-4BTaCdx55-oPm7E_NY3jJaOZH26GgVlQr8OtZUzLU7ERC7vD8aD0-7YgkrRBKh84ZjK0pR4ZcudaVOFI731r4lJFXYwDunTmysGWKFMrePF3-l9kolIxNLDVFlh_FM"}'
    headers:
      cache-control: no-cache
      content-length: '805'
      content-type: application/json; charset=utf-8
      date: Wed, 16 Oct 2019 20:41:59 GMT
      expires: '-1'
      pragma: no-cache
      server: Microsoft-IIS/10.0
      strict-transport-security: max-age=31536000;includeSubDomains
      x-aspnet-version: 4.0.30319
      x-content-type-options: nosniff
      x-ms-keyvault-network-info: addr=131.107.160.72;act_addr_fam=InterNetwork;
      x-ms-keyvault-region: westus
      x-ms-keyvault-service-version: 1.1.0.879
      x-powered-by: ASP.NET
    status:
      code: 200
      message: OK
    url: !!python/object/new:yarl.URL
      state: !!python/tuple
      - !!python/object/new:urllib.parse.SplitResult
        - https
        - vault458ad70cc7c2d1130d.vault.azure.net
        - /keys/rsa-verify-4096/8aca2ab2eed74624a85994e62ad0beec/sign
        - api-version=7.0
        - ''
- request:
    body: '{"alg": "RS512", "value": "zZyL-eOHDnnq34aZaWgBMobx4x2Pm3mPRo4eqnRmLK6sE0jsXZFOFhMXaTcvILQxovTsMMh9JupeojYCnDvfrQ"}'
    headers:
      Accept:
      - application/json
      Content-Length:
      - '115'
      Content-Type:
      - application/json; charset=utf-8
      User-Agent:
      - azsdk-python-keyvault-keys/4.0.0b5 Python/3.6.6 (Windows-10-10.0.18362-SP0)
    method: POST
    uri: https://vault458ad70cc7c2d1130d.vault.azure.net/keys/rsa-verify-4096/8aca2ab2eed74624a85994e62ad0beec/sign?api-version=7.0
  response:
    body:
      string: '{"kid":"https://vault458ad70cc7c2d1130d.vault.azure.net/keys/rsa-verify-4096/8aca2ab2eed74624a85994e62ad0beec","value":"jgwgmwhD7JBI-AQDaTtBso7oTew3puhBk_G1Op1dw8flQ8jduKkivpfm_M1wxoTMfwHsyLDOzGxUf_8ZS-kMSTRJYWrQLjqlzJ2OFCRp7cL6PDObglvuCZzaGDarMV5HScYHNXfqGdRQp57w8ClWbmop8ObVVyAoU_MMhJRtAybAx4ecQcLuEUbm-KRg8a2hwdElE8E0qafHUTZ5aR-2yjSIaeLhqFLWAxTp3b3cMczQG9BCgP7sx9ey0hKP8-AIyaKFTAijtob_xIXfEn7khbfiKHJudQ0SULvYU_ltpjbTrUW2ECBi5eW2mv0Ch25lLAjetuFayLOsCx3NmcrOTodLCrT5UD64iCHPXWpllSC2CNZzMpTPeq4yadgcqosFi6sWLlsTS3Otcra5NWSwhc_3y7m_gzujD9dmgb3w-WTMcLsQRSp__BLjJDnxYV7lJ86EdEASdfir64Ll4oGFBCyDBfXc8F4dis2uGNk-FfK0KRRPHBdYvAOzomFh7Pmu7w3_JyrlzWIre3I0WDTlA8gZu4dwAkLfEXL5CZHbn-WKD30mG1x7Jf40LUVP66C7ZPcO9WuS0JjI73hdoJ-EEO2473NDk2p2GujPRZmEVuZ5gkw1x8dqTEQLthICT9M6refzSVgdZOhz7qIVGxf5GfdxwMsN6T-uPilqtpr0BlQ"}'
    headers:
      cache-control: no-cache
      content-length: '805'
      content-type: application/json; charset=utf-8
      date: Wed, 16 Oct 2019 20:41:59 GMT
      expires: '-1'
      pragma: no-cache
      server: Microsoft-IIS/10.0
      strict-transport-security: max-age=31536000;includeSubDomains
      x-aspnet-version: 4.0.30319
      x-content-type-options: nosniff
      x-ms-keyvault-network-info: addr=131.107.160.72;act_addr_fam=InterNetwork;
      x-ms-keyvault-region: westus
      x-ms-keyvault-service-version: 1.1.0.879
      x-powered-by: ASP.NET
    status:
      code: 200
      message: OK
    url: !!python/object/new:yarl.URL
      state: !!python/tuple
      - !!python/object/new:urllib.parse.SplitResult
        - https
        - vault458ad70cc7c2d1130d.vault.azure.net
        - /keys/rsa-verify-4096/8aca2ab2eed74624a85994e62ad0beec/sign
        - api-version=7.0
        - ''
version: 1
