interactions:
- request:
    body: null
    headers:
      Accept:
      - application/json
      Accept-Encoding:
      - gzip, deflate
      Connection:
      - keep-alive
      Content-Length:
      - '0'
      Content-Type:
      - application/json; charset=utf-8
      User-Agent:
      - azsdk-python-keyvault-keys/4.2.0b1 Python/3.8.0 (Windows-10-10.0.18362-SP0)
    method: POST
    uri: https://vaultname.vault.azure.net/keys/crypto-test-wrapping-key25cf0f71/create?api-version=7.1-preview
  response:
    body:
      string: '{"error":{"code":"Unauthorized","message":"Request is missing a Bearer
        or PoP token."}}'
    headers:
      cache-control:
      - no-cache
      content-length:
      - '87'
      content-type:
      - application/json; charset=utf-8
      date:
      - Thu, 05 Mar 2020 23:16:28 GMT
      expires:
      - '-1'
      pragma:
      - no-cache
      server:
      - Microsoft-IIS/10.0
      strict-transport-security:
      - max-age=31536000;includeSubDomains
      www-authenticate:
      - Bearer authorization="https://login.windows.net/72f988bf-86f1-41af-91ab-2d7cd011db47",
        resource="https://vault.azure.net"
      x-aspnet-version:
      - 4.0.30319
      x-content-type-options:
      - nosniff
      x-ms-keyvault-network-info:
      - addr=76.121.58.221;act_addr_fam=InterNetwork;
      x-ms-keyvault-region:
      - westus
      x-ms-keyvault-service-version:
      - 1.1.0.897
      x-powered-by:
      - ASP.NET
    status:
      code: 401
      message: Unauthorized
- request:
    body: '{"kty": "RSA"}'
    headers:
      Accept:
      - application/json
      Accept-Encoding:
      - gzip, deflate
      Connection:
      - keep-alive
      Content-Length:
      - '14'
      Content-Type:
      - application/json; charset=utf-8
      User-Agent:
      - azsdk-python-keyvault-keys/4.2.0b1 Python/3.8.0 (Windows-10-10.0.18362-SP0)
    method: POST
    uri: https://vaultname.vault.azure.net/keys/crypto-test-wrapping-key25cf0f71/create?api-version=7.1-preview
  response:
    body:
      string: '{"key":{"kid":"https://vaultname.vault.azure.net/keys/crypto-test-wrapping-key25cf0f71/3fdde5e0613045299195750a9b4ee2f8","kty":"RSA","key_ops":["encrypt","decrypt","sign","verify","wrapKey","unwrapKey"],"n":"q0XQH8eRp_3XeRWjQpgPj3Z-wTLGdspReKSLdeg8arDodllOg5gZfS26Q5Ti56NC5F4IS__-uhJ2vX6D6ZmhE6qjJmrJWcqNVtPmaDs63TCWAyERvnUGrEHETs_DP3S_AUi1IP0Sl8CqoQE2r3CEI2lGf1eGgIULEWp9VtxnaIWHM3410gitkfNuLObhmiNnRuOLiJMtdjVUiDtog9kFYeXopkhiYbdPvX9dZd2W0Oo4nmJeS6tTIuns1trQI9dE-ZbTTOkxtFWKjBPW7LnTEhmLJ0ap6QdsWhiiMp3OjECTVE3LBWBe-_93TBRQiDg4r9JtWOrBmOF3_Ddpk4JyTw","e":"AQAB"},"attributes":{"enabled":true,"created":1583450189,"updated":1583450189,"recoveryLevel":"Recoverable+Purgeable"}}'
    headers:
      cache-control:
      - no-cache
      content-length:
      - '691'
      content-type:
      - application/json; charset=utf-8
      date:
      - Thu, 05 Mar 2020 23:16:28 GMT
      expires:
      - '-1'
      pragma:
      - no-cache
      server:
      - Microsoft-IIS/10.0
      strict-transport-security:
      - max-age=31536000;includeSubDomains
      x-aspnet-version:
      - 4.0.30319
      x-content-type-options:
      - nosniff
      x-ms-keyvault-network-info:
      - addr=76.121.58.221;act_addr_fam=InterNetwork;
      x-ms-keyvault-region:
      - westus
      x-ms-keyvault-service-version:
      - 1.1.0.897
      x-powered-by:
      - ASP.NET
    status:
      code: 200
      message: OK
- request:
    body: '{"alg": "RS256", "value": "ltYuKr0-Qt5fUDMPuO_ExVmYNSeAd7IemqCzPB3wehw"}'
    headers:
      Accept:
      - application/json
      Accept-Encoding:
      - gzip, deflate
      Connection:
      - keep-alive
      Content-Length:
      - '72'
      Content-Type:
      - application/json; charset=utf-8
      User-Agent:
      - azsdk-python-keyvault-keys/4.2.0b1 Python/3.8.0 (Windows-10-10.0.18362-SP0)
    method: POST
    uri: https://vaultname.vault.azure.net/keys/crypto-test-wrapping-key25cf0f71/3fdde5e0613045299195750a9b4ee2f8/sign?api-version=7.1-preview
  response:
    body:
      string: '{"kid":"https://vaultname.vault.azure.net/keys/crypto-test-wrapping-key25cf0f71/3fdde5e0613045299195750a9b4ee2f8","value":"H_7TN1eg_FMa8_a22HvcbnXa7lPsKGar8zBiXAjHowtp9tKxLYYKf2GQUZbFPwhbxaU9t0l16rzUsTvQgABlu_OZlIDrv0xFR6SROsnDA_-OrowuizWZjTP8ucbt69WRmpH3okb3i8VDAI0O6fz1wnNMP8gJDi5Pf0JVkRff3_sFbcdagaSC4nxS3-2Tbvv5u3Vc2_48u6Wfw2mGN1YbmmZCNnn8GpemHwRryL4VhXPS8lU979-e0sKRkTvesnUItd30dsxIpnaojPj-OMbx8o5CVaj-HIyHSWoNlVK5aS0rVgADctNzcG5JLNsLmPccshRqv1j4pvy5ljOKfx46Cg"}'
    headers:
      cache-control:
      - no-cache
      content-length:
      - '482'
      content-type:
      - application/json; charset=utf-8
      date:
      - Thu, 05 Mar 2020 23:16:29 GMT
      expires:
      - '-1'
      pragma:
      - no-cache
      server:
      - Microsoft-IIS/10.0
      strict-transport-security:
      - max-age=31536000;includeSubDomains
      x-aspnet-version:
      - 4.0.30319
      x-content-type-options:
      - nosniff
      x-ms-keyvault-network-info:
      - addr=76.121.58.221;act_addr_fam=InterNetwork;
      x-ms-keyvault-region:
      - westus
      x-ms-keyvault-service-version:
      - 1.1.0.897
      x-powered-by:
      - ASP.NET
    status:
      code: 200
      message: OK
version: 1
