interactions:
- request:
    body: null
    headers:
      Accept:
      - application/json
      Content-Length:
      - '0'
      Content-Type:
      - application/json
      User-Agent:
      - azsdk-python-keyvault-keys/4.3.2 Python/3.5.3 (Windows-10-10.0.19041-SP0)
    method: POST
    uri: https://vaultname.vault.azure.netkeys/livekvtestkeywrapaf9e12b1/create?api-version=7.1
  response:
    body:
      string: '{"error":{"code":"Unauthorized","message":"Request is missing a Bearer
        or PoP token."}}'
    headers:
      cache-control: no-cache
      content-length: '87'
      content-type: application/json; charset=utf-8
      date: Fri, 05 Feb 2021 23:53:19 GMT
      expires: '-1'
      pragma: no-cache
      strict-transport-security: max-age=31536000;includeSubDomains
      www-authenticate: Bearer authorization="https://login.windows.net/72f988bf-86f1-41af-91ab-2d7cd011db47",
        resource="https://vault.azure.net"
      x-content-type-options: nosniff
      x-ms-keyvault-network-info: conn_type=Ipv4;addr=174.127.232.53;act_addr_fam=InterNetwork;
      x-ms-keyvault-region: northeurope
      x-ms-keyvault-service-version: 1.2.164.0
      x-powered-by: ASP.NET
    status:
      code: 401
      message: Unauthorized
    url: https://mcpatinotest.vault.azure.net/keys/livekvtestkeywrapaf9e12b1/create?api-version=7.1
- request:
    body: '{"kty": "RSA"}'
    headers:
      Accept:
      - application/json
      Content-Length:
      - '14'
      Content-Type:
      - application/json
      User-Agent:
      - azsdk-python-keyvault-keys/4.3.2 Python/3.5.3 (Windows-10-10.0.19041-SP0)
    method: POST
    uri: https://vaultname.vault.azure.netkeys/livekvtestkeywrapaf9e12b1/create?api-version=7.1
  response:
    body:
      string: '{"key":{"kid":"https://vaultname.vault.azure.netkeys/livekvtestkeywrapaf9e12b1/2fa2c741e3cd45cd8d385211c0f75dd7","kty":"RSA","key_ops":["encrypt","decrypt","sign","verify","wrapKey","unwrapKey"],"n":"zxkOi0-tgcG-YgVXy1mfW9pE7G7vdzT_9WdGBmLeyP2MSlWv6pkdAy4nJGB_lj7B0sAHbJ3nNhR6BW_5Wp9S-nfExdq4qYVzt9VeStjJgGUcLvf7hRsS0YzF3FsrCIpv4hKcj4ohkTuYlrHsS36eTzR-YYh7Q0ssSM0k3xjLt1NkTOnwbV9LixYfY1zcVE6htqxErN3Q9SFgKl_kL87Uy7omomZGujNLtT_x-qvuCs5qgusNmBpvrSy8W1rCHq4R84kfQGmQypQ8E7XDgDgVinHBYtm7EvCVthuElXsGIbKfkJeBQF06GAuSe_ZmfQQBxyLcnUQJvkapL_t5ZlC4fQ","e":"AQAB"},"attributes":{"enabled":true,"created":1612569201,"updated":1612569201,"recoveryLevel":"Recoverable+Purgeable","recoverableDays":90}}'
    headers:
      cache-control: no-cache
      content-length: '693'
      content-type: application/json; charset=utf-8
      date: Fri, 05 Feb 2021 23:53:21 GMT
      expires: '-1'
      pragma: no-cache
      strict-transport-security: max-age=31536000;includeSubDomains
      x-content-type-options: nosniff
      x-ms-keyvault-network-info: conn_type=Ipv4;addr=174.127.232.53;act_addr_fam=InterNetwork;
      x-ms-keyvault-region: northeurope
      x-ms-keyvault-service-version: 1.2.164.0
      x-powered-by: ASP.NET
    status:
      code: 200
      message: OK
    url: https://mcpatinotest.vault.azure.net/keys/livekvtestkeywrapaf9e12b1/create?api-version=7.1
- request:
    body: null
    headers:
      Accept:
      - application/json
      User-Agent:
      - azsdk-python-keyvault-keys/4.3.2 Python/3.5.3 (Windows-10-10.0.19041-SP0)
    method: GET
    uri: https://vaultname.vault.azure.netkeys/livekvtestkeywrapaf9e12b1/2fa2c741e3cd45cd8d385211c0f75dd7?api-version=7.1
  response:
    body:
      string: '{"key":{"kid":"https://vaultname.vault.azure.netkeys/livekvtestkeywrapaf9e12b1/2fa2c741e3cd45cd8d385211c0f75dd7","kty":"RSA","key_ops":["encrypt","decrypt","sign","verify","wrapKey","unwrapKey"],"n":"zxkOi0-tgcG-YgVXy1mfW9pE7G7vdzT_9WdGBmLeyP2MSlWv6pkdAy4nJGB_lj7B0sAHbJ3nNhR6BW_5Wp9S-nfExdq4qYVzt9VeStjJgGUcLvf7hRsS0YzF3FsrCIpv4hKcj4ohkTuYlrHsS36eTzR-YYh7Q0ssSM0k3xjLt1NkTOnwbV9LixYfY1zcVE6htqxErN3Q9SFgKl_kL87Uy7omomZGujNLtT_x-qvuCs5qgusNmBpvrSy8W1rCHq4R84kfQGmQypQ8E7XDgDgVinHBYtm7EvCVthuElXsGIbKfkJeBQF06GAuSe_ZmfQQBxyLcnUQJvkapL_t5ZlC4fQ","e":"AQAB"},"attributes":{"enabled":true,"created":1612569201,"updated":1612569201,"recoveryLevel":"Recoverable+Purgeable","recoverableDays":90}}'
    headers:
      cache-control: no-cache
      content-length: '693'
      content-type: application/json; charset=utf-8
      date: Fri, 05 Feb 2021 23:53:21 GMT
      expires: '-1'
      pragma: no-cache
      strict-transport-security: max-age=31536000;includeSubDomains
      x-content-type-options: nosniff
      x-ms-keyvault-network-info: conn_type=Ipv4;addr=174.127.232.53;act_addr_fam=InterNetwork;
      x-ms-keyvault-region: northeurope
      x-ms-keyvault-service-version: 1.2.164.0
      x-powered-by: ASP.NET
    status:
      code: 200
      message: OK
    url: https://mcpatinotest.vault.azure.net/keys/livekvtestkeywrapaf9e12b1/2fa2c741e3cd45cd8d385211c0f75dd7?api-version=7.1
- request:
    body: '{"alg": "RSA-OAEP", "value": "a5Zu6ZImH1QhF2qahdNAOqYVUF6iLGUcTYOBlKnpNB40jWmDT672IzJKery4VP-Wi-JlZmGxBF5MeyTkp0KSsgKmIMfK7UfmO9rVtQpcYb-zMtGu1om6ripPWzy-MJJXuX9JvQLDs4fiZSHVrpDi0eINMCff2zOoQDQuBT9Z_rzwFRzCY4fB7gWU8L_T-t7tX3rBFR_ezyeaGhryHfv9LAi3R3Qou_mW_FlqtADWcYo7F8dhwkf57Fj49kPOHCgHaiRsyz-4qHjZn8GSGm9Q9bgwEx9HILvKNNvuifVhkIO0JMRMzqmxo1Itm0bZw6gMqYJEWTK7gF-TzAJYFCCuNA"}'
    headers:
      Accept:
      - application/json
      Content-Length:
      - '374'
      Content-Type:
      - application/json
      User-Agent:
      - azsdk-python-keyvault-keys/4.3.2 Python/3.5.3 (Windows-10-10.0.19041-SP0)
    method: POST
    uri: https://vaultname.vault.azure.netkeys/livekvtestkeywrapaf9e12b1/2fa2c741e3cd45cd8d385211c0f75dd7/unwrapkey?api-version=7.1
  response:
    body:
      string: '{"kid":"https://vaultname.vault.azure.netkeys/livekvtestkeywrapaf9e12b1/2fa2c741e3cd45cd8d385211c0f75dd7","value":"NTA2M2U2YWFhODQ1ZjE1MDIwMDU0Nzk0NGZkMTk5Njc5Yzk4ZWQ2Zjk5ZGEwYTBiMmRhZmVhZjFmNDY4NDQ5NmZkNTMyYzFjMjI5OTY4Y2I5ZGVlNDQ5NTdmY2VmN2NjZWY1OWNlZGEwYjM2MmU1NmJjZDc4ZmQzZmFlZTU3ODFjNjIzYzBiYjIyYjM1YmVhYmRlMDY2NGZkMzBlMGU4MjRhYmEzZGQxYjBhZmZmYzRhM2Q5NTVlZGUyMGNmNmE4NTRkNTJjZmQ"}'
    headers:
      cache-control: no-cache
      content-length: '388'
      content-type: application/json; charset=utf-8
      date: Fri, 05 Feb 2021 23:53:21 GMT
      expires: '-1'
      pragma: no-cache
      strict-transport-security: max-age=31536000;includeSubDomains
      x-content-type-options: nosniff
      x-ms-keyvault-network-info: conn_type=Ipv4;addr=174.127.232.53;act_addr_fam=InterNetwork;
      x-ms-keyvault-region: northeurope
      x-ms-keyvault-service-version: 1.2.164.0
      x-powered-by: ASP.NET
    status:
      code: 200
      message: OK
    url: https://mcpatinotest.vault.azure.net/keys/livekvtestkeywrapaf9e12b1/2fa2c741e3cd45cd8d385211c0f75dd7/unwrapkey?api-version=7.1
version: 1
