interactions:
- request:
    body: null
    headers:
      Accept:
      - application/json
      Accept-Encoding:
      - gzip, deflate
      Connection:
      - keep-alive
      Content-Length:
      - '0'
      Content-Type:
      - application/json
      User-Agent:
      - azsdk-python-keyvault-keys/4.5.0b1 Python/3.9.0 (Windows-10-10.0.19041-SP0)
    method: POST
    uri: https://vaultname.vault.azure.net/keys/livekvtestrsakey33df151a/create?api-version=7.3-preview
  response:
    body:
      string: '{"error":{"code":"Unauthorized","message":"AKV10000: Request is missing
        a Bearer or PoP token."}}'
    headers:
      cache-control:
      - no-cache
      content-length:
      - '97'
      content-type:
      - application/json; charset=utf-8
      date:
      - Tue, 06 Jul 2021 20:56:10 GMT
      expires:
      - '-1'
      pragma:
      - no-cache
      strict-transport-security:
      - max-age=31536000;includeSubDomains
      www-authenticate:
      - Bearer authorization="https://login.windows.net/72f988bf-86f1-41af-91ab-2d7cd011db47",
        resource="https://vault.azure.net"
      x-content-type-options:
      - nosniff
      x-ms-keyvault-network-info:
      - conn_type=Ipv4;addr=172.92.159.124;act_addr_fam=InterNetwork;
      x-ms-keyvault-region:
      - westus
      x-ms-keyvault-service-version:
      - 1.9.12.0
      x-powered-by:
      - ASP.NET
    status:
      code: 401
      message: Unauthorized
- request:
    body: '{"kty": "RSA"}'
    headers:
      Accept:
      - application/json
      Accept-Encoding:
      - gzip, deflate
      Connection:
      - keep-alive
      Content-Length:
      - '14'
      Content-Type:
      - application/json
      User-Agent:
      - azsdk-python-keyvault-keys/4.5.0b1 Python/3.9.0 (Windows-10-10.0.19041-SP0)
    method: POST
    uri: https://vaultname.vault.azure.net/keys/livekvtestrsakey33df151a/create?api-version=7.3-preview
  response:
    body:
      string: '{"key":{"kid":"https://vaultname.vault.azure.net/keys/livekvtestrsakey33df151a/81fe9e1464644631808d9165c41b7923","kty":"RSA","key_ops":["encrypt","decrypt","sign","verify","wrapKey","unwrapKey"],"n":"3LYQ8AJaYGBFMNxTd7gyPmvR-a82MJpZdBkqhjqY5qRV26_6M_2z4LPgKj6IqZvwb434sznIA31dXYQaPVZDMIGyQc9-lUR-tEkmjNMOZkVgdkL5s5n247ECH33TMHAIDRfUdESEGwQG2q3Ug0Smey02o2Zn8KKjRB6ObEPs3GRKXg4peh-ihyFZyWZTInKuOYbgkRN7CxOLq6izzi_-20x_Piue3ETIGdRw5F8vDoQhoZPF6-b7_sJuLrEnwXMrtoEiZlkv4lke8kAKe2utzwAx5fEUeUWyOVHFIXobt2DznkhZ4i_9FXm7xpByQKRJ24MfzY9nb5kbNFQMuJh0JQ","e":"AQAB"},"attributes":{"enabled":true,"created":1625604971,"updated":1625604971,"recoveryLevel":"Recoverable+Purgeable","recoverableDays":90}}'
    headers:
      cache-control:
      - no-cache
      content-length:
      - '692'
      content-type:
      - application/json; charset=utf-8
      date:
      - Tue, 06 Jul 2021 20:56:11 GMT
      expires:
      - '-1'
      pragma:
      - no-cache
      strict-transport-security:
      - max-age=31536000;includeSubDomains
      x-content-type-options:
      - nosniff
      x-ms-keyvault-network-info:
      - conn_type=Ipv4;addr=172.92.159.124;act_addr_fam=InterNetwork;
      x-ms-keyvault-region:
      - westus
      x-ms-keyvault-service-version:
      - 1.9.12.0
      x-powered-by:
      - ASP.NET
    status:
      code: 200
      message: OK
- request:
    body: null
    headers:
      Accept:
      - application/json
      Accept-Encoding:
      - gzip, deflate
      Connection:
      - keep-alive
      User-Agent:
      - azsdk-python-keyvault-keys/4.5.0b1 Python/3.9.0 (Windows-10-10.0.19041-SP0)
    method: GET
    uri: https://vaultname.vault.azure.net/keys/livekvtestrsakey33df151a/81fe9e1464644631808d9165c41b7923?api-version=7.3-preview
  response:
    body:
      string: '{"key":{"kid":"https://vaultname.vault.azure.net/keys/livekvtestrsakey33df151a/81fe9e1464644631808d9165c41b7923","kty":"RSA","key_ops":["encrypt","decrypt","sign","verify","wrapKey","unwrapKey"],"n":"3LYQ8AJaYGBFMNxTd7gyPmvR-a82MJpZdBkqhjqY5qRV26_6M_2z4LPgKj6IqZvwb434sznIA31dXYQaPVZDMIGyQc9-lUR-tEkmjNMOZkVgdkL5s5n247ECH33TMHAIDRfUdESEGwQG2q3Ug0Smey02o2Zn8KKjRB6ObEPs3GRKXg4peh-ihyFZyWZTInKuOYbgkRN7CxOLq6izzi_-20x_Piue3ETIGdRw5F8vDoQhoZPF6-b7_sJuLrEnwXMrtoEiZlkv4lke8kAKe2utzwAx5fEUeUWyOVHFIXobt2DznkhZ4i_9FXm7xpByQKRJ24MfzY9nb5kbNFQMuJh0JQ","e":"AQAB"},"attributes":{"enabled":true,"created":1625604971,"updated":1625604971,"recoveryLevel":"Recoverable+Purgeable","recoverableDays":90}}'
    headers:
      cache-control:
      - no-cache
      content-length:
      - '692'
      content-type:
      - application/json; charset=utf-8
      date:
      - Tue, 06 Jul 2021 20:56:11 GMT
      expires:
      - '-1'
      pragma:
      - no-cache
      strict-transport-security:
      - max-age=31536000;includeSubDomains
      x-content-type-options:
      - nosniff
      x-ms-keyvault-network-info:
      - conn_type=Ipv4;addr=172.92.159.124;act_addr_fam=InterNetwork;
      x-ms-keyvault-region:
      - westus
      x-ms-keyvault-service-version:
      - 1.9.12.0
      x-powered-by:
      - ASP.NET
    status:
      code: 200
      message: OK
version: 1
