interactions:
- request:
    body: null
    headers:
      Accept: [application/json]
      Accept-Encoding: ['gzip, deflate']
      Connection: [keep-alive]
      Content-Length: ['0']
      Content-Type: [application/json; charset=utf-8]
      User-Agent: [azsdk-python-keyvault-keys/4.0.0b2 Python/3.6.6 (Windows-10-10.0.18362-SP0)]
    method: POST
    uri: https://vault450e1034.vault.azure.net/keys/keywrap450e1034/create?api-version=7.0
  response:
    body: {string: '{"error":{"code":"Unauthorized","message":"Request is missing
        a Bearer or PoP token."}}'}
    headers:
      cache-control: [no-cache]
      content-length: ['87']
      content-type: [application/json; charset=utf-8]
      date: ['Wed, 14 Aug 2019 20:56:12 GMT']
      expires: ['-1']
      pragma: [no-cache]
      server: [Microsoft-IIS/10.0]
      strict-transport-security: [max-age=31536000;includeSubDomains]
      www-authenticate: ['Bearer authorization="https://login.windows.net/72f988bf-86f1-41af-91ab-2d7cd011db47",
          resource="https://vault.azure.net"']
      x-aspnet-version: [4.0.30319]
      x-content-type-options: [nosniff]
      x-ms-keyvault-network-info: [addr=131.107.174.72;act_addr_fam=InterNetwork;]
      x-ms-keyvault-region: [westus]
      x-ms-keyvault-service-version: [1.1.0.875]
      x-powered-by: [ASP.NET]
    status: {code: 401, message: Unauthorized}
- request:
    body: '{"kty": "RSA"}'
    headers:
      Accept: [application/json]
      Accept-Encoding: ['gzip, deflate']
      Connection: [keep-alive]
      Content-Length: ['14']
      Content-Type: [application/json; charset=utf-8]
      User-Agent: [azsdk-python-keyvault-keys/4.0.0b2 Python/3.6.6 (Windows-10-10.0.18362-SP0)]
    method: POST
    uri: https://vault450e1034.vault.azure.net/keys/keywrap450e1034/create?api-version=7.0
  response:
    body: {string: '{"key":{"kid":"https://vault450e1034.vault.azure.net/keys/keywrap450e1034/054467d50c1b4e159921fec479bbb55d","kty":"RSA","key_ops":["encrypt","decrypt","sign","verify","wrapKey","unwrapKey"],"n":"ybPoZEnaqPcQxoQneDWu1bzd9jiQt2kx7Twamkqhr4TZ7DxtQrLBe8S4isTToI5bv4X7SIqmY_pq-PEEOQBOZwK8J1zvgOJc3YJGgHrz28T9rbBZluOTR0gzLYZuHUy2p9n8JQlDt5q4ScfI9CB5JL1otEzVP30iOQeydh2vVxY0ZHJKfCtTKlSbogzoHpQX3Qorx8ippZiMyR-c22qQeNOsPfywf_lbp0TYjrNkcBGTF_ioMduCuU_tifHDlzl3mbO1KbWfe5jXB8Qb6jG1bl6349EPb7CHnUQFccthGvMfsS5Lih-PQPg0ZBzUcaH0hfxjEqnsqUp1xbTnNdx_Zw","e":"AQAB"},"attributes":{"enabled":true,"created":1565816173,"updated":1565816173,"recoveryLevel":"Purgeable"}}'}
    headers:
      cache-control: [no-cache]
      content-length: ['651']
      content-type: [application/json; charset=utf-8]
      date: ['Wed, 14 Aug 2019 20:56:13 GMT']
      expires: ['-1']
      pragma: [no-cache]
      server: [Microsoft-IIS/10.0]
      strict-transport-security: [max-age=31536000;includeSubDomains]
      x-aspnet-version: [4.0.30319]
      x-content-type-options: [nosniff]
      x-ms-keyvault-network-info: [addr=131.107.174.72;act_addr_fam=InterNetwork;]
      x-ms-keyvault-region: [westus]
      x-ms-keyvault-service-version: [1.1.0.875]
      x-powered-by: [ASP.NET]
    status: {code: 200, message: OK}
- request:
    body: '{"alg": "RSA-OAEP", "value": "NTA2M2U2YWFhODQ1ZjE1MDIwMDU0Nzk0NGZkMTk5Njc5Yzk4ZWQ2Zjk5ZGEwYTBiMmRhZmVhZjFmNDY4NDQ5NmZkNTMyYzFjMjI5OTY4Y2I5ZGVlNDQ5NTdmY2VmN2NjZWY1OWNlZGEwYjM2MmU1NmJjZDc4ZmQzZmFlZTU3ODFjNjIzYzBiYjIyYjM1YmVhYmRlMDY2NGZkMzBlMGU4MjRhYmEzZGQxYjBhZmZmYzRhM2Q5NTVlZGUyMGNmNmE4NTRkNTJjZmQ"}'
    headers:
      Accept: [application/json]
      Accept-Encoding: ['gzip, deflate']
      Connection: [keep-alive]
      Content-Length: ['299']
      Content-Type: [application/json; charset=utf-8]
      User-Agent: [azsdk-python-keyvault-keys/4.0.0b2 Python/3.6.6 (Windows-10-10.0.18362-SP0)]
    method: POST
    uri: https://vault450e1034.vault.azure.net/keys/keywrap450e1034/054467d50c1b4e159921fec479bbb55d/wrapkey?api-version=7.0
  response:
    body: {string: '{"kid":"https://vault450e1034.vault.azure.net/keys/keywrap450e1034/054467d50c1b4e159921fec479bbb55d","value":"gaBJE46PyNRVf_499xYbeMQl7KESbigsH66y0ymj0K4gYFA35oH1f7Vl9Y3512hxPY1B6B8IRLdVNf4TjvxzCRhGbE9AyrRn8s5M1MaraZkiF0yzKZ7qPz6-KoefSKvdQUrBDFv_lYWl-LRtioASgR4VgXlmABe5X4tzqc5op7SERuRytmVd20rYRO7oRGoxIh5PoDpw_3UeCaSFVB140d6opvbEXiPedBOPyZBXzZ8aOL6UAN4ZlssLnGwQBD-PVPLDZ9fwZ4tCnK6wpPX7RJIXU1-qj0c42PMyR5GwkldMIL0KANqUZC3Z4Mg5GKFLEszTrBy9ZxgScLoPSy16yQ"}'}
    headers:
      cache-control: [no-cache]
      content-length: ['454']
      content-type: [application/json; charset=utf-8]
      date: ['Wed, 14 Aug 2019 20:56:13 GMT']
      expires: ['-1']
      pragma: [no-cache]
      server: [Microsoft-IIS/10.0]
      strict-transport-security: [max-age=31536000;includeSubDomains]
      x-aspnet-version: [4.0.30319]
      x-content-type-options: [nosniff]
      x-ms-keyvault-network-info: [addr=131.107.174.72;act_addr_fam=InterNetwork;]
      x-ms-keyvault-region: [westus]
      x-ms-keyvault-service-version: [1.1.0.875]
      x-powered-by: [ASP.NET]
    status: {code: 200, message: OK}
- request:
    body: '{"alg": "RSA-OAEP", "value": "gaBJE46PyNRVf_499xYbeMQl7KESbigsH66y0ymj0K4gYFA35oH1f7Vl9Y3512hxPY1B6B8IRLdVNf4TjvxzCRhGbE9AyrRn8s5M1MaraZkiF0yzKZ7qPz6-KoefSKvdQUrBDFv_lYWl-LRtioASgR4VgXlmABe5X4tzqc5op7SERuRytmVd20rYRO7oRGoxIh5PoDpw_3UeCaSFVB140d6opvbEXiPedBOPyZBXzZ8aOL6UAN4ZlssLnGwQBD-PVPLDZ9fwZ4tCnK6wpPX7RJIXU1-qj0c42PMyR5GwkldMIL0KANqUZC3Z4Mg5GKFLEszTrBy9ZxgScLoPSy16yQ"}'
    headers:
      Accept: [application/json]
      Accept-Encoding: ['gzip, deflate']
      Connection: [keep-alive]
      Content-Length: ['374']
      Content-Type: [application/json; charset=utf-8]
      User-Agent: [azsdk-python-keyvault-keys/4.0.0b2 Python/3.6.6 (Windows-10-10.0.18362-SP0)]
    method: POST
    uri: https://vault450e1034.vault.azure.net/keys/keywrap450e1034/054467d50c1b4e159921fec479bbb55d/unwrapkey?api-version=7.0
  response:
    body: {string: '{"kid":"https://vault450e1034.vault.azure.net/keys/keywrap450e1034/054467d50c1b4e159921fec479bbb55d","value":"NTA2M2U2YWFhODQ1ZjE1MDIwMDU0Nzk0NGZkMTk5Njc5Yzk4ZWQ2Zjk5ZGEwYTBiMmRhZmVhZjFmNDY4NDQ5NmZkNTMyYzFjMjI5OTY4Y2I5ZGVlNDQ5NTdmY2VmN2NjZWY1OWNlZGEwYjM2MmU1NmJjZDc4ZmQzZmFlZTU3ODFjNjIzYzBiYjIyYjM1YmVhYmRlMDY2NGZkMzBlMGU4MjRhYmEzZGQxYjBhZmZmYzRhM2Q5NTVlZGUyMGNmNmE4NTRkNTJjZmQ"}'}
    headers:
      cache-control: [no-cache]
      content-length: ['379']
      content-type: [application/json; charset=utf-8]
      date: ['Wed, 14 Aug 2019 20:56:13 GMT']
      expires: ['-1']
      pragma: [no-cache]
      server: [Microsoft-IIS/10.0]
      strict-transport-security: [max-age=31536000;includeSubDomains]
      x-aspnet-version: [4.0.30319]
      x-content-type-options: [nosniff]
      x-ms-keyvault-network-info: [addr=131.107.174.72;act_addr_fam=InterNetwork;]
      x-ms-keyvault-region: [westus]
      x-ms-keyvault-service-version: [1.1.0.875]
      x-powered-by: [ASP.NET]
    status: {code: 200, message: OK}
version: 1
