{
  "Entries": [
    {
      "RequestUri": "https://vaultname.vault.azure.net/keys/livekvtestkey-name654e2fc3/create?api-version=2016-10-01",
      "RequestMethod": "POST",
      "RequestHeaders": {
        "Accept": "application/json",
        "Accept-Encoding": "gzip, deflate",
        "Connection": "keep-alive",
        "Content-Length": "0",
        "Content-Type": "application/json",
        "User-Agent": "azsdk-python-keyvault-keys/4.5.1 Python/3.9.9 (Windows-10-10.0.22000-SP0)"
      },
      "RequestBody": null,
      "StatusCode": 401,
      "ResponseHeaders": {
        "Cache-Control": "no-cache",
        "Content-Length": "97",
        "Content-Type": "application/json; charset=utf-8",
        "Date": "Fri, 22 Apr 2022 15:07:12 GMT",
        "Expires": "-1",
        "Pragma": "no-cache",
        "Strict-Transport-Security": "max-age=31536000;includeSubDomains",
        "WWW-Authenticate": "Bearer authorization=\u0022https://login.windows.net/00000000-0000-0000-0000-000000000000\u0022, resource=\u0022https://vault.azure.net\u0022",
        "X-Content-Type-Options": "nosniff",
        "x-ms-keyvault-network-info": "conn_type=Ipv4;addr=73.232.137.144;act_addr_fam=InterNetwork;",
        "x-ms-keyvault-region": "westus2",
        "x-ms-keyvault-service-version": "1.9.358.1"
      },
      "ResponseBody": {
        "error": {
          "code": "Unauthorized",
          "message": "AKV10000: Request is missing a Bearer or PoP token."
        }
      }
    },
    {
      "RequestUri": "https://login.microsoftonline.com/00000000-0000-0000-0000-000000000000/v2.0/.well-known/openid-configuration",
      "RequestMethod": "GET",
      "RequestHeaders": {
        "Accept": "*/*",
        "Accept-Encoding": "gzip, deflate",
        "Connection": "keep-alive",
        "User-Agent": "azsdk-python-identity/1.10.0b2 Python/3.9.9 (Windows-10-10.0.22000-SP0)"
      },
      "RequestBody": null,
      "StatusCode": 200,
      "ResponseHeaders": {
        "Access-Control-Allow-Methods": "GET, OPTIONS",
        "Access-Control-Allow-Origin": "*",
        "Cache-Control": "max-age=86400, private",
        "Content-Length": "1753",
        "Content-Type": "application/json; charset=utf-8",
        "Date": "Fri, 22 Apr 2022 15:07:13 GMT",
        "P3P": "CP=\u0022DSP CUR OTPi IND OTRi ONL FIN\u0022",
        "Set-Cookie": [
          "fpc=AoYECHYVsYZBnicRrY_2H34tc15lEwAAAJG79NkOAAAA; expires=Sun, 22-May-2022 15:07:13 GMT; path=/; secure; HttpOnly; SameSite=None",
          "x-ms-gateway-slice=estsfd; path=/; secure; samesite=none; httponly",
          "stsservicecookie=estsfd; path=/; secure; samesite=none; httponly"
        ],
        "Strict-Transport-Security": "max-age=31536000; includeSubDomains",
        "X-Content-Type-Options": "nosniff",
        "x-ms-ests-server": "2.1.12651.7 - NCUS ProdSlices",
        "X-XSS-Protection": "0"
      },
      "ResponseBody": {
        "token_endpoint": "https://login.microsoftonline.com/00000000-0000-0000-0000-000000000000/oauth2/v2.0/token",
        "token_endpoint_auth_methods_supported": [
          "client_secret_post",
          "private_key_jwt",
          "client_secret_basic"
        ],
        "jwks_uri": "https://login.microsoftonline.com/00000000-0000-0000-0000-000000000000/discovery/v2.0/keys",
        "response_modes_supported": [
          "query",
          "fragment",
          "form_post"
        ],
        "subject_types_supported": [
          "pairwise"
        ],
        "id_token_signing_alg_values_supported": [
          "RS256"
        ],
        "response_types_supported": [
          "code",
          "id_token",
          "code id_token",
          "id_token token"
        ],
        "scopes_supported": [
          "openid",
          "profile",
          "email",
          "offline_access"
        ],
        "issuer": "https://login.microsoftonline.com/00000000-0000-0000-0000-000000000000/v2.0",
        "request_uri_parameter_supported": false,
        "userinfo_endpoint": "https://graph.microsoft.com/oidc/userinfo",
        "authorization_endpoint": "https://login.microsoftonline.com/00000000-0000-0000-0000-000000000000/oauth2/v2.0/authorize",
        "device_authorization_endpoint": "https://login.microsoftonline.com/00000000-0000-0000-0000-000000000000/oauth2/v2.0/devicecode",
        "http_logout_supported": true,
        "frontchannel_logout_supported": true,
        "end_session_endpoint": "https://login.microsoftonline.com/00000000-0000-0000-0000-000000000000/oauth2/v2.0/logout",
        "claims_supported": [
          "sub",
          "iss",
          "cloud_instance_name",
          "cloud_instance_host_name",
          "cloud_graph_host_name",
          "msgraph_host",
          "aud",
          "exp",
          "iat",
          "auth_time",
          "acr",
          "nonce",
          "preferred_username",
          "name",
          "tid",
          "ver",
          "at_hash",
          "c_hash",
          "email"
        ],
        "kerberos_endpoint": "https://login.microsoftonline.com/00000000-0000-0000-0000-000000000000/kerberos",
        "tenant_region_scope": "WW",
        "cloud_instance_name": "microsoftonline.com",
        "cloud_graph_host_name": "graph.windows.net",
        "msgraph_host": "graph.microsoft.com",
        "rbac_url": "https://pas.windows.net"
      }
    },
    {
      "RequestUri": "https://login.microsoftonline.com/common/discovery/instance?api-version=1.1\u0026authorization_endpoint=https://login.microsoftonline.com/common/oauth2/authorize",
      "RequestMethod": "GET",
      "RequestHeaders": {
        "Accept": "application/json",
        "Accept-Encoding": "gzip, deflate",
        "Connection": "keep-alive",
        "Cookie": "fpc=AoYECHYVsYZBnicRrY_2H34tc15lEwAAAJG79NkOAAAA; stsservicecookie=estsfd; x-ms-gateway-slice=estsfd",
        "User-Agent": "azsdk-python-identity/1.10.0b2 Python/3.9.9 (Windows-10-10.0.22000-SP0)"
      },
      "RequestBody": null,
      "StatusCode": 200,
      "ResponseHeaders": {
        "Access-Control-Allow-Methods": "GET, OPTIONS",
        "Access-Control-Allow-Origin": "*",
        "Cache-Control": "max-age=86400, private",
        "Content-Length": "945",
        "Content-Type": "application/json; charset=utf-8",
        "Date": "Fri, 22 Apr 2022 15:07:13 GMT",
        "P3P": "CP=\u0022DSP CUR OTPi IND OTRi ONL FIN\u0022",
        "Set-Cookie": [
          "fpc=AoYECHYVsYZBnicRrY_2H34tc15lEwAAAJG79NkOAAAA; expires=Sun, 22-May-2022 15:07:13 GMT; path=/; secure; HttpOnly; SameSite=None",
          "x-ms-gateway-slice=estsfd; path=/; secure; samesite=none; httponly",
          "stsservicecookie=estsfd; path=/; secure; samesite=none; httponly"
        ],
        "Strict-Transport-Security": "max-age=31536000; includeSubDomains",
        "X-Content-Type-Options": "nosniff",
        "x-ms-ests-server": "2.1.12651.7 - SCUS ProdSlices",
        "X-XSS-Protection": "0"
      },
      "ResponseBody": {
        "tenant_discovery_endpoint": "https://login.microsoftonline.com/common/.well-known/openid-configuration",
        "api-version": "1.1",
        "metadata": [
          {
            "preferred_network": "login.microsoftonline.com",
            "preferred_cache": "login.windows.net",
            "aliases": [
              "login.microsoftonline.com",
              "login.windows.net",
              "login.microsoft.com",
              "sts.windows.net"
            ]
          },
          {
            "preferred_network": "login.partner.microsoftonline.cn",
            "preferred_cache": "login.partner.microsoftonline.cn",
            "aliases": [
              "login.partner.microsoftonline.cn",
              "login.chinacloudapi.cn"
            ]
          },
          {
            "preferred_network": "login.microsoftonline.de",
            "preferred_cache": "login.microsoftonline.de",
            "aliases": [
              "login.microsoftonline.de"
            ]
          },
          {
            "preferred_network": "login.microsoftonline.us",
            "preferred_cache": "login.microsoftonline.us",
            "aliases": [
              "login.microsoftonline.us",
              "login.usgovcloudapi.net"
            ]
          },
          {
            "preferred_network": "login-us.microsoftonline.com",
            "preferred_cache": "login-us.microsoftonline.com",
            "aliases": [
              "login-us.microsoftonline.com"
            ]
          }
        ]
      }
    },
    {
      "RequestUri": "https://vaultname.vault.azure.net/keys/livekvtestkey-name654e2fc3/create?api-version=2016-10-01",
      "RequestMethod": "POST",
      "RequestHeaders": {
        "Accept": "application/json",
        "Accept-Encoding": "gzip, deflate",
        "Connection": "keep-alive",
        "Content-Length": "14",
        "Content-Type": "application/json",
        "User-Agent": "azsdk-python-keyvault-keys/4.5.1 Python/3.9.9 (Windows-10-10.0.22000-SP0)"
      },
      "RequestBody": {
        "kty": "RSA"
      },
      "StatusCode": 200,
      "ResponseHeaders": {
        "Cache-Control": "no-cache",
        "Content-Length": "680",
        "Content-Type": "application/json; charset=utf-8",
        "Date": "Fri, 22 Apr 2022 15:07:13 GMT",
        "Expires": "-1",
        "Pragma": "no-cache",
        "Strict-Transport-Security": "max-age=31536000;includeSubDomains",
        "X-Content-Type-Options": "nosniff",
        "x-ms-keyvault-network-info": "conn_type=Ipv4;addr=73.232.137.144;act_addr_fam=InterNetwork;",
        "x-ms-keyvault-rbac-assignment-id": "8f011949-ed39-5d00-b7ce-c76e5a8c4b2d",
        "x-ms-keyvault-rbac-cache": "ra_age=1816;da_age=1816;rd_age=1816;brd_age=3798;ra_notif_age=2683;dec_lev=1;",
        "x-ms-keyvault-region": "westus2",
        "x-ms-keyvault-service-version": "1.9.358.1"
      },
      "ResponseBody": {
        "key": {
          "kid": "https://vaultname.vault.azure.net/keys/livekvtestkey-name654e2fc3/02fad66dcd5e40dbb63e880ec7e8a029",
          "kty": "RSA",
          "key_ops": [
            "encrypt",
            "decrypt",
            "sign",
            "verify",
            "wrapKey",
            "unwrapKey"
          ],
          "n": "xF-2iNJWxFhax-VV6hlktV82kZEsXY7eCL7F_QhjarTx4C4oD3zSNR2XqIxS87fZDP67aI5GbTmGxoLGHgatfBlBbhSPnVWC1CcXfIgDzUDWrGVDqQYIHH24Y0JM4XkrtwRSoTSEr3rfhQOYlJo7jqU6J6gaWukprGkkYTaZCspeUKDprC1FMnncDUfiEyzEWpfbyGRDhFo_sazsE9qzD08oaPRPXh-6LaJea4nlQ_AhDkjQswLgi9aqRAGdJnrve1V85mZoKlFLCEaDZDcAISbMjq9UwARLSnbgr0ZbiA7HgjERQDKVkKTb8KXkukxe6JjbYqDXq00R_VoVxkJrNQ",
          "e": "AQAB"
        },
        "attributes": {
          "enabled": true,
          "created": 1650640033,
          "updated": 1650640033,
          "recoveryLevel": "CustomizedRecoverable\u002BPurgeable"
        }
      }
    },
    {
      "RequestUri": "https://vaultname.vault.azure.net/keys/livekvtestkey-name654e2fc3/02fad66dcd5e40dbb63e880ec7e8a029?api-version=2016-10-01",
      "RequestMethod": "GET",
      "RequestHeaders": {
        "Accept": "application/json",
        "Accept-Encoding": "gzip, deflate",
        "Connection": "keep-alive",
        "User-Agent": "azsdk-python-keyvault-keys/4.5.1 Python/3.9.9 (Windows-10-10.0.22000-SP0)"
      },
      "RequestBody": null,
      "StatusCode": 200,
      "ResponseHeaders": {
        "Cache-Control": "no-cache",
        "Content-Length": "680",
        "Content-Type": "application/json; charset=utf-8",
        "Date": "Fri, 22 Apr 2022 15:07:13 GMT",
        "Expires": "-1",
        "Pragma": "no-cache",
        "Strict-Transport-Security": "max-age=31536000;includeSubDomains",
        "X-Content-Type-Options": "nosniff",
        "x-ms-keyvault-network-info": "conn_type=Ipv4;addr=73.232.137.144;act_addr_fam=InterNetwork;",
        "x-ms-keyvault-rbac-assignment-id": "8f011949-ed39-5d00-b7ce-c76e5a8c4b2d",
        "x-ms-keyvault-rbac-cache": "ra_age=1816;da_age=1816;rd_age=1816;brd_age=3798;ra_notif_age=2683;dec_lev=1;",
        "x-ms-keyvault-region": "westus2",
        "x-ms-keyvault-service-version": "1.9.358.1"
      },
      "ResponseBody": {
        "key": {
          "kid": "https://vaultname.vault.azure.net/keys/livekvtestkey-name654e2fc3/02fad66dcd5e40dbb63e880ec7e8a029",
          "kty": "RSA",
          "key_ops": [
            "encrypt",
            "decrypt",
            "sign",
            "verify",
            "wrapKey",
            "unwrapKey"
          ],
          "n": "xF-2iNJWxFhax-VV6hlktV82kZEsXY7eCL7F_QhjarTx4C4oD3zSNR2XqIxS87fZDP67aI5GbTmGxoLGHgatfBlBbhSPnVWC1CcXfIgDzUDWrGVDqQYIHH24Y0JM4XkrtwRSoTSEr3rfhQOYlJo7jqU6J6gaWukprGkkYTaZCspeUKDprC1FMnncDUfiEyzEWpfbyGRDhFo_sazsE9qzD08oaPRPXh-6LaJea4nlQ_AhDkjQswLgi9aqRAGdJnrve1V85mZoKlFLCEaDZDcAISbMjq9UwARLSnbgr0ZbiA7HgjERQDKVkKTb8KXkukxe6JjbYqDXq00R_VoVxkJrNQ",
          "e": "AQAB"
        },
        "attributes": {
          "enabled": true,
          "created": 1650640033,
          "updated": 1650640033,
          "recoveryLevel": "CustomizedRecoverable\u002BPurgeable"
        }
      }
    },
    {
      "RequestUri": "https://vaultname.vault.azure.net/keys/livekvtestkey-name654e2fc3/02fad66dcd5e40dbb63e880ec7e8a029/encrypt?api-version=2016-10-01",
      "RequestMethod": "POST",
      "RequestHeaders": {
        "Accept": "application/json",
        "Accept-Encoding": "gzip, deflate",
        "Connection": "keep-alive",
        "Content-Length": "44",
        "Content-Type": "application/json",
        "User-Agent": "azsdk-python-keyvault-keys/4.5.1 Python/3.9.9 (Windows-10-10.0.22000-SP0)"
      },
      "RequestBody": {
        "alg": "RSA-OAEP",
        "value": "cGxhaW50ZXh0"
      },
      "StatusCode": 200,
      "ResponseHeaders": {
        "Cache-Control": "no-cache",
        "Content-Length": "461",
        "Content-Type": "application/json; charset=utf-8",
        "Date": "Fri, 22 Apr 2022 15:07:13 GMT",
        "Expires": "-1",
        "Pragma": "no-cache",
        "Strict-Transport-Security": "max-age=31536000;includeSubDomains",
        "X-Content-Type-Options": "nosniff",
        "x-ms-keyvault-network-info": "conn_type=Ipv4;addr=73.232.137.144;act_addr_fam=InterNetwork;",
        "x-ms-keyvault-rbac-assignment-id": "8f011949-ed39-5d00-b7ce-c76e5a8c4b2d",
        "x-ms-keyvault-rbac-cache": "ra_age=1816;da_age=1816;rd_age=1816;brd_age=3798;ra_notif_age=2683;dec_lev=1;",
        "x-ms-keyvault-region": "westus2",
        "x-ms-keyvault-service-version": "1.9.358.1"
      },
      "ResponseBody": {
        "kid": "https://vaultname.vault.azure.net/keys/livekvtestkey-name654e2fc3/02fad66dcd5e40dbb63e880ec7e8a029",
        "value": "utr2bKT8ZNXmf85KTcPKihA0i2_6v8bCRAs-Lmfbkiyxkv85oK8eBUKQsNnL4-GbrQP-IEfDR0T1RwnGDO05qaOSfvGQ5ZIw3tmJJ8R3bqtn8e7hlBxScqfbTlS2OP2_ST7Ucx3FpMpWmxi9_6m2ME6itGTaesH6ryxTnBH1U_qOXOA5CpOOmKUf_8HX69lhZ02zUs8GwRdKokzvEwrb9ioqInz86OmHPw_6uy6rHhb8urbOGTCd94kE3hxZ8OmhFwebOeP3LHs2UziH8ol0_h_lSO6DXWXxoAakRxhWcHRx43G4i60CwWu77ow8j3AtQc-m0uQRpGsq44Mxs4_GyQ"
      }
    },
    {
      "RequestUri": "https://vaultname.vault.azure.net/keys/livekvtestkey-name654e2fc3/02fad66dcd5e40dbb63e880ec7e8a029/decrypt?api-version=2016-10-01",
      "RequestMethod": "POST",
      "RequestHeaders": {
        "Accept": "application/json",
        "Accept-Encoding": "gzip, deflate",
        "Connection": "keep-alive",
        "Content-Length": "374",
        "Content-Type": "application/json",
        "User-Agent": "azsdk-python-keyvault-keys/4.5.1 Python/3.9.9 (Windows-10-10.0.22000-SP0)"
      },
      "RequestBody": {
        "alg": "RSA-OAEP",
        "value": "utr2bKT8ZNXmf85KTcPKihA0i2_6v8bCRAs-Lmfbkiyxkv85oK8eBUKQsNnL4-GbrQP-IEfDR0T1RwnGDO05qaOSfvGQ5ZIw3tmJJ8R3bqtn8e7hlBxScqfbTlS2OP2_ST7Ucx3FpMpWmxi9_6m2ME6itGTaesH6ryxTnBH1U_qOXOA5CpOOmKUf_8HX69lhZ02zUs8GwRdKokzvEwrb9ioqInz86OmHPw_6uy6rHhb8urbOGTCd94kE3hxZ8OmhFwebOeP3LHs2UziH8ol0_h_lSO6DXWXxoAakRxhWcHRx43G4i60CwWu77ow8j3AtQc-m0uQRpGsq44Mxs4_GyQ"
      },
      "StatusCode": 200,
      "ResponseHeaders": {
        "Cache-Control": "no-cache",
        "Content-Length": "131",
        "Content-Type": "application/json; charset=utf-8",
        "Date": "Fri, 22 Apr 2022 15:07:13 GMT",
        "Expires": "-1",
        "Pragma": "no-cache",
        "Strict-Transport-Security": "max-age=31536000;includeSubDomains",
        "X-Content-Type-Options": "nosniff",
        "x-ms-keyvault-network-info": "conn_type=Ipv4;addr=73.232.137.144;act_addr_fam=InterNetwork;",
        "x-ms-keyvault-rbac-assignment-id": "8f011949-ed39-5d00-b7ce-c76e5a8c4b2d",
        "x-ms-keyvault-rbac-cache": "ra_age=1816;da_age=1816;rd_age=1816;brd_age=3798;ra_notif_age=2683;dec_lev=1;",
        "x-ms-keyvault-region": "westus2",
        "x-ms-keyvault-service-version": "1.9.358.1"
      },
      "ResponseBody": {
        "kid": "https://vaultname.vault.azure.net/keys/livekvtestkey-name654e2fc3/02fad66dcd5e40dbb63e880ec7e8a029",
        "value": "cGxhaW50ZXh0"
      }
    },
    {
      "RequestUri": "https://vaultname.vault.azure.net/keys/livekvtestkey-name654e2fc3/?api-version=2016-10-01",
      "RequestMethod": "GET",
      "RequestHeaders": {
        "Accept": "application/json",
        "Accept-Encoding": "gzip, deflate",
        "Connection": "keep-alive",
        "User-Agent": "azsdk-python-keyvault-keys/4.5.1 Python/3.9.9 (Windows-10-10.0.22000-SP0)"
      },
      "RequestBody": null,
      "StatusCode": 200,
      "ResponseHeaders": {
        "Cache-Control": "no-cache",
        "Content-Length": "680",
        "Content-Type": "application/json; charset=utf-8",
        "Date": "Fri, 22 Apr 2022 15:07:14 GMT",
        "Expires": "-1",
        "Pragma": "no-cache",
        "Strict-Transport-Security": "max-age=31536000;includeSubDomains",
        "X-Content-Type-Options": "nosniff",
        "x-ms-keyvault-network-info": "conn_type=Ipv4;addr=73.232.137.144;act_addr_fam=InterNetwork;",
        "x-ms-keyvault-rbac-assignment-id": "8f011949-ed39-5d00-b7ce-c76e5a8c4b2d",
        "x-ms-keyvault-rbac-cache": "ra_age=1816;da_age=1816;rd_age=1816;brd_age=3798;ra_notif_age=2684;dec_lev=0;",
        "x-ms-keyvault-region": "westus2",
        "x-ms-keyvault-service-version": "1.9.358.1"
      },
      "ResponseBody": {
        "key": {
          "kid": "https://vaultname.vault.azure.net/keys/livekvtestkey-name654e2fc3/02fad66dcd5e40dbb63e880ec7e8a029",
          "kty": "RSA",
          "key_ops": [
            "encrypt",
            "decrypt",
            "sign",
            "verify",
            "wrapKey",
            "unwrapKey"
          ],
          "n": "xF-2iNJWxFhax-VV6hlktV82kZEsXY7eCL7F_QhjarTx4C4oD3zSNR2XqIxS87fZDP67aI5GbTmGxoLGHgatfBlBbhSPnVWC1CcXfIgDzUDWrGVDqQYIHH24Y0JM4XkrtwRSoTSEr3rfhQOYlJo7jqU6J6gaWukprGkkYTaZCspeUKDprC1FMnncDUfiEyzEWpfbyGRDhFo_sazsE9qzD08oaPRPXh-6LaJea4nlQ_AhDkjQswLgi9aqRAGdJnrve1V85mZoKlFLCEaDZDcAISbMjq9UwARLSnbgr0ZbiA7HgjERQDKVkKTb8KXkukxe6JjbYqDXq00R_VoVxkJrNQ",
          "e": "AQAB"
        },
        "attributes": {
          "enabled": true,
          "created": 1650640033,
          "updated": 1650640033,
          "recoveryLevel": "CustomizedRecoverable\u002BPurgeable"
        }
      }
    },
    {
      "RequestUri": "https://vaultname.vault.azure.net/keys/livekvtestkey-name654e2fc3/02fad66dcd5e40dbb63e880ec7e8a029/encrypt?api-version=2016-10-01",
      "RequestMethod": "POST",
      "RequestHeaders": {
        "Accept": "application/json",
        "Accept-Encoding": "gzip, deflate",
        "Connection": "keep-alive",
        "Content-Length": "44",
        "Content-Type": "application/json",
        "User-Agent": "azsdk-python-keyvault-keys/4.5.1 Python/3.9.9 (Windows-10-10.0.22000-SP0)"
      },
      "RequestBody": {
        "alg": "RSA-OAEP",
        "value": "cGxhaW50ZXh0"
      },
      "StatusCode": 200,
      "ResponseHeaders": {
        "Cache-Control": "no-cache",
        "Content-Length": "461",
        "Content-Type": "application/json; charset=utf-8",
        "Date": "Fri, 22 Apr 2022 15:07:14 GMT",
        "Expires": "-1",
        "Pragma": "no-cache",
        "Strict-Transport-Security": "max-age=31536000;includeSubDomains",
        "X-Content-Type-Options": "nosniff",
        "x-ms-keyvault-network-info": "conn_type=Ipv4;addr=73.232.137.144;act_addr_fam=InterNetwork;",
        "x-ms-keyvault-rbac-assignment-id": "8f011949-ed39-5d00-b7ce-c76e5a8c4b2d",
        "x-ms-keyvault-rbac-cache": "ra_age=1816;da_age=1816;rd_age=1816;brd_age=3798;ra_notif_age=2684;dec_lev=0;",
        "x-ms-keyvault-region": "westus2",
        "x-ms-keyvault-service-version": "1.9.358.1"
      },
      "ResponseBody": {
        "kid": "https://vaultname.vault.azure.net/keys/livekvtestkey-name654e2fc3/02fad66dcd5e40dbb63e880ec7e8a029",
        "value": "maN_iW6UwflZaWevOPmJPdgCsJ-3XZiz6RkBUUPtl_c2Gr8k23J8J_AUk9BWDuFCmQkgyRx5u4Puxfku5Q5cNvek_AO3zT1hezlpFtsbnNRUrm8X8ic2EOi8vTUaOeR2EtRCaIjAfBE6QKI8BULtlIlgBE0zafnyJ1DQyGQCOV8g3kel_rBLUaLla_-Kp_2A0cFr1i3QkBV-LtvejDqV8PyJT8FVw5BjdW0qrzCWWVe_1s6K5Aa4O8wL2HAGhT01-Xxa7rfymiTTy2d7MwUBzxtS01Jk2zJZD06U8W_0BzBF-K1vqxdpWwG_F3KRT6SGmdPtjRzRTE48LXnkda_vJg"
      }
    },
    {
      "RequestUri": "https://vaultname.vault.azure.net/keys/livekvtestkey-name654e2fc3/02fad66dcd5e40dbb63e880ec7e8a029/decrypt?api-version=2016-10-01",
      "RequestMethod": "POST",
      "RequestHeaders": {
        "Accept": "application/json",
        "Accept-Encoding": "gzip, deflate",
        "Connection": "keep-alive",
        "Content-Length": "374",
        "Content-Type": "application/json",
        "User-Agent": "azsdk-python-keyvault-keys/4.5.1 Python/3.9.9 (Windows-10-10.0.22000-SP0)"
      },
      "RequestBody": {
        "alg": "RSA-OAEP",
        "value": "maN_iW6UwflZaWevOPmJPdgCsJ-3XZiz6RkBUUPtl_c2Gr8k23J8J_AUk9BWDuFCmQkgyRx5u4Puxfku5Q5cNvek_AO3zT1hezlpFtsbnNRUrm8X8ic2EOi8vTUaOeR2EtRCaIjAfBE6QKI8BULtlIlgBE0zafnyJ1DQyGQCOV8g3kel_rBLUaLla_-Kp_2A0cFr1i3QkBV-LtvejDqV8PyJT8FVw5BjdW0qrzCWWVe_1s6K5Aa4O8wL2HAGhT01-Xxa7rfymiTTy2d7MwUBzxtS01Jk2zJZD06U8W_0BzBF-K1vqxdpWwG_F3KRT6SGmdPtjRzRTE48LXnkda_vJg"
      },
      "StatusCode": 200,
      "ResponseHeaders": {
        "Cache-Control": "no-cache",
        "Content-Length": "131",
        "Content-Type": "application/json; charset=utf-8",
        "Date": "Fri, 22 Apr 2022 15:07:14 GMT",
        "Expires": "-1",
        "Pragma": "no-cache",
        "Strict-Transport-Security": "max-age=31536000;includeSubDomains",
        "X-Content-Type-Options": "nosniff",
        "x-ms-keyvault-network-info": "conn_type=Ipv4;addr=73.232.137.144;act_addr_fam=InterNetwork;",
        "x-ms-keyvault-rbac-assignment-id": "8f011949-ed39-5d00-b7ce-c76e5a8c4b2d",
        "x-ms-keyvault-rbac-cache": "ra_age=1816;da_age=1816;rd_age=1816;brd_age=3798;ra_notif_age=2684;dec_lev=0;",
        "x-ms-keyvault-region": "westus2",
        "x-ms-keyvault-service-version": "1.9.358.1"
      },
      "ResponseBody": {
        "kid": "https://vaultname.vault.azure.net/keys/livekvtestkey-name654e2fc3/02fad66dcd5e40dbb63e880ec7e8a029",
        "value": "cGxhaW50ZXh0"
      }
    }
  ],
  "Variables": {}
}
