interactions:
- request:
    body: null
    headers:
      Accept:
      - application/json
      Content-Length:
      - '0'
      Content-Type:
      - application/json
      User-Agent:
      - azsdk-python-keyvault-keys/4.4.0b5 Python/3.5.3 (Windows-10-10.0.19041-SP0)
    method: POST
    uri: https://vaultname.vault.azure.net/keys/livekvtestcrud-ec-key97b315d2/create?api-version=2016-10-01
  response:
    body:
      string: '{"error":{"code":"Unauthorized","message":"Request is missing a Bearer
        or PoP token."}}'
    headers:
      cache-control: no-cache
      content-length: '87'
      content-type: application/json; charset=utf-8
      date: Mon, 19 Apr 2021 19:08:10 GMT
      expires: '-1'
      pragma: no-cache
      strict-transport-security: max-age=31536000;includeSubDomains
      www-authenticate: Bearer authorization="https://login.windows.net/72f988bf-86f1-41af-91ab-2d7cd011db47",
        resource="https://vault.azure.net"
      x-content-type-options: nosniff
      x-ms-keyvault-network-info: conn_type=Ipv4;addr=172.92.159.124;act_addr_fam=InterNetwork;
      x-ms-keyvault-region: eastus2
      x-ms-keyvault-service-version: 1.2.236.0
      x-powered-by: ASP.NET
    status:
      code: 401
      message: Unauthorized
    url: https://mcpatinotest.vault.azure.net/keys/livekvtestcrud-ec-key97b315d2/create?api-version=2016-10-01
- request:
    body: '{"attributes": {"enabled": true}, "tags": {"test name": "CreateECKeyTest",
      "purpose": "unit test"}, "kty": "EC-HSM"}'
    headers:
      Accept:
      - application/json
      Content-Length:
      - '116'
      Content-Type:
      - application/json
      User-Agent:
      - azsdk-python-keyvault-keys/4.4.0b5 Python/3.5.3 (Windows-10-10.0.19041-SP0)
    method: POST
    uri: https://vaultname.vault.azure.net/keys/livekvtestcrud-ec-key97b315d2/create?api-version=2016-10-01
  response:
    body:
      string: '{"key":{"kid":"https://vaultname.vault.azure.net/keys/livekvtestcrud-ec-key97b315d2/78ddb86833894a34842059e7e12c18bd","kty":"EC-HSM","key_ops":["sign","verify"],"crv":"P-256","x":"HaO7lR6wSbrSTDZWyRs3NtRXJ00ZfBF7i3vE_ROBDL4","y":"R0fXBJbBvqRdKU5VqurOFJkBIpDacPy2OeGLNnZZEg0"},"attributes":{"enabled":true,"created":1618859291,"updated":1618859291,"recoveryLevel":"Recoverable+Purgeable"},"tags":{"test
        name":"CreateECKeyTest","purpose":"unit test"}}'
    headers:
      cache-control: no-cache
      content-length: '452'
      content-type: application/json; charset=utf-8
      date: Mon, 19 Apr 2021 19:08:13 GMT
      expires: '-1'
      pragma: no-cache
      strict-transport-security: max-age=31536000;includeSubDomains
      x-content-type-options: nosniff
      x-ms-keyvault-network-info: conn_type=Ipv4;addr=172.92.159.124;act_addr_fam=InterNetwork;
      x-ms-keyvault-region: eastus2
      x-ms-keyvault-service-version: 1.2.236.0
      x-powered-by: ASP.NET
    status:
      code: 200
      message: OK
    url: https://mcpatinotest.vault.azure.net/keys/livekvtestcrud-ec-key97b315d2/create?api-version=2016-10-01
- request:
    body: '{"crv": "P-256", "kty": "EC"}'
    headers:
      Accept:
      - application/json
      Content-Length:
      - '29'
      Content-Type:
      - application/json
      User-Agent:
      - azsdk-python-keyvault-keys/4.4.0b5 Python/3.5.3 (Windows-10-10.0.19041-SP0)
    method: POST
    uri: https://vaultname.vault.azure.net/keys/livekvtestcrud-P-256-ec-key97b315d2/create?api-version=2016-10-01
  response:
    body:
      string: '{"key":{"kid":"https://vaultname.vault.azure.net/keys/livekvtestcrud-P-256-ec-key97b315d2/29e93dd4a85d4eb29ce0639cd873d774","kty":"EC","key_ops":["sign","verify"],"crv":"P-256","x":"ZAioCZILxjfSWadgSg4Cqwdb5eyTlvHaH2S_Re0sgEM","y":"I6Tlg0tbhxqa5wDBEtTUfxJwwu5_3Rl9kFh6_QXksrQ"},"attributes":{"enabled":true,"created":1618859295,"updated":1618859295,"recoveryLevel":"Recoverable+Purgeable"}}'
    headers:
      cache-control: no-cache
      content-length: '393'
      content-type: application/json; charset=utf-8
      date: Mon, 19 Apr 2021 19:08:15 GMT
      expires: '-1'
      pragma: no-cache
      strict-transport-security: max-age=31536000;includeSubDomains
      x-content-type-options: nosniff
      x-ms-keyvault-network-info: conn_type=Ipv4;addr=172.92.159.124;act_addr_fam=InterNetwork;
      x-ms-keyvault-region: eastus2
      x-ms-keyvault-service-version: 1.2.236.0
      x-powered-by: ASP.NET
    status:
      code: 200
      message: OK
    url: https://mcpatinotest.vault.azure.net/keys/livekvtestcrud-P-256-ec-key97b315d2/create?api-version=2016-10-01
- request:
    body: '{"key": {"key_ops": ["encrypt", "decrypt", "sign", "verify", "wrapKey",
      "unwrapKey"], "n": "AKCRTQAjSsaDshtMFdW-2Ie9yVnC5Xr1Suc06PAHINd10nXkVSB-N4TO62ClCkZV3XKnqU0nHo7o95WaZpym53W_DiO62umRtFKdl4UotL2QUh0y3SZWeWuoK2u_x2aMj17rUFN0f9GZMZ0pqEQNCPRBLVJ_-TEe2nGCWSC0exxGsRqz6R1zFkB-icfzQPe4WjQELOUXQ7J9RxhAPTTHtDivYYG-BeTRHrmF04JT1_6b9T_C8bAC0i0teT-nmlBLarQtBJKATXBx1yegbPOoiTqlQrFQP4MrKWNxtnB9Tcbjcvj-Z9je0ckI_eRc4DvAhqcUh_p15Dqg4GeaoNIO_jU",
      "qi": "AJ_nrkLpK8BPzVeARkvSHQyKwMWZ-a8CD95qsKfn0dOZAvXY-2xhQYTEwbED-0bpTNEKbIpA-ZkaHygmnzJkNbbFAnb9pkkzU8ZQqDP3JNgMfVIroWx58Oth9nJza2j7i-MkPRCUPEq3Ao0J52z7WJIiLji8TTVYW_NaiM1oxzsH",
      "e": "AQAB", "q": "AMPcZrZBqbc82DO8Q5zTT8ZXRGWrW36KktMllaIk1W2RHnRiQiW0jBWmcCgqUcQNHa1LwumjyNqwx28QBS37BTvG7ULGUoio6LrOeoiBGEMj-U19sX6m37plEhj5Mak7j3OPPY_T9rohjTW5aGGg9YSwq4jdz0RrmBX00ofYOjI3",
      "dp": "AMmhWb5yZcu6vJr8xJZ-t0_likxJRUMZAtEULaWZt2DgODj4y9JrZDJP6mvckzhQP0WXk2NuWbU2HR5pUeCN2wieG1B76VKoH76vfnaJDqT1NuJVBcP2SLHog3ffwZtMME5zjfygchG3kihqOSpwTQ9ETAqAJTkRC38fEhwAz_Cp",
      "kty": "RSA", "p": "ANHerI1o3dLB_VLVmZZVss8VZSYN5SaeQ_0qhfOSgOFwj__waCFmy2EG7l6l6f_Z-Y0L7Mn_LNov68lyWSFa2EuQUeVj4UoFHc5Di8ZUGiSsTwFM-XMtNuv8HmGgDYLL5BIJD3eTz71LdgW-Ez38OZH34b7VeG8zfeUDb8Hi30zz",
      "d": "Ynx9JGaBSP4iUsf6ZJ6opantRNdcdmzaQrKbZg6ZQE8Ohi1FYabJWvaoPSE-CiJEsDzShXZHMhUHN4X7Bn8BXaGQhK3p9HXgiwQKmix7oAJTu4ElUIyd8UC3UWHSZr40el4PaQD-HYu_eMzCXus34MnRiNbh_BUWm6T-Eidhk9d3kNIyaSi9YNDQHW6tjWrEhhq63O7JU1j9ZonFChZxpKk20jdkQKQURVAdpOdL-5j4I70ZxFuU6wHZj8DS8oRQfwGOvZKbgYDb5jgf3UNL_7eACqq92XPVX56vm7iKbqeyjCqAIx5y3hrSRIJtZlWCwjYnYQGd4unxDLi8wmJWSQ",
      "dq": "AKC9TAo9n2RDaggjdLXK8kiLrBVoaWFTpqXkzYXRhtsx4vWPAkxhfSnze05rVMl6HiXv7FnE0f0wYawzUJzoyuXBH0zS6D9BqCZPeF543AmWB27iPf38Q9Z8Rjr6oBgMSnGDV_mm8nDVQkeaDyE4cOZh-5UKvKShTKKQVwunmDNH"}}'
    headers:
      Accept:
      - application/json
      Content-Length:
      - '1724'
      Content-Type:
      - application/json
      User-Agent:
      - azsdk-python-keyvault-keys/4.4.0b5 Python/3.5.3 (Windows-10-10.0.19041-SP0)
    method: PUT
    uri: https://vaultname.vault.azure.net/keys/livekvtestimport-test-key97b315d2?api-version=2016-10-01
  response:
    body:
      string: '{"key":{"kid":"https://vaultname.vault.azure.net/keys/livekvtestimport-test-key97b315d2/abb31a5106924e898aca199401f9a9d1","kty":"RSA","key_ops":["encrypt","decrypt","sign","verify","wrapKey","unwrapKey"],"n":"oJFNACNKxoOyG0wV1b7Yh73JWcLlevVK5zTo8Acg13XSdeRVIH43hM7rYKUKRlXdcqepTScejuj3lZpmnKbndb8OI7ra6ZG0Up2XhSi0vZBSHTLdJlZ5a6gra7_HZoyPXutQU3R_0ZkxnSmoRA0I9EEtUn_5MR7acYJZILR7HEaxGrPpHXMWQH6Jx_NA97haNAQs5RdDsn1HGEA9NMe0OK9hgb4F5NEeuYXTglPX_pv1P8LxsALSLS15P6eaUEtqtC0EkoBNcHHXJ6Bs86iJOqVCsVA_gyspY3G2cH1NxuNy-P5n2N7RyQj95FzgO8CGpxSH-nXkOqDgZ5qg0g7-NQ","e":"AQAB"},"attributes":{"enabled":true,"created":1618859296,"updated":1618859296,"recoveryLevel":"Recoverable+Purgeable"}}'
    headers:
      cache-control: no-cache
      content-length: '680'
      content-type: application/json; charset=utf-8
      date: Mon, 19 Apr 2021 19:08:15 GMT
      expires: '-1'
      pragma: no-cache
      strict-transport-security: max-age=31536000;includeSubDomains
      x-content-type-options: nosniff
      x-ms-keyvault-network-info: conn_type=Ipv4;addr=172.92.159.124;act_addr_fam=InterNetwork;
      x-ms-keyvault-region: eastus2
      x-ms-keyvault-service-version: 1.2.236.0
      x-powered-by: ASP.NET
    status:
      code: 200
      message: OK
    url: https://mcpatinotest.vault.azure.net/keys/livekvtestimport-test-key97b315d2?api-version=2016-10-01
- request:
    body: '{"key_ops": ["encrypt", "decrypt", "sign", "verify", "wrapKey", "unwrapKey"],
      "key_size": 2048, "tags": {"test name ": "CreateRSAKeyTest", "purpose": "unit
      test"}, "kty": "RSA"}'
    headers:
      Accept:
      - application/json
      Content-Length:
      - '177'
      Content-Type:
      - application/json
      User-Agent:
      - azsdk-python-keyvault-keys/4.4.0b5 Python/3.5.3 (Windows-10-10.0.19041-SP0)
    method: POST
    uri: https://vaultname.vault.azure.net/keys/livekvtestcrud-rsa-key97b315d2/create?api-version=2016-10-01
  response:
    body:
      string: '{"key":{"kid":"https://vaultname.vault.azure.net/keys/livekvtestcrud-rsa-key97b315d2/c3c53ad0c83e4991adccdaaba153bb39","kty":"RSA","key_ops":["encrypt","decrypt","sign","verify","wrapKey","unwrapKey"],"n":"upjrmlrHnK-OK9UaqrkWBxlAxYqG2ukHIQbTqiq3A2bCDbgt396YPkSC6Xs6sUgIp9dnXjvG-jzwhjnNUP7doQ7YfkAhL2BEYM5NijsKF7llCua0-r8ilA1rlHu17a97a_gnXzcrUos84DGwRWIB9EnXXdntii8H_tsgxZhEQaxmPqwfFZRj6rb6hKKa0O2TwtwVBe9IU4QevDS8sTvp3WnOSR3HviZjM8bLpRWMtw-tEO7kUcPZI-vM9w8eN62-kpmoUj1Q_B5Q--Mk8P-fryiBS8qMclsBB79-kgHV7Sz15gz8w9VefGX1bwDk39OXGehNnCXbxMPKfrLacHW0kQ","e":"AQAB"},"attributes":{"enabled":true,"created":1618859298,"updated":1618859298,"recoveryLevel":"Recoverable+Purgeable"},"tags":{"test
        name ":"CreateRSAKeyTest","purpose":"unit test"}}'
    headers:
      cache-control: no-cache
      content-length: '740'
      content-type: application/json; charset=utf-8
      date: Mon, 19 Apr 2021 19:08:18 GMT
      expires: '-1'
      pragma: no-cache
      strict-transport-security: max-age=31536000;includeSubDomains
      x-content-type-options: nosniff
      x-ms-keyvault-network-info: conn_type=Ipv4;addr=172.92.159.124;act_addr_fam=InterNetwork;
      x-ms-keyvault-region: eastus2
      x-ms-keyvault-service-version: 1.2.236.0
      x-powered-by: ASP.NET
    status:
      code: 200
      message: OK
    url: https://mcpatinotest.vault.azure.net/keys/livekvtestcrud-rsa-key97b315d2/create?api-version=2016-10-01
- request:
    body: null
    headers:
      Accept:
      - application/json
      User-Agent:
      - azsdk-python-keyvault-keys/4.4.0b5 Python/3.5.3 (Windows-10-10.0.19041-SP0)
    method: GET
    uri: https://vaultname.vault.azure.net/keys/livekvtestcrud-rsa-key97b315d2/c3c53ad0c83e4991adccdaaba153bb39?api-version=2016-10-01
  response:
    body:
      string: '{"key":{"kid":"https://vaultname.vault.azure.net/keys/livekvtestcrud-rsa-key97b315d2/c3c53ad0c83e4991adccdaaba153bb39","kty":"RSA","key_ops":["encrypt","decrypt","sign","verify","wrapKey","unwrapKey"],"n":"upjrmlrHnK-OK9UaqrkWBxlAxYqG2ukHIQbTqiq3A2bCDbgt396YPkSC6Xs6sUgIp9dnXjvG-jzwhjnNUP7doQ7YfkAhL2BEYM5NijsKF7llCua0-r8ilA1rlHu17a97a_gnXzcrUos84DGwRWIB9EnXXdntii8H_tsgxZhEQaxmPqwfFZRj6rb6hKKa0O2TwtwVBe9IU4QevDS8sTvp3WnOSR3HviZjM8bLpRWMtw-tEO7kUcPZI-vM9w8eN62-kpmoUj1Q_B5Q--Mk8P-fryiBS8qMclsBB79-kgHV7Sz15gz8w9VefGX1bwDk39OXGehNnCXbxMPKfrLacHW0kQ","e":"AQAB"},"attributes":{"enabled":true,"created":1618859298,"updated":1618859298,"recoveryLevel":"Recoverable+Purgeable"},"tags":{"test
        name ":"CreateRSAKeyTest","purpose":"unit test"}}'
    headers:
      cache-control: no-cache
      content-length: '740'
      content-type: application/json; charset=utf-8
      date: Mon, 19 Apr 2021 19:08:18 GMT
      expires: '-1'
      pragma: no-cache
      strict-transport-security: max-age=31536000;includeSubDomains
      x-content-type-options: nosniff
      x-ms-keyvault-network-info: conn_type=Ipv4;addr=172.92.159.124;act_addr_fam=InterNetwork;
      x-ms-keyvault-region: eastus2
      x-ms-keyvault-service-version: 1.2.236.0
      x-powered-by: ASP.NET
    status:
      code: 200
      message: OK
    url: https://mcpatinotest.vault.azure.net/keys/livekvtestcrud-rsa-key97b315d2/c3c53ad0c83e4991adccdaaba153bb39?api-version=2016-10-01
- request:
    body: null
    headers:
      Accept:
      - application/json
      User-Agent:
      - azsdk-python-keyvault-keys/4.4.0b5 Python/3.5.3 (Windows-10-10.0.19041-SP0)
    method: GET
    uri: https://vaultname.vault.azure.net/keys/livekvtestcrud-rsa-key97b315d2/?api-version=2016-10-01
  response:
    body:
      string: '{"key":{"kid":"https://vaultname.vault.azure.net/keys/livekvtestcrud-rsa-key97b315d2/c3c53ad0c83e4991adccdaaba153bb39","kty":"RSA","key_ops":["encrypt","decrypt","sign","verify","wrapKey","unwrapKey"],"n":"upjrmlrHnK-OK9UaqrkWBxlAxYqG2ukHIQbTqiq3A2bCDbgt396YPkSC6Xs6sUgIp9dnXjvG-jzwhjnNUP7doQ7YfkAhL2BEYM5NijsKF7llCua0-r8ilA1rlHu17a97a_gnXzcrUos84DGwRWIB9EnXXdntii8H_tsgxZhEQaxmPqwfFZRj6rb6hKKa0O2TwtwVBe9IU4QevDS8sTvp3WnOSR3HviZjM8bLpRWMtw-tEO7kUcPZI-vM9w8eN62-kpmoUj1Q_B5Q--Mk8P-fryiBS8qMclsBB79-kgHV7Sz15gz8w9VefGX1bwDk39OXGehNnCXbxMPKfrLacHW0kQ","e":"AQAB"},"attributes":{"enabled":true,"created":1618859298,"updated":1618859298,"recoveryLevel":"Recoverable+Purgeable"},"tags":{"test
        name ":"CreateRSAKeyTest","purpose":"unit test"}}'
    headers:
      cache-control: no-cache
      content-length: '740'
      content-type: application/json; charset=utf-8
      date: Mon, 19 Apr 2021 19:08:18 GMT
      expires: '-1'
      pragma: no-cache
      strict-transport-security: max-age=31536000;includeSubDomains
      x-content-type-options: nosniff
      x-ms-keyvault-network-info: conn_type=Ipv4;addr=172.92.159.124;act_addr_fam=InterNetwork;
      x-ms-keyvault-region: eastus2
      x-ms-keyvault-service-version: 1.2.236.0
      x-powered-by: ASP.NET
    status:
      code: 200
      message: OK
    url: https://mcpatinotest.vault.azure.net/keys/livekvtestcrud-rsa-key97b315d2/?api-version=2016-10-01
- request:
    body: '{"attributes": {"exp": 2524723200}, "tags": {"foo": "updated tag"}}'
    headers:
      Accept:
      - application/json
      Content-Length:
      - '67'
      Content-Type:
      - application/json
      User-Agent:
      - azsdk-python-keyvault-keys/4.4.0b5 Python/3.5.3 (Windows-10-10.0.19041-SP0)
    method: PATCH
    uri: https://vaultname.vault.azure.net/keys/livekvtestcrud-rsa-key97b315d2/?api-version=2016-10-01
  response:
    body:
      string: '{"key":{"kid":"https://vaultname.vault.azure.net/keys/livekvtestcrud-rsa-key97b315d2/c3c53ad0c83e4991adccdaaba153bb39","kty":"RSA","key_ops":["encrypt","decrypt","sign","verify","wrapKey","unwrapKey"],"n":"upjrmlrHnK-OK9UaqrkWBxlAxYqG2ukHIQbTqiq3A2bCDbgt396YPkSC6Xs6sUgIp9dnXjvG-jzwhjnNUP7doQ7YfkAhL2BEYM5NijsKF7llCua0-r8ilA1rlHu17a97a_gnXzcrUos84DGwRWIB9EnXXdntii8H_tsgxZhEQaxmPqwfFZRj6rb6hKKa0O2TwtwVBe9IU4QevDS8sTvp3WnOSR3HviZjM8bLpRWMtw-tEO7kUcPZI-vM9w8eN62-kpmoUj1Q_B5Q--Mk8P-fryiBS8qMclsBB79-kgHV7Sz15gz8w9VefGX1bwDk39OXGehNnCXbxMPKfrLacHW0kQ","e":"AQAB"},"attributes":{"enabled":true,"exp":2524723200,"created":1618859298,"updated":1618859300,"recoveryLevel":"Recoverable+Purgeable"},"tags":{"foo":"updated
        tag"}}'
    headers:
      cache-control: no-cache
      content-length: '723'
      content-type: application/json; charset=utf-8
      date: Mon, 19 Apr 2021 19:08:20 GMT
      expires: '-1'
      pragma: no-cache
      strict-transport-security: max-age=31536000;includeSubDomains
      x-content-type-options: nosniff
      x-ms-keyvault-network-info: conn_type=Ipv4;addr=172.92.159.124;act_addr_fam=InterNetwork;
      x-ms-keyvault-region: eastus2
      x-ms-keyvault-service-version: 1.2.236.0
      x-powered-by: ASP.NET
    status:
      code: 200
      message: OK
    url: https://mcpatinotest.vault.azure.net/keys/livekvtestcrud-rsa-key97b315d2/?api-version=2016-10-01
- request:
    body: null
    headers:
      Accept:
      - application/json
      User-Agent:
      - azsdk-python-keyvault-keys/4.4.0b5 Python/3.5.3 (Windows-10-10.0.19041-SP0)
    method: DELETE
    uri: https://vaultname.vault.azure.net/keys/livekvtestcrud-rsa-key97b315d2?api-version=2016-10-01
  response:
    body:
      string: '{"recoveryId":"https://vaultname.vault.azure.net/deletedkeys/livekvtestcrud-rsa-key97b315d2","deletedDate":1618859300,"scheduledPurgeDate":1626635300,"key":{"kid":"https://vaultname.vault.azure.net/keys/livekvtestcrud-rsa-key97b315d2/c3c53ad0c83e4991adccdaaba153bb39","kty":"RSA","key_ops":["encrypt","decrypt","sign","verify","wrapKey","unwrapKey"],"n":"upjrmlrHnK-OK9UaqrkWBxlAxYqG2ukHIQbTqiq3A2bCDbgt396YPkSC6Xs6sUgIp9dnXjvG-jzwhjnNUP7doQ7YfkAhL2BEYM5NijsKF7llCua0-r8ilA1rlHu17a97a_gnXzcrUos84DGwRWIB9EnXXdntii8H_tsgxZhEQaxmPqwfFZRj6rb6hKKa0O2TwtwVBe9IU4QevDS8sTvp3WnOSR3HviZjM8bLpRWMtw-tEO7kUcPZI-vM9w8eN62-kpmoUj1Q_B5Q--Mk8P-fryiBS8qMclsBB79-kgHV7Sz15gz8w9VefGX1bwDk39OXGehNnCXbxMPKfrLacHW0kQ","e":"AQAB"},"attributes":{"enabled":true,"exp":2524723200,"created":1618859298,"updated":1618859300,"recoveryLevel":"Recoverable+Purgeable"},"tags":{"foo":"updated
        tag"}}'
    headers:
      cache-control: no-cache
      content-length: '875'
      content-type: application/json; charset=utf-8
      date: Mon, 19 Apr 2021 19:08:20 GMT
      expires: '-1'
      pragma: no-cache
      strict-transport-security: max-age=31536000;includeSubDomains
      x-content-type-options: nosniff
      x-ms-keyvault-network-info: conn_type=Ipv4;addr=172.92.159.124;act_addr_fam=InterNetwork;
      x-ms-keyvault-region: eastus2
      x-ms-keyvault-service-version: 1.2.236.0
      x-powered-by: ASP.NET
    status:
      code: 200
      message: OK
    url: https://mcpatinotest.vault.azure.net/keys/livekvtestcrud-rsa-key97b315d2?api-version=2016-10-01
- request:
    body: null
    headers:
      Accept:
      - application/json
      User-Agent:
      - azsdk-python-keyvault-keys/4.4.0b5 Python/3.5.3 (Windows-10-10.0.19041-SP0)
    method: GET
    uri: https://vaultname.vault.azure.net/deletedkeys/livekvtestcrud-rsa-key97b315d2?api-version=2016-10-01
  response:
    body:
      string: '{"error":{"code":"KeyNotFound","message":"Deleted Key not found: livekvtestcrud-rsa-key97b315d2"}}'
    headers:
      cache-control: no-cache
      content-length: '98'
      content-type: application/json; charset=utf-8
      date: Mon, 19 Apr 2021 19:08:20 GMT
      expires: '-1'
      pragma: no-cache
      strict-transport-security: max-age=31536000;includeSubDomains
      x-content-type-options: nosniff
      x-ms-keyvault-network-info: conn_type=Ipv4;addr=172.92.159.124;act_addr_fam=InterNetwork;
      x-ms-keyvault-region: eastus2
      x-ms-keyvault-service-version: 1.2.236.0
      x-powered-by: ASP.NET
    status:
      code: 404
      message: Not Found
    url: https://mcpatinotest.vault.azure.net/deletedkeys/livekvtestcrud-rsa-key97b315d2?api-version=2016-10-01
- request:
    body: null
    headers:
      Accept:
      - application/json
      User-Agent:
      - azsdk-python-keyvault-keys/4.4.0b5 Python/3.5.3 (Windows-10-10.0.19041-SP0)
    method: GET
    uri: https://vaultname.vault.azure.net/deletedkeys/livekvtestcrud-rsa-key97b315d2?api-version=2016-10-01
  response:
    body:
      string: '{"error":{"code":"KeyNotFound","message":"Deleted Key not found: livekvtestcrud-rsa-key97b315d2"}}'
    headers:
      cache-control: no-cache
      content-length: '98'
      content-type: application/json; charset=utf-8
      date: Mon, 19 Apr 2021 19:08:22 GMT
      expires: '-1'
      pragma: no-cache
      strict-transport-security: max-age=31536000;includeSubDomains
      x-content-type-options: nosniff
      x-ms-keyvault-network-info: conn_type=Ipv4;addr=172.92.159.124;act_addr_fam=InterNetwork;
      x-ms-keyvault-region: eastus2
      x-ms-keyvault-service-version: 1.2.236.0
      x-powered-by: ASP.NET
    status:
      code: 404
      message: Not Found
    url: https://mcpatinotest.vault.azure.net/deletedkeys/livekvtestcrud-rsa-key97b315d2?api-version=2016-10-01
- request:
    body: null
    headers:
      Accept:
      - application/json
      User-Agent:
      - azsdk-python-keyvault-keys/4.4.0b5 Python/3.5.3 (Windows-10-10.0.19041-SP0)
    method: GET
    uri: https://vaultname.vault.azure.net/deletedkeys/livekvtestcrud-rsa-key97b315d2?api-version=2016-10-01
  response:
    body:
      string: '{"error":{"code":"KeyNotFound","message":"Deleted Key not found: livekvtestcrud-rsa-key97b315d2"}}'
    headers:
      cache-control: no-cache
      content-length: '98'
      content-type: application/json; charset=utf-8
      date: Mon, 19 Apr 2021 19:08:24 GMT
      expires: '-1'
      pragma: no-cache
      strict-transport-security: max-age=31536000;includeSubDomains
      x-content-type-options: nosniff
      x-ms-keyvault-network-info: conn_type=Ipv4;addr=172.92.159.124;act_addr_fam=InterNetwork;
      x-ms-keyvault-region: eastus2
      x-ms-keyvault-service-version: 1.2.236.0
      x-powered-by: ASP.NET
    status:
      code: 404
      message: Not Found
    url: https://mcpatinotest.vault.azure.net/deletedkeys/livekvtestcrud-rsa-key97b315d2?api-version=2016-10-01
- request:
    body: null
    headers:
      Accept:
      - application/json
      User-Agent:
      - azsdk-python-keyvault-keys/4.4.0b5 Python/3.5.3 (Windows-10-10.0.19041-SP0)
    method: GET
    uri: https://vaultname.vault.azure.net/deletedkeys/livekvtestcrud-rsa-key97b315d2?api-version=2016-10-01
  response:
    body:
      string: '{"error":{"code":"KeyNotFound","message":"Deleted Key not found: livekvtestcrud-rsa-key97b315d2"}}'
    headers:
      cache-control: no-cache
      content-length: '98'
      content-type: application/json; charset=utf-8
      date: Mon, 19 Apr 2021 19:08:26 GMT
      expires: '-1'
      pragma: no-cache
      strict-transport-security: max-age=31536000;includeSubDomains
      x-content-type-options: nosniff
      x-ms-keyvault-network-info: conn_type=Ipv4;addr=172.92.159.124;act_addr_fam=InterNetwork;
      x-ms-keyvault-region: eastus2
      x-ms-keyvault-service-version: 1.2.236.0
      x-powered-by: ASP.NET
    status:
      code: 404
      message: Not Found
    url: https://mcpatinotest.vault.azure.net/deletedkeys/livekvtestcrud-rsa-key97b315d2?api-version=2016-10-01
- request:
    body: null
    headers:
      Accept:
      - application/json
      User-Agent:
      - azsdk-python-keyvault-keys/4.4.0b5 Python/3.5.3 (Windows-10-10.0.19041-SP0)
    method: GET
    uri: https://vaultname.vault.azure.net/deletedkeys/livekvtestcrud-rsa-key97b315d2?api-version=2016-10-01
  response:
    body:
      string: '{"error":{"code":"KeyNotFound","message":"Deleted Key not found: livekvtestcrud-rsa-key97b315d2"}}'
    headers:
      cache-control: no-cache
      content-length: '98'
      content-type: application/json; charset=utf-8
      date: Mon, 19 Apr 2021 19:08:28 GMT
      expires: '-1'
      pragma: no-cache
      strict-transport-security: max-age=31536000;includeSubDomains
      x-content-type-options: nosniff
      x-ms-keyvault-network-info: conn_type=Ipv4;addr=172.92.159.124;act_addr_fam=InterNetwork;
      x-ms-keyvault-region: eastus2
      x-ms-keyvault-service-version: 1.2.236.0
      x-powered-by: ASP.NET
    status:
      code: 404
      message: Not Found
    url: https://mcpatinotest.vault.azure.net/deletedkeys/livekvtestcrud-rsa-key97b315d2?api-version=2016-10-01
- request:
    body: null
    headers:
      Accept:
      - application/json
      User-Agent:
      - azsdk-python-keyvault-keys/4.4.0b5 Python/3.5.3 (Windows-10-10.0.19041-SP0)
    method: GET
    uri: https://vaultname.vault.azure.net/deletedkeys/livekvtestcrud-rsa-key97b315d2?api-version=2016-10-01
  response:
    body:
      string: '{"error":{"code":"KeyNotFound","message":"Deleted Key not found: livekvtestcrud-rsa-key97b315d2"}}'
    headers:
      cache-control: no-cache
      content-length: '98'
      content-type: application/json; charset=utf-8
      date: Mon, 19 Apr 2021 19:08:31 GMT
      expires: '-1'
      pragma: no-cache
      strict-transport-security: max-age=31536000;includeSubDomains
      x-content-type-options: nosniff
      x-ms-keyvault-network-info: conn_type=Ipv4;addr=172.92.159.124;act_addr_fam=InterNetwork;
      x-ms-keyvault-region: eastus2
      x-ms-keyvault-service-version: 1.2.236.0
      x-powered-by: ASP.NET
    status:
      code: 404
      message: Not Found
    url: https://mcpatinotest.vault.azure.net/deletedkeys/livekvtestcrud-rsa-key97b315d2?api-version=2016-10-01
- request:
    body: null
    headers:
      Accept:
      - application/json
      User-Agent:
      - azsdk-python-keyvault-keys/4.4.0b5 Python/3.5.3 (Windows-10-10.0.19041-SP0)
    method: GET
    uri: https://vaultname.vault.azure.net/deletedkeys/livekvtestcrud-rsa-key97b315d2?api-version=2016-10-01
  response:
    body:
      string: '{"error":{"code":"KeyNotFound","message":"Deleted Key not found: livekvtestcrud-rsa-key97b315d2"}}'
    headers:
      cache-control: no-cache
      content-length: '98'
      content-type: application/json; charset=utf-8
      date: Mon, 19 Apr 2021 19:08:33 GMT
      expires: '-1'
      pragma: no-cache
      strict-transport-security: max-age=31536000;includeSubDomains
      x-content-type-options: nosniff
      x-ms-keyvault-network-info: conn_type=Ipv4;addr=172.92.159.124;act_addr_fam=InterNetwork;
      x-ms-keyvault-region: eastus2
      x-ms-keyvault-service-version: 1.2.236.0
      x-powered-by: ASP.NET
    status:
      code: 404
      message: Not Found
    url: https://mcpatinotest.vault.azure.net/deletedkeys/livekvtestcrud-rsa-key97b315d2?api-version=2016-10-01
- request:
    body: null
    headers:
      Accept:
      - application/json
      User-Agent:
      - azsdk-python-keyvault-keys/4.4.0b5 Python/3.5.3 (Windows-10-10.0.19041-SP0)
    method: GET
    uri: https://vaultname.vault.azure.net/deletedkeys/livekvtestcrud-rsa-key97b315d2?api-version=2016-10-01
  response:
    body:
      string: '{"error":{"code":"KeyNotFound","message":"Deleted Key not found: livekvtestcrud-rsa-key97b315d2"}}'
    headers:
      cache-control: no-cache
      content-length: '98'
      content-type: application/json; charset=utf-8
      date: Mon, 19 Apr 2021 19:08:35 GMT
      expires: '-1'
      pragma: no-cache
      strict-transport-security: max-age=31536000;includeSubDomains
      x-content-type-options: nosniff
      x-ms-keyvault-network-info: conn_type=Ipv4;addr=172.92.159.124;act_addr_fam=InterNetwork;
      x-ms-keyvault-region: eastus2
      x-ms-keyvault-service-version: 1.2.236.0
      x-powered-by: ASP.NET
    status:
      code: 404
      message: Not Found
    url: https://mcpatinotest.vault.azure.net/deletedkeys/livekvtestcrud-rsa-key97b315d2?api-version=2016-10-01
- request:
    body: null
    headers:
      Accept:
      - application/json
      User-Agent:
      - azsdk-python-keyvault-keys/4.4.0b5 Python/3.5.3 (Windows-10-10.0.19041-SP0)
    method: GET
    uri: https://vaultname.vault.azure.net/deletedkeys/livekvtestcrud-rsa-key97b315d2?api-version=2016-10-01
  response:
    body:
      string: '{"error":{"code":"KeyNotFound","message":"Deleted Key not found: livekvtestcrud-rsa-key97b315d2"}}'
    headers:
      cache-control: no-cache
      content-length: '98'
      content-type: application/json; charset=utf-8
      date: Mon, 19 Apr 2021 19:08:37 GMT
      expires: '-1'
      pragma: no-cache
      strict-transport-security: max-age=31536000;includeSubDomains
      x-content-type-options: nosniff
      x-ms-keyvault-network-info: conn_type=Ipv4;addr=172.92.159.124;act_addr_fam=InterNetwork;
      x-ms-keyvault-region: eastus2
      x-ms-keyvault-service-version: 1.2.236.0
      x-powered-by: ASP.NET
    status:
      code: 404
      message: Not Found
    url: https://mcpatinotest.vault.azure.net/deletedkeys/livekvtestcrud-rsa-key97b315d2?api-version=2016-10-01
- request:
    body: null
    headers:
      Accept:
      - application/json
      User-Agent:
      - azsdk-python-keyvault-keys/4.4.0b5 Python/3.5.3 (Windows-10-10.0.19041-SP0)
    method: GET
    uri: https://vaultname.vault.azure.net/deletedkeys/livekvtestcrud-rsa-key97b315d2?api-version=2016-10-01
  response:
    body:
      string: '{"error":{"code":"KeyNotFound","message":"Deleted Key not found: livekvtestcrud-rsa-key97b315d2"}}'
    headers:
      cache-control: no-cache
      content-length: '98'
      content-type: application/json; charset=utf-8
      date: Mon, 19 Apr 2021 19:08:39 GMT
      expires: '-1'
      pragma: no-cache
      strict-transport-security: max-age=31536000;includeSubDomains
      x-content-type-options: nosniff
      x-ms-keyvault-network-info: conn_type=Ipv4;addr=172.92.159.124;act_addr_fam=InterNetwork;
      x-ms-keyvault-region: eastus2
      x-ms-keyvault-service-version: 1.2.236.0
      x-powered-by: ASP.NET
    status:
      code: 404
      message: Not Found
    url: https://mcpatinotest.vault.azure.net/deletedkeys/livekvtestcrud-rsa-key97b315d2?api-version=2016-10-01
- request:
    body: null
    headers:
      Accept:
      - application/json
      User-Agent:
      - azsdk-python-keyvault-keys/4.4.0b5 Python/3.5.3 (Windows-10-10.0.19041-SP0)
    method: GET
    uri: https://vaultname.vault.azure.net/deletedkeys/livekvtestcrud-rsa-key97b315d2?api-version=2016-10-01
  response:
    body:
      string: '{"error":{"code":"KeyNotFound","message":"Deleted Key not found: livekvtestcrud-rsa-key97b315d2"}}'
    headers:
      cache-control: no-cache
      content-length: '98'
      content-type: application/json; charset=utf-8
      date: Mon, 19 Apr 2021 19:08:41 GMT
      expires: '-1'
      pragma: no-cache
      strict-transport-security: max-age=31536000;includeSubDomains
      x-content-type-options: nosniff
      x-ms-keyvault-network-info: conn_type=Ipv4;addr=172.92.159.124;act_addr_fam=InterNetwork;
      x-ms-keyvault-region: eastus2
      x-ms-keyvault-service-version: 1.2.236.0
      x-powered-by: ASP.NET
    status:
      code: 404
      message: Not Found
    url: https://mcpatinotest.vault.azure.net/deletedkeys/livekvtestcrud-rsa-key97b315d2?api-version=2016-10-01
- request:
    body: null
    headers:
      Accept:
      - application/json
      User-Agent:
      - azsdk-python-keyvault-keys/4.4.0b5 Python/3.5.3 (Windows-10-10.0.19041-SP0)
    method: GET
    uri: https://vaultname.vault.azure.net/deletedkeys/livekvtestcrud-rsa-key97b315d2?api-version=2016-10-01
  response:
    body:
      string: '{"recoveryId":"https://vaultname.vault.azure.net/deletedkeys/livekvtestcrud-rsa-key97b315d2","deletedDate":1618859300,"scheduledPurgeDate":1626635300,"key":{"kid":"https://vaultname.vault.azure.net/keys/livekvtestcrud-rsa-key97b315d2/c3c53ad0c83e4991adccdaaba153bb39","kty":"RSA","key_ops":["encrypt","decrypt","sign","verify","wrapKey","unwrapKey"],"n":"upjrmlrHnK-OK9UaqrkWBxlAxYqG2ukHIQbTqiq3A2bCDbgt396YPkSC6Xs6sUgIp9dnXjvG-jzwhjnNUP7doQ7YfkAhL2BEYM5NijsKF7llCua0-r8ilA1rlHu17a97a_gnXzcrUos84DGwRWIB9EnXXdntii8H_tsgxZhEQaxmPqwfFZRj6rb6hKKa0O2TwtwVBe9IU4QevDS8sTvp3WnOSR3HviZjM8bLpRWMtw-tEO7kUcPZI-vM9w8eN62-kpmoUj1Q_B5Q--Mk8P-fryiBS8qMclsBB79-kgHV7Sz15gz8w9VefGX1bwDk39OXGehNnCXbxMPKfrLacHW0kQ","e":"AQAB"},"attributes":{"enabled":true,"exp":2524723200,"created":1618859298,"updated":1618859300,"recoveryLevel":"Recoverable+Purgeable"},"tags":{"foo":"updated
        tag"}}'
    headers:
      cache-control: no-cache
      content-length: '875'
      content-type: application/json; charset=utf-8
      date: Mon, 19 Apr 2021 19:08:43 GMT
      expires: '-1'
      pragma: no-cache
      strict-transport-security: max-age=31536000;includeSubDomains
      x-content-type-options: nosniff
      x-ms-keyvault-network-info: conn_type=Ipv4;addr=172.92.159.124;act_addr_fam=InterNetwork;
      x-ms-keyvault-region: eastus2
      x-ms-keyvault-service-version: 1.2.236.0
      x-powered-by: ASP.NET
    status:
      code: 200
      message: OK
    url: https://mcpatinotest.vault.azure.net/deletedkeys/livekvtestcrud-rsa-key97b315d2?api-version=2016-10-01
- request:
    body: null
    headers:
      Accept:
      - application/json
      User-Agent:
      - azsdk-python-keyvault-keys/4.4.0b5 Python/3.5.3 (Windows-10-10.0.19041-SP0)
    method: GET
    uri: https://vaultname.vault.azure.net/deletedkeys/livekvtestcrud-rsa-key97b315d2?api-version=2016-10-01
  response:
    body:
      string: '{"recoveryId":"https://vaultname.vault.azure.net/deletedkeys/livekvtestcrud-rsa-key97b315d2","deletedDate":1618859300,"scheduledPurgeDate":1626635300,"key":{"kid":"https://vaultname.vault.azure.net/keys/livekvtestcrud-rsa-key97b315d2/c3c53ad0c83e4991adccdaaba153bb39","kty":"RSA","key_ops":["encrypt","decrypt","sign","verify","wrapKey","unwrapKey"],"n":"upjrmlrHnK-OK9UaqrkWBxlAxYqG2ukHIQbTqiq3A2bCDbgt396YPkSC6Xs6sUgIp9dnXjvG-jzwhjnNUP7doQ7YfkAhL2BEYM5NijsKF7llCua0-r8ilA1rlHu17a97a_gnXzcrUos84DGwRWIB9EnXXdntii8H_tsgxZhEQaxmPqwfFZRj6rb6hKKa0O2TwtwVBe9IU4QevDS8sTvp3WnOSR3HviZjM8bLpRWMtw-tEO7kUcPZI-vM9w8eN62-kpmoUj1Q_B5Q--Mk8P-fryiBS8qMclsBB79-kgHV7Sz15gz8w9VefGX1bwDk39OXGehNnCXbxMPKfrLacHW0kQ","e":"AQAB"},"attributes":{"enabled":true,"exp":2524723200,"created":1618859298,"updated":1618859300,"recoveryLevel":"Recoverable+Purgeable"},"tags":{"foo":"updated
        tag"}}'
    headers:
      cache-control: no-cache
      content-length: '875'
      content-type: application/json; charset=utf-8
      date: Mon, 19 Apr 2021 19:08:43 GMT
      expires: '-1'
      pragma: no-cache
      strict-transport-security: max-age=31536000;includeSubDomains
      x-content-type-options: nosniff
      x-ms-keyvault-network-info: conn_type=Ipv4;addr=172.92.159.124;act_addr_fam=InterNetwork;
      x-ms-keyvault-region: eastus2
      x-ms-keyvault-service-version: 1.2.236.0
      x-powered-by: ASP.NET
    status:
      code: 200
      message: OK
    url: https://mcpatinotest.vault.azure.net/deletedkeys/livekvtestcrud-rsa-key97b315d2?api-version=2016-10-01
version: 1
