interactions:
- request:
    body: null
    headers:
      Accept: [application/json]
      Content-Length: ['0']
      Content-Type: [application/json; charset=utf-8]
      User-Agent: [azsdk-python-keyvault-keys/4.0.0b2 Python/3.6.6 (Windows-10-10.0.18362-SP0)]
    method: POST
    uri: https://vault1051159997ffd4146b.vault.azure.net/keys/crypto-test-wrapping-keyffd4146b/create?api-version=7.0
  response:
    body: {string: '{"error":{"code":"Unauthorized","message":"Request is missing
        a Bearer or PoP token."}}'}
    headers: {cache-control: no-cache, content-length: '87', content-type: application/json;
        charset=utf-8, date: 'Tue, 03 Sep 2019 21:41:22 GMT', expires: '-1', pragma: no-cache,
      server: Microsoft-IIS/10.0, strict-transport-security: max-age=31536000;includeSubDomains,
      www-authenticate: 'Bearer authorization="https://login.windows.net/72f988bf-86f1-41af-91ab-2d7cd011db47",
        resource="https://vault.azure.net"', x-aspnet-version: 4.0.30319, x-content-type-options: nosniff,
      x-ms-keyvault-network-info: addr=131.107.160.72;act_addr_fam=InterNetwork;,
      x-ms-keyvault-region: westus, x-ms-keyvault-service-version: 1.1.0.876, x-powered-by: ASP.NET}
    status: {code: 401, message: Unauthorized}
    url: !!python/object/new:yarl.URL
      state: !!python/tuple
      - !!python/object/new:urllib.parse.SplitResult [https, vault1051159997ffd4146b.vault.azure.net,
        /keys/crypto-test-wrapping-keyffd4146b/create, api-version=7.0, '']
- request:
    body: '{"kty": "RSA"}'
    headers:
      Accept: [application/json]
      Content-Length: ['14']
      Content-Type: [application/json; charset=utf-8]
      User-Agent: [azsdk-python-keyvault-keys/4.0.0b2 Python/3.6.6 (Windows-10-10.0.18362-SP0)]
    method: POST
    uri: https://vault1051159997ffd4146b.vault.azure.net/keys/crypto-test-wrapping-keyffd4146b/create?api-version=7.0
  response:
    body: {string: '{"key":{"kid":"https://vault1051159997ffd4146b.vault.azure.net/keys/crypto-test-wrapping-keyffd4146b/fe5fa7bc4ee04bb8b8cbda25e6134137","kty":"RSA","key_ops":["encrypt","decrypt","sign","verify","wrapKey","unwrapKey"],"n":"qR4kWR7ykVeXCUvfFCjgB2OW0gmDH9LHxk3zSIpvAmGF01az_G0VyzgNrK5pR8-aTb53cjG2fwxqfbkttUcStO7qenpeXLvLrKdnou9QG77leQpH9idXwH7YjyE7I_0qozJW6kN754KgZFew22tQFAwMQ95cXMHoSAzsOJ2r69jeZ1Ed_Egv7Hdn1t-sU7KyUyRjXnWq8_KBEjcudmp0JDkICJ8GwDirBV9R33RfeJcAX5aiZrezCBmITBMp6qJf77Q3hDG5aJGQECVA4GgB4IL7jdHATmJPoijdbcj34tk4W0_fz-PZPIYnoAMJFyqlrBQQbGNTAghmXBh70OevWw","e":"AQAB"},"attributes":{"enabled":true,"created":1567546883,"updated":1567546883,"recoveryLevel":"Purgeable"}}'}
    headers: {cache-control: no-cache, content-length: '678', content-type: application/json;
        charset=utf-8, date: 'Tue, 03 Sep 2019 21:41:23 GMT', expires: '-1', pragma: no-cache,
      server: Microsoft-IIS/10.0, strict-transport-security: max-age=31536000;includeSubDomains,
      x-aspnet-version: 4.0.30319, x-content-type-options: nosniff, x-ms-keyvault-network-info: addr=131.107.160.72;act_addr_fam=InterNetwork;,
      x-ms-keyvault-region: westus, x-ms-keyvault-service-version: 1.1.0.876, x-powered-by: ASP.NET}
    status: {code: 200, message: OK}
    url: !!python/object/new:yarl.URL
      state: !!python/tuple
      - !!python/object/new:urllib.parse.SplitResult [https, vault1051159997ffd4146b.vault.azure.net,
        /keys/crypto-test-wrapping-keyffd4146b/create, api-version=7.0, '']
- request:
    body: '{"alg": "RS256", "value": "ltYuKr0-Qt5fUDMPuO_ExVmYNSeAd7IemqCzPB3wehw"}'
    headers:
      Accept: [application/json]
      Content-Length: ['72']
      Content-Type: [application/json; charset=utf-8]
      User-Agent: [azsdk-python-keyvault-keys/4.0.0b2 Python/3.6.6 (Windows-10-10.0.18362-SP0)]
    method: POST
    uri: https://vault1051159997ffd4146b.vault.azure.net/keys/crypto-test-wrapping-keyffd4146b/fe5fa7bc4ee04bb8b8cbda25e6134137/sign?api-version=7.0
  response:
    body: {string: '{"kid":"https://vault1051159997ffd4146b.vault.azure.net/keys/crypto-test-wrapping-keyffd4146b/fe5fa7bc4ee04bb8b8cbda25e6134137","value":"plnp7W57PdHbE2ZqD3r1-8wEBsjJs21B79H7-zGERmls5ROBLbohRR5e7hSiobzYWd8fQunSiQgtaj0NGUNOYfFDMlbBXTl5eoLgr5Nq3GPhnQm5YPRtKyrw5Uofx578Ac-EgtpuXl5XpMzYD-Pk2l46IevHe-e7DmIlPDqR_jjq9pQyQiL5MOYUBFAOJ7gakdItULWkzLowtYFu35xIq8fOqPIHOnDtFVSr0Fa5E9Tli9Mqn3jJJcb6uwYIrHR6L2FhoBcj9X4l2nGrsFsKurjzlyd1G6viGBzHTJdlrP43DwtXpiHSeLLUqcm0Y4dNWQMNOUrC7afqaMS0D_YJag"}'}
    headers: {cache-control: no-cache, content-length: '481', content-type: application/json;
        charset=utf-8, date: 'Tue, 03 Sep 2019 21:41:23 GMT', expires: '-1', pragma: no-cache,
      server: Microsoft-IIS/10.0, strict-transport-security: max-age=31536000;includeSubDomains,
      x-aspnet-version: 4.0.30319, x-content-type-options: nosniff, x-ms-keyvault-network-info: addr=131.107.160.72;act_addr_fam=InterNetwork;,
      x-ms-keyvault-region: westus, x-ms-keyvault-service-version: 1.1.0.876, x-powered-by: ASP.NET}
    status: {code: 200, message: OK}
    url: !!python/object/new:yarl.URL
      state: !!python/tuple
      - !!python/object/new:urllib.parse.SplitResult [https, vault1051159997ffd4146b.vault.azure.net,
        /keys/crypto-test-wrapping-keyffd4146b/fe5fa7bc4ee04bb8b8cbda25e6134137/sign,
        api-version=7.0, '']
- request:
    body: '{"alg": "RS256", "digest": "ltYuKr0-Qt5fUDMPuO_ExVmYNSeAd7IemqCzPB3wehw",
      "value": "plnp7W57PdHbE2ZqD3r1-8wEBsjJs21B79H7-zGERmls5ROBLbohRR5e7hSiobzYWd8fQunSiQgtaj0NGUNOYfFDMlbBXTl5eoLgr5Nq3GPhnQm5YPRtKyrw5Uofx578Ac-EgtpuXl5XpMzYD-Pk2l46IevHe-e7DmIlPDqR_jjq9pQyQiL5MOYUBFAOJ7gakdItULWkzLowtYFu35xIq8fOqPIHOnDtFVSr0Fa5E9Tli9Mqn3jJJcb6uwYIrHR6L2FhoBcj9X4l2nGrsFsKurjzlyd1G6viGBzHTJdlrP43DwtXpiHSeLLUqcm0Y4dNWQMNOUrC7afqaMS0D_YJag"}'
    headers:
      Accept: [application/json]
      Content-Length: ['428']
      Content-Type: [application/json; charset=utf-8]
      User-Agent: [azsdk-python-keyvault-keys/4.0.0b2 Python/3.6.6 (Windows-10-10.0.18362-SP0)]
    method: POST
    uri: https://vault1051159997ffd4146b.vault.azure.net/keys/crypto-test-wrapping-keyffd4146b/fe5fa7bc4ee04bb8b8cbda25e6134137/verify?api-version=7.0
  response:
    body: {string: '{"value":true}'}
    headers: {cache-control: no-cache, content-length: '14', content-type: application/json;
        charset=utf-8, date: 'Tue, 03 Sep 2019 21:41:23 GMT', expires: '-1', pragma: no-cache,
      server: Microsoft-IIS/10.0, strict-transport-security: max-age=31536000;includeSubDomains,
      x-aspnet-version: 4.0.30319, x-content-type-options: nosniff, x-ms-keyvault-network-info: addr=131.107.160.72;act_addr_fam=InterNetwork;,
      x-ms-keyvault-region: westus, x-ms-keyvault-service-version: 1.1.0.876, x-powered-by: ASP.NET}
    status: {code: 200, message: OK}
    url: !!python/object/new:yarl.URL
      state: !!python/tuple
      - !!python/object/new:urllib.parse.SplitResult [https, vault1051159997ffd4146b.vault.azure.net,
        /keys/crypto-test-wrapping-keyffd4146b/fe5fa7bc4ee04bb8b8cbda25e6134137/verify,
        api-version=7.0, '']
version: 1
