interactions:
- request:
    body: null
    headers:
      Accept:
      - application/json
      Accept-Encoding:
      - gzip, deflate
      Connection:
      - keep-alive
      Content-Length:
      - '0'
      Content-Type:
      - application/json; charset=utf-8
      User-Agent:
      - azsdk-python-keyvault-keys/4.0.0 Python/3.7.4 (Windows-10-10.0.18362-SP0)
    method: POST
    uri: https://vault458ad70cc7256a0f5b.vault.azure.net/keys/encrypt-local/create?api-version=7.0
  response:
    body:
      string: '{"error":{"code":"Unauthorized","message":"Request is missing a Bearer
        or PoP token."}}'
    headers:
      cache-control:
      - no-cache
      content-length:
      - '87'
      content-type:
      - application/json; charset=utf-8
      date:
      - Thu, 31 Oct 2019 17:46:07 GMT
      expires:
      - '-1'
      pragma:
      - no-cache
      server:
      - Microsoft-IIS/10.0
      strict-transport-security:
      - max-age=31536000;includeSubDomains
      www-authenticate:
      - Bearer authorization="https://login.windows.net/72f988bf-86f1-41af-91ab-2d7cd011db47",
        resource="https://vault.azure.net"
      x-aspnet-version:
      - 4.0.30319
      x-content-type-options:
      - nosniff
      x-ms-keyvault-network-info:
      - addr=131.107.160.72;act_addr_fam=InterNetwork;
      x-ms-keyvault-region:
      - westus
      x-ms-keyvault-service-version:
      - 1.1.0.879
      x-powered-by:
      - ASP.NET
    status:
      code: 401
      message: Unauthorized
- request:
    body: '{"kty": "RSA", "key_size": 4096}'
    headers:
      Accept:
      - application/json
      Accept-Encoding:
      - gzip, deflate
      Connection:
      - keep-alive
      Content-Length:
      - '32'
      Content-Type:
      - application/json; charset=utf-8
      User-Agent:
      - azsdk-python-keyvault-keys/4.0.0 Python/3.7.4 (Windows-10-10.0.18362-SP0)
    method: POST
    uri: https://vault458ad70cc7256a0f5b.vault.azure.net/keys/encrypt-local/create?api-version=7.0
  response:
    body:
      string: '{"key":{"kid":"https://vault458ad70cc7256a0f5b.vault.azure.net/keys/encrypt-local/2e411964f47f46d889e8cbf7b53489a3","kty":"RSA","key_ops":["encrypt","decrypt","sign","verify","wrapKey","unwrapKey"],"n":"s10KUDuK5aAMoYLcIOONJFcVzaz_n6Ux72GOvThH-dqqXw6Esh0oiPG3gsUgibO1UQnhKgIivsCUJtnk9lc6_l4zxJUHmT1joF8A24qUgA1AiMQR7zQq8OZDhqHYUvEkQ4X4Db9hFdkRiKtGRd1JE7l8N1aCrXAT6HZmN09LcY_deH8GnGQcbMGBMvX68PV8SaxL-4h92GeMaF_nRuIieMyVay9SWw_4fa7Wm4AkHOYInUQ9hOGlvsEIAsfyh1kcQOOo1Okjc3LjrLTCDj5XsD-UP3vpdU8dQUljTAwMrwp7r7V865atMoThnWGLq_-lwfUA0y3gKEXqrPsf269xqHzQ0rssShKs8fI31d7nvADNSuBUnwHjVa0LUcXRp-nKAqfozsltb2hVx63Yw-aSbSbWXg-nQZi3a8Bu55P-bXyQb5XoqGnAClgI8UZFK7uOb6zVTrO3tAEWy9r6fGVfoGaHyPts6nXPqofWF52_4LXdPCR64wOsKcxFjVJyJrQzPibI3ICj6vGvBXjTSqrWFXeTn-WDfqi9uNYEpN7yLQorEk0XQxFQw17HaPLiA0EGihFODXMG7ccGQ_eS6r2rIiY7KbQT2XgmJus0GMwLA9BWdc0-6vkRYG3aFHhxsSUJbS76YLzUSa19-RcXPXT1HdI8mIewX4N3BXkvQx0mWm8","e":"AQAB"},"attributes":{"enabled":true,"created":1572543968,"updated":1572543968,"recoveryLevel":"Purgeable"}}'
    headers:
      cache-control:
      - no-cache
      content-length:
      - '1000'
      content-type:
      - application/json; charset=utf-8
      date:
      - Thu, 31 Oct 2019 17:46:08 GMT
      expires:
      - '-1'
      pragma:
      - no-cache
      server:
      - Microsoft-IIS/10.0
      strict-transport-security:
      - max-age=31536000;includeSubDomains
      x-aspnet-version:
      - 4.0.30319
      x-content-type-options:
      - nosniff
      x-ms-keyvault-network-info:
      - addr=131.107.160.72;act_addr_fam=InterNetwork;
      x-ms-keyvault-region:
      - westus
      x-ms-keyvault-service-version:
      - 1.1.0.879
      x-powered-by:
      - ASP.NET
    status:
      code: 200
      message: OK
- request:
    body: '{"alg": "RSA-OAEP", "value": "GPvBRwH5sP_8_m2m5UpL7ggIETA0agq3rEQQ8j5_PtsGkmPFu6uQwcxDS5myiS6mIVbTJpbXa5AbCZBZi-dyImv_FfDZFR5SBs1Vbo38F9x9SCpYO5HN-n_zmxY-n9JsVnWmwH8ph1l37bhzBLyAqLr7Yp60OYa4SLDUgvErknFnJa9gsCIhsPgA35sAcijsencEcFrR_-G6fX5y_xgiTXMxnq9uJp2JLybvzMOa5jjTG_FC9NslI0UOnCxYFdJMSg4zLcdKLqXOHYeR7ZMdy42p3JNA4RGIz7gtExlSjtsvWFkx90rM9AODOWLR0Nn1rGShYKAIZiLhpnQD6GmuU578-VGupSqstZdK0KBlnpvx5if_tptoPVF8dsP59O_dXTc5s3QCy54RKIBeM4DqhPY9EBIZ0lf5Ai-PvZ0KKdH1aSTJcCGj6Z0MJrOwK7-YHVhM5WpzMgcUUbxKdEv7Bd-DroNF82tKjSXdV9lQ8h6N5Sj9YDKs5iY5A_Aid_Bjo4P7mv_mPHd2bM-lEAVQFIgh4VJ7d1h9Bdhi90jgoQlB984Rmy_LflMlU_5X-UzBqtFtW2CGv0avA6rzBkqUv7VqKkNfUelu8A46hDuAT_39b7oEiUa712KHun67RC9pb06f6JTiddZemAyW49mCI4WldEp13CBXOdyudK5YWuw"}'
    headers:
      Accept:
      - application/json
      Accept-Encoding:
      - gzip, deflate
      Connection:
      - keep-alive
      Content-Length:
      - '715'
      Content-Type:
      - application/json; charset=utf-8
      User-Agent:
      - azsdk-python-keyvault-keys/4.0.0 Python/3.7.4 (Windows-10-10.0.18362-SP0)
    method: POST
    uri: https://vault458ad70cc7256a0f5b.vault.azure.net/keys/encrypt-local/2e411964f47f46d889e8cbf7b53489a3/decrypt?api-version=7.0
  response:
    body:
      string: '{"kid":"https://vault458ad70cc7256a0f5b.vault.azure.net/keys/encrypt-local/2e411964f47f46d889e8cbf7b53489a3","value":"NTA2M2U2YWFhODQ1ZjE1MDIwMDU0Nzk0NGZkMTk5Njc5Yzk4ZWQ2Zjk5ZGEwYTBiMmRhZmVhZjFmNDY4NDQ5NmZkNTMyYzFjMjI5OTY4Y2I5ZGVlNDQ5NTdmY2VmN2NjZWY1OWNlZGEwYjM2MmU1NmJjZDc4ZmQzZmFlZTU3ODFjNjIzYzBiYjIyYjM1YmVhYmRlMDY2NGZkMzBlMGU4MjRhYmEzZGQxYjBhZmZmYzRhM2Q5NTVlZGUyMGNmNmE4NTRkNTJjZmQ"}'
    headers:
      cache-control:
      - no-cache
      content-length:
      - '387'
      content-type:
      - application/json; charset=utf-8
      date:
      - Thu, 31 Oct 2019 17:46:08 GMT
      expires:
      - '-1'
      pragma:
      - no-cache
      server:
      - Microsoft-IIS/10.0
      strict-transport-security:
      - max-age=31536000;includeSubDomains
      x-aspnet-version:
      - 4.0.30319
      x-content-type-options:
      - nosniff
      x-ms-keyvault-network-info:
      - addr=131.107.160.72;act_addr_fam=InterNetwork;
      x-ms-keyvault-region:
      - westus
      x-ms-keyvault-service-version:
      - 1.1.0.879
      x-powered-by:
      - ASP.NET
    status:
      code: 200
      message: OK
- request:
    body: '{"alg": "RSA-OAEP-256", "value": "CAhhj8Pe6g7HIwovFaZtFoDXfGrVCpZ8eswxIEIaG8Afifii-rHlJlAbaam2RgZWulOM4i1nNyI2no3d-RJZEN1IGk5ksNmcuv_2c53tmKEYyluCSfb1N-wObOIazjz8bJJumE1RL2JTlklZn8lR9VMsp7btj1oiyMUAOAhUyP-2QX9ufK1Tgqrb7wFdjzRXQbbWCj5DEEhHtp6C2l_uL_ETSRfNIbj9qctPz9-1845V9NRyxGkURko3neqXfNE1fScMHecakNYNT3udVlovVzHELaJ7NmiCh5y2rkhPof1l45EN8rH85LIe1bcbLNBkhfRgbvmfXjbjJZtdUB0jURDFkk7fwgsCdNcFoq115Ki4eqLg6dxJuFtThq8z-5JHYBmE5sYyBtWIeWnhA6A_Hr205PlJDEaByZHxJ91ogiGXeGYLcUcXXitWPsKZLc4Aq1bCJF2I8mfyYQthCg2KdNMXDkbOU19PDp2aqeOjTSmwoMdCk1EDAt7xiXjCXcw2sGsQbX5cpFMqoYjDrp8mfIG_VUVK2MKYsJq10tF0N-GFQxB70Xd2fR1V2k-QVkN8kwuhgf1LniycityRcMJoZludfPqDdST8qGJpBpnc4VI6UO2RoX2hblOHi0ZLPTz8KOOpDaIMjFIWr5j5s4xexaCTqHiYmknDyZBPc2w2vvw"}'
    headers:
      Accept:
      - application/json
      Accept-Encoding:
      - gzip, deflate
      Connection:
      - keep-alive
      Content-Length:
      - '719'
      Content-Type:
      - application/json; charset=utf-8
      User-Agent:
      - azsdk-python-keyvault-keys/4.0.0 Python/3.7.4 (Windows-10-10.0.18362-SP0)
    method: POST
    uri: https://vault458ad70cc7256a0f5b.vault.azure.net/keys/encrypt-local/2e411964f47f46d889e8cbf7b53489a3/decrypt?api-version=7.0
  response:
    body:
      string: '{"kid":"https://vault458ad70cc7256a0f5b.vault.azure.net/keys/encrypt-local/2e411964f47f46d889e8cbf7b53489a3","value":"NTA2M2U2YWFhODQ1ZjE1MDIwMDU0Nzk0NGZkMTk5Njc5Yzk4ZWQ2Zjk5ZGEwYTBiMmRhZmVhZjFmNDY4NDQ5NmZkNTMyYzFjMjI5OTY4Y2I5ZGVlNDQ5NTdmY2VmN2NjZWY1OWNlZGEwYjM2MmU1NmJjZDc4ZmQzZmFlZTU3ODFjNjIzYzBiYjIyYjM1YmVhYmRlMDY2NGZkMzBlMGU4MjRhYmEzZGQxYjBhZmZmYzRhM2Q5NTVlZGUyMGNmNmE4NTRkNTJjZmQ"}'
    headers:
      cache-control:
      - no-cache
      content-length:
      - '387'
      content-type:
      - application/json; charset=utf-8
      date:
      - Thu, 31 Oct 2019 17:46:08 GMT
      expires:
      - '-1'
      pragma:
      - no-cache
      server:
      - Microsoft-IIS/10.0
      strict-transport-security:
      - max-age=31536000;includeSubDomains
      x-aspnet-version:
      - 4.0.30319
      x-content-type-options:
      - nosniff
      x-ms-keyvault-network-info:
      - addr=131.107.160.72;act_addr_fam=InterNetwork;
      x-ms-keyvault-region:
      - westus
      x-ms-keyvault-service-version:
      - 1.1.0.879
      x-powered-by:
      - ASP.NET
    status:
      code: 200
      message: OK
- request:
    body: '{"alg": "RSA1_5", "value": "UI3sua8MQ1xW4oQzIe-pLfCeWZ776wiO73idE6AS9K921-rfD1cKbaK7dxlEELOexkpcOYAzp0-4UdJjKTjgVle9SFptFMQao5b7zl0jGf3ZLdF7lNmBxqA72qPAr62MGFelayG2hvkoYTnSOfTj07zMeFTfaGR1vQ5f7OtoHX_ppdYJqPUXO88DFCMtNi8fJrkyj0qd1TkaMYsJIMrl6a_Fv6o-oJnA1lBYysomxnUgAMDrj0O33X73tR8oe06vJVwQDkPvCnDjhiyHJ1zWxJoS2rUhNBLXp5gu7C5G7eUmsXxQxfso-sGGjmMeaO4jyMyId-9W9Y_MHWyfNZLhGHjHrNXK2-0h5DWQ9Qx2AkhEpiWjY1QWnvXhcmDEse2f3GT4uPX5Qda-gAfPA3Ju7rE-He7zNKw0XZAYw34UavGSMVJaDhUME-yzT4AvT_3GafIxzDclt27iUu3Hb4c7ABKrnCkxQjT_5FyyqXPkzf7oAQEhObKkYE9Glqzyl1hvRCKQsYlGNPZjRbo435VNrsibPUuOSk7QBQfg7tPe3CiQ1YWGr6eysGZ3XZfNEyfn8I8DAMz_Kc7V87vR8xbjhqmpn9RvAS5AJ7JRRpzjDtry_xIsAC3rDQ_OgT2_mriTZwBT5Rpypgljz_Lo2sBZFPi_iZXGaAFVtOhTetMfzZQ"}'
    headers:
      Accept:
      - application/json
      Accept-Encoding:
      - gzip, deflate
      Connection:
      - keep-alive
      Content-Length:
      - '713'
      Content-Type:
      - application/json; charset=utf-8
      User-Agent:
      - azsdk-python-keyvault-keys/4.0.0 Python/3.7.4 (Windows-10-10.0.18362-SP0)
    method: POST
    uri: https://vault458ad70cc7256a0f5b.vault.azure.net/keys/encrypt-local/2e411964f47f46d889e8cbf7b53489a3/decrypt?api-version=7.0
  response:
    body:
      string: '{"kid":"https://vault458ad70cc7256a0f5b.vault.azure.net/keys/encrypt-local/2e411964f47f46d889e8cbf7b53489a3","value":"NTA2M2U2YWFhODQ1ZjE1MDIwMDU0Nzk0NGZkMTk5Njc5Yzk4ZWQ2Zjk5ZGEwYTBiMmRhZmVhZjFmNDY4NDQ5NmZkNTMyYzFjMjI5OTY4Y2I5ZGVlNDQ5NTdmY2VmN2NjZWY1OWNlZGEwYjM2MmU1NmJjZDc4ZmQzZmFlZTU3ODFjNjIzYzBiYjIyYjM1YmVhYmRlMDY2NGZkMzBlMGU4MjRhYmEzZGQxYjBhZmZmYzRhM2Q5NTVlZGUyMGNmNmE4NTRkNTJjZmQ"}'
    headers:
      cache-control:
      - no-cache
      content-length:
      - '387'
      content-type:
      - application/json; charset=utf-8
      date:
      - Thu, 31 Oct 2019 17:46:08 GMT
      expires:
      - '-1'
      pragma:
      - no-cache
      server:
      - Microsoft-IIS/10.0
      strict-transport-security:
      - max-age=31536000;includeSubDomains
      x-aspnet-version:
      - 4.0.30319
      x-content-type-options:
      - nosniff
      x-ms-keyvault-network-info:
      - addr=131.107.160.72;act_addr_fam=InterNetwork;
      x-ms-keyvault-region:
      - westus
      x-ms-keyvault-service-version:
      - 1.1.0.879
      x-powered-by:
      - ASP.NET
    status:
      code: 200
      message: OK
version: 1
