interactions:
- request:
    body: '{"kty": "RSA"}'
    headers:
      Accept:
      - application/json
      Content-Length:
      - '14'
      Content-Type:
      - application/json
      User-Agent:
      - azsdk-python-keyvault-keys/4.3.2 Python/3.5.3 (Windows-10-10.0.19041-SP0)
    method: POST
    uri: https://vaultname.vault.azure.net/keys/livekvtestkey032f70fb3/create?api-version=7.1
  response:
    body:
      string: '{"key":{"kid":"https://vaultname.vault.azure.net/keys/livekvtestkey032f70fb3/689af9ffdb6b4090b5720de098b6e275","kty":"RSA","key_ops":["encrypt","decrypt","sign","verify","wrapKey","unwrapKey"],"n":"zwaIVnQ3UTfzzzSrP_i3mrYfT8sPaLQl-irNvudPe2OR-n_G-diZP-VecMb6t1Exf6S0ZCQp6ZsC2kmm88y1kRMu7p2VWl00TjbhUxBNEsbsTjb2gzQggX6rNzhkzLcH3zxkW_kjmukXntwUqWgy2AFzjaAYcFtsNAMgJunOMU3FrHq_HZQVvlXQ2pG7TbrZdcUu85epjoDBcXnIdaLN7E0SvLn_CQBj4F7SEwd_Rkgf_Auz8IUWrDfA6vMHgZhhseQk6PU9jQQCf3fP3Zzy8LDEhnPy7dWBbdZF24J9QZpTRKgirZjooReVmBEKFDzTYtrLAti9mipiMYHRH7niGQ","e":"AQAB"},"attributes":{"enabled":true,"created":1612320498,"updated":1612320498,"recoveryLevel":"Recoverable+Purgeable","recoverableDays":90}}'
    headers:
      cache-control: no-cache
      content-length: '688'
      content-type: application/json; charset=utf-8
      date: Wed, 03 Feb 2021 02:48:18 GMT
      expires: '-1'
      pragma: no-cache
      strict-transport-security: max-age=31536000;includeSubDomains
      x-content-type-options: nosniff
      x-ms-keyvault-network-info: conn_type=Ipv4;addr=174.127.232.53;act_addr_fam=InterNetwork;
      x-ms-keyvault-region: westus2
      x-ms-keyvault-service-version: 1.2.139.0
      x-powered-by: ASP.NET
    status:
      code: 200
      message: OK
    url: https://mcpatinokv.vault.azure.net/keys/livekvtestkey032f70fb3/create?api-version=7.1
- request:
    body: '{"kty": "RSA"}'
    headers:
      Accept:
      - application/json
      Content-Length:
      - '14'
      Content-Type:
      - application/json
      User-Agent:
      - azsdk-python-keyvault-keys/4.3.2 Python/3.5.3 (Windows-10-10.0.19041-SP0)
    method: POST
    uri: https://vaultname.vault.azure.net/keys/livekvtestkey132f70fb3/create?api-version=7.1
  response:
    body:
      string: '{"key":{"kid":"https://vaultname.vault.azure.net/keys/livekvtestkey132f70fb3/276273f38d8b4cc6834844aaeac809c8","kty":"RSA","key_ops":["encrypt","decrypt","sign","verify","wrapKey","unwrapKey"],"n":"uEXTCCjNZyfcjZHVsa9UBEnpcBTCKNnN2tgtcHH5TKxYUE4xkQhUo9HPEov-Wb1G2xscwbj7WK9OUdUukGKMWUIZGUmGhMUbUN7dJv7AmtvBqya2bhYu8ZhhVLxnPJqiLZZugGLy0HMT3uR4AubQ7zKh8k4AqefVboO0-KDLVBpmoK-IFogUY9N4o42eBzL4_rD9IziO2_dB71tay1DAEjOT0CQJcZua1VVR3MYNhqNA0eEM6yZPqigInAH9p-KIrf0EVymsO0-HqRdjSDZB8YQ5Fy65uBFZRSlmVWoCZRF3hYtrxgyxKrzrBkKlucZvSuHpHpspsaVoP4mUiKhLPQ","e":"AQAB"},"attributes":{"enabled":true,"created":1612320498,"updated":1612320498,"recoveryLevel":"Recoverable+Purgeable","recoverableDays":90}}'
    headers:
      cache-control: no-cache
      content-length: '688'
      content-type: application/json; charset=utf-8
      date: Wed, 03 Feb 2021 02:48:18 GMT
      expires: '-1'
      pragma: no-cache
      strict-transport-security: max-age=31536000;includeSubDomains
      x-content-type-options: nosniff
      x-ms-keyvault-network-info: conn_type=Ipv4;addr=174.127.232.53;act_addr_fam=InterNetwork;
      x-ms-keyvault-region: westus2
      x-ms-keyvault-service-version: 1.2.139.0
      x-powered-by: ASP.NET
    status:
      code: 200
      message: OK
    url: https://mcpatinokv.vault.azure.net/keys/livekvtestkey132f70fb3/create?api-version=7.1
- request:
    body: '{"kty": "RSA"}'
    headers:
      Accept:
      - application/json
      Content-Length:
      - '14'
      Content-Type:
      - application/json
      User-Agent:
      - azsdk-python-keyvault-keys/4.3.2 Python/3.5.3 (Windows-10-10.0.19041-SP0)
    method: POST
    uri: https://vaultname.vault.azure.net/keys/livekvtestkey232f70fb3/create?api-version=7.1
  response:
    body:
      string: '{"key":{"kid":"https://vaultname.vault.azure.net/keys/livekvtestkey232f70fb3/3dfd6a71dc6740fb8411e20772e9d75f","kty":"RSA","key_ops":["encrypt","decrypt","sign","verify","wrapKey","unwrapKey"],"n":"5zp6ch4-lwFcFom1md3mlCZ7HDzRFEOQxyu0wmVZn2JEqs6CjFveE6GmOBFC6Vb8QU2TGzROjTfcYYbEi5eZtAIWetJ_zNL4nWQk4PoewnhE76csalgBqwgtHnGnZWSwlR8HYGLRMjXGsuFVhcze2cnL512X9nL1w57mjEuguXVzMV4ghGTvEdew8fbNq57Dt-rjs7EUAWwXQ1grrukOr_4lpfj4XULnUeH5kt4QvXywoOhL7rlk3yatZSR9KasVb8CuCMY4rKv_vrZ4S9W_Ji6qVvtGm-f-zt6rJ6zdZVNgWCNV4YhM26icqG0l4c2dg6BYISR0LEoM-TX_pB3ezQ","e":"AQAB"},"attributes":{"enabled":true,"created":1612320498,"updated":1612320498,"recoveryLevel":"Recoverable+Purgeable","recoverableDays":90}}'
    headers:
      cache-control: no-cache
      content-length: '688'
      content-type: application/json; charset=utf-8
      date: Wed, 03 Feb 2021 02:48:18 GMT
      expires: '-1'
      pragma: no-cache
      strict-transport-security: max-age=31536000;includeSubDomains
      x-content-type-options: nosniff
      x-ms-keyvault-network-info: conn_type=Ipv4;addr=174.127.232.53;act_addr_fam=InterNetwork;
      x-ms-keyvault-region: westus2
      x-ms-keyvault-service-version: 1.2.139.0
      x-powered-by: ASP.NET
    status:
      code: 200
      message: OK
    url: https://mcpatinokv.vault.azure.net/keys/livekvtestkey232f70fb3/create?api-version=7.1
- request:
    body: '{"kty": "RSA"}'
    headers:
      Accept:
      - application/json
      Content-Length:
      - '14'
      Content-Type:
      - application/json
      User-Agent:
      - azsdk-python-keyvault-keys/4.3.2 Python/3.5.3 (Windows-10-10.0.19041-SP0)
    method: POST
    uri: https://vaultname.vault.azure.net/keys/livekvtestkey332f70fb3/create?api-version=7.1
  response:
    body:
      string: '{"key":{"kid":"https://vaultname.vault.azure.net/keys/livekvtestkey332f70fb3/ed557a63800f4d57b39f9f772ffa202c","kty":"RSA","key_ops":["encrypt","decrypt","sign","verify","wrapKey","unwrapKey"],"n":"usctUPl7RsLv2wYfFeibfNByl6HARov0UUBkMcR0JhwchX5SffzDG6uw1U06sD8CwzbduIApMAQQMT0vIIsT7dXio-G2QJUQbe9nXH7IHvo6ZH4awTKsktQ5N8WBPzzbDUhHzT750w_rTljjopkwCtbdURHC4Dy2GS1vLTiLeQz7BE0d4SPsTgaBHmh2chz0Ma3_6mAm4JFaaZzVCpQ2RdDZnWVQZiVAfdYxYUaQV58w2ReuV5w_Uek_uqHytbr5XBNRk0PUXWZJnyfRWyHBO0Gf5jvoo8Kxfe6q395ZY0fLiCDpGYh74wapImBa53He2vF5Ilk6zGVJ9D7Rdmpe2Q","e":"AQAB"},"attributes":{"enabled":true,"created":1612320499,"updated":1612320499,"recoveryLevel":"Recoverable+Purgeable","recoverableDays":90}}'
    headers:
      cache-control: no-cache
      content-length: '688'
      content-type: application/json; charset=utf-8
      date: Wed, 03 Feb 2021 02:48:18 GMT
      expires: '-1'
      pragma: no-cache
      strict-transport-security: max-age=31536000;includeSubDomains
      x-content-type-options: nosniff
      x-ms-keyvault-network-info: conn_type=Ipv4;addr=174.127.232.53;act_addr_fam=InterNetwork;
      x-ms-keyvault-region: westus2
      x-ms-keyvault-service-version: 1.2.139.0
      x-powered-by: ASP.NET
    status:
      code: 200
      message: OK
    url: https://mcpatinokv.vault.azure.net/keys/livekvtestkey332f70fb3/create?api-version=7.1
- request:
    body: '{"kty": "RSA"}'
    headers:
      Accept:
      - application/json
      Content-Length:
      - '14'
      Content-Type:
      - application/json
      User-Agent:
      - azsdk-python-keyvault-keys/4.3.2 Python/3.5.3 (Windows-10-10.0.19041-SP0)
    method: POST
    uri: https://vaultname.vault.azure.net/keys/livekvtestkey432f70fb3/create?api-version=7.1
  response:
    body:
      string: '{"key":{"kid":"https://vaultname.vault.azure.net/keys/livekvtestkey432f70fb3/2474d58c80014d6f810162502a40c0cc","kty":"RSA","key_ops":["encrypt","decrypt","sign","verify","wrapKey","unwrapKey"],"n":"zEU92Z2f3oV2NtCV-LuSm0SIdnjMUDrS6MpBq5BJnRERQe73XT4y3vNCb01MxUDe4x4FTe8SlEBubrmFqVZQmZiXdAu5V8MkPfYqkYyVFt8fSx9iGk1zmehziEe8TKOUp-PTbFtp7mt6KSlKA6oPwLDA7VimwZxKtccnUfc8OygVyLkf8AaDyA4WjFg6N9jfyN_jqALoWO9q3rV-NO8i6Wsu2vGBGuFCcegJP9ldQKyXCVQVHlt2OVCcOo7HC7eQaHMazu2TtG55h6D0O_DI-C6JKxuovUsjaSNI_4XgcpJZFbDb_Pg1lsKRyye2yoNEHHd8tiD6TAB_v2URkQ1nAQ","e":"AQAB"},"attributes":{"enabled":true,"created":1612320499,"updated":1612320499,"recoveryLevel":"Recoverable+Purgeable","recoverableDays":90}}'
    headers:
      cache-control: no-cache
      content-length: '688'
      content-type: application/json; charset=utf-8
      date: Wed, 03 Feb 2021 02:48:19 GMT
      expires: '-1'
      pragma: no-cache
      strict-transport-security: max-age=31536000;includeSubDomains
      x-content-type-options: nosniff
      x-ms-keyvault-network-info: conn_type=Ipv4;addr=174.127.232.53;act_addr_fam=InterNetwork;
      x-ms-keyvault-region: westus2
      x-ms-keyvault-service-version: 1.2.139.0
      x-powered-by: ASP.NET
    status:
      code: 200
      message: OK
    url: https://mcpatinokv.vault.azure.net/keys/livekvtestkey432f70fb3/create?api-version=7.1
- request:
    body: '{"kty": "RSA"}'
    headers:
      Accept:
      - application/json
      Content-Length:
      - '14'
      Content-Type:
      - application/json
      User-Agent:
      - azsdk-python-keyvault-keys/4.3.2 Python/3.5.3 (Windows-10-10.0.19041-SP0)
    method: POST
    uri: https://vaultname.vault.azure.net/keys/livekvtestkey532f70fb3/create?api-version=7.1
  response:
    body:
      string: '{"key":{"kid":"https://vaultname.vault.azure.net/keys/livekvtestkey532f70fb3/9cda7ff867e345ae870aeee590982780","kty":"RSA","key_ops":["encrypt","decrypt","sign","verify","wrapKey","unwrapKey"],"n":"sUwuvF0McjyoSL9Tm0JYlhTH-UXI9AkXd4iYtvBvQl24JtXz_ja_1uQ5KJk7uqhldhxKMdM6RVYQJRrgTDCDeoxBg0M9cbBYs5vuZ-QFBQKr0ekMI3wv6odePTffaW2p4qdUEW2TLiQTDXhjoTf2ozgArsS4gDKaY82RfyqKg4dqEXxTKZLpS1b3eS9xOQ90axj0m9HSQtjE8ye8plwsXcsrsTIEczu0X6XP-YO35P2mCrSsw3zCtXYR2PrBtja1urvgSySCYM-sNtyaNW35jbI4QPYg6LJkM3L0Ju79YIGcBVuNADyjAvK9lcgax5K3IAS3x3C8nTU1N0QjqnEwdQ","e":"AQAB"},"attributes":{"enabled":true,"created":1612320499,"updated":1612320499,"recoveryLevel":"Recoverable+Purgeable","recoverableDays":90}}'
    headers:
      cache-control: no-cache
      content-length: '688'
      content-type: application/json; charset=utf-8
      date: Wed, 03 Feb 2021 02:48:19 GMT
      expires: '-1'
      pragma: no-cache
      strict-transport-security: max-age=31536000;includeSubDomains
      x-content-type-options: nosniff
      x-ms-keyvault-network-info: conn_type=Ipv4;addr=174.127.232.53;act_addr_fam=InterNetwork;
      x-ms-keyvault-region: westus2
      x-ms-keyvault-service-version: 1.2.139.0
      x-powered-by: ASP.NET
    status:
      code: 200
      message: OK
    url: https://mcpatinokv.vault.azure.net/keys/livekvtestkey532f70fb3/create?api-version=7.1
- request:
    body: '{"kty": "RSA"}'
    headers:
      Accept:
      - application/json
      Content-Length:
      - '14'
      Content-Type:
      - application/json
      User-Agent:
      - azsdk-python-keyvault-keys/4.3.2 Python/3.5.3 (Windows-10-10.0.19041-SP0)
    method: POST
    uri: https://vaultname.vault.azure.net/keys/livekvtestkey632f70fb3/create?api-version=7.1
  response:
    body:
      string: '{"key":{"kid":"https://vaultname.vault.azure.net/keys/livekvtestkey632f70fb3/e1b1322b99e34916abd5b1de504fd317","kty":"RSA","key_ops":["encrypt","decrypt","sign","verify","wrapKey","unwrapKey"],"n":"t8I1JaZP-1KNK84XSvRWu3tgqOJGVc0SwGmGG23IAhYM42cMCMjcOqBrPCLSUwYT0Y8oY5UpcJPdFXQhaJBGKfmvMsSmu79OSRPKA39--IHm25FVheWY7bTAaYQzFwsALbSlC7lVvjl__NQHJMIRJOLwtYDJsSHPMEnbtbEzT8vEjJfBJDLmkWz-IqZjEN-ZpUeLOMc3mDNoLDPO8v6VULmuR7kpa-O80JduCMm-NJQ0w4JeagbnSdRku4aZMY5OwJCw0JoZdlvNmRpkkjT78GuvR7UTHekJMOGGhePS_Vf1u_SYVXAhkrtwrpytcpwQV-PtHOaCFQauycVIYcC0rQ","e":"AQAB"},"attributes":{"enabled":true,"created":1612320499,"updated":1612320499,"recoveryLevel":"Recoverable+Purgeable","recoverableDays":90}}'
    headers:
      cache-control: no-cache
      content-length: '688'
      content-type: application/json; charset=utf-8
      date: Wed, 03 Feb 2021 02:48:19 GMT
      expires: '-1'
      pragma: no-cache
      strict-transport-security: max-age=31536000;includeSubDomains
      x-content-type-options: nosniff
      x-ms-keyvault-network-info: conn_type=Ipv4;addr=174.127.232.53;act_addr_fam=InterNetwork;
      x-ms-keyvault-region: westus2
      x-ms-keyvault-service-version: 1.2.139.0
      x-powered-by: ASP.NET
    status:
      code: 200
      message: OK
    url: https://mcpatinokv.vault.azure.net/keys/livekvtestkey632f70fb3/create?api-version=7.1
- request:
    body: null
    headers:
      Accept:
      - application/json
      User-Agent:
      - azsdk-python-keyvault-keys/4.3.2 Python/3.5.3 (Windows-10-10.0.19041-SP0)
    method: DELETE
    uri: https://vaultname.vault.azure.net/keys/livekvtestkey032f70fb3?api-version=7.1
  response:
    body:
      string: '{"recoveryId":"https://vaultname.vault.azure.net/deletedkeys/livekvtestkey032f70fb3","deletedDate":1612320499,"scheduledPurgeDate":1620096499,"key":{"kid":"https://vaultname.vault.azure.net/keys/livekvtestkey032f70fb3/689af9ffdb6b4090b5720de098b6e275","kty":"RSA","key_ops":["encrypt","decrypt","sign","verify","wrapKey","unwrapKey"],"n":"zwaIVnQ3UTfzzzSrP_i3mrYfT8sPaLQl-irNvudPe2OR-n_G-diZP-VecMb6t1Exf6S0ZCQp6ZsC2kmm88y1kRMu7p2VWl00TjbhUxBNEsbsTjb2gzQggX6rNzhkzLcH3zxkW_kjmukXntwUqWgy2AFzjaAYcFtsNAMgJunOMU3FrHq_HZQVvlXQ2pG7TbrZdcUu85epjoDBcXnIdaLN7E0SvLn_CQBj4F7SEwd_Rkgf_Auz8IUWrDfA6vMHgZhhseQk6PU9jQQCf3fP3Zzy8LDEhnPy7dWBbdZF24J9QZpTRKgirZjooReVmBEKFDzTYtrLAti9mipiMYHRH7niGQ","e":"AQAB"},"attributes":{"enabled":true,"created":1612320498,"updated":1612320498,"recoveryLevel":"Recoverable+Purgeable","recoverableDays":90}}'
    headers:
      cache-control: no-cache
      content-length: '830'
      content-type: application/json; charset=utf-8
      date: Wed, 03 Feb 2021 02:48:19 GMT
      expires: '-1'
      pragma: no-cache
      strict-transport-security: max-age=31536000;includeSubDomains
      x-content-type-options: nosniff
      x-ms-keyvault-network-info: conn_type=Ipv4;addr=174.127.232.53;act_addr_fam=InterNetwork;
      x-ms-keyvault-region: westus2
      x-ms-keyvault-service-version: 1.2.139.0
      x-powered-by: ASP.NET
    status:
      code: 200
      message: OK
    url: https://mcpatinokv.vault.azure.net/keys/livekvtestkey032f70fb3?api-version=7.1
- request:
    body: null
    headers:
      Accept:
      - application/json
      User-Agent:
      - azsdk-python-keyvault-keys/4.3.2 Python/3.5.3 (Windows-10-10.0.19041-SP0)
    method: GET
    uri: https://vaultname.vault.azure.net/deletedkeys/livekvtestkey032f70fb3?api-version=7.1
  response:
    body:
      string: '{"error":{"code":"KeyNotFound","message":"Deleted Key not found: livekvtestkey032f70fb3"}}'
    headers:
      cache-control: no-cache
      content-length: '90'
      content-type: application/json; charset=utf-8
      date: Wed, 03 Feb 2021 02:48:19 GMT
      expires: '-1'
      pragma: no-cache
      strict-transport-security: max-age=31536000;includeSubDomains
      x-content-type-options: nosniff
      x-ms-keyvault-network-info: conn_type=Ipv4;addr=174.127.232.53;act_addr_fam=InterNetwork;
      x-ms-keyvault-region: westus2
      x-ms-keyvault-service-version: 1.2.139.0
      x-powered-by: ASP.NET
    status:
      code: 404
      message: Not Found
    url: https://mcpatinokv.vault.azure.net/deletedkeys/livekvtestkey032f70fb3?api-version=7.1
- request:
    body: null
    headers:
      Accept:
      - application/json
      User-Agent:
      - azsdk-python-keyvault-keys/4.3.2 Python/3.5.3 (Windows-10-10.0.19041-SP0)
    method: GET
    uri: https://vaultname.vault.azure.net/deletedkeys/livekvtestkey032f70fb3?api-version=7.1
  response:
    body:
      string: '{"recoveryId":"https://vaultname.vault.azure.net/deletedkeys/livekvtestkey032f70fb3","deletedDate":1612320499,"scheduledPurgeDate":1620096499,"key":{"kid":"https://vaultname.vault.azure.net/keys/livekvtestkey032f70fb3/689af9ffdb6b4090b5720de098b6e275","kty":"RSA","key_ops":["encrypt","decrypt","sign","verify","wrapKey","unwrapKey"],"n":"zwaIVnQ3UTfzzzSrP_i3mrYfT8sPaLQl-irNvudPe2OR-n_G-diZP-VecMb6t1Exf6S0ZCQp6ZsC2kmm88y1kRMu7p2VWl00TjbhUxBNEsbsTjb2gzQggX6rNzhkzLcH3zxkW_kjmukXntwUqWgy2AFzjaAYcFtsNAMgJunOMU3FrHq_HZQVvlXQ2pG7TbrZdcUu85epjoDBcXnIdaLN7E0SvLn_CQBj4F7SEwd_Rkgf_Auz8IUWrDfA6vMHgZhhseQk6PU9jQQCf3fP3Zzy8LDEhnPy7dWBbdZF24J9QZpTRKgirZjooReVmBEKFDzTYtrLAti9mipiMYHRH7niGQ","e":"AQAB"},"attributes":{"enabled":true,"created":1612320498,"updated":1612320498,"recoveryLevel":"Recoverable+Purgeable","recoverableDays":90}}'
    headers:
      cache-control: no-cache
      content-length: '830'
      content-type: application/json; charset=utf-8
      date: Wed, 03 Feb 2021 02:48:21 GMT
      expires: '-1'
      pragma: no-cache
      strict-transport-security: max-age=31536000;includeSubDomains
      x-content-type-options: nosniff
      x-ms-keyvault-network-info: conn_type=Ipv4;addr=174.127.232.53;act_addr_fam=InterNetwork;
      x-ms-keyvault-region: westus2
      x-ms-keyvault-service-version: 1.2.139.0
      x-powered-by: ASP.NET
    status:
      code: 200
      message: OK
    url: https://mcpatinokv.vault.azure.net/deletedkeys/livekvtestkey032f70fb3?api-version=7.1
- request:
    body: null
    headers:
      Accept:
      - application/json
      User-Agent:
      - azsdk-python-keyvault-keys/4.3.2 Python/3.5.3 (Windows-10-10.0.19041-SP0)
    method: DELETE
    uri: https://vaultname.vault.azure.net/keys/livekvtestkey132f70fb3?api-version=7.1
  response:
    body:
      string: '{"recoveryId":"https://vaultname.vault.azure.net/deletedkeys/livekvtestkey132f70fb3","deletedDate":1612320502,"scheduledPurgeDate":1620096502,"key":{"kid":"https://vaultname.vault.azure.net/keys/livekvtestkey132f70fb3/276273f38d8b4cc6834844aaeac809c8","kty":"RSA","key_ops":["encrypt","decrypt","sign","verify","wrapKey","unwrapKey"],"n":"uEXTCCjNZyfcjZHVsa9UBEnpcBTCKNnN2tgtcHH5TKxYUE4xkQhUo9HPEov-Wb1G2xscwbj7WK9OUdUukGKMWUIZGUmGhMUbUN7dJv7AmtvBqya2bhYu8ZhhVLxnPJqiLZZugGLy0HMT3uR4AubQ7zKh8k4AqefVboO0-KDLVBpmoK-IFogUY9N4o42eBzL4_rD9IziO2_dB71tay1DAEjOT0CQJcZua1VVR3MYNhqNA0eEM6yZPqigInAH9p-KIrf0EVymsO0-HqRdjSDZB8YQ5Fy65uBFZRSlmVWoCZRF3hYtrxgyxKrzrBkKlucZvSuHpHpspsaVoP4mUiKhLPQ","e":"AQAB"},"attributes":{"enabled":true,"created":1612320498,"updated":1612320498,"recoveryLevel":"Recoverable+Purgeable","recoverableDays":90}}'
    headers:
      cache-control: no-cache
      content-length: '830'
      content-type: application/json; charset=utf-8
      date: Wed, 03 Feb 2021 02:48:21 GMT
      expires: '-1'
      pragma: no-cache
      strict-transport-security: max-age=31536000;includeSubDomains
      x-content-type-options: nosniff
      x-ms-keyvault-network-info: conn_type=Ipv4;addr=174.127.232.53;act_addr_fam=InterNetwork;
      x-ms-keyvault-region: westus2
      x-ms-keyvault-service-version: 1.2.139.0
      x-powered-by: ASP.NET
    status:
      code: 200
      message: OK
    url: https://mcpatinokv.vault.azure.net/keys/livekvtestkey132f70fb3?api-version=7.1
- request:
    body: null
    headers:
      Accept:
      - application/json
      User-Agent:
      - azsdk-python-keyvault-keys/4.3.2 Python/3.5.3 (Windows-10-10.0.19041-SP0)
    method: GET
    uri: https://vaultname.vault.azure.net/deletedkeys/livekvtestkey132f70fb3?api-version=7.1
  response:
    body:
      string: '{"error":{"code":"KeyNotFound","message":"Deleted Key not found: livekvtestkey132f70fb3"}}'
    headers:
      cache-control: no-cache
      content-length: '90'
      content-type: application/json; charset=utf-8
      date: Wed, 03 Feb 2021 02:48:21 GMT
      expires: '-1'
      pragma: no-cache
      strict-transport-security: max-age=31536000;includeSubDomains
      x-content-type-options: nosniff
      x-ms-keyvault-network-info: conn_type=Ipv4;addr=174.127.232.53;act_addr_fam=InterNetwork;
      x-ms-keyvault-region: westus2
      x-ms-keyvault-service-version: 1.2.139.0
      x-powered-by: ASP.NET
    status:
      code: 404
      message: Not Found
    url: https://mcpatinokv.vault.azure.net/deletedkeys/livekvtestkey132f70fb3?api-version=7.1
- request:
    body: null
    headers:
      Accept:
      - application/json
      User-Agent:
      - azsdk-python-keyvault-keys/4.3.2 Python/3.5.3 (Windows-10-10.0.19041-SP0)
    method: GET
    uri: https://vaultname.vault.azure.net/deletedkeys/livekvtestkey132f70fb3?api-version=7.1
  response:
    body:
      string: '{"error":{"code":"KeyNotFound","message":"Deleted Key not found: livekvtestkey132f70fb3"}}'
    headers:
      cache-control: no-cache
      content-length: '90'
      content-type: application/json; charset=utf-8
      date: Wed, 03 Feb 2021 02:48:23 GMT
      expires: '-1'
      pragma: no-cache
      strict-transport-security: max-age=31536000;includeSubDomains
      x-content-type-options: nosniff
      x-ms-keyvault-network-info: conn_type=Ipv4;addr=174.127.232.53;act_addr_fam=InterNetwork;
      x-ms-keyvault-region: westus2
      x-ms-keyvault-service-version: 1.2.139.0
      x-powered-by: ASP.NET
    status:
      code: 404
      message: Not Found
    url: https://mcpatinokv.vault.azure.net/deletedkeys/livekvtestkey132f70fb3?api-version=7.1
- request:
    body: null
    headers:
      Accept:
      - application/json
      User-Agent:
      - azsdk-python-keyvault-keys/4.3.2 Python/3.5.3 (Windows-10-10.0.19041-SP0)
    method: GET
    uri: https://vaultname.vault.azure.net/deletedkeys/livekvtestkey132f70fb3?api-version=7.1
  response:
    body:
      string: '{"recoveryId":"https://vaultname.vault.azure.net/deletedkeys/livekvtestkey132f70fb3","deletedDate":1612320502,"scheduledPurgeDate":1620096502,"key":{"kid":"https://vaultname.vault.azure.net/keys/livekvtestkey132f70fb3/276273f38d8b4cc6834844aaeac809c8","kty":"RSA","key_ops":["encrypt","decrypt","sign","verify","wrapKey","unwrapKey"],"n":"uEXTCCjNZyfcjZHVsa9UBEnpcBTCKNnN2tgtcHH5TKxYUE4xkQhUo9HPEov-Wb1G2xscwbj7WK9OUdUukGKMWUIZGUmGhMUbUN7dJv7AmtvBqya2bhYu8ZhhVLxnPJqiLZZugGLy0HMT3uR4AubQ7zKh8k4AqefVboO0-KDLVBpmoK-IFogUY9N4o42eBzL4_rD9IziO2_dB71tay1DAEjOT0CQJcZua1VVR3MYNhqNA0eEM6yZPqigInAH9p-KIrf0EVymsO0-HqRdjSDZB8YQ5Fy65uBFZRSlmVWoCZRF3hYtrxgyxKrzrBkKlucZvSuHpHpspsaVoP4mUiKhLPQ","e":"AQAB"},"attributes":{"enabled":true,"created":1612320498,"updated":1612320498,"recoveryLevel":"Recoverable+Purgeable","recoverableDays":90}}'
    headers:
      cache-control: no-cache
      content-length: '830'
      content-type: application/json; charset=utf-8
      date: Wed, 03 Feb 2021 02:48:25 GMT
      expires: '-1'
      pragma: no-cache
      strict-transport-security: max-age=31536000;includeSubDomains
      x-content-type-options: nosniff
      x-ms-keyvault-network-info: conn_type=Ipv4;addr=174.127.232.53;act_addr_fam=InterNetwork;
      x-ms-keyvault-region: westus2
      x-ms-keyvault-service-version: 1.2.139.0
      x-powered-by: ASP.NET
    status:
      code: 200
      message: OK
    url: https://mcpatinokv.vault.azure.net/deletedkeys/livekvtestkey132f70fb3?api-version=7.1
- request:
    body: null
    headers:
      Accept:
      - application/json
      User-Agent:
      - azsdk-python-keyvault-keys/4.3.2 Python/3.5.3 (Windows-10-10.0.19041-SP0)
    method: DELETE
    uri: https://vaultname.vault.azure.net/keys/livekvtestkey432f70fb3?api-version=7.1
  response:
    body:
      string: '{"recoveryId":"https://vaultname.vault.azure.net/deletedkeys/livekvtestkey432f70fb3","deletedDate":1612320506,"scheduledPurgeDate":1620096506,"key":{"kid":"https://vaultname.vault.azure.net/keys/livekvtestkey432f70fb3/2474d58c80014d6f810162502a40c0cc","kty":"RSA","key_ops":["encrypt","decrypt","sign","verify","wrapKey","unwrapKey"],"n":"zEU92Z2f3oV2NtCV-LuSm0SIdnjMUDrS6MpBq5BJnRERQe73XT4y3vNCb01MxUDe4x4FTe8SlEBubrmFqVZQmZiXdAu5V8MkPfYqkYyVFt8fSx9iGk1zmehziEe8TKOUp-PTbFtp7mt6KSlKA6oPwLDA7VimwZxKtccnUfc8OygVyLkf8AaDyA4WjFg6N9jfyN_jqALoWO9q3rV-NO8i6Wsu2vGBGuFCcegJP9ldQKyXCVQVHlt2OVCcOo7HC7eQaHMazu2TtG55h6D0O_DI-C6JKxuovUsjaSNI_4XgcpJZFbDb_Pg1lsKRyye2yoNEHHd8tiD6TAB_v2URkQ1nAQ","e":"AQAB"},"attributes":{"enabled":true,"created":1612320499,"updated":1612320499,"recoveryLevel":"Recoverable+Purgeable","recoverableDays":90}}'
    headers:
      cache-control: no-cache
      content-length: '830'
      content-type: application/json; charset=utf-8
      date: Wed, 03 Feb 2021 02:48:25 GMT
      expires: '-1'
      pragma: no-cache
      strict-transport-security: max-age=31536000;includeSubDomains
      x-content-type-options: nosniff
      x-ms-keyvault-network-info: conn_type=Ipv4;addr=174.127.232.53;act_addr_fam=InterNetwork;
      x-ms-keyvault-region: westus2
      x-ms-keyvault-service-version: 1.2.139.0
      x-powered-by: ASP.NET
    status:
      code: 200
      message: OK
    url: https://mcpatinokv.vault.azure.net/keys/livekvtestkey432f70fb3?api-version=7.1
- request:
    body: null
    headers:
      Accept:
      - application/json
      User-Agent:
      - azsdk-python-keyvault-keys/4.3.2 Python/3.5.3 (Windows-10-10.0.19041-SP0)
    method: GET
    uri: https://vaultname.vault.azure.net/deletedkeys/livekvtestkey432f70fb3?api-version=7.1
  response:
    body:
      string: '{"error":{"code":"KeyNotFound","message":"Deleted Key not found: livekvtestkey432f70fb3"}}'
    headers:
      cache-control: no-cache
      content-length: '90'
      content-type: application/json; charset=utf-8
      date: Wed, 03 Feb 2021 02:48:25 GMT
      expires: '-1'
      pragma: no-cache
      strict-transport-security: max-age=31536000;includeSubDomains
      x-content-type-options: nosniff
      x-ms-keyvault-network-info: conn_type=Ipv4;addr=174.127.232.53;act_addr_fam=InterNetwork;
      x-ms-keyvault-region: westus2
      x-ms-keyvault-service-version: 1.2.139.0
      x-powered-by: ASP.NET
    status:
      code: 404
      message: Not Found
    url: https://mcpatinokv.vault.azure.net/deletedkeys/livekvtestkey432f70fb3?api-version=7.1
- request:
    body: null
    headers:
      Accept:
      - application/json
      User-Agent:
      - azsdk-python-keyvault-keys/4.3.2 Python/3.5.3 (Windows-10-10.0.19041-SP0)
    method: GET
    uri: https://vaultname.vault.azure.net/deletedkeys/livekvtestkey432f70fb3?api-version=7.1
  response:
    body:
      string: '{"recoveryId":"https://vaultname.vault.azure.net/deletedkeys/livekvtestkey432f70fb3","deletedDate":1612320506,"scheduledPurgeDate":1620096506,"key":{"kid":"https://vaultname.vault.azure.net/keys/livekvtestkey432f70fb3/2474d58c80014d6f810162502a40c0cc","kty":"RSA","key_ops":["encrypt","decrypt","sign","verify","wrapKey","unwrapKey"],"n":"zEU92Z2f3oV2NtCV-LuSm0SIdnjMUDrS6MpBq5BJnRERQe73XT4y3vNCb01MxUDe4x4FTe8SlEBubrmFqVZQmZiXdAu5V8MkPfYqkYyVFt8fSx9iGk1zmehziEe8TKOUp-PTbFtp7mt6KSlKA6oPwLDA7VimwZxKtccnUfc8OygVyLkf8AaDyA4WjFg6N9jfyN_jqALoWO9q3rV-NO8i6Wsu2vGBGuFCcegJP9ldQKyXCVQVHlt2OVCcOo7HC7eQaHMazu2TtG55h6D0O_DI-C6JKxuovUsjaSNI_4XgcpJZFbDb_Pg1lsKRyye2yoNEHHd8tiD6TAB_v2URkQ1nAQ","e":"AQAB"},"attributes":{"enabled":true,"created":1612320499,"updated":1612320499,"recoveryLevel":"Recoverable+Purgeable","recoverableDays":90}}'
    headers:
      cache-control: no-cache
      content-length: '830'
      content-type: application/json; charset=utf-8
      date: Wed, 03 Feb 2021 02:48:28 GMT
      expires: '-1'
      pragma: no-cache
      strict-transport-security: max-age=31536000;includeSubDomains
      x-content-type-options: nosniff
      x-ms-keyvault-network-info: conn_type=Ipv4;addr=174.127.232.53;act_addr_fam=InterNetwork;
      x-ms-keyvault-region: westus2
      x-ms-keyvault-service-version: 1.2.139.0
      x-powered-by: ASP.NET
    status:
      code: 200
      message: OK
    url: https://mcpatinokv.vault.azure.net/deletedkeys/livekvtestkey432f70fb3?api-version=7.1
- request:
    body: null
    headers:
      Accept:
      - application/json
      User-Agent:
      - azsdk-python-keyvault-keys/4.3.2 Python/3.5.3 (Windows-10-10.0.19041-SP0)
    method: DELETE
    uri: https://vaultname.vault.azure.net/keys/livekvtestkey532f70fb3?api-version=7.1
  response:
    body:
      string: '{"recoveryId":"https://vaultname.vault.azure.net/deletedkeys/livekvtestkey532f70fb3","deletedDate":1612320508,"scheduledPurgeDate":1620096508,"key":{"kid":"https://vaultname.vault.azure.net/keys/livekvtestkey532f70fb3/9cda7ff867e345ae870aeee590982780","kty":"RSA","key_ops":["encrypt","decrypt","sign","verify","wrapKey","unwrapKey"],"n":"sUwuvF0McjyoSL9Tm0JYlhTH-UXI9AkXd4iYtvBvQl24JtXz_ja_1uQ5KJk7uqhldhxKMdM6RVYQJRrgTDCDeoxBg0M9cbBYs5vuZ-QFBQKr0ekMI3wv6odePTffaW2p4qdUEW2TLiQTDXhjoTf2ozgArsS4gDKaY82RfyqKg4dqEXxTKZLpS1b3eS9xOQ90axj0m9HSQtjE8ye8plwsXcsrsTIEczu0X6XP-YO35P2mCrSsw3zCtXYR2PrBtja1urvgSySCYM-sNtyaNW35jbI4QPYg6LJkM3L0Ju79YIGcBVuNADyjAvK9lcgax5K3IAS3x3C8nTU1N0QjqnEwdQ","e":"AQAB"},"attributes":{"enabled":true,"created":1612320499,"updated":1612320499,"recoveryLevel":"Recoverable+Purgeable","recoverableDays":90}}'
    headers:
      cache-control: no-cache
      content-length: '830'
      content-type: application/json; charset=utf-8
      date: Wed, 03 Feb 2021 02:48:28 GMT
      expires: '-1'
      pragma: no-cache
      strict-transport-security: max-age=31536000;includeSubDomains
      x-content-type-options: nosniff
      x-ms-keyvault-network-info: conn_type=Ipv4;addr=174.127.232.53;act_addr_fam=InterNetwork;
      x-ms-keyvault-region: westus2
      x-ms-keyvault-service-version: 1.2.139.0
      x-powered-by: ASP.NET
    status:
      code: 200
      message: OK
    url: https://mcpatinokv.vault.azure.net/keys/livekvtestkey532f70fb3?api-version=7.1
- request:
    body: null
    headers:
      Accept:
      - application/json
      User-Agent:
      - azsdk-python-keyvault-keys/4.3.2 Python/3.5.3 (Windows-10-10.0.19041-SP0)
    method: GET
    uri: https://vaultname.vault.azure.net/deletedkeys/livekvtestkey532f70fb3?api-version=7.1
  response:
    body:
      string: '{"error":{"code":"KeyNotFound","message":"Deleted Key not found: livekvtestkey532f70fb3"}}'
    headers:
      cache-control: no-cache
      content-length: '90'
      content-type: application/json; charset=utf-8
      date: Wed, 03 Feb 2021 02:48:28 GMT
      expires: '-1'
      pragma: no-cache
      strict-transport-security: max-age=31536000;includeSubDomains
      x-content-type-options: nosniff
      x-ms-keyvault-network-info: conn_type=Ipv4;addr=174.127.232.53;act_addr_fam=InterNetwork;
      x-ms-keyvault-region: westus2
      x-ms-keyvault-service-version: 1.2.139.0
      x-powered-by: ASP.NET
    status:
      code: 404
      message: Not Found
    url: https://mcpatinokv.vault.azure.net/deletedkeys/livekvtestkey532f70fb3?api-version=7.1
- request:
    body: null
    headers:
      Accept:
      - application/json
      User-Agent:
      - azsdk-python-keyvault-keys/4.3.2 Python/3.5.3 (Windows-10-10.0.19041-SP0)
    method: GET
    uri: https://vaultname.vault.azure.net/deletedkeys/livekvtestkey532f70fb3?api-version=7.1
  response:
    body:
      string: '{"error":{"code":"KeyNotFound","message":"Deleted Key not found: livekvtestkey532f70fb3"}}'
    headers:
      cache-control: no-cache
      content-length: '90'
      content-type: application/json; charset=utf-8
      date: Wed, 03 Feb 2021 02:48:30 GMT
      expires: '-1'
      pragma: no-cache
      strict-transport-security: max-age=31536000;includeSubDomains
      x-content-type-options: nosniff
      x-ms-keyvault-network-info: conn_type=Ipv4;addr=174.127.232.53;act_addr_fam=InterNetwork;
      x-ms-keyvault-region: westus2
      x-ms-keyvault-service-version: 1.2.139.0
      x-powered-by: ASP.NET
    status:
      code: 404
      message: Not Found
    url: https://mcpatinokv.vault.azure.net/deletedkeys/livekvtestkey532f70fb3?api-version=7.1
- request:
    body: null
    headers:
      Accept:
      - application/json
      User-Agent:
      - azsdk-python-keyvault-keys/4.3.2 Python/3.5.3 (Windows-10-10.0.19041-SP0)
    method: GET
    uri: https://vaultname.vault.azure.net/deletedkeys/livekvtestkey532f70fb3?api-version=7.1
  response:
    body:
      string: '{"recoveryId":"https://vaultname.vault.azure.net/deletedkeys/livekvtestkey532f70fb3","deletedDate":1612320508,"scheduledPurgeDate":1620096508,"key":{"kid":"https://vaultname.vault.azure.net/keys/livekvtestkey532f70fb3/9cda7ff867e345ae870aeee590982780","kty":"RSA","key_ops":["encrypt","decrypt","sign","verify","wrapKey","unwrapKey"],"n":"sUwuvF0McjyoSL9Tm0JYlhTH-UXI9AkXd4iYtvBvQl24JtXz_ja_1uQ5KJk7uqhldhxKMdM6RVYQJRrgTDCDeoxBg0M9cbBYs5vuZ-QFBQKr0ekMI3wv6odePTffaW2p4qdUEW2TLiQTDXhjoTf2ozgArsS4gDKaY82RfyqKg4dqEXxTKZLpS1b3eS9xOQ90axj0m9HSQtjE8ye8plwsXcsrsTIEczu0X6XP-YO35P2mCrSsw3zCtXYR2PrBtja1urvgSySCYM-sNtyaNW35jbI4QPYg6LJkM3L0Ju79YIGcBVuNADyjAvK9lcgax5K3IAS3x3C8nTU1N0QjqnEwdQ","e":"AQAB"},"attributes":{"enabled":true,"created":1612320499,"updated":1612320499,"recoveryLevel":"Recoverable+Purgeable","recoverableDays":90}}'
    headers:
      cache-control: no-cache
      content-length: '830'
      content-type: application/json; charset=utf-8
      date: Wed, 03 Feb 2021 02:48:32 GMT
      expires: '-1'
      pragma: no-cache
      strict-transport-security: max-age=31536000;includeSubDomains
      x-content-type-options: nosniff
      x-ms-keyvault-network-info: conn_type=Ipv4;addr=174.127.232.53;act_addr_fam=InterNetwork;
      x-ms-keyvault-region: westus2
      x-ms-keyvault-service-version: 1.2.139.0
      x-powered-by: ASP.NET
    status:
      code: 200
      message: OK
    url: https://mcpatinokv.vault.azure.net/deletedkeys/livekvtestkey532f70fb3?api-version=7.1
- request:
    body: null
    headers:
      Accept:
      - application/json
      User-Agent:
      - azsdk-python-keyvault-keys/4.3.2 Python/3.5.3 (Windows-10-10.0.19041-SP0)
    method: DELETE
    uri: https://vaultname.vault.azure.net/keys/livekvtestkey232f70fb3?api-version=7.1
  response:
    body:
      string: '{"recoveryId":"https://vaultname.vault.azure.net/deletedkeys/livekvtestkey232f70fb3","deletedDate":1612320512,"scheduledPurgeDate":1620096512,"key":{"kid":"https://vaultname.vault.azure.net/keys/livekvtestkey232f70fb3/3dfd6a71dc6740fb8411e20772e9d75f","kty":"RSA","key_ops":["encrypt","decrypt","sign","verify","wrapKey","unwrapKey"],"n":"5zp6ch4-lwFcFom1md3mlCZ7HDzRFEOQxyu0wmVZn2JEqs6CjFveE6GmOBFC6Vb8QU2TGzROjTfcYYbEi5eZtAIWetJ_zNL4nWQk4PoewnhE76csalgBqwgtHnGnZWSwlR8HYGLRMjXGsuFVhcze2cnL512X9nL1w57mjEuguXVzMV4ghGTvEdew8fbNq57Dt-rjs7EUAWwXQ1grrukOr_4lpfj4XULnUeH5kt4QvXywoOhL7rlk3yatZSR9KasVb8CuCMY4rKv_vrZ4S9W_Ji6qVvtGm-f-zt6rJ6zdZVNgWCNV4YhM26icqG0l4c2dg6BYISR0LEoM-TX_pB3ezQ","e":"AQAB"},"attributes":{"enabled":true,"created":1612320498,"updated":1612320498,"recoveryLevel":"Recoverable+Purgeable","recoverableDays":90}}'
    headers:
      cache-control: no-cache
      content-length: '830'
      content-type: application/json; charset=utf-8
      date: Wed, 03 Feb 2021 02:48:32 GMT
      expires: '-1'
      pragma: no-cache
      strict-transport-security: max-age=31536000;includeSubDomains
      x-content-type-options: nosniff
      x-ms-keyvault-network-info: conn_type=Ipv4;addr=174.127.232.53;act_addr_fam=InterNetwork;
      x-ms-keyvault-region: westus2
      x-ms-keyvault-service-version: 1.2.139.0
      x-powered-by: ASP.NET
    status:
      code: 200
      message: OK
    url: https://mcpatinokv.vault.azure.net/keys/livekvtestkey232f70fb3?api-version=7.1
- request:
    body: null
    headers:
      Accept:
      - application/json
      User-Agent:
      - azsdk-python-keyvault-keys/4.3.2 Python/3.5.3 (Windows-10-10.0.19041-SP0)
    method: GET
    uri: https://vaultname.vault.azure.net/deletedkeys/livekvtestkey232f70fb3?api-version=7.1
  response:
    body:
      string: '{"error":{"code":"KeyNotFound","message":"Deleted Key not found: livekvtestkey232f70fb3"}}'
    headers:
      cache-control: no-cache
      content-length: '90'
      content-type: application/json; charset=utf-8
      date: Wed, 03 Feb 2021 02:48:32 GMT
      expires: '-1'
      pragma: no-cache
      strict-transport-security: max-age=31536000;includeSubDomains
      x-content-type-options: nosniff
      x-ms-keyvault-network-info: conn_type=Ipv4;addr=174.127.232.53;act_addr_fam=InterNetwork;
      x-ms-keyvault-region: westus2
      x-ms-keyvault-service-version: 1.2.139.0
      x-powered-by: ASP.NET
    status:
      code: 404
      message: Not Found
    url: https://mcpatinokv.vault.azure.net/deletedkeys/livekvtestkey232f70fb3?api-version=7.1
- request:
    body: null
    headers:
      Accept:
      - application/json
      User-Agent:
      - azsdk-python-keyvault-keys/4.3.2 Python/3.5.3 (Windows-10-10.0.19041-SP0)
    method: GET
    uri: https://vaultname.vault.azure.net/deletedkeys/livekvtestkey232f70fb3?api-version=7.1
  response:
    body:
      string: '{"recoveryId":"https://vaultname.vault.azure.net/deletedkeys/livekvtestkey232f70fb3","deletedDate":1612320512,"scheduledPurgeDate":1620096512,"key":{"kid":"https://vaultname.vault.azure.net/keys/livekvtestkey232f70fb3/3dfd6a71dc6740fb8411e20772e9d75f","kty":"RSA","key_ops":["encrypt","decrypt","sign","verify","wrapKey","unwrapKey"],"n":"5zp6ch4-lwFcFom1md3mlCZ7HDzRFEOQxyu0wmVZn2JEqs6CjFveE6GmOBFC6Vb8QU2TGzROjTfcYYbEi5eZtAIWetJ_zNL4nWQk4PoewnhE76csalgBqwgtHnGnZWSwlR8HYGLRMjXGsuFVhcze2cnL512X9nL1w57mjEuguXVzMV4ghGTvEdew8fbNq57Dt-rjs7EUAWwXQ1grrukOr_4lpfj4XULnUeH5kt4QvXywoOhL7rlk3yatZSR9KasVb8CuCMY4rKv_vrZ4S9W_Ji6qVvtGm-f-zt6rJ6zdZVNgWCNV4YhM26icqG0l4c2dg6BYISR0LEoM-TX_pB3ezQ","e":"AQAB"},"attributes":{"enabled":true,"created":1612320498,"updated":1612320498,"recoveryLevel":"Recoverable+Purgeable","recoverableDays":90}}'
    headers:
      cache-control: no-cache
      content-length: '830'
      content-type: application/json; charset=utf-8
      date: Wed, 03 Feb 2021 02:48:34 GMT
      expires: '-1'
      pragma: no-cache
      strict-transport-security: max-age=31536000;includeSubDomains
      x-content-type-options: nosniff
      x-ms-keyvault-network-info: conn_type=Ipv4;addr=174.127.232.53;act_addr_fam=InterNetwork;
      x-ms-keyvault-region: westus2
      x-ms-keyvault-service-version: 1.2.139.0
      x-powered-by: ASP.NET
    status:
      code: 200
      message: OK
    url: https://mcpatinokv.vault.azure.net/deletedkeys/livekvtestkey232f70fb3?api-version=7.1
- request:
    body: null
    headers:
      Accept:
      - application/json
      User-Agent:
      - azsdk-python-keyvault-keys/4.3.2 Python/3.5.3 (Windows-10-10.0.19041-SP0)
    method: DELETE
    uri: https://vaultname.vault.azure.net/keys/livekvtestkey632f70fb3?api-version=7.1
  response:
    body:
      string: '{"recoveryId":"https://vaultname.vault.azure.net/deletedkeys/livekvtestkey632f70fb3","deletedDate":1612320514,"scheduledPurgeDate":1620096514,"key":{"kid":"https://vaultname.vault.azure.net/keys/livekvtestkey632f70fb3/e1b1322b99e34916abd5b1de504fd317","kty":"RSA","key_ops":["encrypt","decrypt","sign","verify","wrapKey","unwrapKey"],"n":"t8I1JaZP-1KNK84XSvRWu3tgqOJGVc0SwGmGG23IAhYM42cMCMjcOqBrPCLSUwYT0Y8oY5UpcJPdFXQhaJBGKfmvMsSmu79OSRPKA39--IHm25FVheWY7bTAaYQzFwsALbSlC7lVvjl__NQHJMIRJOLwtYDJsSHPMEnbtbEzT8vEjJfBJDLmkWz-IqZjEN-ZpUeLOMc3mDNoLDPO8v6VULmuR7kpa-O80JduCMm-NJQ0w4JeagbnSdRku4aZMY5OwJCw0JoZdlvNmRpkkjT78GuvR7UTHekJMOGGhePS_Vf1u_SYVXAhkrtwrpytcpwQV-PtHOaCFQauycVIYcC0rQ","e":"AQAB"},"attributes":{"enabled":true,"created":1612320499,"updated":1612320499,"recoveryLevel":"Recoverable+Purgeable","recoverableDays":90}}'
    headers:
      cache-control: no-cache
      content-length: '830'
      content-type: application/json; charset=utf-8
      date: Wed, 03 Feb 2021 02:48:34 GMT
      expires: '-1'
      pragma: no-cache
      strict-transport-security: max-age=31536000;includeSubDomains
      x-content-type-options: nosniff
      x-ms-keyvault-network-info: conn_type=Ipv4;addr=174.127.232.53;act_addr_fam=InterNetwork;
      x-ms-keyvault-region: westus2
      x-ms-keyvault-service-version: 1.2.139.0
      x-powered-by: ASP.NET
    status:
      code: 200
      message: OK
    url: https://mcpatinokv.vault.azure.net/keys/livekvtestkey632f70fb3?api-version=7.1
- request:
    body: null
    headers:
      Accept:
      - application/json
      User-Agent:
      - azsdk-python-keyvault-keys/4.3.2 Python/3.5.3 (Windows-10-10.0.19041-SP0)
    method: GET
    uri: https://vaultname.vault.azure.net/deletedkeys/livekvtestkey632f70fb3?api-version=7.1
  response:
    body:
      string: '{"error":{"code":"KeyNotFound","message":"Deleted Key not found: livekvtestkey632f70fb3"}}'
    headers:
      cache-control: no-cache
      content-length: '90'
      content-type: application/json; charset=utf-8
      date: Wed, 03 Feb 2021 02:48:34 GMT
      expires: '-1'
      pragma: no-cache
      strict-transport-security: max-age=31536000;includeSubDomains
      x-content-type-options: nosniff
      x-ms-keyvault-network-info: conn_type=Ipv4;addr=174.127.232.53;act_addr_fam=InterNetwork;
      x-ms-keyvault-region: westus2
      x-ms-keyvault-service-version: 1.2.139.0
      x-powered-by: ASP.NET
    status:
      code: 404
      message: Not Found
    url: https://mcpatinokv.vault.azure.net/deletedkeys/livekvtestkey632f70fb3?api-version=7.1
- request:
    body: null
    headers:
      Accept:
      - application/json
      User-Agent:
      - azsdk-python-keyvault-keys/4.3.2 Python/3.5.3 (Windows-10-10.0.19041-SP0)
    method: GET
    uri: https://vaultname.vault.azure.net/deletedkeys/livekvtestkey632f70fb3?api-version=7.1
  response:
    body:
      string: '{"error":{"code":"KeyNotFound","message":"Deleted Key not found: livekvtestkey632f70fb3"}}'
    headers:
      cache-control: no-cache
      content-length: '90'
      content-type: application/json; charset=utf-8
      date: Wed, 03 Feb 2021 02:48:36 GMT
      expires: '-1'
      pragma: no-cache
      strict-transport-security: max-age=31536000;includeSubDomains
      x-content-type-options: nosniff
      x-ms-keyvault-network-info: conn_type=Ipv4;addr=174.127.232.53;act_addr_fam=InterNetwork;
      x-ms-keyvault-region: westus2
      x-ms-keyvault-service-version: 1.2.139.0
      x-powered-by: ASP.NET
    status:
      code: 404
      message: Not Found
    url: https://mcpatinokv.vault.azure.net/deletedkeys/livekvtestkey632f70fb3?api-version=7.1
- request:
    body: null
    headers:
      Accept:
      - application/json
      User-Agent:
      - azsdk-python-keyvault-keys/4.3.2 Python/3.5.3 (Windows-10-10.0.19041-SP0)
    method: GET
    uri: https://vaultname.vault.azure.net/deletedkeys/livekvtestkey632f70fb3?api-version=7.1
  response:
    body:
      string: '{"recoveryId":"https://vaultname.vault.azure.net/deletedkeys/livekvtestkey632f70fb3","deletedDate":1612320514,"scheduledPurgeDate":1620096514,"key":{"kid":"https://vaultname.vault.azure.net/keys/livekvtestkey632f70fb3/e1b1322b99e34916abd5b1de504fd317","kty":"RSA","key_ops":["encrypt","decrypt","sign","verify","wrapKey","unwrapKey"],"n":"t8I1JaZP-1KNK84XSvRWu3tgqOJGVc0SwGmGG23IAhYM42cMCMjcOqBrPCLSUwYT0Y8oY5UpcJPdFXQhaJBGKfmvMsSmu79OSRPKA39--IHm25FVheWY7bTAaYQzFwsALbSlC7lVvjl__NQHJMIRJOLwtYDJsSHPMEnbtbEzT8vEjJfBJDLmkWz-IqZjEN-ZpUeLOMc3mDNoLDPO8v6VULmuR7kpa-O80JduCMm-NJQ0w4JeagbnSdRku4aZMY5OwJCw0JoZdlvNmRpkkjT78GuvR7UTHekJMOGGhePS_Vf1u_SYVXAhkrtwrpytcpwQV-PtHOaCFQauycVIYcC0rQ","e":"AQAB"},"attributes":{"enabled":true,"created":1612320499,"updated":1612320499,"recoveryLevel":"Recoverable+Purgeable","recoverableDays":90}}'
    headers:
      cache-control: no-cache
      content-length: '830'
      content-type: application/json; charset=utf-8
      date: Wed, 03 Feb 2021 02:48:38 GMT
      expires: '-1'
      pragma: no-cache
      strict-transport-security: max-age=31536000;includeSubDomains
      x-content-type-options: nosniff
      x-ms-keyvault-network-info: conn_type=Ipv4;addr=174.127.232.53;act_addr_fam=InterNetwork;
      x-ms-keyvault-region: westus2
      x-ms-keyvault-service-version: 1.2.139.0
      x-powered-by: ASP.NET
    status:
      code: 200
      message: OK
    url: https://mcpatinokv.vault.azure.net/deletedkeys/livekvtestkey632f70fb3?api-version=7.1
- request:
    body: null
    headers:
      Accept:
      - application/json
      User-Agent:
      - azsdk-python-keyvault-keys/4.3.2 Python/3.5.3 (Windows-10-10.0.19041-SP0)
    method: DELETE
    uri: https://vaultname.vault.azure.net/keys/livekvtestkey332f70fb3?api-version=7.1
  response:
    body:
      string: '{"recoveryId":"https://vaultname.vault.azure.net/deletedkeys/livekvtestkey332f70fb3","deletedDate":1612320519,"scheduledPurgeDate":1620096519,"key":{"kid":"https://vaultname.vault.azure.net/keys/livekvtestkey332f70fb3/ed557a63800f4d57b39f9f772ffa202c","kty":"RSA","key_ops":["encrypt","decrypt","sign","verify","wrapKey","unwrapKey"],"n":"usctUPl7RsLv2wYfFeibfNByl6HARov0UUBkMcR0JhwchX5SffzDG6uw1U06sD8CwzbduIApMAQQMT0vIIsT7dXio-G2QJUQbe9nXH7IHvo6ZH4awTKsktQ5N8WBPzzbDUhHzT750w_rTljjopkwCtbdURHC4Dy2GS1vLTiLeQz7BE0d4SPsTgaBHmh2chz0Ma3_6mAm4JFaaZzVCpQ2RdDZnWVQZiVAfdYxYUaQV58w2ReuV5w_Uek_uqHytbr5XBNRk0PUXWZJnyfRWyHBO0Gf5jvoo8Kxfe6q395ZY0fLiCDpGYh74wapImBa53He2vF5Ilk6zGVJ9D7Rdmpe2Q","e":"AQAB"},"attributes":{"enabled":true,"created":1612320499,"updated":1612320499,"recoveryLevel":"Recoverable+Purgeable","recoverableDays":90}}'
    headers:
      cache-control: no-cache
      content-length: '830'
      content-type: application/json; charset=utf-8
      date: Wed, 03 Feb 2021 02:48:38 GMT
      expires: '-1'
      pragma: no-cache
      strict-transport-security: max-age=31536000;includeSubDomains
      x-content-type-options: nosniff
      x-ms-keyvault-network-info: conn_type=Ipv4;addr=174.127.232.53;act_addr_fam=InterNetwork;
      x-ms-keyvault-region: westus2
      x-ms-keyvault-service-version: 1.2.139.0
      x-powered-by: ASP.NET
    status:
      code: 200
      message: OK
    url: https://mcpatinokv.vault.azure.net/keys/livekvtestkey332f70fb3?api-version=7.1
- request:
    body: null
    headers:
      Accept:
      - application/json
      User-Agent:
      - azsdk-python-keyvault-keys/4.3.2 Python/3.5.3 (Windows-10-10.0.19041-SP0)
    method: GET
    uri: https://vaultname.vault.azure.net/deletedkeys/livekvtestkey332f70fb3?api-version=7.1
  response:
    body:
      string: '{"error":{"code":"KeyNotFound","message":"Deleted Key not found: livekvtestkey332f70fb3"}}'
    headers:
      cache-control: no-cache
      content-length: '90'
      content-type: application/json; charset=utf-8
      date: Wed, 03 Feb 2021 02:48:38 GMT
      expires: '-1'
      pragma: no-cache
      strict-transport-security: max-age=31536000;includeSubDomains
      x-content-type-options: nosniff
      x-ms-keyvault-network-info: conn_type=Ipv4;addr=174.127.232.53;act_addr_fam=InterNetwork;
      x-ms-keyvault-region: westus2
      x-ms-keyvault-service-version: 1.2.139.0
      x-powered-by: ASP.NET
    status:
      code: 404
      message: Not Found
    url: https://mcpatinokv.vault.azure.net/deletedkeys/livekvtestkey332f70fb3?api-version=7.1
- request:
    body: null
    headers:
      Accept:
      - application/json
      User-Agent:
      - azsdk-python-keyvault-keys/4.3.2 Python/3.5.3 (Windows-10-10.0.19041-SP0)
    method: GET
    uri: https://vaultname.vault.azure.net/deletedkeys/livekvtestkey332f70fb3?api-version=7.1
  response:
    body:
      string: '{"recoveryId":"https://vaultname.vault.azure.net/deletedkeys/livekvtestkey332f70fb3","deletedDate":1612320519,"scheduledPurgeDate":1620096519,"key":{"kid":"https://vaultname.vault.azure.net/keys/livekvtestkey332f70fb3/ed557a63800f4d57b39f9f772ffa202c","kty":"RSA","key_ops":["encrypt","decrypt","sign","verify","wrapKey","unwrapKey"],"n":"usctUPl7RsLv2wYfFeibfNByl6HARov0UUBkMcR0JhwchX5SffzDG6uw1U06sD8CwzbduIApMAQQMT0vIIsT7dXio-G2QJUQbe9nXH7IHvo6ZH4awTKsktQ5N8WBPzzbDUhHzT750w_rTljjopkwCtbdURHC4Dy2GS1vLTiLeQz7BE0d4SPsTgaBHmh2chz0Ma3_6mAm4JFaaZzVCpQ2RdDZnWVQZiVAfdYxYUaQV58w2ReuV5w_Uek_uqHytbr5XBNRk0PUXWZJnyfRWyHBO0Gf5jvoo8Kxfe6q395ZY0fLiCDpGYh74wapImBa53He2vF5Ilk6zGVJ9D7Rdmpe2Q","e":"AQAB"},"attributes":{"enabled":true,"created":1612320499,"updated":1612320499,"recoveryLevel":"Recoverable+Purgeable","recoverableDays":90}}'
    headers:
      cache-control: no-cache
      content-length: '830'
      content-type: application/json; charset=utf-8
      date: Wed, 03 Feb 2021 02:48:40 GMT
      expires: '-1'
      pragma: no-cache
      strict-transport-security: max-age=31536000;includeSubDomains
      x-content-type-options: nosniff
      x-ms-keyvault-network-info: conn_type=Ipv4;addr=174.127.232.53;act_addr_fam=InterNetwork;
      x-ms-keyvault-region: westus2
      x-ms-keyvault-service-version: 1.2.139.0
      x-powered-by: ASP.NET
    status:
      code: 200
      message: OK
    url: https://mcpatinokv.vault.azure.net/deletedkeys/livekvtestkey332f70fb3?api-version=7.1
- request:
    body: null
    headers:
      Accept:
      - application/json
      User-Agent:
      - azsdk-python-keyvault-keys/4.3.2 Python/3.5.3 (Windows-10-10.0.19041-SP0)
    method: GET
    uri: https://vaultname.vault.azure.net/deletedkeys?api-version=7.1
  response:
    body:
      string: '{"value":[{"recoveryId":"https://vaultname.vault.azure.net/deletedkeys/livekvtestcrud-rsa-key51c4108d","deletedDate":1612320260,"scheduledPurgeDate":1620096260,"kid":"https://vaultname.vault.azure.net/keys/livekvtestcrud-rsa-key51c4108d","attributes":{"enabled":true,"exp":2524723200,"created":1612320258,"updated":1612320260,"recoveryLevel":"Recoverable+Purgeable","recoverableDays":90},"tags":{"foo":"updated
        tag"}},{"recoveryId":"https://vaultname.vault.azure.net/deletedkeys/livekvtestcrud-rsa-key5416109f","deletedDate":1612320491,"scheduledPurgeDate":1620096491,"kid":"https://vaultname.vault.azure.net/keys/livekvtestcrud-rsa-key5416109f","attributes":{"enabled":true,"exp":2524723200,"created":1612320490,"updated":1612320491,"recoveryLevel":"Recoverable+Purgeable","recoverableDays":90},"tags":{"foo":"updated
        tag"}},{"recoveryId":"https://vaultname.vault.azure.net/deletedkeys/livekvtestkey030c90fa1","deletedDate":1612320299,"scheduledPurgeDate":1620096299,"kid":"https://vaultname.vault.azure.net/keys/livekvtestkey030c90fa1","attributes":{"enabled":true,"created":1612320274,"updated":1612320274,"recoveryLevel":"Recoverable+Purgeable","recoverableDays":90}},{"recoveryId":"https://vaultname.vault.azure.net/deletedkeys/livekvtestkey032f70fb3","deletedDate":1612320499,"scheduledPurgeDate":1620096499,"kid":"https://vaultname.vault.azure.net/keys/livekvtestkey032f70fb3","attributes":{"enabled":true,"created":1612320498,"updated":1612320498,"recoveryLevel":"Recoverable+Purgeable","recoverableDays":90}}],"nextLink":"https://vaultname.vault.azure.net:443/deletedkeys?api-version=7.1&$skiptoken=eyJOZXh0TWFya2VyIjoiMiExNDAhTURBd01EVTVJV3RsZVM5TVNWWkZTMVpVUlZOVVMwVlpNRUkwUkVRd1F6QkJMek5DUlRrMFJERkNPRVl5T1RSQ05rTkJNa1F6TURoQ00wRTFRMFJETWpNeElUQXdNREF5T0NFNU9UazVMVEV5TFRNeFZESXpPalU1T2pVNUxqazVPVGs1T1RsYUlRLS0iLCJUYXJnZXRMb2NhdGlvbiI6MH0"}'
    headers:
      cache-control: no-cache
      content-length: '1862'
      content-type: application/json; charset=utf-8
      date: Wed, 03 Feb 2021 02:48:40 GMT
      expires: '-1'
      pragma: no-cache
      strict-transport-security: max-age=31536000;includeSubDomains
      x-content-type-options: nosniff
      x-ms-keyvault-network-info: conn_type=Ipv4;addr=174.127.232.53;act_addr_fam=InterNetwork;
      x-ms-keyvault-region: westus2
      x-ms-keyvault-service-version: 1.2.139.0
      x-powered-by: ASP.NET
    status:
      code: 200
      message: OK
    url: https://mcpatinokv.vault.azure.net/deletedkeys?api-version=7.1
- request:
    body: null
    headers:
      Accept:
      - application/json
      User-Agent:
      - azsdk-python-keyvault-keys/4.3.2 Python/3.5.3 (Windows-10-10.0.19041-SP0)
    method: GET
    uri: https://vaultname.vault.azure.net:443/deletedkeys?api-version=7.1&$skiptoken=eyJOZXh0TWFya2VyIjoiMiExNDAhTURBd01EVTVJV3RsZVM5TVNWWkZTMVpVUlZOVVMwVlpNRUkwUkVRd1F6QkJMek5DUlRrMFJERkNPRVl5T1RSQ05rTkJNa1F6TURoQ00wRTFRMFJETWpNeElUQXdNREF5T0NFNU9UazVMVEV5TFRNeFZESXpPalU1T2pVNUxqazVPVGs1T1RsYUlRLS0iLCJUYXJnZXRMb2NhdGlvbiI6MH0
  response:
    body:
      string: '{"value":[{"recoveryId":"https://vaultname.vault.azure.net/deletedkeys/livekvtestkey130c90fa1","deletedDate":1612320294,"scheduledPurgeDate":1620096294,"kid":"https://vaultname.vault.azure.net/keys/livekvtestkey130c90fa1","attributes":{"enabled":true,"created":1612320274,"updated":1612320274,"recoveryLevel":"Recoverable+Purgeable","recoverableDays":90}},{"recoveryId":"https://vaultname.vault.azure.net/deletedkeys/livekvtestkey132f70fb3","deletedDate":1612320502,"scheduledPurgeDate":1620096502,"kid":"https://vaultname.vault.azure.net/keys/livekvtestkey132f70fb3","attributes":{"enabled":true,"created":1612320498,"updated":1612320498,"recoveryLevel":"Recoverable+Purgeable","recoverableDays":90}},{"recoveryId":"https://vaultname.vault.azure.net/deletedkeys/livekvtestkey230c90fa1","deletedDate":1612320275,"scheduledPurgeDate":1620096275,"kid":"https://vaultname.vault.azure.net/keys/livekvtestkey230c90fa1","attributes":{"enabled":true,"created":1612320274,"updated":1612320274,"recoveryLevel":"Recoverable+Purgeable","recoverableDays":90}},{"recoveryId":"https://vaultname.vault.azure.net/deletedkeys/livekvtestkey232f70fb3","deletedDate":1612320512,"scheduledPurgeDate":1620096512,"kid":"https://vaultname.vault.azure.net/keys/livekvtestkey232f70fb3","attributes":{"enabled":true,"created":1612320498,"updated":1612320498,"recoveryLevel":"Recoverable+Purgeable","recoverableDays":90}},{"recoveryId":"https://vaultname.vault.azure.net/deletedkeys/livekvtestkey330c90fa1","deletedDate":1612320305,"scheduledPurgeDate":1620096305,"kid":"https://vaultname.vault.azure.net/keys/livekvtestkey330c90fa1","attributes":{"enabled":true,"created":1612320274,"updated":1612320274,"recoveryLevel":"Recoverable+Purgeable","recoverableDays":90}},{"recoveryId":"https://vaultname.vault.azure.net/deletedkeys/livekvtestkey332f70fb3","deletedDate":1612320519,"scheduledPurgeDate":1620096519,"kid":"https://vaultname.vault.azure.net/keys/livekvtestkey332f70fb3","attributes":{"enabled":true,"created":1612320499,"updated":1612320499,"recoveryLevel":"Recoverable+Purgeable","recoverableDays":90}}],"nextLink":"https://vaultname.vault.azure.net:443/deletedkeys?api-version=7.1&$skiptoken=eyJOZXh0TWFya2VyIjoiMiE5NiFNREF3TURJMklXdGxlUzlNU1ZaRlMxWlVSVk5VUzBWWk16a3hNVEV3UVVJM0lUQXdNREF5T0NFNU9UazVMVEV5TFRNeFZESXpPalU1T2pVNUxqazVPVGs1T1RsYUlRLS0iLCJUYXJnZXRMb2NhdGlvbiI6MH0"}'
    headers:
      cache-control: no-cache
      content-length: '2374'
      content-type: application/json; charset=utf-8
      date: Wed, 03 Feb 2021 02:48:40 GMT
      expires: '-1'
      pragma: no-cache
      strict-transport-security: max-age=31536000;includeSubDomains
      x-content-type-options: nosniff
      x-ms-keyvault-network-info: conn_type=Ipv4;addr=174.127.232.53;act_addr_fam=InterNetwork;
      x-ms-keyvault-region: westus2
      x-ms-keyvault-service-version: 1.2.139.0
      x-powered-by: ASP.NET
    status:
      code: 200
      message: OK
    url: https://mcpatinokv.vault.azure.net:443/deletedkeys?api-version=7.1&$skiptoken=eyJOZXh0TWFya2VyIjoiMiExNDAhTURBd01EVTVJV3RsZVM5TVNWWkZTMVpVUlZOVVMwVlpNRUkwUkVRd1F6QkJMek5DUlRrMFJERkNPRVl5T1RSQ05rTkJNa1F6TURoQ00wRTFRMFJETWpNeElUQXdNREF5T0NFNU9UazVMVEV5TFRNeFZESXpPalU1T2pVNUxqazVPVGs1T1RsYUlRLS0iLCJUYXJnZXRMb2NhdGlvbiI6MH0
- request:
    body: null
    headers:
      Accept:
      - application/json
      User-Agent:
      - azsdk-python-keyvault-keys/4.3.2 Python/3.5.3 (Windows-10-10.0.19041-SP0)
    method: GET
    uri: https://vaultname.vault.azure.net:443/deletedkeys?api-version=7.1&$skiptoken=eyJOZXh0TWFya2VyIjoiMiE5NiFNREF3TURJMklXdGxlUzlNU1ZaRlMxWlVSVk5VUzBWWk16a3hNVEV3UVVJM0lUQXdNREF5T0NFNU9UazVMVEV5TFRNeFZESXpPalU1T2pVNUxqazVPVGs1T1RsYUlRLS0iLCJUYXJnZXRMb2NhdGlvbiI6MH0
  response:
    body:
      string: '{"value":[{"recoveryId":"https://vaultname.vault.azure.net/deletedkeys/livekvtestkey430c90fa1","deletedDate":1612320290,"scheduledPurgeDate":1620096290,"kid":"https://vaultname.vault.azure.net/keys/livekvtestkey430c90fa1","attributes":{"enabled":true,"created":1612320275,"updated":1612320275,"recoveryLevel":"Recoverable+Purgeable","recoverableDays":90}},{"recoveryId":"https://vaultname.vault.azure.net/deletedkeys/livekvtestkey432f70fb3","deletedDate":1612320506,"scheduledPurgeDate":1620096506,"kid":"https://vaultname.vault.azure.net/keys/livekvtestkey432f70fb3","attributes":{"enabled":true,"created":1612320499,"updated":1612320499,"recoveryLevel":"Recoverable+Purgeable","recoverableDays":90}},{"recoveryId":"https://vaultname.vault.azure.net/deletedkeys/livekvtestkey530c90fa1","deletedDate":1612320279,"scheduledPurgeDate":1620096279,"kid":"https://vaultname.vault.azure.net/keys/livekvtestkey530c90fa1","attributes":{"enabled":true,"created":1612320275,"updated":1612320275,"recoveryLevel":"Recoverable+Purgeable","recoverableDays":90}},{"recoveryId":"https://vaultname.vault.azure.net/deletedkeys/livekvtestkey532f70fb3","deletedDate":1612320508,"scheduledPurgeDate":1620096508,"kid":"https://vaultname.vault.azure.net/keys/livekvtestkey532f70fb3","attributes":{"enabled":true,"created":1612320499,"updated":1612320499,"recoveryLevel":"Recoverable+Purgeable","recoverableDays":90}}],"nextLink":"https://vaultname.vault.azure.net:443/deletedkeys?api-version=7.1&$skiptoken=eyJOZXh0TWFya2VyIjoiMiExNDAhTURBd01EVTVJV3RsZVM5TVNWWkZTMVpVUlZOVVMwVlpOVUkwUkVRd1F6QkJMell4TWpORk9EZEVNemhGTVRRek1qWkNRVVZFTkVKRk56ZzFNVUZEUWpsR0lUQXdNREF5T0NFNU9UazVMVEV5TFRNeFZESXpPalU1T2pVNUxqazVPVGs1T1RsYUlRLS0iLCJUYXJnZXRMb2NhdGlvbiI6MH0"}'
    headers:
      cache-control: no-cache
      content-length: '1738'
      content-type: application/json; charset=utf-8
      date: Wed, 03 Feb 2021 02:48:41 GMT
      expires: '-1'
      pragma: no-cache
      strict-transport-security: max-age=31536000;includeSubDomains
      x-content-type-options: nosniff
      x-ms-keyvault-network-info: conn_type=Ipv4;addr=174.127.232.53;act_addr_fam=InterNetwork;
      x-ms-keyvault-region: westus2
      x-ms-keyvault-service-version: 1.2.139.0
      x-powered-by: ASP.NET
    status:
      code: 200
      message: OK
    url: https://mcpatinokv.vault.azure.net:443/deletedkeys?api-version=7.1&$skiptoken=eyJOZXh0TWFya2VyIjoiMiE5NiFNREF3TURJMklXdGxlUzlNU1ZaRlMxWlVSVk5VUzBWWk16a3hNVEV3UVVJM0lUQXdNREF5T0NFNU9UazVMVEV5TFRNeFZESXpPalU1T2pVNUxqazVPVGs1T1RsYUlRLS0iLCJUYXJnZXRMb2NhdGlvbiI6MH0
- request:
    body: null
    headers:
      Accept:
      - application/json
      User-Agent:
      - azsdk-python-keyvault-keys/4.3.2 Python/3.5.3 (Windows-10-10.0.19041-SP0)
    method: GET
    uri: https://vaultname.vault.azure.net:443/deletedkeys?api-version=7.1&$skiptoken=eyJOZXh0TWFya2VyIjoiMiExNDAhTURBd01EVTVJV3RsZVM5TVNWWkZTMVpVUlZOVVMwVlpOVUkwUkVRd1F6QkJMell4TWpORk9EZEVNemhGTVRRek1qWkNRVVZFTkVKRk56ZzFNVUZEUWpsR0lUQXdNREF5T0NFNU9UazVMVEV5TFRNeFZESXpPalU1T2pVNUxqazVPVGs1T1RsYUlRLS0iLCJUYXJnZXRMb2NhdGlvbiI6MH0
  response:
    body:
      string: '{"value":[{"recoveryId":"https://vaultname.vault.azure.net/deletedkeys/livekvtestkey630c90fa1","deletedDate":1612320282,"scheduledPurgeDate":1620096282,"kid":"https://vaultname.vault.azure.net/keys/livekvtestkey630c90fa1","attributes":{"enabled":true,"created":1612320275,"updated":1612320275,"recoveryLevel":"Recoverable+Purgeable","recoverableDays":90}},{"recoveryId":"https://vaultname.vault.azure.net/deletedkeys/livekvtestkey632f70fb3","deletedDate":1612320514,"scheduledPurgeDate":1620096514,"kid":"https://vaultname.vault.azure.net/keys/livekvtestkey632f70fb3","attributes":{"enabled":true,"created":1612320499,"updated":1612320499,"recoveryLevel":"Recoverable+Purgeable","recoverableDays":90}}],"nextLink":null}'
    headers:
      cache-control: no-cache
      content-length: '723'
      content-type: application/json; charset=utf-8
      date: Wed, 03 Feb 2021 02:48:41 GMT
      expires: '-1'
      pragma: no-cache
      strict-transport-security: max-age=31536000;includeSubDomains
      x-content-type-options: nosniff
      x-ms-keyvault-network-info: conn_type=Ipv4;addr=174.127.232.53;act_addr_fam=InterNetwork;
      x-ms-keyvault-region: westus2
      x-ms-keyvault-service-version: 1.2.139.0
      x-powered-by: ASP.NET
    status:
      code: 200
      message: OK
    url: https://mcpatinokv.vault.azure.net:443/deletedkeys?api-version=7.1&$skiptoken=eyJOZXh0TWFya2VyIjoiMiExNDAhTURBd01EVTVJV3RsZVM5TVNWWkZTMVpVUlZOVVMwVlpOVUkwUkVRd1F6QkJMell4TWpORk9EZEVNemhGTVRRek1qWkNRVVZFTkVKRk56ZzFNVUZEUWpsR0lUQXdNREF5T0NFNU9UazVMVEV5TFRNeFZESXpPalU1T2pVNUxqazVPVGs1T1RsYUlRLS0iLCJUYXJnZXRMb2NhdGlvbiI6MH0
- request:
    body: null
    headers:
      Accept:
      - application/json
      User-Agent:
      - azsdk-python-keyvault-keys/4.3.2 Python/3.5.3 (Windows-10-10.0.19041-SP0)
    method: GET
    uri: https://vaultname.vault.azure.net/deletedkeys?api-version=7.1
  response:
    body:
      string: '{"value":[{"recoveryId":"https://vaultname.vault.azure.net/deletedkeys/livekvtestcrud-rsa-key51c4108d","deletedDate":1612320260,"scheduledPurgeDate":1620096260,"kid":"https://vaultname.vault.azure.net/keys/livekvtestcrud-rsa-key51c4108d","attributes":{"enabled":true,"exp":2524723200,"created":1612320258,"updated":1612320260,"recoveryLevel":"Recoverable+Purgeable","recoverableDays":90},"tags":{"foo":"updated
        tag"}},{"recoveryId":"https://vaultname.vault.azure.net/deletedkeys/livekvtestcrud-rsa-key5416109f","deletedDate":1612320491,"scheduledPurgeDate":1620096491,"kid":"https://vaultname.vault.azure.net/keys/livekvtestcrud-rsa-key5416109f","attributes":{"enabled":true,"exp":2524723200,"created":1612320490,"updated":1612320491,"recoveryLevel":"Recoverable+Purgeable","recoverableDays":90},"tags":{"foo":"updated
        tag"}},{"recoveryId":"https://vaultname.vault.azure.net/deletedkeys/livekvtestkey030c90fa1","deletedDate":1612320299,"scheduledPurgeDate":1620096299,"kid":"https://vaultname.vault.azure.net/keys/livekvtestkey030c90fa1","attributes":{"enabled":true,"created":1612320274,"updated":1612320274,"recoveryLevel":"Recoverable+Purgeable","recoverableDays":90}},{"recoveryId":"https://vaultname.vault.azure.net/deletedkeys/livekvtestkey032f70fb3","deletedDate":1612320499,"scheduledPurgeDate":1620096499,"kid":"https://vaultname.vault.azure.net/keys/livekvtestkey032f70fb3","attributes":{"enabled":true,"created":1612320498,"updated":1612320498,"recoveryLevel":"Recoverable+Purgeable","recoverableDays":90}}],"nextLink":"https://vaultname.vault.azure.net:443/deletedkeys?api-version=7.1&$skiptoken=eyJOZXh0TWFya2VyIjoiMiExNDAhTURBd01EVTVJV3RsZVM5TVNWWkZTMVpVUlZOVVMwVlpNRUkwUkVRd1F6QkJMek5DUlRrMFJERkNPRVl5T1RSQ05rTkJNa1F6TURoQ00wRTFRMFJETWpNeElUQXdNREF5T0NFNU9UazVMVEV5TFRNeFZESXpPalU1T2pVNUxqazVPVGs1T1RsYUlRLS0iLCJUYXJnZXRMb2NhdGlvbiI6MH0"}'
    headers:
      cache-control: no-cache
      content-length: '1862'
      content-type: application/json; charset=utf-8
      date: Wed, 03 Feb 2021 02:48:41 GMT
      expires: '-1'
      pragma: no-cache
      strict-transport-security: max-age=31536000;includeSubDomains
      x-content-type-options: nosniff
      x-ms-keyvault-network-info: conn_type=Ipv4;addr=174.127.232.53;act_addr_fam=InterNetwork;
      x-ms-keyvault-region: westus2
      x-ms-keyvault-service-version: 1.2.139.0
      x-powered-by: ASP.NET
    status:
      code: 200
      message: OK
    url: https://mcpatinokv.vault.azure.net/deletedkeys?api-version=7.1
- request:
    body: null
    headers:
      Accept:
      - application/json
      User-Agent:
      - azsdk-python-keyvault-keys/4.3.2 Python/3.5.3 (Windows-10-10.0.19041-SP0)
    method: GET
    uri: https://vaultname.vault.azure.net:443/deletedkeys?api-version=7.1&$skiptoken=eyJOZXh0TWFya2VyIjoiMiExNDAhTURBd01EVTVJV3RsZVM5TVNWWkZTMVpVUlZOVVMwVlpNRUkwUkVRd1F6QkJMek5DUlRrMFJERkNPRVl5T1RSQ05rTkJNa1F6TURoQ00wRTFRMFJETWpNeElUQXdNREF5T0NFNU9UazVMVEV5TFRNeFZESXpPalU1T2pVNUxqazVPVGs1T1RsYUlRLS0iLCJUYXJnZXRMb2NhdGlvbiI6MH0
  response:
    body:
      string: '{"value":[{"recoveryId":"https://vaultname.vault.azure.net/deletedkeys/livekvtestkey130c90fa1","deletedDate":1612320294,"scheduledPurgeDate":1620096294,"kid":"https://vaultname.vault.azure.net/keys/livekvtestkey130c90fa1","attributes":{"enabled":true,"created":1612320274,"updated":1612320274,"recoveryLevel":"Recoverable+Purgeable","recoverableDays":90}},{"recoveryId":"https://vaultname.vault.azure.net/deletedkeys/livekvtestkey132f70fb3","deletedDate":1612320502,"scheduledPurgeDate":1620096502,"kid":"https://vaultname.vault.azure.net/keys/livekvtestkey132f70fb3","attributes":{"enabled":true,"created":1612320498,"updated":1612320498,"recoveryLevel":"Recoverable+Purgeable","recoverableDays":90}},{"recoveryId":"https://vaultname.vault.azure.net/deletedkeys/livekvtestkey230c90fa1","deletedDate":1612320275,"scheduledPurgeDate":1620096275,"kid":"https://vaultname.vault.azure.net/keys/livekvtestkey230c90fa1","attributes":{"enabled":true,"created":1612320274,"updated":1612320274,"recoveryLevel":"Recoverable+Purgeable","recoverableDays":90}},{"recoveryId":"https://vaultname.vault.azure.net/deletedkeys/livekvtestkey232f70fb3","deletedDate":1612320512,"scheduledPurgeDate":1620096512,"kid":"https://vaultname.vault.azure.net/keys/livekvtestkey232f70fb3","attributes":{"enabled":true,"created":1612320498,"updated":1612320498,"recoveryLevel":"Recoverable+Purgeable","recoverableDays":90}},{"recoveryId":"https://vaultname.vault.azure.net/deletedkeys/livekvtestkey330c90fa1","deletedDate":1612320305,"scheduledPurgeDate":1620096305,"kid":"https://vaultname.vault.azure.net/keys/livekvtestkey330c90fa1","attributes":{"enabled":true,"created":1612320274,"updated":1612320274,"recoveryLevel":"Recoverable+Purgeable","recoverableDays":90}},{"recoveryId":"https://vaultname.vault.azure.net/deletedkeys/livekvtestkey332f70fb3","deletedDate":1612320519,"scheduledPurgeDate":1620096519,"kid":"https://vaultname.vault.azure.net/keys/livekvtestkey332f70fb3","attributes":{"enabled":true,"created":1612320499,"updated":1612320499,"recoveryLevel":"Recoverable+Purgeable","recoverableDays":90}}],"nextLink":"https://vaultname.vault.azure.net:443/deletedkeys?api-version=7.1&$skiptoken=eyJOZXh0TWFya2VyIjoiMiE5NiFNREF3TURJMklXdGxlUzlNU1ZaRlMxWlVSVk5VUzBWWk16a3hNVEV3UVVJM0lUQXdNREF5T0NFNU9UazVMVEV5TFRNeFZESXpPalU1T2pVNUxqazVPVGs1T1RsYUlRLS0iLCJUYXJnZXRMb2NhdGlvbiI6MH0"}'
    headers:
      cache-control: no-cache
      content-length: '2374'
      content-type: application/json; charset=utf-8
      date: Wed, 03 Feb 2021 02:48:41 GMT
      expires: '-1'
      pragma: no-cache
      strict-transport-security: max-age=31536000;includeSubDomains
      x-content-type-options: nosniff
      x-ms-keyvault-network-info: conn_type=Ipv4;addr=174.127.232.53;act_addr_fam=InterNetwork;
      x-ms-keyvault-region: westus2
      x-ms-keyvault-service-version: 1.2.139.0
      x-powered-by: ASP.NET
    status:
      code: 200
      message: OK
    url: https://mcpatinokv.vault.azure.net:443/deletedkeys?api-version=7.1&$skiptoken=eyJOZXh0TWFya2VyIjoiMiExNDAhTURBd01EVTVJV3RsZVM5TVNWWkZTMVpVUlZOVVMwVlpNRUkwUkVRd1F6QkJMek5DUlRrMFJERkNPRVl5T1RSQ05rTkJNa1F6TURoQ00wRTFRMFJETWpNeElUQXdNREF5T0NFNU9UazVMVEV5TFRNeFZESXpPalU1T2pVNUxqazVPVGs1T1RsYUlRLS0iLCJUYXJnZXRMb2NhdGlvbiI6MH0
- request:
    body: null
    headers:
      Accept:
      - application/json
      User-Agent:
      - azsdk-python-keyvault-keys/4.3.2 Python/3.5.3 (Windows-10-10.0.19041-SP0)
    method: GET
    uri: https://vaultname.vault.azure.net:443/deletedkeys?api-version=7.1&$skiptoken=eyJOZXh0TWFya2VyIjoiMiE5NiFNREF3TURJMklXdGxlUzlNU1ZaRlMxWlVSVk5VUzBWWk16a3hNVEV3UVVJM0lUQXdNREF5T0NFNU9UazVMVEV5TFRNeFZESXpPalU1T2pVNUxqazVPVGs1T1RsYUlRLS0iLCJUYXJnZXRMb2NhdGlvbiI6MH0
  response:
    body:
      string: '{"value":[{"recoveryId":"https://vaultname.vault.azure.net/deletedkeys/livekvtestkey430c90fa1","deletedDate":1612320290,"scheduledPurgeDate":1620096290,"kid":"https://vaultname.vault.azure.net/keys/livekvtestkey430c90fa1","attributes":{"enabled":true,"created":1612320275,"updated":1612320275,"recoveryLevel":"Recoverable+Purgeable","recoverableDays":90}},{"recoveryId":"https://vaultname.vault.azure.net/deletedkeys/livekvtestkey432f70fb3","deletedDate":1612320506,"scheduledPurgeDate":1620096506,"kid":"https://vaultname.vault.azure.net/keys/livekvtestkey432f70fb3","attributes":{"enabled":true,"created":1612320499,"updated":1612320499,"recoveryLevel":"Recoverable+Purgeable","recoverableDays":90}},{"recoveryId":"https://vaultname.vault.azure.net/deletedkeys/livekvtestkey530c90fa1","deletedDate":1612320279,"scheduledPurgeDate":1620096279,"kid":"https://vaultname.vault.azure.net/keys/livekvtestkey530c90fa1","attributes":{"enabled":true,"created":1612320275,"updated":1612320275,"recoveryLevel":"Recoverable+Purgeable","recoverableDays":90}},{"recoveryId":"https://vaultname.vault.azure.net/deletedkeys/livekvtestkey532f70fb3","deletedDate":1612320508,"scheduledPurgeDate":1620096508,"kid":"https://vaultname.vault.azure.net/keys/livekvtestkey532f70fb3","attributes":{"enabled":true,"created":1612320499,"updated":1612320499,"recoveryLevel":"Recoverable+Purgeable","recoverableDays":90}}],"nextLink":"https://vaultname.vault.azure.net:443/deletedkeys?api-version=7.1&$skiptoken=eyJOZXh0TWFya2VyIjoiMiExNDAhTURBd01EVTVJV3RsZVM5TVNWWkZTMVpVUlZOVVMwVlpOVUkwUkVRd1F6QkJMell4TWpORk9EZEVNemhGTVRRek1qWkNRVVZFTkVKRk56ZzFNVUZEUWpsR0lUQXdNREF5T0NFNU9UazVMVEV5TFRNeFZESXpPalU1T2pVNUxqazVPVGs1T1RsYUlRLS0iLCJUYXJnZXRMb2NhdGlvbiI6MH0"}'
    headers:
      cache-control: no-cache
      content-length: '1738'
      content-type: application/json; charset=utf-8
      date: Wed, 03 Feb 2021 02:48:41 GMT
      expires: '-1'
      pragma: no-cache
      strict-transport-security: max-age=31536000;includeSubDomains
      x-content-type-options: nosniff
      x-ms-keyvault-network-info: conn_type=Ipv4;addr=174.127.232.53;act_addr_fam=InterNetwork;
      x-ms-keyvault-region: westus2
      x-ms-keyvault-service-version: 1.2.139.0
      x-powered-by: ASP.NET
    status:
      code: 200
      message: OK
    url: https://mcpatinokv.vault.azure.net:443/deletedkeys?api-version=7.1&$skiptoken=eyJOZXh0TWFya2VyIjoiMiE5NiFNREF3TURJMklXdGxlUzlNU1ZaRlMxWlVSVk5VUzBWWk16a3hNVEV3UVVJM0lUQXdNREF5T0NFNU9UazVMVEV5TFRNeFZESXpPalU1T2pVNUxqazVPVGs1T1RsYUlRLS0iLCJUYXJnZXRMb2NhdGlvbiI6MH0
- request:
    body: null
    headers:
      Accept:
      - application/json
      User-Agent:
      - azsdk-python-keyvault-keys/4.3.2 Python/3.5.3 (Windows-10-10.0.19041-SP0)
    method: GET
    uri: https://vaultname.vault.azure.net:443/deletedkeys?api-version=7.1&$skiptoken=eyJOZXh0TWFya2VyIjoiMiExNDAhTURBd01EVTVJV3RsZVM5TVNWWkZTMVpVUlZOVVMwVlpOVUkwUkVRd1F6QkJMell4TWpORk9EZEVNemhGTVRRek1qWkNRVVZFTkVKRk56ZzFNVUZEUWpsR0lUQXdNREF5T0NFNU9UazVMVEV5TFRNeFZESXpPalU1T2pVNUxqazVPVGs1T1RsYUlRLS0iLCJUYXJnZXRMb2NhdGlvbiI6MH0
  response:
    body:
      string: '{"value":[{"recoveryId":"https://vaultname.vault.azure.net/deletedkeys/livekvtestkey630c90fa1","deletedDate":1612320282,"scheduledPurgeDate":1620096282,"kid":"https://vaultname.vault.azure.net/keys/livekvtestkey630c90fa1","attributes":{"enabled":true,"created":1612320275,"updated":1612320275,"recoveryLevel":"Recoverable+Purgeable","recoverableDays":90}},{"recoveryId":"https://vaultname.vault.azure.net/deletedkeys/livekvtestkey632f70fb3","deletedDate":1612320514,"scheduledPurgeDate":1620096514,"kid":"https://vaultname.vault.azure.net/keys/livekvtestkey632f70fb3","attributes":{"enabled":true,"created":1612320499,"updated":1612320499,"recoveryLevel":"Recoverable+Purgeable","recoverableDays":90}}],"nextLink":null}'
    headers:
      cache-control: no-cache
      content-length: '723'
      content-type: application/json; charset=utf-8
      date: Wed, 03 Feb 2021 02:48:41 GMT
      expires: '-1'
      pragma: no-cache
      strict-transport-security: max-age=31536000;includeSubDomains
      x-content-type-options: nosniff
      x-ms-keyvault-network-info: conn_type=Ipv4;addr=174.127.232.53;act_addr_fam=InterNetwork;
      x-ms-keyvault-region: westus2
      x-ms-keyvault-service-version: 1.2.139.0
      x-powered-by: ASP.NET
    status:
      code: 200
      message: OK
    url: https://mcpatinokv.vault.azure.net:443/deletedkeys?api-version=7.1&$skiptoken=eyJOZXh0TWFya2VyIjoiMiExNDAhTURBd01EVTVJV3RsZVM5TVNWWkZTMVpVUlZOVVMwVlpOVUkwUkVRd1F6QkJMell4TWpORk9EZEVNemhGTVRRek1qWkNRVVZFTkVKRk56ZzFNVUZEUWpsR0lUQXdNREF5T0NFNU9UazVMVEV5TFRNeFZESXpPalU1T2pVNUxqazVPVGs1T1RsYUlRLS0iLCJUYXJnZXRMb2NhdGlvbiI6MH0
version: 1
