interactions:
- request:
    body: null
    headers:
      Accept:
      - application/json
      Accept-Encoding:
      - gzip, deflate
      Connection:
      - keep-alive
      Content-Length:
      - '0'
      Content-Type:
      - application/json
      User-Agent:
      - azsdk-python-keyvault-keys/4.4.0b4 Python/3.5.3 (Windows-10-10.0.19041-SP0)
    method: POST
    uri: https://managedhsmname.managedhsm.azure.net/keys/livekvtestkey0ccbe0ccb/create?api-version=7.2-preview
  response:
    body:
      string: ''
    headers:
      cache-control:
      - no-cache
      content-length:
      - '0'
      content-security-policy:
      - default-src 'self'
      content-type:
      - application/json; charset=utf-8
      strict-transport-security:
      - max-age=31536000; includeSubDomains
      www-authenticate:
      - Bearer authorization="https://login.microsoftonline.com/72f988bf-86f1-41af-91ab-2d7cd011db47",
        resource="https://managedhsm.azure.net"
      x-content-type-options:
      - nosniff
      x-frame-options:
      - SAMEORIGIN
      x-ms-server-latency:
      - '1'
    status:
      code: 401
      message: Unauthorized
- request:
    body: '{"kty": "RSA-HSM"}'
    headers:
      Accept:
      - application/json
      Accept-Encoding:
      - gzip, deflate
      Connection:
      - keep-alive
      Content-Length:
      - '18'
      Content-Type:
      - application/json
      User-Agent:
      - azsdk-python-keyvault-keys/4.4.0b4 Python/3.5.3 (Windows-10-10.0.19041-SP0)
    method: POST
    uri: https://managedhsmname.managedhsm.azure.net/keys/livekvtestkey0ccbe0ccb/create?api-version=7.2-preview
  response:
    body:
      string: '{"attributes":{"created":1616111804,"enabled":true,"exportable":false,"recoverableDays":90,"recoveryLevel":"Recoverable+Purgeable","updated":1616111804},"key":{"e":"AQAB","key_ops":["wrapKey","decrypt","encrypt","unwrapKey","sign","verify"],"kid":"https://managedhsmname.managedhsm.azure.net/keys/livekvtestkey0ccbe0ccb/46c91dfd6207456c15d04b02e6f70f8c","kty":"RSA-HSM","n":"rLK6xQYx4KEq3z-39aHqBwoi8O44B1ziLTP9_w4fRs430VC2c1vTkyoF4juHgNpHClN7LZl_ZaokJCawJEmXggWzZ9jUJDX7DY_Nj_w_ClsXnfZ65n1tA0PxEWdvqeUTrVPJYjbn-vpouy6BNMuk59qAnwpvZczmBMV9wPLuuh8XbcDXYryolDvk3BNPEV_u2uNKw_Ni2TCPxocT3sEwqqHE8kT7qSZu86exIQDYKcHr2oxf5OBRZCiXx4OIXxvvoMXMi6TyZKD5d7Xtc5EWMwina5w8da9-X9n6ivArI7bPrUmviTWI9aoSEu9BlnOD3wi6jbtr8VGp9hTwNSRCMw"}}'
    headers:
      cache-control:
      - no-cache
      content-length:
      - '721'
      content-security-policy:
      - default-src 'self'
      content-type:
      - application/json; charset=utf-8
      strict-transport-security:
      - max-age=31536000; includeSubDomains
      x-content-type-options:
      - nosniff
      x-frame-options:
      - SAMEORIGIN
      x-ms-keyvault-network-info:
      - addr=172.92.159.124
      x-ms-keyvault-region:
      - eastus2
      x-ms-server-latency:
      - '213'
    status:
      code: 200
      message: OK
- request:
    body: '{"kty": "RSA-HSM"}'
    headers:
      Accept:
      - application/json
      Accept-Encoding:
      - gzip, deflate
      Connection:
      - keep-alive
      Content-Length:
      - '18'
      Content-Type:
      - application/json
      User-Agent:
      - azsdk-python-keyvault-keys/4.4.0b4 Python/3.5.3 (Windows-10-10.0.19041-SP0)
    method: POST
    uri: https://managedhsmname.managedhsm.azure.net/keys/livekvtestkey1ccbe0ccb/create?api-version=7.2-preview
  response:
    body:
      string: '{"attributes":{"created":1616111807,"enabled":true,"exportable":false,"recoverableDays":90,"recoveryLevel":"Recoverable+Purgeable","updated":1616111807},"key":{"e":"AQAB","key_ops":["wrapKey","decrypt","encrypt","unwrapKey","sign","verify"],"kid":"https://managedhsmname.managedhsm.azure.net/keys/livekvtestkey1ccbe0ccb/08c35ea0232d413d2b66d73a0077444c","kty":"RSA-HSM","n":"jYxJ21jjF-6jlfyXEfQOwx2AY-SiVmDC2SoSy2l8NXtF89lBVpu1Ps_mVIEU9hzEccyqrV9yu8Czu0oQAlS7zWH7_IyatOjpiPpjDKDuYC3A_afCuWg0g87HJ1xzA7bn2hU5ZVgmTa9LUPiPxglKRHb0POAwfTwzQwhI5Sd09mVLlPGrixya9KCl7qoQqgOiMis2G3e5bNao8kj90KQ4BbhU-qPOrkTkbXz9UwVGj2qt2NztQ1T0Ojf0eSagbTpFz95EVl9WaQqsBjPY7akolQPNBfXZ_uvVgHA55zrIsI-M2a-Fk9qfqG2f0zPdVzS_VoT0ZeW9vYzD3dgBgNhIhw"}}'
    headers:
      cache-control:
      - no-cache
      content-length:
      - '721'
      content-security-policy:
      - default-src 'self'
      content-type:
      - application/json; charset=utf-8
      strict-transport-security:
      - max-age=31536000; includeSubDomains
      x-content-type-options:
      - nosniff
      x-frame-options:
      - SAMEORIGIN
      x-ms-keyvault-network-info:
      - addr=172.92.159.124
      x-ms-keyvault-region:
      - eastus2
      x-ms-server-latency:
      - '224'
    status:
      code: 200
      message: OK
- request:
    body: '{"kty": "RSA-HSM"}'
    headers:
      Accept:
      - application/json
      Accept-Encoding:
      - gzip, deflate
      Connection:
      - keep-alive
      Content-Length:
      - '18'
      Content-Type:
      - application/json
      User-Agent:
      - azsdk-python-keyvault-keys/4.4.0b4 Python/3.5.3 (Windows-10-10.0.19041-SP0)
    method: POST
    uri: https://managedhsmname.managedhsm.azure.net/keys/livekvtestkey2ccbe0ccb/create?api-version=7.2-preview
  response:
    body:
      string: '{"attributes":{"created":1616111809,"enabled":true,"exportable":false,"recoverableDays":90,"recoveryLevel":"Recoverable+Purgeable","updated":1616111809},"key":{"e":"AQAB","key_ops":["wrapKey","decrypt","encrypt","unwrapKey","sign","verify"],"kid":"https://managedhsmname.managedhsm.azure.net/keys/livekvtestkey2ccbe0ccb/b05c3a52d2384e6e8e8297b3ae153b85","kty":"RSA-HSM","n":"keqJGuumP3otzumEkSnWjuexudETDotvk-yYdS7BvC4fMBLgVZmugETMPiAV5DnINNwl9TyJUeTcGu3pVugwHL9eljl0uxB0HWH0WQjHc4bhlgztmkL4OR5SPG4M5Dp3A6Hq7pPRSAIgUK9LvIcHIAkbqZ4UkaOEoVTfJehRt66ABm0h3hqrhjtXY0nlPWsgitwgIlnFUFb743mqToZCO3ZtuF1y9aTgCvL8cKZ_jn2IX7eN5IIsr9_JHX1ny5SfcoLuDWVg5q6yn0DTmv2fuyyQrxbK4rKt7jBmZak0lcZqaltmVl_pOdLrn_tGh_VZKM05pzoS8me8qv_UqODxMw"}}'
    headers:
      cache-control:
      - no-cache
      content-length:
      - '721'
      content-security-policy:
      - default-src 'self'
      content-type:
      - application/json; charset=utf-8
      strict-transport-security:
      - max-age=31536000; includeSubDomains
      x-content-type-options:
      - nosniff
      x-frame-options:
      - SAMEORIGIN
      x-ms-keyvault-network-info:
      - addr=172.92.159.124
      x-ms-keyvault-region:
      - eastus2
      x-ms-server-latency:
      - '210'
    status:
      code: 200
      message: OK
- request:
    body: '{"kty": "RSA-HSM"}'
    headers:
      Accept:
      - application/json
      Accept-Encoding:
      - gzip, deflate
      Connection:
      - keep-alive
      Content-Length:
      - '18'
      Content-Type:
      - application/json
      User-Agent:
      - azsdk-python-keyvault-keys/4.4.0b4 Python/3.5.3 (Windows-10-10.0.19041-SP0)
    method: POST
    uri: https://managedhsmname.managedhsm.azure.net/keys/livekvtestkey3ccbe0ccb/create?api-version=7.2-preview
  response:
    body:
      string: '{"attributes":{"created":1616111811,"enabled":true,"exportable":false,"recoverableDays":90,"recoveryLevel":"Recoverable+Purgeable","updated":1616111811},"key":{"e":"AQAB","key_ops":["wrapKey","decrypt","encrypt","unwrapKey","sign","verify"],"kid":"https://managedhsmname.managedhsm.azure.net/keys/livekvtestkey3ccbe0ccb/448aae6ee19d06d63e38bfe587333e4b","kty":"RSA-HSM","n":"ieTm4h35d61Ch6RV4RiTP1v9AoE1YA2ftN2Y2Bi7R1ySANXaTKqJWrD4M_aWm-L72WYlPS7Rr4AFM6syMmpAYLWgS4_inWt7Fe8ncr_iNCSjpZYGk7EXv791QeykOu4l4OwMh7wQP1V6XmRlcv763mUc9O6zWJvQiwk8pbvbN3b4f1neMgiFfrAJjPO6QJFl4Zh-eeyB0VBGj-gFgxxX-pzZ3T00d5DDWQPm0kRabX9BKDsSyIF-wiaaaA2hZu6uSeQRrhis25kD0LOglq9u0G-Y6bItpa25NL2hrc2XBTyFnR55gGC6a1CZqmPv8VRtZ7vqSk-5ptEIGOKBsUZzTQ"}}'
    headers:
      cache-control:
      - no-cache
      content-length:
      - '721'
      content-security-policy:
      - default-src 'self'
      content-type:
      - application/json; charset=utf-8
      strict-transport-security:
      - max-age=31536000; includeSubDomains
      x-content-type-options:
      - nosniff
      x-frame-options:
      - SAMEORIGIN
      x-ms-keyvault-network-info:
      - addr=172.92.159.124
      x-ms-keyvault-region:
      - eastus2
      x-ms-server-latency:
      - '219'
    status:
      code: 200
      message: OK
- request:
    body: '{"kty": "RSA-HSM"}'
    headers:
      Accept:
      - application/json
      Accept-Encoding:
      - gzip, deflate
      Connection:
      - keep-alive
      Content-Length:
      - '18'
      Content-Type:
      - application/json
      User-Agent:
      - azsdk-python-keyvault-keys/4.4.0b4 Python/3.5.3 (Windows-10-10.0.19041-SP0)
    method: POST
    uri: https://managedhsmname.managedhsm.azure.net/keys/livekvtestkey4ccbe0ccb/create?api-version=7.2-preview
  response:
    body:
      string: '{"attributes":{"created":1616111814,"enabled":true,"exportable":false,"recoverableDays":90,"recoveryLevel":"Recoverable+Purgeable","updated":1616111814},"key":{"e":"AQAB","key_ops":["wrapKey","decrypt","encrypt","unwrapKey","sign","verify"],"kid":"https://managedhsmname.managedhsm.azure.net/keys/livekvtestkey4ccbe0ccb/9b30577004e60fbfaeaee0a967cdc2b4","kty":"RSA-HSM","n":"9dVVZ6rPv97A0cmeTMLo9-wBCXzcyPXHszjYKTqGFVsvyu4FRDZS5pj73_Yl0BRGUTQ8rtPZKgfKHYmvX10C_ECjASnJwtdISUFAfeSdU1s9qhJpITd_UqJVrXP7WvdFm5GVkP1XR5UuZPK3g5EJQxW11s_Bv8fQW3HHnLJkBf8xS2J9Mn6HAq8txHZjmS1d2nrMjeb60dtBcyuW_NgzQljfKu3P38nfw_fZ-k2DyVgSGOD_9nU2PPeW_sOQSx2TQSK-V2MA42e1PLYQ00BeJ-XuiS6fyJhdm4UNMvU2L5_WyrGgvdf8pNDThoYlJjt5O3ujlxC4pqXm3Ckj6W5ZWw"}}'
    headers:
      cache-control:
      - no-cache
      content-length:
      - '721'
      content-security-policy:
      - default-src 'self'
      content-type:
      - application/json; charset=utf-8
      strict-transport-security:
      - max-age=31536000; includeSubDomains
      x-content-type-options:
      - nosniff
      x-frame-options:
      - SAMEORIGIN
      x-ms-keyvault-network-info:
      - addr=172.92.159.124
      x-ms-keyvault-region:
      - eastus2
      x-ms-server-latency:
      - '212'
    status:
      code: 200
      message: OK
- request:
    body: '{"kty": "RSA-HSM"}'
    headers:
      Accept:
      - application/json
      Accept-Encoding:
      - gzip, deflate
      Connection:
      - keep-alive
      Content-Length:
      - '18'
      Content-Type:
      - application/json
      User-Agent:
      - azsdk-python-keyvault-keys/4.4.0b4 Python/3.5.3 (Windows-10-10.0.19041-SP0)
    method: POST
    uri: https://managedhsmname.managedhsm.azure.net/keys/livekvtestkey5ccbe0ccb/create?api-version=7.2-preview
  response:
    body:
      string: '{"attributes":{"created":1616111816,"enabled":true,"exportable":false,"recoverableDays":90,"recoveryLevel":"Recoverable+Purgeable","updated":1616111816},"key":{"e":"AQAB","key_ops":["wrapKey","decrypt","encrypt","unwrapKey","sign","verify"],"kid":"https://managedhsmname.managedhsm.azure.net/keys/livekvtestkey5ccbe0ccb/45226fdc0c9a4ecb3c4c2b2cdafe354c","kty":"RSA-HSM","n":"ixkTn_lCcooxkA6IB9W5gNNoPt_3RYvugo7buEAFu9ZWlVWr_vKBDFfORyeDYTcZ-mjBf_fYt3gOvp22MwdJU3e_ZtjdII2HfYXFTEKII-mQX_-OkWCotvvqD975E4cfZRYUvtXJRgVwF9cKA5ehK7tVsR4Dorf07zcZ9VzzyqgBgmaHvj33x1CcCqXyklqNZAR0tRBBIkLV3yUL3S04cg557_py0hlc6MXhMrO7smi4rKhSum7DOTdDR_dlrP1ZHjlnBxNYpG6nguWLhPxfer32dP27_Q_o-Ikl7ubV4yHgNqecTNlf8R_frBi6fhcVbVLT5LJYAUPohyryPKqH7w"}}'
    headers:
      cache-control:
      - no-cache
      content-length:
      - '721'
      content-security-policy:
      - default-src 'self'
      content-type:
      - application/json; charset=utf-8
      strict-transport-security:
      - max-age=31536000; includeSubDomains
      x-content-type-options:
      - nosniff
      x-frame-options:
      - SAMEORIGIN
      x-ms-keyvault-network-info:
      - addr=172.92.159.124
      x-ms-keyvault-region:
      - eastus2
      x-ms-server-latency:
      - '203'
    status:
      code: 200
      message: OK
- request:
    body: '{"kty": "RSA-HSM"}'
    headers:
      Accept:
      - application/json
      Accept-Encoding:
      - gzip, deflate
      Connection:
      - keep-alive
      Content-Length:
      - '18'
      Content-Type:
      - application/json
      User-Agent:
      - azsdk-python-keyvault-keys/4.4.0b4 Python/3.5.3 (Windows-10-10.0.19041-SP0)
    method: POST
    uri: https://managedhsmname.managedhsm.azure.net/keys/livekvtestkey6ccbe0ccb/create?api-version=7.2-preview
  response:
    body:
      string: '{"attributes":{"created":1616111818,"enabled":true,"exportable":false,"recoverableDays":90,"recoveryLevel":"Recoverable+Purgeable","updated":1616111818},"key":{"e":"AQAB","key_ops":["wrapKey","decrypt","encrypt","unwrapKey","sign","verify"],"kid":"https://managedhsmname.managedhsm.azure.net/keys/livekvtestkey6ccbe0ccb/f6df23825dc042de16b430a3a018de19","kty":"RSA-HSM","n":"ktpaKh5JNsV0lYnJtqKh9dIqul_SvT4QmJtHFpx0KFsu7jxsnkE39vsgqvPHIGMlggnCdB0M0cwj39XuyhI6CEozSGeuYQVC0AYvNJrONc7O87haqwo9NWGtZXSUXQtAObfZm-_DHJ3vaF8l_X2GkBhFVmcvbzUdGHfdgniM0tpAKlmGc1b_rZLimTRWpeIbKVSd6JB7a-bR1JK7oNDNcUwnbq221LPs3-0iJs-fkFb9Xu3ZTf58WlWsylxMkxiVr8M0zoIRlwYuSDb-Zql0Y_VlQObWt3r_YxjSoR_2FsGSP6TrDKtvewNe7e_mpn9c9vZFgozMRIRVK4wX17q5Mw"}}'
    headers:
      cache-control:
      - no-cache
      content-length:
      - '721'
      content-security-policy:
      - default-src 'self'
      content-type:
      - application/json; charset=utf-8
      strict-transport-security:
      - max-age=31536000; includeSubDomains
      x-content-type-options:
      - nosniff
      x-frame-options:
      - SAMEORIGIN
      x-ms-keyvault-network-info:
      - addr=172.92.159.124
      x-ms-keyvault-region:
      - eastus2
      x-ms-server-latency:
      - '265'
    status:
      code: 200
      message: OK
- request:
    body: null
    headers:
      Accept:
      - application/json
      Accept-Encoding:
      - gzip, deflate
      Connection:
      - keep-alive
      Content-Length:
      - '0'
      User-Agent:
      - azsdk-python-keyvault-keys/4.4.0b4 Python/3.5.3 (Windows-10-10.0.19041-SP0)
    method: DELETE
    uri: https://managedhsmname.managedhsm.azure.net/keys/livekvtestkey0ccbe0ccb?api-version=7.2-preview
  response:
    body:
      string: '{"attributes":{"created":1616111804,"enabled":true,"exportable":false,"recoverableDays":90,"recoveryLevel":"Recoverable+Purgeable","updated":1616111804},"deletedDate":1616111819,"key":{"e":"AQAB","key_ops":["wrapKey","encrypt","decrypt","unwrapKey","sign","verify"],"kid":"https://managedhsmname.managedhsm.azure.net/keys/livekvtestkey0ccbe0ccb/46c91dfd6207456c15d04b02e6f70f8c","kty":"RSA-HSM","n":"rLK6xQYx4KEq3z-39aHqBwoi8O44B1ziLTP9_w4fRs430VC2c1vTkyoF4juHgNpHClN7LZl_ZaokJCawJEmXggWzZ9jUJDX7DY_Nj_w_ClsXnfZ65n1tA0PxEWdvqeUTrVPJYjbn-vpouy6BNMuk59qAnwpvZczmBMV9wPLuuh8XbcDXYryolDvk3BNPEV_u2uNKw_Ni2TCPxocT3sEwqqHE8kT7qSZu86exIQDYKcHr2oxf5OBRZCiXx4OIXxvvoMXMi6TyZKD5d7Xtc5EWMwina5w8da9-X9n6ivArI7bPrUmviTWI9aoSEu9BlnOD3wi6jbtr8VGp9hTwNSRCMw"},"recoveryId":"https://managedhsmname.managedhsm.azure.net/deletedkeys/livekvtestkey0ccbe0ccb","scheduledPurgeDate":1623887819}'
    headers:
      cache-control:
      - no-cache
      content-length:
      - '873'
      content-security-policy:
      - default-src 'self'
      content-type:
      - application/json; charset=utf-8
      strict-transport-security:
      - max-age=31536000; includeSubDomains
      x-content-type-options:
      - nosniff
      x-frame-options:
      - SAMEORIGIN
      x-ms-keyvault-network-info:
      - addr=172.92.159.124
      x-ms-keyvault-region:
      - eastus2
      x-ms-server-latency:
      - '150'
    status:
      code: 200
      message: OK
- request:
    body: null
    headers:
      Accept:
      - application/json
      Accept-Encoding:
      - gzip, deflate
      Connection:
      - keep-alive
      User-Agent:
      - azsdk-python-keyvault-keys/4.4.0b4 Python/3.5.3 (Windows-10-10.0.19041-SP0)
    method: GET
    uri: https://managedhsmname.managedhsm.azure.net/deletedkeys/livekvtestkey0ccbe0ccb?api-version=7.2-preview
  response:
    body:
      string: '{"attributes":{"created":1616111804,"enabled":true,"exportable":false,"recoverableDays":90,"recoveryLevel":"Recoverable+Purgeable","updated":1616111804},"deletedDate":1616111819,"key":{"e":"AQAB","key_ops":["verify","sign","unwrapKey","encrypt","decrypt","wrapKey"],"kid":"https://managedhsmname.managedhsm.azure.net/keys/livekvtestkey0ccbe0ccb/46c91dfd6207456c15d04b02e6f70f8c","kty":"RSA-HSM","n":"rLK6xQYx4KEq3z-39aHqBwoi8O44B1ziLTP9_w4fRs430VC2c1vTkyoF4juHgNpHClN7LZl_ZaokJCawJEmXggWzZ9jUJDX7DY_Nj_w_ClsXnfZ65n1tA0PxEWdvqeUTrVPJYjbn-vpouy6BNMuk59qAnwpvZczmBMV9wPLuuh8XbcDXYryolDvk3BNPEV_u2uNKw_Ni2TCPxocT3sEwqqHE8kT7qSZu86exIQDYKcHr2oxf5OBRZCiXx4OIXxvvoMXMi6TyZKD5d7Xtc5EWMwina5w8da9-X9n6ivArI7bPrUmviTWI9aoSEu9BlnOD3wi6jbtr8VGp9hTwNSRCMw"},"recoveryId":"https://managedhsmname.managedhsm.azure.net/deletedkeys/livekvtestkey0ccbe0ccb","scheduledPurgeDate":1623887819}'
    headers:
      cache-control:
      - no-cache
      content-length:
      - '873'
      content-security-policy:
      - default-src 'self'
      content-type:
      - application/json; charset=utf-8
      strict-transport-security:
      - max-age=31536000; includeSubDomains
      x-content-type-options:
      - nosniff
      x-frame-options:
      - SAMEORIGIN
      x-ms-build-version:
      - 1.0.20210306-1-6fb7c19a-develop
      x-ms-keyvault-network-info:
      - addr=172.92.159.124
      x-ms-keyvault-region:
      - eastus2
      x-ms-server-latency:
      - '34'
    status:
      code: 200
      message: OK
- request:
    body: null
    headers:
      Accept:
      - application/json
      Accept-Encoding:
      - gzip, deflate
      Connection:
      - keep-alive
      Content-Length:
      - '0'
      User-Agent:
      - azsdk-python-keyvault-keys/4.4.0b4 Python/3.5.3 (Windows-10-10.0.19041-SP0)
    method: DELETE
    uri: https://managedhsmname.managedhsm.azure.net/keys/livekvtestkey1ccbe0ccb?api-version=7.2-preview
  response:
    body:
      string: '{"attributes":{"created":1616111807,"enabled":true,"exportable":false,"recoverableDays":90,"recoveryLevel":"Recoverable+Purgeable","updated":1616111807},"deletedDate":1616111819,"key":{"e":"AQAB","key_ops":["wrapKey","encrypt","decrypt","unwrapKey","sign","verify"],"kid":"https://managedhsmname.managedhsm.azure.net/keys/livekvtestkey1ccbe0ccb/08c35ea0232d413d2b66d73a0077444c","kty":"RSA-HSM","n":"jYxJ21jjF-6jlfyXEfQOwx2AY-SiVmDC2SoSy2l8NXtF89lBVpu1Ps_mVIEU9hzEccyqrV9yu8Czu0oQAlS7zWH7_IyatOjpiPpjDKDuYC3A_afCuWg0g87HJ1xzA7bn2hU5ZVgmTa9LUPiPxglKRHb0POAwfTwzQwhI5Sd09mVLlPGrixya9KCl7qoQqgOiMis2G3e5bNao8kj90KQ4BbhU-qPOrkTkbXz9UwVGj2qt2NztQ1T0Ojf0eSagbTpFz95EVl9WaQqsBjPY7akolQPNBfXZ_uvVgHA55zrIsI-M2a-Fk9qfqG2f0zPdVzS_VoT0ZeW9vYzD3dgBgNhIhw"},"recoveryId":"https://managedhsmname.managedhsm.azure.net/deletedkeys/livekvtestkey1ccbe0ccb","scheduledPurgeDate":1623887819}'
    headers:
      cache-control:
      - no-cache
      content-length:
      - '873'
      content-security-policy:
      - default-src 'self'
      content-type:
      - application/json; charset=utf-8
      strict-transport-security:
      - max-age=31536000; includeSubDomains
      x-content-type-options:
      - nosniff
      x-frame-options:
      - SAMEORIGIN
      x-ms-keyvault-network-info:
      - addr=172.92.159.124
      x-ms-keyvault-region:
      - eastus2
      x-ms-server-latency:
      - '128'
    status:
      code: 200
      message: OK
- request:
    body: null
    headers:
      Accept:
      - application/json
      Accept-Encoding:
      - gzip, deflate
      Connection:
      - keep-alive
      User-Agent:
      - azsdk-python-keyvault-keys/4.4.0b4 Python/3.5.3 (Windows-10-10.0.19041-SP0)
    method: GET
    uri: https://managedhsmname.managedhsm.azure.net/deletedkeys/livekvtestkey1ccbe0ccb?api-version=7.2-preview
  response:
    body:
      string: '{"attributes":{"created":1616111807,"enabled":true,"exportable":false,"recoverableDays":90,"recoveryLevel":"Recoverable+Purgeable","updated":1616111807},"deletedDate":1616111819,"key":{"e":"AQAB","key_ops":["verify","sign","unwrapKey","encrypt","decrypt","wrapKey"],"kid":"https://managedhsmname.managedhsm.azure.net/keys/livekvtestkey1ccbe0ccb/08c35ea0232d413d2b66d73a0077444c","kty":"RSA-HSM","n":"jYxJ21jjF-6jlfyXEfQOwx2AY-SiVmDC2SoSy2l8NXtF89lBVpu1Ps_mVIEU9hzEccyqrV9yu8Czu0oQAlS7zWH7_IyatOjpiPpjDKDuYC3A_afCuWg0g87HJ1xzA7bn2hU5ZVgmTa9LUPiPxglKRHb0POAwfTwzQwhI5Sd09mVLlPGrixya9KCl7qoQqgOiMis2G3e5bNao8kj90KQ4BbhU-qPOrkTkbXz9UwVGj2qt2NztQ1T0Ojf0eSagbTpFz95EVl9WaQqsBjPY7akolQPNBfXZ_uvVgHA55zrIsI-M2a-Fk9qfqG2f0zPdVzS_VoT0ZeW9vYzD3dgBgNhIhw"},"recoveryId":"https://managedhsmname.managedhsm.azure.net/deletedkeys/livekvtestkey1ccbe0ccb","scheduledPurgeDate":1623887819}'
    headers:
      cache-control:
      - no-cache
      content-length:
      - '873'
      content-security-policy:
      - default-src 'self'
      content-type:
      - application/json; charset=utf-8
      strict-transport-security:
      - max-age=31536000; includeSubDomains
      x-content-type-options:
      - nosniff
      x-frame-options:
      - SAMEORIGIN
      x-ms-build-version:
      - 1.0.20210306-1-6fb7c19a-develop
      x-ms-keyvault-network-info:
      - addr=172.92.159.124
      x-ms-keyvault-region:
      - eastus2
      x-ms-server-latency:
      - '50'
    status:
      code: 200
      message: OK
- request:
    body: null
    headers:
      Accept:
      - application/json
      Accept-Encoding:
      - gzip, deflate
      Connection:
      - keep-alive
      Content-Length:
      - '0'
      User-Agent:
      - azsdk-python-keyvault-keys/4.4.0b4 Python/3.5.3 (Windows-10-10.0.19041-SP0)
    method: DELETE
    uri: https://managedhsmname.managedhsm.azure.net/keys/livekvtestkey2ccbe0ccb?api-version=7.2-preview
  response:
    body:
      string: '{"attributes":{"created":1616111809,"enabled":true,"exportable":false,"recoverableDays":90,"recoveryLevel":"Recoverable+Purgeable","updated":1616111809},"deletedDate":1616111820,"key":{"e":"AQAB","key_ops":["wrapKey","encrypt","decrypt","unwrapKey","sign","verify"],"kid":"https://managedhsmname.managedhsm.azure.net/keys/livekvtestkey2ccbe0ccb/b05c3a52d2384e6e8e8297b3ae153b85","kty":"RSA-HSM","n":"keqJGuumP3otzumEkSnWjuexudETDotvk-yYdS7BvC4fMBLgVZmugETMPiAV5DnINNwl9TyJUeTcGu3pVugwHL9eljl0uxB0HWH0WQjHc4bhlgztmkL4OR5SPG4M5Dp3A6Hq7pPRSAIgUK9LvIcHIAkbqZ4UkaOEoVTfJehRt66ABm0h3hqrhjtXY0nlPWsgitwgIlnFUFb743mqToZCO3ZtuF1y9aTgCvL8cKZ_jn2IX7eN5IIsr9_JHX1ny5SfcoLuDWVg5q6yn0DTmv2fuyyQrxbK4rKt7jBmZak0lcZqaltmVl_pOdLrn_tGh_VZKM05pzoS8me8qv_UqODxMw"},"recoveryId":"https://managedhsmname.managedhsm.azure.net/deletedkeys/livekvtestkey2ccbe0ccb","scheduledPurgeDate":1623887820}'
    headers:
      cache-control:
      - no-cache
      content-length:
      - '873'
      content-security-policy:
      - default-src 'self'
      content-type:
      - application/json; charset=utf-8
      strict-transport-security:
      - max-age=31536000; includeSubDomains
      x-content-type-options:
      - nosniff
      x-frame-options:
      - SAMEORIGIN
      x-ms-keyvault-network-info:
      - addr=172.92.159.124
      x-ms-keyvault-region:
      - eastus2
      x-ms-server-latency:
      - '135'
    status:
      code: 200
      message: OK
- request:
    body: null
    headers:
      Accept:
      - application/json
      Accept-Encoding:
      - gzip, deflate
      Connection:
      - keep-alive
      User-Agent:
      - azsdk-python-keyvault-keys/4.4.0b4 Python/3.5.3 (Windows-10-10.0.19041-SP0)
    method: GET
    uri: https://managedhsmname.managedhsm.azure.net/deletedkeys/livekvtestkey2ccbe0ccb?api-version=7.2-preview
  response:
    body:
      string: '{"attributes":{"created":1616111809,"enabled":true,"exportable":false,"recoverableDays":90,"recoveryLevel":"Recoverable+Purgeable","updated":1616111809},"deletedDate":1616111819,"key":{"e":"AQAB","key_ops":["verify","sign","unwrapKey","encrypt","decrypt","wrapKey"],"kid":"https://managedhsmname.managedhsm.azure.net/keys/livekvtestkey2ccbe0ccb/b05c3a52d2384e6e8e8297b3ae153b85","kty":"RSA-HSM","n":"keqJGuumP3otzumEkSnWjuexudETDotvk-yYdS7BvC4fMBLgVZmugETMPiAV5DnINNwl9TyJUeTcGu3pVugwHL9eljl0uxB0HWH0WQjHc4bhlgztmkL4OR5SPG4M5Dp3A6Hq7pPRSAIgUK9LvIcHIAkbqZ4UkaOEoVTfJehRt66ABm0h3hqrhjtXY0nlPWsgitwgIlnFUFb743mqToZCO3ZtuF1y9aTgCvL8cKZ_jn2IX7eN5IIsr9_JHX1ny5SfcoLuDWVg5q6yn0DTmv2fuyyQrxbK4rKt7jBmZak0lcZqaltmVl_pOdLrn_tGh_VZKM05pzoS8me8qv_UqODxMw"},"recoveryId":"https://managedhsmname.managedhsm.azure.net/deletedkeys/livekvtestkey2ccbe0ccb","scheduledPurgeDate":1623887819}'
    headers:
      cache-control:
      - no-cache
      content-length:
      - '873'
      content-security-policy:
      - default-src 'self'
      content-type:
      - application/json; charset=utf-8
      strict-transport-security:
      - max-age=31536000; includeSubDomains
      x-content-type-options:
      - nosniff
      x-frame-options:
      - SAMEORIGIN
      x-ms-build-version:
      - 1.0.20210306-1-6fb7c19a-develop
      x-ms-keyvault-network-info:
      - addr=172.92.159.124
      x-ms-keyvault-region:
      - eastus2
      x-ms-server-latency:
      - '35'
    status:
      code: 200
      message: OK
- request:
    body: null
    headers:
      Accept:
      - application/json
      Accept-Encoding:
      - gzip, deflate
      Connection:
      - keep-alive
      Content-Length:
      - '0'
      User-Agent:
      - azsdk-python-keyvault-keys/4.4.0b4 Python/3.5.3 (Windows-10-10.0.19041-SP0)
    method: DELETE
    uri: https://managedhsmname.managedhsm.azure.net/keys/livekvtestkey3ccbe0ccb?api-version=7.2-preview
  response:
    body:
      string: '{"attributes":{"created":1616111811,"enabled":true,"exportable":false,"recoverableDays":90,"recoveryLevel":"Recoverable+Purgeable","updated":1616111811},"deletedDate":1616111820,"key":{"e":"AQAB","key_ops":["wrapKey","encrypt","decrypt","unwrapKey","sign","verify"],"kid":"https://managedhsmname.managedhsm.azure.net/keys/livekvtestkey3ccbe0ccb/448aae6ee19d06d63e38bfe587333e4b","kty":"RSA-HSM","n":"ieTm4h35d61Ch6RV4RiTP1v9AoE1YA2ftN2Y2Bi7R1ySANXaTKqJWrD4M_aWm-L72WYlPS7Rr4AFM6syMmpAYLWgS4_inWt7Fe8ncr_iNCSjpZYGk7EXv791QeykOu4l4OwMh7wQP1V6XmRlcv763mUc9O6zWJvQiwk8pbvbN3b4f1neMgiFfrAJjPO6QJFl4Zh-eeyB0VBGj-gFgxxX-pzZ3T00d5DDWQPm0kRabX9BKDsSyIF-wiaaaA2hZu6uSeQRrhis25kD0LOglq9u0G-Y6bItpa25NL2hrc2XBTyFnR55gGC6a1CZqmPv8VRtZ7vqSk-5ptEIGOKBsUZzTQ"},"recoveryId":"https://managedhsmname.managedhsm.azure.net/deletedkeys/livekvtestkey3ccbe0ccb","scheduledPurgeDate":1623887820}'
    headers:
      cache-control:
      - no-cache
      content-length:
      - '873'
      content-security-policy:
      - default-src 'self'
      content-type:
      - application/json; charset=utf-8
      strict-transport-security:
      - max-age=31536000; includeSubDomains
      x-content-type-options:
      - nosniff
      x-frame-options:
      - SAMEORIGIN
      x-ms-keyvault-network-info:
      - addr=172.92.159.124
      x-ms-keyvault-region:
      - eastus2
      x-ms-server-latency:
      - '153'
    status:
      code: 200
      message: OK
- request:
    body: null
    headers:
      Accept:
      - application/json
      Accept-Encoding:
      - gzip, deflate
      Connection:
      - keep-alive
      User-Agent:
      - azsdk-python-keyvault-keys/4.4.0b4 Python/3.5.3 (Windows-10-10.0.19041-SP0)
    method: GET
    uri: https://managedhsmname.managedhsm.azure.net/deletedkeys/livekvtestkey3ccbe0ccb?api-version=7.2-preview
  response:
    body:
      string: '{"attributes":{"created":1616111811,"enabled":true,"exportable":false,"recoverableDays":90,"recoveryLevel":"Recoverable+Purgeable","updated":1616111811},"deletedDate":1616111820,"key":{"e":"AQAB","key_ops":["verify","sign","unwrapKey","encrypt","decrypt","wrapKey"],"kid":"https://managedhsmname.managedhsm.azure.net/keys/livekvtestkey3ccbe0ccb/448aae6ee19d06d63e38bfe587333e4b","kty":"RSA-HSM","n":"ieTm4h35d61Ch6RV4RiTP1v9AoE1YA2ftN2Y2Bi7R1ySANXaTKqJWrD4M_aWm-L72WYlPS7Rr4AFM6syMmpAYLWgS4_inWt7Fe8ncr_iNCSjpZYGk7EXv791QeykOu4l4OwMh7wQP1V6XmRlcv763mUc9O6zWJvQiwk8pbvbN3b4f1neMgiFfrAJjPO6QJFl4Zh-eeyB0VBGj-gFgxxX-pzZ3T00d5DDWQPm0kRabX9BKDsSyIF-wiaaaA2hZu6uSeQRrhis25kD0LOglq9u0G-Y6bItpa25NL2hrc2XBTyFnR55gGC6a1CZqmPv8VRtZ7vqSk-5ptEIGOKBsUZzTQ"},"recoveryId":"https://managedhsmname.managedhsm.azure.net/deletedkeys/livekvtestkey3ccbe0ccb","scheduledPurgeDate":1623887820}'
    headers:
      cache-control:
      - no-cache
      content-length:
      - '873'
      content-security-policy:
      - default-src 'self'
      content-type:
      - application/json; charset=utf-8
      strict-transport-security:
      - max-age=31536000; includeSubDomains
      x-content-type-options:
      - nosniff
      x-frame-options:
      - SAMEORIGIN
      x-ms-build-version:
      - 1.0.20210306-1-6fb7c19a-develop
      x-ms-keyvault-network-info:
      - addr=172.92.159.124
      x-ms-keyvault-region:
      - eastus2
      x-ms-server-latency:
      - '31'
    status:
      code: 200
      message: OK
- request:
    body: null
    headers:
      Accept:
      - application/json
      Accept-Encoding:
      - gzip, deflate
      Connection:
      - keep-alive
      Content-Length:
      - '0'
      User-Agent:
      - azsdk-python-keyvault-keys/4.4.0b4 Python/3.5.3 (Windows-10-10.0.19041-SP0)
    method: DELETE
    uri: https://managedhsmname.managedhsm.azure.net/keys/livekvtestkey4ccbe0ccb?api-version=7.2-preview
  response:
    body:
      string: '{"attributes":{"created":1616111814,"enabled":true,"exportable":false,"recoverableDays":90,"recoveryLevel":"Recoverable+Purgeable","updated":1616111814},"deletedDate":1616111820,"key":{"e":"AQAB","key_ops":["wrapKey","encrypt","decrypt","unwrapKey","sign","verify"],"kid":"https://managedhsmname.managedhsm.azure.net/keys/livekvtestkey4ccbe0ccb/9b30577004e60fbfaeaee0a967cdc2b4","kty":"RSA-HSM","n":"9dVVZ6rPv97A0cmeTMLo9-wBCXzcyPXHszjYKTqGFVsvyu4FRDZS5pj73_Yl0BRGUTQ8rtPZKgfKHYmvX10C_ECjASnJwtdISUFAfeSdU1s9qhJpITd_UqJVrXP7WvdFm5GVkP1XR5UuZPK3g5EJQxW11s_Bv8fQW3HHnLJkBf8xS2J9Mn6HAq8txHZjmS1d2nrMjeb60dtBcyuW_NgzQljfKu3P38nfw_fZ-k2DyVgSGOD_9nU2PPeW_sOQSx2TQSK-V2MA42e1PLYQ00BeJ-XuiS6fyJhdm4UNMvU2L5_WyrGgvdf8pNDThoYlJjt5O3ujlxC4pqXm3Ckj6W5ZWw"},"recoveryId":"https://managedhsmname.managedhsm.azure.net/deletedkeys/livekvtestkey4ccbe0ccb","scheduledPurgeDate":1623887820}'
    headers:
      cache-control:
      - no-cache
      content-length:
      - '873'
      content-security-policy:
      - default-src 'self'
      content-type:
      - application/json; charset=utf-8
      strict-transport-security:
      - max-age=31536000; includeSubDomains
      x-content-type-options:
      - nosniff
      x-frame-options:
      - SAMEORIGIN
      x-ms-keyvault-network-info:
      - addr=172.92.159.124
      x-ms-keyvault-region:
      - eastus2
      x-ms-server-latency:
      - '168'
    status:
      code: 200
      message: OK
- request:
    body: null
    headers:
      Accept:
      - application/json
      Accept-Encoding:
      - gzip, deflate
      Connection:
      - keep-alive
      User-Agent:
      - azsdk-python-keyvault-keys/4.4.0b4 Python/3.5.3 (Windows-10-10.0.19041-SP0)
    method: GET
    uri: https://managedhsmname.managedhsm.azure.net/deletedkeys/livekvtestkey4ccbe0ccb?api-version=7.2-preview
  response:
    body:
      string: '{"attributes":{"created":1616111814,"enabled":true,"exportable":false,"recoverableDays":90,"recoveryLevel":"Recoverable+Purgeable","updated":1616111814},"deletedDate":1616111820,"key":{"e":"AQAB","key_ops":["verify","sign","unwrapKey","encrypt","decrypt","wrapKey"],"kid":"https://managedhsmname.managedhsm.azure.net/keys/livekvtestkey4ccbe0ccb/9b30577004e60fbfaeaee0a967cdc2b4","kty":"RSA-HSM","n":"9dVVZ6rPv97A0cmeTMLo9-wBCXzcyPXHszjYKTqGFVsvyu4FRDZS5pj73_Yl0BRGUTQ8rtPZKgfKHYmvX10C_ECjASnJwtdISUFAfeSdU1s9qhJpITd_UqJVrXP7WvdFm5GVkP1XR5UuZPK3g5EJQxW11s_Bv8fQW3HHnLJkBf8xS2J9Mn6HAq8txHZjmS1d2nrMjeb60dtBcyuW_NgzQljfKu3P38nfw_fZ-k2DyVgSGOD_9nU2PPeW_sOQSx2TQSK-V2MA42e1PLYQ00BeJ-XuiS6fyJhdm4UNMvU2L5_WyrGgvdf8pNDThoYlJjt5O3ujlxC4pqXm3Ckj6W5ZWw"},"recoveryId":"https://managedhsmname.managedhsm.azure.net/deletedkeys/livekvtestkey4ccbe0ccb","scheduledPurgeDate":1623887820}'
    headers:
      cache-control:
      - no-cache
      content-length:
      - '873'
      content-security-policy:
      - default-src 'self'
      content-type:
      - application/json; charset=utf-8
      strict-transport-security:
      - max-age=31536000; includeSubDomains
      x-content-type-options:
      - nosniff
      x-frame-options:
      - SAMEORIGIN
      x-ms-build-version:
      - 1.0.20210306-1-6fb7c19a-develop
      x-ms-keyvault-network-info:
      - addr=172.92.159.124
      x-ms-keyvault-region:
      - eastus2
      x-ms-server-latency:
      - '35'
    status:
      code: 200
      message: OK
- request:
    body: null
    headers:
      Accept:
      - application/json
      Accept-Encoding:
      - gzip, deflate
      Connection:
      - keep-alive
      Content-Length:
      - '0'
      User-Agent:
      - azsdk-python-keyvault-keys/4.4.0b4 Python/3.5.3 (Windows-10-10.0.19041-SP0)
    method: DELETE
    uri: https://managedhsmname.managedhsm.azure.net/keys/livekvtestkey5ccbe0ccb?api-version=7.2-preview
  response:
    body:
      string: '{"attributes":{"created":1616111816,"enabled":true,"exportable":false,"recoverableDays":90,"recoveryLevel":"Recoverable+Purgeable","updated":1616111816},"deletedDate":1616111821,"key":{"e":"AQAB","key_ops":["wrapKey","encrypt","decrypt","unwrapKey","sign","verify"],"kid":"https://managedhsmname.managedhsm.azure.net/keys/livekvtestkey5ccbe0ccb/45226fdc0c9a4ecb3c4c2b2cdafe354c","kty":"RSA-HSM","n":"ixkTn_lCcooxkA6IB9W5gNNoPt_3RYvugo7buEAFu9ZWlVWr_vKBDFfORyeDYTcZ-mjBf_fYt3gOvp22MwdJU3e_ZtjdII2HfYXFTEKII-mQX_-OkWCotvvqD975E4cfZRYUvtXJRgVwF9cKA5ehK7tVsR4Dorf07zcZ9VzzyqgBgmaHvj33x1CcCqXyklqNZAR0tRBBIkLV3yUL3S04cg557_py0hlc6MXhMrO7smi4rKhSum7DOTdDR_dlrP1ZHjlnBxNYpG6nguWLhPxfer32dP27_Q_o-Ikl7ubV4yHgNqecTNlf8R_frBi6fhcVbVLT5LJYAUPohyryPKqH7w"},"recoveryId":"https://managedhsmname.managedhsm.azure.net/deletedkeys/livekvtestkey5ccbe0ccb","scheduledPurgeDate":1623887821}'
    headers:
      cache-control:
      - no-cache
      content-length:
      - '873'
      content-security-policy:
      - default-src 'self'
      content-type:
      - application/json; charset=utf-8
      strict-transport-security:
      - max-age=31536000; includeSubDomains
      x-content-type-options:
      - nosniff
      x-frame-options:
      - SAMEORIGIN
      x-ms-keyvault-network-info:
      - addr=172.92.159.124
      x-ms-keyvault-region:
      - eastus2
      x-ms-server-latency:
      - '178'
    status:
      code: 200
      message: OK
- request:
    body: null
    headers:
      Accept:
      - application/json
      Accept-Encoding:
      - gzip, deflate
      Connection:
      - keep-alive
      User-Agent:
      - azsdk-python-keyvault-keys/4.4.0b4 Python/3.5.3 (Windows-10-10.0.19041-SP0)
    method: GET
    uri: https://managedhsmname.managedhsm.azure.net/deletedkeys/livekvtestkey5ccbe0ccb?api-version=7.2-preview
  response:
    body:
      string: '{"attributes":{"created":1616111816,"enabled":true,"exportable":false,"recoverableDays":90,"recoveryLevel":"Recoverable+Purgeable","updated":1616111816},"deletedDate":1616111821,"key":{"e":"AQAB","key_ops":["verify","sign","unwrapKey","encrypt","decrypt","wrapKey"],"kid":"https://managedhsmname.managedhsm.azure.net/keys/livekvtestkey5ccbe0ccb/45226fdc0c9a4ecb3c4c2b2cdafe354c","kty":"RSA-HSM","n":"ixkTn_lCcooxkA6IB9W5gNNoPt_3RYvugo7buEAFu9ZWlVWr_vKBDFfORyeDYTcZ-mjBf_fYt3gOvp22MwdJU3e_ZtjdII2HfYXFTEKII-mQX_-OkWCotvvqD975E4cfZRYUvtXJRgVwF9cKA5ehK7tVsR4Dorf07zcZ9VzzyqgBgmaHvj33x1CcCqXyklqNZAR0tRBBIkLV3yUL3S04cg557_py0hlc6MXhMrO7smi4rKhSum7DOTdDR_dlrP1ZHjlnBxNYpG6nguWLhPxfer32dP27_Q_o-Ikl7ubV4yHgNqecTNlf8R_frBi6fhcVbVLT5LJYAUPohyryPKqH7w"},"recoveryId":"https://managedhsmname.managedhsm.azure.net/deletedkeys/livekvtestkey5ccbe0ccb","scheduledPurgeDate":1623887821}'
    headers:
      cache-control:
      - no-cache
      content-length:
      - '873'
      content-security-policy:
      - default-src 'self'
      content-type:
      - application/json; charset=utf-8
      strict-transport-security:
      - max-age=31536000; includeSubDomains
      x-content-type-options:
      - nosniff
      x-frame-options:
      - SAMEORIGIN
      x-ms-build-version:
      - 1.0.20210306-1-6fb7c19a-develop
      x-ms-keyvault-network-info:
      - addr=172.92.159.124
      x-ms-keyvault-region:
      - eastus2
      x-ms-server-latency:
      - '47'
    status:
      code: 200
      message: OK
- request:
    body: null
    headers:
      Accept:
      - application/json
      Accept-Encoding:
      - gzip, deflate
      Connection:
      - keep-alive
      Content-Length:
      - '0'
      User-Agent:
      - azsdk-python-keyvault-keys/4.4.0b4 Python/3.5.3 (Windows-10-10.0.19041-SP0)
    method: DELETE
    uri: https://managedhsmname.managedhsm.azure.net/keys/livekvtestkey6ccbe0ccb?api-version=7.2-preview
  response:
    body:
      string: '{"attributes":{"created":1616111818,"enabled":true,"exportable":false,"recoverableDays":90,"recoveryLevel":"Recoverable+Purgeable","updated":1616111818},"deletedDate":1616111821,"key":{"e":"AQAB","key_ops":["wrapKey","encrypt","decrypt","unwrapKey","sign","verify"],"kid":"https://managedhsmname.managedhsm.azure.net/keys/livekvtestkey6ccbe0ccb/f6df23825dc042de16b430a3a018de19","kty":"RSA-HSM","n":"ktpaKh5JNsV0lYnJtqKh9dIqul_SvT4QmJtHFpx0KFsu7jxsnkE39vsgqvPHIGMlggnCdB0M0cwj39XuyhI6CEozSGeuYQVC0AYvNJrONc7O87haqwo9NWGtZXSUXQtAObfZm-_DHJ3vaF8l_X2GkBhFVmcvbzUdGHfdgniM0tpAKlmGc1b_rZLimTRWpeIbKVSd6JB7a-bR1JK7oNDNcUwnbq221LPs3-0iJs-fkFb9Xu3ZTf58WlWsylxMkxiVr8M0zoIRlwYuSDb-Zql0Y_VlQObWt3r_YxjSoR_2FsGSP6TrDKtvewNe7e_mpn9c9vZFgozMRIRVK4wX17q5Mw"},"recoveryId":"https://managedhsmname.managedhsm.azure.net/deletedkeys/livekvtestkey6ccbe0ccb","scheduledPurgeDate":1623887821}'
    headers:
      cache-control:
      - no-cache
      content-length:
      - '873'
      content-security-policy:
      - default-src 'self'
      content-type:
      - application/json; charset=utf-8
      strict-transport-security:
      - max-age=31536000; includeSubDomains
      x-content-type-options:
      - nosniff
      x-frame-options:
      - SAMEORIGIN
      x-ms-keyvault-network-info:
      - addr=172.92.159.124
      x-ms-keyvault-region:
      - eastus2
      x-ms-server-latency:
      - '302'
    status:
      code: 200
      message: OK
- request:
    body: null
    headers:
      Accept:
      - application/json
      Accept-Encoding:
      - gzip, deflate
      Connection:
      - keep-alive
      User-Agent:
      - azsdk-python-keyvault-keys/4.4.0b4 Python/3.5.3 (Windows-10-10.0.19041-SP0)
    method: GET
    uri: https://managedhsmname.managedhsm.azure.net/deletedkeys/livekvtestkey6ccbe0ccb?api-version=7.2-preview
  response:
    body:
      string: '{"attributes":{"created":1616111818,"enabled":true,"exportable":false,"recoverableDays":90,"recoveryLevel":"Recoverable+Purgeable","updated":1616111818},"deletedDate":1616111821,"key":{"e":"AQAB","key_ops":["verify","sign","unwrapKey","encrypt","decrypt","wrapKey"],"kid":"https://managedhsmname.managedhsm.azure.net/keys/livekvtestkey6ccbe0ccb/f6df23825dc042de16b430a3a018de19","kty":"RSA-HSM","n":"ktpaKh5JNsV0lYnJtqKh9dIqul_SvT4QmJtHFpx0KFsu7jxsnkE39vsgqvPHIGMlggnCdB0M0cwj39XuyhI6CEozSGeuYQVC0AYvNJrONc7O87haqwo9NWGtZXSUXQtAObfZm-_DHJ3vaF8l_X2GkBhFVmcvbzUdGHfdgniM0tpAKlmGc1b_rZLimTRWpeIbKVSd6JB7a-bR1JK7oNDNcUwnbq221LPs3-0iJs-fkFb9Xu3ZTf58WlWsylxMkxiVr8M0zoIRlwYuSDb-Zql0Y_VlQObWt3r_YxjSoR_2FsGSP6TrDKtvewNe7e_mpn9c9vZFgozMRIRVK4wX17q5Mw"},"recoveryId":"https://managedhsmname.managedhsm.azure.net/deletedkeys/livekvtestkey6ccbe0ccb","scheduledPurgeDate":1623887821}'
    headers:
      cache-control:
      - no-cache
      content-length:
      - '873'
      content-security-policy:
      - default-src 'self'
      content-type:
      - application/json; charset=utf-8
      strict-transport-security:
      - max-age=31536000; includeSubDomains
      x-content-type-options:
      - nosniff
      x-frame-options:
      - SAMEORIGIN
      x-ms-build-version:
      - 1.0.20210306-1-6fb7c19a-develop
      x-ms-keyvault-network-info:
      - addr=172.92.159.124
      x-ms-keyvault-region:
      - eastus2
      x-ms-server-latency:
      - '35'
    status:
      code: 200
      message: OK
- request:
    body: null
    headers:
      Accept:
      - application/json
      Accept-Encoding:
      - gzip, deflate
      Connection:
      - keep-alive
      User-Agent:
      - azsdk-python-keyvault-keys/4.4.0b4 Python/3.5.3 (Windows-10-10.0.19041-SP0)
    method: GET
    uri: https://managedhsmname.managedhsm.azure.net/deletedkeys?api-version=7.2-preview
  response:
    body:
      string: '{"nextLink":"https://managedhsmname.managedhsm.azure.net/deletedkeys?maxresults=25&$skiptoken=K1JJRDp-UEFzSEFJZ3ZDcVJCQUFBQUFBQUFBQT09I1JUOjEjVFJDOjEwI0lTVjoyI0lFTzo2NTU2NyNRQ0Y6Mw","value":[{"attributes":{"created":1616110888,"enabled":true,"exportable":false,"recoverableDays":90,"recoveryLevel":"Recoverable+Purgeable","updated":1616110888},"deletedDate":1616110905,"kid":"https://managedhsmname.managedhsm.azure.net/keys/livekvtestkey0850811b5","recoveryId":"https://managedhsmname.managedhsm.azure.net/deletedkeys/livekvtestkey0850811b5","scheduledPurgeDate":1623886905},{"attributes":{"created":1616110891,"enabled":true,"exportable":false,"recoverableDays":90,"recoveryLevel":"Recoverable+Purgeable","updated":1616110891},"deletedDate":1616110903,"kid":"https://managedhsmname.managedhsm.azure.net/keys/livekvtestkey1850811b5","recoveryId":"https://managedhsmname.managedhsm.azure.net/deletedkeys/livekvtestkey1850811b5","scheduledPurgeDate":1623886903},{"attributes":{"created":1616110893,"enabled":true,"exportable":false,"recoverableDays":90,"recoveryLevel":"Recoverable+Purgeable","updated":1616110893},"deletedDate":1616110904,"kid":"https://managedhsmname.managedhsm.azure.net/keys/livekvtestkey2850811b5","recoveryId":"https://managedhsmname.managedhsm.azure.net/deletedkeys/livekvtestkey2850811b5","scheduledPurgeDate":1623886904},{"attributes":{"created":1616110895,"enabled":true,"exportable":false,"recoverableDays":90,"recoveryLevel":"Recoverable+Purgeable","updated":1616110895},"deletedDate":1616110905,"kid":"https://managedhsmname.managedhsm.azure.net/keys/livekvtestkey3850811b5","recoveryId":"https://managedhsmname.managedhsm.azure.net/deletedkeys/livekvtestkey3850811b5","scheduledPurgeDate":1623886905},{"attributes":{"created":1616110898,"enabled":true,"exportable":false,"recoverableDays":90,"recoveryLevel":"Recoverable+Purgeable","updated":1616110898},"deletedDate":1616110904,"kid":"https://managedhsmname.managedhsm.azure.net/keys/livekvtestkey4850811b5","recoveryId":"https://managedhsmname.managedhsm.azure.net/deletedkeys/livekvtestkey4850811b5","scheduledPurgeDate":1623886904},{"attributes":{"created":1616110900,"enabled":true,"exportable":false,"recoverableDays":90,"recoveryLevel":"Recoverable+Purgeable","updated":1616110900},"deletedDate":1616110904,"kid":"https://managedhsmname.managedhsm.azure.net/keys/livekvtestkey5850811b5","recoveryId":"https://managedhsmname.managedhsm.azure.net/deletedkeys/livekvtestkey5850811b5","scheduledPurgeDate":1623886904},{"attributes":{"created":1616110902,"enabled":true,"exportable":false,"recoverableDays":90,"recoveryLevel":"Recoverable+Purgeable","updated":1616110902},"deletedDate":1616110903,"kid":"https://managedhsmname.managedhsm.azure.net/keys/livekvtestkey6850811b5","recoveryId":"https://managedhsmname.managedhsm.azure.net/deletedkeys/livekvtestkey6850811b5","scheduledPurgeDate":1623886903},{"attributes":{"created":1616111804,"enabled":true,"exportable":false,"recoverableDays":90,"recoveryLevel":"Recoverable+Purgeable","updated":1616111804},"deletedDate":1616111819,"kid":"https://managedhsmname.managedhsm.azure.net/keys/livekvtestkey0ccbe0ccb","recoveryId":"https://managedhsmname.managedhsm.azure.net/deletedkeys/livekvtestkey0ccbe0ccb","scheduledPurgeDate":1623887819},{"attributes":{"created":1616111807,"enabled":true,"exportable":false,"recoverableDays":90,"recoveryLevel":"Recoverable+Purgeable","updated":1616111807},"deletedDate":1616111819,"kid":"https://managedhsmname.managedhsm.azure.net/keys/livekvtestkey1ccbe0ccb","recoveryId":"https://managedhsmname.managedhsm.azure.net/deletedkeys/livekvtestkey1ccbe0ccb","scheduledPurgeDate":1623887819},{"attributes":{"created":1616111809,"enabled":true,"exportable":false,"recoverableDays":90,"recoveryLevel":"Recoverable+Purgeable","updated":1616111809},"deletedDate":1616111819,"kid":"https://managedhsmname.managedhsm.azure.net/keys/livekvtestkey2ccbe0ccb","recoveryId":"https://managedhsmname.managedhsm.azure.net/deletedkeys/livekvtestkey2ccbe0ccb","scheduledPurgeDate":1623887819}]}'
    headers:
      cache-control:
      - no-cache
      content-length:
      - '4063'
      content-security-policy:
      - default-src 'self'
      content-type:
      - application/json; charset=utf-8
      strict-transport-security:
      - max-age=31536000; includeSubDomains
      x-content-type-options:
      - nosniff
      x-frame-options:
      - SAMEORIGIN
      x-ms-build-version:
      - 1.0.20210306-1-6fb7c19a-develop
      x-ms-keyvault-network-info:
      - addr=172.92.159.124
      x-ms-keyvault-region:
      - eastus2
      x-ms-server-latency:
      - '37'
    status:
      code: 200
      message: OK
- request:
    body: null
    headers:
      Accept:
      - application/json
      Accept-Encoding:
      - gzip, deflate
      Connection:
      - keep-alive
      User-Agent:
      - azsdk-python-keyvault-keys/4.4.0b4 Python/3.5.3 (Windows-10-10.0.19041-SP0)
    method: GET
    uri: https://managedhsmname.managedhsm.azure.net/deletedkeys?maxresults=25&$skiptoken=K1JJRDp-UEFzSEFJZ3ZDcVJCQUFBQUFBQUFBQT09I1JUOjEjVFJDOjEwI0lTVjoyI0lFTzo2NTU2NyNRQ0Y6Mw
  response:
    body:
      string: '{"value":[{"attributes":{"created":1616111811,"enabled":true,"exportable":false,"recoverableDays":90,"recoveryLevel":"Recoverable+Purgeable","updated":1616111811},"deletedDate":1616111820,"kid":"https://managedhsmname.managedhsm.azure.net/keys/livekvtestkey3ccbe0ccb","recoveryId":"https://managedhsmname.managedhsm.azure.net/deletedkeys/livekvtestkey3ccbe0ccb","scheduledPurgeDate":1623887820},{"attributes":{"created":1616111814,"enabled":true,"exportable":false,"recoverableDays":90,"recoveryLevel":"Recoverable+Purgeable","updated":1616111814},"deletedDate":1616111820,"kid":"https://managedhsmname.managedhsm.azure.net/keys/livekvtestkey4ccbe0ccb","recoveryId":"https://managedhsmname.managedhsm.azure.net/deletedkeys/livekvtestkey4ccbe0ccb","scheduledPurgeDate":1623887820},{"attributes":{"created":1616111816,"enabled":true,"exportable":false,"recoverableDays":90,"recoveryLevel":"Recoverable+Purgeable","updated":1616111816},"deletedDate":1616111821,"kid":"https://managedhsmname.managedhsm.azure.net/keys/livekvtestkey5ccbe0ccb","recoveryId":"https://managedhsmname.managedhsm.azure.net/deletedkeys/livekvtestkey5ccbe0ccb","scheduledPurgeDate":1623887821},{"attributes":{"created":1616111818,"enabled":true,"exportable":false,"recoverableDays":90,"recoveryLevel":"Recoverable+Purgeable","updated":1616111818},"deletedDate":1616111821,"kid":"https://managedhsmname.managedhsm.azure.net/keys/livekvtestkey6ccbe0ccb","recoveryId":"https://managedhsmname.managedhsm.azure.net/deletedkeys/livekvtestkey6ccbe0ccb","scheduledPurgeDate":1623887821}]}'
    headers:
      cache-control:
      - no-cache
      content-length:
      - '1559'
      content-security-policy:
      - default-src 'self'
      content-type:
      - application/json; charset=utf-8
      strict-transport-security:
      - max-age=31536000; includeSubDomains
      x-content-type-options:
      - nosniff
      x-frame-options:
      - SAMEORIGIN
      x-ms-build-version:
      - 1.0.20210306-1-6fb7c19a-develop
      x-ms-keyvault-network-info:
      - addr=172.92.159.124
      x-ms-keyvault-region:
      - eastus2
      x-ms-server-latency:
      - '36'
    status:
      code: 200
      message: OK
- request:
    body: null
    headers:
      Accept:
      - application/json
      Accept-Encoding:
      - gzip, deflate
      Connection:
      - keep-alive
      Content-Length:
      - '0'
      User-Agent:
      - azsdk-python-keyvault-keys/4.4.0b4 Python/3.5.3 (Windows-10-10.0.19041-SP0)
    method: DELETE
    uri: https://managedhsmname.managedhsm.azure.net/deletedkeys/livekvtestkey0ccbe0ccb?api-version=7.2-preview
  response:
    body:
      string: ''
    headers:
      cache-control:
      - no-cache
      content-length:
      - '0'
      content-security-policy:
      - default-src 'self'
      content-type:
      - application/json; charset=utf-8
      strict-transport-security:
      - max-age=31536000; includeSubDomains
      x-content-type-options:
      - nosniff
      x-frame-options:
      - SAMEORIGIN
      x-ms-keyvault-network-info:
      - addr=172.92.159.124
      x-ms-keyvault-region:
      - eastus2
      x-ms-server-latency:
      - '123'
    status:
      code: 204
      message: ''
- request:
    body: null
    headers:
      Accept:
      - application/json
      Accept-Encoding:
      - gzip, deflate
      Connection:
      - keep-alive
      Content-Length:
      - '0'
      User-Agent:
      - azsdk-python-keyvault-keys/4.4.0b4 Python/3.5.3 (Windows-10-10.0.19041-SP0)
    method: DELETE
    uri: https://managedhsmname.managedhsm.azure.net/deletedkeys/livekvtestkey1ccbe0ccb?api-version=7.2-preview
  response:
    body:
      string: ''
    headers:
      cache-control:
      - no-cache
      content-length:
      - '0'
      content-security-policy:
      - default-src 'self'
      content-type:
      - application/json; charset=utf-8
      strict-transport-security:
      - max-age=31536000; includeSubDomains
      x-content-type-options:
      - nosniff
      x-frame-options:
      - SAMEORIGIN
      x-ms-keyvault-network-info:
      - addr=172.92.159.124
      x-ms-keyvault-region:
      - eastus2
      x-ms-server-latency:
      - '104'
    status:
      code: 204
      message: ''
- request:
    body: null
    headers:
      Accept:
      - application/json
      Accept-Encoding:
      - gzip, deflate
      Connection:
      - keep-alive
      Content-Length:
      - '0'
      User-Agent:
      - azsdk-python-keyvault-keys/4.4.0b4 Python/3.5.3 (Windows-10-10.0.19041-SP0)
    method: DELETE
    uri: https://managedhsmname.managedhsm.azure.net/deletedkeys/livekvtestkey2ccbe0ccb?api-version=7.2-preview
  response:
    body:
      string: ''
    headers:
      cache-control:
      - no-cache
      content-length:
      - '0'
      content-security-policy:
      - default-src 'self'
      content-type:
      - application/json; charset=utf-8
      strict-transport-security:
      - max-age=31536000; includeSubDomains
      x-content-type-options:
      - nosniff
      x-frame-options:
      - SAMEORIGIN
      x-ms-keyvault-network-info:
      - addr=172.92.159.124
      x-ms-keyvault-region:
      - eastus2
      x-ms-server-latency:
      - '110'
    status:
      code: 204
      message: ''
- request:
    body: null
    headers:
      Accept:
      - application/json
      Accept-Encoding:
      - gzip, deflate
      Connection:
      - keep-alive
      Content-Length:
      - '0'
      User-Agent:
      - azsdk-python-keyvault-keys/4.4.0b4 Python/3.5.3 (Windows-10-10.0.19041-SP0)
    method: DELETE
    uri: https://managedhsmname.managedhsm.azure.net/deletedkeys/livekvtestkey3ccbe0ccb?api-version=7.2-preview
  response:
    body:
      string: ''
    headers:
      cache-control:
      - no-cache
      content-length:
      - '0'
      content-security-policy:
      - default-src 'self'
      content-type:
      - application/json; charset=utf-8
      strict-transport-security:
      - max-age=31536000; includeSubDomains
      x-content-type-options:
      - nosniff
      x-frame-options:
      - SAMEORIGIN
      x-ms-keyvault-network-info:
      - addr=172.92.159.124
      x-ms-keyvault-region:
      - eastus2
      x-ms-server-latency:
      - '115'
    status:
      code: 204
      message: ''
- request:
    body: null
    headers:
      Accept:
      - application/json
      Accept-Encoding:
      - gzip, deflate
      Connection:
      - keep-alive
      Content-Length:
      - '0'
      User-Agent:
      - azsdk-python-keyvault-keys/4.4.0b4 Python/3.5.3 (Windows-10-10.0.19041-SP0)
    method: DELETE
    uri: https://managedhsmname.managedhsm.azure.net/deletedkeys/livekvtestkey4ccbe0ccb?api-version=7.2-preview
  response:
    body:
      string: ''
    headers:
      cache-control:
      - no-cache
      content-length:
      - '0'
      content-security-policy:
      - default-src 'self'
      content-type:
      - application/json; charset=utf-8
      strict-transport-security:
      - max-age=31536000; includeSubDomains
      x-content-type-options:
      - nosniff
      x-frame-options:
      - SAMEORIGIN
      x-ms-keyvault-network-info:
      - addr=172.92.159.124
      x-ms-keyvault-region:
      - eastus2
      x-ms-server-latency:
      - '109'
    status:
      code: 204
      message: ''
- request:
    body: null
    headers:
      Accept:
      - application/json
      Accept-Encoding:
      - gzip, deflate
      Connection:
      - keep-alive
      Content-Length:
      - '0'
      User-Agent:
      - azsdk-python-keyvault-keys/4.4.0b4 Python/3.5.3 (Windows-10-10.0.19041-SP0)
    method: DELETE
    uri: https://managedhsmname.managedhsm.azure.net/deletedkeys/livekvtestkey5ccbe0ccb?api-version=7.2-preview
  response:
    body:
      string: ''
    headers:
      cache-control:
      - no-cache
      content-length:
      - '0'
      content-security-policy:
      - default-src 'self'
      content-type:
      - application/json; charset=utf-8
      strict-transport-security:
      - max-age=31536000; includeSubDomains
      x-content-type-options:
      - nosniff
      x-frame-options:
      - SAMEORIGIN
      x-ms-keyvault-network-info:
      - addr=172.92.159.124
      x-ms-keyvault-region:
      - eastus2
      x-ms-server-latency:
      - '111'
    status:
      code: 204
      message: ''
- request:
    body: null
    headers:
      Accept:
      - application/json
      Accept-Encoding:
      - gzip, deflate
      Connection:
      - keep-alive
      Content-Length:
      - '0'
      User-Agent:
      - azsdk-python-keyvault-keys/4.4.0b4 Python/3.5.3 (Windows-10-10.0.19041-SP0)
    method: DELETE
    uri: https://managedhsmname.managedhsm.azure.net/deletedkeys/livekvtestkey6ccbe0ccb?api-version=7.2-preview
  response:
    body:
      string: ''
    headers:
      cache-control:
      - no-cache
      content-length:
      - '0'
      content-security-policy:
      - default-src 'self'
      content-type:
      - application/json; charset=utf-8
      strict-transport-security:
      - max-age=31536000; includeSubDomains
      x-content-type-options:
      - nosniff
      x-frame-options:
      - SAMEORIGIN
      x-ms-keyvault-network-info:
      - addr=172.92.159.124
      x-ms-keyvault-region:
      - eastus2
      x-ms-server-latency:
      - '112'
    status:
      code: 204
      message: ''
- request:
    body: null
    headers:
      Accept:
      - application/json
      Accept-Encoding:
      - gzip, deflate
      Connection:
      - keep-alive
      User-Agent:
      - azsdk-python-keyvault-keys/4.4.0b4 Python/3.5.3 (Windows-10-10.0.19041-SP0)
    method: GET
    uri: https://managedhsmname.managedhsm.azure.net/deletedkeys/livekvtestkey0ccbe0ccb?api-version=7.2-preview
  response:
    body:
      string: '{"error":{"code":"KeyNotFound","message":"Key not found: https://managedhsmname.managedhsm.azure.net/deletedkeys/livekvtestkey0ccbe0ccb
        (Activity ID: a357dfa6-8845-11eb-82c0-000d3a7dc10e)"}}'
    headers:
      cache-control:
      - no-cache
      content-length:
      - '191'
      content-security-policy:
      - default-src 'self'
      content-type:
      - application/json; charset=utf-8
      strict-transport-security:
      - max-age=31536000; includeSubDomains
      x-content-type-options:
      - nosniff
      x-frame-options:
      - SAMEORIGIN
      x-ms-build-version:
      - 1.0.20210306-1-6fb7c19a-develop
      x-ms-server-latency:
      - '27'
    status:
      code: 404
      message: Not Found
- request:
    body: null
    headers:
      Accept:
      - application/json
      Accept-Encoding:
      - gzip, deflate
      Connection:
      - keep-alive
      User-Agent:
      - azsdk-python-keyvault-keys/4.4.0b4 Python/3.5.3 (Windows-10-10.0.19041-SP0)
    method: GET
    uri: https://managedhsmname.managedhsm.azure.net/deletedkeys/livekvtestkey1ccbe0ccb?api-version=7.2-preview
  response:
    body:
      string: '{"error":{"code":"KeyNotFound","message":"Key not found: https://managedhsmname.managedhsm.azure.net/deletedkeys/livekvtestkey1ccbe0ccb
        (Activity ID: a36baf72-8845-11eb-82c0-000d3a7dc10e)"}}'
    headers:
      cache-control:
      - no-cache
      content-length:
      - '191'
      content-security-policy:
      - default-src 'self'
      content-type:
      - application/json; charset=utf-8
      strict-transport-security:
      - max-age=31536000; includeSubDomains
      x-content-type-options:
      - nosniff
      x-frame-options:
      - SAMEORIGIN
      x-ms-build-version:
      - 1.0.20210306-1-6fb7c19a-develop
      x-ms-server-latency:
      - '28'
    status:
      code: 404
      message: Not Found
- request:
    body: null
    headers:
      Accept:
      - application/json
      Accept-Encoding:
      - gzip, deflate
      Connection:
      - keep-alive
      User-Agent:
      - azsdk-python-keyvault-keys/4.4.0b4 Python/3.5.3 (Windows-10-10.0.19041-SP0)
    method: GET
    uri: https://managedhsmname.managedhsm.azure.net/deletedkeys/livekvtestkey2ccbe0ccb?api-version=7.2-preview
  response:
    body:
      string: '{"error":{"code":"KeyNotFound","message":"Key not found: https://managedhsmname.managedhsm.azure.net/deletedkeys/livekvtestkey2ccbe0ccb
        (Activity ID: a3809c3e-8845-11eb-82c0-000d3a7dc10e)"}}'
    headers:
      cache-control:
      - no-cache
      content-length:
      - '191'
      content-security-policy:
      - default-src 'self'
      content-type:
      - application/json; charset=utf-8
      strict-transport-security:
      - max-age=31536000; includeSubDomains
      x-content-type-options:
      - nosniff
      x-frame-options:
      - SAMEORIGIN
      x-ms-build-version:
      - 1.0.20210306-1-6fb7c19a-develop
      x-ms-server-latency:
      - '31'
    status:
      code: 404
      message: Not Found
- request:
    body: null
    headers:
      Accept:
      - application/json
      Accept-Encoding:
      - gzip, deflate
      Connection:
      - keep-alive
      User-Agent:
      - azsdk-python-keyvault-keys/4.4.0b4 Python/3.5.3 (Windows-10-10.0.19041-SP0)
    method: GET
    uri: https://managedhsmname.managedhsm.azure.net/deletedkeys/livekvtestkey3ccbe0ccb?api-version=7.2-preview
  response:
    body:
      string: '{"error":{"code":"KeyNotFound","message":"Key not found: https://managedhsmname.managedhsm.azure.net/deletedkeys/livekvtestkey3ccbe0ccb
        (Activity ID: a3958ffe-8845-11eb-82c0-000d3a7dc10e)"}}'
    headers:
      cache-control:
      - no-cache
      content-length:
      - '191'
      content-security-policy:
      - default-src 'self'
      content-type:
      - application/json; charset=utf-8
      strict-transport-security:
      - max-age=31536000; includeSubDomains
      x-content-type-options:
      - nosniff
      x-frame-options:
      - SAMEORIGIN
      x-ms-build-version:
      - 1.0.20210306-1-6fb7c19a-develop
      x-ms-server-latency:
      - '72'
    status:
      code: 404
      message: Not Found
- request:
    body: null
    headers:
      Accept:
      - application/json
      Accept-Encoding:
      - gzip, deflate
      Connection:
      - keep-alive
      User-Agent:
      - azsdk-python-keyvault-keys/4.4.0b4 Python/3.5.3 (Windows-10-10.0.19041-SP0)
    method: GET
    uri: https://managedhsmname.managedhsm.azure.net/deletedkeys/livekvtestkey4ccbe0ccb?api-version=7.2-preview
  response:
    body:
      string: '{"error":{"code":"KeyNotFound","message":"Key not found: https://managedhsmname.managedhsm.azure.net/deletedkeys/livekvtestkey4ccbe0ccb
        (Activity ID: a3b12fb6-8845-11eb-82c0-000d3a7dc10e)"}}'
    headers:
      cache-control:
      - no-cache
      content-length:
      - '191'
      content-security-policy:
      - default-src 'self'
      content-type:
      - application/json; charset=utf-8
      strict-transport-security:
      - max-age=31536000; includeSubDomains
      x-content-type-options:
      - nosniff
      x-frame-options:
      - SAMEORIGIN
      x-ms-build-version:
      - 1.0.20210306-1-6fb7c19a-develop
      x-ms-server-latency:
      - '30'
    status:
      code: 404
      message: Not Found
- request:
    body: null
    headers:
      Accept:
      - application/json
      Accept-Encoding:
      - gzip, deflate
      Connection:
      - keep-alive
      User-Agent:
      - azsdk-python-keyvault-keys/4.4.0b4 Python/3.5.3 (Windows-10-10.0.19041-SP0)
    method: GET
    uri: https://managedhsmname.managedhsm.azure.net/deletedkeys/livekvtestkey5ccbe0ccb?api-version=7.2-preview
  response:
    body:
      string: '{"error":{"code":"KeyNotFound","message":"Key not found: https://managedhsmname.managedhsm.azure.net/deletedkeys/livekvtestkey5ccbe0ccb
        (Activity ID: a3c66232-8845-11eb-82c0-000d3a7dc10e)"}}'
    headers:
      cache-control:
      - no-cache
      content-length:
      - '191'
      content-security-policy:
      - default-src 'self'
      content-type:
      - application/json; charset=utf-8
      strict-transport-security:
      - max-age=31536000; includeSubDomains
      x-content-type-options:
      - nosniff
      x-frame-options:
      - SAMEORIGIN
      x-ms-build-version:
      - 1.0.20210306-1-6fb7c19a-develop
      x-ms-server-latency:
      - '42'
    status:
      code: 404
      message: Not Found
- request:
    body: null
    headers:
      Accept:
      - application/json
      Accept-Encoding:
      - gzip, deflate
      Connection:
      - keep-alive
      User-Agent:
      - azsdk-python-keyvault-keys/4.4.0b4 Python/3.5.3 (Windows-10-10.0.19041-SP0)
    method: GET
    uri: https://managedhsmname.managedhsm.azure.net/deletedkeys/livekvtestkey6ccbe0ccb?api-version=7.2-preview
  response:
    body:
      string: '{"error":{"code":"KeyNotFound","message":"Key not found: https://managedhsmname.managedhsm.azure.net/deletedkeys/livekvtestkey6ccbe0ccb
        (Activity ID: a3dd60ea-8845-11eb-82c0-000d3a7dc10e)"}}'
    headers:
      cache-control:
      - no-cache
      content-length:
      - '191'
      content-security-policy:
      - default-src 'self'
      content-type:
      - application/json; charset=utf-8
      strict-transport-security:
      - max-age=31536000; includeSubDomains
      x-content-type-options:
      - nosniff
      x-frame-options:
      - SAMEORIGIN
      x-ms-build-version:
      - 1.0.20210306-1-6fb7c19a-develop
      x-ms-server-latency:
      - '32'
    status:
      code: 404
      message: Not Found
- request:
    body: null
    headers:
      Accept:
      - application/json
      Accept-Encoding:
      - gzip, deflate
      Connection:
      - keep-alive
      User-Agent:
      - azsdk-python-keyvault-keys/4.4.0b4 Python/3.5.3 (Windows-10-10.0.19041-SP0)
    method: GET
    uri: https://managedhsmname.managedhsm.azure.net/deletedkeys?api-version=7.2-preview
  response:
    body:
      string: '{"value":[{"attributes":{"created":1616110888,"enabled":true,"exportable":false,"recoverableDays":90,"recoveryLevel":"Recoverable+Purgeable","updated":1616110888},"deletedDate":1616110905,"kid":"https://managedhsmname.managedhsm.azure.net/keys/livekvtestkey0850811b5","recoveryId":"https://managedhsmname.managedhsm.azure.net/deletedkeys/livekvtestkey0850811b5","scheduledPurgeDate":1623886905},{"attributes":{"created":1616110891,"enabled":true,"exportable":false,"recoverableDays":90,"recoveryLevel":"Recoverable+Purgeable","updated":1616110891},"deletedDate":1616110903,"kid":"https://managedhsmname.managedhsm.azure.net/keys/livekvtestkey1850811b5","recoveryId":"https://managedhsmname.managedhsm.azure.net/deletedkeys/livekvtestkey1850811b5","scheduledPurgeDate":1623886903},{"attributes":{"created":1616110893,"enabled":true,"exportable":false,"recoverableDays":90,"recoveryLevel":"Recoverable+Purgeable","updated":1616110893},"deletedDate":1616110904,"kid":"https://managedhsmname.managedhsm.azure.net/keys/livekvtestkey2850811b5","recoveryId":"https://managedhsmname.managedhsm.azure.net/deletedkeys/livekvtestkey2850811b5","scheduledPurgeDate":1623886904},{"attributes":{"created":1616110895,"enabled":true,"exportable":false,"recoverableDays":90,"recoveryLevel":"Recoverable+Purgeable","updated":1616110895},"deletedDate":1616110905,"kid":"https://managedhsmname.managedhsm.azure.net/keys/livekvtestkey3850811b5","recoveryId":"https://managedhsmname.managedhsm.azure.net/deletedkeys/livekvtestkey3850811b5","scheduledPurgeDate":1623886905},{"attributes":{"created":1616110898,"enabled":true,"exportable":false,"recoverableDays":90,"recoveryLevel":"Recoverable+Purgeable","updated":1616110898},"deletedDate":1616110904,"kid":"https://managedhsmname.managedhsm.azure.net/keys/livekvtestkey4850811b5","recoveryId":"https://managedhsmname.managedhsm.azure.net/deletedkeys/livekvtestkey4850811b5","scheduledPurgeDate":1623886904},{"attributes":{"created":1616110900,"enabled":true,"exportable":false,"recoverableDays":90,"recoveryLevel":"Recoverable+Purgeable","updated":1616110900},"deletedDate":1616110904,"kid":"https://managedhsmname.managedhsm.azure.net/keys/livekvtestkey5850811b5","recoveryId":"https://managedhsmname.managedhsm.azure.net/deletedkeys/livekvtestkey5850811b5","scheduledPurgeDate":1623886904},{"attributes":{"created":1616110902,"enabled":true,"exportable":false,"recoverableDays":90,"recoveryLevel":"Recoverable+Purgeable","updated":1616110902},"deletedDate":1616110903,"kid":"https://managedhsmname.managedhsm.azure.net/keys/livekvtestkey6850811b5","recoveryId":"https://managedhsmname.managedhsm.azure.net/deletedkeys/livekvtestkey6850811b5","scheduledPurgeDate":1623886903}]}'
    headers:
      cache-control:
      - no-cache
      content-length:
      - '2720'
      content-security-policy:
      - default-src 'self'
      content-type:
      - application/json; charset=utf-8
      strict-transport-security:
      - max-age=31536000; includeSubDomains
      x-content-type-options:
      - nosniff
      x-frame-options:
      - SAMEORIGIN
      x-ms-build-version:
      - 1.0.20210306-1-6fb7c19a-develop
      x-ms-keyvault-network-info:
      - addr=172.92.159.124
      x-ms-keyvault-region:
      - eastus2
      x-ms-server-latency:
      - '34'
    status:
      code: 200
      message: OK
version: 1
