interactions:
- request:
    body: null
    headers:
      Accept:
      - application/json
      Accept-Encoding:
      - gzip, deflate
      Connection:
      - keep-alive
      Content-Length:
      - '0'
      Content-Type:
      - application/json
      User-Agent:
      - azsdk-python-keyvault-keys/4.2.0b2 Python/3.7.7 (Darwin-17.7.0-x86_64-i386-64bit)
    method: POST
    uri: https://vaultname.vault.azure.net/keys/key0/create?api-version=7.1
  response:
    body:
      string: '{"error":{"code":"Unauthorized","message":"Request is missing a Bearer
        or PoP token."}}'
    headers:
      cache-control:
      - no-cache
      content-length:
      - '87'
      content-type:
      - application/json; charset=utf-8
      date:
      - Wed, 29 Jul 2020 16:12:42 GMT
      expires:
      - '-1'
      pragma:
      - no-cache
      strict-transport-security:
      - max-age=31536000;includeSubDomains
      www-authenticate:
      - Bearer authorization="https://login.windows.net/72f988bf-86f1-41af-91ab-2d7cd011db47",
        resource="https://vault.azure.net"
      x-aspnet-version:
      - 4.0.30319
      x-content-type-options:
      - nosniff
      x-ms-keyvault-network-info:
      - conn_type=Ipv4;addr=73.135.72.237;act_addr_fam=InterNetwork;
      x-ms-keyvault-region:
      - westus
      x-ms-keyvault-service-version:
      - 1.1.10.0
      x-powered-by:
      - ASP.NET
    status:
      code: 401
      message: Unauthorized
- request:
    body: '{"kty": "RSA"}'
    headers:
      Accept:
      - application/json
      Accept-Encoding:
      - gzip, deflate
      Connection:
      - keep-alive
      Content-Length:
      - '14'
      Content-Type:
      - application/json
      User-Agent:
      - azsdk-python-keyvault-keys/4.2.0b2 Python/3.7.7 (Darwin-17.7.0-x86_64-i386-64bit)
    method: POST
    uri: https://vaultname.vault.azure.net/keys/key0/create?api-version=7.1
  response:
    body:
      string: '{"key":{"kid":"https://vaultname.vault.azure.net/keys/key0/89baaff3119942afb023ab285a63af5c","kty":"RSA","key_ops":["encrypt","decrypt","sign","verify","wrapKey","unwrapKey"],"n":"tbmt-AUogOK5G6tt0CurwIFxKDzbsn5HSIAxc6wD3RUuiuGklj5iNhaf7TrWL0NJ800XrwPVtsXZ4GzSFUiOP7VEHBwsv3BXEhF__MnyFnmil-LdKxgdm-ygRSySSPdVbgow1AOTGEuIFjKhvrCUc3GCSyjMTj38uhsfUS6WZDltt5d-gjaDOqLLO1U5hrOCt4PwAm0KQoLEzzc2KK_LWObUrch5aLFZUESMvKKGfrx_xKicdPJHEXeh0aB-FN1_TZILJJiQt6w1P6ei3pGb-IiPg8gM15U0_X6pPDZ4HXPCvz57QJ69HI0Kfh_dXYRvdd5YGn6rKCLowLz8jCpkWQ","e":"AQAB"},"attributes":{"enabled":true,"created":1596039163,"updated":1596039163,"recoveryLevel":"Recoverable+Purgeable","recoverableDays":90}}'
    headers:
      cache-control:
      - no-cache
      content-length:
      - '684'
      content-type:
      - application/json; charset=utf-8
      date:
      - Wed, 29 Jul 2020 16:12:42 GMT
      expires:
      - '-1'
      pragma:
      - no-cache
      strict-transport-security:
      - max-age=31536000;includeSubDomains
      x-aspnet-version:
      - 4.0.30319
      x-content-type-options:
      - nosniff
      x-ms-keyvault-network-info:
      - conn_type=Ipv4;addr=73.135.72.237;act_addr_fam=InterNetwork;
      x-ms-keyvault-region:
      - westus
      x-ms-keyvault-service-version:
      - 1.1.10.0
      x-powered-by:
      - ASP.NET
    status:
      code: 200
      message: OK
- request:
    body: '{"kty": "RSA"}'
    headers:
      Accept:
      - application/json
      Accept-Encoding:
      - gzip, deflate
      Connection:
      - keep-alive
      Content-Length:
      - '14'
      Content-Type:
      - application/json
      User-Agent:
      - azsdk-python-keyvault-keys/4.2.0b2 Python/3.7.7 (Darwin-17.7.0-x86_64-i386-64bit)
    method: POST
    uri: https://vaultname.vault.azure.net/keys/key1/create?api-version=7.1
  response:
    body:
      string: '{"key":{"kid":"https://vaultname.vault.azure.net/keys/key1/7abcb59a3f4a486dae1b9e8b0f0746b8","kty":"RSA","key_ops":["encrypt","decrypt","sign","verify","wrapKey","unwrapKey"],"n":"oyQKg1Z3TPWhMGv25MgCDp84VjFSgSqJin0TatFHajU5VcSRr7xKcPuWmV9SPtysHo9pJIAm191hFDK2TM1sA_GGd_G0OdH_7tkTpS6KytyOsYVOQb_zlcEnWNRe-SY-HcEYN2tIdia59bZZDB3AETxp6WcCdVn-gjjQRKEHA6NEoDblPcnnTsc1fcNnWlQ9HoqYiDkWkNAY8299sroaWzeBlRmGGvOLAdTXAyskHlO2ehp1f-6K7Ae85UOkNTNo6YcjsmmR0LhLm8gUifGuAOYwouJAjDv98RN2UVfQU71FEuSO18eNphyYhXOL7YSFLdCiLDBFepzq9OG5hM5oMw","e":"AQAB"},"attributes":{"enabled":true,"created":1596039163,"updated":1596039163,"recoveryLevel":"Recoverable+Purgeable","recoverableDays":90}}'
    headers:
      cache-control:
      - no-cache
      content-length:
      - '684'
      content-type:
      - application/json; charset=utf-8
      date:
      - Wed, 29 Jul 2020 16:12:43 GMT
      expires:
      - '-1'
      pragma:
      - no-cache
      strict-transport-security:
      - max-age=31536000;includeSubDomains
      x-aspnet-version:
      - 4.0.30319
      x-content-type-options:
      - nosniff
      x-ms-keyvault-network-info:
      - conn_type=Ipv4;addr=73.135.72.237;act_addr_fam=InterNetwork;
      x-ms-keyvault-region:
      - westus
      x-ms-keyvault-service-version:
      - 1.1.10.0
      x-powered-by:
      - ASP.NET
    status:
      code: 200
      message: OK
- request:
    body: '{"kty": "RSA"}'
    headers:
      Accept:
      - application/json
      Accept-Encoding:
      - gzip, deflate
      Connection:
      - keep-alive
      Content-Length:
      - '14'
      Content-Type:
      - application/json
      User-Agent:
      - azsdk-python-keyvault-keys/4.2.0b2 Python/3.7.7 (Darwin-17.7.0-x86_64-i386-64bit)
    method: POST
    uri: https://vaultname.vault.azure.net/keys/key2/create?api-version=7.1
  response:
    body:
      string: '{"key":{"kid":"https://vaultname.vault.azure.net/keys/key2/20c18d1d908f411a99bc3dbdf2434662","kty":"RSA","key_ops":["encrypt","decrypt","sign","verify","wrapKey","unwrapKey"],"n":"uL-NMtZHFUIRRU9C9H5y9mP4104fpHEmlcAqaCvJ45IqsAp9TG_7R_I9HOt546e7USwESzJ_NASMarzpQm8OSCcRJ_xcMoLv9arMGMxtaQ5wYq51a9WM9ihq5MuKYK5xFOoMsLmrvsioBSlde5QZp1zxnSFZNgCIPXSDaNSVhjlKpaaqwlv1DDrmAbM-uilYKQBvZ05x5T2mC4T2RWPL8_LZj6B6zR7ACgvsdfL31akTdmgsJBXnPXJhRNB_ZOSJxeM1Xod3FCT56suwHHNfC54lNw2igy2totuBJsL3q2u7Oy_SR_2ON1P8rMsjY8hV2_OsP1mta8hvYE2RvdL7SQ","e":"AQAB"},"attributes":{"enabled":true,"created":1596039164,"updated":1596039164,"recoveryLevel":"Recoverable+Purgeable","recoverableDays":90}}'
    headers:
      cache-control:
      - no-cache
      content-length:
      - '684'
      content-type:
      - application/json; charset=utf-8
      date:
      - Wed, 29 Jul 2020 16:12:43 GMT
      expires:
      - '-1'
      pragma:
      - no-cache
      strict-transport-security:
      - max-age=31536000;includeSubDomains
      x-aspnet-version:
      - 4.0.30319
      x-content-type-options:
      - nosniff
      x-ms-keyvault-network-info:
      - conn_type=Ipv4;addr=73.135.72.237;act_addr_fam=InterNetwork;
      x-ms-keyvault-region:
      - westus
      x-ms-keyvault-service-version:
      - 1.1.10.0
      x-powered-by:
      - ASP.NET
    status:
      code: 200
      message: OK
- request:
    body: '{"kty": "RSA"}'
    headers:
      Accept:
      - application/json
      Accept-Encoding:
      - gzip, deflate
      Connection:
      - keep-alive
      Content-Length:
      - '14'
      Content-Type:
      - application/json
      User-Agent:
      - azsdk-python-keyvault-keys/4.2.0b2 Python/3.7.7 (Darwin-17.7.0-x86_64-i386-64bit)
    method: POST
    uri: https://vaultname.vault.azure.net/keys/key3/create?api-version=7.1
  response:
    body:
      string: '{"key":{"kid":"https://vaultname.vault.azure.net/keys/key3/18f341b282374ae39bf3d339a79cf046","kty":"RSA","key_ops":["encrypt","decrypt","sign","verify","wrapKey","unwrapKey"],"n":"k8UltliTYY8sybbNIFImewot3L4ls2JxOEgv8N58EsTZc7I-Y-XMkuUwEVbOXrzrJsL1TRjCyK2U2ZLF7gZ-GFwEp1B7gscJlyW2EAsRxZJ6YwJbi9vb2_MnoGu07dUip5BbCl-r7Fpz7mPZFp-HbEDXiOFNaG74RlmlVbfLqE6w5c-ZE4CV36PWOgmK0zRND4O2zuaMcgFTwD9WaDLq7_wJeEcdwcg_sdWMLOWadqY55o2Afq1nOa4mqimNZ5-A3FM8k4_X2XVzfHaVEGPj3v_haLivZMcormLMwuDpA4DlKubHhOs0d23D4EXpHc4OqLUKi3Qq7-ZSxXIvad3jyw","e":"AQAB"},"attributes":{"enabled":true,"created":1596039164,"updated":1596039164,"recoveryLevel":"Recoverable+Purgeable","recoverableDays":90}}'
    headers:
      cache-control:
      - no-cache
      content-length:
      - '684'
      content-type:
      - application/json; charset=utf-8
      date:
      - Wed, 29 Jul 2020 16:12:43 GMT
      expires:
      - '-1'
      pragma:
      - no-cache
      strict-transport-security:
      - max-age=31536000;includeSubDomains
      x-aspnet-version:
      - 4.0.30319
      x-content-type-options:
      - nosniff
      x-ms-keyvault-network-info:
      - conn_type=Ipv4;addr=73.135.72.237;act_addr_fam=InterNetwork;
      x-ms-keyvault-region:
      - westus
      x-ms-keyvault-service-version:
      - 1.1.10.0
      x-powered-by:
      - ASP.NET
    status:
      code: 200
      message: OK
- request:
    body: '{"kty": "RSA"}'
    headers:
      Accept:
      - application/json
      Accept-Encoding:
      - gzip, deflate
      Connection:
      - keep-alive
      Content-Length:
      - '14'
      Content-Type:
      - application/json
      User-Agent:
      - azsdk-python-keyvault-keys/4.2.0b2 Python/3.7.7 (Darwin-17.7.0-x86_64-i386-64bit)
    method: POST
    uri: https://vaultname.vault.azure.net/keys/key4/create?api-version=7.1
  response:
    body:
      string: '{"key":{"kid":"https://vaultname.vault.azure.net/keys/key4/21c8f9c26f5f491c886d88f42358a3dc","kty":"RSA","key_ops":["encrypt","decrypt","sign","verify","wrapKey","unwrapKey"],"n":"tcKARZ0gR9nZRYbZ4ZDVH9EcQ8h8MTh424rgbU16pUWV33moSV4m-C-Xt6JnD2pTdLHpuKst78QGJxdY6SdEl-rXxyVyMFudQ_-RXmeKtDo14L8bz-vhF1yDsJfeiPjs9_xHqoVF2vVwGpTukXS8GVJtVSNFIahZkNQ2HRjN2KLIma8ynbqsmwWxvORbxQQsAQTZ_Qa6NEhrz6d7_lrPfRqNYfQVf8f_EIhhAK9mA_fp-xpmjWJC5-YOfVQsOMlHs3XBdOXrC3iwX6UqgFLmckZNOiM7rc1vCO1CmbTv0aLse3nyPWrhHiCIzd93kfIgGVKlpqD86FzLbLeNS1i1yQ","e":"AQAB"},"attributes":{"enabled":true,"created":1596039164,"updated":1596039164,"recoveryLevel":"Recoverable+Purgeable","recoverableDays":90}}'
    headers:
      cache-control:
      - no-cache
      content-length:
      - '684'
      content-type:
      - application/json; charset=utf-8
      date:
      - Wed, 29 Jul 2020 16:12:43 GMT
      expires:
      - '-1'
      pragma:
      - no-cache
      strict-transport-security:
      - max-age=31536000;includeSubDomains
      x-aspnet-version:
      - 4.0.30319
      x-content-type-options:
      - nosniff
      x-ms-keyvault-network-info:
      - conn_type=Ipv4;addr=73.135.72.237;act_addr_fam=InterNetwork;
      x-ms-keyvault-region:
      - westus
      x-ms-keyvault-service-version:
      - 1.1.10.0
      x-powered-by:
      - ASP.NET
    status:
      code: 200
      message: OK
- request:
    body: '{"kty": "RSA"}'
    headers:
      Accept:
      - application/json
      Accept-Encoding:
      - gzip, deflate
      Connection:
      - keep-alive
      Content-Length:
      - '14'
      Content-Type:
      - application/json
      User-Agent:
      - azsdk-python-keyvault-keys/4.2.0b2 Python/3.7.7 (Darwin-17.7.0-x86_64-i386-64bit)
    method: POST
    uri: https://vaultname.vault.azure.net/keys/key5/create?api-version=7.1
  response:
    body:
      string: '{"key":{"kid":"https://vaultname.vault.azure.net/keys/key5/ad8c8a5363d54e69aca4271aea96cad7","kty":"RSA","key_ops":["encrypt","decrypt","sign","verify","wrapKey","unwrapKey"],"n":"tmNPCwEdPfCgTpLZQ2Dr_gLNMQkTKl0pGzjF7PxJwPyVC3c4ZzAupME--KoULJ8LzJQrYw8zJkZL9HM7W38KVqwn39xdKRfrPfCl7yu-WJ1gDQU-LyaQg7m8ua8pTDcBO6nW_pgj0dDklXhd_GI-zGyuX09zDhoh6R302EuOlUbtXyVjqVhs51m-Vp5p0tUciyXOFvBlxIh13qEx7xyy7MKXl6BrTi0ixXQI9HimKcr3T2AfUquNRynMBXqTECWUIrCAlzxB6EQNKv7SSzQIbtA71qSq9OIo0J-RZ--QApBmtbhmFzpJ2aFyJdJHlHf7gIwzdT6gG1bb5SvPYmaEfQ","e":"AQAB"},"attributes":{"enabled":true,"created":1596039164,"updated":1596039164,"recoveryLevel":"Recoverable+Purgeable","recoverableDays":90}}'
    headers:
      cache-control:
      - no-cache
      content-length:
      - '684'
      content-type:
      - application/json; charset=utf-8
      date:
      - Wed, 29 Jul 2020 16:12:43 GMT
      expires:
      - '-1'
      pragma:
      - no-cache
      strict-transport-security:
      - max-age=31536000;includeSubDomains
      x-aspnet-version:
      - 4.0.30319
      x-content-type-options:
      - nosniff
      x-ms-keyvault-network-info:
      - conn_type=Ipv4;addr=73.135.72.237;act_addr_fam=InterNetwork;
      x-ms-keyvault-region:
      - westus
      x-ms-keyvault-service-version:
      - 1.1.10.0
      x-powered-by:
      - ASP.NET
    status:
      code: 200
      message: OK
- request:
    body: '{"kty": "RSA"}'
    headers:
      Accept:
      - application/json
      Accept-Encoding:
      - gzip, deflate
      Connection:
      - keep-alive
      Content-Length:
      - '14'
      Content-Type:
      - application/json
      User-Agent:
      - azsdk-python-keyvault-keys/4.2.0b2 Python/3.7.7 (Darwin-17.7.0-x86_64-i386-64bit)
    method: POST
    uri: https://vaultname.vault.azure.net/keys/key6/create?api-version=7.1
  response:
    body:
      string: '{"key":{"kid":"https://vaultname.vault.azure.net/keys/key6/3fed5413064d48f6a26209b63e238122","kty":"RSA","key_ops":["encrypt","decrypt","sign","verify","wrapKey","unwrapKey"],"n":"vAEluY_hijaiXAUDHyU1-1bWMOHZXvwaCXGbDNZNlSWI934HXkjWX80BVgYlXKHQHzE3Io4tBhpR7dTXZh61ILYw-5bDNeKgPogc6HzeMt7KMn5BFrghdrFC10d27hsKkyb1RqBoq8Vunqe53epdUi7ETe7lw64GpGEkmEM91LM2nMb7jF20CCZhpuNZ-TDyXf5kJSpR958BnHF8gjDXF8gXqEJ-4TJSVAna9Edy29eV64ASzlSCx9CVZXgj-nVXv5lgx5Tn2DmZk7TAiJxfA3DxqRthpGQU0efa1tittaNRK_8iUfYfASLtOoU_9yJjqtxGq1Q4TUh3PJWbNkVa5Q","e":"AQAB"},"attributes":{"enabled":true,"created":1596039165,"updated":1596039165,"recoveryLevel":"Recoverable+Purgeable","recoverableDays":90}}'
    headers:
      cache-control:
      - no-cache
      content-length:
      - '684'
      content-type:
      - application/json; charset=utf-8
      date:
      - Wed, 29 Jul 2020 16:12:44 GMT
      expires:
      - '-1'
      pragma:
      - no-cache
      strict-transport-security:
      - max-age=31536000;includeSubDomains
      x-aspnet-version:
      - 4.0.30319
      x-content-type-options:
      - nosniff
      x-ms-keyvault-network-info:
      - conn_type=Ipv4;addr=73.135.72.237;act_addr_fam=InterNetwork;
      x-ms-keyvault-region:
      - westus
      x-ms-keyvault-service-version:
      - 1.1.10.0
      x-powered-by:
      - ASP.NET
    status:
      code: 200
      message: OK
- request:
    body: null
    headers:
      Accept:
      - application/json
      Accept-Encoding:
      - gzip, deflate
      Connection:
      - keep-alive
      Content-Length:
      - '0'
      User-Agent:
      - azsdk-python-keyvault-keys/4.2.0b2 Python/3.7.7 (Darwin-17.7.0-x86_64-i386-64bit)
    method: DELETE
    uri: https://vaultname.vault.azure.net/keys/key0?api-version=7.1
  response:
    body:
      string: '{"recoveryId":"https://vaultname.vault.azure.net/deletedkeys/key0","deletedDate":1596039165,"scheduledPurgeDate":1603815165,"key":{"kid":"https://vaultname.vault.azure.net/keys/key0/89baaff3119942afb023ab285a63af5c","kty":"RSA","key_ops":["encrypt","decrypt","sign","verify","wrapKey","unwrapKey"],"n":"tbmt-AUogOK5G6tt0CurwIFxKDzbsn5HSIAxc6wD3RUuiuGklj5iNhaf7TrWL0NJ800XrwPVtsXZ4GzSFUiOP7VEHBwsv3BXEhF__MnyFnmil-LdKxgdm-ygRSySSPdVbgow1AOTGEuIFjKhvrCUc3GCSyjMTj38uhsfUS6WZDltt5d-gjaDOqLLO1U5hrOCt4PwAm0KQoLEzzc2KK_LWObUrch5aLFZUESMvKKGfrx_xKicdPJHEXeh0aB-FN1_TZILJJiQt6w1P6ei3pGb-IiPg8gM15U0_X6pPDZ4HXPCvz57QJ69HI0Kfh_dXYRvdd5YGn6rKCLowLz8jCpkWQ","e":"AQAB"},"attributes":{"enabled":true,"created":1596039163,"updated":1596039163,"recoveryLevel":"Recoverable+Purgeable","recoverableDays":90}}'
    headers:
      cache-control:
      - no-cache
      content-length:
      - '822'
      content-type:
      - application/json; charset=utf-8
      date:
      - Wed, 29 Jul 2020 16:12:44 GMT
      expires:
      - '-1'
      pragma:
      - no-cache
      strict-transport-security:
      - max-age=31536000;includeSubDomains
      x-aspnet-version:
      - 4.0.30319
      x-content-type-options:
      - nosniff
      x-ms-keyvault-network-info:
      - conn_type=Ipv4;addr=73.135.72.237;act_addr_fam=InterNetwork;
      x-ms-keyvault-region:
      - westus
      x-ms-keyvault-service-version:
      - 1.1.10.0
      x-powered-by:
      - ASP.NET
    status:
      code: 200
      message: OK
- request:
    body: null
    headers:
      Accept:
      - application/json
      Accept-Encoding:
      - gzip, deflate
      Connection:
      - keep-alive
      User-Agent:
      - azsdk-python-keyvault-keys/4.2.0b2 Python/3.7.7 (Darwin-17.7.0-x86_64-i386-64bit)
    method: GET
    uri: https://vaultname.vault.azure.net/deletedkeys/key0?api-version=7.1
  response:
    body:
      string: '{"error":{"code":"KeyNotFound","message":"Deleted Key not found: key0"}}'
    headers:
      cache-control:
      - no-cache
      content-length:
      - '72'
      content-type:
      - application/json; charset=utf-8
      date:
      - Wed, 29 Jul 2020 16:12:44 GMT
      expires:
      - '-1'
      pragma:
      - no-cache
      strict-transport-security:
      - max-age=31536000;includeSubDomains
      x-aspnet-version:
      - 4.0.30319
      x-content-type-options:
      - nosniff
      x-ms-keyvault-network-info:
      - conn_type=Ipv4;addr=73.135.72.237;act_addr_fam=InterNetwork;
      x-ms-keyvault-region:
      - westus
      x-ms-keyvault-service-version:
      - 1.1.10.0
      x-powered-by:
      - ASP.NET
    status:
      code: 404
      message: Not Found
- request:
    body: null
    headers:
      Accept:
      - application/json
      Accept-Encoding:
      - gzip, deflate
      Connection:
      - keep-alive
      User-Agent:
      - azsdk-python-keyvault-keys/4.2.0b2 Python/3.7.7 (Darwin-17.7.0-x86_64-i386-64bit)
    method: GET
    uri: https://vaultname.vault.azure.net/deletedkeys/key0?api-version=7.1
  response:
    body:
      string: '{"error":{"code":"KeyNotFound","message":"Deleted Key not found: key0"}}'
    headers:
      cache-control:
      - no-cache
      content-length:
      - '72'
      content-type:
      - application/json; charset=utf-8
      date:
      - Wed, 29 Jul 2020 16:12:46 GMT
      expires:
      - '-1'
      pragma:
      - no-cache
      strict-transport-security:
      - max-age=31536000;includeSubDomains
      x-aspnet-version:
      - 4.0.30319
      x-content-type-options:
      - nosniff
      x-ms-keyvault-network-info:
      - conn_type=Ipv4;addr=73.135.72.237;act_addr_fam=InterNetwork;
      x-ms-keyvault-region:
      - westus
      x-ms-keyvault-service-version:
      - 1.1.10.0
      x-powered-by:
      - ASP.NET
    status:
      code: 404
      message: Not Found
- request:
    body: null
    headers:
      Accept:
      - application/json
      Accept-Encoding:
      - gzip, deflate
      Connection:
      - keep-alive
      User-Agent:
      - azsdk-python-keyvault-keys/4.2.0b2 Python/3.7.7 (Darwin-17.7.0-x86_64-i386-64bit)
    method: GET
    uri: https://vaultname.vault.azure.net/deletedkeys/key0?api-version=7.1
  response:
    body:
      string: '{"error":{"code":"KeyNotFound","message":"Deleted Key not found: key0"}}'
    headers:
      cache-control:
      - no-cache
      content-length:
      - '72'
      content-type:
      - application/json; charset=utf-8
      date:
      - Wed, 29 Jul 2020 16:12:49 GMT
      expires:
      - '-1'
      pragma:
      - no-cache
      strict-transport-security:
      - max-age=31536000;includeSubDomains
      x-aspnet-version:
      - 4.0.30319
      x-content-type-options:
      - nosniff
      x-ms-keyvault-network-info:
      - conn_type=Ipv4;addr=73.135.72.237;act_addr_fam=InterNetwork;
      x-ms-keyvault-region:
      - westus
      x-ms-keyvault-service-version:
      - 1.1.10.0
      x-powered-by:
      - ASP.NET
    status:
      code: 404
      message: Not Found
- request:
    body: null
    headers:
      Accept:
      - application/json
      Accept-Encoding:
      - gzip, deflate
      Connection:
      - keep-alive
      User-Agent:
      - azsdk-python-keyvault-keys/4.2.0b2 Python/3.7.7 (Darwin-17.7.0-x86_64-i386-64bit)
    method: GET
    uri: https://vaultname.vault.azure.net/deletedkeys/key0?api-version=7.1
  response:
    body:
      string: '{"error":{"code":"KeyNotFound","message":"Deleted Key not found: key0"}}'
    headers:
      cache-control:
      - no-cache
      content-length:
      - '72'
      content-type:
      - application/json; charset=utf-8
      date:
      - Wed, 29 Jul 2020 16:12:51 GMT
      expires:
      - '-1'
      pragma:
      - no-cache
      strict-transport-security:
      - max-age=31536000;includeSubDomains
      x-aspnet-version:
      - 4.0.30319
      x-content-type-options:
      - nosniff
      x-ms-keyvault-network-info:
      - conn_type=Ipv4;addr=73.135.72.237;act_addr_fam=InterNetwork;
      x-ms-keyvault-region:
      - westus
      x-ms-keyvault-service-version:
      - 1.1.10.0
      x-powered-by:
      - ASP.NET
    status:
      code: 404
      message: Not Found
- request:
    body: null
    headers:
      Accept:
      - application/json
      Accept-Encoding:
      - gzip, deflate
      Connection:
      - keep-alive
      User-Agent:
      - azsdk-python-keyvault-keys/4.2.0b2 Python/3.7.7 (Darwin-17.7.0-x86_64-i386-64bit)
    method: GET
    uri: https://vaultname.vault.azure.net/deletedkeys/key0?api-version=7.1
  response:
    body:
      string: '{"error":{"code":"KeyNotFound","message":"Deleted Key not found: key0"}}'
    headers:
      cache-control:
      - no-cache
      content-length:
      - '72'
      content-type:
      - application/json; charset=utf-8
      date:
      - Wed, 29 Jul 2020 16:12:53 GMT
      expires:
      - '-1'
      pragma:
      - no-cache
      strict-transport-security:
      - max-age=31536000;includeSubDomains
      x-aspnet-version:
      - 4.0.30319
      x-content-type-options:
      - nosniff
      x-ms-keyvault-network-info:
      - conn_type=Ipv4;addr=73.135.72.237;act_addr_fam=InterNetwork;
      x-ms-keyvault-region:
      - westus
      x-ms-keyvault-service-version:
      - 1.1.10.0
      x-powered-by:
      - ASP.NET
    status:
      code: 404
      message: Not Found
- request:
    body: null
    headers:
      Accept:
      - application/json
      Accept-Encoding:
      - gzip, deflate
      Connection:
      - keep-alive
      User-Agent:
      - azsdk-python-keyvault-keys/4.2.0b2 Python/3.7.7 (Darwin-17.7.0-x86_64-i386-64bit)
    method: GET
    uri: https://vaultname.vault.azure.net/deletedkeys/key0?api-version=7.1
  response:
    body:
      string: '{"error":{"code":"KeyNotFound","message":"Deleted Key not found: key0"}}'
    headers:
      cache-control:
      - no-cache
      content-length:
      - '72'
      content-type:
      - application/json; charset=utf-8
      date:
      - Wed, 29 Jul 2020 16:12:55 GMT
      expires:
      - '-1'
      pragma:
      - no-cache
      strict-transport-security:
      - max-age=31536000;includeSubDomains
      x-aspnet-version:
      - 4.0.30319
      x-content-type-options:
      - nosniff
      x-ms-keyvault-network-info:
      - conn_type=Ipv4;addr=73.135.72.237;act_addr_fam=InterNetwork;
      x-ms-keyvault-region:
      - westus
      x-ms-keyvault-service-version:
      - 1.1.10.0
      x-powered-by:
      - ASP.NET
    status:
      code: 404
      message: Not Found
- request:
    body: null
    headers:
      Accept:
      - application/json
      Accept-Encoding:
      - gzip, deflate
      Connection:
      - keep-alive
      User-Agent:
      - azsdk-python-keyvault-keys/4.2.0b2 Python/3.7.7 (Darwin-17.7.0-x86_64-i386-64bit)
    method: GET
    uri: https://vaultname.vault.azure.net/deletedkeys/key0?api-version=7.1
  response:
    body:
      string: '{"error":{"code":"KeyNotFound","message":"Deleted Key not found: key0"}}'
    headers:
      cache-control:
      - no-cache
      content-length:
      - '72'
      content-type:
      - application/json; charset=utf-8
      date:
      - Wed, 29 Jul 2020 16:12:57 GMT
      expires:
      - '-1'
      pragma:
      - no-cache
      strict-transport-security:
      - max-age=31536000;includeSubDomains
      x-aspnet-version:
      - 4.0.30319
      x-content-type-options:
      - nosniff
      x-ms-keyvault-network-info:
      - conn_type=Ipv4;addr=73.135.72.237;act_addr_fam=InterNetwork;
      x-ms-keyvault-region:
      - westus
      x-ms-keyvault-service-version:
      - 1.1.10.0
      x-powered-by:
      - ASP.NET
    status:
      code: 404
      message: Not Found
- request:
    body: null
    headers:
      Accept:
      - application/json
      Accept-Encoding:
      - gzip, deflate
      Connection:
      - keep-alive
      User-Agent:
      - azsdk-python-keyvault-keys/4.2.0b2 Python/3.7.7 (Darwin-17.7.0-x86_64-i386-64bit)
    method: GET
    uri: https://vaultname.vault.azure.net/deletedkeys/key0?api-version=7.1
  response:
    body:
      string: '{"error":{"code":"KeyNotFound","message":"Deleted Key not found: key0"}}'
    headers:
      cache-control:
      - no-cache
      content-length:
      - '72'
      content-type:
      - application/json; charset=utf-8
      date:
      - Wed, 29 Jul 2020 16:12:59 GMT
      expires:
      - '-1'
      pragma:
      - no-cache
      strict-transport-security:
      - max-age=31536000;includeSubDomains
      x-aspnet-version:
      - 4.0.30319
      x-content-type-options:
      - nosniff
      x-ms-keyvault-network-info:
      - conn_type=Ipv4;addr=73.135.72.237;act_addr_fam=InterNetwork;
      x-ms-keyvault-region:
      - westus
      x-ms-keyvault-service-version:
      - 1.1.10.0
      x-powered-by:
      - ASP.NET
    status:
      code: 404
      message: Not Found
- request:
    body: null
    headers:
      Accept:
      - application/json
      Accept-Encoding:
      - gzip, deflate
      Connection:
      - keep-alive
      User-Agent:
      - azsdk-python-keyvault-keys/4.2.0b2 Python/3.7.7 (Darwin-17.7.0-x86_64-i386-64bit)
    method: GET
    uri: https://vaultname.vault.azure.net/deletedkeys/key0?api-version=7.1
  response:
    body:
      string: '{"error":{"code":"KeyNotFound","message":"Deleted Key not found: key0"}}'
    headers:
      cache-control:
      - no-cache
      content-length:
      - '72'
      content-type:
      - application/json; charset=utf-8
      date:
      - Wed, 29 Jul 2020 16:13:01 GMT
      expires:
      - '-1'
      pragma:
      - no-cache
      strict-transport-security:
      - max-age=31536000;includeSubDomains
      x-aspnet-version:
      - 4.0.30319
      x-content-type-options:
      - nosniff
      x-ms-keyvault-network-info:
      - conn_type=Ipv4;addr=73.135.72.237;act_addr_fam=InterNetwork;
      x-ms-keyvault-region:
      - westus
      x-ms-keyvault-service-version:
      - 1.1.10.0
      x-powered-by:
      - ASP.NET
    status:
      code: 404
      message: Not Found
- request:
    body: null
    headers:
      Accept:
      - application/json
      Accept-Encoding:
      - gzip, deflate
      Connection:
      - keep-alive
      User-Agent:
      - azsdk-python-keyvault-keys/4.2.0b2 Python/3.7.7 (Darwin-17.7.0-x86_64-i386-64bit)
    method: GET
    uri: https://vaultname.vault.azure.net/deletedkeys/key0?api-version=7.1
  response:
    body:
      string: '{"error":{"code":"KeyNotFound","message":"Deleted Key not found: key0"}}'
    headers:
      cache-control:
      - no-cache
      content-length:
      - '72'
      content-type:
      - application/json; charset=utf-8
      date:
      - Wed, 29 Jul 2020 16:13:03 GMT
      expires:
      - '-1'
      pragma:
      - no-cache
      strict-transport-security:
      - max-age=31536000;includeSubDomains
      x-aspnet-version:
      - 4.0.30319
      x-content-type-options:
      - nosniff
      x-ms-keyvault-network-info:
      - conn_type=Ipv4;addr=73.135.72.237;act_addr_fam=InterNetwork;
      x-ms-keyvault-region:
      - westus
      x-ms-keyvault-service-version:
      - 1.1.10.0
      x-powered-by:
      - ASP.NET
    status:
      code: 404
      message: Not Found
- request:
    body: null
    headers:
      Accept:
      - application/json
      Accept-Encoding:
      - gzip, deflate
      Connection:
      - keep-alive
      User-Agent:
      - azsdk-python-keyvault-keys/4.2.0b2 Python/3.7.7 (Darwin-17.7.0-x86_64-i386-64bit)
    method: GET
    uri: https://vaultname.vault.azure.net/deletedkeys/key0?api-version=7.1
  response:
    body:
      string: '{"error":{"code":"KeyNotFound","message":"Deleted Key not found: key0"}}'
    headers:
      cache-control:
      - no-cache
      content-length:
      - '72'
      content-type:
      - application/json; charset=utf-8
      date:
      - Wed, 29 Jul 2020 16:13:05 GMT
      expires:
      - '-1'
      pragma:
      - no-cache
      strict-transport-security:
      - max-age=31536000;includeSubDomains
      x-aspnet-version:
      - 4.0.30319
      x-content-type-options:
      - nosniff
      x-ms-keyvault-network-info:
      - conn_type=Ipv4;addr=73.135.72.237;act_addr_fam=InterNetwork;
      x-ms-keyvault-region:
      - westus
      x-ms-keyvault-service-version:
      - 1.1.10.0
      x-powered-by:
      - ASP.NET
    status:
      code: 404
      message: Not Found
- request:
    body: null
    headers:
      Accept:
      - application/json
      Accept-Encoding:
      - gzip, deflate
      Connection:
      - keep-alive
      User-Agent:
      - azsdk-python-keyvault-keys/4.2.0b2 Python/3.7.7 (Darwin-17.7.0-x86_64-i386-64bit)
    method: GET
    uri: https://vaultname.vault.azure.net/deletedkeys/key0?api-version=7.1
  response:
    body:
      string: '{"recoveryId":"https://vaultname.vault.azure.net/deletedkeys/key0","deletedDate":1596039165,"scheduledPurgeDate":1603815165,"key":{"kid":"https://vaultname.vault.azure.net/keys/key0/89baaff3119942afb023ab285a63af5c","kty":"RSA","key_ops":["encrypt","decrypt","sign","verify","wrapKey","unwrapKey"],"n":"tbmt-AUogOK5G6tt0CurwIFxKDzbsn5HSIAxc6wD3RUuiuGklj5iNhaf7TrWL0NJ800XrwPVtsXZ4GzSFUiOP7VEHBwsv3BXEhF__MnyFnmil-LdKxgdm-ygRSySSPdVbgow1AOTGEuIFjKhvrCUc3GCSyjMTj38uhsfUS6WZDltt5d-gjaDOqLLO1U5hrOCt4PwAm0KQoLEzzc2KK_LWObUrch5aLFZUESMvKKGfrx_xKicdPJHEXeh0aB-FN1_TZILJJiQt6w1P6ei3pGb-IiPg8gM15U0_X6pPDZ4HXPCvz57QJ69HI0Kfh_dXYRvdd5YGn6rKCLowLz8jCpkWQ","e":"AQAB"},"attributes":{"enabled":true,"created":1596039163,"updated":1596039163,"recoveryLevel":"Recoverable+Purgeable","recoverableDays":90}}'
    headers:
      cache-control:
      - no-cache
      content-length:
      - '822'
      content-type:
      - application/json; charset=utf-8
      date:
      - Wed, 29 Jul 2020 16:13:07 GMT
      expires:
      - '-1'
      pragma:
      - no-cache
      strict-transport-security:
      - max-age=31536000;includeSubDomains
      x-aspnet-version:
      - 4.0.30319
      x-content-type-options:
      - nosniff
      x-ms-keyvault-network-info:
      - conn_type=Ipv4;addr=73.135.72.237;act_addr_fam=InterNetwork;
      x-ms-keyvault-region:
      - westus
      x-ms-keyvault-service-version:
      - 1.1.10.0
      x-powered-by:
      - ASP.NET
    status:
      code: 200
      message: OK
- request:
    body: null
    headers:
      Accept:
      - application/json
      Accept-Encoding:
      - gzip, deflate
      Connection:
      - keep-alive
      Content-Length:
      - '0'
      User-Agent:
      - azsdk-python-keyvault-keys/4.2.0b2 Python/3.7.7 (Darwin-17.7.0-x86_64-i386-64bit)
    method: DELETE
    uri: https://vaultname.vault.azure.net/keys/key1?api-version=7.1
  response:
    body:
      string: '{"recoveryId":"https://vaultname.vault.azure.net/deletedkeys/key1","deletedDate":1596039188,"scheduledPurgeDate":1603815188,"key":{"kid":"https://vaultname.vault.azure.net/keys/key1/7abcb59a3f4a486dae1b9e8b0f0746b8","kty":"RSA","key_ops":["encrypt","decrypt","sign","verify","wrapKey","unwrapKey"],"n":"oyQKg1Z3TPWhMGv25MgCDp84VjFSgSqJin0TatFHajU5VcSRr7xKcPuWmV9SPtysHo9pJIAm191hFDK2TM1sA_GGd_G0OdH_7tkTpS6KytyOsYVOQb_zlcEnWNRe-SY-HcEYN2tIdia59bZZDB3AETxp6WcCdVn-gjjQRKEHA6NEoDblPcnnTsc1fcNnWlQ9HoqYiDkWkNAY8299sroaWzeBlRmGGvOLAdTXAyskHlO2ehp1f-6K7Ae85UOkNTNo6YcjsmmR0LhLm8gUifGuAOYwouJAjDv98RN2UVfQU71FEuSO18eNphyYhXOL7YSFLdCiLDBFepzq9OG5hM5oMw","e":"AQAB"},"attributes":{"enabled":true,"created":1596039163,"updated":1596039163,"recoveryLevel":"Recoverable+Purgeable","recoverableDays":90}}'
    headers:
      cache-control:
      - no-cache
      content-length:
      - '822'
      content-type:
      - application/json; charset=utf-8
      date:
      - Wed, 29 Jul 2020 16:13:07 GMT
      expires:
      - '-1'
      pragma:
      - no-cache
      strict-transport-security:
      - max-age=31536000;includeSubDomains
      x-aspnet-version:
      - 4.0.30319
      x-content-type-options:
      - nosniff
      x-ms-keyvault-network-info:
      - conn_type=Ipv4;addr=73.135.72.237;act_addr_fam=InterNetwork;
      x-ms-keyvault-region:
      - westus
      x-ms-keyvault-service-version:
      - 1.1.10.0
      x-powered-by:
      - ASP.NET
    status:
      code: 200
      message: OK
- request:
    body: null
    headers:
      Accept:
      - application/json
      Accept-Encoding:
      - gzip, deflate
      Connection:
      - keep-alive
      User-Agent:
      - azsdk-python-keyvault-keys/4.2.0b2 Python/3.7.7 (Darwin-17.7.0-x86_64-i386-64bit)
    method: GET
    uri: https://vaultname.vault.azure.net/deletedkeys/key1?api-version=7.1
  response:
    body:
      string: '{"error":{"code":"KeyNotFound","message":"Deleted Key not found: key1"}}'
    headers:
      cache-control:
      - no-cache
      content-length:
      - '72'
      content-type:
      - application/json; charset=utf-8
      date:
      - Wed, 29 Jul 2020 16:13:08 GMT
      expires:
      - '-1'
      pragma:
      - no-cache
      strict-transport-security:
      - max-age=31536000;includeSubDomains
      x-aspnet-version:
      - 4.0.30319
      x-content-type-options:
      - nosniff
      x-ms-keyvault-network-info:
      - conn_type=Ipv4;addr=73.135.72.237;act_addr_fam=InterNetwork;
      x-ms-keyvault-region:
      - westus
      x-ms-keyvault-service-version:
      - 1.1.10.0
      x-powered-by:
      - ASP.NET
    status:
      code: 404
      message: Not Found
- request:
    body: null
    headers:
      Accept:
      - application/json
      Accept-Encoding:
      - gzip, deflate
      Connection:
      - keep-alive
      User-Agent:
      - azsdk-python-keyvault-keys/4.2.0b2 Python/3.7.7 (Darwin-17.7.0-x86_64-i386-64bit)
    method: GET
    uri: https://vaultname.vault.azure.net/deletedkeys/key1?api-version=7.1
  response:
    body:
      string: '{"error":{"code":"KeyNotFound","message":"Deleted Key not found: key1"}}'
    headers:
      cache-control:
      - no-cache
      content-length:
      - '72'
      content-type:
      - application/json; charset=utf-8
      date:
      - Wed, 29 Jul 2020 16:13:10 GMT
      expires:
      - '-1'
      pragma:
      - no-cache
      strict-transport-security:
      - max-age=31536000;includeSubDomains
      x-aspnet-version:
      - 4.0.30319
      x-content-type-options:
      - nosniff
      x-ms-keyvault-network-info:
      - conn_type=Ipv4;addr=73.135.72.237;act_addr_fam=InterNetwork;
      x-ms-keyvault-region:
      - westus
      x-ms-keyvault-service-version:
      - 1.1.10.0
      x-powered-by:
      - ASP.NET
    status:
      code: 404
      message: Not Found
- request:
    body: null
    headers:
      Accept:
      - application/json
      Accept-Encoding:
      - gzip, deflate
      Connection:
      - keep-alive
      User-Agent:
      - azsdk-python-keyvault-keys/4.2.0b2 Python/3.7.7 (Darwin-17.7.0-x86_64-i386-64bit)
    method: GET
    uri: https://vaultname.vault.azure.net/deletedkeys/key1?api-version=7.1
  response:
    body:
      string: '{"error":{"code":"KeyNotFound","message":"Deleted Key not found: key1"}}'
    headers:
      cache-control:
      - no-cache
      content-length:
      - '72'
      content-type:
      - application/json; charset=utf-8
      date:
      - Wed, 29 Jul 2020 16:13:12 GMT
      expires:
      - '-1'
      pragma:
      - no-cache
      strict-transport-security:
      - max-age=31536000;includeSubDomains
      x-aspnet-version:
      - 4.0.30319
      x-content-type-options:
      - nosniff
      x-ms-keyvault-network-info:
      - conn_type=Ipv4;addr=73.135.72.237;act_addr_fam=InterNetwork;
      x-ms-keyvault-region:
      - westus
      x-ms-keyvault-service-version:
      - 1.1.10.0
      x-powered-by:
      - ASP.NET
    status:
      code: 404
      message: Not Found
- request:
    body: null
    headers:
      Accept:
      - application/json
      Accept-Encoding:
      - gzip, deflate
      Connection:
      - keep-alive
      User-Agent:
      - azsdk-python-keyvault-keys/4.2.0b2 Python/3.7.7 (Darwin-17.7.0-x86_64-i386-64bit)
    method: GET
    uri: https://vaultname.vault.azure.net/deletedkeys/key1?api-version=7.1
  response:
    body:
      string: '{"error":{"code":"KeyNotFound","message":"Deleted Key not found: key1"}}'
    headers:
      cache-control:
      - no-cache
      content-length:
      - '72'
      content-type:
      - application/json; charset=utf-8
      date:
      - Wed, 29 Jul 2020 16:13:15 GMT
      expires:
      - '-1'
      pragma:
      - no-cache
      strict-transport-security:
      - max-age=31536000;includeSubDomains
      x-aspnet-version:
      - 4.0.30319
      x-content-type-options:
      - nosniff
      x-ms-keyvault-network-info:
      - conn_type=Ipv4;addr=73.135.72.237;act_addr_fam=InterNetwork;
      x-ms-keyvault-region:
      - westus
      x-ms-keyvault-service-version:
      - 1.1.10.0
      x-powered-by:
      - ASP.NET
    status:
      code: 404
      message: Not Found
- request:
    body: null
    headers:
      Accept:
      - application/json
      Accept-Encoding:
      - gzip, deflate
      Connection:
      - keep-alive
      User-Agent:
      - azsdk-python-keyvault-keys/4.2.0b2 Python/3.7.7 (Darwin-17.7.0-x86_64-i386-64bit)
    method: GET
    uri: https://vaultname.vault.azure.net/deletedkeys/key1?api-version=7.1
  response:
    body:
      string: '{"error":{"code":"KeyNotFound","message":"Deleted Key not found: key1"}}'
    headers:
      cache-control:
      - no-cache
      content-length:
      - '72'
      content-type:
      - application/json; charset=utf-8
      date:
      - Wed, 29 Jul 2020 16:13:17 GMT
      expires:
      - '-1'
      pragma:
      - no-cache
      strict-transport-security:
      - max-age=31536000;includeSubDomains
      x-aspnet-version:
      - 4.0.30319
      x-content-type-options:
      - nosniff
      x-ms-keyvault-network-info:
      - conn_type=Ipv4;addr=73.135.72.237;act_addr_fam=InterNetwork;
      x-ms-keyvault-region:
      - westus
      x-ms-keyvault-service-version:
      - 1.1.10.0
      x-powered-by:
      - ASP.NET
    status:
      code: 404
      message: Not Found
- request:
    body: null
    headers:
      Accept:
      - application/json
      Accept-Encoding:
      - gzip, deflate
      Connection:
      - keep-alive
      User-Agent:
      - azsdk-python-keyvault-keys/4.2.0b2 Python/3.7.7 (Darwin-17.7.0-x86_64-i386-64bit)
    method: GET
    uri: https://vaultname.vault.azure.net/deletedkeys/key1?api-version=7.1
  response:
    body:
      string: '{"error":{"code":"KeyNotFound","message":"Deleted Key not found: key1"}}'
    headers:
      cache-control:
      - no-cache
      content-length:
      - '72'
      content-type:
      - application/json; charset=utf-8
      date:
      - Wed, 29 Jul 2020 16:13:19 GMT
      expires:
      - '-1'
      pragma:
      - no-cache
      strict-transport-security:
      - max-age=31536000;includeSubDomains
      x-aspnet-version:
      - 4.0.30319
      x-content-type-options:
      - nosniff
      x-ms-keyvault-network-info:
      - conn_type=Ipv4;addr=73.135.72.237;act_addr_fam=InterNetwork;
      x-ms-keyvault-region:
      - westus
      x-ms-keyvault-service-version:
      - 1.1.10.0
      x-powered-by:
      - ASP.NET
    status:
      code: 404
      message: Not Found
- request:
    body: null
    headers:
      Accept:
      - application/json
      Accept-Encoding:
      - gzip, deflate
      Connection:
      - keep-alive
      User-Agent:
      - azsdk-python-keyvault-keys/4.2.0b2 Python/3.7.7 (Darwin-17.7.0-x86_64-i386-64bit)
    method: GET
    uri: https://vaultname.vault.azure.net/deletedkeys/key1?api-version=7.1
  response:
    body:
      string: '{"error":{"code":"KeyNotFound","message":"Deleted Key not found: key1"}}'
    headers:
      cache-control:
      - no-cache
      content-length:
      - '72'
      content-type:
      - application/json; charset=utf-8
      date:
      - Wed, 29 Jul 2020 16:13:21 GMT
      expires:
      - '-1'
      pragma:
      - no-cache
      strict-transport-security:
      - max-age=31536000;includeSubDomains
      x-aspnet-version:
      - 4.0.30319
      x-content-type-options:
      - nosniff
      x-ms-keyvault-network-info:
      - conn_type=Ipv4;addr=73.135.72.237;act_addr_fam=InterNetwork;
      x-ms-keyvault-region:
      - westus
      x-ms-keyvault-service-version:
      - 1.1.10.0
      x-powered-by:
      - ASP.NET
    status:
      code: 404
      message: Not Found
- request:
    body: null
    headers:
      Accept:
      - application/json
      Accept-Encoding:
      - gzip, deflate
      Connection:
      - keep-alive
      User-Agent:
      - azsdk-python-keyvault-keys/4.2.0b2 Python/3.7.7 (Darwin-17.7.0-x86_64-i386-64bit)
    method: GET
    uri: https://vaultname.vault.azure.net/deletedkeys/key1?api-version=7.1
  response:
    body:
      string: '{"error":{"code":"KeyNotFound","message":"Deleted Key not found: key1"}}'
    headers:
      cache-control:
      - no-cache
      content-length:
      - '72'
      content-type:
      - application/json; charset=utf-8
      date:
      - Wed, 29 Jul 2020 16:13:23 GMT
      expires:
      - '-1'
      pragma:
      - no-cache
      strict-transport-security:
      - max-age=31536000;includeSubDomains
      x-aspnet-version:
      - 4.0.30319
      x-content-type-options:
      - nosniff
      x-ms-keyvault-network-info:
      - conn_type=Ipv4;addr=73.135.72.237;act_addr_fam=InterNetwork;
      x-ms-keyvault-region:
      - westus
      x-ms-keyvault-service-version:
      - 1.1.10.0
      x-powered-by:
      - ASP.NET
    status:
      code: 404
      message: Not Found
- request:
    body: null
    headers:
      Accept:
      - application/json
      Accept-Encoding:
      - gzip, deflate
      Connection:
      - keep-alive
      User-Agent:
      - azsdk-python-keyvault-keys/4.2.0b2 Python/3.7.7 (Darwin-17.7.0-x86_64-i386-64bit)
    method: GET
    uri: https://vaultname.vault.azure.net/deletedkeys/key1?api-version=7.1
  response:
    body:
      string: '{"error":{"code":"KeyNotFound","message":"Deleted Key not found: key1"}}'
    headers:
      cache-control:
      - no-cache
      content-length:
      - '72'
      content-type:
      - application/json; charset=utf-8
      date:
      - Wed, 29 Jul 2020 16:13:25 GMT
      expires:
      - '-1'
      pragma:
      - no-cache
      strict-transport-security:
      - max-age=31536000;includeSubDomains
      x-aspnet-version:
      - 4.0.30319
      x-content-type-options:
      - nosniff
      x-ms-keyvault-network-info:
      - conn_type=Ipv4;addr=73.135.72.237;act_addr_fam=InterNetwork;
      x-ms-keyvault-region:
      - westus
      x-ms-keyvault-service-version:
      - 1.1.10.0
      x-powered-by:
      - ASP.NET
    status:
      code: 404
      message: Not Found
- request:
    body: null
    headers:
      Accept:
      - application/json
      Accept-Encoding:
      - gzip, deflate
      Connection:
      - keep-alive
      User-Agent:
      - azsdk-python-keyvault-keys/4.2.0b2 Python/3.7.7 (Darwin-17.7.0-x86_64-i386-64bit)
    method: GET
    uri: https://vaultname.vault.azure.net/deletedkeys/key1?api-version=7.1
  response:
    body:
      string: '{"error":{"code":"KeyNotFound","message":"Deleted Key not found: key1"}}'
    headers:
      cache-control:
      - no-cache
      content-length:
      - '72'
      content-type:
      - application/json; charset=utf-8
      date:
      - Wed, 29 Jul 2020 16:13:27 GMT
      expires:
      - '-1'
      pragma:
      - no-cache
      strict-transport-security:
      - max-age=31536000;includeSubDomains
      x-aspnet-version:
      - 4.0.30319
      x-content-type-options:
      - nosniff
      x-ms-keyvault-network-info:
      - conn_type=Ipv4;addr=73.135.72.237;act_addr_fam=InterNetwork;
      x-ms-keyvault-region:
      - westus
      x-ms-keyvault-service-version:
      - 1.1.10.0
      x-powered-by:
      - ASP.NET
    status:
      code: 404
      message: Not Found
- request:
    body: null
    headers:
      Accept:
      - application/json
      Accept-Encoding:
      - gzip, deflate
      Connection:
      - keep-alive
      User-Agent:
      - azsdk-python-keyvault-keys/4.2.0b2 Python/3.7.7 (Darwin-17.7.0-x86_64-i386-64bit)
    method: GET
    uri: https://vaultname.vault.azure.net/deletedkeys/key1?api-version=7.1
  response:
    body:
      string: '{"error":{"code":"KeyNotFound","message":"Deleted Key not found: key1"}}'
    headers:
      cache-control:
      - no-cache
      content-length:
      - '72'
      content-type:
      - application/json; charset=utf-8
      date:
      - Wed, 29 Jul 2020 16:13:29 GMT
      expires:
      - '-1'
      pragma:
      - no-cache
      strict-transport-security:
      - max-age=31536000;includeSubDomains
      x-aspnet-version:
      - 4.0.30319
      x-content-type-options:
      - nosniff
      x-ms-keyvault-network-info:
      - conn_type=Ipv4;addr=73.135.72.237;act_addr_fam=InterNetwork;
      x-ms-keyvault-region:
      - westus
      x-ms-keyvault-service-version:
      - 1.1.10.0
      x-powered-by:
      - ASP.NET
    status:
      code: 404
      message: Not Found
- request:
    body: null
    headers:
      Accept:
      - application/json
      Accept-Encoding:
      - gzip, deflate
      Connection:
      - keep-alive
      User-Agent:
      - azsdk-python-keyvault-keys/4.2.0b2 Python/3.7.7 (Darwin-17.7.0-x86_64-i386-64bit)
    method: GET
    uri: https://vaultname.vault.azure.net/deletedkeys/key1?api-version=7.1
  response:
    body:
      string: '{"error":{"code":"KeyNotFound","message":"Deleted Key not found: key1"}}'
    headers:
      cache-control:
      - no-cache
      content-length:
      - '72'
      content-type:
      - application/json; charset=utf-8
      date:
      - Wed, 29 Jul 2020 16:13:31 GMT
      expires:
      - '-1'
      pragma:
      - no-cache
      strict-transport-security:
      - max-age=31536000;includeSubDomains
      x-aspnet-version:
      - 4.0.30319
      x-content-type-options:
      - nosniff
      x-ms-keyvault-network-info:
      - conn_type=Ipv4;addr=73.135.72.237;act_addr_fam=InterNetwork;
      x-ms-keyvault-region:
      - westus
      x-ms-keyvault-service-version:
      - 1.1.10.0
      x-powered-by:
      - ASP.NET
    status:
      code: 404
      message: Not Found
- request:
    body: null
    headers:
      Accept:
      - application/json
      Accept-Encoding:
      - gzip, deflate
      Connection:
      - keep-alive
      User-Agent:
      - azsdk-python-keyvault-keys/4.2.0b2 Python/3.7.7 (Darwin-17.7.0-x86_64-i386-64bit)
    method: GET
    uri: https://vaultname.vault.azure.net/deletedkeys/key1?api-version=7.1
  response:
    body:
      string: '{"error":{"code":"KeyNotFound","message":"Deleted Key not found: key1"}}'
    headers:
      cache-control:
      - no-cache
      content-length:
      - '72'
      content-type:
      - application/json; charset=utf-8
      date:
      - Wed, 29 Jul 2020 16:13:33 GMT
      expires:
      - '-1'
      pragma:
      - no-cache
      strict-transport-security:
      - max-age=31536000;includeSubDomains
      x-aspnet-version:
      - 4.0.30319
      x-content-type-options:
      - nosniff
      x-ms-keyvault-network-info:
      - conn_type=Ipv4;addr=73.135.72.237;act_addr_fam=InterNetwork;
      x-ms-keyvault-region:
      - westus
      x-ms-keyvault-service-version:
      - 1.1.10.0
      x-powered-by:
      - ASP.NET
    status:
      code: 404
      message: Not Found
- request:
    body: null
    headers:
      Accept:
      - application/json
      Accept-Encoding:
      - gzip, deflate
      Connection:
      - keep-alive
      User-Agent:
      - azsdk-python-keyvault-keys/4.2.0b2 Python/3.7.7 (Darwin-17.7.0-x86_64-i386-64bit)
    method: GET
    uri: https://vaultname.vault.azure.net/deletedkeys/key1?api-version=7.1
  response:
    body:
      string: '{"error":{"code":"KeyNotFound","message":"Deleted Key not found: key1"}}'
    headers:
      cache-control:
      - no-cache
      content-length:
      - '72'
      content-type:
      - application/json; charset=utf-8
      date:
      - Wed, 29 Jul 2020 16:13:35 GMT
      expires:
      - '-1'
      pragma:
      - no-cache
      strict-transport-security:
      - max-age=31536000;includeSubDomains
      x-aspnet-version:
      - 4.0.30319
      x-content-type-options:
      - nosniff
      x-ms-keyvault-network-info:
      - conn_type=Ipv4;addr=73.135.72.237;act_addr_fam=InterNetwork;
      x-ms-keyvault-region:
      - westus
      x-ms-keyvault-service-version:
      - 1.1.10.0
      x-powered-by:
      - ASP.NET
    status:
      code: 404
      message: Not Found
- request:
    body: null
    headers:
      Accept:
      - application/json
      Accept-Encoding:
      - gzip, deflate
      Connection:
      - keep-alive
      User-Agent:
      - azsdk-python-keyvault-keys/4.2.0b2 Python/3.7.7 (Darwin-17.7.0-x86_64-i386-64bit)
    method: GET
    uri: https://vaultname.vault.azure.net/deletedkeys/key1?api-version=7.1
  response:
    body:
      string: '{"recoveryId":"https://vaultname.vault.azure.net/deletedkeys/key1","deletedDate":1596039188,"scheduledPurgeDate":1603815188,"key":{"kid":"https://vaultname.vault.azure.net/keys/key1/7abcb59a3f4a486dae1b9e8b0f0746b8","kty":"RSA","key_ops":["encrypt","decrypt","sign","verify","wrapKey","unwrapKey"],"n":"oyQKg1Z3TPWhMGv25MgCDp84VjFSgSqJin0TatFHajU5VcSRr7xKcPuWmV9SPtysHo9pJIAm191hFDK2TM1sA_GGd_G0OdH_7tkTpS6KytyOsYVOQb_zlcEnWNRe-SY-HcEYN2tIdia59bZZDB3AETxp6WcCdVn-gjjQRKEHA6NEoDblPcnnTsc1fcNnWlQ9HoqYiDkWkNAY8299sroaWzeBlRmGGvOLAdTXAyskHlO2ehp1f-6K7Ae85UOkNTNo6YcjsmmR0LhLm8gUifGuAOYwouJAjDv98RN2UVfQU71FEuSO18eNphyYhXOL7YSFLdCiLDBFepzq9OG5hM5oMw","e":"AQAB"},"attributes":{"enabled":true,"created":1596039163,"updated":1596039163,"recoveryLevel":"Recoverable+Purgeable","recoverableDays":90}}'
    headers:
      cache-control:
      - no-cache
      content-length:
      - '822'
      content-type:
      - application/json; charset=utf-8
      date:
      - Wed, 29 Jul 2020 16:13:37 GMT
      expires:
      - '-1'
      pragma:
      - no-cache
      strict-transport-security:
      - max-age=31536000;includeSubDomains
      x-aspnet-version:
      - 4.0.30319
      x-content-type-options:
      - nosniff
      x-ms-keyvault-network-info:
      - conn_type=Ipv4;addr=73.135.72.237;act_addr_fam=InterNetwork;
      x-ms-keyvault-region:
      - westus
      x-ms-keyvault-service-version:
      - 1.1.10.0
      x-powered-by:
      - ASP.NET
    status:
      code: 200
      message: OK
- request:
    body: null
    headers:
      Accept:
      - application/json
      Accept-Encoding:
      - gzip, deflate
      Connection:
      - keep-alive
      Content-Length:
      - '0'
      User-Agent:
      - azsdk-python-keyvault-keys/4.2.0b2 Python/3.7.7 (Darwin-17.7.0-x86_64-i386-64bit)
    method: DELETE
    uri: https://vaultname.vault.azure.net/keys/key2?api-version=7.1
  response:
    body:
      string: '{"recoveryId":"https://vaultname.vault.azure.net/deletedkeys/key2","deletedDate":1596039218,"scheduledPurgeDate":1603815218,"key":{"kid":"https://vaultname.vault.azure.net/keys/key2/20c18d1d908f411a99bc3dbdf2434662","kty":"RSA","key_ops":["encrypt","decrypt","sign","verify","wrapKey","unwrapKey"],"n":"uL-NMtZHFUIRRU9C9H5y9mP4104fpHEmlcAqaCvJ45IqsAp9TG_7R_I9HOt546e7USwESzJ_NASMarzpQm8OSCcRJ_xcMoLv9arMGMxtaQ5wYq51a9WM9ihq5MuKYK5xFOoMsLmrvsioBSlde5QZp1zxnSFZNgCIPXSDaNSVhjlKpaaqwlv1DDrmAbM-uilYKQBvZ05x5T2mC4T2RWPL8_LZj6B6zR7ACgvsdfL31akTdmgsJBXnPXJhRNB_ZOSJxeM1Xod3FCT56suwHHNfC54lNw2igy2totuBJsL3q2u7Oy_SR_2ON1P8rMsjY8hV2_OsP1mta8hvYE2RvdL7SQ","e":"AQAB"},"attributes":{"enabled":true,"created":1596039164,"updated":1596039164,"recoveryLevel":"Recoverable+Purgeable","recoverableDays":90}}'
    headers:
      cache-control:
      - no-cache
      content-length:
      - '822'
      content-type:
      - application/json; charset=utf-8
      date:
      - Wed, 29 Jul 2020 16:13:37 GMT
      expires:
      - '-1'
      pragma:
      - no-cache
      strict-transport-security:
      - max-age=31536000;includeSubDomains
      x-aspnet-version:
      - 4.0.30319
      x-content-type-options:
      - nosniff
      x-ms-keyvault-network-info:
      - conn_type=Ipv4;addr=73.135.72.237;act_addr_fam=InterNetwork;
      x-ms-keyvault-region:
      - westus
      x-ms-keyvault-service-version:
      - 1.1.10.0
      x-powered-by:
      - ASP.NET
    status:
      code: 200
      message: OK
- request:
    body: null
    headers:
      Accept:
      - application/json
      Accept-Encoding:
      - gzip, deflate
      Connection:
      - keep-alive
      User-Agent:
      - azsdk-python-keyvault-keys/4.2.0b2 Python/3.7.7 (Darwin-17.7.0-x86_64-i386-64bit)
    method: GET
    uri: https://vaultname.vault.azure.net/deletedkeys/key2?api-version=7.1
  response:
    body:
      string: '{"error":{"code":"KeyNotFound","message":"Deleted Key not found: key2"}}'
    headers:
      cache-control:
      - no-cache
      content-length:
      - '72'
      content-type:
      - application/json; charset=utf-8
      date:
      - Wed, 29 Jul 2020 16:13:37 GMT
      expires:
      - '-1'
      pragma:
      - no-cache
      strict-transport-security:
      - max-age=31536000;includeSubDomains
      x-aspnet-version:
      - 4.0.30319
      x-content-type-options:
      - nosniff
      x-ms-keyvault-network-info:
      - conn_type=Ipv4;addr=73.135.72.237;act_addr_fam=InterNetwork;
      x-ms-keyvault-region:
      - westus
      x-ms-keyvault-service-version:
      - 1.1.10.0
      x-powered-by:
      - ASP.NET
    status:
      code: 404
      message: Not Found
- request:
    body: null
    headers:
      Accept:
      - application/json
      Accept-Encoding:
      - gzip, deflate
      Connection:
      - keep-alive
      User-Agent:
      - azsdk-python-keyvault-keys/4.2.0b2 Python/3.7.7 (Darwin-17.7.0-x86_64-i386-64bit)
    method: GET
    uri: https://vaultname.vault.azure.net/deletedkeys/key2?api-version=7.1
  response:
    body:
      string: '{"error":{"code":"KeyNotFound","message":"Deleted Key not found: key2"}}'
    headers:
      cache-control:
      - no-cache
      content-length:
      - '72'
      content-type:
      - application/json; charset=utf-8
      date:
      - Wed, 29 Jul 2020 16:13:39 GMT
      expires:
      - '-1'
      pragma:
      - no-cache
      strict-transport-security:
      - max-age=31536000;includeSubDomains
      x-aspnet-version:
      - 4.0.30319
      x-content-type-options:
      - nosniff
      x-ms-keyvault-network-info:
      - conn_type=Ipv4;addr=73.135.72.237;act_addr_fam=InterNetwork;
      x-ms-keyvault-region:
      - westus
      x-ms-keyvault-service-version:
      - 1.1.10.0
      x-powered-by:
      - ASP.NET
    status:
      code: 404
      message: Not Found
- request:
    body: null
    headers:
      Accept:
      - application/json
      Accept-Encoding:
      - gzip, deflate
      Connection:
      - keep-alive
      User-Agent:
      - azsdk-python-keyvault-keys/4.2.0b2 Python/3.7.7 (Darwin-17.7.0-x86_64-i386-64bit)
    method: GET
    uri: https://vaultname.vault.azure.net/deletedkeys/key2?api-version=7.1
  response:
    body:
      string: '{"error":{"code":"KeyNotFound","message":"Deleted Key not found: key2"}}'
    headers:
      cache-control:
      - no-cache
      content-length:
      - '72'
      content-type:
      - application/json; charset=utf-8
      date:
      - Wed, 29 Jul 2020 16:13:41 GMT
      expires:
      - '-1'
      pragma:
      - no-cache
      strict-transport-security:
      - max-age=31536000;includeSubDomains
      x-aspnet-version:
      - 4.0.30319
      x-content-type-options:
      - nosniff
      x-ms-keyvault-network-info:
      - conn_type=Ipv4;addr=73.135.72.237;act_addr_fam=InterNetwork;
      x-ms-keyvault-region:
      - westus
      x-ms-keyvault-service-version:
      - 1.1.10.0
      x-powered-by:
      - ASP.NET
    status:
      code: 404
      message: Not Found
- request:
    body: null
    headers:
      Accept:
      - application/json
      Accept-Encoding:
      - gzip, deflate
      Connection:
      - keep-alive
      User-Agent:
      - azsdk-python-keyvault-keys/4.2.0b2 Python/3.7.7 (Darwin-17.7.0-x86_64-i386-64bit)
    method: GET
    uri: https://vaultname.vault.azure.net/deletedkeys/key2?api-version=7.1
  response:
    body:
      string: '{"error":{"code":"KeyNotFound","message":"Deleted Key not found: key2"}}'
    headers:
      cache-control:
      - no-cache
      content-length:
      - '72'
      content-type:
      - application/json; charset=utf-8
      date:
      - Wed, 29 Jul 2020 16:13:43 GMT
      expires:
      - '-1'
      pragma:
      - no-cache
      strict-transport-security:
      - max-age=31536000;includeSubDomains
      x-aspnet-version:
      - 4.0.30319
      x-content-type-options:
      - nosniff
      x-ms-keyvault-network-info:
      - conn_type=Ipv4;addr=73.135.72.237;act_addr_fam=InterNetwork;
      x-ms-keyvault-region:
      - westus
      x-ms-keyvault-service-version:
      - 1.1.10.0
      x-powered-by:
      - ASP.NET
    status:
      code: 404
      message: Not Found
- request:
    body: null
    headers:
      Accept:
      - application/json
      Accept-Encoding:
      - gzip, deflate
      Connection:
      - keep-alive
      User-Agent:
      - azsdk-python-keyvault-keys/4.2.0b2 Python/3.7.7 (Darwin-17.7.0-x86_64-i386-64bit)
    method: GET
    uri: https://vaultname.vault.azure.net/deletedkeys/key2?api-version=7.1
  response:
    body:
      string: '{"error":{"code":"KeyNotFound","message":"Deleted Key not found: key2"}}'
    headers:
      cache-control:
      - no-cache
      content-length:
      - '72'
      content-type:
      - application/json; charset=utf-8
      date:
      - Wed, 29 Jul 2020 16:13:46 GMT
      expires:
      - '-1'
      pragma:
      - no-cache
      strict-transport-security:
      - max-age=31536000;includeSubDomains
      x-aspnet-version:
      - 4.0.30319
      x-content-type-options:
      - nosniff
      x-ms-keyvault-network-info:
      - conn_type=Ipv4;addr=73.135.72.237;act_addr_fam=InterNetwork;
      x-ms-keyvault-region:
      - westus
      x-ms-keyvault-service-version:
      - 1.1.10.0
      x-powered-by:
      - ASP.NET
    status:
      code: 404
      message: Not Found
- request:
    body: null
    headers:
      Accept:
      - application/json
      Accept-Encoding:
      - gzip, deflate
      Connection:
      - keep-alive
      User-Agent:
      - azsdk-python-keyvault-keys/4.2.0b2 Python/3.7.7 (Darwin-17.7.0-x86_64-i386-64bit)
    method: GET
    uri: https://vaultname.vault.azure.net/deletedkeys/key2?api-version=7.1
  response:
    body:
      string: '{"error":{"code":"KeyNotFound","message":"Deleted Key not found: key2"}}'
    headers:
      cache-control:
      - no-cache
      content-length:
      - '72'
      content-type:
      - application/json; charset=utf-8
      date:
      - Wed, 29 Jul 2020 16:13:49 GMT
      expires:
      - '-1'
      pragma:
      - no-cache
      strict-transport-security:
      - max-age=31536000;includeSubDomains
      x-aspnet-version:
      - 4.0.30319
      x-content-type-options:
      - nosniff
      x-ms-keyvault-network-info:
      - conn_type=Ipv4;addr=73.135.72.237;act_addr_fam=InterNetwork;
      x-ms-keyvault-region:
      - westus
      x-ms-keyvault-service-version:
      - 1.1.10.0
      x-powered-by:
      - ASP.NET
    status:
      code: 404
      message: Not Found
- request:
    body: null
    headers:
      Accept:
      - application/json
      Accept-Encoding:
      - gzip, deflate
      Connection:
      - keep-alive
      User-Agent:
      - azsdk-python-keyvault-keys/4.2.0b2 Python/3.7.7 (Darwin-17.7.0-x86_64-i386-64bit)
    method: GET
    uri: https://vaultname.vault.azure.net/deletedkeys/key2?api-version=7.1
  response:
    body:
      string: '{"error":{"code":"KeyNotFound","message":"Deleted Key not found: key2"}}'
    headers:
      cache-control:
      - no-cache
      content-length:
      - '72'
      content-type:
      - application/json; charset=utf-8
      date:
      - Wed, 29 Jul 2020 16:13:51 GMT
      expires:
      - '-1'
      pragma:
      - no-cache
      strict-transport-security:
      - max-age=31536000;includeSubDomains
      x-aspnet-version:
      - 4.0.30319
      x-content-type-options:
      - nosniff
      x-ms-keyvault-network-info:
      - conn_type=Ipv4;addr=73.135.72.237;act_addr_fam=InterNetwork;
      x-ms-keyvault-region:
      - westus
      x-ms-keyvault-service-version:
      - 1.1.10.0
      x-powered-by:
      - ASP.NET
    status:
      code: 404
      message: Not Found
- request:
    body: null
    headers:
      Accept:
      - application/json
      Accept-Encoding:
      - gzip, deflate
      Connection:
      - keep-alive
      User-Agent:
      - azsdk-python-keyvault-keys/4.2.0b2 Python/3.7.7 (Darwin-17.7.0-x86_64-i386-64bit)
    method: GET
    uri: https://vaultname.vault.azure.net/deletedkeys/key2?api-version=7.1
  response:
    body:
      string: '{"error":{"code":"KeyNotFound","message":"Deleted Key not found: key2"}}'
    headers:
      cache-control:
      - no-cache
      content-length:
      - '72'
      content-type:
      - application/json; charset=utf-8
      date:
      - Wed, 29 Jul 2020 16:13:53 GMT
      expires:
      - '-1'
      pragma:
      - no-cache
      strict-transport-security:
      - max-age=31536000;includeSubDomains
      x-aspnet-version:
      - 4.0.30319
      x-content-type-options:
      - nosniff
      x-ms-keyvault-network-info:
      - conn_type=Ipv4;addr=73.135.72.237;act_addr_fam=InterNetwork;
      x-ms-keyvault-region:
      - westus
      x-ms-keyvault-service-version:
      - 1.1.10.0
      x-powered-by:
      - ASP.NET
    status:
      code: 404
      message: Not Found
- request:
    body: null
    headers:
      Accept:
      - application/json
      Accept-Encoding:
      - gzip, deflate
      Connection:
      - keep-alive
      User-Agent:
      - azsdk-python-keyvault-keys/4.2.0b2 Python/3.7.7 (Darwin-17.7.0-x86_64-i386-64bit)
    method: GET
    uri: https://vaultname.vault.azure.net/deletedkeys/key2?api-version=7.1
  response:
    body:
      string: '{"error":{"code":"KeyNotFound","message":"Deleted Key not found: key2"}}'
    headers:
      cache-control:
      - no-cache
      content-length:
      - '72'
      content-type:
      - application/json; charset=utf-8
      date:
      - Wed, 29 Jul 2020 16:13:55 GMT
      expires:
      - '-1'
      pragma:
      - no-cache
      strict-transport-security:
      - max-age=31536000;includeSubDomains
      x-aspnet-version:
      - 4.0.30319
      x-content-type-options:
      - nosniff
      x-ms-keyvault-network-info:
      - conn_type=Ipv4;addr=73.135.72.237;act_addr_fam=InterNetwork;
      x-ms-keyvault-region:
      - westus
      x-ms-keyvault-service-version:
      - 1.1.10.0
      x-powered-by:
      - ASP.NET
    status:
      code: 404
      message: Not Found
- request:
    body: null
    headers:
      Accept:
      - application/json
      Accept-Encoding:
      - gzip, deflate
      Connection:
      - keep-alive
      User-Agent:
      - azsdk-python-keyvault-keys/4.2.0b2 Python/3.7.7 (Darwin-17.7.0-x86_64-i386-64bit)
    method: GET
    uri: https://vaultname.vault.azure.net/deletedkeys/key2?api-version=7.1
  response:
    body:
      string: '{"error":{"code":"KeyNotFound","message":"Deleted Key not found: key2"}}'
    headers:
      cache-control:
      - no-cache
      content-length:
      - '72'
      content-type:
      - application/json; charset=utf-8
      date:
      - Wed, 29 Jul 2020 16:13:57 GMT
      expires:
      - '-1'
      pragma:
      - no-cache
      strict-transport-security:
      - max-age=31536000;includeSubDomains
      x-aspnet-version:
      - 4.0.30319
      x-content-type-options:
      - nosniff
      x-ms-keyvault-network-info:
      - conn_type=Ipv4;addr=73.135.72.237;act_addr_fam=InterNetwork;
      x-ms-keyvault-region:
      - westus
      x-ms-keyvault-service-version:
      - 1.1.10.0
      x-powered-by:
      - ASP.NET
    status:
      code: 404
      message: Not Found
- request:
    body: null
    headers:
      Accept:
      - application/json
      Accept-Encoding:
      - gzip, deflate
      Connection:
      - keep-alive
      User-Agent:
      - azsdk-python-keyvault-keys/4.2.0b2 Python/3.7.7 (Darwin-17.7.0-x86_64-i386-64bit)
    method: GET
    uri: https://vaultname.vault.azure.net/deletedkeys/key2?api-version=7.1
  response:
    body:
      string: '{"error":{"code":"KeyNotFound","message":"Deleted Key not found: key2"}}'
    headers:
      cache-control:
      - no-cache
      content-length:
      - '72'
      content-type:
      - application/json; charset=utf-8
      date:
      - Wed, 29 Jul 2020 16:13:59 GMT
      expires:
      - '-1'
      pragma:
      - no-cache
      strict-transport-security:
      - max-age=31536000;includeSubDomains
      x-aspnet-version:
      - 4.0.30319
      x-content-type-options:
      - nosniff
      x-ms-keyvault-network-info:
      - conn_type=Ipv4;addr=73.135.72.237;act_addr_fam=InterNetwork;
      x-ms-keyvault-region:
      - westus
      x-ms-keyvault-service-version:
      - 1.1.10.0
      x-powered-by:
      - ASP.NET
    status:
      code: 404
      message: Not Found
- request:
    body: null
    headers:
      Accept:
      - application/json
      Accept-Encoding:
      - gzip, deflate
      Connection:
      - keep-alive
      User-Agent:
      - azsdk-python-keyvault-keys/4.2.0b2 Python/3.7.7 (Darwin-17.7.0-x86_64-i386-64bit)
    method: GET
    uri: https://vaultname.vault.azure.net/deletedkeys/key2?api-version=7.1
  response:
    body:
      string: '{"error":{"code":"KeyNotFound","message":"Deleted Key not found: key2"}}'
    headers:
      cache-control:
      - no-cache
      content-length:
      - '72'
      content-type:
      - application/json; charset=utf-8
      date:
      - Wed, 29 Jul 2020 16:14:01 GMT
      expires:
      - '-1'
      pragma:
      - no-cache
      strict-transport-security:
      - max-age=31536000;includeSubDomains
      x-aspnet-version:
      - 4.0.30319
      x-content-type-options:
      - nosniff
      x-ms-keyvault-network-info:
      - conn_type=Ipv4;addr=73.135.72.237;act_addr_fam=InterNetwork;
      x-ms-keyvault-region:
      - westus
      x-ms-keyvault-service-version:
      - 1.1.10.0
      x-powered-by:
      - ASP.NET
    status:
      code: 404
      message: Not Found
- request:
    body: null
    headers:
      Accept:
      - application/json
      Accept-Encoding:
      - gzip, deflate
      Connection:
      - keep-alive
      User-Agent:
      - azsdk-python-keyvault-keys/4.2.0b2 Python/3.7.7 (Darwin-17.7.0-x86_64-i386-64bit)
    method: GET
    uri: https://vaultname.vault.azure.net/deletedkeys/key2?api-version=7.1
  response:
    body:
      string: '{"recoveryId":"https://vaultname.vault.azure.net/deletedkeys/key2","deletedDate":1596039218,"scheduledPurgeDate":1603815218,"key":{"kid":"https://vaultname.vault.azure.net/keys/key2/20c18d1d908f411a99bc3dbdf2434662","kty":"RSA","key_ops":["encrypt","decrypt","sign","verify","wrapKey","unwrapKey"],"n":"uL-NMtZHFUIRRU9C9H5y9mP4104fpHEmlcAqaCvJ45IqsAp9TG_7R_I9HOt546e7USwESzJ_NASMarzpQm8OSCcRJ_xcMoLv9arMGMxtaQ5wYq51a9WM9ihq5MuKYK5xFOoMsLmrvsioBSlde5QZp1zxnSFZNgCIPXSDaNSVhjlKpaaqwlv1DDrmAbM-uilYKQBvZ05x5T2mC4T2RWPL8_LZj6B6zR7ACgvsdfL31akTdmgsJBXnPXJhRNB_ZOSJxeM1Xod3FCT56suwHHNfC54lNw2igy2totuBJsL3q2u7Oy_SR_2ON1P8rMsjY8hV2_OsP1mta8hvYE2RvdL7SQ","e":"AQAB"},"attributes":{"enabled":true,"created":1596039164,"updated":1596039164,"recoveryLevel":"Recoverable+Purgeable","recoverableDays":90}}'
    headers:
      cache-control:
      - no-cache
      content-length:
      - '822'
      content-type:
      - application/json; charset=utf-8
      date:
      - Wed, 29 Jul 2020 16:14:03 GMT
      expires:
      - '-1'
      pragma:
      - no-cache
      strict-transport-security:
      - max-age=31536000;includeSubDomains
      x-aspnet-version:
      - 4.0.30319
      x-content-type-options:
      - nosniff
      x-ms-keyvault-network-info:
      - conn_type=Ipv4;addr=73.135.72.237;act_addr_fam=InterNetwork;
      x-ms-keyvault-region:
      - westus
      x-ms-keyvault-service-version:
      - 1.1.10.0
      x-powered-by:
      - ASP.NET
    status:
      code: 200
      message: OK
- request:
    body: null
    headers:
      Accept:
      - application/json
      Accept-Encoding:
      - gzip, deflate
      Connection:
      - keep-alive
      Content-Length:
      - '0'
      User-Agent:
      - azsdk-python-keyvault-keys/4.2.0b2 Python/3.7.7 (Darwin-17.7.0-x86_64-i386-64bit)
    method: DELETE
    uri: https://vaultname.vault.azure.net/keys/key3?api-version=7.1
  response:
    body:
      string: '{"recoveryId":"https://vaultname.vault.azure.net/deletedkeys/key3","deletedDate":1596039244,"scheduledPurgeDate":1603815244,"key":{"kid":"https://vaultname.vault.azure.net/keys/key3/18f341b282374ae39bf3d339a79cf046","kty":"RSA","key_ops":["encrypt","decrypt","sign","verify","wrapKey","unwrapKey"],"n":"k8UltliTYY8sybbNIFImewot3L4ls2JxOEgv8N58EsTZc7I-Y-XMkuUwEVbOXrzrJsL1TRjCyK2U2ZLF7gZ-GFwEp1B7gscJlyW2EAsRxZJ6YwJbi9vb2_MnoGu07dUip5BbCl-r7Fpz7mPZFp-HbEDXiOFNaG74RlmlVbfLqE6w5c-ZE4CV36PWOgmK0zRND4O2zuaMcgFTwD9WaDLq7_wJeEcdwcg_sdWMLOWadqY55o2Afq1nOa4mqimNZ5-A3FM8k4_X2XVzfHaVEGPj3v_haLivZMcormLMwuDpA4DlKubHhOs0d23D4EXpHc4OqLUKi3Qq7-ZSxXIvad3jyw","e":"AQAB"},"attributes":{"enabled":true,"created":1596039164,"updated":1596039164,"recoveryLevel":"Recoverable+Purgeable","recoverableDays":90}}'
    headers:
      cache-control:
      - no-cache
      content-length:
      - '822'
      content-type:
      - application/json; charset=utf-8
      date:
      - Wed, 29 Jul 2020 16:14:04 GMT
      expires:
      - '-1'
      pragma:
      - no-cache
      strict-transport-security:
      - max-age=31536000;includeSubDomains
      x-aspnet-version:
      - 4.0.30319
      x-content-type-options:
      - nosniff
      x-ms-keyvault-network-info:
      - conn_type=Ipv4;addr=73.135.72.237;act_addr_fam=InterNetwork;
      x-ms-keyvault-region:
      - westus
      x-ms-keyvault-service-version:
      - 1.1.10.0
      x-powered-by:
      - ASP.NET
    status:
      code: 200
      message: OK
- request:
    body: null
    headers:
      Accept:
      - application/json
      Accept-Encoding:
      - gzip, deflate
      Connection:
      - keep-alive
      User-Agent:
      - azsdk-python-keyvault-keys/4.2.0b2 Python/3.7.7 (Darwin-17.7.0-x86_64-i386-64bit)
    method: GET
    uri: https://vaultname.vault.azure.net/deletedkeys/key3?api-version=7.1
  response:
    body:
      string: '{"error":{"code":"KeyNotFound","message":"Deleted Key not found: key3"}}'
    headers:
      cache-control:
      - no-cache
      content-length:
      - '72'
      content-type:
      - application/json; charset=utf-8
      date:
      - Wed, 29 Jul 2020 16:14:04 GMT
      expires:
      - '-1'
      pragma:
      - no-cache
      strict-transport-security:
      - max-age=31536000;includeSubDomains
      x-aspnet-version:
      - 4.0.30319
      x-content-type-options:
      - nosniff
      x-ms-keyvault-network-info:
      - conn_type=Ipv4;addr=73.135.72.237;act_addr_fam=InterNetwork;
      x-ms-keyvault-region:
      - westus
      x-ms-keyvault-service-version:
      - 1.1.10.0
      x-powered-by:
      - ASP.NET
    status:
      code: 404
      message: Not Found
- request:
    body: null
    headers:
      Accept:
      - application/json
      Accept-Encoding:
      - gzip, deflate
      Connection:
      - keep-alive
      User-Agent:
      - azsdk-python-keyvault-keys/4.2.0b2 Python/3.7.7 (Darwin-17.7.0-x86_64-i386-64bit)
    method: GET
    uri: https://vaultname.vault.azure.net/deletedkeys/key3?api-version=7.1
  response:
    body:
      string: '{"error":{"code":"KeyNotFound","message":"Deleted Key not found: key3"}}'
    headers:
      cache-control:
      - no-cache
      content-length:
      - '72'
      content-type:
      - application/json; charset=utf-8
      date:
      - Wed, 29 Jul 2020 16:14:06 GMT
      expires:
      - '-1'
      pragma:
      - no-cache
      strict-transport-security:
      - max-age=31536000;includeSubDomains
      x-aspnet-version:
      - 4.0.30319
      x-content-type-options:
      - nosniff
      x-ms-keyvault-network-info:
      - conn_type=Ipv4;addr=73.135.72.237;act_addr_fam=InterNetwork;
      x-ms-keyvault-region:
      - westus
      x-ms-keyvault-service-version:
      - 1.1.10.0
      x-powered-by:
      - ASP.NET
    status:
      code: 404
      message: Not Found
- request:
    body: null
    headers:
      Accept:
      - application/json
      Accept-Encoding:
      - gzip, deflate
      Connection:
      - keep-alive
      User-Agent:
      - azsdk-python-keyvault-keys/4.2.0b2 Python/3.7.7 (Darwin-17.7.0-x86_64-i386-64bit)
    method: GET
    uri: https://vaultname.vault.azure.net/deletedkeys/key3?api-version=7.1
  response:
    body:
      string: '{"error":{"code":"KeyNotFound","message":"Deleted Key not found: key3"}}'
    headers:
      cache-control:
      - no-cache
      content-length:
      - '72'
      content-type:
      - application/json; charset=utf-8
      date:
      - Wed, 29 Jul 2020 16:14:08 GMT
      expires:
      - '-1'
      pragma:
      - no-cache
      strict-transport-security:
      - max-age=31536000;includeSubDomains
      x-aspnet-version:
      - 4.0.30319
      x-content-type-options:
      - nosniff
      x-ms-keyvault-network-info:
      - conn_type=Ipv4;addr=73.135.72.237;act_addr_fam=InterNetwork;
      x-ms-keyvault-region:
      - westus
      x-ms-keyvault-service-version:
      - 1.1.10.0
      x-powered-by:
      - ASP.NET
    status:
      code: 404
      message: Not Found
- request:
    body: null
    headers:
      Accept:
      - application/json
      Accept-Encoding:
      - gzip, deflate
      Connection:
      - keep-alive
      User-Agent:
      - azsdk-python-keyvault-keys/4.2.0b2 Python/3.7.7 (Darwin-17.7.0-x86_64-i386-64bit)
    method: GET
    uri: https://vaultname.vault.azure.net/deletedkeys/key3?api-version=7.1
  response:
    body:
      string: '{"error":{"code":"KeyNotFound","message":"Deleted Key not found: key3"}}'
    headers:
      cache-control:
      - no-cache
      content-length:
      - '72'
      content-type:
      - application/json; charset=utf-8
      date:
      - Wed, 29 Jul 2020 16:14:10 GMT
      expires:
      - '-1'
      pragma:
      - no-cache
      strict-transport-security:
      - max-age=31536000;includeSubDomains
      x-aspnet-version:
      - 4.0.30319
      x-content-type-options:
      - nosniff
      x-ms-keyvault-network-info:
      - conn_type=Ipv4;addr=73.135.72.237;act_addr_fam=InterNetwork;
      x-ms-keyvault-region:
      - westus
      x-ms-keyvault-service-version:
      - 1.1.10.0
      x-powered-by:
      - ASP.NET
    status:
      code: 404
      message: Not Found
- request:
    body: null
    headers:
      Accept:
      - application/json
      Accept-Encoding:
      - gzip, deflate
      Connection:
      - keep-alive
      User-Agent:
      - azsdk-python-keyvault-keys/4.2.0b2 Python/3.7.7 (Darwin-17.7.0-x86_64-i386-64bit)
    method: GET
    uri: https://vaultname.vault.azure.net/deletedkeys/key3?api-version=7.1
  response:
    body:
      string: '{"error":{"code":"KeyNotFound","message":"Deleted Key not found: key3"}}'
    headers:
      cache-control:
      - no-cache
      content-length:
      - '72'
      content-type:
      - application/json; charset=utf-8
      date:
      - Wed, 29 Jul 2020 16:14:12 GMT
      expires:
      - '-1'
      pragma:
      - no-cache
      strict-transport-security:
      - max-age=31536000;includeSubDomains
      x-aspnet-version:
      - 4.0.30319
      x-content-type-options:
      - nosniff
      x-ms-keyvault-network-info:
      - conn_type=Ipv4;addr=73.135.72.237;act_addr_fam=InterNetwork;
      x-ms-keyvault-region:
      - westus
      x-ms-keyvault-service-version:
      - 1.1.10.0
      x-powered-by:
      - ASP.NET
    status:
      code: 404
      message: Not Found
- request:
    body: null
    headers:
      Accept:
      - application/json
      Accept-Encoding:
      - gzip, deflate
      Connection:
      - keep-alive
      User-Agent:
      - azsdk-python-keyvault-keys/4.2.0b2 Python/3.7.7 (Darwin-17.7.0-x86_64-i386-64bit)
    method: GET
    uri: https://vaultname.vault.azure.net/deletedkeys/key3?api-version=7.1
  response:
    body:
      string: '{"error":{"code":"KeyNotFound","message":"Deleted Key not found: key3"}}'
    headers:
      cache-control:
      - no-cache
      content-length:
      - '72'
      content-type:
      - application/json; charset=utf-8
      date:
      - Wed, 29 Jul 2020 16:14:15 GMT
      expires:
      - '-1'
      pragma:
      - no-cache
      strict-transport-security:
      - max-age=31536000;includeSubDomains
      x-aspnet-version:
      - 4.0.30319
      x-content-type-options:
      - nosniff
      x-ms-keyvault-network-info:
      - conn_type=Ipv4;addr=73.135.72.237;act_addr_fam=InterNetwork;
      x-ms-keyvault-region:
      - westus
      x-ms-keyvault-service-version:
      - 1.1.10.0
      x-powered-by:
      - ASP.NET
    status:
      code: 404
      message: Not Found
- request:
    body: null
    headers:
      Accept:
      - application/json
      Accept-Encoding:
      - gzip, deflate
      Connection:
      - keep-alive
      User-Agent:
      - azsdk-python-keyvault-keys/4.2.0b2 Python/3.7.7 (Darwin-17.7.0-x86_64-i386-64bit)
    method: GET
    uri: https://vaultname.vault.azure.net/deletedkeys/key3?api-version=7.1
  response:
    body:
      string: '{"error":{"code":"KeyNotFound","message":"Deleted Key not found: key3"}}'
    headers:
      cache-control:
      - no-cache
      content-length:
      - '72'
      content-type:
      - application/json; charset=utf-8
      date:
      - Wed, 29 Jul 2020 16:14:17 GMT
      expires:
      - '-1'
      pragma:
      - no-cache
      strict-transport-security:
      - max-age=31536000;includeSubDomains
      x-aspnet-version:
      - 4.0.30319
      x-content-type-options:
      - nosniff
      x-ms-keyvault-network-info:
      - conn_type=Ipv4;addr=73.135.72.237;act_addr_fam=InterNetwork;
      x-ms-keyvault-region:
      - westus
      x-ms-keyvault-service-version:
      - 1.1.10.0
      x-powered-by:
      - ASP.NET
    status:
      code: 404
      message: Not Found
- request:
    body: null
    headers:
      Accept:
      - application/json
      Accept-Encoding:
      - gzip, deflate
      Connection:
      - keep-alive
      User-Agent:
      - azsdk-python-keyvault-keys/4.2.0b2 Python/3.7.7 (Darwin-17.7.0-x86_64-i386-64bit)
    method: GET
    uri: https://vaultname.vault.azure.net/deletedkeys/key3?api-version=7.1
  response:
    body:
      string: '{"error":{"code":"KeyNotFound","message":"Deleted Key not found: key3"}}'
    headers:
      cache-control:
      - no-cache
      content-length:
      - '72'
      content-type:
      - application/json; charset=utf-8
      date:
      - Wed, 29 Jul 2020 16:14:19 GMT
      expires:
      - '-1'
      pragma:
      - no-cache
      strict-transport-security:
      - max-age=31536000;includeSubDomains
      x-aspnet-version:
      - 4.0.30319
      x-content-type-options:
      - nosniff
      x-ms-keyvault-network-info:
      - conn_type=Ipv4;addr=73.135.72.237;act_addr_fam=InterNetwork;
      x-ms-keyvault-region:
      - westus
      x-ms-keyvault-service-version:
      - 1.1.10.0
      x-powered-by:
      - ASP.NET
    status:
      code: 404
      message: Not Found
- request:
    body: null
    headers:
      Accept:
      - application/json
      Accept-Encoding:
      - gzip, deflate
      Connection:
      - keep-alive
      User-Agent:
      - azsdk-python-keyvault-keys/4.2.0b2 Python/3.7.7 (Darwin-17.7.0-x86_64-i386-64bit)
    method: GET
    uri: https://vaultname.vault.azure.net/deletedkeys/key3?api-version=7.1
  response:
    body:
      string: '{"error":{"code":"KeyNotFound","message":"Deleted Key not found: key3"}}'
    headers:
      cache-control:
      - no-cache
      content-length:
      - '72'
      content-type:
      - application/json; charset=utf-8
      date:
      - Wed, 29 Jul 2020 16:14:21 GMT
      expires:
      - '-1'
      pragma:
      - no-cache
      strict-transport-security:
      - max-age=31536000;includeSubDomains
      x-aspnet-version:
      - 4.0.30319
      x-content-type-options:
      - nosniff
      x-ms-keyvault-network-info:
      - conn_type=Ipv4;addr=73.135.72.237;act_addr_fam=InterNetwork;
      x-ms-keyvault-region:
      - westus
      x-ms-keyvault-service-version:
      - 1.1.10.0
      x-powered-by:
      - ASP.NET
    status:
      code: 404
      message: Not Found
- request:
    body: null
    headers:
      Accept:
      - application/json
      Accept-Encoding:
      - gzip, deflate
      Connection:
      - keep-alive
      User-Agent:
      - azsdk-python-keyvault-keys/4.2.0b2 Python/3.7.7 (Darwin-17.7.0-x86_64-i386-64bit)
    method: GET
    uri: https://vaultname.vault.azure.net/deletedkeys/key3?api-version=7.1
  response:
    body:
      string: '{"error":{"code":"KeyNotFound","message":"Deleted Key not found: key3"}}'
    headers:
      cache-control:
      - no-cache
      content-length:
      - '72'
      content-type:
      - application/json; charset=utf-8
      date:
      - Wed, 29 Jul 2020 16:14:23 GMT
      expires:
      - '-1'
      pragma:
      - no-cache
      strict-transport-security:
      - max-age=31536000;includeSubDomains
      x-aspnet-version:
      - 4.0.30319
      x-content-type-options:
      - nosniff
      x-ms-keyvault-network-info:
      - conn_type=Ipv4;addr=73.135.72.237;act_addr_fam=InterNetwork;
      x-ms-keyvault-region:
      - westus
      x-ms-keyvault-service-version:
      - 1.1.10.0
      x-powered-by:
      - ASP.NET
    status:
      code: 404
      message: Not Found
- request:
    body: null
    headers:
      Accept:
      - application/json
      Accept-Encoding:
      - gzip, deflate
      Connection:
      - keep-alive
      User-Agent:
      - azsdk-python-keyvault-keys/4.2.0b2 Python/3.7.7 (Darwin-17.7.0-x86_64-i386-64bit)
    method: GET
    uri: https://vaultname.vault.azure.net/deletedkeys/key3?api-version=7.1
  response:
    body:
      string: '{"error":{"code":"KeyNotFound","message":"Deleted Key not found: key3"}}'
    headers:
      cache-control:
      - no-cache
      content-length:
      - '72'
      content-type:
      - application/json; charset=utf-8
      date:
      - Wed, 29 Jul 2020 16:14:25 GMT
      expires:
      - '-1'
      pragma:
      - no-cache
      strict-transport-security:
      - max-age=31536000;includeSubDomains
      x-aspnet-version:
      - 4.0.30319
      x-content-type-options:
      - nosniff
      x-ms-keyvault-network-info:
      - conn_type=Ipv4;addr=73.135.72.237;act_addr_fam=InterNetwork;
      x-ms-keyvault-region:
      - westus
      x-ms-keyvault-service-version:
      - 1.1.10.0
      x-powered-by:
      - ASP.NET
    status:
      code: 404
      message: Not Found
- request:
    body: null
    headers:
      Accept:
      - application/json
      Accept-Encoding:
      - gzip, deflate
      Connection:
      - keep-alive
      User-Agent:
      - azsdk-python-keyvault-keys/4.2.0b2 Python/3.7.7 (Darwin-17.7.0-x86_64-i386-64bit)
    method: GET
    uri: https://vaultname.vault.azure.net/deletedkeys/key3?api-version=7.1
  response:
    body:
      string: '{"recoveryId":"https://vaultname.vault.azure.net/deletedkeys/key3","deletedDate":1596039244,"scheduledPurgeDate":1603815244,"key":{"kid":"https://vaultname.vault.azure.net/keys/key3/18f341b282374ae39bf3d339a79cf046","kty":"RSA","key_ops":["encrypt","decrypt","sign","verify","wrapKey","unwrapKey"],"n":"k8UltliTYY8sybbNIFImewot3L4ls2JxOEgv8N58EsTZc7I-Y-XMkuUwEVbOXrzrJsL1TRjCyK2U2ZLF7gZ-GFwEp1B7gscJlyW2EAsRxZJ6YwJbi9vb2_MnoGu07dUip5BbCl-r7Fpz7mPZFp-HbEDXiOFNaG74RlmlVbfLqE6w5c-ZE4CV36PWOgmK0zRND4O2zuaMcgFTwD9WaDLq7_wJeEcdwcg_sdWMLOWadqY55o2Afq1nOa4mqimNZ5-A3FM8k4_X2XVzfHaVEGPj3v_haLivZMcormLMwuDpA4DlKubHhOs0d23D4EXpHc4OqLUKi3Qq7-ZSxXIvad3jyw","e":"AQAB"},"attributes":{"enabled":true,"created":1596039164,"updated":1596039164,"recoveryLevel":"Recoverable+Purgeable","recoverableDays":90}}'
    headers:
      cache-control:
      - no-cache
      content-length:
      - '822'
      content-type:
      - application/json; charset=utf-8
      date:
      - Wed, 29 Jul 2020 16:14:27 GMT
      expires:
      - '-1'
      pragma:
      - no-cache
      strict-transport-security:
      - max-age=31536000;includeSubDomains
      x-aspnet-version:
      - 4.0.30319
      x-content-type-options:
      - nosniff
      x-ms-keyvault-network-info:
      - conn_type=Ipv4;addr=73.135.72.237;act_addr_fam=InterNetwork;
      x-ms-keyvault-region:
      - westus
      x-ms-keyvault-service-version:
      - 1.1.10.0
      x-powered-by:
      - ASP.NET
    status:
      code: 200
      message: OK
- request:
    body: null
    headers:
      Accept:
      - application/json
      Accept-Encoding:
      - gzip, deflate
      Connection:
      - keep-alive
      Content-Length:
      - '0'
      User-Agent:
      - azsdk-python-keyvault-keys/4.2.0b2 Python/3.7.7 (Darwin-17.7.0-x86_64-i386-64bit)
    method: DELETE
    uri: https://vaultname.vault.azure.net/keys/key4?api-version=7.1
  response:
    body:
      string: '{"recoveryId":"https://vaultname.vault.azure.net/deletedkeys/key4","deletedDate":1596039268,"scheduledPurgeDate":1603815268,"key":{"kid":"https://vaultname.vault.azure.net/keys/key4/21c8f9c26f5f491c886d88f42358a3dc","kty":"RSA","key_ops":["encrypt","decrypt","sign","verify","wrapKey","unwrapKey"],"n":"tcKARZ0gR9nZRYbZ4ZDVH9EcQ8h8MTh424rgbU16pUWV33moSV4m-C-Xt6JnD2pTdLHpuKst78QGJxdY6SdEl-rXxyVyMFudQ_-RXmeKtDo14L8bz-vhF1yDsJfeiPjs9_xHqoVF2vVwGpTukXS8GVJtVSNFIahZkNQ2HRjN2KLIma8ynbqsmwWxvORbxQQsAQTZ_Qa6NEhrz6d7_lrPfRqNYfQVf8f_EIhhAK9mA_fp-xpmjWJC5-YOfVQsOMlHs3XBdOXrC3iwX6UqgFLmckZNOiM7rc1vCO1CmbTv0aLse3nyPWrhHiCIzd93kfIgGVKlpqD86FzLbLeNS1i1yQ","e":"AQAB"},"attributes":{"enabled":true,"created":1596039164,"updated":1596039164,"recoveryLevel":"Recoverable+Purgeable","recoverableDays":90}}'
    headers:
      cache-control:
      - no-cache
      content-length:
      - '822'
      content-type:
      - application/json; charset=utf-8
      date:
      - Wed, 29 Jul 2020 16:14:27 GMT
      expires:
      - '-1'
      pragma:
      - no-cache
      strict-transport-security:
      - max-age=31536000;includeSubDomains
      x-aspnet-version:
      - 4.0.30319
      x-content-type-options:
      - nosniff
      x-ms-keyvault-network-info:
      - conn_type=Ipv4;addr=73.135.72.237;act_addr_fam=InterNetwork;
      x-ms-keyvault-region:
      - westus
      x-ms-keyvault-service-version:
      - 1.1.10.0
      x-powered-by:
      - ASP.NET
    status:
      code: 200
      message: OK
- request:
    body: null
    headers:
      Accept:
      - application/json
      Accept-Encoding:
      - gzip, deflate
      Connection:
      - keep-alive
      User-Agent:
      - azsdk-python-keyvault-keys/4.2.0b2 Python/3.7.7 (Darwin-17.7.0-x86_64-i386-64bit)
    method: GET
    uri: https://vaultname.vault.azure.net/deletedkeys/key4?api-version=7.1
  response:
    body:
      string: '{"error":{"code":"KeyNotFound","message":"Deleted Key not found: key4"}}'
    headers:
      cache-control:
      - no-cache
      content-length:
      - '72'
      content-type:
      - application/json; charset=utf-8
      date:
      - Wed, 29 Jul 2020 16:14:27 GMT
      expires:
      - '-1'
      pragma:
      - no-cache
      strict-transport-security:
      - max-age=31536000;includeSubDomains
      x-aspnet-version:
      - 4.0.30319
      x-content-type-options:
      - nosniff
      x-ms-keyvault-network-info:
      - conn_type=Ipv4;addr=73.135.72.237;act_addr_fam=InterNetwork;
      x-ms-keyvault-region:
      - westus
      x-ms-keyvault-service-version:
      - 1.1.10.0
      x-powered-by:
      - ASP.NET
    status:
      code: 404
      message: Not Found
- request:
    body: null
    headers:
      Accept:
      - application/json
      Accept-Encoding:
      - gzip, deflate
      Connection:
      - keep-alive
      User-Agent:
      - azsdk-python-keyvault-keys/4.2.0b2 Python/3.7.7 (Darwin-17.7.0-x86_64-i386-64bit)
    method: GET
    uri: https://vaultname.vault.azure.net/deletedkeys/key4?api-version=7.1
  response:
    body:
      string: '{"error":{"code":"KeyNotFound","message":"Deleted Key not found: key4"}}'
    headers:
      cache-control:
      - no-cache
      content-length:
      - '72'
      content-type:
      - application/json; charset=utf-8
      date:
      - Wed, 29 Jul 2020 16:14:29 GMT
      expires:
      - '-1'
      pragma:
      - no-cache
      strict-transport-security:
      - max-age=31536000;includeSubDomains
      x-aspnet-version:
      - 4.0.30319
      x-content-type-options:
      - nosniff
      x-ms-keyvault-network-info:
      - conn_type=Ipv4;addr=73.135.72.237;act_addr_fam=InterNetwork;
      x-ms-keyvault-region:
      - westus
      x-ms-keyvault-service-version:
      - 1.1.10.0
      x-powered-by:
      - ASP.NET
    status:
      code: 404
      message: Not Found
- request:
    body: null
    headers:
      Accept:
      - application/json
      Accept-Encoding:
      - gzip, deflate
      Connection:
      - keep-alive
      User-Agent:
      - azsdk-python-keyvault-keys/4.2.0b2 Python/3.7.7 (Darwin-17.7.0-x86_64-i386-64bit)
    method: GET
    uri: https://vaultname.vault.azure.net/deletedkeys/key4?api-version=7.1
  response:
    body:
      string: '{"error":{"code":"KeyNotFound","message":"Deleted Key not found: key4"}}'
    headers:
      cache-control:
      - no-cache
      content-length:
      - '72'
      content-type:
      - application/json; charset=utf-8
      date:
      - Wed, 29 Jul 2020 16:14:31 GMT
      expires:
      - '-1'
      pragma:
      - no-cache
      strict-transport-security:
      - max-age=31536000;includeSubDomains
      x-aspnet-version:
      - 4.0.30319
      x-content-type-options:
      - nosniff
      x-ms-keyvault-network-info:
      - conn_type=Ipv4;addr=73.135.72.237;act_addr_fam=InterNetwork;
      x-ms-keyvault-region:
      - westus
      x-ms-keyvault-service-version:
      - 1.1.10.0
      x-powered-by:
      - ASP.NET
    status:
      code: 404
      message: Not Found
- request:
    body: null
    headers:
      Accept:
      - application/json
      Accept-Encoding:
      - gzip, deflate
      Connection:
      - keep-alive
      User-Agent:
      - azsdk-python-keyvault-keys/4.2.0b2 Python/3.7.7 (Darwin-17.7.0-x86_64-i386-64bit)
    method: GET
    uri: https://vaultname.vault.azure.net/deletedkeys/key4?api-version=7.1
  response:
    body:
      string: '{"error":{"code":"KeyNotFound","message":"Deleted Key not found: key4"}}'
    headers:
      cache-control:
      - no-cache
      content-length:
      - '72'
      content-type:
      - application/json; charset=utf-8
      date:
      - Wed, 29 Jul 2020 16:14:34 GMT
      expires:
      - '-1'
      pragma:
      - no-cache
      strict-transport-security:
      - max-age=31536000;includeSubDomains
      x-aspnet-version:
      - 4.0.30319
      x-content-type-options:
      - nosniff
      x-ms-keyvault-network-info:
      - conn_type=Ipv4;addr=73.135.72.237;act_addr_fam=InterNetwork;
      x-ms-keyvault-region:
      - westus
      x-ms-keyvault-service-version:
      - 1.1.10.0
      x-powered-by:
      - ASP.NET
    status:
      code: 404
      message: Not Found
- request:
    body: null
    headers:
      Accept:
      - application/json
      Accept-Encoding:
      - gzip, deflate
      Connection:
      - keep-alive
      User-Agent:
      - azsdk-python-keyvault-keys/4.2.0b2 Python/3.7.7 (Darwin-17.7.0-x86_64-i386-64bit)
    method: GET
    uri: https://vaultname.vault.azure.net/deletedkeys/key4?api-version=7.1
  response:
    body:
      string: '{"error":{"code":"KeyNotFound","message":"Deleted Key not found: key4"}}'
    headers:
      cache-control:
      - no-cache
      content-length:
      - '72'
      content-type:
      - application/json; charset=utf-8
      date:
      - Wed, 29 Jul 2020 16:14:36 GMT
      expires:
      - '-1'
      pragma:
      - no-cache
      strict-transport-security:
      - max-age=31536000;includeSubDomains
      x-aspnet-version:
      - 4.0.30319
      x-content-type-options:
      - nosniff
      x-ms-keyvault-network-info:
      - conn_type=Ipv4;addr=73.135.72.237;act_addr_fam=InterNetwork;
      x-ms-keyvault-region:
      - westus
      x-ms-keyvault-service-version:
      - 1.1.10.0
      x-powered-by:
      - ASP.NET
    status:
      code: 404
      message: Not Found
- request:
    body: null
    headers:
      Accept:
      - application/json
      Accept-Encoding:
      - gzip, deflate
      Connection:
      - keep-alive
      User-Agent:
      - azsdk-python-keyvault-keys/4.2.0b2 Python/3.7.7 (Darwin-17.7.0-x86_64-i386-64bit)
    method: GET
    uri: https://vaultname.vault.azure.net/deletedkeys/key4?api-version=7.1
  response:
    body:
      string: '{"error":{"code":"KeyNotFound","message":"Deleted Key not found: key4"}}'
    headers:
      cache-control:
      - no-cache
      content-length:
      - '72'
      content-type:
      - application/json; charset=utf-8
      date:
      - Wed, 29 Jul 2020 16:14:38 GMT
      expires:
      - '-1'
      pragma:
      - no-cache
      strict-transport-security:
      - max-age=31536000;includeSubDomains
      x-aspnet-version:
      - 4.0.30319
      x-content-type-options:
      - nosniff
      x-ms-keyvault-network-info:
      - conn_type=Ipv4;addr=73.135.72.237;act_addr_fam=InterNetwork;
      x-ms-keyvault-region:
      - westus
      x-ms-keyvault-service-version:
      - 1.1.10.0
      x-powered-by:
      - ASP.NET
    status:
      code: 404
      message: Not Found
- request:
    body: null
    headers:
      Accept:
      - application/json
      Accept-Encoding:
      - gzip, deflate
      Connection:
      - keep-alive
      User-Agent:
      - azsdk-python-keyvault-keys/4.2.0b2 Python/3.7.7 (Darwin-17.7.0-x86_64-i386-64bit)
    method: GET
    uri: https://vaultname.vault.azure.net/deletedkeys/key4?api-version=7.1
  response:
    body:
      string: '{"error":{"code":"KeyNotFound","message":"Deleted Key not found: key4"}}'
    headers:
      cache-control:
      - no-cache
      content-length:
      - '72'
      content-type:
      - application/json; charset=utf-8
      date:
      - Wed, 29 Jul 2020 16:14:40 GMT
      expires:
      - '-1'
      pragma:
      - no-cache
      strict-transport-security:
      - max-age=31536000;includeSubDomains
      x-aspnet-version:
      - 4.0.30319
      x-content-type-options:
      - nosniff
      x-ms-keyvault-network-info:
      - conn_type=Ipv4;addr=73.135.72.237;act_addr_fam=InterNetwork;
      x-ms-keyvault-region:
      - westus
      x-ms-keyvault-service-version:
      - 1.1.10.0
      x-powered-by:
      - ASP.NET
    status:
      code: 404
      message: Not Found
- request:
    body: null
    headers:
      Accept:
      - application/json
      Accept-Encoding:
      - gzip, deflate
      Connection:
      - keep-alive
      User-Agent:
      - azsdk-python-keyvault-keys/4.2.0b2 Python/3.7.7 (Darwin-17.7.0-x86_64-i386-64bit)
    method: GET
    uri: https://vaultname.vault.azure.net/deletedkeys/key4?api-version=7.1
  response:
    body:
      string: '{"error":{"code":"KeyNotFound","message":"Deleted Key not found: key4"}}'
    headers:
      cache-control:
      - no-cache
      content-length:
      - '72'
      content-type:
      - application/json; charset=utf-8
      date:
      - Wed, 29 Jul 2020 16:14:42 GMT
      expires:
      - '-1'
      pragma:
      - no-cache
      strict-transport-security:
      - max-age=31536000;includeSubDomains
      x-aspnet-version:
      - 4.0.30319
      x-content-type-options:
      - nosniff
      x-ms-keyvault-network-info:
      - conn_type=Ipv4;addr=73.135.72.237;act_addr_fam=InterNetwork;
      x-ms-keyvault-region:
      - westus
      x-ms-keyvault-service-version:
      - 1.1.10.0
      x-powered-by:
      - ASP.NET
    status:
      code: 404
      message: Not Found
- request:
    body: null
    headers:
      Accept:
      - application/json
      Accept-Encoding:
      - gzip, deflate
      Connection:
      - keep-alive
      User-Agent:
      - azsdk-python-keyvault-keys/4.2.0b2 Python/3.7.7 (Darwin-17.7.0-x86_64-i386-64bit)
    method: GET
    uri: https://vaultname.vault.azure.net/deletedkeys/key4?api-version=7.1
  response:
    body:
      string: '{"error":{"code":"KeyNotFound","message":"Deleted Key not found: key4"}}'
    headers:
      cache-control:
      - no-cache
      content-length:
      - '72'
      content-type:
      - application/json; charset=utf-8
      date:
      - Wed, 29 Jul 2020 16:14:45 GMT
      expires:
      - '-1'
      pragma:
      - no-cache
      strict-transport-security:
      - max-age=31536000;includeSubDomains
      x-aspnet-version:
      - 4.0.30319
      x-content-type-options:
      - nosniff
      x-ms-keyvault-network-info:
      - conn_type=Ipv4;addr=73.135.72.237;act_addr_fam=InterNetwork;
      x-ms-keyvault-region:
      - westus
      x-ms-keyvault-service-version:
      - 1.1.10.0
      x-powered-by:
      - ASP.NET
    status:
      code: 404
      message: Not Found
- request:
    body: null
    headers:
      Accept:
      - application/json
      Accept-Encoding:
      - gzip, deflate
      Connection:
      - keep-alive
      User-Agent:
      - azsdk-python-keyvault-keys/4.2.0b2 Python/3.7.7 (Darwin-17.7.0-x86_64-i386-64bit)
    method: GET
    uri: https://vaultname.vault.azure.net/deletedkeys/key4?api-version=7.1
  response:
    body:
      string: '{"error":{"code":"KeyNotFound","message":"Deleted Key not found: key4"}}'
    headers:
      cache-control:
      - no-cache
      content-length:
      - '72'
      content-type:
      - application/json; charset=utf-8
      date:
      - Wed, 29 Jul 2020 16:14:47 GMT
      expires:
      - '-1'
      pragma:
      - no-cache
      strict-transport-security:
      - max-age=31536000;includeSubDomains
      x-aspnet-version:
      - 4.0.30319
      x-content-type-options:
      - nosniff
      x-ms-keyvault-network-info:
      - conn_type=Ipv4;addr=73.135.72.237;act_addr_fam=InterNetwork;
      x-ms-keyvault-region:
      - westus
      x-ms-keyvault-service-version:
      - 1.1.10.0
      x-powered-by:
      - ASP.NET
    status:
      code: 404
      message: Not Found
- request:
    body: null
    headers:
      Accept:
      - application/json
      Accept-Encoding:
      - gzip, deflate
      Connection:
      - keep-alive
      User-Agent:
      - azsdk-python-keyvault-keys/4.2.0b2 Python/3.7.7 (Darwin-17.7.0-x86_64-i386-64bit)
    method: GET
    uri: https://vaultname.vault.azure.net/deletedkeys/key4?api-version=7.1
  response:
    body:
      string: '{"error":{"code":"KeyNotFound","message":"Deleted Key not found: key4"}}'
    headers:
      cache-control:
      - no-cache
      content-length:
      - '72'
      content-type:
      - application/json; charset=utf-8
      date:
      - Wed, 29 Jul 2020 16:14:49 GMT
      expires:
      - '-1'
      pragma:
      - no-cache
      strict-transport-security:
      - max-age=31536000;includeSubDomains
      x-aspnet-version:
      - 4.0.30319
      x-content-type-options:
      - nosniff
      x-ms-keyvault-network-info:
      - conn_type=Ipv4;addr=73.135.72.237;act_addr_fam=InterNetwork;
      x-ms-keyvault-region:
      - westus
      x-ms-keyvault-service-version:
      - 1.1.10.0
      x-powered-by:
      - ASP.NET
    status:
      code: 404
      message: Not Found
- request:
    body: null
    headers:
      Accept:
      - application/json
      Accept-Encoding:
      - gzip, deflate
      Connection:
      - keep-alive
      User-Agent:
      - azsdk-python-keyvault-keys/4.2.0b2 Python/3.7.7 (Darwin-17.7.0-x86_64-i386-64bit)
    method: GET
    uri: https://vaultname.vault.azure.net/deletedkeys/key4?api-version=7.1
  response:
    body:
      string: '{"error":{"code":"KeyNotFound","message":"Deleted Key not found: key4"}}'
    headers:
      cache-control:
      - no-cache
      content-length:
      - '72'
      content-type:
      - application/json; charset=utf-8
      date:
      - Wed, 29 Jul 2020 16:14:51 GMT
      expires:
      - '-1'
      pragma:
      - no-cache
      strict-transport-security:
      - max-age=31536000;includeSubDomains
      x-aspnet-version:
      - 4.0.30319
      x-content-type-options:
      - nosniff
      x-ms-keyvault-network-info:
      - conn_type=Ipv4;addr=73.135.72.237;act_addr_fam=InterNetwork;
      x-ms-keyvault-region:
      - westus
      x-ms-keyvault-service-version:
      - 1.1.10.0
      x-powered-by:
      - ASP.NET
    status:
      code: 404
      message: Not Found
- request:
    body: null
    headers:
      Accept:
      - application/json
      Accept-Encoding:
      - gzip, deflate
      Connection:
      - keep-alive
      User-Agent:
      - azsdk-python-keyvault-keys/4.2.0b2 Python/3.7.7 (Darwin-17.7.0-x86_64-i386-64bit)
    method: GET
    uri: https://vaultname.vault.azure.net/deletedkeys/key4?api-version=7.1
  response:
    body:
      string: '{"error":{"code":"KeyNotFound","message":"Deleted Key not found: key4"}}'
    headers:
      cache-control:
      - no-cache
      content-length:
      - '72'
      content-type:
      - application/json; charset=utf-8
      date:
      - Wed, 29 Jul 2020 16:14:53 GMT
      expires:
      - '-1'
      pragma:
      - no-cache
      strict-transport-security:
      - max-age=31536000;includeSubDomains
      x-aspnet-version:
      - 4.0.30319
      x-content-type-options:
      - nosniff
      x-ms-keyvault-network-info:
      - conn_type=Ipv4;addr=73.135.72.237;act_addr_fam=InterNetwork;
      x-ms-keyvault-region:
      - westus
      x-ms-keyvault-service-version:
      - 1.1.10.0
      x-powered-by:
      - ASP.NET
    status:
      code: 404
      message: Not Found
- request:
    body: null
    headers:
      Accept:
      - application/json
      Accept-Encoding:
      - gzip, deflate
      Connection:
      - keep-alive
      User-Agent:
      - azsdk-python-keyvault-keys/4.2.0b2 Python/3.7.7 (Darwin-17.7.0-x86_64-i386-64bit)
    method: GET
    uri: https://vaultname.vault.azure.net/deletedkeys/key4?api-version=7.1
  response:
    body:
      string: '{"error":{"code":"KeyNotFound","message":"Deleted Key not found: key4"}}'
    headers:
      cache-control:
      - no-cache
      content-length:
      - '72'
      content-type:
      - application/json; charset=utf-8
      date:
      - Wed, 29 Jul 2020 16:14:55 GMT
      expires:
      - '-1'
      pragma:
      - no-cache
      strict-transport-security:
      - max-age=31536000;includeSubDomains
      x-aspnet-version:
      - 4.0.30319
      x-content-type-options:
      - nosniff
      x-ms-keyvault-network-info:
      - conn_type=Ipv4;addr=73.135.72.237;act_addr_fam=InterNetwork;
      x-ms-keyvault-region:
      - westus
      x-ms-keyvault-service-version:
      - 1.1.10.0
      x-powered-by:
      - ASP.NET
    status:
      code: 404
      message: Not Found
- request:
    body: null
    headers:
      Accept:
      - application/json
      Accept-Encoding:
      - gzip, deflate
      Connection:
      - keep-alive
      User-Agent:
      - azsdk-python-keyvault-keys/4.2.0b2 Python/3.7.7 (Darwin-17.7.0-x86_64-i386-64bit)
    method: GET
    uri: https://vaultname.vault.azure.net/deletedkeys/key4?api-version=7.1
  response:
    body:
      string: '{"recoveryId":"https://vaultname.vault.azure.net/deletedkeys/key4","deletedDate":1596039268,"scheduledPurgeDate":1603815268,"key":{"kid":"https://vaultname.vault.azure.net/keys/key4/21c8f9c26f5f491c886d88f42358a3dc","kty":"RSA","key_ops":["encrypt","decrypt","sign","verify","wrapKey","unwrapKey"],"n":"tcKARZ0gR9nZRYbZ4ZDVH9EcQ8h8MTh424rgbU16pUWV33moSV4m-C-Xt6JnD2pTdLHpuKst78QGJxdY6SdEl-rXxyVyMFudQ_-RXmeKtDo14L8bz-vhF1yDsJfeiPjs9_xHqoVF2vVwGpTukXS8GVJtVSNFIahZkNQ2HRjN2KLIma8ynbqsmwWxvORbxQQsAQTZ_Qa6NEhrz6d7_lrPfRqNYfQVf8f_EIhhAK9mA_fp-xpmjWJC5-YOfVQsOMlHs3XBdOXrC3iwX6UqgFLmckZNOiM7rc1vCO1CmbTv0aLse3nyPWrhHiCIzd93kfIgGVKlpqD86FzLbLeNS1i1yQ","e":"AQAB"},"attributes":{"enabled":true,"created":1596039164,"updated":1596039164,"recoveryLevel":"Recoverable+Purgeable","recoverableDays":90}}'
    headers:
      cache-control:
      - no-cache
      content-length:
      - '822'
      content-type:
      - application/json; charset=utf-8
      date:
      - Wed, 29 Jul 2020 16:14:57 GMT
      expires:
      - '-1'
      pragma:
      - no-cache
      strict-transport-security:
      - max-age=31536000;includeSubDomains
      x-aspnet-version:
      - 4.0.30319
      x-content-type-options:
      - nosniff
      x-ms-keyvault-network-info:
      - conn_type=Ipv4;addr=73.135.72.237;act_addr_fam=InterNetwork;
      x-ms-keyvault-region:
      - westus
      x-ms-keyvault-service-version:
      - 1.1.10.0
      x-powered-by:
      - ASP.NET
    status:
      code: 200
      message: OK
- request:
    body: null
    headers:
      Accept:
      - application/json
      Accept-Encoding:
      - gzip, deflate
      Connection:
      - keep-alive
      Content-Length:
      - '0'
      User-Agent:
      - azsdk-python-keyvault-keys/4.2.0b2 Python/3.7.7 (Darwin-17.7.0-x86_64-i386-64bit)
    method: DELETE
    uri: https://vaultname.vault.azure.net/keys/key5?api-version=7.1
  response:
    body:
      string: '{"recoveryId":"https://vaultname.vault.azure.net/deletedkeys/key5","deletedDate":1596039298,"scheduledPurgeDate":1603815298,"key":{"kid":"https://vaultname.vault.azure.net/keys/key5/ad8c8a5363d54e69aca4271aea96cad7","kty":"RSA","key_ops":["encrypt","decrypt","sign","verify","wrapKey","unwrapKey"],"n":"tmNPCwEdPfCgTpLZQ2Dr_gLNMQkTKl0pGzjF7PxJwPyVC3c4ZzAupME--KoULJ8LzJQrYw8zJkZL9HM7W38KVqwn39xdKRfrPfCl7yu-WJ1gDQU-LyaQg7m8ua8pTDcBO6nW_pgj0dDklXhd_GI-zGyuX09zDhoh6R302EuOlUbtXyVjqVhs51m-Vp5p0tUciyXOFvBlxIh13qEx7xyy7MKXl6BrTi0ixXQI9HimKcr3T2AfUquNRynMBXqTECWUIrCAlzxB6EQNKv7SSzQIbtA71qSq9OIo0J-RZ--QApBmtbhmFzpJ2aFyJdJHlHf7gIwzdT6gG1bb5SvPYmaEfQ","e":"AQAB"},"attributes":{"enabled":true,"created":1596039164,"updated":1596039164,"recoveryLevel":"Recoverable+Purgeable","recoverableDays":90}}'
    headers:
      cache-control:
      - no-cache
      content-length:
      - '822'
      content-type:
      - application/json; charset=utf-8
      date:
      - Wed, 29 Jul 2020 16:14:57 GMT
      expires:
      - '-1'
      pragma:
      - no-cache
      strict-transport-security:
      - max-age=31536000;includeSubDomains
      x-aspnet-version:
      - 4.0.30319
      x-content-type-options:
      - nosniff
      x-ms-keyvault-network-info:
      - conn_type=Ipv4;addr=73.135.72.237;act_addr_fam=InterNetwork;
      x-ms-keyvault-region:
      - westus
      x-ms-keyvault-service-version:
      - 1.1.10.0
      x-powered-by:
      - ASP.NET
    status:
      code: 200
      message: OK
- request:
    body: null
    headers:
      Accept:
      - application/json
      Accept-Encoding:
      - gzip, deflate
      Connection:
      - keep-alive
      User-Agent:
      - azsdk-python-keyvault-keys/4.2.0b2 Python/3.7.7 (Darwin-17.7.0-x86_64-i386-64bit)
    method: GET
    uri: https://vaultname.vault.azure.net/deletedkeys/key5?api-version=7.1
  response:
    body:
      string: '{"error":{"code":"KeyNotFound","message":"Deleted Key not found: key5"}}'
    headers:
      cache-control:
      - no-cache
      content-length:
      - '72'
      content-type:
      - application/json; charset=utf-8
      date:
      - Wed, 29 Jul 2020 16:14:58 GMT
      expires:
      - '-1'
      pragma:
      - no-cache
      strict-transport-security:
      - max-age=31536000;includeSubDomains
      x-aspnet-version:
      - 4.0.30319
      x-content-type-options:
      - nosniff
      x-ms-keyvault-network-info:
      - conn_type=Ipv4;addr=73.135.72.237;act_addr_fam=InterNetwork;
      x-ms-keyvault-region:
      - westus
      x-ms-keyvault-service-version:
      - 1.1.10.0
      x-powered-by:
      - ASP.NET
    status:
      code: 404
      message: Not Found
- request:
    body: null
    headers:
      Accept:
      - application/json
      Accept-Encoding:
      - gzip, deflate
      Connection:
      - keep-alive
      User-Agent:
      - azsdk-python-keyvault-keys/4.2.0b2 Python/3.7.7 (Darwin-17.7.0-x86_64-i386-64bit)
    method: GET
    uri: https://vaultname.vault.azure.net/deletedkeys/key5?api-version=7.1
  response:
    body:
      string: '{"error":{"code":"KeyNotFound","message":"Deleted Key not found: key5"}}'
    headers:
      cache-control:
      - no-cache
      content-length:
      - '72'
      content-type:
      - application/json; charset=utf-8
      date:
      - Wed, 29 Jul 2020 16:15:00 GMT
      expires:
      - '-1'
      pragma:
      - no-cache
      strict-transport-security:
      - max-age=31536000;includeSubDomains
      x-aspnet-version:
      - 4.0.30319
      x-content-type-options:
      - nosniff
      x-ms-keyvault-network-info:
      - conn_type=Ipv4;addr=73.135.72.237;act_addr_fam=InterNetwork;
      x-ms-keyvault-region:
      - westus
      x-ms-keyvault-service-version:
      - 1.1.10.0
      x-powered-by:
      - ASP.NET
    status:
      code: 404
      message: Not Found
- request:
    body: null
    headers:
      Accept:
      - application/json
      Accept-Encoding:
      - gzip, deflate
      Connection:
      - keep-alive
      User-Agent:
      - azsdk-python-keyvault-keys/4.2.0b2 Python/3.7.7 (Darwin-17.7.0-x86_64-i386-64bit)
    method: GET
    uri: https://vaultname.vault.azure.net/deletedkeys/key5?api-version=7.1
  response:
    body:
      string: '{"error":{"code":"KeyNotFound","message":"Deleted Key not found: key5"}}'
    headers:
      cache-control:
      - no-cache
      content-length:
      - '72'
      content-type:
      - application/json; charset=utf-8
      date:
      - Wed, 29 Jul 2020 16:15:02 GMT
      expires:
      - '-1'
      pragma:
      - no-cache
      strict-transport-security:
      - max-age=31536000;includeSubDomains
      x-aspnet-version:
      - 4.0.30319
      x-content-type-options:
      - nosniff
      x-ms-keyvault-network-info:
      - conn_type=Ipv4;addr=73.135.72.237;act_addr_fam=InterNetwork;
      x-ms-keyvault-region:
      - westus
      x-ms-keyvault-service-version:
      - 1.1.10.0
      x-powered-by:
      - ASP.NET
    status:
      code: 404
      message: Not Found
- request:
    body: null
    headers:
      Accept:
      - application/json
      Accept-Encoding:
      - gzip, deflate
      Connection:
      - keep-alive
      User-Agent:
      - azsdk-python-keyvault-keys/4.2.0b2 Python/3.7.7 (Darwin-17.7.0-x86_64-i386-64bit)
    method: GET
    uri: https://vaultname.vault.azure.net/deletedkeys/key5?api-version=7.1
  response:
    body:
      string: '{"error":{"code":"KeyNotFound","message":"Deleted Key not found: key5"}}'
    headers:
      cache-control:
      - no-cache
      content-length:
      - '72'
      content-type:
      - application/json; charset=utf-8
      date:
      - Wed, 29 Jul 2020 16:15:04 GMT
      expires:
      - '-1'
      pragma:
      - no-cache
      strict-transport-security:
      - max-age=31536000;includeSubDomains
      x-aspnet-version:
      - 4.0.30319
      x-content-type-options:
      - nosniff
      x-ms-keyvault-network-info:
      - conn_type=Ipv4;addr=73.135.72.237;act_addr_fam=InterNetwork;
      x-ms-keyvault-region:
      - westus
      x-ms-keyvault-service-version:
      - 1.1.10.0
      x-powered-by:
      - ASP.NET
    status:
      code: 404
      message: Not Found
- request:
    body: null
    headers:
      Accept:
      - application/json
      Accept-Encoding:
      - gzip, deflate
      Connection:
      - keep-alive
      User-Agent:
      - azsdk-python-keyvault-keys/4.2.0b2 Python/3.7.7 (Darwin-17.7.0-x86_64-i386-64bit)
    method: GET
    uri: https://vaultname.vault.azure.net/deletedkeys/key5?api-version=7.1
  response:
    body:
      string: '{"error":{"code":"KeyNotFound","message":"Deleted Key not found: key5"}}'
    headers:
      cache-control:
      - no-cache
      content-length:
      - '72'
      content-type:
      - application/json; charset=utf-8
      date:
      - Wed, 29 Jul 2020 16:15:06 GMT
      expires:
      - '-1'
      pragma:
      - no-cache
      strict-transport-security:
      - max-age=31536000;includeSubDomains
      x-aspnet-version:
      - 4.0.30319
      x-content-type-options:
      - nosniff
      x-ms-keyvault-network-info:
      - conn_type=Ipv4;addr=73.135.72.237;act_addr_fam=InterNetwork;
      x-ms-keyvault-region:
      - westus
      x-ms-keyvault-service-version:
      - 1.1.10.0
      x-powered-by:
      - ASP.NET
    status:
      code: 404
      message: Not Found
- request:
    body: null
    headers:
      Accept:
      - application/json
      Accept-Encoding:
      - gzip, deflate
      Connection:
      - keep-alive
      User-Agent:
      - azsdk-python-keyvault-keys/4.2.0b2 Python/3.7.7 (Darwin-17.7.0-x86_64-i386-64bit)
    method: GET
    uri: https://vaultname.vault.azure.net/deletedkeys/key5?api-version=7.1
  response:
    body:
      string: '{"error":{"code":"KeyNotFound","message":"Deleted Key not found: key5"}}'
    headers:
      cache-control:
      - no-cache
      content-length:
      - '72'
      content-type:
      - application/json; charset=utf-8
      date:
      - Wed, 29 Jul 2020 16:15:08 GMT
      expires:
      - '-1'
      pragma:
      - no-cache
      strict-transport-security:
      - max-age=31536000;includeSubDomains
      x-aspnet-version:
      - 4.0.30319
      x-content-type-options:
      - nosniff
      x-ms-keyvault-network-info:
      - conn_type=Ipv4;addr=73.135.72.237;act_addr_fam=InterNetwork;
      x-ms-keyvault-region:
      - westus
      x-ms-keyvault-service-version:
      - 1.1.10.0
      x-powered-by:
      - ASP.NET
    status:
      code: 404
      message: Not Found
- request:
    body: null
    headers:
      Accept:
      - application/json
      Accept-Encoding:
      - gzip, deflate
      Connection:
      - keep-alive
      User-Agent:
      - azsdk-python-keyvault-keys/4.2.0b2 Python/3.7.7 (Darwin-17.7.0-x86_64-i386-64bit)
    method: GET
    uri: https://vaultname.vault.azure.net/deletedkeys/key5?api-version=7.1
  response:
    body:
      string: '{"error":{"code":"KeyNotFound","message":"Deleted Key not found: key5"}}'
    headers:
      cache-control:
      - no-cache
      content-length:
      - '72'
      content-type:
      - application/json; charset=utf-8
      date:
      - Wed, 29 Jul 2020 16:15:10 GMT
      expires:
      - '-1'
      pragma:
      - no-cache
      strict-transport-security:
      - max-age=31536000;includeSubDomains
      x-aspnet-version:
      - 4.0.30319
      x-content-type-options:
      - nosniff
      x-ms-keyvault-network-info:
      - conn_type=Ipv4;addr=73.135.72.237;act_addr_fam=InterNetwork;
      x-ms-keyvault-region:
      - westus
      x-ms-keyvault-service-version:
      - 1.1.10.0
      x-powered-by:
      - ASP.NET
    status:
      code: 404
      message: Not Found
- request:
    body: null
    headers:
      Accept:
      - application/json
      Accept-Encoding:
      - gzip, deflate
      Connection:
      - keep-alive
      User-Agent:
      - azsdk-python-keyvault-keys/4.2.0b2 Python/3.7.7 (Darwin-17.7.0-x86_64-i386-64bit)
    method: GET
    uri: https://vaultname.vault.azure.net/deletedkeys/key5?api-version=7.1
  response:
    body:
      string: '{"error":{"code":"KeyNotFound","message":"Deleted Key not found: key5"}}'
    headers:
      cache-control:
      - no-cache
      content-length:
      - '72'
      content-type:
      - application/json; charset=utf-8
      date:
      - Wed, 29 Jul 2020 16:15:12 GMT
      expires:
      - '-1'
      pragma:
      - no-cache
      strict-transport-security:
      - max-age=31536000;includeSubDomains
      x-aspnet-version:
      - 4.0.30319
      x-content-type-options:
      - nosniff
      x-ms-keyvault-network-info:
      - conn_type=Ipv4;addr=73.135.72.237;act_addr_fam=InterNetwork;
      x-ms-keyvault-region:
      - westus
      x-ms-keyvault-service-version:
      - 1.1.10.0
      x-powered-by:
      - ASP.NET
    status:
      code: 404
      message: Not Found
- request:
    body: null
    headers:
      Accept:
      - application/json
      Accept-Encoding:
      - gzip, deflate
      Connection:
      - keep-alive
      User-Agent:
      - azsdk-python-keyvault-keys/4.2.0b2 Python/3.7.7 (Darwin-17.7.0-x86_64-i386-64bit)
    method: GET
    uri: https://vaultname.vault.azure.net/deletedkeys/key5?api-version=7.1
  response:
    body:
      string: '{"error":{"code":"KeyNotFound","message":"Deleted Key not found: key5"}}'
    headers:
      cache-control:
      - no-cache
      content-length:
      - '72'
      content-type:
      - application/json; charset=utf-8
      date:
      - Wed, 29 Jul 2020 16:15:14 GMT
      expires:
      - '-1'
      pragma:
      - no-cache
      strict-transport-security:
      - max-age=31536000;includeSubDomains
      x-aspnet-version:
      - 4.0.30319
      x-content-type-options:
      - nosniff
      x-ms-keyvault-network-info:
      - conn_type=Ipv4;addr=73.135.72.237;act_addr_fam=InterNetwork;
      x-ms-keyvault-region:
      - westus
      x-ms-keyvault-service-version:
      - 1.1.10.0
      x-powered-by:
      - ASP.NET
    status:
      code: 404
      message: Not Found
- request:
    body: null
    headers:
      Accept:
      - application/json
      Accept-Encoding:
      - gzip, deflate
      Connection:
      - keep-alive
      User-Agent:
      - azsdk-python-keyvault-keys/4.2.0b2 Python/3.7.7 (Darwin-17.7.0-x86_64-i386-64bit)
    method: GET
    uri: https://vaultname.vault.azure.net/deletedkeys/key5?api-version=7.1
  response:
    body:
      string: '{"error":{"code":"KeyNotFound","message":"Deleted Key not found: key5"}}'
    headers:
      cache-control:
      - no-cache
      content-length:
      - '72'
      content-type:
      - application/json; charset=utf-8
      date:
      - Wed, 29 Jul 2020 16:15:16 GMT
      expires:
      - '-1'
      pragma:
      - no-cache
      strict-transport-security:
      - max-age=31536000;includeSubDomains
      x-aspnet-version:
      - 4.0.30319
      x-content-type-options:
      - nosniff
      x-ms-keyvault-network-info:
      - conn_type=Ipv4;addr=73.135.72.237;act_addr_fam=InterNetwork;
      x-ms-keyvault-region:
      - westus
      x-ms-keyvault-service-version:
      - 1.1.10.0
      x-powered-by:
      - ASP.NET
    status:
      code: 404
      message: Not Found
- request:
    body: null
    headers:
      Accept:
      - application/json
      Accept-Encoding:
      - gzip, deflate
      Connection:
      - keep-alive
      User-Agent:
      - azsdk-python-keyvault-keys/4.2.0b2 Python/3.7.7 (Darwin-17.7.0-x86_64-i386-64bit)
    method: GET
    uri: https://vaultname.vault.azure.net/deletedkeys/key5?api-version=7.1
  response:
    body:
      string: '{"recoveryId":"https://vaultname.vault.azure.net/deletedkeys/key5","deletedDate":1596039298,"scheduledPurgeDate":1603815298,"key":{"kid":"https://vaultname.vault.azure.net/keys/key5/ad8c8a5363d54e69aca4271aea96cad7","kty":"RSA","key_ops":["encrypt","decrypt","sign","verify","wrapKey","unwrapKey"],"n":"tmNPCwEdPfCgTpLZQ2Dr_gLNMQkTKl0pGzjF7PxJwPyVC3c4ZzAupME--KoULJ8LzJQrYw8zJkZL9HM7W38KVqwn39xdKRfrPfCl7yu-WJ1gDQU-LyaQg7m8ua8pTDcBO6nW_pgj0dDklXhd_GI-zGyuX09zDhoh6R302EuOlUbtXyVjqVhs51m-Vp5p0tUciyXOFvBlxIh13qEx7xyy7MKXl6BrTi0ixXQI9HimKcr3T2AfUquNRynMBXqTECWUIrCAlzxB6EQNKv7SSzQIbtA71qSq9OIo0J-RZ--QApBmtbhmFzpJ2aFyJdJHlHf7gIwzdT6gG1bb5SvPYmaEfQ","e":"AQAB"},"attributes":{"enabled":true,"created":1596039164,"updated":1596039164,"recoveryLevel":"Recoverable+Purgeable","recoverableDays":90}}'
    headers:
      cache-control:
      - no-cache
      content-length:
      - '822'
      content-type:
      - application/json; charset=utf-8
      date:
      - Wed, 29 Jul 2020 16:15:18 GMT
      expires:
      - '-1'
      pragma:
      - no-cache
      strict-transport-security:
      - max-age=31536000;includeSubDomains
      x-aspnet-version:
      - 4.0.30319
      x-content-type-options:
      - nosniff
      x-ms-keyvault-network-info:
      - conn_type=Ipv4;addr=73.135.72.237;act_addr_fam=InterNetwork;
      x-ms-keyvault-region:
      - westus
      x-ms-keyvault-service-version:
      - 1.1.10.0
      x-powered-by:
      - ASP.NET
    status:
      code: 200
      message: OK
- request:
    body: null
    headers:
      Accept:
      - application/json
      Accept-Encoding:
      - gzip, deflate
      Connection:
      - keep-alive
      Content-Length:
      - '0'
      User-Agent:
      - azsdk-python-keyvault-keys/4.2.0b2 Python/3.7.7 (Darwin-17.7.0-x86_64-i386-64bit)
    method: DELETE
    uri: https://vaultname.vault.azure.net/keys/key6?api-version=7.1
  response:
    body:
      string: '{"recoveryId":"https://vaultname.vault.azure.net/deletedkeys/key6","deletedDate":1596039319,"scheduledPurgeDate":1603815319,"key":{"kid":"https://vaultname.vault.azure.net/keys/key6/3fed5413064d48f6a26209b63e238122","kty":"RSA","key_ops":["encrypt","decrypt","sign","verify","wrapKey","unwrapKey"],"n":"vAEluY_hijaiXAUDHyU1-1bWMOHZXvwaCXGbDNZNlSWI934HXkjWX80BVgYlXKHQHzE3Io4tBhpR7dTXZh61ILYw-5bDNeKgPogc6HzeMt7KMn5BFrghdrFC10d27hsKkyb1RqBoq8Vunqe53epdUi7ETe7lw64GpGEkmEM91LM2nMb7jF20CCZhpuNZ-TDyXf5kJSpR958BnHF8gjDXF8gXqEJ-4TJSVAna9Edy29eV64ASzlSCx9CVZXgj-nVXv5lgx5Tn2DmZk7TAiJxfA3DxqRthpGQU0efa1tittaNRK_8iUfYfASLtOoU_9yJjqtxGq1Q4TUh3PJWbNkVa5Q","e":"AQAB"},"attributes":{"enabled":true,"created":1596039165,"updated":1596039165,"recoveryLevel":"Recoverable+Purgeable","recoverableDays":90}}'
    headers:
      cache-control:
      - no-cache
      content-length:
      - '822'
      content-type:
      - application/json; charset=utf-8
      date:
      - Wed, 29 Jul 2020 16:15:18 GMT
      expires:
      - '-1'
      pragma:
      - no-cache
      strict-transport-security:
      - max-age=31536000;includeSubDomains
      x-aspnet-version:
      - 4.0.30319
      x-content-type-options:
      - nosniff
      x-ms-keyvault-network-info:
      - conn_type=Ipv4;addr=73.135.72.237;act_addr_fam=InterNetwork;
      x-ms-keyvault-region:
      - westus
      x-ms-keyvault-service-version:
      - 1.1.10.0
      x-powered-by:
      - ASP.NET
    status:
      code: 200
      message: OK
- request:
    body: null
    headers:
      Accept:
      - application/json
      Accept-Encoding:
      - gzip, deflate
      Connection:
      - keep-alive
      User-Agent:
      - azsdk-python-keyvault-keys/4.2.0b2 Python/3.7.7 (Darwin-17.7.0-x86_64-i386-64bit)
    method: GET
    uri: https://vaultname.vault.azure.net/deletedkeys/key6?api-version=7.1
  response:
    body:
      string: '{"error":{"code":"KeyNotFound","message":"Deleted Key not found: key6"}}'
    headers:
      cache-control:
      - no-cache
      content-length:
      - '72'
      content-type:
      - application/json; charset=utf-8
      date:
      - Wed, 29 Jul 2020 16:15:19 GMT
      expires:
      - '-1'
      pragma:
      - no-cache
      strict-transport-security:
      - max-age=31536000;includeSubDomains
      x-aspnet-version:
      - 4.0.30319
      x-content-type-options:
      - nosniff
      x-ms-keyvault-network-info:
      - conn_type=Ipv4;addr=73.135.72.237;act_addr_fam=InterNetwork;
      x-ms-keyvault-region:
      - westus
      x-ms-keyvault-service-version:
      - 1.1.10.0
      x-powered-by:
      - ASP.NET
    status:
      code: 404
      message: Not Found
- request:
    body: null
    headers:
      Accept:
      - application/json
      Accept-Encoding:
      - gzip, deflate
      Connection:
      - keep-alive
      User-Agent:
      - azsdk-python-keyvault-keys/4.2.0b2 Python/3.7.7 (Darwin-17.7.0-x86_64-i386-64bit)
    method: GET
    uri: https://vaultname.vault.azure.net/deletedkeys/key6?api-version=7.1
  response:
    body:
      string: '{"error":{"code":"KeyNotFound","message":"Deleted Key not found: key6"}}'
    headers:
      cache-control:
      - no-cache
      content-length:
      - '72'
      content-type:
      - application/json; charset=utf-8
      date:
      - Wed, 29 Jul 2020 16:15:21 GMT
      expires:
      - '-1'
      pragma:
      - no-cache
      strict-transport-security:
      - max-age=31536000;includeSubDomains
      x-aspnet-version:
      - 4.0.30319
      x-content-type-options:
      - nosniff
      x-ms-keyvault-network-info:
      - conn_type=Ipv4;addr=73.135.72.237;act_addr_fam=InterNetwork;
      x-ms-keyvault-region:
      - westus
      x-ms-keyvault-service-version:
      - 1.1.10.0
      x-powered-by:
      - ASP.NET
    status:
      code: 404
      message: Not Found
- request:
    body: null
    headers:
      Accept:
      - application/json
      Accept-Encoding:
      - gzip, deflate
      Connection:
      - keep-alive
      User-Agent:
      - azsdk-python-keyvault-keys/4.2.0b2 Python/3.7.7 (Darwin-17.7.0-x86_64-i386-64bit)
    method: GET
    uri: https://vaultname.vault.azure.net/deletedkeys/key6?api-version=7.1
  response:
    body:
      string: '{"error":{"code":"KeyNotFound","message":"Deleted Key not found: key6"}}'
    headers:
      cache-control:
      - no-cache
      content-length:
      - '72'
      content-type:
      - application/json; charset=utf-8
      date:
      - Wed, 29 Jul 2020 16:15:23 GMT
      expires:
      - '-1'
      pragma:
      - no-cache
      strict-transport-security:
      - max-age=31536000;includeSubDomains
      x-aspnet-version:
      - 4.0.30319
      x-content-type-options:
      - nosniff
      x-ms-keyvault-network-info:
      - conn_type=Ipv4;addr=73.135.72.237;act_addr_fam=InterNetwork;
      x-ms-keyvault-region:
      - westus
      x-ms-keyvault-service-version:
      - 1.1.10.0
      x-powered-by:
      - ASP.NET
    status:
      code: 404
      message: Not Found
- request:
    body: null
    headers:
      Accept:
      - application/json
      Accept-Encoding:
      - gzip, deflate
      Connection:
      - keep-alive
      User-Agent:
      - azsdk-python-keyvault-keys/4.2.0b2 Python/3.7.7 (Darwin-17.7.0-x86_64-i386-64bit)
    method: GET
    uri: https://vaultname.vault.azure.net/deletedkeys/key6?api-version=7.1
  response:
    body:
      string: '{"error":{"code":"KeyNotFound","message":"Deleted Key not found: key6"}}'
    headers:
      cache-control:
      - no-cache
      content-length:
      - '72'
      content-type:
      - application/json; charset=utf-8
      date:
      - Wed, 29 Jul 2020 16:15:25 GMT
      expires:
      - '-1'
      pragma:
      - no-cache
      strict-transport-security:
      - max-age=31536000;includeSubDomains
      x-aspnet-version:
      - 4.0.30319
      x-content-type-options:
      - nosniff
      x-ms-keyvault-network-info:
      - conn_type=Ipv4;addr=73.135.72.237;act_addr_fam=InterNetwork;
      x-ms-keyvault-region:
      - westus
      x-ms-keyvault-service-version:
      - 1.1.10.0
      x-powered-by:
      - ASP.NET
    status:
      code: 404
      message: Not Found
- request:
    body: null
    headers:
      Accept:
      - application/json
      Accept-Encoding:
      - gzip, deflate
      Connection:
      - keep-alive
      User-Agent:
      - azsdk-python-keyvault-keys/4.2.0b2 Python/3.7.7 (Darwin-17.7.0-x86_64-i386-64bit)
    method: GET
    uri: https://vaultname.vault.azure.net/deletedkeys/key6?api-version=7.1
  response:
    body:
      string: '{"error":{"code":"KeyNotFound","message":"Deleted Key not found: key6"}}'
    headers:
      cache-control:
      - no-cache
      content-length:
      - '72'
      content-type:
      - application/json; charset=utf-8
      date:
      - Wed, 29 Jul 2020 16:15:27 GMT
      expires:
      - '-1'
      pragma:
      - no-cache
      strict-transport-security:
      - max-age=31536000;includeSubDomains
      x-aspnet-version:
      - 4.0.30319
      x-content-type-options:
      - nosniff
      x-ms-keyvault-network-info:
      - conn_type=Ipv4;addr=73.135.72.237;act_addr_fam=InterNetwork;
      x-ms-keyvault-region:
      - westus
      x-ms-keyvault-service-version:
      - 1.1.10.0
      x-powered-by:
      - ASP.NET
    status:
      code: 404
      message: Not Found
- request:
    body: null
    headers:
      Accept:
      - application/json
      Accept-Encoding:
      - gzip, deflate
      Connection:
      - keep-alive
      User-Agent:
      - azsdk-python-keyvault-keys/4.2.0b2 Python/3.7.7 (Darwin-17.7.0-x86_64-i386-64bit)
    method: GET
    uri: https://vaultname.vault.azure.net/deletedkeys/key6?api-version=7.1
  response:
    body:
      string: '{"error":{"code":"KeyNotFound","message":"Deleted Key not found: key6"}}'
    headers:
      cache-control:
      - no-cache
      content-length:
      - '72'
      content-type:
      - application/json; charset=utf-8
      date:
      - Wed, 29 Jul 2020 16:15:29 GMT
      expires:
      - '-1'
      pragma:
      - no-cache
      strict-transport-security:
      - max-age=31536000;includeSubDomains
      x-aspnet-version:
      - 4.0.30319
      x-content-type-options:
      - nosniff
      x-ms-keyvault-network-info:
      - conn_type=Ipv4;addr=73.135.72.237;act_addr_fam=InterNetwork;
      x-ms-keyvault-region:
      - westus
      x-ms-keyvault-service-version:
      - 1.1.10.0
      x-powered-by:
      - ASP.NET
    status:
      code: 404
      message: Not Found
- request:
    body: null
    headers:
      Accept:
      - application/json
      Accept-Encoding:
      - gzip, deflate
      Connection:
      - keep-alive
      User-Agent:
      - azsdk-python-keyvault-keys/4.2.0b2 Python/3.7.7 (Darwin-17.7.0-x86_64-i386-64bit)
    method: GET
    uri: https://vaultname.vault.azure.net/deletedkeys/key6?api-version=7.1
  response:
    body:
      string: '{"error":{"code":"KeyNotFound","message":"Deleted Key not found: key6"}}'
    headers:
      cache-control:
      - no-cache
      content-length:
      - '72'
      content-type:
      - application/json; charset=utf-8
      date:
      - Wed, 29 Jul 2020 16:15:31 GMT
      expires:
      - '-1'
      pragma:
      - no-cache
      strict-transport-security:
      - max-age=31536000;includeSubDomains
      x-aspnet-version:
      - 4.0.30319
      x-content-type-options:
      - nosniff
      x-ms-keyvault-network-info:
      - conn_type=Ipv4;addr=73.135.72.237;act_addr_fam=InterNetwork;
      x-ms-keyvault-region:
      - westus
      x-ms-keyvault-service-version:
      - 1.1.10.0
      x-powered-by:
      - ASP.NET
    status:
      code: 404
      message: Not Found
- request:
    body: null
    headers:
      Accept:
      - application/json
      Accept-Encoding:
      - gzip, deflate
      Connection:
      - keep-alive
      User-Agent:
      - azsdk-python-keyvault-keys/4.2.0b2 Python/3.7.7 (Darwin-17.7.0-x86_64-i386-64bit)
    method: GET
    uri: https://vaultname.vault.azure.net/deletedkeys/key6?api-version=7.1
  response:
    body:
      string: '{"error":{"code":"KeyNotFound","message":"Deleted Key not found: key6"}}'
    headers:
      cache-control:
      - no-cache
      content-length:
      - '72'
      content-type:
      - application/json; charset=utf-8
      date:
      - Wed, 29 Jul 2020 16:15:34 GMT
      expires:
      - '-1'
      pragma:
      - no-cache
      strict-transport-security:
      - max-age=31536000;includeSubDomains
      x-aspnet-version:
      - 4.0.30319
      x-content-type-options:
      - nosniff
      x-ms-keyvault-network-info:
      - conn_type=Ipv4;addr=73.135.72.237;act_addr_fam=InterNetwork;
      x-ms-keyvault-region:
      - westus
      x-ms-keyvault-service-version:
      - 1.1.10.0
      x-powered-by:
      - ASP.NET
    status:
      code: 404
      message: Not Found
- request:
    body: null
    headers:
      Accept:
      - application/json
      Accept-Encoding:
      - gzip, deflate
      Connection:
      - keep-alive
      User-Agent:
      - azsdk-python-keyvault-keys/4.2.0b2 Python/3.7.7 (Darwin-17.7.0-x86_64-i386-64bit)
    method: GET
    uri: https://vaultname.vault.azure.net/deletedkeys/key6?api-version=7.1
  response:
    body:
      string: '{"error":{"code":"KeyNotFound","message":"Deleted Key not found: key6"}}'
    headers:
      cache-control:
      - no-cache
      content-length:
      - '72'
      content-type:
      - application/json; charset=utf-8
      date:
      - Wed, 29 Jul 2020 16:15:36 GMT
      expires:
      - '-1'
      pragma:
      - no-cache
      strict-transport-security:
      - max-age=31536000;includeSubDomains
      x-aspnet-version:
      - 4.0.30319
      x-content-type-options:
      - nosniff
      x-ms-keyvault-network-info:
      - conn_type=Ipv4;addr=73.135.72.237;act_addr_fam=InterNetwork;
      x-ms-keyvault-region:
      - westus
      x-ms-keyvault-service-version:
      - 1.1.10.0
      x-powered-by:
      - ASP.NET
    status:
      code: 404
      message: Not Found
- request:
    body: null
    headers:
      Accept:
      - application/json
      Accept-Encoding:
      - gzip, deflate
      Connection:
      - keep-alive
      User-Agent:
      - azsdk-python-keyvault-keys/4.2.0b2 Python/3.7.7 (Darwin-17.7.0-x86_64-i386-64bit)
    method: GET
    uri: https://vaultname.vault.azure.net/deletedkeys/key6?api-version=7.1
  response:
    body:
      string: '{"error":{"code":"KeyNotFound","message":"Deleted Key not found: key6"}}'
    headers:
      cache-control:
      - no-cache
      content-length:
      - '72'
      content-type:
      - application/json; charset=utf-8
      date:
      - Wed, 29 Jul 2020 16:15:38 GMT
      expires:
      - '-1'
      pragma:
      - no-cache
      strict-transport-security:
      - max-age=31536000;includeSubDomains
      x-aspnet-version:
      - 4.0.30319
      x-content-type-options:
      - nosniff
      x-ms-keyvault-network-info:
      - conn_type=Ipv4;addr=73.135.72.237;act_addr_fam=InterNetwork;
      x-ms-keyvault-region:
      - westus
      x-ms-keyvault-service-version:
      - 1.1.10.0
      x-powered-by:
      - ASP.NET
    status:
      code: 404
      message: Not Found
- request:
    body: null
    headers:
      Accept:
      - application/json
      Accept-Encoding:
      - gzip, deflate
      Connection:
      - keep-alive
      User-Agent:
      - azsdk-python-keyvault-keys/4.2.0b2 Python/3.7.7 (Darwin-17.7.0-x86_64-i386-64bit)
    method: GET
    uri: https://vaultname.vault.azure.net/deletedkeys/key6?api-version=7.1
  response:
    body:
      string: '{"error":{"code":"KeyNotFound","message":"Deleted Key not found: key6"}}'
    headers:
      cache-control:
      - no-cache
      content-length:
      - '72'
      content-type:
      - application/json; charset=utf-8
      date:
      - Wed, 29 Jul 2020 16:15:40 GMT
      expires:
      - '-1'
      pragma:
      - no-cache
      strict-transport-security:
      - max-age=31536000;includeSubDomains
      x-aspnet-version:
      - 4.0.30319
      x-content-type-options:
      - nosniff
      x-ms-keyvault-network-info:
      - conn_type=Ipv4;addr=73.135.72.237;act_addr_fam=InterNetwork;
      x-ms-keyvault-region:
      - westus
      x-ms-keyvault-service-version:
      - 1.1.10.0
      x-powered-by:
      - ASP.NET
    status:
      code: 404
      message: Not Found
- request:
    body: null
    headers:
      Accept:
      - application/json
      Accept-Encoding:
      - gzip, deflate
      Connection:
      - keep-alive
      User-Agent:
      - azsdk-python-keyvault-keys/4.2.0b2 Python/3.7.7 (Darwin-17.7.0-x86_64-i386-64bit)
    method: GET
    uri: https://vaultname.vault.azure.net/deletedkeys/key6?api-version=7.1
  response:
    body:
      string: '{"error":{"code":"KeyNotFound","message":"Deleted Key not found: key6"}}'
    headers:
      cache-control:
      - no-cache
      content-length:
      - '72'
      content-type:
      - application/json; charset=utf-8
      date:
      - Wed, 29 Jul 2020 16:15:42 GMT
      expires:
      - '-1'
      pragma:
      - no-cache
      strict-transport-security:
      - max-age=31536000;includeSubDomains
      x-aspnet-version:
      - 4.0.30319
      x-content-type-options:
      - nosniff
      x-ms-keyvault-network-info:
      - conn_type=Ipv4;addr=73.135.72.237;act_addr_fam=InterNetwork;
      x-ms-keyvault-region:
      - westus
      x-ms-keyvault-service-version:
      - 1.1.10.0
      x-powered-by:
      - ASP.NET
    status:
      code: 404
      message: Not Found
- request:
    body: null
    headers:
      Accept:
      - application/json
      Accept-Encoding:
      - gzip, deflate
      Connection:
      - keep-alive
      User-Agent:
      - azsdk-python-keyvault-keys/4.2.0b2 Python/3.7.7 (Darwin-17.7.0-x86_64-i386-64bit)
    method: GET
    uri: https://vaultname.vault.azure.net/deletedkeys/key6?api-version=7.1
  response:
    body:
      string: '{"recoveryId":"https://vaultname.vault.azure.net/deletedkeys/key6","deletedDate":1596039319,"scheduledPurgeDate":1603815319,"key":{"kid":"https://vaultname.vault.azure.net/keys/key6/3fed5413064d48f6a26209b63e238122","kty":"RSA","key_ops":["encrypt","decrypt","sign","verify","wrapKey","unwrapKey"],"n":"vAEluY_hijaiXAUDHyU1-1bWMOHZXvwaCXGbDNZNlSWI934HXkjWX80BVgYlXKHQHzE3Io4tBhpR7dTXZh61ILYw-5bDNeKgPogc6HzeMt7KMn5BFrghdrFC10d27hsKkyb1RqBoq8Vunqe53epdUi7ETe7lw64GpGEkmEM91LM2nMb7jF20CCZhpuNZ-TDyXf5kJSpR958BnHF8gjDXF8gXqEJ-4TJSVAna9Edy29eV64ASzlSCx9CVZXgj-nVXv5lgx5Tn2DmZk7TAiJxfA3DxqRthpGQU0efa1tittaNRK_8iUfYfASLtOoU_9yJjqtxGq1Q4TUh3PJWbNkVa5Q","e":"AQAB"},"attributes":{"enabled":true,"created":1596039165,"updated":1596039165,"recoveryLevel":"Recoverable+Purgeable","recoverableDays":90}}'
    headers:
      cache-control:
      - no-cache
      content-length:
      - '822'
      content-type:
      - application/json; charset=utf-8
      date:
      - Wed, 29 Jul 2020 16:15:44 GMT
      expires:
      - '-1'
      pragma:
      - no-cache
      strict-transport-security:
      - max-age=31536000;includeSubDomains
      x-aspnet-version:
      - 4.0.30319
      x-content-type-options:
      - nosniff
      x-ms-keyvault-network-info:
      - conn_type=Ipv4;addr=73.135.72.237;act_addr_fam=InterNetwork;
      x-ms-keyvault-region:
      - westus
      x-ms-keyvault-service-version:
      - 1.1.10.0
      x-powered-by:
      - ASP.NET
    status:
      code: 200
      message: OK
- request:
    body: null
    headers:
      Accept:
      - application/json
      Accept-Encoding:
      - gzip, deflate
      Connection:
      - keep-alive
      User-Agent:
      - azsdk-python-keyvault-keys/4.2.0b2 Python/3.7.7 (Darwin-17.7.0-x86_64-i386-64bit)
    method: GET
    uri: https://vaultname.vault.azure.net/deletedkeys?api-version=7.1
  response:
    body:
      string: '{"value":[{"recoveryId":"https://vaultname.vault.azure.net/deletedkeys/key0","deletedDate":1596039165,"scheduledPurgeDate":1603815165,"kid":"https://vaultname.vault.azure.net/keys/key0","attributes":{"enabled":true,"created":1596039163,"updated":1596039163,"recoveryLevel":"Recoverable+Purgeable","recoverableDays":90}},{"recoveryId":"https://vaultname.vault.azure.net/deletedkeys/key1","deletedDate":1596039188,"scheduledPurgeDate":1603815188,"kid":"https://vaultname.vault.azure.net/keys/key1","attributes":{"enabled":true,"created":1596039163,"updated":1596039163,"recoveryLevel":"Recoverable+Purgeable","recoverableDays":90}},{"recoveryId":"https://vaultname.vault.azure.net/deletedkeys/key2","deletedDate":1596039218,"scheduledPurgeDate":1603815218,"kid":"https://vaultname.vault.azure.net/keys/key2","attributes":{"enabled":true,"created":1596039164,"updated":1596039164,"recoveryLevel":"Recoverable+Purgeable","recoverableDays":90}},{"recoveryId":"https://vaultname.vault.azure.net/deletedkeys/key3","deletedDate":1596039244,"scheduledPurgeDate":1603815244,"kid":"https://vaultname.vault.azure.net/keys/key3","attributes":{"enabled":true,"created":1596039164,"updated":1596039164,"recoveryLevel":"Recoverable+Purgeable","recoverableDays":90}},{"recoveryId":"https://vaultname.vault.azure.net/deletedkeys/key4","deletedDate":1596039268,"scheduledPurgeDate":1603815268,"kid":"https://vaultname.vault.azure.net/keys/key4","attributes":{"enabled":true,"created":1596039164,"updated":1596039164,"recoveryLevel":"Recoverable+Purgeable","recoverableDays":90}},{"recoveryId":"https://vaultname.vault.azure.net/deletedkeys/key5","deletedDate":1596039298,"scheduledPurgeDate":1603815298,"kid":"https://vaultname.vault.azure.net/keys/key5","attributes":{"enabled":true,"created":1596039164,"updated":1596039164,"recoveryLevel":"Recoverable+Purgeable","recoverableDays":90}},{"recoveryId":"https://vaultname.vault.azure.net/deletedkeys/key6","deletedDate":1596039319,"scheduledPurgeDate":1603815319,"kid":"https://vaultname.vault.azure.net/keys/key6","attributes":{"enabled":true,"created":1596039165,"updated":1596039165,"recoveryLevel":"Recoverable+Purgeable","recoverableDays":90}}],"nextLink":null}'
    headers:
      cache-control:
      - no-cache
      content-length:
      - '2407'
      content-type:
      - application/json; charset=utf-8
      date:
      - Wed, 29 Jul 2020 16:15:45 GMT
      expires:
      - '-1'
      pragma:
      - no-cache
      strict-transport-security:
      - max-age=31536000;includeSubDomains
      x-aspnet-version:
      - 4.0.30319
      x-content-type-options:
      - nosniff
      x-ms-keyvault-network-info:
      - conn_type=Ipv4;addr=73.135.72.237;act_addr_fam=InterNetwork;
      x-ms-keyvault-region:
      - westus
      x-ms-keyvault-service-version:
      - 1.1.10.0
      x-powered-by:
      - ASP.NET
    status:
      code: 200
      message: OK
- request:
    body: null
    headers:
      Accept:
      - application/json
      Accept-Encoding:
      - gzip, deflate
      Connection:
      - keep-alive
      User-Agent:
      - azsdk-python-keyvault-keys/4.2.0b2 Python/3.7.7 (Darwin-17.7.0-x86_64-i386-64bit)
    method: GET
    uri: https://vaultname.vault.azure.net/deletedkeys?api-version=7.1
  response:
    body:
      string: '{"value":[{"recoveryId":"https://vaultname.vault.azure.net/deletedkeys/key0","deletedDate":1596039165,"scheduledPurgeDate":1603815165,"kid":"https://vaultname.vault.azure.net/keys/key0","attributes":{"enabled":true,"created":1596039163,"updated":1596039163,"recoveryLevel":"Recoverable+Purgeable","recoverableDays":90}},{"recoveryId":"https://vaultname.vault.azure.net/deletedkeys/key1","deletedDate":1596039188,"scheduledPurgeDate":1603815188,"kid":"https://vaultname.vault.azure.net/keys/key1","attributes":{"enabled":true,"created":1596039163,"updated":1596039163,"recoveryLevel":"Recoverable+Purgeable","recoverableDays":90}},{"recoveryId":"https://vaultname.vault.azure.net/deletedkeys/key2","deletedDate":1596039218,"scheduledPurgeDate":1603815218,"kid":"https://vaultname.vault.azure.net/keys/key2","attributes":{"enabled":true,"created":1596039164,"updated":1596039164,"recoveryLevel":"Recoverable+Purgeable","recoverableDays":90}},{"recoveryId":"https://vaultname.vault.azure.net/deletedkeys/key3","deletedDate":1596039244,"scheduledPurgeDate":1603815244,"kid":"https://vaultname.vault.azure.net/keys/key3","attributes":{"enabled":true,"created":1596039164,"updated":1596039164,"recoveryLevel":"Recoverable+Purgeable","recoverableDays":90}},{"recoveryId":"https://vaultname.vault.azure.net/deletedkeys/key4","deletedDate":1596039268,"scheduledPurgeDate":1603815268,"kid":"https://vaultname.vault.azure.net/keys/key4","attributes":{"enabled":true,"created":1596039164,"updated":1596039164,"recoveryLevel":"Recoverable+Purgeable","recoverableDays":90}},{"recoveryId":"https://vaultname.vault.azure.net/deletedkeys/key5","deletedDate":1596039298,"scheduledPurgeDate":1603815298,"kid":"https://vaultname.vault.azure.net/keys/key5","attributes":{"enabled":true,"created":1596039164,"updated":1596039164,"recoveryLevel":"Recoverable+Purgeable","recoverableDays":90}},{"recoveryId":"https://vaultname.vault.azure.net/deletedkeys/key6","deletedDate":1596039319,"scheduledPurgeDate":1603815319,"kid":"https://vaultname.vault.azure.net/keys/key6","attributes":{"enabled":true,"created":1596039165,"updated":1596039165,"recoveryLevel":"Recoverable+Purgeable","recoverableDays":90}}],"nextLink":null}'
    headers:
      cache-control:
      - no-cache
      content-length:
      - '2407'
      content-type:
      - application/json; charset=utf-8
      date:
      - Wed, 29 Jul 2020 16:15:45 GMT
      expires:
      - '-1'
      pragma:
      - no-cache
      strict-transport-security:
      - max-age=31536000;includeSubDomains
      x-aspnet-version:
      - 4.0.30319
      x-content-type-options:
      - nosniff
      x-ms-keyvault-network-info:
      - conn_type=Ipv4;addr=73.135.72.237;act_addr_fam=InterNetwork;
      x-ms-keyvault-region:
      - westus
      x-ms-keyvault-service-version:
      - 1.1.10.0
      x-powered-by:
      - ASP.NET
    status:
      code: 200
      message: OK
version: 1
