interactions:
- request:
    body: null
    headers:
      Accept:
      - application/json
      Content-Length:
      - '0'
      Content-Type:
      - application/json
      User-Agent:
      - azsdk-python-keyvault-keys/4.2.0b2 Python/3.7.7 (Darwin-17.7.0-x86_64-i386-64bit)
    method: POST
    uri: https://vaultname.vault.azure.net/keys/key0/create?api-version=7.1
  response:
    body:
      string: '{"error":{"code":"Unauthorized","message":"Request is missing a Bearer
        or PoP token."}}'
    headers:
      cache-control: no-cache
      content-length: '87'
      content-type: application/json; charset=utf-8
      date: Wed, 29 Jul 2020 16:14:07 GMT
      expires: '-1'
      pragma: no-cache
      strict-transport-security: max-age=31536000;includeSubDomains
      www-authenticate: Bearer authorization="https://login.windows.net/72f988bf-86f1-41af-91ab-2d7cd011db47",
        resource="https://vault.azure.net"
      x-aspnet-version: 4.0.30319
      x-content-type-options: nosniff
      x-ms-keyvault-network-info: conn_type=Ipv4;addr=73.135.72.237;act_addr_fam=InterNetwork;
      x-ms-keyvault-region: westus
      x-ms-keyvault-service-version: 1.1.10.0
      x-powered-by: ASP.NET
    status:
      code: 401
      message: Unauthorized
    url: https://so5ecwnau777x4z2c5sllcjp.vault.azure.net/keys/key0/create?api-version=7.1
- request:
    body: '{"kty": "EC"}'
    headers:
      Accept:
      - application/json
      Content-Length:
      - '13'
      Content-Type:
      - application/json
      User-Agent:
      - azsdk-python-keyvault-keys/4.2.0b2 Python/3.7.7 (Darwin-17.7.0-x86_64-i386-64bit)
    method: POST
    uri: https://vaultname.vault.azure.net/keys/key0/create?api-version=7.1
  response:
    body:
      string: '{"key":{"kid":"https://vaultname.vault.azure.net/keys/key0/e33eb963ffc7403aa247ebd3e98de876","kty":"EC","key_ops":["sign","verify"],"crv":"P-256","x":"OdvBaYdPW6fY84uydldCEEfUwZAofmSMNQOue8meGFQ","y":"AXOOLIpJORi_jIMSkoJnGK4mp3vHnWFv7y_QgMsl9rU"},"attributes":{"enabled":true,"created":1596039248,"updated":1596039248,"recoveryLevel":"Recoverable+Purgeable","recoverableDays":90}}'
    headers:
      cache-control: no-cache
      content-length: '395'
      content-type: application/json; charset=utf-8
      date: Wed, 29 Jul 2020 16:14:08 GMT
      expires: '-1'
      pragma: no-cache
      strict-transport-security: max-age=31536000;includeSubDomains
      x-aspnet-version: 4.0.30319
      x-content-type-options: nosniff
      x-ms-keyvault-network-info: conn_type=Ipv4;addr=73.135.72.237;act_addr_fam=InterNetwork;
      x-ms-keyvault-region: westus
      x-ms-keyvault-service-version: 1.1.10.0
      x-powered-by: ASP.NET
    status:
      code: 200
      message: OK
    url: https://so5ecwnau777x4z2c5sllcjp.vault.azure.net/keys/key0/create?api-version=7.1
- request:
    body: '{"kty": "EC"}'
    headers:
      Accept:
      - application/json
      Content-Length:
      - '13'
      Content-Type:
      - application/json
      User-Agent:
      - azsdk-python-keyvault-keys/4.2.0b2 Python/3.7.7 (Darwin-17.7.0-x86_64-i386-64bit)
    method: POST
    uri: https://vaultname.vault.azure.net/keys/key1/create?api-version=7.1
  response:
    body:
      string: '{"key":{"kid":"https://vaultname.vault.azure.net/keys/key1/8d6001eaedf84d398eb6cdfdb9f8bba7","kty":"EC","key_ops":["sign","verify"],"crv":"P-256","x":"BljdXNDLsKIDQkN2iJAw3xAGhpIoRlknQ3rb2iuC_hc","y":"Y76hixnENDqWecwX1aQJYrV9bGdkCmF5g7WEHtoXjeM"},"attributes":{"enabled":true,"created":1596039249,"updated":1596039249,"recoveryLevel":"Recoverable+Purgeable","recoverableDays":90}}'
    headers:
      cache-control: no-cache
      content-length: '395'
      content-type: application/json; charset=utf-8
      date: Wed, 29 Jul 2020 16:14:08 GMT
      expires: '-1'
      pragma: no-cache
      strict-transport-security: max-age=31536000;includeSubDomains
      x-aspnet-version: 4.0.30319
      x-content-type-options: nosniff
      x-ms-keyvault-network-info: conn_type=Ipv4;addr=73.135.72.237;act_addr_fam=InterNetwork;
      x-ms-keyvault-region: westus
      x-ms-keyvault-service-version: 1.1.10.0
      x-powered-by: ASP.NET
    status:
      code: 200
      message: OK
    url: https://so5ecwnau777x4z2c5sllcjp.vault.azure.net/keys/key1/create?api-version=7.1
- request:
    body: '{"kty": "EC"}'
    headers:
      Accept:
      - application/json
      Content-Length:
      - '13'
      Content-Type:
      - application/json
      User-Agent:
      - azsdk-python-keyvault-keys/4.2.0b2 Python/3.7.7 (Darwin-17.7.0-x86_64-i386-64bit)
    method: POST
    uri: https://vaultname.vault.azure.net/keys/key2/create?api-version=7.1
  response:
    body:
      string: '{"key":{"kid":"https://vaultname.vault.azure.net/keys/key2/96b376be38034501b612d1fee2c5c940","kty":"EC","key_ops":["sign","verify"],"crv":"P-256","x":"NRuKC5OJRH_cGen2GlU_KUNMxMnSMWCpWoMWDLBd1Ik","y":"V2ukDvVux6b9TrsnLkEZzwZ8fdataYo9JdGz5ejocgA"},"attributes":{"enabled":true,"created":1596039249,"updated":1596039249,"recoveryLevel":"Recoverable+Purgeable","recoverableDays":90}}'
    headers:
      cache-control: no-cache
      content-length: '395'
      content-type: application/json; charset=utf-8
      date: Wed, 29 Jul 2020 16:14:08 GMT
      expires: '-1'
      pragma: no-cache
      strict-transport-security: max-age=31536000;includeSubDomains
      x-aspnet-version: 4.0.30319
      x-content-type-options: nosniff
      x-ms-keyvault-network-info: conn_type=Ipv4;addr=73.135.72.237;act_addr_fam=InterNetwork;
      x-ms-keyvault-region: westus
      x-ms-keyvault-service-version: 1.1.10.0
      x-powered-by: ASP.NET
    status:
      code: 200
      message: OK
    url: https://so5ecwnau777x4z2c5sllcjp.vault.azure.net/keys/key2/create?api-version=7.1
- request:
    body: '{"kty": "EC"}'
    headers:
      Accept:
      - application/json
      Content-Length:
      - '13'
      Content-Type:
      - application/json
      User-Agent:
      - azsdk-python-keyvault-keys/4.2.0b2 Python/3.7.7 (Darwin-17.7.0-x86_64-i386-64bit)
    method: POST
    uri: https://vaultname.vault.azure.net/keys/key3/create?api-version=7.1
  response:
    body:
      string: '{"key":{"kid":"https://vaultname.vault.azure.net/keys/key3/4023700aa3c04e37a75d81108ecbf47b","kty":"EC","key_ops":["sign","verify"],"crv":"P-256","x":"eGAInGqQ-_CrbmrvaHeR3pyz8GWjbWQQlfS5kcHsxpQ","y":"9FBFZs5NRzwwoYyBXRJHKFrWZddLsZaiY_6WOpU3XzY"},"attributes":{"enabled":true,"created":1596039249,"updated":1596039249,"recoveryLevel":"Recoverable+Purgeable","recoverableDays":90}}'
    headers:
      cache-control: no-cache
      content-length: '395'
      content-type: application/json; charset=utf-8
      date: Wed, 29 Jul 2020 16:14:08 GMT
      expires: '-1'
      pragma: no-cache
      strict-transport-security: max-age=31536000;includeSubDomains
      x-aspnet-version: 4.0.30319
      x-content-type-options: nosniff
      x-ms-keyvault-network-info: conn_type=Ipv4;addr=73.135.72.237;act_addr_fam=InterNetwork;
      x-ms-keyvault-region: westus
      x-ms-keyvault-service-version: 1.1.10.0
      x-powered-by: ASP.NET
    status:
      code: 200
      message: OK
    url: https://so5ecwnau777x4z2c5sllcjp.vault.azure.net/keys/key3/create?api-version=7.1
- request:
    body: '{"kty": "RSA"}'
    headers:
      Accept:
      - application/json
      Content-Length:
      - '14'
      Content-Type:
      - application/json
      User-Agent:
      - azsdk-python-keyvault-keys/4.2.0b2 Python/3.7.7 (Darwin-17.7.0-x86_64-i386-64bit)
    method: POST
    uri: https://vaultname.vault.azure.net/keys/key0/create?api-version=7.1
  response:
    body:
      string: '{"key":{"kid":"https://vaultname.vault.azure.net/keys/key0/a4ecc2c17afe4a7a96f109790ce1196d","kty":"RSA","key_ops":["encrypt","decrypt","sign","verify","wrapKey","unwrapKey"],"n":"n5TM3tYzKLpi5xSPt0sR8D8I6oU0jQv8iKAsgsIu6sEam6Z4z7jLkKgcEfBMrlm3Ey8jdosTryuESXuNYw2GbydaqczBeL8Di5kMprnrL26ss-DU3-XI9fxRSdo2Jbqy8lmC3Mbii0CKollyLUxsSoH_MAgWQb2II13Jk8sTS1B9-TF29ruQWVFbeyNCG24aHL6WQGkqxI1sC6pR6PVK9KmKBtjdNA_06gdFq0WSMSaf6r_Nqt1aA11Q48QmTA1dVMR56qfccxtRnZ5jLvRS2XVN2bCBCV0iKTOiLNePWLVMOeAMxmOaPP9rcEMil7NMVnXkcFp5gdmRMKZ5HIMpWw","e":"AQAB"},"attributes":{"enabled":true,"created":1596039249,"updated":1596039249,"recoveryLevel":"Recoverable+Purgeable","recoverableDays":90}}'
    headers:
      cache-control: no-cache
      content-length: '684'
      content-type: application/json; charset=utf-8
      date: Wed, 29 Jul 2020 16:14:09 GMT
      expires: '-1'
      pragma: no-cache
      strict-transport-security: max-age=31536000;includeSubDomains
      x-aspnet-version: 4.0.30319
      x-content-type-options: nosniff
      x-ms-keyvault-network-info: conn_type=Ipv4;addr=73.135.72.237;act_addr_fam=InterNetwork;
      x-ms-keyvault-region: westus
      x-ms-keyvault-service-version: 1.1.10.0
      x-powered-by: ASP.NET
    status:
      code: 200
      message: OK
    url: https://so5ecwnau777x4z2c5sllcjp.vault.azure.net/keys/key0/create?api-version=7.1
- request:
    body: '{"kty": "RSA"}'
    headers:
      Accept:
      - application/json
      Content-Length:
      - '14'
      Content-Type:
      - application/json
      User-Agent:
      - azsdk-python-keyvault-keys/4.2.0b2 Python/3.7.7 (Darwin-17.7.0-x86_64-i386-64bit)
    method: POST
    uri: https://vaultname.vault.azure.net/keys/key1/create?api-version=7.1
  response:
    body:
      string: '{"key":{"kid":"https://vaultname.vault.azure.net/keys/key1/138e0f82c4504da9b57f0ee03a94f3dc","kty":"RSA","key_ops":["encrypt","decrypt","sign","verify","wrapKey","unwrapKey"],"n":"zMROzmf71WzPVpiYF9qNZKFMlFwE55-hAPec27QVEfmcDCAQka7k5AGWUV_hyd9oILJlGypFYr0LtzqVu5gsTS_qDiDDedTzWNFa8pAj96HtFm0LRTty1tTQew4MPqBGAq01x_GjHG4sCV4QIALUKsguGQKfuISAvbwPWDK-fgypVlmXy82cGTvoAcTRi_tQJqgYbp57tWG964kG9no0q21rTIG3F8jfRO2UIUH-2GDQCPmUPO3z8YhdAShaNOWr_3zyZWWLE4gtO9r2gNCBc8twNQ2T3faoMHtA9Fqx9RU-Yij6Gw4L3tJd-KjUkKYPP83YzYRLW2oOwVB3ndr7aQ","e":"AQAB"},"attributes":{"enabled":true,"created":1596039250,"updated":1596039250,"recoveryLevel":"Recoverable+Purgeable","recoverableDays":90}}'
    headers:
      cache-control: no-cache
      content-length: '684'
      content-type: application/json; charset=utf-8
      date: Wed, 29 Jul 2020 16:14:09 GMT
      expires: '-1'
      pragma: no-cache
      strict-transport-security: max-age=31536000;includeSubDomains
      x-aspnet-version: 4.0.30319
      x-content-type-options: nosniff
      x-ms-keyvault-network-info: conn_type=Ipv4;addr=73.135.72.237;act_addr_fam=InterNetwork;
      x-ms-keyvault-region: westus
      x-ms-keyvault-service-version: 1.1.10.0
      x-powered-by: ASP.NET
    status:
      code: 200
      message: OK
    url: https://so5ecwnau777x4z2c5sllcjp.vault.azure.net/keys/key1/create?api-version=7.1
- request:
    body: '{"kty": "RSA"}'
    headers:
      Accept:
      - application/json
      Content-Length:
      - '14'
      Content-Type:
      - application/json
      User-Agent:
      - azsdk-python-keyvault-keys/4.2.0b2 Python/3.7.7 (Darwin-17.7.0-x86_64-i386-64bit)
    method: POST
    uri: https://vaultname.vault.azure.net/keys/key2/create?api-version=7.1
  response:
    body:
      string: '{"key":{"kid":"https://vaultname.vault.azure.net/keys/key2/5694fe9df0934ca6962fe67588fa25bd","kty":"RSA","key_ops":["encrypt","decrypt","sign","verify","wrapKey","unwrapKey"],"n":"jjvbk0k4DgcTwcHLRQtCJCQrohG0DjxQ3i2npOeUPFKXF6KsarBsNrlY1TQNqYkkWgV-xRZ74ePgGaO2c6-m5LJhVaFuYXnyBVWB5UuBrBQZ8RA3peZ_ifJWs4fH0iPAIIy6gWFqIKdbJxanXVk10O7GoZBtb19tI8ugy1Lve8AtqqxE5NVr9qm_nI903tR4ySYEr6mlex8_JsnSo_95LYluAEaFcZP6j29gq2tw_IMGpjYNFxjm_Iw9ReRrjPbo1M0fQx7MRRTJvpgJNoDlags6MCm6FEssDgKICGnaBgz9UuBvshy6kYHP7_qc7VVs5z2sQmeKtLJqXaBMbLDXOQ","e":"AQAB"},"attributes":{"enabled":true,"created":1596039250,"updated":1596039250,"recoveryLevel":"Recoverable+Purgeable","recoverableDays":90}}'
    headers:
      cache-control: no-cache
      content-length: '684'
      content-type: application/json; charset=utf-8
      date: Wed, 29 Jul 2020 16:14:09 GMT
      expires: '-1'
      pragma: no-cache
      strict-transport-security: max-age=31536000;includeSubDomains
      x-aspnet-version: 4.0.30319
      x-content-type-options: nosniff
      x-ms-keyvault-network-info: conn_type=Ipv4;addr=73.135.72.237;act_addr_fam=InterNetwork;
      x-ms-keyvault-region: westus
      x-ms-keyvault-service-version: 1.1.10.0
      x-powered-by: ASP.NET
    status:
      code: 200
      message: OK
    url: https://so5ecwnau777x4z2c5sllcjp.vault.azure.net/keys/key2/create?api-version=7.1
- request:
    body: '{"kty": "RSA"}'
    headers:
      Accept:
      - application/json
      Content-Length:
      - '14'
      Content-Type:
      - application/json
      User-Agent:
      - azsdk-python-keyvault-keys/4.2.0b2 Python/3.7.7 (Darwin-17.7.0-x86_64-i386-64bit)
    method: POST
    uri: https://vaultname.vault.azure.net/keys/key3/create?api-version=7.1
  response:
    body:
      string: '{"key":{"kid":"https://vaultname.vault.azure.net/keys/key3/0764e91985a84755bf97d2d27de40438","kty":"RSA","key_ops":["encrypt","decrypt","sign","verify","wrapKey","unwrapKey"],"n":"r0pB1e8d1GdLpS2a5ICy-pgFl3Asz90e7x47BraUbPIZuI727UMhQrOGJxm-I-igWSTAs56jp-POAuaSPDn6OsGDszomdSwccEIwtD8fkzhw8foCh7lWqxEtkgR7_Qf-PI5_gX2IHrQrdQpsuGb9ZLIuKLI-cVrIruD2zFbwvvVjv5O-O9y4NnAXg3JZHplFCMtrl6bq_Z_RgFO6QrndFaYy4vNhK1adGsKk3sL7lokAkItFMpiaeS6q5g4wfzItyz2HJBlZNj_UBvHILBjuAalcs2d4Sks8aw7DG9AsqGxO7McTIIuZiDcgzpb_tDvQsMZq0I-N31MeEruRbF6C1w","e":"AQAB"},"attributes":{"enabled":true,"created":1596039250,"updated":1596039250,"recoveryLevel":"Recoverable+Purgeable","recoverableDays":90}}'
    headers:
      cache-control: no-cache
      content-length: '684'
      content-type: application/json; charset=utf-8
      date: Wed, 29 Jul 2020 16:14:09 GMT
      expires: '-1'
      pragma: no-cache
      strict-transport-security: max-age=31536000;includeSubDomains
      x-aspnet-version: 4.0.30319
      x-content-type-options: nosniff
      x-ms-keyvault-network-info: conn_type=Ipv4;addr=73.135.72.237;act_addr_fam=InterNetwork;
      x-ms-keyvault-region: westus
      x-ms-keyvault-service-version: 1.1.10.0
      x-powered-by: ASP.NET
    status:
      code: 200
      message: OK
    url: https://so5ecwnau777x4z2c5sllcjp.vault.azure.net/keys/key3/create?api-version=7.1
- request:
    body: null
    headers:
      Accept:
      - application/json
      User-Agent:
      - azsdk-python-keyvault-keys/4.2.0b2 Python/3.7.7 (Darwin-17.7.0-x86_64-i386-64bit)
    method: GET
    uri: https://vaultname.vault.azure.net/keys?api-version=7.1
  response:
    body:
      string: '{"value":[{"kid":"https://vaultname.vault.azure.net/keys/key0","attributes":{"enabled":true,"created":1596039249,"updated":1596039249,"recoveryLevel":"Recoverable+Purgeable","recoverableDays":90}},{"kid":"https://vaultname.vault.azure.net/keys/key1","attributes":{"enabled":true,"created":1596039250,"updated":1596039250,"recoveryLevel":"Recoverable+Purgeable","recoverableDays":90}},{"kid":"https://vaultname.vault.azure.net/keys/key2","attributes":{"enabled":true,"created":1596039250,"updated":1596039250,"recoveryLevel":"Recoverable+Purgeable","recoverableDays":90}},{"kid":"https://vaultname.vault.azure.net/keys/key3","attributes":{"enabled":true,"created":1596039250,"updated":1596039250,"recoveryLevel":"Recoverable+Purgeable","recoverableDays":90}}],"nextLink":null}'
    headers:
      cache-control: no-cache
      content-length: '835'
      content-type: application/json; charset=utf-8
      date: Wed, 29 Jul 2020 16:14:09 GMT
      expires: '-1'
      pragma: no-cache
      strict-transport-security: max-age=31536000;includeSubDomains
      x-aspnet-version: 4.0.30319
      x-content-type-options: nosniff
      x-ms-keyvault-network-info: conn_type=Ipv4;addr=73.135.72.237;act_addr_fam=InterNetwork;
      x-ms-keyvault-region: westus
      x-ms-keyvault-service-version: 1.1.10.0
      x-powered-by: ASP.NET
    status:
      code: 200
      message: OK
    url: https://so5ecwnau777x4z2c5sllcjp.vault.azure.net/keys?api-version=7.1
- request:
    body: null
    headers:
      Accept:
      - application/json
      User-Agent:
      - azsdk-python-keyvault-keys/4.2.0b2 Python/3.7.7 (Darwin-17.7.0-x86_64-i386-64bit)
    method: GET
    uri: https://vaultname.vault.azure.net/keys/key-name/versions?api-version=7.1
  response:
    body:
      string: '{"value":[],"nextLink":null}'
    headers:
      cache-control: no-cache
      content-length: '28'
      content-type: application/json; charset=utf-8
      date: Wed, 29 Jul 2020 16:14:09 GMT
      expires: '-1'
      pragma: no-cache
      strict-transport-security: max-age=31536000;includeSubDomains
      x-aspnet-version: 4.0.30319
      x-content-type-options: nosniff
      x-ms-keyvault-network-info: conn_type=Ipv4;addr=73.135.72.237;act_addr_fam=InterNetwork;
      x-ms-keyvault-region: westus
      x-ms-keyvault-service-version: 1.1.10.0
      x-powered-by: ASP.NET
    status:
      code: 200
      message: OK
    url: https://so5ecwnau777x4z2c5sllcjp.vault.azure.net/keys/key-name/versions?api-version=7.1
- request:
    body: null
    headers:
      Accept:
      - application/json
      User-Agent:
      - azsdk-python-keyvault-keys/4.2.0b2 Python/3.7.7 (Darwin-17.7.0-x86_64-i386-64bit)
    method: GET
    uri: https://vaultname.vault.azure.net/deletedkeys?api-version=7.1
  response:
    body:
      string: '{"value":[],"nextLink":null}'
    headers:
      cache-control: no-cache
      content-length: '28'
      content-type: application/json; charset=utf-8
      date: Wed, 29 Jul 2020 16:14:10 GMT
      expires: '-1'
      pragma: no-cache
      strict-transport-security: max-age=31536000;includeSubDomains
      x-aspnet-version: 4.0.30319
      x-content-type-options: nosniff
      x-ms-keyvault-network-info: conn_type=Ipv4;addr=73.135.72.237;act_addr_fam=InterNetwork;
      x-ms-keyvault-region: westus
      x-ms-keyvault-service-version: 1.1.10.0
      x-powered-by: ASP.NET
    status:
      code: 200
      message: OK
    url: https://so5ecwnau777x4z2c5sllcjp.vault.azure.net/deletedkeys?api-version=7.1
version: 1
