interactions:
- request:
    body: null
    headers:
      Accept:
      - application/json
      Accept-Encoding:
      - gzip, deflate
      Connection:
      - keep-alive
      Content-Length:
      - '0'
      Content-Type:
      - application/json
      User-Agent:
      - azsdk-python-keyvault-keys/4.3.2 Python/3.5.3 (Windows-10-10.0.19041-SP0)
    method: POST
    uri: https://vaultname.vault.azure.net/keys/livekvtestwrap-localf86c0e10/create?api-version=7.2-preview
  response:
    body:
      string: '{"error":{"code":"Unauthorized","message":"Request is missing a Bearer
        or PoP token."}}'
    headers:
      cache-control:
      - no-cache
      content-length:
      - '87'
      content-type:
      - application/json; charset=utf-8
      date:
      - Sat, 06 Feb 2021 02:20:54 GMT
      expires:
      - '-1'
      pragma:
      - no-cache
      strict-transport-security:
      - max-age=31536000;includeSubDomains
      www-authenticate:
      - Bearer authorization="https://login.windows.net/72f988bf-86f1-41af-91ab-2d7cd011db47",
        resource="https://vault.azure.net"
      x-content-type-options:
      - nosniff
      x-ms-keyvault-network-info:
      - conn_type=Ipv4;addr=174.127.232.53;act_addr_fam=InterNetwork;
      x-ms-keyvault-region:
      - northeurope
      x-ms-keyvault-service-version:
      - 1.2.164.0
      x-powered-by:
      - ASP.NET
    status:
      code: 401
      message: Unauthorized
- request:
    body: '{"kty": "RSA", "key_size": 4096}'
    headers:
      Accept:
      - application/json
      Accept-Encoding:
      - gzip, deflate
      Connection:
      - keep-alive
      Content-Length:
      - '32'
      Content-Type:
      - application/json
      User-Agent:
      - azsdk-python-keyvault-keys/4.3.2 Python/3.5.3 (Windows-10-10.0.19041-SP0)
    method: POST
    uri: https://vaultname.vault.azure.net/keys/livekvtestwrap-localf86c0e10/create?api-version=7.2-preview
  response:
    body:
      string: '{"key":{"kid":"https://vaultname.vault.azure.net/keys/livekvtestwrap-localf86c0e10/d2f73eb69c3f498481dd2222f9e36096","kty":"RSA","key_ops":["encrypt","decrypt","sign","verify","wrapKey","unwrapKey"],"n":"6xbO29VlP7twjAxSXjvrpf-yQrvT-KsKo2HUCSp55MbvMo-SGkmjUX3_iTEITT1coq4MWYCqeKWFvNXVkMMaUcB8eJkp0Gp0Mp6rAp_0PSigyIcnRyIHIhXVw6qFBtbOvSNutBFk0bYGSKh3s3u9isbOU4IX0CE-4f8GohMVvF-Yz_8AVH1ibYg9TmcwvSGq3ruHw8AVxt96lg2w8NC_-EJISdB6MK2Utm_lJUNRnG0v_RqF8Ah5vviDoZ0JNnTY_eFUWK9mg6uqKnydLJ6ZSRPWr5bRXwrFdSXoUss4YXLhhvB7Ymw4diZSJHF9L7ycoKGLkonzm8MFXcMr2SiyaF17SqPMwj5J203abddgqlJoQFThFA6KqE8rRw3AzT6IaOXyacUdvxFXA42Ll1JLnpF6IRu0A8PQIIbuTltJH8kDkCjo7NqonVAJemRu4gC3VdPBX_qPfrMZ77932CW8ahn8AvwIpiCCRqsfp9jO04fGkxKkqKXKnS4gsgCV7LJ9XjodVYoUCPufEVTC9njoCN4k31qiOodcVY33V4LILG8MuZni_xHdA5-rNti8pgFjUG27lR0ZlInLFPMyobam3hbg8p4aiR-mM2ft_Ks2luUyO0EM2FVGCZtgQq2uVKQmo0IQ76HYonmeFYv5PyX6k7U4iWxwFobIH4EcmLo75HU","e":"AQAB"},"attributes":{"enabled":true,"created":1612578055,"updated":1612578055,"recoveryLevel":"Recoverable+Purgeable","recoverableDays":90}}'
    headers:
      cache-control:
      - no-cache
      content-length:
      - '1037'
      content-type:
      - application/json; charset=utf-8
      date:
      - Sat, 06 Feb 2021 02:20:55 GMT
      expires:
      - '-1'
      pragma:
      - no-cache
      strict-transport-security:
      - max-age=31536000;includeSubDomains
      x-content-type-options:
      - nosniff
      x-ms-keyvault-network-info:
      - conn_type=Ipv4;addr=174.127.232.53;act_addr_fam=InterNetwork;
      x-ms-keyvault-region:
      - northeurope
      x-ms-keyvault-service-version:
      - 1.2.164.0
      x-powered-by:
      - ASP.NET
    status:
      code: 200
      message: OK
- request:
    body: '{"alg": "RSA-OAEP", "value": "MCPhmun1XEFII0KFifLKLGPFEAgii27qVgKOxV4BZhupjaySWYLygiZtSs0mvykHDAJ2BmcaAL36S5NiCtolysotH8x_mXxGpZ3BOWBYpaGB43TT8kYhuH8UmAz-xgYzWrLsxRLudk7MG89AqzPZuLboR7pz_ESRBryjqzhBrvUEADYfbWO5mrT2n75m3UHCNW30MJizzNUIxjQLO4Lsf9FB7eAhFLVUZch1avd94lrqFsxUp6DtJdLQAM0JgtNY9CHK0tHumb69W5EgKwhnBksZlVwGhAqWQYLQEmXXuFkKgU-UiWGF7h6xxyN5MMVee1g2yZqyzUD6LREcBbJvwp3ktURfr4NJPd-vIcZbUqRtxOnMKvi4tXzKqWv0LKVo-Zzy4uPt1uv8HKuoIPYJIMNcEoAI-5SaWGdZ3aKsEiBHHx719fc1somfwUa3f4n42oXyQkm8v4bP5PGUwZqyloGDUu0516N0gUbJ_sDkJgMZGVC8TNPC1iBJ4_jv0rS-isJjE22a-vduqQESP4STX6HW73oeksEbRtF7V_2-hrG1OwYuwySGNgxheNvrr9Of-MTRvRE0-M9yX_Z7lHNj0gQYcz1HCL71oG2pWOZkYPlWcx1DqJvUrwvCI-JKK4Zu8etSknV7Sa0ji0h8F6p1jXV8I0yBGrgNjKpnlfmhoGk"}'
    headers:
      Accept:
      - application/json
      Accept-Encoding:
      - gzip, deflate
      Connection:
      - keep-alive
      Content-Length:
      - '715'
      Content-Type:
      - application/json
      User-Agent:
      - azsdk-python-keyvault-keys/4.3.2 Python/3.5.3 (Windows-10-10.0.19041-SP0)
    method: POST
    uri: https://vaultname.vault.azure.net/keys/livekvtestwrap-localf86c0e10/d2f73eb69c3f498481dd2222f9e36096/unwrapkey?api-version=7.2-preview
  response:
    body:
      string: '{"kid":"https://vaultname.vault.azure.net/keys/livekvtestwrap-localf86c0e10/d2f73eb69c3f498481dd2222f9e36096","value":"NTA2M2U2YWFhODQ1ZjE1MDIwMDU0Nzk0NGZkMTk5Njc5Yzk4ZWQ2Zjk5ZGEwYTBiMmRhZmVhZjFmNDY4NDQ5NmZkNTMyYzFjMjI5OTY4Y2I5ZGVlNDQ5NTdmY2VmN2NjZWY1OWNlZGEwYjM2MmU1NmJjZDc4ZmQzZmFlZTU3ODFjNjIzYzBiYjIyYjM1YmVhYmRlMDY2NGZkMzBlMGU4MjRhYmEzZGQxYjBhZmZmYzRhM2Q5NTVlZGUyMGNmNmE4NTRkNTJjZmQ"}'
    headers:
      cache-control:
      - no-cache
      content-length:
      - '391'
      content-type:
      - application/json; charset=utf-8
      date:
      - Sat, 06 Feb 2021 02:20:56 GMT
      expires:
      - '-1'
      pragma:
      - no-cache
      strict-transport-security:
      - max-age=31536000;includeSubDomains
      x-content-type-options:
      - nosniff
      x-ms-keyvault-network-info:
      - conn_type=Ipv4;addr=174.127.232.53;act_addr_fam=InterNetwork;
      x-ms-keyvault-region:
      - northeurope
      x-ms-keyvault-service-version:
      - 1.2.164.0
      x-powered-by:
      - ASP.NET
    status:
      code: 200
      message: OK
- request:
    body: '{"alg": "RSA-OAEP-256", "value": "LNSiaaJWlGiaDnRhMnMRFGtLLazfOdV9XnGM4jnrIfTbH0gKcJpbkrwQgByUjiHBV3UeRmbkxAOMcc9SdD7fZYsJbJmNgHi9sDj7hrc7qeGKX66cb2xDYYSjJi4DVYPTUBHCgzM1KN4DzxbJ26CNGEd06TP5iycRsG4Dcn165-mQLbeHkUg70XTAljeOdn9riJ7bsv35-15Wer2-HZVphbwKXaOdYlCxAXpOnpJtdqLWkZaZ8P0FF4cKPSqJkjE748a0d5ysKCRelM4_TA5QeoPcXYVX3jl3kUy3eEg27EZ8qfStFUeZHvCVoiIy5JXPuG1MwpPH_D9NJjGl3j-hOhk3PyU6Al-ghhhQ73KpU8ro0-EtcdwDrrQB4salJcuOGmWUQw433WDsFW-CH-uZSel_8ktmaXPXwwHC4M47RGm3eyBH6AKQ60QB_JllyPBbhnrrv6nLx7uq0639rctPrkr7ipdDcByQosm_CQsT1fqcYqWGB0iMeFiu2WcsrYMIUvuH_uBUrGCpy4l5aFExUqqCmpRHYPuSDZI_2zied6Ye2KP-P1qkzqb6DVMvdPWVach4c9M_lyycqXeEbRUWBZ41L9ndXMUAZwNhCvPrHIhfQHipCXcucluriCDUaE5D3oDfpJt_M3WtuM4n7JYHYTOru5xaVD5CrW-qcf53v8o"}'
    headers:
      Accept:
      - application/json
      Accept-Encoding:
      - gzip, deflate
      Connection:
      - keep-alive
      Content-Length:
      - '719'
      Content-Type:
      - application/json
      User-Agent:
      - azsdk-python-keyvault-keys/4.3.2 Python/3.5.3 (Windows-10-10.0.19041-SP0)
    method: POST
    uri: https://vaultname.vault.azure.net/keys/livekvtestwrap-localf86c0e10/d2f73eb69c3f498481dd2222f9e36096/unwrapkey?api-version=7.2-preview
  response:
    body:
      string: '{"kid":"https://vaultname.vault.azure.net/keys/livekvtestwrap-localf86c0e10/d2f73eb69c3f498481dd2222f9e36096","value":"NTA2M2U2YWFhODQ1ZjE1MDIwMDU0Nzk0NGZkMTk5Njc5Yzk4ZWQ2Zjk5ZGEwYTBiMmRhZmVhZjFmNDY4NDQ5NmZkNTMyYzFjMjI5OTY4Y2I5ZGVlNDQ5NTdmY2VmN2NjZWY1OWNlZGEwYjM2MmU1NmJjZDc4ZmQzZmFlZTU3ODFjNjIzYzBiYjIyYjM1YmVhYmRlMDY2NGZkMzBlMGU4MjRhYmEzZGQxYjBhZmZmYzRhM2Q5NTVlZGUyMGNmNmE4NTRkNTJjZmQ"}'
    headers:
      cache-control:
      - no-cache
      content-length:
      - '391'
      content-type:
      - application/json; charset=utf-8
      date:
      - Sat, 06 Feb 2021 02:20:56 GMT
      expires:
      - '-1'
      pragma:
      - no-cache
      strict-transport-security:
      - max-age=31536000;includeSubDomains
      x-content-type-options:
      - nosniff
      x-ms-keyvault-network-info:
      - conn_type=Ipv4;addr=174.127.232.53;act_addr_fam=InterNetwork;
      x-ms-keyvault-region:
      - northeurope
      x-ms-keyvault-service-version:
      - 1.2.164.0
      x-powered-by:
      - ASP.NET
    status:
      code: 200
      message: OK
- request:
    body: '{"alg": "RSA1_5", "value": "uMk0dX8GLiFzZOLegcMCP7Fl1lXuiZT61rvWJm20WvWl2f1249DnhKs98QJxoOLvy2SnJjc6PzbW_8L7uYj9NDsnb8c6rIimOnQMGBWYcPHR_ZzwIUI2YCgQ7SRzQQCdJ9wwqFyhjIB-VUYui5Q0bNzK7H1KgwJsx9mVOyuJgAF9j7tXBcV8k1OV3wKjnkTfPzX4CzuuSYyZOEywKxt8XPO_kMe8rXoCUua7XACtIX_xtnnII-tMei2uYrBaF_GNWmfjzLa5wdn4-LSDmWuVA99uXsEvj2Sqgqh_-o-tGo9z_J7jLqz8GSSqk030BS9gfnn6zbd220dHL0gK6oBu8t64TOm3R7Jc8nPybaOKd-lvqqAGjiGodxOMnC6fiN7lVjblYSS1F2rASO0slXN6WtBlTcddwxeRatdPOFkED98SgF7RlLvlRuNB05GZnaufqyvCMPZSto35tAhBOB37MpX9PoKcQoE6b_5Ps7Ubko-qgeto9selAW1vuKuxsKTbCSBQNT6m4uUr3nSu-J4wertjYTrQs7TJS3USqLMTIwvWx44lwZJwuBFrtRsswvqFpqSPPu6zdf36AoERCsK2RxdknaLKXbmSVYkO7mlreu1vpdT9XtJ-AV93tHVpJhiDMQC9-9ld2f-3DkihPXonBeVRS2BCgcsOXuOSCfOYMiw"}'
    headers:
      Accept:
      - application/json
      Accept-Encoding:
      - gzip, deflate
      Connection:
      - keep-alive
      Content-Length:
      - '713'
      Content-Type:
      - application/json
      User-Agent:
      - azsdk-python-keyvault-keys/4.3.2 Python/3.5.3 (Windows-10-10.0.19041-SP0)
    method: POST
    uri: https://vaultname.vault.azure.net/keys/livekvtestwrap-localf86c0e10/d2f73eb69c3f498481dd2222f9e36096/unwrapkey?api-version=7.2-preview
  response:
    body:
      string: '{"kid":"https://vaultname.vault.azure.net/keys/livekvtestwrap-localf86c0e10/d2f73eb69c3f498481dd2222f9e36096","value":"NTA2M2U2YWFhODQ1ZjE1MDIwMDU0Nzk0NGZkMTk5Njc5Yzk4ZWQ2Zjk5ZGEwYTBiMmRhZmVhZjFmNDY4NDQ5NmZkNTMyYzFjMjI5OTY4Y2I5ZGVlNDQ5NTdmY2VmN2NjZWY1OWNlZGEwYjM2MmU1NmJjZDc4ZmQzZmFlZTU3ODFjNjIzYzBiYjIyYjM1YmVhYmRlMDY2NGZkMzBlMGU4MjRhYmEzZGQxYjBhZmZmYzRhM2Q5NTVlZGUyMGNmNmE4NTRkNTJjZmQ"}'
    headers:
      cache-control:
      - no-cache
      content-length:
      - '391'
      content-type:
      - application/json; charset=utf-8
      date:
      - Sat, 06 Feb 2021 02:20:57 GMT
      expires:
      - '-1'
      pragma:
      - no-cache
      strict-transport-security:
      - max-age=31536000;includeSubDomains
      x-content-type-options:
      - nosniff
      x-ms-keyvault-network-info:
      - conn_type=Ipv4;addr=174.127.232.53;act_addr_fam=InterNetwork;
      x-ms-keyvault-region:
      - northeurope
      x-ms-keyvault-service-version:
      - 1.2.164.0
      x-powered-by:
      - ASP.NET
    status:
      code: 200
      message: OK
version: 1
