interactions:
- request:
    body: null
    headers:
      Accept:
      - application/json
      Content-Length:
      - '0'
      Content-Type:
      - application/json; charset=utf-8
      User-Agent:
      - azsdk-python-keyvault-keys/4.0.0 Python/3.7.4 (Windows-10-10.0.18362-SP0)
    method: POST
    uri: https://vault458ad70cc792670ac9.vault.azure.net/keys/key0/create?api-version=7.0
  response:
    body:
      string: '{"error":{"code":"Unauthorized","message":"Request is missing a Bearer
        or PoP token."}}'
    headers:
      cache-control: no-cache
      content-length: '87'
      content-type: application/json; charset=utf-8
      date: Thu, 31 Oct 2019 17:47:16 GMT
      expires: '-1'
      pragma: no-cache
      server: Microsoft-IIS/10.0
      strict-transport-security: max-age=31536000;includeSubDomains
      www-authenticate: Bearer authorization="https://login.windows.net/72f988bf-86f1-41af-91ab-2d7cd011db47",
        resource="https://vault.azure.net"
      x-aspnet-version: 4.0.30319
      x-content-type-options: nosniff
      x-ms-keyvault-network-info: addr=131.107.160.72;act_addr_fam=InterNetwork;
      x-ms-keyvault-region: westus
      x-ms-keyvault-service-version: 1.1.0.879
      x-powered-by: ASP.NET
    status:
      code: 401
      message: Unauthorized
    url: !!python/object/new:yarl.URL
      state: !!python/tuple
      - !!python/object/new:urllib.parse.SplitResult
        - https
        - vault458ad70cc792670ac9.vault.azure.net
        - /keys/key0/create
        - api-version=7.0
        - ''
- request:
    body: '{"kty": "RSA"}'
    headers:
      Accept:
      - application/json
      Content-Length:
      - '14'
      Content-Type:
      - application/json; charset=utf-8
      User-Agent:
      - azsdk-python-keyvault-keys/4.0.0 Python/3.7.4 (Windows-10-10.0.18362-SP0)
    method: POST
    uri: https://vault458ad70cc792670ac9.vault.azure.net/keys/key0/create?api-version=7.0
  response:
    body:
      string: '{"key":{"kid":"https://vault458ad70cc792670ac9.vault.azure.net/keys/key0/2162cce51d6a42249d4729581d79db6d","kty":"RSA","key_ops":["encrypt","decrypt","sign","verify","wrapKey","unwrapKey"],"n":"rY4FCJftGYbjNeGoCrH2HWht0s81pyvJICy1OZ0ax4vSTsojcQS5sxDkR42iGuEw6GXbNs49UyFJLybA10fK-B-stoaFHLPvgFeTkse_QYAKMnQeY0EsBoJ8uvQXSYO4Z2l4-d_c4yZ5tn78K5jSYFOJNqt2cartbwCgs3I6woNQxdpCl18egywqq2SYKAZNNTBfC91miVBmgWrj1JiFsGJDB-fvUffOCh81rxcfJvUlctZstEQviYjPfccQurOENqXf9LnrFSeGoH3iYtkveSsd7VWF5XKClkdoWCbgx9cCY0bqrKUOQvo1KbpFAKvLHKyqzWviypGBPk1j2QMDYw","e":"AQAB"},"attributes":{"enabled":true,"created":1572544037,"updated":1572544037,"recoveryLevel":"Recoverable+Purgeable"}}'
    headers:
      cache-control: no-cache
      content-length: '662'
      content-type: application/json; charset=utf-8
      date: Thu, 31 Oct 2019 17:47:17 GMT
      expires: '-1'
      pragma: no-cache
      server: Microsoft-IIS/10.0
      strict-transport-security: max-age=31536000;includeSubDomains
      x-aspnet-version: 4.0.30319
      x-content-type-options: nosniff
      x-ms-keyvault-network-info: addr=131.107.160.72;act_addr_fam=InterNetwork;
      x-ms-keyvault-region: westus
      x-ms-keyvault-service-version: 1.1.0.879
      x-powered-by: ASP.NET
    status:
      code: 200
      message: OK
    url: !!python/object/new:yarl.URL
      state: !!python/tuple
      - !!python/object/new:urllib.parse.SplitResult
        - https
        - vault458ad70cc792670ac9.vault.azure.net
        - /keys/key0/create
        - api-version=7.0
        - ''
- request:
    body: '{"kty": "RSA"}'
    headers:
      Accept:
      - application/json
      Content-Length:
      - '14'
      Content-Type:
      - application/json; charset=utf-8
      User-Agent:
      - azsdk-python-keyvault-keys/4.0.0 Python/3.7.4 (Windows-10-10.0.18362-SP0)
    method: POST
    uri: https://vault458ad70cc792670ac9.vault.azure.net/keys/key1/create?api-version=7.0
  response:
    body:
      string: '{"key":{"kid":"https://vault458ad70cc792670ac9.vault.azure.net/keys/key1/3538d1a4107f408eba4d376be31d71aa","kty":"RSA","key_ops":["encrypt","decrypt","sign","verify","wrapKey","unwrapKey"],"n":"lYpio0E33OMu-2gk41LOrH468jtnNFCGCZ3w2HAWKc3Rkehsqj65nqhgkLJK_WuHQyJsT4erVFBjEGfDB-LJOCM9RKg98k9rwVQSY3KwXyy5tJKk0SkbwRSPklEyyIRbdmDBGh_-yJ8PSSmIP0OlyJwuzPFdlqgkZZOvDolOZtQPZoj3ryPbEFkhQ3U4lzXV18Yh2GfcAGcQ3T9vYGQW53qBiFMO01cyXQ4LN0Bp4jiX8i2MYpMn-bs7Jh7oKnV61IC_I8uaIEtfC19B2ueqUaumh6t6bJ0aBVQzj9oxTIJIPwW-E2x6ZO1KvEuKKpwA-xQfa-NZ61KZt8OJTtvrPw","e":"AQAB"},"attributes":{"enabled":true,"created":1572544038,"updated":1572544038,"recoveryLevel":"Recoverable+Purgeable"}}'
    headers:
      cache-control: no-cache
      content-length: '662'
      content-type: application/json; charset=utf-8
      date: Thu, 31 Oct 2019 17:47:17 GMT
      expires: '-1'
      pragma: no-cache
      server: Microsoft-IIS/10.0
      strict-transport-security: max-age=31536000;includeSubDomains
      x-aspnet-version: 4.0.30319
      x-content-type-options: nosniff
      x-ms-keyvault-network-info: addr=131.107.160.72;act_addr_fam=InterNetwork;
      x-ms-keyvault-region: westus
      x-ms-keyvault-service-version: 1.1.0.879
      x-powered-by: ASP.NET
    status:
      code: 200
      message: OK
    url: !!python/object/new:yarl.URL
      state: !!python/tuple
      - !!python/object/new:urllib.parse.SplitResult
        - https
        - vault458ad70cc792670ac9.vault.azure.net
        - /keys/key1/create
        - api-version=7.0
        - ''
- request:
    body: '{"kty": "RSA"}'
    headers:
      Accept:
      - application/json
      Content-Length:
      - '14'
      Content-Type:
      - application/json; charset=utf-8
      User-Agent:
      - azsdk-python-keyvault-keys/4.0.0 Python/3.7.4 (Windows-10-10.0.18362-SP0)
    method: POST
    uri: https://vault458ad70cc792670ac9.vault.azure.net/keys/key2/create?api-version=7.0
  response:
    body:
      string: '{"key":{"kid":"https://vault458ad70cc792670ac9.vault.azure.net/keys/key2/ebcfd52d2b28441d86694551a4648fad","kty":"RSA","key_ops":["encrypt","decrypt","sign","verify","wrapKey","unwrapKey"],"n":"uBW89E2mh0hLvQs5960MYJYzUmgkrsOD0LoKM2H7-PG64cfXMJHSHRNaadzODxtkeR5qV33AJig-P7Dnj2pSjbYiw-PWKalXRTPdLf5BRQIQq8WzDJGtApil3WbC_Dt_iWnu6xk7oMgWICyOCpcxnP1QYJmCH5vJ-ktqC3Mqdk1SHlS1H69lgSZJFpR_Zt_pZUjk2e9IMy7sswoVPJ40pkO782Rtzv10ySGYL3_7DrVlf6sL0LB4DihsSKLPCMafnkuzFCPI2FmfgcHkstcXJwKQeETwBuTbAkfpXWL0P0M5JkR0IxalCZfluIqRTDSl4dJ4YzM2aBkUutTRtCbhyQ","e":"AQAB"},"attributes":{"enabled":true,"created":1572544038,"updated":1572544038,"recoveryLevel":"Recoverable+Purgeable"}}'
    headers:
      cache-control: no-cache
      content-length: '662'
      content-type: application/json; charset=utf-8
      date: Thu, 31 Oct 2019 17:47:17 GMT
      expires: '-1'
      pragma: no-cache
      server: Microsoft-IIS/10.0
      strict-transport-security: max-age=31536000;includeSubDomains
      x-aspnet-version: 4.0.30319
      x-content-type-options: nosniff
      x-ms-keyvault-network-info: addr=131.107.160.72;act_addr_fam=InterNetwork;
      x-ms-keyvault-region: westus
      x-ms-keyvault-service-version: 1.1.0.879
      x-powered-by: ASP.NET
    status:
      code: 200
      message: OK
    url: !!python/object/new:yarl.URL
      state: !!python/tuple
      - !!python/object/new:urllib.parse.SplitResult
        - https
        - vault458ad70cc792670ac9.vault.azure.net
        - /keys/key2/create
        - api-version=7.0
        - ''
- request:
    body: '{"kty": "RSA"}'
    headers:
      Accept:
      - application/json
      Content-Length:
      - '14'
      Content-Type:
      - application/json; charset=utf-8
      User-Agent:
      - azsdk-python-keyvault-keys/4.0.0 Python/3.7.4 (Windows-10-10.0.18362-SP0)
    method: POST
    uri: https://vault458ad70cc792670ac9.vault.azure.net/keys/key3/create?api-version=7.0
  response:
    body:
      string: '{"key":{"kid":"https://vault458ad70cc792670ac9.vault.azure.net/keys/key3/eb7977c68d3742a69271e0bc72fd3643","kty":"RSA","key_ops":["encrypt","decrypt","sign","verify","wrapKey","unwrapKey"],"n":"4wwM9Nty8qngKKWlBwmm4iRYbpnrSLNEKXGaCpAQdQZLXrD1giKo2cVCqbqEcoYXV3Vc04sl9uP__59mZlXsHGNOTPioLRI2oX90LKkuCdsG1B1mee_3zm-rpA5jjKbl-zei-5wA6UR0UlXODXPpflc53j8Z6rb5_p46Mu7OiGaMYdkariDTRfcT3YdEaFL9xnnYpB38QiO8Seb7WLP9k0rTT1HEaJ9np_GkMrWWHZ0gyIzCQcbjMFKOg_4vKcm8d4lAl8kWMwBR5SKynoJhdyOxpfphSYyGx9mFPu0CbPdOglO0s_Oy8ITBgKKV-t3Iu5MvvLlku6UOqLhuvzspIQ","e":"AQAB"},"attributes":{"enabled":true,"created":1572544038,"updated":1572544038,"recoveryLevel":"Recoverable+Purgeable"}}'
    headers:
      cache-control: no-cache
      content-length: '662'
      content-type: application/json; charset=utf-8
      date: Thu, 31 Oct 2019 17:47:18 GMT
      expires: '-1'
      pragma: no-cache
      server: Microsoft-IIS/10.0
      strict-transport-security: max-age=31536000;includeSubDomains
      x-aspnet-version: 4.0.30319
      x-content-type-options: nosniff
      x-ms-keyvault-network-info: addr=131.107.160.72;act_addr_fam=InterNetwork;
      x-ms-keyvault-region: westus
      x-ms-keyvault-service-version: 1.1.0.879
      x-powered-by: ASP.NET
    status:
      code: 200
      message: OK
    url: !!python/object/new:yarl.URL
      state: !!python/tuple
      - !!python/object/new:urllib.parse.SplitResult
        - https
        - vault458ad70cc792670ac9.vault.azure.net
        - /keys/key3/create
        - api-version=7.0
        - ''
- request:
    body: '{"kty": "RSA"}'
    headers:
      Accept:
      - application/json
      Content-Length:
      - '14'
      Content-Type:
      - application/json; charset=utf-8
      User-Agent:
      - azsdk-python-keyvault-keys/4.0.0 Python/3.7.4 (Windows-10-10.0.18362-SP0)
    method: POST
    uri: https://vault458ad70cc792670ac9.vault.azure.net/keys/key4/create?api-version=7.0
  response:
    body:
      string: '{"key":{"kid":"https://vault458ad70cc792670ac9.vault.azure.net/keys/key4/5d893cb578fb4ec3ac1629c8425d5437","kty":"RSA","key_ops":["encrypt","decrypt","sign","verify","wrapKey","unwrapKey"],"n":"r0tBDnh3MBmQEd7ULTVsItqo9DzYJFY7xrK5gBtlu0APKi9nHsAmbIgkRSE1coKxSyZI5aE_z8p9RD3N1NrRgwtMhanYgPw9yF3L_8t5_NYyT2XtoaSp9Kf0V_VrJYu4zUhESaYARC9dZgQ5tBgkkazWH_u9fSenkYObdj3nu9ckFdWuAbsV5J8or2qZsaasd1YsRdG2rrwYDezvDCmxf883XHYoGMfk9GjyG72FXWbOYMNTuupn_puiQrCjL37KVtsTrT3jX0_MIlSyTJ4a5bhBVBj0f78_GbGQrSV4a8_6KflQBgOFA4xbS8RMSNUcDNxt6Q3E4LBap_6ZbnV0WQ","e":"AQAB"},"attributes":{"enabled":true,"created":1572544038,"updated":1572544038,"recoveryLevel":"Recoverable+Purgeable"}}'
    headers:
      cache-control: no-cache
      content-length: '662'
      content-type: application/json; charset=utf-8
      date: Thu, 31 Oct 2019 17:47:18 GMT
      expires: '-1'
      pragma: no-cache
      server: Microsoft-IIS/10.0
      strict-transport-security: max-age=31536000;includeSubDomains
      x-aspnet-version: 4.0.30319
      x-content-type-options: nosniff
      x-ms-keyvault-network-info: addr=131.107.160.72;act_addr_fam=InterNetwork;
      x-ms-keyvault-region: westus
      x-ms-keyvault-service-version: 1.1.0.879
      x-powered-by: ASP.NET
    status:
      code: 200
      message: OK
    url: !!python/object/new:yarl.URL
      state: !!python/tuple
      - !!python/object/new:urllib.parse.SplitResult
        - https
        - vault458ad70cc792670ac9.vault.azure.net
        - /keys/key4/create
        - api-version=7.0
        - ''
- request:
    body: '{"kty": "RSA"}'
    headers:
      Accept:
      - application/json
      Content-Length:
      - '14'
      Content-Type:
      - application/json; charset=utf-8
      User-Agent:
      - azsdk-python-keyvault-keys/4.0.0 Python/3.7.4 (Windows-10-10.0.18362-SP0)
    method: POST
    uri: https://vault458ad70cc792670ac9.vault.azure.net/keys/key5/create?api-version=7.0
  response:
    body:
      string: '{"key":{"kid":"https://vault458ad70cc792670ac9.vault.azure.net/keys/key5/c9b3139624a043fcbce7c374b3d52a34","kty":"RSA","key_ops":["encrypt","decrypt","sign","verify","wrapKey","unwrapKey"],"n":"3UVcpCgiBw7t5pxrCS2eHGroJgjshCzQ0vxLH90Jlcv6orsrxbOiN4nodBw5rlKrRb47YCOnqhkS8e16r0_l6WF81bEGTWV3Io0VAk42j5M0S3paPX3P6RNhXSTk96ZKHZdPbr6XwWL5S7fVppOBWzY4ooir3ftYIP5U5GHb-qt0V4gao7Llmor7wjDBC5mKfyouI5VRRzkgMYHiT2GUWbXqLJUcAKIpg13AtHrgujYs2KJQUqLwaij26DPJihIldB_5HX9wQQK6-3M9BYRogaTJcxtG-nrLctPjq7AoCM_knN6tzACTvgsMFjA-SVj8OLGWJ1JMVzjiaZaqCB5LVw","e":"AQAB"},"attributes":{"enabled":true,"created":1572544038,"updated":1572544038,"recoveryLevel":"Recoverable+Purgeable"}}'
    headers:
      cache-control: no-cache
      content-length: '662'
      content-type: application/json; charset=utf-8
      date: Thu, 31 Oct 2019 17:47:18 GMT
      expires: '-1'
      pragma: no-cache
      server: Microsoft-IIS/10.0
      strict-transport-security: max-age=31536000;includeSubDomains
      x-aspnet-version: 4.0.30319
      x-content-type-options: nosniff
      x-ms-keyvault-network-info: addr=131.107.160.72;act_addr_fam=InterNetwork;
      x-ms-keyvault-region: westus
      x-ms-keyvault-service-version: 1.1.0.879
      x-powered-by: ASP.NET
    status:
      code: 200
      message: OK
    url: !!python/object/new:yarl.URL
      state: !!python/tuple
      - !!python/object/new:urllib.parse.SplitResult
        - https
        - vault458ad70cc792670ac9.vault.azure.net
        - /keys/key5/create
        - api-version=7.0
        - ''
- request:
    body: '{"kty": "RSA"}'
    headers:
      Accept:
      - application/json
      Content-Length:
      - '14'
      Content-Type:
      - application/json; charset=utf-8
      User-Agent:
      - azsdk-python-keyvault-keys/4.0.0 Python/3.7.4 (Windows-10-10.0.18362-SP0)
    method: POST
    uri: https://vault458ad70cc792670ac9.vault.azure.net/keys/key6/create?api-version=7.0
  response:
    body:
      string: '{"key":{"kid":"https://vault458ad70cc792670ac9.vault.azure.net/keys/key6/619be528b3824b35ab8e258c058f8baa","kty":"RSA","key_ops":["encrypt","decrypt","sign","verify","wrapKey","unwrapKey"],"n":"ucy8kLP_b1USPxCA37ZbNDnpPOFkShLIbJA5nusHn94UTMgttr3yMRBpjIqGfEJPbCrPZjZ7xOJav9qcGJTotZ7wwZkJyGi1EAkai2ZTibPzlyFBtHzxxDUEcVchK97xg6NSGTku8RPdYL05EZwD7QAQjbYuICG-kGE8Z5i6yawH85tAZJW74zX1Np3eE8rA3VnSlmC-dTPDRlzAB6iq5FmCOoNJ84XT4KGxR_tNvHOnp4FRMVGG28cBetLQU2VMaf9QTrgz0Tbydr5g2eL1DZUZO47mjrHA-E32Hguwgtyd0ur4N6Yf2YDvbDuAql6pEjvZUJi9HtJStQL8jXe9hw","e":"AQAB"},"attributes":{"enabled":true,"created":1572544039,"updated":1572544039,"recoveryLevel":"Recoverable+Purgeable"}}'
    headers:
      cache-control: no-cache
      content-length: '662'
      content-type: application/json; charset=utf-8
      date: Thu, 31 Oct 2019 17:47:18 GMT
      expires: '-1'
      pragma: no-cache
      server: Microsoft-IIS/10.0
      strict-transport-security: max-age=31536000;includeSubDomains
      x-aspnet-version: 4.0.30319
      x-content-type-options: nosniff
      x-ms-keyvault-network-info: addr=131.107.160.72;act_addr_fam=InterNetwork;
      x-ms-keyvault-region: westus
      x-ms-keyvault-service-version: 1.1.0.879
      x-powered-by: ASP.NET
    status:
      code: 200
      message: OK
    url: !!python/object/new:yarl.URL
      state: !!python/tuple
      - !!python/object/new:urllib.parse.SplitResult
        - https
        - vault458ad70cc792670ac9.vault.azure.net
        - /keys/key6/create
        - api-version=7.0
        - ''
- request:
    body: null
    headers:
      Accept:
      - application/json
      User-Agent:
      - azsdk-python-keyvault-keys/4.0.0 Python/3.7.4 (Windows-10-10.0.18362-SP0)
    method: DELETE
    uri: https://vault458ad70cc792670ac9.vault.azure.net/keys/key0?api-version=7.0
  response:
    body:
      string: '{"recoveryId":"https://vault458ad70cc792670ac9.vault.azure.net/deletedkeys/key0","deletedDate":1572544039,"scheduledPurgeDate":1580320039,"key":{"kid":"https://vault458ad70cc792670ac9.vault.azure.net/keys/key0/2162cce51d6a42249d4729581d79db6d","kty":"RSA","key_ops":["encrypt","decrypt","sign","verify","wrapKey","unwrapKey"],"n":"rY4FCJftGYbjNeGoCrH2HWht0s81pyvJICy1OZ0ax4vSTsojcQS5sxDkR42iGuEw6GXbNs49UyFJLybA10fK-B-stoaFHLPvgFeTkse_QYAKMnQeY0EsBoJ8uvQXSYO4Z2l4-d_c4yZ5tn78K5jSYFOJNqt2cartbwCgs3I6woNQxdpCl18egywqq2SYKAZNNTBfC91miVBmgWrj1JiFsGJDB-fvUffOCh81rxcfJvUlctZstEQviYjPfccQurOENqXf9LnrFSeGoH3iYtkveSsd7VWF5XKClkdoWCbgx9cCY0bqrKUOQvo1KbpFAKvLHKyqzWviypGBPk1j2QMDYw","e":"AQAB"},"attributes":{"enabled":true,"created":1572544037,"updated":1572544037,"recoveryLevel":"Recoverable+Purgeable"}}'
    headers:
      cache-control: no-cache
      content-length: '799'
      content-type: application/json; charset=utf-8
      date: Thu, 31 Oct 2019 17:47:18 GMT
      expires: '-1'
      pragma: no-cache
      server: Microsoft-IIS/10.0
      strict-transport-security: max-age=31536000;includeSubDomains
      x-aspnet-version: 4.0.30319
      x-content-type-options: nosniff
      x-ms-keyvault-network-info: addr=131.107.160.72;act_addr_fam=InterNetwork;
      x-ms-keyvault-region: westus
      x-ms-keyvault-service-version: 1.1.0.879
      x-powered-by: ASP.NET
    status:
      code: 200
      message: OK
    url: !!python/object/new:yarl.URL
      state: !!python/tuple
      - !!python/object/new:urllib.parse.SplitResult
        - https
        - vault458ad70cc792670ac9.vault.azure.net
        - /keys/key0
        - api-version=7.0
        - ''
- request:
    body: null
    headers:
      Accept:
      - application/json
      User-Agent:
      - azsdk-python-keyvault-keys/4.0.0 Python/3.7.4 (Windows-10-10.0.18362-SP0)
    method: GET
    uri: https://vault458ad70cc792670ac9.vault.azure.net/deletedkeys/key0?api-version=7.0
  response:
    body:
      string: '{"error":{"code":"KeyNotFound","message":"Deleted Key not found: key0"}}'
    headers:
      cache-control: no-cache
      content-length: '72'
      content-type: application/json; charset=utf-8
      date: Thu, 31 Oct 2019 17:47:18 GMT
      expires: '-1'
      pragma: no-cache
      server: Microsoft-IIS/10.0
      strict-transport-security: max-age=31536000;includeSubDomains
      x-aspnet-version: 4.0.30319
      x-content-type-options: nosniff
      x-ms-keyvault-network-info: addr=131.107.160.72;act_addr_fam=InterNetwork;
      x-ms-keyvault-region: westus
      x-ms-keyvault-service-version: 1.1.0.879
      x-powered-by: ASP.NET
    status:
      code: 404
      message: Not Found
    url: !!python/object/new:yarl.URL
      state: !!python/tuple
      - !!python/object/new:urllib.parse.SplitResult
        - https
        - vault458ad70cc792670ac9.vault.azure.net
        - /deletedkeys/key0
        - api-version=7.0
        - ''
- request:
    body: null
    headers:
      Accept:
      - application/json
      User-Agent:
      - azsdk-python-keyvault-keys/4.0.0 Python/3.7.4 (Windows-10-10.0.18362-SP0)
    method: GET
    uri: https://vault458ad70cc792670ac9.vault.azure.net/deletedkeys/key0?api-version=7.0
  response:
    body:
      string: '{"error":{"code":"KeyNotFound","message":"Deleted Key not found: key0"}}'
    headers:
      cache-control: no-cache
      content-length: '72'
      content-type: application/json; charset=utf-8
      date: Thu, 31 Oct 2019 17:47:20 GMT
      expires: '-1'
      pragma: no-cache
      server: Microsoft-IIS/10.0
      strict-transport-security: max-age=31536000;includeSubDomains
      x-aspnet-version: 4.0.30319
      x-content-type-options: nosniff
      x-ms-keyvault-network-info: addr=131.107.160.72;act_addr_fam=InterNetwork;
      x-ms-keyvault-region: westus
      x-ms-keyvault-service-version: 1.1.0.879
      x-powered-by: ASP.NET
    status:
      code: 404
      message: Not Found
    url: !!python/object/new:yarl.URL
      state: !!python/tuple
      - !!python/object/new:urllib.parse.SplitResult
        - https
        - vault458ad70cc792670ac9.vault.azure.net
        - /deletedkeys/key0
        - api-version=7.0
        - ''
- request:
    body: null
    headers:
      Accept:
      - application/json
      User-Agent:
      - azsdk-python-keyvault-keys/4.0.0 Python/3.7.4 (Windows-10-10.0.18362-SP0)
    method: GET
    uri: https://vault458ad70cc792670ac9.vault.azure.net/deletedkeys/key0?api-version=7.0
  response:
    body:
      string: '{"error":{"code":"KeyNotFound","message":"Deleted Key not found: key0"}}'
    headers:
      cache-control: no-cache
      content-length: '72'
      content-type: application/json; charset=utf-8
      date: Thu, 31 Oct 2019 17:47:22 GMT
      expires: '-1'
      pragma: no-cache
      server: Microsoft-IIS/10.0
      strict-transport-security: max-age=31536000;includeSubDomains
      x-aspnet-version: 4.0.30319
      x-content-type-options: nosniff
      x-ms-keyvault-network-info: addr=131.107.160.72;act_addr_fam=InterNetwork;
      x-ms-keyvault-region: westus
      x-ms-keyvault-service-version: 1.1.0.879
      x-powered-by: ASP.NET
    status:
      code: 404
      message: Not Found
    url: !!python/object/new:yarl.URL
      state: !!python/tuple
      - !!python/object/new:urllib.parse.SplitResult
        - https
        - vault458ad70cc792670ac9.vault.azure.net
        - /deletedkeys/key0
        - api-version=7.0
        - ''
- request:
    body: null
    headers:
      Accept:
      - application/json
      User-Agent:
      - azsdk-python-keyvault-keys/4.0.0 Python/3.7.4 (Windows-10-10.0.18362-SP0)
    method: GET
    uri: https://vault458ad70cc792670ac9.vault.azure.net/deletedkeys/key0?api-version=7.0
  response:
    body:
      string: '{"error":{"code":"KeyNotFound","message":"Deleted Key not found: key0"}}'
    headers:
      cache-control: no-cache
      content-length: '72'
      content-type: application/json; charset=utf-8
      date: Thu, 31 Oct 2019 17:47:24 GMT
      expires: '-1'
      pragma: no-cache
      server: Microsoft-IIS/10.0
      strict-transport-security: max-age=31536000;includeSubDomains
      x-aspnet-version: 4.0.30319
      x-content-type-options: nosniff
      x-ms-keyvault-network-info: addr=131.107.160.72;act_addr_fam=InterNetwork;
      x-ms-keyvault-region: westus
      x-ms-keyvault-service-version: 1.1.0.879
      x-powered-by: ASP.NET
    status:
      code: 404
      message: Not Found
    url: !!python/object/new:yarl.URL
      state: !!python/tuple
      - !!python/object/new:urllib.parse.SplitResult
        - https
        - vault458ad70cc792670ac9.vault.azure.net
        - /deletedkeys/key0
        - api-version=7.0
        - ''
- request:
    body: null
    headers:
      Accept:
      - application/json
      User-Agent:
      - azsdk-python-keyvault-keys/4.0.0 Python/3.7.4 (Windows-10-10.0.18362-SP0)
    method: GET
    uri: https://vault458ad70cc792670ac9.vault.azure.net/deletedkeys/key0?api-version=7.0
  response:
    body:
      string: '{"recoveryId":"https://vault458ad70cc792670ac9.vault.azure.net/deletedkeys/key0","deletedDate":1572544039,"scheduledPurgeDate":1580320039,"key":{"kid":"https://vault458ad70cc792670ac9.vault.azure.net/keys/key0/2162cce51d6a42249d4729581d79db6d","kty":"RSA","key_ops":["encrypt","decrypt","sign","verify","wrapKey","unwrapKey"],"n":"rY4FCJftGYbjNeGoCrH2HWht0s81pyvJICy1OZ0ax4vSTsojcQS5sxDkR42iGuEw6GXbNs49UyFJLybA10fK-B-stoaFHLPvgFeTkse_QYAKMnQeY0EsBoJ8uvQXSYO4Z2l4-d_c4yZ5tn78K5jSYFOJNqt2cartbwCgs3I6woNQxdpCl18egywqq2SYKAZNNTBfC91miVBmgWrj1JiFsGJDB-fvUffOCh81rxcfJvUlctZstEQviYjPfccQurOENqXf9LnrFSeGoH3iYtkveSsd7VWF5XKClkdoWCbgx9cCY0bqrKUOQvo1KbpFAKvLHKyqzWviypGBPk1j2QMDYw","e":"AQAB"},"attributes":{"enabled":true,"created":1572544037,"updated":1572544037,"recoveryLevel":"Recoverable+Purgeable"}}'
    headers:
      cache-control: no-cache
      content-length: '799'
      content-type: application/json; charset=utf-8
      date: Thu, 31 Oct 2019 17:47:26 GMT
      expires: '-1'
      pragma: no-cache
      server: Microsoft-IIS/10.0
      strict-transport-security: max-age=31536000;includeSubDomains
      x-aspnet-version: 4.0.30319
      x-content-type-options: nosniff
      x-ms-keyvault-network-info: addr=131.107.160.72;act_addr_fam=InterNetwork;
      x-ms-keyvault-region: westus
      x-ms-keyvault-service-version: 1.1.0.879
      x-powered-by: ASP.NET
    status:
      code: 200
      message: OK
    url: !!python/object/new:yarl.URL
      state: !!python/tuple
      - !!python/object/new:urllib.parse.SplitResult
        - https
        - vault458ad70cc792670ac9.vault.azure.net
        - /deletedkeys/key0
        - api-version=7.0
        - ''
- request:
    body: null
    headers:
      Accept:
      - application/json
      User-Agent:
      - azsdk-python-keyvault-keys/4.0.0 Python/3.7.4 (Windows-10-10.0.18362-SP0)
    method: DELETE
    uri: https://vault458ad70cc792670ac9.vault.azure.net/keys/key1?api-version=7.0
  response:
    body:
      string: '{"recoveryId":"https://vault458ad70cc792670ac9.vault.azure.net/deletedkeys/key1","deletedDate":1572544049,"scheduledPurgeDate":1580320049,"key":{"kid":"https://vault458ad70cc792670ac9.vault.azure.net/keys/key1/3538d1a4107f408eba4d376be31d71aa","kty":"RSA","key_ops":["encrypt","decrypt","sign","verify","wrapKey","unwrapKey"],"n":"lYpio0E33OMu-2gk41LOrH468jtnNFCGCZ3w2HAWKc3Rkehsqj65nqhgkLJK_WuHQyJsT4erVFBjEGfDB-LJOCM9RKg98k9rwVQSY3KwXyy5tJKk0SkbwRSPklEyyIRbdmDBGh_-yJ8PSSmIP0OlyJwuzPFdlqgkZZOvDolOZtQPZoj3ryPbEFkhQ3U4lzXV18Yh2GfcAGcQ3T9vYGQW53qBiFMO01cyXQ4LN0Bp4jiX8i2MYpMn-bs7Jh7oKnV61IC_I8uaIEtfC19B2ueqUaumh6t6bJ0aBVQzj9oxTIJIPwW-E2x6ZO1KvEuKKpwA-xQfa-NZ61KZt8OJTtvrPw","e":"AQAB"},"attributes":{"enabled":true,"created":1572544038,"updated":1572544038,"recoveryLevel":"Recoverable+Purgeable"}}'
    headers:
      cache-control: no-cache
      content-length: '799'
      content-type: application/json; charset=utf-8
      date: Thu, 31 Oct 2019 17:47:28 GMT
      expires: '-1'
      pragma: no-cache
      server: Microsoft-IIS/10.0
      strict-transport-security: max-age=31536000;includeSubDomains
      x-aspnet-version: 4.0.30319
      x-content-type-options: nosniff
      x-ms-keyvault-network-info: addr=131.107.160.72;act_addr_fam=InterNetwork;
      x-ms-keyvault-region: westus
      x-ms-keyvault-service-version: 1.1.0.879
      x-powered-by: ASP.NET
    status:
      code: 200
      message: OK
    url: !!python/object/new:yarl.URL
      state: !!python/tuple
      - !!python/object/new:urllib.parse.SplitResult
        - https
        - vault458ad70cc792670ac9.vault.azure.net
        - /keys/key1
        - api-version=7.0
        - ''
- request:
    body: null
    headers:
      Accept:
      - application/json
      User-Agent:
      - azsdk-python-keyvault-keys/4.0.0 Python/3.7.4 (Windows-10-10.0.18362-SP0)
    method: GET
    uri: https://vault458ad70cc792670ac9.vault.azure.net/deletedkeys/key1?api-version=7.0
  response:
    body:
      string: '{"error":{"code":"KeyNotFound","message":"Deleted Key not found: key1"}}'
    headers:
      cache-control: no-cache
      content-length: '72'
      content-type: application/json; charset=utf-8
      date: Thu, 31 Oct 2019 17:47:28 GMT
      expires: '-1'
      pragma: no-cache
      server: Microsoft-IIS/10.0
      strict-transport-security: max-age=31536000;includeSubDomains
      x-aspnet-version: 4.0.30319
      x-content-type-options: nosniff
      x-ms-keyvault-network-info: addr=131.107.160.72;act_addr_fam=InterNetwork;
      x-ms-keyvault-region: westus
      x-ms-keyvault-service-version: 1.1.0.879
      x-powered-by: ASP.NET
    status:
      code: 404
      message: Not Found
    url: !!python/object/new:yarl.URL
      state: !!python/tuple
      - !!python/object/new:urllib.parse.SplitResult
        - https
        - vault458ad70cc792670ac9.vault.azure.net
        - /deletedkeys/key1
        - api-version=7.0
        - ''
- request:
    body: null
    headers:
      Accept:
      - application/json
      User-Agent:
      - azsdk-python-keyvault-keys/4.0.0 Python/3.7.4 (Windows-10-10.0.18362-SP0)
    method: GET
    uri: https://vault458ad70cc792670ac9.vault.azure.net/deletedkeys/key1?api-version=7.0
  response:
    body:
      string: '{"error":{"code":"KeyNotFound","message":"Deleted Key not found: key1"}}'
    headers:
      cache-control: no-cache
      content-length: '72'
      content-type: application/json; charset=utf-8
      date: Thu, 31 Oct 2019 17:47:30 GMT
      expires: '-1'
      pragma: no-cache
      server: Microsoft-IIS/10.0
      strict-transport-security: max-age=31536000;includeSubDomains
      x-aspnet-version: 4.0.30319
      x-content-type-options: nosniff
      x-ms-keyvault-network-info: addr=131.107.160.72;act_addr_fam=InterNetwork;
      x-ms-keyvault-region: westus
      x-ms-keyvault-service-version: 1.1.0.879
      x-powered-by: ASP.NET
    status:
      code: 404
      message: Not Found
    url: !!python/object/new:yarl.URL
      state: !!python/tuple
      - !!python/object/new:urllib.parse.SplitResult
        - https
        - vault458ad70cc792670ac9.vault.azure.net
        - /deletedkeys/key1
        - api-version=7.0
        - ''
- request:
    body: null
    headers:
      Accept:
      - application/json
      User-Agent:
      - azsdk-python-keyvault-keys/4.0.0 Python/3.7.4 (Windows-10-10.0.18362-SP0)
    method: GET
    uri: https://vault458ad70cc792670ac9.vault.azure.net/deletedkeys/key1?api-version=7.0
  response:
    body:
      string: '{"error":{"code":"KeyNotFound","message":"Deleted Key not found: key1"}}'
    headers:
      cache-control: no-cache
      content-length: '72'
      content-type: application/json; charset=utf-8
      date: Thu, 31 Oct 2019 17:47:32 GMT
      expires: '-1'
      pragma: no-cache
      server: Microsoft-IIS/10.0
      strict-transport-security: max-age=31536000;includeSubDomains
      x-aspnet-version: 4.0.30319
      x-content-type-options: nosniff
      x-ms-keyvault-network-info: addr=131.107.160.72;act_addr_fam=InterNetwork;
      x-ms-keyvault-region: westus
      x-ms-keyvault-service-version: 1.1.0.879
      x-powered-by: ASP.NET
    status:
      code: 404
      message: Not Found
    url: !!python/object/new:yarl.URL
      state: !!python/tuple
      - !!python/object/new:urllib.parse.SplitResult
        - https
        - vault458ad70cc792670ac9.vault.azure.net
        - /deletedkeys/key1
        - api-version=7.0
        - ''
- request:
    body: null
    headers:
      Accept:
      - application/json
      User-Agent:
      - azsdk-python-keyvault-keys/4.0.0 Python/3.7.4 (Windows-10-10.0.18362-SP0)
    method: GET
    uri: https://vault458ad70cc792670ac9.vault.azure.net/deletedkeys/key1?api-version=7.0
  response:
    body:
      string: '{"error":{"code":"KeyNotFound","message":"Deleted Key not found: key1"}}'
    headers:
      cache-control: no-cache
      content-length: '72'
      content-type: application/json; charset=utf-8
      date: Thu, 31 Oct 2019 17:47:34 GMT
      expires: '-1'
      pragma: no-cache
      server: Microsoft-IIS/10.0
      strict-transport-security: max-age=31536000;includeSubDomains
      x-aspnet-version: 4.0.30319
      x-content-type-options: nosniff
      x-ms-keyvault-network-info: addr=131.107.160.72;act_addr_fam=InterNetwork;
      x-ms-keyvault-region: westus
      x-ms-keyvault-service-version: 1.1.0.879
      x-powered-by: ASP.NET
    status:
      code: 404
      message: Not Found
    url: !!python/object/new:yarl.URL
      state: !!python/tuple
      - !!python/object/new:urllib.parse.SplitResult
        - https
        - vault458ad70cc792670ac9.vault.azure.net
        - /deletedkeys/key1
        - api-version=7.0
        - ''
- request:
    body: null
    headers:
      Accept:
      - application/json
      User-Agent:
      - azsdk-python-keyvault-keys/4.0.0 Python/3.7.4 (Windows-10-10.0.18362-SP0)
    method: GET
    uri: https://vault458ad70cc792670ac9.vault.azure.net/deletedkeys/key1?api-version=7.0
  response:
    body:
      string: '{"error":{"code":"KeyNotFound","message":"Deleted Key not found: key1"}}'
    headers:
      cache-control: no-cache
      content-length: '72'
      content-type: application/json; charset=utf-8
      date: Thu, 31 Oct 2019 17:47:36 GMT
      expires: '-1'
      pragma: no-cache
      server: Microsoft-IIS/10.0
      strict-transport-security: max-age=31536000;includeSubDomains
      x-aspnet-version: 4.0.30319
      x-content-type-options: nosniff
      x-ms-keyvault-network-info: addr=131.107.160.72;act_addr_fam=InterNetwork;
      x-ms-keyvault-region: westus
      x-ms-keyvault-service-version: 1.1.0.879
      x-powered-by: ASP.NET
    status:
      code: 404
      message: Not Found
    url: !!python/object/new:yarl.URL
      state: !!python/tuple
      - !!python/object/new:urllib.parse.SplitResult
        - https
        - vault458ad70cc792670ac9.vault.azure.net
        - /deletedkeys/key1
        - api-version=7.0
        - ''
- request:
    body: null
    headers:
      Accept:
      - application/json
      User-Agent:
      - azsdk-python-keyvault-keys/4.0.0 Python/3.7.4 (Windows-10-10.0.18362-SP0)
    method: GET
    uri: https://vault458ad70cc792670ac9.vault.azure.net/deletedkeys/key1?api-version=7.0
  response:
    body:
      string: '{"error":{"code":"KeyNotFound","message":"Deleted Key not found: key1"}}'
    headers:
      cache-control: no-cache
      content-length: '72'
      content-type: application/json; charset=utf-8
      date: Thu, 31 Oct 2019 17:47:38 GMT
      expires: '-1'
      pragma: no-cache
      server: Microsoft-IIS/10.0
      strict-transport-security: max-age=31536000;includeSubDomains
      x-aspnet-version: 4.0.30319
      x-content-type-options: nosniff
      x-ms-keyvault-network-info: addr=131.107.160.72;act_addr_fam=InterNetwork;
      x-ms-keyvault-region: westus
      x-ms-keyvault-service-version: 1.1.0.879
      x-powered-by: ASP.NET
    status:
      code: 404
      message: Not Found
    url: !!python/object/new:yarl.URL
      state: !!python/tuple
      - !!python/object/new:urllib.parse.SplitResult
        - https
        - vault458ad70cc792670ac9.vault.azure.net
        - /deletedkeys/key1
        - api-version=7.0
        - ''
- request:
    body: null
    headers:
      Accept:
      - application/json
      User-Agent:
      - azsdk-python-keyvault-keys/4.0.0 Python/3.7.4 (Windows-10-10.0.18362-SP0)
    method: GET
    uri: https://vault458ad70cc792670ac9.vault.azure.net/deletedkeys/key1?api-version=7.0
  response:
    body:
      string: '{"error":{"code":"KeyNotFound","message":"Deleted Key not found: key1"}}'
    headers:
      cache-control: no-cache
      content-length: '72'
      content-type: application/json; charset=utf-8
      date: Thu, 31 Oct 2019 17:47:40 GMT
      expires: '-1'
      pragma: no-cache
      server: Microsoft-IIS/10.0
      strict-transport-security: max-age=31536000;includeSubDomains
      x-aspnet-version: 4.0.30319
      x-content-type-options: nosniff
      x-ms-keyvault-network-info: addr=131.107.160.72;act_addr_fam=InterNetwork;
      x-ms-keyvault-region: westus
      x-ms-keyvault-service-version: 1.1.0.879
      x-powered-by: ASP.NET
    status:
      code: 404
      message: Not Found
    url: !!python/object/new:yarl.URL
      state: !!python/tuple
      - !!python/object/new:urllib.parse.SplitResult
        - https
        - vault458ad70cc792670ac9.vault.azure.net
        - /deletedkeys/key1
        - api-version=7.0
        - ''
- request:
    body: null
    headers:
      Accept:
      - application/json
      User-Agent:
      - azsdk-python-keyvault-keys/4.0.0 Python/3.7.4 (Windows-10-10.0.18362-SP0)
    method: GET
    uri: https://vault458ad70cc792670ac9.vault.azure.net/deletedkeys/key1?api-version=7.0
  response:
    body:
      string: '{"error":{"code":"KeyNotFound","message":"Deleted Key not found: key1"}}'
    headers:
      cache-control: no-cache
      content-length: '72'
      content-type: application/json; charset=utf-8
      date: Thu, 31 Oct 2019 17:47:43 GMT
      expires: '-1'
      pragma: no-cache
      server: Microsoft-IIS/10.0
      strict-transport-security: max-age=31536000;includeSubDomains
      x-aspnet-version: 4.0.30319
      x-content-type-options: nosniff
      x-ms-keyvault-network-info: addr=131.107.160.72;act_addr_fam=InterNetwork;
      x-ms-keyvault-region: westus
      x-ms-keyvault-service-version: 1.1.0.879
      x-powered-by: ASP.NET
    status:
      code: 404
      message: Not Found
    url: !!python/object/new:yarl.URL
      state: !!python/tuple
      - !!python/object/new:urllib.parse.SplitResult
        - https
        - vault458ad70cc792670ac9.vault.azure.net
        - /deletedkeys/key1
        - api-version=7.0
        - ''
- request:
    body: null
    headers:
      Accept:
      - application/json
      User-Agent:
      - azsdk-python-keyvault-keys/4.0.0 Python/3.7.4 (Windows-10-10.0.18362-SP0)
    method: GET
    uri: https://vault458ad70cc792670ac9.vault.azure.net/deletedkeys/key1?api-version=7.0
  response:
    body:
      string: '{"error":{"code":"KeyNotFound","message":"Deleted Key not found: key1"}}'
    headers:
      cache-control: no-cache
      content-length: '72'
      content-type: application/json; charset=utf-8
      date: Thu, 31 Oct 2019 17:47:45 GMT
      expires: '-1'
      pragma: no-cache
      server: Microsoft-IIS/10.0
      strict-transport-security: max-age=31536000;includeSubDomains
      x-aspnet-version: 4.0.30319
      x-content-type-options: nosniff
      x-ms-keyvault-network-info: addr=131.107.160.72;act_addr_fam=InterNetwork;
      x-ms-keyvault-region: westus
      x-ms-keyvault-service-version: 1.1.0.879
      x-powered-by: ASP.NET
    status:
      code: 404
      message: Not Found
    url: !!python/object/new:yarl.URL
      state: !!python/tuple
      - !!python/object/new:urllib.parse.SplitResult
        - https
        - vault458ad70cc792670ac9.vault.azure.net
        - /deletedkeys/key1
        - api-version=7.0
        - ''
- request:
    body: null
    headers:
      Accept:
      - application/json
      User-Agent:
      - azsdk-python-keyvault-keys/4.0.0 Python/3.7.4 (Windows-10-10.0.18362-SP0)
    method: GET
    uri: https://vault458ad70cc792670ac9.vault.azure.net/deletedkeys/key1?api-version=7.0
  response:
    body:
      string: '{"recoveryId":"https://vault458ad70cc792670ac9.vault.azure.net/deletedkeys/key1","deletedDate":1572544049,"scheduledPurgeDate":1580320049,"key":{"kid":"https://vault458ad70cc792670ac9.vault.azure.net/keys/key1/3538d1a4107f408eba4d376be31d71aa","kty":"RSA","key_ops":["encrypt","decrypt","sign","verify","wrapKey","unwrapKey"],"n":"lYpio0E33OMu-2gk41LOrH468jtnNFCGCZ3w2HAWKc3Rkehsqj65nqhgkLJK_WuHQyJsT4erVFBjEGfDB-LJOCM9RKg98k9rwVQSY3KwXyy5tJKk0SkbwRSPklEyyIRbdmDBGh_-yJ8PSSmIP0OlyJwuzPFdlqgkZZOvDolOZtQPZoj3ryPbEFkhQ3U4lzXV18Yh2GfcAGcQ3T9vYGQW53qBiFMO01cyXQ4LN0Bp4jiX8i2MYpMn-bs7Jh7oKnV61IC_I8uaIEtfC19B2ueqUaumh6t6bJ0aBVQzj9oxTIJIPwW-E2x6ZO1KvEuKKpwA-xQfa-NZ61KZt8OJTtvrPw","e":"AQAB"},"attributes":{"enabled":true,"created":1572544038,"updated":1572544038,"recoveryLevel":"Recoverable+Purgeable"}}'
    headers:
      cache-control: no-cache
      content-length: '799'
      content-type: application/json; charset=utf-8
      date: Thu, 31 Oct 2019 17:47:47 GMT
      expires: '-1'
      pragma: no-cache
      server: Microsoft-IIS/10.0
      strict-transport-security: max-age=31536000;includeSubDomains
      x-aspnet-version: 4.0.30319
      x-content-type-options: nosniff
      x-ms-keyvault-network-info: addr=131.107.160.72;act_addr_fam=InterNetwork;
      x-ms-keyvault-region: westus
      x-ms-keyvault-service-version: 1.1.0.879
      x-powered-by: ASP.NET
    status:
      code: 200
      message: OK
    url: !!python/object/new:yarl.URL
      state: !!python/tuple
      - !!python/object/new:urllib.parse.SplitResult
        - https
        - vault458ad70cc792670ac9.vault.azure.net
        - /deletedkeys/key1
        - api-version=7.0
        - ''
- request:
    body: null
    headers:
      Accept:
      - application/json
      User-Agent:
      - azsdk-python-keyvault-keys/4.0.0 Python/3.7.4 (Windows-10-10.0.18362-SP0)
    method: DELETE
    uri: https://vault458ad70cc792670ac9.vault.azure.net/keys/key2?api-version=7.0
  response:
    body:
      string: '{"recoveryId":"https://vault458ad70cc792670ac9.vault.azure.net/deletedkeys/key2","deletedDate":1572544070,"scheduledPurgeDate":1580320070,"key":{"kid":"https://vault458ad70cc792670ac9.vault.azure.net/keys/key2/ebcfd52d2b28441d86694551a4648fad","kty":"RSA","key_ops":["encrypt","decrypt","sign","verify","wrapKey","unwrapKey"],"n":"uBW89E2mh0hLvQs5960MYJYzUmgkrsOD0LoKM2H7-PG64cfXMJHSHRNaadzODxtkeR5qV33AJig-P7Dnj2pSjbYiw-PWKalXRTPdLf5BRQIQq8WzDJGtApil3WbC_Dt_iWnu6xk7oMgWICyOCpcxnP1QYJmCH5vJ-ktqC3Mqdk1SHlS1H69lgSZJFpR_Zt_pZUjk2e9IMy7sswoVPJ40pkO782Rtzv10ySGYL3_7DrVlf6sL0LB4DihsSKLPCMafnkuzFCPI2FmfgcHkstcXJwKQeETwBuTbAkfpXWL0P0M5JkR0IxalCZfluIqRTDSl4dJ4YzM2aBkUutTRtCbhyQ","e":"AQAB"},"attributes":{"enabled":true,"created":1572544038,"updated":1572544038,"recoveryLevel":"Recoverable+Purgeable"}}'
    headers:
      cache-control: no-cache
      content-length: '799'
      content-type: application/json; charset=utf-8
      date: Thu, 31 Oct 2019 17:47:49 GMT
      expires: '-1'
      pragma: no-cache
      server: Microsoft-IIS/10.0
      strict-transport-security: max-age=31536000;includeSubDomains
      x-aspnet-version: 4.0.30319
      x-content-type-options: nosniff
      x-ms-keyvault-network-info: addr=131.107.160.72;act_addr_fam=InterNetwork;
      x-ms-keyvault-region: westus
      x-ms-keyvault-service-version: 1.1.0.879
      x-powered-by: ASP.NET
    status:
      code: 200
      message: OK
    url: !!python/object/new:yarl.URL
      state: !!python/tuple
      - !!python/object/new:urllib.parse.SplitResult
        - https
        - vault458ad70cc792670ac9.vault.azure.net
        - /keys/key2
        - api-version=7.0
        - ''
- request:
    body: null
    headers:
      Accept:
      - application/json
      User-Agent:
      - azsdk-python-keyvault-keys/4.0.0 Python/3.7.4 (Windows-10-10.0.18362-SP0)
    method: GET
    uri: https://vault458ad70cc792670ac9.vault.azure.net/deletedkeys/key2?api-version=7.0
  response:
    body:
      string: '{"error":{"code":"KeyNotFound","message":"Deleted Key not found: key2"}}'
    headers:
      cache-control: no-cache
      content-length: '72'
      content-type: application/json; charset=utf-8
      date: Thu, 31 Oct 2019 17:47:49 GMT
      expires: '-1'
      pragma: no-cache
      server: Microsoft-IIS/10.0
      strict-transport-security: max-age=31536000;includeSubDomains
      x-aspnet-version: 4.0.30319
      x-content-type-options: nosniff
      x-ms-keyvault-network-info: addr=131.107.160.72;act_addr_fam=InterNetwork;
      x-ms-keyvault-region: westus
      x-ms-keyvault-service-version: 1.1.0.879
      x-powered-by: ASP.NET
    status:
      code: 404
      message: Not Found
    url: !!python/object/new:yarl.URL
      state: !!python/tuple
      - !!python/object/new:urllib.parse.SplitResult
        - https
        - vault458ad70cc792670ac9.vault.azure.net
        - /deletedkeys/key2
        - api-version=7.0
        - ''
- request:
    body: null
    headers:
      Accept:
      - application/json
      User-Agent:
      - azsdk-python-keyvault-keys/4.0.0 Python/3.7.4 (Windows-10-10.0.18362-SP0)
    method: GET
    uri: https://vault458ad70cc792670ac9.vault.azure.net/deletedkeys/key2?api-version=7.0
  response:
    body:
      string: '{"error":{"code":"KeyNotFound","message":"Deleted Key not found: key2"}}'
    headers:
      cache-control: no-cache
      content-length: '72'
      content-type: application/json; charset=utf-8
      date: Thu, 31 Oct 2019 17:47:51 GMT
      expires: '-1'
      pragma: no-cache
      server: Microsoft-IIS/10.0
      strict-transport-security: max-age=31536000;includeSubDomains
      x-aspnet-version: 4.0.30319
      x-content-type-options: nosniff
      x-ms-keyvault-network-info: addr=131.107.160.72;act_addr_fam=InterNetwork;
      x-ms-keyvault-region: westus
      x-ms-keyvault-service-version: 1.1.0.879
      x-powered-by: ASP.NET
    status:
      code: 404
      message: Not Found
    url: !!python/object/new:yarl.URL
      state: !!python/tuple
      - !!python/object/new:urllib.parse.SplitResult
        - https
        - vault458ad70cc792670ac9.vault.azure.net
        - /deletedkeys/key2
        - api-version=7.0
        - ''
- request:
    body: null
    headers:
      Accept:
      - application/json
      User-Agent:
      - azsdk-python-keyvault-keys/4.0.0 Python/3.7.4 (Windows-10-10.0.18362-SP0)
    method: GET
    uri: https://vault458ad70cc792670ac9.vault.azure.net/deletedkeys/key2?api-version=7.0
  response:
    body:
      string: '{"error":{"code":"KeyNotFound","message":"Deleted Key not found: key2"}}'
    headers:
      cache-control: no-cache
      content-length: '72'
      content-type: application/json; charset=utf-8
      date: Thu, 31 Oct 2019 17:47:54 GMT
      expires: '-1'
      pragma: no-cache
      server: Microsoft-IIS/10.0
      strict-transport-security: max-age=31536000;includeSubDomains
      x-aspnet-version: 4.0.30319
      x-content-type-options: nosniff
      x-ms-keyvault-network-info: addr=131.107.160.72;act_addr_fam=InterNetwork;
      x-ms-keyvault-region: westus
      x-ms-keyvault-service-version: 1.1.0.879
      x-powered-by: ASP.NET
    status:
      code: 404
      message: Not Found
    url: !!python/object/new:yarl.URL
      state: !!python/tuple
      - !!python/object/new:urllib.parse.SplitResult
        - https
        - vault458ad70cc792670ac9.vault.azure.net
        - /deletedkeys/key2
        - api-version=7.0
        - ''
- request:
    body: null
    headers:
      Accept:
      - application/json
      User-Agent:
      - azsdk-python-keyvault-keys/4.0.0 Python/3.7.4 (Windows-10-10.0.18362-SP0)
    method: GET
    uri: https://vault458ad70cc792670ac9.vault.azure.net/deletedkeys/key2?api-version=7.0
  response:
    body:
      string: '{"error":{"code":"KeyNotFound","message":"Deleted Key not found: key2"}}'
    headers:
      cache-control: no-cache
      content-length: '72'
      content-type: application/json; charset=utf-8
      date: Thu, 31 Oct 2019 17:47:56 GMT
      expires: '-1'
      pragma: no-cache
      server: Microsoft-IIS/10.0
      strict-transport-security: max-age=31536000;includeSubDomains
      x-aspnet-version: 4.0.30319
      x-content-type-options: nosniff
      x-ms-keyvault-network-info: addr=131.107.160.72;act_addr_fam=InterNetwork;
      x-ms-keyvault-region: westus
      x-ms-keyvault-service-version: 1.1.0.879
      x-powered-by: ASP.NET
    status:
      code: 404
      message: Not Found
    url: !!python/object/new:yarl.URL
      state: !!python/tuple
      - !!python/object/new:urllib.parse.SplitResult
        - https
        - vault458ad70cc792670ac9.vault.azure.net
        - /deletedkeys/key2
        - api-version=7.0
        - ''
- request:
    body: null
    headers:
      Accept:
      - application/json
      User-Agent:
      - azsdk-python-keyvault-keys/4.0.0 Python/3.7.4 (Windows-10-10.0.18362-SP0)
    method: GET
    uri: https://vault458ad70cc792670ac9.vault.azure.net/deletedkeys/key2?api-version=7.0
  response:
    body:
      string: '{"error":{"code":"KeyNotFound","message":"Deleted Key not found: key2"}}'
    headers:
      cache-control: no-cache
      content-length: '72'
      content-type: application/json; charset=utf-8
      date: Thu, 31 Oct 2019 17:47:58 GMT
      expires: '-1'
      pragma: no-cache
      server: Microsoft-IIS/10.0
      strict-transport-security: max-age=31536000;includeSubDomains
      x-aspnet-version: 4.0.30319
      x-content-type-options: nosniff
      x-ms-keyvault-network-info: addr=131.107.160.72;act_addr_fam=InterNetwork;
      x-ms-keyvault-region: westus
      x-ms-keyvault-service-version: 1.1.0.879
      x-powered-by: ASP.NET
    status:
      code: 404
      message: Not Found
    url: !!python/object/new:yarl.URL
      state: !!python/tuple
      - !!python/object/new:urllib.parse.SplitResult
        - https
        - vault458ad70cc792670ac9.vault.azure.net
        - /deletedkeys/key2
        - api-version=7.0
        - ''
- request:
    body: null
    headers:
      Accept:
      - application/json
      User-Agent:
      - azsdk-python-keyvault-keys/4.0.0 Python/3.7.4 (Windows-10-10.0.18362-SP0)
    method: GET
    uri: https://vault458ad70cc792670ac9.vault.azure.net/deletedkeys/key2?api-version=7.0
  response:
    body:
      string: '{"error":{"code":"KeyNotFound","message":"Deleted Key not found: key2"}}'
    headers:
      cache-control: no-cache
      content-length: '72'
      content-type: application/json; charset=utf-8
      date: Thu, 31 Oct 2019 17:48:00 GMT
      expires: '-1'
      pragma: no-cache
      server: Microsoft-IIS/10.0
      strict-transport-security: max-age=31536000;includeSubDomains
      x-aspnet-version: 4.0.30319
      x-content-type-options: nosniff
      x-ms-keyvault-network-info: addr=131.107.160.72;act_addr_fam=InterNetwork;
      x-ms-keyvault-region: westus
      x-ms-keyvault-service-version: 1.1.0.879
      x-powered-by: ASP.NET
    status:
      code: 404
      message: Not Found
    url: !!python/object/new:yarl.URL
      state: !!python/tuple
      - !!python/object/new:urllib.parse.SplitResult
        - https
        - vault458ad70cc792670ac9.vault.azure.net
        - /deletedkeys/key2
        - api-version=7.0
        - ''
- request:
    body: null
    headers:
      Accept:
      - application/json
      User-Agent:
      - azsdk-python-keyvault-keys/4.0.0 Python/3.7.4 (Windows-10-10.0.18362-SP0)
    method: GET
    uri: https://vault458ad70cc792670ac9.vault.azure.net/deletedkeys/key2?api-version=7.0
  response:
    body:
      string: '{"error":{"code":"KeyNotFound","message":"Deleted Key not found: key2"}}'
    headers:
      cache-control: no-cache
      content-length: '72'
      content-type: application/json; charset=utf-8
      date: Thu, 31 Oct 2019 17:48:02 GMT
      expires: '-1'
      pragma: no-cache
      server: Microsoft-IIS/10.0
      strict-transport-security: max-age=31536000;includeSubDomains
      x-aspnet-version: 4.0.30319
      x-content-type-options: nosniff
      x-ms-keyvault-network-info: addr=131.107.160.72;act_addr_fam=InterNetwork;
      x-ms-keyvault-region: westus
      x-ms-keyvault-service-version: 1.1.0.879
      x-powered-by: ASP.NET
    status:
      code: 404
      message: Not Found
    url: !!python/object/new:yarl.URL
      state: !!python/tuple
      - !!python/object/new:urllib.parse.SplitResult
        - https
        - vault458ad70cc792670ac9.vault.azure.net
        - /deletedkeys/key2
        - api-version=7.0
        - ''
- request:
    body: null
    headers:
      Accept:
      - application/json
      User-Agent:
      - azsdk-python-keyvault-keys/4.0.0 Python/3.7.4 (Windows-10-10.0.18362-SP0)
    method: GET
    uri: https://vault458ad70cc792670ac9.vault.azure.net/deletedkeys/key2?api-version=7.0
  response:
    body:
      string: '{"recoveryId":"https://vault458ad70cc792670ac9.vault.azure.net/deletedkeys/key2","deletedDate":1572544070,"scheduledPurgeDate":1580320070,"key":{"kid":"https://vault458ad70cc792670ac9.vault.azure.net/keys/key2/ebcfd52d2b28441d86694551a4648fad","kty":"RSA","key_ops":["encrypt","decrypt","sign","verify","wrapKey","unwrapKey"],"n":"uBW89E2mh0hLvQs5960MYJYzUmgkrsOD0LoKM2H7-PG64cfXMJHSHRNaadzODxtkeR5qV33AJig-P7Dnj2pSjbYiw-PWKalXRTPdLf5BRQIQq8WzDJGtApil3WbC_Dt_iWnu6xk7oMgWICyOCpcxnP1QYJmCH5vJ-ktqC3Mqdk1SHlS1H69lgSZJFpR_Zt_pZUjk2e9IMy7sswoVPJ40pkO782Rtzv10ySGYL3_7DrVlf6sL0LB4DihsSKLPCMafnkuzFCPI2FmfgcHkstcXJwKQeETwBuTbAkfpXWL0P0M5JkR0IxalCZfluIqRTDSl4dJ4YzM2aBkUutTRtCbhyQ","e":"AQAB"},"attributes":{"enabled":true,"created":1572544038,"updated":1572544038,"recoveryLevel":"Recoverable+Purgeable"}}'
    headers:
      cache-control: no-cache
      content-length: '799'
      content-type: application/json; charset=utf-8
      date: Thu, 31 Oct 2019 17:48:04 GMT
      expires: '-1'
      pragma: no-cache
      server: Microsoft-IIS/10.0
      strict-transport-security: max-age=31536000;includeSubDomains
      x-aspnet-version: 4.0.30319
      x-content-type-options: nosniff
      x-ms-keyvault-network-info: addr=131.107.160.72;act_addr_fam=InterNetwork;
      x-ms-keyvault-region: westus
      x-ms-keyvault-service-version: 1.1.0.879
      x-powered-by: ASP.NET
    status:
      code: 200
      message: OK
    url: !!python/object/new:yarl.URL
      state: !!python/tuple
      - !!python/object/new:urllib.parse.SplitResult
        - https
        - vault458ad70cc792670ac9.vault.azure.net
        - /deletedkeys/key2
        - api-version=7.0
        - ''
- request:
    body: null
    headers:
      Accept:
      - application/json
      User-Agent:
      - azsdk-python-keyvault-keys/4.0.0 Python/3.7.4 (Windows-10-10.0.18362-SP0)
    method: DELETE
    uri: https://vault458ad70cc792670ac9.vault.azure.net/keys/key3?api-version=7.0
  response:
    body:
      string: '{"recoveryId":"https://vault458ad70cc792670ac9.vault.azure.net/deletedkeys/key3","deletedDate":1572544086,"scheduledPurgeDate":1580320086,"key":{"kid":"https://vault458ad70cc792670ac9.vault.azure.net/keys/key3/eb7977c68d3742a69271e0bc72fd3643","kty":"RSA","key_ops":["encrypt","decrypt","sign","verify","wrapKey","unwrapKey"],"n":"4wwM9Nty8qngKKWlBwmm4iRYbpnrSLNEKXGaCpAQdQZLXrD1giKo2cVCqbqEcoYXV3Vc04sl9uP__59mZlXsHGNOTPioLRI2oX90LKkuCdsG1B1mee_3zm-rpA5jjKbl-zei-5wA6UR0UlXODXPpflc53j8Z6rb5_p46Mu7OiGaMYdkariDTRfcT3YdEaFL9xnnYpB38QiO8Seb7WLP9k0rTT1HEaJ9np_GkMrWWHZ0gyIzCQcbjMFKOg_4vKcm8d4lAl8kWMwBR5SKynoJhdyOxpfphSYyGx9mFPu0CbPdOglO0s_Oy8ITBgKKV-t3Iu5MvvLlku6UOqLhuvzspIQ","e":"AQAB"},"attributes":{"enabled":true,"created":1572544038,"updated":1572544038,"recoveryLevel":"Recoverable+Purgeable"}}'
    headers:
      cache-control: no-cache
      content-length: '799'
      content-type: application/json; charset=utf-8
      date: Thu, 31 Oct 2019 17:48:06 GMT
      expires: '-1'
      pragma: no-cache
      server: Microsoft-IIS/10.0
      strict-transport-security: max-age=31536000;includeSubDomains
      x-aspnet-version: 4.0.30319
      x-content-type-options: nosniff
      x-ms-keyvault-network-info: addr=131.107.160.72;act_addr_fam=InterNetwork;
      x-ms-keyvault-region: westus
      x-ms-keyvault-service-version: 1.1.0.879
      x-powered-by: ASP.NET
    status:
      code: 200
      message: OK
    url: !!python/object/new:yarl.URL
      state: !!python/tuple
      - !!python/object/new:urllib.parse.SplitResult
        - https
        - vault458ad70cc792670ac9.vault.azure.net
        - /keys/key3
        - api-version=7.0
        - ''
- request:
    body: null
    headers:
      Accept:
      - application/json
      User-Agent:
      - azsdk-python-keyvault-keys/4.0.0 Python/3.7.4 (Windows-10-10.0.18362-SP0)
    method: GET
    uri: https://vault458ad70cc792670ac9.vault.azure.net/deletedkeys/key3?api-version=7.0
  response:
    body:
      string: '{"error":{"code":"KeyNotFound","message":"Deleted Key not found: key3"}}'
    headers:
      cache-control: no-cache
      content-length: '72'
      content-type: application/json; charset=utf-8
      date: Thu, 31 Oct 2019 17:48:06 GMT
      expires: '-1'
      pragma: no-cache
      server: Microsoft-IIS/10.0
      strict-transport-security: max-age=31536000;includeSubDomains
      x-aspnet-version: 4.0.30319
      x-content-type-options: nosniff
      x-ms-keyvault-network-info: addr=131.107.160.72;act_addr_fam=InterNetwork;
      x-ms-keyvault-region: westus
      x-ms-keyvault-service-version: 1.1.0.879
      x-powered-by: ASP.NET
    status:
      code: 404
      message: Not Found
    url: !!python/object/new:yarl.URL
      state: !!python/tuple
      - !!python/object/new:urllib.parse.SplitResult
        - https
        - vault458ad70cc792670ac9.vault.azure.net
        - /deletedkeys/key3
        - api-version=7.0
        - ''
- request:
    body: null
    headers:
      Accept:
      - application/json
      User-Agent:
      - azsdk-python-keyvault-keys/4.0.0 Python/3.7.4 (Windows-10-10.0.18362-SP0)
    method: GET
    uri: https://vault458ad70cc792670ac9.vault.azure.net/deletedkeys/key3?api-version=7.0
  response:
    body:
      string: '{"error":{"code":"KeyNotFound","message":"Deleted Key not found: key3"}}'
    headers:
      cache-control: no-cache
      content-length: '72'
      content-type: application/json; charset=utf-8
      date: Thu, 31 Oct 2019 17:48:08 GMT
      expires: '-1'
      pragma: no-cache
      server: Microsoft-IIS/10.0
      strict-transport-security: max-age=31536000;includeSubDomains
      x-aspnet-version: 4.0.30319
      x-content-type-options: nosniff
      x-ms-keyvault-network-info: addr=131.107.160.72;act_addr_fam=InterNetwork;
      x-ms-keyvault-region: westus
      x-ms-keyvault-service-version: 1.1.0.879
      x-powered-by: ASP.NET
    status:
      code: 404
      message: Not Found
    url: !!python/object/new:yarl.URL
      state: !!python/tuple
      - !!python/object/new:urllib.parse.SplitResult
        - https
        - vault458ad70cc792670ac9.vault.azure.net
        - /deletedkeys/key3
        - api-version=7.0
        - ''
- request:
    body: null
    headers:
      Accept:
      - application/json
      User-Agent:
      - azsdk-python-keyvault-keys/4.0.0 Python/3.7.4 (Windows-10-10.0.18362-SP0)
    method: GET
    uri: https://vault458ad70cc792670ac9.vault.azure.net/deletedkeys/key3?api-version=7.0
  response:
    body:
      string: '{"error":{"code":"KeyNotFound","message":"Deleted Key not found: key3"}}'
    headers:
      cache-control: no-cache
      content-length: '72'
      content-type: application/json; charset=utf-8
      date: Thu, 31 Oct 2019 17:48:10 GMT
      expires: '-1'
      pragma: no-cache
      server: Microsoft-IIS/10.0
      strict-transport-security: max-age=31536000;includeSubDomains
      x-aspnet-version: 4.0.30319
      x-content-type-options: nosniff
      x-ms-keyvault-network-info: addr=131.107.160.72;act_addr_fam=InterNetwork;
      x-ms-keyvault-region: westus
      x-ms-keyvault-service-version: 1.1.0.879
      x-powered-by: ASP.NET
    status:
      code: 404
      message: Not Found
    url: !!python/object/new:yarl.URL
      state: !!python/tuple
      - !!python/object/new:urllib.parse.SplitResult
        - https
        - vault458ad70cc792670ac9.vault.azure.net
        - /deletedkeys/key3
        - api-version=7.0
        - ''
- request:
    body: null
    headers:
      Accept:
      - application/json
      User-Agent:
      - azsdk-python-keyvault-keys/4.0.0 Python/3.7.4 (Windows-10-10.0.18362-SP0)
    method: GET
    uri: https://vault458ad70cc792670ac9.vault.azure.net/deletedkeys/key3?api-version=7.0
  response:
    body:
      string: '{"error":{"code":"KeyNotFound","message":"Deleted Key not found: key3"}}'
    headers:
      cache-control: no-cache
      content-length: '72'
      content-type: application/json; charset=utf-8
      date: Thu, 31 Oct 2019 17:48:12 GMT
      expires: '-1'
      pragma: no-cache
      server: Microsoft-IIS/10.0
      strict-transport-security: max-age=31536000;includeSubDomains
      x-aspnet-version: 4.0.30319
      x-content-type-options: nosniff
      x-ms-keyvault-network-info: addr=131.107.160.72;act_addr_fam=InterNetwork;
      x-ms-keyvault-region: westus
      x-ms-keyvault-service-version: 1.1.0.879
      x-powered-by: ASP.NET
    status:
      code: 404
      message: Not Found
    url: !!python/object/new:yarl.URL
      state: !!python/tuple
      - !!python/object/new:urllib.parse.SplitResult
        - https
        - vault458ad70cc792670ac9.vault.azure.net
        - /deletedkeys/key3
        - api-version=7.0
        - ''
- request:
    body: null
    headers:
      Accept:
      - application/json
      User-Agent:
      - azsdk-python-keyvault-keys/4.0.0 Python/3.7.4 (Windows-10-10.0.18362-SP0)
    method: GET
    uri: https://vault458ad70cc792670ac9.vault.azure.net/deletedkeys/key3?api-version=7.0
  response:
    body:
      string: '{"error":{"code":"KeyNotFound","message":"Deleted Key not found: key3"}}'
    headers:
      cache-control: no-cache
      content-length: '72'
      content-type: application/json; charset=utf-8
      date: Thu, 31 Oct 2019 17:48:14 GMT
      expires: '-1'
      pragma: no-cache
      server: Microsoft-IIS/10.0
      strict-transport-security: max-age=31536000;includeSubDomains
      x-aspnet-version: 4.0.30319
      x-content-type-options: nosniff
      x-ms-keyvault-network-info: addr=131.107.160.72;act_addr_fam=InterNetwork;
      x-ms-keyvault-region: westus
      x-ms-keyvault-service-version: 1.1.0.879
      x-powered-by: ASP.NET
    status:
      code: 404
      message: Not Found
    url: !!python/object/new:yarl.URL
      state: !!python/tuple
      - !!python/object/new:urllib.parse.SplitResult
        - https
        - vault458ad70cc792670ac9.vault.azure.net
        - /deletedkeys/key3
        - api-version=7.0
        - ''
- request:
    body: null
    headers:
      Accept:
      - application/json
      User-Agent:
      - azsdk-python-keyvault-keys/4.0.0 Python/3.7.4 (Windows-10-10.0.18362-SP0)
    method: GET
    uri: https://vault458ad70cc792670ac9.vault.azure.net/deletedkeys/key3?api-version=7.0
  response:
    body:
      string: '{"error":{"code":"KeyNotFound","message":"Deleted Key not found: key3"}}'
    headers:
      cache-control: no-cache
      content-length: '72'
      content-type: application/json; charset=utf-8
      date: Thu, 31 Oct 2019 17:48:16 GMT
      expires: '-1'
      pragma: no-cache
      server: Microsoft-IIS/10.0
      strict-transport-security: max-age=31536000;includeSubDomains
      x-aspnet-version: 4.0.30319
      x-content-type-options: nosniff
      x-ms-keyvault-network-info: addr=131.107.160.72;act_addr_fam=InterNetwork;
      x-ms-keyvault-region: westus
      x-ms-keyvault-service-version: 1.1.0.879
      x-powered-by: ASP.NET
    status:
      code: 404
      message: Not Found
    url: !!python/object/new:yarl.URL
      state: !!python/tuple
      - !!python/object/new:urllib.parse.SplitResult
        - https
        - vault458ad70cc792670ac9.vault.azure.net
        - /deletedkeys/key3
        - api-version=7.0
        - ''
- request:
    body: null
    headers:
      Accept:
      - application/json
      User-Agent:
      - azsdk-python-keyvault-keys/4.0.0 Python/3.7.4 (Windows-10-10.0.18362-SP0)
    method: GET
    uri: https://vault458ad70cc792670ac9.vault.azure.net/deletedkeys/key3?api-version=7.0
  response:
    body:
      string: '{"error":{"code":"KeyNotFound","message":"Deleted Key not found: key3"}}'
    headers:
      cache-control: no-cache
      content-length: '72'
      content-type: application/json; charset=utf-8
      date: Thu, 31 Oct 2019 17:48:18 GMT
      expires: '-1'
      pragma: no-cache
      server: Microsoft-IIS/10.0
      strict-transport-security: max-age=31536000;includeSubDomains
      x-aspnet-version: 4.0.30319
      x-content-type-options: nosniff
      x-ms-keyvault-network-info: addr=131.107.160.72;act_addr_fam=InterNetwork;
      x-ms-keyvault-region: westus
      x-ms-keyvault-service-version: 1.1.0.879
      x-powered-by: ASP.NET
    status:
      code: 404
      message: Not Found
    url: !!python/object/new:yarl.URL
      state: !!python/tuple
      - !!python/object/new:urllib.parse.SplitResult
        - https
        - vault458ad70cc792670ac9.vault.azure.net
        - /deletedkeys/key3
        - api-version=7.0
        - ''
- request:
    body: null
    headers:
      Accept:
      - application/json
      User-Agent:
      - azsdk-python-keyvault-keys/4.0.0 Python/3.7.4 (Windows-10-10.0.18362-SP0)
    method: GET
    uri: https://vault458ad70cc792670ac9.vault.azure.net/deletedkeys/key3?api-version=7.0
  response:
    body:
      string: '{"recoveryId":"https://vault458ad70cc792670ac9.vault.azure.net/deletedkeys/key3","deletedDate":1572544086,"scheduledPurgeDate":1580320086,"key":{"kid":"https://vault458ad70cc792670ac9.vault.azure.net/keys/key3/eb7977c68d3742a69271e0bc72fd3643","kty":"RSA","key_ops":["encrypt","decrypt","sign","verify","wrapKey","unwrapKey"],"n":"4wwM9Nty8qngKKWlBwmm4iRYbpnrSLNEKXGaCpAQdQZLXrD1giKo2cVCqbqEcoYXV3Vc04sl9uP__59mZlXsHGNOTPioLRI2oX90LKkuCdsG1B1mee_3zm-rpA5jjKbl-zei-5wA6UR0UlXODXPpflc53j8Z6rb5_p46Mu7OiGaMYdkariDTRfcT3YdEaFL9xnnYpB38QiO8Seb7WLP9k0rTT1HEaJ9np_GkMrWWHZ0gyIzCQcbjMFKOg_4vKcm8d4lAl8kWMwBR5SKynoJhdyOxpfphSYyGx9mFPu0CbPdOglO0s_Oy8ITBgKKV-t3Iu5MvvLlku6UOqLhuvzspIQ","e":"AQAB"},"attributes":{"enabled":true,"created":1572544038,"updated":1572544038,"recoveryLevel":"Recoverable+Purgeable"}}'
    headers:
      cache-control: no-cache
      content-length: '799'
      content-type: application/json; charset=utf-8
      date: Thu, 31 Oct 2019 17:48:20 GMT
      expires: '-1'
      pragma: no-cache
      server: Microsoft-IIS/10.0
      strict-transport-security: max-age=31536000;includeSubDomains
      x-aspnet-version: 4.0.30319
      x-content-type-options: nosniff
      x-ms-keyvault-network-info: addr=131.107.160.72;act_addr_fam=InterNetwork;
      x-ms-keyvault-region: westus
      x-ms-keyvault-service-version: 1.1.0.879
      x-powered-by: ASP.NET
    status:
      code: 200
      message: OK
    url: !!python/object/new:yarl.URL
      state: !!python/tuple
      - !!python/object/new:urllib.parse.SplitResult
        - https
        - vault458ad70cc792670ac9.vault.azure.net
        - /deletedkeys/key3
        - api-version=7.0
        - ''
- request:
    body: null
    headers:
      Accept:
      - application/json
      User-Agent:
      - azsdk-python-keyvault-keys/4.0.0 Python/3.7.4 (Windows-10-10.0.18362-SP0)
    method: DELETE
    uri: https://vault458ad70cc792670ac9.vault.azure.net/keys/key4?api-version=7.0
  response:
    body:
      string: '{"recoveryId":"https://vault458ad70cc792670ac9.vault.azure.net/deletedkeys/key4","deletedDate":1572544103,"scheduledPurgeDate":1580320103,"key":{"kid":"https://vault458ad70cc792670ac9.vault.azure.net/keys/key4/5d893cb578fb4ec3ac1629c8425d5437","kty":"RSA","key_ops":["encrypt","decrypt","sign","verify","wrapKey","unwrapKey"],"n":"r0tBDnh3MBmQEd7ULTVsItqo9DzYJFY7xrK5gBtlu0APKi9nHsAmbIgkRSE1coKxSyZI5aE_z8p9RD3N1NrRgwtMhanYgPw9yF3L_8t5_NYyT2XtoaSp9Kf0V_VrJYu4zUhESaYARC9dZgQ5tBgkkazWH_u9fSenkYObdj3nu9ckFdWuAbsV5J8or2qZsaasd1YsRdG2rrwYDezvDCmxf883XHYoGMfk9GjyG72FXWbOYMNTuupn_puiQrCjL37KVtsTrT3jX0_MIlSyTJ4a5bhBVBj0f78_GbGQrSV4a8_6KflQBgOFA4xbS8RMSNUcDNxt6Q3E4LBap_6ZbnV0WQ","e":"AQAB"},"attributes":{"enabled":true,"created":1572544038,"updated":1572544038,"recoveryLevel":"Recoverable+Purgeable"}}'
    headers:
      cache-control: no-cache
      content-length: '799'
      content-type: application/json; charset=utf-8
      date: Thu, 31 Oct 2019 17:48:23 GMT
      expires: '-1'
      pragma: no-cache
      server: Microsoft-IIS/10.0
      strict-transport-security: max-age=31536000;includeSubDomains
      x-aspnet-version: 4.0.30319
      x-content-type-options: nosniff
      x-ms-keyvault-network-info: addr=131.107.160.72;act_addr_fam=InterNetwork;
      x-ms-keyvault-region: westus
      x-ms-keyvault-service-version: 1.1.0.879
      x-powered-by: ASP.NET
    status:
      code: 200
      message: OK
    url: !!python/object/new:yarl.URL
      state: !!python/tuple
      - !!python/object/new:urllib.parse.SplitResult
        - https
        - vault458ad70cc792670ac9.vault.azure.net
        - /keys/key4
        - api-version=7.0
        - ''
- request:
    body: null
    headers:
      Accept:
      - application/json
      User-Agent:
      - azsdk-python-keyvault-keys/4.0.0 Python/3.7.4 (Windows-10-10.0.18362-SP0)
    method: GET
    uri: https://vault458ad70cc792670ac9.vault.azure.net/deletedkeys/key4?api-version=7.0
  response:
    body:
      string: '{"error":{"code":"KeyNotFound","message":"Deleted Key not found: key4"}}'
    headers:
      cache-control: no-cache
      content-length: '72'
      content-type: application/json; charset=utf-8
      date: Thu, 31 Oct 2019 17:48:23 GMT
      expires: '-1'
      pragma: no-cache
      server: Microsoft-IIS/10.0
      strict-transport-security: max-age=31536000;includeSubDomains
      x-aspnet-version: 4.0.30319
      x-content-type-options: nosniff
      x-ms-keyvault-network-info: addr=131.107.160.72;act_addr_fam=InterNetwork;
      x-ms-keyvault-region: westus
      x-ms-keyvault-service-version: 1.1.0.879
      x-powered-by: ASP.NET
    status:
      code: 404
      message: Not Found
    url: !!python/object/new:yarl.URL
      state: !!python/tuple
      - !!python/object/new:urllib.parse.SplitResult
        - https
        - vault458ad70cc792670ac9.vault.azure.net
        - /deletedkeys/key4
        - api-version=7.0
        - ''
- request:
    body: null
    headers:
      Accept:
      - application/json
      User-Agent:
      - azsdk-python-keyvault-keys/4.0.0 Python/3.7.4 (Windows-10-10.0.18362-SP0)
    method: GET
    uri: https://vault458ad70cc792670ac9.vault.azure.net/deletedkeys/key4?api-version=7.0
  response:
    body:
      string: '{"error":{"code":"KeyNotFound","message":"Deleted Key not found: key4"}}'
    headers:
      cache-control: no-cache
      content-length: '72'
      content-type: application/json; charset=utf-8
      date: Thu, 31 Oct 2019 17:48:25 GMT
      expires: '-1'
      pragma: no-cache
      server: Microsoft-IIS/10.0
      strict-transport-security: max-age=31536000;includeSubDomains
      x-aspnet-version: 4.0.30319
      x-content-type-options: nosniff
      x-ms-keyvault-network-info: addr=131.107.160.72;act_addr_fam=InterNetwork;
      x-ms-keyvault-region: westus
      x-ms-keyvault-service-version: 1.1.0.879
      x-powered-by: ASP.NET
    status:
      code: 404
      message: Not Found
    url: !!python/object/new:yarl.URL
      state: !!python/tuple
      - !!python/object/new:urllib.parse.SplitResult
        - https
        - vault458ad70cc792670ac9.vault.azure.net
        - /deletedkeys/key4
        - api-version=7.0
        - ''
- request:
    body: null
    headers:
      Accept:
      - application/json
      User-Agent:
      - azsdk-python-keyvault-keys/4.0.0 Python/3.7.4 (Windows-10-10.0.18362-SP0)
    method: GET
    uri: https://vault458ad70cc792670ac9.vault.azure.net/deletedkeys/key4?api-version=7.0
  response:
    body:
      string: '{"error":{"code":"KeyNotFound","message":"Deleted Key not found: key4"}}'
    headers:
      cache-control: no-cache
      content-length: '72'
      content-type: application/json; charset=utf-8
      date: Thu, 31 Oct 2019 17:48:27 GMT
      expires: '-1'
      pragma: no-cache
      server: Microsoft-IIS/10.0
      strict-transport-security: max-age=31536000;includeSubDomains
      x-aspnet-version: 4.0.30319
      x-content-type-options: nosniff
      x-ms-keyvault-network-info: addr=131.107.160.72;act_addr_fam=InterNetwork;
      x-ms-keyvault-region: westus
      x-ms-keyvault-service-version: 1.1.0.879
      x-powered-by: ASP.NET
    status:
      code: 404
      message: Not Found
    url: !!python/object/new:yarl.URL
      state: !!python/tuple
      - !!python/object/new:urllib.parse.SplitResult
        - https
        - vault458ad70cc792670ac9.vault.azure.net
        - /deletedkeys/key4
        - api-version=7.0
        - ''
- request:
    body: null
    headers:
      Accept:
      - application/json
      User-Agent:
      - azsdk-python-keyvault-keys/4.0.0 Python/3.7.4 (Windows-10-10.0.18362-SP0)
    method: GET
    uri: https://vault458ad70cc792670ac9.vault.azure.net/deletedkeys/key4?api-version=7.0
  response:
    body:
      string: '{"error":{"code":"KeyNotFound","message":"Deleted Key not found: key4"}}'
    headers:
      cache-control: no-cache
      content-length: '72'
      content-type: application/json; charset=utf-8
      date: Thu, 31 Oct 2019 17:48:29 GMT
      expires: '-1'
      pragma: no-cache
      server: Microsoft-IIS/10.0
      strict-transport-security: max-age=31536000;includeSubDomains
      x-aspnet-version: 4.0.30319
      x-content-type-options: nosniff
      x-ms-keyvault-network-info: addr=131.107.160.72;act_addr_fam=InterNetwork;
      x-ms-keyvault-region: westus
      x-ms-keyvault-service-version: 1.1.0.879
      x-powered-by: ASP.NET
    status:
      code: 404
      message: Not Found
    url: !!python/object/new:yarl.URL
      state: !!python/tuple
      - !!python/object/new:urllib.parse.SplitResult
        - https
        - vault458ad70cc792670ac9.vault.azure.net
        - /deletedkeys/key4
        - api-version=7.0
        - ''
- request:
    body: null
    headers:
      Accept:
      - application/json
      User-Agent:
      - azsdk-python-keyvault-keys/4.0.0 Python/3.7.4 (Windows-10-10.0.18362-SP0)
    method: GET
    uri: https://vault458ad70cc792670ac9.vault.azure.net/deletedkeys/key4?api-version=7.0
  response:
    body:
      string: '{"error":{"code":"KeyNotFound","message":"Deleted Key not found: key4"}}'
    headers:
      cache-control: no-cache
      content-length: '72'
      content-type: application/json; charset=utf-8
      date: Thu, 31 Oct 2019 17:48:31 GMT
      expires: '-1'
      pragma: no-cache
      server: Microsoft-IIS/10.0
      strict-transport-security: max-age=31536000;includeSubDomains
      x-aspnet-version: 4.0.30319
      x-content-type-options: nosniff
      x-ms-keyvault-network-info: addr=131.107.160.72;act_addr_fam=InterNetwork;
      x-ms-keyvault-region: westus
      x-ms-keyvault-service-version: 1.1.0.879
      x-powered-by: ASP.NET
    status:
      code: 404
      message: Not Found
    url: !!python/object/new:yarl.URL
      state: !!python/tuple
      - !!python/object/new:urllib.parse.SplitResult
        - https
        - vault458ad70cc792670ac9.vault.azure.net
        - /deletedkeys/key4
        - api-version=7.0
        - ''
- request:
    body: null
    headers:
      Accept:
      - application/json
      User-Agent:
      - azsdk-python-keyvault-keys/4.0.0 Python/3.7.4 (Windows-10-10.0.18362-SP0)
    method: GET
    uri: https://vault458ad70cc792670ac9.vault.azure.net/deletedkeys/key4?api-version=7.0
  response:
    body:
      string: '{"error":{"code":"KeyNotFound","message":"Deleted Key not found: key4"}}'
    headers:
      cache-control: no-cache
      content-length: '72'
      content-type: application/json; charset=utf-8
      date: Thu, 31 Oct 2019 17:48:33 GMT
      expires: '-1'
      pragma: no-cache
      server: Microsoft-IIS/10.0
      strict-transport-security: max-age=31536000;includeSubDomains
      x-aspnet-version: 4.0.30319
      x-content-type-options: nosniff
      x-ms-keyvault-network-info: addr=131.107.160.72;act_addr_fam=InterNetwork;
      x-ms-keyvault-region: westus
      x-ms-keyvault-service-version: 1.1.0.879
      x-powered-by: ASP.NET
    status:
      code: 404
      message: Not Found
    url: !!python/object/new:yarl.URL
      state: !!python/tuple
      - !!python/object/new:urllib.parse.SplitResult
        - https
        - vault458ad70cc792670ac9.vault.azure.net
        - /deletedkeys/key4
        - api-version=7.0
        - ''
- request:
    body: null
    headers:
      Accept:
      - application/json
      User-Agent:
      - azsdk-python-keyvault-keys/4.0.0 Python/3.7.4 (Windows-10-10.0.18362-SP0)
    method: GET
    uri: https://vault458ad70cc792670ac9.vault.azure.net/deletedkeys/key4?api-version=7.0
  response:
    body:
      string: '{"error":{"code":"KeyNotFound","message":"Deleted Key not found: key4"}}'
    headers:
      cache-control: no-cache
      content-length: '72'
      content-type: application/json; charset=utf-8
      date: Thu, 31 Oct 2019 17:48:35 GMT
      expires: '-1'
      pragma: no-cache
      server: Microsoft-IIS/10.0
      strict-transport-security: max-age=31536000;includeSubDomains
      x-aspnet-version: 4.0.30319
      x-content-type-options: nosniff
      x-ms-keyvault-network-info: addr=131.107.160.72;act_addr_fam=InterNetwork;
      x-ms-keyvault-region: westus
      x-ms-keyvault-service-version: 1.1.0.879
      x-powered-by: ASP.NET
    status:
      code: 404
      message: Not Found
    url: !!python/object/new:yarl.URL
      state: !!python/tuple
      - !!python/object/new:urllib.parse.SplitResult
        - https
        - vault458ad70cc792670ac9.vault.azure.net
        - /deletedkeys/key4
        - api-version=7.0
        - ''
- request:
    body: null
    headers:
      Accept:
      - application/json
      User-Agent:
      - azsdk-python-keyvault-keys/4.0.0 Python/3.7.4 (Windows-10-10.0.18362-SP0)
    method: GET
    uri: https://vault458ad70cc792670ac9.vault.azure.net/deletedkeys/key4?api-version=7.0
  response:
    body:
      string: '{"error":{"code":"KeyNotFound","message":"Deleted Key not found: key4"}}'
    headers:
      cache-control: no-cache
      content-length: '72'
      content-type: application/json; charset=utf-8
      date: Thu, 31 Oct 2019 17:48:37 GMT
      expires: '-1'
      pragma: no-cache
      server: Microsoft-IIS/10.0
      strict-transport-security: max-age=31536000;includeSubDomains
      x-aspnet-version: 4.0.30319
      x-content-type-options: nosniff
      x-ms-keyvault-network-info: addr=131.107.160.72;act_addr_fam=InterNetwork;
      x-ms-keyvault-region: westus
      x-ms-keyvault-service-version: 1.1.0.879
      x-powered-by: ASP.NET
    status:
      code: 404
      message: Not Found
    url: !!python/object/new:yarl.URL
      state: !!python/tuple
      - !!python/object/new:urllib.parse.SplitResult
        - https
        - vault458ad70cc792670ac9.vault.azure.net
        - /deletedkeys/key4
        - api-version=7.0
        - ''
- request:
    body: null
    headers:
      Accept:
      - application/json
      User-Agent:
      - azsdk-python-keyvault-keys/4.0.0 Python/3.7.4 (Windows-10-10.0.18362-SP0)
    method: GET
    uri: https://vault458ad70cc792670ac9.vault.azure.net/deletedkeys/key4?api-version=7.0
  response:
    body:
      string: '{"recoveryId":"https://vault458ad70cc792670ac9.vault.azure.net/deletedkeys/key4","deletedDate":1572544103,"scheduledPurgeDate":1580320103,"key":{"kid":"https://vault458ad70cc792670ac9.vault.azure.net/keys/key4/5d893cb578fb4ec3ac1629c8425d5437","kty":"RSA","key_ops":["encrypt","decrypt","sign","verify","wrapKey","unwrapKey"],"n":"r0tBDnh3MBmQEd7ULTVsItqo9DzYJFY7xrK5gBtlu0APKi9nHsAmbIgkRSE1coKxSyZI5aE_z8p9RD3N1NrRgwtMhanYgPw9yF3L_8t5_NYyT2XtoaSp9Kf0V_VrJYu4zUhESaYARC9dZgQ5tBgkkazWH_u9fSenkYObdj3nu9ckFdWuAbsV5J8or2qZsaasd1YsRdG2rrwYDezvDCmxf883XHYoGMfk9GjyG72FXWbOYMNTuupn_puiQrCjL37KVtsTrT3jX0_MIlSyTJ4a5bhBVBj0f78_GbGQrSV4a8_6KflQBgOFA4xbS8RMSNUcDNxt6Q3E4LBap_6ZbnV0WQ","e":"AQAB"},"attributes":{"enabled":true,"created":1572544038,"updated":1572544038,"recoveryLevel":"Recoverable+Purgeable"}}'
    headers:
      cache-control: no-cache
      content-length: '799'
      content-type: application/json; charset=utf-8
      date: Thu, 31 Oct 2019 17:48:39 GMT
      expires: '-1'
      pragma: no-cache
      server: Microsoft-IIS/10.0
      strict-transport-security: max-age=31536000;includeSubDomains
      x-aspnet-version: 4.0.30319
      x-content-type-options: nosniff
      x-ms-keyvault-network-info: addr=131.107.160.72;act_addr_fam=InterNetwork;
      x-ms-keyvault-region: westus
      x-ms-keyvault-service-version: 1.1.0.879
      x-powered-by: ASP.NET
    status:
      code: 200
      message: OK
    url: !!python/object/new:yarl.URL
      state: !!python/tuple
      - !!python/object/new:urllib.parse.SplitResult
        - https
        - vault458ad70cc792670ac9.vault.azure.net
        - /deletedkeys/key4
        - api-version=7.0
        - ''
- request:
    body: null
    headers:
      Accept:
      - application/json
      User-Agent:
      - azsdk-python-keyvault-keys/4.0.0 Python/3.7.4 (Windows-10-10.0.18362-SP0)
    method: DELETE
    uri: https://vault458ad70cc792670ac9.vault.azure.net/keys/key5?api-version=7.0
  response:
    body:
      string: '{"recoveryId":"https://vault458ad70cc792670ac9.vault.azure.net/deletedkeys/key5","deletedDate":1572544121,"scheduledPurgeDate":1580320121,"key":{"kid":"https://vault458ad70cc792670ac9.vault.azure.net/keys/key5/c9b3139624a043fcbce7c374b3d52a34","kty":"RSA","key_ops":["encrypt","decrypt","sign","verify","wrapKey","unwrapKey"],"n":"3UVcpCgiBw7t5pxrCS2eHGroJgjshCzQ0vxLH90Jlcv6orsrxbOiN4nodBw5rlKrRb47YCOnqhkS8e16r0_l6WF81bEGTWV3Io0VAk42j5M0S3paPX3P6RNhXSTk96ZKHZdPbr6XwWL5S7fVppOBWzY4ooir3ftYIP5U5GHb-qt0V4gao7Llmor7wjDBC5mKfyouI5VRRzkgMYHiT2GUWbXqLJUcAKIpg13AtHrgujYs2KJQUqLwaij26DPJihIldB_5HX9wQQK6-3M9BYRogaTJcxtG-nrLctPjq7AoCM_knN6tzACTvgsMFjA-SVj8OLGWJ1JMVzjiaZaqCB5LVw","e":"AQAB"},"attributes":{"enabled":true,"created":1572544038,"updated":1572544038,"recoveryLevel":"Recoverable+Purgeable"}}'
    headers:
      cache-control: no-cache
      content-length: '799'
      content-type: application/json; charset=utf-8
      date: Thu, 31 Oct 2019 17:48:41 GMT
      expires: '-1'
      pragma: no-cache
      server: Microsoft-IIS/10.0
      strict-transport-security: max-age=31536000;includeSubDomains
      x-aspnet-version: 4.0.30319
      x-content-type-options: nosniff
      x-ms-keyvault-network-info: addr=131.107.160.72;act_addr_fam=InterNetwork;
      x-ms-keyvault-region: westus
      x-ms-keyvault-service-version: 1.1.0.879
      x-powered-by: ASP.NET
    status:
      code: 200
      message: OK
    url: !!python/object/new:yarl.URL
      state: !!python/tuple
      - !!python/object/new:urllib.parse.SplitResult
        - https
        - vault458ad70cc792670ac9.vault.azure.net
        - /keys/key5
        - api-version=7.0
        - ''
- request:
    body: null
    headers:
      Accept:
      - application/json
      User-Agent:
      - azsdk-python-keyvault-keys/4.0.0 Python/3.7.4 (Windows-10-10.0.18362-SP0)
    method: GET
    uri: https://vault458ad70cc792670ac9.vault.azure.net/deletedkeys/key5?api-version=7.0
  response:
    body:
      string: '{"error":{"code":"KeyNotFound","message":"Deleted Key not found: key5"}}'
    headers:
      cache-control: no-cache
      content-length: '72'
      content-type: application/json; charset=utf-8
      date: Thu, 31 Oct 2019 17:48:41 GMT
      expires: '-1'
      pragma: no-cache
      server: Microsoft-IIS/10.0
      strict-transport-security: max-age=31536000;includeSubDomains
      x-aspnet-version: 4.0.30319
      x-content-type-options: nosniff
      x-ms-keyvault-network-info: addr=131.107.160.72;act_addr_fam=InterNetwork;
      x-ms-keyvault-region: westus
      x-ms-keyvault-service-version: 1.1.0.879
      x-powered-by: ASP.NET
    status:
      code: 404
      message: Not Found
    url: !!python/object/new:yarl.URL
      state: !!python/tuple
      - !!python/object/new:urllib.parse.SplitResult
        - https
        - vault458ad70cc792670ac9.vault.azure.net
        - /deletedkeys/key5
        - api-version=7.0
        - ''
- request:
    body: null
    headers:
      Accept:
      - application/json
      User-Agent:
      - azsdk-python-keyvault-keys/4.0.0 Python/3.7.4 (Windows-10-10.0.18362-SP0)
    method: GET
    uri: https://vault458ad70cc792670ac9.vault.azure.net/deletedkeys/key5?api-version=7.0
  response:
    body:
      string: '{"error":{"code":"KeyNotFound","message":"Deleted Key not found: key5"}}'
    headers:
      cache-control: no-cache
      content-length: '72'
      content-type: application/json; charset=utf-8
      date: Thu, 31 Oct 2019 17:48:43 GMT
      expires: '-1'
      pragma: no-cache
      server: Microsoft-IIS/10.0
      strict-transport-security: max-age=31536000;includeSubDomains
      x-aspnet-version: 4.0.30319
      x-content-type-options: nosniff
      x-ms-keyvault-network-info: addr=131.107.160.72;act_addr_fam=InterNetwork;
      x-ms-keyvault-region: westus
      x-ms-keyvault-service-version: 1.1.0.879
      x-powered-by: ASP.NET
    status:
      code: 404
      message: Not Found
    url: !!python/object/new:yarl.URL
      state: !!python/tuple
      - !!python/object/new:urllib.parse.SplitResult
        - https
        - vault458ad70cc792670ac9.vault.azure.net
        - /deletedkeys/key5
        - api-version=7.0
        - ''
- request:
    body: null
    headers:
      Accept:
      - application/json
      User-Agent:
      - azsdk-python-keyvault-keys/4.0.0 Python/3.7.4 (Windows-10-10.0.18362-SP0)
    method: GET
    uri: https://vault458ad70cc792670ac9.vault.azure.net/deletedkeys/key5?api-version=7.0
  response:
    body:
      string: '{"error":{"code":"KeyNotFound","message":"Deleted Key not found: key5"}}'
    headers:
      cache-control: no-cache
      content-length: '72'
      content-type: application/json; charset=utf-8
      date: Thu, 31 Oct 2019 17:48:45 GMT
      expires: '-1'
      pragma: no-cache
      server: Microsoft-IIS/10.0
      strict-transport-security: max-age=31536000;includeSubDomains
      x-aspnet-version: 4.0.30319
      x-content-type-options: nosniff
      x-ms-keyvault-network-info: addr=131.107.160.72;act_addr_fam=InterNetwork;
      x-ms-keyvault-region: westus
      x-ms-keyvault-service-version: 1.1.0.879
      x-powered-by: ASP.NET
    status:
      code: 404
      message: Not Found
    url: !!python/object/new:yarl.URL
      state: !!python/tuple
      - !!python/object/new:urllib.parse.SplitResult
        - https
        - vault458ad70cc792670ac9.vault.azure.net
        - /deletedkeys/key5
        - api-version=7.0
        - ''
- request:
    body: null
    headers:
      Accept:
      - application/json
      User-Agent:
      - azsdk-python-keyvault-keys/4.0.0 Python/3.7.4 (Windows-10-10.0.18362-SP0)
    method: GET
    uri: https://vault458ad70cc792670ac9.vault.azure.net/deletedkeys/key5?api-version=7.0
  response:
    body:
      string: '{"error":{"code":"KeyNotFound","message":"Deleted Key not found: key5"}}'
    headers:
      cache-control: no-cache
      content-length: '72'
      content-type: application/json; charset=utf-8
      date: Thu, 31 Oct 2019 17:48:47 GMT
      expires: '-1'
      pragma: no-cache
      server: Microsoft-IIS/10.0
      strict-transport-security: max-age=31536000;includeSubDomains
      x-aspnet-version: 4.0.30319
      x-content-type-options: nosniff
      x-ms-keyvault-network-info: addr=131.107.160.72;act_addr_fam=InterNetwork;
      x-ms-keyvault-region: westus
      x-ms-keyvault-service-version: 1.1.0.879
      x-powered-by: ASP.NET
    status:
      code: 404
      message: Not Found
    url: !!python/object/new:yarl.URL
      state: !!python/tuple
      - !!python/object/new:urllib.parse.SplitResult
        - https
        - vault458ad70cc792670ac9.vault.azure.net
        - /deletedkeys/key5
        - api-version=7.0
        - ''
- request:
    body: null
    headers:
      Accept:
      - application/json
      User-Agent:
      - azsdk-python-keyvault-keys/4.0.0 Python/3.7.4 (Windows-10-10.0.18362-SP0)
    method: GET
    uri: https://vault458ad70cc792670ac9.vault.azure.net/deletedkeys/key5?api-version=7.0
  response:
    body:
      string: '{"error":{"code":"KeyNotFound","message":"Deleted Key not found: key5"}}'
    headers:
      cache-control: no-cache
      content-length: '72'
      content-type: application/json; charset=utf-8
      date: Thu, 31 Oct 2019 17:48:49 GMT
      expires: '-1'
      pragma: no-cache
      server: Microsoft-IIS/10.0
      strict-transport-security: max-age=31536000;includeSubDomains
      x-aspnet-version: 4.0.30319
      x-content-type-options: nosniff
      x-ms-keyvault-network-info: addr=131.107.160.72;act_addr_fam=InterNetwork;
      x-ms-keyvault-region: westus
      x-ms-keyvault-service-version: 1.1.0.879
      x-powered-by: ASP.NET
    status:
      code: 404
      message: Not Found
    url: !!python/object/new:yarl.URL
      state: !!python/tuple
      - !!python/object/new:urllib.parse.SplitResult
        - https
        - vault458ad70cc792670ac9.vault.azure.net
        - /deletedkeys/key5
        - api-version=7.0
        - ''
- request:
    body: null
    headers:
      Accept:
      - application/json
      User-Agent:
      - azsdk-python-keyvault-keys/4.0.0 Python/3.7.4 (Windows-10-10.0.18362-SP0)
    method: GET
    uri: https://vault458ad70cc792670ac9.vault.azure.net/deletedkeys/key5?api-version=7.0
  response:
    body:
      string: '{"error":{"code":"KeyNotFound","message":"Deleted Key not found: key5"}}'
    headers:
      cache-control: no-cache
      content-length: '72'
      content-type: application/json; charset=utf-8
      date: Thu, 31 Oct 2019 17:48:51 GMT
      expires: '-1'
      pragma: no-cache
      server: Microsoft-IIS/10.0
      strict-transport-security: max-age=31536000;includeSubDomains
      x-aspnet-version: 4.0.30319
      x-content-type-options: nosniff
      x-ms-keyvault-network-info: addr=131.107.160.72;act_addr_fam=InterNetwork;
      x-ms-keyvault-region: westus
      x-ms-keyvault-service-version: 1.1.0.879
      x-powered-by: ASP.NET
    status:
      code: 404
      message: Not Found
    url: !!python/object/new:yarl.URL
      state: !!python/tuple
      - !!python/object/new:urllib.parse.SplitResult
        - https
        - vault458ad70cc792670ac9.vault.azure.net
        - /deletedkeys/key5
        - api-version=7.0
        - ''
- request:
    body: null
    headers:
      Accept:
      - application/json
      User-Agent:
      - azsdk-python-keyvault-keys/4.0.0 Python/3.7.4 (Windows-10-10.0.18362-SP0)
    method: GET
    uri: https://vault458ad70cc792670ac9.vault.azure.net/deletedkeys/key5?api-version=7.0
  response:
    body:
      string: '{"error":{"code":"KeyNotFound","message":"Deleted Key not found: key5"}}'
    headers:
      cache-control: no-cache
      content-length: '72'
      content-type: application/json; charset=utf-8
      date: Thu, 31 Oct 2019 17:48:53 GMT
      expires: '-1'
      pragma: no-cache
      server: Microsoft-IIS/10.0
      strict-transport-security: max-age=31536000;includeSubDomains
      x-aspnet-version: 4.0.30319
      x-content-type-options: nosniff
      x-ms-keyvault-network-info: addr=131.107.160.72;act_addr_fam=InterNetwork;
      x-ms-keyvault-region: westus
      x-ms-keyvault-service-version: 1.1.0.879
      x-powered-by: ASP.NET
    status:
      code: 404
      message: Not Found
    url: !!python/object/new:yarl.URL
      state: !!python/tuple
      - !!python/object/new:urllib.parse.SplitResult
        - https
        - vault458ad70cc792670ac9.vault.azure.net
        - /deletedkeys/key5
        - api-version=7.0
        - ''
- request:
    body: null
    headers:
      Accept:
      - application/json
      User-Agent:
      - azsdk-python-keyvault-keys/4.0.0 Python/3.7.4 (Windows-10-10.0.18362-SP0)
    method: GET
    uri: https://vault458ad70cc792670ac9.vault.azure.net/deletedkeys/key5?api-version=7.0
  response:
    body:
      string: '{"error":{"code":"KeyNotFound","message":"Deleted Key not found: key5"}}'
    headers:
      cache-control: no-cache
      content-length: '72'
      content-type: application/json; charset=utf-8
      date: Thu, 31 Oct 2019 17:48:56 GMT
      expires: '-1'
      pragma: no-cache
      server: Microsoft-IIS/10.0
      strict-transport-security: max-age=31536000;includeSubDomains
      x-aspnet-version: 4.0.30319
      x-content-type-options: nosniff
      x-ms-keyvault-network-info: addr=131.107.160.72;act_addr_fam=InterNetwork;
      x-ms-keyvault-region: westus
      x-ms-keyvault-service-version: 1.1.0.879
      x-powered-by: ASP.NET
    status:
      code: 404
      message: Not Found
    url: !!python/object/new:yarl.URL
      state: !!python/tuple
      - !!python/object/new:urllib.parse.SplitResult
        - https
        - vault458ad70cc792670ac9.vault.azure.net
        - /deletedkeys/key5
        - api-version=7.0
        - ''
- request:
    body: null
    headers:
      Accept:
      - application/json
      User-Agent:
      - azsdk-python-keyvault-keys/4.0.0 Python/3.7.4 (Windows-10-10.0.18362-SP0)
    method: GET
    uri: https://vault458ad70cc792670ac9.vault.azure.net/deletedkeys/key5?api-version=7.0
  response:
    body:
      string: '{"recoveryId":"https://vault458ad70cc792670ac9.vault.azure.net/deletedkeys/key5","deletedDate":1572544121,"scheduledPurgeDate":1580320121,"key":{"kid":"https://vault458ad70cc792670ac9.vault.azure.net/keys/key5/c9b3139624a043fcbce7c374b3d52a34","kty":"RSA","key_ops":["encrypt","decrypt","sign","verify","wrapKey","unwrapKey"],"n":"3UVcpCgiBw7t5pxrCS2eHGroJgjshCzQ0vxLH90Jlcv6orsrxbOiN4nodBw5rlKrRb47YCOnqhkS8e16r0_l6WF81bEGTWV3Io0VAk42j5M0S3paPX3P6RNhXSTk96ZKHZdPbr6XwWL5S7fVppOBWzY4ooir3ftYIP5U5GHb-qt0V4gao7Llmor7wjDBC5mKfyouI5VRRzkgMYHiT2GUWbXqLJUcAKIpg13AtHrgujYs2KJQUqLwaij26DPJihIldB_5HX9wQQK6-3M9BYRogaTJcxtG-nrLctPjq7AoCM_knN6tzACTvgsMFjA-SVj8OLGWJ1JMVzjiaZaqCB5LVw","e":"AQAB"},"attributes":{"enabled":true,"created":1572544038,"updated":1572544038,"recoveryLevel":"Recoverable+Purgeable"}}'
    headers:
      cache-control: no-cache
      content-length: '799'
      content-type: application/json; charset=utf-8
      date: Thu, 31 Oct 2019 17:48:58 GMT
      expires: '-1'
      pragma: no-cache
      server: Microsoft-IIS/10.0
      strict-transport-security: max-age=31536000;includeSubDomains
      x-aspnet-version: 4.0.30319
      x-content-type-options: nosniff
      x-ms-keyvault-network-info: addr=131.107.160.72;act_addr_fam=InterNetwork;
      x-ms-keyvault-region: westus
      x-ms-keyvault-service-version: 1.1.0.879
      x-powered-by: ASP.NET
    status:
      code: 200
      message: OK
    url: !!python/object/new:yarl.URL
      state: !!python/tuple
      - !!python/object/new:urllib.parse.SplitResult
        - https
        - vault458ad70cc792670ac9.vault.azure.net
        - /deletedkeys/key5
        - api-version=7.0
        - ''
- request:
    body: null
    headers:
      Accept:
      - application/json
      User-Agent:
      - azsdk-python-keyvault-keys/4.0.0 Python/3.7.4 (Windows-10-10.0.18362-SP0)
    method: DELETE
    uri: https://vault458ad70cc792670ac9.vault.azure.net/keys/key6?api-version=7.0
  response:
    body:
      string: '{"recoveryId":"https://vault458ad70cc792670ac9.vault.azure.net/deletedkeys/key6","deletedDate":1572544140,"scheduledPurgeDate":1580320140,"key":{"kid":"https://vault458ad70cc792670ac9.vault.azure.net/keys/key6/619be528b3824b35ab8e258c058f8baa","kty":"RSA","key_ops":["encrypt","decrypt","sign","verify","wrapKey","unwrapKey"],"n":"ucy8kLP_b1USPxCA37ZbNDnpPOFkShLIbJA5nusHn94UTMgttr3yMRBpjIqGfEJPbCrPZjZ7xOJav9qcGJTotZ7wwZkJyGi1EAkai2ZTibPzlyFBtHzxxDUEcVchK97xg6NSGTku8RPdYL05EZwD7QAQjbYuICG-kGE8Z5i6yawH85tAZJW74zX1Np3eE8rA3VnSlmC-dTPDRlzAB6iq5FmCOoNJ84XT4KGxR_tNvHOnp4FRMVGG28cBetLQU2VMaf9QTrgz0Tbydr5g2eL1DZUZO47mjrHA-E32Hguwgtyd0ur4N6Yf2YDvbDuAql6pEjvZUJi9HtJStQL8jXe9hw","e":"AQAB"},"attributes":{"enabled":true,"created":1572544039,"updated":1572544039,"recoveryLevel":"Recoverable+Purgeable"}}'
    headers:
      cache-control: no-cache
      content-length: '799'
      content-type: application/json; charset=utf-8
      date: Thu, 31 Oct 2019 17:49:00 GMT
      expires: '-1'
      pragma: no-cache
      server: Microsoft-IIS/10.0
      strict-transport-security: max-age=31536000;includeSubDomains
      x-aspnet-version: 4.0.30319
      x-content-type-options: nosniff
      x-ms-keyvault-network-info: addr=131.107.160.72;act_addr_fam=InterNetwork;
      x-ms-keyvault-region: westus
      x-ms-keyvault-service-version: 1.1.0.879
      x-powered-by: ASP.NET
    status:
      code: 200
      message: OK
    url: !!python/object/new:yarl.URL
      state: !!python/tuple
      - !!python/object/new:urllib.parse.SplitResult
        - https
        - vault458ad70cc792670ac9.vault.azure.net
        - /keys/key6
        - api-version=7.0
        - ''
- request:
    body: null
    headers:
      Accept:
      - application/json
      User-Agent:
      - azsdk-python-keyvault-keys/4.0.0 Python/3.7.4 (Windows-10-10.0.18362-SP0)
    method: GET
    uri: https://vault458ad70cc792670ac9.vault.azure.net/deletedkeys/key6?api-version=7.0
  response:
    body:
      string: '{"error":{"code":"KeyNotFound","message":"Deleted Key not found: key6"}}'
    headers:
      cache-control: no-cache
      content-length: '72'
      content-type: application/json; charset=utf-8
      date: Thu, 31 Oct 2019 17:49:00 GMT
      expires: '-1'
      pragma: no-cache
      server: Microsoft-IIS/10.0
      strict-transport-security: max-age=31536000;includeSubDomains
      x-aspnet-version: 4.0.30319
      x-content-type-options: nosniff
      x-ms-keyvault-network-info: addr=131.107.160.72;act_addr_fam=InterNetwork;
      x-ms-keyvault-region: westus
      x-ms-keyvault-service-version: 1.1.0.879
      x-powered-by: ASP.NET
    status:
      code: 404
      message: Not Found
    url: !!python/object/new:yarl.URL
      state: !!python/tuple
      - !!python/object/new:urllib.parse.SplitResult
        - https
        - vault458ad70cc792670ac9.vault.azure.net
        - /deletedkeys/key6
        - api-version=7.0
        - ''
- request:
    body: null
    headers:
      Accept:
      - application/json
      User-Agent:
      - azsdk-python-keyvault-keys/4.0.0 Python/3.7.4 (Windows-10-10.0.18362-SP0)
    method: GET
    uri: https://vault458ad70cc792670ac9.vault.azure.net/deletedkeys/key6?api-version=7.0
  response:
    body:
      string: '{"error":{"code":"KeyNotFound","message":"Deleted Key not found: key6"}}'
    headers:
      cache-control: no-cache
      content-length: '72'
      content-type: application/json; charset=utf-8
      date: Thu, 31 Oct 2019 17:49:02 GMT
      expires: '-1'
      pragma: no-cache
      server: Microsoft-IIS/10.0
      strict-transport-security: max-age=31536000;includeSubDomains
      x-aspnet-version: 4.0.30319
      x-content-type-options: nosniff
      x-ms-keyvault-network-info: addr=131.107.160.72;act_addr_fam=InterNetwork;
      x-ms-keyvault-region: westus
      x-ms-keyvault-service-version: 1.1.0.879
      x-powered-by: ASP.NET
    status:
      code: 404
      message: Not Found
    url: !!python/object/new:yarl.URL
      state: !!python/tuple
      - !!python/object/new:urllib.parse.SplitResult
        - https
        - vault458ad70cc792670ac9.vault.azure.net
        - /deletedkeys/key6
        - api-version=7.0
        - ''
- request:
    body: null
    headers:
      Accept:
      - application/json
      User-Agent:
      - azsdk-python-keyvault-keys/4.0.0 Python/3.7.4 (Windows-10-10.0.18362-SP0)
    method: GET
    uri: https://vault458ad70cc792670ac9.vault.azure.net/deletedkeys/key6?api-version=7.0
  response:
    body:
      string: '{"error":{"code":"KeyNotFound","message":"Deleted Key not found: key6"}}'
    headers:
      cache-control: no-cache
      content-length: '72'
      content-type: application/json; charset=utf-8
      date: Thu, 31 Oct 2019 17:49:04 GMT
      expires: '-1'
      pragma: no-cache
      server: Microsoft-IIS/10.0
      strict-transport-security: max-age=31536000;includeSubDomains
      x-aspnet-version: 4.0.30319
      x-content-type-options: nosniff
      x-ms-keyvault-network-info: addr=131.107.160.72;act_addr_fam=InterNetwork;
      x-ms-keyvault-region: westus
      x-ms-keyvault-service-version: 1.1.0.879
      x-powered-by: ASP.NET
    status:
      code: 404
      message: Not Found
    url: !!python/object/new:yarl.URL
      state: !!python/tuple
      - !!python/object/new:urllib.parse.SplitResult
        - https
        - vault458ad70cc792670ac9.vault.azure.net
        - /deletedkeys/key6
        - api-version=7.0
        - ''
- request:
    body: null
    headers:
      Accept:
      - application/json
      User-Agent:
      - azsdk-python-keyvault-keys/4.0.0 Python/3.7.4 (Windows-10-10.0.18362-SP0)
    method: GET
    uri: https://vault458ad70cc792670ac9.vault.azure.net/deletedkeys/key6?api-version=7.0
  response:
    body:
      string: '{"error":{"code":"KeyNotFound","message":"Deleted Key not found: key6"}}'
    headers:
      cache-control: no-cache
      content-length: '72'
      content-type: application/json; charset=utf-8
      date: Thu, 31 Oct 2019 17:49:06 GMT
      expires: '-1'
      pragma: no-cache
      server: Microsoft-IIS/10.0
      strict-transport-security: max-age=31536000;includeSubDomains
      x-aspnet-version: 4.0.30319
      x-content-type-options: nosniff
      x-ms-keyvault-network-info: addr=131.107.160.72;act_addr_fam=InterNetwork;
      x-ms-keyvault-region: westus
      x-ms-keyvault-service-version: 1.1.0.879
      x-powered-by: ASP.NET
    status:
      code: 404
      message: Not Found
    url: !!python/object/new:yarl.URL
      state: !!python/tuple
      - !!python/object/new:urllib.parse.SplitResult
        - https
        - vault458ad70cc792670ac9.vault.azure.net
        - /deletedkeys/key6
        - api-version=7.0
        - ''
- request:
    body: null
    headers:
      Accept:
      - application/json
      User-Agent:
      - azsdk-python-keyvault-keys/4.0.0 Python/3.7.4 (Windows-10-10.0.18362-SP0)
    method: GET
    uri: https://vault458ad70cc792670ac9.vault.azure.net/deletedkeys/key6?api-version=7.0
  response:
    body:
      string: '{"error":{"code":"KeyNotFound","message":"Deleted Key not found: key6"}}'
    headers:
      cache-control: no-cache
      content-length: '72'
      content-type: application/json; charset=utf-8
      date: Thu, 31 Oct 2019 17:49:08 GMT
      expires: '-1'
      pragma: no-cache
      server: Microsoft-IIS/10.0
      strict-transport-security: max-age=31536000;includeSubDomains
      x-aspnet-version: 4.0.30319
      x-content-type-options: nosniff
      x-ms-keyvault-network-info: addr=131.107.160.72;act_addr_fam=InterNetwork;
      x-ms-keyvault-region: westus
      x-ms-keyvault-service-version: 1.1.0.879
      x-powered-by: ASP.NET
    status:
      code: 404
      message: Not Found
    url: !!python/object/new:yarl.URL
      state: !!python/tuple
      - !!python/object/new:urllib.parse.SplitResult
        - https
        - vault458ad70cc792670ac9.vault.azure.net
        - /deletedkeys/key6
        - api-version=7.0
        - ''
- request:
    body: null
    headers:
      Accept:
      - application/json
      User-Agent:
      - azsdk-python-keyvault-keys/4.0.0 Python/3.7.4 (Windows-10-10.0.18362-SP0)
    method: GET
    uri: https://vault458ad70cc792670ac9.vault.azure.net/deletedkeys/key6?api-version=7.0
  response:
    body:
      string: '{"error":{"code":"KeyNotFound","message":"Deleted Key not found: key6"}}'
    headers:
      cache-control: no-cache
      content-length: '72'
      content-type: application/json; charset=utf-8
      date: Thu, 31 Oct 2019 17:49:10 GMT
      expires: '-1'
      pragma: no-cache
      server: Microsoft-IIS/10.0
      strict-transport-security: max-age=31536000;includeSubDomains
      x-aspnet-version: 4.0.30319
      x-content-type-options: nosniff
      x-ms-keyvault-network-info: addr=131.107.160.72;act_addr_fam=InterNetwork;
      x-ms-keyvault-region: westus
      x-ms-keyvault-service-version: 1.1.0.879
      x-powered-by: ASP.NET
    status:
      code: 404
      message: Not Found
    url: !!python/object/new:yarl.URL
      state: !!python/tuple
      - !!python/object/new:urllib.parse.SplitResult
        - https
        - vault458ad70cc792670ac9.vault.azure.net
        - /deletedkeys/key6
        - api-version=7.0
        - ''
- request:
    body: null
    headers:
      Accept:
      - application/json
      User-Agent:
      - azsdk-python-keyvault-keys/4.0.0 Python/3.7.4 (Windows-10-10.0.18362-SP0)
    method: GET
    uri: https://vault458ad70cc792670ac9.vault.azure.net/deletedkeys/key6?api-version=7.0
  response:
    body:
      string: '{"error":{"code":"KeyNotFound","message":"Deleted Key not found: key6"}}'
    headers:
      cache-control: no-cache
      content-length: '72'
      content-type: application/json; charset=utf-8
      date: Thu, 31 Oct 2019 17:49:12 GMT
      expires: '-1'
      pragma: no-cache
      server: Microsoft-IIS/10.0
      strict-transport-security: max-age=31536000;includeSubDomains
      x-aspnet-version: 4.0.30319
      x-content-type-options: nosniff
      x-ms-keyvault-network-info: addr=131.107.160.72;act_addr_fam=InterNetwork;
      x-ms-keyvault-region: westus
      x-ms-keyvault-service-version: 1.1.0.879
      x-powered-by: ASP.NET
    status:
      code: 404
      message: Not Found
    url: !!python/object/new:yarl.URL
      state: !!python/tuple
      - !!python/object/new:urllib.parse.SplitResult
        - https
        - vault458ad70cc792670ac9.vault.azure.net
        - /deletedkeys/key6
        - api-version=7.0
        - ''
- request:
    body: null
    headers:
      Accept:
      - application/json
      User-Agent:
      - azsdk-python-keyvault-keys/4.0.0 Python/3.7.4 (Windows-10-10.0.18362-SP0)
    method: GET
    uri: https://vault458ad70cc792670ac9.vault.azure.net/deletedkeys/key6?api-version=7.0
  response:
    body:
      string: '{"error":{"code":"KeyNotFound","message":"Deleted Key not found: key6"}}'
    headers:
      cache-control: no-cache
      content-length: '72'
      content-type: application/json; charset=utf-8
      date: Thu, 31 Oct 2019 17:49:14 GMT
      expires: '-1'
      pragma: no-cache
      server: Microsoft-IIS/10.0
      strict-transport-security: max-age=31536000;includeSubDomains
      x-aspnet-version: 4.0.30319
      x-content-type-options: nosniff
      x-ms-keyvault-network-info: addr=131.107.160.72;act_addr_fam=InterNetwork;
      x-ms-keyvault-region: westus
      x-ms-keyvault-service-version: 1.1.0.879
      x-powered-by: ASP.NET
    status:
      code: 404
      message: Not Found
    url: !!python/object/new:yarl.URL
      state: !!python/tuple
      - !!python/object/new:urllib.parse.SplitResult
        - https
        - vault458ad70cc792670ac9.vault.azure.net
        - /deletedkeys/key6
        - api-version=7.0
        - ''
- request:
    body: null
    headers:
      Accept:
      - application/json
      User-Agent:
      - azsdk-python-keyvault-keys/4.0.0 Python/3.7.4 (Windows-10-10.0.18362-SP0)
    method: GET
    uri: https://vault458ad70cc792670ac9.vault.azure.net/deletedkeys/key6?api-version=7.0
  response:
    body:
      string: '{"recoveryId":"https://vault458ad70cc792670ac9.vault.azure.net/deletedkeys/key6","deletedDate":1572544140,"scheduledPurgeDate":1580320140,"key":{"kid":"https://vault458ad70cc792670ac9.vault.azure.net/keys/key6/619be528b3824b35ab8e258c058f8baa","kty":"RSA","key_ops":["encrypt","decrypt","sign","verify","wrapKey","unwrapKey"],"n":"ucy8kLP_b1USPxCA37ZbNDnpPOFkShLIbJA5nusHn94UTMgttr3yMRBpjIqGfEJPbCrPZjZ7xOJav9qcGJTotZ7wwZkJyGi1EAkai2ZTibPzlyFBtHzxxDUEcVchK97xg6NSGTku8RPdYL05EZwD7QAQjbYuICG-kGE8Z5i6yawH85tAZJW74zX1Np3eE8rA3VnSlmC-dTPDRlzAB6iq5FmCOoNJ84XT4KGxR_tNvHOnp4FRMVGG28cBetLQU2VMaf9QTrgz0Tbydr5g2eL1DZUZO47mjrHA-E32Hguwgtyd0ur4N6Yf2YDvbDuAql6pEjvZUJi9HtJStQL8jXe9hw","e":"AQAB"},"attributes":{"enabled":true,"created":1572544039,"updated":1572544039,"recoveryLevel":"Recoverable+Purgeable"}}'
    headers:
      cache-control: no-cache
      content-length: '799'
      content-type: application/json; charset=utf-8
      date: Thu, 31 Oct 2019 17:49:16 GMT
      expires: '-1'
      pragma: no-cache
      server: Microsoft-IIS/10.0
      strict-transport-security: max-age=31536000;includeSubDomains
      x-aspnet-version: 4.0.30319
      x-content-type-options: nosniff
      x-ms-keyvault-network-info: addr=131.107.160.72;act_addr_fam=InterNetwork;
      x-ms-keyvault-region: westus
      x-ms-keyvault-service-version: 1.1.0.879
      x-powered-by: ASP.NET
    status:
      code: 200
      message: OK
    url: !!python/object/new:yarl.URL
      state: !!python/tuple
      - !!python/object/new:urllib.parse.SplitResult
        - https
        - vault458ad70cc792670ac9.vault.azure.net
        - /deletedkeys/key6
        - api-version=7.0
        - ''
- request:
    body: null
    headers:
      User-Agent:
      - azsdk-python-keyvault-keys/4.0.0 Python/3.7.4 (Windows-10-10.0.18362-SP0)
    method: DELETE
    uri: https://vault458ad70cc792670ac9.vault.azure.net/deletedkeys/key0?api-version=7.0
  response:
    body:
      string: ''
    headers:
      cache-control: no-cache
      date: Thu, 31 Oct 2019 17:49:18 GMT
      expires: '-1'
      pragma: no-cache
      server: Microsoft-IIS/10.0
      strict-transport-security: max-age=31536000;includeSubDomains
      x-aspnet-version: 4.0.30319
      x-content-type-options: nosniff
      x-ms-keyvault-network-info: addr=131.107.160.72;act_addr_fam=InterNetwork;
      x-ms-keyvault-region: westus
      x-ms-keyvault-service-version: 1.1.0.879
      x-powered-by: ASP.NET
    status:
      code: 204
      message: No Content
    url: !!python/object/new:yarl.URL
      state: !!python/tuple
      - !!python/object/new:urllib.parse.SplitResult
        - https
        - vault458ad70cc792670ac9.vault.azure.net
        - /deletedkeys/key0
        - api-version=7.0
        - ''
- request:
    body: null
    headers:
      User-Agent:
      - azsdk-python-keyvault-keys/4.0.0 Python/3.7.4 (Windows-10-10.0.18362-SP0)
    method: DELETE
    uri: https://vault458ad70cc792670ac9.vault.azure.net/deletedkeys/key1?api-version=7.0
  response:
    body:
      string: ''
    headers:
      cache-control: no-cache
      date: Thu, 31 Oct 2019 17:49:18 GMT
      expires: '-1'
      pragma: no-cache
      server: Microsoft-IIS/10.0
      strict-transport-security: max-age=31536000;includeSubDomains
      x-aspnet-version: 4.0.30319
      x-content-type-options: nosniff
      x-ms-keyvault-network-info: addr=131.107.160.72;act_addr_fam=InterNetwork;
      x-ms-keyvault-region: westus
      x-ms-keyvault-service-version: 1.1.0.879
      x-powered-by: ASP.NET
    status:
      code: 204
      message: No Content
    url: !!python/object/new:yarl.URL
      state: !!python/tuple
      - !!python/object/new:urllib.parse.SplitResult
        - https
        - vault458ad70cc792670ac9.vault.azure.net
        - /deletedkeys/key1
        - api-version=7.0
        - ''
- request:
    body: null
    headers:
      User-Agent:
      - azsdk-python-keyvault-keys/4.0.0 Python/3.7.4 (Windows-10-10.0.18362-SP0)
    method: DELETE
    uri: https://vault458ad70cc792670ac9.vault.azure.net/deletedkeys/key2?api-version=7.0
  response:
    body:
      string: ''
    headers:
      cache-control: no-cache
      date: Thu, 31 Oct 2019 17:49:19 GMT
      expires: '-1'
      pragma: no-cache
      server: Microsoft-IIS/10.0
      strict-transport-security: max-age=31536000;includeSubDomains
      x-aspnet-version: 4.0.30319
      x-content-type-options: nosniff
      x-ms-keyvault-network-info: addr=131.107.160.72;act_addr_fam=InterNetwork;
      x-ms-keyvault-region: westus
      x-ms-keyvault-service-version: 1.1.0.879
      x-powered-by: ASP.NET
    status:
      code: 204
      message: No Content
    url: !!python/object/new:yarl.URL
      state: !!python/tuple
      - !!python/object/new:urllib.parse.SplitResult
        - https
        - vault458ad70cc792670ac9.vault.azure.net
        - /deletedkeys/key2
        - api-version=7.0
        - ''
- request:
    body: null
    headers:
      User-Agent:
      - azsdk-python-keyvault-keys/4.0.0 Python/3.7.4 (Windows-10-10.0.18362-SP0)
    method: DELETE
    uri: https://vault458ad70cc792670ac9.vault.azure.net/deletedkeys/key3?api-version=7.0
  response:
    body:
      string: ''
    headers:
      cache-control: no-cache
      date: Thu, 31 Oct 2019 17:49:19 GMT
      expires: '-1'
      pragma: no-cache
      server: Microsoft-IIS/10.0
      strict-transport-security: max-age=31536000;includeSubDomains
      x-aspnet-version: 4.0.30319
      x-content-type-options: nosniff
      x-ms-keyvault-network-info: addr=131.107.160.72;act_addr_fam=InterNetwork;
      x-ms-keyvault-region: westus
      x-ms-keyvault-service-version: 1.1.0.879
      x-powered-by: ASP.NET
    status:
      code: 204
      message: No Content
    url: !!python/object/new:yarl.URL
      state: !!python/tuple
      - !!python/object/new:urllib.parse.SplitResult
        - https
        - vault458ad70cc792670ac9.vault.azure.net
        - /deletedkeys/key3
        - api-version=7.0
        - ''
- request:
    body: null
    headers:
      User-Agent:
      - azsdk-python-keyvault-keys/4.0.0 Python/3.7.4 (Windows-10-10.0.18362-SP0)
    method: DELETE
    uri: https://vault458ad70cc792670ac9.vault.azure.net/deletedkeys/key4?api-version=7.0
  response:
    body:
      string: ''
    headers:
      cache-control: no-cache
      date: Thu, 31 Oct 2019 17:49:19 GMT
      expires: '-1'
      pragma: no-cache
      server: Microsoft-IIS/10.0
      strict-transport-security: max-age=31536000;includeSubDomains
      x-aspnet-version: 4.0.30319
      x-content-type-options: nosniff
      x-ms-keyvault-network-info: addr=131.107.160.72;act_addr_fam=InterNetwork;
      x-ms-keyvault-region: westus
      x-ms-keyvault-service-version: 1.1.0.879
      x-powered-by: ASP.NET
    status:
      code: 204
      message: No Content
    url: !!python/object/new:yarl.URL
      state: !!python/tuple
      - !!python/object/new:urllib.parse.SplitResult
        - https
        - vault458ad70cc792670ac9.vault.azure.net
        - /deletedkeys/key4
        - api-version=7.0
        - ''
- request:
    body: null
    headers:
      User-Agent:
      - azsdk-python-keyvault-keys/4.0.0 Python/3.7.4 (Windows-10-10.0.18362-SP0)
    method: DELETE
    uri: https://vault458ad70cc792670ac9.vault.azure.net/deletedkeys/key5?api-version=7.0
  response:
    body:
      string: ''
    headers:
      cache-control: no-cache
      date: Thu, 31 Oct 2019 17:49:19 GMT
      expires: '-1'
      pragma: no-cache
      server: Microsoft-IIS/10.0
      strict-transport-security: max-age=31536000;includeSubDomains
      x-aspnet-version: 4.0.30319
      x-content-type-options: nosniff
      x-ms-keyvault-network-info: addr=131.107.160.72;act_addr_fam=InterNetwork;
      x-ms-keyvault-region: westus
      x-ms-keyvault-service-version: 1.1.0.879
      x-powered-by: ASP.NET
    status:
      code: 204
      message: No Content
    url: !!python/object/new:yarl.URL
      state: !!python/tuple
      - !!python/object/new:urllib.parse.SplitResult
        - https
        - vault458ad70cc792670ac9.vault.azure.net
        - /deletedkeys/key5
        - api-version=7.0
        - ''
- request:
    body: null
    headers:
      User-Agent:
      - azsdk-python-keyvault-keys/4.0.0 Python/3.7.4 (Windows-10-10.0.18362-SP0)
    method: DELETE
    uri: https://vault458ad70cc792670ac9.vault.azure.net/deletedkeys/key6?api-version=7.0
  response:
    body:
      string: ''
    headers:
      cache-control: no-cache
      date: Thu, 31 Oct 2019 17:49:19 GMT
      expires: '-1'
      pragma: no-cache
      server: Microsoft-IIS/10.0
      strict-transport-security: max-age=31536000;includeSubDomains
      x-aspnet-version: 4.0.30319
      x-content-type-options: nosniff
      x-ms-keyvault-network-info: addr=131.107.160.72;act_addr_fam=InterNetwork;
      x-ms-keyvault-region: westus
      x-ms-keyvault-service-version: 1.1.0.879
      x-powered-by: ASP.NET
    status:
      code: 204
      message: No Content
    url: !!python/object/new:yarl.URL
      state: !!python/tuple
      - !!python/object/new:urllib.parse.SplitResult
        - https
        - vault458ad70cc792670ac9.vault.azure.net
        - /deletedkeys/key6
        - api-version=7.0
        - ''
version: 1
