interactions:
- request:
    body: null
    headers:
      Accept:
      - application/json
      Content-Length:
      - '0'
      Content-Type:
      - application/json
      User-Agent:
      - azsdk-python-keyvault-keys/4.5.0b1 Python/3.5.3 (Windows-10-10.0.19041-SP0)
    method: POST
    uri: https://managedhsmname.managedhsm.azure.net/keys/livekvtestkey0e9110db0/create?api-version=7.3-preview
  response:
    body:
      string: ''
    headers:
      cache-control: no-cache
      content-length: '0'
      content-security-policy: default-src 'self'
      content-type: application/json; charset=utf-8
      strict-transport-security: max-age=31536000; includeSubDomains
      www-authenticate: Bearer authorization="https://login.microsoftonline.com/72f988bf-86f1-41af-91ab-2d7cd011db47",
        resource="https://managedhsm.azure.net"
      x-content-type-options: nosniff
      x-frame-options: SAMEORIGIN
      x-ms-server-latency: '1'
    status:
      code: 401
      message: Unauthorized
    url: https://mcpatinotesthsm.managedhsm.azure.net/keys/livekvtestkey0e9110db0/create?api-version=7.3-preview
- request:
    body: '{"kty": "RSA-HSM"}'
    headers:
      Accept:
      - application/json
      Content-Length:
      - '18'
      Content-Type:
      - application/json
      User-Agent:
      - azsdk-python-keyvault-keys/4.5.0b1 Python/3.5.3 (Windows-10-10.0.19041-SP0)
    method: POST
    uri: https://managedhsmname.managedhsm.azure.net/keys/livekvtestkey0e9110db0/create?api-version=7.3-preview
  response:
    body:
      string: '{"attributes":{"created":1618441673,"enabled":true,"exportable":false,"recoverableDays":90,"recoveryLevel":"Recoverable+Purgeable","updated":1618441673},"key":{"e":"AQAB","key_ops":["wrapKey","decrypt","encrypt","unwrapKey","sign","verify"],"kid":"https://managedhsmname.managedhsm.azure.net/keys/livekvtestkey0e9110db0/71cb6be7064e06a40b5e09c5fb59ee3f","kty":"RSA-HSM","n":"k-OgF9vZC7KYmy0NYUBEVrR-4xl3Bu5hSJBum7HdGnst87sfROSrxYewAntv5CFvkBqjwoGBgVHrqjyRj64l0S3dLOcWUWqwdkWEr7E4lf8CKkCp4X4D2nY2zILrDuuCzt3VApLLaZj7-oCg87NFHKy1GMt82R2TVlr5-Uc4up0LxFQ3b_k1v8uvfVGnMtm341j4TroZyipjyW352PgOxcDhZDEuhHnMn9ryVk3OPV06zU1B1Q5NKTELvxeY_x_pVFvT7U990tZZwzkE3m6WQzwIMjQPN_1CiMuYKp7OoxwhWuRbjj1NtaOKf-bkkz6X4qrjtsXe0gL06v1zvKICYw"}}'
    headers:
      cache-control: no-cache
      content-length: '721'
      content-security-policy: default-src 'self'
      content-type: application/json; charset=utf-8
      strict-transport-security: max-age=31536000; includeSubDomains
      x-content-type-options: nosniff
      x-frame-options: SAMEORIGIN
      x-ms-keyvault-network-info: conn_type=Ipv4;addr=172.92.159.124;act_addr_fam=Ipv4;
      x-ms-keyvault-region: eastus2
      x-ms-server-latency: '229'
    status:
      code: 200
      message: OK
    url: https://mcpatinotesthsm.managedhsm.azure.net/keys/livekvtestkey0e9110db0/create?api-version=7.3-preview
- request:
    body: '{"kty": "RSA-HSM"}'
    headers:
      Accept:
      - application/json
      Content-Length:
      - '18'
      Content-Type:
      - application/json
      User-Agent:
      - azsdk-python-keyvault-keys/4.5.0b1 Python/3.5.3 (Windows-10-10.0.19041-SP0)
    method: POST
    uri: https://managedhsmname.managedhsm.azure.net/keys/livekvtestkey1e9110db0/create?api-version=7.3-preview
  response:
    body:
      string: '{"attributes":{"created":1618441676,"enabled":true,"exportable":false,"recoverableDays":90,"recoveryLevel":"Recoverable+Purgeable","updated":1618441676},"key":{"e":"AQAB","key_ops":["wrapKey","decrypt","encrypt","unwrapKey","sign","verify"],"kid":"https://managedhsmname.managedhsm.azure.net/keys/livekvtestkey1e9110db0/f00f9c9827c946131dccaff4705e7582","kty":"RSA-HSM","n":"4gr8BZUqP9O0Ht4BsWJpAQ-l5cD5XNMLTl3tol7fP1GNEZ1OLONc2I8D-eR5F3uIlVtHdeo2t0frJBjs893nnsDWms1Gxb9IQuZDBYsA9mhq1qpYyjijrU64c872C4PGn4y-rlHsOehA7C5zaPU3DqglliNgFqqdwSwdkaIRRPctbb9P2wa1cuNlQUkAcM_stmyosLYoVOXoWsCPUa15P9g2CLsKiZSedH_F6lBuA8oiYVb_yJiyrSYgRVVwMJB6uq9sw9khm-cohDHovE4tJsrMzP-OxoHLwmQr4259SDcgOLS6Cj9pJgD8FHhwyTA6u89E-OxUYqu6xtSQ24kumw"}}'
    headers:
      cache-control: no-cache
      content-length: '721'
      content-security-policy: default-src 'self'
      content-type: application/json; charset=utf-8
      strict-transport-security: max-age=31536000; includeSubDomains
      x-content-type-options: nosniff
      x-frame-options: SAMEORIGIN
      x-ms-keyvault-network-info: conn_type=Ipv4;addr=172.92.159.124;act_addr_fam=Ipv4;
      x-ms-keyvault-region: eastus2
      x-ms-server-latency: '227'
    status:
      code: 200
      message: OK
    url: https://mcpatinotesthsm.managedhsm.azure.net/keys/livekvtestkey1e9110db0/create?api-version=7.3-preview
- request:
    body: '{"kty": "RSA-HSM"}'
    headers:
      Accept:
      - application/json
      Content-Length:
      - '18'
      Content-Type:
      - application/json
      User-Agent:
      - azsdk-python-keyvault-keys/4.5.0b1 Python/3.5.3 (Windows-10-10.0.19041-SP0)
    method: POST
    uri: https://managedhsmname.managedhsm.azure.net/keys/livekvtestkey2e9110db0/create?api-version=7.3-preview
  response:
    body:
      string: '{"attributes":{"created":1618441678,"enabled":true,"exportable":false,"recoverableDays":90,"recoveryLevel":"Recoverable+Purgeable","updated":1618441678},"key":{"e":"AQAB","key_ops":["wrapKey","decrypt","encrypt","unwrapKey","sign","verify"],"kid":"https://managedhsmname.managedhsm.azure.net/keys/livekvtestkey2e9110db0/52d4815bc0cb4a61b125b188919bf031","kty":"RSA-HSM","n":"inQRX7A38M5yZGJ36-pj3NzH6Z6xQCNUJXkL1EPTnN-XYB7vQ5xMczNLkenZLbVlZjplV50Ucjs3eEzLmr4uYo3Lg6bGFhuI7z7wOW54l-EqDbTNg3MsBC4b45vy7N2Yp5hq8_ONfXkCi0AazrPys--GTbCf3BW6LLDZ_dzL7RdH0qvfLBYKpuFzZdsmC8YhEV4bjpddhFFH1wCNOHiMabY-JbxY-rwO4tljk2KEcDkmNC_UnoAMAn4aVpZrUuYpgNBSNGucdTOevTNZU_UVPzQvcskgXudkt-8X0mZQAHdyAXNQIZ25wnLDm0hjGTsXS99vfMzZSAaOjcBYwsHtcw"}}'
    headers:
      cache-control: no-cache
      content-length: '721'
      content-security-policy: default-src 'self'
      content-type: application/json; charset=utf-8
      strict-transport-security: max-age=31536000; includeSubDomains
      x-content-type-options: nosniff
      x-frame-options: SAMEORIGIN
      x-ms-keyvault-network-info: conn_type=Ipv4;addr=172.92.159.124;act_addr_fam=Ipv4;
      x-ms-keyvault-region: eastus2
      x-ms-server-latency: '207'
    status:
      code: 200
      message: OK
    url: https://mcpatinotesthsm.managedhsm.azure.net/keys/livekvtestkey2e9110db0/create?api-version=7.3-preview
- request:
    body: '{"kty": "RSA-HSM"}'
    headers:
      Accept:
      - application/json
      Content-Length:
      - '18'
      Content-Type:
      - application/json
      User-Agent:
      - azsdk-python-keyvault-keys/4.5.0b1 Python/3.5.3 (Windows-10-10.0.19041-SP0)
    method: POST
    uri: https://managedhsmname.managedhsm.azure.net/keys/livekvtestkey3e9110db0/create?api-version=7.3-preview
  response:
    body:
      string: '{"attributes":{"created":1618441680,"enabled":true,"exportable":false,"recoverableDays":90,"recoveryLevel":"Recoverable+Purgeable","updated":1618441680},"key":{"e":"AQAB","key_ops":["wrapKey","decrypt","encrypt","unwrapKey","sign","verify"],"kid":"https://managedhsmname.managedhsm.azure.net/keys/livekvtestkey3e9110db0/343dc2195adf039d3ae5c901afbf2164","kty":"RSA-HSM","n":"6vQ0bjqCbVQgO30aUOQ05ORGiXv4Jos-Y1DrhVjUjHPBT2L1Q4dzEgaOwO7JvsyGmC-OAtiOpEWjejEC7S5fXKpZutlz0poNppo59KtBWEVbEHqyS9qkws15R3HBTCMqRX5jQTLfANWW4wlzrgBvHDyTCRSr1CWOZARyGhzqhRabLNV_dsIunSWPNapBi0AHrrtFko0nyfu0SChljlq8mVVZBrcMrMHpqtW7eJSyvAvcscz3S4pqMqqJJtBUHVDlGGkjksfLRVmsjkHrQ4BDB9FJ_bhB7JGlipgc4Ldyb-sFM-XDPKQlgacQNUGvtGpMPefSny5sYd-CZv7p5QaOLQ"}}'
    headers:
      cache-control: no-cache
      content-length: '721'
      content-security-policy: default-src 'self'
      content-type: application/json; charset=utf-8
      strict-transport-security: max-age=31536000; includeSubDomains
      x-content-type-options: nosniff
      x-frame-options: SAMEORIGIN
      x-ms-keyvault-network-info: conn_type=Ipv4;addr=172.92.159.124;act_addr_fam=Ipv4;
      x-ms-keyvault-region: eastus2
      x-ms-server-latency: '240'
    status:
      code: 200
      message: OK
    url: https://mcpatinotesthsm.managedhsm.azure.net/keys/livekvtestkey3e9110db0/create?api-version=7.3-preview
- request:
    body: '{"kty": "RSA-HSM"}'
    headers:
      Accept:
      - application/json
      Content-Length:
      - '18'
      Content-Type:
      - application/json
      User-Agent:
      - azsdk-python-keyvault-keys/4.5.0b1 Python/3.5.3 (Windows-10-10.0.19041-SP0)
    method: POST
    uri: https://managedhsmname.managedhsm.azure.net/keys/livekvtestkey4e9110db0/create?api-version=7.3-preview
  response:
    body:
      string: '{"attributes":{"created":1618441683,"enabled":true,"exportable":false,"recoverableDays":90,"recoveryLevel":"Recoverable+Purgeable","updated":1618441683},"key":{"e":"AQAB","key_ops":["wrapKey","decrypt","encrypt","unwrapKey","sign","verify"],"kid":"https://managedhsmname.managedhsm.azure.net/keys/livekvtestkey4e9110db0/cee79c99e3714bd83b93cfb1f9e5dbe9","kty":"RSA-HSM","n":"orU6dzHs8IWZ-b7FmN-M6Bx0rNogucDJOFuOhjT0_fk9JoPP_4tw2pFK1o7m-s90tguqlkgB_qI2AYmHhc9W76oak4zx5uh3uRHa-edJN-gSU0xAi1fQiabGYjL4G4NG0mS-W3rkeKh5Jo4Xct1_9Gx9y64J7npPmAL3oqw4eJJuNiqSYC_u5YjITzl4qNP0c8MBncgoWX-UK2xcYOhQp-sV-RP6EjPunWtPwzR8BXfOSgdHhvteneY9ZbXnJgjYJMpiAxhgphMDDvl-drR45TRwHeEd4oNbxqlpS9n_aus5KxH4CXwiDuocnKC5ofYBLWJQ2ROBPXpxWZVX4QCMFw"}}'
    headers:
      cache-control: no-cache
      content-length: '721'
      content-security-policy: default-src 'self'
      content-type: application/json; charset=utf-8
      strict-transport-security: max-age=31536000; includeSubDomains
      x-content-type-options: nosniff
      x-frame-options: SAMEORIGIN
      x-ms-keyvault-network-info: conn_type=Ipv4;addr=172.92.159.124;act_addr_fam=Ipv4;
      x-ms-keyvault-region: eastus2
      x-ms-server-latency: '241'
    status:
      code: 200
      message: OK
    url: https://mcpatinotesthsm.managedhsm.azure.net/keys/livekvtestkey4e9110db0/create?api-version=7.3-preview
- request:
    body: '{"kty": "RSA-HSM"}'
    headers:
      Accept:
      - application/json
      Content-Length:
      - '18'
      Content-Type:
      - application/json
      User-Agent:
      - azsdk-python-keyvault-keys/4.5.0b1 Python/3.5.3 (Windows-10-10.0.19041-SP0)
    method: POST
    uri: https://managedhsmname.managedhsm.azure.net/keys/livekvtestkey5e9110db0/create?api-version=7.3-preview
  response:
    body:
      string: '{"attributes":{"created":1618441685,"enabled":true,"exportable":false,"recoverableDays":90,"recoveryLevel":"Recoverable+Purgeable","updated":1618441685},"key":{"e":"AQAB","key_ops":["wrapKey","decrypt","encrypt","unwrapKey","sign","verify"],"kid":"https://managedhsmname.managedhsm.azure.net/keys/livekvtestkey5e9110db0/ace39b4ae17a45deb4ad911aaec5eb89","kty":"RSA-HSM","n":"mlUrkkl6ldd55o3RnXA1aHDFBdBEW_HsFEVSbB_MjF2wD_nrqQ8K6UnEPZsuJO8DfbgguyqxeG6c3F_M0UQmbbkbfCd0Z2O1ya7vQni2TlAgAcX8TN8YgRM7lBXVoCijvPk4EFCY4rQwnPK2FJrak5-Hb1Wixkz4VwZmoh4OpR_GaJPXyBd5fhAh44tZSzoGl5UPB5zWQwhpZVc_5gFim0ZXxyQ-NQIMgYUQOrg5gErcGP9G0E6PYekYRgaCT-W5cnja-F3ImNAS076uJ2ez2pFTDpMj3fOjmLcauzRHCWKlvS0zedOZX9y82hwqczuUl4cVsNI1rYw1Lm2i1J8dQQ"}}'
    headers:
      cache-control: no-cache
      content-length: '721'
      content-security-policy: default-src 'self'
      content-type: application/json; charset=utf-8
      strict-transport-security: max-age=31536000; includeSubDomains
      x-content-type-options: nosniff
      x-frame-options: SAMEORIGIN
      x-ms-keyvault-network-info: conn_type=Ipv4;addr=172.92.159.124;act_addr_fam=Ipv4;
      x-ms-keyvault-region: eastus2
      x-ms-server-latency: '283'
    status:
      code: 200
      message: OK
    url: https://mcpatinotesthsm.managedhsm.azure.net/keys/livekvtestkey5e9110db0/create?api-version=7.3-preview
- request:
    body: '{"kty": "RSA-HSM"}'
    headers:
      Accept:
      - application/json
      Content-Length:
      - '18'
      Content-Type:
      - application/json
      User-Agent:
      - azsdk-python-keyvault-keys/4.5.0b1 Python/3.5.3 (Windows-10-10.0.19041-SP0)
    method: POST
    uri: https://managedhsmname.managedhsm.azure.net/keys/livekvtestkey6e9110db0/create?api-version=7.3-preview
  response:
    body:
      string: '{"attributes":{"created":1618441687,"enabled":true,"exportable":false,"recoverableDays":90,"recoveryLevel":"Recoverable+Purgeable","updated":1618441687},"key":{"e":"AQAB","key_ops":["wrapKey","decrypt","encrypt","unwrapKey","sign","verify"],"kid":"https://managedhsmname.managedhsm.azure.net/keys/livekvtestkey6e9110db0/f87dd73cc4674de23f398c2dce3d4401","kty":"RSA-HSM","n":"um04ZgRpUk2BfKvG32eB70ejjBSZ0qnH-R4xVEq6jlLNerQDjctPDFKRs1MwX__6BDXp2PDlcrRgp5aPTAJDkQkXmYhoLMKxogupk40KameBRDFk9CvQOJ7oeQLKfmr18VaX1ldmF6nLiBX13-4Lqz5hLZvGpJzcLcyq18RVrG-fyKQyq7AdlUgSyD160oAoytvCUFfZzKWUuo3bpE3krRjxPusDL_QWLUd3__bmd4pa33feWZMR6p_sFbX_si_u6oLDHwGw9mdABGuzfqkM1gDF_JL9gSzfDybA2eSGA-91GsEDvrMZbIESfxMsCzvnM74lPVw1UmWMp-UckIguUQ"}}'
    headers:
      cache-control: no-cache
      content-length: '721'
      content-security-policy: default-src 'self'
      content-type: application/json; charset=utf-8
      strict-transport-security: max-age=31536000; includeSubDomains
      x-content-type-options: nosniff
      x-frame-options: SAMEORIGIN
      x-ms-keyvault-network-info: conn_type=Ipv4;addr=172.92.159.124;act_addr_fam=Ipv4;
      x-ms-keyvault-region: eastus2
      x-ms-server-latency: '389'
    status:
      code: 200
      message: OK
    url: https://mcpatinotesthsm.managedhsm.azure.net/keys/livekvtestkey6e9110db0/create?api-version=7.3-preview
- request:
    body: null
    headers:
      Accept:
      - application/json
      User-Agent:
      - azsdk-python-keyvault-keys/4.5.0b1 Python/3.5.3 (Windows-10-10.0.19041-SP0)
    method: DELETE
    uri: https://managedhsmname.managedhsm.azure.net/keys/livekvtestkey5e9110db0?api-version=7.3-preview
  response:
    body:
      string: '{"attributes":{"created":1618441685,"enabled":true,"exportable":false,"recoverableDays":90,"recoveryLevel":"Recoverable+Purgeable","updated":1618441685},"deletedDate":1618441688,"key":{"e":"AQAB","key_ops":["wrapKey","encrypt","decrypt","unwrapKey","sign","verify"],"kid":"https://managedhsmname.managedhsm.azure.net/keys/livekvtestkey5e9110db0/ace39b4ae17a45deb4ad911aaec5eb89","kty":"RSA-HSM","n":"mlUrkkl6ldd55o3RnXA1aHDFBdBEW_HsFEVSbB_MjF2wD_nrqQ8K6UnEPZsuJO8DfbgguyqxeG6c3F_M0UQmbbkbfCd0Z2O1ya7vQni2TlAgAcX8TN8YgRM7lBXVoCijvPk4EFCY4rQwnPK2FJrak5-Hb1Wixkz4VwZmoh4OpR_GaJPXyBd5fhAh44tZSzoGl5UPB5zWQwhpZVc_5gFim0ZXxyQ-NQIMgYUQOrg5gErcGP9G0E6PYekYRgaCT-W5cnja-F3ImNAS076uJ2ez2pFTDpMj3fOjmLcauzRHCWKlvS0zedOZX9y82hwqczuUl4cVsNI1rYw1Lm2i1J8dQQ"},"recoveryId":"https://managedhsmname.managedhsm.azure.net/deletedkeys/livekvtestkey5e9110db0","scheduledPurgeDate":1626217688}'
    headers:
      cache-control: no-cache
      content-length: '873'
      content-security-policy: default-src 'self'
      content-type: application/json; charset=utf-8
      strict-transport-security: max-age=31536000; includeSubDomains
      x-content-type-options: nosniff
      x-frame-options: SAMEORIGIN
      x-ms-keyvault-network-info: conn_type=Ipv4;addr=172.92.159.124;act_addr_fam=Ipv4;
      x-ms-keyvault-region: eastus2
      x-ms-server-latency: '140'
    status:
      code: 200
      message: OK
    url: https://mcpatinotesthsm.managedhsm.azure.net/keys/livekvtestkey5e9110db0?api-version=7.3-preview
- request:
    body: null
    headers:
      Accept:
      - application/json
      User-Agent:
      - azsdk-python-keyvault-keys/4.5.0b1 Python/3.5.3 (Windows-10-10.0.19041-SP0)
    method: GET
    uri: https://managedhsmname.managedhsm.azure.net/deletedkeys/livekvtestkey5e9110db0?api-version=7.3-preview
  response:
    body:
      string: '{"attributes":{"created":1618441685,"enabled":true,"exportable":false,"recoverableDays":90,"recoveryLevel":"Recoverable+Purgeable","updated":1618441685},"deletedDate":1618441688,"key":{"e":"AQAB","key_ops":["verify","sign","unwrapKey","encrypt","decrypt","wrapKey"],"kid":"https://managedhsmname.managedhsm.azure.net/keys/livekvtestkey5e9110db0/ace39b4ae17a45deb4ad911aaec5eb89","kty":"RSA-HSM","n":"mlUrkkl6ldd55o3RnXA1aHDFBdBEW_HsFEVSbB_MjF2wD_nrqQ8K6UnEPZsuJO8DfbgguyqxeG6c3F_M0UQmbbkbfCd0Z2O1ya7vQni2TlAgAcX8TN8YgRM7lBXVoCijvPk4EFCY4rQwnPK2FJrak5-Hb1Wixkz4VwZmoh4OpR_GaJPXyBd5fhAh44tZSzoGl5UPB5zWQwhpZVc_5gFim0ZXxyQ-NQIMgYUQOrg5gErcGP9G0E6PYekYRgaCT-W5cnja-F3ImNAS076uJ2ez2pFTDpMj3fOjmLcauzRHCWKlvS0zedOZX9y82hwqczuUl4cVsNI1rYw1Lm2i1J8dQQ"},"recoveryId":"https://managedhsmname.managedhsm.azure.net/deletedkeys/livekvtestkey5e9110db0","scheduledPurgeDate":1626217688}'
    headers:
      cache-control: no-cache
      content-length: '873'
      content-security-policy: default-src 'self'
      content-type: application/json; charset=utf-8
      strict-transport-security: max-age=31536000; includeSubDomains
      x-content-type-options: nosniff
      x-frame-options: SAMEORIGIN
      x-ms-build-version: 1.0.20210407-3-27236ed1-develop
      x-ms-keyvault-network-info: conn_type=Ipv4;addr=172.92.159.124;act_addr_fam=Ipv4;
      x-ms-keyvault-region: eastus2
      x-ms-server-latency: '44'
    status:
      code: 200
      message: OK
    url: https://mcpatinotesthsm.managedhsm.azure.net/deletedkeys/livekvtestkey5e9110db0?api-version=7.3-preview
- request:
    body: null
    headers:
      Accept:
      - application/json
      User-Agent:
      - azsdk-python-keyvault-keys/4.5.0b1 Python/3.5.3 (Windows-10-10.0.19041-SP0)
    method: DELETE
    uri: https://managedhsmname.managedhsm.azure.net/keys/livekvtestkey2e9110db0?api-version=7.3-preview
  response:
    body:
      string: '{"attributes":{"created":1618441678,"enabled":true,"exportable":false,"recoverableDays":90,"recoveryLevel":"Recoverable+Purgeable","updated":1618441678},"deletedDate":1618441688,"key":{"e":"AQAB","key_ops":["wrapKey","encrypt","decrypt","unwrapKey","sign","verify"],"kid":"https://managedhsmname.managedhsm.azure.net/keys/livekvtestkey2e9110db0/52d4815bc0cb4a61b125b188919bf031","kty":"RSA-HSM","n":"inQRX7A38M5yZGJ36-pj3NzH6Z6xQCNUJXkL1EPTnN-XYB7vQ5xMczNLkenZLbVlZjplV50Ucjs3eEzLmr4uYo3Lg6bGFhuI7z7wOW54l-EqDbTNg3MsBC4b45vy7N2Yp5hq8_ONfXkCi0AazrPys--GTbCf3BW6LLDZ_dzL7RdH0qvfLBYKpuFzZdsmC8YhEV4bjpddhFFH1wCNOHiMabY-JbxY-rwO4tljk2KEcDkmNC_UnoAMAn4aVpZrUuYpgNBSNGucdTOevTNZU_UVPzQvcskgXudkt-8X0mZQAHdyAXNQIZ25wnLDm0hjGTsXS99vfMzZSAaOjcBYwsHtcw"},"recoveryId":"https://managedhsmname.managedhsm.azure.net/deletedkeys/livekvtestkey2e9110db0","scheduledPurgeDate":1626217688}'
    headers:
      cache-control: no-cache
      content-length: '873'
      content-security-policy: default-src 'self'
      content-type: application/json; charset=utf-8
      strict-transport-security: max-age=31536000; includeSubDomains
      x-content-type-options: nosniff
      x-frame-options: SAMEORIGIN
      x-ms-keyvault-network-info: conn_type=Ipv4;addr=172.92.159.124;act_addr_fam=Ipv4;
      x-ms-keyvault-region: eastus2
      x-ms-server-latency: '136'
    status:
      code: 200
      message: OK
    url: https://mcpatinotesthsm.managedhsm.azure.net/keys/livekvtestkey2e9110db0?api-version=7.3-preview
- request:
    body: null
    headers:
      Accept:
      - application/json
      User-Agent:
      - azsdk-python-keyvault-keys/4.5.0b1 Python/3.5.3 (Windows-10-10.0.19041-SP0)
    method: GET
    uri: https://managedhsmname.managedhsm.azure.net/deletedkeys/livekvtestkey2e9110db0?api-version=7.3-preview
  response:
    body:
      string: '{"attributes":{"created":1618441678,"enabled":true,"exportable":false,"recoverableDays":90,"recoveryLevel":"Recoverable+Purgeable","updated":1618441678},"deletedDate":1618441688,"key":{"e":"AQAB","key_ops":["verify","sign","unwrapKey","encrypt","decrypt","wrapKey"],"kid":"https://managedhsmname.managedhsm.azure.net/keys/livekvtestkey2e9110db0/52d4815bc0cb4a61b125b188919bf031","kty":"RSA-HSM","n":"inQRX7A38M5yZGJ36-pj3NzH6Z6xQCNUJXkL1EPTnN-XYB7vQ5xMczNLkenZLbVlZjplV50Ucjs3eEzLmr4uYo3Lg6bGFhuI7z7wOW54l-EqDbTNg3MsBC4b45vy7N2Yp5hq8_ONfXkCi0AazrPys--GTbCf3BW6LLDZ_dzL7RdH0qvfLBYKpuFzZdsmC8YhEV4bjpddhFFH1wCNOHiMabY-JbxY-rwO4tljk2KEcDkmNC_UnoAMAn4aVpZrUuYpgNBSNGucdTOevTNZU_UVPzQvcskgXudkt-8X0mZQAHdyAXNQIZ25wnLDm0hjGTsXS99vfMzZSAaOjcBYwsHtcw"},"recoveryId":"https://managedhsmname.managedhsm.azure.net/deletedkeys/livekvtestkey2e9110db0","scheduledPurgeDate":1626217688}'
    headers:
      cache-control: no-cache
      content-length: '873'
      content-security-policy: default-src 'self'
      content-type: application/json; charset=utf-8
      strict-transport-security: max-age=31536000; includeSubDomains
      x-content-type-options: nosniff
      x-frame-options: SAMEORIGIN
      x-ms-build-version: 1.0.20210407-3-27236ed1-develop
      x-ms-keyvault-network-info: conn_type=Ipv4;addr=172.92.159.124;act_addr_fam=Ipv4;
      x-ms-keyvault-region: eastus2
      x-ms-server-latency: '30'
    status:
      code: 200
      message: OK
    url: https://mcpatinotesthsm.managedhsm.azure.net/deletedkeys/livekvtestkey2e9110db0?api-version=7.3-preview
- request:
    body: null
    headers:
      Accept:
      - application/json
      User-Agent:
      - azsdk-python-keyvault-keys/4.5.0b1 Python/3.5.3 (Windows-10-10.0.19041-SP0)
    method: DELETE
    uri: https://managedhsmname.managedhsm.azure.net/keys/livekvtestkey3e9110db0?api-version=7.3-preview
  response:
    body:
      string: '{"attributes":{"created":1618441680,"enabled":true,"exportable":false,"recoverableDays":90,"recoveryLevel":"Recoverable+Purgeable","updated":1618441680},"deletedDate":1618441689,"key":{"e":"AQAB","key_ops":["wrapKey","encrypt","decrypt","unwrapKey","sign","verify"],"kid":"https://managedhsmname.managedhsm.azure.net/keys/livekvtestkey3e9110db0/343dc2195adf039d3ae5c901afbf2164","kty":"RSA-HSM","n":"6vQ0bjqCbVQgO30aUOQ05ORGiXv4Jos-Y1DrhVjUjHPBT2L1Q4dzEgaOwO7JvsyGmC-OAtiOpEWjejEC7S5fXKpZutlz0poNppo59KtBWEVbEHqyS9qkws15R3HBTCMqRX5jQTLfANWW4wlzrgBvHDyTCRSr1CWOZARyGhzqhRabLNV_dsIunSWPNapBi0AHrrtFko0nyfu0SChljlq8mVVZBrcMrMHpqtW7eJSyvAvcscz3S4pqMqqJJtBUHVDlGGkjksfLRVmsjkHrQ4BDB9FJ_bhB7JGlipgc4Ldyb-sFM-XDPKQlgacQNUGvtGpMPefSny5sYd-CZv7p5QaOLQ"},"recoveryId":"https://managedhsmname.managedhsm.azure.net/deletedkeys/livekvtestkey3e9110db0","scheduledPurgeDate":1626217689}'
    headers:
      cache-control: no-cache
      content-length: '873'
      content-security-policy: default-src 'self'
      content-type: application/json; charset=utf-8
      strict-transport-security: max-age=31536000; includeSubDomains
      x-content-type-options: nosniff
      x-frame-options: SAMEORIGIN
      x-ms-keyvault-network-info: conn_type=Ipv4;addr=172.92.159.124;act_addr_fam=Ipv4;
      x-ms-keyvault-region: eastus2
      x-ms-server-latency: '177'
    status:
      code: 200
      message: OK
    url: https://mcpatinotesthsm.managedhsm.azure.net/keys/livekvtestkey3e9110db0?api-version=7.3-preview
- request:
    body: null
    headers:
      Accept:
      - application/json
      User-Agent:
      - azsdk-python-keyvault-keys/4.5.0b1 Python/3.5.3 (Windows-10-10.0.19041-SP0)
    method: GET
    uri: https://managedhsmname.managedhsm.azure.net/deletedkeys/livekvtestkey3e9110db0?api-version=7.3-preview
  response:
    body:
      string: '{"attributes":{"created":1618441680,"enabled":true,"exportable":false,"recoverableDays":90,"recoveryLevel":"Recoverable+Purgeable","updated":1618441680},"deletedDate":1618441689,"key":{"e":"AQAB","key_ops":["verify","sign","unwrapKey","encrypt","decrypt","wrapKey"],"kid":"https://managedhsmname.managedhsm.azure.net/keys/livekvtestkey3e9110db0/343dc2195adf039d3ae5c901afbf2164","kty":"RSA-HSM","n":"6vQ0bjqCbVQgO30aUOQ05ORGiXv4Jos-Y1DrhVjUjHPBT2L1Q4dzEgaOwO7JvsyGmC-OAtiOpEWjejEC7S5fXKpZutlz0poNppo59KtBWEVbEHqyS9qkws15R3HBTCMqRX5jQTLfANWW4wlzrgBvHDyTCRSr1CWOZARyGhzqhRabLNV_dsIunSWPNapBi0AHrrtFko0nyfu0SChljlq8mVVZBrcMrMHpqtW7eJSyvAvcscz3S4pqMqqJJtBUHVDlGGkjksfLRVmsjkHrQ4BDB9FJ_bhB7JGlipgc4Ldyb-sFM-XDPKQlgacQNUGvtGpMPefSny5sYd-CZv7p5QaOLQ"},"recoveryId":"https://managedhsmname.managedhsm.azure.net/deletedkeys/livekvtestkey3e9110db0","scheduledPurgeDate":1626217689}'
    headers:
      cache-control: no-cache
      content-length: '873'
      content-security-policy: default-src 'self'
      content-type: application/json; charset=utf-8
      strict-transport-security: max-age=31536000; includeSubDomains
      x-content-type-options: nosniff
      x-frame-options: SAMEORIGIN
      x-ms-build-version: 1.0.20210407-3-27236ed1-develop
      x-ms-keyvault-network-info: conn_type=Ipv4;addr=172.92.159.124;act_addr_fam=Ipv4;
      x-ms-keyvault-region: eastus2
      x-ms-server-latency: '29'
    status:
      code: 200
      message: OK
    url: https://mcpatinotesthsm.managedhsm.azure.net/deletedkeys/livekvtestkey3e9110db0?api-version=7.3-preview
- request:
    body: null
    headers:
      Accept:
      - application/json
      User-Agent:
      - azsdk-python-keyvault-keys/4.5.0b1 Python/3.5.3 (Windows-10-10.0.19041-SP0)
    method: DELETE
    uri: https://managedhsmname.managedhsm.azure.net/keys/livekvtestkey6e9110db0?api-version=7.3-preview
  response:
    body:
      string: '{"attributes":{"created":1618441687,"enabled":true,"exportable":false,"recoverableDays":90,"recoveryLevel":"Recoverable+Purgeable","updated":1618441687},"deletedDate":1618441689,"key":{"e":"AQAB","key_ops":["wrapKey","encrypt","decrypt","unwrapKey","sign","verify"],"kid":"https://managedhsmname.managedhsm.azure.net/keys/livekvtestkey6e9110db0/f87dd73cc4674de23f398c2dce3d4401","kty":"RSA-HSM","n":"um04ZgRpUk2BfKvG32eB70ejjBSZ0qnH-R4xVEq6jlLNerQDjctPDFKRs1MwX__6BDXp2PDlcrRgp5aPTAJDkQkXmYhoLMKxogupk40KameBRDFk9CvQOJ7oeQLKfmr18VaX1ldmF6nLiBX13-4Lqz5hLZvGpJzcLcyq18RVrG-fyKQyq7AdlUgSyD160oAoytvCUFfZzKWUuo3bpE3krRjxPusDL_QWLUd3__bmd4pa33feWZMR6p_sFbX_si_u6oLDHwGw9mdABGuzfqkM1gDF_JL9gSzfDybA2eSGA-91GsEDvrMZbIESfxMsCzvnM74lPVw1UmWMp-UckIguUQ"},"recoveryId":"https://managedhsmname.managedhsm.azure.net/deletedkeys/livekvtestkey6e9110db0","scheduledPurgeDate":1626217689}'
    headers:
      cache-control: no-cache
      content-length: '873'
      content-security-policy: default-src 'self'
      content-type: application/json; charset=utf-8
      strict-transport-security: max-age=31536000; includeSubDomains
      x-content-type-options: nosniff
      x-frame-options: SAMEORIGIN
      x-ms-keyvault-network-info: conn_type=Ipv4;addr=172.92.159.124;act_addr_fam=Ipv4;
      x-ms-keyvault-region: eastus2
      x-ms-server-latency: '203'
    status:
      code: 200
      message: OK
    url: https://mcpatinotesthsm.managedhsm.azure.net/keys/livekvtestkey6e9110db0?api-version=7.3-preview
- request:
    body: null
    headers:
      Accept:
      - application/json
      User-Agent:
      - azsdk-python-keyvault-keys/4.5.0b1 Python/3.5.3 (Windows-10-10.0.19041-SP0)
    method: GET
    uri: https://managedhsmname.managedhsm.azure.net/deletedkeys/livekvtestkey6e9110db0?api-version=7.3-preview
  response:
    body:
      string: '{"attributes":{"created":1618441687,"enabled":true,"exportable":false,"recoverableDays":90,"recoveryLevel":"Recoverable+Purgeable","updated":1618441687},"deletedDate":1618441689,"key":{"e":"AQAB","key_ops":["verify","sign","unwrapKey","encrypt","decrypt","wrapKey"],"kid":"https://managedhsmname.managedhsm.azure.net/keys/livekvtestkey6e9110db0/f87dd73cc4674de23f398c2dce3d4401","kty":"RSA-HSM","n":"um04ZgRpUk2BfKvG32eB70ejjBSZ0qnH-R4xVEq6jlLNerQDjctPDFKRs1MwX__6BDXp2PDlcrRgp5aPTAJDkQkXmYhoLMKxogupk40KameBRDFk9CvQOJ7oeQLKfmr18VaX1ldmF6nLiBX13-4Lqz5hLZvGpJzcLcyq18RVrG-fyKQyq7AdlUgSyD160oAoytvCUFfZzKWUuo3bpE3krRjxPusDL_QWLUd3__bmd4pa33feWZMR6p_sFbX_si_u6oLDHwGw9mdABGuzfqkM1gDF_JL9gSzfDybA2eSGA-91GsEDvrMZbIESfxMsCzvnM74lPVw1UmWMp-UckIguUQ"},"recoveryId":"https://managedhsmname.managedhsm.azure.net/deletedkeys/livekvtestkey6e9110db0","scheduledPurgeDate":1626217689}'
    headers:
      cache-control: no-cache
      content-length: '873'
      content-security-policy: default-src 'self'
      content-type: application/json; charset=utf-8
      strict-transport-security: max-age=31536000; includeSubDomains
      x-content-type-options: nosniff
      x-frame-options: SAMEORIGIN
      x-ms-build-version: 1.0.20210407-3-27236ed1-develop
      x-ms-keyvault-network-info: conn_type=Ipv4;addr=172.92.159.124;act_addr_fam=Ipv4;
      x-ms-keyvault-region: eastus2
      x-ms-server-latency: '27'
    status:
      code: 200
      message: OK
    url: https://mcpatinotesthsm.managedhsm.azure.net/deletedkeys/livekvtestkey6e9110db0?api-version=7.3-preview
- request:
    body: null
    headers:
      Accept:
      - application/json
      User-Agent:
      - azsdk-python-keyvault-keys/4.5.0b1 Python/3.5.3 (Windows-10-10.0.19041-SP0)
    method: DELETE
    uri: https://managedhsmname.managedhsm.azure.net/keys/livekvtestkey0e9110db0?api-version=7.3-preview
  response:
    body:
      string: '{"attributes":{"created":1618441673,"enabled":true,"exportable":false,"recoverableDays":90,"recoveryLevel":"Recoverable+Purgeable","updated":1618441673},"deletedDate":1618441690,"key":{"e":"AQAB","key_ops":["wrapKey","encrypt","decrypt","unwrapKey","sign","verify"],"kid":"https://managedhsmname.managedhsm.azure.net/keys/livekvtestkey0e9110db0/71cb6be7064e06a40b5e09c5fb59ee3f","kty":"RSA-HSM","n":"k-OgF9vZC7KYmy0NYUBEVrR-4xl3Bu5hSJBum7HdGnst87sfROSrxYewAntv5CFvkBqjwoGBgVHrqjyRj64l0S3dLOcWUWqwdkWEr7E4lf8CKkCp4X4D2nY2zILrDuuCzt3VApLLaZj7-oCg87NFHKy1GMt82R2TVlr5-Uc4up0LxFQ3b_k1v8uvfVGnMtm341j4TroZyipjyW352PgOxcDhZDEuhHnMn9ryVk3OPV06zU1B1Q5NKTELvxeY_x_pVFvT7U990tZZwzkE3m6WQzwIMjQPN_1CiMuYKp7OoxwhWuRbjj1NtaOKf-bkkz6X4qrjtsXe0gL06v1zvKICYw"},"recoveryId":"https://managedhsmname.managedhsm.azure.net/deletedkeys/livekvtestkey0e9110db0","scheduledPurgeDate":1626217690}'
    headers:
      cache-control: no-cache
      content-length: '873'
      content-security-policy: default-src 'self'
      content-type: application/json; charset=utf-8
      strict-transport-security: max-age=31536000; includeSubDomains
      x-content-type-options: nosniff
      x-frame-options: SAMEORIGIN
      x-ms-keyvault-network-info: conn_type=Ipv4;addr=172.92.159.124;act_addr_fam=Ipv4;
      x-ms-keyvault-region: eastus2
      x-ms-server-latency: '200'
    status:
      code: 200
      message: OK
    url: https://mcpatinotesthsm.managedhsm.azure.net/keys/livekvtestkey0e9110db0?api-version=7.3-preview
- request:
    body: null
    headers:
      Accept:
      - application/json
      User-Agent:
      - azsdk-python-keyvault-keys/4.5.0b1 Python/3.5.3 (Windows-10-10.0.19041-SP0)
    method: GET
    uri: https://managedhsmname.managedhsm.azure.net/deletedkeys/livekvtestkey0e9110db0?api-version=7.3-preview
  response:
    body:
      string: '{"attributes":{"created":1618441673,"enabled":true,"exportable":false,"recoverableDays":90,"recoveryLevel":"Recoverable+Purgeable","updated":1618441673},"deletedDate":1618441690,"key":{"e":"AQAB","key_ops":["verify","sign","unwrapKey","encrypt","decrypt","wrapKey"],"kid":"https://managedhsmname.managedhsm.azure.net/keys/livekvtestkey0e9110db0/71cb6be7064e06a40b5e09c5fb59ee3f","kty":"RSA-HSM","n":"k-OgF9vZC7KYmy0NYUBEVrR-4xl3Bu5hSJBum7HdGnst87sfROSrxYewAntv5CFvkBqjwoGBgVHrqjyRj64l0S3dLOcWUWqwdkWEr7E4lf8CKkCp4X4D2nY2zILrDuuCzt3VApLLaZj7-oCg87NFHKy1GMt82R2TVlr5-Uc4up0LxFQ3b_k1v8uvfVGnMtm341j4TroZyipjyW352PgOxcDhZDEuhHnMn9ryVk3OPV06zU1B1Q5NKTELvxeY_x_pVFvT7U990tZZwzkE3m6WQzwIMjQPN_1CiMuYKp7OoxwhWuRbjj1NtaOKf-bkkz6X4qrjtsXe0gL06v1zvKICYw"},"recoveryId":"https://managedhsmname.managedhsm.azure.net/deletedkeys/livekvtestkey0e9110db0","scheduledPurgeDate":1626217690}'
    headers:
      cache-control: no-cache
      content-length: '873'
      content-security-policy: default-src 'self'
      content-type: application/json; charset=utf-8
      strict-transport-security: max-age=31536000; includeSubDomains
      x-content-type-options: nosniff
      x-frame-options: SAMEORIGIN
      x-ms-build-version: 1.0.20210407-3-27236ed1-develop
      x-ms-keyvault-network-info: conn_type=Ipv4;addr=172.92.159.124;act_addr_fam=Ipv4;
      x-ms-keyvault-region: eastus2
      x-ms-server-latency: '26'
    status:
      code: 200
      message: OK
    url: https://mcpatinotesthsm.managedhsm.azure.net/deletedkeys/livekvtestkey0e9110db0?api-version=7.3-preview
- request:
    body: null
    headers:
      Accept:
      - application/json
      User-Agent:
      - azsdk-python-keyvault-keys/4.5.0b1 Python/3.5.3 (Windows-10-10.0.19041-SP0)
    method: DELETE
    uri: https://managedhsmname.managedhsm.azure.net/keys/livekvtestkey1e9110db0?api-version=7.3-preview
  response:
    body:
      string: '{"attributes":{"created":1618441676,"enabled":true,"exportable":false,"recoverableDays":90,"recoveryLevel":"Recoverable+Purgeable","updated":1618441676},"deletedDate":1618441690,"key":{"e":"AQAB","key_ops":["wrapKey","encrypt","decrypt","unwrapKey","sign","verify"],"kid":"https://managedhsmname.managedhsm.azure.net/keys/livekvtestkey1e9110db0/f00f9c9827c946131dccaff4705e7582","kty":"RSA-HSM","n":"4gr8BZUqP9O0Ht4BsWJpAQ-l5cD5XNMLTl3tol7fP1GNEZ1OLONc2I8D-eR5F3uIlVtHdeo2t0frJBjs893nnsDWms1Gxb9IQuZDBYsA9mhq1qpYyjijrU64c872C4PGn4y-rlHsOehA7C5zaPU3DqglliNgFqqdwSwdkaIRRPctbb9P2wa1cuNlQUkAcM_stmyosLYoVOXoWsCPUa15P9g2CLsKiZSedH_F6lBuA8oiYVb_yJiyrSYgRVVwMJB6uq9sw9khm-cohDHovE4tJsrMzP-OxoHLwmQr4259SDcgOLS6Cj9pJgD8FHhwyTA6u89E-OxUYqu6xtSQ24kumw"},"recoveryId":"https://managedhsmname.managedhsm.azure.net/deletedkeys/livekvtestkey1e9110db0","scheduledPurgeDate":1626217690}'
    headers:
      cache-control: no-cache
      content-length: '873'
      content-security-policy: default-src 'self'
      content-type: application/json; charset=utf-8
      strict-transport-security: max-age=31536000; includeSubDomains
      x-content-type-options: nosniff
      x-frame-options: SAMEORIGIN
      x-ms-keyvault-network-info: conn_type=Ipv4;addr=172.92.159.124;act_addr_fam=Ipv4;
      x-ms-keyvault-region: eastus2
      x-ms-server-latency: '184'
    status:
      code: 200
      message: OK
    url: https://mcpatinotesthsm.managedhsm.azure.net/keys/livekvtestkey1e9110db0?api-version=7.3-preview
- request:
    body: null
    headers:
      Accept:
      - application/json
      User-Agent:
      - azsdk-python-keyvault-keys/4.5.0b1 Python/3.5.3 (Windows-10-10.0.19041-SP0)
    method: GET
    uri: https://managedhsmname.managedhsm.azure.net/deletedkeys/livekvtestkey1e9110db0?api-version=7.3-preview
  response:
    body:
      string: '{"attributes":{"created":1618441676,"enabled":true,"exportable":false,"recoverableDays":90,"recoveryLevel":"Recoverable+Purgeable","updated":1618441676},"deletedDate":1618441690,"key":{"e":"AQAB","key_ops":["verify","sign","unwrapKey","encrypt","decrypt","wrapKey"],"kid":"https://managedhsmname.managedhsm.azure.net/keys/livekvtestkey1e9110db0/f00f9c9827c946131dccaff4705e7582","kty":"RSA-HSM","n":"4gr8BZUqP9O0Ht4BsWJpAQ-l5cD5XNMLTl3tol7fP1GNEZ1OLONc2I8D-eR5F3uIlVtHdeo2t0frJBjs893nnsDWms1Gxb9IQuZDBYsA9mhq1qpYyjijrU64c872C4PGn4y-rlHsOehA7C5zaPU3DqglliNgFqqdwSwdkaIRRPctbb9P2wa1cuNlQUkAcM_stmyosLYoVOXoWsCPUa15P9g2CLsKiZSedH_F6lBuA8oiYVb_yJiyrSYgRVVwMJB6uq9sw9khm-cohDHovE4tJsrMzP-OxoHLwmQr4259SDcgOLS6Cj9pJgD8FHhwyTA6u89E-OxUYqu6xtSQ24kumw"},"recoveryId":"https://managedhsmname.managedhsm.azure.net/deletedkeys/livekvtestkey1e9110db0","scheduledPurgeDate":1626217690}'
    headers:
      cache-control: no-cache
      content-length: '873'
      content-security-policy: default-src 'self'
      content-type: application/json; charset=utf-8
      strict-transport-security: max-age=31536000; includeSubDomains
      x-content-type-options: nosniff
      x-frame-options: SAMEORIGIN
      x-ms-build-version: 1.0.20210407-3-27236ed1-develop
      x-ms-keyvault-network-info: conn_type=Ipv4;addr=172.92.159.124;act_addr_fam=Ipv4;
      x-ms-keyvault-region: eastus2
      x-ms-server-latency: '33'
    status:
      code: 200
      message: OK
    url: https://mcpatinotesthsm.managedhsm.azure.net/deletedkeys/livekvtestkey1e9110db0?api-version=7.3-preview
- request:
    body: null
    headers:
      Accept:
      - application/json
      User-Agent:
      - azsdk-python-keyvault-keys/4.5.0b1 Python/3.5.3 (Windows-10-10.0.19041-SP0)
    method: DELETE
    uri: https://managedhsmname.managedhsm.azure.net/keys/livekvtestkey4e9110db0?api-version=7.3-preview
  response:
    body:
      string: '{"attributes":{"created":1618441683,"enabled":true,"exportable":false,"recoverableDays":90,"recoveryLevel":"Recoverable+Purgeable","updated":1618441683},"deletedDate":1618441690,"key":{"e":"AQAB","key_ops":["wrapKey","encrypt","decrypt","unwrapKey","sign","verify"],"kid":"https://managedhsmname.managedhsm.azure.net/keys/livekvtestkey4e9110db0/cee79c99e3714bd83b93cfb1f9e5dbe9","kty":"RSA-HSM","n":"orU6dzHs8IWZ-b7FmN-M6Bx0rNogucDJOFuOhjT0_fk9JoPP_4tw2pFK1o7m-s90tguqlkgB_qI2AYmHhc9W76oak4zx5uh3uRHa-edJN-gSU0xAi1fQiabGYjL4G4NG0mS-W3rkeKh5Jo4Xct1_9Gx9y64J7npPmAL3oqw4eJJuNiqSYC_u5YjITzl4qNP0c8MBncgoWX-UK2xcYOhQp-sV-RP6EjPunWtPwzR8BXfOSgdHhvteneY9ZbXnJgjYJMpiAxhgphMDDvl-drR45TRwHeEd4oNbxqlpS9n_aus5KxH4CXwiDuocnKC5ofYBLWJQ2ROBPXpxWZVX4QCMFw"},"recoveryId":"https://managedhsmname.managedhsm.azure.net/deletedkeys/livekvtestkey4e9110db0","scheduledPurgeDate":1626217690}'
    headers:
      cache-control: no-cache
      content-length: '873'
      content-security-policy: default-src 'self'
      content-type: application/json; charset=utf-8
      strict-transport-security: max-age=31536000; includeSubDomains
      x-content-type-options: nosniff
      x-frame-options: SAMEORIGIN
      x-ms-keyvault-network-info: conn_type=Ipv4;addr=172.92.159.124;act_addr_fam=Ipv4;
      x-ms-keyvault-region: eastus2
      x-ms-server-latency: '268'
    status:
      code: 200
      message: OK
    url: https://mcpatinotesthsm.managedhsm.azure.net/keys/livekvtestkey4e9110db0?api-version=7.3-preview
- request:
    body: null
    headers:
      Accept:
      - application/json
      User-Agent:
      - azsdk-python-keyvault-keys/4.5.0b1 Python/3.5.3 (Windows-10-10.0.19041-SP0)
    method: GET
    uri: https://managedhsmname.managedhsm.azure.net/deletedkeys/livekvtestkey4e9110db0?api-version=7.3-preview
  response:
    body:
      string: '{"attributes":{"created":1618441683,"enabled":true,"exportable":false,"recoverableDays":90,"recoveryLevel":"Recoverable+Purgeable","updated":1618441683},"deletedDate":1618441690,"key":{"e":"AQAB","key_ops":["verify","sign","unwrapKey","encrypt","decrypt","wrapKey"],"kid":"https://managedhsmname.managedhsm.azure.net/keys/livekvtestkey4e9110db0/cee79c99e3714bd83b93cfb1f9e5dbe9","kty":"RSA-HSM","n":"orU6dzHs8IWZ-b7FmN-M6Bx0rNogucDJOFuOhjT0_fk9JoPP_4tw2pFK1o7m-s90tguqlkgB_qI2AYmHhc9W76oak4zx5uh3uRHa-edJN-gSU0xAi1fQiabGYjL4G4NG0mS-W3rkeKh5Jo4Xct1_9Gx9y64J7npPmAL3oqw4eJJuNiqSYC_u5YjITzl4qNP0c8MBncgoWX-UK2xcYOhQp-sV-RP6EjPunWtPwzR8BXfOSgdHhvteneY9ZbXnJgjYJMpiAxhgphMDDvl-drR45TRwHeEd4oNbxqlpS9n_aus5KxH4CXwiDuocnKC5ofYBLWJQ2ROBPXpxWZVX4QCMFw"},"recoveryId":"https://managedhsmname.managedhsm.azure.net/deletedkeys/livekvtestkey4e9110db0","scheduledPurgeDate":1626217690}'
    headers:
      cache-control: no-cache
      content-length: '873'
      content-security-policy: default-src 'self'
      content-type: application/json; charset=utf-8
      strict-transport-security: max-age=31536000; includeSubDomains
      x-content-type-options: nosniff
      x-frame-options: SAMEORIGIN
      x-ms-build-version: 1.0.20210407-3-27236ed1-develop
      x-ms-keyvault-network-info: conn_type=Ipv4;addr=172.92.159.124;act_addr_fam=Ipv4;
      x-ms-keyvault-region: eastus2
      x-ms-server-latency: '31'
    status:
      code: 200
      message: OK
    url: https://mcpatinotesthsm.managedhsm.azure.net/deletedkeys/livekvtestkey4e9110db0?api-version=7.3-preview
- request:
    body: null
    headers:
      Accept:
      - application/json
      User-Agent:
      - azsdk-python-keyvault-keys/4.5.0b1 Python/3.5.3 (Windows-10-10.0.19041-SP0)
    method: POST
    uri: https://managedhsmname.managedhsm.azure.net/deletedkeys/livekvtestkey5e9110db0/recover?api-version=7.3-preview
  response:
    body:
      string: '{"attributes":{"created":1618441685,"enabled":true,"exportable":false,"recoverableDays":90,"recoveryLevel":"Recoverable+Purgeable","updated":1618441685},"key":{"e":"AQAB","key_ops":["verify","sign","unwrapKey","decrypt","encrypt","wrapKey"],"kid":"https://managedhsmname.managedhsm.azure.net/keys/livekvtestkey5e9110db0/ace39b4ae17a45deb4ad911aaec5eb89","kty":"RSA-HSM","n":"mlUrkkl6ldd55o3RnXA1aHDFBdBEW_HsFEVSbB_MjF2wD_nrqQ8K6UnEPZsuJO8DfbgguyqxeG6c3F_M0UQmbbkbfCd0Z2O1ya7vQni2TlAgAcX8TN8YgRM7lBXVoCijvPk4EFCY4rQwnPK2FJrak5-Hb1Wixkz4VwZmoh4OpR_GaJPXyBd5fhAh44tZSzoGl5UPB5zWQwhpZVc_5gFim0ZXxyQ-NQIMgYUQOrg5gErcGP9G0E6PYekYRgaCT-W5cnja-F3ImNAS076uJ2ez2pFTDpMj3fOjmLcauzRHCWKlvS0zedOZX9y82hwqczuUl4cVsNI1rYw1Lm2i1J8dQQ"}}'
    headers:
      cache-control: no-cache
      content-length: '721'
      content-security-policy: default-src 'self'
      content-type: application/json; charset=utf-8
      strict-transport-security: max-age=31536000; includeSubDomains
      x-content-type-options: nosniff
      x-frame-options: SAMEORIGIN
      x-ms-keyvault-network-info: conn_type=Ipv4;addr=172.92.159.124;act_addr_fam=Ipv4;
      x-ms-keyvault-region: eastus2
      x-ms-server-latency: '112'
    status:
      code: 200
      message: OK
    url: https://mcpatinotesthsm.managedhsm.azure.net/deletedkeys/livekvtestkey5e9110db0/recover?api-version=7.3-preview
- request:
    body: null
    headers:
      Accept:
      - application/json
      User-Agent:
      - azsdk-python-keyvault-keys/4.5.0b1 Python/3.5.3 (Windows-10-10.0.19041-SP0)
    method: GET
    uri: https://managedhsmname.managedhsm.azure.net/keys/livekvtestkey5e9110db0/?api-version=7.3-preview
  response:
    body:
      string: '{"attributes":{"created":1618441685,"enabled":true,"exportable":false,"recoverableDays":90,"recoveryLevel":"Recoverable+Purgeable","updated":1618441685},"key":{"e":"AQAB","key_ops":["verify","sign","unwrapKey","decrypt","encrypt","wrapKey"],"kid":"https://managedhsmname.managedhsm.azure.net/keys/livekvtestkey5e9110db0/ace39b4ae17a45deb4ad911aaec5eb89","kty":"RSA-HSM","n":"mlUrkkl6ldd55o3RnXA1aHDFBdBEW_HsFEVSbB_MjF2wD_nrqQ8K6UnEPZsuJO8DfbgguyqxeG6c3F_M0UQmbbkbfCd0Z2O1ya7vQni2TlAgAcX8TN8YgRM7lBXVoCijvPk4EFCY4rQwnPK2FJrak5-Hb1Wixkz4VwZmoh4OpR_GaJPXyBd5fhAh44tZSzoGl5UPB5zWQwhpZVc_5gFim0ZXxyQ-NQIMgYUQOrg5gErcGP9G0E6PYekYRgaCT-W5cnja-F3ImNAS076uJ2ez2pFTDpMj3fOjmLcauzRHCWKlvS0zedOZX9y82hwqczuUl4cVsNI1rYw1Lm2i1J8dQQ"}}'
    headers:
      cache-control: no-cache
      content-length: '721'
      content-security-policy: default-src 'self'
      content-type: application/json; charset=utf-8
      strict-transport-security: max-age=31536000; includeSubDomains
      x-content-type-options: nosniff
      x-frame-options: SAMEORIGIN
      x-ms-build-version: 1.0.20210407-3-27236ed1-develop
      x-ms-keyvault-network-info: conn_type=Ipv4;addr=172.92.159.124;act_addr_fam=Ipv4;
      x-ms-keyvault-region: eastus2
      x-ms-server-latency: '0'
    status:
      code: 200
      message: OK
    url: https://mcpatinotesthsm.managedhsm.azure.net/keys/livekvtestkey5e9110db0/?api-version=7.3-preview
- request:
    body: null
    headers:
      Accept:
      - application/json
      User-Agent:
      - azsdk-python-keyvault-keys/4.5.0b1 Python/3.5.3 (Windows-10-10.0.19041-SP0)
    method: POST
    uri: https://managedhsmname.managedhsm.azure.net/deletedkeys/livekvtestkey2e9110db0/recover?api-version=7.3-preview
  response:
    body:
      string: '{"attributes":{"created":1618441678,"enabled":true,"exportable":false,"recoverableDays":90,"recoveryLevel":"Recoverable+Purgeable","updated":1618441678},"key":{"e":"AQAB","key_ops":["verify","sign","unwrapKey","decrypt","encrypt","wrapKey"],"kid":"https://managedhsmname.managedhsm.azure.net/keys/livekvtestkey2e9110db0/52d4815bc0cb4a61b125b188919bf031","kty":"RSA-HSM","n":"inQRX7A38M5yZGJ36-pj3NzH6Z6xQCNUJXkL1EPTnN-XYB7vQ5xMczNLkenZLbVlZjplV50Ucjs3eEzLmr4uYo3Lg6bGFhuI7z7wOW54l-EqDbTNg3MsBC4b45vy7N2Yp5hq8_ONfXkCi0AazrPys--GTbCf3BW6LLDZ_dzL7RdH0qvfLBYKpuFzZdsmC8YhEV4bjpddhFFH1wCNOHiMabY-JbxY-rwO4tljk2KEcDkmNC_UnoAMAn4aVpZrUuYpgNBSNGucdTOevTNZU_UVPzQvcskgXudkt-8X0mZQAHdyAXNQIZ25wnLDm0hjGTsXS99vfMzZSAaOjcBYwsHtcw"}}'
    headers:
      cache-control: no-cache
      content-length: '721'
      content-security-policy: default-src 'self'
      content-type: application/json; charset=utf-8
      strict-transport-security: max-age=31536000; includeSubDomains
      x-content-type-options: nosniff
      x-frame-options: SAMEORIGIN
      x-ms-keyvault-network-info: conn_type=Ipv4;addr=172.92.159.124;act_addr_fam=Ipv4;
      x-ms-keyvault-region: eastus2
      x-ms-server-latency: '126'
    status:
      code: 200
      message: OK
    url: https://mcpatinotesthsm.managedhsm.azure.net/deletedkeys/livekvtestkey2e9110db0/recover?api-version=7.3-preview
- request:
    body: null
    headers:
      Accept:
      - application/json
      User-Agent:
      - azsdk-python-keyvault-keys/4.5.0b1 Python/3.5.3 (Windows-10-10.0.19041-SP0)
    method: GET
    uri: https://managedhsmname.managedhsm.azure.net/keys/livekvtestkey2e9110db0/?api-version=7.3-preview
  response:
    body:
      string: '{"attributes":{"created":1618441678,"enabled":true,"exportable":false,"recoverableDays":90,"recoveryLevel":"Recoverable+Purgeable","updated":1618441678},"key":{"e":"AQAB","key_ops":["verify","sign","unwrapKey","decrypt","encrypt","wrapKey"],"kid":"https://managedhsmname.managedhsm.azure.net/keys/livekvtestkey2e9110db0/52d4815bc0cb4a61b125b188919bf031","kty":"RSA-HSM","n":"inQRX7A38M5yZGJ36-pj3NzH6Z6xQCNUJXkL1EPTnN-XYB7vQ5xMczNLkenZLbVlZjplV50Ucjs3eEzLmr4uYo3Lg6bGFhuI7z7wOW54l-EqDbTNg3MsBC4b45vy7N2Yp5hq8_ONfXkCi0AazrPys--GTbCf3BW6LLDZ_dzL7RdH0qvfLBYKpuFzZdsmC8YhEV4bjpddhFFH1wCNOHiMabY-JbxY-rwO4tljk2KEcDkmNC_UnoAMAn4aVpZrUuYpgNBSNGucdTOevTNZU_UVPzQvcskgXudkt-8X0mZQAHdyAXNQIZ25wnLDm0hjGTsXS99vfMzZSAaOjcBYwsHtcw"}}'
    headers:
      cache-control: no-cache
      content-length: '721'
      content-security-policy: default-src 'self'
      content-type: application/json; charset=utf-8
      strict-transport-security: max-age=31536000; includeSubDomains
      x-content-type-options: nosniff
      x-frame-options: SAMEORIGIN
      x-ms-build-version: 1.0.20210407-3-27236ed1-develop
      x-ms-keyvault-network-info: conn_type=Ipv4;addr=172.92.159.124;act_addr_fam=Ipv4;
      x-ms-keyvault-region: eastus2
      x-ms-server-latency: '0'
    status:
      code: 200
      message: OK
    url: https://mcpatinotesthsm.managedhsm.azure.net/keys/livekvtestkey2e9110db0/?api-version=7.3-preview
- request:
    body: null
    headers:
      Accept:
      - application/json
      User-Agent:
      - azsdk-python-keyvault-keys/4.5.0b1 Python/3.5.3 (Windows-10-10.0.19041-SP0)
    method: POST
    uri: https://managedhsmname.managedhsm.azure.net/deletedkeys/livekvtestkey3e9110db0/recover?api-version=7.3-preview
  response:
    body:
      string: '{"attributes":{"created":1618441680,"enabled":true,"exportable":false,"recoverableDays":90,"recoveryLevel":"Recoverable+Purgeable","updated":1618441680},"key":{"e":"AQAB","key_ops":["verify","sign","unwrapKey","decrypt","encrypt","wrapKey"],"kid":"https://managedhsmname.managedhsm.azure.net/keys/livekvtestkey3e9110db0/343dc2195adf039d3ae5c901afbf2164","kty":"RSA-HSM","n":"6vQ0bjqCbVQgO30aUOQ05ORGiXv4Jos-Y1DrhVjUjHPBT2L1Q4dzEgaOwO7JvsyGmC-OAtiOpEWjejEC7S5fXKpZutlz0poNppo59KtBWEVbEHqyS9qkws15R3HBTCMqRX5jQTLfANWW4wlzrgBvHDyTCRSr1CWOZARyGhzqhRabLNV_dsIunSWPNapBi0AHrrtFko0nyfu0SChljlq8mVVZBrcMrMHpqtW7eJSyvAvcscz3S4pqMqqJJtBUHVDlGGkjksfLRVmsjkHrQ4BDB9FJ_bhB7JGlipgc4Ldyb-sFM-XDPKQlgacQNUGvtGpMPefSny5sYd-CZv7p5QaOLQ"}}'
    headers:
      cache-control: no-cache
      content-length: '721'
      content-security-policy: default-src 'self'
      content-type: application/json; charset=utf-8
      strict-transport-security: max-age=31536000; includeSubDomains
      x-content-type-options: nosniff
      x-frame-options: SAMEORIGIN
      x-ms-keyvault-network-info: conn_type=Ipv4;addr=172.92.159.124;act_addr_fam=Ipv4;
      x-ms-keyvault-region: eastus2
      x-ms-server-latency: '125'
    status:
      code: 200
      message: OK
    url: https://mcpatinotesthsm.managedhsm.azure.net/deletedkeys/livekvtestkey3e9110db0/recover?api-version=7.3-preview
- request:
    body: null
    headers:
      Accept:
      - application/json
      User-Agent:
      - azsdk-python-keyvault-keys/4.5.0b1 Python/3.5.3 (Windows-10-10.0.19041-SP0)
    method: GET
    uri: https://managedhsmname.managedhsm.azure.net/keys/livekvtestkey3e9110db0/?api-version=7.3-preview
  response:
    body:
      string: '{"attributes":{"created":1618441680,"enabled":true,"exportable":false,"recoverableDays":90,"recoveryLevel":"Recoverable+Purgeable","updated":1618441680},"key":{"e":"AQAB","key_ops":["verify","sign","unwrapKey","decrypt","encrypt","wrapKey"],"kid":"https://managedhsmname.managedhsm.azure.net/keys/livekvtestkey3e9110db0/343dc2195adf039d3ae5c901afbf2164","kty":"RSA-HSM","n":"6vQ0bjqCbVQgO30aUOQ05ORGiXv4Jos-Y1DrhVjUjHPBT2L1Q4dzEgaOwO7JvsyGmC-OAtiOpEWjejEC7S5fXKpZutlz0poNppo59KtBWEVbEHqyS9qkws15R3HBTCMqRX5jQTLfANWW4wlzrgBvHDyTCRSr1CWOZARyGhzqhRabLNV_dsIunSWPNapBi0AHrrtFko0nyfu0SChljlq8mVVZBrcMrMHpqtW7eJSyvAvcscz3S4pqMqqJJtBUHVDlGGkjksfLRVmsjkHrQ4BDB9FJ_bhB7JGlipgc4Ldyb-sFM-XDPKQlgacQNUGvtGpMPefSny5sYd-CZv7p5QaOLQ"}}'
    headers:
      cache-control: no-cache
      content-length: '721'
      content-security-policy: default-src 'self'
      content-type: application/json; charset=utf-8
      strict-transport-security: max-age=31536000; includeSubDomains
      x-content-type-options: nosniff
      x-frame-options: SAMEORIGIN
      x-ms-build-version: 1.0.20210407-3-27236ed1-develop
      x-ms-keyvault-network-info: conn_type=Ipv4;addr=172.92.159.124;act_addr_fam=Ipv4;
      x-ms-keyvault-region: eastus2
      x-ms-server-latency: '1'
    status:
      code: 200
      message: OK
    url: https://mcpatinotesthsm.managedhsm.azure.net/keys/livekvtestkey3e9110db0/?api-version=7.3-preview
- request:
    body: null
    headers:
      Accept:
      - application/json
      User-Agent:
      - azsdk-python-keyvault-keys/4.5.0b1 Python/3.5.3 (Windows-10-10.0.19041-SP0)
    method: POST
    uri: https://managedhsmname.managedhsm.azure.net/deletedkeys/livekvtestkey6e9110db0/recover?api-version=7.3-preview
  response:
    body:
      string: '{"attributes":{"created":1618441687,"enabled":true,"exportable":false,"recoverableDays":90,"recoveryLevel":"Recoverable+Purgeable","updated":1618441687},"key":{"e":"AQAB","key_ops":["verify","sign","unwrapKey","decrypt","encrypt","wrapKey"],"kid":"https://managedhsmname.managedhsm.azure.net/keys/livekvtestkey6e9110db0/f87dd73cc4674de23f398c2dce3d4401","kty":"RSA-HSM","n":"um04ZgRpUk2BfKvG32eB70ejjBSZ0qnH-R4xVEq6jlLNerQDjctPDFKRs1MwX__6BDXp2PDlcrRgp5aPTAJDkQkXmYhoLMKxogupk40KameBRDFk9CvQOJ7oeQLKfmr18VaX1ldmF6nLiBX13-4Lqz5hLZvGpJzcLcyq18RVrG-fyKQyq7AdlUgSyD160oAoytvCUFfZzKWUuo3bpE3krRjxPusDL_QWLUd3__bmd4pa33feWZMR6p_sFbX_si_u6oLDHwGw9mdABGuzfqkM1gDF_JL9gSzfDybA2eSGA-91GsEDvrMZbIESfxMsCzvnM74lPVw1UmWMp-UckIguUQ"}}'
    headers:
      cache-control: no-cache
      content-length: '721'
      content-security-policy: default-src 'self'
      content-type: application/json; charset=utf-8
      strict-transport-security: max-age=31536000; includeSubDomains
      x-content-type-options: nosniff
      x-frame-options: SAMEORIGIN
      x-ms-keyvault-network-info: conn_type=Ipv4;addr=172.92.159.124;act_addr_fam=Ipv4;
      x-ms-keyvault-region: eastus2
      x-ms-server-latency: '119'
    status:
      code: 200
      message: OK
    url: https://mcpatinotesthsm.managedhsm.azure.net/deletedkeys/livekvtestkey6e9110db0/recover?api-version=7.3-preview
- request:
    body: null
    headers:
      Accept:
      - application/json
      User-Agent:
      - azsdk-python-keyvault-keys/4.5.0b1 Python/3.5.3 (Windows-10-10.0.19041-SP0)
    method: GET
    uri: https://managedhsmname.managedhsm.azure.net/keys/livekvtestkey6e9110db0/?api-version=7.3-preview
  response:
    body:
      string: '{"attributes":{"created":1618441687,"enabled":true,"exportable":false,"recoverableDays":90,"recoveryLevel":"Recoverable+Purgeable","updated":1618441687},"key":{"e":"AQAB","key_ops":["verify","sign","unwrapKey","decrypt","encrypt","wrapKey"],"kid":"https://managedhsmname.managedhsm.azure.net/keys/livekvtestkey6e9110db0/f87dd73cc4674de23f398c2dce3d4401","kty":"RSA-HSM","n":"um04ZgRpUk2BfKvG32eB70ejjBSZ0qnH-R4xVEq6jlLNerQDjctPDFKRs1MwX__6BDXp2PDlcrRgp5aPTAJDkQkXmYhoLMKxogupk40KameBRDFk9CvQOJ7oeQLKfmr18VaX1ldmF6nLiBX13-4Lqz5hLZvGpJzcLcyq18RVrG-fyKQyq7AdlUgSyD160oAoytvCUFfZzKWUuo3bpE3krRjxPusDL_QWLUd3__bmd4pa33feWZMR6p_sFbX_si_u6oLDHwGw9mdABGuzfqkM1gDF_JL9gSzfDybA2eSGA-91GsEDvrMZbIESfxMsCzvnM74lPVw1UmWMp-UckIguUQ"}}'
    headers:
      cache-control: no-cache
      content-length: '721'
      content-security-policy: default-src 'self'
      content-type: application/json; charset=utf-8
      strict-transport-security: max-age=31536000; includeSubDomains
      x-content-type-options: nosniff
      x-frame-options: SAMEORIGIN
      x-ms-build-version: 1.0.20210407-3-27236ed1-develop
      x-ms-keyvault-network-info: conn_type=Ipv4;addr=172.92.159.124;act_addr_fam=Ipv4;
      x-ms-keyvault-region: eastus2
      x-ms-server-latency: '0'
    status:
      code: 200
      message: OK
    url: https://mcpatinotesthsm.managedhsm.azure.net/keys/livekvtestkey6e9110db0/?api-version=7.3-preview
- request:
    body: null
    headers:
      Accept:
      - application/json
      User-Agent:
      - azsdk-python-keyvault-keys/4.5.0b1 Python/3.5.3 (Windows-10-10.0.19041-SP0)
    method: POST
    uri: https://managedhsmname.managedhsm.azure.net/deletedkeys/livekvtestkey0e9110db0/recover?api-version=7.3-preview
  response:
    body:
      string: '{"attributes":{"created":1618441673,"enabled":true,"exportable":false,"recoverableDays":90,"recoveryLevel":"Recoverable+Purgeable","updated":1618441673},"key":{"e":"AQAB","key_ops":["verify","sign","unwrapKey","decrypt","encrypt","wrapKey"],"kid":"https://managedhsmname.managedhsm.azure.net/keys/livekvtestkey0e9110db0/71cb6be7064e06a40b5e09c5fb59ee3f","kty":"RSA-HSM","n":"k-OgF9vZC7KYmy0NYUBEVrR-4xl3Bu5hSJBum7HdGnst87sfROSrxYewAntv5CFvkBqjwoGBgVHrqjyRj64l0S3dLOcWUWqwdkWEr7E4lf8CKkCp4X4D2nY2zILrDuuCzt3VApLLaZj7-oCg87NFHKy1GMt82R2TVlr5-Uc4up0LxFQ3b_k1v8uvfVGnMtm341j4TroZyipjyW352PgOxcDhZDEuhHnMn9ryVk3OPV06zU1B1Q5NKTELvxeY_x_pVFvT7U990tZZwzkE3m6WQzwIMjQPN_1CiMuYKp7OoxwhWuRbjj1NtaOKf-bkkz6X4qrjtsXe0gL06v1zvKICYw"}}'
    headers:
      cache-control: no-cache
      content-length: '721'
      content-security-policy: default-src 'self'
      content-type: application/json; charset=utf-8
      strict-transport-security: max-age=31536000; includeSubDomains
      x-content-type-options: nosniff
      x-frame-options: SAMEORIGIN
      x-ms-keyvault-network-info: conn_type=Ipv4;addr=172.92.159.124;act_addr_fam=Ipv4;
      x-ms-keyvault-region: eastus2
      x-ms-server-latency: '124'
    status:
      code: 200
      message: OK
    url: https://mcpatinotesthsm.managedhsm.azure.net/deletedkeys/livekvtestkey0e9110db0/recover?api-version=7.3-preview
- request:
    body: null
    headers:
      Accept:
      - application/json
      User-Agent:
      - azsdk-python-keyvault-keys/4.5.0b1 Python/3.5.3 (Windows-10-10.0.19041-SP0)
    method: GET
    uri: https://managedhsmname.managedhsm.azure.net/keys/livekvtestkey0e9110db0/?api-version=7.3-preview
  response:
    body:
      string: '{"attributes":{"created":1618441673,"enabled":true,"exportable":false,"recoverableDays":90,"recoveryLevel":"Recoverable+Purgeable","updated":1618441673},"key":{"e":"AQAB","key_ops":["verify","sign","unwrapKey","decrypt","encrypt","wrapKey"],"kid":"https://managedhsmname.managedhsm.azure.net/keys/livekvtestkey0e9110db0/71cb6be7064e06a40b5e09c5fb59ee3f","kty":"RSA-HSM","n":"k-OgF9vZC7KYmy0NYUBEVrR-4xl3Bu5hSJBum7HdGnst87sfROSrxYewAntv5CFvkBqjwoGBgVHrqjyRj64l0S3dLOcWUWqwdkWEr7E4lf8CKkCp4X4D2nY2zILrDuuCzt3VApLLaZj7-oCg87NFHKy1GMt82R2TVlr5-Uc4up0LxFQ3b_k1v8uvfVGnMtm341j4TroZyipjyW352PgOxcDhZDEuhHnMn9ryVk3OPV06zU1B1Q5NKTELvxeY_x_pVFvT7U990tZZwzkE3m6WQzwIMjQPN_1CiMuYKp7OoxwhWuRbjj1NtaOKf-bkkz6X4qrjtsXe0gL06v1zvKICYw"}}'
    headers:
      cache-control: no-cache
      content-length: '721'
      content-security-policy: default-src 'self'
      content-type: application/json; charset=utf-8
      strict-transport-security: max-age=31536000; includeSubDomains
      x-content-type-options: nosniff
      x-frame-options: SAMEORIGIN
      x-ms-build-version: 1.0.20210407-3-27236ed1-develop
      x-ms-keyvault-network-info: conn_type=Ipv4;addr=172.92.159.124;act_addr_fam=Ipv4;
      x-ms-keyvault-region: eastus2
      x-ms-server-latency: '0'
    status:
      code: 200
      message: OK
    url: https://mcpatinotesthsm.managedhsm.azure.net/keys/livekvtestkey0e9110db0/?api-version=7.3-preview
- request:
    body: null
    headers:
      Accept:
      - application/json
      User-Agent:
      - azsdk-python-keyvault-keys/4.5.0b1 Python/3.5.3 (Windows-10-10.0.19041-SP0)
    method: POST
    uri: https://managedhsmname.managedhsm.azure.net/deletedkeys/livekvtestkey1e9110db0/recover?api-version=7.3-preview
  response:
    body:
      string: '{"attributes":{"created":1618441676,"enabled":true,"exportable":false,"recoverableDays":90,"recoveryLevel":"Recoverable+Purgeable","updated":1618441676},"key":{"e":"AQAB","key_ops":["verify","sign","unwrapKey","decrypt","encrypt","wrapKey"],"kid":"https://managedhsmname.managedhsm.azure.net/keys/livekvtestkey1e9110db0/f00f9c9827c946131dccaff4705e7582","kty":"RSA-HSM","n":"4gr8BZUqP9O0Ht4BsWJpAQ-l5cD5XNMLTl3tol7fP1GNEZ1OLONc2I8D-eR5F3uIlVtHdeo2t0frJBjs893nnsDWms1Gxb9IQuZDBYsA9mhq1qpYyjijrU64c872C4PGn4y-rlHsOehA7C5zaPU3DqglliNgFqqdwSwdkaIRRPctbb9P2wa1cuNlQUkAcM_stmyosLYoVOXoWsCPUa15P9g2CLsKiZSedH_F6lBuA8oiYVb_yJiyrSYgRVVwMJB6uq9sw9khm-cohDHovE4tJsrMzP-OxoHLwmQr4259SDcgOLS6Cj9pJgD8FHhwyTA6u89E-OxUYqu6xtSQ24kumw"}}'
    headers:
      cache-control: no-cache
      content-length: '721'
      content-security-policy: default-src 'self'
      content-type: application/json; charset=utf-8
      strict-transport-security: max-age=31536000; includeSubDomains
      x-content-type-options: nosniff
      x-frame-options: SAMEORIGIN
      x-ms-keyvault-network-info: conn_type=Ipv4;addr=172.92.159.124;act_addr_fam=Ipv4;
      x-ms-keyvault-region: eastus2
      x-ms-server-latency: '122'
    status:
      code: 200
      message: OK
    url: https://mcpatinotesthsm.managedhsm.azure.net/deletedkeys/livekvtestkey1e9110db0/recover?api-version=7.3-preview
- request:
    body: null
    headers:
      Accept:
      - application/json
      User-Agent:
      - azsdk-python-keyvault-keys/4.5.0b1 Python/3.5.3 (Windows-10-10.0.19041-SP0)
    method: GET
    uri: https://managedhsmname.managedhsm.azure.net/keys/livekvtestkey1e9110db0/?api-version=7.3-preview
  response:
    body:
      string: '{"attributes":{"created":1618441676,"enabled":true,"exportable":false,"recoverableDays":90,"recoveryLevel":"Recoverable+Purgeable","updated":1618441676},"key":{"e":"AQAB","key_ops":["verify","sign","unwrapKey","decrypt","encrypt","wrapKey"],"kid":"https://managedhsmname.managedhsm.azure.net/keys/livekvtestkey1e9110db0/f00f9c9827c946131dccaff4705e7582","kty":"RSA-HSM","n":"4gr8BZUqP9O0Ht4BsWJpAQ-l5cD5XNMLTl3tol7fP1GNEZ1OLONc2I8D-eR5F3uIlVtHdeo2t0frJBjs893nnsDWms1Gxb9IQuZDBYsA9mhq1qpYyjijrU64c872C4PGn4y-rlHsOehA7C5zaPU3DqglliNgFqqdwSwdkaIRRPctbb9P2wa1cuNlQUkAcM_stmyosLYoVOXoWsCPUa15P9g2CLsKiZSedH_F6lBuA8oiYVb_yJiyrSYgRVVwMJB6uq9sw9khm-cohDHovE4tJsrMzP-OxoHLwmQr4259SDcgOLS6Cj9pJgD8FHhwyTA6u89E-OxUYqu6xtSQ24kumw"}}'
    headers:
      cache-control: no-cache
      content-length: '721'
      content-security-policy: default-src 'self'
      content-type: application/json; charset=utf-8
      strict-transport-security: max-age=31536000; includeSubDomains
      x-content-type-options: nosniff
      x-frame-options: SAMEORIGIN
      x-ms-build-version: 1.0.20210407-3-27236ed1-develop
      x-ms-keyvault-network-info: conn_type=Ipv4;addr=172.92.159.124;act_addr_fam=Ipv4;
      x-ms-keyvault-region: eastus2
      x-ms-server-latency: '1'
    status:
      code: 200
      message: OK
    url: https://mcpatinotesthsm.managedhsm.azure.net/keys/livekvtestkey1e9110db0/?api-version=7.3-preview
- request:
    body: null
    headers:
      Accept:
      - application/json
      User-Agent:
      - azsdk-python-keyvault-keys/4.5.0b1 Python/3.5.3 (Windows-10-10.0.19041-SP0)
    method: POST
    uri: https://managedhsmname.managedhsm.azure.net/deletedkeys/livekvtestkey4e9110db0/recover?api-version=7.3-preview
  response:
    body:
      string: '{"attributes":{"created":1618441683,"enabled":true,"exportable":false,"recoverableDays":90,"recoveryLevel":"Recoverable+Purgeable","updated":1618441683},"key":{"e":"AQAB","key_ops":["verify","sign","unwrapKey","decrypt","encrypt","wrapKey"],"kid":"https://managedhsmname.managedhsm.azure.net/keys/livekvtestkey4e9110db0/cee79c99e3714bd83b93cfb1f9e5dbe9","kty":"RSA-HSM","n":"orU6dzHs8IWZ-b7FmN-M6Bx0rNogucDJOFuOhjT0_fk9JoPP_4tw2pFK1o7m-s90tguqlkgB_qI2AYmHhc9W76oak4zx5uh3uRHa-edJN-gSU0xAi1fQiabGYjL4G4NG0mS-W3rkeKh5Jo4Xct1_9Gx9y64J7npPmAL3oqw4eJJuNiqSYC_u5YjITzl4qNP0c8MBncgoWX-UK2xcYOhQp-sV-RP6EjPunWtPwzR8BXfOSgdHhvteneY9ZbXnJgjYJMpiAxhgphMDDvl-drR45TRwHeEd4oNbxqlpS9n_aus5KxH4CXwiDuocnKC5ofYBLWJQ2ROBPXpxWZVX4QCMFw"}}'
    headers:
      cache-control: no-cache
      content-length: '721'
      content-security-policy: default-src 'self'
      content-type: application/json; charset=utf-8
      strict-transport-security: max-age=31536000; includeSubDomains
      x-content-type-options: nosniff
      x-frame-options: SAMEORIGIN
      x-ms-keyvault-network-info: conn_type=Ipv4;addr=172.92.159.124;act_addr_fam=Ipv4;
      x-ms-keyvault-region: eastus2
      x-ms-server-latency: '127'
    status:
      code: 200
      message: OK
    url: https://mcpatinotesthsm.managedhsm.azure.net/deletedkeys/livekvtestkey4e9110db0/recover?api-version=7.3-preview
- request:
    body: null
    headers:
      Accept:
      - application/json
      User-Agent:
      - azsdk-python-keyvault-keys/4.5.0b1 Python/3.5.3 (Windows-10-10.0.19041-SP0)
    method: GET
    uri: https://managedhsmname.managedhsm.azure.net/keys/livekvtestkey4e9110db0/?api-version=7.3-preview
  response:
    body:
      string: '{"attributes":{"created":1618441683,"enabled":true,"exportable":false,"recoverableDays":90,"recoveryLevel":"Recoverable+Purgeable","updated":1618441683},"key":{"e":"AQAB","key_ops":["verify","sign","unwrapKey","decrypt","encrypt","wrapKey"],"kid":"https://managedhsmname.managedhsm.azure.net/keys/livekvtestkey4e9110db0/cee79c99e3714bd83b93cfb1f9e5dbe9","kty":"RSA-HSM","n":"orU6dzHs8IWZ-b7FmN-M6Bx0rNogucDJOFuOhjT0_fk9JoPP_4tw2pFK1o7m-s90tguqlkgB_qI2AYmHhc9W76oak4zx5uh3uRHa-edJN-gSU0xAi1fQiabGYjL4G4NG0mS-W3rkeKh5Jo4Xct1_9Gx9y64J7npPmAL3oqw4eJJuNiqSYC_u5YjITzl4qNP0c8MBncgoWX-UK2xcYOhQp-sV-RP6EjPunWtPwzR8BXfOSgdHhvteneY9ZbXnJgjYJMpiAxhgphMDDvl-drR45TRwHeEd4oNbxqlpS9n_aus5KxH4CXwiDuocnKC5ofYBLWJQ2ROBPXpxWZVX4QCMFw"}}'
    headers:
      cache-control: no-cache
      content-length: '721'
      content-security-policy: default-src 'self'
      content-type: application/json; charset=utf-8
      strict-transport-security: max-age=31536000; includeSubDomains
      x-content-type-options: nosniff
      x-frame-options: SAMEORIGIN
      x-ms-build-version: 1.0.20210407-3-27236ed1-develop
      x-ms-keyvault-network-info: conn_type=Ipv4;addr=172.92.159.124;act_addr_fam=Ipv4;
      x-ms-keyvault-region: eastus2
      x-ms-server-latency: '0'
    status:
      code: 200
      message: OK
    url: https://mcpatinotesthsm.managedhsm.azure.net/keys/livekvtestkey4e9110db0/?api-version=7.3-preview
- request:
    body: null
    headers:
      Accept:
      - application/json
      User-Agent:
      - azsdk-python-keyvault-keys/4.5.0b1 Python/3.5.3 (Windows-10-10.0.19041-SP0)
    method: GET
    uri: https://managedhsmname.managedhsm.azure.net/keys/livekvtestkey5e9110db0/?api-version=7.3-preview
  response:
    body:
      string: '{"attributes":{"created":1618441685,"enabled":true,"exportable":false,"recoverableDays":90,"recoveryLevel":"Recoverable+Purgeable","updated":1618441685},"key":{"e":"AQAB","key_ops":["verify","sign","unwrapKey","decrypt","encrypt","wrapKey"],"kid":"https://managedhsmname.managedhsm.azure.net/keys/livekvtestkey5e9110db0/ace39b4ae17a45deb4ad911aaec5eb89","kty":"RSA-HSM","n":"mlUrkkl6ldd55o3RnXA1aHDFBdBEW_HsFEVSbB_MjF2wD_nrqQ8K6UnEPZsuJO8DfbgguyqxeG6c3F_M0UQmbbkbfCd0Z2O1ya7vQni2TlAgAcX8TN8YgRM7lBXVoCijvPk4EFCY4rQwnPK2FJrak5-Hb1Wixkz4VwZmoh4OpR_GaJPXyBd5fhAh44tZSzoGl5UPB5zWQwhpZVc_5gFim0ZXxyQ-NQIMgYUQOrg5gErcGP9G0E6PYekYRgaCT-W5cnja-F3ImNAS076uJ2ez2pFTDpMj3fOjmLcauzRHCWKlvS0zedOZX9y82hwqczuUl4cVsNI1rYw1Lm2i1J8dQQ"}}'
    headers:
      cache-control: no-cache
      content-length: '721'
      content-security-policy: default-src 'self'
      content-type: application/json; charset=utf-8
      strict-transport-security: max-age=31536000; includeSubDomains
      x-content-type-options: nosniff
      x-frame-options: SAMEORIGIN
      x-ms-build-version: 1.0.20210407-3-27236ed1-develop
      x-ms-keyvault-network-info: conn_type=Ipv4;addr=172.92.159.124;act_addr_fam=Ipv4;
      x-ms-keyvault-region: eastus2
      x-ms-server-latency: '0'
    status:
      code: 200
      message: OK
    url: https://mcpatinotesthsm.managedhsm.azure.net/keys/livekvtestkey5e9110db0/?api-version=7.3-preview
- request:
    body: null
    headers:
      Accept:
      - application/json
      User-Agent:
      - azsdk-python-keyvault-keys/4.5.0b1 Python/3.5.3 (Windows-10-10.0.19041-SP0)
    method: GET
    uri: https://managedhsmname.managedhsm.azure.net/keys/livekvtestkey2e9110db0/?api-version=7.3-preview
  response:
    body:
      string: '{"attributes":{"created":1618441678,"enabled":true,"exportable":false,"recoverableDays":90,"recoveryLevel":"Recoverable+Purgeable","updated":1618441678},"key":{"e":"AQAB","key_ops":["verify","sign","unwrapKey","decrypt","encrypt","wrapKey"],"kid":"https://managedhsmname.managedhsm.azure.net/keys/livekvtestkey2e9110db0/52d4815bc0cb4a61b125b188919bf031","kty":"RSA-HSM","n":"inQRX7A38M5yZGJ36-pj3NzH6Z6xQCNUJXkL1EPTnN-XYB7vQ5xMczNLkenZLbVlZjplV50Ucjs3eEzLmr4uYo3Lg6bGFhuI7z7wOW54l-EqDbTNg3MsBC4b45vy7N2Yp5hq8_ONfXkCi0AazrPys--GTbCf3BW6LLDZ_dzL7RdH0qvfLBYKpuFzZdsmC8YhEV4bjpddhFFH1wCNOHiMabY-JbxY-rwO4tljk2KEcDkmNC_UnoAMAn4aVpZrUuYpgNBSNGucdTOevTNZU_UVPzQvcskgXudkt-8X0mZQAHdyAXNQIZ25wnLDm0hjGTsXS99vfMzZSAaOjcBYwsHtcw"}}'
    headers:
      cache-control: no-cache
      content-length: '721'
      content-security-policy: default-src 'self'
      content-type: application/json; charset=utf-8
      strict-transport-security: max-age=31536000; includeSubDomains
      x-content-type-options: nosniff
      x-frame-options: SAMEORIGIN
      x-ms-build-version: 1.0.20210407-3-27236ed1-develop
      x-ms-keyvault-network-info: conn_type=Ipv4;addr=172.92.159.124;act_addr_fam=Ipv4;
      x-ms-keyvault-region: eastus2
      x-ms-server-latency: '1'
    status:
      code: 200
      message: OK
    url: https://mcpatinotesthsm.managedhsm.azure.net/keys/livekvtestkey2e9110db0/?api-version=7.3-preview
- request:
    body: null
    headers:
      Accept:
      - application/json
      User-Agent:
      - azsdk-python-keyvault-keys/4.5.0b1 Python/3.5.3 (Windows-10-10.0.19041-SP0)
    method: GET
    uri: https://managedhsmname.managedhsm.azure.net/keys/livekvtestkey3e9110db0/?api-version=7.3-preview
  response:
    body:
      string: '{"attributes":{"created":1618441680,"enabled":true,"exportable":false,"recoverableDays":90,"recoveryLevel":"Recoverable+Purgeable","updated":1618441680},"key":{"e":"AQAB","key_ops":["verify","sign","unwrapKey","decrypt","encrypt","wrapKey"],"kid":"https://managedhsmname.managedhsm.azure.net/keys/livekvtestkey3e9110db0/343dc2195adf039d3ae5c901afbf2164","kty":"RSA-HSM","n":"6vQ0bjqCbVQgO30aUOQ05ORGiXv4Jos-Y1DrhVjUjHPBT2L1Q4dzEgaOwO7JvsyGmC-OAtiOpEWjejEC7S5fXKpZutlz0poNppo59KtBWEVbEHqyS9qkws15R3HBTCMqRX5jQTLfANWW4wlzrgBvHDyTCRSr1CWOZARyGhzqhRabLNV_dsIunSWPNapBi0AHrrtFko0nyfu0SChljlq8mVVZBrcMrMHpqtW7eJSyvAvcscz3S4pqMqqJJtBUHVDlGGkjksfLRVmsjkHrQ4BDB9FJ_bhB7JGlipgc4Ldyb-sFM-XDPKQlgacQNUGvtGpMPefSny5sYd-CZv7p5QaOLQ"}}'
    headers:
      cache-control: no-cache
      content-length: '721'
      content-security-policy: default-src 'self'
      content-type: application/json; charset=utf-8
      strict-transport-security: max-age=31536000; includeSubDomains
      x-content-type-options: nosniff
      x-frame-options: SAMEORIGIN
      x-ms-build-version: 1.0.20210407-3-27236ed1-develop
      x-ms-keyvault-network-info: conn_type=Ipv4;addr=172.92.159.124;act_addr_fam=Ipv4;
      x-ms-keyvault-region: eastus2
      x-ms-server-latency: '0'
    status:
      code: 200
      message: OK
    url: https://mcpatinotesthsm.managedhsm.azure.net/keys/livekvtestkey3e9110db0/?api-version=7.3-preview
- request:
    body: null
    headers:
      Accept:
      - application/json
      User-Agent:
      - azsdk-python-keyvault-keys/4.5.0b1 Python/3.5.3 (Windows-10-10.0.19041-SP0)
    method: GET
    uri: https://managedhsmname.managedhsm.azure.net/keys/livekvtestkey1e9110db0/?api-version=7.3-preview
  response:
    body:
      string: '{"attributes":{"created":1618441676,"enabled":true,"exportable":false,"recoverableDays":90,"recoveryLevel":"Recoverable+Purgeable","updated":1618441676},"key":{"e":"AQAB","key_ops":["verify","sign","unwrapKey","decrypt","encrypt","wrapKey"],"kid":"https://managedhsmname.managedhsm.azure.net/keys/livekvtestkey1e9110db0/f00f9c9827c946131dccaff4705e7582","kty":"RSA-HSM","n":"4gr8BZUqP9O0Ht4BsWJpAQ-l5cD5XNMLTl3tol7fP1GNEZ1OLONc2I8D-eR5F3uIlVtHdeo2t0frJBjs893nnsDWms1Gxb9IQuZDBYsA9mhq1qpYyjijrU64c872C4PGn4y-rlHsOehA7C5zaPU3DqglliNgFqqdwSwdkaIRRPctbb9P2wa1cuNlQUkAcM_stmyosLYoVOXoWsCPUa15P9g2CLsKiZSedH_F6lBuA8oiYVb_yJiyrSYgRVVwMJB6uq9sw9khm-cohDHovE4tJsrMzP-OxoHLwmQr4259SDcgOLS6Cj9pJgD8FHhwyTA6u89E-OxUYqu6xtSQ24kumw"}}'
    headers:
      cache-control: no-cache
      content-length: '721'
      content-security-policy: default-src 'self'
      content-type: application/json; charset=utf-8
      strict-transport-security: max-age=31536000; includeSubDomains
      x-content-type-options: nosniff
      x-frame-options: SAMEORIGIN
      x-ms-build-version: 1.0.20210407-3-27236ed1-develop
      x-ms-keyvault-network-info: conn_type=Ipv4;addr=172.92.159.124;act_addr_fam=Ipv4;
      x-ms-keyvault-region: eastus2
      x-ms-server-latency: '1'
    status:
      code: 200
      message: OK
    url: https://mcpatinotesthsm.managedhsm.azure.net/keys/livekvtestkey1e9110db0/?api-version=7.3-preview
- request:
    body: null
    headers:
      Accept:
      - application/json
      User-Agent:
      - azsdk-python-keyvault-keys/4.5.0b1 Python/3.5.3 (Windows-10-10.0.19041-SP0)
    method: GET
    uri: https://managedhsmname.managedhsm.azure.net/keys/livekvtestkey0e9110db0/?api-version=7.3-preview
  response:
    body:
      string: '{"attributes":{"created":1618441673,"enabled":true,"exportable":false,"recoverableDays":90,"recoveryLevel":"Recoverable+Purgeable","updated":1618441673},"key":{"e":"AQAB","key_ops":["verify","sign","unwrapKey","decrypt","encrypt","wrapKey"],"kid":"https://managedhsmname.managedhsm.azure.net/keys/livekvtestkey0e9110db0/71cb6be7064e06a40b5e09c5fb59ee3f","kty":"RSA-HSM","n":"k-OgF9vZC7KYmy0NYUBEVrR-4xl3Bu5hSJBum7HdGnst87sfROSrxYewAntv5CFvkBqjwoGBgVHrqjyRj64l0S3dLOcWUWqwdkWEr7E4lf8CKkCp4X4D2nY2zILrDuuCzt3VApLLaZj7-oCg87NFHKy1GMt82R2TVlr5-Uc4up0LxFQ3b_k1v8uvfVGnMtm341j4TroZyipjyW352PgOxcDhZDEuhHnMn9ryVk3OPV06zU1B1Q5NKTELvxeY_x_pVFvT7U990tZZwzkE3m6WQzwIMjQPN_1CiMuYKp7OoxwhWuRbjj1NtaOKf-bkkz6X4qrjtsXe0gL06v1zvKICYw"}}'
    headers:
      cache-control: no-cache
      content-length: '721'
      content-security-policy: default-src 'self'
      content-type: application/json; charset=utf-8
      strict-transport-security: max-age=31536000; includeSubDomains
      x-content-type-options: nosniff
      x-frame-options: SAMEORIGIN
      x-ms-build-version: 1.0.20210407-3-27236ed1-develop
      x-ms-keyvault-network-info: conn_type=Ipv4;addr=172.92.159.124;act_addr_fam=Ipv4;
      x-ms-keyvault-region: eastus2
      x-ms-server-latency: '1'
    status:
      code: 200
      message: OK
    url: https://mcpatinotesthsm.managedhsm.azure.net/keys/livekvtestkey0e9110db0/?api-version=7.3-preview
- request:
    body: null
    headers:
      Accept:
      - application/json
      User-Agent:
      - azsdk-python-keyvault-keys/4.5.0b1 Python/3.5.3 (Windows-10-10.0.19041-SP0)
    method: GET
    uri: https://managedhsmname.managedhsm.azure.net/keys/livekvtestkey6e9110db0/?api-version=7.3-preview
  response:
    body:
      string: '{"attributes":{"created":1618441687,"enabled":true,"exportable":false,"recoverableDays":90,"recoveryLevel":"Recoverable+Purgeable","updated":1618441687},"key":{"e":"AQAB","key_ops":["verify","sign","unwrapKey","decrypt","encrypt","wrapKey"],"kid":"https://managedhsmname.managedhsm.azure.net/keys/livekvtestkey6e9110db0/f87dd73cc4674de23f398c2dce3d4401","kty":"RSA-HSM","n":"um04ZgRpUk2BfKvG32eB70ejjBSZ0qnH-R4xVEq6jlLNerQDjctPDFKRs1MwX__6BDXp2PDlcrRgp5aPTAJDkQkXmYhoLMKxogupk40KameBRDFk9CvQOJ7oeQLKfmr18VaX1ldmF6nLiBX13-4Lqz5hLZvGpJzcLcyq18RVrG-fyKQyq7AdlUgSyD160oAoytvCUFfZzKWUuo3bpE3krRjxPusDL_QWLUd3__bmd4pa33feWZMR6p_sFbX_si_u6oLDHwGw9mdABGuzfqkM1gDF_JL9gSzfDybA2eSGA-91GsEDvrMZbIESfxMsCzvnM74lPVw1UmWMp-UckIguUQ"}}'
    headers:
      cache-control: no-cache
      content-length: '721'
      content-security-policy: default-src 'self'
      content-type: application/json; charset=utf-8
      strict-transport-security: max-age=31536000; includeSubDomains
      x-content-type-options: nosniff
      x-frame-options: SAMEORIGIN
      x-ms-build-version: 1.0.20210407-3-27236ed1-develop
      x-ms-keyvault-network-info: conn_type=Ipv4;addr=172.92.159.124;act_addr_fam=Ipv4;
      x-ms-keyvault-region: eastus2
      x-ms-server-latency: '1'
    status:
      code: 200
      message: OK
    url: https://mcpatinotesthsm.managedhsm.azure.net/keys/livekvtestkey6e9110db0/?api-version=7.3-preview
- request:
    body: null
    headers:
      Accept:
      - application/json
      User-Agent:
      - azsdk-python-keyvault-keys/4.5.0b1 Python/3.5.3 (Windows-10-10.0.19041-SP0)
    method: GET
    uri: https://managedhsmname.managedhsm.azure.net/keys/livekvtestkey4e9110db0/?api-version=7.3-preview
  response:
    body:
      string: '{"attributes":{"created":1618441683,"enabled":true,"exportable":false,"recoverableDays":90,"recoveryLevel":"Recoverable+Purgeable","updated":1618441683},"key":{"e":"AQAB","key_ops":["verify","sign","unwrapKey","decrypt","encrypt","wrapKey"],"kid":"https://managedhsmname.managedhsm.azure.net/keys/livekvtestkey4e9110db0/cee79c99e3714bd83b93cfb1f9e5dbe9","kty":"RSA-HSM","n":"orU6dzHs8IWZ-b7FmN-M6Bx0rNogucDJOFuOhjT0_fk9JoPP_4tw2pFK1o7m-s90tguqlkgB_qI2AYmHhc9W76oak4zx5uh3uRHa-edJN-gSU0xAi1fQiabGYjL4G4NG0mS-W3rkeKh5Jo4Xct1_9Gx9y64J7npPmAL3oqw4eJJuNiqSYC_u5YjITzl4qNP0c8MBncgoWX-UK2xcYOhQp-sV-RP6EjPunWtPwzR8BXfOSgdHhvteneY9ZbXnJgjYJMpiAxhgphMDDvl-drR45TRwHeEd4oNbxqlpS9n_aus5KxH4CXwiDuocnKC5ofYBLWJQ2ROBPXpxWZVX4QCMFw"}}'
    headers:
      cache-control: no-cache
      content-length: '721'
      content-security-policy: default-src 'self'
      content-type: application/json; charset=utf-8
      strict-transport-security: max-age=31536000; includeSubDomains
      x-content-type-options: nosniff
      x-frame-options: SAMEORIGIN
      x-ms-build-version: 1.0.20210407-3-27236ed1-develop
      x-ms-keyvault-network-info: conn_type=Ipv4;addr=172.92.159.124;act_addr_fam=Ipv4;
      x-ms-keyvault-region: eastus2
      x-ms-server-latency: '0'
    status:
      code: 200
      message: OK
    url: https://mcpatinotesthsm.managedhsm.azure.net/keys/livekvtestkey4e9110db0/?api-version=7.3-preview
version: 1
