interactions:
- request:
    body: null
    headers:
      Accept:
      - application/json
      Accept-Encoding:
      - gzip, deflate
      Connection:
      - keep-alive
      Content-Length:
      - '0'
      Content-Type:
      - application/json
      User-Agent:
      - azsdk-python-keyvault-keys/4.4.0b5 Python/3.5.3 (Windows-10-10.0.19041-SP0)
    method: POST
    uri: https://vaultname.vault.azure.net/keys/livekvtestkey03dbb0fa9/create?api-version=7.1
  response:
    body:
      string: '{"error":{"code":"Unauthorized","message":"Request is missing a Bearer
        or PoP token."}}'
    headers:
      cache-control:
      - no-cache
      content-length:
      - '87'
      content-type:
      - application/json; charset=utf-8
      date:
      - Mon, 19 Apr 2021 18:01:34 GMT
      expires:
      - '-1'
      pragma:
      - no-cache
      strict-transport-security:
      - max-age=31536000;includeSubDomains
      www-authenticate:
      - Bearer authorization="https://login.windows.net/72f988bf-86f1-41af-91ab-2d7cd011db47",
        resource="https://vault.azure.net"
      x-content-type-options:
      - nosniff
      x-ms-keyvault-network-info:
      - conn_type=Ipv4;addr=172.92.159.124;act_addr_fam=InterNetwork;
      x-ms-keyvault-region:
      - eastus2
      x-ms-keyvault-service-version:
      - 1.2.236.0
      x-powered-by:
      - ASP.NET
    status:
      code: 401
      message: Unauthorized
- request:
    body: '{"kty": "RSA"}'
    headers:
      Accept:
      - application/json
      Accept-Encoding:
      - gzip, deflate
      Connection:
      - keep-alive
      Content-Length:
      - '14'
      Content-Type:
      - application/json
      User-Agent:
      - azsdk-python-keyvault-keys/4.4.0b5 Python/3.5.3 (Windows-10-10.0.19041-SP0)
    method: POST
    uri: https://vaultname.vault.azure.net/keys/livekvtestkey03dbb0fa9/create?api-version=7.1
  response:
    body:
      string: '{"key":{"kid":"https://vaultname.vault.azure.net/keys/livekvtestkey03dbb0fa9/18ee693811b74c45882df4a8c0e68843","kty":"RSA","key_ops":["encrypt","decrypt","sign","verify","wrapKey","unwrapKey"],"n":"uUJLvBvKgz39SecKmrUT0xAxegiMyutZtOR0IMbatS0TpHv9nTHNrwd_As1EWGS6g2Cw7t93coGYd-UfzEiW7-KrWCl4vZy9fOwApXshIvM1Og08L4IiCCCX_DC_JzhBh9YDrY3ZVEUxAEqZGAt4VZaW56r-4ceDw266ExkDcRNhh9W1gJZVEIBb0o8iU_0u0Yc1LmRs9Zc42dgtbkt0Raxzzjw_It9G1JTpELAmnFrxrgX6Wf-WSneK0Rvi_fEZ3GLWABli9WC22PEEVemlUUDbjfk2MLNGkcdIRylPDoyWBWU4Fzxm5z4L9svHQkrAzcazzKsWON7tl2f49OQniQ","e":"AQAB"},"attributes":{"enabled":true,"created":1618855295,"updated":1618855295,"recoveryLevel":"Recoverable+Purgeable","recoverableDays":90}}'
    headers:
      cache-control:
      - no-cache
      content-length:
      - '690'
      content-type:
      - application/json; charset=utf-8
      date:
      - Mon, 19 Apr 2021 18:01:35 GMT
      expires:
      - '-1'
      pragma:
      - no-cache
      strict-transport-security:
      - max-age=31536000;includeSubDomains
      x-content-type-options:
      - nosniff
      x-ms-keyvault-network-info:
      - conn_type=Ipv4;addr=172.92.159.124;act_addr_fam=InterNetwork;
      x-ms-keyvault-region:
      - eastus2
      x-ms-keyvault-service-version:
      - 1.2.236.0
      x-powered-by:
      - ASP.NET
    status:
      code: 200
      message: OK
- request:
    body: '{"kty": "RSA"}'
    headers:
      Accept:
      - application/json
      Accept-Encoding:
      - gzip, deflate
      Connection:
      - keep-alive
      Content-Length:
      - '14'
      Content-Type:
      - application/json
      User-Agent:
      - azsdk-python-keyvault-keys/4.4.0b5 Python/3.5.3 (Windows-10-10.0.19041-SP0)
    method: POST
    uri: https://vaultname.vault.azure.net/keys/livekvtestkey13dbb0fa9/create?api-version=7.1
  response:
    body:
      string: '{"key":{"kid":"https://vaultname.vault.azure.net/keys/livekvtestkey13dbb0fa9/1c23da9762e44ffc942442f52dbd4a02","kty":"RSA","key_ops":["encrypt","decrypt","sign","verify","wrapKey","unwrapKey"],"n":"xTMJiPJlikszLE3b4z0lhSxLQEDmcST9d8_7szOFav5D03riYZgQbZXljtQIE5MuM_e2Anzz_KDOekEclvo_-zSgE5EWdBSRqNgP97X1foG28oI6XSVcETqjEJWHog2v9PlUDsbDmRjN02EvPTkKdNTR29xhMdpHpOQKRpe1igRhoaCUybq1fAWGsD1AbLcZl61x5tDHTNyOr1ZGnHT3_iSmpUYvF9-aW6qGShKfUr21JHGI-9BPpRiWiIo0qnCe9WDXnVTpruiPI-cvXUNCP5s0senFJQEIhfPj7-IBoX04vr_z-44AXfKBfSi4ZtE_avYr_4ZgCwsD4BdVhOJwKQ","e":"AQAB"},"attributes":{"enabled":true,"created":1618855297,"updated":1618855297,"recoveryLevel":"Recoverable+Purgeable","recoverableDays":90}}'
    headers:
      cache-control:
      - no-cache
      content-length:
      - '690'
      content-type:
      - application/json; charset=utf-8
      date:
      - Mon, 19 Apr 2021 18:01:37 GMT
      expires:
      - '-1'
      pragma:
      - no-cache
      strict-transport-security:
      - max-age=31536000;includeSubDomains
      x-content-type-options:
      - nosniff
      x-ms-keyvault-network-info:
      - conn_type=Ipv4;addr=172.92.159.124;act_addr_fam=InterNetwork;
      x-ms-keyvault-region:
      - eastus2
      x-ms-keyvault-service-version:
      - 1.2.236.0
      x-powered-by:
      - ASP.NET
    status:
      code: 200
      message: OK
- request:
    body: '{"kty": "RSA"}'
    headers:
      Accept:
      - application/json
      Accept-Encoding:
      - gzip, deflate
      Connection:
      - keep-alive
      Content-Length:
      - '14'
      Content-Type:
      - application/json
      User-Agent:
      - azsdk-python-keyvault-keys/4.4.0b5 Python/3.5.3 (Windows-10-10.0.19041-SP0)
    method: POST
    uri: https://vaultname.vault.azure.net/keys/livekvtestkey23dbb0fa9/create?api-version=7.1
  response:
    body:
      string: '{"key":{"kid":"https://vaultname.vault.azure.net/keys/livekvtestkey23dbb0fa9/90a2594ec5284bf1b20c8fd2b5cd3997","kty":"RSA","key_ops":["encrypt","decrypt","sign","verify","wrapKey","unwrapKey"],"n":"xnELMsHfK0bzTUyE6zMOH_ylAD8BSCEj_YTle2w4QkMiK07BZPDMI90E6GY7qa0hafrpR_JJUZw1LvdWsmKRhoWsCEbARhMwdIK0REhc61NyoidKOFF9aiBxYRPHg7NNqaFlQbyTJdYtGh66XNkT75b8-pAoYWJqfZz4gk53okQeLkrunnX_8aKZZDjtnIFSkPih6r-fF5nl1ynwLnxRneGUApeYUkafzHcypP2f75gifnr5zPUuONdCaTKMBKYBFAjH3mEi6AxWUdY8Zr_1Rg-m-BXwF5KwZ9Qvo_wEYikgFtYZXBQ9dQDKSqQHKc8UmozKhbGoZOC76VxyWY8EyQ","e":"AQAB"},"attributes":{"enabled":true,"created":1618855299,"updated":1618855299,"recoveryLevel":"Recoverable+Purgeable","recoverableDays":90}}'
    headers:
      cache-control:
      - no-cache
      content-length:
      - '690'
      content-type:
      - application/json; charset=utf-8
      date:
      - Mon, 19 Apr 2021 18:01:39 GMT
      expires:
      - '-1'
      pragma:
      - no-cache
      strict-transport-security:
      - max-age=31536000;includeSubDomains
      x-content-type-options:
      - nosniff
      x-ms-keyvault-network-info:
      - conn_type=Ipv4;addr=172.92.159.124;act_addr_fam=InterNetwork;
      x-ms-keyvault-region:
      - eastus2
      x-ms-keyvault-service-version:
      - 1.2.236.0
      x-powered-by:
      - ASP.NET
    status:
      code: 200
      message: OK
- request:
    body: '{"kty": "RSA"}'
    headers:
      Accept:
      - application/json
      Accept-Encoding:
      - gzip, deflate
      Connection:
      - keep-alive
      Content-Length:
      - '14'
      Content-Type:
      - application/json
      User-Agent:
      - azsdk-python-keyvault-keys/4.4.0b5 Python/3.5.3 (Windows-10-10.0.19041-SP0)
    method: POST
    uri: https://vaultname.vault.azure.net/keys/livekvtestkey33dbb0fa9/create?api-version=7.1
  response:
    body:
      string: '{"key":{"kid":"https://vaultname.vault.azure.net/keys/livekvtestkey33dbb0fa9/2272521e70b24a0e8620c9c29eb47530","kty":"RSA","key_ops":["encrypt","decrypt","sign","verify","wrapKey","unwrapKey"],"n":"yHcDntvzFPrVVn6nlnLJHZ6EeF3HDuzW4KM56JwxJo1I9QpCXlc5foDZVo-acai6nLivNrlu7QRROxOH2TiBkooVr_oQ2nsxd-jXvGDwx_cqQhP0cAeJG004t3mVISXjJkipXe4Q8eiUJ02AkKJ3hTh-LHsgT1g4a-r82CqYRqMHnl1ykMzb48wsr6gK6T2Rzi_eyps8xufSXTBZ2XRmIf1PaKT_9HTZYbTZ6MpOSIXj0EOmETtRmkq9MtrLhQy4CtWaK-GZTTzzvbCpdRG795J3iK4mHRldpGydCS_uGTrtGBeuNP10OuzA-eGxT0fHbEuR-UPb7ymzGe8x7nGN6Q","e":"AQAB"},"attributes":{"enabled":true,"created":1618855302,"updated":1618855302,"recoveryLevel":"Recoverable+Purgeable","recoverableDays":90}}'
    headers:
      cache-control:
      - no-cache
      content-length:
      - '690'
      content-type:
      - application/json; charset=utf-8
      date:
      - Mon, 19 Apr 2021 18:01:42 GMT
      expires:
      - '-1'
      pragma:
      - no-cache
      strict-transport-security:
      - max-age=31536000;includeSubDomains
      x-content-type-options:
      - nosniff
      x-ms-keyvault-network-info:
      - conn_type=Ipv4;addr=172.92.159.124;act_addr_fam=InterNetwork;
      x-ms-keyvault-region:
      - eastus2
      x-ms-keyvault-service-version:
      - 1.2.236.0
      x-powered-by:
      - ASP.NET
    status:
      code: 200
      message: OK
- request:
    body: '{"kty": "RSA"}'
    headers:
      Accept:
      - application/json
      Accept-Encoding:
      - gzip, deflate
      Connection:
      - keep-alive
      Content-Length:
      - '14'
      Content-Type:
      - application/json
      User-Agent:
      - azsdk-python-keyvault-keys/4.4.0b5 Python/3.5.3 (Windows-10-10.0.19041-SP0)
    method: POST
    uri: https://vaultname.vault.azure.net/keys/livekvtestkey43dbb0fa9/create?api-version=7.1
  response:
    body:
      string: '{"key":{"kid":"https://vaultname.vault.azure.net/keys/livekvtestkey43dbb0fa9/69ce2fce515f4afaa26015122824ffe2","kty":"RSA","key_ops":["encrypt","decrypt","sign","verify","wrapKey","unwrapKey"],"n":"sde5yCSY5IOL-6-1EoX3SAYxQDGeUi6KiUYGMiSwYI4h5aNMdgn7aNJugaLDyvU9Bp14TD4QAIuytJOFER4RxmAUPP1LHactHNfTU6XBnvL6C9f28KclyuOQwz4We-irjI-Brn7kytSlyJuNCo-jq1-HiQbfr3bmm_Ra6rW8d5oFOaEnBkmJpstiVlWGmgft8m6PwbBK0Bq-QwLzEQ4G6OhRem4-wj7AhfUn5qsjjBAz2MsxeHJuiB-s0CztCsrGhJN7x_8giwOS5PgPjz4iIevA3H8ubLOUKT___4hfIQF-lmzznPRXu7a62oeYPl_wTJH-e7Uys6Z5CUTEcC9KvQ","e":"AQAB"},"attributes":{"enabled":true,"created":1618855304,"updated":1618855304,"recoveryLevel":"Recoverable+Purgeable","recoverableDays":90}}'
    headers:
      cache-control:
      - no-cache
      content-length:
      - '690'
      content-type:
      - application/json; charset=utf-8
      date:
      - Mon, 19 Apr 2021 18:01:44 GMT
      expires:
      - '-1'
      pragma:
      - no-cache
      strict-transport-security:
      - max-age=31536000;includeSubDomains
      x-content-type-options:
      - nosniff
      x-ms-keyvault-network-info:
      - conn_type=Ipv4;addr=172.92.159.124;act_addr_fam=InterNetwork;
      x-ms-keyvault-region:
      - eastus2
      x-ms-keyvault-service-version:
      - 1.2.236.0
      x-powered-by:
      - ASP.NET
    status:
      code: 200
      message: OK
- request:
    body: '{"kty": "RSA"}'
    headers:
      Accept:
      - application/json
      Accept-Encoding:
      - gzip, deflate
      Connection:
      - keep-alive
      Content-Length:
      - '14'
      Content-Type:
      - application/json
      User-Agent:
      - azsdk-python-keyvault-keys/4.4.0b5 Python/3.5.3 (Windows-10-10.0.19041-SP0)
    method: POST
    uri: https://vaultname.vault.azure.net/keys/livekvtestkey53dbb0fa9/create?api-version=7.1
  response:
    body:
      string: '{"key":{"kid":"https://vaultname.vault.azure.net/keys/livekvtestkey53dbb0fa9/1201d744499b4260b3d6cad6294d4a2f","kty":"RSA","key_ops":["encrypt","decrypt","sign","verify","wrapKey","unwrapKey"],"n":"0w5zYPH9SbippblY0Mq511wcdzKQoAuhnS8HKcwk1-5Dc3gqSHAsUGB5FDjlIIXBz0JauzzqbfzFMF5g6atVavdoALFgORAYTaFBKMG0hj9U4fwACAX09sPrke5FhMZJTT_QBszl1NLkepxG2_1w6r06UOrgFPzzLF5W_Sfz8xHIj6rvH5MWX7wr7jfRRZmR1XCgBXNrmZ0w9DKRtoIUmrtEBZoQCRcW0m0GYqiUb4IH5ZWggqiMwCQ4SMaJkCn9_u1ulpKf65S-BfQZNuVa3qwF1Nqn1SjjXMh_u1HI8BkSDkrW-4LkLwGjF4DPf3pAGsOP9Ulx-j-pIyWfWLjCGQ","e":"AQAB"},"attributes":{"enabled":true,"created":1618855306,"updated":1618855306,"recoveryLevel":"Recoverable+Purgeable","recoverableDays":90}}'
    headers:
      cache-control:
      - no-cache
      content-length:
      - '690'
      content-type:
      - application/json; charset=utf-8
      date:
      - Mon, 19 Apr 2021 18:01:46 GMT
      expires:
      - '-1'
      pragma:
      - no-cache
      strict-transport-security:
      - max-age=31536000;includeSubDomains
      x-content-type-options:
      - nosniff
      x-ms-keyvault-network-info:
      - conn_type=Ipv4;addr=172.92.159.124;act_addr_fam=InterNetwork;
      x-ms-keyvault-region:
      - eastus2
      x-ms-keyvault-service-version:
      - 1.2.236.0
      x-powered-by:
      - ASP.NET
    status:
      code: 200
      message: OK
- request:
    body: '{"kty": "RSA"}'
    headers:
      Accept:
      - application/json
      Accept-Encoding:
      - gzip, deflate
      Connection:
      - keep-alive
      Content-Length:
      - '14'
      Content-Type:
      - application/json
      User-Agent:
      - azsdk-python-keyvault-keys/4.4.0b5 Python/3.5.3 (Windows-10-10.0.19041-SP0)
    method: POST
    uri: https://vaultname.vault.azure.net/keys/livekvtestkey63dbb0fa9/create?api-version=7.1
  response:
    body:
      string: '{"key":{"kid":"https://vaultname.vault.azure.net/keys/livekvtestkey63dbb0fa9/0e904477a2014db5b502403decd5b4ed","kty":"RSA","key_ops":["encrypt","decrypt","sign","verify","wrapKey","unwrapKey"],"n":"rSry49E_6OtuK9-b17oJYhrI_I22VN_n88gbMY9MBPEB5NHWBAX7jj7THfZqqWsQLhY_GK7mCO7LsKroT3XTZ9LHvUEz43UwzZttYx_3T22d6ciPHN7I-iVjruvF1cuszFP_WhOHBPB3xq5e7nx8Cz3wvpVsX9v3JLnO5IRq7LUVyFw7hj08rS4LOiuvmREvRPVo4K_4E-pQ8I4J_U6SvYhOVIvd48tBn9J6nBWbUJZkLZ6Nx_-pojTU7KPO7G9LxBbzCQK0a2qiJKVenVyWM0lcK1pCbPACwYIsfAZ6jlatfO7YUJXMgu0LC_VutPPxaBKFz8eERNZUCnEOZrxmLQ","e":"AQAB"},"attributes":{"enabled":true,"created":1618855309,"updated":1618855309,"recoveryLevel":"Recoverable+Purgeable","recoverableDays":90}}'
    headers:
      cache-control:
      - no-cache
      content-length:
      - '690'
      content-type:
      - application/json; charset=utf-8
      date:
      - Mon, 19 Apr 2021 18:01:48 GMT
      expires:
      - '-1'
      pragma:
      - no-cache
      strict-transport-security:
      - max-age=31536000;includeSubDomains
      x-content-type-options:
      - nosniff
      x-ms-keyvault-network-info:
      - conn_type=Ipv4;addr=172.92.159.124;act_addr_fam=InterNetwork;
      x-ms-keyvault-region:
      - eastus2
      x-ms-keyvault-service-version:
      - 1.2.236.0
      x-powered-by:
      - ASP.NET
    status:
      code: 200
      message: OK
- request:
    body: null
    headers:
      Accept:
      - application/json
      Accept-Encoding:
      - gzip, deflate
      Connection:
      - keep-alive
      User-Agent:
      - azsdk-python-keyvault-keys/4.4.0b5 Python/3.5.3 (Windows-10-10.0.19041-SP0)
    method: GET
    uri: https://vaultname.vault.azure.net/keys?api-version=7.1&maxresults=6
  response:
    body:
      string: '{"value":[{"kid":"https://vaultname.vault.azure.net/keys/livekvtestcrud-ec-key942f15c0","attributes":{"enabled":true,"created":1618855167,"updated":1618855167,"recoveryLevel":"Recoverable+Purgeable","recoverableDays":90},"tags":{"test
        name":"CreateECKeyTest","purpose":"unit test"}},{"kid":"https://vaultname.vault.azure.net/keys/livekvtestcrud-ec-key9f9143d","attributes":{"enabled":true,"created":1618855254,"updated":1618855254,"recoveryLevel":"Recoverable+Purgeable","recoverableDays":90},"tags":{"test
        name":"CreateECKeyTest","purpose":"unit test"}},{"kid":"https://vaultname.vault.azure.net/keys/livekvtestcrud-ec-keya00143e","attributes":{"enabled":true,"created":1618855198,"updated":1618855198,"recoveryLevel":"Recoverable+Purgeable","recoverableDays":90},"tags":{"test
        name":"CreateECKeyTest","purpose":"unit test"}},{"kid":"https://vaultname.vault.azure.net/keys/livekvtestcrud-ec-keybaee17a0","attributes":{"enabled":true,"created":1618855233,"updated":1618855233,"recoveryLevel":"Recoverable+Purgeable","recoverableDays":90},"tags":{"test
        name":"CreateECKeyTest","purpose":"unit test"}},{"kid":"https://vaultname.vault.azure.net/keys/livekvtestcrud-P-256-ec-key942f15c0","attributes":{"enabled":true,"created":1618855171,"updated":1618855171,"recoveryLevel":"Recoverable+Purgeable","recoverableDays":90}},{"kid":"https://vaultname.vault.azure.net/keys/livekvtestcrud-P-256-ec-key9f9143d","attributes":{"enabled":true,"created":1618855258,"updated":1618855258,"recoveryLevel":"Recoverable+Purgeable","recoverableDays":90}}],"nextLink":"https://vaultname.vault.azure.net:443/keys?api-version=7.1&$skiptoken=eyJOZXh0TWFya2VyIjoiMiExMTIhTURBd01ETTRJV3RsZVM5TVNWWkZTMVpVUlZOVVExSlZSQzFRTFRJMU5pMUZReTFMUlZsQk1EQXhORE5GSVRBd01EQXlPQ0U1T1RrNUxURXlMVE14VkRJek9qVTVPalU1TGprNU9UazVPVGxhSVEtLSIsIlRhcmdldExvY2F0aW9uIjowfQ&maxresults=6"}'
    headers:
      cache-control:
      - no-cache
      content-length:
      - '1860'
      content-type:
      - application/json; charset=utf-8
      date:
      - Mon, 19 Apr 2021 18:01:48 GMT
      expires:
      - '-1'
      pragma:
      - no-cache
      strict-transport-security:
      - max-age=31536000;includeSubDomains
      x-content-type-options:
      - nosniff
      x-ms-keyvault-network-info:
      - conn_type=Ipv4;addr=172.92.159.124;act_addr_fam=InterNetwork;
      x-ms-keyvault-region:
      - eastus2
      x-ms-keyvault-service-version:
      - 1.2.236.0
      x-powered-by:
      - ASP.NET
    status:
      code: 200
      message: OK
- request:
    body: null
    headers:
      Accept:
      - application/json
      Accept-Encoding:
      - gzip, deflate
      Connection:
      - keep-alive
      User-Agent:
      - azsdk-python-keyvault-keys/4.4.0b5 Python/3.5.3 (Windows-10-10.0.19041-SP0)
    method: GET
    uri: https://vaultname.vault.azure.net/keys?api-version=7.1&$skiptoken=eyJOZXh0TWFya2VyIjoiMiExMTIhTURBd01ETTRJV3RsZVM5TVNWWkZTMVpVUlZOVVExSlZSQzFRTFRJMU5pMUZReTFMUlZsQk1EQXhORE5GSVRBd01EQXlPQ0U1T1RrNUxURXlMVE14VkRJek9qVTVPalU1TGprNU9UazVPVGxhSVEtLSIsIlRhcmdldExvY2F0aW9uIjowfQ&maxresults=6
  response:
    body:
      string: '{"value":[{"kid":"https://vaultname.vault.azure.net/keys/livekvtestcrud-P-256-ec-keya00143e","attributes":{"enabled":true,"created":1618855201,"updated":1618855201,"recoveryLevel":"Recoverable+Purgeable","recoverableDays":90}},{"kid":"https://vaultname.vault.azure.net/keys/livekvtestcrud-P-256-ec-keybaee17a0","attributes":{"enabled":true,"created":1618855237,"updated":1618855237,"recoveryLevel":"Recoverable+Purgeable","recoverableDays":90}}],"nextLink":"https://vaultname.vault.azure.net:443/keys?api-version=7.1&$skiptoken=eyJOZXh0TWFya2VyIjoiMiExMDghTURBd01ETTNJV3RsZVM5TVNWWkZTMVpVUlZOVVNVMVFUMUpVTFZSRlUxUXRTMFZaT1RReVJqRTFRekFoTURBd01ESTRJVGs1T1RrdE1USXRNekZVTWpNNk5UazZOVGt1T1RrNU9UazVPVm9oIiwiVGFyZ2V0TG9jYXRpb24iOjB9&maxresults=6"}'
    headers:
      cache-control:
      - no-cache
      content-length:
      - '752'
      content-type:
      - application/json; charset=utf-8
      date:
      - Mon, 19 Apr 2021 18:01:49 GMT
      expires:
      - '-1'
      pragma:
      - no-cache
      strict-transport-security:
      - max-age=31536000;includeSubDomains
      x-content-type-options:
      - nosniff
      x-ms-keyvault-network-info:
      - conn_type=Ipv4;addr=172.92.159.124;act_addr_fam=InterNetwork;
      x-ms-keyvault-region:
      - eastus2
      x-ms-keyvault-service-version:
      - 1.2.236.0
      x-powered-by:
      - ASP.NET
    status:
      code: 200
      message: OK
- request:
    body: null
    headers:
      Accept:
      - application/json
      Accept-Encoding:
      - gzip, deflate
      Connection:
      - keep-alive
      User-Agent:
      - azsdk-python-keyvault-keys/4.4.0b5 Python/3.5.3 (Windows-10-10.0.19041-SP0)
    method: GET
    uri: https://vaultname.vault.azure.net/keys?api-version=7.1&$skiptoken=eyJOZXh0TWFya2VyIjoiMiExMDghTURBd01ETTNJV3RsZVM5TVNWWkZTMVpVUlZOVVNVMVFUMUpVTFZSRlUxUXRTMFZaT1RReVJqRTFRekFoTURBd01ESTRJVGs1T1RrdE1USXRNekZVTWpNNk5UazZOVGt1T1RrNU9UazVPVm9oIiwiVGFyZ2V0TG9jYXRpb24iOjB9&maxresults=6
  response:
    body:
      string: '{"value":[{"kid":"https://vaultname.vault.azure.net/keys/livekvtestimport-test-key942f15c0","attributes":{"enabled":true,"created":1618855171,"updated":1618855171,"recoveryLevel":"Recoverable+Purgeable","recoverableDays":90}},{"kid":"https://vaultname.vault.azure.net/keys/livekvtestimport-test-key9f9143d","attributes":{"enabled":true,"created":1618855258,"updated":1618855258,"recoveryLevel":"Recoverable+Purgeable","recoverableDays":90}},{"kid":"https://vaultname.vault.azure.net/keys/livekvtestimport-test-keya00143e","attributes":{"enabled":true,"created":1618855202,"updated":1618855202,"recoveryLevel":"Recoverable+Purgeable","recoverableDays":90}},{"kid":"https://vaultname.vault.azure.net/keys/livekvtestimport-test-keybaee17a0","attributes":{"enabled":true,"created":1618855237,"updated":1618855237,"recoveryLevel":"Recoverable+Purgeable","recoverableDays":90}},{"kid":"https://vaultname.vault.azure.net/keys/livekvtestkey03db40fa8","attributes":{"enabled":true,"created":1618855277,"updated":1618855277,"recoveryLevel":"Recoverable+Purgeable","recoverableDays":90}},{"kid":"https://vaultname.vault.azure.net/keys/livekvtestkey03dbb0fa9","attributes":{"enabled":true,"created":1618855295,"updated":1618855295,"recoveryLevel":"Recoverable+Purgeable","recoverableDays":90}}],"nextLink":"https://vaultname.vault.azure.net:443/keys?api-version=7.1&$skiptoken=eyJOZXh0TWFya2VyIjoiMiE5NiFNREF3TURJMklXdGxlUzlNU1ZaRlMxWlVSVk5VUzBWWk1UTkVRalF3UmtFNElUQXdNREF5T0NFNU9UazVMVEV5TFRNeFZESXpPalU1T2pVNUxqazVPVGs1T1RsYUlRLS0iLCJUYXJnZXRMb2NhdGlvbiI6MH0&maxresults=6"}'
    headers:
      cache-control:
      - no-cache
      content-length:
      - '1584'
      content-type:
      - application/json; charset=utf-8
      date:
      - Mon, 19 Apr 2021 18:01:49 GMT
      expires:
      - '-1'
      pragma:
      - no-cache
      strict-transport-security:
      - max-age=31536000;includeSubDomains
      x-content-type-options:
      - nosniff
      x-ms-keyvault-network-info:
      - conn_type=Ipv4;addr=172.92.159.124;act_addr_fam=InterNetwork;
      x-ms-keyvault-region:
      - eastus2
      x-ms-keyvault-service-version:
      - 1.2.236.0
      x-powered-by:
      - ASP.NET
    status:
      code: 200
      message: OK
- request:
    body: null
    headers:
      Accept:
      - application/json
      Accept-Encoding:
      - gzip, deflate
      Connection:
      - keep-alive
      User-Agent:
      - azsdk-python-keyvault-keys/4.4.0b5 Python/3.5.3 (Windows-10-10.0.19041-SP0)
    method: GET
    uri: https://vaultname.vault.azure.net/keys?api-version=7.1&$skiptoken=eyJOZXh0TWFya2VyIjoiMiE5NiFNREF3TURJMklXdGxlUzlNU1ZaRlMxWlVSVk5VUzBWWk1UTkVRalF3UmtFNElUQXdNREF5T0NFNU9UazVMVEV5TFRNeFZESXpPalU1T2pVNUxqazVPVGs1T1RsYUlRLS0iLCJUYXJnZXRMb2NhdGlvbiI6MH0&maxresults=6
  response:
    body:
      string: '{"value":[{"kid":"https://vaultname.vault.azure.net/keys/livekvtestkey13db40fa8","attributes":{"enabled":true,"created":1618855279,"updated":1618855279,"recoveryLevel":"Recoverable+Purgeable","recoverableDays":90}},{"kid":"https://vaultname.vault.azure.net/keys/livekvtestkey13dbb0fa9","attributes":{"enabled":true,"created":1618855297,"updated":1618855297,"recoveryLevel":"Recoverable+Purgeable","recoverableDays":90}},{"kid":"https://vaultname.vault.azure.net/keys/livekvtestkey23db40fa8","attributes":{"enabled":true,"created":1618855281,"updated":1618855281,"recoveryLevel":"Recoverable+Purgeable","recoverableDays":90}},{"kid":"https://vaultname.vault.azure.net/keys/livekvtestkey23dbb0fa9","attributes":{"enabled":true,"created":1618855299,"updated":1618855299,"recoveryLevel":"Recoverable+Purgeable","recoverableDays":90}},{"kid":"https://vaultname.vault.azure.net/keys/livekvtestkey33db40fa8","attributes":{"enabled":true,"created":1618855284,"updated":1618855284,"recoveryLevel":"Recoverable+Purgeable","recoverableDays":90}},{"kid":"https://vaultname.vault.azure.net/keys/livekvtestkey33dbb0fa9","attributes":{"enabled":true,"created":1618855302,"updated":1618855302,"recoveryLevel":"Recoverable+Purgeable","recoverableDays":90}}],"nextLink":"https://vaultname.vault.azure.net:443/keys?api-version=7.1&$skiptoken=eyJOZXh0TWFya2VyIjoiMiE5NiFNREF3TURJMklXdGxlUzlNU1ZaRlMxWlVSVk5VUzBWWk5ETkVRalF3UmtFNElUQXdNREF5T0NFNU9UazVMVEV5TFRNeFZESXpPalU1T2pVNUxqazVPVGs1T1RsYUlRLS0iLCJUYXJnZXRMb2NhdGlvbiI6MH0&maxresults=6"}'
    headers:
      cache-control:
      - no-cache
      content-length:
      - '1542'
      content-type:
      - application/json; charset=utf-8
      date:
      - Mon, 19 Apr 2021 18:01:49 GMT
      expires:
      - '-1'
      pragma:
      - no-cache
      strict-transport-security:
      - max-age=31536000;includeSubDomains
      x-content-type-options:
      - nosniff
      x-ms-keyvault-network-info:
      - conn_type=Ipv4;addr=172.92.159.124;act_addr_fam=InterNetwork;
      x-ms-keyvault-region:
      - eastus2
      x-ms-keyvault-service-version:
      - 1.2.236.0
      x-powered-by:
      - ASP.NET
    status:
      code: 200
      message: OK
- request:
    body: null
    headers:
      Accept:
      - application/json
      Accept-Encoding:
      - gzip, deflate
      Connection:
      - keep-alive
      User-Agent:
      - azsdk-python-keyvault-keys/4.4.0b5 Python/3.5.3 (Windows-10-10.0.19041-SP0)
    method: GET
    uri: https://vaultname.vault.azure.net/keys?api-version=7.1&$skiptoken=eyJOZXh0TWFya2VyIjoiMiE5NiFNREF3TURJMklXdGxlUzlNU1ZaRlMxWlVSVk5VUzBWWk5ETkVRalF3UmtFNElUQXdNREF5T0NFNU9UazVMVEV5TFRNeFZESXpPalU1T2pVNUxqazVPVGs1T1RsYUlRLS0iLCJUYXJnZXRMb2NhdGlvbiI6MH0&maxresults=6
  response:
    body:
      string: '{"value":[{"kid":"https://vaultname.vault.azure.net/keys/livekvtestkey43db40fa8","attributes":{"enabled":true,"created":1618855286,"updated":1618855286,"recoveryLevel":"Recoverable+Purgeable","recoverableDays":90}},{"kid":"https://vaultname.vault.azure.net/keys/livekvtestkey43dbb0fa9","attributes":{"enabled":true,"created":1618855304,"updated":1618855304,"recoveryLevel":"Recoverable+Purgeable","recoverableDays":90}},{"kid":"https://vaultname.vault.azure.net/keys/livekvtestkey53db40fa8","attributes":{"enabled":true,"created":1618855288,"updated":1618855288,"recoveryLevel":"Recoverable+Purgeable","recoverableDays":90}},{"kid":"https://vaultname.vault.azure.net/keys/livekvtestkey53dbb0fa9","attributes":{"enabled":true,"created":1618855306,"updated":1618855306,"recoveryLevel":"Recoverable+Purgeable","recoverableDays":90}},{"kid":"https://vaultname.vault.azure.net/keys/livekvtestkey63db40fa8","attributes":{"enabled":true,"created":1618855291,"updated":1618855291,"recoveryLevel":"Recoverable+Purgeable","recoverableDays":90}},{"kid":"https://vaultname.vault.azure.net/keys/livekvtestkey63dbb0fa9","attributes":{"enabled":true,"created":1618855309,"updated":1618855309,"recoveryLevel":"Recoverable+Purgeable","recoverableDays":90}}],"nextLink":"https://vaultname.vault.azure.net:443/keys?api-version=7.1&$skiptoken=eyJOZXh0TWFya2VyIjoiMiE5NiFNREF3TURJNElXdGxlUzlNU1ZaRlMxWlVSVk5VUzBWWlFrRkxNakV6TXpFelFUQWhNREF3TURJNElUazVPVGt0TVRJdE16RlVNak02TlRrNk5Ua3VPVGs1T1RrNU9Wb2giLCJUYXJnZXRMb2NhdGlvbiI6MH0&maxresults=6"}'
    headers:
      cache-control:
      - no-cache
      content-length:
      - '1542'
      content-type:
      - application/json; charset=utf-8
      date:
      - Mon, 19 Apr 2021 18:01:49 GMT
      expires:
      - '-1'
      pragma:
      - no-cache
      strict-transport-security:
      - max-age=31536000;includeSubDomains
      x-content-type-options:
      - nosniff
      x-ms-keyvault-network-info:
      - conn_type=Ipv4;addr=172.92.159.124;act_addr_fam=InterNetwork;
      x-ms-keyvault-region:
      - eastus2
      x-ms-keyvault-service-version:
      - 1.2.236.0
      x-powered-by:
      - ASP.NET
    status:
      code: 200
      message: OK
- request:
    body: null
    headers:
      Accept:
      - application/json
      Accept-Encoding:
      - gzip, deflate
      Connection:
      - keep-alive
      User-Agent:
      - azsdk-python-keyvault-keys/4.4.0b5 Python/3.5.3 (Windows-10-10.0.19041-SP0)
    method: GET
    uri: https://vaultname.vault.azure.net/keys?api-version=7.1&$skiptoken=eyJOZXh0TWFya2VyIjoiMiE5NiFNREF3TURJNElXdGxlUzlNU1ZaRlMxWlVSVk5VUzBWWlFrRkxNakV6TXpFelFUQWhNREF3TURJNElUazVPVGt0TVRJdE16RlVNak02TlRrNk5Ua3VPVGs1T1RrNU9Wb2giLCJUYXJnZXRMb2NhdGlvbiI6MH0&maxresults=6
  response:
    body:
      string: '{"value":[{"kid":"https://vaultname.vault.azure.net/keys/livekvtestkeybak213313a0","attributes":{"enabled":true,"created":1618855121,"updated":1618855121,"recoveryLevel":"Recoverable+Purgeable","recoverableDays":90}},{"kid":"https://vaultname.vault.azure.net/keys/livekvtestkeybak45d21580","attributes":{"enabled":true,"created":1618855197,"updated":1618855197,"recoveryLevel":"Recoverable+Purgeable","recoverableDays":90}},{"kid":"https://vaultname.vault.azure.net/keys/livekvtestkeybaka5ce121d","attributes":{"enabled":true,"created":1618855121,"updated":1618855121,"recoveryLevel":"Recoverable+Purgeable","recoverableDays":90}},{"kid":"https://vaultname.vault.azure.net/keys/livekvtestkeybaka5d5121e","attributes":{"enabled":true,"created":1618855162,"updated":1618855162,"recoveryLevel":"Recoverable+Purgeable","recoverableDays":90}}],"nextLink":null}'
    headers:
      cache-control:
      - no-cache
      content-length:
      - '867'
      content-type:
      - application/json; charset=utf-8
      date:
      - Mon, 19 Apr 2021 18:01:49 GMT
      expires:
      - '-1'
      pragma:
      - no-cache
      strict-transport-security:
      - max-age=31536000;includeSubDomains
      x-content-type-options:
      - nosniff
      x-ms-keyvault-network-info:
      - conn_type=Ipv4;addr=172.92.159.124;act_addr_fam=InterNetwork;
      x-ms-keyvault-region:
      - eastus2
      x-ms-keyvault-service-version:
      - 1.2.236.0
      x-powered-by:
      - ASP.NET
    status:
      code: 200
      message: OK
version: 1
