interactions:
- request:
    body: null
    headers:
      Accept:
      - application/json
      Content-Length:
      - '0'
      Content-Type:
      - application/json
      User-Agent:
      - azsdk-python-keyvault-keys/4.5.0 Python/3.10.0 (Windows-10-10.0.22000-SP0)
    method: POST
    uri: https://vaultname.vault.azure.net/keys/livekvtestkeywrap7d501664/create?api-version=7.3
  response:
    body:
      string: '{"error":{"code":"Unauthorized","message":"AKV10000: Request is missing
        a Bearer or PoP token."}}'
    headers:
      cache-control: no-cache
      content-length: '97'
      content-type: application/json; charset=utf-8
      date: Tue, 22 Mar 2022 23:27:24 GMT
      expires: '-1'
      pragma: no-cache
      strict-transport-security: max-age=31536000;includeSubDomains
      www-authenticate: Bearer authorization="https://login.windows.net/72f988bf-86f1-41af-91ab-2d7cd011db47",
        resource="https://vault.azure.net"
      x-content-type-options: nosniff
      x-ms-keyvault-network-info: conn_type=Ipv4;addr=172.92.159.124;act_addr_fam=InterNetwork;
      x-ms-keyvault-region: westus2
      x-ms-keyvault-service-version: 1.9.331.5
      x-powered-by: ASP.NET
    status:
      code: 401
      message: Unauthorized
    url: https://malegerec.vault.azure.net/keys/livekvtestkeywrap7d501664/create?api-version=7.3
- request:
    body: '{"kty": "RSA"}'
    headers:
      Accept:
      - application/json
      Content-Length:
      - '14'
      Content-Type:
      - application/json
      User-Agent:
      - azsdk-python-keyvault-keys/4.5.0 Python/3.10.0 (Windows-10-10.0.22000-SP0)
    method: POST
    uri: https://vaultname.vault.azure.net/keys/livekvtestkeywrap7d501664/create?api-version=7.3
  response:
    body:
      string: '{"key":{"kid":"https://vaultname.vault.azure.net/keys/livekvtestkeywrap7d501664/6cf9edba236440d393ca4e937194c2d2","kty":"RSA","key_ops":["encrypt","decrypt","sign","verify","wrapKey","unwrapKey"],"n":"tzWdzB-Y8lx7ivXL1w3w8gCQ2gp207rjCfQXMNbYsmmoT76j0aJjHl3hHGlX4fshpLiCv0hJwX3T8AagtQIj9YSaMQiV1fJ2cfrYEzPR9FjEo0FXpynzqDk7eirALVuOVPnfv3A5l1UKfQ_D5H0fQ1RBuKuVCnNKydkC45figEHYmJe4vOAdicVOLchjTKuo_3G2C1yGql1RpNivRQjkCS27ACeQbG6ieSYCaZRkYseMm7BdBg4OsusapHLqsfi-pvmwaZ9T3dyDO5KYiI2fmQBwh6ElSJvJvY5NVfkN_RwnxhFdvIdkG9pL1MQSujD7gzZWr9YDCEQSdOxxSksDmQ","e":"AQAB"},"attributes":{"enabled":true,"created":1647991645,"updated":1647991645,"recoveryLevel":"CustomizedRecoverable+Purgeable","recoverableDays":7}}'
    headers:
      cache-control: no-cache
      content-length: '699'
      content-type: application/json; charset=utf-8
      date: Tue, 22 Mar 2022 23:27:24 GMT
      expires: '-1'
      pragma: no-cache
      strict-transport-security: max-age=31536000;includeSubDomains
      x-content-type-options: nosniff
      x-ms-keyvault-network-info: conn_type=Ipv4;addr=172.92.159.124;act_addr_fam=InterNetwork;
      x-ms-keyvault-rbac-assignment-id: 95a02d0c-52aa-59c1-8ea1-3849ee7c4bb5
      x-ms-keyvault-rbac-cache: ra_age=184;da_age=473;rd_age=473;brd_age=19029;ra_notif_age=190;dec_lev=1;
      x-ms-keyvault-region: westus2
      x-ms-keyvault-service-version: 1.9.331.5
      x-powered-by: ASP.NET
    status:
      code: 200
      message: OK
    url: https://malegerec.vault.azure.net/keys/livekvtestkeywrap7d501664/create?api-version=7.3
- request:
    body: null
    headers:
      Accept:
      - application/json
      User-Agent:
      - azsdk-python-keyvault-keys/4.5.0 Python/3.10.0 (Windows-10-10.0.22000-SP0)
    method: GET
    uri: https://vaultname.vault.azure.net/keys/livekvtestkeywrap7d501664/6cf9edba236440d393ca4e937194c2d2?api-version=7.3
  response:
    body:
      string: '{"key":{"kid":"https://vaultname.vault.azure.net/keys/livekvtestkeywrap7d501664/6cf9edba236440d393ca4e937194c2d2","kty":"RSA","key_ops":["encrypt","decrypt","sign","verify","wrapKey","unwrapKey"],"n":"tzWdzB-Y8lx7ivXL1w3w8gCQ2gp207rjCfQXMNbYsmmoT76j0aJjHl3hHGlX4fshpLiCv0hJwX3T8AagtQIj9YSaMQiV1fJ2cfrYEzPR9FjEo0FXpynzqDk7eirALVuOVPnfv3A5l1UKfQ_D5H0fQ1RBuKuVCnNKydkC45figEHYmJe4vOAdicVOLchjTKuo_3G2C1yGql1RpNivRQjkCS27ACeQbG6ieSYCaZRkYseMm7BdBg4OsusapHLqsfi-pvmwaZ9T3dyDO5KYiI2fmQBwh6ElSJvJvY5NVfkN_RwnxhFdvIdkG9pL1MQSujD7gzZWr9YDCEQSdOxxSksDmQ","e":"AQAB"},"attributes":{"enabled":true,"created":1647991645,"updated":1647991645,"recoveryLevel":"CustomizedRecoverable+Purgeable","recoverableDays":7}}'
    headers:
      cache-control: no-cache
      content-length: '699'
      content-type: application/json; charset=utf-8
      date: Tue, 22 Mar 2022 23:27:25 GMT
      expires: '-1'
      pragma: no-cache
      strict-transport-security: max-age=31536000;includeSubDomains
      x-content-type-options: nosniff
      x-ms-keyvault-network-info: conn_type=Ipv4;addr=172.92.159.124;act_addr_fam=InterNetwork;
      x-ms-keyvault-rbac-assignment-id: 95a02d0c-52aa-59c1-8ea1-3849ee7c4bb5
      x-ms-keyvault-rbac-cache: ra_age=191;da_age=473;rd_age=473;brd_age=19030;ra_notif_age=190;dec_lev=1;
      x-ms-keyvault-region: westus2
      x-ms-keyvault-service-version: 1.9.331.5
      x-powered-by: ASP.NET
    status:
      code: 200
      message: OK
    url: https://malegerec.vault.azure.net/keys/livekvtestkeywrap7d501664/6cf9edba236440d393ca4e937194c2d2?api-version=7.3
- request:
    body: '{"alg": "RSA-OAEP", "value": "NnS1phLk4afsc0F0L8-wxgN2GcV7i-kZuBU3uElqKLwYqHHBDvxb2-TkGsjaIMqgg1BdbXMhUjS2PBLk8r_7zcO7k1VMBbFuuPJa57fVxB43HVVJ7No16rpCXwB0Z2HSHKNn-0kzm28Jd23ToIl5cMYJug375e-7_nFf7pD3_Q1C-pjVze5CxM50PLDGPXGZtNNgZTISUSaObCOEyr_t7i8S7paEW93_npuWMD0TYa4F8-v4o_az7oBVJtBelB6xbn2fTuVr0c2uhedVx3guYLZyJGr_doQVMHuAFB2FOgFHno3K-uOSydu7jQ6rTqUO35jGmRyjs1HzbJiyxnMJ3Q"}'
    headers:
      Accept:
      - application/json
      Content-Length:
      - '374'
      Content-Type:
      - application/json
      User-Agent:
      - azsdk-python-keyvault-keys/4.5.0 Python/3.10.0 (Windows-10-10.0.22000-SP0)
    method: POST
    uri: https://vaultname.vault.azure.net/keys/livekvtestkeywrap7d501664/6cf9edba236440d393ca4e937194c2d2/unwrapkey?api-version=7.3
  response:
    body:
      string: '{"kid":"https://vaultname.vault.azure.net/keys/livekvtestkeywrap7d501664/6cf9edba236440d393ca4e937194c2d2","value":"NTA2M2U2YWFhODQ1ZjE1MDIwMDU0Nzk0NGZkMTk5Njc5Yzk4ZWQ2Zjk5ZGEwYTBiMmRhZmVhZjFmNDY4NDQ5NmZkNTMyYzFjMjI5OTY4Y2I5ZGVlNDQ5NTdmY2VmN2NjZWY1OWNlZGEwYjM2MmU1NmJjZDc4ZmQzZmFlZTU3ODFjNjIzYzBiYjIyYjM1YmVhYmRlMDY2NGZkMzBlMGU4MjRhYmEzZGQxYjBhZmZmYzRhM2Q5NTVlZGUyMGNmNmE4NTRkNTJjZmQ"}'
    headers:
      cache-control: no-cache
      content-length: '385'
      content-type: application/json; charset=utf-8
      date: Tue, 22 Mar 2022 23:27:25 GMT
      expires: '-1'
      pragma: no-cache
      strict-transport-security: max-age=31536000;includeSubDomains
      x-content-type-options: nosniff
      x-ms-keyvault-network-info: conn_type=Ipv4;addr=172.92.159.124;act_addr_fam=InterNetwork;
      x-ms-keyvault-rbac-assignment-id: 95a02d0c-52aa-59c1-8ea1-3849ee7c4bb5
      x-ms-keyvault-rbac-cache: ra_age=164;da_age=473;rd_age=473;brd_age=19030;ra_notif_age=190;dec_lev=1;
      x-ms-keyvault-region: westus2
      x-ms-keyvault-service-version: 1.9.331.5
      x-powered-by: ASP.NET
    status:
      code: 200
      message: OK
    url: https://malegerec.vault.azure.net/keys/livekvtestkeywrap7d501664/6cf9edba236440d393ca4e937194c2d2/unwrapkey?api-version=7.3
version: 1
