{
  "Entries": [
    {
      "RequestUri": "00000000-0000-0000-0000-000000000000keys/livekvtestkey-namefb782dff/create?api-version=7.3",
      "RequestMethod": "POST",
      "RequestHeaders": {
        "Accept": "application/json",
        "Accept-Encoding": "gzip, deflate",
        "Connection": "keep-alive",
        "Content-Length": "0",
        "Content-Type": "application/json",
        "User-Agent": "azsdk-python-keyvault-keys/4.5.1 Python/3.9.9 (Windows-10-10.0.22000-SP0)"
      },
      "RequestBody": null,
      "StatusCode": 401,
      "ResponseHeaders": {
        "Cache-Control": "no-cache",
        "Content-Length": "0",
        "Content-Security-Policy": "default-src \u0027self\u0027",
        "Content-Type": "application/json; charset=utf-8",
        "Strict-Transport-Security": "max-age=31536000; includeSubDomains",
        "WWW-Authenticate": "Bearer authorization=\u0022https://login.microsoftonline.com/00000000-0000-0000-0000-000000000000\u0022, resource=\u0022https://managedhsm.azure.net\u0022",
        "X-Content-Type-Options": "nosniff",
        "X-Frame-Options": "SAMEORIGIN",
        "x-ms-server-latency": "1"
      },
      "ResponseBody": null
    },
    {
      "RequestUri": "https://login.microsoftonline.com/00000000-0000-0000-0000-000000000000/v2.0/.well-known/openid-configuration",
      "RequestMethod": "GET",
      "RequestHeaders": {
        "Accept": "*/*",
        "Accept-Encoding": "gzip, deflate",
        "Connection": "keep-alive",
        "User-Agent": "azsdk-python-identity/1.10.0b2 Python/3.9.9 (Windows-10-10.0.22000-SP0)"
      },
      "RequestBody": null,
      "StatusCode": 200,
      "ResponseHeaders": {
        "Access-Control-Allow-Methods": "GET, OPTIONS",
        "Access-Control-Allow-Origin": "*",
        "Cache-Control": "max-age=86400, private",
        "Content-Length": "1753",
        "Content-Type": "application/json; charset=utf-8",
        "Date": "Mon, 18 Apr 2022 13:54:54 GMT",
        "P3P": "CP=\u0022DSP CUR OTPi IND OTRi ONL FIN\u0022",
        "Set-Cookie": [
          "fpc=AjXrbxA4WpZEtJruXChTXptv7ioyAwAAAFli79kOAAAAwSDpKQIAAACKY-_ZDgAAAA; expires=Wed, 18-May-2022 13:54:55 GMT; path=/; secure; HttpOnly; SameSite=None",
          "x-ms-gateway-slice=estsfd; path=/; secure; samesite=none; httponly",
          "stsservicecookie=estsfd; path=/; secure; samesite=none; httponly"
        ],
        "Strict-Transport-Security": "max-age=31536000; includeSubDomains",
        "X-Content-Type-Options": "nosniff",
        "x-ms-ests-server": "2.1.12651.5 - NCUS ProdSlices",
        "X-XSS-Protection": "0"
      },
      "ResponseBody": {
        "token_endpoint": "https://login.microsoftonline.com/00000000-0000-0000-0000-000000000000/oauth2/v2.0/token",
        "token_endpoint_auth_methods_supported": [
          "client_secret_post",
          "private_key_jwt",
          "client_secret_basic"
        ],
        "jwks_uri": "https://login.microsoftonline.com/00000000-0000-0000-0000-000000000000/discovery/v2.0/keys",
        "response_modes_supported": [
          "query",
          "fragment",
          "form_post"
        ],
        "subject_types_supported": [
          "pairwise"
        ],
        "id_token_signing_alg_values_supported": [
          "RS256"
        ],
        "response_types_supported": [
          "code",
          "id_token",
          "code id_token",
          "id_token token"
        ],
        "scopes_supported": [
          "openid",
          "profile",
          "email",
          "offline_access"
        ],
        "issuer": "https://login.microsoftonline.com/00000000-0000-0000-0000-000000000000/v2.0",
        "request_uri_parameter_supported": false,
        "userinfo_endpoint": "https://graph.microsoft.com/oidc/userinfo",
        "authorization_endpoint": "https://login.microsoftonline.com/00000000-0000-0000-0000-000000000000/oauth2/v2.0/authorize",
        "device_authorization_endpoint": "https://login.microsoftonline.com/00000000-0000-0000-0000-000000000000/oauth2/v2.0/devicecode",
        "http_logout_supported": true,
        "frontchannel_logout_supported": true,
        "end_session_endpoint": "https://login.microsoftonline.com/00000000-0000-0000-0000-000000000000/oauth2/v2.0/logout",
        "claims_supported": [
          "sub",
          "iss",
          "cloud_instance_name",
          "cloud_instance_host_name",
          "cloud_graph_host_name",
          "msgraph_host",
          "aud",
          "exp",
          "iat",
          "auth_time",
          "acr",
          "nonce",
          "preferred_username",
          "name",
          "tid",
          "ver",
          "at_hash",
          "c_hash",
          "email"
        ],
        "kerberos_endpoint": "https://login.microsoftonline.com/00000000-0000-0000-0000-000000000000/kerberos",
        "tenant_region_scope": "WW",
        "cloud_instance_name": "microsoftonline.com",
        "cloud_graph_host_name": "graph.windows.net",
        "msgraph_host": "graph.microsoft.com",
        "rbac_url": "https://pas.windows.net"
      }
    },
    {
      "RequestUri": "https://login.microsoftonline.com/common/discovery/instance?api-version=1.1\u0026authorization_endpoint=https://login.microsoftonline.com/common/oauth2/authorize",
      "RequestMethod": "GET",
      "RequestHeaders": {
        "Accept": "application/json",
        "Accept-Encoding": "gzip, deflate",
        "Connection": "keep-alive",
        "Cookie": "fpc=AjXrbxA4WpZEtJruXChTXptv7ioyAwAAAFli79kOAAAAwSDpKQIAAACKY-_ZDgAAAA; stsservicecookie=estsfd; x-ms-gateway-slice=estsfd",
        "User-Agent": "azsdk-python-identity/1.10.0b2 Python/3.9.9 (Windows-10-10.0.22000-SP0)"
      },
      "RequestBody": null,
      "StatusCode": 200,
      "ResponseHeaders": {
        "Access-Control-Allow-Methods": "GET, OPTIONS",
        "Access-Control-Allow-Origin": "*",
        "Cache-Control": "max-age=86400, private",
        "Content-Length": "945",
        "Content-Type": "application/json; charset=utf-8",
        "Date": "Mon, 18 Apr 2022 13:54:55 GMT",
        "P3P": "CP=\u0022DSP CUR OTPi IND OTRi ONL FIN\u0022",
        "Set-Cookie": [
          "fpc=AjXrbxA4WpZEtJruXChTXptv7ioyAwAAAFli79kOAAAAwSDpKQIAAACKY-_ZDgAAAA; expires=Wed, 18-May-2022 13:54:55 GMT; path=/; secure; HttpOnly; SameSite=None",
          "x-ms-gateway-slice=estsfd; path=/; secure; samesite=none; httponly",
          "stsservicecookie=estsfd; path=/; secure; samesite=none; httponly"
        ],
        "Strict-Transport-Security": "max-age=31536000; includeSubDomains",
        "X-Content-Type-Options": "nosniff",
        "x-ms-ests-server": "2.1.12651.5 - WUS2 ProdSlices",
        "X-XSS-Protection": "0"
      },
      "ResponseBody": {
        "tenant_discovery_endpoint": "https://login.microsoftonline.com/common/.well-known/openid-configuration",
        "api-version": "1.1",
        "metadata": [
          {
            "preferred_network": "login.microsoftonline.com",
            "preferred_cache": "login.windows.net",
            "aliases": [
              "login.microsoftonline.com",
              "login.windows.net",
              "login.microsoft.com",
              "sts.windows.net"
            ]
          },
          {
            "preferred_network": "login.partner.microsoftonline.cn",
            "preferred_cache": "login.partner.microsoftonline.cn",
            "aliases": [
              "login.partner.microsoftonline.cn",
              "login.chinacloudapi.cn"
            ]
          },
          {
            "preferred_network": "login.microsoftonline.de",
            "preferred_cache": "login.microsoftonline.de",
            "aliases": [
              "login.microsoftonline.de"
            ]
          },
          {
            "preferred_network": "login.microsoftonline.us",
            "preferred_cache": "login.microsoftonline.us",
            "aliases": [
              "login.microsoftonline.us",
              "login.usgovcloudapi.net"
            ]
          },
          {
            "preferred_network": "login-us.microsoftonline.com",
            "preferred_cache": "login-us.microsoftonline.com",
            "aliases": [
              "login-us.microsoftonline.com"
            ]
          }
        ]
      }
    },
    {
      "RequestUri": "00000000-0000-0000-0000-000000000000keys/livekvtestkey-namefb782dff/create?api-version=7.3",
      "RequestMethod": "POST",
      "RequestHeaders": {
        "Accept": "application/json",
        "Accept-Encoding": "gzip, deflate",
        "Connection": "keep-alive",
        "Content-Length": "18",
        "Content-Type": "application/json",
        "User-Agent": "azsdk-python-keyvault-keys/4.5.1 Python/3.9.9 (Windows-10-10.0.22000-SP0)"
      },
      "RequestBody": {
        "kty": "RSA-HSM"
      },
      "StatusCode": 200,
      "ResponseHeaders": {
        "Cache-Control": "no-cache",
        "Content-Length": "725",
        "Content-Security-Policy": "default-src \u0027self\u0027",
        "Content-Type": "application/json; charset=utf-8",
        "Strict-Transport-Security": "max-age=31536000; includeSubDomains",
        "X-Content-Type-Options": "nosniff",
        "X-Frame-Options": "SAMEORIGIN",
        "x-ms-keyvault-network-info": "conn_type=Ipv4;addr=73.232.137.144;act_addr_fam=Ipv4;",
        "x-ms-keyvault-region": "westus2",
        "x-ms-server-latency": "266"
      },
      "ResponseBody": {
        "attributes": {
          "created": 1650290095,
          "enabled": true,
          "exportable": false,
          "recoverableDays": 7,
          "recoveryLevel": "CustomizedRecoverable\u002BPurgeable",
          "updated": 1650290095
        },
        "key": {
          "e": "AQAB",
          "key_ops": [
            "wrapKey",
            "decrypt",
            "encrypt",
            "unwrapKey",
            "sign",
            "verify"
          ],
          "kid": "00000000-0000-0000-0000-000000000000keys/livekvtestkey-namefb782dff/c509da6815d742e90e6843bf6ea26db5",
          "kty": "RSA-HSM",
          "n": "qwF1ELiLyYy2GwD2OMDAc5GyMlbHaMflt0dgOkbijjVLl_334o9tp9GGivZLVhnEsYZ8RWaU6gRv98C_CBc0khzBgAS0HnuBmOBu3YvGP0PLO1etnlu0Bk9AECKX3r3H-ZU7ClsJjXPdeCNQ7Zc7nAGLc-x8AhyfjsnWqRbtjohwjMK9Tgvyppc-xTGF_Y2yod6KaQ7UEFDEkxq3IWvd8-WieflnBYaVsU3GJZS7xGqVDzC_TkjZ9S4OnvPPs13J83SEHRJ0WIwP8CO686si5YDSOkLlZjCKIOHIQeIRvu3rRlmUgB7IayKoWvRiqBGoktOXtGEHnwPQi_8RJ_IP6w"
        }
      }
    },
    {
      "RequestUri": "00000000-0000-0000-0000-000000000000keys/livekvtestkey-namefb782dff/c509da6815d742e90e6843bf6ea26db5?api-version=7.3",
      "RequestMethod": "GET",
      "RequestHeaders": {
        "Accept": "application/json",
        "Accept-Encoding": "gzip, deflate",
        "Connection": "keep-alive",
        "User-Agent": "azsdk-python-keyvault-keys/4.5.1 Python/3.9.9 (Windows-10-10.0.22000-SP0)"
      },
      "RequestBody": null,
      "StatusCode": 200,
      "ResponseHeaders": {
        "Cache-Control": "no-cache",
        "Content-Length": "725",
        "Content-Security-Policy": "default-src \u0027self\u0027",
        "Content-Type": "application/json; charset=utf-8",
        "Strict-Transport-Security": "max-age=31536000; includeSubDomains",
        "X-Content-Type-Options": "nosniff",
        "X-Frame-Options": "SAMEORIGIN",
        "x-ms-build-version": "1.0.20220404-2-da0eff37-pre-openssl",
        "x-ms-keyvault-network-info": "conn_type=Ipv4;addr=73.232.137.144;act_addr_fam=Ipv4;",
        "x-ms-keyvault-region": "westus2",
        "x-ms-server-latency": "146"
      },
      "ResponseBody": {
        "attributes": {
          "created": 1650290095,
          "enabled": true,
          "exportable": false,
          "recoverableDays": 7,
          "recoveryLevel": "CustomizedRecoverable\u002BPurgeable",
          "updated": 1650290095
        },
        "key": {
          "e": "AQAB",
          "key_ops": [
            "wrapKey",
            "verify",
            "sign",
            "unwrapKey",
            "encrypt",
            "decrypt"
          ],
          "kid": "00000000-0000-0000-0000-000000000000keys/livekvtestkey-namefb782dff/c509da6815d742e90e6843bf6ea26db5",
          "kty": "RSA-HSM",
          "n": "qwF1ELiLyYy2GwD2OMDAc5GyMlbHaMflt0dgOkbijjVLl_334o9tp9GGivZLVhnEsYZ8RWaU6gRv98C_CBc0khzBgAS0HnuBmOBu3YvGP0PLO1etnlu0Bk9AECKX3r3H-ZU7ClsJjXPdeCNQ7Zc7nAGLc-x8AhyfjsnWqRbtjohwjMK9Tgvyppc-xTGF_Y2yod6KaQ7UEFDEkxq3IWvd8-WieflnBYaVsU3GJZS7xGqVDzC_TkjZ9S4OnvPPs13J83SEHRJ0WIwP8CO686si5YDSOkLlZjCKIOHIQeIRvu3rRlmUgB7IayKoWvRiqBGoktOXtGEHnwPQi_8RJ_IP6w"
        }
      }
    },
    {
      "RequestUri": "00000000-0000-0000-0000-000000000000keys/livekvtestkey-namefb782dff/c509da6815d742e90e6843bf6ea26db5/encrypt?api-version=7.3",
      "RequestMethod": "POST",
      "RequestHeaders": {
        "Accept": "application/json",
        "Accept-Encoding": "gzip, deflate",
        "Connection": "keep-alive",
        "Content-Length": "44",
        "Content-Type": "application/json",
        "User-Agent": "azsdk-python-keyvault-keys/4.5.1 Python/3.9.9 (Windows-10-10.0.22000-SP0)"
      },
      "RequestBody": {
        "alg": "RSA-OAEP",
        "value": "cGxhaW50ZXh0"
      },
      "StatusCode": 200,
      "ResponseHeaders": {
        "Cache-Control": "no-cache",
        "Content-Length": "480",
        "Content-Security-Policy": "default-src \u0027self\u0027",
        "Content-Type": "application/json; charset=utf-8",
        "Strict-Transport-Security": "max-age=31536000; includeSubDomains",
        "X-Content-Type-Options": "nosniff",
        "X-Frame-Options": "SAMEORIGIN",
        "x-ms-keyvault-network-info": "conn_type=Ipv4;addr=73.232.137.144;act_addr_fam=Ipv4;",
        "x-ms-keyvault-region": "westus2",
        "x-ms-server-latency": "2"
      },
      "ResponseBody": {
        "alg": "RSA-OAEP",
        "kid": "00000000-0000-0000-0000-000000000000keys/livekvtestkey-namefb782dff/c509da6815d742e90e6843bf6ea26db5",
        "value": "TSLLpVZSVC0nitUpC0miDG1L_gzbFOq8IV464clvy48XljRiVfSgpyr8CCwVjDamuCgYcFBORyPKrl75a6lAZHyWOCup4lAZTONE4b-eX8EtOSYjZYTmYunZ82rqtJvMmCmR1FxEkGJozID06iVaL-rMwU-2ABz9ETVw0B3U_FQzWndI9sr1ycIOvpa8ylJ8hUmwzYK02ecAbcBcYPqSJgurELEkLw1ICRb6-7QSAGTX9cPmd2FXj3ZxQUEvCiD22q2-QyqXvqQpQfJMlmx-G8C854xzGv97y862z9nGNThItvO7Aos0re2gqbNErTmEc5M7aoluMifRdiv4a3i2EQ"
      }
    },
    {
      "RequestUri": "00000000-0000-0000-0000-000000000000keys/livekvtestkey-namefb782dff/c509da6815d742e90e6843bf6ea26db5/decrypt?api-version=7.3",
      "RequestMethod": "POST",
      "RequestHeaders": {
        "Accept": "application/json",
        "Accept-Encoding": "gzip, deflate",
        "Connection": "keep-alive",
        "Content-Length": "374",
        "Content-Type": "application/json",
        "User-Agent": "azsdk-python-keyvault-keys/4.5.1 Python/3.9.9 (Windows-10-10.0.22000-SP0)"
      },
      "RequestBody": {
        "alg": "RSA-OAEP",
        "value": "TSLLpVZSVC0nitUpC0miDG1L_gzbFOq8IV464clvy48XljRiVfSgpyr8CCwVjDamuCgYcFBORyPKrl75a6lAZHyWOCup4lAZTONE4b-eX8EtOSYjZYTmYunZ82rqtJvMmCmR1FxEkGJozID06iVaL-rMwU-2ABz9ETVw0B3U_FQzWndI9sr1ycIOvpa8ylJ8hUmwzYK02ecAbcBcYPqSJgurELEkLw1ICRb6-7QSAGTX9cPmd2FXj3ZxQUEvCiD22q2-QyqXvqQpQfJMlmx-G8C854xzGv97y862z9nGNThItvO7Aos0re2gqbNErTmEc5M7aoluMifRdiv4a3i2EQ"
      },
      "StatusCode": 200,
      "ResponseHeaders": {
        "Cache-Control": "no-cache",
        "Content-Length": "150",
        "Content-Security-Policy": "default-src \u0027self\u0027",
        "Content-Type": "application/json; charset=utf-8",
        "Strict-Transport-Security": "max-age=31536000; includeSubDomains",
        "X-Content-Type-Options": "nosniff",
        "X-Frame-Options": "SAMEORIGIN",
        "x-ms-keyvault-network-info": "conn_type=Ipv4;addr=73.232.137.144;act_addr_fam=Ipv4;",
        "x-ms-keyvault-region": "westus2",
        "x-ms-server-latency": "2"
      },
      "ResponseBody": {
        "alg": "RSA-OAEP",
        "kid": "00000000-0000-0000-0000-000000000000keys/livekvtestkey-namefb782dff/c509da6815d742e90e6843bf6ea26db5",
        "value": "cGxhaW50ZXh0"
      }
    },
    {
      "RequestUri": "00000000-0000-0000-0000-000000000000keys/livekvtestkey-namefb782dff/?api-version=7.3",
      "RequestMethod": "GET",
      "RequestHeaders": {
        "Accept": "application/json",
        "Accept-Encoding": "gzip, deflate",
        "Connection": "keep-alive",
        "User-Agent": "azsdk-python-keyvault-keys/4.5.1 Python/3.9.9 (Windows-10-10.0.22000-SP0)"
      },
      "RequestBody": null,
      "StatusCode": 200,
      "ResponseHeaders": {
        "Cache-Control": "no-cache",
        "Content-Length": "725",
        "Content-Security-Policy": "default-src \u0027self\u0027",
        "Content-Type": "application/json; charset=utf-8",
        "Strict-Transport-Security": "max-age=31536000; includeSubDomains",
        "X-Content-Type-Options": "nosniff",
        "X-Frame-Options": "SAMEORIGIN",
        "x-ms-build-version": "1.0.20220404-2-da0eff37-pre-openssl",
        "x-ms-keyvault-network-info": "conn_type=Ipv4;addr=73.232.137.144;act_addr_fam=Ipv4;",
        "x-ms-keyvault-region": "westus2",
        "x-ms-server-latency": "1"
      },
      "ResponseBody": {
        "attributes": {
          "created": 1650290095,
          "enabled": true,
          "exportable": false,
          "recoverableDays": 7,
          "recoveryLevel": "CustomizedRecoverable\u002BPurgeable",
          "updated": 1650290095
        },
        "key": {
          "e": "AQAB",
          "key_ops": [
            "verify",
            "sign",
            "unwrapKey",
            "decrypt",
            "encrypt",
            "wrapKey"
          ],
          "kid": "00000000-0000-0000-0000-000000000000keys/livekvtestkey-namefb782dff/c509da6815d742e90e6843bf6ea26db5",
          "kty": "RSA-HSM",
          "n": "qwF1ELiLyYy2GwD2OMDAc5GyMlbHaMflt0dgOkbijjVLl_334o9tp9GGivZLVhnEsYZ8RWaU6gRv98C_CBc0khzBgAS0HnuBmOBu3YvGP0PLO1etnlu0Bk9AECKX3r3H-ZU7ClsJjXPdeCNQ7Zc7nAGLc-x8AhyfjsnWqRbtjohwjMK9Tgvyppc-xTGF_Y2yod6KaQ7UEFDEkxq3IWvd8-WieflnBYaVsU3GJZS7xGqVDzC_TkjZ9S4OnvPPs13J83SEHRJ0WIwP8CO686si5YDSOkLlZjCKIOHIQeIRvu3rRlmUgB7IayKoWvRiqBGoktOXtGEHnwPQi_8RJ_IP6w"
        }
      }
    },
    {
      "RequestUri": "00000000-0000-0000-0000-000000000000keys/livekvtestkey-namefb782dff/c509da6815d742e90e6843bf6ea26db5/encrypt?api-version=7.3",
      "RequestMethod": "POST",
      "RequestHeaders": {
        "Accept": "application/json",
        "Accept-Encoding": "gzip, deflate",
        "Connection": "keep-alive",
        "Content-Length": "44",
        "Content-Type": "application/json",
        "User-Agent": "azsdk-python-keyvault-keys/4.5.1 Python/3.9.9 (Windows-10-10.0.22000-SP0)"
      },
      "RequestBody": {
        "alg": "RSA-OAEP",
        "value": "cGxhaW50ZXh0"
      },
      "StatusCode": 200,
      "ResponseHeaders": {
        "Cache-Control": "no-cache",
        "Content-Length": "480",
        "Content-Security-Policy": "default-src \u0027self\u0027",
        "Content-Type": "application/json; charset=utf-8",
        "Strict-Transport-Security": "max-age=31536000; includeSubDomains",
        "X-Content-Type-Options": "nosniff",
        "X-Frame-Options": "SAMEORIGIN",
        "x-ms-keyvault-network-info": "conn_type=Ipv4;addr=73.232.137.144;act_addr_fam=Ipv4;",
        "x-ms-keyvault-region": "westus2",
        "x-ms-server-latency": "1"
      },
      "ResponseBody": {
        "alg": "RSA-OAEP",
        "kid": "00000000-0000-0000-0000-000000000000keys/livekvtestkey-namefb782dff/c509da6815d742e90e6843bf6ea26db5",
        "value": "NVnaZNeXxbdKppBfLchPJ7Ox_q_6hb0jHYREBzQoNAZ2029o09k2aMAOtsBBwgPlLURY2hwH0w0QHwsgJnQgkyIymF9sy74V1dXipcheho0cK1tgS5GeaI7cUvJ2hGmvcrFjFRjVNItKLr3RlROydRTt_2J8w2gO3fxhV2CzJpO0fitMrQtjdGIvcUSaneSEM2w9cKMVtEZsbBOh2j4X0jbU4KzEYpG8ILvQ0QqQ3o_9uj5NPIluHaW6Jcl-ax0-LgdsoumBtUXtHiw28BOS0kb85RXgMrOEacApDwrQVa4-Zc_z6oDc8fChiijWAOPAd__q1oig_HjZa3fvJd-yjQ"
      }
    },
    {
      "RequestUri": "00000000-0000-0000-0000-000000000000keys/livekvtestkey-namefb782dff/c509da6815d742e90e6843bf6ea26db5/decrypt?api-version=7.3",
      "RequestMethod": "POST",
      "RequestHeaders": {
        "Accept": "application/json",
        "Accept-Encoding": "gzip, deflate",
        "Connection": "keep-alive",
        "Content-Length": "374",
        "Content-Type": "application/json",
        "User-Agent": "azsdk-python-keyvault-keys/4.5.1 Python/3.9.9 (Windows-10-10.0.22000-SP0)"
      },
      "RequestBody": {
        "alg": "RSA-OAEP",
        "value": "NVnaZNeXxbdKppBfLchPJ7Ox_q_6hb0jHYREBzQoNAZ2029o09k2aMAOtsBBwgPlLURY2hwH0w0QHwsgJnQgkyIymF9sy74V1dXipcheho0cK1tgS5GeaI7cUvJ2hGmvcrFjFRjVNItKLr3RlROydRTt_2J8w2gO3fxhV2CzJpO0fitMrQtjdGIvcUSaneSEM2w9cKMVtEZsbBOh2j4X0jbU4KzEYpG8ILvQ0QqQ3o_9uj5NPIluHaW6Jcl-ax0-LgdsoumBtUXtHiw28BOS0kb85RXgMrOEacApDwrQVa4-Zc_z6oDc8fChiijWAOPAd__q1oig_HjZa3fvJd-yjQ"
      },
      "StatusCode": 200,
      "ResponseHeaders": {
        "Cache-Control": "no-cache",
        "Content-Length": "150",
        "Content-Security-Policy": "default-src \u0027self\u0027",
        "Content-Type": "application/json; charset=utf-8",
        "Strict-Transport-Security": "max-age=31536000; includeSubDomains",
        "X-Content-Type-Options": "nosniff",
        "X-Frame-Options": "SAMEORIGIN",
        "x-ms-keyvault-network-info": "conn_type=Ipv4;addr=73.232.137.144;act_addr_fam=Ipv4;",
        "x-ms-keyvault-region": "westus2",
        "x-ms-server-latency": "2"
      },
      "ResponseBody": {
        "alg": "RSA-OAEP",
        "kid": "00000000-0000-0000-0000-000000000000keys/livekvtestkey-namefb782dff/c509da6815d742e90e6843bf6ea26db5",
        "value": "cGxhaW50ZXh0"
      }
    }
  ],
  "Variables": {}
}
