interactions:
- request:
    body: null
    headers:
      Accept:
      - application/json
      Content-Length:
      - '0'
      Content-Type:
      - application/json
      User-Agent:
      - azsdk-python-keyvault-keys/4.5.0b1 Python/3.5.3 (Windows-10-10.0.19041-SP0)
    method: POST
    uri: https://vaultname.vault.azure.net/keys/livekvtestec-verify-P-256f6a018d8/create?api-version=7.3-preview
  response:
    body:
      string: '{"error":{"code":"Unauthorized","message":"Request is missing a Bearer
        or PoP token."}}'
    headers:
      cache-control: no-cache
      content-length: '87'
      content-type: application/json; charset=utf-8
      date: Wed, 14 Apr 2021 22:57:30 GMT
      expires: '-1'
      pragma: no-cache
      strict-transport-security: max-age=31536000;includeSubDomains
      www-authenticate: Bearer authorization="https://login.windows.net/72f988bf-86f1-41af-91ab-2d7cd011db47",
        resource="https://vault.azure.net"
      x-content-type-options: nosniff
      x-ms-keyvault-network-info: conn_type=Ipv4;addr=172.92.159.124;act_addr_fam=InterNetwork;
      x-ms-keyvault-region: eastus2
      x-ms-keyvault-service-version: 1.2.236.0
      x-powered-by: ASP.NET
    status:
      code: 401
      message: Unauthorized
    url: https://mcpatinotest.vault.azure.net/keys/livekvtestec-verify-P-256f6a018d8/create?api-version=7.3-preview
- request:
    body: '{"crv": "P-256", "kty": "EC"}'
    headers:
      Accept:
      - application/json
      Content-Length:
      - '29'
      Content-Type:
      - application/json
      User-Agent:
      - azsdk-python-keyvault-keys/4.5.0b1 Python/3.5.3 (Windows-10-10.0.19041-SP0)
    method: POST
    uri: https://vaultname.vault.azure.net/keys/livekvtestec-verify-P-256f6a018d8/create?api-version=7.3-preview
  response:
    body:
      string: '{"key":{"kid":"https://vaultname.vault.azure.net/keys/livekvtestec-verify-P-256f6a018d8/b38b9cbac16c4a5bbcb70a650caaf259","kty":"EC","key_ops":["sign","verify"],"crv":"P-256","x":"YN_yGR436a7g61MhAH0FpfaevVC1ViHEg-ij-X6iRyE","y":"4e42kh4AggUxewEauFbHHpNIGIcRzQkgIOsjbHp5IUU"},"attributes":{"enabled":true,"created":1618441051,"updated":1618441051,"recoveryLevel":"Recoverable+Purgeable","recoverableDays":90}}'
    headers:
      cache-control: no-cache
      content-length: '412'
      content-type: application/json; charset=utf-8
      date: Wed, 14 Apr 2021 22:57:31 GMT
      expires: '-1'
      pragma: no-cache
      strict-transport-security: max-age=31536000;includeSubDomains
      x-content-type-options: nosniff
      x-ms-keyvault-network-info: conn_type=Ipv4;addr=172.92.159.124;act_addr_fam=InterNetwork;
      x-ms-keyvault-region: eastus2
      x-ms-keyvault-service-version: 1.2.236.0
      x-powered-by: ASP.NET
    status:
      code: 200
      message: OK
    url: https://mcpatinotest.vault.azure.net/keys/livekvtestec-verify-P-256f6a018d8/create?api-version=7.3-preview
- request:
    body: '{"alg": "ES256", "value": "vgZc0NQUb6WMKX___V2JntcFRO_vszKwSAj7R2rL1zg"}'
    headers:
      Accept:
      - application/json
      Content-Length:
      - '72'
      Content-Type:
      - application/json
      User-Agent:
      - azsdk-python-keyvault-keys/4.5.0b1 Python/3.5.3 (Windows-10-10.0.19041-SP0)
    method: POST
    uri: https://vaultname.vault.azure.net/keys/livekvtestec-verify-P-256f6a018d8/b38b9cbac16c4a5bbcb70a650caaf259/sign?api-version=7.3-preview
  response:
    body:
      string: '{"kid":"https://vaultname.vault.azure.net/keys/livekvtestec-verify-P-256f6a018d8/b38b9cbac16c4a5bbcb70a650caaf259","value":"Xws4ADNRWROoMdY8uuq77yiQUiMqGft2O4AJdhApnhoJbe4omgSPgkpASqcBSMl_TRTTx8gZo-pfMdnQnarMWg"}'
    headers:
      cache-control: no-cache
      content-length: '215'
      content-type: application/json; charset=utf-8
      date: Wed, 14 Apr 2021 22:57:32 GMT
      expires: '-1'
      pragma: no-cache
      strict-transport-security: max-age=31536000;includeSubDomains
      x-content-type-options: nosniff
      x-ms-keyvault-network-info: conn_type=Ipv4;addr=172.92.159.124;act_addr_fam=InterNetwork;
      x-ms-keyvault-region: eastus2
      x-ms-keyvault-service-version: 1.2.236.0
      x-powered-by: ASP.NET
    status:
      code: 200
      message: OK
    url: https://mcpatinotest.vault.azure.net/keys/livekvtestec-verify-P-256f6a018d8/b38b9cbac16c4a5bbcb70a650caaf259/sign?api-version=7.3-preview
- request:
    body: '{"crv": "P-256K", "kty": "EC"}'
    headers:
      Accept:
      - application/json
      Content-Length:
      - '30'
      Content-Type:
      - application/json
      User-Agent:
      - azsdk-python-keyvault-keys/4.5.0b1 Python/3.5.3 (Windows-10-10.0.19041-SP0)
    method: POST
    uri: https://vaultname.vault.azure.net/keys/livekvtestec-verify-P-256Kf6a018d8/create?api-version=7.3-preview
  response:
    body:
      string: '{"key":{"kid":"https://vaultname.vault.azure.net/keys/livekvtestec-verify-P-256Kf6a018d8/adbe97111ef74acca785023c082e1989","kty":"EC","key_ops":["sign","verify"],"crv":"P-256K","x":"_bgUy_1yKdcqaV8T0NYmyPKfosySbfumxn3ulFDI6O8","y":"A6oVVbZDd2Jw0Fjik2aHN3zO70ti5IX8e2NaWvmPGLQ"},"attributes":{"enabled":true,"created":1618441054,"updated":1618441054,"recoveryLevel":"Recoverable+Purgeable","recoverableDays":90}}'
    headers:
      cache-control: no-cache
      content-length: '414'
      content-type: application/json; charset=utf-8
      date: Wed, 14 Apr 2021 22:57:34 GMT
      expires: '-1'
      pragma: no-cache
      strict-transport-security: max-age=31536000;includeSubDomains
      x-content-type-options: nosniff
      x-ms-keyvault-network-info: conn_type=Ipv4;addr=172.92.159.124;act_addr_fam=InterNetwork;
      x-ms-keyvault-region: eastus2
      x-ms-keyvault-service-version: 1.2.236.0
      x-powered-by: ASP.NET
    status:
      code: 200
      message: OK
    url: https://mcpatinotest.vault.azure.net/keys/livekvtestec-verify-P-256Kf6a018d8/create?api-version=7.3-preview
- request:
    body: '{"alg": "ES256K", "value": "vgZc0NQUb6WMKX___V2JntcFRO_vszKwSAj7R2rL1zg"}'
    headers:
      Accept:
      - application/json
      Content-Length:
      - '73'
      Content-Type:
      - application/json
      User-Agent:
      - azsdk-python-keyvault-keys/4.5.0b1 Python/3.5.3 (Windows-10-10.0.19041-SP0)
    method: POST
    uri: https://vaultname.vault.azure.net/keys/livekvtestec-verify-P-256Kf6a018d8/adbe97111ef74acca785023c082e1989/sign?api-version=7.3-preview
  response:
    body:
      string: '{"kid":"https://vaultname.vault.azure.net/keys/livekvtestec-verify-P-256Kf6a018d8/adbe97111ef74acca785023c082e1989","value":"clFdw8YdwbuSHaGjbcegB8fRwoJn7rnkA9JgC2_BzveAq0fhoCXGhU8gJkLQrbt4PdRDWUvi-zL9eNLvBGf6kw"}'
    headers:
      cache-control: no-cache
      content-length: '216'
      content-type: application/json; charset=utf-8
      date: Wed, 14 Apr 2021 22:57:35 GMT
      expires: '-1'
      pragma: no-cache
      strict-transport-security: max-age=31536000;includeSubDomains
      x-content-type-options: nosniff
      x-ms-keyvault-network-info: conn_type=Ipv4;addr=172.92.159.124;act_addr_fam=InterNetwork;
      x-ms-keyvault-region: eastus2
      x-ms-keyvault-service-version: 1.2.236.0
      x-powered-by: ASP.NET
    status:
      code: 200
      message: OK
    url: https://mcpatinotest.vault.azure.net/keys/livekvtestec-verify-P-256Kf6a018d8/adbe97111ef74acca785023c082e1989/sign?api-version=7.3-preview
- request:
    body: '{"crv": "P-384", "kty": "EC"}'
    headers:
      Accept:
      - application/json
      Content-Length:
      - '29'
      Content-Type:
      - application/json
      User-Agent:
      - azsdk-python-keyvault-keys/4.5.0b1 Python/3.5.3 (Windows-10-10.0.19041-SP0)
    method: POST
    uri: https://vaultname.vault.azure.net/keys/livekvtestec-verify-P-384f6a018d8/create?api-version=7.3-preview
  response:
    body:
      string: '{"key":{"kid":"https://vaultname.vault.azure.net/keys/livekvtestec-verify-P-384f6a018d8/8a33922e4c8e4b549333f530c0bc38ad","kty":"EC","key_ops":["sign","verify"],"crv":"P-384","x":"NQbDNVn23eWuItYToIMyFEYkpcuHOibfX8K1bBWhQfG3E_8Jb-5-Ba2JM8LfdFIH","y":"yl4iao1bzcB9s8OvtgHMSnEebCb18PH88xKBUfT6agQtnZ8l6DwgzDRIELmW49z6"},"attributes":{"enabled":true,"created":1618441057,"updated":1618441057,"recoveryLevel":"Recoverable+Purgeable","recoverableDays":90}}'
    headers:
      cache-control: no-cache
      content-length: '454'
      content-type: application/json; charset=utf-8
      date: Wed, 14 Apr 2021 22:57:37 GMT
      expires: '-1'
      pragma: no-cache
      strict-transport-security: max-age=31536000;includeSubDomains
      x-content-type-options: nosniff
      x-ms-keyvault-network-info: conn_type=Ipv4;addr=172.92.159.124;act_addr_fam=InterNetwork;
      x-ms-keyvault-region: eastus2
      x-ms-keyvault-service-version: 1.2.236.0
      x-powered-by: ASP.NET
    status:
      code: 200
      message: OK
    url: https://mcpatinotest.vault.azure.net/keys/livekvtestec-verify-P-384f6a018d8/create?api-version=7.3-preview
- request:
    body: '{"alg": "ES384", "value": "OnZY76NXJ8_MBkjnc9b9RiaL5OYscmrTal040wQuLFlRrnLvJFecIvZl2KjXqwVB"}'
    headers:
      Accept:
      - application/json
      Content-Length:
      - '93'
      Content-Type:
      - application/json
      User-Agent:
      - azsdk-python-keyvault-keys/4.5.0b1 Python/3.5.3 (Windows-10-10.0.19041-SP0)
    method: POST
    uri: https://vaultname.vault.azure.net/keys/livekvtestec-verify-P-384f6a018d8/8a33922e4c8e4b549333f530c0bc38ad/sign?api-version=7.3-preview
  response:
    body:
      string: '{"kid":"https://vaultname.vault.azure.net/keys/livekvtestec-verify-P-384f6a018d8/8a33922e4c8e4b549333f530c0bc38ad","value":"c7BC1_-0soi6DcY5qHrmSr-k-rLsSxOW3fDkofJjsMY4Qupzp5u_7EaOstew-q_dKNG-71NynxAggeuIUX-XbmkKco1ZutpYRLOp-iHz8yoBGrX9iK1KcYg1OuoPD3LD"}'
    headers:
      cache-control: no-cache
      content-length: '257'
      content-type: application/json; charset=utf-8
      date: Wed, 14 Apr 2021 22:57:38 GMT
      expires: '-1'
      pragma: no-cache
      strict-transport-security: max-age=31536000;includeSubDomains
      x-content-type-options: nosniff
      x-ms-keyvault-network-info: conn_type=Ipv4;addr=172.92.159.124;act_addr_fam=InterNetwork;
      x-ms-keyvault-region: eastus2
      x-ms-keyvault-service-version: 1.2.236.0
      x-powered-by: ASP.NET
    status:
      code: 200
      message: OK
    url: https://mcpatinotest.vault.azure.net/keys/livekvtestec-verify-P-384f6a018d8/8a33922e4c8e4b549333f530c0bc38ad/sign?api-version=7.3-preview
- request:
    body: '{"crv": "P-521", "kty": "EC"}'
    headers:
      Accept:
      - application/json
      Content-Length:
      - '29'
      Content-Type:
      - application/json
      User-Agent:
      - azsdk-python-keyvault-keys/4.5.0b1 Python/3.5.3 (Windows-10-10.0.19041-SP0)
    method: POST
    uri: https://vaultname.vault.azure.net/keys/livekvtestec-verify-P-521f6a018d8/create?api-version=7.3-preview
  response:
    body:
      string: '{"key":{"kid":"https://vaultname.vault.azure.net/keys/livekvtestec-verify-P-521f6a018d8/693ce8f3d3a044cf809c12c84ba1facc","kty":"EC","key_ops":["sign","verify"],"crv":"P-521","x":"AXdgD5XnNaHW0OowP-RWo3xih8CD9pMza4alo7G4Wx85gXNetEwaR3j7V8ibGKQQJTv9wnG6P_wvzpveSAxhR0o1","y":"AL3U0dhs0lflzxbQa0j_QBiymDsbfc_zyFtzXtUCCgdS30yixjaHWj2DK0JkzE5JLDy_X4AXsZ3Te_OYOWUDvkIt"},"attributes":{"enabled":true,"created":1618441060,"updated":1618441060,"recoveryLevel":"Recoverable+Purgeable","recoverableDays":90}}'
    headers:
      cache-control: no-cache
      content-length: '502'
      content-type: application/json; charset=utf-8
      date: Wed, 14 Apr 2021 22:57:40 GMT
      expires: '-1'
      pragma: no-cache
      strict-transport-security: max-age=31536000;includeSubDomains
      x-content-type-options: nosniff
      x-ms-keyvault-network-info: conn_type=Ipv4;addr=172.92.159.124;act_addr_fam=InterNetwork;
      x-ms-keyvault-region: eastus2
      x-ms-keyvault-service-version: 1.2.236.0
      x-powered-by: ASP.NET
    status:
      code: 200
      message: OK
    url: https://mcpatinotest.vault.azure.net/keys/livekvtestec-verify-P-521f6a018d8/create?api-version=7.3-preview
- request:
    body: '{"alg": "ES512", "value": "zZyL-eOHDnnq34aZaWgBMobx4x2Pm3mPRo4eqnRmLK6sE0jsXZFOFhMXaTcvILQxovTsMMh9JupeojYCnDvfrQ"}'
    headers:
      Accept:
      - application/json
      Content-Length:
      - '115'
      Content-Type:
      - application/json
      User-Agent:
      - azsdk-python-keyvault-keys/4.5.0b1 Python/3.5.3 (Windows-10-10.0.19041-SP0)
    method: POST
    uri: https://vaultname.vault.azure.net/keys/livekvtestec-verify-P-521f6a018d8/693ce8f3d3a044cf809c12c84ba1facc/sign?api-version=7.3-preview
  response:
    body:
      string: '{"kid":"https://vaultname.vault.azure.net/keys/livekvtestec-verify-P-521f6a018d8/693ce8f3d3a044cf809c12c84ba1facc","value":"AT9TB9eYrWrKBeclN1DiUE1kUsxLkZI6U-v0pWt2mwWe8VLqJ3d4x5QfHE88bZFruPbI-ZD95QHIzYiaUi1ijLNSAfnmiXZkrAGE1BYR4yf-K9tV5he1LHjo1YjWCM8Sl2GxRU9a2i5uocqXK0es9yVWneQv89ymGeZHlyPCpErO18mN"}'
    headers:
      cache-control: no-cache
      content-length: '305'
      content-type: application/json; charset=utf-8
      date: Wed, 14 Apr 2021 22:57:40 GMT
      expires: '-1'
      pragma: no-cache
      strict-transport-security: max-age=31536000;includeSubDomains
      x-content-type-options: nosniff
      x-ms-keyvault-network-info: conn_type=Ipv4;addr=172.92.159.124;act_addr_fam=InterNetwork;
      x-ms-keyvault-region: eastus2
      x-ms-keyvault-service-version: 1.2.236.0
      x-powered-by: ASP.NET
    status:
      code: 200
      message: OK
    url: https://mcpatinotest.vault.azure.net/keys/livekvtestec-verify-P-521f6a018d8/693ce8f3d3a044cf809c12c84ba1facc/sign?api-version=7.3-preview
version: 1
