interactions:
- request:
    body: null
    headers:
      Accept:
      - application/json
      Content-Length:
      - '0'
      Content-Type:
      - application/json
      User-Agent:
      - azsdk-python-keyvault-keys/4.3.2 Python/3.5.3 (Windows-10-10.0.19041-SP0)
    method: POST
    uri: https://vaultname.vault.azure.net/keys/livekvtestwrap-local569a108d/create?api-version=7.2-preview
  response:
    body:
      string: '{"error":{"code":"Unauthorized","message":"Request is missing a Bearer
        or PoP token."}}'
    headers:
      cache-control: no-cache
      content-length: '87'
      content-type: application/json; charset=utf-8
      date: Sat, 06 Feb 2021 02:21:34 GMT
      expires: '-1'
      pragma: no-cache
      strict-transport-security: max-age=31536000;includeSubDomains
      www-authenticate: Bearer authorization="https://login.windows.net/72f988bf-86f1-41af-91ab-2d7cd011db47",
        resource="https://vault.azure.net"
      x-content-type-options: nosniff
      x-ms-keyvault-network-info: conn_type=Ipv4;addr=174.127.232.53;act_addr_fam=InterNetwork;
      x-ms-keyvault-region: northeurope
      x-ms-keyvault-service-version: 1.2.164.0
      x-powered-by: ASP.NET
    status:
      code: 401
      message: Unauthorized
    url: https://mcpatinotest.vault.azure.net/keys/livekvtestwrap-local569a108d/create?api-version=7.2-preview
- request:
    body: '{"kty": "RSA", "key_size": 4096}'
    headers:
      Accept:
      - application/json
      Content-Length:
      - '32'
      Content-Type:
      - application/json
      User-Agent:
      - azsdk-python-keyvault-keys/4.3.2 Python/3.5.3 (Windows-10-10.0.19041-SP0)
    method: POST
    uri: https://vaultname.vault.azure.net/keys/livekvtestwrap-local569a108d/create?api-version=7.2-preview
  response:
    body:
      string: '{"key":{"kid":"https://vaultname.vault.azure.net/keys/livekvtestwrap-local569a108d/0423bc635d244a2999f345501fd3c067","kty":"RSA","key_ops":["encrypt","decrypt","sign","verify","wrapKey","unwrapKey"],"n":"y3vX6P4inU8CZaAW526rklvBboa8Ld1vATU3NbLgM19deglsYEeRlkYo31vMI32_6s6VJvhGi8FpiYnR5ikiTfDiESdYvwn0ErWTJwMzwGFGaPzdS0qq_WeK2J38Q6M0TS_xXgYUTly0eynziUMnGPmEBNvIfUoWXcvE_mH2slpIHSwd_8UxwVxWjTpQG9hnIYUb9cIg0F0pSrmZyqCcKCpb5xVUN0vrfGcM-MH8pacS2lRdk8B7H4S8-cxB3oAnenM6VCfAIBG8ALPT2HwsbcPx1Ep8Ws35lg7vYLhgfiTHgmPxiRwsxqEO1Cz0ulCl8DiC60AQTirTdTjtzXmQS_UH74Kvp4Z1C62nVTX8uZ-ZdcQ9bih8iHJHIXUY-SW1G3zAX1Y8Ojl7hSpVtww91Ci1yDXAxtZXFAOQPMNC3XhVANVxYuqYnB7DzK96bSmjoWN0MTIxazx-AZ4QavREjMPtUbsR2RoSyAvyh6ZgXyxm0cDsjdA-znzLGj200IfSWLQJSSDCsbHIuisktdSrcwqnrz8g7ZeWucR2G45GiC9RPJRjk9Vlpsg1lQiiKPVPJwsJJ1yzuaMY-wJLKA3u7TtuCznIuij8nU19QNmnxPa2l2GkeQ1CHt80ZY5mAlLr4UBBTmTsfCCHh5p8q6CpoMrd2HpOPNqBeRa5pkDVgsk","e":"AQAB"},"attributes":{"enabled":true,"created":1612578095,"updated":1612578095,"recoveryLevel":"Recoverable+Purgeable","recoverableDays":90}}'
    headers:
      cache-control: no-cache
      content-length: '1037'
      content-type: application/json; charset=utf-8
      date: Sat, 06 Feb 2021 02:21:35 GMT
      expires: '-1'
      pragma: no-cache
      strict-transport-security: max-age=31536000;includeSubDomains
      x-content-type-options: nosniff
      x-ms-keyvault-network-info: conn_type=Ipv4;addr=174.127.232.53;act_addr_fam=InterNetwork;
      x-ms-keyvault-region: northeurope
      x-ms-keyvault-service-version: 1.2.164.0
      x-powered-by: ASP.NET
    status:
      code: 200
      message: OK
    url: https://mcpatinotest.vault.azure.net/keys/livekvtestwrap-local569a108d/create?api-version=7.2-preview
- request:
    body: '{"alg": "RSA-OAEP", "value": "tEBjbV0mnbNrvJg1XmFbmY1wXzt3d7KPl84o21bIWWZ1AzDXJd3KSOc9BhwYChr_VaEHhw_q20YFb_5SQrnF4OKKYq6vx70XrKUZ6CnGYP-PdmmJ8WCXQHtJFXt00Os_x_ZmFsMqvL5a0kik7YDnzO6ZCyrT6PrKQc_LDau_b9tgcNwT5NAbKNJVmT6-5X_YWz820Y6UbiAstU7fFAB-pw8K5nrHWXw_LqJAQ-7XaExBqTwDeNPYzNneIFeFm1pToubCxvLUouNOC1XYKhifk9jNoqSWq7R6weduqNV0et1ofPZPdJxYVcqHcFYWGTRXHy1FFFYw1KSQTp0Ig3VCbTV7PftI6cOuTChMiT30SzJ1jmgcv7Ss-Tf5snUwSgwWO9t8Am_hTZCjNy1o4w5VArYu7xIxO4DThm7Q6UlrO9u6i6SNEIcJezNKMor8Fu8Y8mDHUYUcIVS8BolgCVJiQb-czhnEi6eSXNmHvOFjpAz9ToFMEqJhU4FAysxxOw8zrzM7E9-zWu6QadZxbc_nQbY3_L202-5GTzT4A3IASqtShsiZAUgaQARaasotyuBwn3HOpwYN5z14Lja4ZOqp23ttUYBzJombx0TSUBXA5Jt2UXIUh-CnATAlAyzqzsZR1y_gF2fz_W9TCjKJnwxEiAG_5ggLkkgecCEwwIA6C5k"}'
    headers:
      Accept:
      - application/json
      Content-Length:
      - '715'
      Content-Type:
      - application/json
      User-Agent:
      - azsdk-python-keyvault-keys/4.3.2 Python/3.5.3 (Windows-10-10.0.19041-SP0)
    method: POST
    uri: https://vaultname.vault.azure.net/keys/livekvtestwrap-local569a108d/0423bc635d244a2999f345501fd3c067/unwrapkey?api-version=7.2-preview
  response:
    body:
      string: '{"kid":"https://vaultname.vault.azure.net/keys/livekvtestwrap-local569a108d/0423bc635d244a2999f345501fd3c067","value":"NTA2M2U2YWFhODQ1ZjE1MDIwMDU0Nzk0NGZkMTk5Njc5Yzk4ZWQ2Zjk5ZGEwYTBiMmRhZmVhZjFmNDY4NDQ5NmZkNTMyYzFjMjI5OTY4Y2I5ZGVlNDQ5NTdmY2VmN2NjZWY1OWNlZGEwYjM2MmU1NmJjZDc4ZmQzZmFlZTU3ODFjNjIzYzBiYjIyYjM1YmVhYmRlMDY2NGZkMzBlMGU4MjRhYmEzZGQxYjBhZmZmYzRhM2Q5NTVlZGUyMGNmNmE4NTRkNTJjZmQ"}'
    headers:
      cache-control: no-cache
      content-length: '391'
      content-type: application/json; charset=utf-8
      date: Sat, 06 Feb 2021 02:21:36 GMT
      expires: '-1'
      pragma: no-cache
      strict-transport-security: max-age=31536000;includeSubDomains
      x-content-type-options: nosniff
      x-ms-keyvault-network-info: conn_type=Ipv4;addr=174.127.232.53;act_addr_fam=InterNetwork;
      x-ms-keyvault-region: northeurope
      x-ms-keyvault-service-version: 1.2.164.0
      x-powered-by: ASP.NET
    status:
      code: 200
      message: OK
    url: https://mcpatinotest.vault.azure.net/keys/livekvtestwrap-local569a108d/0423bc635d244a2999f345501fd3c067/unwrapkey?api-version=7.2-preview
- request:
    body: '{"alg": "RSA-OAEP-256", "value": "wp6oicZnThMKQ7xgZzUqAQXP1PmGfj99mFRC2UC4q9oF0mTecwa0rcT7R8zn5ufVyIK7SAskqdmo1jpOR7dDCxHd87nbQaQkmk9xohIjpsAyPiAm0VEQAu1WlZKY-y41IV-UpUiCbKANeq46jG-d4zf50NhJtNNjAXR74h6v0wj7RgTbuRE3RUGG-k74XkA9Ra6YjqHajkIhduiVwmG2mCDTiW5qAVUbq3j_JL_vUMRLfG6gyBxKV1tNeQp0WSy9vtFBsCTlaj8AK2gKQZO93_7DEHtv_bdGQQqwyPa3Xttl9XoR9HIbZQgJ-L0KX_XlN0QsCpJRNrj6zLQ_JVdukrPMnrcH07dNd7V84aDium7ALLBo-ytdPgxqGKRIRmUc1_iNAABD8EXX-ESWroMHHgxjZOYjk2LQrcWwiW_mWK54d47eriGbPASA_UU8_m3nx359xtr54vNHYYPg8bFMalnyzIyY86f_xMGTUsp8P09V8DhRiijOLZF1lPHOUKLMgHhm81-058eQiA3srzeWw8ZeHudY908jX5IMYVuvJ3XhrWIzEo0ezIsYOagyaYVotjx0NRsDO0iKhcpEuQTquWzLvutrnd2yMPeffJSGawzQUuP1jQzAqhd63XKNd8LOBFbVeJna2Jvyxloc3M2h7wmvuXcLt3i9D28R_Pp4dWM"}'
    headers:
      Accept:
      - application/json
      Content-Length:
      - '719'
      Content-Type:
      - application/json
      User-Agent:
      - azsdk-python-keyvault-keys/4.3.2 Python/3.5.3 (Windows-10-10.0.19041-SP0)
    method: POST
    uri: https://vaultname.vault.azure.net/keys/livekvtestwrap-local569a108d/0423bc635d244a2999f345501fd3c067/unwrapkey?api-version=7.2-preview
  response:
    body:
      string: '{"kid":"https://vaultname.vault.azure.net/keys/livekvtestwrap-local569a108d/0423bc635d244a2999f345501fd3c067","value":"NTA2M2U2YWFhODQ1ZjE1MDIwMDU0Nzk0NGZkMTk5Njc5Yzk4ZWQ2Zjk5ZGEwYTBiMmRhZmVhZjFmNDY4NDQ5NmZkNTMyYzFjMjI5OTY4Y2I5ZGVlNDQ5NTdmY2VmN2NjZWY1OWNlZGEwYjM2MmU1NmJjZDc4ZmQzZmFlZTU3ODFjNjIzYzBiYjIyYjM1YmVhYmRlMDY2NGZkMzBlMGU4MjRhYmEzZGQxYjBhZmZmYzRhM2Q5NTVlZGUyMGNmNmE4NTRkNTJjZmQ"}'
    headers:
      cache-control: no-cache
      content-length: '391'
      content-type: application/json; charset=utf-8
      date: Sat, 06 Feb 2021 02:21:36 GMT
      expires: '-1'
      pragma: no-cache
      strict-transport-security: max-age=31536000;includeSubDomains
      x-content-type-options: nosniff
      x-ms-keyvault-network-info: conn_type=Ipv4;addr=174.127.232.53;act_addr_fam=InterNetwork;
      x-ms-keyvault-region: northeurope
      x-ms-keyvault-service-version: 1.2.164.0
      x-powered-by: ASP.NET
    status:
      code: 200
      message: OK
    url: https://mcpatinotest.vault.azure.net/keys/livekvtestwrap-local569a108d/0423bc635d244a2999f345501fd3c067/unwrapkey?api-version=7.2-preview
- request:
    body: '{"alg": "RSA1_5", "value": "DBS8NM5698yzc3TpwgWw4i37u7OYq-rINWV1zyciT_g2Iq7t9ekrlPq__USGR1vKaDFTRIBJVjL-h4EgFwPIUifWekZyRcJPXKKPXqBdQgH2EU6F-dtm_ExVearntAxuIaaz2V1chTK74UcHiaXAzG8azVTnzG5BrM18ZWwBBqS68jNsUcBMaYTs2bMmTBjVL0WXNPdSzuIhS7_niKg_1WHNbjKZ2mp05DjLNi2j1BZn_LlEGCZXXqek5cAkdvLGDtVGj7F1auSrh4Zg_9g5E6E7-Af6okkn8c3qKp26t2zny0W_M3U7x-2M4nDJe_ROK7KlnY58g8zG1DeMFOq9-lGlUgSej_hbnH5PjqBFbR8Q05MgJpSiZkpKQvOWm_zkwzmVcNc6s-H_dY8xHU0ledYyr0tph9dyUQvr0Q_Bxya7F0eUPaUT_CIkWk7thAAYJMHl7uUWT6QNGUs-ybPElo3cfsg5XB_RDkqbRRFF3YmOvENdO3gHuD3JmwCw-_SFVJFM4jt6daP1JdEbkXuhEzoqZHnGqKD03Q-6Y-3bLoLJVrM6hJEWX6IgjhLmKAX8IOfzjE8FOUV2tI39TCvyD4lbvf5wKRtO0d4Q1ldudzJ_exgG5FI2n45V4WLtKllivf9xuWP2XI7vomiqwPzW-5pfnTP0H0fk_SdFSjTH2tg"}'
    headers:
      Accept:
      - application/json
      Content-Length:
      - '713'
      Content-Type:
      - application/json
      User-Agent:
      - azsdk-python-keyvault-keys/4.3.2 Python/3.5.3 (Windows-10-10.0.19041-SP0)
    method: POST
    uri: https://vaultname.vault.azure.net/keys/livekvtestwrap-local569a108d/0423bc635d244a2999f345501fd3c067/unwrapkey?api-version=7.2-preview
  response:
    body:
      string: '{"kid":"https://vaultname.vault.azure.net/keys/livekvtestwrap-local569a108d/0423bc635d244a2999f345501fd3c067","value":"NTA2M2U2YWFhODQ1ZjE1MDIwMDU0Nzk0NGZkMTk5Njc5Yzk4ZWQ2Zjk5ZGEwYTBiMmRhZmVhZjFmNDY4NDQ5NmZkNTMyYzFjMjI5OTY4Y2I5ZGVlNDQ5NTdmY2VmN2NjZWY1OWNlZGEwYjM2MmU1NmJjZDc4ZmQzZmFlZTU3ODFjNjIzYzBiYjIyYjM1YmVhYmRlMDY2NGZkMzBlMGU4MjRhYmEzZGQxYjBhZmZmYzRhM2Q5NTVlZGUyMGNmNmE4NTRkNTJjZmQ"}'
    headers:
      cache-control: no-cache
      content-length: '391'
      content-type: application/json; charset=utf-8
      date: Sat, 06 Feb 2021 02:21:36 GMT
      expires: '-1'
      pragma: no-cache
      strict-transport-security: max-age=31536000;includeSubDomains
      x-content-type-options: nosniff
      x-ms-keyvault-network-info: conn_type=Ipv4;addr=174.127.232.53;act_addr_fam=InterNetwork;
      x-ms-keyvault-region: northeurope
      x-ms-keyvault-service-version: 1.2.164.0
      x-powered-by: ASP.NET
    status:
      code: 200
      message: OK
    url: https://mcpatinotest.vault.azure.net/keys/livekvtestwrap-local569a108d/0423bc635d244a2999f345501fd3c067/unwrapkey?api-version=7.2-preview
version: 1
