interactions:
- request:
    body: null
    headers:
      Accept:
      - application/json
      Accept-Encoding:
      - gzip, deflate
      Connection:
      - keep-alive
      Content-Length:
      - '0'
      Content-Type:
      - application/json; charset=utf-8
      User-Agent:
      - azsdk-python-keyvault-keys/4.0.0b2 Python/3.5.4 (Windows-10-10.0.18362-SP0)
    method: POST
    uri: https://vault55c41090.vault.azure.net/keys/rsa-verify-2048/create?api-version=7.0
  response:
    body:
      string: '{"error":{"code":"Unauthorized","message":"Request is missing a Bearer
        or PoP token."}}'
    headers:
      cache-control:
      - no-cache
      content-length:
      - '87'
      content-type:
      - application/json; charset=utf-8
      date:
      - Wed, 21 Aug 2019 22:38:04 GMT
      expires:
      - '-1'
      pragma:
      - no-cache
      server:
      - Microsoft-IIS/10.0
      strict-transport-security:
      - max-age=31536000;includeSubDomains
      www-authenticate:
      - Bearer authorization="https://login.windows.net/72f988bf-86f1-41af-91ab-2d7cd011db47",
        resource="https://vault.azure.net"
      x-aspnet-version:
      - 4.0.30319
      x-content-type-options:
      - nosniff
      x-ms-keyvault-network-info:
      - addr=131.107.147.153;act_addr_fam=InterNetwork;
      x-ms-keyvault-region:
      - westus
      x-ms-keyvault-service-version:
      - 1.1.0.876
      x-powered-by:
      - ASP.NET
    status:
      code: 401
      message: Unauthorized
- request:
    body: '{"key_size": 2048, "kty": "RSA"}'
    headers:
      Accept:
      - application/json
      Accept-Encoding:
      - gzip, deflate
      Connection:
      - keep-alive
      Content-Length:
      - '32'
      Content-Type:
      - application/json; charset=utf-8
      User-Agent:
      - azsdk-python-keyvault-keys/4.0.0b2 Python/3.5.4 (Windows-10-10.0.18362-SP0)
    method: POST
    uri: https://vault55c41090.vault.azure.net/keys/rsa-verify-2048/create?api-version=7.0
  response:
    body:
      string: '{"key":{"kid":"https://vault55c41090.vault.azure.net/keys/rsa-verify-2048/517f83f106c448f9bee7bfe57d9be23e","kty":"RSA","key_ops":["encrypt","decrypt","sign","verify","wrapKey","unwrapKey"],"n":"qlNc94sJVkQIef8fj5cBYA6xyFWUKV8je_Xt11QV6vxP8qp9MZ8NBsfSfWqh86loaqATCwrXsHRqxvq6_TBjsdjUfUeRbDlXhxhWJ3VO7azVa4hBAHmCYLLrOfcrD7yIp32bAZld26pWkw4dE5CY8u74xgwaZinXpNbbHEVZ47MIQdsTgYzjwDF0FROAEXGgjcRzdrRnJpXIA1UNT_rKdByjm9T7qgUgpQZ9yRbrY5XHoumFAemqAb953cv1acgOcLNkHvZCb3wO1XS1ChynHgGSrwGPJ3-LkDqnUZW2kTU5Tx7edY-OpMszIyQ-wQI1QeFOFffwfGG9ov2fEdbqeQ","e":"AQAB"},"attributes":{"enabled":true,"created":1566427084,"updated":1566427084,"recoveryLevel":"Purgeable"}}'
    headers:
      cache-control:
      - no-cache
      content-length:
      - '651'
      content-type:
      - application/json; charset=utf-8
      date:
      - Wed, 21 Aug 2019 22:38:04 GMT
      expires:
      - '-1'
      pragma:
      - no-cache
      server:
      - Microsoft-IIS/10.0
      strict-transport-security:
      - max-age=31536000;includeSubDomains
      x-aspnet-version:
      - 4.0.30319
      x-content-type-options:
      - nosniff
      x-ms-keyvault-network-info:
      - addr=131.107.147.153;act_addr_fam=InterNetwork;
      x-ms-keyvault-region:
      - westus
      x-ms-keyvault-service-version:
      - 1.1.0.876
      x-powered-by:
      - ASP.NET
    status:
      code: 200
      message: OK
- request:
    body: '{"alg": "PS256", "value": "vgZc0NQUb6WMKX___V2JntcFRO_vszKwSAj7R2rL1zg"}'
    headers:
      Accept:
      - application/json
      Accept-Encoding:
      - gzip, deflate
      Connection:
      - keep-alive
      Content-Length:
      - '72'
      Content-Type:
      - application/json; charset=utf-8
      User-Agent:
      - azsdk-python-keyvault-keys/4.0.0b2 Python/3.5.4 (Windows-10-10.0.18362-SP0)
    method: POST
    uri: https://vault55c41090.vault.azure.net/keys/rsa-verify-2048/517f83f106c448f9bee7bfe57d9be23e/sign?api-version=7.0
  response:
    body:
      string: '{"kid":"https://vault55c41090.vault.azure.net/keys/rsa-verify-2048/517f83f106c448f9bee7bfe57d9be23e","value":"RrH9PBhkC47U7UmqdctV3XCGam4KfmTMGCFmr7pHU7JYMS1TMPHq7HMgk5tP19QIK4FZ9idjQUjFotCR-V6rOeNJ-Wj4sh70EJkTfzAP_FnRdCT_2eTW9UKTyB-mtzoMXW642Oy2ed89H1HjGKKGoHgqamxH5Uew0LFsLnEEgaawk473MsXx2l69_bP62E5KXtP2VNCc0QcAkT_C7IV28eNI8JmHT9arOtzliWyL8Ye3-MwokReRRRpYPaZ7UcgwiyjJc2O6mWQYMh5VPd5lxJWeSMUAM3p0J2Xq3eY9hKXOWUQyWUoKn65zuOD1D10Mr9Fo6HkmWZQY7AI3XeRlFA"}'
    headers:
      cache-control:
      - no-cache
      content-length:
      - '454'
      content-type:
      - application/json; charset=utf-8
      date:
      - Wed, 21 Aug 2019 22:38:04 GMT
      expires:
      - '-1'
      pragma:
      - no-cache
      server:
      - Microsoft-IIS/10.0
      strict-transport-security:
      - max-age=31536000;includeSubDomains
      x-aspnet-version:
      - 4.0.30319
      x-content-type-options:
      - nosniff
      x-ms-keyvault-network-info:
      - addr=131.107.147.153;act_addr_fam=InterNetwork;
      x-ms-keyvault-region:
      - westus
      x-ms-keyvault-service-version:
      - 1.1.0.876
      x-powered-by:
      - ASP.NET
    status:
      code: 200
      message: OK
- request:
    body: '{"digest": "vgZc0NQUb6WMKX___V2JntcFRO_vszKwSAj7R2rL1zg", "alg": "PS256",
      "value": "RrH9PBhkC47U7UmqdctV3XCGam4KfmTMGCFmr7pHU7JYMS1TMPHq7HMgk5tP19QIK4FZ9idjQUjFotCR-V6rOeNJ-Wj4sh70EJkTfzAP_FnRdCT_2eTW9UKTyB-mtzoMXW642Oy2ed89H1HjGKKGoHgqamxH5Uew0LFsLnEEgaawk473MsXx2l69_bP62E5KXtP2VNCc0QcAkT_C7IV28eNI8JmHT9arOtzliWyL8Ye3-MwokReRRRpYPaZ7UcgwiyjJc2O6mWQYMh5VPd5lxJWeSMUAM3p0J2Xq3eY9hKXOWUQyWUoKn65zuOD1D10Mr9Fo6HkmWZQY7AI3XeRlFA"}'
    headers:
      Accept:
      - application/json
      Accept-Encoding:
      - gzip, deflate
      Connection:
      - keep-alive
      Content-Length:
      - '428'
      Content-Type:
      - application/json; charset=utf-8
      User-Agent:
      - azsdk-python-keyvault-keys/4.0.0b2 Python/3.5.4 (Windows-10-10.0.18362-SP0)
    method: POST
    uri: https://vault55c41090.vault.azure.net/keys/rsa-verify-2048/517f83f106c448f9bee7bfe57d9be23e/verify?api-version=7.0
  response:
    body:
      string: '{"value":true}'
    headers:
      cache-control:
      - no-cache
      content-length:
      - '14'
      content-type:
      - application/json; charset=utf-8
      date:
      - Wed, 21 Aug 2019 22:38:04 GMT
      expires:
      - '-1'
      pragma:
      - no-cache
      server:
      - Microsoft-IIS/10.0
      strict-transport-security:
      - max-age=31536000;includeSubDomains
      x-aspnet-version:
      - 4.0.30319
      x-content-type-options:
      - nosniff
      x-ms-keyvault-network-info:
      - addr=131.107.147.153;act_addr_fam=InterNetwork;
      x-ms-keyvault-region:
      - westus
      x-ms-keyvault-service-version:
      - 1.1.0.876
      x-powered-by:
      - ASP.NET
    status:
      code: 200
      message: OK
- request:
    body: '{"alg": "PS384", "value": "OnZY76NXJ8_MBkjnc9b9RiaL5OYscmrTal040wQuLFlRrnLvJFecIvZl2KjXqwVB"}'
    headers:
      Accept:
      - application/json
      Accept-Encoding:
      - gzip, deflate
      Connection:
      - keep-alive
      Content-Length:
      - '93'
      Content-Type:
      - application/json; charset=utf-8
      User-Agent:
      - azsdk-python-keyvault-keys/4.0.0b2 Python/3.5.4 (Windows-10-10.0.18362-SP0)
    method: POST
    uri: https://vault55c41090.vault.azure.net/keys/rsa-verify-2048/517f83f106c448f9bee7bfe57d9be23e/sign?api-version=7.0
  response:
    body:
      string: '{"kid":"https://vault55c41090.vault.azure.net/keys/rsa-verify-2048/517f83f106c448f9bee7bfe57d9be23e","value":"dM4zWvzN0IpELBJ4C_KjSy2zQMf5oTqBA6dxXgjGG0VFxmHvYd92EfL0lyteXfDLQDlKiELR4D-crZMXx12EDv5x2Y80t7cDWMdcjPG5aZqe0Zb90fVYB5vvQzdl7RfSiKActj_YSkIyBIBNSQbzcApoMWIgtBpJQTzMI3JdMJmVBx4eXJg1edarNQhEqw93Qw4c3sy8m2tvj9Xgzn62Ko1S7yNibqR9JBUHiSMrvEMd5-I1mgQVZKE5y8cYXgJslyDSAXoYz0W-hojUL1pvdx3L_zSxTZlqRyvWCPhnMMu0eRL4YOi0S2x5rT0R1DJioyuZ7qXo-VkVRP1JLeEtvw"}'
    headers:
      cache-control:
      - no-cache
      content-length:
      - '454'
      content-type:
      - application/json; charset=utf-8
      date:
      - Wed, 21 Aug 2019 22:38:04 GMT
      expires:
      - '-1'
      pragma:
      - no-cache
      server:
      - Microsoft-IIS/10.0
      strict-transport-security:
      - max-age=31536000;includeSubDomains
      x-aspnet-version:
      - 4.0.30319
      x-content-type-options:
      - nosniff
      x-ms-keyvault-network-info:
      - addr=131.107.147.153;act_addr_fam=InterNetwork;
      x-ms-keyvault-region:
      - westus
      x-ms-keyvault-service-version:
      - 1.1.0.876
      x-powered-by:
      - ASP.NET
    status:
      code: 200
      message: OK
- request:
    body: '{"digest": "OnZY76NXJ8_MBkjnc9b9RiaL5OYscmrTal040wQuLFlRrnLvJFecIvZl2KjXqwVB",
      "alg": "PS384", "value": "dM4zWvzN0IpELBJ4C_KjSy2zQMf5oTqBA6dxXgjGG0VFxmHvYd92EfL0lyteXfDLQDlKiELR4D-crZMXx12EDv5x2Y80t7cDWMdcjPG5aZqe0Zb90fVYB5vvQzdl7RfSiKActj_YSkIyBIBNSQbzcApoMWIgtBpJQTzMI3JdMJmVBx4eXJg1edarNQhEqw93Qw4c3sy8m2tvj9Xgzn62Ko1S7yNibqR9JBUHiSMrvEMd5-I1mgQVZKE5y8cYXgJslyDSAXoYz0W-hojUL1pvdx3L_zSxTZlqRyvWCPhnMMu0eRL4YOi0S2x5rT0R1DJioyuZ7qXo-VkVRP1JLeEtvw"}'
    headers:
      Accept:
      - application/json
      Accept-Encoding:
      - gzip, deflate
      Connection:
      - keep-alive
      Content-Length:
      - '449'
      Content-Type:
      - application/json; charset=utf-8
      User-Agent:
      - azsdk-python-keyvault-keys/4.0.0b2 Python/3.5.4 (Windows-10-10.0.18362-SP0)
    method: POST
    uri: https://vault55c41090.vault.azure.net/keys/rsa-verify-2048/517f83f106c448f9bee7bfe57d9be23e/verify?api-version=7.0
  response:
    body:
      string: '{"value":true}'
    headers:
      cache-control:
      - no-cache
      content-length:
      - '14'
      content-type:
      - application/json; charset=utf-8
      date:
      - Wed, 21 Aug 2019 22:38:04 GMT
      expires:
      - '-1'
      pragma:
      - no-cache
      server:
      - Microsoft-IIS/10.0
      strict-transport-security:
      - max-age=31536000;includeSubDomains
      x-aspnet-version:
      - 4.0.30319
      x-content-type-options:
      - nosniff
      x-ms-keyvault-network-info:
      - addr=131.107.147.153;act_addr_fam=InterNetwork;
      x-ms-keyvault-region:
      - westus
      x-ms-keyvault-service-version:
      - 1.1.0.876
      x-powered-by:
      - ASP.NET
    status:
      code: 200
      message: OK
- request:
    body: '{"alg": "PS512", "value": "zZyL-eOHDnnq34aZaWgBMobx4x2Pm3mPRo4eqnRmLK6sE0jsXZFOFhMXaTcvILQxovTsMMh9JupeojYCnDvfrQ"}'
    headers:
      Accept:
      - application/json
      Accept-Encoding:
      - gzip, deflate
      Connection:
      - keep-alive
      Content-Length:
      - '115'
      Content-Type:
      - application/json; charset=utf-8
      User-Agent:
      - azsdk-python-keyvault-keys/4.0.0b2 Python/3.5.4 (Windows-10-10.0.18362-SP0)
    method: POST
    uri: https://vault55c41090.vault.azure.net/keys/rsa-verify-2048/517f83f106c448f9bee7bfe57d9be23e/sign?api-version=7.0
  response:
    body:
      string: '{"kid":"https://vault55c41090.vault.azure.net/keys/rsa-verify-2048/517f83f106c448f9bee7bfe57d9be23e","value":"aX_38iSC4z_tmfLLPrnfvF2gkI6rZSRDeeCtZ-RPlreWNPGEo8S_F6lgTMFpgw1fkt6FunCi1PtUPwuNfLGjBhkQvX57ZuqXBrcDcOJZRr2DufVDBmCe5gYOSQxDmAs_Q0euBmqpjobleBETE19DOEBY9ICRy7QZvD2tkxwhwDB7dW9vieHYRRf0PvausCnNrJneHCMYRCzSQiId2xUQkW3KQEAIz6P_wAMsTW3TRWomjuApAvq8C32TisQhwmVvMHl5ViVoSnXRdIAF7lSVSlTyJ9PIv5_XBLRFK4tVPWLTWbuI5EctajtQ4J02RjynVGbSZ5leTGNKHN167Rx9qw"}'
    headers:
      cache-control:
      - no-cache
      content-length:
      - '454'
      content-type:
      - application/json; charset=utf-8
      date:
      - Wed, 21 Aug 2019 22:38:04 GMT
      expires:
      - '-1'
      pragma:
      - no-cache
      server:
      - Microsoft-IIS/10.0
      strict-transport-security:
      - max-age=31536000;includeSubDomains
      x-aspnet-version:
      - 4.0.30319
      x-content-type-options:
      - nosniff
      x-ms-keyvault-network-info:
      - addr=131.107.147.153;act_addr_fam=InterNetwork;
      x-ms-keyvault-region:
      - westus
      x-ms-keyvault-service-version:
      - 1.1.0.876
      x-powered-by:
      - ASP.NET
    status:
      code: 200
      message: OK
- request:
    body: '{"digest": "zZyL-eOHDnnq34aZaWgBMobx4x2Pm3mPRo4eqnRmLK6sE0jsXZFOFhMXaTcvILQxovTsMMh9JupeojYCnDvfrQ",
      "alg": "PS512", "value": "aX_38iSC4z_tmfLLPrnfvF2gkI6rZSRDeeCtZ-RPlreWNPGEo8S_F6lgTMFpgw1fkt6FunCi1PtUPwuNfLGjBhkQvX57ZuqXBrcDcOJZRr2DufVDBmCe5gYOSQxDmAs_Q0euBmqpjobleBETE19DOEBY9ICRy7QZvD2tkxwhwDB7dW9vieHYRRf0PvausCnNrJneHCMYRCzSQiId2xUQkW3KQEAIz6P_wAMsTW3TRWomjuApAvq8C32TisQhwmVvMHl5ViVoSnXRdIAF7lSVSlTyJ9PIv5_XBLRFK4tVPWLTWbuI5EctajtQ4J02RjynVGbSZ5leTGNKHN167Rx9qw"}'
    headers:
      Accept:
      - application/json
      Accept-Encoding:
      - gzip, deflate
      Connection:
      - keep-alive
      Content-Length:
      - '471'
      Content-Type:
      - application/json; charset=utf-8
      User-Agent:
      - azsdk-python-keyvault-keys/4.0.0b2 Python/3.5.4 (Windows-10-10.0.18362-SP0)
    method: POST
    uri: https://vault55c41090.vault.azure.net/keys/rsa-verify-2048/517f83f106c448f9bee7bfe57d9be23e/verify?api-version=7.0
  response:
    body:
      string: '{"value":true}'
    headers:
      cache-control:
      - no-cache
      content-length:
      - '14'
      content-type:
      - application/json; charset=utf-8
      date:
      - Wed, 21 Aug 2019 22:38:04 GMT
      expires:
      - '-1'
      pragma:
      - no-cache
      server:
      - Microsoft-IIS/10.0
      strict-transport-security:
      - max-age=31536000;includeSubDomains
      x-aspnet-version:
      - 4.0.30319
      x-content-type-options:
      - nosniff
      x-ms-keyvault-network-info:
      - addr=131.107.147.153;act_addr_fam=InterNetwork;
      x-ms-keyvault-region:
      - westus
      x-ms-keyvault-service-version:
      - 1.1.0.876
      x-powered-by:
      - ASP.NET
    status:
      code: 200
      message: OK
- request:
    body: '{"alg": "RS256", "value": "vgZc0NQUb6WMKX___V2JntcFRO_vszKwSAj7R2rL1zg"}'
    headers:
      Accept:
      - application/json
      Accept-Encoding:
      - gzip, deflate
      Connection:
      - keep-alive
      Content-Length:
      - '72'
      Content-Type:
      - application/json; charset=utf-8
      User-Agent:
      - azsdk-python-keyvault-keys/4.0.0b2 Python/3.5.4 (Windows-10-10.0.18362-SP0)
    method: POST
    uri: https://vault55c41090.vault.azure.net/keys/rsa-verify-2048/517f83f106c448f9bee7bfe57d9be23e/sign?api-version=7.0
  response:
    body:
      string: '{"kid":"https://vault55c41090.vault.azure.net/keys/rsa-verify-2048/517f83f106c448f9bee7bfe57d9be23e","value":"BYwDkDA15VKVrFEVsHgDPuW1kf5RaW0t32m_46lbPRVQATKuJaKNa6ubR5RHXdLnnbaPZpbWlNjE0ykUdWY7l_thpsgPpxEpCyc5CMLms5Zuee_aipexhVWpBe168yXsQKCpaxbmZU5DQfC70WlF4Oc8g3Z9fQbnSTrKErGElkDiLUEt6PrU4y5hf3tftCxMr8kMzR4DkosQZ0nTnj1es37GkRVt0jGanfe4hf5s63u9APC8nN5qQygfNG8w8Ezq4SGQXF9aZx5vU2fdSPH7-bz8JyhpJl5OFNbvWGkBIj02os0JoyjUzk-spvCUpG2CQa8mWmH7l3MIU5s3ffoPcQ"}'
    headers:
      cache-control:
      - no-cache
      content-length:
      - '454'
      content-type:
      - application/json; charset=utf-8
      date:
      - Wed, 21 Aug 2019 22:38:05 GMT
      expires:
      - '-1'
      pragma:
      - no-cache
      server:
      - Microsoft-IIS/10.0
      strict-transport-security:
      - max-age=31536000;includeSubDomains
      x-aspnet-version:
      - 4.0.30319
      x-content-type-options:
      - nosniff
      x-ms-keyvault-network-info:
      - addr=131.107.147.153;act_addr_fam=InterNetwork;
      x-ms-keyvault-region:
      - westus
      x-ms-keyvault-service-version:
      - 1.1.0.876
      x-powered-by:
      - ASP.NET
    status:
      code: 200
      message: OK
- request:
    body: '{"digest": "vgZc0NQUb6WMKX___V2JntcFRO_vszKwSAj7R2rL1zg", "alg": "RS256",
      "value": "BYwDkDA15VKVrFEVsHgDPuW1kf5RaW0t32m_46lbPRVQATKuJaKNa6ubR5RHXdLnnbaPZpbWlNjE0ykUdWY7l_thpsgPpxEpCyc5CMLms5Zuee_aipexhVWpBe168yXsQKCpaxbmZU5DQfC70WlF4Oc8g3Z9fQbnSTrKErGElkDiLUEt6PrU4y5hf3tftCxMr8kMzR4DkosQZ0nTnj1es37GkRVt0jGanfe4hf5s63u9APC8nN5qQygfNG8w8Ezq4SGQXF9aZx5vU2fdSPH7-bz8JyhpJl5OFNbvWGkBIj02os0JoyjUzk-spvCUpG2CQa8mWmH7l3MIU5s3ffoPcQ"}'
    headers:
      Accept:
      - application/json
      Accept-Encoding:
      - gzip, deflate
      Connection:
      - keep-alive
      Content-Length:
      - '428'
      Content-Type:
      - application/json; charset=utf-8
      User-Agent:
      - azsdk-python-keyvault-keys/4.0.0b2 Python/3.5.4 (Windows-10-10.0.18362-SP0)
    method: POST
    uri: https://vault55c41090.vault.azure.net/keys/rsa-verify-2048/517f83f106c448f9bee7bfe57d9be23e/verify?api-version=7.0
  response:
    body:
      string: '{"value":true}'
    headers:
      cache-control:
      - no-cache
      content-length:
      - '14'
      content-type:
      - application/json; charset=utf-8
      date:
      - Wed, 21 Aug 2019 22:38:05 GMT
      expires:
      - '-1'
      pragma:
      - no-cache
      server:
      - Microsoft-IIS/10.0
      strict-transport-security:
      - max-age=31536000;includeSubDomains
      x-aspnet-version:
      - 4.0.30319
      x-content-type-options:
      - nosniff
      x-ms-keyvault-network-info:
      - addr=131.107.147.153;act_addr_fam=InterNetwork;
      x-ms-keyvault-region:
      - westus
      x-ms-keyvault-service-version:
      - 1.1.0.876
      x-powered-by:
      - ASP.NET
    status:
      code: 200
      message: OK
- request:
    body: '{"alg": "RS384", "value": "OnZY76NXJ8_MBkjnc9b9RiaL5OYscmrTal040wQuLFlRrnLvJFecIvZl2KjXqwVB"}'
    headers:
      Accept:
      - application/json
      Accept-Encoding:
      - gzip, deflate
      Connection:
      - keep-alive
      Content-Length:
      - '93'
      Content-Type:
      - application/json; charset=utf-8
      User-Agent:
      - azsdk-python-keyvault-keys/4.0.0b2 Python/3.5.4 (Windows-10-10.0.18362-SP0)
    method: POST
    uri: https://vault55c41090.vault.azure.net/keys/rsa-verify-2048/517f83f106c448f9bee7bfe57d9be23e/sign?api-version=7.0
  response:
    body:
      string: '{"kid":"https://vault55c41090.vault.azure.net/keys/rsa-verify-2048/517f83f106c448f9bee7bfe57d9be23e","value":"I0gsv5nlTr9AF3DskdScvKHMMINOEWYEqyyTs_gLPpNovVpIAt3PTB1FkebxpvVi3rnLSq2s-TD0hFsVl14u16YFts_Fzbe3yqrNfjfBj1vMjm6kI-2tJbzHoLFfELtCz_3kMrv9e4ll2N_jyjuQxv9NDMauvLMIt4KwTR1wguXQEpwFerHgQD0HvbXTNKt4ZEv_6G4acg6uG6UEkIiBpYuPlugyMNCOcqC1-A8Rr5WCmM4fl7VZNlWMLVGb_6NLCoFGQRGzzKbd0cSShf-esICfp7LPHj0ENSihG7jUeh4tFv1kVNAnhCLT9jIKD6wWVUOKPU1jSl-eUk2IZZRTGQ"}'
    headers:
      cache-control:
      - no-cache
      content-length:
      - '454'
      content-type:
      - application/json; charset=utf-8
      date:
      - Wed, 21 Aug 2019 22:38:05 GMT
      expires:
      - '-1'
      pragma:
      - no-cache
      server:
      - Microsoft-IIS/10.0
      strict-transport-security:
      - max-age=31536000;includeSubDomains
      x-aspnet-version:
      - 4.0.30319
      x-content-type-options:
      - nosniff
      x-ms-keyvault-network-info:
      - addr=131.107.147.153;act_addr_fam=InterNetwork;
      x-ms-keyvault-region:
      - westus
      x-ms-keyvault-service-version:
      - 1.1.0.876
      x-powered-by:
      - ASP.NET
    status:
      code: 200
      message: OK
- request:
    body: '{"digest": "OnZY76NXJ8_MBkjnc9b9RiaL5OYscmrTal040wQuLFlRrnLvJFecIvZl2KjXqwVB",
      "alg": "RS384", "value": "I0gsv5nlTr9AF3DskdScvKHMMINOEWYEqyyTs_gLPpNovVpIAt3PTB1FkebxpvVi3rnLSq2s-TD0hFsVl14u16YFts_Fzbe3yqrNfjfBj1vMjm6kI-2tJbzHoLFfELtCz_3kMrv9e4ll2N_jyjuQxv9NDMauvLMIt4KwTR1wguXQEpwFerHgQD0HvbXTNKt4ZEv_6G4acg6uG6UEkIiBpYuPlugyMNCOcqC1-A8Rr5WCmM4fl7VZNlWMLVGb_6NLCoFGQRGzzKbd0cSShf-esICfp7LPHj0ENSihG7jUeh4tFv1kVNAnhCLT9jIKD6wWVUOKPU1jSl-eUk2IZZRTGQ"}'
    headers:
      Accept:
      - application/json
      Accept-Encoding:
      - gzip, deflate
      Connection:
      - keep-alive
      Content-Length:
      - '449'
      Content-Type:
      - application/json; charset=utf-8
      User-Agent:
      - azsdk-python-keyvault-keys/4.0.0b2 Python/3.5.4 (Windows-10-10.0.18362-SP0)
    method: POST
    uri: https://vault55c41090.vault.azure.net/keys/rsa-verify-2048/517f83f106c448f9bee7bfe57d9be23e/verify?api-version=7.0
  response:
    body:
      string: '{"value":true}'
    headers:
      cache-control:
      - no-cache
      content-length:
      - '14'
      content-type:
      - application/json; charset=utf-8
      date:
      - Wed, 21 Aug 2019 22:38:05 GMT
      expires:
      - '-1'
      pragma:
      - no-cache
      server:
      - Microsoft-IIS/10.0
      strict-transport-security:
      - max-age=31536000;includeSubDomains
      x-aspnet-version:
      - 4.0.30319
      x-content-type-options:
      - nosniff
      x-ms-keyvault-network-info:
      - addr=131.107.147.153;act_addr_fam=InterNetwork;
      x-ms-keyvault-region:
      - westus
      x-ms-keyvault-service-version:
      - 1.1.0.876
      x-powered-by:
      - ASP.NET
    status:
      code: 200
      message: OK
- request:
    body: '{"alg": "RS512", "value": "zZyL-eOHDnnq34aZaWgBMobx4x2Pm3mPRo4eqnRmLK6sE0jsXZFOFhMXaTcvILQxovTsMMh9JupeojYCnDvfrQ"}'
    headers:
      Accept:
      - application/json
      Accept-Encoding:
      - gzip, deflate
      Connection:
      - keep-alive
      Content-Length:
      - '115'
      Content-Type:
      - application/json; charset=utf-8
      User-Agent:
      - azsdk-python-keyvault-keys/4.0.0b2 Python/3.5.4 (Windows-10-10.0.18362-SP0)
    method: POST
    uri: https://vault55c41090.vault.azure.net/keys/rsa-verify-2048/517f83f106c448f9bee7bfe57d9be23e/sign?api-version=7.0
  response:
    body:
      string: '{"kid":"https://vault55c41090.vault.azure.net/keys/rsa-verify-2048/517f83f106c448f9bee7bfe57d9be23e","value":"b4g2MEEesOk4BcbPlDnpLpdjeDTQE7J_qoSAXYH1Xg1EeyPHiJ4gv-71JJcUPNQaGzz4jmzLrmI1d_kjUSnYTswHYWX-hgrC2Z0-hkFTupmKjJ--JnkQMnBGr4BzP_2WIXwnRBbZP-c5J38HpFwjekFJ1FUlNcc5ecnQHC9FmrVbZYngBUfNOHfrDBJ6ZpedOKSBxZcOrF4GYJW1eSoMptdDsMEgOKBrKhr-Jos9ZvIgOj9vQmsS-4Lk3oW10q6OJIV6157zgCxpMloVbuWeTFeqtOFI1IOCXgBn8PTxazjugyGVlLkyPlTMSa3oU1pWxGq3QjEcCKP7hkNqiVxQ8Q"}'
    headers:
      cache-control:
      - no-cache
      content-length:
      - '454'
      content-type:
      - application/json; charset=utf-8
      date:
      - Wed, 21 Aug 2019 22:38:05 GMT
      expires:
      - '-1'
      pragma:
      - no-cache
      server:
      - Microsoft-IIS/10.0
      strict-transport-security:
      - max-age=31536000;includeSubDomains
      x-aspnet-version:
      - 4.0.30319
      x-content-type-options:
      - nosniff
      x-ms-keyvault-network-info:
      - addr=131.107.147.153;act_addr_fam=InterNetwork;
      x-ms-keyvault-region:
      - westus
      x-ms-keyvault-service-version:
      - 1.1.0.876
      x-powered-by:
      - ASP.NET
    status:
      code: 200
      message: OK
- request:
    body: '{"digest": "zZyL-eOHDnnq34aZaWgBMobx4x2Pm3mPRo4eqnRmLK6sE0jsXZFOFhMXaTcvILQxovTsMMh9JupeojYCnDvfrQ",
      "alg": "RS512", "value": "b4g2MEEesOk4BcbPlDnpLpdjeDTQE7J_qoSAXYH1Xg1EeyPHiJ4gv-71JJcUPNQaGzz4jmzLrmI1d_kjUSnYTswHYWX-hgrC2Z0-hkFTupmKjJ--JnkQMnBGr4BzP_2WIXwnRBbZP-c5J38HpFwjekFJ1FUlNcc5ecnQHC9FmrVbZYngBUfNOHfrDBJ6ZpedOKSBxZcOrF4GYJW1eSoMptdDsMEgOKBrKhr-Jos9ZvIgOj9vQmsS-4Lk3oW10q6OJIV6157zgCxpMloVbuWeTFeqtOFI1IOCXgBn8PTxazjugyGVlLkyPlTMSa3oU1pWxGq3QjEcCKP7hkNqiVxQ8Q"}'
    headers:
      Accept:
      - application/json
      Accept-Encoding:
      - gzip, deflate
      Connection:
      - keep-alive
      Content-Length:
      - '471'
      Content-Type:
      - application/json; charset=utf-8
      User-Agent:
      - azsdk-python-keyvault-keys/4.0.0b2 Python/3.5.4 (Windows-10-10.0.18362-SP0)
    method: POST
    uri: https://vault55c41090.vault.azure.net/keys/rsa-verify-2048/517f83f106c448f9bee7bfe57d9be23e/verify?api-version=7.0
  response:
    body:
      string: '{"value":true}'
    headers:
      cache-control:
      - no-cache
      content-length:
      - '14'
      content-type:
      - application/json; charset=utf-8
      date:
      - Wed, 21 Aug 2019 22:38:05 GMT
      expires:
      - '-1'
      pragma:
      - no-cache
      server:
      - Microsoft-IIS/10.0
      strict-transport-security:
      - max-age=31536000;includeSubDomains
      x-aspnet-version:
      - 4.0.30319
      x-content-type-options:
      - nosniff
      x-ms-keyvault-network-info:
      - addr=131.107.147.153;act_addr_fam=InterNetwork;
      x-ms-keyvault-region:
      - westus
      x-ms-keyvault-service-version:
      - 1.1.0.876
      x-powered-by:
      - ASP.NET
    status:
      code: 200
      message: OK
- request:
    body: '{"key_size": 3072, "kty": "RSA"}'
    headers:
      Accept:
      - application/json
      Accept-Encoding:
      - gzip, deflate
      Connection:
      - keep-alive
      Content-Length:
      - '32'
      Content-Type:
      - application/json; charset=utf-8
      User-Agent:
      - azsdk-python-keyvault-keys/4.0.0b2 Python/3.5.4 (Windows-10-10.0.18362-SP0)
    method: POST
    uri: https://vault55c41090.vault.azure.net/keys/rsa-verify-3072/create?api-version=7.0
  response:
    body:
      string: '{"key":{"kid":"https://vault55c41090.vault.azure.net/keys/rsa-verify-3072/1c502d19de584ab593abc47c14d9abbf","kty":"RSA","key_ops":["encrypt","decrypt","sign","verify","wrapKey","unwrapKey"],"n":"0oZkGXzwe-gBHnpGH55HTYhrKxNzFRl1boQSICDBLQCTSEopmzeKjoi6FzSz7saTt1Fd54IZwCxQ1Px0ivufV7ZkOxKeT3Df96mNVKMQ4CIZxAu8YD_znB9ROCgBUPCB7ehPJ39wyZz50k8pE2N18HdLiFyflvXoKEKUHxIgsf4SNTG8uKzYCbqnynmMU2w5J0m8V3ySuuae_AyA_7W6KUrJnT3kixRhjOtprme07WEBLAaQGlLIzbD-fWrsS0FUFKxRnNGSaPBW4uII9bh9fqhSJ7ZyR5wufeIkVvuYVPXuGZ3c1gCnXhKyG9nFfd1bgqkYfmOMJ587TqdcEhZ_qrHNaKb0uo7gywzy5rvHpEfDHPdXN-O26G41xEmhperYvHKDKfT8OAxKL-4VY3Kmv82JwI_5SecuMmaXrJ0NwTyZ-q4FYa95O_wPyx8G4-A_pg1hoarE2Tw0GL9oNWj9xvFSNUHROJWzhdTsq2ycSsqRos-Bta7TwTh4zJgcvkGl","e":"AQAB"},"attributes":{"enabled":true,"created":1566427086,"updated":1566427086,"recoveryLevel":"Purgeable"}}'
    headers:
      cache-control:
      - no-cache
      content-length:
      - '821'
      content-type:
      - application/json; charset=utf-8
      date:
      - Wed, 21 Aug 2019 22:38:06 GMT
      expires:
      - '-1'
      pragma:
      - no-cache
      server:
      - Microsoft-IIS/10.0
      strict-transport-security:
      - max-age=31536000;includeSubDomains
      x-aspnet-version:
      - 4.0.30319
      x-content-type-options:
      - nosniff
      x-ms-keyvault-network-info:
      - addr=131.107.147.153;act_addr_fam=InterNetwork;
      x-ms-keyvault-region:
      - westus
      x-ms-keyvault-service-version:
      - 1.1.0.876
      x-powered-by:
      - ASP.NET
    status:
      code: 200
      message: OK
- request:
    body: '{"alg": "PS256", "value": "vgZc0NQUb6WMKX___V2JntcFRO_vszKwSAj7R2rL1zg"}'
    headers:
      Accept:
      - application/json
      Accept-Encoding:
      - gzip, deflate
      Connection:
      - keep-alive
      Content-Length:
      - '72'
      Content-Type:
      - application/json; charset=utf-8
      User-Agent:
      - azsdk-python-keyvault-keys/4.0.0b2 Python/3.5.4 (Windows-10-10.0.18362-SP0)
    method: POST
    uri: https://vault55c41090.vault.azure.net/keys/rsa-verify-3072/1c502d19de584ab593abc47c14d9abbf/sign?api-version=7.0
  response:
    body:
      string: '{"kid":"https://vault55c41090.vault.azure.net/keys/rsa-verify-3072/1c502d19de584ab593abc47c14d9abbf","value":"uqY6m8vtPPElFd4hUI_rsR7Z2oRSZeCK3gY0k_KGGl1LvcIZY18z2R4_5bLmxLE0zvEYVpOxEmy_h8FbOxk6VDVawidyXu8tRR0P-1wAvyOf-2Hg52i005nHNGOYm4TImIYgaWMn6IMVGnN3e7rpwrNGkWshYsaJ2dQpQDHKfg9_KEcTNQOJx0xLLb0sxW0M9Nkf6EaTdFgD3O2oK7qrNS2cpIhfzJLRrLnEkUapyY19m0lCP8zSYJVcwed77ccAh8XalsUaXzG4tDCGUEOisUEPwO8pbYnbjO7G3PWzK9LyPXHphPobMxQPLLTaWwfcPl9f7yklwjifT0LJfzixEEJRVov-zefa6oEE3qXCIe_daY03qm5f2HaRhpS7ODL4rNLqeBLAlvPKYQ05s4A-wdYAs0nk4B2cXa-5oalmpLI0te6mqsf4BcegmBm1jSCu-XQJkbmBRWmw3HId-0DJT5IQw6RYDL-kja9qxbs_zZjpgGwFyupn81PfanLRNIsL"}'
    headers:
      cache-control:
      - no-cache
      content-length:
      - '624'
      content-type:
      - application/json; charset=utf-8
      date:
      - Wed, 21 Aug 2019 22:38:06 GMT
      expires:
      - '-1'
      pragma:
      - no-cache
      server:
      - Microsoft-IIS/10.0
      strict-transport-security:
      - max-age=31536000;includeSubDomains
      x-aspnet-version:
      - 4.0.30319
      x-content-type-options:
      - nosniff
      x-ms-keyvault-network-info:
      - addr=131.107.147.153;act_addr_fam=InterNetwork;
      x-ms-keyvault-region:
      - westus
      x-ms-keyvault-service-version:
      - 1.1.0.876
      x-powered-by:
      - ASP.NET
    status:
      code: 200
      message: OK
- request:
    body: '{"digest": "vgZc0NQUb6WMKX___V2JntcFRO_vszKwSAj7R2rL1zg", "alg": "PS256",
      "value": "uqY6m8vtPPElFd4hUI_rsR7Z2oRSZeCK3gY0k_KGGl1LvcIZY18z2R4_5bLmxLE0zvEYVpOxEmy_h8FbOxk6VDVawidyXu8tRR0P-1wAvyOf-2Hg52i005nHNGOYm4TImIYgaWMn6IMVGnN3e7rpwrNGkWshYsaJ2dQpQDHKfg9_KEcTNQOJx0xLLb0sxW0M9Nkf6EaTdFgD3O2oK7qrNS2cpIhfzJLRrLnEkUapyY19m0lCP8zSYJVcwed77ccAh8XalsUaXzG4tDCGUEOisUEPwO8pbYnbjO7G3PWzK9LyPXHphPobMxQPLLTaWwfcPl9f7yklwjifT0LJfzixEEJRVov-zefa6oEE3qXCIe_daY03qm5f2HaRhpS7ODL4rNLqeBLAlvPKYQ05s4A-wdYAs0nk4B2cXa-5oalmpLI0te6mqsf4BcegmBm1jSCu-XQJkbmBRWmw3HId-0DJT5IQw6RYDL-kja9qxbs_zZjpgGwFyupn81PfanLRNIsL"}'
    headers:
      Accept:
      - application/json
      Accept-Encoding:
      - gzip, deflate
      Connection:
      - keep-alive
      Content-Length:
      - '598'
      Content-Type:
      - application/json; charset=utf-8
      User-Agent:
      - azsdk-python-keyvault-keys/4.0.0b2 Python/3.5.4 (Windows-10-10.0.18362-SP0)
    method: POST
    uri: https://vault55c41090.vault.azure.net/keys/rsa-verify-3072/1c502d19de584ab593abc47c14d9abbf/verify?api-version=7.0
  response:
    body:
      string: '{"value":true}'
    headers:
      cache-control:
      - no-cache
      content-length:
      - '14'
      content-type:
      - application/json; charset=utf-8
      date:
      - Wed, 21 Aug 2019 22:38:06 GMT
      expires:
      - '-1'
      pragma:
      - no-cache
      server:
      - Microsoft-IIS/10.0
      strict-transport-security:
      - max-age=31536000;includeSubDomains
      x-aspnet-version:
      - 4.0.30319
      x-content-type-options:
      - nosniff
      x-ms-keyvault-network-info:
      - addr=131.107.147.153;act_addr_fam=InterNetwork;
      x-ms-keyvault-region:
      - westus
      x-ms-keyvault-service-version:
      - 1.1.0.876
      x-powered-by:
      - ASP.NET
    status:
      code: 200
      message: OK
- request:
    body: '{"alg": "PS384", "value": "OnZY76NXJ8_MBkjnc9b9RiaL5OYscmrTal040wQuLFlRrnLvJFecIvZl2KjXqwVB"}'
    headers:
      Accept:
      - application/json
      Accept-Encoding:
      - gzip, deflate
      Connection:
      - keep-alive
      Content-Length:
      - '93'
      Content-Type:
      - application/json; charset=utf-8
      User-Agent:
      - azsdk-python-keyvault-keys/4.0.0b2 Python/3.5.4 (Windows-10-10.0.18362-SP0)
    method: POST
    uri: https://vault55c41090.vault.azure.net/keys/rsa-verify-3072/1c502d19de584ab593abc47c14d9abbf/sign?api-version=7.0
  response:
    body:
      string: '{"kid":"https://vault55c41090.vault.azure.net/keys/rsa-verify-3072/1c502d19de584ab593abc47c14d9abbf","value":"LBTS3DbaxmoIpKrlc2LCB99f_gzvJFw-rIUqOdYVeUqVE23jbqxgNQztc5SYUXVkRzirFfUxfKuaDddlD7H2LYN6hjmtqCkmVOQwnC6V01QHWlqF_MnTvRwRbOeenidu2SYb7T09mYfcduJ7EC6kcaHUBkfWYna-Wy-cnzQHgoZQealBQSIRtT8_HDZwhT8jIG6ALrlGpu3-JGUd0bpXfArOIANasVEr3slivbEV7SY5Jmre5ZTdnyoSl6-3PMAK2CLAdWDZ-S6RCjB-f8v2wi3-cVKNRQOhl-paXcqKq82h6S2wHO-7s7d7BaXdDojBtRLfg9rYahs7RnrsACmAQd-hDwZVxWnbRYNE1Sh37VxRLzWNbgiczU15sV1sdAQMfnQnrZkuAuC6NvXY6hA6oe4_RyfNXjofXYr7Ce9U93WYEKlyCknd73eavZh99n2oT33z428SoujC_dGSjykFJDMciANo54KJtyc_149JABST0AkIOg7-y5fP9_vPpyWb"}'
    headers:
      cache-control:
      - no-cache
      content-length:
      - '624'
      content-type:
      - application/json; charset=utf-8
      date:
      - Wed, 21 Aug 2019 22:38:06 GMT
      expires:
      - '-1'
      pragma:
      - no-cache
      server:
      - Microsoft-IIS/10.0
      strict-transport-security:
      - max-age=31536000;includeSubDomains
      x-aspnet-version:
      - 4.0.30319
      x-content-type-options:
      - nosniff
      x-ms-keyvault-network-info:
      - addr=131.107.147.153;act_addr_fam=InterNetwork;
      x-ms-keyvault-region:
      - westus
      x-ms-keyvault-service-version:
      - 1.1.0.876
      x-powered-by:
      - ASP.NET
    status:
      code: 200
      message: OK
- request:
    body: '{"digest": "OnZY76NXJ8_MBkjnc9b9RiaL5OYscmrTal040wQuLFlRrnLvJFecIvZl2KjXqwVB",
      "alg": "PS384", "value": "LBTS3DbaxmoIpKrlc2LCB99f_gzvJFw-rIUqOdYVeUqVE23jbqxgNQztc5SYUXVkRzirFfUxfKuaDddlD7H2LYN6hjmtqCkmVOQwnC6V01QHWlqF_MnTvRwRbOeenidu2SYb7T09mYfcduJ7EC6kcaHUBkfWYna-Wy-cnzQHgoZQealBQSIRtT8_HDZwhT8jIG6ALrlGpu3-JGUd0bpXfArOIANasVEr3slivbEV7SY5Jmre5ZTdnyoSl6-3PMAK2CLAdWDZ-S6RCjB-f8v2wi3-cVKNRQOhl-paXcqKq82h6S2wHO-7s7d7BaXdDojBtRLfg9rYahs7RnrsACmAQd-hDwZVxWnbRYNE1Sh37VxRLzWNbgiczU15sV1sdAQMfnQnrZkuAuC6NvXY6hA6oe4_RyfNXjofXYr7Ce9U93WYEKlyCknd73eavZh99n2oT33z428SoujC_dGSjykFJDMciANo54KJtyc_149JABST0AkIOg7-y5fP9_vPpyWb"}'
    headers:
      Accept:
      - application/json
      Accept-Encoding:
      - gzip, deflate
      Connection:
      - keep-alive
      Content-Length:
      - '619'
      Content-Type:
      - application/json; charset=utf-8
      User-Agent:
      - azsdk-python-keyvault-keys/4.0.0b2 Python/3.5.4 (Windows-10-10.0.18362-SP0)
    method: POST
    uri: https://vault55c41090.vault.azure.net/keys/rsa-verify-3072/1c502d19de584ab593abc47c14d9abbf/verify?api-version=7.0
  response:
    body:
      string: '{"value":true}'
    headers:
      cache-control:
      - no-cache
      content-length:
      - '14'
      content-type:
      - application/json; charset=utf-8
      date:
      - Wed, 21 Aug 2019 22:38:06 GMT
      expires:
      - '-1'
      pragma:
      - no-cache
      server:
      - Microsoft-IIS/10.0
      strict-transport-security:
      - max-age=31536000;includeSubDomains
      x-aspnet-version:
      - 4.0.30319
      x-content-type-options:
      - nosniff
      x-ms-keyvault-network-info:
      - addr=131.107.147.153;act_addr_fam=InterNetwork;
      x-ms-keyvault-region:
      - westus
      x-ms-keyvault-service-version:
      - 1.1.0.876
      x-powered-by:
      - ASP.NET
    status:
      code: 200
      message: OK
- request:
    body: '{"alg": "PS512", "value": "zZyL-eOHDnnq34aZaWgBMobx4x2Pm3mPRo4eqnRmLK6sE0jsXZFOFhMXaTcvILQxovTsMMh9JupeojYCnDvfrQ"}'
    headers:
      Accept:
      - application/json
      Accept-Encoding:
      - gzip, deflate
      Connection:
      - keep-alive
      Content-Length:
      - '115'
      Content-Type:
      - application/json; charset=utf-8
      User-Agent:
      - azsdk-python-keyvault-keys/4.0.0b2 Python/3.5.4 (Windows-10-10.0.18362-SP0)
    method: POST
    uri: https://vault55c41090.vault.azure.net/keys/rsa-verify-3072/1c502d19de584ab593abc47c14d9abbf/sign?api-version=7.0
  response:
    body:
      string: '{"kid":"https://vault55c41090.vault.azure.net/keys/rsa-verify-3072/1c502d19de584ab593abc47c14d9abbf","value":"iyEfs52puzpXc9qbNWxfEQSHJqmeNFhFEFtq_brkAfgP9zR87SMexA1A24EqIBXMVIuNQjEZtY1RpcrdcNrhQ8-TNChTueyXF308KRzsIkKCbF7gyP6lMbMDEQBCY3kcSAvkJ-ZDurySJtduGnQxf4MKqrd3neSpoTZFnm04cWapmL4vck5_TSUFcAy46y8GtANu04tvMMC0UsvgpCrlefDrUY4sw6YIPYc-L3cCqmSHg83cXhtr-QhPJhl47UNNyP9UtHGNrtjlrls0kLGK-W3Ye2MgYJ68RFQCAI0Pq9bvOTHJJYjCac-M5ejc9w80jdu6O6L9p7TuoBXtbPERppk_bvSrc0jz1UIO-RJAtrVn9wwEEzeGbCRmmOnRYABJE_eA0JpbBw6nIubm1i3ouCDLElKAreLEXB67GwksXnKfJo6uFOLCJjpjR3CTxuL_alaYK1HpXCGH0NuNImtyIGH2K-v-yrLv0DTTWD_zwKRqblgWuH9rXwqAe49etapW"}'
    headers:
      cache-control:
      - no-cache
      content-length:
      - '624'
      content-type:
      - application/json; charset=utf-8
      date:
      - Wed, 21 Aug 2019 22:38:06 GMT
      expires:
      - '-1'
      pragma:
      - no-cache
      server:
      - Microsoft-IIS/10.0
      strict-transport-security:
      - max-age=31536000;includeSubDomains
      x-aspnet-version:
      - 4.0.30319
      x-content-type-options:
      - nosniff
      x-ms-keyvault-network-info:
      - addr=131.107.147.153;act_addr_fam=InterNetwork;
      x-ms-keyvault-region:
      - westus
      x-ms-keyvault-service-version:
      - 1.1.0.876
      x-powered-by:
      - ASP.NET
    status:
      code: 200
      message: OK
- request:
    body: '{"digest": "zZyL-eOHDnnq34aZaWgBMobx4x2Pm3mPRo4eqnRmLK6sE0jsXZFOFhMXaTcvILQxovTsMMh9JupeojYCnDvfrQ",
      "alg": "PS512", "value": "iyEfs52puzpXc9qbNWxfEQSHJqmeNFhFEFtq_brkAfgP9zR87SMexA1A24EqIBXMVIuNQjEZtY1RpcrdcNrhQ8-TNChTueyXF308KRzsIkKCbF7gyP6lMbMDEQBCY3kcSAvkJ-ZDurySJtduGnQxf4MKqrd3neSpoTZFnm04cWapmL4vck5_TSUFcAy46y8GtANu04tvMMC0UsvgpCrlefDrUY4sw6YIPYc-L3cCqmSHg83cXhtr-QhPJhl47UNNyP9UtHGNrtjlrls0kLGK-W3Ye2MgYJ68RFQCAI0Pq9bvOTHJJYjCac-M5ejc9w80jdu6O6L9p7TuoBXtbPERppk_bvSrc0jz1UIO-RJAtrVn9wwEEzeGbCRmmOnRYABJE_eA0JpbBw6nIubm1i3ouCDLElKAreLEXB67GwksXnKfJo6uFOLCJjpjR3CTxuL_alaYK1HpXCGH0NuNImtyIGH2K-v-yrLv0DTTWD_zwKRqblgWuH9rXwqAe49etapW"}'
    headers:
      Accept:
      - application/json
      Accept-Encoding:
      - gzip, deflate
      Connection:
      - keep-alive
      Content-Length:
      - '641'
      Content-Type:
      - application/json; charset=utf-8
      User-Agent:
      - azsdk-python-keyvault-keys/4.0.0b2 Python/3.5.4 (Windows-10-10.0.18362-SP0)
    method: POST
    uri: https://vault55c41090.vault.azure.net/keys/rsa-verify-3072/1c502d19de584ab593abc47c14d9abbf/verify?api-version=7.0
  response:
    body:
      string: '{"value":true}'
    headers:
      cache-control:
      - no-cache
      content-length:
      - '14'
      content-type:
      - application/json; charset=utf-8
      date:
      - Wed, 21 Aug 2019 22:38:06 GMT
      expires:
      - '-1'
      pragma:
      - no-cache
      server:
      - Microsoft-IIS/10.0
      strict-transport-security:
      - max-age=31536000;includeSubDomains
      x-aspnet-version:
      - 4.0.30319
      x-content-type-options:
      - nosniff
      x-ms-keyvault-network-info:
      - addr=131.107.147.153;act_addr_fam=InterNetwork;
      x-ms-keyvault-region:
      - westus
      x-ms-keyvault-service-version:
      - 1.1.0.876
      x-powered-by:
      - ASP.NET
    status:
      code: 200
      message: OK
- request:
    body: '{"alg": "RS256", "value": "vgZc0NQUb6WMKX___V2JntcFRO_vszKwSAj7R2rL1zg"}'
    headers:
      Accept:
      - application/json
      Accept-Encoding:
      - gzip, deflate
      Connection:
      - keep-alive
      Content-Length:
      - '72'
      Content-Type:
      - application/json; charset=utf-8
      User-Agent:
      - azsdk-python-keyvault-keys/4.0.0b2 Python/3.5.4 (Windows-10-10.0.18362-SP0)
    method: POST
    uri: https://vault55c41090.vault.azure.net/keys/rsa-verify-3072/1c502d19de584ab593abc47c14d9abbf/sign?api-version=7.0
  response:
    body:
      string: '{"kid":"https://vault55c41090.vault.azure.net/keys/rsa-verify-3072/1c502d19de584ab593abc47c14d9abbf","value":"ezyDE5l4PjJE4_fTShVb_H6M2jr1jHKfwbd2jt8sFBVpvY67la_U1e9KwzdYTCFP0qsMboSJyJEpi1ACxH0u4IH_QGWjwIxY8TBR94IeolW_mMVlM2XaMmfdXl4e4rf2Wjfm_4pLR_88y-VHH4JD3AgYNJQqLW9Mao3yyUfgYw8ezNqHUkC71OPt_6Nqz9a3YMIuPFgJyV4g-w_yhtwPabRmIG_3wEXNvLGBIH5joQYfIThD01Dsnv_LzjRs30NnS8RjrokqxKIT1R_LX0pK8QFh0uVC5yzn2SS2ycqt0sZuxYu4G3XnAC1YyhT_Zx9YJj7-NqXB92UWO4xkLDqEkCSDtbUGxlgItWT0uDLLAugb4BSDIU3EU6t5zpZX289aJNqDJ7rkUyCWHPsCOaJrm4crvUcw136itBl8nsfosvvBv-3m71t2dL0S-50GorP4lFhuwlzUi05xQ47BduXtqKgxkboUWwjHUMsAPI5SPTmwwrRyNfLeiw9QBGucIhwc"}'
    headers:
      cache-control:
      - no-cache
      content-length:
      - '624'
      content-type:
      - application/json; charset=utf-8
      date:
      - Wed, 21 Aug 2019 22:38:06 GMT
      expires:
      - '-1'
      pragma:
      - no-cache
      server:
      - Microsoft-IIS/10.0
      strict-transport-security:
      - max-age=31536000;includeSubDomains
      x-aspnet-version:
      - 4.0.30319
      x-content-type-options:
      - nosniff
      x-ms-keyvault-network-info:
      - addr=131.107.147.153;act_addr_fam=InterNetwork;
      x-ms-keyvault-region:
      - westus
      x-ms-keyvault-service-version:
      - 1.1.0.876
      x-powered-by:
      - ASP.NET
    status:
      code: 200
      message: OK
- request:
    body: '{"digest": "vgZc0NQUb6WMKX___V2JntcFRO_vszKwSAj7R2rL1zg", "alg": "RS256",
      "value": "ezyDE5l4PjJE4_fTShVb_H6M2jr1jHKfwbd2jt8sFBVpvY67la_U1e9KwzdYTCFP0qsMboSJyJEpi1ACxH0u4IH_QGWjwIxY8TBR94IeolW_mMVlM2XaMmfdXl4e4rf2Wjfm_4pLR_88y-VHH4JD3AgYNJQqLW9Mao3yyUfgYw8ezNqHUkC71OPt_6Nqz9a3YMIuPFgJyV4g-w_yhtwPabRmIG_3wEXNvLGBIH5joQYfIThD01Dsnv_LzjRs30NnS8RjrokqxKIT1R_LX0pK8QFh0uVC5yzn2SS2ycqt0sZuxYu4G3XnAC1YyhT_Zx9YJj7-NqXB92UWO4xkLDqEkCSDtbUGxlgItWT0uDLLAugb4BSDIU3EU6t5zpZX289aJNqDJ7rkUyCWHPsCOaJrm4crvUcw136itBl8nsfosvvBv-3m71t2dL0S-50GorP4lFhuwlzUi05xQ47BduXtqKgxkboUWwjHUMsAPI5SPTmwwrRyNfLeiw9QBGucIhwc"}'
    headers:
      Accept:
      - application/json
      Accept-Encoding:
      - gzip, deflate
      Connection:
      - keep-alive
      Content-Length:
      - '598'
      Content-Type:
      - application/json; charset=utf-8
      User-Agent:
      - azsdk-python-keyvault-keys/4.0.0b2 Python/3.5.4 (Windows-10-10.0.18362-SP0)
    method: POST
    uri: https://vault55c41090.vault.azure.net/keys/rsa-verify-3072/1c502d19de584ab593abc47c14d9abbf/verify?api-version=7.0
  response:
    body:
      string: '{"value":true}'
    headers:
      cache-control:
      - no-cache
      content-length:
      - '14'
      content-type:
      - application/json; charset=utf-8
      date:
      - Wed, 21 Aug 2019 22:38:06 GMT
      expires:
      - '-1'
      pragma:
      - no-cache
      server:
      - Microsoft-IIS/10.0
      strict-transport-security:
      - max-age=31536000;includeSubDomains
      x-aspnet-version:
      - 4.0.30319
      x-content-type-options:
      - nosniff
      x-ms-keyvault-network-info:
      - addr=131.107.147.153;act_addr_fam=InterNetwork;
      x-ms-keyvault-region:
      - westus
      x-ms-keyvault-service-version:
      - 1.1.0.876
      x-powered-by:
      - ASP.NET
    status:
      code: 200
      message: OK
- request:
    body: '{"alg": "RS384", "value": "OnZY76NXJ8_MBkjnc9b9RiaL5OYscmrTal040wQuLFlRrnLvJFecIvZl2KjXqwVB"}'
    headers:
      Accept:
      - application/json
      Accept-Encoding:
      - gzip, deflate
      Connection:
      - keep-alive
      Content-Length:
      - '93'
      Content-Type:
      - application/json; charset=utf-8
      User-Agent:
      - azsdk-python-keyvault-keys/4.0.0b2 Python/3.5.4 (Windows-10-10.0.18362-SP0)
    method: POST
    uri: https://vault55c41090.vault.azure.net/keys/rsa-verify-3072/1c502d19de584ab593abc47c14d9abbf/sign?api-version=7.0
  response:
    body:
      string: '{"kid":"https://vault55c41090.vault.azure.net/keys/rsa-verify-3072/1c502d19de584ab593abc47c14d9abbf","value":"SuIp3xGIBbCtL1xTTficrnQNjGMJ4kuIUF_UXmjPO_sDfeTvgatYV043ZWoqmv9xGeiIpBtkmeaPwXuicSxu69tVIAxgpvFXbfw9NxAIO-kwbt6eAdSfvpLob2mOzvhF3EPqjfXNTDKM1L1fs1VYN6JPiQ1Fn6w5KvtEgRJQ1JPeFv4p2xQRaZ_pd0KK9sWVPZnMATXJCPLifG58PgQ5fCdBG9dHimniZ_jvZ926xK7vNGnivqK6AW94wlwuLjGEoiO5b6seIVPxpVbFYRs4izeAYnAanTSXVdTK-M5jCQN0RyWf8mILHhLM2TbwMmHNgLkA7aZzue4pXjNrfHMHpSjVoZVqHUAJXyJWXszWApWCKW3JT23VsgDp66aklvMhFa4B1M5CLXj7FfyZAHsbOlx5NT_e6W7M9mSF8PedygqZA_nQb7IAei810u9CYQDOsNLQXwWMBRNDDmMnX43ubYyzzg19bJ8fzKzQCVc5dJdDpGNfPWR1s1KeR2r2obA2"}'
    headers:
      cache-control:
      - no-cache
      content-length:
      - '624'
      content-type:
      - application/json; charset=utf-8
      date:
      - Wed, 21 Aug 2019 22:38:06 GMT
      expires:
      - '-1'
      pragma:
      - no-cache
      server:
      - Microsoft-IIS/10.0
      strict-transport-security:
      - max-age=31536000;includeSubDomains
      x-aspnet-version:
      - 4.0.30319
      x-content-type-options:
      - nosniff
      x-ms-keyvault-network-info:
      - addr=131.107.147.153;act_addr_fam=InterNetwork;
      x-ms-keyvault-region:
      - westus
      x-ms-keyvault-service-version:
      - 1.1.0.876
      x-powered-by:
      - ASP.NET
    status:
      code: 200
      message: OK
- request:
    body: '{"digest": "OnZY76NXJ8_MBkjnc9b9RiaL5OYscmrTal040wQuLFlRrnLvJFecIvZl2KjXqwVB",
      "alg": "RS384", "value": "SuIp3xGIBbCtL1xTTficrnQNjGMJ4kuIUF_UXmjPO_sDfeTvgatYV043ZWoqmv9xGeiIpBtkmeaPwXuicSxu69tVIAxgpvFXbfw9NxAIO-kwbt6eAdSfvpLob2mOzvhF3EPqjfXNTDKM1L1fs1VYN6JPiQ1Fn6w5KvtEgRJQ1JPeFv4p2xQRaZ_pd0KK9sWVPZnMATXJCPLifG58PgQ5fCdBG9dHimniZ_jvZ926xK7vNGnivqK6AW94wlwuLjGEoiO5b6seIVPxpVbFYRs4izeAYnAanTSXVdTK-M5jCQN0RyWf8mILHhLM2TbwMmHNgLkA7aZzue4pXjNrfHMHpSjVoZVqHUAJXyJWXszWApWCKW3JT23VsgDp66aklvMhFa4B1M5CLXj7FfyZAHsbOlx5NT_e6W7M9mSF8PedygqZA_nQb7IAei810u9CYQDOsNLQXwWMBRNDDmMnX43ubYyzzg19bJ8fzKzQCVc5dJdDpGNfPWR1s1KeR2r2obA2"}'
    headers:
      Accept:
      - application/json
      Accept-Encoding:
      - gzip, deflate
      Connection:
      - keep-alive
      Content-Length:
      - '619'
      Content-Type:
      - application/json; charset=utf-8
      User-Agent:
      - azsdk-python-keyvault-keys/4.0.0b2 Python/3.5.4 (Windows-10-10.0.18362-SP0)
    method: POST
    uri: https://vault55c41090.vault.azure.net/keys/rsa-verify-3072/1c502d19de584ab593abc47c14d9abbf/verify?api-version=7.0
  response:
    body:
      string: '{"value":true}'
    headers:
      cache-control:
      - no-cache
      content-length:
      - '14'
      content-type:
      - application/json; charset=utf-8
      date:
      - Wed, 21 Aug 2019 22:38:06 GMT
      expires:
      - '-1'
      pragma:
      - no-cache
      server:
      - Microsoft-IIS/10.0
      strict-transport-security:
      - max-age=31536000;includeSubDomains
      x-aspnet-version:
      - 4.0.30319
      x-content-type-options:
      - nosniff
      x-ms-keyvault-network-info:
      - addr=131.107.147.153;act_addr_fam=InterNetwork;
      x-ms-keyvault-region:
      - westus
      x-ms-keyvault-service-version:
      - 1.1.0.876
      x-powered-by:
      - ASP.NET
    status:
      code: 200
      message: OK
- request:
    body: '{"alg": "RS512", "value": "zZyL-eOHDnnq34aZaWgBMobx4x2Pm3mPRo4eqnRmLK6sE0jsXZFOFhMXaTcvILQxovTsMMh9JupeojYCnDvfrQ"}'
    headers:
      Accept:
      - application/json
      Accept-Encoding:
      - gzip, deflate
      Connection:
      - keep-alive
      Content-Length:
      - '115'
      Content-Type:
      - application/json; charset=utf-8
      User-Agent:
      - azsdk-python-keyvault-keys/4.0.0b2 Python/3.5.4 (Windows-10-10.0.18362-SP0)
    method: POST
    uri: https://vault55c41090.vault.azure.net/keys/rsa-verify-3072/1c502d19de584ab593abc47c14d9abbf/sign?api-version=7.0
  response:
    body:
      string: '{"kid":"https://vault55c41090.vault.azure.net/keys/rsa-verify-3072/1c502d19de584ab593abc47c14d9abbf","value":"Hay8ewYtJxnjkTJPKO-Op8l8OaqelR55GCksK0oj0Fp8yMkzgZIIaD4fOhFy4dNLd0KvDx8K_cVgz_vwJTg39yJ_a9mFDXaCljmunS3mKT69QTz2PAJHJHokzZlyXGhPvdj3UwpV8wp8HAwMsu0AoJB7hRnBA5jQSvy2HUhk1O64-0sR_KACPQ_aAyGj_fA3x-yGQE1G37v1gd5enDcLSkpxgDLJcj6C2jVEIB2_N8SuthWW4fXYcR8-kqgSPHo0fM2sWQWK4sUiKdxt0XYbjJF748O5Vws2h-vQrUBzU4npxKR6yqfiiZK_LEr5IVVhM8dlZeuuIHwlX-Ch3I_tpYyY91ua8OgoAZH72N8m-YzQUy17IAMQgRRuEHBcxr1rALPxwiqZRWNJKyp3IhTwDGIE5xRdHP8n0uYBOcvI29kad4vAIpuUl4PKpldwoGuulexXqAoTjyMmIVAadV2IVyhFsPZ0UNdLPjjoGOyAIveP0UZr95-vM934KllWixzE"}'
    headers:
      cache-control:
      - no-cache
      content-length:
      - '624'
      content-type:
      - application/json; charset=utf-8
      date:
      - Wed, 21 Aug 2019 22:38:06 GMT
      expires:
      - '-1'
      pragma:
      - no-cache
      server:
      - Microsoft-IIS/10.0
      strict-transport-security:
      - max-age=31536000;includeSubDomains
      x-aspnet-version:
      - 4.0.30319
      x-content-type-options:
      - nosniff
      x-ms-keyvault-network-info:
      - addr=131.107.147.153;act_addr_fam=InterNetwork;
      x-ms-keyvault-region:
      - westus
      x-ms-keyvault-service-version:
      - 1.1.0.876
      x-powered-by:
      - ASP.NET
    status:
      code: 200
      message: OK
- request:
    body: '{"digest": "zZyL-eOHDnnq34aZaWgBMobx4x2Pm3mPRo4eqnRmLK6sE0jsXZFOFhMXaTcvILQxovTsMMh9JupeojYCnDvfrQ",
      "alg": "RS512", "value": "Hay8ewYtJxnjkTJPKO-Op8l8OaqelR55GCksK0oj0Fp8yMkzgZIIaD4fOhFy4dNLd0KvDx8K_cVgz_vwJTg39yJ_a9mFDXaCljmunS3mKT69QTz2PAJHJHokzZlyXGhPvdj3UwpV8wp8HAwMsu0AoJB7hRnBA5jQSvy2HUhk1O64-0sR_KACPQ_aAyGj_fA3x-yGQE1G37v1gd5enDcLSkpxgDLJcj6C2jVEIB2_N8SuthWW4fXYcR8-kqgSPHo0fM2sWQWK4sUiKdxt0XYbjJF748O5Vws2h-vQrUBzU4npxKR6yqfiiZK_LEr5IVVhM8dlZeuuIHwlX-Ch3I_tpYyY91ua8OgoAZH72N8m-YzQUy17IAMQgRRuEHBcxr1rALPxwiqZRWNJKyp3IhTwDGIE5xRdHP8n0uYBOcvI29kad4vAIpuUl4PKpldwoGuulexXqAoTjyMmIVAadV2IVyhFsPZ0UNdLPjjoGOyAIveP0UZr95-vM934KllWixzE"}'
    headers:
      Accept:
      - application/json
      Accept-Encoding:
      - gzip, deflate
      Connection:
      - keep-alive
      Content-Length:
      - '641'
      Content-Type:
      - application/json; charset=utf-8
      User-Agent:
      - azsdk-python-keyvault-keys/4.0.0b2 Python/3.5.4 (Windows-10-10.0.18362-SP0)
    method: POST
    uri: https://vault55c41090.vault.azure.net/keys/rsa-verify-3072/1c502d19de584ab593abc47c14d9abbf/verify?api-version=7.0
  response:
    body:
      string: '{"value":true}'
    headers:
      cache-control:
      - no-cache
      content-length:
      - '14'
      content-type:
      - application/json; charset=utf-8
      date:
      - Wed, 21 Aug 2019 22:38:06 GMT
      expires:
      - '-1'
      pragma:
      - no-cache
      server:
      - Microsoft-IIS/10.0
      strict-transport-security:
      - max-age=31536000;includeSubDomains
      x-aspnet-version:
      - 4.0.30319
      x-content-type-options:
      - nosniff
      x-ms-keyvault-network-info:
      - addr=131.107.147.153;act_addr_fam=InterNetwork;
      x-ms-keyvault-region:
      - westus
      x-ms-keyvault-service-version:
      - 1.1.0.876
      x-powered-by:
      - ASP.NET
    status:
      code: 200
      message: OK
- request:
    body: '{"key_size": 4096, "kty": "RSA"}'
    headers:
      Accept:
      - application/json
      Accept-Encoding:
      - gzip, deflate
      Connection:
      - keep-alive
      Content-Length:
      - '32'
      Content-Type:
      - application/json; charset=utf-8
      User-Agent:
      - azsdk-python-keyvault-keys/4.0.0b2 Python/3.5.4 (Windows-10-10.0.18362-SP0)
    method: POST
    uri: https://vault55c41090.vault.azure.net/keys/rsa-verify-4096/create?api-version=7.0
  response:
    body:
      string: '{"key":{"kid":"https://vault55c41090.vault.azure.net/keys/rsa-verify-4096/ea48eb282c824d51bcccb5912fc71f7d","kty":"RSA","key_ops":["encrypt","decrypt","sign","verify","wrapKey","unwrapKey"],"n":"7ieFeO6BG6ca-JKcWQmDxCGWkVgdE9RZ1d_gEtWPwAzTQwiDriieVmSMkgPj89l_8otbrJQcNrqDa2UxSA_XzC-t5QSySYg2gy4Y8-GDs45-jP3M0OUm-WrnWhxnRakJ64_hdT-v_49cdONRth4-eUOLcQN_5v1z6z5BcuEtCpweTCKSFFxvP3c5cpVkTUSDAg4p0UyGuJZI7dJcTMR8no-lZzxYAQQ8yro2aXlUzGVU2VrdV7YYfOwvRPNL39VJ48JaBb7J57cfsTtM9eKN6zcyyczYuame8mFuJK5EqI1H5KbCXnnKpR8TY_kpBQ4YNiWcNrFiX3-86itDsbs-dxOtiri9LzgyLhv-HVg5Vjcrc4pHjzbeSBgS-NilglQWz_Ts79xAxD_KBiXwGqr7VxDJAtxWZ_Nk-HK_W14hCntriud_UDXHMh7HW0dmDh-LmVGUAVgeNX1cmoNfZu8RfnLxxZIVRGq31H4u9cl-ymPuFQkXhfX2BxmjPWDcbBY-YoJAEdUNNQT9KessgnvD1msMcRk0_NeLm6wpAc9w_CQrKvBH0TLu4r_KTTvQ2Q1K7yt1ykMbbYpj_C_bfLvuAVtQ5eEW7GEDJTY-culeWhrRXNkvFjol7iw4EEqpsqChZhnQwlWpFHw0FdACkVXx510VYvvXj789fkmKNXV3Cx0","e":"AQAB"},"attributes":{"enabled":true,"created":1566427087,"updated":1566427087,"recoveryLevel":"Purgeable"}}'
    headers:
      cache-control:
      - no-cache
      content-length:
      - '992'
      content-type:
      - application/json; charset=utf-8
      date:
      - Wed, 21 Aug 2019 22:38:07 GMT
      expires:
      - '-1'
      pragma:
      - no-cache
      server:
      - Microsoft-IIS/10.0
      strict-transport-security:
      - max-age=31536000;includeSubDomains
      x-aspnet-version:
      - 4.0.30319
      x-content-type-options:
      - nosniff
      x-ms-keyvault-network-info:
      - addr=131.107.147.153;act_addr_fam=InterNetwork;
      x-ms-keyvault-region:
      - westus
      x-ms-keyvault-service-version:
      - 1.1.0.876
      x-powered-by:
      - ASP.NET
    status:
      code: 200
      message: OK
- request:
    body: '{"alg": "PS256", "value": "vgZc0NQUb6WMKX___V2JntcFRO_vszKwSAj7R2rL1zg"}'
    headers:
      Accept:
      - application/json
      Accept-Encoding:
      - gzip, deflate
      Connection:
      - keep-alive
      Content-Length:
      - '72'
      Content-Type:
      - application/json; charset=utf-8
      User-Agent:
      - azsdk-python-keyvault-keys/4.0.0b2 Python/3.5.4 (Windows-10-10.0.18362-SP0)
    method: POST
    uri: https://vault55c41090.vault.azure.net/keys/rsa-verify-4096/ea48eb282c824d51bcccb5912fc71f7d/sign?api-version=7.0
  response:
    body:
      string: '{"kid":"https://vault55c41090.vault.azure.net/keys/rsa-verify-4096/ea48eb282c824d51bcccb5912fc71f7d","value":"3s4PFgEJj8imUCjl1lxj1naOyKV8KhjpFWpIybQcOdvpCfRpLaFZDvPwUbFRJ-PU5-txxGangZb02ovld78_r3iyfh_oeTKBbasFoE_B4rr0GiB2UPdKfgGDTe8z5i8gyXLMa2OZMYlaHzlyQ89Rka_u9-SvoIa-41yZslT34CecksIs-2VX8FCoBiJPw9SUYD8sC-aZKcafHgpkb6fPbJsgS0j5gzYmSg-2RwYcE11cxj-0H5bT2pZcYSxQ2g3qaIJEUpNI0ffZVJoG84JpwhY9IIetZ7OrZk2ecnw3AASo3CiPWgW8oP6faF0gppuJexvf3YHWLk34wYU4TVX8GIg20Av88X2fdLuM6iKk6sQjoAf1QkUA6SPMNy9mHpy0dX_BMIRwLOVZAI6V5LTbZpraa_MpHsKQKm8CIBTrs1eIsZnWcQd7c4x8kkCQHP8Gi903gUmEiuNKM0thdHE9zttWnFIFESPFnBW4Wd831caLESg5K0-q8u-Y-SMHUACA_BIlJHPIzbxeWjIJozKjjMQG8bqIfgqgE99jbffm9h9rLkVTxewR_Y23f4SozKxGJ_khNkXOA86fdL1dYLrX3FaJEI3qzyqSPPZgl4TPObhTC-CqCCHlqLWVwYysE7kkGJsl0iK28g-znn9EJkns7_IzTaaB1zeMl0j7-3F7e8o"}'
    headers:
      cache-control:
      - no-cache
      content-length:
      - '795'
      content-type:
      - application/json; charset=utf-8
      date:
      - Wed, 21 Aug 2019 22:38:07 GMT
      expires:
      - '-1'
      pragma:
      - no-cache
      server:
      - Microsoft-IIS/10.0
      strict-transport-security:
      - max-age=31536000;includeSubDomains
      x-aspnet-version:
      - 4.0.30319
      x-content-type-options:
      - nosniff
      x-ms-keyvault-network-info:
      - addr=131.107.147.153;act_addr_fam=InterNetwork;
      x-ms-keyvault-region:
      - westus
      x-ms-keyvault-service-version:
      - 1.1.0.876
      x-powered-by:
      - ASP.NET
    status:
      code: 200
      message: OK
- request:
    body: '{"digest": "vgZc0NQUb6WMKX___V2JntcFRO_vszKwSAj7R2rL1zg", "alg": "PS256",
      "value": "3s4PFgEJj8imUCjl1lxj1naOyKV8KhjpFWpIybQcOdvpCfRpLaFZDvPwUbFRJ-PU5-txxGangZb02ovld78_r3iyfh_oeTKBbasFoE_B4rr0GiB2UPdKfgGDTe8z5i8gyXLMa2OZMYlaHzlyQ89Rka_u9-SvoIa-41yZslT34CecksIs-2VX8FCoBiJPw9SUYD8sC-aZKcafHgpkb6fPbJsgS0j5gzYmSg-2RwYcE11cxj-0H5bT2pZcYSxQ2g3qaIJEUpNI0ffZVJoG84JpwhY9IIetZ7OrZk2ecnw3AASo3CiPWgW8oP6faF0gppuJexvf3YHWLk34wYU4TVX8GIg20Av88X2fdLuM6iKk6sQjoAf1QkUA6SPMNy9mHpy0dX_BMIRwLOVZAI6V5LTbZpraa_MpHsKQKm8CIBTrs1eIsZnWcQd7c4x8kkCQHP8Gi903gUmEiuNKM0thdHE9zttWnFIFESPFnBW4Wd831caLESg5K0-q8u-Y-SMHUACA_BIlJHPIzbxeWjIJozKjjMQG8bqIfgqgE99jbffm9h9rLkVTxewR_Y23f4SozKxGJ_khNkXOA86fdL1dYLrX3FaJEI3qzyqSPPZgl4TPObhTC-CqCCHlqLWVwYysE7kkGJsl0iK28g-znn9EJkns7_IzTaaB1zeMl0j7-3F7e8o"}'
    headers:
      Accept:
      - application/json
      Accept-Encoding:
      - gzip, deflate
      Connection:
      - keep-alive
      Content-Length:
      - '769'
      Content-Type:
      - application/json; charset=utf-8
      User-Agent:
      - azsdk-python-keyvault-keys/4.0.0b2 Python/3.5.4 (Windows-10-10.0.18362-SP0)
    method: POST
    uri: https://vault55c41090.vault.azure.net/keys/rsa-verify-4096/ea48eb282c824d51bcccb5912fc71f7d/verify?api-version=7.0
  response:
    body:
      string: '{"value":true}'
    headers:
      cache-control:
      - no-cache
      content-length:
      - '14'
      content-type:
      - application/json; charset=utf-8
      date:
      - Wed, 21 Aug 2019 22:38:07 GMT
      expires:
      - '-1'
      pragma:
      - no-cache
      server:
      - Microsoft-IIS/10.0
      strict-transport-security:
      - max-age=31536000;includeSubDomains
      x-aspnet-version:
      - 4.0.30319
      x-content-type-options:
      - nosniff
      x-ms-keyvault-network-info:
      - addr=131.107.147.153;act_addr_fam=InterNetwork;
      x-ms-keyvault-region:
      - westus
      x-ms-keyvault-service-version:
      - 1.1.0.876
      x-powered-by:
      - ASP.NET
    status:
      code: 200
      message: OK
- request:
    body: '{"alg": "PS384", "value": "OnZY76NXJ8_MBkjnc9b9RiaL5OYscmrTal040wQuLFlRrnLvJFecIvZl2KjXqwVB"}'
    headers:
      Accept:
      - application/json
      Accept-Encoding:
      - gzip, deflate
      Connection:
      - keep-alive
      Content-Length:
      - '93'
      Content-Type:
      - application/json; charset=utf-8
      User-Agent:
      - azsdk-python-keyvault-keys/4.0.0b2 Python/3.5.4 (Windows-10-10.0.18362-SP0)
    method: POST
    uri: https://vault55c41090.vault.azure.net/keys/rsa-verify-4096/ea48eb282c824d51bcccb5912fc71f7d/sign?api-version=7.0
  response:
    body:
      string: '{"kid":"https://vault55c41090.vault.azure.net/keys/rsa-verify-4096/ea48eb282c824d51bcccb5912fc71f7d","value":"B878i2hZNpCduKYuACVAvEhKJnQfzKr6wGj-Kz1zv4Ci9YbbwYFGSUz_8xJA45eaF_KCmRzMGEi2pH05HTgoqDWBweKRcBWNSfykM4-F98on4YtjaMhul4JMILGYKa99ObgubR_mjOHnUs4af9zRQ8b66qqXKPVbAlV3G4QODQGHP5PRr0VHWpmIwY9xzyvEruPuhbeX8SRZhPxsykkdvsbi2mENa5vyXc-mwoktAPOQic5Ppzl-x3YXXvf4tUU4U9rFL0gRiUf5wkZvOfnXi2aG492JXkkdSHZUWjfadfR6NmPDo3l43G2fxGs5B8Rzi0jQcPxc3VWgVmBprjU-VJe_puiRA59afVWjkl3dRnuqNcymywfmqgMNBpzc343bOKwvbUv7lJ05K_IBCtga5O3EERltte3dk2JILwOSDg6U7JqJzQj9uz_ojmwce4NENzlk2s1qdgVBXmupCG1E81skGbCaHKXQuAo23YnzbTVzCTaLgV6tWzY7xTgR0C8B6AakavhZAWfrSB2R_vGPykS-QYuOyqVLs6fRmJnkOED603dDugtg6KYtvXVhCgMmkDbkHvlOFut1hlIL55Cv5hVUlUlnnvGGj-wp8YFcub4VVSuMApTIPKrdWqZbwKroZ1KmdirpMUKFv_iwmmTTGB2WLeSZTR8TJ_tp7WXCd04"}'
    headers:
      cache-control:
      - no-cache
      content-length:
      - '795'
      content-type:
      - application/json; charset=utf-8
      date:
      - Wed, 21 Aug 2019 22:38:07 GMT
      expires:
      - '-1'
      pragma:
      - no-cache
      server:
      - Microsoft-IIS/10.0
      strict-transport-security:
      - max-age=31536000;includeSubDomains
      x-aspnet-version:
      - 4.0.30319
      x-content-type-options:
      - nosniff
      x-ms-keyvault-network-info:
      - addr=131.107.147.153;act_addr_fam=InterNetwork;
      x-ms-keyvault-region:
      - westus
      x-ms-keyvault-service-version:
      - 1.1.0.876
      x-powered-by:
      - ASP.NET
    status:
      code: 200
      message: OK
- request:
    body: '{"digest": "OnZY76NXJ8_MBkjnc9b9RiaL5OYscmrTal040wQuLFlRrnLvJFecIvZl2KjXqwVB",
      "alg": "PS384", "value": "B878i2hZNpCduKYuACVAvEhKJnQfzKr6wGj-Kz1zv4Ci9YbbwYFGSUz_8xJA45eaF_KCmRzMGEi2pH05HTgoqDWBweKRcBWNSfykM4-F98on4YtjaMhul4JMILGYKa99ObgubR_mjOHnUs4af9zRQ8b66qqXKPVbAlV3G4QODQGHP5PRr0VHWpmIwY9xzyvEruPuhbeX8SRZhPxsykkdvsbi2mENa5vyXc-mwoktAPOQic5Ppzl-x3YXXvf4tUU4U9rFL0gRiUf5wkZvOfnXi2aG492JXkkdSHZUWjfadfR6NmPDo3l43G2fxGs5B8Rzi0jQcPxc3VWgVmBprjU-VJe_puiRA59afVWjkl3dRnuqNcymywfmqgMNBpzc343bOKwvbUv7lJ05K_IBCtga5O3EERltte3dk2JILwOSDg6U7JqJzQj9uz_ojmwce4NENzlk2s1qdgVBXmupCG1E81skGbCaHKXQuAo23YnzbTVzCTaLgV6tWzY7xTgR0C8B6AakavhZAWfrSB2R_vGPykS-QYuOyqVLs6fRmJnkOED603dDugtg6KYtvXVhCgMmkDbkHvlOFut1hlIL55Cv5hVUlUlnnvGGj-wp8YFcub4VVSuMApTIPKrdWqZbwKroZ1KmdirpMUKFv_iwmmTTGB2WLeSZTR8TJ_tp7WXCd04"}'
    headers:
      Accept:
      - application/json
      Accept-Encoding:
      - gzip, deflate
      Connection:
      - keep-alive
      Content-Length:
      - '790'
      Content-Type:
      - application/json; charset=utf-8
      User-Agent:
      - azsdk-python-keyvault-keys/4.0.0b2 Python/3.5.4 (Windows-10-10.0.18362-SP0)
    method: POST
    uri: https://vault55c41090.vault.azure.net/keys/rsa-verify-4096/ea48eb282c824d51bcccb5912fc71f7d/verify?api-version=7.0
  response:
    body:
      string: '{"value":true}'
    headers:
      cache-control:
      - no-cache
      content-length:
      - '14'
      content-type:
      - application/json; charset=utf-8
      date:
      - Wed, 21 Aug 2019 22:38:07 GMT
      expires:
      - '-1'
      pragma:
      - no-cache
      server:
      - Microsoft-IIS/10.0
      strict-transport-security:
      - max-age=31536000;includeSubDomains
      x-aspnet-version:
      - 4.0.30319
      x-content-type-options:
      - nosniff
      x-ms-keyvault-network-info:
      - addr=131.107.147.153;act_addr_fam=InterNetwork;
      x-ms-keyvault-region:
      - westus
      x-ms-keyvault-service-version:
      - 1.1.0.876
      x-powered-by:
      - ASP.NET
    status:
      code: 200
      message: OK
- request:
    body: '{"alg": "PS512", "value": "zZyL-eOHDnnq34aZaWgBMobx4x2Pm3mPRo4eqnRmLK6sE0jsXZFOFhMXaTcvILQxovTsMMh9JupeojYCnDvfrQ"}'
    headers:
      Accept:
      - application/json
      Accept-Encoding:
      - gzip, deflate
      Connection:
      - keep-alive
      Content-Length:
      - '115'
      Content-Type:
      - application/json; charset=utf-8
      User-Agent:
      - azsdk-python-keyvault-keys/4.0.0b2 Python/3.5.4 (Windows-10-10.0.18362-SP0)
    method: POST
    uri: https://vault55c41090.vault.azure.net/keys/rsa-verify-4096/ea48eb282c824d51bcccb5912fc71f7d/sign?api-version=7.0
  response:
    body:
      string: '{"kid":"https://vault55c41090.vault.azure.net/keys/rsa-verify-4096/ea48eb282c824d51bcccb5912fc71f7d","value":"EK8ssJrW6ZPsU787owS87V8N_jmLsZKApSOGD0VgA7RyWk9qarfBE5kSpK5EvskEol8Bn-ueE-H1PWssvkctqECo7TKTTIUyyx7Gka1QrM4_lezx5gMEUoaHRkZkuIQmFmu2IRMcGrAaQJoZ5I8gwltdvuI9nHbcdgidHMgst49WSzvr-9ybiRnh3BeMjRIDkuMTrTpB0lkifvvGnrDa4DM1NbDIOxuMtRdxB_sBORb4Ecpx8PsCFhtOUylEhA9mIWtc8Zqm_KZu524bwz28G_RX5XEpcimaFea8vKXUTeZGHffSyhr7VrnDONM1GaVe5ZRetyMr2osJpn1ZB26OUpRCuDMZCD7biLjCAZ2nCXCYHV9LQxefArtpdIg_YZsMig8U3TkqAZkv5O0PdNbfR5Sx5oqVmlFJCcDT4iCy0rKAxKxahwPmPOLxJc3bmD8jGMx_wCpUIacS4k3kVmCRu7xCLVhMjVeOgUqmldypTcGuWtcoTPrkY7RiPD38Drv5ChKzYoeBeQxIGKN9WIK1uF8gBN0JEKm1SxxM1V-dkazQRbY8b2DOp4BcNluYncS7v7OewAQ-ym24rGaFdXZ0OHYktvhRsLwKkNEDUlbgf7zAUJdRpXScCniNeGdRxVOkUEfbCZ8rehu1sp3O0ComdXK2rzPgfi554Zo44lsOblI"}'
    headers:
      cache-control:
      - no-cache
      content-length:
      - '795'
      content-type:
      - application/json; charset=utf-8
      date:
      - Wed, 21 Aug 2019 22:38:07 GMT
      expires:
      - '-1'
      pragma:
      - no-cache
      server:
      - Microsoft-IIS/10.0
      strict-transport-security:
      - max-age=31536000;includeSubDomains
      x-aspnet-version:
      - 4.0.30319
      x-content-type-options:
      - nosniff
      x-ms-keyvault-network-info:
      - addr=131.107.147.153;act_addr_fam=InterNetwork;
      x-ms-keyvault-region:
      - westus
      x-ms-keyvault-service-version:
      - 1.1.0.876
      x-powered-by:
      - ASP.NET
    status:
      code: 200
      message: OK
- request:
    body: '{"digest": "zZyL-eOHDnnq34aZaWgBMobx4x2Pm3mPRo4eqnRmLK6sE0jsXZFOFhMXaTcvILQxovTsMMh9JupeojYCnDvfrQ",
      "alg": "PS512", "value": "EK8ssJrW6ZPsU787owS87V8N_jmLsZKApSOGD0VgA7RyWk9qarfBE5kSpK5EvskEol8Bn-ueE-H1PWssvkctqECo7TKTTIUyyx7Gka1QrM4_lezx5gMEUoaHRkZkuIQmFmu2IRMcGrAaQJoZ5I8gwltdvuI9nHbcdgidHMgst49WSzvr-9ybiRnh3BeMjRIDkuMTrTpB0lkifvvGnrDa4DM1NbDIOxuMtRdxB_sBORb4Ecpx8PsCFhtOUylEhA9mIWtc8Zqm_KZu524bwz28G_RX5XEpcimaFea8vKXUTeZGHffSyhr7VrnDONM1GaVe5ZRetyMr2osJpn1ZB26OUpRCuDMZCD7biLjCAZ2nCXCYHV9LQxefArtpdIg_YZsMig8U3TkqAZkv5O0PdNbfR5Sx5oqVmlFJCcDT4iCy0rKAxKxahwPmPOLxJc3bmD8jGMx_wCpUIacS4k3kVmCRu7xCLVhMjVeOgUqmldypTcGuWtcoTPrkY7RiPD38Drv5ChKzYoeBeQxIGKN9WIK1uF8gBN0JEKm1SxxM1V-dkazQRbY8b2DOp4BcNluYncS7v7OewAQ-ym24rGaFdXZ0OHYktvhRsLwKkNEDUlbgf7zAUJdRpXScCniNeGdRxVOkUEfbCZ8rehu1sp3O0ComdXK2rzPgfi554Zo44lsOblI"}'
    headers:
      Accept:
      - application/json
      Accept-Encoding:
      - gzip, deflate
      Connection:
      - keep-alive
      Content-Length:
      - '812'
      Content-Type:
      - application/json; charset=utf-8
      User-Agent:
      - azsdk-python-keyvault-keys/4.0.0b2 Python/3.5.4 (Windows-10-10.0.18362-SP0)
    method: POST
    uri: https://vault55c41090.vault.azure.net/keys/rsa-verify-4096/ea48eb282c824d51bcccb5912fc71f7d/verify?api-version=7.0
  response:
    body:
      string: '{"value":true}'
    headers:
      cache-control:
      - no-cache
      content-length:
      - '14'
      content-type:
      - application/json; charset=utf-8
      date:
      - Wed, 21 Aug 2019 22:38:07 GMT
      expires:
      - '-1'
      pragma:
      - no-cache
      server:
      - Microsoft-IIS/10.0
      strict-transport-security:
      - max-age=31536000;includeSubDomains
      x-aspnet-version:
      - 4.0.30319
      x-content-type-options:
      - nosniff
      x-ms-keyvault-network-info:
      - addr=131.107.147.153;act_addr_fam=InterNetwork;
      x-ms-keyvault-region:
      - westus
      x-ms-keyvault-service-version:
      - 1.1.0.876
      x-powered-by:
      - ASP.NET
    status:
      code: 200
      message: OK
- request:
    body: '{"alg": "RS256", "value": "vgZc0NQUb6WMKX___V2JntcFRO_vszKwSAj7R2rL1zg"}'
    headers:
      Accept:
      - application/json
      Accept-Encoding:
      - gzip, deflate
      Connection:
      - keep-alive
      Content-Length:
      - '72'
      Content-Type:
      - application/json; charset=utf-8
      User-Agent:
      - azsdk-python-keyvault-keys/4.0.0b2 Python/3.5.4 (Windows-10-10.0.18362-SP0)
    method: POST
    uri: https://vault55c41090.vault.azure.net/keys/rsa-verify-4096/ea48eb282c824d51bcccb5912fc71f7d/sign?api-version=7.0
  response:
    body:
      string: '{"kid":"https://vault55c41090.vault.azure.net/keys/rsa-verify-4096/ea48eb282c824d51bcccb5912fc71f7d","value":"I49J4iQcMPjR-Ys1IkZ5XOEnUrZ2PxV5KlDhzoYge1Ne3gpsdK5-Fhi56c775spWNxMMzRwoX6_14lAbJmnyAo5ezKy5k7jFNmM1ndF6HyIb9P__UMqZW2tjQfK4icXNvZPFc9CsegJ-Ef-T3jn2tLKIGOAMJoiZYDizHU2zo_821YvS5wBhf45rOkHvF8M6OfDyhohb8LXtrXpAzxtGIf0T14-E9-1_xrJqJgebB3TM71Fu0_uwe1b7ZWXMruZ3YCyV3FoNXuIdETLfnvXeCLRPvZKnqcNo7T0GHRsYIaNUmHOk_ww-80L4M-v6S2aPyfoqs218SfLQZYBsnjAQxuWH-ngmgeNC3DXFNZBRIgAlrN_ZGm88M1JLmvqfmRY41jPev9VyxP-2sU6p7LsoDbY6So56EcnX7bL0r0d_UcbEzxP9qFgFbrVyNEDyQtbSSQgv3HX_JNrG27JnLx2fB-ZamY197VOmUqTi2qroGUM_RK4jeKxB7q4rbffLibMFUS4ewGlNv4jmHu2xj-_D9TiXbg6LEG3MWHQ_bZLit9O8NHy7YCscsBSBFFTXUAxxVlKsc8d_1TDuvG673viTonUExS7rSetuWdt-DpRPycTkDmuSYwAYe_99ii82YzJ9wnBN2ywcYVGLUQATSdg7eXuLH_NjVzWMBTFXPYAUTc8"}'
    headers:
      cache-control:
      - no-cache
      content-length:
      - '795'
      content-type:
      - application/json; charset=utf-8
      date:
      - Wed, 21 Aug 2019 22:38:07 GMT
      expires:
      - '-1'
      pragma:
      - no-cache
      server:
      - Microsoft-IIS/10.0
      strict-transport-security:
      - max-age=31536000;includeSubDomains
      x-aspnet-version:
      - 4.0.30319
      x-content-type-options:
      - nosniff
      x-ms-keyvault-network-info:
      - addr=131.107.147.153;act_addr_fam=InterNetwork;
      x-ms-keyvault-region:
      - westus
      x-ms-keyvault-service-version:
      - 1.1.0.876
      x-powered-by:
      - ASP.NET
    status:
      code: 200
      message: OK
- request:
    body: '{"digest": "vgZc0NQUb6WMKX___V2JntcFRO_vszKwSAj7R2rL1zg", "alg": "RS256",
      "value": "I49J4iQcMPjR-Ys1IkZ5XOEnUrZ2PxV5KlDhzoYge1Ne3gpsdK5-Fhi56c775spWNxMMzRwoX6_14lAbJmnyAo5ezKy5k7jFNmM1ndF6HyIb9P__UMqZW2tjQfK4icXNvZPFc9CsegJ-Ef-T3jn2tLKIGOAMJoiZYDizHU2zo_821YvS5wBhf45rOkHvF8M6OfDyhohb8LXtrXpAzxtGIf0T14-E9-1_xrJqJgebB3TM71Fu0_uwe1b7ZWXMruZ3YCyV3FoNXuIdETLfnvXeCLRPvZKnqcNo7T0GHRsYIaNUmHOk_ww-80L4M-v6S2aPyfoqs218SfLQZYBsnjAQxuWH-ngmgeNC3DXFNZBRIgAlrN_ZGm88M1JLmvqfmRY41jPev9VyxP-2sU6p7LsoDbY6So56EcnX7bL0r0d_UcbEzxP9qFgFbrVyNEDyQtbSSQgv3HX_JNrG27JnLx2fB-ZamY197VOmUqTi2qroGUM_RK4jeKxB7q4rbffLibMFUS4ewGlNv4jmHu2xj-_D9TiXbg6LEG3MWHQ_bZLit9O8NHy7YCscsBSBFFTXUAxxVlKsc8d_1TDuvG673viTonUExS7rSetuWdt-DpRPycTkDmuSYwAYe_99ii82YzJ9wnBN2ywcYVGLUQATSdg7eXuLH_NjVzWMBTFXPYAUTc8"}'
    headers:
      Accept:
      - application/json
      Accept-Encoding:
      - gzip, deflate
      Connection:
      - keep-alive
      Content-Length:
      - '769'
      Content-Type:
      - application/json; charset=utf-8
      User-Agent:
      - azsdk-python-keyvault-keys/4.0.0b2 Python/3.5.4 (Windows-10-10.0.18362-SP0)
    method: POST
    uri: https://vault55c41090.vault.azure.net/keys/rsa-verify-4096/ea48eb282c824d51bcccb5912fc71f7d/verify?api-version=7.0
  response:
    body:
      string: '{"value":true}'
    headers:
      cache-control:
      - no-cache
      content-length:
      - '14'
      content-type:
      - application/json; charset=utf-8
      date:
      - Wed, 21 Aug 2019 22:38:07 GMT
      expires:
      - '-1'
      pragma:
      - no-cache
      server:
      - Microsoft-IIS/10.0
      strict-transport-security:
      - max-age=31536000;includeSubDomains
      x-aspnet-version:
      - 4.0.30319
      x-content-type-options:
      - nosniff
      x-ms-keyvault-network-info:
      - addr=131.107.147.153;act_addr_fam=InterNetwork;
      x-ms-keyvault-region:
      - westus
      x-ms-keyvault-service-version:
      - 1.1.0.876
      x-powered-by:
      - ASP.NET
    status:
      code: 200
      message: OK
- request:
    body: '{"alg": "RS384", "value": "OnZY76NXJ8_MBkjnc9b9RiaL5OYscmrTal040wQuLFlRrnLvJFecIvZl2KjXqwVB"}'
    headers:
      Accept:
      - application/json
      Accept-Encoding:
      - gzip, deflate
      Connection:
      - keep-alive
      Content-Length:
      - '93'
      Content-Type:
      - application/json; charset=utf-8
      User-Agent:
      - azsdk-python-keyvault-keys/4.0.0b2 Python/3.5.4 (Windows-10-10.0.18362-SP0)
    method: POST
    uri: https://vault55c41090.vault.azure.net/keys/rsa-verify-4096/ea48eb282c824d51bcccb5912fc71f7d/sign?api-version=7.0
  response:
    body:
      string: '{"kid":"https://vault55c41090.vault.azure.net/keys/rsa-verify-4096/ea48eb282c824d51bcccb5912fc71f7d","value":"Ap8Ly3ljXfotSR3ObZesZPoFTj4UEWHszcLWbz_6QcOyjYpAmnLb0KZdV7Q9aedWroDkU11SeJdARFE_b1LtiQMulLFBaC0Eu6s4BovL0uUrIef0910fBH8PDeeHKFt-idpxMAVzRlQhcHAbElRVtZbKSyM_TuZcW93cKBxe66QXEGTjcU0YsvokPDyVoCycx-EOgflJeVzzIK15ddFV44OIX7y1VsaAAxAPzdm_D66Wf_CsNAqG6js4XXQUowfEu6FfUgqDRPTYMPXaQoAFB27WiEr5-pI76hrbMeDdsXWV69H-hDDiG-f551fWU7rpwDORIl3yBL5U94JtS-aW84zwNGH2CA3fihA9pdSGzo8DaXSNdSdatPw5WyIN0PnTdgVZixQl5wkgANOYJ6PEpcTDBFuYciyuvJV2isNRm4jc2e2xhd7GSBxUtZk6MkdrqOp69D-o4ROppKQrX_mXgkcfukHNAKdJKBSS1PeP_wKUslEVsUKatjCZCz0hS5DumwauFnXdYfFYW0LKKl4cOaAU9JsD-DJlALBL_dL6uRZvDrQ8owLWAPvu_7d7lDQVazExO6ULFj8dAxoIitsVdS5H1NTErHCu0NastMWJx66temY2x5Pc8b6hXl9aXdBQwN1cqdJguKxjuSoPrHnDwRZ-gpB1xeCaXEP9eQOl8eI"}'
    headers:
      cache-control:
      - no-cache
      content-length:
      - '795'
      content-type:
      - application/json; charset=utf-8
      date:
      - Wed, 21 Aug 2019 22:38:08 GMT
      expires:
      - '-1'
      pragma:
      - no-cache
      server:
      - Microsoft-IIS/10.0
      strict-transport-security:
      - max-age=31536000;includeSubDomains
      x-aspnet-version:
      - 4.0.30319
      x-content-type-options:
      - nosniff
      x-ms-keyvault-network-info:
      - addr=131.107.147.153;act_addr_fam=InterNetwork;
      x-ms-keyvault-region:
      - westus
      x-ms-keyvault-service-version:
      - 1.1.0.876
      x-powered-by:
      - ASP.NET
    status:
      code: 200
      message: OK
- request:
    body: '{"digest": "OnZY76NXJ8_MBkjnc9b9RiaL5OYscmrTal040wQuLFlRrnLvJFecIvZl2KjXqwVB",
      "alg": "RS384", "value": "Ap8Ly3ljXfotSR3ObZesZPoFTj4UEWHszcLWbz_6QcOyjYpAmnLb0KZdV7Q9aedWroDkU11SeJdARFE_b1LtiQMulLFBaC0Eu6s4BovL0uUrIef0910fBH8PDeeHKFt-idpxMAVzRlQhcHAbElRVtZbKSyM_TuZcW93cKBxe66QXEGTjcU0YsvokPDyVoCycx-EOgflJeVzzIK15ddFV44OIX7y1VsaAAxAPzdm_D66Wf_CsNAqG6js4XXQUowfEu6FfUgqDRPTYMPXaQoAFB27WiEr5-pI76hrbMeDdsXWV69H-hDDiG-f551fWU7rpwDORIl3yBL5U94JtS-aW84zwNGH2CA3fihA9pdSGzo8DaXSNdSdatPw5WyIN0PnTdgVZixQl5wkgANOYJ6PEpcTDBFuYciyuvJV2isNRm4jc2e2xhd7GSBxUtZk6MkdrqOp69D-o4ROppKQrX_mXgkcfukHNAKdJKBSS1PeP_wKUslEVsUKatjCZCz0hS5DumwauFnXdYfFYW0LKKl4cOaAU9JsD-DJlALBL_dL6uRZvDrQ8owLWAPvu_7d7lDQVazExO6ULFj8dAxoIitsVdS5H1NTErHCu0NastMWJx66temY2x5Pc8b6hXl9aXdBQwN1cqdJguKxjuSoPrHnDwRZ-gpB1xeCaXEP9eQOl8eI"}'
    headers:
      Accept:
      - application/json
      Accept-Encoding:
      - gzip, deflate
      Connection:
      - keep-alive
      Content-Length:
      - '790'
      Content-Type:
      - application/json; charset=utf-8
      User-Agent:
      - azsdk-python-keyvault-keys/4.0.0b2 Python/3.5.4 (Windows-10-10.0.18362-SP0)
    method: POST
    uri: https://vault55c41090.vault.azure.net/keys/rsa-verify-4096/ea48eb282c824d51bcccb5912fc71f7d/verify?api-version=7.0
  response:
    body:
      string: '{"value":true}'
    headers:
      cache-control:
      - no-cache
      content-length:
      - '14'
      content-type:
      - application/json; charset=utf-8
      date:
      - Wed, 21 Aug 2019 22:38:08 GMT
      expires:
      - '-1'
      pragma:
      - no-cache
      server:
      - Microsoft-IIS/10.0
      strict-transport-security:
      - max-age=31536000;includeSubDomains
      x-aspnet-version:
      - 4.0.30319
      x-content-type-options:
      - nosniff
      x-ms-keyvault-network-info:
      - addr=131.107.147.153;act_addr_fam=InterNetwork;
      x-ms-keyvault-region:
      - westus
      x-ms-keyvault-service-version:
      - 1.1.0.876
      x-powered-by:
      - ASP.NET
    status:
      code: 200
      message: OK
- request:
    body: '{"alg": "RS512", "value": "zZyL-eOHDnnq34aZaWgBMobx4x2Pm3mPRo4eqnRmLK6sE0jsXZFOFhMXaTcvILQxovTsMMh9JupeojYCnDvfrQ"}'
    headers:
      Accept:
      - application/json
      Accept-Encoding:
      - gzip, deflate
      Connection:
      - keep-alive
      Content-Length:
      - '115'
      Content-Type:
      - application/json; charset=utf-8
      User-Agent:
      - azsdk-python-keyvault-keys/4.0.0b2 Python/3.5.4 (Windows-10-10.0.18362-SP0)
    method: POST
    uri: https://vault55c41090.vault.azure.net/keys/rsa-verify-4096/ea48eb282c824d51bcccb5912fc71f7d/sign?api-version=7.0
  response:
    body:
      string: '{"kid":"https://vault55c41090.vault.azure.net/keys/rsa-verify-4096/ea48eb282c824d51bcccb5912fc71f7d","value":"00oKNvQxE-tLWJtGc0N0fth6KABglRgfBn8-O3b6Kb9C2INm06OMYnCNGoxWacbM2Vmu8N6WBBz5naqhjIMyiofW5cgHmjbrMyi9YFtCv8ENcpKjxC0JVvKzpv2jBuVi7YhWpGkk3h5Ab1YQS_eZvTH-F1-egNlpMRnWzS8p0jSYlwBgtbhAYbr46tgK9B4vsb9bNwiYEa4NqzwMHSnvyVzCVjKtT07RoEbov7t0ajtvyQn3wyazcHyczxc_pyjJEi2B4pzK8FA6tz23UUFx9Reu0Wu8WpjGpuLoOQACDA-neqtTCAnKKCM98J84G_00G_qvCMECjOqNyJX0T9tuZKdnntrFeU_ad-SPX2Qw5UK9b0_V0lF5JzBYxjCsE2oE8HgpecbqSbHyfzKNDSUTmHWcQ5Ly8-v7sbnMB0teftwbTS-DO-nlYySI41Vi1w-flko9XkrmuoMt6pxs1wCjfPudo9j0zzWbeHUIUKj3fclR8SV9cQVPTewfwxpAodk7QuwDm3ztcmsUYgvTeUI_9cIXlVc9yzEnwUVYqt4unDU7JFFVS0hLiuKLrisASffJXf3QFokTyyxLmJDK1l4CcqLkhyIF2yGQdYvVCmxGcLYujXZ2Y-B0uVgUIoO9fcu1Is-63w9GKUJIw_g5MAHUsEmygACK4AOIkNDXMWJ-HrA"}'
    headers:
      cache-control:
      - no-cache
      content-length:
      - '795'
      content-type:
      - application/json; charset=utf-8
      date:
      - Wed, 21 Aug 2019 22:38:08 GMT
      expires:
      - '-1'
      pragma:
      - no-cache
      server:
      - Microsoft-IIS/10.0
      strict-transport-security:
      - max-age=31536000;includeSubDomains
      x-aspnet-version:
      - 4.0.30319
      x-content-type-options:
      - nosniff
      x-ms-keyvault-network-info:
      - addr=131.107.147.153;act_addr_fam=InterNetwork;
      x-ms-keyvault-region:
      - westus
      x-ms-keyvault-service-version:
      - 1.1.0.876
      x-powered-by:
      - ASP.NET
    status:
      code: 200
      message: OK
- request:
    body: '{"digest": "zZyL-eOHDnnq34aZaWgBMobx4x2Pm3mPRo4eqnRmLK6sE0jsXZFOFhMXaTcvILQxovTsMMh9JupeojYCnDvfrQ",
      "alg": "RS512", "value": "00oKNvQxE-tLWJtGc0N0fth6KABglRgfBn8-O3b6Kb9C2INm06OMYnCNGoxWacbM2Vmu8N6WBBz5naqhjIMyiofW5cgHmjbrMyi9YFtCv8ENcpKjxC0JVvKzpv2jBuVi7YhWpGkk3h5Ab1YQS_eZvTH-F1-egNlpMRnWzS8p0jSYlwBgtbhAYbr46tgK9B4vsb9bNwiYEa4NqzwMHSnvyVzCVjKtT07RoEbov7t0ajtvyQn3wyazcHyczxc_pyjJEi2B4pzK8FA6tz23UUFx9Reu0Wu8WpjGpuLoOQACDA-neqtTCAnKKCM98J84G_00G_qvCMECjOqNyJX0T9tuZKdnntrFeU_ad-SPX2Qw5UK9b0_V0lF5JzBYxjCsE2oE8HgpecbqSbHyfzKNDSUTmHWcQ5Ly8-v7sbnMB0teftwbTS-DO-nlYySI41Vi1w-flko9XkrmuoMt6pxs1wCjfPudo9j0zzWbeHUIUKj3fclR8SV9cQVPTewfwxpAodk7QuwDm3ztcmsUYgvTeUI_9cIXlVc9yzEnwUVYqt4unDU7JFFVS0hLiuKLrisASffJXf3QFokTyyxLmJDK1l4CcqLkhyIF2yGQdYvVCmxGcLYujXZ2Y-B0uVgUIoO9fcu1Is-63w9GKUJIw_g5MAHUsEmygACK4AOIkNDXMWJ-HrA"}'
    headers:
      Accept:
      - application/json
      Accept-Encoding:
      - gzip, deflate
      Connection:
      - keep-alive
      Content-Length:
      - '812'
      Content-Type:
      - application/json; charset=utf-8
      User-Agent:
      - azsdk-python-keyvault-keys/4.0.0b2 Python/3.5.4 (Windows-10-10.0.18362-SP0)
    method: POST
    uri: https://vault55c41090.vault.azure.net/keys/rsa-verify-4096/ea48eb282c824d51bcccb5912fc71f7d/verify?api-version=7.0
  response:
    body:
      string: '{"value":true}'
    headers:
      cache-control:
      - no-cache
      content-length:
      - '14'
      content-type:
      - application/json; charset=utf-8
      date:
      - Wed, 21 Aug 2019 22:38:08 GMT
      expires:
      - '-1'
      pragma:
      - no-cache
      server:
      - Microsoft-IIS/10.0
      strict-transport-security:
      - max-age=31536000;includeSubDomains
      x-aspnet-version:
      - 4.0.30319
      x-content-type-options:
      - nosniff
      x-ms-keyvault-network-info:
      - addr=131.107.147.153;act_addr_fam=InterNetwork;
      x-ms-keyvault-region:
      - westus
      x-ms-keyvault-service-version:
      - 1.1.0.876
      x-powered-by:
      - ASP.NET
    status:
      code: 200
      message: OK
version: 1
