interactions:
- request:
    body: null
    headers:
      Accept: [application/json]
      Accept-Encoding: ['gzip, deflate']
      Connection: [keep-alive]
      Content-Length: ['0']
      Content-Type: [application/json; charset=utf-8]
      User-Agent: [azsdk-python-keyvault-keys/4.0.0b2 Python/3.6.6 (Windows-10-10.0.18362-SP0)]
    method: POST
    uri: https://vaultaxnjywktbx30c90fa1.vault.azure.net/keys/key0/create?api-version=7.0
  response:
    body: {string: '{"error":{"code":"Unauthorized","message":"Request is missing
        a Bearer or PoP token."}}'}
    headers:
      cache-control: [no-cache]
      content-length: ['87']
      content-type: [application/json; charset=utf-8]
      date: ['Tue, 27 Aug 2019 21:27:16 GMT']
      expires: ['-1']
      pragma: [no-cache]
      server: [Microsoft-IIS/10.0]
      strict-transport-security: [max-age=31536000;includeSubDomains]
      www-authenticate: ['Bearer authorization="https://login.windows.net/72f988bf-86f1-41af-91ab-2d7cd011db47",
          resource="https://vault.azure.net"']
      x-aspnet-version: [4.0.30319]
      x-content-type-options: [nosniff]
      x-ms-keyvault-network-info: [addr=131.107.160.72;act_addr_fam=InterNetwork;]
      x-ms-keyvault-region: [westus]
      x-ms-keyvault-service-version: [1.1.0.876]
      x-powered-by: [ASP.NET]
    status: {code: 401, message: Unauthorized}
- request:
    body: '{"kty": "RSA"}'
    headers:
      Accept: [application/json]
      Accept-Encoding: ['gzip, deflate']
      Connection: [keep-alive]
      Content-Length: ['14']
      Content-Type: [application/json; charset=utf-8]
      User-Agent: [azsdk-python-keyvault-keys/4.0.0b2 Python/3.6.6 (Windows-10-10.0.18362-SP0)]
    method: POST
    uri: https://vaultaxnjywktbx30c90fa1.vault.azure.net/keys/key0/create?api-version=7.0
  response:
    body: {string: '{"key":{"kid":"https://vaultaxnjywktbx30c90fa1.vault.azure.net/keys/key0/a6057cd811244702b59385d4ba28920e","kty":"RSA","key_ops":["encrypt","decrypt","sign","verify","wrapKey","unwrapKey"],"n":"pftwd4Hz99bHjN0VBwXJQGk48NYFQKOzd9lZHIigYeGYyMHUeyG6RM-E6sqRkFYFIW9lVV7Qy_RvVJR4WBJH8sa96NgYvpJbu2S6PjExF82g8nsE4ydIzUrhPyJ0OpAPcgLejP1NEeXeFRWUo9pExjt6NUJMyqScOxmAdj1uKpq-N-XwgaJIZQEjOU3FWB6mGiyoJFnq6HLPFO1YMxlQPOsY92U8AVuHmf7FkUghfJheWtFTuUIRht2PQ4zv0-bGDv4HZJyzULagp9nZZ9H8UzgIqM7-10CjlrNeKc_I6PY0pVmy0zGZ3-odsreIMB8LuX9lWT8n4qpc5e669xns9w","e":"AQAB"},"attributes":{"enabled":true,"created":1566941237,"updated":1566941237,"recoveryLevel":"Recoverable+Purgeable"}}'}
    headers:
      cache-control: [no-cache]
      content-length: ['662']
      content-type: [application/json; charset=utf-8]
      date: ['Tue, 27 Aug 2019 21:27:16 GMT']
      expires: ['-1']
      pragma: [no-cache]
      server: [Microsoft-IIS/10.0]
      strict-transport-security: [max-age=31536000;includeSubDomains]
      x-aspnet-version: [4.0.30319]
      x-content-type-options: [nosniff]
      x-ms-keyvault-network-info: [addr=131.107.160.72;act_addr_fam=InterNetwork;]
      x-ms-keyvault-region: [westus]
      x-ms-keyvault-service-version: [1.1.0.876]
      x-powered-by: [ASP.NET]
    status: {code: 200, message: OK}
- request:
    body: '{"kty": "RSA"}'
    headers:
      Accept: [application/json]
      Accept-Encoding: ['gzip, deflate']
      Connection: [keep-alive]
      Content-Length: ['14']
      Content-Type: [application/json; charset=utf-8]
      User-Agent: [azsdk-python-keyvault-keys/4.0.0b2 Python/3.6.6 (Windows-10-10.0.18362-SP0)]
    method: POST
    uri: https://vaultaxnjywktbx30c90fa1.vault.azure.net/keys/key1/create?api-version=7.0
  response:
    body: {string: '{"key":{"kid":"https://vaultaxnjywktbx30c90fa1.vault.azure.net/keys/key1/cd8a942b2b2846a59c9d3b32200750cc","kty":"RSA","key_ops":["encrypt","decrypt","sign","verify","wrapKey","unwrapKey"],"n":"0BpVzH0vnOp4YBJtAOUOmUqv16B4YwdRx6Kcdc2-U_BSBXFAbP8e2AqRX7VyLk8UIH_o75kocTeNBoMGoWj9XjJecy1Ws5tQKRW-r3PT95tYd21DJWrMRpQ0viDzlobbKjzy1QvsBZgrsvSwJYc1O-64_-cfXBNlwcVp6vHybhkwkioqIhwLDzokRNSCSJfEWRMDeLCXePMsjmK_mg76TOi0W7p_IIarK748WhqjfWpfhj4wGwXQcTuSJNUcE12n0IpiVZ0vFfpBeNH3NcwxCPe50umc7dzsM0PPDiN3PWZWaKhufD_gWPS8yn30BK-gkwYRu1Y9FZcLZAtLoUo5Iw","e":"AQAB"},"attributes":{"enabled":true,"created":1566941237,"updated":1566941237,"recoveryLevel":"Recoverable+Purgeable"}}'}
    headers:
      cache-control: [no-cache]
      content-length: ['662']
      content-type: [application/json; charset=utf-8]
      date: ['Tue, 27 Aug 2019 21:27:17 GMT']
      expires: ['-1']
      pragma: [no-cache]
      server: [Microsoft-IIS/10.0]
      strict-transport-security: [max-age=31536000;includeSubDomains]
      x-aspnet-version: [4.0.30319]
      x-content-type-options: [nosniff]
      x-ms-keyvault-network-info: [addr=131.107.160.72;act_addr_fam=InterNetwork;]
      x-ms-keyvault-region: [westus]
      x-ms-keyvault-service-version: [1.1.0.876]
      x-powered-by: [ASP.NET]
    status: {code: 200, message: OK}
- request:
    body: '{"kty": "RSA"}'
    headers:
      Accept: [application/json]
      Accept-Encoding: ['gzip, deflate']
      Connection: [keep-alive]
      Content-Length: ['14']
      Content-Type: [application/json; charset=utf-8]
      User-Agent: [azsdk-python-keyvault-keys/4.0.0b2 Python/3.6.6 (Windows-10-10.0.18362-SP0)]
    method: POST
    uri: https://vaultaxnjywktbx30c90fa1.vault.azure.net/keys/key2/create?api-version=7.0
  response:
    body: {string: '{"key":{"kid":"https://vaultaxnjywktbx30c90fa1.vault.azure.net/keys/key2/469570c13dbf42c78342cc606d9123d8","kty":"RSA","key_ops":["encrypt","decrypt","sign","verify","wrapKey","unwrapKey"],"n":"wfjMz4yG0rRegdbnxUqzw2iVfKg74w1k0OmazE4qFXurSLAlPW0vjXd79AFufZvqi3K-L7Ls9qn5TC7i6gjHmhZDRwU5pM6eVTLCnGSA9ZkOSyi-dZGB5nRwZdt2llVLY_XU9Pae6OSAhdbI6FUHfcxm2tB1cCRlM1mfTFcfhjxxYvd4LGEQeNGQ4dhH7jN63PIEP8wHjHeCIwnupA1fL9Zz9SHaazBy-KuZuKSGgmaEbzDdrEuMGk5x_iV4eViDZbkhAkIJpR6gwa4bJRq0shNUGsnCBMu8mlPaeI2FnzxRLR2erZcgpbzEWUOoX1mt6NB4jjXfFa8KUE67dSlIBw","e":"AQAB"},"attributes":{"enabled":true,"created":1566941238,"updated":1566941238,"recoveryLevel":"Recoverable+Purgeable"}}'}
    headers:
      cache-control: [no-cache]
      content-length: ['662']
      content-type: [application/json; charset=utf-8]
      date: ['Tue, 27 Aug 2019 21:27:17 GMT']
      expires: ['-1']
      pragma: [no-cache]
      server: [Microsoft-IIS/10.0]
      strict-transport-security: [max-age=31536000;includeSubDomains]
      x-aspnet-version: [4.0.30319]
      x-content-type-options: [nosniff]
      x-ms-keyvault-network-info: [addr=131.107.160.72;act_addr_fam=InterNetwork;]
      x-ms-keyvault-region: [westus]
      x-ms-keyvault-service-version: [1.1.0.876]
      x-powered-by: [ASP.NET]
    status: {code: 200, message: OK}
- request:
    body: '{"kty": "RSA"}'
    headers:
      Accept: [application/json]
      Accept-Encoding: ['gzip, deflate']
      Connection: [keep-alive]
      Content-Length: ['14']
      Content-Type: [application/json; charset=utf-8]
      User-Agent: [azsdk-python-keyvault-keys/4.0.0b2 Python/3.6.6 (Windows-10-10.0.18362-SP0)]
    method: POST
    uri: https://vaultaxnjywktbx30c90fa1.vault.azure.net/keys/key3/create?api-version=7.0
  response:
    body: {string: '{"key":{"kid":"https://vaultaxnjywktbx30c90fa1.vault.azure.net/keys/key3/f139ed699307450ab8aeff45f1b1f124","kty":"RSA","key_ops":["encrypt","decrypt","sign","verify","wrapKey","unwrapKey"],"n":"qPR3mRv36UpVzcEDOy8eLdwUr91Z8kt7SaB3kDSWJoHnOgG9mGetlixonOsXaynI7A98961Jn1_r28-kgYh0axx2GjZrsEDH5Q1dWjC0VADwX6jYab8soAwmJ5wnDIftC037Klj2p1qBrqq5Od44WOMQ1ChHdR4zRyIiKbY3wA5VJXeEhm1jOHBzH3FeJVEcLVO1DJObpWD6PBdrPp41hNobNTOF9PQ04zqf3GOMekZ1PyVOYjoNGLtSVETG7mcpOBeVEIMsBJkCyha6ktHefzhkJ0x_ADsWSX4TmSoY7mCtRjFjTfAJZ5ahh5AiMj7lTn47wHfQl1ldVZgYDe2ilw","e":"AQAB"},"attributes":{"enabled":true,"created":1566941238,"updated":1566941238,"recoveryLevel":"Recoverable+Purgeable"}}'}
    headers:
      cache-control: [no-cache]
      content-length: ['662']
      content-type: [application/json; charset=utf-8]
      date: ['Tue, 27 Aug 2019 21:27:17 GMT']
      expires: ['-1']
      pragma: [no-cache]
      server: [Microsoft-IIS/10.0]
      strict-transport-security: [max-age=31536000;includeSubDomains]
      x-aspnet-version: [4.0.30319]
      x-content-type-options: [nosniff]
      x-ms-keyvault-network-info: [addr=131.107.160.72;act_addr_fam=InterNetwork;]
      x-ms-keyvault-region: [westus]
      x-ms-keyvault-service-version: [1.1.0.876]
      x-powered-by: [ASP.NET]
    status: {code: 200, message: OK}
- request:
    body: '{"kty": "RSA"}'
    headers:
      Accept: [application/json]
      Accept-Encoding: ['gzip, deflate']
      Connection: [keep-alive]
      Content-Length: ['14']
      Content-Type: [application/json; charset=utf-8]
      User-Agent: [azsdk-python-keyvault-keys/4.0.0b2 Python/3.6.6 (Windows-10-10.0.18362-SP0)]
    method: POST
    uri: https://vaultaxnjywktbx30c90fa1.vault.azure.net/keys/key4/create?api-version=7.0
  response:
    body: {string: '{"key":{"kid":"https://vaultaxnjywktbx30c90fa1.vault.azure.net/keys/key4/dcab007320624819be3a0f5bfc91c736","kty":"RSA","key_ops":["encrypt","decrypt","sign","verify","wrapKey","unwrapKey"],"n":"iuFZlL10GN1nIT1KSLgejvJ26Bbwr8JceDSF00uXJrXxe6Ft3qR4Nj49yAIGJXvIRIRKT_HevPhhNErtwJ025gHdc9rna9v2XropzRchybv8JWSqrOThgL40UH1jEORh2olNV9Fi0aDNQ8olriP0QpqPjy5pSLGheyaEPpW0LGDY926jYUvUPZpJiOb8sz8c1r7a6eMh4YvxHuwsP_bsYVP4MTQA0R56W6Fw_NLZ7x5TPZvH6khMKPpTKojjyYHew596QBA-J4SMYwZVkcbrSmjRJ0qS8JaZGj-z6bLMZQpJnGMJc2RhgeHr6hlOtRNxhgbub5cqFHk-oOBWf1ysUw","e":"AQAB"},"attributes":{"enabled":true,"created":1566941238,"updated":1566941238,"recoveryLevel":"Recoverable+Purgeable"}}'}
    headers:
      cache-control: [no-cache]
      content-length: ['662']
      content-type: [application/json; charset=utf-8]
      date: ['Tue, 27 Aug 2019 21:27:17 GMT']
      expires: ['-1']
      pragma: [no-cache]
      server: [Microsoft-IIS/10.0]
      strict-transport-security: [max-age=31536000;includeSubDomains]
      x-aspnet-version: [4.0.30319]
      x-content-type-options: [nosniff]
      x-ms-keyvault-network-info: [addr=131.107.160.72;act_addr_fam=InterNetwork;]
      x-ms-keyvault-region: [westus]
      x-ms-keyvault-service-version: [1.1.0.876]
      x-powered-by: [ASP.NET]
    status: {code: 200, message: OK}
- request:
    body: '{"kty": "RSA"}'
    headers:
      Accept: [application/json]
      Accept-Encoding: ['gzip, deflate']
      Connection: [keep-alive]
      Content-Length: ['14']
      Content-Type: [application/json; charset=utf-8]
      User-Agent: [azsdk-python-keyvault-keys/4.0.0b2 Python/3.6.6 (Windows-10-10.0.18362-SP0)]
    method: POST
    uri: https://vaultaxnjywktbx30c90fa1.vault.azure.net/keys/key5/create?api-version=7.0
  response:
    body: {string: '{"key":{"kid":"https://vaultaxnjywktbx30c90fa1.vault.azure.net/keys/key5/3772670cdae94684a60dc83be2166769","kty":"RSA","key_ops":["encrypt","decrypt","sign","verify","wrapKey","unwrapKey"],"n":"tTquhi9n1Fv1VsQioJlOfMWQjpjPcu3X7q8blC9eZCuti-7_Y2CKl9kDiipp8i1qnYlilNjXAiM364CsnOgO9kery9HLKdbPlEwFjuMJ9lIH-XAyVEamkUV2xtleZ2eFj3DauR_ZVRhCvCZoJ7lQoLGb0S8febAgMmn5Mq3Pm27x9AUzcPElIvesIlnaGprKmk0cmrB4hv0VMcPNVDwJFLs6x_0_BINvm-obGW-S5Z6KRm2XDty0g6hjHIlCBXxpo6ePD4OTyu0WHgCW455JnLQVIyawGuoOp9W84O6PZ6O662m0em8bt64BnSO4YnmLo5jFT6Ngp8MiyxSvd7Yq6w","e":"AQAB"},"attributes":{"enabled":true,"created":1566941238,"updated":1566941238,"recoveryLevel":"Recoverable+Purgeable"}}'}
    headers:
      cache-control: [no-cache]
      content-length: ['662']
      content-type: [application/json; charset=utf-8]
      date: ['Tue, 27 Aug 2019 21:27:17 GMT']
      expires: ['-1']
      pragma: [no-cache]
      server: [Microsoft-IIS/10.0]
      strict-transport-security: [max-age=31536000;includeSubDomains]
      x-aspnet-version: [4.0.30319]
      x-content-type-options: [nosniff]
      x-ms-keyvault-network-info: [addr=131.107.160.72;act_addr_fam=InterNetwork;]
      x-ms-keyvault-region: [westus]
      x-ms-keyvault-service-version: [1.1.0.876]
      x-powered-by: [ASP.NET]
    status: {code: 200, message: OK}
- request:
    body: '{"kty": "RSA"}'
    headers:
      Accept: [application/json]
      Accept-Encoding: ['gzip, deflate']
      Connection: [keep-alive]
      Content-Length: ['14']
      Content-Type: [application/json; charset=utf-8]
      User-Agent: [azsdk-python-keyvault-keys/4.0.0b2 Python/3.6.6 (Windows-10-10.0.18362-SP0)]
    method: POST
    uri: https://vaultaxnjywktbx30c90fa1.vault.azure.net/keys/key6/create?api-version=7.0
  response:
    body: {string: '{"key":{"kid":"https://vaultaxnjywktbx30c90fa1.vault.azure.net/keys/key6/96e811895b9c4bea9f76a8c23478e397","kty":"RSA","key_ops":["encrypt","decrypt","sign","verify","wrapKey","unwrapKey"],"n":"us7CBXs0YXHe70Es9vWRX_TkSTDpTMe4a_W_JqOOk803Ph2G_mYbtGMcEfqIFWQuJ5gzSK-EnMCpfvWWMLbNqeBAwrVY2dteINsqVW1zh3Jz8snEvkIgmoDAzVVGy2ceB_9NfzPNBUShB76C5EDlJvn88lHvJDigyaMSVzmE9P4RTGN1H9sMAddOfVa0fylXIHo9hweAjoWDDyXbTmWIInk_nIYjET8PtAbBxwV6qem1n-UPJrr_HzLVnOhCbn2iOuwG-CzGwQqO5FU0ah7Xx3taTKApAX4p8mS5cmXOw-ng8CrB3gKkzzg4t2-4cdhbYS74GzX_bTJsbQMJlrPBPw","e":"AQAB"},"attributes":{"enabled":true,"created":1566941238,"updated":1566941238,"recoveryLevel":"Recoverable+Purgeable"}}'}
    headers:
      cache-control: [no-cache]
      content-length: ['662']
      content-type: [application/json; charset=utf-8]
      date: ['Tue, 27 Aug 2019 21:27:17 GMT']
      expires: ['-1']
      pragma: [no-cache]
      server: [Microsoft-IIS/10.0]
      strict-transport-security: [max-age=31536000;includeSubDomains]
      x-aspnet-version: [4.0.30319]
      x-content-type-options: [nosniff]
      x-ms-keyvault-network-info: [addr=131.107.160.72;act_addr_fam=InterNetwork;]
      x-ms-keyvault-region: [westus]
      x-ms-keyvault-service-version: [1.1.0.876]
      x-powered-by: [ASP.NET]
    status: {code: 200, message: OK}
- request:
    body: null
    headers:
      Accept: [application/json]
      Accept-Encoding: ['gzip, deflate']
      Connection: [keep-alive]
      Content-Length: ['0']
      User-Agent: [azsdk-python-keyvault-keys/4.0.0b2 Python/3.6.6 (Windows-10-10.0.18362-SP0)]
    method: DELETE
    uri: https://vaultaxnjywktbx30c90fa1.vault.azure.net/keys/key0?api-version=7.0
  response:
    body: {string: '{"recoveryId":"https://vaultaxnjywktbx30c90fa1.vault.azure.net/deletedkeys/key0","deletedDate":1566941238,"scheduledPurgeDate":1574717238,"key":{"kid":"https://vaultaxnjywktbx30c90fa1.vault.azure.net/keys/key0/a6057cd811244702b59385d4ba28920e","kty":"RSA","key_ops":["encrypt","decrypt","sign","verify","wrapKey","unwrapKey"],"n":"pftwd4Hz99bHjN0VBwXJQGk48NYFQKOzd9lZHIigYeGYyMHUeyG6RM-E6sqRkFYFIW9lVV7Qy_RvVJR4WBJH8sa96NgYvpJbu2S6PjExF82g8nsE4ydIzUrhPyJ0OpAPcgLejP1NEeXeFRWUo9pExjt6NUJMyqScOxmAdj1uKpq-N-XwgaJIZQEjOU3FWB6mGiyoJFnq6HLPFO1YMxlQPOsY92U8AVuHmf7FkUghfJheWtFTuUIRht2PQ4zv0-bGDv4HZJyzULagp9nZZ9H8UzgIqM7-10CjlrNeKc_I6PY0pVmy0zGZ3-odsreIMB8LuX9lWT8n4qpc5e669xns9w","e":"AQAB"},"attributes":{"enabled":true,"created":1566941237,"updated":1566941237,"recoveryLevel":"Recoverable+Purgeable"}}'}
    headers:
      cache-control: [no-cache]
      content-length: ['799']
      content-type: [application/json; charset=utf-8]
      date: ['Tue, 27 Aug 2019 21:27:18 GMT']
      expires: ['-1']
      pragma: [no-cache]
      server: [Microsoft-IIS/10.0]
      strict-transport-security: [max-age=31536000;includeSubDomains]
      x-aspnet-version: [4.0.30319]
      x-content-type-options: [nosniff]
      x-ms-keyvault-network-info: [addr=131.107.160.72;act_addr_fam=InterNetwork;]
      x-ms-keyvault-region: [westus]
      x-ms-keyvault-service-version: [1.1.0.876]
      x-powered-by: [ASP.NET]
    status: {code: 200, message: OK}
- request:
    body: null
    headers:
      Accept: [application/json]
      Accept-Encoding: ['gzip, deflate']
      Connection: [keep-alive]
      Content-Length: ['0']
      User-Agent: [azsdk-python-keyvault-keys/4.0.0b2 Python/3.6.6 (Windows-10-10.0.18362-SP0)]
    method: DELETE
    uri: https://vaultaxnjywktbx30c90fa1.vault.azure.net/keys/key1?api-version=7.0
  response:
    body: {string: '{"recoveryId":"https://vaultaxnjywktbx30c90fa1.vault.azure.net/deletedkeys/key1","deletedDate":1566941238,"scheduledPurgeDate":1574717238,"key":{"kid":"https://vaultaxnjywktbx30c90fa1.vault.azure.net/keys/key1/cd8a942b2b2846a59c9d3b32200750cc","kty":"RSA","key_ops":["encrypt","decrypt","sign","verify","wrapKey","unwrapKey"],"n":"0BpVzH0vnOp4YBJtAOUOmUqv16B4YwdRx6Kcdc2-U_BSBXFAbP8e2AqRX7VyLk8UIH_o75kocTeNBoMGoWj9XjJecy1Ws5tQKRW-r3PT95tYd21DJWrMRpQ0viDzlobbKjzy1QvsBZgrsvSwJYc1O-64_-cfXBNlwcVp6vHybhkwkioqIhwLDzokRNSCSJfEWRMDeLCXePMsjmK_mg76TOi0W7p_IIarK748WhqjfWpfhj4wGwXQcTuSJNUcE12n0IpiVZ0vFfpBeNH3NcwxCPe50umc7dzsM0PPDiN3PWZWaKhufD_gWPS8yn30BK-gkwYRu1Y9FZcLZAtLoUo5Iw","e":"AQAB"},"attributes":{"enabled":true,"created":1566941237,"updated":1566941237,"recoveryLevel":"Recoverable+Purgeable"}}'}
    headers:
      cache-control: [no-cache]
      content-length: ['799']
      content-type: [application/json; charset=utf-8]
      date: ['Tue, 27 Aug 2019 21:27:18 GMT']
      expires: ['-1']
      pragma: [no-cache]
      server: [Microsoft-IIS/10.0]
      strict-transport-security: [max-age=31536000;includeSubDomains]
      x-aspnet-version: [4.0.30319]
      x-content-type-options: [nosniff]
      x-ms-keyvault-network-info: [addr=131.107.160.72;act_addr_fam=InterNetwork;]
      x-ms-keyvault-region: [westus]
      x-ms-keyvault-service-version: [1.1.0.876]
      x-powered-by: [ASP.NET]
    status: {code: 200, message: OK}
- request:
    body: null
    headers:
      Accept: [application/json]
      Accept-Encoding: ['gzip, deflate']
      Connection: [keep-alive]
      Content-Length: ['0']
      User-Agent: [azsdk-python-keyvault-keys/4.0.0b2 Python/3.6.6 (Windows-10-10.0.18362-SP0)]
    method: DELETE
    uri: https://vaultaxnjywktbx30c90fa1.vault.azure.net/keys/key2?api-version=7.0
  response:
    body: {string: '{"recoveryId":"https://vaultaxnjywktbx30c90fa1.vault.azure.net/deletedkeys/key2","deletedDate":1566941239,"scheduledPurgeDate":1574717239,"key":{"kid":"https://vaultaxnjywktbx30c90fa1.vault.azure.net/keys/key2/469570c13dbf42c78342cc606d9123d8","kty":"RSA","key_ops":["encrypt","decrypt","sign","verify","wrapKey","unwrapKey"],"n":"wfjMz4yG0rRegdbnxUqzw2iVfKg74w1k0OmazE4qFXurSLAlPW0vjXd79AFufZvqi3K-L7Ls9qn5TC7i6gjHmhZDRwU5pM6eVTLCnGSA9ZkOSyi-dZGB5nRwZdt2llVLY_XU9Pae6OSAhdbI6FUHfcxm2tB1cCRlM1mfTFcfhjxxYvd4LGEQeNGQ4dhH7jN63PIEP8wHjHeCIwnupA1fL9Zz9SHaazBy-KuZuKSGgmaEbzDdrEuMGk5x_iV4eViDZbkhAkIJpR6gwa4bJRq0shNUGsnCBMu8mlPaeI2FnzxRLR2erZcgpbzEWUOoX1mt6NB4jjXfFa8KUE67dSlIBw","e":"AQAB"},"attributes":{"enabled":true,"created":1566941238,"updated":1566941238,"recoveryLevel":"Recoverable+Purgeable"}}'}
    headers:
      cache-control: [no-cache]
      content-length: ['799']
      content-type: [application/json; charset=utf-8]
      date: ['Tue, 27 Aug 2019 21:27:18 GMT']
      expires: ['-1']
      pragma: [no-cache]
      server: [Microsoft-IIS/10.0]
      strict-transport-security: [max-age=31536000;includeSubDomains]
      x-aspnet-version: [4.0.30319]
      x-content-type-options: [nosniff]
      x-ms-keyvault-network-info: [addr=131.107.160.72;act_addr_fam=InterNetwork;]
      x-ms-keyvault-region: [westus]
      x-ms-keyvault-service-version: [1.1.0.876]
      x-powered-by: [ASP.NET]
    status: {code: 200, message: OK}
- request:
    body: null
    headers:
      Accept: [application/json]
      Accept-Encoding: ['gzip, deflate']
      Connection: [keep-alive]
      Content-Length: ['0']
      User-Agent: [azsdk-python-keyvault-keys/4.0.0b2 Python/3.6.6 (Windows-10-10.0.18362-SP0)]
    method: DELETE
    uri: https://vaultaxnjywktbx30c90fa1.vault.azure.net/keys/key3?api-version=7.0
  response:
    body: {string: '{"recoveryId":"https://vaultaxnjywktbx30c90fa1.vault.azure.net/deletedkeys/key3","deletedDate":1566941239,"scheduledPurgeDate":1574717239,"key":{"kid":"https://vaultaxnjywktbx30c90fa1.vault.azure.net/keys/key3/f139ed699307450ab8aeff45f1b1f124","kty":"RSA","key_ops":["encrypt","decrypt","sign","verify","wrapKey","unwrapKey"],"n":"qPR3mRv36UpVzcEDOy8eLdwUr91Z8kt7SaB3kDSWJoHnOgG9mGetlixonOsXaynI7A98961Jn1_r28-kgYh0axx2GjZrsEDH5Q1dWjC0VADwX6jYab8soAwmJ5wnDIftC037Klj2p1qBrqq5Od44WOMQ1ChHdR4zRyIiKbY3wA5VJXeEhm1jOHBzH3FeJVEcLVO1DJObpWD6PBdrPp41hNobNTOF9PQ04zqf3GOMekZ1PyVOYjoNGLtSVETG7mcpOBeVEIMsBJkCyha6ktHefzhkJ0x_ADsWSX4TmSoY7mCtRjFjTfAJZ5ahh5AiMj7lTn47wHfQl1ldVZgYDe2ilw","e":"AQAB"},"attributes":{"enabled":true,"created":1566941238,"updated":1566941238,"recoveryLevel":"Recoverable+Purgeable"}}'}
    headers:
      cache-control: [no-cache]
      content-length: ['799']
      content-type: [application/json; charset=utf-8]
      date: ['Tue, 27 Aug 2019 21:27:18 GMT']
      expires: ['-1']
      pragma: [no-cache]
      server: [Microsoft-IIS/10.0]
      strict-transport-security: [max-age=31536000;includeSubDomains]
      x-aspnet-version: [4.0.30319]
      x-content-type-options: [nosniff]
      x-ms-keyvault-network-info: [addr=131.107.160.72;act_addr_fam=InterNetwork;]
      x-ms-keyvault-region: [westus]
      x-ms-keyvault-service-version: [1.1.0.876]
      x-powered-by: [ASP.NET]
    status: {code: 200, message: OK}
- request:
    body: null
    headers:
      Accept: [application/json]
      Accept-Encoding: ['gzip, deflate']
      Connection: [keep-alive]
      Content-Length: ['0']
      User-Agent: [azsdk-python-keyvault-keys/4.0.0b2 Python/3.6.6 (Windows-10-10.0.18362-SP0)]
    method: DELETE
    uri: https://vaultaxnjywktbx30c90fa1.vault.azure.net/keys/key4?api-version=7.0
  response:
    body: {string: '{"recoveryId":"https://vaultaxnjywktbx30c90fa1.vault.azure.net/deletedkeys/key4","deletedDate":1566941239,"scheduledPurgeDate":1574717239,"key":{"kid":"https://vaultaxnjywktbx30c90fa1.vault.azure.net/keys/key4/dcab007320624819be3a0f5bfc91c736","kty":"RSA","key_ops":["encrypt","decrypt","sign","verify","wrapKey","unwrapKey"],"n":"iuFZlL10GN1nIT1KSLgejvJ26Bbwr8JceDSF00uXJrXxe6Ft3qR4Nj49yAIGJXvIRIRKT_HevPhhNErtwJ025gHdc9rna9v2XropzRchybv8JWSqrOThgL40UH1jEORh2olNV9Fi0aDNQ8olriP0QpqPjy5pSLGheyaEPpW0LGDY926jYUvUPZpJiOb8sz8c1r7a6eMh4YvxHuwsP_bsYVP4MTQA0R56W6Fw_NLZ7x5TPZvH6khMKPpTKojjyYHew596QBA-J4SMYwZVkcbrSmjRJ0qS8JaZGj-z6bLMZQpJnGMJc2RhgeHr6hlOtRNxhgbub5cqFHk-oOBWf1ysUw","e":"AQAB"},"attributes":{"enabled":true,"created":1566941238,"updated":1566941238,"recoveryLevel":"Recoverable+Purgeable"}}'}
    headers:
      cache-control: [no-cache]
      content-length: ['799']
      content-type: [application/json; charset=utf-8]
      date: ['Tue, 27 Aug 2019 21:27:18 GMT']
      expires: ['-1']
      pragma: [no-cache]
      server: [Microsoft-IIS/10.0]
      strict-transport-security: [max-age=31536000;includeSubDomains]
      x-aspnet-version: [4.0.30319]
      x-content-type-options: [nosniff]
      x-ms-keyvault-network-info: [addr=131.107.160.72;act_addr_fam=InterNetwork;]
      x-ms-keyvault-region: [westus]
      x-ms-keyvault-service-version: [1.1.0.876]
      x-powered-by: [ASP.NET]
    status: {code: 200, message: OK}
- request:
    body: null
    headers:
      Accept: [application/json]
      Accept-Encoding: ['gzip, deflate']
      Connection: [keep-alive]
      Content-Length: ['0']
      User-Agent: [azsdk-python-keyvault-keys/4.0.0b2 Python/3.6.6 (Windows-10-10.0.18362-SP0)]
    method: DELETE
    uri: https://vaultaxnjywktbx30c90fa1.vault.azure.net/keys/key5?api-version=7.0
  response:
    body: {string: '{"recoveryId":"https://vaultaxnjywktbx30c90fa1.vault.azure.net/deletedkeys/key5","deletedDate":1566941239,"scheduledPurgeDate":1574717239,"key":{"kid":"https://vaultaxnjywktbx30c90fa1.vault.azure.net/keys/key5/3772670cdae94684a60dc83be2166769","kty":"RSA","key_ops":["encrypt","decrypt","sign","verify","wrapKey","unwrapKey"],"n":"tTquhi9n1Fv1VsQioJlOfMWQjpjPcu3X7q8blC9eZCuti-7_Y2CKl9kDiipp8i1qnYlilNjXAiM364CsnOgO9kery9HLKdbPlEwFjuMJ9lIH-XAyVEamkUV2xtleZ2eFj3DauR_ZVRhCvCZoJ7lQoLGb0S8febAgMmn5Mq3Pm27x9AUzcPElIvesIlnaGprKmk0cmrB4hv0VMcPNVDwJFLs6x_0_BINvm-obGW-S5Z6KRm2XDty0g6hjHIlCBXxpo6ePD4OTyu0WHgCW455JnLQVIyawGuoOp9W84O6PZ6O662m0em8bt64BnSO4YnmLo5jFT6Ngp8MiyxSvd7Yq6w","e":"AQAB"},"attributes":{"enabled":true,"created":1566941238,"updated":1566941238,"recoveryLevel":"Recoverable+Purgeable"}}'}
    headers:
      cache-control: [no-cache]
      content-length: ['799']
      content-type: [application/json; charset=utf-8]
      date: ['Tue, 27 Aug 2019 21:27:18 GMT']
      expires: ['-1']
      pragma: [no-cache]
      server: [Microsoft-IIS/10.0]
      strict-transport-security: [max-age=31536000;includeSubDomains]
      x-aspnet-version: [4.0.30319]
      x-content-type-options: [nosniff]
      x-ms-keyvault-network-info: [addr=131.107.160.72;act_addr_fam=InterNetwork;]
      x-ms-keyvault-region: [westus]
      x-ms-keyvault-service-version: [1.1.0.876]
      x-powered-by: [ASP.NET]
    status: {code: 200, message: OK}
- request:
    body: null
    headers:
      Accept: [application/json]
      Accept-Encoding: ['gzip, deflate']
      Connection: [keep-alive]
      Content-Length: ['0']
      User-Agent: [azsdk-python-keyvault-keys/4.0.0b2 Python/3.6.6 (Windows-10-10.0.18362-SP0)]
    method: DELETE
    uri: https://vaultaxnjywktbx30c90fa1.vault.azure.net/keys/key6?api-version=7.0
  response:
    body: {string: '{"recoveryId":"https://vaultaxnjywktbx30c90fa1.vault.azure.net/deletedkeys/key6","deletedDate":1566941239,"scheduledPurgeDate":1574717239,"key":{"kid":"https://vaultaxnjywktbx30c90fa1.vault.azure.net/keys/key6/96e811895b9c4bea9f76a8c23478e397","kty":"RSA","key_ops":["encrypt","decrypt","sign","verify","wrapKey","unwrapKey"],"n":"us7CBXs0YXHe70Es9vWRX_TkSTDpTMe4a_W_JqOOk803Ph2G_mYbtGMcEfqIFWQuJ5gzSK-EnMCpfvWWMLbNqeBAwrVY2dteINsqVW1zh3Jz8snEvkIgmoDAzVVGy2ceB_9NfzPNBUShB76C5EDlJvn88lHvJDigyaMSVzmE9P4RTGN1H9sMAddOfVa0fylXIHo9hweAjoWDDyXbTmWIInk_nIYjET8PtAbBxwV6qem1n-UPJrr_HzLVnOhCbn2iOuwG-CzGwQqO5FU0ah7Xx3taTKApAX4p8mS5cmXOw-ng8CrB3gKkzzg4t2-4cdhbYS74GzX_bTJsbQMJlrPBPw","e":"AQAB"},"attributes":{"enabled":true,"created":1566941238,"updated":1566941238,"recoveryLevel":"Recoverable+Purgeable"}}'}
    headers:
      cache-control: [no-cache]
      content-length: ['799']
      content-type: [application/json; charset=utf-8]
      date: ['Tue, 27 Aug 2019 21:27:18 GMT']
      expires: ['-1']
      pragma: [no-cache]
      server: [Microsoft-IIS/10.0]
      strict-transport-security: [max-age=31536000;includeSubDomains]
      x-aspnet-version: [4.0.30319]
      x-content-type-options: [nosniff]
      x-ms-keyvault-network-info: [addr=131.107.160.72;act_addr_fam=InterNetwork;]
      x-ms-keyvault-region: [westus]
      x-ms-keyvault-service-version: [1.1.0.876]
      x-powered-by: [ASP.NET]
    status: {code: 200, message: OK}
- request:
    body: null
    headers:
      Accept: [application/json]
      Accept-Encoding: ['gzip, deflate']
      Connection: [keep-alive]
      User-Agent: [azsdk-python-keyvault-keys/4.0.0b2 Python/3.6.6 (Windows-10-10.0.18362-SP0)]
    method: GET
    uri: https://vaultaxnjywktbx30c90fa1.vault.azure.net/deletedkeys/key0?api-version=7.0
  response:
    body: {string: '{"error":{"code":"KeyNotFound","message":"Deleted Key not found:
        key0"}}'}
    headers:
      cache-control: [no-cache]
      content-length: ['72']
      content-type: [application/json; charset=utf-8]
      date: ['Tue, 27 Aug 2019 21:27:18 GMT']
      expires: ['-1']
      pragma: [no-cache]
      server: [Microsoft-IIS/10.0]
      strict-transport-security: [max-age=31536000;includeSubDomains]
      x-aspnet-version: [4.0.30319]
      x-content-type-options: [nosniff]
      x-ms-keyvault-network-info: [addr=131.107.160.72;act_addr_fam=InterNetwork;]
      x-ms-keyvault-region: [westus]
      x-ms-keyvault-service-version: [1.1.0.876]
      x-powered-by: [ASP.NET]
    status: {code: 404, message: Not Found}
- request:
    body: null
    headers:
      Accept: [application/json]
      Accept-Encoding: ['gzip, deflate']
      Connection: [keep-alive]
      User-Agent: [azsdk-python-keyvault-keys/4.0.0b2 Python/3.6.6 (Windows-10-10.0.18362-SP0)]
    method: GET
    uri: https://vaultaxnjywktbx30c90fa1.vault.azure.net/deletedkeys/key0?api-version=7.0
  response:
    body: {string: '{"error":{"code":"KeyNotFound","message":"Deleted Key not found:
        key0"}}'}
    headers:
      cache-control: [no-cache]
      content-length: ['72']
      content-type: [application/json; charset=utf-8]
      date: ['Tue, 27 Aug 2019 21:27:21 GMT']
      expires: ['-1']
      pragma: [no-cache]
      server: [Microsoft-IIS/10.0]
      strict-transport-security: [max-age=31536000;includeSubDomains]
      x-aspnet-version: [4.0.30319]
      x-content-type-options: [nosniff]
      x-ms-keyvault-network-info: [addr=131.107.160.72;act_addr_fam=InterNetwork;]
      x-ms-keyvault-region: [westus]
      x-ms-keyvault-service-version: [1.1.0.876]
      x-powered-by: [ASP.NET]
    status: {code: 404, message: Not Found}
- request:
    body: null
    headers:
      Accept: [application/json]
      Accept-Encoding: ['gzip, deflate']
      Connection: [keep-alive]
      User-Agent: [azsdk-python-keyvault-keys/4.0.0b2 Python/3.6.6 (Windows-10-10.0.18362-SP0)]
    method: GET
    uri: https://vaultaxnjywktbx30c90fa1.vault.azure.net/deletedkeys/key0?api-version=7.0
  response:
    body: {string: '{"error":{"code":"KeyNotFound","message":"Deleted Key not found:
        key0"}}'}
    headers:
      cache-control: [no-cache]
      content-length: ['72']
      content-type: [application/json; charset=utf-8]
      date: ['Tue, 27 Aug 2019 21:27:24 GMT']
      expires: ['-1']
      pragma: [no-cache]
      server: [Microsoft-IIS/10.0]
      strict-transport-security: [max-age=31536000;includeSubDomains]
      x-aspnet-version: [4.0.30319]
      x-content-type-options: [nosniff]
      x-ms-keyvault-network-info: [addr=131.107.160.72;act_addr_fam=InterNetwork;]
      x-ms-keyvault-region: [westus]
      x-ms-keyvault-service-version: [1.1.0.876]
      x-powered-by: [ASP.NET]
    status: {code: 404, message: Not Found}
- request:
    body: null
    headers:
      Accept: [application/json]
      Accept-Encoding: ['gzip, deflate']
      Connection: [keep-alive]
      User-Agent: [azsdk-python-keyvault-keys/4.0.0b2 Python/3.6.6 (Windows-10-10.0.18362-SP0)]
    method: GET
    uri: https://vaultaxnjywktbx30c90fa1.vault.azure.net/deletedkeys/key0?api-version=7.0
  response:
    body: {string: '{"error":{"code":"KeyNotFound","message":"Deleted Key not found:
        key0"}}'}
    headers:
      cache-control: [no-cache]
      content-length: ['72']
      content-type: [application/json; charset=utf-8]
      date: ['Tue, 27 Aug 2019 21:27:28 GMT']
      expires: ['-1']
      pragma: [no-cache]
      server: [Microsoft-IIS/10.0]
      strict-transport-security: [max-age=31536000;includeSubDomains]
      x-aspnet-version: [4.0.30319]
      x-content-type-options: [nosniff]
      x-ms-keyvault-network-info: [addr=131.107.160.72;act_addr_fam=InterNetwork;]
      x-ms-keyvault-region: [westus]
      x-ms-keyvault-service-version: [1.1.0.876]
      x-powered-by: [ASP.NET]
    status: {code: 404, message: Not Found}
- request:
    body: null
    headers:
      Accept: [application/json]
      Accept-Encoding: ['gzip, deflate']
      Connection: [keep-alive]
      User-Agent: [azsdk-python-keyvault-keys/4.0.0b2 Python/3.6.6 (Windows-10-10.0.18362-SP0)]
    method: GET
    uri: https://vaultaxnjywktbx30c90fa1.vault.azure.net/deletedkeys/key0?api-version=7.0
  response:
    body: {string: '{"error":{"code":"KeyNotFound","message":"Deleted Key not found:
        key0"}}'}
    headers:
      cache-control: [no-cache]
      content-length: ['72']
      content-type: [application/json; charset=utf-8]
      date: ['Tue, 27 Aug 2019 21:27:31 GMT']
      expires: ['-1']
      pragma: [no-cache]
      server: [Microsoft-IIS/10.0]
      strict-transport-security: [max-age=31536000;includeSubDomains]
      x-aspnet-version: [4.0.30319]
      x-content-type-options: [nosniff]
      x-ms-keyvault-network-info: [addr=131.107.160.72;act_addr_fam=InterNetwork;]
      x-ms-keyvault-region: [westus]
      x-ms-keyvault-service-version: [1.1.0.876]
      x-powered-by: [ASP.NET]
    status: {code: 404, message: Not Found}
- request:
    body: null
    headers:
      Accept: [application/json]
      Accept-Encoding: ['gzip, deflate']
      Connection: [keep-alive]
      User-Agent: [azsdk-python-keyvault-keys/4.0.0b2 Python/3.6.6 (Windows-10-10.0.18362-SP0)]
    method: GET
    uri: https://vaultaxnjywktbx30c90fa1.vault.azure.net/deletedkeys/key0?api-version=7.0
  response:
    body: {string: '{"error":{"code":"KeyNotFound","message":"Deleted Key not found:
        key0"}}'}
    headers:
      cache-control: [no-cache]
      content-length: ['72']
      content-type: [application/json; charset=utf-8]
      date: ['Tue, 27 Aug 2019 21:27:34 GMT']
      expires: ['-1']
      pragma: [no-cache]
      server: [Microsoft-IIS/10.0]
      strict-transport-security: [max-age=31536000;includeSubDomains]
      x-aspnet-version: [4.0.30319]
      x-content-type-options: [nosniff]
      x-ms-keyvault-network-info: [addr=131.107.160.72;act_addr_fam=InterNetwork;]
      x-ms-keyvault-region: [westus]
      x-ms-keyvault-service-version: [1.1.0.876]
      x-powered-by: [ASP.NET]
    status: {code: 404, message: Not Found}
- request:
    body: null
    headers:
      Accept: [application/json]
      Accept-Encoding: ['gzip, deflate']
      Connection: [keep-alive]
      User-Agent: [azsdk-python-keyvault-keys/4.0.0b2 Python/3.6.6 (Windows-10-10.0.18362-SP0)]
    method: GET
    uri: https://vaultaxnjywktbx30c90fa1.vault.azure.net/deletedkeys/key0?api-version=7.0
  response:
    body: {string: '{"recoveryId":"https://vaultaxnjywktbx30c90fa1.vault.azure.net/deletedkeys/key0","deletedDate":1566941238,"scheduledPurgeDate":1574717238,"key":{"kid":"https://vaultaxnjywktbx30c90fa1.vault.azure.net/keys/key0/a6057cd811244702b59385d4ba28920e","kty":"RSA","key_ops":["encrypt","decrypt","sign","verify","wrapKey","unwrapKey"],"n":"pftwd4Hz99bHjN0VBwXJQGk48NYFQKOzd9lZHIigYeGYyMHUeyG6RM-E6sqRkFYFIW9lVV7Qy_RvVJR4WBJH8sa96NgYvpJbu2S6PjExF82g8nsE4ydIzUrhPyJ0OpAPcgLejP1NEeXeFRWUo9pExjt6NUJMyqScOxmAdj1uKpq-N-XwgaJIZQEjOU3FWB6mGiyoJFnq6HLPFO1YMxlQPOsY92U8AVuHmf7FkUghfJheWtFTuUIRht2PQ4zv0-bGDv4HZJyzULagp9nZZ9H8UzgIqM7-10CjlrNeKc_I6PY0pVmy0zGZ3-odsreIMB8LuX9lWT8n4qpc5e669xns9w","e":"AQAB"},"attributes":{"enabled":true,"created":1566941237,"updated":1566941237,"recoveryLevel":"Recoverable+Purgeable"}}'}
    headers:
      cache-control: [no-cache]
      content-length: ['799']
      content-type: [application/json; charset=utf-8]
      date: ['Tue, 27 Aug 2019 21:27:38 GMT']
      expires: ['-1']
      pragma: [no-cache]
      server: [Microsoft-IIS/10.0]
      strict-transport-security: [max-age=31536000;includeSubDomains]
      x-aspnet-version: [4.0.30319]
      x-content-type-options: [nosniff]
      x-ms-keyvault-network-info: [addr=131.107.160.72;act_addr_fam=InterNetwork;]
      x-ms-keyvault-region: [westus]
      x-ms-keyvault-service-version: [1.1.0.876]
      x-powered-by: [ASP.NET]
    status: {code: 200, message: OK}
- request:
    body: null
    headers:
      Accept: [application/json]
      Accept-Encoding: ['gzip, deflate']
      Connection: [keep-alive]
      User-Agent: [azsdk-python-keyvault-keys/4.0.0b2 Python/3.6.6 (Windows-10-10.0.18362-SP0)]
    method: GET
    uri: https://vaultaxnjywktbx30c90fa1.vault.azure.net/deletedkeys/key1?api-version=7.0
  response:
    body: {string: '{"recoveryId":"https://vaultaxnjywktbx30c90fa1.vault.azure.net/deletedkeys/key1","deletedDate":1566941238,"scheduledPurgeDate":1574717238,"key":{"kid":"https://vaultaxnjywktbx30c90fa1.vault.azure.net/keys/key1/cd8a942b2b2846a59c9d3b32200750cc","kty":"RSA","key_ops":["encrypt","decrypt","sign","verify","wrapKey","unwrapKey"],"n":"0BpVzH0vnOp4YBJtAOUOmUqv16B4YwdRx6Kcdc2-U_BSBXFAbP8e2AqRX7VyLk8UIH_o75kocTeNBoMGoWj9XjJecy1Ws5tQKRW-r3PT95tYd21DJWrMRpQ0viDzlobbKjzy1QvsBZgrsvSwJYc1O-64_-cfXBNlwcVp6vHybhkwkioqIhwLDzokRNSCSJfEWRMDeLCXePMsjmK_mg76TOi0W7p_IIarK748WhqjfWpfhj4wGwXQcTuSJNUcE12n0IpiVZ0vFfpBeNH3NcwxCPe50umc7dzsM0PPDiN3PWZWaKhufD_gWPS8yn30BK-gkwYRu1Y9FZcLZAtLoUo5Iw","e":"AQAB"},"attributes":{"enabled":true,"created":1566941237,"updated":1566941237,"recoveryLevel":"Recoverable+Purgeable"}}'}
    headers:
      cache-control: [no-cache]
      content-length: ['799']
      content-type: [application/json; charset=utf-8]
      date: ['Tue, 27 Aug 2019 21:27:38 GMT']
      expires: ['-1']
      pragma: [no-cache]
      server: [Microsoft-IIS/10.0]
      strict-transport-security: [max-age=31536000;includeSubDomains]
      x-aspnet-version: [4.0.30319]
      x-content-type-options: [nosniff]
      x-ms-keyvault-network-info: [addr=131.107.160.72;act_addr_fam=InterNetwork;]
      x-ms-keyvault-region: [westus]
      x-ms-keyvault-service-version: [1.1.0.876]
      x-powered-by: [ASP.NET]
    status: {code: 200, message: OK}
- request:
    body: null
    headers:
      Accept: [application/json]
      Accept-Encoding: ['gzip, deflate']
      Connection: [keep-alive]
      User-Agent: [azsdk-python-keyvault-keys/4.0.0b2 Python/3.6.6 (Windows-10-10.0.18362-SP0)]
    method: GET
    uri: https://vaultaxnjywktbx30c90fa1.vault.azure.net/deletedkeys/key2?api-version=7.0
  response:
    body: {string: '{"recoveryId":"https://vaultaxnjywktbx30c90fa1.vault.azure.net/deletedkeys/key2","deletedDate":1566941239,"scheduledPurgeDate":1574717239,"key":{"kid":"https://vaultaxnjywktbx30c90fa1.vault.azure.net/keys/key2/469570c13dbf42c78342cc606d9123d8","kty":"RSA","key_ops":["encrypt","decrypt","sign","verify","wrapKey","unwrapKey"],"n":"wfjMz4yG0rRegdbnxUqzw2iVfKg74w1k0OmazE4qFXurSLAlPW0vjXd79AFufZvqi3K-L7Ls9qn5TC7i6gjHmhZDRwU5pM6eVTLCnGSA9ZkOSyi-dZGB5nRwZdt2llVLY_XU9Pae6OSAhdbI6FUHfcxm2tB1cCRlM1mfTFcfhjxxYvd4LGEQeNGQ4dhH7jN63PIEP8wHjHeCIwnupA1fL9Zz9SHaazBy-KuZuKSGgmaEbzDdrEuMGk5x_iV4eViDZbkhAkIJpR6gwa4bJRq0shNUGsnCBMu8mlPaeI2FnzxRLR2erZcgpbzEWUOoX1mt6NB4jjXfFa8KUE67dSlIBw","e":"AQAB"},"attributes":{"enabled":true,"created":1566941238,"updated":1566941238,"recoveryLevel":"Recoverable+Purgeable"}}'}
    headers:
      cache-control: [no-cache]
      content-length: ['799']
      content-type: [application/json; charset=utf-8]
      date: ['Tue, 27 Aug 2019 21:27:38 GMT']
      expires: ['-1']
      pragma: [no-cache]
      server: [Microsoft-IIS/10.0]
      strict-transport-security: [max-age=31536000;includeSubDomains]
      x-aspnet-version: [4.0.30319]
      x-content-type-options: [nosniff]
      x-ms-keyvault-network-info: [addr=131.107.160.72;act_addr_fam=InterNetwork;]
      x-ms-keyvault-region: [westus]
      x-ms-keyvault-service-version: [1.1.0.876]
      x-powered-by: [ASP.NET]
    status: {code: 200, message: OK}
- request:
    body: null
    headers:
      Accept: [application/json]
      Accept-Encoding: ['gzip, deflate']
      Connection: [keep-alive]
      User-Agent: [azsdk-python-keyvault-keys/4.0.0b2 Python/3.6.6 (Windows-10-10.0.18362-SP0)]
    method: GET
    uri: https://vaultaxnjywktbx30c90fa1.vault.azure.net/deletedkeys/key3?api-version=7.0
  response:
    body: {string: '{"recoveryId":"https://vaultaxnjywktbx30c90fa1.vault.azure.net/deletedkeys/key3","deletedDate":1566941239,"scheduledPurgeDate":1574717239,"key":{"kid":"https://vaultaxnjywktbx30c90fa1.vault.azure.net/keys/key3/f139ed699307450ab8aeff45f1b1f124","kty":"RSA","key_ops":["encrypt","decrypt","sign","verify","wrapKey","unwrapKey"],"n":"qPR3mRv36UpVzcEDOy8eLdwUr91Z8kt7SaB3kDSWJoHnOgG9mGetlixonOsXaynI7A98961Jn1_r28-kgYh0axx2GjZrsEDH5Q1dWjC0VADwX6jYab8soAwmJ5wnDIftC037Klj2p1qBrqq5Od44WOMQ1ChHdR4zRyIiKbY3wA5VJXeEhm1jOHBzH3FeJVEcLVO1DJObpWD6PBdrPp41hNobNTOF9PQ04zqf3GOMekZ1PyVOYjoNGLtSVETG7mcpOBeVEIMsBJkCyha6ktHefzhkJ0x_ADsWSX4TmSoY7mCtRjFjTfAJZ5ahh5AiMj7lTn47wHfQl1ldVZgYDe2ilw","e":"AQAB"},"attributes":{"enabled":true,"created":1566941238,"updated":1566941238,"recoveryLevel":"Recoverable+Purgeable"}}'}
    headers:
      cache-control: [no-cache]
      content-length: ['799']
      content-type: [application/json; charset=utf-8]
      date: ['Tue, 27 Aug 2019 21:27:38 GMT']
      expires: ['-1']
      pragma: [no-cache]
      server: [Microsoft-IIS/10.0]
      strict-transport-security: [max-age=31536000;includeSubDomains]
      x-aspnet-version: [4.0.30319]
      x-content-type-options: [nosniff]
      x-ms-keyvault-network-info: [addr=131.107.160.72;act_addr_fam=InterNetwork;]
      x-ms-keyvault-region: [westus]
      x-ms-keyvault-service-version: [1.1.0.876]
      x-powered-by: [ASP.NET]
    status: {code: 200, message: OK}
- request:
    body: null
    headers:
      Accept: [application/json]
      Accept-Encoding: ['gzip, deflate']
      Connection: [keep-alive]
      User-Agent: [azsdk-python-keyvault-keys/4.0.0b2 Python/3.6.6 (Windows-10-10.0.18362-SP0)]
    method: GET
    uri: https://vaultaxnjywktbx30c90fa1.vault.azure.net/deletedkeys/key4?api-version=7.0
  response:
    body: {string: '{"recoveryId":"https://vaultaxnjywktbx30c90fa1.vault.azure.net/deletedkeys/key4","deletedDate":1566941239,"scheduledPurgeDate":1574717239,"key":{"kid":"https://vaultaxnjywktbx30c90fa1.vault.azure.net/keys/key4/dcab007320624819be3a0f5bfc91c736","kty":"RSA","key_ops":["encrypt","decrypt","sign","verify","wrapKey","unwrapKey"],"n":"iuFZlL10GN1nIT1KSLgejvJ26Bbwr8JceDSF00uXJrXxe6Ft3qR4Nj49yAIGJXvIRIRKT_HevPhhNErtwJ025gHdc9rna9v2XropzRchybv8JWSqrOThgL40UH1jEORh2olNV9Fi0aDNQ8olriP0QpqPjy5pSLGheyaEPpW0LGDY926jYUvUPZpJiOb8sz8c1r7a6eMh4YvxHuwsP_bsYVP4MTQA0R56W6Fw_NLZ7x5TPZvH6khMKPpTKojjyYHew596QBA-J4SMYwZVkcbrSmjRJ0qS8JaZGj-z6bLMZQpJnGMJc2RhgeHr6hlOtRNxhgbub5cqFHk-oOBWf1ysUw","e":"AQAB"},"attributes":{"enabled":true,"created":1566941238,"updated":1566941238,"recoveryLevel":"Recoverable+Purgeable"}}'}
    headers:
      cache-control: [no-cache]
      content-length: ['799']
      content-type: [application/json; charset=utf-8]
      date: ['Tue, 27 Aug 2019 21:27:38 GMT']
      expires: ['-1']
      pragma: [no-cache]
      server: [Microsoft-IIS/10.0]
      strict-transport-security: [max-age=31536000;includeSubDomains]
      x-aspnet-version: [4.0.30319]
      x-content-type-options: [nosniff]
      x-ms-keyvault-network-info: [addr=131.107.160.72;act_addr_fam=InterNetwork;]
      x-ms-keyvault-region: [westus]
      x-ms-keyvault-service-version: [1.1.0.876]
      x-powered-by: [ASP.NET]
    status: {code: 200, message: OK}
- request:
    body: null
    headers:
      Accept: [application/json]
      Accept-Encoding: ['gzip, deflate']
      Connection: [keep-alive]
      User-Agent: [azsdk-python-keyvault-keys/4.0.0b2 Python/3.6.6 (Windows-10-10.0.18362-SP0)]
    method: GET
    uri: https://vaultaxnjywktbx30c90fa1.vault.azure.net/deletedkeys/key5?api-version=7.0
  response:
    body: {string: '{"recoveryId":"https://vaultaxnjywktbx30c90fa1.vault.azure.net/deletedkeys/key5","deletedDate":1566941239,"scheduledPurgeDate":1574717239,"key":{"kid":"https://vaultaxnjywktbx30c90fa1.vault.azure.net/keys/key5/3772670cdae94684a60dc83be2166769","kty":"RSA","key_ops":["encrypt","decrypt","sign","verify","wrapKey","unwrapKey"],"n":"tTquhi9n1Fv1VsQioJlOfMWQjpjPcu3X7q8blC9eZCuti-7_Y2CKl9kDiipp8i1qnYlilNjXAiM364CsnOgO9kery9HLKdbPlEwFjuMJ9lIH-XAyVEamkUV2xtleZ2eFj3DauR_ZVRhCvCZoJ7lQoLGb0S8febAgMmn5Mq3Pm27x9AUzcPElIvesIlnaGprKmk0cmrB4hv0VMcPNVDwJFLs6x_0_BINvm-obGW-S5Z6KRm2XDty0g6hjHIlCBXxpo6ePD4OTyu0WHgCW455JnLQVIyawGuoOp9W84O6PZ6O662m0em8bt64BnSO4YnmLo5jFT6Ngp8MiyxSvd7Yq6w","e":"AQAB"},"attributes":{"enabled":true,"created":1566941238,"updated":1566941238,"recoveryLevel":"Recoverable+Purgeable"}}'}
    headers:
      cache-control: [no-cache]
      content-length: ['799']
      content-type: [application/json; charset=utf-8]
      date: ['Tue, 27 Aug 2019 21:27:38 GMT']
      expires: ['-1']
      pragma: [no-cache]
      server: [Microsoft-IIS/10.0]
      strict-transport-security: [max-age=31536000;includeSubDomains]
      x-aspnet-version: [4.0.30319]
      x-content-type-options: [nosniff]
      x-ms-keyvault-network-info: [addr=131.107.160.72;act_addr_fam=InterNetwork;]
      x-ms-keyvault-region: [westus]
      x-ms-keyvault-service-version: [1.1.0.876]
      x-powered-by: [ASP.NET]
    status: {code: 200, message: OK}
- request:
    body: null
    headers:
      Accept: [application/json]
      Accept-Encoding: ['gzip, deflate']
      Connection: [keep-alive]
      User-Agent: [azsdk-python-keyvault-keys/4.0.0b2 Python/3.6.6 (Windows-10-10.0.18362-SP0)]
    method: GET
    uri: https://vaultaxnjywktbx30c90fa1.vault.azure.net/deletedkeys/key6?api-version=7.0
  response:
    body: {string: '{"recoveryId":"https://vaultaxnjywktbx30c90fa1.vault.azure.net/deletedkeys/key6","deletedDate":1566941239,"scheduledPurgeDate":1574717239,"key":{"kid":"https://vaultaxnjywktbx30c90fa1.vault.azure.net/keys/key6/96e811895b9c4bea9f76a8c23478e397","kty":"RSA","key_ops":["encrypt","decrypt","sign","verify","wrapKey","unwrapKey"],"n":"us7CBXs0YXHe70Es9vWRX_TkSTDpTMe4a_W_JqOOk803Ph2G_mYbtGMcEfqIFWQuJ5gzSK-EnMCpfvWWMLbNqeBAwrVY2dteINsqVW1zh3Jz8snEvkIgmoDAzVVGy2ceB_9NfzPNBUShB76C5EDlJvn88lHvJDigyaMSVzmE9P4RTGN1H9sMAddOfVa0fylXIHo9hweAjoWDDyXbTmWIInk_nIYjET8PtAbBxwV6qem1n-UPJrr_HzLVnOhCbn2iOuwG-CzGwQqO5FU0ah7Xx3taTKApAX4p8mS5cmXOw-ng8CrB3gKkzzg4t2-4cdhbYS74GzX_bTJsbQMJlrPBPw","e":"AQAB"},"attributes":{"enabled":true,"created":1566941238,"updated":1566941238,"recoveryLevel":"Recoverable+Purgeable"}}'}
    headers:
      cache-control: [no-cache]
      content-length: ['799']
      content-type: [application/json; charset=utf-8]
      date: ['Tue, 27 Aug 2019 21:27:38 GMT']
      expires: ['-1']
      pragma: [no-cache]
      server: [Microsoft-IIS/10.0]
      strict-transport-security: [max-age=31536000;includeSubDomains]
      x-aspnet-version: [4.0.30319]
      x-content-type-options: [nosniff]
      x-ms-keyvault-network-info: [addr=131.107.160.72;act_addr_fam=InterNetwork;]
      x-ms-keyvault-region: [westus]
      x-ms-keyvault-service-version: [1.1.0.876]
      x-powered-by: [ASP.NET]
    status: {code: 200, message: OK}
- request:
    body: null
    headers:
      Accept: [application/json]
      Accept-Encoding: ['gzip, deflate']
      Connection: [keep-alive]
      User-Agent: [azsdk-python-keyvault-keys/4.0.0b2 Python/3.6.6 (Windows-10-10.0.18362-SP0)]
    method: GET
    uri: https://vaultaxnjywktbx30c90fa1.vault.azure.net/deletedkeys?api-version=7.0
  response:
    body: {string: '{"value":[{"recoveryId":"https://vaultaxnjywktbx30c90fa1.vault.azure.net/deletedkeys/key0","deletedDate":1566941238,"scheduledPurgeDate":1574717238,"kid":"https://vaultaxnjywktbx30c90fa1.vault.azure.net/keys/key0","attributes":{"enabled":true,"created":1566941237,"updated":1566941237,"recoveryLevel":"Recoverable+Purgeable"}},{"recoveryId":"https://vaultaxnjywktbx30c90fa1.vault.azure.net/deletedkeys/key1","deletedDate":1566941238,"scheduledPurgeDate":1574717238,"kid":"https://vaultaxnjywktbx30c90fa1.vault.azure.net/keys/key1","attributes":{"enabled":true,"created":1566941237,"updated":1566941237,"recoveryLevel":"Recoverable+Purgeable"}},{"recoveryId":"https://vaultaxnjywktbx30c90fa1.vault.azure.net/deletedkeys/key2","deletedDate":1566941239,"scheduledPurgeDate":1574717239,"kid":"https://vaultaxnjywktbx30c90fa1.vault.azure.net/keys/key2","attributes":{"enabled":true,"created":1566941238,"updated":1566941238,"recoveryLevel":"Recoverable+Purgeable"}},{"recoveryId":"https://vaultaxnjywktbx30c90fa1.vault.azure.net/deletedkeys/key3","deletedDate":1566941239,"scheduledPurgeDate":1574717239,"kid":"https://vaultaxnjywktbx30c90fa1.vault.azure.net/keys/key3","attributes":{"enabled":true,"created":1566941238,"updated":1566941238,"recoveryLevel":"Recoverable+Purgeable"}},{"recoveryId":"https://vaultaxnjywktbx30c90fa1.vault.azure.net/deletedkeys/key4","deletedDate":1566941239,"scheduledPurgeDate":1574717239,"kid":"https://vaultaxnjywktbx30c90fa1.vault.azure.net/keys/key4","attributes":{"enabled":true,"created":1566941238,"updated":1566941238,"recoveryLevel":"Recoverable+Purgeable"}},{"recoveryId":"https://vaultaxnjywktbx30c90fa1.vault.azure.net/deletedkeys/key5","deletedDate":1566941239,"scheduledPurgeDate":1574717239,"kid":"https://vaultaxnjywktbx30c90fa1.vault.azure.net/keys/key5","attributes":{"enabled":true,"created":1566941238,"updated":1566941238,"recoveryLevel":"Recoverable+Purgeable"}},{"recoveryId":"https://vaultaxnjywktbx30c90fa1.vault.azure.net/deletedkeys/key6","deletedDate":1566941239,"scheduledPurgeDate":1574717239,"kid":"https://vaultaxnjywktbx30c90fa1.vault.azure.net/keys/key6","attributes":{"enabled":true,"created":1566941238,"updated":1566941238,"recoveryLevel":"Recoverable+Purgeable"}}],"nextLink":null}'}
    headers:
      cache-control: [no-cache]
      content-length: ['2246']
      content-type: [application/json; charset=utf-8]
      date: ['Tue, 27 Aug 2019 21:27:38 GMT']
      expires: ['-1']
      pragma: [no-cache]
      server: [Microsoft-IIS/10.0]
      strict-transport-security: [max-age=31536000;includeSubDomains]
      x-aspnet-version: [4.0.30319]
      x-content-type-options: [nosniff]
      x-ms-keyvault-network-info: [addr=131.107.160.72;act_addr_fam=InterNetwork;]
      x-ms-keyvault-region: [westus]
      x-ms-keyvault-service-version: [1.1.0.876]
      x-powered-by: [ASP.NET]
    status: {code: 200, message: OK}
- request:
    body: null
    headers:
      Accept: [application/json]
      Accept-Encoding: ['gzip, deflate']
      Connection: [keep-alive]
      User-Agent: [azsdk-python-keyvault-keys/4.0.0b2 Python/3.6.6 (Windows-10-10.0.18362-SP0)]
    method: GET
    uri: https://vaultaxnjywktbx30c90fa1.vault.azure.net/deletedkeys?api-version=7.0
  response:
    body: {string: '{"value":[{"recoveryId":"https://vaultaxnjywktbx30c90fa1.vault.azure.net/deletedkeys/key0","deletedDate":1566941238,"scheduledPurgeDate":1574717238,"kid":"https://vaultaxnjywktbx30c90fa1.vault.azure.net/keys/key0","attributes":{"enabled":true,"created":1566941237,"updated":1566941237,"recoveryLevel":"Recoverable+Purgeable"}},{"recoveryId":"https://vaultaxnjywktbx30c90fa1.vault.azure.net/deletedkeys/key1","deletedDate":1566941238,"scheduledPurgeDate":1574717238,"kid":"https://vaultaxnjywktbx30c90fa1.vault.azure.net/keys/key1","attributes":{"enabled":true,"created":1566941237,"updated":1566941237,"recoveryLevel":"Recoverable+Purgeable"}},{"recoveryId":"https://vaultaxnjywktbx30c90fa1.vault.azure.net/deletedkeys/key2","deletedDate":1566941239,"scheduledPurgeDate":1574717239,"kid":"https://vaultaxnjywktbx30c90fa1.vault.azure.net/keys/key2","attributes":{"enabled":true,"created":1566941238,"updated":1566941238,"recoveryLevel":"Recoverable+Purgeable"}},{"recoveryId":"https://vaultaxnjywktbx30c90fa1.vault.azure.net/deletedkeys/key3","deletedDate":1566941239,"scheduledPurgeDate":1574717239,"kid":"https://vaultaxnjywktbx30c90fa1.vault.azure.net/keys/key3","attributes":{"enabled":true,"created":1566941238,"updated":1566941238,"recoveryLevel":"Recoverable+Purgeable"}},{"recoveryId":"https://vaultaxnjywktbx30c90fa1.vault.azure.net/deletedkeys/key4","deletedDate":1566941239,"scheduledPurgeDate":1574717239,"kid":"https://vaultaxnjywktbx30c90fa1.vault.azure.net/keys/key4","attributes":{"enabled":true,"created":1566941238,"updated":1566941238,"recoveryLevel":"Recoverable+Purgeable"}},{"recoveryId":"https://vaultaxnjywktbx30c90fa1.vault.azure.net/deletedkeys/key5","deletedDate":1566941239,"scheduledPurgeDate":1574717239,"kid":"https://vaultaxnjywktbx30c90fa1.vault.azure.net/keys/key5","attributes":{"enabled":true,"created":1566941238,"updated":1566941238,"recoveryLevel":"Recoverable+Purgeable"}},{"recoveryId":"https://vaultaxnjywktbx30c90fa1.vault.azure.net/deletedkeys/key6","deletedDate":1566941239,"scheduledPurgeDate":1574717239,"kid":"https://vaultaxnjywktbx30c90fa1.vault.azure.net/keys/key6","attributes":{"enabled":true,"created":1566941238,"updated":1566941238,"recoveryLevel":"Recoverable+Purgeable"}}],"nextLink":null}'}
    headers:
      cache-control: [no-cache]
      content-length: ['2246']
      content-type: [application/json; charset=utf-8]
      date: ['Tue, 27 Aug 2019 21:27:38 GMT']
      expires: ['-1']
      pragma: [no-cache]
      server: [Microsoft-IIS/10.0]
      strict-transport-security: [max-age=31536000;includeSubDomains]
      x-aspnet-version: [4.0.30319]
      x-content-type-options: [nosniff]
      x-ms-keyvault-network-info: [addr=131.107.160.72;act_addr_fam=InterNetwork;]
      x-ms-keyvault-region: [westus]
      x-ms-keyvault-service-version: [1.1.0.876]
      x-powered-by: [ASP.NET]
    status: {code: 200, message: OK}
version: 1
