interactions:
- request:
    body: null
    headers:
      Accept:
      - application/json
      Content-Length:
      - '0'
      Content-Type:
      - application/json
      User-Agent:
      - azsdk-python-keyvault-keys/4.4.0b5 Python/3.5.3 (Windows-10-10.0.19041-SP0)
    method: POST
    uri: https://vaultname.vault.azure.net/keys/livekvtestcrypto-test-encrypt-keyf7ab1b58/create?api-version=2016-10-01
  response:
    body:
      string: '{"error":{"code":"Unauthorized","message":"Request is missing a Bearer
        or PoP token."}}'
    headers:
      cache-control: no-cache
      content-length: '87'
      content-type: application/json; charset=utf-8
      date: Tue, 20 Apr 2021 20:11:49 GMT
      expires: '-1'
      pragma: no-cache
      strict-transport-security: max-age=31536000;includeSubDomains
      www-authenticate: Bearer authorization="https://login.windows.net/72f988bf-86f1-41af-91ab-2d7cd011db47",
        resource="https://vault.azure.net"
      x-content-type-options: nosniff
      x-ms-keyvault-network-info: conn_type=Ipv4;addr=172.92.159.124;act_addr_fam=InterNetwork;
      x-ms-keyvault-region: eastus2
      x-ms-keyvault-service-version: 1.2.236.0
      x-powered-by: ASP.NET
    status:
      code: 401
      message: Unauthorized
    url: https://mcpatinotest.vault.azure.net/keys/livekvtestcrypto-test-encrypt-keyf7ab1b58/create?api-version=2016-10-01
- request:
    body: '{"kty": "RSA"}'
    headers:
      Accept:
      - application/json
      Content-Length:
      - '14'
      Content-Type:
      - application/json
      User-Agent:
      - azsdk-python-keyvault-keys/4.4.0b5 Python/3.5.3 (Windows-10-10.0.19041-SP0)
    method: POST
    uri: https://vaultname.vault.azure.net/keys/livekvtestcrypto-test-encrypt-keyf7ab1b58/create?api-version=2016-10-01
  response:
    body:
      string: '{"key":{"kid":"https://vaultname.vault.azure.net/keys/livekvtestcrypto-test-encrypt-keyf7ab1b58/c47748cc99264f7e9abbcebce9ea2862","kty":"RSA","key_ops":["encrypt","decrypt","sign","verify","wrapKey","unwrapKey"],"n":"xf3IT-5QPeDZpqT9M5Qmh5YAONeP14MTQ8quOG6mMNMV7s5puf1uCFpz-gfWIi9a3-TP6rvTU76UdPlKur9EhFNVXaOsWrNUsQ6_L-yCnZFsglf5OXa-cZSsoONbzqdy8SUUNPrWDjrJcJWJTnkawSCIcJPJ_XOHpJ9T7iL_PWUCnFFnQ0WCDKDrPW_-ctZtJ-ZfwPxlV8d8ZtB2VVs8BJkhT3qYT4HzIhBqfH1ZCVdQ1KuExv54g8n-PTJom6W7ZESeNxXzdI-v5F0V4Ms4GzAcXosSfGRcPgS9BqNqt8qqKHfmrOWKGHDVK-xe8SCzT18bFmMJSqDFuHtt60feoQ","e":"AQAB"},"attributes":{"enabled":true,"created":1618949509,"updated":1618949509,"recoveryLevel":"Recoverable+Purgeable"}}'
    headers:
      cache-control: no-cache
      content-length: '688'
      content-type: application/json; charset=utf-8
      date: Tue, 20 Apr 2021 20:11:49 GMT
      expires: '-1'
      pragma: no-cache
      strict-transport-security: max-age=31536000;includeSubDomains
      x-content-type-options: nosniff
      x-ms-keyvault-network-info: conn_type=Ipv4;addr=172.92.159.124;act_addr_fam=InterNetwork;
      x-ms-keyvault-region: eastus2
      x-ms-keyvault-service-version: 1.2.236.0
      x-powered-by: ASP.NET
    status:
      code: 200
      message: OK
    url: https://mcpatinotest.vault.azure.net/keys/livekvtestcrypto-test-encrypt-keyf7ab1b58/create?api-version=2016-10-01
- request:
    body: null
    headers:
      Accept:
      - application/json
      User-Agent:
      - azsdk-python-keyvault-keys/4.4.0b5 Python/3.5.3 (Windows-10-10.0.19041-SP0)
    method: GET
    uri: https://vaultname.vault.azure.net/keys/livekvtestcrypto-test-encrypt-keyf7ab1b58/?api-version=2016-10-01
  response:
    body:
      string: '{"key":{"kid":"https://vaultname.vault.azure.net/keys/livekvtestcrypto-test-encrypt-keyf7ab1b58/c47748cc99264f7e9abbcebce9ea2862","kty":"RSA","key_ops":["encrypt","decrypt","sign","verify","wrapKey","unwrapKey"],"n":"xf3IT-5QPeDZpqT9M5Qmh5YAONeP14MTQ8quOG6mMNMV7s5puf1uCFpz-gfWIi9a3-TP6rvTU76UdPlKur9EhFNVXaOsWrNUsQ6_L-yCnZFsglf5OXa-cZSsoONbzqdy8SUUNPrWDjrJcJWJTnkawSCIcJPJ_XOHpJ9T7iL_PWUCnFFnQ0WCDKDrPW_-ctZtJ-ZfwPxlV8d8ZtB2VVs8BJkhT3qYT4HzIhBqfH1ZCVdQ1KuExv54g8n-PTJom6W7ZESeNxXzdI-v5F0V4Ms4GzAcXosSfGRcPgS9BqNqt8qqKHfmrOWKGHDVK-xe8SCzT18bFmMJSqDFuHtt60feoQ","e":"AQAB"},"attributes":{"enabled":true,"created":1618949509,"updated":1618949509,"recoveryLevel":"Recoverable+Purgeable"}}'
    headers:
      cache-control: no-cache
      content-length: '688'
      content-type: application/json; charset=utf-8
      date: Tue, 20 Apr 2021 20:11:49 GMT
      expires: '-1'
      pragma: no-cache
      strict-transport-security: max-age=31536000;includeSubDomains
      x-content-type-options: nosniff
      x-ms-keyvault-network-info: conn_type=Ipv4;addr=172.92.159.124;act_addr_fam=InterNetwork;
      x-ms-keyvault-region: eastus2
      x-ms-keyvault-service-version: 1.2.236.0
      x-powered-by: ASP.NET
    status:
      code: 200
      message: OK
    url: https://mcpatinotest.vault.azure.net/keys/livekvtestcrypto-test-encrypt-keyf7ab1b58/?api-version=2016-10-01
- request:
    body: '{"alg": "RSA-OAEP", "value": "Qk0rHoMZzOiruFEZejju5mqEphzSAhztrDozEUnVCczsC5M-OYB7xyOSx7sKSqXHNY24k9A1WANGn6Hf5J5wgxgzcsEaPBq6Nn4GGKvybtUpZi0NaNwJvJYhLJkQ282n-g6K2kU85mr6AefezkTuC8_WL8mmr6zVqkInvqUy1oJBZpDlGWA26zyzPFEFgOzKUZIS6gVQYS9M9iproQ8Oe5hl1N82GoximybKEPTx2sNPC8ZAbEpk6083pCvZFiywJ74HA3oqV9__QZyIEHDXJw1WqYkMWznVPrWv6uoaLz9LGm9EtMCy58lZ_Fzr6P0rmyktgeQgSUvxqyUMtNjYMg"}'
    headers:
      Accept:
      - application/json
      Content-Length:
      - '374'
      Content-Type:
      - application/json
      User-Agent:
      - azsdk-python-keyvault-keys/4.4.0b5 Python/3.5.3 (Windows-10-10.0.19041-SP0)
    method: POST
    uri: https://vaultname.vault.azure.net/keys/livekvtestcrypto-test-encrypt-keyf7ab1b58/c47748cc99264f7e9abbcebce9ea2862/decrypt?api-version=7.2-preview
  response:
    body:
      string: '{"kid":"https://vaultname.vault.azure.net/keys/livekvtestcrypto-test-encrypt-keyf7ab1b58/c47748cc99264f7e9abbcebce9ea2862","value":"cGxhaW50ZXh0"}'
    headers:
      cache-control: no-cache
      content-length: '149'
      content-type: application/json; charset=utf-8
      date: Tue, 20 Apr 2021 20:11:49 GMT
      expires: '-1'
      pragma: no-cache
      strict-transport-security: max-age=31536000;includeSubDomains
      x-content-type-options: nosniff
      x-ms-keyvault-network-info: conn_type=Ipv4;addr=172.92.159.124;act_addr_fam=InterNetwork;
      x-ms-keyvault-region: eastus2
      x-ms-keyvault-service-version: 1.2.236.0
      x-powered-by: ASP.NET
    status:
      code: 200
      message: OK
    url: https://mcpatinotest.vault.azure.net/keys/livekvtestcrypto-test-encrypt-keyf7ab1b58/c47748cc99264f7e9abbcebce9ea2862/decrypt?api-version=7.2-preview
version: 1
