interactions:
- request:
    body: null
    headers:
      Accept: [application/json]
      Accept-Encoding: ['gzip, deflate']
      Connection: [keep-alive]
      Content-Length: ['0']
      Content-Type: [application/json; charset=utf-8]
      User-Agent: [azsdk-python-keyvault-keys/4.0.0b2 Python/3.6.6 (Windows-10-10.0.18362-SP0)]
    method: POST
    uri: https://vault6742a7710b8a.vault.azure.net/keys/key0/create?api-version=7.0
  response:
    body: {string: '{"error":{"code":"Unauthorized","message":"Request is missing
        a Bearer or PoP token."}}'}
    headers:
      cache-control: [no-cache]
      content-length: ['87']
      content-type: [application/json; charset=utf-8]
      date: ['Fri, 23 Aug 2019 17:43:58 GMT']
      expires: ['-1']
      pragma: [no-cache]
      server: [Microsoft-IIS/10.0]
      strict-transport-security: [max-age=31536000;includeSubDomains]
      www-authenticate: ['Bearer authorization="https://login.windows.net/72f988bf-86f1-41af-91ab-2d7cd011db47",
          resource="https://vault.azure.net"']
      x-aspnet-version: [4.0.30319]
      x-content-type-options: [nosniff]
      x-ms-keyvault-network-info: [addr=131.107.160.72;act_addr_fam=InterNetwork;]
      x-ms-keyvault-region: [westus]
      x-ms-keyvault-service-version: [1.1.0.876]
      x-powered-by: [ASP.NET]
    status: {code: 401, message: Unauthorized}
- request:
    body: '{"kty": "RSA"}'
    headers:
      Accept: [application/json]
      Accept-Encoding: ['gzip, deflate']
      Connection: [keep-alive]
      Content-Length: ['14']
      Content-Type: [application/json; charset=utf-8]
      User-Agent: [azsdk-python-keyvault-keys/4.0.0b2 Python/3.6.6 (Windows-10-10.0.18362-SP0)]
    method: POST
    uri: https://vault6742a7710b8a.vault.azure.net/keys/key0/create?api-version=7.0
  response:
    body: {string: '{"key":{"kid":"https://vault6742a7710b8a.vault.azure.net/keys/key0/efcb4cf0ef414dd4a6865d11a91cfea2","kty":"RSA","key_ops":["encrypt","decrypt","sign","verify","wrapKey","unwrapKey"],"n":"qApmpu3xbKU8QL5jdVTjA4EHtb2UM57xUWo59McoQb9sZJ6sxzCzUWaWtqfun_ThvIlPW4AiLrnaRDpOEFsDvF7-PZkQkfI3BwCcvX4wrEaR6AXnjLtxc0bU_IZElK0pHJUPsWgERulIiiFivDiGvtCvENVcNQSCZXOp67Y4qbYCgndO2j9bFnIP8lqgY3x7QeDO_tp6Mr0hGeB3H_ddPCFR0imKUjCJqD2ezC0OGF2ubNL3UTIOpDwT_WPF2R5Mo1Op_9XkEFrQS0e4xSPRaTqEToRp9q8ch7zVZXWeYysGAO5jCZyXolXrezR9XrAp_lbFzG-pJymQ58om0QloPw","e":"AQAB"},"attributes":{"enabled":true,"created":1566582239,"updated":1566582239,"recoveryLevel":"Recoverable+Purgeable"}}'}
    headers:
      cache-control: [no-cache]
      content-length: ['656']
      content-type: [application/json; charset=utf-8]
      date: ['Fri, 23 Aug 2019 17:43:59 GMT']
      expires: ['-1']
      pragma: [no-cache]
      server: [Microsoft-IIS/10.0]
      strict-transport-security: [max-age=31536000;includeSubDomains]
      x-aspnet-version: [4.0.30319]
      x-content-type-options: [nosniff]
      x-ms-keyvault-network-info: [addr=131.107.160.72;act_addr_fam=InterNetwork;]
      x-ms-keyvault-region: [westus]
      x-ms-keyvault-service-version: [1.1.0.876]
      x-powered-by: [ASP.NET]
    status: {code: 200, message: OK}
- request:
    body: '{"kty": "RSA"}'
    headers:
      Accept: [application/json]
      Accept-Encoding: ['gzip, deflate']
      Connection: [keep-alive]
      Content-Length: ['14']
      Content-Type: [application/json; charset=utf-8]
      User-Agent: [azsdk-python-keyvault-keys/4.0.0b2 Python/3.6.6 (Windows-10-10.0.18362-SP0)]
    method: POST
    uri: https://vault6742a7710b8a.vault.azure.net/keys/key1/create?api-version=7.0
  response:
    body: {string: '{"key":{"kid":"https://vault6742a7710b8a.vault.azure.net/keys/key1/4fc70a87b522496f8ce46436a005cb71","kty":"RSA","key_ops":["encrypt","decrypt","sign","verify","wrapKey","unwrapKey"],"n":"sYf8yXRNqZnUuAwSpdvbQbNaYhjpGA3jyJ4w1QxcpSPFPf125EAUiTE_jTvfLFff1jn2cH9JglSr9oskUY4yKslofXhq1VSk-p_RnKda0lAE3Zw2NctItnXXKPhUXR4v9-a7Bho73MmdwPjG9aET6Eh1RysWrtOorw3VHLtcgM3I-6Q8ibhtMptae_O9p47fwUglzFyz_keLZarrCyMft0MgXW6sI9jnElP-LFf2b3lVu1PsZDJUke_9rYakQG6Xt0TBIPSaV8BGmz_Okronm6ScSSBAiNId7AsbTHPIaJiVnY4VWdioZLxuPRfaf1h62Sf9k4ahLcc026To6qxQMw","e":"AQAB"},"attributes":{"enabled":true,"created":1566582239,"updated":1566582239,"recoveryLevel":"Recoverable+Purgeable"}}'}
    headers:
      cache-control: [no-cache]
      content-length: ['656']
      content-type: [application/json; charset=utf-8]
      date: ['Fri, 23 Aug 2019 17:43:59 GMT']
      expires: ['-1']
      pragma: [no-cache]
      server: [Microsoft-IIS/10.0]
      strict-transport-security: [max-age=31536000;includeSubDomains]
      x-aspnet-version: [4.0.30319]
      x-content-type-options: [nosniff]
      x-ms-keyvault-network-info: [addr=131.107.160.72;act_addr_fam=InterNetwork;]
      x-ms-keyvault-region: [westus]
      x-ms-keyvault-service-version: [1.1.0.876]
      x-powered-by: [ASP.NET]
    status: {code: 200, message: OK}
- request:
    body: '{"kty": "RSA"}'
    headers:
      Accept: [application/json]
      Accept-Encoding: ['gzip, deflate']
      Connection: [keep-alive]
      Content-Length: ['14']
      Content-Type: [application/json; charset=utf-8]
      User-Agent: [azsdk-python-keyvault-keys/4.0.0b2 Python/3.6.6 (Windows-10-10.0.18362-SP0)]
    method: POST
    uri: https://vault6742a7710b8a.vault.azure.net/keys/key2/create?api-version=7.0
  response:
    body: {string: '{"key":{"kid":"https://vault6742a7710b8a.vault.azure.net/keys/key2/0b4697a30e8e4757a132e6826e96f532","kty":"RSA","key_ops":["encrypt","decrypt","sign","verify","wrapKey","unwrapKey"],"n":"jkur3fsuv3nbZO1Ks1D_v68-jxL1uF1ibHxhceo2jlQxeHdWNDhFMe8sSYkb2VyEJA5SKOSMFtE5grku_Uqzcdp56Ugfhkyp9FQLEZEMR0iRkXAYtnPSKXwRbLTeKGWYad3uFgjNGj2WtRk75YyfPb0TEEoT9v-MIGJbeibytP0GgxjMuK7NxxUzUzuh708iN2_nm3a_xBkWCWbVnIJJL5kllNLaL03Iuz91wvtSkAQ43D-0iXLcVo9NLFN9T1ktje--VkYAHEc3Use4paQ6oZRftJwF7C4HenIvOWQcEr8suVzLI_jOnEMnUPCoNvu3dChQy1tFNNbpOHR8qWGFwQ","e":"AQAB"},"attributes":{"enabled":true,"created":1566582240,"updated":1566582240,"recoveryLevel":"Recoverable+Purgeable"}}'}
    headers:
      cache-control: [no-cache]
      content-length: ['656']
      content-type: [application/json; charset=utf-8]
      date: ['Fri, 23 Aug 2019 17:43:59 GMT']
      expires: ['-1']
      pragma: [no-cache]
      server: [Microsoft-IIS/10.0]
      strict-transport-security: [max-age=31536000;includeSubDomains]
      x-aspnet-version: [4.0.30319]
      x-content-type-options: [nosniff]
      x-ms-keyvault-network-info: [addr=131.107.160.72;act_addr_fam=InterNetwork;]
      x-ms-keyvault-region: [westus]
      x-ms-keyvault-service-version: [1.1.0.876]
      x-powered-by: [ASP.NET]
    status: {code: 200, message: OK}
- request:
    body: '{"kty": "RSA"}'
    headers:
      Accept: [application/json]
      Accept-Encoding: ['gzip, deflate']
      Connection: [keep-alive]
      Content-Length: ['14']
      Content-Type: [application/json; charset=utf-8]
      User-Agent: [azsdk-python-keyvault-keys/4.0.0b2 Python/3.6.6 (Windows-10-10.0.18362-SP0)]
    method: POST
    uri: https://vault6742a7710b8a.vault.azure.net/keys/key3/create?api-version=7.0
  response:
    body: {string: '{"key":{"kid":"https://vault6742a7710b8a.vault.azure.net/keys/key3/3b77545ed54d4893adf20eee6cc2b7da","kty":"RSA","key_ops":["encrypt","decrypt","sign","verify","wrapKey","unwrapKey"],"n":"rGComwqowF4QrwLFaB01stwYcP51BBSlN5vIXAngw_naO4u7Af3R3jfpRJlHj5FLDBZ43yUsInWke_fG4uPYkO-wn_6Ca7o_T4CGnpDY85QcNkgcQSsFRlvKD7F1PaE4Bxl3VAt7Qw2ht1qHbBmenDh5NudugaRbEOLABLhhPsr2t6l1oltqff067MnxlWaKhhBzVmk3sQEpL4zouPwn5bu2LRxN80_JXfp4bXLRYp_zsonUuutw8rH5j1aNxolqG8aOWJF0iJ66kmneTeSv4fzbceNsxxQBhdWJ49uC-S-HZVCVIIW_gxPmTR6LNO9XvBUQ36NJzoA2lJLm8cE9-w","e":"AQAB"},"attributes":{"enabled":true,"created":1566582240,"updated":1566582240,"recoveryLevel":"Recoverable+Purgeable"}}'}
    headers:
      cache-control: [no-cache]
      content-length: ['656']
      content-type: [application/json; charset=utf-8]
      date: ['Fri, 23 Aug 2019 17:44:00 GMT']
      expires: ['-1']
      pragma: [no-cache]
      server: [Microsoft-IIS/10.0]
      strict-transport-security: [max-age=31536000;includeSubDomains]
      x-aspnet-version: [4.0.30319]
      x-content-type-options: [nosniff]
      x-ms-keyvault-network-info: [addr=131.107.160.72;act_addr_fam=InterNetwork;]
      x-ms-keyvault-region: [westus]
      x-ms-keyvault-service-version: [1.1.0.876]
      x-powered-by: [ASP.NET]
    status: {code: 200, message: OK}
- request:
    body: '{"kty": "RSA"}'
    headers:
      Accept: [application/json]
      Accept-Encoding: ['gzip, deflate']
      Connection: [keep-alive]
      Content-Length: ['14']
      Content-Type: [application/json; charset=utf-8]
      User-Agent: [azsdk-python-keyvault-keys/4.0.0b2 Python/3.6.6 (Windows-10-10.0.18362-SP0)]
    method: POST
    uri: https://vault6742a7710b8a.vault.azure.net/keys/key4/create?api-version=7.0
  response:
    body: {string: '{"key":{"kid":"https://vault6742a7710b8a.vault.azure.net/keys/key4/4fa834f416ee4ea7adf8e458a87e8e41","kty":"RSA","key_ops":["encrypt","decrypt","sign","verify","wrapKey","unwrapKey"],"n":"mhxQJJz4m7A1ABtmZDlnPcpVNOG6ufGlgFUt_W1zLVGumLM3Y1kSEHQG1Fx1sIExpQEQH6D1y66IyPi5-sPw3KSvXzUOT_Rv7YrkJYj49SAJwz_qen9DUIRbc-RC6iR7_4KC3ORSCN7iV8FqTBLqcMAD4TTRxICM6vd93iJDwvxGNcA6Q1vNjiHTJEhb2trLFCbfE_3ahqWK3CteDLE-3qquKQQ4tn5FYbSUS9pDAfmQv6wZwTdtz0pTRn8nby15Vs-NR_K-N-pxw1ByqMvxwB69kwj-WxHVGg5bqnt5gr_0JYg7Rf_XS1oySCklyvN0aaXO7Me069TLnHy5iTVOJQ","e":"AQAB"},"attributes":{"enabled":true,"created":1566582240,"updated":1566582240,"recoveryLevel":"Recoverable+Purgeable"}}'}
    headers:
      cache-control: [no-cache]
      content-length: ['656']
      content-type: [application/json; charset=utf-8]
      date: ['Fri, 23 Aug 2019 17:44:00 GMT']
      expires: ['-1']
      pragma: [no-cache]
      server: [Microsoft-IIS/10.0]
      strict-transport-security: [max-age=31536000;includeSubDomains]
      x-aspnet-version: [4.0.30319]
      x-content-type-options: [nosniff]
      x-ms-keyvault-network-info: [addr=131.107.160.72;act_addr_fam=InterNetwork;]
      x-ms-keyvault-region: [westus]
      x-ms-keyvault-service-version: [1.1.0.876]
      x-powered-by: [ASP.NET]
    status: {code: 200, message: OK}
- request:
    body: '{"kty": "RSA"}'
    headers:
      Accept: [application/json]
      Accept-Encoding: ['gzip, deflate']
      Connection: [keep-alive]
      Content-Length: ['14']
      Content-Type: [application/json; charset=utf-8]
      User-Agent: [azsdk-python-keyvault-keys/4.0.0b2 Python/3.6.6 (Windows-10-10.0.18362-SP0)]
    method: POST
    uri: https://vault6742a7710b8a.vault.azure.net/keys/key5/create?api-version=7.0
  response:
    body: {string: '{"key":{"kid":"https://vault6742a7710b8a.vault.azure.net/keys/key5/58b67a0d32354585997d02fc84a19c98","kty":"RSA","key_ops":["encrypt","decrypt","sign","verify","wrapKey","unwrapKey"],"n":"2TAOdcMf0_fp13AMBFYJmDXOXmY5YEhPEQZTu1ataUHPJCTfvU7zjxWRUlArTVZ0OujtIqRM0rH1IZQWzzah1NzblGIDQWryvmb3ivYfUmmcp1-WKTqi2gYcb4wEoCj0TRqbypZvwfg9VAo7N3z8BHS--VKXtAP46sxI53vLbbUOP-6SsQsU2QIIZRZjLz0Q8uMXqwQ1yfxO4X85W0DbHdClknNic_AQjsGeury3pl0zb1JG4xIk4llPYn5l6ekzAmFjTX-T0IHYLLE1qIKrGrYOZN4csgcxs6aoA12ltEe6b_v93gxHdUP7CWJhf3cx5UWBHO702sr-PC57RJ5ZEQ","e":"AQAB"},"attributes":{"enabled":true,"created":1566582240,"updated":1566582240,"recoveryLevel":"Recoverable+Purgeable"}}'}
    headers:
      cache-control: [no-cache]
      content-length: ['656']
      content-type: [application/json; charset=utf-8]
      date: ['Fri, 23 Aug 2019 17:44:00 GMT']
      expires: ['-1']
      pragma: [no-cache]
      server: [Microsoft-IIS/10.0]
      strict-transport-security: [max-age=31536000;includeSubDomains]
      x-aspnet-version: [4.0.30319]
      x-content-type-options: [nosniff]
      x-ms-keyvault-network-info: [addr=131.107.160.72;act_addr_fam=InterNetwork;]
      x-ms-keyvault-region: [westus]
      x-ms-keyvault-service-version: [1.1.0.876]
      x-powered-by: [ASP.NET]
    status: {code: 200, message: OK}
- request:
    body: '{"kty": "RSA"}'
    headers:
      Accept: [application/json]
      Accept-Encoding: ['gzip, deflate']
      Connection: [keep-alive]
      Content-Length: ['14']
      Content-Type: [application/json; charset=utf-8]
      User-Agent: [azsdk-python-keyvault-keys/4.0.0b2 Python/3.6.6 (Windows-10-10.0.18362-SP0)]
    method: POST
    uri: https://vault6742a7710b8a.vault.azure.net/keys/key6/create?api-version=7.0
  response:
    body: {string: '{"key":{"kid":"https://vault6742a7710b8a.vault.azure.net/keys/key6/df5ed06e1e5847e78de4aac5a607201e","kty":"RSA","key_ops":["encrypt","decrypt","sign","verify","wrapKey","unwrapKey"],"n":"mIub_JAi2hs0NL4JZCm9lWA8K9afBRyQ-rmoryvhVdMiCeDN6UDeUg8ejfKsdwKbJapd-3ZwJjK8JjFMKIAVI5L1K_Zf_xSY5rm6DqSIVbOwvDLar5qLf1OzapEjmrgZz0garn9e9knxbKxXj-3iI3eDBl_1dOTX_8tkPh3uXzkmVz9kQFx94hY6D5WGX1w1ZrlXPm_qDfaD-MVs16CIajedqxZ-9wk_czBuGqQbw3LA55KHT0BHwSX4Ezs4yye1TrFjrXWkvQ2ETYRerSG1liJ97HexfGr8_7vseo2t9O2eP89GZGQMLNJ59DYtOaoqYI92nnv5kdhQrMpyTm2TcQ","e":"AQAB"},"attributes":{"enabled":true,"created":1566582240,"updated":1566582240,"recoveryLevel":"Recoverable+Purgeable"}}'}
    headers:
      cache-control: [no-cache]
      content-length: ['656']
      content-type: [application/json; charset=utf-8]
      date: ['Fri, 23 Aug 2019 17:44:00 GMT']
      expires: ['-1']
      pragma: [no-cache]
      server: [Microsoft-IIS/10.0]
      strict-transport-security: [max-age=31536000;includeSubDomains]
      x-aspnet-version: [4.0.30319]
      x-content-type-options: [nosniff]
      x-ms-keyvault-network-info: [addr=131.107.160.72;act_addr_fam=InterNetwork;]
      x-ms-keyvault-region: [westus]
      x-ms-keyvault-service-version: [1.1.0.876]
      x-powered-by: [ASP.NET]
    status: {code: 200, message: OK}
- request:
    body: null
    headers:
      Accept: [application/json]
      Accept-Encoding: ['gzip, deflate']
      Connection: [keep-alive]
      Content-Length: ['0']
      User-Agent: [azsdk-python-keyvault-keys/4.0.0b2 Python/3.6.6 (Windows-10-10.0.18362-SP0)]
    method: DELETE
    uri: https://vault6742a7710b8a.vault.azure.net/keys/key0?api-version=7.0
  response:
    body: {string: '{"recoveryId":"https://vault6742a7710b8a.vault.azure.net/deletedkeys/key0","deletedDate":1566582240,"scheduledPurgeDate":1574358240,"key":{"kid":"https://vault6742a7710b8a.vault.azure.net/keys/key0/efcb4cf0ef414dd4a6865d11a91cfea2","kty":"RSA","key_ops":["encrypt","decrypt","sign","verify","wrapKey","unwrapKey"],"n":"qApmpu3xbKU8QL5jdVTjA4EHtb2UM57xUWo59McoQb9sZJ6sxzCzUWaWtqfun_ThvIlPW4AiLrnaRDpOEFsDvF7-PZkQkfI3BwCcvX4wrEaR6AXnjLtxc0bU_IZElK0pHJUPsWgERulIiiFivDiGvtCvENVcNQSCZXOp67Y4qbYCgndO2j9bFnIP8lqgY3x7QeDO_tp6Mr0hGeB3H_ddPCFR0imKUjCJqD2ezC0OGF2ubNL3UTIOpDwT_WPF2R5Mo1Op_9XkEFrQS0e4xSPRaTqEToRp9q8ch7zVZXWeYysGAO5jCZyXolXrezR9XrAp_lbFzG-pJymQ58om0QloPw","e":"AQAB"},"attributes":{"enabled":true,"created":1566582239,"updated":1566582239,"recoveryLevel":"Recoverable+Purgeable"}}'}
    headers:
      cache-control: [no-cache]
      content-length: ['787']
      content-type: [application/json; charset=utf-8]
      date: ['Fri, 23 Aug 2019 17:44:00 GMT']
      expires: ['-1']
      pragma: [no-cache]
      server: [Microsoft-IIS/10.0]
      strict-transport-security: [max-age=31536000;includeSubDomains]
      x-aspnet-version: [4.0.30319]
      x-content-type-options: [nosniff]
      x-ms-keyvault-network-info: [addr=131.107.160.72;act_addr_fam=InterNetwork;]
      x-ms-keyvault-region: [westus]
      x-ms-keyvault-service-version: [1.1.0.876]
      x-powered-by: [ASP.NET]
    status: {code: 200, message: OK}
- request:
    body: null
    headers:
      Accept: [application/json]
      Accept-Encoding: ['gzip, deflate']
      Connection: [keep-alive]
      Content-Length: ['0']
      User-Agent: [azsdk-python-keyvault-keys/4.0.0b2 Python/3.6.6 (Windows-10-10.0.18362-SP0)]
    method: DELETE
    uri: https://vault6742a7710b8a.vault.azure.net/keys/key1?api-version=7.0
  response:
    body: {string: '{"recoveryId":"https://vault6742a7710b8a.vault.azure.net/deletedkeys/key1","deletedDate":1566582240,"scheduledPurgeDate":1574358240,"key":{"kid":"https://vault6742a7710b8a.vault.azure.net/keys/key1/4fc70a87b522496f8ce46436a005cb71","kty":"RSA","key_ops":["encrypt","decrypt","sign","verify","wrapKey","unwrapKey"],"n":"sYf8yXRNqZnUuAwSpdvbQbNaYhjpGA3jyJ4w1QxcpSPFPf125EAUiTE_jTvfLFff1jn2cH9JglSr9oskUY4yKslofXhq1VSk-p_RnKda0lAE3Zw2NctItnXXKPhUXR4v9-a7Bho73MmdwPjG9aET6Eh1RysWrtOorw3VHLtcgM3I-6Q8ibhtMptae_O9p47fwUglzFyz_keLZarrCyMft0MgXW6sI9jnElP-LFf2b3lVu1PsZDJUke_9rYakQG6Xt0TBIPSaV8BGmz_Okronm6ScSSBAiNId7AsbTHPIaJiVnY4VWdioZLxuPRfaf1h62Sf9k4ahLcc026To6qxQMw","e":"AQAB"},"attributes":{"enabled":true,"created":1566582239,"updated":1566582239,"recoveryLevel":"Recoverable+Purgeable"}}'}
    headers:
      cache-control: [no-cache]
      content-length: ['787']
      content-type: [application/json; charset=utf-8]
      date: ['Fri, 23 Aug 2019 17:44:00 GMT']
      expires: ['-1']
      pragma: [no-cache]
      server: [Microsoft-IIS/10.0]
      strict-transport-security: [max-age=31536000;includeSubDomains]
      x-aspnet-version: [4.0.30319]
      x-content-type-options: [nosniff]
      x-ms-keyvault-network-info: [addr=131.107.160.72;act_addr_fam=InterNetwork;]
      x-ms-keyvault-region: [westus]
      x-ms-keyvault-service-version: [1.1.0.876]
      x-powered-by: [ASP.NET]
    status: {code: 200, message: OK}
- request:
    body: null
    headers:
      Accept: [application/json]
      Accept-Encoding: ['gzip, deflate']
      Connection: [keep-alive]
      Content-Length: ['0']
      User-Agent: [azsdk-python-keyvault-keys/4.0.0b2 Python/3.6.6 (Windows-10-10.0.18362-SP0)]
    method: DELETE
    uri: https://vault6742a7710b8a.vault.azure.net/keys/key2?api-version=7.0
  response:
    body: {string: '{"recoveryId":"https://vault6742a7710b8a.vault.azure.net/deletedkeys/key2","deletedDate":1566582241,"scheduledPurgeDate":1574358241,"key":{"kid":"https://vault6742a7710b8a.vault.azure.net/keys/key2/0b4697a30e8e4757a132e6826e96f532","kty":"RSA","key_ops":["encrypt","decrypt","sign","verify","wrapKey","unwrapKey"],"n":"jkur3fsuv3nbZO1Ks1D_v68-jxL1uF1ibHxhceo2jlQxeHdWNDhFMe8sSYkb2VyEJA5SKOSMFtE5grku_Uqzcdp56Ugfhkyp9FQLEZEMR0iRkXAYtnPSKXwRbLTeKGWYad3uFgjNGj2WtRk75YyfPb0TEEoT9v-MIGJbeibytP0GgxjMuK7NxxUzUzuh708iN2_nm3a_xBkWCWbVnIJJL5kllNLaL03Iuz91wvtSkAQ43D-0iXLcVo9NLFN9T1ktje--VkYAHEc3Use4paQ6oZRftJwF7C4HenIvOWQcEr8suVzLI_jOnEMnUPCoNvu3dChQy1tFNNbpOHR8qWGFwQ","e":"AQAB"},"attributes":{"enabled":true,"created":1566582240,"updated":1566582240,"recoveryLevel":"Recoverable+Purgeable"}}'}
    headers:
      cache-control: [no-cache]
      content-length: ['787']
      content-type: [application/json; charset=utf-8]
      date: ['Fri, 23 Aug 2019 17:44:00 GMT']
      expires: ['-1']
      pragma: [no-cache]
      server: [Microsoft-IIS/10.0]
      strict-transport-security: [max-age=31536000;includeSubDomains]
      x-aspnet-version: [4.0.30319]
      x-content-type-options: [nosniff]
      x-ms-keyvault-network-info: [addr=131.107.160.72;act_addr_fam=InterNetwork;]
      x-ms-keyvault-region: [westus]
      x-ms-keyvault-service-version: [1.1.0.876]
      x-powered-by: [ASP.NET]
    status: {code: 200, message: OK}
- request:
    body: null
    headers:
      Accept: [application/json]
      Accept-Encoding: ['gzip, deflate']
      Connection: [keep-alive]
      Content-Length: ['0']
      User-Agent: [azsdk-python-keyvault-keys/4.0.0b2 Python/3.6.6 (Windows-10-10.0.18362-SP0)]
    method: DELETE
    uri: https://vault6742a7710b8a.vault.azure.net/keys/key3?api-version=7.0
  response:
    body: {string: '{"recoveryId":"https://vault6742a7710b8a.vault.azure.net/deletedkeys/key3","deletedDate":1566582241,"scheduledPurgeDate":1574358241,"key":{"kid":"https://vault6742a7710b8a.vault.azure.net/keys/key3/3b77545ed54d4893adf20eee6cc2b7da","kty":"RSA","key_ops":["encrypt","decrypt","sign","verify","wrapKey","unwrapKey"],"n":"rGComwqowF4QrwLFaB01stwYcP51BBSlN5vIXAngw_naO4u7Af3R3jfpRJlHj5FLDBZ43yUsInWke_fG4uPYkO-wn_6Ca7o_T4CGnpDY85QcNkgcQSsFRlvKD7F1PaE4Bxl3VAt7Qw2ht1qHbBmenDh5NudugaRbEOLABLhhPsr2t6l1oltqff067MnxlWaKhhBzVmk3sQEpL4zouPwn5bu2LRxN80_JXfp4bXLRYp_zsonUuutw8rH5j1aNxolqG8aOWJF0iJ66kmneTeSv4fzbceNsxxQBhdWJ49uC-S-HZVCVIIW_gxPmTR6LNO9XvBUQ36NJzoA2lJLm8cE9-w","e":"AQAB"},"attributes":{"enabled":true,"created":1566582240,"updated":1566582240,"recoveryLevel":"Recoverable+Purgeable"}}'}
    headers:
      cache-control: [no-cache]
      content-length: ['787']
      content-type: [application/json; charset=utf-8]
      date: ['Fri, 23 Aug 2019 17:44:01 GMT']
      expires: ['-1']
      pragma: [no-cache]
      server: [Microsoft-IIS/10.0]
      strict-transport-security: [max-age=31536000;includeSubDomains]
      x-aspnet-version: [4.0.30319]
      x-content-type-options: [nosniff]
      x-ms-keyvault-network-info: [addr=131.107.160.72;act_addr_fam=InterNetwork;]
      x-ms-keyvault-region: [westus]
      x-ms-keyvault-service-version: [1.1.0.876]
      x-powered-by: [ASP.NET]
    status: {code: 200, message: OK}
- request:
    body: null
    headers:
      Accept: [application/json]
      Accept-Encoding: ['gzip, deflate']
      Connection: [keep-alive]
      Content-Length: ['0']
      User-Agent: [azsdk-python-keyvault-keys/4.0.0b2 Python/3.6.6 (Windows-10-10.0.18362-SP0)]
    method: DELETE
    uri: https://vault6742a7710b8a.vault.azure.net/keys/key4?api-version=7.0
  response:
    body: {string: '{"recoveryId":"https://vault6742a7710b8a.vault.azure.net/deletedkeys/key4","deletedDate":1566582241,"scheduledPurgeDate":1574358241,"key":{"kid":"https://vault6742a7710b8a.vault.azure.net/keys/key4/4fa834f416ee4ea7adf8e458a87e8e41","kty":"RSA","key_ops":["encrypt","decrypt","sign","verify","wrapKey","unwrapKey"],"n":"mhxQJJz4m7A1ABtmZDlnPcpVNOG6ufGlgFUt_W1zLVGumLM3Y1kSEHQG1Fx1sIExpQEQH6D1y66IyPi5-sPw3KSvXzUOT_Rv7YrkJYj49SAJwz_qen9DUIRbc-RC6iR7_4KC3ORSCN7iV8FqTBLqcMAD4TTRxICM6vd93iJDwvxGNcA6Q1vNjiHTJEhb2trLFCbfE_3ahqWK3CteDLE-3qquKQQ4tn5FYbSUS9pDAfmQv6wZwTdtz0pTRn8nby15Vs-NR_K-N-pxw1ByqMvxwB69kwj-WxHVGg5bqnt5gr_0JYg7Rf_XS1oySCklyvN0aaXO7Me069TLnHy5iTVOJQ","e":"AQAB"},"attributes":{"enabled":true,"created":1566582240,"updated":1566582240,"recoveryLevel":"Recoverable+Purgeable"}}'}
    headers:
      cache-control: [no-cache]
      content-length: ['787']
      content-type: [application/json; charset=utf-8]
      date: ['Fri, 23 Aug 2019 17:44:01 GMT']
      expires: ['-1']
      pragma: [no-cache]
      server: [Microsoft-IIS/10.0]
      strict-transport-security: [max-age=31536000;includeSubDomains]
      x-aspnet-version: [4.0.30319]
      x-content-type-options: [nosniff]
      x-ms-keyvault-network-info: [addr=131.107.160.72;act_addr_fam=InterNetwork;]
      x-ms-keyvault-region: [westus]
      x-ms-keyvault-service-version: [1.1.0.876]
      x-powered-by: [ASP.NET]
    status: {code: 200, message: OK}
- request:
    body: null
    headers:
      Accept: [application/json]
      Accept-Encoding: ['gzip, deflate']
      Connection: [keep-alive]
      Content-Length: ['0']
      User-Agent: [azsdk-python-keyvault-keys/4.0.0b2 Python/3.6.6 (Windows-10-10.0.18362-SP0)]
    method: DELETE
    uri: https://vault6742a7710b8a.vault.azure.net/keys/key5?api-version=7.0
  response:
    body: {string: '{"recoveryId":"https://vault6742a7710b8a.vault.azure.net/deletedkeys/key5","deletedDate":1566582241,"scheduledPurgeDate":1574358241,"key":{"kid":"https://vault6742a7710b8a.vault.azure.net/keys/key5/58b67a0d32354585997d02fc84a19c98","kty":"RSA","key_ops":["encrypt","decrypt","sign","verify","wrapKey","unwrapKey"],"n":"2TAOdcMf0_fp13AMBFYJmDXOXmY5YEhPEQZTu1ataUHPJCTfvU7zjxWRUlArTVZ0OujtIqRM0rH1IZQWzzah1NzblGIDQWryvmb3ivYfUmmcp1-WKTqi2gYcb4wEoCj0TRqbypZvwfg9VAo7N3z8BHS--VKXtAP46sxI53vLbbUOP-6SsQsU2QIIZRZjLz0Q8uMXqwQ1yfxO4X85W0DbHdClknNic_AQjsGeury3pl0zb1JG4xIk4llPYn5l6ekzAmFjTX-T0IHYLLE1qIKrGrYOZN4csgcxs6aoA12ltEe6b_v93gxHdUP7CWJhf3cx5UWBHO702sr-PC57RJ5ZEQ","e":"AQAB"},"attributes":{"enabled":true,"created":1566582240,"updated":1566582240,"recoveryLevel":"Recoverable+Purgeable"}}'}
    headers:
      cache-control: [no-cache]
      content-length: ['787']
      content-type: [application/json; charset=utf-8]
      date: ['Fri, 23 Aug 2019 17:44:01 GMT']
      expires: ['-1']
      pragma: [no-cache]
      server: [Microsoft-IIS/10.0]
      strict-transport-security: [max-age=31536000;includeSubDomains]
      x-aspnet-version: [4.0.30319]
      x-content-type-options: [nosniff]
      x-ms-keyvault-network-info: [addr=131.107.160.72;act_addr_fam=InterNetwork;]
      x-ms-keyvault-region: [westus]
      x-ms-keyvault-service-version: [1.1.0.876]
      x-powered-by: [ASP.NET]
    status: {code: 200, message: OK}
- request:
    body: null
    headers:
      Accept: [application/json]
      Accept-Encoding: ['gzip, deflate']
      Connection: [keep-alive]
      Content-Length: ['0']
      User-Agent: [azsdk-python-keyvault-keys/4.0.0b2 Python/3.6.6 (Windows-10-10.0.18362-SP0)]
    method: DELETE
    uri: https://vault6742a7710b8a.vault.azure.net/keys/key6?api-version=7.0
  response:
    body: {string: '{"recoveryId":"https://vault6742a7710b8a.vault.azure.net/deletedkeys/key6","deletedDate":1566582241,"scheduledPurgeDate":1574358241,"key":{"kid":"https://vault6742a7710b8a.vault.azure.net/keys/key6/df5ed06e1e5847e78de4aac5a607201e","kty":"RSA","key_ops":["encrypt","decrypt","sign","verify","wrapKey","unwrapKey"],"n":"mIub_JAi2hs0NL4JZCm9lWA8K9afBRyQ-rmoryvhVdMiCeDN6UDeUg8ejfKsdwKbJapd-3ZwJjK8JjFMKIAVI5L1K_Zf_xSY5rm6DqSIVbOwvDLar5qLf1OzapEjmrgZz0garn9e9knxbKxXj-3iI3eDBl_1dOTX_8tkPh3uXzkmVz9kQFx94hY6D5WGX1w1ZrlXPm_qDfaD-MVs16CIajedqxZ-9wk_czBuGqQbw3LA55KHT0BHwSX4Ezs4yye1TrFjrXWkvQ2ETYRerSG1liJ97HexfGr8_7vseo2t9O2eP89GZGQMLNJ59DYtOaoqYI92nnv5kdhQrMpyTm2TcQ","e":"AQAB"},"attributes":{"enabled":true,"created":1566582240,"updated":1566582240,"recoveryLevel":"Recoverable+Purgeable"}}'}
    headers:
      cache-control: [no-cache]
      content-length: ['787']
      content-type: [application/json; charset=utf-8]
      date: ['Fri, 23 Aug 2019 17:44:01 GMT']
      expires: ['-1']
      pragma: [no-cache]
      server: [Microsoft-IIS/10.0]
      strict-transport-security: [max-age=31536000;includeSubDomains]
      x-aspnet-version: [4.0.30319]
      x-content-type-options: [nosniff]
      x-ms-keyvault-network-info: [addr=131.107.160.72;act_addr_fam=InterNetwork;]
      x-ms-keyvault-region: [westus]
      x-ms-keyvault-service-version: [1.1.0.876]
      x-powered-by: [ASP.NET]
    status: {code: 200, message: OK}
- request:
    body: null
    headers:
      Accept: [application/json]
      Accept-Encoding: ['gzip, deflate']
      Connection: [keep-alive]
      User-Agent: [azsdk-python-keyvault-keys/4.0.0b2 Python/3.6.6 (Windows-10-10.0.18362-SP0)]
    method: GET
    uri: https://vault6742a7710b8a.vault.azure.net/deletedkeys/key0?api-version=7.0
  response:
    body: {string: '{"error":{"code":"KeyNotFound","message":"Deleted Key not found:
        key0"}}'}
    headers:
      cache-control: [no-cache]
      content-length: ['72']
      content-type: [application/json; charset=utf-8]
      date: ['Fri, 23 Aug 2019 17:44:01 GMT']
      expires: ['-1']
      pragma: [no-cache]
      server: [Microsoft-IIS/10.0]
      strict-transport-security: [max-age=31536000;includeSubDomains]
      x-aspnet-version: [4.0.30319]
      x-content-type-options: [nosniff]
      x-ms-keyvault-network-info: [addr=131.107.160.72;act_addr_fam=InterNetwork;]
      x-ms-keyvault-region: [westus]
      x-ms-keyvault-service-version: [1.1.0.876]
      x-powered-by: [ASP.NET]
    status: {code: 404, message: Not Found}
- request:
    body: null
    headers:
      Accept: [application/json]
      Accept-Encoding: ['gzip, deflate']
      Connection: [keep-alive]
      User-Agent: [azsdk-python-keyvault-keys/4.0.0b2 Python/3.6.6 (Windows-10-10.0.18362-SP0)]
    method: GET
    uri: https://vault6742a7710b8a.vault.azure.net/deletedkeys/key0?api-version=7.0
  response:
    body: {string: '{"error":{"code":"KeyNotFound","message":"Deleted Key not found:
        key0"}}'}
    headers:
      cache-control: [no-cache]
      content-length: ['72']
      content-type: [application/json; charset=utf-8]
      date: ['Fri, 23 Aug 2019 17:44:04 GMT']
      expires: ['-1']
      pragma: [no-cache]
      server: [Microsoft-IIS/10.0]
      strict-transport-security: [max-age=31536000;includeSubDomains]
      x-aspnet-version: [4.0.30319]
      x-content-type-options: [nosniff]
      x-ms-keyvault-network-info: [addr=131.107.160.72;act_addr_fam=InterNetwork;]
      x-ms-keyvault-region: [westus]
      x-ms-keyvault-service-version: [1.1.0.876]
      x-powered-by: [ASP.NET]
    status: {code: 404, message: Not Found}
- request:
    body: null
    headers:
      Accept: [application/json]
      Accept-Encoding: ['gzip, deflate']
      Connection: [keep-alive]
      User-Agent: [azsdk-python-keyvault-keys/4.0.0b2 Python/3.6.6 (Windows-10-10.0.18362-SP0)]
    method: GET
    uri: https://vault6742a7710b8a.vault.azure.net/deletedkeys/key0?api-version=7.0
  response:
    body: {string: '{"error":{"code":"KeyNotFound","message":"Deleted Key not found:
        key0"}}'}
    headers:
      cache-control: [no-cache]
      content-length: ['72']
      content-type: [application/json; charset=utf-8]
      date: ['Fri, 23 Aug 2019 17:44:07 GMT']
      expires: ['-1']
      pragma: [no-cache]
      server: [Microsoft-IIS/10.0]
      strict-transport-security: [max-age=31536000;includeSubDomains]
      x-aspnet-version: [4.0.30319]
      x-content-type-options: [nosniff]
      x-ms-keyvault-network-info: [addr=131.107.160.72;act_addr_fam=InterNetwork;]
      x-ms-keyvault-region: [westus]
      x-ms-keyvault-service-version: [1.1.0.876]
      x-powered-by: [ASP.NET]
    status: {code: 404, message: Not Found}
- request:
    body: null
    headers:
      Accept: [application/json]
      Accept-Encoding: ['gzip, deflate']
      Connection: [keep-alive]
      User-Agent: [azsdk-python-keyvault-keys/4.0.0b2 Python/3.6.6 (Windows-10-10.0.18362-SP0)]
    method: GET
    uri: https://vault6742a7710b8a.vault.azure.net/deletedkeys/key0?api-version=7.0
  response:
    body: {string: '{"error":{"code":"KeyNotFound","message":"Deleted Key not found:
        key0"}}'}
    headers:
      cache-control: [no-cache]
      content-length: ['72']
      content-type: [application/json; charset=utf-8]
      date: ['Fri, 23 Aug 2019 17:44:10 GMT']
      expires: ['-1']
      pragma: [no-cache]
      server: [Microsoft-IIS/10.0]
      strict-transport-security: [max-age=31536000;includeSubDomains]
      x-aspnet-version: [4.0.30319]
      x-content-type-options: [nosniff]
      x-ms-keyvault-network-info: [addr=131.107.160.72;act_addr_fam=InterNetwork;]
      x-ms-keyvault-region: [westus]
      x-ms-keyvault-service-version: [1.1.0.876]
      x-powered-by: [ASP.NET]
    status: {code: 404, message: Not Found}
- request:
    body: null
    headers:
      Accept: [application/json]
      Accept-Encoding: ['gzip, deflate']
      Connection: [keep-alive]
      User-Agent: [azsdk-python-keyvault-keys/4.0.0b2 Python/3.6.6 (Windows-10-10.0.18362-SP0)]
    method: GET
    uri: https://vault6742a7710b8a.vault.azure.net/deletedkeys/key0?api-version=7.0
  response:
    body: {string: '{"error":{"code":"KeyNotFound","message":"Deleted Key not found:
        key0"}}'}
    headers:
      cache-control: [no-cache]
      content-length: ['72']
      content-type: [application/json; charset=utf-8]
      date: ['Fri, 23 Aug 2019 17:44:13 GMT']
      expires: ['-1']
      pragma: [no-cache]
      server: [Microsoft-IIS/10.0]
      strict-transport-security: [max-age=31536000;includeSubDomains]
      x-aspnet-version: [4.0.30319]
      x-content-type-options: [nosniff]
      x-ms-keyvault-network-info: [addr=131.107.160.72;act_addr_fam=InterNetwork;]
      x-ms-keyvault-region: [westus]
      x-ms-keyvault-service-version: [1.1.0.876]
      x-powered-by: [ASP.NET]
    status: {code: 404, message: Not Found}
- request:
    body: null
    headers:
      Accept: [application/json]
      Accept-Encoding: ['gzip, deflate']
      Connection: [keep-alive]
      User-Agent: [azsdk-python-keyvault-keys/4.0.0b2 Python/3.6.6 (Windows-10-10.0.18362-SP0)]
    method: GET
    uri: https://vault6742a7710b8a.vault.azure.net/deletedkeys/key0?api-version=7.0
  response:
    body: {string: '{"error":{"code":"KeyNotFound","message":"Deleted Key not found:
        key0"}}'}
    headers:
      cache-control: [no-cache]
      content-length: ['72']
      content-type: [application/json; charset=utf-8]
      date: ['Fri, 23 Aug 2019 17:44:16 GMT']
      expires: ['-1']
      pragma: [no-cache]
      server: [Microsoft-IIS/10.0]
      strict-transport-security: [max-age=31536000;includeSubDomains]
      x-aspnet-version: [4.0.30319]
      x-content-type-options: [nosniff]
      x-ms-keyvault-network-info: [addr=131.107.160.72;act_addr_fam=InterNetwork;]
      x-ms-keyvault-region: [westus]
      x-ms-keyvault-service-version: [1.1.0.876]
      x-powered-by: [ASP.NET]
    status: {code: 404, message: Not Found}
- request:
    body: null
    headers:
      Accept: [application/json]
      Accept-Encoding: ['gzip, deflate']
      Connection: [keep-alive]
      User-Agent: [azsdk-python-keyvault-keys/4.0.0b2 Python/3.6.6 (Windows-10-10.0.18362-SP0)]
    method: GET
    uri: https://vault6742a7710b8a.vault.azure.net/deletedkeys/key0?api-version=7.0
  response:
    body: {string: '{"recoveryId":"https://vault6742a7710b8a.vault.azure.net/deletedkeys/key0","deletedDate":1566582240,"scheduledPurgeDate":1574358240,"key":{"kid":"https://vault6742a7710b8a.vault.azure.net/keys/key0/efcb4cf0ef414dd4a6865d11a91cfea2","kty":"RSA","key_ops":["encrypt","decrypt","sign","verify","wrapKey","unwrapKey"],"n":"qApmpu3xbKU8QL5jdVTjA4EHtb2UM57xUWo59McoQb9sZJ6sxzCzUWaWtqfun_ThvIlPW4AiLrnaRDpOEFsDvF7-PZkQkfI3BwCcvX4wrEaR6AXnjLtxc0bU_IZElK0pHJUPsWgERulIiiFivDiGvtCvENVcNQSCZXOp67Y4qbYCgndO2j9bFnIP8lqgY3x7QeDO_tp6Mr0hGeB3H_ddPCFR0imKUjCJqD2ezC0OGF2ubNL3UTIOpDwT_WPF2R5Mo1Op_9XkEFrQS0e4xSPRaTqEToRp9q8ch7zVZXWeYysGAO5jCZyXolXrezR9XrAp_lbFzG-pJymQ58om0QloPw","e":"AQAB"},"attributes":{"enabled":true,"created":1566582239,"updated":1566582239,"recoveryLevel":"Recoverable+Purgeable"}}'}
    headers:
      cache-control: [no-cache]
      content-length: ['787']
      content-type: [application/json; charset=utf-8]
      date: ['Fri, 23 Aug 2019 17:44:19 GMT']
      expires: ['-1']
      pragma: [no-cache]
      server: [Microsoft-IIS/10.0]
      strict-transport-security: [max-age=31536000;includeSubDomains]
      x-aspnet-version: [4.0.30319]
      x-content-type-options: [nosniff]
      x-ms-keyvault-network-info: [addr=131.107.160.72;act_addr_fam=InterNetwork;]
      x-ms-keyvault-region: [westus]
      x-ms-keyvault-service-version: [1.1.0.876]
      x-powered-by: [ASP.NET]
    status: {code: 200, message: OK}
- request:
    body: null
    headers:
      Accept: [application/json]
      Accept-Encoding: ['gzip, deflate']
      Connection: [keep-alive]
      User-Agent: [azsdk-python-keyvault-keys/4.0.0b2 Python/3.6.6 (Windows-10-10.0.18362-SP0)]
    method: GET
    uri: https://vault6742a7710b8a.vault.azure.net/deletedkeys/key1?api-version=7.0
  response:
    body: {string: '{"recoveryId":"https://vault6742a7710b8a.vault.azure.net/deletedkeys/key1","deletedDate":1566582240,"scheduledPurgeDate":1574358240,"key":{"kid":"https://vault6742a7710b8a.vault.azure.net/keys/key1/4fc70a87b522496f8ce46436a005cb71","kty":"RSA","key_ops":["encrypt","decrypt","sign","verify","wrapKey","unwrapKey"],"n":"sYf8yXRNqZnUuAwSpdvbQbNaYhjpGA3jyJ4w1QxcpSPFPf125EAUiTE_jTvfLFff1jn2cH9JglSr9oskUY4yKslofXhq1VSk-p_RnKda0lAE3Zw2NctItnXXKPhUXR4v9-a7Bho73MmdwPjG9aET6Eh1RysWrtOorw3VHLtcgM3I-6Q8ibhtMptae_O9p47fwUglzFyz_keLZarrCyMft0MgXW6sI9jnElP-LFf2b3lVu1PsZDJUke_9rYakQG6Xt0TBIPSaV8BGmz_Okronm6ScSSBAiNId7AsbTHPIaJiVnY4VWdioZLxuPRfaf1h62Sf9k4ahLcc026To6qxQMw","e":"AQAB"},"attributes":{"enabled":true,"created":1566582239,"updated":1566582239,"recoveryLevel":"Recoverable+Purgeable"}}'}
    headers:
      cache-control: [no-cache]
      content-length: ['787']
      content-type: [application/json; charset=utf-8]
      date: ['Fri, 23 Aug 2019 17:44:19 GMT']
      expires: ['-1']
      pragma: [no-cache]
      server: [Microsoft-IIS/10.0]
      strict-transport-security: [max-age=31536000;includeSubDomains]
      x-aspnet-version: [4.0.30319]
      x-content-type-options: [nosniff]
      x-ms-keyvault-network-info: [addr=131.107.160.72;act_addr_fam=InterNetwork;]
      x-ms-keyvault-region: [westus]
      x-ms-keyvault-service-version: [1.1.0.876]
      x-powered-by: [ASP.NET]
    status: {code: 200, message: OK}
- request:
    body: null
    headers:
      Accept: [application/json]
      Accept-Encoding: ['gzip, deflate']
      Connection: [keep-alive]
      User-Agent: [azsdk-python-keyvault-keys/4.0.0b2 Python/3.6.6 (Windows-10-10.0.18362-SP0)]
    method: GET
    uri: https://vault6742a7710b8a.vault.azure.net/deletedkeys/key2?api-version=7.0
  response:
    body: {string: '{"recoveryId":"https://vault6742a7710b8a.vault.azure.net/deletedkeys/key2","deletedDate":1566582241,"scheduledPurgeDate":1574358241,"key":{"kid":"https://vault6742a7710b8a.vault.azure.net/keys/key2/0b4697a30e8e4757a132e6826e96f532","kty":"RSA","key_ops":["encrypt","decrypt","sign","verify","wrapKey","unwrapKey"],"n":"jkur3fsuv3nbZO1Ks1D_v68-jxL1uF1ibHxhceo2jlQxeHdWNDhFMe8sSYkb2VyEJA5SKOSMFtE5grku_Uqzcdp56Ugfhkyp9FQLEZEMR0iRkXAYtnPSKXwRbLTeKGWYad3uFgjNGj2WtRk75YyfPb0TEEoT9v-MIGJbeibytP0GgxjMuK7NxxUzUzuh708iN2_nm3a_xBkWCWbVnIJJL5kllNLaL03Iuz91wvtSkAQ43D-0iXLcVo9NLFN9T1ktje--VkYAHEc3Use4paQ6oZRftJwF7C4HenIvOWQcEr8suVzLI_jOnEMnUPCoNvu3dChQy1tFNNbpOHR8qWGFwQ","e":"AQAB"},"attributes":{"enabled":true,"created":1566582240,"updated":1566582240,"recoveryLevel":"Recoverable+Purgeable"}}'}
    headers:
      cache-control: [no-cache]
      content-length: ['787']
      content-type: [application/json; charset=utf-8]
      date: ['Fri, 23 Aug 2019 17:44:19 GMT']
      expires: ['-1']
      pragma: [no-cache]
      server: [Microsoft-IIS/10.0]
      strict-transport-security: [max-age=31536000;includeSubDomains]
      x-aspnet-version: [4.0.30319]
      x-content-type-options: [nosniff]
      x-ms-keyvault-network-info: [addr=131.107.160.72;act_addr_fam=InterNetwork;]
      x-ms-keyvault-region: [westus]
      x-ms-keyvault-service-version: [1.1.0.876]
      x-powered-by: [ASP.NET]
    status: {code: 200, message: OK}
- request:
    body: null
    headers:
      Accept: [application/json]
      Accept-Encoding: ['gzip, deflate']
      Connection: [keep-alive]
      User-Agent: [azsdk-python-keyvault-keys/4.0.0b2 Python/3.6.6 (Windows-10-10.0.18362-SP0)]
    method: GET
    uri: https://vault6742a7710b8a.vault.azure.net/deletedkeys/key3?api-version=7.0
  response:
    body: {string: '{"recoveryId":"https://vault6742a7710b8a.vault.azure.net/deletedkeys/key3","deletedDate":1566582241,"scheduledPurgeDate":1574358241,"key":{"kid":"https://vault6742a7710b8a.vault.azure.net/keys/key3/3b77545ed54d4893adf20eee6cc2b7da","kty":"RSA","key_ops":["encrypt","decrypt","sign","verify","wrapKey","unwrapKey"],"n":"rGComwqowF4QrwLFaB01stwYcP51BBSlN5vIXAngw_naO4u7Af3R3jfpRJlHj5FLDBZ43yUsInWke_fG4uPYkO-wn_6Ca7o_T4CGnpDY85QcNkgcQSsFRlvKD7F1PaE4Bxl3VAt7Qw2ht1qHbBmenDh5NudugaRbEOLABLhhPsr2t6l1oltqff067MnxlWaKhhBzVmk3sQEpL4zouPwn5bu2LRxN80_JXfp4bXLRYp_zsonUuutw8rH5j1aNxolqG8aOWJF0iJ66kmneTeSv4fzbceNsxxQBhdWJ49uC-S-HZVCVIIW_gxPmTR6LNO9XvBUQ36NJzoA2lJLm8cE9-w","e":"AQAB"},"attributes":{"enabled":true,"created":1566582240,"updated":1566582240,"recoveryLevel":"Recoverable+Purgeable"}}'}
    headers:
      cache-control: [no-cache]
      content-length: ['787']
      content-type: [application/json; charset=utf-8]
      date: ['Fri, 23 Aug 2019 17:44:19 GMT']
      expires: ['-1']
      pragma: [no-cache]
      server: [Microsoft-IIS/10.0]
      strict-transport-security: [max-age=31536000;includeSubDomains]
      x-aspnet-version: [4.0.30319]
      x-content-type-options: [nosniff]
      x-ms-keyvault-network-info: [addr=131.107.160.72;act_addr_fam=InterNetwork;]
      x-ms-keyvault-region: [westus]
      x-ms-keyvault-service-version: [1.1.0.876]
      x-powered-by: [ASP.NET]
    status: {code: 200, message: OK}
- request:
    body: null
    headers:
      Accept: [application/json]
      Accept-Encoding: ['gzip, deflate']
      Connection: [keep-alive]
      User-Agent: [azsdk-python-keyvault-keys/4.0.0b2 Python/3.6.6 (Windows-10-10.0.18362-SP0)]
    method: GET
    uri: https://vault6742a7710b8a.vault.azure.net/deletedkeys/key4?api-version=7.0
  response:
    body: {string: '{"recoveryId":"https://vault6742a7710b8a.vault.azure.net/deletedkeys/key4","deletedDate":1566582241,"scheduledPurgeDate":1574358241,"key":{"kid":"https://vault6742a7710b8a.vault.azure.net/keys/key4/4fa834f416ee4ea7adf8e458a87e8e41","kty":"RSA","key_ops":["encrypt","decrypt","sign","verify","wrapKey","unwrapKey"],"n":"mhxQJJz4m7A1ABtmZDlnPcpVNOG6ufGlgFUt_W1zLVGumLM3Y1kSEHQG1Fx1sIExpQEQH6D1y66IyPi5-sPw3KSvXzUOT_Rv7YrkJYj49SAJwz_qen9DUIRbc-RC6iR7_4KC3ORSCN7iV8FqTBLqcMAD4TTRxICM6vd93iJDwvxGNcA6Q1vNjiHTJEhb2trLFCbfE_3ahqWK3CteDLE-3qquKQQ4tn5FYbSUS9pDAfmQv6wZwTdtz0pTRn8nby15Vs-NR_K-N-pxw1ByqMvxwB69kwj-WxHVGg5bqnt5gr_0JYg7Rf_XS1oySCklyvN0aaXO7Me069TLnHy5iTVOJQ","e":"AQAB"},"attributes":{"enabled":true,"created":1566582240,"updated":1566582240,"recoveryLevel":"Recoverable+Purgeable"}}'}
    headers:
      cache-control: [no-cache]
      content-length: ['787']
      content-type: [application/json; charset=utf-8]
      date: ['Fri, 23 Aug 2019 17:44:19 GMT']
      expires: ['-1']
      pragma: [no-cache]
      server: [Microsoft-IIS/10.0]
      strict-transport-security: [max-age=31536000;includeSubDomains]
      x-aspnet-version: [4.0.30319]
      x-content-type-options: [nosniff]
      x-ms-keyvault-network-info: [addr=131.107.160.72;act_addr_fam=InterNetwork;]
      x-ms-keyvault-region: [westus]
      x-ms-keyvault-service-version: [1.1.0.876]
      x-powered-by: [ASP.NET]
    status: {code: 200, message: OK}
- request:
    body: null
    headers:
      Accept: [application/json]
      Accept-Encoding: ['gzip, deflate']
      Connection: [keep-alive]
      User-Agent: [azsdk-python-keyvault-keys/4.0.0b2 Python/3.6.6 (Windows-10-10.0.18362-SP0)]
    method: GET
    uri: https://vault6742a7710b8a.vault.azure.net/deletedkeys/key5?api-version=7.0
  response:
    body: {string: '{"recoveryId":"https://vault6742a7710b8a.vault.azure.net/deletedkeys/key5","deletedDate":1566582241,"scheduledPurgeDate":1574358241,"key":{"kid":"https://vault6742a7710b8a.vault.azure.net/keys/key5/58b67a0d32354585997d02fc84a19c98","kty":"RSA","key_ops":["encrypt","decrypt","sign","verify","wrapKey","unwrapKey"],"n":"2TAOdcMf0_fp13AMBFYJmDXOXmY5YEhPEQZTu1ataUHPJCTfvU7zjxWRUlArTVZ0OujtIqRM0rH1IZQWzzah1NzblGIDQWryvmb3ivYfUmmcp1-WKTqi2gYcb4wEoCj0TRqbypZvwfg9VAo7N3z8BHS--VKXtAP46sxI53vLbbUOP-6SsQsU2QIIZRZjLz0Q8uMXqwQ1yfxO4X85W0DbHdClknNic_AQjsGeury3pl0zb1JG4xIk4llPYn5l6ekzAmFjTX-T0IHYLLE1qIKrGrYOZN4csgcxs6aoA12ltEe6b_v93gxHdUP7CWJhf3cx5UWBHO702sr-PC57RJ5ZEQ","e":"AQAB"},"attributes":{"enabled":true,"created":1566582240,"updated":1566582240,"recoveryLevel":"Recoverable+Purgeable"}}'}
    headers:
      cache-control: [no-cache]
      content-length: ['787']
      content-type: [application/json; charset=utf-8]
      date: ['Fri, 23 Aug 2019 17:44:19 GMT']
      expires: ['-1']
      pragma: [no-cache]
      server: [Microsoft-IIS/10.0]
      strict-transport-security: [max-age=31536000;includeSubDomains]
      x-aspnet-version: [4.0.30319]
      x-content-type-options: [nosniff]
      x-ms-keyvault-network-info: [addr=131.107.160.72;act_addr_fam=InterNetwork;]
      x-ms-keyvault-region: [westus]
      x-ms-keyvault-service-version: [1.1.0.876]
      x-powered-by: [ASP.NET]
    status: {code: 200, message: OK}
- request:
    body: null
    headers:
      Accept: [application/json]
      Accept-Encoding: ['gzip, deflate']
      Connection: [keep-alive]
      User-Agent: [azsdk-python-keyvault-keys/4.0.0b2 Python/3.6.6 (Windows-10-10.0.18362-SP0)]
    method: GET
    uri: https://vault6742a7710b8a.vault.azure.net/deletedkeys/key6?api-version=7.0
  response:
    body: {string: '{"recoveryId":"https://vault6742a7710b8a.vault.azure.net/deletedkeys/key6","deletedDate":1566582241,"scheduledPurgeDate":1574358241,"key":{"kid":"https://vault6742a7710b8a.vault.azure.net/keys/key6/df5ed06e1e5847e78de4aac5a607201e","kty":"RSA","key_ops":["encrypt","decrypt","sign","verify","wrapKey","unwrapKey"],"n":"mIub_JAi2hs0NL4JZCm9lWA8K9afBRyQ-rmoryvhVdMiCeDN6UDeUg8ejfKsdwKbJapd-3ZwJjK8JjFMKIAVI5L1K_Zf_xSY5rm6DqSIVbOwvDLar5qLf1OzapEjmrgZz0garn9e9knxbKxXj-3iI3eDBl_1dOTX_8tkPh3uXzkmVz9kQFx94hY6D5WGX1w1ZrlXPm_qDfaD-MVs16CIajedqxZ-9wk_czBuGqQbw3LA55KHT0BHwSX4Ezs4yye1TrFjrXWkvQ2ETYRerSG1liJ97HexfGr8_7vseo2t9O2eP89GZGQMLNJ59DYtOaoqYI92nnv5kdhQrMpyTm2TcQ","e":"AQAB"},"attributes":{"enabled":true,"created":1566582240,"updated":1566582240,"recoveryLevel":"Recoverable+Purgeable"}}'}
    headers:
      cache-control: [no-cache]
      content-length: ['787']
      content-type: [application/json; charset=utf-8]
      date: ['Fri, 23 Aug 2019 17:44:19 GMT']
      expires: ['-1']
      pragma: [no-cache]
      server: [Microsoft-IIS/10.0]
      strict-transport-security: [max-age=31536000;includeSubDomains]
      x-aspnet-version: [4.0.30319]
      x-content-type-options: [nosniff]
      x-ms-keyvault-network-info: [addr=131.107.160.72;act_addr_fam=InterNetwork;]
      x-ms-keyvault-region: [westus]
      x-ms-keyvault-service-version: [1.1.0.876]
      x-powered-by: [ASP.NET]
    status: {code: 200, message: OK}
- request:
    body: null
    headers:
      Accept: [application/json]
      Accept-Encoding: ['gzip, deflate']
      Connection: [keep-alive]
      User-Agent: [azsdk-python-keyvault-keys/4.0.0b2 Python/3.6.6 (Windows-10-10.0.18362-SP0)]
    method: GET
    uri: https://vault6742a7710b8a.vault.azure.net/deletedkeys?api-version=7.0
  response:
    body: {string: '{"value":[{"recoveryId":"https://vault6742a7710b8a.vault.azure.net/deletedkeys/key0","deletedDate":1566582240,"scheduledPurgeDate":1574358240,"kid":"https://vault6742a7710b8a.vault.azure.net/keys/key0","attributes":{"enabled":true,"created":1566582239,"updated":1566582239,"recoveryLevel":"Recoverable+Purgeable"}},{"recoveryId":"https://vault6742a7710b8a.vault.azure.net/deletedkeys/key1","deletedDate":1566582240,"scheduledPurgeDate":1574358240,"kid":"https://vault6742a7710b8a.vault.azure.net/keys/key1","attributes":{"enabled":true,"created":1566582239,"updated":1566582239,"recoveryLevel":"Recoverable+Purgeable"}},{"recoveryId":"https://vault6742a7710b8a.vault.azure.net/deletedkeys/key2","deletedDate":1566582241,"scheduledPurgeDate":1574358241,"kid":"https://vault6742a7710b8a.vault.azure.net/keys/key2","attributes":{"enabled":true,"created":1566582240,"updated":1566582240,"recoveryLevel":"Recoverable+Purgeable"}},{"recoveryId":"https://vault6742a7710b8a.vault.azure.net/deletedkeys/key3","deletedDate":1566582241,"scheduledPurgeDate":1574358241,"kid":"https://vault6742a7710b8a.vault.azure.net/keys/key3","attributes":{"enabled":true,"created":1566582240,"updated":1566582240,"recoveryLevel":"Recoverable+Purgeable"}},{"recoveryId":"https://vault6742a7710b8a.vault.azure.net/deletedkeys/key4","deletedDate":1566582241,"scheduledPurgeDate":1574358241,"kid":"https://vault6742a7710b8a.vault.azure.net/keys/key4","attributes":{"enabled":true,"created":1566582240,"updated":1566582240,"recoveryLevel":"Recoverable+Purgeable"}},{"recoveryId":"https://vault6742a7710b8a.vault.azure.net/deletedkeys/key5","deletedDate":1566582241,"scheduledPurgeDate":1574358241,"kid":"https://vault6742a7710b8a.vault.azure.net/keys/key5","attributes":{"enabled":true,"created":1566582240,"updated":1566582240,"recoveryLevel":"Recoverable+Purgeable"}},{"recoveryId":"https://vault6742a7710b8a.vault.azure.net/deletedkeys/key6","deletedDate":1566582241,"scheduledPurgeDate":1574358241,"kid":"https://vault6742a7710b8a.vault.azure.net/keys/key6","attributes":{"enabled":true,"created":1566582240,"updated":1566582240,"recoveryLevel":"Recoverable+Purgeable"}}],"nextLink":null}'}
    headers:
      cache-control: [no-cache]
      content-length: ['2162']
      content-type: [application/json; charset=utf-8]
      date: ['Fri, 23 Aug 2019 17:44:20 GMT']
      expires: ['-1']
      pragma: [no-cache]
      server: [Microsoft-IIS/10.0]
      strict-transport-security: [max-age=31536000;includeSubDomains]
      x-aspnet-version: [4.0.30319]
      x-content-type-options: [nosniff]
      x-ms-keyvault-network-info: [addr=131.107.160.72;act_addr_fam=InterNetwork;]
      x-ms-keyvault-region: [westus]
      x-ms-keyvault-service-version: [1.1.0.876]
      x-powered-by: [ASP.NET]
    status: {code: 200, message: OK}
- request:
    body: null
    headers:
      Accept: [application/json]
      Accept-Encoding: ['gzip, deflate']
      Connection: [keep-alive]
      Content-Length: ['0']
      User-Agent: [azsdk-python-keyvault-keys/4.0.0b2 Python/3.6.6 (Windows-10-10.0.18362-SP0)]
    method: POST
    uri: https://vault6742a7710b8a.vault.azure.net/deletedkeys/key0/recover?api-version=7.0
  response:
    body: {string: '{"key":{"kid":"https://vault6742a7710b8a.vault.azure.net/keys/key0/efcb4cf0ef414dd4a6865d11a91cfea2","kty":"RSA","key_ops":["encrypt","decrypt","sign","verify","wrapKey","unwrapKey"],"n":"qApmpu3xbKU8QL5jdVTjA4EHtb2UM57xUWo59McoQb9sZJ6sxzCzUWaWtqfun_ThvIlPW4AiLrnaRDpOEFsDvF7-PZkQkfI3BwCcvX4wrEaR6AXnjLtxc0bU_IZElK0pHJUPsWgERulIiiFivDiGvtCvENVcNQSCZXOp67Y4qbYCgndO2j9bFnIP8lqgY3x7QeDO_tp6Mr0hGeB3H_ddPCFR0imKUjCJqD2ezC0OGF2ubNL3UTIOpDwT_WPF2R5Mo1Op_9XkEFrQS0e4xSPRaTqEToRp9q8ch7zVZXWeYysGAO5jCZyXolXrezR9XrAp_lbFzG-pJymQ58om0QloPw","e":"AQAB"},"attributes":{"enabled":true,"created":1566582239,"updated":1566582239,"recoveryLevel":"Recoverable+Purgeable"}}'}
    headers:
      cache-control: [no-cache]
      content-length: ['656']
      content-type: [application/json; charset=utf-8]
      date: ['Fri, 23 Aug 2019 17:44:20 GMT']
      expires: ['-1']
      pragma: [no-cache]
      server: [Microsoft-IIS/10.0]
      strict-transport-security: [max-age=31536000;includeSubDomains]
      x-aspnet-version: [4.0.30319]
      x-content-type-options: [nosniff]
      x-ms-keyvault-network-info: [addr=131.107.160.72;act_addr_fam=InterNetwork;]
      x-ms-keyvault-region: [westus]
      x-ms-keyvault-service-version: [1.1.0.876]
      x-powered-by: [ASP.NET]
    status: {code: 200, message: OK}
- request:
    body: null
    headers:
      Accept: [application/json]
      Accept-Encoding: ['gzip, deflate']
      Connection: [keep-alive]
      Content-Length: ['0']
      User-Agent: [azsdk-python-keyvault-keys/4.0.0b2 Python/3.6.6 (Windows-10-10.0.18362-SP0)]
    method: POST
    uri: https://vault6742a7710b8a.vault.azure.net/deletedkeys/key1/recover?api-version=7.0
  response:
    body: {string: '{"key":{"kid":"https://vault6742a7710b8a.vault.azure.net/keys/key1/4fc70a87b522496f8ce46436a005cb71","kty":"RSA","key_ops":["encrypt","decrypt","sign","verify","wrapKey","unwrapKey"],"n":"sYf8yXRNqZnUuAwSpdvbQbNaYhjpGA3jyJ4w1QxcpSPFPf125EAUiTE_jTvfLFff1jn2cH9JglSr9oskUY4yKslofXhq1VSk-p_RnKda0lAE3Zw2NctItnXXKPhUXR4v9-a7Bho73MmdwPjG9aET6Eh1RysWrtOorw3VHLtcgM3I-6Q8ibhtMptae_O9p47fwUglzFyz_keLZarrCyMft0MgXW6sI9jnElP-LFf2b3lVu1PsZDJUke_9rYakQG6Xt0TBIPSaV8BGmz_Okronm6ScSSBAiNId7AsbTHPIaJiVnY4VWdioZLxuPRfaf1h62Sf9k4ahLcc026To6qxQMw","e":"AQAB"},"attributes":{"enabled":true,"created":1566582239,"updated":1566582239,"recoveryLevel":"Recoverable+Purgeable"}}'}
    headers:
      cache-control: [no-cache]
      content-length: ['656']
      content-type: [application/json; charset=utf-8]
      date: ['Fri, 23 Aug 2019 17:44:20 GMT']
      expires: ['-1']
      pragma: [no-cache]
      server: [Microsoft-IIS/10.0]
      strict-transport-security: [max-age=31536000;includeSubDomains]
      x-aspnet-version: [4.0.30319]
      x-content-type-options: [nosniff]
      x-ms-keyvault-network-info: [addr=131.107.160.72;act_addr_fam=InterNetwork;]
      x-ms-keyvault-region: [westus]
      x-ms-keyvault-service-version: [1.1.0.876]
      x-powered-by: [ASP.NET]
    status: {code: 200, message: OK}
- request:
    body: null
    headers:
      Accept: [application/json]
      Accept-Encoding: ['gzip, deflate']
      Connection: [keep-alive]
      Content-Length: ['0']
      User-Agent: [azsdk-python-keyvault-keys/4.0.0b2 Python/3.6.6 (Windows-10-10.0.18362-SP0)]
    method: POST
    uri: https://vault6742a7710b8a.vault.azure.net/deletedkeys/key2/recover?api-version=7.0
  response:
    body: {string: '{"key":{"kid":"https://vault6742a7710b8a.vault.azure.net/keys/key2/0b4697a30e8e4757a132e6826e96f532","kty":"RSA","key_ops":["encrypt","decrypt","sign","verify","wrapKey","unwrapKey"],"n":"jkur3fsuv3nbZO1Ks1D_v68-jxL1uF1ibHxhceo2jlQxeHdWNDhFMe8sSYkb2VyEJA5SKOSMFtE5grku_Uqzcdp56Ugfhkyp9FQLEZEMR0iRkXAYtnPSKXwRbLTeKGWYad3uFgjNGj2WtRk75YyfPb0TEEoT9v-MIGJbeibytP0GgxjMuK7NxxUzUzuh708iN2_nm3a_xBkWCWbVnIJJL5kllNLaL03Iuz91wvtSkAQ43D-0iXLcVo9NLFN9T1ktje--VkYAHEc3Use4paQ6oZRftJwF7C4HenIvOWQcEr8suVzLI_jOnEMnUPCoNvu3dChQy1tFNNbpOHR8qWGFwQ","e":"AQAB"},"attributes":{"enabled":true,"created":1566582240,"updated":1566582240,"recoveryLevel":"Recoverable+Purgeable"}}'}
    headers:
      cache-control: [no-cache]
      content-length: ['656']
      content-type: [application/json; charset=utf-8]
      date: ['Fri, 23 Aug 2019 17:44:20 GMT']
      expires: ['-1']
      pragma: [no-cache]
      server: [Microsoft-IIS/10.0]
      strict-transport-security: [max-age=31536000;includeSubDomains]
      x-aspnet-version: [4.0.30319]
      x-content-type-options: [nosniff]
      x-ms-keyvault-network-info: [addr=131.107.160.72;act_addr_fam=InterNetwork;]
      x-ms-keyvault-region: [westus]
      x-ms-keyvault-service-version: [1.1.0.876]
      x-powered-by: [ASP.NET]
    status: {code: 200, message: OK}
- request:
    body: null
    headers:
      Accept: [application/json]
      Accept-Encoding: ['gzip, deflate']
      Connection: [keep-alive]
      Content-Length: ['0']
      User-Agent: [azsdk-python-keyvault-keys/4.0.0b2 Python/3.6.6 (Windows-10-10.0.18362-SP0)]
    method: POST
    uri: https://vault6742a7710b8a.vault.azure.net/deletedkeys/key3/recover?api-version=7.0
  response:
    body: {string: '{"key":{"kid":"https://vault6742a7710b8a.vault.azure.net/keys/key3/3b77545ed54d4893adf20eee6cc2b7da","kty":"RSA","key_ops":["encrypt","decrypt","sign","verify","wrapKey","unwrapKey"],"n":"rGComwqowF4QrwLFaB01stwYcP51BBSlN5vIXAngw_naO4u7Af3R3jfpRJlHj5FLDBZ43yUsInWke_fG4uPYkO-wn_6Ca7o_T4CGnpDY85QcNkgcQSsFRlvKD7F1PaE4Bxl3VAt7Qw2ht1qHbBmenDh5NudugaRbEOLABLhhPsr2t6l1oltqff067MnxlWaKhhBzVmk3sQEpL4zouPwn5bu2LRxN80_JXfp4bXLRYp_zsonUuutw8rH5j1aNxolqG8aOWJF0iJ66kmneTeSv4fzbceNsxxQBhdWJ49uC-S-HZVCVIIW_gxPmTR6LNO9XvBUQ36NJzoA2lJLm8cE9-w","e":"AQAB"},"attributes":{"enabled":true,"created":1566582240,"updated":1566582240,"recoveryLevel":"Recoverable+Purgeable"}}'}
    headers:
      cache-control: [no-cache]
      content-length: ['656']
      content-type: [application/json; charset=utf-8]
      date: ['Fri, 23 Aug 2019 17:44:20 GMT']
      expires: ['-1']
      pragma: [no-cache]
      server: [Microsoft-IIS/10.0]
      strict-transport-security: [max-age=31536000;includeSubDomains]
      x-aspnet-version: [4.0.30319]
      x-content-type-options: [nosniff]
      x-ms-keyvault-network-info: [addr=131.107.160.72;act_addr_fam=InterNetwork;]
      x-ms-keyvault-region: [westus]
      x-ms-keyvault-service-version: [1.1.0.876]
      x-powered-by: [ASP.NET]
    status: {code: 200, message: OK}
- request:
    body: null
    headers:
      Accept: [application/json]
      Accept-Encoding: ['gzip, deflate']
      Connection: [keep-alive]
      Content-Length: ['0']
      User-Agent: [azsdk-python-keyvault-keys/4.0.0b2 Python/3.6.6 (Windows-10-10.0.18362-SP0)]
    method: POST
    uri: https://vault6742a7710b8a.vault.azure.net/deletedkeys/key4/recover?api-version=7.0
  response:
    body: {string: '{"key":{"kid":"https://vault6742a7710b8a.vault.azure.net/keys/key4/4fa834f416ee4ea7adf8e458a87e8e41","kty":"RSA","key_ops":["encrypt","decrypt","sign","verify","wrapKey","unwrapKey"],"n":"mhxQJJz4m7A1ABtmZDlnPcpVNOG6ufGlgFUt_W1zLVGumLM3Y1kSEHQG1Fx1sIExpQEQH6D1y66IyPi5-sPw3KSvXzUOT_Rv7YrkJYj49SAJwz_qen9DUIRbc-RC6iR7_4KC3ORSCN7iV8FqTBLqcMAD4TTRxICM6vd93iJDwvxGNcA6Q1vNjiHTJEhb2trLFCbfE_3ahqWK3CteDLE-3qquKQQ4tn5FYbSUS9pDAfmQv6wZwTdtz0pTRn8nby15Vs-NR_K-N-pxw1ByqMvxwB69kwj-WxHVGg5bqnt5gr_0JYg7Rf_XS1oySCklyvN0aaXO7Me069TLnHy5iTVOJQ","e":"AQAB"},"attributes":{"enabled":true,"created":1566582240,"updated":1566582240,"recoveryLevel":"Recoverable+Purgeable"}}'}
    headers:
      cache-control: [no-cache]
      content-length: ['656']
      content-type: [application/json; charset=utf-8]
      date: ['Fri, 23 Aug 2019 17:44:20 GMT']
      expires: ['-1']
      pragma: [no-cache]
      server: [Microsoft-IIS/10.0]
      strict-transport-security: [max-age=31536000;includeSubDomains]
      x-aspnet-version: [4.0.30319]
      x-content-type-options: [nosniff]
      x-ms-keyvault-network-info: [addr=131.107.160.72;act_addr_fam=InterNetwork;]
      x-ms-keyvault-region: [westus]
      x-ms-keyvault-service-version: [1.1.0.876]
      x-powered-by: [ASP.NET]
    status: {code: 200, message: OK}
- request:
    body: null
    headers:
      Accept: [application/json]
      Accept-Encoding: ['gzip, deflate']
      Connection: [keep-alive]
      Content-Length: ['0']
      User-Agent: [azsdk-python-keyvault-keys/4.0.0b2 Python/3.6.6 (Windows-10-10.0.18362-SP0)]
    method: POST
    uri: https://vault6742a7710b8a.vault.azure.net/deletedkeys/key5/recover?api-version=7.0
  response:
    body: {string: '{"key":{"kid":"https://vault6742a7710b8a.vault.azure.net/keys/key5/58b67a0d32354585997d02fc84a19c98","kty":"RSA","key_ops":["encrypt","decrypt","sign","verify","wrapKey","unwrapKey"],"n":"2TAOdcMf0_fp13AMBFYJmDXOXmY5YEhPEQZTu1ataUHPJCTfvU7zjxWRUlArTVZ0OujtIqRM0rH1IZQWzzah1NzblGIDQWryvmb3ivYfUmmcp1-WKTqi2gYcb4wEoCj0TRqbypZvwfg9VAo7N3z8BHS--VKXtAP46sxI53vLbbUOP-6SsQsU2QIIZRZjLz0Q8uMXqwQ1yfxO4X85W0DbHdClknNic_AQjsGeury3pl0zb1JG4xIk4llPYn5l6ekzAmFjTX-T0IHYLLE1qIKrGrYOZN4csgcxs6aoA12ltEe6b_v93gxHdUP7CWJhf3cx5UWBHO702sr-PC57RJ5ZEQ","e":"AQAB"},"attributes":{"enabled":true,"created":1566582240,"updated":1566582240,"recoveryLevel":"Recoverable+Purgeable"}}'}
    headers:
      cache-control: [no-cache]
      content-length: ['656']
      content-type: [application/json; charset=utf-8]
      date: ['Fri, 23 Aug 2019 17:44:20 GMT']
      expires: ['-1']
      pragma: [no-cache]
      server: [Microsoft-IIS/10.0]
      strict-transport-security: [max-age=31536000;includeSubDomains]
      x-aspnet-version: [4.0.30319]
      x-content-type-options: [nosniff]
      x-ms-keyvault-network-info: [addr=131.107.160.72;act_addr_fam=InterNetwork;]
      x-ms-keyvault-region: [westus]
      x-ms-keyvault-service-version: [1.1.0.876]
      x-powered-by: [ASP.NET]
    status: {code: 200, message: OK}
- request:
    body: null
    headers:
      Accept: [application/json]
      Accept-Encoding: ['gzip, deflate']
      Connection: [keep-alive]
      Content-Length: ['0']
      User-Agent: [azsdk-python-keyvault-keys/4.0.0b2 Python/3.6.6 (Windows-10-10.0.18362-SP0)]
    method: POST
    uri: https://vault6742a7710b8a.vault.azure.net/deletedkeys/key6/recover?api-version=7.0
  response:
    body: {string: '{"key":{"kid":"https://vault6742a7710b8a.vault.azure.net/keys/key6/df5ed06e1e5847e78de4aac5a607201e","kty":"RSA","key_ops":["encrypt","decrypt","sign","verify","wrapKey","unwrapKey"],"n":"mIub_JAi2hs0NL4JZCm9lWA8K9afBRyQ-rmoryvhVdMiCeDN6UDeUg8ejfKsdwKbJapd-3ZwJjK8JjFMKIAVI5L1K_Zf_xSY5rm6DqSIVbOwvDLar5qLf1OzapEjmrgZz0garn9e9knxbKxXj-3iI3eDBl_1dOTX_8tkPh3uXzkmVz9kQFx94hY6D5WGX1w1ZrlXPm_qDfaD-MVs16CIajedqxZ-9wk_czBuGqQbw3LA55KHT0BHwSX4Ezs4yye1TrFjrXWkvQ2ETYRerSG1liJ97HexfGr8_7vseo2t9O2eP89GZGQMLNJ59DYtOaoqYI92nnv5kdhQrMpyTm2TcQ","e":"AQAB"},"attributes":{"enabled":true,"created":1566582240,"updated":1566582240,"recoveryLevel":"Recoverable+Purgeable"}}'}
    headers:
      cache-control: [no-cache]
      content-length: ['656']
      content-type: [application/json; charset=utf-8]
      date: ['Fri, 23 Aug 2019 17:44:21 GMT']
      expires: ['-1']
      pragma: [no-cache]
      server: [Microsoft-IIS/10.0]
      strict-transport-security: [max-age=31536000;includeSubDomains]
      x-aspnet-version: [4.0.30319]
      x-content-type-options: [nosniff]
      x-ms-keyvault-network-info: [addr=131.107.160.72;act_addr_fam=InterNetwork;]
      x-ms-keyvault-region: [westus]
      x-ms-keyvault-service-version: [1.1.0.876]
      x-powered-by: [ASP.NET]
    status: {code: 200, message: OK}
version: 1
