interactions:
- request:
    body: null
    headers:
      Accept:
      - application/json
      Accept-Encoding:
      - gzip, deflate
      Connection:
      - keep-alive
      Content-Length:
      - '0'
      Content-Type:
      - application/json
      User-Agent:
      - azsdk-python-keyvault-keys/4.4.0b5 Python/3.5.3 (Windows-10-10.0.19041-SP0)
    method: PUT
    uri: https://managedhsmname.managedhsm.azure.net/keys/livekvtestsymmetric-kwc6a317ab?api-version=7.2
  response:
    body:
      string: ''
    headers:
      cache-control:
      - no-cache
      content-length:
      - '0'
      content-security-policy:
      - default-src 'self'
      content-type:
      - application/json; charset=utf-8
      strict-transport-security:
      - max-age=31536000; includeSubDomains
      www-authenticate:
      - Bearer authorization="https://login.microsoftonline.com/72f988bf-86f1-41af-91ab-2d7cd011db47",
        resource="https://managedhsm.azure.net"
      x-content-type-options:
      - nosniff
      x-frame-options:
      - SAMEORIGIN
      x-ms-server-latency:
      - '1'
    status:
      code: 401
      message: Unauthorized
- request:
    body: '{"key": {"key_ops": ["encrypt", "decrypt", "wrapKey", "unwrapKey"], "kty":
      "oct-HSM", "k": "4n7QyEUSu9VbavQ00jfBH-ujEYcPgPLC4zZCYPMcgsg"}}'
    headers:
      Accept:
      - application/json
      Accept-Encoding:
      - gzip, deflate
      Connection:
      - keep-alive
      Content-Length:
      - '138'
      Content-Type:
      - application/json
      User-Agent:
      - azsdk-python-keyvault-keys/4.4.0b5 Python/3.5.3 (Windows-10-10.0.19041-SP0)
    method: PUT
    uri: https://managedhsmname.managedhsm.azure.net/keys/livekvtestsymmetric-kwc6a317ab?api-version=7.2
  response:
    body:
      string: '{"attributes":{"created":1620408138,"enabled":true,"exportable":false,"recoverableDays":90,"recoveryLevel":"Recoverable+Purgeable","updated":1620408138},"key":{"key_ops":["encrypt","decrypt","unwrapKey","wrapKey"],"kid":"https://managedhsmname.managedhsm.azure.net/keys/livekvtestsymmetric-kwc6a317ab/9795ed86da380e6e9461cc6f0ed43bf7","kty":"oct-HSM"}}'
    headers:
      cache-control:
      - no-cache
      content-length:
      - '353'
      content-security-policy:
      - default-src 'self'
      content-type:
      - application/json; charset=utf-8
      strict-transport-security:
      - max-age=31536000; includeSubDomains
      x-content-type-options:
      - nosniff
      x-frame-options:
      - SAMEORIGIN
      x-ms-keyvault-network-info:
      - conn_type=Ipv4;addr=172.92.159.124;act_addr_fam=Ipv4;
      x-ms-keyvault-region:
      - centralus
      x-ms-server-latency:
      - '226'
    status:
      code: 200
      message: OK
- request:
    body: null
    headers:
      Accept:
      - application/json
      Accept-Encoding:
      - gzip, deflate
      Connection:
      - keep-alive
      User-Agent:
      - azsdk-python-keyvault-keys/4.4.0b5 Python/3.5.3 (Windows-10-10.0.19041-SP0)
    method: GET
    uri: https://managedhsmname.managedhsm.azure.net/keys/livekvtestsymmetric-kwc6a317ab/9795ed86da380e6e9461cc6f0ed43bf7?api-version=7.2
  response:
    body:
      string: '{"attributes":{"created":1620408138,"enabled":true,"exportable":false,"recoverableDays":90,"recoveryLevel":"Recoverable+Purgeable","updated":1620408138},"key":{"key_ops":["decrypt","encrypt","wrapKey","unwrapKey"],"kid":"https://managedhsmname.managedhsm.azure.net/keys/livekvtestsymmetric-kwc6a317ab/9795ed86da380e6e9461cc6f0ed43bf7","kty":"oct-HSM"}}'
    headers:
      cache-control:
      - no-cache
      content-length:
      - '353'
      content-security-policy:
      - default-src 'self'
      content-type:
      - application/json; charset=utf-8
      strict-transport-security:
      - max-age=31536000; includeSubDomains
      x-content-type-options:
      - nosniff
      x-frame-options:
      - SAMEORIGIN
      x-ms-build-version:
      - 1.0.20210407-3-27236ed1-develop
      x-ms-keyvault-network-info:
      - conn_type=Ipv4;addr=172.92.159.124;act_addr_fam=Ipv4;
      x-ms-keyvault-region:
      - centralus
      x-ms-server-latency:
      - '61'
    status:
      code: 200
      message: OK
version: 1
