interactions:
- request:
    body: null
    headers:
      Accept:
      - application/json
      Content-Length:
      - '0'
      Content-Type:
      - application/json
      User-Agent:
      - azsdk-python-keyvault-keys/4.5.0 Python/3.10.0 (Windows-10-10.0.22000-SP0)
    method: POST
    uri: https://vaultname.vault.azure.net/keys/livekvtestrsa-verify-2048777e1a7e/create?api-version=7.3
  response:
    body:
      string: '{"error":{"code":"Unauthorized","message":"AKV10000: Request is missing
        a Bearer or PoP token."}}'
    headers:
      cache-control: no-cache
      content-length: '97'
      content-type: application/json; charset=utf-8
      date: Tue, 22 Mar 2022 23:26:59 GMT
      expires: '-1'
      pragma: no-cache
      strict-transport-security: max-age=31536000;includeSubDomains
      www-authenticate: Bearer authorization="https://login.windows.net/72f988bf-86f1-41af-91ab-2d7cd011db47",
        resource="https://vault.azure.net"
      x-content-type-options: nosniff
      x-ms-keyvault-network-info: conn_type=Ipv4;addr=172.92.159.124;act_addr_fam=InterNetwork;
      x-ms-keyvault-region: westus2
      x-ms-keyvault-service-version: 1.9.331.5
      x-powered-by: ASP.NET
    status:
      code: 401
      message: Unauthorized
    url: https://malegerec.vault.azure.net/keys/livekvtestrsa-verify-2048777e1a7e/create?api-version=7.3
- request:
    body: '{"kty": "RSA", "key_size": 2048}'
    headers:
      Accept:
      - application/json
      Content-Length:
      - '32'
      Content-Type:
      - application/json
      User-Agent:
      - azsdk-python-keyvault-keys/4.5.0 Python/3.10.0 (Windows-10-10.0.22000-SP0)
    method: POST
    uri: https://vaultname.vault.azure.net/keys/livekvtestrsa-verify-2048777e1a7e/create?api-version=7.3
  response:
    body:
      string: '{"key":{"kid":"https://vaultname.vault.azure.net/keys/livekvtestrsa-verify-2048777e1a7e/3c84c3d91c2a40b1b0a2e1adda81add8","kty":"RSA","key_ops":["encrypt","decrypt","sign","verify","wrapKey","unwrapKey"],"n":"6llEssoJD2Bl_iBPmkCP6SEpwENuGZaGfEbgJ-CCLGXPGGWEwX7HuenhIRBGQLbDBLZ0oCsZOmxtMgXK5KKtN8N7GrR1EN2puVn4VwOPDeTdohOo-ovEVdPsvuoksUJX48LkT9BMT57owEevDngPy40GmPkaKMn_J4WW3mjIu5niPXLG_C8twUBkckh7_zvXj-uaOSVrRmUmo8QQzpUW1DkCeohD0GxG6bpU-iyPOTc7ExTSSzj7buAx9o18UeJrMS5gO5BteKqbBX2ozssUn-bH_66pP2Z4LTzWFWkXW20bDY7_NqdqEOHg0krYWrlgzYvpGMMAwhlq1pHVr2i3IQ","e":"AQAB"},"attributes":{"enabled":true,"created":1647991620,"updated":1647991620,"recoveryLevel":"CustomizedRecoverable+Purgeable","recoverableDays":7}}'
    headers:
      cache-control: no-cache
      content-length: '707'
      content-type: application/json; charset=utf-8
      date: Tue, 22 Mar 2022 23:27:00 GMT
      expires: '-1'
      pragma: no-cache
      strict-transport-security: max-age=31536000;includeSubDomains
      x-content-type-options: nosniff
      x-ms-keyvault-network-info: conn_type=Ipv4;addr=172.92.159.124;act_addr_fam=InterNetwork;
      x-ms-keyvault-rbac-assignment-id: 95a02d0c-52aa-59c1-8ea1-3849ee7c4bb5
      x-ms-keyvault-rbac-cache: ra_age=448;da_age=448;rd_age=448;brd_age=19005;ra_notif_age=165;dec_lev=1;
      x-ms-keyvault-region: westus2
      x-ms-keyvault-service-version: 1.9.331.5
      x-powered-by: ASP.NET
    status:
      code: 200
      message: OK
    url: https://malegerec.vault.azure.net/keys/livekvtestrsa-verify-2048777e1a7e/create?api-version=7.3
- request:
    body: '{"alg": "PS256", "value": "vgZc0NQUb6WMKX___V2JntcFRO_vszKwSAj7R2rL1zg"}'
    headers:
      Accept:
      - application/json
      Content-Length:
      - '72'
      Content-Type:
      - application/json
      User-Agent:
      - azsdk-python-keyvault-keys/4.5.0 Python/3.10.0 (Windows-10-10.0.22000-SP0)
    method: POST
    uri: https://vaultname.vault.azure.net/keys/livekvtestrsa-verify-2048777e1a7e/3c84c3d91c2a40b1b0a2e1adda81add8/sign?api-version=7.3
  response:
    body:
      string: '{"kid":"https://vaultname.vault.azure.net/keys/livekvtestrsa-verify-2048777e1a7e/3c84c3d91c2a40b1b0a2e1adda81add8","value":"eO88GpNbpZAVu2AChYMR2Qjsh5D2ElaRj1Qdr8w-95D6y68IbgdnQQv8c9zrmnkY_yp5x8455LncAsA0IVCHnKoXBceQPhqo8VwlrtxHy-WIDtUg6wCeQ_fd32eyHqXEzcfGFkq4eYg4Wc5QdHJwYRS1zioNFtcDM3Z96sict-sa2mT4kp4OpZ8WguyqYP9y-PVpw8r-kqhCDOu15VpCyx5ZRoep0VygMEWzsdSKyo-u6-AXQagpXnpCO6nlxyIu2vajhyDZQtJf62ru3zYaOx2S_NicLMk10ljYihw-9B8aewBM2woluFrqxPy8N3r2daWd_YTHYu42ak3kVZ6kDQ"}'
    headers:
      cache-control: no-cache
      content-length: '468'
      content-type: application/json; charset=utf-8
      date: Tue, 22 Mar 2022 23:27:01 GMT
      expires: '-1'
      pragma: no-cache
      strict-transport-security: max-age=31536000;includeSubDomains
      x-content-type-options: nosniff
      x-ms-keyvault-network-info: conn_type=Ipv4;addr=172.92.159.124;act_addr_fam=InterNetwork;
      x-ms-keyvault-rbac-assignment-id: 95a02d0c-52aa-59c1-8ea1-3849ee7c4bb5
      x-ms-keyvault-rbac-cache: ra_age=140;da_age=449;rd_age=449;brd_age=19006;ra_notif_age=166;dec_lev=2;
      x-ms-keyvault-region: westus2
      x-ms-keyvault-service-version: 1.9.331.5
      x-powered-by: ASP.NET
    status:
      code: 200
      message: OK
    url: https://malegerec.vault.azure.net/keys/livekvtestrsa-verify-2048777e1a7e/3c84c3d91c2a40b1b0a2e1adda81add8/sign?api-version=7.3
- request:
    body: '{"alg": "PS384", "value": "OnZY76NXJ8_MBkjnc9b9RiaL5OYscmrTal040wQuLFlRrnLvJFecIvZl2KjXqwVB"}'
    headers:
      Accept:
      - application/json
      Content-Length:
      - '93'
      Content-Type:
      - application/json
      User-Agent:
      - azsdk-python-keyvault-keys/4.5.0 Python/3.10.0 (Windows-10-10.0.22000-SP0)
    method: POST
    uri: https://vaultname.vault.azure.net/keys/livekvtestrsa-verify-2048777e1a7e/3c84c3d91c2a40b1b0a2e1adda81add8/sign?api-version=7.3
  response:
    body:
      string: '{"kid":"https://vaultname.vault.azure.net/keys/livekvtestrsa-verify-2048777e1a7e/3c84c3d91c2a40b1b0a2e1adda81add8","value":"bpvP7ELyJ_wXCMgUsyOIdX9_cKrVp1vq5AsU8eMOW2ow1GzMh_F7j_nQ3Rfys6YtYrVAmBnHochqd2xpL2EaBHCOH1-wwsqS6SIAmpbIfuSoR3OhhyRBFxGOYQ-YbSML2vqBR8qOduG1JntPL901jCn7ZyGQfhXdAiYhC9xbhsIPpcyraj88aapyJlZ0cPztu5hLZtHndkbve8J51Zq78rOM3b-APmQ_B8DAl4VVvtWVwIAV12Z54-ASkVvUBQaAvDNCtvvvJZk_o1hdAV1uQZAx5wlIuYvxhUZbHdwMC9WFafOX69fW1oo2RAvluVSdMo7LiIlmp0w3C65wtVJ49g"}'
    headers:
      cache-control: no-cache
      content-length: '468'
      content-type: application/json; charset=utf-8
      date: Tue, 22 Mar 2022 23:27:01 GMT
      expires: '-1'
      pragma: no-cache
      strict-transport-security: max-age=31536000;includeSubDomains
      x-content-type-options: nosniff
      x-ms-keyvault-network-info: conn_type=Ipv4;addr=172.92.159.124;act_addr_fam=InterNetwork;
      x-ms-keyvault-rbac-assignment-id: 95a02d0c-52aa-59c1-8ea1-3849ee7c4bb5
      x-ms-keyvault-rbac-cache: ra_age=140;da_age=449;rd_age=449;brd_age=19006;ra_notif_age=166;dec_lev=0;
      x-ms-keyvault-region: westus2
      x-ms-keyvault-service-version: 1.9.331.5
      x-powered-by: ASP.NET
    status:
      code: 200
      message: OK
    url: https://malegerec.vault.azure.net/keys/livekvtestrsa-verify-2048777e1a7e/3c84c3d91c2a40b1b0a2e1adda81add8/sign?api-version=7.3
- request:
    body: '{"alg": "PS512", "value": "zZyL-eOHDnnq34aZaWgBMobx4x2Pm3mPRo4eqnRmLK6sE0jsXZFOFhMXaTcvILQxovTsMMh9JupeojYCnDvfrQ"}'
    headers:
      Accept:
      - application/json
      Content-Length:
      - '115'
      Content-Type:
      - application/json
      User-Agent:
      - azsdk-python-keyvault-keys/4.5.0 Python/3.10.0 (Windows-10-10.0.22000-SP0)
    method: POST
    uri: https://vaultname.vault.azure.net/keys/livekvtestrsa-verify-2048777e1a7e/3c84c3d91c2a40b1b0a2e1adda81add8/sign?api-version=7.3
  response:
    body:
      string: '{"kid":"https://vaultname.vault.azure.net/keys/livekvtestrsa-verify-2048777e1a7e/3c84c3d91c2a40b1b0a2e1adda81add8","value":"2dLsd6Aqb60PpbWO3kk1akmwCyimsmwrBoiYdZKMnJjh69TEXQZKfsJ3_7A6U9DTF1pHGWtWAnW7JardikumbHmo545UyFkR3ZaKD9Em_wotu8yn1faXifoabpmda3CA-OST1MPZtzdnyyiKIDxtaBUqqIe1OkPWgBeMkayrbJlu7__PnodO0WkH5We0ck4O6uF6zvRMhNycwAS8pbnGXJHW6J29qCMOuTVvwuneXAUAWrkrFTa_FJ52QxQcdHL48J3CjfIqjmL2uBCPXjnpSrgXQ9z718aDycm6p82sdTea-JlSYnVrdPu3c2Usi-v4aK_1N3Icj6T-CNGAQqkY9g"}'
    headers:
      cache-control: no-cache
      content-length: '468'
      content-type: application/json; charset=utf-8
      date: Tue, 22 Mar 2022 23:27:01 GMT
      expires: '-1'
      pragma: no-cache
      strict-transport-security: max-age=31536000;includeSubDomains
      x-content-type-options: nosniff
      x-ms-keyvault-network-info: conn_type=Ipv4;addr=172.92.159.124;act_addr_fam=InterNetwork;
      x-ms-keyvault-rbac-assignment-id: 95a02d0c-52aa-59c1-8ea1-3849ee7c4bb5
      x-ms-keyvault-rbac-cache: ra_age=140;da_age=449;rd_age=449;brd_age=19006;ra_notif_age=166;dec_lev=0;
      x-ms-keyvault-region: westus2
      x-ms-keyvault-service-version: 1.9.331.5
      x-powered-by: ASP.NET
    status:
      code: 200
      message: OK
    url: https://malegerec.vault.azure.net/keys/livekvtestrsa-verify-2048777e1a7e/3c84c3d91c2a40b1b0a2e1adda81add8/sign?api-version=7.3
- request:
    body: '{"alg": "RS256", "value": "vgZc0NQUb6WMKX___V2JntcFRO_vszKwSAj7R2rL1zg"}'
    headers:
      Accept:
      - application/json
      Content-Length:
      - '72'
      Content-Type:
      - application/json
      User-Agent:
      - azsdk-python-keyvault-keys/4.5.0 Python/3.10.0 (Windows-10-10.0.22000-SP0)
    method: POST
    uri: https://vaultname.vault.azure.net/keys/livekvtestrsa-verify-2048777e1a7e/3c84c3d91c2a40b1b0a2e1adda81add8/sign?api-version=7.3
  response:
    body:
      string: '{"kid":"https://vaultname.vault.azure.net/keys/livekvtestrsa-verify-2048777e1a7e/3c84c3d91c2a40b1b0a2e1adda81add8","value":"c4BDXZqNqJhBW2xril9McxtFIgNCMcVtijeMa3QFH_BnrpmGm2Ncfo3m5oX53XiIoJi2XsW-nAmn2lRROhn4xQJZMDy_2SSDcvaObJUxNnaIihOGsiCqN2jp9rtL7lklnBXDZrFs0Q_3lZQdAS1hhRpIp6V_EQ-oy18v07C4diSEqw3kmdhHTUr3kCGQYTDtn8b1MIaFSBhuY3pxsy49YsrqOtYYZNGmZ7B5I60xuqUTehtSxQoxvio260P4BBUHR86DqT_LHMJ7obgpLkwaJSTkaQZhsm2Hutw-RXOve5AIt00N8MBy_oet6edJH8kuCKg0fbRksYXKQc1zpNP3ew"}'
    headers:
      cache-control: no-cache
      content-length: '468'
      content-type: application/json; charset=utf-8
      date: Tue, 22 Mar 2022 23:27:01 GMT
      expires: '-1'
      pragma: no-cache
      strict-transport-security: max-age=31536000;includeSubDomains
      x-content-type-options: nosniff
      x-ms-keyvault-network-info: conn_type=Ipv4;addr=172.92.159.124;act_addr_fam=InterNetwork;
      x-ms-keyvault-rbac-assignment-id: 95a02d0c-52aa-59c1-8ea1-3849ee7c4bb5
      x-ms-keyvault-rbac-cache: ra_age=140;da_age=449;rd_age=449;brd_age=19006;ra_notif_age=166;dec_lev=0;
      x-ms-keyvault-region: westus2
      x-ms-keyvault-service-version: 1.9.331.5
      x-powered-by: ASP.NET
    status:
      code: 200
      message: OK
    url: https://malegerec.vault.azure.net/keys/livekvtestrsa-verify-2048777e1a7e/3c84c3d91c2a40b1b0a2e1adda81add8/sign?api-version=7.3
- request:
    body: '{"alg": "RS384", "value": "OnZY76NXJ8_MBkjnc9b9RiaL5OYscmrTal040wQuLFlRrnLvJFecIvZl2KjXqwVB"}'
    headers:
      Accept:
      - application/json
      Content-Length:
      - '93'
      Content-Type:
      - application/json
      User-Agent:
      - azsdk-python-keyvault-keys/4.5.0 Python/3.10.0 (Windows-10-10.0.22000-SP0)
    method: POST
    uri: https://vaultname.vault.azure.net/keys/livekvtestrsa-verify-2048777e1a7e/3c84c3d91c2a40b1b0a2e1adda81add8/sign?api-version=7.3
  response:
    body:
      string: '{"kid":"https://vaultname.vault.azure.net/keys/livekvtestrsa-verify-2048777e1a7e/3c84c3d91c2a40b1b0a2e1adda81add8","value":"OppLDsAcWfRJM4GR26aBaMTsM-5Z704xGjffUOPUBj93hFKam4OqhyjSDZc5Xi2AkByVJjdnZ1vX4AZmPp2zQTo2fdBDRb8C8txQpOeMGYWb1pM5MuJpQlx5mKjEebyVELjMhZrtYb27sx9_6Y8Ansb_1NEP21esU48NiITjGsvOSjtqhJv-fpCKdHsDl1D424JjPci4nz_7tDTCTfAbaZ2UOAiw4Igmm9_X50-z6QIv6yjvtJFz6lp8fgLRr7E4fDek1sgI3RP98TklArVC-4u9KxzPOLsRAuPRu40_p9D6urPifvS9AwD6LhBGQCq1cz5PnJ2Lo0pUTT5Be7k63g"}'
    headers:
      cache-control: no-cache
      content-length: '468'
      content-type: application/json; charset=utf-8
      date: Tue, 22 Mar 2022 23:27:01 GMT
      expires: '-1'
      pragma: no-cache
      strict-transport-security: max-age=31536000;includeSubDomains
      x-content-type-options: nosniff
      x-ms-keyvault-network-info: conn_type=Ipv4;addr=172.92.159.124;act_addr_fam=InterNetwork;
      x-ms-keyvault-rbac-assignment-id: 95a02d0c-52aa-59c1-8ea1-3849ee7c4bb5
      x-ms-keyvault-rbac-cache: ra_age=140;da_age=449;rd_age=449;brd_age=19006;ra_notif_age=166;dec_lev=0;
      x-ms-keyvault-region: westus2
      x-ms-keyvault-service-version: 1.9.331.5
      x-powered-by: ASP.NET
    status:
      code: 200
      message: OK
    url: https://malegerec.vault.azure.net/keys/livekvtestrsa-verify-2048777e1a7e/3c84c3d91c2a40b1b0a2e1adda81add8/sign?api-version=7.3
- request:
    body: '{"alg": "RS512", "value": "zZyL-eOHDnnq34aZaWgBMobx4x2Pm3mPRo4eqnRmLK6sE0jsXZFOFhMXaTcvILQxovTsMMh9JupeojYCnDvfrQ"}'
    headers:
      Accept:
      - application/json
      Content-Length:
      - '115'
      Content-Type:
      - application/json
      User-Agent:
      - azsdk-python-keyvault-keys/4.5.0 Python/3.10.0 (Windows-10-10.0.22000-SP0)
    method: POST
    uri: https://vaultname.vault.azure.net/keys/livekvtestrsa-verify-2048777e1a7e/3c84c3d91c2a40b1b0a2e1adda81add8/sign?api-version=7.3
  response:
    body:
      string: '{"kid":"https://vaultname.vault.azure.net/keys/livekvtestrsa-verify-2048777e1a7e/3c84c3d91c2a40b1b0a2e1adda81add8","value":"XXQN1B3mxCXuxYDxP2NuouqYrc3Vg8dM-MzluoOACIMHhw3qF_dBR2fiPWYy6s9t-T3ynwioTqwtCIlQTaJz8qX0LDx5dbGbkwI0QJRb1OYCBmLeNz_2oEeYr512SvjKBrn_YZDMuXKyzMHaYcbl822t78DFrTLHgPXmbQQ3d1APFFJHSMTVLR08iW_etkgOHfQZxI4jEagrU4-Qra18YOxLriBGuNiP1QUgwCImNpODKfOmVv8XmNGtKTtzhZ9rUCfz_bd8EqQHx_PUPY0T2NgaH5WFlPEsqlj28ejBgaCOTDdLJqw2q8amhVuOWFspN7D2SeC0UTIkbEtEuEEqXQ"}'
    headers:
      cache-control: no-cache
      content-length: '468'
      content-type: application/json; charset=utf-8
      date: Tue, 22 Mar 2022 23:27:01 GMT
      expires: '-1'
      pragma: no-cache
      strict-transport-security: max-age=31536000;includeSubDomains
      x-content-type-options: nosniff
      x-ms-keyvault-network-info: conn_type=Ipv4;addr=172.92.159.124;act_addr_fam=InterNetwork;
      x-ms-keyvault-rbac-assignment-id: 95a02d0c-52aa-59c1-8ea1-3849ee7c4bb5
      x-ms-keyvault-rbac-cache: ra_age=140;da_age=449;rd_age=449;brd_age=19006;ra_notif_age=167;dec_lev=0;
      x-ms-keyvault-region: westus2
      x-ms-keyvault-service-version: 1.9.331.5
      x-powered-by: ASP.NET
    status:
      code: 200
      message: OK
    url: https://malegerec.vault.azure.net/keys/livekvtestrsa-verify-2048777e1a7e/3c84c3d91c2a40b1b0a2e1adda81add8/sign?api-version=7.3
- request:
    body: '{"kty": "RSA", "key_size": 3072}'
    headers:
      Accept:
      - application/json
      Content-Length:
      - '32'
      Content-Type:
      - application/json
      User-Agent:
      - azsdk-python-keyvault-keys/4.5.0 Python/3.10.0 (Windows-10-10.0.22000-SP0)
    method: POST
    uri: https://vaultname.vault.azure.net/keys/livekvtestrsa-verify-3072777e1a7e/create?api-version=7.3
  response:
    body:
      string: '{"key":{"kid":"https://vaultname.vault.azure.net/keys/livekvtestrsa-verify-3072777e1a7e/2e60462dbbdd4672b27c96d202088c46","kty":"RSA","key_ops":["encrypt","decrypt","sign","verify","wrapKey","unwrapKey"],"n":"3VAenF8aaQRm5PnigoQIxNEMEWW8C-SnCpVgFjzKSw1rYEoK5A2q9gG70PLUKZ_SCsgaTIk3Ds95PVdMq_fUsZ4slmPwpMUuXeS49WSFmn-8HDlby6Dq5ypzJLNHcuI6XF7SYckSojVB-9jJpqoDLkvx-Cxwq9LooUOS-3ZPWIC4XmZkQWPHmZrcpNYfIRMI_k9RKMRVwQMC_aoBM6kgQnkEVMuDdt0WOXAS4TfRwrF_DM-C8Z2vz9Dcj1uuFYSVx8Wx_avMIM4MAPA8FWcoiPF3pWH6EL6GX_-8-pmA5AemAaqSs9UExQPQWpm5shIAWLYfBr9TnGo846CeArZXv7W3wFBuJ-DcJezhyJBca7S_pCMZcib4kjPVniwkIEHdJkU9tHA3TONi9jD4XxcFzlUFcmC_g5e4soCN9GOxzwJ9SNkZ7FPFNIN1dm5j6CYYPAtSAkRbZd8Z5xXaLk2bVbTvBZwsX_nHC0p5unLblscUpRg_841vyTfAHX3y6W1d","e":"AQAB"},"attributes":{"enabled":true,"created":1647991624,"updated":1647991624,"recoveryLevel":"CustomizedRecoverable+Purgeable","recoverableDays":7}}'
    headers:
      cache-control: no-cache
      content-length: '877'
      content-type: application/json; charset=utf-8
      date: Tue, 22 Mar 2022 23:27:04 GMT
      expires: '-1'
      pragma: no-cache
      strict-transport-security: max-age=31536000;includeSubDomains
      x-content-type-options: nosniff
      x-ms-keyvault-network-info: conn_type=Ipv4;addr=172.92.159.124;act_addr_fam=InterNetwork;
      x-ms-keyvault-rbac-assignment-id: 95a02d0c-52aa-59c1-8ea1-3849ee7c4bb5
      x-ms-keyvault-rbac-cache: ra_age=143;da_age=451;rd_age=451;brd_age=19008;ra_notif_age=169;dec_lev=1;
      x-ms-keyvault-region: westus2
      x-ms-keyvault-service-version: 1.9.331.5
      x-powered-by: ASP.NET
    status:
      code: 200
      message: OK
    url: https://malegerec.vault.azure.net/keys/livekvtestrsa-verify-3072777e1a7e/create?api-version=7.3
- request:
    body: '{"alg": "PS256", "value": "vgZc0NQUb6WMKX___V2JntcFRO_vszKwSAj7R2rL1zg"}'
    headers:
      Accept:
      - application/json
      Content-Length:
      - '72'
      Content-Type:
      - application/json
      User-Agent:
      - azsdk-python-keyvault-keys/4.5.0 Python/3.10.0 (Windows-10-10.0.22000-SP0)
    method: POST
    uri: https://vaultname.vault.azure.net/keys/livekvtestrsa-verify-3072777e1a7e/2e60462dbbdd4672b27c96d202088c46/sign?api-version=7.3
  response:
    body:
      string: '{"kid":"https://vaultname.vault.azure.net/keys/livekvtestrsa-verify-3072777e1a7e/2e60462dbbdd4672b27c96d202088c46","value":"h4um9ooe1oKzM1kMIbvqh79PTlsXWot9tIZUVRNQuGVlnwOGzq-dtC_96AqPe4U0pfjYYpOB_RwylO3l3NkUFHokvCjt6F53g-j-2a2XV085j7DVaxcOPcwzs84lKKmnODuBjXdPoWrOxDoyIe2sSjrYI9soy4rAmPcpeDdQt6Wfivm2iq97770e32yn99dkFrzx5xWYsuGBxkrMU8em7yZnhIVgUrSAfJSh64R_F892es7Q5NakLnFcMJBlbukBWqKextpihJGgbAykNlvV6uT5lM9__qUA8bK5VQNY2sRnVzxGoCXFbJWKzHpiM5WLwNR6FM8Bamk2Et_jJOvJFRjcch6GocT6Lg3D8d18Wisiqee1zLEF5Q5VyAwY-fO12MQweNBqnna-8tiFhkepoE2FlcDrxO_Frvy2ec4-_b8jnatN_KCcNNaug_QkN5sIRvFSccMlU8kgeebmSK5y9_eIw9mlQIgf-hkiRzQbl13m8enx3HxsVSwanVavnOPQ"}'
    headers:
      cache-control: no-cache
      content-length: '638'
      content-type: application/json; charset=utf-8
      date: Tue, 22 Mar 2022 23:27:04 GMT
      expires: '-1'
      pragma: no-cache
      strict-transport-security: max-age=31536000;includeSubDomains
      x-content-type-options: nosniff
      x-ms-keyvault-network-info: conn_type=Ipv4;addr=172.92.159.124;act_addr_fam=InterNetwork;
      x-ms-keyvault-rbac-assignment-id: 95a02d0c-52aa-59c1-8ea1-3849ee7c4bb5
      x-ms-keyvault-rbac-cache: ra_age=144;da_age=452;rd_age=452;brd_age=19009;ra_notif_age=170;dec_lev=1;
      x-ms-keyvault-region: westus2
      x-ms-keyvault-service-version: 1.9.331.5
      x-powered-by: ASP.NET
    status:
      code: 200
      message: OK
    url: https://malegerec.vault.azure.net/keys/livekvtestrsa-verify-3072777e1a7e/2e60462dbbdd4672b27c96d202088c46/sign?api-version=7.3
- request:
    body: '{"alg": "PS384", "value": "OnZY76NXJ8_MBkjnc9b9RiaL5OYscmrTal040wQuLFlRrnLvJFecIvZl2KjXqwVB"}'
    headers:
      Accept:
      - application/json
      Content-Length:
      - '93'
      Content-Type:
      - application/json
      User-Agent:
      - azsdk-python-keyvault-keys/4.5.0 Python/3.10.0 (Windows-10-10.0.22000-SP0)
    method: POST
    uri: https://vaultname.vault.azure.net/keys/livekvtestrsa-verify-3072777e1a7e/2e60462dbbdd4672b27c96d202088c46/sign?api-version=7.3
  response:
    body:
      string: '{"kid":"https://vaultname.vault.azure.net/keys/livekvtestrsa-verify-3072777e1a7e/2e60462dbbdd4672b27c96d202088c46","value":"0lFQeu8gX3OngjNlxKpu2uHaf2n5gUNGEC-qIJtcB44iZZ_rs-CVhZD3gFh1kcdZs3LVSymXTWe27lda1PNjLv3-JhzcMtDRW4KgEs9qXOjByGzfm3tONWlMs26cwEqFN7710dG4B6K_A8yCThkX4tjNGJk3ftP05g6x9Zqkqz76yv2veGucyotFAugzrTQ4yE5bK8chHgBoioTRAP9jUksL0-FjgnovkPWWeYhLm2B1z5NuYpbeOg7QIhABMn0SD8MscCxGZe-MScSqwU56-ngiDF5yxW2TuQbgi5iCZxHplvtIFnG9-tpEKRZOm10nRfL8nDvYDpy58DZLQTEjd-kKPSymEAbBEZj6KD1y76Kla2eE7l5MIYiAT3GvgXnRwfjVAntai_yuWe-GzFYK_YDK7QTA5q214VETQf8krqbboE9UeDNGHvKtqDG7unPJOaD4vQm3meC4HfW5rZxmMBXihgkVWJ7n-gnk6n96OKwktNXKkWUHi6UDzLKTprzM"}'
    headers:
      cache-control: no-cache
      content-length: '638'
      content-type: application/json; charset=utf-8
      date: Tue, 22 Mar 2022 23:27:04 GMT
      expires: '-1'
      pragma: no-cache
      strict-transport-security: max-age=31536000;includeSubDomains
      x-content-type-options: nosniff
      x-ms-keyvault-network-info: conn_type=Ipv4;addr=172.92.159.124;act_addr_fam=InterNetwork;
      x-ms-keyvault-rbac-assignment-id: 95a02d0c-52aa-59c1-8ea1-3849ee7c4bb5
      x-ms-keyvault-rbac-cache: ra_age=144;da_age=453;rd_age=453;brd_age=19009;ra_notif_age=170;dec_lev=0;
      x-ms-keyvault-region: westus2
      x-ms-keyvault-service-version: 1.9.331.5
      x-powered-by: ASP.NET
    status:
      code: 200
      message: OK
    url: https://malegerec.vault.azure.net/keys/livekvtestrsa-verify-3072777e1a7e/2e60462dbbdd4672b27c96d202088c46/sign?api-version=7.3
- request:
    body: '{"alg": "PS512", "value": "zZyL-eOHDnnq34aZaWgBMobx4x2Pm3mPRo4eqnRmLK6sE0jsXZFOFhMXaTcvILQxovTsMMh9JupeojYCnDvfrQ"}'
    headers:
      Accept:
      - application/json
      Content-Length:
      - '115'
      Content-Type:
      - application/json
      User-Agent:
      - azsdk-python-keyvault-keys/4.5.0 Python/3.10.0 (Windows-10-10.0.22000-SP0)
    method: POST
    uri: https://vaultname.vault.azure.net/keys/livekvtestrsa-verify-3072777e1a7e/2e60462dbbdd4672b27c96d202088c46/sign?api-version=7.3
  response:
    body:
      string: '{"kid":"https://vaultname.vault.azure.net/keys/livekvtestrsa-verify-3072777e1a7e/2e60462dbbdd4672b27c96d202088c46","value":"A1SN-AO9xQaLY3vNq4xCVlE2-aHy2juDbDdwZnYPaUuvvuRA4IJPkbbj3JBU_h4B3_U532KrEaAiHe2-g7naxdu38lcJftjzRdHFaOqL70gF3czVk78A_7m3_dGrWl5Q_1Fg33uJZlxbN3J1BBfW-EToTGD7urscA-MqH8C8-mEdwOl0rovEKHv7xbXN6q7b7lOMtw0M88ngi-12Be7DAvaaqn23I8Rspz2IvIdtsAPH3XXI2PvfjL64d8qTdba4c7hIMTPmm681kLBpM-_bLPdDlWFmD1rEv759n-IZ6CKJVIHC1PDQfAaragrAF2UMM3IhoR69gwUziX1tYyoU7J1Jiwiym6cRCbVzszjVHgCGKJm-2m-PnBUoGDAW44Tc9l0mXSfCAzCXIp-7IGJ9MTYBi54iQ3s-ps2hDcyPYyqjOpH2lx6Y8DDuAWzt_reBRFgDfX3WbsuBjj1Kw3yTtPbPe_oGr6QSPJ5ugpHBkHAayGC-m5Y5eluOjiXsblRZ"}'
    headers:
      cache-control: no-cache
      content-length: '638'
      content-type: application/json; charset=utf-8
      date: Tue, 22 Mar 2022 23:27:04 GMT
      expires: '-1'
      pragma: no-cache
      strict-transport-security: max-age=31536000;includeSubDomains
      x-content-type-options: nosniff
      x-ms-keyvault-network-info: conn_type=Ipv4;addr=172.92.159.124;act_addr_fam=InterNetwork;
      x-ms-keyvault-rbac-assignment-id: 95a02d0c-52aa-59c1-8ea1-3849ee7c4bb5
      x-ms-keyvault-rbac-cache: ra_age=144;da_age=453;rd_age=453;brd_age=19009;ra_notif_age=170;dec_lev=0;
      x-ms-keyvault-region: westus2
      x-ms-keyvault-service-version: 1.9.331.5
      x-powered-by: ASP.NET
    status:
      code: 200
      message: OK
    url: https://malegerec.vault.azure.net/keys/livekvtestrsa-verify-3072777e1a7e/2e60462dbbdd4672b27c96d202088c46/sign?api-version=7.3
- request:
    body: '{"alg": "RS256", "value": "vgZc0NQUb6WMKX___V2JntcFRO_vszKwSAj7R2rL1zg"}'
    headers:
      Accept:
      - application/json
      Content-Length:
      - '72'
      Content-Type:
      - application/json
      User-Agent:
      - azsdk-python-keyvault-keys/4.5.0 Python/3.10.0 (Windows-10-10.0.22000-SP0)
    method: POST
    uri: https://vaultname.vault.azure.net/keys/livekvtestrsa-verify-3072777e1a7e/2e60462dbbdd4672b27c96d202088c46/sign?api-version=7.3
  response:
    body:
      string: '{"kid":"https://vaultname.vault.azure.net/keys/livekvtestrsa-verify-3072777e1a7e/2e60462dbbdd4672b27c96d202088c46","value":"dnDdvbZq4L0FECGDGOj2rvuVVpaqcp_ShT0gF5GEFCaF6ZTKNWifB06HVpLT0aFBPp1rf0WFnc6rbkoB8HHqG3WX8K0or8_9cgUXRJMdwryBrAbIMuGlSHyKv9KAl0SL5mJWwWLEk58uCAVCnEQmSar0kliO6iApV0jpksBfJIPWLyQ5Mg1uArhGbmpjDaoeOGAyDAbE9w7IMFiQDsD-nvnbTxIru1gy-IAbsESY7ydd4pwr96UowMq4W3TXo3DYCBqqMTrOO0HK31v27UdUyldot4ALSjQM8k7ZXODaupgD6VCDicYrVmQZU2uAI7lhqn90woxkSOi55OA2M4qXK7eyynmCGGyVYdmcdu6KAVmArkWc4flfARxM8hvm9wLoyXaFyC_IcPFELh1ae1n9EFHziNxTmoTqFq9b-UJ6UZZWtN-FL7wO4VQ_5YPE_oi_mOVORIflRVdbrzoBN5ePNrFPvrFLpFwWfBNt5okL_-mIXTWtC57Tx34clgKDQ2Et"}'
    headers:
      cache-control: no-cache
      content-length: '638'
      content-type: application/json; charset=utf-8
      date: Tue, 22 Mar 2022 23:27:04 GMT
      expires: '-1'
      pragma: no-cache
      strict-transport-security: max-age=31536000;includeSubDomains
      x-content-type-options: nosniff
      x-ms-keyvault-network-info: conn_type=Ipv4;addr=172.92.159.124;act_addr_fam=InterNetwork;
      x-ms-keyvault-rbac-assignment-id: 95a02d0c-52aa-59c1-8ea1-3849ee7c4bb5
      x-ms-keyvault-rbac-cache: ra_age=144;da_age=453;rd_age=453;brd_age=19009;ra_notif_age=170;dec_lev=0;
      x-ms-keyvault-region: westus2
      x-ms-keyvault-service-version: 1.9.331.5
      x-powered-by: ASP.NET
    status:
      code: 200
      message: OK
    url: https://malegerec.vault.azure.net/keys/livekvtestrsa-verify-3072777e1a7e/2e60462dbbdd4672b27c96d202088c46/sign?api-version=7.3
- request:
    body: '{"alg": "RS384", "value": "OnZY76NXJ8_MBkjnc9b9RiaL5OYscmrTal040wQuLFlRrnLvJFecIvZl2KjXqwVB"}'
    headers:
      Accept:
      - application/json
      Content-Length:
      - '93'
      Content-Type:
      - application/json
      User-Agent:
      - azsdk-python-keyvault-keys/4.5.0 Python/3.10.0 (Windows-10-10.0.22000-SP0)
    method: POST
    uri: https://vaultname.vault.azure.net/keys/livekvtestrsa-verify-3072777e1a7e/2e60462dbbdd4672b27c96d202088c46/sign?api-version=7.3
  response:
    body:
      string: '{"kid":"https://vaultname.vault.azure.net/keys/livekvtestrsa-verify-3072777e1a7e/2e60462dbbdd4672b27c96d202088c46","value":"iWcWev6aA_4Iy4t7saWrk0gH9-UWQoQNL5NFwrDOzlEfM0BiyIpxqPu_ZTWfSb90lqHwMUu3tY0xZf0R99rT5mJvOz8xSPu28UhjOla3wmL3pOnHgM_H0g8PVg8V5em3o-_PjwUQ-OWxrSMj_yqrrswa130c1oH65qL2AUNsOKDvQ4G793zV0tAk3LQHQpXjnF_dlsm4vWuGeUmOv4MakAolI41YQsnaWGiNrtRTMS8viDuYN1SRodlzO7-afbNFww_aACAwgKdt06tGxIQiJ5NIzigrs0opPrCBa656tr2Qqr6jyzXk_63pZwq97894B1pweVi6qOzRt9FC9n8F8W0lSf9XWCTr7CCJjeHHTSe7DFuaziggESa8klRkq65S_R_1tNOycgzk-9cuZnRRoxO9rUoiuae0u1UuCayI-RQZ1PKthOKWJHI8X_msROmaYa3BtwuA0fDpR9H7vduGgQG6L87kI1Pduh8fyv4WdxLVav50sGQdEBAuyPKAC1RN"}'
    headers:
      cache-control: no-cache
      content-length: '638'
      content-type: application/json; charset=utf-8
      date: Tue, 22 Mar 2022 23:27:04 GMT
      expires: '-1'
      pragma: no-cache
      strict-transport-security: max-age=31536000;includeSubDomains
      x-content-type-options: nosniff
      x-ms-keyvault-network-info: conn_type=Ipv4;addr=172.92.159.124;act_addr_fam=InterNetwork;
      x-ms-keyvault-rbac-assignment-id: 95a02d0c-52aa-59c1-8ea1-3849ee7c4bb5
      x-ms-keyvault-rbac-cache: ra_age=144;da_age=453;rd_age=453;brd_age=19009;ra_notif_age=170;dec_lev=0;
      x-ms-keyvault-region: westus2
      x-ms-keyvault-service-version: 1.9.331.5
      x-powered-by: ASP.NET
    status:
      code: 200
      message: OK
    url: https://malegerec.vault.azure.net/keys/livekvtestrsa-verify-3072777e1a7e/2e60462dbbdd4672b27c96d202088c46/sign?api-version=7.3
- request:
    body: '{"alg": "RS512", "value": "zZyL-eOHDnnq34aZaWgBMobx4x2Pm3mPRo4eqnRmLK6sE0jsXZFOFhMXaTcvILQxovTsMMh9JupeojYCnDvfrQ"}'
    headers:
      Accept:
      - application/json
      Content-Length:
      - '115'
      Content-Type:
      - application/json
      User-Agent:
      - azsdk-python-keyvault-keys/4.5.0 Python/3.10.0 (Windows-10-10.0.22000-SP0)
    method: POST
    uri: https://vaultname.vault.azure.net/keys/livekvtestrsa-verify-3072777e1a7e/2e60462dbbdd4672b27c96d202088c46/sign?api-version=7.3
  response:
    body:
      string: '{"kid":"https://vaultname.vault.azure.net/keys/livekvtestrsa-verify-3072777e1a7e/2e60462dbbdd4672b27c96d202088c46","value":"dqhPv5x_mqS324vHB0OtMb8duzqYpEi8VF9QdEzGa16GFwYt0TJgBbzIj3SgDnyQ8IW6u5jHp3Lvf2VAkX-Dqq1Q65zfnJoOpe_wZFgOkVSc3jNSkz9GPqNpha3rjxLVUYZSSGb34k3Fhy3xFX6yUOJA23CeXNQ7HwYT0PgsTnp7NmcbTtVcPe4A6EQkrMKWXT2V0sdlaL5N1dVs6jSxvEnEMAI94PUfFSx7ogf_DP5aa6SdBHjEg2QxGK_ttD1AaXP382nK0eapM1uYpbHgs1IWQZBUsMwNBTW7TT1wHhUPJZf7W0w5DMkpwsid08MiUlK__CNRoxwbmdvtZs_4I4uNu-DMpsVMX1z5HMLjiw-zY2gEBXTx7NnsmbIpl6XahZuU9wTpmraRj5I5bj-seKf6g2pUhoJZ2SM6MO_oT7XVKIP3ZeRCSrYxD6MHDS2M0EhYlhKQ6J9s6po2KOxLSPuleAXBYD48j0UDG3hyVY0u6u9qIpIncTNmKj4DWRk2"}'
    headers:
      cache-control: no-cache
      content-length: '638'
      content-type: application/json; charset=utf-8
      date: Tue, 22 Mar 2022 23:27:04 GMT
      expires: '-1'
      pragma: no-cache
      strict-transport-security: max-age=31536000;includeSubDomains
      x-content-type-options: nosniff
      x-ms-keyvault-network-info: conn_type=Ipv4;addr=172.92.159.124;act_addr_fam=InterNetwork;
      x-ms-keyvault-rbac-assignment-id: 95a02d0c-52aa-59c1-8ea1-3849ee7c4bb5
      x-ms-keyvault-rbac-cache: ra_age=144;da_age=453;rd_age=453;brd_age=19010;ra_notif_age=170;dec_lev=0;
      x-ms-keyvault-region: westus2
      x-ms-keyvault-service-version: 1.9.331.5
      x-powered-by: ASP.NET
    status:
      code: 200
      message: OK
    url: https://malegerec.vault.azure.net/keys/livekvtestrsa-verify-3072777e1a7e/2e60462dbbdd4672b27c96d202088c46/sign?api-version=7.3
- request:
    body: '{"kty": "RSA", "key_size": 4096}'
    headers:
      Accept:
      - application/json
      Content-Length:
      - '32'
      Content-Type:
      - application/json
      User-Agent:
      - azsdk-python-keyvault-keys/4.5.0 Python/3.10.0 (Windows-10-10.0.22000-SP0)
    method: POST
    uri: https://vaultname.vault.azure.net/keys/livekvtestrsa-verify-4096777e1a7e/create?api-version=7.3
  response:
    body:
      string: '{"key":{"kid":"https://vaultname.vault.azure.net/keys/livekvtestrsa-verify-4096777e1a7e/511cc5141dbc4d18971eae84b19ee1c6","kty":"RSA","key_ops":["encrypt","decrypt","sign","verify","wrapKey","unwrapKey"],"n":"rTWFA0sxLiqmqdzXlfaKPuQAfq0PvfrQGJ-eSt3UsIgM0jD0LLxLXjosH9wkYezBXj5UdXu9M2uWjo_YNT8j6HN_ZeCG3L_w5qQ46HJcxdHMIW8K93WZ2ezeLPM9851c-4DW9ufnwst6IWDCpCT7uBnRRmG50Bn60uElWOb2xDFnlA7vGhA7l2KGTwW4K_QNMKO5EXvhCTGwhkQLm_En9PwB4jJxD7fqcpzC-6Mevf1eL7HEUZJFwdVWbAwkDRTYh9nqBN0y0GJZc9HkStvSvcd3CZ8VU6ENvMyo5E999zqlBaqNMn4ZMNwUeIAZjHGtdHPG9pPMMcfJRf6swLSKDKm2WtQ0JmPQ2OXEmgrFbAyEi7k9pb1jzZM3iTwhMXxUuWbBHxpNdo-5QtSaxODZAW1MMSTTnQbxVTaVogQfUcza9XfB3-8-CWeRmNSd7mKEmsxgl70eq3hjAHW8iH0VAl4Bwo_unrYXFhigppx2cA2yEAzE96GUwuLLm3x3o6Z_dApqSZlu4zzYC5XjGn2o5nRilLZFB1g7275qJwpxb5BdSogc-pGyTdFbjlWQc21gtlTlVyXQKvUHwG_y2M-Ds1vbqrTydDa48ETEUrPgtM-Zyz9OagYWXcm9MdgOTxHvsEp-DNksggOxRYAnj0j5UPXjmYKwry14J_3zbr-0rGE","e":"AQAB"},"attributes":{"enabled":true,"created":1647991627,"updated":1647991627,"recoveryLevel":"CustomizedRecoverable+Purgeable","recoverableDays":7}}'
    headers:
      cache-control: no-cache
      content-length: '1048'
      content-type: application/json; charset=utf-8
      date: Tue, 22 Mar 2022 23:27:08 GMT
      expires: '-1'
      pragma: no-cache
      strict-transport-security: max-age=31536000;includeSubDomains
      x-content-type-options: nosniff
      x-ms-keyvault-network-info: conn_type=Ipv4;addr=172.92.159.124;act_addr_fam=InterNetwork;
      x-ms-keyvault-rbac-assignment-id: 95a02d0c-52aa-59c1-8ea1-3849ee7c4bb5
      x-ms-keyvault-rbac-cache: ra_age=146;da_age=455;rd_age=455;brd_age=19012;ra_notif_age=172;dec_lev=1;
      x-ms-keyvault-region: westus2
      x-ms-keyvault-service-version: 1.9.331.5
      x-powered-by: ASP.NET
    status:
      code: 200
      message: OK
    url: https://malegerec.vault.azure.net/keys/livekvtestrsa-verify-4096777e1a7e/create?api-version=7.3
- request:
    body: '{"alg": "PS256", "value": "vgZc0NQUb6WMKX___V2JntcFRO_vszKwSAj7R2rL1zg"}'
    headers:
      Accept:
      - application/json
      Content-Length:
      - '72'
      Content-Type:
      - application/json
      User-Agent:
      - azsdk-python-keyvault-keys/4.5.0 Python/3.10.0 (Windows-10-10.0.22000-SP0)
    method: POST
    uri: https://vaultname.vault.azure.net/keys/livekvtestrsa-verify-4096777e1a7e/511cc5141dbc4d18971eae84b19ee1c6/sign?api-version=7.3
  response:
    body:
      string: '{"kid":"https://vaultname.vault.azure.net/keys/livekvtestrsa-verify-4096777e1a7e/511cc5141dbc4d18971eae84b19ee1c6","value":"EunY9M8L-Xrs5eNN1nf8bMC7ND2lmJvX7VJBkxNPnwI65GLA1hc-GskJ-t6BxjKVJMsy7rY9BBJ0WVLCM4Upq5ssqgd53__oo4WrYDNSjK7_nvlFwNhHh037gw_UZA9qNsxSxC6xUb0hpmhVc-dMrSIEAJrS5TCGeVFboLqOKLPqpSUHgAGmZvjcAq30X29QmJ_KcMoGa1rajWvsUN2BiLTOP-K-ReK-_Iu6gL2c8AWudMibVJFadhRsMVELEZkMOGkToB5CLDydXbyoXAUW8xAjFDgQllBI5CWLZHJmKnPRe22f6C4rgC2QfNWkeNv1KBW3gcikenp7PZd2NvBx-jgIJlgTyE-JUqNzeG_UNhk5wR0WOxaR27f5twFxN9K9N0x67jwFeqSgsKoa6222aXuj2g7Mh4KtTrWWKpPVzzeqG2vZpJCOmQSgUsY7tTqR-5xBHTdng0cqGPlDah4wDBB0wzPU0BSGVjSVGfeC1DiZTD8e5_YV4IwqfLctZtLgIVsEiI9LCLyA01atqcLInC5Njeb2d-P1HUa8kqMfRnQO3P1jJ5xOGKGeopjaO3PmOERhh5cwmKSeYkl00iLrdyxLlEkcvRnGtO6oSNBIfVjsneKav2zzkACBGCQ1GNpuT3versYtEf36jIkeBE2DFU-eV9vDFx8dZ52cYuHOQnU"}'
    headers:
      cache-control: no-cache
      content-length: '809'
      content-type: application/json; charset=utf-8
      date: Tue, 22 Mar 2022 23:27:08 GMT
      expires: '-1'
      pragma: no-cache
      strict-transport-security: max-age=31536000;includeSubDomains
      x-content-type-options: nosniff
      x-ms-keyvault-network-info: conn_type=Ipv4;addr=172.92.159.124;act_addr_fam=InterNetwork;
      x-ms-keyvault-rbac-assignment-id: 95a02d0c-52aa-59c1-8ea1-3849ee7c4bb5
      x-ms-keyvault-rbac-cache: ra_age=148;da_age=457;rd_age=457;brd_age=19014;ra_notif_age=174;dec_lev=2;
      x-ms-keyvault-region: westus2
      x-ms-keyvault-service-version: 1.9.331.5
      x-powered-by: ASP.NET
    status:
      code: 200
      message: OK
    url: https://malegerec.vault.azure.net/keys/livekvtestrsa-verify-4096777e1a7e/511cc5141dbc4d18971eae84b19ee1c6/sign?api-version=7.3
- request:
    body: '{"alg": "PS384", "value": "OnZY76NXJ8_MBkjnc9b9RiaL5OYscmrTal040wQuLFlRrnLvJFecIvZl2KjXqwVB"}'
    headers:
      Accept:
      - application/json
      Content-Length:
      - '93'
      Content-Type:
      - application/json
      User-Agent:
      - azsdk-python-keyvault-keys/4.5.0 Python/3.10.0 (Windows-10-10.0.22000-SP0)
    method: POST
    uri: https://vaultname.vault.azure.net/keys/livekvtestrsa-verify-4096777e1a7e/511cc5141dbc4d18971eae84b19ee1c6/sign?api-version=7.3
  response:
    body:
      string: '{"kid":"https://vaultname.vault.azure.net/keys/livekvtestrsa-verify-4096777e1a7e/511cc5141dbc4d18971eae84b19ee1c6","value":"ZSPhYpNfwTDhkGitY1V0UwZQDQJ0KY_TdAZMCNX7AIjFF5Hyqwv-5TaPDiyy4POwiSnrgJH8hEfgA3mV8ZpbXs0dEyv4nrJFExwpjCF2oO4XTs_LBrijdzoFl08BUelPUgqkkUhgHGiZ-PuJdA5Iix_MxSZqvHcK4DMAatQ9yQaxjNxUQNhGgkeL9Ui3PAp4iJemyG0VjOuBnlPgwgsPm6en26PFohjdOUfxJzW6RRRIBN4Ytr1gPE8vLHwkc2upf75sLgpE_84J8IGO1J_ZKe42GLXUtQLl1xAdkqpw2pxIIycu3BNrjKVIOAsXKFgt3ze_Q9NxiYI1dfGOuuud4gJ3WxBS2xlvEM1C7JTO_4DaOg1d1p3M-f96-ZxAmH_n7BU873pGPddnHzR7j58PnWAA6Dp9m-7WPkOp66-c4jyK7nkI8_Zv-nkZmP0cVxg2jR8rigOP_tOhZ6E-yafdeWiK0qiEXRINrOxzcz8HC3PSiFLRwNFfmvpOT8NnD_Qw8K8aSDvWoR_tbbSdiXuZC7caQmOfsmX-rp0O-9Up7MbhlIIhiHHKfAfxJxUsn5OvLukxZmUrO7HrbPcsXZjhZMqoLX9dllyMD4i1ixa4Q4F4wr3b0YFqCPwRWlHmh0bzQ74VDQMYheR8l2aXA8wgjt6UBnsMzEcskgTQm8fFJMI"}'
    headers:
      cache-control: no-cache
      content-length: '809'
      content-type: application/json; charset=utf-8
      date: Tue, 22 Mar 2022 23:27:08 GMT
      expires: '-1'
      pragma: no-cache
      strict-transport-security: max-age=31536000;includeSubDomains
      x-content-type-options: nosniff
      x-ms-keyvault-network-info: conn_type=Ipv4;addr=172.92.159.124;act_addr_fam=InterNetwork;
      x-ms-keyvault-rbac-assignment-id: 95a02d0c-52aa-59c1-8ea1-3849ee7c4bb5
      x-ms-keyvault-rbac-cache: ra_age=148;da_age=457;rd_age=457;brd_age=19014;ra_notif_age=174;dec_lev=0;
      x-ms-keyvault-region: westus2
      x-ms-keyvault-service-version: 1.9.331.5
      x-powered-by: ASP.NET
    status:
      code: 200
      message: OK
    url: https://malegerec.vault.azure.net/keys/livekvtestrsa-verify-4096777e1a7e/511cc5141dbc4d18971eae84b19ee1c6/sign?api-version=7.3
- request:
    body: '{"alg": "PS512", "value": "zZyL-eOHDnnq34aZaWgBMobx4x2Pm3mPRo4eqnRmLK6sE0jsXZFOFhMXaTcvILQxovTsMMh9JupeojYCnDvfrQ"}'
    headers:
      Accept:
      - application/json
      Content-Length:
      - '115'
      Content-Type:
      - application/json
      User-Agent:
      - azsdk-python-keyvault-keys/4.5.0 Python/3.10.0 (Windows-10-10.0.22000-SP0)
    method: POST
    uri: https://vaultname.vault.azure.net/keys/livekvtestrsa-verify-4096777e1a7e/511cc5141dbc4d18971eae84b19ee1c6/sign?api-version=7.3
  response:
    body:
      string: '{"kid":"https://vaultname.vault.azure.net/keys/livekvtestrsa-verify-4096777e1a7e/511cc5141dbc4d18971eae84b19ee1c6","value":"Xrzf7UzZrhhUDj1yt5nvClcqckf5Up1KnjWM7aLhNH85cVullkunAxl3CmK_i1W4f437HnJrcfW3Znftbs9I1m4S9DSbmuOzQ1ohm4lU0A_GfaJfQW_59YkZ5pc1T7OGXivNQ2gQGnR-0L5iZ-i4kdUlOBW7AbixBnJOM4_a6DVrEhYEMMzULae1Bfd0fX64_bnQV93GzG2Py_w9jaf1Z4qv1_nDGOFLvERqwdysf-9ZJEvEBxgl6M7EWSI0btLxJa7muCsNso_H04JcDodrXp_6bnhjnQ5QXTbySGHJ7MhZFUuaXk7o3WBDQ7bPxlhb0UyLd1vkqSVJ5zNlmYcf8JC2j4MzwhMLvBegZ6zc20vlqv65OdMVEAIdy5C1Gf1RNTtjqQGx9HmAnZTcn3TFRMthK1oPQ7OlSVNmSDDH2fb07vjtiwWUjQBVhOsEOpMk_zqzC5oZEyfA7zkrfbogzO3yy_skOe-YS5gP59kCZXnn2GHTRhsjdSSsNg9V_cdXCHsv6Pg7ZyAL4fcp3_-r21-GhwRYcZ6t06mMwZkIWj46JHBubeIqpVXAc0oe39ShyQQs-ojC_dKUHW1-Nr_7cDOYaDG_Gw5dEN6NMvJBoba-EN9mvY8ZCX--E12Ahd_Y3-JBYMGS23MMkxl7Ojf-BOzBEXxOL-nI_7BoB1FiHQE"}'
    headers:
      cache-control: no-cache
      content-length: '809'
      content-type: application/json; charset=utf-8
      date: Tue, 22 Mar 2022 23:27:09 GMT
      expires: '-1'
      pragma: no-cache
      strict-transport-security: max-age=31536000;includeSubDomains
      x-content-type-options: nosniff
      x-ms-keyvault-network-info: conn_type=Ipv4;addr=172.92.159.124;act_addr_fam=InterNetwork;
      x-ms-keyvault-rbac-assignment-id: 95a02d0c-52aa-59c1-8ea1-3849ee7c4bb5
      x-ms-keyvault-rbac-cache: ra_age=148;da_age=457;rd_age=457;brd_age=19014;ra_notif_age=174;dec_lev=0;
      x-ms-keyvault-region: westus2
      x-ms-keyvault-service-version: 1.9.331.5
      x-powered-by: ASP.NET
    status:
      code: 200
      message: OK
    url: https://malegerec.vault.azure.net/keys/livekvtestrsa-verify-4096777e1a7e/511cc5141dbc4d18971eae84b19ee1c6/sign?api-version=7.3
- request:
    body: '{"alg": "RS256", "value": "vgZc0NQUb6WMKX___V2JntcFRO_vszKwSAj7R2rL1zg"}'
    headers:
      Accept:
      - application/json
      Content-Length:
      - '72'
      Content-Type:
      - application/json
      User-Agent:
      - azsdk-python-keyvault-keys/4.5.0 Python/3.10.0 (Windows-10-10.0.22000-SP0)
    method: POST
    uri: https://vaultname.vault.azure.net/keys/livekvtestrsa-verify-4096777e1a7e/511cc5141dbc4d18971eae84b19ee1c6/sign?api-version=7.3
  response:
    body:
      string: '{"kid":"https://vaultname.vault.azure.net/keys/livekvtestrsa-verify-4096777e1a7e/511cc5141dbc4d18971eae84b19ee1c6","value":"fCvjnxfqNcmXiFpHj9_dZNAXuOezyeNjU6jNY9bfiExrs8ArSoX9balQw00xAn_CBi3ySkOSMKQqk-4V_67hiZYWiQvme08XJm3b2uOg1mFZwP7xJpPC3EnQc_irFd97mgQSNKY-GwWU4nyFJO56lhoJ7IiLSvr801IgfHvl5uI00K7xdFpq6lHh9mtgyyKE2AUoGaE9fGrrkkN5HUFVcZGoXSLScz16LMAImYj0AfXPUW1h0nbHaPgVBK7DfAOHRE4-jT_ECQTjSANGtW4LLHG5OZGH9xCJrLaqRPvbw9G1W4y_KBMxI2AuHE2uahQJQMbg8DlkEsNl8iejI9vjX5vFjvdApA9ytskXEYhXQY4XTC92aJQG4WG0wcDRNFshXEhztae26RitRIfK1tXGq_zIF6PLA4DynmJAGkwiu7Vj63IQlFkq5-8waJYROmlXut1ACqoN3V369cU2gquEKPrcOefVu7IvGlbkoWQNeltuSGBEXQTA4J6E1AWeUTibwUYkierT01qf3PrqHCMbsMs0EiNQIeHrtRV5j8wCsFvnmAtbBpKsX1lQfgt_aYfdpxEFGZHRH7pRnU9sKQ_l4Q2slDk_LHmU168FsHDyl2RwnUv-ZP1ESoU4PvvdmWFY80R7sUifbYpV5GLXCZzla6GXHHCixDDUp4kuXHjy9Go"}'
    headers:
      cache-control: no-cache
      content-length: '809'
      content-type: application/json; charset=utf-8
      date: Tue, 22 Mar 2022 23:27:09 GMT
      expires: '-1'
      pragma: no-cache
      strict-transport-security: max-age=31536000;includeSubDomains
      x-content-type-options: nosniff
      x-ms-keyvault-network-info: conn_type=Ipv4;addr=172.92.159.124;act_addr_fam=InterNetwork;
      x-ms-keyvault-rbac-assignment-id: 95a02d0c-52aa-59c1-8ea1-3849ee7c4bb5
      x-ms-keyvault-rbac-cache: ra_age=148;da_age=457;rd_age=457;brd_age=19014;ra_notif_age=174;dec_lev=0;
      x-ms-keyvault-region: westus2
      x-ms-keyvault-service-version: 1.9.331.5
      x-powered-by: ASP.NET
    status:
      code: 200
      message: OK
    url: https://malegerec.vault.azure.net/keys/livekvtestrsa-verify-4096777e1a7e/511cc5141dbc4d18971eae84b19ee1c6/sign?api-version=7.3
- request:
    body: '{"alg": "RS384", "value": "OnZY76NXJ8_MBkjnc9b9RiaL5OYscmrTal040wQuLFlRrnLvJFecIvZl2KjXqwVB"}'
    headers:
      Accept:
      - application/json
      Content-Length:
      - '93'
      Content-Type:
      - application/json
      User-Agent:
      - azsdk-python-keyvault-keys/4.5.0 Python/3.10.0 (Windows-10-10.0.22000-SP0)
    method: POST
    uri: https://vaultname.vault.azure.net/keys/livekvtestrsa-verify-4096777e1a7e/511cc5141dbc4d18971eae84b19ee1c6/sign?api-version=7.3
  response:
    body:
      string: '{"kid":"https://vaultname.vault.azure.net/keys/livekvtestrsa-verify-4096777e1a7e/511cc5141dbc4d18971eae84b19ee1c6","value":"jCu7fm-7sYgQBNxTWrQQXJmWVRZa0GHyuz_Jv_mymnVvlrpVb3m97D5dXmFehRkQ3Aj3vnWOee1tn13gBEcIwK6j_H-dP3L6ynPEBgfCt5bhTAKFmM8m8UxjKv6bTkVByiImNL2g5vRD7VKI9aQa_ggZmPId2dX6XIR4mQiy-DLWWyZSZIiu652C01E21jr_GzbU2ZJxlsG1GU3jaVWM8MASrflJrXI-wfTRZr_YE-8HslQnPRCelFddnP3zGLFw6zh12cf3uFaPNEL885BaKCotBs-atCOffX_TCGHqOa1_BcI2KvzzjrQEoeOVt8onWd1QtF3r1Daf2Vm5E0nyqZafVfrxFIf9gcTFJe8xgZWkoot7c7sVGWrgATJHpZxng1j6AugZLbnX_pvZ-pcyQI3HfMpTJzZViPWPSQasboHJfEhvJlWDnOIQJJj7dc9y041_NDKLpfYsAhdb0pFIRXeXPzrmTQRHqM7z16s4GlN4xK4nss-7NCEb04Fde7R4fnGyP_jOYLHttoWvWehmVyy6db4z3EwK0PrN4g3piPgIRzASpnGVrbV-bkxq956riGGFC7bn5BKDPbDS9N_nxJXsMSTt6_2l5rvFdm_SM6HGegQ8L_xKzyJctsF3xbRsxD30c8SrS2djRciVXWDOms5bAx97_OVt-ZOC4hChvQ4"}'
    headers:
      cache-control: no-cache
      content-length: '809'
      content-type: application/json; charset=utf-8
      date: Tue, 22 Mar 2022 23:27:09 GMT
      expires: '-1'
      pragma: no-cache
      strict-transport-security: max-age=31536000;includeSubDomains
      x-content-type-options: nosniff
      x-ms-keyvault-network-info: conn_type=Ipv4;addr=172.92.159.124;act_addr_fam=InterNetwork;
      x-ms-keyvault-rbac-assignment-id: 95a02d0c-52aa-59c1-8ea1-3849ee7c4bb5
      x-ms-keyvault-rbac-cache: ra_age=148;da_age=457;rd_age=457;brd_age=19014;ra_notif_age=174;dec_lev=0;
      x-ms-keyvault-region: westus2
      x-ms-keyvault-service-version: 1.9.331.5
      x-powered-by: ASP.NET
    status:
      code: 200
      message: OK
    url: https://malegerec.vault.azure.net/keys/livekvtestrsa-verify-4096777e1a7e/511cc5141dbc4d18971eae84b19ee1c6/sign?api-version=7.3
- request:
    body: '{"alg": "RS512", "value": "zZyL-eOHDnnq34aZaWgBMobx4x2Pm3mPRo4eqnRmLK6sE0jsXZFOFhMXaTcvILQxovTsMMh9JupeojYCnDvfrQ"}'
    headers:
      Accept:
      - application/json
      Content-Length:
      - '115'
      Content-Type:
      - application/json
      User-Agent:
      - azsdk-python-keyvault-keys/4.5.0 Python/3.10.0 (Windows-10-10.0.22000-SP0)
    method: POST
    uri: https://vaultname.vault.azure.net/keys/livekvtestrsa-verify-4096777e1a7e/511cc5141dbc4d18971eae84b19ee1c6/sign?api-version=7.3
  response:
    body:
      string: '{"kid":"https://vaultname.vault.azure.net/keys/livekvtestrsa-verify-4096777e1a7e/511cc5141dbc4d18971eae84b19ee1c6","value":"L-ij5TqVfavDjYnRHDP4kjniiO_iwwWjxGSbmyl1nie5qLmWeauBDOC-FGrYgEAZPswyLuqxQ4Y7XeFBY9rStQXAoRuvDfwsiriOHtboQWJQ7ot-sG8m0v4itm-QpR7YkeE_UZ8RXlVlXOjfHnBGqldj7FUKn0JFrJYWKEZ8yHLohobUZQdLERBC76vZ99PWNQqHTticWb3JTyJTVBCFIL16wN2qk4eipzw5To_vDuJe2G-TFcBzZmolpOr0xVLZq6pO_Uwf7gnwgy7VwnbjVfBRfMjrWaHOKkSh5GuV2yHu8JaGyShZjM0BJGWHkWP_homrs7QlTtECGiFu7IRa3vt6VnMrgXIGp7l79A7817Ky_-QjWzvkTAfZsbfuRcx85WK5cnAtSmCFwfUPqZfhHOUm1iCQsN8GHGscNdKMYsDPb-BedqM5pCMdF1uAPnPcM-QoLnwYyxSi-yX6IGjATO_HStNK2UfRFTsyU-P5JY3AUPi6qZHg4ycSWS0hZC7pC56fgz09f2h6lQpKjI0XEEM4iH3IJB8rJrM4GY_EYWT6iBnK7TIJD5OpUUf0QuieL9F1aLez-NhI14TJtvSq4wlYrPpGULfEr8510k8PR6gDQl_eU-aj8M8iDeK2QgUoybWdrCUVWXxDjC224jDK__vEenEL0roMWfsVuAr2wDw"}'
    headers:
      cache-control: no-cache
      content-length: '809'
      content-type: application/json; charset=utf-8
      date: Tue, 22 Mar 2022 23:27:09 GMT
      expires: '-1'
      pragma: no-cache
      strict-transport-security: max-age=31536000;includeSubDomains
      x-content-type-options: nosniff
      x-ms-keyvault-network-info: conn_type=Ipv4;addr=172.92.159.124;act_addr_fam=InterNetwork;
      x-ms-keyvault-rbac-assignment-id: 95a02d0c-52aa-59c1-8ea1-3849ee7c4bb5
      x-ms-keyvault-rbac-cache: ra_age=148;da_age=457;rd_age=457;brd_age=19014;ra_notif_age=174;dec_lev=0;
      x-ms-keyvault-region: westus2
      x-ms-keyvault-service-version: 1.9.331.5
      x-powered-by: ASP.NET
    status:
      code: 200
      message: OK
    url: https://malegerec.vault.azure.net/keys/livekvtestrsa-verify-4096777e1a7e/511cc5141dbc4d18971eae84b19ee1c6/sign?api-version=7.3
version: 1
