interactions:
- request:
    body: null
    headers:
      Accept: [application/json]
      Content-Length: ['0']
      Content-Type: [application/json; charset=utf-8]
      User-Agent: [azsdk-python-keyvault-keys/4.0.0b2 Python/3.6.6 (Windows-10-10.0.18362-SP0)]
    method: POST
    uri: https://vaultaxnjywktbxaf9e12b1.vault.azure.net/keys/keywrapaf9e12b1/create?api-version=7.0
  response:
    body: {string: '{"error":{"code":"Unauthorized","message":"Request is missing
        a Bearer or PoP token."}}'}
    headers: {cache-control: no-cache, content-length: '87', content-type: application/json;
        charset=utf-8, date: 'Tue, 27 Aug 2019 21:26:33 GMT', expires: '-1', pragma: no-cache,
      server: Microsoft-IIS/10.0, strict-transport-security: max-age=31536000;includeSubDomains,
      www-authenticate: 'Bearer authorization="https://login.windows.net/72f988bf-86f1-41af-91ab-2d7cd011db47",
        resource="https://vault.azure.net"', x-aspnet-version: 4.0.30319, x-content-type-options: nosniff,
      x-ms-keyvault-network-info: addr=131.107.160.72;act_addr_fam=InterNetwork;,
      x-ms-keyvault-region: westus, x-ms-keyvault-service-version: 1.1.0.876, x-powered-by: ASP.NET}
    status: {code: 401, message: Unauthorized}
    url: !!python/object/new:yarl.URL
      state: !!python/tuple
      - !!python/object/new:urllib.parse.SplitResult [https, vaultaxnjywktbxaf9e12b1.vault.azure.net,
        /keys/keywrapaf9e12b1/create, api-version=7.0, '']
- request:
    body: '{"kty": "RSA"}'
    headers:
      Accept: [application/json]
      Content-Length: ['14']
      Content-Type: [application/json; charset=utf-8]
      User-Agent: [azsdk-python-keyvault-keys/4.0.0b2 Python/3.6.6 (Windows-10-10.0.18362-SP0)]
    method: POST
    uri: https://vaultaxnjywktbxaf9e12b1.vault.azure.net/keys/keywrapaf9e12b1/create?api-version=7.0
  response:
    body: {string: '{"key":{"kid":"https://vaultaxnjywktbxaf9e12b1.vault.azure.net/keys/keywrapaf9e12b1/7bbf92e99e4f4f4893f1c6fdd7b409f8","kty":"RSA","key_ops":["encrypt","decrypt","sign","verify","wrapKey","unwrapKey"],"n":"yr_tBptHSomudxkPU2jEZRnQP28qh4-etlWsOrQhkr94lBdrn0hKjAt76KxE12pTP51jWXZY-zp5d0N36Gf6ZZdtZ_J6t3kJknZm1fXcr-kOPTbvhn0bocPeb1Ahn9XujeIMGyQMCQgazakVEOvLKmlR6sq86IbCKXIMt343VtU6dQS4bZBy8UYoCflifp9LO-ywzb7WIEPlH5fSZf5J82WzwV9a-ns158_NZlw2LsDOVbv5SThnG_s7dgZbcDcNazu7UMedmQR9gvKSxQnTlQw1Kr4RkGwsYv4jO1mx7zI0bNrsOsvA9aj9395rwrCKTRXM_atarCqkqoYECySDCw","e":"AQAB"},"attributes":{"enabled":true,"created":1566941194,"updated":1566941194,"recoveryLevel":"Purgeable"}}'}
    headers: {cache-control: no-cache, content-length: '661', content-type: application/json;
        charset=utf-8, date: 'Tue, 27 Aug 2019 21:26:34 GMT', expires: '-1', pragma: no-cache,
      server: Microsoft-IIS/10.0, strict-transport-security: max-age=31536000;includeSubDomains,
      x-aspnet-version: 4.0.30319, x-content-type-options: nosniff, x-ms-keyvault-network-info: addr=131.107.160.72;act_addr_fam=InterNetwork;,
      x-ms-keyvault-region: westus, x-ms-keyvault-service-version: 1.1.0.876, x-powered-by: ASP.NET}
    status: {code: 200, message: OK}
    url: !!python/object/new:yarl.URL
      state: !!python/tuple
      - !!python/object/new:urllib.parse.SplitResult [https, vaultaxnjywktbxaf9e12b1.vault.azure.net,
        /keys/keywrapaf9e12b1/create, api-version=7.0, '']
- request:
    body: '{"alg": "RSA-OAEP", "value": "NTA2M2U2YWFhODQ1ZjE1MDIwMDU0Nzk0NGZkMTk5Njc5Yzk4ZWQ2Zjk5ZGEwYTBiMmRhZmVhZjFmNDY4NDQ5NmZkNTMyYzFjMjI5OTY4Y2I5ZGVlNDQ5NTdmY2VmN2NjZWY1OWNlZGEwYjM2MmU1NmJjZDc4ZmQzZmFlZTU3ODFjNjIzYzBiYjIyYjM1YmVhYmRlMDY2NGZkMzBlMGU4MjRhYmEzZGQxYjBhZmZmYzRhM2Q5NTVlZGUyMGNmNmE4NTRkNTJjZmQ"}'
    headers:
      Accept: [application/json]
      Content-Length: ['299']
      Content-Type: [application/json; charset=utf-8]
      User-Agent: [azsdk-python-keyvault-keys/4.0.0b2 Python/3.6.6 (Windows-10-10.0.18362-SP0)]
    method: POST
    uri: https://vaultaxnjywktbxaf9e12b1.vault.azure.net/keys/keywrapaf9e12b1/7bbf92e99e4f4f4893f1c6fdd7b409f8/wrapkey?api-version=7.0
  response:
    body: {string: '{"kid":"https://vaultaxnjywktbxaf9e12b1.vault.azure.net/keys/keywrapaf9e12b1/7bbf92e99e4f4f4893f1c6fdd7b409f8","value":"MYO5dHXJlnX7007htC-8fwPUjMDP0iiHNAIX6KjEkWeccVcDH3mvPN--SICwjxbmCOcNF-ELqkjcCRyfyy6A2QcALwztqN4vWC0hzjTS-v7DZIYvYQzS-44lNav297R3we7sdEc_CdeolWrcJ3bBO4x3AuaVxtxJDtaxBAvJpP1ixGSvHYjbDBI2jBhkmk-4meGeMo5PmOZ4FgiHKreASmuHYSyduL_zFR_9uTwsYzaNDWepiRZK3LRROIW_5N_dXt-P_JP1zgArx0nKOJ51MrnfHxUKFv-quI4IGM-muTlVc7N2O03jVyEjMRQ1nRQTOFhCo38h9hLFx62KlVRyOg"}'}
    headers: {cache-control: no-cache, content-length: '464', content-type: application/json;
        charset=utf-8, date: 'Tue, 27 Aug 2019 21:26:34 GMT', expires: '-1', pragma: no-cache,
      server: Microsoft-IIS/10.0, strict-transport-security: max-age=31536000;includeSubDomains,
      x-aspnet-version: 4.0.30319, x-content-type-options: nosniff, x-ms-keyvault-network-info: addr=131.107.160.72;act_addr_fam=InterNetwork;,
      x-ms-keyvault-region: westus, x-ms-keyvault-service-version: 1.1.0.876, x-powered-by: ASP.NET}
    status: {code: 200, message: OK}
    url: !!python/object/new:yarl.URL
      state: !!python/tuple
      - !!python/object/new:urllib.parse.SplitResult [https, vaultaxnjywktbxaf9e12b1.vault.azure.net,
        /keys/keywrapaf9e12b1/7bbf92e99e4f4f4893f1c6fdd7b409f8/wrapkey, api-version=7.0,
        '']
- request:
    body: '{"alg": "RSA-OAEP", "value": "MYO5dHXJlnX7007htC-8fwPUjMDP0iiHNAIX6KjEkWeccVcDH3mvPN--SICwjxbmCOcNF-ELqkjcCRyfyy6A2QcALwztqN4vWC0hzjTS-v7DZIYvYQzS-44lNav297R3we7sdEc_CdeolWrcJ3bBO4x3AuaVxtxJDtaxBAvJpP1ixGSvHYjbDBI2jBhkmk-4meGeMo5PmOZ4FgiHKreASmuHYSyduL_zFR_9uTwsYzaNDWepiRZK3LRROIW_5N_dXt-P_JP1zgArx0nKOJ51MrnfHxUKFv-quI4IGM-muTlVc7N2O03jVyEjMRQ1nRQTOFhCo38h9hLFx62KlVRyOg"}'
    headers:
      Accept: [application/json]
      Content-Length: ['374']
      Content-Type: [application/json; charset=utf-8]
      User-Agent: [azsdk-python-keyvault-keys/4.0.0b2 Python/3.6.6 (Windows-10-10.0.18362-SP0)]
    method: POST
    uri: https://vaultaxnjywktbxaf9e12b1.vault.azure.net/keys/keywrapaf9e12b1/7bbf92e99e4f4f4893f1c6fdd7b409f8/unwrapkey?api-version=7.0
  response:
    body: {string: '{"kid":"https://vaultaxnjywktbxaf9e12b1.vault.azure.net/keys/keywrapaf9e12b1/7bbf92e99e4f4f4893f1c6fdd7b409f8","value":"NTA2M2U2YWFhODQ1ZjE1MDIwMDU0Nzk0NGZkMTk5Njc5Yzk4ZWQ2Zjk5ZGEwYTBiMmRhZmVhZjFmNDY4NDQ5NmZkNTMyYzFjMjI5OTY4Y2I5ZGVlNDQ5NTdmY2VmN2NjZWY1OWNlZGEwYjM2MmU1NmJjZDc4ZmQzZmFlZTU3ODFjNjIzYzBiYjIyYjM1YmVhYmRlMDY2NGZkMzBlMGU4MjRhYmEzZGQxYjBhZmZmYzRhM2Q5NTVlZGUyMGNmNmE4NTRkNTJjZmQ"}'}
    headers: {cache-control: no-cache, content-length: '389', content-type: application/json;
        charset=utf-8, date: 'Tue, 27 Aug 2019 21:26:34 GMT', expires: '-1', pragma: no-cache,
      server: Microsoft-IIS/10.0, strict-transport-security: max-age=31536000;includeSubDomains,
      x-aspnet-version: 4.0.30319, x-content-type-options: nosniff, x-ms-keyvault-network-info: addr=131.107.160.72;act_addr_fam=InterNetwork;,
      x-ms-keyvault-region: westus, x-ms-keyvault-service-version: 1.1.0.876, x-powered-by: ASP.NET}
    status: {code: 200, message: OK}
    url: !!python/object/new:yarl.URL
      state: !!python/tuple
      - !!python/object/new:urllib.parse.SplitResult [https, vaultaxnjywktbxaf9e12b1.vault.azure.net,
        /keys/keywrapaf9e12b1/7bbf92e99e4f4f4893f1c6fdd7b409f8/unwrapkey, api-version=7.0,
        '']
version: 1
