{
  "Entries": [
    {
      "RequestUri": "https://vaultname.vault.azure.net/keys/livekvtestwrap-localda9c30ac/create?api-version=2016-10-01",
      "RequestMethod": "POST",
      "RequestHeaders": {
        "Accept": "application/json",
        "Accept-Encoding": "gzip, deflate",
        "Connection": "keep-alive",
        "Content-Length": "0",
        "Content-Type": "application/json",
        "User-Agent": "azsdk-python-keyvault-keys/4.5.1 Python/3.9.9 (Windows-10-10.0.22000-SP0)"
      },
      "RequestBody": null,
      "StatusCode": 401,
      "ResponseHeaders": {
        "Cache-Control": "no-cache",
        "Content-Length": "97",
        "Content-Type": "application/json; charset=utf-8",
        "Date": "Fri, 22 Apr 2022 14:39:28 GMT",
        "Expires": "-1",
        "Pragma": "no-cache",
        "Strict-Transport-Security": "max-age=31536000;includeSubDomains",
        "WWW-Authenticate": "Bearer authorization=\u0022https://login.windows.net/00000000-0000-0000-0000-000000000000\u0022, resource=\u0022https://vault.azure.net\u0022",
        "X-Content-Type-Options": "nosniff",
        "x-ms-keyvault-network-info": "conn_type=Ipv4;addr=73.232.137.144;act_addr_fam=InterNetwork;",
        "x-ms-keyvault-region": "westus2",
        "x-ms-keyvault-service-version": "1.9.358.1"
      },
      "ResponseBody": {
        "error": {
          "code": "Unauthorized",
          "message": "AKV10000: Request is missing a Bearer or PoP token."
        }
      }
    },
    {
      "RequestUri": "https://login.microsoftonline.com/00000000-0000-0000-0000-000000000000/v2.0/.well-known/openid-configuration",
      "RequestMethod": "GET",
      "RequestHeaders": {
        "Accept": "*/*",
        "Accept-Encoding": "gzip, deflate",
        "Connection": "keep-alive",
        "User-Agent": "azsdk-python-identity/1.10.0b2 Python/3.9.9 (Windows-10-10.0.22000-SP0)"
      },
      "RequestBody": null,
      "StatusCode": 200,
      "ResponseHeaders": {
        "Access-Control-Allow-Methods": "GET, OPTIONS",
        "Access-Control-Allow-Origin": "*",
        "Cache-Control": "max-age=86400, private",
        "Content-Length": "1753",
        "Content-Type": "application/json; charset=utf-8",
        "Date": "Fri, 22 Apr 2022 14:39:28 GMT",
        "P3P": "CP=\u0022DSP CUR OTPi IND OTRi ONL FIN\u0022",
        "Set-Cookie": [
          "fpc=AoYECHYVsYZBnicRrY_2H34tc15lFAAAAIm09NkOAAAA; expires=Sun, 22-May-2022 14:39:29 GMT; path=/; secure; HttpOnly; SameSite=None",
          "x-ms-gateway-slice=estsfd; path=/; secure; samesite=none; httponly",
          "stsservicecookie=estsfd; path=/; secure; samesite=none; httponly"
        ],
        "Strict-Transport-Security": "max-age=31536000; includeSubDomains",
        "X-Content-Type-Options": "nosniff",
        "x-ms-ests-server": "2.1.12651.7 - EUS ProdSlices",
        "X-XSS-Protection": "0"
      },
      "ResponseBody": {
        "token_endpoint": "https://login.microsoftonline.com/00000000-0000-0000-0000-000000000000/oauth2/v2.0/token",
        "token_endpoint_auth_methods_supported": [
          "client_secret_post",
          "private_key_jwt",
          "client_secret_basic"
        ],
        "jwks_uri": "https://login.microsoftonline.com/00000000-0000-0000-0000-000000000000/discovery/v2.0/keys",
        "response_modes_supported": [
          "query",
          "fragment",
          "form_post"
        ],
        "subject_types_supported": [
          "pairwise"
        ],
        "id_token_signing_alg_values_supported": [
          "RS256"
        ],
        "response_types_supported": [
          "code",
          "id_token",
          "code id_token",
          "id_token token"
        ],
        "scopes_supported": [
          "openid",
          "profile",
          "email",
          "offline_access"
        ],
        "issuer": "https://login.microsoftonline.com/00000000-0000-0000-0000-000000000000/v2.0",
        "request_uri_parameter_supported": false,
        "userinfo_endpoint": "https://graph.microsoft.com/oidc/userinfo",
        "authorization_endpoint": "https://login.microsoftonline.com/00000000-0000-0000-0000-000000000000/oauth2/v2.0/authorize",
        "device_authorization_endpoint": "https://login.microsoftonline.com/00000000-0000-0000-0000-000000000000/oauth2/v2.0/devicecode",
        "http_logout_supported": true,
        "frontchannel_logout_supported": true,
        "end_session_endpoint": "https://login.microsoftonline.com/00000000-0000-0000-0000-000000000000/oauth2/v2.0/logout",
        "claims_supported": [
          "sub",
          "iss",
          "cloud_instance_name",
          "cloud_instance_host_name",
          "cloud_graph_host_name",
          "msgraph_host",
          "aud",
          "exp",
          "iat",
          "auth_time",
          "acr",
          "nonce",
          "preferred_username",
          "name",
          "tid",
          "ver",
          "at_hash",
          "c_hash",
          "email"
        ],
        "kerberos_endpoint": "https://login.microsoftonline.com/00000000-0000-0000-0000-000000000000/kerberos",
        "tenant_region_scope": "WW",
        "cloud_instance_name": "microsoftonline.com",
        "cloud_graph_host_name": "graph.windows.net",
        "msgraph_host": "graph.microsoft.com",
        "rbac_url": "https://pas.windows.net"
      }
    },
    {
      "RequestUri": "https://login.microsoftonline.com/common/discovery/instance?api-version=1.1\u0026authorization_endpoint=https://login.microsoftonline.com/common/oauth2/authorize",
      "RequestMethod": "GET",
      "RequestHeaders": {
        "Accept": "application/json",
        "Accept-Encoding": "gzip, deflate",
        "Connection": "keep-alive",
        "Cookie": "fpc=AoYECHYVsYZBnicRrY_2H34tc15lFAAAAIm09NkOAAAA; stsservicecookie=estsfd; x-ms-gateway-slice=estsfd",
        "User-Agent": "azsdk-python-identity/1.10.0b2 Python/3.9.9 (Windows-10-10.0.22000-SP0)"
      },
      "RequestBody": null,
      "StatusCode": 200,
      "ResponseHeaders": {
        "Access-Control-Allow-Methods": "GET, OPTIONS",
        "Access-Control-Allow-Origin": "*",
        "Cache-Control": "max-age=86400, private",
        "Content-Length": "945",
        "Content-Type": "application/json; charset=utf-8",
        "Date": "Fri, 22 Apr 2022 14:39:28 GMT",
        "P3P": "CP=\u0022DSP CUR OTPi IND OTRi ONL FIN\u0022",
        "Set-Cookie": [
          "fpc=AoYECHYVsYZBnicRrY_2H34tc15lFAAAAIm09NkOAAAA; expires=Sun, 22-May-2022 14:39:29 GMT; path=/; secure; HttpOnly; SameSite=None",
          "x-ms-gateway-slice=estsfd; path=/; secure; samesite=none; httponly",
          "stsservicecookie=estsfd; path=/; secure; samesite=none; httponly"
        ],
        "Strict-Transport-Security": "max-age=31536000; includeSubDomains",
        "X-Content-Type-Options": "nosniff",
        "x-ms-ests-server": "2.1.12651.7 - WUS2 ProdSlices",
        "X-XSS-Protection": "0"
      },
      "ResponseBody": {
        "tenant_discovery_endpoint": "https://login.microsoftonline.com/common/.well-known/openid-configuration",
        "api-version": "1.1",
        "metadata": [
          {
            "preferred_network": "login.microsoftonline.com",
            "preferred_cache": "login.windows.net",
            "aliases": [
              "login.microsoftonline.com",
              "login.windows.net",
              "login.microsoft.com",
              "sts.windows.net"
            ]
          },
          {
            "preferred_network": "login.partner.microsoftonline.cn",
            "preferred_cache": "login.partner.microsoftonline.cn",
            "aliases": [
              "login.partner.microsoftonline.cn",
              "login.chinacloudapi.cn"
            ]
          },
          {
            "preferred_network": "login.microsoftonline.de",
            "preferred_cache": "login.microsoftonline.de",
            "aliases": [
              "login.microsoftonline.de"
            ]
          },
          {
            "preferred_network": "login.microsoftonline.us",
            "preferred_cache": "login.microsoftonline.us",
            "aliases": [
              "login.microsoftonline.us",
              "login.usgovcloudapi.net"
            ]
          },
          {
            "preferred_network": "login-us.microsoftonline.com",
            "preferred_cache": "login-us.microsoftonline.com",
            "aliases": [
              "login-us.microsoftonline.com"
            ]
          }
        ]
      }
    },
    {
      "RequestUri": "https://vaultname.vault.azure.net/keys/livekvtestwrap-localda9c30ac/create?api-version=2016-10-01",
      "RequestMethod": "POST",
      "RequestHeaders": {
        "Accept": "application/json",
        "Accept-Encoding": "gzip, deflate",
        "Connection": "keep-alive",
        "Content-Length": "32",
        "Content-Type": "application/json",
        "User-Agent": "azsdk-python-keyvault-keys/4.5.1 Python/3.9.9 (Windows-10-10.0.22000-SP0)"
      },
      "RequestBody": {
        "kty": "RSA",
        "key_size": 4096
      },
      "StatusCode": 200,
      "ResponseHeaders": {
        "Cache-Control": "no-cache",
        "Content-Length": "1023",
        "Content-Type": "application/json; charset=utf-8",
        "Date": "Fri, 22 Apr 2022 14:39:30 GMT",
        "Expires": "-1",
        "Pragma": "no-cache",
        "Strict-Transport-Security": "max-age=31536000;includeSubDomains",
        "X-Content-Type-Options": "nosniff",
        "x-ms-keyvault-network-info": "conn_type=Ipv4;addr=73.232.137.144;act_addr_fam=InterNetwork;",
        "x-ms-keyvault-rbac-assignment-id": "8f011949-ed39-5d00-b7ce-c76e5a8c4b2d",
        "x-ms-keyvault-rbac-cache": "ra_age=152;da_age=152;rd_age=152;brd_age=2134;ra_notif_age=1019;dec_lev=1;",
        "x-ms-keyvault-region": "westus2",
        "x-ms-keyvault-service-version": "1.9.358.1"
      },
      "ResponseBody": {
        "key": {
          "kid": "https://vaultname.vault.azure.net/keys/livekvtestwrap-localda9c30ac/81f4aabb48cc4fe991f418425df1e0ec",
          "kty": "RSA",
          "key_ops": [
            "encrypt",
            "decrypt",
            "sign",
            "verify",
            "wrapKey",
            "unwrapKey"
          ],
          "n": "nuDpnAEdxU1jVw2aGjHex63IlbUWv5f-WBvdMZ7vVr0MAn_2y6iff4-atMQBhHcGPV5ZU0XX2b3xhGS8_occsL6q1KqE3LIpPSd4qSwjGC7sK-WMOIimdljariEPQeVq3xGCF0INLUalGQoV0ALdupewNroXEkGGLWJW2ZauOlow8-yBeTXPs_AVxF97jH_AMrtBXVedCkFWozFSzjJHhzlyXGggI7A-TF9G5KiQWG6Hl70tGcuW4XqMFw2HRau0AC1aKPDf62aTNtp3GSqKXapVP3fgG3UYSfnUwJcugRmlPS451kvt2P8p8bUk--tp88mUy0M2Tk5ggTA5mX4l0JDTcboWEDl_gVLd7m0AOc7EajIuX0khIoLsP4upgpbizhx5H9T09-k64W4QZSQKB1OBME7h9cT6CRhuCGZTIPIFWIC64mVgsMsBNufm1vWks4UBdKM8HyUVO1xJLRCSWnuYdDoaZPjM69cT8hyTEKUBg4NC5MJySVEm-9z59XnFr47UxCZD9mImH73_-BlFNYcK1fAn7inkDIy40cd6N5-e22xX0CY5S0z0DCFKAHSyJTcHxIF_-SCCVJp4YY1IpSca9JxCIdxWFpE7MCJxnBgLHQ6MF4p-01Pk2UmJ42vaNoBBJhJLdK1e_90fIC4k86fGtB9Qk3JcdM7zc-uguaE",
          "e": "AQAB"
        },
        "attributes": {
          "enabled": true,
          "created": 1650638369,
          "updated": 1650638369,
          "recoveryLevel": "CustomizedRecoverable\u002BPurgeable"
        }
      }
    },
    {
      "RequestUri": "https://login.microsoftonline.com/00000000-0000-0000-0000-000000000000/v2.0/.well-known/openid-configuration",
      "RequestMethod": "GET",
      "RequestHeaders": {
        "Accept": "*/*",
        "Accept-Encoding": "gzip, deflate",
        "Connection": "keep-alive",
        "User-Agent": "azsdk-python-identity/1.10.0b2 Python/3.9.9 (Windows-10-10.0.22000-SP0)"
      },
      "RequestBody": null,
      "StatusCode": 200,
      "ResponseHeaders": {
        "Access-Control-Allow-Methods": "GET, OPTIONS",
        "Access-Control-Allow-Origin": "*",
        "Cache-Control": "max-age=86400, private",
        "Content-Length": "1753",
        "Content-Type": "application/json; charset=utf-8",
        "Date": "Fri, 22 Apr 2022 14:39:29 GMT",
        "P3P": "CP=\u0022DSP CUR OTPi IND OTRi ONL FIN\u0022",
        "Set-Cookie": [
          "fpc=AoYECHYVsYZBnicRrY_2H34tc15lFAAAAIm09NkOAAAA; expires=Sun, 22-May-2022 14:39:30 GMT; path=/; secure; HttpOnly; SameSite=None",
          "x-ms-gateway-slice=estsfd; path=/; secure; samesite=none; httponly",
          "stsservicecookie=estsfd; path=/; secure; samesite=none; httponly"
        ],
        "Strict-Transport-Security": "max-age=31536000; includeSubDomains",
        "X-Content-Type-Options": "nosniff",
        "x-ms-ests-server": "2.1.12651.7 - NCUS ProdSlices",
        "X-XSS-Protection": "0"
      },
      "ResponseBody": {
        "token_endpoint": "https://login.microsoftonline.com/00000000-0000-0000-0000-000000000000/oauth2/v2.0/token",
        "token_endpoint_auth_methods_supported": [
          "client_secret_post",
          "private_key_jwt",
          "client_secret_basic"
        ],
        "jwks_uri": "https://login.microsoftonline.com/00000000-0000-0000-0000-000000000000/discovery/v2.0/keys",
        "response_modes_supported": [
          "query",
          "fragment",
          "form_post"
        ],
        "subject_types_supported": [
          "pairwise"
        ],
        "id_token_signing_alg_values_supported": [
          "RS256"
        ],
        "response_types_supported": [
          "code",
          "id_token",
          "code id_token",
          "id_token token"
        ],
        "scopes_supported": [
          "openid",
          "profile",
          "email",
          "offline_access"
        ],
        "issuer": "https://login.microsoftonline.com/00000000-0000-0000-0000-000000000000/v2.0",
        "request_uri_parameter_supported": false,
        "userinfo_endpoint": "https://graph.microsoft.com/oidc/userinfo",
        "authorization_endpoint": "https://login.microsoftonline.com/00000000-0000-0000-0000-000000000000/oauth2/v2.0/authorize",
        "device_authorization_endpoint": "https://login.microsoftonline.com/00000000-0000-0000-0000-000000000000/oauth2/v2.0/devicecode",
        "http_logout_supported": true,
        "frontchannel_logout_supported": true,
        "end_session_endpoint": "https://login.microsoftonline.com/00000000-0000-0000-0000-000000000000/oauth2/v2.0/logout",
        "claims_supported": [
          "sub",
          "iss",
          "cloud_instance_name",
          "cloud_instance_host_name",
          "cloud_graph_host_name",
          "msgraph_host",
          "aud",
          "exp",
          "iat",
          "auth_time",
          "acr",
          "nonce",
          "preferred_username",
          "name",
          "tid",
          "ver",
          "at_hash",
          "c_hash",
          "email"
        ],
        "kerberos_endpoint": "https://login.microsoftonline.com/00000000-0000-0000-0000-000000000000/kerberos",
        "tenant_region_scope": "WW",
        "cloud_instance_name": "microsoftonline.com",
        "cloud_graph_host_name": "graph.windows.net",
        "msgraph_host": "graph.microsoft.com",
        "rbac_url": "https://pas.windows.net"
      }
    },
    {
      "RequestUri": "https://login.microsoftonline.com/common/discovery/instance?api-version=1.1\u0026authorization_endpoint=https://login.microsoftonline.com/common/oauth2/authorize",
      "RequestMethod": "GET",
      "RequestHeaders": {
        "Accept": "application/json",
        "Accept-Encoding": "gzip, deflate",
        "Connection": "keep-alive",
        "Cookie": "fpc=AoYECHYVsYZBnicRrY_2H34tc15lFAAAAIm09NkOAAAA; stsservicecookie=estsfd; x-ms-gateway-slice=estsfd",
        "User-Agent": "azsdk-python-identity/1.10.0b2 Python/3.9.9 (Windows-10-10.0.22000-SP0)"
      },
      "RequestBody": null,
      "StatusCode": 200,
      "ResponseHeaders": {
        "Access-Control-Allow-Methods": "GET, OPTIONS",
        "Access-Control-Allow-Origin": "*",
        "Cache-Control": "max-age=86400, private",
        "Content-Length": "945",
        "Content-Type": "application/json; charset=utf-8",
        "Date": "Fri, 22 Apr 2022 14:39:29 GMT",
        "P3P": "CP=\u0022DSP CUR OTPi IND OTRi ONL FIN\u0022",
        "Set-Cookie": [
          "fpc=AoYECHYVsYZBnicRrY_2H34tc15lFAAAAIm09NkOAAAA; expires=Sun, 22-May-2022 14:39:30 GMT; path=/; secure; HttpOnly; SameSite=None",
          "x-ms-gateway-slice=estsfd; path=/; secure; samesite=none; httponly",
          "stsservicecookie=estsfd; path=/; secure; samesite=none; httponly"
        ],
        "Strict-Transport-Security": "max-age=31536000; includeSubDomains",
        "X-Content-Type-Options": "nosniff",
        "x-ms-ests-server": "2.1.12651.7 - EUS ProdSlices",
        "X-XSS-Protection": "0"
      },
      "ResponseBody": {
        "tenant_discovery_endpoint": "https://login.microsoftonline.com/common/.well-known/openid-configuration",
        "api-version": "1.1",
        "metadata": [
          {
            "preferred_network": "login.microsoftonline.com",
            "preferred_cache": "login.windows.net",
            "aliases": [
              "login.microsoftonline.com",
              "login.windows.net",
              "login.microsoft.com",
              "sts.windows.net"
            ]
          },
          {
            "preferred_network": "login.partner.microsoftonline.cn",
            "preferred_cache": "login.partner.microsoftonline.cn",
            "aliases": [
              "login.partner.microsoftonline.cn",
              "login.chinacloudapi.cn"
            ]
          },
          {
            "preferred_network": "login.microsoftonline.de",
            "preferred_cache": "login.microsoftonline.de",
            "aliases": [
              "login.microsoftonline.de"
            ]
          },
          {
            "preferred_network": "login.microsoftonline.us",
            "preferred_cache": "login.microsoftonline.us",
            "aliases": [
              "login.microsoftonline.us",
              "login.usgovcloudapi.net"
            ]
          },
          {
            "preferred_network": "login-us.microsoftonline.com",
            "preferred_cache": "login-us.microsoftonline.com",
            "aliases": [
              "login-us.microsoftonline.com"
            ]
          }
        ]
      }
    },
    {
      "RequestUri": "https://vaultname.vault.azure.net/keys/livekvtestwrap-localda9c30ac/81f4aabb48cc4fe991f418425df1e0ec/unwrapkey?api-version=2016-10-01",
      "RequestMethod": "POST",
      "RequestHeaders": {
        "Accept": "application/json",
        "Accept-Encoding": "gzip, deflate",
        "Connection": "keep-alive",
        "Content-Length": "715",
        "Content-Type": "application/json",
        "User-Agent": "azsdk-python-keyvault-keys/4.5.1 Python/3.9.9 (Windows-10-10.0.22000-SP0)"
      },
      "RequestBody": {
        "alg": "RSA-OAEP",
        "value": "kN2tOVYF4VL1gnhkBtcVj4INnJEjmWp6azRcniC5wkCWrRe4TjQk5HcWYRjrU_KdHnL2Br50U5DyiOAbnGiXNULkFqUqAj1r07Bdwad6sQ6en-eesww1gvOU4sqvOo8BnjshbCg5ENc4og7gcNDTuR2e00dBxi_LT35mE-ZkwL3oZZoIijXCYmDZi_csauq41KM1N9EdQCd6gUdMkyWIv9sV1cix2O4CyNB_GAWaWPRb4t3QLxRj0m7SmAJJCiuohxiTKzaBmoUUWaL0QVt_D9sKQljlD0vckoyW3H7CmT38diWzX7QseNeue73JSxlam92ScHeQI-AYuJ-f5oyypxdftqrkZoRKLhqy9hsVE5Qjicj5lYBmv0OEB5O41s6F6gPZRZn953RmA4GKOiaRDwrJvILiJEIMH1t9zMuAT-nGJjyPKvPGpc4v2yQJzFtNOMa1yjV1f_N3ifsG_6qR9DxaL4SFnEtQpLpbpS9lxz3ObekvUL9HhZ5vxD57yca6-v_sslwiqdr_ktT9tA9mmnmNR264kxi-ivLccw2Qjir9cKUYt1mFG2SUoQCrE2CPvY_AEj0qghrirxOiRBBboS801c3P2IuNlm65Gh3ACrp13pf3J6ihGptuAyb_UTAZgPsRi9Bi5Yr8Yx-LWrORojynwNB9i-U44xYb3Feo12g"
      },
      "StatusCode": 200,
      "ResponseHeaders": {
        "Cache-Control": "no-cache",
        "Content-Length": "388",
        "Content-Type": "application/json; charset=utf-8",
        "Date": "Fri, 22 Apr 2022 14:39:30 GMT",
        "Expires": "-1",
        "Pragma": "no-cache",
        "Strict-Transport-Security": "max-age=31536000;includeSubDomains",
        "X-Content-Type-Options": "nosniff",
        "x-ms-keyvault-network-info": "conn_type=Ipv4;addr=73.232.137.144;act_addr_fam=InterNetwork;",
        "x-ms-keyvault-rbac-assignment-id": "8f011949-ed39-5d00-b7ce-c76e5a8c4b2d",
        "x-ms-keyvault-rbac-cache": "ra_age=153;da_age=153;rd_age=153;brd_age=2135;ra_notif_age=1020;dec_lev=1;",
        "x-ms-keyvault-region": "westus2",
        "x-ms-keyvault-service-version": "1.9.358.1"
      },
      "ResponseBody": {
        "kid": "https://vaultname.vault.azure.net/keys/livekvtestwrap-localda9c30ac/81f4aabb48cc4fe991f418425df1e0ec",
        "value": "NTA2M2U2YWFhODQ1ZjE1MDIwMDU0Nzk0NGZkMTk5Njc5Yzk4ZWQ2Zjk5ZGEwYTBiMmRhZmVhZjFmNDY4NDQ5NmZkNTMyYzFjMjI5OTY4Y2I5ZGVlNDQ5NTdmY2VmN2NjZWY1OWNlZGEwYjM2MmU1NmJjZDc4ZmQzZmFlZTU3ODFjNjIzYzBiYjIyYjM1YmVhYmRlMDY2NGZkMzBlMGU4MjRhYmEzZGQxYjBhZmZmYzRhM2Q5NTVlZGUyMGNmNmE4NTRkNTJjZmQ"
      }
    },
    {
      "RequestUri": "https://vaultname.vault.azure.net/keys/livekvtestwrap-localda9c30ac/81f4aabb48cc4fe991f418425df1e0ec/unwrapkey?api-version=2016-10-01",
      "RequestMethod": "POST",
      "RequestHeaders": {
        "Accept": "application/json",
        "Accept-Encoding": "gzip, deflate",
        "Connection": "keep-alive",
        "Content-Length": "719",
        "Content-Type": "application/json",
        "User-Agent": "azsdk-python-keyvault-keys/4.5.1 Python/3.9.9 (Windows-10-10.0.22000-SP0)"
      },
      "RequestBody": {
        "alg": "RSA-OAEP-256",
        "value": "Y7CDp1MFLp2o3mvbW33wWgPvidCor9LuZcGMEltlnZFrFDjMVbSbA7vT_ppvFPV4v0RwPSZ5DgFE0pg-knVAsXGFnO5fZ2qeGRnoQmNeDNaIC7LnQjNv6Fkpipm6_LxKGbjmAZx-SDdMT2V7Af_iCtcQpnqCYDx7Hv_VpXe9z0zL2NzNkGxzfun5lcfIwXjJfw9eczgo83RGmczpj_CEoRbguGRv4Swg4qyrPM6byCkfYkoEjtSs9ZpWwb43nmjzGiu_JwJ9ZCb8Dgh5yP8a5IyqWNLviy5njPlulA8D_zFAock3PjjZHcVS4QHjWkloEXyEf9x25r_FzNxrCp9Vbub8wUGPDHqh1VjlI0RMpUHHkghh0t30PJ2t4ysDFFze_5kbXnFXmHNoV7OVHE6vywIQQlDaS6Yq9YPpS2m-Nbi8ORVownW-8fD2beR1C_VM6mhAA138nIk9rYZ136UauyIR3XXXzRkxC0FitXv5HI5uzBAC2GTb1Lvf_bkwwqaqMjLk1K_2Q4BwooP-56ljqKogqIUac32JGgZ2qIluGWOae6Ha4yENzQv5rUdq4tHmXTojarYi21ltm1ECj1i1aQPgeoPU3JdX7cGFL9xK7URZ-GFIz1SSMkOV_opIXL68U9u53Dx81xawGPTABcBad3npj5NefR1G7t3jJWIRk5Q"
      },
      "StatusCode": 200,
      "ResponseHeaders": {
        "Cache-Control": "no-cache",
        "Content-Length": "388",
        "Content-Type": "application/json; charset=utf-8",
        "Date": "Fri, 22 Apr 2022 14:39:30 GMT",
        "Expires": "-1",
        "Pragma": "no-cache",
        "Strict-Transport-Security": "max-age=31536000;includeSubDomains",
        "X-Content-Type-Options": "nosniff",
        "x-ms-keyvault-network-info": "conn_type=Ipv4;addr=73.232.137.144;act_addr_fam=InterNetwork;",
        "x-ms-keyvault-rbac-assignment-id": "8f011949-ed39-5d00-b7ce-c76e5a8c4b2d",
        "x-ms-keyvault-rbac-cache": "ra_age=153;da_age=153;rd_age=153;brd_age=2135;ra_notif_age=1020;dec_lev=0;",
        "x-ms-keyvault-region": "westus2",
        "x-ms-keyvault-service-version": "1.9.358.1"
      },
      "ResponseBody": {
        "kid": "https://vaultname.vault.azure.net/keys/livekvtestwrap-localda9c30ac/81f4aabb48cc4fe991f418425df1e0ec",
        "value": "NTA2M2U2YWFhODQ1ZjE1MDIwMDU0Nzk0NGZkMTk5Njc5Yzk4ZWQ2Zjk5ZGEwYTBiMmRhZmVhZjFmNDY4NDQ5NmZkNTMyYzFjMjI5OTY4Y2I5ZGVlNDQ5NTdmY2VmN2NjZWY1OWNlZGEwYjM2MmU1NmJjZDc4ZmQzZmFlZTU3ODFjNjIzYzBiYjIyYjM1YmVhYmRlMDY2NGZkMzBlMGU4MjRhYmEzZGQxYjBhZmZmYzRhM2Q5NTVlZGUyMGNmNmE4NTRkNTJjZmQ"
      }
    },
    {
      "RequestUri": "https://vaultname.vault.azure.net/keys/livekvtestwrap-localda9c30ac/81f4aabb48cc4fe991f418425df1e0ec/unwrapkey?api-version=2016-10-01",
      "RequestMethod": "POST",
      "RequestHeaders": {
        "Accept": "application/json",
        "Accept-Encoding": "gzip, deflate",
        "Connection": "keep-alive",
        "Content-Length": "713",
        "Content-Type": "application/json",
        "User-Agent": "azsdk-python-keyvault-keys/4.5.1 Python/3.9.9 (Windows-10-10.0.22000-SP0)"
      },
      "RequestBody": {
        "alg": "RSA1_5",
        "value": "CuZMJ4ny9P3_tDNrzQKxHIv0QiLW7xtTQIdFbntAADykYOCawMtqqjpzgVxQ6XjwLoXrV-DFpZ8N0WkoFGsztHA159XHbKmQSzcXTKajJPTcKTyV5_0ygKRZH-YOnz2wGwx_RZmcy_OKkVkW7ArHSNsrH_EcWUhspYofdojZyEOeUqkTNzDpzGXWNiv0q8l0ltD0apsuaveUL-q1bi7NXhqmwg8Qs8ghlhtwOoR71QRqdGsHEhjQGsI6sq4A4oLPQANjCU2ywKa19b6-pndFQr8ZK3ql-hmNlGWkcN79-gjWz9FEzAUMnkHZfA852avqg_rUAvYIe3cf0iH2OLOYs7d_jJs36tKXa7CwNqCxSURT9b0lOo6QU7QjcHp5Llp2mvSUnIVuCD8Qgt_VYwJKZ5dlXtFMVc_j1qyPK5lQjY-PHuM6eu7ga31b9LG1exDbI4OJhlKeveCYfOYyNqG_N3eYRWatgeZITmJ98IF2Xqzo8-Z6srrGkzsm_ZkaTCuPDaqCCOcGf9XfiQTni_QgqG4Bez7N7IQHXZcZhOEJ5dBq8HZ0xCVACLvcVVVxc2BBQI_LY90X6gpjQgWUUhEBvSHw1JLUNosboN51aJ_c8NkltYEqNxZZLu7MOTlQdF6IIQ9fwTWFcjSUTsjJ4KzFvznpWhAUMZGAzOvUOgpjUBc"
      },
      "StatusCode": 200,
      "ResponseHeaders": {
        "Cache-Control": "no-cache",
        "Content-Length": "388",
        "Content-Type": "application/json; charset=utf-8",
        "Date": "Fri, 22 Apr 2022 14:39:30 GMT",
        "Expires": "-1",
        "Pragma": "no-cache",
        "Strict-Transport-Security": "max-age=31536000;includeSubDomains",
        "X-Content-Type-Options": "nosniff",
        "x-ms-keyvault-network-info": "conn_type=Ipv4;addr=73.232.137.144;act_addr_fam=InterNetwork;",
        "x-ms-keyvault-rbac-assignment-id": "8f011949-ed39-5d00-b7ce-c76e5a8c4b2d",
        "x-ms-keyvault-rbac-cache": "ra_age=153;da_age=153;rd_age=153;brd_age=2135;ra_notif_age=1021;dec_lev=0;",
        "x-ms-keyvault-region": "westus2",
        "x-ms-keyvault-service-version": "1.9.358.1"
      },
      "ResponseBody": {
        "kid": "https://vaultname.vault.azure.net/keys/livekvtestwrap-localda9c30ac/81f4aabb48cc4fe991f418425df1e0ec",
        "value": "NTA2M2U2YWFhODQ1ZjE1MDIwMDU0Nzk0NGZkMTk5Njc5Yzk4ZWQ2Zjk5ZGEwYTBiMmRhZmVhZjFmNDY4NDQ5NmZkNTMyYzFjMjI5OTY4Y2I5ZGVlNDQ5NTdmY2VmN2NjZWY1OWNlZGEwYjM2MmU1NmJjZDc4ZmQzZmFlZTU3ODFjNjIzYzBiYjIyYjM1YmVhYmRlMDY2NGZkMzBlMGU4MjRhYmEzZGQxYjBhZmZmYzRhM2Q5NTVlZGUyMGNmNmE4NTRkNTJjZmQ"
      }
    }
  ],
  "Variables": {}
}
