interactions:
- request:
    body: null
    headers:
      Accept:
      - application/json
      Accept-Encoding:
      - gzip, deflate
      Connection:
      - keep-alive
      Content-Length:
      - '0'
      Content-Type:
      - application/json; charset=utf-8
      User-Agent:
      - azsdk-python-keyvault-keys/4.0.0b5 Python/3.6.6 (Windows-10-10.0.18362-SP0)
    method: POST
    uri: https://vault458ad70cc755c41090.vault.azure.net/keys/rsa-verify-2048/create?api-version=7.0
  response:
    body:
      string: '{"error":{"code":"Unauthorized","message":"Request is missing a Bearer
        or PoP token."}}'
    headers:
      cache-control:
      - no-cache
      content-length:
      - '87'
      content-type:
      - application/json; charset=utf-8
      date:
      - Mon, 21 Oct 2019 22:53:52 GMT
      expires:
      - '-1'
      pragma:
      - no-cache
      server:
      - Microsoft-IIS/10.0
      strict-transport-security:
      - max-age=31536000;includeSubDomains
      www-authenticate:
      - Bearer authorization="https://login.windows.net/72f988bf-86f1-41af-91ab-2d7cd011db47",
        resource="https://vault.azure.net"
      x-aspnet-version:
      - 4.0.30319
      x-content-type-options:
      - nosniff
      x-ms-keyvault-network-info:
      - addr=131.107.160.72;act_addr_fam=InterNetwork;
      x-ms-keyvault-region:
      - westus
      x-ms-keyvault-service-version:
      - 1.1.0.879
      x-powered-by:
      - ASP.NET
    status:
      code: 401
      message: Unauthorized
- request:
    body: '{"kty": "RSA", "key_size": 2048}'
    headers:
      Accept:
      - application/json
      Accept-Encoding:
      - gzip, deflate
      Connection:
      - keep-alive
      Content-Length:
      - '32'
      Content-Type:
      - application/json; charset=utf-8
      User-Agent:
      - azsdk-python-keyvault-keys/4.0.0b5 Python/3.6.6 (Windows-10-10.0.18362-SP0)
    method: POST
    uri: https://vault458ad70cc755c41090.vault.azure.net/keys/rsa-verify-2048/create?api-version=7.0
  response:
    body:
      string: '{"key":{"kid":"https://vault458ad70cc755c41090.vault.azure.net/keys/rsa-verify-2048/21a0914473434ac79d8355887adb341f","kty":"RSA","key_ops":["encrypt","decrypt","sign","verify","wrapKey","unwrapKey"],"n":"taLFEXpd9DmCdY2PQlo9L1zjKE6ZZUMHQMfS_uRz49nSuNfvIwwHIiLuO6HsUfA6SncOEfI-xZTrJ4iCrBSr4MQHBFdpJIkjFYfjqEG7ZFaWGHkbqGMF4lZ12Gq0BSRornoz-a1c7GIBJXnz6ydQlGhO_zRrmuXk8OEFfqMVviqZv1QM8Je_xH1790cPfVxAkPAhCmegyGZa1aYL8iPc9vIGhz6CCmx7I0yMh7DjGxC0YeOL7TbYY5P7yk9mUiM6QCW6BT-1yLbqPjxvo-u6AQj-5hx6SEnm9OX0UkCW2LqbtNj58fMUYJs5EET40UJAhzAj4AXnXGUk3_Xd15QqEw","e":"AQAB"},"attributes":{"enabled":true,"created":1571698433,"updated":1571698433,"recoveryLevel":"Purgeable"}}'
    headers:
      cache-control:
      - no-cache
      content-length:
      - '661'
      content-type:
      - application/json; charset=utf-8
      date:
      - Mon, 21 Oct 2019 22:53:52 GMT
      expires:
      - '-1'
      pragma:
      - no-cache
      server:
      - Microsoft-IIS/10.0
      strict-transport-security:
      - max-age=31536000;includeSubDomains
      x-aspnet-version:
      - 4.0.30319
      x-content-type-options:
      - nosniff
      x-ms-keyvault-network-info:
      - addr=131.107.160.72;act_addr_fam=InterNetwork;
      x-ms-keyvault-region:
      - westus
      x-ms-keyvault-service-version:
      - 1.1.0.879
      x-powered-by:
      - ASP.NET
    status:
      code: 200
      message: OK
- request:
    body: '{"alg": "PS256", "value": "vgZc0NQUb6WMKX___V2JntcFRO_vszKwSAj7R2rL1zg"}'
    headers:
      Accept:
      - application/json
      Accept-Encoding:
      - gzip, deflate
      Connection:
      - keep-alive
      Content-Length:
      - '72'
      Content-Type:
      - application/json; charset=utf-8
      User-Agent:
      - azsdk-python-keyvault-keys/4.0.0b5 Python/3.6.6 (Windows-10-10.0.18362-SP0)
    method: POST
    uri: https://vault458ad70cc755c41090.vault.azure.net/keys/rsa-verify-2048/21a0914473434ac79d8355887adb341f/sign?api-version=7.0
  response:
    body:
      string: '{"kid":"https://vault458ad70cc755c41090.vault.azure.net/keys/rsa-verify-2048/21a0914473434ac79d8355887adb341f","value":"OTY7MPawC5ZNUJLIlGSDyx-fP9hl1J_NyajFVVnFuUy7_ri7WbXvrb_4BGS-RvQJFrvHhgGZ62XR8df_Kj6CYbMBd-MEvp68oRmp4VZ_qsDuxct-sACb2LJp8KonoNrQTn8Xl3_2uwydrG3vqmHm799DCBof7vXm76x2LpHSaBlHj3ts2ZUtxwyV39R4L4722F5kZtJNNb9Szl7nWer1UARYdQJ6mnsDadylBPb2Ewht4csO1AKGluO9JOLHPP4GToeIqNEQMN8DUSqzqgvlFJaL2mxTcYAQK4te-MUXujo9HPEOlsXtoMgwft_4i4PLF71-BQPv_jgxrD3ETwDIog"}'
    headers:
      cache-control:
      - no-cache
      content-length:
      - '464'
      content-type:
      - application/json; charset=utf-8
      date:
      - Mon, 21 Oct 2019 22:53:53 GMT
      expires:
      - '-1'
      pragma:
      - no-cache
      server:
      - Microsoft-IIS/10.0
      strict-transport-security:
      - max-age=31536000;includeSubDomains
      x-aspnet-version:
      - 4.0.30319
      x-content-type-options:
      - nosniff
      x-ms-keyvault-network-info:
      - addr=131.107.160.72;act_addr_fam=InterNetwork;
      x-ms-keyvault-region:
      - westus
      x-ms-keyvault-service-version:
      - 1.1.0.879
      x-powered-by:
      - ASP.NET
    status:
      code: 200
      message: OK
- request:
    body: '{"alg": "PS384", "value": "OnZY76NXJ8_MBkjnc9b9RiaL5OYscmrTal040wQuLFlRrnLvJFecIvZl2KjXqwVB"}'
    headers:
      Accept:
      - application/json
      Accept-Encoding:
      - gzip, deflate
      Connection:
      - keep-alive
      Content-Length:
      - '93'
      Content-Type:
      - application/json; charset=utf-8
      User-Agent:
      - azsdk-python-keyvault-keys/4.0.0b5 Python/3.6.6 (Windows-10-10.0.18362-SP0)
    method: POST
    uri: https://vault458ad70cc755c41090.vault.azure.net/keys/rsa-verify-2048/21a0914473434ac79d8355887adb341f/sign?api-version=7.0
  response:
    body:
      string: '{"kid":"https://vault458ad70cc755c41090.vault.azure.net/keys/rsa-verify-2048/21a0914473434ac79d8355887adb341f","value":"opfhbBZqHRzaSqI1JFFMoEvhyxNLrztlleiMRCePLyJpGHnsuBFM05MFbdUKiHnEUYSzvsSsVHQ2RDx1m6hxW_DEjnP_m4LwwN2AWUIzI6CjgDvZ-CnOf9yyv3vc5sWgnk_Fb_C-C7p2gBgYf7DrUxZZ2Z__8s-l8rSPCarTVV_va6cRjMLTBp4BSogZ9ENBMDlILcXtgOGyTk-Mx24HeoAx3xSp2kUAuVncyMwenKN9Y66MZgnBjeXl58X8N1xNtU6w14MfgHdq32FJ9YOsB8I0MrNzauh4E5W7ltZByAuTP3TwzrBsP1uLLRNaVGbQRAvtusN6ZIv5Qt29lINU9Q"}'
    headers:
      cache-control:
      - no-cache
      content-length:
      - '464'
      content-type:
      - application/json; charset=utf-8
      date:
      - Mon, 21 Oct 2019 22:53:53 GMT
      expires:
      - '-1'
      pragma:
      - no-cache
      server:
      - Microsoft-IIS/10.0
      strict-transport-security:
      - max-age=31536000;includeSubDomains
      x-aspnet-version:
      - 4.0.30319
      x-content-type-options:
      - nosniff
      x-ms-keyvault-network-info:
      - addr=131.107.160.72;act_addr_fam=InterNetwork;
      x-ms-keyvault-region:
      - westus
      x-ms-keyvault-service-version:
      - 1.1.0.879
      x-powered-by:
      - ASP.NET
    status:
      code: 200
      message: OK
- request:
    body: '{"alg": "PS512", "value": "zZyL-eOHDnnq34aZaWgBMobx4x2Pm3mPRo4eqnRmLK6sE0jsXZFOFhMXaTcvILQxovTsMMh9JupeojYCnDvfrQ"}'
    headers:
      Accept:
      - application/json
      Accept-Encoding:
      - gzip, deflate
      Connection:
      - keep-alive
      Content-Length:
      - '115'
      Content-Type:
      - application/json; charset=utf-8
      User-Agent:
      - azsdk-python-keyvault-keys/4.0.0b5 Python/3.6.6 (Windows-10-10.0.18362-SP0)
    method: POST
    uri: https://vault458ad70cc755c41090.vault.azure.net/keys/rsa-verify-2048/21a0914473434ac79d8355887adb341f/sign?api-version=7.0
  response:
    body:
      string: '{"kid":"https://vault458ad70cc755c41090.vault.azure.net/keys/rsa-verify-2048/21a0914473434ac79d8355887adb341f","value":"eE2l9PKLWVvKAhSVwn8JWMaviik74qGbPNFc0djjgODSc8YpWYzbXnN_ctDUUlkHCraglY8efzgF1W7qtplUVVGn0sNZsgM62aEaIrSk5x8zxFE6zW0aP7U9iN68Kh6jK-pachIYhRHMgeyo2u5oCMIXXYjK9g5Pr346eorrnqj25BR3ntu-7FI_g8tWT48HWcHHe2Lalwo7FA7KYhh3pgz2rlVV2H9yme2DAncDYYgVD_hAV7JgG0hN7RWg-uYW3Iu2yYJYRFeaeuCV9nfSFucct6g6O9sD6-U70PR5AawS9o18B2o5OlB2qDCwDDf70SYzrwqAMHn4fq9Tb94eEA"}'
    headers:
      cache-control:
      - no-cache
      content-length:
      - '464'
      content-type:
      - application/json; charset=utf-8
      date:
      - Mon, 21 Oct 2019 22:53:53 GMT
      expires:
      - '-1'
      pragma:
      - no-cache
      server:
      - Microsoft-IIS/10.0
      strict-transport-security:
      - max-age=31536000;includeSubDomains
      x-aspnet-version:
      - 4.0.30319
      x-content-type-options:
      - nosniff
      x-ms-keyvault-network-info:
      - addr=131.107.160.72;act_addr_fam=InterNetwork;
      x-ms-keyvault-region:
      - westus
      x-ms-keyvault-service-version:
      - 1.1.0.879
      x-powered-by:
      - ASP.NET
    status:
      code: 200
      message: OK
- request:
    body: '{"alg": "RS256", "value": "vgZc0NQUb6WMKX___V2JntcFRO_vszKwSAj7R2rL1zg"}'
    headers:
      Accept:
      - application/json
      Accept-Encoding:
      - gzip, deflate
      Connection:
      - keep-alive
      Content-Length:
      - '72'
      Content-Type:
      - application/json; charset=utf-8
      User-Agent:
      - azsdk-python-keyvault-keys/4.0.0b5 Python/3.6.6 (Windows-10-10.0.18362-SP0)
    method: POST
    uri: https://vault458ad70cc755c41090.vault.azure.net/keys/rsa-verify-2048/21a0914473434ac79d8355887adb341f/sign?api-version=7.0
  response:
    body:
      string: '{"kid":"https://vault458ad70cc755c41090.vault.azure.net/keys/rsa-verify-2048/21a0914473434ac79d8355887adb341f","value":"ALq_ZvEmQxiQEhBeonIoB38r_DCzcBY93yhN5Xs9ylynBk6kaAoWYywq6tQ_2m3DlBtVJEzhVv4zzTnZPMCDK7xYSsCt3ZgMIbssBZwja6zn_PkI0Eqbm40AROGGTto0ZOa0jtMiRPGJbJN9-Ozo1KjYqyJNJv5iNwy-EmttPqic-RJzEKj8Nrr3LIJGJu-VWMLeTCQRNHybOywlUHeVLAgcetBit2oBAur9sq-CTlSoUju2hjSCaTDbDor-qyDhzsZu118BL8y-oXFYWB0vnVew9f8CnTB556Gl0dxMXMWyOLTZBAbFYFxWT4yqAVXftMslsk8NhyHOnlNAYBq_XQ"}'
    headers:
      cache-control:
      - no-cache
      content-length:
      - '464'
      content-type:
      - application/json; charset=utf-8
      date:
      - Mon, 21 Oct 2019 22:53:53 GMT
      expires:
      - '-1'
      pragma:
      - no-cache
      server:
      - Microsoft-IIS/10.0
      strict-transport-security:
      - max-age=31536000;includeSubDomains
      x-aspnet-version:
      - 4.0.30319
      x-content-type-options:
      - nosniff
      x-ms-keyvault-network-info:
      - addr=131.107.160.72;act_addr_fam=InterNetwork;
      x-ms-keyvault-region:
      - westus
      x-ms-keyvault-service-version:
      - 1.1.0.879
      x-powered-by:
      - ASP.NET
    status:
      code: 200
      message: OK
- request:
    body: '{"alg": "RS384", "value": "OnZY76NXJ8_MBkjnc9b9RiaL5OYscmrTal040wQuLFlRrnLvJFecIvZl2KjXqwVB"}'
    headers:
      Accept:
      - application/json
      Accept-Encoding:
      - gzip, deflate
      Connection:
      - keep-alive
      Content-Length:
      - '93'
      Content-Type:
      - application/json; charset=utf-8
      User-Agent:
      - azsdk-python-keyvault-keys/4.0.0b5 Python/3.6.6 (Windows-10-10.0.18362-SP0)
    method: POST
    uri: https://vault458ad70cc755c41090.vault.azure.net/keys/rsa-verify-2048/21a0914473434ac79d8355887adb341f/sign?api-version=7.0
  response:
    body:
      string: '{"kid":"https://vault458ad70cc755c41090.vault.azure.net/keys/rsa-verify-2048/21a0914473434ac79d8355887adb341f","value":"aW_xnxkuUO12pN9x_K8H2Mw9XIjK-Jh1uSAffmeOCe6VoWc37d2g8d0zDUsuI0hB3HMyf1_r-OV0eNveC_6fpm0hC81buNnP87cEVd_ZxF60mFNKA9tOvAPtIfOs61YXdM_-UZHLgnRRnuEF4V4rao9bpqzhIl0vwneJKkTS15WQ7BBao1183_aUQhHIsC_AH6QCoV4ZbC7a1ZjgwZfJrU9aM7S3O67aPBxWXMemf5lV-n6vMqTzMyVDWjeACU3_x33feyHZfOpvm3ZMFewcbYTVf0e6BLjA2QydSqUcC3pn-c98AhS3xsgamGSn3v2M5gnccuTMOu73elzN7Zd7lQ"}'
    headers:
      cache-control:
      - no-cache
      content-length:
      - '464'
      content-type:
      - application/json; charset=utf-8
      date:
      - Mon, 21 Oct 2019 22:53:53 GMT
      expires:
      - '-1'
      pragma:
      - no-cache
      server:
      - Microsoft-IIS/10.0
      strict-transport-security:
      - max-age=31536000;includeSubDomains
      x-aspnet-version:
      - 4.0.30319
      x-content-type-options:
      - nosniff
      x-ms-keyvault-network-info:
      - addr=131.107.160.72;act_addr_fam=InterNetwork;
      x-ms-keyvault-region:
      - westus
      x-ms-keyvault-service-version:
      - 1.1.0.879
      x-powered-by:
      - ASP.NET
    status:
      code: 200
      message: OK
- request:
    body: '{"alg": "RS512", "value": "zZyL-eOHDnnq34aZaWgBMobx4x2Pm3mPRo4eqnRmLK6sE0jsXZFOFhMXaTcvILQxovTsMMh9JupeojYCnDvfrQ"}'
    headers:
      Accept:
      - application/json
      Accept-Encoding:
      - gzip, deflate
      Connection:
      - keep-alive
      Content-Length:
      - '115'
      Content-Type:
      - application/json; charset=utf-8
      User-Agent:
      - azsdk-python-keyvault-keys/4.0.0b5 Python/3.6.6 (Windows-10-10.0.18362-SP0)
    method: POST
    uri: https://vault458ad70cc755c41090.vault.azure.net/keys/rsa-verify-2048/21a0914473434ac79d8355887adb341f/sign?api-version=7.0
  response:
    body:
      string: '{"kid":"https://vault458ad70cc755c41090.vault.azure.net/keys/rsa-verify-2048/21a0914473434ac79d8355887adb341f","value":"BLLIYw5fuCYkQfgct5ILYupmUlt4N6VqponcglCT5-nFl_pNvIBiKBejsmn3778vyUGzhvP54DbadAU3gy9QdPlwtykxh3PAiP-Vp3YT8ax50aYTVuMMeqpnd023N4GqyhMGZ08INhhqjH4Qka8eNVrUtH47dh5jlIRfrJEbelKq9iS-WNAKEWOOg8rh5pO0V4cl3dsw1vikPYK6YltZs1U3M0sLyLutyvpR378SJ8RD8lHmufNIC9FGxH5uTONQFFzxYmnQLx7YdyIW6TPKWsISYhJOkhzT1tpcxnK6WoSgMIgO4C_qVLlPTyhLbCDj18ltrCBS5gYBEPm5IZ9s6g"}'
    headers:
      cache-control:
      - no-cache
      content-length:
      - '464'
      content-type:
      - application/json; charset=utf-8
      date:
      - Mon, 21 Oct 2019 22:53:53 GMT
      expires:
      - '-1'
      pragma:
      - no-cache
      server:
      - Microsoft-IIS/10.0
      strict-transport-security:
      - max-age=31536000;includeSubDomains
      x-aspnet-version:
      - 4.0.30319
      x-content-type-options:
      - nosniff
      x-ms-keyvault-network-info:
      - addr=131.107.160.72;act_addr_fam=InterNetwork;
      x-ms-keyvault-region:
      - westus
      x-ms-keyvault-service-version:
      - 1.1.0.879
      x-powered-by:
      - ASP.NET
    status:
      code: 200
      message: OK
- request:
    body: '{"kty": "RSA", "key_size": 3072}'
    headers:
      Accept:
      - application/json
      Accept-Encoding:
      - gzip, deflate
      Connection:
      - keep-alive
      Content-Length:
      - '32'
      Content-Type:
      - application/json; charset=utf-8
      User-Agent:
      - azsdk-python-keyvault-keys/4.0.0b5 Python/3.6.6 (Windows-10-10.0.18362-SP0)
    method: POST
    uri: https://vault458ad70cc755c41090.vault.azure.net/keys/rsa-verify-3072/create?api-version=7.0
  response:
    body:
      string: '{"key":{"kid":"https://vault458ad70cc755c41090.vault.azure.net/keys/rsa-verify-3072/3659905d19a64bd09f98663e3c9ed68e","kty":"RSA","key_ops":["encrypt","decrypt","sign","verify","wrapKey","unwrapKey"],"n":"qWO4j-rwmqnbwzPNgjB5qQlfQJJZiFwVzCg-f1dOP9fIMdSaXHg1m3sU2ufwkgsrUDzVNTQ_URNTJxc3bt8MPbOhgTejOgh6EP38AEboJSGFfeGTF5DYxpgs08W07nu7bw8uj6I0nM2pZJ7-POXyVqVCGjn4qnb6LnszKF1RKI2uSmDlEWJHmTTwDjnjtHAtcUAUhTD16WV9iSg55yjHO14y01Bk_f464jkeBB1CrbNMLKXsnvJJLL3Uh3YSBj-n_5Q5Pv-qMX45dbqR2oeRxStUe05J911foTP4lD9-QGy_sWuDkmKSK-nOUB5Ak48KSx1zm78NxJo2bwq3l_WKuy-vxeyFR2MO9k-brSl7283Jdx-rZkOniVmOJvO49dNr1dCnOvDTATyWmDx6U_1j6uTM0TtTH826YD4PPXJ03OwAinjx516uOGPQrCL5VlkI748N7ostjI3vmgNarUDOYfQvuQ9nIpXu-okyYAvqr8LQpV31ltXWjyecT1QCiwVN","e":"AQAB"},"attributes":{"enabled":true,"created":1571698434,"updated":1571698434,"recoveryLevel":"Purgeable"}}'
    headers:
      cache-control:
      - no-cache
      content-length:
      - '831'
      content-type:
      - application/json; charset=utf-8
      date:
      - Mon, 21 Oct 2019 22:53:53 GMT
      expires:
      - '-1'
      pragma:
      - no-cache
      server:
      - Microsoft-IIS/10.0
      strict-transport-security:
      - max-age=31536000;includeSubDomains
      x-aspnet-version:
      - 4.0.30319
      x-content-type-options:
      - nosniff
      x-ms-keyvault-network-info:
      - addr=131.107.160.72;act_addr_fam=InterNetwork;
      x-ms-keyvault-region:
      - westus
      x-ms-keyvault-service-version:
      - 1.1.0.879
      x-powered-by:
      - ASP.NET
    status:
      code: 200
      message: OK
- request:
    body: '{"alg": "PS256", "value": "vgZc0NQUb6WMKX___V2JntcFRO_vszKwSAj7R2rL1zg"}'
    headers:
      Accept:
      - application/json
      Accept-Encoding:
      - gzip, deflate
      Connection:
      - keep-alive
      Content-Length:
      - '72'
      Content-Type:
      - application/json; charset=utf-8
      User-Agent:
      - azsdk-python-keyvault-keys/4.0.0b5 Python/3.6.6 (Windows-10-10.0.18362-SP0)
    method: POST
    uri: https://vault458ad70cc755c41090.vault.azure.net/keys/rsa-verify-3072/3659905d19a64bd09f98663e3c9ed68e/sign?api-version=7.0
  response:
    body:
      string: '{"kid":"https://vault458ad70cc755c41090.vault.azure.net/keys/rsa-verify-3072/3659905d19a64bd09f98663e3c9ed68e","value":"jTs1OGMcBzHH6gGbymbvevBhZ-4m6w_WHsohqCqqcCQjF-FYa4vfocQ_wRyKIXBrdwt_5s_NFdxqcqZFSV1l3-CqybnHaZMU5mAG-ijHLDShwJRVfSVAA8X8BJnSS5BUeOCgCvZ9MnHpneV8mzLU-wBbfZJ4RVjMY2_MvwF6LhzyW6yNlc6bj1aTmBMYN6xBmhn3sRuHCcsCYO5T11Ibq8jRhrV6vGvSIuj8NmrUDtRhWylI0eHzefi1e5lXXzBTmYXZoNyKy_Y8VgOfOfjCgEE9vy1k6_TlXGZ2lbB83J2jfCOuFGyCzamyWclaZAXBTMLS26KtGrwuBwSShICk-jVC4jFQtod2girA0G5gCdg8fMtGDGY_ad029tm_oPYOdtx27pZWa8Ax2UvFaeD4pPnhZlbAvnoOYswELjOqssd4VJpJcfPSlZ1IJPHkgYKW7zbgCxNC5FnKXiy5FIfRIa-s_U0mPiCw72poZwK6d2RL_1SIyZDwsuY79h7Taf-B"}'
    headers:
      cache-control:
      - no-cache
      content-length:
      - '634'
      content-type:
      - application/json; charset=utf-8
      date:
      - Mon, 21 Oct 2019 22:53:54 GMT
      expires:
      - '-1'
      pragma:
      - no-cache
      server:
      - Microsoft-IIS/10.0
      strict-transport-security:
      - max-age=31536000;includeSubDomains
      x-aspnet-version:
      - 4.0.30319
      x-content-type-options:
      - nosniff
      x-ms-keyvault-network-info:
      - addr=131.107.160.72;act_addr_fam=InterNetwork;
      x-ms-keyvault-region:
      - westus
      x-ms-keyvault-service-version:
      - 1.1.0.879
      x-powered-by:
      - ASP.NET
    status:
      code: 200
      message: OK
- request:
    body: '{"alg": "PS384", "value": "OnZY76NXJ8_MBkjnc9b9RiaL5OYscmrTal040wQuLFlRrnLvJFecIvZl2KjXqwVB"}'
    headers:
      Accept:
      - application/json
      Accept-Encoding:
      - gzip, deflate
      Connection:
      - keep-alive
      Content-Length:
      - '93'
      Content-Type:
      - application/json; charset=utf-8
      User-Agent:
      - azsdk-python-keyvault-keys/4.0.0b5 Python/3.6.6 (Windows-10-10.0.18362-SP0)
    method: POST
    uri: https://vault458ad70cc755c41090.vault.azure.net/keys/rsa-verify-3072/3659905d19a64bd09f98663e3c9ed68e/sign?api-version=7.0
  response:
    body:
      string: '{"kid":"https://vault458ad70cc755c41090.vault.azure.net/keys/rsa-verify-3072/3659905d19a64bd09f98663e3c9ed68e","value":"CPE9rdR7nd-0yQICVCFU8GGoeX7_944o5vJ57OntabDgy2oXY01CBpkL4YzJnuCPA-BhPTlblNZJgfwnXntKhVu1OOv0oq79mmtQje45VQQ_ldTjgezobNGMz0V7nT6fhhdWGlCjCePHixFyRK4LhAIPIa4hDwb2i9TyAzQlHKk-zfrYuQM5CQZx1iwmqCE5obBdSSOOnR9Qv16nPqFsj7cbc5huxuIzy5GFrlE0Kter1v4dp5JM1jXD8BdPf2_50gJ_VOj2sc1S7UwiAGrQQz_pLYCGcwZ0agh1jb4WVbBSHJWAqMSB_ljnGVb-_uDkYI-kRaVA5xKsR6Mw3MiEP_18oVYCDLOUB8_PZeS5yc8gMHv9GhlJMOhEa-jAeImR8v2LZOxn23apwsNhImWAzs4GVudytJxQ_y84XUGCe_QvVn-d9twkdKxRrzXs-R2lOavIJih2KooZilcqacp9_wbOoD2Cwow7U5ygVrzWfNSaHHt1GVwo5rL-zCYtQ8Ho"}'
    headers:
      cache-control:
      - no-cache
      content-length:
      - '634'
      content-type:
      - application/json; charset=utf-8
      date:
      - Mon, 21 Oct 2019 22:53:54 GMT
      expires:
      - '-1'
      pragma:
      - no-cache
      server:
      - Microsoft-IIS/10.0
      strict-transport-security:
      - max-age=31536000;includeSubDomains
      x-aspnet-version:
      - 4.0.30319
      x-content-type-options:
      - nosniff
      x-ms-keyvault-network-info:
      - addr=131.107.160.72;act_addr_fam=InterNetwork;
      x-ms-keyvault-region:
      - westus
      x-ms-keyvault-service-version:
      - 1.1.0.879
      x-powered-by:
      - ASP.NET
    status:
      code: 200
      message: OK
- request:
    body: '{"alg": "PS512", "value": "zZyL-eOHDnnq34aZaWgBMobx4x2Pm3mPRo4eqnRmLK6sE0jsXZFOFhMXaTcvILQxovTsMMh9JupeojYCnDvfrQ"}'
    headers:
      Accept:
      - application/json
      Accept-Encoding:
      - gzip, deflate
      Connection:
      - keep-alive
      Content-Length:
      - '115'
      Content-Type:
      - application/json; charset=utf-8
      User-Agent:
      - azsdk-python-keyvault-keys/4.0.0b5 Python/3.6.6 (Windows-10-10.0.18362-SP0)
    method: POST
    uri: https://vault458ad70cc755c41090.vault.azure.net/keys/rsa-verify-3072/3659905d19a64bd09f98663e3c9ed68e/sign?api-version=7.0
  response:
    body:
      string: '{"kid":"https://vault458ad70cc755c41090.vault.azure.net/keys/rsa-verify-3072/3659905d19a64bd09f98663e3c9ed68e","value":"mUNOs-Fncok5h_Ie10OPaI6Giayb872xV3g68fTEO3E0Gfr4zhwIZHnz0TEfQnEUlvj5-ZitrV0q0oVhOrUBTT8OYvumkKcBq1kS-izIzVOD1D0qHSXqaEHXJ4lOhKVrK4wlSbhE7jDsta5HUK_V9Fkp2EvDxexIe-N4Tn7o4nvQRuWmMQygUMfDm6BXj_1AQoWkDoFDtu5UL27FEu4hKXw13OwvY3xR9n_g57_M26hZcwKGqeXY5tSAORhq7x2KyMoWFm97Jv6nRU4u2Y3o53t16ubEHe5U72gFT1JrcNXMYeCcMqgAC-bEnzw9BwvYZgOj1e9YmTj3OJbQPqua-Dp6I_XH9RFCIYSCV_M92Oso11IPQZ7FndoOvtA-nezA5prG7IG73XaotNTeRqKw4L4HanXqeo33BFjHSrSrLIkBS5pWGVfva1eQaDTKZyHCgcRy2FwlsVkOJBFXlYn8QSDROHZuWXjfv-bWvPukJS4kkKqI4ny3vFAHoHUSRFMm"}'
    headers:
      cache-control:
      - no-cache
      content-length:
      - '634'
      content-type:
      - application/json; charset=utf-8
      date:
      - Mon, 21 Oct 2019 22:53:54 GMT
      expires:
      - '-1'
      pragma:
      - no-cache
      server:
      - Microsoft-IIS/10.0
      strict-transport-security:
      - max-age=31536000;includeSubDomains
      x-aspnet-version:
      - 4.0.30319
      x-content-type-options:
      - nosniff
      x-ms-keyvault-network-info:
      - addr=131.107.160.72;act_addr_fam=InterNetwork;
      x-ms-keyvault-region:
      - westus
      x-ms-keyvault-service-version:
      - 1.1.0.879
      x-powered-by:
      - ASP.NET
    status:
      code: 200
      message: OK
- request:
    body: '{"alg": "RS256", "value": "vgZc0NQUb6WMKX___V2JntcFRO_vszKwSAj7R2rL1zg"}'
    headers:
      Accept:
      - application/json
      Accept-Encoding:
      - gzip, deflate
      Connection:
      - keep-alive
      Content-Length:
      - '72'
      Content-Type:
      - application/json; charset=utf-8
      User-Agent:
      - azsdk-python-keyvault-keys/4.0.0b5 Python/3.6.6 (Windows-10-10.0.18362-SP0)
    method: POST
    uri: https://vault458ad70cc755c41090.vault.azure.net/keys/rsa-verify-3072/3659905d19a64bd09f98663e3c9ed68e/sign?api-version=7.0
  response:
    body:
      string: '{"kid":"https://vault458ad70cc755c41090.vault.azure.net/keys/rsa-verify-3072/3659905d19a64bd09f98663e3c9ed68e","value":"qWKSWyFLGSG4h_WDLf0rGomCkAFe1jCUmTUcy4hh5EFUqp6J7RkM_4ao9zvcGvMteTEqmRwDZPmCsHSkxXKyPeWo3VoTFO_jJ70A6RFSQO7Zjh3madefyy6XBwtNbVjG5_sLGvsJRluHJieZmuy1aOKVAUxIyaVGj-OCecP1dLNSkj3WKHlKBbmbkOpJD9nH6vT0eSedqiLF2gmm8W9aAb532uxhsVyWP_vA96uhr3g1Kt6JouFC4QG8kWCXYwSeSkSHBhlIE0Z1fPv1fqJY4KRx2JlfuQV6iQVU11ukJDH4tx7i0Kwk4oe6Xcj-qAmkErrB68vQ-cyTtWPRVKefgEa-H6Jodt9YArCp-FTqVMD0O_sZoto3fySpH-0FLUcU8fPx5NdU55seFocy1fadjADP6tQuggqzoAeuH6ZFv0jOO9_IqbuIgKHlX4MI20zhoHY3XpR3pCPa-tze9nORKShIDXmXGdp3AJqyldMC1G3Oo7ubeOv7GoV29OVYe9Ii"}'
    headers:
      cache-control:
      - no-cache
      content-length:
      - '634'
      content-type:
      - application/json; charset=utf-8
      date:
      - Mon, 21 Oct 2019 22:53:54 GMT
      expires:
      - '-1'
      pragma:
      - no-cache
      server:
      - Microsoft-IIS/10.0
      strict-transport-security:
      - max-age=31536000;includeSubDomains
      x-aspnet-version:
      - 4.0.30319
      x-content-type-options:
      - nosniff
      x-ms-keyvault-network-info:
      - addr=131.107.160.72;act_addr_fam=InterNetwork;
      x-ms-keyvault-region:
      - westus
      x-ms-keyvault-service-version:
      - 1.1.0.879
      x-powered-by:
      - ASP.NET
    status:
      code: 200
      message: OK
- request:
    body: '{"alg": "RS384", "value": "OnZY76NXJ8_MBkjnc9b9RiaL5OYscmrTal040wQuLFlRrnLvJFecIvZl2KjXqwVB"}'
    headers:
      Accept:
      - application/json
      Accept-Encoding:
      - gzip, deflate
      Connection:
      - keep-alive
      Content-Length:
      - '93'
      Content-Type:
      - application/json; charset=utf-8
      User-Agent:
      - azsdk-python-keyvault-keys/4.0.0b5 Python/3.6.6 (Windows-10-10.0.18362-SP0)
    method: POST
    uri: https://vault458ad70cc755c41090.vault.azure.net/keys/rsa-verify-3072/3659905d19a64bd09f98663e3c9ed68e/sign?api-version=7.0
  response:
    body:
      string: '{"kid":"https://vault458ad70cc755c41090.vault.azure.net/keys/rsa-verify-3072/3659905d19a64bd09f98663e3c9ed68e","value":"a-Hoxbvu4ueT1tbMyJeyOAmqyy81Z8f7LCx921Vu5uC7oA0bLbLaK4ccMKhKtk-1vJZig6pID08sj8W85S1I-T4r1X1g3JeoO_nLCRfAMsYzye-t5_VRQvOA6Prlt5pKabGsBNDFN3ShNizEF3Y7bJ7A2PXIF4iLElcAsSBLhiuCfoBpLFepB48u7TOEW04zQx1aglAuWzLDIKGv9Nz807N48lsnC-YBfe157BkzQvPqLxJde5qfRIKm3G68Y3nnQDeCd5wlKUMBEhyPXtXBOLjuEg0vg2MouREhiNYs_E8sQEDctjb8XZLbcIPdkVBE_dtiSnQgZAmhT4u0C9zHrecpxLhvuevw57uVuplGpoTgS7ky7xb6O6pICGXPHtseyyjlCgqxKqbdkwl-y0bqhoi5LEt2R9M9v_Mjm-mMUwQ0Li0EkDJ_3D2R-RmRJuiBXA_LgO-oUOwXTdWLgPpSgRHC_CrKQL2Wgi4696iJCV5a75UMpEBNG9Hu9G97-qP-"}'
    headers:
      cache-control:
      - no-cache
      content-length:
      - '634'
      content-type:
      - application/json; charset=utf-8
      date:
      - Mon, 21 Oct 2019 22:53:54 GMT
      expires:
      - '-1'
      pragma:
      - no-cache
      server:
      - Microsoft-IIS/10.0
      strict-transport-security:
      - max-age=31536000;includeSubDomains
      x-aspnet-version:
      - 4.0.30319
      x-content-type-options:
      - nosniff
      x-ms-keyvault-network-info:
      - addr=131.107.160.72;act_addr_fam=InterNetwork;
      x-ms-keyvault-region:
      - westus
      x-ms-keyvault-service-version:
      - 1.1.0.879
      x-powered-by:
      - ASP.NET
    status:
      code: 200
      message: OK
- request:
    body: '{"alg": "RS512", "value": "zZyL-eOHDnnq34aZaWgBMobx4x2Pm3mPRo4eqnRmLK6sE0jsXZFOFhMXaTcvILQxovTsMMh9JupeojYCnDvfrQ"}'
    headers:
      Accept:
      - application/json
      Accept-Encoding:
      - gzip, deflate
      Connection:
      - keep-alive
      Content-Length:
      - '115'
      Content-Type:
      - application/json; charset=utf-8
      User-Agent:
      - azsdk-python-keyvault-keys/4.0.0b5 Python/3.6.6 (Windows-10-10.0.18362-SP0)
    method: POST
    uri: https://vault458ad70cc755c41090.vault.azure.net/keys/rsa-verify-3072/3659905d19a64bd09f98663e3c9ed68e/sign?api-version=7.0
  response:
    body:
      string: '{"kid":"https://vault458ad70cc755c41090.vault.azure.net/keys/rsa-verify-3072/3659905d19a64bd09f98663e3c9ed68e","value":"UkS4tsJR3bhOjocMgtyVN0lDrmP_IQekv7K5jXT8XXYEN2Jl9ACBKtX7ErCGt6_OCM12veZhX8cWYP4uMa4-xwzD2o4NdTxX9TrnMOZaIB_xdtcBlw33eIM3oNOtqV83ExdqrwDWFMu2a7-3EfWT6GRCv91LtTnSeMxZfNGBtXbtQVwqKmwAHqdxUpgjwEwMUhadoShCBaTJRVCJJbiLPNuJxicJaKXqpv2FTlG6Y7xEEy8IgQUdCoqtlws23A-emYxBhs6DlW31KH5bokipXhJJvlCfalwc_IA8iwYcCBo2-Y-sb1fJviqe8rC__Q3sryZp783TDZucbl0v5Akpq92RFUsaOpXjwmWhABveecRM-S5fjvEWYBPFLNuz2OawEnIdTZVHUUwQ5AvZZtpRGP_mqLgJkc2l_gQxCDt7YlKjUL3WbJL4_xelv1pW7XwJ_dGsTZjP2nBvCXQl01cEsmhRb3o2LPTiUvlH8AMvH4M9pX2rluw6Ksm_pCmDkTs1"}'
    headers:
      cache-control:
      - no-cache
      content-length:
      - '634'
      content-type:
      - application/json; charset=utf-8
      date:
      - Mon, 21 Oct 2019 22:53:54 GMT
      expires:
      - '-1'
      pragma:
      - no-cache
      server:
      - Microsoft-IIS/10.0
      strict-transport-security:
      - max-age=31536000;includeSubDomains
      x-aspnet-version:
      - 4.0.30319
      x-content-type-options:
      - nosniff
      x-ms-keyvault-network-info:
      - addr=131.107.160.72;act_addr_fam=InterNetwork;
      x-ms-keyvault-region:
      - westus
      x-ms-keyvault-service-version:
      - 1.1.0.879
      x-powered-by:
      - ASP.NET
    status:
      code: 200
      message: OK
- request:
    body: '{"kty": "RSA", "key_size": 4096}'
    headers:
      Accept:
      - application/json
      Accept-Encoding:
      - gzip, deflate
      Connection:
      - keep-alive
      Content-Length:
      - '32'
      Content-Type:
      - application/json; charset=utf-8
      User-Agent:
      - azsdk-python-keyvault-keys/4.0.0b5 Python/3.6.6 (Windows-10-10.0.18362-SP0)
    method: POST
    uri: https://vault458ad70cc755c41090.vault.azure.net/keys/rsa-verify-4096/create?api-version=7.0
  response:
    body:
      string: '{"key":{"kid":"https://vault458ad70cc755c41090.vault.azure.net/keys/rsa-verify-4096/07efac33e52045adb2de386e6916aca1","kty":"RSA","key_ops":["encrypt","decrypt","sign","verify","wrapKey","unwrapKey"],"n":"vFDg8cMwVsiJi-J1rzQDFZQCGrDk5qUFYvT-zbLC2wYNp4VnO4m-rW3k2aMWoKGDfu04J3pdav76GALmhbLwHAfsLXQpVdQC-Tqomcxujdkt8TkBtzq_homOolQzs-ulaKuOeG1G8zdkvGJlQPoG88X5-V5Gr7dLfvWST3EVjheOB7-xHTCX2gwEcFbr-FvjIFY_3s_XGQJ1MmRbIZLJymapwOhH8jRhRu9nhi1SRDEl2xjWM6vBi5z8RdSXf9u8CAoUTN7nRj0uKlYdsXLQ1-DnCuTqZo7ggKCMT2ba8-fy99MUyZBThGZsgBF1u1F-iCtpLRE7Q6UJV1Hzp-cgkZ9vCS-Cxw-Vhaj2IBcX2epc5ec-JXED1GSbaI_BobjXSLBbU89q_nMOaAOCPAAM5p58j7P8KPhYTP1_OFqbYAKIO6hE6anjXSCWeAn8siXTNMrtoUDQfugeYtSwreKY2fReCX70AHv2Ael1DOWMzFtdQIw-I_gxOrSmIbInVsNWi0gz9iittY0VJY4R7qRXwnE0xbGMmp_W4LHINelbul3oOYBJfwfdFn5xkciAl-SYAqXIFlst4WgZOwUL2yYmYjs0K9RUK7AYCrMMx6xq8KHRoJ9i_sgFCKIG54PAenvHWmgGBHDArMQ9fsmv17LZbS-QEqGZ4f9dEqa-UeWugc0","e":"AQAB"},"attributes":{"enabled":true,"created":1571698436,"updated":1571698436,"recoveryLevel":"Purgeable"}}'
    headers:
      cache-control:
      - no-cache
      content-length:
      - '1002'
      content-type:
      - application/json; charset=utf-8
      date:
      - Mon, 21 Oct 2019 22:53:56 GMT
      expires:
      - '-1'
      pragma:
      - no-cache
      server:
      - Microsoft-IIS/10.0
      strict-transport-security:
      - max-age=31536000;includeSubDomains
      x-aspnet-version:
      - 4.0.30319
      x-content-type-options:
      - nosniff
      x-ms-keyvault-network-info:
      - addr=131.107.160.72;act_addr_fam=InterNetwork;
      x-ms-keyvault-region:
      - westus
      x-ms-keyvault-service-version:
      - 1.1.0.879
      x-powered-by:
      - ASP.NET
    status:
      code: 200
      message: OK
- request:
    body: '{"alg": "PS256", "value": "vgZc0NQUb6WMKX___V2JntcFRO_vszKwSAj7R2rL1zg"}'
    headers:
      Accept:
      - application/json
      Accept-Encoding:
      - gzip, deflate
      Connection:
      - keep-alive
      Content-Length:
      - '72'
      Content-Type:
      - application/json; charset=utf-8
      User-Agent:
      - azsdk-python-keyvault-keys/4.0.0b5 Python/3.6.6 (Windows-10-10.0.18362-SP0)
    method: POST
    uri: https://vault458ad70cc755c41090.vault.azure.net/keys/rsa-verify-4096/07efac33e52045adb2de386e6916aca1/sign?api-version=7.0
  response:
    body:
      string: '{"kid":"https://vault458ad70cc755c41090.vault.azure.net/keys/rsa-verify-4096/07efac33e52045adb2de386e6916aca1","value":"ZftR5Dc9kGLtV_44Be7Qy2Wg0VkTYjeSaDifshoqBMup3uZgM9ycIw5gN2lUNoo5Tbi1bY0LPzcHDOc5WZrbOIPFcs2vNtwmL57zLAi6QFH13VJH5eqHFzFyJGRHaYW2cACSFXc9IQVQXiRkS-r9dC6WNj35gUH24GAFmI7RIhTBWoivp47LHx3I7g6vH3XdleJA8klZDuMxO4Bx6VAKaxjv-8o4iC83ZMLXxB56v4GEo_BgbudrBn3BzLCZ3hYDAUXDIqmPaOyeNZqj0Ls48wzWXQ52BBbw7Zb4z6uxCNFpN7YL0s-UXfiMtIVsoZM0sr7hClj7r8-RPFsm9pO_YeQp7E9-wwYNCY0d5T3-kuMfOl6gsmvhbZRHV_akP-x_tWbaDUn_NX-bBttoXgylhnbM14lwYbT5LeuC_N7xS_dxuiTyQ9947AvdhhcgUcSxpo0eHroeBb5OxnvROZC9BOnMC9ub05eyOBu8UCmMdKXyTuBIn2rmYW-vfHXhOeZyDHI6CxDYqWDhFVBti_yuTF6PYYlmirIHAllRpMP6yRfc2oD8TJ9Wk7-59bV1ofR8VWMTJiO55hgMn7Z04pwdCTMwr4CCT0JfheHPMrXF1VH-rgRP3iSEU1ozrOtF5khkpnL_dcV8Sitl9K-dRt64I1cwlVveoNt5CI9-eIAb3yc"}'
    headers:
      cache-control:
      - no-cache
      content-length:
      - '805'
      content-type:
      - application/json; charset=utf-8
      date:
      - Mon, 21 Oct 2019 22:53:56 GMT
      expires:
      - '-1'
      pragma:
      - no-cache
      server:
      - Microsoft-IIS/10.0
      strict-transport-security:
      - max-age=31536000;includeSubDomains
      x-aspnet-version:
      - 4.0.30319
      x-content-type-options:
      - nosniff
      x-ms-keyvault-network-info:
      - addr=131.107.160.72;act_addr_fam=InterNetwork;
      x-ms-keyvault-region:
      - westus
      x-ms-keyvault-service-version:
      - 1.1.0.879
      x-powered-by:
      - ASP.NET
    status:
      code: 200
      message: OK
- request:
    body: '{"alg": "PS384", "value": "OnZY76NXJ8_MBkjnc9b9RiaL5OYscmrTal040wQuLFlRrnLvJFecIvZl2KjXqwVB"}'
    headers:
      Accept:
      - application/json
      Accept-Encoding:
      - gzip, deflate
      Connection:
      - keep-alive
      Content-Length:
      - '93'
      Content-Type:
      - application/json; charset=utf-8
      User-Agent:
      - azsdk-python-keyvault-keys/4.0.0b5 Python/3.6.6 (Windows-10-10.0.18362-SP0)
    method: POST
    uri: https://vault458ad70cc755c41090.vault.azure.net/keys/rsa-verify-4096/07efac33e52045adb2de386e6916aca1/sign?api-version=7.0
  response:
    body:
      string: '{"kid":"https://vault458ad70cc755c41090.vault.azure.net/keys/rsa-verify-4096/07efac33e52045adb2de386e6916aca1","value":"IOEcCsjsNXCkkBa3p5mlYX1jynQe-Sp1Spg8S9aLVoKFX3VbRZnBrAWn21bqt8okL_Jr964knZS9t1hsRuo-QEvi5TuXI_x_0qMdmZwNzbiL47O0dyMXdHFEgg3zDs49H0WtpmFqKnvcvgFNV2VdwohVmZmi_edkVH4MWpdaF1xRip9pS38uNxTtpEgBZYLVJ_KthGmqDGUbXeRo-OAbMb25xLzWJ9qk9VA5IebHGN6rUk0TbSlngPWnPT6001Xl6sPBrR3V25pAx0KRNgUyBFryjv-WTk1HqXwk2UDNyQDYsMZSbkJ82pTZNz77eBrSqinb-C7QCKE7G7xXPUovyaywaDHXQiyZy3e-2strhMZ2LFpsWQVLC0BUG9yT0UzoVRRZCzN2KzpS2sT5gHw7D-U_w2zFlYzvbOPVVqNxqk3l3HrAK_YgB3fF1wLaG-x_z2dHoPXENti0MsNY5BMdwF2X2wXp89CxQBSaFTd1F73JQhrEI65WtoO6gf7vnhDjVgc3ERNwwdPZeIp-00rQ0sOSMX99IickeYDLfT5BQL_8zCHEuyhYkgovXrdslJHllQ93_4shGzCIrnJhMAA4cm-Ie9ViFa8ZOhBs6Wefwdk-vlns_MTXukr64F_EEsoOjyXDUZx7vUXqXeb3DNqL8ZkOSe_3Cjieg25f1Um6gM4"}'
    headers:
      cache-control:
      - no-cache
      content-length:
      - '805'
      content-type:
      - application/json; charset=utf-8
      date:
      - Mon, 21 Oct 2019 22:53:56 GMT
      expires:
      - '-1'
      pragma:
      - no-cache
      server:
      - Microsoft-IIS/10.0
      strict-transport-security:
      - max-age=31536000;includeSubDomains
      x-aspnet-version:
      - 4.0.30319
      x-content-type-options:
      - nosniff
      x-ms-keyvault-network-info:
      - addr=131.107.160.72;act_addr_fam=InterNetwork;
      x-ms-keyvault-region:
      - westus
      x-ms-keyvault-service-version:
      - 1.1.0.879
      x-powered-by:
      - ASP.NET
    status:
      code: 200
      message: OK
- request:
    body: '{"alg": "PS512", "value": "zZyL-eOHDnnq34aZaWgBMobx4x2Pm3mPRo4eqnRmLK6sE0jsXZFOFhMXaTcvILQxovTsMMh9JupeojYCnDvfrQ"}'
    headers:
      Accept:
      - application/json
      Accept-Encoding:
      - gzip, deflate
      Connection:
      - keep-alive
      Content-Length:
      - '115'
      Content-Type:
      - application/json; charset=utf-8
      User-Agent:
      - azsdk-python-keyvault-keys/4.0.0b5 Python/3.6.6 (Windows-10-10.0.18362-SP0)
    method: POST
    uri: https://vault458ad70cc755c41090.vault.azure.net/keys/rsa-verify-4096/07efac33e52045adb2de386e6916aca1/sign?api-version=7.0
  response:
    body:
      string: '{"kid":"https://vault458ad70cc755c41090.vault.azure.net/keys/rsa-verify-4096/07efac33e52045adb2de386e6916aca1","value":"JS94aX6fgAQtMmwdLLwb7UGtIyYy76ZWywdLiFHqVcllbukL6F-6smqQK_6auk_Y_f63Uu_kHDE3aodwiDBiF93uCs4hw3oZQAaV09QzJa33S9GC_viqeLcsfKyDwQtICnClvD6nseFgv6wBd2szqGNaIw2ODWCRK5XD3YGIZJ_d9MDo5N31_2wVDOt1Opxs6ctM-Wy9rxIQmVSZ6YuwAdwyGeJmS77V-JDt-pBDo1LJRqzGD5_3oy8_JYFtLab7Pj--INcCYF-AEDPQUEBCLLvEqzpQhZAAg0pYhH6WxdNHebM-G5TQKwXTXf5kRqdXPJocfxJ6KFZOMSBEtyaz7w2nEZ78_50JsoaB2fu22ff70kv0w1Nc1daAESoiVsQ7uBjcNcmNFWXKc-abUqZ6kf15_WGHowHZ3ruHYok7XLfDry8Y-mkD9OtgVOGCrmtpqbNTX2Vw6BHuz54nVGr0R0xRiUnF5W1B4HOO2VWjD2JDuQJ4TuCq4X82e9RzkrnNftBDytnayrMtFdI5zcbAUgGO2d0dHs9j9dJ7LiuHZkTmwUJTDPtEBaStl6SVJI0Y0TbxJg_UfyQwnOZ4lLw-8jWKgRm9A5EjJvcxTPgz7TLvgTCB8ED-57XQqIGYxhqClP7D9vAa3YZ5eXbXXod3geBB0n1yKh7przdvGQFHU5M"}'
    headers:
      cache-control:
      - no-cache
      content-length:
      - '805'
      content-type:
      - application/json; charset=utf-8
      date:
      - Mon, 21 Oct 2019 22:53:56 GMT
      expires:
      - '-1'
      pragma:
      - no-cache
      server:
      - Microsoft-IIS/10.0
      strict-transport-security:
      - max-age=31536000;includeSubDomains
      x-aspnet-version:
      - 4.0.30319
      x-content-type-options:
      - nosniff
      x-ms-keyvault-network-info:
      - addr=131.107.160.72;act_addr_fam=InterNetwork;
      x-ms-keyvault-region:
      - westus
      x-ms-keyvault-service-version:
      - 1.1.0.879
      x-powered-by:
      - ASP.NET
    status:
      code: 200
      message: OK
- request:
    body: '{"alg": "RS256", "value": "vgZc0NQUb6WMKX___V2JntcFRO_vszKwSAj7R2rL1zg"}'
    headers:
      Accept:
      - application/json
      Accept-Encoding:
      - gzip, deflate
      Connection:
      - keep-alive
      Content-Length:
      - '72'
      Content-Type:
      - application/json; charset=utf-8
      User-Agent:
      - azsdk-python-keyvault-keys/4.0.0b5 Python/3.6.6 (Windows-10-10.0.18362-SP0)
    method: POST
    uri: https://vault458ad70cc755c41090.vault.azure.net/keys/rsa-verify-4096/07efac33e52045adb2de386e6916aca1/sign?api-version=7.0
  response:
    body:
      string: '{"kid":"https://vault458ad70cc755c41090.vault.azure.net/keys/rsa-verify-4096/07efac33e52045adb2de386e6916aca1","value":"enl1cSUzanWTSbZUTXR_JPshvECq21H9cabAri2gG-RYfDahHSyQdDQdGNY5gWTOd_IlkGgUqzUP_Zh0PBvMMbjZVlZxDpwB9sJ2eIiqgDncm71jGRcUEfOJUNEH30O-92We2d2kvkD0yv2lABPHxtOpPG0CYBkStIUnYx8QlaA-7B5DQ645PSZLYP280omfwBatVBA9FwdMDCiljNRvUvTXy6I0W-xxMJl_UsG9QoE-hqE2rSuwVuNl_fK8sbj5mOXU4InuQG7z8oIamakgxkJsDl8j-HR1jwbkH4uUrdyqXk1BfTiaCLjXb9R9k9-yKZ990lPJUDNJnRko3DjGRBLQGdSweLQ6FGWqNXlidgrjdhOSn2IdvyoCLqhHP61yL6_VwOsz4e2qWd_E00jCKNHylcluBk3Snnu0qpLOyiparIjy6nwFPPbEQBU0k0fyId3npTiLV8NUxrp5xe9wYwWB6xUH_3uZ9hQiWIJTzTIftVo3N1IQG-btBo1S95etl2gQzG9KZGTrdAQM6W_IRMFqF4bSdCVB_hsZ2L1B5feIzylTsLbZnjei1_8_Kk-GhhLzMX6Ifm-USnJzgagvMuUqxozlQrFCmTTR2CSOxkvqODPKcc_4KvqUU_s5zoBGdo-3DsMSzEMoIIvYjmkU1w-g2qyZ69dVhlR3t6AYxj0"}'
    headers:
      cache-control:
      - no-cache
      content-length:
      - '805'
      content-type:
      - application/json; charset=utf-8
      date:
      - Mon, 21 Oct 2019 22:53:56 GMT
      expires:
      - '-1'
      pragma:
      - no-cache
      server:
      - Microsoft-IIS/10.0
      strict-transport-security:
      - max-age=31536000;includeSubDomains
      x-aspnet-version:
      - 4.0.30319
      x-content-type-options:
      - nosniff
      x-ms-keyvault-network-info:
      - addr=131.107.160.72;act_addr_fam=InterNetwork;
      x-ms-keyvault-region:
      - westus
      x-ms-keyvault-service-version:
      - 1.1.0.879
      x-powered-by:
      - ASP.NET
    status:
      code: 200
      message: OK
- request:
    body: '{"alg": "RS384", "value": "OnZY76NXJ8_MBkjnc9b9RiaL5OYscmrTal040wQuLFlRrnLvJFecIvZl2KjXqwVB"}'
    headers:
      Accept:
      - application/json
      Accept-Encoding:
      - gzip, deflate
      Connection:
      - keep-alive
      Content-Length:
      - '93'
      Content-Type:
      - application/json; charset=utf-8
      User-Agent:
      - azsdk-python-keyvault-keys/4.0.0b5 Python/3.6.6 (Windows-10-10.0.18362-SP0)
    method: POST
    uri: https://vault458ad70cc755c41090.vault.azure.net/keys/rsa-verify-4096/07efac33e52045adb2de386e6916aca1/sign?api-version=7.0
  response:
    body:
      string: '{"kid":"https://vault458ad70cc755c41090.vault.azure.net/keys/rsa-verify-4096/07efac33e52045adb2de386e6916aca1","value":"qK9WxVnvDxM5EccZdx1iRUF-UANj0brEnPx2m5-DYsnc2gMGvgM6ZNUREDY5hq5nS9h03zOd7WWtXSZ7pvBBphDnTHKCRNQijcvCHXazVY27BEefoCuHbXnVPfrUiyD8nDokk7mU7hLMaOEQnfqzvuLh3I3NqqDrEM6BKRgmYgwCi-mbph8pwwSeMF-zehFkFuV_bjlunhvJ-5nQ3icucByRgh9miDoplXnU21cNc6ZYaKPaeqSbiLwFF9sfCLK5xZDprprelsJc0ZMyLthC4-YtUoUeHKqdd236vkEaHv_zUfLaa50ykYc3YLw8Az-Irabxgxfs0LA26Xzl9eOg4OOiLBpyORCfcCTqD5CuUh5TPg0nJVCbEISW2JTdJvDLUF6bqE6KpYCzToCcWhzBnGQT2svGHB_vtu1q7XTdG68Ny-zuGMHkNtiYjj1l9D3r0heN5VOJGDyFagUoq2EgvkL93Zjh9LpjEROtMXYEJNqZG6bwcUKuoGIli-roGIHEf72Sn_Crp8A-ooVw-FlGksBdyD4huqkLor-qIhBfR8GOP5aV_jvD3pmai1vV4QQetY8bwSCyk9ZXbg4Ws04N0RwjmeoAmXCkrIwAOrOE4bLamAz2QKEjeWBm7PN0z-qzqwdPiI9B39EBkzBQPbcWIg9OIQD_BBJY2elnlpPaFb8"}'
    headers:
      cache-control:
      - no-cache
      content-length:
      - '805'
      content-type:
      - application/json; charset=utf-8
      date:
      - Mon, 21 Oct 2019 22:53:56 GMT
      expires:
      - '-1'
      pragma:
      - no-cache
      server:
      - Microsoft-IIS/10.0
      strict-transport-security:
      - max-age=31536000;includeSubDomains
      x-aspnet-version:
      - 4.0.30319
      x-content-type-options:
      - nosniff
      x-ms-keyvault-network-info:
      - addr=131.107.160.72;act_addr_fam=InterNetwork;
      x-ms-keyvault-region:
      - westus
      x-ms-keyvault-service-version:
      - 1.1.0.879
      x-powered-by:
      - ASP.NET
    status:
      code: 200
      message: OK
- request:
    body: '{"alg": "RS512", "value": "zZyL-eOHDnnq34aZaWgBMobx4x2Pm3mPRo4eqnRmLK6sE0jsXZFOFhMXaTcvILQxovTsMMh9JupeojYCnDvfrQ"}'
    headers:
      Accept:
      - application/json
      Accept-Encoding:
      - gzip, deflate
      Connection:
      - keep-alive
      Content-Length:
      - '115'
      Content-Type:
      - application/json; charset=utf-8
      User-Agent:
      - azsdk-python-keyvault-keys/4.0.0b5 Python/3.6.6 (Windows-10-10.0.18362-SP0)
    method: POST
    uri: https://vault458ad70cc755c41090.vault.azure.net/keys/rsa-verify-4096/07efac33e52045adb2de386e6916aca1/sign?api-version=7.0
  response:
    body:
      string: '{"kid":"https://vault458ad70cc755c41090.vault.azure.net/keys/rsa-verify-4096/07efac33e52045adb2de386e6916aca1","value":"AIngst59cIFuKudOPiqkvdHgaVKxopmLfaihexpZ9t9jm-M-dWVct9ieauxO8ObIG11xtI5rIgnehhW-KizdtVSTf6BcZKgTw6r_UIi-2Dia55r0FPuIRHXV_s4iAKGk11zeYs2BU9ELDW1c0aKD8IbGdZsESnrgqfYfIMaSWuWHFHyHP8t9X7RYcJ6PcrqpscvGcMjeNAVOAF5BNjTX_5K5YlY_r_dCL1bgs3AuB5Ydjky0lK5iZdTRGBa0iWOcKH83m596OhWDrSrLyNtgUHE5_ByIZPL0XCeoChsmdW4tCcW9eMZAkk4GLc0Lnde7baYAlxejM9_0UcvT45i0oaZS3-FUr4E7j1JOFUuU7e2FWoh1h3D_ybH5Xcb9JhmHTEhaf2zGGRe9fEr6RriliB-OoB-lPwIK7Sp-_Nci_J7tRfmZVJy7cS8AKQuaXFGt9xUikt53EJRwByU1kvrmIur6U4lTY4bpCPPmtrGVb95U5XNQo6YXGmREqlFB6GfA3EJiPqfKlJJyfRPiirtw4BVSU2osmwznsv7d-W0m7RguVUVpxKwQ2nF3QZtHMMf6uwfK9YabQ1LYszxddc8zlpr6p58eoSd__fn6AO2eHHmTAuVCEJTTBsutKyq6ebkiX9P0TXaxksgNkTIvjxbLRAeK0P2O-2INf8j_6so_HJ4"}'
    headers:
      cache-control:
      - no-cache
      content-length:
      - '805'
      content-type:
      - application/json; charset=utf-8
      date:
      - Mon, 21 Oct 2019 22:53:56 GMT
      expires:
      - '-1'
      pragma:
      - no-cache
      server:
      - Microsoft-IIS/10.0
      strict-transport-security:
      - max-age=31536000;includeSubDomains
      x-aspnet-version:
      - 4.0.30319
      x-content-type-options:
      - nosniff
      x-ms-keyvault-network-info:
      - addr=131.107.160.72;act_addr_fam=InterNetwork;
      x-ms-keyvault-region:
      - westus
      x-ms-keyvault-service-version:
      - 1.1.0.879
      x-powered-by:
      - ASP.NET
    status:
      code: 200
      message: OK
version: 1
