interactions:
- request:
    body: null
    headers:
      Accept:
      - application/json
      Content-Length:
      - '0'
      Content-Type:
      - application/json
      User-Agent:
      - azsdk-python-keyvault-keys/4.5.0b1 Python/3.9.0 (Windows-10-10.0.19041-SP0)
    method: POST
    uri: https://vaultname.vault.azure.net/keys/livekvtestec-verify-P-25638e31d61/create?api-version=7.3-preview
  response:
    body:
      string: '{"error":{"code":"Unauthorized","message":"AKV10000: Request is missing
        a Bearer or PoP token."}}'
    headers:
      cache-control: no-cache
      content-length: '97'
      content-type: application/json; charset=utf-8
      date: Tue, 06 Jul 2021 21:03:53 GMT
      expires: '-1'
      pragma: no-cache
      strict-transport-security: max-age=31536000;includeSubDomains
      www-authenticate: Bearer authorization="https://login.windows.net/72f988bf-86f1-41af-91ab-2d7cd011db47",
        resource="https://vault.azure.net"
      x-content-type-options: nosniff
      x-ms-keyvault-network-info: conn_type=Ipv4;addr=172.92.159.124;act_addr_fam=InterNetwork;
      x-ms-keyvault-region: westus
      x-ms-keyvault-service-version: 1.9.12.0
      x-powered-by: ASP.NET
    status:
      code: 401
      message: Unauthorized
    url: https://mcpatinotest.vault.azure.net/keys/livekvtestec-verify-P-25638e31d61/create?api-version=7.3-preview
- request:
    body: '{"kty": "EC", "crv": "P-256"}'
    headers:
      Accept:
      - application/json
      Content-Length:
      - '29'
      Content-Type:
      - application/json
      User-Agent:
      - azsdk-python-keyvault-keys/4.5.0b1 Python/3.9.0 (Windows-10-10.0.19041-SP0)
    method: POST
    uri: https://vaultname.vault.azure.net/keys/livekvtestec-verify-P-25638e31d61/create?api-version=7.3-preview
  response:
    body:
      string: '{"key":{"kid":"https://vaultname.vault.azure.net/keys/livekvtestec-verify-P-25638e31d61/dfaae261f69c412284ee3d745be31a1b","kty":"EC","key_ops":["sign","verify"],"crv":"P-256","x":"xI8bYI95CKVpqOfzg0Z9dwt6pxF6SVp5lDxSfxSHVtM","y":"wwnVUYtbIK68xkqyZsA6oWQmFSIsdKxTPbenT37vBUw"},"attributes":{"enabled":true,"created":1625605434,"updated":1625605434,"recoveryLevel":"Recoverable+Purgeable","recoverableDays":90}}'
    headers:
      cache-control: no-cache
      content-length: '412'
      content-type: application/json; charset=utf-8
      date: Tue, 06 Jul 2021 21:03:54 GMT
      expires: '-1'
      pragma: no-cache
      strict-transport-security: max-age=31536000;includeSubDomains
      x-content-type-options: nosniff
      x-ms-keyvault-network-info: conn_type=Ipv4;addr=172.92.159.124;act_addr_fam=InterNetwork;
      x-ms-keyvault-region: westus
      x-ms-keyvault-service-version: 1.9.12.0
      x-powered-by: ASP.NET
    status:
      code: 200
      message: OK
    url: https://mcpatinotest.vault.azure.net/keys/livekvtestec-verify-P-25638e31d61/create?api-version=7.3-preview
- request:
    body: '{"alg": "ES256", "value": "vgZc0NQUb6WMKX___V2JntcFRO_vszKwSAj7R2rL1zg"}'
    headers:
      Accept:
      - application/json
      Content-Length:
      - '72'
      Content-Type:
      - application/json
      User-Agent:
      - azsdk-python-keyvault-keys/4.5.0b1 Python/3.9.0 (Windows-10-10.0.19041-SP0)
    method: POST
    uri: https://vaultname.vault.azure.net/keys/livekvtestec-verify-P-25638e31d61/dfaae261f69c412284ee3d745be31a1b/sign?api-version=7.3-preview
  response:
    body:
      string: '{"kid":"https://vaultname.vault.azure.net/keys/livekvtestec-verify-P-25638e31d61/dfaae261f69c412284ee3d745be31a1b","value":"qjChyQLCcIl9ZvUywOOQfXj3V-nuBlwG-f77CxC1GsLSNekbsIscY2IRPDnKyie_fQngNbxNQNmTu9eJWc3CBQ"}'
    headers:
      cache-control: no-cache
      content-length: '215'
      content-type: application/json; charset=utf-8
      date: Tue, 06 Jul 2021 21:03:54 GMT
      expires: '-1'
      pragma: no-cache
      strict-transport-security: max-age=31536000;includeSubDomains
      x-content-type-options: nosniff
      x-ms-keyvault-network-info: conn_type=Ipv4;addr=172.92.159.124;act_addr_fam=InterNetwork;
      x-ms-keyvault-region: westus
      x-ms-keyvault-service-version: 1.9.12.0
      x-powered-by: ASP.NET
    status:
      code: 200
      message: OK
    url: https://mcpatinotest.vault.azure.net/keys/livekvtestec-verify-P-25638e31d61/dfaae261f69c412284ee3d745be31a1b/sign?api-version=7.3-preview
- request:
    body: '{"kty": "EC", "crv": "P-256K"}'
    headers:
      Accept:
      - application/json
      Content-Length:
      - '30'
      Content-Type:
      - application/json
      User-Agent:
      - azsdk-python-keyvault-keys/4.5.0b1 Python/3.9.0 (Windows-10-10.0.19041-SP0)
    method: POST
    uri: https://vaultname.vault.azure.net/keys/livekvtestec-verify-P-256K38e31d61/create?api-version=7.3-preview
  response:
    body:
      string: '{"key":{"kid":"https://vaultname.vault.azure.net/keys/livekvtestec-verify-P-256K38e31d61/3c0509348aef402cad32d34563467da9","kty":"EC","key_ops":["sign","verify"],"crv":"P-256K","x":"4hamZRlZrVAtMT10KOYmAu_PX9WEUC-gtU2qZwhbBxM","y":"mxYJIrD4WQZDJymkVylTK5BhoKd3dYbHFvKP-GU8DYA"},"attributes":{"enabled":true,"created":1625605437,"updated":1625605437,"recoveryLevel":"Recoverable+Purgeable","recoverableDays":90}}'
    headers:
      cache-control: no-cache
      content-length: '414'
      content-type: application/json; charset=utf-8
      date: Tue, 06 Jul 2021 21:03:57 GMT
      expires: '-1'
      pragma: no-cache
      strict-transport-security: max-age=31536000;includeSubDomains
      x-content-type-options: nosniff
      x-ms-keyvault-network-info: conn_type=Ipv4;addr=172.92.159.124;act_addr_fam=InterNetwork;
      x-ms-keyvault-region: westus
      x-ms-keyvault-service-version: 1.9.12.0
      x-powered-by: ASP.NET
    status:
      code: 200
      message: OK
    url: https://mcpatinotest.vault.azure.net/keys/livekvtestec-verify-P-256K38e31d61/create?api-version=7.3-preview
- request:
    body: '{"alg": "ES256K", "value": "vgZc0NQUb6WMKX___V2JntcFRO_vszKwSAj7R2rL1zg"}'
    headers:
      Accept:
      - application/json
      Content-Length:
      - '73'
      Content-Type:
      - application/json
      User-Agent:
      - azsdk-python-keyvault-keys/4.5.0b1 Python/3.9.0 (Windows-10-10.0.19041-SP0)
    method: POST
    uri: https://vaultname.vault.azure.net/keys/livekvtestec-verify-P-256K38e31d61/3c0509348aef402cad32d34563467da9/sign?api-version=7.3-preview
  response:
    body:
      string: '{"kid":"https://vaultname.vault.azure.net/keys/livekvtestec-verify-P-256K38e31d61/3c0509348aef402cad32d34563467da9","value":"89VF6mlhhehQHhPRU-py-93af3ijpNeXZ357X-EKbBfNqNUhuBSJPYgn23h5HUbSy4L5aOpHPeOkmEllXdeClg"}'
    headers:
      cache-control: no-cache
      content-length: '216'
      content-type: application/json; charset=utf-8
      date: Tue, 06 Jul 2021 21:03:56 GMT
      expires: '-1'
      pragma: no-cache
      strict-transport-security: max-age=31536000;includeSubDomains
      x-content-type-options: nosniff
      x-ms-keyvault-network-info: conn_type=Ipv4;addr=172.92.159.124;act_addr_fam=InterNetwork;
      x-ms-keyvault-region: westus
      x-ms-keyvault-service-version: 1.9.12.0
      x-powered-by: ASP.NET
    status:
      code: 200
      message: OK
    url: https://mcpatinotest.vault.azure.net/keys/livekvtestec-verify-P-256K38e31d61/3c0509348aef402cad32d34563467da9/sign?api-version=7.3-preview
- request:
    body: '{"kty": "EC", "crv": "P-384"}'
    headers:
      Accept:
      - application/json
      Content-Length:
      - '29'
      Content-Type:
      - application/json
      User-Agent:
      - azsdk-python-keyvault-keys/4.5.0b1 Python/3.9.0 (Windows-10-10.0.19041-SP0)
    method: POST
    uri: https://vaultname.vault.azure.net/keys/livekvtestec-verify-P-38438e31d61/create?api-version=7.3-preview
  response:
    body:
      string: '{"key":{"kid":"https://vaultname.vault.azure.net/keys/livekvtestec-verify-P-38438e31d61/ad48e9bb59544a23b95158b3075e5665","kty":"EC","key_ops":["sign","verify"],"crv":"P-384","x":"JrbBRhnOPfRXop7EZMC5MjGVL8Gn7ASk2gNG-FapgRrQC1UoCkiHS4QN8bdwmWCu","y":"WXkTuwmKx24n9uOY8ym2Vaeo_BtpGLMg0uUEy3oRoicyblKVx5z_CAO8XzgWwpUn"},"attributes":{"enabled":true,"created":1625605439,"updated":1625605439,"recoveryLevel":"Recoverable+Purgeable","recoverableDays":90}}'
    headers:
      cache-control: no-cache
      content-length: '454'
      content-type: application/json; charset=utf-8
      date: Tue, 06 Jul 2021 21:03:59 GMT
      expires: '-1'
      pragma: no-cache
      strict-transport-security: max-age=31536000;includeSubDomains
      x-content-type-options: nosniff
      x-ms-keyvault-network-info: conn_type=Ipv4;addr=172.92.159.124;act_addr_fam=InterNetwork;
      x-ms-keyvault-region: westus
      x-ms-keyvault-service-version: 1.9.12.0
      x-powered-by: ASP.NET
    status:
      code: 200
      message: OK
    url: https://mcpatinotest.vault.azure.net/keys/livekvtestec-verify-P-38438e31d61/create?api-version=7.3-preview
- request:
    body: '{"alg": "ES384", "value": "OnZY76NXJ8_MBkjnc9b9RiaL5OYscmrTal040wQuLFlRrnLvJFecIvZl2KjXqwVB"}'
    headers:
      Accept:
      - application/json
      Content-Length:
      - '93'
      Content-Type:
      - application/json
      User-Agent:
      - azsdk-python-keyvault-keys/4.5.0b1 Python/3.9.0 (Windows-10-10.0.19041-SP0)
    method: POST
    uri: https://vaultname.vault.azure.net/keys/livekvtestec-verify-P-38438e31d61/ad48e9bb59544a23b95158b3075e5665/sign?api-version=7.3-preview
  response:
    body:
      string: '{"kid":"https://vaultname.vault.azure.net/keys/livekvtestec-verify-P-38438e31d61/ad48e9bb59544a23b95158b3075e5665","value":"4LEI5RChcJz9cOpxvaX124JVeUr3LAA1yjnN8EjR_VMWDZ3u28q0_g7TjG4QydAK5f9qVijOSJJ2DuiB8YM07C2GlAI2iYb8K3PAUAJNbAIEsRMUSjT6gSAiq0mQXKU8"}'
    headers:
      cache-control: no-cache
      content-length: '257'
      content-type: application/json; charset=utf-8
      date: Tue, 06 Jul 2021 21:03:59 GMT
      expires: '-1'
      pragma: no-cache
      strict-transport-security: max-age=31536000;includeSubDomains
      x-content-type-options: nosniff
      x-ms-keyvault-network-info: conn_type=Ipv4;addr=172.92.159.124;act_addr_fam=InterNetwork;
      x-ms-keyvault-region: westus
      x-ms-keyvault-service-version: 1.9.12.0
      x-powered-by: ASP.NET
    status:
      code: 200
      message: OK
    url: https://mcpatinotest.vault.azure.net/keys/livekvtestec-verify-P-38438e31d61/ad48e9bb59544a23b95158b3075e5665/sign?api-version=7.3-preview
- request:
    body: '{"kty": "EC", "crv": "P-521"}'
    headers:
      Accept:
      - application/json
      Content-Length:
      - '29'
      Content-Type:
      - application/json
      User-Agent:
      - azsdk-python-keyvault-keys/4.5.0b1 Python/3.9.0 (Windows-10-10.0.19041-SP0)
    method: POST
    uri: https://vaultname.vault.azure.net/keys/livekvtestec-verify-P-52138e31d61/create?api-version=7.3-preview
  response:
    body:
      string: '{"key":{"kid":"https://vaultname.vault.azure.net/keys/livekvtestec-verify-P-52138e31d61/60beca979f514cdc84ded01f4e408a06","kty":"EC","key_ops":["sign","verify"],"crv":"P-521","x":"AIGppzj8rDj4DP7HPKA_YMI7IuRnYhj5HwYi-m-gycYPT7izWXkFTgDspBV4LIPPxyELt_AnYXh5830rTyHjT0eL","y":"AMgptdHGiDHzSRgAzZVpQrKiTcXfUJvvOlPusWpq5pDVnhv3pUbiWVBRbAMfkoh7Hb_imbQ0sd-r1w16ZI492XuP"},"attributes":{"enabled":true,"created":1625605442,"updated":1625605442,"recoveryLevel":"Recoverable+Purgeable","recoverableDays":90}}'
    headers:
      cache-control: no-cache
      content-length: '502'
      content-type: application/json; charset=utf-8
      date: Tue, 06 Jul 2021 21:04:01 GMT
      expires: '-1'
      pragma: no-cache
      strict-transport-security: max-age=31536000;includeSubDomains
      x-content-type-options: nosniff
      x-ms-keyvault-network-info: conn_type=Ipv4;addr=172.92.159.124;act_addr_fam=InterNetwork;
      x-ms-keyvault-region: westus
      x-ms-keyvault-service-version: 1.9.12.0
      x-powered-by: ASP.NET
    status:
      code: 200
      message: OK
    url: https://mcpatinotest.vault.azure.net/keys/livekvtestec-verify-P-52138e31d61/create?api-version=7.3-preview
- request:
    body: '{"alg": "ES512", "value": "zZyL-eOHDnnq34aZaWgBMobx4x2Pm3mPRo4eqnRmLK6sE0jsXZFOFhMXaTcvILQxovTsMMh9JupeojYCnDvfrQ"}'
    headers:
      Accept:
      - application/json
      Content-Length:
      - '115'
      Content-Type:
      - application/json
      User-Agent:
      - azsdk-python-keyvault-keys/4.5.0b1 Python/3.9.0 (Windows-10-10.0.19041-SP0)
    method: POST
    uri: https://vaultname.vault.azure.net/keys/livekvtestec-verify-P-52138e31d61/60beca979f514cdc84ded01f4e408a06/sign?api-version=7.3-preview
  response:
    body:
      string: '{"kid":"https://vaultname.vault.azure.net/keys/livekvtestec-verify-P-52138e31d61/60beca979f514cdc84ded01f4e408a06","value":"AJx5Wu5rNAhQZdjxmBPwowAIQ_o2b8ZpHqgUh76Z9r6s8lVvPKouBh6sEsOm2F029o9LDn92nL5NJbcg5adhLSp8Ab_WB9jggC-4mtm5zbF8dN3p6HgIOT_6xRxcj3M9oJ_8SkMAVIesqQXSRvO0HGZ9C14gttrpvZPJ-QiOv0XFX04z"}'
    headers:
      cache-control: no-cache
      content-length: '305'
      content-type: application/json; charset=utf-8
      date: Tue, 06 Jul 2021 21:04:02 GMT
      expires: '-1'
      pragma: no-cache
      strict-transport-security: max-age=31536000;includeSubDomains
      x-content-type-options: nosniff
      x-ms-keyvault-network-info: conn_type=Ipv4;addr=172.92.159.124;act_addr_fam=InterNetwork;
      x-ms-keyvault-region: westus
      x-ms-keyvault-service-version: 1.9.12.0
      x-powered-by: ASP.NET
    status:
      code: 200
      message: OK
    url: https://mcpatinotest.vault.azure.net/keys/livekvtestec-verify-P-52138e31d61/60beca979f514cdc84ded01f4e408a06/sign?api-version=7.3-preview
version: 1
