interactions:
- request:
    body: null
    headers:
      Accept: [application/json]
      Accept-Encoding: ['gzip, deflate']
      Connection: [keep-alive]
      Content-Length: ['0']
      Content-Type: [application/json; charset=utf-8]
      User-Agent: [azsdk-python-keyvault-keys/4.0.0b2 Python/3.6.6 (Windows-10-10.0.18362-SP0)]
    method: POST
    uri: https://vault6742450e1034.vault.azure.net/keys/keywrap450e1034/create?api-version=7.0
  response:
    body: {string: '{"error":{"code":"Unauthorized","message":"Request is missing
        a Bearer or PoP token."}}'}
    headers:
      cache-control: [no-cache]
      content-length: ['87']
      content-type: [application/json; charset=utf-8]
      date: ['Wed, 14 Aug 2019 20:29:08 GMT']
      expires: ['-1']
      pragma: [no-cache]
      server: [Microsoft-IIS/10.0]
      strict-transport-security: [max-age=31536000;includeSubDomains]
      www-authenticate: ['Bearer authorization="https://login.windows.net/72f988bf-86f1-41af-91ab-2d7cd011db47",
          resource="https://vault.azure.net"']
      x-aspnet-version: [4.0.30319]
      x-content-type-options: [nosniff]
      x-ms-keyvault-network-info: [addr=131.107.174.72;act_addr_fam=InterNetwork;]
      x-ms-keyvault-region: [westus]
      x-ms-keyvault-service-version: [1.1.0.875]
      x-powered-by: [ASP.NET]
    status: {code: 401, message: Unauthorized}
- request:
    body: '{"kty": "RSA"}'
    headers:
      Accept: [application/json]
      Accept-Encoding: ['gzip, deflate']
      Connection: [keep-alive]
      Content-Length: ['14']
      Content-Type: [application/json; charset=utf-8]
      User-Agent: [azsdk-python-keyvault-keys/4.0.0b2 Python/3.6.6 (Windows-10-10.0.18362-SP0)]
    method: POST
    uri: https://vault6742450e1034.vault.azure.net/keys/keywrap450e1034/create?api-version=7.0
  response:
    body: {string: '{"key":{"kid":"https://vault6742450e1034.vault.azure.net/keys/keywrap450e1034/ceb1ed18cfb84adaa3358ea3e76a45e1","kty":"RSA","key_ops":["encrypt","decrypt","sign","verify","wrapKey","unwrapKey"],"n":"yR9ByEnT9VhyeEkcjeEz2jA1fN0a6JYAhMejTqG_ceZHRqjWVlyyybK2NcvFWThV6NNNGR_jB4hwWCwys_p0yyGoOSNgsdtoqbp6an97SWe-3xI06pSRzPJ4SPv9Ejaf5i-D_uYUOD-69kHIIzZW0UfHKgKSPW94wiazE7ZDn7MV7-QuCyXfquHmGYfV_0FVZ1RODKFI2Wy2EO95eEXpiS4lEuI6PkTfWXfaj6Ka67kn89Y7zc12AmtZR3fYor0oOFYMVcB4bhrB34uYdbvCHBIf1D2a-5EhXHk5KFG7qRIY53um_qiLZJxOddvOc_OnlmnTwFcYWVTGpY8BBP0BBQ","e":"AQAB"},"attributes":{"enabled":true,"created":1565814550,"updated":1565814550,"recoveryLevel":"Purgeable"}}'}
    headers:
      cache-control: [no-cache]
      content-length: ['655']
      content-type: [application/json; charset=utf-8]
      date: ['Wed, 14 Aug 2019 20:29:10 GMT']
      expires: ['-1']
      pragma: [no-cache]
      server: [Microsoft-IIS/10.0]
      strict-transport-security: [max-age=31536000;includeSubDomains]
      x-aspnet-version: [4.0.30319]
      x-content-type-options: [nosniff]
      x-ms-keyvault-network-info: [addr=131.107.174.72;act_addr_fam=InterNetwork;]
      x-ms-keyvault-region: [westus]
      x-ms-keyvault-service-version: [1.1.0.875]
      x-powered-by: [ASP.NET]
    status: {code: 200, message: OK}
- request:
    body: '{"alg": "RSA-OAEP", "value": "NTA2M2U2YWFhODQ1ZjE1MDIwMDU0Nzk0NGZkMTk5Njc5Yzk4ZWQ2Zjk5ZGEwYTBiMmRhZmVhZjFmNDY4NDQ5NmZkNTMyYzFjMjI5OTY4Y2I5ZGVlNDQ5NTdmY2VmN2NjZWY1OWNlZGEwYjM2MmU1NmJjZDc4ZmQzZmFlZTU3ODFjNjIzYzBiYjIyYjM1YmVhYmRlMDY2NGZkMzBlMGU4MjRhYmEzZGQxYjBhZmZmYzRhM2Q5NTVlZGUyMGNmNmE4NTRkNTJjZmQ"}'
    headers:
      Accept: [application/json]
      Accept-Encoding: ['gzip, deflate']
      Connection: [keep-alive]
      Content-Length: ['299']
      Content-Type: [application/json; charset=utf-8]
      User-Agent: [azsdk-python-keyvault-keys/4.0.0b2 Python/3.6.6 (Windows-10-10.0.18362-SP0)]
    method: POST
    uri: https://vault6742450e1034.vault.azure.net/keys/keywrap450e1034/ceb1ed18cfb84adaa3358ea3e76a45e1/wrapkey?api-version=7.0
  response:
    body: {string: '{"kid":"https://vault6742450e1034.vault.azure.net/keys/keywrap450e1034/ceb1ed18cfb84adaa3358ea3e76a45e1","value":"RVy_ZiT6dLMrq4hrYdkLuHD2Ap4ZMxBUAu_1_1_vR8iJD-PavfjeuifsuU4oJ_TZDeqJgvGcxLHjAr3F9ldUZioetJ5ygsmEp3OWecwkSCWw9ZBCWKOwHLYz1Y-DDyz0tU9NK6-J7_ge83JhK1JchjcKa5mEMf-Syqsf0NpuTV1IAu9UmRkuQ0d0QT7cNfE8eVQKXqup216pxtC6DvrLswukgpFMeg1qrDLaW4Ly7f9L29sJoHA-rPRQdSbwiFXyiQEjNPoa5c-JoHoLRPsuXd9hVvpA6ajN2yzmhmtSSu69xmNfWsJpJKHojaAelXZNfqErxztpV2sq4UeVX0Zjqg"}'}
    headers:
      cache-control: [no-cache]
      content-length: ['458']
      content-type: [application/json; charset=utf-8]
      date: ['Wed, 14 Aug 2019 20:29:10 GMT']
      expires: ['-1']
      pragma: [no-cache]
      server: [Microsoft-IIS/10.0]
      strict-transport-security: [max-age=31536000;includeSubDomains]
      x-aspnet-version: [4.0.30319]
      x-content-type-options: [nosniff]
      x-ms-keyvault-network-info: [addr=131.107.174.72;act_addr_fam=InterNetwork;]
      x-ms-keyvault-region: [westus]
      x-ms-keyvault-service-version: [1.1.0.875]
      x-powered-by: [ASP.NET]
    status: {code: 200, message: OK}
- request:
    body: '{"alg": "RSA-OAEP", "value": "RVy_ZiT6dLMrq4hrYdkLuHD2Ap4ZMxBUAu_1_1_vR8iJD-PavfjeuifsuU4oJ_TZDeqJgvGcxLHjAr3F9ldUZioetJ5ygsmEp3OWecwkSCWw9ZBCWKOwHLYz1Y-DDyz0tU9NK6-J7_ge83JhK1JchjcKa5mEMf-Syqsf0NpuTV1IAu9UmRkuQ0d0QT7cNfE8eVQKXqup216pxtC6DvrLswukgpFMeg1qrDLaW4Ly7f9L29sJoHA-rPRQdSbwiFXyiQEjNPoa5c-JoHoLRPsuXd9hVvpA6ajN2yzmhmtSSu69xmNfWsJpJKHojaAelXZNfqErxztpV2sq4UeVX0Zjqg"}'
    headers:
      Accept: [application/json]
      Accept-Encoding: ['gzip, deflate']
      Connection: [keep-alive]
      Content-Length: ['374']
      Content-Type: [application/json; charset=utf-8]
      User-Agent: [azsdk-python-keyvault-keys/4.0.0b2 Python/3.6.6 (Windows-10-10.0.18362-SP0)]
    method: POST
    uri: https://vault6742450e1034.vault.azure.net/keys/keywrap450e1034/ceb1ed18cfb84adaa3358ea3e76a45e1/unwrapkey?api-version=7.0
  response:
    body: {string: '{"kid":"https://vault6742450e1034.vault.azure.net/keys/keywrap450e1034/ceb1ed18cfb84adaa3358ea3e76a45e1","value":"NTA2M2U2YWFhODQ1ZjE1MDIwMDU0Nzk0NGZkMTk5Njc5Yzk4ZWQ2Zjk5ZGEwYTBiMmRhZmVhZjFmNDY4NDQ5NmZkNTMyYzFjMjI5OTY4Y2I5ZGVlNDQ5NTdmY2VmN2NjZWY1OWNlZGEwYjM2MmU1NmJjZDc4ZmQzZmFlZTU3ODFjNjIzYzBiYjIyYjM1YmVhYmRlMDY2NGZkMzBlMGU4MjRhYmEzZGQxYjBhZmZmYzRhM2Q5NTVlZGUyMGNmNmE4NTRkNTJjZmQ"}'}
    headers:
      cache-control: [no-cache]
      content-length: ['383']
      content-type: [application/json; charset=utf-8]
      date: ['Wed, 14 Aug 2019 20:29:10 GMT']
      expires: ['-1']
      pragma: [no-cache]
      server: [Microsoft-IIS/10.0]
      strict-transport-security: [max-age=31536000;includeSubDomains]
      x-aspnet-version: [4.0.30319]
      x-content-type-options: [nosniff]
      x-ms-keyvault-network-info: [addr=131.107.174.72;act_addr_fam=InterNetwork;]
      x-ms-keyvault-region: [westus]
      x-ms-keyvault-service-version: [1.1.0.875]
      x-powered-by: [ASP.NET]
    status: {code: 200, message: OK}
version: 1
