interactions:
- request:
    body: null
    headers:
      Accept:
      - application/json
      Accept-Encoding:
      - gzip, deflate
      Connection:
      - keep-alive
      Content-Length:
      - '0'
      Content-Type:
      - application/json
      User-Agent:
      - azsdk-python-keyvault-keys/4.5.0b1 Python/3.5.3 (Windows-10-10.0.19041-SP0)
    method: POST
    uri: https://managedhsmname.managedhsm.azure.net/keys/livekvtestrsa-verify-2048aeae12a4/create?api-version=7.3-preview
  response:
    body:
      string: ''
    headers:
      cache-control:
      - no-cache
      content-length:
      - '0'
      content-security-policy:
      - default-src 'self'
      content-type:
      - application/json; charset=utf-8
      strict-transport-security:
      - max-age=31536000; includeSubDomains
      www-authenticate:
      - Bearer authorization="https://login.microsoftonline.com/72f988bf-86f1-41af-91ab-2d7cd011db47",
        resource="https://managedhsm.azure.net"
      x-content-type-options:
      - nosniff
      x-frame-options:
      - SAMEORIGIN
      x-ms-server-latency:
      - '1'
    status:
      code: 401
      message: Unauthorized
- request:
    body: '{"key_size": 2048, "kty": "RSA-HSM"}'
    headers:
      Accept:
      - application/json
      Accept-Encoding:
      - gzip, deflate
      Connection:
      - keep-alive
      Content-Length:
      - '36'
      Content-Type:
      - application/json
      User-Agent:
      - azsdk-python-keyvault-keys/4.5.0b1 Python/3.5.3 (Windows-10-10.0.19041-SP0)
    method: POST
    uri: https://managedhsmname.managedhsm.azure.net/keys/livekvtestrsa-verify-2048aeae12a4/create?api-version=7.3-preview
  response:
    body:
      string: '{"attributes":{"created":1618441010,"enabled":true,"exportable":false,"recoverableDays":90,"recoveryLevel":"Recoverable+Purgeable","updated":1618441010},"key":{"e":"AQAB","key_ops":["wrapKey","decrypt","encrypt","unwrapKey","sign","verify"],"kid":"https://managedhsmname.managedhsm.azure.net/keys/livekvtestrsa-verify-2048aeae12a4/fae303fb998f0180156a8dd9523788e7","kty":"RSA-HSM","n":"s_y_VQE3c3OmKUMDXhw89jDBWA-L_9aSkB8TEhdgn01osn8SyEQMgDnlESemmoU4k6rvcRIxddFnML1b_g4WCw1yg6Of6Erb9nPvQ1j_7m1dNBlEU2BKWExO8zHRuFEbt9pH6Aii68Mm7mpkDPTQ-dTTGYnjRL9QtQjOozHRVoOe2DeCD-P50mkwEjezf7LuU9ICB5Wl0zepks18apau5eERve-jBJy2TelLTPsuc_Run7nze4ZhSq314Y2OM_av1jBTYHuhsga6NW-FU1qKN34EAjT_xrnzVKI4dECxttvDbXn4JzCoBNP1LddasA64MOZa-3__n5ifY6AMeqtkaw"}}'
    headers:
      cache-control:
      - no-cache
      content-length:
      - '732'
      content-security-policy:
      - default-src 'self'
      content-type:
      - application/json; charset=utf-8
      strict-transport-security:
      - max-age=31536000; includeSubDomains
      x-content-type-options:
      - nosniff
      x-frame-options:
      - SAMEORIGIN
      x-ms-keyvault-network-info:
      - conn_type=Ipv4;addr=172.92.159.124;act_addr_fam=Ipv4;
      x-ms-keyvault-region:
      - eastus2
      x-ms-server-latency:
      - '218'
    status:
      code: 200
      message: OK
- request:
    body: '{"alg": "PS256", "value": "vgZc0NQUb6WMKX___V2JntcFRO_vszKwSAj7R2rL1zg"}'
    headers:
      Accept:
      - application/json
      Accept-Encoding:
      - gzip, deflate
      Connection:
      - keep-alive
      Content-Length:
      - '72'
      Content-Type:
      - application/json
      User-Agent:
      - azsdk-python-keyvault-keys/4.5.0b1 Python/3.5.3 (Windows-10-10.0.19041-SP0)
    method: POST
    uri: https://managedhsmname.managedhsm.azure.net/keys/livekvtestrsa-verify-2048aeae12a4/fae303fb998f0180156a8dd9523788e7/sign?api-version=7.3-preview
  response:
    body:
      string: '{"alg":"PS256","kid":"https://managedhsmname.managedhsm.azure.net/keys/livekvtestrsa-verify-2048aeae12a4/fae303fb998f0180156a8dd9523788e7","value":"SmMIl0VoLjggvQe66-kezi6IuETNY-PeljkoggitOrR9oZGeQVQtLnAtazekVPxxTUQQK032z6LWyHNUoeXNTFi3PNNDHOSibPhPgEGpeMZXiMvyNeRmxm0hLhVn7Vs5FDowORi1Tqk0V0Da2G1cg6VADln28grI5XsB17Ndb6sVzMJtvmjF_ZgdX3GdCx0-KpeE6S_Dla8BwkRJ10726AJOBXyaZAIYzat-j58EXCnKtgIo5lC17tsSTgZxII25oj8hk_kuO43caH-NsckUQ3lwsIOQVfBPqHBfAe4ptRA1IabwkOMXhQvlL44kLBqkcHL-DySLury6eBa1OKdwKw"}'
    headers:
      cache-control:
      - no-cache
      content-length:
      - '493'
      content-security-policy:
      - default-src 'self'
      content-type:
      - application/json; charset=utf-8
      strict-transport-security:
      - max-age=31536000; includeSubDomains
      x-content-type-options:
      - nosniff
      x-frame-options:
      - SAMEORIGIN
      x-ms-keyvault-network-info:
      - conn_type=Ipv4;addr=172.92.159.124;act_addr_fam=Ipv4;
      x-ms-keyvault-region:
      - eastus2
      x-ms-server-latency:
      - '90'
    status:
      code: 200
      message: OK
- request:
    body: '{"alg": "PS384", "value": "OnZY76NXJ8_MBkjnc9b9RiaL5OYscmrTal040wQuLFlRrnLvJFecIvZl2KjXqwVB"}'
    headers:
      Accept:
      - application/json
      Accept-Encoding:
      - gzip, deflate
      Connection:
      - keep-alive
      Content-Length:
      - '93'
      Content-Type:
      - application/json
      User-Agent:
      - azsdk-python-keyvault-keys/4.5.0b1 Python/3.5.3 (Windows-10-10.0.19041-SP0)
    method: POST
    uri: https://managedhsmname.managedhsm.azure.net/keys/livekvtestrsa-verify-2048aeae12a4/fae303fb998f0180156a8dd9523788e7/sign?api-version=7.3-preview
  response:
    body:
      string: '{"alg":"PS384","kid":"https://managedhsmname.managedhsm.azure.net/keys/livekvtestrsa-verify-2048aeae12a4/fae303fb998f0180156a8dd9523788e7","value":"S8NH_GGNHo_4fmMfVi7lQnL74SRZMRXpCd93OrPyvqky5ZvsnlSE0VQQC2R9_p9pmOyJK_bJisimOIZ50UrB_9zOUW5P_u7bMmxlr4OuWQjovy-Hq4ZP4hN6esXsPG3gHyhyz5ERCdGeoR6-HdoF4NAwG2W9c8CK3l7qcN2oZpvbQESlgxnVVR-uDa6PnYw7BJa4oH_Hv0C08YusN_zdfhkzaQp1uIxQ_rX0Mi7agnVRiwsmS8QtnSYK5xFzqJFU3ODyTPk8zQHa7mDtgosmEOCCDPo_uY9WsqUp2nvIgrhK5vFZZGKipRqxT4HN0YHE0OQNJXnC1k6l9nU7PE9GsA"}'
    headers:
      cache-control:
      - no-cache
      content-length:
      - '493'
      content-security-policy:
      - default-src 'self'
      content-type:
      - application/json; charset=utf-8
      strict-transport-security:
      - max-age=31536000; includeSubDomains
      x-content-type-options:
      - nosniff
      x-frame-options:
      - SAMEORIGIN
      x-ms-keyvault-network-info:
      - conn_type=Ipv4;addr=172.92.159.124;act_addr_fam=Ipv4;
      x-ms-keyvault-region:
      - eastus2
      x-ms-server-latency:
      - '2'
    status:
      code: 200
      message: OK
- request:
    body: '{"alg": "PS512", "value": "zZyL-eOHDnnq34aZaWgBMobx4x2Pm3mPRo4eqnRmLK6sE0jsXZFOFhMXaTcvILQxovTsMMh9JupeojYCnDvfrQ"}'
    headers:
      Accept:
      - application/json
      Accept-Encoding:
      - gzip, deflate
      Connection:
      - keep-alive
      Content-Length:
      - '115'
      Content-Type:
      - application/json
      User-Agent:
      - azsdk-python-keyvault-keys/4.5.0b1 Python/3.5.3 (Windows-10-10.0.19041-SP0)
    method: POST
    uri: https://managedhsmname.managedhsm.azure.net/keys/livekvtestrsa-verify-2048aeae12a4/fae303fb998f0180156a8dd9523788e7/sign?api-version=7.3-preview
  response:
    body:
      string: '{"alg":"PS512","kid":"https://managedhsmname.managedhsm.azure.net/keys/livekvtestrsa-verify-2048aeae12a4/fae303fb998f0180156a8dd9523788e7","value":"sc4rB98XFrqM47-qSUX5FgrbUw1QO1cQ7gZ1aZUTWz9GiIEZVjY6yY7ewAldNo9bknsTOHuf-gcBQBJe5mXZHxhzvmDXFFkLABjgCRKRSuus6BQ9yBluObwp70B-Z09YqQAbp4VoWfI4Mf8en9ZzrRWAEMSUJe8IPawRZ79Tu7EpPeXc65KFF1dNtqrAsnxscU6KuseAXdgIiA3pDS_Xq7RZtutoP1sQtUEZWvy2vlDz3rr9dDtJlXCcgd9dkK_JNsq2D1gSClRRGJWLzy9a-JfbiuHFLGW8gGGq08mprXbqKIHsCyZyG_KBABZT15jSH2Zf3HlbdG11HPa05-bnfg"}'
    headers:
      cache-control:
      - no-cache
      content-length:
      - '493'
      content-security-policy:
      - default-src 'self'
      content-type:
      - application/json; charset=utf-8
      strict-transport-security:
      - max-age=31536000; includeSubDomains
      x-content-type-options:
      - nosniff
      x-frame-options:
      - SAMEORIGIN
      x-ms-keyvault-network-info:
      - conn_type=Ipv4;addr=172.92.159.124;act_addr_fam=Ipv4;
      x-ms-keyvault-region:
      - eastus2
      x-ms-server-latency:
      - '2'
    status:
      code: 200
      message: OK
- request:
    body: '{"alg": "RS256", "value": "vgZc0NQUb6WMKX___V2JntcFRO_vszKwSAj7R2rL1zg"}'
    headers:
      Accept:
      - application/json
      Accept-Encoding:
      - gzip, deflate
      Connection:
      - keep-alive
      Content-Length:
      - '72'
      Content-Type:
      - application/json
      User-Agent:
      - azsdk-python-keyvault-keys/4.5.0b1 Python/3.5.3 (Windows-10-10.0.19041-SP0)
    method: POST
    uri: https://managedhsmname.managedhsm.azure.net/keys/livekvtestrsa-verify-2048aeae12a4/fae303fb998f0180156a8dd9523788e7/sign?api-version=7.3-preview
  response:
    body:
      string: '{"alg":"RS256","kid":"https://managedhsmname.managedhsm.azure.net/keys/livekvtestrsa-verify-2048aeae12a4/fae303fb998f0180156a8dd9523788e7","value":"rIcvDfmKhUyaPHfyhOg6qMpXSAp9LN8bXFBZIe-lBwTT3a73Lu7_nHfvDirGvTwEDCfXjYgBCBdqardBRrX-09tBiymLNYc50Wn5-vlt_R8TeyRQtgY1mHYWw5aks__A7fYWYliEXPXczf_VRnH6byRFeEcmuLz0Fi745WHaaTZDdRfP3u13V60YjJ2V6ZyV32HjTmFO49cqeNCtUdOpaNjsXSJ5uwqgkKmQ_OztKZjiJRrATc6wOwudBdo-61WRPDzp8ZgzfidG4MRTWEorCXC62AQMu_miMgvKmU5xLFGM6sxZkvvndkK3K3Uho2TRGNrVhq6LHHDaNE2iN7vlyA"}'
    headers:
      cache-control:
      - no-cache
      content-length:
      - '493'
      content-security-policy:
      - default-src 'self'
      content-type:
      - application/json; charset=utf-8
      strict-transport-security:
      - max-age=31536000; includeSubDomains
      x-content-type-options:
      - nosniff
      x-frame-options:
      - SAMEORIGIN
      x-ms-keyvault-network-info:
      - conn_type=Ipv4;addr=172.92.159.124;act_addr_fam=Ipv4;
      x-ms-keyvault-region:
      - eastus2
      x-ms-server-latency:
      - '3'
    status:
      code: 200
      message: OK
- request:
    body: '{"alg": "RS384", "value": "OnZY76NXJ8_MBkjnc9b9RiaL5OYscmrTal040wQuLFlRrnLvJFecIvZl2KjXqwVB"}'
    headers:
      Accept:
      - application/json
      Accept-Encoding:
      - gzip, deflate
      Connection:
      - keep-alive
      Content-Length:
      - '93'
      Content-Type:
      - application/json
      User-Agent:
      - azsdk-python-keyvault-keys/4.5.0b1 Python/3.5.3 (Windows-10-10.0.19041-SP0)
    method: POST
    uri: https://managedhsmname.managedhsm.azure.net/keys/livekvtestrsa-verify-2048aeae12a4/fae303fb998f0180156a8dd9523788e7/sign?api-version=7.3-preview
  response:
    body:
      string: '{"alg":"RS384","kid":"https://managedhsmname.managedhsm.azure.net/keys/livekvtestrsa-verify-2048aeae12a4/fae303fb998f0180156a8dd9523788e7","value":"hAiaRhy6KbImDByG5JMHNiuaRQXuBbt1dZS6qOL29Wa0_IoDrJ0Oty11qKiRHY0rfYLcE7XNfIuljrfoNtAmBeMVig5J-2O-CiB31iR55lNUeGmre5BS--b1yhtfM0_BnnzK5cUiDOEe-s_X-Mc-gJIz2qJC67P1hBvQCDuxn6s_PsJ3ycUNctbewFVAgdgR0ZzMcS-oazEM-SNvbDkCKFd3WtRfgtKMB56BR8E4d6bmzO7-ZzGIZ2-1vhca1NdRH57tk1XDBzGkpXcRlTmQKKVz5hz7zaGLdQa409mLKbd_ot02N3pppmwN5qyGHJYLXnOpjVhdLjAdRRclFBeHMQ"}'
    headers:
      cache-control:
      - no-cache
      content-length:
      - '493'
      content-security-policy:
      - default-src 'self'
      content-type:
      - application/json; charset=utf-8
      strict-transport-security:
      - max-age=31536000; includeSubDomains
      x-content-type-options:
      - nosniff
      x-frame-options:
      - SAMEORIGIN
      x-ms-keyvault-network-info:
      - conn_type=Ipv4;addr=172.92.159.124;act_addr_fam=Ipv4;
      x-ms-keyvault-region:
      - eastus2
      x-ms-server-latency:
      - '2'
    status:
      code: 200
      message: OK
- request:
    body: '{"alg": "RS512", "value": "zZyL-eOHDnnq34aZaWgBMobx4x2Pm3mPRo4eqnRmLK6sE0jsXZFOFhMXaTcvILQxovTsMMh9JupeojYCnDvfrQ"}'
    headers:
      Accept:
      - application/json
      Accept-Encoding:
      - gzip, deflate
      Connection:
      - keep-alive
      Content-Length:
      - '115'
      Content-Type:
      - application/json
      User-Agent:
      - azsdk-python-keyvault-keys/4.5.0b1 Python/3.5.3 (Windows-10-10.0.19041-SP0)
    method: POST
    uri: https://managedhsmname.managedhsm.azure.net/keys/livekvtestrsa-verify-2048aeae12a4/fae303fb998f0180156a8dd9523788e7/sign?api-version=7.3-preview
  response:
    body:
      string: '{"alg":"RS512","kid":"https://managedhsmname.managedhsm.azure.net/keys/livekvtestrsa-verify-2048aeae12a4/fae303fb998f0180156a8dd9523788e7","value":"M64-azpEpsDTS5SteYvNhLY-JRo2FsqwlnhzP__p3VbMNjex1IkF3l5JwagO7R7doM17nwX7Gjlmyyeeh1Y6idYnc3AEA5Qw-mVst9gydx11t9pnNGSu7kfRRT3c2qLio9JiBAYIXdKBw2UqleZCPg-qBJOao467NKcpOJcK-0kVpkhpiSrHy1P-CeXdi94QmDO0L4j8amegS6x3kSb1FRaWDfSiEWJlrfHIgYlpM22dNkM_BOl2fon-j0kp6Um5-d5ZAo7-LJfuNFmMfXu9cFAqFnOpq9a7Qo7CPhWBBKt3ivi1FiKRTAJZYDXMgyUjnG4ngWYw9iaw--3zzmavVA"}'
    headers:
      cache-control:
      - no-cache
      content-length:
      - '493'
      content-security-policy:
      - default-src 'self'
      content-type:
      - application/json; charset=utf-8
      strict-transport-security:
      - max-age=31536000; includeSubDomains
      x-content-type-options:
      - nosniff
      x-frame-options:
      - SAMEORIGIN
      x-ms-keyvault-network-info:
      - conn_type=Ipv4;addr=172.92.159.124;act_addr_fam=Ipv4;
      x-ms-keyvault-region:
      - eastus2
      x-ms-server-latency:
      - '2'
    status:
      code: 200
      message: OK
- request:
    body: '{"key_size": 3072, "kty": "RSA-HSM"}'
    headers:
      Accept:
      - application/json
      Accept-Encoding:
      - gzip, deflate
      Connection:
      - keep-alive
      Content-Length:
      - '36'
      Content-Type:
      - application/json
      User-Agent:
      - azsdk-python-keyvault-keys/4.5.0b1 Python/3.5.3 (Windows-10-10.0.19041-SP0)
    method: POST
    uri: https://managedhsmname.managedhsm.azure.net/keys/livekvtestrsa-verify-3072aeae12a4/create?api-version=7.3-preview
  response:
    body:
      string: '{"attributes":{"created":1618441014,"enabled":true,"exportable":false,"recoverableDays":90,"recoveryLevel":"Recoverable+Purgeable","updated":1618441014},"key":{"e":"AQAB","key_ops":["wrapKey","decrypt","encrypt","unwrapKey","sign","verify"],"kid":"https://managedhsmname.managedhsm.azure.net/keys/livekvtestrsa-verify-3072aeae12a4/3a80f4d008200c8e27d57aa78a6cca2d","kty":"RSA-HSM","n":"i9Qg0k5-6CdZh3Qo2CjmIwb7suX8a0gGgaCXPS84W3eo-TyIfTJfJ3bjgzUR50fVxwF-EGSjDjrb39YMmvpZFF4AIQhKYVu89sZS5VfhUV_DoOyL3jE4RtARky4vtUirRk-_lCJofHPHYrjyPUWBBa0QPOVj1yg8VXjj0-ipkOZnVk3ezLPiG-Dugr6044c-3c1D4CVV_b0AwZ-I5leclswRhc0z7mOwfZnFj5Wi3oxJixFcEKMrNkanDMry-AfL6dtQ3IUPUXrbsnVhg-LPNFBveIVEpH6ZnNcann0bcEjLbleXUGLrSfSQU7WSBTp8AiVXj6NJrWyzNJTp7u2onC3FQDwpcxz-63Z1j2lEoDm15b_uDiOnMjfK1Iba4l1gelZEOaVe6tNnFLfdjWgshmlpbkjdW4ifAvz6aX_04id3ply-qiySjJRDexxfOMEeeJGhNusC5dC-Rcx6B5MGPKZyO1lCeOtolATMh3WV7R_2CVyNOr_FRjOdPfZ5jRaX"}}'
    headers:
      cache-control:
      - no-cache
      content-length:
      - '902'
      content-security-policy:
      - default-src 'self'
      content-type:
      - application/json; charset=utf-8
      strict-transport-security:
      - max-age=31536000; includeSubDomains
      x-content-type-options:
      - nosniff
      x-frame-options:
      - SAMEORIGIN
      x-ms-keyvault-network-info:
      - conn_type=Ipv4;addr=172.92.159.124;act_addr_fam=Ipv4;
      x-ms-keyvault-region:
      - eastus2
      x-ms-server-latency:
      - '231'
    status:
      code: 200
      message: OK
- request:
    body: '{"alg": "PS256", "value": "vgZc0NQUb6WMKX___V2JntcFRO_vszKwSAj7R2rL1zg"}'
    headers:
      Accept:
      - application/json
      Accept-Encoding:
      - gzip, deflate
      Connection:
      - keep-alive
      Content-Length:
      - '72'
      Content-Type:
      - application/json
      User-Agent:
      - azsdk-python-keyvault-keys/4.5.0b1 Python/3.5.3 (Windows-10-10.0.19041-SP0)
    method: POST
    uri: https://managedhsmname.managedhsm.azure.net/keys/livekvtestrsa-verify-3072aeae12a4/3a80f4d008200c8e27d57aa78a6cca2d/sign?api-version=7.3-preview
  response:
    body:
      string: '{"alg":"PS256","kid":"https://managedhsmname.managedhsm.azure.net/keys/livekvtestrsa-verify-3072aeae12a4/3a80f4d008200c8e27d57aa78a6cca2d","value":"QOdzmaXT3Bm9OYL92xZ2AaTJBWXwcqZjTUla7B-tO-zIOXqOYMG4-5F3cV_U1ShE_7v82hTT6YCtyseu1gTwYJLbq5fSweGhr5ycFY42dA4TudLDo94J_yUvOocBbVQAydmyOuXUiu6FA65EFnJmGseP3tWW1__G6ZD4YMnxLl3pdJHYAAlblDZLNOmXoyhFXOtGhrWGNy6zxao4UG8G6x4yi4BQTSm8HXnVCkyVKaiubwSH8_op45lzviaRSvhYb658Sgew96863IFvKEPneQUrhPt7DLHHh2YtU5wJv-XRD98BMddfa0MSFKjT2fUw9kvZQBQW6CiMO8P_KlDP7DEU8j2dtoEyJ8huhaxrqNpe2rq84PtorxetjEKX3X7t3-3i2FcvNOlK-3e1gMEX3gMZ1huthDwcJcnywg4S1X-t6uyTTQz3fUMA-WqF1rrQqd5D0KOc9T4CLuk-zW6Wczq1YZ19jKTOHr5dGlVWPZrbJlJfcl9FIU_QZmKvX0_A"}'
    headers:
      cache-control:
      - no-cache
      content-length:
      - '663'
      content-security-policy:
      - default-src 'self'
      content-type:
      - application/json; charset=utf-8
      strict-transport-security:
      - max-age=31536000; includeSubDomains
      x-content-type-options:
      - nosniff
      x-frame-options:
      - SAMEORIGIN
      x-ms-keyvault-network-info:
      - conn_type=Ipv4;addr=172.92.159.124;act_addr_fam=Ipv4;
      x-ms-keyvault-region:
      - eastus2
      x-ms-server-latency:
      - '89'
    status:
      code: 200
      message: OK
- request:
    body: '{"alg": "PS384", "value": "OnZY76NXJ8_MBkjnc9b9RiaL5OYscmrTal040wQuLFlRrnLvJFecIvZl2KjXqwVB"}'
    headers:
      Accept:
      - application/json
      Accept-Encoding:
      - gzip, deflate
      Connection:
      - keep-alive
      Content-Length:
      - '93'
      Content-Type:
      - application/json
      User-Agent:
      - azsdk-python-keyvault-keys/4.5.0b1 Python/3.5.3 (Windows-10-10.0.19041-SP0)
    method: POST
    uri: https://managedhsmname.managedhsm.azure.net/keys/livekvtestrsa-verify-3072aeae12a4/3a80f4d008200c8e27d57aa78a6cca2d/sign?api-version=7.3-preview
  response:
    body:
      string: '{"alg":"PS384","kid":"https://managedhsmname.managedhsm.azure.net/keys/livekvtestrsa-verify-3072aeae12a4/3a80f4d008200c8e27d57aa78a6cca2d","value":"XWE5EedCUwUUvHjuiehfpt-PbLdAU-FZ2nWmWEZL8IhXgQTrBeWGA7Y6NaQnUR9TzhX5c_3Cum-4T-Xn7Lt3d-MbDeC-WGicxjJ2BwftAT3LLvfxZ2H9pw7v1MtyOsLqd7f_3YUEqRwm0jbBpz-UO1lhNnEwRYC3dddBQZfif76EnraA34yCHjv6TS2Inmt8ZQKfYy9a0GEmJteT9CENCrr1qnHWywRgHBA52TmF0hfwGWRnRoegQnnogAgWFIraA5LU_3WY_aqH0zUBZ3E6N_MTcFfZHRwsWGvUHCQtTzVeOQ__dkZjtLi29w5Qfv0REcgXSK_Syy9Ja8KM-EvJCAs1WdrpOue-KWvN8vZ5tX7K1J2l0g37xr8_6CaMLZkQQEjhBJ-xFd1hTWmm0H3uDlv_XUvac_aV6XmjawyB4ypA4VLbGGWjnnBVjDEENTrU0_oHkY52Rw758eZr1EK3XXkNG_I1vxeQcCXFMA9KnwkzZYBk5WEl00sBXx7YWxYG"}'
    headers:
      cache-control:
      - no-cache
      content-length:
      - '663'
      content-security-policy:
      - default-src 'self'
      content-type:
      - application/json; charset=utf-8
      strict-transport-security:
      - max-age=31536000; includeSubDomains
      x-content-type-options:
      - nosniff
      x-frame-options:
      - SAMEORIGIN
      x-ms-keyvault-network-info:
      - conn_type=Ipv4;addr=172.92.159.124;act_addr_fam=Ipv4;
      x-ms-keyvault-region:
      - eastus2
      x-ms-server-latency:
      - '6'
    status:
      code: 200
      message: OK
- request:
    body: '{"alg": "PS512", "value": "zZyL-eOHDnnq34aZaWgBMobx4x2Pm3mPRo4eqnRmLK6sE0jsXZFOFhMXaTcvILQxovTsMMh9JupeojYCnDvfrQ"}'
    headers:
      Accept:
      - application/json
      Accept-Encoding:
      - gzip, deflate
      Connection:
      - keep-alive
      Content-Length:
      - '115'
      Content-Type:
      - application/json
      User-Agent:
      - azsdk-python-keyvault-keys/4.5.0b1 Python/3.5.3 (Windows-10-10.0.19041-SP0)
    method: POST
    uri: https://managedhsmname.managedhsm.azure.net/keys/livekvtestrsa-verify-3072aeae12a4/3a80f4d008200c8e27d57aa78a6cca2d/sign?api-version=7.3-preview
  response:
    body:
      string: '{"alg":"PS512","kid":"https://managedhsmname.managedhsm.azure.net/keys/livekvtestrsa-verify-3072aeae12a4/3a80f4d008200c8e27d57aa78a6cca2d","value":"ITdRunivK3NBRtV1gHfBjbCgbUiYEyq2EL1KuilQx_on64o6JIst3IVVrnRgj7d0a-b_qKpVmdetiaLtm8XhoODu76FS5eLOruIH73b0xYXGfDOO4nLAJawM_VbTvTZiq8h2nYkdb4inV3XmSW4muGduhaB23OYmE_PSnjzycNFA-M5ajzmdeGwe4aj-LL2vML3v05FN_dMzradnt_vZ3HzSljq0RaMRpSWdBaIg9fb5UWon1iX6oSfsrzCFIw2sQZPxmpg_xKyXvPrA_fYxdYeiwS0rFQmdpuWRgsvC5K_q2njwBNtp9XkMVqn0ehsoEb51LTg6fuEXItewfty8Bp5GC4D4EsL3odqcOGCkh2JoGs7jyF0k6ObH8Oz-OA_OEqKTi9UoY1U1_YrBQVTyX4xv-Ni11Sj3OrLgpw-_9w2A4UWac6vqzB28dYuTPoy962cS_tZ2nFsI7bl71KGl92EC163R56OnimPJ_0IpLGpe9g5e1Qt0G7i3Ovk_25ZI"}'
    headers:
      cache-control:
      - no-cache
      content-length:
      - '663'
      content-security-policy:
      - default-src 'self'
      content-type:
      - application/json; charset=utf-8
      strict-transport-security:
      - max-age=31536000; includeSubDomains
      x-content-type-options:
      - nosniff
      x-frame-options:
      - SAMEORIGIN
      x-ms-keyvault-network-info:
      - conn_type=Ipv4;addr=172.92.159.124;act_addr_fam=Ipv4;
      x-ms-keyvault-region:
      - eastus2
      x-ms-server-latency:
      - '6'
    status:
      code: 200
      message: OK
- request:
    body: '{"alg": "RS256", "value": "vgZc0NQUb6WMKX___V2JntcFRO_vszKwSAj7R2rL1zg"}'
    headers:
      Accept:
      - application/json
      Accept-Encoding:
      - gzip, deflate
      Connection:
      - keep-alive
      Content-Length:
      - '72'
      Content-Type:
      - application/json
      User-Agent:
      - azsdk-python-keyvault-keys/4.5.0b1 Python/3.5.3 (Windows-10-10.0.19041-SP0)
    method: POST
    uri: https://managedhsmname.managedhsm.azure.net/keys/livekvtestrsa-verify-3072aeae12a4/3a80f4d008200c8e27d57aa78a6cca2d/sign?api-version=7.3-preview
  response:
    body:
      string: '{"alg":"RS256","kid":"https://managedhsmname.managedhsm.azure.net/keys/livekvtestrsa-verify-3072aeae12a4/3a80f4d008200c8e27d57aa78a6cca2d","value":"LtHo68yHsbNkL1B9QwRC1D2uzmSHcaVJ9u_FmAhGT7yiHWXSbfatfQXAdtuIbpRIsnYsyZpEpMZVVmG7T5IzPhk8C6lTYPxRu44fytOWUM-NVz-Ydi8Scg_pggDZzdFVQ5Lvd42bHbJxbTJFlFe-5StrcwBJUy2UYWwiAonNxOAifES9Nkuhb8ONvH5zIIiXgbRil6GbgL_-V4mnNkVK_N_8OlK8VuSpaQcIEXTLdW_qX278QhqsWvcawfhkOfmjHFFYD3dTkMhSbpCw1D0EujA3IIZTXy1WqEE6KIsq4jaQU8FHTosKy6tYaLojpPG3adFqvlXK9zo_I-ALJjBmiwikmsukvvjQcZe1nqPu4WC-r8vRdzX11cOkyHNzPV7SDdEVaEiCsAot_8uP2tlC9dxI8_a4OsfeLjAh_0CNAsBeRHc9HtIN7jU6dY-wu5PLFeU4ATrKDrjeyYzL0UziIkvDwNPYh1NR5r3cgZxx6U-rbaqmx-ikMUXIo4OSysO3"}'
    headers:
      cache-control:
      - no-cache
      content-length:
      - '663'
      content-security-policy:
      - default-src 'self'
      content-type:
      - application/json; charset=utf-8
      strict-transport-security:
      - max-age=31536000; includeSubDomains
      x-content-type-options:
      - nosniff
      x-frame-options:
      - SAMEORIGIN
      x-ms-keyvault-network-info:
      - conn_type=Ipv4;addr=172.92.159.124;act_addr_fam=Ipv4;
      x-ms-keyvault-region:
      - eastus2
      x-ms-server-latency:
      - '6'
    status:
      code: 200
      message: OK
- request:
    body: '{"alg": "RS384", "value": "OnZY76NXJ8_MBkjnc9b9RiaL5OYscmrTal040wQuLFlRrnLvJFecIvZl2KjXqwVB"}'
    headers:
      Accept:
      - application/json
      Accept-Encoding:
      - gzip, deflate
      Connection:
      - keep-alive
      Content-Length:
      - '93'
      Content-Type:
      - application/json
      User-Agent:
      - azsdk-python-keyvault-keys/4.5.0b1 Python/3.5.3 (Windows-10-10.0.19041-SP0)
    method: POST
    uri: https://managedhsmname.managedhsm.azure.net/keys/livekvtestrsa-verify-3072aeae12a4/3a80f4d008200c8e27d57aa78a6cca2d/sign?api-version=7.3-preview
  response:
    body:
      string: '{"alg":"RS384","kid":"https://managedhsmname.managedhsm.azure.net/keys/livekvtestrsa-verify-3072aeae12a4/3a80f4d008200c8e27d57aa78a6cca2d","value":"Goyfz0PKEBwYIlUsQsN6qdI1fFvaBycPVpraFPr2YsXJQEkcM7ixwMQQkLTP21gAbvMNx0kMflpONEQVSpEu6H6hszbMu7AQYYkbgCdDTw4m29sMThhEAi2ANg7edcV1pLEvpn8ugXISot3s6XHm6rJ79fD__2SsRnJm09BX7XlvNMPMiJwoMarJCrZ4nbeTV-r-pMrjOdNLX5Mc14f5gj8KAcI_ZdAuMLwFoVo_dBCAo-adOyORjLYlcnUI_SSAYLK8QVlUCB6ZgdaJI1bRlJptTU9tbJIy8p-usBOySXLDeO3WtBvXoj6RmXJJjr8iWzuWABgfdejhY0lW3hrpwbaGRRMKvvyt3FhB86vC9xPGhp4eyyJhYD9dO1T_Xqvpi_uqfcZzYv4jlZHJ-5jg6AVBh7AmeW0oTpL149I1_LS8Mct2jdVXhfZTZh9QnOASKI8Gsi8MhGoxCLMwX93XrZ_LGXn5ngxKZhV3JC0KL3bbsj7qu0a1KVNEQt2eMV3i"}'
    headers:
      cache-control:
      - no-cache
      content-length:
      - '663'
      content-security-policy:
      - default-src 'self'
      content-type:
      - application/json; charset=utf-8
      strict-transport-security:
      - max-age=31536000; includeSubDomains
      x-content-type-options:
      - nosniff
      x-frame-options:
      - SAMEORIGIN
      x-ms-keyvault-network-info:
      - conn_type=Ipv4;addr=172.92.159.124;act_addr_fam=Ipv4;
      x-ms-keyvault-region:
      - eastus2
      x-ms-server-latency:
      - '6'
    status:
      code: 200
      message: OK
- request:
    body: '{"alg": "RS512", "value": "zZyL-eOHDnnq34aZaWgBMobx4x2Pm3mPRo4eqnRmLK6sE0jsXZFOFhMXaTcvILQxovTsMMh9JupeojYCnDvfrQ"}'
    headers:
      Accept:
      - application/json
      Accept-Encoding:
      - gzip, deflate
      Connection:
      - keep-alive
      Content-Length:
      - '115'
      Content-Type:
      - application/json
      User-Agent:
      - azsdk-python-keyvault-keys/4.5.0b1 Python/3.5.3 (Windows-10-10.0.19041-SP0)
    method: POST
    uri: https://managedhsmname.managedhsm.azure.net/keys/livekvtestrsa-verify-3072aeae12a4/3a80f4d008200c8e27d57aa78a6cca2d/sign?api-version=7.3-preview
  response:
    body:
      string: '{"alg":"RS512","kid":"https://managedhsmname.managedhsm.azure.net/keys/livekvtestrsa-verify-3072aeae12a4/3a80f4d008200c8e27d57aa78a6cca2d","value":"UI0_bRtLnoU4a4S01lcA_p-DzTiLPbRGERGt7ZtEb0YkJhnW1VE0Tdvc-BeWU1fWmT7ekCM8s6N1cjCY7ibt-prLfur3VnZ4Hm8wenupASqxMvR3kRebXjmq7eujC45FBd2QOm2LLeMzDwUS6TRpxo2ib2qSjX3L9Eatwvt3qqDceDFs53Kk6htxpN3e61lbabAsGC01RrweZUj3E75E43YZQRPU7KsCzbVWlV09Q17GwMfuKjPQOnBMNvuRky0e_kgv1GITYaru6xGj_QWtd50j1qk2qnoOVvWjhf6tOJ9m9eDkmyCF_MqQo0VZSuus3ohp-uce_ppr3frTykVjc3MoZ3IR4Zy4UHbyY_Dx6YcWXfq4bQn2bK9kGsuPuI7WWJbqh3ULA7GwrTNpT9JuvIqd38UDXKMkCbz3JctlzRVsww4xpl0fkNarklIt33XpOqhWSHE1pVzCdhRVcId6xpRIE0UGUJyqv-F9ZGMpV1C7halLbwq7B2fG6QJr-azv"}'
    headers:
      cache-control:
      - no-cache
      content-length:
      - '663'
      content-security-policy:
      - default-src 'self'
      content-type:
      - application/json; charset=utf-8
      strict-transport-security:
      - max-age=31536000; includeSubDomains
      x-content-type-options:
      - nosniff
      x-frame-options:
      - SAMEORIGIN
      x-ms-keyvault-network-info:
      - conn_type=Ipv4;addr=172.92.159.124;act_addr_fam=Ipv4;
      x-ms-keyvault-region:
      - eastus2
      x-ms-server-latency:
      - '6'
    status:
      code: 200
      message: OK
- request:
    body: '{"key_size": 4096, "kty": "RSA-HSM"}'
    headers:
      Accept:
      - application/json
      Accept-Encoding:
      - gzip, deflate
      Connection:
      - keep-alive
      Content-Length:
      - '36'
      Content-Type:
      - application/json
      User-Agent:
      - azsdk-python-keyvault-keys/4.5.0b1 Python/3.5.3 (Windows-10-10.0.19041-SP0)
    method: POST
    uri: https://managedhsmname.managedhsm.azure.net/keys/livekvtestrsa-verify-4096aeae12a4/create?api-version=7.3-preview
  response:
    body:
      string: '{"attributes":{"created":1618441019,"enabled":true,"exportable":false,"recoverableDays":90,"recoveryLevel":"Recoverable+Purgeable","updated":1618441019},"key":{"e":"AQAB","key_ops":["wrapKey","decrypt","encrypt","unwrapKey","sign","verify"],"kid":"https://managedhsmname.managedhsm.azure.net/keys/livekvtestrsa-verify-4096aeae12a4/5f04ab97ccf84cc7073b353ce04d936e","kty":"RSA-HSM","n":"mhVYPxSNE0Y47NuUtOybLrTS8ECa1PNT3gHmtMffvEyj4Evb06T0-RxgYD29XOql4TXUntyV1WKUajS5Q33DyF40fRdYh30e1u92fUxVDZ0qnF-zGaSvvow2uoiV3H6ewADgeyOltqpn9E_AaI2_Q069aCmq-L9xr57v-BpvMrXVvEe2jnLh2OwSBFNWNbeU1_eUtM7fbyhcSUeMxeloMDIduGaYiCDBSOuzWkzA9RZum_Wte3Lgy4O4cH4q2LMDSaEnY3aTHG8JgxWT1217HZ8MDjLi-hlq1gRoHVAi-NPIZos4-8O8ICtIJSpUjuCsS5yfj1qpQDKWB_9XCgl11pTFMxxzvjDv2zX5yz20xgH17Lv3OLLV6PL9hCjys3_kmJ6HcwRBRqG6vLmgQLoGtcY0CFxFLXDv9oKekMtXPQs__O9xLxdwT7HBERD0X41bQMUH39cWFzmv_E3hR1QwGBpUe5QxLdSm-ECSsPo8X87DitFSqX5hyk1B3vNHdbp4o_yJzP4O7FmEqPirKiPiRmZqdw1ZeOER-VGjV03BF9cbEvI9QaTSfUjMVdvMe1cPEUWINlZw9P98GfsXLRyHOMcZzBEbuMnMZamdV6HiC_NUmY3JdV0Qwk3Xlasgk1PHs97g1D0ad8iwlYG97U__OnjTcj1a_lFoVFsOhv7D2pc"}}'
    headers:
      cache-control:
      - no-cache
      content-length:
      - '1073'
      content-security-policy:
      - default-src 'self'
      content-type:
      - application/json; charset=utf-8
      strict-transport-security:
      - max-age=31536000; includeSubDomains
      x-content-type-options:
      - nosniff
      x-frame-options:
      - SAMEORIGIN
      x-ms-keyvault-network-info:
      - conn_type=Ipv4;addr=172.92.159.124;act_addr_fam=Ipv4;
      x-ms-keyvault-region:
      - eastus2
      x-ms-server-latency:
      - '216'
    status:
      code: 200
      message: OK
- request:
    body: '{"alg": "PS256", "value": "vgZc0NQUb6WMKX___V2JntcFRO_vszKwSAj7R2rL1zg"}'
    headers:
      Accept:
      - application/json
      Accept-Encoding:
      - gzip, deflate
      Connection:
      - keep-alive
      Content-Length:
      - '72'
      Content-Type:
      - application/json
      User-Agent:
      - azsdk-python-keyvault-keys/4.5.0b1 Python/3.5.3 (Windows-10-10.0.19041-SP0)
    method: POST
    uri: https://managedhsmname.managedhsm.azure.net/keys/livekvtestrsa-verify-4096aeae12a4/5f04ab97ccf84cc7073b353ce04d936e/sign?api-version=7.3-preview
  response:
    body:
      string: '{"alg":"PS256","kid":"https://managedhsmname.managedhsm.azure.net/keys/livekvtestrsa-verify-4096aeae12a4/5f04ab97ccf84cc7073b353ce04d936e","value":"J9DjIuBwp8hiGBuVgqd7i6LFrIu-ODOpTvc5_SJ6_FCGVr4McMLQLzzo5qoaxubuRwPaUNKO25h-idXnRxLBem90P1Rp-nIwHdUtioosch4b-J6ardD1uQ9bFRHDhQLOsbAgd4MPNMEsG5BH0JikH7CNJLoatr2W5a9AVkSEz88YzbMuFuSxIkchctjolMBG_tg6gtmfyBHQbY9hNas6q-vIqqk3DrT0-09QX17T1oyQGjVSdeRQ3L52B-tTMRJaslsQXlDh-gxKG82OTv-DgL0VY0YJuCMGIIt2e0FGqu7oj7-lcSaJuisXg3ZO7eMIqvigkuIbCVKaM33B-9YS7JrzGr91l1-CA_GEPn9fp_pHN8bpamzeHVK4PKDUUyG_7c1DWFiJpHlraaXCAFvcOQOayV-D2TWDJtl61EAR4YZqjF3j89y9R9Gq83mU9bYhuUPvB72R_gO7NW6PBRluEqPDqjYvFWyhCQEc7xEWGi-Va1rYiy9nKcOOGYukngqSX03gyvAAso1k18-lrg4owUrwy9jDOPA1cTopmJNdcDQtywkwkm7RY0q_RwaZVAccs0vWUrpNYdWVnkSt6iQSfenmD_LMNk7bjTrkd2I0ZMLRtRo8pHa3scUWWONCyfjjPipVFJ9FrZbo2iUY44Ev1pRZlpRBhkXbci4lLZ0Lork"}'
    headers:
      cache-control:
      - no-cache
      content-length:
      - '834'
      content-security-policy:
      - default-src 'self'
      content-type:
      - application/json; charset=utf-8
      strict-transport-security:
      - max-age=31536000; includeSubDomains
      x-content-type-options:
      - nosniff
      x-frame-options:
      - SAMEORIGIN
      x-ms-keyvault-network-info:
      - conn_type=Ipv4;addr=172.92.159.124;act_addr_fam=Ipv4;
      x-ms-keyvault-region:
      - eastus2
      x-ms-server-latency:
      - '96'
    status:
      code: 200
      message: OK
- request:
    body: '{"alg": "PS384", "value": "OnZY76NXJ8_MBkjnc9b9RiaL5OYscmrTal040wQuLFlRrnLvJFecIvZl2KjXqwVB"}'
    headers:
      Accept:
      - application/json
      Accept-Encoding:
      - gzip, deflate
      Connection:
      - keep-alive
      Content-Length:
      - '93'
      Content-Type:
      - application/json
      User-Agent:
      - azsdk-python-keyvault-keys/4.5.0b1 Python/3.5.3 (Windows-10-10.0.19041-SP0)
    method: POST
    uri: https://managedhsmname.managedhsm.azure.net/keys/livekvtestrsa-verify-4096aeae12a4/5f04ab97ccf84cc7073b353ce04d936e/sign?api-version=7.3-preview
  response:
    body:
      string: '{"alg":"PS384","kid":"https://managedhsmname.managedhsm.azure.net/keys/livekvtestrsa-verify-4096aeae12a4/5f04ab97ccf84cc7073b353ce04d936e","value":"RM6P_bSNtQNeOobrPZaTur0cJIFZfkbfptu7ov0GLh9RQca78HjaKxzyufop4IEYE38sOtD9P0nNQ9sD5sWZ5ddUSM0f1DfeAFr8BHQBQJ5yEKoxaYK8A5z2AsMCgTXT1IotKGrFiD9ayVo12sSbeibaFO57MsNYgSU-7tGnPYvQesx5Z4w6P7AmO9Qr1dWXe5voNaxtalARJwM2ZnuZPc2NhGlDJqWbOdybxTfQedlvpgKgdUw3EPjUHUv7Dvg3whqp1EPtTTJrcabna8H68OiVf6AenVuatT-P2mP5skMmXOGze8r19hT2S7CtjGP1ZGKnWnHxVHPHBT3k19d_ccBSNPJG9u_YctOJ-J2bOBBm_KEN-9hBtCgo2cL649u2SH35J_YxsmhMHoUMSeSSq7HgFZSjuzhhBGNGV2Ywa8ptHrRtYFijaK3J97EN8GtQg6xscg69ZwwcUgqvdofrhxQrYGsSiJzmjR07fk6gJV1rXnYrJC8f_EQytcmvopz9n0RWNIjCs0PFKjexQvqYCfAVlhvSkHe5-w76uN7zuI7iw0nc6XIts92ZUGRGyPcN7zAUVGjWHphV9uT0gNf9yTFEz5ZyD1Fh0728tvD4jUaskLP993n9tJXOfO9aT9078begF2Lyh0e42g2YpPTNS8NBFzI9Np3YNLqT6qO5kOc"}'
    headers:
      cache-control:
      - no-cache
      content-length:
      - '834'
      content-security-policy:
      - default-src 'self'
      content-type:
      - application/json; charset=utf-8
      strict-transport-security:
      - max-age=31536000; includeSubDomains
      x-content-type-options:
      - nosniff
      x-frame-options:
      - SAMEORIGIN
      x-ms-keyvault-network-info:
      - conn_type=Ipv4;addr=172.92.159.124;act_addr_fam=Ipv4;
      x-ms-keyvault-region:
      - eastus2
      x-ms-server-latency:
      - '13'
    status:
      code: 200
      message: OK
- request:
    body: '{"alg": "PS512", "value": "zZyL-eOHDnnq34aZaWgBMobx4x2Pm3mPRo4eqnRmLK6sE0jsXZFOFhMXaTcvILQxovTsMMh9JupeojYCnDvfrQ"}'
    headers:
      Accept:
      - application/json
      Accept-Encoding:
      - gzip, deflate
      Connection:
      - keep-alive
      Content-Length:
      - '115'
      Content-Type:
      - application/json
      User-Agent:
      - azsdk-python-keyvault-keys/4.5.0b1 Python/3.5.3 (Windows-10-10.0.19041-SP0)
    method: POST
    uri: https://managedhsmname.managedhsm.azure.net/keys/livekvtestrsa-verify-4096aeae12a4/5f04ab97ccf84cc7073b353ce04d936e/sign?api-version=7.3-preview
  response:
    body:
      string: '{"alg":"PS512","kid":"https://managedhsmname.managedhsm.azure.net/keys/livekvtestrsa-verify-4096aeae12a4/5f04ab97ccf84cc7073b353ce04d936e","value":"jKFOilHxI6Up3DqijuxuS3eInXP_vH688v93wTHF0Hq3SG1yCWLW5hLlGw35-L8Z1HmJxywufNFhC6_wbGVpPkR95wYUgkPCBDW2BWs02dR8VFrbxhQYGcmLZvSp9KWbWmoZM4xBIAuc0vLMLKvqec483EG3UazecRfiTnlkJFjIbSW8d1nRpwHDwtQtfI95wkk9SsIU-WebBDAMo_sgwiqceuUBmi42zSP54fC05QL4p3nBsRv-gItofVwf1fg3FGDxmtjecQjSxNx6LedqqvpR7wIU8iiucUE4ixihZkvUpEQPrA-D5jnyXsNIgTcLgw4XhwHuSCIRIOD2FPBzZUKx1M-fAtRyTQS3_DNKYPSFhJamKr__pGC2_ac2MtYTLvCgtxJtED5TV69sd08ziOrQ2tsOJ9Bp0pzKuorGo0WPAPPJaHtoypDoodtgFRbccRtigYROjKIh40wAGhq2Ya2SlbfhILMdQWuiC358PNFfl3xqh5cdnB5Vdp6MsNe8-Z16DZ6fHRLBz_xshuPccDuZB7WoXBX86Q15mrAzEfOhWex9s6P-nWqb_5vlJ6oDsb1OtVAdU29HJJ4KfZzvDEEFNRNQ-piHq7-E38wzUDcpzfE4TItsplD6s8esiOO5MzGzLEAluxjvpG0XBwuoOM2zIFFTxrRByNDBwsI-Oh4"}'
    headers:
      cache-control:
      - no-cache
      content-length:
      - '834'
      content-security-policy:
      - default-src 'self'
      content-type:
      - application/json; charset=utf-8
      strict-transport-security:
      - max-age=31536000; includeSubDomains
      x-content-type-options:
      - nosniff
      x-frame-options:
      - SAMEORIGIN
      x-ms-keyvault-network-info:
      - conn_type=Ipv4;addr=172.92.159.124;act_addr_fam=Ipv4;
      x-ms-keyvault-region:
      - eastus2
      x-ms-server-latency:
      - '13'
    status:
      code: 200
      message: OK
- request:
    body: '{"alg": "RS256", "value": "vgZc0NQUb6WMKX___V2JntcFRO_vszKwSAj7R2rL1zg"}'
    headers:
      Accept:
      - application/json
      Accept-Encoding:
      - gzip, deflate
      Connection:
      - keep-alive
      Content-Length:
      - '72'
      Content-Type:
      - application/json
      User-Agent:
      - azsdk-python-keyvault-keys/4.5.0b1 Python/3.5.3 (Windows-10-10.0.19041-SP0)
    method: POST
    uri: https://managedhsmname.managedhsm.azure.net/keys/livekvtestrsa-verify-4096aeae12a4/5f04ab97ccf84cc7073b353ce04d936e/sign?api-version=7.3-preview
  response:
    body:
      string: '{"alg":"RS256","kid":"https://managedhsmname.managedhsm.azure.net/keys/livekvtestrsa-verify-4096aeae12a4/5f04ab97ccf84cc7073b353ce04d936e","value":"RJdiZA1gZuJb7jDcPrTnOTqreEIT1rW84Jf_wZ1PRrko8zBOO49cfwKJPKpVCTybYjxvBYiB8CaDK-H1wvgIUjbemsHZ44zlEb3gize8Ml8HFeEDEtfkS23nwLpcCpXmK7HC6vZKUvjpfAuMzkykjskQBf_kZrB23xJpxaWz7a7A9xEpaGWM-WqZFyfsloiHDnx1uEZa-vPOgVBeOFMHVtlgjAhbiAV_DLkz4oknrOb140qMfLktQD0w10JPMwAg0zg-hh83qvTk6wAEs_Gd631nPkfrp22-nfwrsPMoHvcYCtNxiTEnOfol-8vziAGNI5xtv2kbki-C2iqKy3d0cZBGkIxO2dReJgbAV3RUqpZV0iTGJHFFwsI2osHo3I_kzz5aNs7d94LYHZlzTSRjqgYDkalYALccNAig2Kdbpmw6kIH_JubWnjniqw3e2qhrOIYh7o5i9jVibwK6uGeu2fo1__tof5dtyxQ0hcM0hqUWqb9YgiVqUBHQ_Y6vHWbbNyx-xCXBEIajtVAT8EvgBkCqvZhP46LDI4L3svU3qjy-ZRtR3qM656coOfGvRfbzEL6SHvO4s3xYlJfb1INlrxmwuPYQz541PdjfXybficOOxvTpaeRG_92GKe_7VGtSrnXrI-t6mj2Q5xtroMzdKtUmC8bHl8qF408REnE52eM"}'
    headers:
      cache-control:
      - no-cache
      content-length:
      - '834'
      content-security-policy:
      - default-src 'self'
      content-type:
      - application/json; charset=utf-8
      strict-transport-security:
      - max-age=31536000; includeSubDomains
      x-content-type-options:
      - nosniff
      x-frame-options:
      - SAMEORIGIN
      x-ms-keyvault-network-info:
      - conn_type=Ipv4;addr=172.92.159.124;act_addr_fam=Ipv4;
      x-ms-keyvault-region:
      - eastus2
      x-ms-server-latency:
      - '12'
    status:
      code: 200
      message: OK
- request:
    body: '{"alg": "RS384", "value": "OnZY76NXJ8_MBkjnc9b9RiaL5OYscmrTal040wQuLFlRrnLvJFecIvZl2KjXqwVB"}'
    headers:
      Accept:
      - application/json
      Accept-Encoding:
      - gzip, deflate
      Connection:
      - keep-alive
      Content-Length:
      - '93'
      Content-Type:
      - application/json
      User-Agent:
      - azsdk-python-keyvault-keys/4.5.0b1 Python/3.5.3 (Windows-10-10.0.19041-SP0)
    method: POST
    uri: https://managedhsmname.managedhsm.azure.net/keys/livekvtestrsa-verify-4096aeae12a4/5f04ab97ccf84cc7073b353ce04d936e/sign?api-version=7.3-preview
  response:
    body:
      string: '{"alg":"RS384","kid":"https://managedhsmname.managedhsm.azure.net/keys/livekvtestrsa-verify-4096aeae12a4/5f04ab97ccf84cc7073b353ce04d936e","value":"N8lsO4ofloH-M5iYnc9M_AO6wMtJnH8Sww2AA8HX6di_JGR0_Er1WX8Y5m8kynHMbFdccOD15yAzEaWM5iuriWoEUWQZKT_g6QoLZKxSB3EkO7fOTuS8L_61S1miBi-7UdscxVIGE9i71f0OZOpHwa8_t-bBseGokhg6HJ7qdUMfvr6nHamEUTYiQgHvmOaSpcxkHhFCMe3usRlYW3AvWaL8OQSrMGMpjaIHuTls-vzYlgOwXufTw8hVnrFA9K0IQTUBiFRFiQq2wwASkv_F6RilWOw2xzm-Ea8hzWkS7NNQvB5bw-rqH93IMQFF4BZLBL8VK6u0MJ2ic82I9B8P6cpdqWObhCIAorWil1yiQHx4TYGnh8P5hlTaWW5fxOxpOLxbNCMBZ7M9dZENSZA3YWDJ8gtUOfIdoshqnBOBnbUgeyZ43xUOkeyiFRIqNST1cuP50J_bNM7mwyiNd-5vi9DJ1as3kP1XV_8OovAy0AgBnSSjs0SPoGFCgYoCHDrd1MIQNpqoM6ZsvFCI9t4VCBZiQ6U7VtlOY0cNv69-0I-pqGqPuxD4oDu1jiAvfFUXpz8fhCSIR650dn5M87cydwJeg6H-gWJ-8oZCrvTstGnhaH4fYAV1Ql5KDqMCh9wZb62NPiG6pMX3o1WtDCp99JNbCu3LY8fAm2yPOeeh5nc"}'
    headers:
      cache-control:
      - no-cache
      content-length:
      - '834'
      content-security-policy:
      - default-src 'self'
      content-type:
      - application/json; charset=utf-8
      strict-transport-security:
      - max-age=31536000; includeSubDomains
      x-content-type-options:
      - nosniff
      x-frame-options:
      - SAMEORIGIN
      x-ms-keyvault-network-info:
      - conn_type=Ipv4;addr=172.92.159.124;act_addr_fam=Ipv4;
      x-ms-keyvault-region:
      - eastus2
      x-ms-server-latency:
      - '12'
    status:
      code: 200
      message: OK
- request:
    body: '{"alg": "RS512", "value": "zZyL-eOHDnnq34aZaWgBMobx4x2Pm3mPRo4eqnRmLK6sE0jsXZFOFhMXaTcvILQxovTsMMh9JupeojYCnDvfrQ"}'
    headers:
      Accept:
      - application/json
      Accept-Encoding:
      - gzip, deflate
      Connection:
      - keep-alive
      Content-Length:
      - '115'
      Content-Type:
      - application/json
      User-Agent:
      - azsdk-python-keyvault-keys/4.5.0b1 Python/3.5.3 (Windows-10-10.0.19041-SP0)
    method: POST
    uri: https://managedhsmname.managedhsm.azure.net/keys/livekvtestrsa-verify-4096aeae12a4/5f04ab97ccf84cc7073b353ce04d936e/sign?api-version=7.3-preview
  response:
    body:
      string: '{"alg":"RS512","kid":"https://managedhsmname.managedhsm.azure.net/keys/livekvtestrsa-verify-4096aeae12a4/5f04ab97ccf84cc7073b353ce04d936e","value":"IFKlaULRImUotnhvtNgzdQWYhAJC8tu0dgjoUlqmfs9C5jrnOeYYTFNiKHJD_vvQGvod52xFBXqgiUcFK9f3lkq4NQZ602aGx2qLdOC-WeKdkLYlmV2rAth7bs3eEaLKf7i557ilfekG-iKPWHSefBH62rjusNFrVIShV_x8l8MfPGnBFnpy-OPjLeLJpRpjNWLA82AIszc_yzEGkhg4FXFBfi6iqbNR4injV_9EI2x_sd9-sdYtYb3hZx58rgsY1G_3GV6AEB4WHBmN-eoZskUGcvqgEzyJcLhj7yII1iWxfBOQpsvIUI-pt_86YHdwXiqSeQh4L57GzCAeYLI8gEbHUNdtE-D4oOJeDsdw3A41iyCPSNjhTnl0X2WmOPiMCmflH-KzstlPU-24TV1fYrlPZUnc-VMxGpcm_RuyUiwz-a59xlIfQB1aw3i_fGxTFKJ_3R-FJkRpSAC6mkyOWlI0-M84XoyZ6LE10-Aq8Lds_jflorEidAQsvUgBolS1FzrOwfZYDIHvhLCixW9E8UAd-uAG21hfXqFcFl_P3xZI8-i-kn0EX7qZEwrBpl0Gos8SfjxYeRlcy2Tuz_jz11hD4B8ts1zE7lelU0cLydGDfkQLvb2wgXSkibmw8GZD1Bte91SfOp2__5LnWKEFZ2COAV7i5Ks7xko2W6RAJDA"}'
    headers:
      cache-control:
      - no-cache
      content-length:
      - '834'
      content-security-policy:
      - default-src 'self'
      content-type:
      - application/json; charset=utf-8
      strict-transport-security:
      - max-age=31536000; includeSubDomains
      x-content-type-options:
      - nosniff
      x-frame-options:
      - SAMEORIGIN
      x-ms-keyvault-network-info:
      - conn_type=Ipv4;addr=172.92.159.124;act_addr_fam=Ipv4;
      x-ms-keyvault-region:
      - eastus2
      x-ms-server-latency:
      - '12'
    status:
      code: 200
      message: OK
version: 1
