interactions:
- request:
    body: null
    headers:
      Accept:
      - application/json
      Accept-Encoding:
      - gzip, deflate
      Connection:
      - keep-alive
      Content-Length:
      - '0'
      Content-Type:
      - application/json
      User-Agent:
      - azsdk-python-keyvault-keys/4.5.0b1 Python/3.9.0 (Windows-10-10.0.19041-SP0)
    method: POST
    uri: https://vaultname.vault.azure.net/keys/livekvtestkey0ca10130c/create?api-version=7.3-preview
  response:
    body:
      string: '{"error":{"code":"Unauthorized","message":"AKV10000: Request is missing
        a Bearer or PoP token."}}'
    headers:
      cache-control:
      - no-cache
      content-length:
      - '97'
      content-type:
      - application/json; charset=utf-8
      date:
      - Tue, 06 Jul 2021 17:25:53 GMT
      expires:
      - '-1'
      pragma:
      - no-cache
      strict-transport-security:
      - max-age=31536000;includeSubDomains
      www-authenticate:
      - Bearer authorization="https://login.windows.net/72f988bf-86f1-41af-91ab-2d7cd011db47",
        resource="https://vault.azure.net"
      x-content-type-options:
      - nosniff
      x-ms-keyvault-network-info:
      - conn_type=Ipv4;addr=172.92.159.124;act_addr_fam=InterNetwork;
      x-ms-keyvault-region:
      - westus
      x-ms-keyvault-service-version:
      - 1.9.12.0
      x-powered-by:
      - ASP.NET
    status:
      code: 401
      message: Unauthorized
- request:
    body: '{"kty": "RSA"}'
    headers:
      Accept:
      - application/json
      Accept-Encoding:
      - gzip, deflate
      Connection:
      - keep-alive
      Content-Length:
      - '14'
      Content-Type:
      - application/json
      User-Agent:
      - azsdk-python-keyvault-keys/4.5.0b1 Python/3.9.0 (Windows-10-10.0.19041-SP0)
    method: POST
    uri: https://vaultname.vault.azure.net/keys/livekvtestkey0ca10130c/create?api-version=7.3-preview
  response:
    body:
      string: '{"key":{"kid":"https://vaultname.vault.azure.net/keys/livekvtestkey0ca10130c/b60831e398b543c89c253bcdd471baac","kty":"RSA","key_ops":["encrypt","decrypt","sign","verify","wrapKey","unwrapKey"],"n":"25hd2dMVJj8Sknq7XQlNGdj78hsws09j_-nQl7HVpp6wuguXAPWDxEGGjlFHbGiC77JxaZLhZP7Ba7616WJ8H3IpBNtBlNbJ1R7AQAeasi3vv6wczFgxsdZRkKePknhrHD48am7cwex1qkPkcmyksFmFl2vYREV-fm0YO5UWQd1FIQAfj86w8TZvXJevyRvni-XyIXRPryYB795CI88FwZkEHn2o190JpmvkExkBmXMrYwapQ_geqVkVmKjXCyYNxW9RTBgwiCTOE_M8EL3xxvAq41ZRufTQPxGNycWgkRjUnPUzLc8T5zThfg2IbwoAd0JwIWttCSLkJ6pFyIkTaQ","e":"AQAB"},"attributes":{"enabled":true,"created":1625592354,"updated":1625592354,"recoveryLevel":"Recoverable+Purgeable","recoverableDays":90}}'
    headers:
      cache-control:
      - no-cache
      content-length:
      - '690'
      content-type:
      - application/json; charset=utf-8
      date:
      - Tue, 06 Jul 2021 17:25:54 GMT
      expires:
      - '-1'
      pragma:
      - no-cache
      strict-transport-security:
      - max-age=31536000;includeSubDomains
      x-content-type-options:
      - nosniff
      x-ms-keyvault-network-info:
      - conn_type=Ipv4;addr=172.92.159.124;act_addr_fam=InterNetwork;
      x-ms-keyvault-region:
      - westus
      x-ms-keyvault-service-version:
      - 1.9.12.0
      x-powered-by:
      - ASP.NET
    status:
      code: 200
      message: OK
- request:
    body: '{"kty": "RSA"}'
    headers:
      Accept:
      - application/json
      Accept-Encoding:
      - gzip, deflate
      Connection:
      - keep-alive
      Content-Length:
      - '14'
      Content-Type:
      - application/json
      User-Agent:
      - azsdk-python-keyvault-keys/4.5.0b1 Python/3.9.0 (Windows-10-10.0.19041-SP0)
    method: POST
    uri: https://vaultname.vault.azure.net/keys/livekvtestkey1ca10130c/create?api-version=7.3-preview
  response:
    body:
      string: '{"key":{"kid":"https://vaultname.vault.azure.net/keys/livekvtestkey1ca10130c/7f57cd5d36984559a51bc922ef6f19b2","kty":"RSA","key_ops":["encrypt","decrypt","sign","verify","wrapKey","unwrapKey"],"n":"2QPUX4H_P7w7qzVQKU5z3uvGuZuUZqEUtS6MmGhYWJaEBJP-dYsn2XjVREoinmzkRod9-GWaKy4w2uNUy4e5lTIuG_xyWXIiRhoiwvVqPjTzzimx_EsED3mTVTNCUhJCxsA0CLCSKPCsUuvRI2yqQjkCLSHi1Cla4Ul6_fSc7LU85Flx-BpEM9QJBKsTtOve6dyy2CCBRvHBsFKIU6LnnQLllRU2_LJlsvnr1qPd3XdIkMGNowawEumlwWOFrFIo-w2aALImT6jkTYm0_71TKm2iihNVCR04X92Ff52akvNKYKDG7_cZGGVkx2sybgZNbBBXdqpXvkEVyX94eMi8vQ","e":"AQAB"},"attributes":{"enabled":true,"created":1625592357,"updated":1625592357,"recoveryLevel":"Recoverable+Purgeable","recoverableDays":90}}'
    headers:
      cache-control:
      - no-cache
      content-length:
      - '690'
      content-type:
      - application/json; charset=utf-8
      date:
      - Tue, 06 Jul 2021 17:25:56 GMT
      expires:
      - '-1'
      pragma:
      - no-cache
      strict-transport-security:
      - max-age=31536000;includeSubDomains
      x-content-type-options:
      - nosniff
      x-ms-keyvault-network-info:
      - conn_type=Ipv4;addr=172.92.159.124;act_addr_fam=InterNetwork;
      x-ms-keyvault-region:
      - westus
      x-ms-keyvault-service-version:
      - 1.9.12.0
      x-powered-by:
      - ASP.NET
    status:
      code: 200
      message: OK
- request:
    body: '{"kty": "RSA"}'
    headers:
      Accept:
      - application/json
      Accept-Encoding:
      - gzip, deflate
      Connection:
      - keep-alive
      Content-Length:
      - '14'
      Content-Type:
      - application/json
      User-Agent:
      - azsdk-python-keyvault-keys/4.5.0b1 Python/3.9.0 (Windows-10-10.0.19041-SP0)
    method: POST
    uri: https://vaultname.vault.azure.net/keys/livekvtestkey2ca10130c/create?api-version=7.3-preview
  response:
    body:
      string: '{"key":{"kid":"https://vaultname.vault.azure.net/keys/livekvtestkey2ca10130c/8b69cfd58f844c1eae156e4649033ff4","kty":"RSA","key_ops":["encrypt","decrypt","sign","verify","wrapKey","unwrapKey"],"n":"6VRMY-wZ9S51j56AylxHQmLEC2J0yZZYRjMOjj7yqHeWa02TEAwhfkYsWPXM8pCQ0ASmKKm2BQBYHMZg_AnLDbSdW3gwaZkMiGUniI-7GyoDKedYs_Cb1PFiKb8f8FfQFnr5OF-Br5VY1VPrAGB7lwJoFSmGRAMEsoYEXryhy0AlFboPbZ3GXHcMyO419XX5xVeEWyuPH6EpNM05VmIANhvBiF-L-CP2fCK2ljBIDPVSpA9mQi5SNE8lZ79gsWeGUFworkFg6uv1RAjFa8yfPCmODwyQSWniJOLuiPsGeSESpgnuBXdVdyQ9LCz4KCtRIh2AJjv0joqqjCGk0wJALQ","e":"AQAB"},"attributes":{"enabled":true,"created":1625592359,"updated":1625592359,"recoveryLevel":"Recoverable+Purgeable","recoverableDays":90}}'
    headers:
      cache-control:
      - no-cache
      content-length:
      - '690'
      content-type:
      - application/json; charset=utf-8
      date:
      - Tue, 06 Jul 2021 17:25:59 GMT
      expires:
      - '-1'
      pragma:
      - no-cache
      strict-transport-security:
      - max-age=31536000;includeSubDomains
      x-content-type-options:
      - nosniff
      x-ms-keyvault-network-info:
      - conn_type=Ipv4;addr=172.92.159.124;act_addr_fam=InterNetwork;
      x-ms-keyvault-region:
      - westus
      x-ms-keyvault-service-version:
      - 1.9.12.0
      x-powered-by:
      - ASP.NET
    status:
      code: 200
      message: OK
- request:
    body: '{"kty": "RSA"}'
    headers:
      Accept:
      - application/json
      Accept-Encoding:
      - gzip, deflate
      Connection:
      - keep-alive
      Content-Length:
      - '14'
      Content-Type:
      - application/json
      User-Agent:
      - azsdk-python-keyvault-keys/4.5.0b1 Python/3.9.0 (Windows-10-10.0.19041-SP0)
    method: POST
    uri: https://vaultname.vault.azure.net/keys/livekvtestkey3ca10130c/create?api-version=7.3-preview
  response:
    body:
      string: '{"key":{"kid":"https://vaultname.vault.azure.net/keys/livekvtestkey3ca10130c/6e9e9ba6af274a6485ad90096764957a","kty":"RSA","key_ops":["encrypt","decrypt","sign","verify","wrapKey","unwrapKey"],"n":"wirygIDBUyEQ3E-ZXYKhRBjS-vg_0T_zwnlkHGCeQp0waU8srkv2sW-54LESi_ow31QURShO9HmNB3A8GkmY0kbszBJYfHBLkeFOud9Cq-G-8lzdaU7e-E_jMpu-xu8L2mnxIn9rGFECM2D5Jdo_CEX2YJtYQmDcYNbl9x2rMU9pPFU-JrLyr91_2Lg0WNN_Vc9zVqyC6VKKq1hkj5pGyI7vz2zx9Gknw7ign-D0hqJ5eyo8-qFlrXXDOy1n-XPuHTep-XYpMq122p1mJ0SyB11zshjPJ6H23204nAD6IXZz9c1Hty1DRztVOIxhpQTgXd5kyXeESkLdDFSSkkQIHQ","e":"AQAB"},"attributes":{"enabled":true,"created":1625592361,"updated":1625592361,"recoveryLevel":"Recoverable+Purgeable","recoverableDays":90}}'
    headers:
      cache-control:
      - no-cache
      content-length:
      - '690'
      content-type:
      - application/json; charset=utf-8
      date:
      - Tue, 06 Jul 2021 17:26:01 GMT
      expires:
      - '-1'
      pragma:
      - no-cache
      strict-transport-security:
      - max-age=31536000;includeSubDomains
      x-content-type-options:
      - nosniff
      x-ms-keyvault-network-info:
      - conn_type=Ipv4;addr=172.92.159.124;act_addr_fam=InterNetwork;
      x-ms-keyvault-region:
      - westus
      x-ms-keyvault-service-version:
      - 1.9.12.0
      x-powered-by:
      - ASP.NET
    status:
      code: 200
      message: OK
- request:
    body: '{"kty": "RSA"}'
    headers:
      Accept:
      - application/json
      Accept-Encoding:
      - gzip, deflate
      Connection:
      - keep-alive
      Content-Length:
      - '14'
      Content-Type:
      - application/json
      User-Agent:
      - azsdk-python-keyvault-keys/4.5.0b1 Python/3.9.0 (Windows-10-10.0.19041-SP0)
    method: POST
    uri: https://vaultname.vault.azure.net/keys/livekvtestkey4ca10130c/create?api-version=7.3-preview
  response:
    body:
      string: '{"key":{"kid":"https://vaultname.vault.azure.net/keys/livekvtestkey4ca10130c/5ff10de4458b4b8997a27afd23e2e5ac","kty":"RSA","key_ops":["encrypt","decrypt","sign","verify","wrapKey","unwrapKey"],"n":"oUkbD4CMqbDS6fnFDQTr_TXhvMK4J1ryu5HcxeZWBDcDB1OtKW6t-7WmMyln5mQv4JpId8ZpkKewwrl30d4J2cCLXswJDyKjKn4guVNf1Nl1okcvPAZWYDhrQNjzK3VaXyxD7SfTFaQaVyn3z7ml3Fx5b7-qw2ogEFMLzRjmN9QGoUQTN_AAMJzLSqBfT3PqMWuDkVO85aUPJPvWeiTHOtxgkO24Lp4aWeXJzfzoVmsXyaEqJwvxcsVFVPswi1z6x_g_8qCMJNX1j7YFfdWt0wF4uqhh0dv9uHUTpCSTFwJLCI_N8xZCmZd4dI606pCmRGUQbjDiNA6X8Uy6yP2LwQ","e":"AQAB"},"attributes":{"enabled":true,"created":1625592364,"updated":1625592364,"recoveryLevel":"Recoverable+Purgeable","recoverableDays":90}}'
    headers:
      cache-control:
      - no-cache
      content-length:
      - '690'
      content-type:
      - application/json; charset=utf-8
      date:
      - Tue, 06 Jul 2021 17:26:03 GMT
      expires:
      - '-1'
      pragma:
      - no-cache
      strict-transport-security:
      - max-age=31536000;includeSubDomains
      x-content-type-options:
      - nosniff
      x-ms-keyvault-network-info:
      - conn_type=Ipv4;addr=172.92.159.124;act_addr_fam=InterNetwork;
      x-ms-keyvault-region:
      - westus
      x-ms-keyvault-service-version:
      - 1.9.12.0
      x-powered-by:
      - ASP.NET
    status:
      code: 200
      message: OK
- request:
    body: '{"kty": "RSA"}'
    headers:
      Accept:
      - application/json
      Accept-Encoding:
      - gzip, deflate
      Connection:
      - keep-alive
      Content-Length:
      - '14'
      Content-Type:
      - application/json
      User-Agent:
      - azsdk-python-keyvault-keys/4.5.0b1 Python/3.9.0 (Windows-10-10.0.19041-SP0)
    method: POST
    uri: https://vaultname.vault.azure.net/keys/livekvtestkey5ca10130c/create?api-version=7.3-preview
  response:
    body:
      string: '{"key":{"kid":"https://vaultname.vault.azure.net/keys/livekvtestkey5ca10130c/c06b85b9cc864c3abe386cd52538c12d","kty":"RSA","key_ops":["encrypt","decrypt","sign","verify","wrapKey","unwrapKey"],"n":"9j6dYUCSsVwYNupRelrR06g_ItYwm0LerQNeKC6i5s3wSYyh9A15d9_yxWPTd_ZmcV_sjIa144JewKKPVKskci98dIjcMkeHee7asJb9G3x8rq8VKE9SK5K8GB2Kxs9QbCVFrgwbeH1-yTewMb-7EnOpKaaWHKt-dztzWXM3Yd2FkI5e0zHKRbSxpdXgZ3hnChVCl3zhy9QiJfvyZoAnY0ECBTK3ypTItKMOjIi56rNuXu3kDI2mkCRrREvXThDjuSc26Vru_xORjAGakIijbwP3_dA_eUXIhpg81Ir18lfLHdpNAr7Ov-X0ZpHfW00hD-_fFxhrFaCYs9n6M6I46Q","e":"AQAB"},"attributes":{"enabled":true,"created":1625592366,"updated":1625592366,"recoveryLevel":"Recoverable+Purgeable","recoverableDays":90}}'
    headers:
      cache-control:
      - no-cache
      content-length:
      - '690'
      content-type:
      - application/json; charset=utf-8
      date:
      - Tue, 06 Jul 2021 17:26:05 GMT
      expires:
      - '-1'
      pragma:
      - no-cache
      strict-transport-security:
      - max-age=31536000;includeSubDomains
      x-content-type-options:
      - nosniff
      x-ms-keyvault-network-info:
      - conn_type=Ipv4;addr=172.92.159.124;act_addr_fam=InterNetwork;
      x-ms-keyvault-region:
      - westus
      x-ms-keyvault-service-version:
      - 1.9.12.0
      x-powered-by:
      - ASP.NET
    status:
      code: 200
      message: OK
- request:
    body: '{"kty": "RSA"}'
    headers:
      Accept:
      - application/json
      Accept-Encoding:
      - gzip, deflate
      Connection:
      - keep-alive
      Content-Length:
      - '14'
      Content-Type:
      - application/json
      User-Agent:
      - azsdk-python-keyvault-keys/4.5.0b1 Python/3.9.0 (Windows-10-10.0.19041-SP0)
    method: POST
    uri: https://vaultname.vault.azure.net/keys/livekvtestkey6ca10130c/create?api-version=7.3-preview
  response:
    body:
      string: '{"key":{"kid":"https://vaultname.vault.azure.net/keys/livekvtestkey6ca10130c/3a3d0301a6134ba98ecf43740571789c","kty":"RSA","key_ops":["encrypt","decrypt","sign","verify","wrapKey","unwrapKey"],"n":"pvp_4XqfZCu5lMSPFXBpEgTmjWg0hnfjfWjrUdTSMz8CKkBQawbEcbqoSkI7MjK3I43AkCKf8FG9bENpmG7yW_P6ZQAeOx-BCbuobWAr0E3BHZOyngGXmpDT8mplkQVO_VNHjPoJFnjx_gdOU9ZZMpBqF22AykQmRYjR9noD9-O7U1Tm2gcHjO8QqTcZOV1JEUyQDWV9rkzeUxjq376Ou2-2EsFjWiRS_ymGRI0Ic1fIazs9yh0mud9aAupNfXb2TN-ICfyp8FcTVlqrFlqxNaRbhhDeZ2lFfQM3qDF2IXEogK_awV5FYLvxT82GrI6zAc5_8C534V36e2nN79Go6Q","e":"AQAB"},"attributes":{"enabled":true,"created":1625592368,"updated":1625592368,"recoveryLevel":"Recoverable+Purgeable","recoverableDays":90}}'
    headers:
      cache-control:
      - no-cache
      content-length:
      - '690'
      content-type:
      - application/json; charset=utf-8
      date:
      - Tue, 06 Jul 2021 17:26:09 GMT
      expires:
      - '-1'
      pragma:
      - no-cache
      strict-transport-security:
      - max-age=31536000;includeSubDomains
      x-content-type-options:
      - nosniff
      x-ms-keyvault-network-info:
      - conn_type=Ipv4;addr=172.92.159.124;act_addr_fam=InterNetwork;
      x-ms-keyvault-region:
      - westus
      x-ms-keyvault-service-version:
      - 1.9.12.0
      x-powered-by:
      - ASP.NET
    status:
      code: 200
      message: OK
- request:
    body: null
    headers:
      Accept:
      - application/json
      Accept-Encoding:
      - gzip, deflate
      Connection:
      - keep-alive
      User-Agent:
      - azsdk-python-keyvault-keys/4.5.0b1 Python/3.9.0 (Windows-10-10.0.19041-SP0)
    method: GET
    uri: https://vaultname.vault.azure.net/keys?maxresults=6&api-version=7.3-preview
  response:
    body:
      string: '{"value":[{"kid":"https://vaultname.vault.azure.net/keys/livekvtestkey0ca10130c","attributes":{"enabled":true,"created":1625592354,"updated":1625592354,"recoveryLevel":"Recoverable+Purgeable","recoverableDays":90}},{"kid":"https://vaultname.vault.azure.net/keys/livekvtestkey1ca10130c","attributes":{"enabled":true,"created":1625592357,"updated":1625592357,"recoveryLevel":"Recoverable+Purgeable","recoverableDays":90}},{"kid":"https://vaultname.vault.azure.net/keys/livekvtestkey2ca10130c","attributes":{"enabled":true,"created":1625592359,"updated":1625592359,"recoveryLevel":"Recoverable+Purgeable","recoverableDays":90}},{"kid":"https://vaultname.vault.azure.net/keys/livekvtestkey3ca10130c","attributes":{"enabled":true,"created":1625592361,"updated":1625592361,"recoveryLevel":"Recoverable+Purgeable","recoverableDays":90}},{"kid":"https://vaultname.vault.azure.net/keys/livekvtestkey4ca10130c","attributes":{"enabled":true,"created":1625592364,"updated":1625592364,"recoveryLevel":"Recoverable+Purgeable","recoverableDays":90}},{"kid":"https://vaultname.vault.azure.net/keys/livekvtestkey5ca10130c","attributes":{"enabled":true,"created":1625592366,"updated":1625592366,"recoveryLevel":"Recoverable+Purgeable","recoverableDays":90}}],"nextLink":"https://vaultname.vault.azure.net:443/keys?api-version=7.3-preview&$skiptoken=eyJOZXh0TWFya2VyIjoiMiE5NiFNREF3TURJMklXdGxlUzlNU1ZaRlMxWlVSVk5VUzBWWk5qZzVOa0V4TmtJMUlUQXdNREF5T0NFNU9UazVMVEV5TFRNeFZESXpPalU1T2pVNUxqazVPVGs1T1RsYUlRLS0iLCJUYXJnZXRMb2NhdGlvbiI6MH0&maxresults=6"}'
    headers:
      cache-control:
      - no-cache
      content-length:
      - '1550'
      content-type:
      - application/json; charset=utf-8
      date:
      - Tue, 06 Jul 2021 17:26:09 GMT
      expires:
      - '-1'
      pragma:
      - no-cache
      strict-transport-security:
      - max-age=31536000;includeSubDomains
      x-content-type-options:
      - nosniff
      x-ms-keyvault-network-info:
      - conn_type=Ipv4;addr=172.92.159.124;act_addr_fam=InterNetwork;
      x-ms-keyvault-region:
      - westus
      x-ms-keyvault-service-version:
      - 1.9.12.0
      x-powered-by:
      - ASP.NET
    status:
      code: 200
      message: OK
- request:
    body: null
    headers:
      Accept:
      - application/json
      Accept-Encoding:
      - gzip, deflate
      Connection:
      - keep-alive
      User-Agent:
      - azsdk-python-keyvault-keys/4.5.0b1 Python/3.9.0 (Windows-10-10.0.19041-SP0)
    method: GET
    uri: https://vaultname.vault.azure.net/keys?api-version=7.3-preview&$skiptoken=eyJOZXh0TWFya2VyIjoiMiE5NiFNREF3TURJMklXdGxlUzlNU1ZaRlMxWlVSVk5VUzBWWk5qZzVOa0V4TmtJMUlUQXdNREF5T0NFNU9UazVMVEV5TFRNeFZESXpPalU1T2pVNUxqazVPVGs1T1RsYUlRLS0iLCJUYXJnZXRMb2NhdGlvbiI6MH0&maxresults=6
  response:
    body:
      string: '{"value":[{"kid":"https://vaultname.vault.azure.net/keys/livekvtestkey6ca10130c","attributes":{"enabled":true,"created":1625592368,"updated":1625592368,"recoveryLevel":"Recoverable+Purgeable","recoverableDays":90}},{"kid":"https://vaultname.vault.azure.net/keys/livekvtestkeybak45e11581","attributes":{"enabled":true,"created":1625592198,"updated":1625592198,"recoveryLevel":"Recoverable+Purgeable","recoverableDays":90}}],"nextLink":null}'
    headers:
      cache-control:
      - no-cache
      content-length:
      - '445'
      content-type:
      - application/json; charset=utf-8
      date:
      - Tue, 06 Jul 2021 17:26:09 GMT
      expires:
      - '-1'
      pragma:
      - no-cache
      strict-transport-security:
      - max-age=31536000;includeSubDomains
      x-content-type-options:
      - nosniff
      x-ms-keyvault-network-info:
      - conn_type=Ipv4;addr=172.92.159.124;act_addr_fam=InterNetwork;
      x-ms-keyvault-region:
      - westus
      x-ms-keyvault-service-version:
      - 1.9.12.0
      x-powered-by:
      - ASP.NET
    status:
      code: 200
      message: OK
version: 1
