{
  "Entries": [
    {
      "RequestUri": "https://vaultname.vault.azure.net/keys/livekvtestcrud-ec-keyd08c2dac/create?api-version=7.1",
      "RequestMethod": "POST",
      "RequestHeaders": {
        "Accept": "application/json",
        "Accept-Encoding": "gzip, deflate",
        "Content-Length": "0",
        "Content-Type": "application/json",
        "User-Agent": "azsdk-python-keyvault-keys/4.5.1 Python/3.9.9 (Windows-10-10.0.22000-SP0)"
      },
      "RequestBody": null,
      "StatusCode": 401,
      "ResponseHeaders": {
        "Cache-Control": "no-cache",
        "Content-Length": "97",
        "Content-Type": "application/json; charset=utf-8",
        "Date": "Fri, 22 Apr 2022 22:01:48 GMT",
        "Expires": "-1",
        "Pragma": "no-cache",
        "Strict-Transport-Security": "max-age=31536000;includeSubDomains",
        "WWW-Authenticate": "Bearer authorization=\u0022https://login.windows.net/00000000-0000-0000-0000-000000000000\u0022, resource=\u0022https://vault.azure.net\u0022",
        "X-Content-Type-Options": "nosniff",
        "x-ms-keyvault-network-info": "conn_type=Ipv4;addr=73.232.137.144;act_addr_fam=InterNetwork;",
        "x-ms-keyvault-region": "westus2",
        "x-ms-keyvault-service-version": "1.9.358.1"
      },
      "ResponseBody": {
        "error": {
          "code": "Unauthorized",
          "message": "AKV10000: Request is missing a Bearer or PoP token."
        }
      }
    },
    {
      "RequestUri": "https://vaultname.vault.azure.net/keys/livekvtestcrud-ec-keyd08c2dac/create?api-version=7.1",
      "RequestMethod": "POST",
      "RequestHeaders": {
        "Accept": "application/json",
        "Accept-Encoding": "gzip, deflate",
        "Content-Length": "112",
        "Content-Type": "application/json",
        "User-Agent": "azsdk-python-keyvault-keys/4.5.1 Python/3.9.9 (Windows-10-10.0.22000-SP0)"
      },
      "RequestBody": {
        "kty": "EC",
        "attributes": {
          "enabled": true
        },
        "tags": {
          "purpose": "unit test",
          "test name": "CreateECKeyTest"
        }
      },
      "StatusCode": 200,
      "ResponseHeaders": {
        "Cache-Control": "no-cache",
        "Content-Length": "475",
        "Content-Type": "application/json; charset=utf-8",
        "Date": "Fri, 22 Apr 2022 22:01:48 GMT",
        "Expires": "-1",
        "Pragma": "no-cache",
        "Strict-Transport-Security": "max-age=31536000;includeSubDomains",
        "X-Content-Type-Options": "nosniff",
        "x-ms-keyvault-network-info": "conn_type=Ipv4;addr=73.232.137.144;act_addr_fam=InterNetwork;",
        "x-ms-keyvault-rbac-assignment-id": "ef5824ed-56c0-5945-812d-e76f79fb8978",
        "x-ms-keyvault-rbac-cache": "ra_age=225;da_age=3957;rd_age=3957;brd_age=7037;ra_notif_age=510;dec_lev=1;",
        "x-ms-keyvault-region": "westus2",
        "x-ms-keyvault-service-version": "1.9.358.1"
      },
      "ResponseBody": {
        "key": {
          "kid": "https://vaultname.vault.azure.net/keys/livekvtestcrud-ec-keyd08c2dac/35bc86debcdb4cf38144afac2fdcce0c",
          "kty": "EC",
          "key_ops": [
            "sign",
            "verify"
          ],
          "crv": "P-256",
          "x": "xL5lE6kLLKeAXdhMwvWrEKi6m_fUQUrhBxI2JW5gOrs",
          "y": "w1Jsv_zs_uoHGo5LIn4VmC2Kx2l-b_C5fWvXFh-ElS4"
        },
        "attributes": {
          "enabled": true,
          "created": 1650664909,
          "updated": 1650664909,
          "recoveryLevel": "CustomizedRecoverable\u002BPurgeable",
          "recoverableDays": 7
        },
        "tags": {
          "purpose": "unit test",
          "test name": "CreateECKeyTest"
        }
      }
    },
    {
      "RequestUri": "https://vaultname.vault.azure.net/keys/livekvtestcrud-P-256-ec-keyd08c2dac/create?api-version=7.1",
      "RequestMethod": "POST",
      "RequestHeaders": {
        "Accept": "application/json",
        "Accept-Encoding": "gzip, deflate",
        "Content-Length": "29",
        "Content-Type": "application/json",
        "User-Agent": "azsdk-python-keyvault-keys/4.5.1 Python/3.9.9 (Windows-10-10.0.22000-SP0)"
      },
      "RequestBody": {
        "kty": "EC",
        "crv": "P-256"
      },
      "StatusCode": 200,
      "ResponseHeaders": {
        "Cache-Control": "no-cache",
        "Content-Length": "420",
        "Content-Type": "application/json; charset=utf-8",
        "Date": "Fri, 22 Apr 2022 22:01:50 GMT",
        "Expires": "-1",
        "Pragma": "no-cache",
        "Strict-Transport-Security": "max-age=31536000;includeSubDomains",
        "X-Content-Type-Options": "nosniff",
        "x-ms-keyvault-network-info": "conn_type=Ipv4;addr=73.232.137.144;act_addr_fam=InterNetwork;",
        "x-ms-keyvault-rbac-assignment-id": "ef5824ed-56c0-5945-812d-e76f79fb8978",
        "x-ms-keyvault-rbac-cache": "ra_age=227;da_age=3959;rd_age=3959;brd_age=7039;ra_notif_age=512;dec_lev=1;",
        "x-ms-keyvault-region": "westus2",
        "x-ms-keyvault-service-version": "1.9.358.1"
      },
      "ResponseBody": {
        "key": {
          "kid": "https://vaultname.vault.azure.net/keys/livekvtestcrud-P-256-ec-keyd08c2dac/9d4fdfb4f75d42b4b0b8a6d683dd7b40",
          "kty": "EC",
          "key_ops": [
            "sign",
            "verify"
          ],
          "crv": "P-256",
          "x": "p4yseoxw5zbEKqa0d0iGskN7dsJZiCwAZxoMqkmMDCk",
          "y": "a2zw0Oxj9mlU9kXstAUZrHW_TfXurd0di5ileLDvPRo"
        },
        "attributes": {
          "enabled": true,
          "created": 1650664911,
          "updated": 1650664911,
          "recoveryLevel": "CustomizedRecoverable\u002BPurgeable",
          "recoverableDays": 7
        }
      }
    },
    {
      "RequestUri": "https://vaultname.vault.azure.net/keys/livekvtestimport-test-keyd08c2dac?api-version=7.1",
      "RequestMethod": "PUT",
      "RequestHeaders": {
        "Accept": "application/json",
        "Accept-Encoding": "gzip, deflate",
        "Content-Length": "1724",
        "Content-Type": "application/json",
        "User-Agent": "azsdk-python-keyvault-keys/4.5.1 Python/3.9.9 (Windows-10-10.0.22000-SP0)"
      },
      "RequestBody": {
        "key": {
          "kty": "RSA",
          "key_ops": [
            "encrypt",
            "decrypt",
            "sign",
            "verify",
            "wrapKey",
            "unwrapKey"
          ],
          "n": "AKCRTQAjSsaDshtMFdW-2Ie9yVnC5Xr1Suc06PAHINd10nXkVSB-N4TO62ClCkZV3XKnqU0nHo7o95WaZpym53W_DiO62umRtFKdl4UotL2QUh0y3SZWeWuoK2u_x2aMj17rUFN0f9GZMZ0pqEQNCPRBLVJ_-TEe2nGCWSC0exxGsRqz6R1zFkB-icfzQPe4WjQELOUXQ7J9RxhAPTTHtDivYYG-BeTRHrmF04JT1_6b9T_C8bAC0i0teT-nmlBLarQtBJKATXBx1yegbPOoiTqlQrFQP4MrKWNxtnB9Tcbjcvj-Z9je0ckI_eRc4DvAhqcUh_p15Dqg4GeaoNIO_jU",
          "e": "AQAB",
          "d": "Ynx9JGaBSP4iUsf6ZJ6opantRNdcdmzaQrKbZg6ZQE8Ohi1FYabJWvaoPSE-CiJEsDzShXZHMhUHN4X7Bn8BXaGQhK3p9HXgiwQKmix7oAJTu4ElUIyd8UC3UWHSZr40el4PaQD-HYu_eMzCXus34MnRiNbh_BUWm6T-Eidhk9d3kNIyaSi9YNDQHW6tjWrEhhq63O7JU1j9ZonFChZxpKk20jdkQKQURVAdpOdL-5j4I70ZxFuU6wHZj8DS8oRQfwGOvZKbgYDb5jgf3UNL_7eACqq92XPVX56vm7iKbqeyjCqAIx5y3hrSRIJtZlWCwjYnYQGd4unxDLi8wmJWSQ",
          "dp": "AMmhWb5yZcu6vJr8xJZ-t0_likxJRUMZAtEULaWZt2DgODj4y9JrZDJP6mvckzhQP0WXk2NuWbU2HR5pUeCN2wieG1B76VKoH76vfnaJDqT1NuJVBcP2SLHog3ffwZtMME5zjfygchG3kihqOSpwTQ9ETAqAJTkRC38fEhwAz_Cp",
          "dq": "AKC9TAo9n2RDaggjdLXK8kiLrBVoaWFTpqXkzYXRhtsx4vWPAkxhfSnze05rVMl6HiXv7FnE0f0wYawzUJzoyuXBH0zS6D9BqCZPeF543AmWB27iPf38Q9Z8Rjr6oBgMSnGDV_mm8nDVQkeaDyE4cOZh-5UKvKShTKKQVwunmDNH",
          "qi": "AJ_nrkLpK8BPzVeARkvSHQyKwMWZ-a8CD95qsKfn0dOZAvXY-2xhQYTEwbED-0bpTNEKbIpA-ZkaHygmnzJkNbbFAnb9pkkzU8ZQqDP3JNgMfVIroWx58Oth9nJza2j7i-MkPRCUPEq3Ao0J52z7WJIiLji8TTVYW_NaiM1oxzsH",
          "p": "ANHerI1o3dLB_VLVmZZVss8VZSYN5SaeQ_0qhfOSgOFwj__waCFmy2EG7l6l6f_Z-Y0L7Mn_LNov68lyWSFa2EuQUeVj4UoFHc5Di8ZUGiSsTwFM-XMtNuv8HmGgDYLL5BIJD3eTz71LdgW-Ez38OZH34b7VeG8zfeUDb8Hi30zz",
          "q": "AMPcZrZBqbc82DO8Q5zTT8ZXRGWrW36KktMllaIk1W2RHnRiQiW0jBWmcCgqUcQNHa1LwumjyNqwx28QBS37BTvG7ULGUoio6LrOeoiBGEMj-U19sX6m37plEhj5Mak7j3OPPY_T9rohjTW5aGGg9YSwq4jdz0RrmBX00ofYOjI3"
        }
      },
      "StatusCode": 200,
      "ResponseHeaders": {
        "Cache-Control": "no-cache",
        "Content-Length": "708",
        "Content-Type": "application/json; charset=utf-8",
        "Date": "Fri, 22 Apr 2022 22:01:51 GMT",
        "Expires": "-1",
        "Pragma": "no-cache",
        "Strict-Transport-Security": "max-age=31536000;includeSubDomains",
        "X-Content-Type-Options": "nosniff",
        "x-ms-keyvault-network-info": "conn_type=Ipv4;addr=73.232.137.144;act_addr_fam=InterNetwork;",
        "x-ms-keyvault-rbac-assignment-id": "ef5824ed-56c0-5945-812d-e76f79fb8978",
        "x-ms-keyvault-rbac-cache": "ra_age=227;da_age=3959;rd_age=3959;brd_age=7039;ra_notif_age=512;dec_lev=1;",
        "x-ms-keyvault-region": "westus2",
        "x-ms-keyvault-service-version": "1.9.358.1"
      },
      "ResponseBody": {
        "key": {
          "kid": "https://vaultname.vault.azure.net/keys/livekvtestimport-test-keyd08c2dac/af39ea2848ea40b58fdeb535fbad597e",
          "kty": "RSA",
          "key_ops": [
            "encrypt",
            "decrypt",
            "sign",
            "verify",
            "wrapKey",
            "unwrapKey"
          ],
          "n": "AKCRTQAjSsaDshtMFdW-2Ie9yVnC5Xr1Suc06PAHINd10nXkVSB-N4TO62ClCkZV3XKnqU0nHo7o95WaZpym53W_DiO62umRtFKdl4UotL2QUh0y3SZWeWuoK2u_x2aMj17rUFN0f9GZMZ0pqEQNCPRBLVJ_-TEe2nGCWSC0exxGsRqz6R1zFkB-icfzQPe4WjQELOUXQ7J9RxhAPTTHtDivYYG-BeTRHrmF04JT1_6b9T_C8bAC0i0teT-nmlBLarQtBJKATXBx1yegbPOoiTqlQrFQP4MrKWNxtnB9Tcbjcvj-Z9je0ckI_eRc4DvAhqcUh_p15Dqg4GeaoNIO_jU",
          "e": "AQAB"
        },
        "attributes": {
          "enabled": true,
          "created": 1650664911,
          "updated": 1650664911,
          "recoveryLevel": "CustomizedRecoverable\u002BPurgeable",
          "recoverableDays": 7
        }
      }
    },
    {
      "RequestUri": "https://vaultname.vault.azure.net/keys/livekvtestcrud-rsa-keyd08c2dac/create?api-version=7.1",
      "RequestMethod": "POST",
      "RequestHeaders": {
        "Accept": "application/json",
        "Accept-Encoding": "gzip, deflate",
        "Content-Length": "177",
        "Content-Type": "application/json",
        "User-Agent": "azsdk-python-keyvault-keys/4.5.1 Python/3.9.9 (Windows-10-10.0.22000-SP0)"
      },
      "RequestBody": {
        "kty": "RSA",
        "key_size": 2048,
        "key_ops": [
          "encrypt",
          "decrypt",
          "sign",
          "verify",
          "wrapKey",
          "unwrapKey"
        ],
        "tags": {
          "purpose": "unit test",
          "test name ": "CreateRSAKeyTest"
        }
      },
      "StatusCode": 200,
      "ResponseHeaders": {
        "Cache-Control": "no-cache",
        "Content-Length": "767",
        "Content-Type": "application/json; charset=utf-8",
        "Date": "Fri, 22 Apr 2022 22:01:53 GMT",
        "Expires": "-1",
        "Pragma": "no-cache",
        "Strict-Transport-Security": "max-age=31536000;includeSubDomains",
        "X-Content-Type-Options": "nosniff",
        "x-ms-keyvault-network-info": "conn_type=Ipv4;addr=73.232.137.144;act_addr_fam=InterNetwork;",
        "x-ms-keyvault-rbac-assignment-id": "ef5824ed-56c0-5945-812d-e76f79fb8978",
        "x-ms-keyvault-rbac-cache": "ra_age=229;da_age=3961;rd_age=3961;brd_age=7041;ra_notif_age=514;dec_lev=1;",
        "x-ms-keyvault-region": "westus2",
        "x-ms-keyvault-service-version": "1.9.358.1"
      },
      "ResponseBody": {
        "key": {
          "kid": "https://vaultname.vault.azure.net/keys/livekvtestcrud-rsa-keyd08c2dac/c5befef359b54a31a6196cbd43c1e160",
          "kty": "RSA",
          "key_ops": [
            "encrypt",
            "decrypt",
            "sign",
            "verify",
            "wrapKey",
            "unwrapKey"
          ],
          "n": "rRhKutyxNxLExH6gbwef5J1xJpsm-u4NrSr-iAyu-ve1UAD4g33iuafEwA298VnTUio1BbEFABJe-ii1kW2umWHmMvBU_z8QjHjcP39vLz69i-qHlsz4Xj2djJPXriimXqhdc02iW4-Q07G-5AwD6IYQMMg8mOwUl0aXaI3IAeAqbaadKn9zF2RQ3gmEQKQPYZrTu4cNHNpPHse5EV4baT0TsQS0bM_BWTsyi9OF31R5GflWfUEMta0tvRPfsELyz-QxuBULe8KOCx1LirBjYxZ3BC4WVDOqMeXCE9PPF1S2hlfKvfd3Bpv20CGTDFxWkNQO2trNNfax0g-sPUlOvQ",
          "e": "AQAB"
        },
        "attributes": {
          "enabled": true,
          "created": 1650664914,
          "updated": 1650664914,
          "recoveryLevel": "CustomizedRecoverable\u002BPurgeable",
          "recoverableDays": 7
        },
        "tags": {
          "purpose": "unit test",
          "test name ": "CreateRSAKeyTest"
        }
      }
    },
    {
      "RequestUri": "https://vaultname.vault.azure.net/keys/livekvtestcrud-rsa-keyd08c2dac/c5befef359b54a31a6196cbd43c1e160?api-version=7.1",
      "RequestMethod": "GET",
      "RequestHeaders": {
        "Accept": "application/json",
        "Accept-Encoding": "gzip, deflate",
        "User-Agent": "azsdk-python-keyvault-keys/4.5.1 Python/3.9.9 (Windows-10-10.0.22000-SP0)"
      },
      "RequestBody": null,
      "StatusCode": 200,
      "ResponseHeaders": {
        "Cache-Control": "no-cache",
        "Content-Length": "767",
        "Content-Type": "application/json; charset=utf-8",
        "Date": "Fri, 22 Apr 2022 22:01:53 GMT",
        "Expires": "-1",
        "Pragma": "no-cache",
        "Strict-Transport-Security": "max-age=31536000;includeSubDomains",
        "X-Content-Type-Options": "nosniff",
        "x-ms-keyvault-network-info": "conn_type=Ipv4;addr=73.232.137.144;act_addr_fam=InterNetwork;",
        "x-ms-keyvault-rbac-assignment-id": "ef5824ed-56c0-5945-812d-e76f79fb8978",
        "x-ms-keyvault-rbac-cache": "ra_age=230;da_age=3962;rd_age=3962;brd_age=7041;ra_notif_age=515;dec_lev=1;",
        "x-ms-keyvault-region": "westus2",
        "x-ms-keyvault-service-version": "1.9.358.1"
      },
      "ResponseBody": {
        "key": {
          "kid": "https://vaultname.vault.azure.net/keys/livekvtestcrud-rsa-keyd08c2dac/c5befef359b54a31a6196cbd43c1e160",
          "kty": "RSA",
          "key_ops": [
            "encrypt",
            "decrypt",
            "sign",
            "verify",
            "wrapKey",
            "unwrapKey"
          ],
          "n": "rRhKutyxNxLExH6gbwef5J1xJpsm-u4NrSr-iAyu-ve1UAD4g33iuafEwA298VnTUio1BbEFABJe-ii1kW2umWHmMvBU_z8QjHjcP39vLz69i-qHlsz4Xj2djJPXriimXqhdc02iW4-Q07G-5AwD6IYQMMg8mOwUl0aXaI3IAeAqbaadKn9zF2RQ3gmEQKQPYZrTu4cNHNpPHse5EV4baT0TsQS0bM_BWTsyi9OF31R5GflWfUEMta0tvRPfsELyz-QxuBULe8KOCx1LirBjYxZ3BC4WVDOqMeXCE9PPF1S2hlfKvfd3Bpv20CGTDFxWkNQO2trNNfax0g-sPUlOvQ",
          "e": "AQAB"
        },
        "attributes": {
          "enabled": true,
          "created": 1650664914,
          "updated": 1650664914,
          "recoveryLevel": "CustomizedRecoverable\u002BPurgeable",
          "recoverableDays": 7
        },
        "tags": {
          "purpose": "unit test",
          "test name ": "CreateRSAKeyTest"
        }
      }
    },
    {
      "RequestUri": "https://vaultname.vault.azure.net/keys/livekvtestcrud-rsa-keyd08c2dac/?api-version=7.1",
      "RequestMethod": "GET",
      "RequestHeaders": {
        "Accept": "application/json",
        "Accept-Encoding": "gzip, deflate",
        "User-Agent": "azsdk-python-keyvault-keys/4.5.1 Python/3.9.9 (Windows-10-10.0.22000-SP0)"
      },
      "RequestBody": null,
      "StatusCode": 200,
      "ResponseHeaders": {
        "Cache-Control": "no-cache",
        "Content-Length": "767",
        "Content-Type": "application/json; charset=utf-8",
        "Date": "Fri, 22 Apr 2022 22:01:53 GMT",
        "Expires": "-1",
        "Pragma": "no-cache",
        "Strict-Transport-Security": "max-age=31536000;includeSubDomains",
        "X-Content-Type-Options": "nosniff",
        "x-ms-keyvault-network-info": "conn_type=Ipv4;addr=73.232.137.144;act_addr_fam=InterNetwork;",
        "x-ms-keyvault-rbac-assignment-id": "ef5824ed-56c0-5945-812d-e76f79fb8978",
        "x-ms-keyvault-rbac-cache": "ra_age=230;da_age=3962;rd_age=3962;brd_age=7041;ra_notif_age=515;dec_lev=0;",
        "x-ms-keyvault-region": "westus2",
        "x-ms-keyvault-service-version": "1.9.358.1"
      },
      "ResponseBody": {
        "key": {
          "kid": "https://vaultname.vault.azure.net/keys/livekvtestcrud-rsa-keyd08c2dac/c5befef359b54a31a6196cbd43c1e160",
          "kty": "RSA",
          "key_ops": [
            "encrypt",
            "decrypt",
            "sign",
            "verify",
            "wrapKey",
            "unwrapKey"
          ],
          "n": "rRhKutyxNxLExH6gbwef5J1xJpsm-u4NrSr-iAyu-ve1UAD4g33iuafEwA298VnTUio1BbEFABJe-ii1kW2umWHmMvBU_z8QjHjcP39vLz69i-qHlsz4Xj2djJPXriimXqhdc02iW4-Q07G-5AwD6IYQMMg8mOwUl0aXaI3IAeAqbaadKn9zF2RQ3gmEQKQPYZrTu4cNHNpPHse5EV4baT0TsQS0bM_BWTsyi9OF31R5GflWfUEMta0tvRPfsELyz-QxuBULe8KOCx1LirBjYxZ3BC4WVDOqMeXCE9PPF1S2hlfKvfd3Bpv20CGTDFxWkNQO2trNNfax0g-sPUlOvQ",
          "e": "AQAB"
        },
        "attributes": {
          "enabled": true,
          "created": 1650664914,
          "updated": 1650664914,
          "recoveryLevel": "CustomizedRecoverable\u002BPurgeable",
          "recoverableDays": 7
        },
        "tags": {
          "purpose": "unit test",
          "test name ": "CreateRSAKeyTest"
        }
      }
    },
    {
      "RequestUri": "https://vaultname.vault.azure.net/keys/livekvtestcrud-rsa-keyd08c2dac/?api-version=7.1",
      "RequestMethod": "PATCH",
      "RequestHeaders": {
        "Accept": "application/json",
        "Accept-Encoding": "gzip, deflate",
        "Content-Length": "102",
        "Content-Type": "application/json",
        "User-Agent": "azsdk-python-keyvault-keys/4.5.1 Python/3.9.9 (Windows-10-10.0.22000-SP0)"
      },
      "RequestBody": {
        "key_ops": [
          "decrypt",
          "encrypt"
        ],
        "attributes": {
          "exp": 2524723200
        },
        "tags": {
          "foo": "updated tag"
        }
      },
      "StatusCode": 200,
      "ResponseHeaders": {
        "Cache-Control": "no-cache",
        "Content-Length": "712",
        "Content-Type": "application/json; charset=utf-8",
        "Date": "Fri, 22 Apr 2022 22:01:56 GMT",
        "Expires": "-1",
        "Pragma": "no-cache",
        "Strict-Transport-Security": "max-age=31536000;includeSubDomains",
        "X-Content-Type-Options": "nosniff",
        "x-ms-keyvault-network-info": "conn_type=Ipv4;addr=73.232.137.144;act_addr_fam=InterNetwork;",
        "x-ms-keyvault-rbac-assignment-id": "ef5824ed-56c0-5945-812d-e76f79fb8978",
        "x-ms-keyvault-rbac-cache": "ra_age=233;da_age=3965;rd_age=3965;brd_age=7044;ra_notif_age=518;dec_lev=1;",
        "x-ms-keyvault-region": "westus2",
        "x-ms-keyvault-service-version": "1.9.358.1"
      },
      "ResponseBody": {
        "key": {
          "kid": "https://vaultname.vault.azure.net/keys/livekvtestcrud-rsa-keyd08c2dac/c5befef359b54a31a6196cbd43c1e160",
          "kty": "RSA",
          "key_ops": [
            "decrypt",
            "encrypt"
          ],
          "n": "rRhKutyxNxLExH6gbwef5J1xJpsm-u4NrSr-iAyu-ve1UAD4g33iuafEwA298VnTUio1BbEFABJe-ii1kW2umWHmMvBU_z8QjHjcP39vLz69i-qHlsz4Xj2djJPXriimXqhdc02iW4-Q07G-5AwD6IYQMMg8mOwUl0aXaI3IAeAqbaadKn9zF2RQ3gmEQKQPYZrTu4cNHNpPHse5EV4baT0TsQS0bM_BWTsyi9OF31R5GflWfUEMta0tvRPfsELyz-QxuBULe8KOCx1LirBjYxZ3BC4WVDOqMeXCE9PPF1S2hlfKvfd3Bpv20CGTDFxWkNQO2trNNfax0g-sPUlOvQ",
          "e": "AQAB"
        },
        "attributes": {
          "enabled": true,
          "exp": 2524723200,
          "created": 1650664914,
          "updated": 1650664917,
          "recoveryLevel": "CustomizedRecoverable\u002BPurgeable",
          "recoverableDays": 7
        },
        "tags": {
          "foo": "updated tag"
        }
      }
    },
    {
      "RequestUri": "https://vaultname.vault.azure.net/keys/livekvtestcrud-rsa-keyd08c2dac?api-version=7.1",
      "RequestMethod": "DELETE",
      "RequestHeaders": {
        "Accept": "application/json",
        "Accept-Encoding": "gzip, deflate",
        "Content-Length": "0",
        "User-Agent": "azsdk-python-keyvault-keys/4.5.1 Python/3.9.9 (Windows-10-10.0.22000-SP0)"
      },
      "RequestBody": null,
      "StatusCode": 200,
      "ResponseHeaders": {
        "Cache-Control": "no-cache",
        "Content-Length": "861",
        "Content-Type": "application/json; charset=utf-8",
        "Date": "Fri, 22 Apr 2022 22:01:56 GMT",
        "Expires": "-1",
        "Pragma": "no-cache",
        "Strict-Transport-Security": "max-age=31536000;includeSubDomains",
        "X-Content-Type-Options": "nosniff",
        "x-ms-keyvault-network-info": "conn_type=Ipv4;addr=73.232.137.144;act_addr_fam=InterNetwork;",
        "x-ms-keyvault-rbac-assignment-id": "ef5824ed-56c0-5945-812d-e76f79fb8978",
        "x-ms-keyvault-rbac-cache": "ra_age=233;da_age=3965;rd_age=3965;brd_age=7045;ra_notif_age=518;dec_lev=1;",
        "x-ms-keyvault-region": "westus2",
        "x-ms-keyvault-service-version": "1.9.358.1"
      },
      "ResponseBody": {
        "recoveryId": "https://vaultname.vault.azure.net/deletedkeys/livekvtestcrud-rsa-keyd08c2dac",
        "deletedDate": 1650664917,
        "scheduledPurgeDate": 1651269717,
        "key": {
          "kid": "https://vaultname.vault.azure.net/keys/livekvtestcrud-rsa-keyd08c2dac/c5befef359b54a31a6196cbd43c1e160",
          "kty": "RSA",
          "key_ops": [
            "decrypt",
            "encrypt"
          ],
          "n": "rRhKutyxNxLExH6gbwef5J1xJpsm-u4NrSr-iAyu-ve1UAD4g33iuafEwA298VnTUio1BbEFABJe-ii1kW2umWHmMvBU_z8QjHjcP39vLz69i-qHlsz4Xj2djJPXriimXqhdc02iW4-Q07G-5AwD6IYQMMg8mOwUl0aXaI3IAeAqbaadKn9zF2RQ3gmEQKQPYZrTu4cNHNpPHse5EV4baT0TsQS0bM_BWTsyi9OF31R5GflWfUEMta0tvRPfsELyz-QxuBULe8KOCx1LirBjYxZ3BC4WVDOqMeXCE9PPF1S2hlfKvfd3Bpv20CGTDFxWkNQO2trNNfax0g-sPUlOvQ",
          "e": "AQAB"
        },
        "attributes": {
          "enabled": true,
          "exp": 2524723200,
          "created": 1650664914,
          "updated": 1650664917,
          "recoveryLevel": "CustomizedRecoverable\u002BPurgeable",
          "recoverableDays": 7
        },
        "tags": {
          "foo": "updated tag"
        }
      }
    },
    {
      "RequestUri": "https://vaultname.vault.azure.net/deletedkeys/livekvtestcrud-rsa-keyd08c2dac?api-version=7.1",
      "RequestMethod": "GET",
      "RequestHeaders": {
        "Accept": "application/json",
        "Accept-Encoding": "gzip, deflate",
        "User-Agent": "azsdk-python-keyvault-keys/4.5.1 Python/3.9.9 (Windows-10-10.0.22000-SP0)"
      },
      "RequestBody": null,
      "StatusCode": 404,
      "ResponseHeaders": {
        "Cache-Control": "no-cache",
        "Content-Length": "98",
        "Content-Type": "application/json; charset=utf-8",
        "Date": "Fri, 22 Apr 2022 22:01:56 GMT",
        "Expires": "-1",
        "Pragma": "no-cache",
        "Strict-Transport-Security": "max-age=31536000;includeSubDomains",
        "X-Content-Type-Options": "nosniff",
        "x-ms-keyvault-network-info": "conn_type=Ipv4;addr=73.232.137.144;act_addr_fam=InterNetwork;",
        "x-ms-keyvault-rbac-assignment-id": "ef5824ed-56c0-5945-812d-e76f79fb8978",
        "x-ms-keyvault-rbac-cache": "ra_age=233;da_age=3965;rd_age=3965;brd_age=7045;ra_notif_age=518;dec_lev=0;",
        "x-ms-keyvault-region": "westus2",
        "x-ms-keyvault-service-version": "1.9.358.1"
      },
      "ResponseBody": {
        "error": {
          "code": "KeyNotFound",
          "message": "Deleted Key not found: livekvtestcrud-rsa-keyd08c2dac"
        }
      }
    },
    {
      "RequestUri": "https://vaultname.vault.azure.net/deletedkeys/livekvtestcrud-rsa-keyd08c2dac?api-version=7.1",
      "RequestMethod": "GET",
      "RequestHeaders": {
        "Accept": "application/json",
        "Accept-Encoding": "gzip, deflate",
        "User-Agent": "azsdk-python-keyvault-keys/4.5.1 Python/3.9.9 (Windows-10-10.0.22000-SP0)"
      },
      "RequestBody": null,
      "StatusCode": 404,
      "ResponseHeaders": {
        "Cache-Control": "no-cache",
        "Content-Length": "98",
        "Content-Type": "application/json; charset=utf-8",
        "Date": "Fri, 22 Apr 2022 22:01:58 GMT",
        "Expires": "-1",
        "Pragma": "no-cache",
        "Strict-Transport-Security": "max-age=31536000;includeSubDomains",
        "X-Content-Type-Options": "nosniff",
        "x-ms-keyvault-network-info": "conn_type=Ipv4;addr=73.232.137.144;act_addr_fam=InterNetwork;",
        "x-ms-keyvault-rbac-assignment-id": "ef5824ed-56c0-5945-812d-e76f79fb8978",
        "x-ms-keyvault-rbac-cache": "ra_age=235;da_age=3967;rd_age=3967;brd_age=7047;ra_notif_age=520;dec_lev=0;",
        "x-ms-keyvault-region": "westus2",
        "x-ms-keyvault-service-version": "1.9.358.1"
      },
      "ResponseBody": {
        "error": {
          "code": "KeyNotFound",
          "message": "Deleted Key not found: livekvtestcrud-rsa-keyd08c2dac"
        }
      }
    },
    {
      "RequestUri": "https://vaultname.vault.azure.net/deletedkeys/livekvtestcrud-rsa-keyd08c2dac?api-version=7.1",
      "RequestMethod": "GET",
      "RequestHeaders": {
        "Accept": "application/json",
        "Accept-Encoding": "gzip, deflate",
        "User-Agent": "azsdk-python-keyvault-keys/4.5.1 Python/3.9.9 (Windows-10-10.0.22000-SP0)"
      },
      "RequestBody": null,
      "StatusCode": 200,
      "ResponseHeaders": {
        "Cache-Control": "no-cache",
        "Content-Length": "861",
        "Content-Type": "application/json; charset=utf-8",
        "Date": "Fri, 22 Apr 2022 22:02:01 GMT",
        "Expires": "-1",
        "Pragma": "no-cache",
        "Strict-Transport-Security": "max-age=31536000;includeSubDomains",
        "X-Content-Type-Options": "nosniff",
        "x-ms-keyvault-network-info": "conn_type=Ipv4;addr=73.232.137.144;act_addr_fam=InterNetwork;",
        "x-ms-keyvault-rbac-assignment-id": "ef5824ed-56c0-5945-812d-e76f79fb8978",
        "x-ms-keyvault-rbac-cache": "ra_age=237;da_age=3969;rd_age=3969;brd_age=7049;ra_notif_age=522;dec_lev=0;",
        "x-ms-keyvault-region": "westus2",
        "x-ms-keyvault-service-version": "1.9.358.1"
      },
      "ResponseBody": {
        "recoveryId": "https://vaultname.vault.azure.net/deletedkeys/livekvtestcrud-rsa-keyd08c2dac",
        "deletedDate": 1650664917,
        "scheduledPurgeDate": 1651269717,
        "key": {
          "kid": "https://vaultname.vault.azure.net/keys/livekvtestcrud-rsa-keyd08c2dac/c5befef359b54a31a6196cbd43c1e160",
          "kty": "RSA",
          "key_ops": [
            "decrypt",
            "encrypt"
          ],
          "n": "rRhKutyxNxLExH6gbwef5J1xJpsm-u4NrSr-iAyu-ve1UAD4g33iuafEwA298VnTUio1BbEFABJe-ii1kW2umWHmMvBU_z8QjHjcP39vLz69i-qHlsz4Xj2djJPXriimXqhdc02iW4-Q07G-5AwD6IYQMMg8mOwUl0aXaI3IAeAqbaadKn9zF2RQ3gmEQKQPYZrTu4cNHNpPHse5EV4baT0TsQS0bM_BWTsyi9OF31R5GflWfUEMta0tvRPfsELyz-QxuBULe8KOCx1LirBjYxZ3BC4WVDOqMeXCE9PPF1S2hlfKvfd3Bpv20CGTDFxWkNQO2trNNfax0g-sPUlOvQ",
          "e": "AQAB"
        },
        "attributes": {
          "enabled": true,
          "exp": 2524723200,
          "created": 1650664914,
          "updated": 1650664917,
          "recoveryLevel": "CustomizedRecoverable\u002BPurgeable",
          "recoverableDays": 7
        },
        "tags": {
          "foo": "updated tag"
        }
      }
    },
    {
      "RequestUri": "https://vaultname.vault.azure.net/deletedkeys/livekvtestcrud-rsa-keyd08c2dac?api-version=7.1",
      "RequestMethod": "GET",
      "RequestHeaders": {
        "Accept": "application/json",
        "Accept-Encoding": "gzip, deflate",
        "User-Agent": "azsdk-python-keyvault-keys/4.5.1 Python/3.9.9 (Windows-10-10.0.22000-SP0)"
      },
      "RequestBody": null,
      "StatusCode": 200,
      "ResponseHeaders": {
        "Cache-Control": "no-cache",
        "Content-Length": "861",
        "Content-Type": "application/json; charset=utf-8",
        "Date": "Fri, 22 Apr 2022 22:02:01 GMT",
        "Expires": "-1",
        "Pragma": "no-cache",
        "Strict-Transport-Security": "max-age=31536000;includeSubDomains",
        "X-Content-Type-Options": "nosniff",
        "x-ms-keyvault-network-info": "conn_type=Ipv4;addr=73.232.137.144;act_addr_fam=InterNetwork;",
        "x-ms-keyvault-rbac-assignment-id": "ef5824ed-56c0-5945-812d-e76f79fb8978",
        "x-ms-keyvault-rbac-cache": "ra_age=237;da_age=3970;rd_age=3970;brd_age=7049;ra_notif_age=523;dec_lev=0;",
        "x-ms-keyvault-region": "westus2",
        "x-ms-keyvault-service-version": "1.9.358.1"
      },
      "ResponseBody": {
        "recoveryId": "https://vaultname.vault.azure.net/deletedkeys/livekvtestcrud-rsa-keyd08c2dac",
        "deletedDate": 1650664917,
        "scheduledPurgeDate": 1651269717,
        "key": {
          "kid": "https://vaultname.vault.azure.net/keys/livekvtestcrud-rsa-keyd08c2dac/c5befef359b54a31a6196cbd43c1e160",
          "kty": "RSA",
          "key_ops": [
            "decrypt",
            "encrypt"
          ],
          "n": "rRhKutyxNxLExH6gbwef5J1xJpsm-u4NrSr-iAyu-ve1UAD4g33iuafEwA298VnTUio1BbEFABJe-ii1kW2umWHmMvBU_z8QjHjcP39vLz69i-qHlsz4Xj2djJPXriimXqhdc02iW4-Q07G-5AwD6IYQMMg8mOwUl0aXaI3IAeAqbaadKn9zF2RQ3gmEQKQPYZrTu4cNHNpPHse5EV4baT0TsQS0bM_BWTsyi9OF31R5GflWfUEMta0tvRPfsELyz-QxuBULe8KOCx1LirBjYxZ3BC4WVDOqMeXCE9PPF1S2hlfKvfd3Bpv20CGTDFxWkNQO2trNNfax0g-sPUlOvQ",
          "e": "AQAB"
        },
        "attributes": {
          "enabled": true,
          "exp": 2524723200,
          "created": 1650664914,
          "updated": 1650664917,
          "recoveryLevel": "CustomizedRecoverable\u002BPurgeable",
          "recoverableDays": 7
        },
        "tags": {
          "foo": "updated tag"
        }
      }
    }
  ],
  "Variables": {}
}
