interactions:
- request:
    body: null
    headers:
      Accept:
      - application/json
      Accept-Encoding:
      - gzip, deflate
      Connection:
      - keep-alive
      Content-Length:
      - '0'
      Content-Type:
      - application/json
      User-Agent:
      - azsdk-python-keyvault-keys/4.5.0b5 Python/3.7.4 (Windows-10-10.0.19041-SP0)
    method: POST
    uri: https://vaultname.vault.azure.net/keys/livekvtestcrud-ec-keybafd17a1/create?api-version=7.3-preview
  response:
    body:
      string: '{"error":{"code":"Unauthorized","message":"AKV10000: Request is missing
        a Bearer or PoP token."}}'
    headers:
      cache-control:
      - no-cache
      content-length:
      - '97'
      content-type:
      - application/json; charset=utf-8
      date:
      - Mon, 06 Dec 2021 09:25:03 GMT
      expires:
      - '-1'
      pragma:
      - no-cache
      strict-transport-security:
      - max-age=31536000;includeSubDomains
      www-authenticate:
      - Bearer authorization="https://login.windows.net/72f988bf-86f1-41af-91ab-2d7cd011db47",
        resource="https://vault.azure.net"
      x-content-type-options:
      - nosniff
      x-ms-keyvault-network-info:
      - conn_type=Ipv4;addr=167.220.255.60;act_addr_fam=InterNetwork;
      x-ms-keyvault-region:
      - eastus
      x-ms-keyvault-service-version:
      - 1.9.195.1
      x-powered-by:
      - ASP.NET
    status:
      code: 401
      message: Unauthorized
- request:
    body: '{"kty": "EC", "attributes": {"enabled": true}, "tags": {"purpose": "unit
      test", "test name": "CreateECKeyTest"}}'
    headers:
      Accept:
      - application/json
      Accept-Encoding:
      - gzip, deflate
      Connection:
      - keep-alive
      Content-Length:
      - '112'
      Content-Type:
      - application/json
      User-Agent:
      - azsdk-python-keyvault-keys/4.5.0b5 Python/3.7.4 (Windows-10-10.0.19041-SP0)
    method: POST
    uri: https://vaultname.vault.azure.net/keys/livekvtestcrud-ec-keybafd17a1/create?api-version=7.3-preview
  response:
    body:
      string: '{"key":{"kid":"https://vaultname.vault.azure.net/keys/livekvtestcrud-ec-keybafd17a1/1291bf9c0ca54327b2e17fb31e0bc3b7","kty":"EC","key_ops":["sign","verify"],"crv":"P-256","x":"8IcIrwhcg6Wg_EdqeJkwP-ZvoFSEttsce1lPOgm-ZZs","y":"Ro8_AZDacvU6hMDOGXsGyuazhTzQc2bD0ta6LXlhxeE"},"attributes":{"enabled":true,"created":1638782706,"updated":1638782706,"recoveryLevel":"Recoverable+Purgeable","recoverableDays":90},"tags":{"purpose":"unit
        test","test name":"CreateECKeyTest"}}'
    headers:
      cache-control:
      - no-cache
      content-length:
      - '470'
      content-type:
      - application/json; charset=utf-8
      date:
      - Mon, 06 Dec 2021 09:25:05 GMT
      expires:
      - '-1'
      pragma:
      - no-cache
      strict-transport-security:
      - max-age=31536000;includeSubDomains
      x-content-type-options:
      - nosniff
      x-ms-keyvault-network-info:
      - conn_type=Ipv4;addr=167.220.255.60;act_addr_fam=InterNetwork;
      x-ms-keyvault-region:
      - eastus
      x-ms-keyvault-service-version:
      - 1.9.195.1
      x-powered-by:
      - ASP.NET
    status:
      code: 200
      message: OK
- request:
    body: '{"kty": "EC", "crv": "P-256"}'
    headers:
      Accept:
      - application/json
      Accept-Encoding:
      - gzip, deflate
      Connection:
      - keep-alive
      Content-Length:
      - '29'
      Content-Type:
      - application/json
      User-Agent:
      - azsdk-python-keyvault-keys/4.5.0b5 Python/3.7.4 (Windows-10-10.0.19041-SP0)
    method: POST
    uri: https://vaultname.vault.azure.net/keys/livekvtestcrud-P-256-ec-keybafd17a1/create?api-version=7.3-preview
  response:
    body:
      string: '{"key":{"kid":"https://vaultname.vault.azure.net/keys/livekvtestcrud-P-256-ec-keybafd17a1/dd25a1f739d14204898215c04498f971","kty":"EC","key_ops":["sign","verify"],"crv":"P-256","x":"n2p-aOOCWuAZ8bCvhOWsgObjRJd5vE_0Zi--dRyUK_Q","y":"KAZATnbFfbs0MPWflIHOj2iLBGVDZePQmQsMBek7BA4"},"attributes":{"enabled":true,"created":1638782708,"updated":1638782708,"recoveryLevel":"Recoverable+Purgeable","recoverableDays":90}}'
    headers:
      cache-control:
      - no-cache
      content-length:
      - '415'
      content-type:
      - application/json; charset=utf-8
      date:
      - Mon, 06 Dec 2021 09:25:08 GMT
      expires:
      - '-1'
      pragma:
      - no-cache
      strict-transport-security:
      - max-age=31536000;includeSubDomains
      x-content-type-options:
      - nosniff
      x-ms-keyvault-network-info:
      - conn_type=Ipv4;addr=167.220.255.60;act_addr_fam=InterNetwork;
      x-ms-keyvault-region:
      - eastus
      x-ms-keyvault-service-version:
      - 1.9.195.1
      x-powered-by:
      - ASP.NET
    status:
      code: 200
      message: OK
- request:
    body: '{"key": {"kty": "RSA", "key_ops": ["encrypt", "decrypt", "sign", "verify",
      "wrapKey", "unwrapKey"], "n": "AKCRTQAjSsaDshtMFdW-2Ie9yVnC5Xr1Suc06PAHINd10nXkVSB-N4TO62ClCkZV3XKnqU0nHo7o95WaZpym53W_DiO62umRtFKdl4UotL2QUh0y3SZWeWuoK2u_x2aMj17rUFN0f9GZMZ0pqEQNCPRBLVJ_-TEe2nGCWSC0exxGsRqz6R1zFkB-icfzQPe4WjQELOUXQ7J9RxhAPTTHtDivYYG-BeTRHrmF04JT1_6b9T_C8bAC0i0teT-nmlBLarQtBJKATXBx1yegbPOoiTqlQrFQP4MrKWNxtnB9Tcbjcvj-Z9je0ckI_eRc4DvAhqcUh_p15Dqg4GeaoNIO_jU",
      "e": "AQAB", "d": "Ynx9JGaBSP4iUsf6ZJ6opantRNdcdmzaQrKbZg6ZQE8Ohi1FYabJWvaoPSE-CiJEsDzShXZHMhUHN4X7Bn8BXaGQhK3p9HXgiwQKmix7oAJTu4ElUIyd8UC3UWHSZr40el4PaQD-HYu_eMzCXus34MnRiNbh_BUWm6T-Eidhk9d3kNIyaSi9YNDQHW6tjWrEhhq63O7JU1j9ZonFChZxpKk20jdkQKQURVAdpOdL-5j4I70ZxFuU6wHZj8DS8oRQfwGOvZKbgYDb5jgf3UNL_7eACqq92XPVX56vm7iKbqeyjCqAIx5y3hrSRIJtZlWCwjYnYQGd4unxDLi8wmJWSQ",
      "dp": "AMmhWb5yZcu6vJr8xJZ-t0_likxJRUMZAtEULaWZt2DgODj4y9JrZDJP6mvckzhQP0WXk2NuWbU2HR5pUeCN2wieG1B76VKoH76vfnaJDqT1NuJVBcP2SLHog3ffwZtMME5zjfygchG3kihqOSpwTQ9ETAqAJTkRC38fEhwAz_Cp",
      "dq": "AKC9TAo9n2RDaggjdLXK8kiLrBVoaWFTpqXkzYXRhtsx4vWPAkxhfSnze05rVMl6HiXv7FnE0f0wYawzUJzoyuXBH0zS6D9BqCZPeF543AmWB27iPf38Q9Z8Rjr6oBgMSnGDV_mm8nDVQkeaDyE4cOZh-5UKvKShTKKQVwunmDNH",
      "qi": "AJ_nrkLpK8BPzVeARkvSHQyKwMWZ-a8CD95qsKfn0dOZAvXY-2xhQYTEwbED-0bpTNEKbIpA-ZkaHygmnzJkNbbFAnb9pkkzU8ZQqDP3JNgMfVIroWx58Oth9nJza2j7i-MkPRCUPEq3Ao0J52z7WJIiLji8TTVYW_NaiM1oxzsH",
      "p": "ANHerI1o3dLB_VLVmZZVss8VZSYN5SaeQ_0qhfOSgOFwj__waCFmy2EG7l6l6f_Z-Y0L7Mn_LNov68lyWSFa2EuQUeVj4UoFHc5Di8ZUGiSsTwFM-XMtNuv8HmGgDYLL5BIJD3eTz71LdgW-Ez38OZH34b7VeG8zfeUDb8Hi30zz",
      "q": "AMPcZrZBqbc82DO8Q5zTT8ZXRGWrW36KktMllaIk1W2RHnRiQiW0jBWmcCgqUcQNHa1LwumjyNqwx28QBS37BTvG7ULGUoio6LrOeoiBGEMj-U19sX6m37plEhj5Mak7j3OPPY_T9rohjTW5aGGg9YSwq4jdz0RrmBX00ofYOjI3"}}'
    headers:
      Accept:
      - application/json
      Accept-Encoding:
      - gzip, deflate
      Connection:
      - keep-alive
      Content-Length:
      - '1724'
      Content-Type:
      - application/json
      User-Agent:
      - azsdk-python-keyvault-keys/4.5.0b5 Python/3.7.4 (Windows-10-10.0.19041-SP0)
    method: PUT
    uri: https://vaultname.vault.azure.net/keys/livekvtestimport-test-keybafd17a1?api-version=7.3-preview
  response:
    body:
      string: '{"key":{"kid":"https://vaultname.vault.azure.net/keys/livekvtestimport-test-keybafd17a1/cacf6d0568d3492e9b71dcd64248a079","kty":"RSA","key_ops":["encrypt","decrypt","sign","verify","wrapKey","unwrapKey"],"n":"oJFNACNKxoOyG0wV1b7Yh73JWcLlevVK5zTo8Acg13XSdeRVIH43hM7rYKUKRlXdcqepTScejuj3lZpmnKbndb8OI7ra6ZG0Up2XhSi0vZBSHTLdJlZ5a6gra7_HZoyPXutQU3R_0ZkxnSmoRA0I9EEtUn_5MR7acYJZILR7HEaxGrPpHXMWQH6Jx_NA97haNAQs5RdDsn1HGEA9NMe0OK9hgb4F5NEeuYXTglPX_pv1P8LxsALSLS15P6eaUEtqtC0EkoBNcHHXJ6Bs86iJOqVCsVA_gyspY3G2cH1NxuNy-P5n2N7RyQj95FzgO8CGpxSH-nXkOqDgZ5qg0g7-NQ","e":"AQAB"},"attributes":{"enabled":true,"created":1638782709,"updated":1638782709,"recoveryLevel":"Recoverable+Purgeable","recoverableDays":90}}'
    headers:
      cache-control:
      - no-cache
      content-length:
      - '702'
      content-type:
      - application/json; charset=utf-8
      date:
      - Mon, 06 Dec 2021 09:25:08 GMT
      expires:
      - '-1'
      pragma:
      - no-cache
      strict-transport-security:
      - max-age=31536000;includeSubDomains
      x-content-type-options:
      - nosniff
      x-ms-keyvault-network-info:
      - conn_type=Ipv4;addr=167.220.255.60;act_addr_fam=InterNetwork;
      x-ms-keyvault-region:
      - eastus
      x-ms-keyvault-service-version:
      - 1.9.195.1
      x-powered-by:
      - ASP.NET
    status:
      code: 200
      message: OK
- request:
    body: '{"kty": "RSA", "key_size": 2048, "key_ops": ["encrypt", "decrypt", "sign",
      "verify", "wrapKey", "unwrapKey"], "tags": {"purpose": "unit test", "test name
      ": "CreateRSAKeyTest"}}'
    headers:
      Accept:
      - application/json
      Accept-Encoding:
      - gzip, deflate
      Connection:
      - keep-alive
      Content-Length:
      - '177'
      Content-Type:
      - application/json
      User-Agent:
      - azsdk-python-keyvault-keys/4.5.0b5 Python/3.7.4 (Windows-10-10.0.19041-SP0)
    method: POST
    uri: https://vaultname.vault.azure.net/keys/livekvtestcrud-rsa-keybafd17a1/create?api-version=7.3-preview
  response:
    body:
      string: '{"key":{"kid":"https://vaultname.vault.azure.net/keys/livekvtestcrud-rsa-keybafd17a1/d8c447bfca2944b288acce3e79a9d357","kty":"RSA","key_ops":["encrypt","decrypt","sign","verify","wrapKey","unwrapKey"],"n":"mqPx2uCY46kbv-Ht27H_mLOInFmflpDGsQsy8ByAQdRNJpnCS3HPj3C1L9oexg5LkMM-LdExep4KvH9uOpjf2HV4m0avTth1kq5FYiKMJuKI9BCwh2Bp8cuHD6hM4dJck868dwgRX6aGHYw9A_J2yeOHDvfj5z2Dv4J3hkUlf14sUEna5vcEhsYiZvp1jfudSrIpo8v3KQSuK2USOkrMcVHn31Fnl7UObRAHCYJlS0m_eoLfFRq9kzZjB7AhCP-JRmU7gh5MGW1I7lYg7EEJswiyt_a4m8ZDCTY5i8Buy2mJbjZt_pk8agziltbKmNk8V6M-tnktHgYIpHrQdkNCwQ","e":"AQAB"},"attributes":{"enabled":true,"created":1638782711,"updated":1638782711,"recoveryLevel":"Recoverable+Purgeable","recoverableDays":90},"tags":{"purpose":"unit
        test","test name ":"CreateRSAKeyTest"}}'
    headers:
      cache-control:
      - no-cache
      content-length:
      - '762'
      content-type:
      - application/json; charset=utf-8
      date:
      - Mon, 06 Dec 2021 09:25:11 GMT
      expires:
      - '-1'
      pragma:
      - no-cache
      strict-transport-security:
      - max-age=31536000;includeSubDomains
      x-content-type-options:
      - nosniff
      x-ms-keyvault-network-info:
      - conn_type=Ipv4;addr=167.220.255.60;act_addr_fam=InterNetwork;
      x-ms-keyvault-region:
      - eastus
      x-ms-keyvault-service-version:
      - 1.9.195.1
      x-powered-by:
      - ASP.NET
    status:
      code: 200
      message: OK
- request:
    body: null
    headers:
      Accept:
      - application/json
      Accept-Encoding:
      - gzip, deflate
      Connection:
      - keep-alive
      User-Agent:
      - azsdk-python-keyvault-keys/4.5.0b5 Python/3.7.4 (Windows-10-10.0.19041-SP0)
    method: GET
    uri: https://vaultname.vault.azure.net/keys/livekvtestcrud-rsa-keybafd17a1/d8c447bfca2944b288acce3e79a9d357?api-version=7.3-preview
  response:
    body:
      string: '{"key":{"kid":"https://vaultname.vault.azure.net/keys/livekvtestcrud-rsa-keybafd17a1/d8c447bfca2944b288acce3e79a9d357","kty":"RSA","key_ops":["encrypt","decrypt","sign","verify","wrapKey","unwrapKey"],"n":"mqPx2uCY46kbv-Ht27H_mLOInFmflpDGsQsy8ByAQdRNJpnCS3HPj3C1L9oexg5LkMM-LdExep4KvH9uOpjf2HV4m0avTth1kq5FYiKMJuKI9BCwh2Bp8cuHD6hM4dJck868dwgRX6aGHYw9A_J2yeOHDvfj5z2Dv4J3hkUlf14sUEna5vcEhsYiZvp1jfudSrIpo8v3KQSuK2USOkrMcVHn31Fnl7UObRAHCYJlS0m_eoLfFRq9kzZjB7AhCP-JRmU7gh5MGW1I7lYg7EEJswiyt_a4m8ZDCTY5i8Buy2mJbjZt_pk8agziltbKmNk8V6M-tnktHgYIpHrQdkNCwQ","e":"AQAB"},"attributes":{"enabled":true,"created":1638782711,"updated":1638782711,"recoveryLevel":"Recoverable+Purgeable","recoverableDays":90},"tags":{"purpose":"unit
        test","test name ":"CreateRSAKeyTest"}}'
    headers:
      cache-control:
      - no-cache
      content-length:
      - '762'
      content-type:
      - application/json; charset=utf-8
      date:
      - Mon, 06 Dec 2021 09:25:12 GMT
      expires:
      - '-1'
      pragma:
      - no-cache
      strict-transport-security:
      - max-age=31536000;includeSubDomains
      x-content-type-options:
      - nosniff
      x-ms-keyvault-network-info:
      - conn_type=Ipv4;addr=167.220.255.60;act_addr_fam=InterNetwork;
      x-ms-keyvault-region:
      - eastus
      x-ms-keyvault-service-version:
      - 1.9.195.1
      x-powered-by:
      - ASP.NET
    status:
      code: 200
      message: OK
- request:
    body: null
    headers:
      Accept:
      - application/json
      Accept-Encoding:
      - gzip, deflate
      Connection:
      - keep-alive
      User-Agent:
      - azsdk-python-keyvault-keys/4.5.0b5 Python/3.7.4 (Windows-10-10.0.19041-SP0)
    method: GET
    uri: https://vaultname.vault.azure.net/keys/livekvtestcrud-rsa-keybafd17a1/?api-version=7.3-preview
  response:
    body:
      string: '{"key":{"kid":"https://vaultname.vault.azure.net/keys/livekvtestcrud-rsa-keybafd17a1/d8c447bfca2944b288acce3e79a9d357","kty":"RSA","key_ops":["encrypt","decrypt","sign","verify","wrapKey","unwrapKey"],"n":"mqPx2uCY46kbv-Ht27H_mLOInFmflpDGsQsy8ByAQdRNJpnCS3HPj3C1L9oexg5LkMM-LdExep4KvH9uOpjf2HV4m0avTth1kq5FYiKMJuKI9BCwh2Bp8cuHD6hM4dJck868dwgRX6aGHYw9A_J2yeOHDvfj5z2Dv4J3hkUlf14sUEna5vcEhsYiZvp1jfudSrIpo8v3KQSuK2USOkrMcVHn31Fnl7UObRAHCYJlS0m_eoLfFRq9kzZjB7AhCP-JRmU7gh5MGW1I7lYg7EEJswiyt_a4m8ZDCTY5i8Buy2mJbjZt_pk8agziltbKmNk8V6M-tnktHgYIpHrQdkNCwQ","e":"AQAB"},"attributes":{"enabled":true,"created":1638782711,"updated":1638782711,"recoveryLevel":"Recoverable+Purgeable","recoverableDays":90},"tags":{"purpose":"unit
        test","test name ":"CreateRSAKeyTest"}}'
    headers:
      cache-control:
      - no-cache
      content-length:
      - '762'
      content-type:
      - application/json; charset=utf-8
      date:
      - Mon, 06 Dec 2021 09:25:12 GMT
      expires:
      - '-1'
      pragma:
      - no-cache
      strict-transport-security:
      - max-age=31536000;includeSubDomains
      x-content-type-options:
      - nosniff
      x-ms-keyvault-network-info:
      - conn_type=Ipv4;addr=167.220.255.60;act_addr_fam=InterNetwork;
      x-ms-keyvault-region:
      - eastus
      x-ms-keyvault-service-version:
      - 1.9.195.1
      x-powered-by:
      - ASP.NET
    status:
      code: 200
      message: OK
- request:
    body: '{"key_ops": ["decrypt", "encrypt"], "attributes": {"exp": 2524723200},
      "tags": {"foo": "updated tag"}}'
    headers:
      Accept:
      - application/json
      Accept-Encoding:
      - gzip, deflate
      Connection:
      - keep-alive
      Content-Length:
      - '102'
      Content-Type:
      - application/json
      User-Agent:
      - azsdk-python-keyvault-keys/4.5.0b5 Python/3.7.4 (Windows-10-10.0.19041-SP0)
    method: PATCH
    uri: https://vaultname.vault.azure.net/keys/livekvtestcrud-rsa-keybafd17a1/?api-version=7.3-preview
  response:
    body:
      string: '{"key":{"kid":"https://vaultname.vault.azure.net/keys/livekvtestcrud-rsa-keybafd17a1/d8c447bfca2944b288acce3e79a9d357","kty":"RSA","key_ops":["decrypt","encrypt"],"n":"mqPx2uCY46kbv-Ht27H_mLOInFmflpDGsQsy8ByAQdRNJpnCS3HPj3C1L9oexg5LkMM-LdExep4KvH9uOpjf2HV4m0avTth1kq5FYiKMJuKI9BCwh2Bp8cuHD6hM4dJck868dwgRX6aGHYw9A_J2yeOHDvfj5z2Dv4J3hkUlf14sUEna5vcEhsYiZvp1jfudSrIpo8v3KQSuK2USOkrMcVHn31Fnl7UObRAHCYJlS0m_eoLfFRq9kzZjB7AhCP-JRmU7gh5MGW1I7lYg7EEJswiyt_a4m8ZDCTY5i8Buy2mJbjZt_pk8agziltbKmNk8V6M-tnktHgYIpHrQdkNCwQ","e":"AQAB"},"attributes":{"enabled":true,"exp":2524723200,"created":1638782711,"updated":1638782716,"recoveryLevel":"Recoverable+Purgeable","recoverableDays":90},"tags":{"foo":"updated
        tag"}}'
    headers:
      cache-control:
      - no-cache
      content-length:
      - '707'
      content-type:
      - application/json; charset=utf-8
      date:
      - Mon, 06 Dec 2021 09:25:15 GMT
      expires:
      - '-1'
      pragma:
      - no-cache
      strict-transport-security:
      - max-age=31536000;includeSubDomains
      x-content-type-options:
      - nosniff
      x-ms-keyvault-network-info:
      - conn_type=Ipv4;addr=167.220.255.60;act_addr_fam=InterNetwork;
      x-ms-keyvault-region:
      - eastus
      x-ms-keyvault-service-version:
      - 1.9.195.1
      x-powered-by:
      - ASP.NET
    status:
      code: 200
      message: OK
- request:
    body: null
    headers:
      Accept:
      - application/json
      Accept-Encoding:
      - gzip, deflate
      Connection:
      - keep-alive
      Content-Length:
      - '0'
      User-Agent:
      - azsdk-python-keyvault-keys/4.5.0b5 Python/3.7.4 (Windows-10-10.0.19041-SP0)
    method: DELETE
    uri: https://vaultname.vault.azure.net/keys/livekvtestcrud-rsa-keybafd17a1?api-version=7.3-preview
  response:
    body:
      string: '{"recoveryId":"https://vaultname.vault.azure.net/deletedkeys/livekvtestcrud-rsa-keybafd17a1","deletedDate":1638782716,"scheduledPurgeDate":1646558716,"key":{"kid":"https://vaultname.vault.azure.net/keys/livekvtestcrud-rsa-keybafd17a1/d8c447bfca2944b288acce3e79a9d357","kty":"RSA","key_ops":["decrypt","encrypt"],"n":"mqPx2uCY46kbv-Ht27H_mLOInFmflpDGsQsy8ByAQdRNJpnCS3HPj3C1L9oexg5LkMM-LdExep4KvH9uOpjf2HV4m0avTth1kq5FYiKMJuKI9BCwh2Bp8cuHD6hM4dJck868dwgRX6aGHYw9A_J2yeOHDvfj5z2Dv4J3hkUlf14sUEna5vcEhsYiZvp1jfudSrIpo8v3KQSuK2USOkrMcVHn31Fnl7UObRAHCYJlS0m_eoLfFRq9kzZjB7AhCP-JRmU7gh5MGW1I7lYg7EEJswiyt_a4m8ZDCTY5i8Buy2mJbjZt_pk8agziltbKmNk8V6M-tnktHgYIpHrQdkNCwQ","e":"AQAB"},"attributes":{"enabled":true,"exp":2524723200,"created":1638782711,"updated":1638782716,"recoveryLevel":"Recoverable+Purgeable","recoverableDays":90},"tags":{"foo":"updated
        tag"}}'
    headers:
      cache-control:
      - no-cache
      content-length:
      - '860'
      content-type:
      - application/json; charset=utf-8
      date:
      - Mon, 06 Dec 2021 09:25:16 GMT
      expires:
      - '-1'
      pragma:
      - no-cache
      strict-transport-security:
      - max-age=31536000;includeSubDomains
      x-content-type-options:
      - nosniff
      x-ms-keyvault-network-info:
      - conn_type=Ipv4;addr=167.220.255.60;act_addr_fam=InterNetwork;
      x-ms-keyvault-region:
      - eastus
      x-ms-keyvault-service-version:
      - 1.9.195.1
      x-powered-by:
      - ASP.NET
    status:
      code: 200
      message: OK
- request:
    body: null
    headers:
      Accept:
      - application/json
      Accept-Encoding:
      - gzip, deflate
      Connection:
      - keep-alive
      User-Agent:
      - azsdk-python-keyvault-keys/4.5.0b5 Python/3.7.4 (Windows-10-10.0.19041-SP0)
    method: GET
    uri: https://vaultname.vault.azure.net/deletedkeys/livekvtestcrud-rsa-keybafd17a1?api-version=7.3-preview
  response:
    body:
      string: '{"error":{"code":"KeyNotFound","message":"Deleted Key not found: livekvtestcrud-rsa-keybafd17a1"}}'
    headers:
      cache-control:
      - no-cache
      content-length:
      - '98'
      content-type:
      - application/json; charset=utf-8
      date:
      - Mon, 06 Dec 2021 09:25:16 GMT
      expires:
      - '-1'
      pragma:
      - no-cache
      strict-transport-security:
      - max-age=31536000;includeSubDomains
      x-content-type-options:
      - nosniff
      x-ms-keyvault-network-info:
      - conn_type=Ipv4;addr=167.220.255.60;act_addr_fam=InterNetwork;
      x-ms-keyvault-region:
      - eastus
      x-ms-keyvault-service-version:
      - 1.9.195.1
      x-powered-by:
      - ASP.NET
    status:
      code: 404
      message: Not Found
- request:
    body: null
    headers:
      Accept:
      - application/json
      Accept-Encoding:
      - gzip, deflate
      Connection:
      - keep-alive
      User-Agent:
      - azsdk-python-keyvault-keys/4.5.0b5 Python/3.7.4 (Windows-10-10.0.19041-SP0)
    method: GET
    uri: https://vaultname.vault.azure.net/deletedkeys/livekvtestcrud-rsa-keybafd17a1?api-version=7.3-preview
  response:
    body:
      string: '{"error":{"code":"KeyNotFound","message":"Deleted Key not found: livekvtestcrud-rsa-keybafd17a1"}}'
    headers:
      cache-control:
      - no-cache
      content-length:
      - '98'
      content-type:
      - application/json; charset=utf-8
      date:
      - Mon, 06 Dec 2021 09:25:18 GMT
      expires:
      - '-1'
      pragma:
      - no-cache
      strict-transport-security:
      - max-age=31536000;includeSubDomains
      x-content-type-options:
      - nosniff
      x-ms-keyvault-network-info:
      - conn_type=Ipv4;addr=167.220.255.60;act_addr_fam=InterNetwork;
      x-ms-keyvault-region:
      - eastus
      x-ms-keyvault-service-version:
      - 1.9.195.1
      x-powered-by:
      - ASP.NET
    status:
      code: 404
      message: Not Found
- request:
    body: null
    headers:
      Accept:
      - application/json
      Accept-Encoding:
      - gzip, deflate
      Connection:
      - keep-alive
      User-Agent:
      - azsdk-python-keyvault-keys/4.5.0b5 Python/3.7.4 (Windows-10-10.0.19041-SP0)
    method: GET
    uri: https://vaultname.vault.azure.net/deletedkeys/livekvtestcrud-rsa-keybafd17a1?api-version=7.3-preview
  response:
    body:
      string: '{"error":{"code":"KeyNotFound","message":"Deleted Key not found: livekvtestcrud-rsa-keybafd17a1"}}'
    headers:
      cache-control:
      - no-cache
      content-length:
      - '98'
      content-type:
      - application/json; charset=utf-8
      date:
      - Mon, 06 Dec 2021 09:25:20 GMT
      expires:
      - '-1'
      pragma:
      - no-cache
      strict-transport-security:
      - max-age=31536000;includeSubDomains
      x-content-type-options:
      - nosniff
      x-ms-keyvault-network-info:
      - conn_type=Ipv4;addr=167.220.255.60;act_addr_fam=InterNetwork;
      x-ms-keyvault-region:
      - eastus
      x-ms-keyvault-service-version:
      - 1.9.195.1
      x-powered-by:
      - ASP.NET
    status:
      code: 404
      message: Not Found
- request:
    body: null
    headers:
      Accept:
      - application/json
      Accept-Encoding:
      - gzip, deflate
      Connection:
      - keep-alive
      User-Agent:
      - azsdk-python-keyvault-keys/4.5.0b5 Python/3.7.4 (Windows-10-10.0.19041-SP0)
    method: GET
    uri: https://vaultname.vault.azure.net/deletedkeys/livekvtestcrud-rsa-keybafd17a1?api-version=7.3-preview
  response:
    body:
      string: '{"error":{"code":"KeyNotFound","message":"Deleted Key not found: livekvtestcrud-rsa-keybafd17a1"}}'
    headers:
      cache-control:
      - no-cache
      content-length:
      - '98'
      content-type:
      - application/json; charset=utf-8
      date:
      - Mon, 06 Dec 2021 09:25:24 GMT
      expires:
      - '-1'
      pragma:
      - no-cache
      strict-transport-security:
      - max-age=31536000;includeSubDomains
      x-content-type-options:
      - nosniff
      x-ms-keyvault-network-info:
      - conn_type=Ipv4;addr=167.220.255.60;act_addr_fam=InterNetwork;
      x-ms-keyvault-region:
      - eastus
      x-ms-keyvault-service-version:
      - 1.9.195.1
      x-powered-by:
      - ASP.NET
    status:
      code: 404
      message: Not Found
- request:
    body: null
    headers:
      Accept:
      - application/json
      Accept-Encoding:
      - gzip, deflate
      Connection:
      - keep-alive
      User-Agent:
      - azsdk-python-keyvault-keys/4.5.0b5 Python/3.7.4 (Windows-10-10.0.19041-SP0)
    method: GET
    uri: https://vaultname.vault.azure.net/deletedkeys/livekvtestcrud-rsa-keybafd17a1?api-version=7.3-preview
  response:
    body:
      string: '{"recoveryId":"https://vaultname.vault.azure.net/deletedkeys/livekvtestcrud-rsa-keybafd17a1","deletedDate":1638782716,"scheduledPurgeDate":1646558716,"key":{"kid":"https://vaultname.vault.azure.net/keys/livekvtestcrud-rsa-keybafd17a1/d8c447bfca2944b288acce3e79a9d357","kty":"RSA","key_ops":["decrypt","encrypt"],"n":"mqPx2uCY46kbv-Ht27H_mLOInFmflpDGsQsy8ByAQdRNJpnCS3HPj3C1L9oexg5LkMM-LdExep4KvH9uOpjf2HV4m0avTth1kq5FYiKMJuKI9BCwh2Bp8cuHD6hM4dJck868dwgRX6aGHYw9A_J2yeOHDvfj5z2Dv4J3hkUlf14sUEna5vcEhsYiZvp1jfudSrIpo8v3KQSuK2USOkrMcVHn31Fnl7UObRAHCYJlS0m_eoLfFRq9kzZjB7AhCP-JRmU7gh5MGW1I7lYg7EEJswiyt_a4m8ZDCTY5i8Buy2mJbjZt_pk8agziltbKmNk8V6M-tnktHgYIpHrQdkNCwQ","e":"AQAB"},"attributes":{"enabled":true,"exp":2524723200,"created":1638782711,"updated":1638782716,"recoveryLevel":"Recoverable+Purgeable","recoverableDays":90},"tags":{"foo":"updated
        tag"}}'
    headers:
      cache-control:
      - no-cache
      content-length:
      - '860'
      content-type:
      - application/json; charset=utf-8
      date:
      - Mon, 06 Dec 2021 09:25:26 GMT
      expires:
      - '-1'
      pragma:
      - no-cache
      strict-transport-security:
      - max-age=31536000;includeSubDomains
      x-content-type-options:
      - nosniff
      x-ms-keyvault-network-info:
      - conn_type=Ipv4;addr=167.220.255.60;act_addr_fam=InterNetwork;
      x-ms-keyvault-region:
      - eastus
      x-ms-keyvault-service-version:
      - 1.9.195.1
      x-powered-by:
      - ASP.NET
    status:
      code: 200
      message: OK
- request:
    body: null
    headers:
      Accept:
      - application/json
      Accept-Encoding:
      - gzip, deflate
      Connection:
      - keep-alive
      User-Agent:
      - azsdk-python-keyvault-keys/4.5.0b5 Python/3.7.4 (Windows-10-10.0.19041-SP0)
    method: GET
    uri: https://vaultname.vault.azure.net/deletedkeys/livekvtestcrud-rsa-keybafd17a1?api-version=7.3-preview
  response:
    body:
      string: '{"recoveryId":"https://vaultname.vault.azure.net/deletedkeys/livekvtestcrud-rsa-keybafd17a1","deletedDate":1638782716,"scheduledPurgeDate":1646558716,"key":{"kid":"https://vaultname.vault.azure.net/keys/livekvtestcrud-rsa-keybafd17a1/d8c447bfca2944b288acce3e79a9d357","kty":"RSA","key_ops":["decrypt","encrypt"],"n":"mqPx2uCY46kbv-Ht27H_mLOInFmflpDGsQsy8ByAQdRNJpnCS3HPj3C1L9oexg5LkMM-LdExep4KvH9uOpjf2HV4m0avTth1kq5FYiKMJuKI9BCwh2Bp8cuHD6hM4dJck868dwgRX6aGHYw9A_J2yeOHDvfj5z2Dv4J3hkUlf14sUEna5vcEhsYiZvp1jfudSrIpo8v3KQSuK2USOkrMcVHn31Fnl7UObRAHCYJlS0m_eoLfFRq9kzZjB7AhCP-JRmU7gh5MGW1I7lYg7EEJswiyt_a4m8ZDCTY5i8Buy2mJbjZt_pk8agziltbKmNk8V6M-tnktHgYIpHrQdkNCwQ","e":"AQAB"},"attributes":{"enabled":true,"exp":2524723200,"created":1638782711,"updated":1638782716,"recoveryLevel":"Recoverable+Purgeable","recoverableDays":90},"tags":{"foo":"updated
        tag"}}'
    headers:
      cache-control:
      - no-cache
      content-length:
      - '860'
      content-type:
      - application/json; charset=utf-8
      date:
      - Mon, 06 Dec 2021 09:25:26 GMT
      expires:
      - '-1'
      pragma:
      - no-cache
      strict-transport-security:
      - max-age=31536000;includeSubDomains
      x-content-type-options:
      - nosniff
      x-ms-keyvault-network-info:
      - conn_type=Ipv4;addr=167.220.255.60;act_addr_fam=InterNetwork;
      x-ms-keyvault-region:
      - eastus
      x-ms-keyvault-service-version:
      - 1.9.195.1
      x-powered-by:
      - ASP.NET
    status:
      code: 200
      message: OK
version: 1
