{
  "Entries": [
    {
      "RequestUri": "https://managedhsmvaultname.vault.azure.net/keys/livekvtestkey-name98e72d08/create?api-version=7.3",
      "RequestMethod": "POST",
      "RequestHeaders": {
        "Accept": "application/json",
        "Accept-Encoding": "gzip, deflate",
        "Connection": "keep-alive",
        "Content-Length": "0",
        "Content-Type": "application/json",
        "User-Agent": "azsdk-python-keyvault-keys/4.5.1 Python/3.9.9 (Windows-10-10.0.22000-SP0)"
      },
      "RequestBody": null,
      "StatusCode": 401,
      "ResponseHeaders": {
        "Cache-Control": "no-cache",
        "Content-Length": "0",
        "Content-Security-Policy": "default-src \u0027self\u0027",
        "Content-Type": "application/json; charset=utf-8",
        "Strict-Transport-Security": "max-age=31536000; includeSubDomains",
        "WWW-Authenticate": "Bearer authorization=\u0022https://login.microsoftonline.com/00000000-0000-0000-0000-000000000000\u0022, resource=\u0022https://managedhsm.azure.net\u0022",
        "X-Content-Type-Options": "nosniff",
        "X-Frame-Options": "SAMEORIGIN",
        "x-ms-server-latency": "1"
      },
      "ResponseBody": null
    },
    {
      "RequestUri": "https://login.microsoftonline.com/00000000-0000-0000-0000-000000000000/v2.0/.well-known/openid-configuration",
      "RequestMethod": "GET",
      "RequestHeaders": {
        "Accept": "*/*",
        "Accept-Encoding": "gzip, deflate",
        "Connection": "keep-alive",
        "User-Agent": "azsdk-python-identity/1.10.0b2 Python/3.9.9 (Windows-10-10.0.22000-SP0)"
      },
      "RequestBody": null,
      "StatusCode": 200,
      "ResponseHeaders": {
        "Access-Control-Allow-Methods": "GET, OPTIONS",
        "Access-Control-Allow-Origin": "*",
        "Cache-Control": "max-age=86400, private",
        "Content-Length": "1753",
        "Content-Type": "application/json; charset=utf-8",
        "Date": "Fri, 22 Apr 2022 15:55:00 GMT",
        "P3P": "CP=\u0022DSP CUR OTPi IND OTRi ONL FIN\u0022",
        "Set-Cookie": [
          "fpc=AoYECHYVsYZBnicRrY_2H34hRuoAFAAAAEDG9NkOAAAA; expires=Sun, 22-May-2022 15:55:00 GMT; path=/; secure; HttpOnly; SameSite=None",
          "x-ms-gateway-slice=estsfd; path=/; secure; samesite=none; httponly",
          "stsservicecookie=estsfd; path=/; secure; samesite=none; httponly"
        ],
        "Strict-Transport-Security": "max-age=31536000; includeSubDomains",
        "X-Content-Type-Options": "nosniff",
        "x-ms-ests-server": "2.1.12651.7 - NCUS ProdSlices",
        "X-XSS-Protection": "0"
      },
      "ResponseBody": {
        "token_endpoint": "https://login.microsoftonline.com/00000000-0000-0000-0000-000000000000/oauth2/v2.0/token",
        "token_endpoint_auth_methods_supported": [
          "client_secret_post",
          "private_key_jwt",
          "client_secret_basic"
        ],
        "jwks_uri": "https://login.microsoftonline.com/00000000-0000-0000-0000-000000000000/discovery/v2.0/keys",
        "response_modes_supported": [
          "query",
          "fragment",
          "form_post"
        ],
        "subject_types_supported": [
          "pairwise"
        ],
        "id_token_signing_alg_values_supported": [
          "RS256"
        ],
        "response_types_supported": [
          "code",
          "id_token",
          "code id_token",
          "id_token token"
        ],
        "scopes_supported": [
          "openid",
          "profile",
          "email",
          "offline_access"
        ],
        "issuer": "https://login.microsoftonline.com/00000000-0000-0000-0000-000000000000/v2.0",
        "request_uri_parameter_supported": false,
        "userinfo_endpoint": "https://graph.microsoft.com/oidc/userinfo",
        "authorization_endpoint": "https://login.microsoftonline.com/00000000-0000-0000-0000-000000000000/oauth2/v2.0/authorize",
        "device_authorization_endpoint": "https://login.microsoftonline.com/00000000-0000-0000-0000-000000000000/oauth2/v2.0/devicecode",
        "http_logout_supported": true,
        "frontchannel_logout_supported": true,
        "end_session_endpoint": "https://login.microsoftonline.com/00000000-0000-0000-0000-000000000000/oauth2/v2.0/logout",
        "claims_supported": [
          "sub",
          "iss",
          "cloud_instance_name",
          "cloud_instance_host_name",
          "cloud_graph_host_name",
          "msgraph_host",
          "aud",
          "exp",
          "iat",
          "auth_time",
          "acr",
          "nonce",
          "preferred_username",
          "name",
          "tid",
          "ver",
          "at_hash",
          "c_hash",
          "email"
        ],
        "kerberos_endpoint": "https://login.microsoftonline.com/00000000-0000-0000-0000-000000000000/kerberos",
        "tenant_region_scope": "WW",
        "cloud_instance_name": "microsoftonline.com",
        "cloud_graph_host_name": "graph.windows.net",
        "msgraph_host": "graph.microsoft.com",
        "rbac_url": "https://pas.windows.net"
      }
    },
    {
      "RequestUri": "https://login.microsoftonline.com/common/discovery/instance?api-version=1.1\u0026authorization_endpoint=https://login.microsoftonline.com/common/oauth2/authorize",
      "RequestMethod": "GET",
      "RequestHeaders": {
        "Accept": "application/json",
        "Accept-Encoding": "gzip, deflate",
        "Connection": "keep-alive",
        "Cookie": "fpc=AoYECHYVsYZBnicRrY_2H34hRuoAFAAAAEDG9NkOAAAA; stsservicecookie=estsfd; x-ms-gateway-slice=estsfd",
        "User-Agent": "azsdk-python-identity/1.10.0b2 Python/3.9.9 (Windows-10-10.0.22000-SP0)"
      },
      "RequestBody": null,
      "StatusCode": 200,
      "ResponseHeaders": {
        "Access-Control-Allow-Methods": "GET, OPTIONS",
        "Access-Control-Allow-Origin": "*",
        "Cache-Control": "max-age=86400, private",
        "Content-Length": "945",
        "Content-Type": "application/json; charset=utf-8",
        "Date": "Fri, 22 Apr 2022 15:55:00 GMT",
        "P3P": "CP=\u0022DSP CUR OTPi IND OTRi ONL FIN\u0022",
        "Set-Cookie": [
          "fpc=AoYECHYVsYZBnicRrY_2H34hRuoAFAAAAEDG9NkOAAAA; expires=Sun, 22-May-2022 15:55:00 GMT; path=/; secure; HttpOnly; SameSite=None",
          "x-ms-gateway-slice=estsfd; path=/; secure; samesite=none; httponly",
          "stsservicecookie=estsfd; path=/; secure; samesite=none; httponly"
        ],
        "Strict-Transport-Security": "max-age=31536000; includeSubDomains",
        "X-Content-Type-Options": "nosniff",
        "x-ms-ests-server": "2.1.12651.7 - WUS2 ProdSlices",
        "X-XSS-Protection": "0"
      },
      "ResponseBody": {
        "tenant_discovery_endpoint": "https://login.microsoftonline.com/common/.well-known/openid-configuration",
        "api-version": "1.1",
        "metadata": [
          {
            "preferred_network": "login.microsoftonline.com",
            "preferred_cache": "login.windows.net",
            "aliases": [
              "login.microsoftonline.com",
              "login.windows.net",
              "login.microsoft.com",
              "sts.windows.net"
            ]
          },
          {
            "preferred_network": "login.partner.microsoftonline.cn",
            "preferred_cache": "login.partner.microsoftonline.cn",
            "aliases": [
              "login.partner.microsoftonline.cn",
              "login.chinacloudapi.cn"
            ]
          },
          {
            "preferred_network": "login.microsoftonline.de",
            "preferred_cache": "login.microsoftonline.de",
            "aliases": [
              "login.microsoftonline.de"
            ]
          },
          {
            "preferred_network": "login.microsoftonline.us",
            "preferred_cache": "login.microsoftonline.us",
            "aliases": [
              "login.microsoftonline.us",
              "login.usgovcloudapi.net"
            ]
          },
          {
            "preferred_network": "login-us.microsoftonline.com",
            "preferred_cache": "login-us.microsoftonline.com",
            "aliases": [
              "login-us.microsoftonline.com"
            ]
          }
        ]
      }
    },
    {
      "RequestUri": "https://managedhsmvaultname.vault.azure.net/keys/livekvtestkey-name98e72d08/create?api-version=7.3",
      "RequestMethod": "POST",
      "RequestHeaders": {
        "Accept": "application/json",
        "Accept-Encoding": "gzip, deflate",
        "Connection": "keep-alive",
        "Content-Length": "285",
        "Content-Type": "application/json",
        "User-Agent": "azsdk-python-keyvault-keys/4.5.1 Python/3.9.9 (Windows-10-10.0.22000-SP0)"
      },
      "RequestBody": {
        "kty": "RSA-HSM",
        "attributes": {
          "exportable": true
        },
        "release_policy": {
          "data": "eyJhbnlPZiI6IFt7ImFueU9mIjogW3siY2xhaW0iOiAic2RrLXRlc3QiLCAiZXF1YWxzIjogdHJ1ZX1dLCAiYXV0aG9yaXR5IjogImh0dHBzOi8va2FzaGlma2hhbmtleXZhdWx0c2l0ZS5henVyZXdlYnNpdGVzLm5ldC8ifV0sICJ2ZXJzaW9uIjogIjEuMC4wIn0"
        }
      },
      "StatusCode": 200,
      "ResponseHeaders": {
        "Cache-Control": "no-cache",
        "Content-Length": "1014",
        "Content-Security-Policy": "default-src \u0027self\u0027",
        "Content-Type": "application/json; charset=utf-8",
        "Strict-Transport-Security": "max-age=31536000; includeSubDomains",
        "X-Content-Type-Options": "nosniff",
        "X-Frame-Options": "SAMEORIGIN",
        "x-ms-keyvault-network-info": "conn_type=Ipv4;addr=73.232.137.144;act_addr_fam=Ipv4;",
        "x-ms-keyvault-region": "westus2",
        "x-ms-server-latency": "365"
      },
      "ResponseBody": {
        "attributes": {
          "created": 1650642900,
          "enabled": true,
          "exportable": true,
          "recoverableDays": 7,
          "recoveryLevel": "CustomizedRecoverable\u002BPurgeable",
          "updated": 1650642900
        },
        "key": {
          "e": "AQAB",
          "key_ops": [
            "wrapKey",
            "decrypt",
            "encrypt",
            "unwrapKey",
            "sign",
            "verify"
          ],
          "kid": "https://managedhsmvaultname.vault.azure.net/keys/livekvtestkey-name98e72d08/2557f55fba2d0f16387e117d9f67623b",
          "kty": "RSA-HSM",
          "n": "zPe3nIK1LB8c1yCod-012rIxE-sTnCn0uth1-ricuUjb8ZmVUiwIsbxkZu52u1_0VbQRDbSqv_UtAEMYi1DAHaQocas5Jm6c2hbyAb5cAhODvcFPodY22gcsdiITIX7_9MtJ7Ku7jutGFAqSER70i8oKNNr341BZLki3kXO8w8OnvXQrVtEpiClKNabEEeT21k69PURk63wUvXYpiy9mlmOpyfbih_86vaKu6HuAnMDBJk-JYz6U6UzMfcUFu3av7x-DA_4iRtbNlRipDwaAuW2oZxUta-YVozMtYs2soUoR1yVpv2BQczcTeIYzYAutzV9ZOopA3GcYwnUL30Zw3w"
        },
        "release_policy": {
          "contentType": "application/json; charset=utf-8",
          "data": "eyJhbnlPZiI6W3siYW55T2YiOlt7ImNsYWltIjoic2RrLXRlc3QiLCJlcXVhbHMiOnRydWV9XSwiYXV0aG9yaXR5IjoiaHR0cHM6Ly9rYXNoaWZraGFua2V5dmF1bHRzaXRlLmF6dXJld2Vic2l0ZXMubmV0LyJ9XSwidmVyc2lvbiI6IjEuMC4wIn0",
          "immutable": false
        }
      }
    },
    {
      "RequestUri": "https://managedhsmvaultname.vault.azure.net/keys/livekvtestkey-name98e72d08/?api-version=7.3",
      "RequestMethod": "PATCH",
      "RequestHeaders": {
        "Accept": "application/json",
        "Accept-Encoding": "gzip, deflate",
        "Connection": "keep-alive",
        "Content-Length": "334",
        "Content-Type": "application/json",
        "User-Agent": "azsdk-python-keyvault-keys/4.5.1 Python/3.9.9 (Windows-10-10.0.22000-SP0)"
      },
      "RequestBody": {
        "key_ops": [
          "decrypt",
          "encrypt"
        ],
        "attributes": {
          "exp": 2524723200
        },
        "tags": {
          "foo": "updated tag"
        },
        "release_policy": {
          "data": "eyJhbnlPZiI6IFt7ImFueU9mIjogW3siY2xhaW0iOiAic2RrLXRlc3QiLCAiZXF1YWxzIjogZmFsc2V9XSwgImF1dGhvcml0eSI6ICJodHRwczovL2thc2hpZmtoYW5rZXl2YXVsdHNpdGUuYXp1cmV3ZWJzaXRlcy5uZXQvIn1dLCAidmVyc2lvbiI6ICIxLjAuMCJ9"
        }
      },
      "StatusCode": 200,
      "ResponseHeaders": {
        "Cache-Control": "no-cache",
        "Content-Length": "1023",
        "Content-Security-Policy": "default-src \u0027self\u0027",
        "Content-Type": "application/json; charset=utf-8",
        "Strict-Transport-Security": "max-age=31536000; includeSubDomains",
        "X-Content-Type-Options": "nosniff",
        "X-Frame-Options": "SAMEORIGIN",
        "x-ms-keyvault-network-info": "conn_type=Ipv4;addr=73.232.137.144;act_addr_fam=Ipv4;",
        "x-ms-keyvault-region": "westus2",
        "x-ms-server-latency": "337"
      },
      "ResponseBody": {
        "attributes": {
          "created": 1650642900,
          "enabled": true,
          "exp": 2524723200,
          "exportable": true,
          "recoverableDays": 7,
          "recoveryLevel": "CustomizedRecoverable\u002BPurgeable",
          "updated": 1650642903
        },
        "key": {
          "e": "AQAB",
          "key_ops": [
            "encrypt",
            "decrypt"
          ],
          "kid": "https://managedhsmvaultname.vault.azure.net/keys/livekvtestkey-name98e72d08/2557f55fba2d0f16387e117d9f67623b",
          "kty": "RSA-HSM",
          "n": "zPe3nIK1LB8c1yCod-012rIxE-sTnCn0uth1-ricuUjb8ZmVUiwIsbxkZu52u1_0VbQRDbSqv_UtAEMYi1DAHaQocas5Jm6c2hbyAb5cAhODvcFPodY22gcsdiITIX7_9MtJ7Ku7jutGFAqSER70i8oKNNr341BZLki3kXO8w8OnvXQrVtEpiClKNabEEeT21k69PURk63wUvXYpiy9mlmOpyfbih_86vaKu6HuAnMDBJk-JYz6U6UzMfcUFu3av7x-DA_4iRtbNlRipDwaAuW2oZxUta-YVozMtYs2soUoR1yVpv2BQczcTeIYzYAutzV9ZOopA3GcYwnUL30Zw3w"
        },
        "release_policy": {
          "contentType": "application/json; charset=utf-8",
          "data": "eyJhbnlPZiI6W3siYW55T2YiOlt7ImNsYWltIjoic2RrLXRlc3QiLCJlcXVhbHMiOmZhbHNlfV0sImF1dGhvcml0eSI6Imh0dHBzOi8va2FzaGlma2hhbmtleXZhdWx0c2l0ZS5henVyZXdlYnNpdGVzLm5ldC8ifV0sInZlcnNpb24iOiIxLjAuMCJ9",
          "immutable": false
        },
        "tags": {
          "foo": "updated tag"
        }
      }
    }
  ],
  "Variables": {}
}
