interactions:
- request:
    body: null
    headers:
      Accept: [application/json]
      Accept-Encoding: ['gzip, deflate']
      Connection: [keep-alive]
      Content-Length: ['0']
      Content-Type: [application/json; charset=utf-8]
      User-Agent: [azsdk-python-keyvault-keys/4.0.0b2 Python/3.6.6 (Windows-10-10.0.18362-SP0)]
    method: POST
    uri: https://vault9388b3510bf8.vault.azure.net/keys/key0/create?api-version=7.0
  response:
    body: {string: '{"error":{"code":"Unauthorized","message":"Request is missing
        a Bearer or PoP token."}}'}
    headers:
      cache-control: [no-cache]
      content-length: ['87']
      content-type: [application/json; charset=utf-8]
      date: ['Tue, 27 Aug 2019 17:08:11 GMT']
      expires: ['-1']
      pragma: [no-cache]
      server: [Microsoft-IIS/10.0]
      strict-transport-security: [max-age=31536000;includeSubDomains]
      www-authenticate: ['Bearer authorization="https://login.windows.net/72f988bf-86f1-41af-91ab-2d7cd011db47",
          resource="https://vault.azure.net"']
      x-aspnet-version: [4.0.30319]
      x-content-type-options: [nosniff]
      x-ms-keyvault-network-info: [addr=131.107.160.72;act_addr_fam=InterNetwork;]
      x-ms-keyvault-region: [westus]
      x-ms-keyvault-service-version: [1.1.0.876]
      x-powered-by: [ASP.NET]
    status: {code: 401, message: Unauthorized}
- request:
    body: '{"kty": "RSA"}'
    headers:
      Accept: [application/json]
      Accept-Encoding: ['gzip, deflate']
      Connection: [keep-alive]
      Content-Length: ['14']
      Content-Type: [application/json; charset=utf-8]
      User-Agent: [azsdk-python-keyvault-keys/4.0.0b2 Python/3.6.6 (Windows-10-10.0.18362-SP0)]
    method: POST
    uri: https://vault9388b3510bf8.vault.azure.net/keys/key0/create?api-version=7.0
  response:
    body: {string: '{"key":{"kid":"https://vault9388b3510bf8.vault.azure.net/keys/key0/f17bf7716b3f4e999dd4e295e01d72fa","kty":"RSA","key_ops":["encrypt","decrypt","sign","verify","wrapKey","unwrapKey"],"n":"xZBUw8Tw1s6jP2O0cvqSMTmd7Qz9gVaK_pc-dsA5lx82k9mtCY9eIUcP0wnsog-JjxAbZP6K4X5QsXnTlf9JFdxh_lf2DCrAnig7yvtUUznbJzcOrHoSf_O-IxOVTXCQTOT_2f54uRy2jmWpOeCPV31zxVAFx3UfktGI0JCVGv_bpNHQ3EFyjQhySB3oh96JCNgr3ujrJ_leWvaG0yfqPjHLunnGcRRKEXjgTM6Xggf7mRkebzWjCrUQbNm4HchWZWogFxbHfSbae9jE-T3YX-zeUwgVozaaUPoxkrO4ToO4YlPAdmbjjv9Pso2GLiIG8FBk9OLFQvxvraYS0yCdkw","e":"AQAB"},"attributes":{"enabled":true,"created":1566925691,"updated":1566925691,"recoveryLevel":"Purgeable"}}'}
    headers:
      cache-control: [no-cache]
      content-length: ['644']
      content-type: [application/json; charset=utf-8]
      date: ['Tue, 27 Aug 2019 17:08:11 GMT']
      expires: ['-1']
      pragma: [no-cache]
      server: [Microsoft-IIS/10.0]
      strict-transport-security: [max-age=31536000;includeSubDomains]
      x-aspnet-version: [4.0.30319]
      x-content-type-options: [nosniff]
      x-ms-keyvault-network-info: [addr=131.107.160.72;act_addr_fam=InterNetwork;]
      x-ms-keyvault-region: [westus]
      x-ms-keyvault-service-version: [1.1.0.876]
      x-powered-by: [ASP.NET]
    status: {code: 200, message: OK}
- request:
    body: '{"kty": "RSA"}'
    headers:
      Accept: [application/json]
      Accept-Encoding: ['gzip, deflate']
      Connection: [keep-alive]
      Content-Length: ['14']
      Content-Type: [application/json; charset=utf-8]
      User-Agent: [azsdk-python-keyvault-keys/4.0.0b2 Python/3.6.6 (Windows-10-10.0.18362-SP0)]
    method: POST
    uri: https://vault9388b3510bf8.vault.azure.net/keys/key1/create?api-version=7.0
  response:
    body: {string: '{"key":{"kid":"https://vault9388b3510bf8.vault.azure.net/keys/key1/2394755bd0024f0485772964a0938661","kty":"RSA","key_ops":["encrypt","decrypt","sign","verify","wrapKey","unwrapKey"],"n":"wrgS_T723THgvA7KrnPoGnQtM3w4VQF9W9uNeYxfBkTXx6ptMP9cgUj6QKE3wSFAinU41uzKhUjPfZvIBdsEy3mMh1x8-UR0ua7Vo3J9eobPcrGFf6m9fgwFr7r5XC6NUWfMMCJ4Q5T0LOfn40lIR5A27chl833hrT6NvgVW4PPDXdfkMFXk6N7hufM3lyCLiYbe-ZRzKF5qD4SLkPesXkZu47MWcKTAJLqBJJEe0nanSIsYr4kF5rQ4xeXvhpnioGY5HmiLx-e_PHl9GORdayb1arEWedobNPIzON8-qAOqhAu8QYysHfrKreHx6vX4tozEqQkJxxUWgXNFc0Ogcw","e":"AQAB"},"attributes":{"enabled":true,"created":1566925691,"updated":1566925691,"recoveryLevel":"Purgeable"}}'}
    headers:
      cache-control: [no-cache]
      content-length: ['644']
      content-type: [application/json; charset=utf-8]
      date: ['Tue, 27 Aug 2019 17:08:11 GMT']
      expires: ['-1']
      pragma: [no-cache]
      server: [Microsoft-IIS/10.0]
      strict-transport-security: [max-age=31536000;includeSubDomains]
      x-aspnet-version: [4.0.30319]
      x-content-type-options: [nosniff]
      x-ms-keyvault-network-info: [addr=131.107.160.72;act_addr_fam=InterNetwork;]
      x-ms-keyvault-region: [westus]
      x-ms-keyvault-service-version: [1.1.0.876]
      x-powered-by: [ASP.NET]
    status: {code: 200, message: OK}
- request:
    body: '{"kty": "RSA"}'
    headers:
      Accept: [application/json]
      Accept-Encoding: ['gzip, deflate']
      Connection: [keep-alive]
      Content-Length: ['14']
      Content-Type: [application/json; charset=utf-8]
      User-Agent: [azsdk-python-keyvault-keys/4.0.0b2 Python/3.6.6 (Windows-10-10.0.18362-SP0)]
    method: POST
    uri: https://vault9388b3510bf8.vault.azure.net/keys/key2/create?api-version=7.0
  response:
    body: {string: '{"key":{"kid":"https://vault9388b3510bf8.vault.azure.net/keys/key2/9e41b886b2c7463f8ed429c7035a3150","kty":"RSA","key_ops":["encrypt","decrypt","sign","verify","wrapKey","unwrapKey"],"n":"jQZnTx2RhpDBYYFB_03DDP6BkVdCftVf3IjVeTPo_H5SEzUKRhGLAdEU48Ch1eiNR5UOo2MOEKDXVgnxxrQqckz7tXo7Yjfqs7mHwkokJ_JpZLOdg9PtoC3npz8Wzz_1YBo8Zppq6AQTp0lnOhWEWS29_jIQXB5_Y7y8nQuU723wFJV5rmVs8k36v7DL1cLEFIgCeF3nshVbdlc_PIdTOx04KYYPb-GrT-pot_0MbTCFXP67NM1CnBe_Z-T3ysPqq2LjEMclVcILMiF06MIPwnXiemFB6c0ap_YV3YRBkcvGR2sdSVM_If5n3Ls_FhhoASdTNFiDnPG2rghHReuYFQ","e":"AQAB"},"attributes":{"enabled":true,"created":1566925692,"updated":1566925692,"recoveryLevel":"Purgeable"}}'}
    headers:
      cache-control: [no-cache]
      content-length: ['644']
      content-type: [application/json; charset=utf-8]
      date: ['Tue, 27 Aug 2019 17:08:12 GMT']
      expires: ['-1']
      pragma: [no-cache]
      server: [Microsoft-IIS/10.0]
      strict-transport-security: [max-age=31536000;includeSubDomains]
      x-aspnet-version: [4.0.30319]
      x-content-type-options: [nosniff]
      x-ms-keyvault-network-info: [addr=131.107.160.72;act_addr_fam=InterNetwork;]
      x-ms-keyvault-region: [westus]
      x-ms-keyvault-service-version: [1.1.0.876]
      x-powered-by: [ASP.NET]
    status: {code: 200, message: OK}
- request:
    body: '{"kty": "RSA"}'
    headers:
      Accept: [application/json]
      Accept-Encoding: ['gzip, deflate']
      Connection: [keep-alive]
      Content-Length: ['14']
      Content-Type: [application/json; charset=utf-8]
      User-Agent: [azsdk-python-keyvault-keys/4.0.0b2 Python/3.6.6 (Windows-10-10.0.18362-SP0)]
    method: POST
    uri: https://vault9388b3510bf8.vault.azure.net/keys/key3/create?api-version=7.0
  response:
    body: {string: '{"key":{"kid":"https://vault9388b3510bf8.vault.azure.net/keys/key3/9f1b64eccc4c46aca8760e4073b201ee","kty":"RSA","key_ops":["encrypt","decrypt","sign","verify","wrapKey","unwrapKey"],"n":"sFyUGUgpRhTVVTacK3IyQNGRsAtb74OKpKmDAPKjN395rwLpF_1vRE5DWucfVOtB1i9CsuQ2UaH8lhLov0TqN0rj4K7NsbKyrnG5m6Cv9oo6rwfYCWuzrlqVLSsCV7NQNpTJuuhXL96pbwPwaOeSVaMyRxOkrcURpOeUHKeMp6mgfShoh5yH6R7VoIY44maewOMMIq1KUAeWJHRQEBvd95912RRB4fEvYTaq_mGVkV1M1BCzFpkD221HRV4Dz4bxu0ggc4OPMuPIsLvf8deFPNL-H0-shFKEbYjqZEk5okiijAtnEEM4xQhveoHa7YkZLAqNNLy4MTK-lF7SkVcobw","e":"AQAB"},"attributes":{"enabled":true,"created":1566925692,"updated":1566925692,"recoveryLevel":"Purgeable"}}'}
    headers:
      cache-control: [no-cache]
      content-length: ['644']
      content-type: [application/json; charset=utf-8]
      date: ['Tue, 27 Aug 2019 17:08:12 GMT']
      expires: ['-1']
      pragma: [no-cache]
      server: [Microsoft-IIS/10.0]
      strict-transport-security: [max-age=31536000;includeSubDomains]
      x-aspnet-version: [4.0.30319]
      x-content-type-options: [nosniff]
      x-ms-keyvault-network-info: [addr=131.107.160.72;act_addr_fam=InterNetwork;]
      x-ms-keyvault-region: [westus]
      x-ms-keyvault-service-version: [1.1.0.876]
      x-powered-by: [ASP.NET]
    status: {code: 200, message: OK}
- request:
    body: '{"kty": "RSA"}'
    headers:
      Accept: [application/json]
      Accept-Encoding: ['gzip, deflate']
      Connection: [keep-alive]
      Content-Length: ['14']
      Content-Type: [application/json; charset=utf-8]
      User-Agent: [azsdk-python-keyvault-keys/4.0.0b2 Python/3.6.6 (Windows-10-10.0.18362-SP0)]
    method: POST
    uri: https://vault9388b3510bf8.vault.azure.net/keys/key4/create?api-version=7.0
  response:
    body: {string: '{"key":{"kid":"https://vault9388b3510bf8.vault.azure.net/keys/key4/81080b30cd6c48528e19e8711a1bd848","kty":"RSA","key_ops":["encrypt","decrypt","sign","verify","wrapKey","unwrapKey"],"n":"wXb3mvhS0LjkAlWEyeB6ZIljzen4E-JuPIkOru2ZK0yXESRVphai5zoZw8BUmY_rRzgIEtJpkpQco9tcypMdSKsELTSVjieI-tj3Rf4c2esG74vA4ipenBN2YMLsbORprHQkk6fYmCVgRHBFHMn_TFC-f_94zMGia731rhY7pa-qWBXdXkOZG0WcKcK1Ru2y25Y0CL2DQsIKD5VVFrDIVkHkuCYjvD6lmpwyc8dZ1TPVO_-6bx9Z4T__0wfHAlZwKh_y5hlpzrWSfvRS7hno-N5YfKq8pBdzJi7FZ-3EQe9sN6RsbUWU1WouD6xr2PqFYxhOFVfu1ZAApnqz6BCwXw","e":"AQAB"},"attributes":{"enabled":true,"created":1566925692,"updated":1566925692,"recoveryLevel":"Purgeable"}}'}
    headers:
      cache-control: [no-cache]
      content-length: ['644']
      content-type: [application/json; charset=utf-8]
      date: ['Tue, 27 Aug 2019 17:08:12 GMT']
      expires: ['-1']
      pragma: [no-cache]
      server: [Microsoft-IIS/10.0]
      strict-transport-security: [max-age=31536000;includeSubDomains]
      x-aspnet-version: [4.0.30319]
      x-content-type-options: [nosniff]
      x-ms-keyvault-network-info: [addr=131.107.160.72;act_addr_fam=InterNetwork;]
      x-ms-keyvault-region: [westus]
      x-ms-keyvault-service-version: [1.1.0.876]
      x-powered-by: [ASP.NET]
    status: {code: 200, message: OK}
- request:
    body: '{"kty": "RSA"}'
    headers:
      Accept: [application/json]
      Accept-Encoding: ['gzip, deflate']
      Connection: [keep-alive]
      Content-Length: ['14']
      Content-Type: [application/json; charset=utf-8]
      User-Agent: [azsdk-python-keyvault-keys/4.0.0b2 Python/3.6.6 (Windows-10-10.0.18362-SP0)]
    method: POST
    uri: https://vault9388b3510bf8.vault.azure.net/keys/key5/create?api-version=7.0
  response:
    body: {string: '{"key":{"kid":"https://vault9388b3510bf8.vault.azure.net/keys/key5/c28173ef64354dedb2cc0069883b1a13","kty":"RSA","key_ops":["encrypt","decrypt","sign","verify","wrapKey","unwrapKey"],"n":"uQ34dU5aVomdtjJXsSGvjn8XufHe9baGZRLTRo88xPCShlxiKgCQE7zTIUzMC9zQVTA9STmoInAqDVycILDuScNNqdza7U6cPP-SxPiom8nz0wICkKK4p97Y5ZIE3hLOw1ZfhrmDDrsWBgwl7Fz-aXgacHS4LQ9V4zoZkNTzwgTbPQXNuC1YSaXz6cKDkrgXwzBZhM67mlsDQ0lZK_MB_WOfmgVAcXa9AJs1K9eIpd-JEnYKXDzYOuv3NAstiBP5U2dlSzKcUuG0U2vQnedOY6dv_mlHqMroSkj-LNInuDibIQ3Yf65SdeFAVSlrftBgCzQYPP5wSNSwPhNWE-y6eQ","e":"AQAB"},"attributes":{"enabled":true,"created":1566925692,"updated":1566925692,"recoveryLevel":"Purgeable"}}'}
    headers:
      cache-control: [no-cache]
      content-length: ['644']
      content-type: [application/json; charset=utf-8]
      date: ['Tue, 27 Aug 2019 17:08:12 GMT']
      expires: ['-1']
      pragma: [no-cache]
      server: [Microsoft-IIS/10.0]
      strict-transport-security: [max-age=31536000;includeSubDomains]
      x-aspnet-version: [4.0.30319]
      x-content-type-options: [nosniff]
      x-ms-keyvault-network-info: [addr=131.107.160.72;act_addr_fam=InterNetwork;]
      x-ms-keyvault-region: [westus]
      x-ms-keyvault-service-version: [1.1.0.876]
      x-powered-by: [ASP.NET]
    status: {code: 200, message: OK}
- request:
    body: '{"kty": "RSA"}'
    headers:
      Accept: [application/json]
      Accept-Encoding: ['gzip, deflate']
      Connection: [keep-alive]
      Content-Length: ['14']
      Content-Type: [application/json; charset=utf-8]
      User-Agent: [azsdk-python-keyvault-keys/4.0.0b2 Python/3.6.6 (Windows-10-10.0.18362-SP0)]
    method: POST
    uri: https://vault9388b3510bf8.vault.azure.net/keys/key6/create?api-version=7.0
  response:
    body: {string: '{"key":{"kid":"https://vault9388b3510bf8.vault.azure.net/keys/key6/3c34a9289246423b84f324d2cde7df26","kty":"RSA","key_ops":["encrypt","decrypt","sign","verify","wrapKey","unwrapKey"],"n":"5nWJw-7RyMmjq4Fxae2Gd7wqkgD5mNFMFTiTnIKtDKB3y6WK3OZdcq0Ays6lGt9uVdkLxdZeQyNqh-pwBD4HzJYGj9aDAr2FO9QnT52WyHYHh4l6fYUzaBk2U07ozXFAn3cJlJgOMbo9J4W4hDZxdaz0HZMrm1PzMBaOdk8Uv84r5I7DFCVmZstM36S_F8cduPH5SgjttuiiTH7XnnRMnEqyjTrVj7oGIzxbns8x5CFEvR2EgccS3vMPfbi_-zZemVI1gW7Lwd4OLmd_tBHLo1B7DuSjkc9WBT_zvegaLKiHtzq6Qo7qYtq5dgzLl_ynUeiNDIBam5QFibo4xy4ylw","e":"AQAB"},"attributes":{"enabled":true,"created":1566925692,"updated":1566925692,"recoveryLevel":"Purgeable"}}'}
    headers:
      cache-control: [no-cache]
      content-length: ['644']
      content-type: [application/json; charset=utf-8]
      date: ['Tue, 27 Aug 2019 17:08:12 GMT']
      expires: ['-1']
      pragma: [no-cache]
      server: [Microsoft-IIS/10.0]
      strict-transport-security: [max-age=31536000;includeSubDomains]
      x-aspnet-version: [4.0.30319]
      x-content-type-options: [nosniff]
      x-ms-keyvault-network-info: [addr=131.107.160.72;act_addr_fam=InterNetwork;]
      x-ms-keyvault-region: [westus]
      x-ms-keyvault-service-version: [1.1.0.876]
      x-powered-by: [ASP.NET]
    status: {code: 200, message: OK}
- request:
    body: null
    headers:
      Accept: [application/json]
      Accept-Encoding: ['gzip, deflate']
      Connection: [keep-alive]
      User-Agent: [azsdk-python-keyvault-keys/4.0.0b2 Python/3.6.6 (Windows-10-10.0.18362-SP0)]
    method: GET
    uri: https://vault9388b3510bf8.vault.azure.net/keys?maxresults=7&api-version=7.0
  response:
    body: {string: '{"value":[{"kid":"https://vault9388b3510bf8.vault.azure.net/keys/key0","attributes":{"enabled":true,"created":1566925691,"updated":1566925691,"recoveryLevel":"Purgeable"}},{"kid":"https://vault9388b3510bf8.vault.azure.net/keys/key1","attributes":{"enabled":true,"created":1566925691,"updated":1566925691,"recoveryLevel":"Purgeable"}},{"kid":"https://vault9388b3510bf8.vault.azure.net/keys/key2","attributes":{"enabled":true,"created":1566925692,"updated":1566925692,"recoveryLevel":"Purgeable"}},{"kid":"https://vault9388b3510bf8.vault.azure.net/keys/key3","attributes":{"enabled":true,"created":1566925692,"updated":1566925692,"recoveryLevel":"Purgeable"}},{"kid":"https://vault9388b3510bf8.vault.azure.net/keys/key4","attributes":{"enabled":true,"created":1566925692,"updated":1566925692,"recoveryLevel":"Purgeable"}},{"kid":"https://vault9388b3510bf8.vault.azure.net/keys/key5","attributes":{"enabled":true,"created":1566925692,"updated":1566925692,"recoveryLevel":"Purgeable"}},{"kid":"https://vault9388b3510bf8.vault.azure.net/keys/key6","attributes":{"enabled":true,"created":1566925692,"updated":1566925692,"recoveryLevel":"Purgeable"}}],"nextLink":null}'}
    headers:
      cache-control: [no-cache]
      content-length: ['1161']
      content-type: [application/json; charset=utf-8]
      date: ['Tue, 27 Aug 2019 17:08:13 GMT']
      expires: ['-1']
      pragma: [no-cache]
      server: [Microsoft-IIS/10.0]
      strict-transport-security: [max-age=31536000;includeSubDomains]
      x-aspnet-version: [4.0.30319]
      x-content-type-options: [nosniff]
      x-ms-keyvault-network-info: [addr=131.107.160.72;act_addr_fam=InterNetwork;]
      x-ms-keyvault-region: [westus]
      x-ms-keyvault-service-version: [1.1.0.876]
      x-powered-by: [ASP.NET]
    status: {code: 200, message: OK}
version: 1
