interactions:
- request:
    body: null
    headers:
      Accept: [application/json]
      Accept-Encoding: ['gzip, deflate']
      Connection: [keep-alive]
      Content-Length: ['0']
      Content-Type: [application/json; charset=utf-8]
      User-Agent: [azsdk-python-keyvault-keys/4.0.0b5 Python/3.6.6 (Windows-10-10.0.18362-SP0)]
    method: POST
    uri: https://vaulta7710b8a.vault.azure.net/keys/key0/create?api-version=7.0
  response:
    body: {string: '{"error":{"code":"Unauthorized","message":"Request is missing
        a Bearer or PoP token."}}'}
    headers:
      cache-control: [no-cache]
      content-length: ['87']
      content-type: [application/json; charset=utf-8]
      date: ['Wed, 16 Oct 2019 16:07:44 GMT']
      expires: ['-1']
      pragma: [no-cache]
      server: [Microsoft-IIS/10.0]
      strict-transport-security: [max-age=31536000;includeSubDomains]
      www-authenticate: ['Bearer authorization="https://login.windows.net/72f988bf-86f1-41af-91ab-2d7cd011db47",
          resource="https://vault.azure.net"']
      x-aspnet-version: [4.0.30319]
      x-content-type-options: [nosniff]
      x-ms-keyvault-network-info: [addr=131.107.160.72;act_addr_fam=InterNetwork;]
      x-ms-keyvault-region: [westus]
      x-ms-keyvault-service-version: [1.1.0.879]
      x-powered-by: [ASP.NET]
    status: {code: 401, message: Unauthorized}
- request:
    body: '{"kty": "RSA"}'
    headers:
      Accept: [application/json]
      Accept-Encoding: ['gzip, deflate']
      Connection: [keep-alive]
      Content-Length: ['14']
      Content-Type: [application/json; charset=utf-8]
      User-Agent: [azsdk-python-keyvault-keys/4.0.0b5 Python/3.6.6 (Windows-10-10.0.18362-SP0)]
    method: POST
    uri: https://vaulta7710b8a.vault.azure.net/keys/key0/create?api-version=7.0
  response:
    body: {string: '{"key":{"kid":"https://vaulta7710b8a.vault.azure.net/keys/key0/f7c693cd2ad1401096c4fba7e1d11664","kty":"RSA","key_ops":["encrypt","decrypt","sign","verify","wrapKey","unwrapKey"],"n":"vWLCsxD2TrMdcDwGfb5Wt9INmYcFB8yy_-7PAE7c-iqPpaUySVudK5_JH5VZQO2tRSErIKKeKME_3JnJoOwOE4XhEH9rpUKkP0-R9Ky87X8yx1XkVF_q_WmbXzk_OUZIfo9r3XhHXNTjLGUI1KqODSWi5w8c1NfKtOW2rrXmYRggpMsAGLZmg1rz46Lqm7odvgPq6Eylyw7PLdSdTKhCafVhBpH2vT9mWJG5_QOQWrWj6w9GFr5rKicJenAbO6rCO7cZx3aJMC0kUblpbVUZxm-dHVPxT9og3S9RJXy46X7LXCfCUm-hIzQnCa1eubKQi96Gklh0yZEXxwMdRtL3lw","e":"AQAB"},"attributes":{"enabled":true,"created":1571242065,"updated":1571242065,"recoveryLevel":"Recoverable+Purgeable"}}'}
    headers:
      cache-control: [no-cache]
      content-length: ['652']
      content-type: [application/json; charset=utf-8]
      date: ['Wed, 16 Oct 2019 16:07:45 GMT']
      expires: ['-1']
      pragma: [no-cache]
      server: [Microsoft-IIS/10.0]
      strict-transport-security: [max-age=31536000;includeSubDomains]
      x-aspnet-version: [4.0.30319]
      x-content-type-options: [nosniff]
      x-ms-keyvault-network-info: [addr=131.107.160.72;act_addr_fam=InterNetwork;]
      x-ms-keyvault-region: [westus]
      x-ms-keyvault-service-version: [1.1.0.879]
      x-powered-by: [ASP.NET]
    status: {code: 200, message: OK}
- request:
    body: '{"kty": "RSA"}'
    headers:
      Accept: [application/json]
      Accept-Encoding: ['gzip, deflate']
      Connection: [keep-alive]
      Content-Length: ['14']
      Content-Type: [application/json; charset=utf-8]
      User-Agent: [azsdk-python-keyvault-keys/4.0.0b5 Python/3.6.6 (Windows-10-10.0.18362-SP0)]
    method: POST
    uri: https://vaulta7710b8a.vault.azure.net/keys/key1/create?api-version=7.0
  response:
    body: {string: '{"key":{"kid":"https://vaulta7710b8a.vault.azure.net/keys/key1/d2dba9fe19334216a78a6e1302ff0231","kty":"RSA","key_ops":["encrypt","decrypt","sign","verify","wrapKey","unwrapKey"],"n":"qlQb6wTgUfpa8bWfW20JElBbqeyDCZ1eeB4Aomo4f0anRGg1udJeaQatHItD66TpPHINA1SxkHCNLt-gi45621PRCrj8Xlt63d-2kajscOt3FESqLOdVCbPCAipIKjnphEbEnVu6GzHezrC_xjr1fljYsZZCrB-u1Se1KvDCfRuXpsGNuuZe-xzgZd3izmdT8l6MNZAgnKg-1tiEnipFAO_WqathjzqlLbJFZstrNU4HNiffIy-do94hBzjRRGJ6NNHDI8qdlLoZhqpE7JW_qU6IUBG0Idua-I-ioSUktRSftf3TsZWYgCKIQYd_eBnQuakBPq57pO8UiDDQc9CItw","e":"AQAB"},"attributes":{"enabled":true,"created":1571242065,"updated":1571242065,"recoveryLevel":"Recoverable+Purgeable"}}'}
    headers:
      cache-control: [no-cache]
      content-length: ['652']
      content-type: [application/json; charset=utf-8]
      date: ['Wed, 16 Oct 2019 16:07:45 GMT']
      expires: ['-1']
      pragma: [no-cache]
      server: [Microsoft-IIS/10.0]
      strict-transport-security: [max-age=31536000;includeSubDomains]
      x-aspnet-version: [4.0.30319]
      x-content-type-options: [nosniff]
      x-ms-keyvault-network-info: [addr=131.107.160.72;act_addr_fam=InterNetwork;]
      x-ms-keyvault-region: [westus]
      x-ms-keyvault-service-version: [1.1.0.879]
      x-powered-by: [ASP.NET]
    status: {code: 200, message: OK}
- request:
    body: '{"kty": "RSA"}'
    headers:
      Accept: [application/json]
      Accept-Encoding: ['gzip, deflate']
      Connection: [keep-alive]
      Content-Length: ['14']
      Content-Type: [application/json; charset=utf-8]
      User-Agent: [azsdk-python-keyvault-keys/4.0.0b5 Python/3.6.6 (Windows-10-10.0.18362-SP0)]
    method: POST
    uri: https://vaulta7710b8a.vault.azure.net/keys/key2/create?api-version=7.0
  response:
    body: {string: '{"key":{"kid":"https://vaulta7710b8a.vault.azure.net/keys/key2/3c27145a75274aba857c1dedd72dce99","kty":"RSA","key_ops":["encrypt","decrypt","sign","verify","wrapKey","unwrapKey"],"n":"peTNeXfg01RiAkxLJ7ysm0rBWnowuQrlVQbARbRXI2pKkJ5OLpSyO9L8UZ6qClC0Hgkc7tYK8N6muKP80feBXW1mLl0hLGIiLCzse8kJOgNGQ7VWbw956pLKNYujSZzeQ1oPfunRy9zaa8FG7WkUa-i_E0UG4ShY16eEt4VoJXibMi-bRS8QoDgoGk2-f8HoWJYMvaDPsouBf7IyDWXnG56DVOhRVKBXHili6kB5psyrzUjXmVuK2stSlrHxk3Z6HlWARD2fGPFXd7o1knvGH9zUpHdAomfw2GrZFfEy0_bsi3zCW5H2C1bB34WUh7H-shYi1BUVOwtoJCiBOcs8KQ","e":"AQAB"},"attributes":{"enabled":true,"created":1571242066,"updated":1571242066,"recoveryLevel":"Recoverable+Purgeable"}}'}
    headers:
      cache-control: [no-cache]
      content-length: ['652']
      content-type: [application/json; charset=utf-8]
      date: ['Wed, 16 Oct 2019 16:07:45 GMT']
      expires: ['-1']
      pragma: [no-cache]
      server: [Microsoft-IIS/10.0]
      strict-transport-security: [max-age=31536000;includeSubDomains]
      x-aspnet-version: [4.0.30319]
      x-content-type-options: [nosniff]
      x-ms-keyvault-network-info: [addr=131.107.160.72;act_addr_fam=InterNetwork;]
      x-ms-keyvault-region: [westus]
      x-ms-keyvault-service-version: [1.1.0.879]
      x-powered-by: [ASP.NET]
    status: {code: 200, message: OK}
- request:
    body: '{"kty": "RSA"}'
    headers:
      Accept: [application/json]
      Accept-Encoding: ['gzip, deflate']
      Connection: [keep-alive]
      Content-Length: ['14']
      Content-Type: [application/json; charset=utf-8]
      User-Agent: [azsdk-python-keyvault-keys/4.0.0b5 Python/3.6.6 (Windows-10-10.0.18362-SP0)]
    method: POST
    uri: https://vaulta7710b8a.vault.azure.net/keys/key3/create?api-version=7.0
  response:
    body: {string: '{"key":{"kid":"https://vaulta7710b8a.vault.azure.net/keys/key3/e6bd4f72eb7640bfa765a1eba2d292ee","kty":"RSA","key_ops":["encrypt","decrypt","sign","verify","wrapKey","unwrapKey"],"n":"qU79-XkvK8Z-r-vJlQFY_QRGeH5OJvJqwH_KHsyCf1Nbja5yz2e2Z7V1-1KwSVC0PQuloUzlbhPPrFMZvsF0rvrp4TX1ZKUAHL0zWwl_bNC1Y1zW1YqpkcShxg1rl8QqDBY-NQpUblblWDq-d26cKzMxK4vDB8gVPhALDLPyD7V1Ye85h3yL--LyASUBmqarsxXtunz3YTZ2z0Zlmo1oopDsBaenyB6Psml9MtolAT4BV6R_r4InFu2t_Ob50gWw_LDX7QFVsRGE0B8bxGFLAyFwURPJvegrn1xu5pFbYUWCAVpp7qXqDt8oKjuUcE8XWvN8nvjFUe-wx2DFvITOYw","e":"AQAB"},"attributes":{"enabled":true,"created":1571242066,"updated":1571242066,"recoveryLevel":"Recoverable+Purgeable"}}'}
    headers:
      cache-control: [no-cache]
      content-length: ['652']
      content-type: [application/json; charset=utf-8]
      date: ['Wed, 16 Oct 2019 16:07:45 GMT']
      expires: ['-1']
      pragma: [no-cache]
      server: [Microsoft-IIS/10.0]
      strict-transport-security: [max-age=31536000;includeSubDomains]
      x-aspnet-version: [4.0.30319]
      x-content-type-options: [nosniff]
      x-ms-keyvault-network-info: [addr=131.107.160.72;act_addr_fam=InterNetwork;]
      x-ms-keyvault-region: [westus]
      x-ms-keyvault-service-version: [1.1.0.879]
      x-powered-by: [ASP.NET]
    status: {code: 200, message: OK}
- request:
    body: '{"kty": "RSA"}'
    headers:
      Accept: [application/json]
      Accept-Encoding: ['gzip, deflate']
      Connection: [keep-alive]
      Content-Length: ['14']
      Content-Type: [application/json; charset=utf-8]
      User-Agent: [azsdk-python-keyvault-keys/4.0.0b5 Python/3.6.6 (Windows-10-10.0.18362-SP0)]
    method: POST
    uri: https://vaulta7710b8a.vault.azure.net/keys/key4/create?api-version=7.0
  response:
    body: {string: '{"key":{"kid":"https://vaulta7710b8a.vault.azure.net/keys/key4/70ecca58e6ef4494b6614d65caf9e385","kty":"RSA","key_ops":["encrypt","decrypt","sign","verify","wrapKey","unwrapKey"],"n":"rgWevbHfjzghUaoVJpcWLrNTDpfbbgYFisKdRrzdZ_NUOfLh761lnUXtLpnVogYd1klhSwahySOhG7xx5zOoTU70LpZHh84zB-yPv65nWvmdj1YTlVRvN62rc5kSVsn1y7eIFCjIuXXUcAUIlCuw-ZJK4oTJnQ23L3RTAAWD-_XRiUMX9bCzimxuKDL95-ve9hCnbLuHpuIYpNeiwzFYz91YPxfZMXrJkyWbldE2oLApFRxOsC4cEyHHvpS6b_Wj9wNZh2ShEh4whYNW8JKoEUkINDo9tOyB8obJ3PtrDZfxwRaLICw9TMIbOUFf8afhhv3-coJqhFb05QT2sUX4cQ","e":"AQAB"},"attributes":{"enabled":true,"created":1571242066,"updated":1571242066,"recoveryLevel":"Recoverable+Purgeable"}}'}
    headers:
      cache-control: [no-cache]
      content-length: ['652']
      content-type: [application/json; charset=utf-8]
      date: ['Wed, 16 Oct 2019 16:07:46 GMT']
      expires: ['-1']
      pragma: [no-cache]
      server: [Microsoft-IIS/10.0]
      strict-transport-security: [max-age=31536000;includeSubDomains]
      x-aspnet-version: [4.0.30319]
      x-content-type-options: [nosniff]
      x-ms-keyvault-network-info: [addr=131.107.160.72;act_addr_fam=InterNetwork;]
      x-ms-keyvault-region: [westus]
      x-ms-keyvault-service-version: [1.1.0.879]
      x-powered-by: [ASP.NET]
    status: {code: 200, message: OK}
- request:
    body: '{"kty": "RSA"}'
    headers:
      Accept: [application/json]
      Accept-Encoding: ['gzip, deflate']
      Connection: [keep-alive]
      Content-Length: ['14']
      Content-Type: [application/json; charset=utf-8]
      User-Agent: [azsdk-python-keyvault-keys/4.0.0b5 Python/3.6.6 (Windows-10-10.0.18362-SP0)]
    method: POST
    uri: https://vaulta7710b8a.vault.azure.net/keys/key5/create?api-version=7.0
  response:
    body: {string: '{"key":{"kid":"https://vaulta7710b8a.vault.azure.net/keys/key5/ae4334e047cb4942b7ef8f66129a2f58","kty":"RSA","key_ops":["encrypt","decrypt","sign","verify","wrapKey","unwrapKey"],"n":"1pYq9C_VxfoqrBJSHHtWC7ZXqJ-4qW52RDN5Jhwr9jcyjjbNcep8BlVqNgvpriFbWYgMrXI4_BF3uHIUGDbFzWYaQ6rNojOFoAoORg48xJ2S4_9W-5uFx4xZo5fQ-vT7zE37Af6l7Zn4w3_gXsmoBikB3PhAKhs9fQIEweZReTJQaV3jMsKeWGK6wuBbCRGgt6Mu9INkLUay5MxsQjhzZVx4hEfkSl1bU1GChq-4876aRMt4CbSYb8efEBV4mlHAIi8isAheuWJWd3Bz2ZsWOQ7J_DZRGHCFjz7_ahmep7C3f5FfpJnto_mNdCL1b6DF-4gIxAdtMdQB9CBphbV76Q","e":"AQAB"},"attributes":{"enabled":true,"created":1571242066,"updated":1571242066,"recoveryLevel":"Recoverable+Purgeable"}}'}
    headers:
      cache-control: [no-cache]
      content-length: ['652']
      content-type: [application/json; charset=utf-8]
      date: ['Wed, 16 Oct 2019 16:07:46 GMT']
      expires: ['-1']
      pragma: [no-cache]
      server: [Microsoft-IIS/10.0]
      strict-transport-security: [max-age=31536000;includeSubDomains]
      x-aspnet-version: [4.0.30319]
      x-content-type-options: [nosniff]
      x-ms-keyvault-network-info: [addr=131.107.160.72;act_addr_fam=InterNetwork;]
      x-ms-keyvault-region: [westus]
      x-ms-keyvault-service-version: [1.1.0.879]
      x-powered-by: [ASP.NET]
    status: {code: 200, message: OK}
- request:
    body: '{"kty": "RSA"}'
    headers:
      Accept: [application/json]
      Accept-Encoding: ['gzip, deflate']
      Connection: [keep-alive]
      Content-Length: ['14']
      Content-Type: [application/json; charset=utf-8]
      User-Agent: [azsdk-python-keyvault-keys/4.0.0b5 Python/3.6.6 (Windows-10-10.0.18362-SP0)]
    method: POST
    uri: https://vaulta7710b8a.vault.azure.net/keys/key6/create?api-version=7.0
  response:
    body: {string: '{"key":{"kid":"https://vaulta7710b8a.vault.azure.net/keys/key6/b84036e9e5ce45979a7826baf4d06770","kty":"RSA","key_ops":["encrypt","decrypt","sign","verify","wrapKey","unwrapKey"],"n":"vMKE3BL-PXXPe0px6NrcRtJNe1QkqYay0fNElQxGE77uDbF-e5MLrX4PwCGU8cPDO3Ckt3Ugo-kTwTFSnoQ9-6let0qraUSQys_6cmVmuIMS37P4tQ3Ah5R0Cz1whIDk7JpP-aGDCerI9v_TtoTfqpr9i7U0hgLBpTMHJnzQ5F3pry3yVv0mD8ALoPfr5UXln4XiujxnyM_L1ONOfzQqi6UEZ8MyjIWNvmgqQgcLc4rWniRgtv8Y8dHWSzufm0oXkN47nwC9d9ZtWMAc2OYFN0Y09ZFZTdiywWobyMcXt7LyttA-2yxBcFfM8QZ09kH3MBIfJ_HKlhBVueBP9u0tQQ","e":"AQAB"},"attributes":{"enabled":true,"created":1571242066,"updated":1571242066,"recoveryLevel":"Recoverable+Purgeable"}}'}
    headers:
      cache-control: [no-cache]
      content-length: ['652']
      content-type: [application/json; charset=utf-8]
      date: ['Wed, 16 Oct 2019 16:07:46 GMT']
      expires: ['-1']
      pragma: [no-cache]
      server: [Microsoft-IIS/10.0]
      strict-transport-security: [max-age=31536000;includeSubDomains]
      x-aspnet-version: [4.0.30319]
      x-content-type-options: [nosniff]
      x-ms-keyvault-network-info: [addr=131.107.160.72;act_addr_fam=InterNetwork;]
      x-ms-keyvault-region: [westus]
      x-ms-keyvault-service-version: [1.1.0.879]
      x-powered-by: [ASP.NET]
    status: {code: 200, message: OK}
- request:
    body: null
    headers:
      Accept: [application/json]
      Accept-Encoding: ['gzip, deflate']
      Connection: [keep-alive]
      Content-Length: ['0']
      User-Agent: [azsdk-python-keyvault-keys/4.0.0b5 Python/3.6.6 (Windows-10-10.0.18362-SP0)]
    method: DELETE
    uri: https://vaulta7710b8a.vault.azure.net/keys/key0?api-version=7.0
  response:
    body: {string: '{"recoveryId":"https://vaulta7710b8a.vault.azure.net/deletedkeys/key0","deletedDate":1571242067,"scheduledPurgeDate":1579018067,"key":{"kid":"https://vaulta7710b8a.vault.azure.net/keys/key0/f7c693cd2ad1401096c4fba7e1d11664","kty":"RSA","key_ops":["encrypt","decrypt","sign","verify","wrapKey","unwrapKey"],"n":"vWLCsxD2TrMdcDwGfb5Wt9INmYcFB8yy_-7PAE7c-iqPpaUySVudK5_JH5VZQO2tRSErIKKeKME_3JnJoOwOE4XhEH9rpUKkP0-R9Ky87X8yx1XkVF_q_WmbXzk_OUZIfo9r3XhHXNTjLGUI1KqODSWi5w8c1NfKtOW2rrXmYRggpMsAGLZmg1rz46Lqm7odvgPq6Eylyw7PLdSdTKhCafVhBpH2vT9mWJG5_QOQWrWj6w9GFr5rKicJenAbO6rCO7cZx3aJMC0kUblpbVUZxm-dHVPxT9og3S9RJXy46X7LXCfCUm-hIzQnCa1eubKQi96Gklh0yZEXxwMdRtL3lw","e":"AQAB"},"attributes":{"enabled":true,"created":1571242065,"updated":1571242065,"recoveryLevel":"Recoverable+Purgeable"}}'}
    headers:
      cache-control: [no-cache]
      content-length: ['779']
      content-type: [application/json; charset=utf-8]
      date: ['Wed, 16 Oct 2019 16:07:46 GMT']
      expires: ['-1']
      pragma: [no-cache]
      server: [Microsoft-IIS/10.0]
      strict-transport-security: [max-age=31536000;includeSubDomains]
      x-aspnet-version: [4.0.30319]
      x-content-type-options: [nosniff]
      x-ms-keyvault-network-info: [addr=131.107.160.72;act_addr_fam=InterNetwork;]
      x-ms-keyvault-region: [westus]
      x-ms-keyvault-service-version: [1.1.0.879]
      x-powered-by: [ASP.NET]
    status: {code: 200, message: OK}
- request:
    body: null
    headers:
      Accept: [application/json]
      Accept-Encoding: ['gzip, deflate']
      Connection: [keep-alive]
      User-Agent: [azsdk-python-keyvault-keys/4.0.0b5 Python/3.6.6 (Windows-10-10.0.18362-SP0)]
    method: GET
    uri: https://vaulta7710b8a.vault.azure.net/deletedkeys/key0?api-version=7.0
  response:
    body: {string: '{"error":{"code":"KeyNotFound","message":"Deleted Key not found:
        key0"}}'}
    headers:
      cache-control: [no-cache]
      content-length: ['72']
      content-type: [application/json; charset=utf-8]
      date: ['Wed, 16 Oct 2019 16:07:46 GMT']
      expires: ['-1']
      pragma: [no-cache]
      server: [Microsoft-IIS/10.0]
      strict-transport-security: [max-age=31536000;includeSubDomains]
      x-aspnet-version: [4.0.30319]
      x-content-type-options: [nosniff]
      x-ms-keyvault-network-info: [addr=131.107.160.72;act_addr_fam=InterNetwork;]
      x-ms-keyvault-region: [westus]
      x-ms-keyvault-service-version: [1.1.0.879]
      x-powered-by: [ASP.NET]
    status: {code: 404, message: Not Found}
- request:
    body: null
    headers:
      Accept: [application/json]
      Accept-Encoding: ['gzip, deflate']
      Connection: [keep-alive]
      User-Agent: [azsdk-python-keyvault-keys/4.0.0b5 Python/3.6.6 (Windows-10-10.0.18362-SP0)]
    method: GET
    uri: https://vaulta7710b8a.vault.azure.net/deletedkeys/key0?api-version=7.0
  response:
    body: {string: '{"error":{"code":"KeyNotFound","message":"Deleted Key not found:
        key0"}}'}
    headers:
      cache-control: [no-cache]
      content-length: ['72']
      content-type: [application/json; charset=utf-8]
      date: ['Wed, 16 Oct 2019 16:07:51 GMT']
      expires: ['-1']
      pragma: [no-cache]
      server: [Microsoft-IIS/10.0]
      strict-transport-security: [max-age=31536000;includeSubDomains]
      x-aspnet-version: [4.0.30319]
      x-content-type-options: [nosniff]
      x-ms-keyvault-network-info: [addr=131.107.160.72;act_addr_fam=InterNetwork;]
      x-ms-keyvault-region: [westus]
      x-ms-keyvault-service-version: [1.1.0.879]
      x-powered-by: [ASP.NET]
    status: {code: 404, message: Not Found}
- request:
    body: null
    headers:
      Accept: [application/json]
      Accept-Encoding: ['gzip, deflate']
      Connection: [keep-alive]
      User-Agent: [azsdk-python-keyvault-keys/4.0.0b5 Python/3.6.6 (Windows-10-10.0.18362-SP0)]
    method: GET
    uri: https://vaulta7710b8a.vault.azure.net/deletedkeys/key0?api-version=7.0
  response:
    body: {string: '{"error":{"code":"KeyNotFound","message":"Deleted Key not found:
        key0"}}'}
    headers:
      cache-control: [no-cache]
      content-length: ['72']
      content-type: [application/json; charset=utf-8]
      date: ['Wed, 16 Oct 2019 16:07:56 GMT']
      expires: ['-1']
      pragma: [no-cache]
      server: [Microsoft-IIS/10.0]
      strict-transport-security: [max-age=31536000;includeSubDomains]
      x-aspnet-version: [4.0.30319]
      x-content-type-options: [nosniff]
      x-ms-keyvault-network-info: [addr=131.107.160.72;act_addr_fam=InterNetwork;]
      x-ms-keyvault-region: [westus]
      x-ms-keyvault-service-version: [1.1.0.879]
      x-powered-by: [ASP.NET]
    status: {code: 404, message: Not Found}
- request:
    body: null
    headers:
      Accept: [application/json]
      Accept-Encoding: ['gzip, deflate']
      Connection: [keep-alive]
      User-Agent: [azsdk-python-keyvault-keys/4.0.0b5 Python/3.6.6 (Windows-10-10.0.18362-SP0)]
    method: GET
    uri: https://vaulta7710b8a.vault.azure.net/deletedkeys/key0?api-version=7.0
  response:
    body: {string: '{"recoveryId":"https://vaulta7710b8a.vault.azure.net/deletedkeys/key0","deletedDate":1571242067,"scheduledPurgeDate":1579018067,"key":{"kid":"https://vaulta7710b8a.vault.azure.net/keys/key0/f7c693cd2ad1401096c4fba7e1d11664","kty":"RSA","key_ops":["encrypt","decrypt","sign","verify","wrapKey","unwrapKey"],"n":"vWLCsxD2TrMdcDwGfb5Wt9INmYcFB8yy_-7PAE7c-iqPpaUySVudK5_JH5VZQO2tRSErIKKeKME_3JnJoOwOE4XhEH9rpUKkP0-R9Ky87X8yx1XkVF_q_WmbXzk_OUZIfo9r3XhHXNTjLGUI1KqODSWi5w8c1NfKtOW2rrXmYRggpMsAGLZmg1rz46Lqm7odvgPq6Eylyw7PLdSdTKhCafVhBpH2vT9mWJG5_QOQWrWj6w9GFr5rKicJenAbO6rCO7cZx3aJMC0kUblpbVUZxm-dHVPxT9og3S9RJXy46X7LXCfCUm-hIzQnCa1eubKQi96Gklh0yZEXxwMdRtL3lw","e":"AQAB"},"attributes":{"enabled":true,"created":1571242065,"updated":1571242065,"recoveryLevel":"Recoverable+Purgeable"}}'}
    headers:
      cache-control: [no-cache]
      content-length: ['779']
      content-type: [application/json; charset=utf-8]
      date: ['Wed, 16 Oct 2019 16:08:01 GMT']
      expires: ['-1']
      pragma: [no-cache]
      server: [Microsoft-IIS/10.0]
      strict-transport-security: [max-age=31536000;includeSubDomains]
      x-aspnet-version: [4.0.30319]
      x-content-type-options: [nosniff]
      x-ms-keyvault-network-info: [addr=131.107.160.72;act_addr_fam=InterNetwork;]
      x-ms-keyvault-region: [westus]
      x-ms-keyvault-service-version: [1.1.0.879]
      x-powered-by: [ASP.NET]
    status: {code: 200, message: OK}
- request:
    body: null
    headers:
      Accept: [application/json]
      Accept-Encoding: ['gzip, deflate']
      Connection: [keep-alive]
      Content-Length: ['0']
      User-Agent: [azsdk-python-keyvault-keys/4.0.0b5 Python/3.6.6 (Windows-10-10.0.18362-SP0)]
    method: DELETE
    uri: https://vaulta7710b8a.vault.azure.net/keys/key1?api-version=7.0
  response:
    body: {string: '{"recoveryId":"https://vaulta7710b8a.vault.azure.net/deletedkeys/key1","deletedDate":1571242087,"scheduledPurgeDate":1579018087,"key":{"kid":"https://vaulta7710b8a.vault.azure.net/keys/key1/d2dba9fe19334216a78a6e1302ff0231","kty":"RSA","key_ops":["encrypt","decrypt","sign","verify","wrapKey","unwrapKey"],"n":"qlQb6wTgUfpa8bWfW20JElBbqeyDCZ1eeB4Aomo4f0anRGg1udJeaQatHItD66TpPHINA1SxkHCNLt-gi45621PRCrj8Xlt63d-2kajscOt3FESqLOdVCbPCAipIKjnphEbEnVu6GzHezrC_xjr1fljYsZZCrB-u1Se1KvDCfRuXpsGNuuZe-xzgZd3izmdT8l6MNZAgnKg-1tiEnipFAO_WqathjzqlLbJFZstrNU4HNiffIy-do94hBzjRRGJ6NNHDI8qdlLoZhqpE7JW_qU6IUBG0Idua-I-ioSUktRSftf3TsZWYgCKIQYd_eBnQuakBPq57pO8UiDDQc9CItw","e":"AQAB"},"attributes":{"enabled":true,"created":1571242065,"updated":1571242065,"recoveryLevel":"Recoverable+Purgeable"}}'}
    headers:
      cache-control: [no-cache]
      content-length: ['779']
      content-type: [application/json; charset=utf-8]
      date: ['Wed, 16 Oct 2019 16:08:06 GMT']
      expires: ['-1']
      pragma: [no-cache]
      server: [Microsoft-IIS/10.0]
      strict-transport-security: [max-age=31536000;includeSubDomains]
      x-aspnet-version: [4.0.30319]
      x-content-type-options: [nosniff]
      x-ms-keyvault-network-info: [addr=131.107.160.72;act_addr_fam=InterNetwork;]
      x-ms-keyvault-region: [westus]
      x-ms-keyvault-service-version: [1.1.0.879]
      x-powered-by: [ASP.NET]
    status: {code: 200, message: OK}
- request:
    body: null
    headers:
      Accept: [application/json]
      Accept-Encoding: ['gzip, deflate']
      Connection: [keep-alive]
      User-Agent: [azsdk-python-keyvault-keys/4.0.0b5 Python/3.6.6 (Windows-10-10.0.18362-SP0)]
    method: GET
    uri: https://vaulta7710b8a.vault.azure.net/deletedkeys/key1?api-version=7.0
  response:
    body: {string: '{"error":{"code":"KeyNotFound","message":"Deleted Key not found:
        key1"}}'}
    headers:
      cache-control: [no-cache]
      content-length: ['72']
      content-type: [application/json; charset=utf-8]
      date: ['Wed, 16 Oct 2019 16:08:06 GMT']
      expires: ['-1']
      pragma: [no-cache]
      server: [Microsoft-IIS/10.0]
      strict-transport-security: [max-age=31536000;includeSubDomains]
      x-aspnet-version: [4.0.30319]
      x-content-type-options: [nosniff]
      x-ms-keyvault-network-info: [addr=131.107.160.72;act_addr_fam=InterNetwork;]
      x-ms-keyvault-region: [westus]
      x-ms-keyvault-service-version: [1.1.0.879]
      x-powered-by: [ASP.NET]
    status: {code: 404, message: Not Found}
- request:
    body: null
    headers:
      Accept: [application/json]
      Accept-Encoding: ['gzip, deflate']
      Connection: [keep-alive]
      User-Agent: [azsdk-python-keyvault-keys/4.0.0b5 Python/3.6.6 (Windows-10-10.0.18362-SP0)]
    method: GET
    uri: https://vaulta7710b8a.vault.azure.net/deletedkeys/key1?api-version=7.0
  response:
    body: {string: '{"error":{"code":"KeyNotFound","message":"Deleted Key not found:
        key1"}}'}
    headers:
      cache-control: [no-cache]
      content-length: ['72']
      content-type: [application/json; charset=utf-8]
      date: ['Wed, 16 Oct 2019 16:08:12 GMT']
      expires: ['-1']
      pragma: [no-cache]
      server: [Microsoft-IIS/10.0]
      strict-transport-security: [max-age=31536000;includeSubDomains]
      x-aspnet-version: [4.0.30319]
      x-content-type-options: [nosniff]
      x-ms-keyvault-network-info: [addr=131.107.160.72;act_addr_fam=InterNetwork;]
      x-ms-keyvault-region: [westus]
      x-ms-keyvault-service-version: [1.1.0.879]
      x-powered-by: [ASP.NET]
    status: {code: 404, message: Not Found}
- request:
    body: null
    headers:
      Accept: [application/json]
      Accept-Encoding: ['gzip, deflate']
      Connection: [keep-alive]
      User-Agent: [azsdk-python-keyvault-keys/4.0.0b5 Python/3.6.6 (Windows-10-10.0.18362-SP0)]
    method: GET
    uri: https://vaulta7710b8a.vault.azure.net/deletedkeys/key1?api-version=7.0
  response:
    body: {string: '{"recoveryId":"https://vaulta7710b8a.vault.azure.net/deletedkeys/key1","deletedDate":1571242087,"scheduledPurgeDate":1579018087,"key":{"kid":"https://vaulta7710b8a.vault.azure.net/keys/key1/d2dba9fe19334216a78a6e1302ff0231","kty":"RSA","key_ops":["encrypt","decrypt","sign","verify","wrapKey","unwrapKey"],"n":"qlQb6wTgUfpa8bWfW20JElBbqeyDCZ1eeB4Aomo4f0anRGg1udJeaQatHItD66TpPHINA1SxkHCNLt-gi45621PRCrj8Xlt63d-2kajscOt3FESqLOdVCbPCAipIKjnphEbEnVu6GzHezrC_xjr1fljYsZZCrB-u1Se1KvDCfRuXpsGNuuZe-xzgZd3izmdT8l6MNZAgnKg-1tiEnipFAO_WqathjzqlLbJFZstrNU4HNiffIy-do94hBzjRRGJ6NNHDI8qdlLoZhqpE7JW_qU6IUBG0Idua-I-ioSUktRSftf3TsZWYgCKIQYd_eBnQuakBPq57pO8UiDDQc9CItw","e":"AQAB"},"attributes":{"enabled":true,"created":1571242065,"updated":1571242065,"recoveryLevel":"Recoverable+Purgeable"}}'}
    headers:
      cache-control: [no-cache]
      content-length: ['779']
      content-type: [application/json; charset=utf-8]
      date: ['Wed, 16 Oct 2019 16:08:17 GMT']
      expires: ['-1']
      pragma: [no-cache]
      server: [Microsoft-IIS/10.0]
      strict-transport-security: [max-age=31536000;includeSubDomains]
      x-aspnet-version: [4.0.30319]
      x-content-type-options: [nosniff]
      x-ms-keyvault-network-info: [addr=131.107.160.72;act_addr_fam=InterNetwork;]
      x-ms-keyvault-region: [westus]
      x-ms-keyvault-service-version: [1.1.0.879]
      x-powered-by: [ASP.NET]
    status: {code: 200, message: OK}
- request:
    body: null
    headers:
      Accept: [application/json]
      Accept-Encoding: ['gzip, deflate']
      Connection: [keep-alive]
      Content-Length: ['0']
      User-Agent: [azsdk-python-keyvault-keys/4.0.0b5 Python/3.6.6 (Windows-10-10.0.18362-SP0)]
    method: DELETE
    uri: https://vaulta7710b8a.vault.azure.net/keys/key2?api-version=7.0
  response:
    body: {string: '{"recoveryId":"https://vaulta7710b8a.vault.azure.net/deletedkeys/key2","deletedDate":1571242103,"scheduledPurgeDate":1579018103,"key":{"kid":"https://vaulta7710b8a.vault.azure.net/keys/key2/3c27145a75274aba857c1dedd72dce99","kty":"RSA","key_ops":["encrypt","decrypt","sign","verify","wrapKey","unwrapKey"],"n":"peTNeXfg01RiAkxLJ7ysm0rBWnowuQrlVQbARbRXI2pKkJ5OLpSyO9L8UZ6qClC0Hgkc7tYK8N6muKP80feBXW1mLl0hLGIiLCzse8kJOgNGQ7VWbw956pLKNYujSZzeQ1oPfunRy9zaa8FG7WkUa-i_E0UG4ShY16eEt4VoJXibMi-bRS8QoDgoGk2-f8HoWJYMvaDPsouBf7IyDWXnG56DVOhRVKBXHili6kB5psyrzUjXmVuK2stSlrHxk3Z6HlWARD2fGPFXd7o1knvGH9zUpHdAomfw2GrZFfEy0_bsi3zCW5H2C1bB34WUh7H-shYi1BUVOwtoJCiBOcs8KQ","e":"AQAB"},"attributes":{"enabled":true,"created":1571242066,"updated":1571242066,"recoveryLevel":"Recoverable+Purgeable"}}'}
    headers:
      cache-control: [no-cache]
      content-length: ['779']
      content-type: [application/json; charset=utf-8]
      date: ['Wed, 16 Oct 2019 16:08:23 GMT']
      expires: ['-1']
      pragma: [no-cache]
      server: [Microsoft-IIS/10.0]
      strict-transport-security: [max-age=31536000;includeSubDomains]
      x-aspnet-version: [4.0.30319]
      x-content-type-options: [nosniff]
      x-ms-keyvault-network-info: [addr=131.107.160.72;act_addr_fam=InterNetwork;]
      x-ms-keyvault-region: [westus]
      x-ms-keyvault-service-version: [1.1.0.879]
      x-powered-by: [ASP.NET]
    status: {code: 200, message: OK}
- request:
    body: null
    headers:
      Accept: [application/json]
      Accept-Encoding: ['gzip, deflate']
      Connection: [keep-alive]
      User-Agent: [azsdk-python-keyvault-keys/4.0.0b5 Python/3.6.6 (Windows-10-10.0.18362-SP0)]
    method: GET
    uri: https://vaulta7710b8a.vault.azure.net/deletedkeys/key2?api-version=7.0
  response:
    body: {string: '{"error":{"code":"KeyNotFound","message":"Deleted Key not found:
        key2"}}'}
    headers:
      cache-control: [no-cache]
      content-length: ['72']
      content-type: [application/json; charset=utf-8]
      date: ['Wed, 16 Oct 2019 16:08:23 GMT']
      expires: ['-1']
      pragma: [no-cache]
      server: [Microsoft-IIS/10.0]
      strict-transport-security: [max-age=31536000;includeSubDomains]
      x-aspnet-version: [4.0.30319]
      x-content-type-options: [nosniff]
      x-ms-keyvault-network-info: [addr=131.107.160.72;act_addr_fam=InterNetwork;]
      x-ms-keyvault-region: [westus]
      x-ms-keyvault-service-version: [1.1.0.879]
      x-powered-by: [ASP.NET]
    status: {code: 404, message: Not Found}
- request:
    body: null
    headers:
      Accept: [application/json]
      Accept-Encoding: ['gzip, deflate']
      Connection: [keep-alive]
      User-Agent: [azsdk-python-keyvault-keys/4.0.0b5 Python/3.6.6 (Windows-10-10.0.18362-SP0)]
    method: GET
    uri: https://vaulta7710b8a.vault.azure.net/deletedkeys/key2?api-version=7.0
  response:
    body: {string: '{"error":{"code":"KeyNotFound","message":"Deleted Key not found:
        key2"}}'}
    headers:
      cache-control: [no-cache]
      content-length: ['72']
      content-type: [application/json; charset=utf-8]
      date: ['Wed, 16 Oct 2019 16:08:28 GMT']
      expires: ['-1']
      pragma: [no-cache]
      server: [Microsoft-IIS/10.0]
      strict-transport-security: [max-age=31536000;includeSubDomains]
      x-aspnet-version: [4.0.30319]
      x-content-type-options: [nosniff]
      x-ms-keyvault-network-info: [addr=131.107.160.72;act_addr_fam=InterNetwork;]
      x-ms-keyvault-region: [westus]
      x-ms-keyvault-service-version: [1.1.0.879]
      x-powered-by: [ASP.NET]
    status: {code: 404, message: Not Found}
- request:
    body: null
    headers:
      Accept: [application/json]
      Accept-Encoding: ['gzip, deflate']
      Connection: [keep-alive]
      User-Agent: [azsdk-python-keyvault-keys/4.0.0b5 Python/3.6.6 (Windows-10-10.0.18362-SP0)]
    method: GET
    uri: https://vaulta7710b8a.vault.azure.net/deletedkeys/key2?api-version=7.0
  response:
    body: {string: '{"error":{"code":"KeyNotFound","message":"Deleted Key not found:
        key2"}}'}
    headers:
      cache-control: [no-cache]
      content-length: ['72']
      content-type: [application/json; charset=utf-8]
      date: ['Wed, 16 Oct 2019 16:08:33 GMT']
      expires: ['-1']
      pragma: [no-cache]
      server: [Microsoft-IIS/10.0]
      strict-transport-security: [max-age=31536000;includeSubDomains]
      x-aspnet-version: [4.0.30319]
      x-content-type-options: [nosniff]
      x-ms-keyvault-network-info: [addr=131.107.160.72;act_addr_fam=InterNetwork;]
      x-ms-keyvault-region: [westus]
      x-ms-keyvault-service-version: [1.1.0.879]
      x-powered-by: [ASP.NET]
    status: {code: 404, message: Not Found}
- request:
    body: null
    headers:
      Accept: [application/json]
      Accept-Encoding: ['gzip, deflate']
      Connection: [keep-alive]
      User-Agent: [azsdk-python-keyvault-keys/4.0.0b5 Python/3.6.6 (Windows-10-10.0.18362-SP0)]
    method: GET
    uri: https://vaulta7710b8a.vault.azure.net/deletedkeys/key2?api-version=7.0
  response:
    body: {string: '{"error":{"code":"KeyNotFound","message":"Deleted Key not found:
        key2"}}'}
    headers:
      cache-control: [no-cache]
      content-length: ['72']
      content-type: [application/json; charset=utf-8]
      date: ['Wed, 16 Oct 2019 16:08:38 GMT']
      expires: ['-1']
      pragma: [no-cache]
      server: [Microsoft-IIS/10.0]
      strict-transport-security: [max-age=31536000;includeSubDomains]
      x-aspnet-version: [4.0.30319]
      x-content-type-options: [nosniff]
      x-ms-keyvault-network-info: [addr=131.107.160.72;act_addr_fam=InterNetwork;]
      x-ms-keyvault-region: [westus]
      x-ms-keyvault-service-version: [1.1.0.879]
      x-powered-by: [ASP.NET]
    status: {code: 404, message: Not Found}
- request:
    body: null
    headers:
      Accept: [application/json]
      Accept-Encoding: ['gzip, deflate']
      Connection: [keep-alive]
      User-Agent: [azsdk-python-keyvault-keys/4.0.0b5 Python/3.6.6 (Windows-10-10.0.18362-SP0)]
    method: GET
    uri: https://vaulta7710b8a.vault.azure.net/deletedkeys/key2?api-version=7.0
  response:
    body: {string: '{"recoveryId":"https://vaulta7710b8a.vault.azure.net/deletedkeys/key2","deletedDate":1571242103,"scheduledPurgeDate":1579018103,"key":{"kid":"https://vaulta7710b8a.vault.azure.net/keys/key2/3c27145a75274aba857c1dedd72dce99","kty":"RSA","key_ops":["encrypt","decrypt","sign","verify","wrapKey","unwrapKey"],"n":"peTNeXfg01RiAkxLJ7ysm0rBWnowuQrlVQbARbRXI2pKkJ5OLpSyO9L8UZ6qClC0Hgkc7tYK8N6muKP80feBXW1mLl0hLGIiLCzse8kJOgNGQ7VWbw956pLKNYujSZzeQ1oPfunRy9zaa8FG7WkUa-i_E0UG4ShY16eEt4VoJXibMi-bRS8QoDgoGk2-f8HoWJYMvaDPsouBf7IyDWXnG56DVOhRVKBXHili6kB5psyrzUjXmVuK2stSlrHxk3Z6HlWARD2fGPFXd7o1knvGH9zUpHdAomfw2GrZFfEy0_bsi3zCW5H2C1bB34WUh7H-shYi1BUVOwtoJCiBOcs8KQ","e":"AQAB"},"attributes":{"enabled":true,"created":1571242066,"updated":1571242066,"recoveryLevel":"Recoverable+Purgeable"}}'}
    headers:
      cache-control: [no-cache]
      content-length: ['779']
      content-type: [application/json; charset=utf-8]
      date: ['Wed, 16 Oct 2019 16:08:43 GMT']
      expires: ['-1']
      pragma: [no-cache]
      server: [Microsoft-IIS/10.0]
      strict-transport-security: [max-age=31536000;includeSubDomains]
      x-aspnet-version: [4.0.30319]
      x-content-type-options: [nosniff]
      x-ms-keyvault-network-info: [addr=131.107.160.72;act_addr_fam=InterNetwork;]
      x-ms-keyvault-region: [westus]
      x-ms-keyvault-service-version: [1.1.0.879]
      x-powered-by: [ASP.NET]
    status: {code: 200, message: OK}
- request:
    body: null
    headers:
      Accept: [application/json]
      Accept-Encoding: ['gzip, deflate']
      Connection: [keep-alive]
      Content-Length: ['0']
      User-Agent: [azsdk-python-keyvault-keys/4.0.0b5 Python/3.6.6 (Windows-10-10.0.18362-SP0)]
    method: DELETE
    uri: https://vaulta7710b8a.vault.azure.net/keys/key3?api-version=7.0
  response:
    body: {string: '{"recoveryId":"https://vaulta7710b8a.vault.azure.net/deletedkeys/key3","deletedDate":1571242128,"scheduledPurgeDate":1579018128,"key":{"kid":"https://vaulta7710b8a.vault.azure.net/keys/key3/e6bd4f72eb7640bfa765a1eba2d292ee","kty":"RSA","key_ops":["encrypt","decrypt","sign","verify","wrapKey","unwrapKey"],"n":"qU79-XkvK8Z-r-vJlQFY_QRGeH5OJvJqwH_KHsyCf1Nbja5yz2e2Z7V1-1KwSVC0PQuloUzlbhPPrFMZvsF0rvrp4TX1ZKUAHL0zWwl_bNC1Y1zW1YqpkcShxg1rl8QqDBY-NQpUblblWDq-d26cKzMxK4vDB8gVPhALDLPyD7V1Ye85h3yL--LyASUBmqarsxXtunz3YTZ2z0Zlmo1oopDsBaenyB6Psml9MtolAT4BV6R_r4InFu2t_Ob50gWw_LDX7QFVsRGE0B8bxGFLAyFwURPJvegrn1xu5pFbYUWCAVpp7qXqDt8oKjuUcE8XWvN8nvjFUe-wx2DFvITOYw","e":"AQAB"},"attributes":{"enabled":true,"created":1571242066,"updated":1571242066,"recoveryLevel":"Recoverable+Purgeable"}}'}
    headers:
      cache-control: [no-cache]
      content-length: ['779']
      content-type: [application/json; charset=utf-8]
      date: ['Wed, 16 Oct 2019 16:08:48 GMT']
      expires: ['-1']
      pragma: [no-cache]
      server: [Microsoft-IIS/10.0]
      strict-transport-security: [max-age=31536000;includeSubDomains]
      x-aspnet-version: [4.0.30319]
      x-content-type-options: [nosniff]
      x-ms-keyvault-network-info: [addr=131.107.160.72;act_addr_fam=InterNetwork;]
      x-ms-keyvault-region: [westus]
      x-ms-keyvault-service-version: [1.1.0.879]
      x-powered-by: [ASP.NET]
    status: {code: 200, message: OK}
- request:
    body: null
    headers:
      Accept: [application/json]
      Accept-Encoding: ['gzip, deflate']
      Connection: [keep-alive]
      User-Agent: [azsdk-python-keyvault-keys/4.0.0b5 Python/3.6.6 (Windows-10-10.0.18362-SP0)]
    method: GET
    uri: https://vaulta7710b8a.vault.azure.net/deletedkeys/key3?api-version=7.0
  response:
    body: {string: '{"error":{"code":"KeyNotFound","message":"Deleted Key not found:
        key3"}}'}
    headers:
      cache-control: [no-cache]
      content-length: ['72']
      content-type: [application/json; charset=utf-8]
      date: ['Wed, 16 Oct 2019 16:08:48 GMT']
      expires: ['-1']
      pragma: [no-cache]
      server: [Microsoft-IIS/10.0]
      strict-transport-security: [max-age=31536000;includeSubDomains]
      x-aspnet-version: [4.0.30319]
      x-content-type-options: [nosniff]
      x-ms-keyvault-network-info: [addr=131.107.160.72;act_addr_fam=InterNetwork;]
      x-ms-keyvault-region: [westus]
      x-ms-keyvault-service-version: [1.1.0.879]
      x-powered-by: [ASP.NET]
    status: {code: 404, message: Not Found}
- request:
    body: null
    headers:
      Accept: [application/json]
      Accept-Encoding: ['gzip, deflate']
      Connection: [keep-alive]
      User-Agent: [azsdk-python-keyvault-keys/4.0.0b5 Python/3.6.6 (Windows-10-10.0.18362-SP0)]
    method: GET
    uri: https://vaulta7710b8a.vault.azure.net/deletedkeys/key3?api-version=7.0
  response:
    body: {string: '{"error":{"code":"KeyNotFound","message":"Deleted Key not found:
        key3"}}'}
    headers:
      cache-control: [no-cache]
      content-length: ['72']
      content-type: [application/json; charset=utf-8]
      date: ['Wed, 16 Oct 2019 16:08:53 GMT']
      expires: ['-1']
      pragma: [no-cache]
      server: [Microsoft-IIS/10.0]
      strict-transport-security: [max-age=31536000;includeSubDomains]
      x-aspnet-version: [4.0.30319]
      x-content-type-options: [nosniff]
      x-ms-keyvault-network-info: [addr=131.107.160.72;act_addr_fam=InterNetwork;]
      x-ms-keyvault-region: [westus]
      x-ms-keyvault-service-version: [1.1.0.879]
      x-powered-by: [ASP.NET]
    status: {code: 404, message: Not Found}
- request:
    body: null
    headers:
      Accept: [application/json]
      Accept-Encoding: ['gzip, deflate']
      Connection: [keep-alive]
      User-Agent: [azsdk-python-keyvault-keys/4.0.0b5 Python/3.6.6 (Windows-10-10.0.18362-SP0)]
    method: GET
    uri: https://vaulta7710b8a.vault.azure.net/deletedkeys/key3?api-version=7.0
  response:
    body: {string: '{"recoveryId":"https://vaulta7710b8a.vault.azure.net/deletedkeys/key3","deletedDate":1571242128,"scheduledPurgeDate":1579018128,"key":{"kid":"https://vaulta7710b8a.vault.azure.net/keys/key3/e6bd4f72eb7640bfa765a1eba2d292ee","kty":"RSA","key_ops":["encrypt","decrypt","sign","verify","wrapKey","unwrapKey"],"n":"qU79-XkvK8Z-r-vJlQFY_QRGeH5OJvJqwH_KHsyCf1Nbja5yz2e2Z7V1-1KwSVC0PQuloUzlbhPPrFMZvsF0rvrp4TX1ZKUAHL0zWwl_bNC1Y1zW1YqpkcShxg1rl8QqDBY-NQpUblblWDq-d26cKzMxK4vDB8gVPhALDLPyD7V1Ye85h3yL--LyASUBmqarsxXtunz3YTZ2z0Zlmo1oopDsBaenyB6Psml9MtolAT4BV6R_r4InFu2t_Ob50gWw_LDX7QFVsRGE0B8bxGFLAyFwURPJvegrn1xu5pFbYUWCAVpp7qXqDt8oKjuUcE8XWvN8nvjFUe-wx2DFvITOYw","e":"AQAB"},"attributes":{"enabled":true,"created":1571242066,"updated":1571242066,"recoveryLevel":"Recoverable+Purgeable"}}'}
    headers:
      cache-control: [no-cache]
      content-length: ['779']
      content-type: [application/json; charset=utf-8]
      date: ['Wed, 16 Oct 2019 16:08:58 GMT']
      expires: ['-1']
      pragma: [no-cache]
      server: [Microsoft-IIS/10.0]
      strict-transport-security: [max-age=31536000;includeSubDomains]
      x-aspnet-version: [4.0.30319]
      x-content-type-options: [nosniff]
      x-ms-keyvault-network-info: [addr=131.107.160.72;act_addr_fam=InterNetwork;]
      x-ms-keyvault-region: [westus]
      x-ms-keyvault-service-version: [1.1.0.879]
      x-powered-by: [ASP.NET]
    status: {code: 200, message: OK}
- request:
    body: null
    headers:
      Accept: [application/json]
      Accept-Encoding: ['gzip, deflate']
      Connection: [keep-alive]
      Content-Length: ['0']
      User-Agent: [azsdk-python-keyvault-keys/4.0.0b5 Python/3.6.6 (Windows-10-10.0.18362-SP0)]
    method: DELETE
    uri: https://vaulta7710b8a.vault.azure.net/keys/key4?api-version=7.0
  response:
    body: {string: '{"recoveryId":"https://vaulta7710b8a.vault.azure.net/deletedkeys/key4","deletedDate":1571242144,"scheduledPurgeDate":1579018144,"key":{"kid":"https://vaulta7710b8a.vault.azure.net/keys/key4/70ecca58e6ef4494b6614d65caf9e385","kty":"RSA","key_ops":["encrypt","decrypt","sign","verify","wrapKey","unwrapKey"],"n":"rgWevbHfjzghUaoVJpcWLrNTDpfbbgYFisKdRrzdZ_NUOfLh761lnUXtLpnVogYd1klhSwahySOhG7xx5zOoTU70LpZHh84zB-yPv65nWvmdj1YTlVRvN62rc5kSVsn1y7eIFCjIuXXUcAUIlCuw-ZJK4oTJnQ23L3RTAAWD-_XRiUMX9bCzimxuKDL95-ve9hCnbLuHpuIYpNeiwzFYz91YPxfZMXrJkyWbldE2oLApFRxOsC4cEyHHvpS6b_Wj9wNZh2ShEh4whYNW8JKoEUkINDo9tOyB8obJ3PtrDZfxwRaLICw9TMIbOUFf8afhhv3-coJqhFb05QT2sUX4cQ","e":"AQAB"},"attributes":{"enabled":true,"created":1571242066,"updated":1571242066,"recoveryLevel":"Recoverable+Purgeable"}}'}
    headers:
      cache-control: [no-cache]
      content-length: ['779']
      content-type: [application/json; charset=utf-8]
      date: ['Wed, 16 Oct 2019 16:09:04 GMT']
      expires: ['-1']
      pragma: [no-cache]
      server: [Microsoft-IIS/10.0]
      strict-transport-security: [max-age=31536000;includeSubDomains]
      x-aspnet-version: [4.0.30319]
      x-content-type-options: [nosniff]
      x-ms-keyvault-network-info: [addr=131.107.160.72;act_addr_fam=InterNetwork;]
      x-ms-keyvault-region: [westus]
      x-ms-keyvault-service-version: [1.1.0.879]
      x-powered-by: [ASP.NET]
    status: {code: 200, message: OK}
- request:
    body: null
    headers:
      Accept: [application/json]
      Accept-Encoding: ['gzip, deflate']
      Connection: [keep-alive]
      User-Agent: [azsdk-python-keyvault-keys/4.0.0b5 Python/3.6.6 (Windows-10-10.0.18362-SP0)]
    method: GET
    uri: https://vaulta7710b8a.vault.azure.net/deletedkeys/key4?api-version=7.0
  response:
    body: {string: '{"error":{"code":"KeyNotFound","message":"Deleted Key not found:
        key4"}}'}
    headers:
      cache-control: [no-cache]
      content-length: ['72']
      content-type: [application/json; charset=utf-8]
      date: ['Wed, 16 Oct 2019 16:09:04 GMT']
      expires: ['-1']
      pragma: [no-cache]
      server: [Microsoft-IIS/10.0]
      strict-transport-security: [max-age=31536000;includeSubDomains]
      x-aspnet-version: [4.0.30319]
      x-content-type-options: [nosniff]
      x-ms-keyvault-network-info: [addr=131.107.160.72;act_addr_fam=InterNetwork;]
      x-ms-keyvault-region: [westus]
      x-ms-keyvault-service-version: [1.1.0.879]
      x-powered-by: [ASP.NET]
    status: {code: 404, message: Not Found}
- request:
    body: null
    headers:
      Accept: [application/json]
      Accept-Encoding: ['gzip, deflate']
      Connection: [keep-alive]
      User-Agent: [azsdk-python-keyvault-keys/4.0.0b5 Python/3.6.6 (Windows-10-10.0.18362-SP0)]
    method: GET
    uri: https://vaulta7710b8a.vault.azure.net/deletedkeys/key4?api-version=7.0
  response:
    body: {string: '{"error":{"code":"KeyNotFound","message":"Deleted Key not found:
        key4"}}'}
    headers:
      cache-control: [no-cache]
      content-length: ['72']
      content-type: [application/json; charset=utf-8]
      date: ['Wed, 16 Oct 2019 16:09:09 GMT']
      expires: ['-1']
      pragma: [no-cache]
      server: [Microsoft-IIS/10.0]
      strict-transport-security: [max-age=31536000;includeSubDomains]
      x-aspnet-version: [4.0.30319]
      x-content-type-options: [nosniff]
      x-ms-keyvault-network-info: [addr=131.107.160.72;act_addr_fam=InterNetwork;]
      x-ms-keyvault-region: [westus]
      x-ms-keyvault-service-version: [1.1.0.879]
      x-powered-by: [ASP.NET]
    status: {code: 404, message: Not Found}
- request:
    body: null
    headers:
      Accept: [application/json]
      Accept-Encoding: ['gzip, deflate']
      Connection: [keep-alive]
      User-Agent: [azsdk-python-keyvault-keys/4.0.0b5 Python/3.6.6 (Windows-10-10.0.18362-SP0)]
    method: GET
    uri: https://vaulta7710b8a.vault.azure.net/deletedkeys/key4?api-version=7.0
  response:
    body: {string: '{"recoveryId":"https://vaulta7710b8a.vault.azure.net/deletedkeys/key4","deletedDate":1571242144,"scheduledPurgeDate":1579018144,"key":{"kid":"https://vaulta7710b8a.vault.azure.net/keys/key4/70ecca58e6ef4494b6614d65caf9e385","kty":"RSA","key_ops":["encrypt","decrypt","sign","verify","wrapKey","unwrapKey"],"n":"rgWevbHfjzghUaoVJpcWLrNTDpfbbgYFisKdRrzdZ_NUOfLh761lnUXtLpnVogYd1klhSwahySOhG7xx5zOoTU70LpZHh84zB-yPv65nWvmdj1YTlVRvN62rc5kSVsn1y7eIFCjIuXXUcAUIlCuw-ZJK4oTJnQ23L3RTAAWD-_XRiUMX9bCzimxuKDL95-ve9hCnbLuHpuIYpNeiwzFYz91YPxfZMXrJkyWbldE2oLApFRxOsC4cEyHHvpS6b_Wj9wNZh2ShEh4whYNW8JKoEUkINDo9tOyB8obJ3PtrDZfxwRaLICw9TMIbOUFf8afhhv3-coJqhFb05QT2sUX4cQ","e":"AQAB"},"attributes":{"enabled":true,"created":1571242066,"updated":1571242066,"recoveryLevel":"Recoverable+Purgeable"}}'}
    headers:
      cache-control: [no-cache]
      content-length: ['779']
      content-type: [application/json; charset=utf-8]
      date: ['Wed, 16 Oct 2019 16:09:14 GMT']
      expires: ['-1']
      pragma: [no-cache]
      server: [Microsoft-IIS/10.0]
      strict-transport-security: [max-age=31536000;includeSubDomains]
      x-aspnet-version: [4.0.30319]
      x-content-type-options: [nosniff]
      x-ms-keyvault-network-info: [addr=131.107.160.72;act_addr_fam=InterNetwork;]
      x-ms-keyvault-region: [westus]
      x-ms-keyvault-service-version: [1.1.0.879]
      x-powered-by: [ASP.NET]
    status: {code: 200, message: OK}
- request:
    body: null
    headers:
      Accept: [application/json]
      Accept-Encoding: ['gzip, deflate']
      Connection: [keep-alive]
      Content-Length: ['0']
      User-Agent: [azsdk-python-keyvault-keys/4.0.0b5 Python/3.6.6 (Windows-10-10.0.18362-SP0)]
    method: DELETE
    uri: https://vaulta7710b8a.vault.azure.net/keys/key5?api-version=7.0
  response:
    body: {string: '{"recoveryId":"https://vaulta7710b8a.vault.azure.net/deletedkeys/key5","deletedDate":1571242159,"scheduledPurgeDate":1579018159,"key":{"kid":"https://vaulta7710b8a.vault.azure.net/keys/key5/ae4334e047cb4942b7ef8f66129a2f58","kty":"RSA","key_ops":["encrypt","decrypt","sign","verify","wrapKey","unwrapKey"],"n":"1pYq9C_VxfoqrBJSHHtWC7ZXqJ-4qW52RDN5Jhwr9jcyjjbNcep8BlVqNgvpriFbWYgMrXI4_BF3uHIUGDbFzWYaQ6rNojOFoAoORg48xJ2S4_9W-5uFx4xZo5fQ-vT7zE37Af6l7Zn4w3_gXsmoBikB3PhAKhs9fQIEweZReTJQaV3jMsKeWGK6wuBbCRGgt6Mu9INkLUay5MxsQjhzZVx4hEfkSl1bU1GChq-4876aRMt4CbSYb8efEBV4mlHAIi8isAheuWJWd3Bz2ZsWOQ7J_DZRGHCFjz7_ahmep7C3f5FfpJnto_mNdCL1b6DF-4gIxAdtMdQB9CBphbV76Q","e":"AQAB"},"attributes":{"enabled":true,"created":1571242066,"updated":1571242066,"recoveryLevel":"Recoverable+Purgeable"}}'}
    headers:
      cache-control: [no-cache]
      content-length: ['779']
      content-type: [application/json; charset=utf-8]
      date: ['Wed, 16 Oct 2019 16:09:19 GMT']
      expires: ['-1']
      pragma: [no-cache]
      server: [Microsoft-IIS/10.0]
      strict-transport-security: [max-age=31536000;includeSubDomains]
      x-aspnet-version: [4.0.30319]
      x-content-type-options: [nosniff]
      x-ms-keyvault-network-info: [addr=131.107.160.72;act_addr_fam=InterNetwork;]
      x-ms-keyvault-region: [westus]
      x-ms-keyvault-service-version: [1.1.0.879]
      x-powered-by: [ASP.NET]
    status: {code: 200, message: OK}
- request:
    body: null
    headers:
      Accept: [application/json]
      Accept-Encoding: ['gzip, deflate']
      Connection: [keep-alive]
      User-Agent: [azsdk-python-keyvault-keys/4.0.0b5 Python/3.6.6 (Windows-10-10.0.18362-SP0)]
    method: GET
    uri: https://vaulta7710b8a.vault.azure.net/deletedkeys/key5?api-version=7.0
  response:
    body: {string: '{"error":{"code":"KeyNotFound","message":"Deleted Key not found:
        key5"}}'}
    headers:
      cache-control: [no-cache]
      content-length: ['72']
      content-type: [application/json; charset=utf-8]
      date: ['Wed, 16 Oct 2019 16:09:19 GMT']
      expires: ['-1']
      pragma: [no-cache]
      server: [Microsoft-IIS/10.0]
      strict-transport-security: [max-age=31536000;includeSubDomains]
      x-aspnet-version: [4.0.30319]
      x-content-type-options: [nosniff]
      x-ms-keyvault-network-info: [addr=131.107.160.72;act_addr_fam=InterNetwork;]
      x-ms-keyvault-region: [westus]
      x-ms-keyvault-service-version: [1.1.0.879]
      x-powered-by: [ASP.NET]
    status: {code: 404, message: Not Found}
- request:
    body: null
    headers:
      Accept: [application/json]
      Accept-Encoding: ['gzip, deflate']
      Connection: [keep-alive]
      User-Agent: [azsdk-python-keyvault-keys/4.0.0b5 Python/3.6.6 (Windows-10-10.0.18362-SP0)]
    method: GET
    uri: https://vaulta7710b8a.vault.azure.net/deletedkeys/key5?api-version=7.0
  response:
    body: {string: '{"error":{"code":"KeyNotFound","message":"Deleted Key not found:
        key5"}}'}
    headers:
      cache-control: [no-cache]
      content-length: ['72']
      content-type: [application/json; charset=utf-8]
      date: ['Wed, 16 Oct 2019 16:09:24 GMT']
      expires: ['-1']
      pragma: [no-cache]
      server: [Microsoft-IIS/10.0]
      strict-transport-security: [max-age=31536000;includeSubDomains]
      x-aspnet-version: [4.0.30319]
      x-content-type-options: [nosniff]
      x-ms-keyvault-network-info: [addr=131.107.160.72;act_addr_fam=InterNetwork;]
      x-ms-keyvault-region: [westus]
      x-ms-keyvault-service-version: [1.1.0.879]
      x-powered-by: [ASP.NET]
    status: {code: 404, message: Not Found}
- request:
    body: null
    headers:
      Accept: [application/json]
      Accept-Encoding: ['gzip, deflate']
      Connection: [keep-alive]
      User-Agent: [azsdk-python-keyvault-keys/4.0.0b5 Python/3.6.6 (Windows-10-10.0.18362-SP0)]
    method: GET
    uri: https://vaulta7710b8a.vault.azure.net/deletedkeys/key5?api-version=7.0
  response:
    body: {string: '{"error":{"code":"KeyNotFound","message":"Deleted Key not found:
        key5"}}'}
    headers:
      cache-control: [no-cache]
      content-length: ['72']
      content-type: [application/json; charset=utf-8]
      date: ['Wed, 16 Oct 2019 16:09:29 GMT']
      expires: ['-1']
      pragma: [no-cache]
      server: [Microsoft-IIS/10.0]
      strict-transport-security: [max-age=31536000;includeSubDomains]
      x-aspnet-version: [4.0.30319]
      x-content-type-options: [nosniff]
      x-ms-keyvault-network-info: [addr=131.107.160.72;act_addr_fam=InterNetwork;]
      x-ms-keyvault-region: [westus]
      x-ms-keyvault-service-version: [1.1.0.879]
      x-powered-by: [ASP.NET]
    status: {code: 404, message: Not Found}
- request:
    body: null
    headers:
      Accept: [application/json]
      Accept-Encoding: ['gzip, deflate']
      Connection: [keep-alive]
      User-Agent: [azsdk-python-keyvault-keys/4.0.0b5 Python/3.6.6 (Windows-10-10.0.18362-SP0)]
    method: GET
    uri: https://vaulta7710b8a.vault.azure.net/deletedkeys/key5?api-version=7.0
  response:
    body: {string: '{"recoveryId":"https://vaulta7710b8a.vault.azure.net/deletedkeys/key5","deletedDate":1571242159,"scheduledPurgeDate":1579018159,"key":{"kid":"https://vaulta7710b8a.vault.azure.net/keys/key5/ae4334e047cb4942b7ef8f66129a2f58","kty":"RSA","key_ops":["encrypt","decrypt","sign","verify","wrapKey","unwrapKey"],"n":"1pYq9C_VxfoqrBJSHHtWC7ZXqJ-4qW52RDN5Jhwr9jcyjjbNcep8BlVqNgvpriFbWYgMrXI4_BF3uHIUGDbFzWYaQ6rNojOFoAoORg48xJ2S4_9W-5uFx4xZo5fQ-vT7zE37Af6l7Zn4w3_gXsmoBikB3PhAKhs9fQIEweZReTJQaV3jMsKeWGK6wuBbCRGgt6Mu9INkLUay5MxsQjhzZVx4hEfkSl1bU1GChq-4876aRMt4CbSYb8efEBV4mlHAIi8isAheuWJWd3Bz2ZsWOQ7J_DZRGHCFjz7_ahmep7C3f5FfpJnto_mNdCL1b6DF-4gIxAdtMdQB9CBphbV76Q","e":"AQAB"},"attributes":{"enabled":true,"created":1571242066,"updated":1571242066,"recoveryLevel":"Recoverable+Purgeable"}}'}
    headers:
      cache-control: [no-cache]
      content-length: ['779']
      content-type: [application/json; charset=utf-8]
      date: ['Wed, 16 Oct 2019 16:09:34 GMT']
      expires: ['-1']
      pragma: [no-cache]
      server: [Microsoft-IIS/10.0]
      strict-transport-security: [max-age=31536000;includeSubDomains]
      x-aspnet-version: [4.0.30319]
      x-content-type-options: [nosniff]
      x-ms-keyvault-network-info: [addr=131.107.160.72;act_addr_fam=InterNetwork;]
      x-ms-keyvault-region: [westus]
      x-ms-keyvault-service-version: [1.1.0.879]
      x-powered-by: [ASP.NET]
    status: {code: 200, message: OK}
- request:
    body: null
    headers:
      Accept: [application/json]
      Accept-Encoding: ['gzip, deflate']
      Connection: [keep-alive]
      Content-Length: ['0']
      User-Agent: [azsdk-python-keyvault-keys/4.0.0b5 Python/3.6.6 (Windows-10-10.0.18362-SP0)]
    method: DELETE
    uri: https://vaulta7710b8a.vault.azure.net/keys/key6?api-version=7.0
  response:
    body: {string: '{"recoveryId":"https://vaulta7710b8a.vault.azure.net/deletedkeys/key6","deletedDate":1571242180,"scheduledPurgeDate":1579018180,"key":{"kid":"https://vaulta7710b8a.vault.azure.net/keys/key6/b84036e9e5ce45979a7826baf4d06770","kty":"RSA","key_ops":["encrypt","decrypt","sign","verify","wrapKey","unwrapKey"],"n":"vMKE3BL-PXXPe0px6NrcRtJNe1QkqYay0fNElQxGE77uDbF-e5MLrX4PwCGU8cPDO3Ckt3Ugo-kTwTFSnoQ9-6let0qraUSQys_6cmVmuIMS37P4tQ3Ah5R0Cz1whIDk7JpP-aGDCerI9v_TtoTfqpr9i7U0hgLBpTMHJnzQ5F3pry3yVv0mD8ALoPfr5UXln4XiujxnyM_L1ONOfzQqi6UEZ8MyjIWNvmgqQgcLc4rWniRgtv8Y8dHWSzufm0oXkN47nwC9d9ZtWMAc2OYFN0Y09ZFZTdiywWobyMcXt7LyttA-2yxBcFfM8QZ09kH3MBIfJ_HKlhBVueBP9u0tQQ","e":"AQAB"},"attributes":{"enabled":true,"created":1571242066,"updated":1571242066,"recoveryLevel":"Recoverable+Purgeable"}}'}
    headers:
      cache-control: [no-cache]
      content-length: ['779']
      content-type: [application/json; charset=utf-8]
      date: ['Wed, 16 Oct 2019 16:09:40 GMT']
      expires: ['-1']
      pragma: [no-cache]
      server: [Microsoft-IIS/10.0]
      strict-transport-security: [max-age=31536000;includeSubDomains]
      x-aspnet-version: [4.0.30319]
      x-content-type-options: [nosniff]
      x-ms-keyvault-network-info: [addr=131.107.160.72;act_addr_fam=InterNetwork;]
      x-ms-keyvault-region: [westus]
      x-ms-keyvault-service-version: [1.1.0.879]
      x-powered-by: [ASP.NET]
    status: {code: 200, message: OK}
- request:
    body: null
    headers:
      Accept: [application/json]
      Accept-Encoding: ['gzip, deflate']
      Connection: [keep-alive]
      User-Agent: [azsdk-python-keyvault-keys/4.0.0b5 Python/3.6.6 (Windows-10-10.0.18362-SP0)]
    method: GET
    uri: https://vaulta7710b8a.vault.azure.net/deletedkeys/key6?api-version=7.0
  response:
    body: {string: '{"error":{"code":"KeyNotFound","message":"Deleted Key not found:
        key6"}}'}
    headers:
      cache-control: [no-cache]
      content-length: ['72']
      content-type: [application/json; charset=utf-8]
      date: ['Wed, 16 Oct 2019 16:09:40 GMT']
      expires: ['-1']
      pragma: [no-cache]
      server: [Microsoft-IIS/10.0]
      strict-transport-security: [max-age=31536000;includeSubDomains]
      x-aspnet-version: [4.0.30319]
      x-content-type-options: [nosniff]
      x-ms-keyvault-network-info: [addr=131.107.160.72;act_addr_fam=InterNetwork;]
      x-ms-keyvault-region: [westus]
      x-ms-keyvault-service-version: [1.1.0.879]
      x-powered-by: [ASP.NET]
    status: {code: 404, message: Not Found}
- request:
    body: null
    headers:
      Accept: [application/json]
      Accept-Encoding: ['gzip, deflate']
      Connection: [keep-alive]
      User-Agent: [azsdk-python-keyvault-keys/4.0.0b5 Python/3.6.6 (Windows-10-10.0.18362-SP0)]
    method: GET
    uri: https://vaulta7710b8a.vault.azure.net/deletedkeys/key6?api-version=7.0
  response:
    body: {string: '{"error":{"code":"KeyNotFound","message":"Deleted Key not found:
        key6"}}'}
    headers:
      cache-control: [no-cache]
      content-length: ['72']
      content-type: [application/json; charset=utf-8]
      date: ['Wed, 16 Oct 2019 16:09:45 GMT']
      expires: ['-1']
      pragma: [no-cache]
      server: [Microsoft-IIS/10.0]
      strict-transport-security: [max-age=31536000;includeSubDomains]
      x-aspnet-version: [4.0.30319]
      x-content-type-options: [nosniff]
      x-ms-keyvault-network-info: [addr=131.107.160.72;act_addr_fam=InterNetwork;]
      x-ms-keyvault-region: [westus]
      x-ms-keyvault-service-version: [1.1.0.879]
      x-powered-by: [ASP.NET]
    status: {code: 404, message: Not Found}
- request:
    body: null
    headers:
      Accept: [application/json]
      Accept-Encoding: ['gzip, deflate']
      Connection: [keep-alive]
      User-Agent: [azsdk-python-keyvault-keys/4.0.0b5 Python/3.6.6 (Windows-10-10.0.18362-SP0)]
    method: GET
    uri: https://vaulta7710b8a.vault.azure.net/deletedkeys/key6?api-version=7.0
  response:
    body: {string: '{"error":{"code":"KeyNotFound","message":"Deleted Key not found:
        key6"}}'}
    headers:
      cache-control: [no-cache]
      content-length: ['72']
      content-type: [application/json; charset=utf-8]
      date: ['Wed, 16 Oct 2019 16:09:50 GMT']
      expires: ['-1']
      pragma: [no-cache]
      server: [Microsoft-IIS/10.0]
      strict-transport-security: [max-age=31536000;includeSubDomains]
      x-aspnet-version: [4.0.30319]
      x-content-type-options: [nosniff]
      x-ms-keyvault-network-info: [addr=131.107.160.72;act_addr_fam=InterNetwork;]
      x-ms-keyvault-region: [westus]
      x-ms-keyvault-service-version: [1.1.0.879]
      x-powered-by: [ASP.NET]
    status: {code: 404, message: Not Found}
- request:
    body: null
    headers:
      Accept: [application/json]
      Accept-Encoding: ['gzip, deflate']
      Connection: [keep-alive]
      User-Agent: [azsdk-python-keyvault-keys/4.0.0b5 Python/3.6.6 (Windows-10-10.0.18362-SP0)]
    method: GET
    uri: https://vaulta7710b8a.vault.azure.net/deletedkeys/key6?api-version=7.0
  response:
    body: {string: '{"error":{"code":"KeyNotFound","message":"Deleted Key not found:
        key6"}}'}
    headers:
      cache-control: [no-cache]
      content-length: ['72']
      content-type: [application/json; charset=utf-8]
      date: ['Wed, 16 Oct 2019 16:09:55 GMT']
      expires: ['-1']
      pragma: [no-cache]
      server: [Microsoft-IIS/10.0]
      strict-transport-security: [max-age=31536000;includeSubDomains]
      x-aspnet-version: [4.0.30319]
      x-content-type-options: [nosniff]
      x-ms-keyvault-network-info: [addr=131.107.160.72;act_addr_fam=InterNetwork;]
      x-ms-keyvault-region: [westus]
      x-ms-keyvault-service-version: [1.1.0.879]
      x-powered-by: [ASP.NET]
    status: {code: 404, message: Not Found}
- request:
    body: null
    headers:
      Accept: [application/json]
      Accept-Encoding: ['gzip, deflate']
      Connection: [keep-alive]
      User-Agent: [azsdk-python-keyvault-keys/4.0.0b5 Python/3.6.6 (Windows-10-10.0.18362-SP0)]
    method: GET
    uri: https://vaulta7710b8a.vault.azure.net/deletedkeys/key6?api-version=7.0
  response:
    body: {string: '{"recoveryId":"https://vaulta7710b8a.vault.azure.net/deletedkeys/key6","deletedDate":1571242180,"scheduledPurgeDate":1579018180,"key":{"kid":"https://vaulta7710b8a.vault.azure.net/keys/key6/b84036e9e5ce45979a7826baf4d06770","kty":"RSA","key_ops":["encrypt","decrypt","sign","verify","wrapKey","unwrapKey"],"n":"vMKE3BL-PXXPe0px6NrcRtJNe1QkqYay0fNElQxGE77uDbF-e5MLrX4PwCGU8cPDO3Ckt3Ugo-kTwTFSnoQ9-6let0qraUSQys_6cmVmuIMS37P4tQ3Ah5R0Cz1whIDk7JpP-aGDCerI9v_TtoTfqpr9i7U0hgLBpTMHJnzQ5F3pry3yVv0mD8ALoPfr5UXln4XiujxnyM_L1ONOfzQqi6UEZ8MyjIWNvmgqQgcLc4rWniRgtv8Y8dHWSzufm0oXkN47nwC9d9ZtWMAc2OYFN0Y09ZFZTdiywWobyMcXt7LyttA-2yxBcFfM8QZ09kH3MBIfJ_HKlhBVueBP9u0tQQ","e":"AQAB"},"attributes":{"enabled":true,"created":1571242066,"updated":1571242066,"recoveryLevel":"Recoverable+Purgeable"}}'}
    headers:
      cache-control: [no-cache]
      content-length: ['779']
      content-type: [application/json; charset=utf-8]
      date: ['Wed, 16 Oct 2019 16:10:00 GMT']
      expires: ['-1']
      pragma: [no-cache]
      server: [Microsoft-IIS/10.0]
      strict-transport-security: [max-age=31536000;includeSubDomains]
      x-aspnet-version: [4.0.30319]
      x-content-type-options: [nosniff]
      x-ms-keyvault-network-info: [addr=131.107.160.72;act_addr_fam=InterNetwork;]
      x-ms-keyvault-region: [westus]
      x-ms-keyvault-service-version: [1.1.0.879]
      x-powered-by: [ASP.NET]
    status: {code: 200, message: OK}
- request:
    body: null
    headers:
      Accept: [application/json]
      Accept-Encoding: ['gzip, deflate']
      Connection: [keep-alive]
      User-Agent: [azsdk-python-keyvault-keys/4.0.0b5 Python/3.6.6 (Windows-10-10.0.18362-SP0)]
    method: GET
    uri: https://vaulta7710b8a.vault.azure.net/deletedkeys?api-version=7.0
  response:
    body: {string: '{"value":[{"recoveryId":"https://vaulta7710b8a.vault.azure.net/deletedkeys/key0","deletedDate":1571242067,"scheduledPurgeDate":1579018067,"kid":"https://vaulta7710b8a.vault.azure.net/keys/key0","attributes":{"enabled":true,"created":1571242065,"updated":1571242065,"recoveryLevel":"Recoverable+Purgeable"}},{"recoveryId":"https://vaulta7710b8a.vault.azure.net/deletedkeys/key1","deletedDate":1571242087,"scheduledPurgeDate":1579018087,"kid":"https://vaulta7710b8a.vault.azure.net/keys/key1","attributes":{"enabled":true,"created":1571242065,"updated":1571242065,"recoveryLevel":"Recoverable+Purgeable"}},{"recoveryId":"https://vaulta7710b8a.vault.azure.net/deletedkeys/key2","deletedDate":1571242103,"scheduledPurgeDate":1579018103,"kid":"https://vaulta7710b8a.vault.azure.net/keys/key2","attributes":{"enabled":true,"created":1571242066,"updated":1571242066,"recoveryLevel":"Recoverable+Purgeable"}},{"recoveryId":"https://vaulta7710b8a.vault.azure.net/deletedkeys/key3","deletedDate":1571242128,"scheduledPurgeDate":1579018128,"kid":"https://vaulta7710b8a.vault.azure.net/keys/key3","attributes":{"enabled":true,"created":1571242066,"updated":1571242066,"recoveryLevel":"Recoverable+Purgeable"}},{"recoveryId":"https://vaulta7710b8a.vault.azure.net/deletedkeys/key4","deletedDate":1571242144,"scheduledPurgeDate":1579018144,"kid":"https://vaulta7710b8a.vault.azure.net/keys/key4","attributes":{"enabled":true,"created":1571242066,"updated":1571242066,"recoveryLevel":"Recoverable+Purgeable"}},{"recoveryId":"https://vaulta7710b8a.vault.azure.net/deletedkeys/key5","deletedDate":1571242159,"scheduledPurgeDate":1579018159,"kid":"https://vaulta7710b8a.vault.azure.net/keys/key5","attributes":{"enabled":true,"created":1571242066,"updated":1571242066,"recoveryLevel":"Recoverable+Purgeable"}},{"recoveryId":"https://vaulta7710b8a.vault.azure.net/deletedkeys/key6","deletedDate":1571242180,"scheduledPurgeDate":1579018180,"kid":"https://vaulta7710b8a.vault.azure.net/keys/key6","attributes":{"enabled":true,"created":1571242066,"updated":1571242066,"recoveryLevel":"Recoverable+Purgeable"}}],"nextLink":null}'}
    headers:
      cache-control: [no-cache]
      content-length: ['2106']
      content-type: [application/json; charset=utf-8]
      date: ['Wed, 16 Oct 2019 16:10:06 GMT']
      expires: ['-1']
      pragma: [no-cache]
      server: [Microsoft-IIS/10.0]
      strict-transport-security: [max-age=31536000;includeSubDomains]
      x-aspnet-version: [4.0.30319]
      x-content-type-options: [nosniff]
      x-ms-keyvault-network-info: [addr=131.107.160.72;act_addr_fam=InterNetwork;]
      x-ms-keyvault-region: [westus]
      x-ms-keyvault-service-version: [1.1.0.879]
      x-powered-by: [ASP.NET]
    status: {code: 200, message: OK}
- request:
    body: null
    headers:
      Accept: [application/json]
      Accept-Encoding: ['gzip, deflate']
      Connection: [keep-alive]
      Content-Length: ['0']
      User-Agent: [azsdk-python-keyvault-keys/4.0.0b5 Python/3.6.6 (Windows-10-10.0.18362-SP0)]
    method: POST
    uri: https://vaulta7710b8a.vault.azure.net/deletedkeys/key0/recover?api-version=7.0
  response:
    body: {string: '{"key":{"kid":"https://vaulta7710b8a.vault.azure.net/keys/key0/f7c693cd2ad1401096c4fba7e1d11664","kty":"RSA","key_ops":["encrypt","decrypt","sign","verify","wrapKey","unwrapKey"],"n":"vWLCsxD2TrMdcDwGfb5Wt9INmYcFB8yy_-7PAE7c-iqPpaUySVudK5_JH5VZQO2tRSErIKKeKME_3JnJoOwOE4XhEH9rpUKkP0-R9Ky87X8yx1XkVF_q_WmbXzk_OUZIfo9r3XhHXNTjLGUI1KqODSWi5w8c1NfKtOW2rrXmYRggpMsAGLZmg1rz46Lqm7odvgPq6Eylyw7PLdSdTKhCafVhBpH2vT9mWJG5_QOQWrWj6w9GFr5rKicJenAbO6rCO7cZx3aJMC0kUblpbVUZxm-dHVPxT9og3S9RJXy46X7LXCfCUm-hIzQnCa1eubKQi96Gklh0yZEXxwMdRtL3lw","e":"AQAB"},"attributes":{"enabled":true,"created":1571242065,"updated":1571242065,"recoveryLevel":"Recoverable+Purgeable"}}'}
    headers:
      cache-control: [no-cache]
      content-length: ['652']
      content-type: [application/json; charset=utf-8]
      date: ['Wed, 16 Oct 2019 16:10:06 GMT']
      expires: ['-1']
      pragma: [no-cache]
      server: [Microsoft-IIS/10.0]
      strict-transport-security: [max-age=31536000;includeSubDomains]
      x-aspnet-version: [4.0.30319]
      x-content-type-options: [nosniff]
      x-ms-keyvault-network-info: [addr=131.107.160.72;act_addr_fam=InterNetwork;]
      x-ms-keyvault-region: [westus]
      x-ms-keyvault-service-version: [1.1.0.879]
      x-powered-by: [ASP.NET]
    status: {code: 200, message: OK}
- request:
    body: null
    headers:
      Accept: [application/json]
      Accept-Encoding: ['gzip, deflate']
      Connection: [keep-alive]
      Content-Length: ['0']
      User-Agent: [azsdk-python-keyvault-keys/4.0.0b5 Python/3.6.6 (Windows-10-10.0.18362-SP0)]
    method: POST
    uri: https://vaulta7710b8a.vault.azure.net/deletedkeys/key1/recover?api-version=7.0
  response:
    body: {string: '{"key":{"kid":"https://vaulta7710b8a.vault.azure.net/keys/key1/d2dba9fe19334216a78a6e1302ff0231","kty":"RSA","key_ops":["encrypt","decrypt","sign","verify","wrapKey","unwrapKey"],"n":"qlQb6wTgUfpa8bWfW20JElBbqeyDCZ1eeB4Aomo4f0anRGg1udJeaQatHItD66TpPHINA1SxkHCNLt-gi45621PRCrj8Xlt63d-2kajscOt3FESqLOdVCbPCAipIKjnphEbEnVu6GzHezrC_xjr1fljYsZZCrB-u1Se1KvDCfRuXpsGNuuZe-xzgZd3izmdT8l6MNZAgnKg-1tiEnipFAO_WqathjzqlLbJFZstrNU4HNiffIy-do94hBzjRRGJ6NNHDI8qdlLoZhqpE7JW_qU6IUBG0Idua-I-ioSUktRSftf3TsZWYgCKIQYd_eBnQuakBPq57pO8UiDDQc9CItw","e":"AQAB"},"attributes":{"enabled":true,"created":1571242065,"updated":1571242065,"recoveryLevel":"Recoverable+Purgeable"}}'}
    headers:
      cache-control: [no-cache]
      content-length: ['652']
      content-type: [application/json; charset=utf-8]
      date: ['Wed, 16 Oct 2019 16:10:06 GMT']
      expires: ['-1']
      pragma: [no-cache]
      server: [Microsoft-IIS/10.0]
      strict-transport-security: [max-age=31536000;includeSubDomains]
      x-aspnet-version: [4.0.30319]
      x-content-type-options: [nosniff]
      x-ms-keyvault-network-info: [addr=131.107.160.72;act_addr_fam=InterNetwork;]
      x-ms-keyvault-region: [westus]
      x-ms-keyvault-service-version: [1.1.0.879]
      x-powered-by: [ASP.NET]
    status: {code: 200, message: OK}
- request:
    body: null
    headers:
      Accept: [application/json]
      Accept-Encoding: ['gzip, deflate']
      Connection: [keep-alive]
      Content-Length: ['0']
      User-Agent: [azsdk-python-keyvault-keys/4.0.0b5 Python/3.6.6 (Windows-10-10.0.18362-SP0)]
    method: POST
    uri: https://vaulta7710b8a.vault.azure.net/deletedkeys/key2/recover?api-version=7.0
  response:
    body: {string: '{"key":{"kid":"https://vaulta7710b8a.vault.azure.net/keys/key2/3c27145a75274aba857c1dedd72dce99","kty":"RSA","key_ops":["encrypt","decrypt","sign","verify","wrapKey","unwrapKey"],"n":"peTNeXfg01RiAkxLJ7ysm0rBWnowuQrlVQbARbRXI2pKkJ5OLpSyO9L8UZ6qClC0Hgkc7tYK8N6muKP80feBXW1mLl0hLGIiLCzse8kJOgNGQ7VWbw956pLKNYujSZzeQ1oPfunRy9zaa8FG7WkUa-i_E0UG4ShY16eEt4VoJXibMi-bRS8QoDgoGk2-f8HoWJYMvaDPsouBf7IyDWXnG56DVOhRVKBXHili6kB5psyrzUjXmVuK2stSlrHxk3Z6HlWARD2fGPFXd7o1knvGH9zUpHdAomfw2GrZFfEy0_bsi3zCW5H2C1bB34WUh7H-shYi1BUVOwtoJCiBOcs8KQ","e":"AQAB"},"attributes":{"enabled":true,"created":1571242066,"updated":1571242066,"recoveryLevel":"Recoverable+Purgeable"}}'}
    headers:
      cache-control: [no-cache]
      content-length: ['652']
      content-type: [application/json; charset=utf-8]
      date: ['Wed, 16 Oct 2019 16:10:06 GMT']
      expires: ['-1']
      pragma: [no-cache]
      server: [Microsoft-IIS/10.0]
      strict-transport-security: [max-age=31536000;includeSubDomains]
      x-aspnet-version: [4.0.30319]
      x-content-type-options: [nosniff]
      x-ms-keyvault-network-info: [addr=131.107.160.72;act_addr_fam=InterNetwork;]
      x-ms-keyvault-region: [westus]
      x-ms-keyvault-service-version: [1.1.0.879]
      x-powered-by: [ASP.NET]
    status: {code: 200, message: OK}
- request:
    body: null
    headers:
      Accept: [application/json]
      Accept-Encoding: ['gzip, deflate']
      Connection: [keep-alive]
      Content-Length: ['0']
      User-Agent: [azsdk-python-keyvault-keys/4.0.0b5 Python/3.6.6 (Windows-10-10.0.18362-SP0)]
    method: POST
    uri: https://vaulta7710b8a.vault.azure.net/deletedkeys/key3/recover?api-version=7.0
  response:
    body: {string: '{"key":{"kid":"https://vaulta7710b8a.vault.azure.net/keys/key3/e6bd4f72eb7640bfa765a1eba2d292ee","kty":"RSA","key_ops":["encrypt","decrypt","sign","verify","wrapKey","unwrapKey"],"n":"qU79-XkvK8Z-r-vJlQFY_QRGeH5OJvJqwH_KHsyCf1Nbja5yz2e2Z7V1-1KwSVC0PQuloUzlbhPPrFMZvsF0rvrp4TX1ZKUAHL0zWwl_bNC1Y1zW1YqpkcShxg1rl8QqDBY-NQpUblblWDq-d26cKzMxK4vDB8gVPhALDLPyD7V1Ye85h3yL--LyASUBmqarsxXtunz3YTZ2z0Zlmo1oopDsBaenyB6Psml9MtolAT4BV6R_r4InFu2t_Ob50gWw_LDX7QFVsRGE0B8bxGFLAyFwURPJvegrn1xu5pFbYUWCAVpp7qXqDt8oKjuUcE8XWvN8nvjFUe-wx2DFvITOYw","e":"AQAB"},"attributes":{"enabled":true,"created":1571242066,"updated":1571242066,"recoveryLevel":"Recoverable+Purgeable"}}'}
    headers:
      cache-control: [no-cache]
      content-length: ['652']
      content-type: [application/json; charset=utf-8]
      date: ['Wed, 16 Oct 2019 16:10:06 GMT']
      expires: ['-1']
      pragma: [no-cache]
      server: [Microsoft-IIS/10.0]
      strict-transport-security: [max-age=31536000;includeSubDomains]
      x-aspnet-version: [4.0.30319]
      x-content-type-options: [nosniff]
      x-ms-keyvault-network-info: [addr=131.107.160.72;act_addr_fam=InterNetwork;]
      x-ms-keyvault-region: [westus]
      x-ms-keyvault-service-version: [1.1.0.879]
      x-powered-by: [ASP.NET]
    status: {code: 200, message: OK}
- request:
    body: null
    headers:
      Accept: [application/json]
      Accept-Encoding: ['gzip, deflate']
      Connection: [keep-alive]
      Content-Length: ['0']
      User-Agent: [azsdk-python-keyvault-keys/4.0.0b5 Python/3.6.6 (Windows-10-10.0.18362-SP0)]
    method: POST
    uri: https://vaulta7710b8a.vault.azure.net/deletedkeys/key4/recover?api-version=7.0
  response:
    body: {string: '{"key":{"kid":"https://vaulta7710b8a.vault.azure.net/keys/key4/70ecca58e6ef4494b6614d65caf9e385","kty":"RSA","key_ops":["encrypt","decrypt","sign","verify","wrapKey","unwrapKey"],"n":"rgWevbHfjzghUaoVJpcWLrNTDpfbbgYFisKdRrzdZ_NUOfLh761lnUXtLpnVogYd1klhSwahySOhG7xx5zOoTU70LpZHh84zB-yPv65nWvmdj1YTlVRvN62rc5kSVsn1y7eIFCjIuXXUcAUIlCuw-ZJK4oTJnQ23L3RTAAWD-_XRiUMX9bCzimxuKDL95-ve9hCnbLuHpuIYpNeiwzFYz91YPxfZMXrJkyWbldE2oLApFRxOsC4cEyHHvpS6b_Wj9wNZh2ShEh4whYNW8JKoEUkINDo9tOyB8obJ3PtrDZfxwRaLICw9TMIbOUFf8afhhv3-coJqhFb05QT2sUX4cQ","e":"AQAB"},"attributes":{"enabled":true,"created":1571242066,"updated":1571242066,"recoveryLevel":"Recoverable+Purgeable"}}'}
    headers:
      cache-control: [no-cache]
      content-length: ['652']
      content-type: [application/json; charset=utf-8]
      date: ['Wed, 16 Oct 2019 16:10:06 GMT']
      expires: ['-1']
      pragma: [no-cache]
      server: [Microsoft-IIS/10.0]
      strict-transport-security: [max-age=31536000;includeSubDomains]
      x-aspnet-version: [4.0.30319]
      x-content-type-options: [nosniff]
      x-ms-keyvault-network-info: [addr=131.107.160.72;act_addr_fam=InterNetwork;]
      x-ms-keyvault-region: [westus]
      x-ms-keyvault-service-version: [1.1.0.879]
      x-powered-by: [ASP.NET]
    status: {code: 200, message: OK}
- request:
    body: null
    headers:
      Accept: [application/json]
      Accept-Encoding: ['gzip, deflate']
      Connection: [keep-alive]
      Content-Length: ['0']
      User-Agent: [azsdk-python-keyvault-keys/4.0.0b5 Python/3.6.6 (Windows-10-10.0.18362-SP0)]
    method: POST
    uri: https://vaulta7710b8a.vault.azure.net/deletedkeys/key5/recover?api-version=7.0
  response:
    body: {string: '{"key":{"kid":"https://vaulta7710b8a.vault.azure.net/keys/key5/ae4334e047cb4942b7ef8f66129a2f58","kty":"RSA","key_ops":["encrypt","decrypt","sign","verify","wrapKey","unwrapKey"],"n":"1pYq9C_VxfoqrBJSHHtWC7ZXqJ-4qW52RDN5Jhwr9jcyjjbNcep8BlVqNgvpriFbWYgMrXI4_BF3uHIUGDbFzWYaQ6rNojOFoAoORg48xJ2S4_9W-5uFx4xZo5fQ-vT7zE37Af6l7Zn4w3_gXsmoBikB3PhAKhs9fQIEweZReTJQaV3jMsKeWGK6wuBbCRGgt6Mu9INkLUay5MxsQjhzZVx4hEfkSl1bU1GChq-4876aRMt4CbSYb8efEBV4mlHAIi8isAheuWJWd3Bz2ZsWOQ7J_DZRGHCFjz7_ahmep7C3f5FfpJnto_mNdCL1b6DF-4gIxAdtMdQB9CBphbV76Q","e":"AQAB"},"attributes":{"enabled":true,"created":1571242066,"updated":1571242066,"recoveryLevel":"Recoverable+Purgeable"}}'}
    headers:
      cache-control: [no-cache]
      content-length: ['652']
      content-type: [application/json; charset=utf-8]
      date: ['Wed, 16 Oct 2019 16:10:07 GMT']
      expires: ['-1']
      pragma: [no-cache]
      server: [Microsoft-IIS/10.0]
      strict-transport-security: [max-age=31536000;includeSubDomains]
      x-aspnet-version: [4.0.30319]
      x-content-type-options: [nosniff]
      x-ms-keyvault-network-info: [addr=131.107.160.72;act_addr_fam=InterNetwork;]
      x-ms-keyvault-region: [westus]
      x-ms-keyvault-service-version: [1.1.0.879]
      x-powered-by: [ASP.NET]
    status: {code: 200, message: OK}
- request:
    body: null
    headers:
      Accept: [application/json]
      Accept-Encoding: ['gzip, deflate']
      Connection: [keep-alive]
      Content-Length: ['0']
      User-Agent: [azsdk-python-keyvault-keys/4.0.0b5 Python/3.6.6 (Windows-10-10.0.18362-SP0)]
    method: POST
    uri: https://vaulta7710b8a.vault.azure.net/deletedkeys/key6/recover?api-version=7.0
  response:
    body: {string: '{"key":{"kid":"https://vaulta7710b8a.vault.azure.net/keys/key6/b84036e9e5ce45979a7826baf4d06770","kty":"RSA","key_ops":["encrypt","decrypt","sign","verify","wrapKey","unwrapKey"],"n":"vMKE3BL-PXXPe0px6NrcRtJNe1QkqYay0fNElQxGE77uDbF-e5MLrX4PwCGU8cPDO3Ckt3Ugo-kTwTFSnoQ9-6let0qraUSQys_6cmVmuIMS37P4tQ3Ah5R0Cz1whIDk7JpP-aGDCerI9v_TtoTfqpr9i7U0hgLBpTMHJnzQ5F3pry3yVv0mD8ALoPfr5UXln4XiujxnyM_L1ONOfzQqi6UEZ8MyjIWNvmgqQgcLc4rWniRgtv8Y8dHWSzufm0oXkN47nwC9d9ZtWMAc2OYFN0Y09ZFZTdiywWobyMcXt7LyttA-2yxBcFfM8QZ09kH3MBIfJ_HKlhBVueBP9u0tQQ","e":"AQAB"},"attributes":{"enabled":true,"created":1571242066,"updated":1571242066,"recoveryLevel":"Recoverable+Purgeable"}}'}
    headers:
      cache-control: [no-cache]
      content-length: ['652']
      content-type: [application/json; charset=utf-8]
      date: ['Wed, 16 Oct 2019 16:10:07 GMT']
      expires: ['-1']
      pragma: [no-cache]
      server: [Microsoft-IIS/10.0]
      strict-transport-security: [max-age=31536000;includeSubDomains]
      x-aspnet-version: [4.0.30319]
      x-content-type-options: [nosniff]
      x-ms-keyvault-network-info: [addr=131.107.160.72;act_addr_fam=InterNetwork;]
      x-ms-keyvault-region: [westus]
      x-ms-keyvault-service-version: [1.1.0.879]
      x-powered-by: [ASP.NET]
    status: {code: 200, message: OK}
version: 1
