interactions:
- request:
    body: null
    headers:
      Accept:
      - application/json
      Content-Length:
      - '0'
      Content-Type:
      - application/json; charset=utf-8
      User-Agent:
      - azsdk-python-keyvault-keys/4.0.0b4 Python/3.6.6 (Windows-10-10.0.18362-SP0)
    method: POST
    uri: https://vault8bf41593cac2d1130d.vault.azure.net/keys/rsa-verify-2048/create?api-version=7.0
  response:
    body:
      string: '{"error":{"code":"Unauthorized","message":"Request is missing a Bearer
        or PoP token."}}'
    headers:
      cache-control: no-cache
      content-length: '87'
      content-type: application/json; charset=utf-8
      date: Thu, 19 Sep 2019 21:17:58 GMT
      expires: '-1'
      pragma: no-cache
      server: Microsoft-IIS/10.0
      strict-transport-security: max-age=31536000;includeSubDomains
      www-authenticate: Bearer authorization="https://login.windows.net/72f988bf-86f1-41af-91ab-2d7cd011db47",
        resource="https://vault.azure.net"
      x-aspnet-version: 4.0.30319
      x-content-type-options: nosniff
      x-ms-keyvault-network-info: addr=131.107.174.72;act_addr_fam=InterNetwork;
      x-ms-keyvault-region: westus
      x-ms-keyvault-service-version: 1.1.0.878
      x-powered-by: ASP.NET
    status:
      code: 401
      message: Unauthorized
    url: !!python/object/new:yarl.URL
      state: !!python/tuple
      - !!python/object/new:urllib.parse.SplitResult
        - https
        - vault8bf41593cac2d1130d.vault.azure.net
        - /keys/rsa-verify-2048/create
        - api-version=7.0
        - ''
- request:
    body: '{"kty": "RSA", "key_size": 2048}'
    headers:
      Accept:
      - application/json
      Content-Length:
      - '32'
      Content-Type:
      - application/json; charset=utf-8
      User-Agent:
      - azsdk-python-keyvault-keys/4.0.0b4 Python/3.6.6 (Windows-10-10.0.18362-SP0)
    method: POST
    uri: https://vault8bf41593cac2d1130d.vault.azure.net/keys/rsa-verify-2048/create?api-version=7.0
  response:
    body:
      string: '{"key":{"kid":"https://vault8bf41593cac2d1130d.vault.azure.net/keys/rsa-verify-2048/1ae147e812254bcbbf01338d70619f6f","kty":"RSA","key_ops":["encrypt","decrypt","sign","verify","wrapKey","unwrapKey"],"n":"5z9krsAGXPlkco0u3U3oy7sFTzDYg6kMzS25_sRzVezo0Jh5Pc51W97zxcK3ZrvRBKknHxVLNJbuqP9FhNxOZmH6y1ddymqkSEZneaCwU-WTbfNC0xNqgk7ZemahpjH4Z1XRdXpfktVUzMuP7IFgRnPIS1rMp3F-xc_YzrtP60s_ZAQSkSNhB-oO9GqDGfn67FhSIlfxgoJ7RHQW74CZqz2n1oJynALOpghR4MxpEgif3RGoef5ZYCNdQYlWsz4CrhaxAWo7lii_b5hNaSKMCR6cw7fYwtZpnf8cYtg1HPdDbEcm_Sx_9om5dW2YfnHNPF31IesBve4gKXDh3SUsPw","e":"AQAB"},"attributes":{"enabled":true,"created":1568927879,"updated":1568927879,"recoveryLevel":"Purgeable"}}'
    headers:
      cache-control: no-cache
      content-length: '661'
      content-type: application/json; charset=utf-8
      date: Thu, 19 Sep 2019 21:17:59 GMT
      expires: '-1'
      pragma: no-cache
      server: Microsoft-IIS/10.0
      strict-transport-security: max-age=31536000;includeSubDomains
      x-aspnet-version: 4.0.30319
      x-content-type-options: nosniff
      x-ms-keyvault-network-info: addr=131.107.174.72;act_addr_fam=InterNetwork;
      x-ms-keyvault-region: westus
      x-ms-keyvault-service-version: 1.1.0.878
      x-powered-by: ASP.NET
    status:
      code: 200
      message: OK
    url: !!python/object/new:yarl.URL
      state: !!python/tuple
      - !!python/object/new:urllib.parse.SplitResult
        - https
        - vault8bf41593cac2d1130d.vault.azure.net
        - /keys/rsa-verify-2048/create
        - api-version=7.0
        - ''
- request:
    body: '{"alg": "PS256", "value": "vgZc0NQUb6WMKX___V2JntcFRO_vszKwSAj7R2rL1zg"}'
    headers:
      Accept:
      - application/json
      Content-Length:
      - '72'
      Content-Type:
      - application/json; charset=utf-8
      User-Agent:
      - azsdk-python-keyvault-keys/4.0.0b4 Python/3.6.6 (Windows-10-10.0.18362-SP0)
    method: POST
    uri: https://vault8bf41593cac2d1130d.vault.azure.net/keys/rsa-verify-2048/1ae147e812254bcbbf01338d70619f6f/sign?api-version=7.0
  response:
    body:
      string: '{"kid":"https://vault8bf41593cac2d1130d.vault.azure.net/keys/rsa-verify-2048/1ae147e812254bcbbf01338d70619f6f","value":"tkkVJPkM_EFvZAcJ2HllkYHCeZ4BusPrAZQjElUD_zDu8bJ-WVeFQHpo-W0prrJs6qsLayKMxGf6IVHsmHegcMxYvgy2TQ5mJJ7wmErkEZkh3DZFx1bB7MjCxZsRherIeJAqzjH7XijQYFL6iR2o5MKAsmsknAFTq-qbT85nh73iUXsR0PZAdjSSzR28jW3OViN14MjSuM2RxFQ1yUJlFKsYVf0zL-Uy1JHrQdKXkfHcsCY3a6gMB3o0Qg4eiFPzYoKaypamGC292fthrmUkmHswSV-w1CGQ0A9ETzOMkX-WZOc32I5HDImJDfaQ65F5CuFeNwhaLKpfncCWqomCPg"}'
    headers:
      cache-control: no-cache
      content-length: '464'
      content-type: application/json; charset=utf-8
      date: Thu, 19 Sep 2019 21:17:59 GMT
      expires: '-1'
      pragma: no-cache
      server: Microsoft-IIS/10.0
      strict-transport-security: max-age=31536000;includeSubDomains
      x-aspnet-version: 4.0.30319
      x-content-type-options: nosniff
      x-ms-keyvault-network-info: addr=131.107.174.72;act_addr_fam=InterNetwork;
      x-ms-keyvault-region: westus
      x-ms-keyvault-service-version: 1.1.0.878
      x-powered-by: ASP.NET
    status:
      code: 200
      message: OK
    url: !!python/object/new:yarl.URL
      state: !!python/tuple
      - !!python/object/new:urllib.parse.SplitResult
        - https
        - vault8bf41593cac2d1130d.vault.azure.net
        - /keys/rsa-verify-2048/1ae147e812254bcbbf01338d70619f6f/sign
        - api-version=7.0
        - ''
- request:
    body: '{"alg": "PS384", "value": "OnZY76NXJ8_MBkjnc9b9RiaL5OYscmrTal040wQuLFlRrnLvJFecIvZl2KjXqwVB"}'
    headers:
      Accept:
      - application/json
      Content-Length:
      - '93'
      Content-Type:
      - application/json; charset=utf-8
      User-Agent:
      - azsdk-python-keyvault-keys/4.0.0b4 Python/3.6.6 (Windows-10-10.0.18362-SP0)
    method: POST
    uri: https://vault8bf41593cac2d1130d.vault.azure.net/keys/rsa-verify-2048/1ae147e812254bcbbf01338d70619f6f/sign?api-version=7.0
  response:
    body:
      string: '{"kid":"https://vault8bf41593cac2d1130d.vault.azure.net/keys/rsa-verify-2048/1ae147e812254bcbbf01338d70619f6f","value":"KeQBV9zm6lTBPLnyrmaURJfMGCH0zevCcY3O2w2V8DOvfeXGID08yIbtSur8K0y2ZJnbFwZou2SlWUjFUdDeOdxuy9eYfLueqjFXVnqpEgb33cLUiDUTnTYSKKS_5-PNEx9xh7WrccUf4kep12lgEU_LGipT-GL9wSuJTMJpL9dfBtD7QOR8HNfiIXXgXUSV6WyOXL4DxcB1MPvXIt45YVX1iDysi8BkiPcZLdkHBICY8hAYm6NNRaQF1gcKZqfGhP8hoNFMpQCnr99rtUWca1WIpRG5iGnYvcHvmv3_UIF01E-BjhFq2YExjr6G4tWPk9p_ZwJXGzyBxTpOaD__xw"}'
    headers:
      cache-control: no-cache
      content-length: '464'
      content-type: application/json; charset=utf-8
      date: Thu, 19 Sep 2019 21:17:59 GMT
      expires: '-1'
      pragma: no-cache
      server: Microsoft-IIS/10.0
      strict-transport-security: max-age=31536000;includeSubDomains
      x-aspnet-version: 4.0.30319
      x-content-type-options: nosniff
      x-ms-keyvault-network-info: addr=131.107.174.72;act_addr_fam=InterNetwork;
      x-ms-keyvault-region: westus
      x-ms-keyvault-service-version: 1.1.0.878
      x-powered-by: ASP.NET
    status:
      code: 200
      message: OK
    url: !!python/object/new:yarl.URL
      state: !!python/tuple
      - !!python/object/new:urllib.parse.SplitResult
        - https
        - vault8bf41593cac2d1130d.vault.azure.net
        - /keys/rsa-verify-2048/1ae147e812254bcbbf01338d70619f6f/sign
        - api-version=7.0
        - ''
- request:
    body: '{"alg": "PS512", "value": "zZyL-eOHDnnq34aZaWgBMobx4x2Pm3mPRo4eqnRmLK6sE0jsXZFOFhMXaTcvILQxovTsMMh9JupeojYCnDvfrQ"}'
    headers:
      Accept:
      - application/json
      Content-Length:
      - '115'
      Content-Type:
      - application/json; charset=utf-8
      User-Agent:
      - azsdk-python-keyvault-keys/4.0.0b4 Python/3.6.6 (Windows-10-10.0.18362-SP0)
    method: POST
    uri: https://vault8bf41593cac2d1130d.vault.azure.net/keys/rsa-verify-2048/1ae147e812254bcbbf01338d70619f6f/sign?api-version=7.0
  response:
    body:
      string: '{"kid":"https://vault8bf41593cac2d1130d.vault.azure.net/keys/rsa-verify-2048/1ae147e812254bcbbf01338d70619f6f","value":"inYo0IqdH0k2ohR3ocSomqAnd9c8XAwP5S9KV3IQ2_82JBNKVWh-MY_6AEHrANChRiPDJ9Hk9CDJX_LpmZHKR3ZvmqzCTw4lOzeP9Tt7if5iDjy-mFw23E3lxJifmJUmdv-BBMI3GED2X-B5xBxN7OJ5_zq9hgiyHNTpIJKQvoX9c5epBg0DjAiGU1o_XKGMG61PnrsyOJ_bfOdxosSnx0q7ep5tDbJKPfAAGqNrW64AUx_hBEDq2NzANgfS3-65WV3fgy9715VyxH4YGWQOCE1TuT23gpYa7oNni9AdNqCHF-Zi5NofeLHOxFhQWfZHSE33gyYzKTRMuv90uIDAAg"}'
    headers:
      cache-control: no-cache
      content-length: '464'
      content-type: application/json; charset=utf-8
      date: Thu, 19 Sep 2019 21:17:59 GMT
      expires: '-1'
      pragma: no-cache
      server: Microsoft-IIS/10.0
      strict-transport-security: max-age=31536000;includeSubDomains
      x-aspnet-version: 4.0.30319
      x-content-type-options: nosniff
      x-ms-keyvault-network-info: addr=131.107.174.72;act_addr_fam=InterNetwork;
      x-ms-keyvault-region: westus
      x-ms-keyvault-service-version: 1.1.0.878
      x-powered-by: ASP.NET
    status:
      code: 200
      message: OK
    url: !!python/object/new:yarl.URL
      state: !!python/tuple
      - !!python/object/new:urllib.parse.SplitResult
        - https
        - vault8bf41593cac2d1130d.vault.azure.net
        - /keys/rsa-verify-2048/1ae147e812254bcbbf01338d70619f6f/sign
        - api-version=7.0
        - ''
- request:
    body: '{"alg": "RS256", "value": "vgZc0NQUb6WMKX___V2JntcFRO_vszKwSAj7R2rL1zg"}'
    headers:
      Accept:
      - application/json
      Content-Length:
      - '72'
      Content-Type:
      - application/json; charset=utf-8
      User-Agent:
      - azsdk-python-keyvault-keys/4.0.0b4 Python/3.6.6 (Windows-10-10.0.18362-SP0)
    method: POST
    uri: https://vault8bf41593cac2d1130d.vault.azure.net/keys/rsa-verify-2048/1ae147e812254bcbbf01338d70619f6f/sign?api-version=7.0
  response:
    body:
      string: '{"kid":"https://vault8bf41593cac2d1130d.vault.azure.net/keys/rsa-verify-2048/1ae147e812254bcbbf01338d70619f6f","value":"HxCJ8BPQVHcdjpvIiahvBWBL_aREIqqmmxi9UPwDrSfb1TPUW9xV3_ORDWsp0AbyjsWhtCPprs_a5mBfDu_Ga2uHba4_zoT_oLmm8_2lqgb1u_nZicZPXrk-XCjwN-NI7SB6pxDFaG9RzDVAl-N-BL9Zhsg9TbZLCF7wJsFRb1grqfxQqrbV075Kjcd-ckvAKtJmk15mgAopoVFml2PahVTUfMvUHVKfUFOTIrEJYQqG2vI6RrradPyCzk60YC6MRRvOHvFR_DMTGEWig0pUFwa5N-Wo8hsKQaCH-jThxuVnXIBo6KbpnwPHpPA6ww_fguagB38h1EfxsXGMMcyTIA"}'
    headers:
      cache-control: no-cache
      content-length: '464'
      content-type: application/json; charset=utf-8
      date: Thu, 19 Sep 2019 21:17:59 GMT
      expires: '-1'
      pragma: no-cache
      server: Microsoft-IIS/10.0
      strict-transport-security: max-age=31536000;includeSubDomains
      x-aspnet-version: 4.0.30319
      x-content-type-options: nosniff
      x-ms-keyvault-network-info: addr=131.107.174.72;act_addr_fam=InterNetwork;
      x-ms-keyvault-region: westus
      x-ms-keyvault-service-version: 1.1.0.878
      x-powered-by: ASP.NET
    status:
      code: 200
      message: OK
    url: !!python/object/new:yarl.URL
      state: !!python/tuple
      - !!python/object/new:urllib.parse.SplitResult
        - https
        - vault8bf41593cac2d1130d.vault.azure.net
        - /keys/rsa-verify-2048/1ae147e812254bcbbf01338d70619f6f/sign
        - api-version=7.0
        - ''
- request:
    body: '{"alg": "RS384", "value": "OnZY76NXJ8_MBkjnc9b9RiaL5OYscmrTal040wQuLFlRrnLvJFecIvZl2KjXqwVB"}'
    headers:
      Accept:
      - application/json
      Content-Length:
      - '93'
      Content-Type:
      - application/json; charset=utf-8
      User-Agent:
      - azsdk-python-keyvault-keys/4.0.0b4 Python/3.6.6 (Windows-10-10.0.18362-SP0)
    method: POST
    uri: https://vault8bf41593cac2d1130d.vault.azure.net/keys/rsa-verify-2048/1ae147e812254bcbbf01338d70619f6f/sign?api-version=7.0
  response:
    body:
      string: '{"kid":"https://vault8bf41593cac2d1130d.vault.azure.net/keys/rsa-verify-2048/1ae147e812254bcbbf01338d70619f6f","value":"osLG0Ed47wQ2Tt2qGZlX3T29bpmel_D3SELrYQ3czNm4Nj4kzlg3Va_9zvCeJq-dsHe12zfNHwn_EsX7LGnYuI9MnhCMFz1Td91GZq-3W3MJPUJyO4y5779GOkF5ugzV4O3Zc1KSeEWfItmCYLmhZJhNrqt71WZs_dI0TDT0zJmuwlVNPVIHsNXf4wII-tMwCRjusYNWKF_3ivnoccoVsZSeuICjY4VXp7rcsCIPD3IGOb7mAb3j-QZtsQ1U-L1jqTYgl6k__sNwY5_RPEB2c0HtyyIgq6dQgtKu3w3pEwNnv6XE_SpHBAfPIh54A6GL-vg1P8rq5zyPyE8l3UFUWQ"}'
    headers:
      cache-control: no-cache
      content-length: '464'
      content-type: application/json; charset=utf-8
      date: Thu, 19 Sep 2019 21:17:59 GMT
      expires: '-1'
      pragma: no-cache
      server: Microsoft-IIS/10.0
      strict-transport-security: max-age=31536000;includeSubDomains
      x-aspnet-version: 4.0.30319
      x-content-type-options: nosniff
      x-ms-keyvault-network-info: addr=131.107.174.72;act_addr_fam=InterNetwork;
      x-ms-keyvault-region: westus
      x-ms-keyvault-service-version: 1.1.0.878
      x-powered-by: ASP.NET
    status:
      code: 200
      message: OK
    url: !!python/object/new:yarl.URL
      state: !!python/tuple
      - !!python/object/new:urllib.parse.SplitResult
        - https
        - vault8bf41593cac2d1130d.vault.azure.net
        - /keys/rsa-verify-2048/1ae147e812254bcbbf01338d70619f6f/sign
        - api-version=7.0
        - ''
- request:
    body: '{"alg": "RS512", "value": "zZyL-eOHDnnq34aZaWgBMobx4x2Pm3mPRo4eqnRmLK6sE0jsXZFOFhMXaTcvILQxovTsMMh9JupeojYCnDvfrQ"}'
    headers:
      Accept:
      - application/json
      Content-Length:
      - '115'
      Content-Type:
      - application/json; charset=utf-8
      User-Agent:
      - azsdk-python-keyvault-keys/4.0.0b4 Python/3.6.6 (Windows-10-10.0.18362-SP0)
    method: POST
    uri: https://vault8bf41593cac2d1130d.vault.azure.net/keys/rsa-verify-2048/1ae147e812254bcbbf01338d70619f6f/sign?api-version=7.0
  response:
    body:
      string: '{"kid":"https://vault8bf41593cac2d1130d.vault.azure.net/keys/rsa-verify-2048/1ae147e812254bcbbf01338d70619f6f","value":"ttOvWIbJ8RQ2mRkuclihL-SnR35OSY_UdCNp8wvi5bNnP3MfEXAi6VIAy-0ugumU_byImC4WXLPlntZNwftpEYm-vZV79C605IbJ92K3CPOcJwy-HfRzHb2aFWYyF6PJ2ThrybC4zCxIPpKlDDqrDdqDYkhnsw2ZAZEOU3W8FEeG1ahZ3aSNsTxMkXrAZIGxd-8tFda3vtOroQCyTGvgbWTygw3X0uvCl9-Pw8BO9CMibeyOwBpEeEq7RDmzaOg4ZCCQNqBx2SgQ_Djr8h8dk0PreKpAEjTzAdWaGf1r5YHPu-KCfcKTTdsUld977DMo5JN-GW1EeSv52z7lkt-Xfw"}'
    headers:
      cache-control: no-cache
      content-length: '464'
      content-type: application/json; charset=utf-8
      date: Thu, 19 Sep 2019 21:17:59 GMT
      expires: '-1'
      pragma: no-cache
      server: Microsoft-IIS/10.0
      strict-transport-security: max-age=31536000;includeSubDomains
      x-aspnet-version: 4.0.30319
      x-content-type-options: nosniff
      x-ms-keyvault-network-info: addr=131.107.174.72;act_addr_fam=InterNetwork;
      x-ms-keyvault-region: westus
      x-ms-keyvault-service-version: 1.1.0.878
      x-powered-by: ASP.NET
    status:
      code: 200
      message: OK
    url: !!python/object/new:yarl.URL
      state: !!python/tuple
      - !!python/object/new:urllib.parse.SplitResult
        - https
        - vault8bf41593cac2d1130d.vault.azure.net
        - /keys/rsa-verify-2048/1ae147e812254bcbbf01338d70619f6f/sign
        - api-version=7.0
        - ''
- request:
    body: '{"kty": "RSA", "key_size": 3072}'
    headers:
      Accept:
      - application/json
      Content-Length:
      - '32'
      Content-Type:
      - application/json; charset=utf-8
      User-Agent:
      - azsdk-python-keyvault-keys/4.0.0b4 Python/3.6.6 (Windows-10-10.0.18362-SP0)
    method: POST
    uri: https://vault8bf41593cac2d1130d.vault.azure.net/keys/rsa-verify-3072/create?api-version=7.0
  response:
    body:
      string: '{"key":{"kid":"https://vault8bf41593cac2d1130d.vault.azure.net/keys/rsa-verify-3072/934072dbabc34ffcb9b960448c70df66","kty":"RSA","key_ops":["encrypt","decrypt","sign","verify","wrapKey","unwrapKey"],"n":"jkENrCRGj8ri4zeIEYAwV876AONVaEVlFPX10HYICYgS2mk95J2Yr7h9cXfvgA8hdvpkW9ttJWCVIyTgACwwRX38owFVaaE-j8GDBWmoOIzASNXYUgndd6QVQqU_Nq8cZwBQ_JIFGw475rF9Ll2XuI1MJJPT6YiMej9oQ2kktbiF1lcAv9oP2sMM3vRmmtE6XT1HYWzQ4eaLkumezj8WdNJyWjFoAunitu7KZejg4R33r1fGIrT47ltWqjOMd4ks4_fNcJH1mz6usT69R7p_IsT4j0QlXkmwcZ9WY8d_nfDwIm11iZKN_f-mWjTsnm28RYiKrKMi-CpfHinoAE3wPFNsmjuKHZT5MdsINm-KH-nAEiz4UpOxbxykcbZbTSHSeHrQHjMZE9Q6RoQURNy17zsT3Dha4Z6Thmjvx05HtWFcvhsAMY4qqXXdbU8LQblg9QI8ZXuCyH2m76_2gj0h_pOPyzT6EyyiUy1v0V8mraekNVFmugpw545MAJnI-piv","e":"AQAB"},"attributes":{"enabled":true,"created":1568927880,"updated":1568927880,"recoveryLevel":"Purgeable"}}'
    headers:
      cache-control: no-cache
      content-length: '831'
      content-type: application/json; charset=utf-8
      date: Thu, 19 Sep 2019 21:18:00 GMT
      expires: '-1'
      pragma: no-cache
      server: Microsoft-IIS/10.0
      strict-transport-security: max-age=31536000;includeSubDomains
      x-aspnet-version: 4.0.30319
      x-content-type-options: nosniff
      x-ms-keyvault-network-info: addr=131.107.174.72;act_addr_fam=InterNetwork;
      x-ms-keyvault-region: westus
      x-ms-keyvault-service-version: 1.1.0.878
      x-powered-by: ASP.NET
    status:
      code: 200
      message: OK
    url: !!python/object/new:yarl.URL
      state: !!python/tuple
      - !!python/object/new:urllib.parse.SplitResult
        - https
        - vault8bf41593cac2d1130d.vault.azure.net
        - /keys/rsa-verify-3072/create
        - api-version=7.0
        - ''
- request:
    body: '{"alg": "PS256", "value": "vgZc0NQUb6WMKX___V2JntcFRO_vszKwSAj7R2rL1zg"}'
    headers:
      Accept:
      - application/json
      Content-Length:
      - '72'
      Content-Type:
      - application/json; charset=utf-8
      User-Agent:
      - azsdk-python-keyvault-keys/4.0.0b4 Python/3.6.6 (Windows-10-10.0.18362-SP0)
    method: POST
    uri: https://vault8bf41593cac2d1130d.vault.azure.net/keys/rsa-verify-3072/934072dbabc34ffcb9b960448c70df66/sign?api-version=7.0
  response:
    body:
      string: '{"kid":"https://vault8bf41593cac2d1130d.vault.azure.net/keys/rsa-verify-3072/934072dbabc34ffcb9b960448c70df66","value":"eZ3SK6-ddf0K11-qmLgoXpXoma6oNKxoEn5fAE-vumWOit3Jx40R7gsphOH6uOWjmajdZEzS2WhONkx1jl5nbwUvgCSnBpw6L9gFl4Cd4cGhuHs-8asXI8AcMj-bzJmbzCKLQf6A9e-iLtWzUKa3_xcmE7ua4EFQTMwrmaaBH7bfY33ytvycj9L90wTMQUMki-E8l4WwGH-orjLcvC64f2HO8RVKyCCmpiQbVdYAsN70JdjifK13thKRziCY9EC7QFKLgDvuz2nCRsNJ1LmF2Ab7W8tBXb9doyO97k7hw6q7v4z-wf_CkgJnilgGdzkQU5Y5k97Ldb7qMdYz8Sl35hcUez6yaNz2kDSQjR9J5Nyzq6LvSrIcG2dDL9FZl3Hoy-tFr9EOTfKfo-OCF8z20wqguMJtMmcYV7Uv0wOW8nBfMaxbSaSpOQKUw4MGMuGlMTKFw3H7jcn9Zgk0c8xTPr5zW6sny3ULVzqJLIAdUlAuOFvwY_MasnXiz2fxMhNs"}'
    headers:
      cache-control: no-cache
      content-length: '634'
      content-type: application/json; charset=utf-8
      date: Thu, 19 Sep 2019 21:18:00 GMT
      expires: '-1'
      pragma: no-cache
      server: Microsoft-IIS/10.0
      strict-transport-security: max-age=31536000;includeSubDomains
      x-aspnet-version: 4.0.30319
      x-content-type-options: nosniff
      x-ms-keyvault-network-info: addr=131.107.174.72;act_addr_fam=InterNetwork;
      x-ms-keyvault-region: westus
      x-ms-keyvault-service-version: 1.1.0.878
      x-powered-by: ASP.NET
    status:
      code: 200
      message: OK
    url: !!python/object/new:yarl.URL
      state: !!python/tuple
      - !!python/object/new:urllib.parse.SplitResult
        - https
        - vault8bf41593cac2d1130d.vault.azure.net
        - /keys/rsa-verify-3072/934072dbabc34ffcb9b960448c70df66/sign
        - api-version=7.0
        - ''
- request:
    body: '{"alg": "PS384", "value": "OnZY76NXJ8_MBkjnc9b9RiaL5OYscmrTal040wQuLFlRrnLvJFecIvZl2KjXqwVB"}'
    headers:
      Accept:
      - application/json
      Content-Length:
      - '93'
      Content-Type:
      - application/json; charset=utf-8
      User-Agent:
      - azsdk-python-keyvault-keys/4.0.0b4 Python/3.6.6 (Windows-10-10.0.18362-SP0)
    method: POST
    uri: https://vault8bf41593cac2d1130d.vault.azure.net/keys/rsa-verify-3072/934072dbabc34ffcb9b960448c70df66/sign?api-version=7.0
  response:
    body:
      string: '{"kid":"https://vault8bf41593cac2d1130d.vault.azure.net/keys/rsa-verify-3072/934072dbabc34ffcb9b960448c70df66","value":"QcPxt0evn-SEqrmqyTdEkomtApubTgnkjPGKCw32Rtbja1p_iBl4wxWEOr0Fkdd-pgWAPbLvCMV5XhdT1DoP93R_II2VNbsLX5y6tPMpJGUAVpCjNj6hYEtFJ5rG8iUUur9cxKjq8p29K7BmkmyffgP_HjPYxyBbUG9j78s3c15I6xli0oSLtvv3LhsAO50IP6dz836PFzx2WSC_Q1kyfnnHiEay-v7yIZqNWrO7OMo4-kZxthigkzbNGdMaaS9C5WvKjmo9q5nwsi74oDcVcmZ0y5D3PFt7ob8-hgKRvxVqppSnwAdFGKvIIGkjfdGViAPNm1qt6eA-fgQ7JS09aC3OQlIDDR9z8czN-NU8QLX_cfy7q7aXWBQP-HeHkuw68B00Q5k70I_5bs2li26vbNYJ5grYqRJ-nCH_bD2PR4J29kSPyGoGzbXNSiI0TuaXyCpIU82wl50VA3K85DQAQHew5FPcefiyIBI9YGOjh-rhIy59WrfA2rAP9WrzMsaY"}'
    headers:
      cache-control: no-cache
      content-length: '634'
      content-type: application/json; charset=utf-8
      date: Thu, 19 Sep 2019 21:18:00 GMT
      expires: '-1'
      pragma: no-cache
      server: Microsoft-IIS/10.0
      strict-transport-security: max-age=31536000;includeSubDomains
      x-aspnet-version: 4.0.30319
      x-content-type-options: nosniff
      x-ms-keyvault-network-info: addr=131.107.174.72;act_addr_fam=InterNetwork;
      x-ms-keyvault-region: westus
      x-ms-keyvault-service-version: 1.1.0.878
      x-powered-by: ASP.NET
    status:
      code: 200
      message: OK
    url: !!python/object/new:yarl.URL
      state: !!python/tuple
      - !!python/object/new:urllib.parse.SplitResult
        - https
        - vault8bf41593cac2d1130d.vault.azure.net
        - /keys/rsa-verify-3072/934072dbabc34ffcb9b960448c70df66/sign
        - api-version=7.0
        - ''
- request:
    body: '{"alg": "PS512", "value": "zZyL-eOHDnnq34aZaWgBMobx4x2Pm3mPRo4eqnRmLK6sE0jsXZFOFhMXaTcvILQxovTsMMh9JupeojYCnDvfrQ"}'
    headers:
      Accept:
      - application/json
      Content-Length:
      - '115'
      Content-Type:
      - application/json; charset=utf-8
      User-Agent:
      - azsdk-python-keyvault-keys/4.0.0b4 Python/3.6.6 (Windows-10-10.0.18362-SP0)
    method: POST
    uri: https://vault8bf41593cac2d1130d.vault.azure.net/keys/rsa-verify-3072/934072dbabc34ffcb9b960448c70df66/sign?api-version=7.0
  response:
    body:
      string: '{"kid":"https://vault8bf41593cac2d1130d.vault.azure.net/keys/rsa-verify-3072/934072dbabc34ffcb9b960448c70df66","value":"NW_A4BwaCzEo0pzM9TNcFVJUEG4TklcR-IV86phViPJALCZK5fhSK8RAxZe2lF1YSo02TuBY8FSxJLd9GBVO2PwOtLKCfBVlc0VdtifFgNhdYmbyvoh2vhakN67xV92JrdqYfZNU12coCjjcL2tkGTrXtlBtTuD6L7iV2WNtJYDeyrlyFkadUXYFw2POXnbU5sfQ52UbQhDCSIV9BEcl6B9dFEM4TiAyTfcRtSmIDfXtwJ8UCN9D98Bxsn4zjEndbOOsyNJVkupAfLME6r9OK4eBK5QntVoYw4r-0rH6wc6-CgsHsKU_89-i1dlH3m3Qr4ngmf-xGKD2DoCgVwolV1Ro9gjIZBU7yl6oM8a4_bbxV8jwVY15TwehjkqAzhh8s17b3wkspqsvRrhtUEeX1AI4zHn_EGgBrF5_UoN9FEr5sPLpoS5rA9p7MpHMeNowPPQdzBmjQNqBXWf1JsLpZ4mzjhK6ovdDsaaa46IFZ4nEWmc25EK0bpQF3iud0HRC"}'
    headers:
      cache-control: no-cache
      content-length: '634'
      content-type: application/json; charset=utf-8
      date: Thu, 19 Sep 2019 21:18:00 GMT
      expires: '-1'
      pragma: no-cache
      server: Microsoft-IIS/10.0
      strict-transport-security: max-age=31536000;includeSubDomains
      x-aspnet-version: 4.0.30319
      x-content-type-options: nosniff
      x-ms-keyvault-network-info: addr=131.107.174.72;act_addr_fam=InterNetwork;
      x-ms-keyvault-region: westus
      x-ms-keyvault-service-version: 1.1.0.878
      x-powered-by: ASP.NET
    status:
      code: 200
      message: OK
    url: !!python/object/new:yarl.URL
      state: !!python/tuple
      - !!python/object/new:urllib.parse.SplitResult
        - https
        - vault8bf41593cac2d1130d.vault.azure.net
        - /keys/rsa-verify-3072/934072dbabc34ffcb9b960448c70df66/sign
        - api-version=7.0
        - ''
- request:
    body: '{"alg": "RS256", "value": "vgZc0NQUb6WMKX___V2JntcFRO_vszKwSAj7R2rL1zg"}'
    headers:
      Accept:
      - application/json
      Content-Length:
      - '72'
      Content-Type:
      - application/json; charset=utf-8
      User-Agent:
      - azsdk-python-keyvault-keys/4.0.0b4 Python/3.6.6 (Windows-10-10.0.18362-SP0)
    method: POST
    uri: https://vault8bf41593cac2d1130d.vault.azure.net/keys/rsa-verify-3072/934072dbabc34ffcb9b960448c70df66/sign?api-version=7.0
  response:
    body:
      string: '{"kid":"https://vault8bf41593cac2d1130d.vault.azure.net/keys/rsa-verify-3072/934072dbabc34ffcb9b960448c70df66","value":"d_Xwh_3Va9fg7javMq4oL_yUCbDFc5P8nNvceKdB2c0rDaRAgu8KPO8ukg2u2FkUIobtztZlLzfuHiF08D5et7afuaZ22wukmRrqW_eP088aEJqD4STqE37SNO7koPz_s96oaSrQQez9fkImtxugiblHt2miyaFCRLu_7fyC3r6srQbSqRLnNruVG8oVRA4b9ZHKKXJh9xUYtnYQyMfbuE6ByOpnbonDNc70OKGXS5LP-uH9yttxHR0aBEA-FFiiYXZ99hqccBEVwkIJwPfNZ6QR6d5cYqAmtXCY0-75vaJrJVI34V6Xv09qmsRhQYdTSsy6avEZNdDU7Y_oF0Dkkwt9512XrUg5ispYCrkBDeSQW3c3zQ_ZK9h0HVaFWddXEm9ZUvhs9KZ_E6Doltz0JxxNbp8oVJBRHRqVjNq5x8-JTwIk7KsArPc9tsbauvdJgxmnctWP97kVxYRiM0AtELRBUenRRZX8h66yPhUb7y3dqwjn_Y0bA8szPuzY-JFD"}'
    headers:
      cache-control: no-cache
      content-length: '634'
      content-type: application/json; charset=utf-8
      date: Thu, 19 Sep 2019 21:18:00 GMT
      expires: '-1'
      pragma: no-cache
      server: Microsoft-IIS/10.0
      strict-transport-security: max-age=31536000;includeSubDomains
      x-aspnet-version: 4.0.30319
      x-content-type-options: nosniff
      x-ms-keyvault-network-info: addr=131.107.174.72;act_addr_fam=InterNetwork;
      x-ms-keyvault-region: westus
      x-ms-keyvault-service-version: 1.1.0.878
      x-powered-by: ASP.NET
    status:
      code: 200
      message: OK
    url: !!python/object/new:yarl.URL
      state: !!python/tuple
      - !!python/object/new:urllib.parse.SplitResult
        - https
        - vault8bf41593cac2d1130d.vault.azure.net
        - /keys/rsa-verify-3072/934072dbabc34ffcb9b960448c70df66/sign
        - api-version=7.0
        - ''
- request:
    body: '{"alg": "RS384", "value": "OnZY76NXJ8_MBkjnc9b9RiaL5OYscmrTal040wQuLFlRrnLvJFecIvZl2KjXqwVB"}'
    headers:
      Accept:
      - application/json
      Content-Length:
      - '93'
      Content-Type:
      - application/json; charset=utf-8
      User-Agent:
      - azsdk-python-keyvault-keys/4.0.0b4 Python/3.6.6 (Windows-10-10.0.18362-SP0)
    method: POST
    uri: https://vault8bf41593cac2d1130d.vault.azure.net/keys/rsa-verify-3072/934072dbabc34ffcb9b960448c70df66/sign?api-version=7.0
  response:
    body:
      string: '{"kid":"https://vault8bf41593cac2d1130d.vault.azure.net/keys/rsa-verify-3072/934072dbabc34ffcb9b960448c70df66","value":"HLFAxOwUzYAqm93PfD5wCX9lgexshMmptQoQM7LcmSE8a2ObokrEpM8RDAd8wWKyGbRY6Jn0M4CqT5aT8Yc8PJi6995vQ2AznSrM8etKFy_IW4t86fVs8eycprhiWqKE_EtyLSY0-8yaIf39Ke9Z4c5Bnug9RahAFBaVo1lF0SCwCWkRqtGEoaFXlDAhnxQHACRoBS9SxdnkJlV9IUxQaK4wihAAUXWP-wBEFe3QCl7yo3AQ24aq7GeV8cjVJcx4HPBjn5yTJKEOf9D3BQeW2OrTnzzUH8OIKlfYipE2rSTNa8Xqqw6Uj4CVn_271f3hkCUd6uW4uZjiU_yBfGIjjq9SoJsKNJlWRa4DpN56z5SjZ7hZQAaCPdFH_iwmqI_VCZbztHrTEeatdN9bNlf_EjdojO-pDUEbZQPrj089adSZ3XdYMafw5G8wOmMWVdcFqwQ5IbH20IO3OEX8G1vardVi-kNrqXiuCcUA3ivJU5XtJIJP3NF4WBDs78x76oB5"}'
    headers:
      cache-control: no-cache
      content-length: '634'
      content-type: application/json; charset=utf-8
      date: Thu, 19 Sep 2019 21:18:00 GMT
      expires: '-1'
      pragma: no-cache
      server: Microsoft-IIS/10.0
      strict-transport-security: max-age=31536000;includeSubDomains
      x-aspnet-version: 4.0.30319
      x-content-type-options: nosniff
      x-ms-keyvault-network-info: addr=131.107.174.72;act_addr_fam=InterNetwork;
      x-ms-keyvault-region: westus
      x-ms-keyvault-service-version: 1.1.0.878
      x-powered-by: ASP.NET
    status:
      code: 200
      message: OK
    url: !!python/object/new:yarl.URL
      state: !!python/tuple
      - !!python/object/new:urllib.parse.SplitResult
        - https
        - vault8bf41593cac2d1130d.vault.azure.net
        - /keys/rsa-verify-3072/934072dbabc34ffcb9b960448c70df66/sign
        - api-version=7.0
        - ''
- request:
    body: '{"alg": "RS512", "value": "zZyL-eOHDnnq34aZaWgBMobx4x2Pm3mPRo4eqnRmLK6sE0jsXZFOFhMXaTcvILQxovTsMMh9JupeojYCnDvfrQ"}'
    headers:
      Accept:
      - application/json
      Content-Length:
      - '115'
      Content-Type:
      - application/json; charset=utf-8
      User-Agent:
      - azsdk-python-keyvault-keys/4.0.0b4 Python/3.6.6 (Windows-10-10.0.18362-SP0)
    method: POST
    uri: https://vault8bf41593cac2d1130d.vault.azure.net/keys/rsa-verify-3072/934072dbabc34ffcb9b960448c70df66/sign?api-version=7.0
  response:
    body:
      string: '{"kid":"https://vault8bf41593cac2d1130d.vault.azure.net/keys/rsa-verify-3072/934072dbabc34ffcb9b960448c70df66","value":"TX-_ngtRN1lR8SLoqpp2A7WR8V0xWSvGaxJjfIwMuBoAZILYTOPbgDvHdB61iu9gq8ydzs0cCCRe6AER5DswbiQvNpNKxzVTI3KRQ4dOIFU8C-AQYrZ4CZ-yMy-NcKtz4MdLEmw-woZJme_9P1Tq5SbnfdIjKiR-QJbaL03thMBpmPmvlaqdeh4ScwVGYM7sC0XkZntkYBGEKhfTPV5gOMp5FUdUbKvmioGu0dujkGKsGaHp5zxBuCGhLX_1DhzLXv1ek8XN7CTpA8iWbNCWIiHYoPKm7eHY3qPZous_Sg3cI0o5JEya5nSBYPwEbcZyo6BqTFpXFAh-tJIOQFTuKi2kBLkE2lYcwEeZgJZqc9qa6k_5BgJmgEq4TbyzCWU-efhC1AWQgXjST8GyEkD4oKEz28yhW7EPRRh5yb5Hcoou4YyutuQgzeXfUJQ7taKaUhTg7AGjw25ix_cVTUz7byxtKZIu5tNJv9NMPejSGfcDa5ePcfn8_x7kfb-ifrOf"}'
    headers:
      cache-control: no-cache
      content-length: '634'
      content-type: application/json; charset=utf-8
      date: Thu, 19 Sep 2019 21:18:00 GMT
      expires: '-1'
      pragma: no-cache
      server: Microsoft-IIS/10.0
      strict-transport-security: max-age=31536000;includeSubDomains
      x-aspnet-version: 4.0.30319
      x-content-type-options: nosniff
      x-ms-keyvault-network-info: addr=131.107.174.72;act_addr_fam=InterNetwork;
      x-ms-keyvault-region: westus
      x-ms-keyvault-service-version: 1.1.0.878
      x-powered-by: ASP.NET
    status:
      code: 200
      message: OK
    url: !!python/object/new:yarl.URL
      state: !!python/tuple
      - !!python/object/new:urllib.parse.SplitResult
        - https
        - vault8bf41593cac2d1130d.vault.azure.net
        - /keys/rsa-verify-3072/934072dbabc34ffcb9b960448c70df66/sign
        - api-version=7.0
        - ''
- request:
    body: '{"kty": "RSA", "key_size": 4096}'
    headers:
      Accept:
      - application/json
      Content-Length:
      - '32'
      Content-Type:
      - application/json; charset=utf-8
      User-Agent:
      - azsdk-python-keyvault-keys/4.0.0b4 Python/3.6.6 (Windows-10-10.0.18362-SP0)
    method: POST
    uri: https://vault8bf41593cac2d1130d.vault.azure.net/keys/rsa-verify-4096/create?api-version=7.0
  response:
    body:
      string: '{"key":{"kid":"https://vault8bf41593cac2d1130d.vault.azure.net/keys/rsa-verify-4096/12c09efd1c894c8c9b25ebfa1e81540b","kty":"RSA","key_ops":["encrypt","decrypt","sign","verify","wrapKey","unwrapKey"],"n":"2_uuzKAJCdlhs9wxxwfjB_CwfzvhJW0_om8nBl60qcXniYJtkqHVbvLjT3oemV7PAy-gEPHIBl5l8COZuiouaAfSkoqPFgmjEGm2dTeZHUdUQExIGiyUwUpxZUuq4stM2CqPx8BystsngsmIA4k8pD7CRmPXCNVcwlKpEpXqFYHGufA_vorzsS8WHa-qO4HFAfX5gKlmq0BZl3MuzQlQdZ3_wzRThnQa-s84zTer0dSx2gxEOUpt3J5kVM8bE_W3uMtnh-EAURx2CuIzs4F6VvKZlPQhjycs5dawRzZFp1Ym44xjn2HMHWiiARAk8NHovznRfvQElmbp9eV_C813S5CVT0UIBzdIQZbCA9Kko2_y_Zc-KnUfts629dwFep-Vw8H6l-VwKSXbeMx92V84W7ktw1Hh2aZbwub2LEcqL-cqRFtHcv15NkoAry5KRVjCoRmWMvbuIBJYSDxFib5ciAI--UDEpSqa56fOEi9PZrXXTO-PWSqtEPs9ppSn0sJMeELpvnlGOKRVebkXVR3W5I019kPZkoSXu_8QCRuTFsLs14umBZKaL5CSK455T4zdcAzlRpJHHm6tmKCeZhEa_2rJ50Eccjewwvsu3AlzlOSCuiiWIjr0h0WUKIX3u7ITfXuCOw0BOmDT5FvW17NU9DJMS__rU_j6Q0yb5O_clzk","e":"AQAB"},"attributes":{"enabled":true,"created":1568927882,"updated":1568927882,"recoveryLevel":"Purgeable"}}'
    headers:
      cache-control: no-cache
      content-length: '1002'
      content-type: application/json; charset=utf-8
      date: Thu, 19 Sep 2019 21:18:01 GMT
      expires: '-1'
      pragma: no-cache
      server: Microsoft-IIS/10.0
      strict-transport-security: max-age=31536000;includeSubDomains
      x-aspnet-version: 4.0.30319
      x-content-type-options: nosniff
      x-ms-keyvault-network-info: addr=131.107.174.72;act_addr_fam=InterNetwork;
      x-ms-keyvault-region: westus
      x-ms-keyvault-service-version: 1.1.0.878
      x-powered-by: ASP.NET
    status:
      code: 200
      message: OK
    url: !!python/object/new:yarl.URL
      state: !!python/tuple
      - !!python/object/new:urllib.parse.SplitResult
        - https
        - vault8bf41593cac2d1130d.vault.azure.net
        - /keys/rsa-verify-4096/create
        - api-version=7.0
        - ''
- request:
    body: '{"alg": "PS256", "value": "vgZc0NQUb6WMKX___V2JntcFRO_vszKwSAj7R2rL1zg"}'
    headers:
      Accept:
      - application/json
      Content-Length:
      - '72'
      Content-Type:
      - application/json; charset=utf-8
      User-Agent:
      - azsdk-python-keyvault-keys/4.0.0b4 Python/3.6.6 (Windows-10-10.0.18362-SP0)
    method: POST
    uri: https://vault8bf41593cac2d1130d.vault.azure.net/keys/rsa-verify-4096/12c09efd1c894c8c9b25ebfa1e81540b/sign?api-version=7.0
  response:
    body:
      string: '{"kid":"https://vault8bf41593cac2d1130d.vault.azure.net/keys/rsa-verify-4096/12c09efd1c894c8c9b25ebfa1e81540b","value":"mjRv_UvUsHcXSeYDTdW1xMx5ilnCYSfdbheeZf_6a5uh9RbtHhs2-TWr7eax6BuGhTBHIR7a_dUbb1rk0LAQUdC172h0csiU2E5ecTdE_OEos5_MoaaEV17aPbue5oHPb3xxyz2mDsbJRZxoD0YDsvZb7X3l-2-3pkaLA7Latjb2SfdxyArIDi88fAPQhpzf0y6UNvmYltnVICzegneGBkikVUOKJr--qGgdlcYhRszihwsisq4yJfGLujZx-oe1rr0lqq0jIdYsYK1UNDHMPZaHv0SYoYmjCJ6RgMU295NHjzwzF7xm4qYh8i_pHZ5eh4uC8oMTbYy3eeHB2q7M-ZEmrJwCb-nZHvWWqFJ2eYaiOwA0nzOtZMEyHEL3B7YJapo3ZUxaWpt1UWqOMzOuYxFnCyxf4J_xE-PAefxzATVjh-CJUAj_K63u1eBbmZL7HCwaJL1JxzwgiQqfBY0NOi5Dr29riaB2_koBawgJrPgtJKH4V2PPlOIUMEVMxn26DNVjT_Q3G9CDnYfuJ1E2_Hlsf54yLplXaulE7XzxElWcQmjwtidwhIFF9suSGBVhkoM9-8aRLs2IT3_7l69li3GUoi0cZyHGPKNaV7bP-e7drz6D-8n9FHXlVZ7AeEMGiyCkHgME3FQnKZu8WphmMA6HPKQGOrlrJkCsPBdx0jE"}'
    headers:
      cache-control: no-cache
      content-length: '805'
      content-type: application/json; charset=utf-8
      date: Thu, 19 Sep 2019 21:18:02 GMT
      expires: '-1'
      pragma: no-cache
      server: Microsoft-IIS/10.0
      strict-transport-security: max-age=31536000;includeSubDomains
      x-aspnet-version: 4.0.30319
      x-content-type-options: nosniff
      x-ms-keyvault-network-info: addr=131.107.174.72;act_addr_fam=InterNetwork;
      x-ms-keyvault-region: westus
      x-ms-keyvault-service-version: 1.1.0.878
      x-powered-by: ASP.NET
    status:
      code: 200
      message: OK
    url: !!python/object/new:yarl.URL
      state: !!python/tuple
      - !!python/object/new:urllib.parse.SplitResult
        - https
        - vault8bf41593cac2d1130d.vault.azure.net
        - /keys/rsa-verify-4096/12c09efd1c894c8c9b25ebfa1e81540b/sign
        - api-version=7.0
        - ''
- request:
    body: '{"alg": "PS384", "value": "OnZY76NXJ8_MBkjnc9b9RiaL5OYscmrTal040wQuLFlRrnLvJFecIvZl2KjXqwVB"}'
    headers:
      Accept:
      - application/json
      Content-Length:
      - '93'
      Content-Type:
      - application/json; charset=utf-8
      User-Agent:
      - azsdk-python-keyvault-keys/4.0.0b4 Python/3.6.6 (Windows-10-10.0.18362-SP0)
    method: POST
    uri: https://vault8bf41593cac2d1130d.vault.azure.net/keys/rsa-verify-4096/12c09efd1c894c8c9b25ebfa1e81540b/sign?api-version=7.0
  response:
    body:
      string: '{"kid":"https://vault8bf41593cac2d1130d.vault.azure.net/keys/rsa-verify-4096/12c09efd1c894c8c9b25ebfa1e81540b","value":"Y54x-57IaojUk_ELSDHJbQCmL7K3_7AWKIiJ7Gm0A-Qij0GJ1znyKLFzAd2jw6dtXFGYY5C9oWqiuxsTlfZxTwtg4-IOrdtReWgXC_Q0M5tfvMxfmjYTQMP-ZJEjYVZ-PPqC_ocv7P0SX6gcQ7ps7zBTHRmgxU3nTABdvcwefoIlRGrZMy2KM9KlcOLZIhhmD-HKznEy-q6irbKsWSyJJmJyEj2s4B_kvwJKdl5YssBCuZzJRERXJrFWAJgLu9rMv3TNFu0NcTJEuyOCG0liHmwc8A8Ht6lkOiPTuL2FjIxy6xK2fFvYpqhM4iSR2ykr3MaXC52k6JtyH-Vvbbn29pVsAVZWrXtqoPdgzYJmNjhuIvJ6ghiEPqE5-W-0FLNzR1RYKwNA3nsfTC4hdhuVkCZ-4Y5VZhLXZbpUJK58QqYwXXa724ZDBXqFBE92khcKWg33sbgdJZ55IuGvgWFi9hMZYs3zq3hW0f80nTsIHLVD1CjccZnWFrck4jk2GtCU_0eFoShAWuhP7nPeLGSTt8JD2Qf4mIOqgX8UzilSqOG18-Ad0FPkuvJswGry9usafwB6EXrCX1Mt0Xcs79ZS8k7HNV-B5aZZ2krw4QgK_9s4e_vjtLub_hd2UJ8dmOEpvmAwRgiENDZ_00Qm2IRT8PZvGi5uAO04OsHpPBDt5bg"}'
    headers:
      cache-control: no-cache
      content-length: '805'
      content-type: application/json; charset=utf-8
      date: Thu, 19 Sep 2019 21:18:02 GMT
      expires: '-1'
      pragma: no-cache
      server: Microsoft-IIS/10.0
      strict-transport-security: max-age=31536000;includeSubDomains
      x-aspnet-version: 4.0.30319
      x-content-type-options: nosniff
      x-ms-keyvault-network-info: addr=131.107.174.72;act_addr_fam=InterNetwork;
      x-ms-keyvault-region: westus
      x-ms-keyvault-service-version: 1.1.0.878
      x-powered-by: ASP.NET
    status:
      code: 200
      message: OK
    url: !!python/object/new:yarl.URL
      state: !!python/tuple
      - !!python/object/new:urllib.parse.SplitResult
        - https
        - vault8bf41593cac2d1130d.vault.azure.net
        - /keys/rsa-verify-4096/12c09efd1c894c8c9b25ebfa1e81540b/sign
        - api-version=7.0
        - ''
- request:
    body: '{"alg": "PS512", "value": "zZyL-eOHDnnq34aZaWgBMobx4x2Pm3mPRo4eqnRmLK6sE0jsXZFOFhMXaTcvILQxovTsMMh9JupeojYCnDvfrQ"}'
    headers:
      Accept:
      - application/json
      Content-Length:
      - '115'
      Content-Type:
      - application/json; charset=utf-8
      User-Agent:
      - azsdk-python-keyvault-keys/4.0.0b4 Python/3.6.6 (Windows-10-10.0.18362-SP0)
    method: POST
    uri: https://vault8bf41593cac2d1130d.vault.azure.net/keys/rsa-verify-4096/12c09efd1c894c8c9b25ebfa1e81540b/sign?api-version=7.0
  response:
    body:
      string: '{"kid":"https://vault8bf41593cac2d1130d.vault.azure.net/keys/rsa-verify-4096/12c09efd1c894c8c9b25ebfa1e81540b","value":"w0rIgGB2-7f8O64ntx3yW4FiMJ4FlT5LBhgfpun91R63bCjVpFR40t0eRAmCEFCbJwJpHROIc0hvoRVESBzBf3UmeNrzv5L1qqRwrlM_-wqwibLhCZGYEFnjGFSjKHad8VbzXpFeG3wPlMAZ16kYfbFklFP_xJorQoROYmDfyCP37VGVXquyLkoEYcDgkYyLXzOJXLC0cdBkvlIm_dgCsO98xvEZlMQJmER3bt31eB2WTcYEl1I2N-wETmZ_VnJR0_FE0zcg80nD-973q3Ilryvvoz-vR45SLMsN1rqMqk1nU7id3BlQxkgeDCaRU8aOhl5DVSoz9HJdn8q3CkQFXCEVWQ-dKOwgH-IziY9GxnpotjHgIQSYCaG2G6Kh3DyBEfLnNmssscKw0rMqXcaNzokeEptAC2VsxYrCuW7R8iLOb8RfKSS9rDiAtvzgzeIkPOoOr6YrpaOB3HavDmWLsaqtpIpL046n_LOQk9FRbRZaWFkV12u10s2tu7wSf2aTTuDotn6-ukVUT4oj2fBNonRiBANHDNQ0Rwva0mr17Yc0WxqLNSFUhIOd3cUcLUsSysx5j73W4lHSlOT1gu2dZZlc2oRVOpYPKtPLYzScfDma1z1WP5lxY1PhWQtnEhz2V_spCrrR3Xbv6gyo-IVuQE1AYYgJKzvw7ykxLPeq-Nw"}'
    headers:
      cache-control: no-cache
      content-length: '805'
      content-type: application/json; charset=utf-8
      date: Thu, 19 Sep 2019 21:18:02 GMT
      expires: '-1'
      pragma: no-cache
      server: Microsoft-IIS/10.0
      strict-transport-security: max-age=31536000;includeSubDomains
      x-aspnet-version: 4.0.30319
      x-content-type-options: nosniff
      x-ms-keyvault-network-info: addr=131.107.174.72;act_addr_fam=InterNetwork;
      x-ms-keyvault-region: westus
      x-ms-keyvault-service-version: 1.1.0.878
      x-powered-by: ASP.NET
    status:
      code: 200
      message: OK
    url: !!python/object/new:yarl.URL
      state: !!python/tuple
      - !!python/object/new:urllib.parse.SplitResult
        - https
        - vault8bf41593cac2d1130d.vault.azure.net
        - /keys/rsa-verify-4096/12c09efd1c894c8c9b25ebfa1e81540b/sign
        - api-version=7.0
        - ''
- request:
    body: '{"alg": "RS256", "value": "vgZc0NQUb6WMKX___V2JntcFRO_vszKwSAj7R2rL1zg"}'
    headers:
      Accept:
      - application/json
      Content-Length:
      - '72'
      Content-Type:
      - application/json; charset=utf-8
      User-Agent:
      - azsdk-python-keyvault-keys/4.0.0b4 Python/3.6.6 (Windows-10-10.0.18362-SP0)
    method: POST
    uri: https://vault8bf41593cac2d1130d.vault.azure.net/keys/rsa-verify-4096/12c09efd1c894c8c9b25ebfa1e81540b/sign?api-version=7.0
  response:
    body:
      string: '{"kid":"https://vault8bf41593cac2d1130d.vault.azure.net/keys/rsa-verify-4096/12c09efd1c894c8c9b25ebfa1e81540b","value":"lcwk8cgN4zUoC2Co_ireuIOQ4-BdRVUL-ztmWaCX8Rg2MmqTEmowAuqejxc8sAXfH7B2T9NCSFA_Q3D-iIsD-mtbxXdR0UQeaT_2cJ0NQ7ywAQrwxiiry-u36t9YLy8ECzkJUJnlRgDqDqwEAjVHgqrbnqhuuXRS5FMHiMiRolduVtjQjkKnxN5EmaghwJGQUTD5yACq4atoL6EEusnKuKEjdmriUy-qW5rQCkqZf_sWIAmBzt0dNYXYMAPgVyy4POlzEOtnEfDSX0_h6mIbZlrw5F4Khbv6eSEj2N6eNjYyZZ5yr9LFPKP8URq2wdDdL3yLPY3laVap3odloaT0mHuA3m6yOH_5e-tq8vUa3k1PRNAtN_on2rLz1tAlSgFJ46irnWTmWMA-05BBlUKBQddGgKhN6PFeV_4_TH90CTqLTtuofcoR2Uu5e0iRXMYc_bcDwpNac7KLGn4U7E2-M-11qNWvvVuyT67Cu6rNkA08gct0GjzNZvtcwTUYhqVd6yQ4SLrx7vnHzKFbxpDMEgNmAalxAZiDjy93JkuxLwIP5MW0Ht9zs6fajeTZGCfzP8JB7BpmeXc7eKHryXlnzhQ5mE2jidcXVX5x2l0jQuF1Nx-JGEJRWojWc750a8Wyf9YE5RjfSnWtvF6ZXuMfoVDDYMk27SHAF_j0evhxJII"}'
    headers:
      cache-control: no-cache
      content-length: '805'
      content-type: application/json; charset=utf-8
      date: Thu, 19 Sep 2019 21:18:02 GMT
      expires: '-1'
      pragma: no-cache
      server: Microsoft-IIS/10.0
      strict-transport-security: max-age=31536000;includeSubDomains
      x-aspnet-version: 4.0.30319
      x-content-type-options: nosniff
      x-ms-keyvault-network-info: addr=131.107.174.72;act_addr_fam=InterNetwork;
      x-ms-keyvault-region: westus
      x-ms-keyvault-service-version: 1.1.0.878
      x-powered-by: ASP.NET
    status:
      code: 200
      message: OK
    url: !!python/object/new:yarl.URL
      state: !!python/tuple
      - !!python/object/new:urllib.parse.SplitResult
        - https
        - vault8bf41593cac2d1130d.vault.azure.net
        - /keys/rsa-verify-4096/12c09efd1c894c8c9b25ebfa1e81540b/sign
        - api-version=7.0
        - ''
- request:
    body: '{"alg": "RS384", "value": "OnZY76NXJ8_MBkjnc9b9RiaL5OYscmrTal040wQuLFlRrnLvJFecIvZl2KjXqwVB"}'
    headers:
      Accept:
      - application/json
      Content-Length:
      - '93'
      Content-Type:
      - application/json; charset=utf-8
      User-Agent:
      - azsdk-python-keyvault-keys/4.0.0b4 Python/3.6.6 (Windows-10-10.0.18362-SP0)
    method: POST
    uri: https://vault8bf41593cac2d1130d.vault.azure.net/keys/rsa-verify-4096/12c09efd1c894c8c9b25ebfa1e81540b/sign?api-version=7.0
  response:
    body:
      string: '{"kid":"https://vault8bf41593cac2d1130d.vault.azure.net/keys/rsa-verify-4096/12c09efd1c894c8c9b25ebfa1e81540b","value":"S8g7hNhPB6re1IuXgpYsRc0Mu3OCucxm77RfeWpvtixq7Ry7XbAelCP6PYzYYGI1XWsRqqBUGBvYfIsKAO6CP8bAEujzfkC8ZJkPNGE2PuXlDM5uU5XT54pBX4qx1V_ulMyS0DpOOP4PGSTSlMAW2T3OJSnCr2U9Kgk10whv1H4BeqMJ6tgN09FnRgDq6O9LwwZGcul-V7-H0-fMkz2LZ-sRE9BLArFvL0WxUJvziHmLbvWyG352BvMmePma59nH-B5iP_CpOe16jMTp9qFmsrDCTLR5w29FaztF0EYEgkG3F-OnbtqA54mGnMaunx3QPX3t6LD0J-kIJb8BeFGUFq1ta0UBUMQpYgeLBEctdPkkL7YxZIKqWsU3wAOgHgdhQvilqKOD_9-m26YfulSRhlIqhe880xsK-Er1Wupe5PUjnniN4LUoLpeFMTsQhjZVdDLJGcjJSZY_k25SfRX8WNxezKYG9-hD6SCRVFG0ulZSRSQ84HiKmPEPSpUX_7DpHsF8sflL669MZcnDMWzrafuqBh2OAz-xh4gVpB7ivZr7Afol0dHtIeZEx03rcQIIGFI0sJ0Gg8igbcJhcNLXbpst42_4tbP74_8OH89dz5q7bZsS4x4LMMSVyGJPbgxZ5Uzu0qpoVYh2_C_FbajbX8-JK5Waybecp0tIIqxeiro"}'
    headers:
      cache-control: no-cache
      content-length: '805'
      content-type: application/json; charset=utf-8
      date: Thu, 19 Sep 2019 21:18:02 GMT
      expires: '-1'
      pragma: no-cache
      server: Microsoft-IIS/10.0
      strict-transport-security: max-age=31536000;includeSubDomains
      x-aspnet-version: 4.0.30319
      x-content-type-options: nosniff
      x-ms-keyvault-network-info: addr=131.107.174.72;act_addr_fam=InterNetwork;
      x-ms-keyvault-region: westus
      x-ms-keyvault-service-version: 1.1.0.878
      x-powered-by: ASP.NET
    status:
      code: 200
      message: OK
    url: !!python/object/new:yarl.URL
      state: !!python/tuple
      - !!python/object/new:urllib.parse.SplitResult
        - https
        - vault8bf41593cac2d1130d.vault.azure.net
        - /keys/rsa-verify-4096/12c09efd1c894c8c9b25ebfa1e81540b/sign
        - api-version=7.0
        - ''
- request:
    body: '{"alg": "RS512", "value": "zZyL-eOHDnnq34aZaWgBMobx4x2Pm3mPRo4eqnRmLK6sE0jsXZFOFhMXaTcvILQxovTsMMh9JupeojYCnDvfrQ"}'
    headers:
      Accept:
      - application/json
      Content-Length:
      - '115'
      Content-Type:
      - application/json; charset=utf-8
      User-Agent:
      - azsdk-python-keyvault-keys/4.0.0b4 Python/3.6.6 (Windows-10-10.0.18362-SP0)
    method: POST
    uri: https://vault8bf41593cac2d1130d.vault.azure.net/keys/rsa-verify-4096/12c09efd1c894c8c9b25ebfa1e81540b/sign?api-version=7.0
  response:
    body:
      string: '{"kid":"https://vault8bf41593cac2d1130d.vault.azure.net/keys/rsa-verify-4096/12c09efd1c894c8c9b25ebfa1e81540b","value":"LLs5nBHLnOD4TfGYXkr7aza2DQTLdNaHoewGlVwms1ZqM2R0ej3ut-vculafYrEk3qQFHqc3DNX0dyZEWnt2BTrcdngHAgh9ZagWLkAEnak5EVVvYUg0yCBInMf7jMIa0a-vmndrpsFo2gp5id1xi5oU57KRPhZGaLD42tc0-zcWhXGOhDvuXXMUrjiNvXa9zPg4Dj6_ZBuZXIlnT8TluTGN_BBUf7j2uf3jQaWBlEQ3qXzX-bxbgxBHA1e6QCpFJT7bCkN8FDFGEP5akrxRMMCYy-GzVtwWwiE6PoKPOSDEcCIWOifS6IirxN9ZgJjKw_vNH5N5WI4yDwf1yCRP7UI_HCNK7QcZoehHEWM97qhcnfgmKtC3weiKGDgq_QtzmKDNTejuFk2kJcDo5NdSK-aJ9-pjuJdYEwPPdmeVbPqnZDygCi-pOM13UR87YoIWx8NTxume0vgYBYffLneiPooF0HXze_v7JWjJMEFx0z1fGRbguO202yQcG3ZLWvsDbrfGfwbL2VW5nu8IEMs195uRsfMBctXhUZn-RSMYFmbgt6gU-A9vlCkya_yCtUKv_URmSV2h0LZIKcBF57LuiU2bZi_l-BEpuSzmp7n6d1qGw06mUNy6wixw83gA08MthrzU2G8NPKNi_J6o4UZmxjR0o4Uesd97XFFwminew8k"}'
    headers:
      cache-control: no-cache
      content-length: '805'
      content-type: application/json; charset=utf-8
      date: Thu, 19 Sep 2019 21:18:02 GMT
      expires: '-1'
      pragma: no-cache
      server: Microsoft-IIS/10.0
      strict-transport-security: max-age=31536000;includeSubDomains
      x-aspnet-version: 4.0.30319
      x-content-type-options: nosniff
      x-ms-keyvault-network-info: addr=131.107.174.72;act_addr_fam=InterNetwork;
      x-ms-keyvault-region: westus
      x-ms-keyvault-service-version: 1.1.0.878
      x-powered-by: ASP.NET
    status:
      code: 200
      message: OK
    url: !!python/object/new:yarl.URL
      state: !!python/tuple
      - !!python/object/new:urllib.parse.SplitResult
        - https
        - vault8bf41593cac2d1130d.vault.azure.net
        - /keys/rsa-verify-4096/12c09efd1c894c8c9b25ebfa1e81540b/sign
        - api-version=7.0
        - ''
version: 1
