interactions:
- request:
    body: null
    headers:
      Accept:
      - application/json
      Content-Length:
      - '0'
      Content-Type:
      - application/json
      User-Agent:
      - azsdk-python-keyvault-keys/4.3.2 Python/3.5.3 (Windows-10-10.0.19041-SP0)
    method: POST
    uri: https://vaultname.vault.azure.net/keys/livekvtestkey096d6174c/create?api-version=7.1
  response:
    body:
      string: '{"error":{"code":"Unauthorized","message":"Request is missing a Bearer
        or PoP token."}}'
    headers:
      cache-control: no-cache
      content-length: '87'
      content-type: application/json; charset=utf-8
      date: Sat, 06 Feb 2021 01:58:10 GMT
      expires: '-1'
      pragma: no-cache
      strict-transport-security: max-age=31536000;includeSubDomains
      www-authenticate: Bearer authorization="https://login.windows.net/72f988bf-86f1-41af-91ab-2d7cd011db47",
        resource="https://vault.azure.net"
      x-content-type-options: nosniff
      x-ms-keyvault-network-info: conn_type=Ipv4;addr=174.127.232.53;act_addr_fam=InterNetwork;
      x-ms-keyvault-region: northeurope
      x-ms-keyvault-service-version: 1.2.164.0
      x-powered-by: ASP.NET
    status:
      code: 401
      message: Unauthorized
    url: https://mcpatinotest.vault.azure.net/keys/livekvtestkey096d6174c/create?api-version=7.1
- request:
    body: '{"kty": "EC"}'
    headers:
      Accept:
      - application/json
      Content-Length:
      - '13'
      Content-Type:
      - application/json
      User-Agent:
      - azsdk-python-keyvault-keys/4.3.2 Python/3.5.3 (Windows-10-10.0.19041-SP0)
    method: POST
    uri: https://vaultname.vault.azure.net/keys/livekvtestkey096d6174c/create?api-version=7.1
  response:
    body:
      string: '{"key":{"kid":"https://vaultname.vault.azure.net/keys/livekvtestkey096d6174c/a05531692e3f4c5d8527889793aa6c8a","kty":"EC","key_ops":["sign","verify"],"crv":"P-256","x":"fcUiSFA65XFR36_dIXfXxudfIMWdUSjUCOWEvpc08EQ","y":"bUjLMMc2Hk36AZ__u9hzLV2M5BkJ98TFV9UFFslcIxI"},"attributes":{"enabled":true,"created":1612576690,"updated":1612576690,"recoveryLevel":"Recoverable+Purgeable","recoverableDays":90}}'
    headers:
      cache-control: no-cache
      content-length: '401'
      content-type: application/json; charset=utf-8
      date: Sat, 06 Feb 2021 01:58:10 GMT
      expires: '-1'
      pragma: no-cache
      strict-transport-security: max-age=31536000;includeSubDomains
      x-content-type-options: nosniff
      x-ms-keyvault-network-info: conn_type=Ipv4;addr=174.127.232.53;act_addr_fam=InterNetwork;
      x-ms-keyvault-region: northeurope
      x-ms-keyvault-service-version: 1.2.164.0
      x-powered-by: ASP.NET
    status:
      code: 200
      message: OK
    url: https://mcpatinotest.vault.azure.net/keys/livekvtestkey096d6174c/create?api-version=7.1
- request:
    body: '{"kty": "EC"}'
    headers:
      Accept:
      - application/json
      Content-Length:
      - '13'
      Content-Type:
      - application/json
      User-Agent:
      - azsdk-python-keyvault-keys/4.3.2 Python/3.5.3 (Windows-10-10.0.19041-SP0)
    method: POST
    uri: https://vaultname.vault.azure.net/keys/livekvtestkey196d6174c/create?api-version=7.1
  response:
    body:
      string: '{"key":{"kid":"https://vaultname.vault.azure.net/keys/livekvtestkey196d6174c/61ae3940ec294e44bd9c795bacd9332e","kty":"EC","key_ops":["sign","verify"],"crv":"P-256","x":"ld81Ifrq4oQC805VcGSmCpsjCjaNV3zwVBV5IyAlK1M","y":"6kxOsdE7WDq2ZN-9kVcDWp3ZbK2X4TdKzBAwy1U3tl8"},"attributes":{"enabled":true,"created":1612576691,"updated":1612576691,"recoveryLevel":"Recoverable+Purgeable","recoverableDays":90}}'
    headers:
      cache-control: no-cache
      content-length: '401'
      content-type: application/json; charset=utf-8
      date: Sat, 06 Feb 2021 01:58:10 GMT
      expires: '-1'
      pragma: no-cache
      strict-transport-security: max-age=31536000;includeSubDomains
      x-content-type-options: nosniff
      x-ms-keyvault-network-info: conn_type=Ipv4;addr=174.127.232.53;act_addr_fam=InterNetwork;
      x-ms-keyvault-region: northeurope
      x-ms-keyvault-service-version: 1.2.164.0
      x-powered-by: ASP.NET
    status:
      code: 200
      message: OK
    url: https://mcpatinotest.vault.azure.net/keys/livekvtestkey196d6174c/create?api-version=7.1
- request:
    body: '{"kty": "EC"}'
    headers:
      Accept:
      - application/json
      Content-Length:
      - '13'
      Content-Type:
      - application/json
      User-Agent:
      - azsdk-python-keyvault-keys/4.3.2 Python/3.5.3 (Windows-10-10.0.19041-SP0)
    method: POST
    uri: https://vaultname.vault.azure.net/keys/livekvtestkey296d6174c/create?api-version=7.1
  response:
    body:
      string: '{"key":{"kid":"https://vaultname.vault.azure.net/keys/livekvtestkey296d6174c/a13783d37c364cdba698c7c0a8d46f8a","kty":"EC","key_ops":["sign","verify"],"crv":"P-256","x":"ldl93T1q1sXWzZqKAAaT9vD_jVxrmgUSgnkSu02Fpzo","y":"bBcByWwdtuqtJAkboWhXZZYwlAaXGlY8gz5TNHdWkGU"},"attributes":{"enabled":true,"created":1612576691,"updated":1612576691,"recoveryLevel":"Recoverable+Purgeable","recoverableDays":90}}'
    headers:
      cache-control: no-cache
      content-length: '401'
      content-type: application/json; charset=utf-8
      date: Sat, 06 Feb 2021 01:58:11 GMT
      expires: '-1'
      pragma: no-cache
      strict-transport-security: max-age=31536000;includeSubDomains
      x-content-type-options: nosniff
      x-ms-keyvault-network-info: conn_type=Ipv4;addr=174.127.232.53;act_addr_fam=InterNetwork;
      x-ms-keyvault-region: northeurope
      x-ms-keyvault-service-version: 1.2.164.0
      x-powered-by: ASP.NET
    status:
      code: 200
      message: OK
    url: https://mcpatinotest.vault.azure.net/keys/livekvtestkey296d6174c/create?api-version=7.1
- request:
    body: '{"kty": "EC"}'
    headers:
      Accept:
      - application/json
      Content-Length:
      - '13'
      Content-Type:
      - application/json
      User-Agent:
      - azsdk-python-keyvault-keys/4.3.2 Python/3.5.3 (Windows-10-10.0.19041-SP0)
    method: POST
    uri: https://vaultname.vault.azure.net/keys/livekvtestkey396d6174c/create?api-version=7.1
  response:
    body:
      string: '{"key":{"kid":"https://vaultname.vault.azure.net/keys/livekvtestkey396d6174c/df133659de0b484d9b253d19addb132d","kty":"EC","key_ops":["sign","verify"],"crv":"P-256","x":"Qnfga0OXiqqvX6mhdJ0HWXfGHW9Q7_Ep1MAOmxO6fNQ","y":"-d_xJ2sgwx0gJKNTu7jdW3gii3KyJt33nnbdi9uhFHg"},"attributes":{"enabled":true,"created":1612576691,"updated":1612576691,"recoveryLevel":"Recoverable+Purgeable","recoverableDays":90}}'
    headers:
      cache-control: no-cache
      content-length: '401'
      content-type: application/json; charset=utf-8
      date: Sat, 06 Feb 2021 01:58:11 GMT
      expires: '-1'
      pragma: no-cache
      strict-transport-security: max-age=31536000;includeSubDomains
      x-content-type-options: nosniff
      x-ms-keyvault-network-info: conn_type=Ipv4;addr=174.127.232.53;act_addr_fam=InterNetwork;
      x-ms-keyvault-region: northeurope
      x-ms-keyvault-service-version: 1.2.164.0
      x-powered-by: ASP.NET
    status:
      code: 200
      message: OK
    url: https://mcpatinotest.vault.azure.net/keys/livekvtestkey396d6174c/create?api-version=7.1
- request:
    body: '{"kty": "RSA"}'
    headers:
      Accept:
      - application/json
      Content-Length:
      - '14'
      Content-Type:
      - application/json
      User-Agent:
      - azsdk-python-keyvault-keys/4.3.2 Python/3.5.3 (Windows-10-10.0.19041-SP0)
    method: POST
    uri: https://vaultname.vault.azure.net/keys/livekvtestkey096d6174c/create?api-version=7.1
  response:
    body:
      string: '{"key":{"kid":"https://vaultname.vault.azure.net/keys/livekvtestkey096d6174c/eeb6596a9a8a46069f747864ada4e034","kty":"RSA","key_ops":["encrypt","decrypt","sign","verify","wrapKey","unwrapKey"],"n":"rricdsinfFsz6QfMw2UfRQvN7M9xpr3SwUrXUOSwrY6palQovO07LXxVKqZcgL8q1QakUDFgBPqHeHRnz5kABUrd4GoL2ieFJRVSlf9T7t04BTUiYiE8vuCKvwgd54HDcYQtGInKyzF8nr8IZmgNCijK_l1uvsj435buJ50gkSsN6XyzgJDMPLpPBTUiv3rIntwZlWMdLKPK62nFX3DfZT_DJ76P30TghD2OOcVwLHmoJzuPseobGWBiuyLHhSNr3XeOdfwyT4bVdjEtqgu00g8wcKw_QO8SCtBRhOLqsjZ2gWDC9TDSoa8W8kA1DNxUGqgGnbCf5AORAqVlZdzgIQ","e":"AQAB"},"attributes":{"enabled":true,"created":1612576691,"updated":1612576691,"recoveryLevel":"Recoverable+Purgeable","recoverableDays":90}}'
    headers:
      cache-control: no-cache
      content-length: '690'
      content-type: application/json; charset=utf-8
      date: Sat, 06 Feb 2021 01:58:11 GMT
      expires: '-1'
      pragma: no-cache
      strict-transport-security: max-age=31536000;includeSubDomains
      x-content-type-options: nosniff
      x-ms-keyvault-network-info: conn_type=Ipv4;addr=174.127.232.53;act_addr_fam=InterNetwork;
      x-ms-keyvault-region: northeurope
      x-ms-keyvault-service-version: 1.2.164.0
      x-powered-by: ASP.NET
    status:
      code: 200
      message: OK
    url: https://mcpatinotest.vault.azure.net/keys/livekvtestkey096d6174c/create?api-version=7.1
- request:
    body: '{"kty": "RSA"}'
    headers:
      Accept:
      - application/json
      Content-Length:
      - '14'
      Content-Type:
      - application/json
      User-Agent:
      - azsdk-python-keyvault-keys/4.3.2 Python/3.5.3 (Windows-10-10.0.19041-SP0)
    method: POST
    uri: https://vaultname.vault.azure.net/keys/livekvtestkey196d6174c/create?api-version=7.1
  response:
    body:
      string: '{"key":{"kid":"https://vaultname.vault.azure.net/keys/livekvtestkey196d6174c/e9c4e2559dcb4674b1c22992ac627dd6","kty":"RSA","key_ops":["encrypt","decrypt","sign","verify","wrapKey","unwrapKey"],"n":"oqfQX7DjQX8poymoiD5q_vrqNcPvV0jk_foVnFDTszrNQHEfROsY5r8XUWUlWQgBRl179LvDwaVJ6o_EglslLukJ8caMtFNm-UtRZIdyQXj-chSNVwyZgVqCp8NLH7bBfq_4UIEtGD_4Co-AZiNWbV5UcJqc0xXi1IfX4QpbmMbMlkNboMcD8_M8oPtAii6jBe4Bnbc6TsiXypP3iiv63IRs4bVtMHigyBkjHg7n8-WZxjzYB5mN6emQhlhvbsIYG3yyK_64fPcb45VS_HRi_abjhaJDg_43M1jEAlhJmtBZ9OeeaW39Bgj5Hak_ayxMAivyOOMSXq62725jUQlxHQ","e":"AQAB"},"attributes":{"enabled":true,"created":1612576692,"updated":1612576692,"recoveryLevel":"Recoverable+Purgeable","recoverableDays":90}}'
    headers:
      cache-control: no-cache
      content-length: '690'
      content-type: application/json; charset=utf-8
      date: Sat, 06 Feb 2021 01:58:12 GMT
      expires: '-1'
      pragma: no-cache
      strict-transport-security: max-age=31536000;includeSubDomains
      x-content-type-options: nosniff
      x-ms-keyvault-network-info: conn_type=Ipv4;addr=174.127.232.53;act_addr_fam=InterNetwork;
      x-ms-keyvault-region: northeurope
      x-ms-keyvault-service-version: 1.2.164.0
      x-powered-by: ASP.NET
    status:
      code: 200
      message: OK
    url: https://mcpatinotest.vault.azure.net/keys/livekvtestkey196d6174c/create?api-version=7.1
- request:
    body: '{"kty": "RSA"}'
    headers:
      Accept:
      - application/json
      Content-Length:
      - '14'
      Content-Type:
      - application/json
      User-Agent:
      - azsdk-python-keyvault-keys/4.3.2 Python/3.5.3 (Windows-10-10.0.19041-SP0)
    method: POST
    uri: https://vaultname.vault.azure.net/keys/livekvtestkey296d6174c/create?api-version=7.1
  response:
    body:
      string: '{"key":{"kid":"https://vaultname.vault.azure.net/keys/livekvtestkey296d6174c/02880eedab934877ba4cc950643832ba","kty":"RSA","key_ops":["encrypt","decrypt","sign","verify","wrapKey","unwrapKey"],"n":"7FtoOaYOXPaVchzed-vUzZn6lSPCYbfvKi8jRIIEc2m6dZc8FvOvL7aXTYn-pFRzAWrxZR-a2h9wIo7o_BbBSHk1r6LCDAhwENQ7SlWtkUWnZJFQRfcEGkRv3ttTAKW-1qeb5K5Y9GWXGkjIBUwguW2f_AmCoSBM30XxlGeBXIggSNFRaH-0D4V4MXtW_D9qZpJjovM6XM6DlrfMHRNnpBlCSGknlKahU8X20EGmZaWLWAu5CWuxkA9DRJIC-thY-8aQrzTs8QPqJe614jLRCOvpuy_84B281f-9NMYjdkm8upL0HCAOWQWjDfNe67_6jXYcEeozJZJqna0rSgiIRQ","e":"AQAB"},"attributes":{"enabled":true,"created":1612576692,"updated":1612576692,"recoveryLevel":"Recoverable+Purgeable","recoverableDays":90}}'
    headers:
      cache-control: no-cache
      content-length: '690'
      content-type: application/json; charset=utf-8
      date: Sat, 06 Feb 2021 01:58:12 GMT
      expires: '-1'
      pragma: no-cache
      strict-transport-security: max-age=31536000;includeSubDomains
      x-content-type-options: nosniff
      x-ms-keyvault-network-info: conn_type=Ipv4;addr=174.127.232.53;act_addr_fam=InterNetwork;
      x-ms-keyvault-region: northeurope
      x-ms-keyvault-service-version: 1.2.164.0
      x-powered-by: ASP.NET
    status:
      code: 200
      message: OK
    url: https://mcpatinotest.vault.azure.net/keys/livekvtestkey296d6174c/create?api-version=7.1
- request:
    body: '{"kty": "RSA"}'
    headers:
      Accept:
      - application/json
      Content-Length:
      - '14'
      Content-Type:
      - application/json
      User-Agent:
      - azsdk-python-keyvault-keys/4.3.2 Python/3.5.3 (Windows-10-10.0.19041-SP0)
    method: POST
    uri: https://vaultname.vault.azure.net/keys/livekvtestkey396d6174c/create?api-version=7.1
  response:
    body:
      string: '{"key":{"kid":"https://vaultname.vault.azure.net/keys/livekvtestkey396d6174c/9a0a23b28fbe4ba6aee3058f899c342d","kty":"RSA","key_ops":["encrypt","decrypt","sign","verify","wrapKey","unwrapKey"],"n":"u7NCvNzdYziQ49hnmDY2lLjoqq1rlEajnszfy9E11SqW9w4JGmlbFmfnMumxX2j7--njXcZ2eLNGur5nzI-b1bZaAoO3pz5I0nxzhPKCSitXY6MgJUnjFUCSI1TINhn3vwxW8g5yxfvO7sn2V-eNi7PXD06JQicqPTXB05wxG8ztcQttyq8nqf6kiu1RgZHfl891eB8hmCbvdPAlv-6IQgRfXeCy8NFra3kzTQo-BQfjcS0jjAx50RVAuULz3tbKOWR_q3TulC_T74mKiRUhjGwh5YahPQIsWNaux0QTVv-M73J1suTDQHhhnY5afHyBk4vYbyIebcNjytZ5LfvuAQ","e":"AQAB"},"attributes":{"enabled":true,"created":1612576692,"updated":1612576692,"recoveryLevel":"Recoverable+Purgeable","recoverableDays":90}}'
    headers:
      cache-control: no-cache
      content-length: '690'
      content-type: application/json; charset=utf-8
      date: Sat, 06 Feb 2021 01:58:12 GMT
      expires: '-1'
      pragma: no-cache
      strict-transport-security: max-age=31536000;includeSubDomains
      x-content-type-options: nosniff
      x-ms-keyvault-network-info: conn_type=Ipv4;addr=174.127.232.53;act_addr_fam=InterNetwork;
      x-ms-keyvault-region: northeurope
      x-ms-keyvault-service-version: 1.2.164.0
      x-powered-by: ASP.NET
    status:
      code: 200
      message: OK
    url: https://mcpatinotest.vault.azure.net/keys/livekvtestkey396d6174c/create?api-version=7.1
- request:
    body: null
    headers:
      Accept:
      - application/json
      User-Agent:
      - azsdk-python-keyvault-keys/4.3.2 Python/3.5.3 (Windows-10-10.0.19041-SP0)
    method: GET
    uri: https://vaultname.vault.azure.net/keys?api-version=7.1
  response:
    body:
      string: '{"value":[{"kid":"https://vaultname.vault.azure.net/keys/livekvtestcrud-ec-key51c4108d","attributes":{"enabled":true,"created":1612576340,"updated":1612576340,"recoveryLevel":"Recoverable+Purgeable","recoverableDays":90},"tags":{"purpose":"unit
        test","test name":"CreateECKeyTest"}},{"kid":"https://vaultname.vault.azure.net/keys/livekvtestcrud-ec-key5416109f","attributes":{"enabled":true,"created":1612576462,"updated":1612576462,"recoveryLevel":"Recoverable+Purgeable","recoverableDays":90},"tags":{"purpose":"unit
        test","test name":"CreateECKeyTest"}},{"kid":"https://vaultname.vault.azure.net/keys/livekvtestcrud-P-256-ec-key51c4108d","attributes":{"enabled":true,"created":1612576342,"updated":1612576342,"recoveryLevel":"Recoverable+Purgeable","recoverableDays":90}},{"kid":"https://vaultname.vault.azure.net/keys/livekvtestcrud-P-256-ec-key5416109f","attributes":{"enabled":true,"created":1612576464,"updated":1612576464,"recoveryLevel":"Recoverable+Purgeable","recoverableDays":90}},{"kid":"https://vaultname.vault.azure.net/keys/livekvtestcrypto-test-encrypt-key56281625","attributes":{"enabled":true,"created":1612576323,"updated":1612576323,"recoveryLevel":"Recoverable+Purgeable","recoverableDays":90}},{"kid":"https://vaultname.vault.azure.net/keys/livekvtestcrypto-test-encrypt-key67c4112b","attributes":{"enabled":true,"created":1612576314,"updated":1612576314,"recoveryLevel":"Recoverable+Purgeable","recoverableDays":90}},{"kid":"https://vaultname.vault.azure.net/keys/livekvtestcrypto-test-wrapping-key25cf0f71","attributes":{"enabled":true,"created":1612576317,"updated":1612576317,"recoveryLevel":"Recoverable+Purgeable","recoverableDays":90}},{"kid":"https://vaultname.vault.azure.net/keys/livekvtestcrypto-test-wrapping-key26720f82","attributes":{"enabled":true,"created":1612576321,"updated":1612576321,"recoveryLevel":"Recoverable+Purgeable","recoverableDays":90}},{"kid":"https://vaultname.vault.azure.net/keys/livekvtestcrypto-test-wrapping-keyec147c","attributes":{"enabled":true,"created":1612576329,"updated":1612576329,"recoveryLevel":"Recoverable+Purgeable","recoverableDays":90}},{"kid":"https://vaultname.vault.azure.net/keys/livekvtestcrypto-test-wrapping-keyffd4146b","attributes":{"enabled":true,"created":1612576326,"updated":1612576326,"recoveryLevel":"Recoverable+Purgeable","recoverableDays":90}},{"kid":"https://vaultname.vault.azure.net/keys/livekvtestec-verify-P-25644021012","attributes":{"enabled":true,"created":1612576230,"updated":1612576230,"recoveryLevel":"Recoverable+Purgeable","recoverableDays":90}},{"kid":"https://vaultname.vault.azure.net/keys/livekvtestec-verify-P-256ae92128f","attributes":{"enabled":true,"created":1612576278,"updated":1612576278,"recoveryLevel":"Recoverable+Purgeable","recoverableDays":90}},{"kid":"https://vaultname.vault.azure.net/keys/livekvtestec-verify-P-256K44021012","attributes":{"enabled":true,"created":1612576231,"updated":1612576231,"recoveryLevel":"Recoverable+Purgeable","recoverableDays":90}},{"kid":"https://vaultname.vault.azure.net/keys/livekvtestec-verify-P-256Kae92128f","attributes":{"enabled":true,"created":1612576279,"updated":1612576279,"recoveryLevel":"Recoverable+Purgeable","recoverableDays":90}},{"kid":"https://vaultname.vault.azure.net/keys/livekvtestec-verify-P-38444021012","attributes":{"enabled":true,"created":1612576233,"updated":1612576233,"recoveryLevel":"Recoverable+Purgeable","recoverableDays":90}},{"kid":"https://vaultname.vault.azure.net/keys/livekvtestec-verify-P-384ae92128f","attributes":{"enabled":true,"created":1612576281,"updated":1612576281,"recoveryLevel":"Recoverable+Purgeable","recoverableDays":90}},{"kid":"https://vaultname.vault.azure.net/keys/livekvtestec-verify-P-52144021012","attributes":{"enabled":true,"created":1612576235,"updated":1612576235,"recoveryLevel":"Recoverable+Purgeable","recoverableDays":90}},{"kid":"https://vaultname.vault.azure.net/keys/livekvtestec-verify-P-521ae92128f","attributes":{"enabled":true,"created":1612576282,"updated":1612576282,"recoveryLevel":"Recoverable+Purgeable","recoverableDays":90}},{"kid":"https://vaultname.vault.azure.net/keys/livekvtesteckey44f81005","attributes":{"enabled":true,"created":1612576276,"updated":1612576276,"recoveryLevel":"Recoverable+Purgeable","recoverableDays":90}},{"kid":"https://vaultname.vault.azure.net/keys/livekvtesteckeye9470d88","attributes":{"enabled":true,"created":1612576227,"updated":1612576227,"recoveryLevel":"Recoverable+Purgeable","recoverableDays":90}},{"kid":"https://vaultname.vault.azure.net/keys/livekvtestencrypt-local256a0f5b","attributes":{"enabled":true,"created":1612576241,"updated":1612576241,"recoveryLevel":"Recoverable+Purgeable","recoverableDays":90}},{"kid":"https://vaultname.vault.azure.net/keys/livekvtestencrypt-local8b0011d8","attributes":{"enabled":true,"created":1612576287,"updated":1612576287,"recoveryLevel":"Recoverable+Purgeable","recoverableDays":90}},{"kid":"https://vaultname.vault.azure.net/keys/livekvtestimport-test-key51c4108d","attributes":{"enabled":true,"created":1612576342,"updated":1612576342,"recoveryLevel":"Recoverable+Purgeable","recoverableDays":90}}],"nextLink":"https://vaultname.vault.azure.net:443/keys?api-version=7.1&$skiptoken=eyJOZXh0TWFya2VyIjoiMiExMDghTURBd01ETTNJV3RsZVM5TVNWWkZTMVpVUlZOVVNVMVFUMUpVTFZSRlUxUXRTMFZaTlRReE5qRXdPVVloTURBd01ESTRJVGs1T1RrdE1USXRNekZVTWpNNk5UazZOVGt1T1RrNU9UazVPVm9oIiwiVGFyZ2V0TG9jYXRpb24iOjB9"}'
    headers:
      cache-control: no-cache
      content-length: '5481'
      content-type: application/json; charset=utf-8
      date: Sat, 06 Feb 2021 01:58:13 GMT
      expires: '-1'
      pragma: no-cache
      strict-transport-security: max-age=31536000;includeSubDomains
      x-content-type-options: nosniff
      x-ms-keyvault-network-info: conn_type=Ipv4;addr=174.127.232.53;act_addr_fam=InterNetwork;
      x-ms-keyvault-region: northeurope
      x-ms-keyvault-service-version: 1.2.164.0
      x-powered-by: ASP.NET
    status:
      code: 200
      message: OK
    url: https://mcpatinotest.vault.azure.net/keys?api-version=7.1
- request:
    body: null
    headers:
      Accept:
      - application/json
      User-Agent:
      - azsdk-python-keyvault-keys/4.3.2 Python/3.5.3 (Windows-10-10.0.19041-SP0)
    method: GET
    uri: https://vaultname.vault.azure.net:443/keys?api-version=7.1&$skiptoken=eyJOZXh0TWFya2VyIjoiMiExMDghTURBd01ETTNJV3RsZVM5TVNWWkZTMVpVUlZOVVNVMVFUMUpVTFZSRlUxUXRTMFZaTlRReE5qRXdPVVloTURBd01ESTRJVGs1T1RrdE1USXRNekZVTWpNNk5UazZOVGt1T1RrNU9UazVPVm9oIiwiVGFyZ2V0TG9jYXRpb24iOjB9
  response:
    body:
      string: '{"value":[{"kid":"https://vaultname.vault.azure.net/keys/livekvtestimport-test-key5416109f","attributes":{"enabled":true,"created":1612576464,"updated":1612576464,"recoveryLevel":"Recoverable+Purgeable","recoverableDays":90}},{"kid":"https://vaultname.vault.azure.net/keys/livekvtestkey-name889211d9","attributes":{"enabled":true,"created":1612576675,"updated":1612576675,"recoveryLevel":"Recoverable+Purgeable","recoverableDays":90}},{"kid":"https://vaultname.vault.azure.net/keys/livekvtestkey0110414cf","attributes":{"enabled":true,"created":1612576600,"updated":1612576600,"recoveryLevel":"Recoverable+Purgeable","recoverableDays":90}},{"kid":"https://vaultname.vault.azure.net/keys/livekvtestkey096d6174c","attributes":{"enabled":true,"created":1612576691,"updated":1612576691,"recoveryLevel":"Recoverable+Purgeable","recoverableDays":90}},{"kid":"https://vaultname.vault.azure.net/keys/livekvtestkey0a7710b8a","attributes":{"enabled":true,"created":1612576424,"updated":1612576424,"recoveryLevel":"Recoverable+Purgeable","recoverableDays":90}},{"kid":"https://vaultname.vault.azure.net/keys/livekvtestkey0a8eb0b9c","attributes":{"enabled":true,"created":1612576545,"updated":1612576545,"recoveryLevel":"Recoverable+Purgeable","recoverableDays":90}},{"kid":"https://vaultname.vault.azure.net/keys/livekvtestkey0b3510bf8","attributes":{"enabled":true,"created":1612576351,"updated":1612576351,"recoveryLevel":"Recoverable+Purgeable","recoverableDays":90}},{"kid":"https://vaultname.vault.azure.net/keys/livekvtestkey0b4dd0c0a","attributes":{"enabled":true,"created":1612576470,"updated":1612576470,"recoveryLevel":"Recoverable+Purgeable","recoverableDays":90}},{"kid":"https://vaultname.vault.azure.net/keys/livekvtestkey1110414cf","attributes":{"enabled":true,"created":1612576600,"updated":1612576600,"recoveryLevel":"Recoverable+Purgeable","recoverableDays":90}},{"kid":"https://vaultname.vault.azure.net/keys/livekvtestkey196d6174c","attributes":{"enabled":true,"created":1612576692,"updated":1612576692,"recoveryLevel":"Recoverable+Purgeable","recoverableDays":90}},{"kid":"https://vaultname.vault.azure.net/keys/livekvtestkey1a7710b8a","attributes":{"enabled":true,"created":1612576424,"updated":1612576424,"recoveryLevel":"Recoverable+Purgeable","recoverableDays":90}},{"kid":"https://vaultname.vault.azure.net/keys/livekvtestkey1a8eb0b9c","attributes":{"enabled":true,"created":1612576545,"updated":1612576545,"recoveryLevel":"Recoverable+Purgeable","recoverableDays":90}},{"kid":"https://vaultname.vault.azure.net/keys/livekvtestkey1b3510bf8","attributes":{"enabled":true,"created":1612576351,"updated":1612576351,"recoveryLevel":"Recoverable+Purgeable","recoverableDays":90}},{"kid":"https://vaultname.vault.azure.net/keys/livekvtestkey1b4dd0c0a","attributes":{"enabled":true,"created":1612576471,"updated":1612576471,"recoveryLevel":"Recoverable+Purgeable","recoverableDays":90}},{"kid":"https://vaultname.vault.azure.net/keys/livekvtestkey2110414cf","attributes":{"enabled":true,"created":1612576601,"updated":1612576601,"recoveryLevel":"Recoverable+Purgeable","recoverableDays":90}},{"kid":"https://vaultname.vault.azure.net/keys/livekvtestkey296d6174c","attributes":{"enabled":true,"created":1612576692,"updated":1612576692,"recoveryLevel":"Recoverable+Purgeable","recoverableDays":90}},{"kid":"https://vaultname.vault.azure.net/keys/livekvtestkey2a7710b8a","attributes":{"enabled":true,"created":1612576425,"updated":1612576425,"recoveryLevel":"Recoverable+Purgeable","recoverableDays":90}}],"nextLink":"https://vaultname.vault.azure.net:443/keys?api-version=7.1&$skiptoken=eyJOZXh0TWFya2VyIjoiMiE5NiFNREF3TURJMklXdGxlUzlNU1ZaRlMxWlVSVk5VUzBWWk1rRTRSVUl3UWpsRElUQXdNREF5T0NFNU9UazVMVEV5TFRNeFZESXpPalU1T2pVNUxqazVPVGs1T1RsYUlRLS0iLCJUYXJnZXRMb2NhdGlvbiI6MH0"}'
    headers:
      cache-control: no-cache
      content-length: '3832'
      content-type: application/json; charset=utf-8
      date: Sat, 06 Feb 2021 01:58:13 GMT
      expires: '-1'
      pragma: no-cache
      strict-transport-security: max-age=31536000;includeSubDomains
      x-content-type-options: nosniff
      x-ms-keyvault-network-info: conn_type=Ipv4;addr=174.127.232.53;act_addr_fam=InterNetwork;
      x-ms-keyvault-region: northeurope
      x-ms-keyvault-service-version: 1.2.164.0
      x-powered-by: ASP.NET
    status:
      code: 200
      message: OK
    url: https://mcpatinotest.vault.azure.net:443/keys?api-version=7.1&$skiptoken=eyJOZXh0TWFya2VyIjoiMiExMDghTURBd01ETTNJV3RsZVM5TVNWWkZTMVpVUlZOVVNVMVFUMUpVTFZSRlUxUXRTMFZaTlRReE5qRXdPVVloTURBd01ESTRJVGs1T1RrdE1USXRNekZVTWpNNk5UazZOVGt1T1RrNU9UazVPVm9oIiwiVGFyZ2V0TG9jYXRpb24iOjB9
- request:
    body: null
    headers:
      Accept:
      - application/json
      User-Agent:
      - azsdk-python-keyvault-keys/4.3.2 Python/3.5.3 (Windows-10-10.0.19041-SP0)
    method: GET
    uri: https://vaultname.vault.azure.net:443/keys?api-version=7.1&$skiptoken=eyJOZXh0TWFya2VyIjoiMiE5NiFNREF3TURJMklXdGxlUzlNU1ZaRlMxWlVSVk5VUzBWWk1rRTRSVUl3UWpsRElUQXdNREF5T0NFNU9UazVMVEV5TFRNeFZESXpPalU1T2pVNUxqazVPVGs1T1RsYUlRLS0iLCJUYXJnZXRMb2NhdGlvbiI6MH0
  response:
    body:
      string: '{"value":[{"kid":"https://vaultname.vault.azure.net/keys/livekvtestkey2a8eb0b9c","attributes":{"enabled":true,"created":1612576545,"updated":1612576545,"recoveryLevel":"Recoverable+Purgeable","recoverableDays":90}},{"kid":"https://vaultname.vault.azure.net/keys/livekvtestkey2b3510bf8","attributes":{"enabled":true,"created":1612576352,"updated":1612576352,"recoveryLevel":"Recoverable+Purgeable","recoverableDays":90}},{"kid":"https://vaultname.vault.azure.net/keys/livekvtestkey2b4dd0c0a","attributes":{"enabled":true,"created":1612576471,"updated":1612576471,"recoveryLevel":"Recoverable+Purgeable","recoverableDays":90}},{"kid":"https://vaultname.vault.azure.net/keys/livekvtestkey3110414cf","attributes":{"enabled":true,"created":1612576601,"updated":1612576601,"recoveryLevel":"Recoverable+Purgeable","recoverableDays":90}},{"kid":"https://vaultname.vault.azure.net/keys/livekvtestkey396d6174c","attributes":{"enabled":true,"created":1612576692,"updated":1612576692,"recoveryLevel":"Recoverable+Purgeable","recoverableDays":90}},{"kid":"https://vaultname.vault.azure.net/keys/livekvtestkey3a7710b8a","attributes":{"enabled":true,"created":1612576425,"updated":1612576425,"recoveryLevel":"Recoverable+Purgeable","recoverableDays":90}},{"kid":"https://vaultname.vault.azure.net/keys/livekvtestkey3a8eb0b9c","attributes":{"enabled":true,"created":1612576546,"updated":1612576546,"recoveryLevel":"Recoverable+Purgeable","recoverableDays":90}},{"kid":"https://vaultname.vault.azure.net/keys/livekvtestkey3b3510bf8","attributes":{"enabled":true,"created":1612576352,"updated":1612576352,"recoveryLevel":"Recoverable+Purgeable","recoverableDays":90}},{"kid":"https://vaultname.vault.azure.net/keys/livekvtestkey3b4dd0c0a","attributes":{"enabled":true,"created":1612576471,"updated":1612576471,"recoveryLevel":"Recoverable+Purgeable","recoverableDays":90}},{"kid":"https://vaultname.vault.azure.net/keys/livekvtestkey4a7710b8a","attributes":{"enabled":true,"created":1612576425,"updated":1612576425,"recoveryLevel":"Recoverable+Purgeable","recoverableDays":90}},{"kid":"https://vaultname.vault.azure.net/keys/livekvtestkey4a8eb0b9c","attributes":{"enabled":true,"created":1612576546,"updated":1612576546,"recoveryLevel":"Recoverable+Purgeable","recoverableDays":90}},{"kid":"https://vaultname.vault.azure.net/keys/livekvtestkey4b3510bf8","attributes":{"enabled":true,"created":1612576352,"updated":1612576352,"recoveryLevel":"Recoverable+Purgeable","recoverableDays":90}},{"kid":"https://vaultname.vault.azure.net/keys/livekvtestkey4b4dd0c0a","attributes":{"enabled":true,"created":1612576472,"updated":1612576472,"recoveryLevel":"Recoverable+Purgeable","recoverableDays":90}},{"kid":"https://vaultname.vault.azure.net/keys/livekvtestkey5a7710b8a","attributes":{"enabled":true,"created":1612576426,"updated":1612576426,"recoveryLevel":"Recoverable+Purgeable","recoverableDays":90}},{"kid":"https://vaultname.vault.azure.net/keys/livekvtestkey5a8eb0b9c","attributes":{"enabled":true,"created":1612576546,"updated":1612576546,"recoveryLevel":"Recoverable+Purgeable","recoverableDays":90}},{"kid":"https://vaultname.vault.azure.net/keys/livekvtestkey5b3510bf8","attributes":{"enabled":true,"created":1612576353,"updated":1612576353,"recoveryLevel":"Recoverable+Purgeable","recoverableDays":90}},{"kid":"https://vaultname.vault.azure.net/keys/livekvtestkey5b4dd0c0a","attributes":{"enabled":true,"created":1612576472,"updated":1612576472,"recoveryLevel":"Recoverable+Purgeable","recoverableDays":90}}],"nextLink":"https://vaultname.vault.azure.net:443/keys?api-version=7.1&$skiptoken=eyJOZXh0TWFya2VyIjoiMiE5NiFNREF3TURJMklXdGxlUzlNU1ZaRlMxWlVSVk5VUzBWWk5qa3hNVEV3UVVJM0lUQXdNREF5T0NFNU9UazVMVEV5TFRNeFZESXpPalU1T2pVNUxqazVPVGs1T1RsYUlRLS0iLCJUYXJnZXRMb2NhdGlvbiI6MH0"}'
    headers:
      cache-control: no-cache
      content-length: '3817'
      content-type: application/json; charset=utf-8
      date: Sat, 06 Feb 2021 01:58:14 GMT
      expires: '-1'
      pragma: no-cache
      strict-transport-security: max-age=31536000;includeSubDomains
      x-content-type-options: nosniff
      x-ms-keyvault-network-info: conn_type=Ipv4;addr=174.127.232.53;act_addr_fam=InterNetwork;
      x-ms-keyvault-region: northeurope
      x-ms-keyvault-service-version: 1.2.164.0
      x-powered-by: ASP.NET
    status:
      code: 200
      message: OK
    url: https://mcpatinotest.vault.azure.net:443/keys?api-version=7.1&$skiptoken=eyJOZXh0TWFya2VyIjoiMiE5NiFNREF3TURJMklXdGxlUzlNU1ZaRlMxWlVSVk5VUzBWWk1rRTRSVUl3UWpsRElUQXdNREF5T0NFNU9UazVMVEV5TFRNeFZESXpPalU1T2pVNUxqazVPVGs1T1RsYUlRLS0iLCJUYXJnZXRMb2NhdGlvbiI6MH0
- request:
    body: null
    headers:
      Accept:
      - application/json
      User-Agent:
      - azsdk-python-keyvault-keys/4.3.2 Python/3.5.3 (Windows-10-10.0.19041-SP0)
    method: GET
    uri: https://vaultname.vault.azure.net:443/keys?api-version=7.1&$skiptoken=eyJOZXh0TWFya2VyIjoiMiE5NiFNREF3TURJMklXdGxlUzlNU1ZaRlMxWlVSVk5VUzBWWk5qa3hNVEV3UVVJM0lUQXdNREF5T0NFNU9UazVMVEV5TFRNeFZESXpPalU1T2pVNUxqazVPVGs1T1RsYUlRLS0iLCJUYXJnZXRMb2NhdGlvbiI6MH0
  response:
    body:
      string: '{"value":[{"kid":"https://vaultname.vault.azure.net/keys/livekvtestkey6a7710b8a","attributes":{"enabled":true,"created":1612576426,"updated":1612576426,"recoveryLevel":"Recoverable+Purgeable","recoverableDays":90}},{"kid":"https://vaultname.vault.azure.net/keys/livekvtestkey6a8eb0b9c","attributes":{"enabled":true,"created":1612576547,"updated":1612576547,"recoveryLevel":"Recoverable+Purgeable","recoverableDays":90}},{"kid":"https://vaultname.vault.azure.net/keys/livekvtestkey6b3510bf8","attributes":{"enabled":true,"created":1612576353,"updated":1612576353,"recoveryLevel":"Recoverable+Purgeable","recoverableDays":90}},{"kid":"https://vaultname.vault.azure.net/keys/livekvtestkey6b4dd0c0a","attributes":{"enabled":true,"created":1612576472,"updated":1612576472,"recoveryLevel":"Recoverable+Purgeable","recoverableDays":90}},{"kid":"https://vaultname.vault.azure.net/keys/livekvtestkey95c61223","attributes":{"enabled":true,"created":1612576590,"updated":1612576590,"recoveryLevel":"Recoverable+Purgeable","recoverableDays":90}},{"kid":"https://vaultname.vault.azure.net/keys/livekvtestkeybak2e80e6d","attributes":{"enabled":true,"created":1612576331,"updated":1612576331,"recoveryLevel":"Recoverable+Purgeable","recoverableDays":90}},{"kid":"https://vaultname.vault.azure.net/keys/livekvtestkeybak4e00e7f","attributes":{"enabled":true,"created":1612576453,"updated":1612576453,"recoveryLevel":"Recoverable+Purgeable","recoverableDays":90}},{"kid":"https://vaultname.vault.azure.net/keys/livekvtestkeycrypt899e11dd","attributes":{"enabled":true,"created":1612576238,"updated":1612576238,"recoveryLevel":"Recoverable+Purgeable","recoverableDays":90}},{"kid":"https://vaultname.vault.azure.net/keys/livekvtestkeycryptfe22145a","attributes":{"enabled":true,"created":1612576284,"updated":1612576284,"recoveryLevel":"Recoverable+Purgeable","recoverableDays":90}},{"kid":"https://vaultname.vault.azure.net/keys/livekvtestkeyrec103214bc","attributes":{"enabled":true,"created":1612576610,"updated":1612576610,"recoveryLevel":"Recoverable+Purgeable","recoverableDays":90}},{"kid":"https://vaultname.vault.azure.net/keys/livekvtestkeysign44471023","attributes":{"enabled":true,"created":1612576264,"updated":1612576264,"recoveryLevel":"Recoverable+Purgeable","recoverableDays":90}},{"kid":"https://vaultname.vault.azure.net/keys/livekvtestkeysignaed712a0","attributes":{"enabled":true,"created":1612576305,"updated":1612576305,"recoveryLevel":"Recoverable+Purgeable","recoverableDays":90}},{"kid":"https://vaultname.vault.azure.net/keys/livekvtestkeywrap450e1034","attributes":{"enabled":true,"created":1612576267,"updated":1612576267,"recoveryLevel":"Recoverable+Purgeable","recoverableDays":90}},{"kid":"https://vaultname.vault.azure.net/keys/livekvtestkeywrapaf9e12b1","attributes":{"enabled":true,"created":1612576308,"updated":1612576308,"recoveryLevel":"Recoverable+Purgeable","recoverableDays":90}},{"kid":"https://vaultname.vault.azure.net/keys/livekvtestrsa-expired443f1a10","attributes":{"enabled":true,"exp":946684800,"created":1612576292,"updated":1612576292,"recoveryLevel":"Recoverable+Purgeable","recoverableDays":90}},{"kid":"https://vaultname.vault.azure.net/keys/livekvtestrsa-expiredacd61793","attributes":{"enabled":true,"exp":946684800,"created":1612576248,"updated":1612576248,"recoveryLevel":"Recoverable+Purgeable","recoverableDays":90}},{"kid":"https://vaultname.vault.azure.net/keys/livekvtestrsa-key-name116c0ea5","attributes":{"enabled":true,"created":1612576391,"updated":1612576391,"recoveryLevel":"Recoverable+Purgeable","recoverableDays":90}},{"kid":"https://vaultname.vault.azure.net/keys/livekvtestrsa-key-name13760eb7","attributes":{"enabled":true,"created":1612576511,"updated":1612576511,"recoveryLevel":"Recoverable+Purgeable","recoverableDays":90}},{"kid":"https://vaultname.vault.azure.net/keys/livekvtestrsa-key-name20a00f12","attributes":{"enabled":true,"created":1612576389,"updated":1612576389,"recoveryLevel":"Recoverable+Purgeable","recoverableDays":90}},{"kid":"https://vaultname.vault.azure.net/keys/livekvtestrsa-key-name22bc0f24","attributes":{"enabled":true,"created":1612576510,"updated":1612576510,"recoveryLevel":"Recoverable+Purgeable","recoverableDays":90}},{"kid":"https://vaultname.vault.azure.net/keys/livekvtestrsa-key53891608","attributes":{"enabled":true,"created":1612576274,"updated":1612576274,"recoveryLevel":"Recoverable+Purgeable","recoverableDays":90}},{"kid":"https://vaultname.vault.azure.net/keys/livekvtestrsa-key54661612","attributes":{"enabled":true,"created":1612576291,"updated":1612576291,"recoveryLevel":"Recoverable+Purgeable","recoverableDays":90}},{"kid":"https://vaultname.vault.azure.net/keys/livekvtestrsa-keyd502138b","attributes":{"enabled":true,"created":1612576225,"updated":1612576225,"recoveryLevel":"Recoverable+Purgeable","recoverableDays":90}},{"kid":"https://vaultname.vault.azure.net/keys/livekvtestrsa-keyd5df1395","attributes":{"enabled":true,"created":1612576246,"updated":1612576246,"recoveryLevel":"Recoverable+Purgeable","recoverableDays":90}},{"kid":"https://vaultname.vault.azure.net/keys/livekvtestrsa-not-yet-valid443f1a10","attributes":{"enabled":true,"nbf":32503680000,"created":1612576292,"updated":1612576292,"recoveryLevel":"Recoverable+Purgeable","recoverableDays":90}}],"nextLink":"https://vaultname.vault.azure.net:443/keys?api-version=7.1&$skiptoken=eyJOZXh0TWFya2VyIjoiMiExMTIhTURBd01ETTVJV3RsZVM5TVNWWkZTMVpVUlZOVVVsTkJMVTVQVkMxWlJWUXRWa0ZNU1VSQlEwUTJNVGM1TXlFd01EQXdNamdoT1RrNU9TMHhNaTB6TVZReU16bzFPVG8xT1M0NU9UazVPVGs1V2lFLSIsIlRhcmdldExvY2F0aW9uIjowfQ"}'
    headers:
      cache-control: no-cache
      content-length: '5648'
      content-type: application/json; charset=utf-8
      date: Sat, 06 Feb 2021 01:58:14 GMT
      expires: '-1'
      pragma: no-cache
      strict-transport-security: max-age=31536000;includeSubDomains
      x-content-type-options: nosniff
      x-ms-keyvault-network-info: conn_type=Ipv4;addr=174.127.232.53;act_addr_fam=InterNetwork;
      x-ms-keyvault-region: northeurope
      x-ms-keyvault-service-version: 1.2.164.0
      x-powered-by: ASP.NET
    status:
      code: 200
      message: OK
    url: https://mcpatinotest.vault.azure.net:443/keys?api-version=7.1&$skiptoken=eyJOZXh0TWFya2VyIjoiMiE5NiFNREF3TURJMklXdGxlUzlNU1ZaRlMxWlVSVk5VUzBWWk5qa3hNVEV3UVVJM0lUQXdNREF5T0NFNU9UazVMVEV5TFRNeFZESXpPalU1T2pVNUxqazVPVGs1T1RsYUlRLS0iLCJUYXJnZXRMb2NhdGlvbiI6MH0
- request:
    body: null
    headers:
      Accept:
      - application/json
      User-Agent:
      - azsdk-python-keyvault-keys/4.3.2 Python/3.5.3 (Windows-10-10.0.19041-SP0)
    method: GET
    uri: https://vaultname.vault.azure.net:443/keys?api-version=7.1&$skiptoken=eyJOZXh0TWFya2VyIjoiMiExMTIhTURBd01ETTVJV3RsZVM5TVNWWkZTMVpVUlZOVVVsTkJMVTVQVkMxWlJWUXRWa0ZNU1VSQlEwUTJNVGM1TXlFd01EQXdNamdoT1RrNU9TMHhNaTB6TVZReU16bzFPVG8xT1M0NU9UazVPVGs1V2lFLSIsIlRhcmdldExvY2F0aW9uIjowfQ
  response:
    body:
      string: '{"value":[{"kid":"https://vaultname.vault.azure.net/keys/livekvtestrsa-not-yet-validacd61793","attributes":{"enabled":true,"nbf":32503680000,"created":1612576247,"updated":1612576247,"recoveryLevel":"Recoverable+Purgeable","recoverableDays":90}},{"kid":"https://vaultname.vault.azure.net/keys/livekvtestrsa-valid443f1a10","attributes":{"enabled":true,"nbf":32503680000,"exp":32535216000,"created":1612576293,"updated":1612576293,"recoveryLevel":"Recoverable+Purgeable","recoverableDays":90}},{"kid":"https://vaultname.vault.azure.net/keys/livekvtestrsa-validacd61793","attributes":{"enabled":true,"nbf":32503680000,"exp":32535216000,"created":1612576248,"updated":1612576248,"recoveryLevel":"Recoverable+Purgeable","recoverableDays":90}},{"kid":"https://vaultname.vault.azure.net/keys/livekvtestrsa-verify-204855c41090","attributes":{"enabled":true,"created":1612576253,"updated":1612576253,"recoveryLevel":"Recoverable+Purgeable","recoverableDays":90}},{"kid":"https://vaultname.vault.azure.net/keys/livekvtestrsa-verify-2048c2d1130d","attributes":{"enabled":true,"created":1612576297,"updated":1612576297,"recoveryLevel":"Recoverable+Purgeable","recoverableDays":90}},{"kid":"https://vaultname.vault.azure.net/keys/livekvtestrsa-verify-307255c41090","attributes":{"enabled":true,"created":1612576256,"updated":1612576256,"recoveryLevel":"Recoverable+Purgeable","recoverableDays":90}},{"kid":"https://vaultname.vault.azure.net/keys/livekvtestrsa-verify-3072c2d1130d","attributes":{"enabled":true,"created":1612576299,"updated":1612576299,"recoveryLevel":"Recoverable+Purgeable","recoverableDays":90}},{"kid":"https://vaultname.vault.azure.net/keys/livekvtestrsa-verify-409655c41090","attributes":{"enabled":true,"created":1612576259,"updated":1612576259,"recoveryLevel":"Recoverable+Purgeable","recoverableDays":90}},{"kid":"https://vaultname.vault.azure.net/keys/livekvtestrsa-verify-4096c2d1130d","attributes":{"enabled":true,"created":1612576301,"updated":1612576301,"recoveryLevel":"Recoverable+Purgeable","recoverableDays":90}},{"kid":"https://vaultname.vault.azure.net/keys/livekvtestrsakey56431083","attributes":{"enabled":true,"created":1612576294,"updated":1612576294,"recoveryLevel":"Recoverable+Purgeable","recoverableDays":90}},{"kid":"https://vaultname.vault.azure.net/keys/livekvtestrsakeyf8150e06","attributes":{"enabled":true,"created":1612576250,"updated":1612576250,"recoveryLevel":"Recoverable+Purgeable","recoverableDays":90}},{"kid":"https://vaultname.vault.azure.net/keys/livekvtesttestKeyf5fa0e28","attributes":{"enabled":true,"created":1612576387,"updated":1612576387,"recoveryLevel":"Recoverable+Purgeable","recoverableDays":90}},{"kid":"https://vaultname.vault.azure.net/keys/livekvtesttestKeyf7e00e3a","attributes":{"enabled":true,"created":1612576508,"updated":1612576508,"recoveryLevel":"Recoverable+Purgeable","recoverableDays":90}},{"kid":"https://vaultname.vault.azure.net/keys/livekvtestwrap-local569a108d","attributes":{"enabled":true,"created":1612576310,"updated":1612576310,"recoveryLevel":"Recoverable+Purgeable","recoverableDays":90}},{"kid":"https://vaultname.vault.azure.net/keys/livekvtestwrap-localf86c0e10","attributes":{"enabled":true,"created":1612576270,"updated":1612576270,"recoveryLevel":"Recoverable+Purgeable","recoverableDays":90}},{"kid":"https://vaultname.vault.azure.net/keys/test-rsa","attributes":{"enabled":true,"created":1612558238,"updated":1612558238,"recoveryLevel":"Recoverable+Purgeable","recoverableDays":90}}],"nextLink":null}'
    headers:
      cache-control: no-cache
      content-length: '3542'
      content-type: application/json; charset=utf-8
      date: Sat, 06 Feb 2021 01:58:15 GMT
      expires: '-1'
      pragma: no-cache
      strict-transport-security: max-age=31536000;includeSubDomains
      x-content-type-options: nosniff
      x-ms-keyvault-network-info: conn_type=Ipv4;addr=174.127.232.53;act_addr_fam=InterNetwork;
      x-ms-keyvault-region: northeurope
      x-ms-keyvault-service-version: 1.2.164.0
      x-powered-by: ASP.NET
    status:
      code: 200
      message: OK
    url: https://mcpatinotest.vault.azure.net:443/keys?api-version=7.1&$skiptoken=eyJOZXh0TWFya2VyIjoiMiExMTIhTURBd01ETTVJV3RsZVM5TVNWWkZTMVpVUlZOVVVsTkJMVTVQVkMxWlJWUXRWa0ZNU1VSQlEwUTJNVGM1TXlFd01EQXdNamdoT1RrNU9TMHhNaTB6TVZReU16bzFPVG8xT1M0NU9UazVPVGs1V2lFLSIsIlRhcmdldExvY2F0aW9uIjowfQ
- request:
    body: null
    headers:
      Accept:
      - application/json
      User-Agent:
      - azsdk-python-keyvault-keys/4.3.2 Python/3.5.3 (Windows-10-10.0.19041-SP0)
    method: GET
    uri: https://vaultname.vault.azure.net/keys/key-name/versions?api-version=7.1
  response:
    body:
      string: '{"value":[],"nextLink":null}'
    headers:
      cache-control: no-cache
      content-length: '28'
      content-type: application/json; charset=utf-8
      date: Sat, 06 Feb 2021 01:58:15 GMT
      expires: '-1'
      pragma: no-cache
      strict-transport-security: max-age=31536000;includeSubDomains
      x-content-type-options: nosniff
      x-ms-keyvault-network-info: conn_type=Ipv4;addr=174.127.232.53;act_addr_fam=InterNetwork;
      x-ms-keyvault-region: northeurope
      x-ms-keyvault-service-version: 1.2.164.0
      x-powered-by: ASP.NET
    status:
      code: 200
      message: OK
    url: https://mcpatinotest.vault.azure.net/keys/key-name/versions?api-version=7.1
- request:
    body: null
    headers:
      Accept:
      - application/json
      User-Agent:
      - azsdk-python-keyvault-keys/4.3.2 Python/3.5.3 (Windows-10-10.0.19041-SP0)
    method: GET
    uri: https://vaultname.vault.azure.net/deletedkeys?api-version=7.1
  response:
    body:
      string: '{"value":[{"recoveryId":"https://vaultname.vault.azure.net/deletedkeys/livekvtestcrud-rsa-key51c4108d","deletedDate":1612576344,"scheduledPurgeDate":1620352344,"kid":"https://vaultname.vault.azure.net/keys/livekvtestcrud-rsa-key51c4108d","attributes":{"enabled":true,"exp":2524723200,"created":1612576342,"updated":1612576344,"recoveryLevel":"Recoverable+Purgeable","recoverableDays":90},"tags":{"foo":"updated
        tag"}},{"recoveryId":"https://vaultname.vault.azure.net/deletedkeys/livekvtestcrud-rsa-key5416109f","deletedDate":1612576466,"scheduledPurgeDate":1620352466,"kid":"https://vaultname.vault.azure.net/keys/livekvtestcrud-rsa-key5416109f","attributes":{"enabled":true,"exp":2524723200,"created":1612576464,"updated":1612576466,"recoveryLevel":"Recoverable+Purgeable","recoverableDays":90},"tags":{"foo":"updated
        tag"}}],"nextLink":"https://vaultname.vault.azure.net:443/deletedkeys?api-version=7.1&$skiptoken=eyJOZXh0TWFya2VyIjoiMiExNTIhTURBd01EY3dJV3RsZVM5TVNWWkZTMVpVUlZOVVJVTXRWa1ZTU1VaWkxWQXRNalUyTkRRd01qRXdNVEl2TUVSRE1USTVSVVJFTWtSQ05EWkNSamxCUWpnNU5ESTNSRE01TXpFNU9EY2hNREF3TURJNElUazVPVGt0TVRJdE16RlVNak02TlRrNk5Ua3VPVGs1T1RrNU9Wb2giLCJUYXJnZXRMb2NhdGlvbiI6MH0"}'
    headers:
      cache-control: no-cache
      content-length: '1192'
      content-type: application/json; charset=utf-8
      date: Sat, 06 Feb 2021 01:58:15 GMT
      expires: '-1'
      pragma: no-cache
      strict-transport-security: max-age=31536000;includeSubDomains
      x-content-type-options: nosniff
      x-ms-keyvault-network-info: conn_type=Ipv4;addr=174.127.232.53;act_addr_fam=InterNetwork;
      x-ms-keyvault-region: northeurope
      x-ms-keyvault-service-version: 1.2.164.0
      x-powered-by: ASP.NET
    status:
      code: 200
      message: OK
    url: https://mcpatinotest.vault.azure.net/deletedkeys?api-version=7.1
- request:
    body: null
    headers:
      Accept:
      - application/json
      User-Agent:
      - azsdk-python-keyvault-keys/4.3.2 Python/3.5.3 (Windows-10-10.0.19041-SP0)
    method: GET
    uri: https://vaultname.vault.azure.net:443/deletedkeys?api-version=7.1&$skiptoken=eyJOZXh0TWFya2VyIjoiMiExNTIhTURBd01EY3dJV3RsZVM5TVNWWkZTMVpVUlZOVVJVTXRWa1ZTU1VaWkxWQXRNalUyTkRRd01qRXdNVEl2TUVSRE1USTVSVVJFTWtSQ05EWkNSamxCUWpnNU5ESTNSRE01TXpFNU9EY2hNREF3TURJNElUazVPVGt0TVRJdE16RlVNak02TlRrNk5Ua3VPVGs1T1RrNU9Wb2giLCJUYXJnZXRMb2NhdGlvbiI6MH0
  response:
    body:
      string: '{"value":[],"nextLink":"https://vaultname.vault.azure.net:443/deletedkeys?api-version=7.1&$skiptoken=eyJOZXh0TWFya2VyIjoiMiExMDghTURBd01ETTNJV3RsZVM5TVNWWkZTMVpVUlZOVVNVMVFUMUpVTFZSRlUxUXRTMFZaTlRReE5qRXdPVVloTURBd01ESTRJVGs1T1RrdE1USXRNekZVTWpNNk5UazZOVGt1T1RrNU9UazVPVm9oIiwiVGFyZ2V0TG9jYXRpb24iOjB9"}'
    headers:
      cache-control: no-cache
      content-length: '306'
      content-type: application/json; charset=utf-8
      date: Sat, 06 Feb 2021 01:58:15 GMT
      expires: '-1'
      pragma: no-cache
      strict-transport-security: max-age=31536000;includeSubDomains
      x-content-type-options: nosniff
      x-ms-keyvault-network-info: conn_type=Ipv4;addr=174.127.232.53;act_addr_fam=InterNetwork;
      x-ms-keyvault-region: northeurope
      x-ms-keyvault-service-version: 1.2.164.0
      x-powered-by: ASP.NET
    status:
      code: 200
      message: OK
    url: https://mcpatinotest.vault.azure.net:443/deletedkeys?api-version=7.1&$skiptoken=eyJOZXh0TWFya2VyIjoiMiExNTIhTURBd01EY3dJV3RsZVM5TVNWWkZTMVpVUlZOVVJVTXRWa1ZTU1VaWkxWQXRNalUyTkRRd01qRXdNVEl2TUVSRE1USTVSVVJFTWtSQ05EWkNSamxCUWpnNU5ESTNSRE01TXpFNU9EY2hNREF3TURJNElUazVPVGt0TVRJdE16RlVNak02TlRrNk5Ua3VPVGs1T1RrNU9Wb2giLCJUYXJnZXRMb2NhdGlvbiI6MH0
- request:
    body: null
    headers:
      Accept:
      - application/json
      User-Agent:
      - azsdk-python-keyvault-keys/4.3.2 Python/3.5.3 (Windows-10-10.0.19041-SP0)
    method: GET
    uri: https://vaultname.vault.azure.net:443/deletedkeys?api-version=7.1&$skiptoken=eyJOZXh0TWFya2VyIjoiMiExMDghTURBd01ETTNJV3RsZVM5TVNWWkZTMVpVUlZOVVNVMVFUMUpVTFZSRlUxUXRTMFZaTlRReE5qRXdPVVloTURBd01ESTRJVGs1T1RrdE1USXRNekZVTWpNNk5UazZOVGt1T1RrNU9UazVPVm9oIiwiVGFyZ2V0TG9jYXRpb24iOjB9
  response:
    body:
      string: '{"value":[{"recoveryId":"https://vaultname.vault.azure.net/deletedkeys/livekvtestkey-name105514c1","deletedDate":1612576595,"scheduledPurgeDate":1620352595,"kid":"https://vaultname.vault.azure.net/keys/livekvtestkey-name105514c1","attributes":{"enabled":true,"exp":2524723200,"created":1612576594,"updated":1612576594,"recoveryLevel":"Recoverable+Purgeable","recoverableDays":90},"tags":{"foo":"updated
        tag"}},{"recoveryId":"https://vaultname.vault.azure.net/deletedkeys/livekvtestkey-name9627173e","deletedDate":1612576687,"scheduledPurgeDate":1620352687,"kid":"https://vaultname.vault.azure.net/keys/livekvtestkey-name9627173e","attributes":{"enabled":true,"exp":2524723200,"created":1612576686,"updated":1612576686,"recoveryLevel":"Recoverable+Purgeable","recoverableDays":90},"tags":{"foo":"updated
        tag"}},{"recoveryId":"https://vaultname.vault.azure.net/deletedkeys/livekvtestkey030c90fa1","deletedDate":1612576374,"scheduledPurgeDate":1620352374,"kid":"https://vaultname.vault.azure.net/keys/livekvtestkey030c90fa1","attributes":{"enabled":true,"created":1612576358,"updated":1612576358,"recoveryLevel":"Recoverable+Purgeable","recoverableDays":90}},{"recoveryId":"https://vaultname.vault.azure.net/deletedkeys/livekvtestkey032f70fb3","deletedDate":1612576491,"scheduledPurgeDate":1620352491,"kid":"https://vaultname.vault.azure.net/keys/livekvtestkey032f70fb3","attributes":{"enabled":true,"created":1612576478,"updated":1612576478,"recoveryLevel":"Recoverable+Purgeable","recoverableDays":90}}],"nextLink":"https://vaultname.vault.azure.net:443/deletedkeys?api-version=7.1&$skiptoken=eyJOZXh0TWFya2VyIjoiMiExNDAhTURBd01EVTVJV3RsZVM5TVNWWkZTMVpVUlZOVVMwVlpNVEV4TURReE5FTkdMekkyUXpSRVJESkNRamxDTkRSQ09EazRSVVJDTmpNMFFUVkVOVFk1UTBFMElUQXdNREF5T0NFNU9UazVMVEV5TFRNeFZESXpPalU1T2pVNUxqazVPVGs1T1RsYUlRLS0iLCJUYXJnZXRMb2NhdGlvbiI6MH0"}'
    headers:
      cache-control: no-cache
      content-length: '1864'
      content-type: application/json; charset=utf-8
      date: Sat, 06 Feb 2021 01:58:16 GMT
      expires: '-1'
      pragma: no-cache
      strict-transport-security: max-age=31536000;includeSubDomains
      x-content-type-options: nosniff
      x-ms-keyvault-network-info: conn_type=Ipv4;addr=174.127.232.53;act_addr_fam=InterNetwork;
      x-ms-keyvault-region: northeurope
      x-ms-keyvault-service-version: 1.2.164.0
      x-powered-by: ASP.NET
    status:
      code: 200
      message: OK
    url: https://mcpatinotest.vault.azure.net:443/deletedkeys?api-version=7.1&$skiptoken=eyJOZXh0TWFya2VyIjoiMiExMDghTURBd01ETTNJV3RsZVM5TVNWWkZTMVpVUlZOVVNVMVFUMUpVTFZSRlUxUXRTMFZaTlRReE5qRXdPVVloTURBd01ESTRJVGs1T1RrdE1USXRNekZVTWpNNk5UazZOVGt1T1RrNU9UazVPVm9oIiwiVGFyZ2V0TG9jYXRpb24iOjB9
- request:
    body: null
    headers:
      Accept:
      - application/json
      User-Agent:
      - azsdk-python-keyvault-keys/4.3.2 Python/3.5.3 (Windows-10-10.0.19041-SP0)
    method: GET
    uri: https://vaultname.vault.azure.net:443/deletedkeys?api-version=7.1&$skiptoken=eyJOZXh0TWFya2VyIjoiMiExNDAhTURBd01EVTVJV3RsZVM5TVNWWkZTMVpVUlZOVVMwVlpNVEV4TURReE5FTkdMekkyUXpSRVJESkNRamxDTkRSQ09EazRSVVJDTmpNMFFUVkVOVFk1UTBFMElUQXdNREF5T0NFNU9UazVMVEV5TFRNeFZESXpPalU1T2pVNUxqazVPVGs1T1RsYUlRLS0iLCJUYXJnZXRMb2NhdGlvbiI6MH0
  response:
    body:
      string: '{"value":[{"recoveryId":"https://vaultname.vault.azure.net/deletedkeys/livekvtestkey130c90fa1","deletedDate":1612576376,"scheduledPurgeDate":1620352376,"kid":"https://vaultname.vault.azure.net/keys/livekvtestkey130c90fa1","attributes":{"enabled":true,"created":1612576358,"updated":1612576358,"recoveryLevel":"Recoverable+Purgeable","recoverableDays":90}},{"recoveryId":"https://vaultname.vault.azure.net/deletedkeys/livekvtestkey132f70fb3","deletedDate":1612576486,"scheduledPurgeDate":1620352486,"kid":"https://vaultname.vault.azure.net/keys/livekvtestkey132f70fb3","attributes":{"enabled":true,"created":1612576478,"updated":1612576478,"recoveryLevel":"Recoverable+Purgeable","recoverableDays":90}},{"recoveryId":"https://vaultname.vault.azure.net/deletedkeys/livekvtestkey230c90fa1","deletedDate":1612576371,"scheduledPurgeDate":1620352371,"kid":"https://vaultname.vault.azure.net/keys/livekvtestkey230c90fa1","attributes":{"enabled":true,"created":1612576359,"updated":1612576359,"recoveryLevel":"Recoverable+Purgeable","recoverableDays":90}},{"recoveryId":"https://vaultname.vault.azure.net/deletedkeys/livekvtestkey232f70fb3","deletedDate":1612576488,"scheduledPurgeDate":1620352488,"kid":"https://vaultname.vault.azure.net/keys/livekvtestkey232f70fb3","attributes":{"enabled":true,"created":1612576479,"updated":1612576479,"recoveryLevel":"Recoverable+Purgeable","recoverableDays":90}}],"nextLink":"https://vaultname.vault.azure.net:443/deletedkeys?api-version=7.1&$skiptoken=eyJOZXh0TWFya2VyIjoiMiE5NiFNREF3TURJMklXdGxlUzlNU1ZaRlMxWlVSVk5VUzBWWk1rRTRSVUl3UWpsRElUQXdNREF5T0NFNU9UazVMVEV5TFRNeFZESXpPalU1T2pVNUxqazVPVGs1T1RsYUlRLS0iLCJUYXJnZXRMb2NhdGlvbiI6MH0"}'
    headers:
      cache-control: no-cache
      content-length: '1696'
      content-type: application/json; charset=utf-8
      date: Sat, 06 Feb 2021 01:58:16 GMT
      expires: '-1'
      pragma: no-cache
      strict-transport-security: max-age=31536000;includeSubDomains
      x-content-type-options: nosniff
      x-ms-keyvault-network-info: conn_type=Ipv4;addr=174.127.232.53;act_addr_fam=InterNetwork;
      x-ms-keyvault-region: northeurope
      x-ms-keyvault-service-version: 1.2.164.0
      x-powered-by: ASP.NET
    status:
      code: 200
      message: OK
    url: https://mcpatinotest.vault.azure.net:443/deletedkeys?api-version=7.1&$skiptoken=eyJOZXh0TWFya2VyIjoiMiExNDAhTURBd01EVTVJV3RsZVM5TVNWWkZTMVpVUlZOVVMwVlpNVEV4TURReE5FTkdMekkyUXpSRVJESkNRamxDTkRSQ09EazRSVVJDTmpNMFFUVkVOVFk1UTBFMElUQXdNREF5T0NFNU9UazVMVEV5TFRNeFZESXpPalU1T2pVNUxqazVPVGs1T1RsYUlRLS0iLCJUYXJnZXRMb2NhdGlvbiI6MH0
- request:
    body: null
    headers:
      Accept:
      - application/json
      User-Agent:
      - azsdk-python-keyvault-keys/4.3.2 Python/3.5.3 (Windows-10-10.0.19041-SP0)
    method: GET
    uri: https://vaultname.vault.azure.net:443/deletedkeys?api-version=7.1&$skiptoken=eyJOZXh0TWFya2VyIjoiMiE5NiFNREF3TURJMklXdGxlUzlNU1ZaRlMxWlVSVk5VUzBWWk1rRTRSVUl3UWpsRElUQXdNREF5T0NFNU9UazVMVEV5TFRNeFZESXpPalU1T2pVNUxqazVPVGs1T1RsYUlRLS0iLCJUYXJnZXRMb2NhdGlvbiI6MH0
  response:
    body:
      string: '{"value":[{"recoveryId":"https://vaultname.vault.azure.net/deletedkeys/livekvtestkey330c90fa1","deletedDate":1612576363,"scheduledPurgeDate":1620352363,"kid":"https://vaultname.vault.azure.net/keys/livekvtestkey330c90fa1","attributes":{"enabled":true,"created":1612576359,"updated":1612576359,"recoveryLevel":"Recoverable+Purgeable","recoverableDays":90}},{"recoveryId":"https://vaultname.vault.azure.net/deletedkeys/livekvtestkey332f70fb3","deletedDate":1612576480,"scheduledPurgeDate":1620352480,"kid":"https://vaultname.vault.azure.net/keys/livekvtestkey332f70fb3","attributes":{"enabled":true,"created":1612576479,"updated":1612576479,"recoveryLevel":"Recoverable+Purgeable","recoverableDays":90}},{"recoveryId":"https://vaultname.vault.azure.net/deletedkeys/livekvtestkey430c90fa1","deletedDate":1612576368,"scheduledPurgeDate":1620352368,"kid":"https://vaultname.vault.azure.net/keys/livekvtestkey430c90fa1","attributes":{"enabled":true,"created":1612576359,"updated":1612576359,"recoveryLevel":"Recoverable+Purgeable","recoverableDays":90}},{"recoveryId":"https://vaultname.vault.azure.net/deletedkeys/livekvtestkey432f70fb3","deletedDate":1612576494,"scheduledPurgeDate":1620352494,"kid":"https://vaultname.vault.azure.net/keys/livekvtestkey432f70fb3","attributes":{"enabled":true,"created":1612576479,"updated":1612576479,"recoveryLevel":"Recoverable+Purgeable","recoverableDays":90}}],"nextLink":"https://vaultname.vault.azure.net:443/deletedkeys?api-version=7.1&$skiptoken=eyJOZXh0TWFya2VyIjoiMiExNDAhTURBd01EVTVJV3RsZVM5TVNWWkZTMVpVUlZOVVMwVlpORE15Umpjd1JrSXpMek0yUWpKQ05ETXdRalF5TVRSR1JETTRNamxHTlRreFFVTTNSVUV6TmpoR0lUQXdNREF5T0NFNU9UazVMVEV5TFRNeFZESXpPalU1T2pVNUxqazVPVGs1T1RsYUlRLS0iLCJUYXJnZXRMb2NhdGlvbiI6MH0"}'
    headers:
      cache-control: no-cache
      content-length: '1756'
      content-type: application/json; charset=utf-8
      date: Sat, 06 Feb 2021 01:58:16 GMT
      expires: '-1'
      pragma: no-cache
      strict-transport-security: max-age=31536000;includeSubDomains
      x-content-type-options: nosniff
      x-ms-keyvault-network-info: conn_type=Ipv4;addr=174.127.232.53;act_addr_fam=InterNetwork;
      x-ms-keyvault-region: northeurope
      x-ms-keyvault-service-version: 1.2.164.0
      x-powered-by: ASP.NET
    status:
      code: 200
      message: OK
    url: https://mcpatinotest.vault.azure.net:443/deletedkeys?api-version=7.1&$skiptoken=eyJOZXh0TWFya2VyIjoiMiE5NiFNREF3TURJMklXdGxlUzlNU1ZaRlMxWlVSVk5VUzBWWk1rRTRSVUl3UWpsRElUQXdNREF5T0NFNU9UazVMVEV5TFRNeFZESXpPalU1T2pVNUxqazVPVGs1T1RsYUlRLS0iLCJUYXJnZXRMb2NhdGlvbiI6MH0
- request:
    body: null
    headers:
      Accept:
      - application/json
      User-Agent:
      - azsdk-python-keyvault-keys/4.3.2 Python/3.5.3 (Windows-10-10.0.19041-SP0)
    method: GET
    uri: https://vaultname.vault.azure.net:443/deletedkeys?api-version=7.1&$skiptoken=eyJOZXh0TWFya2VyIjoiMiExNDAhTURBd01EVTVJV3RsZVM5TVNWWkZTMVpVUlZOVVMwVlpORE15Umpjd1JrSXpMek0yUWpKQ05ETXdRalF5TVRSR1JETTRNamxHTlRreFFVTTNSVUV6TmpoR0lUQXdNREF5T0NFNU9UazVMVEV5TFRNeFZESXpPalU1T2pVNUxqazVPVGs1T1RsYUlRLS0iLCJUYXJnZXRMb2NhdGlvbiI6MH0
  response:
    body:
      string: '{"value":[{"recoveryId":"https://vaultname.vault.azure.net/deletedkeys/livekvtestkey530c90fa1","deletedDate":1612576360,"scheduledPurgeDate":1620352360,"kid":"https://vaultname.vault.azure.net/keys/livekvtestkey530c90fa1","attributes":{"enabled":true,"created":1612576360,"updated":1612576360,"recoveryLevel":"Recoverable+Purgeable","recoverableDays":90}},{"recoveryId":"https://vaultname.vault.azure.net/deletedkeys/livekvtestkey532f70fb3","deletedDate":1612576483,"scheduledPurgeDate":1620352483,"kid":"https://vaultname.vault.azure.net/keys/livekvtestkey532f70fb3","attributes":{"enabled":true,"created":1612576480,"updated":1612576480,"recoveryLevel":"Recoverable+Purgeable","recoverableDays":90}},{"recoveryId":"https://vaultname.vault.azure.net/deletedkeys/livekvtestkey630c90fa1","deletedDate":1612576366,"scheduledPurgeDate":1620352366,"kid":"https://vaultname.vault.azure.net/keys/livekvtestkey630c90fa1","attributes":{"enabled":true,"created":1612576360,"updated":1612576360,"recoveryLevel":"Recoverable+Purgeable","recoverableDays":90}},{"recoveryId":"https://vaultname.vault.azure.net/deletedkeys/livekvtestkey632f70fb3","deletedDate":1612576496,"scheduledPurgeDate":1620352496,"kid":"https://vaultname.vault.azure.net/keys/livekvtestkey632f70fb3","attributes":{"enabled":true,"created":1612576480,"updated":1612576480,"recoveryLevel":"Recoverable+Purgeable","recoverableDays":90}}],"nextLink":"https://vaultname.vault.azure.net:443/deletedkeys?api-version=7.1&$skiptoken=eyJOZXh0TWFya2VyIjoiMiE5NiFNREF3TURJMklXdGxlUzlNU1ZaRlMxWlVSVk5VUzBWWk5qa3hNVEV3UVVJM0lUQXdNREF5T0NFNU9UazVMVEV5TFRNeFZESXpPalU1T2pVNUxqazVPVGs1T1RsYUlRLS0iLCJUYXJnZXRMb2NhdGlvbiI6MH0"}'
    headers:
      cache-control: no-cache
      content-length: '1696'
      content-type: application/json; charset=utf-8
      date: Sat, 06 Feb 2021 01:58:16 GMT
      expires: '-1'
      pragma: no-cache
      strict-transport-security: max-age=31536000;includeSubDomains
      x-content-type-options: nosniff
      x-ms-keyvault-network-info: conn_type=Ipv4;addr=174.127.232.53;act_addr_fam=InterNetwork;
      x-ms-keyvault-region: northeurope
      x-ms-keyvault-service-version: 1.2.164.0
      x-powered-by: ASP.NET
    status:
      code: 200
      message: OK
    url: https://mcpatinotest.vault.azure.net:443/deletedkeys?api-version=7.1&$skiptoken=eyJOZXh0TWFya2VyIjoiMiExNDAhTURBd01EVTVJV3RsZVM5TVNWWkZTMVpVUlZOVVMwVlpORE15Umpjd1JrSXpMek0yUWpKQ05ETXdRalF5TVRSR1JETTRNamxHTlRreFFVTTNSVUV6TmpoR0lUQXdNREF5T0NFNU9UazVMVEV5TFRNeFZESXpPalU1T2pVNUxqazVPVGs1T1RsYUlRLS0iLCJUYXJnZXRMb2NhdGlvbiI6MH0
- request:
    body: null
    headers:
      Accept:
      - application/json
      User-Agent:
      - azsdk-python-keyvault-keys/4.3.2 Python/3.5.3 (Windows-10-10.0.19041-SP0)
    method: GET
    uri: https://vaultname.vault.azure.net:443/deletedkeys?api-version=7.1&$skiptoken=eyJOZXh0TWFya2VyIjoiMiE5NiFNREF3TURJMklXdGxlUzlNU1ZaRlMxWlVSVk5VUzBWWk5qa3hNVEV3UVVJM0lUQXdNREF5T0NFNU9UazVMVEV5TFRNeFZESXpPalU1T2pVNUxqazVPVGs1T1RsYUlRLS0iLCJUYXJnZXRMb2NhdGlvbiI6MH0
  response:
    body:
      string: '{"value":[],"nextLink":"https://vaultname.vault.azure.net:443/deletedkeys?api-version=7.1&$skiptoken=eyJOZXh0TWFya2VyIjoiMiExNDQhTURBd01EWXlJV3RsZVM5TVNWWkZTMVpVUlZOVVMwVlpWMUpCVURRMU1FVXhNRE0wTHpCRk4wRXlOa0V6TkVJek5EUkRORVE0TTBVMlJEbEVORGxGT0RkRFJVRTJJVEF3TURBeU9DRTVPVGs1TFRFeUxUTXhWREl6T2pVNU9qVTVMams1T1RrNU9UbGFJUS0tIiwiVGFyZ2V0TG9jYXRpb24iOjB9"}'
    headers:
      cache-control: no-cache
      content-length: '354'
      content-type: application/json; charset=utf-8
      date: Sat, 06 Feb 2021 01:58:16 GMT
      expires: '-1'
      pragma: no-cache
      strict-transport-security: max-age=31536000;includeSubDomains
      x-content-type-options: nosniff
      x-ms-keyvault-network-info: conn_type=Ipv4;addr=174.127.232.53;act_addr_fam=InterNetwork;
      x-ms-keyvault-region: northeurope
      x-ms-keyvault-service-version: 1.2.164.0
      x-powered-by: ASP.NET
    status:
      code: 200
      message: OK
    url: https://mcpatinotest.vault.azure.net:443/deletedkeys?api-version=7.1&$skiptoken=eyJOZXh0TWFya2VyIjoiMiE5NiFNREF3TURJMklXdGxlUzlNU1ZaRlMxWlVSVk5VUzBWWk5qa3hNVEV3UVVJM0lUQXdNREF5T0NFNU9UazVMVEV5TFRNeFZESXpPalU1T2pVNUxqazVPVGs1T1RsYUlRLS0iLCJUYXJnZXRMb2NhdGlvbiI6MH0
- request:
    body: null
    headers:
      Accept:
      - application/json
      User-Agent:
      - azsdk-python-keyvault-keys/4.3.2 Python/3.5.3 (Windows-10-10.0.19041-SP0)
    method: GET
    uri: https://vaultname.vault.azure.net:443/deletedkeys?api-version=7.1&$skiptoken=eyJOZXh0TWFya2VyIjoiMiExNDQhTURBd01EWXlJV3RsZVM5TVNWWkZTMVpVUlZOVVMwVlpWMUpCVURRMU1FVXhNRE0wTHpCRk4wRXlOa0V6TkVJek5EUkRORVE0TTBVMlJEbEVORGxGT0RkRFJVRTJJVEF3TURBeU9DRTVPVGs1TFRFeUxUTXhWREl6T2pVNU9qVTVMams1T1RrNU9UbGFJUS0tIiwiVGFyZ2V0TG9jYXRpb24iOjB9
  response:
    body:
      string: '{"value":[],"nextLink":"https://vaultname.vault.azure.net:443/deletedkeys?api-version=7.1&$skiptoken=eyJOZXh0TWFya2VyIjoiMiExMTIhTURBd01ETTVJV3RsZVM5TVNWWkZTMVpVUlZOVVVsTkJMVTVQVkMxWlJWUXRWa0ZNU1VSQlEwUTJNVGM1TXlFd01EQXdNamdoT1RrNU9TMHhNaTB6TVZReU16bzFPVG8xT1M0NU9UazVPVGs1V2lFLSIsIlRhcmdldExvY2F0aW9uIjowfQ"}'
    headers:
      cache-control: no-cache
      content-length: '312'
      content-type: application/json; charset=utf-8
      date: Sat, 06 Feb 2021 01:58:18 GMT
      expires: '-1'
      pragma: no-cache
      strict-transport-security: max-age=31536000;includeSubDomains
      x-content-type-options: nosniff
      x-ms-keyvault-network-info: conn_type=Ipv4;addr=174.127.232.53;act_addr_fam=InterNetwork;
      x-ms-keyvault-region: northeurope
      x-ms-keyvault-service-version: 1.2.164.0
      x-powered-by: ASP.NET
    status:
      code: 200
      message: OK
    url: https://mcpatinotest.vault.azure.net:443/deletedkeys?api-version=7.1&$skiptoken=eyJOZXh0TWFya2VyIjoiMiExNDQhTURBd01EWXlJV3RsZVM5TVNWWkZTMVpVUlZOVVMwVlpWMUpCVURRMU1FVXhNRE0wTHpCRk4wRXlOa0V6TkVJek5EUkRORVE0TTBVMlJEbEVORGxGT0RkRFJVRTJJVEF3TURBeU9DRTVPVGs1TFRFeUxUTXhWREl6T2pVNU9qVTVMams1T1RrNU9UbGFJUS0tIiwiVGFyZ2V0TG9jYXRpb24iOjB9
- request:
    body: null
    headers:
      Accept:
      - application/json
      User-Agent:
      - azsdk-python-keyvault-keys/4.3.2 Python/3.5.3 (Windows-10-10.0.19041-SP0)
    method: GET
    uri: https://vaultname.vault.azure.net:443/deletedkeys?api-version=7.1&$skiptoken=eyJOZXh0TWFya2VyIjoiMiExMTIhTURBd01ETTVJV3RsZVM5TVNWWkZTMVpVUlZOVVVsTkJMVTVQVkMxWlJWUXRWa0ZNU1VSQlEwUTJNVGM1TXlFd01EQXdNamdoT1RrNU9TMHhNaTB6TVZReU16bzFPVG8xT1M0NU9UazVPVGs1V2lFLSIsIlRhcmdldExvY2F0aW9uIjowfQ
  response:
    body:
      string: '{"value":[],"nextLink":"https://vaultname.vault.azure.net:443/deletedkeys?api-version=7.1&$skiptoken=eyJOZXh0TWFya2VyIjoiMiExNDQhTURBd01EWXlJV3RsZVM5TVNWWkZTMVpVUlZOVVZFVlRWRXRGV1VZM1JUQXdSVE5CTHpBMlJESTNRVU5CTXpBeU9UUTNNemRDUlVOQlFVRTRNems1UXpCR01Ua3dJVEF3TURBeU9DRTVPVGs1TFRFeUxUTXhWREl6T2pVNU9qVTVMams1T1RrNU9UbGFJUS0tIiwiVGFyZ2V0TG9jYXRpb24iOjB9"}'
    headers:
      cache-control: no-cache
      content-length: '354'
      content-type: application/json; charset=utf-8
      date: Sat, 06 Feb 2021 01:58:18 GMT
      expires: '-1'
      pragma: no-cache
      strict-transport-security: max-age=31536000;includeSubDomains
      x-content-type-options: nosniff
      x-ms-keyvault-network-info: conn_type=Ipv4;addr=174.127.232.53;act_addr_fam=InterNetwork;
      x-ms-keyvault-region: northeurope
      x-ms-keyvault-service-version: 1.2.164.0
      x-powered-by: ASP.NET
    status:
      code: 200
      message: OK
    url: https://mcpatinotest.vault.azure.net:443/deletedkeys?api-version=7.1&$skiptoken=eyJOZXh0TWFya2VyIjoiMiExMTIhTURBd01ETTVJV3RsZVM5TVNWWkZTMVpVUlZOVVVsTkJMVTVQVkMxWlJWUXRWa0ZNU1VSQlEwUTJNVGM1TXlFd01EQXdNamdoT1RrNU9TMHhNaTB6TVZReU16bzFPVG8xT1M0NU9UazVPVGs1V2lFLSIsIlRhcmdldExvY2F0aW9uIjowfQ
- request:
    body: null
    headers:
      Accept:
      - application/json
      User-Agent:
      - azsdk-python-keyvault-keys/4.3.2 Python/3.5.3 (Windows-10-10.0.19041-SP0)
    method: GET
    uri: https://vaultname.vault.azure.net:443/deletedkeys?api-version=7.1&$skiptoken=eyJOZXh0TWFya2VyIjoiMiExNDQhTURBd01EWXlJV3RsZVM5TVNWWkZTMVpVUlZOVVZFVlRWRXRGV1VZM1JUQXdSVE5CTHpBMlJESTNRVU5CTXpBeU9UUTNNemRDUlVOQlFVRTRNems1UXpCR01Ua3dJVEF3TURBeU9DRTVPVGs1TFRFeUxUTXhWREl6T2pVNU9qVTVMams1T1RrNU9UbGFJUS0tIiwiVGFyZ2V0TG9jYXRpb24iOjB9
  response:
    body:
      string: '{"value":[],"nextLink":null}'
    headers:
      cache-control: no-cache
      content-length: '28'
      content-type: application/json; charset=utf-8
      date: Sat, 06 Feb 2021 01:58:18 GMT
      expires: '-1'
      pragma: no-cache
      strict-transport-security: max-age=31536000;includeSubDomains
      x-content-type-options: nosniff
      x-ms-keyvault-network-info: conn_type=Ipv4;addr=174.127.232.53;act_addr_fam=InterNetwork;
      x-ms-keyvault-region: northeurope
      x-ms-keyvault-service-version: 1.2.164.0
      x-powered-by: ASP.NET
    status:
      code: 200
      message: OK
    url: https://mcpatinotest.vault.azure.net:443/deletedkeys?api-version=7.1&$skiptoken=eyJOZXh0TWFya2VyIjoiMiExNDQhTURBd01EWXlJV3RsZVM5TVNWWkZTMVpVUlZOVVZFVlRWRXRGV1VZM1JUQXdSVE5CTHpBMlJESTNRVU5CTXpBeU9UUTNNemRDUlVOQlFVRTRNems1UXpCR01Ua3dJVEF3TURBeU9DRTVPVGs1TFRFeUxUTXhWREl6T2pVNU9qVTVMams1T1RrNU9UbGFJUS0tIiwiVGFyZ2V0TG9jYXRpb24iOjB9
version: 1
