interactions:
- request:
    body: null
    headers:
      Accept:
      - application/json
      Content-Length:
      - '0'
      Content-Type:
      - application/json
      User-Agent:
      - azsdk-python-keyvault-keys/4.4.0b5 Python/3.5.3 (Windows-10-10.0.19041-SP0)
    method: POST
    uri: https://vaultname.vault.azure.net/keys/livekvtestcrypto-test-wrapping-key840c199e/create?api-version=2016-10-01
  response:
    body:
      string: '{"error":{"code":"Unauthorized","message":"Request is missing a Bearer
        or PoP token."}}'
    headers:
      cache-control: no-cache
      content-length: '87'
      content-type: application/json; charset=utf-8
      date: Tue, 20 Apr 2021 20:11:55 GMT
      expires: '-1'
      pragma: no-cache
      strict-transport-security: max-age=31536000;includeSubDomains
      www-authenticate: Bearer authorization="https://login.windows.net/72f988bf-86f1-41af-91ab-2d7cd011db47",
        resource="https://vault.azure.net"
      x-content-type-options: nosniff
      x-ms-keyvault-network-info: conn_type=Ipv4;addr=172.92.159.124;act_addr_fam=InterNetwork;
      x-ms-keyvault-region: eastus2
      x-ms-keyvault-service-version: 1.2.236.0
      x-powered-by: ASP.NET
    status:
      code: 401
      message: Unauthorized
    url: https://mcpatinotest.vault.azure.net/keys/livekvtestcrypto-test-wrapping-key840c199e/create?api-version=2016-10-01
- request:
    body: '{"kty": "RSA"}'
    headers:
      Accept:
      - application/json
      Content-Length:
      - '14'
      Content-Type:
      - application/json
      User-Agent:
      - azsdk-python-keyvault-keys/4.4.0b5 Python/3.5.3 (Windows-10-10.0.19041-SP0)
    method: POST
    uri: https://vaultname.vault.azure.net/keys/livekvtestcrypto-test-wrapping-key840c199e/create?api-version=2016-10-01
  response:
    body:
      string: '{"key":{"kid":"https://vaultname.vault.azure.net/keys/livekvtestcrypto-test-wrapping-key840c199e/ce8ee1826bbb424fbb30b02a9717b260","kty":"RSA","key_ops":["encrypt","decrypt","sign","verify","wrapKey","unwrapKey"],"n":"sLpyHsltED_bF9l0HA2xbVQNSOD0A57g8EtwFU61-LBT6KXyPuS3Py0M_ROrtcVdL1XAGbIu7oeo9CVIniNDumxNJ3cIQyuYsFrz5qOuC1EKBzel48908DtMb9nQcGAoBRueG-_cn_12zF1MnjBzmxQf1u5YCDjao94eFPIkQJC3DwrC9AvCBRQL1a90rMnMxGUfvL5BKInNeVlAQ5ulIbYW2JrhOV7GEtFqjZR1IFnct_AUw4iFCzZRlpHPm-Zsuhp8cRa4EWAAS2Srv6kEF5b6FFbzM73bVNQ6wKn7szfcvwY6XSLm0xgyo3P8mGSRgeJvo23FvQf1KS5bQvMT4Q","e":"AQAB"},"attributes":{"enabled":true,"created":1618949517,"updated":1618949517,"recoveryLevel":"Recoverable+Purgeable"}}'
    headers:
      cache-control: no-cache
      content-length: '689'
      content-type: application/json; charset=utf-8
      date: Tue, 20 Apr 2021 20:11:56 GMT
      expires: '-1'
      pragma: no-cache
      strict-transport-security: max-age=31536000;includeSubDomains
      x-content-type-options: nosniff
      x-ms-keyvault-network-info: conn_type=Ipv4;addr=172.92.159.124;act_addr_fam=InterNetwork;
      x-ms-keyvault-region: eastus2
      x-ms-keyvault-service-version: 1.2.236.0
      x-powered-by: ASP.NET
    status:
      code: 200
      message: OK
    url: https://mcpatinotest.vault.azure.net/keys/livekvtestcrypto-test-wrapping-key840c199e/create?api-version=2016-10-01
- request:
    body: '{"alg": "RS256", "value": "ltYuKr0-Qt5fUDMPuO_ExVmYNSeAd7IemqCzPB3wehw"}'
    headers:
      Accept:
      - application/json
      Content-Length:
      - '72'
      Content-Type:
      - application/json
      User-Agent:
      - azsdk-python-keyvault-keys/4.4.0b5 Python/3.5.3 (Windows-10-10.0.19041-SP0)
    method: POST
    uri: https://vaultname.vault.azure.net/keys/livekvtestcrypto-test-wrapping-key840c199e/ce8ee1826bbb424fbb30b02a9717b260/sign?api-version=7.2-preview
  response:
    body:
      string: '{"kid":"https://vaultname.vault.azure.net/keys/livekvtestcrypto-test-wrapping-key840c199e/ce8ee1826bbb424fbb30b02a9717b260","value":"UfQn3kBlaqLqZWrl96B-59h1a_xvY5KfVACrq7dnofYmJCcJmppxsBKUR5YRNPTPx-l9BnZmTxpMNBJboSw1J2S8RSJddx7vlvPcU7dElssYbIHXGKTUySrc-kmxqN4qNAD2ORjwANIDkEIIIgHX-5j-XB9Ukc3tb7c6TwE_QwBdU-ROPpa3ipbIdiUGSHUeLjt3vcEh08Ml_U6FSXYIbvmFhUDuDmCEU3pIepsLobeXg-e4DWgOarHOgkkN92RqihyPOlSd-i1k3BCFfDDsbsnDxvohQ7q3323GVYzXjcOh1pJglYbTHe4qn6KwxDO0JrnrUATDvkcMe3lanVfyjQ"}'
    headers:
      cache-control: no-cache
      content-length: '480'
      content-type: application/json; charset=utf-8
      date: Tue, 20 Apr 2021 20:11:57 GMT
      expires: '-1'
      pragma: no-cache
      strict-transport-security: max-age=31536000;includeSubDomains
      x-content-type-options: nosniff
      x-ms-keyvault-network-info: conn_type=Ipv4;addr=172.92.159.124;act_addr_fam=InterNetwork;
      x-ms-keyvault-region: eastus2
      x-ms-keyvault-service-version: 1.2.236.0
      x-powered-by: ASP.NET
    status:
      code: 200
      message: OK
    url: https://mcpatinotest.vault.azure.net/keys/livekvtestcrypto-test-wrapping-key840c199e/ce8ee1826bbb424fbb30b02a9717b260/sign?api-version=7.2-preview
version: 1
