{
  "Entries": [
    {
      "RequestUri": "https://vaultname.vault.azure.net/keys/livekvtesttestKeye2262c96/create?api-version=2016-10-01",
      "RequestMethod": "POST",
      "RequestHeaders": {
        "Accept": "application/json",
        "Accept-Encoding": "gzip, deflate",
        "Content-Length": "0",
        "Content-Type": "application/json",
        "User-Agent": "azsdk-python-keyvault-keys/4.5.1 Python/3.9.9 (Windows-10-10.0.22000-SP0)"
      },
      "RequestBody": null,
      "StatusCode": 401,
      "ResponseHeaders": {
        "Cache-Control": "no-cache",
        "Content-Length": "97",
        "Content-Type": "application/json; charset=utf-8",
        "Date": "Fri, 22 Apr 2022 22:07:06 GMT",
        "Expires": "-1",
        "Pragma": "no-cache",
        "Strict-Transport-Security": "max-age=31536000;includeSubDomains",
        "WWW-Authenticate": "Bearer authorization=\u0022https://login.windows.net/00000000-0000-0000-0000-000000000000\u0022, resource=\u0022https://vault.azure.net\u0022",
        "X-Content-Type-Options": "nosniff",
        "x-ms-keyvault-network-info": "conn_type=Ipv4;addr=73.232.137.144;act_addr_fam=InterNetwork;",
        "x-ms-keyvault-region": "westus2",
        "x-ms-keyvault-service-version": "1.9.358.1"
      },
      "ResponseBody": {
        "error": {
          "code": "Unauthorized",
          "message": "AKV10000: Request is missing a Bearer or PoP token."
        }
      }
    },
    {
      "RequestUri": "https://vaultname.vault.azure.net/keys/livekvtesttestKeye2262c96/create?api-version=2016-10-01",
      "RequestMethod": "POST",
      "RequestHeaders": {
        "Accept": "application/json",
        "Accept-Encoding": "gzip, deflate",
        "Content-Length": "14",
        "Content-Type": "application/json",
        "User-Agent": "azsdk-python-keyvault-keys/4.5.1 Python/3.9.9 (Windows-10-10.0.22000-SP0)"
      },
      "RequestBody": {
        "kty": "RSA"
      },
      "StatusCode": 200,
      "ResponseHeaders": {
        "Cache-Control": "no-cache",
        "Content-Length": "679",
        "Content-Type": "application/json; charset=utf-8",
        "Date": "Fri, 22 Apr 2022 22:07:07 GMT",
        "Expires": "-1",
        "Pragma": "no-cache",
        "Strict-Transport-Security": "max-age=31536000;includeSubDomains",
        "X-Content-Type-Options": "nosniff",
        "x-ms-keyvault-network-info": "conn_type=Ipv4;addr=73.232.137.144;act_addr_fam=InterNetwork;",
        "x-ms-keyvault-rbac-assignment-id": "ef5824ed-56c0-5945-812d-e76f79fb8978",
        "x-ms-keyvault-rbac-cache": "ra_age=543;da_age=4275;rd_age=4275;brd_age=7354;ra_notif_age=828;dec_lev=1;",
        "x-ms-keyvault-region": "westus2",
        "x-ms-keyvault-service-version": "1.9.358.1"
      },
      "ResponseBody": {
        "key": {
          "kid": "https://vaultname.vault.azure.net/keys/livekvtesttestKeye2262c96/1c73957630f94284b2b5f636f94513cd",
          "kty": "RSA",
          "key_ops": [
            "encrypt",
            "decrypt",
            "sign",
            "verify",
            "wrapKey",
            "unwrapKey"
          ],
          "n": "yDKqMq0Ji3SGGZWsqD0wfDVIkRlUbgujLZFWltYQr9s3qM7CTJawcr9r63drfDL3n9qnHL-e8eButtwtbg1U0kpYmDnaZTYCuhlz7WHGI8qZj7xl7E6ahlVDYxV6ngzIQFuXSutnIxrV4tQuXV1eX3_Lt75K8RwrJu0H6nCgQJ5CQzs1EZ-9Npo7v-jus2f3VfHqn5eRsaO63SKm8CCmS9J_2YNUgrZxmQoR-q8uARP4E_xIcseNNU0DoyNeSkiL5ZqOHgnH5PS7gsmk-H2KIU_E4ym9kAmqLSuQaDssJVCmCSsKgZYS3UN3h1ytTrP2ztQbNmV6D8j_yIpORWHoTQ",
          "e": "AQAB"
        },
        "attributes": {
          "enabled": true,
          "created": 1650665227,
          "updated": 1650665227,
          "recoveryLevel": "CustomizedRecoverable\u002BPurgeable"
        }
      }
    },
    {
      "RequestUri": "https://vaultname.vault.azure.net/keys/livekvtesttestKeye2262c96/create?api-version=2016-10-01",
      "RequestMethod": "POST",
      "RequestHeaders": {
        "Accept": "application/json",
        "Accept-Encoding": "gzip, deflate",
        "Content-Length": "14",
        "Content-Type": "application/json",
        "User-Agent": "azsdk-python-keyvault-keys/4.5.1 Python/3.9.9 (Windows-10-10.0.22000-SP0)"
      },
      "RequestBody": {
        "kty": "RSA"
      },
      "StatusCode": 200,
      "ResponseHeaders": {
        "Cache-Control": "no-cache",
        "Content-Length": "679",
        "Content-Type": "application/json; charset=utf-8",
        "Date": "Fri, 22 Apr 2022 22:07:09 GMT",
        "Expires": "-1",
        "Pragma": "no-cache",
        "Strict-Transport-Security": "max-age=31536000;includeSubDomains",
        "X-Content-Type-Options": "nosniff",
        "x-ms-keyvault-network-info": "conn_type=Ipv4;addr=73.232.137.144;act_addr_fam=InterNetwork;",
        "x-ms-keyvault-rbac-assignment-id": "ef5824ed-56c0-5945-812d-e76f79fb8978",
        "x-ms-keyvault-rbac-cache": "ra_age=545;da_age=4277;rd_age=4277;brd_age=7357;ra_notif_age=830;dec_lev=0;",
        "x-ms-keyvault-region": "westus2",
        "x-ms-keyvault-service-version": "1.9.358.1"
      },
      "ResponseBody": {
        "key": {
          "kid": "https://vaultname.vault.azure.net/keys/livekvtesttestKeye2262c96/2221d4a5477c4c50a51319a3df28e9be",
          "kty": "RSA",
          "key_ops": [
            "encrypt",
            "decrypt",
            "sign",
            "verify",
            "wrapKey",
            "unwrapKey"
          ],
          "n": "3NoZxeXDhKBvCrNF-QA1KFqCO_hIXRea-CJU_ptOx9pNBmCXQuupAZkvjlzSAP1PdkuYzxCZOpYzgY9IoqpjLQHtxcHDpMM2h3sIWRH3aynUaGn7q2CHYWvVNE4yOg_NNzYecbjSPz3_xI7i9n41hJbYEFoXg5XzKCVxvuD5jo5FpE1YxNgUHonC0xk4jUkAc8s6q2AKvyxNR_DWP3SFgf2vSWmRVZ5er4q7lc3XEsKU1NQSxQQmfceIRpz1L8QSxlnx3dHTzGDzrVisiLCHvMHgwYvHjv7f6JjiQMHbAJtpk2-VvqVpKY9fD_dIBSc4qfC3JGjJMGkaCW9VwtANDQ",
          "e": "AQAB"
        },
        "attributes": {
          "enabled": true,
          "created": 1650665229,
          "updated": 1650665229,
          "recoveryLevel": "CustomizedRecoverable\u002BPurgeable"
        }
      }
    },
    {
      "RequestUri": "https://vaultname.vault.azure.net/keys/livekvtesttestKeye2262c96/create?api-version=2016-10-01",
      "RequestMethod": "POST",
      "RequestHeaders": {
        "Accept": "application/json",
        "Accept-Encoding": "gzip, deflate",
        "Content-Length": "14",
        "Content-Type": "application/json",
        "User-Agent": "azsdk-python-keyvault-keys/4.5.1 Python/3.9.9 (Windows-10-10.0.22000-SP0)"
      },
      "RequestBody": {
        "kty": "RSA"
      },
      "StatusCode": 200,
      "ResponseHeaders": {
        "Cache-Control": "no-cache",
        "Content-Length": "679",
        "Content-Type": "application/json; charset=utf-8",
        "Date": "Fri, 22 Apr 2022 22:07:11 GMT",
        "Expires": "-1",
        "Pragma": "no-cache",
        "Strict-Transport-Security": "max-age=31536000;includeSubDomains",
        "X-Content-Type-Options": "nosniff",
        "x-ms-keyvault-network-info": "conn_type=Ipv4;addr=73.232.137.144;act_addr_fam=InterNetwork;",
        "x-ms-keyvault-rbac-assignment-id": "ef5824ed-56c0-5945-812d-e76f79fb8978",
        "x-ms-keyvault-rbac-cache": "ra_age=547;da_age=4279;rd_age=4279;brd_age=7359;ra_notif_age=832;dec_lev=0;",
        "x-ms-keyvault-region": "westus2",
        "x-ms-keyvault-service-version": "1.9.358.1"
      },
      "ResponseBody": {
        "key": {
          "kid": "https://vaultname.vault.azure.net/keys/livekvtesttestKeye2262c96/91c3dfcde32d431288353d1b295cdfbf",
          "kty": "RSA",
          "key_ops": [
            "encrypt",
            "decrypt",
            "sign",
            "verify",
            "wrapKey",
            "unwrapKey"
          ],
          "n": "r3c39vNgb8DuvbahIJOw5-4SgTzyCJIK_LCbgqHsvrzYXKA8nJDRyl_32RIj4JxKcLQAEtTFZU2mF-laRF4yhFn_VAmiI1-8bTkXw1HTRVUhg_nuxeJo8d6PUC2L6H609VRqfH7QXzDzBrWIF2m5qNx1Xeeee9aUlEkIvheIoup5u8gM562FaSvEqzez9t9cAfGAR7LsimMvgRoUZqkHc1aSAyIX4hWtZTb4RBijWXxRM05kja6qZtoMsJ5QN1WA5rue_NfIhLXSvr_OfJiXxn-MBt2Y55fqIUK7oU2oBob3Ob7U5rEvKrS-OX9YoVPJsGhNmFVf3Bzfbk04lyxlhQ",
          "e": "AQAB"
        },
        "attributes": {
          "enabled": true,
          "created": 1650665231,
          "updated": 1650665231,
          "recoveryLevel": "CustomizedRecoverable\u002BPurgeable"
        }
      }
    },
    {
      "RequestUri": "https://vaultname.vault.azure.net/keys/livekvtesttestKeye2262c96/create?api-version=2016-10-01",
      "RequestMethod": "POST",
      "RequestHeaders": {
        "Accept": "application/json",
        "Accept-Encoding": "gzip, deflate",
        "Content-Length": "14",
        "Content-Type": "application/json",
        "User-Agent": "azsdk-python-keyvault-keys/4.5.1 Python/3.9.9 (Windows-10-10.0.22000-SP0)"
      },
      "RequestBody": {
        "kty": "RSA"
      },
      "StatusCode": 200,
      "ResponseHeaders": {
        "Cache-Control": "no-cache",
        "Content-Length": "679",
        "Content-Type": "application/json; charset=utf-8",
        "Date": "Fri, 22 Apr 2022 22:07:13 GMT",
        "Expires": "-1",
        "Pragma": "no-cache",
        "Strict-Transport-Security": "max-age=31536000;includeSubDomains",
        "X-Content-Type-Options": "nosniff",
        "x-ms-keyvault-network-info": "conn_type=Ipv4;addr=73.232.137.144;act_addr_fam=InterNetwork;",
        "x-ms-keyvault-rbac-assignment-id": "ef5824ed-56c0-5945-812d-e76f79fb8978",
        "x-ms-keyvault-rbac-cache": "ra_age=549;da_age=4281;rd_age=4281;brd_age=7361;ra_notif_age=834;dec_lev=0;",
        "x-ms-keyvault-region": "westus2",
        "x-ms-keyvault-service-version": "1.9.358.1"
      },
      "ResponseBody": {
        "key": {
          "kid": "https://vaultname.vault.azure.net/keys/livekvtesttestKeye2262c96/14d5ab64c8544787bfa44c93acf2209c",
          "kty": "RSA",
          "key_ops": [
            "encrypt",
            "decrypt",
            "sign",
            "verify",
            "wrapKey",
            "unwrapKey"
          ],
          "n": "0iVp7ukNU7mqSbas8aMMbk4ZeNWn4qlNczsOXAbbK2mVf0SVaYwxDKFcc7oF2n8cuGtdo61SKXhMYWq81IGtBokDSa33tFZEdqvQMaDuUqw7PNVClv7tjTksITxuDVQuhIvJiCIg5XlvHSJAVcLBEZujeRdFOzBM4uGA-YewQY4YoJU_ltL4e6BlEm4ATkYjcBUSGJvEWnZ2KSgLy8KjKdiFHK8cwZSpgHAy35PBIoKcIqk0N8TVog6WxfK6F153zBU3Abtw1v92aidD8dnXxZf9ozv5kb9KbtdiJ7oYu6bBhD2IqOv2TvylJsCN4QHuZnvBqnasjiOW-orDlKMbvQ",
          "e": "AQAB"
        },
        "attributes": {
          "enabled": true,
          "created": 1650665234,
          "updated": 1650665234,
          "recoveryLevel": "CustomizedRecoverable\u002BPurgeable"
        }
      }
    },
    {
      "RequestUri": "https://vaultname.vault.azure.net/keys/livekvtesttestKeye2262c96/create?api-version=2016-10-01",
      "RequestMethod": "POST",
      "RequestHeaders": {
        "Accept": "application/json",
        "Accept-Encoding": "gzip, deflate",
        "Content-Length": "14",
        "Content-Type": "application/json",
        "User-Agent": "azsdk-python-keyvault-keys/4.5.1 Python/3.9.9 (Windows-10-10.0.22000-SP0)"
      },
      "RequestBody": {
        "kty": "RSA"
      },
      "StatusCode": 200,
      "ResponseHeaders": {
        "Cache-Control": "no-cache",
        "Content-Length": "679",
        "Content-Type": "application/json; charset=utf-8",
        "Date": "Fri, 22 Apr 2022 22:07:15 GMT",
        "Expires": "-1",
        "Pragma": "no-cache",
        "Strict-Transport-Security": "max-age=31536000;includeSubDomains",
        "X-Content-Type-Options": "nosniff",
        "x-ms-keyvault-network-info": "conn_type=Ipv4;addr=73.232.137.144;act_addr_fam=InterNetwork;",
        "x-ms-keyvault-rbac-assignment-id": "ef5824ed-56c0-5945-812d-e76f79fb8978",
        "x-ms-keyvault-rbac-cache": "ra_age=552;da_age=4284;rd_age=4284;brd_age=7363;ra_notif_age=837;dec_lev=0;",
        "x-ms-keyvault-region": "westus2",
        "x-ms-keyvault-service-version": "1.9.358.1"
      },
      "ResponseBody": {
        "key": {
          "kid": "https://vaultname.vault.azure.net/keys/livekvtesttestKeye2262c96/f97c8c1e65214bb9bb0750057de505a9",
          "kty": "RSA",
          "key_ops": [
            "encrypt",
            "decrypt",
            "sign",
            "verify",
            "wrapKey",
            "unwrapKey"
          ],
          "n": "2Hm5owBVuSisbxEINHVpeITpgmDIgXAnko1Vatnoe7m6SreAYUePprbBDwPdnEkkUujm0CCpAj9MX9ZWqV6W7uz9OFnNDuQASQNh27V_SGbj5DPPzlBKelPRLAqDlyB3ky95MKDlWkMZ8KMKuyqJPvsXqVnfYgAa1PbjS-uycsysI4tLrPR_t8HYvO4TEMK0u2ILKzA0Ui7kIy9ZiNP9WNPdLsMGB0DaRFIXz1oyUlJ_AVZmq-kZR5CwNkhSrE8tC1Tl60m5j845ct-JAO6YvnZPL8j5dqqUdPHPPHy89uLL26n9_VJvBMr9HmlFbfNnQFR2EKRqhMxkag7zeb6IZQ",
          "e": "AQAB"
        },
        "attributes": {
          "enabled": true,
          "created": 1650665236,
          "updated": 1650665236,
          "recoveryLevel": "CustomizedRecoverable\u002BPurgeable"
        }
      }
    },
    {
      "RequestUri": "https://vaultname.vault.azure.net/keys/livekvtesttestKeye2262c96/create?api-version=2016-10-01",
      "RequestMethod": "POST",
      "RequestHeaders": {
        "Accept": "application/json",
        "Accept-Encoding": "gzip, deflate",
        "Content-Length": "14",
        "Content-Type": "application/json",
        "User-Agent": "azsdk-python-keyvault-keys/4.5.1 Python/3.9.9 (Windows-10-10.0.22000-SP0)"
      },
      "RequestBody": {
        "kty": "RSA"
      },
      "StatusCode": 200,
      "ResponseHeaders": {
        "Cache-Control": "no-cache",
        "Content-Length": "679",
        "Content-Type": "application/json; charset=utf-8",
        "Date": "Fri, 22 Apr 2022 22:07:18 GMT",
        "Expires": "-1",
        "Pragma": "no-cache",
        "Strict-Transport-Security": "max-age=31536000;includeSubDomains",
        "X-Content-Type-Options": "nosniff",
        "x-ms-keyvault-network-info": "conn_type=Ipv4;addr=73.232.137.144;act_addr_fam=InterNetwork;",
        "x-ms-keyvault-rbac-assignment-id": "ef5824ed-56c0-5945-812d-e76f79fb8978",
        "x-ms-keyvault-rbac-cache": "ra_age=554;da_age=4286;rd_age=4286;brd_age=7366;ra_notif_age=839;dec_lev=0;",
        "x-ms-keyvault-region": "westus2",
        "x-ms-keyvault-service-version": "1.9.358.1"
      },
      "ResponseBody": {
        "key": {
          "kid": "https://vaultname.vault.azure.net/keys/livekvtesttestKeye2262c96/d3af2031d5b24eb7885f9e550e394a25",
          "kty": "RSA",
          "key_ops": [
            "encrypt",
            "decrypt",
            "sign",
            "verify",
            "wrapKey",
            "unwrapKey"
          ],
          "n": "yh4A9d5vwMj9midH2Vc1Bp3u-3oklPkc2PmwffpnJpzTg43D1rpXESlrU-aOqcbRTPyJ8KYlRayOxHHbkDobUSqGQ6PcIpvzZhd2hVkQ-olg8mXVWRJXAERLru-mHm1LRfJXFQYT1jvsM1XBUQn7a9jk2BNP7H09zhTCV0NS6pZEDIVRElyQLUfwX7-EHNvv56GxdpuNo2uBpeV-MoNBI-arWkFsJ4TAkng-4IJRTa9LU2XPVibNP06uBR3dh3aiz0NCbrrJCRdvuPtJqLs5Ey2iTW1vkwxC2GKKl1HWzpY36vB_7WKiIJP9us-vLL2cskGU6DMZ76IkY9VqWa1Z9Q",
          "e": "AQAB"
        },
        "attributes": {
          "enabled": true,
          "created": 1650665238,
          "updated": 1650665238,
          "recoveryLevel": "CustomizedRecoverable\u002BPurgeable"
        }
      }
    },
    {
      "RequestUri": "https://vaultname.vault.azure.net/keys/livekvtesttestKeye2262c96/create?api-version=2016-10-01",
      "RequestMethod": "POST",
      "RequestHeaders": {
        "Accept": "application/json",
        "Accept-Encoding": "gzip, deflate",
        "Content-Length": "14",
        "Content-Type": "application/json",
        "User-Agent": "azsdk-python-keyvault-keys/4.5.1 Python/3.9.9 (Windows-10-10.0.22000-SP0)"
      },
      "RequestBody": {
        "kty": "RSA"
      },
      "StatusCode": 200,
      "ResponseHeaders": {
        "Cache-Control": "no-cache",
        "Content-Length": "679",
        "Content-Type": "application/json; charset=utf-8",
        "Date": "Fri, 22 Apr 2022 22:07:20 GMT",
        "Expires": "-1",
        "Pragma": "no-cache",
        "Strict-Transport-Security": "max-age=31536000;includeSubDomains",
        "X-Content-Type-Options": "nosniff",
        "x-ms-keyvault-network-info": "conn_type=Ipv4;addr=73.232.137.144;act_addr_fam=InterNetwork;",
        "x-ms-keyvault-rbac-assignment-id": "ef5824ed-56c0-5945-812d-e76f79fb8978",
        "x-ms-keyvault-rbac-cache": "ra_age=556;da_age=4288;rd_age=4288;brd_age=7368;ra_notif_age=841;dec_lev=0;",
        "x-ms-keyvault-region": "westus2",
        "x-ms-keyvault-service-version": "1.9.358.1"
      },
      "ResponseBody": {
        "key": {
          "kid": "https://vaultname.vault.azure.net/keys/livekvtesttestKeye2262c96/ded97b64f3a44162a5031b8b65ee24b7",
          "kty": "RSA",
          "key_ops": [
            "encrypt",
            "decrypt",
            "sign",
            "verify",
            "wrapKey",
            "unwrapKey"
          ],
          "n": "9X6-oxRX4AihTlulT-_Euw_m_4hXziEcq6f4Suo0xh2VjAzKqoK91fV6656XMnwA-2wpKkMcf2VlKsCDNq00ryJ1dqle3Ba6duyqeq7UR6B5PcXjMztTI1I8j3ofR_Jf5tdRQFh6Mxuvb1_quWpxq-PHLr0h4JzmT7DMtH6-gtTIrfdPkTzPSYI_8RUh-nvHSevHhkbmvtEaC-WJHBmAvpot8Oh_qxMzJDnPt3HZDoj7ER0Kr1_Hl6LYfnAtR5FdPVEx-d0WkZGtCRh-S9zlNExrsUB2TDxuAqrQzwrpaLf8dqfx5C6w5xNh3__kjWtI10sNVtVuPW5ArPeY7Z8N8Q",
          "e": "AQAB"
        },
        "attributes": {
          "enabled": true,
          "created": 1650665240,
          "updated": 1650665240,
          "recoveryLevel": "CustomizedRecoverable\u002BPurgeable"
        }
      }
    },
    {
      "RequestUri": "https://vaultname.vault.azure.net/keys/livekvtesttestKeye2262c96/versions?maxresults=6\u0026api-version=2016-10-01",
      "RequestMethod": "GET",
      "RequestHeaders": {
        "Accept": "application/json",
        "Accept-Encoding": "gzip, deflate",
        "User-Agent": "azsdk-python-keyvault-keys/4.5.1 Python/3.9.9 (Windows-10-10.0.22000-SP0)"
      },
      "RequestBody": null,
      "StatusCode": 200,
      "ResponseHeaders": {
        "Cache-Control": "no-cache",
        "Content-Length": "1778",
        "Content-Type": "application/json; charset=utf-8",
        "Date": "Fri, 22 Apr 2022 22:07:20 GMT",
        "Expires": "-1",
        "Pragma": "no-cache",
        "Strict-Transport-Security": "max-age=31536000;includeSubDomains",
        "X-Content-Type-Options": "nosniff",
        "x-ms-keyvault-network-info": "conn_type=Ipv4;addr=73.232.137.144;act_addr_fam=InterNetwork;",
        "x-ms-keyvault-rbac-assignment-id": "ef5824ed-56c0-5945-812d-e76f79fb8978",
        "x-ms-keyvault-rbac-cache": "ra_age=556;da_age=4288;rd_age=4288;brd_age=7368;ra_notif_age=841;dec_lev=1;",
        "x-ms-keyvault-region": "westus2",
        "x-ms-keyvault-service-version": "1.9.358.1"
      },
      "ResponseBody": {
        "value": [
          {
            "kid": "https://vaultname.vault.azure.net/keys/livekvtesttestKeye2262c96/14d5ab64c8544787bfa44c93acf2209c",
            "attributes": {
              "enabled": true,
              "created": 1650665234,
              "updated": 1650665234,
              "recoveryLevel": "CustomizedRecoverable\u002BPurgeable"
            }
          },
          {
            "kid": "https://vaultname.vault.azure.net/keys/livekvtesttestKeye2262c96/1c73957630f94284b2b5f636f94513cd",
            "attributes": {
              "enabled": true,
              "created": 1650665227,
              "updated": 1650665227,
              "recoveryLevel": "CustomizedRecoverable\u002BPurgeable"
            }
          },
          {
            "kid": "https://vaultname.vault.azure.net/keys/livekvtesttestKeye2262c96/2221d4a5477c4c50a51319a3df28e9be",
            "attributes": {
              "enabled": true,
              "created": 1650665229,
              "updated": 1650665229,
              "recoveryLevel": "CustomizedRecoverable\u002BPurgeable"
            }
          },
          {
            "kid": "https://vaultname.vault.azure.net/keys/livekvtesttestKeye2262c96/91c3dfcde32d431288353d1b295cdfbf",
            "attributes": {
              "enabled": true,
              "created": 1650665231,
              "updated": 1650665231,
              "recoveryLevel": "CustomizedRecoverable\u002BPurgeable"
            }
          },
          {
            "kid": "https://vaultname.vault.azure.net/keys/livekvtesttestKeye2262c96/d3af2031d5b24eb7885f9e550e394a25",
            "attributes": {
              "enabled": true,
              "created": 1650665238,
              "updated": 1650665238,
              "recoveryLevel": "CustomizedRecoverable\u002BPurgeable"
            }
          },
          {
            "kid": "https://vaultname.vault.azure.net/keys/livekvtesttestKeye2262c96/ded97b64f3a44162a5031b8b65ee24b7",
            "attributes": {
              "enabled": true,
              "created": 1650665240,
              "updated": 1650665240,
              "recoveryLevel": "CustomizedRecoverable\u002BPurgeable"
            }
          }
        ],
        "nextLink": "https://vaultname.vault.azure.net:443/keys/livekvtesttestKeye2262c96/versions?api-version=2016-10-01\u0026$skiptoken=eyJOZXh0TWFya2VyIjoiMiExNDQhTURBd01EWXlJV3RsZVM5TVNWWkZTMVpVUlZOVVZFVlRWRXRGV1VVeU1qWXlRemsyTDBZNU4wTTRRekZGTmpVeU1UUkNRamxDUWpBM05UQXdOVGRFUlRVd05VRTVJVEF3TURBeU9DRTVPVGs1TFRFeUxUTXhWREl6T2pVNU9qVTVMams1T1RrNU9UbGFJUS0tIiwiVGFyZ2V0TG9jYXRpb24iOjB9\u0026maxresults=6"
      }
    },
    {
      "RequestUri": "https://vaultname.vault.azure.net/keys/livekvtesttestKeye2262c96/versions?maxresults=6\u0026api-version=2016-10-01\u0026$skiptoken=eyJOZXh0TWFya2VyIjoiMiExNDQhTURBd01EWXlJV3RsZVM5TVNWWkZTMVpVUlZOVVZFVlRWRXRGV1VVeU1qWXlRemsyTDBZNU4wTTRRekZGTmpVeU1UUkNRamxDUWpBM05UQXdOVGRFUlRVd05VRTVJVEF3TURBeU9DRTVPVGs1TFRFeUxUTXhWREl6T2pVNU9qVTVMams1T1RrNU9UbGFJUS0tIiwiVGFyZ2V0TG9jYXRpb24iOjB9",
      "RequestMethod": "GET",
      "RequestHeaders": {
        "Accept": "application/json",
        "Accept-Encoding": "gzip, deflate",
        "User-Agent": "azsdk-python-keyvault-keys/4.5.1 Python/3.9.9 (Windows-10-10.0.22000-SP0)"
      },
      "RequestBody": null,
      "StatusCode": 200,
      "ResponseHeaders": {
        "Cache-Control": "no-cache",
        "Content-Length": "257",
        "Content-Type": "application/json; charset=utf-8",
        "Date": "Fri, 22 Apr 2022 22:07:20 GMT",
        "Expires": "-1",
        "Pragma": "no-cache",
        "Strict-Transport-Security": "max-age=31536000;includeSubDomains",
        "X-Content-Type-Options": "nosniff",
        "x-ms-keyvault-network-info": "conn_type=Ipv4;addr=73.232.137.144;act_addr_fam=InterNetwork;",
        "x-ms-keyvault-rbac-assignment-id": "ef5824ed-56c0-5945-812d-e76f79fb8978",
        "x-ms-keyvault-rbac-cache": "ra_age=556;da_age=4289;rd_age=4289;brd_age=7368;ra_notif_age=842;dec_lev=0;",
        "x-ms-keyvault-region": "westus2",
        "x-ms-keyvault-service-version": "1.9.358.1"
      },
      "ResponseBody": {
        "value": [
          {
            "kid": "https://vaultname.vault.azure.net/keys/livekvtesttestKeye2262c96/f97c8c1e65214bb9bb0750057de505a9",
            "attributes": {
              "enabled": true,
              "created": 1650665236,
              "updated": 1650665236,
              "recoveryLevel": "CustomizedRecoverable\u002BPurgeable"
            }
          }
        ],
        "nextLink": null
      }
    }
  ],
  "Variables": {}
}
