interactions:
- request:
    body: null
    headers:
      Accept:
      - application/json
      Content-Length:
      - '0'
      Content-Type:
      - application/json
      User-Agent:
      - azsdk-python-keyvault-keys/4.4.0b5 Python/3.5.3 (Windows-10-10.0.19041-SP0)
    method: POST
    uri: https://vaultname.vault.azure.net/keys/livekvtestkey092811afc/create?api-version=7.0
  response:
    body:
      string: '{"error":{"code":"Unauthorized","message":"Request is missing a Bearer
        or PoP token."}}'
    headers:
      cache-control: no-cache
      content-length: '87'
      content-type: application/json; charset=utf-8
      date: Tue, 20 Apr 2021 20:16:56 GMT
      expires: '-1'
      pragma: no-cache
      strict-transport-security: max-age=31536000;includeSubDomains
      www-authenticate: Bearer authorization="https://login.windows.net/72f988bf-86f1-41af-91ab-2d7cd011db47",
        resource="https://vault.azure.net"
      x-content-type-options: nosniff
      x-ms-keyvault-network-info: conn_type=Ipv4;addr=172.92.159.124;act_addr_fam=InterNetwork;
      x-ms-keyvault-region: eastus2
      x-ms-keyvault-service-version: 1.2.236.0
      x-powered-by: ASP.NET
    status:
      code: 401
      message: Unauthorized
    url: https://mcpatinotest.vault.azure.net/keys/livekvtestkey092811afc/create?api-version=7.0
- request:
    body: '{"kty": "EC"}'
    headers:
      Accept:
      - application/json
      Content-Length:
      - '13'
      Content-Type:
      - application/json
      User-Agent:
      - azsdk-python-keyvault-keys/4.4.0b5 Python/3.5.3 (Windows-10-10.0.19041-SP0)
    method: POST
    uri: https://vaultname.vault.azure.net/keys/livekvtestkey092811afc/create?api-version=7.0
  response:
    body:
      string: '{"key":{"kid":"https://vaultname.vault.azure.net/keys/livekvtestkey092811afc/43482af29ac340529f422f18f25bdb84","kty":"EC","key_ops":["sign","verify"],"crv":"P-256","x":"rOgDgM8Nd3q6FpJElrz6sWr6BjOtvq1wDuKchx7mXLY","y":"NzVSb0EnUUk6NitJ2vsKMlMjk8sQJuk4Y4R29KWjpKY"},"attributes":{"enabled":true,"created":1618949816,"updated":1618949816,"recoveryLevel":"Recoverable+Purgeable"}}'
    headers:
      cache-control: no-cache
      content-length: '380'
      content-type: application/json; charset=utf-8
      date: Tue, 20 Apr 2021 20:16:56 GMT
      expires: '-1'
      pragma: no-cache
      strict-transport-security: max-age=31536000;includeSubDomains
      x-content-type-options: nosniff
      x-ms-keyvault-network-info: conn_type=Ipv4;addr=172.92.159.124;act_addr_fam=InterNetwork;
      x-ms-keyvault-region: eastus2
      x-ms-keyvault-service-version: 1.2.236.0
      x-powered-by: ASP.NET
    status:
      code: 200
      message: OK
    url: https://mcpatinotest.vault.azure.net/keys/livekvtestkey092811afc/create?api-version=7.0
- request:
    body: '{"kty": "EC"}'
    headers:
      Accept:
      - application/json
      Content-Length:
      - '13'
      Content-Type:
      - application/json
      User-Agent:
      - azsdk-python-keyvault-keys/4.4.0b5 Python/3.5.3 (Windows-10-10.0.19041-SP0)
    method: POST
    uri: https://vaultname.vault.azure.net/keys/livekvtestkey192811afc/create?api-version=7.0
  response:
    body:
      string: '{"key":{"kid":"https://vaultname.vault.azure.net/keys/livekvtestkey192811afc/8ad00df93ec04e6380e1e45534142a65","kty":"EC","key_ops":["sign","verify"],"crv":"P-256","x":"c1Kc_6IaFvcnH3Uq_pB11evQXdqL3KO_hNRILXyBznU","y":"SXTkTZjzhYvVKc2doINhftXTjVryJ0pWA2SyD_2PHQA"},"attributes":{"enabled":true,"created":1618949816,"updated":1618949816,"recoveryLevel":"Recoverable+Purgeable"}}'
    headers:
      cache-control: no-cache
      content-length: '380'
      content-type: application/json; charset=utf-8
      date: Tue, 20 Apr 2021 20:16:56 GMT
      expires: '-1'
      pragma: no-cache
      strict-transport-security: max-age=31536000;includeSubDomains
      x-content-type-options: nosniff
      x-ms-keyvault-network-info: conn_type=Ipv4;addr=172.92.159.124;act_addr_fam=InterNetwork;
      x-ms-keyvault-region: eastus2
      x-ms-keyvault-service-version: 1.2.236.0
      x-powered-by: ASP.NET
    status:
      code: 200
      message: OK
    url: https://mcpatinotest.vault.azure.net/keys/livekvtestkey192811afc/create?api-version=7.0
- request:
    body: '{"kty": "EC"}'
    headers:
      Accept:
      - application/json
      Content-Length:
      - '13'
      Content-Type:
      - application/json
      User-Agent:
      - azsdk-python-keyvault-keys/4.4.0b5 Python/3.5.3 (Windows-10-10.0.19041-SP0)
    method: POST
    uri: https://vaultname.vault.azure.net/keys/livekvtestkey292811afc/create?api-version=7.0
  response:
    body:
      string: '{"key":{"kid":"https://vaultname.vault.azure.net/keys/livekvtestkey292811afc/6be765441cc9475abbf1d16837f512e8","kty":"EC","key_ops":["sign","verify"],"crv":"P-256","x":"QoIOI4nOkN2DcvmN2FU3Ces-6BltPDNroodJR-W2HqQ","y":"Vx_hXaIx80xVxm8vhETGxjqR8YV7EmpuykOkTNAgt88"},"attributes":{"enabled":true,"created":1618949817,"updated":1618949817,"recoveryLevel":"Recoverable+Purgeable"}}'
    headers:
      cache-control: no-cache
      content-length: '380'
      content-type: application/json; charset=utf-8
      date: Tue, 20 Apr 2021 20:16:57 GMT
      expires: '-1'
      pragma: no-cache
      strict-transport-security: max-age=31536000;includeSubDomains
      x-content-type-options: nosniff
      x-ms-keyvault-network-info: conn_type=Ipv4;addr=172.92.159.124;act_addr_fam=InterNetwork;
      x-ms-keyvault-region: eastus2
      x-ms-keyvault-service-version: 1.2.236.0
      x-powered-by: ASP.NET
    status:
      code: 200
      message: OK
    url: https://mcpatinotest.vault.azure.net/keys/livekvtestkey292811afc/create?api-version=7.0
- request:
    body: '{"kty": "EC"}'
    headers:
      Accept:
      - application/json
      Content-Length:
      - '13'
      Content-Type:
      - application/json
      User-Agent:
      - azsdk-python-keyvault-keys/4.4.0b5 Python/3.5.3 (Windows-10-10.0.19041-SP0)
    method: POST
    uri: https://vaultname.vault.azure.net/keys/livekvtestkey392811afc/create?api-version=7.0
  response:
    body:
      string: '{"key":{"kid":"https://vaultname.vault.azure.net/keys/livekvtestkey392811afc/cd4da5adf1fd45a6aacc7404cc495c00","kty":"EC","key_ops":["sign","verify"],"crv":"P-256","x":"wsFvZG4WA0tK5p2Lf02gsAJQfM74PCb9QZj1eu_Gkgg","y":"WXl0_mFtLlSrJ762uBxA8G9xIxvTo-vJF9dN63y75WI"},"attributes":{"enabled":true,"created":1618949817,"updated":1618949817,"recoveryLevel":"Recoverable+Purgeable"}}'
    headers:
      cache-control: no-cache
      content-length: '380'
      content-type: application/json; charset=utf-8
      date: Tue, 20 Apr 2021 20:16:57 GMT
      expires: '-1'
      pragma: no-cache
      strict-transport-security: max-age=31536000;includeSubDomains
      x-content-type-options: nosniff
      x-ms-keyvault-network-info: conn_type=Ipv4;addr=172.92.159.124;act_addr_fam=InterNetwork;
      x-ms-keyvault-region: eastus2
      x-ms-keyvault-service-version: 1.2.236.0
      x-powered-by: ASP.NET
    status:
      code: 200
      message: OK
    url: https://mcpatinotest.vault.azure.net/keys/livekvtestkey392811afc/create?api-version=7.0
- request:
    body: '{"kty": "RSA"}'
    headers:
      Accept:
      - application/json
      Content-Length:
      - '14'
      Content-Type:
      - application/json
      User-Agent:
      - azsdk-python-keyvault-keys/4.4.0b5 Python/3.5.3 (Windows-10-10.0.19041-SP0)
    method: POST
    uri: https://vaultname.vault.azure.net/keys/livekvtestkey092811afc/create?api-version=7.0
  response:
    body:
      string: '{"key":{"kid":"https://vaultname.vault.azure.net/keys/livekvtestkey092811afc/668bb5c1f452446db291de789da2f0b4","kty":"RSA","key_ops":["encrypt","decrypt","sign","verify","wrapKey","unwrapKey"],"n":"3_yhdyvpJRHqM-_OEKfeKrXVxM1pgWsJ4ck5bu91NyTW07YOE9SaF5_KBo8IOkwqL7vpx3b5RvEcnLmtvvmc-RAW4IsNu6GyEb1Pv2L5wN4RWPE8HWHzKVrHr1emEpY2sMtbs-Ah63OuD7j80-PGlvHODKFzG7RQb9HMPtKwSA0nfbq9-XJ237_VsWR-eoQj-4WnPIpFCIVNaS2pD2nkFjEhFI7oNONXocuLpnVzlQ6-ouzgi7MvC66QWY1ya-biaaLTJ4_7P21a_CO603yVrYjN11dkoouMiiTPGavNAtgKZ-VwyBvvkE-eEvB6frxa7prIZRc3XzJTj2sD8IAlsQ","e":"AQAB"},"attributes":{"enabled":true,"created":1618949817,"updated":1618949817,"recoveryLevel":"Recoverable+Purgeable"}}'
    headers:
      cache-control: no-cache
      content-length: '669'
      content-type: application/json; charset=utf-8
      date: Tue, 20 Apr 2021 20:16:57 GMT
      expires: '-1'
      pragma: no-cache
      strict-transport-security: max-age=31536000;includeSubDomains
      x-content-type-options: nosniff
      x-ms-keyvault-network-info: conn_type=Ipv4;addr=172.92.159.124;act_addr_fam=InterNetwork;
      x-ms-keyvault-region: eastus2
      x-ms-keyvault-service-version: 1.2.236.0
      x-powered-by: ASP.NET
    status:
      code: 200
      message: OK
    url: https://mcpatinotest.vault.azure.net/keys/livekvtestkey092811afc/create?api-version=7.0
- request:
    body: '{"kty": "RSA"}'
    headers:
      Accept:
      - application/json
      Content-Length:
      - '14'
      Content-Type:
      - application/json
      User-Agent:
      - azsdk-python-keyvault-keys/4.4.0b5 Python/3.5.3 (Windows-10-10.0.19041-SP0)
    method: POST
    uri: https://vaultname.vault.azure.net/keys/livekvtestkey192811afc/create?api-version=7.0
  response:
    body:
      string: '{"key":{"kid":"https://vaultname.vault.azure.net/keys/livekvtestkey192811afc/a77d593209cd4ec78b7a4c468e7a6bc2","kty":"RSA","key_ops":["encrypt","decrypt","sign","verify","wrapKey","unwrapKey"],"n":"04QNa9cE1NN935SwPfrRYF_QTpa5GOIrKfDIe4nFg2ItNELrWE4IAztby0tfWP5h75Cc9swLswkZeBlY6p0l3BodRN7b2ia8_6lNLMS5zkCmRimBesfkCLimbhHfWPFFW3jPKh8WakeVWe-U53ajC9J5RhaEhqSEbzsmB184ZiBZ7GLFWXwP_Mz-20VnsVlfW4suCISBgoex0KloLZe_WQDaQRPRgBJtgUT6OvaUsNtD0gXdBp8xfc7p72NpJmGso8gurT3LdM9AVFEK-vtnluvUY5VWU3XfAzzeJo8A_415Wn6QsMCzRyy1OwfZTvs0Wy1OX_Shumjgz77ceRzQhQ","e":"AQAB"},"attributes":{"enabled":true,"created":1618949818,"updated":1618949818,"recoveryLevel":"Recoverable+Purgeable"}}'
    headers:
      cache-control: no-cache
      content-length: '669'
      content-type: application/json; charset=utf-8
      date: Tue, 20 Apr 2021 20:16:58 GMT
      expires: '-1'
      pragma: no-cache
      strict-transport-security: max-age=31536000;includeSubDomains
      x-content-type-options: nosniff
      x-ms-keyvault-network-info: conn_type=Ipv4;addr=172.92.159.124;act_addr_fam=InterNetwork;
      x-ms-keyvault-region: eastus2
      x-ms-keyvault-service-version: 1.2.236.0
      x-powered-by: ASP.NET
    status:
      code: 200
      message: OK
    url: https://mcpatinotest.vault.azure.net/keys/livekvtestkey192811afc/create?api-version=7.0
- request:
    body: '{"kty": "RSA"}'
    headers:
      Accept:
      - application/json
      Content-Length:
      - '14'
      Content-Type:
      - application/json
      User-Agent:
      - azsdk-python-keyvault-keys/4.4.0b5 Python/3.5.3 (Windows-10-10.0.19041-SP0)
    method: POST
    uri: https://vaultname.vault.azure.net/keys/livekvtestkey292811afc/create?api-version=7.0
  response:
    body:
      string: '{"key":{"kid":"https://vaultname.vault.azure.net/keys/livekvtestkey292811afc/cfaca931d0c4446eb77b1bbd3837fdfc","kty":"RSA","key_ops":["encrypt","decrypt","sign","verify","wrapKey","unwrapKey"],"n":"4zq0z6kvmMtLJiPR2qQ-OkgonzusjQ7JHF_EhmNcRqrAd4q_XRjfP5q5a58lpS9sQbyIEkInAbv114OLzINjn1pRv3W5NGfkdojVNO8gIuuq_f44kRxehgWaDzPU5JcR9cNTROs-SHlbfEFtMaHoEfWng56G_G-28dPuDPa8S92Go2CLUIh1YpwjAe-nKwDE7-oRVaO3k18ReuyZCYPTXN-eC1uF9UvLhDTsFNgO0zuADiDi1q5BH5SzmIalUxDBsI-LBRAgEGjqGsp65FIeB-o93oEfZ8Yfmu7U_uUdsxI9nC0ga5G4vBRosNEuGPKc9TeTRUG5Zh-0kIEJNil0rQ","e":"AQAB"},"attributes":{"enabled":true,"created":1618949818,"updated":1618949818,"recoveryLevel":"Recoverable+Purgeable"}}'
    headers:
      cache-control: no-cache
      content-length: '669'
      content-type: application/json; charset=utf-8
      date: Tue, 20 Apr 2021 20:16:58 GMT
      expires: '-1'
      pragma: no-cache
      strict-transport-security: max-age=31536000;includeSubDomains
      x-content-type-options: nosniff
      x-ms-keyvault-network-info: conn_type=Ipv4;addr=172.92.159.124;act_addr_fam=InterNetwork;
      x-ms-keyvault-region: eastus2
      x-ms-keyvault-service-version: 1.2.236.0
      x-powered-by: ASP.NET
    status:
      code: 200
      message: OK
    url: https://mcpatinotest.vault.azure.net/keys/livekvtestkey292811afc/create?api-version=7.0
- request:
    body: '{"kty": "RSA"}'
    headers:
      Accept:
      - application/json
      Content-Length:
      - '14'
      Content-Type:
      - application/json
      User-Agent:
      - azsdk-python-keyvault-keys/4.4.0b5 Python/3.5.3 (Windows-10-10.0.19041-SP0)
    method: POST
    uri: https://vaultname.vault.azure.net/keys/livekvtestkey392811afc/create?api-version=7.0
  response:
    body:
      string: '{"key":{"kid":"https://vaultname.vault.azure.net/keys/livekvtestkey392811afc/6edc43918353433389807b2e9d98b8f3","kty":"RSA","key_ops":["encrypt","decrypt","sign","verify","wrapKey","unwrapKey"],"n":"sUPUCsq9yLuPtaOmBEWDZuHdcwSVgkee3cvCUrSsxTI4xaYKIcdKwSAQ801FtgScp0jbKXbHLDjtLqFwB-dotNs89MdGW8kyLTTdkRkljMva_f9p2oi9e4g_Cjyt29HvMk8H7fS19nwZMv6IsU3uwrPgXzWDDnFx3cxlk3FuT6FpF8t1PWvf_Q5TK5IR8fNzzTLEOXdu3LBzW3S1rvz5hwVaWEkTqBXgX01ACzXNwEP1zfZfh628ao2dp2G2_hWFtUdPXd1WHPlpdoTiUjvyiwzDb6koX0_FzJy0DVeEXOI1jkUxXhQ-_JNiCSdAZooXwhbp_diZCEubVtSG7SBZZQ","e":"AQAB"},"attributes":{"enabled":true,"created":1618949819,"updated":1618949819,"recoveryLevel":"Recoverable+Purgeable"}}'
    headers:
      cache-control: no-cache
      content-length: '669'
      content-type: application/json; charset=utf-8
      date: Tue, 20 Apr 2021 20:16:59 GMT
      expires: '-1'
      pragma: no-cache
      strict-transport-security: max-age=31536000;includeSubDomains
      x-content-type-options: nosniff
      x-ms-keyvault-network-info: conn_type=Ipv4;addr=172.92.159.124;act_addr_fam=InterNetwork;
      x-ms-keyvault-region: eastus2
      x-ms-keyvault-service-version: 1.2.236.0
      x-powered-by: ASP.NET
    status:
      code: 200
      message: OK
    url: https://mcpatinotest.vault.azure.net/keys/livekvtestkey392811afc/create?api-version=7.0
- request:
    body: null
    headers:
      Accept:
      - application/json
      User-Agent:
      - azsdk-python-keyvault-keys/4.4.0b5 Python/3.5.3 (Windows-10-10.0.19041-SP0)
    method: GET
    uri: https://vaultname.vault.azure.net/keys?api-version=7.0
  response:
    body:
      string: '{"value":[{"kid":"https://vaultname.vault.azure.net/keys/crypto-test-encrypt-key24111d38","attributes":{"enabled":true,"created":1618869896,"updated":1618869896,"recoveryLevel":"Recoverable+Purgeable"}},{"kid":"https://vaultname.vault.azure.net/keys/crypto-test-encrypt-key262514db","attributes":{"enabled":true,"created":1618872675,"updated":1618872675,"recoveryLevel":"Recoverable+Purgeable"}},{"kid":"https://vaultname.vault.azure.net/keys/crypto-test-encrypt-key262c14dc","attributes":{"enabled":true,"created":1618872678,"updated":1618872678,"recoveryLevel":"Recoverable+Purgeable"}},{"kid":"https://vaultname.vault.azure.net/keys/crypto-test-encrypt-key464d19d5","attributes":{"enabled":true,"created":1618869894,"updated":1618869894,"recoveryLevel":"Recoverable+Purgeable"}},{"kid":"https://vaultname.vault.azure.net/keys/crypto-test-encrypt-key465419d6","attributes":{"enabled":true,"created":1618869896,"updated":1618869896,"recoveryLevel":"Recoverable+Purgeable"}},{"kid":"https://vaultname.vault.azure.net/keys/crypto-test-encrypt-keyb4ad165e","attributes":{"enabled":true,"created":1618872672,"updated":1618872672,"recoveryLevel":"Recoverable+Purgeable"}},{"kid":"https://vaultname.vault.azure.net/keys/crypto-test-encrypt-keydc0a183e","attributes":{"enabled":true,"created":1618872680,"updated":1618872680,"recoveryLevel":"Recoverable+Purgeable"}},{"kid":"https://vaultname.vault.azure.net/keys/crypto-test-encrypt-keyf7ab1b58","attributes":{"enabled":true,"created":1618869894,"updated":1618869894,"recoveryLevel":"Recoverable+Purgeable"}},{"kid":"https://vaultname.vault.azure.net/keys/crypto-test-wrapping-key555e14a4","attributes":{"enabled":true,"created":1618872683,"updated":1618872683,"recoveryLevel":"Recoverable+Purgeable"}},{"kid":"https://vaultname.vault.azure.net/keys/crypto-test-wrapping-key572214b5","attributes":{"enabled":true,"created":1618872694,"updated":1618872694,"recoveryLevel":"Recoverable+Purgeable"}},{"kid":"https://vaultname.vault.azure.net/keys/crypto-test-wrapping-key7b011684","attributes":{"enabled":true,"created":1618872691,"updated":1618872691,"recoveryLevel":"Recoverable+Purgeable"}},{"kid":"https://vaultname.vault.azure.net/keys/crypto-test-wrapping-key7cd61695","attributes":{"enabled":true,"created":1618872701,"updated":1618872701,"recoveryLevel":"Recoverable+Purgeable"}},{"kid":"https://vaultname.vault.azure.net/keys/crypto-test-wrapping-key840c199e","attributes":{"enabled":true,"created":1618869897,"updated":1618869897,"recoveryLevel":"Recoverable+Purgeable"}},{"kid":"https://vaultname.vault.azure.net/keys/crypto-test-wrapping-key863619af","attributes":{"enabled":true,"created":1618869900,"updated":1618869900,"recoveryLevel":"Recoverable+Purgeable"}},{"kid":"https://vaultname.vault.azure.net/keys/crypto-test-wrapping-keyaea91b7e","attributes":{"enabled":true,"created":1618869899,"updated":1618869899,"recoveryLevel":"Recoverable+Purgeable"}},{"kid":"https://vaultname.vault.azure.net/keys/crypto-test-wrapping-keyb0e41b8f","attributes":{"enabled":true,"created":1618869902,"updated":1618869902,"recoveryLevel":"Recoverable+Purgeable"}},{"kid":"https://vaultname.vault.azure.net/keys/crypto-test-wrapping-keyd2dd1321","attributes":{"enabled":true,"created":1618872686,"updated":1618872686,"recoveryLevel":"Recoverable+Purgeable"}},{"kid":"https://vaultname.vault.azure.net/keys/crypto-test-wrapping-keyd2e41322","attributes":{"enabled":true,"created":1618872688,"updated":1618872688,"recoveryLevel":"Recoverable+Purgeable"}},{"kid":"https://vaultname.vault.azure.net/keys/crypto-test-wrapping-keyd42a1332","attributes":{"enabled":true,"created":1618872696,"updated":1618872696,"recoveryLevel":"Recoverable+Purgeable"}},{"kid":"https://vaultname.vault.azure.net/keys/crypto-test-wrapping-keyd4311333","attributes":{"enabled":true,"created":1618872699,"updated":1618872699,"recoveryLevel":"Recoverable+Purgeable"}},{"kid":"https://vaultname.vault.azure.net/keys/crypto-test-wrapping-keydeb5181b","attributes":{"enabled":true,"created":1618869897,"updated":1618869897,"recoveryLevel":"Recoverable+Purgeable"}},{"kid":"https://vaultname.vault.azure.net/keys/crypto-test-wrapping-keydebc181c","attributes":{"enabled":true,"created":1618869899,"updated":1618869899,"recoveryLevel":"Recoverable+Purgeable"}},{"kid":"https://vaultname.vault.azure.net/keys/crypto-test-wrapping-keye068182c","attributes":{"enabled":true,"created":1618869901,"updated":1618869901,"recoveryLevel":"Recoverable+Purgeable"}},{"kid":"https://vaultname.vault.azure.net/keys/crypto-test-wrapping-keye06f182d","attributes":{"enabled":true,"created":1618869902,"updated":1618869902,"recoveryLevel":"Recoverable+Purgeable"}},{"kid":"https://vaultname.vault.azure.net/keys/key-name49ea1c6c","attributes":{"enabled":true,"created":1618874243,"updated":1618874243,"recoveryLevel":"Recoverable+Purgeable"}}],"nextLink":"https://vaultname.vault.azure.net:443/keys?api-version=7.0&$skiptoken=eyJOZXh0TWFya2VyIjoiMiE4OCFNREF3TURJd0lXdGxlUzlMUlZrdFRrRk5SVFJCTmpJeFF6Y3hJVEF3TURBeU9DRTVPVGs1TFRFeUxUTXhWREl6T2pVNU9qVTVMams1T1RrNU9UbGFJUS0tIiwiVGFyZ2V0TG9jYXRpb24iOjB9"}'
    headers:
      cache-control: no-cache
      content-length: '5171'
      content-type: application/json; charset=utf-8
      date: Tue, 20 Apr 2021 20:16:59 GMT
      expires: '-1'
      pragma: no-cache
      strict-transport-security: max-age=31536000;includeSubDomains
      x-content-type-options: nosniff
      x-ms-keyvault-network-info: conn_type=Ipv4;addr=172.92.159.124;act_addr_fam=InterNetwork;
      x-ms-keyvault-region: eastus2
      x-ms-keyvault-service-version: 1.2.236.0
      x-powered-by: ASP.NET
    status:
      code: 200
      message: OK
    url: https://mcpatinotest.vault.azure.net/keys?api-version=7.0
- request:
    body: null
    headers:
      Accept:
      - application/json
      User-Agent:
      - azsdk-python-keyvault-keys/4.4.0b5 Python/3.5.3 (Windows-10-10.0.19041-SP0)
    method: GET
    uri: https://vaultname.vault.azure.net:443/keys?api-version=7.0&$skiptoken=eyJOZXh0TWFya2VyIjoiMiE4OCFNREF3TURJd0lXdGxlUzlMUlZrdFRrRk5SVFJCTmpJeFF6Y3hJVEF3TURBeU9DRTVPVGs1TFRFeUxUTXhWREl6T2pVNU9qVTVMams1T1RrNU9UbGFJUS0tIiwiVGFyZ2V0TG9jYXRpb24iOjB9
  response:
    body:
      string: '{"value":[{"kid":"https://vaultname.vault.azure.net/keys/key-name4dbf1589","attributes":{"enabled":true,"created":1618875905,"updated":1618875905,"recoveryLevel":"Recoverable+Purgeable"}},{"kid":"https://vaultname.vault.azure.net/keys/key-name4dc6158a","attributes":{"enabled":true,"created":1618875957,"updated":1618875957,"recoveryLevel":"Recoverable+Purgeable"}},{"kid":"https://vaultname.vault.azure.net/keys/key-name77551e4c","attributes":{"enabled":true,"created":1618874332,"updated":1618874332,"recoveryLevel":"Recoverable+Purgeable"}},{"kid":"https://vaultname.vault.azure.net/keys/key-name7fcc1989","attributes":{"enabled":true,"created":1618874410,"updated":1618874410,"recoveryLevel":"Recoverable+Purgeable"}},{"kid":"https://vaultname.vault.azure.net/keys/key-name90f11ae9","attributes":{"enabled":true,"created":1618874243,"updated":1618874243,"recoveryLevel":"Recoverable+Purgeable"}},{"kid":"https://vaultname.vault.azure.net/keys/key-name90f81aea","attributes":{"enabled":true,"created":1618874333,"updated":1618874333,"recoveryLevel":"Recoverable+Purgeable"}},{"kid":"https://vaultname.vault.azure.net/keys/key-name92318ec","attributes":{"enabled":true,"created":1618875985,"updated":1618875985,"recoveryLevel":"Recoverable+Purgeable"}},{"kid":"https://vaultname.vault.azure.net/keys/key-nameaa541b69","attributes":{"enabled":true,"created":1618874456,"updated":1618874456,"recoveryLevel":"Recoverable+Purgeable"}},{"kid":"https://vaultname.vault.azure.net/keys/key-namedb081806","attributes":{"enabled":true,"created":1618874410,"updated":1618874410,"recoveryLevel":"Recoverable+Purgeable"}},{"kid":"https://vaultname.vault.azure.net/keys/key-namedb0f1807","attributes":{"enabled":true,"created":1618874456,"updated":1618874456,"recoveryLevel":"Recoverable+Purgeable"}},{"kid":"https://vaultname.vault.azure.net/keys/key-namee109170c","attributes":{"enabled":true,"created":1618875905,"updated":1618875905,"recoveryLevel":"Recoverable+Purgeable"}},{"kid":"https://vaultname.vault.azure.net/keys/key04bff1c7f","attributes":{"enabled":true,"created":1618874200,"updated":1618874200,"recoveryLevel":"Recoverable+Purgeable"}},{"kid":"https://vaultname.vault.azure.net/keys/key0797d1e5f","attributes":{"enabled":true,"created":1618874221,"updated":1618874221,"recoveryLevel":"Recoverable+Purgeable"}},{"kid":"https://vaultname.vault.azure.net/keys/key092811afc","attributes":{"enabled":true,"created":1618874222,"updated":1618874222,"recoveryLevel":"Recoverable+Purgeable"}},{"kid":"https://vaultname.vault.azure.net/keys/key092881afd","attributes":{"enabled":true,"created":1618874199,"updated":1618874199,"recoveryLevel":"Recoverable+Purgeable"}},{"kid":"https://vaultname.vault.azure.net/keys/key09bd11a02","attributes":{"enabled":true,"created":1618875670,"updated":1618875670,"recoveryLevel":"Recoverable+Purgeable"}},{"kid":"https://vaultname.vault.azure.net/keys/key0c6d21be2","attributes":{"enabled":true,"created":1618875695,"updated":1618875695,"recoveryLevel":"Recoverable+Purgeable"}}],"nextLink":"https://vaultname.vault.azure.net:443/keys?api-version=7.0&$skiptoken=eyJOZXh0TWFya2VyIjoiMiE4MCFNREF3TURFMklXdGxlUzlMUlZrd1JqTkNSVEU0TjBZaE1EQXdNREk0SVRrNU9Ua3RNVEl0TXpGVU1qTTZOVGs2TlRrdU9UazVPVGs1T1ZvaCIsIlRhcmdldExvY2F0aW9uIjowfQ"}'
    headers:
      cache-control: no-cache
      content-length: '3312'
      content-type: application/json; charset=utf-8
      date: Tue, 20 Apr 2021 20:17:00 GMT
      expires: '-1'
      pragma: no-cache
      strict-transport-security: max-age=31536000;includeSubDomains
      x-content-type-options: nosniff
      x-ms-keyvault-network-info: conn_type=Ipv4;addr=172.92.159.124;act_addr_fam=InterNetwork;
      x-ms-keyvault-region: eastus2
      x-ms-keyvault-service-version: 1.2.236.0
      x-powered-by: ASP.NET
    status:
      code: 200
      message: OK
    url: https://mcpatinotest.vault.azure.net:443/keys?api-version=7.0&$skiptoken=eyJOZXh0TWFya2VyIjoiMiE4OCFNREF3TURJd0lXdGxlUzlMUlZrdFRrRk5SVFJCTmpJeFF6Y3hJVEF3TURBeU9DRTVPVGs1TFRFeUxUTXhWREl6T2pVNU9qVTVMams1T1RrNU9UbGFJUS0tIiwiVGFyZ2V0TG9jYXRpb24iOjB9
- request:
    body: null
    headers:
      Accept:
      - application/json
      User-Agent:
      - azsdk-python-keyvault-keys/4.4.0b5 Python/3.5.3 (Windows-10-10.0.19041-SP0)
    method: GET
    uri: https://vaultname.vault.azure.net:443/keys?api-version=7.0&$skiptoken=eyJOZXh0TWFya2VyIjoiMiE4MCFNREF3TURFMklXdGxlUzlMUlZrd1JqTkNSVEU0TjBZaE1EQXdNREk0SVRrNU9Ua3RNVEl0TXpGVU1qTTZOVGs2TlRrdU9UazVPVGs1T1ZvaCIsIlRhcmdldExvY2F0aW9uIjowfQ
  response:
    body:
      string: '{"value":[{"kid":"https://vaultname.vault.azure.net/keys/key0f3be187f","attributes":{"enabled":true,"created":1618875695,"updated":1618875695,"recoveryLevel":"Recoverable+Purgeable"}},{"kid":"https://vaultname.vault.azure.net/keys/key0f3c51880","attributes":{"enabled":true,"created":1618875670,"updated":1618875670,"recoveryLevel":"Recoverable+Purgeable"}},{"kid":"https://vaultname.vault.azure.net/keys/key14bff1c7f","attributes":{"enabled":true,"created":1618874200,"updated":1618874200,"recoveryLevel":"Recoverable+Purgeable"}},{"kid":"https://vaultname.vault.azure.net/keys/key1797d1e5f","attributes":{"enabled":true,"created":1618874222,"updated":1618874222,"recoveryLevel":"Recoverable+Purgeable"}},{"kid":"https://vaultname.vault.azure.net/keys/key192811afc","attributes":{"enabled":true,"created":1618874222,"updated":1618874222,"recoveryLevel":"Recoverable+Purgeable"}},{"kid":"https://vaultname.vault.azure.net/keys/key192881afd","attributes":{"enabled":true,"created":1618874199,"updated":1618874199,"recoveryLevel":"Recoverable+Purgeable"}},{"kid":"https://vaultname.vault.azure.net/keys/key19bd11a02","attributes":{"enabled":true,"created":1618875671,"updated":1618875671,"recoveryLevel":"Recoverable+Purgeable"}},{"kid":"https://vaultname.vault.azure.net/keys/key1c6d21be2","attributes":{"enabled":true,"created":1618875695,"updated":1618875695,"recoveryLevel":"Recoverable+Purgeable"}},{"kid":"https://vaultname.vault.azure.net/keys/key1f3be187f","attributes":{"enabled":true,"created":1618875695,"updated":1618875695,"recoveryLevel":"Recoverable+Purgeable"}},{"kid":"https://vaultname.vault.azure.net/keys/key1f3c51880","attributes":{"enabled":true,"created":1618875670,"updated":1618875670,"recoveryLevel":"Recoverable+Purgeable"}},{"kid":"https://vaultname.vault.azure.net/keys/key24bff1c7f","attributes":{"enabled":true,"created":1618874201,"updated":1618874201,"recoveryLevel":"Recoverable+Purgeable"}},{"kid":"https://vaultname.vault.azure.net/keys/key2797d1e5f","attributes":{"enabled":true,"created":1618874222,"updated":1618874222,"recoveryLevel":"Recoverable+Purgeable"}},{"kid":"https://vaultname.vault.azure.net/keys/key292811afc","attributes":{"enabled":true,"created":1618874222,"updated":1618874222,"recoveryLevel":"Recoverable+Purgeable"}},{"kid":"https://vaultname.vault.azure.net/keys/key292881afd","attributes":{"enabled":true,"created":1618874199,"updated":1618874199,"recoveryLevel":"Recoverable+Purgeable"}},{"kid":"https://vaultname.vault.azure.net/keys/key29bd11a02","attributes":{"enabled":true,"created":1618875671,"updated":1618875671,"recoveryLevel":"Recoverable+Purgeable"}},{"kid":"https://vaultname.vault.azure.net/keys/key2c6d21be2","attributes":{"enabled":true,"created":1618875695,"updated":1618875695,"recoveryLevel":"Recoverable+Purgeable"}},{"kid":"https://vaultname.vault.azure.net/keys/key2f3be187f","attributes":{"enabled":true,"created":1618875695,"updated":1618875695,"recoveryLevel":"Recoverable+Purgeable"}},{"kid":"https://vaultname.vault.azure.net/keys/key2f3c51880","attributes":{"enabled":true,"created":1618875671,"updated":1618875671,"recoveryLevel":"Recoverable+Purgeable"}},{"kid":"https://vaultname.vault.azure.net/keys/key34bff1c7f","attributes":{"enabled":true,"created":1618874201,"updated":1618874201,"recoveryLevel":"Recoverable+Purgeable"}},{"kid":"https://vaultname.vault.azure.net/keys/key3797d1e5f","attributes":{"enabled":true,"created":1618874222,"updated":1618874222,"recoveryLevel":"Recoverable+Purgeable"}},{"kid":"https://vaultname.vault.azure.net/keys/key392811afc","attributes":{"enabled":true,"created":1618874223,"updated":1618874223,"recoveryLevel":"Recoverable+Purgeable"}},{"kid":"https://vaultname.vault.azure.net/keys/key392881afd","attributes":{"enabled":true,"created":1618874200,"updated":1618874200,"recoveryLevel":"Recoverable+Purgeable"}},{"kid":"https://vaultname.vault.azure.net/keys/key39bd11a02","attributes":{"enabled":true,"created":1618875671,"updated":1618875671,"recoveryLevel":"Recoverable+Purgeable"}},{"kid":"https://vaultname.vault.azure.net/keys/key3c6d21be2","attributes":{"enabled":true,"created":1618875696,"updated":1618875696,"recoveryLevel":"Recoverable+Purgeable"}},{"kid":"https://vaultname.vault.azure.net/keys/key3f3be187f","attributes":{"enabled":true,"created":1618875696,"updated":1618875696,"recoveryLevel":"Recoverable+Purgeable"}}],"nextLink":"https://vaultname.vault.azure.net:443/keys?api-version=7.0&$skiptoken=eyJOZXh0TWFya2VyIjoiMiE4MCFNREF3TURFMklXdGxlUzlMUlZrelJqTkROVEU0T0RBaE1EQXdNREk0SVRrNU9Ua3RNVEl0TXpGVU1qTTZOVGs2TlRrdU9UazVPVGs1T1ZvaCIsIlRhcmdldExvY2F0aW9uIjowfQ"}'
    headers:
      cache-control: no-cache
      content-length: '4685'
      content-type: application/json; charset=utf-8
      date: Tue, 20 Apr 2021 20:17:00 GMT
      expires: '-1'
      pragma: no-cache
      strict-transport-security: max-age=31536000;includeSubDomains
      x-content-type-options: nosniff
      x-ms-keyvault-network-info: conn_type=Ipv4;addr=172.92.159.124;act_addr_fam=InterNetwork;
      x-ms-keyvault-region: eastus2
      x-ms-keyvault-service-version: 1.2.236.0
      x-powered-by: ASP.NET
    status:
      code: 200
      message: OK
    url: https://mcpatinotest.vault.azure.net:443/keys?api-version=7.0&$skiptoken=eyJOZXh0TWFya2VyIjoiMiE4MCFNREF3TURFMklXdGxlUzlMUlZrd1JqTkNSVEU0TjBZaE1EQXdNREk0SVRrNU9Ua3RNVEl0TXpGVU1qTTZOVGs2TlRrdU9UazVPVGs1T1ZvaCIsIlRhcmdldExvY2F0aW9uIjowfQ
- request:
    body: null
    headers:
      Accept:
      - application/json
      User-Agent:
      - azsdk-python-keyvault-keys/4.4.0b5 Python/3.5.3 (Windows-10-10.0.19041-SP0)
    method: GET
    uri: https://vaultname.vault.azure.net:443/keys?api-version=7.0&$skiptoken=eyJOZXh0TWFya2VyIjoiMiE4MCFNREF3TURFMklXdGxlUzlMUlZrelJqTkROVEU0T0RBaE1EQXdNREk0SVRrNU9Ua3RNVEl0TXpGVU1qTTZOVGs2TlRrdU9UazVPVGs1T1ZvaCIsIlRhcmdldExvY2F0aW9uIjowfQ
  response:
    body:
      string: '{"value":[{"kid":"https://vaultname.vault.azure.net/keys/key3f3c51880","attributes":{"enabled":true,"created":1618875671,"updated":1618875671,"recoveryLevel":"Recoverable+Purgeable"}},{"kid":"https://vaultname.vault.azure.net/keys/key95c61223","attributes":{"enabled":true,"created":1618877169,"updated":1618877169,"recoveryLevel":"Recoverable+Purgeable"}},{"kid":"https://vaultname.vault.azure.net/keys/keyrec99bc19ef","attributes":{"enabled":true,"created":1618875718,"updated":1618875718,"recoveryLevel":"Recoverable+Purgeable"}},{"kid":"https://vaultname.vault.azure.net/keys/keyrecc4aa1bcf","attributes":{"enabled":true,"created":1618875806,"updated":1618875806,"recoveryLevel":"Recoverable+Purgeable"}},{"kid":"https://vaultname.vault.azure.net/keys/keyrecf22e186c","attributes":{"enabled":true,"created":1618875718,"updated":1618875718,"recoveryLevel":"Recoverable+Purgeable"}},{"kid":"https://vaultname.vault.azure.net/keys/keyrecf235186d","attributes":{"enabled":true,"created":1618875806,"updated":1618875806,"recoveryLevel":"Recoverable+Purgeable"}},{"kid":"https://vaultname.vault.azure.net/keys/livekvtestkey04bff1c7f","attributes":{"enabled":true,"created":1618949811,"updated":1618949811,"recoveryLevel":"Recoverable+Purgeable"}},{"kid":"https://vaultname.vault.azure.net/keys/livekvtestkey092811afc","attributes":{"enabled":true,"created":1618949817,"updated":1618949817,"recoveryLevel":"Recoverable+Purgeable"}},{"kid":"https://vaultname.vault.azure.net/keys/livekvtestkey14bff1c7f","attributes":{"enabled":true,"created":1618949811,"updated":1618949811,"recoveryLevel":"Recoverable+Purgeable"}},{"kid":"https://vaultname.vault.azure.net/keys/livekvtestkey192811afc","attributes":{"enabled":true,"created":1618949818,"updated":1618949818,"recoveryLevel":"Recoverable+Purgeable"}},{"kid":"https://vaultname.vault.azure.net/keys/livekvtestkey24bff1c7f","attributes":{"enabled":true,"created":1618949811,"updated":1618949811,"recoveryLevel":"Recoverable+Purgeable"}},{"kid":"https://vaultname.vault.azure.net/keys/livekvtestkey292811afc","attributes":{"enabled":true,"created":1618949818,"updated":1618949818,"recoveryLevel":"Recoverable+Purgeable"}},{"kid":"https://vaultname.vault.azure.net/keys/livekvtestkey34bff1c7f","attributes":{"enabled":true,"created":1618949812,"updated":1618949812,"recoveryLevel":"Recoverable+Purgeable"}},{"kid":"https://vaultname.vault.azure.net/keys/livekvtestkey392811afc","attributes":{"enabled":true,"created":1618949819,"updated":1618949819,"recoveryLevel":"Recoverable+Purgeable"}}],"nextLink":null}'
    headers:
      cache-control: no-cache
      content-length: '2592'
      content-type: application/json; charset=utf-8
      date: Tue, 20 Apr 2021 20:17:00 GMT
      expires: '-1'
      pragma: no-cache
      strict-transport-security: max-age=31536000;includeSubDomains
      x-content-type-options: nosniff
      x-ms-keyvault-network-info: conn_type=Ipv4;addr=172.92.159.124;act_addr_fam=InterNetwork;
      x-ms-keyvault-region: eastus2
      x-ms-keyvault-service-version: 1.2.236.0
      x-powered-by: ASP.NET
    status:
      code: 200
      message: OK
    url: https://mcpatinotest.vault.azure.net:443/keys?api-version=7.0&$skiptoken=eyJOZXh0TWFya2VyIjoiMiE4MCFNREF3TURFMklXdGxlUzlMUlZrelJqTkROVEU0T0RBaE1EQXdNREk0SVRrNU9Ua3RNVEl0TXpGVU1qTTZOVGs2TlRrdU9UazVPVGs1T1ZvaCIsIlRhcmdldExvY2F0aW9uIjowfQ
- request:
    body: null
    headers:
      Accept:
      - application/json
      User-Agent:
      - azsdk-python-keyvault-keys/4.4.0b5 Python/3.5.3 (Windows-10-10.0.19041-SP0)
    method: GET
    uri: https://vaultname.vault.azure.net/keys/key-name/versions?api-version=7.0
  response:
    body:
      string: '{"value":[],"nextLink":null}'
    headers:
      cache-control: no-cache
      content-length: '28'
      content-type: application/json; charset=utf-8
      date: Tue, 20 Apr 2021 20:17:00 GMT
      expires: '-1'
      pragma: no-cache
      strict-transport-security: max-age=31536000;includeSubDomains
      x-content-type-options: nosniff
      x-ms-keyvault-network-info: conn_type=Ipv4;addr=172.92.159.124;act_addr_fam=InterNetwork;
      x-ms-keyvault-region: eastus2
      x-ms-keyvault-service-version: 1.2.236.0
      x-powered-by: ASP.NET
    status:
      code: 200
      message: OK
    url: https://mcpatinotest.vault.azure.net/keys/key-name/versions?api-version=7.0
- request:
    body: null
    headers:
      Accept:
      - application/json
      User-Agent:
      - azsdk-python-keyvault-keys/4.4.0b5 Python/3.5.3 (Windows-10-10.0.19041-SP0)
    method: GET
    uri: https://vaultname.vault.azure.net/deletedkeys?api-version=7.0
  response:
    body:
      string: '{"value":[],"nextLink":"https://vaultname.vault.azure.net:443/deletedkeys?api-version=7.0&$skiptoken=eyJOZXh0TWFya2VyIjoiMiExNTIhTURBd01EWTVJV3RsZVM5RFVsbFFWRTh0VkVWVFZDMVhVa0ZRVUVsT1J5MUxSVms0TkRCRE1UazVSUzlFTWprMlJqSkJRalJCTWpBME4wWXhRVVJFTTBWQ05UazFSVEF3UmpVM015RXdNREF3TWpnaE9UazVPUzB4TWkwek1WUXlNem8xT1RvMU9TNDVPVGs1T1RrNVdpRS0iLCJUYXJnZXRMb2NhdGlvbiI6MH0"}'
    headers:
      cache-control: no-cache
      content-length: '365'
      content-type: application/json; charset=utf-8
      date: Tue, 20 Apr 2021 20:17:01 GMT
      expires: '-1'
      pragma: no-cache
      strict-transport-security: max-age=31536000;includeSubDomains
      x-content-type-options: nosniff
      x-ms-keyvault-network-info: conn_type=Ipv4;addr=172.92.159.124;act_addr_fam=InterNetwork;
      x-ms-keyvault-region: eastus2
      x-ms-keyvault-service-version: 1.2.236.0
      x-powered-by: ASP.NET
    status:
      code: 200
      message: OK
    url: https://mcpatinotest.vault.azure.net/deletedkeys?api-version=7.0
- request:
    body: null
    headers:
      Accept:
      - application/json
      User-Agent:
      - azsdk-python-keyvault-keys/4.4.0b5 Python/3.5.3 (Windows-10-10.0.19041-SP0)
    method: GET
    uri: https://vaultname.vault.azure.net:443/deletedkeys?api-version=7.0&$skiptoken=eyJOZXh0TWFya2VyIjoiMiExNTIhTURBd01EWTVJV3RsZVM5RFVsbFFWRTh0VkVWVFZDMVhVa0ZRVUVsT1J5MUxSVms0TkRCRE1UazVSUzlFTWprMlJqSkJRalJCTWpBME4wWXhRVVJFTTBWQ05UazFSVEF3UmpVM015RXdNREF3TWpnaE9UazVPUzB4TWkwek1WUXlNem8xT1RvMU9TNDVPVGs1T1RrNVdpRS0iLCJUYXJnZXRMb2NhdGlvbiI6MH0
  response:
    body:
      string: '{"value":[],"nextLink":"https://vaultname.vault.azure.net:443/deletedkeys?api-version=7.0&$skiptoken=eyJOZXh0TWFya2VyIjoiMiE4OCFNREF3TURJd0lXdGxlUzlMUlZrdFRrRk5SVFJCTmpJeFF6Y3hJVEF3TURBeU9DRTVPVGs1TFRFeUxUTXhWREl6T2pVNU9qVTVMams1T1RrNU9UbGFJUS0tIiwiVGFyZ2V0TG9jYXRpb24iOjB9"}'
    headers:
      cache-control: no-cache
      content-length: '278'
      content-type: application/json; charset=utf-8
      date: Tue, 20 Apr 2021 20:17:01 GMT
      expires: '-1'
      pragma: no-cache
      strict-transport-security: max-age=31536000;includeSubDomains
      x-content-type-options: nosniff
      x-ms-keyvault-network-info: conn_type=Ipv4;addr=172.92.159.124;act_addr_fam=InterNetwork;
      x-ms-keyvault-region: eastus2
      x-ms-keyvault-service-version: 1.2.236.0
      x-powered-by: ASP.NET
    status:
      code: 200
      message: OK
    url: https://mcpatinotest.vault.azure.net:443/deletedkeys?api-version=7.0&$skiptoken=eyJOZXh0TWFya2VyIjoiMiExNTIhTURBd01EWTVJV3RsZVM5RFVsbFFWRTh0VkVWVFZDMVhVa0ZRVUVsT1J5MUxSVms0TkRCRE1UazVSUzlFTWprMlJqSkJRalJCTWpBME4wWXhRVVJFTTBWQ05UazFSVEF3UmpVM015RXdNREF3TWpnaE9UazVPUzB4TWkwek1WUXlNem8xT1RvMU9TNDVPVGs1T1RrNVdpRS0iLCJUYXJnZXRMb2NhdGlvbiI6MH0
- request:
    body: null
    headers:
      Accept:
      - application/json
      User-Agent:
      - azsdk-python-keyvault-keys/4.4.0b5 Python/3.5.3 (Windows-10-10.0.19041-SP0)
    method: GET
    uri: https://vaultname.vault.azure.net:443/deletedkeys?api-version=7.0&$skiptoken=eyJOZXh0TWFya2VyIjoiMiE4OCFNREF3TURJd0lXdGxlUzlMUlZrdFRrRk5SVFJCTmpJeFF6Y3hJVEF3TURBeU9DRTVPVGs1TFRFeUxUTXhWREl6T2pVNU9qVTVMams1T1RrNU9UbGFJUS0tIiwiVGFyZ2V0TG9jYXRpb24iOjB9
  response:
    body:
      string: '{"value":[{"recoveryId":"https://vaultname.vault.azure.net/deletedkeys/key-name4a621c71","deletedDate":1618874119,"scheduledPurgeDate":1626650119,"kid":"https://vaultname.vault.azure.net/keys/key-name4a621c71","attributes":{"enabled":true,"exp":2524723200,"created":1618874118,"updated":1618874119,"recoveryLevel":"Recoverable+Purgeable"},"tags":{"foo":"updated
        tag"}},{"recoveryId":"https://vaultname.vault.azure.net/deletedkeys/key-name77d21e51","deletedDate":1618874157,"scheduledPurgeDate":1626650157,"kid":"https://vaultname.vault.azure.net/keys/key-name77d21e51","attributes":{"enabled":true,"exp":2524723200,"created":1618874157,"updated":1618874157,"recoveryLevel":"Recoverable+Purgeable"},"tags":{"foo":"updated
        tag"}},{"recoveryId":"https://vaultname.vault.azure.net/deletedkeys/key-name91461aee","deletedDate":1618874118,"scheduledPurgeDate":1626650118,"kid":"https://vaultname.vault.azure.net/keys/key-name91461aee","attributes":{"enabled":true,"exp":2524723200,"created":1618874117,"updated":1618874118,"recoveryLevel":"Recoverable+Purgeable"},"tags":{"foo":"updated
        tag"}},{"recoveryId":"https://vaultname.vault.azure.net/deletedkeys/key-name914d1aef","deletedDate":1618874157,"scheduledPurgeDate":1626650157,"kid":"https://vaultname.vault.azure.net/keys/key-name914d1aef","attributes":{"enabled":true,"exp":2524723200,"created":1618874156,"updated":1618874157,"recoveryLevel":"Recoverable+Purgeable"},"tags":{"foo":"updated
        tag"}},{"recoveryId":"https://vaultname.vault.azure.net/deletedkeys/key-name9a3419f4","deletedDate":1618875597,"scheduledPurgeDate":1626651597,"kid":"https://vaultname.vault.azure.net/keys/key-name9a3419f4","attributes":{"enabled":true,"exp":2524723200,"created":1618875596,"updated":1618875596,"recoveryLevel":"Recoverable+Purgeable"},"tags":{"foo":"updated
        tag"}}],"nextLink":"https://vaultname.vault.azure.net:443/deletedkeys?api-version=7.0&$skiptoken=eyJOZXh0TWFya2VyIjoiMiExMzIhTURBd01EVXpJV3RsZVM5TFJWa3RUa0ZOUlVGQk5UUXhRalk1THprME56VkdOemMwUVRWRU5qUTVNRE00UVRVNU16ZzBNa1UwUlVWQk56YzRJVEF3TURBeU9DRTVPVGs1TFRFeUxUTXhWREl6T2pVNU9qVTVMams1T1RrNU9UbGFJUS0tIiwiVGFyZ2V0TG9jYXRpb24iOjB9"}'
    headers:
      cache-control: no-cache
      content-length: '2162'
      content-type: application/json; charset=utf-8
      date: Tue, 20 Apr 2021 20:17:01 GMT
      expires: '-1'
      pragma: no-cache
      strict-transport-security: max-age=31536000;includeSubDomains
      x-content-type-options: nosniff
      x-ms-keyvault-network-info: conn_type=Ipv4;addr=172.92.159.124;act_addr_fam=InterNetwork;
      x-ms-keyvault-region: eastus2
      x-ms-keyvault-service-version: 1.2.236.0
      x-powered-by: ASP.NET
    status:
      code: 200
      message: OK
    url: https://mcpatinotest.vault.azure.net:443/deletedkeys?api-version=7.0&$skiptoken=eyJOZXh0TWFya2VyIjoiMiE4OCFNREF3TURJd0lXdGxlUzlMUlZrdFRrRk5SVFJCTmpJeFF6Y3hJVEF3TURBeU9DRTVPVGs1TFRFeUxUTXhWREl6T2pVNU9qVTVMams1T1RrNU9UbGFJUS0tIiwiVGFyZ2V0TG9jYXRpb24iOjB9
- request:
    body: null
    headers:
      Accept:
      - application/json
      User-Agent:
      - azsdk-python-keyvault-keys/4.4.0b5 Python/3.5.3 (Windows-10-10.0.19041-SP0)
    method: GET
    uri: https://vaultname.vault.azure.net:443/deletedkeys?api-version=7.0&$skiptoken=eyJOZXh0TWFya2VyIjoiMiExMzIhTURBd01EVXpJV3RsZVM5TFJWa3RUa0ZOUlVGQk5UUXhRalk1THprME56VkdOemMwUVRWRU5qUTVNRE00UVRVNU16ZzBNa1UwUlVWQk56YzRJVEF3TURBeU9DRTVPVGs1TFRFeUxUTXhWREl6T2pVNU9qVTVMams1T1RrNU9UbGFJUS0tIiwiVGFyZ2V0TG9jYXRpb24iOjB9
  response:
    body:
      string: '{"value":[{"recoveryId":"https://vaultname.vault.azure.net/deletedkeys/key-namec5271bd4","deletedDate":1618875629,"scheduledPurgeDate":1626651629,"kid":"https://vaultname.vault.azure.net/keys/key-namec5271bd4","attributes":{"enabled":true,"exp":2524723200,"created":1618875628,"updated":1618875629,"recoveryLevel":"Recoverable+Purgeable"},"tags":{"foo":"updated
        tag"}},{"recoveryId":"https://vaultname.vault.azure.net/deletedkeys/key-namef2831871","deletedDate":1618875597,"scheduledPurgeDate":1626651597,"kid":"https://vaultname.vault.azure.net/keys/key-namef2831871","attributes":{"enabled":true,"exp":2524723200,"created":1618875596,"updated":1618875597,"recoveryLevel":"Recoverable+Purgeable"},"tags":{"foo":"updated
        tag"}},{"recoveryId":"https://vaultname.vault.azure.net/deletedkeys/key-namef28a1872","deletedDate":1618875628,"scheduledPurgeDate":1626651628,"kid":"https://vaultname.vault.azure.net/keys/key-namef28a1872","attributes":{"enabled":true,"exp":2524723200,"created":1618875628,"updated":1618875628,"recoveryLevel":"Recoverable+Purgeable"},"tags":{"foo":"updated
        tag"}}],"nextLink":"https://vaultname.vault.azure.net:443/deletedkeys?api-version=7.0&$skiptoken=eyJOZXh0TWFya2VyIjoiMiE4MCFNREF3TURFMklXdGxlUzlMUlZrd1JqTkNSVEU0TjBZaE1EQXdNREk0SVRrNU9Ua3RNVEl0TXpGVU1qTTZOVGs2TlRrdU9UazVPVGs1T1ZvaCIsIlRhcmdldExvY2F0aW9uIjowfQ"}'
    headers:
      cache-control: no-cache
      content-length: '1362'
      content-type: application/json; charset=utf-8
      date: Tue, 20 Apr 2021 20:17:01 GMT
      expires: '-1'
      pragma: no-cache
      strict-transport-security: max-age=31536000;includeSubDomains
      x-content-type-options: nosniff
      x-ms-keyvault-network-info: conn_type=Ipv4;addr=172.92.159.124;act_addr_fam=InterNetwork;
      x-ms-keyvault-region: eastus2
      x-ms-keyvault-service-version: 1.2.236.0
      x-powered-by: ASP.NET
    status:
      code: 200
      message: OK
    url: https://mcpatinotest.vault.azure.net:443/deletedkeys?api-version=7.0&$skiptoken=eyJOZXh0TWFya2VyIjoiMiExMzIhTURBd01EVXpJV3RsZVM5TFJWa3RUa0ZOUlVGQk5UUXhRalk1THprME56VkdOemMwUVRWRU5qUTVNRE00UVRVNU16ZzBNa1UwUlVWQk56YzRJVEF3TURBeU9DRTVPVGs1TFRFeUxUTXhWREl6T2pVNU9qVTVMams1T1RrNU9UbGFJUS0tIiwiVGFyZ2V0TG9jYXRpb24iOjB9
- request:
    body: null
    headers:
      Accept:
      - application/json
      User-Agent:
      - azsdk-python-keyvault-keys/4.4.0b5 Python/3.5.3 (Windows-10-10.0.19041-SP0)
    method: GET
    uri: https://vaultname.vault.azure.net:443/deletedkeys?api-version=7.0&$skiptoken=eyJOZXh0TWFya2VyIjoiMiE4MCFNREF3TURFMklXdGxlUzlMUlZrd1JqTkNSVEU0TjBZaE1EQXdNREk0SVRrNU9Ua3RNVEl0TXpGVU1qTTZOVGs2TlRrdU9UazVPVGs1T1ZvaCIsIlRhcmdldExvY2F0aW9uIjowfQ
  response:
    body:
      string: '{"value":[],"nextLink":"https://vaultname.vault.azure.net:443/deletedkeys?api-version=7.0&$skiptoken=eyJOZXh0TWFya2VyIjoiMiExMjQhTURBd01EUTVJV3RsZVM5TFJWa3lPVEk0TVRGQlJrTXZNakZGUmpGR1F6WXpPVE0xTkRkRU5VSkdNRVEzUkROQlFrUXdOelU0UkVRaE1EQXdNREk0SVRrNU9Ua3RNVEl0TXpGVU1qTTZOVGs2TlRrdU9UazVPVGs1T1ZvaCIsIlRhcmdldExvY2F0aW9uIjowfQ"}'
    headers:
      cache-control: no-cache
      content-length: '328'
      content-type: application/json; charset=utf-8
      date: Tue, 20 Apr 2021 20:17:02 GMT
      expires: '-1'
      pragma: no-cache
      strict-transport-security: max-age=31536000;includeSubDomains
      x-content-type-options: nosniff
      x-ms-keyvault-network-info: conn_type=Ipv4;addr=172.92.159.124;act_addr_fam=InterNetwork;
      x-ms-keyvault-region: eastus2
      x-ms-keyvault-service-version: 1.2.236.0
      x-powered-by: ASP.NET
    status:
      code: 200
      message: OK
    url: https://mcpatinotest.vault.azure.net:443/deletedkeys?api-version=7.0&$skiptoken=eyJOZXh0TWFya2VyIjoiMiE4MCFNREF3TURFMklXdGxlUzlMUlZrd1JqTkNSVEU0TjBZaE1EQXdNREk0SVRrNU9Ua3RNVEl0TXpGVU1qTTZOVGs2TlRrdU9UazVPVGs1T1ZvaCIsIlRhcmdldExvY2F0aW9uIjowfQ
- request:
    body: null
    headers:
      Accept:
      - application/json
      User-Agent:
      - azsdk-python-keyvault-keys/4.4.0b5 Python/3.5.3 (Windows-10-10.0.19041-SP0)
    method: GET
    uri: https://vaultname.vault.azure.net:443/deletedkeys?api-version=7.0&$skiptoken=eyJOZXh0TWFya2VyIjoiMiExMjQhTURBd01EUTVJV3RsZVM5TFJWa3lPVEk0TVRGQlJrTXZNakZGUmpGR1F6WXpPVE0xTkRkRU5VSkdNRVEzUkROQlFrUXdOelU0UkVRaE1EQXdNREk0SVRrNU9Ua3RNVEl0TXpGVU1qTTZOVGs2TlRrdU9UazVPVGs1T1ZvaCIsIlRhcmdldExvY2F0aW9uIjowfQ
  response:
    body:
      string: '{"value":[],"nextLink":"https://vaultname.vault.azure.net:443/deletedkeys?api-version=7.0&$skiptoken=eyJOZXh0TWFya2VyIjoiMiE4MCFNREF3TURFMklXdGxlUzlMUlZrelJqTkROVEU0T0RBaE1EQXdNREk0SVRrNU9Ua3RNVEl0TXpGVU1qTTZOVGs2TlRrdU9UazVPVGs1T1ZvaCIsIlRhcmdldExvY2F0aW9uIjowfQ"}'
    headers:
      cache-control: no-cache
      content-length: '268'
      content-type: application/json; charset=utf-8
      date: Tue, 20 Apr 2021 20:17:02 GMT
      expires: '-1'
      pragma: no-cache
      strict-transport-security: max-age=31536000;includeSubDomains
      x-content-type-options: nosniff
      x-ms-keyvault-network-info: conn_type=Ipv4;addr=172.92.159.124;act_addr_fam=InterNetwork;
      x-ms-keyvault-region: eastus2
      x-ms-keyvault-service-version: 1.2.236.0
      x-powered-by: ASP.NET
    status:
      code: 200
      message: OK
    url: https://mcpatinotest.vault.azure.net:443/deletedkeys?api-version=7.0&$skiptoken=eyJOZXh0TWFya2VyIjoiMiExMjQhTURBd01EUTVJV3RsZVM5TFJWa3lPVEk0TVRGQlJrTXZNakZGUmpGR1F6WXpPVE0xTkRkRU5VSkdNRVEzUkROQlFrUXdOelU0UkVRaE1EQXdNREk0SVRrNU9Ua3RNVEl0TXpGVU1qTTZOVGs2TlRrdU9UazVPVGs1T1ZvaCIsIlRhcmdldExvY2F0aW9uIjowfQ
- request:
    body: null
    headers:
      Accept:
      - application/json
      User-Agent:
      - azsdk-python-keyvault-keys/4.4.0b5 Python/3.5.3 (Windows-10-10.0.19041-SP0)
    method: GET
    uri: https://vaultname.vault.azure.net:443/deletedkeys?api-version=7.0&$skiptoken=eyJOZXh0TWFya2VyIjoiMiE4MCFNREF3TURFMklXdGxlUzlMUlZrelJqTkROVEU0T0RBaE1EQXdNREk0SVRrNU9Ua3RNVEl0TXpGVU1qTTZOVGs2TlRrdU9UazVPVGs1T1ZvaCIsIlRhcmdldExvY2F0aW9uIjowfQ
  response:
    body:
      string: '{"value":[],"nextLink":"https://vaultname.vault.azure.net:443/deletedkeys?api-version=7.0&$skiptoken=eyJOZXh0TWFya2VyIjoiMiExNDAhTURBd01EVTVJV3RsZVM5TVNWWkZTMVpVUlZOVVMwVlpNelJDUmtZeFF6ZEdMekJHTXpJek9VSTVOek5DUmpReE1VWkJPRGhEUkRGRE5qbEJNREZDUWpkRElUQXdNREF5T0NFNU9UazVMVEV5TFRNeFZESXpPalU1T2pVNUxqazVPVGs1T1RsYUlRLS0iLCJUYXJnZXRMb2NhdGlvbiI6MH0"}'
    headers:
      cache-control: no-cache
      content-length: '349'
      content-type: application/json; charset=utf-8
      date: Tue, 20 Apr 2021 20:17:02 GMT
      expires: '-1'
      pragma: no-cache
      strict-transport-security: max-age=31536000;includeSubDomains
      x-content-type-options: nosniff
      x-ms-keyvault-network-info: conn_type=Ipv4;addr=172.92.159.124;act_addr_fam=InterNetwork;
      x-ms-keyvault-region: eastus2
      x-ms-keyvault-service-version: 1.2.236.0
      x-powered-by: ASP.NET
    status:
      code: 200
      message: OK
    url: https://mcpatinotest.vault.azure.net:443/deletedkeys?api-version=7.0&$skiptoken=eyJOZXh0TWFya2VyIjoiMiE4MCFNREF3TURFMklXdGxlUzlMUlZrelJqTkROVEU0T0RBaE1EQXdNREk0SVRrNU9Ua3RNVEl0TXpGVU1qTTZOVGs2TlRrdU9UazVPVGs1T1ZvaCIsIlRhcmdldExvY2F0aW9uIjowfQ
- request:
    body: null
    headers:
      Accept:
      - application/json
      User-Agent:
      - azsdk-python-keyvault-keys/4.4.0b5 Python/3.5.3 (Windows-10-10.0.19041-SP0)
    method: GET
    uri: https://vaultname.vault.azure.net:443/deletedkeys?api-version=7.0&$skiptoken=eyJOZXh0TWFya2VyIjoiMiExNDAhTURBd01EVTVJV3RsZVM5TVNWWkZTMVpVUlZOVVMwVlpNelJDUmtZeFF6ZEdMekJHTXpJek9VSTVOek5DUmpReE1VWkJPRGhEUkRGRE5qbEJNREZDUWpkRElUQXdNREF5T0NFNU9UazVMVEV5TFRNeFZESXpPalU1T2pVNUxqazVPVGs1T1RsYUlRLS0iLCJUYXJnZXRMb2NhdGlvbiI6MH0
  response:
    body:
      string: '{"value":[],"nextLink":null}'
    headers:
      cache-control: no-cache
      content-length: '28'
      content-type: application/json; charset=utf-8
      date: Tue, 20 Apr 2021 20:17:02 GMT
      expires: '-1'
      pragma: no-cache
      strict-transport-security: max-age=31536000;includeSubDomains
      x-content-type-options: nosniff
      x-ms-keyvault-network-info: conn_type=Ipv4;addr=172.92.159.124;act_addr_fam=InterNetwork;
      x-ms-keyvault-region: eastus2
      x-ms-keyvault-service-version: 1.2.236.0
      x-powered-by: ASP.NET
    status:
      code: 200
      message: OK
    url: https://mcpatinotest.vault.azure.net:443/deletedkeys?api-version=7.0&$skiptoken=eyJOZXh0TWFya2VyIjoiMiExNDAhTURBd01EVTVJV3RsZVM5TVNWWkZTMVpVUlZOVVMwVlpNelJDUmtZeFF6ZEdMekJHTXpJek9VSTVOek5DUmpReE1VWkJPRGhEUkRGRE5qbEJNREZDUWpkRElUQXdNREF5T0NFNU9UazVMVEV5TFRNeFZESXpPalU1T2pVNUxqazVPVGs1T1RsYUlRLS0iLCJUYXJnZXRMb2NhdGlvbiI6MH0
version: 1
