interactions:
- request:
    body: null
    headers:
      Accept: [application/json]
      Content-Length: ['0']
      Content-Type: [application/json; charset=utf-8]
      User-Agent: [azsdk-python-keyvault-keys/4.0.0b2 Python/3.6.6 (Windows-10-10.0.18362-SP0)]
    method: POST
    uri: https://vault105115999732f70fb3.vault.azure.net/keys/sec32f70fb3/create?api-version=7.0
  response:
    body: {string: '{"error":{"code":"Unauthorized","message":"Request is missing
        a Bearer or PoP token."}}'}
    headers: {cache-control: no-cache, content-length: '87', content-type: application/json;
        charset=utf-8, date: 'Tue, 03 Sep 2019 21:42:28 GMT', expires: '-1', pragma: no-cache,
      server: Microsoft-IIS/10.0, strict-transport-security: max-age=31536000;includeSubDomains,
      www-authenticate: 'Bearer authorization="https://login.windows.net/72f988bf-86f1-41af-91ab-2d7cd011db47",
        resource="https://vault.azure.net"', x-aspnet-version: 4.0.30319, x-content-type-options: nosniff,
      x-ms-keyvault-network-info: addr=131.107.160.72;act_addr_fam=InterNetwork;,
      x-ms-keyvault-region: westus, x-ms-keyvault-service-version: 1.1.0.876, x-powered-by: ASP.NET}
    status: {code: 401, message: Unauthorized}
    url: !!python/object/new:yarl.URL
      state: !!python/tuple
      - !!python/object/new:urllib.parse.SplitResult [https, vault105115999732f70fb3.vault.azure.net,
        /keys/sec32f70fb3/create, api-version=7.0, '']
- request:
    body: '{"kty": "RSA"}'
    headers:
      Accept: [application/json]
      Content-Length: ['14']
      Content-Type: [application/json; charset=utf-8]
      User-Agent: [azsdk-python-keyvault-keys/4.0.0b2 Python/3.6.6 (Windows-10-10.0.18362-SP0)]
    method: POST
    uri: https://vault105115999732f70fb3.vault.azure.net/keys/sec32f70fb3/create?api-version=7.0
  response:
    body: {string: '{"key":{"kid":"https://vault105115999732f70fb3.vault.azure.net/keys/sec32f70fb3/49ced63ec86f49e3bdfa05bd39cbb617","kty":"RSA","key_ops":["encrypt","decrypt","sign","verify","wrapKey","unwrapKey"],"n":"pOP9LGLi3-y1hdwDhKO2_7EgzWmgjTEU_XXtJF44ZWbwsyKm53j5twlY1iN2eCcx_cInqyZPfTD7D02ZyaTxAbERJzM9gNfpcDVi7281kzW0gWuwjkDl5G1KeTKQn2nxdAgtfCu4Tqy6BYDG_CWSDWgAhnfVqxBon-y8zkyYwPxzbvaOvp3Uun9P-so7C5eiOPe4Ux6QUFJEYvbNYf2md7TO-ICMPUIuysx_1F6eyaMyt1zUD2KtJPfAmFKGnamwPirVLEUIpajh1HGMPlxe4dDh69jTZE9IWRIEYI-sDue_Qpkem1HWuAzjqFT2QBGjaebR-nk2DnF4ng-kalISUw","e":"AQAB"},"attributes":{"enabled":true,"created":1567546949,"updated":1567546949,"recoveryLevel":"Recoverable+Purgeable"}}'}
    headers: {cache-control: no-cache, content-length: '669', content-type: application/json;
        charset=utf-8, date: 'Tue, 03 Sep 2019 21:42:29 GMT', expires: '-1', pragma: no-cache,
      server: Microsoft-IIS/10.0, strict-transport-security: max-age=31536000;includeSubDomains,
      x-aspnet-version: 4.0.30319, x-content-type-options: nosniff, x-ms-keyvault-network-info: addr=131.107.160.72;act_addr_fam=InterNetwork;,
      x-ms-keyvault-region: westus, x-ms-keyvault-service-version: 1.1.0.876, x-powered-by: ASP.NET}
    status: {code: 200, message: OK}
    url: !!python/object/new:yarl.URL
      state: !!python/tuple
      - !!python/object/new:urllib.parse.SplitResult [https, vault105115999732f70fb3.vault.azure.net,
        /keys/sec32f70fb3/create, api-version=7.0, '']
- request:
    body: '{"kty": "RSA"}'
    headers:
      Accept: [application/json]
      Content-Length: ['14']
      Content-Type: [application/json; charset=utf-8]
      User-Agent: [azsdk-python-keyvault-keys/4.0.0b2 Python/3.6.6 (Windows-10-10.0.18362-SP0)]
    method: POST
    uri: https://vault105115999732f70fb3.vault.azure.net/keys/sec32f70fb3/create?api-version=7.0
  response:
    body: {string: '{"key":{"kid":"https://vault105115999732f70fb3.vault.azure.net/keys/sec32f70fb3/0ac36e06163b4438a2571713387d55c1","kty":"RSA","key_ops":["encrypt","decrypt","sign","verify","wrapKey","unwrapKey"],"n":"5-Vw25CmJBG83ryRCGfnvq4r19q4494DOSLxGSv_x7NvaX8DYVocU0wkBaekEDqx3Me7zKXpZwbnPu1mTO006MW05UyAv0rFKYysc3OXTNSIP3XE2Jbzk0fSDG3mozABmd7fYQ4zq3DZom7EMkJdK4w63j3xat7RVpvKzUwK6DwiVNGCIiP-XtghjLqdqndMp8f2R4BWdOcE7jxWMNincCK-n4WSkNO8jnPLIqiiwB3IpTDeTZwbgbk5mdN_BISLbdK86-bt0EFQaPi2Y1LnVuxtKJ4TR7PIM0mdfbPhwilu0--UGtLDhKNXazDD-mxdVaLLLAmrilGAinjK-9SRew","e":"AQAB"},"attributes":{"enabled":true,"created":1567546949,"updated":1567546949,"recoveryLevel":"Recoverable+Purgeable"}}'}
    headers: {cache-control: no-cache, content-length: '669', content-type: application/json;
        charset=utf-8, date: 'Tue, 03 Sep 2019 21:42:29 GMT', expires: '-1', pragma: no-cache,
      server: Microsoft-IIS/10.0, strict-transport-security: max-age=31536000;includeSubDomains,
      x-aspnet-version: 4.0.30319, x-content-type-options: nosniff, x-ms-keyvault-network-info: addr=131.107.160.72;act_addr_fam=InterNetwork;,
      x-ms-keyvault-region: westus, x-ms-keyvault-service-version: 1.1.0.876, x-powered-by: ASP.NET}
    status: {code: 200, message: OK}
    url: !!python/object/new:yarl.URL
      state: !!python/tuple
      - !!python/object/new:urllib.parse.SplitResult [https, vault105115999732f70fb3.vault.azure.net,
        /keys/sec32f70fb3/create, api-version=7.0, '']
- request:
    body: '{"kty": "RSA"}'
    headers:
      Accept: [application/json]
      Content-Length: ['14']
      Content-Type: [application/json; charset=utf-8]
      User-Agent: [azsdk-python-keyvault-keys/4.0.0b2 Python/3.6.6 (Windows-10-10.0.18362-SP0)]
    method: POST
    uri: https://vault105115999732f70fb3.vault.azure.net/keys/sec32f70fb3/create?api-version=7.0
  response:
    body: {string: '{"key":{"kid":"https://vault105115999732f70fb3.vault.azure.net/keys/sec32f70fb3/44d1402ca1dd4ab99ae42af3b42fc64e","kty":"RSA","key_ops":["encrypt","decrypt","sign","verify","wrapKey","unwrapKey"],"n":"1L2c1r-uRIqrMC8ZvlTcTejgnCrWgeDYY-WNsrF-BgEhkVRlYRcO7e-5H6SNOFKgVHCOxOT8LTer0n5X4JNm9pyU0rTY-cD512AEASPYFSnVtKBmXEr0khIG5GR8j3IyzkCsMvH7kLSeNhVdy1K9cVCyeAkkDsc8Ac_A1fFZeYU3rUZHIpQNBvrcJcp53sQ41ELcpjKMn-6-YVFvjU4Aqg6EbvgvCk4Fce4ZuZ3mFr4lqtbCdcCHQH1CPfyvnDXUTLRG0BJU577dYGNFR4PbkwmT19Ids2guSP_ytxE7VxfHsWzrJzzzCN8BlJo9Y3NNkKsCbA0yucixa54oJh9QvQ","e":"AQAB"},"attributes":{"enabled":true,"created":1567546949,"updated":1567546949,"recoveryLevel":"Recoverable+Purgeable"}}'}
    headers: {cache-control: no-cache, content-length: '669', content-type: application/json;
        charset=utf-8, date: 'Tue, 03 Sep 2019 21:42:29 GMT', expires: '-1', pragma: no-cache,
      server: Microsoft-IIS/10.0, strict-transport-security: max-age=31536000;includeSubDomains,
      x-aspnet-version: 4.0.30319, x-content-type-options: nosniff, x-ms-keyvault-network-info: addr=131.107.160.72;act_addr_fam=InterNetwork;,
      x-ms-keyvault-region: westus, x-ms-keyvault-service-version: 1.1.0.876, x-powered-by: ASP.NET}
    status: {code: 200, message: OK}
    url: !!python/object/new:yarl.URL
      state: !!python/tuple
      - !!python/object/new:urllib.parse.SplitResult [https, vault105115999732f70fb3.vault.azure.net,
        /keys/sec32f70fb3/create, api-version=7.0, '']
- request:
    body: '{"kty": "RSA"}'
    headers:
      Accept: [application/json]
      Content-Length: ['14']
      Content-Type: [application/json; charset=utf-8]
      User-Agent: [azsdk-python-keyvault-keys/4.0.0b2 Python/3.6.6 (Windows-10-10.0.18362-SP0)]
    method: POST
    uri: https://vault105115999732f70fb3.vault.azure.net/keys/sec32f70fb3/create?api-version=7.0
  response:
    body: {string: '{"key":{"kid":"https://vault105115999732f70fb3.vault.azure.net/keys/sec32f70fb3/fc0205914241434eb5ed2007bbebc0ea","kty":"RSA","key_ops":["encrypt","decrypt","sign","verify","wrapKey","unwrapKey"],"n":"1Xxu6cc5D1LrFi3XY6YkMJXor1rc_fB7IfMbj80gYVky8poux-fn5E-fP-8kkm54Hy3dAMzrimOTBrEHwlnfECJ0phNvXL3uBRicPyPwcRXcWLaODYY9lScLYYjxNvVEp_f49N8w9_tuFij_Rv6dST40uU3s3k3ETHPLYCdbIMYsvmVd96ionuWff8FyTLYq_JNqPXJJ7rroZPCYWZc9ZvxcNwQtR1Y1aiEJjvY4INsSBN_8Zu6t0_VF0kqy0QjJPE6znqlrchLinBkPPgtjSQ-T884HVqIw_0GnANXXwYhTCcxeLnoRSurTDH6Eu6NlTU6GFIrdSk5XtQbz9MlhAQ","e":"AQAB"},"attributes":{"enabled":true,"created":1567546949,"updated":1567546949,"recoveryLevel":"Recoverable+Purgeable"}}'}
    headers: {cache-control: no-cache, content-length: '669', content-type: application/json;
        charset=utf-8, date: 'Tue, 03 Sep 2019 21:42:29 GMT', expires: '-1', pragma: no-cache,
      server: Microsoft-IIS/10.0, strict-transport-security: max-age=31536000;includeSubDomains,
      x-aspnet-version: 4.0.30319, x-content-type-options: nosniff, x-ms-keyvault-network-info: addr=131.107.160.72;act_addr_fam=InterNetwork;,
      x-ms-keyvault-region: westus, x-ms-keyvault-service-version: 1.1.0.876, x-powered-by: ASP.NET}
    status: {code: 200, message: OK}
    url: !!python/object/new:yarl.URL
      state: !!python/tuple
      - !!python/object/new:urllib.parse.SplitResult [https, vault105115999732f70fb3.vault.azure.net,
        /keys/sec32f70fb3/create, api-version=7.0, '']
- request:
    body: '{"kty": "RSA"}'
    headers:
      Accept: [application/json]
      Content-Length: ['14']
      Content-Type: [application/json; charset=utf-8]
      User-Agent: [azsdk-python-keyvault-keys/4.0.0b2 Python/3.6.6 (Windows-10-10.0.18362-SP0)]
    method: POST
    uri: https://vault105115999732f70fb3.vault.azure.net/keys/sec32f70fb3/create?api-version=7.0
  response:
    body: {string: '{"key":{"kid":"https://vault105115999732f70fb3.vault.azure.net/keys/sec32f70fb3/c605a2fc890e44829c7af2594282c264","kty":"RSA","key_ops":["encrypt","decrypt","sign","verify","wrapKey","unwrapKey"],"n":"tS2n0A5eu4vDjR1A5Zi2zSVx1vpyQe6ZxzF9Q5U5dCmJb4v-3bA3rtN6x-bfNJiApCaOjgl-oe3bRStG6p4yV5iviMrn8Lp0x4Hg7LzkNksUZN1BaKlSr0Flt1Fm8yifpOE754NV3aaMc-MkPOvUEd1hSUPwOKu2tmPRZpI9mpfJrAGdkzvkJm1Ixu9dDobv2QM7HHlJf3hIw517SjAWyp3_0fnPnQnJ5uYCKY3P5JRYTLK7d_Y72Lp95jgvBnswMPWUJmG0wFXMrwrz3yjIDcQhC45P5Gq0bWVC63VayL7F9_V6x-OWL4zPZ-RZkU4uTNJuqaP9wydWgxBxmqv-SQ","e":"AQAB"},"attributes":{"enabled":true,"created":1567546949,"updated":1567546949,"recoveryLevel":"Recoverable+Purgeable"}}'}
    headers: {cache-control: no-cache, content-length: '669', content-type: application/json;
        charset=utf-8, date: 'Tue, 03 Sep 2019 21:42:29 GMT', expires: '-1', pragma: no-cache,
      server: Microsoft-IIS/10.0, strict-transport-security: max-age=31536000;includeSubDomains,
      x-aspnet-version: 4.0.30319, x-content-type-options: nosniff, x-ms-keyvault-network-info: addr=131.107.160.72;act_addr_fam=InterNetwork;,
      x-ms-keyvault-region: westus, x-ms-keyvault-service-version: 1.1.0.876, x-powered-by: ASP.NET}
    status: {code: 200, message: OK}
    url: !!python/object/new:yarl.URL
      state: !!python/tuple
      - !!python/object/new:urllib.parse.SplitResult [https, vault105115999732f70fb3.vault.azure.net,
        /keys/sec32f70fb3/create, api-version=7.0, '']
- request:
    body: '{"kty": "RSA"}'
    headers:
      Accept: [application/json]
      Content-Length: ['14']
      Content-Type: [application/json; charset=utf-8]
      User-Agent: [azsdk-python-keyvault-keys/4.0.0b2 Python/3.6.6 (Windows-10-10.0.18362-SP0)]
    method: POST
    uri: https://vault105115999732f70fb3.vault.azure.net/keys/sec32f70fb3/create?api-version=7.0
  response:
    body: {string: '{"key":{"kid":"https://vault105115999732f70fb3.vault.azure.net/keys/sec32f70fb3/1baaf828c9fc41729accc8a05ac7aae3","kty":"RSA","key_ops":["encrypt","decrypt","sign","verify","wrapKey","unwrapKey"],"n":"srXz_WSqP72BsvJ02rUhT7IFphjjJkbcKMtIQtVKlsEeA5csqwAUSVFYBWGIvduYtwHKM_fGini-AN5VXEkkLgteUUkmjYg2XP3Z9nwlv0JD6v8kXdxK_MXDlXNYdD9EbWE7QHwzDnHXhOsTKPEPCqh5Lp4WG5AXhb4zQnKjJFiXOwS8m46moOPx1POgHNxPSoUgurJyvhMwaBjZz9VRXfP6OXYVnePH4BqAG3tZCEBspMjuQ65SFrLAalCS5U4ZuqsL-kHClsY_0yRgUl346HcXGY53yD6rVaiIuopFk3VckjD6mAT91OixuZk006eWu2RbhY8qWmLI-JkgDcgVxw","e":"AQAB"},"attributes":{"enabled":true,"created":1567546950,"updated":1567546950,"recoveryLevel":"Recoverable+Purgeable"}}'}
    headers: {cache-control: no-cache, content-length: '669', content-type: application/json;
        charset=utf-8, date: 'Tue, 03 Sep 2019 21:42:30 GMT', expires: '-1', pragma: no-cache,
      server: Microsoft-IIS/10.0, strict-transport-security: max-age=31536000;includeSubDomains,
      x-aspnet-version: 4.0.30319, x-content-type-options: nosniff, x-ms-keyvault-network-info: addr=131.107.160.72;act_addr_fam=InterNetwork;,
      x-ms-keyvault-region: westus, x-ms-keyvault-service-version: 1.1.0.876, x-powered-by: ASP.NET}
    status: {code: 200, message: OK}
    url: !!python/object/new:yarl.URL
      state: !!python/tuple
      - !!python/object/new:urllib.parse.SplitResult [https, vault105115999732f70fb3.vault.azure.net,
        /keys/sec32f70fb3/create, api-version=7.0, '']
- request:
    body: '{"kty": "RSA"}'
    headers:
      Accept: [application/json]
      Content-Length: ['14']
      Content-Type: [application/json; charset=utf-8]
      User-Agent: [azsdk-python-keyvault-keys/4.0.0b2 Python/3.6.6 (Windows-10-10.0.18362-SP0)]
    method: POST
    uri: https://vault105115999732f70fb3.vault.azure.net/keys/sec32f70fb3/create?api-version=7.0
  response:
    body: {string: '{"key":{"kid":"https://vault105115999732f70fb3.vault.azure.net/keys/sec32f70fb3/74c2d02052974f999e5c5e4958e4d645","kty":"RSA","key_ops":["encrypt","decrypt","sign","verify","wrapKey","unwrapKey"],"n":"uobtJGdu9RGOT6Zvmmlb10BskfI-x8yd4wNEphHomnsbyFiz6wsRh22oml8ufm6Ec0YjG7kkdaZNKqEdPgAQhzr4kIoMEeGQIGA_lVQ8dAseNghH97oEKYcmSp3orAoDwxmeBPUd_uG4qeLWdRimg_aMJZ0pRCZgdxvpJ1V6FZymCjCdWa_C3qc9aPkzHW0mpzuGFtg9wHTD3kc9njrMH4OicB7HLvKZL8PmaWAbuPUTfd-aejD3H7EVr8NXjGGDh4RTJbY_aH-lT0cAZepoUOYLz-cgHl0hgPC1lebGBfNTemWhrLRyDlYO2k4q48pEC2uYQPk7Kzkj4PgzJFllTQ","e":"AQAB"},"attributes":{"enabled":true,"created":1567546950,"updated":1567546950,"recoveryLevel":"Recoverable+Purgeable"}}'}
    headers: {cache-control: no-cache, content-length: '669', content-type: application/json;
        charset=utf-8, date: 'Tue, 03 Sep 2019 21:42:30 GMT', expires: '-1', pragma: no-cache,
      server: Microsoft-IIS/10.0, strict-transport-security: max-age=31536000;includeSubDomains,
      x-aspnet-version: 4.0.30319, x-content-type-options: nosniff, x-ms-keyvault-network-info: addr=131.107.160.72;act_addr_fam=InterNetwork;,
      x-ms-keyvault-region: westus, x-ms-keyvault-service-version: 1.1.0.876, x-powered-by: ASP.NET}
    status: {code: 200, message: OK}
    url: !!python/object/new:yarl.URL
      state: !!python/tuple
      - !!python/object/new:urllib.parse.SplitResult [https, vault105115999732f70fb3.vault.azure.net,
        /keys/sec32f70fb3/create, api-version=7.0, '']
- request:
    body: null
    headers:
      Accept: [application/json]
      User-Agent: [azsdk-python-keyvault-keys/4.0.0b2 Python/3.6.6 (Windows-10-10.0.18362-SP0)]
    method: DELETE
    uri: https://vault105115999732f70fb3.vault.azure.net/keys/sec32f70fb3?api-version=7.0
  response:
    body: {string: '{"recoveryId":"https://vault105115999732f70fb3.vault.azure.net/deletedkeys/sec32f70fb3","deletedDate":1567546950,"scheduledPurgeDate":1575322950,"key":{"kid":"https://vault105115999732f70fb3.vault.azure.net/keys/sec32f70fb3/74c2d02052974f999e5c5e4958e4d645","kty":"RSA","key_ops":["encrypt","decrypt","sign","verify","wrapKey","unwrapKey"],"n":"uobtJGdu9RGOT6Zvmmlb10BskfI-x8yd4wNEphHomnsbyFiz6wsRh22oml8ufm6Ec0YjG7kkdaZNKqEdPgAQhzr4kIoMEeGQIGA_lVQ8dAseNghH97oEKYcmSp3orAoDwxmeBPUd_uG4qeLWdRimg_aMJZ0pRCZgdxvpJ1V6FZymCjCdWa_C3qc9aPkzHW0mpzuGFtg9wHTD3kc9njrMH4OicB7HLvKZL8PmaWAbuPUTfd-aejD3H7EVr8NXjGGDh4RTJbY_aH-lT0cAZepoUOYLz-cgHl0hgPC1lebGBfNTemWhrLRyDlYO2k4q48pEC2uYQPk7Kzkj4PgzJFllTQ","e":"AQAB"},"attributes":{"enabled":true,"created":1567546950,"updated":1567546950,"recoveryLevel":"Recoverable+Purgeable"}}'}
    headers: {cache-control: no-cache, content-length: '813', content-type: application/json;
        charset=utf-8, date: 'Tue, 03 Sep 2019 21:42:30 GMT', expires: '-1', pragma: no-cache,
      server: Microsoft-IIS/10.0, strict-transport-security: max-age=31536000;includeSubDomains,
      x-aspnet-version: 4.0.30319, x-content-type-options: nosniff, x-ms-keyvault-network-info: addr=131.107.160.72;act_addr_fam=InterNetwork;,
      x-ms-keyvault-region: westus, x-ms-keyvault-service-version: 1.1.0.876, x-powered-by: ASP.NET}
    status: {code: 200, message: OK}
    url: !!python/object/new:yarl.URL
      state: !!python/tuple
      - !!python/object/new:urllib.parse.SplitResult [https, vault105115999732f70fb3.vault.azure.net,
        /keys/sec32f70fb3, api-version=7.0, '']
- request:
    body: null
    headers:
      Accept: [application/json]
      User-Agent: [azsdk-python-keyvault-keys/4.0.0b2 Python/3.6.6 (Windows-10-10.0.18362-SP0)]
    method: GET
    uri: https://vault105115999732f70fb3.vault.azure.net/deletedkeys/sec32f70fb3?api-version=7.0
  response:
    body: {string: '{"error":{"code":"KeyNotFound","message":"Deleted Key not found:
        sec32f70fb3"}}'}
    headers: {cache-control: no-cache, content-length: '79', content-type: application/json;
        charset=utf-8, date: 'Tue, 03 Sep 2019 21:42:30 GMT', expires: '-1', pragma: no-cache,
      server: Microsoft-IIS/10.0, strict-transport-security: max-age=31536000;includeSubDomains,
      x-aspnet-version: 4.0.30319, x-content-type-options: nosniff, x-ms-keyvault-network-info: addr=131.107.160.72;act_addr_fam=InterNetwork;,
      x-ms-keyvault-region: westus, x-ms-keyvault-service-version: 1.1.0.876, x-powered-by: ASP.NET}
    status: {code: 404, message: Not Found}
    url: !!python/object/new:yarl.URL
      state: !!python/tuple
      - !!python/object/new:urllib.parse.SplitResult [https, vault105115999732f70fb3.vault.azure.net,
        /deletedkeys/sec32f70fb3, api-version=7.0, '']
- request:
    body: null
    headers:
      Accept: [application/json]
      User-Agent: [azsdk-python-keyvault-keys/4.0.0b2 Python/3.6.6 (Windows-10-10.0.18362-SP0)]
    method: GET
    uri: https://vault105115999732f70fb3.vault.azure.net/deletedkeys/sec32f70fb3?api-version=7.0
  response:
    body: {string: '{"error":{"code":"KeyNotFound","message":"Deleted Key not found:
        sec32f70fb3"}}'}
    headers: {cache-control: no-cache, content-length: '79', content-type: application/json;
        charset=utf-8, date: 'Tue, 03 Sep 2019 21:42:33 GMT', expires: '-1', pragma: no-cache,
      server: Microsoft-IIS/10.0, strict-transport-security: max-age=31536000;includeSubDomains,
      x-aspnet-version: 4.0.30319, x-content-type-options: nosniff, x-ms-keyvault-network-info: addr=131.107.160.72;act_addr_fam=InterNetwork;,
      x-ms-keyvault-region: westus, x-ms-keyvault-service-version: 1.1.0.876, x-powered-by: ASP.NET}
    status: {code: 404, message: Not Found}
    url: !!python/object/new:yarl.URL
      state: !!python/tuple
      - !!python/object/new:urllib.parse.SplitResult [https, vault105115999732f70fb3.vault.azure.net,
        /deletedkeys/sec32f70fb3, api-version=7.0, '']
- request:
    body: null
    headers:
      Accept: [application/json]
      User-Agent: [azsdk-python-keyvault-keys/4.0.0b2 Python/3.6.6 (Windows-10-10.0.18362-SP0)]
    method: GET
    uri: https://vault105115999732f70fb3.vault.azure.net/deletedkeys/sec32f70fb3?api-version=7.0
  response:
    body: {string: '{"error":{"code":"KeyNotFound","message":"Deleted Key not found:
        sec32f70fb3"}}'}
    headers: {cache-control: no-cache, content-length: '79', content-type: application/json;
        charset=utf-8, date: 'Tue, 03 Sep 2019 21:42:36 GMT', expires: '-1', pragma: no-cache,
      server: Microsoft-IIS/10.0, strict-transport-security: max-age=31536000;includeSubDomains,
      x-aspnet-version: 4.0.30319, x-content-type-options: nosniff, x-ms-keyvault-network-info: addr=131.107.160.72;act_addr_fam=InterNetwork;,
      x-ms-keyvault-region: westus, x-ms-keyvault-service-version: 1.1.0.876, x-powered-by: ASP.NET}
    status: {code: 404, message: Not Found}
    url: !!python/object/new:yarl.URL
      state: !!python/tuple
      - !!python/object/new:urllib.parse.SplitResult [https, vault105115999732f70fb3.vault.azure.net,
        /deletedkeys/sec32f70fb3, api-version=7.0, '']
- request:
    body: null
    headers:
      Accept: [application/json]
      User-Agent: [azsdk-python-keyvault-keys/4.0.0b2 Python/3.6.6 (Windows-10-10.0.18362-SP0)]
    method: GET
    uri: https://vault105115999732f70fb3.vault.azure.net/deletedkeys/sec32f70fb3?api-version=7.0
  response:
    body: {string: '{"recoveryId":"https://vault105115999732f70fb3.vault.azure.net/deletedkeys/sec32f70fb3","deletedDate":1567546950,"scheduledPurgeDate":1575322950,"key":{"kid":"https://vault105115999732f70fb3.vault.azure.net/keys/sec32f70fb3/74c2d02052974f999e5c5e4958e4d645","kty":"RSA","key_ops":["encrypt","decrypt","sign","verify","wrapKey","unwrapKey"],"n":"uobtJGdu9RGOT6Zvmmlb10BskfI-x8yd4wNEphHomnsbyFiz6wsRh22oml8ufm6Ec0YjG7kkdaZNKqEdPgAQhzr4kIoMEeGQIGA_lVQ8dAseNghH97oEKYcmSp3orAoDwxmeBPUd_uG4qeLWdRimg_aMJZ0pRCZgdxvpJ1V6FZymCjCdWa_C3qc9aPkzHW0mpzuGFtg9wHTD3kc9njrMH4OicB7HLvKZL8PmaWAbuPUTfd-aejD3H7EVr8NXjGGDh4RTJbY_aH-lT0cAZepoUOYLz-cgHl0hgPC1lebGBfNTemWhrLRyDlYO2k4q48pEC2uYQPk7Kzkj4PgzJFllTQ","e":"AQAB"},"attributes":{"enabled":true,"created":1567546950,"updated":1567546950,"recoveryLevel":"Recoverable+Purgeable"}}'}
    headers: {cache-control: no-cache, content-length: '813', content-type: application/json;
        charset=utf-8, date: 'Tue, 03 Sep 2019 21:42:39 GMT', expires: '-1', pragma: no-cache,
      server: Microsoft-IIS/10.0, strict-transport-security: max-age=31536000;includeSubDomains,
      x-aspnet-version: 4.0.30319, x-content-type-options: nosniff, x-ms-keyvault-network-info: addr=131.107.160.72;act_addr_fam=InterNetwork;,
      x-ms-keyvault-region: westus, x-ms-keyvault-service-version: 1.1.0.876, x-powered-by: ASP.NET}
    status: {code: 200, message: OK}
    url: !!python/object/new:yarl.URL
      state: !!python/tuple
      - !!python/object/new:urllib.parse.SplitResult [https, vault105115999732f70fb3.vault.azure.net,
        /deletedkeys/sec32f70fb3, api-version=7.0, '']
- request:
    body: null
    headers:
      Accept: [application/json]
      User-Agent: [azsdk-python-keyvault-keys/4.0.0b2 Python/3.6.6 (Windows-10-10.0.18362-SP0)]
    method: GET
    uri: https://vault105115999732f70fb3.vault.azure.net/deletedkeys?api-version=7.0
  response:
    body: {string: '{"value":[{"recoveryId":"https://vault105115999732f70fb3.vault.azure.net/deletedkeys/sec32f70fb3","deletedDate":1567546950,"scheduledPurgeDate":1575322950,"kid":"https://vault105115999732f70fb3.vault.azure.net/keys/sec32f70fb3","attributes":{"enabled":true,"created":1567546950,"updated":1567546950,"recoveryLevel":"Recoverable+Purgeable"}}],"nextLink":null}'}
    headers: {cache-control: no-cache, content-length: '358', content-type: application/json;
        charset=utf-8, date: 'Tue, 03 Sep 2019 21:42:39 GMT', expires: '-1', pragma: no-cache,
      server: Microsoft-IIS/10.0, strict-transport-security: max-age=31536000;includeSubDomains,
      x-aspnet-version: 4.0.30319, x-content-type-options: nosniff, x-ms-keyvault-network-info: addr=131.107.160.72;act_addr_fam=InterNetwork;,
      x-ms-keyvault-region: westus, x-ms-keyvault-service-version: 1.1.0.876, x-powered-by: ASP.NET}
    status: {code: 200, message: OK}
    url: !!python/object/new:yarl.URL
      state: !!python/tuple
      - !!python/object/new:urllib.parse.SplitResult [https, vault105115999732f70fb3.vault.azure.net,
        /deletedkeys, api-version=7.0, '']
- request:
    body: null
    headers:
      Accept: [application/json]
      User-Agent: [azsdk-python-keyvault-keys/4.0.0b2 Python/3.6.6 (Windows-10-10.0.18362-SP0)]
    method: GET
    uri: https://vault105115999732f70fb3.vault.azure.net/deletedkeys?api-version=7.0
  response:
    body: {string: '{"value":[{"recoveryId":"https://vault105115999732f70fb3.vault.azure.net/deletedkeys/sec32f70fb3","deletedDate":1567546950,"scheduledPurgeDate":1575322950,"kid":"https://vault105115999732f70fb3.vault.azure.net/keys/sec32f70fb3","attributes":{"enabled":true,"created":1567546950,"updated":1567546950,"recoveryLevel":"Recoverable+Purgeable"}}],"nextLink":null}'}
    headers: {cache-control: no-cache, content-length: '358', content-type: application/json;
        charset=utf-8, date: 'Tue, 03 Sep 2019 21:42:39 GMT', expires: '-1', pragma: no-cache,
      server: Microsoft-IIS/10.0, strict-transport-security: max-age=31536000;includeSubDomains,
      x-aspnet-version: 4.0.30319, x-content-type-options: nosniff, x-ms-keyvault-network-info: addr=131.107.160.72;act_addr_fam=InterNetwork;,
      x-ms-keyvault-region: westus, x-ms-keyvault-service-version: 1.1.0.876, x-powered-by: ASP.NET}
    status: {code: 200, message: OK}
    url: !!python/object/new:yarl.URL
      state: !!python/tuple
      - !!python/object/new:urllib.parse.SplitResult [https, vault105115999732f70fb3.vault.azure.net,
        /deletedkeys, api-version=7.0, '']
version: 1
