{
  "Entries": [
    {
      "RequestUri": "https://vaultname.vault.azure.net/keys/livekvtesttestKey7d2c2bae/create?api-version=2016-10-01",
      "RequestMethod": "POST",
      "RequestHeaders": {
        "Accept": "application/json",
        "Accept-Encoding": "gzip, deflate",
        "Connection": "keep-alive",
        "Content-Length": "0",
        "Content-Type": "application/json",
        "User-Agent": "azsdk-python-keyvault-keys/4.5.1 Python/3.9.9 (Windows-10-10.0.22000-SP0)"
      },
      "RequestBody": null,
      "StatusCode": 401,
      "ResponseHeaders": {
        "Cache-Control": "no-cache",
        "Content-Length": "97",
        "Content-Type": "application/json; charset=utf-8",
        "Date": "Fri, 22 Apr 2022 14:50:08 GMT",
        "Expires": "-1",
        "Pragma": "no-cache",
        "Strict-Transport-Security": "max-age=31536000;includeSubDomains",
        "WWW-Authenticate": "Bearer authorization=\u0022https://login.windows.net/00000000-0000-0000-0000-000000000000\u0022, resource=\u0022https://vault.azure.net\u0022",
        "X-Content-Type-Options": "nosniff",
        "x-ms-keyvault-network-info": "conn_type=Ipv4;addr=73.232.137.144;act_addr_fam=InterNetwork;",
        "x-ms-keyvault-region": "westus2",
        "x-ms-keyvault-service-version": "1.9.358.1"
      },
      "ResponseBody": {
        "error": {
          "code": "Unauthorized",
          "message": "AKV10000: Request is missing a Bearer or PoP token."
        }
      }
    },
    {
      "RequestUri": "https://login.microsoftonline.com/00000000-0000-0000-0000-000000000000/v2.0/.well-known/openid-configuration",
      "RequestMethod": "GET",
      "RequestHeaders": {
        "Accept": "*/*",
        "Accept-Encoding": "gzip, deflate",
        "Connection": "keep-alive",
        "User-Agent": "azsdk-python-identity/1.10.0b2 Python/3.9.9 (Windows-10-10.0.22000-SP0)"
      },
      "RequestBody": null,
      "StatusCode": 200,
      "ResponseHeaders": {
        "Access-Control-Allow-Methods": "GET, OPTIONS",
        "Access-Control-Allow-Origin": "*",
        "Cache-Control": "max-age=86400, private",
        "Content-Length": "1753",
        "Content-Type": "application/json; charset=utf-8",
        "Date": "Fri, 22 Apr 2022 14:50:07 GMT",
        "P3P": "CP=\u0022DSP CUR OTPi IND OTRi ONL FIN\u0022",
        "Set-Cookie": [
          "fpc=AoYECHYVsYZBnicRrY_2H34tc15lFAAAAOG29NkOAAAA; expires=Sun, 22-May-2022 14:50:08 GMT; path=/; secure; HttpOnly; SameSite=None",
          "x-ms-gateway-slice=estsfd; path=/; secure; samesite=none; httponly",
          "stsservicecookie=estsfd; path=/; secure; samesite=none; httponly"
        ],
        "Strict-Transport-Security": "max-age=31536000; includeSubDomains",
        "X-Content-Type-Options": "nosniff",
        "x-ms-ests-server": "2.1.12651.7 - WUS2 ProdSlices",
        "X-XSS-Protection": "0"
      },
      "ResponseBody": {
        "token_endpoint": "https://login.microsoftonline.com/00000000-0000-0000-0000-000000000000/oauth2/v2.0/token",
        "token_endpoint_auth_methods_supported": [
          "client_secret_post",
          "private_key_jwt",
          "client_secret_basic"
        ],
        "jwks_uri": "https://login.microsoftonline.com/00000000-0000-0000-0000-000000000000/discovery/v2.0/keys",
        "response_modes_supported": [
          "query",
          "fragment",
          "form_post"
        ],
        "subject_types_supported": [
          "pairwise"
        ],
        "id_token_signing_alg_values_supported": [
          "RS256"
        ],
        "response_types_supported": [
          "code",
          "id_token",
          "code id_token",
          "id_token token"
        ],
        "scopes_supported": [
          "openid",
          "profile",
          "email",
          "offline_access"
        ],
        "issuer": "https://login.microsoftonline.com/00000000-0000-0000-0000-000000000000/v2.0",
        "request_uri_parameter_supported": false,
        "userinfo_endpoint": "https://graph.microsoft.com/oidc/userinfo",
        "authorization_endpoint": "https://login.microsoftonline.com/00000000-0000-0000-0000-000000000000/oauth2/v2.0/authorize",
        "device_authorization_endpoint": "https://login.microsoftonline.com/00000000-0000-0000-0000-000000000000/oauth2/v2.0/devicecode",
        "http_logout_supported": true,
        "frontchannel_logout_supported": true,
        "end_session_endpoint": "https://login.microsoftonline.com/00000000-0000-0000-0000-000000000000/oauth2/v2.0/logout",
        "claims_supported": [
          "sub",
          "iss",
          "cloud_instance_name",
          "cloud_instance_host_name",
          "cloud_graph_host_name",
          "msgraph_host",
          "aud",
          "exp",
          "iat",
          "auth_time",
          "acr",
          "nonce",
          "preferred_username",
          "name",
          "tid",
          "ver",
          "at_hash",
          "c_hash",
          "email"
        ],
        "kerberos_endpoint": "https://login.microsoftonline.com/00000000-0000-0000-0000-000000000000/kerberos",
        "tenant_region_scope": "WW",
        "cloud_instance_name": "microsoftonline.com",
        "cloud_graph_host_name": "graph.windows.net",
        "msgraph_host": "graph.microsoft.com",
        "rbac_url": "https://pas.windows.net"
      }
    },
    {
      "RequestUri": "https://login.microsoftonline.com/common/discovery/instance?api-version=1.1\u0026authorization_endpoint=https://login.microsoftonline.com/common/oauth2/authorize",
      "RequestMethod": "GET",
      "RequestHeaders": {
        "Accept": "application/json",
        "Accept-Encoding": "gzip, deflate",
        "Connection": "keep-alive",
        "Cookie": "fpc=AoYECHYVsYZBnicRrY_2H34tc15lFAAAAOG29NkOAAAA; stsservicecookie=estsfd; x-ms-gateway-slice=estsfd",
        "User-Agent": "azsdk-python-identity/1.10.0b2 Python/3.9.9 (Windows-10-10.0.22000-SP0)"
      },
      "RequestBody": null,
      "StatusCode": 200,
      "ResponseHeaders": {
        "Access-Control-Allow-Methods": "GET, OPTIONS",
        "Access-Control-Allow-Origin": "*",
        "Cache-Control": "max-age=86400, private",
        "Content-Length": "945",
        "Content-Type": "application/json; charset=utf-8",
        "Date": "Fri, 22 Apr 2022 14:50:08 GMT",
        "P3P": "CP=\u0022DSP CUR OTPi IND OTRi ONL FIN\u0022",
        "Set-Cookie": [
          "fpc=AoYECHYVsYZBnicRrY_2H34tc15lFAAAAOG29NkOAAAA; expires=Sun, 22-May-2022 14:50:09 GMT; path=/; secure; HttpOnly; SameSite=None",
          "x-ms-gateway-slice=estsfd; path=/; secure; samesite=none; httponly",
          "stsservicecookie=estsfd; path=/; secure; samesite=none; httponly"
        ],
        "Strict-Transport-Security": "max-age=31536000; includeSubDomains",
        "X-Content-Type-Options": "nosniff",
        "x-ms-ests-server": "2.1.12651.7 - WUS2 ProdSlices",
        "X-XSS-Protection": "0"
      },
      "ResponseBody": {
        "tenant_discovery_endpoint": "https://login.microsoftonline.com/common/.well-known/openid-configuration",
        "api-version": "1.1",
        "metadata": [
          {
            "preferred_network": "login.microsoftonline.com",
            "preferred_cache": "login.windows.net",
            "aliases": [
              "login.microsoftonline.com",
              "login.windows.net",
              "login.microsoft.com",
              "sts.windows.net"
            ]
          },
          {
            "preferred_network": "login.partner.microsoftonline.cn",
            "preferred_cache": "login.partner.microsoftonline.cn",
            "aliases": [
              "login.partner.microsoftonline.cn",
              "login.chinacloudapi.cn"
            ]
          },
          {
            "preferred_network": "login.microsoftonline.de",
            "preferred_cache": "login.microsoftonline.de",
            "aliases": [
              "login.microsoftonline.de"
            ]
          },
          {
            "preferred_network": "login.microsoftonline.us",
            "preferred_cache": "login.microsoftonline.us",
            "aliases": [
              "login.microsoftonline.us",
              "login.usgovcloudapi.net"
            ]
          },
          {
            "preferred_network": "login-us.microsoftonline.com",
            "preferred_cache": "login-us.microsoftonline.com",
            "aliases": [
              "login-us.microsoftonline.com"
            ]
          }
        ]
      }
    },
    {
      "RequestUri": "https://vaultname.vault.azure.net/keys/livekvtesttestKey7d2c2bae/create?api-version=2016-10-01",
      "RequestMethod": "POST",
      "RequestHeaders": {
        "Accept": "application/json",
        "Accept-Encoding": "gzip, deflate",
        "Connection": "keep-alive",
        "Content-Length": "14",
        "Content-Type": "application/json",
        "User-Agent": "azsdk-python-keyvault-keys/4.5.1 Python/3.9.9 (Windows-10-10.0.22000-SP0)"
      },
      "RequestBody": {
        "kty": "RSA"
      },
      "StatusCode": 200,
      "ResponseHeaders": {
        "Cache-Control": "no-cache",
        "Content-Length": "679",
        "Content-Type": "application/json; charset=utf-8",
        "Date": "Fri, 22 Apr 2022 14:50:09 GMT",
        "Expires": "-1",
        "Pragma": "no-cache",
        "Strict-Transport-Security": "max-age=31536000;includeSubDomains",
        "X-Content-Type-Options": "nosniff",
        "x-ms-keyvault-network-info": "conn_type=Ipv4;addr=73.232.137.144;act_addr_fam=InterNetwork;",
        "x-ms-keyvault-rbac-assignment-id": "8f011949-ed39-5d00-b7ce-c76e5a8c4b2d",
        "x-ms-keyvault-rbac-cache": "ra_age=791;da_age=791;rd_age=791;brd_age=2773;ra_notif_age=1659;dec_lev=1;",
        "x-ms-keyvault-region": "westus2",
        "x-ms-keyvault-service-version": "1.9.358.1"
      },
      "ResponseBody": {
        "key": {
          "kid": "https://vaultname.vault.azure.net/keys/livekvtesttestKey7d2c2bae/4f654ac348044e95a94f62db82214b4a",
          "kty": "RSA",
          "key_ops": [
            "encrypt",
            "decrypt",
            "sign",
            "verify",
            "wrapKey",
            "unwrapKey"
          ],
          "n": "76MZTN_eYc_VweMzg-xyeauxnlJSWpwq7fiVT4pGthIxAOOlEfWNzd3Uftm7UvZY88rOTtHG98XlFfLa1etgF7pU6fM5aDlS8URv1KqCzBZ4Mp4E6lbHyVZuh3I2zpjrkFYulP52QjrNJtE6I51Zjpv1KTuEAX_ZwqxtyQs0ix5EjRo8_B6_PW7NcbU0NDUh3NiL7BTuvIpqknoa_DFUwQRZNzswNeckoFrOWmefT4H2oLPIlAP8_ifCpEbj6-VXc2pnPkoZNHwjkjjD-76XcggYG8QgD-H8t6MVc6IdMNzZFs0KRLO60XrnKfwXolv9raIU9xTBsLZSmwac9oSifQ",
          "e": "AQAB"
        },
        "attributes": {
          "enabled": true,
          "created": 1650639009,
          "updated": 1650639009,
          "recoveryLevel": "CustomizedRecoverable\u002BPurgeable"
        }
      }
    },
    {
      "RequestUri": "https://vaultname.vault.azure.net/keys/livekvtesttestKey7d2c2bae/create?api-version=2016-10-01",
      "RequestMethod": "POST",
      "RequestHeaders": {
        "Accept": "application/json",
        "Accept-Encoding": "gzip, deflate",
        "Connection": "keep-alive",
        "Content-Length": "14",
        "Content-Type": "application/json",
        "User-Agent": "azsdk-python-keyvault-keys/4.5.1 Python/3.9.9 (Windows-10-10.0.22000-SP0)"
      },
      "RequestBody": {
        "kty": "RSA"
      },
      "StatusCode": 200,
      "ResponseHeaders": {
        "Cache-Control": "no-cache",
        "Content-Length": "679",
        "Content-Type": "application/json; charset=utf-8",
        "Date": "Fri, 22 Apr 2022 14:50:11 GMT",
        "Expires": "-1",
        "Pragma": "no-cache",
        "Strict-Transport-Security": "max-age=31536000;includeSubDomains",
        "X-Content-Type-Options": "nosniff",
        "x-ms-keyvault-network-info": "conn_type=Ipv4;addr=73.232.137.144;act_addr_fam=InterNetwork;",
        "x-ms-keyvault-rbac-assignment-id": "8f011949-ed39-5d00-b7ce-c76e5a8c4b2d",
        "x-ms-keyvault-rbac-cache": "ra_age=794;da_age=794;rd_age=794;brd_age=2776;ra_notif_age=1661;dec_lev=0;",
        "x-ms-keyvault-region": "westus2",
        "x-ms-keyvault-service-version": "1.9.358.1"
      },
      "ResponseBody": {
        "key": {
          "kid": "https://vaultname.vault.azure.net/keys/livekvtesttestKey7d2c2bae/b8b5468647bd4eb98fd614129fd2f092",
          "kty": "RSA",
          "key_ops": [
            "encrypt",
            "decrypt",
            "sign",
            "verify",
            "wrapKey",
            "unwrapKey"
          ],
          "n": "wYB2pPjPCseMZ0gM5Zfo-J9tPKLD6H6HJYETJTAMTvN3VWo7gQh2MfAWRVzW8S703tVJ0O_6deGysPievbLfdneopevYC1ROjlJg8vq28GsC3rGycgpFmlnqK0wd4MWnU-mNxVTKsEFeE_o0-l4tgntmPgqoYULqi3V_PFY51OMpRBpBUqjeX03WbwAfxQaky0MIdSwRZwEyQZ8Zt8omb22XPYcdGtTpGNpJe2ro57poE09wuCTS9AvV6f9NjzEBxcJgit-K5GZp4gBxBJOxFA2TVneFpD_CREGLyXvnKyDKtMlJWrqD6aezL5x_NMvXMxRrtocBirtG2Im_mdQE4Q",
          "e": "AQAB"
        },
        "attributes": {
          "enabled": true,
          "created": 1650639011,
          "updated": 1650639011,
          "recoveryLevel": "CustomizedRecoverable\u002BPurgeable"
        }
      }
    },
    {
      "RequestUri": "https://vaultname.vault.azure.net/keys/livekvtesttestKey7d2c2bae/create?api-version=2016-10-01",
      "RequestMethod": "POST",
      "RequestHeaders": {
        "Accept": "application/json",
        "Accept-Encoding": "gzip, deflate",
        "Connection": "keep-alive",
        "Content-Length": "14",
        "Content-Type": "application/json",
        "User-Agent": "azsdk-python-keyvault-keys/4.5.1 Python/3.9.9 (Windows-10-10.0.22000-SP0)"
      },
      "RequestBody": {
        "kty": "RSA"
      },
      "StatusCode": 200,
      "ResponseHeaders": {
        "Cache-Control": "no-cache",
        "Content-Length": "679",
        "Content-Type": "application/json; charset=utf-8",
        "Date": "Fri, 22 Apr 2022 14:50:13 GMT",
        "Expires": "-1",
        "Pragma": "no-cache",
        "Strict-Transport-Security": "max-age=31536000;includeSubDomains",
        "X-Content-Type-Options": "nosniff",
        "x-ms-keyvault-network-info": "conn_type=Ipv4;addr=73.232.137.144;act_addr_fam=InterNetwork;",
        "x-ms-keyvault-rbac-assignment-id": "8f011949-ed39-5d00-b7ce-c76e5a8c4b2d",
        "x-ms-keyvault-rbac-cache": "ra_age=796;da_age=796;rd_age=796;brd_age=2778;ra_notif_age=1663;dec_lev=0;",
        "x-ms-keyvault-region": "westus2",
        "x-ms-keyvault-service-version": "1.9.358.1"
      },
      "ResponseBody": {
        "key": {
          "kid": "https://vaultname.vault.azure.net/keys/livekvtesttestKey7d2c2bae/f5565f980692482587935f26fd5308b3",
          "kty": "RSA",
          "key_ops": [
            "encrypt",
            "decrypt",
            "sign",
            "verify",
            "wrapKey",
            "unwrapKey"
          ],
          "n": "tLchGrTKRbrcGkdQdvP1hh3JcB4NqEFk8QhlwllByTcD_EHDxSsjn1zYJIpwSN8MiR7OihykPVpgqZ5eQrKlnjpl5SR7AyVKjtuBpzBCopKpdSzGJzgdJDmFRajWE1n0haWZrP4eC1wwMQd01Z4JEHQ6MPCh_iLuZs27kZpQ9uQ-A9w5xvPJw-3ihVTsokAlNScJ_3Qjk13CQEQAeqAYcKKR2hwMuWOMbf_dtTeN1KFodJ-OpkKKmsHT5EEeMfziZpL9vluz7RgvseQvpdMC20Wli26izUkocxIlxDgJLwGp0V1sfnFF0LN81fecmFTUVXF2sG2ryQ2DsrUKIFjSTQ",
          "e": "AQAB"
        },
        "attributes": {
          "enabled": true,
          "created": 1650639013,
          "updated": 1650639013,
          "recoveryLevel": "CustomizedRecoverable\u002BPurgeable"
        }
      }
    },
    {
      "RequestUri": "https://vaultname.vault.azure.net/keys/livekvtesttestKey7d2c2bae/create?api-version=2016-10-01",
      "RequestMethod": "POST",
      "RequestHeaders": {
        "Accept": "application/json",
        "Accept-Encoding": "gzip, deflate",
        "Connection": "keep-alive",
        "Content-Length": "14",
        "Content-Type": "application/json",
        "User-Agent": "azsdk-python-keyvault-keys/4.5.1 Python/3.9.9 (Windows-10-10.0.22000-SP0)"
      },
      "RequestBody": {
        "kty": "RSA"
      },
      "StatusCode": 200,
      "ResponseHeaders": {
        "Cache-Control": "no-cache",
        "Content-Length": "679",
        "Content-Type": "application/json; charset=utf-8",
        "Date": "Fri, 22 Apr 2022 14:50:15 GMT",
        "Expires": "-1",
        "Pragma": "no-cache",
        "Strict-Transport-Security": "max-age=31536000;includeSubDomains",
        "X-Content-Type-Options": "nosniff",
        "x-ms-keyvault-network-info": "conn_type=Ipv4;addr=73.232.137.144;act_addr_fam=InterNetwork;",
        "x-ms-keyvault-rbac-assignment-id": "8f011949-ed39-5d00-b7ce-c76e5a8c4b2d",
        "x-ms-keyvault-rbac-cache": "ra_age=798;da_age=798;rd_age=798;brd_age=2780;ra_notif_age=1665;dec_lev=0;",
        "x-ms-keyvault-region": "westus2",
        "x-ms-keyvault-service-version": "1.9.358.1"
      },
      "ResponseBody": {
        "key": {
          "kid": "https://vaultname.vault.azure.net/keys/livekvtesttestKey7d2c2bae/f2678bec45a6490abeff7bea95d6c810",
          "kty": "RSA",
          "key_ops": [
            "encrypt",
            "decrypt",
            "sign",
            "verify",
            "wrapKey",
            "unwrapKey"
          ],
          "n": "yeIRKiU_Zy-JrhNiim3wHCsnBkxbmMvoQAX-0fxnE-MUfdyy3OCGsfpSU8o5EqHDJ30Z_GnDkgOgPoXRFtFbPgNrAcGFqMyIMvQDfRmmaktV-ThlAWvmdEsQdZehnwZ5itP0q2L1466ajBp4k9w3F3sGzo3pGCOe904XIhkS316J4F56g3gcOtLCpORVJJaylsYwHF8_baDlcrSWBb_rm9m5cQLs36Jw-rPvb9VivC5GZqtIXE8tMUTBwT1YAacupoCm49kZM_0_8kqk4lHKVJBYaP6icvG7lroVl5cKbBYU0AlFU2kiW2DjZPfHJvyyDyDjDOrzovN7c_09cIlK2Q",
          "e": "AQAB"
        },
        "attributes": {
          "enabled": true,
          "created": 1650639016,
          "updated": 1650639016,
          "recoveryLevel": "CustomizedRecoverable\u002BPurgeable"
        }
      }
    },
    {
      "RequestUri": "https://vaultname.vault.azure.net/keys/livekvtesttestKey7d2c2bae/create?api-version=2016-10-01",
      "RequestMethod": "POST",
      "RequestHeaders": {
        "Accept": "application/json",
        "Accept-Encoding": "gzip, deflate",
        "Connection": "keep-alive",
        "Content-Length": "14",
        "Content-Type": "application/json",
        "User-Agent": "azsdk-python-keyvault-keys/4.5.1 Python/3.9.9 (Windows-10-10.0.22000-SP0)"
      },
      "RequestBody": {
        "kty": "RSA"
      },
      "StatusCode": 200,
      "ResponseHeaders": {
        "Cache-Control": "no-cache",
        "Content-Length": "679",
        "Content-Type": "application/json; charset=utf-8",
        "Date": "Fri, 22 Apr 2022 14:50:18 GMT",
        "Expires": "-1",
        "Pragma": "no-cache",
        "Strict-Transport-Security": "max-age=31536000;includeSubDomains",
        "X-Content-Type-Options": "nosniff",
        "x-ms-keyvault-network-info": "conn_type=Ipv4;addr=73.232.137.144;act_addr_fam=InterNetwork;",
        "x-ms-keyvault-rbac-assignment-id": "8f011949-ed39-5d00-b7ce-c76e5a8c4b2d",
        "x-ms-keyvault-rbac-cache": "ra_age=800;da_age=800;rd_age=800;brd_age=2782;ra_notif_age=1668;dec_lev=0;",
        "x-ms-keyvault-region": "westus2",
        "x-ms-keyvault-service-version": "1.9.358.1"
      },
      "ResponseBody": {
        "key": {
          "kid": "https://vaultname.vault.azure.net/keys/livekvtesttestKey7d2c2bae/cc0683449f7c49c08c6a90d4bfbdac15",
          "kty": "RSA",
          "key_ops": [
            "encrypt",
            "decrypt",
            "sign",
            "verify",
            "wrapKey",
            "unwrapKey"
          ],
          "n": "p3DOT8VlfqrZ4z0ObBeS8cotb-RTGZtWubPdz6UXdpibQWDFJzI_HPVGDMy1TucEXgOC01IZdgiwIZAcAYKmZgxRaE-gKUs8WFWWaHeamVvl-vr5k3isfyFqvLlJ6lG0J6cH_J_a6aieKVDgC4BDGULvdEGCD7TyaUajp7bR80z4zWC0_WlbpX_IJoO1Sd6rf7OQ6EnopRU6E6UoJYhgKaBtx9ztiWmZl8MtJHtggLBvOQE1fDm3s_rTpwUpi4NFsPuql5R236YidapLYfWsMxIypECGaIE3_sFTPa2HooL4BhecurRJNmd2dZB3nH5M-43VnHyprqIT1Qh0e9Ek7Q",
          "e": "AQAB"
        },
        "attributes": {
          "enabled": true,
          "created": 1650639018,
          "updated": 1650639018,
          "recoveryLevel": "CustomizedRecoverable\u002BPurgeable"
        }
      }
    },
    {
      "RequestUri": "https://vaultname.vault.azure.net/keys/livekvtesttestKey7d2c2bae/create?api-version=2016-10-01",
      "RequestMethod": "POST",
      "RequestHeaders": {
        "Accept": "application/json",
        "Accept-Encoding": "gzip, deflate",
        "Connection": "keep-alive",
        "Content-Length": "14",
        "Content-Type": "application/json",
        "User-Agent": "azsdk-python-keyvault-keys/4.5.1 Python/3.9.9 (Windows-10-10.0.22000-SP0)"
      },
      "RequestBody": {
        "kty": "RSA"
      },
      "StatusCode": 200,
      "ResponseHeaders": {
        "Cache-Control": "no-cache",
        "Content-Length": "679",
        "Content-Type": "application/json; charset=utf-8",
        "Date": "Fri, 22 Apr 2022 14:50:20 GMT",
        "Expires": "-1",
        "Pragma": "no-cache",
        "Strict-Transport-Security": "max-age=31536000;includeSubDomains",
        "X-Content-Type-Options": "nosniff",
        "x-ms-keyvault-network-info": "conn_type=Ipv4;addr=73.232.137.144;act_addr_fam=InterNetwork;",
        "x-ms-keyvault-rbac-assignment-id": "8f011949-ed39-5d00-b7ce-c76e5a8c4b2d",
        "x-ms-keyvault-rbac-cache": "ra_age=803;da_age=803;rd_age=803;brd_age=2785;ra_notif_age=1670;dec_lev=0;",
        "x-ms-keyvault-region": "westus2",
        "x-ms-keyvault-service-version": "1.9.358.1"
      },
      "ResponseBody": {
        "key": {
          "kid": "https://vaultname.vault.azure.net/keys/livekvtesttestKey7d2c2bae/dd06cbf5990a43278af6fff8449386f8",
          "kty": "RSA",
          "key_ops": [
            "encrypt",
            "decrypt",
            "sign",
            "verify",
            "wrapKey",
            "unwrapKey"
          ],
          "n": "5ZdQp1kNStycOiYdv7ZJAeBZ5tD_myQhKEfUdPdoMiQ7QVAOHvyIeKoHhgIds7SafBwBd-PImu6yokNrRwTLFhi_IvGHHygsyYHEPAv4kzqwAd1J8y9ZpGeObGMMypYsgwaKu3DHyxURLgWKbTkYKZ7fTj_sts23g-A7dryr3tlC7wHSRfWySGM_K2ulgJlDvitcR6hGqpWht95nMVDL_Yb_OInT26c9ZHh9lNw_bQwfIgPXcF-pvhyBJjzx9Un1SIzrQkAkzrqi75BBQ94a3Mspd3chiA9IXqF_3qRbvAZvkTnUXImwkQqhosCukUE9PH_glh0KvDlyJvIiYHXPcQ",
          "e": "AQAB"
        },
        "attributes": {
          "enabled": true,
          "created": 1650639020,
          "updated": 1650639020,
          "recoveryLevel": "CustomizedRecoverable\u002BPurgeable"
        }
      }
    },
    {
      "RequestUri": "https://vaultname.vault.azure.net/keys/livekvtesttestKey7d2c2bae/create?api-version=2016-10-01",
      "RequestMethod": "POST",
      "RequestHeaders": {
        "Accept": "application/json",
        "Accept-Encoding": "gzip, deflate",
        "Connection": "keep-alive",
        "Content-Length": "14",
        "Content-Type": "application/json",
        "User-Agent": "azsdk-python-keyvault-keys/4.5.1 Python/3.9.9 (Windows-10-10.0.22000-SP0)"
      },
      "RequestBody": {
        "kty": "RSA"
      },
      "StatusCode": 200,
      "ResponseHeaders": {
        "Cache-Control": "no-cache",
        "Content-Length": "679",
        "Content-Type": "application/json; charset=utf-8",
        "Date": "Fri, 22 Apr 2022 14:50:22 GMT",
        "Expires": "-1",
        "Pragma": "no-cache",
        "Strict-Transport-Security": "max-age=31536000;includeSubDomains",
        "X-Content-Type-Options": "nosniff",
        "x-ms-keyvault-network-info": "conn_type=Ipv4;addr=73.232.137.144;act_addr_fam=InterNetwork;",
        "x-ms-keyvault-rbac-assignment-id": "8f011949-ed39-5d00-b7ce-c76e5a8c4b2d",
        "x-ms-keyvault-rbac-cache": "ra_age=805;da_age=805;rd_age=805;brd_age=2787;ra_notif_age=1672;dec_lev=0;",
        "x-ms-keyvault-region": "westus2",
        "x-ms-keyvault-service-version": "1.9.358.1"
      },
      "ResponseBody": {
        "key": {
          "kid": "https://vaultname.vault.azure.net/keys/livekvtesttestKey7d2c2bae/e8a3eaf117a649c88293f205146d70d5",
          "kty": "RSA",
          "key_ops": [
            "encrypt",
            "decrypt",
            "sign",
            "verify",
            "wrapKey",
            "unwrapKey"
          ],
          "n": "s1dVrpuwNpjaVQ1CQDO2NH2b0GQD_sCSk0uzi0D9dY2xtd0f2UJ7PhSIjw6NOQznm7TTD4nUpZ21xWgpBMQKcpg5hpdMz5qMU4sEoYuB__2PzcDzZUJ00UYu3VmZdNr_ntu8RUXoAtqkejTIxoEAsIARtzDUtV5RXgxFrqeU-O80s32k1lqSbSLrUBqdMqrfSmZ8wf5iq24oXgIcVi_MfN7yNoEq6Qd9r2W9v2QcylOtfmbeo72w0giTVmiyzacurrnuiLBDFHGG5IUcAvSruCyQ6N40yzykCH4aZb1D-Fx1WnAE_Bhy7UJ-69whzCJrd-Cc5_g2p7xBwPbzSa317Q",
          "e": "AQAB"
        },
        "attributes": {
          "enabled": true,
          "created": 1650639022,
          "updated": 1650639022,
          "recoveryLevel": "CustomizedRecoverable\u002BPurgeable"
        }
      }
    },
    {
      "RequestUri": "https://vaultname.vault.azure.net/keys/livekvtesttestKey7d2c2bae/versions?maxresults=6\u0026api-version=2016-10-01",
      "RequestMethod": "GET",
      "RequestHeaders": {
        "Accept": "application/json",
        "Accept-Encoding": "gzip, deflate",
        "Connection": "keep-alive",
        "User-Agent": "azsdk-python-keyvault-keys/4.5.1 Python/3.9.9 (Windows-10-10.0.22000-SP0)"
      },
      "RequestBody": null,
      "StatusCode": 200,
      "ResponseHeaders": {
        "Cache-Control": "no-cache",
        "Content-Length": "1778",
        "Content-Type": "application/json; charset=utf-8",
        "Date": "Fri, 22 Apr 2022 14:50:22 GMT",
        "Expires": "-1",
        "Pragma": "no-cache",
        "Strict-Transport-Security": "max-age=31536000;includeSubDomains",
        "X-Content-Type-Options": "nosniff",
        "x-ms-keyvault-network-info": "conn_type=Ipv4;addr=73.232.137.144;act_addr_fam=InterNetwork;",
        "x-ms-keyvault-rbac-assignment-id": "8f011949-ed39-5d00-b7ce-c76e5a8c4b2d",
        "x-ms-keyvault-rbac-cache": "ra_age=805;da_age=805;rd_age=805;brd_age=2787;ra_notif_age=1672;dec_lev=1;",
        "x-ms-keyvault-region": "westus2",
        "x-ms-keyvault-service-version": "1.9.358.1"
      },
      "ResponseBody": {
        "value": [
          {
            "kid": "https://vaultname.vault.azure.net/keys/livekvtesttestKey7d2c2bae/4f654ac348044e95a94f62db82214b4a",
            "attributes": {
              "enabled": true,
              "created": 1650639009,
              "updated": 1650639009,
              "recoveryLevel": "CustomizedRecoverable\u002BPurgeable"
            }
          },
          {
            "kid": "https://vaultname.vault.azure.net/keys/livekvtesttestKey7d2c2bae/b8b5468647bd4eb98fd614129fd2f092",
            "attributes": {
              "enabled": true,
              "created": 1650639011,
              "updated": 1650639011,
              "recoveryLevel": "CustomizedRecoverable\u002BPurgeable"
            }
          },
          {
            "kid": "https://vaultname.vault.azure.net/keys/livekvtesttestKey7d2c2bae/cc0683449f7c49c08c6a90d4bfbdac15",
            "attributes": {
              "enabled": true,
              "created": 1650639018,
              "updated": 1650639018,
              "recoveryLevel": "CustomizedRecoverable\u002BPurgeable"
            }
          },
          {
            "kid": "https://vaultname.vault.azure.net/keys/livekvtesttestKey7d2c2bae/dd06cbf5990a43278af6fff8449386f8",
            "attributes": {
              "enabled": true,
              "created": 1650639020,
              "updated": 1650639020,
              "recoveryLevel": "CustomizedRecoverable\u002BPurgeable"
            }
          },
          {
            "kid": "https://vaultname.vault.azure.net/keys/livekvtesttestKey7d2c2bae/e8a3eaf117a649c88293f205146d70d5",
            "attributes": {
              "enabled": true,
              "created": 1650639022,
              "updated": 1650639022,
              "recoveryLevel": "CustomizedRecoverable\u002BPurgeable"
            }
          },
          {
            "kid": "https://vaultname.vault.azure.net/keys/livekvtesttestKey7d2c2bae/f2678bec45a6490abeff7bea95d6c810",
            "attributes": {
              "enabled": true,
              "created": 1650639016,
              "updated": 1650639016,
              "recoveryLevel": "CustomizedRecoverable\u002BPurgeable"
            }
          }
        ],
        "nextLink": "https://vaultname.vault.azure.net:443/keys/livekvtesttestKey7d2c2bae/versions?api-version=2016-10-01\u0026$skiptoken=eyJOZXh0TWFya2VyIjoiMiExNDQhTURBd01EWXlJV3RsZVM5TVNWWkZTMVpVUlZOVVZFVlRWRXRGV1RkRU1rTXlRa0ZGTDBZMU5UWTFSams0TURZNU1qUTRNalU0Tnprek5VWXlOa1pFTlRNd09FSXpJVEF3TURBeU9DRTVPVGs1TFRFeUxUTXhWREl6T2pVNU9qVTVMams1T1RrNU9UbGFJUS0tIiwiVGFyZ2V0TG9jYXRpb24iOjB9\u0026maxresults=6"
      }
    },
    {
      "RequestUri": "https://vaultname.vault.azure.net/keys/livekvtesttestKey7d2c2bae/versions?maxresults=6\u0026api-version=2016-10-01\u0026$skiptoken=eyJOZXh0TWFya2VyIjoiMiExNDQhTURBd01EWXlJV3RsZVM5TVNWWkZTMVpVUlZOVVZFVlRWRXRGV1RkRU1rTXlRa0ZGTDBZMU5UWTFSams0TURZNU1qUTRNalU0Tnprek5VWXlOa1pFTlRNd09FSXpJVEF3TURBeU9DRTVPVGs1TFRFeUxUTXhWREl6T2pVNU9qVTVMams1T1RrNU9UbGFJUS0tIiwiVGFyZ2V0TG9jYXRpb24iOjB9",
      "RequestMethod": "GET",
      "RequestHeaders": {
        "Accept": "application/json",
        "Accept-Encoding": "gzip, deflate",
        "Connection": "keep-alive",
        "User-Agent": "azsdk-python-keyvault-keys/4.5.1 Python/3.9.9 (Windows-10-10.0.22000-SP0)"
      },
      "RequestBody": null,
      "StatusCode": 200,
      "ResponseHeaders": {
        "Cache-Control": "no-cache",
        "Content-Length": "257",
        "Content-Type": "application/json; charset=utf-8",
        "Date": "Fri, 22 Apr 2022 14:50:22 GMT",
        "Expires": "-1",
        "Pragma": "no-cache",
        "Strict-Transport-Security": "max-age=31536000;includeSubDomains",
        "X-Content-Type-Options": "nosniff",
        "x-ms-keyvault-network-info": "conn_type=Ipv4;addr=73.232.137.144;act_addr_fam=InterNetwork;",
        "x-ms-keyvault-rbac-assignment-id": "8f011949-ed39-5d00-b7ce-c76e5a8c4b2d",
        "x-ms-keyvault-rbac-cache": "ra_age=805;da_age=805;rd_age=805;brd_age=2787;ra_notif_age=1673;dec_lev=0;",
        "x-ms-keyvault-region": "westus2",
        "x-ms-keyvault-service-version": "1.9.358.1"
      },
      "ResponseBody": {
        "value": [
          {
            "kid": "https://vaultname.vault.azure.net/keys/livekvtesttestKey7d2c2bae/f5565f980692482587935f26fd5308b3",
            "attributes": {
              "enabled": true,
              "created": 1650639013,
              "updated": 1650639013,
              "recoveryLevel": "CustomizedRecoverable\u002BPurgeable"
            }
          }
        ],
        "nextLink": null
      }
    }
  ],
  "Variables": {}
}
