interactions:
- request:
    body: null
    headers:
      Accept: [application/json]
      Accept-Encoding: ['gzip, deflate']
      Connection: [keep-alive]
      Content-Length: ['0']
      Content-Type: [application/json; charset=utf-8]
      User-Agent: [azsdk-python-keyvault-keys/4.0.0b2 Python/3.6.6 (Windows-10-10.0.18362-SP0)]
    method: POST
    uri: https://vault1051159997110414cf.vault.azure.net/keys/key0/create?api-version=7.0
  response:
    body: {string: '{"error":{"code":"Unauthorized","message":"Request is missing
        a Bearer or PoP token."}}'}
    headers:
      cache-control: [no-cache]
      content-length: ['87']
      content-type: [application/json; charset=utf-8]
      date: ['Tue, 27 Aug 2019 22:06:59 GMT']
      expires: ['-1']
      pragma: [no-cache]
      server: [Microsoft-IIS/10.0]
      strict-transport-security: [max-age=31536000;includeSubDomains]
      www-authenticate: ['Bearer authorization="https://login.windows.net/72f988bf-86f1-41af-91ab-2d7cd011db47",
          resource="https://vault.azure.net"']
      x-aspnet-version: [4.0.30319]
      x-content-type-options: [nosniff]
      x-ms-keyvault-network-info: [addr=131.107.160.72;act_addr_fam=InterNetwork;]
      x-ms-keyvault-region: [westus]
      x-ms-keyvault-service-version: [1.1.0.876]
      x-powered-by: [ASP.NET]
    status: {code: 401, message: Unauthorized}
- request:
    body: '{"kty": "EC"}'
    headers:
      Accept: [application/json]
      Accept-Encoding: ['gzip, deflate']
      Connection: [keep-alive]
      Content-Length: ['13']
      Content-Type: [application/json; charset=utf-8]
      User-Agent: [azsdk-python-keyvault-keys/4.0.0b2 Python/3.6.6 (Windows-10-10.0.18362-SP0)]
    method: POST
    uri: https://vault1051159997110414cf.vault.azure.net/keys/key0/create?api-version=7.0
  response:
    body: {string: '{"key":{"kid":"https://vault1051159997110414cf.vault.azure.net/keys/key0/59ae56dd7b554f42bd0c70c93645f3e3","kty":"EC","key_ops":["sign","verify"],"crv":"P-256","x":"OhMR6KGBAa_Y4eNmCIzfU5uT1Yx3X7iOdLRW6ER0ND4","y":"117-joZYN5HTNWt2YVdsLbMv_Z3Jo6uRs7-AQfxZS48"},"attributes":{"enabled":true,"created":1566943620,"updated":1566943620,"recoveryLevel":"Recoverable+Purgeable"}}'}
    headers:
      cache-control: [no-cache]
      content-length: ['373']
      content-type: [application/json; charset=utf-8]
      date: ['Tue, 27 Aug 2019 22:07:00 GMT']
      expires: ['-1']
      pragma: [no-cache]
      server: [Microsoft-IIS/10.0]
      strict-transport-security: [max-age=31536000;includeSubDomains]
      x-aspnet-version: [4.0.30319]
      x-content-type-options: [nosniff]
      x-ms-keyvault-network-info: [addr=131.107.160.72;act_addr_fam=InterNetwork;]
      x-ms-keyvault-region: [westus]
      x-ms-keyvault-service-version: [1.1.0.876]
      x-powered-by: [ASP.NET]
    status: {code: 200, message: OK}
- request:
    body: '{"kty": "EC"}'
    headers:
      Accept: [application/json]
      Accept-Encoding: ['gzip, deflate']
      Connection: [keep-alive]
      Content-Length: ['13']
      Content-Type: [application/json; charset=utf-8]
      User-Agent: [azsdk-python-keyvault-keys/4.0.0b2 Python/3.6.6 (Windows-10-10.0.18362-SP0)]
    method: POST
    uri: https://vault1051159997110414cf.vault.azure.net/keys/key1/create?api-version=7.0
  response:
    body: {string: '{"key":{"kid":"https://vault1051159997110414cf.vault.azure.net/keys/key1/3bee70ece18942dda6363381c3799f12","kty":"EC","key_ops":["sign","verify"],"crv":"P-256","x":"H6aNP6k0ehGJwhUtY9qdFYJQnDkYwvij2MEfQ3Panbw","y":"DEchu8PALdq57e741yAq4lnuMmv510MLMWZwXSlweCc"},"attributes":{"enabled":true,"created":1566943621,"updated":1566943621,"recoveryLevel":"Recoverable+Purgeable"}}'}
    headers:
      cache-control: [no-cache]
      content-length: ['373']
      content-type: [application/json; charset=utf-8]
      date: ['Tue, 27 Aug 2019 22:07:00 GMT']
      expires: ['-1']
      pragma: [no-cache]
      server: [Microsoft-IIS/10.0]
      strict-transport-security: [max-age=31536000;includeSubDomains]
      x-aspnet-version: [4.0.30319]
      x-content-type-options: [nosniff]
      x-ms-keyvault-network-info: [addr=131.107.160.72;act_addr_fam=InterNetwork;]
      x-ms-keyvault-region: [westus]
      x-ms-keyvault-service-version: [1.1.0.876]
      x-powered-by: [ASP.NET]
    status: {code: 200, message: OK}
- request:
    body: '{"kty": "EC"}'
    headers:
      Accept: [application/json]
      Accept-Encoding: ['gzip, deflate']
      Connection: [keep-alive]
      Content-Length: ['13']
      Content-Type: [application/json; charset=utf-8]
      User-Agent: [azsdk-python-keyvault-keys/4.0.0b2 Python/3.6.6 (Windows-10-10.0.18362-SP0)]
    method: POST
    uri: https://vault1051159997110414cf.vault.azure.net/keys/key2/create?api-version=7.0
  response:
    body: {string: '{"key":{"kid":"https://vault1051159997110414cf.vault.azure.net/keys/key2/c60fc56643c74d608c4bfa5cfdec0179","kty":"EC","key_ops":["sign","verify"],"crv":"P-256","x":"lYdi_yE-OxIMQ-kxU-MvNbqYRDtJR2BKZNZ4r2HCX-k","y":"6G1YFo2WQ4-jeLmnqBSVfwawo43hutr_L28smopsLcw"},"attributes":{"enabled":true,"created":1566943621,"updated":1566943621,"recoveryLevel":"Recoverable+Purgeable"}}'}
    headers:
      cache-control: [no-cache]
      content-length: ['373']
      content-type: [application/json; charset=utf-8]
      date: ['Tue, 27 Aug 2019 22:07:00 GMT']
      expires: ['-1']
      pragma: [no-cache]
      server: [Microsoft-IIS/10.0]
      strict-transport-security: [max-age=31536000;includeSubDomains]
      x-aspnet-version: [4.0.30319]
      x-content-type-options: [nosniff]
      x-ms-keyvault-network-info: [addr=131.107.160.72;act_addr_fam=InterNetwork;]
      x-ms-keyvault-region: [westus]
      x-ms-keyvault-service-version: [1.1.0.876]
      x-powered-by: [ASP.NET]
    status: {code: 200, message: OK}
- request:
    body: '{"kty": "EC"}'
    headers:
      Accept: [application/json]
      Accept-Encoding: ['gzip, deflate']
      Connection: [keep-alive]
      Content-Length: ['13']
      Content-Type: [application/json; charset=utf-8]
      User-Agent: [azsdk-python-keyvault-keys/4.0.0b2 Python/3.6.6 (Windows-10-10.0.18362-SP0)]
    method: POST
    uri: https://vault1051159997110414cf.vault.azure.net/keys/key3/create?api-version=7.0
  response:
    body: {string: '{"key":{"kid":"https://vault1051159997110414cf.vault.azure.net/keys/key3/00836c91b9134d54a70dd50258340ce3","kty":"EC","key_ops":["sign","verify"],"crv":"P-256","x":"7upp9R8-uWMSZ7XgA6r3zSYrrQ3OpTPq6ZXwqVRTT4I","y":"NpwGPMqD3wBpVoPes5FXq2uHRvQsHAaBXF-IytSIeqM"},"attributes":{"enabled":true,"created":1566943621,"updated":1566943621,"recoveryLevel":"Recoverable+Purgeable"}}'}
    headers:
      cache-control: [no-cache]
      content-length: ['373']
      content-type: [application/json; charset=utf-8]
      date: ['Tue, 27 Aug 2019 22:07:00 GMT']
      expires: ['-1']
      pragma: [no-cache]
      server: [Microsoft-IIS/10.0]
      strict-transport-security: [max-age=31536000;includeSubDomains]
      x-aspnet-version: [4.0.30319]
      x-content-type-options: [nosniff]
      x-ms-keyvault-network-info: [addr=131.107.160.72;act_addr_fam=InterNetwork;]
      x-ms-keyvault-region: [westus]
      x-ms-keyvault-service-version: [1.1.0.876]
      x-powered-by: [ASP.NET]
    status: {code: 200, message: OK}
- request:
    body: '{"kty": "RSA"}'
    headers:
      Accept: [application/json]
      Accept-Encoding: ['gzip, deflate']
      Connection: [keep-alive]
      Content-Length: ['14']
      Content-Type: [application/json; charset=utf-8]
      User-Agent: [azsdk-python-keyvault-keys/4.0.0b2 Python/3.6.6 (Windows-10-10.0.18362-SP0)]
    method: POST
    uri: https://vault1051159997110414cf.vault.azure.net/keys/key0/create?api-version=7.0
  response:
    body: {string: '{"key":{"kid":"https://vault1051159997110414cf.vault.azure.net/keys/key0/ec6cd60fd24b4029aaf394f4220b4ab3","kty":"RSA","key_ops":["encrypt","decrypt","sign","verify","wrapKey","unwrapKey"],"n":"vvlle3esK3mlSDGaIuYXCLzvnBnS8gLptfdK9lLZ7mE4EVmIhM5uDjEjSfvMk0lIxXGHazosl-BsAc7yXde1fmR8DhgRGZ3Vkb0_7QzLrsuMdGLAprI6PB9Hag4ayn8Oqoop0TQoyQ-TTxL5cSUTQ9YJZO9cPbBEJ0R1-Mfwx6NV3AQNsF8P4dvF46uPhL2rtVxxot5Lx9jG2dmJSYqfnOM_0cBA_cCLA3ykd7_Q-OmiISZEo-DxZYkqmJNqQUOU5cfDebXYEkYLRn-UoJ59PafRl2TJBd_mKqLiOauB_9jz4vLRb4LdFByhFPRzsBnFA9sSay4Wij3B7Fng2q0C8Q","e":"AQAB"},"attributes":{"enabled":true,"created":1566943621,"updated":1566943621,"recoveryLevel":"Recoverable+Purgeable"}}'}
    headers:
      cache-control: [no-cache]
      content-length: ['662']
      content-type: [application/json; charset=utf-8]
      date: ['Tue, 27 Aug 2019 22:07:00 GMT']
      expires: ['-1']
      pragma: [no-cache]
      server: [Microsoft-IIS/10.0]
      strict-transport-security: [max-age=31536000;includeSubDomains]
      x-aspnet-version: [4.0.30319]
      x-content-type-options: [nosniff]
      x-ms-keyvault-network-info: [addr=131.107.160.72;act_addr_fam=InterNetwork;]
      x-ms-keyvault-region: [westus]
      x-ms-keyvault-service-version: [1.1.0.876]
      x-powered-by: [ASP.NET]
    status: {code: 200, message: OK}
- request:
    body: '{"kty": "RSA"}'
    headers:
      Accept: [application/json]
      Accept-Encoding: ['gzip, deflate']
      Connection: [keep-alive]
      Content-Length: ['14']
      Content-Type: [application/json; charset=utf-8]
      User-Agent: [azsdk-python-keyvault-keys/4.0.0b2 Python/3.6.6 (Windows-10-10.0.18362-SP0)]
    method: POST
    uri: https://vault1051159997110414cf.vault.azure.net/keys/key1/create?api-version=7.0
  response:
    body: {string: '{"key":{"kid":"https://vault1051159997110414cf.vault.azure.net/keys/key1/d795fd4704324c8c92af32cd5f01089e","kty":"RSA","key_ops":["encrypt","decrypt","sign","verify","wrapKey","unwrapKey"],"n":"6JYu7NNwoa-rXxrGeJPqsYAe_YRssBxyvcFw3Cn1Wj-eRlRDTyDvWOvLlas4LhaylmTU6SwN4JiLseJjKl8sW2hBk-ATSEvcz1c5r4oUHp3pGpScg43Uer1qZxcLztfy2jG4_CZb5h0A05giqst7bYGXJFW_jCJ9mT140YCrki9PTGQCKa3GEl3sdFnigiPp-g3yCKGG-60Yu1WG_KeoKvoJIMX3xYWwdsRGu2M4fKUMhjuDBed3ID1KvyVixzoFIiMzSIGoBly41Vvu3yogy-8O0yxgORQtuVBkVgviQCdGAFZJ2QlStF0pDhpQCE0aXp1zSnhpP1ITOztXPOTBhQ","e":"AQAB"},"attributes":{"enabled":true,"created":1566943621,"updated":1566943621,"recoveryLevel":"Recoverable+Purgeable"}}'}
    headers:
      cache-control: [no-cache]
      content-length: ['662']
      content-type: [application/json; charset=utf-8]
      date: ['Tue, 27 Aug 2019 22:07:00 GMT']
      expires: ['-1']
      pragma: [no-cache]
      server: [Microsoft-IIS/10.0]
      strict-transport-security: [max-age=31536000;includeSubDomains]
      x-aspnet-version: [4.0.30319]
      x-content-type-options: [nosniff]
      x-ms-keyvault-network-info: [addr=131.107.160.72;act_addr_fam=InterNetwork;]
      x-ms-keyvault-region: [westus]
      x-ms-keyvault-service-version: [1.1.0.876]
      x-powered-by: [ASP.NET]
    status: {code: 200, message: OK}
- request:
    body: '{"kty": "RSA"}'
    headers:
      Accept: [application/json]
      Accept-Encoding: ['gzip, deflate']
      Connection: [keep-alive]
      Content-Length: ['14']
      Content-Type: [application/json; charset=utf-8]
      User-Agent: [azsdk-python-keyvault-keys/4.0.0b2 Python/3.6.6 (Windows-10-10.0.18362-SP0)]
    method: POST
    uri: https://vault1051159997110414cf.vault.azure.net/keys/key2/create?api-version=7.0
  response:
    body: {string: '{"key":{"kid":"https://vault1051159997110414cf.vault.azure.net/keys/key2/08e5d130bb3b4848b3a0a876ebc4c8f7","kty":"RSA","key_ops":["encrypt","decrypt","sign","verify","wrapKey","unwrapKey"],"n":"pzNH3vvnu6VroWvh-gwH7xvY24HCIBjY0V23R2egPasuwEoad0uemnC48dXRMP2UhBxDnzTmgSqLqFnlDplDiZZW-woXeIvrAJ_McRUWxXQ0Vjbpmv0c9SSWMtkOWc4e27lar-QOr2OEz-yntXz6Xj8N0oJZLNO7iFNOkDfVEnL9vwpdkktZxmX9b33e35afxczJ_xcJnXoyadfQHL9KiCw3BcVS83Dp3K5zbkYNLQ9KNkKxTnf2FlVbJ14n_2MCTuVetgLjJ6xvQZc65Tr5qIp9INe9HbCPBI1f1SI3txz5ZCIxUmHzvlxtCqk9ttzRMxe57StHASa8p4MVvYnPqQ","e":"AQAB"},"attributes":{"enabled":true,"created":1566943621,"updated":1566943621,"recoveryLevel":"Recoverable+Purgeable"}}'}
    headers:
      cache-control: [no-cache]
      content-length: ['662']
      content-type: [application/json; charset=utf-8]
      date: ['Tue, 27 Aug 2019 22:07:01 GMT']
      expires: ['-1']
      pragma: [no-cache]
      server: [Microsoft-IIS/10.0]
      strict-transport-security: [max-age=31536000;includeSubDomains]
      x-aspnet-version: [4.0.30319]
      x-content-type-options: [nosniff]
      x-ms-keyvault-network-info: [addr=131.107.160.72;act_addr_fam=InterNetwork;]
      x-ms-keyvault-region: [westus]
      x-ms-keyvault-service-version: [1.1.0.876]
      x-powered-by: [ASP.NET]
    status: {code: 200, message: OK}
- request:
    body: '{"kty": "RSA"}'
    headers:
      Accept: [application/json]
      Accept-Encoding: ['gzip, deflate']
      Connection: [keep-alive]
      Content-Length: ['14']
      Content-Type: [application/json; charset=utf-8]
      User-Agent: [azsdk-python-keyvault-keys/4.0.0b2 Python/3.6.6 (Windows-10-10.0.18362-SP0)]
    method: POST
    uri: https://vault1051159997110414cf.vault.azure.net/keys/key3/create?api-version=7.0
  response:
    body: {string: '{"key":{"kid":"https://vault1051159997110414cf.vault.azure.net/keys/key3/7a3698a461204e34bd62bf90d939d2bd","kty":"RSA","key_ops":["encrypt","decrypt","sign","verify","wrapKey","unwrapKey"],"n":"i2-uCjoiTgGD3i5a9dpxZ4aD1FAkuRwzpluq8ZRqdIyBqXUtggkpaZUK7j5wEP6s50f7zBwg-QZZygx9n8dfF6G6eE3kPWlQSqaMHj7Ps7VJtVvfqjpePcKv-835353WjSQ64k1vDTXQ3oW-k0yJIsBK08wqMzZO2C5letXRfumjDcS1KT2naSO_aao98Am42UGTUi4oADw81UpLSDccyQ1azcBYfGxncZIEL6E_bFJhvUA5K7RhA3FkqO5DHfG3LBw_kHSB04B0KNGbDJ1_QfVC5dQaDkjWJf3Vbr0w3HM35KSFmu_DouRAdZhgia8El3gED0XifVKTz4m4_HekzQ","e":"AQAB"},"attributes":{"enabled":true,"created":1566943622,"updated":1566943622,"recoveryLevel":"Recoverable+Purgeable"}}'}
    headers:
      cache-control: [no-cache]
      content-length: ['662']
      content-type: [application/json; charset=utf-8]
      date: ['Tue, 27 Aug 2019 22:07:01 GMT']
      expires: ['-1']
      pragma: [no-cache]
      server: [Microsoft-IIS/10.0]
      strict-transport-security: [max-age=31536000;includeSubDomains]
      x-aspnet-version: [4.0.30319]
      x-content-type-options: [nosniff]
      x-ms-keyvault-network-info: [addr=131.107.160.72;act_addr_fam=InterNetwork;]
      x-ms-keyvault-region: [westus]
      x-ms-keyvault-service-version: [1.1.0.876]
      x-powered-by: [ASP.NET]
    status: {code: 200, message: OK}
- request:
    body: null
    headers:
      Accept: [application/json]
      Accept-Encoding: ['gzip, deflate']
      Connection: [keep-alive]
      User-Agent: [azsdk-python-keyvault-keys/4.0.0b2 Python/3.6.6 (Windows-10-10.0.18362-SP0)]
    method: GET
    uri: https://vault1051159997110414cf.vault.azure.net/keys?api-version=7.0
  response:
    body: {string: '{"value":[{"kid":"https://vault1051159997110414cf.vault.azure.net/keys/key0","attributes":{"enabled":true,"created":1566943621,"updated":1566943621,"recoveryLevel":"Recoverable+Purgeable"}},{"kid":"https://vault1051159997110414cf.vault.azure.net/keys/key1","attributes":{"enabled":true,"created":1566943621,"updated":1566943621,"recoveryLevel":"Recoverable+Purgeable"}},{"kid":"https://vault1051159997110414cf.vault.azure.net/keys/key2","attributes":{"enabled":true,"created":1566943621,"updated":1566943621,"recoveryLevel":"Recoverable+Purgeable"}},{"kid":"https://vault1051159997110414cf.vault.azure.net/keys/key3","attributes":{"enabled":true,"created":1566943622,"updated":1566943622,"recoveryLevel":"Recoverable+Purgeable"}}],"nextLink":null}'}
    headers:
      cache-control: [no-cache]
      content-length: ['747']
      content-type: [application/json; charset=utf-8]
      date: ['Tue, 27 Aug 2019 22:07:01 GMT']
      expires: ['-1']
      pragma: [no-cache]
      server: [Microsoft-IIS/10.0]
      strict-transport-security: [max-age=31536000;includeSubDomains]
      x-aspnet-version: [4.0.30319]
      x-content-type-options: [nosniff]
      x-ms-keyvault-network-info: [addr=131.107.160.72;act_addr_fam=InterNetwork;]
      x-ms-keyvault-region: [westus]
      x-ms-keyvault-service-version: [1.1.0.876]
      x-powered-by: [ASP.NET]
    status: {code: 200, message: OK}
- request:
    body: null
    headers:
      Accept: [application/json]
      Accept-Encoding: ['gzip, deflate']
      Connection: [keep-alive]
      User-Agent: [azsdk-python-keyvault-keys/4.0.0b2 Python/3.6.6 (Windows-10-10.0.18362-SP0)]
    method: GET
    uri: https://vault1051159997110414cf.vault.azure.net/keys/key-name/versions?api-version=7.0
  response:
    body: {string: '{"value":[],"nextLink":null}'}
    headers:
      cache-control: [no-cache]
      content-length: ['28']
      content-type: [application/json; charset=utf-8]
      date: ['Tue, 27 Aug 2019 22:07:01 GMT']
      expires: ['-1']
      pragma: [no-cache]
      server: [Microsoft-IIS/10.0]
      strict-transport-security: [max-age=31536000;includeSubDomains]
      x-aspnet-version: [4.0.30319]
      x-content-type-options: [nosniff]
      x-ms-keyvault-network-info: [addr=131.107.160.72;act_addr_fam=InterNetwork;]
      x-ms-keyvault-region: [westus]
      x-ms-keyvault-service-version: [1.1.0.876]
      x-powered-by: [ASP.NET]
    status: {code: 200, message: OK}
- request:
    body: null
    headers:
      Accept: [application/json]
      Accept-Encoding: ['gzip, deflate']
      Connection: [keep-alive]
      User-Agent: [azsdk-python-keyvault-keys/4.0.0b2 Python/3.6.6 (Windows-10-10.0.18362-SP0)]
    method: GET
    uri: https://vault1051159997110414cf.vault.azure.net/deletedkeys?api-version=7.0
  response:
    body: {string: '{"value":[],"nextLink":null}'}
    headers:
      cache-control: [no-cache]
      content-length: ['28']
      content-type: [application/json; charset=utf-8]
      date: ['Tue, 27 Aug 2019 22:07:01 GMT']
      expires: ['-1']
      pragma: [no-cache]
      server: [Microsoft-IIS/10.0]
      strict-transport-security: [max-age=31536000;includeSubDomains]
      x-aspnet-version: [4.0.30319]
      x-content-type-options: [nosniff]
      x-ms-keyvault-network-info: [addr=131.107.160.72;act_addr_fam=InterNetwork;]
      x-ms-keyvault-region: [westus]
      x-ms-keyvault-service-version: [1.1.0.876]
      x-powered-by: [ASP.NET]
    status: {code: 200, message: OK}
version: 1
