interactions:
- request:
    body: null
    headers:
      Accept:
      - application/json
      Accept-Encoding:
      - gzip, deflate
      Connection:
      - keep-alive
      Content-Length:
      - '0'
      Content-Type:
      - application/json; charset=utf-8
      User-Agent:
      - azsdk-python-keyvault-keys/4.0.0b5 Python/3.6.6 (Windows-10-10.0.18362-SP0)
    method: POST
    uri: https://vault458ad70cc751c4108d.vault.azure.net/keys/crud-ec-key/create?api-version=7.0
  response:
    body:
      string: '{"error":{"code":"Unauthorized","message":"Request is missing a Bearer
        or PoP token."}}'
    headers:
      cache-control:
      - no-cache
      content-length:
      - '87'
      content-type:
      - application/json; charset=utf-8
      date:
      - Mon, 21 Oct 2019 22:54:32 GMT
      expires:
      - '-1'
      pragma:
      - no-cache
      server:
      - Microsoft-IIS/10.0
      strict-transport-security:
      - max-age=31536000;includeSubDomains
      www-authenticate:
      - Bearer authorization="https://login.windows.net/72f988bf-86f1-41af-91ab-2d7cd011db47",
        resource="https://vault.azure.net"
      x-aspnet-version:
      - 4.0.30319
      x-content-type-options:
      - nosniff
      x-ms-keyvault-network-info:
      - addr=131.107.160.72;act_addr_fam=InterNetwork;
      x-ms-keyvault-region:
      - westus
      x-ms-keyvault-service-version:
      - 1.1.0.879
      x-powered-by:
      - ASP.NET
    status:
      code: 401
      message: Unauthorized
- request:
    body: '{"kty": "EC-HSM", "attributes": {"enabled": true}, "tags": {"purpose":
      "unit test", "test name": "CreateECKeyTest"}}'
    headers:
      Accept:
      - application/json
      Accept-Encoding:
      - gzip, deflate
      Connection:
      - keep-alive
      Content-Length:
      - '116'
      Content-Type:
      - application/json; charset=utf-8
      User-Agent:
      - azsdk-python-keyvault-keys/4.0.0b5 Python/3.6.6 (Windows-10-10.0.18362-SP0)
    method: POST
    uri: https://vault458ad70cc751c4108d.vault.azure.net/keys/crud-ec-key/create?api-version=7.0
  response:
    body:
      string: '{"key":{"kid":"https://vault458ad70cc751c4108d.vault.azure.net/keys/crud-ec-key/a9a6f6e699ce4fcdbf58cd956f50f43d","kty":"EC-HSM","key_ops":["sign","verify"],"crv":"P-256","x":"ATZAc5UOA6srUQTEIjXqvmqR_juMJc5NxxYkd_4RLNM","y":"wnTMAY4-fcIfdVQ7aiftyQnhQ8khb0ZkPfoWOdU0j_s"},"attributes":{"enabled":true,"created":1571698474,"updated":1571698474,"recoveryLevel":"Recoverable+Purgeable"},"tags":{"purpose":"unit
        test","test name":"CreateECKeyTest"}}'
    headers:
      cache-control:
      - no-cache
      content-length:
      - '445'
      content-type:
      - application/json; charset=utf-8
      date:
      - Mon, 21 Oct 2019 22:54:34 GMT
      expires:
      - '-1'
      pragma:
      - no-cache
      server:
      - Microsoft-IIS/10.0
      strict-transport-security:
      - max-age=31536000;includeSubDomains
      x-aspnet-version:
      - 4.0.30319
      x-content-type-options:
      - nosniff
      x-ms-keyvault-network-info:
      - addr=131.107.160.72;act_addr_fam=InterNetwork;
      x-ms-keyvault-region:
      - westus
      x-ms-keyvault-service-version:
      - 1.1.0.879
      x-powered-by:
      - ASP.NET
    status:
      code: 200
      message: OK
- request:
    body: '{"kty": "EC", "crv": "P-256"}'
    headers:
      Accept:
      - application/json
      Accept-Encoding:
      - gzip, deflate
      Connection:
      - keep-alive
      Content-Length:
      - '29'
      Content-Type:
      - application/json; charset=utf-8
      User-Agent:
      - azsdk-python-keyvault-keys/4.0.0b5 Python/3.6.6 (Windows-10-10.0.18362-SP0)
    method: POST
    uri: https://vault458ad70cc751c4108d.vault.azure.net/keys/crud-P-256-ec-key/create?api-version=7.0
  response:
    body:
      string: '{"key":{"kid":"https://vault458ad70cc751c4108d.vault.azure.net/keys/crud-P-256-ec-key/cf25c66a20594117bc830a4c7b79e5e6","kty":"EC","key_ops":["sign","verify"],"crv":"P-256","x":"wJ-P9R3WIlapYmuFcUJXm3CWbjotdPoqRkmbYaDwtsA","y":"DyjF3QGrlieVhGHYkxmTX4l7BmIQihqzJqlmr0JXv2w"},"attributes":{"enabled":true,"created":1571698474,"updated":1571698474,"recoveryLevel":"Recoverable+Purgeable"}}'
    headers:
      cache-control:
      - no-cache
      content-length:
      - '386'
      content-type:
      - application/json; charset=utf-8
      date:
      - Mon, 21 Oct 2019 22:54:34 GMT
      expires:
      - '-1'
      pragma:
      - no-cache
      server:
      - Microsoft-IIS/10.0
      strict-transport-security:
      - max-age=31536000;includeSubDomains
      x-aspnet-version:
      - 4.0.30319
      x-content-type-options:
      - nosniff
      x-ms-keyvault-network-info:
      - addr=131.107.160.72;act_addr_fam=InterNetwork;
      x-ms-keyvault-region:
      - westus
      x-ms-keyvault-service-version:
      - 1.1.0.879
      x-powered-by:
      - ASP.NET
    status:
      code: 200
      message: OK
- request:
    body: '{"key": {"kty": "RSA", "key_ops": ["encrypt", "decrypt", "sign", "verify",
      "wrapKey", "unwrapKey"], "n": "AKCRTQAjSsaDshtMFdW-2Ie9yVnC5Xr1Suc06PAHINd10nXkVSB-N4TO62ClCkZV3XKnqU0nHo7o95WaZpym53W_DiO62umRtFKdl4UotL2QUh0y3SZWeWuoK2u_x2aMj17rUFN0f9GZMZ0pqEQNCPRBLVJ_-TEe2nGCWSC0exxGsRqz6R1zFkB-icfzQPe4WjQELOUXQ7J9RxhAPTTHtDivYYG-BeTRHrmF04JT1_6b9T_C8bAC0i0teT-nmlBLarQtBJKATXBx1yegbPOoiTqlQrFQP4MrKWNxtnB9Tcbjcvj-Z9je0ckI_eRc4DvAhqcUh_p15Dqg4GeaoNIO_jU",
      "e": "AQAB", "d": "Ynx9JGaBSP4iUsf6ZJ6opantRNdcdmzaQrKbZg6ZQE8Ohi1FYabJWvaoPSE-CiJEsDzShXZHMhUHN4X7Bn8BXaGQhK3p9HXgiwQKmix7oAJTu4ElUIyd8UC3UWHSZr40el4PaQD-HYu_eMzCXus34MnRiNbh_BUWm6T-Eidhk9d3kNIyaSi9YNDQHW6tjWrEhhq63O7JU1j9ZonFChZxpKk20jdkQKQURVAdpOdL-5j4I70ZxFuU6wHZj8DS8oRQfwGOvZKbgYDb5jgf3UNL_7eACqq92XPVX56vm7iKbqeyjCqAIx5y3hrSRIJtZlWCwjYnYQGd4unxDLi8wmJWSQ",
      "dp": "AMmhWb5yZcu6vJr8xJZ-t0_likxJRUMZAtEULaWZt2DgODj4y9JrZDJP6mvckzhQP0WXk2NuWbU2HR5pUeCN2wieG1B76VKoH76vfnaJDqT1NuJVBcP2SLHog3ffwZtMME5zjfygchG3kihqOSpwTQ9ETAqAJTkRC38fEhwAz_Cp",
      "dq": "AKC9TAo9n2RDaggjdLXK8kiLrBVoaWFTpqXkzYXRhtsx4vWPAkxhfSnze05rVMl6HiXv7FnE0f0wYawzUJzoyuXBH0zS6D9BqCZPeF543AmWB27iPf38Q9Z8Rjr6oBgMSnGDV_mm8nDVQkeaDyE4cOZh-5UKvKShTKKQVwunmDNH",
      "qi": "AJ_nrkLpK8BPzVeARkvSHQyKwMWZ-a8CD95qsKfn0dOZAvXY-2xhQYTEwbED-0bpTNEKbIpA-ZkaHygmnzJkNbbFAnb9pkkzU8ZQqDP3JNgMfVIroWx58Oth9nJza2j7i-MkPRCUPEq3Ao0J52z7WJIiLji8TTVYW_NaiM1oxzsH",
      "p": "ANHerI1o3dLB_VLVmZZVss8VZSYN5SaeQ_0qhfOSgOFwj__waCFmy2EG7l6l6f_Z-Y0L7Mn_LNov68lyWSFa2EuQUeVj4UoFHc5Di8ZUGiSsTwFM-XMtNuv8HmGgDYLL5BIJD3eTz71LdgW-Ez38OZH34b7VeG8zfeUDb8Hi30zz",
      "q": "AMPcZrZBqbc82DO8Q5zTT8ZXRGWrW36KktMllaIk1W2RHnRiQiW0jBWmcCgqUcQNHa1LwumjyNqwx28QBS37BTvG7ULGUoio6LrOeoiBGEMj-U19sX6m37plEhj5Mak7j3OPPY_T9rohjTW5aGGg9YSwq4jdz0RrmBX00ofYOjI3"}}'
    headers:
      Accept:
      - application/json
      Accept-Encoding:
      - gzip, deflate
      Connection:
      - keep-alive
      Content-Length:
      - '1724'
      Content-Type:
      - application/json; charset=utf-8
      User-Agent:
      - azsdk-python-keyvault-keys/4.0.0b5 Python/3.6.6 (Windows-10-10.0.18362-SP0)
    method: PUT
    uri: https://vault458ad70cc751c4108d.vault.azure.net/keys/import-test-key?api-version=7.0
  response:
    body:
      string: '{"key":{"kid":"https://vault458ad70cc751c4108d.vault.azure.net/keys/import-test-key/9cfe4e3cc180404fa9991e7e743feee3","kty":"RSA","key_ops":["encrypt","decrypt","sign","verify","wrapKey","unwrapKey"],"n":"AKCRTQAjSsaDshtMFdW-2Ie9yVnC5Xr1Suc06PAHINd10nXkVSB-N4TO62ClCkZV3XKnqU0nHo7o95WaZpym53W_DiO62umRtFKdl4UotL2QUh0y3SZWeWuoK2u_x2aMj17rUFN0f9GZMZ0pqEQNCPRBLVJ_-TEe2nGCWSC0exxGsRqz6R1zFkB-icfzQPe4WjQELOUXQ7J9RxhAPTTHtDivYYG-BeTRHrmF04JT1_6b9T_C8bAC0i0teT-nmlBLarQtBJKATXBx1yegbPOoiTqlQrFQP4MrKWNxtnB9Tcbjcvj-Z9je0ckI_eRc4DvAhqcUh_p15Dqg4GeaoNIO_jU","e":"AQAB"},"attributes":{"enabled":true,"created":1571698475,"updated":1571698475,"recoveryLevel":"Recoverable+Purgeable"}}'
    headers:
      cache-control:
      - no-cache
      content-length:
      - '674'
      content-type:
      - application/json; charset=utf-8
      date:
      - Mon, 21 Oct 2019 22:54:35 GMT
      expires:
      - '-1'
      pragma:
      - no-cache
      server:
      - Microsoft-IIS/10.0
      strict-transport-security:
      - max-age=31536000;includeSubDomains
      x-aspnet-version:
      - 4.0.30319
      x-content-type-options:
      - nosniff
      x-ms-keyvault-network-info:
      - addr=131.107.160.72;act_addr_fam=InterNetwork;
      x-ms-keyvault-region:
      - westus
      x-ms-keyvault-service-version:
      - 1.1.0.879
      x-powered-by:
      - ASP.NET
    status:
      code: 200
      message: OK
- request:
    body: '{"kty": "RSA", "key_size": 2048, "key_ops": ["encrypt", "decrypt", "sign",
      "verify", "wrapKey", "unwrapKey"], "tags": {"purpose": "unit test", "test name
      ": "CreateRSAKeyTest"}}'
    headers:
      Accept:
      - application/json
      Accept-Encoding:
      - gzip, deflate
      Connection:
      - keep-alive
      Content-Length:
      - '177'
      Content-Type:
      - application/json; charset=utf-8
      User-Agent:
      - azsdk-python-keyvault-keys/4.0.0b5 Python/3.6.6 (Windows-10-10.0.18362-SP0)
    method: POST
    uri: https://vault458ad70cc751c4108d.vault.azure.net/keys/crud-rsa-key/create?api-version=7.0
  response:
    body:
      string: '{"key":{"kid":"https://vault458ad70cc751c4108d.vault.azure.net/keys/crud-rsa-key/92b731984d00464ca90a32a67b4951b8","kty":"RSA","key_ops":["encrypt","decrypt","sign","verify","wrapKey","unwrapKey"],"n":"vjOGpuY6BX8ufqJGfAVrCXH-Qr5h0dp9KV0b4E-6CkIZmMPIs1CJyK9McLGQXu_nVWM-7mYyhEhBcNHIfTfaL22XZc_qHb_PbeKnk8gVaoCKlug2y3BEw9YiVFUm62hFvZx-xLssEvh0rgs-2U81lsv-0i43U8RRbsFWc631_fKcAmkpoI2U2qWhK55FHdnpvcX5nmDxe4vvx2RuM8364PLAXn7icTeLcRbhUWr6QhXYWmkBYj3-tRJNchlmyNK6ku0pmFRONcO2g6IC9Y1nF6Z9RQdZI-jzxcDg-ZB9YVo5Wt3jvXGjEmCDPfwf8eIAKvovcGsq7GZFNM-0LWKxNQ","e":"AQAB"},"attributes":{"enabled":true,"created":1571698475,"updated":1571698475,"recoveryLevel":"Recoverable+Purgeable"},"tags":{"purpose":"unit
        test","test name ":"CreateRSAKeyTest"}}'
    headers:
      cache-control:
      - no-cache
      content-length:
      - '733'
      content-type:
      - application/json; charset=utf-8
      date:
      - Mon, 21 Oct 2019 22:54:35 GMT
      expires:
      - '-1'
      pragma:
      - no-cache
      server:
      - Microsoft-IIS/10.0
      strict-transport-security:
      - max-age=31536000;includeSubDomains
      x-aspnet-version:
      - 4.0.30319
      x-content-type-options:
      - nosniff
      x-ms-keyvault-network-info:
      - addr=131.107.160.72;act_addr_fam=InterNetwork;
      x-ms-keyvault-region:
      - westus
      x-ms-keyvault-service-version:
      - 1.1.0.879
      x-powered-by:
      - ASP.NET
    status:
      code: 200
      message: OK
- request:
    body: null
    headers:
      Accept:
      - application/json
      Accept-Encoding:
      - gzip, deflate
      Connection:
      - keep-alive
      User-Agent:
      - azsdk-python-keyvault-keys/4.0.0b5 Python/3.6.6 (Windows-10-10.0.18362-SP0)
    method: GET
    uri: https://vault458ad70cc751c4108d.vault.azure.net/keys/crud-rsa-key/92b731984d00464ca90a32a67b4951b8?api-version=7.0
  response:
    body:
      string: '{"key":{"kid":"https://vault458ad70cc751c4108d.vault.azure.net/keys/crud-rsa-key/92b731984d00464ca90a32a67b4951b8","kty":"RSA","key_ops":["encrypt","decrypt","sign","verify","wrapKey","unwrapKey"],"n":"vjOGpuY6BX8ufqJGfAVrCXH-Qr5h0dp9KV0b4E-6CkIZmMPIs1CJyK9McLGQXu_nVWM-7mYyhEhBcNHIfTfaL22XZc_qHb_PbeKnk8gVaoCKlug2y3BEw9YiVFUm62hFvZx-xLssEvh0rgs-2U81lsv-0i43U8RRbsFWc631_fKcAmkpoI2U2qWhK55FHdnpvcX5nmDxe4vvx2RuM8364PLAXn7icTeLcRbhUWr6QhXYWmkBYj3-tRJNchlmyNK6ku0pmFRONcO2g6IC9Y1nF6Z9RQdZI-jzxcDg-ZB9YVo5Wt3jvXGjEmCDPfwf8eIAKvovcGsq7GZFNM-0LWKxNQ","e":"AQAB"},"attributes":{"enabled":true,"created":1571698475,"updated":1571698475,"recoveryLevel":"Recoverable+Purgeable"},"tags":{"purpose":"unit
        test","test name ":"CreateRSAKeyTest"}}'
    headers:
      cache-control:
      - no-cache
      content-length:
      - '733'
      content-type:
      - application/json; charset=utf-8
      date:
      - Mon, 21 Oct 2019 22:54:35 GMT
      expires:
      - '-1'
      pragma:
      - no-cache
      server:
      - Microsoft-IIS/10.0
      strict-transport-security:
      - max-age=31536000;includeSubDomains
      x-aspnet-version:
      - 4.0.30319
      x-content-type-options:
      - nosniff
      x-ms-keyvault-network-info:
      - addr=131.107.160.72;act_addr_fam=InterNetwork;
      x-ms-keyvault-region:
      - westus
      x-ms-keyvault-service-version:
      - 1.1.0.879
      x-powered-by:
      - ASP.NET
    status:
      code: 200
      message: OK
- request:
    body: null
    headers:
      Accept:
      - application/json
      Accept-Encoding:
      - gzip, deflate
      Connection:
      - keep-alive
      User-Agent:
      - azsdk-python-keyvault-keys/4.0.0b5 Python/3.6.6 (Windows-10-10.0.18362-SP0)
    method: GET
    uri: https://vault458ad70cc751c4108d.vault.azure.net/keys/crud-rsa-key/?api-version=7.0
  response:
    body:
      string: '{"key":{"kid":"https://vault458ad70cc751c4108d.vault.azure.net/keys/crud-rsa-key/92b731984d00464ca90a32a67b4951b8","kty":"RSA","key_ops":["encrypt","decrypt","sign","verify","wrapKey","unwrapKey"],"n":"vjOGpuY6BX8ufqJGfAVrCXH-Qr5h0dp9KV0b4E-6CkIZmMPIs1CJyK9McLGQXu_nVWM-7mYyhEhBcNHIfTfaL22XZc_qHb_PbeKnk8gVaoCKlug2y3BEw9YiVFUm62hFvZx-xLssEvh0rgs-2U81lsv-0i43U8RRbsFWc631_fKcAmkpoI2U2qWhK55FHdnpvcX5nmDxe4vvx2RuM8364PLAXn7icTeLcRbhUWr6QhXYWmkBYj3-tRJNchlmyNK6ku0pmFRONcO2g6IC9Y1nF6Z9RQdZI-jzxcDg-ZB9YVo5Wt3jvXGjEmCDPfwf8eIAKvovcGsq7GZFNM-0LWKxNQ","e":"AQAB"},"attributes":{"enabled":true,"created":1571698475,"updated":1571698475,"recoveryLevel":"Recoverable+Purgeable"},"tags":{"purpose":"unit
        test","test name ":"CreateRSAKeyTest"}}'
    headers:
      cache-control:
      - no-cache
      content-length:
      - '733'
      content-type:
      - application/json; charset=utf-8
      date:
      - Mon, 21 Oct 2019 22:54:35 GMT
      expires:
      - '-1'
      pragma:
      - no-cache
      server:
      - Microsoft-IIS/10.0
      strict-transport-security:
      - max-age=31536000;includeSubDomains
      x-aspnet-version:
      - 4.0.30319
      x-content-type-options:
      - nosniff
      x-ms-keyvault-network-info:
      - addr=131.107.160.72;act_addr_fam=InterNetwork;
      x-ms-keyvault-region:
      - westus
      x-ms-keyvault-service-version:
      - 1.1.0.879
      x-powered-by:
      - ASP.NET
    status:
      code: 200
      message: OK
- request:
    body: '{"key_ops": ["decrypt", "encrypt"], "attributes": {"exp": 2524723200},
      "tags": {"foo": "updated tag"}}'
    headers:
      Accept:
      - application/json
      Accept-Encoding:
      - gzip, deflate
      Connection:
      - keep-alive
      Content-Length:
      - '102'
      Content-Type:
      - application/json; charset=utf-8
      User-Agent:
      - azsdk-python-keyvault-keys/4.0.0b5 Python/3.6.6 (Windows-10-10.0.18362-SP0)
    method: PATCH
    uri: https://vault458ad70cc751c4108d.vault.azure.net/keys/crud-rsa-key/?api-version=7.0
  response:
    body:
      string: '{"key":{"kid":"https://vault458ad70cc751c4108d.vault.azure.net/keys/crud-rsa-key/92b731984d00464ca90a32a67b4951b8","kty":"RSA","key_ops":["decrypt","encrypt"],"n":"vjOGpuY6BX8ufqJGfAVrCXH-Qr5h0dp9KV0b4E-6CkIZmMPIs1CJyK9McLGQXu_nVWM-7mYyhEhBcNHIfTfaL22XZc_qHb_PbeKnk8gVaoCKlug2y3BEw9YiVFUm62hFvZx-xLssEvh0rgs-2U81lsv-0i43U8RRbsFWc631_fKcAmkpoI2U2qWhK55FHdnpvcX5nmDxe4vvx2RuM8364PLAXn7icTeLcRbhUWr6QhXYWmkBYj3-tRJNchlmyNK6ku0pmFRONcO2g6IC9Y1nF6Z9RQdZI-jzxcDg-ZB9YVo5Wt3jvXGjEmCDPfwf8eIAKvovcGsq7GZFNM-0LWKxNQ","e":"AQAB"},"attributes":{"enabled":true,"exp":2524723200,"created":1571698475,"updated":1571698476,"recoveryLevel":"Recoverable+Purgeable"},"tags":{"foo":"updated
        tag"}}'
    headers:
      cache-control:
      - no-cache
      content-length:
      - '678'
      content-type:
      - application/json; charset=utf-8
      date:
      - Mon, 21 Oct 2019 22:54:36 GMT
      expires:
      - '-1'
      pragma:
      - no-cache
      server:
      - Microsoft-IIS/10.0
      strict-transport-security:
      - max-age=31536000;includeSubDomains
      x-aspnet-version:
      - 4.0.30319
      x-content-type-options:
      - nosniff
      x-ms-keyvault-network-info:
      - addr=131.107.160.72;act_addr_fam=InterNetwork;
      x-ms-keyvault-region:
      - westus
      x-ms-keyvault-service-version:
      - 1.1.0.879
      x-powered-by:
      - ASP.NET
    status:
      code: 200
      message: OK
- request:
    body: null
    headers:
      Accept:
      - application/json
      Accept-Encoding:
      - gzip, deflate
      Connection:
      - keep-alive
      Content-Length:
      - '0'
      User-Agent:
      - azsdk-python-keyvault-keys/4.0.0b5 Python/3.6.6 (Windows-10-10.0.18362-SP0)
    method: DELETE
    uri: https://vault458ad70cc751c4108d.vault.azure.net/keys/crud-rsa-key?api-version=7.0
  response:
    body:
      string: '{"recoveryId":"https://vault458ad70cc751c4108d.vault.azure.net/deletedkeys/crud-rsa-key","deletedDate":1571698476,"scheduledPurgeDate":1579474476,"key":{"kid":"https://vault458ad70cc751c4108d.vault.azure.net/keys/crud-rsa-key/92b731984d00464ca90a32a67b4951b8","kty":"RSA","key_ops":["decrypt","encrypt"],"n":"vjOGpuY6BX8ufqJGfAVrCXH-Qr5h0dp9KV0b4E-6CkIZmMPIs1CJyK9McLGQXu_nVWM-7mYyhEhBcNHIfTfaL22XZc_qHb_PbeKnk8gVaoCKlug2y3BEw9YiVFUm62hFvZx-xLssEvh0rgs-2U81lsv-0i43U8RRbsFWc631_fKcAmkpoI2U2qWhK55FHdnpvcX5nmDxe4vvx2RuM8364PLAXn7icTeLcRbhUWr6QhXYWmkBYj3-tRJNchlmyNK6ku0pmFRONcO2g6IC9Y1nF6Z9RQdZI-jzxcDg-ZB9YVo5Wt3jvXGjEmCDPfwf8eIAKvovcGsq7GZFNM-0LWKxNQ","e":"AQAB"},"attributes":{"enabled":true,"exp":2524723200,"created":1571698475,"updated":1571698476,"recoveryLevel":"Recoverable+Purgeable"},"tags":{"foo":"updated
        tag"}}'
    headers:
      cache-control:
      - no-cache
      content-length:
      - '823'
      content-type:
      - application/json; charset=utf-8
      date:
      - Mon, 21 Oct 2019 22:54:36 GMT
      expires:
      - '-1'
      pragma:
      - no-cache
      server:
      - Microsoft-IIS/10.0
      strict-transport-security:
      - max-age=31536000;includeSubDomains
      x-aspnet-version:
      - 4.0.30319
      x-content-type-options:
      - nosniff
      x-ms-keyvault-network-info:
      - addr=131.107.160.72;act_addr_fam=InterNetwork;
      x-ms-keyvault-region:
      - westus
      x-ms-keyvault-service-version:
      - 1.1.0.879
      x-powered-by:
      - ASP.NET
    status:
      code: 200
      message: OK
- request:
    body: null
    headers:
      Accept:
      - application/json
      Accept-Encoding:
      - gzip, deflate
      Connection:
      - keep-alive
      User-Agent:
      - azsdk-python-keyvault-keys/4.0.0b5 Python/3.6.6 (Windows-10-10.0.18362-SP0)
    method: GET
    uri: https://vault458ad70cc751c4108d.vault.azure.net/deletedkeys/crud-rsa-key?api-version=7.0
  response:
    body:
      string: '{"error":{"code":"KeyNotFound","message":"Deleted Key not found: crud-rsa-key"}}'
    headers:
      cache-control:
      - no-cache
      content-length:
      - '80'
      content-type:
      - application/json; charset=utf-8
      date:
      - Mon, 21 Oct 2019 22:54:36 GMT
      expires:
      - '-1'
      pragma:
      - no-cache
      server:
      - Microsoft-IIS/10.0
      strict-transport-security:
      - max-age=31536000;includeSubDomains
      x-aspnet-version:
      - 4.0.30319
      x-content-type-options:
      - nosniff
      x-ms-keyvault-network-info:
      - addr=131.107.160.72;act_addr_fam=InterNetwork;
      x-ms-keyvault-region:
      - westus
      x-ms-keyvault-service-version:
      - 1.1.0.879
      x-powered-by:
      - ASP.NET
    status:
      code: 404
      message: Not Found
- request:
    body: null
    headers:
      Accept:
      - application/json
      Accept-Encoding:
      - gzip, deflate
      Connection:
      - keep-alive
      User-Agent:
      - azsdk-python-keyvault-keys/4.0.0b5 Python/3.6.6 (Windows-10-10.0.18362-SP0)
    method: GET
    uri: https://vault458ad70cc751c4108d.vault.azure.net/deletedkeys/crud-rsa-key?api-version=7.0
  response:
    body:
      string: '{"error":{"code":"KeyNotFound","message":"Deleted Key not found: crud-rsa-key"}}'
    headers:
      cache-control:
      - no-cache
      content-length:
      - '80'
      content-type:
      - application/json; charset=utf-8
      date:
      - Mon, 21 Oct 2019 22:54:39 GMT
      expires:
      - '-1'
      pragma:
      - no-cache
      server:
      - Microsoft-IIS/10.0
      strict-transport-security:
      - max-age=31536000;includeSubDomains
      x-aspnet-version:
      - 4.0.30319
      x-content-type-options:
      - nosniff
      x-ms-keyvault-network-info:
      - addr=131.107.160.72;act_addr_fam=InterNetwork;
      x-ms-keyvault-region:
      - westus
      x-ms-keyvault-service-version:
      - 1.1.0.879
      x-powered-by:
      - ASP.NET
    status:
      code: 404
      message: Not Found
- request:
    body: null
    headers:
      Accept:
      - application/json
      Accept-Encoding:
      - gzip, deflate
      Connection:
      - keep-alive
      User-Agent:
      - azsdk-python-keyvault-keys/4.0.0b5 Python/3.6.6 (Windows-10-10.0.18362-SP0)
    method: GET
    uri: https://vault458ad70cc751c4108d.vault.azure.net/deletedkeys/crud-rsa-key?api-version=7.0
  response:
    body:
      string: '{"error":{"code":"KeyNotFound","message":"Deleted Key not found: crud-rsa-key"}}'
    headers:
      cache-control:
      - no-cache
      content-length:
      - '80'
      content-type:
      - application/json; charset=utf-8
      date:
      - Mon, 21 Oct 2019 22:54:42 GMT
      expires:
      - '-1'
      pragma:
      - no-cache
      server:
      - Microsoft-IIS/10.0
      strict-transport-security:
      - max-age=31536000;includeSubDomains
      x-aspnet-version:
      - 4.0.30319
      x-content-type-options:
      - nosniff
      x-ms-keyvault-network-info:
      - addr=131.107.160.72;act_addr_fam=InterNetwork;
      x-ms-keyvault-region:
      - westus
      x-ms-keyvault-service-version:
      - 1.1.0.879
      x-powered-by:
      - ASP.NET
    status:
      code: 404
      message: Not Found
- request:
    body: null
    headers:
      Accept:
      - application/json
      Accept-Encoding:
      - gzip, deflate
      Connection:
      - keep-alive
      User-Agent:
      - azsdk-python-keyvault-keys/4.0.0b5 Python/3.6.6 (Windows-10-10.0.18362-SP0)
    method: GET
    uri: https://vault458ad70cc751c4108d.vault.azure.net/deletedkeys/crud-rsa-key?api-version=7.0
  response:
    body:
      string: '{"error":{"code":"KeyNotFound","message":"Deleted Key not found: crud-rsa-key"}}'
    headers:
      cache-control:
      - no-cache
      content-length:
      - '80'
      content-type:
      - application/json; charset=utf-8
      date:
      - Mon, 21 Oct 2019 22:54:45 GMT
      expires:
      - '-1'
      pragma:
      - no-cache
      server:
      - Microsoft-IIS/10.0
      strict-transport-security:
      - max-age=31536000;includeSubDomains
      x-aspnet-version:
      - 4.0.30319
      x-content-type-options:
      - nosniff
      x-ms-keyvault-network-info:
      - addr=131.107.160.72;act_addr_fam=InterNetwork;
      x-ms-keyvault-region:
      - westus
      x-ms-keyvault-service-version:
      - 1.1.0.879
      x-powered-by:
      - ASP.NET
    status:
      code: 404
      message: Not Found
- request:
    body: null
    headers:
      Accept:
      - application/json
      Accept-Encoding:
      - gzip, deflate
      Connection:
      - keep-alive
      User-Agent:
      - azsdk-python-keyvault-keys/4.0.0b5 Python/3.6.6 (Windows-10-10.0.18362-SP0)
    method: GET
    uri: https://vault458ad70cc751c4108d.vault.azure.net/deletedkeys/crud-rsa-key?api-version=7.0
  response:
    body:
      string: '{"error":{"code":"KeyNotFound","message":"Deleted Key not found: crud-rsa-key"}}'
    headers:
      cache-control:
      - no-cache
      content-length:
      - '80'
      content-type:
      - application/json; charset=utf-8
      date:
      - Mon, 21 Oct 2019 22:54:48 GMT
      expires:
      - '-1'
      pragma:
      - no-cache
      server:
      - Microsoft-IIS/10.0
      strict-transport-security:
      - max-age=31536000;includeSubDomains
      x-aspnet-version:
      - 4.0.30319
      x-content-type-options:
      - nosniff
      x-ms-keyvault-network-info:
      - addr=131.107.160.72;act_addr_fam=InterNetwork;
      x-ms-keyvault-region:
      - westus
      x-ms-keyvault-service-version:
      - 1.1.0.879
      x-powered-by:
      - ASP.NET
    status:
      code: 404
      message: Not Found
- request:
    body: null
    headers:
      Accept:
      - application/json
      Accept-Encoding:
      - gzip, deflate
      Connection:
      - keep-alive
      User-Agent:
      - azsdk-python-keyvault-keys/4.0.0b5 Python/3.6.6 (Windows-10-10.0.18362-SP0)
    method: GET
    uri: https://vault458ad70cc751c4108d.vault.azure.net/deletedkeys/crud-rsa-key?api-version=7.0
  response:
    body:
      string: '{"error":{"code":"KeyNotFound","message":"Deleted Key not found: crud-rsa-key"}}'
    headers:
      cache-control:
      - no-cache
      content-length:
      - '80'
      content-type:
      - application/json; charset=utf-8
      date:
      - Mon, 21 Oct 2019 22:54:51 GMT
      expires:
      - '-1'
      pragma:
      - no-cache
      server:
      - Microsoft-IIS/10.0
      strict-transport-security:
      - max-age=31536000;includeSubDomains
      x-aspnet-version:
      - 4.0.30319
      x-content-type-options:
      - nosniff
      x-ms-keyvault-network-info:
      - addr=131.107.160.72;act_addr_fam=InterNetwork;
      x-ms-keyvault-region:
      - westus
      x-ms-keyvault-service-version:
      - 1.1.0.879
      x-powered-by:
      - ASP.NET
    status:
      code: 404
      message: Not Found
- request:
    body: null
    headers:
      Accept:
      - application/json
      Accept-Encoding:
      - gzip, deflate
      Connection:
      - keep-alive
      User-Agent:
      - azsdk-python-keyvault-keys/4.0.0b5 Python/3.6.6 (Windows-10-10.0.18362-SP0)
    method: GET
    uri: https://vault458ad70cc751c4108d.vault.azure.net/deletedkeys/crud-rsa-key?api-version=7.0
  response:
    body:
      string: '{"error":{"code":"KeyNotFound","message":"Deleted Key not found: crud-rsa-key"}}'
    headers:
      cache-control:
      - no-cache
      content-length:
      - '80'
      content-type:
      - application/json; charset=utf-8
      date:
      - Mon, 21 Oct 2019 22:54:54 GMT
      expires:
      - '-1'
      pragma:
      - no-cache
      server:
      - Microsoft-IIS/10.0
      strict-transport-security:
      - max-age=31536000;includeSubDomains
      x-aspnet-version:
      - 4.0.30319
      x-content-type-options:
      - nosniff
      x-ms-keyvault-network-info:
      - addr=131.107.160.72;act_addr_fam=InterNetwork;
      x-ms-keyvault-region:
      - westus
      x-ms-keyvault-service-version:
      - 1.1.0.879
      x-powered-by:
      - ASP.NET
    status:
      code: 404
      message: Not Found
- request:
    body: null
    headers:
      Accept:
      - application/json
      Accept-Encoding:
      - gzip, deflate
      Connection:
      - keep-alive
      User-Agent:
      - azsdk-python-keyvault-keys/4.0.0b5 Python/3.6.6 (Windows-10-10.0.18362-SP0)
    method: GET
    uri: https://vault458ad70cc751c4108d.vault.azure.net/deletedkeys/crud-rsa-key?api-version=7.0
  response:
    body:
      string: '{"recoveryId":"https://vault458ad70cc751c4108d.vault.azure.net/deletedkeys/crud-rsa-key","deletedDate":1571698476,"scheduledPurgeDate":1579474476,"key":{"kid":"https://vault458ad70cc751c4108d.vault.azure.net/keys/crud-rsa-key/92b731984d00464ca90a32a67b4951b8","kty":"RSA","key_ops":["decrypt","encrypt"],"n":"vjOGpuY6BX8ufqJGfAVrCXH-Qr5h0dp9KV0b4E-6CkIZmMPIs1CJyK9McLGQXu_nVWM-7mYyhEhBcNHIfTfaL22XZc_qHb_PbeKnk8gVaoCKlug2y3BEw9YiVFUm62hFvZx-xLssEvh0rgs-2U81lsv-0i43U8RRbsFWc631_fKcAmkpoI2U2qWhK55FHdnpvcX5nmDxe4vvx2RuM8364PLAXn7icTeLcRbhUWr6QhXYWmkBYj3-tRJNchlmyNK6ku0pmFRONcO2g6IC9Y1nF6Z9RQdZI-jzxcDg-ZB9YVo5Wt3jvXGjEmCDPfwf8eIAKvovcGsq7GZFNM-0LWKxNQ","e":"AQAB"},"attributes":{"enabled":true,"exp":2524723200,"created":1571698475,"updated":1571698476,"recoveryLevel":"Recoverable+Purgeable"},"tags":{"foo":"updated
        tag"}}'
    headers:
      cache-control:
      - no-cache
      content-length:
      - '823'
      content-type:
      - application/json; charset=utf-8
      date:
      - Mon, 21 Oct 2019 22:54:57 GMT
      expires:
      - '-1'
      pragma:
      - no-cache
      server:
      - Microsoft-IIS/10.0
      strict-transport-security:
      - max-age=31536000;includeSubDomains
      x-aspnet-version:
      - 4.0.30319
      x-content-type-options:
      - nosniff
      x-ms-keyvault-network-info:
      - addr=131.107.160.72;act_addr_fam=InterNetwork;
      x-ms-keyvault-region:
      - westus
      x-ms-keyvault-service-version:
      - 1.1.0.879
      x-powered-by:
      - ASP.NET
    status:
      code: 200
      message: OK
- request:
    body: null
    headers:
      Accept:
      - application/json
      Accept-Encoding:
      - gzip, deflate
      Connection:
      - keep-alive
      User-Agent:
      - azsdk-python-keyvault-keys/4.0.0b5 Python/3.6.6 (Windows-10-10.0.18362-SP0)
    method: GET
    uri: https://vault458ad70cc751c4108d.vault.azure.net/deletedkeys/crud-rsa-key?api-version=7.0
  response:
    body:
      string: '{"recoveryId":"https://vault458ad70cc751c4108d.vault.azure.net/deletedkeys/crud-rsa-key","deletedDate":1571698476,"scheduledPurgeDate":1579474476,"key":{"kid":"https://vault458ad70cc751c4108d.vault.azure.net/keys/crud-rsa-key/92b731984d00464ca90a32a67b4951b8","kty":"RSA","key_ops":["decrypt","encrypt"],"n":"vjOGpuY6BX8ufqJGfAVrCXH-Qr5h0dp9KV0b4E-6CkIZmMPIs1CJyK9McLGQXu_nVWM-7mYyhEhBcNHIfTfaL22XZc_qHb_PbeKnk8gVaoCKlug2y3BEw9YiVFUm62hFvZx-xLssEvh0rgs-2U81lsv-0i43U8RRbsFWc631_fKcAmkpoI2U2qWhK55FHdnpvcX5nmDxe4vvx2RuM8364PLAXn7icTeLcRbhUWr6QhXYWmkBYj3-tRJNchlmyNK6ku0pmFRONcO2g6IC9Y1nF6Z9RQdZI-jzxcDg-ZB9YVo5Wt3jvXGjEmCDPfwf8eIAKvovcGsq7GZFNM-0LWKxNQ","e":"AQAB"},"attributes":{"enabled":true,"exp":2524723200,"created":1571698475,"updated":1571698476,"recoveryLevel":"Recoverable+Purgeable"},"tags":{"foo":"updated
        tag"}}'
    headers:
      cache-control:
      - no-cache
      content-length:
      - '823'
      content-type:
      - application/json; charset=utf-8
      date:
      - Mon, 21 Oct 2019 22:54:57 GMT
      expires:
      - '-1'
      pragma:
      - no-cache
      server:
      - Microsoft-IIS/10.0
      strict-transport-security:
      - max-age=31536000;includeSubDomains
      x-aspnet-version:
      - 4.0.30319
      x-content-type-options:
      - nosniff
      x-ms-keyvault-network-info:
      - addr=131.107.160.72;act_addr_fam=InterNetwork;
      x-ms-keyvault-region:
      - westus
      x-ms-keyvault-service-version:
      - 1.1.0.879
      x-powered-by:
      - ASP.NET
    status:
      code: 200
      message: OK
version: 1
