interactions:
- request:
    body: null
    headers:
      Accept:
      - application/json
      Content-Length:
      - '0'
      Content-Type:
      - application/json
      User-Agent:
      - azsdk-python-keyvault-keys/4.4.0b5 Python/3.5.3 (Windows-10-10.0.19041-SP0)
    method: POST
    uri: https://managedhsmname.managedhsm.azure.net/keys/livekvtestkeywrap2589194d/create?api-version=7.2-preview
  response:
    body:
      string: ''
    headers:
      cache-control: no-cache
      content-length: '0'
      content-security-policy: default-src 'self'
      content-type: application/json; charset=utf-8
      strict-transport-security: max-age=31536000; includeSubDomains
      www-authenticate: Bearer authorization="https://login.microsoftonline.com/72f988bf-86f1-41af-91ab-2d7cd011db47",
        resource="https://managedhsm.azure.net"
      x-content-type-options: nosniff
      x-frame-options: SAMEORIGIN
      x-ms-server-latency: '0'
    status:
      code: 401
      message: Unauthorized
    url: https://mcpatinotesthsm.managedhsm.azure.net/keys/livekvtestkeywrap2589194d/create?api-version=7.2-preview
- request:
    body: '{"kty": "RSA-HSM"}'
    headers:
      Accept:
      - application/json
      Content-Length:
      - '18'
      Content-Type:
      - application/json
      User-Agent:
      - azsdk-python-keyvault-keys/4.4.0b5 Python/3.5.3 (Windows-10-10.0.19041-SP0)
    method: POST
    uri: https://managedhsmname.managedhsm.azure.net/keys/livekvtestkeywrap2589194d/create?api-version=7.2-preview
  response:
    body:
      string: '{"attributes":{"created":1618865080,"enabled":true,"exportable":false,"recoverableDays":90,"recoveryLevel":"Recoverable+Purgeable","updated":1618865080},"key":{"e":"AQAB","key_ops":["wrapKey","decrypt","encrypt","unwrapKey","sign","verify"],"kid":"https://managedhsmname.managedhsm.azure.net/keys/livekvtestkeywrap2589194d/fc34739babc504f41a85270935fbe84a","kty":"RSA-HSM","n":"t4f7-kLRAdEIOouUGXvY8_XD1UNLLqKRqK6vGQctfSy0-CDryRjk4u16rbuC_eHj17I1ol5XMc5K8sKBqRGUkUgCwm0dvSq_iqDvolkVOHeSAKvkK1qzyJPDxZWQuNXoKT1qO1bhCJvgUHYZt0K5_SwhGcUxI_YWhqBLAX5zYVQWhr9vbZHDFGpHTE0x0an3xnybRByKmzaDMbyFgkwo0_AK4KgsqHGKCgmZF4RaF-Cd6fwdc6KfQsKd2Z9Um7s2lCqIdn8p7xM7Vu6wnDDSouvwaglXPhlug9JvtDRj_w4Umr43ttALXadolgd3TABaYv48emQ7hlW360g3XrY1Ow"}}'
    headers:
      cache-control: no-cache
      content-length: '724'
      content-security-policy: default-src 'self'
      content-type: application/json; charset=utf-8
      strict-transport-security: max-age=31536000; includeSubDomains
      x-content-type-options: nosniff
      x-frame-options: SAMEORIGIN
      x-ms-keyvault-network-info: conn_type=Ipv4;addr=172.92.159.124;act_addr_fam=Ipv4;
      x-ms-keyvault-region: eastus2
      x-ms-server-latency: '243'
    status:
      code: 200
      message: OK
    url: https://mcpatinotesthsm.managedhsm.azure.net/keys/livekvtestkeywrap2589194d/create?api-version=7.2-preview
- request:
    body: null
    headers:
      Accept:
      - application/json
      User-Agent:
      - azsdk-python-keyvault-keys/4.4.0b5 Python/3.5.3 (Windows-10-10.0.19041-SP0)
    method: GET
    uri: https://managedhsmname.managedhsm.azure.net/keys/livekvtestkeywrap2589194d/fc34739babc504f41a85270935fbe84a?api-version=7.2-preview
  response:
    body:
      string: '{"attributes":{"created":1618865080,"enabled":true,"exportable":false,"recoverableDays":90,"recoveryLevel":"Recoverable+Purgeable","updated":1618865080},"key":{"e":"AQAB","key_ops":["wrapKey","verify","sign","unwrapKey","encrypt","decrypt"],"kid":"https://managedhsmname.managedhsm.azure.net/keys/livekvtestkeywrap2589194d/fc34739babc504f41a85270935fbe84a","kty":"RSA-HSM","n":"t4f7-kLRAdEIOouUGXvY8_XD1UNLLqKRqK6vGQctfSy0-CDryRjk4u16rbuC_eHj17I1ol5XMc5K8sKBqRGUkUgCwm0dvSq_iqDvolkVOHeSAKvkK1qzyJPDxZWQuNXoKT1qO1bhCJvgUHYZt0K5_SwhGcUxI_YWhqBLAX5zYVQWhr9vbZHDFGpHTE0x0an3xnybRByKmzaDMbyFgkwo0_AK4KgsqHGKCgmZF4RaF-Cd6fwdc6KfQsKd2Z9Um7s2lCqIdn8p7xM7Vu6wnDDSouvwaglXPhlug9JvtDRj_w4Umr43ttALXadolgd3TABaYv48emQ7hlW360g3XrY1Ow"}}'
    headers:
      cache-control: no-cache
      content-length: '724'
      content-security-policy: default-src 'self'
      content-type: application/json; charset=utf-8
      strict-transport-security: max-age=31536000; includeSubDomains
      x-content-type-options: nosniff
      x-frame-options: SAMEORIGIN
      x-ms-build-version: 1.0.20210407-3-27236ed1-develop
      x-ms-keyvault-network-info: conn_type=Ipv4;addr=172.92.159.124;act_addr_fam=Ipv4;
      x-ms-keyvault-region: eastus2
      x-ms-server-latency: '164'
    status:
      code: 200
      message: OK
    url: https://mcpatinotesthsm.managedhsm.azure.net/keys/livekvtestkeywrap2589194d/fc34739babc504f41a85270935fbe84a?api-version=7.2-preview
- request:
    body: '{"alg": "RSA-OAEP", "value": "fFKu-VutKuF7iWOVb_WLGijNlQz-spHFRkdhx8eOfPKzwyaAIHxiHpQV97pq1TtKgUEbwFoigNLuSVs9CBJPRDQYNLQgk0-1vdWePfT0_Ioy3kPXdCnEUQ1Yt_3EifZ1ub7B0C-ROcIgWMpoqaX6Mkxfg0DzPksiDHxdaCO3Rf8Tph0vyQpSWZzziHimqAqCPCTPcnK6Zb8Jk0GXWzVlJRRGOGUjLDS8Aek3zVj59NXlFaz6yu39mMlEcQVfCjikRaPwGjschmT9KUoHXqm2ezgpJrZTyv0OKArK_CXFfmmh0kU9SjoF5EWvNBMxJapCEWC11ave5C1lY1x2Sw13Og"}'
    headers:
      Accept:
      - application/json
      Content-Length:
      - '374'
      Content-Type:
      - application/json
      User-Agent:
      - azsdk-python-keyvault-keys/4.4.0b5 Python/3.5.3 (Windows-10-10.0.19041-SP0)
    method: POST
    uri: https://managedhsmname.managedhsm.azure.net/keys/livekvtestkeywrap2589194d/fc34739babc504f41a85270935fbe84a/unwrapkey?api-version=7.2-preview
  response:
    body:
      string: '{"alg":"RSA-OAEP","kid":"https://managedhsmname.managedhsm.azure.net/keys/livekvtestkeywrap2589194d/fc34739babc504f41a85270935fbe84a","value":"NTA2M2U2YWFhODQ1ZjE1MDIwMDU0Nzk0NGZkMTk5Njc5Yzk4ZWQ2Zjk5ZGEwYTBiMmRhZmVhZjFmNDY4NDQ5NmZkNTMyYzFjMjI5OTY4Y2I5ZGVlNDQ5NTdmY2VmN2NjZWY1OWNlZGEwYjM2MmU1NmJjZDc4ZmQzZmFlZTU3ODFjNjIzYzBiYjIyYjM1YmVhYmRlMDY2NGZkMzBlMGU4MjRhYmEzZGQxYjBhZmZmYzRhM2Q5NTVlZGUyMGNmNmE4NTRkNTJjZmQ"}'
    headers:
      cache-control: no-cache
      content-length: '413'
      content-security-policy: default-src 'self'
      content-type: application/json; charset=utf-8
      strict-transport-security: max-age=31536000; includeSubDomains
      x-content-type-options: nosniff
      x-frame-options: SAMEORIGIN
      x-ms-keyvault-network-info: conn_type=Ipv4;addr=172.92.159.124;act_addr_fam=Ipv4;
      x-ms-keyvault-region: eastus2
      x-ms-server-latency: '3'
    status:
      code: 200
      message: OK
    url: https://mcpatinotesthsm.managedhsm.azure.net/keys/livekvtestkeywrap2589194d/fc34739babc504f41a85270935fbe84a/unwrapkey?api-version=7.2-preview
version: 1
