interactions:
- request:
    body: null
    headers:
      Accept: [application/json]
      Accept-Encoding: ['gzip, deflate']
      Connection: [keep-alive]
      Content-Length: ['0']
      Content-Type: [application/json; charset=utf-8]
      User-Agent: [azsdk-python-keyvault-keys/4.0.0b2 Python/3.6.6 (Windows-10-10.0.18362-SP0)]
    method: POST
    uri: https://vault67c4112b.vault.azure.net/keys/crypto-test-encrypt-key67c4112b/create?api-version=7.0
  response:
    body: {string: '{"error":{"code":"Unauthorized","message":"Request is missing
        a Bearer or PoP token."}}'}
    headers:
      cache-control: [no-cache]
      content-length: ['87']
      content-type: [application/json; charset=utf-8]
      date: ['Wed, 14 Aug 2019 20:56:12 GMT']
      expires: ['-1']
      pragma: [no-cache]
      server: [Microsoft-IIS/10.0]
      strict-transport-security: [max-age=31536000;includeSubDomains]
      www-authenticate: ['Bearer authorization="https://login.windows.net/72f988bf-86f1-41af-91ab-2d7cd011db47",
          resource="https://vault.azure.net"']
      x-aspnet-version: [4.0.30319]
      x-content-type-options: [nosniff]
      x-ms-keyvault-network-info: [addr=131.107.174.72;act_addr_fam=InterNetwork;]
      x-ms-keyvault-region: [westus]
      x-ms-keyvault-service-version: [1.1.0.875]
      x-powered-by: [ASP.NET]
    status: {code: 401, message: Unauthorized}
- request:
    body: '{"kty": "RSA"}'
    headers:
      Accept: [application/json]
      Accept-Encoding: ['gzip, deflate']
      Connection: [keep-alive]
      Content-Length: ['14']
      Content-Type: [application/json; charset=utf-8]
      User-Agent: [azsdk-python-keyvault-keys/4.0.0b2 Python/3.6.6 (Windows-10-10.0.18362-SP0)]
    method: POST
    uri: https://vault67c4112b.vault.azure.net/keys/crypto-test-encrypt-key67c4112b/create?api-version=7.0
  response:
    body: {string: '{"key":{"kid":"https://vault67c4112b.vault.azure.net/keys/crypto-test-encrypt-key67c4112b/4e2a542e7a86466d8ceab57a2a65bf93","kty":"RSA","key_ops":["encrypt","decrypt","sign","verify","wrapKey","unwrapKey"],"n":"uHxBfQ2DtGcL-95c5kRoiI8ik5GQFQIRXfzJ6C-nf17zO8Z9dPkVRPeZocpKOFAxbe5ZNDNlm-nqW7bOkkb3wDqT2a8U34i-xWzPrQ5qPsV57yTCNdpnoCtSzrmaa7XA0HQg241fn9XohfQzTUlALbarpVbSq9Am56W_KjKR9uyIrhOlEF3NznsJASuzOW0k_sSoriZKW1To2SzY1DDetKnkst6ZW4-CjTIOxBm0208KAmz0gPnwk3tjvWV9Esdr2UDveCXScqhmwyGzBikgRFOdlzyUPZMbJ3CEPOKe8Di4H0tANNCCWdCMJgPyZVbRtVVxRBRvi3ES2YWkV55FjQ","e":"AQAB"},"attributes":{"enabled":true,"created":1565816173,"updated":1565816173,"recoveryLevel":"Purgeable"}}'}
    headers:
      cache-control: [no-cache]
      content-length: ['667']
      content-type: [application/json; charset=utf-8]
      date: ['Wed, 14 Aug 2019 20:56:13 GMT']
      expires: ['-1']
      pragma: [no-cache]
      server: [Microsoft-IIS/10.0]
      strict-transport-security: [max-age=31536000;includeSubDomains]
      x-aspnet-version: [4.0.30319]
      x-content-type-options: [nosniff]
      x-ms-keyvault-network-info: [addr=131.107.174.72;act_addr_fam=InterNetwork;]
      x-ms-keyvault-region: [westus]
      x-ms-keyvault-service-version: [1.1.0.875]
      x-powered-by: [ASP.NET]
    status: {code: 200, message: OK}
- request:
    body: '{"alg": "RSA-OAEP", "value": "cGxhaW50ZXh0"}'
    headers:
      Accept: [application/json]
      Accept-Encoding: ['gzip, deflate']
      Connection: [keep-alive]
      Content-Length: ['44']
      Content-Type: [application/json; charset=utf-8]
      User-Agent: [azsdk-python-keyvault-keys/4.0.0b2 Python/3.6.6 (Windows-10-10.0.18362-SP0)]
    method: POST
    uri: https://vault67c4112b.vault.azure.net/keys/crypto-test-encrypt-key67c4112b/4e2a542e7a86466d8ceab57a2a65bf93/encrypt?api-version=7.0
  response:
    body: {string: '{"kid":"https://vault67c4112b.vault.azure.net/keys/crypto-test-encrypt-key67c4112b/4e2a542e7a86466d8ceab57a2a65bf93","value":"ghTwHTBsLZkDpPkFEcOfnYAhNaquZ9obqWKjMg2AkG202Mui0aNwwxpYIrS6C6gAS1tinQ_dBM0NpW8N0YgwwOby4pPA9AQNrDn9xWbJpTA02iwbb2BbEmIuqiSO0nW8TNvrjbE38qE5ydIP0SImNSHvK5Q8rO2xLrZDS2ZA_8t28bXGgHGWaFrcmhKgcvJJqLhW2l5eXJ77oVO9ir0uiI0C_na8ldsquMZ_7FvXlXS8oHLaDG06_AiD9pV8pvkjJdxbKRd315jjAC4z5q0405UXtZsDDGhZJ1zJK-0v29rwX5fqRn2RcIffz1nTG9QvgRizpsU9RLbepZf82nz9Hw"}'}
    headers:
      cache-control: [no-cache]
      content-length: ['470']
      content-type: [application/json; charset=utf-8]
      date: ['Wed, 14 Aug 2019 20:56:13 GMT']
      expires: ['-1']
      pragma: [no-cache]
      server: [Microsoft-IIS/10.0]
      strict-transport-security: [max-age=31536000;includeSubDomains]
      x-aspnet-version: [4.0.30319]
      x-content-type-options: [nosniff]
      x-ms-keyvault-network-info: [addr=131.107.174.72;act_addr_fam=InterNetwork;]
      x-ms-keyvault-region: [westus]
      x-ms-keyvault-service-version: [1.1.0.875]
      x-powered-by: [ASP.NET]
    status: {code: 200, message: OK}
- request:
    body: '{"alg": "RSA-OAEP", "value": "ghTwHTBsLZkDpPkFEcOfnYAhNaquZ9obqWKjMg2AkG202Mui0aNwwxpYIrS6C6gAS1tinQ_dBM0NpW8N0YgwwOby4pPA9AQNrDn9xWbJpTA02iwbb2BbEmIuqiSO0nW8TNvrjbE38qE5ydIP0SImNSHvK5Q8rO2xLrZDS2ZA_8t28bXGgHGWaFrcmhKgcvJJqLhW2l5eXJ77oVO9ir0uiI0C_na8ldsquMZ_7FvXlXS8oHLaDG06_AiD9pV8pvkjJdxbKRd315jjAC4z5q0405UXtZsDDGhZJ1zJK-0v29rwX5fqRn2RcIffz1nTG9QvgRizpsU9RLbepZf82nz9Hw"}'
    headers:
      Accept: [application/json]
      Accept-Encoding: ['gzip, deflate']
      Connection: [keep-alive]
      Content-Length: ['374']
      Content-Type: [application/json; charset=utf-8]
      User-Agent: [azsdk-python-keyvault-keys/4.0.0b2 Python/3.6.6 (Windows-10-10.0.18362-SP0)]
    method: POST
    uri: https://vault67c4112b.vault.azure.net/keys/crypto-test-encrypt-key67c4112b/4e2a542e7a86466d8ceab57a2a65bf93/decrypt?api-version=7.0
  response:
    body: {string: '{"kid":"https://vault67c4112b.vault.azure.net/keys/crypto-test-encrypt-key67c4112b/4e2a542e7a86466d8ceab57a2a65bf93","value":"cGxhaW50ZXh0"}'}
    headers:
      cache-control: [no-cache]
      content-length: ['140']
      content-type: [application/json; charset=utf-8]
      date: ['Wed, 14 Aug 2019 20:56:13 GMT']
      expires: ['-1']
      pragma: [no-cache]
      server: [Microsoft-IIS/10.0]
      strict-transport-security: [max-age=31536000;includeSubDomains]
      x-aspnet-version: [4.0.30319]
      x-content-type-options: [nosniff]
      x-ms-keyvault-network-info: [addr=131.107.174.72;act_addr_fam=InterNetwork;]
      x-ms-keyvault-region: [westus]
      x-ms-keyvault-service-version: [1.1.0.875]
      x-powered-by: [ASP.NET]
    status: {code: 200, message: OK}
version: 1
