interactions:
- request:
    body: null
    headers:
      Accept:
      - application/json
      Content-Length:
      - '0'
      Content-Type:
      - application/json
      User-Agent:
      - azsdk-python-keyvault-keys/4.4.0b5 Python/3.5.3 (Windows-10-10.0.19041-SP0)
    method: POST
    uri: https://vaultname.vault.azure.net/keys/livekvtestrsa-verify-20482fcb1840/create?api-version=2016-10-01
  response:
    body:
      string: '{"error":{"code":"Unauthorized","message":"Request is missing a Bearer
        or PoP token."}}'
    headers:
      cache-control: no-cache
      content-length: '87'
      content-type: application/json; charset=utf-8
      date: Mon, 19 Apr 2021 20:42:37 GMT
      expires: '-1'
      pragma: no-cache
      strict-transport-security: max-age=31536000;includeSubDomains
      www-authenticate: Bearer authorization="https://login.windows.net/72f988bf-86f1-41af-91ab-2d7cd011db47",
        resource="https://vault.azure.net"
      x-content-type-options: nosniff
      x-ms-keyvault-network-info: conn_type=Ipv4;addr=172.92.159.124;act_addr_fam=InterNetwork;
      x-ms-keyvault-region: eastus2
      x-ms-keyvault-service-version: 1.2.236.0
      x-powered-by: ASP.NET
    status:
      code: 401
      message: Unauthorized
    url: https://mcpatinotest.vault.azure.net/keys/livekvtestrsa-verify-20482fcb1840/create?api-version=2016-10-01
- request:
    body: '{"key_size": 2048, "kty": "RSA"}'
    headers:
      Accept:
      - application/json
      Content-Length:
      - '32'
      Content-Type:
      - application/json
      User-Agent:
      - azsdk-python-keyvault-keys/4.4.0b5 Python/3.5.3 (Windows-10-10.0.19041-SP0)
    method: POST
    uri: https://vaultname.vault.azure.net/keys/livekvtestrsa-verify-20482fcb1840/create?api-version=2016-10-01
  response:
    body:
      string: '{"key":{"kid":"https://vaultname.vault.azure.net/keys/livekvtestrsa-verify-20482fcb1840/5366b3f89110464fb25bc503ebd465ae","kty":"RSA","key_ops":["encrypt","decrypt","sign","verify","wrapKey","unwrapKey"],"n":"4ekn7z5SjkUKBzl8kSq9gwvGuTEsfDO88KgdYr405gnxxqAxAWjnYz78iRs9cTAfNo_w-hV_0KmEygFnFD7puqI-LnB-XJlBVa_m0Rqjm81bpjzggmM5DiZuFd4u3Q0wWfmouxIzjtBrEKXFwpUlDrYJIqjBI8J9P5v-RWuHKrc5TIvSh7NaZ5aPAkwBySvXMoDlsxTcJzgmo2G8SDFVmPfW_vPHxv7qaWNOABAsInXGcZ8woWQW1jaMqlRzsll5nwmqvbA7WjeoUJdny0MFPDLfZiM9rvnui8mU_oRMKm89LR_WES6YmP1yqWv9zbmWLk2MgkDWNy59gaUPzMXlPQ","e":"AQAB"},"attributes":{"enabled":true,"created":1618864958,"updated":1618864958,"recoveryLevel":"Recoverable+Purgeable"}}'
    headers:
      cache-control: no-cache
      content-length: '680'
      content-type: application/json; charset=utf-8
      date: Mon, 19 Apr 2021 20:42:38 GMT
      expires: '-1'
      pragma: no-cache
      strict-transport-security: max-age=31536000;includeSubDomains
      x-content-type-options: nosniff
      x-ms-keyvault-network-info: conn_type=Ipv4;addr=172.92.159.124;act_addr_fam=InterNetwork;
      x-ms-keyvault-region: eastus2
      x-ms-keyvault-service-version: 1.2.236.0
      x-powered-by: ASP.NET
    status:
      code: 200
      message: OK
    url: https://mcpatinotest.vault.azure.net/keys/livekvtestrsa-verify-20482fcb1840/create?api-version=2016-10-01
- request:
    body: '{"alg": "PS256", "value": "vgZc0NQUb6WMKX___V2JntcFRO_vszKwSAj7R2rL1zg"}'
    headers:
      Accept:
      - application/json
      Content-Length:
      - '72'
      Content-Type:
      - application/json
      User-Agent:
      - azsdk-python-keyvault-keys/4.4.0b5 Python/3.5.3 (Windows-10-10.0.19041-SP0)
    method: POST
    uri: https://vaultname.vault.azure.net/keys/livekvtestrsa-verify-20482fcb1840/5366b3f89110464fb25bc503ebd465ae/sign?api-version=7.2-preview
  response:
    body:
      string: '{"kid":"https://vaultname.vault.azure.net/keys/livekvtestrsa-verify-20482fcb1840/5366b3f89110464fb25bc503ebd465ae","value":"RPxIprHZwRTRygGxZqTNfnqQelfUqwNLsU0JBKqroRK5B5FQw1cEOrDrTGJCac4OdGhfjIDN1HGwrVHnyuAiXJaqlYs5lVLuPcyRS581IueyVOfCkpL1iIkT7C0EDjWT8SPD01XDhQEeP2Af9feWkCxW7xfTePPw1-gnsxTi_5EvesitNH7YsL1VutHE9AWD3S6aZEdv50KAvQe1WH0Ruc3pvFMcgn6T-MJotM1hejuuaQT4gFg55Ik61I2exfxEi9ZOreCuBASXJfEKq4pCB2D_zPPtuTJIaFtl1k-VvGdODqf4f6QCY6ls18w5hnOVB2POMKO4ViiNMTojuj04xQ"}'
    headers:
      cache-control: no-cache
      content-length: '471'
      content-type: application/json; charset=utf-8
      date: Mon, 19 Apr 2021 20:42:39 GMT
      expires: '-1'
      pragma: no-cache
      strict-transport-security: max-age=31536000;includeSubDomains
      x-content-type-options: nosniff
      x-ms-keyvault-network-info: conn_type=Ipv4;addr=172.92.159.124;act_addr_fam=InterNetwork;
      x-ms-keyvault-region: eastus2
      x-ms-keyvault-service-version: 1.2.236.0
      x-powered-by: ASP.NET
    status:
      code: 200
      message: OK
    url: https://mcpatinotest.vault.azure.net/keys/livekvtestrsa-verify-20482fcb1840/5366b3f89110464fb25bc503ebd465ae/sign?api-version=7.2-preview
- request:
    body: '{"alg": "PS384", "value": "OnZY76NXJ8_MBkjnc9b9RiaL5OYscmrTal040wQuLFlRrnLvJFecIvZl2KjXqwVB"}'
    headers:
      Accept:
      - application/json
      Content-Length:
      - '93'
      Content-Type:
      - application/json
      User-Agent:
      - azsdk-python-keyvault-keys/4.4.0b5 Python/3.5.3 (Windows-10-10.0.19041-SP0)
    method: POST
    uri: https://vaultname.vault.azure.net/keys/livekvtestrsa-verify-20482fcb1840/5366b3f89110464fb25bc503ebd465ae/sign?api-version=7.2-preview
  response:
    body:
      string: '{"kid":"https://vaultname.vault.azure.net/keys/livekvtestrsa-verify-20482fcb1840/5366b3f89110464fb25bc503ebd465ae","value":"kZsoasrIkj8z_7aBnBYmazYavAptumeWppi1NobDSKPBkxq3cRUdZOhFRTbJUOp2HCP1Ly8DbmdZs8BvgH53QdtuP0HI_ADqrwNbhJvIRuDuuDKwhXHJhxjOHO6hPUcyIxmjgWFbR2X0xat1CkR1sbLKjqd0urhMcTq5rBDuarNVR_Wc-J05sN4sCn4hYwE103RHglWubkeMKV0MqDAOIEkyB41-j5OtZPiPABVRvh83HSez8N0ddY-9-DNZ6BLa5FDdGNT-nEfuMSXhTIK9UtqipotcB024d76avqM_UHd_Ooh3uFt-bqYeViYxiaVGVQV9Z7WpiSpYrpPMkiEEeA"}'
    headers:
      cache-control: no-cache
      content-length: '471'
      content-type: application/json; charset=utf-8
      date: Mon, 19 Apr 2021 20:42:39 GMT
      expires: '-1'
      pragma: no-cache
      strict-transport-security: max-age=31536000;includeSubDomains
      x-content-type-options: nosniff
      x-ms-keyvault-network-info: conn_type=Ipv4;addr=172.92.159.124;act_addr_fam=InterNetwork;
      x-ms-keyvault-region: eastus2
      x-ms-keyvault-service-version: 1.2.236.0
      x-powered-by: ASP.NET
    status:
      code: 200
      message: OK
    url: https://mcpatinotest.vault.azure.net/keys/livekvtestrsa-verify-20482fcb1840/5366b3f89110464fb25bc503ebd465ae/sign?api-version=7.2-preview
- request:
    body: '{"alg": "PS512", "value": "zZyL-eOHDnnq34aZaWgBMobx4x2Pm3mPRo4eqnRmLK6sE0jsXZFOFhMXaTcvILQxovTsMMh9JupeojYCnDvfrQ"}'
    headers:
      Accept:
      - application/json
      Content-Length:
      - '115'
      Content-Type:
      - application/json
      User-Agent:
      - azsdk-python-keyvault-keys/4.4.0b5 Python/3.5.3 (Windows-10-10.0.19041-SP0)
    method: POST
    uri: https://vaultname.vault.azure.net/keys/livekvtestrsa-verify-20482fcb1840/5366b3f89110464fb25bc503ebd465ae/sign?api-version=7.2-preview
  response:
    body:
      string: '{"kid":"https://vaultname.vault.azure.net/keys/livekvtestrsa-verify-20482fcb1840/5366b3f89110464fb25bc503ebd465ae","value":"HvM8DAJUHHiUC-1yeKLIISgCdVmEJbxVucVdwTaZu_q9IELGXUcNmMgM4cvzFkmyqEvKWwcL6GZymu2i8mEZgM4OnH9CBZkRZPAqcwTYh5gx2ouR16q-PgW_mVBu_0MMXfI9F-yfTmx7Ktxrwt1TPiojrZnEkE5Jg4o6_F3AciYrPpgqZXn_U8dJBSG2BKs9486GUQjdBhsmQD8D_2zrSfGJB0MkqbQQqUEwvX4yX-OeWKi8EcCH0o1ChEInPtVMvd1jsp8ClQnBcuu2M8CNQcD17OHtjIvXXp1E2DrDuE6LU03HGRzRCe7czWnX-kF917qhS033HUM623HqtTQyFg"}'
    headers:
      cache-control: no-cache
      content-length: '471'
      content-type: application/json; charset=utf-8
      date: Mon, 19 Apr 2021 20:42:39 GMT
      expires: '-1'
      pragma: no-cache
      strict-transport-security: max-age=31536000;includeSubDomains
      x-content-type-options: nosniff
      x-ms-keyvault-network-info: conn_type=Ipv4;addr=172.92.159.124;act_addr_fam=InterNetwork;
      x-ms-keyvault-region: eastus2
      x-ms-keyvault-service-version: 1.2.236.0
      x-powered-by: ASP.NET
    status:
      code: 200
      message: OK
    url: https://mcpatinotest.vault.azure.net/keys/livekvtestrsa-verify-20482fcb1840/5366b3f89110464fb25bc503ebd465ae/sign?api-version=7.2-preview
- request:
    body: '{"alg": "RS256", "value": "vgZc0NQUb6WMKX___V2JntcFRO_vszKwSAj7R2rL1zg"}'
    headers:
      Accept:
      - application/json
      Content-Length:
      - '72'
      Content-Type:
      - application/json
      User-Agent:
      - azsdk-python-keyvault-keys/4.4.0b5 Python/3.5.3 (Windows-10-10.0.19041-SP0)
    method: POST
    uri: https://vaultname.vault.azure.net/keys/livekvtestrsa-verify-20482fcb1840/5366b3f89110464fb25bc503ebd465ae/sign?api-version=7.2-preview
  response:
    body:
      string: '{"kid":"https://vaultname.vault.azure.net/keys/livekvtestrsa-verify-20482fcb1840/5366b3f89110464fb25bc503ebd465ae","value":"CLUyKiNZjKhJZ4Ya7negsgE57GDFm-HQYVTk5_xtnCrhVRpNQf_SFA4Ecc18T6E-Sc_-ya2gNoLWnUff3iI5AnpyKUJAh2FH5eMY1vyK2dhHxjDFXqlkxYVD7jmWti3dm12xj6eNum6XDRcZPIjFF14WlaODpU6QduabzgZN5KmYUWc90ZxQw1Zh1ybU8QUCF3KCrvK2RTy32NlRVk4OwJooJJAJotrB78Fg-UPmlENrMpFY6FQKJbwEanDvIGi8Or7dLR8rpy7CWYPRrqfPK3K9k8Cjt_1uBtfH3AmBtvdgufbZ3Vau7DYBthX64ISsZ07Wd3lnmEfnBpWqBKho4g"}'
    headers:
      cache-control: no-cache
      content-length: '471'
      content-type: application/json; charset=utf-8
      date: Mon, 19 Apr 2021 20:42:39 GMT
      expires: '-1'
      pragma: no-cache
      strict-transport-security: max-age=31536000;includeSubDomains
      x-content-type-options: nosniff
      x-ms-keyvault-network-info: conn_type=Ipv4;addr=172.92.159.124;act_addr_fam=InterNetwork;
      x-ms-keyvault-region: eastus2
      x-ms-keyvault-service-version: 1.2.236.0
      x-powered-by: ASP.NET
    status:
      code: 200
      message: OK
    url: https://mcpatinotest.vault.azure.net/keys/livekvtestrsa-verify-20482fcb1840/5366b3f89110464fb25bc503ebd465ae/sign?api-version=7.2-preview
- request:
    body: '{"alg": "RS384", "value": "OnZY76NXJ8_MBkjnc9b9RiaL5OYscmrTal040wQuLFlRrnLvJFecIvZl2KjXqwVB"}'
    headers:
      Accept:
      - application/json
      Content-Length:
      - '93'
      Content-Type:
      - application/json
      User-Agent:
      - azsdk-python-keyvault-keys/4.4.0b5 Python/3.5.3 (Windows-10-10.0.19041-SP0)
    method: POST
    uri: https://vaultname.vault.azure.net/keys/livekvtestrsa-verify-20482fcb1840/5366b3f89110464fb25bc503ebd465ae/sign?api-version=7.2-preview
  response:
    body:
      string: '{"kid":"https://vaultname.vault.azure.net/keys/livekvtestrsa-verify-20482fcb1840/5366b3f89110464fb25bc503ebd465ae","value":"oGdaIOFlG2wYsqgYf0ZABd632mkqC31RYIMvG0rVvJhjUCumVG7ZaHxnb9hFWfavEEXHT-H-9pJgStDo4dG8lvxwzUWqov-o04oRp36fFmrvmavPr1e0XUN36cAJKtkWrkBpSk7LLi-wNXF3a3fuZAJSd2-36is91Ok1sKejON3ZYNoZls5i83ZfagCYUuVDkfJU8RCk27_ctwZ9mPJA8SUkHe-mVbX4k363OtSXyAKwQV9l7JB6tXO19nQAaLg_K15uRH5-naVBwHhdANoyM8as86O_Yj2bRm2oWX0hB66V7Tnqyohkel8kRYXkxpPwcs_gQK3UqpUZZV2vtj0jSQ"}'
    headers:
      cache-control: no-cache
      content-length: '471'
      content-type: application/json; charset=utf-8
      date: Mon, 19 Apr 2021 20:42:39 GMT
      expires: '-1'
      pragma: no-cache
      strict-transport-security: max-age=31536000;includeSubDomains
      x-content-type-options: nosniff
      x-ms-keyvault-network-info: conn_type=Ipv4;addr=172.92.159.124;act_addr_fam=InterNetwork;
      x-ms-keyvault-region: eastus2
      x-ms-keyvault-service-version: 1.2.236.0
      x-powered-by: ASP.NET
    status:
      code: 200
      message: OK
    url: https://mcpatinotest.vault.azure.net/keys/livekvtestrsa-verify-20482fcb1840/5366b3f89110464fb25bc503ebd465ae/sign?api-version=7.2-preview
- request:
    body: '{"alg": "RS512", "value": "zZyL-eOHDnnq34aZaWgBMobx4x2Pm3mPRo4eqnRmLK6sE0jsXZFOFhMXaTcvILQxovTsMMh9JupeojYCnDvfrQ"}'
    headers:
      Accept:
      - application/json
      Content-Length:
      - '115'
      Content-Type:
      - application/json
      User-Agent:
      - azsdk-python-keyvault-keys/4.4.0b5 Python/3.5.3 (Windows-10-10.0.19041-SP0)
    method: POST
    uri: https://vaultname.vault.azure.net/keys/livekvtestrsa-verify-20482fcb1840/5366b3f89110464fb25bc503ebd465ae/sign?api-version=7.2-preview
  response:
    body:
      string: '{"kid":"https://vaultname.vault.azure.net/keys/livekvtestrsa-verify-20482fcb1840/5366b3f89110464fb25bc503ebd465ae","value":"1SVVw5ahuPs4jndImf1jclxi0lr1sC-h6E_0d4lqKke1fYOmh-mLH4q6q4Y3TQiNoPymxeQrVG-9JGTSygJPqy5AFdXWnmhEAg2_L5JO_-N82cqLNc8A9mu25cUF5e4prldpEsQPXUnrh4jh-SDs0VFlmf0rwKpqZ0e4RMCThI_sV4HUqFpOnCUkkbxi7lmYwkWNzG6hQm205OzBVcNThB26LuTG9hQVSQuiyFGRRJQxcGm36rNIM_2aBV1qSL4Cgq3e2rMEB40L247POd1OerDfWAi6qGffofck_nWEthQzxnZA2bzxUBm9ppJgoF-fTFIzw6iViqNEczaeM0_uHw"}'
    headers:
      cache-control: no-cache
      content-length: '471'
      content-type: application/json; charset=utf-8
      date: Mon, 19 Apr 2021 20:42:39 GMT
      expires: '-1'
      pragma: no-cache
      strict-transport-security: max-age=31536000;includeSubDomains
      x-content-type-options: nosniff
      x-ms-keyvault-network-info: conn_type=Ipv4;addr=172.92.159.124;act_addr_fam=InterNetwork;
      x-ms-keyvault-region: eastus2
      x-ms-keyvault-service-version: 1.2.236.0
      x-powered-by: ASP.NET
    status:
      code: 200
      message: OK
    url: https://mcpatinotest.vault.azure.net/keys/livekvtestrsa-verify-20482fcb1840/5366b3f89110464fb25bc503ebd465ae/sign?api-version=7.2-preview
- request:
    body: '{"key_size": 3072, "kty": "RSA"}'
    headers:
      Accept:
      - application/json
      Content-Length:
      - '32'
      Content-Type:
      - application/json
      User-Agent:
      - azsdk-python-keyvault-keys/4.4.0b5 Python/3.5.3 (Windows-10-10.0.19041-SP0)
    method: POST
    uri: https://vaultname.vault.azure.net/keys/livekvtestrsa-verify-30722fcb1840/create?api-version=2016-10-01
  response:
    body:
      string: '{"key":{"kid":"https://vaultname.vault.azure.net/keys/livekvtestrsa-verify-30722fcb1840/38b6e46d674b49678b989df0d9875976","kty":"RSA","key_ops":["encrypt","decrypt","sign","verify","wrapKey","unwrapKey"],"n":"yxDQlXREReY7JViT35O-w5DKd_HYCoMfK8uSgAGo-vRYknjR4gmls2jthfgNsgNFBU8YseeELQMiayW6DYU6c-PNPH3wqR4DcQ83rBNW8HUlX2OajVdIheEAEpBkE_6PVf52NWy2pFhigCYJosqSidkEHbmYhTVD0DS7CklDScED_KUrOq4oHn7RBai7ad2hfUO1m_sgtWJMP6rwD9hUDvvDCHo1HT-gwB6UY6zzmKRseTQhOxsBVIqsIPm73myJeTK2QKwRtaBaXrASUz--ZLjp9nrnJhZEbAIQrNFDfdZcyaL7ldODdRdS-6GyfA1DmiClRizdybg_EBJWbbVifXDewrQkf5bCnRzwE43X2oqV-qhUSM1hGIPSUF7CS6a5hKkaoru0gLxIwYuny4Q7qjQ7MwNEh-FyYjV5dg8wajOkkBQu1inG5mX9Drg9P_bwCrKCTV8szl9OBZREepCWmCkq3rcatXzZQQ4nYy2Ezm19aWWLrERBeGegzb7bLWOd","e":"AQAB"},"attributes":{"enabled":true,"created":1618864962,"updated":1618864962,"recoveryLevel":"Recoverable+Purgeable"}}'
    headers:
      cache-control: no-cache
      content-length: '850'
      content-type: application/json; charset=utf-8
      date: Mon, 19 Apr 2021 20:42:42 GMT
      expires: '-1'
      pragma: no-cache
      strict-transport-security: max-age=31536000;includeSubDomains
      x-content-type-options: nosniff
      x-ms-keyvault-network-info: conn_type=Ipv4;addr=172.92.159.124;act_addr_fam=InterNetwork;
      x-ms-keyvault-region: eastus2
      x-ms-keyvault-service-version: 1.2.236.0
      x-powered-by: ASP.NET
    status:
      code: 200
      message: OK
    url: https://mcpatinotest.vault.azure.net/keys/livekvtestrsa-verify-30722fcb1840/create?api-version=2016-10-01
- request:
    body: '{"alg": "PS256", "value": "vgZc0NQUb6WMKX___V2JntcFRO_vszKwSAj7R2rL1zg"}'
    headers:
      Accept:
      - application/json
      Content-Length:
      - '72'
      Content-Type:
      - application/json
      User-Agent:
      - azsdk-python-keyvault-keys/4.4.0b5 Python/3.5.3 (Windows-10-10.0.19041-SP0)
    method: POST
    uri: https://vaultname.vault.azure.net/keys/livekvtestrsa-verify-30722fcb1840/38b6e46d674b49678b989df0d9875976/sign?api-version=7.2-preview
  response:
    body:
      string: '{"kid":"https://vaultname.vault.azure.net/keys/livekvtestrsa-verify-30722fcb1840/38b6e46d674b49678b989df0d9875976","value":"s99Owu-rlSd-NaBQObDQcCaMFBnQzqKzXzUNlekkoK9t-B6d6tnbWOT26fY6G9eXh8vBa20qerRC1L06DVjG8y00Lx4VzmmTlE53yRbAiq1hg5j1krRNtURZl0QbbBiF_wjv-7klQoWTM76E-YHM0cYpntn7lu5F73DaB8-yIZWA-dWkiMo74BcCA3I-2PA9WOTW_FigycQauBk8hM3SvsJeEQ1UymfsfvE56keTN_QwdE93aJZ3PGBafwCYfqIVRTASGF5XnxFJng4OMBABZQ4LwPdkzRbvqkhvX52jzJv9bDcAP24Q6TSD1q8YGS2L0k8hqMzhoPxke72tyGY3jeI4-BJ3en_L8fI3qLb8xByMhk0W85tFFfLj5LNWsGTVtsNE4FZznJMMCSsmb-BblM3fbH79Ghk5g8w0ywjqmh6eAnfuEKUuJjxHa4fUeiWa42rhne71KtxHq_NOaF7PiXsfc24c3Uh52IVyHBTz38irmiUa9nkHf9uLk7h539T-"}'
    headers:
      cache-control: no-cache
      content-length: '641'
      content-type: application/json; charset=utf-8
      date: Mon, 19 Apr 2021 20:42:43 GMT
      expires: '-1'
      pragma: no-cache
      strict-transport-security: max-age=31536000;includeSubDomains
      x-content-type-options: nosniff
      x-ms-keyvault-network-info: conn_type=Ipv4;addr=172.92.159.124;act_addr_fam=InterNetwork;
      x-ms-keyvault-region: eastus2
      x-ms-keyvault-service-version: 1.2.236.0
      x-powered-by: ASP.NET
    status:
      code: 200
      message: OK
    url: https://mcpatinotest.vault.azure.net/keys/livekvtestrsa-verify-30722fcb1840/38b6e46d674b49678b989df0d9875976/sign?api-version=7.2-preview
- request:
    body: '{"alg": "PS384", "value": "OnZY76NXJ8_MBkjnc9b9RiaL5OYscmrTal040wQuLFlRrnLvJFecIvZl2KjXqwVB"}'
    headers:
      Accept:
      - application/json
      Content-Length:
      - '93'
      Content-Type:
      - application/json
      User-Agent:
      - azsdk-python-keyvault-keys/4.4.0b5 Python/3.5.3 (Windows-10-10.0.19041-SP0)
    method: POST
    uri: https://vaultname.vault.azure.net/keys/livekvtestrsa-verify-30722fcb1840/38b6e46d674b49678b989df0d9875976/sign?api-version=7.2-preview
  response:
    body:
      string: '{"kid":"https://vaultname.vault.azure.net/keys/livekvtestrsa-verify-30722fcb1840/38b6e46d674b49678b989df0d9875976","value":"hhkcDOztoTgB9OX8s6NJqSB2XZG8Vs6U-ZxNB53FH5Rh1aabCb8GmDuP6HjmQPLU9V-CukbcNnYzn6Kya8V3AtAtvUkJa0xZDJY5ctexacRn9tOU5alcSQWmqmCNXw57GrBl2cuoFwUxBHASeetKJvkcGvGU_PhKWBrxb7xKjUTHPy05-oStqIgQl9sXGR0-8bTR7b_kYUBc_0UFuW_geuHa5sX4FKjnCwGmOgzorWODJ5mMSkynBSabfbbZ1KXzPd2FPZlWlqTcG1hVquAiAyl4uEEUoluaabkAcOFLtyrOFPaZKXtzp-2wOyR2Kuqynjvzq4LaSyM339DUoyMmyGjI-rLbbKqAwvuT3g1Q1QitlhIUGxrzG7P0ITx7c_GwTAk7qCrUu7eHzQsAyOn0Ey5pIUzqiAEd0j050ZFdKJikogHtjSmzWcTQ3HCLM6maqSvoDAkTLNNvE0PNGD3a8uU1lQxJJ6Iltwjr2tooLlI0rDWv9d4agxwI3rUj8N0s"}'
    headers:
      cache-control: no-cache
      content-length: '641'
      content-type: application/json; charset=utf-8
      date: Mon, 19 Apr 2021 20:42:43 GMT
      expires: '-1'
      pragma: no-cache
      strict-transport-security: max-age=31536000;includeSubDomains
      x-content-type-options: nosniff
      x-ms-keyvault-network-info: conn_type=Ipv4;addr=172.92.159.124;act_addr_fam=InterNetwork;
      x-ms-keyvault-region: eastus2
      x-ms-keyvault-service-version: 1.2.236.0
      x-powered-by: ASP.NET
    status:
      code: 200
      message: OK
    url: https://mcpatinotest.vault.azure.net/keys/livekvtestrsa-verify-30722fcb1840/38b6e46d674b49678b989df0d9875976/sign?api-version=7.2-preview
- request:
    body: '{"alg": "PS512", "value": "zZyL-eOHDnnq34aZaWgBMobx4x2Pm3mPRo4eqnRmLK6sE0jsXZFOFhMXaTcvILQxovTsMMh9JupeojYCnDvfrQ"}'
    headers:
      Accept:
      - application/json
      Content-Length:
      - '115'
      Content-Type:
      - application/json
      User-Agent:
      - azsdk-python-keyvault-keys/4.4.0b5 Python/3.5.3 (Windows-10-10.0.19041-SP0)
    method: POST
    uri: https://vaultname.vault.azure.net/keys/livekvtestrsa-verify-30722fcb1840/38b6e46d674b49678b989df0d9875976/sign?api-version=7.2-preview
  response:
    body:
      string: '{"kid":"https://vaultname.vault.azure.net/keys/livekvtestrsa-verify-30722fcb1840/38b6e46d674b49678b989df0d9875976","value":"mlqDvaxgZ7k_7lgRKnVf2NYZLxgGBw4XIM_UqBEFrH-IKez_mYGenauhsThcc7rEgbSlZ0_fEDG6-qn3AAzCL6GkC-ez5T0Us_lVvsXEupQbUiYW3fAUj4fPiiLHhwTWU_IJLKMXmuAdezPbZkZ7IGejvVKRS3JrwvZHiB9Fy-L39_ngxklzZfU3b_u_y2pxas8wQelz9HXTIRS1RiyJimI3dTE4TrR7uVlGChy5EfCXwSIZE4OD2h3IrXICCiJqgvVMp70jsBk_Bf6sxEgmVNr7PmioBtfrvG4KOASLDnugbWTh-2YFP4p3SDVy_65RpEESsfijssv5qVRxKI_UFOfmHNTeCtkHOvvj8K-cqW_Dj9w3mV5veG5js_2KYaT8-MHulgUBGGla7xaz3CULiA6T6hvwalk0IRqlcSTy9YVqL6usKUgAHq4P58M9DNpnX5JcEYTEXXJAdLStigCy-TYU4juIC3X262tUkAuLG0s9CAMwXTDwdmW6XNJcGfeM"}'
    headers:
      cache-control: no-cache
      content-length: '641'
      content-type: application/json; charset=utf-8
      date: Mon, 19 Apr 2021 20:42:43 GMT
      expires: '-1'
      pragma: no-cache
      strict-transport-security: max-age=31536000;includeSubDomains
      x-content-type-options: nosniff
      x-ms-keyvault-network-info: conn_type=Ipv4;addr=172.92.159.124;act_addr_fam=InterNetwork;
      x-ms-keyvault-region: eastus2
      x-ms-keyvault-service-version: 1.2.236.0
      x-powered-by: ASP.NET
    status:
      code: 200
      message: OK
    url: https://mcpatinotest.vault.azure.net/keys/livekvtestrsa-verify-30722fcb1840/38b6e46d674b49678b989df0d9875976/sign?api-version=7.2-preview
- request:
    body: '{"alg": "RS256", "value": "vgZc0NQUb6WMKX___V2JntcFRO_vszKwSAj7R2rL1zg"}'
    headers:
      Accept:
      - application/json
      Content-Length:
      - '72'
      Content-Type:
      - application/json
      User-Agent:
      - azsdk-python-keyvault-keys/4.4.0b5 Python/3.5.3 (Windows-10-10.0.19041-SP0)
    method: POST
    uri: https://vaultname.vault.azure.net/keys/livekvtestrsa-verify-30722fcb1840/38b6e46d674b49678b989df0d9875976/sign?api-version=7.2-preview
  response:
    body:
      string: '{"kid":"https://vaultname.vault.azure.net/keys/livekvtestrsa-verify-30722fcb1840/38b6e46d674b49678b989df0d9875976","value":"mkNjrU0ZIbUZ5VM27qZJleF9g4CVX9gvhrcnKaX37C8g77hki_XsoBMjDANfJGKZBJVWVBE-ar-0KCpEfvntoZFX-3PzzB358VzRzvyCl4sCLPkTvDzKRAm9No__Bzus8CHAi7IXpYWTruuC6Tai-CIYQWi7Kr6l7cH6mNGDzEHRARKpjMlrxXOu2ye-kfzmXdqHIQRbo5lbBsVuUF2XFeuRILc35mhWWvXM7BzaVsVCSQPTZBJ6bo1HiUOJNIUMIj3EP89N8Q52lqKHgsOSVCSzs__fPSTgbeHIIpImOtGRFkqdhAwQbg-CoR0hriNztZ3qNqVMiuO4YRp5P7RKJTMoqHRRwjWB7qAFV7GI5aq4GZLVI7Tqaqvrh8APAvijo0A5iz8ocISV8uR-SeMt2puZy5v7v8B0LyZMHq2igXCRB17AFLzxBxUatZNXC9IZIUIWkZKlfi7ktQayPwhaSdTJ661FWXeX3Ytg0L9n_KWtj5mCD9DrVq-YtZJIfDK9"}'
    headers:
      cache-control: no-cache
      content-length: '641'
      content-type: application/json; charset=utf-8
      date: Mon, 19 Apr 2021 20:42:43 GMT
      expires: '-1'
      pragma: no-cache
      strict-transport-security: max-age=31536000;includeSubDomains
      x-content-type-options: nosniff
      x-ms-keyvault-network-info: conn_type=Ipv4;addr=172.92.159.124;act_addr_fam=InterNetwork;
      x-ms-keyvault-region: eastus2
      x-ms-keyvault-service-version: 1.2.236.0
      x-powered-by: ASP.NET
    status:
      code: 200
      message: OK
    url: https://mcpatinotest.vault.azure.net/keys/livekvtestrsa-verify-30722fcb1840/38b6e46d674b49678b989df0d9875976/sign?api-version=7.2-preview
- request:
    body: '{"alg": "RS384", "value": "OnZY76NXJ8_MBkjnc9b9RiaL5OYscmrTal040wQuLFlRrnLvJFecIvZl2KjXqwVB"}'
    headers:
      Accept:
      - application/json
      Content-Length:
      - '93'
      Content-Type:
      - application/json
      User-Agent:
      - azsdk-python-keyvault-keys/4.4.0b5 Python/3.5.3 (Windows-10-10.0.19041-SP0)
    method: POST
    uri: https://vaultname.vault.azure.net/keys/livekvtestrsa-verify-30722fcb1840/38b6e46d674b49678b989df0d9875976/sign?api-version=7.2-preview
  response:
    body:
      string: '{"kid":"https://vaultname.vault.azure.net/keys/livekvtestrsa-verify-30722fcb1840/38b6e46d674b49678b989df0d9875976","value":"dHdl9h2Svn4CMj2efG91iKzsy_NZMlYGKf_hqDQjOXB0qyHonbIVHLZCgyvQrt2flixtvZdbYZzeImvdyrwgwdpIHCKH6Xn1r_Pr1FP54mE6MnoGhgzI33-2ge7PmQxdxfX757gICCPt_dkATQjcMpb5aEG0CambhBW0KZ3F7Y3-on1m6JIWFG53Tz1wrIQ-pNXjM8W0lhr8p6tjb0_gqJiiwouQHyBdbkHPEuuWyeoqEQx7NhPVREGcM5D0bgraAyKjWdnlX9q2rZZGeSN39Q2nz_gEDYYOP8sjp9EKH_IygDT4xfYIAcEC8b65uro4QjSXtb0Q9kC6hQTz026YWsTdKeKugGt0IJer6u5p_q6eoaJVnEi2Qbx4-bbxKbYp7hIVJcHzvY6oYMxZADvgrD_suS7l_N0tkrzRw8cIbkQgNxcjlypYJWPv3lSCDe9gUbC071U9GmNHCkPD9ac0ob1n-iBi8yZC2toI4W4BVNKZvSds7rdTC-oyBCGF0hxu"}'
    headers:
      cache-control: no-cache
      content-length: '641'
      content-type: application/json; charset=utf-8
      date: Mon, 19 Apr 2021 20:42:43 GMT
      expires: '-1'
      pragma: no-cache
      strict-transport-security: max-age=31536000;includeSubDomains
      x-content-type-options: nosniff
      x-ms-keyvault-network-info: conn_type=Ipv4;addr=172.92.159.124;act_addr_fam=InterNetwork;
      x-ms-keyvault-region: eastus2
      x-ms-keyvault-service-version: 1.2.236.0
      x-powered-by: ASP.NET
    status:
      code: 200
      message: OK
    url: https://mcpatinotest.vault.azure.net/keys/livekvtestrsa-verify-30722fcb1840/38b6e46d674b49678b989df0d9875976/sign?api-version=7.2-preview
- request:
    body: '{"alg": "RS512", "value": "zZyL-eOHDnnq34aZaWgBMobx4x2Pm3mPRo4eqnRmLK6sE0jsXZFOFhMXaTcvILQxovTsMMh9JupeojYCnDvfrQ"}'
    headers:
      Accept:
      - application/json
      Content-Length:
      - '115'
      Content-Type:
      - application/json
      User-Agent:
      - azsdk-python-keyvault-keys/4.4.0b5 Python/3.5.3 (Windows-10-10.0.19041-SP0)
    method: POST
    uri: https://vaultname.vault.azure.net/keys/livekvtestrsa-verify-30722fcb1840/38b6e46d674b49678b989df0d9875976/sign?api-version=7.2-preview
  response:
    body:
      string: '{"kid":"https://vaultname.vault.azure.net/keys/livekvtestrsa-verify-30722fcb1840/38b6e46d674b49678b989df0d9875976","value":"qwFiBsj3-dRu6l-_tqG7xdbotwNiq1SCRpXykwzDW9XOVqEPsO6Ht0CcktxgHnmDp49V1GKEmHFjyF2RdhvgD-KQcCYGfhZ0xjwNBCRD10B0z4UmFowsKd2utldA8_OLoEm2llScSIBI45-Nf-RL9y_85-je2P83B8dPQrrQdvpGY9PpJs0RDn67BZOjwtsgWvKI16KSRdBeWSKXqjZbjbcuhbRH0Dl_ZwM9AaaE36dNW5Q-5VnxGu8yyy17nVrM0o2PTRor8pRgku_6fEzRPIluPXVNUnihKoabn3W3SW9tNV63ylThPU3rBpfJpLWWx0wpUwvZG_pxt0kTcdz7LcVUiM5s_s3j-GFhWvDI6Rr3xIoO7XBA2OPr1EQ2s_KUXTo7EUWEQoOvS5Ebm7Qli7pzlRBVeevT5xFLvTeM_pGlN2EoRQy_31PqnCVVCwmc7VJ1RcfPr5R-rrAVCuuYJLB5QZvlPzvldkPTderThlDK6Q1vNUb-IFlSJFdtwWPX"}'
    headers:
      cache-control: no-cache
      content-length: '641'
      content-type: application/json; charset=utf-8
      date: Mon, 19 Apr 2021 20:42:43 GMT
      expires: '-1'
      pragma: no-cache
      strict-transport-security: max-age=31536000;includeSubDomains
      x-content-type-options: nosniff
      x-ms-keyvault-network-info: conn_type=Ipv4;addr=172.92.159.124;act_addr_fam=InterNetwork;
      x-ms-keyvault-region: eastus2
      x-ms-keyvault-service-version: 1.2.236.0
      x-powered-by: ASP.NET
    status:
      code: 200
      message: OK
    url: https://mcpatinotest.vault.azure.net/keys/livekvtestrsa-verify-30722fcb1840/38b6e46d674b49678b989df0d9875976/sign?api-version=7.2-preview
- request:
    body: '{"key_size": 4096, "kty": "RSA"}'
    headers:
      Accept:
      - application/json
      Content-Length:
      - '32'
      Content-Type:
      - application/json
      User-Agent:
      - azsdk-python-keyvault-keys/4.4.0b5 Python/3.5.3 (Windows-10-10.0.19041-SP0)
    method: POST
    uri: https://vaultname.vault.azure.net/keys/livekvtestrsa-verify-40962fcb1840/create?api-version=2016-10-01
  response:
    body:
      string: '{"key":{"kid":"https://vaultname.vault.azure.net/keys/livekvtestrsa-verify-40962fcb1840/dbfa33d9b9bf4bb08a2fa79f5df87f8c","kty":"RSA","key_ops":["encrypt","decrypt","sign","verify","wrapKey","unwrapKey"],"n":"5DM2qtDFN6yhrFf7qDg0Xdrwsg65ejWhy0VY7G8e8QLnWl-EajCWosSfgxwqGgJJfQOgCECay80m5zgPg_7W3XNfHpFhoS8WLXV2TyY2uzgqLXr-1yjPaolhqAR-RU4M7RGD_s8QbKfTWCJSCcjE5ejRWunOnLOJMV4we2YPQJcf631Z6EXaG0cviScC9p5K2iQ-dEY7_e7Z3cNH97Z4Qfe9UnLVAYEMPVZrduPv1rxaJefAc21snh_GZgSHbMKEhSRQUgA477l0KZKY67fIpUavMZGRv2SEmpssOFrXGrbneFoE8bkDoa5NR0FfZ1DsZJoPkiLlv2TSn01gRQzrWlqF158I_UnOmL9dqDxC0vgkm3_rUHarE5ABa7gxu82DeCW0i-ZcvxufpDxiSB6Y1bi79VYp74KmJDr-NPIrhY4lDz18kRMLUwEIX5R7BqLUBu2v5xiNaEpHs0ED7yubiZS1bEYUvxdNhC6EoZiFeUdP5e54x7GpEsyr3VS0fJeDGx6p8W13mCq1k9Gh2Th5UJ6zl8Y7A6Wb-HEShHhHmcVbd_NEx2TMXAg0M4ymQRl8TZkNwvOL4BkdYRzQbHpVNipm_kwnDNp5BKAVzmRIC_oFkjWdMrrUTYTIcy-ZWeZTck6TSwOXJcq6COLtUSmNMWz7qMNeDTdgpzjzfXjVQnU","e":"AQAB"},"attributes":{"enabled":true,"created":1618864966,"updated":1618864966,"recoveryLevel":"Recoverable+Purgeable"}}'
    headers:
      cache-control: no-cache
      content-length: '1021'
      content-type: application/json; charset=utf-8
      date: Mon, 19 Apr 2021 20:42:46 GMT
      expires: '-1'
      pragma: no-cache
      strict-transport-security: max-age=31536000;includeSubDomains
      x-content-type-options: nosniff
      x-ms-keyvault-network-info: conn_type=Ipv4;addr=172.92.159.124;act_addr_fam=InterNetwork;
      x-ms-keyvault-region: eastus2
      x-ms-keyvault-service-version: 1.2.236.0
      x-powered-by: ASP.NET
    status:
      code: 200
      message: OK
    url: https://mcpatinotest.vault.azure.net/keys/livekvtestrsa-verify-40962fcb1840/create?api-version=2016-10-01
- request:
    body: '{"alg": "PS256", "value": "vgZc0NQUb6WMKX___V2JntcFRO_vszKwSAj7R2rL1zg"}'
    headers:
      Accept:
      - application/json
      Content-Length:
      - '72'
      Content-Type:
      - application/json
      User-Agent:
      - azsdk-python-keyvault-keys/4.4.0b5 Python/3.5.3 (Windows-10-10.0.19041-SP0)
    method: POST
    uri: https://vaultname.vault.azure.net/keys/livekvtestrsa-verify-40962fcb1840/dbfa33d9b9bf4bb08a2fa79f5df87f8c/sign?api-version=7.2-preview
  response:
    body:
      string: '{"kid":"https://vaultname.vault.azure.net/keys/livekvtestrsa-verify-40962fcb1840/dbfa33d9b9bf4bb08a2fa79f5df87f8c","value":"w71_sHwRSjJCX_moe8tTqKiezbD4VKOuj3MF0O_WG-uPFxxsFeyCIIoK6x2ue44qYJiRVe4qHYK0BZrgvHJbDO7saXKC59xdf38NVwZuBcyldl-oyRG6wx3cdBBFIN9XM-ULNgXEm0hfrgdKpRL-3bVz7qMG5Gqz1B0gXbWcJeb-1WxI4ztU9Hh-eSI3PkTHmVX9Jn1vYRYDXyHjFx2jPA8X7RRjg6EVdH0MowHAeJwfgpoyHqYNhBBx5upxXYmo2CPkVmlRvV6tao3y5zIUQEy7YmlbDpXfZeBTydFh-MCrtI7EK1z2w7P95v-yUjojYi4J-HVaT-cP4dl4No_0dA7Qfw3vs_Qxdop4-zB35aNveEVqz-VsabCoh_KbyDLdv3Z_rQQHJaHvte9Uh1EkQLlR3M38sD3IJAm46Rr0RPDcj3YivaCl0fkXjHWHq33rJCOfYHLz5fmZ_xsCm8AqX372uMyikOAIszelELUH_D1Q5d6GjXrfu9ro1sKXnMYwm7xqQEHfPv41BKOl9dwaiScSMdh_3YwO6yMM6A2SbFNGYOxNVWcwd5OkhT6zXycA2b27gdj1M9y7VvtQchSfFU8Zk0v19f-Fm7nCMQN5fPWC_s7T5sTSMLL99OHfKFerHSYr3OxD86bBoUOCYzJy86-G-2tMX71dIM7-qCKkRus"}'
    headers:
      cache-control: no-cache
      content-length: '812'
      content-type: application/json; charset=utf-8
      date: Mon, 19 Apr 2021 20:42:47 GMT
      expires: '-1'
      pragma: no-cache
      strict-transport-security: max-age=31536000;includeSubDomains
      x-content-type-options: nosniff
      x-ms-keyvault-network-info: conn_type=Ipv4;addr=172.92.159.124;act_addr_fam=InterNetwork;
      x-ms-keyvault-region: eastus2
      x-ms-keyvault-service-version: 1.2.236.0
      x-powered-by: ASP.NET
    status:
      code: 200
      message: OK
    url: https://mcpatinotest.vault.azure.net/keys/livekvtestrsa-verify-40962fcb1840/dbfa33d9b9bf4bb08a2fa79f5df87f8c/sign?api-version=7.2-preview
- request:
    body: '{"alg": "PS384", "value": "OnZY76NXJ8_MBkjnc9b9RiaL5OYscmrTal040wQuLFlRrnLvJFecIvZl2KjXqwVB"}'
    headers:
      Accept:
      - application/json
      Content-Length:
      - '93'
      Content-Type:
      - application/json
      User-Agent:
      - azsdk-python-keyvault-keys/4.4.0b5 Python/3.5.3 (Windows-10-10.0.19041-SP0)
    method: POST
    uri: https://vaultname.vault.azure.net/keys/livekvtestrsa-verify-40962fcb1840/dbfa33d9b9bf4bb08a2fa79f5df87f8c/sign?api-version=7.2-preview
  response:
    body:
      string: '{"kid":"https://vaultname.vault.azure.net/keys/livekvtestrsa-verify-40962fcb1840/dbfa33d9b9bf4bb08a2fa79f5df87f8c","value":"Ptt8IJai_Z39X8v0GdbXAFdDHHkTlOIinL2WdEsX9E150Zw_RfKL2n1YFY3L2otFosb372VPJTfQFv1qvXiXtze39b7FRaM7OWcSt9ZWHEJR8qLlfe0oOD6Mpjd5VjLWNBWsw1PO80xmB5BEND6rrTWdc897VoF60LxvQkOttlQczXG2qxbF7kXr_udb-WDm-MCs34RLdasGg_d8kMHE6uhNJJOPcMvaG9ZypSfvV30EaDjZxDEcqc9mJK7y2LYYyaKKDo8TDlNp_dWzyiLPuYDlApPitmh3BfLtvGALr-SCPhscLbRFMo5G0t8JZLGBI-Sx3T4DoLF-ZturhSYscB93lbBbBqIOxr4tdljF4fm_z305FH3B316J0GtQCFO6jnFnnNNN7xg_qTffSGPOZIMUCLBShur87DbZuA4jUhIZB_Jm4M3KvyywVjC0fMJqsVg_4z6AMkJlGuTIjldBmZyWdjxTgHzrs4JN72ROZjmeD_RHeu0KJC80ofvwMfT7xjhtbySjrQs_M7XwBcvY99uCKo8QZyxec0-V1QCELY6kULPkQ5GBeAFU7aGhWQHN_MiLgpa7vGA8UitoU2h6-moNYd67XvqH-CE2y8FagLHtcGFqLMtGcGDw1uSIYZE-ILrofY5vLAtEzZaHM03qT64yMk3U06kshBKH9ItDVQ8"}'
    headers:
      cache-control: no-cache
      content-length: '812'
      content-type: application/json; charset=utf-8
      date: Mon, 19 Apr 2021 20:42:47 GMT
      expires: '-1'
      pragma: no-cache
      strict-transport-security: max-age=31536000;includeSubDomains
      x-content-type-options: nosniff
      x-ms-keyvault-network-info: conn_type=Ipv4;addr=172.92.159.124;act_addr_fam=InterNetwork;
      x-ms-keyvault-region: eastus2
      x-ms-keyvault-service-version: 1.2.236.0
      x-powered-by: ASP.NET
    status:
      code: 200
      message: OK
    url: https://mcpatinotest.vault.azure.net/keys/livekvtestrsa-verify-40962fcb1840/dbfa33d9b9bf4bb08a2fa79f5df87f8c/sign?api-version=7.2-preview
- request:
    body: '{"alg": "PS512", "value": "zZyL-eOHDnnq34aZaWgBMobx4x2Pm3mPRo4eqnRmLK6sE0jsXZFOFhMXaTcvILQxovTsMMh9JupeojYCnDvfrQ"}'
    headers:
      Accept:
      - application/json
      Content-Length:
      - '115'
      Content-Type:
      - application/json
      User-Agent:
      - azsdk-python-keyvault-keys/4.4.0b5 Python/3.5.3 (Windows-10-10.0.19041-SP0)
    method: POST
    uri: https://vaultname.vault.azure.net/keys/livekvtestrsa-verify-40962fcb1840/dbfa33d9b9bf4bb08a2fa79f5df87f8c/sign?api-version=7.2-preview
  response:
    body:
      string: '{"kid":"https://vaultname.vault.azure.net/keys/livekvtestrsa-verify-40962fcb1840/dbfa33d9b9bf4bb08a2fa79f5df87f8c","value":"L3eFLvjuWIwQSnkKAdCPNWKLBA-aF8MzMaNURpzhPUmtQ9dP2YYhSapCkOk5aGp_S9SpW-K7msvsJB3X-tZDN2UEFjSnlRhPwm4HpFfE2Hp0z7CLf5VY8AxRFwkrgJtro4FlciZkuy6pguGNFqpUJFMgeqlDz9rX5-8etIBcreFWTKx354vKCpWpw9Q8id7Wr4jXpu82rv6R2AAZZ24EO5FlQAiLHqjcIWxQ72zE5UnJGQuM4B9JqfPFMFeLhvwMRBrwq43vbfrYsRKPvMGiQryjSXQp-n0AwQTyC1xnS_WYlu8C7Lgx5b1SmCNydNFMg8IisXJOHwqyLvy5GLylJ4nJ2avsascSSvTohqbM-6-ZR1K7uMXxuVwPNkhmQM3iEL-x0wWLGbiTdiMK-2AXm_3ttcxokjNqPeJhnDhmFKmxNpW1YAuXQgHTP_xLVvLYrpim3QgKbbHJ8Ee_nClnyRANf_qZ4uTgRss59mQD48tZC8tG968t_FMUPxm32j7Wx4qHtkCdTNQGWdmwIhJlXbPcS5w__CE1s49wFdpCBVgTpwEwoCyK64oSIHPfHb7iYExWh_EHO7-iiVLpq2USZmNaI8__cBmyooSbd709DYZkuR4OVcTnynKxAW08ocsyFy_1QW0vs9rOtbpkZUgcdGkFTpC3o-eeAAGgVIWUnY8"}'
    headers:
      cache-control: no-cache
      content-length: '812'
      content-type: application/json; charset=utf-8
      date: Mon, 19 Apr 2021 20:42:47 GMT
      expires: '-1'
      pragma: no-cache
      strict-transport-security: max-age=31536000;includeSubDomains
      x-content-type-options: nosniff
      x-ms-keyvault-network-info: conn_type=Ipv4;addr=172.92.159.124;act_addr_fam=InterNetwork;
      x-ms-keyvault-region: eastus2
      x-ms-keyvault-service-version: 1.2.236.0
      x-powered-by: ASP.NET
    status:
      code: 200
      message: OK
    url: https://mcpatinotest.vault.azure.net/keys/livekvtestrsa-verify-40962fcb1840/dbfa33d9b9bf4bb08a2fa79f5df87f8c/sign?api-version=7.2-preview
- request:
    body: '{"alg": "RS256", "value": "vgZc0NQUb6WMKX___V2JntcFRO_vszKwSAj7R2rL1zg"}'
    headers:
      Accept:
      - application/json
      Content-Length:
      - '72'
      Content-Type:
      - application/json
      User-Agent:
      - azsdk-python-keyvault-keys/4.4.0b5 Python/3.5.3 (Windows-10-10.0.19041-SP0)
    method: POST
    uri: https://vaultname.vault.azure.net/keys/livekvtestrsa-verify-40962fcb1840/dbfa33d9b9bf4bb08a2fa79f5df87f8c/sign?api-version=7.2-preview
  response:
    body:
      string: '{"kid":"https://vaultname.vault.azure.net/keys/livekvtestrsa-verify-40962fcb1840/dbfa33d9b9bf4bb08a2fa79f5df87f8c","value":"0pKD4yrAf4w1LLXQuoO7f51jfzmZiCZWb1XqqqVtbAOALxoK0aalqQHZnZaiCYSE1BkuvWVXMGMdyaQD9Q0oqe7Tq3CmxsjWLrRSmtIPYH0TrLMWtSgn12uA479ccx2WlaP_YOYMBFRJy3x3vplD5OattIwJ-7YnRbiko4XycvjzPeWG_hzHnDU3pob9n3AhE_YW6SyPNFTXOth41IuRIv9Dc0xmf_QVlZ-eyih2BCq_INLlrfHSY5dWnLoyydmvZvxVgNirms8f7JDn4J4d8uInE7AgPUiaEY2DIaWgOFLNZvRwuLhLZKOGo-FNZ7aw-jlZd5aHXeaL_oObmULw7FTdWnnOTVRFngE9lomkIQCvIMX2bKtKu9JuknhecpYzQQJ22YAon5rg7U6Ju1WXh_zTsgGFEzpFTdX1G5FqO3UvsdLhCy5BYCTTQAZYKop61eczdSYVGWVJ9oApuV0oStFTAcr0hsUrbuv4CTIgxVPrv0XZknt96DRH9zM33F7amsvCjLNsfTEvOu_uz1KpxV8URk89T0A8hm3ReNhr76_edkQq2O_8pWrjsnVlXpzMYOAcAA_J_CEtc-HooGPI7kRmrbz3Xaz0Fm5f_2c0Yv7TEb1QH1jCtVIXagmfhFlEL6ynW7jVZGvCgab1c59y69fboy-CDVwIHi2McenWVsw"}'
    headers:
      cache-control: no-cache
      content-length: '812'
      content-type: application/json; charset=utf-8
      date: Mon, 19 Apr 2021 20:42:47 GMT
      expires: '-1'
      pragma: no-cache
      strict-transport-security: max-age=31536000;includeSubDomains
      x-content-type-options: nosniff
      x-ms-keyvault-network-info: conn_type=Ipv4;addr=172.92.159.124;act_addr_fam=InterNetwork;
      x-ms-keyvault-region: eastus2
      x-ms-keyvault-service-version: 1.2.236.0
      x-powered-by: ASP.NET
    status:
      code: 200
      message: OK
    url: https://mcpatinotest.vault.azure.net/keys/livekvtestrsa-verify-40962fcb1840/dbfa33d9b9bf4bb08a2fa79f5df87f8c/sign?api-version=7.2-preview
- request:
    body: '{"alg": "RS384", "value": "OnZY76NXJ8_MBkjnc9b9RiaL5OYscmrTal040wQuLFlRrnLvJFecIvZl2KjXqwVB"}'
    headers:
      Accept:
      - application/json
      Content-Length:
      - '93'
      Content-Type:
      - application/json
      User-Agent:
      - azsdk-python-keyvault-keys/4.4.0b5 Python/3.5.3 (Windows-10-10.0.19041-SP0)
    method: POST
    uri: https://vaultname.vault.azure.net/keys/livekvtestrsa-verify-40962fcb1840/dbfa33d9b9bf4bb08a2fa79f5df87f8c/sign?api-version=7.2-preview
  response:
    body:
      string: '{"kid":"https://vaultname.vault.azure.net/keys/livekvtestrsa-verify-40962fcb1840/dbfa33d9b9bf4bb08a2fa79f5df87f8c","value":"bLh1bSAGIIVYPG0029s6qMbT6zE48CbTLF4IazmX7Q_15lesmMqIgscNoVXeLqV4mc2kAtwRBAkrrSo3YMZAUhW8nHlwcDtld7J2nQEX4EYY9zhisc9qGQq6vaR2Dfo-5qCR6vr6fRECMeKIMo33SFV-is2P86yyy84VvV8s6zpMTCF9sy_rvO49KdBUX6mVov9V0Bl9mUmeNdkfb5wyMtQ0KLufhVcFp8Xy65aKotHavEFF6Zw61RsZ0s_sWEh--Rp9fs29ItDkmBFjb3Adb8yGV8QOiq7-y23xnzaoArusr_Byyo7ql4r60QzEI4LZ_W0qXAPxK5TNbZPmM1M_YeQuO5lGNhDrvnvqTCM9S8Y9Y9P_4og43VBulUSPsdYbMAAhVMgFAn7arrQlirBAp31WCcUJveSlkH6MqhztjKWp9EI4wvSMU0KOZXqcXV-z-xJ0fBCj-CdA2mV8iJlpFFsfb-zdEKtWRHjP54JoJ9ZCTAj0vh6KBxJtaYN7Bw49cdrVZLfsLLAZTPnEkd9PS423iabX8WZkdMCK9artz4Iky1vSNzqTmpKCACrCcJkOj__etyFrSqisOnRb-LpKCacDSecxb1hP77jINMh13vDO-ws5EkkEDTLVRW8KcLVAo913z1QPt-w4uZxN_u5drvCtUraJqr7FpgrZ2m2JLQo"}'
    headers:
      cache-control: no-cache
      content-length: '812'
      content-type: application/json; charset=utf-8
      date: Mon, 19 Apr 2021 20:42:47 GMT
      expires: '-1'
      pragma: no-cache
      strict-transport-security: max-age=31536000;includeSubDomains
      x-content-type-options: nosniff
      x-ms-keyvault-network-info: conn_type=Ipv4;addr=172.92.159.124;act_addr_fam=InterNetwork;
      x-ms-keyvault-region: eastus2
      x-ms-keyvault-service-version: 1.2.236.0
      x-powered-by: ASP.NET
    status:
      code: 200
      message: OK
    url: https://mcpatinotest.vault.azure.net/keys/livekvtestrsa-verify-40962fcb1840/dbfa33d9b9bf4bb08a2fa79f5df87f8c/sign?api-version=7.2-preview
- request:
    body: '{"alg": "RS512", "value": "zZyL-eOHDnnq34aZaWgBMobx4x2Pm3mPRo4eqnRmLK6sE0jsXZFOFhMXaTcvILQxovTsMMh9JupeojYCnDvfrQ"}'
    headers:
      Accept:
      - application/json
      Content-Length:
      - '115'
      Content-Type:
      - application/json
      User-Agent:
      - azsdk-python-keyvault-keys/4.4.0b5 Python/3.5.3 (Windows-10-10.0.19041-SP0)
    method: POST
    uri: https://vaultname.vault.azure.net/keys/livekvtestrsa-verify-40962fcb1840/dbfa33d9b9bf4bb08a2fa79f5df87f8c/sign?api-version=7.2-preview
  response:
    body:
      string: '{"kid":"https://vaultname.vault.azure.net/keys/livekvtestrsa-verify-40962fcb1840/dbfa33d9b9bf4bb08a2fa79f5df87f8c","value":"pVe9VSa93LgJzC95FfN_ghOBWNyRJV2k3Zt7pRzZu8T-LWYrMIRFVA8_Ye_Lb_qy4BdBAq1AIbbTh7Q-YO55R53PQOrS6tlXq1nN20OmcNtdjnKRcer-iFGJvrBVIb8OuYhPwfo1a0BFC7Tyhn9XLDK-jX9U4-_rfE7QN3nFv45KxYUds8hW1m3AkFU5XhrJAZrWWE6pKd3fPu1goUzZNdZnbs43szBedIUZ67VMMaj7C2EyMGS5LabpfMn9AIEXaFzp6_jJIketH_IaSKt0KjIVc-5yi5kIVteFkn7MbpaxmYwqvkKeCU0swpNLCzQVQ-ZtBSo7hf-9UmipE1J2giQxzHnt--QDxtxbcv5lVE5sPYn8g95RdyILKrGnUXnz_6E5euZ81J49WGDDKpHVLXL0XT2-1HdUTFI20Ap84lGtc3NAu9Ae1nv1I_HcR5OAjSl591_jqwR7mdVv4cMBoGWmnj7oXMoto8dpiMhhGwSt4xyVNr4D1KSuplJCljB4dEWlFNzzLrZBp4-ottJK90o3CBV8KNZyilYPswk8hfk4E5OfnjRy9n5coN64aF1GWu08jtRgQL_AZzsQN4qKSWcYxRZFp7dvRWz36VymZtMf0bkxvPVzeR5dZw2zWVrPBz6ATjQ7h5CG0uzkIgER3anQtLxBK0rcNiRnlXB8q1o"}'
    headers:
      cache-control: no-cache
      content-length: '812'
      content-type: application/json; charset=utf-8
      date: Mon, 19 Apr 2021 20:42:48 GMT
      expires: '-1'
      pragma: no-cache
      strict-transport-security: max-age=31536000;includeSubDomains
      x-content-type-options: nosniff
      x-ms-keyvault-network-info: conn_type=Ipv4;addr=172.92.159.124;act_addr_fam=InterNetwork;
      x-ms-keyvault-region: eastus2
      x-ms-keyvault-service-version: 1.2.236.0
      x-powered-by: ASP.NET
    status:
      code: 200
      message: OK
    url: https://mcpatinotest.vault.azure.net/keys/livekvtestrsa-verify-40962fcb1840/dbfa33d9b9bf4bb08a2fa79f5df87f8c/sign?api-version=7.2-preview
version: 1
