{
  "Entries": [
    {
      "RequestUri": "https://vaultname.vault.azure.net/keys/livekvtesttestKey5fce2a61/create?api-version=7.3",
      "RequestMethod": "POST",
      "RequestHeaders": {
        "Accept": "application/json",
        "Accept-Encoding": "gzip, deflate",
        "Connection": "keep-alive",
        "Content-Length": "0",
        "Content-Type": "application/json",
        "User-Agent": "azsdk-python-keyvault-keys/4.5.1 Python/3.9.9 (Windows-10-10.0.22000-SP0)"
      },
      "RequestBody": null,
      "StatusCode": 401,
      "ResponseHeaders": {
        "Cache-Control": "no-cache",
        "Content-Length": "97",
        "Content-Type": "application/json; charset=utf-8",
        "Date": "Fri, 15 Apr 2022 22:02:54 GMT",
        "Expires": "-1",
        "Pragma": "no-cache",
        "Strict-Transport-Security": "max-age=31536000;includeSubDomains",
        "WWW-Authenticate": "Bearer authorization=\u0022https://login.windows.net/00000000-0000-0000-0000-000000000000\u0022, resource=\u0022https://vault.azure.net\u0022",
        "X-Content-Type-Options": "nosniff",
        "x-ms-keyvault-network-info": "conn_type=Ipv4;addr=73.232.137.144;act_addr_fam=InterNetwork;",
        "x-ms-keyvault-region": "westus2",
        "x-ms-keyvault-service-version": "1.9.358.1"
      },
      "ResponseBody": {
        "error": {
          "code": "Unauthorized",
          "message": "AKV10000: Request is missing a Bearer or PoP token."
        }
      }
    },
    {
      "RequestUri": "https://login.microsoftonline.com/00000000-0000-0000-0000-000000000000/v2.0/.well-known/openid-configuration",
      "RequestMethod": "GET",
      "RequestHeaders": {
        "Accept": "*/*",
        "Accept-Encoding": "gzip, deflate",
        "Connection": "keep-alive",
        "User-Agent": "azsdk-python-identity/1.10.0b2 Python/3.9.9 (Windows-10-10.0.22000-SP0)"
      },
      "RequestBody": null,
      "StatusCode": 200,
      "ResponseHeaders": {
        "Access-Control-Allow-Methods": "GET, OPTIONS",
        "Access-Control-Allow-Origin": "*",
        "Cache-Control": "max-age=86400, private",
        "Content-Length": "1753",
        "Content-Type": "application/json; charset=utf-8",
        "Date": "Fri, 15 Apr 2022 22:02:54 GMT",
        "P3P": "CP=\u0022DSP CUR OTPi IND OTRi ONL FIN\u0022",
        "Set-Cookie": [
          "fpc=AjXrbxA4WpZEtJruXChTXptv7ioyAwAAAGXh69kOAAAAwSDpKQUAAABw4evZDgAAAA; expires=Sun, 15-May-2022 22:02:54 GMT; path=/; secure; HttpOnly; SameSite=None",
          "x-ms-gateway-slice=estsfd; path=/; secure; samesite=none; httponly",
          "stsservicecookie=estsfd; path=/; secure; samesite=none; httponly"
        ],
        "Strict-Transport-Security": "max-age=31536000; includeSubDomains",
        "X-Content-Type-Options": "nosniff",
        "x-ms-ests-server": "2.1.12651.5 - EUS ProdSlices",
        "X-XSS-Protection": "0"
      },
      "ResponseBody": {
        "token_endpoint": "https://login.microsoftonline.com/00000000-0000-0000-0000-000000000000/oauth2/v2.0/token",
        "token_endpoint_auth_methods_supported": [
          "client_secret_post",
          "private_key_jwt",
          "client_secret_basic"
        ],
        "jwks_uri": "https://login.microsoftonline.com/00000000-0000-0000-0000-000000000000/discovery/v2.0/keys",
        "response_modes_supported": [
          "query",
          "fragment",
          "form_post"
        ],
        "subject_types_supported": [
          "pairwise"
        ],
        "id_token_signing_alg_values_supported": [
          "RS256"
        ],
        "response_types_supported": [
          "code",
          "id_token",
          "code id_token",
          "id_token token"
        ],
        "scopes_supported": [
          "openid",
          "profile",
          "email",
          "offline_access"
        ],
        "issuer": "https://login.microsoftonline.com/00000000-0000-0000-0000-000000000000/v2.0",
        "request_uri_parameter_supported": false,
        "userinfo_endpoint": "https://graph.microsoft.com/oidc/userinfo",
        "authorization_endpoint": "https://login.microsoftonline.com/00000000-0000-0000-0000-000000000000/oauth2/v2.0/authorize",
        "device_authorization_endpoint": "https://login.microsoftonline.com/00000000-0000-0000-0000-000000000000/oauth2/v2.0/devicecode",
        "http_logout_supported": true,
        "frontchannel_logout_supported": true,
        "end_session_endpoint": "https://login.microsoftonline.com/00000000-0000-0000-0000-000000000000/oauth2/v2.0/logout",
        "claims_supported": [
          "sub",
          "iss",
          "cloud_instance_name",
          "cloud_instance_host_name",
          "cloud_graph_host_name",
          "msgraph_host",
          "aud",
          "exp",
          "iat",
          "auth_time",
          "acr",
          "nonce",
          "preferred_username",
          "name",
          "tid",
          "ver",
          "at_hash",
          "c_hash",
          "email"
        ],
        "kerberos_endpoint": "https://login.microsoftonline.com/00000000-0000-0000-0000-000000000000/kerberos",
        "tenant_region_scope": "WW",
        "cloud_instance_name": "microsoftonline.com",
        "cloud_graph_host_name": "graph.windows.net",
        "msgraph_host": "graph.microsoft.com",
        "rbac_url": "https://pas.windows.net"
      }
    },
    {
      "RequestUri": "https://login.microsoftonline.com/common/discovery/instance?api-version=1.1\u0026authorization_endpoint=https://login.microsoftonline.com/common/oauth2/authorize",
      "RequestMethod": "GET",
      "RequestHeaders": {
        "Accept": "application/json",
        "Accept-Encoding": "gzip, deflate",
        "Connection": "keep-alive",
        "Cookie": "fpc=AjXrbxA4WpZEtJruXChTXptv7ioyAwAAAGXh69kOAAAAwSDpKQUAAABw4evZDgAAAA; stsservicecookie=estsfd; x-ms-gateway-slice=estsfd",
        "User-Agent": "azsdk-python-identity/1.10.0b2 Python/3.9.9 (Windows-10-10.0.22000-SP0)"
      },
      "RequestBody": null,
      "StatusCode": 200,
      "ResponseHeaders": {
        "Access-Control-Allow-Methods": "GET, OPTIONS",
        "Access-Control-Allow-Origin": "*",
        "Cache-Control": "max-age=86400, private",
        "Content-Length": "945",
        "Content-Type": "application/json; charset=utf-8",
        "Date": "Fri, 15 Apr 2022 22:02:54 GMT",
        "P3P": "CP=\u0022DSP CUR OTPi IND OTRi ONL FIN\u0022",
        "Set-Cookie": [
          "fpc=AjXrbxA4WpZEtJruXChTXptv7ioyAwAAAGXh69kOAAAAwSDpKQUAAABw4evZDgAAAA; expires=Sun, 15-May-2022 22:02:54 GMT; path=/; secure; HttpOnly; SameSite=None",
          "x-ms-gateway-slice=estsfd; path=/; secure; samesite=none; httponly",
          "stsservicecookie=estsfd; path=/; secure; samesite=none; httponly"
        ],
        "Strict-Transport-Security": "max-age=31536000; includeSubDomains",
        "X-Content-Type-Options": "nosniff",
        "x-ms-ests-server": "2.1.12621.9 - EUS ProdSlices",
        "X-XSS-Protection": "0"
      },
      "ResponseBody": {
        "tenant_discovery_endpoint": "https://login.microsoftonline.com/common/.well-known/openid-configuration",
        "api-version": "1.1",
        "metadata": [
          {
            "preferred_network": "login.microsoftonline.com",
            "preferred_cache": "login.windows.net",
            "aliases": [
              "login.microsoftonline.com",
              "login.windows.net",
              "login.microsoft.com",
              "sts.windows.net"
            ]
          },
          {
            "preferred_network": "login.partner.microsoftonline.cn",
            "preferred_cache": "login.partner.microsoftonline.cn",
            "aliases": [
              "login.partner.microsoftonline.cn",
              "login.chinacloudapi.cn"
            ]
          },
          {
            "preferred_network": "login.microsoftonline.de",
            "preferred_cache": "login.microsoftonline.de",
            "aliases": [
              "login.microsoftonline.de"
            ]
          },
          {
            "preferred_network": "login.microsoftonline.us",
            "preferred_cache": "login.microsoftonline.us",
            "aliases": [
              "login.microsoftonline.us",
              "login.usgovcloudapi.net"
            ]
          },
          {
            "preferred_network": "login-us.microsoftonline.com",
            "preferred_cache": "login-us.microsoftonline.com",
            "aliases": [
              "login-us.microsoftonline.com"
            ]
          }
        ]
      }
    },
    {
      "RequestUri": "https://vaultname.vault.azure.net/keys/livekvtesttestKey5fce2a61/create?api-version=7.3",
      "RequestMethod": "POST",
      "RequestHeaders": {
        "Accept": "application/json",
        "Accept-Encoding": "gzip, deflate",
        "Connection": "keep-alive",
        "Content-Length": "14",
        "Content-Type": "application/json",
        "User-Agent": "azsdk-python-keyvault-keys/4.5.1 Python/3.9.9 (Windows-10-10.0.22000-SP0)"
      },
      "RequestBody": {
        "kty": "RSA"
      },
      "StatusCode": 200,
      "ResponseHeaders": {
        "Cache-Control": "no-cache",
        "Content-Length": "699",
        "Content-Type": "application/json; charset=utf-8",
        "Date": "Fri, 15 Apr 2022 22:02:54 GMT",
        "Expires": "-1",
        "Pragma": "no-cache",
        "Strict-Transport-Security": "max-age=31536000;includeSubDomains",
        "X-Content-Type-Options": "nosniff",
        "x-ms-keyvault-network-info": "conn_type=Ipv4;addr=73.232.137.144;act_addr_fam=InterNetwork;",
        "x-ms-keyvault-rbac-assignment-id": "ae1ec34e-30ed-581a-9f84-7759a8c5a1fa",
        "x-ms-keyvault-rbac-cache": "ra_age=3644;da_age=9583;rd_age=9583;brd_age=9366;ra_notif_age=4223;dec_lev=2;",
        "x-ms-keyvault-region": "westus2",
        "x-ms-keyvault-service-version": "1.9.358.1"
      },
      "ResponseBody": {
        "key": {
          "kid": "https://vaultname.vault.azure.net/keys/livekvtesttestKey5fce2a61/08b80e43d56d4cd5b86374a7ac7039c5",
          "kty": "RSA",
          "key_ops": [
            "encrypt",
            "decrypt",
            "sign",
            "verify",
            "wrapKey",
            "unwrapKey"
          ],
          "n": "zYFctKw2i8F6vtM-vduuR5MhlUV_4sK6Xr8-W7fggWUSpF2NyOtiq1tdEnNRW4drexJ2ESz6iWXu5L_zpKUF1cPek4JyR8seOA7igCjF7HWzUYseGJWcbM-wg0aVnfmPb2ssSAj08Y54I8ksaDgvaHJOpiw4c5PzGG1eN24I1isp_Va7CKTKxYkLQynv18QYQJRFTRV8QVamlyfR8hgyeNi89qQCr5n4hyLyxCngvUngALvBQFRgkXAdRBJHn9p0h6-d5Ui6JOtN-IFca_L5ARwDIdTP9QZ9yhrrYjURaMEHmk0l1LtEy9soenIz-vHDI6WknDVIpA44lIqGlH4efQ",
          "e": "AQAB"
        },
        "attributes": {
          "enabled": true,
          "created": 1650060174,
          "updated": 1650060174,
          "recoveryLevel": "CustomizedRecoverable\u002BPurgeable",
          "recoverableDays": 7
        }
      }
    },
    {
      "RequestUri": "https://vaultname.vault.azure.net/keys/livekvtesttestKey5fce2a61/create?api-version=7.3",
      "RequestMethod": "POST",
      "RequestHeaders": {
        "Accept": "application/json",
        "Accept-Encoding": "gzip, deflate",
        "Connection": "keep-alive",
        "Content-Length": "14",
        "Content-Type": "application/json",
        "User-Agent": "azsdk-python-keyvault-keys/4.5.1 Python/3.9.9 (Windows-10-10.0.22000-SP0)"
      },
      "RequestBody": {
        "kty": "RSA"
      },
      "StatusCode": 200,
      "ResponseHeaders": {
        "Cache-Control": "no-cache",
        "Content-Length": "699",
        "Content-Type": "application/json; charset=utf-8",
        "Date": "Fri, 15 Apr 2022 22:02:57 GMT",
        "Expires": "-1",
        "Pragma": "no-cache",
        "Strict-Transport-Security": "max-age=31536000;includeSubDomains",
        "X-Content-Type-Options": "nosniff",
        "x-ms-keyvault-network-info": "conn_type=Ipv4;addr=73.232.137.144;act_addr_fam=InterNetwork;",
        "x-ms-keyvault-rbac-assignment-id": "ae1ec34e-30ed-581a-9f84-7759a8c5a1fa",
        "x-ms-keyvault-rbac-cache": "ra_age=3646;da_age=9585;rd_age=9585;brd_age=9368;ra_notif_age=4225;dec_lev=0;",
        "x-ms-keyvault-region": "westus2",
        "x-ms-keyvault-service-version": "1.9.358.1"
      },
      "ResponseBody": {
        "key": {
          "kid": "https://vaultname.vault.azure.net/keys/livekvtesttestKey5fce2a61/be738f9923d74d94ac3f7052ea35e4ab",
          "kty": "RSA",
          "key_ops": [
            "encrypt",
            "decrypt",
            "sign",
            "verify",
            "wrapKey",
            "unwrapKey"
          ],
          "n": "y3X4XUBB0n5geApv6n-PYyqahaT1NbzMwaS8zwx_u8weMCEFmzi994lHYfgGEmvjoXFQyDiq2IHSGs9t647MsJ9b8mT2X_Q96PYxCfB04uhlWTQl5TjaXLRk_TGjl7qVmt-IBrPnn6vtvuvOyOLC9UJZ5f4XFXU3Zhjfij-nvXN9IubumjFv2ivQMV5cKDBxumEtiZi13pSOF4mO5KVfuQCTWUsLS64jkmKZ-k3k_KCYA6xPi5HvkD9OGRDEJTpOTuhikpWm7zbiW5l8mdcT0rVZhGgM44xVyWSeiOFV5p72jAzVq1ZLuhKdB41-RIwrk49QqUUOthFZsjD6GPR9NQ",
          "e": "AQAB"
        },
        "attributes": {
          "enabled": true,
          "created": 1650060177,
          "updated": 1650060177,
          "recoveryLevel": "CustomizedRecoverable\u002BPurgeable",
          "recoverableDays": 7
        }
      }
    },
    {
      "RequestUri": "https://vaultname.vault.azure.net/keys/livekvtesttestKey5fce2a61/create?api-version=7.3",
      "RequestMethod": "POST",
      "RequestHeaders": {
        "Accept": "application/json",
        "Accept-Encoding": "gzip, deflate",
        "Connection": "keep-alive",
        "Content-Length": "14",
        "Content-Type": "application/json",
        "User-Agent": "azsdk-python-keyvault-keys/4.5.1 Python/3.9.9 (Windows-10-10.0.22000-SP0)"
      },
      "RequestBody": {
        "kty": "RSA"
      },
      "StatusCode": 200,
      "ResponseHeaders": {
        "Cache-Control": "no-cache",
        "Content-Length": "699",
        "Content-Type": "application/json; charset=utf-8",
        "Date": "Fri, 15 Apr 2022 22:02:59 GMT",
        "Expires": "-1",
        "Pragma": "no-cache",
        "Strict-Transport-Security": "max-age=31536000;includeSubDomains",
        "X-Content-Type-Options": "nosniff",
        "x-ms-keyvault-network-info": "conn_type=Ipv4;addr=73.232.137.144;act_addr_fam=InterNetwork;",
        "x-ms-keyvault-rbac-assignment-id": "ae1ec34e-30ed-581a-9f84-7759a8c5a1fa",
        "x-ms-keyvault-rbac-cache": "ra_age=3648;da_age=9587;rd_age=9587;brd_age=9370;ra_notif_age=4228;dec_lev=0;",
        "x-ms-keyvault-region": "westus2",
        "x-ms-keyvault-service-version": "1.9.358.1"
      },
      "ResponseBody": {
        "key": {
          "kid": "https://vaultname.vault.azure.net/keys/livekvtesttestKey5fce2a61/d22bdf01507143a995b5f941de0d7be5",
          "kty": "RSA",
          "key_ops": [
            "encrypt",
            "decrypt",
            "sign",
            "verify",
            "wrapKey",
            "unwrapKey"
          ],
          "n": "7gfJ-V7iqsXlIJF5P547s0e3YQlFLliqYl1Mx4dN04ZZOX3Ov4stEMldeQK8HXCCDIUIEO-Ge9q7l9upcFI6OGDtdX-PRFMJAu3E8ht0zP9fm9a4D7EUZvpB4EGgy3OqZOU21GX-rrmz8soWmSJgjHA0P90-PxwMpRs_Z70TBhsnO05KLJnuU8tk4ZBh_kHHKmq3NDOZEnDszA9eA3jOuZ84FS8oqtWP_fodpwYtMK0bVGrM1ICczq3GsK0URJIEWhyvRjCP2jq0RmAJnjKK5Ls8q_x67ZVS4WdH_PEUMpyZmvOj6fwY80k5AJ2Au0uLzDV6IXA_Cd1httT27rK1GQ",
          "e": "AQAB"
        },
        "attributes": {
          "enabled": true,
          "created": 1650060179,
          "updated": 1650060179,
          "recoveryLevel": "CustomizedRecoverable\u002BPurgeable",
          "recoverableDays": 7
        }
      }
    },
    {
      "RequestUri": "https://vaultname.vault.azure.net/keys/livekvtesttestKey5fce2a61/create?api-version=7.3",
      "RequestMethod": "POST",
      "RequestHeaders": {
        "Accept": "application/json",
        "Accept-Encoding": "gzip, deflate",
        "Connection": "keep-alive",
        "Content-Length": "14",
        "Content-Type": "application/json",
        "User-Agent": "azsdk-python-keyvault-keys/4.5.1 Python/3.9.9 (Windows-10-10.0.22000-SP0)"
      },
      "RequestBody": {
        "kty": "RSA"
      },
      "StatusCode": 200,
      "ResponseHeaders": {
        "Cache-Control": "no-cache",
        "Content-Length": "699",
        "Content-Type": "application/json; charset=utf-8",
        "Date": "Fri, 15 Apr 2022 22:03:01 GMT",
        "Expires": "-1",
        "Pragma": "no-cache",
        "Strict-Transport-Security": "max-age=31536000;includeSubDomains",
        "X-Content-Type-Options": "nosniff",
        "x-ms-keyvault-network-info": "conn_type=Ipv4;addr=73.232.137.144;act_addr_fam=InterNetwork;",
        "x-ms-keyvault-rbac-assignment-id": "ae1ec34e-30ed-581a-9f84-7759a8c5a1fa",
        "x-ms-keyvault-rbac-cache": "ra_age=3650;da_age=9589;rd_age=9589;brd_age=9373;ra_notif_age=4230;dec_lev=0;",
        "x-ms-keyvault-region": "westus2",
        "x-ms-keyvault-service-version": "1.9.358.1"
      },
      "ResponseBody": {
        "key": {
          "kid": "https://vaultname.vault.azure.net/keys/livekvtesttestKey5fce2a61/8b5f191fb2a84036a7dbfc2a7edffdc2",
          "kty": "RSA",
          "key_ops": [
            "encrypt",
            "decrypt",
            "sign",
            "verify",
            "wrapKey",
            "unwrapKey"
          ],
          "n": "z3u2OzQBs5RFPLXfbVNEw2i8dPU6VfcpPwLMadRsweLxxFq69K1t3OdKzRqYOBO-j90Z73mjiS-6FRjErLo0L7KgfbayW-y4J2CJoJnyh9raug5ApjIl5QY4XqZ2jDcef2bHUVvZNFHa-ZEQg_6kIiJbfrujpFQYD0IVZUJkifEf5Uxzj9XoCdC-om7gIX_VM0BOJ1bzpUZ0FCTMG4S-XzAZdq4IA2ZN5xhRCYXEeKFcyAwsoAOD_AA46QFJmeXI2uhZhxjFLAWuVpkxtrsaJcekrvOjRAhht_JAlUwqmI0XhC-Mq3DDvbxiuJOG_xIB-tLB7o-gTI057uyIMOmP2Q",
          "e": "AQAB"
        },
        "attributes": {
          "enabled": true,
          "created": 1650060181,
          "updated": 1650060181,
          "recoveryLevel": "CustomizedRecoverable\u002BPurgeable",
          "recoverableDays": 7
        }
      }
    },
    {
      "RequestUri": "https://vaultname.vault.azure.net/keys/livekvtesttestKey5fce2a61/create?api-version=7.3",
      "RequestMethod": "POST",
      "RequestHeaders": {
        "Accept": "application/json",
        "Accept-Encoding": "gzip, deflate",
        "Connection": "keep-alive",
        "Content-Length": "14",
        "Content-Type": "application/json",
        "User-Agent": "azsdk-python-keyvault-keys/4.5.1 Python/3.9.9 (Windows-10-10.0.22000-SP0)"
      },
      "RequestBody": {
        "kty": "RSA"
      },
      "StatusCode": 200,
      "ResponseHeaders": {
        "Cache-Control": "no-cache",
        "Content-Length": "699",
        "Content-Type": "application/json; charset=utf-8",
        "Date": "Fri, 15 Apr 2022 22:03:03 GMT",
        "Expires": "-1",
        "Pragma": "no-cache",
        "Strict-Transport-Security": "max-age=31536000;includeSubDomains",
        "X-Content-Type-Options": "nosniff",
        "x-ms-keyvault-network-info": "conn_type=Ipv4;addr=73.232.137.144;act_addr_fam=InterNetwork;",
        "x-ms-keyvault-rbac-assignment-id": "ae1ec34e-30ed-581a-9f84-7759a8c5a1fa",
        "x-ms-keyvault-rbac-cache": "ra_age=3653;da_age=9592;rd_age=9592;brd_age=9375;ra_notif_age=4232;dec_lev=0;",
        "x-ms-keyvault-region": "westus2",
        "x-ms-keyvault-service-version": "1.9.358.1"
      },
      "ResponseBody": {
        "key": {
          "kid": "https://vaultname.vault.azure.net/keys/livekvtesttestKey5fce2a61/b46586d75e8e4e75857241ed73ebc197",
          "kty": "RSA",
          "key_ops": [
            "encrypt",
            "decrypt",
            "sign",
            "verify",
            "wrapKey",
            "unwrapKey"
          ],
          "n": "zMKM0indQ2zvcB2cHsYtdZy3JFjheIoiVR4X5uPmJYLRh9d1FhazatuUi1NS0FUVHYGbvf7CIX3PodvI15i2k0y7laj4XohTjGjdSV8opMKgKEIhZwWIl5am5_8wedX5XWi-3Lm7Kz8ypsGOYyma-361xxqmGPquO6dOlLU96Bpd5vV8bi7_jFTd1Z9cUeH02THsIixvlYNgIo-vEOlkafmd9gl-rUJvSeLjWx4Ud--X2BxZLcVooBuddzCJZ044ajl9tFtjHFwLKAV4IiLa6KgkzEpn_A6nwql6XJRuFuuLhlT7OrmOW5i37aDG2mOjIQV8qqGlgH39LuviC3qX0Q",
          "e": "AQAB"
        },
        "attributes": {
          "enabled": true,
          "created": 1650060183,
          "updated": 1650060183,
          "recoveryLevel": "CustomizedRecoverable\u002BPurgeable",
          "recoverableDays": 7
        }
      }
    },
    {
      "RequestUri": "https://vaultname.vault.azure.net/keys/livekvtesttestKey5fce2a61/create?api-version=7.3",
      "RequestMethod": "POST",
      "RequestHeaders": {
        "Accept": "application/json",
        "Accept-Encoding": "gzip, deflate",
        "Connection": "keep-alive",
        "Content-Length": "14",
        "Content-Type": "application/json",
        "User-Agent": "azsdk-python-keyvault-keys/4.5.1 Python/3.9.9 (Windows-10-10.0.22000-SP0)"
      },
      "RequestBody": {
        "kty": "RSA"
      },
      "StatusCode": 200,
      "ResponseHeaders": {
        "Cache-Control": "no-cache",
        "Content-Length": "699",
        "Content-Type": "application/json; charset=utf-8",
        "Date": "Fri, 15 Apr 2022 22:03:05 GMT",
        "Expires": "-1",
        "Pragma": "no-cache",
        "Strict-Transport-Security": "max-age=31536000;includeSubDomains",
        "X-Content-Type-Options": "nosniff",
        "x-ms-keyvault-network-info": "conn_type=Ipv4;addr=73.232.137.144;act_addr_fam=InterNetwork;",
        "x-ms-keyvault-rbac-assignment-id": "ae1ec34e-30ed-581a-9f84-7759a8c5a1fa",
        "x-ms-keyvault-rbac-cache": "ra_age=3655;da_age=9594;rd_age=9594;brd_age=9377;ra_notif_age=4234;dec_lev=0;",
        "x-ms-keyvault-region": "westus2",
        "x-ms-keyvault-service-version": "1.9.358.1"
      },
      "ResponseBody": {
        "key": {
          "kid": "https://vaultname.vault.azure.net/keys/livekvtesttestKey5fce2a61/c2f13b4790d84e56844f7a342ccac1c3",
          "kty": "RSA",
          "key_ops": [
            "encrypt",
            "decrypt",
            "sign",
            "verify",
            "wrapKey",
            "unwrapKey"
          ],
          "n": "vKrFjLgVTLvQ1y0Xzgf3G2dKq3tcCTk5WlHtb24Kd8GsA2v6JMZaxLbveBMMLIuQAQQGhlGRrntnLQQ1dVWEgsn20C_Y1xxOdoVOQCKfFMzBEtJj8H7F2jItg9s2IOKU3OFb8xR2xCSyztUAdqOFUjIJmWHI8_3awySeTY6l2V1J2efXGooWvrWeVUKzjsKEUQ1r-SKuZT3H6ctd13hK6wUnS6txmeDuY-jKOti7-suOT5u-Svie7TQjUbC9pJj2E3PFJeVPFsqWZr1FjEdznUxXsUNFm-WWhmoowDFQvl-1Y5pxxax4T-rFo0q_JnxXHz07b_oUHZB6sk-okpo_HQ",
          "e": "AQAB"
        },
        "attributes": {
          "enabled": true,
          "created": 1650060186,
          "updated": 1650060186,
          "recoveryLevel": "CustomizedRecoverable\u002BPurgeable",
          "recoverableDays": 7
        }
      }
    },
    {
      "RequestUri": "https://vaultname.vault.azure.net/keys/livekvtesttestKey5fce2a61/create?api-version=7.3",
      "RequestMethod": "POST",
      "RequestHeaders": {
        "Accept": "application/json",
        "Accept-Encoding": "gzip, deflate",
        "Connection": "keep-alive",
        "Content-Length": "14",
        "Content-Type": "application/json",
        "User-Agent": "azsdk-python-keyvault-keys/4.5.1 Python/3.9.9 (Windows-10-10.0.22000-SP0)"
      },
      "RequestBody": {
        "kty": "RSA"
      },
      "StatusCode": 200,
      "ResponseHeaders": {
        "Cache-Control": "no-cache",
        "Content-Length": "699",
        "Content-Type": "application/json; charset=utf-8",
        "Date": "Fri, 15 Apr 2022 22:03:08 GMT",
        "Expires": "-1",
        "Pragma": "no-cache",
        "Strict-Transport-Security": "max-age=31536000;includeSubDomains",
        "X-Content-Type-Options": "nosniff",
        "x-ms-keyvault-network-info": "conn_type=Ipv4;addr=73.232.137.144;act_addr_fam=InterNetwork;",
        "x-ms-keyvault-rbac-assignment-id": "ae1ec34e-30ed-581a-9f84-7759a8c5a1fa",
        "x-ms-keyvault-rbac-cache": "ra_age=3657;da_age=9596;rd_age=9596;brd_age=9379;ra_notif_age=4237;dec_lev=0;",
        "x-ms-keyvault-region": "westus2",
        "x-ms-keyvault-service-version": "1.9.358.1"
      },
      "ResponseBody": {
        "key": {
          "kid": "https://vaultname.vault.azure.net/keys/livekvtesttestKey5fce2a61/1c6df8b8583b4acb869d42ba21ed51a8",
          "kty": "RSA",
          "key_ops": [
            "encrypt",
            "decrypt",
            "sign",
            "verify",
            "wrapKey",
            "unwrapKey"
          ],
          "n": "3Kh9aQdIcQx1HTyhoaXBcKHUVIMwymEd78tciDmcF6Z6XLYkFetPHKmO0rGZLeIH719dessORc73xcZbHMH64GJ0ZXWjb8F6U_55tkrCV-36pRME5KXcPRfolbGxErmqGoIOqX8tZOxTvXZQ3UNxFgJWfBhpTX6zjEDFrNfoq0kENtBFCVc2EpnR73112gH71TpjxewQ8vqPnXbRz2gjr0KyxIG_mVOS8-Y5mjgtn3bnCqTvCUB9z331ZeSaC_PBTUz6LBQoMJAw8XKJq7lQdGqG7adzHPK5W_07jgkzcA6x7O447neAdYjrKLbAvdvgJCYmarWDwPLM5eQR2gnDwQ",
          "e": "AQAB"
        },
        "attributes": {
          "enabled": true,
          "created": 1650060188,
          "updated": 1650060188,
          "recoveryLevel": "CustomizedRecoverable\u002BPurgeable",
          "recoverableDays": 7
        }
      }
    },
    {
      "RequestUri": "https://vaultname.vault.azure.net/keys/livekvtesttestKey5fce2a61/versions?maxresults=6\u0026api-version=7.3",
      "RequestMethod": "GET",
      "RequestHeaders": {
        "Accept": "application/json",
        "Accept-Encoding": "gzip, deflate",
        "Connection": "keep-alive",
        "User-Agent": "azsdk-python-keyvault-keys/4.5.1 Python/3.9.9 (Windows-10-10.0.22000-SP0)"
      },
      "RequestBody": null,
      "StatusCode": 200,
      "ResponseHeaders": {
        "Cache-Control": "no-cache",
        "Content-Length": "1891",
        "Content-Type": "application/json; charset=utf-8",
        "Date": "Fri, 15 Apr 2022 22:03:08 GMT",
        "Expires": "-1",
        "Pragma": "no-cache",
        "Strict-Transport-Security": "max-age=31536000;includeSubDomains",
        "X-Content-Type-Options": "nosniff",
        "x-ms-keyvault-network-info": "conn_type=Ipv4;addr=73.232.137.144;act_addr_fam=InterNetwork;",
        "x-ms-keyvault-rbac-assignment-id": "ae1ec34e-30ed-581a-9f84-7759a8c5a1fa",
        "x-ms-keyvault-rbac-cache": "ra_age=3657;da_age=9596;rd_age=9596;brd_age=9380;ra_notif_age=4237;dec_lev=1;",
        "x-ms-keyvault-region": "westus2",
        "x-ms-keyvault-service-version": "1.9.358.1"
      },
      "ResponseBody": {
        "value": [
          {
            "kid": "https://vaultname.vault.azure.net/keys/livekvtesttestKey5fce2a61/08b80e43d56d4cd5b86374a7ac7039c5",
            "attributes": {
              "enabled": true,
              "created": 1650060174,
              "updated": 1650060174,
              "recoveryLevel": "CustomizedRecoverable\u002BPurgeable",
              "recoverableDays": 7
            }
          },
          {
            "kid": "https://vaultname.vault.azure.net/keys/livekvtesttestKey5fce2a61/1c6df8b8583b4acb869d42ba21ed51a8",
            "attributes": {
              "enabled": true,
              "created": 1650060188,
              "updated": 1650060188,
              "recoveryLevel": "CustomizedRecoverable\u002BPurgeable",
              "recoverableDays": 7
            }
          },
          {
            "kid": "https://vaultname.vault.azure.net/keys/livekvtesttestKey5fce2a61/8b5f191fb2a84036a7dbfc2a7edffdc2",
            "attributes": {
              "enabled": true,
              "created": 1650060181,
              "updated": 1650060181,
              "recoveryLevel": "CustomizedRecoverable\u002BPurgeable",
              "recoverableDays": 7
            }
          },
          {
            "kid": "https://vaultname.vault.azure.net/keys/livekvtesttestKey5fce2a61/b46586d75e8e4e75857241ed73ebc197",
            "attributes": {
              "enabled": true,
              "created": 1650060183,
              "updated": 1650060183,
              "recoveryLevel": "CustomizedRecoverable\u002BPurgeable",
              "recoverableDays": 7
            }
          },
          {
            "kid": "https://vaultname.vault.azure.net/keys/livekvtesttestKey5fce2a61/be738f9923d74d94ac3f7052ea35e4ab",
            "attributes": {
              "enabled": true,
              "created": 1650060177,
              "updated": 1650060177,
              "recoveryLevel": "CustomizedRecoverable\u002BPurgeable",
              "recoverableDays": 7
            }
          },
          {
            "kid": "https://vaultname.vault.azure.net/keys/livekvtesttestKey5fce2a61/c2f13b4790d84e56844f7a342ccac1c3",
            "attributes": {
              "enabled": true,
              "created": 1650060186,
              "updated": 1650060186,
              "recoveryLevel": "CustomizedRecoverable\u002BPurgeable",
              "recoverableDays": 7
            }
          }
        ],
        "nextLink": "https://vaultname.vault.azure.net:443/keys/livekvtesttestKey5fce2a61/versions?api-version=7.3\u0026$skiptoken=eyJOZXh0TWFya2VyIjoiMiExNDQhTURBd01EWXlJV3RsZVM5TVNWWkZTMVpVUlZOVVZFVlRWRXRGV1RWR1EwVXlRVFl4TDBReU1rSkVSakF4TlRBM01UUXpRVGs1TlVJMVJqazBNVVJGTUVRM1FrVTFJVEF3TURBeU9DRTVPVGs1TFRFeUxUTXhWREl6T2pVNU9qVTVMams1T1RrNU9UbGFJUS0tIiwiVGFyZ2V0TG9jYXRpb24iOjB9\u0026maxresults=6"
      }
    },
    {
      "RequestUri": "https://vaultname.vault.azure.net/keys/livekvtesttestKey5fce2a61/versions?maxresults=6\u0026api-version=7.3\u0026$skiptoken=eyJOZXh0TWFya2VyIjoiMiExNDQhTURBd01EWXlJV3RsZVM5TVNWWkZTMVpVUlZOVVZFVlRWRXRGV1RWR1EwVXlRVFl4TDBReU1rSkVSakF4TlRBM01UUXpRVGs1TlVJMVJqazBNVVJGTUVRM1FrVTFJVEF3TURBeU9DRTVPVGs1TFRFeUxUTXhWREl6T2pVNU9qVTVMams1T1RrNU9UbGFJUS0tIiwiVGFyZ2V0TG9jYXRpb24iOjB9",
      "RequestMethod": "GET",
      "RequestHeaders": {
        "Accept": "application/json",
        "Accept-Encoding": "gzip, deflate",
        "Connection": "keep-alive",
        "User-Agent": "azsdk-python-keyvault-keys/4.5.1 Python/3.9.9 (Windows-10-10.0.22000-SP0)"
      },
      "RequestBody": null,
      "StatusCode": 200,
      "ResponseHeaders": {
        "Cache-Control": "no-cache",
        "Content-Length": "277",
        "Content-Type": "application/json; charset=utf-8",
        "Date": "Fri, 15 Apr 2022 22:03:08 GMT",
        "Expires": "-1",
        "Pragma": "no-cache",
        "Strict-Transport-Security": "max-age=31536000;includeSubDomains",
        "X-Content-Type-Options": "nosniff",
        "x-ms-keyvault-network-info": "conn_type=Ipv4;addr=73.232.137.144;act_addr_fam=InterNetwork;",
        "x-ms-keyvault-rbac-assignment-id": "ae1ec34e-30ed-581a-9f84-7759a8c5a1fa",
        "x-ms-keyvault-rbac-cache": "ra_age=3657;da_age=9596;rd_age=9596;brd_age=9380;ra_notif_age=4237;dec_lev=0;",
        "x-ms-keyvault-region": "westus2",
        "x-ms-keyvault-service-version": "1.9.358.1"
      },
      "ResponseBody": {
        "value": [
          {
            "kid": "https://vaultname.vault.azure.net/keys/livekvtesttestKey5fce2a61/d22bdf01507143a995b5f941de0d7be5",
            "attributes": {
              "enabled": true,
              "created": 1650060179,
              "updated": 1650060179,
              "recoveryLevel": "CustomizedRecoverable\u002BPurgeable",
              "recoverableDays": 7
            }
          }
        ],
        "nextLink": null
      }
    }
  ],
  "Variables": {}
}
