interactions:
- request:
    body: null
    headers:
      Accept:
      - application/json
      Accept-Encoding:
      - gzip, deflate
      Connection:
      - keep-alive
      Content-Length:
      - '0'
      Content-Type:
      - application/json
      User-Agent:
      - azsdk-python-keyvault-keys/4.5.0b1 Python/3.5.3 (Windows-10-10.0.19041-SP0)
    method: POST
    uri: https://vaultname.vault.azure.net/keys/livekvtestkey95c61223/create?api-version=7.3-preview
  response:
    body:
      string: '{"error":{"code":"Unauthorized","message":"Request is missing a Bearer
        or PoP token."}}'
    headers:
      cache-control:
      - no-cache
      content-length:
      - '87'
      content-type:
      - application/json; charset=utf-8
      date:
      - Wed, 14 Apr 2021 23:11:23 GMT
      expires:
      - '-1'
      pragma:
      - no-cache
      strict-transport-security:
      - max-age=31536000;includeSubDomains
      www-authenticate:
      - Bearer authorization="https://login.windows.net/72f988bf-86f1-41af-91ab-2d7cd011db47",
        resource="https://vault.azure.net"
      x-content-type-options:
      - nosniff
      x-ms-keyvault-network-info:
      - conn_type=Ipv4;addr=172.92.159.124;act_addr_fam=InterNetwork;
      x-ms-keyvault-region:
      - eastus2
      x-ms-keyvault-service-version:
      - 1.2.236.0
      x-powered-by:
      - ASP.NET
    status:
      code: 401
      message: Unauthorized
- request:
    body: '{"kty": "RSA"}'
    headers:
      Accept:
      - application/json
      Accept-Encoding:
      - gzip, deflate
      Connection:
      - keep-alive
      Content-Length:
      - '14'
      Content-Type:
      - application/json
      User-Agent:
      - azsdk-python-keyvault-keys/4.5.0b1 Python/3.5.3 (Windows-10-10.0.19041-SP0)
    method: POST
    uri: https://vaultname.vault.azure.net/keys/livekvtestkey95c61223/create?api-version=7.3-preview
  response:
    body:
      string: '{"key":{"kid":"https://vaultname.vault.azure.net/keys/livekvtestkey95c61223/abbba73502244b048f87d00c45362a4c","kty":"RSA","key_ops":["encrypt","decrypt","sign","verify","wrapKey","unwrapKey"],"n":"4pRiFVdG1sTh7O7qlhKIka-uS3c692HzhSXIRorH2TMWgpMeiQhBJduAs-AIB4LJ-N_aPjn4liTeXX1Kwn2dXF6ufhIjRvQhMQhua0-tu-1fLID9PUxYxqs6BwcukQRWBMeDJTc7PfHTwnNQCyIQXdbhgIdndk2ARsbeZ4W6TvQvba5UENsPTjvOc-nBX85JdAyiz761jtc0V5UApgjMgMN_bgOE7ugCmi1blvK3lXiLLZuEQ7ERDBl776cTGa0rubHUt4appQOdtpj3wqa6PUBHRBHzARqtrYdWaOtZlWc8UcpfPdXPgojfJemo40cGTJc94Dfka4f_sLAVnZ_N_Q","e":"AQAB"},"attributes":{"enabled":true,"created":1618441884,"updated":1618441884,"recoveryLevel":"Recoverable+Purgeable","recoverableDays":90}}'
    headers:
      cache-control:
      - no-cache
      content-length:
      - '689'
      content-type:
      - application/json; charset=utf-8
      date:
      - Wed, 14 Apr 2021 23:11:24 GMT
      expires:
      - '-1'
      pragma:
      - no-cache
      strict-transport-security:
      - max-age=31536000;includeSubDomains
      x-content-type-options:
      - nosniff
      x-ms-keyvault-network-info:
      - conn_type=Ipv4;addr=172.92.159.124;act_addr_fam=InterNetwork;
      x-ms-keyvault-region:
      - eastus2
      x-ms-keyvault-service-version:
      - 1.2.236.0
      x-powered-by:
      - ASP.NET
    status:
      code: 200
      message: OK
- request:
    body: null
    headers:
      Accept:
      - application/json
      Accept-Encoding:
      - gzip, deflate
      Connection:
      - keep-alive
      User-Agent:
      - azsdk-python-keyvault-keys/4.5.0b1 Python/3.5.3 (Windows-10-10.0.19041-SP0)
    method: GET
    uri: https://vaultname.vault.azure.net/keys/livekvtestkey95c61223/?api-version=7.3-preview
  response:
    body:
      string: '{"key":{"kid":"https://vaultname.vault.azure.net/keys/livekvtestkey95c61223/abbba73502244b048f87d00c45362a4c","kty":"RSA","key_ops":["encrypt","decrypt","sign","verify","wrapKey","unwrapKey"],"n":"4pRiFVdG1sTh7O7qlhKIka-uS3c692HzhSXIRorH2TMWgpMeiQhBJduAs-AIB4LJ-N_aPjn4liTeXX1Kwn2dXF6ufhIjRvQhMQhua0-tu-1fLID9PUxYxqs6BwcukQRWBMeDJTc7PfHTwnNQCyIQXdbhgIdndk2ARsbeZ4W6TvQvba5UENsPTjvOc-nBX85JdAyiz761jtc0V5UApgjMgMN_bgOE7ugCmi1blvK3lXiLLZuEQ7ERDBl776cTGa0rubHUt4appQOdtpj3wqa6PUBHRBHzARqtrYdWaOtZlWc8UcpfPdXPgojfJemo40cGTJc94Dfka4f_sLAVnZ_N_Q","e":"AQAB"},"attributes":{"enabled":true,"created":1618441884,"updated":1618441884,"recoveryLevel":"Recoverable+Purgeable","recoverableDays":90}}'
    headers:
      cache-control:
      - no-cache
      content-length:
      - '689'
      content-type:
      - application/json; charset=utf-8
      date:
      - Wed, 14 Apr 2021 23:11:24 GMT
      expires:
      - '-1'
      pragma:
      - no-cache
      strict-transport-security:
      - max-age=31536000;includeSubDomains
      x-content-type-options:
      - nosniff
      x-ms-keyvault-network-info:
      - conn_type=Ipv4;addr=172.92.159.124;act_addr_fam=InterNetwork;
      x-ms-keyvault-region:
      - eastus2
      x-ms-keyvault-service-version:
      - 1.2.236.0
      x-powered-by:
      - ASP.NET
    status:
      code: 200
      message: OK
version: 1
