interactions:
- request:
    body: null
    headers:
      Accept:
      - application/json
      Accept-Encoding:
      - gzip, deflate
      Connection:
      - keep-alive
      Content-Length:
      - '0'
      Content-Type:
      - application/json
      User-Agent:
      - azsdk-python-keyvault-keys/4.5.0b1 Python/3.5.3 (Windows-10-10.0.19041-SP0)
    method: POST
    uri: https://managedhsmname.managedhsm.azure.net/keys/livekvtestwrap-locale89e13e2/create?api-version=7.3-preview
  response:
    body:
      string: ''
    headers:
      cache-control:
      - no-cache
      content-length:
      - '0'
      content-security-policy:
      - default-src 'self'
      content-type:
      - application/json; charset=utf-8
      strict-transport-security:
      - max-age=31536000; includeSubDomains
      www-authenticate:
      - Bearer authorization="https://login.microsoftonline.com/72f988bf-86f1-41af-91ab-2d7cd011db47",
        resource="https://managedhsm.azure.net"
      x-content-type-options:
      - nosniff
      x-frame-options:
      - SAMEORIGIN
      x-ms-server-latency:
      - '1'
    status:
      code: 401
      message: Unauthorized
- request:
    body: '{"key_size": 4096, "kty": "RSA-HSM"}'
    headers:
      Accept:
      - application/json
      Accept-Encoding:
      - gzip, deflate
      Connection:
      - keep-alive
      Content-Length:
      - '36'
      Content-Type:
      - application/json
      User-Agent:
      - azsdk-python-keyvault-keys/4.5.0b1 Python/3.5.3 (Windows-10-10.0.19041-SP0)
    method: POST
    uri: https://managedhsmname.managedhsm.azure.net/keys/livekvtestwrap-locale89e13e2/create?api-version=7.3-preview
  response:
    body:
      string: '{"attributes":{"created":1618441037,"enabled":true,"exportable":false,"recoverableDays":90,"recoveryLevel":"Recoverable+Purgeable","updated":1618441037},"key":{"e":"AQAB","key_ops":["wrapKey","decrypt","encrypt","unwrapKey","sign","verify"],"kid":"https://managedhsmname.managedhsm.azure.net/keys/livekvtestwrap-locale89e13e2/f298aa99c68a4ef8284d5e0e3cde8fb6","kty":"RSA-HSM","n":"sIfnk0eclEkqhHXyswTMgCCKqiiwVm7yCKQAdHJPr0ZwL7k3KstkOcaGyF8bGMXyFMiyfdeqe4aQwxDdsbmN0WReYZuiDv8vD6YNEaoJbSnxUWjoe1Nzk8POAh51fgUuwGzy-ZErqX8pUhhGjOCKIGw6qENfere1X2nCRbWB4qtw-kd63x1acWckZF38bOZTKXf5ivzOc5Uj6F09Jmkzp3W0m2Jw9YGZOjN5sOaL3Xfz9FHWn7K8N7wgI-HKwpHOmXKSJ2HiveyR0GhoFx2jyydMZ2so_8cGK3yj72Hoc_etkkW8H1pnvFKlGu6blXQGDW_fG27Ei8cFxRKMPfr7pxfLJYupB_z-afNnRzfFxZ4ljHnl1oBEodiJs_KxSJ3gxKXdxPlTxSrTAp2WexUYwEvcGeCOESom0yKH7pDmhjlt-ustZYSwlGZtHU2HguPnk7iW-NP1EUz5RpGlMpypmwkLN4dnvPt2hIDVgqkeq43B7MrSFUgdfPiM36lIM8atRYMEjwk0q7q9lBBKmEhV4KkJO38ZZ5CgeySOiknK-NoyKLTG_QAzcllgQWmVZ2elWO_7Uh3nb3WM_q-e68mmBXJykrc-cjvH62h4juYcWMVYjQc3ub_VNBCs6fZGIfiqzgRZ01HoREYJrPre2m_BtyxVW_TrqatPiFqqwQTmtS0"}}'
    headers:
      cache-control:
      - no-cache
      content-length:
      - '1068'
      content-security-policy:
      - default-src 'self'
      content-type:
      - application/json; charset=utf-8
      strict-transport-security:
      - max-age=31536000; includeSubDomains
      x-content-type-options:
      - nosniff
      x-frame-options:
      - SAMEORIGIN
      x-ms-keyvault-network-info:
      - conn_type=Ipv4;addr=172.92.159.124;act_addr_fam=Ipv4;
      x-ms-keyvault-region:
      - eastus2
      x-ms-server-latency:
      - '245'
    status:
      code: 200
      message: OK
- request:
    body: '{"alg": "RSA-OAEP", "value": "oBaZ1UND1JjQJNCVxSf4N72l4dcEA5Pl0E6b7Vecevh2mRKw_ZXnXYM9wWlwv4TEu7Dp462eZcBpO6M8xKBpABf8cDG_Kl4XB-J8O3AZdewqxc3eJ9eOFBdqICl2dw3jJWdWmGCj7CKd4gFVnstsC7rGjBOzY_RocDsuqj1KumaDMudMqMC2SWG43rhi2sueK4gJg0drVqemwwg6CmjxdIJzcfbXz6eM1trv5bPv0NhDGcVeG69G-CIY4lWsDpREe9fL1hrkUEg8I7bMsmlgX33vPiI7ZSass6i3TAJ7RCeyQ_HhCleLtHOBkzLgvpScCmciRfnduBgr4zua2RlBl1nMPlIePlv55O-K51X4RtGRbI1HZVdQTvMJsNiCYuMKOWXzdQxsuuxcJu_gU4ZRhOQwf06e6rhjtvFe5vpwYBPSSAwBeF5w57yS5aQ5QAvgzDItgP4ln-Kb05bt4dX0uvs7zAngQ8TFNXDimQ_BbvUzAQn8MvG45S4_ygmbyvOGRA49Mv8Bdxebn1StrmtuJ4lPu1VVX72sinKtWKm1ZnxYhQsv05IGpLXk5sQSHHrY0hYgHy7u68ydTeq8CdVULp1Ddhu-FT7cRd-J-wY55YW_jSAv0bZs_MQuFaJM_atlUqJ8LjKCsqQl4a0aer5VUSpH7w7tEbNw1gJvYPIrYwg"}'
    headers:
      Accept:
      - application/json
      Accept-Encoding:
      - gzip, deflate
      Connection:
      - keep-alive
      Content-Length:
      - '715'
      Content-Type:
      - application/json
      User-Agent:
      - azsdk-python-keyvault-keys/4.5.0b1 Python/3.5.3 (Windows-10-10.0.19041-SP0)
    method: POST
    uri: https://managedhsmname.managedhsm.azure.net/keys/livekvtestwrap-locale89e13e2/f298aa99c68a4ef8284d5e0e3cde8fb6/unwrapkey?api-version=7.3-preview
  response:
    body:
      string: '{"alg":"RSA-OAEP","kid":"https://managedhsmname.managedhsm.azure.net/keys/livekvtestwrap-locale89e13e2/f298aa99c68a4ef8284d5e0e3cde8fb6","value":"NTA2M2U2YWFhODQ1ZjE1MDIwMDU0Nzk0NGZkMTk5Njc5Yzk4ZWQ2Zjk5ZGEwYTBiMmRhZmVhZjFmNDY4NDQ5NmZkNTMyYzFjMjI5OTY4Y2I5ZGVlNDQ5NTdmY2VmN2NjZWY1OWNlZGEwYjM2MmU1NmJjZDc4ZmQzZmFlZTU3ODFjNjIzYzBiYjIyYjM1YmVhYmRlMDY2NGZkMzBlMGU4MjRhYmEzZGQxYjBhZmZmYzRhM2Q5NTVlZGUyMGNmNmE4NTRkNTJjZmQ"}'
    headers:
      cache-control:
      - no-cache
      content-length:
      - '416'
      content-security-policy:
      - default-src 'self'
      content-type:
      - application/json; charset=utf-8
      strict-transport-security:
      - max-age=31536000; includeSubDomains
      x-content-type-options:
      - nosniff
      x-frame-options:
      - SAMEORIGIN
      x-ms-keyvault-network-info:
      - conn_type=Ipv4;addr=172.92.159.124;act_addr_fam=Ipv4;
      x-ms-keyvault-region:
      - eastus2
      x-ms-server-latency:
      - '106'
    status:
      code: 200
      message: OK
- request:
    body: '{"alg": "RSA-OAEP-256", "value": "SR0gGwBvov6DawsezNGIcYY3Ix8W4ICeufIWhYtWE7oN19QMpD4sTBH8sc7ANiVQInv9OfSyzrSybstRVWsAXbviFkBh6q-_-OQ2jB3QZR3Zy8YK6BVUL7obvpdHfEqtt6aT6B0lPgDgARz58eXutNq_Tt_3YOx_KghYntPancntRThRqa5djwi0zfwx3hZRgWcOFHI1rUAk2RkruNHnN9QqGVr-0fH80fVua8689NJVTXIKjayDRLOQ510hzP9GEVH4eD32fIv-DxwDcz9qIz2Qo_ztJ6pG66xyIGZlLG5Y9Mt680HYy4ioxeYDJP_2fDr9FSnkEl8j50Q4U9cPvX0imx5KQChrGOwR9s0qUpY88Oi_VBrZqJ-TtWaU8X06CAb-DJscb0OgNNxlr6G1JRMqAngWCHCutdy7N0CacBygLEWwA6-FKAuJUffanc-g9zJi99RtDuQ4n63uaA_nWmdP_dmxsCVTM480bomE17SAg05YUyp3Hs_RkSvaHwXu9HQvpSpKeRcTtAno5RtQdDh5deqd_b1GoBfub77DGYxu9gVjPa8V_-IsYmb5Znek9Ea3CD6KOIUAUwKih5BYrptfncOXyGCmmXQwDucI6XUF8m67PSSfk5vGjddVEyGqft4aRuHPjJ8KLwp_tQ4NnKN8hJtfhDfR5bS3JmN8gtE"}'
    headers:
      Accept:
      - application/json
      Accept-Encoding:
      - gzip, deflate
      Connection:
      - keep-alive
      Content-Length:
      - '719'
      Content-Type:
      - application/json
      User-Agent:
      - azsdk-python-keyvault-keys/4.5.0b1 Python/3.5.3 (Windows-10-10.0.19041-SP0)
    method: POST
    uri: https://managedhsmname.managedhsm.azure.net/keys/livekvtestwrap-locale89e13e2/f298aa99c68a4ef8284d5e0e3cde8fb6/unwrapkey?api-version=7.3-preview
  response:
    body:
      string: '{"alg":"RSA-OAEP-256","kid":"https://managedhsmname.managedhsm.azure.net/keys/livekvtestwrap-locale89e13e2/f298aa99c68a4ef8284d5e0e3cde8fb6","value":"NTA2M2U2YWFhODQ1ZjE1MDIwMDU0Nzk0NGZkMTk5Njc5Yzk4ZWQ2Zjk5ZGEwYTBiMmRhZmVhZjFmNDY4NDQ5NmZkNTMyYzFjMjI5OTY4Y2I5ZGVlNDQ5NTdmY2VmN2NjZWY1OWNlZGEwYjM2MmU1NmJjZDc4ZmQzZmFlZTU3ODFjNjIzYzBiYjIyYjM1YmVhYmRlMDY2NGZkMzBlMGU4MjRhYmEzZGQxYjBhZmZmYzRhM2Q5NTVlZGUyMGNmNmE4NTRkNTJjZmQ"}'
    headers:
      cache-control:
      - no-cache
      content-length:
      - '420'
      content-security-policy:
      - default-src 'self'
      content-type:
      - application/json; charset=utf-8
      strict-transport-security:
      - max-age=31536000; includeSubDomains
      x-content-type-options:
      - nosniff
      x-frame-options:
      - SAMEORIGIN
      x-ms-keyvault-network-info:
      - conn_type=Ipv4;addr=172.92.159.124;act_addr_fam=Ipv4;
      x-ms-keyvault-region:
      - eastus2
      x-ms-server-latency:
      - '13'
    status:
      code: 200
      message: OK
- request:
    body: '{"alg": "RSA1_5", "value": "BFIU1XmecpQkjHaiTfbtJOowG2vqU5HnB_EzjJ_dGko1jg4TKk45l2Vd-kBspodMV7Wm5fHWdkSEe1PaHPZQ0deaT_XRvO4d6mKvSDAQwakWDHnQkQx17aeClaabDaVrDnFOnDnNll_5mae_EL3m61o6o6xjSzpLSM4p_IQgaAm8Ert6n0_z-bssWvA9BpSi2cGlBMGkavCc2GC-iQmWNfcQvx2LrKX3hVg_X_8wFVgmSiYSRO8Zpkvpc8iPdpc5K4ZpYgz0IKW27sfBlLZfXm4pr-flhRzner1NYLfF-0Z6uiv2Kv3caq7nDZqNj6rDNqhwqaKfeXjnU4lmoQe5CEC6qjnCjetbr8CX1wW2cNhNxxjqE1gO_E680eANN4BwOmQ-dnHellfgZHtXaijRY1vT8yX5iLdKwKPcqiltzHdjBgU5h3ixsBWjcg3_kk6RjeobbYp-SPHN6hS6P5i7QKtLeATGkXHOgujTcCcub1zqqMUphDioTxNRFMh4hTYvf24Irhnf4TTt3RuWjT8w6m4Vlt5ToJF2XBStT9nQu9n6dAVFx_zacG0JV8yHbvsZcBAuiBja4uE8fkkWRSZUW2Fwmlb94yRO7r5Y6w_R9KOR1fWd8bEcfe4bnKDtV4fKbsbI3pjEc0VVWHBLW5y54adbfOZjEpn77Gbsa1sYZZY"}'
    headers:
      Accept:
      - application/json
      Accept-Encoding:
      - gzip, deflate
      Connection:
      - keep-alive
      Content-Length:
      - '713'
      Content-Type:
      - application/json
      User-Agent:
      - azsdk-python-keyvault-keys/4.5.0b1 Python/3.5.3 (Windows-10-10.0.19041-SP0)
    method: POST
    uri: https://managedhsmname.managedhsm.azure.net/keys/livekvtestwrap-locale89e13e2/f298aa99c68a4ef8284d5e0e3cde8fb6/unwrapkey?api-version=7.3-preview
  response:
    body:
      string: '{"alg":"RSA1_5","kid":"https://managedhsmname.managedhsm.azure.net/keys/livekvtestwrap-locale89e13e2/f298aa99c68a4ef8284d5e0e3cde8fb6","value":"NTA2M2U2YWFhODQ1ZjE1MDIwMDU0Nzk0NGZkMTk5Njc5Yzk4ZWQ2Zjk5ZGEwYTBiMmRhZmVhZjFmNDY4NDQ5NmZkNTMyYzFjMjI5OTY4Y2I5ZGVlNDQ5NTdmY2VmN2NjZWY1OWNlZGEwYjM2MmU1NmJjZDc4ZmQzZmFlZTU3ODFjNjIzYzBiYjIyYjM1YmVhYmRlMDY2NGZkMzBlMGU4MjRhYmEzZGQxYjBhZmZmYzRhM2Q5NTVlZGUyMGNmNmE4NTRkNTJjZmQ"}'
    headers:
      cache-control:
      - no-cache
      content-length:
      - '414'
      content-security-policy:
      - default-src 'self'
      content-type:
      - application/json; charset=utf-8
      strict-transport-security:
      - max-age=31536000; includeSubDomains
      x-content-type-options:
      - nosniff
      x-frame-options:
      - SAMEORIGIN
      x-ms-keyvault-network-info:
      - conn_type=Ipv4;addr=172.92.159.124;act_addr_fam=Ipv4;
      x-ms-keyvault-region:
      - eastus2
      x-ms-server-latency:
      - '13'
    status:
      code: 200
      message: OK
version: 1
