interactions:
- request:
    body: null
    headers:
      Accept:
      - application/json
      Accept-Encoding:
      - gzip, deflate
      Connection:
      - keep-alive
      Content-Length:
      - '0'
      Content-Type:
      - application/json
      User-Agent:
      - azsdk-python-keyvault-keys/4.4.0b5 Python/3.5.3 (Windows-10-10.0.19041-SP0)
    method: POST
    uri: https://vaultname.vault.azure.net/keys/livekvtestcrud-ec-keybaee17a0/create?api-version=7.2-preview
  response:
    body:
      string: '{"error":{"code":"Unauthorized","message":"Request is missing a Bearer
        or PoP token."}}'
    headers:
      cache-control:
      - no-cache
      content-length:
      - '87'
      content-type:
      - application/json; charset=utf-8
      date:
      - Mon, 19 Apr 2021 18:00:31 GMT
      expires:
      - '-1'
      pragma:
      - no-cache
      strict-transport-security:
      - max-age=31536000;includeSubDomains
      www-authenticate:
      - Bearer authorization="https://login.windows.net/72f988bf-86f1-41af-91ab-2d7cd011db47",
        resource="https://vault.azure.net"
      x-content-type-options:
      - nosniff
      x-ms-keyvault-network-info:
      - conn_type=Ipv4;addr=172.92.159.124;act_addr_fam=InterNetwork;
      x-ms-keyvault-region:
      - eastus2
      x-ms-keyvault-service-version:
      - 1.2.236.0
      x-powered-by:
      - ASP.NET
    status:
      code: 401
      message: Unauthorized
- request:
    body: '{"attributes": {"enabled": true}, "tags": {"test name": "CreateECKeyTest",
      "purpose": "unit test"}, "kty": "EC-HSM"}'
    headers:
      Accept:
      - application/json
      Accept-Encoding:
      - gzip, deflate
      Connection:
      - keep-alive
      Content-Length:
      - '116'
      Content-Type:
      - application/json
      User-Agent:
      - azsdk-python-keyvault-keys/4.4.0b5 Python/3.5.3 (Windows-10-10.0.19041-SP0)
    method: POST
    uri: https://vaultname.vault.azure.net/keys/livekvtestcrud-ec-keybaee17a0/create?api-version=7.2-preview
  response:
    body:
      string: '{"key":{"kid":"https://vaultname.vault.azure.net/keys/livekvtestcrud-ec-keybaee17a0/f1db3ded2ce84424801e7dd864d855cf","kty":"EC-HSM","key_ops":["sign","verify"],"crv":"P-256","x":"pqAegYPqzNf2z8Jc_ebcDuirzkeinFUYP1viaJ9oTvg","y":"8EvsovtptYjkYyTXZ4Gg1yIabSMkzhariHLArizyWLU"},"attributes":{"enabled":true,"created":1618855233,"updated":1618855233,"recoveryLevel":"Recoverable+Purgeable","recoverableDays":90},"tags":{"test
        name":"CreateECKeyTest","purpose":"unit test"}}'
    headers:
      cache-control:
      - no-cache
      content-length:
      - '473'
      content-type:
      - application/json; charset=utf-8
      date:
      - Mon, 19 Apr 2021 18:00:35 GMT
      expires:
      - '-1'
      pragma:
      - no-cache
      strict-transport-security:
      - max-age=31536000;includeSubDomains
      x-content-type-options:
      - nosniff
      x-ms-keyvault-network-info:
      - conn_type=Ipv4;addr=172.92.159.124;act_addr_fam=InterNetwork;
      x-ms-keyvault-region:
      - eastus2
      x-ms-keyvault-service-version:
      - 1.2.236.0
      x-powered-by:
      - ASP.NET
    status:
      code: 200
      message: OK
- request:
    body: '{"crv": "P-256", "kty": "EC"}'
    headers:
      Accept:
      - application/json
      Accept-Encoding:
      - gzip, deflate
      Connection:
      - keep-alive
      Content-Length:
      - '29'
      Content-Type:
      - application/json
      User-Agent:
      - azsdk-python-keyvault-keys/4.4.0b5 Python/3.5.3 (Windows-10-10.0.19041-SP0)
    method: POST
    uri: https://vaultname.vault.azure.net/keys/livekvtestcrud-P-256-ec-keybaee17a0/create?api-version=7.2-preview
  response:
    body:
      string: '{"key":{"kid":"https://vaultname.vault.azure.net/keys/livekvtestcrud-P-256-ec-keybaee17a0/c0cabc25321a495094be60f98eb92e15","kty":"EC","key_ops":["sign","verify"],"crv":"P-256","x":"fWBPmIsBKnYNhlRrDboGAd1DU-JxRzTajR98XwihW78","y":"0qJO6hiCMNK7zDR0kAqx02Zf7b96Ky0d8N0tb_ohOSA"},"attributes":{"enabled":true,"created":1618855237,"updated":1618855237,"recoveryLevel":"Recoverable+Purgeable","recoverableDays":90}}'
    headers:
      cache-control:
      - no-cache
      content-length:
      - '414'
      content-type:
      - application/json; charset=utf-8
      date:
      - Mon, 19 Apr 2021 18:00:37 GMT
      expires:
      - '-1'
      pragma:
      - no-cache
      strict-transport-security:
      - max-age=31536000;includeSubDomains
      x-content-type-options:
      - nosniff
      x-ms-keyvault-network-info:
      - conn_type=Ipv4;addr=172.92.159.124;act_addr_fam=InterNetwork;
      x-ms-keyvault-region:
      - eastus2
      x-ms-keyvault-service-version:
      - 1.2.236.0
      x-powered-by:
      - ASP.NET
    status:
      code: 200
      message: OK
- request:
    body: '{"key": {"key_ops": ["encrypt", "decrypt", "sign", "verify", "wrapKey",
      "unwrapKey"], "n": "AKCRTQAjSsaDshtMFdW-2Ie9yVnC5Xr1Suc06PAHINd10nXkVSB-N4TO62ClCkZV3XKnqU0nHo7o95WaZpym53W_DiO62umRtFKdl4UotL2QUh0y3SZWeWuoK2u_x2aMj17rUFN0f9GZMZ0pqEQNCPRBLVJ_-TEe2nGCWSC0exxGsRqz6R1zFkB-icfzQPe4WjQELOUXQ7J9RxhAPTTHtDivYYG-BeTRHrmF04JT1_6b9T_C8bAC0i0teT-nmlBLarQtBJKATXBx1yegbPOoiTqlQrFQP4MrKWNxtnB9Tcbjcvj-Z9je0ckI_eRc4DvAhqcUh_p15Dqg4GeaoNIO_jU",
      "qi": "AJ_nrkLpK8BPzVeARkvSHQyKwMWZ-a8CD95qsKfn0dOZAvXY-2xhQYTEwbED-0bpTNEKbIpA-ZkaHygmnzJkNbbFAnb9pkkzU8ZQqDP3JNgMfVIroWx58Oth9nJza2j7i-MkPRCUPEq3Ao0J52z7WJIiLji8TTVYW_NaiM1oxzsH",
      "e": "AQAB", "q": "AMPcZrZBqbc82DO8Q5zTT8ZXRGWrW36KktMllaIk1W2RHnRiQiW0jBWmcCgqUcQNHa1LwumjyNqwx28QBS37BTvG7ULGUoio6LrOeoiBGEMj-U19sX6m37plEhj5Mak7j3OPPY_T9rohjTW5aGGg9YSwq4jdz0RrmBX00ofYOjI3",
      "dp": "AMmhWb5yZcu6vJr8xJZ-t0_likxJRUMZAtEULaWZt2DgODj4y9JrZDJP6mvckzhQP0WXk2NuWbU2HR5pUeCN2wieG1B76VKoH76vfnaJDqT1NuJVBcP2SLHog3ffwZtMME5zjfygchG3kihqOSpwTQ9ETAqAJTkRC38fEhwAz_Cp",
      "kty": "RSA", "p": "ANHerI1o3dLB_VLVmZZVss8VZSYN5SaeQ_0qhfOSgOFwj__waCFmy2EG7l6l6f_Z-Y0L7Mn_LNov68lyWSFa2EuQUeVj4UoFHc5Di8ZUGiSsTwFM-XMtNuv8HmGgDYLL5BIJD3eTz71LdgW-Ez38OZH34b7VeG8zfeUDb8Hi30zz",
      "d": "Ynx9JGaBSP4iUsf6ZJ6opantRNdcdmzaQrKbZg6ZQE8Ohi1FYabJWvaoPSE-CiJEsDzShXZHMhUHN4X7Bn8BXaGQhK3p9HXgiwQKmix7oAJTu4ElUIyd8UC3UWHSZr40el4PaQD-HYu_eMzCXus34MnRiNbh_BUWm6T-Eidhk9d3kNIyaSi9YNDQHW6tjWrEhhq63O7JU1j9ZonFChZxpKk20jdkQKQURVAdpOdL-5j4I70ZxFuU6wHZj8DS8oRQfwGOvZKbgYDb5jgf3UNL_7eACqq92XPVX56vm7iKbqeyjCqAIx5y3hrSRIJtZlWCwjYnYQGd4unxDLi8wmJWSQ",
      "dq": "AKC9TAo9n2RDaggjdLXK8kiLrBVoaWFTpqXkzYXRhtsx4vWPAkxhfSnze05rVMl6HiXv7FnE0f0wYawzUJzoyuXBH0zS6D9BqCZPeF543AmWB27iPf38Q9Z8Rjr6oBgMSnGDV_mm8nDVQkeaDyE4cOZh-5UKvKShTKKQVwunmDNH"}}'
    headers:
      Accept:
      - application/json
      Accept-Encoding:
      - gzip, deflate
      Connection:
      - keep-alive
      Content-Length:
      - '1724'
      Content-Type:
      - application/json
      User-Agent:
      - azsdk-python-keyvault-keys/4.4.0b5 Python/3.5.3 (Windows-10-10.0.19041-SP0)
    method: PUT
    uri: https://vaultname.vault.azure.net/keys/livekvtestimport-test-keybaee17a0?api-version=7.2-preview
  response:
    body:
      string: '{"key":{"kid":"https://vaultname.vault.azure.net/keys/livekvtestimport-test-keybaee17a0/b3be978ab25e4b9dab46140741a6c94a","kty":"RSA","key_ops":["encrypt","decrypt","sign","verify","wrapKey","unwrapKey"],"n":"AKCRTQAjSsaDshtMFdW-2Ie9yVnC5Xr1Suc06PAHINd10nXkVSB-N4TO62ClCkZV3XKnqU0nHo7o95WaZpym53W_DiO62umRtFKdl4UotL2QUh0y3SZWeWuoK2u_x2aMj17rUFN0f9GZMZ0pqEQNCPRBLVJ_-TEe2nGCWSC0exxGsRqz6R1zFkB-icfzQPe4WjQELOUXQ7J9RxhAPTTHtDivYYG-BeTRHrmF04JT1_6b9T_C8bAC0i0teT-nmlBLarQtBJKATXBx1yegbPOoiTqlQrFQP4MrKWNxtnB9Tcbjcvj-Z9je0ckI_eRc4DvAhqcUh_p15Dqg4GeaoNIO_jU","e":"AQAB"},"attributes":{"enabled":true,"created":1618855237,"updated":1618855237,"recoveryLevel":"Recoverable+Purgeable","recoverableDays":90}}'
    headers:
      cache-control:
      - no-cache
      content-length:
      - '702'
      content-type:
      - application/json; charset=utf-8
      date:
      - Mon, 19 Apr 2021 18:00:37 GMT
      expires:
      - '-1'
      pragma:
      - no-cache
      strict-transport-security:
      - max-age=31536000;includeSubDomains
      x-content-type-options:
      - nosniff
      x-ms-keyvault-network-info:
      - conn_type=Ipv4;addr=172.92.159.124;act_addr_fam=InterNetwork;
      x-ms-keyvault-region:
      - eastus2
      x-ms-keyvault-service-version:
      - 1.2.236.0
      x-powered-by:
      - ASP.NET
    status:
      code: 200
      message: OK
- request:
    body: '{"key_ops": ["encrypt", "decrypt", "sign", "verify", "wrapKey", "unwrapKey"],
      "key_size": 2048, "tags": {"test name ": "CreateRSAKeyTest", "purpose": "unit
      test"}, "kty": "RSA"}'
    headers:
      Accept:
      - application/json
      Accept-Encoding:
      - gzip, deflate
      Connection:
      - keep-alive
      Content-Length:
      - '177'
      Content-Type:
      - application/json
      User-Agent:
      - azsdk-python-keyvault-keys/4.4.0b5 Python/3.5.3 (Windows-10-10.0.19041-SP0)
    method: POST
    uri: https://vaultname.vault.azure.net/keys/livekvtestcrud-rsa-keybaee17a0/create?api-version=7.2-preview
  response:
    body:
      string: '{"key":{"kid":"https://vaultname.vault.azure.net/keys/livekvtestcrud-rsa-keybaee17a0/ac0d79bdd4a942179dcadd69a50cec06","kty":"RSA","key_ops":["encrypt","decrypt","sign","verify","wrapKey","unwrapKey"],"n":"zTssDPtTsAS-KioaMgLQKP5oCCfHTast-tflp9Pz3OokGYjUMZtvNeGV1RJoyfeupuybQ7ixO3J4O81dVmjoumFbXscrDgpBvHZOjGiapVS6AXGHRCiFmOHCfs1Tjvvk4Q6gbEVaPuUHxTDEODsYwvrYgvSSyoFKP6uTOC5_kB3qx-U_mKWs1XKoi0hFZNoJdmIoPocHjPnO0FR_Cm_UqZDPJEivvxfAWYuTSa5zDa69l6drp4K2DY5UyDLWCgeKnecEhDF003n4hlRvISN2gEjVBjpcX4aGtEWQxQFSX8p-Ggw8PuO99DnjKVkIfY6W3HnLVfjCFNcUaMIw2d6KuQ","e":"AQAB"},"attributes":{"enabled":true,"created":1618855239,"updated":1618855239,"recoveryLevel":"Recoverable+Purgeable","recoverableDays":90},"tags":{"test
        name ":"CreateRSAKeyTest","purpose":"unit test"}}'
    headers:
      cache-control:
      - no-cache
      content-length:
      - '761'
      content-type:
      - application/json; charset=utf-8
      date:
      - Mon, 19 Apr 2021 18:00:39 GMT
      expires:
      - '-1'
      pragma:
      - no-cache
      strict-transport-security:
      - max-age=31536000;includeSubDomains
      x-content-type-options:
      - nosniff
      x-ms-keyvault-network-info:
      - conn_type=Ipv4;addr=172.92.159.124;act_addr_fam=InterNetwork;
      x-ms-keyvault-region:
      - eastus2
      x-ms-keyvault-service-version:
      - 1.2.236.0
      x-powered-by:
      - ASP.NET
    status:
      code: 200
      message: OK
- request:
    body: null
    headers:
      Accept:
      - application/json
      Accept-Encoding:
      - gzip, deflate
      Connection:
      - keep-alive
      User-Agent:
      - azsdk-python-keyvault-keys/4.4.0b5 Python/3.5.3 (Windows-10-10.0.19041-SP0)
    method: GET
    uri: https://vaultname.vault.azure.net/keys/livekvtestcrud-rsa-keybaee17a0/ac0d79bdd4a942179dcadd69a50cec06?api-version=7.2-preview
  response:
    body:
      string: '{"key":{"kid":"https://vaultname.vault.azure.net/keys/livekvtestcrud-rsa-keybaee17a0/ac0d79bdd4a942179dcadd69a50cec06","kty":"RSA","key_ops":["encrypt","decrypt","sign","verify","wrapKey","unwrapKey"],"n":"zTssDPtTsAS-KioaMgLQKP5oCCfHTast-tflp9Pz3OokGYjUMZtvNeGV1RJoyfeupuybQ7ixO3J4O81dVmjoumFbXscrDgpBvHZOjGiapVS6AXGHRCiFmOHCfs1Tjvvk4Q6gbEVaPuUHxTDEODsYwvrYgvSSyoFKP6uTOC5_kB3qx-U_mKWs1XKoi0hFZNoJdmIoPocHjPnO0FR_Cm_UqZDPJEivvxfAWYuTSa5zDa69l6drp4K2DY5UyDLWCgeKnecEhDF003n4hlRvISN2gEjVBjpcX4aGtEWQxQFSX8p-Ggw8PuO99DnjKVkIfY6W3HnLVfjCFNcUaMIw2d6KuQ","e":"AQAB"},"attributes":{"enabled":true,"created":1618855239,"updated":1618855239,"recoveryLevel":"Recoverable+Purgeable","recoverableDays":90},"tags":{"test
        name ":"CreateRSAKeyTest","purpose":"unit test"}}'
    headers:
      cache-control:
      - no-cache
      content-length:
      - '761'
      content-type:
      - application/json; charset=utf-8
      date:
      - Mon, 19 Apr 2021 18:00:39 GMT
      expires:
      - '-1'
      pragma:
      - no-cache
      strict-transport-security:
      - max-age=31536000;includeSubDomains
      x-content-type-options:
      - nosniff
      x-ms-keyvault-network-info:
      - conn_type=Ipv4;addr=172.92.159.124;act_addr_fam=InterNetwork;
      x-ms-keyvault-region:
      - eastus2
      x-ms-keyvault-service-version:
      - 1.2.236.0
      x-powered-by:
      - ASP.NET
    status:
      code: 200
      message: OK
- request:
    body: null
    headers:
      Accept:
      - application/json
      Accept-Encoding:
      - gzip, deflate
      Connection:
      - keep-alive
      User-Agent:
      - azsdk-python-keyvault-keys/4.4.0b5 Python/3.5.3 (Windows-10-10.0.19041-SP0)
    method: GET
    uri: https://vaultname.vault.azure.net/keys/livekvtestcrud-rsa-keybaee17a0/?api-version=7.2-preview
  response:
    body:
      string: '{"key":{"kid":"https://vaultname.vault.azure.net/keys/livekvtestcrud-rsa-keybaee17a0/ac0d79bdd4a942179dcadd69a50cec06","kty":"RSA","key_ops":["encrypt","decrypt","sign","verify","wrapKey","unwrapKey"],"n":"zTssDPtTsAS-KioaMgLQKP5oCCfHTast-tflp9Pz3OokGYjUMZtvNeGV1RJoyfeupuybQ7ixO3J4O81dVmjoumFbXscrDgpBvHZOjGiapVS6AXGHRCiFmOHCfs1Tjvvk4Q6gbEVaPuUHxTDEODsYwvrYgvSSyoFKP6uTOC5_kB3qx-U_mKWs1XKoi0hFZNoJdmIoPocHjPnO0FR_Cm_UqZDPJEivvxfAWYuTSa5zDa69l6drp4K2DY5UyDLWCgeKnecEhDF003n4hlRvISN2gEjVBjpcX4aGtEWQxQFSX8p-Ggw8PuO99DnjKVkIfY6W3HnLVfjCFNcUaMIw2d6KuQ","e":"AQAB"},"attributes":{"enabled":true,"created":1618855239,"updated":1618855239,"recoveryLevel":"Recoverable+Purgeable","recoverableDays":90},"tags":{"test
        name ":"CreateRSAKeyTest","purpose":"unit test"}}'
    headers:
      cache-control:
      - no-cache
      content-length:
      - '761'
      content-type:
      - application/json; charset=utf-8
      date:
      - Mon, 19 Apr 2021 18:00:39 GMT
      expires:
      - '-1'
      pragma:
      - no-cache
      strict-transport-security:
      - max-age=31536000;includeSubDomains
      x-content-type-options:
      - nosniff
      x-ms-keyvault-network-info:
      - conn_type=Ipv4;addr=172.92.159.124;act_addr_fam=InterNetwork;
      x-ms-keyvault-region:
      - eastus2
      x-ms-keyvault-service-version:
      - 1.2.236.0
      x-powered-by:
      - ASP.NET
    status:
      code: 200
      message: OK
- request:
    body: '{"key_ops": ["decrypt", "encrypt"], "attributes": {"exp": 2524723200},
      "tags": {"foo": "updated tag"}}'
    headers:
      Accept:
      - application/json
      Accept-Encoding:
      - gzip, deflate
      Connection:
      - keep-alive
      Content-Length:
      - '102'
      Content-Type:
      - application/json
      User-Agent:
      - azsdk-python-keyvault-keys/4.4.0b5 Python/3.5.3 (Windows-10-10.0.19041-SP0)
    method: PATCH
    uri: https://vaultname.vault.azure.net/keys/livekvtestcrud-rsa-keybaee17a0/?api-version=7.2-preview
  response:
    body:
      string: '{"key":{"kid":"https://vaultname.vault.azure.net/keys/livekvtestcrud-rsa-keybaee17a0/ac0d79bdd4a942179dcadd69a50cec06","kty":"RSA","key_ops":["decrypt","encrypt"],"n":"zTssDPtTsAS-KioaMgLQKP5oCCfHTast-tflp9Pz3OokGYjUMZtvNeGV1RJoyfeupuybQ7ixO3J4O81dVmjoumFbXscrDgpBvHZOjGiapVS6AXGHRCiFmOHCfs1Tjvvk4Q6gbEVaPuUHxTDEODsYwvrYgvSSyoFKP6uTOC5_kB3qx-U_mKWs1XKoi0hFZNoJdmIoPocHjPnO0FR_Cm_UqZDPJEivvxfAWYuTSa5zDa69l6drp4K2DY5UyDLWCgeKnecEhDF003n4hlRvISN2gEjVBjpcX4aGtEWQxQFSX8p-Ggw8PuO99DnjKVkIfY6W3HnLVfjCFNcUaMIw2d6KuQ","e":"AQAB"},"attributes":{"enabled":true,"exp":2524723200,"created":1618855239,"updated":1618855241,"recoveryLevel":"Recoverable+Purgeable","recoverableDays":90},"tags":{"foo":"updated
        tag"}}'
    headers:
      cache-control:
      - no-cache
      content-length:
      - '706'
      content-type:
      - application/json; charset=utf-8
      date:
      - Mon, 19 Apr 2021 18:00:40 GMT
      expires:
      - '-1'
      pragma:
      - no-cache
      strict-transport-security:
      - max-age=31536000;includeSubDomains
      x-content-type-options:
      - nosniff
      x-ms-keyvault-network-info:
      - conn_type=Ipv4;addr=172.92.159.124;act_addr_fam=InterNetwork;
      x-ms-keyvault-region:
      - eastus2
      x-ms-keyvault-service-version:
      - 1.2.236.0
      x-powered-by:
      - ASP.NET
    status:
      code: 200
      message: OK
- request:
    body: null
    headers:
      Accept:
      - application/json
      Accept-Encoding:
      - gzip, deflate
      Connection:
      - keep-alive
      Content-Length:
      - '0'
      User-Agent:
      - azsdk-python-keyvault-keys/4.4.0b5 Python/3.5.3 (Windows-10-10.0.19041-SP0)
    method: DELETE
    uri: https://vaultname.vault.azure.net/keys/livekvtestcrud-rsa-keybaee17a0?api-version=7.2-preview
  response:
    body:
      string: '{"recoveryId":"https://vaultname.vault.azure.net/deletedkeys/livekvtestcrud-rsa-keybaee17a0","deletedDate":1618855241,"scheduledPurgeDate":1626631241,"key":{"kid":"https://vaultname.vault.azure.net/keys/livekvtestcrud-rsa-keybaee17a0/ac0d79bdd4a942179dcadd69a50cec06","kty":"RSA","key_ops":["decrypt","encrypt"],"n":"zTssDPtTsAS-KioaMgLQKP5oCCfHTast-tflp9Pz3OokGYjUMZtvNeGV1RJoyfeupuybQ7ixO3J4O81dVmjoumFbXscrDgpBvHZOjGiapVS6AXGHRCiFmOHCfs1Tjvvk4Q6gbEVaPuUHxTDEODsYwvrYgvSSyoFKP6uTOC5_kB3qx-U_mKWs1XKoi0hFZNoJdmIoPocHjPnO0FR_Cm_UqZDPJEivvxfAWYuTSa5zDa69l6drp4K2DY5UyDLWCgeKnecEhDF003n4hlRvISN2gEjVBjpcX4aGtEWQxQFSX8p-Ggw8PuO99DnjKVkIfY6W3HnLVfjCFNcUaMIw2d6KuQ","e":"AQAB"},"attributes":{"enabled":true,"exp":2524723200,"created":1618855239,"updated":1618855241,"recoveryLevel":"Recoverable+Purgeable","recoverableDays":90},"tags":{"foo":"updated
        tag"}}'
    headers:
      cache-control:
      - no-cache
      content-length:
      - '858'
      content-type:
      - application/json; charset=utf-8
      date:
      - Mon, 19 Apr 2021 18:00:41 GMT
      expires:
      - '-1'
      pragma:
      - no-cache
      strict-transport-security:
      - max-age=31536000;includeSubDomains
      x-content-type-options:
      - nosniff
      x-ms-keyvault-network-info:
      - conn_type=Ipv4;addr=172.92.159.124;act_addr_fam=InterNetwork;
      x-ms-keyvault-region:
      - eastus2
      x-ms-keyvault-service-version:
      - 1.2.236.0
      x-powered-by:
      - ASP.NET
    status:
      code: 200
      message: OK
- request:
    body: null
    headers:
      Accept:
      - application/json
      Accept-Encoding:
      - gzip, deflate
      Connection:
      - keep-alive
      User-Agent:
      - azsdk-python-keyvault-keys/4.4.0b5 Python/3.5.3 (Windows-10-10.0.19041-SP0)
    method: GET
    uri: https://vaultname.vault.azure.net/deletedkeys/livekvtestcrud-rsa-keybaee17a0?api-version=7.2-preview
  response:
    body:
      string: '{"error":{"code":"KeyNotFound","message":"Deleted Key not found: livekvtestcrud-rsa-keybaee17a0"}}'
    headers:
      cache-control:
      - no-cache
      content-length:
      - '98'
      content-type:
      - application/json; charset=utf-8
      date:
      - Mon, 19 Apr 2021 18:00:41 GMT
      expires:
      - '-1'
      pragma:
      - no-cache
      strict-transport-security:
      - max-age=31536000;includeSubDomains
      x-content-type-options:
      - nosniff
      x-ms-keyvault-network-info:
      - conn_type=Ipv4;addr=172.92.159.124;act_addr_fam=InterNetwork;
      x-ms-keyvault-region:
      - eastus2
      x-ms-keyvault-service-version:
      - 1.2.236.0
      x-powered-by:
      - ASP.NET
    status:
      code: 404
      message: Not Found
- request:
    body: null
    headers:
      Accept:
      - application/json
      Accept-Encoding:
      - gzip, deflate
      Connection:
      - keep-alive
      User-Agent:
      - azsdk-python-keyvault-keys/4.4.0b5 Python/3.5.3 (Windows-10-10.0.19041-SP0)
    method: GET
    uri: https://vaultname.vault.azure.net/deletedkeys/livekvtestcrud-rsa-keybaee17a0?api-version=7.2-preview
  response:
    body:
      string: '{"error":{"code":"KeyNotFound","message":"Deleted Key not found: livekvtestcrud-rsa-keybaee17a0"}}'
    headers:
      cache-control:
      - no-cache
      content-length:
      - '98'
      content-type:
      - application/json; charset=utf-8
      date:
      - Mon, 19 Apr 2021 18:00:43 GMT
      expires:
      - '-1'
      pragma:
      - no-cache
      strict-transport-security:
      - max-age=31536000;includeSubDomains
      x-content-type-options:
      - nosniff
      x-ms-keyvault-network-info:
      - conn_type=Ipv4;addr=172.92.159.124;act_addr_fam=InterNetwork;
      x-ms-keyvault-region:
      - eastus2
      x-ms-keyvault-service-version:
      - 1.2.236.0
      x-powered-by:
      - ASP.NET
    status:
      code: 404
      message: Not Found
- request:
    body: null
    headers:
      Accept:
      - application/json
      Accept-Encoding:
      - gzip, deflate
      Connection:
      - keep-alive
      User-Agent:
      - azsdk-python-keyvault-keys/4.4.0b5 Python/3.5.3 (Windows-10-10.0.19041-SP0)
    method: GET
    uri: https://vaultname.vault.azure.net/deletedkeys/livekvtestcrud-rsa-keybaee17a0?api-version=7.2-preview
  response:
    body:
      string: '{"error":{"code":"KeyNotFound","message":"Deleted Key not found: livekvtestcrud-rsa-keybaee17a0"}}'
    headers:
      cache-control:
      - no-cache
      content-length:
      - '98'
      content-type:
      - application/json; charset=utf-8
      date:
      - Mon, 19 Apr 2021 18:00:45 GMT
      expires:
      - '-1'
      pragma:
      - no-cache
      strict-transport-security:
      - max-age=31536000;includeSubDomains
      x-content-type-options:
      - nosniff
      x-ms-keyvault-network-info:
      - conn_type=Ipv4;addr=172.92.159.124;act_addr_fam=InterNetwork;
      x-ms-keyvault-region:
      - eastus2
      x-ms-keyvault-service-version:
      - 1.2.236.0
      x-powered-by:
      - ASP.NET
    status:
      code: 404
      message: Not Found
- request:
    body: null
    headers:
      Accept:
      - application/json
      Accept-Encoding:
      - gzip, deflate
      Connection:
      - keep-alive
      User-Agent:
      - azsdk-python-keyvault-keys/4.4.0b5 Python/3.5.3 (Windows-10-10.0.19041-SP0)
    method: GET
    uri: https://vaultname.vault.azure.net/deletedkeys/livekvtestcrud-rsa-keybaee17a0?api-version=7.2-preview
  response:
    body:
      string: '{"error":{"code":"KeyNotFound","message":"Deleted Key not found: livekvtestcrud-rsa-keybaee17a0"}}'
    headers:
      cache-control:
      - no-cache
      content-length:
      - '98'
      content-type:
      - application/json; charset=utf-8
      date:
      - Mon, 19 Apr 2021 18:00:47 GMT
      expires:
      - '-1'
      pragma:
      - no-cache
      strict-transport-security:
      - max-age=31536000;includeSubDomains
      x-content-type-options:
      - nosniff
      x-ms-keyvault-network-info:
      - conn_type=Ipv4;addr=172.92.159.124;act_addr_fam=InterNetwork;
      x-ms-keyvault-region:
      - eastus2
      x-ms-keyvault-service-version:
      - 1.2.236.0
      x-powered-by:
      - ASP.NET
    status:
      code: 404
      message: Not Found
- request:
    body: null
    headers:
      Accept:
      - application/json
      Accept-Encoding:
      - gzip, deflate
      Connection:
      - keep-alive
      User-Agent:
      - azsdk-python-keyvault-keys/4.4.0b5 Python/3.5.3 (Windows-10-10.0.19041-SP0)
    method: GET
    uri: https://vaultname.vault.azure.net/deletedkeys/livekvtestcrud-rsa-keybaee17a0?api-version=7.2-preview
  response:
    body:
      string: '{"error":{"code":"KeyNotFound","message":"Deleted Key not found: livekvtestcrud-rsa-keybaee17a0"}}'
    headers:
      cache-control:
      - no-cache
      content-length:
      - '98'
      content-type:
      - application/json; charset=utf-8
      date:
      - Mon, 19 Apr 2021 18:00:49 GMT
      expires:
      - '-1'
      pragma:
      - no-cache
      strict-transport-security:
      - max-age=31536000;includeSubDomains
      x-content-type-options:
      - nosniff
      x-ms-keyvault-network-info:
      - conn_type=Ipv4;addr=172.92.159.124;act_addr_fam=InterNetwork;
      x-ms-keyvault-region:
      - eastus2
      x-ms-keyvault-service-version:
      - 1.2.236.0
      x-powered-by:
      - ASP.NET
    status:
      code: 404
      message: Not Found
- request:
    body: null
    headers:
      Accept:
      - application/json
      Accept-Encoding:
      - gzip, deflate
      Connection:
      - keep-alive
      User-Agent:
      - azsdk-python-keyvault-keys/4.4.0b5 Python/3.5.3 (Windows-10-10.0.19041-SP0)
    method: GET
    uri: https://vaultname.vault.azure.net/deletedkeys/livekvtestcrud-rsa-keybaee17a0?api-version=7.2-preview
  response:
    body:
      string: '{"error":{"code":"KeyNotFound","message":"Deleted Key not found: livekvtestcrud-rsa-keybaee17a0"}}'
    headers:
      cache-control:
      - no-cache
      content-length:
      - '98'
      content-type:
      - application/json; charset=utf-8
      date:
      - Mon, 19 Apr 2021 18:00:51 GMT
      expires:
      - '-1'
      pragma:
      - no-cache
      strict-transport-security:
      - max-age=31536000;includeSubDomains
      x-content-type-options:
      - nosniff
      x-ms-keyvault-network-info:
      - conn_type=Ipv4;addr=172.92.159.124;act_addr_fam=InterNetwork;
      x-ms-keyvault-region:
      - eastus2
      x-ms-keyvault-service-version:
      - 1.2.236.0
      x-powered-by:
      - ASP.NET
    status:
      code: 404
      message: Not Found
- request:
    body: null
    headers:
      Accept:
      - application/json
      Accept-Encoding:
      - gzip, deflate
      Connection:
      - keep-alive
      User-Agent:
      - azsdk-python-keyvault-keys/4.4.0b5 Python/3.5.3 (Windows-10-10.0.19041-SP0)
    method: GET
    uri: https://vaultname.vault.azure.net/deletedkeys/livekvtestcrud-rsa-keybaee17a0?api-version=7.2-preview
  response:
    body:
      string: '{"error":{"code":"KeyNotFound","message":"Deleted Key not found: livekvtestcrud-rsa-keybaee17a0"}}'
    headers:
      cache-control:
      - no-cache
      content-length:
      - '98'
      content-type:
      - application/json; charset=utf-8
      date:
      - Mon, 19 Apr 2021 18:00:53 GMT
      expires:
      - '-1'
      pragma:
      - no-cache
      strict-transport-security:
      - max-age=31536000;includeSubDomains
      x-content-type-options:
      - nosniff
      x-ms-keyvault-network-info:
      - conn_type=Ipv4;addr=172.92.159.124;act_addr_fam=InterNetwork;
      x-ms-keyvault-region:
      - eastus2
      x-ms-keyvault-service-version:
      - 1.2.236.0
      x-powered-by:
      - ASP.NET
    status:
      code: 404
      message: Not Found
- request:
    body: null
    headers:
      Accept:
      - application/json
      Accept-Encoding:
      - gzip, deflate
      Connection:
      - keep-alive
      User-Agent:
      - azsdk-python-keyvault-keys/4.4.0b5 Python/3.5.3 (Windows-10-10.0.19041-SP0)
    method: GET
    uri: https://vaultname.vault.azure.net/deletedkeys/livekvtestcrud-rsa-keybaee17a0?api-version=7.2-preview
  response:
    body:
      string: '{"error":{"code":"KeyNotFound","message":"Deleted Key not found: livekvtestcrud-rsa-keybaee17a0"}}'
    headers:
      cache-control:
      - no-cache
      content-length:
      - '98'
      content-type:
      - application/json; charset=utf-8
      date:
      - Mon, 19 Apr 2021 18:00:55 GMT
      expires:
      - '-1'
      pragma:
      - no-cache
      strict-transport-security:
      - max-age=31536000;includeSubDomains
      x-content-type-options:
      - nosniff
      x-ms-keyvault-network-info:
      - conn_type=Ipv4;addr=172.92.159.124;act_addr_fam=InterNetwork;
      x-ms-keyvault-region:
      - eastus2
      x-ms-keyvault-service-version:
      - 1.2.236.0
      x-powered-by:
      - ASP.NET
    status:
      code: 404
      message: Not Found
- request:
    body: null
    headers:
      Accept:
      - application/json
      Accept-Encoding:
      - gzip, deflate
      Connection:
      - keep-alive
      User-Agent:
      - azsdk-python-keyvault-keys/4.4.0b5 Python/3.5.3 (Windows-10-10.0.19041-SP0)
    method: GET
    uri: https://vaultname.vault.azure.net/deletedkeys/livekvtestcrud-rsa-keybaee17a0?api-version=7.2-preview
  response:
    body:
      string: '{"error":{"code":"KeyNotFound","message":"Deleted Key not found: livekvtestcrud-rsa-keybaee17a0"}}'
    headers:
      cache-control:
      - no-cache
      content-length:
      - '98'
      content-type:
      - application/json; charset=utf-8
      date:
      - Mon, 19 Apr 2021 18:00:57 GMT
      expires:
      - '-1'
      pragma:
      - no-cache
      strict-transport-security:
      - max-age=31536000;includeSubDomains
      x-content-type-options:
      - nosniff
      x-ms-keyvault-network-info:
      - conn_type=Ipv4;addr=172.92.159.124;act_addr_fam=InterNetwork;
      x-ms-keyvault-region:
      - eastus2
      x-ms-keyvault-service-version:
      - 1.2.236.0
      x-powered-by:
      - ASP.NET
    status:
      code: 404
      message: Not Found
- request:
    body: null
    headers:
      Accept:
      - application/json
      Accept-Encoding:
      - gzip, deflate
      Connection:
      - keep-alive
      User-Agent:
      - azsdk-python-keyvault-keys/4.4.0b5 Python/3.5.3 (Windows-10-10.0.19041-SP0)
    method: GET
    uri: https://vaultname.vault.azure.net/deletedkeys/livekvtestcrud-rsa-keybaee17a0?api-version=7.2-preview
  response:
    body:
      string: '{"error":{"code":"KeyNotFound","message":"Deleted Key not found: livekvtestcrud-rsa-keybaee17a0"}}'
    headers:
      cache-control:
      - no-cache
      content-length:
      - '98'
      content-type:
      - application/json; charset=utf-8
      date:
      - Mon, 19 Apr 2021 18:01:00 GMT
      expires:
      - '-1'
      pragma:
      - no-cache
      strict-transport-security:
      - max-age=31536000;includeSubDomains
      x-content-type-options:
      - nosniff
      x-ms-keyvault-network-info:
      - conn_type=Ipv4;addr=172.92.159.124;act_addr_fam=InterNetwork;
      x-ms-keyvault-region:
      - eastus2
      x-ms-keyvault-service-version:
      - 1.2.236.0
      x-powered-by:
      - ASP.NET
    status:
      code: 404
      message: Not Found
- request:
    body: null
    headers:
      Accept:
      - application/json
      Accept-Encoding:
      - gzip, deflate
      Connection:
      - keep-alive
      User-Agent:
      - azsdk-python-keyvault-keys/4.4.0b5 Python/3.5.3 (Windows-10-10.0.19041-SP0)
    method: GET
    uri: https://vaultname.vault.azure.net/deletedkeys/livekvtestcrud-rsa-keybaee17a0?api-version=7.2-preview
  response:
    body:
      string: '{"error":{"code":"KeyNotFound","message":"Deleted Key not found: livekvtestcrud-rsa-keybaee17a0"}}'
    headers:
      cache-control:
      - no-cache
      content-length:
      - '98'
      content-type:
      - application/json; charset=utf-8
      date:
      - Mon, 19 Apr 2021 18:01:02 GMT
      expires:
      - '-1'
      pragma:
      - no-cache
      strict-transport-security:
      - max-age=31536000;includeSubDomains
      x-content-type-options:
      - nosniff
      x-ms-keyvault-network-info:
      - conn_type=Ipv4;addr=172.92.159.124;act_addr_fam=InterNetwork;
      x-ms-keyvault-region:
      - eastus2
      x-ms-keyvault-service-version:
      - 1.2.236.0
      x-powered-by:
      - ASP.NET
    status:
      code: 404
      message: Not Found
- request:
    body: null
    headers:
      Accept:
      - application/json
      Accept-Encoding:
      - gzip, deflate
      Connection:
      - keep-alive
      User-Agent:
      - azsdk-python-keyvault-keys/4.4.0b5 Python/3.5.3 (Windows-10-10.0.19041-SP0)
    method: GET
    uri: https://vaultname.vault.azure.net/deletedkeys/livekvtestcrud-rsa-keybaee17a0?api-version=7.2-preview
  response:
    body:
      string: '{"error":{"code":"KeyNotFound","message":"Deleted Key not found: livekvtestcrud-rsa-keybaee17a0"}}'
    headers:
      cache-control:
      - no-cache
      content-length:
      - '98'
      content-type:
      - application/json; charset=utf-8
      date:
      - Mon, 19 Apr 2021 18:01:04 GMT
      expires:
      - '-1'
      pragma:
      - no-cache
      strict-transport-security:
      - max-age=31536000;includeSubDomains
      x-content-type-options:
      - nosniff
      x-ms-keyvault-network-info:
      - conn_type=Ipv4;addr=172.92.159.124;act_addr_fam=InterNetwork;
      x-ms-keyvault-region:
      - eastus2
      x-ms-keyvault-service-version:
      - 1.2.236.0
      x-powered-by:
      - ASP.NET
    status:
      code: 404
      message: Not Found
- request:
    body: null
    headers:
      Accept:
      - application/json
      Accept-Encoding:
      - gzip, deflate
      Connection:
      - keep-alive
      User-Agent:
      - azsdk-python-keyvault-keys/4.4.0b5 Python/3.5.3 (Windows-10-10.0.19041-SP0)
    method: GET
    uri: https://vaultname.vault.azure.net/deletedkeys/livekvtestcrud-rsa-keybaee17a0?api-version=7.2-preview
  response:
    body:
      string: '{"error":{"code":"KeyNotFound","message":"Deleted Key not found: livekvtestcrud-rsa-keybaee17a0"}}'
    headers:
      cache-control:
      - no-cache
      content-length:
      - '98'
      content-type:
      - application/json; charset=utf-8
      date:
      - Mon, 19 Apr 2021 18:01:06 GMT
      expires:
      - '-1'
      pragma:
      - no-cache
      strict-transport-security:
      - max-age=31536000;includeSubDomains
      x-content-type-options:
      - nosniff
      x-ms-keyvault-network-info:
      - conn_type=Ipv4;addr=172.92.159.124;act_addr_fam=InterNetwork;
      x-ms-keyvault-region:
      - eastus2
      x-ms-keyvault-service-version:
      - 1.2.236.0
      x-powered-by:
      - ASP.NET
    status:
      code: 404
      message: Not Found
- request:
    body: null
    headers:
      Accept:
      - application/json
      Accept-Encoding:
      - gzip, deflate
      Connection:
      - keep-alive
      User-Agent:
      - azsdk-python-keyvault-keys/4.4.0b5 Python/3.5.3 (Windows-10-10.0.19041-SP0)
    method: GET
    uri: https://vaultname.vault.azure.net/deletedkeys/livekvtestcrud-rsa-keybaee17a0?api-version=7.2-preview
  response:
    body:
      string: '{"error":{"code":"KeyNotFound","message":"Deleted Key not found: livekvtestcrud-rsa-keybaee17a0"}}'
    headers:
      cache-control:
      - no-cache
      content-length:
      - '98'
      content-type:
      - application/json; charset=utf-8
      date:
      - Mon, 19 Apr 2021 18:01:08 GMT
      expires:
      - '-1'
      pragma:
      - no-cache
      strict-transport-security:
      - max-age=31536000;includeSubDomains
      x-content-type-options:
      - nosniff
      x-ms-keyvault-network-info:
      - conn_type=Ipv4;addr=172.92.159.124;act_addr_fam=InterNetwork;
      x-ms-keyvault-region:
      - eastus2
      x-ms-keyvault-service-version:
      - 1.2.236.0
      x-powered-by:
      - ASP.NET
    status:
      code: 404
      message: Not Found
- request:
    body: null
    headers:
      Accept:
      - application/json
      Accept-Encoding:
      - gzip, deflate
      Connection:
      - keep-alive
      User-Agent:
      - azsdk-python-keyvault-keys/4.4.0b5 Python/3.5.3 (Windows-10-10.0.19041-SP0)
    method: GET
    uri: https://vaultname.vault.azure.net/deletedkeys/livekvtestcrud-rsa-keybaee17a0?api-version=7.2-preview
  response:
    body:
      string: '{"error":{"code":"KeyNotFound","message":"Deleted Key not found: livekvtestcrud-rsa-keybaee17a0"}}'
    headers:
      cache-control:
      - no-cache
      content-length:
      - '98'
      content-type:
      - application/json; charset=utf-8
      date:
      - Mon, 19 Apr 2021 18:01:10 GMT
      expires:
      - '-1'
      pragma:
      - no-cache
      strict-transport-security:
      - max-age=31536000;includeSubDomains
      x-content-type-options:
      - nosniff
      x-ms-keyvault-network-info:
      - conn_type=Ipv4;addr=172.92.159.124;act_addr_fam=InterNetwork;
      x-ms-keyvault-region:
      - eastus2
      x-ms-keyvault-service-version:
      - 1.2.236.0
      x-powered-by:
      - ASP.NET
    status:
      code: 404
      message: Not Found
- request:
    body: null
    headers:
      Accept:
      - application/json
      Accept-Encoding:
      - gzip, deflate
      Connection:
      - keep-alive
      User-Agent:
      - azsdk-python-keyvault-keys/4.4.0b5 Python/3.5.3 (Windows-10-10.0.19041-SP0)
    method: GET
    uri: https://vaultname.vault.azure.net/deletedkeys/livekvtestcrud-rsa-keybaee17a0?api-version=7.2-preview
  response:
    body:
      string: '{"recoveryId":"https://vaultname.vault.azure.net/deletedkeys/livekvtestcrud-rsa-keybaee17a0","deletedDate":1618855241,"scheduledPurgeDate":1626631241,"key":{"kid":"https://vaultname.vault.azure.net/keys/livekvtestcrud-rsa-keybaee17a0/ac0d79bdd4a942179dcadd69a50cec06","kty":"RSA","key_ops":["decrypt","encrypt"],"n":"zTssDPtTsAS-KioaMgLQKP5oCCfHTast-tflp9Pz3OokGYjUMZtvNeGV1RJoyfeupuybQ7ixO3J4O81dVmjoumFbXscrDgpBvHZOjGiapVS6AXGHRCiFmOHCfs1Tjvvk4Q6gbEVaPuUHxTDEODsYwvrYgvSSyoFKP6uTOC5_kB3qx-U_mKWs1XKoi0hFZNoJdmIoPocHjPnO0FR_Cm_UqZDPJEivvxfAWYuTSa5zDa69l6drp4K2DY5UyDLWCgeKnecEhDF003n4hlRvISN2gEjVBjpcX4aGtEWQxQFSX8p-Ggw8PuO99DnjKVkIfY6W3HnLVfjCFNcUaMIw2d6KuQ","e":"AQAB"},"attributes":{"enabled":true,"exp":2524723200,"created":1618855239,"updated":1618855241,"recoveryLevel":"Recoverable+Purgeable","recoverableDays":90},"tags":{"foo":"updated
        tag"}}'
    headers:
      cache-control:
      - no-cache
      content-length:
      - '858'
      content-type:
      - application/json; charset=utf-8
      date:
      - Mon, 19 Apr 2021 18:01:12 GMT
      expires:
      - '-1'
      pragma:
      - no-cache
      strict-transport-security:
      - max-age=31536000;includeSubDomains
      x-content-type-options:
      - nosniff
      x-ms-keyvault-network-info:
      - conn_type=Ipv4;addr=172.92.159.124;act_addr_fam=InterNetwork;
      x-ms-keyvault-region:
      - eastus2
      x-ms-keyvault-service-version:
      - 1.2.236.0
      x-powered-by:
      - ASP.NET
    status:
      code: 200
      message: OK
- request:
    body: null
    headers:
      Accept:
      - application/json
      Accept-Encoding:
      - gzip, deflate
      Connection:
      - keep-alive
      User-Agent:
      - azsdk-python-keyvault-keys/4.4.0b5 Python/3.5.3 (Windows-10-10.0.19041-SP0)
    method: GET
    uri: https://vaultname.vault.azure.net/deletedkeys/livekvtestcrud-rsa-keybaee17a0?api-version=7.2-preview
  response:
    body:
      string: '{"recoveryId":"https://vaultname.vault.azure.net/deletedkeys/livekvtestcrud-rsa-keybaee17a0","deletedDate":1618855241,"scheduledPurgeDate":1626631241,"key":{"kid":"https://vaultname.vault.azure.net/keys/livekvtestcrud-rsa-keybaee17a0/ac0d79bdd4a942179dcadd69a50cec06","kty":"RSA","key_ops":["decrypt","encrypt"],"n":"zTssDPtTsAS-KioaMgLQKP5oCCfHTast-tflp9Pz3OokGYjUMZtvNeGV1RJoyfeupuybQ7ixO3J4O81dVmjoumFbXscrDgpBvHZOjGiapVS6AXGHRCiFmOHCfs1Tjvvk4Q6gbEVaPuUHxTDEODsYwvrYgvSSyoFKP6uTOC5_kB3qx-U_mKWs1XKoi0hFZNoJdmIoPocHjPnO0FR_Cm_UqZDPJEivvxfAWYuTSa5zDa69l6drp4K2DY5UyDLWCgeKnecEhDF003n4hlRvISN2gEjVBjpcX4aGtEWQxQFSX8p-Ggw8PuO99DnjKVkIfY6W3HnLVfjCFNcUaMIw2d6KuQ","e":"AQAB"},"attributes":{"enabled":true,"exp":2524723200,"created":1618855239,"updated":1618855241,"recoveryLevel":"Recoverable+Purgeable","recoverableDays":90},"tags":{"foo":"updated
        tag"}}'
    headers:
      cache-control:
      - no-cache
      content-length:
      - '858'
      content-type:
      - application/json; charset=utf-8
      date:
      - Mon, 19 Apr 2021 18:01:12 GMT
      expires:
      - '-1'
      pragma:
      - no-cache
      strict-transport-security:
      - max-age=31536000;includeSubDomains
      x-content-type-options:
      - nosniff
      x-ms-keyvault-network-info:
      - conn_type=Ipv4;addr=172.92.159.124;act_addr_fam=InterNetwork;
      x-ms-keyvault-region:
      - eastus2
      x-ms-keyvault-service-version:
      - 1.2.236.0
      x-powered-by:
      - ASP.NET
    status:
      code: 200
      message: OK
version: 1
