interactions:
- request:
    body: null
    headers:
      Accept:
      - application/json
      Accept-Encoding:
      - gzip, deflate
      Connection:
      - keep-alive
      Content-Length:
      - '0'
      Content-Type:
      - application/json
      User-Agent:
      - azsdk-python-keyvault-keys/4.4.0b5 Python/3.5.3 (Windows-10-10.0.19041-SP0)
    method: POST
    uri: https://managedhsmname.managedhsm.azure.net/keys/livekvtestec-verify-P-256a864170b/create?api-version=7.2
  response:
    body:
      string: ''
    headers:
      cache-control:
      - no-cache
      content-length:
      - '0'
      content-security-policy:
      - default-src 'self'
      content-type:
      - application/json; charset=utf-8
      strict-transport-security:
      - max-age=31536000; includeSubDomains
      www-authenticate:
      - Bearer authorization="https://login.microsoftonline.com/72f988bf-86f1-41af-91ab-2d7cd011db47",
        resource="https://managedhsm.azure.net"
      x-content-type-options:
      - nosniff
      x-frame-options:
      - SAMEORIGIN
      x-ms-server-latency:
      - '0'
    status:
      code: 401
      message: Unauthorized
- request:
    body: '{"kty": "EC-HSM", "crv": "P-256"}'
    headers:
      Accept:
      - application/json
      Accept-Encoding:
      - gzip, deflate
      Connection:
      - keep-alive
      Content-Length:
      - '33'
      Content-Type:
      - application/json
      User-Agent:
      - azsdk-python-keyvault-keys/4.4.0b5 Python/3.5.3 (Windows-10-10.0.19041-SP0)
    method: POST
    uri: https://managedhsmname.managedhsm.azure.net/keys/livekvtestec-verify-P-256a864170b/create?api-version=7.2
  response:
    body:
      string: '{"attributes":{"created":1620407988,"enabled":true,"exportable":false,"recoverableDays":90,"recoveryLevel":"Recoverable+Purgeable","updated":1620407988},"key":{"crv":"P-256","key_ops":["verify","sign"],"kid":"https://managedhsmname.managedhsm.azure.net/keys/livekvtestec-verify-P-256a864170b/de72b45515e608f524e5000c3dc2cf30","kty":"EC-HSM","x":"WDiHL5Hx0gx2fb_QWkZ-uIloc-_4OtiUvwu6S25wDMg","y":"IOSTzCSZqcSXofF2WfyJtE_TwwVd55M9GseeP2qUlqY"}}'
    headers:
      cache-control:
      - no-cache
      content-length:
      - '443'
      content-security-policy:
      - default-src 'self'
      content-type:
      - application/json; charset=utf-8
      strict-transport-security:
      - max-age=31536000; includeSubDomains
      x-content-type-options:
      - nosniff
      x-frame-options:
      - SAMEORIGIN
      x-ms-keyvault-network-info:
      - conn_type=Ipv4;addr=172.92.159.124;act_addr_fam=Ipv4;
      x-ms-keyvault-region:
      - centralus
      x-ms-server-latency:
      - '302'
    status:
      code: 200
      message: OK
- request:
    body: '{"value": "vgZc0NQUb6WMKX___V2JntcFRO_vszKwSAj7R2rL1zg", "alg": "ES256"}'
    headers:
      Accept:
      - application/json
      Accept-Encoding:
      - gzip, deflate
      Connection:
      - keep-alive
      Content-Length:
      - '72'
      Content-Type:
      - application/json
      User-Agent:
      - azsdk-python-keyvault-keys/4.4.0b5 Python/3.5.3 (Windows-10-10.0.19041-SP0)
    method: POST
    uri: https://managedhsmname.managedhsm.azure.net/keys/livekvtestec-verify-P-256a864170b/de72b45515e608f524e5000c3dc2cf30/sign?api-version=7.2
  response:
    body:
      string: '{"alg":"ES256","kid":"https://managedhsmname.managedhsm.azure.net/keys/livekvtestec-verify-P-256a864170b/de72b45515e608f524e5000c3dc2cf30","value":"sHZ8r_jBnOaxIkE6vJYqvP2SxSPoH7dlM_ne-iCS1rOTmOtsjqFoYfeJ1SUznyuIAUrp-B8zbpMDf8ssv7vR6g"}'
    headers:
      cache-control:
      - no-cache
      content-length:
      - '237'
      content-security-policy:
      - default-src 'self'
      content-type:
      - application/json; charset=utf-8
      strict-transport-security:
      - max-age=31536000; includeSubDomains
      x-content-type-options:
      - nosniff
      x-frame-options:
      - SAMEORIGIN
      x-ms-keyvault-network-info:
      - conn_type=Ipv4;addr=172.92.159.124;act_addr_fam=Ipv4;
      x-ms-keyvault-region:
      - centralus
      x-ms-server-latency:
      - '134'
    status:
      code: 200
      message: OK
- request:
    body: '{"kty": "EC-HSM", "crv": "P-256K"}'
    headers:
      Accept:
      - application/json
      Accept-Encoding:
      - gzip, deflate
      Connection:
      - keep-alive
      Content-Length:
      - '34'
      Content-Type:
      - application/json
      User-Agent:
      - azsdk-python-keyvault-keys/4.4.0b5 Python/3.5.3 (Windows-10-10.0.19041-SP0)
    method: POST
    uri: https://managedhsmname.managedhsm.azure.net/keys/livekvtestec-verify-P-256Ka864170b/create?api-version=7.2
  response:
    body:
      string: '{"attributes":{"created":1620407992,"enabled":true,"exportable":false,"recoverableDays":90,"recoveryLevel":"Recoverable+Purgeable","updated":1620407992},"key":{"crv":"P-256K","key_ops":["verify","sign"],"kid":"https://managedhsmname.managedhsm.azure.net/keys/livekvtestec-verify-P-256Ka864170b/2d639e4e739945a48515f3f0ceee8e65","kty":"EC-HSM","x":"dNNQO9OAHcPghyZrCSe2yKzlI5LDCba5NwXYp7ca8q0","y":"fniQaE_8jnD2kT9XcRMszhPYsSaARhHKBT-7Olb4taY"}}'
    headers:
      cache-control:
      - no-cache
      content-length:
      - '445'
      content-security-policy:
      - default-src 'self'
      content-type:
      - application/json; charset=utf-8
      strict-transport-security:
      - max-age=31536000; includeSubDomains
      x-content-type-options:
      - nosniff
      x-frame-options:
      - SAMEORIGIN
      x-ms-keyvault-network-info:
      - conn_type=Ipv4;addr=172.92.159.124;act_addr_fam=Ipv4;
      x-ms-keyvault-region:
      - centralus
      x-ms-server-latency:
      - '331'
    status:
      code: 200
      message: OK
- request:
    body: '{"value": "vgZc0NQUb6WMKX___V2JntcFRO_vszKwSAj7R2rL1zg", "alg": "ES256K"}'
    headers:
      Accept:
      - application/json
      Accept-Encoding:
      - gzip, deflate
      Connection:
      - keep-alive
      Content-Length:
      - '73'
      Content-Type:
      - application/json
      User-Agent:
      - azsdk-python-keyvault-keys/4.4.0b5 Python/3.5.3 (Windows-10-10.0.19041-SP0)
    method: POST
    uri: https://managedhsmname.managedhsm.azure.net/keys/livekvtestec-verify-P-256Ka864170b/2d639e4e739945a48515f3f0ceee8e65/sign?api-version=7.2
  response:
    body:
      string: '{"alg":"ES256K","kid":"https://managedhsmname.managedhsm.azure.net/keys/livekvtestec-verify-P-256Ka864170b/2d639e4e739945a48515f3f0ceee8e65","value":"fVZaLM87sZg_CXmNUY4kEkimk0Hf5ul3F0UYJ7HYTZKHgFLLNYxi9fQ9WjtOQSX1KzbEA4mgRO7nVdzGlxPiBg"}'
    headers:
      cache-control:
      - no-cache
      content-length:
      - '239'
      content-security-policy:
      - default-src 'self'
      content-type:
      - application/json; charset=utf-8
      strict-transport-security:
      - max-age=31536000; includeSubDomains
      x-content-type-options:
      - nosniff
      x-frame-options:
      - SAMEORIGIN
      x-ms-keyvault-network-info:
      - conn_type=Ipv4;addr=172.92.159.124;act_addr_fam=Ipv4;
      x-ms-keyvault-region:
      - centralus
      x-ms-server-latency:
      - '101'
    status:
      code: 200
      message: OK
- request:
    body: '{"kty": "EC-HSM", "crv": "P-384"}'
    headers:
      Accept:
      - application/json
      Accept-Encoding:
      - gzip, deflate
      Connection:
      - keep-alive
      Content-Length:
      - '33'
      Content-Type:
      - application/json
      User-Agent:
      - azsdk-python-keyvault-keys/4.4.0b5 Python/3.5.3 (Windows-10-10.0.19041-SP0)
    method: POST
    uri: https://managedhsmname.managedhsm.azure.net/keys/livekvtestec-verify-P-384a864170b/create?api-version=7.2
  response:
    body:
      string: '{"attributes":{"created":1620407995,"enabled":true,"exportable":false,"recoverableDays":90,"recoveryLevel":"Recoverable+Purgeable","updated":1620407995},"key":{"crv":"P-384","key_ops":["verify","sign"],"kid":"https://managedhsmname.managedhsm.azure.net/keys/livekvtestec-verify-P-384a864170b/852c59b95b1d0be53fb7637564e076f3","kty":"EC-HSM","x":"pyPSTNUUToUGal6vW1hLqt07WOjOlXMR8VMgl9iw6kH7K0qtnsdyjkVm25m1eCuq","y":"_I3l1W_cSJqiyBjCl9SnZSqYjytSdtvizr6g32S2gVoDVSyaT4nPzcnOIysn-LUk"}}'
    headers:
      cache-control:
      - no-cache
      content-length:
      - '485'
      content-security-policy:
      - default-src 'self'
      content-type:
      - application/json; charset=utf-8
      strict-transport-security:
      - max-age=31536000; includeSubDomains
      x-content-type-options:
      - nosniff
      x-frame-options:
      - SAMEORIGIN
      x-ms-keyvault-network-info:
      - conn_type=Ipv4;addr=172.92.159.124;act_addr_fam=Ipv4;
      x-ms-keyvault-region:
      - centralus
      x-ms-server-latency:
      - '310'
    status:
      code: 200
      message: OK
- request:
    body: '{"value": "OnZY76NXJ8_MBkjnc9b9RiaL5OYscmrTal040wQuLFlRrnLvJFecIvZl2KjXqwVB",
      "alg": "ES384"}'
    headers:
      Accept:
      - application/json
      Accept-Encoding:
      - gzip, deflate
      Connection:
      - keep-alive
      Content-Length:
      - '93'
      Content-Type:
      - application/json
      User-Agent:
      - azsdk-python-keyvault-keys/4.4.0b5 Python/3.5.3 (Windows-10-10.0.19041-SP0)
    method: POST
    uri: https://managedhsmname.managedhsm.azure.net/keys/livekvtestec-verify-P-384a864170b/852c59b95b1d0be53fb7637564e076f3/sign?api-version=7.2
  response:
    body:
      string: '{"alg":"ES384","kid":"https://managedhsmname.managedhsm.azure.net/keys/livekvtestec-verify-P-384a864170b/852c59b95b1d0be53fb7637564e076f3","value":"Hdjrdi-j1X7TWMg1myoP-fQHj6GDcyUU_fgqquSp2toMkN8MXo0ldmiBBenssN4exq4S1gOTNBxPIgJG0wnPspe-Zbhi19vbUvYgiQ7Voi-l2vTYpfzXOT_VZ-UONoaI"}'
    headers:
      cache-control:
      - no-cache
      content-length:
      - '279'
      content-security-policy:
      - default-src 'self'
      content-type:
      - application/json; charset=utf-8
      strict-transport-security:
      - max-age=31536000; includeSubDomains
      x-content-type-options:
      - nosniff
      x-frame-options:
      - SAMEORIGIN
      x-ms-keyvault-network-info:
      - conn_type=Ipv4;addr=172.92.159.124;act_addr_fam=Ipv4;
      x-ms-keyvault-region:
      - centralus
      x-ms-server-latency:
      - '105'
    status:
      code: 200
      message: OK
- request:
    body: '{"kty": "EC-HSM", "crv": "P-521"}'
    headers:
      Accept:
      - application/json
      Accept-Encoding:
      - gzip, deflate
      Connection:
      - keep-alive
      Content-Length:
      - '33'
      Content-Type:
      - application/json
      User-Agent:
      - azsdk-python-keyvault-keys/4.4.0b5 Python/3.5.3 (Windows-10-10.0.19041-SP0)
    method: POST
    uri: https://managedhsmname.managedhsm.azure.net/keys/livekvtestec-verify-P-521a864170b/create?api-version=7.2
  response:
    body:
      string: '{"attributes":{"created":1620407999,"enabled":true,"exportable":false,"recoverableDays":90,"recoveryLevel":"Recoverable+Purgeable","updated":1620407999},"key":{"crv":"P-521","key_ops":["verify","sign"],"kid":"https://managedhsmname.managedhsm.azure.net/keys/livekvtestec-verify-P-521a864170b/47a6fe15ae6a0b29b219e6793c0dd942","kty":"EC-HSM","x":"ANi4LIqMAJuHMTlf6o1W1D2OTxbFmKaR6l1K-zuod2q1N9Hpc14wjWvY1NsV9Vt3oeW-EZdg9xOoRuQdbYRy5uOf","y":"AIpFPAMxlGHN77AQULrNAlyH45xxTDLalgUy1fP_hY-22iVWWdWgbNgZ0ovZE_H6We2OqqGc8qJ7j_Ky5NxtpSmw"}}'
    headers:
      cache-control:
      - no-cache
      content-length:
      - '533'
      content-security-policy:
      - default-src 'self'
      content-type:
      - application/json; charset=utf-8
      strict-transport-security:
      - max-age=31536000; includeSubDomains
      x-content-type-options:
      - nosniff
      x-frame-options:
      - SAMEORIGIN
      x-ms-keyvault-network-info:
      - conn_type=Ipv4;addr=172.92.159.124;act_addr_fam=Ipv4;
      x-ms-keyvault-region:
      - centralus
      x-ms-server-latency:
      - '404'
    status:
      code: 200
      message: OK
- request:
    body: '{"value": "zZyL-eOHDnnq34aZaWgBMobx4x2Pm3mPRo4eqnRmLK6sE0jsXZFOFhMXaTcvILQxovTsMMh9JupeojYCnDvfrQ",
      "alg": "ES512"}'
    headers:
      Accept:
      - application/json
      Accept-Encoding:
      - gzip, deflate
      Connection:
      - keep-alive
      Content-Length:
      - '115'
      Content-Type:
      - application/json
      User-Agent:
      - azsdk-python-keyvault-keys/4.4.0b5 Python/3.5.3 (Windows-10-10.0.19041-SP0)
    method: POST
    uri: https://managedhsmname.managedhsm.azure.net/keys/livekvtestec-verify-P-521a864170b/47a6fe15ae6a0b29b219e6793c0dd942/sign?api-version=7.2
  response:
    body:
      string: '{"alg":"ES512","kid":"https://managedhsmname.managedhsm.azure.net/keys/livekvtestec-verify-P-521a864170b/47a6fe15ae6a0b29b219e6793c0dd942","value":"AGcE-5Eeh62rhdzWwIPfRBQpsaHWB302mJrOPXlTMQ45wfaGq1TYtQliE9ynknADMNnHoSADRPum8QQMMYifMua4ABpq0M_rhTwu1TGbumuEMQiTgYV3vgZb1mKXyb_5hmIxwwZphIwNvV0s_tbMEVI5SHvC13TAuIkHkjl53Xbn7Emw"}'
    headers:
      cache-control:
      - no-cache
      content-length:
      - '327'
      content-security-policy:
      - default-src 'self'
      content-type:
      - application/json; charset=utf-8
      strict-transport-security:
      - max-age=31536000; includeSubDomains
      x-content-type-options:
      - nosniff
      x-frame-options:
      - SAMEORIGIN
      x-ms-keyvault-network-info:
      - conn_type=Ipv4;addr=172.92.159.124;act_addr_fam=Ipv4;
      x-ms-keyvault-region:
      - centralus
      x-ms-server-latency:
      - '152'
    status:
      code: 200
      message: OK
version: 1
