interactions:
- request:
    body: null
    headers:
      Accept: [application/json]
      Accept-Encoding: ['gzip, deflate']
      Connection: [keep-alive]
      Content-Length: ['0']
      Content-Type: [application/json; charset=utf-8]
      User-Agent: [azsdk-python-keyvault-keys/4.0.0b2 Python/3.6.6 (Windows-10-10.0.18362-SP0)]
    method: POST
    uri: https://vault1051159997b3510bf8.vault.azure.net/keys/key0/create?api-version=7.0
  response:
    body: {string: '{"error":{"code":"Unauthorized","message":"Request is missing
        a Bearer or PoP token."}}'}
    headers:
      cache-control: [no-cache]
      content-length: ['87']
      content-type: [application/json; charset=utf-8]
      date: ['Tue, 03 Sep 2019 21:41:21 GMT']
      expires: ['-1']
      pragma: [no-cache]
      server: [Microsoft-IIS/10.0]
      strict-transport-security: [max-age=31536000;includeSubDomains]
      www-authenticate: ['Bearer authorization="https://login.windows.net/72f988bf-86f1-41af-91ab-2d7cd011db47",
          resource="https://vault.azure.net"']
      x-aspnet-version: [4.0.30319]
      x-content-type-options: [nosniff]
      x-ms-keyvault-network-info: [addr=131.107.160.72;act_addr_fam=InterNetwork;]
      x-ms-keyvault-region: [westus]
      x-ms-keyvault-service-version: [1.1.0.876]
      x-powered-by: [ASP.NET]
    status: {code: 401, message: Unauthorized}
- request:
    body: '{"kty": "RSA"}'
    headers:
      Accept: [application/json]
      Accept-Encoding: ['gzip, deflate']
      Connection: [keep-alive]
      Content-Length: ['14']
      Content-Type: [application/json; charset=utf-8]
      User-Agent: [azsdk-python-keyvault-keys/4.0.0b2 Python/3.6.6 (Windows-10-10.0.18362-SP0)]
    method: POST
    uri: https://vault1051159997b3510bf8.vault.azure.net/keys/key0/create?api-version=7.0
  response:
    body: {string: '{"key":{"kid":"https://vault1051159997b3510bf8.vault.azure.net/keys/key0/60bea78aa17c4e4f8f4f875429932917","kty":"RSA","key_ops":["encrypt","decrypt","sign","verify","wrapKey","unwrapKey"],"n":"2YVC60CGpUGhZRdMYF18T3N7oGIfbb0m-vI4JyUQAjMt_ei5NAfMK514IppB5Cv-lFKm_Hxc2T5uc7EvsMB96ZeQ24UGJLOKzr9A5g-XQ7iERSR5VYHP4sCAH-z-iiCnkbG20irvnGxRziq0dUYDH9lr3Eh_GpNilxpCf0Hz2yWdcrpCVOix46LOzE2-MX_RHMvhdbj0uIEyVwsQmFyf37wFSqRU5Ba05Fxe8pa3yTE0gYZ_BG6g30UNHBnlNGu5twIGwQmwHDwVts1y-qcHyqbz37HuuQkQOsomlYH9ogt9C84b0Oej5b9imiJkBbqNiULEnljDIxON9U7IcathhQ","e":"AQAB"},"attributes":{"enabled":true,"created":1567546882,"updated":1567546882,"recoveryLevel":"Purgeable"}}'}
    headers:
      cache-control: [no-cache]
      content-length: ['650']
      content-type: [application/json; charset=utf-8]
      date: ['Tue, 03 Sep 2019 21:41:22 GMT']
      expires: ['-1']
      pragma: [no-cache]
      server: [Microsoft-IIS/10.0]
      strict-transport-security: [max-age=31536000;includeSubDomains]
      x-aspnet-version: [4.0.30319]
      x-content-type-options: [nosniff]
      x-ms-keyvault-network-info: [addr=131.107.160.72;act_addr_fam=InterNetwork;]
      x-ms-keyvault-region: [westus]
      x-ms-keyvault-service-version: [1.1.0.876]
      x-powered-by: [ASP.NET]
    status: {code: 200, message: OK}
- request:
    body: '{"kty": "RSA"}'
    headers:
      Accept: [application/json]
      Accept-Encoding: ['gzip, deflate']
      Connection: [keep-alive]
      Content-Length: ['14']
      Content-Type: [application/json; charset=utf-8]
      User-Agent: [azsdk-python-keyvault-keys/4.0.0b2 Python/3.6.6 (Windows-10-10.0.18362-SP0)]
    method: POST
    uri: https://vault1051159997b3510bf8.vault.azure.net/keys/key1/create?api-version=7.0
  response:
    body: {string: '{"key":{"kid":"https://vault1051159997b3510bf8.vault.azure.net/keys/key1/da71e21dc9584ffdbb492b742a6feaf7","kty":"RSA","key_ops":["encrypt","decrypt","sign","verify","wrapKey","unwrapKey"],"n":"5hbtnm7DPFdC6DrX5Yc5_5DKqb9nMNCs2f3erkhuQ4wYBGyPGwt_2wageL2-o5ly1Gv8uz-2bRgdhh8SjJwSOzMnk32TB6CAspwba1ap5gggk2_pmdKQj5-CLGuPwpQx0Prux9I5Igew9IadBlivdR0Bm88oSdYi3Z-_LqH03Tg676F34QNESDuE6-YBAVS1rECce4iU8N1661q-SooaUkHBIpxuAyTT6BlxahcA5x_P42nRz3Ej2krqQooRnr6XVlpJLd70R27OUu4ynFczBWg7F5uH6kGzDpdfIih3cIKx-Mb8vSk0l2WwV_pIYo8YJKqc1KATsc1xz4TteXRKtQ","e":"AQAB"},"attributes":{"enabled":true,"created":1567546882,"updated":1567546882,"recoveryLevel":"Purgeable"}}'}
    headers:
      cache-control: [no-cache]
      content-length: ['650']
      content-type: [application/json; charset=utf-8]
      date: ['Tue, 03 Sep 2019 21:41:22 GMT']
      expires: ['-1']
      pragma: [no-cache]
      server: [Microsoft-IIS/10.0]
      strict-transport-security: [max-age=31536000;includeSubDomains]
      x-aspnet-version: [4.0.30319]
      x-content-type-options: [nosniff]
      x-ms-keyvault-network-info: [addr=131.107.160.72;act_addr_fam=InterNetwork;]
      x-ms-keyvault-region: [westus]
      x-ms-keyvault-service-version: [1.1.0.876]
      x-powered-by: [ASP.NET]
    status: {code: 200, message: OK}
- request:
    body: '{"kty": "RSA"}'
    headers:
      Accept: [application/json]
      Accept-Encoding: ['gzip, deflate']
      Connection: [keep-alive]
      Content-Length: ['14']
      Content-Type: [application/json; charset=utf-8]
      User-Agent: [azsdk-python-keyvault-keys/4.0.0b2 Python/3.6.6 (Windows-10-10.0.18362-SP0)]
    method: POST
    uri: https://vault1051159997b3510bf8.vault.azure.net/keys/key2/create?api-version=7.0
  response:
    body: {string: '{"key":{"kid":"https://vault1051159997b3510bf8.vault.azure.net/keys/key2/cf4bd38aaa2c4f00810538339646a3c9","kty":"RSA","key_ops":["encrypt","decrypt","sign","verify","wrapKey","unwrapKey"],"n":"xq3L4vsn5z7qc5ywEe0_ar6LR53o0fzRFioSIZD1yDY_6P5g6D_ja30rySgnRlZr-NzCOi4p1M0PEnhlx2n5Zl_Nb0bsRkjg8L2y6i2ZTCJfGbU7YZStOGOedhh-QxuL6QBF2gOX0H6jb7x1Ck9rtHc_X2pGLwEJgt2MY-K_20C-utXXZzxbJo098nXyFi0gsWssD-tocroGGEt6XJhLWtkn2z4BSUQQSGhAit-pe2JtDP8GrGF9-TaSYQEpzR_9hSPSyWJylhKIyvn14VPmWsUs0b464eJNpbWFJFDlji29jATzlr461V0poddJ4wwwt6KJBNE4nOd-cAPSrLiqMQ","e":"AQAB"},"attributes":{"enabled":true,"created":1567546882,"updated":1567546882,"recoveryLevel":"Purgeable"}}'}
    headers:
      cache-control: [no-cache]
      content-length: ['650']
      content-type: [application/json; charset=utf-8]
      date: ['Tue, 03 Sep 2019 21:41:22 GMT']
      expires: ['-1']
      pragma: [no-cache]
      server: [Microsoft-IIS/10.0]
      strict-transport-security: [max-age=31536000;includeSubDomains]
      x-aspnet-version: [4.0.30319]
      x-content-type-options: [nosniff]
      x-ms-keyvault-network-info: [addr=131.107.160.72;act_addr_fam=InterNetwork;]
      x-ms-keyvault-region: [westus]
      x-ms-keyvault-service-version: [1.1.0.876]
      x-powered-by: [ASP.NET]
    status: {code: 200, message: OK}
- request:
    body: '{"kty": "RSA"}'
    headers:
      Accept: [application/json]
      Accept-Encoding: ['gzip, deflate']
      Connection: [keep-alive]
      Content-Length: ['14']
      Content-Type: [application/json; charset=utf-8]
      User-Agent: [azsdk-python-keyvault-keys/4.0.0b2 Python/3.6.6 (Windows-10-10.0.18362-SP0)]
    method: POST
    uri: https://vault1051159997b3510bf8.vault.azure.net/keys/key3/create?api-version=7.0
  response:
    body: {string: '{"key":{"kid":"https://vault1051159997b3510bf8.vault.azure.net/keys/key3/95a5865f59f845bd8f5aea14739e4967","kty":"RSA","key_ops":["encrypt","decrypt","sign","verify","wrapKey","unwrapKey"],"n":"lnGCAqciDctNPK3YYWawtq3FnwCF2uhsySYvXLvQ0dxbndXkDrneCPREBNUJoSV8TXFdlfvptjBlciJJdYr5s0oda6ktl4rmTR_lTK3_2l6eM8_dqQrfRUel2Fo0jyRY00KbV9NW00vkI6qdL3YWOPZu70fQTivIPDO75TqDmurCjAgk6E0_LE6YzNdXoD-jrNXdtkHDA385bzcZYW0ZtD2VfqNT1l6NrI0VWE2BRLGge_5D0ZaTghI8SnddG6PnPfVRRpd0SF9kKYcTqNITEeNdiCg6cZEnY5HxS9gXv6CjYUBzy8FBHo_Xb4tMXvWRnTj-T1pPGAmwwJOLemeN4Q","e":"AQAB"},"attributes":{"enabled":true,"created":1567546882,"updated":1567546882,"recoveryLevel":"Purgeable"}}'}
    headers:
      cache-control: [no-cache]
      content-length: ['650']
      content-type: [application/json; charset=utf-8]
      date: ['Tue, 03 Sep 2019 21:41:22 GMT']
      expires: ['-1']
      pragma: [no-cache]
      server: [Microsoft-IIS/10.0]
      strict-transport-security: [max-age=31536000;includeSubDomains]
      x-aspnet-version: [4.0.30319]
      x-content-type-options: [nosniff]
      x-ms-keyvault-network-info: [addr=131.107.160.72;act_addr_fam=InterNetwork;]
      x-ms-keyvault-region: [westus]
      x-ms-keyvault-service-version: [1.1.0.876]
      x-powered-by: [ASP.NET]
    status: {code: 200, message: OK}
- request:
    body: '{"kty": "RSA"}'
    headers:
      Accept: [application/json]
      Accept-Encoding: ['gzip, deflate']
      Connection: [keep-alive]
      Content-Length: ['14']
      Content-Type: [application/json; charset=utf-8]
      User-Agent: [azsdk-python-keyvault-keys/4.0.0b2 Python/3.6.6 (Windows-10-10.0.18362-SP0)]
    method: POST
    uri: https://vault1051159997b3510bf8.vault.azure.net/keys/key4/create?api-version=7.0
  response:
    body: {string: '{"key":{"kid":"https://vault1051159997b3510bf8.vault.azure.net/keys/key4/9eae07c1c8814458b728fca067741f63","kty":"RSA","key_ops":["encrypt","decrypt","sign","verify","wrapKey","unwrapKey"],"n":"mKnU91Z19q60vTZjpOkFZH5QX77jNhiNveqOrm15uWq-01tumk-s4EiBi_6vOG6C5W__x2EktSwNbihedG8x_7wEu3ylNXFYqz9zZbTNzitV9ApJKkQt7blnYHxM3n7sOFUa4OvHK5N0jkNc6KaD6sQNbS103SlGRFiZWG4cE_xkBk6M5VJ3H2pPi3Fs3-uAyYoIKoTAMSQCe_GKAFmKk71vj1Pz9Nzx-4l78ETLD56RFoz3Lxz6rLJ5b3NjGCaC42YV4KmHrMMw5WgidB1XDkMREPdrIJE7RM1v1p4BqP21P0wfHC2kRbXtADDt5kcH_ouBbOhRwZpk8Xl4IzknZw","e":"AQAB"},"attributes":{"enabled":true,"created":1567546883,"updated":1567546883,"recoveryLevel":"Purgeable"}}'}
    headers:
      cache-control: [no-cache]
      content-length: ['650']
      content-type: [application/json; charset=utf-8]
      date: ['Tue, 03 Sep 2019 21:41:22 GMT']
      expires: ['-1']
      pragma: [no-cache]
      server: [Microsoft-IIS/10.0]
      strict-transport-security: [max-age=31536000;includeSubDomains]
      x-aspnet-version: [4.0.30319]
      x-content-type-options: [nosniff]
      x-ms-keyvault-network-info: [addr=131.107.160.72;act_addr_fam=InterNetwork;]
      x-ms-keyvault-region: [westus]
      x-ms-keyvault-service-version: [1.1.0.876]
      x-powered-by: [ASP.NET]
    status: {code: 200, message: OK}
- request:
    body: '{"kty": "RSA"}'
    headers:
      Accept: [application/json]
      Accept-Encoding: ['gzip, deflate']
      Connection: [keep-alive]
      Content-Length: ['14']
      Content-Type: [application/json; charset=utf-8]
      User-Agent: [azsdk-python-keyvault-keys/4.0.0b2 Python/3.6.6 (Windows-10-10.0.18362-SP0)]
    method: POST
    uri: https://vault1051159997b3510bf8.vault.azure.net/keys/key5/create?api-version=7.0
  response:
    body: {string: '{"key":{"kid":"https://vault1051159997b3510bf8.vault.azure.net/keys/key5/31e3ed00854740eb9cdcaff0452f44c5","kty":"RSA","key_ops":["encrypt","decrypt","sign","verify","wrapKey","unwrapKey"],"n":"mqm9RVhw2276hGEsXKHz7CdbXrMFVYDlR3z2rD9zkaKOTzjztRw3oNxTymZ2MkaVliKRKsUWADFTl2iCOXXKWkniODnSVStUkG2xT7-PWvLvpnlq3CfXfXaLZdDxCdczHVLKS8Dlvs10Pj0QQoneRHOG0VAbgCQ4Uxss-uKgX0Ysi3VfNkJyeKVvZAXrdIWtFvttTDlhjE8suo-ksEBc-7zY_vWCVQhMiPnMYv4KaBPgKijOlCv0raYax6QSgAXjZC12p9awXPn4QszorIkkKCZGO3TCyB4aT9UZZTuC7m4J6LxTQoALpOfE5CAwQy0oyOsFRDFX0Z6XhWBstZjTew","e":"AQAB"},"attributes":{"enabled":true,"created":1567546883,"updated":1567546883,"recoveryLevel":"Purgeable"}}'}
    headers:
      cache-control: [no-cache]
      content-length: ['650']
      content-type: [application/json; charset=utf-8]
      date: ['Tue, 03 Sep 2019 21:41:22 GMT']
      expires: ['-1']
      pragma: [no-cache]
      server: [Microsoft-IIS/10.0]
      strict-transport-security: [max-age=31536000;includeSubDomains]
      x-aspnet-version: [4.0.30319]
      x-content-type-options: [nosniff]
      x-ms-keyvault-network-info: [addr=131.107.160.72;act_addr_fam=InterNetwork;]
      x-ms-keyvault-region: [westus]
      x-ms-keyvault-service-version: [1.1.0.876]
      x-powered-by: [ASP.NET]
    status: {code: 200, message: OK}
- request:
    body: '{"kty": "RSA"}'
    headers:
      Accept: [application/json]
      Accept-Encoding: ['gzip, deflate']
      Connection: [keep-alive]
      Content-Length: ['14']
      Content-Type: [application/json; charset=utf-8]
      User-Agent: [azsdk-python-keyvault-keys/4.0.0b2 Python/3.6.6 (Windows-10-10.0.18362-SP0)]
    method: POST
    uri: https://vault1051159997b3510bf8.vault.azure.net/keys/key6/create?api-version=7.0
  response:
    body: {string: '{"key":{"kid":"https://vault1051159997b3510bf8.vault.azure.net/keys/key6/82ada4eb891e46bd854bafec04df53c3","kty":"RSA","key_ops":["encrypt","decrypt","sign","verify","wrapKey","unwrapKey"],"n":"pK1-PMgPi6QMZFgyyNAmqE7f1lWGS_yRh5VYqKV4G98YImpIBQ6Feb3FaI-qyMcFLbCXoOV_66EVKpwiPBQHiaDTMfRUkq1RqMHAONbT0S92O2kqNU7htT6uM-3KQWGJVe9qYDUCuLVgdGfOlK37pAdRcQXrEgzN5R30pZcYT00ZmsMqM83xw-lELyVGmI8vxHE-Fb1g7ZSI2q70gfafEbiuT2KuZEidrkyTn_jma-m-6NWbgmUIoipwlTr7BzAqLyyfUDMCPX8jZkO_XBUHV1lIYN6jWVDMobNT9_iZ0A9BURxy7RV5-pOxZ4FBw-mSKFbdllN_Hmnvz4eBONALoQ","e":"AQAB"},"attributes":{"enabled":true,"created":1567546883,"updated":1567546883,"recoveryLevel":"Purgeable"}}'}
    headers:
      cache-control: [no-cache]
      content-length: ['650']
      content-type: [application/json; charset=utf-8]
      date: ['Tue, 03 Sep 2019 21:41:23 GMT']
      expires: ['-1']
      pragma: [no-cache]
      server: [Microsoft-IIS/10.0]
      strict-transport-security: [max-age=31536000;includeSubDomains]
      x-aspnet-version: [4.0.30319]
      x-content-type-options: [nosniff]
      x-ms-keyvault-network-info: [addr=131.107.160.72;act_addr_fam=InterNetwork;]
      x-ms-keyvault-region: [westus]
      x-ms-keyvault-service-version: [1.1.0.876]
      x-powered-by: [ASP.NET]
    status: {code: 200, message: OK}
- request:
    body: null
    headers:
      Accept: [application/json]
      Accept-Encoding: ['gzip, deflate']
      Connection: [keep-alive]
      User-Agent: [azsdk-python-keyvault-keys/4.0.0b2 Python/3.6.6 (Windows-10-10.0.18362-SP0)]
    method: GET
    uri: https://vault1051159997b3510bf8.vault.azure.net/keys?maxresults=7&api-version=7.0
  response:
    body: {string: '{"value":[{"kid":"https://vault1051159997b3510bf8.vault.azure.net/keys/key0","attributes":{"enabled":true,"created":1567546882,"updated":1567546882,"recoveryLevel":"Purgeable"}},{"kid":"https://vault1051159997b3510bf8.vault.azure.net/keys/key1","attributes":{"enabled":true,"created":1567546882,"updated":1567546882,"recoveryLevel":"Purgeable"}},{"kid":"https://vault1051159997b3510bf8.vault.azure.net/keys/key2","attributes":{"enabled":true,"created":1567546882,"updated":1567546882,"recoveryLevel":"Purgeable"}},{"kid":"https://vault1051159997b3510bf8.vault.azure.net/keys/key3","attributes":{"enabled":true,"created":1567546882,"updated":1567546882,"recoveryLevel":"Purgeable"}},{"kid":"https://vault1051159997b3510bf8.vault.azure.net/keys/key4","attributes":{"enabled":true,"created":1567546883,"updated":1567546883,"recoveryLevel":"Purgeable"}},{"kid":"https://vault1051159997b3510bf8.vault.azure.net/keys/key5","attributes":{"enabled":true,"created":1567546883,"updated":1567546883,"recoveryLevel":"Purgeable"}},{"kid":"https://vault1051159997b3510bf8.vault.azure.net/keys/key6","attributes":{"enabled":true,"created":1567546883,"updated":1567546883,"recoveryLevel":"Purgeable"}}],"nextLink":null}'}
    headers:
      cache-control: [no-cache]
      content-length: ['1203']
      content-type: [application/json; charset=utf-8]
      date: ['Tue, 03 Sep 2019 21:41:23 GMT']
      expires: ['-1']
      pragma: [no-cache]
      server: [Microsoft-IIS/10.0]
      strict-transport-security: [max-age=31536000;includeSubDomains]
      x-aspnet-version: [4.0.30319]
      x-content-type-options: [nosniff]
      x-ms-keyvault-network-info: [addr=131.107.160.72;act_addr_fam=InterNetwork;]
      x-ms-keyvault-region: [westus]
      x-ms-keyvault-service-version: [1.1.0.876]
      x-powered-by: [ASP.NET]
    status: {code: 200, message: OK}
version: 1
