interactions:
- request:
    body: null
    headers:
      Accept:
      - application/json
      Content-Length:
      - '0'
      Content-Type:
      - application/json
      User-Agent:
      - azsdk-python-keyvault-keys/4.5.0b2 Python/3.9.0 (Windows-10-10.0.19041-SP0)
    method: POST
    uri: https://vaultname.vault.azure.net/keys/livekvtestcrud-ec-keybe9317b3/create?api-version=7.3-preview
  response:
    body:
      string: '{"error":{"code":"Unauthorized","message":"AKV10000: Request is missing
        a Bearer or PoP token."}}'
    headers:
      cache-control: no-cache
      content-length: '97'
      content-type: application/json; charset=utf-8
      date: Sat, 07 Aug 2021 00:32:30 GMT
      expires: '-1'
      pragma: no-cache
      strict-transport-security: max-age=31536000;includeSubDomains
      www-authenticate: Bearer authorization="https://login.windows.net/72f988bf-86f1-41af-91ab-2d7cd011db47",
        resource="https://vault.azure.net"
      x-content-type-options: nosniff
      x-ms-keyvault-network-info: conn_type=Ipv4;addr=172.92.159.124;act_addr_fam=InterNetwork;
      x-ms-keyvault-region: westus2
      x-ms-keyvault-service-version: 1.9.48.0
      x-powered-by: ASP.NET
    status:
      code: 401
      message: Unauthorized
    url: https://mcpatinokv.vault.azure.net/keys/livekvtestcrud-ec-keybe9317b3/create?api-version=7.3-preview
- request:
    body: '{"kty": "EC-HSM", "attributes": {"enabled": true}, "tags": {"purpose":
      "unit test", "test name": "CreateECKeyTest"}}'
    headers:
      Accept:
      - application/json
      Content-Length:
      - '116'
      Content-Type:
      - application/json
      User-Agent:
      - azsdk-python-keyvault-keys/4.5.0b2 Python/3.9.0 (Windows-10-10.0.19041-SP0)
    method: POST
    uri: https://vaultname.vault.azure.net/keys/livekvtestcrud-ec-keybe9317b3/create?api-version=7.3-preview
  response:
    body:
      string: '{"key":{"kid":"https://vaultname.vault.azure.net/keys/livekvtestcrud-ec-keybe9317b3/1d162b9eb22f452583fe47d35e993402","kty":"EC-HSM","key_ops":["sign","verify"],"crv":"P-256","x":"-_ywb3xJ3f5J6zuF7k48LLE6DbEugVC3KfyKoyZb01M","y":"TR8wPFKil5wUW1Ko-xe3jdPVTXJp0bmXhZ48HEKgBzM"},"attributes":{"enabled":true,"created":1628296350,"updated":1628296350,"recoveryLevel":"Recoverable+Purgeable","recoverableDays":90},"tags":{"purpose":"unit
        test","test name":"CreateECKeyTest"}}'
    headers:
      cache-control: no-cache
      content-length: '471'
      content-type: application/json; charset=utf-8
      date: Sat, 07 Aug 2021 00:32:30 GMT
      expires: '-1'
      pragma: no-cache
      strict-transport-security: max-age=31536000;includeSubDomains
      x-content-type-options: nosniff
      x-ms-keyvault-network-info: conn_type=Ipv4;addr=172.92.159.124;act_addr_fam=InterNetwork;
      x-ms-keyvault-region: westus2
      x-ms-keyvault-service-version: 1.9.48.0
      x-powered-by: ASP.NET
    status:
      code: 200
      message: OK
    url: https://mcpatinokv.vault.azure.net/keys/livekvtestcrud-ec-keybe9317b3/create?api-version=7.3-preview
- request:
    body: '{"kty": "EC", "crv": "P-256"}'
    headers:
      Accept:
      - application/json
      Content-Length:
      - '29'
      Content-Type:
      - application/json
      User-Agent:
      - azsdk-python-keyvault-keys/4.5.0b2 Python/3.9.0 (Windows-10-10.0.19041-SP0)
    method: POST
    uri: https://vaultname.vault.azure.net/keys/livekvtestcrud-P-256-ec-keybe9317b3/create?api-version=7.3-preview
  response:
    body:
      string: '{"key":{"kid":"https://vaultname.vault.azure.net/keys/livekvtestcrud-P-256-ec-keybe9317b3/a4ecca2cb2f04eb6824c2173de8709e9","kty":"EC","key_ops":["sign","verify"],"crv":"P-256","x":"lAfP8kZbXDzXngjA7EkovY4lIdqPK9HMFRxLuZKrSTo","y":"8GP2F8pp7CZfqyb66qt1AJl7S8pdOrbo_bkRA8soDkE"},"attributes":{"enabled":true,"created":1628296352,"updated":1628296352,"recoveryLevel":"Recoverable+Purgeable","recoverableDays":90}}'
    headers:
      cache-control: no-cache
      content-length: '412'
      content-type: application/json; charset=utf-8
      date: Sat, 07 Aug 2021 00:32:32 GMT
      expires: '-1'
      pragma: no-cache
      strict-transport-security: max-age=31536000;includeSubDomains
      x-content-type-options: nosniff
      x-ms-keyvault-network-info: conn_type=Ipv4;addr=172.92.159.124;act_addr_fam=InterNetwork;
      x-ms-keyvault-region: westus2
      x-ms-keyvault-service-version: 1.9.48.0
      x-powered-by: ASP.NET
    status:
      code: 200
      message: OK
    url: https://mcpatinokv.vault.azure.net/keys/livekvtestcrud-P-256-ec-keybe9317b3/create?api-version=7.3-preview
- request:
    body: '{"key": {"kty": "RSA", "key_ops": ["encrypt", "decrypt", "sign", "verify",
      "wrapKey", "unwrapKey"], "n": "AKCRTQAjSsaDshtMFdW-2Ie9yVnC5Xr1Suc06PAHINd10nXkVSB-N4TO62ClCkZV3XKnqU0nHo7o95WaZpym53W_DiO62umRtFKdl4UotL2QUh0y3SZWeWuoK2u_x2aMj17rUFN0f9GZMZ0pqEQNCPRBLVJ_-TEe2nGCWSC0exxGsRqz6R1zFkB-icfzQPe4WjQELOUXQ7J9RxhAPTTHtDivYYG-BeTRHrmF04JT1_6b9T_C8bAC0i0teT-nmlBLarQtBJKATXBx1yegbPOoiTqlQrFQP4MrKWNxtnB9Tcbjcvj-Z9je0ckI_eRc4DvAhqcUh_p15Dqg4GeaoNIO_jU",
      "e": "AQAB", "d": "Ynx9JGaBSP4iUsf6ZJ6opantRNdcdmzaQrKbZg6ZQE8Ohi1FYabJWvaoPSE-CiJEsDzShXZHMhUHN4X7Bn8BXaGQhK3p9HXgiwQKmix7oAJTu4ElUIyd8UC3UWHSZr40el4PaQD-HYu_eMzCXus34MnRiNbh_BUWm6T-Eidhk9d3kNIyaSi9YNDQHW6tjWrEhhq63O7JU1j9ZonFChZxpKk20jdkQKQURVAdpOdL-5j4I70ZxFuU6wHZj8DS8oRQfwGOvZKbgYDb5jgf3UNL_7eACqq92XPVX56vm7iKbqeyjCqAIx5y3hrSRIJtZlWCwjYnYQGd4unxDLi8wmJWSQ",
      "dp": "AMmhWb5yZcu6vJr8xJZ-t0_likxJRUMZAtEULaWZt2DgODj4y9JrZDJP6mvckzhQP0WXk2NuWbU2HR5pUeCN2wieG1B76VKoH76vfnaJDqT1NuJVBcP2SLHog3ffwZtMME5zjfygchG3kihqOSpwTQ9ETAqAJTkRC38fEhwAz_Cp",
      "dq": "AKC9TAo9n2RDaggjdLXK8kiLrBVoaWFTpqXkzYXRhtsx4vWPAkxhfSnze05rVMl6HiXv7FnE0f0wYawzUJzoyuXBH0zS6D9BqCZPeF543AmWB27iPf38Q9Z8Rjr6oBgMSnGDV_mm8nDVQkeaDyE4cOZh-5UKvKShTKKQVwunmDNH",
      "qi": "AJ_nrkLpK8BPzVeARkvSHQyKwMWZ-a8CD95qsKfn0dOZAvXY-2xhQYTEwbED-0bpTNEKbIpA-ZkaHygmnzJkNbbFAnb9pkkzU8ZQqDP3JNgMfVIroWx58Oth9nJza2j7i-MkPRCUPEq3Ao0J52z7WJIiLji8TTVYW_NaiM1oxzsH",
      "p": "ANHerI1o3dLB_VLVmZZVss8VZSYN5SaeQ_0qhfOSgOFwj__waCFmy2EG7l6l6f_Z-Y0L7Mn_LNov68lyWSFa2EuQUeVj4UoFHc5Di8ZUGiSsTwFM-XMtNuv8HmGgDYLL5BIJD3eTz71LdgW-Ez38OZH34b7VeG8zfeUDb8Hi30zz",
      "q": "AMPcZrZBqbc82DO8Q5zTT8ZXRGWrW36KktMllaIk1W2RHnRiQiW0jBWmcCgqUcQNHa1LwumjyNqwx28QBS37BTvG7ULGUoio6LrOeoiBGEMj-U19sX6m37plEhj5Mak7j3OPPY_T9rohjTW5aGGg9YSwq4jdz0RrmBX00ofYOjI3"}}'
    headers:
      Accept:
      - application/json
      Content-Length:
      - '1724'
      Content-Type:
      - application/json
      User-Agent:
      - azsdk-python-keyvault-keys/4.5.0b2 Python/3.9.0 (Windows-10-10.0.19041-SP0)
    method: PUT
    uri: https://vaultname.vault.azure.net/keys/livekvtestimport-test-keybe9317b3?api-version=7.3-preview
  response:
    body:
      string: '{"key":{"kid":"https://vaultname.vault.azure.net/keys/livekvtestimport-test-keybe9317b3/1341d845efc44ab2a6788e4db83c6611","kty":"RSA","key_ops":["encrypt","decrypt","sign","verify","wrapKey","unwrapKey"],"n":"oJFNACNKxoOyG0wV1b7Yh73JWcLlevVK5zTo8Acg13XSdeRVIH43hM7rYKUKRlXdcqepTScejuj3lZpmnKbndb8OI7ra6ZG0Up2XhSi0vZBSHTLdJlZ5a6gra7_HZoyPXutQU3R_0ZkxnSmoRA0I9EEtUn_5MR7acYJZILR7HEaxGrPpHXMWQH6Jx_NA97haNAQs5RdDsn1HGEA9NMe0OK9hgb4F5NEeuYXTglPX_pv1P8LxsALSLS15P6eaUEtqtC0EkoBNcHHXJ6Bs86iJOqVCsVA_gyspY3G2cH1NxuNy-P5n2N7RyQj95FzgO8CGpxSH-nXkOqDgZ5qg0g7-NQ","e":"AQAB"},"attributes":{"enabled":true,"created":1628296353,"updated":1628296353,"recoveryLevel":"Recoverable+Purgeable","recoverableDays":90}}'
    headers:
      cache-control: no-cache
      content-length: '699'
      content-type: application/json; charset=utf-8
      date: Sat, 07 Aug 2021 00:32:33 GMT
      expires: '-1'
      pragma: no-cache
      strict-transport-security: max-age=31536000;includeSubDomains
      x-content-type-options: nosniff
      x-ms-keyvault-network-info: conn_type=Ipv4;addr=172.92.159.124;act_addr_fam=InterNetwork;
      x-ms-keyvault-region: westus2
      x-ms-keyvault-service-version: 1.9.48.0
      x-powered-by: ASP.NET
    status:
      code: 200
      message: OK
    url: https://mcpatinokv.vault.azure.net/keys/livekvtestimport-test-keybe9317b3?api-version=7.3-preview
- request:
    body: '{"kty": "RSA", "key_size": 2048, "key_ops": ["encrypt", "decrypt", "sign",
      "verify", "wrapKey", "unwrapKey"], "tags": {"purpose": "unit test", "test name
      ": "CreateRSAKeyTest"}}'
    headers:
      Accept:
      - application/json
      Content-Length:
      - '177'
      Content-Type:
      - application/json
      User-Agent:
      - azsdk-python-keyvault-keys/4.5.0b2 Python/3.9.0 (Windows-10-10.0.19041-SP0)
    method: POST
    uri: https://vaultname.vault.azure.net/keys/livekvtestcrud-rsa-keybe9317b3/create?api-version=7.3-preview
  response:
    body:
      string: '{"key":{"kid":"https://vaultname.vault.azure.net/keys/livekvtestcrud-rsa-keybe9317b3/d21434d83ccb4b48ae71e059839adf32","kty":"RSA","key_ops":["encrypt","decrypt","sign","verify","wrapKey","unwrapKey"],"n":"0tbQpJwpJe0SS6MvFeNbsLFVs1O_WqwwC7aytBwzhXkamat72-w3J0xQ35uR1dEH4ZqkCoDNycP99Z-lPPWyxtRJ1GCB-rU8aV0m6DSDGbIXXVwKgM_vaSJWxJn_jzR891YQzTa9SgkfY8urPtEDzFq0omkXK_cB7diZEJjsPGx8G5oPkFR7U4fHnNWMHgu-OlBDYKsAZZj1Gf_UUOyxQkp3lPI7Meh80K8FVLheeBPf88qIZCJwBtOFSoXqN4ntkKPjjQp42vrdZhDLw14vVLIRZbC4SQ_4vVvNv3MGI5u176JozSKyqcURvTaz-Yz5Sy1os_fLfoBaIPOy0YQkDQ","e":"AQAB"},"attributes":{"enabled":true,"created":1628296355,"updated":1628296355,"recoveryLevel":"Recoverable+Purgeable","recoverableDays":90},"tags":{"purpose":"unit
        test","test name ":"CreateRSAKeyTest"}}'
    headers:
      cache-control: no-cache
      content-length: '759'
      content-type: application/json; charset=utf-8
      date: Sat, 07 Aug 2021 00:32:37 GMT
      expires: '-1'
      pragma: no-cache
      strict-transport-security: max-age=31536000;includeSubDomains
      x-content-type-options: nosniff
      x-ms-keyvault-network-info: conn_type=Ipv4;addr=172.92.159.124;act_addr_fam=InterNetwork;
      x-ms-keyvault-region: westus2
      x-ms-keyvault-service-version: 1.9.48.0
      x-powered-by: ASP.NET
    status:
      code: 200
      message: OK
    url: https://mcpatinokv.vault.azure.net/keys/livekvtestcrud-rsa-keybe9317b3/create?api-version=7.3-preview
- request:
    body: null
    headers:
      Accept:
      - application/json
      User-Agent:
      - azsdk-python-keyvault-keys/4.5.0b2 Python/3.9.0 (Windows-10-10.0.19041-SP0)
    method: GET
    uri: https://vaultname.vault.azure.net/keys/livekvtestcrud-rsa-keybe9317b3/d21434d83ccb4b48ae71e059839adf32?api-version=7.3-preview
  response:
    body:
      string: '{"key":{"kid":"https://vaultname.vault.azure.net/keys/livekvtestcrud-rsa-keybe9317b3/d21434d83ccb4b48ae71e059839adf32","kty":"RSA","key_ops":["encrypt","decrypt","sign","verify","wrapKey","unwrapKey"],"n":"0tbQpJwpJe0SS6MvFeNbsLFVs1O_WqwwC7aytBwzhXkamat72-w3J0xQ35uR1dEH4ZqkCoDNycP99Z-lPPWyxtRJ1GCB-rU8aV0m6DSDGbIXXVwKgM_vaSJWxJn_jzR891YQzTa9SgkfY8urPtEDzFq0omkXK_cB7diZEJjsPGx8G5oPkFR7U4fHnNWMHgu-OlBDYKsAZZj1Gf_UUOyxQkp3lPI7Meh80K8FVLheeBPf88qIZCJwBtOFSoXqN4ntkKPjjQp42vrdZhDLw14vVLIRZbC4SQ_4vVvNv3MGI5u176JozSKyqcURvTaz-Yz5Sy1os_fLfoBaIPOy0YQkDQ","e":"AQAB"},"attributes":{"enabled":true,"created":1628296355,"updated":1628296355,"recoveryLevel":"Recoverable+Purgeable","recoverableDays":90},"tags":{"purpose":"unit
        test","test name ":"CreateRSAKeyTest"}}'
    headers:
      cache-control: no-cache
      content-length: '759'
      content-type: application/json; charset=utf-8
      date: Sat, 07 Aug 2021 00:32:37 GMT
      expires: '-1'
      pragma: no-cache
      strict-transport-security: max-age=31536000;includeSubDomains
      x-content-type-options: nosniff
      x-ms-keyvault-network-info: conn_type=Ipv4;addr=172.92.159.124;act_addr_fam=InterNetwork;
      x-ms-keyvault-region: westus2
      x-ms-keyvault-service-version: 1.9.48.0
      x-powered-by: ASP.NET
    status:
      code: 200
      message: OK
    url: https://mcpatinokv.vault.azure.net/keys/livekvtestcrud-rsa-keybe9317b3/d21434d83ccb4b48ae71e059839adf32?api-version=7.3-preview
- request:
    body: null
    headers:
      Accept:
      - application/json
      User-Agent:
      - azsdk-python-keyvault-keys/4.5.0b2 Python/3.9.0 (Windows-10-10.0.19041-SP0)
    method: GET
    uri: https://vaultname.vault.azure.net/keys/livekvtestcrud-rsa-keybe9317b3/?api-version=7.3-preview
  response:
    body:
      string: '{"key":{"kid":"https://vaultname.vault.azure.net/keys/livekvtestcrud-rsa-keybe9317b3/d21434d83ccb4b48ae71e059839adf32","kty":"RSA","key_ops":["encrypt","decrypt","sign","verify","wrapKey","unwrapKey"],"n":"0tbQpJwpJe0SS6MvFeNbsLFVs1O_WqwwC7aytBwzhXkamat72-w3J0xQ35uR1dEH4ZqkCoDNycP99Z-lPPWyxtRJ1GCB-rU8aV0m6DSDGbIXXVwKgM_vaSJWxJn_jzR891YQzTa9SgkfY8urPtEDzFq0omkXK_cB7diZEJjsPGx8G5oPkFR7U4fHnNWMHgu-OlBDYKsAZZj1Gf_UUOyxQkp3lPI7Meh80K8FVLheeBPf88qIZCJwBtOFSoXqN4ntkKPjjQp42vrdZhDLw14vVLIRZbC4SQ_4vVvNv3MGI5u176JozSKyqcURvTaz-Yz5Sy1os_fLfoBaIPOy0YQkDQ","e":"AQAB"},"attributes":{"enabled":true,"created":1628296355,"updated":1628296355,"recoveryLevel":"Recoverable+Purgeable","recoverableDays":90},"tags":{"purpose":"unit
        test","test name ":"CreateRSAKeyTest"}}'
    headers:
      cache-control: no-cache
      content-length: '759'
      content-type: application/json; charset=utf-8
      date: Sat, 07 Aug 2021 00:32:37 GMT
      expires: '-1'
      pragma: no-cache
      strict-transport-security: max-age=31536000;includeSubDomains
      x-content-type-options: nosniff
      x-ms-keyvault-network-info: conn_type=Ipv4;addr=172.92.159.124;act_addr_fam=InterNetwork;
      x-ms-keyvault-region: westus2
      x-ms-keyvault-service-version: 1.9.48.0
      x-powered-by: ASP.NET
    status:
      code: 200
      message: OK
    url: https://mcpatinokv.vault.azure.net/keys/livekvtestcrud-rsa-keybe9317b3/?api-version=7.3-preview
- request:
    body: '{"attributes": {"exp": 2524723200}, "tags": {"foo": "updated tag"}}'
    headers:
      Accept:
      - application/json
      Content-Length:
      - '67'
      Content-Type:
      - application/json
      User-Agent:
      - azsdk-python-keyvault-keys/4.5.0b2 Python/3.9.0 (Windows-10-10.0.19041-SP0)
    method: PATCH
    uri: https://vaultname.vault.azure.net/keys/livekvtestcrud-rsa-keybe9317b3/?api-version=7.3-preview
  response:
    body:
      string: '{"key":{"kid":"https://vaultname.vault.azure.net/keys/livekvtestcrud-rsa-keybe9317b3/d21434d83ccb4b48ae71e059839adf32","kty":"RSA","key_ops":["encrypt","decrypt","sign","verify","wrapKey","unwrapKey"],"n":"0tbQpJwpJe0SS6MvFeNbsLFVs1O_WqwwC7aytBwzhXkamat72-w3J0xQ35uR1dEH4ZqkCoDNycP99Z-lPPWyxtRJ1GCB-rU8aV0m6DSDGbIXXVwKgM_vaSJWxJn_jzR891YQzTa9SgkfY8urPtEDzFq0omkXK_cB7diZEJjsPGx8G5oPkFR7U4fHnNWMHgu-OlBDYKsAZZj1Gf_UUOyxQkp3lPI7Meh80K8FVLheeBPf88qIZCJwBtOFSoXqN4ntkKPjjQp42vrdZhDLw14vVLIRZbC4SQ_4vVvNv3MGI5u176JozSKyqcURvTaz-Yz5Sy1os_fLfoBaIPOy0YQkDQ","e":"AQAB"},"attributes":{"enabled":true,"exp":2524723200,"created":1628296355,"updated":1628296359,"recoveryLevel":"Recoverable+Purgeable","recoverableDays":90},"tags":{"foo":"updated
        tag"}}'
    headers:
      cache-control: no-cache
      content-length: '742'
      content-type: application/json; charset=utf-8
      date: Sat, 07 Aug 2021 00:32:39 GMT
      expires: '-1'
      pragma: no-cache
      strict-transport-security: max-age=31536000;includeSubDomains
      x-content-type-options: nosniff
      x-ms-keyvault-network-info: conn_type=Ipv4;addr=172.92.159.124;act_addr_fam=InterNetwork;
      x-ms-keyvault-region: westus2
      x-ms-keyvault-service-version: 1.9.48.0
      x-powered-by: ASP.NET
    status:
      code: 200
      message: OK
    url: https://mcpatinokv.vault.azure.net/keys/livekvtestcrud-rsa-keybe9317b3/?api-version=7.3-preview
- request:
    body: null
    headers:
      Accept:
      - application/json
      User-Agent:
      - azsdk-python-keyvault-keys/4.5.0b2 Python/3.9.0 (Windows-10-10.0.19041-SP0)
    method: DELETE
    uri: https://vaultname.vault.azure.net/keys/livekvtestcrud-rsa-keybe9317b3?api-version=7.3-preview
  response:
    body:
      string: '{"recoveryId":"https://vaultname.vault.azure.net/deletedkeys/livekvtestcrud-rsa-keybe9317b3","deletedDate":1628296359,"scheduledPurgeDate":1636072359,"key":{"kid":"https://vaultname.vault.azure.net/keys/livekvtestcrud-rsa-keybe9317b3/d21434d83ccb4b48ae71e059839adf32","kty":"RSA","key_ops":["encrypt","decrypt","sign","verify","wrapKey","unwrapKey"],"n":"0tbQpJwpJe0SS6MvFeNbsLFVs1O_WqwwC7aytBwzhXkamat72-w3J0xQ35uR1dEH4ZqkCoDNycP99Z-lPPWyxtRJ1GCB-rU8aV0m6DSDGbIXXVwKgM_vaSJWxJn_jzR891YQzTa9SgkfY8urPtEDzFq0omkXK_cB7diZEJjsPGx8G5oPkFR7U4fHnNWMHgu-OlBDYKsAZZj1Gf_UUOyxQkp3lPI7Meh80K8FVLheeBPf88qIZCJwBtOFSoXqN4ntkKPjjQp42vrdZhDLw14vVLIRZbC4SQ_4vVvNv3MGI5u176JozSKyqcURvTaz-Yz5Sy1os_fLfoBaIPOy0YQkDQ","e":"AQAB"},"attributes":{"enabled":true,"exp":2524723200,"created":1628296355,"updated":1628296359,"recoveryLevel":"Recoverable+Purgeable","recoverableDays":90},"tags":{"foo":"updated
        tag"}}'
    headers:
      cache-control: no-cache
      content-length: '892'
      content-type: application/json; charset=utf-8
      date: Sat, 07 Aug 2021 00:32:39 GMT
      expires: '-1'
      pragma: no-cache
      strict-transport-security: max-age=31536000;includeSubDomains
      x-content-type-options: nosniff
      x-ms-keyvault-network-info: conn_type=Ipv4;addr=172.92.159.124;act_addr_fam=InterNetwork;
      x-ms-keyvault-region: westus2
      x-ms-keyvault-service-version: 1.9.48.0
      x-powered-by: ASP.NET
    status:
      code: 200
      message: OK
    url: https://mcpatinokv.vault.azure.net/keys/livekvtestcrud-rsa-keybe9317b3?api-version=7.3-preview
- request:
    body: null
    headers:
      Accept:
      - application/json
      User-Agent:
      - azsdk-python-keyvault-keys/4.5.0b2 Python/3.9.0 (Windows-10-10.0.19041-SP0)
    method: GET
    uri: https://vaultname.vault.azure.net/deletedkeys/livekvtestcrud-rsa-keybe9317b3?api-version=7.3-preview
  response:
    body:
      string: '{"error":{"code":"KeyNotFound","message":"Deleted Key not found: livekvtestcrud-rsa-keybe9317b3"}}'
    headers:
      cache-control: no-cache
      content-length: '98'
      content-type: application/json; charset=utf-8
      date: Sat, 07 Aug 2021 00:32:39 GMT
      expires: '-1'
      pragma: no-cache
      strict-transport-security: max-age=31536000;includeSubDomains
      x-content-type-options: nosniff
      x-ms-keyvault-network-info: conn_type=Ipv4;addr=172.92.159.124;act_addr_fam=InterNetwork;
      x-ms-keyvault-region: westus2
      x-ms-keyvault-service-version: 1.9.48.0
      x-powered-by: ASP.NET
    status:
      code: 404
      message: Not Found
    url: https://mcpatinokv.vault.azure.net/deletedkeys/livekvtestcrud-rsa-keybe9317b3?api-version=7.3-preview
- request:
    body: null
    headers:
      Accept:
      - application/json
      User-Agent:
      - azsdk-python-keyvault-keys/4.5.0b2 Python/3.9.0 (Windows-10-10.0.19041-SP0)
    method: GET
    uri: https://vaultname.vault.azure.net/deletedkeys/livekvtestcrud-rsa-keybe9317b3?api-version=7.3-preview
  response:
    body:
      string: '{"error":{"code":"KeyNotFound","message":"Deleted Key not found: livekvtestcrud-rsa-keybe9317b3"}}'
    headers:
      cache-control: no-cache
      content-length: '98'
      content-type: application/json; charset=utf-8
      date: Sat, 07 Aug 2021 00:32:41 GMT
      expires: '-1'
      pragma: no-cache
      strict-transport-security: max-age=31536000;includeSubDomains
      x-content-type-options: nosniff
      x-ms-keyvault-network-info: conn_type=Ipv4;addr=172.92.159.124;act_addr_fam=InterNetwork;
      x-ms-keyvault-region: westus2
      x-ms-keyvault-service-version: 1.9.48.0
      x-powered-by: ASP.NET
    status:
      code: 404
      message: Not Found
    url: https://mcpatinokv.vault.azure.net/deletedkeys/livekvtestcrud-rsa-keybe9317b3?api-version=7.3-preview
- request:
    body: null
    headers:
      Accept:
      - application/json
      User-Agent:
      - azsdk-python-keyvault-keys/4.5.0b2 Python/3.9.0 (Windows-10-10.0.19041-SP0)
    method: GET
    uri: https://vaultname.vault.azure.net/deletedkeys/livekvtestcrud-rsa-keybe9317b3?api-version=7.3-preview
  response:
    body:
      string: '{"error":{"code":"KeyNotFound","message":"Deleted Key not found: livekvtestcrud-rsa-keybe9317b3"}}'
    headers:
      cache-control: no-cache
      content-length: '98'
      content-type: application/json; charset=utf-8
      date: Sat, 07 Aug 2021 00:32:43 GMT
      expires: '-1'
      pragma: no-cache
      strict-transport-security: max-age=31536000;includeSubDomains
      x-content-type-options: nosniff
      x-ms-keyvault-network-info: conn_type=Ipv4;addr=172.92.159.124;act_addr_fam=InterNetwork;
      x-ms-keyvault-region: westus2
      x-ms-keyvault-service-version: 1.9.48.0
      x-powered-by: ASP.NET
    status:
      code: 404
      message: Not Found
    url: https://mcpatinokv.vault.azure.net/deletedkeys/livekvtestcrud-rsa-keybe9317b3?api-version=7.3-preview
- request:
    body: null
    headers:
      Accept:
      - application/json
      User-Agent:
      - azsdk-python-keyvault-keys/4.5.0b2 Python/3.9.0 (Windows-10-10.0.19041-SP0)
    method: GET
    uri: https://vaultname.vault.azure.net/deletedkeys/livekvtestcrud-rsa-keybe9317b3?api-version=7.3-preview
  response:
    body:
      string: '{"error":{"code":"KeyNotFound","message":"Deleted Key not found: livekvtestcrud-rsa-keybe9317b3"}}'
    headers:
      cache-control: no-cache
      content-length: '98'
      content-type: application/json; charset=utf-8
      date: Sat, 07 Aug 2021 00:32:45 GMT
      expires: '-1'
      pragma: no-cache
      strict-transport-security: max-age=31536000;includeSubDomains
      x-content-type-options: nosniff
      x-ms-keyvault-network-info: conn_type=Ipv4;addr=172.92.159.124;act_addr_fam=InterNetwork;
      x-ms-keyvault-region: westus2
      x-ms-keyvault-service-version: 1.9.48.0
      x-powered-by: ASP.NET
    status:
      code: 404
      message: Not Found
    url: https://mcpatinokv.vault.azure.net/deletedkeys/livekvtestcrud-rsa-keybe9317b3?api-version=7.3-preview
- request:
    body: null
    headers:
      Accept:
      - application/json
      User-Agent:
      - azsdk-python-keyvault-keys/4.5.0b2 Python/3.9.0 (Windows-10-10.0.19041-SP0)
    method: GET
    uri: https://vaultname.vault.azure.net/deletedkeys/livekvtestcrud-rsa-keybe9317b3?api-version=7.3-preview
  response:
    body:
      string: '{"error":{"code":"KeyNotFound","message":"Deleted Key not found: livekvtestcrud-rsa-keybe9317b3"}}'
    headers:
      cache-control: no-cache
      content-length: '98'
      content-type: application/json; charset=utf-8
      date: Sat, 07 Aug 2021 00:32:47 GMT
      expires: '-1'
      pragma: no-cache
      strict-transport-security: max-age=31536000;includeSubDomains
      x-content-type-options: nosniff
      x-ms-keyvault-network-info: conn_type=Ipv4;addr=172.92.159.124;act_addr_fam=InterNetwork;
      x-ms-keyvault-region: westus2
      x-ms-keyvault-service-version: 1.9.48.0
      x-powered-by: ASP.NET
    status:
      code: 404
      message: Not Found
    url: https://mcpatinokv.vault.azure.net/deletedkeys/livekvtestcrud-rsa-keybe9317b3?api-version=7.3-preview
- request:
    body: null
    headers:
      Accept:
      - application/json
      User-Agent:
      - azsdk-python-keyvault-keys/4.5.0b2 Python/3.9.0 (Windows-10-10.0.19041-SP0)
    method: GET
    uri: https://vaultname.vault.azure.net/deletedkeys/livekvtestcrud-rsa-keybe9317b3?api-version=7.3-preview
  response:
    body:
      string: '{"error":{"code":"KeyNotFound","message":"Deleted Key not found: livekvtestcrud-rsa-keybe9317b3"}}'
    headers:
      cache-control: no-cache
      content-length: '98'
      content-type: application/json; charset=utf-8
      date: Sat, 07 Aug 2021 00:32:49 GMT
      expires: '-1'
      pragma: no-cache
      strict-transport-security: max-age=31536000;includeSubDomains
      x-content-type-options: nosniff
      x-ms-keyvault-network-info: conn_type=Ipv4;addr=172.92.159.124;act_addr_fam=InterNetwork;
      x-ms-keyvault-region: westus2
      x-ms-keyvault-service-version: 1.9.48.0
      x-powered-by: ASP.NET
    status:
      code: 404
      message: Not Found
    url: https://mcpatinokv.vault.azure.net/deletedkeys/livekvtestcrud-rsa-keybe9317b3?api-version=7.3-preview
- request:
    body: null
    headers:
      Accept:
      - application/json
      User-Agent:
      - azsdk-python-keyvault-keys/4.5.0b2 Python/3.9.0 (Windows-10-10.0.19041-SP0)
    method: GET
    uri: https://vaultname.vault.azure.net/deletedkeys/livekvtestcrud-rsa-keybe9317b3?api-version=7.3-preview
  response:
    body:
      string: '{"error":{"code":"KeyNotFound","message":"Deleted Key not found: livekvtestcrud-rsa-keybe9317b3"}}'
    headers:
      cache-control: no-cache
      content-length: '98'
      content-type: application/json; charset=utf-8
      date: Sat, 07 Aug 2021 00:32:51 GMT
      expires: '-1'
      pragma: no-cache
      strict-transport-security: max-age=31536000;includeSubDomains
      x-content-type-options: nosniff
      x-ms-keyvault-network-info: conn_type=Ipv4;addr=172.92.159.124;act_addr_fam=InterNetwork;
      x-ms-keyvault-region: westus2
      x-ms-keyvault-service-version: 1.9.48.0
      x-powered-by: ASP.NET
    status:
      code: 404
      message: Not Found
    url: https://mcpatinokv.vault.azure.net/deletedkeys/livekvtestcrud-rsa-keybe9317b3?api-version=7.3-preview
- request:
    body: null
    headers:
      Accept:
      - application/json
      User-Agent:
      - azsdk-python-keyvault-keys/4.5.0b2 Python/3.9.0 (Windows-10-10.0.19041-SP0)
    method: GET
    uri: https://vaultname.vault.azure.net/deletedkeys/livekvtestcrud-rsa-keybe9317b3?api-version=7.3-preview
  response:
    body:
      string: '{"error":{"code":"KeyNotFound","message":"Deleted Key not found: livekvtestcrud-rsa-keybe9317b3"}}'
    headers:
      cache-control: no-cache
      content-length: '98'
      content-type: application/json; charset=utf-8
      date: Sat, 07 Aug 2021 00:32:53 GMT
      expires: '-1'
      pragma: no-cache
      strict-transport-security: max-age=31536000;includeSubDomains
      x-content-type-options: nosniff
      x-ms-keyvault-network-info: conn_type=Ipv4;addr=172.92.159.124;act_addr_fam=InterNetwork;
      x-ms-keyvault-region: westus2
      x-ms-keyvault-service-version: 1.9.48.0
      x-powered-by: ASP.NET
    status:
      code: 404
      message: Not Found
    url: https://mcpatinokv.vault.azure.net/deletedkeys/livekvtestcrud-rsa-keybe9317b3?api-version=7.3-preview
- request:
    body: null
    headers:
      Accept:
      - application/json
      User-Agent:
      - azsdk-python-keyvault-keys/4.5.0b2 Python/3.9.0 (Windows-10-10.0.19041-SP0)
    method: GET
    uri: https://vaultname.vault.azure.net/deletedkeys/livekvtestcrud-rsa-keybe9317b3?api-version=7.3-preview
  response:
    body:
      string: '{"error":{"code":"KeyNotFound","message":"Deleted Key not found: livekvtestcrud-rsa-keybe9317b3"}}'
    headers:
      cache-control: no-cache
      content-length: '98'
      content-type: application/json; charset=utf-8
      date: Sat, 07 Aug 2021 00:32:55 GMT
      expires: '-1'
      pragma: no-cache
      strict-transport-security: max-age=31536000;includeSubDomains
      x-content-type-options: nosniff
      x-ms-keyvault-network-info: conn_type=Ipv4;addr=172.92.159.124;act_addr_fam=InterNetwork;
      x-ms-keyvault-region: westus2
      x-ms-keyvault-service-version: 1.9.48.0
      x-powered-by: ASP.NET
    status:
      code: 404
      message: Not Found
    url: https://mcpatinokv.vault.azure.net/deletedkeys/livekvtestcrud-rsa-keybe9317b3?api-version=7.3-preview
- request:
    body: null
    headers:
      Accept:
      - application/json
      User-Agent:
      - azsdk-python-keyvault-keys/4.5.0b2 Python/3.9.0 (Windows-10-10.0.19041-SP0)
    method: GET
    uri: https://vaultname.vault.azure.net/deletedkeys/livekvtestcrud-rsa-keybe9317b3?api-version=7.3-preview
  response:
    body:
      string: '{"error":{"code":"KeyNotFound","message":"Deleted Key not found: livekvtestcrud-rsa-keybe9317b3"}}'
    headers:
      cache-control: no-cache
      content-length: '98'
      content-type: application/json; charset=utf-8
      date: Sat, 07 Aug 2021 00:32:57 GMT
      expires: '-1'
      pragma: no-cache
      strict-transport-security: max-age=31536000;includeSubDomains
      x-content-type-options: nosniff
      x-ms-keyvault-network-info: conn_type=Ipv4;addr=172.92.159.124;act_addr_fam=InterNetwork;
      x-ms-keyvault-region: westus2
      x-ms-keyvault-service-version: 1.9.48.0
      x-powered-by: ASP.NET
    status:
      code: 404
      message: Not Found
    url: https://mcpatinokv.vault.azure.net/deletedkeys/livekvtestcrud-rsa-keybe9317b3?api-version=7.3-preview
- request:
    body: null
    headers:
      Accept:
      - application/json
      User-Agent:
      - azsdk-python-keyvault-keys/4.5.0b2 Python/3.9.0 (Windows-10-10.0.19041-SP0)
    method: GET
    uri: https://vaultname.vault.azure.net/deletedkeys/livekvtestcrud-rsa-keybe9317b3?api-version=7.3-preview
  response:
    body:
      string: '{"error":{"code":"KeyNotFound","message":"Deleted Key not found: livekvtestcrud-rsa-keybe9317b3"}}'
    headers:
      cache-control: no-cache
      content-length: '98'
      content-type: application/json; charset=utf-8
      date: Sat, 07 Aug 2021 00:32:59 GMT
      expires: '-1'
      pragma: no-cache
      strict-transport-security: max-age=31536000;includeSubDomains
      x-content-type-options: nosniff
      x-ms-keyvault-network-info: conn_type=Ipv4;addr=172.92.159.124;act_addr_fam=InterNetwork;
      x-ms-keyvault-region: westus2
      x-ms-keyvault-service-version: 1.9.48.0
      x-powered-by: ASP.NET
    status:
      code: 404
      message: Not Found
    url: https://mcpatinokv.vault.azure.net/deletedkeys/livekvtestcrud-rsa-keybe9317b3?api-version=7.3-preview
- request:
    body: null
    headers:
      Accept:
      - application/json
      User-Agent:
      - azsdk-python-keyvault-keys/4.5.0b2 Python/3.9.0 (Windows-10-10.0.19041-SP0)
    method: GET
    uri: https://vaultname.vault.azure.net/deletedkeys/livekvtestcrud-rsa-keybe9317b3?api-version=7.3-preview
  response:
    body:
      string: '{"error":{"code":"KeyNotFound","message":"Deleted Key not found: livekvtestcrud-rsa-keybe9317b3"}}'
    headers:
      cache-control: no-cache
      content-length: '98'
      content-type: application/json; charset=utf-8
      date: Sat, 07 Aug 2021 00:33:01 GMT
      expires: '-1'
      pragma: no-cache
      strict-transport-security: max-age=31536000;includeSubDomains
      x-content-type-options: nosniff
      x-ms-keyvault-network-info: conn_type=Ipv4;addr=172.92.159.124;act_addr_fam=InterNetwork;
      x-ms-keyvault-region: westus2
      x-ms-keyvault-service-version: 1.9.48.0
      x-powered-by: ASP.NET
    status:
      code: 404
      message: Not Found
    url: https://mcpatinokv.vault.azure.net/deletedkeys/livekvtestcrud-rsa-keybe9317b3?api-version=7.3-preview
- request:
    body: null
    headers:
      Accept:
      - application/json
      User-Agent:
      - azsdk-python-keyvault-keys/4.5.0b2 Python/3.9.0 (Windows-10-10.0.19041-SP0)
    method: GET
    uri: https://vaultname.vault.azure.net/deletedkeys/livekvtestcrud-rsa-keybe9317b3?api-version=7.3-preview
  response:
    body:
      string: '{"error":{"code":"KeyNotFound","message":"Deleted Key not found: livekvtestcrud-rsa-keybe9317b3"}}'
    headers:
      cache-control: no-cache
      content-length: '98'
      content-type: application/json; charset=utf-8
      date: Sat, 07 Aug 2021 00:33:03 GMT
      expires: '-1'
      pragma: no-cache
      strict-transport-security: max-age=31536000;includeSubDomains
      x-content-type-options: nosniff
      x-ms-keyvault-network-info: conn_type=Ipv4;addr=172.92.159.124;act_addr_fam=InterNetwork;
      x-ms-keyvault-region: westus2
      x-ms-keyvault-service-version: 1.9.48.0
      x-powered-by: ASP.NET
    status:
      code: 404
      message: Not Found
    url: https://mcpatinokv.vault.azure.net/deletedkeys/livekvtestcrud-rsa-keybe9317b3?api-version=7.3-preview
- request:
    body: null
    headers:
      Accept:
      - application/json
      User-Agent:
      - azsdk-python-keyvault-keys/4.5.0b2 Python/3.9.0 (Windows-10-10.0.19041-SP0)
    method: GET
    uri: https://vaultname.vault.azure.net/deletedkeys/livekvtestcrud-rsa-keybe9317b3?api-version=7.3-preview
  response:
    body:
      string: '{"recoveryId":"https://vaultname.vault.azure.net/deletedkeys/livekvtestcrud-rsa-keybe9317b3","deletedDate":1628296359,"scheduledPurgeDate":1636072359,"key":{"kid":"https://vaultname.vault.azure.net/keys/livekvtestcrud-rsa-keybe9317b3/d21434d83ccb4b48ae71e059839adf32","kty":"RSA","key_ops":["encrypt","decrypt","sign","verify","wrapKey","unwrapKey"],"n":"0tbQpJwpJe0SS6MvFeNbsLFVs1O_WqwwC7aytBwzhXkamat72-w3J0xQ35uR1dEH4ZqkCoDNycP99Z-lPPWyxtRJ1GCB-rU8aV0m6DSDGbIXXVwKgM_vaSJWxJn_jzR891YQzTa9SgkfY8urPtEDzFq0omkXK_cB7diZEJjsPGx8G5oPkFR7U4fHnNWMHgu-OlBDYKsAZZj1Gf_UUOyxQkp3lPI7Meh80K8FVLheeBPf88qIZCJwBtOFSoXqN4ntkKPjjQp42vrdZhDLw14vVLIRZbC4SQ_4vVvNv3MGI5u176JozSKyqcURvTaz-Yz5Sy1os_fLfoBaIPOy0YQkDQ","e":"AQAB"},"attributes":{"enabled":true,"exp":2524723200,"created":1628296355,"updated":1628296359,"recoveryLevel":"Recoverable+Purgeable","recoverableDays":90},"tags":{"foo":"updated
        tag"}}'
    headers:
      cache-control: no-cache
      content-length: '892'
      content-type: application/json; charset=utf-8
      date: Sat, 07 Aug 2021 00:33:06 GMT
      expires: '-1'
      pragma: no-cache
      strict-transport-security: max-age=31536000;includeSubDomains
      x-content-type-options: nosniff
      x-ms-keyvault-network-info: conn_type=Ipv4;addr=172.92.159.124;act_addr_fam=InterNetwork;
      x-ms-keyvault-region: westus2
      x-ms-keyvault-service-version: 1.9.48.0
      x-powered-by: ASP.NET
    status:
      code: 200
      message: OK
    url: https://mcpatinokv.vault.azure.net/deletedkeys/livekvtestcrud-rsa-keybe9317b3?api-version=7.3-preview
- request:
    body: null
    headers:
      Accept:
      - application/json
      User-Agent:
      - azsdk-python-keyvault-keys/4.5.0b2 Python/3.9.0 (Windows-10-10.0.19041-SP0)
    method: GET
    uri: https://vaultname.vault.azure.net/deletedkeys/livekvtestcrud-rsa-keybe9317b3?api-version=7.3-preview
  response:
    body:
      string: '{"recoveryId":"https://vaultname.vault.azure.net/deletedkeys/livekvtestcrud-rsa-keybe9317b3","deletedDate":1628296359,"scheduledPurgeDate":1636072359,"key":{"kid":"https://vaultname.vault.azure.net/keys/livekvtestcrud-rsa-keybe9317b3/d21434d83ccb4b48ae71e059839adf32","kty":"RSA","key_ops":["encrypt","decrypt","sign","verify","wrapKey","unwrapKey"],"n":"0tbQpJwpJe0SS6MvFeNbsLFVs1O_WqwwC7aytBwzhXkamat72-w3J0xQ35uR1dEH4ZqkCoDNycP99Z-lPPWyxtRJ1GCB-rU8aV0m6DSDGbIXXVwKgM_vaSJWxJn_jzR891YQzTa9SgkfY8urPtEDzFq0omkXK_cB7diZEJjsPGx8G5oPkFR7U4fHnNWMHgu-OlBDYKsAZZj1Gf_UUOyxQkp3lPI7Meh80K8FVLheeBPf88qIZCJwBtOFSoXqN4ntkKPjjQp42vrdZhDLw14vVLIRZbC4SQ_4vVvNv3MGI5u176JozSKyqcURvTaz-Yz5Sy1os_fLfoBaIPOy0YQkDQ","e":"AQAB"},"attributes":{"enabled":true,"exp":2524723200,"created":1628296355,"updated":1628296359,"recoveryLevel":"Recoverable+Purgeable","recoverableDays":90},"tags":{"foo":"updated
        tag"}}'
    headers:
      cache-control: no-cache
      content-length: '892'
      content-type: application/json; charset=utf-8
      date: Sat, 07 Aug 2021 00:33:06 GMT
      expires: '-1'
      pragma: no-cache
      strict-transport-security: max-age=31536000;includeSubDomains
      x-content-type-options: nosniff
      x-ms-keyvault-network-info: conn_type=Ipv4;addr=172.92.159.124;act_addr_fam=InterNetwork;
      x-ms-keyvault-region: westus2
      x-ms-keyvault-service-version: 1.9.48.0
      x-powered-by: ASP.NET
    status:
      code: 200
      message: OK
    url: https://mcpatinokv.vault.azure.net/deletedkeys/livekvtestcrud-rsa-keybe9317b3?api-version=7.3-preview
version: 1
