interactions:
- request:
    body: null
    headers:
      Accept:
      - application/json
      Content-Length:
      - '0'
      Content-Type:
      - application/json
      User-Agent:
      - azsdk-python-keyvault-keys/4.5.0b5 Python/3.9.0 (Windows-10-10.0.22000-SP0)
    method: POST
    uri: https://vaultname.vault.azure.net/keys/livekvtestcrud-ec-keyd0d1451/create?api-version=7.2
  response:
    body:
      string: '{"error":{"code":"Unauthorized","message":"AKV10000: Request is missing
        a Bearer or PoP token."}}'
    headers:
      cache-control: no-cache
      content-length: '97'
      content-type: application/json; charset=utf-8
      date: Fri, 08 Oct 2021 21:44:04 GMT
      expires: '-1'
      pragma: no-cache
      strict-transport-security: max-age=31536000;includeSubDomains
      www-authenticate: Bearer authorization="https://login.windows.net/72f988bf-86f1-41af-91ab-2d7cd011db47",
        resource="https://vault.azure.net"
      x-content-type-options: nosniff
      x-ms-keyvault-network-info: conn_type=Ipv4;addr=172.92.159.124;act_addr_fam=InterNetwork;
      x-ms-keyvault-region: westus
      x-ms-keyvault-service-version: 1.9.132.3
      x-powered-by: ASP.NET
    status:
      code: 401
      message: Unauthorized
    url: https://mcpatinotest.vault.azure.net/keys/livekvtestcrud-ec-keyd0d1451/create?api-version=7.2
- request:
    body: '{"kty": "EC-HSM", "attributes": {"enabled": true}, "tags": {"purpose":
      "unit test", "test name": "CreateECKeyTest"}}'
    headers:
      Accept:
      - application/json
      Content-Length:
      - '116'
      Content-Type:
      - application/json
      User-Agent:
      - azsdk-python-keyvault-keys/4.5.0b5 Python/3.9.0 (Windows-10-10.0.22000-SP0)
    method: POST
    uri: https://vaultname.vault.azure.net/keys/livekvtestcrud-ec-keyd0d1451/create?api-version=7.2
  response:
    body:
      string: '{"key":{"kid":"https://vaultname.vault.azure.net/keys/livekvtestcrud-ec-keyd0d1451/d56c9099c7644410ad5eb24cd0d25eb0","kty":"EC-HSM","key_ops":["sign","verify"],"crv":"P-256","x":"ZBCIgws3elGwYb6co-6qGgUSOsRiy-KwqcAC9licoYU","y":"lEJ3os6ajdvggnQSYV0pPso0AWDdXVdwLzVWOsI1wG0"},"attributes":{"enabled":true,"created":1633729444,"updated":1633729444,"recoveryLevel":"Recoverable+Purgeable","recoverableDays":90},"tags":{"purpose":"unit
        test","test name":"CreateECKeyTest"}}'
    headers:
      cache-control: no-cache
      content-length: '472'
      content-type: application/json; charset=utf-8
      date: Fri, 08 Oct 2021 21:44:04 GMT
      expires: '-1'
      pragma: no-cache
      strict-transport-security: max-age=31536000;includeSubDomains
      x-content-type-options: nosniff
      x-ms-keyvault-network-info: conn_type=Ipv4;addr=172.92.159.124;act_addr_fam=InterNetwork;
      x-ms-keyvault-region: westus
      x-ms-keyvault-service-version: 1.9.132.3
      x-powered-by: ASP.NET
    status:
      code: 200
      message: OK
    url: https://mcpatinotest.vault.azure.net/keys/livekvtestcrud-ec-keyd0d1451/create?api-version=7.2
- request:
    body: '{"kty": "EC", "crv": "P-256"}'
    headers:
      Accept:
      - application/json
      Content-Length:
      - '29'
      Content-Type:
      - application/json
      User-Agent:
      - azsdk-python-keyvault-keys/4.5.0b5 Python/3.9.0 (Windows-10-10.0.22000-SP0)
    method: POST
    uri: https://vaultname.vault.azure.net/keys/livekvtestcrud-P-256-ec-keyd0d1451/create?api-version=7.2
  response:
    body:
      string: '{"key":{"kid":"https://vaultname.vault.azure.net/keys/livekvtestcrud-P-256-ec-keyd0d1451/619220a483cb4d049320296b3432f7dd","kty":"EC","key_ops":["sign","verify"],"crv":"P-256","x":"vgOyPXQf3mIBKV6nGbSfHMcWYpMxEPCL7mQTprMxcb8","y":"lZxUDAUn98Xh4kUSf_IO6JdON0ZV1fTYYdwx3zC7b0w"},"attributes":{"enabled":true,"created":1633729447,"updated":1633729447,"recoveryLevel":"Recoverable+Purgeable","recoverableDays":90}}'
    headers:
      cache-control: no-cache
      content-length: '413'
      content-type: application/json; charset=utf-8
      date: Fri, 08 Oct 2021 21:44:06 GMT
      expires: '-1'
      pragma: no-cache
      strict-transport-security: max-age=31536000;includeSubDomains
      x-content-type-options: nosniff
      x-ms-keyvault-network-info: conn_type=Ipv4;addr=172.92.159.124;act_addr_fam=InterNetwork;
      x-ms-keyvault-region: westus
      x-ms-keyvault-service-version: 1.9.132.3
      x-powered-by: ASP.NET
    status:
      code: 200
      message: OK
    url: https://mcpatinotest.vault.azure.net/keys/livekvtestcrud-P-256-ec-keyd0d1451/create?api-version=7.2
- request:
    body: '{"key": {"kty": "RSA", "key_ops": ["encrypt", "decrypt", "sign", "verify",
      "wrapKey", "unwrapKey"], "n": "AKCRTQAjSsaDshtMFdW-2Ie9yVnC5Xr1Suc06PAHINd10nXkVSB-N4TO62ClCkZV3XKnqU0nHo7o95WaZpym53W_DiO62umRtFKdl4UotL2QUh0y3SZWeWuoK2u_x2aMj17rUFN0f9GZMZ0pqEQNCPRBLVJ_-TEe2nGCWSC0exxGsRqz6R1zFkB-icfzQPe4WjQELOUXQ7J9RxhAPTTHtDivYYG-BeTRHrmF04JT1_6b9T_C8bAC0i0teT-nmlBLarQtBJKATXBx1yegbPOoiTqlQrFQP4MrKWNxtnB9Tcbjcvj-Z9je0ckI_eRc4DvAhqcUh_p15Dqg4GeaoNIO_jU",
      "e": "AQAB", "d": "Ynx9JGaBSP4iUsf6ZJ6opantRNdcdmzaQrKbZg6ZQE8Ohi1FYabJWvaoPSE-CiJEsDzShXZHMhUHN4X7Bn8BXaGQhK3p9HXgiwQKmix7oAJTu4ElUIyd8UC3UWHSZr40el4PaQD-HYu_eMzCXus34MnRiNbh_BUWm6T-Eidhk9d3kNIyaSi9YNDQHW6tjWrEhhq63O7JU1j9ZonFChZxpKk20jdkQKQURVAdpOdL-5j4I70ZxFuU6wHZj8DS8oRQfwGOvZKbgYDb5jgf3UNL_7eACqq92XPVX56vm7iKbqeyjCqAIx5y3hrSRIJtZlWCwjYnYQGd4unxDLi8wmJWSQ",
      "dp": "AMmhWb5yZcu6vJr8xJZ-t0_likxJRUMZAtEULaWZt2DgODj4y9JrZDJP6mvckzhQP0WXk2NuWbU2HR5pUeCN2wieG1B76VKoH76vfnaJDqT1NuJVBcP2SLHog3ffwZtMME5zjfygchG3kihqOSpwTQ9ETAqAJTkRC38fEhwAz_Cp",
      "dq": "AKC9TAo9n2RDaggjdLXK8kiLrBVoaWFTpqXkzYXRhtsx4vWPAkxhfSnze05rVMl6HiXv7FnE0f0wYawzUJzoyuXBH0zS6D9BqCZPeF543AmWB27iPf38Q9Z8Rjr6oBgMSnGDV_mm8nDVQkeaDyE4cOZh-5UKvKShTKKQVwunmDNH",
      "qi": "AJ_nrkLpK8BPzVeARkvSHQyKwMWZ-a8CD95qsKfn0dOZAvXY-2xhQYTEwbED-0bpTNEKbIpA-ZkaHygmnzJkNbbFAnb9pkkzU8ZQqDP3JNgMfVIroWx58Oth9nJza2j7i-MkPRCUPEq3Ao0J52z7WJIiLji8TTVYW_NaiM1oxzsH",
      "p": "ANHerI1o3dLB_VLVmZZVss8VZSYN5SaeQ_0qhfOSgOFwj__waCFmy2EG7l6l6f_Z-Y0L7Mn_LNov68lyWSFa2EuQUeVj4UoFHc5Di8ZUGiSsTwFM-XMtNuv8HmGgDYLL5BIJD3eTz71LdgW-Ez38OZH34b7VeG8zfeUDb8Hi30zz",
      "q": "AMPcZrZBqbc82DO8Q5zTT8ZXRGWrW36KktMllaIk1W2RHnRiQiW0jBWmcCgqUcQNHa1LwumjyNqwx28QBS37BTvG7ULGUoio6LrOeoiBGEMj-U19sX6m37plEhj5Mak7j3OPPY_T9rohjTW5aGGg9YSwq4jdz0RrmBX00ofYOjI3"}}'
    headers:
      Accept:
      - application/json
      Content-Length:
      - '1724'
      Content-Type:
      - application/json
      User-Agent:
      - azsdk-python-keyvault-keys/4.5.0b5 Python/3.9.0 (Windows-10-10.0.22000-SP0)
    method: PUT
    uri: https://vaultname.vault.azure.net/keys/livekvtestimport-test-keyd0d1451?api-version=7.2
  response:
    body:
      string: '{"key":{"kid":"https://vaultname.vault.azure.net/keys/livekvtestimport-test-keyd0d1451/289e131ee76d4672921f46b348c6b5fc","kty":"RSA","key_ops":["encrypt","decrypt","sign","verify","wrapKey","unwrapKey"],"n":"oJFNACNKxoOyG0wV1b7Yh73JWcLlevVK5zTo8Acg13XSdeRVIH43hM7rYKUKRlXdcqepTScejuj3lZpmnKbndb8OI7ra6ZG0Up2XhSi0vZBSHTLdJlZ5a6gra7_HZoyPXutQU3R_0ZkxnSmoRA0I9EEtUn_5MR7acYJZILR7HEaxGrPpHXMWQH6Jx_NA97haNAQs5RdDsn1HGEA9NMe0OK9hgb4F5NEeuYXTglPX_pv1P8LxsALSLS15P6eaUEtqtC0EkoBNcHHXJ6Bs86iJOqVCsVA_gyspY3G2cH1NxuNy-P5n2N7RyQj95FzgO8CGpxSH-nXkOqDgZ5qg0g7-NQ","e":"AQAB"},"attributes":{"enabled":true,"created":1633729447,"updated":1633729447,"recoveryLevel":"Recoverable+Purgeable","recoverableDays":90}}'
    headers:
      cache-control: no-cache
      content-length: '700'
      content-type: application/json; charset=utf-8
      date: Fri, 08 Oct 2021 21:44:06 GMT
      expires: '-1'
      pragma: no-cache
      strict-transport-security: max-age=31536000;includeSubDomains
      x-content-type-options: nosniff
      x-ms-keyvault-network-info: conn_type=Ipv4;addr=172.92.159.124;act_addr_fam=InterNetwork;
      x-ms-keyvault-region: westus
      x-ms-keyvault-service-version: 1.9.132.3
      x-powered-by: ASP.NET
    status:
      code: 200
      message: OK
    url: https://mcpatinotest.vault.azure.net/keys/livekvtestimport-test-keyd0d1451?api-version=7.2
- request:
    body: '{"kty": "RSA", "key_size": 2048, "key_ops": ["encrypt", "decrypt", "sign",
      "verify", "wrapKey", "unwrapKey"], "tags": {"purpose": "unit test", "test name
      ": "CreateRSAKeyTest"}}'
    headers:
      Accept:
      - application/json
      Content-Length:
      - '177'
      Content-Type:
      - application/json
      User-Agent:
      - azsdk-python-keyvault-keys/4.5.0b5 Python/3.9.0 (Windows-10-10.0.22000-SP0)
    method: POST
    uri: https://vaultname.vault.azure.net/keys/livekvtestcrud-rsa-keyd0d1451/create?api-version=7.2
  response:
    body:
      string: '{"key":{"kid":"https://vaultname.vault.azure.net/keys/livekvtestcrud-rsa-keyd0d1451/9ba0ac6c14ed4422b3214b50405df515","kty":"RSA","key_ops":["encrypt","decrypt","sign","verify","wrapKey","unwrapKey"],"n":"qxxIyHWfgVi9D4o2wcxVTK-LJmWQDzD6ILTNXEhArMJS67d9bt7_FZ4yHE2LuoW7pn4zw67u-h5kxHBNxWpsQvFSRrfETubpG92--79UCJB4VU5tChvhYfwN65BeoHeHv5aoeV7QZLDionpGEm7Iw2_Dy_It_L_Jnb6c800L7OwwLMc5rpWMlFaYlNIIruWBN6j7OgUUuxcGYTfuWwEbvizb1WyirBnA8at3sdj3rl_2P0fEZKqs6miVQ2PpANMqHjw30DcaFj3n1a7fPuE-lWd2HUivWFRQQNE8xNNjYji79EYzmCVH200q1ygdE7bV14JvaybpT6M4CqMjsfNQaQ","e":"AQAB"},"attributes":{"enabled":true,"created":1633729449,"updated":1633729449,"recoveryLevel":"Recoverable+Purgeable","recoverableDays":90},"tags":{"purpose":"unit
        test","test name ":"CreateRSAKeyTest"}}'
    headers:
      cache-control: no-cache
      content-length: '760'
      content-type: application/json; charset=utf-8
      date: Fri, 08 Oct 2021 21:44:09 GMT
      expires: '-1'
      pragma: no-cache
      strict-transport-security: max-age=31536000;includeSubDomains
      x-content-type-options: nosniff
      x-ms-keyvault-network-info: conn_type=Ipv4;addr=172.92.159.124;act_addr_fam=InterNetwork;
      x-ms-keyvault-region: westus
      x-ms-keyvault-service-version: 1.9.132.3
      x-powered-by: ASP.NET
    status:
      code: 200
      message: OK
    url: https://mcpatinotest.vault.azure.net/keys/livekvtestcrud-rsa-keyd0d1451/create?api-version=7.2
- request:
    body: null
    headers:
      Accept:
      - application/json
      User-Agent:
      - azsdk-python-keyvault-keys/4.5.0b5 Python/3.9.0 (Windows-10-10.0.22000-SP0)
    method: GET
    uri: https://vaultname.vault.azure.net/keys/livekvtestcrud-rsa-keyd0d1451/9ba0ac6c14ed4422b3214b50405df515?api-version=7.2
  response:
    body:
      string: '{"key":{"kid":"https://vaultname.vault.azure.net/keys/livekvtestcrud-rsa-keyd0d1451/9ba0ac6c14ed4422b3214b50405df515","kty":"RSA","key_ops":["encrypt","decrypt","sign","verify","wrapKey","unwrapKey"],"n":"qxxIyHWfgVi9D4o2wcxVTK-LJmWQDzD6ILTNXEhArMJS67d9bt7_FZ4yHE2LuoW7pn4zw67u-h5kxHBNxWpsQvFSRrfETubpG92--79UCJB4VU5tChvhYfwN65BeoHeHv5aoeV7QZLDionpGEm7Iw2_Dy_It_L_Jnb6c800L7OwwLMc5rpWMlFaYlNIIruWBN6j7OgUUuxcGYTfuWwEbvizb1WyirBnA8at3sdj3rl_2P0fEZKqs6miVQ2PpANMqHjw30DcaFj3n1a7fPuE-lWd2HUivWFRQQNE8xNNjYji79EYzmCVH200q1ygdE7bV14JvaybpT6M4CqMjsfNQaQ","e":"AQAB"},"attributes":{"enabled":true,"created":1633729449,"updated":1633729449,"recoveryLevel":"Recoverable+Purgeable","recoverableDays":90},"tags":{"purpose":"unit
        test","test name ":"CreateRSAKeyTest"}}'
    headers:
      cache-control: no-cache
      content-length: '760'
      content-type: application/json; charset=utf-8
      date: Fri, 08 Oct 2021 21:44:09 GMT
      expires: '-1'
      pragma: no-cache
      strict-transport-security: max-age=31536000;includeSubDomains
      x-content-type-options: nosniff
      x-ms-keyvault-network-info: conn_type=Ipv4;addr=172.92.159.124;act_addr_fam=InterNetwork;
      x-ms-keyvault-region: westus
      x-ms-keyvault-service-version: 1.9.132.3
      x-powered-by: ASP.NET
    status:
      code: 200
      message: OK
    url: https://mcpatinotest.vault.azure.net/keys/livekvtestcrud-rsa-keyd0d1451/9ba0ac6c14ed4422b3214b50405df515?api-version=7.2
- request:
    body: null
    headers:
      Accept:
      - application/json
      User-Agent:
      - azsdk-python-keyvault-keys/4.5.0b5 Python/3.9.0 (Windows-10-10.0.22000-SP0)
    method: GET
    uri: https://vaultname.vault.azure.net/keys/livekvtestcrud-rsa-keyd0d1451/?api-version=7.2
  response:
    body:
      string: '{"key":{"kid":"https://vaultname.vault.azure.net/keys/livekvtestcrud-rsa-keyd0d1451/9ba0ac6c14ed4422b3214b50405df515","kty":"RSA","key_ops":["encrypt","decrypt","sign","verify","wrapKey","unwrapKey"],"n":"qxxIyHWfgVi9D4o2wcxVTK-LJmWQDzD6ILTNXEhArMJS67d9bt7_FZ4yHE2LuoW7pn4zw67u-h5kxHBNxWpsQvFSRrfETubpG92--79UCJB4VU5tChvhYfwN65BeoHeHv5aoeV7QZLDionpGEm7Iw2_Dy_It_L_Jnb6c800L7OwwLMc5rpWMlFaYlNIIruWBN6j7OgUUuxcGYTfuWwEbvizb1WyirBnA8at3sdj3rl_2P0fEZKqs6miVQ2PpANMqHjw30DcaFj3n1a7fPuE-lWd2HUivWFRQQNE8xNNjYji79EYzmCVH200q1ygdE7bV14JvaybpT6M4CqMjsfNQaQ","e":"AQAB"},"attributes":{"enabled":true,"created":1633729449,"updated":1633729449,"recoveryLevel":"Recoverable+Purgeable","recoverableDays":90},"tags":{"purpose":"unit
        test","test name ":"CreateRSAKeyTest"}}'
    headers:
      cache-control: no-cache
      content-length: '760'
      content-type: application/json; charset=utf-8
      date: Fri, 08 Oct 2021 21:44:09 GMT
      expires: '-1'
      pragma: no-cache
      strict-transport-security: max-age=31536000;includeSubDomains
      x-content-type-options: nosniff
      x-ms-keyvault-network-info: conn_type=Ipv4;addr=172.92.159.124;act_addr_fam=InterNetwork;
      x-ms-keyvault-region: westus
      x-ms-keyvault-service-version: 1.9.132.3
      x-powered-by: ASP.NET
    status:
      code: 200
      message: OK
    url: https://mcpatinotest.vault.azure.net/keys/livekvtestcrud-rsa-keyd0d1451/?api-version=7.2
- request:
    body: '{"key_ops": ["decrypt", "encrypt"], "attributes": {"exp": 2524723200},
      "tags": {"foo": "updated tag"}}'
    headers:
      Accept:
      - application/json
      Content-Length:
      - '102'
      Content-Type:
      - application/json
      User-Agent:
      - azsdk-python-keyvault-keys/4.5.0b5 Python/3.9.0 (Windows-10-10.0.22000-SP0)
    method: PATCH
    uri: https://vaultname.vault.azure.net/keys/livekvtestcrud-rsa-keyd0d1451/?api-version=7.2
  response:
    body:
      string: '{"key":{"kid":"https://vaultname.vault.azure.net/keys/livekvtestcrud-rsa-keyd0d1451/9ba0ac6c14ed4422b3214b50405df515","kty":"RSA","key_ops":["decrypt","encrypt"],"n":"qxxIyHWfgVi9D4o2wcxVTK-LJmWQDzD6ILTNXEhArMJS67d9bt7_FZ4yHE2LuoW7pn4zw67u-h5kxHBNxWpsQvFSRrfETubpG92--79UCJB4VU5tChvhYfwN65BeoHeHv5aoeV7QZLDionpGEm7Iw2_Dy_It_L_Jnb6c800L7OwwLMc5rpWMlFaYlNIIruWBN6j7OgUUuxcGYTfuWwEbvizb1WyirBnA8at3sdj3rl_2P0fEZKqs6miVQ2PpANMqHjw30DcaFj3n1a7fPuE-lWd2HUivWFRQQNE8xNNjYji79EYzmCVH200q1ygdE7bV14JvaybpT6M4CqMjsfNQaQ","e":"AQAB"},"attributes":{"enabled":true,"exp":2524723200,"created":1633729449,"updated":1633729453,"recoveryLevel":"Recoverable+Purgeable","recoverableDays":90},"tags":{"foo":"updated
        tag"}}'
    headers:
      cache-control: no-cache
      content-length: '705'
      content-type: application/json; charset=utf-8
      date: Fri, 08 Oct 2021 21:44:12 GMT
      expires: '-1'
      pragma: no-cache
      strict-transport-security: max-age=31536000;includeSubDomains
      x-content-type-options: nosniff
      x-ms-keyvault-network-info: conn_type=Ipv4;addr=172.92.159.124;act_addr_fam=InterNetwork;
      x-ms-keyvault-region: westus
      x-ms-keyvault-service-version: 1.9.132.3
      x-powered-by: ASP.NET
    status:
      code: 200
      message: OK
    url: https://mcpatinotest.vault.azure.net/keys/livekvtestcrud-rsa-keyd0d1451/?api-version=7.2
- request:
    body: null
    headers:
      Accept:
      - application/json
      User-Agent:
      - azsdk-python-keyvault-keys/4.5.0b5 Python/3.9.0 (Windows-10-10.0.22000-SP0)
    method: DELETE
    uri: https://vaultname.vault.azure.net/keys/livekvtestcrud-rsa-keyd0d1451?api-version=7.2
  response:
    body:
      string: '{"recoveryId":"https://vaultname.vault.azure.net/deletedkeys/livekvtestcrud-rsa-keyd0d1451","deletedDate":1633729453,"scheduledPurgeDate":1641505453,"key":{"kid":"https://vaultname.vault.azure.net/keys/livekvtestcrud-rsa-keyd0d1451/9ba0ac6c14ed4422b3214b50405df515","kty":"RSA","key_ops":["decrypt","encrypt"],"n":"qxxIyHWfgVi9D4o2wcxVTK-LJmWQDzD6ILTNXEhArMJS67d9bt7_FZ4yHE2LuoW7pn4zw67u-h5kxHBNxWpsQvFSRrfETubpG92--79UCJB4VU5tChvhYfwN65BeoHeHv5aoeV7QZLDionpGEm7Iw2_Dy_It_L_Jnb6c800L7OwwLMc5rpWMlFaYlNIIruWBN6j7OgUUuxcGYTfuWwEbvizb1WyirBnA8at3sdj3rl_2P0fEZKqs6miVQ2PpANMqHjw30DcaFj3n1a7fPuE-lWd2HUivWFRQQNE8xNNjYji79EYzmCVH200q1ygdE7bV14JvaybpT6M4CqMjsfNQaQ","e":"AQAB"},"attributes":{"enabled":true,"exp":2524723200,"created":1633729449,"updated":1633729453,"recoveryLevel":"Recoverable+Purgeable","recoverableDays":90},"tags":{"foo":"updated
        tag"}}'
    headers:
      cache-control: no-cache
      content-length: '856'
      content-type: application/json; charset=utf-8
      date: Fri, 08 Oct 2021 21:44:12 GMT
      expires: '-1'
      pragma: no-cache
      strict-transport-security: max-age=31536000;includeSubDomains
      x-content-type-options: nosniff
      x-ms-keyvault-network-info: conn_type=Ipv4;addr=172.92.159.124;act_addr_fam=InterNetwork;
      x-ms-keyvault-region: westus
      x-ms-keyvault-service-version: 1.9.132.3
      x-powered-by: ASP.NET
    status:
      code: 200
      message: OK
    url: https://mcpatinotest.vault.azure.net/keys/livekvtestcrud-rsa-keyd0d1451?api-version=7.2
- request:
    body: null
    headers:
      Accept:
      - application/json
      User-Agent:
      - azsdk-python-keyvault-keys/4.5.0b5 Python/3.9.0 (Windows-10-10.0.22000-SP0)
    method: GET
    uri: https://vaultname.vault.azure.net/deletedkeys/livekvtestcrud-rsa-keyd0d1451?api-version=7.2
  response:
    body:
      string: '{"error":{"code":"KeyNotFound","message":"Deleted Key not found: livekvtestcrud-rsa-keyd0d1451"}}'
    headers:
      cache-control: no-cache
      content-length: '97'
      content-type: application/json; charset=utf-8
      date: Fri, 08 Oct 2021 21:44:12 GMT
      expires: '-1'
      pragma: no-cache
      strict-transport-security: max-age=31536000;includeSubDomains
      x-content-type-options: nosniff
      x-ms-keyvault-network-info: conn_type=Ipv4;addr=172.92.159.124;act_addr_fam=InterNetwork;
      x-ms-keyvault-region: westus
      x-ms-keyvault-service-version: 1.9.132.3
      x-powered-by: ASP.NET
    status:
      code: 404
      message: Not Found
    url: https://mcpatinotest.vault.azure.net/deletedkeys/livekvtestcrud-rsa-keyd0d1451?api-version=7.2
- request:
    body: null
    headers:
      Accept:
      - application/json
      User-Agent:
      - azsdk-python-keyvault-keys/4.5.0b5 Python/3.9.0 (Windows-10-10.0.22000-SP0)
    method: GET
    uri: https://vaultname.vault.azure.net/deletedkeys/livekvtestcrud-rsa-keyd0d1451?api-version=7.2
  response:
    body:
      string: '{"error":{"code":"KeyNotFound","message":"Deleted Key not found: livekvtestcrud-rsa-keyd0d1451"}}'
    headers:
      cache-control: no-cache
      content-length: '97'
      content-type: application/json; charset=utf-8
      date: Fri, 08 Oct 2021 21:44:14 GMT
      expires: '-1'
      pragma: no-cache
      strict-transport-security: max-age=31536000;includeSubDomains
      x-content-type-options: nosniff
      x-ms-keyvault-network-info: conn_type=Ipv4;addr=172.92.159.124;act_addr_fam=InterNetwork;
      x-ms-keyvault-region: westus
      x-ms-keyvault-service-version: 1.9.132.3
      x-powered-by: ASP.NET
    status:
      code: 404
      message: Not Found
    url: https://mcpatinotest.vault.azure.net/deletedkeys/livekvtestcrud-rsa-keyd0d1451?api-version=7.2
- request:
    body: null
    headers:
      Accept:
      - application/json
      User-Agent:
      - azsdk-python-keyvault-keys/4.5.0b5 Python/3.9.0 (Windows-10-10.0.22000-SP0)
    method: GET
    uri: https://vaultname.vault.azure.net/deletedkeys/livekvtestcrud-rsa-keyd0d1451?api-version=7.2
  response:
    body:
      string: '{"recoveryId":"https://vaultname.vault.azure.net/deletedkeys/livekvtestcrud-rsa-keyd0d1451","deletedDate":1633729453,"scheduledPurgeDate":1641505453,"key":{"kid":"https://vaultname.vault.azure.net/keys/livekvtestcrud-rsa-keyd0d1451/9ba0ac6c14ed4422b3214b50405df515","kty":"RSA","key_ops":["decrypt","encrypt"],"n":"qxxIyHWfgVi9D4o2wcxVTK-LJmWQDzD6ILTNXEhArMJS67d9bt7_FZ4yHE2LuoW7pn4zw67u-h5kxHBNxWpsQvFSRrfETubpG92--79UCJB4VU5tChvhYfwN65BeoHeHv5aoeV7QZLDionpGEm7Iw2_Dy_It_L_Jnb6c800L7OwwLMc5rpWMlFaYlNIIruWBN6j7OgUUuxcGYTfuWwEbvizb1WyirBnA8at3sdj3rl_2P0fEZKqs6miVQ2PpANMqHjw30DcaFj3n1a7fPuE-lWd2HUivWFRQQNE8xNNjYji79EYzmCVH200q1ygdE7bV14JvaybpT6M4CqMjsfNQaQ","e":"AQAB"},"attributes":{"enabled":true,"exp":2524723200,"created":1633729449,"updated":1633729453,"recoveryLevel":"Recoverable+Purgeable","recoverableDays":90},"tags":{"foo":"updated
        tag"}}'
    headers:
      cache-control: no-cache
      content-length: '856'
      content-type: application/json; charset=utf-8
      date: Fri, 08 Oct 2021 21:44:17 GMT
      expires: '-1'
      pragma: no-cache
      strict-transport-security: max-age=31536000;includeSubDomains
      x-content-type-options: nosniff
      x-ms-keyvault-network-info: conn_type=Ipv4;addr=172.92.159.124;act_addr_fam=InterNetwork;
      x-ms-keyvault-region: westus
      x-ms-keyvault-service-version: 1.9.132.3
      x-powered-by: ASP.NET
    status:
      code: 200
      message: OK
    url: https://mcpatinotest.vault.azure.net/deletedkeys/livekvtestcrud-rsa-keyd0d1451?api-version=7.2
- request:
    body: null
    headers:
      Accept:
      - application/json
      User-Agent:
      - azsdk-python-keyvault-keys/4.5.0b5 Python/3.9.0 (Windows-10-10.0.22000-SP0)
    method: GET
    uri: https://vaultname.vault.azure.net/deletedkeys/livekvtestcrud-rsa-keyd0d1451?api-version=7.2
  response:
    body:
      string: '{"recoveryId":"https://vaultname.vault.azure.net/deletedkeys/livekvtestcrud-rsa-keyd0d1451","deletedDate":1633729453,"scheduledPurgeDate":1641505453,"key":{"kid":"https://vaultname.vault.azure.net/keys/livekvtestcrud-rsa-keyd0d1451/9ba0ac6c14ed4422b3214b50405df515","kty":"RSA","key_ops":["decrypt","encrypt"],"n":"qxxIyHWfgVi9D4o2wcxVTK-LJmWQDzD6ILTNXEhArMJS67d9bt7_FZ4yHE2LuoW7pn4zw67u-h5kxHBNxWpsQvFSRrfETubpG92--79UCJB4VU5tChvhYfwN65BeoHeHv5aoeV7QZLDionpGEm7Iw2_Dy_It_L_Jnb6c800L7OwwLMc5rpWMlFaYlNIIruWBN6j7OgUUuxcGYTfuWwEbvizb1WyirBnA8at3sdj3rl_2P0fEZKqs6miVQ2PpANMqHjw30DcaFj3n1a7fPuE-lWd2HUivWFRQQNE8xNNjYji79EYzmCVH200q1ygdE7bV14JvaybpT6M4CqMjsfNQaQ","e":"AQAB"},"attributes":{"enabled":true,"exp":2524723200,"created":1633729449,"updated":1633729453,"recoveryLevel":"Recoverable+Purgeable","recoverableDays":90},"tags":{"foo":"updated
        tag"}}'
    headers:
      cache-control: no-cache
      content-length: '856'
      content-type: application/json; charset=utf-8
      date: Fri, 08 Oct 2021 21:44:17 GMT
      expires: '-1'
      pragma: no-cache
      strict-transport-security: max-age=31536000;includeSubDomains
      x-content-type-options: nosniff
      x-ms-keyvault-network-info: conn_type=Ipv4;addr=172.92.159.124;act_addr_fam=InterNetwork;
      x-ms-keyvault-region: westus
      x-ms-keyvault-service-version: 1.9.132.3
      x-powered-by: ASP.NET
    status:
      code: 200
      message: OK
    url: https://mcpatinotest.vault.azure.net/deletedkeys/livekvtestcrud-rsa-keyd0d1451?api-version=7.2
version: 1
