interactions:
- request:
    body: null
    headers:
      Accept:
      - application/json
      Accept-Encoding:
      - gzip, deflate
      Connection:
      - keep-alive
      Content-Length:
      - '0'
      Content-Type:
      - application/json
      User-Agent:
      - azsdk-python-keyvault-keys/4.4.0b5 Python/3.5.3 (Windows-10-10.0.19041-SP0)
    method: POST
    uri: https://vaultname.vault.azure.net/keys/livekvtestkey-name4dc6158a/create?api-version=7.1
  response:
    body:
      string: '{"error":{"code":"Unauthorized","message":"Request is missing a Bearer
        or PoP token."}}'
    headers:
      cache-control:
      - no-cache
      content-length:
      - '87'
      content-type:
      - application/json; charset=utf-8
      date:
      - Tue, 20 Apr 2021 19:20:43 GMT
      expires:
      - '-1'
      pragma:
      - no-cache
      strict-transport-security:
      - max-age=31536000;includeSubDomains
      www-authenticate:
      - Bearer authorization="https://login.windows.net/72f988bf-86f1-41af-91ab-2d7cd011db47",
        resource="https://vault.azure.net"
      x-content-type-options:
      - nosniff
      x-ms-keyvault-network-info:
      - conn_type=Ipv4;addr=172.92.159.124;act_addr_fam=InterNetwork;
      x-ms-keyvault-region:
      - eastus2
      x-ms-keyvault-service-version:
      - 1.2.236.0
      x-powered-by:
      - ASP.NET
    status:
      code: 401
      message: Unauthorized
- request:
    body: '{"kty": "RSA"}'
    headers:
      Accept:
      - application/json
      Accept-Encoding:
      - gzip, deflate
      Connection:
      - keep-alive
      Content-Length:
      - '14'
      Content-Type:
      - application/json
      User-Agent:
      - azsdk-python-keyvault-keys/4.4.0b5 Python/3.5.3 (Windows-10-10.0.19041-SP0)
    method: POST
    uri: https://vaultname.vault.azure.net/keys/livekvtestkey-name4dc6158a/create?api-version=7.1
  response:
    body:
      string: '{"key":{"kid":"https://vaultname.vault.azure.net/keys/livekvtestkey-name4dc6158a/b58572cee5cb4555ad4099bf3beb31a3","kty":"RSA","key_ops":["encrypt","decrypt","sign","verify","wrapKey","unwrapKey"],"n":"0Byx4ocdqpx0Phrs2RLOdxMedV6fBtMFcWA7pH5lZMfhoBC3U7KdwvKUtr_BIBB7puWzhBe7gR88h18cdIGGT3wSowKHXJsdrpcq8Ufl6J1qOG_4dpKoAXxdzK15c-L643vpneNWiPN8eOjgnyj9NgIOAeTpMddMRARUxHx7ny2G3EOtqDULMAsMPu2XQ4NZ4loQ6JD9gBWt5Wl6q_VH0MWCX8gWqeejo1JVQTTEyk8GLtF3k1bAvYs0Px9CEDyufFOHfTgA6Fd-8dR_0_hzAYgG6xaBkx0GL7Kxo0ar2J0B4Vj1xdXCoN4yDaQLWf01XYgL9AP5sDh--bpvs7kCuQ","e":"AQAB"},"attributes":{"enabled":true,"created":1618946445,"updated":1618946445,"recoveryLevel":"Recoverable+Purgeable","recoverableDays":90}}'
    headers:
      cache-control:
      - no-cache
      content-length:
      - '694'
      content-type:
      - application/json; charset=utf-8
      date:
      - Tue, 20 Apr 2021 19:20:44 GMT
      expires:
      - '-1'
      pragma:
      - no-cache
      strict-transport-security:
      - max-age=31536000;includeSubDomains
      x-content-type-options:
      - nosniff
      x-ms-keyvault-network-info:
      - conn_type=Ipv4;addr=172.92.159.124;act_addr_fam=InterNetwork;
      x-ms-keyvault-region:
      - eastus2
      x-ms-keyvault-service-version:
      - 1.2.236.0
      x-powered-by:
      - ASP.NET
    status:
      code: 200
      message: OK
- request:
    body: null
    headers:
      Accept:
      - application/json
      Accept-Encoding:
      - gzip, deflate
      Connection:
      - keep-alive
      Content-Length:
      - '0'
      User-Agent:
      - azsdk-python-keyvault-keys/4.4.0b5 Python/3.5.3 (Windows-10-10.0.19041-SP0)
    method: DELETE
    uri: https://vaultname.vault.azure.net/keys/livekvtestkey-name4dc6158a?api-version=7.1
  response:
    body:
      string: '{"recoveryId":"https://vaultname.vault.azure.net/deletedkeys/livekvtestkey-name4dc6158a","deletedDate":1618946445,"scheduledPurgeDate":1626722445,"key":{"kid":"https://vaultname.vault.azure.net/keys/livekvtestkey-name4dc6158a/b58572cee5cb4555ad4099bf3beb31a3","kty":"RSA","key_ops":["encrypt","decrypt","sign","verify","wrapKey","unwrapKey"],"n":"0Byx4ocdqpx0Phrs2RLOdxMedV6fBtMFcWA7pH5lZMfhoBC3U7KdwvKUtr_BIBB7puWzhBe7gR88h18cdIGGT3wSowKHXJsdrpcq8Ufl6J1qOG_4dpKoAXxdzK15c-L643vpneNWiPN8eOjgnyj9NgIOAeTpMddMRARUxHx7ny2G3EOtqDULMAsMPu2XQ4NZ4loQ6JD9gBWt5Wl6q_VH0MWCX8gWqeejo1JVQTTEyk8GLtF3k1bAvYs0Px9CEDyufFOHfTgA6Fd-8dR_0_hzAYgG6xaBkx0GL7Kxo0ar2J0B4Vj1xdXCoN4yDaQLWf01XYgL9AP5sDh--bpvs7kCuQ","e":"AQAB"},"attributes":{"enabled":true,"created":1618946445,"updated":1618946445,"recoveryLevel":"Recoverable+Purgeable","recoverableDays":90}}'
    headers:
      cache-control:
      - no-cache
      content-length:
      - '842'
      content-type:
      - application/json; charset=utf-8
      date:
      - Tue, 20 Apr 2021 19:20:44 GMT
      expires:
      - '-1'
      pragma:
      - no-cache
      strict-transport-security:
      - max-age=31536000;includeSubDomains
      x-content-type-options:
      - nosniff
      x-ms-keyvault-network-info:
      - conn_type=Ipv4;addr=172.92.159.124;act_addr_fam=InterNetwork;
      x-ms-keyvault-region:
      - eastus2
      x-ms-keyvault-service-version:
      - 1.2.236.0
      x-powered-by:
      - ASP.NET
    status:
      code: 200
      message: OK
- request:
    body: null
    headers:
      Accept:
      - application/json
      Accept-Encoding:
      - gzip, deflate
      Connection:
      - keep-alive
      User-Agent:
      - azsdk-python-keyvault-keys/4.4.0b5 Python/3.5.3 (Windows-10-10.0.19041-SP0)
    method: GET
    uri: https://vaultname.vault.azure.net/deletedkeys/livekvtestkey-name4dc6158a?api-version=7.1
  response:
    body:
      string: '{"error":{"code":"KeyNotFound","message":"Deleted Key not found: livekvtestkey-name4dc6158a"}}'
    headers:
      cache-control:
      - no-cache
      content-length:
      - '94'
      content-type:
      - application/json; charset=utf-8
      date:
      - Tue, 20 Apr 2021 19:20:44 GMT
      expires:
      - '-1'
      pragma:
      - no-cache
      strict-transport-security:
      - max-age=31536000;includeSubDomains
      x-content-type-options:
      - nosniff
      x-ms-keyvault-network-info:
      - conn_type=Ipv4;addr=172.92.159.124;act_addr_fam=InterNetwork;
      x-ms-keyvault-region:
      - eastus2
      x-ms-keyvault-service-version:
      - 1.2.236.0
      x-powered-by:
      - ASP.NET
    status:
      code: 404
      message: Not Found
- request:
    body: null
    headers:
      Accept:
      - application/json
      Accept-Encoding:
      - gzip, deflate
      Connection:
      - keep-alive
      User-Agent:
      - azsdk-python-keyvault-keys/4.4.0b5 Python/3.5.3 (Windows-10-10.0.19041-SP0)
    method: GET
    uri: https://vaultname.vault.azure.net/deletedkeys/livekvtestkey-name4dc6158a?api-version=7.1
  response:
    body:
      string: '{"error":{"code":"KeyNotFound","message":"Deleted Key not found: livekvtestkey-name4dc6158a"}}'
    headers:
      cache-control:
      - no-cache
      content-length:
      - '94'
      content-type:
      - application/json; charset=utf-8
      date:
      - Tue, 20 Apr 2021 19:20:47 GMT
      expires:
      - '-1'
      pragma:
      - no-cache
      strict-transport-security:
      - max-age=31536000;includeSubDomains
      x-content-type-options:
      - nosniff
      x-ms-keyvault-network-info:
      - conn_type=Ipv4;addr=172.92.159.124;act_addr_fam=InterNetwork;
      x-ms-keyvault-region:
      - eastus2
      x-ms-keyvault-service-version:
      - 1.2.236.0
      x-powered-by:
      - ASP.NET
    status:
      code: 404
      message: Not Found
- request:
    body: null
    headers:
      Accept:
      - application/json
      Accept-Encoding:
      - gzip, deflate
      Connection:
      - keep-alive
      User-Agent:
      - azsdk-python-keyvault-keys/4.4.0b5 Python/3.5.3 (Windows-10-10.0.19041-SP0)
    method: GET
    uri: https://vaultname.vault.azure.net/deletedkeys/livekvtestkey-name4dc6158a?api-version=7.1
  response:
    body:
      string: '{"error":{"code":"KeyNotFound","message":"Deleted Key not found: livekvtestkey-name4dc6158a"}}'
    headers:
      cache-control:
      - no-cache
      content-length:
      - '94'
      content-type:
      - application/json; charset=utf-8
      date:
      - Tue, 20 Apr 2021 19:20:50 GMT
      expires:
      - '-1'
      pragma:
      - no-cache
      strict-transport-security:
      - max-age=31536000;includeSubDomains
      x-content-type-options:
      - nosniff
      x-ms-keyvault-network-info:
      - conn_type=Ipv4;addr=172.92.159.124;act_addr_fam=InterNetwork;
      x-ms-keyvault-region:
      - eastus2
      x-ms-keyvault-service-version:
      - 1.2.236.0
      x-powered-by:
      - ASP.NET
    status:
      code: 404
      message: Not Found
- request:
    body: null
    headers:
      Accept:
      - application/json
      Accept-Encoding:
      - gzip, deflate
      Connection:
      - keep-alive
      User-Agent:
      - azsdk-python-keyvault-keys/4.4.0b5 Python/3.5.3 (Windows-10-10.0.19041-SP0)
    method: GET
    uri: https://vaultname.vault.azure.net/deletedkeys/livekvtestkey-name4dc6158a?api-version=7.1
  response:
    body:
      string: '{"error":{"code":"KeyNotFound","message":"Deleted Key not found: livekvtestkey-name4dc6158a"}}'
    headers:
      cache-control:
      - no-cache
      content-length:
      - '94'
      content-type:
      - application/json; charset=utf-8
      date:
      - Tue, 20 Apr 2021 19:20:52 GMT
      expires:
      - '-1'
      pragma:
      - no-cache
      strict-transport-security:
      - max-age=31536000;includeSubDomains
      x-content-type-options:
      - nosniff
      x-ms-keyvault-network-info:
      - conn_type=Ipv4;addr=172.92.159.124;act_addr_fam=InterNetwork;
      x-ms-keyvault-region:
      - eastus2
      x-ms-keyvault-service-version:
      - 1.2.236.0
      x-powered-by:
      - ASP.NET
    status:
      code: 404
      message: Not Found
- request:
    body: null
    headers:
      Accept:
      - application/json
      Accept-Encoding:
      - gzip, deflate
      Connection:
      - keep-alive
      User-Agent:
      - azsdk-python-keyvault-keys/4.4.0b5 Python/3.5.3 (Windows-10-10.0.19041-SP0)
    method: GET
    uri: https://vaultname.vault.azure.net/deletedkeys/livekvtestkey-name4dc6158a?api-version=7.1
  response:
    body:
      string: '{"error":{"code":"KeyNotFound","message":"Deleted Key not found: livekvtestkey-name4dc6158a"}}'
    headers:
      cache-control:
      - no-cache
      content-length:
      - '94'
      content-type:
      - application/json; charset=utf-8
      date:
      - Tue, 20 Apr 2021 19:20:54 GMT
      expires:
      - '-1'
      pragma:
      - no-cache
      strict-transport-security:
      - max-age=31536000;includeSubDomains
      x-content-type-options:
      - nosniff
      x-ms-keyvault-network-info:
      - conn_type=Ipv4;addr=172.92.159.124;act_addr_fam=InterNetwork;
      x-ms-keyvault-region:
      - eastus2
      x-ms-keyvault-service-version:
      - 1.2.236.0
      x-powered-by:
      - ASP.NET
    status:
      code: 404
      message: Not Found
- request:
    body: null
    headers:
      Accept:
      - application/json
      Accept-Encoding:
      - gzip, deflate
      Connection:
      - keep-alive
      User-Agent:
      - azsdk-python-keyvault-keys/4.4.0b5 Python/3.5.3 (Windows-10-10.0.19041-SP0)
    method: GET
    uri: https://vaultname.vault.azure.net/deletedkeys/livekvtestkey-name4dc6158a?api-version=7.1
  response:
    body:
      string: '{"error":{"code":"KeyNotFound","message":"Deleted Key not found: livekvtestkey-name4dc6158a"}}'
    headers:
      cache-control:
      - no-cache
      content-length:
      - '94'
      content-type:
      - application/json; charset=utf-8
      date:
      - Tue, 20 Apr 2021 19:20:56 GMT
      expires:
      - '-1'
      pragma:
      - no-cache
      strict-transport-security:
      - max-age=31536000;includeSubDomains
      x-content-type-options:
      - nosniff
      x-ms-keyvault-network-info:
      - conn_type=Ipv4;addr=172.92.159.124;act_addr_fam=InterNetwork;
      x-ms-keyvault-region:
      - eastus2
      x-ms-keyvault-service-version:
      - 1.2.236.0
      x-powered-by:
      - ASP.NET
    status:
      code: 404
      message: Not Found
- request:
    body: null
    headers:
      Accept:
      - application/json
      Accept-Encoding:
      - gzip, deflate
      Connection:
      - keep-alive
      User-Agent:
      - azsdk-python-keyvault-keys/4.4.0b5 Python/3.5.3 (Windows-10-10.0.19041-SP0)
    method: GET
    uri: https://vaultname.vault.azure.net/deletedkeys/livekvtestkey-name4dc6158a?api-version=7.1
  response:
    body:
      string: '{"error":{"code":"KeyNotFound","message":"Deleted Key not found: livekvtestkey-name4dc6158a"}}'
    headers:
      cache-control:
      - no-cache
      content-length:
      - '94'
      content-type:
      - application/json; charset=utf-8
      date:
      - Tue, 20 Apr 2021 19:20:58 GMT
      expires:
      - '-1'
      pragma:
      - no-cache
      strict-transport-security:
      - max-age=31536000;includeSubDomains
      x-content-type-options:
      - nosniff
      x-ms-keyvault-network-info:
      - conn_type=Ipv4;addr=172.92.159.124;act_addr_fam=InterNetwork;
      x-ms-keyvault-region:
      - eastus2
      x-ms-keyvault-service-version:
      - 1.2.236.0
      x-powered-by:
      - ASP.NET
    status:
      code: 404
      message: Not Found
- request:
    body: null
    headers:
      Accept:
      - application/json
      Accept-Encoding:
      - gzip, deflate
      Connection:
      - keep-alive
      User-Agent:
      - azsdk-python-keyvault-keys/4.4.0b5 Python/3.5.3 (Windows-10-10.0.19041-SP0)
    method: GET
    uri: https://vaultname.vault.azure.net/deletedkeys/livekvtestkey-name4dc6158a?api-version=7.1
  response:
    body:
      string: '{"error":{"code":"KeyNotFound","message":"Deleted Key not found: livekvtestkey-name4dc6158a"}}'
    headers:
      cache-control:
      - no-cache
      content-length:
      - '94'
      content-type:
      - application/json; charset=utf-8
      date:
      - Tue, 20 Apr 2021 19:21:00 GMT
      expires:
      - '-1'
      pragma:
      - no-cache
      strict-transport-security:
      - max-age=31536000;includeSubDomains
      x-content-type-options:
      - nosniff
      x-ms-keyvault-network-info:
      - conn_type=Ipv4;addr=172.92.159.124;act_addr_fam=InterNetwork;
      x-ms-keyvault-region:
      - eastus2
      x-ms-keyvault-service-version:
      - 1.2.236.0
      x-powered-by:
      - ASP.NET
    status:
      code: 404
      message: Not Found
- request:
    body: null
    headers:
      Accept:
      - application/json
      Accept-Encoding:
      - gzip, deflate
      Connection:
      - keep-alive
      User-Agent:
      - azsdk-python-keyvault-keys/4.4.0b5 Python/3.5.3 (Windows-10-10.0.19041-SP0)
    method: GET
    uri: https://vaultname.vault.azure.net/deletedkeys/livekvtestkey-name4dc6158a?api-version=7.1
  response:
    body:
      string: '{"error":{"code":"KeyNotFound","message":"Deleted Key not found: livekvtestkey-name4dc6158a"}}'
    headers:
      cache-control:
      - no-cache
      content-length:
      - '94'
      content-type:
      - application/json; charset=utf-8
      date:
      - Tue, 20 Apr 2021 19:21:02 GMT
      expires:
      - '-1'
      pragma:
      - no-cache
      strict-transport-security:
      - max-age=31536000;includeSubDomains
      x-content-type-options:
      - nosniff
      x-ms-keyvault-network-info:
      - conn_type=Ipv4;addr=172.92.159.124;act_addr_fam=InterNetwork;
      x-ms-keyvault-region:
      - eastus2
      x-ms-keyvault-service-version:
      - 1.2.236.0
      x-powered-by:
      - ASP.NET
    status:
      code: 404
      message: Not Found
- request:
    body: null
    headers:
      Accept:
      - application/json
      Accept-Encoding:
      - gzip, deflate
      Connection:
      - keep-alive
      User-Agent:
      - azsdk-python-keyvault-keys/4.4.0b5 Python/3.5.3 (Windows-10-10.0.19041-SP0)
    method: GET
    uri: https://vaultname.vault.azure.net/deletedkeys/livekvtestkey-name4dc6158a?api-version=7.1
  response:
    body:
      string: '{"error":{"code":"KeyNotFound","message":"Deleted Key not found: livekvtestkey-name4dc6158a"}}'
    headers:
      cache-control:
      - no-cache
      content-length:
      - '94'
      content-type:
      - application/json; charset=utf-8
      date:
      - Tue, 20 Apr 2021 19:21:04 GMT
      expires:
      - '-1'
      pragma:
      - no-cache
      strict-transport-security:
      - max-age=31536000;includeSubDomains
      x-content-type-options:
      - nosniff
      x-ms-keyvault-network-info:
      - conn_type=Ipv4;addr=172.92.159.124;act_addr_fam=InterNetwork;
      x-ms-keyvault-region:
      - eastus2
      x-ms-keyvault-service-version:
      - 1.2.236.0
      x-powered-by:
      - ASP.NET
    status:
      code: 404
      message: Not Found
- request:
    body: null
    headers:
      Accept:
      - application/json
      Accept-Encoding:
      - gzip, deflate
      Connection:
      - keep-alive
      User-Agent:
      - azsdk-python-keyvault-keys/4.4.0b5 Python/3.5.3 (Windows-10-10.0.19041-SP0)
    method: GET
    uri: https://vaultname.vault.azure.net/deletedkeys/livekvtestkey-name4dc6158a?api-version=7.1
  response:
    body:
      string: '{"error":{"code":"KeyNotFound","message":"Deleted Key not found: livekvtestkey-name4dc6158a"}}'
    headers:
      cache-control:
      - no-cache
      content-length:
      - '94'
      content-type:
      - application/json; charset=utf-8
      date:
      - Tue, 20 Apr 2021 19:21:06 GMT
      expires:
      - '-1'
      pragma:
      - no-cache
      strict-transport-security:
      - max-age=31536000;includeSubDomains
      x-content-type-options:
      - nosniff
      x-ms-keyvault-network-info:
      - conn_type=Ipv4;addr=172.92.159.124;act_addr_fam=InterNetwork;
      x-ms-keyvault-region:
      - eastus2
      x-ms-keyvault-service-version:
      - 1.2.236.0
      x-powered-by:
      - ASP.NET
    status:
      code: 404
      message: Not Found
- request:
    body: null
    headers:
      Accept:
      - application/json
      Accept-Encoding:
      - gzip, deflate
      Connection:
      - keep-alive
      User-Agent:
      - azsdk-python-keyvault-keys/4.4.0b5 Python/3.5.3 (Windows-10-10.0.19041-SP0)
    method: GET
    uri: https://vaultname.vault.azure.net/deletedkeys/livekvtestkey-name4dc6158a?api-version=7.1
  response:
    body:
      string: '{"error":{"code":"KeyNotFound","message":"Deleted Key not found: livekvtestkey-name4dc6158a"}}'
    headers:
      cache-control:
      - no-cache
      content-length:
      - '94'
      content-type:
      - application/json; charset=utf-8
      date:
      - Tue, 20 Apr 2021 19:21:08 GMT
      expires:
      - '-1'
      pragma:
      - no-cache
      strict-transport-security:
      - max-age=31536000;includeSubDomains
      x-content-type-options:
      - nosniff
      x-ms-keyvault-network-info:
      - conn_type=Ipv4;addr=172.92.159.124;act_addr_fam=InterNetwork;
      x-ms-keyvault-region:
      - eastus2
      x-ms-keyvault-service-version:
      - 1.2.236.0
      x-powered-by:
      - ASP.NET
    status:
      code: 404
      message: Not Found
- request:
    body: null
    headers:
      Accept:
      - application/json
      Accept-Encoding:
      - gzip, deflate
      Connection:
      - keep-alive
      User-Agent:
      - azsdk-python-keyvault-keys/4.4.0b5 Python/3.5.3 (Windows-10-10.0.19041-SP0)
    method: GET
    uri: https://vaultname.vault.azure.net/deletedkeys/livekvtestkey-name4dc6158a?api-version=7.1
  response:
    body:
      string: '{"error":{"code":"KeyNotFound","message":"Deleted Key not found: livekvtestkey-name4dc6158a"}}'
    headers:
      cache-control:
      - no-cache
      content-length:
      - '94'
      content-type:
      - application/json; charset=utf-8
      date:
      - Tue, 20 Apr 2021 19:21:11 GMT
      expires:
      - '-1'
      pragma:
      - no-cache
      strict-transport-security:
      - max-age=31536000;includeSubDomains
      x-content-type-options:
      - nosniff
      x-ms-keyvault-network-info:
      - conn_type=Ipv4;addr=172.92.159.124;act_addr_fam=InterNetwork;
      x-ms-keyvault-region:
      - eastus2
      x-ms-keyvault-service-version:
      - 1.2.236.0
      x-powered-by:
      - ASP.NET
    status:
      code: 404
      message: Not Found
- request:
    body: null
    headers:
      Accept:
      - application/json
      Accept-Encoding:
      - gzip, deflate
      Connection:
      - keep-alive
      User-Agent:
      - azsdk-python-keyvault-keys/4.4.0b5 Python/3.5.3 (Windows-10-10.0.19041-SP0)
    method: GET
    uri: https://vaultname.vault.azure.net/deletedkeys/livekvtestkey-name4dc6158a?api-version=7.1
  response:
    body:
      string: '{"error":{"code":"KeyNotFound","message":"Deleted Key not found: livekvtestkey-name4dc6158a"}}'
    headers:
      cache-control:
      - no-cache
      content-length:
      - '94'
      content-type:
      - application/json; charset=utf-8
      date:
      - Tue, 20 Apr 2021 19:21:13 GMT
      expires:
      - '-1'
      pragma:
      - no-cache
      strict-transport-security:
      - max-age=31536000;includeSubDomains
      x-content-type-options:
      - nosniff
      x-ms-keyvault-network-info:
      - conn_type=Ipv4;addr=172.92.159.124;act_addr_fam=InterNetwork;
      x-ms-keyvault-region:
      - eastus2
      x-ms-keyvault-service-version:
      - 1.2.236.0
      x-powered-by:
      - ASP.NET
    status:
      code: 404
      message: Not Found
- request:
    body: null
    headers:
      Accept:
      - application/json
      Accept-Encoding:
      - gzip, deflate
      Connection:
      - keep-alive
      User-Agent:
      - azsdk-python-keyvault-keys/4.4.0b5 Python/3.5.3 (Windows-10-10.0.19041-SP0)
    method: GET
    uri: https://vaultname.vault.azure.net/deletedkeys/livekvtestkey-name4dc6158a?api-version=7.1
  response:
    body:
      string: '{"error":{"code":"KeyNotFound","message":"Deleted Key not found: livekvtestkey-name4dc6158a"}}'
    headers:
      cache-control:
      - no-cache
      content-length:
      - '94'
      content-type:
      - application/json; charset=utf-8
      date:
      - Tue, 20 Apr 2021 19:21:15 GMT
      expires:
      - '-1'
      pragma:
      - no-cache
      strict-transport-security:
      - max-age=31536000;includeSubDomains
      x-content-type-options:
      - nosniff
      x-ms-keyvault-network-info:
      - conn_type=Ipv4;addr=172.92.159.124;act_addr_fam=InterNetwork;
      x-ms-keyvault-region:
      - eastus2
      x-ms-keyvault-service-version:
      - 1.2.236.0
      x-powered-by:
      - ASP.NET
    status:
      code: 404
      message: Not Found
- request:
    body: null
    headers:
      Accept:
      - application/json
      Accept-Encoding:
      - gzip, deflate
      Connection:
      - keep-alive
      User-Agent:
      - azsdk-python-keyvault-keys/4.4.0b5 Python/3.5.3 (Windows-10-10.0.19041-SP0)
    method: GET
    uri: https://vaultname.vault.azure.net/deletedkeys/livekvtestkey-name4dc6158a?api-version=7.1
  response:
    body:
      string: '{"recoveryId":"https://vaultname.vault.azure.net/deletedkeys/livekvtestkey-name4dc6158a","deletedDate":1618946445,"scheduledPurgeDate":1626722445,"key":{"kid":"https://vaultname.vault.azure.net/keys/livekvtestkey-name4dc6158a/b58572cee5cb4555ad4099bf3beb31a3","kty":"RSA","key_ops":["encrypt","decrypt","sign","verify","wrapKey","unwrapKey"],"n":"0Byx4ocdqpx0Phrs2RLOdxMedV6fBtMFcWA7pH5lZMfhoBC3U7KdwvKUtr_BIBB7puWzhBe7gR88h18cdIGGT3wSowKHXJsdrpcq8Ufl6J1qOG_4dpKoAXxdzK15c-L643vpneNWiPN8eOjgnyj9NgIOAeTpMddMRARUxHx7ny2G3EOtqDULMAsMPu2XQ4NZ4loQ6JD9gBWt5Wl6q_VH0MWCX8gWqeejo1JVQTTEyk8GLtF3k1bAvYs0Px9CEDyufFOHfTgA6Fd-8dR_0_hzAYgG6xaBkx0GL7Kxo0ar2J0B4Vj1xdXCoN4yDaQLWf01XYgL9AP5sDh--bpvs7kCuQ","e":"AQAB"},"attributes":{"enabled":true,"created":1618946445,"updated":1618946445,"recoveryLevel":"Recoverable+Purgeable","recoverableDays":90}}'
    headers:
      cache-control:
      - no-cache
      content-length:
      - '842'
      content-type:
      - application/json; charset=utf-8
      date:
      - Tue, 20 Apr 2021 19:21:17 GMT
      expires:
      - '-1'
      pragma:
      - no-cache
      strict-transport-security:
      - max-age=31536000;includeSubDomains
      x-content-type-options:
      - nosniff
      x-ms-keyvault-network-info:
      - conn_type=Ipv4;addr=172.92.159.124;act_addr_fam=InterNetwork;
      x-ms-keyvault-region:
      - eastus2
      x-ms-keyvault-service-version:
      - 1.2.236.0
      x-powered-by:
      - ASP.NET
    status:
      code: 200
      message: OK
- request:
    body: null
    headers:
      Accept:
      - application/json
      Accept-Encoding:
      - gzip, deflate
      Connection:
      - keep-alive
      User-Agent:
      - azsdk-python-keyvault-keys/4.4.0b5 Python/3.5.3 (Windows-10-10.0.19041-SP0)
    method: GET
    uri: https://vaultname.vault.azure.net/deletedkeys/livekvtestkey-name4dc6158a?api-version=7.1
  response:
    body:
      string: '{"recoveryId":"https://vaultname.vault.azure.net/deletedkeys/livekvtestkey-name4dc6158a","deletedDate":1618946445,"scheduledPurgeDate":1626722445,"key":{"kid":"https://vaultname.vault.azure.net/keys/livekvtestkey-name4dc6158a/b58572cee5cb4555ad4099bf3beb31a3","kty":"RSA","key_ops":["encrypt","decrypt","sign","verify","wrapKey","unwrapKey"],"n":"0Byx4ocdqpx0Phrs2RLOdxMedV6fBtMFcWA7pH5lZMfhoBC3U7KdwvKUtr_BIBB7puWzhBe7gR88h18cdIGGT3wSowKHXJsdrpcq8Ufl6J1qOG_4dpKoAXxdzK15c-L643vpneNWiPN8eOjgnyj9NgIOAeTpMddMRARUxHx7ny2G3EOtqDULMAsMPu2XQ4NZ4loQ6JD9gBWt5Wl6q_VH0MWCX8gWqeejo1JVQTTEyk8GLtF3k1bAvYs0Px9CEDyufFOHfTgA6Fd-8dR_0_hzAYgG6xaBkx0GL7Kxo0ar2J0B4Vj1xdXCoN4yDaQLWf01XYgL9AP5sDh--bpvs7kCuQ","e":"AQAB"},"attributes":{"enabled":true,"created":1618946445,"updated":1618946445,"recoveryLevel":"Recoverable+Purgeable","recoverableDays":90}}'
    headers:
      cache-control:
      - no-cache
      content-length:
      - '842'
      content-type:
      - application/json; charset=utf-8
      date:
      - Tue, 20 Apr 2021 19:21:17 GMT
      expires:
      - '-1'
      pragma:
      - no-cache
      strict-transport-security:
      - max-age=31536000;includeSubDomains
      x-content-type-options:
      - nosniff
      x-ms-keyvault-network-info:
      - conn_type=Ipv4;addr=172.92.159.124;act_addr_fam=InterNetwork;
      x-ms-keyvault-region:
      - eastus2
      x-ms-keyvault-service-version:
      - 1.2.236.0
      x-powered-by:
      - ASP.NET
    status:
      code: 200
      message: OK
- request:
    body: null
    headers:
      Accept:
      - application/json
      Accept-Encoding:
      - gzip, deflate
      Connection:
      - keep-alive
      Content-Length:
      - '0'
      User-Agent:
      - azsdk-python-keyvault-keys/4.4.0b5 Python/3.5.3 (Windows-10-10.0.19041-SP0)
    method: POST
    uri: https://vaultname.vault.azure.net/deletedkeys/livekvtestkey-name4dc6158a/recover?api-version=7.1
  response:
    body:
      string: '{"key":{"kid":"https://vaultname.vault.azure.net/keys/livekvtestkey-name4dc6158a/b58572cee5cb4555ad4099bf3beb31a3","kty":"RSA","key_ops":["encrypt","decrypt","sign","verify","wrapKey","unwrapKey"],"n":"0Byx4ocdqpx0Phrs2RLOdxMedV6fBtMFcWA7pH5lZMfhoBC3U7KdwvKUtr_BIBB7puWzhBe7gR88h18cdIGGT3wSowKHXJsdrpcq8Ufl6J1qOG_4dpKoAXxdzK15c-L643vpneNWiPN8eOjgnyj9NgIOAeTpMddMRARUxHx7ny2G3EOtqDULMAsMPu2XQ4NZ4loQ6JD9gBWt5Wl6q_VH0MWCX8gWqeejo1JVQTTEyk8GLtF3k1bAvYs0Px9CEDyufFOHfTgA6Fd-8dR_0_hzAYgG6xaBkx0GL7Kxo0ar2J0B4Vj1xdXCoN4yDaQLWf01XYgL9AP5sDh--bpvs7kCuQ","e":"AQAB"},"attributes":{"enabled":true,"created":1618946445,"updated":1618946445,"recoveryLevel":"Recoverable+Purgeable","recoverableDays":90}}'
    headers:
      cache-control:
      - no-cache
      content-length:
      - '694'
      content-type:
      - application/json; charset=utf-8
      date:
      - Tue, 20 Apr 2021 19:21:17 GMT
      expires:
      - '-1'
      pragma:
      - no-cache
      strict-transport-security:
      - max-age=31536000;includeSubDomains
      x-content-type-options:
      - nosniff
      x-ms-keyvault-network-info:
      - conn_type=Ipv4;addr=172.92.159.124;act_addr_fam=InterNetwork;
      x-ms-keyvault-region:
      - eastus2
      x-ms-keyvault-service-version:
      - 1.2.236.0
      x-powered-by:
      - ASP.NET
    status:
      code: 200
      message: OK
- request:
    body: null
    headers:
      Accept:
      - application/json
      Accept-Encoding:
      - gzip, deflate
      Connection:
      - keep-alive
      User-Agent:
      - azsdk-python-keyvault-keys/4.4.0b5 Python/3.5.3 (Windows-10-10.0.19041-SP0)
    method: GET
    uri: https://vaultname.vault.azure.net/keys/livekvtestkey-name4dc6158a/?api-version=7.1
  response:
    body:
      string: '{"error":{"code":"KeyNotFound","message":"A key with (name/id) livekvtestkey-name4dc6158a
        was not found in this key vault. If you recently deleted this key you may
        be able to recover it using the correct recovery command. For help resolving
        this issue, please see https://go.microsoft.com/fwlink/?linkid=2125182"}}'
    headers:
      cache-control:
      - no-cache
      content-length:
      - '314'
      content-type:
      - application/json; charset=utf-8
      date:
      - Tue, 20 Apr 2021 19:21:18 GMT
      expires:
      - '-1'
      pragma:
      - no-cache
      strict-transport-security:
      - max-age=31536000;includeSubDomains
      x-content-type-options:
      - nosniff
      x-ms-keyvault-network-info:
      - conn_type=Ipv4;addr=172.92.159.124;act_addr_fam=InterNetwork;
      x-ms-keyvault-region:
      - eastus2
      x-ms-keyvault-service-version:
      - 1.2.236.0
      x-powered-by:
      - ASP.NET
    status:
      code: 404
      message: Not Found
- request:
    body: null
    headers:
      Accept:
      - application/json
      Accept-Encoding:
      - gzip, deflate
      Connection:
      - keep-alive
      User-Agent:
      - azsdk-python-keyvault-keys/4.4.0b5 Python/3.5.3 (Windows-10-10.0.19041-SP0)
    method: GET
    uri: https://vaultname.vault.azure.net/keys/livekvtestkey-name4dc6158a/?api-version=7.1
  response:
    body:
      string: '{"error":{"code":"KeyNotFound","message":"A key with (name/id) livekvtestkey-name4dc6158a
        was not found in this key vault. If you recently deleted this key you may
        be able to recover it using the correct recovery command. For help resolving
        this issue, please see https://go.microsoft.com/fwlink/?linkid=2125182"}}'
    headers:
      cache-control:
      - no-cache
      content-length:
      - '314'
      content-type:
      - application/json; charset=utf-8
      date:
      - Tue, 20 Apr 2021 19:21:20 GMT
      expires:
      - '-1'
      pragma:
      - no-cache
      strict-transport-security:
      - max-age=31536000;includeSubDomains
      x-content-type-options:
      - nosniff
      x-ms-keyvault-network-info:
      - conn_type=Ipv4;addr=172.92.159.124;act_addr_fam=InterNetwork;
      x-ms-keyvault-region:
      - eastus2
      x-ms-keyvault-service-version:
      - 1.2.236.0
      x-powered-by:
      - ASP.NET
    status:
      code: 404
      message: Not Found
- request:
    body: null
    headers:
      Accept:
      - application/json
      Accept-Encoding:
      - gzip, deflate
      Connection:
      - keep-alive
      User-Agent:
      - azsdk-python-keyvault-keys/4.4.0b5 Python/3.5.3 (Windows-10-10.0.19041-SP0)
    method: GET
    uri: https://vaultname.vault.azure.net/keys/livekvtestkey-name4dc6158a/?api-version=7.1
  response:
    body:
      string: '{"error":{"code":"KeyNotFound","message":"A key with (name/id) livekvtestkey-name4dc6158a
        was not found in this key vault. If you recently deleted this key you may
        be able to recover it using the correct recovery command. For help resolving
        this issue, please see https://go.microsoft.com/fwlink/?linkid=2125182"}}'
    headers:
      cache-control:
      - no-cache
      content-length:
      - '314'
      content-type:
      - application/json; charset=utf-8
      date:
      - Tue, 20 Apr 2021 19:21:22 GMT
      expires:
      - '-1'
      pragma:
      - no-cache
      strict-transport-security:
      - max-age=31536000;includeSubDomains
      x-content-type-options:
      - nosniff
      x-ms-keyvault-network-info:
      - conn_type=Ipv4;addr=172.92.159.124;act_addr_fam=InterNetwork;
      x-ms-keyvault-region:
      - eastus2
      x-ms-keyvault-service-version:
      - 1.2.236.0
      x-powered-by:
      - ASP.NET
    status:
      code: 404
      message: Not Found
- request:
    body: null
    headers:
      Accept:
      - application/json
      Accept-Encoding:
      - gzip, deflate
      Connection:
      - keep-alive
      User-Agent:
      - azsdk-python-keyvault-keys/4.4.0b5 Python/3.5.3 (Windows-10-10.0.19041-SP0)
    method: GET
    uri: https://vaultname.vault.azure.net/keys/livekvtestkey-name4dc6158a/?api-version=7.1
  response:
    body:
      string: '{"error":{"code":"KeyNotFound","message":"A key with (name/id) livekvtestkey-name4dc6158a
        was not found in this key vault. If you recently deleted this key you may
        be able to recover it using the correct recovery command. For help resolving
        this issue, please see https://go.microsoft.com/fwlink/?linkid=2125182"}}'
    headers:
      cache-control:
      - no-cache
      content-length:
      - '314'
      content-type:
      - application/json; charset=utf-8
      date:
      - Tue, 20 Apr 2021 19:21:24 GMT
      expires:
      - '-1'
      pragma:
      - no-cache
      strict-transport-security:
      - max-age=31536000;includeSubDomains
      x-content-type-options:
      - nosniff
      x-ms-keyvault-network-info:
      - conn_type=Ipv4;addr=172.92.159.124;act_addr_fam=InterNetwork;
      x-ms-keyvault-region:
      - eastus2
      x-ms-keyvault-service-version:
      - 1.2.236.0
      x-powered-by:
      - ASP.NET
    status:
      code: 404
      message: Not Found
- request:
    body: null
    headers:
      Accept:
      - application/json
      Accept-Encoding:
      - gzip, deflate
      Connection:
      - keep-alive
      User-Agent:
      - azsdk-python-keyvault-keys/4.4.0b5 Python/3.5.3 (Windows-10-10.0.19041-SP0)
    method: GET
    uri: https://vaultname.vault.azure.net/keys/livekvtestkey-name4dc6158a/?api-version=7.1
  response:
    body:
      string: '{"error":{"code":"KeyNotFound","message":"A key with (name/id) livekvtestkey-name4dc6158a
        was not found in this key vault. If you recently deleted this key you may
        be able to recover it using the correct recovery command. For help resolving
        this issue, please see https://go.microsoft.com/fwlink/?linkid=2125182"}}'
    headers:
      cache-control:
      - no-cache
      content-length:
      - '314'
      content-type:
      - application/json; charset=utf-8
      date:
      - Tue, 20 Apr 2021 19:21:26 GMT
      expires:
      - '-1'
      pragma:
      - no-cache
      strict-transport-security:
      - max-age=31536000;includeSubDomains
      x-content-type-options:
      - nosniff
      x-ms-keyvault-network-info:
      - conn_type=Ipv4;addr=172.92.159.124;act_addr_fam=InterNetwork;
      x-ms-keyvault-region:
      - eastus2
      x-ms-keyvault-service-version:
      - 1.2.236.0
      x-powered-by:
      - ASP.NET
    status:
      code: 404
      message: Not Found
- request:
    body: null
    headers:
      Accept:
      - application/json
      Accept-Encoding:
      - gzip, deflate
      Connection:
      - keep-alive
      User-Agent:
      - azsdk-python-keyvault-keys/4.4.0b5 Python/3.5.3 (Windows-10-10.0.19041-SP0)
    method: GET
    uri: https://vaultname.vault.azure.net/keys/livekvtestkey-name4dc6158a/?api-version=7.1
  response:
    body:
      string: '{"error":{"code":"KeyNotFound","message":"A key with (name/id) livekvtestkey-name4dc6158a
        was not found in this key vault. If you recently deleted this key you may
        be able to recover it using the correct recovery command. For help resolving
        this issue, please see https://go.microsoft.com/fwlink/?linkid=2125182"}}'
    headers:
      cache-control:
      - no-cache
      content-length:
      - '314'
      content-type:
      - application/json; charset=utf-8
      date:
      - Tue, 20 Apr 2021 19:21:28 GMT
      expires:
      - '-1'
      pragma:
      - no-cache
      strict-transport-security:
      - max-age=31536000;includeSubDomains
      x-content-type-options:
      - nosniff
      x-ms-keyvault-network-info:
      - conn_type=Ipv4;addr=172.92.159.124;act_addr_fam=InterNetwork;
      x-ms-keyvault-region:
      - eastus2
      x-ms-keyvault-service-version:
      - 1.2.236.0
      x-powered-by:
      - ASP.NET
    status:
      code: 404
      message: Not Found
- request:
    body: null
    headers:
      Accept:
      - application/json
      Accept-Encoding:
      - gzip, deflate
      Connection:
      - keep-alive
      User-Agent:
      - azsdk-python-keyvault-keys/4.4.0b5 Python/3.5.3 (Windows-10-10.0.19041-SP0)
    method: GET
    uri: https://vaultname.vault.azure.net/keys/livekvtestkey-name4dc6158a/?api-version=7.1
  response:
    body:
      string: '{"error":{"code":"KeyNotFound","message":"A key with (name/id) livekvtestkey-name4dc6158a
        was not found in this key vault. If you recently deleted this key you may
        be able to recover it using the correct recovery command. For help resolving
        this issue, please see https://go.microsoft.com/fwlink/?linkid=2125182"}}'
    headers:
      cache-control:
      - no-cache
      content-length:
      - '314'
      content-type:
      - application/json; charset=utf-8
      date:
      - Tue, 20 Apr 2021 19:21:30 GMT
      expires:
      - '-1'
      pragma:
      - no-cache
      strict-transport-security:
      - max-age=31536000;includeSubDomains
      x-content-type-options:
      - nosniff
      x-ms-keyvault-network-info:
      - conn_type=Ipv4;addr=172.92.159.124;act_addr_fam=InterNetwork;
      x-ms-keyvault-region:
      - eastus2
      x-ms-keyvault-service-version:
      - 1.2.236.0
      x-powered-by:
      - ASP.NET
    status:
      code: 404
      message: Not Found
- request:
    body: null
    headers:
      Accept:
      - application/json
      Accept-Encoding:
      - gzip, deflate
      Connection:
      - keep-alive
      User-Agent:
      - azsdk-python-keyvault-keys/4.4.0b5 Python/3.5.3 (Windows-10-10.0.19041-SP0)
    method: GET
    uri: https://vaultname.vault.azure.net/keys/livekvtestkey-name4dc6158a/?api-version=7.1
  response:
    body:
      string: '{"error":{"code":"KeyNotFound","message":"A key with (name/id) livekvtestkey-name4dc6158a
        was not found in this key vault. If you recently deleted this key you may
        be able to recover it using the correct recovery command. For help resolving
        this issue, please see https://go.microsoft.com/fwlink/?linkid=2125182"}}'
    headers:
      cache-control:
      - no-cache
      content-length:
      - '314'
      content-type:
      - application/json; charset=utf-8
      date:
      - Tue, 20 Apr 2021 19:21:32 GMT
      expires:
      - '-1'
      pragma:
      - no-cache
      strict-transport-security:
      - max-age=31536000;includeSubDomains
      x-content-type-options:
      - nosniff
      x-ms-keyvault-network-info:
      - conn_type=Ipv4;addr=172.92.159.124;act_addr_fam=InterNetwork;
      x-ms-keyvault-region:
      - eastus2
      x-ms-keyvault-service-version:
      - 1.2.236.0
      x-powered-by:
      - ASP.NET
    status:
      code: 404
      message: Not Found
- request:
    body: null
    headers:
      Accept:
      - application/json
      Accept-Encoding:
      - gzip, deflate
      Connection:
      - keep-alive
      User-Agent:
      - azsdk-python-keyvault-keys/4.4.0b5 Python/3.5.3 (Windows-10-10.0.19041-SP0)
    method: GET
    uri: https://vaultname.vault.azure.net/keys/livekvtestkey-name4dc6158a/?api-version=7.1
  response:
    body:
      string: '{"error":{"code":"KeyNotFound","message":"A key with (name/id) livekvtestkey-name4dc6158a
        was not found in this key vault. If you recently deleted this key you may
        be able to recover it using the correct recovery command. For help resolving
        this issue, please see https://go.microsoft.com/fwlink/?linkid=2125182"}}'
    headers:
      cache-control:
      - no-cache
      content-length:
      - '314'
      content-type:
      - application/json; charset=utf-8
      date:
      - Tue, 20 Apr 2021 19:21:34 GMT
      expires:
      - '-1'
      pragma:
      - no-cache
      strict-transport-security:
      - max-age=31536000;includeSubDomains
      x-content-type-options:
      - nosniff
      x-ms-keyvault-network-info:
      - conn_type=Ipv4;addr=172.92.159.124;act_addr_fam=InterNetwork;
      x-ms-keyvault-region:
      - eastus2
      x-ms-keyvault-service-version:
      - 1.2.236.0
      x-powered-by:
      - ASP.NET
    status:
      code: 404
      message: Not Found
- request:
    body: null
    headers:
      Accept:
      - application/json
      Accept-Encoding:
      - gzip, deflate
      Connection:
      - keep-alive
      User-Agent:
      - azsdk-python-keyvault-keys/4.4.0b5 Python/3.5.3 (Windows-10-10.0.19041-SP0)
    method: GET
    uri: https://vaultname.vault.azure.net/keys/livekvtestkey-name4dc6158a/?api-version=7.1
  response:
    body:
      string: '{"error":{"code":"KeyNotFound","message":"A key with (name/id) livekvtestkey-name4dc6158a
        was not found in this key vault. If you recently deleted this key you may
        be able to recover it using the correct recovery command. For help resolving
        this issue, please see https://go.microsoft.com/fwlink/?linkid=2125182"}}'
    headers:
      cache-control:
      - no-cache
      content-length:
      - '314'
      content-type:
      - application/json; charset=utf-8
      date:
      - Tue, 20 Apr 2021 19:21:36 GMT
      expires:
      - '-1'
      pragma:
      - no-cache
      strict-transport-security:
      - max-age=31536000;includeSubDomains
      x-content-type-options:
      - nosniff
      x-ms-keyvault-network-info:
      - conn_type=Ipv4;addr=172.92.159.124;act_addr_fam=InterNetwork;
      x-ms-keyvault-region:
      - eastus2
      x-ms-keyvault-service-version:
      - 1.2.236.0
      x-powered-by:
      - ASP.NET
    status:
      code: 404
      message: Not Found
- request:
    body: null
    headers:
      Accept:
      - application/json
      Accept-Encoding:
      - gzip, deflate
      Connection:
      - keep-alive
      User-Agent:
      - azsdk-python-keyvault-keys/4.4.0b5 Python/3.5.3 (Windows-10-10.0.19041-SP0)
    method: GET
    uri: https://vaultname.vault.azure.net/keys/livekvtestkey-name4dc6158a/?api-version=7.1
  response:
    body:
      string: '{"error":{"code":"KeyNotFound","message":"A key with (name/id) livekvtestkey-name4dc6158a
        was not found in this key vault. If you recently deleted this key you may
        be able to recover it using the correct recovery command. For help resolving
        this issue, please see https://go.microsoft.com/fwlink/?linkid=2125182"}}'
    headers:
      cache-control:
      - no-cache
      content-length:
      - '314'
      content-type:
      - application/json; charset=utf-8
      date:
      - Tue, 20 Apr 2021 19:21:38 GMT
      expires:
      - '-1'
      pragma:
      - no-cache
      strict-transport-security:
      - max-age=31536000;includeSubDomains
      x-content-type-options:
      - nosniff
      x-ms-keyvault-network-info:
      - conn_type=Ipv4;addr=172.92.159.124;act_addr_fam=InterNetwork;
      x-ms-keyvault-region:
      - eastus2
      x-ms-keyvault-service-version:
      - 1.2.236.0
      x-powered-by:
      - ASP.NET
    status:
      code: 404
      message: Not Found
- request:
    body: null
    headers:
      Accept:
      - application/json
      Accept-Encoding:
      - gzip, deflate
      Connection:
      - keep-alive
      User-Agent:
      - azsdk-python-keyvault-keys/4.4.0b5 Python/3.5.3 (Windows-10-10.0.19041-SP0)
    method: GET
    uri: https://vaultname.vault.azure.net/keys/livekvtestkey-name4dc6158a/?api-version=7.1
  response:
    body:
      string: '{"error":{"code":"KeyNotFound","message":"A key with (name/id) livekvtestkey-name4dc6158a
        was not found in this key vault. If you recently deleted this key you may
        be able to recover it using the correct recovery command. For help resolving
        this issue, please see https://go.microsoft.com/fwlink/?linkid=2125182"}}'
    headers:
      cache-control:
      - no-cache
      content-length:
      - '314'
      content-type:
      - application/json; charset=utf-8
      date:
      - Tue, 20 Apr 2021 19:21:41 GMT
      expires:
      - '-1'
      pragma:
      - no-cache
      strict-transport-security:
      - max-age=31536000;includeSubDomains
      x-content-type-options:
      - nosniff
      x-ms-keyvault-network-info:
      - conn_type=Ipv4;addr=172.92.159.124;act_addr_fam=InterNetwork;
      x-ms-keyvault-region:
      - eastus2
      x-ms-keyvault-service-version:
      - 1.2.236.0
      x-powered-by:
      - ASP.NET
    status:
      code: 404
      message: Not Found
- request:
    body: null
    headers:
      Accept:
      - application/json
      Accept-Encoding:
      - gzip, deflate
      Connection:
      - keep-alive
      User-Agent:
      - azsdk-python-keyvault-keys/4.4.0b5 Python/3.5.3 (Windows-10-10.0.19041-SP0)
    method: GET
    uri: https://vaultname.vault.azure.net/keys/livekvtestkey-name4dc6158a/?api-version=7.1
  response:
    body:
      string: '{"error":{"code":"KeyNotFound","message":"A key with (name/id) livekvtestkey-name4dc6158a
        was not found in this key vault. If you recently deleted this key you may
        be able to recover it using the correct recovery command. For help resolving
        this issue, please see https://go.microsoft.com/fwlink/?linkid=2125182"}}'
    headers:
      cache-control:
      - no-cache
      content-length:
      - '314'
      content-type:
      - application/json; charset=utf-8
      date:
      - Tue, 20 Apr 2021 19:21:44 GMT
      expires:
      - '-1'
      pragma:
      - no-cache
      strict-transport-security:
      - max-age=31536000;includeSubDomains
      x-content-type-options:
      - nosniff
      x-ms-keyvault-network-info:
      - conn_type=Ipv4;addr=172.92.159.124;act_addr_fam=InterNetwork;
      x-ms-keyvault-region:
      - eastus2
      x-ms-keyvault-service-version:
      - 1.2.236.0
      x-powered-by:
      - ASP.NET
    status:
      code: 404
      message: Not Found
- request:
    body: null
    headers:
      Accept:
      - application/json
      Accept-Encoding:
      - gzip, deflate
      Connection:
      - keep-alive
      User-Agent:
      - azsdk-python-keyvault-keys/4.4.0b5 Python/3.5.3 (Windows-10-10.0.19041-SP0)
    method: GET
    uri: https://vaultname.vault.azure.net/keys/livekvtestkey-name4dc6158a/?api-version=7.1
  response:
    body:
      string: '{"error":{"code":"KeyNotFound","message":"A key with (name/id) livekvtestkey-name4dc6158a
        was not found in this key vault. If you recently deleted this key you may
        be able to recover it using the correct recovery command. For help resolving
        this issue, please see https://go.microsoft.com/fwlink/?linkid=2125182"}}'
    headers:
      cache-control:
      - no-cache
      content-length:
      - '314'
      content-type:
      - application/json; charset=utf-8
      date:
      - Tue, 20 Apr 2021 19:21:46 GMT
      expires:
      - '-1'
      pragma:
      - no-cache
      strict-transport-security:
      - max-age=31536000;includeSubDomains
      x-content-type-options:
      - nosniff
      x-ms-keyvault-network-info:
      - conn_type=Ipv4;addr=172.92.159.124;act_addr_fam=InterNetwork;
      x-ms-keyvault-region:
      - eastus2
      x-ms-keyvault-service-version:
      - 1.2.236.0
      x-powered-by:
      - ASP.NET
    status:
      code: 404
      message: Not Found
- request:
    body: null
    headers:
      Accept:
      - application/json
      Accept-Encoding:
      - gzip, deflate
      Connection:
      - keep-alive
      User-Agent:
      - azsdk-python-keyvault-keys/4.4.0b5 Python/3.5.3 (Windows-10-10.0.19041-SP0)
    method: GET
    uri: https://vaultname.vault.azure.net/keys/livekvtestkey-name4dc6158a/?api-version=7.1
  response:
    body:
      string: '{"error":{"code":"KeyNotFound","message":"A key with (name/id) livekvtestkey-name4dc6158a
        was not found in this key vault. If you recently deleted this key you may
        be able to recover it using the correct recovery command. For help resolving
        this issue, please see https://go.microsoft.com/fwlink/?linkid=2125182"}}'
    headers:
      cache-control:
      - no-cache
      content-length:
      - '314'
      content-type:
      - application/json; charset=utf-8
      date:
      - Tue, 20 Apr 2021 19:21:48 GMT
      expires:
      - '-1'
      pragma:
      - no-cache
      strict-transport-security:
      - max-age=31536000;includeSubDomains
      x-content-type-options:
      - nosniff
      x-ms-keyvault-network-info:
      - conn_type=Ipv4;addr=172.92.159.124;act_addr_fam=InterNetwork;
      x-ms-keyvault-region:
      - eastus2
      x-ms-keyvault-service-version:
      - 1.2.236.0
      x-powered-by:
      - ASP.NET
    status:
      code: 404
      message: Not Found
- request:
    body: null
    headers:
      Accept:
      - application/json
      Accept-Encoding:
      - gzip, deflate
      Connection:
      - keep-alive
      User-Agent:
      - azsdk-python-keyvault-keys/4.4.0b5 Python/3.5.3 (Windows-10-10.0.19041-SP0)
    method: GET
    uri: https://vaultname.vault.azure.net/keys/livekvtestkey-name4dc6158a/?api-version=7.1
  response:
    body:
      string: '{"error":{"code":"KeyNotFound","message":"A key with (name/id) livekvtestkey-name4dc6158a
        was not found in this key vault. If you recently deleted this key you may
        be able to recover it using the correct recovery command. For help resolving
        this issue, please see https://go.microsoft.com/fwlink/?linkid=2125182"}}'
    headers:
      cache-control:
      - no-cache
      content-length:
      - '314'
      content-type:
      - application/json; charset=utf-8
      date:
      - Tue, 20 Apr 2021 19:21:50 GMT
      expires:
      - '-1'
      pragma:
      - no-cache
      strict-transport-security:
      - max-age=31536000;includeSubDomains
      x-content-type-options:
      - nosniff
      x-ms-keyvault-network-info:
      - conn_type=Ipv4;addr=172.92.159.124;act_addr_fam=InterNetwork;
      x-ms-keyvault-region:
      - eastus2
      x-ms-keyvault-service-version:
      - 1.2.236.0
      x-powered-by:
      - ASP.NET
    status:
      code: 404
      message: Not Found
- request:
    body: null
    headers:
      Accept:
      - application/json
      Accept-Encoding:
      - gzip, deflate
      Connection:
      - keep-alive
      User-Agent:
      - azsdk-python-keyvault-keys/4.4.0b5 Python/3.5.3 (Windows-10-10.0.19041-SP0)
    method: GET
    uri: https://vaultname.vault.azure.net/keys/livekvtestkey-name4dc6158a/?api-version=7.1
  response:
    body:
      string: '{"key":{"kid":"https://vaultname.vault.azure.net/keys/livekvtestkey-name4dc6158a/b58572cee5cb4555ad4099bf3beb31a3","kty":"RSA","key_ops":["encrypt","decrypt","sign","verify","wrapKey","unwrapKey"],"n":"0Byx4ocdqpx0Phrs2RLOdxMedV6fBtMFcWA7pH5lZMfhoBC3U7KdwvKUtr_BIBB7puWzhBe7gR88h18cdIGGT3wSowKHXJsdrpcq8Ufl6J1qOG_4dpKoAXxdzK15c-L643vpneNWiPN8eOjgnyj9NgIOAeTpMddMRARUxHx7ny2G3EOtqDULMAsMPu2XQ4NZ4loQ6JD9gBWt5Wl6q_VH0MWCX8gWqeejo1JVQTTEyk8GLtF3k1bAvYs0Px9CEDyufFOHfTgA6Fd-8dR_0_hzAYgG6xaBkx0GL7Kxo0ar2J0B4Vj1xdXCoN4yDaQLWf01XYgL9AP5sDh--bpvs7kCuQ","e":"AQAB"},"attributes":{"enabled":true,"created":1618946445,"updated":1618946445,"recoveryLevel":"Recoverable+Purgeable","recoverableDays":90}}'
    headers:
      cache-control:
      - no-cache
      content-length:
      - '694'
      content-type:
      - application/json; charset=utf-8
      date:
      - Tue, 20 Apr 2021 19:21:52 GMT
      expires:
      - '-1'
      pragma:
      - no-cache
      strict-transport-security:
      - max-age=31536000;includeSubDomains
      x-content-type-options:
      - nosniff
      x-ms-keyvault-network-info:
      - conn_type=Ipv4;addr=172.92.159.124;act_addr_fam=InterNetwork;
      x-ms-keyvault-region:
      - eastus2
      x-ms-keyvault-service-version:
      - 1.2.236.0
      x-powered-by:
      - ASP.NET
    status:
      code: 200
      message: OK
version: 1
