{
  "Entries": [
    {
      "RequestUri": "https://vaultname.vault.azure.net/keys/livekvtestec-verify-P-25611c301f/create?api-version=7.2",
      "RequestMethod": "POST",
      "RequestHeaders": {
        "Accept": "application/json",
        "Accept-Encoding": "gzip, deflate",
        "Content-Length": "0",
        "Content-Type": "application/json",
        "User-Agent": "azsdk-python-keyvault-keys/4.5.1 Python/3.9.9 (Windows-10-10.0.22000-SP0)"
      },
      "RequestBody": null,
      "StatusCode": 401,
      "ResponseHeaders": {
        "Cache-Control": "no-cache",
        "Content-Length": "97",
        "Content-Type": "application/json; charset=utf-8",
        "Date": "Fri, 22 Apr 2022 21:58:58 GMT",
        "Expires": "-1",
        "Pragma": "no-cache",
        "Strict-Transport-Security": "max-age=31536000;includeSubDomains",
        "WWW-Authenticate": "Bearer authorization=\u0022https://login.windows.net/00000000-0000-0000-0000-000000000000\u0022, resource=\u0022https://vault.azure.net\u0022",
        "X-Content-Type-Options": "nosniff",
        "x-ms-keyvault-network-info": "conn_type=Ipv4;addr=73.232.137.144;act_addr_fam=InterNetwork;",
        "x-ms-keyvault-region": "westus2",
        "x-ms-keyvault-service-version": "1.9.358.1"
      },
      "ResponseBody": {
        "error": {
          "code": "Unauthorized",
          "message": "AKV10000: Request is missing a Bearer or PoP token."
        }
      }
    },
    {
      "RequestUri": "https://vaultname.vault.azure.net/keys/livekvtestec-verify-P-25611c301f/create?api-version=7.2",
      "RequestMethod": "POST",
      "RequestHeaders": {
        "Accept": "application/json",
        "Accept-Encoding": "gzip, deflate",
        "Content-Length": "29",
        "Content-Type": "application/json",
        "User-Agent": "azsdk-python-keyvault-keys/4.5.1 Python/3.9.9 (Windows-10-10.0.22000-SP0)"
      },
      "RequestBody": {
        "kty": "EC",
        "crv": "P-256"
      },
      "StatusCode": 200,
      "ResponseHeaders": {
        "Cache-Control": "no-cache",
        "Content-Length": "417",
        "Content-Type": "application/json; charset=utf-8",
        "Date": "Fri, 22 Apr 2022 21:58:59 GMT",
        "Expires": "-1",
        "Pragma": "no-cache",
        "Strict-Transport-Security": "max-age=31536000;includeSubDomains",
        "X-Content-Type-Options": "nosniff",
        "x-ms-keyvault-network-info": "conn_type=Ipv4;addr=73.232.137.144;act_addr_fam=InterNetwork;",
        "x-ms-keyvault-rbac-assignment-id": "ef5824ed-56c0-5945-812d-e76f79fb8978",
        "x-ms-keyvault-rbac-cache": "ra_age=55;da_age=3787;rd_age=3787;brd_age=6867;ra_notif_age=340;dec_lev=1;",
        "x-ms-keyvault-region": "westus2",
        "x-ms-keyvault-service-version": "1.9.358.1"
      },
      "ResponseBody": {
        "key": {
          "kid": "https://vaultname.vault.azure.net/keys/livekvtestec-verify-P-25611c301f/f8189ba975b64ea2a9fc8bfd2726d0ec",
          "kty": "EC",
          "key_ops": [
            "sign",
            "verify"
          ],
          "crv": "P-256",
          "x": "EL_83z6ilLDlMy9mXPbcDIslzrhtSLecPrrh1mKVUYI",
          "y": "8Sryqc7yYKY7qYJ2zx3XYJySQNxIYAuFHL9sPJlzk7M"
        },
        "attributes": {
          "enabled": true,
          "created": 1650664739,
          "updated": 1650664739,
          "recoveryLevel": "CustomizedRecoverable\u002BPurgeable",
          "recoverableDays": 7
        }
      }
    },
    {
      "RequestUri": "https://vaultname.vault.azure.net/keys/livekvtestec-verify-P-25611c301f/f8189ba975b64ea2a9fc8bfd2726d0ec/sign?api-version=7.2",
      "RequestMethod": "POST",
      "RequestHeaders": {
        "Accept": "application/json",
        "Accept-Encoding": "gzip, deflate",
        "Content-Length": "72",
        "Content-Type": "application/json",
        "User-Agent": "azsdk-python-keyvault-keys/4.5.1 Python/3.9.9 (Windows-10-10.0.22000-SP0)"
      },
      "RequestBody": {
        "alg": "ES256",
        "value": "vgZc0NQUb6WMKX___V2JntcFRO_vszKwSAj7R2rL1zg"
      },
      "StatusCode": 200,
      "ResponseHeaders": {
        "Cache-Control": "no-cache",
        "Content-Length": "211",
        "Content-Type": "application/json; charset=utf-8",
        "Date": "Fri, 22 Apr 2022 21:58:59 GMT",
        "Expires": "-1",
        "Pragma": "no-cache",
        "Strict-Transport-Security": "max-age=31536000;includeSubDomains",
        "X-Content-Type-Options": "nosniff",
        "x-ms-keyvault-network-info": "conn_type=Ipv4;addr=73.232.137.144;act_addr_fam=InterNetwork;",
        "x-ms-keyvault-rbac-assignment-id": "ef5824ed-56c0-5945-812d-e76f79fb8978",
        "x-ms-keyvault-rbac-cache": "ra_age=56;da_age=3788;rd_age=3788;brd_age=6867;ra_notif_age=341;dec_lev=1;",
        "x-ms-keyvault-region": "westus2",
        "x-ms-keyvault-service-version": "1.9.358.1"
      },
      "ResponseBody": {
        "kid": "https://vaultname.vault.azure.net/keys/livekvtestec-verify-P-25611c301f/f8189ba975b64ea2a9fc8bfd2726d0ec",
        "value": "D4GVOacIDXblQ8JsaFyKiq7UWCW7Ru6hxkXeyRVp3T8kpf6y_S5G5NG9JQ5wlKSEAxYMmQ6sqjNOOkT0U_nQrw"
      }
    },
    {
      "RequestUri": "https://vaultname.vault.azure.net/keys/livekvtestec-verify-P-256K11c301f/create?api-version=7.2",
      "RequestMethod": "POST",
      "RequestHeaders": {
        "Accept": "application/json",
        "Accept-Encoding": "gzip, deflate",
        "Content-Length": "30",
        "Content-Type": "application/json",
        "User-Agent": "azsdk-python-keyvault-keys/4.5.1 Python/3.9.9 (Windows-10-10.0.22000-SP0)"
      },
      "RequestBody": {
        "kty": "EC",
        "crv": "P-256K"
      },
      "StatusCode": 200,
      "ResponseHeaders": {
        "Cache-Control": "no-cache",
        "Content-Length": "419",
        "Content-Type": "application/json; charset=utf-8",
        "Date": "Fri, 22 Apr 2022 21:59:01 GMT",
        "Expires": "-1",
        "Pragma": "no-cache",
        "Strict-Transport-Security": "max-age=31536000;includeSubDomains",
        "X-Content-Type-Options": "nosniff",
        "x-ms-keyvault-network-info": "conn_type=Ipv4;addr=73.232.137.144;act_addr_fam=InterNetwork;",
        "x-ms-keyvault-rbac-assignment-id": "ef5824ed-56c0-5945-812d-e76f79fb8978",
        "x-ms-keyvault-rbac-cache": "ra_age=58;da_age=3790;rd_age=3790;brd_age=6869;ra_notif_age=343;dec_lev=1;",
        "x-ms-keyvault-region": "westus2",
        "x-ms-keyvault-service-version": "1.9.358.1"
      },
      "ResponseBody": {
        "key": {
          "kid": "https://vaultname.vault.azure.net/keys/livekvtestec-verify-P-256K11c301f/edc8bdaf4ab54a76b9baf9297803347d",
          "kty": "EC",
          "key_ops": [
            "sign",
            "verify"
          ],
          "crv": "P-256K",
          "x": "JrnD6A5ri_rz9U3ffN-HN1rDQhMkFUBB2Pnif3CFfsE",
          "y": "-VFBUJhnojFXyhesRquGPg7msKNRHfbSkau8Env5EcI"
        },
        "attributes": {
          "enabled": true,
          "created": 1650664742,
          "updated": 1650664742,
          "recoveryLevel": "CustomizedRecoverable\u002BPurgeable",
          "recoverableDays": 7
        }
      }
    },
    {
      "RequestUri": "https://vaultname.vault.azure.net/keys/livekvtestec-verify-P-256K11c301f/edc8bdaf4ab54a76b9baf9297803347d/sign?api-version=7.2",
      "RequestMethod": "POST",
      "RequestHeaders": {
        "Accept": "application/json",
        "Accept-Encoding": "gzip, deflate",
        "Content-Length": "73",
        "Content-Type": "application/json",
        "User-Agent": "azsdk-python-keyvault-keys/4.5.1 Python/3.9.9 (Windows-10-10.0.22000-SP0)"
      },
      "RequestBody": {
        "alg": "ES256K",
        "value": "vgZc0NQUb6WMKX___V2JntcFRO_vszKwSAj7R2rL1zg"
      },
      "StatusCode": 200,
      "ResponseHeaders": {
        "Cache-Control": "no-cache",
        "Content-Length": "212",
        "Content-Type": "application/json; charset=utf-8",
        "Date": "Fri, 22 Apr 2022 21:59:01 GMT",
        "Expires": "-1",
        "Pragma": "no-cache",
        "Strict-Transport-Security": "max-age=31536000;includeSubDomains",
        "X-Content-Type-Options": "nosniff",
        "x-ms-keyvault-network-info": "conn_type=Ipv4;addr=73.232.137.144;act_addr_fam=InterNetwork;",
        "x-ms-keyvault-rbac-assignment-id": "ef5824ed-56c0-5945-812d-e76f79fb8978",
        "x-ms-keyvault-rbac-cache": "ra_age=58;da_age=3790;rd_age=3790;brd_age=6870;ra_notif_age=343;dec_lev=1;",
        "x-ms-keyvault-region": "westus2",
        "x-ms-keyvault-service-version": "1.9.358.1"
      },
      "ResponseBody": {
        "kid": "https://vaultname.vault.azure.net/keys/livekvtestec-verify-P-256K11c301f/edc8bdaf4ab54a76b9baf9297803347d",
        "value": "GS4rqheRSKVG8R6zfqNAZiOAaOlQ-_xo0mVDiZo4ulDdsiL2FUv4lW2hgCNzgwLP1E_U0hPGAFmwCoE9ANzWkA"
      }
    },
    {
      "RequestUri": "https://vaultname.vault.azure.net/keys/livekvtestec-verify-P-38411c301f/create?api-version=7.2",
      "RequestMethod": "POST",
      "RequestHeaders": {
        "Accept": "application/json",
        "Accept-Encoding": "gzip, deflate",
        "Content-Length": "29",
        "Content-Type": "application/json",
        "User-Agent": "azsdk-python-keyvault-keys/4.5.1 Python/3.9.9 (Windows-10-10.0.22000-SP0)"
      },
      "RequestBody": {
        "kty": "EC",
        "crv": "P-384"
      },
      "StatusCode": 200,
      "ResponseHeaders": {
        "Cache-Control": "no-cache",
        "Content-Length": "459",
        "Content-Type": "application/json; charset=utf-8",
        "Date": "Fri, 22 Apr 2022 21:59:03 GMT",
        "Expires": "-1",
        "Pragma": "no-cache",
        "Strict-Transport-Security": "max-age=31536000;includeSubDomains",
        "X-Content-Type-Options": "nosniff",
        "x-ms-keyvault-network-info": "conn_type=Ipv4;addr=73.232.137.144;act_addr_fam=InterNetwork;",
        "x-ms-keyvault-rbac-assignment-id": "ef5824ed-56c0-5945-812d-e76f79fb8978",
        "x-ms-keyvault-rbac-cache": "ra_age=60;da_age=3792;rd_age=3792;brd_age=6872;ra_notif_age=345;dec_lev=1;",
        "x-ms-keyvault-region": "westus2",
        "x-ms-keyvault-service-version": "1.9.358.1"
      },
      "ResponseBody": {
        "key": {
          "kid": "https://vaultname.vault.azure.net/keys/livekvtestec-verify-P-38411c301f/58613338333d42feb450e513a570026c",
          "kty": "EC",
          "key_ops": [
            "sign",
            "verify"
          ],
          "crv": "P-384",
          "x": "QLYAHx5xR63yIhdBUl86SEQYNfPJubutK9QMvQkL6itF285EBovo43xBDSI68KRL",
          "y": "aNtDdl9CQjEdy6iarB1P2dID2G9YK_7A3skVv2QnZCO7mFn-q19KvpGjwO2byIck"
        },
        "attributes": {
          "enabled": true,
          "created": 1650664744,
          "updated": 1650664744,
          "recoveryLevel": "CustomizedRecoverable\u002BPurgeable",
          "recoverableDays": 7
        }
      }
    },
    {
      "RequestUri": "https://vaultname.vault.azure.net/keys/livekvtestec-verify-P-38411c301f/58613338333d42feb450e513a570026c/sign?api-version=7.2",
      "RequestMethod": "POST",
      "RequestHeaders": {
        "Accept": "application/json",
        "Accept-Encoding": "gzip, deflate",
        "Content-Length": "93",
        "Content-Type": "application/json",
        "User-Agent": "azsdk-python-keyvault-keys/4.5.1 Python/3.9.9 (Windows-10-10.0.22000-SP0)"
      },
      "RequestBody": {
        "alg": "ES384",
        "value": "OnZY76NXJ8_MBkjnc9b9RiaL5OYscmrTal040wQuLFlRrnLvJFecIvZl2KjXqwVB"
      },
      "StatusCode": 200,
      "ResponseHeaders": {
        "Cache-Control": "no-cache",
        "Content-Length": "253",
        "Content-Type": "application/json; charset=utf-8",
        "Date": "Fri, 22 Apr 2022 21:59:04 GMT",
        "Expires": "-1",
        "Pragma": "no-cache",
        "Strict-Transport-Security": "max-age=31536000;includeSubDomains",
        "X-Content-Type-Options": "nosniff",
        "x-ms-keyvault-network-info": "conn_type=Ipv4;addr=73.232.137.144;act_addr_fam=InterNetwork;",
        "x-ms-keyvault-rbac-assignment-id": "ef5824ed-56c0-5945-812d-e76f79fb8978",
        "x-ms-keyvault-rbac-cache": "ra_age=60;da_age=3792;rd_age=3792;brd_age=6872;ra_notif_age=345;dec_lev=1;",
        "x-ms-keyvault-region": "westus2",
        "x-ms-keyvault-service-version": "1.9.358.1"
      },
      "ResponseBody": {
        "kid": "https://vaultname.vault.azure.net/keys/livekvtestec-verify-P-38411c301f/58613338333d42feb450e513a570026c",
        "value": "wwVogUZdekeGMyQhhLSlnyHJcRrZumAxaJbqSfH86wPSWOcEjs6Zbu4ZFLbGEnt4JgFAQk2K8Gup8KOi7-jrF8lwyqpv-5_ROLHfeBYuMeLwHNVPc8mfp6sduNsZHHzY"
      }
    },
    {
      "RequestUri": "https://vaultname.vault.azure.net/keys/livekvtestec-verify-P-52111c301f/create?api-version=7.2",
      "RequestMethod": "POST",
      "RequestHeaders": {
        "Accept": "application/json",
        "Accept-Encoding": "gzip, deflate",
        "Content-Length": "29",
        "Content-Type": "application/json",
        "User-Agent": "azsdk-python-keyvault-keys/4.5.1 Python/3.9.9 (Windows-10-10.0.22000-SP0)"
      },
      "RequestBody": {
        "kty": "EC",
        "crv": "P-521"
      },
      "StatusCode": 200,
      "ResponseHeaders": {
        "Cache-Control": "no-cache",
        "Content-Length": "507",
        "Content-Type": "application/json; charset=utf-8",
        "Date": "Fri, 22 Apr 2022 21:59:06 GMT",
        "Expires": "-1",
        "Pragma": "no-cache",
        "Strict-Transport-Security": "max-age=31536000;includeSubDomains",
        "X-Content-Type-Options": "nosniff",
        "x-ms-keyvault-network-info": "conn_type=Ipv4;addr=73.232.137.144;act_addr_fam=InterNetwork;",
        "x-ms-keyvault-rbac-assignment-id": "ef5824ed-56c0-5945-812d-e76f79fb8978",
        "x-ms-keyvault-rbac-cache": "ra_age=63;da_age=3795;rd_age=3795;brd_age=6874;ra_notif_age=348;dec_lev=1;",
        "x-ms-keyvault-region": "westus2",
        "x-ms-keyvault-service-version": "1.9.358.1"
      },
      "ResponseBody": {
        "key": {
          "kid": "https://vaultname.vault.azure.net/keys/livekvtestec-verify-P-52111c301f/6f019286747448af80f63c1a16f04aa8",
          "kty": "EC",
          "key_ops": [
            "sign",
            "verify"
          ],
          "crv": "P-521",
          "x": "AXCFQwQHz2ZSsutQsxvuk-B-n495kx5PhoHKdKk5yUKdrCKL_98a--gG3fRz2fLxdI_YKdv-bmJ5WTJYA99tLLJu",
          "y": "AdTC4vYbvDOcCxiM5M5h6GJVSBcDEJKkMcj2CEC8UOtVIidjFZVnEr7S0JvwzH0YeG7lY2WZmGT4vWej_e_KhFuM"
        },
        "attributes": {
          "enabled": true,
          "created": 1650664747,
          "updated": 1650664747,
          "recoveryLevel": "CustomizedRecoverable\u002BPurgeable",
          "recoverableDays": 7
        }
      }
    },
    {
      "RequestUri": "https://vaultname.vault.azure.net/keys/livekvtestec-verify-P-52111c301f/6f019286747448af80f63c1a16f04aa8/sign?api-version=7.2",
      "RequestMethod": "POST",
      "RequestHeaders": {
        "Accept": "application/json",
        "Accept-Encoding": "gzip, deflate",
        "Content-Length": "115",
        "Content-Type": "application/json",
        "User-Agent": "azsdk-python-keyvault-keys/4.5.1 Python/3.9.9 (Windows-10-10.0.22000-SP0)"
      },
      "RequestBody": {
        "alg": "ES512",
        "value": "zZyL-eOHDnnq34aZaWgBMobx4x2Pm3mPRo4eqnRmLK6sE0jsXZFOFhMXaTcvILQxovTsMMh9JupeojYCnDvfrQ"
      },
      "StatusCode": 200,
      "ResponseHeaders": {
        "Cache-Control": "no-cache",
        "Content-Length": "301",
        "Content-Type": "application/json; charset=utf-8",
        "Date": "Fri, 22 Apr 2022 21:59:06 GMT",
        "Expires": "-1",
        "Pragma": "no-cache",
        "Strict-Transport-Security": "max-age=31536000;includeSubDomains",
        "X-Content-Type-Options": "nosniff",
        "x-ms-keyvault-network-info": "conn_type=Ipv4;addr=73.232.137.144;act_addr_fam=InterNetwork;",
        "x-ms-keyvault-rbac-assignment-id": "ef5824ed-56c0-5945-812d-e76f79fb8978",
        "x-ms-keyvault-rbac-cache": "ra_age=63;da_age=3795;rd_age=3795;brd_age=6874;ra_notif_age=348;dec_lev=1;",
        "x-ms-keyvault-region": "westus2",
        "x-ms-keyvault-service-version": "1.9.358.1"
      },
      "ResponseBody": {
        "kid": "https://vaultname.vault.azure.net/keys/livekvtestec-verify-P-52111c301f/6f019286747448af80f63c1a16f04aa8",
        "value": "AUvjL59wI8i1Pu6V6paQ_OtV5HXZobB51s_VsimQgFNReqwwpMvikD4qIIBeq6NBrPmuWZS3okulLI36DPcVWGtmASgw_kJ4z8XQXZ3spoJv9-3UNYxZ_5W2epu7SzVQy4Tet_kVUhWyktIg7nYpzgzF57_S3fNeh_3tieC3m9YZtF5U"
      }
    }
  ],
  "Variables": {}
}
