{
  "Entries": [
    {
      "RequestUri": "https://vaultname.vault.azure.net/keys/livekvtestkey0e542bd9/create?api-version=7.2",
      "RequestMethod": "POST",
      "RequestHeaders": {
        "Accept": "application/json",
        "Accept-Encoding": "gzip, deflate",
        "Connection": "keep-alive",
        "Content-Length": "0",
        "Content-Type": "application/json",
        "User-Agent": "azsdk-python-keyvault-keys/4.5.1 Python/3.9.9 (Windows-10-10.0.22000-SP0)"
      },
      "RequestBody": null,
      "StatusCode": 401,
      "ResponseHeaders": {
        "Cache-Control": "no-cache",
        "Content-Length": "97",
        "Content-Type": "application/json; charset=utf-8",
        "Date": "Fri, 22 Apr 2022 14:51:30 GMT",
        "Expires": "-1",
        "Pragma": "no-cache",
        "Strict-Transport-Security": "max-age=31536000;includeSubDomains",
        "WWW-Authenticate": "Bearer authorization=\u0022https://login.windows.net/00000000-0000-0000-0000-000000000000\u0022, resource=\u0022https://vault.azure.net\u0022",
        "X-Content-Type-Options": "nosniff",
        "x-ms-keyvault-network-info": "conn_type=Ipv4;addr=73.232.137.144;act_addr_fam=InterNetwork;",
        "x-ms-keyvault-region": "westus2",
        "x-ms-keyvault-service-version": "1.9.358.1"
      },
      "ResponseBody": {
        "error": {
          "code": "Unauthorized",
          "message": "AKV10000: Request is missing a Bearer or PoP token."
        }
      }
    },
    {
      "RequestUri": "https://login.microsoftonline.com/00000000-0000-0000-0000-000000000000/v2.0/.well-known/openid-configuration",
      "RequestMethod": "GET",
      "RequestHeaders": {
        "Accept": "*/*",
        "Accept-Encoding": "gzip, deflate",
        "Connection": "keep-alive",
        "User-Agent": "azsdk-python-identity/1.10.0b2 Python/3.9.9 (Windows-10-10.0.22000-SP0)"
      },
      "RequestBody": null,
      "StatusCode": 200,
      "ResponseHeaders": {
        "Access-Control-Allow-Methods": "GET, OPTIONS",
        "Access-Control-Allow-Origin": "*",
        "Cache-Control": "max-age=86400, private",
        "Content-Length": "1753",
        "Content-Type": "application/json; charset=utf-8",
        "Date": "Fri, 22 Apr 2022 14:51:31 GMT",
        "P3P": "CP=\u0022DSP CUR OTPi IND OTRi ONL FIN\u0022",
        "Set-Cookie": [
          "fpc=AoYECHYVsYZBnicRrY_2H34tc15lFAAAAOG29NkOAAAA; expires=Sun, 22-May-2022 14:51:31 GMT; path=/; secure; HttpOnly; SameSite=None",
          "x-ms-gateway-slice=estsfd; path=/; secure; samesite=none; httponly",
          "stsservicecookie=estsfd; path=/; secure; samesite=none; httponly"
        ],
        "Strict-Transport-Security": "max-age=31536000; includeSubDomains",
        "X-Content-Type-Options": "nosniff",
        "x-ms-ests-server": "2.1.12651.7 - NCUS ProdSlices",
        "X-XSS-Protection": "0"
      },
      "ResponseBody": {
        "token_endpoint": "https://login.microsoftonline.com/00000000-0000-0000-0000-000000000000/oauth2/v2.0/token",
        "token_endpoint_auth_methods_supported": [
          "client_secret_post",
          "private_key_jwt",
          "client_secret_basic"
        ],
        "jwks_uri": "https://login.microsoftonline.com/00000000-0000-0000-0000-000000000000/discovery/v2.0/keys",
        "response_modes_supported": [
          "query",
          "fragment",
          "form_post"
        ],
        "subject_types_supported": [
          "pairwise"
        ],
        "id_token_signing_alg_values_supported": [
          "RS256"
        ],
        "response_types_supported": [
          "code",
          "id_token",
          "code id_token",
          "id_token token"
        ],
        "scopes_supported": [
          "openid",
          "profile",
          "email",
          "offline_access"
        ],
        "issuer": "https://login.microsoftonline.com/00000000-0000-0000-0000-000000000000/v2.0",
        "request_uri_parameter_supported": false,
        "userinfo_endpoint": "https://graph.microsoft.com/oidc/userinfo",
        "authorization_endpoint": "https://login.microsoftonline.com/00000000-0000-0000-0000-000000000000/oauth2/v2.0/authorize",
        "device_authorization_endpoint": "https://login.microsoftonline.com/00000000-0000-0000-0000-000000000000/oauth2/v2.0/devicecode",
        "http_logout_supported": true,
        "frontchannel_logout_supported": true,
        "end_session_endpoint": "https://login.microsoftonline.com/00000000-0000-0000-0000-000000000000/oauth2/v2.0/logout",
        "claims_supported": [
          "sub",
          "iss",
          "cloud_instance_name",
          "cloud_instance_host_name",
          "cloud_graph_host_name",
          "msgraph_host",
          "aud",
          "exp",
          "iat",
          "auth_time",
          "acr",
          "nonce",
          "preferred_username",
          "name",
          "tid",
          "ver",
          "at_hash",
          "c_hash",
          "email"
        ],
        "kerberos_endpoint": "https://login.microsoftonline.com/00000000-0000-0000-0000-000000000000/kerberos",
        "tenant_region_scope": "WW",
        "cloud_instance_name": "microsoftonline.com",
        "cloud_graph_host_name": "graph.windows.net",
        "msgraph_host": "graph.microsoft.com",
        "rbac_url": "https://pas.windows.net"
      }
    },
    {
      "RequestUri": "https://login.microsoftonline.com/common/discovery/instance?api-version=1.1\u0026authorization_endpoint=https://login.microsoftonline.com/common/oauth2/authorize",
      "RequestMethod": "GET",
      "RequestHeaders": {
        "Accept": "application/json",
        "Accept-Encoding": "gzip, deflate",
        "Connection": "keep-alive",
        "Cookie": "fpc=AoYECHYVsYZBnicRrY_2H34tc15lFAAAAOG29NkOAAAA; stsservicecookie=estsfd; x-ms-gateway-slice=estsfd",
        "User-Agent": "azsdk-python-identity/1.10.0b2 Python/3.9.9 (Windows-10-10.0.22000-SP0)"
      },
      "RequestBody": null,
      "StatusCode": 200,
      "ResponseHeaders": {
        "Access-Control-Allow-Methods": "GET, OPTIONS",
        "Access-Control-Allow-Origin": "*",
        "Cache-Control": "max-age=86400, private",
        "Content-Length": "945",
        "Content-Type": "application/json; charset=utf-8",
        "Date": "Fri, 22 Apr 2022 14:51:31 GMT",
        "P3P": "CP=\u0022DSP CUR OTPi IND OTRi ONL FIN\u0022",
        "Set-Cookie": [
          "fpc=AoYECHYVsYZBnicRrY_2H34tc15lFAAAAOG29NkOAAAA; expires=Sun, 22-May-2022 14:51:31 GMT; path=/; secure; HttpOnly; SameSite=None",
          "x-ms-gateway-slice=estsfd; path=/; secure; samesite=none; httponly",
          "stsservicecookie=estsfd; path=/; secure; samesite=none; httponly"
        ],
        "Strict-Transport-Security": "max-age=31536000; includeSubDomains",
        "X-Content-Type-Options": "nosniff",
        "x-ms-ests-server": "2.1.12651.7 - NCUS ProdSlices",
        "X-XSS-Protection": "0"
      },
      "ResponseBody": {
        "tenant_discovery_endpoint": "https://login.microsoftonline.com/common/.well-known/openid-configuration",
        "api-version": "1.1",
        "metadata": [
          {
            "preferred_network": "login.microsoftonline.com",
            "preferred_cache": "login.windows.net",
            "aliases": [
              "login.microsoftonline.com",
              "login.windows.net",
              "login.microsoft.com",
              "sts.windows.net"
            ]
          },
          {
            "preferred_network": "login.partner.microsoftonline.cn",
            "preferred_cache": "login.partner.microsoftonline.cn",
            "aliases": [
              "login.partner.microsoftonline.cn",
              "login.chinacloudapi.cn"
            ]
          },
          {
            "preferred_network": "login.microsoftonline.de",
            "preferred_cache": "login.microsoftonline.de",
            "aliases": [
              "login.microsoftonline.de"
            ]
          },
          {
            "preferred_network": "login.microsoftonline.us",
            "preferred_cache": "login.microsoftonline.us",
            "aliases": [
              "login.microsoftonline.us",
              "login.usgovcloudapi.net"
            ]
          },
          {
            "preferred_network": "login-us.microsoftonline.com",
            "preferred_cache": "login-us.microsoftonline.com",
            "aliases": [
              "login-us.microsoftonline.com"
            ]
          }
        ]
      }
    },
    {
      "RequestUri": "https://vaultname.vault.azure.net/keys/livekvtestkey0e542bd9/create?api-version=7.2",
      "RequestMethod": "POST",
      "RequestHeaders": {
        "Accept": "application/json",
        "Accept-Encoding": "gzip, deflate",
        "Connection": "keep-alive",
        "Content-Length": "14",
        "Content-Type": "application/json",
        "User-Agent": "azsdk-python-keyvault-keys/4.5.1 Python/3.9.9 (Windows-10-10.0.22000-SP0)"
      },
      "RequestBody": {
        "kty": "RSA"
      },
      "StatusCode": 200,
      "ResponseHeaders": {
        "Cache-Control": "no-cache",
        "Content-Length": "695",
        "Content-Type": "application/json; charset=utf-8",
        "Date": "Fri, 22 Apr 2022 14:51:31 GMT",
        "Expires": "-1",
        "Pragma": "no-cache",
        "Strict-Transport-Security": "max-age=31536000;includeSubDomains",
        "X-Content-Type-Options": "nosniff",
        "x-ms-keyvault-network-info": "conn_type=Ipv4;addr=73.232.137.144;act_addr_fam=InterNetwork;",
        "x-ms-keyvault-rbac-assignment-id": "8f011949-ed39-5d00-b7ce-c76e5a8c4b2d",
        "x-ms-keyvault-rbac-cache": "ra_age=874;da_age=874;rd_age=874;brd_age=2856;ra_notif_age=1741;dec_lev=1;",
        "x-ms-keyvault-region": "westus2",
        "x-ms-keyvault-service-version": "1.9.358.1"
      },
      "ResponseBody": {
        "key": {
          "kid": "https://vaultname.vault.azure.net/keys/livekvtestkey0e542bd9/6a5cfde1026e4f8dab5a5455dcd951ff",
          "kty": "RSA",
          "key_ops": [
            "encrypt",
            "decrypt",
            "sign",
            "verify",
            "wrapKey",
            "unwrapKey"
          ],
          "n": "vjT95Ah6-4pz1azZ2jk6r1MzcgwiTTWaqhqp7sgvHq0h_DSVQHU3viaPHiUtelyjPC9HoLWNdCZFyaHXTU2ztX1gb1bovQO2DOspCs3-zM6Ul6IHJT-6yhlbhreZg8KnSKOCafOo-wBsVZNtZeF5FV6fjZKL0om5D5RCACBpBRZwVfMwb4m7AXLPr3qnDQWEnhet1k871rHVQiElueHMsUu7C2KHiUixE2tdoYbSUFhHarcItYU1Az_xpYj4XeZZVqb73LqOfUXlZ1tCp90uthWt5IfJgZl6L-00T9gRJkSClYiafuvh4rSfXlKv4NiNTKzcvtN-Zs1MhRtEcmzH7Q",
          "e": "AQAB"
        },
        "attributes": {
          "enabled": true,
          "created": 1650639091,
          "updated": 1650639091,
          "recoveryLevel": "CustomizedRecoverable\u002BPurgeable",
          "recoverableDays": 7
        }
      }
    },
    {
      "RequestUri": "https://vaultname.vault.azure.net/keys/livekvtestkey1e542bd9/create?api-version=7.2",
      "RequestMethod": "POST",
      "RequestHeaders": {
        "Accept": "application/json",
        "Accept-Encoding": "gzip, deflate",
        "Connection": "keep-alive",
        "Content-Length": "14",
        "Content-Type": "application/json",
        "User-Agent": "azsdk-python-keyvault-keys/4.5.1 Python/3.9.9 (Windows-10-10.0.22000-SP0)"
      },
      "RequestBody": {
        "kty": "RSA"
      },
      "StatusCode": 200,
      "ResponseHeaders": {
        "Cache-Control": "no-cache",
        "Content-Length": "695",
        "Content-Type": "application/json; charset=utf-8",
        "Date": "Fri, 22 Apr 2022 14:51:34 GMT",
        "Expires": "-1",
        "Pragma": "no-cache",
        "Strict-Transport-Security": "max-age=31536000;includeSubDomains",
        "X-Content-Type-Options": "nosniff",
        "x-ms-keyvault-network-info": "conn_type=Ipv4;addr=73.232.137.144;act_addr_fam=InterNetwork;",
        "x-ms-keyvault-rbac-assignment-id": "8f011949-ed39-5d00-b7ce-c76e5a8c4b2d",
        "x-ms-keyvault-rbac-cache": "ra_age=876;da_age=876;rd_age=876;brd_age=2858;ra_notif_age=1743;dec_lev=1;",
        "x-ms-keyvault-region": "westus2",
        "x-ms-keyvault-service-version": "1.9.358.1"
      },
      "ResponseBody": {
        "key": {
          "kid": "https://vaultname.vault.azure.net/keys/livekvtestkey1e542bd9/f9e0dcfed788449ca0227bbc0ce9984c",
          "kty": "RSA",
          "key_ops": [
            "encrypt",
            "decrypt",
            "sign",
            "verify",
            "wrapKey",
            "unwrapKey"
          ],
          "n": "1bWZFdGZoaj_rhEzzwRetZf5q24FGtff-BNE3SHvt1JVuNzDaWUYS_KegcWF8lVmBvwm-uEWiYyY61RIJ6zgRlk46WnfDHz18LM1nGBAwn4mIAF9GGMPQdY7cVBZDifGbwN36qslcaEdJ57SZf1uGyecwT29bL2q8dOLe4VV7nMXToF4gdYVQtjfa9s_6ZWkNaqFJbml5xhnD024N19MQqHoEuB5M2iTnjEtwFbs9-RwJ1cXESG2scQiLNz30MocQDMTO7-3F52S9SW60UX_jRODqE98x_QH0L4frnTlRPWg_dUBq_XBmyNefBt-hceJ9KYs19TBIsdCl4qnnOfc6Q",
          "e": "AQAB"
        },
        "attributes": {
          "enabled": true,
          "created": 1650639094,
          "updated": 1650639094,
          "recoveryLevel": "CustomizedRecoverable\u002BPurgeable",
          "recoverableDays": 7
        }
      }
    },
    {
      "RequestUri": "https://vaultname.vault.azure.net/keys/livekvtestkey2e542bd9/create?api-version=7.2",
      "RequestMethod": "POST",
      "RequestHeaders": {
        "Accept": "application/json",
        "Accept-Encoding": "gzip, deflate",
        "Connection": "keep-alive",
        "Content-Length": "14",
        "Content-Type": "application/json",
        "User-Agent": "azsdk-python-keyvault-keys/4.5.1 Python/3.9.9 (Windows-10-10.0.22000-SP0)"
      },
      "RequestBody": {
        "kty": "RSA"
      },
      "StatusCode": 200,
      "ResponseHeaders": {
        "Cache-Control": "no-cache",
        "Content-Length": "695",
        "Content-Type": "application/json; charset=utf-8",
        "Date": "Fri, 22 Apr 2022 14:51:36 GMT",
        "Expires": "-1",
        "Pragma": "no-cache",
        "Strict-Transport-Security": "max-age=31536000;includeSubDomains",
        "X-Content-Type-Options": "nosniff",
        "x-ms-keyvault-network-info": "conn_type=Ipv4;addr=73.232.137.144;act_addr_fam=InterNetwork;",
        "x-ms-keyvault-rbac-assignment-id": "8f011949-ed39-5d00-b7ce-c76e5a8c4b2d",
        "x-ms-keyvault-rbac-cache": "ra_age=878;da_age=878;rd_age=878;brd_age=2860;ra_notif_age=1746;dec_lev=1;",
        "x-ms-keyvault-region": "westus2",
        "x-ms-keyvault-service-version": "1.9.358.1"
      },
      "ResponseBody": {
        "key": {
          "kid": "https://vaultname.vault.azure.net/keys/livekvtestkey2e542bd9/c5bba21b437c44fbb6ddf4c57dca42a3",
          "kty": "RSA",
          "key_ops": [
            "encrypt",
            "decrypt",
            "sign",
            "verify",
            "wrapKey",
            "unwrapKey"
          ],
          "n": "vUpMzXcIxTVvOZXAgugi2DLmSS96ygMQsZvBsatg-aFHYov9j9lCDNJ_If_BS_osSUaXivVcjKOXYesfnRZi4kQkbnQzGvlA5Wx5KzFLu55Tyjz393HX_rECrzTsuxT2pQt18fD4BsY-BeIsnRUm1SvTIe1KIJ0rlwUDX6K-958BMYTiMPrbFfFMfPvXfeUe6orZ45QULxYChH1OgB22m7ckOwSa5PtVOJe_6gpecg1kRprnc6rDYdGZ_TCuuAUTm_vNRyoaXbvLk1gvG3-A3DpvfzrWr77Xoi8xn1ieb_T3gIrsO_TweWYmntY6wCrHaaqdbikBSV0BpHx39pLIRQ",
          "e": "AQAB"
        },
        "attributes": {
          "enabled": true,
          "created": 1650639096,
          "updated": 1650639096,
          "recoveryLevel": "CustomizedRecoverable\u002BPurgeable",
          "recoverableDays": 7
        }
      }
    },
    {
      "RequestUri": "https://vaultname.vault.azure.net/keys/livekvtestkey3e542bd9/create?api-version=7.2",
      "RequestMethod": "POST",
      "RequestHeaders": {
        "Accept": "application/json",
        "Accept-Encoding": "gzip, deflate",
        "Connection": "keep-alive",
        "Content-Length": "14",
        "Content-Type": "application/json",
        "User-Agent": "azsdk-python-keyvault-keys/4.5.1 Python/3.9.9 (Windows-10-10.0.22000-SP0)"
      },
      "RequestBody": {
        "kty": "RSA"
      },
      "StatusCode": 200,
      "ResponseHeaders": {
        "Cache-Control": "no-cache",
        "Content-Length": "695",
        "Content-Type": "application/json; charset=utf-8",
        "Date": "Fri, 22 Apr 2022 14:51:38 GMT",
        "Expires": "-1",
        "Pragma": "no-cache",
        "Strict-Transport-Security": "max-age=31536000;includeSubDomains",
        "X-Content-Type-Options": "nosniff",
        "x-ms-keyvault-network-info": "conn_type=Ipv4;addr=73.232.137.144;act_addr_fam=InterNetwork;",
        "x-ms-keyvault-rbac-assignment-id": "8f011949-ed39-5d00-b7ce-c76e5a8c4b2d",
        "x-ms-keyvault-rbac-cache": "ra_age=880;da_age=880;rd_age=880;brd_age=2863;ra_notif_age=1748;dec_lev=1;",
        "x-ms-keyvault-region": "westus2",
        "x-ms-keyvault-service-version": "1.9.358.1"
      },
      "ResponseBody": {
        "key": {
          "kid": "https://vaultname.vault.azure.net/keys/livekvtestkey3e542bd9/7ae9ed070c7f48608ff8a9d118cf7ff5",
          "kty": "RSA",
          "key_ops": [
            "encrypt",
            "decrypt",
            "sign",
            "verify",
            "wrapKey",
            "unwrapKey"
          ],
          "n": "oImGe4tgZ8dr9XSn7hOUvyvQs2jUgmK0xBys4ZDQlgNvjNvIUeok47OhTuXDo6_WU7LToMtDFP4vWStyp9Zw64ELdHqNapyd4LDRhyD5zKKYZaXA9jGNrgsBMYI78IKrlpNNeLsAHibXBodiacBiSUsDyKQOuw_mU7OOZYwxssWaUDuQHoEYCknfNtxMXK0EQqLwB-SgORCIFeEq1-XIlRDHoytSCXUTeIEiDh7cB812yaBZd9klVukZV42HpZkEUae7ky_4JGVNjyLJmjV3rnK01U9hknC4d5J_Qac2ljx-PpgnosAvWbqQheedOtAT4mteLa121FL4Nh47sWyjuQ",
          "e": "AQAB"
        },
        "attributes": {
          "enabled": true,
          "created": 1650639098,
          "updated": 1650639098,
          "recoveryLevel": "CustomizedRecoverable\u002BPurgeable",
          "recoverableDays": 7
        }
      }
    },
    {
      "RequestUri": "https://vaultname.vault.azure.net/keys/livekvtestkey4e542bd9/create?api-version=7.2",
      "RequestMethod": "POST",
      "RequestHeaders": {
        "Accept": "application/json",
        "Accept-Encoding": "gzip, deflate",
        "Connection": "keep-alive",
        "Content-Length": "14",
        "Content-Type": "application/json",
        "User-Agent": "azsdk-python-keyvault-keys/4.5.1 Python/3.9.9 (Windows-10-10.0.22000-SP0)"
      },
      "RequestBody": {
        "kty": "RSA"
      },
      "StatusCode": 200,
      "ResponseHeaders": {
        "Cache-Control": "no-cache",
        "Content-Length": "695",
        "Content-Type": "application/json; charset=utf-8",
        "Date": "Fri, 22 Apr 2022 14:51:40 GMT",
        "Expires": "-1",
        "Pragma": "no-cache",
        "Strict-Transport-Security": "max-age=31536000;includeSubDomains",
        "X-Content-Type-Options": "nosniff",
        "x-ms-keyvault-network-info": "conn_type=Ipv4;addr=73.232.137.144;act_addr_fam=InterNetwork;",
        "x-ms-keyvault-rbac-assignment-id": "8f011949-ed39-5d00-b7ce-c76e5a8c4b2d",
        "x-ms-keyvault-rbac-cache": "ra_age=883;da_age=883;rd_age=883;brd_age=2865;ra_notif_age=1750;dec_lev=1;",
        "x-ms-keyvault-region": "westus2",
        "x-ms-keyvault-service-version": "1.9.358.1"
      },
      "ResponseBody": {
        "key": {
          "kid": "https://vaultname.vault.azure.net/keys/livekvtestkey4e542bd9/f6a2fd6a18914382ba983e9ede6775df",
          "kty": "RSA",
          "key_ops": [
            "encrypt",
            "decrypt",
            "sign",
            "verify",
            "wrapKey",
            "unwrapKey"
          ],
          "n": "s6f32S58sWQLdAyYeFC62uF1RDx7QJ7Ml5l7OcHmUWCENQGbkXlcTLgu-lsMEgVaej43VQzOKG-2Ywos_zCg0Ajj0nXpdY6PePUBo66rhjSF0ZPrkVo1CAsdr2OrkNzeXf1s2r_RJ2B6pZ8CZDQQiu2iyvxskWhvVLGP0KdF8t-GdeuTF2gGnRINcDF6u4r7i9SSOyPWgngadlqp-oK04kl556NcxEeMcsA_Gr3TqOnL7fCAATna83uDDi-qX-AloKERNxDViCzhfIBI4Zj-L5kkXe0BN7Gi0lPMVVDSMxekKhx2DlNwhIZdPih_WipuzDb4xrE9ezCcw5H7PDhNnQ",
          "e": "AQAB"
        },
        "attributes": {
          "enabled": true,
          "created": 1650639100,
          "updated": 1650639100,
          "recoveryLevel": "CustomizedRecoverable\u002BPurgeable",
          "recoverableDays": 7
        }
      }
    },
    {
      "RequestUri": "https://vaultname.vault.azure.net/keys/livekvtestkey5e542bd9/create?api-version=7.2",
      "RequestMethod": "POST",
      "RequestHeaders": {
        "Accept": "application/json",
        "Accept-Encoding": "gzip, deflate",
        "Connection": "keep-alive",
        "Content-Length": "14",
        "Content-Type": "application/json",
        "User-Agent": "azsdk-python-keyvault-keys/4.5.1 Python/3.9.9 (Windows-10-10.0.22000-SP0)"
      },
      "RequestBody": {
        "kty": "RSA"
      },
      "StatusCode": 200,
      "ResponseHeaders": {
        "Cache-Control": "no-cache",
        "Content-Length": "695",
        "Content-Type": "application/json; charset=utf-8",
        "Date": "Fri, 22 Apr 2022 14:51:42 GMT",
        "Expires": "-1",
        "Pragma": "no-cache",
        "Strict-Transport-Security": "max-age=31536000;includeSubDomains",
        "X-Content-Type-Options": "nosniff",
        "x-ms-keyvault-network-info": "conn_type=Ipv4;addr=73.232.137.144;act_addr_fam=InterNetwork;",
        "x-ms-keyvault-rbac-assignment-id": "8f011949-ed39-5d00-b7ce-c76e5a8c4b2d",
        "x-ms-keyvault-rbac-cache": "ra_age=885;da_age=885;rd_age=885;brd_age=2867;ra_notif_age=1752;dec_lev=1;",
        "x-ms-keyvault-region": "westus2",
        "x-ms-keyvault-service-version": "1.9.358.1"
      },
      "ResponseBody": {
        "key": {
          "kid": "https://vaultname.vault.azure.net/keys/livekvtestkey5e542bd9/a38734f8b45244eebdf241664b383056",
          "kty": "RSA",
          "key_ops": [
            "encrypt",
            "decrypt",
            "sign",
            "verify",
            "wrapKey",
            "unwrapKey"
          ],
          "n": "0MS2yF8MJ_J1z7gNQjZJINF-q6DEt5ah_YQgaEhefBTYjfgB1Kk7tAdbfX1WoSXvLVU8fM0zb2tB1eAxNYK4CurN9F5iHpzzUpaLwCYlsIN6S-DZswTORUK-mJO420NS5W8B0P6atKe8IlTK2ej-6Xvv2YZtIiLlhZd_3rCV3CCnoKbAFKgHphkOTutv4f8Xg1ISE6hKPcdlb2T5xwaG5Px0wpQayw8TipeBQWIBVUQSn3FbAdImvJltSNBhPhVI5nEmIT3Dv5eip-_FTPOKq1pq5NToG7rw6Gd0phajeJOXBHaPN-s6bLxszbcx_gOq-U2Az1zsUMJBsulFhC1FUQ",
          "e": "AQAB"
        },
        "attributes": {
          "enabled": true,
          "created": 1650639103,
          "updated": 1650639103,
          "recoveryLevel": "CustomizedRecoverable\u002BPurgeable",
          "recoverableDays": 7
        }
      }
    },
    {
      "RequestUri": "https://vaultname.vault.azure.net/keys/livekvtestkey6e542bd9/create?api-version=7.2",
      "RequestMethod": "POST",
      "RequestHeaders": {
        "Accept": "application/json",
        "Accept-Encoding": "gzip, deflate",
        "Connection": "keep-alive",
        "Content-Length": "14",
        "Content-Type": "application/json",
        "User-Agent": "azsdk-python-keyvault-keys/4.5.1 Python/3.9.9 (Windows-10-10.0.22000-SP0)"
      },
      "RequestBody": {
        "kty": "RSA"
      },
      "StatusCode": 200,
      "ResponseHeaders": {
        "Cache-Control": "no-cache",
        "Content-Length": "695",
        "Content-Type": "application/json; charset=utf-8",
        "Date": "Fri, 22 Apr 2022 14:51:45 GMT",
        "Expires": "-1",
        "Pragma": "no-cache",
        "Strict-Transport-Security": "max-age=31536000;includeSubDomains",
        "X-Content-Type-Options": "nosniff",
        "x-ms-keyvault-network-info": "conn_type=Ipv4;addr=73.232.137.144;act_addr_fam=InterNetwork;",
        "x-ms-keyvault-rbac-assignment-id": "8f011949-ed39-5d00-b7ce-c76e5a8c4b2d",
        "x-ms-keyvault-rbac-cache": "ra_age=887;da_age=887;rd_age=887;brd_age=2869;ra_notif_age=1755;dec_lev=1;",
        "x-ms-keyvault-region": "westus2",
        "x-ms-keyvault-service-version": "1.9.358.1"
      },
      "ResponseBody": {
        "key": {
          "kid": "https://vaultname.vault.azure.net/keys/livekvtestkey6e542bd9/000b1994797249fd970d3988ed1befb7",
          "kty": "RSA",
          "key_ops": [
            "encrypt",
            "decrypt",
            "sign",
            "verify",
            "wrapKey",
            "unwrapKey"
          ],
          "n": "lb3c2fP5X8ixBYDo8pcVwLqfcoWBnCiRF-YR-KPOZ20v_naOr6rk_4gYK5Eb969J7fx8OXkxOl7GaxVHrLmU10YeqBctte5nLDHfA8tRvvwa5bMUGmcBrITrTSD5YUwKBBiKoi-b2cS1TxfH95hWAyFzr0P9Bd573nqUKFSLP6fv-3CppO9zjlIeGm4zOZAAYETT6yDvyQWgzcbu2BXptxktDgY5id8U2M8-9fbO9_nx7aW7sZR6cirmntnvA4XQlzpog4VdDma9YM9h2zzcv2fSfmE3PTHTaVlk9k6mkTzLQ-YSAQD63h1t91mr9C90OHJOYov6eOIEnrSHZwdZOQ",
          "e": "AQAB"
        },
        "attributes": {
          "enabled": true,
          "created": 1650639105,
          "updated": 1650639105,
          "recoveryLevel": "CustomizedRecoverable\u002BPurgeable",
          "recoverableDays": 7
        }
      }
    },
    {
      "RequestUri": "https://vaultname.vault.azure.net/keys/livekvtestkey0e542bd9?api-version=7.2",
      "RequestMethod": "DELETE",
      "RequestHeaders": {
        "Accept": "application/json",
        "Accept-Encoding": "gzip, deflate",
        "Connection": "keep-alive",
        "Content-Length": "0",
        "User-Agent": "azsdk-python-keyvault-keys/4.5.1 Python/3.9.9 (Windows-10-10.0.22000-SP0)"
      },
      "RequestBody": null,
      "StatusCode": 200,
      "ResponseHeaders": {
        "Cache-Control": "no-cache",
        "Content-Length": "835",
        "Content-Type": "application/json; charset=utf-8",
        "Date": "Fri, 22 Apr 2022 14:51:45 GMT",
        "Expires": "-1",
        "Pragma": "no-cache",
        "Strict-Transport-Security": "max-age=31536000;includeSubDomains",
        "X-Content-Type-Options": "nosniff",
        "x-ms-keyvault-network-info": "conn_type=Ipv4;addr=73.232.137.144;act_addr_fam=InterNetwork;",
        "x-ms-keyvault-rbac-assignment-id": "8f011949-ed39-5d00-b7ce-c76e5a8c4b2d",
        "x-ms-keyvault-rbac-cache": "ra_age=887;da_age=887;rd_age=887;brd_age=2870;ra_notif_age=1755;dec_lev=1;",
        "x-ms-keyvault-region": "westus2",
        "x-ms-keyvault-service-version": "1.9.358.1"
      },
      "ResponseBody": {
        "recoveryId": "https://vaultname.vault.azure.net/deletedkeys/livekvtestkey0e542bd9",
        "deletedDate": 1650639105,
        "scheduledPurgeDate": 1651243905,
        "key": {
          "kid": "https://vaultname.vault.azure.net/keys/livekvtestkey0e542bd9/6a5cfde1026e4f8dab5a5455dcd951ff",
          "kty": "RSA",
          "key_ops": [
            "encrypt",
            "decrypt",
            "sign",
            "verify",
            "wrapKey",
            "unwrapKey"
          ],
          "n": "vjT95Ah6-4pz1azZ2jk6r1MzcgwiTTWaqhqp7sgvHq0h_DSVQHU3viaPHiUtelyjPC9HoLWNdCZFyaHXTU2ztX1gb1bovQO2DOspCs3-zM6Ul6IHJT-6yhlbhreZg8KnSKOCafOo-wBsVZNtZeF5FV6fjZKL0om5D5RCACBpBRZwVfMwb4m7AXLPr3qnDQWEnhet1k871rHVQiElueHMsUu7C2KHiUixE2tdoYbSUFhHarcItYU1Az_xpYj4XeZZVqb73LqOfUXlZ1tCp90uthWt5IfJgZl6L-00T9gRJkSClYiafuvh4rSfXlKv4NiNTKzcvtN-Zs1MhRtEcmzH7Q",
          "e": "AQAB"
        },
        "attributes": {
          "enabled": true,
          "created": 1650639091,
          "updated": 1650639091,
          "recoveryLevel": "CustomizedRecoverable\u002BPurgeable",
          "recoverableDays": 7
        }
      }
    },
    {
      "RequestUri": "https://vaultname.vault.azure.net/deletedkeys/livekvtestkey0e542bd9?api-version=7.2",
      "RequestMethod": "GET",
      "RequestHeaders": {
        "Accept": "application/json",
        "Accept-Encoding": "gzip, deflate",
        "Connection": "keep-alive",
        "User-Agent": "azsdk-python-keyvault-keys/4.5.1 Python/3.9.9 (Windows-10-10.0.22000-SP0)"
      },
      "RequestBody": null,
      "StatusCode": 404,
      "ResponseHeaders": {
        "Cache-Control": "no-cache",
        "Content-Length": "89",
        "Content-Type": "application/json; charset=utf-8",
        "Date": "Fri, 22 Apr 2022 14:51:45 GMT",
        "Expires": "-1",
        "Pragma": "no-cache",
        "Strict-Transport-Security": "max-age=31536000;includeSubDomains",
        "X-Content-Type-Options": "nosniff",
        "x-ms-keyvault-network-info": "conn_type=Ipv4;addr=73.232.137.144;act_addr_fam=InterNetwork;",
        "x-ms-keyvault-rbac-assignment-id": "8f011949-ed39-5d00-b7ce-c76e5a8c4b2d",
        "x-ms-keyvault-rbac-cache": "ra_age=888;da_age=888;rd_age=888;brd_age=2870;ra_notif_age=1755;dec_lev=1;",
        "x-ms-keyvault-region": "westus2",
        "x-ms-keyvault-service-version": "1.9.358.1"
      },
      "ResponseBody": {
        "error": {
          "code": "KeyNotFound",
          "message": "Deleted Key not found: livekvtestkey0e542bd9"
        }
      }
    },
    {
      "RequestUri": "https://vaultname.vault.azure.net/deletedkeys/livekvtestkey0e542bd9?api-version=7.2",
      "RequestMethod": "GET",
      "RequestHeaders": {
        "Accept": "application/json",
        "Accept-Encoding": "gzip, deflate",
        "Connection": "keep-alive",
        "User-Agent": "azsdk-python-keyvault-keys/4.5.1 Python/3.9.9 (Windows-10-10.0.22000-SP0)"
      },
      "RequestBody": null,
      "StatusCode": 404,
      "ResponseHeaders": {
        "Cache-Control": "no-cache",
        "Content-Length": "89",
        "Content-Type": "application/json; charset=utf-8",
        "Date": "Fri, 22 Apr 2022 14:51:47 GMT",
        "Expires": "-1",
        "Pragma": "no-cache",
        "Strict-Transport-Security": "max-age=31536000;includeSubDomains",
        "X-Content-Type-Options": "nosniff",
        "x-ms-keyvault-network-info": "conn_type=Ipv4;addr=73.232.137.144;act_addr_fam=InterNetwork;",
        "x-ms-keyvault-rbac-assignment-id": "8f011949-ed39-5d00-b7ce-c76e5a8c4b2d",
        "x-ms-keyvault-rbac-cache": "ra_age=890;da_age=890;rd_age=890;brd_age=2872;ra_notif_age=1757;dec_lev=0;",
        "x-ms-keyvault-region": "westus2",
        "x-ms-keyvault-service-version": "1.9.358.1"
      },
      "ResponseBody": {
        "error": {
          "code": "KeyNotFound",
          "message": "Deleted Key not found: livekvtestkey0e542bd9"
        }
      }
    },
    {
      "RequestUri": "https://vaultname.vault.azure.net/deletedkeys/livekvtestkey0e542bd9?api-version=7.2",
      "RequestMethod": "GET",
      "RequestHeaders": {
        "Accept": "application/json",
        "Accept-Encoding": "gzip, deflate",
        "Connection": "keep-alive",
        "User-Agent": "azsdk-python-keyvault-keys/4.5.1 Python/3.9.9 (Windows-10-10.0.22000-SP0)"
      },
      "RequestBody": null,
      "StatusCode": 200,
      "ResponseHeaders": {
        "Cache-Control": "no-cache",
        "Content-Length": "835",
        "Content-Type": "application/json; charset=utf-8",
        "Date": "Fri, 22 Apr 2022 14:51:49 GMT",
        "Expires": "-1",
        "Pragma": "no-cache",
        "Strict-Transport-Security": "max-age=31536000;includeSubDomains",
        "X-Content-Type-Options": "nosniff",
        "x-ms-keyvault-network-info": "conn_type=Ipv4;addr=73.232.137.144;act_addr_fam=InterNetwork;",
        "x-ms-keyvault-rbac-assignment-id": "8f011949-ed39-5d00-b7ce-c76e5a8c4b2d",
        "x-ms-keyvault-rbac-cache": "ra_age=892;da_age=892;rd_age=892;brd_age=2874;ra_notif_age=1759;dec_lev=0;",
        "x-ms-keyvault-region": "westus2",
        "x-ms-keyvault-service-version": "1.9.358.1"
      },
      "ResponseBody": {
        "recoveryId": "https://vaultname.vault.azure.net/deletedkeys/livekvtestkey0e542bd9",
        "deletedDate": 1650639105,
        "scheduledPurgeDate": 1651243905,
        "key": {
          "kid": "https://vaultname.vault.azure.net/keys/livekvtestkey0e542bd9/6a5cfde1026e4f8dab5a5455dcd951ff",
          "kty": "RSA",
          "key_ops": [
            "encrypt",
            "decrypt",
            "sign",
            "verify",
            "wrapKey",
            "unwrapKey"
          ],
          "n": "vjT95Ah6-4pz1azZ2jk6r1MzcgwiTTWaqhqp7sgvHq0h_DSVQHU3viaPHiUtelyjPC9HoLWNdCZFyaHXTU2ztX1gb1bovQO2DOspCs3-zM6Ul6IHJT-6yhlbhreZg8KnSKOCafOo-wBsVZNtZeF5FV6fjZKL0om5D5RCACBpBRZwVfMwb4m7AXLPr3qnDQWEnhet1k871rHVQiElueHMsUu7C2KHiUixE2tdoYbSUFhHarcItYU1Az_xpYj4XeZZVqb73LqOfUXlZ1tCp90uthWt5IfJgZl6L-00T9gRJkSClYiafuvh4rSfXlKv4NiNTKzcvtN-Zs1MhRtEcmzH7Q",
          "e": "AQAB"
        },
        "attributes": {
          "enabled": true,
          "created": 1650639091,
          "updated": 1650639091,
          "recoveryLevel": "CustomizedRecoverable\u002BPurgeable",
          "recoverableDays": 7
        }
      }
    },
    {
      "RequestUri": "https://vaultname.vault.azure.net/keys/livekvtestkey1e542bd9?api-version=7.2",
      "RequestMethod": "DELETE",
      "RequestHeaders": {
        "Accept": "application/json",
        "Accept-Encoding": "gzip, deflate",
        "Connection": "keep-alive",
        "Content-Length": "0",
        "User-Agent": "azsdk-python-keyvault-keys/4.5.1 Python/3.9.9 (Windows-10-10.0.22000-SP0)"
      },
      "RequestBody": null,
      "StatusCode": 200,
      "ResponseHeaders": {
        "Cache-Control": "no-cache",
        "Content-Length": "835",
        "Content-Type": "application/json; charset=utf-8",
        "Date": "Fri, 22 Apr 2022 14:51:49 GMT",
        "Expires": "-1",
        "Pragma": "no-cache",
        "Strict-Transport-Security": "max-age=31536000;includeSubDomains",
        "X-Content-Type-Options": "nosniff",
        "x-ms-keyvault-network-info": "conn_type=Ipv4;addr=73.232.137.144;act_addr_fam=InterNetwork;",
        "x-ms-keyvault-rbac-assignment-id": "8f011949-ed39-5d00-b7ce-c76e5a8c4b2d",
        "x-ms-keyvault-rbac-cache": "ra_age=892;da_age=892;rd_age=892;brd_age=2874;ra_notif_age=1759;dec_lev=1;",
        "x-ms-keyvault-region": "westus2",
        "x-ms-keyvault-service-version": "1.9.358.1"
      },
      "ResponseBody": {
        "recoveryId": "https://vaultname.vault.azure.net/deletedkeys/livekvtestkey1e542bd9",
        "deletedDate": 1650639109,
        "scheduledPurgeDate": 1651243909,
        "key": {
          "kid": "https://vaultname.vault.azure.net/keys/livekvtestkey1e542bd9/f9e0dcfed788449ca0227bbc0ce9984c",
          "kty": "RSA",
          "key_ops": [
            "encrypt",
            "decrypt",
            "sign",
            "verify",
            "wrapKey",
            "unwrapKey"
          ],
          "n": "1bWZFdGZoaj_rhEzzwRetZf5q24FGtff-BNE3SHvt1JVuNzDaWUYS_KegcWF8lVmBvwm-uEWiYyY61RIJ6zgRlk46WnfDHz18LM1nGBAwn4mIAF9GGMPQdY7cVBZDifGbwN36qslcaEdJ57SZf1uGyecwT29bL2q8dOLe4VV7nMXToF4gdYVQtjfa9s_6ZWkNaqFJbml5xhnD024N19MQqHoEuB5M2iTnjEtwFbs9-RwJ1cXESG2scQiLNz30MocQDMTO7-3F52S9SW60UX_jRODqE98x_QH0L4frnTlRPWg_dUBq_XBmyNefBt-hceJ9KYs19TBIsdCl4qnnOfc6Q",
          "e": "AQAB"
        },
        "attributes": {
          "enabled": true,
          "created": 1650639094,
          "updated": 1650639094,
          "recoveryLevel": "CustomizedRecoverable\u002BPurgeable",
          "recoverableDays": 7
        }
      }
    },
    {
      "RequestUri": "https://vaultname.vault.azure.net/deletedkeys/livekvtestkey1e542bd9?api-version=7.2",
      "RequestMethod": "GET",
      "RequestHeaders": {
        "Accept": "application/json",
        "Accept-Encoding": "gzip, deflate",
        "Connection": "keep-alive",
        "User-Agent": "azsdk-python-keyvault-keys/4.5.1 Python/3.9.9 (Windows-10-10.0.22000-SP0)"
      },
      "RequestBody": null,
      "StatusCode": 404,
      "ResponseHeaders": {
        "Cache-Control": "no-cache",
        "Content-Length": "89",
        "Content-Type": "application/json; charset=utf-8",
        "Date": "Fri, 22 Apr 2022 14:51:49 GMT",
        "Expires": "-1",
        "Pragma": "no-cache",
        "Strict-Transport-Security": "max-age=31536000;includeSubDomains",
        "X-Content-Type-Options": "nosniff",
        "x-ms-keyvault-network-info": "conn_type=Ipv4;addr=73.232.137.144;act_addr_fam=InterNetwork;",
        "x-ms-keyvault-rbac-assignment-id": "8f011949-ed39-5d00-b7ce-c76e5a8c4b2d",
        "x-ms-keyvault-rbac-cache": "ra_age=892;da_age=892;rd_age=892;brd_age=2874;ra_notif_age=1759;dec_lev=1;",
        "x-ms-keyvault-region": "westus2",
        "x-ms-keyvault-service-version": "1.9.358.1"
      },
      "ResponseBody": {
        "error": {
          "code": "KeyNotFound",
          "message": "Deleted Key not found: livekvtestkey1e542bd9"
        }
      }
    },
    {
      "RequestUri": "https://vaultname.vault.azure.net/deletedkeys/livekvtestkey1e542bd9?api-version=7.2",
      "RequestMethod": "GET",
      "RequestHeaders": {
        "Accept": "application/json",
        "Accept-Encoding": "gzip, deflate",
        "Connection": "keep-alive",
        "User-Agent": "azsdk-python-keyvault-keys/4.5.1 Python/3.9.9 (Windows-10-10.0.22000-SP0)"
      },
      "RequestBody": null,
      "StatusCode": 404,
      "ResponseHeaders": {
        "Cache-Control": "no-cache",
        "Content-Length": "89",
        "Content-Type": "application/json; charset=utf-8",
        "Date": "Fri, 22 Apr 2022 14:51:51 GMT",
        "Expires": "-1",
        "Pragma": "no-cache",
        "Strict-Transport-Security": "max-age=31536000;includeSubDomains",
        "X-Content-Type-Options": "nosniff",
        "x-ms-keyvault-network-info": "conn_type=Ipv4;addr=73.232.137.144;act_addr_fam=InterNetwork;",
        "x-ms-keyvault-rbac-assignment-id": "8f011949-ed39-5d00-b7ce-c76e5a8c4b2d",
        "x-ms-keyvault-rbac-cache": "ra_age=894;da_age=894;rd_age=894;brd_age=2876;ra_notif_age=1762;dec_lev=0;",
        "x-ms-keyvault-region": "westus2",
        "x-ms-keyvault-service-version": "1.9.358.1"
      },
      "ResponseBody": {
        "error": {
          "code": "KeyNotFound",
          "message": "Deleted Key not found: livekvtestkey1e542bd9"
        }
      }
    },
    {
      "RequestUri": "https://vaultname.vault.azure.net/deletedkeys/livekvtestkey1e542bd9?api-version=7.2",
      "RequestMethod": "GET",
      "RequestHeaders": {
        "Accept": "application/json",
        "Accept-Encoding": "gzip, deflate",
        "Connection": "keep-alive",
        "User-Agent": "azsdk-python-keyvault-keys/4.5.1 Python/3.9.9 (Windows-10-10.0.22000-SP0)"
      },
      "RequestBody": null,
      "StatusCode": 404,
      "ResponseHeaders": {
        "Cache-Control": "no-cache",
        "Content-Length": "89",
        "Content-Type": "application/json; charset=utf-8",
        "Date": "Fri, 22 Apr 2022 14:51:53 GMT",
        "Expires": "-1",
        "Pragma": "no-cache",
        "Strict-Transport-Security": "max-age=31536000;includeSubDomains",
        "X-Content-Type-Options": "nosniff",
        "x-ms-keyvault-network-info": "conn_type=Ipv4;addr=73.232.137.144;act_addr_fam=InterNetwork;",
        "x-ms-keyvault-rbac-assignment-id": "8f011949-ed39-5d00-b7ce-c76e5a8c4b2d",
        "x-ms-keyvault-rbac-cache": "ra_age=896;da_age=896;rd_age=896;brd_age=2878;ra_notif_age=1764;dec_lev=0;",
        "x-ms-keyvault-region": "westus2",
        "x-ms-keyvault-service-version": "1.9.358.1"
      },
      "ResponseBody": {
        "error": {
          "code": "KeyNotFound",
          "message": "Deleted Key not found: livekvtestkey1e542bd9"
        }
      }
    },
    {
      "RequestUri": "https://vaultname.vault.azure.net/deletedkeys/livekvtestkey1e542bd9?api-version=7.2",
      "RequestMethod": "GET",
      "RequestHeaders": {
        "Accept": "application/json",
        "Accept-Encoding": "gzip, deflate",
        "Connection": "keep-alive",
        "User-Agent": "azsdk-python-keyvault-keys/4.5.1 Python/3.9.9 (Windows-10-10.0.22000-SP0)"
      },
      "RequestBody": null,
      "StatusCode": 200,
      "ResponseHeaders": {
        "Cache-Control": "no-cache",
        "Content-Length": "835",
        "Content-Type": "application/json; charset=utf-8",
        "Date": "Fri, 22 Apr 2022 14:51:55 GMT",
        "Expires": "-1",
        "Pragma": "no-cache",
        "Strict-Transport-Security": "max-age=31536000;includeSubDomains",
        "X-Content-Type-Options": "nosniff",
        "x-ms-keyvault-network-info": "conn_type=Ipv4;addr=73.232.137.144;act_addr_fam=InterNetwork;",
        "x-ms-keyvault-rbac-assignment-id": "8f011949-ed39-5d00-b7ce-c76e5a8c4b2d",
        "x-ms-keyvault-rbac-cache": "ra_age=898;da_age=898;rd_age=898;brd_age=2881;ra_notif_age=1766;dec_lev=0;",
        "x-ms-keyvault-region": "westus2",
        "x-ms-keyvault-service-version": "1.9.358.1"
      },
      "ResponseBody": {
        "recoveryId": "https://vaultname.vault.azure.net/deletedkeys/livekvtestkey1e542bd9",
        "deletedDate": 1650639109,
        "scheduledPurgeDate": 1651243909,
        "key": {
          "kid": "https://vaultname.vault.azure.net/keys/livekvtestkey1e542bd9/f9e0dcfed788449ca0227bbc0ce9984c",
          "kty": "RSA",
          "key_ops": [
            "encrypt",
            "decrypt",
            "sign",
            "verify",
            "wrapKey",
            "unwrapKey"
          ],
          "n": "1bWZFdGZoaj_rhEzzwRetZf5q24FGtff-BNE3SHvt1JVuNzDaWUYS_KegcWF8lVmBvwm-uEWiYyY61RIJ6zgRlk46WnfDHz18LM1nGBAwn4mIAF9GGMPQdY7cVBZDifGbwN36qslcaEdJ57SZf1uGyecwT29bL2q8dOLe4VV7nMXToF4gdYVQtjfa9s_6ZWkNaqFJbml5xhnD024N19MQqHoEuB5M2iTnjEtwFbs9-RwJ1cXESG2scQiLNz30MocQDMTO7-3F52S9SW60UX_jRODqE98x_QH0L4frnTlRPWg_dUBq_XBmyNefBt-hceJ9KYs19TBIsdCl4qnnOfc6Q",
          "e": "AQAB"
        },
        "attributes": {
          "enabled": true,
          "created": 1650639094,
          "updated": 1650639094,
          "recoveryLevel": "CustomizedRecoverable\u002BPurgeable",
          "recoverableDays": 7
        }
      }
    },
    {
      "RequestUri": "https://vaultname.vault.azure.net/keys/livekvtestkey2e542bd9?api-version=7.2",
      "RequestMethod": "DELETE",
      "RequestHeaders": {
        "Accept": "application/json",
        "Accept-Encoding": "gzip, deflate",
        "Connection": "keep-alive",
        "Content-Length": "0",
        "User-Agent": "azsdk-python-keyvault-keys/4.5.1 Python/3.9.9 (Windows-10-10.0.22000-SP0)"
      },
      "RequestBody": null,
      "StatusCode": 200,
      "ResponseHeaders": {
        "Cache-Control": "no-cache",
        "Content-Length": "835",
        "Content-Type": "application/json; charset=utf-8",
        "Date": "Fri, 22 Apr 2022 14:51:56 GMT",
        "Expires": "-1",
        "Pragma": "no-cache",
        "Strict-Transport-Security": "max-age=31536000;includeSubDomains",
        "X-Content-Type-Options": "nosniff",
        "x-ms-keyvault-network-info": "conn_type=Ipv4;addr=73.232.137.144;act_addr_fam=InterNetwork;",
        "x-ms-keyvault-rbac-assignment-id": "8f011949-ed39-5d00-b7ce-c76e5a8c4b2d",
        "x-ms-keyvault-rbac-cache": "ra_age=898;da_age=898;rd_age=898;brd_age=2881;ra_notif_age=1766;dec_lev=1;",
        "x-ms-keyvault-region": "westus2",
        "x-ms-keyvault-service-version": "1.9.358.1"
      },
      "ResponseBody": {
        "recoveryId": "https://vaultname.vault.azure.net/deletedkeys/livekvtestkey2e542bd9",
        "deletedDate": 1650639116,
        "scheduledPurgeDate": 1651243916,
        "key": {
          "kid": "https://vaultname.vault.azure.net/keys/livekvtestkey2e542bd9/c5bba21b437c44fbb6ddf4c57dca42a3",
          "kty": "RSA",
          "key_ops": [
            "encrypt",
            "decrypt",
            "sign",
            "verify",
            "wrapKey",
            "unwrapKey"
          ],
          "n": "vUpMzXcIxTVvOZXAgugi2DLmSS96ygMQsZvBsatg-aFHYov9j9lCDNJ_If_BS_osSUaXivVcjKOXYesfnRZi4kQkbnQzGvlA5Wx5KzFLu55Tyjz393HX_rECrzTsuxT2pQt18fD4BsY-BeIsnRUm1SvTIe1KIJ0rlwUDX6K-958BMYTiMPrbFfFMfPvXfeUe6orZ45QULxYChH1OgB22m7ckOwSa5PtVOJe_6gpecg1kRprnc6rDYdGZ_TCuuAUTm_vNRyoaXbvLk1gvG3-A3DpvfzrWr77Xoi8xn1ieb_T3gIrsO_TweWYmntY6wCrHaaqdbikBSV0BpHx39pLIRQ",
          "e": "AQAB"
        },
        "attributes": {
          "enabled": true,
          "created": 1650639096,
          "updated": 1650639096,
          "recoveryLevel": "CustomizedRecoverable\u002BPurgeable",
          "recoverableDays": 7
        }
      }
    },
    {
      "RequestUri": "https://vaultname.vault.azure.net/deletedkeys/livekvtestkey2e542bd9?api-version=7.2",
      "RequestMethod": "GET",
      "RequestHeaders": {
        "Accept": "application/json",
        "Accept-Encoding": "gzip, deflate",
        "Connection": "keep-alive",
        "User-Agent": "azsdk-python-keyvault-keys/4.5.1 Python/3.9.9 (Windows-10-10.0.22000-SP0)"
      },
      "RequestBody": null,
      "StatusCode": 404,
      "ResponseHeaders": {
        "Cache-Control": "no-cache",
        "Content-Length": "89",
        "Content-Type": "application/json; charset=utf-8",
        "Date": "Fri, 22 Apr 2022 14:51:56 GMT",
        "Expires": "-1",
        "Pragma": "no-cache",
        "Strict-Transport-Security": "max-age=31536000;includeSubDomains",
        "X-Content-Type-Options": "nosniff",
        "x-ms-keyvault-network-info": "conn_type=Ipv4;addr=73.232.137.144;act_addr_fam=InterNetwork;",
        "x-ms-keyvault-rbac-assignment-id": "8f011949-ed39-5d00-b7ce-c76e5a8c4b2d",
        "x-ms-keyvault-rbac-cache": "ra_age=899;da_age=899;rd_age=899;brd_age=2881;ra_notif_age=1766;dec_lev=1;",
        "x-ms-keyvault-region": "westus2",
        "x-ms-keyvault-service-version": "1.9.358.1"
      },
      "ResponseBody": {
        "error": {
          "code": "KeyNotFound",
          "message": "Deleted Key not found: livekvtestkey2e542bd9"
        }
      }
    },
    {
      "RequestUri": "https://vaultname.vault.azure.net/deletedkeys/livekvtestkey2e542bd9?api-version=7.2",
      "RequestMethod": "GET",
      "RequestHeaders": {
        "Accept": "application/json",
        "Accept-Encoding": "gzip, deflate",
        "Connection": "keep-alive",
        "User-Agent": "azsdk-python-keyvault-keys/4.5.1 Python/3.9.9 (Windows-10-10.0.22000-SP0)"
      },
      "RequestBody": null,
      "StatusCode": 404,
      "ResponseHeaders": {
        "Cache-Control": "no-cache",
        "Content-Length": "89",
        "Content-Type": "application/json; charset=utf-8",
        "Date": "Fri, 22 Apr 2022 14:51:58 GMT",
        "Expires": "-1",
        "Pragma": "no-cache",
        "Strict-Transport-Security": "max-age=31536000;includeSubDomains",
        "X-Content-Type-Options": "nosniff",
        "x-ms-keyvault-network-info": "conn_type=Ipv4;addr=73.232.137.144;act_addr_fam=InterNetwork;",
        "x-ms-keyvault-rbac-assignment-id": "8f011949-ed39-5d00-b7ce-c76e5a8c4b2d",
        "x-ms-keyvault-rbac-cache": "ra_age=901;da_age=901;rd_age=901;brd_age=2883;ra_notif_age=1768;dec_lev=0;",
        "x-ms-keyvault-region": "westus2",
        "x-ms-keyvault-service-version": "1.9.358.1"
      },
      "ResponseBody": {
        "error": {
          "code": "KeyNotFound",
          "message": "Deleted Key not found: livekvtestkey2e542bd9"
        }
      }
    },
    {
      "RequestUri": "https://vaultname.vault.azure.net/deletedkeys/livekvtestkey2e542bd9?api-version=7.2",
      "RequestMethod": "GET",
      "RequestHeaders": {
        "Accept": "application/json",
        "Accept-Encoding": "gzip, deflate",
        "Connection": "keep-alive",
        "User-Agent": "azsdk-python-keyvault-keys/4.5.1 Python/3.9.9 (Windows-10-10.0.22000-SP0)"
      },
      "RequestBody": null,
      "StatusCode": 404,
      "ResponseHeaders": {
        "Cache-Control": "no-cache",
        "Content-Length": "89",
        "Content-Type": "application/json; charset=utf-8",
        "Date": "Fri, 22 Apr 2022 14:52:00 GMT",
        "Expires": "-1",
        "Pragma": "no-cache",
        "Strict-Transport-Security": "max-age=31536000;includeSubDomains",
        "X-Content-Type-Options": "nosniff",
        "x-ms-keyvault-network-info": "conn_type=Ipv4;addr=73.232.137.144;act_addr_fam=InterNetwork;",
        "x-ms-keyvault-rbac-assignment-id": "8f011949-ed39-5d00-b7ce-c76e5a8c4b2d",
        "x-ms-keyvault-rbac-cache": "ra_age=903;da_age=903;rd_age=903;brd_age=2885;ra_notif_age=1770;dec_lev=0;",
        "x-ms-keyvault-region": "westus2",
        "x-ms-keyvault-service-version": "1.9.358.1"
      },
      "ResponseBody": {
        "error": {
          "code": "KeyNotFound",
          "message": "Deleted Key not found: livekvtestkey2e542bd9"
        }
      }
    },
    {
      "RequestUri": "https://vaultname.vault.azure.net/deletedkeys/livekvtestkey2e542bd9?api-version=7.2",
      "RequestMethod": "GET",
      "RequestHeaders": {
        "Accept": "application/json",
        "Accept-Encoding": "gzip, deflate",
        "Connection": "keep-alive",
        "User-Agent": "azsdk-python-keyvault-keys/4.5.1 Python/3.9.9 (Windows-10-10.0.22000-SP0)"
      },
      "RequestBody": null,
      "StatusCode": 404,
      "ResponseHeaders": {
        "Cache-Control": "no-cache",
        "Content-Length": "89",
        "Content-Type": "application/json; charset=utf-8",
        "Date": "Fri, 22 Apr 2022 14:52:02 GMT",
        "Expires": "-1",
        "Pragma": "no-cache",
        "Strict-Transport-Security": "max-age=31536000;includeSubDomains",
        "X-Content-Type-Options": "nosniff",
        "x-ms-keyvault-network-info": "conn_type=Ipv4;addr=73.232.137.144;act_addr_fam=InterNetwork;",
        "x-ms-keyvault-rbac-assignment-id": "8f011949-ed39-5d00-b7ce-c76e5a8c4b2d",
        "x-ms-keyvault-rbac-cache": "ra_age=905;da_age=905;rd_age=905;brd_age=2887;ra_notif_age=1772;dec_lev=0;",
        "x-ms-keyvault-region": "westus2",
        "x-ms-keyvault-service-version": "1.9.358.1"
      },
      "ResponseBody": {
        "error": {
          "code": "KeyNotFound",
          "message": "Deleted Key not found: livekvtestkey2e542bd9"
        }
      }
    },
    {
      "RequestUri": "https://vaultname.vault.azure.net/deletedkeys/livekvtestkey2e542bd9?api-version=7.2",
      "RequestMethod": "GET",
      "RequestHeaders": {
        "Accept": "application/json",
        "Accept-Encoding": "gzip, deflate",
        "Connection": "keep-alive",
        "User-Agent": "azsdk-python-keyvault-keys/4.5.1 Python/3.9.9 (Windows-10-10.0.22000-SP0)"
      },
      "RequestBody": null,
      "StatusCode": 200,
      "ResponseHeaders": {
        "Cache-Control": "no-cache",
        "Content-Length": "835",
        "Content-Type": "application/json; charset=utf-8",
        "Date": "Fri, 22 Apr 2022 14:52:04 GMT",
        "Expires": "-1",
        "Pragma": "no-cache",
        "Strict-Transport-Security": "max-age=31536000;includeSubDomains",
        "X-Content-Type-Options": "nosniff",
        "x-ms-keyvault-network-info": "conn_type=Ipv4;addr=73.232.137.144;act_addr_fam=InterNetwork;",
        "x-ms-keyvault-rbac-assignment-id": "8f011949-ed39-5d00-b7ce-c76e5a8c4b2d",
        "x-ms-keyvault-rbac-cache": "ra_age=907;da_age=907;rd_age=907;brd_age=2889;ra_notif_age=1774;dec_lev=0;",
        "x-ms-keyvault-region": "westus2",
        "x-ms-keyvault-service-version": "1.9.358.1"
      },
      "ResponseBody": {
        "recoveryId": "https://vaultname.vault.azure.net/deletedkeys/livekvtestkey2e542bd9",
        "deletedDate": 1650639116,
        "scheduledPurgeDate": 1651243916,
        "key": {
          "kid": "https://vaultname.vault.azure.net/keys/livekvtestkey2e542bd9/c5bba21b437c44fbb6ddf4c57dca42a3",
          "kty": "RSA",
          "key_ops": [
            "encrypt",
            "decrypt",
            "sign",
            "verify",
            "wrapKey",
            "unwrapKey"
          ],
          "n": "vUpMzXcIxTVvOZXAgugi2DLmSS96ygMQsZvBsatg-aFHYov9j9lCDNJ_If_BS_osSUaXivVcjKOXYesfnRZi4kQkbnQzGvlA5Wx5KzFLu55Tyjz393HX_rECrzTsuxT2pQt18fD4BsY-BeIsnRUm1SvTIe1KIJ0rlwUDX6K-958BMYTiMPrbFfFMfPvXfeUe6orZ45QULxYChH1OgB22m7ckOwSa5PtVOJe_6gpecg1kRprnc6rDYdGZ_TCuuAUTm_vNRyoaXbvLk1gvG3-A3DpvfzrWr77Xoi8xn1ieb_T3gIrsO_TweWYmntY6wCrHaaqdbikBSV0BpHx39pLIRQ",
          "e": "AQAB"
        },
        "attributes": {
          "enabled": true,
          "created": 1650639096,
          "updated": 1650639096,
          "recoveryLevel": "CustomizedRecoverable\u002BPurgeable",
          "recoverableDays": 7
        }
      }
    },
    {
      "RequestUri": "https://vaultname.vault.azure.net/keys/livekvtestkey3e542bd9?api-version=7.2",
      "RequestMethod": "DELETE",
      "RequestHeaders": {
        "Accept": "application/json",
        "Accept-Encoding": "gzip, deflate",
        "Connection": "keep-alive",
        "Content-Length": "0",
        "User-Agent": "azsdk-python-keyvault-keys/4.5.1 Python/3.9.9 (Windows-10-10.0.22000-SP0)"
      },
      "RequestBody": null,
      "StatusCode": 200,
      "ResponseHeaders": {
        "Cache-Control": "no-cache",
        "Content-Length": "835",
        "Content-Type": "application/json; charset=utf-8",
        "Date": "Fri, 22 Apr 2022 14:52:04 GMT",
        "Expires": "-1",
        "Pragma": "no-cache",
        "Strict-Transport-Security": "max-age=31536000;includeSubDomains",
        "X-Content-Type-Options": "nosniff",
        "x-ms-keyvault-network-info": "conn_type=Ipv4;addr=73.232.137.144;act_addr_fam=InterNetwork;",
        "x-ms-keyvault-rbac-assignment-id": "8f011949-ed39-5d00-b7ce-c76e5a8c4b2d",
        "x-ms-keyvault-rbac-cache": "ra_age=907;da_age=907;rd_age=907;brd_age=2889;ra_notif_age=1775;dec_lev=1;",
        "x-ms-keyvault-region": "westus2",
        "x-ms-keyvault-service-version": "1.9.358.1"
      },
      "ResponseBody": {
        "recoveryId": "https://vaultname.vault.azure.net/deletedkeys/livekvtestkey3e542bd9",
        "deletedDate": 1650639125,
        "scheduledPurgeDate": 1651243925,
        "key": {
          "kid": "https://vaultname.vault.azure.net/keys/livekvtestkey3e542bd9/7ae9ed070c7f48608ff8a9d118cf7ff5",
          "kty": "RSA",
          "key_ops": [
            "encrypt",
            "decrypt",
            "sign",
            "verify",
            "wrapKey",
            "unwrapKey"
          ],
          "n": "oImGe4tgZ8dr9XSn7hOUvyvQs2jUgmK0xBys4ZDQlgNvjNvIUeok47OhTuXDo6_WU7LToMtDFP4vWStyp9Zw64ELdHqNapyd4LDRhyD5zKKYZaXA9jGNrgsBMYI78IKrlpNNeLsAHibXBodiacBiSUsDyKQOuw_mU7OOZYwxssWaUDuQHoEYCknfNtxMXK0EQqLwB-SgORCIFeEq1-XIlRDHoytSCXUTeIEiDh7cB812yaBZd9klVukZV42HpZkEUae7ky_4JGVNjyLJmjV3rnK01U9hknC4d5J_Qac2ljx-PpgnosAvWbqQheedOtAT4mteLa121FL4Nh47sWyjuQ",
          "e": "AQAB"
        },
        "attributes": {
          "enabled": true,
          "created": 1650639098,
          "updated": 1650639098,
          "recoveryLevel": "CustomizedRecoverable\u002BPurgeable",
          "recoverableDays": 7
        }
      }
    },
    {
      "RequestUri": "https://vaultname.vault.azure.net/deletedkeys/livekvtestkey3e542bd9?api-version=7.2",
      "RequestMethod": "GET",
      "RequestHeaders": {
        "Accept": "application/json",
        "Accept-Encoding": "gzip, deflate",
        "Connection": "keep-alive",
        "User-Agent": "azsdk-python-keyvault-keys/4.5.1 Python/3.9.9 (Windows-10-10.0.22000-SP0)"
      },
      "RequestBody": null,
      "StatusCode": 404,
      "ResponseHeaders": {
        "Cache-Control": "no-cache",
        "Content-Length": "89",
        "Content-Type": "application/json; charset=utf-8",
        "Date": "Fri, 22 Apr 2022 14:52:04 GMT",
        "Expires": "-1",
        "Pragma": "no-cache",
        "Strict-Transport-Security": "max-age=31536000;includeSubDomains",
        "X-Content-Type-Options": "nosniff",
        "x-ms-keyvault-network-info": "conn_type=Ipv4;addr=73.232.137.144;act_addr_fam=InterNetwork;",
        "x-ms-keyvault-rbac-assignment-id": "8f011949-ed39-5d00-b7ce-c76e5a8c4b2d",
        "x-ms-keyvault-rbac-cache": "ra_age=907;da_age=907;rd_age=907;brd_age=2889;ra_notif_age=1775;dec_lev=1;",
        "x-ms-keyvault-region": "westus2",
        "x-ms-keyvault-service-version": "1.9.358.1"
      },
      "ResponseBody": {
        "error": {
          "code": "KeyNotFound",
          "message": "Deleted Key not found: livekvtestkey3e542bd9"
        }
      }
    },
    {
      "RequestUri": "https://vaultname.vault.azure.net/deletedkeys/livekvtestkey3e542bd9?api-version=7.2",
      "RequestMethod": "GET",
      "RequestHeaders": {
        "Accept": "application/json",
        "Accept-Encoding": "gzip, deflate",
        "Connection": "keep-alive",
        "User-Agent": "azsdk-python-keyvault-keys/4.5.1 Python/3.9.9 (Windows-10-10.0.22000-SP0)"
      },
      "RequestBody": null,
      "StatusCode": 404,
      "ResponseHeaders": {
        "Cache-Control": "no-cache",
        "Content-Length": "89",
        "Content-Type": "application/json; charset=utf-8",
        "Date": "Fri, 22 Apr 2022 14:52:06 GMT",
        "Expires": "-1",
        "Pragma": "no-cache",
        "Strict-Transport-Security": "max-age=31536000;includeSubDomains",
        "X-Content-Type-Options": "nosniff",
        "x-ms-keyvault-network-info": "conn_type=Ipv4;addr=73.232.137.144;act_addr_fam=InterNetwork;",
        "x-ms-keyvault-rbac-assignment-id": "8f011949-ed39-5d00-b7ce-c76e5a8c4b2d",
        "x-ms-keyvault-rbac-cache": "ra_age=909;da_age=909;rd_age=909;brd_age=2892;ra_notif_age=1777;dec_lev=0;",
        "x-ms-keyvault-region": "westus2",
        "x-ms-keyvault-service-version": "1.9.358.1"
      },
      "ResponseBody": {
        "error": {
          "code": "KeyNotFound",
          "message": "Deleted Key not found: livekvtestkey3e542bd9"
        }
      }
    },
    {
      "RequestUri": "https://vaultname.vault.azure.net/deletedkeys/livekvtestkey3e542bd9?api-version=7.2",
      "RequestMethod": "GET",
      "RequestHeaders": {
        "Accept": "application/json",
        "Accept-Encoding": "gzip, deflate",
        "Connection": "keep-alive",
        "User-Agent": "azsdk-python-keyvault-keys/4.5.1 Python/3.9.9 (Windows-10-10.0.22000-SP0)"
      },
      "RequestBody": null,
      "StatusCode": 200,
      "ResponseHeaders": {
        "Cache-Control": "no-cache",
        "Content-Length": "835",
        "Content-Type": "application/json; charset=utf-8",
        "Date": "Fri, 22 Apr 2022 14:52:08 GMT",
        "Expires": "-1",
        "Pragma": "no-cache",
        "Strict-Transport-Security": "max-age=31536000;includeSubDomains",
        "X-Content-Type-Options": "nosniff",
        "x-ms-keyvault-network-info": "conn_type=Ipv4;addr=73.232.137.144;act_addr_fam=InterNetwork;",
        "x-ms-keyvault-rbac-assignment-id": "8f011949-ed39-5d00-b7ce-c76e5a8c4b2d",
        "x-ms-keyvault-rbac-cache": "ra_age=912;da_age=912;rd_age=912;brd_age=2894;ra_notif_age=1779;dec_lev=0;",
        "x-ms-keyvault-region": "westus2",
        "x-ms-keyvault-service-version": "1.9.358.1"
      },
      "ResponseBody": {
        "recoveryId": "https://vaultname.vault.azure.net/deletedkeys/livekvtestkey3e542bd9",
        "deletedDate": 1650639125,
        "scheduledPurgeDate": 1651243925,
        "key": {
          "kid": "https://vaultname.vault.azure.net/keys/livekvtestkey3e542bd9/7ae9ed070c7f48608ff8a9d118cf7ff5",
          "kty": "RSA",
          "key_ops": [
            "encrypt",
            "decrypt",
            "sign",
            "verify",
            "wrapKey",
            "unwrapKey"
          ],
          "n": "oImGe4tgZ8dr9XSn7hOUvyvQs2jUgmK0xBys4ZDQlgNvjNvIUeok47OhTuXDo6_WU7LToMtDFP4vWStyp9Zw64ELdHqNapyd4LDRhyD5zKKYZaXA9jGNrgsBMYI78IKrlpNNeLsAHibXBodiacBiSUsDyKQOuw_mU7OOZYwxssWaUDuQHoEYCknfNtxMXK0EQqLwB-SgORCIFeEq1-XIlRDHoytSCXUTeIEiDh7cB812yaBZd9klVukZV42HpZkEUae7ky_4JGVNjyLJmjV3rnK01U9hknC4d5J_Qac2ljx-PpgnosAvWbqQheedOtAT4mteLa121FL4Nh47sWyjuQ",
          "e": "AQAB"
        },
        "attributes": {
          "enabled": true,
          "created": 1650639098,
          "updated": 1650639098,
          "recoveryLevel": "CustomizedRecoverable\u002BPurgeable",
          "recoverableDays": 7
        }
      }
    },
    {
      "RequestUri": "https://vaultname.vault.azure.net/keys/livekvtestkey4e542bd9?api-version=7.2",
      "RequestMethod": "DELETE",
      "RequestHeaders": {
        "Accept": "application/json",
        "Accept-Encoding": "gzip, deflate",
        "Connection": "keep-alive",
        "Content-Length": "0",
        "User-Agent": "azsdk-python-keyvault-keys/4.5.1 Python/3.9.9 (Windows-10-10.0.22000-SP0)"
      },
      "RequestBody": null,
      "StatusCode": 200,
      "ResponseHeaders": {
        "Cache-Control": "no-cache",
        "Content-Length": "835",
        "Content-Type": "application/json; charset=utf-8",
        "Date": "Fri, 22 Apr 2022 14:52:09 GMT",
        "Expires": "-1",
        "Pragma": "no-cache",
        "Strict-Transport-Security": "max-age=31536000;includeSubDomains",
        "X-Content-Type-Options": "nosniff",
        "x-ms-keyvault-network-info": "conn_type=Ipv4;addr=73.232.137.144;act_addr_fam=InterNetwork;",
        "x-ms-keyvault-rbac-assignment-id": "8f011949-ed39-5d00-b7ce-c76e5a8c4b2d",
        "x-ms-keyvault-rbac-cache": "ra_age=912;da_age=912;rd_age=912;brd_age=2894;ra_notif_age=1779;dec_lev=1;",
        "x-ms-keyvault-region": "westus2",
        "x-ms-keyvault-service-version": "1.9.358.1"
      },
      "ResponseBody": {
        "recoveryId": "https://vaultname.vault.azure.net/deletedkeys/livekvtestkey4e542bd9",
        "deletedDate": 1650639129,
        "scheduledPurgeDate": 1651243929,
        "key": {
          "kid": "https://vaultname.vault.azure.net/keys/livekvtestkey4e542bd9/f6a2fd6a18914382ba983e9ede6775df",
          "kty": "RSA",
          "key_ops": [
            "encrypt",
            "decrypt",
            "sign",
            "verify",
            "wrapKey",
            "unwrapKey"
          ],
          "n": "s6f32S58sWQLdAyYeFC62uF1RDx7QJ7Ml5l7OcHmUWCENQGbkXlcTLgu-lsMEgVaej43VQzOKG-2Ywos_zCg0Ajj0nXpdY6PePUBo66rhjSF0ZPrkVo1CAsdr2OrkNzeXf1s2r_RJ2B6pZ8CZDQQiu2iyvxskWhvVLGP0KdF8t-GdeuTF2gGnRINcDF6u4r7i9SSOyPWgngadlqp-oK04kl556NcxEeMcsA_Gr3TqOnL7fCAATna83uDDi-qX-AloKERNxDViCzhfIBI4Zj-L5kkXe0BN7Gi0lPMVVDSMxekKhx2DlNwhIZdPih_WipuzDb4xrE9ezCcw5H7PDhNnQ",
          "e": "AQAB"
        },
        "attributes": {
          "enabled": true,
          "created": 1650639100,
          "updated": 1650639100,
          "recoveryLevel": "CustomizedRecoverable\u002BPurgeable",
          "recoverableDays": 7
        }
      }
    },
    {
      "RequestUri": "https://vaultname.vault.azure.net/deletedkeys/livekvtestkey4e542bd9?api-version=7.2",
      "RequestMethod": "GET",
      "RequestHeaders": {
        "Accept": "application/json",
        "Accept-Encoding": "gzip, deflate",
        "Connection": "keep-alive",
        "User-Agent": "azsdk-python-keyvault-keys/4.5.1 Python/3.9.9 (Windows-10-10.0.22000-SP0)"
      },
      "RequestBody": null,
      "StatusCode": 404,
      "ResponseHeaders": {
        "Cache-Control": "no-cache",
        "Content-Length": "89",
        "Content-Type": "application/json; charset=utf-8",
        "Date": "Fri, 22 Apr 2022 14:52:09 GMT",
        "Expires": "-1",
        "Pragma": "no-cache",
        "Strict-Transport-Security": "max-age=31536000;includeSubDomains",
        "X-Content-Type-Options": "nosniff",
        "x-ms-keyvault-network-info": "conn_type=Ipv4;addr=73.232.137.144;act_addr_fam=InterNetwork;",
        "x-ms-keyvault-rbac-assignment-id": "8f011949-ed39-5d00-b7ce-c76e5a8c4b2d",
        "x-ms-keyvault-rbac-cache": "ra_age=912;da_age=912;rd_age=912;brd_age=2894;ra_notif_age=1779;dec_lev=1;",
        "x-ms-keyvault-region": "westus2",
        "x-ms-keyvault-service-version": "1.9.358.1"
      },
      "ResponseBody": {
        "error": {
          "code": "KeyNotFound",
          "message": "Deleted Key not found: livekvtestkey4e542bd9"
        }
      }
    },
    {
      "RequestUri": "https://vaultname.vault.azure.net/deletedkeys/livekvtestkey4e542bd9?api-version=7.2",
      "RequestMethod": "GET",
      "RequestHeaders": {
        "Accept": "application/json",
        "Accept-Encoding": "gzip, deflate",
        "Connection": "keep-alive",
        "User-Agent": "azsdk-python-keyvault-keys/4.5.1 Python/3.9.9 (Windows-10-10.0.22000-SP0)"
      },
      "RequestBody": null,
      "StatusCode": 200,
      "ResponseHeaders": {
        "Cache-Control": "no-cache",
        "Content-Length": "835",
        "Content-Type": "application/json; charset=utf-8",
        "Date": "Fri, 22 Apr 2022 14:52:11 GMT",
        "Expires": "-1",
        "Pragma": "no-cache",
        "Strict-Transport-Security": "max-age=31536000;includeSubDomains",
        "X-Content-Type-Options": "nosniff",
        "x-ms-keyvault-network-info": "conn_type=Ipv4;addr=73.232.137.144;act_addr_fam=InterNetwork;",
        "x-ms-keyvault-rbac-assignment-id": "8f011949-ed39-5d00-b7ce-c76e5a8c4b2d",
        "x-ms-keyvault-rbac-cache": "ra_age=914;da_age=914;rd_age=914;brd_age=2896;ra_notif_age=1781;dec_lev=0;",
        "x-ms-keyvault-region": "westus2",
        "x-ms-keyvault-service-version": "1.9.358.1"
      },
      "ResponseBody": {
        "recoveryId": "https://vaultname.vault.azure.net/deletedkeys/livekvtestkey4e542bd9",
        "deletedDate": 1650639129,
        "scheduledPurgeDate": 1651243929,
        "key": {
          "kid": "https://vaultname.vault.azure.net/keys/livekvtestkey4e542bd9/f6a2fd6a18914382ba983e9ede6775df",
          "kty": "RSA",
          "key_ops": [
            "encrypt",
            "decrypt",
            "sign",
            "verify",
            "wrapKey",
            "unwrapKey"
          ],
          "n": "s6f32S58sWQLdAyYeFC62uF1RDx7QJ7Ml5l7OcHmUWCENQGbkXlcTLgu-lsMEgVaej43VQzOKG-2Ywos_zCg0Ajj0nXpdY6PePUBo66rhjSF0ZPrkVo1CAsdr2OrkNzeXf1s2r_RJ2B6pZ8CZDQQiu2iyvxskWhvVLGP0KdF8t-GdeuTF2gGnRINcDF6u4r7i9SSOyPWgngadlqp-oK04kl556NcxEeMcsA_Gr3TqOnL7fCAATna83uDDi-qX-AloKERNxDViCzhfIBI4Zj-L5kkXe0BN7Gi0lPMVVDSMxekKhx2DlNwhIZdPih_WipuzDb4xrE9ezCcw5H7PDhNnQ",
          "e": "AQAB"
        },
        "attributes": {
          "enabled": true,
          "created": 1650639100,
          "updated": 1650639100,
          "recoveryLevel": "CustomizedRecoverable\u002BPurgeable",
          "recoverableDays": 7
        }
      }
    },
    {
      "RequestUri": "https://vaultname.vault.azure.net/keys/livekvtestkey5e542bd9?api-version=7.2",
      "RequestMethod": "DELETE",
      "RequestHeaders": {
        "Accept": "application/json",
        "Accept-Encoding": "gzip, deflate",
        "Connection": "keep-alive",
        "Content-Length": "0",
        "User-Agent": "azsdk-python-keyvault-keys/4.5.1 Python/3.9.9 (Windows-10-10.0.22000-SP0)"
      },
      "RequestBody": null,
      "StatusCode": 200,
      "ResponseHeaders": {
        "Cache-Control": "no-cache",
        "Content-Length": "835",
        "Content-Type": "application/json; charset=utf-8",
        "Date": "Fri, 22 Apr 2022 14:52:11 GMT",
        "Expires": "-1",
        "Pragma": "no-cache",
        "Strict-Transport-Security": "max-age=31536000;includeSubDomains",
        "X-Content-Type-Options": "nosniff",
        "x-ms-keyvault-network-info": "conn_type=Ipv4;addr=73.232.137.144;act_addr_fam=InterNetwork;",
        "x-ms-keyvault-rbac-assignment-id": "8f011949-ed39-5d00-b7ce-c76e5a8c4b2d",
        "x-ms-keyvault-rbac-cache": "ra_age=914;da_age=914;rd_age=914;brd_age=2896;ra_notif_age=1781;dec_lev=1;",
        "x-ms-keyvault-region": "westus2",
        "x-ms-keyvault-service-version": "1.9.358.1"
      },
      "ResponseBody": {
        "recoveryId": "https://vaultname.vault.azure.net/deletedkeys/livekvtestkey5e542bd9",
        "deletedDate": 1650639132,
        "scheduledPurgeDate": 1651243932,
        "key": {
          "kid": "https://vaultname.vault.azure.net/keys/livekvtestkey5e542bd9/a38734f8b45244eebdf241664b383056",
          "kty": "RSA",
          "key_ops": [
            "encrypt",
            "decrypt",
            "sign",
            "verify",
            "wrapKey",
            "unwrapKey"
          ],
          "n": "0MS2yF8MJ_J1z7gNQjZJINF-q6DEt5ah_YQgaEhefBTYjfgB1Kk7tAdbfX1WoSXvLVU8fM0zb2tB1eAxNYK4CurN9F5iHpzzUpaLwCYlsIN6S-DZswTORUK-mJO420NS5W8B0P6atKe8IlTK2ej-6Xvv2YZtIiLlhZd_3rCV3CCnoKbAFKgHphkOTutv4f8Xg1ISE6hKPcdlb2T5xwaG5Px0wpQayw8TipeBQWIBVUQSn3FbAdImvJltSNBhPhVI5nEmIT3Dv5eip-_FTPOKq1pq5NToG7rw6Gd0phajeJOXBHaPN-s6bLxszbcx_gOq-U2Az1zsUMJBsulFhC1FUQ",
          "e": "AQAB"
        },
        "attributes": {
          "enabled": true,
          "created": 1650639103,
          "updated": 1650639103,
          "recoveryLevel": "CustomizedRecoverable\u002BPurgeable",
          "recoverableDays": 7
        }
      }
    },
    {
      "RequestUri": "https://vaultname.vault.azure.net/deletedkeys/livekvtestkey5e542bd9?api-version=7.2",
      "RequestMethod": "GET",
      "RequestHeaders": {
        "Accept": "application/json",
        "Accept-Encoding": "gzip, deflate",
        "Connection": "keep-alive",
        "User-Agent": "azsdk-python-keyvault-keys/4.5.1 Python/3.9.9 (Windows-10-10.0.22000-SP0)"
      },
      "RequestBody": null,
      "StatusCode": 404,
      "ResponseHeaders": {
        "Cache-Control": "no-cache",
        "Content-Length": "89",
        "Content-Type": "application/json; charset=utf-8",
        "Date": "Fri, 22 Apr 2022 14:52:11 GMT",
        "Expires": "-1",
        "Pragma": "no-cache",
        "Strict-Transport-Security": "max-age=31536000;includeSubDomains",
        "X-Content-Type-Options": "nosniff",
        "x-ms-keyvault-network-info": "conn_type=Ipv4;addr=73.232.137.144;act_addr_fam=InterNetwork;",
        "x-ms-keyvault-rbac-assignment-id": "8f011949-ed39-5d00-b7ce-c76e5a8c4b2d",
        "x-ms-keyvault-rbac-cache": "ra_age=914;da_age=914;rd_age=914;brd_age=2896;ra_notif_age=1782;dec_lev=1;",
        "x-ms-keyvault-region": "westus2",
        "x-ms-keyvault-service-version": "1.9.358.1"
      },
      "ResponseBody": {
        "error": {
          "code": "KeyNotFound",
          "message": "Deleted Key not found: livekvtestkey5e542bd9"
        }
      }
    },
    {
      "RequestUri": "https://vaultname.vault.azure.net/deletedkeys/livekvtestkey5e542bd9?api-version=7.2",
      "RequestMethod": "GET",
      "RequestHeaders": {
        "Accept": "application/json",
        "Accept-Encoding": "gzip, deflate",
        "Connection": "keep-alive",
        "User-Agent": "azsdk-python-keyvault-keys/4.5.1 Python/3.9.9 (Windows-10-10.0.22000-SP0)"
      },
      "RequestBody": null,
      "StatusCode": 404,
      "ResponseHeaders": {
        "Cache-Control": "no-cache",
        "Content-Length": "89",
        "Content-Type": "application/json; charset=utf-8",
        "Date": "Fri, 22 Apr 2022 14:52:13 GMT",
        "Expires": "-1",
        "Pragma": "no-cache",
        "Strict-Transport-Security": "max-age=31536000;includeSubDomains",
        "X-Content-Type-Options": "nosniff",
        "x-ms-keyvault-network-info": "conn_type=Ipv4;addr=73.232.137.144;act_addr_fam=InterNetwork;",
        "x-ms-keyvault-rbac-assignment-id": "8f011949-ed39-5d00-b7ce-c76e5a8c4b2d",
        "x-ms-keyvault-rbac-cache": "ra_age=916;da_age=916;rd_age=916;brd_age=2898;ra_notif_age=1784;dec_lev=0;",
        "x-ms-keyvault-region": "westus2",
        "x-ms-keyvault-service-version": "1.9.358.1"
      },
      "ResponseBody": {
        "error": {
          "code": "KeyNotFound",
          "message": "Deleted Key not found: livekvtestkey5e542bd9"
        }
      }
    },
    {
      "RequestUri": "https://vaultname.vault.azure.net/deletedkeys/livekvtestkey5e542bd9?api-version=7.2",
      "RequestMethod": "GET",
      "RequestHeaders": {
        "Accept": "application/json",
        "Accept-Encoding": "gzip, deflate",
        "Connection": "keep-alive",
        "User-Agent": "azsdk-python-keyvault-keys/4.5.1 Python/3.9.9 (Windows-10-10.0.22000-SP0)"
      },
      "RequestBody": null,
      "StatusCode": 200,
      "ResponseHeaders": {
        "Cache-Control": "no-cache",
        "Content-Length": "835",
        "Content-Type": "application/json; charset=utf-8",
        "Date": "Fri, 22 Apr 2022 14:52:15 GMT",
        "Expires": "-1",
        "Pragma": "no-cache",
        "Strict-Transport-Security": "max-age=31536000;includeSubDomains",
        "X-Content-Type-Options": "nosniff",
        "x-ms-keyvault-network-info": "conn_type=Ipv4;addr=73.232.137.144;act_addr_fam=InterNetwork;",
        "x-ms-keyvault-rbac-assignment-id": "8f011949-ed39-5d00-b7ce-c76e5a8c4b2d",
        "x-ms-keyvault-rbac-cache": "ra_age=918;da_age=918;rd_age=918;brd_age=2900;ra_notif_age=1786;dec_lev=0;",
        "x-ms-keyvault-region": "westus2",
        "x-ms-keyvault-service-version": "1.9.358.1"
      },
      "ResponseBody": {
        "recoveryId": "https://vaultname.vault.azure.net/deletedkeys/livekvtestkey5e542bd9",
        "deletedDate": 1650639132,
        "scheduledPurgeDate": 1651243932,
        "key": {
          "kid": "https://vaultname.vault.azure.net/keys/livekvtestkey5e542bd9/a38734f8b45244eebdf241664b383056",
          "kty": "RSA",
          "key_ops": [
            "encrypt",
            "decrypt",
            "sign",
            "verify",
            "wrapKey",
            "unwrapKey"
          ],
          "n": "0MS2yF8MJ_J1z7gNQjZJINF-q6DEt5ah_YQgaEhefBTYjfgB1Kk7tAdbfX1WoSXvLVU8fM0zb2tB1eAxNYK4CurN9F5iHpzzUpaLwCYlsIN6S-DZswTORUK-mJO420NS5W8B0P6atKe8IlTK2ej-6Xvv2YZtIiLlhZd_3rCV3CCnoKbAFKgHphkOTutv4f8Xg1ISE6hKPcdlb2T5xwaG5Px0wpQayw8TipeBQWIBVUQSn3FbAdImvJltSNBhPhVI5nEmIT3Dv5eip-_FTPOKq1pq5NToG7rw6Gd0phajeJOXBHaPN-s6bLxszbcx_gOq-U2Az1zsUMJBsulFhC1FUQ",
          "e": "AQAB"
        },
        "attributes": {
          "enabled": true,
          "created": 1650639103,
          "updated": 1650639103,
          "recoveryLevel": "CustomizedRecoverable\u002BPurgeable",
          "recoverableDays": 7
        }
      }
    },
    {
      "RequestUri": "https://vaultname.vault.azure.net/keys/livekvtestkey6e542bd9?api-version=7.2",
      "RequestMethod": "DELETE",
      "RequestHeaders": {
        "Accept": "application/json",
        "Accept-Encoding": "gzip, deflate",
        "Connection": "keep-alive",
        "Content-Length": "0",
        "User-Agent": "azsdk-python-keyvault-keys/4.5.1 Python/3.9.9 (Windows-10-10.0.22000-SP0)"
      },
      "RequestBody": null,
      "StatusCode": 200,
      "ResponseHeaders": {
        "Cache-Control": "no-cache",
        "Content-Length": "835",
        "Content-Type": "application/json; charset=utf-8",
        "Date": "Fri, 22 Apr 2022 14:52:15 GMT",
        "Expires": "-1",
        "Pragma": "no-cache",
        "Strict-Transport-Security": "max-age=31536000;includeSubDomains",
        "X-Content-Type-Options": "nosniff",
        "x-ms-keyvault-network-info": "conn_type=Ipv4;addr=73.232.137.144;act_addr_fam=InterNetwork;",
        "x-ms-keyvault-rbac-assignment-id": "8f011949-ed39-5d00-b7ce-c76e5a8c4b2d",
        "x-ms-keyvault-rbac-cache": "ra_age=918;da_age=918;rd_age=918;brd_age=2901;ra_notif_age=1786;dec_lev=1;",
        "x-ms-keyvault-region": "westus2",
        "x-ms-keyvault-service-version": "1.9.358.1"
      },
      "ResponseBody": {
        "recoveryId": "https://vaultname.vault.azure.net/deletedkeys/livekvtestkey6e542bd9",
        "deletedDate": 1650639136,
        "scheduledPurgeDate": 1651243936,
        "key": {
          "kid": "https://vaultname.vault.azure.net/keys/livekvtestkey6e542bd9/000b1994797249fd970d3988ed1befb7",
          "kty": "RSA",
          "key_ops": [
            "encrypt",
            "decrypt",
            "sign",
            "verify",
            "wrapKey",
            "unwrapKey"
          ],
          "n": "lb3c2fP5X8ixBYDo8pcVwLqfcoWBnCiRF-YR-KPOZ20v_naOr6rk_4gYK5Eb969J7fx8OXkxOl7GaxVHrLmU10YeqBctte5nLDHfA8tRvvwa5bMUGmcBrITrTSD5YUwKBBiKoi-b2cS1TxfH95hWAyFzr0P9Bd573nqUKFSLP6fv-3CppO9zjlIeGm4zOZAAYETT6yDvyQWgzcbu2BXptxktDgY5id8U2M8-9fbO9_nx7aW7sZR6cirmntnvA4XQlzpog4VdDma9YM9h2zzcv2fSfmE3PTHTaVlk9k6mkTzLQ-YSAQD63h1t91mr9C90OHJOYov6eOIEnrSHZwdZOQ",
          "e": "AQAB"
        },
        "attributes": {
          "enabled": true,
          "created": 1650639105,
          "updated": 1650639105,
          "recoveryLevel": "CustomizedRecoverable\u002BPurgeable",
          "recoverableDays": 7
        }
      }
    },
    {
      "RequestUri": "https://vaultname.vault.azure.net/deletedkeys/livekvtestkey6e542bd9?api-version=7.2",
      "RequestMethod": "GET",
      "RequestHeaders": {
        "Accept": "application/json",
        "Accept-Encoding": "gzip, deflate",
        "Connection": "keep-alive",
        "User-Agent": "azsdk-python-keyvault-keys/4.5.1 Python/3.9.9 (Windows-10-10.0.22000-SP0)"
      },
      "RequestBody": null,
      "StatusCode": 404,
      "ResponseHeaders": {
        "Cache-Control": "no-cache",
        "Content-Length": "89",
        "Content-Type": "application/json; charset=utf-8",
        "Date": "Fri, 22 Apr 2022 14:52:15 GMT",
        "Expires": "-1",
        "Pragma": "no-cache",
        "Strict-Transport-Security": "max-age=31536000;includeSubDomains",
        "X-Content-Type-Options": "nosniff",
        "x-ms-keyvault-network-info": "conn_type=Ipv4;addr=73.232.137.144;act_addr_fam=InterNetwork;",
        "x-ms-keyvault-rbac-assignment-id": "8f011949-ed39-5d00-b7ce-c76e5a8c4b2d",
        "x-ms-keyvault-rbac-cache": "ra_age=919;da_age=919;rd_age=919;brd_age=2901;ra_notif_age=1786;dec_lev=1;",
        "x-ms-keyvault-region": "westus2",
        "x-ms-keyvault-service-version": "1.9.358.1"
      },
      "ResponseBody": {
        "error": {
          "code": "KeyNotFound",
          "message": "Deleted Key not found: livekvtestkey6e542bd9"
        }
      }
    },
    {
      "RequestUri": "https://vaultname.vault.azure.net/deletedkeys/livekvtestkey6e542bd9?api-version=7.2",
      "RequestMethod": "GET",
      "RequestHeaders": {
        "Accept": "application/json",
        "Accept-Encoding": "gzip, deflate",
        "Connection": "keep-alive",
        "User-Agent": "azsdk-python-keyvault-keys/4.5.1 Python/3.9.9 (Windows-10-10.0.22000-SP0)"
      },
      "RequestBody": null,
      "StatusCode": 404,
      "ResponseHeaders": {
        "Cache-Control": "no-cache",
        "Content-Length": "89",
        "Content-Type": "application/json; charset=utf-8",
        "Date": "Fri, 22 Apr 2022 14:52:17 GMT",
        "Expires": "-1",
        "Pragma": "no-cache",
        "Strict-Transport-Security": "max-age=31536000;includeSubDomains",
        "X-Content-Type-Options": "nosniff",
        "x-ms-keyvault-network-info": "conn_type=Ipv4;addr=73.232.137.144;act_addr_fam=InterNetwork;",
        "x-ms-keyvault-rbac-assignment-id": "8f011949-ed39-5d00-b7ce-c76e5a8c4b2d",
        "x-ms-keyvault-rbac-cache": "ra_age=921;da_age=921;rd_age=921;brd_age=2903;ra_notif_age=1788;dec_lev=0;",
        "x-ms-keyvault-region": "westus2",
        "x-ms-keyvault-service-version": "1.9.358.1"
      },
      "ResponseBody": {
        "error": {
          "code": "KeyNotFound",
          "message": "Deleted Key not found: livekvtestkey6e542bd9"
        }
      }
    },
    {
      "RequestUri": "https://vaultname.vault.azure.net/deletedkeys/livekvtestkey6e542bd9?api-version=7.2",
      "RequestMethod": "GET",
      "RequestHeaders": {
        "Accept": "application/json",
        "Accept-Encoding": "gzip, deflate",
        "Connection": "keep-alive",
        "User-Agent": "azsdk-python-keyvault-keys/4.5.1 Python/3.9.9 (Windows-10-10.0.22000-SP0)"
      },
      "RequestBody": null,
      "StatusCode": 404,
      "ResponseHeaders": {
        "Cache-Control": "no-cache",
        "Content-Length": "89",
        "Content-Type": "application/json; charset=utf-8",
        "Date": "Fri, 22 Apr 2022 14:52:20 GMT",
        "Expires": "-1",
        "Pragma": "no-cache",
        "Strict-Transport-Security": "max-age=31536000;includeSubDomains",
        "X-Content-Type-Options": "nosniff",
        "x-ms-keyvault-network-info": "conn_type=Ipv4;addr=73.232.137.144;act_addr_fam=InterNetwork;",
        "x-ms-keyvault-rbac-assignment-id": "8f011949-ed39-5d00-b7ce-c76e5a8c4b2d",
        "x-ms-keyvault-rbac-cache": "ra_age=923;da_age=923;rd_age=923;brd_age=2905;ra_notif_age=1790;dec_lev=0;",
        "x-ms-keyvault-region": "westus2",
        "x-ms-keyvault-service-version": "1.9.358.1"
      },
      "ResponseBody": {
        "error": {
          "code": "KeyNotFound",
          "message": "Deleted Key not found: livekvtestkey6e542bd9"
        }
      }
    },
    {
      "RequestUri": "https://vaultname.vault.azure.net/deletedkeys/livekvtestkey6e542bd9?api-version=7.2",
      "RequestMethod": "GET",
      "RequestHeaders": {
        "Accept": "application/json",
        "Accept-Encoding": "gzip, deflate",
        "Connection": "keep-alive",
        "User-Agent": "azsdk-python-keyvault-keys/4.5.1 Python/3.9.9 (Windows-10-10.0.22000-SP0)"
      },
      "RequestBody": null,
      "StatusCode": 200,
      "ResponseHeaders": {
        "Cache-Control": "no-cache",
        "Content-Length": "835",
        "Content-Type": "application/json; charset=utf-8",
        "Date": "Fri, 22 Apr 2022 14:52:22 GMT",
        "Expires": "-1",
        "Pragma": "no-cache",
        "Strict-Transport-Security": "max-age=31536000;includeSubDomains",
        "X-Content-Type-Options": "nosniff",
        "x-ms-keyvault-network-info": "conn_type=Ipv4;addr=73.232.137.144;act_addr_fam=InterNetwork;",
        "x-ms-keyvault-rbac-assignment-id": "8f011949-ed39-5d00-b7ce-c76e5a8c4b2d",
        "x-ms-keyvault-rbac-cache": "ra_age=925;da_age=925;rd_age=925;brd_age=2907;ra_notif_age=1792;dec_lev=0;",
        "x-ms-keyvault-region": "westus2",
        "x-ms-keyvault-service-version": "1.9.358.1"
      },
      "ResponseBody": {
        "recoveryId": "https://vaultname.vault.azure.net/deletedkeys/livekvtestkey6e542bd9",
        "deletedDate": 1650639136,
        "scheduledPurgeDate": 1651243936,
        "key": {
          "kid": "https://vaultname.vault.azure.net/keys/livekvtestkey6e542bd9/000b1994797249fd970d3988ed1befb7",
          "kty": "RSA",
          "key_ops": [
            "encrypt",
            "decrypt",
            "sign",
            "verify",
            "wrapKey",
            "unwrapKey"
          ],
          "n": "lb3c2fP5X8ixBYDo8pcVwLqfcoWBnCiRF-YR-KPOZ20v_naOr6rk_4gYK5Eb969J7fx8OXkxOl7GaxVHrLmU10YeqBctte5nLDHfA8tRvvwa5bMUGmcBrITrTSD5YUwKBBiKoi-b2cS1TxfH95hWAyFzr0P9Bd573nqUKFSLP6fv-3CppO9zjlIeGm4zOZAAYETT6yDvyQWgzcbu2BXptxktDgY5id8U2M8-9fbO9_nx7aW7sZR6cirmntnvA4XQlzpog4VdDma9YM9h2zzcv2fSfmE3PTHTaVlk9k6mkTzLQ-YSAQD63h1t91mr9C90OHJOYov6eOIEnrSHZwdZOQ",
          "e": "AQAB"
        },
        "attributes": {
          "enabled": true,
          "created": 1650639105,
          "updated": 1650639105,
          "recoveryLevel": "CustomizedRecoverable\u002BPurgeable",
          "recoverableDays": 7
        }
      }
    },
    {
      "RequestUri": "https://vaultname.vault.azure.net/deletedkeys?api-version=7.2",
      "RequestMethod": "GET",
      "RequestHeaders": {
        "Accept": "application/json",
        "Accept-Encoding": "gzip, deflate",
        "Connection": "keep-alive",
        "User-Agent": "azsdk-python-keyvault-keys/4.5.1 Python/3.9.9 (Windows-10-10.0.22000-SP0)"
      },
      "RequestBody": null,
      "StatusCode": 200,
      "ResponseHeaders": {
        "Cache-Control": "no-cache",
        "Content-Length": "1607",
        "Content-Type": "application/json; charset=utf-8",
        "Date": "Fri, 22 Apr 2022 14:52:22 GMT",
        "Expires": "-1",
        "Pragma": "no-cache",
        "Strict-Transport-Security": "max-age=31536000;includeSubDomains",
        "X-Content-Type-Options": "nosniff",
        "x-ms-keyvault-network-info": "conn_type=Ipv4;addr=73.232.137.144;act_addr_fam=InterNetwork;",
        "x-ms-keyvault-rbac-assignment-id": "8f011949-ed39-5d00-b7ce-c76e5a8c4b2d",
        "x-ms-keyvault-rbac-cache": "ra_age=925;da_age=925;rd_age=925;brd_age=2907;ra_notif_age=1792;dec_lev=0;",
        "x-ms-keyvault-region": "westus2",
        "x-ms-keyvault-service-version": "1.9.358.1"
      },
      "ResponseBody": {
        "value": [
          {
            "recoveryId": "https://vaultname.vault.azure.net/deletedkeys/livekvtestcrud-rsa-key6c6b2cc3",
            "deletedDate": 1650638722,
            "scheduledPurgeDate": 1651243522,
            "kid": "https://vaultname.vault.azure.net/keys/livekvtestcrud-rsa-key6c6b2cc3",
            "attributes": {
              "enabled": true,
              "exp": 2524723200,
              "created": 1650638718,
              "updated": 1650638722,
              "recoveryLevel": "CustomizedRecoverable\u002BPurgeable",
              "recoverableDays": 7
            },
            "tags": {
              "foo": "updated tag"
            }
          },
          {
            "recoveryId": "https://vaultname.vault.azure.net/deletedkeys/livekvtestcrud-rsa-key6c7a2cc4",
            "deletedDate": 1650638707,
            "scheduledPurgeDate": 1651243507,
            "kid": "https://vaultname.vault.azure.net/keys/livekvtestcrud-rsa-key6c7a2cc4",
            "attributes": {
              "enabled": true,
              "exp": 2524723200,
              "created": 1650638703,
              "updated": 1650638706,
              "recoveryLevel": "CustomizedRecoverable\u002BPurgeable",
              "recoverableDays": 7
            },
            "tags": {
              "foo": "updated tag"
            }
          },
          {
            "recoveryId": "https://vaultname.vault.azure.net/deletedkeys/livekvtestcrud-rsa-key6c892cc5",
            "deletedDate": 1650638691,
            "scheduledPurgeDate": 1651243491,
            "kid": "https://vaultname.vault.azure.net/keys/livekvtestcrud-rsa-key6c892cc5",
            "attributes": {
              "enabled": true,
              "exp": 2524723200,
              "created": 1650638687,
              "updated": 1650638691,
              "recoveryLevel": "CustomizedRecoverable\u002BPurgeable",
              "recoverableDays": 7
            },
            "tags": {
              "foo": "updated tag"
            }
          }
        ],
        "nextLink": "https://vaultname.vault.azure.net:443/deletedkeys?api-version=7.2\u0026$skiptoken=eyJOZXh0TWFya2VyIjoiMiExNDghTURBd01EWTNJV3RsZVM5TVNWWkZTMVpVUlZOVVExSlZSQzFTVTBFdFMwVlpOa000T1RKRFF6VXZRVGt4UXpVd05FSTJRVGd5TkRjNVJVSkJSamRGTUVVME1rSkVORVk1UXpVaE1EQXdNREk0SVRrNU9Ua3RNVEl0TXpGVU1qTTZOVGs2TlRrdU9UazVPVGs1T1ZvaCIsIlRhcmdldExvY2F0aW9uIjowfQ"
      }
    },
    {
      "RequestUri": "https://vaultname.vault.azure.net/deletedkeys?api-version=7.2\u0026$skiptoken=eyJOZXh0TWFya2VyIjoiMiExNDghTURBd01EWTNJV3RsZVM5TVNWWkZTMVpVUlZOVVExSlZSQzFTVTBFdFMwVlpOa000T1RKRFF6VXZRVGt4UXpVd05FSTJRVGd5TkRjNVJVSkJSamRGTUVVME1rSkVORVk1UXpVaE1EQXdNREk0SVRrNU9Ua3RNVEl0TXpGVU1qTTZOVGs2TlRrdU9UazVPVGs1T1ZvaCIsIlRhcmdldExvY2F0aW9uIjowfQ",
      "RequestMethod": "GET",
      "RequestHeaders": {
        "Accept": "application/json",
        "Accept-Encoding": "gzip, deflate",
        "Connection": "keep-alive",
        "User-Agent": "azsdk-python-keyvault-keys/4.5.1 Python/3.9.9 (Windows-10-10.0.22000-SP0)"
      },
      "RequestBody": null,
      "StatusCode": 200,
      "ResponseHeaders": {
        "Cache-Control": "no-cache",
        "Content-Length": "1152",
        "Content-Type": "application/json; charset=utf-8",
        "Date": "Fri, 22 Apr 2022 14:52:22 GMT",
        "Expires": "-1",
        "Pragma": "no-cache",
        "Strict-Transport-Security": "max-age=31536000;includeSubDomains",
        "X-Content-Type-Options": "nosniff",
        "x-ms-keyvault-network-info": "conn_type=Ipv4;addr=73.232.137.144;act_addr_fam=InterNetwork;",
        "x-ms-keyvault-rbac-assignment-id": "8f011949-ed39-5d00-b7ce-c76e5a8c4b2d",
        "x-ms-keyvault-rbac-cache": "ra_age=925;da_age=925;rd_age=925;brd_age=2907;ra_notif_age=1793;dec_lev=0;",
        "x-ms-keyvault-region": "westus2",
        "x-ms-keyvault-service-version": "1.9.358.1"
      },
      "ResponseBody": {
        "value": [
          {
            "recoveryId": "https://vaultname.vault.azure.net/deletedkeys/livekvtestcrud-rsa-key6c982cc6",
            "deletedDate": 1650638674,
            "scheduledPurgeDate": 1651243474,
            "kid": "https://vaultname.vault.azure.net/keys/livekvtestcrud-rsa-key6c982cc6",
            "attributes": {
              "enabled": true,
              "exp": 2524723200,
              "created": 1650638670,
              "updated": 1650638673,
              "recoveryLevel": "CustomizedRecoverable\u002BPurgeable",
              "recoverableDays": 7
            },
            "tags": {
              "foo": "updated tag"
            }
          },
          {
            "recoveryId": "https://vaultname.vault.azure.net/deletedkeys/livekvtestcrud-rsa-key9ab92e13",
            "deletedDate": 1650638739,
            "scheduledPurgeDate": 1651243539,
            "kid": "https://vaultname.vault.azure.net/keys/livekvtestcrud-rsa-key9ab92e13",
            "attributes": {
              "enabled": true,
              "exp": 2524723200,
              "created": 1650638735,
              "updated": 1650638739,
              "recoveryLevel": "CustomizedRecoverable\u002BPurgeable",
              "recoverableDays": 7
            },
            "tags": {
              "foo": "updated tag"
            }
          }
        ],
        "nextLink": "https://vaultname.vault.azure.net:443/deletedkeys?api-version=7.2\u0026$skiptoken=eyJOZXh0TWFya2VyIjoiMiExMjAhTURBd01EUTJJV3RsZVM5TVNWWkZTMVpVUlZOVVExSlpVRlJQTFZSRlUxUXRWMUpCVUZCSlRrY3RTMFZaUlRFM09USkVSVEloTURBd01ESTRJVGs1T1RrdE1USXRNekZVTWpNNk5UazZOVGt1T1RrNU9UazVPVm9oIiwiVGFyZ2V0TG9jYXRpb24iOjB9"
      }
    },
    {
      "RequestUri": "https://vaultname.vault.azure.net/deletedkeys?api-version=7.2\u0026$skiptoken=eyJOZXh0TWFya2VyIjoiMiExMjAhTURBd01EUTJJV3RsZVM5TVNWWkZTMVpVUlZOVVExSlpVRlJQTFZSRlUxUXRWMUpCVUZCSlRrY3RTMFZaUlRFM09USkVSVEloTURBd01ESTRJVGs1T1RrdE1USXRNekZVTWpNNk5UazZOVGt1T1RrNU9UazVPVm9oIiwiVGFyZ2V0TG9jYXRpb24iOjB9",
      "RequestMethod": "GET",
      "RequestHeaders": {
        "Accept": "application/json",
        "Accept-Encoding": "gzip, deflate",
        "Connection": "keep-alive",
        "User-Agent": "azsdk-python-keyvault-keys/4.5.1 Python/3.9.9 (Windows-10-10.0.22000-SP0)"
      },
      "RequestBody": null,
      "StatusCode": 200,
      "ResponseHeaders": {
        "Cache-Control": "no-cache",
        "Content-Length": "362",
        "Content-Type": "application/json; charset=utf-8",
        "Date": "Fri, 22 Apr 2022 14:52:22 GMT",
        "Expires": "-1",
        "Pragma": "no-cache",
        "Strict-Transport-Security": "max-age=31536000;includeSubDomains",
        "X-Content-Type-Options": "nosniff",
        "x-ms-keyvault-network-info": "conn_type=Ipv4;addr=73.232.137.144;act_addr_fam=InterNetwork;",
        "x-ms-keyvault-rbac-assignment-id": "8f011949-ed39-5d00-b7ce-c76e5a8c4b2d",
        "x-ms-keyvault-rbac-cache": "ra_age=925;da_age=925;rd_age=925;brd_age=2907;ra_notif_age=1793;dec_lev=0;",
        "x-ms-keyvault-region": "westus2",
        "x-ms-keyvault-service-version": "1.9.358.1"
      },
      "ResponseBody": {
        "value": [],
        "nextLink": "https://vaultname.vault.azure.net:443/deletedkeys?api-version=7.2\u0026$skiptoken=eyJOZXh0TWFya2VyIjoiMiExNTIhTURBd01EY3dJV3RsZVM5TVNWWkZTMVpVUlZOVVJVTXRWa1ZTU1VaWkxWQXRNalUyUkRaRU5qSkVRVEl2UmpSRVFrSkRORE0xT0VReU5EVXlRamc1UWpZMU4wWTFNMEUxUmpJNVJETWhNREF3TURJNElUazVPVGt0TVRJdE16RlVNak02TlRrNk5Ua3VPVGs1T1RrNU9Wb2giLCJUYXJnZXRMb2NhdGlvbiI6MH0"
      }
    },
    {
      "RequestUri": "https://vaultname.vault.azure.net/deletedkeys?api-version=7.2\u0026$skiptoken=eyJOZXh0TWFya2VyIjoiMiExNTIhTURBd01EY3dJV3RsZVM5TVNWWkZTMVpVUlZOVVJVTXRWa1ZTU1VaWkxWQXRNalUyUkRaRU5qSkVRVEl2UmpSRVFrSkRORE0xT0VReU5EVXlRamc1UWpZMU4wWTFNMEUxUmpJNVJETWhNREF3TURJNElUazVPVGt0TVRJdE16RlVNak02TlRrNk5Ua3VPVGs1T1RrNU9Wb2giLCJUYXJnZXRMb2NhdGlvbiI6MH0",
      "RequestMethod": "GET",
      "RequestHeaders": {
        "Accept": "application/json",
        "Accept-Encoding": "gzip, deflate",
        "Connection": "keep-alive",
        "User-Agent": "azsdk-python-keyvault-keys/4.5.1 Python/3.9.9 (Windows-10-10.0.22000-SP0)"
      },
      "RequestBody": null,
      "StatusCode": 200,
      "ResponseHeaders": {
        "Cache-Control": "no-cache",
        "Content-Length": "303",
        "Content-Type": "application/json; charset=utf-8",
        "Date": "Fri, 22 Apr 2022 14:52:22 GMT",
        "Expires": "-1",
        "Pragma": "no-cache",
        "Strict-Transport-Security": "max-age=31536000;includeSubDomains",
        "X-Content-Type-Options": "nosniff",
        "x-ms-keyvault-network-info": "conn_type=Ipv4;addr=73.232.137.144;act_addr_fam=InterNetwork;",
        "x-ms-keyvault-rbac-assignment-id": "8f011949-ed39-5d00-b7ce-c76e5a8c4b2d",
        "x-ms-keyvault-rbac-cache": "ra_age=925;da_age=925;rd_age=925;brd_age=2908;ra_notif_age=1793;dec_lev=0;",
        "x-ms-keyvault-region": "westus2",
        "x-ms-keyvault-service-version": "1.9.358.1"
      },
      "ResponseBody": {
        "value": [],
        "nextLink": "https://vaultname.vault.azure.net:443/deletedkeys?api-version=7.2\u0026$skiptoken=eyJOZXh0TWFya2VyIjoiMiExMDghTURBd01ETTNJV3RsZVM5TVNWWkZTMVpVUlZOVVJVTXRWa1ZTU1VaWkxWQXRNemcwT1RJek9ETXhOVVVoTURBd01ESTRJVGs1T1RrdE1USXRNekZVTWpNNk5UazZOVGt1T1RrNU9UazVPVm9oIiwiVGFyZ2V0TG9jYXRpb24iOjB9"
      }
    },
    {
      "RequestUri": "https://vaultname.vault.azure.net/deletedkeys?api-version=7.2\u0026$skiptoken=eyJOZXh0TWFya2VyIjoiMiExMDghTURBd01ETTNJV3RsZVM5TVNWWkZTMVpVUlZOVVJVTXRWa1ZTU1VaWkxWQXRNemcwT1RJek9ETXhOVVVoTURBd01ESTRJVGs1T1RrdE1USXRNekZVTWpNNk5UazZOVGt1T1RrNU9UazVPVm9oIiwiVGFyZ2V0TG9jYXRpb24iOjB9",
      "RequestMethod": "GET",
      "RequestHeaders": {
        "Accept": "application/json",
        "Accept-Encoding": "gzip, deflate",
        "Connection": "keep-alive",
        "User-Agent": "azsdk-python-keyvault-keys/4.5.1 Python/3.9.9 (Windows-10-10.0.22000-SP0)"
      },
      "RequestBody": null,
      "StatusCode": 200,
      "ResponseHeaders": {
        "Cache-Control": "no-cache",
        "Content-Length": "362",
        "Content-Type": "application/json; charset=utf-8",
        "Date": "Fri, 22 Apr 2022 14:52:22 GMT",
        "Expires": "-1",
        "Pragma": "no-cache",
        "Strict-Transport-Security": "max-age=31536000;includeSubDomains",
        "X-Content-Type-Options": "nosniff",
        "x-ms-keyvault-network-info": "conn_type=Ipv4;addr=73.232.137.144;act_addr_fam=InterNetwork;",
        "x-ms-keyvault-rbac-assignment-id": "8f011949-ed39-5d00-b7ce-c76e5a8c4b2d",
        "x-ms-keyvault-rbac-cache": "ra_age=926;da_age=926;rd_age=926;brd_age=2908;ra_notif_age=1793;dec_lev=0;",
        "x-ms-keyvault-region": "westus2",
        "x-ms-keyvault-service-version": "1.9.358.1"
      },
      "ResponseBody": {
        "value": [],
        "nextLink": "https://vaultname.vault.azure.net:443/deletedkeys?api-version=7.2\u0026$skiptoken=eyJOZXh0TWFya2VyIjoiMiExNTIhTURBd01EY3dJV3RsZVM5TVNWWkZTMVpVUlZOVVJVTXRWa1ZTU1VaWkxWQXROVEl4T1RJMU5qTXhOakF2Tnprd09UVkVRVEJCTkVaQk5FSXhSVGxDTURNek5qVTROVGcyUlVZME1FTWhNREF3TURJNElUazVPVGt0TVRJdE16RlVNak02TlRrNk5Ua3VPVGs1T1RrNU9Wb2giLCJUYXJnZXRMb2NhdGlvbiI6MH0"
      }
    },
    {
      "RequestUri": "https://vaultname.vault.azure.net/deletedkeys?api-version=7.2\u0026$skiptoken=eyJOZXh0TWFya2VyIjoiMiExNTIhTURBd01EY3dJV3RsZVM5TVNWWkZTMVpVUlZOVVJVTXRWa1ZTU1VaWkxWQXROVEl4T1RJMU5qTXhOakF2Tnprd09UVkVRVEJCTkVaQk5FSXhSVGxDTURNek5qVTROVGcyUlVZME1FTWhNREF3TURJNElUazVPVGt0TVRJdE16RlVNak02TlRrNk5Ua3VPVGs1T1RrNU9Wb2giLCJUYXJnZXRMb2NhdGlvbiI6MH0",
      "RequestMethod": "GET",
      "RequestHeaders": {
        "Accept": "application/json",
        "Accept-Encoding": "gzip, deflate",
        "Connection": "keep-alive",
        "User-Agent": "azsdk-python-keyvault-keys/4.5.1 Python/3.9.9 (Windows-10-10.0.22000-SP0)"
      },
      "RequestBody": null,
      "StatusCode": 200,
      "ResponseHeaders": {
        "Cache-Control": "no-cache",
        "Content-Length": "303",
        "Content-Type": "application/json; charset=utf-8",
        "Date": "Fri, 22 Apr 2022 14:52:23 GMT",
        "Expires": "-1",
        "Pragma": "no-cache",
        "Strict-Transport-Security": "max-age=31536000;includeSubDomains",
        "X-Content-Type-Options": "nosniff",
        "x-ms-keyvault-network-info": "conn_type=Ipv4;addr=73.232.137.144;act_addr_fam=InterNetwork;",
        "x-ms-keyvault-rbac-assignment-id": "8f011949-ed39-5d00-b7ce-c76e5a8c4b2d",
        "x-ms-keyvault-rbac-cache": "ra_age=926;da_age=926;rd_age=926;brd_age=2908;ra_notif_age=1793;dec_lev=0;",
        "x-ms-keyvault-region": "westus2",
        "x-ms-keyvault-service-version": "1.9.358.1"
      },
      "ResponseBody": {
        "value": [],
        "nextLink": "https://vaultname.vault.azure.net:443/deletedkeys?api-version=7.2\u0026$skiptoken=eyJOZXh0TWFya2VyIjoiMiExMDghTURBd01ETTFJV3RsZVM5TVNWWkZTMVpVUlZOVVJVNURVbGxRVkMxTVQwTkJURE14TURFek1FRTNJVEF3TURBeU9DRTVPVGs1TFRFeUxUTXhWREl6T2pVNU9qVTVMams1T1RrNU9UbGFJUS0tIiwiVGFyZ2V0TG9jYXRpb24iOjB9"
      }
    },
    {
      "RequestUri": "https://vaultname.vault.azure.net/deletedkeys?api-version=7.2\u0026$skiptoken=eyJOZXh0TWFya2VyIjoiMiExMDghTURBd01ETTFJV3RsZVM5TVNWWkZTMVpVUlZOVVJVNURVbGxRVkMxTVQwTkJURE14TURFek1FRTNJVEF3TURBeU9DRTVPVGs1TFRFeUxUTXhWREl6T2pVNU9qVTVMams1T1RrNU9UbGFJUS0tIiwiVGFyZ2V0TG9jYXRpb24iOjB9",
      "RequestMethod": "GET",
      "RequestHeaders": {
        "Accept": "application/json",
        "Accept-Encoding": "gzip, deflate",
        "Connection": "keep-alive",
        "User-Agent": "azsdk-python-keyvault-keys/4.5.1 Python/3.9.9 (Windows-10-10.0.22000-SP0)"
      },
      "RequestBody": null,
      "StatusCode": 200,
      "ResponseHeaders": {
        "Cache-Control": "no-cache",
        "Content-Length": "362",
        "Content-Type": "application/json; charset=utf-8",
        "Date": "Fri, 22 Apr 2022 14:52:23 GMT",
        "Expires": "-1",
        "Pragma": "no-cache",
        "Strict-Transport-Security": "max-age=31536000;includeSubDomains",
        "X-Content-Type-Options": "nosniff",
        "x-ms-keyvault-network-info": "conn_type=Ipv4;addr=73.232.137.144;act_addr_fam=InterNetwork;",
        "x-ms-keyvault-rbac-assignment-id": "8f011949-ed39-5d00-b7ce-c76e5a8c4b2d",
        "x-ms-keyvault-rbac-cache": "ra_age=926;da_age=926;rd_age=926;brd_age=2908;ra_notif_age=1793;dec_lev=0;",
        "x-ms-keyvault-region": "westus2",
        "x-ms-keyvault-service-version": "1.9.358.1"
      },
      "ResponseBody": {
        "value": [],
        "nextLink": "https://vaultname.vault.azure.net:443/deletedkeys?api-version=7.2\u0026$skiptoken=eyJOZXh0TWFya2VyIjoiMiExNTIhTURBd01EY3dJV3RsZVM5TVNWWkZTMVpVUlZOVVNVMVFUMUpVTFZSRlUxUXRTMFZaTmtNNE9USkRRelV2UTBRMk1Ua3pNa0UxTmpZM05FSkdSVUZHUVRjeFJrSTBOemxFUlVSRU5qZ2hNREF3TURJNElUazVPVGt0TVRJdE16RlVNak02TlRrNk5Ua3VPVGs1T1RrNU9Wb2giLCJUYXJnZXRMb2NhdGlvbiI6MH0"
      }
    },
    {
      "RequestUri": "https://vaultname.vault.azure.net/deletedkeys?api-version=7.2\u0026$skiptoken=eyJOZXh0TWFya2VyIjoiMiExNTIhTURBd01EY3dJV3RsZVM5TVNWWkZTMVpVUlZOVVNVMVFUMUpVTFZSRlUxUXRTMFZaTmtNNE9USkRRelV2UTBRMk1Ua3pNa0UxTmpZM05FSkdSVUZHUVRjeFJrSTBOemxFUlVSRU5qZ2hNREF3TURJNElUazVPVGt0TVRJdE16RlVNak02TlRrNk5Ua3VPVGs1T1RrNU9Wb2giLCJUYXJnZXRMb2NhdGlvbiI6MH0",
      "RequestMethod": "GET",
      "RequestHeaders": {
        "Accept": "application/json",
        "Accept-Encoding": "gzip, deflate",
        "Connection": "keep-alive",
        "User-Agent": "azsdk-python-keyvault-keys/4.5.1 Python/3.9.9 (Windows-10-10.0.22000-SP0)"
      },
      "RequestBody": null,
      "StatusCode": 200,
      "ResponseHeaders": {
        "Cache-Control": "no-cache",
        "Content-Length": "991",
        "Content-Type": "application/json; charset=utf-8",
        "Date": "Fri, 22 Apr 2022 14:52:23 GMT",
        "Expires": "-1",
        "Pragma": "no-cache",
        "Strict-Transport-Security": "max-age=31536000;includeSubDomains",
        "X-Content-Type-Options": "nosniff",
        "x-ms-keyvault-network-info": "conn_type=Ipv4;addr=73.232.137.144;act_addr_fam=InterNetwork;",
        "x-ms-keyvault-rbac-assignment-id": "8f011949-ed39-5d00-b7ce-c76e5a8c4b2d",
        "x-ms-keyvault-rbac-cache": "ra_age=926;da_age=926;rd_age=926;brd_age=2908;ra_notif_age=1793;dec_lev=0;",
        "x-ms-keyvault-region": "westus2",
        "x-ms-keyvault-service-version": "1.9.358.1"
      },
      "ResponseBody": {
        "value": [
          {
            "recoveryId": "https://vaultname.vault.azure.net/deletedkeys/livekvtestkey0e542bd9",
            "deletedDate": 1650639105,
            "scheduledPurgeDate": 1651243905,
            "kid": "https://vaultname.vault.azure.net/keys/livekvtestkey0e542bd9",
            "attributes": {
              "enabled": true,
              "created": 1650639091,
              "updated": 1650639091,
              "recoveryLevel": "CustomizedRecoverable\u002BPurgeable",
              "recoverableDays": 7
            }
          },
          {
            "recoveryId": "https://vaultname.vault.azure.net/deletedkeys/livekvtestkey0e632bda",
            "deletedDate": 1650639039,
            "scheduledPurgeDate": 1651243839,
            "kid": "https://vaultname.vault.azure.net/keys/livekvtestkey0e632bda",
            "attributes": {
              "enabled": true,
              "created": 1650639025,
              "updated": 1650639025,
              "recoveryLevel": "CustomizedRecoverable\u002BPurgeable",
              "recoverableDays": 7
            }
          }
        ],
        "nextLink": "https://vaultname.vault.azure.net:443/deletedkeys?api-version=7.2\u0026$skiptoken=eyJOZXh0TWFya2VyIjoiMiE5NiFNREF3TURJMklXdGxlUzlNU1ZaRlMxWlVSVk5VUzBWWk1UZzJNakV5T0RNeElUQXdNREF5T0NFNU9UazVMVEV5TFRNeFZESXpPalU1T2pVNUxqazVPVGs1T1RsYUlRLS0iLCJUYXJnZXRMb2NhdGlvbiI6MH0"
      }
    },
    {
      "RequestUri": "https://vaultname.vault.azure.net/deletedkeys?api-version=7.2\u0026$skiptoken=eyJOZXh0TWFya2VyIjoiMiE5NiFNREF3TURJMklXdGxlUzlNU1ZaRlMxWlVSVk5VUzBWWk1UZzJNakV5T0RNeElUQXdNREF5T0NFNU9UazVMVEV5TFRNeFZESXpPalU1T2pVNUxqazVPVGs1T1RsYUlRLS0iLCJUYXJnZXRMb2NhdGlvbiI6MH0",
      "RequestMethod": "GET",
      "RequestHeaders": {
        "Accept": "application/json",
        "Accept-Encoding": "gzip, deflate",
        "Connection": "keep-alive",
        "User-Agent": "azsdk-python-keyvault-keys/4.5.1 Python/3.9.9 (Windows-10-10.0.22000-SP0)"
      },
      "RequestBody": null,
      "StatusCode": 200,
      "ResponseHeaders": {
        "Cache-Control": "no-cache",
        "Content-Length": "1757",
        "Content-Type": "application/json; charset=utf-8",
        "Date": "Fri, 22 Apr 2022 14:52:23 GMT",
        "Expires": "-1",
        "Pragma": "no-cache",
        "Strict-Transport-Security": "max-age=31536000;includeSubDomains",
        "X-Content-Type-Options": "nosniff",
        "x-ms-keyvault-network-info": "conn_type=Ipv4;addr=73.232.137.144;act_addr_fam=InterNetwork;",
        "x-ms-keyvault-rbac-assignment-id": "8f011949-ed39-5d00-b7ce-c76e5a8c4b2d",
        "x-ms-keyvault-rbac-cache": "ra_age=926;da_age=926;rd_age=926;brd_age=2909;ra_notif_age=1794;dec_lev=0;",
        "x-ms-keyvault-region": "westus2",
        "x-ms-keyvault-service-version": "1.9.358.1"
      },
      "ResponseBody": {
        "value": [
          {
            "recoveryId": "https://vaultname.vault.azure.net/deletedkeys/livekvtestkey1e542bd9",
            "deletedDate": 1650639109,
            "scheduledPurgeDate": 1651243909,
            "kid": "https://vaultname.vault.azure.net/keys/livekvtestkey1e542bd9",
            "attributes": {
              "enabled": true,
              "created": 1650639094,
              "updated": 1650639094,
              "recoveryLevel": "CustomizedRecoverable\u002BPurgeable",
              "recoverableDays": 7
            }
          },
          {
            "recoveryId": "https://vaultname.vault.azure.net/deletedkeys/livekvtestkey1e632bda",
            "deletedDate": 1650639043,
            "scheduledPurgeDate": 1651243843,
            "kid": "https://vaultname.vault.azure.net/keys/livekvtestkey1e632bda",
            "attributes": {
              "enabled": true,
              "created": 1650639028,
              "updated": 1650639028,
              "recoveryLevel": "CustomizedRecoverable\u002BPurgeable",
              "recoverableDays": 7
            }
          },
          {
            "recoveryId": "https://vaultname.vault.azure.net/deletedkeys/livekvtestkey2e542bd9",
            "deletedDate": 1650639116,
            "scheduledPurgeDate": 1651243916,
            "kid": "https://vaultname.vault.azure.net/keys/livekvtestkey2e542bd9",
            "attributes": {
              "enabled": true,
              "created": 1650639096,
              "updated": 1650639096,
              "recoveryLevel": "CustomizedRecoverable\u002BPurgeable",
              "recoverableDays": 7
            }
          },
          {
            "recoveryId": "https://vaultname.vault.azure.net/deletedkeys/livekvtestkey2e632bda",
            "deletedDate": 1650639050,
            "scheduledPurgeDate": 1651243850,
            "kid": "https://vaultname.vault.azure.net/keys/livekvtestkey2e632bda",
            "attributes": {
              "enabled": true,
              "created": 1650639030,
              "updated": 1650639030,
              "recoveryLevel": "CustomizedRecoverable\u002BPurgeable",
              "recoverableDays": 7
            }
          }
        ],
        "nextLink": "https://vaultname.vault.azure.net:443/deletedkeys?api-version=7.2\u0026$skiptoken=eyJOZXh0TWFya2VyIjoiMiExNDAhTURBd01EVTVJV3RsZVM5TVNWWkZTMVpVUlZOVVMwVlpNemcyTURNeU9ESkdMemMzTlVJMlJUTTJORU13UmpRMU1UaEJORGt6TnpReFF6azJORUU0TnpFNUlUQXdNREF5T0NFNU9UazVMVEV5TFRNeFZESXpPalU1T2pVNUxqazVPVGs1T1RsYUlRLS0iLCJUYXJnZXRMb2NhdGlvbiI6MH0"
      }
    },
    {
      "RequestUri": "https://vaultname.vault.azure.net/deletedkeys?api-version=7.2\u0026$skiptoken=eyJOZXh0TWFya2VyIjoiMiExNDAhTURBd01EVTVJV3RsZVM5TVNWWkZTMVpVUlZOVVMwVlpNemcyTURNeU9ESkdMemMzTlVJMlJUTTJORU13UmpRMU1UaEJORGt6TnpReFF6azJORUU0TnpFNUlUQXdNREF5T0NFNU9UazVMVEV5TFRNeFZESXpPalU1T2pVNUxqazVPVGs1T1RsYUlRLS0iLCJUYXJnZXRMb2NhdGlvbiI6MH0",
      "RequestMethod": "GET",
      "RequestHeaders": {
        "Accept": "application/json",
        "Accept-Encoding": "gzip, deflate",
        "Connection": "keep-alive",
        "User-Agent": "azsdk-python-keyvault-keys/4.5.1 Python/3.9.9 (Windows-10-10.0.22000-SP0)"
      },
      "RequestBody": null,
      "StatusCode": 200,
      "ResponseHeaders": {
        "Cache-Control": "no-cache",
        "Content-Length": "1697",
        "Content-Type": "application/json; charset=utf-8",
        "Date": "Fri, 22 Apr 2022 14:52:23 GMT",
        "Expires": "-1",
        "Pragma": "no-cache",
        "Strict-Transport-Security": "max-age=31536000;includeSubDomains",
        "X-Content-Type-Options": "nosniff",
        "x-ms-keyvault-network-info": "conn_type=Ipv4;addr=73.232.137.144;act_addr_fam=InterNetwork;",
        "x-ms-keyvault-rbac-assignment-id": "8f011949-ed39-5d00-b7ce-c76e5a8c4b2d",
        "x-ms-keyvault-rbac-cache": "ra_age=927;da_age=927;rd_age=927;brd_age=2909;ra_notif_age=1794;dec_lev=0;",
        "x-ms-keyvault-region": "westus2",
        "x-ms-keyvault-service-version": "1.9.358.1"
      },
      "ResponseBody": {
        "value": [
          {
            "recoveryId": "https://vaultname.vault.azure.net/deletedkeys/livekvtestkey3e542bd9",
            "deletedDate": 1650639125,
            "scheduledPurgeDate": 1651243925,
            "kid": "https://vaultname.vault.azure.net/keys/livekvtestkey3e542bd9",
            "attributes": {
              "enabled": true,
              "created": 1650639098,
              "updated": 1650639098,
              "recoveryLevel": "CustomizedRecoverable\u002BPurgeable",
              "recoverableDays": 7
            }
          },
          {
            "recoveryId": "https://vaultname.vault.azure.net/deletedkeys/livekvtestkey3e632bda",
            "deletedDate": 1650639057,
            "scheduledPurgeDate": 1651243857,
            "kid": "https://vaultname.vault.azure.net/keys/livekvtestkey3e632bda",
            "attributes": {
              "enabled": true,
              "created": 1650639032,
              "updated": 1650639032,
              "recoveryLevel": "CustomizedRecoverable\u002BPurgeable",
              "recoverableDays": 7
            }
          },
          {
            "recoveryId": "https://vaultname.vault.azure.net/deletedkeys/livekvtestkey4e542bd9",
            "deletedDate": 1650639129,
            "scheduledPurgeDate": 1651243929,
            "kid": "https://vaultname.vault.azure.net/keys/livekvtestkey4e542bd9",
            "attributes": {
              "enabled": true,
              "created": 1650639100,
              "updated": 1650639100,
              "recoveryLevel": "CustomizedRecoverable\u002BPurgeable",
              "recoverableDays": 7
            }
          },
          {
            "recoveryId": "https://vaultname.vault.azure.net/deletedkeys/livekvtestkey4e632bda",
            "deletedDate": 1650639063,
            "scheduledPurgeDate": 1651243863,
            "kid": "https://vaultname.vault.azure.net/keys/livekvtestkey4e632bda",
            "attributes": {
              "enabled": true,
              "created": 1650639034,
              "updated": 1650639034,
              "recoveryLevel": "CustomizedRecoverable\u002BPurgeable",
              "recoverableDays": 7
            }
          }
        ],
        "nextLink": "https://vaultname.vault.azure.net:443/deletedkeys?api-version=7.2\u0026$skiptoken=eyJOZXh0TWFya2VyIjoiMiE5NiFNREF3TURJMklXdGxlUzlNU1ZaRlMxWlVSVk5VUzBWWk5UZzFSalF5T0RKRklUQXdNREF5T0NFNU9UazVMVEV5TFRNeFZESXpPalU1T2pVNUxqazVPVGs1T1RsYUlRLS0iLCJUYXJnZXRMb2NhdGlvbiI6MH0"
      }
    },
    {
      "RequestUri": "https://vaultname.vault.azure.net/deletedkeys?api-version=7.2\u0026$skiptoken=eyJOZXh0TWFya2VyIjoiMiE5NiFNREF3TURJMklXdGxlUzlNU1ZaRlMxWlVSVk5VUzBWWk5UZzFSalF5T0RKRklUQXdNREF5T0NFNU9UazVMVEV5TFRNeFZESXpPalU1T2pVNUxqazVPVGs1T1RsYUlRLS0iLCJUYXJnZXRMb2NhdGlvbiI6MH0",
      "RequestMethod": "GET",
      "RequestHeaders": {
        "Accept": "application/json",
        "Accept-Encoding": "gzip, deflate",
        "Connection": "keep-alive",
        "User-Agent": "azsdk-python-keyvault-keys/4.5.1 Python/3.9.9 (Windows-10-10.0.22000-SP0)"
      },
      "RequestBody": null,
      "StatusCode": 200,
      "ResponseHeaders": {
        "Cache-Control": "no-cache",
        "Content-Length": "1399",
        "Content-Type": "application/json; charset=utf-8",
        "Date": "Fri, 22 Apr 2022 14:52:23 GMT",
        "Expires": "-1",
        "Pragma": "no-cache",
        "Strict-Transport-Security": "max-age=31536000;includeSubDomains",
        "X-Content-Type-Options": "nosniff",
        "x-ms-keyvault-network-info": "conn_type=Ipv4;addr=73.232.137.144;act_addr_fam=InterNetwork;",
        "x-ms-keyvault-rbac-assignment-id": "8f011949-ed39-5d00-b7ce-c76e5a8c4b2d",
        "x-ms-keyvault-rbac-cache": "ra_age=927;da_age=927;rd_age=927;brd_age=2909;ra_notif_age=1794;dec_lev=0;",
        "x-ms-keyvault-region": "westus2",
        "x-ms-keyvault-service-version": "1.9.358.1"
      },
      "ResponseBody": {
        "value": [
          {
            "recoveryId": "https://vaultname.vault.azure.net/deletedkeys/livekvtestkey5e542bd9",
            "deletedDate": 1650639132,
            "scheduledPurgeDate": 1651243932,
            "kid": "https://vaultname.vault.azure.net/keys/livekvtestkey5e542bd9",
            "attributes": {
              "enabled": true,
              "created": 1650639103,
              "updated": 1650639103,
              "recoveryLevel": "CustomizedRecoverable\u002BPurgeable",
              "recoverableDays": 7
            }
          },
          {
            "recoveryId": "https://vaultname.vault.azure.net/deletedkeys/livekvtestkey5e632bda",
            "deletedDate": 1650639070,
            "scheduledPurgeDate": 1651243870,
            "kid": "https://vaultname.vault.azure.net/keys/livekvtestkey5e632bda",
            "attributes": {
              "enabled": true,
              "created": 1650639036,
              "updated": 1650639036,
              "recoveryLevel": "CustomizedRecoverable\u002BPurgeable",
              "recoverableDays": 7
            }
          },
          {
            "recoveryId": "https://vaultname.vault.azure.net/deletedkeys/livekvtestkey6e542bd9",
            "deletedDate": 1650639136,
            "scheduledPurgeDate": 1651243936,
            "kid": "https://vaultname.vault.azure.net/keys/livekvtestkey6e542bd9",
            "attributes": {
              "enabled": true,
              "created": 1650639105,
              "updated": 1650639105,
              "recoveryLevel": "CustomizedRecoverable\u002BPurgeable",
              "recoverableDays": 7
            }
          }
        ],
        "nextLink": "https://vaultname.vault.azure.net:443/deletedkeys?api-version=7.2\u0026$skiptoken=eyJOZXh0TWFya2VyIjoiMiExMzYhTURBd01EVTRJV3RsZVM5TVNWWkZTMVpVUlZOVVMwVlpOa1UxTkRKQ1JEa3ZNREF3UWpFNU9UUTNPVGN5TkRsR1JEazNNRVF6T1RnNFJVUXhRa1ZHUWpjaE1EQXdNREk0SVRrNU9Ua3RNVEl0TXpGVU1qTTZOVGs2TlRrdU9UazVPVGs1T1ZvaCIsIlRhcmdldExvY2F0aW9uIjowfQ"
      }
    },
    {
      "RequestUri": "https://vaultname.vault.azure.net/deletedkeys?api-version=7.2\u0026$skiptoken=eyJOZXh0TWFya2VyIjoiMiExMzYhTURBd01EVTRJV3RsZVM5TVNWWkZTMVpVUlZOVVMwVlpOa1UxTkRKQ1JEa3ZNREF3UWpFNU9UUTNPVGN5TkRsR1JEazNNRVF6T1RnNFJVUXhRa1ZHUWpjaE1EQXdNREk0SVRrNU9Ua3RNVEl0TXpGVU1qTTZOVGs2TlRrdU9UazVPVGs1T1ZvaCIsIlRhcmdldExvY2F0aW9uIjowfQ",
      "RequestMethod": "GET",
      "RequestHeaders": {
        "Accept": "application/json",
        "Accept-Encoding": "gzip, deflate",
        "Connection": "keep-alive",
        "User-Agent": "azsdk-python-keyvault-keys/4.5.1 Python/3.9.9 (Windows-10-10.0.22000-SP0)"
      },
      "RequestBody": null,
      "StatusCode": 200,
      "ResponseHeaders": {
        "Cache-Control": "no-cache",
        "Content-Length": "645",
        "Content-Type": "application/json; charset=utf-8",
        "Date": "Fri, 22 Apr 2022 14:52:24 GMT",
        "Expires": "-1",
        "Pragma": "no-cache",
        "Strict-Transport-Security": "max-age=31536000;includeSubDomains",
        "X-Content-Type-Options": "nosniff",
        "x-ms-keyvault-network-info": "conn_type=Ipv4;addr=73.232.137.144;act_addr_fam=InterNetwork;",
        "x-ms-keyvault-rbac-assignment-id": "8f011949-ed39-5d00-b7ce-c76e5a8c4b2d",
        "x-ms-keyvault-rbac-cache": "ra_age=927;da_age=927;rd_age=927;brd_age=2909;ra_notif_age=1794;dec_lev=0;",
        "x-ms-keyvault-region": "westus2",
        "x-ms-keyvault-service-version": "1.9.358.1"
      },
      "ResponseBody": {
        "value": [
          {
            "recoveryId": "https://vaultname.vault.azure.net/deletedkeys/livekvtestkey6e632bda",
            "deletedDate": 1650639076,
            "scheduledPurgeDate": 1651243876,
            "kid": "https://vaultname.vault.azure.net/keys/livekvtestkey6e632bda",
            "attributes": {
              "enabled": true,
              "created": 1650639039,
              "updated": 1650639039,
              "recoveryLevel": "CustomizedRecoverable\u002BPurgeable",
              "recoverableDays": 7
            }
          }
        ],
        "nextLink": "https://vaultname.vault.azure.net:443/deletedkeys?api-version=7.2\u0026$skiptoken=eyJOZXh0TWFya2VyIjoiMiExMDAhTURBd01ESTVJV3RsZVM5TVNWWkZTMVpVUlZOVVMwVlpVMGxIVGtRNE1rWXlSRUl4SVRBd01EQXlPQ0U1T1RrNUxURXlMVE14VkRJek9qVTVPalU1TGprNU9UazVPVGxhSVEtLSIsIlRhcmdldExvY2F0aW9uIjowfQ"
      }
    },
    {
      "RequestUri": "https://vaultname.vault.azure.net/deletedkeys?api-version=7.2\u0026$skiptoken=eyJOZXh0TWFya2VyIjoiMiExMDAhTURBd01ESTVJV3RsZVM5TVNWWkZTMVpVUlZOVVMwVlpVMGxIVGtRNE1rWXlSRUl4SVRBd01EQXlPQ0U1T1RrNUxURXlMVE14VkRJek9qVTVPalU1TGprNU9UazVPVGxhSVEtLSIsIlRhcmdldExvY2F0aW9uIjowfQ",
      "RequestMethod": "GET",
      "RequestHeaders": {
        "Accept": "application/json",
        "Accept-Encoding": "gzip, deflate",
        "Connection": "keep-alive",
        "User-Agent": "azsdk-python-keyvault-keys/4.5.1 Python/3.9.9 (Windows-10-10.0.22000-SP0)"
      },
      "RequestBody": null,
      "StatusCode": 200,
      "ResponseHeaders": {
        "Cache-Control": "no-cache",
        "Content-Length": "357",
        "Content-Type": "application/json; charset=utf-8",
        "Date": "Fri, 22 Apr 2022 14:52:24 GMT",
        "Expires": "-1",
        "Pragma": "no-cache",
        "Strict-Transport-Security": "max-age=31536000;includeSubDomains",
        "X-Content-Type-Options": "nosniff",
        "x-ms-keyvault-network-info": "conn_type=Ipv4;addr=73.232.137.144;act_addr_fam=InterNetwork;",
        "x-ms-keyvault-rbac-assignment-id": "8f011949-ed39-5d00-b7ce-c76e5a8c4b2d",
        "x-ms-keyvault-rbac-cache": "ra_age=927;da_age=927;rd_age=927;brd_age=2909;ra_notif_age=1794;dec_lev=0;",
        "x-ms-keyvault-region": "westus2",
        "x-ms-keyvault-service-version": "1.9.358.1"
      },
      "ResponseBody": {
        "value": [],
        "nextLink": "https://vaultname.vault.azure.net:443/deletedkeys?api-version=7.2\u0026$skiptoken=eyJOZXh0TWFya2VyIjoiMiExNDghTURBd01EWTJJV3RsZVM5TVNWWkZTMVpVUlZOVVVsTkJMVVZZVUVsU1JVUTNNRU5DTXpVeU15OHlORFl5TmtORk5EWkZRa1kwTXpSQk9FVXlRMFk1UVVNME56RXpRVUUwUkNFd01EQXdNamdoT1RrNU9TMHhNaTB6TVZReU16bzFPVG8xT1M0NU9UazVPVGs1V2lFLSIsIlRhcmdldExvY2F0aW9uIjowfQ"
      }
    },
    {
      "RequestUri": "https://vaultname.vault.azure.net/deletedkeys?api-version=7.2\u0026$skiptoken=eyJOZXh0TWFya2VyIjoiMiExNDghTURBd01EWTJJV3RsZVM5TVNWWkZTMVpVUlZOVVVsTkJMVVZZVUVsU1JVUTNNRU5DTXpVeU15OHlORFl5TmtORk5EWkZRa1kwTXpSQk9FVXlRMFk1UVVNME56RXpRVUUwUkNFd01EQXdNamdoT1RrNU9TMHhNaTB6TVZReU16bzFPVG8xT1M0NU9UazVPVGs1V2lFLSIsIlRhcmdldExvY2F0aW9uIjowfQ",
      "RequestMethod": "GET",
      "RequestHeaders": {
        "Accept": "application/json",
        "Accept-Encoding": "gzip, deflate",
        "Connection": "keep-alive",
        "User-Agent": "azsdk-python-keyvault-keys/4.5.1 Python/3.9.9 (Windows-10-10.0.22000-SP0)"
      },
      "RequestBody": null,
      "StatusCode": 200,
      "ResponseHeaders": {
        "Cache-Control": "no-cache",
        "Content-Length": "303",
        "Content-Type": "application/json; charset=utf-8",
        "Date": "Fri, 22 Apr 2022 14:52:24 GMT",
        "Expires": "-1",
        "Pragma": "no-cache",
        "Strict-Transport-Security": "max-age=31536000;includeSubDomains",
        "X-Content-Type-Options": "nosniff",
        "x-ms-keyvault-network-info": "conn_type=Ipv4;addr=73.232.137.144;act_addr_fam=InterNetwork;",
        "x-ms-keyvault-rbac-assignment-id": "8f011949-ed39-5d00-b7ce-c76e5a8c4b2d",
        "x-ms-keyvault-rbac-cache": "ra_age=927;da_age=927;rd_age=927;brd_age=2909;ra_notif_age=1795;dec_lev=0;",
        "x-ms-keyvault-region": "westus2",
        "x-ms-keyvault-service-version": "1.9.358.1"
      },
      "ResponseBody": {
        "value": [],
        "nextLink": "https://vaultname.vault.azure.net:443/deletedkeys?api-version=7.2\u0026$skiptoken=eyJOZXh0TWFya2VyIjoiMiExMDghTURBd01ETTNJV3RsZVM5TVNWWkZTMVpVUlZOVVVsTkJMVlpGVWtsR1dTMHlNRFE0TVVGR09UTXpNa01oTURBd01ESTRJVGs1T1RrdE1USXRNekZVTWpNNk5UazZOVGt1T1RrNU9UazVPVm9oIiwiVGFyZ2V0TG9jYXRpb24iOjB9"
      }
    },
    {
      "RequestUri": "https://vaultname.vault.azure.net/deletedkeys?api-version=7.2\u0026$skiptoken=eyJOZXh0TWFya2VyIjoiMiExMDghTURBd01ETTNJV3RsZVM5TVNWWkZTMVpVUlZOVVVsTkJMVlpGVWtsR1dTMHlNRFE0TVVGR09UTXpNa01oTURBd01ESTRJVGs1T1RrdE1USXRNekZVTWpNNk5UazZOVGt1T1RrNU9UazVPVm9oIiwiVGFyZ2V0TG9jYXRpb24iOjB9",
      "RequestMethod": "GET",
      "RequestHeaders": {
        "Accept": "application/json",
        "Accept-Encoding": "gzip, deflate",
        "Connection": "keep-alive",
        "User-Agent": "azsdk-python-keyvault-keys/4.5.1 Python/3.9.9 (Windows-10-10.0.22000-SP0)"
      },
      "RequestBody": null,
      "StatusCode": 200,
      "ResponseHeaders": {
        "Cache-Control": "no-cache",
        "Content-Length": "362",
        "Content-Type": "application/json; charset=utf-8",
        "Date": "Fri, 22 Apr 2022 14:52:24 GMT",
        "Expires": "-1",
        "Pragma": "no-cache",
        "Strict-Transport-Security": "max-age=31536000;includeSubDomains",
        "X-Content-Type-Options": "nosniff",
        "x-ms-keyvault-network-info": "conn_type=Ipv4;addr=73.232.137.144;act_addr_fam=InterNetwork;",
        "x-ms-keyvault-rbac-assignment-id": "8f011949-ed39-5d00-b7ce-c76e5a8c4b2d",
        "x-ms-keyvault-rbac-cache": "ra_age=927;da_age=927;rd_age=927;brd_age=2909;ra_notif_age=1795;dec_lev=0;",
        "x-ms-keyvault-region": "westus2",
        "x-ms-keyvault-service-version": "1.9.358.1"
      },
      "ResponseBody": {
        "value": [],
        "nextLink": "https://vaultname.vault.azure.net:443/deletedkeys?api-version=7.2\u0026$skiptoken=eyJOZXh0TWFya2VyIjoiMiExNTIhTURBd01EWTVJV3RsZVM5TVNWWkZTMVpVUlZOVVVsTkJMVlpGVWtsR1dTMHpNRGN5T1RCRk1rVXhSUzlDT1VJd05qQkdRVFU1UVRZME56Y3dPVE5CUkRNNVJERTNNalkxTjBJM015RXdNREF3TWpnaE9UazVPUzB4TWkwek1WUXlNem8xT1RvMU9TNDVPVGs1T1RrNVdpRS0iLCJUYXJnZXRMb2NhdGlvbiI6MH0"
      }
    },
    {
      "RequestUri": "https://vaultname.vault.azure.net/deletedkeys?api-version=7.2\u0026$skiptoken=eyJOZXh0TWFya2VyIjoiMiExNTIhTURBd01EWTVJV3RsZVM5TVNWWkZTMVpVUlZOVVVsTkJMVlpGVWtsR1dTMHpNRGN5T1RCRk1rVXhSUzlDT1VJd05qQkdRVFU1UVRZME56Y3dPVE5CUkRNNVJERTNNalkxTjBJM015RXdNREF3TWpnaE9UazVPUzB4TWkwek1WUXlNem8xT1RvMU9TNDVPVGs1T1RrNVdpRS0iLCJUYXJnZXRMb2NhdGlvbiI6MH0",
      "RequestMethod": "GET",
      "RequestHeaders": {
        "Accept": "application/json",
        "Accept-Encoding": "gzip, deflate",
        "Connection": "keep-alive",
        "User-Agent": "azsdk-python-keyvault-keys/4.5.1 Python/3.9.9 (Windows-10-10.0.22000-SP0)"
      },
      "RequestBody": null,
      "StatusCode": 200,
      "ResponseHeaders": {
        "Cache-Control": "no-cache",
        "Content-Length": "303",
        "Content-Type": "application/json; charset=utf-8",
        "Date": "Fri, 22 Apr 2022 14:52:24 GMT",
        "Expires": "-1",
        "Pragma": "no-cache",
        "Strict-Transport-Security": "max-age=31536000;includeSubDomains",
        "X-Content-Type-Options": "nosniff",
        "x-ms-keyvault-network-info": "conn_type=Ipv4;addr=73.232.137.144;act_addr_fam=InterNetwork;",
        "x-ms-keyvault-rbac-assignment-id": "8f011949-ed39-5d00-b7ce-c76e5a8c4b2d",
        "x-ms-keyvault-rbac-cache": "ra_age=927;da_age=927;rd_age=927;brd_age=2910;ra_notif_age=1795;dec_lev=0;",
        "x-ms-keyvault-region": "westus2",
        "x-ms-keyvault-service-version": "1.9.358.1"
      },
      "ResponseBody": {
        "value": [],
        "nextLink": "https://vaultname.vault.azure.net:443/deletedkeys?api-version=7.2\u0026$skiptoken=eyJOZXh0TWFya2VyIjoiMiExMDghTURBd01ETTJJV3RsZVM5TVNWWkZTMVpVUlZOVVVsTkJMVlpGVWtsR1dTMDBNRGsyT1ROQ01rVXlNU0V3TURBd01qZ2hPVGs1T1MweE1pMHpNVlF5TXpvMU9UbzFPUzQ1T1RrNU9UazVXaUUtIiwiVGFyZ2V0TG9jYXRpb24iOjB9"
      }
    },
    {
      "RequestUri": "https://vaultname.vault.azure.net/deletedkeys?api-version=7.2\u0026$skiptoken=eyJOZXh0TWFya2VyIjoiMiExMDghTURBd01ETTJJV3RsZVM5TVNWWkZTMVpVUlZOVVVsTkJMVlpGVWtsR1dTMDBNRGsyT1ROQ01rVXlNU0V3TURBd01qZ2hPVGs1T1MweE1pMHpNVlF5TXpvMU9UbzFPUzQ1T1RrNU9UazVXaUUtIiwiVGFyZ2V0TG9jYXRpb24iOjB9",
      "RequestMethod": "GET",
      "RequestHeaders": {
        "Accept": "application/json",
        "Accept-Encoding": "gzip, deflate",
        "Connection": "keep-alive",
        "User-Agent": "azsdk-python-keyvault-keys/4.5.1 Python/3.9.9 (Windows-10-10.0.22000-SP0)"
      },
      "RequestBody": null,
      "StatusCode": 200,
      "ResponseHeaders": {
        "Cache-Control": "no-cache",
        "Content-Length": "351",
        "Content-Type": "application/json; charset=utf-8",
        "Date": "Fri, 22 Apr 2022 14:52:24 GMT",
        "Expires": "-1",
        "Pragma": "no-cache",
        "Strict-Transport-Security": "max-age=31536000;includeSubDomains",
        "X-Content-Type-Options": "nosniff",
        "x-ms-keyvault-network-info": "conn_type=Ipv4;addr=73.232.137.144;act_addr_fam=InterNetwork;",
        "x-ms-keyvault-rbac-assignment-id": "8f011949-ed39-5d00-b7ce-c76e5a8c4b2d",
        "x-ms-keyvault-rbac-cache": "ra_age=928;da_age=928;rd_age=928;brd_age=2910;ra_notif_age=1795;dec_lev=0;",
        "x-ms-keyvault-region": "westus2",
        "x-ms-keyvault-service-version": "1.9.358.1"
      },
      "ResponseBody": {
        "value": [],
        "nextLink": "https://vaultname.vault.azure.net:443/deletedkeys?api-version=7.2\u0026$skiptoken=eyJOZXh0TWFya2VyIjoiMiExNDQhTURBd01EWXlJV3RsZVM5TVNWWkZTMVpVUlZOVVZFVlRWRXRGV1RWR1FrWXlRVFl3THpBNVFVVkZNVUk0TmpRelFUUXpPRGxDTWpoQ1FrVXdOa0pDUkRBd01rUTFJVEF3TURBeU9DRTVPVGs1TFRFeUxUTXhWREl6T2pVNU9qVTVMams1T1RrNU9UbGFJUS0tIiwiVGFyZ2V0TG9jYXRpb24iOjB9"
      }
    },
    {
      "RequestUri": "https://vaultname.vault.azure.net/deletedkeys?api-version=7.2\u0026$skiptoken=eyJOZXh0TWFya2VyIjoiMiExNDQhTURBd01EWXlJV3RsZVM5TVNWWkZTMVpVUlZOVVZFVlRWRXRGV1RWR1FrWXlRVFl3THpBNVFVVkZNVUk0TmpRelFUUXpPRGxDTWpoQ1FrVXdOa0pDUkRBd01rUTFJVEF3TURBeU9DRTVPVGs1TFRFeUxUTXhWREl6T2pVNU9qVTVMams1T1RrNU9UbGFJUS0tIiwiVGFyZ2V0TG9jYXRpb24iOjB9",
      "RequestMethod": "GET",
      "RequestHeaders": {
        "Accept": "application/json",
        "Accept-Encoding": "gzip, deflate",
        "Connection": "keep-alive",
        "User-Agent": "azsdk-python-keyvault-keys/4.5.1 Python/3.9.9 (Windows-10-10.0.22000-SP0)"
      },
      "RequestBody": null,
      "StatusCode": 200,
      "ResponseHeaders": {
        "Cache-Control": "no-cache",
        "Content-Length": "28",
        "Content-Type": "application/json; charset=utf-8",
        "Date": "Fri, 22 Apr 2022 14:52:25 GMT",
        "Expires": "-1",
        "Pragma": "no-cache",
        "Strict-Transport-Security": "max-age=31536000;includeSubDomains",
        "X-Content-Type-Options": "nosniff",
        "x-ms-keyvault-network-info": "conn_type=Ipv4;addr=73.232.137.144;act_addr_fam=InterNetwork;",
        "x-ms-keyvault-rbac-assignment-id": "8f011949-ed39-5d00-b7ce-c76e5a8c4b2d",
        "x-ms-keyvault-rbac-cache": "ra_age=928;da_age=928;rd_age=928;brd_age=2910;ra_notif_age=1795;dec_lev=0;",
        "x-ms-keyvault-region": "westus2",
        "x-ms-keyvault-service-version": "1.9.358.1"
      },
      "ResponseBody": {
        "value": [],
        "nextLink": null
      }
    },
    {
      "RequestUri": "https://vaultname.vault.azure.net/deletedkeys?api-version=7.2",
      "RequestMethod": "GET",
      "RequestHeaders": {
        "Accept": "application/json",
        "Accept-Encoding": "gzip, deflate",
        "Connection": "keep-alive",
        "User-Agent": "azsdk-python-keyvault-keys/4.5.1 Python/3.9.9 (Windows-10-10.0.22000-SP0)"
      },
      "RequestBody": null,
      "StatusCode": 200,
      "ResponseHeaders": {
        "Cache-Control": "no-cache",
        "Content-Length": "1607",
        "Content-Type": "application/json; charset=utf-8",
        "Date": "Fri, 22 Apr 2022 14:52:25 GMT",
        "Expires": "-1",
        "Pragma": "no-cache",
        "Strict-Transport-Security": "max-age=31536000;includeSubDomains",
        "X-Content-Type-Options": "nosniff",
        "x-ms-keyvault-network-info": "conn_type=Ipv4;addr=73.232.137.144;act_addr_fam=InterNetwork;",
        "x-ms-keyvault-rbac-assignment-id": "8f011949-ed39-5d00-b7ce-c76e5a8c4b2d",
        "x-ms-keyvault-rbac-cache": "ra_age=928;da_age=928;rd_age=928;brd_age=2910;ra_notif_age=1795;dec_lev=0;",
        "x-ms-keyvault-region": "westus2",
        "x-ms-keyvault-service-version": "1.9.358.1"
      },
      "ResponseBody": {
        "value": [
          {
            "recoveryId": "https://vaultname.vault.azure.net/deletedkeys/livekvtestcrud-rsa-key6c6b2cc3",
            "deletedDate": 1650638722,
            "scheduledPurgeDate": 1651243522,
            "kid": "https://vaultname.vault.azure.net/keys/livekvtestcrud-rsa-key6c6b2cc3",
            "attributes": {
              "enabled": true,
              "exp": 2524723200,
              "created": 1650638718,
              "updated": 1650638722,
              "recoveryLevel": "CustomizedRecoverable\u002BPurgeable",
              "recoverableDays": 7
            },
            "tags": {
              "foo": "updated tag"
            }
          },
          {
            "recoveryId": "https://vaultname.vault.azure.net/deletedkeys/livekvtestcrud-rsa-key6c7a2cc4",
            "deletedDate": 1650638707,
            "scheduledPurgeDate": 1651243507,
            "kid": "https://vaultname.vault.azure.net/keys/livekvtestcrud-rsa-key6c7a2cc4",
            "attributes": {
              "enabled": true,
              "exp": 2524723200,
              "created": 1650638703,
              "updated": 1650638706,
              "recoveryLevel": "CustomizedRecoverable\u002BPurgeable",
              "recoverableDays": 7
            },
            "tags": {
              "foo": "updated tag"
            }
          },
          {
            "recoveryId": "https://vaultname.vault.azure.net/deletedkeys/livekvtestcrud-rsa-key6c892cc5",
            "deletedDate": 1650638691,
            "scheduledPurgeDate": 1651243491,
            "kid": "https://vaultname.vault.azure.net/keys/livekvtestcrud-rsa-key6c892cc5",
            "attributes": {
              "enabled": true,
              "exp": 2524723200,
              "created": 1650638687,
              "updated": 1650638691,
              "recoveryLevel": "CustomizedRecoverable\u002BPurgeable",
              "recoverableDays": 7
            },
            "tags": {
              "foo": "updated tag"
            }
          }
        ],
        "nextLink": "https://vaultname.vault.azure.net:443/deletedkeys?api-version=7.2\u0026$skiptoken=eyJOZXh0TWFya2VyIjoiMiExNDghTURBd01EWTNJV3RsZVM5TVNWWkZTMVpVUlZOVVExSlZSQzFTVTBFdFMwVlpOa000T1RKRFF6VXZRVGt4UXpVd05FSTJRVGd5TkRjNVJVSkJSamRGTUVVME1rSkVORVk1UXpVaE1EQXdNREk0SVRrNU9Ua3RNVEl0TXpGVU1qTTZOVGs2TlRrdU9UazVPVGs1T1ZvaCIsIlRhcmdldExvY2F0aW9uIjowfQ"
      }
    },
    {
      "RequestUri": "https://vaultname.vault.azure.net/deletedkeys?api-version=7.2\u0026$skiptoken=eyJOZXh0TWFya2VyIjoiMiExNDghTURBd01EWTNJV3RsZVM5TVNWWkZTMVpVUlZOVVExSlZSQzFTVTBFdFMwVlpOa000T1RKRFF6VXZRVGt4UXpVd05FSTJRVGd5TkRjNVJVSkJSamRGTUVVME1rSkVORVk1UXpVaE1EQXdNREk0SVRrNU9Ua3RNVEl0TXpGVU1qTTZOVGs2TlRrdU9UazVPVGs1T1ZvaCIsIlRhcmdldExvY2F0aW9uIjowfQ",
      "RequestMethod": "GET",
      "RequestHeaders": {
        "Accept": "application/json",
        "Accept-Encoding": "gzip, deflate",
        "Connection": "keep-alive",
        "User-Agent": "azsdk-python-keyvault-keys/4.5.1 Python/3.9.9 (Windows-10-10.0.22000-SP0)"
      },
      "RequestBody": null,
      "StatusCode": 200,
      "ResponseHeaders": {
        "Cache-Control": "no-cache",
        "Content-Length": "1152",
        "Content-Type": "application/json; charset=utf-8",
        "Date": "Fri, 22 Apr 2022 14:52:25 GMT",
        "Expires": "-1",
        "Pragma": "no-cache",
        "Strict-Transport-Security": "max-age=31536000;includeSubDomains",
        "X-Content-Type-Options": "nosniff",
        "x-ms-keyvault-network-info": "conn_type=Ipv4;addr=73.232.137.144;act_addr_fam=InterNetwork;",
        "x-ms-keyvault-rbac-assignment-id": "8f011949-ed39-5d00-b7ce-c76e5a8c4b2d",
        "x-ms-keyvault-rbac-cache": "ra_age=928;da_age=928;rd_age=928;brd_age=2910;ra_notif_age=1795;dec_lev=0;",
        "x-ms-keyvault-region": "westus2",
        "x-ms-keyvault-service-version": "1.9.358.1"
      },
      "ResponseBody": {
        "value": [
          {
            "recoveryId": "https://vaultname.vault.azure.net/deletedkeys/livekvtestcrud-rsa-key6c982cc6",
            "deletedDate": 1650638674,
            "scheduledPurgeDate": 1651243474,
            "kid": "https://vaultname.vault.azure.net/keys/livekvtestcrud-rsa-key6c982cc6",
            "attributes": {
              "enabled": true,
              "exp": 2524723200,
              "created": 1650638670,
              "updated": 1650638673,
              "recoveryLevel": "CustomizedRecoverable\u002BPurgeable",
              "recoverableDays": 7
            },
            "tags": {
              "foo": "updated tag"
            }
          },
          {
            "recoveryId": "https://vaultname.vault.azure.net/deletedkeys/livekvtestcrud-rsa-key9ab92e13",
            "deletedDate": 1650638739,
            "scheduledPurgeDate": 1651243539,
            "kid": "https://vaultname.vault.azure.net/keys/livekvtestcrud-rsa-key9ab92e13",
            "attributes": {
              "enabled": true,
              "exp": 2524723200,
              "created": 1650638735,
              "updated": 1650638739,
              "recoveryLevel": "CustomizedRecoverable\u002BPurgeable",
              "recoverableDays": 7
            },
            "tags": {
              "foo": "updated tag"
            }
          }
        ],
        "nextLink": "https://vaultname.vault.azure.net:443/deletedkeys?api-version=7.2\u0026$skiptoken=eyJOZXh0TWFya2VyIjoiMiExMjAhTURBd01EUTJJV3RsZVM5TVNWWkZTMVpVUlZOVVExSlpVRlJQTFZSRlUxUXRWMUpCVUZCSlRrY3RTMFZaUlRFM09USkVSVEloTURBd01ESTRJVGs1T1RrdE1USXRNekZVTWpNNk5UazZOVGt1T1RrNU9UazVPVm9oIiwiVGFyZ2V0TG9jYXRpb24iOjB9"
      }
    },
    {
      "RequestUri": "https://vaultname.vault.azure.net/deletedkeys?api-version=7.2\u0026$skiptoken=eyJOZXh0TWFya2VyIjoiMiExMjAhTURBd01EUTJJV3RsZVM5TVNWWkZTMVpVUlZOVVExSlpVRlJQTFZSRlUxUXRWMUpCVUZCSlRrY3RTMFZaUlRFM09USkVSVEloTURBd01ESTRJVGs1T1RrdE1USXRNekZVTWpNNk5UazZOVGt1T1RrNU9UazVPVm9oIiwiVGFyZ2V0TG9jYXRpb24iOjB9",
      "RequestMethod": "GET",
      "RequestHeaders": {
        "Accept": "application/json",
        "Accept-Encoding": "gzip, deflate",
        "Connection": "keep-alive",
        "User-Agent": "azsdk-python-keyvault-keys/4.5.1 Python/3.9.9 (Windows-10-10.0.22000-SP0)"
      },
      "RequestBody": null,
      "StatusCode": 200,
      "ResponseHeaders": {
        "Cache-Control": "no-cache",
        "Content-Length": "362",
        "Content-Type": "application/json; charset=utf-8",
        "Date": "Fri, 22 Apr 2022 14:52:25 GMT",
        "Expires": "-1",
        "Pragma": "no-cache",
        "Strict-Transport-Security": "max-age=31536000;includeSubDomains",
        "X-Content-Type-Options": "nosniff",
        "x-ms-keyvault-network-info": "conn_type=Ipv4;addr=73.232.137.144;act_addr_fam=InterNetwork;",
        "x-ms-keyvault-rbac-assignment-id": "8f011949-ed39-5d00-b7ce-c76e5a8c4b2d",
        "x-ms-keyvault-rbac-cache": "ra_age=928;da_age=928;rd_age=928;brd_age=2910;ra_notif_age=1796;dec_lev=0;",
        "x-ms-keyvault-region": "westus2",
        "x-ms-keyvault-service-version": "1.9.358.1"
      },
      "ResponseBody": {
        "value": [],
        "nextLink": "https://vaultname.vault.azure.net:443/deletedkeys?api-version=7.2\u0026$skiptoken=eyJOZXh0TWFya2VyIjoiMiExNTIhTURBd01EY3dJV3RsZVM5TVNWWkZTMVpVUlZOVVJVTXRWa1ZTU1VaWkxWQXRNalUyUkRaRU5qSkVRVEl2UmpSRVFrSkRORE0xT0VReU5EVXlRamc1UWpZMU4wWTFNMEUxUmpJNVJETWhNREF3TURJNElUazVPVGt0TVRJdE16RlVNak02TlRrNk5Ua3VPVGs1T1RrNU9Wb2giLCJUYXJnZXRMb2NhdGlvbiI6MH0"
      }
    },
    {
      "RequestUri": "https://vaultname.vault.azure.net/deletedkeys?api-version=7.2\u0026$skiptoken=eyJOZXh0TWFya2VyIjoiMiExNTIhTURBd01EY3dJV3RsZVM5TVNWWkZTMVpVUlZOVVJVTXRWa1ZTU1VaWkxWQXRNalUyUkRaRU5qSkVRVEl2UmpSRVFrSkRORE0xT0VReU5EVXlRamc1UWpZMU4wWTFNMEUxUmpJNVJETWhNREF3TURJNElUazVPVGt0TVRJdE16RlVNak02TlRrNk5Ua3VPVGs1T1RrNU9Wb2giLCJUYXJnZXRMb2NhdGlvbiI6MH0",
      "RequestMethod": "GET",
      "RequestHeaders": {
        "Accept": "application/json",
        "Accept-Encoding": "gzip, deflate",
        "Connection": "keep-alive",
        "User-Agent": "azsdk-python-keyvault-keys/4.5.1 Python/3.9.9 (Windows-10-10.0.22000-SP0)"
      },
      "RequestBody": null,
      "StatusCode": 200,
      "ResponseHeaders": {
        "Cache-Control": "no-cache",
        "Content-Length": "303",
        "Content-Type": "application/json; charset=utf-8",
        "Date": "Fri, 22 Apr 2022 14:52:25 GMT",
        "Expires": "-1",
        "Pragma": "no-cache",
        "Strict-Transport-Security": "max-age=31536000;includeSubDomains",
        "X-Content-Type-Options": "nosniff",
        "x-ms-keyvault-network-info": "conn_type=Ipv4;addr=73.232.137.144;act_addr_fam=InterNetwork;",
        "x-ms-keyvault-rbac-assignment-id": "8f011949-ed39-5d00-b7ce-c76e5a8c4b2d",
        "x-ms-keyvault-rbac-cache": "ra_age=928;da_age=928;rd_age=928;brd_age=2910;ra_notif_age=1796;dec_lev=0;",
        "x-ms-keyvault-region": "westus2",
        "x-ms-keyvault-service-version": "1.9.358.1"
      },
      "ResponseBody": {
        "value": [],
        "nextLink": "https://vaultname.vault.azure.net:443/deletedkeys?api-version=7.2\u0026$skiptoken=eyJOZXh0TWFya2VyIjoiMiExMDghTURBd01ETTNJV3RsZVM5TVNWWkZTMVpVUlZOVVJVTXRWa1ZTU1VaWkxWQXRNemcwT1RJek9ETXhOVVVoTURBd01ESTRJVGs1T1RrdE1USXRNekZVTWpNNk5UazZOVGt1T1RrNU9UazVPVm9oIiwiVGFyZ2V0TG9jYXRpb24iOjB9"
      }
    },
    {
      "RequestUri": "https://vaultname.vault.azure.net/deletedkeys?api-version=7.2\u0026$skiptoken=eyJOZXh0TWFya2VyIjoiMiExMDghTURBd01ETTNJV3RsZVM5TVNWWkZTMVpVUlZOVVJVTXRWa1ZTU1VaWkxWQXRNemcwT1RJek9ETXhOVVVoTURBd01ESTRJVGs1T1RrdE1USXRNekZVTWpNNk5UazZOVGt1T1RrNU9UazVPVm9oIiwiVGFyZ2V0TG9jYXRpb24iOjB9",
      "RequestMethod": "GET",
      "RequestHeaders": {
        "Accept": "application/json",
        "Accept-Encoding": "gzip, deflate",
        "Connection": "keep-alive",
        "User-Agent": "azsdk-python-keyvault-keys/4.5.1 Python/3.9.9 (Windows-10-10.0.22000-SP0)"
      },
      "RequestBody": null,
      "StatusCode": 200,
      "ResponseHeaders": {
        "Cache-Control": "no-cache",
        "Content-Length": "362",
        "Content-Type": "application/json; charset=utf-8",
        "Date": "Fri, 22 Apr 2022 14:52:25 GMT",
        "Expires": "-1",
        "Pragma": "no-cache",
        "Strict-Transport-Security": "max-age=31536000;includeSubDomains",
        "X-Content-Type-Options": "nosniff",
        "x-ms-keyvault-network-info": "conn_type=Ipv4;addr=73.232.137.144;act_addr_fam=InterNetwork;",
        "x-ms-keyvault-rbac-assignment-id": "8f011949-ed39-5d00-b7ce-c76e5a8c4b2d",
        "x-ms-keyvault-rbac-cache": "ra_age=928;da_age=928;rd_age=928;brd_age=2911;ra_notif_age=1796;dec_lev=0;",
        "x-ms-keyvault-region": "westus2",
        "x-ms-keyvault-service-version": "1.9.358.1"
      },
      "ResponseBody": {
        "value": [],
        "nextLink": "https://vaultname.vault.azure.net:443/deletedkeys?api-version=7.2\u0026$skiptoken=eyJOZXh0TWFya2VyIjoiMiExNTIhTURBd01EY3dJV3RsZVM5TVNWWkZTMVpVUlZOVVJVTXRWa1ZTU1VaWkxWQXROVEl4T1RJMU5qTXhOakF2Tnprd09UVkVRVEJCTkVaQk5FSXhSVGxDTURNek5qVTROVGcyUlVZME1FTWhNREF3TURJNElUazVPVGt0TVRJdE16RlVNak02TlRrNk5Ua3VPVGs1T1RrNU9Wb2giLCJUYXJnZXRMb2NhdGlvbiI6MH0"
      }
    },
    {
      "RequestUri": "https://vaultname.vault.azure.net/deletedkeys?api-version=7.2\u0026$skiptoken=eyJOZXh0TWFya2VyIjoiMiExNTIhTURBd01EY3dJV3RsZVM5TVNWWkZTMVpVUlZOVVJVTXRWa1ZTU1VaWkxWQXROVEl4T1RJMU5qTXhOakF2Tnprd09UVkVRVEJCTkVaQk5FSXhSVGxDTURNek5qVTROVGcyUlVZME1FTWhNREF3TURJNElUazVPVGt0TVRJdE16RlVNak02TlRrNk5Ua3VPVGs1T1RrNU9Wb2giLCJUYXJnZXRMb2NhdGlvbiI6MH0",
      "RequestMethod": "GET",
      "RequestHeaders": {
        "Accept": "application/json",
        "Accept-Encoding": "gzip, deflate",
        "Connection": "keep-alive",
        "User-Agent": "azsdk-python-keyvault-keys/4.5.1 Python/3.9.9 (Windows-10-10.0.22000-SP0)"
      },
      "RequestBody": null,
      "StatusCode": 200,
      "ResponseHeaders": {
        "Cache-Control": "no-cache",
        "Content-Length": "303",
        "Content-Type": "application/json; charset=utf-8",
        "Date": "Fri, 22 Apr 2022 14:52:25 GMT",
        "Expires": "-1",
        "Pragma": "no-cache",
        "Strict-Transport-Security": "max-age=31536000;includeSubDomains",
        "X-Content-Type-Options": "nosniff",
        "x-ms-keyvault-network-info": "conn_type=Ipv4;addr=73.232.137.144;act_addr_fam=InterNetwork;",
        "x-ms-keyvault-rbac-assignment-id": "8f011949-ed39-5d00-b7ce-c76e5a8c4b2d",
        "x-ms-keyvault-rbac-cache": "ra_age=929;da_age=929;rd_age=929;brd_age=2911;ra_notif_age=1796;dec_lev=0;",
        "x-ms-keyvault-region": "westus2",
        "x-ms-keyvault-service-version": "1.9.358.1"
      },
      "ResponseBody": {
        "value": [],
        "nextLink": "https://vaultname.vault.azure.net:443/deletedkeys?api-version=7.2\u0026$skiptoken=eyJOZXh0TWFya2VyIjoiMiExMDghTURBd01ETTFJV3RsZVM5TVNWWkZTMVpVUlZOVVJVNURVbGxRVkMxTVQwTkJURE14TURFek1FRTNJVEF3TURBeU9DRTVPVGs1TFRFeUxUTXhWREl6T2pVNU9qVTVMams1T1RrNU9UbGFJUS0tIiwiVGFyZ2V0TG9jYXRpb24iOjB9"
      }
    },
    {
      "RequestUri": "https://vaultname.vault.azure.net/deletedkeys?api-version=7.2\u0026$skiptoken=eyJOZXh0TWFya2VyIjoiMiExMDghTURBd01ETTFJV3RsZVM5TVNWWkZTMVpVUlZOVVJVNURVbGxRVkMxTVQwTkJURE14TURFek1FRTNJVEF3TURBeU9DRTVPVGs1TFRFeUxUTXhWREl6T2pVNU9qVTVMams1T1RrNU9UbGFJUS0tIiwiVGFyZ2V0TG9jYXRpb24iOjB9",
      "RequestMethod": "GET",
      "RequestHeaders": {
        "Accept": "application/json",
        "Accept-Encoding": "gzip, deflate",
        "Connection": "keep-alive",
        "User-Agent": "azsdk-python-keyvault-keys/4.5.1 Python/3.9.9 (Windows-10-10.0.22000-SP0)"
      },
      "RequestBody": null,
      "StatusCode": 200,
      "ResponseHeaders": {
        "Cache-Control": "no-cache",
        "Content-Length": "362",
        "Content-Type": "application/json; charset=utf-8",
        "Date": "Fri, 22 Apr 2022 14:52:26 GMT",
        "Expires": "-1",
        "Pragma": "no-cache",
        "Strict-Transport-Security": "max-age=31536000;includeSubDomains",
        "X-Content-Type-Options": "nosniff",
        "x-ms-keyvault-network-info": "conn_type=Ipv4;addr=73.232.137.144;act_addr_fam=InterNetwork;",
        "x-ms-keyvault-rbac-assignment-id": "8f011949-ed39-5d00-b7ce-c76e5a8c4b2d",
        "x-ms-keyvault-rbac-cache": "ra_age=929;da_age=929;rd_age=929;brd_age=2911;ra_notif_age=1796;dec_lev=0;",
        "x-ms-keyvault-region": "westus2",
        "x-ms-keyvault-service-version": "1.9.358.1"
      },
      "ResponseBody": {
        "value": [],
        "nextLink": "https://vaultname.vault.azure.net:443/deletedkeys?api-version=7.2\u0026$skiptoken=eyJOZXh0TWFya2VyIjoiMiExNTIhTURBd01EY3dJV3RsZVM5TVNWWkZTMVpVUlZOVVNVMVFUMUpVTFZSRlUxUXRTMFZaTmtNNE9USkRRelV2UTBRMk1Ua3pNa0UxTmpZM05FSkdSVUZHUVRjeFJrSTBOemxFUlVSRU5qZ2hNREF3TURJNElUazVPVGt0TVRJdE16RlVNak02TlRrNk5Ua3VPVGs1T1RrNU9Wb2giLCJUYXJnZXRMb2NhdGlvbiI6MH0"
      }
    },
    {
      "RequestUri": "https://vaultname.vault.azure.net/deletedkeys?api-version=7.2\u0026$skiptoken=eyJOZXh0TWFya2VyIjoiMiExNTIhTURBd01EY3dJV3RsZVM5TVNWWkZTMVpVUlZOVVNVMVFUMUpVTFZSRlUxUXRTMFZaTmtNNE9USkRRelV2UTBRMk1Ua3pNa0UxTmpZM05FSkdSVUZHUVRjeFJrSTBOemxFUlVSRU5qZ2hNREF3TURJNElUazVPVGt0TVRJdE16RlVNak02TlRrNk5Ua3VPVGs1T1RrNU9Wb2giLCJUYXJnZXRMb2NhdGlvbiI6MH0",
      "RequestMethod": "GET",
      "RequestHeaders": {
        "Accept": "application/json",
        "Accept-Encoding": "gzip, deflate",
        "Connection": "keep-alive",
        "User-Agent": "azsdk-python-keyvault-keys/4.5.1 Python/3.9.9 (Windows-10-10.0.22000-SP0)"
      },
      "RequestBody": null,
      "StatusCode": 200,
      "ResponseHeaders": {
        "Cache-Control": "no-cache",
        "Content-Length": "991",
        "Content-Type": "application/json; charset=utf-8",
        "Date": "Fri, 22 Apr 2022 14:52:26 GMT",
        "Expires": "-1",
        "Pragma": "no-cache",
        "Strict-Transport-Security": "max-age=31536000;includeSubDomains",
        "X-Content-Type-Options": "nosniff",
        "x-ms-keyvault-network-info": "conn_type=Ipv4;addr=73.232.137.144;act_addr_fam=InterNetwork;",
        "x-ms-keyvault-rbac-assignment-id": "8f011949-ed39-5d00-b7ce-c76e5a8c4b2d",
        "x-ms-keyvault-rbac-cache": "ra_age=929;da_age=929;rd_age=929;brd_age=2911;ra_notif_age=1796;dec_lev=0;",
        "x-ms-keyvault-region": "westus2",
        "x-ms-keyvault-service-version": "1.9.358.1"
      },
      "ResponseBody": {
        "value": [
          {
            "recoveryId": "https://vaultname.vault.azure.net/deletedkeys/livekvtestkey0e542bd9",
            "deletedDate": 1650639105,
            "scheduledPurgeDate": 1651243905,
            "kid": "https://vaultname.vault.azure.net/keys/livekvtestkey0e542bd9",
            "attributes": {
              "enabled": true,
              "created": 1650639091,
              "updated": 1650639091,
              "recoveryLevel": "CustomizedRecoverable\u002BPurgeable",
              "recoverableDays": 7
            }
          },
          {
            "recoveryId": "https://vaultname.vault.azure.net/deletedkeys/livekvtestkey0e632bda",
            "deletedDate": 1650639039,
            "scheduledPurgeDate": 1651243839,
            "kid": "https://vaultname.vault.azure.net/keys/livekvtestkey0e632bda",
            "attributes": {
              "enabled": true,
              "created": 1650639025,
              "updated": 1650639025,
              "recoveryLevel": "CustomizedRecoverable\u002BPurgeable",
              "recoverableDays": 7
            }
          }
        ],
        "nextLink": "https://vaultname.vault.azure.net:443/deletedkeys?api-version=7.2\u0026$skiptoken=eyJOZXh0TWFya2VyIjoiMiE5NiFNREF3TURJMklXdGxlUzlNU1ZaRlMxWlVSVk5VUzBWWk1UZzJNakV5T0RNeElUQXdNREF5T0NFNU9UazVMVEV5TFRNeFZESXpPalU1T2pVNUxqazVPVGs1T1RsYUlRLS0iLCJUYXJnZXRMb2NhdGlvbiI6MH0"
      }
    },
    {
      "RequestUri": "https://vaultname.vault.azure.net/deletedkeys?api-version=7.2\u0026$skiptoken=eyJOZXh0TWFya2VyIjoiMiE5NiFNREF3TURJMklXdGxlUzlNU1ZaRlMxWlVSVk5VUzBWWk1UZzJNakV5T0RNeElUQXdNREF5T0NFNU9UazVMVEV5TFRNeFZESXpPalU1T2pVNUxqazVPVGs1T1RsYUlRLS0iLCJUYXJnZXRMb2NhdGlvbiI6MH0",
      "RequestMethod": "GET",
      "RequestHeaders": {
        "Accept": "application/json",
        "Accept-Encoding": "gzip, deflate",
        "Connection": "keep-alive",
        "User-Agent": "azsdk-python-keyvault-keys/4.5.1 Python/3.9.9 (Windows-10-10.0.22000-SP0)"
      },
      "RequestBody": null,
      "StatusCode": 200,
      "ResponseHeaders": {
        "Cache-Control": "no-cache",
        "Content-Length": "1757",
        "Content-Type": "application/json; charset=utf-8",
        "Date": "Fri, 22 Apr 2022 14:52:26 GMT",
        "Expires": "-1",
        "Pragma": "no-cache",
        "Strict-Transport-Security": "max-age=31536000;includeSubDomains",
        "X-Content-Type-Options": "nosniff",
        "x-ms-keyvault-network-info": "conn_type=Ipv4;addr=73.232.137.144;act_addr_fam=InterNetwork;",
        "x-ms-keyvault-rbac-assignment-id": "8f011949-ed39-5d00-b7ce-c76e5a8c4b2d",
        "x-ms-keyvault-rbac-cache": "ra_age=929;da_age=929;rd_age=929;brd_age=2911;ra_notif_age=1797;dec_lev=0;",
        "x-ms-keyvault-region": "westus2",
        "x-ms-keyvault-service-version": "1.9.358.1"
      },
      "ResponseBody": {
        "value": [
          {
            "recoveryId": "https://vaultname.vault.azure.net/deletedkeys/livekvtestkey1e542bd9",
            "deletedDate": 1650639109,
            "scheduledPurgeDate": 1651243909,
            "kid": "https://vaultname.vault.azure.net/keys/livekvtestkey1e542bd9",
            "attributes": {
              "enabled": true,
              "created": 1650639094,
              "updated": 1650639094,
              "recoveryLevel": "CustomizedRecoverable\u002BPurgeable",
              "recoverableDays": 7
            }
          },
          {
            "recoveryId": "https://vaultname.vault.azure.net/deletedkeys/livekvtestkey1e632bda",
            "deletedDate": 1650639043,
            "scheduledPurgeDate": 1651243843,
            "kid": "https://vaultname.vault.azure.net/keys/livekvtestkey1e632bda",
            "attributes": {
              "enabled": true,
              "created": 1650639028,
              "updated": 1650639028,
              "recoveryLevel": "CustomizedRecoverable\u002BPurgeable",
              "recoverableDays": 7
            }
          },
          {
            "recoveryId": "https://vaultname.vault.azure.net/deletedkeys/livekvtestkey2e542bd9",
            "deletedDate": 1650639116,
            "scheduledPurgeDate": 1651243916,
            "kid": "https://vaultname.vault.azure.net/keys/livekvtestkey2e542bd9",
            "attributes": {
              "enabled": true,
              "created": 1650639096,
              "updated": 1650639096,
              "recoveryLevel": "CustomizedRecoverable\u002BPurgeable",
              "recoverableDays": 7
            }
          },
          {
            "recoveryId": "https://vaultname.vault.azure.net/deletedkeys/livekvtestkey2e632bda",
            "deletedDate": 1650639050,
            "scheduledPurgeDate": 1651243850,
            "kid": "https://vaultname.vault.azure.net/keys/livekvtestkey2e632bda",
            "attributes": {
              "enabled": true,
              "created": 1650639030,
              "updated": 1650639030,
              "recoveryLevel": "CustomizedRecoverable\u002BPurgeable",
              "recoverableDays": 7
            }
          }
        ],
        "nextLink": "https://vaultname.vault.azure.net:443/deletedkeys?api-version=7.2\u0026$skiptoken=eyJOZXh0TWFya2VyIjoiMiExNDAhTURBd01EVTVJV3RsZVM5TVNWWkZTMVpVUlZOVVMwVlpNemcyTURNeU9ESkdMemMzTlVJMlJUTTJORU13UmpRMU1UaEJORGt6TnpReFF6azJORUU0TnpFNUlUQXdNREF5T0NFNU9UazVMVEV5TFRNeFZESXpPalU1T2pVNUxqazVPVGs1T1RsYUlRLS0iLCJUYXJnZXRMb2NhdGlvbiI6MH0"
      }
    },
    {
      "RequestUri": "https://vaultname.vault.azure.net/deletedkeys?api-version=7.2\u0026$skiptoken=eyJOZXh0TWFya2VyIjoiMiExNDAhTURBd01EVTVJV3RsZVM5TVNWWkZTMVpVUlZOVVMwVlpNemcyTURNeU9ESkdMemMzTlVJMlJUTTJORU13UmpRMU1UaEJORGt6TnpReFF6azJORUU0TnpFNUlUQXdNREF5T0NFNU9UazVMVEV5TFRNeFZESXpPalU1T2pVNUxqazVPVGs1T1RsYUlRLS0iLCJUYXJnZXRMb2NhdGlvbiI6MH0",
      "RequestMethod": "GET",
      "RequestHeaders": {
        "Accept": "application/json",
        "Accept-Encoding": "gzip, deflate",
        "Connection": "keep-alive",
        "User-Agent": "azsdk-python-keyvault-keys/4.5.1 Python/3.9.9 (Windows-10-10.0.22000-SP0)"
      },
      "RequestBody": null,
      "StatusCode": 200,
      "ResponseHeaders": {
        "Cache-Control": "no-cache",
        "Content-Length": "1697",
        "Content-Type": "application/json; charset=utf-8",
        "Date": "Fri, 22 Apr 2022 14:52:26 GMT",
        "Expires": "-1",
        "Pragma": "no-cache",
        "Strict-Transport-Security": "max-age=31536000;includeSubDomains",
        "X-Content-Type-Options": "nosniff",
        "x-ms-keyvault-network-info": "conn_type=Ipv4;addr=73.232.137.144;act_addr_fam=InterNetwork;",
        "x-ms-keyvault-rbac-assignment-id": "8f011949-ed39-5d00-b7ce-c76e5a8c4b2d",
        "x-ms-keyvault-rbac-cache": "ra_age=929;da_age=929;rd_age=929;brd_age=2911;ra_notif_age=1797;dec_lev=0;",
        "x-ms-keyvault-region": "westus2",
        "x-ms-keyvault-service-version": "1.9.358.1"
      },
      "ResponseBody": {
        "value": [
          {
            "recoveryId": "https://vaultname.vault.azure.net/deletedkeys/livekvtestkey3e542bd9",
            "deletedDate": 1650639125,
            "scheduledPurgeDate": 1651243925,
            "kid": "https://vaultname.vault.azure.net/keys/livekvtestkey3e542bd9",
            "attributes": {
              "enabled": true,
              "created": 1650639098,
              "updated": 1650639098,
              "recoveryLevel": "CustomizedRecoverable\u002BPurgeable",
              "recoverableDays": 7
            }
          },
          {
            "recoveryId": "https://vaultname.vault.azure.net/deletedkeys/livekvtestkey3e632bda",
            "deletedDate": 1650639057,
            "scheduledPurgeDate": 1651243857,
            "kid": "https://vaultname.vault.azure.net/keys/livekvtestkey3e632bda",
            "attributes": {
              "enabled": true,
              "created": 1650639032,
              "updated": 1650639032,
              "recoveryLevel": "CustomizedRecoverable\u002BPurgeable",
              "recoverableDays": 7
            }
          },
          {
            "recoveryId": "https://vaultname.vault.azure.net/deletedkeys/livekvtestkey4e542bd9",
            "deletedDate": 1650639129,
            "scheduledPurgeDate": 1651243929,
            "kid": "https://vaultname.vault.azure.net/keys/livekvtestkey4e542bd9",
            "attributes": {
              "enabled": true,
              "created": 1650639100,
              "updated": 1650639100,
              "recoveryLevel": "CustomizedRecoverable\u002BPurgeable",
              "recoverableDays": 7
            }
          },
          {
            "recoveryId": "https://vaultname.vault.azure.net/deletedkeys/livekvtestkey4e632bda",
            "deletedDate": 1650639063,
            "scheduledPurgeDate": 1651243863,
            "kid": "https://vaultname.vault.azure.net/keys/livekvtestkey4e632bda",
            "attributes": {
              "enabled": true,
              "created": 1650639034,
              "updated": 1650639034,
              "recoveryLevel": "CustomizedRecoverable\u002BPurgeable",
              "recoverableDays": 7
            }
          }
        ],
        "nextLink": "https://vaultname.vault.azure.net:443/deletedkeys?api-version=7.2\u0026$skiptoken=eyJOZXh0TWFya2VyIjoiMiE5NiFNREF3TURJMklXdGxlUzlNU1ZaRlMxWlVSVk5VUzBWWk5UZzFSalF5T0RKRklUQXdNREF5T0NFNU9UazVMVEV5TFRNeFZESXpPalU1T2pVNUxqazVPVGs1T1RsYUlRLS0iLCJUYXJnZXRMb2NhdGlvbiI6MH0"
      }
    },
    {
      "RequestUri": "https://vaultname.vault.azure.net/deletedkeys?api-version=7.2\u0026$skiptoken=eyJOZXh0TWFya2VyIjoiMiE5NiFNREF3TURJMklXdGxlUzlNU1ZaRlMxWlVSVk5VUzBWWk5UZzFSalF5T0RKRklUQXdNREF5T0NFNU9UazVMVEV5TFRNeFZESXpPalU1T2pVNUxqazVPVGs1T1RsYUlRLS0iLCJUYXJnZXRMb2NhdGlvbiI6MH0",
      "RequestMethod": "GET",
      "RequestHeaders": {
        "Accept": "application/json",
        "Accept-Encoding": "gzip, deflate",
        "Connection": "keep-alive",
        "User-Agent": "azsdk-python-keyvault-keys/4.5.1 Python/3.9.9 (Windows-10-10.0.22000-SP0)"
      },
      "RequestBody": null,
      "StatusCode": 200,
      "ResponseHeaders": {
        "Cache-Control": "no-cache",
        "Content-Length": "1399",
        "Content-Type": "application/json; charset=utf-8",
        "Date": "Fri, 22 Apr 2022 14:52:26 GMT",
        "Expires": "-1",
        "Pragma": "no-cache",
        "Strict-Transport-Security": "max-age=31536000;includeSubDomains",
        "X-Content-Type-Options": "nosniff",
        "x-ms-keyvault-network-info": "conn_type=Ipv4;addr=73.232.137.144;act_addr_fam=InterNetwork;",
        "x-ms-keyvault-rbac-assignment-id": "8f011949-ed39-5d00-b7ce-c76e5a8c4b2d",
        "x-ms-keyvault-rbac-cache": "ra_age=929;da_age=929;rd_age=929;brd_age=2912;ra_notif_age=1797;dec_lev=0;",
        "x-ms-keyvault-region": "westus2",
        "x-ms-keyvault-service-version": "1.9.358.1"
      },
      "ResponseBody": {
        "value": [
          {
            "recoveryId": "https://vaultname.vault.azure.net/deletedkeys/livekvtestkey5e542bd9",
            "deletedDate": 1650639132,
            "scheduledPurgeDate": 1651243932,
            "kid": "https://vaultname.vault.azure.net/keys/livekvtestkey5e542bd9",
            "attributes": {
              "enabled": true,
              "created": 1650639103,
              "updated": 1650639103,
              "recoveryLevel": "CustomizedRecoverable\u002BPurgeable",
              "recoverableDays": 7
            }
          },
          {
            "recoveryId": "https://vaultname.vault.azure.net/deletedkeys/livekvtestkey5e632bda",
            "deletedDate": 1650639070,
            "scheduledPurgeDate": 1651243870,
            "kid": "https://vaultname.vault.azure.net/keys/livekvtestkey5e632bda",
            "attributes": {
              "enabled": true,
              "created": 1650639036,
              "updated": 1650639036,
              "recoveryLevel": "CustomizedRecoverable\u002BPurgeable",
              "recoverableDays": 7
            }
          },
          {
            "recoveryId": "https://vaultname.vault.azure.net/deletedkeys/livekvtestkey6e542bd9",
            "deletedDate": 1650639136,
            "scheduledPurgeDate": 1651243936,
            "kid": "https://vaultname.vault.azure.net/keys/livekvtestkey6e542bd9",
            "attributes": {
              "enabled": true,
              "created": 1650639105,
              "updated": 1650639105,
              "recoveryLevel": "CustomizedRecoverable\u002BPurgeable",
              "recoverableDays": 7
            }
          }
        ],
        "nextLink": "https://vaultname.vault.azure.net:443/deletedkeys?api-version=7.2\u0026$skiptoken=eyJOZXh0TWFya2VyIjoiMiExMzYhTURBd01EVTRJV3RsZVM5TVNWWkZTMVpVUlZOVVMwVlpOa1UxTkRKQ1JEa3ZNREF3UWpFNU9UUTNPVGN5TkRsR1JEazNNRVF6T1RnNFJVUXhRa1ZHUWpjaE1EQXdNREk0SVRrNU9Ua3RNVEl0TXpGVU1qTTZOVGs2TlRrdU9UazVPVGs1T1ZvaCIsIlRhcmdldExvY2F0aW9uIjowfQ"
      }
    },
    {
      "RequestUri": "https://vaultname.vault.azure.net/deletedkeys?api-version=7.2\u0026$skiptoken=eyJOZXh0TWFya2VyIjoiMiExMzYhTURBd01EVTRJV3RsZVM5TVNWWkZTMVpVUlZOVVMwVlpOa1UxTkRKQ1JEa3ZNREF3UWpFNU9UUTNPVGN5TkRsR1JEazNNRVF6T1RnNFJVUXhRa1ZHUWpjaE1EQXdNREk0SVRrNU9Ua3RNVEl0TXpGVU1qTTZOVGs2TlRrdU9UazVPVGs1T1ZvaCIsIlRhcmdldExvY2F0aW9uIjowfQ",
      "RequestMethod": "GET",
      "RequestHeaders": {
        "Accept": "application/json",
        "Accept-Encoding": "gzip, deflate",
        "Connection": "keep-alive",
        "User-Agent": "azsdk-python-keyvault-keys/4.5.1 Python/3.9.9 (Windows-10-10.0.22000-SP0)"
      },
      "RequestBody": null,
      "StatusCode": 200,
      "ResponseHeaders": {
        "Cache-Control": "no-cache",
        "Content-Length": "645",
        "Content-Type": "application/json; charset=utf-8",
        "Date": "Fri, 22 Apr 2022 14:52:26 GMT",
        "Expires": "-1",
        "Pragma": "no-cache",
        "Strict-Transport-Security": "max-age=31536000;includeSubDomains",
        "X-Content-Type-Options": "nosniff",
        "x-ms-keyvault-network-info": "conn_type=Ipv4;addr=73.232.137.144;act_addr_fam=InterNetwork;",
        "x-ms-keyvault-rbac-assignment-id": "8f011949-ed39-5d00-b7ce-c76e5a8c4b2d",
        "x-ms-keyvault-rbac-cache": "ra_age=930;da_age=930;rd_age=930;brd_age=2912;ra_notif_age=1797;dec_lev=0;",
        "x-ms-keyvault-region": "westus2",
        "x-ms-keyvault-service-version": "1.9.358.1"
      },
      "ResponseBody": {
        "value": [
          {
            "recoveryId": "https://vaultname.vault.azure.net/deletedkeys/livekvtestkey6e632bda",
            "deletedDate": 1650639076,
            "scheduledPurgeDate": 1651243876,
            "kid": "https://vaultname.vault.azure.net/keys/livekvtestkey6e632bda",
            "attributes": {
              "enabled": true,
              "created": 1650639039,
              "updated": 1650639039,
              "recoveryLevel": "CustomizedRecoverable\u002BPurgeable",
              "recoverableDays": 7
            }
          }
        ],
        "nextLink": "https://vaultname.vault.azure.net:443/deletedkeys?api-version=7.2\u0026$skiptoken=eyJOZXh0TWFya2VyIjoiMiExMDAhTURBd01ESTVJV3RsZVM5TVNWWkZTMVpVUlZOVVMwVlpVMGxIVGtRNE1rWXlSRUl4SVRBd01EQXlPQ0U1T1RrNUxURXlMVE14VkRJek9qVTVPalU1TGprNU9UazVPVGxhSVEtLSIsIlRhcmdldExvY2F0aW9uIjowfQ"
      }
    },
    {
      "RequestUri": "https://vaultname.vault.azure.net/deletedkeys?api-version=7.2\u0026$skiptoken=eyJOZXh0TWFya2VyIjoiMiExMDAhTURBd01ESTVJV3RsZVM5TVNWWkZTMVpVUlZOVVMwVlpVMGxIVGtRNE1rWXlSRUl4SVRBd01EQXlPQ0U1T1RrNUxURXlMVE14VkRJek9qVTVPalU1TGprNU9UazVPVGxhSVEtLSIsIlRhcmdldExvY2F0aW9uIjowfQ",
      "RequestMethod": "GET",
      "RequestHeaders": {
        "Accept": "application/json",
        "Accept-Encoding": "gzip, deflate",
        "Connection": "keep-alive",
        "User-Agent": "azsdk-python-keyvault-keys/4.5.1 Python/3.9.9 (Windows-10-10.0.22000-SP0)"
      },
      "RequestBody": null,
      "StatusCode": 200,
      "ResponseHeaders": {
        "Cache-Control": "no-cache",
        "Content-Length": "357",
        "Content-Type": "application/json; charset=utf-8",
        "Date": "Fri, 22 Apr 2022 14:52:26 GMT",
        "Expires": "-1",
        "Pragma": "no-cache",
        "Strict-Transport-Security": "max-age=31536000;includeSubDomains",
        "X-Content-Type-Options": "nosniff",
        "x-ms-keyvault-network-info": "conn_type=Ipv4;addr=73.232.137.144;act_addr_fam=InterNetwork;",
        "x-ms-keyvault-rbac-assignment-id": "8f011949-ed39-5d00-b7ce-c76e5a8c4b2d",
        "x-ms-keyvault-rbac-cache": "ra_age=930;da_age=930;rd_age=930;brd_age=2912;ra_notif_age=1797;dec_lev=0;",
        "x-ms-keyvault-region": "westus2",
        "x-ms-keyvault-service-version": "1.9.358.1"
      },
      "ResponseBody": {
        "value": [],
        "nextLink": "https://vaultname.vault.azure.net:443/deletedkeys?api-version=7.2\u0026$skiptoken=eyJOZXh0TWFya2VyIjoiMiExNDghTURBd01EWTJJV3RsZVM5TVNWWkZTMVpVUlZOVVVsTkJMVVZZVUVsU1JVUTNNRU5DTXpVeU15OHlORFl5TmtORk5EWkZRa1kwTXpSQk9FVXlRMFk1UVVNME56RXpRVUUwUkNFd01EQXdNamdoT1RrNU9TMHhNaTB6TVZReU16bzFPVG8xT1M0NU9UazVPVGs1V2lFLSIsIlRhcmdldExvY2F0aW9uIjowfQ"
      }
    },
    {
      "RequestUri": "https://vaultname.vault.azure.net/deletedkeys?api-version=7.2\u0026$skiptoken=eyJOZXh0TWFya2VyIjoiMiExNDghTURBd01EWTJJV3RsZVM5TVNWWkZTMVpVUlZOVVVsTkJMVVZZVUVsU1JVUTNNRU5DTXpVeU15OHlORFl5TmtORk5EWkZRa1kwTXpSQk9FVXlRMFk1UVVNME56RXpRVUUwUkNFd01EQXdNamdoT1RrNU9TMHhNaTB6TVZReU16bzFPVG8xT1M0NU9UazVPVGs1V2lFLSIsIlRhcmdldExvY2F0aW9uIjowfQ",
      "RequestMethod": "GET",
      "RequestHeaders": {
        "Accept": "application/json",
        "Accept-Encoding": "gzip, deflate",
        "Connection": "keep-alive",
        "User-Agent": "azsdk-python-keyvault-keys/4.5.1 Python/3.9.9 (Windows-10-10.0.22000-SP0)"
      },
      "RequestBody": null,
      "StatusCode": 200,
      "ResponseHeaders": {
        "Cache-Control": "no-cache",
        "Content-Length": "303",
        "Content-Type": "application/json; charset=utf-8",
        "Date": "Fri, 22 Apr 2022 14:52:27 GMT",
        "Expires": "-1",
        "Pragma": "no-cache",
        "Strict-Transport-Security": "max-age=31536000;includeSubDomains",
        "X-Content-Type-Options": "nosniff",
        "x-ms-keyvault-network-info": "conn_type=Ipv4;addr=73.232.137.144;act_addr_fam=InterNetwork;",
        "x-ms-keyvault-rbac-assignment-id": "8f011949-ed39-5d00-b7ce-c76e5a8c4b2d",
        "x-ms-keyvault-rbac-cache": "ra_age=930;da_age=930;rd_age=930;brd_age=2912;ra_notif_age=1797;dec_lev=0;",
        "x-ms-keyvault-region": "westus2",
        "x-ms-keyvault-service-version": "1.9.358.1"
      },
      "ResponseBody": {
        "value": [],
        "nextLink": "https://vaultname.vault.azure.net:443/deletedkeys?api-version=7.2\u0026$skiptoken=eyJOZXh0TWFya2VyIjoiMiExMDghTURBd01ETTNJV3RsZVM5TVNWWkZTMVpVUlZOVVVsTkJMVlpGVWtsR1dTMHlNRFE0TVVGR09UTXpNa01oTURBd01ESTRJVGs1T1RrdE1USXRNekZVTWpNNk5UazZOVGt1T1RrNU9UazVPVm9oIiwiVGFyZ2V0TG9jYXRpb24iOjB9"
      }
    },
    {
      "RequestUri": "https://vaultname.vault.azure.net/deletedkeys?api-version=7.2\u0026$skiptoken=eyJOZXh0TWFya2VyIjoiMiExMDghTURBd01ETTNJV3RsZVM5TVNWWkZTMVpVUlZOVVVsTkJMVlpGVWtsR1dTMHlNRFE0TVVGR09UTXpNa01oTURBd01ESTRJVGs1T1RrdE1USXRNekZVTWpNNk5UazZOVGt1T1RrNU9UazVPVm9oIiwiVGFyZ2V0TG9jYXRpb24iOjB9",
      "RequestMethod": "GET",
      "RequestHeaders": {
        "Accept": "application/json",
        "Accept-Encoding": "gzip, deflate",
        "Connection": "keep-alive",
        "User-Agent": "azsdk-python-keyvault-keys/4.5.1 Python/3.9.9 (Windows-10-10.0.22000-SP0)"
      },
      "RequestBody": null,
      "StatusCode": 200,
      "ResponseHeaders": {
        "Cache-Control": "no-cache",
        "Content-Length": "362",
        "Content-Type": "application/json; charset=utf-8",
        "Date": "Fri, 22 Apr 2022 14:52:27 GMT",
        "Expires": "-1",
        "Pragma": "no-cache",
        "Strict-Transport-Security": "max-age=31536000;includeSubDomains",
        "X-Content-Type-Options": "nosniff",
        "x-ms-keyvault-network-info": "conn_type=Ipv4;addr=73.232.137.144;act_addr_fam=InterNetwork;",
        "x-ms-keyvault-rbac-assignment-id": "8f011949-ed39-5d00-b7ce-c76e5a8c4b2d",
        "x-ms-keyvault-rbac-cache": "ra_age=930;da_age=930;rd_age=930;brd_age=2912;ra_notif_age=1798;dec_lev=0;",
        "x-ms-keyvault-region": "westus2",
        "x-ms-keyvault-service-version": "1.9.358.1"
      },
      "ResponseBody": {
        "value": [],
        "nextLink": "https://vaultname.vault.azure.net:443/deletedkeys?api-version=7.2\u0026$skiptoken=eyJOZXh0TWFya2VyIjoiMiExNTIhTURBd01EWTVJV3RsZVM5TVNWWkZTMVpVUlZOVVVsTkJMVlpGVWtsR1dTMHpNRGN5T1RCRk1rVXhSUzlDT1VJd05qQkdRVFU1UVRZME56Y3dPVE5CUkRNNVJERTNNalkxTjBJM015RXdNREF3TWpnaE9UazVPUzB4TWkwek1WUXlNem8xT1RvMU9TNDVPVGs1T1RrNVdpRS0iLCJUYXJnZXRMb2NhdGlvbiI6MH0"
      }
    },
    {
      "RequestUri": "https://vaultname.vault.azure.net/deletedkeys?api-version=7.2\u0026$skiptoken=eyJOZXh0TWFya2VyIjoiMiExNTIhTURBd01EWTVJV3RsZVM5TVNWWkZTMVpVUlZOVVVsTkJMVlpGVWtsR1dTMHpNRGN5T1RCRk1rVXhSUzlDT1VJd05qQkdRVFU1UVRZME56Y3dPVE5CUkRNNVJERTNNalkxTjBJM015RXdNREF3TWpnaE9UazVPUzB4TWkwek1WUXlNem8xT1RvMU9TNDVPVGs1T1RrNVdpRS0iLCJUYXJnZXRMb2NhdGlvbiI6MH0",
      "RequestMethod": "GET",
      "RequestHeaders": {
        "Accept": "application/json",
        "Accept-Encoding": "gzip, deflate",
        "Connection": "keep-alive",
        "User-Agent": "azsdk-python-keyvault-keys/4.5.1 Python/3.9.9 (Windows-10-10.0.22000-SP0)"
      },
      "RequestBody": null,
      "StatusCode": 200,
      "ResponseHeaders": {
        "Cache-Control": "no-cache",
        "Content-Length": "303",
        "Content-Type": "application/json; charset=utf-8",
        "Date": "Fri, 22 Apr 2022 14:52:27 GMT",
        "Expires": "-1",
        "Pragma": "no-cache",
        "Strict-Transport-Security": "max-age=31536000;includeSubDomains",
        "X-Content-Type-Options": "nosniff",
        "x-ms-keyvault-network-info": "conn_type=Ipv4;addr=73.232.137.144;act_addr_fam=InterNetwork;",
        "x-ms-keyvault-rbac-assignment-id": "8f011949-ed39-5d00-b7ce-c76e5a8c4b2d",
        "x-ms-keyvault-rbac-cache": "ra_age=930;da_age=930;rd_age=930;brd_age=2912;ra_notif_age=1798;dec_lev=0;",
        "x-ms-keyvault-region": "westus2",
        "x-ms-keyvault-service-version": "1.9.358.1"
      },
      "ResponseBody": {
        "value": [],
        "nextLink": "https://vaultname.vault.azure.net:443/deletedkeys?api-version=7.2\u0026$skiptoken=eyJOZXh0TWFya2VyIjoiMiExMDghTURBd01ETTJJV3RsZVM5TVNWWkZTMVpVUlZOVVVsTkJMVlpGVWtsR1dTMDBNRGsyT1ROQ01rVXlNU0V3TURBd01qZ2hPVGs1T1MweE1pMHpNVlF5TXpvMU9UbzFPUzQ1T1RrNU9UazVXaUUtIiwiVGFyZ2V0TG9jYXRpb24iOjB9"
      }
    },
    {
      "RequestUri": "https://vaultname.vault.azure.net/deletedkeys?api-version=7.2\u0026$skiptoken=eyJOZXh0TWFya2VyIjoiMiExMDghTURBd01ETTJJV3RsZVM5TVNWWkZTMVpVUlZOVVVsTkJMVlpGVWtsR1dTMDBNRGsyT1ROQ01rVXlNU0V3TURBd01qZ2hPVGs1T1MweE1pMHpNVlF5TXpvMU9UbzFPUzQ1T1RrNU9UazVXaUUtIiwiVGFyZ2V0TG9jYXRpb24iOjB9",
      "RequestMethod": "GET",
      "RequestHeaders": {
        "Accept": "application/json",
        "Accept-Encoding": "gzip, deflate",
        "Connection": "keep-alive",
        "User-Agent": "azsdk-python-keyvault-keys/4.5.1 Python/3.9.9 (Windows-10-10.0.22000-SP0)"
      },
      "RequestBody": null,
      "StatusCode": 200,
      "ResponseHeaders": {
        "Cache-Control": "no-cache",
        "Content-Length": "351",
        "Content-Type": "application/json; charset=utf-8",
        "Date": "Fri, 22 Apr 2022 14:52:27 GMT",
        "Expires": "-1",
        "Pragma": "no-cache",
        "Strict-Transport-Security": "max-age=31536000;includeSubDomains",
        "X-Content-Type-Options": "nosniff",
        "x-ms-keyvault-network-info": "conn_type=Ipv4;addr=73.232.137.144;act_addr_fam=InterNetwork;",
        "x-ms-keyvault-rbac-assignment-id": "8f011949-ed39-5d00-b7ce-c76e5a8c4b2d",
        "x-ms-keyvault-rbac-cache": "ra_age=930;da_age=930;rd_age=930;brd_age=2913;ra_notif_age=1798;dec_lev=0;",
        "x-ms-keyvault-region": "westus2",
        "x-ms-keyvault-service-version": "1.9.358.1"
      },
      "ResponseBody": {
        "value": [],
        "nextLink": "https://vaultname.vault.azure.net:443/deletedkeys?api-version=7.2\u0026$skiptoken=eyJOZXh0TWFya2VyIjoiMiExNDQhTURBd01EWXlJV3RsZVM5TVNWWkZTMVpVUlZOVVZFVlRWRXRGV1RWR1FrWXlRVFl3THpBNVFVVkZNVUk0TmpRelFUUXpPRGxDTWpoQ1FrVXdOa0pDUkRBd01rUTFJVEF3TURBeU9DRTVPVGs1TFRFeUxUTXhWREl6T2pVNU9qVTVMams1T1RrNU9UbGFJUS0tIiwiVGFyZ2V0TG9jYXRpb24iOjB9"
      }
    },
    {
      "RequestUri": "https://vaultname.vault.azure.net/deletedkeys?api-version=7.2\u0026$skiptoken=eyJOZXh0TWFya2VyIjoiMiExNDQhTURBd01EWXlJV3RsZVM5TVNWWkZTMVpVUlZOVVZFVlRWRXRGV1RWR1FrWXlRVFl3THpBNVFVVkZNVUk0TmpRelFUUXpPRGxDTWpoQ1FrVXdOa0pDUkRBd01rUTFJVEF3TURBeU9DRTVPVGs1TFRFeUxUTXhWREl6T2pVNU9qVTVMams1T1RrNU9UbGFJUS0tIiwiVGFyZ2V0TG9jYXRpb24iOjB9",
      "RequestMethod": "GET",
      "RequestHeaders": {
        "Accept": "application/json",
        "Accept-Encoding": "gzip, deflate",
        "Connection": "keep-alive",
        "User-Agent": "azsdk-python-keyvault-keys/4.5.1 Python/3.9.9 (Windows-10-10.0.22000-SP0)"
      },
      "RequestBody": null,
      "StatusCode": 200,
      "ResponseHeaders": {
        "Cache-Control": "no-cache",
        "Content-Length": "28",
        "Content-Type": "application/json; charset=utf-8",
        "Date": "Fri, 22 Apr 2022 14:52:27 GMT",
        "Expires": "-1",
        "Pragma": "no-cache",
        "Strict-Transport-Security": "max-age=31536000;includeSubDomains",
        "X-Content-Type-Options": "nosniff",
        "x-ms-keyvault-network-info": "conn_type=Ipv4;addr=73.232.137.144;act_addr_fam=InterNetwork;",
        "x-ms-keyvault-rbac-assignment-id": "8f011949-ed39-5d00-b7ce-c76e5a8c4b2d",
        "x-ms-keyvault-rbac-cache": "ra_age=931;da_age=931;rd_age=931;brd_age=2913;ra_notif_age=1798;dec_lev=0;",
        "x-ms-keyvault-region": "westus2",
        "x-ms-keyvault-service-version": "1.9.358.1"
      },
      "ResponseBody": {
        "value": [],
        "nextLink": null
      }
    }
  ],
  "Variables": {}
}
