{
  "Entries": [
    {
      "RequestUri": "https://vaultname.vault.azure.net/keys/livekvtestrsa-not-yet-validc7bd379f/create?api-version=7.1",
      "RequestMethod": "POST",
      "RequestHeaders": {
        "Accept": "application/json",
        "Accept-Encoding": "gzip, deflate",
        "Content-Length": "0",
        "Content-Type": "application/json",
        "User-Agent": "azsdk-python-keyvault-keys/4.5.1 Python/3.9.9 (Windows-10-10.0.22000-SP0)"
      },
      "RequestBody": null,
      "StatusCode": 401,
      "ResponseHeaders": {
        "Cache-Control": "no-cache",
        "Content-Length": "97",
        "Content-Type": "application/json; charset=utf-8",
        "Date": "Fri, 22 Apr 2022 22:00:44 GMT",
        "Expires": "-1",
        "Pragma": "no-cache",
        "Strict-Transport-Security": "max-age=31536000;includeSubDomains",
        "WWW-Authenticate": "Bearer authorization=\u0022https://login.windows.net/00000000-0000-0000-0000-000000000000\u0022, resource=\u0022https://vault.azure.net\u0022",
        "X-Content-Type-Options": "nosniff",
        "x-ms-keyvault-network-info": "conn_type=Ipv4;addr=73.232.137.144;act_addr_fam=InterNetwork;",
        "x-ms-keyvault-region": "westus2",
        "x-ms-keyvault-service-version": "1.9.358.1"
      },
      "ResponseBody": {
        "error": {
          "code": "Unauthorized",
          "message": "AKV10000: Request is missing a Bearer or PoP token."
        }
      }
    },
    {
      "RequestUri": "https://vaultname.vault.azure.net/keys/livekvtestrsa-not-yet-validc7bd379f/create?api-version=7.1",
      "RequestMethod": "POST",
      "RequestHeaders": {
        "Accept": "application/json",
        "Accept-Encoding": "gzip, deflate",
        "Content-Length": "50",
        "Content-Type": "application/json",
        "User-Agent": "azsdk-python-keyvault-keys/4.5.1 Python/3.9.9 (Windows-10-10.0.22000-SP0)"
      },
      "RequestBody": {
        "kty": "RSA",
        "attributes": {
          "nbf": 32503680000
        }
      },
      "StatusCode": 200,
      "ResponseHeaders": {
        "Cache-Control": "no-cache",
        "Content-Length": "727",
        "Content-Type": "application/json; charset=utf-8",
        "Date": "Fri, 22 Apr 2022 22:00:44 GMT",
        "Expires": "-1",
        "Pragma": "no-cache",
        "Strict-Transport-Security": "max-age=31536000;includeSubDomains",
        "X-Content-Type-Options": "nosniff",
        "x-ms-keyvault-network-info": "conn_type=Ipv4;addr=73.232.137.144;act_addr_fam=InterNetwork;",
        "x-ms-keyvault-rbac-assignment-id": "ef5824ed-56c0-5945-812d-e76f79fb8978",
        "x-ms-keyvault-rbac-cache": "ra_age=161;da_age=3893;rd_age=3893;brd_age=6972;ra_notif_age=446;dec_lev=1;",
        "x-ms-keyvault-region": "westus2",
        "x-ms-keyvault-service-version": "1.9.358.1"
      },
      "ResponseBody": {
        "key": {
          "kid": "https://vaultname.vault.azure.net/keys/livekvtestrsa-not-yet-validc7bd379f/52bcce1316c249cda556dc0d4e935c65",
          "kty": "RSA",
          "key_ops": [
            "encrypt",
            "decrypt",
            "sign",
            "verify",
            "wrapKey",
            "unwrapKey"
          ],
          "n": "smDxvWPZtI_8O2Rg2CrAWkiy9yxptu6mCNldwGB-hQ7vlxXN9h01OWf9wNvLTFeJ1GZ_yGFqbWgQpfRRfnSnL-16ntMZ3GY_fX8Uk3ARavy4FbYFJjo51fD2O_57qMQ6ZxQl0taYLVseb6H4ZNtZ-AkQgGZDKaalxAKD0p-euzTGURDUc4i7BIduEfmrFsUudJq9cE8kmsLGYKAeXTIzgzRvQWm4zJb1lPkW8GozpYiu41NtTel1Xgc_HXhhcXRwmxABworHVY-H9Z9hr7TthU4mhQ-Hmd_wmONXbJ19dc8YY4gPvvtJAhnfam0Em3Gzvlp0aausFrpE5d4ggVjobQ",
          "e": "AQAB"
        },
        "attributes": {
          "enabled": true,
          "nbf": 32503680000,
          "created": 1650664845,
          "updated": 1650664845,
          "recoveryLevel": "CustomizedRecoverable\u002BPurgeable",
          "recoverableDays": 7
        }
      }
    },
    {
      "RequestUri": "https://vaultname.vault.azure.net/keys/livekvtestrsa-expiredc7bd379f/create?api-version=7.1",
      "RequestMethod": "POST",
      "RequestHeaders": {
        "Accept": "application/json",
        "Accept-Encoding": "gzip, deflate",
        "Content-Length": "48",
        "Content-Type": "application/json",
        "User-Agent": "azsdk-python-keyvault-keys/4.5.1 Python/3.9.9 (Windows-10-10.0.22000-SP0)"
      },
      "RequestBody": {
        "kty": "RSA",
        "attributes": {
          "exp": 946684800
        }
      },
      "StatusCode": 200,
      "ResponseHeaders": {
        "Cache-Control": "no-cache",
        "Content-Length": "719",
        "Content-Type": "application/json; charset=utf-8",
        "Date": "Fri, 22 Apr 2022 22:00:47 GMT",
        "Expires": "-1",
        "Pragma": "no-cache",
        "Strict-Transport-Security": "max-age=31536000;includeSubDomains",
        "X-Content-Type-Options": "nosniff",
        "x-ms-keyvault-network-info": "conn_type=Ipv4;addr=73.232.137.144;act_addr_fam=InterNetwork;",
        "x-ms-keyvault-rbac-assignment-id": "ef5824ed-56c0-5945-812d-e76f79fb8978",
        "x-ms-keyvault-rbac-cache": "ra_age=163;da_age=3895;rd_age=3895;brd_age=6974;ra_notif_age=448;dec_lev=1;",
        "x-ms-keyvault-region": "westus2",
        "x-ms-keyvault-service-version": "1.9.358.1"
      },
      "ResponseBody": {
        "key": {
          "kid": "https://vaultname.vault.azure.net/keys/livekvtestrsa-expiredc7bd379f/8648cde094b4427aa26bfc66eb851217",
          "kty": "RSA",
          "key_ops": [
            "encrypt",
            "decrypt",
            "sign",
            "verify",
            "wrapKey",
            "unwrapKey"
          ],
          "n": "zK0Ek64S-7K7TTQ4KJOQ7rzs7j51hNZS5OweIn3J1DOyOz3si3IgkIBpUXezjVKO3mSWaaT95oVR-USrRBlxJ3h-uZFO4rwU_lsFXBC7un6KFMd-F0zOq9sXQXM-gltFJS0Yytfw72D-R5nYw9RAbL3OOCTVR5wPlifcRpRWXmcSS215rSKwL-2LFftL-_piMJvJfuv2WLAenTxvT0eJyaz3UugxHqOcyJTHjJ9DXAcev4T-599FUVJWj85l76P2mo4KO9ZUJIkq7FQSg4Wa44LiblKvOMoWr7D2gV3J0JfnFAZHkpakEadIq580RKarnO64qJDzJl6fAD-Ko3LC5Q",
          "e": "AQAB"
        },
        "attributes": {
          "enabled": true,
          "exp": 946684800,
          "created": 1650664847,
          "updated": 1650664847,
          "recoveryLevel": "CustomizedRecoverable\u002BPurgeable",
          "recoverableDays": 7
        }
      }
    },
    {
      "RequestUri": "https://vaultname.vault.azure.net/keys/livekvtestrsa-validc7bd379f/create?api-version=7.1",
      "RequestMethod": "POST",
      "RequestHeaders": {
        "Accept": "application/json",
        "Accept-Encoding": "gzip, deflate",
        "Content-Length": "70",
        "Content-Type": "application/json",
        "User-Agent": "azsdk-python-keyvault-keys/4.5.1 Python/3.9.9 (Windows-10-10.0.22000-SP0)"
      },
      "RequestBody": {
        "kty": "RSA",
        "attributes": {
          "nbf": 32503680000,
          "exp": 32535216000
        }
      },
      "StatusCode": 200,
      "ResponseHeaders": {
        "Cache-Control": "no-cache",
        "Content-Length": "737",
        "Content-Type": "application/json; charset=utf-8",
        "Date": "Fri, 22 Apr 2022 22:00:49 GMT",
        "Expires": "-1",
        "Pragma": "no-cache",
        "Strict-Transport-Security": "max-age=31536000;includeSubDomains",
        "X-Content-Type-Options": "nosniff",
        "x-ms-keyvault-network-info": "conn_type=Ipv4;addr=73.232.137.144;act_addr_fam=InterNetwork;",
        "x-ms-keyvault-rbac-assignment-id": "ef5824ed-56c0-5945-812d-e76f79fb8978",
        "x-ms-keyvault-rbac-cache": "ra_age=165;da_age=3897;rd_age=3897;brd_age=6977;ra_notif_age=450;dec_lev=1;",
        "x-ms-keyvault-region": "westus2",
        "x-ms-keyvault-service-version": "1.9.358.1"
      },
      "ResponseBody": {
        "key": {
          "kid": "https://vaultname.vault.azure.net/keys/livekvtestrsa-validc7bd379f/d50793ca0cf14328a1c25eb4324366f0",
          "kty": "RSA",
          "key_ops": [
            "encrypt",
            "decrypt",
            "sign",
            "verify",
            "wrapKey",
            "unwrapKey"
          ],
          "n": "mNmTkhtCK6QqkSTfiD9VaSbGjfX3IGrwECG09uY1_aGKdC-B_2Cfie1oxp6_1S2BJl0zjHD-huizkXnRb0G5boYE_B7wHnQOQ4qExJEf6dx5aQMz6H_OgEtGXfL349U235FK8jQ9Rlmw5B6sL1jjwGCYeohvogHNKKBoSQsknDCw4s-okuHo5A-ZW9if6mhZea3uXkJ27-B_0JWbISIvEsJyfkcgDQMP6Vp-jU3wDlz_NU7ivRpkikKBu5GyroALv9Q1ZGv9kX2shcaRkAYSphDXjz5Kj00GIgtAjDFHVJ-EiQ47TkSu0i9_DVooMxgO_ni1pJWb7gIxAQMvzFO9EQ",
          "e": "AQAB"
        },
        "attributes": {
          "enabled": true,
          "nbf": 32503680000,
          "exp": 32535216000,
          "created": 1650664849,
          "updated": 1650664849,
          "recoveryLevel": "CustomizedRecoverable\u002BPurgeable",
          "recoverableDays": 7
        }
      }
    }
  ],
  "Variables": {}
}
