interactions:
- request:
    body: null
    headers:
      Accept:
      - application/json
      Content-Length:
      - '0'
      Content-Type:
      - application/json
      User-Agent:
      - azsdk-python-keyvault-keys/4.4.0b5 Python/3.5.3 (Windows-10-10.0.19041-SP0)
    method: POST
    uri: https://vaultname.vault.azure.net/keys/livekvtestcrypto-test-wrapping-key840c199e/create?api-version=2016-10-01
  response:
    body:
      string: '{"error":{"code":"Unauthorized","message":"Request is missing a Bearer
        or PoP token."}}'
    headers:
      cache-control: no-cache
      content-length: '87'
      content-type: application/json; charset=utf-8
      date: Fri, 07 May 2021 22:58:04 GMT
      expires: '-1'
      pragma: no-cache
      strict-transport-security: max-age=31536000;includeSubDomains
      www-authenticate: Bearer authorization="https://login.windows.net/72f988bf-86f1-41af-91ab-2d7cd011db47",
        resource="https://vault.azure.net"
      x-content-type-options: nosniff
      x-ms-keyvault-network-info: conn_type=Ipv4;addr=172.92.159.124;act_addr_fam=InterNetwork;
      x-ms-keyvault-region: centralus
      x-ms-keyvault-service-version: 1.2.265.0
      x-powered-by: ASP.NET
    status:
      code: 401
      message: Unauthorized
    url: https://mcpatinotest.vault.azure.net/keys/livekvtestcrypto-test-wrapping-key840c199e/create?api-version=2016-10-01
- request:
    body: '{"kty": "RSA"}'
    headers:
      Accept:
      - application/json
      Content-Length:
      - '14'
      Content-Type:
      - application/json
      User-Agent:
      - azsdk-python-keyvault-keys/4.4.0b5 Python/3.5.3 (Windows-10-10.0.19041-SP0)
    method: POST
    uri: https://vaultname.vault.azure.net/keys/livekvtestcrypto-test-wrapping-key840c199e/create?api-version=2016-10-01
  response:
    body:
      string: '{"key":{"kid":"https://vaultname.vault.azure.net/keys/livekvtestcrypto-test-wrapping-key840c199e/cbf7099ecbf44c2f9ed6e0306c2bcd8a","kty":"RSA","key_ops":["encrypt","decrypt","sign","verify","wrapKey","unwrapKey"],"n":"vXxQylb075vccS1wgSgc_PMmZgzBuEOFTw17N5Eux9TN8yV1YmwZZyvsIFFydS0KLRnDg_xpEF5JLtTyATfkC75Mz36Pyz50dPbzzY_wKcoEOXUuZtBgnZ3gvRq_OfNAbSAjajcSdNuChR1owt4BdRp1x18IZTmAPx8_VPZYm-zOMSv1U167CsT8uzQdkSZTTZIq1dBawoiBPwY1tszGBXuHnqZWwm1dFUfW5IYulcFP4h7i5zAzBOWmOBCq5UWKmFQxSBk9IGDwMe8ktLmdrH6hoioxgXm8Al06ovTyXPJaBM3qL15wrQFCStbpiT3EICBMtASFeuTDDrNAx1z7jQ","e":"AQAB"},"attributes":{"enabled":true,"created":1620428285,"updated":1620428285,"recoveryLevel":"Recoverable+Purgeable"}}'
    headers:
      cache-control: no-cache
      content-length: '689'
      content-type: application/json; charset=utf-8
      date: Fri, 07 May 2021 22:58:05 GMT
      expires: '-1'
      pragma: no-cache
      strict-transport-security: max-age=31536000;includeSubDomains
      x-content-type-options: nosniff
      x-ms-keyvault-network-info: conn_type=Ipv4;addr=172.92.159.124;act_addr_fam=InterNetwork;
      x-ms-keyvault-region: centralus
      x-ms-keyvault-service-version: 1.2.265.0
      x-powered-by: ASP.NET
    status:
      code: 200
      message: OK
    url: https://mcpatinotest.vault.azure.net/keys/livekvtestcrypto-test-wrapping-key840c199e/create?api-version=2016-10-01
- request:
    body: '{"alg": "RS256", "value": "ltYuKr0-Qt5fUDMPuO_ExVmYNSeAd7IemqCzPB3wehw"}'
    headers:
      Accept:
      - application/json
      Content-Length:
      - '72'
      Content-Type:
      - application/json
      User-Agent:
      - azsdk-python-keyvault-keys/4.4.0b5 Python/3.5.3 (Windows-10-10.0.19041-SP0)
    method: POST
    uri: https://vaultname.vault.azure.net/keys/livekvtestcrypto-test-wrapping-key840c199e/cbf7099ecbf44c2f9ed6e0306c2bcd8a/sign?api-version=2016-10-01
  response:
    body:
      string: '{"kid":"https://vaultname.vault.azure.net/keys/livekvtestcrypto-test-wrapping-key840c199e/cbf7099ecbf44c2f9ed6e0306c2bcd8a","value":"kvG8dZPU0HcupYRvqdy5wcN5B1bcFo4YlcS5hja77iHhvVimfgeB05SI9Drf2HA9cTYdRlbps_T7-oQLUwxGhBZxsYk_bk1eyE6fUjkMxaqVd2STuNxchqGDuIsC8HGakQ1cKy4Vaw8CNRsa7C1t7lmc0LJr9TN4mDMSZnZVrmFXG6jRfq7aOKRdbt0_slSvk6--luBMbT7ywzCWjc0jGSyxtBoCFn9ccLyP1zeIla4xIEnqxAEGpBz4-dToQYr7ecYnn-OeHteA_KZf5rL9tgfiJBPcU40dCCVsXudKHQP7Ceg6N2Ho-crULnhzj0N_AgjoL3pjsER54_xMEBbbEQ"}'
    headers:
      cache-control: no-cache
      content-length: '480'
      content-type: application/json; charset=utf-8
      date: Fri, 07 May 2021 22:58:06 GMT
      expires: '-1'
      pragma: no-cache
      strict-transport-security: max-age=31536000;includeSubDomains
      x-content-type-options: nosniff
      x-ms-keyvault-network-info: conn_type=Ipv4;addr=172.92.159.124;act_addr_fam=InterNetwork;
      x-ms-keyvault-region: centralus
      x-ms-keyvault-service-version: 1.2.265.0
      x-powered-by: ASP.NET
    status:
      code: 200
      message: OK
    url: https://mcpatinotest.vault.azure.net/keys/livekvtestcrypto-test-wrapping-key840c199e/cbf7099ecbf44c2f9ed6e0306c2bcd8a/sign?api-version=2016-10-01
version: 1
