interactions:
- request:
    body: null
    headers:
      Accept:
      - application/json
      Accept-Encoding:
      - gzip, deflate
      Connection:
      - keep-alive
      Content-Length:
      - '0'
      Content-Type:
      - application/json
      User-Agent:
      - azsdk-python-keyvault-keys/4.4.0b5 Python/3.5.3 (Windows-10-10.0.19041-SP0)
    method: POST
    uri: https://vaultname.vault.azure.net/keys/livekvtestkey0c6d21be2/create?api-version=7.2-preview
  response:
    body:
      string: '{"error":{"code":"Unauthorized","message":"Request is missing a Bearer
        or PoP token."}}'
    headers:
      cache-control:
      - no-cache
      content-length:
      - '87'
      content-type:
      - application/json; charset=utf-8
      date:
      - Tue, 20 Apr 2021 19:13:32 GMT
      expires:
      - '-1'
      pragma:
      - no-cache
      strict-transport-security:
      - max-age=31536000;includeSubDomains
      www-authenticate:
      - Bearer authorization="https://login.windows.net/72f988bf-86f1-41af-91ab-2d7cd011db47",
        resource="https://vault.azure.net"
      x-content-type-options:
      - nosniff
      x-ms-keyvault-network-info:
      - conn_type=Ipv4;addr=172.92.159.124;act_addr_fam=InterNetwork;
      x-ms-keyvault-region:
      - eastus2
      x-ms-keyvault-service-version:
      - 1.2.236.0
      x-powered-by:
      - ASP.NET
    status:
      code: 401
      message: Unauthorized
- request:
    body: '{"kty": "EC"}'
    headers:
      Accept:
      - application/json
      Accept-Encoding:
      - gzip, deflate
      Connection:
      - keep-alive
      Content-Length:
      - '13'
      Content-Type:
      - application/json
      User-Agent:
      - azsdk-python-keyvault-keys/4.4.0b5 Python/3.5.3 (Windows-10-10.0.19041-SP0)
    method: POST
    uri: https://vaultname.vault.azure.net/keys/livekvtestkey0c6d21be2/create?api-version=7.2-preview
  response:
    body:
      string: '{"key":{"kid":"https://vaultname.vault.azure.net/keys/livekvtestkey0c6d21be2/58135368b9c74699b48da948e952129d","kty":"EC","key_ops":["sign","verify"],"crv":"P-256","x":"Mo3PRkts9H_M64WXiRNjEossX4u9d6Di4EoagLeZcUg","y":"Kb7aDjkawof6L8V2Ucw-2TOvQDtkLSXNKuJIWoyhrqs"},"attributes":{"enabled":true,"created":1618946013,"updated":1618946013,"recoveryLevel":"Recoverable+Purgeable","recoverableDays":90}}'
    headers:
      cache-control:
      - no-cache
      content-length:
      - '401'
      content-type:
      - application/json; charset=utf-8
      date:
      - Tue, 20 Apr 2021 19:13:33 GMT
      expires:
      - '-1'
      pragma:
      - no-cache
      strict-transport-security:
      - max-age=31536000;includeSubDomains
      x-content-type-options:
      - nosniff
      x-ms-keyvault-network-info:
      - conn_type=Ipv4;addr=172.92.159.124;act_addr_fam=InterNetwork;
      x-ms-keyvault-region:
      - eastus2
      x-ms-keyvault-service-version:
      - 1.2.236.0
      x-powered-by:
      - ASP.NET
    status:
      code: 200
      message: OK
- request:
    body: '{"kty": "EC"}'
    headers:
      Accept:
      - application/json
      Accept-Encoding:
      - gzip, deflate
      Connection:
      - keep-alive
      Content-Length:
      - '13'
      Content-Type:
      - application/json
      User-Agent:
      - azsdk-python-keyvault-keys/4.4.0b5 Python/3.5.3 (Windows-10-10.0.19041-SP0)
    method: POST
    uri: https://vaultname.vault.azure.net/keys/livekvtestkey1c6d21be2/create?api-version=7.2-preview
  response:
    body:
      string: '{"key":{"kid":"https://vaultname.vault.azure.net/keys/livekvtestkey1c6d21be2/3662770da115404a8ace2706ecfa5031","kty":"EC","key_ops":["sign","verify"],"crv":"P-256","x":"xj1rIJ9ZG4rcCtSJ7DmyBXChG9MnNQRVqvILTxITCGI","y":"9hLcqOC7WhoHaWzMPCpIEUcW757Eb3mvgSt5a-GTSPI"},"attributes":{"enabled":true,"created":1618946013,"updated":1618946013,"recoveryLevel":"Recoverable+Purgeable","recoverableDays":90}}'
    headers:
      cache-control:
      - no-cache
      content-length:
      - '401'
      content-type:
      - application/json; charset=utf-8
      date:
      - Tue, 20 Apr 2021 19:13:33 GMT
      expires:
      - '-1'
      pragma:
      - no-cache
      strict-transport-security:
      - max-age=31536000;includeSubDomains
      x-content-type-options:
      - nosniff
      x-ms-keyvault-network-info:
      - conn_type=Ipv4;addr=172.92.159.124;act_addr_fam=InterNetwork;
      x-ms-keyvault-region:
      - eastus2
      x-ms-keyvault-service-version:
      - 1.2.236.0
      x-powered-by:
      - ASP.NET
    status:
      code: 200
      message: OK
- request:
    body: '{"kty": "EC"}'
    headers:
      Accept:
      - application/json
      Accept-Encoding:
      - gzip, deflate
      Connection:
      - keep-alive
      Content-Length:
      - '13'
      Content-Type:
      - application/json
      User-Agent:
      - azsdk-python-keyvault-keys/4.4.0b5 Python/3.5.3 (Windows-10-10.0.19041-SP0)
    method: POST
    uri: https://vaultname.vault.azure.net/keys/livekvtestkey2c6d21be2/create?api-version=7.2-preview
  response:
    body:
      string: '{"key":{"kid":"https://vaultname.vault.azure.net/keys/livekvtestkey2c6d21be2/75510f976f4142988f3d106669e40dc0","kty":"EC","key_ops":["sign","verify"],"crv":"P-256","x":"eRMnlt-HW-DcnT3aY1-jKqWgPsqCXSu_YdD_HYlzL_c","y":"x-xOu1M7Goaf5yaPjGuxcFJ9voSd00hSwrbxAszOa8A"},"attributes":{"enabled":true,"created":1618946013,"updated":1618946013,"recoveryLevel":"Recoverable+Purgeable","recoverableDays":90}}'
    headers:
      cache-control:
      - no-cache
      content-length:
      - '401'
      content-type:
      - application/json; charset=utf-8
      date:
      - Tue, 20 Apr 2021 19:13:33 GMT
      expires:
      - '-1'
      pragma:
      - no-cache
      strict-transport-security:
      - max-age=31536000;includeSubDomains
      x-content-type-options:
      - nosniff
      x-ms-keyvault-network-info:
      - conn_type=Ipv4;addr=172.92.159.124;act_addr_fam=InterNetwork;
      x-ms-keyvault-region:
      - eastus2
      x-ms-keyvault-service-version:
      - 1.2.236.0
      x-powered-by:
      - ASP.NET
    status:
      code: 200
      message: OK
- request:
    body: '{"kty": "EC"}'
    headers:
      Accept:
      - application/json
      Accept-Encoding:
      - gzip, deflate
      Connection:
      - keep-alive
      Content-Length:
      - '13'
      Content-Type:
      - application/json
      User-Agent:
      - azsdk-python-keyvault-keys/4.4.0b5 Python/3.5.3 (Windows-10-10.0.19041-SP0)
    method: POST
    uri: https://vaultname.vault.azure.net/keys/livekvtestkey3c6d21be2/create?api-version=7.2-preview
  response:
    body:
      string: '{"key":{"kid":"https://vaultname.vault.azure.net/keys/livekvtestkey3c6d21be2/7f1e4fc9c6ef402084e196738935cbf7","kty":"EC","key_ops":["sign","verify"],"crv":"P-256","x":"pUkUMRbRxtV2YaZCrOab8bQTtyaAG8yIC8DKGzCQlYM","y":"8dxMnhgrcRIGPTrHsTGjJjwZIayr0nEqHwqMs7dUe8s"},"attributes":{"enabled":true,"created":1618946014,"updated":1618946014,"recoveryLevel":"Recoverable+Purgeable","recoverableDays":90}}'
    headers:
      cache-control:
      - no-cache
      content-length:
      - '401'
      content-type:
      - application/json; charset=utf-8
      date:
      - Tue, 20 Apr 2021 19:13:33 GMT
      expires:
      - '-1'
      pragma:
      - no-cache
      strict-transport-security:
      - max-age=31536000;includeSubDomains
      x-content-type-options:
      - nosniff
      x-ms-keyvault-network-info:
      - conn_type=Ipv4;addr=172.92.159.124;act_addr_fam=InterNetwork;
      x-ms-keyvault-region:
      - eastus2
      x-ms-keyvault-service-version:
      - 1.2.236.0
      x-powered-by:
      - ASP.NET
    status:
      code: 200
      message: OK
- request:
    body: '{"kty": "RSA"}'
    headers:
      Accept:
      - application/json
      Accept-Encoding:
      - gzip, deflate
      Connection:
      - keep-alive
      Content-Length:
      - '14'
      Content-Type:
      - application/json
      User-Agent:
      - azsdk-python-keyvault-keys/4.4.0b5 Python/3.5.3 (Windows-10-10.0.19041-SP0)
    method: POST
    uri: https://vaultname.vault.azure.net/keys/livekvtestkey0c6d21be2/create?api-version=7.2-preview
  response:
    body:
      string: '{"key":{"kid":"https://vaultname.vault.azure.net/keys/livekvtestkey0c6d21be2/c33f05c23c4f41689944fb4ed599841c","kty":"RSA","key_ops":["encrypt","decrypt","sign","verify","wrapKey","unwrapKey"],"n":"33j7bcIpy0oNgWjoW6SOAGL83S4AnRFCTjVde3RPkLTf0d_M187_XLvuWIJRT-buWDL28yzQl5chPwp9uxyDWM7nPrN_bJtpOtZB3mHu1c5vPK09S5CdihL3I7MnAVrVvfkak4YAWfbpColeaVRchscXjVguvxhJvRlEJJzeuj8MT3riEyou7ppivgUx5pnswDKyZxX1SKlCui7HU-QF89gVGj5odBw3e5zj96_k5_stHN4GHEb_8xerA2V9qSStf2NYMXrBhQUDf4vx93KmcZfaCNxRD5aqtBdRq4oeJd86WcP07l7fgcwN4PQ7CRJ2C5S_N0hTTxbZvGnX-0wOKQ","e":"AQAB"},"attributes":{"enabled":true,"created":1618946014,"updated":1618946014,"recoveryLevel":"Recoverable+Purgeable","recoverableDays":90}}'
    headers:
      cache-control:
      - no-cache
      content-length:
      - '690'
      content-type:
      - application/json; charset=utf-8
      date:
      - Tue, 20 Apr 2021 19:13:34 GMT
      expires:
      - '-1'
      pragma:
      - no-cache
      strict-transport-security:
      - max-age=31536000;includeSubDomains
      x-content-type-options:
      - nosniff
      x-ms-keyvault-network-info:
      - conn_type=Ipv4;addr=172.92.159.124;act_addr_fam=InterNetwork;
      x-ms-keyvault-region:
      - eastus2
      x-ms-keyvault-service-version:
      - 1.2.236.0
      x-powered-by:
      - ASP.NET
    status:
      code: 200
      message: OK
- request:
    body: '{"kty": "RSA"}'
    headers:
      Accept:
      - application/json
      Accept-Encoding:
      - gzip, deflate
      Connection:
      - keep-alive
      Content-Length:
      - '14'
      Content-Type:
      - application/json
      User-Agent:
      - azsdk-python-keyvault-keys/4.4.0b5 Python/3.5.3 (Windows-10-10.0.19041-SP0)
    method: POST
    uri: https://vaultname.vault.azure.net/keys/livekvtestkey1c6d21be2/create?api-version=7.2-preview
  response:
    body:
      string: '{"key":{"kid":"https://vaultname.vault.azure.net/keys/livekvtestkey1c6d21be2/6f4456d5e3734743bf05bd091d5b3660","kty":"RSA","key_ops":["encrypt","decrypt","sign","verify","wrapKey","unwrapKey"],"n":"1hkpGei3trZjsUiEEsNua8VTqAGpZ1K5oBCJ5D7mJUm3MfD3OX9dZgO1QQsAFeCSTBd_uBqj3HfHxW3w2XaOgB_6hj6vJ1L16jNVQ4lsIg_3gsqoNFV7Ihcxf1X8Gc9V38weRDOhP949dzFgiOPMY86WTchSV3D6efUEzbiNTr-0EG-Zqh8X7SSRwWFHKYmvhNpMvuwIsIXpquDuTKZMr7_9EzoK0ydvHxTU3dp40n5IgylJyyPD96swAPdPi2TxPsLlsAGfLvJNsTXWjtrXZbLIVB3IIpSBzGBDpiicLjPnbMeokGJkqyelb5wJBVUctQRH0Z3xx_9ip_rCRZxoWQ","e":"AQAB"},"attributes":{"enabled":true,"created":1618946014,"updated":1618946014,"recoveryLevel":"Recoverable+Purgeable","recoverableDays":90}}'
    headers:
      cache-control:
      - no-cache
      content-length:
      - '690'
      content-type:
      - application/json; charset=utf-8
      date:
      - Tue, 20 Apr 2021 19:13:34 GMT
      expires:
      - '-1'
      pragma:
      - no-cache
      strict-transport-security:
      - max-age=31536000;includeSubDomains
      x-content-type-options:
      - nosniff
      x-ms-keyvault-network-info:
      - conn_type=Ipv4;addr=172.92.159.124;act_addr_fam=InterNetwork;
      x-ms-keyvault-region:
      - eastus2
      x-ms-keyvault-service-version:
      - 1.2.236.0
      x-powered-by:
      - ASP.NET
    status:
      code: 200
      message: OK
- request:
    body: '{"kty": "RSA"}'
    headers:
      Accept:
      - application/json
      Accept-Encoding:
      - gzip, deflate
      Connection:
      - keep-alive
      Content-Length:
      - '14'
      Content-Type:
      - application/json
      User-Agent:
      - azsdk-python-keyvault-keys/4.4.0b5 Python/3.5.3 (Windows-10-10.0.19041-SP0)
    method: POST
    uri: https://vaultname.vault.azure.net/keys/livekvtestkey2c6d21be2/create?api-version=7.2-preview
  response:
    body:
      string: '{"key":{"kid":"https://vaultname.vault.azure.net/keys/livekvtestkey2c6d21be2/4cf8d8f170c54ee79a7fa0efad8f7ad2","kty":"RSA","key_ops":["encrypt","decrypt","sign","verify","wrapKey","unwrapKey"],"n":"wCgSVzX0tpSrgSrIBFDyxb3pu0dwHqz42N-IrINU8go4bhhdpAzR6JMemZIKGZP5Po6AY9RYd4yBKO9CIywsIc0MNv3yhA5n2sfiU67dkzjNHPcrx1lnP4nuUXcwgwLMXNA30G9AX9yoNKeZyextR0V1Y96-dAdTKO7eMdUziN5yjcqsS-D1gnCvOXsawr5tkuCpFMD4SU7FTkGO5wjiVQOaZU3f1fts9cYECgnkRQd4a1C_uU4vuBmgQbtY87sfJEDSVr5-wKVDlEoTGiRL1urNqLF0dTOpGn214kAOIAT0PpaJ58qnOUIQm1GbTwW9zQOVd201VXiJdt3ygUE4SQ","e":"AQAB"},"attributes":{"enabled":true,"created":1618946015,"updated":1618946015,"recoveryLevel":"Recoverable+Purgeable","recoverableDays":90}}'
    headers:
      cache-control:
      - no-cache
      content-length:
      - '690'
      content-type:
      - application/json; charset=utf-8
      date:
      - Tue, 20 Apr 2021 19:13:35 GMT
      expires:
      - '-1'
      pragma:
      - no-cache
      strict-transport-security:
      - max-age=31536000;includeSubDomains
      x-content-type-options:
      - nosniff
      x-ms-keyvault-network-info:
      - conn_type=Ipv4;addr=172.92.159.124;act_addr_fam=InterNetwork;
      x-ms-keyvault-region:
      - eastus2
      x-ms-keyvault-service-version:
      - 1.2.236.0
      x-powered-by:
      - ASP.NET
    status:
      code: 200
      message: OK
- request:
    body: '{"kty": "RSA"}'
    headers:
      Accept:
      - application/json
      Accept-Encoding:
      - gzip, deflate
      Connection:
      - keep-alive
      Content-Length:
      - '14'
      Content-Type:
      - application/json
      User-Agent:
      - azsdk-python-keyvault-keys/4.4.0b5 Python/3.5.3 (Windows-10-10.0.19041-SP0)
    method: POST
    uri: https://vaultname.vault.azure.net/keys/livekvtestkey3c6d21be2/create?api-version=7.2-preview
  response:
    body:
      string: '{"key":{"kid":"https://vaultname.vault.azure.net/keys/livekvtestkey3c6d21be2/fab9d71d99354e26919064cc89eab823","kty":"RSA","key_ops":["encrypt","decrypt","sign","verify","wrapKey","unwrapKey"],"n":"yXWfuy0cKUx3ETCnWBYQDXtxWn3jDm7y2LUiLaTiaf1kpjgG-kQP_PzXmO-qEsKHvUrBUFr3Ti0sa2hYXhcH6719zhtB-8l0-54NwQvyaohJZo8aT8KEkfmIMy_ZV9YeNSbb-FdVPZvvAu1SfFf9b6uImkKOcwWV4ZU0iO5aRPXicsxue0soOc16GDKIDdkbYXLM2Eb4iqijTL-Hy_iGKy5J45GQqay6V0HOxA24ygKO_bzeJ7hUn3c1bdrtfBE1K3gNszcT69AL5TOwxNl96f2Eoubj6bSDCzXrzNOFYI91lhW6LK5KDgLMI2kS2dd6PEkacEFhrscxL0PwuWB21Q","e":"AQAB"},"attributes":{"enabled":true,"created":1618946015,"updated":1618946015,"recoveryLevel":"Recoverable+Purgeable","recoverableDays":90}}'
    headers:
      cache-control:
      - no-cache
      content-length:
      - '690'
      content-type:
      - application/json; charset=utf-8
      date:
      - Tue, 20 Apr 2021 19:13:35 GMT
      expires:
      - '-1'
      pragma:
      - no-cache
      strict-transport-security:
      - max-age=31536000;includeSubDomains
      x-content-type-options:
      - nosniff
      x-ms-keyvault-network-info:
      - conn_type=Ipv4;addr=172.92.159.124;act_addr_fam=InterNetwork;
      x-ms-keyvault-region:
      - eastus2
      x-ms-keyvault-service-version:
      - 1.2.236.0
      x-powered-by:
      - ASP.NET
    status:
      code: 200
      message: OK
- request:
    body: null
    headers:
      Accept:
      - application/json
      Accept-Encoding:
      - gzip, deflate
      Connection:
      - keep-alive
      User-Agent:
      - azsdk-python-keyvault-keys/4.4.0b5 Python/3.5.3 (Windows-10-10.0.19041-SP0)
    method: GET
    uri: https://vaultname.vault.azure.net/keys?api-version=7.2-preview
  response:
    body:
      string: '{"value":[{"kid":"https://vaultname.vault.azure.net/keys/crypto-test-encrypt-key24111d38","attributes":{"enabled":true,"created":1618869896,"updated":1618869896,"recoveryLevel":"Recoverable+Purgeable","recoverableDays":90}},{"kid":"https://vaultname.vault.azure.net/keys/crypto-test-encrypt-key262514db","attributes":{"enabled":true,"created":1618872675,"updated":1618872675,"recoveryLevel":"Recoverable+Purgeable","recoverableDays":90}},{"kid":"https://vaultname.vault.azure.net/keys/crypto-test-encrypt-key262c14dc","attributes":{"enabled":true,"created":1618872678,"updated":1618872678,"recoveryLevel":"Recoverable+Purgeable","recoverableDays":90}},{"kid":"https://vaultname.vault.azure.net/keys/crypto-test-encrypt-key464d19d5","attributes":{"enabled":true,"created":1618869894,"updated":1618869894,"recoveryLevel":"Recoverable+Purgeable","recoverableDays":90}},{"kid":"https://vaultname.vault.azure.net/keys/crypto-test-encrypt-key465419d6","attributes":{"enabled":true,"created":1618869896,"updated":1618869896,"recoveryLevel":"Recoverable+Purgeable","recoverableDays":90}},{"kid":"https://vaultname.vault.azure.net/keys/crypto-test-encrypt-keyb4ad165e","attributes":{"enabled":true,"created":1618872672,"updated":1618872672,"recoveryLevel":"Recoverable+Purgeable","recoverableDays":90}},{"kid":"https://vaultname.vault.azure.net/keys/crypto-test-encrypt-keydc0a183e","attributes":{"enabled":true,"created":1618872680,"updated":1618872680,"recoveryLevel":"Recoverable+Purgeable","recoverableDays":90}},{"kid":"https://vaultname.vault.azure.net/keys/crypto-test-encrypt-keyf7ab1b58","attributes":{"enabled":true,"created":1618869894,"updated":1618869894,"recoveryLevel":"Recoverable+Purgeable","recoverableDays":90}},{"kid":"https://vaultname.vault.azure.net/keys/crypto-test-wrapping-key555e14a4","attributes":{"enabled":true,"created":1618872683,"updated":1618872683,"recoveryLevel":"Recoverable+Purgeable","recoverableDays":90}},{"kid":"https://vaultname.vault.azure.net/keys/crypto-test-wrapping-key572214b5","attributes":{"enabled":true,"created":1618872694,"updated":1618872694,"recoveryLevel":"Recoverable+Purgeable","recoverableDays":90}},{"kid":"https://vaultname.vault.azure.net/keys/crypto-test-wrapping-key7b011684","attributes":{"enabled":true,"created":1618872691,"updated":1618872691,"recoveryLevel":"Recoverable+Purgeable","recoverableDays":90}},{"kid":"https://vaultname.vault.azure.net/keys/crypto-test-wrapping-key7cd61695","attributes":{"enabled":true,"created":1618872701,"updated":1618872701,"recoveryLevel":"Recoverable+Purgeable","recoverableDays":90}},{"kid":"https://vaultname.vault.azure.net/keys/crypto-test-wrapping-key840c199e","attributes":{"enabled":true,"created":1618869897,"updated":1618869897,"recoveryLevel":"Recoverable+Purgeable","recoverableDays":90}},{"kid":"https://vaultname.vault.azure.net/keys/crypto-test-wrapping-key863619af","attributes":{"enabled":true,"created":1618869900,"updated":1618869900,"recoveryLevel":"Recoverable+Purgeable","recoverableDays":90}},{"kid":"https://vaultname.vault.azure.net/keys/crypto-test-wrapping-keyaea91b7e","attributes":{"enabled":true,"created":1618869899,"updated":1618869899,"recoveryLevel":"Recoverable+Purgeable","recoverableDays":90}},{"kid":"https://vaultname.vault.azure.net/keys/crypto-test-wrapping-keyb0e41b8f","attributes":{"enabled":true,"created":1618869902,"updated":1618869902,"recoveryLevel":"Recoverable+Purgeable","recoverableDays":90}},{"kid":"https://vaultname.vault.azure.net/keys/crypto-test-wrapping-keyd2dd1321","attributes":{"enabled":true,"created":1618872686,"updated":1618872686,"recoveryLevel":"Recoverable+Purgeable","recoverableDays":90}},{"kid":"https://vaultname.vault.azure.net/keys/crypto-test-wrapping-keyd2e41322","attributes":{"enabled":true,"created":1618872688,"updated":1618872688,"recoveryLevel":"Recoverable+Purgeable","recoverableDays":90}},{"kid":"https://vaultname.vault.azure.net/keys/crypto-test-wrapping-keyd42a1332","attributes":{"enabled":true,"created":1618872696,"updated":1618872696,"recoveryLevel":"Recoverable+Purgeable","recoverableDays":90}},{"kid":"https://vaultname.vault.azure.net/keys/crypto-test-wrapping-keyd4311333","attributes":{"enabled":true,"created":1618872699,"updated":1618872699,"recoveryLevel":"Recoverable+Purgeable","recoverableDays":90}},{"kid":"https://vaultname.vault.azure.net/keys/crypto-test-wrapping-keydeb5181b","attributes":{"enabled":true,"created":1618869897,"updated":1618869897,"recoveryLevel":"Recoverable+Purgeable","recoverableDays":90}},{"kid":"https://vaultname.vault.azure.net/keys/crypto-test-wrapping-keydebc181c","attributes":{"enabled":true,"created":1618869899,"updated":1618869899,"recoveryLevel":"Recoverable+Purgeable","recoverableDays":90}},{"kid":"https://vaultname.vault.azure.net/keys/crypto-test-wrapping-keye068182c","attributes":{"enabled":true,"created":1618869901,"updated":1618869901,"recoveryLevel":"Recoverable+Purgeable","recoverableDays":90}},{"kid":"https://vaultname.vault.azure.net/keys/crypto-test-wrapping-keye06f182d","attributes":{"enabled":true,"created":1618869902,"updated":1618869902,"recoveryLevel":"Recoverable+Purgeable","recoverableDays":90}},{"kid":"https://vaultname.vault.azure.net/keys/key-name49ea1c6c","attributes":{"enabled":true,"created":1618874243,"updated":1618874243,"recoveryLevel":"Recoverable+Purgeable","recoverableDays":90}}],"nextLink":"https://vaultname.vault.azure.net:443/keys?api-version=7.2-preview&$skiptoken=eyJOZXh0TWFya2VyIjoiMiE4OCFNREF3TURJd0lXdGxlUzlMUlZrdFRrRk5SVFJCTmpJeFF6Y3hJVEF3TURBeU9DRTVPVGs1TFRFeUxUTXhWREl6T2pVNU9qVTVMams1T1RrNU9UbGFJUS0tIiwiVGFyZ2V0TG9jYXRpb24iOjB9"}'
    headers:
      cache-control:
      - no-cache
      content-length:
      - '5704'
      content-type:
      - application/json; charset=utf-8
      date:
      - Tue, 20 Apr 2021 19:13:35 GMT
      expires:
      - '-1'
      pragma:
      - no-cache
      strict-transport-security:
      - max-age=31536000;includeSubDomains
      x-content-type-options:
      - nosniff
      x-ms-keyvault-network-info:
      - conn_type=Ipv4;addr=172.92.159.124;act_addr_fam=InterNetwork;
      x-ms-keyvault-region:
      - eastus2
      x-ms-keyvault-service-version:
      - 1.2.236.0
      x-powered-by:
      - ASP.NET
    status:
      code: 200
      message: OK
- request:
    body: null
    headers:
      Accept:
      - application/json
      Accept-Encoding:
      - gzip, deflate
      Connection:
      - keep-alive
      User-Agent:
      - azsdk-python-keyvault-keys/4.4.0b5 Python/3.5.3 (Windows-10-10.0.19041-SP0)
    method: GET
    uri: https://vaultname.vault.azure.net/keys?api-version=7.2-preview&$skiptoken=eyJOZXh0TWFya2VyIjoiMiE4OCFNREF3TURJd0lXdGxlUzlMUlZrdFRrRk5SVFJCTmpJeFF6Y3hJVEF3TURBeU9DRTVPVGs1TFRFeUxUTXhWREl6T2pVNU9qVTVMams1T1RrNU9UbGFJUS0tIiwiVGFyZ2V0TG9jYXRpb24iOjB9
  response:
    body:
      string: '{"value":[{"kid":"https://vaultname.vault.azure.net/keys/key-name4dbf1589","attributes":{"enabled":true,"created":1618875905,"updated":1618875905,"recoveryLevel":"Recoverable+Purgeable","recoverableDays":90}},{"kid":"https://vaultname.vault.azure.net/keys/key-name4dc6158a","attributes":{"enabled":true,"created":1618875957,"updated":1618875957,"recoveryLevel":"Recoverable+Purgeable","recoverableDays":90}},{"kid":"https://vaultname.vault.azure.net/keys/key-name77551e4c","attributes":{"enabled":true,"created":1618874332,"updated":1618874332,"recoveryLevel":"Recoverable+Purgeable","recoverableDays":90}},{"kid":"https://vaultname.vault.azure.net/keys/key-name7fcc1989","attributes":{"enabled":true,"created":1618874410,"updated":1618874410,"recoveryLevel":"Recoverable+Purgeable","recoverableDays":90}},{"kid":"https://vaultname.vault.azure.net/keys/key-name90f11ae9","attributes":{"enabled":true,"created":1618874243,"updated":1618874243,"recoveryLevel":"Recoverable+Purgeable","recoverableDays":90}},{"kid":"https://vaultname.vault.azure.net/keys/key-name90f81aea","attributes":{"enabled":true,"created":1618874333,"updated":1618874333,"recoveryLevel":"Recoverable+Purgeable","recoverableDays":90}},{"kid":"https://vaultname.vault.azure.net/keys/key-name92318ec","attributes":{"enabled":true,"created":1618875985,"updated":1618875985,"recoveryLevel":"Recoverable+Purgeable","recoverableDays":90}},{"kid":"https://vaultname.vault.azure.net/keys/key-nameaa541b69","attributes":{"enabled":true,"created":1618874456,"updated":1618874456,"recoveryLevel":"Recoverable+Purgeable","recoverableDays":90}},{"kid":"https://vaultname.vault.azure.net/keys/key-namedb081806","attributes":{"enabled":true,"created":1618874410,"updated":1618874410,"recoveryLevel":"Recoverable+Purgeable","recoverableDays":90}},{"kid":"https://vaultname.vault.azure.net/keys/key-namedb0f1807","attributes":{"enabled":true,"created":1618874456,"updated":1618874456,"recoveryLevel":"Recoverable+Purgeable","recoverableDays":90}},{"kid":"https://vaultname.vault.azure.net/keys/key-namee109170c","attributes":{"enabled":true,"created":1618875905,"updated":1618875905,"recoveryLevel":"Recoverable+Purgeable","recoverableDays":90}},{"kid":"https://vaultname.vault.azure.net/keys/key04bff1c7f","attributes":{"enabled":true,"created":1618874200,"updated":1618874200,"recoveryLevel":"Recoverable+Purgeable","recoverableDays":90}},{"kid":"https://vaultname.vault.azure.net/keys/key0797d1e5f","attributes":{"enabled":true,"created":1618874221,"updated":1618874221,"recoveryLevel":"Recoverable+Purgeable","recoverableDays":90}},{"kid":"https://vaultname.vault.azure.net/keys/key092811afc","attributes":{"enabled":true,"created":1618874222,"updated":1618874222,"recoveryLevel":"Recoverable+Purgeable","recoverableDays":90}},{"kid":"https://vaultname.vault.azure.net/keys/key092881afd","attributes":{"enabled":true,"created":1618874199,"updated":1618874199,"recoveryLevel":"Recoverable+Purgeable","recoverableDays":90}},{"kid":"https://vaultname.vault.azure.net/keys/key09bd11a02","attributes":{"enabled":true,"created":1618875670,"updated":1618875670,"recoveryLevel":"Recoverable+Purgeable","recoverableDays":90}},{"kid":"https://vaultname.vault.azure.net/keys/key0c6d21be2","attributes":{"enabled":true,"created":1618875695,"updated":1618875695,"recoveryLevel":"Recoverable+Purgeable","recoverableDays":90}}],"nextLink":"https://vaultname.vault.azure.net:443/keys?api-version=7.2-preview&$skiptoken=eyJOZXh0TWFya2VyIjoiMiE4MCFNREF3TURFMklXdGxlUzlMUlZrd1JqTkNSVEU0TjBZaE1EQXdNREk0SVRrNU9Ua3RNVEl0TXpGVU1qTTZOVGs2TlRrdU9UazVPVGs1T1ZvaCIsIlRhcmdldExvY2F0aW9uIjowfQ"}'
    headers:
      cache-control:
      - no-cache
      content-length:
      - '3677'
      content-type:
      - application/json; charset=utf-8
      date:
      - Tue, 20 Apr 2021 19:13:36 GMT
      expires:
      - '-1'
      pragma:
      - no-cache
      strict-transport-security:
      - max-age=31536000;includeSubDomains
      x-content-type-options:
      - nosniff
      x-ms-keyvault-network-info:
      - conn_type=Ipv4;addr=172.92.159.124;act_addr_fam=InterNetwork;
      x-ms-keyvault-region:
      - eastus2
      x-ms-keyvault-service-version:
      - 1.2.236.0
      x-powered-by:
      - ASP.NET
    status:
      code: 200
      message: OK
- request:
    body: null
    headers:
      Accept:
      - application/json
      Accept-Encoding:
      - gzip, deflate
      Connection:
      - keep-alive
      User-Agent:
      - azsdk-python-keyvault-keys/4.4.0b5 Python/3.5.3 (Windows-10-10.0.19041-SP0)
    method: GET
    uri: https://vaultname.vault.azure.net/keys?api-version=7.2-preview&$skiptoken=eyJOZXh0TWFya2VyIjoiMiE4MCFNREF3TURFMklXdGxlUzlMUlZrd1JqTkNSVEU0TjBZaE1EQXdNREk0SVRrNU9Ua3RNVEl0TXpGVU1qTTZOVGs2TlRrdU9UazVPVGs1T1ZvaCIsIlRhcmdldExvY2F0aW9uIjowfQ
  response:
    body:
      string: '{"value":[{"kid":"https://vaultname.vault.azure.net/keys/key0f3be187f","attributes":{"enabled":true,"created":1618875695,"updated":1618875695,"recoveryLevel":"Recoverable+Purgeable","recoverableDays":90}},{"kid":"https://vaultname.vault.azure.net/keys/key0f3c51880","attributes":{"enabled":true,"created":1618875670,"updated":1618875670,"recoveryLevel":"Recoverable+Purgeable","recoverableDays":90}},{"kid":"https://vaultname.vault.azure.net/keys/key14bff1c7f","attributes":{"enabled":true,"created":1618874200,"updated":1618874200,"recoveryLevel":"Recoverable+Purgeable","recoverableDays":90}},{"kid":"https://vaultname.vault.azure.net/keys/key1797d1e5f","attributes":{"enabled":true,"created":1618874222,"updated":1618874222,"recoveryLevel":"Recoverable+Purgeable","recoverableDays":90}},{"kid":"https://vaultname.vault.azure.net/keys/key192811afc","attributes":{"enabled":true,"created":1618874222,"updated":1618874222,"recoveryLevel":"Recoverable+Purgeable","recoverableDays":90}},{"kid":"https://vaultname.vault.azure.net/keys/key192881afd","attributes":{"enabled":true,"created":1618874199,"updated":1618874199,"recoveryLevel":"Recoverable+Purgeable","recoverableDays":90}},{"kid":"https://vaultname.vault.azure.net/keys/key19bd11a02","attributes":{"enabled":true,"created":1618875671,"updated":1618875671,"recoveryLevel":"Recoverable+Purgeable","recoverableDays":90}},{"kid":"https://vaultname.vault.azure.net/keys/key1c6d21be2","attributes":{"enabled":true,"created":1618875695,"updated":1618875695,"recoveryLevel":"Recoverable+Purgeable","recoverableDays":90}},{"kid":"https://vaultname.vault.azure.net/keys/key1f3be187f","attributes":{"enabled":true,"created":1618875695,"updated":1618875695,"recoveryLevel":"Recoverable+Purgeable","recoverableDays":90}},{"kid":"https://vaultname.vault.azure.net/keys/key1f3c51880","attributes":{"enabled":true,"created":1618875670,"updated":1618875670,"recoveryLevel":"Recoverable+Purgeable","recoverableDays":90}},{"kid":"https://vaultname.vault.azure.net/keys/key24bff1c7f","attributes":{"enabled":true,"created":1618874201,"updated":1618874201,"recoveryLevel":"Recoverable+Purgeable","recoverableDays":90}},{"kid":"https://vaultname.vault.azure.net/keys/key2797d1e5f","attributes":{"enabled":true,"created":1618874222,"updated":1618874222,"recoveryLevel":"Recoverable+Purgeable","recoverableDays":90}},{"kid":"https://vaultname.vault.azure.net/keys/key292811afc","attributes":{"enabled":true,"created":1618874222,"updated":1618874222,"recoveryLevel":"Recoverable+Purgeable","recoverableDays":90}},{"kid":"https://vaultname.vault.azure.net/keys/key292881afd","attributes":{"enabled":true,"created":1618874199,"updated":1618874199,"recoveryLevel":"Recoverable+Purgeable","recoverableDays":90}},{"kid":"https://vaultname.vault.azure.net/keys/key29bd11a02","attributes":{"enabled":true,"created":1618875671,"updated":1618875671,"recoveryLevel":"Recoverable+Purgeable","recoverableDays":90}},{"kid":"https://vaultname.vault.azure.net/keys/key2c6d21be2","attributes":{"enabled":true,"created":1618875695,"updated":1618875695,"recoveryLevel":"Recoverable+Purgeable","recoverableDays":90}},{"kid":"https://vaultname.vault.azure.net/keys/key2f3be187f","attributes":{"enabled":true,"created":1618875695,"updated":1618875695,"recoveryLevel":"Recoverable+Purgeable","recoverableDays":90}},{"kid":"https://vaultname.vault.azure.net/keys/key2f3c51880","attributes":{"enabled":true,"created":1618875671,"updated":1618875671,"recoveryLevel":"Recoverable+Purgeable","recoverableDays":90}},{"kid":"https://vaultname.vault.azure.net/keys/key34bff1c7f","attributes":{"enabled":true,"created":1618874201,"updated":1618874201,"recoveryLevel":"Recoverable+Purgeable","recoverableDays":90}},{"kid":"https://vaultname.vault.azure.net/keys/key3797d1e5f","attributes":{"enabled":true,"created":1618874222,"updated":1618874222,"recoveryLevel":"Recoverable+Purgeable","recoverableDays":90}},{"kid":"https://vaultname.vault.azure.net/keys/key392811afc","attributes":{"enabled":true,"created":1618874223,"updated":1618874223,"recoveryLevel":"Recoverable+Purgeable","recoverableDays":90}},{"kid":"https://vaultname.vault.azure.net/keys/key392881afd","attributes":{"enabled":true,"created":1618874200,"updated":1618874200,"recoveryLevel":"Recoverable+Purgeable","recoverableDays":90}},{"kid":"https://vaultname.vault.azure.net/keys/key39bd11a02","attributes":{"enabled":true,"created":1618875671,"updated":1618875671,"recoveryLevel":"Recoverable+Purgeable","recoverableDays":90}},{"kid":"https://vaultname.vault.azure.net/keys/key3c6d21be2","attributes":{"enabled":true,"created":1618875696,"updated":1618875696,"recoveryLevel":"Recoverable+Purgeable","recoverableDays":90}},{"kid":"https://vaultname.vault.azure.net/keys/key3f3be187f","attributes":{"enabled":true,"created":1618875696,"updated":1618875696,"recoveryLevel":"Recoverable+Purgeable","recoverableDays":90}}],"nextLink":"https://vaultname.vault.azure.net:443/keys?api-version=7.2-preview&$skiptoken=eyJOZXh0TWFya2VyIjoiMiE4MCFNREF3TURFMklXdGxlUzlMUlZrelJqTkROVEU0T0RBaE1EQXdNREk0SVRrNU9Ua3RNVEl0TXpGVU1qTTZOVGs2TlRrdU9UazVPVGs1T1ZvaCIsIlRhcmdldExvY2F0aW9uIjowfQ"}'
    headers:
      cache-control:
      - no-cache
      content-length:
      - '5218'
      content-type:
      - application/json; charset=utf-8
      date:
      - Tue, 20 Apr 2021 19:13:36 GMT
      expires:
      - '-1'
      pragma:
      - no-cache
      strict-transport-security:
      - max-age=31536000;includeSubDomains
      x-content-type-options:
      - nosniff
      x-ms-keyvault-network-info:
      - conn_type=Ipv4;addr=172.92.159.124;act_addr_fam=InterNetwork;
      x-ms-keyvault-region:
      - eastus2
      x-ms-keyvault-service-version:
      - 1.2.236.0
      x-powered-by:
      - ASP.NET
    status:
      code: 200
      message: OK
- request:
    body: null
    headers:
      Accept:
      - application/json
      Accept-Encoding:
      - gzip, deflate
      Connection:
      - keep-alive
      User-Agent:
      - azsdk-python-keyvault-keys/4.4.0b5 Python/3.5.3 (Windows-10-10.0.19041-SP0)
    method: GET
    uri: https://vaultname.vault.azure.net/keys?api-version=7.2-preview&$skiptoken=eyJOZXh0TWFya2VyIjoiMiE4MCFNREF3TURFMklXdGxlUzlMUlZrelJqTkROVEU0T0RBaE1EQXdNREk0SVRrNU9Ua3RNVEl0TXpGVU1qTTZOVGs2TlRrdU9UazVPVGs1T1ZvaCIsIlRhcmdldExvY2F0aW9uIjowfQ
  response:
    body:
      string: '{"value":[{"kid":"https://vaultname.vault.azure.net/keys/key3f3c51880","attributes":{"enabled":true,"created":1618875671,"updated":1618875671,"recoveryLevel":"Recoverable+Purgeable","recoverableDays":90}},{"kid":"https://vaultname.vault.azure.net/keys/key95c61223","attributes":{"enabled":true,"created":1618877169,"updated":1618877169,"recoveryLevel":"Recoverable+Purgeable","recoverableDays":90}},{"kid":"https://vaultname.vault.azure.net/keys/keyrec99bc19ef","attributes":{"enabled":true,"created":1618875718,"updated":1618875718,"recoveryLevel":"Recoverable+Purgeable","recoverableDays":90}},{"kid":"https://vaultname.vault.azure.net/keys/keyrecc4aa1bcf","attributes":{"enabled":true,"created":1618875806,"updated":1618875806,"recoveryLevel":"Recoverable+Purgeable","recoverableDays":90}},{"kid":"https://vaultname.vault.azure.net/keys/keyrecf22e186c","attributes":{"enabled":true,"created":1618875718,"updated":1618875718,"recoveryLevel":"Recoverable+Purgeable","recoverableDays":90}},{"kid":"https://vaultname.vault.azure.net/keys/keyrecf235186d","attributes":{"enabled":true,"created":1618875806,"updated":1618875806,"recoveryLevel":"Recoverable+Purgeable","recoverableDays":90}},{"kid":"https://vaultname.vault.azure.net/keys/livekvtestkey09bd11a02","attributes":{"enabled":true,"created":1618945992,"updated":1618945992,"recoveryLevel":"Recoverable+Purgeable","recoverableDays":90}},{"kid":"https://vaultname.vault.azure.net/keys/livekvtestkey0c6d21be2","attributes":{"enabled":true,"created":1618946014,"updated":1618946014,"recoveryLevel":"Recoverable+Purgeable","recoverableDays":90}},{"kid":"https://vaultname.vault.azure.net/keys/livekvtestkey0f3be187f","attributes":{"enabled":true,"created":1618946001,"updated":1618946001,"recoveryLevel":"Recoverable+Purgeable","recoverableDays":90}},{"kid":"https://vaultname.vault.azure.net/keys/livekvtestkey0f3c51880","attributes":{"enabled":true,"created":1618946007,"updated":1618946007,"recoveryLevel":"Recoverable+Purgeable","recoverableDays":90}},{"kid":"https://vaultname.vault.azure.net/keys/livekvtestkey19bd11a02","attributes":{"enabled":true,"created":1618945993,"updated":1618945993,"recoveryLevel":"Recoverable+Purgeable","recoverableDays":90}},{"kid":"https://vaultname.vault.azure.net/keys/livekvtestkey1c6d21be2","attributes":{"enabled":true,"created":1618946014,"updated":1618946014,"recoveryLevel":"Recoverable+Purgeable","recoverableDays":90}},{"kid":"https://vaultname.vault.azure.net/keys/livekvtestkey1f3be187f","attributes":{"enabled":true,"created":1618946001,"updated":1618946001,"recoveryLevel":"Recoverable+Purgeable","recoverableDays":90}},{"kid":"https://vaultname.vault.azure.net/keys/livekvtestkey1f3c51880","attributes":{"enabled":true,"created":1618946008,"updated":1618946008,"recoveryLevel":"Recoverable+Purgeable","recoverableDays":90}},{"kid":"https://vaultname.vault.azure.net/keys/livekvtestkey29bd11a02","attributes":{"enabled":true,"created":1618945993,"updated":1618945993,"recoveryLevel":"Recoverable+Purgeable","recoverableDays":90}},{"kid":"https://vaultname.vault.azure.net/keys/livekvtestkey2c6d21be2","attributes":{"enabled":true,"created":1618946015,"updated":1618946015,"recoveryLevel":"Recoverable+Purgeable","recoverableDays":90}},{"kid":"https://vaultname.vault.azure.net/keys/livekvtestkey2f3be187f","attributes":{"enabled":true,"created":1618946001,"updated":1618946001,"recoveryLevel":"Recoverable+Purgeable","recoverableDays":90}},{"kid":"https://vaultname.vault.azure.net/keys/livekvtestkey2f3c51880","attributes":{"enabled":true,"created":1618946008,"updated":1618946008,"recoveryLevel":"Recoverable+Purgeable","recoverableDays":90}},{"kid":"https://vaultname.vault.azure.net/keys/livekvtestkey39bd11a02","attributes":{"enabled":true,"created":1618945994,"updated":1618945994,"recoveryLevel":"Recoverable+Purgeable","recoverableDays":90}},{"kid":"https://vaultname.vault.azure.net/keys/livekvtestkey3c6d21be2","attributes":{"enabled":true,"created":1618946015,"updated":1618946015,"recoveryLevel":"Recoverable+Purgeable","recoverableDays":90}},{"kid":"https://vaultname.vault.azure.net/keys/livekvtestkey3f3be187f","attributes":{"enabled":true,"created":1618946002,"updated":1618946002,"recoveryLevel":"Recoverable+Purgeable","recoverableDays":90}}],"nextLink":"https://vaultname.vault.azure.net:443/keys?api-version=7.2-preview&$skiptoken=eyJOZXh0TWFya2VyIjoiMiE5NiFNREF3TURJMklXdGxlUzlNU1ZaRlMxWlVSVk5VUzBWWk0wWXpRelV4T0Rnd0lUQXdNREF5T0NFNU9UazVMVEV5TFRNeFZESXpPalU1T2pVNUxqazVPVGs1T1RsYUlRLS0iLCJUYXJnZXRMb2NhdGlvbiI6MH0"}'
    headers:
      cache-control:
      - no-cache
      content-length:
      - '4604'
      content-type:
      - application/json; charset=utf-8
      date:
      - Tue, 20 Apr 2021 19:13:36 GMT
      expires:
      - '-1'
      pragma:
      - no-cache
      strict-transport-security:
      - max-age=31536000;includeSubDomains
      x-content-type-options:
      - nosniff
      x-ms-keyvault-network-info:
      - conn_type=Ipv4;addr=172.92.159.124;act_addr_fam=InterNetwork;
      x-ms-keyvault-region:
      - eastus2
      x-ms-keyvault-service-version:
      - 1.2.236.0
      x-powered-by:
      - ASP.NET
    status:
      code: 200
      message: OK
- request:
    body: null
    headers:
      Accept:
      - application/json
      Accept-Encoding:
      - gzip, deflate
      Connection:
      - keep-alive
      User-Agent:
      - azsdk-python-keyvault-keys/4.4.0b5 Python/3.5.3 (Windows-10-10.0.19041-SP0)
    method: GET
    uri: https://vaultname.vault.azure.net/keys?api-version=7.2-preview&$skiptoken=eyJOZXh0TWFya2VyIjoiMiE5NiFNREF3TURJMklXdGxlUzlNU1ZaRlMxWlVSVk5VUzBWWk0wWXpRelV4T0Rnd0lUQXdNREF5T0NFNU9UazVMVEV5TFRNeFZESXpPalU1T2pVNUxqazVPVGs1T1RsYUlRLS0iLCJUYXJnZXRMb2NhdGlvbiI6MH0
  response:
    body:
      string: '{"value":[{"kid":"https://vaultname.vault.azure.net/keys/livekvtestkey3f3c51880","attributes":{"enabled":true,"created":1618946009,"updated":1618946009,"recoveryLevel":"Recoverable+Purgeable","recoverableDays":90}}],"nextLink":null}'
    headers:
      cache-control:
      - no-cache
      content-length:
      - '235'
      content-type:
      - application/json; charset=utf-8
      date:
      - Tue, 20 Apr 2021 19:13:36 GMT
      expires:
      - '-1'
      pragma:
      - no-cache
      strict-transport-security:
      - max-age=31536000;includeSubDomains
      x-content-type-options:
      - nosniff
      x-ms-keyvault-network-info:
      - conn_type=Ipv4;addr=172.92.159.124;act_addr_fam=InterNetwork;
      x-ms-keyvault-region:
      - eastus2
      x-ms-keyvault-service-version:
      - 1.2.236.0
      x-powered-by:
      - ASP.NET
    status:
      code: 200
      message: OK
- request:
    body: null
    headers:
      Accept:
      - application/json
      Accept-Encoding:
      - gzip, deflate
      Connection:
      - keep-alive
      User-Agent:
      - azsdk-python-keyvault-keys/4.4.0b5 Python/3.5.3 (Windows-10-10.0.19041-SP0)
    method: GET
    uri: https://vaultname.vault.azure.net/keys/key-name/versions?api-version=7.2-preview
  response:
    body:
      string: '{"value":[],"nextLink":null}'
    headers:
      cache-control:
      - no-cache
      content-length:
      - '28'
      content-type:
      - application/json; charset=utf-8
      date:
      - Tue, 20 Apr 2021 19:13:37 GMT
      expires:
      - '-1'
      pragma:
      - no-cache
      strict-transport-security:
      - max-age=31536000;includeSubDomains
      x-content-type-options:
      - nosniff
      x-ms-keyvault-network-info:
      - conn_type=Ipv4;addr=172.92.159.124;act_addr_fam=InterNetwork;
      x-ms-keyvault-region:
      - eastus2
      x-ms-keyvault-service-version:
      - 1.2.236.0
      x-powered-by:
      - ASP.NET
    status:
      code: 200
      message: OK
- request:
    body: null
    headers:
      Accept:
      - application/json
      Accept-Encoding:
      - gzip, deflate
      Connection:
      - keep-alive
      User-Agent:
      - azsdk-python-keyvault-keys/4.4.0b5 Python/3.5.3 (Windows-10-10.0.19041-SP0)
    method: GET
    uri: https://vaultname.vault.azure.net/deletedkeys?api-version=7.2-preview
  response:
    body:
      string: '{"value":[],"nextLink":"https://vaultname.vault.azure.net:443/deletedkeys?api-version=7.2-preview&$skiptoken=eyJOZXh0TWFya2VyIjoiMiExNTIhTURBd01EWTVJV3RsZVM5RFVsbFFWRTh0VkVWVFZDMVhVa0ZRVUVsT1J5MUxSVms0TkRCRE1UazVSUzlFTWprMlJqSkJRalJCTWpBME4wWXhRVVJFTTBWQ05UazFSVEF3UmpVM015RXdNREF3TWpnaE9UazVPUzB4TWkwek1WUXlNem8xT1RvMU9TNDVPVGs1T1RrNVdpRS0iLCJUYXJnZXRMb2NhdGlvbiI6MH0"}'
    headers:
      cache-control:
      - no-cache
      content-length:
      - '373'
      content-type:
      - application/json; charset=utf-8
      date:
      - Tue, 20 Apr 2021 19:13:37 GMT
      expires:
      - '-1'
      pragma:
      - no-cache
      strict-transport-security:
      - max-age=31536000;includeSubDomains
      x-content-type-options:
      - nosniff
      x-ms-keyvault-network-info:
      - conn_type=Ipv4;addr=172.92.159.124;act_addr_fam=InterNetwork;
      x-ms-keyvault-region:
      - eastus2
      x-ms-keyvault-service-version:
      - 1.2.236.0
      x-powered-by:
      - ASP.NET
    status:
      code: 200
      message: OK
- request:
    body: null
    headers:
      Accept:
      - application/json
      Accept-Encoding:
      - gzip, deflate
      Connection:
      - keep-alive
      User-Agent:
      - azsdk-python-keyvault-keys/4.4.0b5 Python/3.5.3 (Windows-10-10.0.19041-SP0)
    method: GET
    uri: https://vaultname.vault.azure.net/deletedkeys?api-version=7.2-preview&$skiptoken=eyJOZXh0TWFya2VyIjoiMiExNTIhTURBd01EWTVJV3RsZVM5RFVsbFFWRTh0VkVWVFZDMVhVa0ZRVUVsT1J5MUxSVms0TkRCRE1UazVSUzlFTWprMlJqSkJRalJCTWpBME4wWXhRVVJFTTBWQ05UazFSVEF3UmpVM015RXdNREF3TWpnaE9UazVPUzB4TWkwek1WUXlNem8xT1RvMU9TNDVPVGs1T1RrNVdpRS0iLCJUYXJnZXRMb2NhdGlvbiI6MH0
  response:
    body:
      string: '{"value":[],"nextLink":"https://vaultname.vault.azure.net:443/deletedkeys?api-version=7.2-preview&$skiptoken=eyJOZXh0TWFya2VyIjoiMiE4OCFNREF3TURJd0lXdGxlUzlMUlZrdFRrRk5SVFJCTmpJeFF6Y3hJVEF3TURBeU9DRTVPVGs1TFRFeUxUTXhWREl6T2pVNU9qVTVMams1T1RrNU9UbGFJUS0tIiwiVGFyZ2V0TG9jYXRpb24iOjB9"}'
    headers:
      cache-control:
      - no-cache
      content-length:
      - '286'
      content-type:
      - application/json; charset=utf-8
      date:
      - Tue, 20 Apr 2021 19:13:37 GMT
      expires:
      - '-1'
      pragma:
      - no-cache
      strict-transport-security:
      - max-age=31536000;includeSubDomains
      x-content-type-options:
      - nosniff
      x-ms-keyvault-network-info:
      - conn_type=Ipv4;addr=172.92.159.124;act_addr_fam=InterNetwork;
      x-ms-keyvault-region:
      - eastus2
      x-ms-keyvault-service-version:
      - 1.2.236.0
      x-powered-by:
      - ASP.NET
    status:
      code: 200
      message: OK
- request:
    body: null
    headers:
      Accept:
      - application/json
      Accept-Encoding:
      - gzip, deflate
      Connection:
      - keep-alive
      User-Agent:
      - azsdk-python-keyvault-keys/4.4.0b5 Python/3.5.3 (Windows-10-10.0.19041-SP0)
    method: GET
    uri: https://vaultname.vault.azure.net/deletedkeys?api-version=7.2-preview&$skiptoken=eyJOZXh0TWFya2VyIjoiMiE4OCFNREF3TURJd0lXdGxlUzlMUlZrdFRrRk5SVFJCTmpJeFF6Y3hJVEF3TURBeU9DRTVPVGs1TFRFeUxUTXhWREl6T2pVNU9qVTVMams1T1RrNU9UbGFJUS0tIiwiVGFyZ2V0TG9jYXRpb24iOjB9
  response:
    body:
      string: '{"value":[{"recoveryId":"https://vaultname.vault.azure.net/deletedkeys/key-name4a621c71","deletedDate":1618874119,"scheduledPurgeDate":1626650119,"kid":"https://vaultname.vault.azure.net/keys/key-name4a621c71","attributes":{"enabled":true,"exp":2524723200,"created":1618874118,"updated":1618874119,"recoveryLevel":"Recoverable+Purgeable","recoverableDays":90},"tags":{"foo":"updated
        tag"}},{"recoveryId":"https://vaultname.vault.azure.net/deletedkeys/key-name77d21e51","deletedDate":1618874157,"scheduledPurgeDate":1626650157,"kid":"https://vaultname.vault.azure.net/keys/key-name77d21e51","attributes":{"enabled":true,"exp":2524723200,"created":1618874157,"updated":1618874157,"recoveryLevel":"Recoverable+Purgeable","recoverableDays":90},"tags":{"foo":"updated
        tag"}},{"recoveryId":"https://vaultname.vault.azure.net/deletedkeys/key-name91461aee","deletedDate":1618874118,"scheduledPurgeDate":1626650118,"kid":"https://vaultname.vault.azure.net/keys/key-name91461aee","attributes":{"enabled":true,"exp":2524723200,"created":1618874117,"updated":1618874118,"recoveryLevel":"Recoverable+Purgeable","recoverableDays":90},"tags":{"foo":"updated
        tag"}},{"recoveryId":"https://vaultname.vault.azure.net/deletedkeys/key-name914d1aef","deletedDate":1618874157,"scheduledPurgeDate":1626650157,"kid":"https://vaultname.vault.azure.net/keys/key-name914d1aef","attributes":{"enabled":true,"exp":2524723200,"created":1618874156,"updated":1618874157,"recoveryLevel":"Recoverable+Purgeable","recoverableDays":90},"tags":{"foo":"updated
        tag"}},{"recoveryId":"https://vaultname.vault.azure.net/deletedkeys/key-name9a3419f4","deletedDate":1618875597,"scheduledPurgeDate":1626651597,"kid":"https://vaultname.vault.azure.net/keys/key-name9a3419f4","attributes":{"enabled":true,"exp":2524723200,"created":1618875596,"updated":1618875596,"recoveryLevel":"Recoverable+Purgeable","recoverableDays":90},"tags":{"foo":"updated
        tag"}}],"nextLink":"https://vaultname.vault.azure.net:443/deletedkeys?api-version=7.2-preview&$skiptoken=eyJOZXh0TWFya2VyIjoiMiExMzIhTURBd01EVXpJV3RsZVM5TFJWa3RUa0ZOUlVGQk5UUXhRalk1THprME56VkdOemMwUVRWRU5qUTVNRE00UVRVNU16ZzBNa1UwUlVWQk56YzRJVEF3TURBeU9DRTVPVGs1TFRFeUxUTXhWREl6T2pVNU9qVTVMams1T1RrNU9UbGFJUS0tIiwiVGFyZ2V0TG9jYXRpb24iOjB9"}'
    headers:
      cache-control:
      - no-cache
      content-length:
      - '2275'
      content-type:
      - application/json; charset=utf-8
      date:
      - Tue, 20 Apr 2021 19:13:37 GMT
      expires:
      - '-1'
      pragma:
      - no-cache
      strict-transport-security:
      - max-age=31536000;includeSubDomains
      x-content-type-options:
      - nosniff
      x-ms-keyvault-network-info:
      - conn_type=Ipv4;addr=172.92.159.124;act_addr_fam=InterNetwork;
      x-ms-keyvault-region:
      - eastus2
      x-ms-keyvault-service-version:
      - 1.2.236.0
      x-powered-by:
      - ASP.NET
    status:
      code: 200
      message: OK
- request:
    body: null
    headers:
      Accept:
      - application/json
      Accept-Encoding:
      - gzip, deflate
      Connection:
      - keep-alive
      User-Agent:
      - azsdk-python-keyvault-keys/4.4.0b5 Python/3.5.3 (Windows-10-10.0.19041-SP0)
    method: GET
    uri: https://vaultname.vault.azure.net/deletedkeys?api-version=7.2-preview&$skiptoken=eyJOZXh0TWFya2VyIjoiMiExMzIhTURBd01EVXpJV3RsZVM5TFJWa3RUa0ZOUlVGQk5UUXhRalk1THprME56VkdOemMwUVRWRU5qUTVNRE00UVRVNU16ZzBNa1UwUlVWQk56YzRJVEF3TURBeU9DRTVPVGs1TFRFeUxUTXhWREl6T2pVNU9qVTVMams1T1RrNU9UbGFJUS0tIiwiVGFyZ2V0TG9jYXRpb24iOjB9
  response:
    body:
      string: '{"value":[{"recoveryId":"https://vaultname.vault.azure.net/deletedkeys/key-namec5271bd4","deletedDate":1618875629,"scheduledPurgeDate":1626651629,"kid":"https://vaultname.vault.azure.net/keys/key-namec5271bd4","attributes":{"enabled":true,"exp":2524723200,"created":1618875628,"updated":1618875629,"recoveryLevel":"Recoverable+Purgeable","recoverableDays":90},"tags":{"foo":"updated
        tag"}},{"recoveryId":"https://vaultname.vault.azure.net/deletedkeys/key-namef2831871","deletedDate":1618875597,"scheduledPurgeDate":1626651597,"kid":"https://vaultname.vault.azure.net/keys/key-namef2831871","attributes":{"enabled":true,"exp":2524723200,"created":1618875596,"updated":1618875597,"recoveryLevel":"Recoverable+Purgeable","recoverableDays":90},"tags":{"foo":"updated
        tag"}},{"recoveryId":"https://vaultname.vault.azure.net/deletedkeys/key-namef28a1872","deletedDate":1618875628,"scheduledPurgeDate":1626651628,"kid":"https://vaultname.vault.azure.net/keys/key-namef28a1872","attributes":{"enabled":true,"exp":2524723200,"created":1618875628,"updated":1618875628,"recoveryLevel":"Recoverable+Purgeable","recoverableDays":90},"tags":{"foo":"updated
        tag"}}],"nextLink":"https://vaultname.vault.azure.net:443/deletedkeys?api-version=7.2-preview&$skiptoken=eyJOZXh0TWFya2VyIjoiMiE4MCFNREF3TURFMklXdGxlUzlMUlZrd1JqTkNSVEU0TjBZaE1EQXdNREk0SVRrNU9Ua3RNVEl0TXpGVU1qTTZOVGs2TlRrdU9UazVPVGs1T1ZvaCIsIlRhcmdldExvY2F0aW9uIjowfQ"}'
    headers:
      cache-control:
      - no-cache
      content-length:
      - '1433'
      content-type:
      - application/json; charset=utf-8
      date:
      - Tue, 20 Apr 2021 19:13:37 GMT
      expires:
      - '-1'
      pragma:
      - no-cache
      strict-transport-security:
      - max-age=31536000;includeSubDomains
      x-content-type-options:
      - nosniff
      x-ms-keyvault-network-info:
      - conn_type=Ipv4;addr=172.92.159.124;act_addr_fam=InterNetwork;
      x-ms-keyvault-region:
      - eastus2
      x-ms-keyvault-service-version:
      - 1.2.236.0
      x-powered-by:
      - ASP.NET
    status:
      code: 200
      message: OK
- request:
    body: null
    headers:
      Accept:
      - application/json
      Accept-Encoding:
      - gzip, deflate
      Connection:
      - keep-alive
      User-Agent:
      - azsdk-python-keyvault-keys/4.4.0b5 Python/3.5.3 (Windows-10-10.0.19041-SP0)
    method: GET
    uri: https://vaultname.vault.azure.net/deletedkeys?api-version=7.2-preview&$skiptoken=eyJOZXh0TWFya2VyIjoiMiE4MCFNREF3TURFMklXdGxlUzlMUlZrd1JqTkNSVEU0TjBZaE1EQXdNREk0SVRrNU9Ua3RNVEl0TXpGVU1qTTZOVGs2TlRrdU9UazVPVGs1T1ZvaCIsIlRhcmdldExvY2F0aW9uIjowfQ
  response:
    body:
      string: '{"value":[],"nextLink":"https://vaultname.vault.azure.net:443/deletedkeys?api-version=7.2-preview&$skiptoken=eyJOZXh0TWFya2VyIjoiMiExMjQhTURBd01EUTVJV3RsZVM5TFJWa3lPVEk0TVRGQlJrTXZNakZGUmpGR1F6WXpPVE0xTkRkRU5VSkdNRVEzUkROQlFrUXdOelU0UkVRaE1EQXdNREk0SVRrNU9Ua3RNVEl0TXpGVU1qTTZOVGs2TlRrdU9UazVPVGs1T1ZvaCIsIlRhcmdldExvY2F0aW9uIjowfQ"}'
    headers:
      cache-control:
      - no-cache
      content-length:
      - '336'
      content-type:
      - application/json; charset=utf-8
      date:
      - Tue, 20 Apr 2021 19:13:38 GMT
      expires:
      - '-1'
      pragma:
      - no-cache
      strict-transport-security:
      - max-age=31536000;includeSubDomains
      x-content-type-options:
      - nosniff
      x-ms-keyvault-network-info:
      - conn_type=Ipv4;addr=172.92.159.124;act_addr_fam=InterNetwork;
      x-ms-keyvault-region:
      - eastus2
      x-ms-keyvault-service-version:
      - 1.2.236.0
      x-powered-by:
      - ASP.NET
    status:
      code: 200
      message: OK
- request:
    body: null
    headers:
      Accept:
      - application/json
      Accept-Encoding:
      - gzip, deflate
      Connection:
      - keep-alive
      User-Agent:
      - azsdk-python-keyvault-keys/4.4.0b5 Python/3.5.3 (Windows-10-10.0.19041-SP0)
    method: GET
    uri: https://vaultname.vault.azure.net/deletedkeys?api-version=7.2-preview&$skiptoken=eyJOZXh0TWFya2VyIjoiMiExMjQhTURBd01EUTVJV3RsZVM5TFJWa3lPVEk0TVRGQlJrTXZNakZGUmpGR1F6WXpPVE0xTkRkRU5VSkdNRVEzUkROQlFrUXdOelU0UkVRaE1EQXdNREk0SVRrNU9Ua3RNVEl0TXpGVU1qTTZOVGs2TlRrdU9UazVPVGs1T1ZvaCIsIlRhcmdldExvY2F0aW9uIjowfQ
  response:
    body:
      string: '{"value":[],"nextLink":"https://vaultname.vault.azure.net:443/deletedkeys?api-version=7.2-preview&$skiptoken=eyJOZXh0TWFya2VyIjoiMiE4MCFNREF3TURFMklXdGxlUzlMUlZrelJqTkROVEU0T0RBaE1EQXdNREk0SVRrNU9Ua3RNVEl0TXpGVU1qTTZOVGs2TlRrdU9UazVPVGs1T1ZvaCIsIlRhcmdldExvY2F0aW9uIjowfQ"}'
    headers:
      cache-control:
      - no-cache
      content-length:
      - '276'
      content-type:
      - application/json; charset=utf-8
      date:
      - Tue, 20 Apr 2021 19:13:38 GMT
      expires:
      - '-1'
      pragma:
      - no-cache
      strict-transport-security:
      - max-age=31536000;includeSubDomains
      x-content-type-options:
      - nosniff
      x-ms-keyvault-network-info:
      - conn_type=Ipv4;addr=172.92.159.124;act_addr_fam=InterNetwork;
      x-ms-keyvault-region:
      - eastus2
      x-ms-keyvault-service-version:
      - 1.2.236.0
      x-powered-by:
      - ASP.NET
    status:
      code: 200
      message: OK
- request:
    body: null
    headers:
      Accept:
      - application/json
      Accept-Encoding:
      - gzip, deflate
      Connection:
      - keep-alive
      User-Agent:
      - azsdk-python-keyvault-keys/4.4.0b5 Python/3.5.3 (Windows-10-10.0.19041-SP0)
    method: GET
    uri: https://vaultname.vault.azure.net/deletedkeys?api-version=7.2-preview&$skiptoken=eyJOZXh0TWFya2VyIjoiMiE4MCFNREF3TURFMklXdGxlUzlMUlZrelJqTkROVEU0T0RBaE1EQXdNREk0SVRrNU9Ua3RNVEl0TXpGVU1qTTZOVGs2TlRrdU9UazVPVGs1T1ZvaCIsIlRhcmdldExvY2F0aW9uIjowfQ
  response:
    body:
      string: '{"value":[{"recoveryId":"https://vaultname.vault.azure.net/deletedkeys/livekvtestkey-name9a3419f4","deletedDate":1618945860,"scheduledPurgeDate":1626721860,"kid":"https://vaultname.vault.azure.net/keys/livekvtestkey-name9a3419f4","attributes":{"enabled":true,"exp":2524723200,"created":1618945860,"updated":1618945860,"recoveryLevel":"Recoverable+Purgeable","recoverableDays":90},"tags":{"foo":"updated
        tag"}},{"recoveryId":"https://vaultname.vault.azure.net/deletedkeys/livekvtestkey-namec5271bd4","deletedDate":1618945958,"scheduledPurgeDate":1626721958,"kid":"https://vaultname.vault.azure.net/keys/livekvtestkey-namec5271bd4","attributes":{"enabled":true,"exp":2524723200,"created":1618945957,"updated":1618945957,"recoveryLevel":"Recoverable+Purgeable","recoverableDays":90},"tags":{"foo":"updated
        tag"}},{"recoveryId":"https://vaultname.vault.azure.net/deletedkeys/livekvtestkey-namef2831871","deletedDate":1618945900,"scheduledPurgeDate":1626721900,"kid":"https://vaultname.vault.azure.net/keys/livekvtestkey-namef2831871","attributes":{"enabled":true,"exp":2524723200,"created":1618945899,"updated":1618945900,"recoveryLevel":"Recoverable+Purgeable","recoverableDays":90},"tags":{"foo":"updated
        tag"}},{"recoveryId":"https://vaultname.vault.azure.net/deletedkeys/livekvtestkey-namef28a1872","deletedDate":1618945936,"scheduledPurgeDate":1626721936,"kid":"https://vaultname.vault.azure.net/keys/livekvtestkey-namef28a1872","attributes":{"enabled":true,"exp":2524723200,"created":1618945935,"updated":1618945936,"recoveryLevel":"Recoverable+Purgeable","recoverableDays":90},"tags":{"foo":"updated
        tag"}}],"nextLink":"https://vaultname.vault.azure.net:443/deletedkeys?api-version=7.2-preview&$skiptoken=eyJOZXh0TWFya2VyIjoiMiExNDAhTURBd01EVTVJV3RsZVM5TVNWWkZTMVpVUlZOVVMwVlpNRVl6UWtVeE9EZEdMekE0TkVReVJrVTRORFJHTlRSRlFqUTRRelU0TWpjMU1ESTBRakV5TkRBM0lUQXdNREF5T0NFNU9UazVMVEV5TFRNeFZESXpPalU1T2pVNUxqazVPVGs1T1RsYUlRLS0iLCJUYXJnZXRMb2NhdGlvbiI6MH0"}'
    headers:
      cache-control:
      - no-cache
      content-length:
      - '1980'
      content-type:
      - application/json; charset=utf-8
      date:
      - Tue, 20 Apr 2021 19:13:38 GMT
      expires:
      - '-1'
      pragma:
      - no-cache
      strict-transport-security:
      - max-age=31536000;includeSubDomains
      x-content-type-options:
      - nosniff
      x-ms-keyvault-network-info:
      - conn_type=Ipv4;addr=172.92.159.124;act_addr_fam=InterNetwork;
      x-ms-keyvault-region:
      - eastus2
      x-ms-keyvault-service-version:
      - 1.2.236.0
      x-powered-by:
      - ASP.NET
    status:
      code: 200
      message: OK
- request:
    body: null
    headers:
      Accept:
      - application/json
      Accept-Encoding:
      - gzip, deflate
      Connection:
      - keep-alive
      User-Agent:
      - azsdk-python-keyvault-keys/4.4.0b5 Python/3.5.3 (Windows-10-10.0.19041-SP0)
    method: GET
    uri: https://vaultname.vault.azure.net/deletedkeys?api-version=7.2-preview&$skiptoken=eyJOZXh0TWFya2VyIjoiMiExNDAhTURBd01EVTVJV3RsZVM5TVNWWkZTMVpVUlZOVVMwVlpNRVl6UWtVeE9EZEdMekE0TkVReVJrVTRORFJHTlRSRlFqUTRRelU0TWpjMU1ESTBRakV5TkRBM0lUQXdNREF5T0NFNU9UazVMVEV5TFRNeFZESXpPalU1T2pVNUxqazVPVGs1T1RsYUlRLS0iLCJUYXJnZXRMb2NhdGlvbiI6MH0
  response:
    body:
      string: '{"value":[],"nextLink":"https://vaultname.vault.azure.net:443/deletedkeys?api-version=7.2-preview&$skiptoken=eyJOZXh0TWFya2VyIjoiMiE5NiFNREF3TURJMklXdGxlUzlNU1ZaRlMxWlVSVk5VUzBWWk0wWXpRelV4T0Rnd0lUQXdNREF5T0NFNU9UazVMVEV5TFRNeFZESXpPalU1T2pVNUxqazVPVGs1T1RsYUlRLS0iLCJUYXJnZXRMb2NhdGlvbiI6MH0"}'
    headers:
      cache-control:
      - no-cache
      content-length:
      - '297'
      content-type:
      - application/json; charset=utf-8
      date:
      - Tue, 20 Apr 2021 19:13:38 GMT
      expires:
      - '-1'
      pragma:
      - no-cache
      strict-transport-security:
      - max-age=31536000;includeSubDomains
      x-content-type-options:
      - nosniff
      x-ms-keyvault-network-info:
      - conn_type=Ipv4;addr=172.92.159.124;act_addr_fam=InterNetwork;
      x-ms-keyvault-region:
      - eastus2
      x-ms-keyvault-service-version:
      - 1.2.236.0
      x-powered-by:
      - ASP.NET
    status:
      code: 200
      message: OK
- request:
    body: null
    headers:
      Accept:
      - application/json
      Accept-Encoding:
      - gzip, deflate
      Connection:
      - keep-alive
      User-Agent:
      - azsdk-python-keyvault-keys/4.4.0b5 Python/3.5.3 (Windows-10-10.0.19041-SP0)
    method: GET
    uri: https://vaultname.vault.azure.net/deletedkeys?api-version=7.2-preview&$skiptoken=eyJOZXh0TWFya2VyIjoiMiE5NiFNREF3TURJMklXdGxlUzlNU1ZaRlMxWlVSVk5VUzBWWk0wWXpRelV4T0Rnd0lUQXdNREF5T0NFNU9UazVMVEV5TFRNeFZESXpPalU1T2pVNUxqazVPVGs1T1RsYUlRLS0iLCJUYXJnZXRMb2NhdGlvbiI6MH0
  response:
    body:
      string: '{"value":[],"nextLink":null}'
    headers:
      cache-control:
      - no-cache
      content-length:
      - '28'
      content-type:
      - application/json; charset=utf-8
      date:
      - Tue, 20 Apr 2021 19:13:38 GMT
      expires:
      - '-1'
      pragma:
      - no-cache
      strict-transport-security:
      - max-age=31536000;includeSubDomains
      x-content-type-options:
      - nosniff
      x-ms-keyvault-network-info:
      - conn_type=Ipv4;addr=172.92.159.124;act_addr_fam=InterNetwork;
      x-ms-keyvault-region:
      - eastus2
      x-ms-keyvault-service-version:
      - 1.2.236.0
      x-powered-by:
      - ASP.NET
    status:
      code: 200
      message: OK
version: 1
