interactions:
- request:
    body: null
    headers:
      Accept:
      - application/json
      Content-Length:
      - '0'
      Content-Type:
      - application/json
      User-Agent:
      - azsdk-python-keyvault-keys/4.3.2 Python/3.5.3 (Windows-10-10.0.19041-SP0)
    method: POST
    uri: https://vaultname.vault.azure.net/keys/livekvtestkey032f70fb3/create?api-version=7.1
  response:
    body:
      string: '{"error":{"code":"Unauthorized","message":"Request is missing a Bearer
        or PoP token."}}'
    headers:
      cache-control: no-cache
      content-length: '87'
      content-type: application/json; charset=utf-8
      date: Sat, 06 Feb 2021 01:54:37 GMT
      expires: '-1'
      pragma: no-cache
      strict-transport-security: max-age=31536000;includeSubDomains
      www-authenticate: Bearer authorization="https://login.windows.net/72f988bf-86f1-41af-91ab-2d7cd011db47",
        resource="https://vault.azure.net"
      x-content-type-options: nosniff
      x-ms-keyvault-network-info: conn_type=Ipv4;addr=174.127.232.53;act_addr_fam=InterNetwork;
      x-ms-keyvault-region: northeurope
      x-ms-keyvault-service-version: 1.2.164.0
      x-powered-by: ASP.NET
    status:
      code: 401
      message: Unauthorized
    url: https://mcpatinotest.vault.azure.net/keys/livekvtestkey032f70fb3/create?api-version=7.1
- request:
    body: '{"kty": "RSA"}'
    headers:
      Accept:
      - application/json
      Content-Length:
      - '14'
      Content-Type:
      - application/json
      User-Agent:
      - azsdk-python-keyvault-keys/4.3.2 Python/3.5.3 (Windows-10-10.0.19041-SP0)
    method: POST
    uri: https://vaultname.vault.azure.net/keys/livekvtestkey032f70fb3/create?api-version=7.1
  response:
    body:
      string: '{"key":{"kid":"https://vaultname.vault.azure.net/keys/livekvtestkey032f70fb3/5fa053651c3b46de8f97123bcb36a84d","kty":"RSA","key_ops":["encrypt","decrypt","sign","verify","wrapKey","unwrapKey"],"n":"0mFB9uUx6mAybaJQbs8H3dAHuHCkmgbCJ_rNLBw-sBtcFjDw_br-0gj4i2sv2KuBNuJJM4Q_YB_aiwuSZjp62RHUlAFpGhjRo3wTsD5BgJH7W5xjfHrJ4b5GJMBjUiwTEX4qFXV-SOsXlrolicVlcBCBL4fRGEjjkkDlPgaNSrrSVEhNeWULh-NAYsJRZfXV3AezJ7bhyR6IGRZ6-tgHInKpzcYE48EF6tHrAldej1xuzSjebiZCdVQXSi2pRn5G8rS0O5dh_UClXqbjK7QM9okjC9V3SwaZ12OMPdPGX_WIX3c7iiO5cqGDM0BK-__UKD1qlus8GchptyuuQv6n9Q","e":"AQAB"},"attributes":{"enabled":true,"created":1612576478,"updated":1612576478,"recoveryLevel":"Recoverable+Purgeable","recoverableDays":90}}'
    headers:
      cache-control: no-cache
      content-length: '690'
      content-type: application/json; charset=utf-8
      date: Sat, 06 Feb 2021 01:54:38 GMT
      expires: '-1'
      pragma: no-cache
      strict-transport-security: max-age=31536000;includeSubDomains
      x-content-type-options: nosniff
      x-ms-keyvault-network-info: conn_type=Ipv4;addr=174.127.232.53;act_addr_fam=InterNetwork;
      x-ms-keyvault-region: northeurope
      x-ms-keyvault-service-version: 1.2.164.0
      x-powered-by: ASP.NET
    status:
      code: 200
      message: OK
    url: https://mcpatinotest.vault.azure.net/keys/livekvtestkey032f70fb3/create?api-version=7.1
- request:
    body: '{"kty": "RSA"}'
    headers:
      Accept:
      - application/json
      Content-Length:
      - '14'
      Content-Type:
      - application/json
      User-Agent:
      - azsdk-python-keyvault-keys/4.3.2 Python/3.5.3 (Windows-10-10.0.19041-SP0)
    method: POST
    uri: https://vaultname.vault.azure.net/keys/livekvtestkey132f70fb3/create?api-version=7.1
  response:
    body:
      string: '{"key":{"kid":"https://vaultname.vault.azure.net/keys/livekvtestkey132f70fb3/7eafb9d026214d389d1649b806e1ced3","kty":"RSA","key_ops":["encrypt","decrypt","sign","verify","wrapKey","unwrapKey"],"n":"y2KVo3YF6130HzpMvtfRUFkfpeSLgq1khq26W-jICTqM0X4vSzdBx5aosjKATIA1bmVwxfT7LzRZysNl5TkRPv7aimYngQNhXI4M3IbhoRQ44e2L2kCgdJG4l5euBJvCX-KVdfD5pgyO0AtAP5jisSTY6DvNySPaPtQVMnyizsukWHhf0Ty24meOxcJd5rybnWzmrfjG1PubiIU37EUXrSN6pA5dTvhkWMaPXwuZZPNsgoidpL8anNbTb3fZqA9TSDwugt6B3RhXTZJ3urmRQWCQteSCz4BSOO9p_8fgxzU7LeB57cNU9uiwK54nskZ7o_OFEWiRVBNCSxfId869YQ","e":"AQAB"},"attributes":{"enabled":true,"created":1612576478,"updated":1612576478,"recoveryLevel":"Recoverable+Purgeable","recoverableDays":90}}'
    headers:
      cache-control: no-cache
      content-length: '690'
      content-type: application/json; charset=utf-8
      date: Sat, 06 Feb 2021 01:54:38 GMT
      expires: '-1'
      pragma: no-cache
      strict-transport-security: max-age=31536000;includeSubDomains
      x-content-type-options: nosniff
      x-ms-keyvault-network-info: conn_type=Ipv4;addr=174.127.232.53;act_addr_fam=InterNetwork;
      x-ms-keyvault-region: northeurope
      x-ms-keyvault-service-version: 1.2.164.0
      x-powered-by: ASP.NET
    status:
      code: 200
      message: OK
    url: https://mcpatinotest.vault.azure.net/keys/livekvtestkey132f70fb3/create?api-version=7.1
- request:
    body: '{"kty": "RSA"}'
    headers:
      Accept:
      - application/json
      Content-Length:
      - '14'
      Content-Type:
      - application/json
      User-Agent:
      - azsdk-python-keyvault-keys/4.3.2 Python/3.5.3 (Windows-10-10.0.19041-SP0)
    method: POST
    uri: https://vaultname.vault.azure.net/keys/livekvtestkey232f70fb3/create?api-version=7.1
  response:
    body:
      string: '{"key":{"kid":"https://vaultname.vault.azure.net/keys/livekvtestkey232f70fb3/ffc271bc25434495a274d56a9536c0e9","kty":"RSA","key_ops":["encrypt","decrypt","sign","verify","wrapKey","unwrapKey"],"n":"3mE7NEdzxlwHpnJqfQjvxdvNHL1OZmtofPpe_jnTGDNEUi9QyRhpYLTlk0obQWhHDDVShM40COWz2p5Lh38qO3nt2vwDfhezFplpmPFCDTZlwIVqY_PzRooIKeuXZvF2qk5jIJ8iyWoHPM7wQfGNIFTtP9mHcUeyurIPIlJNrnV0nSGS6SnkAreMzXTTEhSVEFx6hEJ_9gbikctMlN8ku7BTrrO4DE4BmQ09wUc729zIe5MnOhthdvDwQLONElpp8szCpuOj0ZjjcDJFpiXkO3XpGGqS6oOJ6-sDRuLxogNlM-_LBeaWGUmL6xVJUD9F_mAW__A3hMJDiEvrvfcDzQ","e":"AQAB"},"attributes":{"enabled":true,"created":1612576479,"updated":1612576479,"recoveryLevel":"Recoverable+Purgeable","recoverableDays":90}}'
    headers:
      cache-control: no-cache
      content-length: '690'
      content-type: application/json; charset=utf-8
      date: Sat, 06 Feb 2021 01:54:38 GMT
      expires: '-1'
      pragma: no-cache
      strict-transport-security: max-age=31536000;includeSubDomains
      x-content-type-options: nosniff
      x-ms-keyvault-network-info: conn_type=Ipv4;addr=174.127.232.53;act_addr_fam=InterNetwork;
      x-ms-keyvault-region: northeurope
      x-ms-keyvault-service-version: 1.2.164.0
      x-powered-by: ASP.NET
    status:
      code: 200
      message: OK
    url: https://mcpatinotest.vault.azure.net/keys/livekvtestkey232f70fb3/create?api-version=7.1
- request:
    body: '{"kty": "RSA"}'
    headers:
      Accept:
      - application/json
      Content-Length:
      - '14'
      Content-Type:
      - application/json
      User-Agent:
      - azsdk-python-keyvault-keys/4.3.2 Python/3.5.3 (Windows-10-10.0.19041-SP0)
    method: POST
    uri: https://vaultname.vault.azure.net/keys/livekvtestkey332f70fb3/create?api-version=7.1
  response:
    body:
      string: '{"key":{"kid":"https://vaultname.vault.azure.net/keys/livekvtestkey332f70fb3/b4ecbdcd82a9450dbafc637e6a40c4ee","kty":"RSA","key_ops":["encrypt","decrypt","sign","verify","wrapKey","unwrapKey"],"n":"0SC38d4g__ho9W4LYjF-1r3Qi0W60z3ArkA3AyAYgeC3-mQpOQft-2nTj7-tmy1v3EkyWi1XHfsKJTig9BGX5uKzyE8MJ-shzKp3qNh_0bR_z6bnhFl8nI-2Lc933Ve7KXfkXK0E1DKIxr9N1NcUS9ituwyLpOw5zgzO0WvtjaCAdzv2KT_QN-Sy_ETUIsPJHdvaaIabRZekXW-bki_wiSE9CgsuLifvLa_7w3HOnoCN3czpXjJ4I1a8Y6Yb2m_NA4fPk9XE4mCZGyDhOkR7SPtqJka0Mc5Vvn0XTh_20Q5RaDn3EE8fwo3QXeSxoRALJu-L0mpoM5x-4TiKFBcvFQ","e":"AQAB"},"attributes":{"enabled":true,"created":1612576479,"updated":1612576479,"recoveryLevel":"Recoverable+Purgeable","recoverableDays":90}}'
    headers:
      cache-control: no-cache
      content-length: '690'
      content-type: application/json; charset=utf-8
      date: Sat, 06 Feb 2021 01:54:38 GMT
      expires: '-1'
      pragma: no-cache
      strict-transport-security: max-age=31536000;includeSubDomains
      x-content-type-options: nosniff
      x-ms-keyvault-network-info: conn_type=Ipv4;addr=174.127.232.53;act_addr_fam=InterNetwork;
      x-ms-keyvault-region: northeurope
      x-ms-keyvault-service-version: 1.2.164.0
      x-powered-by: ASP.NET
    status:
      code: 200
      message: OK
    url: https://mcpatinotest.vault.azure.net/keys/livekvtestkey332f70fb3/create?api-version=7.1
- request:
    body: '{"kty": "RSA"}'
    headers:
      Accept:
      - application/json
      Content-Length:
      - '14'
      Content-Type:
      - application/json
      User-Agent:
      - azsdk-python-keyvault-keys/4.3.2 Python/3.5.3 (Windows-10-10.0.19041-SP0)
    method: POST
    uri: https://vaultname.vault.azure.net/keys/livekvtestkey432f70fb3/create?api-version=7.1
  response:
    body:
      string: '{"key":{"kid":"https://vaultname.vault.azure.net/keys/livekvtestkey432f70fb3/66b1fa0314064ed4ad2022755dc4a2ab","kty":"RSA","key_ops":["encrypt","decrypt","sign","verify","wrapKey","unwrapKey"],"n":"tbYpqr8-Fsuriimep_IL5Q-jslrUCdDHmd6KWt5v9tW5FPlb67fjCtHWWwnVLmB84j_Y8aK6S6GQdi4D2LavmMoOQKLO7lfsI1Sj-chhDBhsKwJupxs349uAhs7kVZ93Nn4xSgAqa625N6qAMy9PS3zKLL8C6dfJgMQAneqdDbs1LKOi82No4v9E9EC2byqyUBZr2cpMFZ_BVRgarib4tvMj7Cl1Hw9HdrmmCDBMuA-FaczGGBzCv812qNz8rHf9WoNC2zqGxRZfiSp7i-tiXLCQ7s146tDaiJfK0m_qp6RCx-lzXp4wqiTggO67W6W4NXVGeuhp56JMv9CJt-I3sQ","e":"AQAB"},"attributes":{"enabled":true,"created":1612576479,"updated":1612576479,"recoveryLevel":"Recoverable+Purgeable","recoverableDays":90}}'
    headers:
      cache-control: no-cache
      content-length: '690'
      content-type: application/json; charset=utf-8
      date: Sat, 06 Feb 2021 01:54:39 GMT
      expires: '-1'
      pragma: no-cache
      strict-transport-security: max-age=31536000;includeSubDomains
      x-content-type-options: nosniff
      x-ms-keyvault-network-info: conn_type=Ipv4;addr=174.127.232.53;act_addr_fam=InterNetwork;
      x-ms-keyvault-region: northeurope
      x-ms-keyvault-service-version: 1.2.164.0
      x-powered-by: ASP.NET
    status:
      code: 200
      message: OK
    url: https://mcpatinotest.vault.azure.net/keys/livekvtestkey432f70fb3/create?api-version=7.1
- request:
    body: '{"kty": "RSA"}'
    headers:
      Accept:
      - application/json
      Content-Length:
      - '14'
      Content-Type:
      - application/json
      User-Agent:
      - azsdk-python-keyvault-keys/4.3.2 Python/3.5.3 (Windows-10-10.0.19041-SP0)
    method: POST
    uri: https://vaultname.vault.azure.net/keys/livekvtestkey532f70fb3/create?api-version=7.1
  response:
    body:
      string: '{"key":{"kid":"https://vaultname.vault.azure.net/keys/livekvtestkey532f70fb3/9fe5f5cb29e34fafa639df87ced9fc7e","kty":"RSA","key_ops":["encrypt","decrypt","sign","verify","wrapKey","unwrapKey"],"n":"nMMTbFjRysK1Uo6FB4_H7LWQh123dgz7kmxdO5FfT37xTVsKKgU3XIsH6MZrPLpM9Q9e2tmzM8SiAMSsnam6rw6N_qC78ci_NEA14Hnl9_exHAVEEaYwV44R06LLI_YMMe22320wwvAa7CxcRTWnsVsfju81d_JQLB1rfFhjjjWPRCw4J-8X_rnFk6RgrbwZ36cuEquhltSO5NlZ2XvljyogiguJWd2l9UHFphhbpMk-KUCcIp22NpOmnX0pM1gIpsDMt7sAV5UmOMbac5cM2f8QYdvx2dec6h3tEyexSeMr85n-8oW25YCPt2elcpfSx1q6dRnkYYl8v4i96vIMXQ","e":"AQAB"},"attributes":{"enabled":true,"created":1612576480,"updated":1612576480,"recoveryLevel":"Recoverable+Purgeable","recoverableDays":90}}'
    headers:
      cache-control: no-cache
      content-length: '690'
      content-type: application/json; charset=utf-8
      date: Sat, 06 Feb 2021 01:54:39 GMT
      expires: '-1'
      pragma: no-cache
      strict-transport-security: max-age=31536000;includeSubDomains
      x-content-type-options: nosniff
      x-ms-keyvault-network-info: conn_type=Ipv4;addr=174.127.232.53;act_addr_fam=InterNetwork;
      x-ms-keyvault-region: northeurope
      x-ms-keyvault-service-version: 1.2.164.0
      x-powered-by: ASP.NET
    status:
      code: 200
      message: OK
    url: https://mcpatinotest.vault.azure.net/keys/livekvtestkey532f70fb3/create?api-version=7.1
- request:
    body: '{"kty": "RSA"}'
    headers:
      Accept:
      - application/json
      Content-Length:
      - '14'
      Content-Type:
      - application/json
      User-Agent:
      - azsdk-python-keyvault-keys/4.3.2 Python/3.5.3 (Windows-10-10.0.19041-SP0)
    method: POST
    uri: https://vaultname.vault.azure.net/keys/livekvtestkey632f70fb3/create?api-version=7.1
  response:
    body:
      string: '{"key":{"kid":"https://vaultname.vault.azure.net/keys/livekvtestkey632f70fb3/ae481ff20c7a449084d6265bbfa9a0f2","kty":"RSA","key_ops":["encrypt","decrypt","sign","verify","wrapKey","unwrapKey"],"n":"tn0BYJBstwoovxd5vZwOGcOSUyVuXOHUNzpjdAFNrDXhIv98LQ2eUf_s6lA2Ysehj8zblbR9TFfCJb-ZzBg0ddLVFyc5w5ss2j2Nb3nX3v4VYWuQYrr6YIFKypYWGhTXzwIdbtDiBWSCEQwi6zkuuyuC-DfXpHfJhAzSVm3Dgz3MGlyzvsk-JhpK-5WdlgeMnOkKPwE4TdoStEgiKMN7YG48jBVhBnKhW4AahoSyo1dZTFvBddFlJw73Es15cVo1qFlTkctjmr4lSNLXPzcWdvFXJQyn9vGux7jE_mzZdvXs8PzYIfmOtNUUp5BTu5bxXa-Vm23f6kopOUsK5J3OhQ","e":"AQAB"},"attributes":{"enabled":true,"created":1612576480,"updated":1612576480,"recoveryLevel":"Recoverable+Purgeable","recoverableDays":90}}'
    headers:
      cache-control: no-cache
      content-length: '690'
      content-type: application/json; charset=utf-8
      date: Sat, 06 Feb 2021 01:54:39 GMT
      expires: '-1'
      pragma: no-cache
      strict-transport-security: max-age=31536000;includeSubDomains
      x-content-type-options: nosniff
      x-ms-keyvault-network-info: conn_type=Ipv4;addr=174.127.232.53;act_addr_fam=InterNetwork;
      x-ms-keyvault-region: northeurope
      x-ms-keyvault-service-version: 1.2.164.0
      x-powered-by: ASP.NET
    status:
      code: 200
      message: OK
    url: https://mcpatinotest.vault.azure.net/keys/livekvtestkey632f70fb3/create?api-version=7.1
- request:
    body: null
    headers:
      Accept:
      - application/json
      User-Agent:
      - azsdk-python-keyvault-keys/4.3.2 Python/3.5.3 (Windows-10-10.0.19041-SP0)
    method: DELETE
    uri: https://vaultname.vault.azure.net/keys/livekvtestkey332f70fb3?api-version=7.1
  response:
    body:
      string: '{"recoveryId":"https://vaultname.vault.azure.net/deletedkeys/livekvtestkey332f70fb3","deletedDate":1612576480,"scheduledPurgeDate":1620352480,"key":{"kid":"https://vaultname.vault.azure.net/keys/livekvtestkey332f70fb3/b4ecbdcd82a9450dbafc637e6a40c4ee","kty":"RSA","key_ops":["encrypt","decrypt","sign","verify","wrapKey","unwrapKey"],"n":"0SC38d4g__ho9W4LYjF-1r3Qi0W60z3ArkA3AyAYgeC3-mQpOQft-2nTj7-tmy1v3EkyWi1XHfsKJTig9BGX5uKzyE8MJ-shzKp3qNh_0bR_z6bnhFl8nI-2Lc933Ve7KXfkXK0E1DKIxr9N1NcUS9ituwyLpOw5zgzO0WvtjaCAdzv2KT_QN-Sy_ETUIsPJHdvaaIabRZekXW-bki_wiSE9CgsuLifvLa_7w3HOnoCN3czpXjJ4I1a8Y6Yb2m_NA4fPk9XE4mCZGyDhOkR7SPtqJka0Mc5Vvn0XTh_20Q5RaDn3EE8fwo3QXeSxoRALJu-L0mpoM5x-4TiKFBcvFQ","e":"AQAB"},"attributes":{"enabled":true,"created":1612576479,"updated":1612576479,"recoveryLevel":"Recoverable+Purgeable","recoverableDays":90}}'
    headers:
      cache-control: no-cache
      content-length: '834'
      content-type: application/json; charset=utf-8
      date: Sat, 06 Feb 2021 01:54:40 GMT
      expires: '-1'
      pragma: no-cache
      strict-transport-security: max-age=31536000;includeSubDomains
      x-content-type-options: nosniff
      x-ms-keyvault-network-info: conn_type=Ipv4;addr=174.127.232.53;act_addr_fam=InterNetwork;
      x-ms-keyvault-region: northeurope
      x-ms-keyvault-service-version: 1.2.164.0
      x-powered-by: ASP.NET
    status:
      code: 200
      message: OK
    url: https://mcpatinotest.vault.azure.net/keys/livekvtestkey332f70fb3?api-version=7.1
- request:
    body: null
    headers:
      Accept:
      - application/json
      User-Agent:
      - azsdk-python-keyvault-keys/4.3.2 Python/3.5.3 (Windows-10-10.0.19041-SP0)
    method: GET
    uri: https://vaultname.vault.azure.net/deletedkeys/livekvtestkey332f70fb3?api-version=7.1
  response:
    body:
      string: '{"error":{"code":"KeyNotFound","message":"Deleted Key not found: livekvtestkey332f70fb3"}}'
    headers:
      cache-control: no-cache
      content-length: '90'
      content-type: application/json; charset=utf-8
      date: Sat, 06 Feb 2021 01:54:40 GMT
      expires: '-1'
      pragma: no-cache
      strict-transport-security: max-age=31536000;includeSubDomains
      x-content-type-options: nosniff
      x-ms-keyvault-network-info: conn_type=Ipv4;addr=174.127.232.53;act_addr_fam=InterNetwork;
      x-ms-keyvault-region: northeurope
      x-ms-keyvault-service-version: 1.2.164.0
      x-powered-by: ASP.NET
    status:
      code: 404
      message: Not Found
    url: https://mcpatinotest.vault.azure.net/deletedkeys/livekvtestkey332f70fb3?api-version=7.1
- request:
    body: null
    headers:
      Accept:
      - application/json
      User-Agent:
      - azsdk-python-keyvault-keys/4.3.2 Python/3.5.3 (Windows-10-10.0.19041-SP0)
    method: GET
    uri: https://vaultname.vault.azure.net/deletedkeys/livekvtestkey332f70fb3?api-version=7.1
  response:
    body:
      string: '{"recoveryId":"https://vaultname.vault.azure.net/deletedkeys/livekvtestkey332f70fb3","deletedDate":1612576480,"scheduledPurgeDate":1620352480,"key":{"kid":"https://vaultname.vault.azure.net/keys/livekvtestkey332f70fb3/b4ecbdcd82a9450dbafc637e6a40c4ee","kty":"RSA","key_ops":["encrypt","decrypt","sign","verify","wrapKey","unwrapKey"],"n":"0SC38d4g__ho9W4LYjF-1r3Qi0W60z3ArkA3AyAYgeC3-mQpOQft-2nTj7-tmy1v3EkyWi1XHfsKJTig9BGX5uKzyE8MJ-shzKp3qNh_0bR_z6bnhFl8nI-2Lc933Ve7KXfkXK0E1DKIxr9N1NcUS9ituwyLpOw5zgzO0WvtjaCAdzv2KT_QN-Sy_ETUIsPJHdvaaIabRZekXW-bki_wiSE9CgsuLifvLa_7w3HOnoCN3czpXjJ4I1a8Y6Yb2m_NA4fPk9XE4mCZGyDhOkR7SPtqJka0Mc5Vvn0XTh_20Q5RaDn3EE8fwo3QXeSxoRALJu-L0mpoM5x-4TiKFBcvFQ","e":"AQAB"},"attributes":{"enabled":true,"created":1612576479,"updated":1612576479,"recoveryLevel":"Recoverable+Purgeable","recoverableDays":90}}'
    headers:
      cache-control: no-cache
      content-length: '834'
      content-type: application/json; charset=utf-8
      date: Sat, 06 Feb 2021 01:54:42 GMT
      expires: '-1'
      pragma: no-cache
      strict-transport-security: max-age=31536000;includeSubDomains
      x-content-type-options: nosniff
      x-ms-keyvault-network-info: conn_type=Ipv4;addr=174.127.232.53;act_addr_fam=InterNetwork;
      x-ms-keyvault-region: northeurope
      x-ms-keyvault-service-version: 1.2.164.0
      x-powered-by: ASP.NET
    status:
      code: 200
      message: OK
    url: https://mcpatinotest.vault.azure.net/deletedkeys/livekvtestkey332f70fb3?api-version=7.1
- request:
    body: null
    headers:
      Accept:
      - application/json
      User-Agent:
      - azsdk-python-keyvault-keys/4.3.2 Python/3.5.3 (Windows-10-10.0.19041-SP0)
    method: DELETE
    uri: https://vaultname.vault.azure.net/keys/livekvtestkey532f70fb3?api-version=7.1
  response:
    body:
      string: '{"recoveryId":"https://vaultname.vault.azure.net/deletedkeys/livekvtestkey532f70fb3","deletedDate":1612576483,"scheduledPurgeDate":1620352483,"key":{"kid":"https://vaultname.vault.azure.net/keys/livekvtestkey532f70fb3/9fe5f5cb29e34fafa639df87ced9fc7e","kty":"RSA","key_ops":["encrypt","decrypt","sign","verify","wrapKey","unwrapKey"],"n":"nMMTbFjRysK1Uo6FB4_H7LWQh123dgz7kmxdO5FfT37xTVsKKgU3XIsH6MZrPLpM9Q9e2tmzM8SiAMSsnam6rw6N_qC78ci_NEA14Hnl9_exHAVEEaYwV44R06LLI_YMMe22320wwvAa7CxcRTWnsVsfju81d_JQLB1rfFhjjjWPRCw4J-8X_rnFk6RgrbwZ36cuEquhltSO5NlZ2XvljyogiguJWd2l9UHFphhbpMk-KUCcIp22NpOmnX0pM1gIpsDMt7sAV5UmOMbac5cM2f8QYdvx2dec6h3tEyexSeMr85n-8oW25YCPt2elcpfSx1q6dRnkYYl8v4i96vIMXQ","e":"AQAB"},"attributes":{"enabled":true,"created":1612576480,"updated":1612576480,"recoveryLevel":"Recoverable+Purgeable","recoverableDays":90}}'
    headers:
      cache-control: no-cache
      content-length: '834'
      content-type: application/json; charset=utf-8
      date: Sat, 06 Feb 2021 01:54:42 GMT
      expires: '-1'
      pragma: no-cache
      strict-transport-security: max-age=31536000;includeSubDomains
      x-content-type-options: nosniff
      x-ms-keyvault-network-info: conn_type=Ipv4;addr=174.127.232.53;act_addr_fam=InterNetwork;
      x-ms-keyvault-region: northeurope
      x-ms-keyvault-service-version: 1.2.164.0
      x-powered-by: ASP.NET
    status:
      code: 200
      message: OK
    url: https://mcpatinotest.vault.azure.net/keys/livekvtestkey532f70fb3?api-version=7.1
- request:
    body: null
    headers:
      Accept:
      - application/json
      User-Agent:
      - azsdk-python-keyvault-keys/4.3.2 Python/3.5.3 (Windows-10-10.0.19041-SP0)
    method: GET
    uri: https://vaultname.vault.azure.net/deletedkeys/livekvtestkey532f70fb3?api-version=7.1
  response:
    body:
      string: '{"error":{"code":"KeyNotFound","message":"Deleted Key not found: livekvtestkey532f70fb3"}}'
    headers:
      cache-control: no-cache
      content-length: '90'
      content-type: application/json; charset=utf-8
      date: Sat, 06 Feb 2021 01:54:43 GMT
      expires: '-1'
      pragma: no-cache
      strict-transport-security: max-age=31536000;includeSubDomains
      x-content-type-options: nosniff
      x-ms-keyvault-network-info: conn_type=Ipv4;addr=174.127.232.53;act_addr_fam=InterNetwork;
      x-ms-keyvault-region: northeurope
      x-ms-keyvault-service-version: 1.2.164.0
      x-powered-by: ASP.NET
    status:
      code: 404
      message: Not Found
    url: https://mcpatinotest.vault.azure.net/deletedkeys/livekvtestkey532f70fb3?api-version=7.1
- request:
    body: null
    headers:
      Accept:
      - application/json
      User-Agent:
      - azsdk-python-keyvault-keys/4.3.2 Python/3.5.3 (Windows-10-10.0.19041-SP0)
    method: GET
    uri: https://vaultname.vault.azure.net/deletedkeys/livekvtestkey532f70fb3?api-version=7.1
  response:
    body:
      string: '{"recoveryId":"https://vaultname.vault.azure.net/deletedkeys/livekvtestkey532f70fb3","deletedDate":1612576483,"scheduledPurgeDate":1620352483,"key":{"kid":"https://vaultname.vault.azure.net/keys/livekvtestkey532f70fb3/9fe5f5cb29e34fafa639df87ced9fc7e","kty":"RSA","key_ops":["encrypt","decrypt","sign","verify","wrapKey","unwrapKey"],"n":"nMMTbFjRysK1Uo6FB4_H7LWQh123dgz7kmxdO5FfT37xTVsKKgU3XIsH6MZrPLpM9Q9e2tmzM8SiAMSsnam6rw6N_qC78ci_NEA14Hnl9_exHAVEEaYwV44R06LLI_YMMe22320wwvAa7CxcRTWnsVsfju81d_JQLB1rfFhjjjWPRCw4J-8X_rnFk6RgrbwZ36cuEquhltSO5NlZ2XvljyogiguJWd2l9UHFphhbpMk-KUCcIp22NpOmnX0pM1gIpsDMt7sAV5UmOMbac5cM2f8QYdvx2dec6h3tEyexSeMr85n-8oW25YCPt2elcpfSx1q6dRnkYYl8v4i96vIMXQ","e":"AQAB"},"attributes":{"enabled":true,"created":1612576480,"updated":1612576480,"recoveryLevel":"Recoverable+Purgeable","recoverableDays":90}}'
    headers:
      cache-control: no-cache
      content-length: '834'
      content-type: application/json; charset=utf-8
      date: Sat, 06 Feb 2021 01:54:45 GMT
      expires: '-1'
      pragma: no-cache
      strict-transport-security: max-age=31536000;includeSubDomains
      x-content-type-options: nosniff
      x-ms-keyvault-network-info: conn_type=Ipv4;addr=174.127.232.53;act_addr_fam=InterNetwork;
      x-ms-keyvault-region: northeurope
      x-ms-keyvault-service-version: 1.2.164.0
      x-powered-by: ASP.NET
    status:
      code: 200
      message: OK
    url: https://mcpatinotest.vault.azure.net/deletedkeys/livekvtestkey532f70fb3?api-version=7.1
- request:
    body: null
    headers:
      Accept:
      - application/json
      User-Agent:
      - azsdk-python-keyvault-keys/4.3.2 Python/3.5.3 (Windows-10-10.0.19041-SP0)
    method: DELETE
    uri: https://vaultname.vault.azure.net/keys/livekvtestkey132f70fb3?api-version=7.1
  response:
    body:
      string: '{"recoveryId":"https://vaultname.vault.azure.net/deletedkeys/livekvtestkey132f70fb3","deletedDate":1612576486,"scheduledPurgeDate":1620352486,"key":{"kid":"https://vaultname.vault.azure.net/keys/livekvtestkey132f70fb3/7eafb9d026214d389d1649b806e1ced3","kty":"RSA","key_ops":["encrypt","decrypt","sign","verify","wrapKey","unwrapKey"],"n":"y2KVo3YF6130HzpMvtfRUFkfpeSLgq1khq26W-jICTqM0X4vSzdBx5aosjKATIA1bmVwxfT7LzRZysNl5TkRPv7aimYngQNhXI4M3IbhoRQ44e2L2kCgdJG4l5euBJvCX-KVdfD5pgyO0AtAP5jisSTY6DvNySPaPtQVMnyizsukWHhf0Ty24meOxcJd5rybnWzmrfjG1PubiIU37EUXrSN6pA5dTvhkWMaPXwuZZPNsgoidpL8anNbTb3fZqA9TSDwugt6B3RhXTZJ3urmRQWCQteSCz4BSOO9p_8fgxzU7LeB57cNU9uiwK54nskZ7o_OFEWiRVBNCSxfId869YQ","e":"AQAB"},"attributes":{"enabled":true,"created":1612576478,"updated":1612576478,"recoveryLevel":"Recoverable+Purgeable","recoverableDays":90}}'
    headers:
      cache-control: no-cache
      content-length: '834'
      content-type: application/json; charset=utf-8
      date: Sat, 06 Feb 2021 01:54:45 GMT
      expires: '-1'
      pragma: no-cache
      strict-transport-security: max-age=31536000;includeSubDomains
      x-content-type-options: nosniff
      x-ms-keyvault-network-info: conn_type=Ipv4;addr=174.127.232.53;act_addr_fam=InterNetwork;
      x-ms-keyvault-region: northeurope
      x-ms-keyvault-service-version: 1.2.164.0
      x-powered-by: ASP.NET
    status:
      code: 200
      message: OK
    url: https://mcpatinotest.vault.azure.net/keys/livekvtestkey132f70fb3?api-version=7.1
- request:
    body: null
    headers:
      Accept:
      - application/json
      User-Agent:
      - azsdk-python-keyvault-keys/4.3.2 Python/3.5.3 (Windows-10-10.0.19041-SP0)
    method: GET
    uri: https://vaultname.vault.azure.net/deletedkeys/livekvtestkey132f70fb3?api-version=7.1
  response:
    body:
      string: '{"error":{"code":"KeyNotFound","message":"Deleted Key not found: livekvtestkey132f70fb3"}}'
    headers:
      cache-control: no-cache
      content-length: '90'
      content-type: application/json; charset=utf-8
      date: Sat, 06 Feb 2021 01:54:45 GMT
      expires: '-1'
      pragma: no-cache
      strict-transport-security: max-age=31536000;includeSubDomains
      x-content-type-options: nosniff
      x-ms-keyvault-network-info: conn_type=Ipv4;addr=174.127.232.53;act_addr_fam=InterNetwork;
      x-ms-keyvault-region: northeurope
      x-ms-keyvault-service-version: 1.2.164.0
      x-powered-by: ASP.NET
    status:
      code: 404
      message: Not Found
    url: https://mcpatinotest.vault.azure.net/deletedkeys/livekvtestkey132f70fb3?api-version=7.1
- request:
    body: null
    headers:
      Accept:
      - application/json
      User-Agent:
      - azsdk-python-keyvault-keys/4.3.2 Python/3.5.3 (Windows-10-10.0.19041-SP0)
    method: GET
    uri: https://vaultname.vault.azure.net/deletedkeys/livekvtestkey132f70fb3?api-version=7.1
  response:
    body:
      string: '{"recoveryId":"https://vaultname.vault.azure.net/deletedkeys/livekvtestkey132f70fb3","deletedDate":1612576486,"scheduledPurgeDate":1620352486,"key":{"kid":"https://vaultname.vault.azure.net/keys/livekvtestkey132f70fb3/7eafb9d026214d389d1649b806e1ced3","kty":"RSA","key_ops":["encrypt","decrypt","sign","verify","wrapKey","unwrapKey"],"n":"y2KVo3YF6130HzpMvtfRUFkfpeSLgq1khq26W-jICTqM0X4vSzdBx5aosjKATIA1bmVwxfT7LzRZysNl5TkRPv7aimYngQNhXI4M3IbhoRQ44e2L2kCgdJG4l5euBJvCX-KVdfD5pgyO0AtAP5jisSTY6DvNySPaPtQVMnyizsukWHhf0Ty24meOxcJd5rybnWzmrfjG1PubiIU37EUXrSN6pA5dTvhkWMaPXwuZZPNsgoidpL8anNbTb3fZqA9TSDwugt6B3RhXTZJ3urmRQWCQteSCz4BSOO9p_8fgxzU7LeB57cNU9uiwK54nskZ7o_OFEWiRVBNCSxfId869YQ","e":"AQAB"},"attributes":{"enabled":true,"created":1612576478,"updated":1612576478,"recoveryLevel":"Recoverable+Purgeable","recoverableDays":90}}'
    headers:
      cache-control: no-cache
      content-length: '834'
      content-type: application/json; charset=utf-8
      date: Sat, 06 Feb 2021 01:54:48 GMT
      expires: '-1'
      pragma: no-cache
      strict-transport-security: max-age=31536000;includeSubDomains
      x-content-type-options: nosniff
      x-ms-keyvault-network-info: conn_type=Ipv4;addr=174.127.232.53;act_addr_fam=InterNetwork;
      x-ms-keyvault-region: northeurope
      x-ms-keyvault-service-version: 1.2.164.0
      x-powered-by: ASP.NET
    status:
      code: 200
      message: OK
    url: https://mcpatinotest.vault.azure.net/deletedkeys/livekvtestkey132f70fb3?api-version=7.1
- request:
    body: null
    headers:
      Accept:
      - application/json
      User-Agent:
      - azsdk-python-keyvault-keys/4.3.2 Python/3.5.3 (Windows-10-10.0.19041-SP0)
    method: DELETE
    uri: https://vaultname.vault.azure.net/keys/livekvtestkey232f70fb3?api-version=7.1
  response:
    body:
      string: '{"recoveryId":"https://vaultname.vault.azure.net/deletedkeys/livekvtestkey232f70fb3","deletedDate":1612576488,"scheduledPurgeDate":1620352488,"key":{"kid":"https://vaultname.vault.azure.net/keys/livekvtestkey232f70fb3/ffc271bc25434495a274d56a9536c0e9","kty":"RSA","key_ops":["encrypt","decrypt","sign","verify","wrapKey","unwrapKey"],"n":"3mE7NEdzxlwHpnJqfQjvxdvNHL1OZmtofPpe_jnTGDNEUi9QyRhpYLTlk0obQWhHDDVShM40COWz2p5Lh38qO3nt2vwDfhezFplpmPFCDTZlwIVqY_PzRooIKeuXZvF2qk5jIJ8iyWoHPM7wQfGNIFTtP9mHcUeyurIPIlJNrnV0nSGS6SnkAreMzXTTEhSVEFx6hEJ_9gbikctMlN8ku7BTrrO4DE4BmQ09wUc729zIe5MnOhthdvDwQLONElpp8szCpuOj0ZjjcDJFpiXkO3XpGGqS6oOJ6-sDRuLxogNlM-_LBeaWGUmL6xVJUD9F_mAW__A3hMJDiEvrvfcDzQ","e":"AQAB"},"attributes":{"enabled":true,"created":1612576479,"updated":1612576479,"recoveryLevel":"Recoverable+Purgeable","recoverableDays":90}}'
    headers:
      cache-control: no-cache
      content-length: '834'
      content-type: application/json; charset=utf-8
      date: Sat, 06 Feb 2021 01:54:48 GMT
      expires: '-1'
      pragma: no-cache
      strict-transport-security: max-age=31536000;includeSubDomains
      x-content-type-options: nosniff
      x-ms-keyvault-network-info: conn_type=Ipv4;addr=174.127.232.53;act_addr_fam=InterNetwork;
      x-ms-keyvault-region: northeurope
      x-ms-keyvault-service-version: 1.2.164.0
      x-powered-by: ASP.NET
    status:
      code: 200
      message: OK
    url: https://mcpatinotest.vault.azure.net/keys/livekvtestkey232f70fb3?api-version=7.1
- request:
    body: null
    headers:
      Accept:
      - application/json
      User-Agent:
      - azsdk-python-keyvault-keys/4.3.2 Python/3.5.3 (Windows-10-10.0.19041-SP0)
    method: GET
    uri: https://vaultname.vault.azure.net/deletedkeys/livekvtestkey232f70fb3?api-version=7.1
  response:
    body:
      string: '{"error":{"code":"KeyNotFound","message":"Deleted Key not found: livekvtestkey232f70fb3"}}'
    headers:
      cache-control: no-cache
      content-length: '90'
      content-type: application/json; charset=utf-8
      date: Sat, 06 Feb 2021 01:54:48 GMT
      expires: '-1'
      pragma: no-cache
      strict-transport-security: max-age=31536000;includeSubDomains
      x-content-type-options: nosniff
      x-ms-keyvault-network-info: conn_type=Ipv4;addr=174.127.232.53;act_addr_fam=InterNetwork;
      x-ms-keyvault-region: northeurope
      x-ms-keyvault-service-version: 1.2.164.0
      x-powered-by: ASP.NET
    status:
      code: 404
      message: Not Found
    url: https://mcpatinotest.vault.azure.net/deletedkeys/livekvtestkey232f70fb3?api-version=7.1
- request:
    body: null
    headers:
      Accept:
      - application/json
      User-Agent:
      - azsdk-python-keyvault-keys/4.3.2 Python/3.5.3 (Windows-10-10.0.19041-SP0)
    method: GET
    uri: https://vaultname.vault.azure.net/deletedkeys/livekvtestkey232f70fb3?api-version=7.1
  response:
    body:
      string: '{"recoveryId":"https://vaultname.vault.azure.net/deletedkeys/livekvtestkey232f70fb3","deletedDate":1612576488,"scheduledPurgeDate":1620352488,"key":{"kid":"https://vaultname.vault.azure.net/keys/livekvtestkey232f70fb3/ffc271bc25434495a274d56a9536c0e9","kty":"RSA","key_ops":["encrypt","decrypt","sign","verify","wrapKey","unwrapKey"],"n":"3mE7NEdzxlwHpnJqfQjvxdvNHL1OZmtofPpe_jnTGDNEUi9QyRhpYLTlk0obQWhHDDVShM40COWz2p5Lh38qO3nt2vwDfhezFplpmPFCDTZlwIVqY_PzRooIKeuXZvF2qk5jIJ8iyWoHPM7wQfGNIFTtP9mHcUeyurIPIlJNrnV0nSGS6SnkAreMzXTTEhSVEFx6hEJ_9gbikctMlN8ku7BTrrO4DE4BmQ09wUc729zIe5MnOhthdvDwQLONElpp8szCpuOj0ZjjcDJFpiXkO3XpGGqS6oOJ6-sDRuLxogNlM-_LBeaWGUmL6xVJUD9F_mAW__A3hMJDiEvrvfcDzQ","e":"AQAB"},"attributes":{"enabled":true,"created":1612576479,"updated":1612576479,"recoveryLevel":"Recoverable+Purgeable","recoverableDays":90}}'
    headers:
      cache-control: no-cache
      content-length: '834'
      content-type: application/json; charset=utf-8
      date: Sat, 06 Feb 2021 01:54:50 GMT
      expires: '-1'
      pragma: no-cache
      strict-transport-security: max-age=31536000;includeSubDomains
      x-content-type-options: nosniff
      x-ms-keyvault-network-info: conn_type=Ipv4;addr=174.127.232.53;act_addr_fam=InterNetwork;
      x-ms-keyvault-region: northeurope
      x-ms-keyvault-service-version: 1.2.164.0
      x-powered-by: ASP.NET
    status:
      code: 200
      message: OK
    url: https://mcpatinotest.vault.azure.net/deletedkeys/livekvtestkey232f70fb3?api-version=7.1
- request:
    body: null
    headers:
      Accept:
      - application/json
      User-Agent:
      - azsdk-python-keyvault-keys/4.3.2 Python/3.5.3 (Windows-10-10.0.19041-SP0)
    method: DELETE
    uri: https://vaultname.vault.azure.net/keys/livekvtestkey032f70fb3?api-version=7.1
  response:
    body:
      string: '{"recoveryId":"https://vaultname.vault.azure.net/deletedkeys/livekvtestkey032f70fb3","deletedDate":1612576491,"scheduledPurgeDate":1620352491,"key":{"kid":"https://vaultname.vault.azure.net/keys/livekvtestkey032f70fb3/5fa053651c3b46de8f97123bcb36a84d","kty":"RSA","key_ops":["encrypt","decrypt","sign","verify","wrapKey","unwrapKey"],"n":"0mFB9uUx6mAybaJQbs8H3dAHuHCkmgbCJ_rNLBw-sBtcFjDw_br-0gj4i2sv2KuBNuJJM4Q_YB_aiwuSZjp62RHUlAFpGhjRo3wTsD5BgJH7W5xjfHrJ4b5GJMBjUiwTEX4qFXV-SOsXlrolicVlcBCBL4fRGEjjkkDlPgaNSrrSVEhNeWULh-NAYsJRZfXV3AezJ7bhyR6IGRZ6-tgHInKpzcYE48EF6tHrAldej1xuzSjebiZCdVQXSi2pRn5G8rS0O5dh_UClXqbjK7QM9okjC9V3SwaZ12OMPdPGX_WIX3c7iiO5cqGDM0BK-__UKD1qlus8GchptyuuQv6n9Q","e":"AQAB"},"attributes":{"enabled":true,"created":1612576478,"updated":1612576478,"recoveryLevel":"Recoverable+Purgeable","recoverableDays":90}}'
    headers:
      cache-control: no-cache
      content-length: '834'
      content-type: application/json; charset=utf-8
      date: Sat, 06 Feb 2021 01:54:50 GMT
      expires: '-1'
      pragma: no-cache
      strict-transport-security: max-age=31536000;includeSubDomains
      x-content-type-options: nosniff
      x-ms-keyvault-network-info: conn_type=Ipv4;addr=174.127.232.53;act_addr_fam=InterNetwork;
      x-ms-keyvault-region: northeurope
      x-ms-keyvault-service-version: 1.2.164.0
      x-powered-by: ASP.NET
    status:
      code: 200
      message: OK
    url: https://mcpatinotest.vault.azure.net/keys/livekvtestkey032f70fb3?api-version=7.1
- request:
    body: null
    headers:
      Accept:
      - application/json
      User-Agent:
      - azsdk-python-keyvault-keys/4.3.2 Python/3.5.3 (Windows-10-10.0.19041-SP0)
    method: GET
    uri: https://vaultname.vault.azure.net/deletedkeys/livekvtestkey032f70fb3?api-version=7.1
  response:
    body:
      string: '{"error":{"code":"KeyNotFound","message":"Deleted Key not found: livekvtestkey032f70fb3"}}'
    headers:
      cache-control: no-cache
      content-length: '90'
      content-type: application/json; charset=utf-8
      date: Sat, 06 Feb 2021 01:54:51 GMT
      expires: '-1'
      pragma: no-cache
      strict-transport-security: max-age=31536000;includeSubDomains
      x-content-type-options: nosniff
      x-ms-keyvault-network-info: conn_type=Ipv4;addr=174.127.232.53;act_addr_fam=InterNetwork;
      x-ms-keyvault-region: northeurope
      x-ms-keyvault-service-version: 1.2.164.0
      x-powered-by: ASP.NET
    status:
      code: 404
      message: Not Found
    url: https://mcpatinotest.vault.azure.net/deletedkeys/livekvtestkey032f70fb3?api-version=7.1
- request:
    body: null
    headers:
      Accept:
      - application/json
      User-Agent:
      - azsdk-python-keyvault-keys/4.3.2 Python/3.5.3 (Windows-10-10.0.19041-SP0)
    method: GET
    uri: https://vaultname.vault.azure.net/deletedkeys/livekvtestkey032f70fb3?api-version=7.1
  response:
    body:
      string: '{"recoveryId":"https://vaultname.vault.azure.net/deletedkeys/livekvtestkey032f70fb3","deletedDate":1612576491,"scheduledPurgeDate":1620352491,"key":{"kid":"https://vaultname.vault.azure.net/keys/livekvtestkey032f70fb3/5fa053651c3b46de8f97123bcb36a84d","kty":"RSA","key_ops":["encrypt","decrypt","sign","verify","wrapKey","unwrapKey"],"n":"0mFB9uUx6mAybaJQbs8H3dAHuHCkmgbCJ_rNLBw-sBtcFjDw_br-0gj4i2sv2KuBNuJJM4Q_YB_aiwuSZjp62RHUlAFpGhjRo3wTsD5BgJH7W5xjfHrJ4b5GJMBjUiwTEX4qFXV-SOsXlrolicVlcBCBL4fRGEjjkkDlPgaNSrrSVEhNeWULh-NAYsJRZfXV3AezJ7bhyR6IGRZ6-tgHInKpzcYE48EF6tHrAldej1xuzSjebiZCdVQXSi2pRn5G8rS0O5dh_UClXqbjK7QM9okjC9V3SwaZ12OMPdPGX_WIX3c7iiO5cqGDM0BK-__UKD1qlus8GchptyuuQv6n9Q","e":"AQAB"},"attributes":{"enabled":true,"created":1612576478,"updated":1612576478,"recoveryLevel":"Recoverable+Purgeable","recoverableDays":90}}'
    headers:
      cache-control: no-cache
      content-length: '834'
      content-type: application/json; charset=utf-8
      date: Sat, 06 Feb 2021 01:54:53 GMT
      expires: '-1'
      pragma: no-cache
      strict-transport-security: max-age=31536000;includeSubDomains
      x-content-type-options: nosniff
      x-ms-keyvault-network-info: conn_type=Ipv4;addr=174.127.232.53;act_addr_fam=InterNetwork;
      x-ms-keyvault-region: northeurope
      x-ms-keyvault-service-version: 1.2.164.0
      x-powered-by: ASP.NET
    status:
      code: 200
      message: OK
    url: https://mcpatinotest.vault.azure.net/deletedkeys/livekvtestkey032f70fb3?api-version=7.1
- request:
    body: null
    headers:
      Accept:
      - application/json
      User-Agent:
      - azsdk-python-keyvault-keys/4.3.2 Python/3.5.3 (Windows-10-10.0.19041-SP0)
    method: DELETE
    uri: https://vaultname.vault.azure.net/keys/livekvtestkey432f70fb3?api-version=7.1
  response:
    body:
      string: '{"recoveryId":"https://vaultname.vault.azure.net/deletedkeys/livekvtestkey432f70fb3","deletedDate":1612576494,"scheduledPurgeDate":1620352494,"key":{"kid":"https://vaultname.vault.azure.net/keys/livekvtestkey432f70fb3/66b1fa0314064ed4ad2022755dc4a2ab","kty":"RSA","key_ops":["encrypt","decrypt","sign","verify","wrapKey","unwrapKey"],"n":"tbYpqr8-Fsuriimep_IL5Q-jslrUCdDHmd6KWt5v9tW5FPlb67fjCtHWWwnVLmB84j_Y8aK6S6GQdi4D2LavmMoOQKLO7lfsI1Sj-chhDBhsKwJupxs349uAhs7kVZ93Nn4xSgAqa625N6qAMy9PS3zKLL8C6dfJgMQAneqdDbs1LKOi82No4v9E9EC2byqyUBZr2cpMFZ_BVRgarib4tvMj7Cl1Hw9HdrmmCDBMuA-FaczGGBzCv812qNz8rHf9WoNC2zqGxRZfiSp7i-tiXLCQ7s146tDaiJfK0m_qp6RCx-lzXp4wqiTggO67W6W4NXVGeuhp56JMv9CJt-I3sQ","e":"AQAB"},"attributes":{"enabled":true,"created":1612576479,"updated":1612576479,"recoveryLevel":"Recoverable+Purgeable","recoverableDays":90}}'
    headers:
      cache-control: no-cache
      content-length: '834'
      content-type: application/json; charset=utf-8
      date: Sat, 06 Feb 2021 01:54:53 GMT
      expires: '-1'
      pragma: no-cache
      strict-transport-security: max-age=31536000;includeSubDomains
      x-content-type-options: nosniff
      x-ms-keyvault-network-info: conn_type=Ipv4;addr=174.127.232.53;act_addr_fam=InterNetwork;
      x-ms-keyvault-region: northeurope
      x-ms-keyvault-service-version: 1.2.164.0
      x-powered-by: ASP.NET
    status:
      code: 200
      message: OK
    url: https://mcpatinotest.vault.azure.net/keys/livekvtestkey432f70fb3?api-version=7.1
- request:
    body: null
    headers:
      Accept:
      - application/json
      User-Agent:
      - azsdk-python-keyvault-keys/4.3.2 Python/3.5.3 (Windows-10-10.0.19041-SP0)
    method: GET
    uri: https://vaultname.vault.azure.net/deletedkeys/livekvtestkey432f70fb3?api-version=7.1
  response:
    body:
      string: '{"error":{"code":"KeyNotFound","message":"Deleted Key not found: livekvtestkey432f70fb3"}}'
    headers:
      cache-control: no-cache
      content-length: '90'
      content-type: application/json; charset=utf-8
      date: Sat, 06 Feb 2021 01:54:53 GMT
      expires: '-1'
      pragma: no-cache
      strict-transport-security: max-age=31536000;includeSubDomains
      x-content-type-options: nosniff
      x-ms-keyvault-network-info: conn_type=Ipv4;addr=174.127.232.53;act_addr_fam=InterNetwork;
      x-ms-keyvault-region: northeurope
      x-ms-keyvault-service-version: 1.2.164.0
      x-powered-by: ASP.NET
    status:
      code: 404
      message: Not Found
    url: https://mcpatinotest.vault.azure.net/deletedkeys/livekvtestkey432f70fb3?api-version=7.1
- request:
    body: null
    headers:
      Accept:
      - application/json
      User-Agent:
      - azsdk-python-keyvault-keys/4.3.2 Python/3.5.3 (Windows-10-10.0.19041-SP0)
    method: GET
    uri: https://vaultname.vault.azure.net/deletedkeys/livekvtestkey432f70fb3?api-version=7.1
  response:
    body:
      string: '{"recoveryId":"https://vaultname.vault.azure.net/deletedkeys/livekvtestkey432f70fb3","deletedDate":1612576494,"scheduledPurgeDate":1620352494,"key":{"kid":"https://vaultname.vault.azure.net/keys/livekvtestkey432f70fb3/66b1fa0314064ed4ad2022755dc4a2ab","kty":"RSA","key_ops":["encrypt","decrypt","sign","verify","wrapKey","unwrapKey"],"n":"tbYpqr8-Fsuriimep_IL5Q-jslrUCdDHmd6KWt5v9tW5FPlb67fjCtHWWwnVLmB84j_Y8aK6S6GQdi4D2LavmMoOQKLO7lfsI1Sj-chhDBhsKwJupxs349uAhs7kVZ93Nn4xSgAqa625N6qAMy9PS3zKLL8C6dfJgMQAneqdDbs1LKOi82No4v9E9EC2byqyUBZr2cpMFZ_BVRgarib4tvMj7Cl1Hw9HdrmmCDBMuA-FaczGGBzCv812qNz8rHf9WoNC2zqGxRZfiSp7i-tiXLCQ7s146tDaiJfK0m_qp6RCx-lzXp4wqiTggO67W6W4NXVGeuhp56JMv9CJt-I3sQ","e":"AQAB"},"attributes":{"enabled":true,"created":1612576479,"updated":1612576479,"recoveryLevel":"Recoverable+Purgeable","recoverableDays":90}}'
    headers:
      cache-control: no-cache
      content-length: '834'
      content-type: application/json; charset=utf-8
      date: Sat, 06 Feb 2021 01:54:55 GMT
      expires: '-1'
      pragma: no-cache
      strict-transport-security: max-age=31536000;includeSubDomains
      x-content-type-options: nosniff
      x-ms-keyvault-network-info: conn_type=Ipv4;addr=174.127.232.53;act_addr_fam=InterNetwork;
      x-ms-keyvault-region: northeurope
      x-ms-keyvault-service-version: 1.2.164.0
      x-powered-by: ASP.NET
    status:
      code: 200
      message: OK
    url: https://mcpatinotest.vault.azure.net/deletedkeys/livekvtestkey432f70fb3?api-version=7.1
- request:
    body: null
    headers:
      Accept:
      - application/json
      User-Agent:
      - azsdk-python-keyvault-keys/4.3.2 Python/3.5.3 (Windows-10-10.0.19041-SP0)
    method: DELETE
    uri: https://vaultname.vault.azure.net/keys/livekvtestkey632f70fb3?api-version=7.1
  response:
    body:
      string: '{"recoveryId":"https://vaultname.vault.azure.net/deletedkeys/livekvtestkey632f70fb3","deletedDate":1612576496,"scheduledPurgeDate":1620352496,"key":{"kid":"https://vaultname.vault.azure.net/keys/livekvtestkey632f70fb3/ae481ff20c7a449084d6265bbfa9a0f2","kty":"RSA","key_ops":["encrypt","decrypt","sign","verify","wrapKey","unwrapKey"],"n":"tn0BYJBstwoovxd5vZwOGcOSUyVuXOHUNzpjdAFNrDXhIv98LQ2eUf_s6lA2Ysehj8zblbR9TFfCJb-ZzBg0ddLVFyc5w5ss2j2Nb3nX3v4VYWuQYrr6YIFKypYWGhTXzwIdbtDiBWSCEQwi6zkuuyuC-DfXpHfJhAzSVm3Dgz3MGlyzvsk-JhpK-5WdlgeMnOkKPwE4TdoStEgiKMN7YG48jBVhBnKhW4AahoSyo1dZTFvBddFlJw73Es15cVo1qFlTkctjmr4lSNLXPzcWdvFXJQyn9vGux7jE_mzZdvXs8PzYIfmOtNUUp5BTu5bxXa-Vm23f6kopOUsK5J3OhQ","e":"AQAB"},"attributes":{"enabled":true,"created":1612576480,"updated":1612576480,"recoveryLevel":"Recoverable+Purgeable","recoverableDays":90}}'
    headers:
      cache-control: no-cache
      content-length: '834'
      content-type: application/json; charset=utf-8
      date: Sat, 06 Feb 2021 01:54:56 GMT
      expires: '-1'
      pragma: no-cache
      strict-transport-security: max-age=31536000;includeSubDomains
      x-content-type-options: nosniff
      x-ms-keyvault-network-info: conn_type=Ipv4;addr=174.127.232.53;act_addr_fam=InterNetwork;
      x-ms-keyvault-region: northeurope
      x-ms-keyvault-service-version: 1.2.164.0
      x-powered-by: ASP.NET
    status:
      code: 200
      message: OK
    url: https://mcpatinotest.vault.azure.net/keys/livekvtestkey632f70fb3?api-version=7.1
- request:
    body: null
    headers:
      Accept:
      - application/json
      User-Agent:
      - azsdk-python-keyvault-keys/4.3.2 Python/3.5.3 (Windows-10-10.0.19041-SP0)
    method: GET
    uri: https://vaultname.vault.azure.net/deletedkeys/livekvtestkey632f70fb3?api-version=7.1
  response:
    body:
      string: '{"error":{"code":"KeyNotFound","message":"Deleted Key not found: livekvtestkey632f70fb3"}}'
    headers:
      cache-control: no-cache
      content-length: '90'
      content-type: application/json; charset=utf-8
      date: Sat, 06 Feb 2021 01:54:56 GMT
      expires: '-1'
      pragma: no-cache
      strict-transport-security: max-age=31536000;includeSubDomains
      x-content-type-options: nosniff
      x-ms-keyvault-network-info: conn_type=Ipv4;addr=174.127.232.53;act_addr_fam=InterNetwork;
      x-ms-keyvault-region: northeurope
      x-ms-keyvault-service-version: 1.2.164.0
      x-powered-by: ASP.NET
    status:
      code: 404
      message: Not Found
    url: https://mcpatinotest.vault.azure.net/deletedkeys/livekvtestkey632f70fb3?api-version=7.1
- request:
    body: null
    headers:
      Accept:
      - application/json
      User-Agent:
      - azsdk-python-keyvault-keys/4.3.2 Python/3.5.3 (Windows-10-10.0.19041-SP0)
    method: GET
    uri: https://vaultname.vault.azure.net/deletedkeys/livekvtestkey632f70fb3?api-version=7.1
  response:
    body:
      string: '{"recoveryId":"https://vaultname.vault.azure.net/deletedkeys/livekvtestkey632f70fb3","deletedDate":1612576496,"scheduledPurgeDate":1620352496,"key":{"kid":"https://vaultname.vault.azure.net/keys/livekvtestkey632f70fb3/ae481ff20c7a449084d6265bbfa9a0f2","kty":"RSA","key_ops":["encrypt","decrypt","sign","verify","wrapKey","unwrapKey"],"n":"tn0BYJBstwoovxd5vZwOGcOSUyVuXOHUNzpjdAFNrDXhIv98LQ2eUf_s6lA2Ysehj8zblbR9TFfCJb-ZzBg0ddLVFyc5w5ss2j2Nb3nX3v4VYWuQYrr6YIFKypYWGhTXzwIdbtDiBWSCEQwi6zkuuyuC-DfXpHfJhAzSVm3Dgz3MGlyzvsk-JhpK-5WdlgeMnOkKPwE4TdoStEgiKMN7YG48jBVhBnKhW4AahoSyo1dZTFvBddFlJw73Es15cVo1qFlTkctjmr4lSNLXPzcWdvFXJQyn9vGux7jE_mzZdvXs8PzYIfmOtNUUp5BTu5bxXa-Vm23f6kopOUsK5J3OhQ","e":"AQAB"},"attributes":{"enabled":true,"created":1612576480,"updated":1612576480,"recoveryLevel":"Recoverable+Purgeable","recoverableDays":90}}'
    headers:
      cache-control: no-cache
      content-length: '834'
      content-type: application/json; charset=utf-8
      date: Sat, 06 Feb 2021 01:54:59 GMT
      expires: '-1'
      pragma: no-cache
      strict-transport-security: max-age=31536000;includeSubDomains
      x-content-type-options: nosniff
      x-ms-keyvault-network-info: conn_type=Ipv4;addr=174.127.232.53;act_addr_fam=InterNetwork;
      x-ms-keyvault-region: northeurope
      x-ms-keyvault-service-version: 1.2.164.0
      x-powered-by: ASP.NET
    status:
      code: 200
      message: OK
    url: https://mcpatinotest.vault.azure.net/deletedkeys/livekvtestkey632f70fb3?api-version=7.1
- request:
    body: null
    headers:
      Accept:
      - application/json
      User-Agent:
      - azsdk-python-keyvault-keys/4.3.2 Python/3.5.3 (Windows-10-10.0.19041-SP0)
    method: GET
    uri: https://vaultname.vault.azure.net/deletedkeys?api-version=7.1
  response:
    body:
      string: '{"value":[{"recoveryId":"https://vaultname.vault.azure.net/deletedkeys/livekvtestcrud-rsa-key51c4108d","deletedDate":1612576344,"scheduledPurgeDate":1620352344,"kid":"https://vaultname.vault.azure.net/keys/livekvtestcrud-rsa-key51c4108d","attributes":{"enabled":true,"exp":2524723200,"created":1612576342,"updated":1612576344,"recoveryLevel":"Recoverable+Purgeable","recoverableDays":90},"tags":{"foo":"updated
        tag"}},{"recoveryId":"https://vaultname.vault.azure.net/deletedkeys/livekvtestcrud-rsa-key5416109f","deletedDate":1612576466,"scheduledPurgeDate":1620352466,"kid":"https://vaultname.vault.azure.net/keys/livekvtestcrud-rsa-key5416109f","attributes":{"enabled":true,"exp":2524723200,"created":1612576464,"updated":1612576466,"recoveryLevel":"Recoverable+Purgeable","recoverableDays":90},"tags":{"foo":"updated
        tag"}}],"nextLink":"https://vaultname.vault.azure.net:443/deletedkeys?api-version=7.1&$skiptoken=eyJOZXh0TWFya2VyIjoiMiExNTIhTURBd01EY3dJV3RsZVM5TVNWWkZTMVpVUlZOVVJVTXRWa1ZTU1VaWkxWQXRNalUyTkRRd01qRXdNVEl2TUVSRE1USTVSVVJFTWtSQ05EWkNSamxCUWpnNU5ESTNSRE01TXpFNU9EY2hNREF3TURJNElUazVPVGt0TVRJdE16RlVNak02TlRrNk5Ua3VPVGs1T1RrNU9Wb2giLCJUYXJnZXRMb2NhdGlvbiI6MH0"}'
    headers:
      cache-control: no-cache
      content-length: '1192'
      content-type: application/json; charset=utf-8
      date: Sat, 06 Feb 2021 01:54:59 GMT
      expires: '-1'
      pragma: no-cache
      strict-transport-security: max-age=31536000;includeSubDomains
      x-content-type-options: nosniff
      x-ms-keyvault-network-info: conn_type=Ipv4;addr=174.127.232.53;act_addr_fam=InterNetwork;
      x-ms-keyvault-region: northeurope
      x-ms-keyvault-service-version: 1.2.164.0
      x-powered-by: ASP.NET
    status:
      code: 200
      message: OK
    url: https://mcpatinotest.vault.azure.net/deletedkeys?api-version=7.1
- request:
    body: null
    headers:
      Accept:
      - application/json
      User-Agent:
      - azsdk-python-keyvault-keys/4.3.2 Python/3.5.3 (Windows-10-10.0.19041-SP0)
    method: GET
    uri: https://vaultname.vault.azure.net:443/deletedkeys?api-version=7.1&$skiptoken=eyJOZXh0TWFya2VyIjoiMiExNTIhTURBd01EY3dJV3RsZVM5TVNWWkZTMVpVUlZOVVJVTXRWa1ZTU1VaWkxWQXRNalUyTkRRd01qRXdNVEl2TUVSRE1USTVSVVJFTWtSQ05EWkNSamxCUWpnNU5ESTNSRE01TXpFNU9EY2hNREF3TURJNElUazVPVGt0TVRJdE16RlVNak02TlRrNk5Ua3VPVGs1T1RrNU9Wb2giLCJUYXJnZXRMb2NhdGlvbiI6MH0
  response:
    body:
      string: '{"value":[],"nextLink":"https://vaultname.vault.azure.net:443/deletedkeys?api-version=7.1&$skiptoken=eyJOZXh0TWFya2VyIjoiMiExMDghTURBd01ETTNJV3RsZVM5TVNWWkZTMVpVUlZOVVNVMVFUMUpVTFZSRlUxUXRTMFZaTlRReE5qRXdPVVloTURBd01ESTRJVGs1T1RrdE1USXRNekZVTWpNNk5UazZOVGt1T1RrNU9UazVPVm9oIiwiVGFyZ2V0TG9jYXRpb24iOjB9"}'
    headers:
      cache-control: no-cache
      content-length: '306'
      content-type: application/json; charset=utf-8
      date: Sat, 06 Feb 2021 01:55:00 GMT
      expires: '-1'
      pragma: no-cache
      strict-transport-security: max-age=31536000;includeSubDomains
      x-content-type-options: nosniff
      x-ms-keyvault-network-info: conn_type=Ipv4;addr=174.127.232.53;act_addr_fam=InterNetwork;
      x-ms-keyvault-region: northeurope
      x-ms-keyvault-service-version: 1.2.164.0
      x-powered-by: ASP.NET
    status:
      code: 200
      message: OK
    url: https://mcpatinotest.vault.azure.net:443/deletedkeys?api-version=7.1&$skiptoken=eyJOZXh0TWFya2VyIjoiMiExNTIhTURBd01EY3dJV3RsZVM5TVNWWkZTMVpVUlZOVVJVTXRWa1ZTU1VaWkxWQXRNalUyTkRRd01qRXdNVEl2TUVSRE1USTVSVVJFTWtSQ05EWkNSamxCUWpnNU5ESTNSRE01TXpFNU9EY2hNREF3TURJNElUazVPVGt0TVRJdE16RlVNak02TlRrNk5Ua3VPVGs1T1RrNU9Wb2giLCJUYXJnZXRMb2NhdGlvbiI6MH0
- request:
    body: null
    headers:
      Accept:
      - application/json
      User-Agent:
      - azsdk-python-keyvault-keys/4.3.2 Python/3.5.3 (Windows-10-10.0.19041-SP0)
    method: GET
    uri: https://vaultname.vault.azure.net:443/deletedkeys?api-version=7.1&$skiptoken=eyJOZXh0TWFya2VyIjoiMiExMDghTURBd01ETTNJV3RsZVM5TVNWWkZTMVpVUlZOVVNVMVFUMUpVTFZSRlUxUXRTMFZaTlRReE5qRXdPVVloTURBd01ESTRJVGs1T1RrdE1USXRNekZVTWpNNk5UazZOVGt1T1RrNU9UazVPVm9oIiwiVGFyZ2V0TG9jYXRpb24iOjB9
  response:
    body:
      string: '{"value":[{"recoveryId":"https://vaultname.vault.azure.net/deletedkeys/livekvtestkey030c90fa1","deletedDate":1612576374,"scheduledPurgeDate":1620352374,"kid":"https://vaultname.vault.azure.net/keys/livekvtestkey030c90fa1","attributes":{"enabled":true,"created":1612576358,"updated":1612576358,"recoveryLevel":"Recoverable+Purgeable","recoverableDays":90}},{"recoveryId":"https://vaultname.vault.azure.net/deletedkeys/livekvtestkey032f70fb3","deletedDate":1612576491,"scheduledPurgeDate":1620352491,"kid":"https://vaultname.vault.azure.net/keys/livekvtestkey032f70fb3","attributes":{"enabled":true,"created":1612576478,"updated":1612576478,"recoveryLevel":"Recoverable+Purgeable","recoverableDays":90}},{"recoveryId":"https://vaultname.vault.azure.net/deletedkeys/livekvtestkey130c90fa1","deletedDate":1612576376,"scheduledPurgeDate":1620352376,"kid":"https://vaultname.vault.azure.net/keys/livekvtestkey130c90fa1","attributes":{"enabled":true,"created":1612576358,"updated":1612576358,"recoveryLevel":"Recoverable+Purgeable","recoverableDays":90}},{"recoveryId":"https://vaultname.vault.azure.net/deletedkeys/livekvtestkey132f70fb3","deletedDate":1612576486,"scheduledPurgeDate":1620352486,"kid":"https://vaultname.vault.azure.net/keys/livekvtestkey132f70fb3","attributes":{"enabled":true,"created":1612576478,"updated":1612576478,"recoveryLevel":"Recoverable+Purgeable","recoverableDays":90}},{"recoveryId":"https://vaultname.vault.azure.net/deletedkeys/livekvtestkey230c90fa1","deletedDate":1612576371,"scheduledPurgeDate":1620352371,"kid":"https://vaultname.vault.azure.net/keys/livekvtestkey230c90fa1","attributes":{"enabled":true,"created":1612576359,"updated":1612576359,"recoveryLevel":"Recoverable+Purgeable","recoverableDays":90}},{"recoveryId":"https://vaultname.vault.azure.net/deletedkeys/livekvtestkey232f70fb3","deletedDate":1612576488,"scheduledPurgeDate":1620352488,"kid":"https://vaultname.vault.azure.net/keys/livekvtestkey232f70fb3","attributes":{"enabled":true,"created":1612576479,"updated":1612576479,"recoveryLevel":"Recoverable+Purgeable","recoverableDays":90}}],"nextLink":"https://vaultname.vault.azure.net:443/deletedkeys?api-version=7.1&$skiptoken=eyJOZXh0TWFya2VyIjoiMiExNDAhTURBd01EVTVJV3RsZVM5TVNWWkZTMVpVUlZOVVMwVlpNak15Umpjd1JrSXpMMFpHUXpJM01VSkRNalUwTXpRME9UVkJNamMwUkRVMlFUazFNelpETUVVNUlUQXdNREF5T0NFNU9UazVMVEV5TFRNeFZESXpPalU1T2pVNUxqazVPVGs1T1RsYUlRLS0iLCJUYXJnZXRMb2NhdGlvbiI6MH0"}'
    headers:
      cache-control: no-cache
      content-length: '2460'
      content-type: application/json; charset=utf-8
      date: Sat, 06 Feb 2021 01:55:00 GMT
      expires: '-1'
      pragma: no-cache
      strict-transport-security: max-age=31536000;includeSubDomains
      x-content-type-options: nosniff
      x-ms-keyvault-network-info: conn_type=Ipv4;addr=174.127.232.53;act_addr_fam=InterNetwork;
      x-ms-keyvault-region: northeurope
      x-ms-keyvault-service-version: 1.2.164.0
      x-powered-by: ASP.NET
    status:
      code: 200
      message: OK
    url: https://mcpatinotest.vault.azure.net:443/deletedkeys?api-version=7.1&$skiptoken=eyJOZXh0TWFya2VyIjoiMiExMDghTURBd01ETTNJV3RsZVM5TVNWWkZTMVpVUlZOVVNVMVFUMUpVTFZSRlUxUXRTMFZaTlRReE5qRXdPVVloTURBd01ESTRJVGs1T1RrdE1USXRNekZVTWpNNk5UazZOVGt1T1RrNU9UazVPVm9oIiwiVGFyZ2V0TG9jYXRpb24iOjB9
- request:
    body: null
    headers:
      Accept:
      - application/json
      User-Agent:
      - azsdk-python-keyvault-keys/4.3.2 Python/3.5.3 (Windows-10-10.0.19041-SP0)
    method: GET
    uri: https://vaultname.vault.azure.net:443/deletedkeys?api-version=7.1&$skiptoken=eyJOZXh0TWFya2VyIjoiMiExNDAhTURBd01EVTVJV3RsZVM5TVNWWkZTMVpVUlZOVVMwVlpNak15Umpjd1JrSXpMMFpHUXpJM01VSkRNalUwTXpRME9UVkJNamMwUkRVMlFUazFNelpETUVVNUlUQXdNREF5T0NFNU9UazVMVEV5TFRNeFZESXpPalU1T2pVNUxqazVPVGs1T1RsYUlRLS0iLCJUYXJnZXRMb2NhdGlvbiI6MH0
  response:
    body:
      string: '{"value":[{"recoveryId":"https://vaultname.vault.azure.net/deletedkeys/livekvtestkey330c90fa1","deletedDate":1612576363,"scheduledPurgeDate":1620352363,"kid":"https://vaultname.vault.azure.net/keys/livekvtestkey330c90fa1","attributes":{"enabled":true,"created":1612576359,"updated":1612576359,"recoveryLevel":"Recoverable+Purgeable","recoverableDays":90}},{"recoveryId":"https://vaultname.vault.azure.net/deletedkeys/livekvtestkey332f70fb3","deletedDate":1612576480,"scheduledPurgeDate":1620352480,"kid":"https://vaultname.vault.azure.net/keys/livekvtestkey332f70fb3","attributes":{"enabled":true,"created":1612576479,"updated":1612576479,"recoveryLevel":"Recoverable+Purgeable","recoverableDays":90}},{"recoveryId":"https://vaultname.vault.azure.net/deletedkeys/livekvtestkey430c90fa1","deletedDate":1612576368,"scheduledPurgeDate":1620352368,"kid":"https://vaultname.vault.azure.net/keys/livekvtestkey430c90fa1","attributes":{"enabled":true,"created":1612576359,"updated":1612576359,"recoveryLevel":"Recoverable+Purgeable","recoverableDays":90}},{"recoveryId":"https://vaultname.vault.azure.net/deletedkeys/livekvtestkey432f70fb3","deletedDate":1612576494,"scheduledPurgeDate":1620352494,"kid":"https://vaultname.vault.azure.net/keys/livekvtestkey432f70fb3","attributes":{"enabled":true,"created":1612576479,"updated":1612576479,"recoveryLevel":"Recoverable+Purgeable","recoverableDays":90}}],"nextLink":"https://vaultname.vault.azure.net:443/deletedkeys?api-version=7.1&$skiptoken=eyJOZXh0TWFya2VyIjoiMiE5NiFNREF3TURJMklXdGxlUzlNU1ZaRlMxWlVSVk5VUzBWWk5FSTBSRVF3UXpCQklUQXdNREF5T0NFNU9UazVMVEV5TFRNeFZESXpPalU1T2pVNUxqazVPVGs1T1RsYUlRLS0iLCJUYXJnZXRMb2NhdGlvbiI6MH0"}'
    headers:
      cache-control: no-cache
      content-length: '1696'
      content-type: application/json; charset=utf-8
      date: Sat, 06 Feb 2021 01:55:01 GMT
      expires: '-1'
      pragma: no-cache
      strict-transport-security: max-age=31536000;includeSubDomains
      x-content-type-options: nosniff
      x-ms-keyvault-network-info: conn_type=Ipv4;addr=174.127.232.53;act_addr_fam=InterNetwork;
      x-ms-keyvault-region: northeurope
      x-ms-keyvault-service-version: 1.2.164.0
      x-powered-by: ASP.NET
    status:
      code: 200
      message: OK
    url: https://mcpatinotest.vault.azure.net:443/deletedkeys?api-version=7.1&$skiptoken=eyJOZXh0TWFya2VyIjoiMiExNDAhTURBd01EVTVJV3RsZVM5TVNWWkZTMVpVUlZOVVMwVlpNak15Umpjd1JrSXpMMFpHUXpJM01VSkRNalUwTXpRME9UVkJNamMwUkRVMlFUazFNelpETUVVNUlUQXdNREF5T0NFNU9UazVMVEV5TFRNeFZESXpPalU1T2pVNUxqazVPVGs1T1RsYUlRLS0iLCJUYXJnZXRMb2NhdGlvbiI6MH0
- request:
    body: null
    headers:
      Accept:
      - application/json
      User-Agent:
      - azsdk-python-keyvault-keys/4.3.2 Python/3.5.3 (Windows-10-10.0.19041-SP0)
    method: GET
    uri: https://vaultname.vault.azure.net:443/deletedkeys?api-version=7.1&$skiptoken=eyJOZXh0TWFya2VyIjoiMiE5NiFNREF3TURJMklXdGxlUzlNU1ZaRlMxWlVSVk5VUzBWWk5FSTBSRVF3UXpCQklUQXdNREF5T0NFNU9UazVMVEV5TFRNeFZESXpPalU1T2pVNUxqazVPVGs1T1RsYUlRLS0iLCJUYXJnZXRMb2NhdGlvbiI6MH0
  response:
    body:
      string: '{"value":[{"recoveryId":"https://vaultname.vault.azure.net/deletedkeys/livekvtestkey530c90fa1","deletedDate":1612576360,"scheduledPurgeDate":1620352360,"kid":"https://vaultname.vault.azure.net/keys/livekvtestkey530c90fa1","attributes":{"enabled":true,"created":1612576360,"updated":1612576360,"recoveryLevel":"Recoverable+Purgeable","recoverableDays":90}},{"recoveryId":"https://vaultname.vault.azure.net/deletedkeys/livekvtestkey532f70fb3","deletedDate":1612576483,"scheduledPurgeDate":1620352483,"kid":"https://vaultname.vault.azure.net/keys/livekvtestkey532f70fb3","attributes":{"enabled":true,"created":1612576480,"updated":1612576480,"recoveryLevel":"Recoverable+Purgeable","recoverableDays":90}},{"recoveryId":"https://vaultname.vault.azure.net/deletedkeys/livekvtestkey630c90fa1","deletedDate":1612576366,"scheduledPurgeDate":1620352366,"kid":"https://vaultname.vault.azure.net/keys/livekvtestkey630c90fa1","attributes":{"enabled":true,"created":1612576360,"updated":1612576360,"recoveryLevel":"Recoverable+Purgeable","recoverableDays":90}},{"recoveryId":"https://vaultname.vault.azure.net/deletedkeys/livekvtestkey632f70fb3","deletedDate":1612576496,"scheduledPurgeDate":1620352496,"kid":"https://vaultname.vault.azure.net/keys/livekvtestkey632f70fb3","attributes":{"enabled":true,"created":1612576480,"updated":1612576480,"recoveryLevel":"Recoverable+Purgeable","recoverableDays":90}}],"nextLink":"https://vaultname.vault.azure.net:443/deletedkeys?api-version=7.1&$skiptoken=eyJOZXh0TWFya2VyIjoiMiExNDAhTURBd01EWXdJV3RsZVM5TVNWWkZTMVpVUlZOVVMwVlpRa0ZMTkVVd01FVTNSaTh5UXprNFF6UXhORGsxUVRrMFFrSkVPREF4TWpNelFqbEVRalk0TkRJd05TRXdNREF3TWpnaE9UazVPUzB4TWkwek1WUXlNem8xT1RvMU9TNDVPVGs1T1RrNVdpRS0iLCJUYXJnZXRMb2NhdGlvbiI6MH0"}'
    headers:
      cache-control: no-cache
      content-length: '1756'
      content-type: application/json; charset=utf-8
      date: Sat, 06 Feb 2021 01:55:01 GMT
      expires: '-1'
      pragma: no-cache
      strict-transport-security: max-age=31536000;includeSubDomains
      x-content-type-options: nosniff
      x-ms-keyvault-network-info: conn_type=Ipv4;addr=174.127.232.53;act_addr_fam=InterNetwork;
      x-ms-keyvault-region: northeurope
      x-ms-keyvault-service-version: 1.2.164.0
      x-powered-by: ASP.NET
    status:
      code: 200
      message: OK
    url: https://mcpatinotest.vault.azure.net:443/deletedkeys?api-version=7.1&$skiptoken=eyJOZXh0TWFya2VyIjoiMiE5NiFNREF3TURJMklXdGxlUzlNU1ZaRlMxWlVSVk5VUzBWWk5FSTBSRVF3UXpCQklUQXdNREF5T0NFNU9UazVMVEV5TFRNeFZESXpPalU1T2pVNUxqazVPVGs1T1RsYUlRLS0iLCJUYXJnZXRMb2NhdGlvbiI6MH0
- request:
    body: null
    headers:
      Accept:
      - application/json
      User-Agent:
      - azsdk-python-keyvault-keys/4.3.2 Python/3.5.3 (Windows-10-10.0.19041-SP0)
    method: GET
    uri: https://vaultname.vault.azure.net:443/deletedkeys?api-version=7.1&$skiptoken=eyJOZXh0TWFya2VyIjoiMiExNDAhTURBd01EWXdJV3RsZVM5TVNWWkZTMVpVUlZOVVMwVlpRa0ZMTkVVd01FVTNSaTh5UXprNFF6UXhORGsxUVRrMFFrSkVPREF4TWpNelFqbEVRalk0TkRJd05TRXdNREF3TWpnaE9UazVPUzB4TWkwek1WUXlNem8xT1RvMU9TNDVPVGs1T1RrNVdpRS0iLCJUYXJnZXRMb2NhdGlvbiI6MH0
  response:
    body:
      string: '{"value":[],"nextLink":"https://vaultname.vault.azure.net:443/deletedkeys?api-version=7.1&$skiptoken=eyJOZXh0TWFya2VyIjoiMiExMDAhTURBd01ESTVJV3RsZVM5TVNWWkZTMVpVUlZOVVVsTkJMVXRGV1VRMU1ESXhNemhDSVRBd01EQXlPQ0U1T1RrNUxURXlMVE14VkRJek9qVTVPalU1TGprNU9UazVPVGxhSVEtLSIsIlRhcmdldExvY2F0aW9uIjowfQ"}'
    headers:
      cache-control: no-cache
      content-length: '296'
      content-type: application/json; charset=utf-8
      date: Sat, 06 Feb 2021 01:55:02 GMT
      expires: '-1'
      pragma: no-cache
      strict-transport-security: max-age=31536000;includeSubDomains
      x-content-type-options: nosniff
      x-ms-keyvault-network-info: conn_type=Ipv4;addr=174.127.232.53;act_addr_fam=InterNetwork;
      x-ms-keyvault-region: northeurope
      x-ms-keyvault-service-version: 1.2.164.0
      x-powered-by: ASP.NET
    status:
      code: 200
      message: OK
    url: https://mcpatinotest.vault.azure.net:443/deletedkeys?api-version=7.1&$skiptoken=eyJOZXh0TWFya2VyIjoiMiExNDAhTURBd01EWXdJV3RsZVM5TVNWWkZTMVpVUlZOVVMwVlpRa0ZMTkVVd01FVTNSaTh5UXprNFF6UXhORGsxUVRrMFFrSkVPREF4TWpNelFqbEVRalk0TkRJd05TRXdNREF3TWpnaE9UazVPUzB4TWkwek1WUXlNem8xT1RvMU9TNDVPVGs1T1RrNVdpRS0iLCJUYXJnZXRMb2NhdGlvbiI6MH0
- request:
    body: null
    headers:
      Accept:
      - application/json
      User-Agent:
      - azsdk-python-keyvault-keys/4.3.2 Python/3.5.3 (Windows-10-10.0.19041-SP0)
    method: GET
    uri: https://vaultname.vault.azure.net:443/deletedkeys?api-version=7.1&$skiptoken=eyJOZXh0TWFya2VyIjoiMiExMDAhTURBd01ESTVJV3RsZVM5TVNWWkZTMVpVUlZOVVVsTkJMVXRGV1VRMU1ESXhNemhDSVRBd01EQXlPQ0U1T1RrNUxURXlMVE14VkRJek9qVTVPalU1TGprNU9UazVPVGxhSVEtLSIsIlRhcmdldExvY2F0aW9uIjowfQ
  response:
    body:
      string: '{"value":[],"nextLink":"https://vaultname.vault.azure.net:443/deletedkeys?api-version=7.1&$skiptoken=eyJOZXh0TWFya2VyIjoiMiExNDAhTURBd01EWXhJV3RsZVM5TVNWWkZTMVpVUlZOVVVsTkJTMFZaTlRZME16RXdPRE12TWpNeFJFVTNNVU5FTVVKQ05FUTRRVGt3TmpFNVJqUkVPVGhDUWtaQk1VUWhNREF3TURJNElUazVPVGt0TVRJdE16RlVNak02TlRrNk5Ua3VPVGs1T1RrNU9Wb2giLCJUYXJnZXRMb2NhdGlvbiI6MH0"}'
    headers:
      cache-control: no-cache
      content-length: '349'
      content-type: application/json; charset=utf-8
      date: Sat, 06 Feb 2021 01:55:02 GMT
      expires: '-1'
      pragma: no-cache
      strict-transport-security: max-age=31536000;includeSubDomains
      x-content-type-options: nosniff
      x-ms-keyvault-network-info: conn_type=Ipv4;addr=174.127.232.53;act_addr_fam=InterNetwork;
      x-ms-keyvault-region: northeurope
      x-ms-keyvault-service-version: 1.2.164.0
      x-powered-by: ASP.NET
    status:
      code: 200
      message: OK
    url: https://mcpatinotest.vault.azure.net:443/deletedkeys?api-version=7.1&$skiptoken=eyJOZXh0TWFya2VyIjoiMiExMDAhTURBd01ESTVJV3RsZVM5TVNWWkZTMVpVUlZOVVVsTkJMVXRGV1VRMU1ESXhNemhDSVRBd01EQXlPQ0U1T1RrNUxURXlMVE14VkRJek9qVTVPalU1TGprNU9UazVPVGxhSVEtLSIsIlRhcmdldExvY2F0aW9uIjowfQ
- request:
    body: null
    headers:
      Accept:
      - application/json
      User-Agent:
      - azsdk-python-keyvault-keys/4.3.2 Python/3.5.3 (Windows-10-10.0.19041-SP0)
    method: GET
    uri: https://vaultname.vault.azure.net:443/deletedkeys?api-version=7.1&$skiptoken=eyJOZXh0TWFya2VyIjoiMiExNDAhTURBd01EWXhJV3RsZVM5TVNWWkZTMVpVUlZOVVVsTkJTMFZaTlRZME16RXdPRE12TWpNeFJFVTNNVU5FTVVKQ05FUTRRVGt3TmpFNVJqUkVPVGhDUWtaQk1VUWhNREF3TURJNElUazVPVGt0TVRJdE16RlVNak02TlRrNk5Ua3VPVGs1T1RrNU9Wb2giLCJUYXJnZXRMb2NhdGlvbiI6MH0
  response:
    body:
      string: '{"value":[],"nextLink":null}'
    headers:
      cache-control: no-cache
      content-length: '28'
      content-type: application/json; charset=utf-8
      date: Sat, 06 Feb 2021 01:55:02 GMT
      expires: '-1'
      pragma: no-cache
      strict-transport-security: max-age=31536000;includeSubDomains
      x-content-type-options: nosniff
      x-ms-keyvault-network-info: conn_type=Ipv4;addr=174.127.232.53;act_addr_fam=InterNetwork;
      x-ms-keyvault-region: northeurope
      x-ms-keyvault-service-version: 1.2.164.0
      x-powered-by: ASP.NET
    status:
      code: 200
      message: OK
    url: https://mcpatinotest.vault.azure.net:443/deletedkeys?api-version=7.1&$skiptoken=eyJOZXh0TWFya2VyIjoiMiExNDAhTURBd01EWXhJV3RsZVM5TVNWWkZTMVpVUlZOVVVsTkJTMFZaTlRZME16RXdPRE12TWpNeFJFVTNNVU5FTVVKQ05FUTRRVGt3TmpFNVJqUkVPVGhDUWtaQk1VUWhNREF3TURJNElUazVPVGt0TVRJdE16RlVNak02TlRrNk5Ua3VPVGs1T1RrNU9Wb2giLCJUYXJnZXRMb2NhdGlvbiI6MH0
- request:
    body: null
    headers:
      Accept:
      - application/json
      User-Agent:
      - azsdk-python-keyvault-keys/4.3.2 Python/3.5.3 (Windows-10-10.0.19041-SP0)
    method: GET
    uri: https://vaultname.vault.azure.net/deletedkeys?api-version=7.1
  response:
    body:
      string: '{"value":[{"recoveryId":"https://vaultname.vault.azure.net/deletedkeys/livekvtestcrud-rsa-key51c4108d","deletedDate":1612576344,"scheduledPurgeDate":1620352344,"kid":"https://vaultname.vault.azure.net/keys/livekvtestcrud-rsa-key51c4108d","attributes":{"enabled":true,"exp":2524723200,"created":1612576342,"updated":1612576344,"recoveryLevel":"Recoverable+Purgeable","recoverableDays":90},"tags":{"foo":"updated
        tag"}},{"recoveryId":"https://vaultname.vault.azure.net/deletedkeys/livekvtestcrud-rsa-key5416109f","deletedDate":1612576466,"scheduledPurgeDate":1620352466,"kid":"https://vaultname.vault.azure.net/keys/livekvtestcrud-rsa-key5416109f","attributes":{"enabled":true,"exp":2524723200,"created":1612576464,"updated":1612576466,"recoveryLevel":"Recoverable+Purgeable","recoverableDays":90},"tags":{"foo":"updated
        tag"}}],"nextLink":"https://vaultname.vault.azure.net:443/deletedkeys?api-version=7.1&$skiptoken=eyJOZXh0TWFya2VyIjoiMiExNTIhTURBd01EY3dJV3RsZVM5TVNWWkZTMVpVUlZOVVJVTXRWa1ZTU1VaWkxWQXRNalUyTkRRd01qRXdNVEl2TUVSRE1USTVSVVJFTWtSQ05EWkNSamxCUWpnNU5ESTNSRE01TXpFNU9EY2hNREF3TURJNElUazVPVGt0TVRJdE16RlVNak02TlRrNk5Ua3VPVGs1T1RrNU9Wb2giLCJUYXJnZXRMb2NhdGlvbiI6MH0"}'
    headers:
      cache-control: no-cache
      content-length: '1192'
      content-type: application/json; charset=utf-8
      date: Sat, 06 Feb 2021 01:55:03 GMT
      expires: '-1'
      pragma: no-cache
      strict-transport-security: max-age=31536000;includeSubDomains
      x-content-type-options: nosniff
      x-ms-keyvault-network-info: conn_type=Ipv4;addr=174.127.232.53;act_addr_fam=InterNetwork;
      x-ms-keyvault-region: northeurope
      x-ms-keyvault-service-version: 1.2.164.0
      x-powered-by: ASP.NET
    status:
      code: 200
      message: OK
    url: https://mcpatinotest.vault.azure.net/deletedkeys?api-version=7.1
- request:
    body: null
    headers:
      Accept:
      - application/json
      User-Agent:
      - azsdk-python-keyvault-keys/4.3.2 Python/3.5.3 (Windows-10-10.0.19041-SP0)
    method: GET
    uri: https://vaultname.vault.azure.net:443/deletedkeys?api-version=7.1&$skiptoken=eyJOZXh0TWFya2VyIjoiMiExNTIhTURBd01EY3dJV3RsZVM5TVNWWkZTMVpVUlZOVVJVTXRWa1ZTU1VaWkxWQXRNalUyTkRRd01qRXdNVEl2TUVSRE1USTVSVVJFTWtSQ05EWkNSamxCUWpnNU5ESTNSRE01TXpFNU9EY2hNREF3TURJNElUazVPVGt0TVRJdE16RlVNak02TlRrNk5Ua3VPVGs1T1RrNU9Wb2giLCJUYXJnZXRMb2NhdGlvbiI6MH0
  response:
    body:
      string: '{"value":[],"nextLink":"https://vaultname.vault.azure.net:443/deletedkeys?api-version=7.1&$skiptoken=eyJOZXh0TWFya2VyIjoiMiExMDghTURBd01ETTNJV3RsZVM5TVNWWkZTMVpVUlZOVVNVMVFUMUpVTFZSRlUxUXRTMFZaTlRReE5qRXdPVVloTURBd01ESTRJVGs1T1RrdE1USXRNekZVTWpNNk5UazZOVGt1T1RrNU9UazVPVm9oIiwiVGFyZ2V0TG9jYXRpb24iOjB9"}'
    headers:
      cache-control: no-cache
      content-length: '306'
      content-type: application/json; charset=utf-8
      date: Sat, 06 Feb 2021 01:55:03 GMT
      expires: '-1'
      pragma: no-cache
      strict-transport-security: max-age=31536000;includeSubDomains
      x-content-type-options: nosniff
      x-ms-keyvault-network-info: conn_type=Ipv4;addr=174.127.232.53;act_addr_fam=InterNetwork;
      x-ms-keyvault-region: northeurope
      x-ms-keyvault-service-version: 1.2.164.0
      x-powered-by: ASP.NET
    status:
      code: 200
      message: OK
    url: https://mcpatinotest.vault.azure.net:443/deletedkeys?api-version=7.1&$skiptoken=eyJOZXh0TWFya2VyIjoiMiExNTIhTURBd01EY3dJV3RsZVM5TVNWWkZTMVpVUlZOVVJVTXRWa1ZTU1VaWkxWQXRNalUyTkRRd01qRXdNVEl2TUVSRE1USTVSVVJFTWtSQ05EWkNSamxCUWpnNU5ESTNSRE01TXpFNU9EY2hNREF3TURJNElUazVPVGt0TVRJdE16RlVNak02TlRrNk5Ua3VPVGs1T1RrNU9Wb2giLCJUYXJnZXRMb2NhdGlvbiI6MH0
- request:
    body: null
    headers:
      Accept:
      - application/json
      User-Agent:
      - azsdk-python-keyvault-keys/4.3.2 Python/3.5.3 (Windows-10-10.0.19041-SP0)
    method: GET
    uri: https://vaultname.vault.azure.net:443/deletedkeys?api-version=7.1&$skiptoken=eyJOZXh0TWFya2VyIjoiMiExMDghTURBd01ETTNJV3RsZVM5TVNWWkZTMVpVUlZOVVNVMVFUMUpVTFZSRlUxUXRTMFZaTlRReE5qRXdPVVloTURBd01ESTRJVGs1T1RrdE1USXRNekZVTWpNNk5UazZOVGt1T1RrNU9UazVPVm9oIiwiVGFyZ2V0TG9jYXRpb24iOjB9
  response:
    body:
      string: '{"value":[{"recoveryId":"https://vaultname.vault.azure.net/deletedkeys/livekvtestkey030c90fa1","deletedDate":1612576374,"scheduledPurgeDate":1620352374,"kid":"https://vaultname.vault.azure.net/keys/livekvtestkey030c90fa1","attributes":{"enabled":true,"created":1612576358,"updated":1612576358,"recoveryLevel":"Recoverable+Purgeable","recoverableDays":90}},{"recoveryId":"https://vaultname.vault.azure.net/deletedkeys/livekvtestkey032f70fb3","deletedDate":1612576491,"scheduledPurgeDate":1620352491,"kid":"https://vaultname.vault.azure.net/keys/livekvtestkey032f70fb3","attributes":{"enabled":true,"created":1612576478,"updated":1612576478,"recoveryLevel":"Recoverable+Purgeable","recoverableDays":90}},{"recoveryId":"https://vaultname.vault.azure.net/deletedkeys/livekvtestkey130c90fa1","deletedDate":1612576376,"scheduledPurgeDate":1620352376,"kid":"https://vaultname.vault.azure.net/keys/livekvtestkey130c90fa1","attributes":{"enabled":true,"created":1612576358,"updated":1612576358,"recoveryLevel":"Recoverable+Purgeable","recoverableDays":90}},{"recoveryId":"https://vaultname.vault.azure.net/deletedkeys/livekvtestkey132f70fb3","deletedDate":1612576486,"scheduledPurgeDate":1620352486,"kid":"https://vaultname.vault.azure.net/keys/livekvtestkey132f70fb3","attributes":{"enabled":true,"created":1612576478,"updated":1612576478,"recoveryLevel":"Recoverable+Purgeable","recoverableDays":90}},{"recoveryId":"https://vaultname.vault.azure.net/deletedkeys/livekvtestkey230c90fa1","deletedDate":1612576371,"scheduledPurgeDate":1620352371,"kid":"https://vaultname.vault.azure.net/keys/livekvtestkey230c90fa1","attributes":{"enabled":true,"created":1612576359,"updated":1612576359,"recoveryLevel":"Recoverable+Purgeable","recoverableDays":90}},{"recoveryId":"https://vaultname.vault.azure.net/deletedkeys/livekvtestkey232f70fb3","deletedDate":1612576488,"scheduledPurgeDate":1620352488,"kid":"https://vaultname.vault.azure.net/keys/livekvtestkey232f70fb3","attributes":{"enabled":true,"created":1612576479,"updated":1612576479,"recoveryLevel":"Recoverable+Purgeable","recoverableDays":90}}],"nextLink":"https://vaultname.vault.azure.net:443/deletedkeys?api-version=7.1&$skiptoken=eyJOZXh0TWFya2VyIjoiMiExNDAhTURBd01EVTVJV3RsZVM5TVNWWkZTMVpVUlZOVVMwVlpNak15Umpjd1JrSXpMMFpHUXpJM01VSkRNalUwTXpRME9UVkJNamMwUkRVMlFUazFNelpETUVVNUlUQXdNREF5T0NFNU9UazVMVEV5TFRNeFZESXpPalU1T2pVNUxqazVPVGs1T1RsYUlRLS0iLCJUYXJnZXRMb2NhdGlvbiI6MH0"}'
    headers:
      cache-control: no-cache
      content-length: '2460'
      content-type: application/json; charset=utf-8
      date: Sat, 06 Feb 2021 01:55:03 GMT
      expires: '-1'
      pragma: no-cache
      strict-transport-security: max-age=31536000;includeSubDomains
      x-content-type-options: nosniff
      x-ms-keyvault-network-info: conn_type=Ipv4;addr=174.127.232.53;act_addr_fam=InterNetwork;
      x-ms-keyvault-region: northeurope
      x-ms-keyvault-service-version: 1.2.164.0
      x-powered-by: ASP.NET
    status:
      code: 200
      message: OK
    url: https://mcpatinotest.vault.azure.net:443/deletedkeys?api-version=7.1&$skiptoken=eyJOZXh0TWFya2VyIjoiMiExMDghTURBd01ETTNJV3RsZVM5TVNWWkZTMVpVUlZOVVNVMVFUMUpVTFZSRlUxUXRTMFZaTlRReE5qRXdPVVloTURBd01ESTRJVGs1T1RrdE1USXRNekZVTWpNNk5UazZOVGt1T1RrNU9UazVPVm9oIiwiVGFyZ2V0TG9jYXRpb24iOjB9
- request:
    body: null
    headers:
      Accept:
      - application/json
      User-Agent:
      - azsdk-python-keyvault-keys/4.3.2 Python/3.5.3 (Windows-10-10.0.19041-SP0)
    method: GET
    uri: https://vaultname.vault.azure.net:443/deletedkeys?api-version=7.1&$skiptoken=eyJOZXh0TWFya2VyIjoiMiExNDAhTURBd01EVTVJV3RsZVM5TVNWWkZTMVpVUlZOVVMwVlpNak15Umpjd1JrSXpMMFpHUXpJM01VSkRNalUwTXpRME9UVkJNamMwUkRVMlFUazFNelpETUVVNUlUQXdNREF5T0NFNU9UazVMVEV5TFRNeFZESXpPalU1T2pVNUxqazVPVGs1T1RsYUlRLS0iLCJUYXJnZXRMb2NhdGlvbiI6MH0
  response:
    body:
      string: '{"value":[{"recoveryId":"https://vaultname.vault.azure.net/deletedkeys/livekvtestkey330c90fa1","deletedDate":1612576363,"scheduledPurgeDate":1620352363,"kid":"https://vaultname.vault.azure.net/keys/livekvtestkey330c90fa1","attributes":{"enabled":true,"created":1612576359,"updated":1612576359,"recoveryLevel":"Recoverable+Purgeable","recoverableDays":90}},{"recoveryId":"https://vaultname.vault.azure.net/deletedkeys/livekvtestkey332f70fb3","deletedDate":1612576480,"scheduledPurgeDate":1620352480,"kid":"https://vaultname.vault.azure.net/keys/livekvtestkey332f70fb3","attributes":{"enabled":true,"created":1612576479,"updated":1612576479,"recoveryLevel":"Recoverable+Purgeable","recoverableDays":90}},{"recoveryId":"https://vaultname.vault.azure.net/deletedkeys/livekvtestkey430c90fa1","deletedDate":1612576368,"scheduledPurgeDate":1620352368,"kid":"https://vaultname.vault.azure.net/keys/livekvtestkey430c90fa1","attributes":{"enabled":true,"created":1612576359,"updated":1612576359,"recoveryLevel":"Recoverable+Purgeable","recoverableDays":90}},{"recoveryId":"https://vaultname.vault.azure.net/deletedkeys/livekvtestkey432f70fb3","deletedDate":1612576494,"scheduledPurgeDate":1620352494,"kid":"https://vaultname.vault.azure.net/keys/livekvtestkey432f70fb3","attributes":{"enabled":true,"created":1612576479,"updated":1612576479,"recoveryLevel":"Recoverable+Purgeable","recoverableDays":90}}],"nextLink":"https://vaultname.vault.azure.net:443/deletedkeys?api-version=7.1&$skiptoken=eyJOZXh0TWFya2VyIjoiMiE5NiFNREF3TURJMklXdGxlUzlNU1ZaRlMxWlVSVk5VUzBWWk5FSTBSRVF3UXpCQklUQXdNREF5T0NFNU9UazVMVEV5TFRNeFZESXpPalU1T2pVNUxqazVPVGs1T1RsYUlRLS0iLCJUYXJnZXRMb2NhdGlvbiI6MH0"}'
    headers:
      cache-control: no-cache
      content-length: '1696'
      content-type: application/json; charset=utf-8
      date: Sat, 06 Feb 2021 01:55:03 GMT
      expires: '-1'
      pragma: no-cache
      strict-transport-security: max-age=31536000;includeSubDomains
      x-content-type-options: nosniff
      x-ms-keyvault-network-info: conn_type=Ipv4;addr=174.127.232.53;act_addr_fam=InterNetwork;
      x-ms-keyvault-region: northeurope
      x-ms-keyvault-service-version: 1.2.164.0
      x-powered-by: ASP.NET
    status:
      code: 200
      message: OK
    url: https://mcpatinotest.vault.azure.net:443/deletedkeys?api-version=7.1&$skiptoken=eyJOZXh0TWFya2VyIjoiMiExNDAhTURBd01EVTVJV3RsZVM5TVNWWkZTMVpVUlZOVVMwVlpNak15Umpjd1JrSXpMMFpHUXpJM01VSkRNalUwTXpRME9UVkJNamMwUkRVMlFUazFNelpETUVVNUlUQXdNREF5T0NFNU9UazVMVEV5TFRNeFZESXpPalU1T2pVNUxqazVPVGs1T1RsYUlRLS0iLCJUYXJnZXRMb2NhdGlvbiI6MH0
- request:
    body: null
    headers:
      Accept:
      - application/json
      User-Agent:
      - azsdk-python-keyvault-keys/4.3.2 Python/3.5.3 (Windows-10-10.0.19041-SP0)
    method: GET
    uri: https://vaultname.vault.azure.net:443/deletedkeys?api-version=7.1&$skiptoken=eyJOZXh0TWFya2VyIjoiMiE5NiFNREF3TURJMklXdGxlUzlNU1ZaRlMxWlVSVk5VUzBWWk5FSTBSRVF3UXpCQklUQXdNREF5T0NFNU9UazVMVEV5TFRNeFZESXpPalU1T2pVNUxqazVPVGs1T1RsYUlRLS0iLCJUYXJnZXRMb2NhdGlvbiI6MH0
  response:
    body:
      string: '{"value":[{"recoveryId":"https://vaultname.vault.azure.net/deletedkeys/livekvtestkey530c90fa1","deletedDate":1612576360,"scheduledPurgeDate":1620352360,"kid":"https://vaultname.vault.azure.net/keys/livekvtestkey530c90fa1","attributes":{"enabled":true,"created":1612576360,"updated":1612576360,"recoveryLevel":"Recoverable+Purgeable","recoverableDays":90}},{"recoveryId":"https://vaultname.vault.azure.net/deletedkeys/livekvtestkey532f70fb3","deletedDate":1612576483,"scheduledPurgeDate":1620352483,"kid":"https://vaultname.vault.azure.net/keys/livekvtestkey532f70fb3","attributes":{"enabled":true,"created":1612576480,"updated":1612576480,"recoveryLevel":"Recoverable+Purgeable","recoverableDays":90}},{"recoveryId":"https://vaultname.vault.azure.net/deletedkeys/livekvtestkey630c90fa1","deletedDate":1612576366,"scheduledPurgeDate":1620352366,"kid":"https://vaultname.vault.azure.net/keys/livekvtestkey630c90fa1","attributes":{"enabled":true,"created":1612576360,"updated":1612576360,"recoveryLevel":"Recoverable+Purgeable","recoverableDays":90}},{"recoveryId":"https://vaultname.vault.azure.net/deletedkeys/livekvtestkey632f70fb3","deletedDate":1612576496,"scheduledPurgeDate":1620352496,"kid":"https://vaultname.vault.azure.net/keys/livekvtestkey632f70fb3","attributes":{"enabled":true,"created":1612576480,"updated":1612576480,"recoveryLevel":"Recoverable+Purgeable","recoverableDays":90}}],"nextLink":"https://vaultname.vault.azure.net:443/deletedkeys?api-version=7.1&$skiptoken=eyJOZXh0TWFya2VyIjoiMiExNDAhTURBd01EWXdJV3RsZVM5TVNWWkZTMVpVUlZOVVMwVlpRa0ZMTkVVd01FVTNSaTh5UXprNFF6UXhORGsxUVRrMFFrSkVPREF4TWpNelFqbEVRalk0TkRJd05TRXdNREF3TWpnaE9UazVPUzB4TWkwek1WUXlNem8xT1RvMU9TNDVPVGs1T1RrNVdpRS0iLCJUYXJnZXRMb2NhdGlvbiI6MH0"}'
    headers:
      cache-control: no-cache
      content-length: '1756'
      content-type: application/json; charset=utf-8
      date: Sat, 06 Feb 2021 01:55:04 GMT
      expires: '-1'
      pragma: no-cache
      strict-transport-security: max-age=31536000;includeSubDomains
      x-content-type-options: nosniff
      x-ms-keyvault-network-info: conn_type=Ipv4;addr=174.127.232.53;act_addr_fam=InterNetwork;
      x-ms-keyvault-region: northeurope
      x-ms-keyvault-service-version: 1.2.164.0
      x-powered-by: ASP.NET
    status:
      code: 200
      message: OK
    url: https://mcpatinotest.vault.azure.net:443/deletedkeys?api-version=7.1&$skiptoken=eyJOZXh0TWFya2VyIjoiMiE5NiFNREF3TURJMklXdGxlUzlNU1ZaRlMxWlVSVk5VUzBWWk5FSTBSRVF3UXpCQklUQXdNREF5T0NFNU9UazVMVEV5TFRNeFZESXpPalU1T2pVNUxqazVPVGs1T1RsYUlRLS0iLCJUYXJnZXRMb2NhdGlvbiI6MH0
- request:
    body: null
    headers:
      Accept:
      - application/json
      User-Agent:
      - azsdk-python-keyvault-keys/4.3.2 Python/3.5.3 (Windows-10-10.0.19041-SP0)
    method: GET
    uri: https://vaultname.vault.azure.net:443/deletedkeys?api-version=7.1&$skiptoken=eyJOZXh0TWFya2VyIjoiMiExNDAhTURBd01EWXdJV3RsZVM5TVNWWkZTMVpVUlZOVVMwVlpRa0ZMTkVVd01FVTNSaTh5UXprNFF6UXhORGsxUVRrMFFrSkVPREF4TWpNelFqbEVRalk0TkRJd05TRXdNREF3TWpnaE9UazVPUzB4TWkwek1WUXlNem8xT1RvMU9TNDVPVGs1T1RrNVdpRS0iLCJUYXJnZXRMb2NhdGlvbiI6MH0
  response:
    body:
      string: '{"value":[],"nextLink":"https://vaultname.vault.azure.net:443/deletedkeys?api-version=7.1&$skiptoken=eyJOZXh0TWFya2VyIjoiMiExMDAhTURBd01ESTVJV3RsZVM5TVNWWkZTMVpVUlZOVVVsTkJMVXRGV1VRMU1ESXhNemhDSVRBd01EQXlPQ0U1T1RrNUxURXlMVE14VkRJek9qVTVPalU1TGprNU9UazVPVGxhSVEtLSIsIlRhcmdldExvY2F0aW9uIjowfQ"}'
    headers:
      cache-control: no-cache
      content-length: '296'
      content-type: application/json; charset=utf-8
      date: Sat, 06 Feb 2021 01:55:04 GMT
      expires: '-1'
      pragma: no-cache
      strict-transport-security: max-age=31536000;includeSubDomains
      x-content-type-options: nosniff
      x-ms-keyvault-network-info: conn_type=Ipv4;addr=174.127.232.53;act_addr_fam=InterNetwork;
      x-ms-keyvault-region: northeurope
      x-ms-keyvault-service-version: 1.2.164.0
      x-powered-by: ASP.NET
    status:
      code: 200
      message: OK
    url: https://mcpatinotest.vault.azure.net:443/deletedkeys?api-version=7.1&$skiptoken=eyJOZXh0TWFya2VyIjoiMiExNDAhTURBd01EWXdJV3RsZVM5TVNWWkZTMVpVUlZOVVMwVlpRa0ZMTkVVd01FVTNSaTh5UXprNFF6UXhORGsxUVRrMFFrSkVPREF4TWpNelFqbEVRalk0TkRJd05TRXdNREF3TWpnaE9UazVPUzB4TWkwek1WUXlNem8xT1RvMU9TNDVPVGs1T1RrNVdpRS0iLCJUYXJnZXRMb2NhdGlvbiI6MH0
- request:
    body: null
    headers:
      Accept:
      - application/json
      User-Agent:
      - azsdk-python-keyvault-keys/4.3.2 Python/3.5.3 (Windows-10-10.0.19041-SP0)
    method: GET
    uri: https://vaultname.vault.azure.net:443/deletedkeys?api-version=7.1&$skiptoken=eyJOZXh0TWFya2VyIjoiMiExMDAhTURBd01ESTVJV3RsZVM5TVNWWkZTMVpVUlZOVVVsTkJMVXRGV1VRMU1ESXhNemhDSVRBd01EQXlPQ0U1T1RrNUxURXlMVE14VkRJek9qVTVPalU1TGprNU9UazVPVGxhSVEtLSIsIlRhcmdldExvY2F0aW9uIjowfQ
  response:
    body:
      string: '{"value":[],"nextLink":"https://vaultname.vault.azure.net:443/deletedkeys?api-version=7.1&$skiptoken=eyJOZXh0TWFya2VyIjoiMiExNDAhTURBd01EWXhJV3RsZVM5TVNWWkZTMVpVUlZOVVVsTkJTMFZaTlRZME16RXdPRE12TWpNeFJFVTNNVU5FTVVKQ05FUTRRVGt3TmpFNVJqUkVPVGhDUWtaQk1VUWhNREF3TURJNElUazVPVGt0TVRJdE16RlVNak02TlRrNk5Ua3VPVGs1T1RrNU9Wb2giLCJUYXJnZXRMb2NhdGlvbiI6MH0"}'
    headers:
      cache-control: no-cache
      content-length: '349'
      content-type: application/json; charset=utf-8
      date: Sat, 06 Feb 2021 01:55:04 GMT
      expires: '-1'
      pragma: no-cache
      strict-transport-security: max-age=31536000;includeSubDomains
      x-content-type-options: nosniff
      x-ms-keyvault-network-info: conn_type=Ipv4;addr=174.127.232.53;act_addr_fam=InterNetwork;
      x-ms-keyvault-region: northeurope
      x-ms-keyvault-service-version: 1.2.164.0
      x-powered-by: ASP.NET
    status:
      code: 200
      message: OK
    url: https://mcpatinotest.vault.azure.net:443/deletedkeys?api-version=7.1&$skiptoken=eyJOZXh0TWFya2VyIjoiMiExMDAhTURBd01ESTVJV3RsZVM5TVNWWkZTMVpVUlZOVVVsTkJMVXRGV1VRMU1ESXhNemhDSVRBd01EQXlPQ0U1T1RrNUxURXlMVE14VkRJek9qVTVPalU1TGprNU9UazVPVGxhSVEtLSIsIlRhcmdldExvY2F0aW9uIjowfQ
- request:
    body: null
    headers:
      Accept:
      - application/json
      User-Agent:
      - azsdk-python-keyvault-keys/4.3.2 Python/3.5.3 (Windows-10-10.0.19041-SP0)
    method: GET
    uri: https://vaultname.vault.azure.net:443/deletedkeys?api-version=7.1&$skiptoken=eyJOZXh0TWFya2VyIjoiMiExNDAhTURBd01EWXhJV3RsZVM5TVNWWkZTMVpVUlZOVVVsTkJTMFZaTlRZME16RXdPRE12TWpNeFJFVTNNVU5FTVVKQ05FUTRRVGt3TmpFNVJqUkVPVGhDUWtaQk1VUWhNREF3TURJNElUazVPVGt0TVRJdE16RlVNak02TlRrNk5Ua3VPVGs1T1RrNU9Wb2giLCJUYXJnZXRMb2NhdGlvbiI6MH0
  response:
    body:
      string: '{"value":[],"nextLink":null}'
    headers:
      cache-control: no-cache
      content-length: '28'
      content-type: application/json; charset=utf-8
      date: Sat, 06 Feb 2021 01:55:04 GMT
      expires: '-1'
      pragma: no-cache
      strict-transport-security: max-age=31536000;includeSubDomains
      x-content-type-options: nosniff
      x-ms-keyvault-network-info: conn_type=Ipv4;addr=174.127.232.53;act_addr_fam=InterNetwork;
      x-ms-keyvault-region: northeurope
      x-ms-keyvault-service-version: 1.2.164.0
      x-powered-by: ASP.NET
    status:
      code: 200
      message: OK
    url: https://mcpatinotest.vault.azure.net:443/deletedkeys?api-version=7.1&$skiptoken=eyJOZXh0TWFya2VyIjoiMiExNDAhTURBd01EWXhJV3RsZVM5TVNWWkZTMVpVUlZOVVVsTkJTMFZaTlRZME16RXdPRE12TWpNeFJFVTNNVU5FTVVKQ05FUTRRVGt3TmpFNVJqUkVPVGhDUWtaQk1VUWhNREF3TURJNElUazVPVGt0TVRJdE16RlVNak02TlRrNk5Ua3VPVGs1T1RrNU9Wb2giLCJUYXJnZXRMb2NhdGlvbiI6MH0
version: 1
