interactions:
- request:
    body: null
    headers:
      Accept:
      - application/json
      Content-Length:
      - '0'
      Content-Type:
      - application/json
      User-Agent:
      - azsdk-python-keyvault-keys/4.2.0b2 Python/3.7.7 (Darwin-17.7.0-x86_64-i386-64bit)
    method: POST
    uri: https://vaultname.vault.azure.net/keys/crypto-test-encrypt-key56281625/create?api-version=7.1
  response:
    body:
      string: '{"error":{"code":"Unauthorized","message":"Request is missing a Bearer
        or PoP token."}}'
    headers:
      cache-control: no-cache
      content-length: '87'
      content-type: application/json; charset=utf-8
      date: Wed, 29 Jul 2020 16:12:42 GMT
      expires: '-1'
      pragma: no-cache
      strict-transport-security: max-age=31536000;includeSubDomains
      www-authenticate: Bearer authorization="https://login.windows.net/72f988bf-86f1-41af-91ab-2d7cd011db47",
        resource="https://vault.azure.net"
      x-aspnet-version: 4.0.30319
      x-content-type-options: nosniff
      x-ms-keyvault-network-info: conn_type=Ipv4;addr=73.135.72.237;act_addr_fam=InterNetwork;
      x-ms-keyvault-region: westus
      x-ms-keyvault-service-version: 1.1.10.0
      x-powered-by: ASP.NET
    status:
      code: 401
      message: Unauthorized
    url: https://tedxav4nlf76in6rmu4uqkft.vault.azure.net/keys/crypto-test-encrypt-key56281625/create?api-version=7.1
- request:
    body: '{"kty": "RSA"}'
    headers:
      Accept:
      - application/json
      Content-Length:
      - '14'
      Content-Type:
      - application/json
      User-Agent:
      - azsdk-python-keyvault-keys/4.2.0b2 Python/3.7.7 (Darwin-17.7.0-x86_64-i386-64bit)
    method: POST
    uri: https://vaultname.vault.azure.net/keys/crypto-test-encrypt-key56281625/create?api-version=7.1
  response:
    body:
      string: '{"key":{"kid":"https://vaultname.vault.azure.net/keys/crypto-test-encrypt-key56281625/69c1397af1e54dc6aa6b1686c3f87dce","kty":"RSA","key_ops":["encrypt","decrypt","sign","verify","wrapKey","unwrapKey"],"n":"oh-baN6Z88m0DXV4aIOFQG85nlR4cGsRp-G1QkiVkSsVenMbtyziRlLpuIklJG-63235gfYKjWk27yWxMbki1DGMktGQQXYD3Yc6cyii7-z9XGsWFBYd0HfqMj7YYC4FaCFc9o-PqRSZdPe647n30gN34dAmc7b-5u9kTU1vM4-uMUGVu9MGYq4PJpFU2VK-YsCdt3HD38zrPkY-arMVROaU12OrAMu_CEloy6kKngKEK04CSuiaz3SfC_JeNphOQxIQQ_ULlw9Q0zPoPJITqe3xXj_21s1HhMyzPgPBUyVe1uLK7P0HpclJnMzt8lU5K7GcljTQz6GIaNGm-03NEQ","e":"AQAB"},"attributes":{"enabled":true,"created":1596039163,"updated":1596039163,"recoveryLevel":"Recoverable+Purgeable","recoverableDays":90}}'
    headers:
      cache-control: no-cache
      content-length: '711'
      content-type: application/json; charset=utf-8
      date: Wed, 29 Jul 2020 16:12:43 GMT
      expires: '-1'
      pragma: no-cache
      strict-transport-security: max-age=31536000;includeSubDomains
      x-aspnet-version: 4.0.30319
      x-content-type-options: nosniff
      x-ms-keyvault-network-info: conn_type=Ipv4;addr=73.135.72.237;act_addr_fam=InterNetwork;
      x-ms-keyvault-region: westus
      x-ms-keyvault-service-version: 1.1.10.0
      x-powered-by: ASP.NET
    status:
      code: 200
      message: OK
    url: https://tedxav4nlf76in6rmu4uqkft.vault.azure.net/keys/crypto-test-encrypt-key56281625/create?api-version=7.1
- request:
    body: '{"alg": "RSA-OAEP", "value": "EjrGZRi_v9dZk4IEa9voPEY9BhcXmaoOnzxcnNrim-cHkrjdqbwLK0vc-6tywgh1rETNXvl_9HGNRovJX9MRgJLyVBmqWQZPhJ1fD8tvfveNA9DxWL6EKlHUz_roN6aKEcziSUBOCv4q3NosMYLGZsS3kgpVg1TM-fW6awoOSQWTa3tjmHVCtOjE09Wd_9uimZuRhd4vkdUaAsxHOqA4YIV5MAQe3k1gDR1SZQjjrIy_NcFqfBzX10H9prPgXLgaR84t5dPr4uv6IEx-E0yoohW15ay_UmCj-GwD-xfPj2YHt3Uhih9NnJqWIlvRINEf0IM_RVRFqhOh9VSgUzKHMQ"}'
    headers:
      Accept:
      - application/json
      Content-Length:
      - '374'
      Content-Type:
      - application/json
      User-Agent:
      - azsdk-python-keyvault-keys/4.2.0b2 Python/3.7.7 (Darwin-17.7.0-x86_64-i386-64bit)
    method: POST
    uri: https://vaultname.vault.azure.net/keys/crypto-test-encrypt-key56281625/69c1397af1e54dc6aa6b1686c3f87dce/decrypt?api-version=7.1
  response:
    body:
      string: '{"kid":"https://vaultname.vault.azure.net/keys/crypto-test-encrypt-key56281625/69c1397af1e54dc6aa6b1686c3f87dce","value":"cGxhaW50ZXh0"}'
    headers:
      cache-control: no-cache
      content-length: '151'
      content-type: application/json; charset=utf-8
      date: Wed, 29 Jul 2020 16:12:44 GMT
      expires: '-1'
      pragma: no-cache
      strict-transport-security: max-age=31536000;includeSubDomains
      x-aspnet-version: 4.0.30319
      x-content-type-options: nosniff
      x-ms-keyvault-network-info: conn_type=Ipv4;addr=73.135.72.237;act_addr_fam=InterNetwork;
      x-ms-keyvault-region: westus
      x-ms-keyvault-service-version: 1.1.10.0
      x-powered-by: ASP.NET
    status:
      code: 200
      message: OK
    url: https://tedxav4nlf76in6rmu4uqkft.vault.azure.net/keys/crypto-test-encrypt-key56281625/69c1397af1e54dc6aa6b1686c3f87dce/decrypt?api-version=7.1
version: 1
