interactions:
- request:
    body: null
    headers:
      Accept: [application/json]
      Content-Length: ['0']
      Content-Type: [application/json; charset=utf-8]
      User-Agent: [azsdk-python-keyvault-keys/4.0.0b5 Python/3.6.6 (Windows-10-10.0.18362-SP0)]
    method: POST
    uri: https://vault9627173e.vault.azure.net/keys/key-name/create?api-version=7.0
  response:
    body: {string: '{"error":{"code":"Unauthorized","message":"Request is missing
        a Bearer or PoP token."}}'}
    headers: {cache-control: no-cache, content-length: '87', content-type: application/json;
        charset=utf-8, date: 'Wed, 16 Oct 2019 16:08:51 GMT', expires: '-1', pragma: no-cache,
      server: Microsoft-IIS/10.0, strict-transport-security: max-age=31536000;includeSubDomains,
      www-authenticate: 'Bearer authorization="https://login.windows.net/72f988bf-86f1-41af-91ab-2d7cd011db47",
        resource="https://vault.azure.net"', x-aspnet-version: 4.0.30319, x-content-type-options: nosniff,
      x-ms-keyvault-network-info: addr=131.107.160.72;act_addr_fam=InterNetwork;,
      x-ms-keyvault-region: westus, x-ms-keyvault-service-version: 1.1.0.879, x-powered-by: ASP.NET}
    status: {code: 401, message: Unauthorized}
    url: !!python/object/new:yarl.URL
      state: !!python/tuple
      - !!python/object/new:urllib.parse.SplitResult [https, vault9627173e.vault.azure.net,
        /keys/key-name/create, api-version=7.0, '']
- request:
    body: '{"kty": "RSA", "key_size": 2048, "key_ops": ["encrypt", "decrypt", "sign",
      "verify", "wrapKey", "unwrapKey"], "attributes": {"exp": 2527401600}}'
    headers:
      Accept: [application/json]
      Content-Length: ['144']
      Content-Type: [application/json; charset=utf-8]
      User-Agent: [azsdk-python-keyvault-keys/4.0.0b5 Python/3.6.6 (Windows-10-10.0.18362-SP0)]
    method: POST
    uri: https://vault9627173e.vault.azure.net/keys/key-name/create?api-version=7.0
  response:
    body: {string: '{"key":{"kid":"https://vault9627173e.vault.azure.net/keys/key-name/5a329e61d8f843bf837e01c6d037fb3f","kty":"RSA","key_ops":["encrypt","decrypt","sign","verify","wrapKey","unwrapKey"],"n":"wSkQLXiRMwS5cesISVKXW3LUHwcE4ztihaH2ivX8BU_ORQ34T-_UsfoAodmHkqsOpX9nqoRvd8-wi0ZkmmgatCKGiqi4plhzfzo2K4BNeYTYQwcUycVkffL7zCQ79kUT-DiDjqqrl6eGkcV3p81io_44A9hKXOcCwWKcP6YTF26gzZ-CIqgiapICemXixRv4h1adLeHZjxKbeXCm1ntUTnjWiOwmgJlbI-yvu_vZemYHjWxUSaRd7jOr_xsetwk3jNqNZ4PYCrwze_CoJkbxIaXmBa30ytMOFneGXsGNFCmxo5zwZh3AI67tQLqjpJB_MaWky07v7rXJ0O-7-Mua6Q","e":"AQAB"},"attributes":{"enabled":true,"exp":2527401600,"created":1571242132,"updated":1571242132,"recoveryLevel":"Recoverable+Purgeable"}}'}
    headers: {cache-control: no-cache, content-length: '673', content-type: application/json;
        charset=utf-8, date: 'Wed, 16 Oct 2019 16:08:52 GMT', expires: '-1', pragma: no-cache,
      server: Microsoft-IIS/10.0, strict-transport-security: max-age=31536000;includeSubDomains,
      x-aspnet-version: 4.0.30319, x-content-type-options: nosniff, x-ms-keyvault-network-info: addr=131.107.160.72;act_addr_fam=InterNetwork;,
      x-ms-keyvault-region: westus, x-ms-keyvault-service-version: 1.1.0.879, x-powered-by: ASP.NET}
    status: {code: 200, message: OK}
    url: !!python/object/new:yarl.URL
      state: !!python/tuple
      - !!python/object/new:urllib.parse.SplitResult [https, vault9627173e.vault.azure.net,
        /keys/key-name/create, api-version=7.0, '']
- request:
    body: '{"kty": "RSA-HSM", "key_size": 2048}'
    headers:
      Accept: [application/json]
      Content-Length: ['36']
      Content-Type: [application/json; charset=utf-8]
      User-Agent: [azsdk-python-keyvault-keys/4.0.0b5 Python/3.6.6 (Windows-10-10.0.18362-SP0)]
    method: POST
    uri: https://vault9627173e.vault.azure.net/keys/key-name/create?api-version=7.0
  response:
    body: {string: '{"key":{"kid":"https://vault9627173e.vault.azure.net/keys/key-name/2efe15d546774aecb7b3eeeccfbd729d","kty":"RSA-HSM","key_ops":["encrypt","decrypt","sign","verify","wrapKey","unwrapKey"],"n":"2zVCEt_YXyOw2VWT2U6_z2wrI59T3oovIDEEWIG_OX_QPjlwFbCvaxhxpJdnOeL5PDqWS3Jcn3Syuh2WV_zWZ4lEhHv-b_UmldKFZ8eWPxo7FWEpqmLNYRchcb_o_HdZF9ETKq3JOMXfCa-klrHSgj1X1WVKFDTXudl4ye977tNZ02j984rpRywT8P6rwKrnSHNvqx6cwLh0Czl7OGtFtwB7pT999Z2ZjwjHHPOGEVKLiZ5Z9tdtdU6fIky0MgLvzXE7C3ZDGzHqTRUII0wHQK9eP_e0QQ-vFYlK5A0_vKRmf5oL-ZGQ45cEw5zvOKT3ROhwzV9tzrOxQkhxmBPW0w","e":"AAEAAQ"},"attributes":{"enabled":true,"created":1571242133,"updated":1571242133,"recoveryLevel":"Recoverable+Purgeable"}}'}
    headers: {cache-control: no-cache, content-length: '662', content-type: application/json;
        charset=utf-8, date: 'Wed, 16 Oct 2019 16:08:52 GMT', expires: '-1', pragma: no-cache,
      server: Microsoft-IIS/10.0, strict-transport-security: max-age=31536000;includeSubDomains,
      x-aspnet-version: 4.0.30319, x-content-type-options: nosniff, x-ms-keyvault-network-info: addr=131.107.160.72;act_addr_fam=InterNetwork;,
      x-ms-keyvault-region: westus, x-ms-keyvault-service-version: 1.1.0.879, x-powered-by: ASP.NET}
    status: {code: 200, message: OK}
    url: !!python/object/new:yarl.URL
      state: !!python/tuple
      - !!python/object/new:urllib.parse.SplitResult [https, vault9627173e.vault.azure.net,
        /keys/key-name/create, api-version=7.0, '']
- request:
    body: '{"kty": "EC", "crv": "P-256"}'
    headers:
      Accept: [application/json]
      Content-Length: ['29']
      Content-Type: [application/json; charset=utf-8]
      User-Agent: [azsdk-python-keyvault-keys/4.0.0b5 Python/3.6.6 (Windows-10-10.0.18362-SP0)]
    method: POST
    uri: https://vault9627173e.vault.azure.net/keys/key-name/create?api-version=7.0
  response:
    body: {string: '{"key":{"kid":"https://vault9627173e.vault.azure.net/keys/key-name/e6e9cdab3ec340cb9c930cd86695f9b6","kty":"EC","key_ops":["sign","verify"],"crv":"P-256","x":"_1-Ygn7Z4BngdSM2anJiyWZQvkCvOSZYP_-eR6nGAOw","y":"lkdbI3zBEu3ZweeNZYaN6ubcTR5oorViyCS2iY3LnOQ"},"attributes":{"enabled":true,"created":1571242133,"updated":1571242133,"recoveryLevel":"Recoverable+Purgeable"}}'}
    headers: {cache-control: no-cache, content-length: '367', content-type: application/json;
        charset=utf-8, date: 'Wed, 16 Oct 2019 16:08:53 GMT', expires: '-1', pragma: no-cache,
      server: Microsoft-IIS/10.0, strict-transport-security: max-age=31536000;includeSubDomains,
      x-aspnet-version: 4.0.30319, x-content-type-options: nosniff, x-ms-keyvault-network-info: addr=131.107.160.72;act_addr_fam=InterNetwork;,
      x-ms-keyvault-region: westus, x-ms-keyvault-service-version: 1.1.0.879, x-powered-by: ASP.NET}
    status: {code: 200, message: OK}
    url: !!python/object/new:yarl.URL
      state: !!python/tuple
      - !!python/object/new:urllib.parse.SplitResult [https, vault9627173e.vault.azure.net,
        /keys/key-name/create, api-version=7.0, '']
- request:
    body: null
    headers:
      Accept: [application/json]
      User-Agent: [azsdk-python-keyvault-keys/4.0.0b5 Python/3.6.6 (Windows-10-10.0.18362-SP0)]
    method: GET
    uri: https://vault9627173e.vault.azure.net/keys/key-name/?api-version=7.0
  response:
    body: {string: '{"key":{"kid":"https://vault9627173e.vault.azure.net/keys/key-name/e6e9cdab3ec340cb9c930cd86695f9b6","kty":"EC","key_ops":["sign","verify"],"crv":"P-256","x":"_1-Ygn7Z4BngdSM2anJiyWZQvkCvOSZYP_-eR6nGAOw","y":"lkdbI3zBEu3ZweeNZYaN6ubcTR5oorViyCS2iY3LnOQ"},"attributes":{"enabled":true,"created":1571242133,"updated":1571242133,"recoveryLevel":"Recoverable+Purgeable"}}'}
    headers: {cache-control: no-cache, content-length: '367', content-type: application/json;
        charset=utf-8, date: 'Wed, 16 Oct 2019 16:08:53 GMT', expires: '-1', pragma: no-cache,
      server: Microsoft-IIS/10.0, strict-transport-security: max-age=31536000;includeSubDomains,
      x-aspnet-version: 4.0.30319, x-content-type-options: nosniff, x-ms-keyvault-network-info: addr=131.107.160.72;act_addr_fam=InterNetwork;,
      x-ms-keyvault-region: westus, x-ms-keyvault-service-version: 1.1.0.879, x-powered-by: ASP.NET}
    status: {code: 200, message: OK}
    url: !!python/object/new:yarl.URL
      state: !!python/tuple
      - !!python/object/new:urllib.parse.SplitResult [https, vault9627173e.vault.azure.net,
        /keys/key-name/, api-version=7.0, '']
- request:
    body: null
    headers:
      Accept: [application/json]
      User-Agent: [azsdk-python-keyvault-keys/4.0.0b5 Python/3.6.6 (Windows-10-10.0.18362-SP0)]
    method: GET
    uri: https://vault9627173e.vault.azure.net/keys/key-name/e6e9cdab3ec340cb9c930cd86695f9b6?api-version=7.0
  response:
    body: {string: '{"key":{"kid":"https://vault9627173e.vault.azure.net/keys/key-name/e6e9cdab3ec340cb9c930cd86695f9b6","kty":"EC","key_ops":["sign","verify"],"crv":"P-256","x":"_1-Ygn7Z4BngdSM2anJiyWZQvkCvOSZYP_-eR6nGAOw","y":"lkdbI3zBEu3ZweeNZYaN6ubcTR5oorViyCS2iY3LnOQ"},"attributes":{"enabled":true,"created":1571242133,"updated":1571242133,"recoveryLevel":"Recoverable+Purgeable"}}'}
    headers: {cache-control: no-cache, content-length: '367', content-type: application/json;
        charset=utf-8, date: 'Wed, 16 Oct 2019 16:08:53 GMT', expires: '-1', pragma: no-cache,
      server: Microsoft-IIS/10.0, strict-transport-security: max-age=31536000;includeSubDomains,
      x-aspnet-version: 4.0.30319, x-content-type-options: nosniff, x-ms-keyvault-network-info: addr=131.107.160.72;act_addr_fam=InterNetwork;,
      x-ms-keyvault-region: westus, x-ms-keyvault-service-version: 1.1.0.879, x-powered-by: ASP.NET}
    status: {code: 200, message: OK}
    url: !!python/object/new:yarl.URL
      state: !!python/tuple
      - !!python/object/new:urllib.parse.SplitResult [https, vault9627173e.vault.azure.net,
        /keys/key-name/e6e9cdab3ec340cb9c930cd86695f9b6, api-version=7.0, '']
- request:
    body: '{"attributes": {"exp": 2524723200}, "tags": {"foo": "updated tag"}}'
    headers:
      Accept: [application/json]
      Content-Length: ['67']
      Content-Type: [application/json; charset=utf-8]
      User-Agent: [azsdk-python-keyvault-keys/4.0.0b5 Python/3.6.6 (Windows-10-10.0.18362-SP0)]
    method: PATCH
    uri: https://vault9627173e.vault.azure.net/keys/key-name/?api-version=7.0
  response:
    body: {string: '{"key":{"kid":"https://vault9627173e.vault.azure.net/keys/key-name/e6e9cdab3ec340cb9c930cd86695f9b6","kty":"EC","key_ops":["sign","verify"],"crv":"P-256","x":"_1-Ygn7Z4BngdSM2anJiyWZQvkCvOSZYP_-eR6nGAOw","y":"lkdbI3zBEu3ZweeNZYaN6ubcTR5oorViyCS2iY3LnOQ"},"attributes":{"enabled":true,"exp":2524723200,"created":1571242133,"updated":1571242134,"recoveryLevel":"Recoverable+Purgeable"},"tags":{"foo":"updated
        tag"}}'}
    headers: {cache-control: no-cache, content-length: '413', content-type: application/json;
        charset=utf-8, date: 'Wed, 16 Oct 2019 16:08:53 GMT', expires: '-1', pragma: no-cache,
      server: Microsoft-IIS/10.0, strict-transport-security: max-age=31536000;includeSubDomains,
      x-aspnet-version: 4.0.30319, x-content-type-options: nosniff, x-ms-keyvault-network-info: addr=131.107.160.72;act_addr_fam=InterNetwork;,
      x-ms-keyvault-region: westus, x-ms-keyvault-service-version: 1.1.0.879, x-powered-by: ASP.NET}
    status: {code: 200, message: OK}
    url: !!python/object/new:yarl.URL
      state: !!python/tuple
      - !!python/object/new:urllib.parse.SplitResult [https, vault9627173e.vault.azure.net,
        /keys/key-name/, api-version=7.0, '']
- request:
    body: null
    headers:
      Accept: [application/json]
      User-Agent: [azsdk-python-keyvault-keys/4.0.0b5 Python/3.6.6 (Windows-10-10.0.18362-SP0)]
    method: DELETE
    uri: https://vault9627173e.vault.azure.net/keys/key-name?api-version=7.0
  response:
    body: {string: '{"recoveryId":"https://vault9627173e.vault.azure.net/deletedkeys/key-name","deletedDate":1571242134,"scheduledPurgeDate":1579018134,"key":{"kid":"https://vault9627173e.vault.azure.net/keys/key-name/e6e9cdab3ec340cb9c930cd86695f9b6","kty":"EC","key_ops":["sign","verify"],"crv":"P-256","x":"_1-Ygn7Z4BngdSM2anJiyWZQvkCvOSZYP_-eR6nGAOw","y":"lkdbI3zBEu3ZweeNZYaN6ubcTR5oorViyCS2iY3LnOQ"},"attributes":{"enabled":true,"exp":2524723200,"created":1571242133,"updated":1571242134,"recoveryLevel":"Recoverable+Purgeable"},"tags":{"foo":"updated
        tag"}}'}
    headers: {cache-control: no-cache, content-length: '544', content-type: application/json;
        charset=utf-8, date: 'Wed, 16 Oct 2019 16:08:53 GMT', expires: '-1', pragma: no-cache,
      server: Microsoft-IIS/10.0, strict-transport-security: max-age=31536000;includeSubDomains,
      x-aspnet-version: 4.0.30319, x-content-type-options: nosniff, x-ms-keyvault-network-info: addr=131.107.160.72;act_addr_fam=InterNetwork;,
      x-ms-keyvault-region: westus, x-ms-keyvault-service-version: 1.1.0.879, x-powered-by: ASP.NET}
    status: {code: 200, message: OK}
    url: !!python/object/new:yarl.URL
      state: !!python/tuple
      - !!python/object/new:urllib.parse.SplitResult [https, vault9627173e.vault.azure.net,
        /keys/key-name, api-version=7.0, '']
- request:
    body: null
    headers:
      Accept: [application/json]
      User-Agent: [azsdk-python-keyvault-keys/4.0.0b5 Python/3.6.6 (Windows-10-10.0.18362-SP0)]
    method: GET
    uri: https://vault9627173e.vault.azure.net/deletedkeys/key-name?api-version=7.0
  response:
    body: {string: '{"error":{"code":"KeyNotFound","message":"Deleted Key not found:
        key-name"}}'}
    headers: {cache-control: no-cache, content-length: '76', content-type: application/json;
        charset=utf-8, date: 'Wed, 16 Oct 2019 16:08:53 GMT', expires: '-1', pragma: no-cache,
      server: Microsoft-IIS/10.0, strict-transport-security: max-age=31536000;includeSubDomains,
      x-aspnet-version: 4.0.30319, x-content-type-options: nosniff, x-ms-keyvault-network-info: addr=131.107.160.72;act_addr_fam=InterNetwork;,
      x-ms-keyvault-region: westus, x-ms-keyvault-service-version: 1.1.0.879, x-powered-by: ASP.NET}
    status: {code: 404, message: Not Found}
    url: !!python/object/new:yarl.URL
      state: !!python/tuple
      - !!python/object/new:urllib.parse.SplitResult [https, vault9627173e.vault.azure.net,
        /deletedkeys/key-name, api-version=7.0, '']
- request:
    body: null
    headers:
      Accept: [application/json]
      User-Agent: [azsdk-python-keyvault-keys/4.0.0b5 Python/3.6.6 (Windows-10-10.0.18362-SP0)]
    method: GET
    uri: https://vault9627173e.vault.azure.net/deletedkeys/key-name?api-version=7.0
  response:
    body: {string: '{"error":{"code":"KeyNotFound","message":"Deleted Key not found:
        key-name"}}'}
    headers: {cache-control: no-cache, content-length: '76', content-type: application/json;
        charset=utf-8, date: 'Wed, 16 Oct 2019 16:08:58 GMT', expires: '-1', pragma: no-cache,
      server: Microsoft-IIS/10.0, strict-transport-security: max-age=31536000;includeSubDomains,
      x-aspnet-version: 4.0.30319, x-content-type-options: nosniff, x-ms-keyvault-network-info: addr=131.107.160.72;act_addr_fam=InterNetwork;,
      x-ms-keyvault-region: westus, x-ms-keyvault-service-version: 1.1.0.879, x-powered-by: ASP.NET}
    status: {code: 404, message: Not Found}
    url: !!python/object/new:yarl.URL
      state: !!python/tuple
      - !!python/object/new:urllib.parse.SplitResult [https, vault9627173e.vault.azure.net,
        /deletedkeys/key-name, api-version=7.0, '']
- request:
    body: null
    headers:
      Accept: [application/json]
      User-Agent: [azsdk-python-keyvault-keys/4.0.0b5 Python/3.6.6 (Windows-10-10.0.18362-SP0)]
    method: GET
    uri: https://vault9627173e.vault.azure.net/deletedkeys/key-name?api-version=7.0
  response:
    body: {string: '{"error":{"code":"KeyNotFound","message":"Deleted Key not found:
        key-name"}}'}
    headers: {cache-control: no-cache, content-length: '76', content-type: application/json;
        charset=utf-8, date: 'Wed, 16 Oct 2019 16:09:03 GMT', expires: '-1', pragma: no-cache,
      server: Microsoft-IIS/10.0, strict-transport-security: max-age=31536000;includeSubDomains,
      x-aspnet-version: 4.0.30319, x-content-type-options: nosniff, x-ms-keyvault-network-info: addr=131.107.160.72;act_addr_fam=InterNetwork;,
      x-ms-keyvault-region: westus, x-ms-keyvault-service-version: 1.1.0.879, x-powered-by: ASP.NET}
    status: {code: 404, message: Not Found}
    url: !!python/object/new:yarl.URL
      state: !!python/tuple
      - !!python/object/new:urllib.parse.SplitResult [https, vault9627173e.vault.azure.net,
        /deletedkeys/key-name, api-version=7.0, '']
- request:
    body: null
    headers:
      Accept: [application/json]
      User-Agent: [azsdk-python-keyvault-keys/4.0.0b5 Python/3.6.6 (Windows-10-10.0.18362-SP0)]
    method: GET
    uri: https://vault9627173e.vault.azure.net/deletedkeys/key-name?api-version=7.0
  response:
    body: {string: '{"error":{"code":"KeyNotFound","message":"Deleted Key not found:
        key-name"}}'}
    headers: {cache-control: no-cache, content-length: '76', content-type: application/json;
        charset=utf-8, date: 'Wed, 16 Oct 2019 16:09:09 GMT', expires: '-1', pragma: no-cache,
      server: Microsoft-IIS/10.0, strict-transport-security: max-age=31536000;includeSubDomains,
      x-aspnet-version: 4.0.30319, x-content-type-options: nosniff, x-ms-keyvault-network-info: addr=131.107.160.72;act_addr_fam=InterNetwork;,
      x-ms-keyvault-region: westus, x-ms-keyvault-service-version: 1.1.0.879, x-powered-by: ASP.NET}
    status: {code: 404, message: Not Found}
    url: !!python/object/new:yarl.URL
      state: !!python/tuple
      - !!python/object/new:urllib.parse.SplitResult [https, vault9627173e.vault.azure.net,
        /deletedkeys/key-name, api-version=7.0, '']
- request:
    body: null
    headers:
      Accept: [application/json]
      User-Agent: [azsdk-python-keyvault-keys/4.0.0b5 Python/3.6.6 (Windows-10-10.0.18362-SP0)]
    method: GET
    uri: https://vault9627173e.vault.azure.net/deletedkeys/key-name?api-version=7.0
  response:
    body: {string: '{"recoveryId":"https://vault9627173e.vault.azure.net/deletedkeys/key-name","deletedDate":1571242134,"scheduledPurgeDate":1579018134,"key":{"kid":"https://vault9627173e.vault.azure.net/keys/key-name/e6e9cdab3ec340cb9c930cd86695f9b6","kty":"EC","key_ops":["sign","verify"],"crv":"P-256","x":"_1-Ygn7Z4BngdSM2anJiyWZQvkCvOSZYP_-eR6nGAOw","y":"lkdbI3zBEu3ZweeNZYaN6ubcTR5oorViyCS2iY3LnOQ"},"attributes":{"enabled":true,"exp":2524723200,"created":1571242133,"updated":1571242134,"recoveryLevel":"Recoverable+Purgeable"},"tags":{"foo":"updated
        tag"}}'}
    headers: {cache-control: no-cache, content-length: '544', content-type: application/json;
        charset=utf-8, date: 'Wed, 16 Oct 2019 16:09:14 GMT', expires: '-1', pragma: no-cache,
      server: Microsoft-IIS/10.0, strict-transport-security: max-age=31536000;includeSubDomains,
      x-aspnet-version: 4.0.30319, x-content-type-options: nosniff, x-ms-keyvault-network-info: addr=131.107.160.72;act_addr_fam=InterNetwork;,
      x-ms-keyvault-region: westus, x-ms-keyvault-service-version: 1.1.0.879, x-powered-by: ASP.NET}
    status: {code: 200, message: OK}
    url: !!python/object/new:yarl.URL
      state: !!python/tuple
      - !!python/object/new:urllib.parse.SplitResult [https, vault9627173e.vault.azure.net,
        /deletedkeys/key-name, api-version=7.0, '']
version: 1
