interactions:
- request:
    body: null
    headers:
      Accept: [application/json]
      Accept-Encoding: ['gzip, deflate']
      Connection: [keep-alive]
      Content-Length: ['0']
      Content-Type: [application/json; charset=utf-8]
      User-Agent: [azsdk-python-keyvault-keys/4.0.0b2 Python/3.6.6 (Windows-10-10.0.18362-SP0)]
    method: POST
    uri: https://vault105115999730c90fa1.vault.azure.net/keys/key0/create?api-version=7.0
  response:
    body: {string: '{"error":{"code":"Unauthorized","message":"Request is missing
        a Bearer or PoP token."}}'}
    headers:
      cache-control: [no-cache]
      content-length: ['87']
      content-type: [application/json; charset=utf-8]
      date: ['Tue, 27 Aug 2019 22:06:15 GMT']
      expires: ['-1']
      pragma: [no-cache]
      server: [Microsoft-IIS/10.0]
      strict-transport-security: [max-age=31536000;includeSubDomains]
      www-authenticate: ['Bearer authorization="https://login.windows.net/72f988bf-86f1-41af-91ab-2d7cd011db47",
          resource="https://vault.azure.net"']
      x-aspnet-version: [4.0.30319]
      x-content-type-options: [nosniff]
      x-ms-keyvault-network-info: [addr=131.107.160.72;act_addr_fam=InterNetwork;]
      x-ms-keyvault-region: [westus]
      x-ms-keyvault-service-version: [1.1.0.876]
      x-powered-by: [ASP.NET]
    status: {code: 401, message: Unauthorized}
- request:
    body: '{"kty": "RSA"}'
    headers:
      Accept: [application/json]
      Accept-Encoding: ['gzip, deflate']
      Connection: [keep-alive]
      Content-Length: ['14']
      Content-Type: [application/json; charset=utf-8]
      User-Agent: [azsdk-python-keyvault-keys/4.0.0b2 Python/3.6.6 (Windows-10-10.0.18362-SP0)]
    method: POST
    uri: https://vault105115999730c90fa1.vault.azure.net/keys/key0/create?api-version=7.0
  response:
    body: {string: '{"key":{"kid":"https://vault105115999730c90fa1.vault.azure.net/keys/key0/a091706724f24f338102067fbed50354","kty":"RSA","key_ops":["encrypt","decrypt","sign","verify","wrapKey","unwrapKey"],"n":"zDX_suPMvO-kZ5ErKzQXVkiLJBC1IMY0NNIkLgGcjjhUwGNWROD0jxVQMCpROha1MQZvDtBvimejYHRnfXXRsDcYKXG_x12mWdMbthciEoKQ8H_UJUKeTVXflPeEAVPKvz0CS_Zn9cqX6anJqNGiW1dgLCtowxjbERnwt6Sa64YARQ042KnhWyfZPFSH3R0GZCx6ZywFV9CD6AXt4Oiff3ul5XmLVchelQ1SsRe3WN-anJMEeorrirmnfxQwgVcn4ZiosFP6qLIS2nsZMBbF7NN8gh1kSW-6sCIkqFudiRAT1RGgHo_b3N4wTHQQz8qDtHqFnou0SgT9vl-5wAuiNw","e":"AQAB"},"attributes":{"enabled":true,"created":1566943576,"updated":1566943576,"recoveryLevel":"Recoverable+Purgeable"}}'}
    headers:
      cache-control: [no-cache]
      content-length: ['662']
      content-type: [application/json; charset=utf-8]
      date: ['Tue, 27 Aug 2019 22:06:15 GMT']
      expires: ['-1']
      pragma: [no-cache]
      server: [Microsoft-IIS/10.0]
      strict-transport-security: [max-age=31536000;includeSubDomains]
      x-aspnet-version: [4.0.30319]
      x-content-type-options: [nosniff]
      x-ms-keyvault-network-info: [addr=131.107.160.72;act_addr_fam=InterNetwork;]
      x-ms-keyvault-region: [westus]
      x-ms-keyvault-service-version: [1.1.0.876]
      x-powered-by: [ASP.NET]
    status: {code: 200, message: OK}
- request:
    body: '{"kty": "RSA"}'
    headers:
      Accept: [application/json]
      Accept-Encoding: ['gzip, deflate']
      Connection: [keep-alive]
      Content-Length: ['14']
      Content-Type: [application/json; charset=utf-8]
      User-Agent: [azsdk-python-keyvault-keys/4.0.0b2 Python/3.6.6 (Windows-10-10.0.18362-SP0)]
    method: POST
    uri: https://vault105115999730c90fa1.vault.azure.net/keys/key1/create?api-version=7.0
  response:
    body: {string: '{"key":{"kid":"https://vault105115999730c90fa1.vault.azure.net/keys/key1/bdad9a3cd1574e8f97173b4b1ab9812e","kty":"RSA","key_ops":["encrypt","decrypt","sign","verify","wrapKey","unwrapKey"],"n":"5v8JX35c4u2wMhIgBfvJwjzPF_MKGMrlC7GFFEi_YFPg1fenq_b0OhNVfjZy-_QUZqbJWPAC8QqSqqq-3mg7t4gQVwYkpwh-kuLZA_dvIrnPBPGwDFCc6DLPbdAwN3PUSLVyJkwvWWC4JHeafoV2vkStZVKwSwl3WCh_6e8ThBH7WZD2GQTg6L6NSB5u7HzOw4SRb_fG5qldN9HMPX7IVNTicCUtr7D4Pd1q0ilC28Qz601LlzQj1POKSHSNN9fEsReT69vZG5NblBWoyF6vxXhUvYfwGKUbef0PPHYAkH4UUKgvNrWECuF1s2_FxVNM4_7g-PQFk6hbhIWPAq9AOw","e":"AQAB"},"attributes":{"enabled":true,"created":1566943576,"updated":1566943576,"recoveryLevel":"Recoverable+Purgeable"}}'}
    headers:
      cache-control: [no-cache]
      content-length: ['662']
      content-type: [application/json; charset=utf-8]
      date: ['Tue, 27 Aug 2019 22:06:15 GMT']
      expires: ['-1']
      pragma: [no-cache]
      server: [Microsoft-IIS/10.0]
      strict-transport-security: [max-age=31536000;includeSubDomains]
      x-aspnet-version: [4.0.30319]
      x-content-type-options: [nosniff]
      x-ms-keyvault-network-info: [addr=131.107.160.72;act_addr_fam=InterNetwork;]
      x-ms-keyvault-region: [westus]
      x-ms-keyvault-service-version: [1.1.0.876]
      x-powered-by: [ASP.NET]
    status: {code: 200, message: OK}
- request:
    body: '{"kty": "RSA"}'
    headers:
      Accept: [application/json]
      Accept-Encoding: ['gzip, deflate']
      Connection: [keep-alive]
      Content-Length: ['14']
      Content-Type: [application/json; charset=utf-8]
      User-Agent: [azsdk-python-keyvault-keys/4.0.0b2 Python/3.6.6 (Windows-10-10.0.18362-SP0)]
    method: POST
    uri: https://vault105115999730c90fa1.vault.azure.net/keys/key2/create?api-version=7.0
  response:
    body: {string: '{"key":{"kid":"https://vault105115999730c90fa1.vault.azure.net/keys/key2/d5fa1514358046e29e58292b8b8ed442","kty":"RSA","key_ops":["encrypt","decrypt","sign","verify","wrapKey","unwrapKey"],"n":"mpKE2Bb8wkw6pR0C6oSharqbQ6XifcibF_nHj8bGh9R5hpl6nwJOLE4qBdDWJ3iXFU0i_eBeeUmA7dpNSFkotTk3EjN9C6N4qrJbv37_TF-5rOldcCV08vZWe3cPfSLIS6t7fddVrA4LZiuQMidn0qFbtq2eGAJUK4pCM8Zm2DaUC9dUHhYzeTkatbFKNejcPOb8tnl3mMAkyEhXWCfzoQqB63x7jY8stFDGsQXZ2HfkwRENnIY0RISkZ75KzXjSV2qg9RckgF1WH0TCteeYoIVRcRI8owChHwdtAd0z5-QJ35dyotwixlOKTmSwA1EOjnYiVxXC-ke7l1TNYpqjAQ","e":"AQAB"},"attributes":{"enabled":true,"created":1566943576,"updated":1566943576,"recoveryLevel":"Recoverable+Purgeable"}}'}
    headers:
      cache-control: [no-cache]
      content-length: ['662']
      content-type: [application/json; charset=utf-8]
      date: ['Tue, 27 Aug 2019 22:06:16 GMT']
      expires: ['-1']
      pragma: [no-cache]
      server: [Microsoft-IIS/10.0]
      strict-transport-security: [max-age=31536000;includeSubDomains]
      x-aspnet-version: [4.0.30319]
      x-content-type-options: [nosniff]
      x-ms-keyvault-network-info: [addr=131.107.160.72;act_addr_fam=InterNetwork;]
      x-ms-keyvault-region: [westus]
      x-ms-keyvault-service-version: [1.1.0.876]
      x-powered-by: [ASP.NET]
    status: {code: 200, message: OK}
- request:
    body: '{"kty": "RSA"}'
    headers:
      Accept: [application/json]
      Accept-Encoding: ['gzip, deflate']
      Connection: [keep-alive]
      Content-Length: ['14']
      Content-Type: [application/json; charset=utf-8]
      User-Agent: [azsdk-python-keyvault-keys/4.0.0b2 Python/3.6.6 (Windows-10-10.0.18362-SP0)]
    method: POST
    uri: https://vault105115999730c90fa1.vault.azure.net/keys/key3/create?api-version=7.0
  response:
    body: {string: '{"key":{"kid":"https://vault105115999730c90fa1.vault.azure.net/keys/key3/7ecfab235f8845428c750954d0bdbade","kty":"RSA","key_ops":["encrypt","decrypt","sign","verify","wrapKey","unwrapKey"],"n":"0DXfS_Emo7wiFndTEY0zLgUPol8oWzoM3-USEYX8rlDQIsbWoEGSsbcp3EFSdOWvbmLSWbl5BljMYw7top_REouBuAfKbYAnDKPUv4bRamlbi_14gQX0-4Qr5F4xvBexAIKAHxYgL5VFR5MYRIlseOSOjwdGNjx5Trp4K7r7YjDadmBdva5tVGrD2JLOs3lrjhDLrpa_Qu2sZiwve0C-wFtN5m7FULnVgSQLqdMOC7Wq1EcQpisiTgMbEAVgLnznWxCoZ-W5HIzu_WRO-8lWI-K09hahtmmnlUsJay3uFdtqmhMJR6njaIKmoxBVC0dNRwmOe89CY5OxDRhQf-mxYQ","e":"AQAB"},"attributes":{"enabled":true,"created":1566943576,"updated":1566943576,"recoveryLevel":"Recoverable+Purgeable"}}'}
    headers:
      cache-control: [no-cache]
      content-length: ['662']
      content-type: [application/json; charset=utf-8]
      date: ['Tue, 27 Aug 2019 22:06:16 GMT']
      expires: ['-1']
      pragma: [no-cache]
      server: [Microsoft-IIS/10.0]
      strict-transport-security: [max-age=31536000;includeSubDomains]
      x-aspnet-version: [4.0.30319]
      x-content-type-options: [nosniff]
      x-ms-keyvault-network-info: [addr=131.107.160.72;act_addr_fam=InterNetwork;]
      x-ms-keyvault-region: [westus]
      x-ms-keyvault-service-version: [1.1.0.876]
      x-powered-by: [ASP.NET]
    status: {code: 200, message: OK}
- request:
    body: '{"kty": "RSA"}'
    headers:
      Accept: [application/json]
      Accept-Encoding: ['gzip, deflate']
      Connection: [keep-alive]
      Content-Length: ['14']
      Content-Type: [application/json; charset=utf-8]
      User-Agent: [azsdk-python-keyvault-keys/4.0.0b2 Python/3.6.6 (Windows-10-10.0.18362-SP0)]
    method: POST
    uri: https://vault105115999730c90fa1.vault.azure.net/keys/key4/create?api-version=7.0
  response:
    body: {string: '{"key":{"kid":"https://vault105115999730c90fa1.vault.azure.net/keys/key4/d2bec07c55654f70bc5d54e6a6f917d7","kty":"RSA","key_ops":["encrypt","decrypt","sign","verify","wrapKey","unwrapKey"],"n":"ilfg8rAwmPHP8vnUf3CHO_CiB7ku_r0vB0KIpOXnH4sb09_IrjSiNHcezTEehb1PjLM7wVxqgSfH1LJg3OQZ3s9t4vs0Ra-_AxyLOMSp-DCpGkOGqkxFzkM25nGiKxnxjXtmcOddjfblCi8SHTmT68YkyLQ-Kk9TlK3krDyJsVMTWOKGIs0X7mCiiGbkVUSbJbKhMdfxGSUTNgb89TEINr9vdCt5MCFJu-dw2DFwVMlpsWgPWAFS5ERWKWWduXXN6SodfaOsYStwKWwvtKhGGo6DXzKo22_zvuFZ_H0OpfWQGxceOwYFRpCt0uwR249TMf2Xmp5vcXfhZfxb_LFH4Q","e":"AQAB"},"attributes":{"enabled":true,"created":1566943577,"updated":1566943577,"recoveryLevel":"Recoverable+Purgeable"}}'}
    headers:
      cache-control: [no-cache]
      content-length: ['662']
      content-type: [application/json; charset=utf-8]
      date: ['Tue, 27 Aug 2019 22:06:16 GMT']
      expires: ['-1']
      pragma: [no-cache]
      server: [Microsoft-IIS/10.0]
      strict-transport-security: [max-age=31536000;includeSubDomains]
      x-aspnet-version: [4.0.30319]
      x-content-type-options: [nosniff]
      x-ms-keyvault-network-info: [addr=131.107.160.72;act_addr_fam=InterNetwork;]
      x-ms-keyvault-region: [westus]
      x-ms-keyvault-service-version: [1.1.0.876]
      x-powered-by: [ASP.NET]
    status: {code: 200, message: OK}
- request:
    body: '{"kty": "RSA"}'
    headers:
      Accept: [application/json]
      Accept-Encoding: ['gzip, deflate']
      Connection: [keep-alive]
      Content-Length: ['14']
      Content-Type: [application/json; charset=utf-8]
      User-Agent: [azsdk-python-keyvault-keys/4.0.0b2 Python/3.6.6 (Windows-10-10.0.18362-SP0)]
    method: POST
    uri: https://vault105115999730c90fa1.vault.azure.net/keys/key5/create?api-version=7.0
  response:
    body: {string: '{"key":{"kid":"https://vault105115999730c90fa1.vault.azure.net/keys/key5/3380cf89c49e45fb92e73f2abe0c0325","kty":"RSA","key_ops":["encrypt","decrypt","sign","verify","wrapKey","unwrapKey"],"n":"mXnb0hMe3KO4plbUIeZuaX0hOg8NHHj50bGhHCENeKhUVqpx2Kb2QP9l0V4TwsKXkCuZnMIvFhzFVcOVVNkTcJ6s0OFhFS4AKkV9KSxdimIH1RJ44y7nj-QWkHmzEpWRkZdEas7yALpSb8bQfP_3pvlp6hu0eogH-sYVO8Qh9RMe8fdhZN6C9cBNkWv2fIJg4Ld-zXevnZHbEVBwRGnm3h9TrUDxt9acEaGuQHsz6k3UkG8VpqjXhnioHxZC-cE0UF1rZx3FUKWzYgqOZ0fuVxQZxzCxiZGNCnGIvreJK6lV7fOFByvIF-AJY3ZKN9-5wjdeaPBWsFELk6Odf9nwQw","e":"AQAB"},"attributes":{"enabled":true,"created":1566943577,"updated":1566943577,"recoveryLevel":"Recoverable+Purgeable"}}'}
    headers:
      cache-control: [no-cache]
      content-length: ['662']
      content-type: [application/json; charset=utf-8]
      date: ['Tue, 27 Aug 2019 22:06:16 GMT']
      expires: ['-1']
      pragma: [no-cache]
      server: [Microsoft-IIS/10.0]
      strict-transport-security: [max-age=31536000;includeSubDomains]
      x-aspnet-version: [4.0.30319]
      x-content-type-options: [nosniff]
      x-ms-keyvault-network-info: [addr=131.107.160.72;act_addr_fam=InterNetwork;]
      x-ms-keyvault-region: [westus]
      x-ms-keyvault-service-version: [1.1.0.876]
      x-powered-by: [ASP.NET]
    status: {code: 200, message: OK}
- request:
    body: '{"kty": "RSA"}'
    headers:
      Accept: [application/json]
      Accept-Encoding: ['gzip, deflate']
      Connection: [keep-alive]
      Content-Length: ['14']
      Content-Type: [application/json; charset=utf-8]
      User-Agent: [azsdk-python-keyvault-keys/4.0.0b2 Python/3.6.6 (Windows-10-10.0.18362-SP0)]
    method: POST
    uri: https://vault105115999730c90fa1.vault.azure.net/keys/key6/create?api-version=7.0
  response:
    body: {string: '{"key":{"kid":"https://vault105115999730c90fa1.vault.azure.net/keys/key6/a2257a7244a4450fbe8f19482913d1dd","kty":"RSA","key_ops":["encrypt","decrypt","sign","verify","wrapKey","unwrapKey"],"n":"wK3fEIxPTD3wIjke8Y-hYC8r2s_3I4Y4cKAga4l4YIPmnQ8eE-MpwT-Q5vAvmpojSy0JTDB_f7i_m6RIau-EomZSGhssXbf9edd3IPRT9BsgEd2jwk9aj-dTJJrByGSV7zK96mm6f231YCYv4FRASQMRAcxhOvHaQrqCdHXTjAPRflFYEH89YvMNewe30oCGY-yGZbzuD4t2ZjXSRGufsx6RvqddahbSBDtTG48TvlgEuQGXlzyDZuI9x112FKUCdQH2tIB5YIbVynnh6CWy07NOqrThmCY6QhUO8NxSci30mYTqcorgc-pkPx-MsD2U8qf0tNmELe5jdX1s_YTTlQ","e":"AQAB"},"attributes":{"enabled":true,"created":1566943577,"updated":1566943577,"recoveryLevel":"Recoverable+Purgeable"}}'}
    headers:
      cache-control: [no-cache]
      content-length: ['662']
      content-type: [application/json; charset=utf-8]
      date: ['Tue, 27 Aug 2019 22:06:16 GMT']
      expires: ['-1']
      pragma: [no-cache]
      server: [Microsoft-IIS/10.0]
      strict-transport-security: [max-age=31536000;includeSubDomains]
      x-aspnet-version: [4.0.30319]
      x-content-type-options: [nosniff]
      x-ms-keyvault-network-info: [addr=131.107.160.72;act_addr_fam=InterNetwork;]
      x-ms-keyvault-region: [westus]
      x-ms-keyvault-service-version: [1.1.0.876]
      x-powered-by: [ASP.NET]
    status: {code: 200, message: OK}
- request:
    body: null
    headers:
      Accept: [application/json]
      Accept-Encoding: ['gzip, deflate']
      Connection: [keep-alive]
      Content-Length: ['0']
      User-Agent: [azsdk-python-keyvault-keys/4.0.0b2 Python/3.6.6 (Windows-10-10.0.18362-SP0)]
    method: DELETE
    uri: https://vault105115999730c90fa1.vault.azure.net/keys/key0?api-version=7.0
  response:
    body: {string: '{"recoveryId":"https://vault105115999730c90fa1.vault.azure.net/deletedkeys/key0","deletedDate":1566943577,"scheduledPurgeDate":1574719577,"key":{"kid":"https://vault105115999730c90fa1.vault.azure.net/keys/key0/a091706724f24f338102067fbed50354","kty":"RSA","key_ops":["encrypt","decrypt","sign","verify","wrapKey","unwrapKey"],"n":"zDX_suPMvO-kZ5ErKzQXVkiLJBC1IMY0NNIkLgGcjjhUwGNWROD0jxVQMCpROha1MQZvDtBvimejYHRnfXXRsDcYKXG_x12mWdMbthciEoKQ8H_UJUKeTVXflPeEAVPKvz0CS_Zn9cqX6anJqNGiW1dgLCtowxjbERnwt6Sa64YARQ042KnhWyfZPFSH3R0GZCx6ZywFV9CD6AXt4Oiff3ul5XmLVchelQ1SsRe3WN-anJMEeorrirmnfxQwgVcn4ZiosFP6qLIS2nsZMBbF7NN8gh1kSW-6sCIkqFudiRAT1RGgHo_b3N4wTHQQz8qDtHqFnou0SgT9vl-5wAuiNw","e":"AQAB"},"attributes":{"enabled":true,"created":1566943576,"updated":1566943576,"recoveryLevel":"Recoverable+Purgeable"}}'}
    headers:
      cache-control: [no-cache]
      content-length: ['799']
      content-type: [application/json; charset=utf-8]
      date: ['Tue, 27 Aug 2019 22:06:17 GMT']
      expires: ['-1']
      pragma: [no-cache]
      server: [Microsoft-IIS/10.0]
      strict-transport-security: [max-age=31536000;includeSubDomains]
      x-aspnet-version: [4.0.30319]
      x-content-type-options: [nosniff]
      x-ms-keyvault-network-info: [addr=131.107.160.72;act_addr_fam=InterNetwork;]
      x-ms-keyvault-region: [westus]
      x-ms-keyvault-service-version: [1.1.0.876]
      x-powered-by: [ASP.NET]
    status: {code: 200, message: OK}
- request:
    body: null
    headers:
      Accept: [application/json]
      Accept-Encoding: ['gzip, deflate']
      Connection: [keep-alive]
      Content-Length: ['0']
      User-Agent: [azsdk-python-keyvault-keys/4.0.0b2 Python/3.6.6 (Windows-10-10.0.18362-SP0)]
    method: DELETE
    uri: https://vault105115999730c90fa1.vault.azure.net/keys/key1?api-version=7.0
  response:
    body: {string: '{"recoveryId":"https://vault105115999730c90fa1.vault.azure.net/deletedkeys/key1","deletedDate":1566943577,"scheduledPurgeDate":1574719577,"key":{"kid":"https://vault105115999730c90fa1.vault.azure.net/keys/key1/bdad9a3cd1574e8f97173b4b1ab9812e","kty":"RSA","key_ops":["encrypt","decrypt","sign","verify","wrapKey","unwrapKey"],"n":"5v8JX35c4u2wMhIgBfvJwjzPF_MKGMrlC7GFFEi_YFPg1fenq_b0OhNVfjZy-_QUZqbJWPAC8QqSqqq-3mg7t4gQVwYkpwh-kuLZA_dvIrnPBPGwDFCc6DLPbdAwN3PUSLVyJkwvWWC4JHeafoV2vkStZVKwSwl3WCh_6e8ThBH7WZD2GQTg6L6NSB5u7HzOw4SRb_fG5qldN9HMPX7IVNTicCUtr7D4Pd1q0ilC28Qz601LlzQj1POKSHSNN9fEsReT69vZG5NblBWoyF6vxXhUvYfwGKUbef0PPHYAkH4UUKgvNrWECuF1s2_FxVNM4_7g-PQFk6hbhIWPAq9AOw","e":"AQAB"},"attributes":{"enabled":true,"created":1566943576,"updated":1566943576,"recoveryLevel":"Recoverable+Purgeable"}}'}
    headers:
      cache-control: [no-cache]
      content-length: ['799']
      content-type: [application/json; charset=utf-8]
      date: ['Tue, 27 Aug 2019 22:06:17 GMT']
      expires: ['-1']
      pragma: [no-cache]
      server: [Microsoft-IIS/10.0]
      strict-transport-security: [max-age=31536000;includeSubDomains]
      x-aspnet-version: [4.0.30319]
      x-content-type-options: [nosniff]
      x-ms-keyvault-network-info: [addr=131.107.160.72;act_addr_fam=InterNetwork;]
      x-ms-keyvault-region: [westus]
      x-ms-keyvault-service-version: [1.1.0.876]
      x-powered-by: [ASP.NET]
    status: {code: 200, message: OK}
- request:
    body: null
    headers:
      Accept: [application/json]
      Accept-Encoding: ['gzip, deflate']
      Connection: [keep-alive]
      Content-Length: ['0']
      User-Agent: [azsdk-python-keyvault-keys/4.0.0b2 Python/3.6.6 (Windows-10-10.0.18362-SP0)]
    method: DELETE
    uri: https://vault105115999730c90fa1.vault.azure.net/keys/key2?api-version=7.0
  response:
    body: {string: '{"recoveryId":"https://vault105115999730c90fa1.vault.azure.net/deletedkeys/key2","deletedDate":1566943578,"scheduledPurgeDate":1574719578,"key":{"kid":"https://vault105115999730c90fa1.vault.azure.net/keys/key2/d5fa1514358046e29e58292b8b8ed442","kty":"RSA","key_ops":["encrypt","decrypt","sign","verify","wrapKey","unwrapKey"],"n":"mpKE2Bb8wkw6pR0C6oSharqbQ6XifcibF_nHj8bGh9R5hpl6nwJOLE4qBdDWJ3iXFU0i_eBeeUmA7dpNSFkotTk3EjN9C6N4qrJbv37_TF-5rOldcCV08vZWe3cPfSLIS6t7fddVrA4LZiuQMidn0qFbtq2eGAJUK4pCM8Zm2DaUC9dUHhYzeTkatbFKNejcPOb8tnl3mMAkyEhXWCfzoQqB63x7jY8stFDGsQXZ2HfkwRENnIY0RISkZ75KzXjSV2qg9RckgF1WH0TCteeYoIVRcRI8owChHwdtAd0z5-QJ35dyotwixlOKTmSwA1EOjnYiVxXC-ke7l1TNYpqjAQ","e":"AQAB"},"attributes":{"enabled":true,"created":1566943576,"updated":1566943576,"recoveryLevel":"Recoverable+Purgeable"}}'}
    headers:
      cache-control: [no-cache]
      content-length: ['799']
      content-type: [application/json; charset=utf-8]
      date: ['Tue, 27 Aug 2019 22:06:17 GMT']
      expires: ['-1']
      pragma: [no-cache]
      server: [Microsoft-IIS/10.0]
      strict-transport-security: [max-age=31536000;includeSubDomains]
      x-aspnet-version: [4.0.30319]
      x-content-type-options: [nosniff]
      x-ms-keyvault-network-info: [addr=131.107.160.72;act_addr_fam=InterNetwork;]
      x-ms-keyvault-region: [westus]
      x-ms-keyvault-service-version: [1.1.0.876]
      x-powered-by: [ASP.NET]
    status: {code: 200, message: OK}
- request:
    body: null
    headers:
      Accept: [application/json]
      Accept-Encoding: ['gzip, deflate']
      Connection: [keep-alive]
      Content-Length: ['0']
      User-Agent: [azsdk-python-keyvault-keys/4.0.0b2 Python/3.6.6 (Windows-10-10.0.18362-SP0)]
    method: DELETE
    uri: https://vault105115999730c90fa1.vault.azure.net/keys/key3?api-version=7.0
  response:
    body: {string: '{"recoveryId":"https://vault105115999730c90fa1.vault.azure.net/deletedkeys/key3","deletedDate":1566943578,"scheduledPurgeDate":1574719578,"key":{"kid":"https://vault105115999730c90fa1.vault.azure.net/keys/key3/7ecfab235f8845428c750954d0bdbade","kty":"RSA","key_ops":["encrypt","decrypt","sign","verify","wrapKey","unwrapKey"],"n":"0DXfS_Emo7wiFndTEY0zLgUPol8oWzoM3-USEYX8rlDQIsbWoEGSsbcp3EFSdOWvbmLSWbl5BljMYw7top_REouBuAfKbYAnDKPUv4bRamlbi_14gQX0-4Qr5F4xvBexAIKAHxYgL5VFR5MYRIlseOSOjwdGNjx5Trp4K7r7YjDadmBdva5tVGrD2JLOs3lrjhDLrpa_Qu2sZiwve0C-wFtN5m7FULnVgSQLqdMOC7Wq1EcQpisiTgMbEAVgLnznWxCoZ-W5HIzu_WRO-8lWI-K09hahtmmnlUsJay3uFdtqmhMJR6njaIKmoxBVC0dNRwmOe89CY5OxDRhQf-mxYQ","e":"AQAB"},"attributes":{"enabled":true,"created":1566943576,"updated":1566943576,"recoveryLevel":"Recoverable+Purgeable"}}'}
    headers:
      cache-control: [no-cache]
      content-length: ['799']
      content-type: [application/json; charset=utf-8]
      date: ['Tue, 27 Aug 2019 22:06:17 GMT']
      expires: ['-1']
      pragma: [no-cache]
      server: [Microsoft-IIS/10.0]
      strict-transport-security: [max-age=31536000;includeSubDomains]
      x-aspnet-version: [4.0.30319]
      x-content-type-options: [nosniff]
      x-ms-keyvault-network-info: [addr=131.107.160.72;act_addr_fam=InterNetwork;]
      x-ms-keyvault-region: [westus]
      x-ms-keyvault-service-version: [1.1.0.876]
      x-powered-by: [ASP.NET]
    status: {code: 200, message: OK}
- request:
    body: null
    headers:
      Accept: [application/json]
      Accept-Encoding: ['gzip, deflate']
      Connection: [keep-alive]
      Content-Length: ['0']
      User-Agent: [azsdk-python-keyvault-keys/4.0.0b2 Python/3.6.6 (Windows-10-10.0.18362-SP0)]
    method: DELETE
    uri: https://vault105115999730c90fa1.vault.azure.net/keys/key4?api-version=7.0
  response:
    body: {string: '{"recoveryId":"https://vault105115999730c90fa1.vault.azure.net/deletedkeys/key4","deletedDate":1566943578,"scheduledPurgeDate":1574719578,"key":{"kid":"https://vault105115999730c90fa1.vault.azure.net/keys/key4/d2bec07c55654f70bc5d54e6a6f917d7","kty":"RSA","key_ops":["encrypt","decrypt","sign","verify","wrapKey","unwrapKey"],"n":"ilfg8rAwmPHP8vnUf3CHO_CiB7ku_r0vB0KIpOXnH4sb09_IrjSiNHcezTEehb1PjLM7wVxqgSfH1LJg3OQZ3s9t4vs0Ra-_AxyLOMSp-DCpGkOGqkxFzkM25nGiKxnxjXtmcOddjfblCi8SHTmT68YkyLQ-Kk9TlK3krDyJsVMTWOKGIs0X7mCiiGbkVUSbJbKhMdfxGSUTNgb89TEINr9vdCt5MCFJu-dw2DFwVMlpsWgPWAFS5ERWKWWduXXN6SodfaOsYStwKWwvtKhGGo6DXzKo22_zvuFZ_H0OpfWQGxceOwYFRpCt0uwR249TMf2Xmp5vcXfhZfxb_LFH4Q","e":"AQAB"},"attributes":{"enabled":true,"created":1566943577,"updated":1566943577,"recoveryLevel":"Recoverable+Purgeable"}}'}
    headers:
      cache-control: [no-cache]
      content-length: ['799']
      content-type: [application/json; charset=utf-8]
      date: ['Tue, 27 Aug 2019 22:06:17 GMT']
      expires: ['-1']
      pragma: [no-cache]
      server: [Microsoft-IIS/10.0]
      strict-transport-security: [max-age=31536000;includeSubDomains]
      x-aspnet-version: [4.0.30319]
      x-content-type-options: [nosniff]
      x-ms-keyvault-network-info: [addr=131.107.160.72;act_addr_fam=InterNetwork;]
      x-ms-keyvault-region: [westus]
      x-ms-keyvault-service-version: [1.1.0.876]
      x-powered-by: [ASP.NET]
    status: {code: 200, message: OK}
- request:
    body: null
    headers:
      Accept: [application/json]
      Accept-Encoding: ['gzip, deflate']
      Connection: [keep-alive]
      Content-Length: ['0']
      User-Agent: [azsdk-python-keyvault-keys/4.0.0b2 Python/3.6.6 (Windows-10-10.0.18362-SP0)]
    method: DELETE
    uri: https://vault105115999730c90fa1.vault.azure.net/keys/key5?api-version=7.0
  response:
    body: {string: '{"recoveryId":"https://vault105115999730c90fa1.vault.azure.net/deletedkeys/key5","deletedDate":1566943578,"scheduledPurgeDate":1574719578,"key":{"kid":"https://vault105115999730c90fa1.vault.azure.net/keys/key5/3380cf89c49e45fb92e73f2abe0c0325","kty":"RSA","key_ops":["encrypt","decrypt","sign","verify","wrapKey","unwrapKey"],"n":"mXnb0hMe3KO4plbUIeZuaX0hOg8NHHj50bGhHCENeKhUVqpx2Kb2QP9l0V4TwsKXkCuZnMIvFhzFVcOVVNkTcJ6s0OFhFS4AKkV9KSxdimIH1RJ44y7nj-QWkHmzEpWRkZdEas7yALpSb8bQfP_3pvlp6hu0eogH-sYVO8Qh9RMe8fdhZN6C9cBNkWv2fIJg4Ld-zXevnZHbEVBwRGnm3h9TrUDxt9acEaGuQHsz6k3UkG8VpqjXhnioHxZC-cE0UF1rZx3FUKWzYgqOZ0fuVxQZxzCxiZGNCnGIvreJK6lV7fOFByvIF-AJY3ZKN9-5wjdeaPBWsFELk6Odf9nwQw","e":"AQAB"},"attributes":{"enabled":true,"created":1566943577,"updated":1566943577,"recoveryLevel":"Recoverable+Purgeable"}}'}
    headers:
      cache-control: [no-cache]
      content-length: ['799']
      content-type: [application/json; charset=utf-8]
      date: ['Tue, 27 Aug 2019 22:06:17 GMT']
      expires: ['-1']
      pragma: [no-cache]
      server: [Microsoft-IIS/10.0]
      strict-transport-security: [max-age=31536000;includeSubDomains]
      x-aspnet-version: [4.0.30319]
      x-content-type-options: [nosniff]
      x-ms-keyvault-network-info: [addr=131.107.160.72;act_addr_fam=InterNetwork;]
      x-ms-keyvault-region: [westus]
      x-ms-keyvault-service-version: [1.1.0.876]
      x-powered-by: [ASP.NET]
    status: {code: 200, message: OK}
- request:
    body: null
    headers:
      Accept: [application/json]
      Accept-Encoding: ['gzip, deflate']
      Connection: [keep-alive]
      Content-Length: ['0']
      User-Agent: [azsdk-python-keyvault-keys/4.0.0b2 Python/3.6.6 (Windows-10-10.0.18362-SP0)]
    method: DELETE
    uri: https://vault105115999730c90fa1.vault.azure.net/keys/key6?api-version=7.0
  response:
    body: {string: '{"recoveryId":"https://vault105115999730c90fa1.vault.azure.net/deletedkeys/key6","deletedDate":1566943578,"scheduledPurgeDate":1574719578,"key":{"kid":"https://vault105115999730c90fa1.vault.azure.net/keys/key6/a2257a7244a4450fbe8f19482913d1dd","kty":"RSA","key_ops":["encrypt","decrypt","sign","verify","wrapKey","unwrapKey"],"n":"wK3fEIxPTD3wIjke8Y-hYC8r2s_3I4Y4cKAga4l4YIPmnQ8eE-MpwT-Q5vAvmpojSy0JTDB_f7i_m6RIau-EomZSGhssXbf9edd3IPRT9BsgEd2jwk9aj-dTJJrByGSV7zK96mm6f231YCYv4FRASQMRAcxhOvHaQrqCdHXTjAPRflFYEH89YvMNewe30oCGY-yGZbzuD4t2ZjXSRGufsx6RvqddahbSBDtTG48TvlgEuQGXlzyDZuI9x112FKUCdQH2tIB5YIbVynnh6CWy07NOqrThmCY6QhUO8NxSci30mYTqcorgc-pkPx-MsD2U8qf0tNmELe5jdX1s_YTTlQ","e":"AQAB"},"attributes":{"enabled":true,"created":1566943577,"updated":1566943577,"recoveryLevel":"Recoverable+Purgeable"}}'}
    headers:
      cache-control: [no-cache]
      content-length: ['799']
      content-type: [application/json; charset=utf-8]
      date: ['Tue, 27 Aug 2019 22:06:17 GMT']
      expires: ['-1']
      pragma: [no-cache]
      server: [Microsoft-IIS/10.0]
      strict-transport-security: [max-age=31536000;includeSubDomains]
      x-aspnet-version: [4.0.30319]
      x-content-type-options: [nosniff]
      x-ms-keyvault-network-info: [addr=131.107.160.72;act_addr_fam=InterNetwork;]
      x-ms-keyvault-region: [westus]
      x-ms-keyvault-service-version: [1.1.0.876]
      x-powered-by: [ASP.NET]
    status: {code: 200, message: OK}
- request:
    body: null
    headers:
      Accept: [application/json]
      Accept-Encoding: ['gzip, deflate']
      Connection: [keep-alive]
      User-Agent: [azsdk-python-keyvault-keys/4.0.0b2 Python/3.6.6 (Windows-10-10.0.18362-SP0)]
    method: GET
    uri: https://vault105115999730c90fa1.vault.azure.net/deletedkeys/key0?api-version=7.0
  response:
    body: {string: '{"error":{"code":"KeyNotFound","message":"Deleted Key not found:
        key0"}}'}
    headers:
      cache-control: [no-cache]
      content-length: ['72']
      content-type: [application/json; charset=utf-8]
      date: ['Tue, 27 Aug 2019 22:06:18 GMT']
      expires: ['-1']
      pragma: [no-cache]
      server: [Microsoft-IIS/10.0]
      strict-transport-security: [max-age=31536000;includeSubDomains]
      x-aspnet-version: [4.0.30319]
      x-content-type-options: [nosniff]
      x-ms-keyvault-network-info: [addr=131.107.160.72;act_addr_fam=InterNetwork;]
      x-ms-keyvault-region: [westus]
      x-ms-keyvault-service-version: [1.1.0.876]
      x-powered-by: [ASP.NET]
    status: {code: 404, message: Not Found}
- request:
    body: null
    headers:
      Accept: [application/json]
      Accept-Encoding: ['gzip, deflate']
      Connection: [keep-alive]
      User-Agent: [azsdk-python-keyvault-keys/4.0.0b2 Python/3.6.6 (Windows-10-10.0.18362-SP0)]
    method: GET
    uri: https://vault105115999730c90fa1.vault.azure.net/deletedkeys/key0?api-version=7.0
  response:
    body: {string: '{"error":{"code":"KeyNotFound","message":"Deleted Key not found:
        key0"}}'}
    headers:
      cache-control: [no-cache]
      content-length: ['72']
      content-type: [application/json; charset=utf-8]
      date: ['Tue, 27 Aug 2019 22:06:21 GMT']
      expires: ['-1']
      pragma: [no-cache]
      server: [Microsoft-IIS/10.0]
      strict-transport-security: [max-age=31536000;includeSubDomains]
      x-aspnet-version: [4.0.30319]
      x-content-type-options: [nosniff]
      x-ms-keyvault-network-info: [addr=131.107.160.72;act_addr_fam=InterNetwork;]
      x-ms-keyvault-region: [westus]
      x-ms-keyvault-service-version: [1.1.0.876]
      x-powered-by: [ASP.NET]
    status: {code: 404, message: Not Found}
- request:
    body: null
    headers:
      Accept: [application/json]
      Accept-Encoding: ['gzip, deflate']
      Connection: [keep-alive]
      User-Agent: [azsdk-python-keyvault-keys/4.0.0b2 Python/3.6.6 (Windows-10-10.0.18362-SP0)]
    method: GET
    uri: https://vault105115999730c90fa1.vault.azure.net/deletedkeys/key0?api-version=7.0
  response:
    body: {string: '{"recoveryId":"https://vault105115999730c90fa1.vault.azure.net/deletedkeys/key0","deletedDate":1566943577,"scheduledPurgeDate":1574719577,"key":{"kid":"https://vault105115999730c90fa1.vault.azure.net/keys/key0/a091706724f24f338102067fbed50354","kty":"RSA","key_ops":["encrypt","decrypt","sign","verify","wrapKey","unwrapKey"],"n":"zDX_suPMvO-kZ5ErKzQXVkiLJBC1IMY0NNIkLgGcjjhUwGNWROD0jxVQMCpROha1MQZvDtBvimejYHRnfXXRsDcYKXG_x12mWdMbthciEoKQ8H_UJUKeTVXflPeEAVPKvz0CS_Zn9cqX6anJqNGiW1dgLCtowxjbERnwt6Sa64YARQ042KnhWyfZPFSH3R0GZCx6ZywFV9CD6AXt4Oiff3ul5XmLVchelQ1SsRe3WN-anJMEeorrirmnfxQwgVcn4ZiosFP6qLIS2nsZMBbF7NN8gh1kSW-6sCIkqFudiRAT1RGgHo_b3N4wTHQQz8qDtHqFnou0SgT9vl-5wAuiNw","e":"AQAB"},"attributes":{"enabled":true,"created":1566943576,"updated":1566943576,"recoveryLevel":"Recoverable+Purgeable"}}'}
    headers:
      cache-control: [no-cache]
      content-length: ['799']
      content-type: [application/json; charset=utf-8]
      date: ['Tue, 27 Aug 2019 22:06:24 GMT']
      expires: ['-1']
      pragma: [no-cache]
      server: [Microsoft-IIS/10.0]
      strict-transport-security: [max-age=31536000;includeSubDomains]
      x-aspnet-version: [4.0.30319]
      x-content-type-options: [nosniff]
      x-ms-keyvault-network-info: [addr=131.107.160.72;act_addr_fam=InterNetwork;]
      x-ms-keyvault-region: [westus]
      x-ms-keyvault-service-version: [1.1.0.876]
      x-powered-by: [ASP.NET]
    status: {code: 200, message: OK}
- request:
    body: null
    headers:
      Accept: [application/json]
      Accept-Encoding: ['gzip, deflate']
      Connection: [keep-alive]
      User-Agent: [azsdk-python-keyvault-keys/4.0.0b2 Python/3.6.6 (Windows-10-10.0.18362-SP0)]
    method: GET
    uri: https://vault105115999730c90fa1.vault.azure.net/deletedkeys/key1?api-version=7.0
  response:
    body: {string: '{"recoveryId":"https://vault105115999730c90fa1.vault.azure.net/deletedkeys/key1","deletedDate":1566943577,"scheduledPurgeDate":1574719577,"key":{"kid":"https://vault105115999730c90fa1.vault.azure.net/keys/key1/bdad9a3cd1574e8f97173b4b1ab9812e","kty":"RSA","key_ops":["encrypt","decrypt","sign","verify","wrapKey","unwrapKey"],"n":"5v8JX35c4u2wMhIgBfvJwjzPF_MKGMrlC7GFFEi_YFPg1fenq_b0OhNVfjZy-_QUZqbJWPAC8QqSqqq-3mg7t4gQVwYkpwh-kuLZA_dvIrnPBPGwDFCc6DLPbdAwN3PUSLVyJkwvWWC4JHeafoV2vkStZVKwSwl3WCh_6e8ThBH7WZD2GQTg6L6NSB5u7HzOw4SRb_fG5qldN9HMPX7IVNTicCUtr7D4Pd1q0ilC28Qz601LlzQj1POKSHSNN9fEsReT69vZG5NblBWoyF6vxXhUvYfwGKUbef0PPHYAkH4UUKgvNrWECuF1s2_FxVNM4_7g-PQFk6hbhIWPAq9AOw","e":"AQAB"},"attributes":{"enabled":true,"created":1566943576,"updated":1566943576,"recoveryLevel":"Recoverable+Purgeable"}}'}
    headers:
      cache-control: [no-cache]
      content-length: ['799']
      content-type: [application/json; charset=utf-8]
      date: ['Tue, 27 Aug 2019 22:06:24 GMT']
      expires: ['-1']
      pragma: [no-cache]
      server: [Microsoft-IIS/10.0]
      strict-transport-security: [max-age=31536000;includeSubDomains]
      x-aspnet-version: [4.0.30319]
      x-content-type-options: [nosniff]
      x-ms-keyvault-network-info: [addr=131.107.160.72;act_addr_fam=InterNetwork;]
      x-ms-keyvault-region: [westus]
      x-ms-keyvault-service-version: [1.1.0.876]
      x-powered-by: [ASP.NET]
    status: {code: 200, message: OK}
- request:
    body: null
    headers:
      Accept: [application/json]
      Accept-Encoding: ['gzip, deflate']
      Connection: [keep-alive]
      User-Agent: [azsdk-python-keyvault-keys/4.0.0b2 Python/3.6.6 (Windows-10-10.0.18362-SP0)]
    method: GET
    uri: https://vault105115999730c90fa1.vault.azure.net/deletedkeys/key2?api-version=7.0
  response:
    body: {string: '{"error":{"code":"KeyNotFound","message":"Deleted Key not found:
        key2"}}'}
    headers:
      cache-control: [no-cache]
      content-length: ['72']
      content-type: [application/json; charset=utf-8]
      date: ['Tue, 27 Aug 2019 22:06:24 GMT']
      expires: ['-1']
      pragma: [no-cache]
      server: [Microsoft-IIS/10.0]
      strict-transport-security: [max-age=31536000;includeSubDomains]
      x-aspnet-version: [4.0.30319]
      x-content-type-options: [nosniff]
      x-ms-keyvault-network-info: [addr=131.107.160.72;act_addr_fam=InterNetwork;]
      x-ms-keyvault-region: [westus]
      x-ms-keyvault-service-version: [1.1.0.876]
      x-powered-by: [ASP.NET]
    status: {code: 404, message: Not Found}
- request:
    body: null
    headers:
      Accept: [application/json]
      Accept-Encoding: ['gzip, deflate']
      Connection: [keep-alive]
      User-Agent: [azsdk-python-keyvault-keys/4.0.0b2 Python/3.6.6 (Windows-10-10.0.18362-SP0)]
    method: GET
    uri: https://vault105115999730c90fa1.vault.azure.net/deletedkeys/key2?api-version=7.0
  response:
    body: {string: '{"recoveryId":"https://vault105115999730c90fa1.vault.azure.net/deletedkeys/key2","deletedDate":1566943578,"scheduledPurgeDate":1574719578,"key":{"kid":"https://vault105115999730c90fa1.vault.azure.net/keys/key2/d5fa1514358046e29e58292b8b8ed442","kty":"RSA","key_ops":["encrypt","decrypt","sign","verify","wrapKey","unwrapKey"],"n":"mpKE2Bb8wkw6pR0C6oSharqbQ6XifcibF_nHj8bGh9R5hpl6nwJOLE4qBdDWJ3iXFU0i_eBeeUmA7dpNSFkotTk3EjN9C6N4qrJbv37_TF-5rOldcCV08vZWe3cPfSLIS6t7fddVrA4LZiuQMidn0qFbtq2eGAJUK4pCM8Zm2DaUC9dUHhYzeTkatbFKNejcPOb8tnl3mMAkyEhXWCfzoQqB63x7jY8stFDGsQXZ2HfkwRENnIY0RISkZ75KzXjSV2qg9RckgF1WH0TCteeYoIVRcRI8owChHwdtAd0z5-QJ35dyotwixlOKTmSwA1EOjnYiVxXC-ke7l1TNYpqjAQ","e":"AQAB"},"attributes":{"enabled":true,"created":1566943576,"updated":1566943576,"recoveryLevel":"Recoverable+Purgeable"}}'}
    headers:
      cache-control: [no-cache]
      content-length: ['799']
      content-type: [application/json; charset=utf-8]
      date: ['Tue, 27 Aug 2019 22:06:27 GMT']
      expires: ['-1']
      pragma: [no-cache]
      server: [Microsoft-IIS/10.0]
      strict-transport-security: [max-age=31536000;includeSubDomains]
      x-aspnet-version: [4.0.30319]
      x-content-type-options: [nosniff]
      x-ms-keyvault-network-info: [addr=131.107.160.72;act_addr_fam=InterNetwork;]
      x-ms-keyvault-region: [westus]
      x-ms-keyvault-service-version: [1.1.0.876]
      x-powered-by: [ASP.NET]
    status: {code: 200, message: OK}
- request:
    body: null
    headers:
      Accept: [application/json]
      Accept-Encoding: ['gzip, deflate']
      Connection: [keep-alive]
      User-Agent: [azsdk-python-keyvault-keys/4.0.0b2 Python/3.6.6 (Windows-10-10.0.18362-SP0)]
    method: GET
    uri: https://vault105115999730c90fa1.vault.azure.net/deletedkeys/key3?api-version=7.0
  response:
    body: {string: '{"recoveryId":"https://vault105115999730c90fa1.vault.azure.net/deletedkeys/key3","deletedDate":1566943578,"scheduledPurgeDate":1574719578,"key":{"kid":"https://vault105115999730c90fa1.vault.azure.net/keys/key3/7ecfab235f8845428c750954d0bdbade","kty":"RSA","key_ops":["encrypt","decrypt","sign","verify","wrapKey","unwrapKey"],"n":"0DXfS_Emo7wiFndTEY0zLgUPol8oWzoM3-USEYX8rlDQIsbWoEGSsbcp3EFSdOWvbmLSWbl5BljMYw7top_REouBuAfKbYAnDKPUv4bRamlbi_14gQX0-4Qr5F4xvBexAIKAHxYgL5VFR5MYRIlseOSOjwdGNjx5Trp4K7r7YjDadmBdva5tVGrD2JLOs3lrjhDLrpa_Qu2sZiwve0C-wFtN5m7FULnVgSQLqdMOC7Wq1EcQpisiTgMbEAVgLnznWxCoZ-W5HIzu_WRO-8lWI-K09hahtmmnlUsJay3uFdtqmhMJR6njaIKmoxBVC0dNRwmOe89CY5OxDRhQf-mxYQ","e":"AQAB"},"attributes":{"enabled":true,"created":1566943576,"updated":1566943576,"recoveryLevel":"Recoverable+Purgeable"}}'}
    headers:
      cache-control: [no-cache]
      content-length: ['799']
      content-type: [application/json; charset=utf-8]
      date: ['Tue, 27 Aug 2019 22:06:27 GMT']
      expires: ['-1']
      pragma: [no-cache]
      server: [Microsoft-IIS/10.0]
      strict-transport-security: [max-age=31536000;includeSubDomains]
      x-aspnet-version: [4.0.30319]
      x-content-type-options: [nosniff]
      x-ms-keyvault-network-info: [addr=131.107.160.72;act_addr_fam=InterNetwork;]
      x-ms-keyvault-region: [westus]
      x-ms-keyvault-service-version: [1.1.0.876]
      x-powered-by: [ASP.NET]
    status: {code: 200, message: OK}
- request:
    body: null
    headers:
      Accept: [application/json]
      Accept-Encoding: ['gzip, deflate']
      Connection: [keep-alive]
      User-Agent: [azsdk-python-keyvault-keys/4.0.0b2 Python/3.6.6 (Windows-10-10.0.18362-SP0)]
    method: GET
    uri: https://vault105115999730c90fa1.vault.azure.net/deletedkeys/key4?api-version=7.0
  response:
    body: {string: '{"recoveryId":"https://vault105115999730c90fa1.vault.azure.net/deletedkeys/key4","deletedDate":1566943578,"scheduledPurgeDate":1574719578,"key":{"kid":"https://vault105115999730c90fa1.vault.azure.net/keys/key4/d2bec07c55654f70bc5d54e6a6f917d7","kty":"RSA","key_ops":["encrypt","decrypt","sign","verify","wrapKey","unwrapKey"],"n":"ilfg8rAwmPHP8vnUf3CHO_CiB7ku_r0vB0KIpOXnH4sb09_IrjSiNHcezTEehb1PjLM7wVxqgSfH1LJg3OQZ3s9t4vs0Ra-_AxyLOMSp-DCpGkOGqkxFzkM25nGiKxnxjXtmcOddjfblCi8SHTmT68YkyLQ-Kk9TlK3krDyJsVMTWOKGIs0X7mCiiGbkVUSbJbKhMdfxGSUTNgb89TEINr9vdCt5MCFJu-dw2DFwVMlpsWgPWAFS5ERWKWWduXXN6SodfaOsYStwKWwvtKhGGo6DXzKo22_zvuFZ_H0OpfWQGxceOwYFRpCt0uwR249TMf2Xmp5vcXfhZfxb_LFH4Q","e":"AQAB"},"attributes":{"enabled":true,"created":1566943577,"updated":1566943577,"recoveryLevel":"Recoverable+Purgeable"}}'}
    headers:
      cache-control: [no-cache]
      content-length: ['799']
      content-type: [application/json; charset=utf-8]
      date: ['Tue, 27 Aug 2019 22:06:27 GMT']
      expires: ['-1']
      pragma: [no-cache]
      server: [Microsoft-IIS/10.0]
      strict-transport-security: [max-age=31536000;includeSubDomains]
      x-aspnet-version: [4.0.30319]
      x-content-type-options: [nosniff]
      x-ms-keyvault-network-info: [addr=131.107.160.72;act_addr_fam=InterNetwork;]
      x-ms-keyvault-region: [westus]
      x-ms-keyvault-service-version: [1.1.0.876]
      x-powered-by: [ASP.NET]
    status: {code: 200, message: OK}
- request:
    body: null
    headers:
      Accept: [application/json]
      Accept-Encoding: ['gzip, deflate']
      Connection: [keep-alive]
      User-Agent: [azsdk-python-keyvault-keys/4.0.0b2 Python/3.6.6 (Windows-10-10.0.18362-SP0)]
    method: GET
    uri: https://vault105115999730c90fa1.vault.azure.net/deletedkeys/key5?api-version=7.0
  response:
    body: {string: '{"recoveryId":"https://vault105115999730c90fa1.vault.azure.net/deletedkeys/key5","deletedDate":1566943578,"scheduledPurgeDate":1574719578,"key":{"kid":"https://vault105115999730c90fa1.vault.azure.net/keys/key5/3380cf89c49e45fb92e73f2abe0c0325","kty":"RSA","key_ops":["encrypt","decrypt","sign","verify","wrapKey","unwrapKey"],"n":"mXnb0hMe3KO4plbUIeZuaX0hOg8NHHj50bGhHCENeKhUVqpx2Kb2QP9l0V4TwsKXkCuZnMIvFhzFVcOVVNkTcJ6s0OFhFS4AKkV9KSxdimIH1RJ44y7nj-QWkHmzEpWRkZdEas7yALpSb8bQfP_3pvlp6hu0eogH-sYVO8Qh9RMe8fdhZN6C9cBNkWv2fIJg4Ld-zXevnZHbEVBwRGnm3h9TrUDxt9acEaGuQHsz6k3UkG8VpqjXhnioHxZC-cE0UF1rZx3FUKWzYgqOZ0fuVxQZxzCxiZGNCnGIvreJK6lV7fOFByvIF-AJY3ZKN9-5wjdeaPBWsFELk6Odf9nwQw","e":"AQAB"},"attributes":{"enabled":true,"created":1566943577,"updated":1566943577,"recoveryLevel":"Recoverable+Purgeable"}}'}
    headers:
      cache-control: [no-cache]
      content-length: ['799']
      content-type: [application/json; charset=utf-8]
      date: ['Tue, 27 Aug 2019 22:06:28 GMT']
      expires: ['-1']
      pragma: [no-cache]
      server: [Microsoft-IIS/10.0]
      strict-transport-security: [max-age=31536000;includeSubDomains]
      x-aspnet-version: [4.0.30319]
      x-content-type-options: [nosniff]
      x-ms-keyvault-network-info: [addr=131.107.160.72;act_addr_fam=InterNetwork;]
      x-ms-keyvault-region: [westus]
      x-ms-keyvault-service-version: [1.1.0.876]
      x-powered-by: [ASP.NET]
    status: {code: 200, message: OK}
- request:
    body: null
    headers:
      Accept: [application/json]
      Accept-Encoding: ['gzip, deflate']
      Connection: [keep-alive]
      User-Agent: [azsdk-python-keyvault-keys/4.0.0b2 Python/3.6.6 (Windows-10-10.0.18362-SP0)]
    method: GET
    uri: https://vault105115999730c90fa1.vault.azure.net/deletedkeys/key6?api-version=7.0
  response:
    body: {string: '{"error":{"code":"KeyNotFound","message":"Deleted Key not found:
        key6"}}'}
    headers:
      cache-control: [no-cache]
      content-length: ['72']
      content-type: [application/json; charset=utf-8]
      date: ['Tue, 27 Aug 2019 22:06:28 GMT']
      expires: ['-1']
      pragma: [no-cache]
      server: [Microsoft-IIS/10.0]
      strict-transport-security: [max-age=31536000;includeSubDomains]
      x-aspnet-version: [4.0.30319]
      x-content-type-options: [nosniff]
      x-ms-keyvault-network-info: [addr=131.107.160.72;act_addr_fam=InterNetwork;]
      x-ms-keyvault-region: [westus]
      x-ms-keyvault-service-version: [1.1.0.876]
      x-powered-by: [ASP.NET]
    status: {code: 404, message: Not Found}
- request:
    body: null
    headers:
      Accept: [application/json]
      Accept-Encoding: ['gzip, deflate']
      Connection: [keep-alive]
      User-Agent: [azsdk-python-keyvault-keys/4.0.0b2 Python/3.6.6 (Windows-10-10.0.18362-SP0)]
    method: GET
    uri: https://vault105115999730c90fa1.vault.azure.net/deletedkeys/key6?api-version=7.0
  response:
    body: {string: '{"error":{"code":"KeyNotFound","message":"Deleted Key not found:
        key6"}}'}
    headers:
      cache-control: [no-cache]
      content-length: ['72']
      content-type: [application/json; charset=utf-8]
      date: ['Tue, 27 Aug 2019 22:06:31 GMT']
      expires: ['-1']
      pragma: [no-cache]
      server: [Microsoft-IIS/10.0]
      strict-transport-security: [max-age=31536000;includeSubDomains]
      x-aspnet-version: [4.0.30319]
      x-content-type-options: [nosniff]
      x-ms-keyvault-network-info: [addr=131.107.160.72;act_addr_fam=InterNetwork;]
      x-ms-keyvault-region: [westus]
      x-ms-keyvault-service-version: [1.1.0.876]
      x-powered-by: [ASP.NET]
    status: {code: 404, message: Not Found}
- request:
    body: null
    headers:
      Accept: [application/json]
      Accept-Encoding: ['gzip, deflate']
      Connection: [keep-alive]
      User-Agent: [azsdk-python-keyvault-keys/4.0.0b2 Python/3.6.6 (Windows-10-10.0.18362-SP0)]
    method: GET
    uri: https://vault105115999730c90fa1.vault.azure.net/deletedkeys/key6?api-version=7.0
  response:
    body: {string: '{"error":{"code":"KeyNotFound","message":"Deleted Key not found:
        key6"}}'}
    headers:
      cache-control: [no-cache]
      content-length: ['72']
      content-type: [application/json; charset=utf-8]
      date: ['Tue, 27 Aug 2019 22:06:34 GMT']
      expires: ['-1']
      pragma: [no-cache]
      server: [Microsoft-IIS/10.0]
      strict-transport-security: [max-age=31536000;includeSubDomains]
      x-aspnet-version: [4.0.30319]
      x-content-type-options: [nosniff]
      x-ms-keyvault-network-info: [addr=131.107.160.72;act_addr_fam=InterNetwork;]
      x-ms-keyvault-region: [westus]
      x-ms-keyvault-service-version: [1.1.0.876]
      x-powered-by: [ASP.NET]
    status: {code: 404, message: Not Found}
- request:
    body: null
    headers:
      Accept: [application/json]
      Accept-Encoding: ['gzip, deflate']
      Connection: [keep-alive]
      User-Agent: [azsdk-python-keyvault-keys/4.0.0b2 Python/3.6.6 (Windows-10-10.0.18362-SP0)]
    method: GET
    uri: https://vault105115999730c90fa1.vault.azure.net/deletedkeys/key6?api-version=7.0
  response:
    body: {string: '{"error":{"code":"KeyNotFound","message":"Deleted Key not found:
        key6"}}'}
    headers:
      cache-control: [no-cache]
      content-length: ['72']
      content-type: [application/json; charset=utf-8]
      date: ['Tue, 27 Aug 2019 22:06:37 GMT']
      expires: ['-1']
      pragma: [no-cache]
      server: [Microsoft-IIS/10.0]
      strict-transport-security: [max-age=31536000;includeSubDomains]
      x-aspnet-version: [4.0.30319]
      x-content-type-options: [nosniff]
      x-ms-keyvault-network-info: [addr=131.107.160.72;act_addr_fam=InterNetwork;]
      x-ms-keyvault-region: [westus]
      x-ms-keyvault-service-version: [1.1.0.876]
      x-powered-by: [ASP.NET]
    status: {code: 404, message: Not Found}
- request:
    body: null
    headers:
      Accept: [application/json]
      Accept-Encoding: ['gzip, deflate']
      Connection: [keep-alive]
      User-Agent: [azsdk-python-keyvault-keys/4.0.0b2 Python/3.6.6 (Windows-10-10.0.18362-SP0)]
    method: GET
    uri: https://vault105115999730c90fa1.vault.azure.net/deletedkeys/key6?api-version=7.0
  response:
    body: {string: '{"error":{"code":"KeyNotFound","message":"Deleted Key not found:
        key6"}}'}
    headers:
      cache-control: [no-cache]
      content-length: ['72']
      content-type: [application/json; charset=utf-8]
      date: ['Tue, 27 Aug 2019 22:06:40 GMT']
      expires: ['-1']
      pragma: [no-cache]
      server: [Microsoft-IIS/10.0]
      strict-transport-security: [max-age=31536000;includeSubDomains]
      x-aspnet-version: [4.0.30319]
      x-content-type-options: [nosniff]
      x-ms-keyvault-network-info: [addr=131.107.160.72;act_addr_fam=InterNetwork;]
      x-ms-keyvault-region: [westus]
      x-ms-keyvault-service-version: [1.1.0.876]
      x-powered-by: [ASP.NET]
    status: {code: 404, message: Not Found}
- request:
    body: null
    headers:
      Accept: [application/json]
      Accept-Encoding: ['gzip, deflate']
      Connection: [keep-alive]
      User-Agent: [azsdk-python-keyvault-keys/4.0.0b2 Python/3.6.6 (Windows-10-10.0.18362-SP0)]
    method: GET
    uri: https://vault105115999730c90fa1.vault.azure.net/deletedkeys/key6?api-version=7.0
  response:
    body: {string: '{"recoveryId":"https://vault105115999730c90fa1.vault.azure.net/deletedkeys/key6","deletedDate":1566943578,"scheduledPurgeDate":1574719578,"key":{"kid":"https://vault105115999730c90fa1.vault.azure.net/keys/key6/a2257a7244a4450fbe8f19482913d1dd","kty":"RSA","key_ops":["encrypt","decrypt","sign","verify","wrapKey","unwrapKey"],"n":"wK3fEIxPTD3wIjke8Y-hYC8r2s_3I4Y4cKAga4l4YIPmnQ8eE-MpwT-Q5vAvmpojSy0JTDB_f7i_m6RIau-EomZSGhssXbf9edd3IPRT9BsgEd2jwk9aj-dTJJrByGSV7zK96mm6f231YCYv4FRASQMRAcxhOvHaQrqCdHXTjAPRflFYEH89YvMNewe30oCGY-yGZbzuD4t2ZjXSRGufsx6RvqddahbSBDtTG48TvlgEuQGXlzyDZuI9x112FKUCdQH2tIB5YIbVynnh6CWy07NOqrThmCY6QhUO8NxSci30mYTqcorgc-pkPx-MsD2U8qf0tNmELe5jdX1s_YTTlQ","e":"AQAB"},"attributes":{"enabled":true,"created":1566943577,"updated":1566943577,"recoveryLevel":"Recoverable+Purgeable"}}'}
    headers:
      cache-control: [no-cache]
      content-length: ['799']
      content-type: [application/json; charset=utf-8]
      date: ['Tue, 27 Aug 2019 22:06:42 GMT']
      expires: ['-1']
      pragma: [no-cache]
      server: [Microsoft-IIS/10.0]
      strict-transport-security: [max-age=31536000;includeSubDomains]
      x-aspnet-version: [4.0.30319]
      x-content-type-options: [nosniff]
      x-ms-keyvault-network-info: [addr=131.107.160.72;act_addr_fam=InterNetwork;]
      x-ms-keyvault-region: [westus]
      x-ms-keyvault-service-version: [1.1.0.876]
      x-powered-by: [ASP.NET]
    status: {code: 200, message: OK}
- request:
    body: null
    headers:
      Accept: [application/json]
      Accept-Encoding: ['gzip, deflate']
      Connection: [keep-alive]
      User-Agent: [azsdk-python-keyvault-keys/4.0.0b2 Python/3.6.6 (Windows-10-10.0.18362-SP0)]
    method: GET
    uri: https://vault105115999730c90fa1.vault.azure.net/deletedkeys?api-version=7.0
  response:
    body: {string: '{"value":[{"recoveryId":"https://vault105115999730c90fa1.vault.azure.net/deletedkeys/key0","deletedDate":1566943577,"scheduledPurgeDate":1574719577,"kid":"https://vault105115999730c90fa1.vault.azure.net/keys/key0","attributes":{"enabled":true,"created":1566943576,"updated":1566943576,"recoveryLevel":"Recoverable+Purgeable"}},{"recoveryId":"https://vault105115999730c90fa1.vault.azure.net/deletedkeys/key1","deletedDate":1566943577,"scheduledPurgeDate":1574719577,"kid":"https://vault105115999730c90fa1.vault.azure.net/keys/key1","attributes":{"enabled":true,"created":1566943576,"updated":1566943576,"recoveryLevel":"Recoverable+Purgeable"}},{"recoveryId":"https://vault105115999730c90fa1.vault.azure.net/deletedkeys/key2","deletedDate":1566943578,"scheduledPurgeDate":1574719578,"kid":"https://vault105115999730c90fa1.vault.azure.net/keys/key2","attributes":{"enabled":true,"created":1566943576,"updated":1566943576,"recoveryLevel":"Recoverable+Purgeable"}},{"recoveryId":"https://vault105115999730c90fa1.vault.azure.net/deletedkeys/key3","deletedDate":1566943578,"scheduledPurgeDate":1574719578,"kid":"https://vault105115999730c90fa1.vault.azure.net/keys/key3","attributes":{"enabled":true,"created":1566943576,"updated":1566943576,"recoveryLevel":"Recoverable+Purgeable"}},{"recoveryId":"https://vault105115999730c90fa1.vault.azure.net/deletedkeys/key4","deletedDate":1566943578,"scheduledPurgeDate":1574719578,"kid":"https://vault105115999730c90fa1.vault.azure.net/keys/key4","attributes":{"enabled":true,"created":1566943577,"updated":1566943577,"recoveryLevel":"Recoverable+Purgeable"}},{"recoveryId":"https://vault105115999730c90fa1.vault.azure.net/deletedkeys/key5","deletedDate":1566943578,"scheduledPurgeDate":1574719578,"kid":"https://vault105115999730c90fa1.vault.azure.net/keys/key5","attributes":{"enabled":true,"created":1566943577,"updated":1566943577,"recoveryLevel":"Recoverable+Purgeable"}},{"recoveryId":"https://vault105115999730c90fa1.vault.azure.net/deletedkeys/key6","deletedDate":1566943578,"scheduledPurgeDate":1574719578,"kid":"https://vault105115999730c90fa1.vault.azure.net/keys/key6","attributes":{"enabled":true,"created":1566943577,"updated":1566943577,"recoveryLevel":"Recoverable+Purgeable"}}],"nextLink":null}'}
    headers:
      cache-control: [no-cache]
      content-length: ['2246']
      content-type: [application/json; charset=utf-8]
      date: ['Tue, 27 Aug 2019 22:06:44 GMT']
      expires: ['-1']
      pragma: [no-cache]
      server: [Microsoft-IIS/10.0]
      strict-transport-security: [max-age=31536000;includeSubDomains]
      x-aspnet-version: [4.0.30319]
      x-content-type-options: [nosniff]
      x-ms-keyvault-network-info: [addr=131.107.160.72;act_addr_fam=InterNetwork;]
      x-ms-keyvault-region: [westus]
      x-ms-keyvault-service-version: [1.1.0.876]
      x-powered-by: [ASP.NET]
    status: {code: 200, message: OK}
- request:
    body: null
    headers:
      Accept: [application/json]
      Accept-Encoding: ['gzip, deflate']
      Connection: [keep-alive]
      User-Agent: [azsdk-python-keyvault-keys/4.0.0b2 Python/3.6.6 (Windows-10-10.0.18362-SP0)]
    method: GET
    uri: https://vault105115999730c90fa1.vault.azure.net/deletedkeys?api-version=7.0
  response:
    body: {string: '{"value":[{"recoveryId":"https://vault105115999730c90fa1.vault.azure.net/deletedkeys/key0","deletedDate":1566943577,"scheduledPurgeDate":1574719577,"kid":"https://vault105115999730c90fa1.vault.azure.net/keys/key0","attributes":{"enabled":true,"created":1566943576,"updated":1566943576,"recoveryLevel":"Recoverable+Purgeable"}},{"recoveryId":"https://vault105115999730c90fa1.vault.azure.net/deletedkeys/key1","deletedDate":1566943577,"scheduledPurgeDate":1574719577,"kid":"https://vault105115999730c90fa1.vault.azure.net/keys/key1","attributes":{"enabled":true,"created":1566943576,"updated":1566943576,"recoveryLevel":"Recoverable+Purgeable"}},{"recoveryId":"https://vault105115999730c90fa1.vault.azure.net/deletedkeys/key2","deletedDate":1566943578,"scheduledPurgeDate":1574719578,"kid":"https://vault105115999730c90fa1.vault.azure.net/keys/key2","attributes":{"enabled":true,"created":1566943576,"updated":1566943576,"recoveryLevel":"Recoverable+Purgeable"}},{"recoveryId":"https://vault105115999730c90fa1.vault.azure.net/deletedkeys/key3","deletedDate":1566943578,"scheduledPurgeDate":1574719578,"kid":"https://vault105115999730c90fa1.vault.azure.net/keys/key3","attributes":{"enabled":true,"created":1566943576,"updated":1566943576,"recoveryLevel":"Recoverable+Purgeable"}},{"recoveryId":"https://vault105115999730c90fa1.vault.azure.net/deletedkeys/key4","deletedDate":1566943578,"scheduledPurgeDate":1574719578,"kid":"https://vault105115999730c90fa1.vault.azure.net/keys/key4","attributes":{"enabled":true,"created":1566943577,"updated":1566943577,"recoveryLevel":"Recoverable+Purgeable"}},{"recoveryId":"https://vault105115999730c90fa1.vault.azure.net/deletedkeys/key5","deletedDate":1566943578,"scheduledPurgeDate":1574719578,"kid":"https://vault105115999730c90fa1.vault.azure.net/keys/key5","attributes":{"enabled":true,"created":1566943577,"updated":1566943577,"recoveryLevel":"Recoverable+Purgeable"}},{"recoveryId":"https://vault105115999730c90fa1.vault.azure.net/deletedkeys/key6","deletedDate":1566943578,"scheduledPurgeDate":1574719578,"kid":"https://vault105115999730c90fa1.vault.azure.net/keys/key6","attributes":{"enabled":true,"created":1566943577,"updated":1566943577,"recoveryLevel":"Recoverable+Purgeable"}}],"nextLink":null}'}
    headers:
      cache-control: [no-cache]
      content-length: ['2246']
      content-type: [application/json; charset=utf-8]
      date: ['Tue, 27 Aug 2019 22:06:44 GMT']
      expires: ['-1']
      pragma: [no-cache]
      server: [Microsoft-IIS/10.0]
      strict-transport-security: [max-age=31536000;includeSubDomains]
      x-aspnet-version: [4.0.30319]
      x-content-type-options: [nosniff]
      x-ms-keyvault-network-info: [addr=131.107.160.72;act_addr_fam=InterNetwork;]
      x-ms-keyvault-region: [westus]
      x-ms-keyvault-service-version: [1.1.0.876]
      x-powered-by: [ASP.NET]
    status: {code: 200, message: OK}
version: 1
