interactions:
- request:
    body: null
    headers:
      Accept:
      - application/json
      Content-Length:
      - '0'
      Content-Type:
      - application/json; charset=utf-8
      User-Agent:
      - azsdk-python-keyvault-keys/4.0.0b5 Python/3.6.6 (Windows-10-10.0.18362-SP0)
    method: POST
    uri: https://vault458ad70cc7569a108d.vault.azure.net/keys/wrap-local/create?api-version=7.0
  response:
    body:
      string: '{"error":{"code":"Unauthorized","message":"Request is missing a Bearer
        or PoP token."}}'
    headers:
      cache-control: no-cache
      content-length: '87'
      content-type: application/json; charset=utf-8
      date: Wed, 16 Oct 2019 20:42:32 GMT
      expires: '-1'
      pragma: no-cache
      server: Microsoft-IIS/10.0
      strict-transport-security: max-age=31536000;includeSubDomains
      www-authenticate: Bearer authorization="https://login.windows.net/72f988bf-86f1-41af-91ab-2d7cd011db47",
        resource="https://vault.azure.net"
      x-aspnet-version: 4.0.30319
      x-content-type-options: nosniff
      x-ms-keyvault-network-info: addr=131.107.160.72;act_addr_fam=InterNetwork;
      x-ms-keyvault-region: westus
      x-ms-keyvault-service-version: 1.1.0.879
      x-powered-by: ASP.NET
    status:
      code: 401
      message: Unauthorized
    url: !!python/object/new:yarl.URL
      state: !!python/tuple
      - !!python/object/new:urllib.parse.SplitResult
        - https
        - vault458ad70cc7569a108d.vault.azure.net
        - /keys/wrap-local/create
        - api-version=7.0
        - ''
- request:
    body: '{"kty": "RSA", "key_size": 4096}'
    headers:
      Accept:
      - application/json
      Content-Length:
      - '32'
      Content-Type:
      - application/json; charset=utf-8
      User-Agent:
      - azsdk-python-keyvault-keys/4.0.0b5 Python/3.6.6 (Windows-10-10.0.18362-SP0)
    method: POST
    uri: https://vault458ad70cc7569a108d.vault.azure.net/keys/wrap-local/create?api-version=7.0
  response:
    body:
      string: '{"key":{"kid":"https://vault458ad70cc7569a108d.vault.azure.net/keys/wrap-local/0d61800bb3c247439614a94c1fd61f42","kty":"RSA","key_ops":["encrypt","decrypt","sign","verify","wrapKey","unwrapKey"],"n":"nq87j7kmxACCQ63Ot5FKj44T5X-wjgT7PnxB2q4W8Dt95qzernOGEZ-GVnqSQ3CbKFkF3I1dQnLgdiW5LTJ1sGo_CIqn1e0u7zWHH3P2JWiusCkEy2l5qTrRk58Is5f72bksPB111Jp5zAEVJ6uLRGnV4krUSzjjfPQrGEweir092v5ev_wiW7lw_3k3iLoC7tzjPmz17Ewo1rnmIqseGdqRdcF03VHDlAZqE3sF76X4AAp-_-pNNiAF7bOA7rw79SBb-cLtr7M8AaPn8aaVP4oWc4DoBopRk7nKRsw1lXaklyxy95ddF7qBbNCGfMSsg6Be6d7cptKAvtRcDDZve8eGdv0Se0oAUEwfKXvG2ttry5IGi1KUZ5205sPkRRIIjUFpQe8szLcWoZgmVS0uxK9dB2Oa-GTcWOhHajMNxfFYG5u03WZHTaOeqr6kUhwhDbLP0ZQzQaZd6nhsCBOldscN0yVbn5IccIq1zllFgEc0og4fpg7cSJ5oV6-jGho0HHahFsTqVINBaliOHDTbaGF4P55T0oyxnr8GQe-VTNVJ2q5mtuKW9-82heqMSbnkTtkBzoOYUxPqjZ2aL11sJ4iQbW_vAodlfDcD3XolHd-5JLmpcMAWbZNnlyWIVKCPerKU8K7cKtKfvxbDtuM9AoFFMO3fEcNCHKkGt20XQJk","e":"AQAB"},"attributes":{"enabled":true,"created":1571258557,"updated":1571258557,"recoveryLevel":"Purgeable"}}'
    headers:
      cache-control: no-cache
      content-length: '997'
      content-type: application/json; charset=utf-8
      date: Wed, 16 Oct 2019 20:42:36 GMT
      expires: '-1'
      pragma: no-cache
      server: Microsoft-IIS/10.0
      strict-transport-security: max-age=31536000;includeSubDomains
      x-aspnet-version: 4.0.30319
      x-content-type-options: nosniff
      x-ms-keyvault-network-info: addr=131.107.160.72;act_addr_fam=InterNetwork;
      x-ms-keyvault-region: westus
      x-ms-keyvault-service-version: 1.1.0.879
      x-powered-by: ASP.NET
    status:
      code: 200
      message: OK
    url: !!python/object/new:yarl.URL
      state: !!python/tuple
      - !!python/object/new:urllib.parse.SplitResult
        - https
        - vault458ad70cc7569a108d.vault.azure.net
        - /keys/wrap-local/create
        - api-version=7.0
        - ''
- request:
    body: '{"alg": "RSA-OAEP", "value": "VpcVxto94OdsEHfQQoNLjlM8HvPFc803V_yeR5w2d-m82DNGh6gfx-dqZWf9H1pyC2iaLOEYcJ5HW1ZHJWsNL0TbUJGtI9jeUvW7qmixyBWgyCRsKaHsZGUYW0SJBC-pL3bUg4q7lVqWEO0jFMy-RHbQ2MOSJLtPUcWF2yUMetsld71iZ1SYZaHuwePbZe04nvzneuMkFGqSnlOI5UmEEAJWBK5dnE3qcW61xxpwvK4FEQ_USMzw_RZwmPk84PofdrIxIIbxBN7I_Z4b69mIlZj5bqROxiOtR54hm0VZK9sWRi6dMuqWThHY4RWjxkFrWtz1NdQOLQeSHXSJaiiVMzLbFt47T6XKdZJkxkbaSwyjTNp2aOkqfUeY7UGKx9Inx6gJnUXno94qperT6n51obT_UXz8fYEC-ao6XZIW6Irzdv2NTUQSKTwtrXlIe6-0L2rS--rXoTtbppcRkX1eV4DEOIoFmFT4NpIlyTw3GBApJskoBv-mWPLL-GJjymkRVNNIslKbfL1T2gLLCQe1ux2wGkHYz_qs5DyJ5yGmV2KivVgfaIul8G7w71TFwZK1Nwkjm88ECIIRPkwPm8X75WogGjSbw-_w45PhzYCnHWWkX23wcFBeseKZqwyTVsHMEPJbhIhQXOIoEAwK9XGHyDKkiGfawtmEIOW6s-pTynY"}'
    headers:
      Accept:
      - application/json
      Content-Length:
      - '715'
      Content-Type:
      - application/json; charset=utf-8
      User-Agent:
      - azsdk-python-keyvault-keys/4.0.0b5 Python/3.6.6 (Windows-10-10.0.18362-SP0)
    method: POST
    uri: https://vault458ad70cc7569a108d.vault.azure.net/keys/wrap-local/0d61800bb3c247439614a94c1fd61f42/unwrapkey?api-version=7.0
  response:
    body:
      string: '{"kid":"https://vault458ad70cc7569a108d.vault.azure.net/keys/wrap-local/0d61800bb3c247439614a94c1fd61f42","value":"NTA2M2U2YWFhODQ1ZjE1MDIwMDU0Nzk0NGZkMTk5Njc5Yzk4ZWQ2Zjk5ZGEwYTBiMmRhZmVhZjFmNDY4NDQ5NmZkNTMyYzFjMjI5OTY4Y2I5ZGVlNDQ5NTdmY2VmN2NjZWY1OWNlZGEwYjM2MmU1NmJjZDc4ZmQzZmFlZTU3ODFjNjIzYzBiYjIyYjM1YmVhYmRlMDY2NGZkMzBlMGU4MjRhYmEzZGQxYjBhZmZmYzRhM2Q5NTVlZGUyMGNmNmE4NTRkNTJjZmQ"}'
    headers:
      cache-control: no-cache
      content-length: '384'
      content-type: application/json; charset=utf-8
      date: Wed, 16 Oct 2019 20:42:37 GMT
      expires: '-1'
      pragma: no-cache
      server: Microsoft-IIS/10.0
      strict-transport-security: max-age=31536000;includeSubDomains
      x-aspnet-version: 4.0.30319
      x-content-type-options: nosniff
      x-ms-keyvault-network-info: addr=131.107.160.72;act_addr_fam=InterNetwork;
      x-ms-keyvault-region: westus
      x-ms-keyvault-service-version: 1.1.0.879
      x-powered-by: ASP.NET
    status:
      code: 200
      message: OK
    url: !!python/object/new:yarl.URL
      state: !!python/tuple
      - !!python/object/new:urllib.parse.SplitResult
        - https
        - vault458ad70cc7569a108d.vault.azure.net
        - /keys/wrap-local/0d61800bb3c247439614a94c1fd61f42/unwrapkey
        - api-version=7.0
        - ''
- request:
    body: '{"alg": "RSA-OAEP-256", "value": "QQcAmzR2CXTkEJ-UMQmV80Ry4nCwfSetPHF9QZshf2RLU-wHCnRAv6n3qnlK0kQAlI31wEqDdxujwXJd2iflm_mBFN_BBQdKkALEgPgYTV6KsB7Ufp-npY2A80N9NP668UkqFabHUUuqTDrNI8FkBrI9TqsBgdNrGqKU3Ez-AacOtW5N5qBkcvo51PRB1Z0W3Xmh0f4FArsTmeEBL4Y3eYPpK2WxPEm0I3NifDpyumEpIdxmRtHwHVZnZ8jak7us9NABG1uiFpsZiOzMyF9hZoJlZTKJXEGgwEQHVKzAD4HReoJYu7PRipYffV6FwTAh4KdR8nZ9WgfgvsuYYjla9yGTkjFI0YcSx_vI0-oXt32S2jJX71LlRSM4nvF-I13iVO-AwvOoSLvBEhOK1MyZkuGR7FZi4hOWKtP--17rxOHXvcMxR3he1vfi-AraGH55wx3x1BG4AXm021X9U_knR1sR8uGc0BkLIg5OgKUtaTCl1rpVdHoYOvAR_1uU0jMbeBMLmtMPUt5eeFLn4U_8F9qAGMVLls-FmZ68wAN28_CeLEzpxkEW5Q_yjogiMc_EoV_cEzmvlbIAChN5w1txmqor9-3T-jhb-icYGnv6S4_STwa0RDH5i4vFXtRSDw4nGf7eR54Pau-L3WZvftuTHMJrQo40UBOkA60oNSreJ9k"}'
    headers:
      Accept:
      - application/json
      Content-Length:
      - '719'
      Content-Type:
      - application/json; charset=utf-8
      User-Agent:
      - azsdk-python-keyvault-keys/4.0.0b5 Python/3.6.6 (Windows-10-10.0.18362-SP0)
    method: POST
    uri: https://vault458ad70cc7569a108d.vault.azure.net/keys/wrap-local/0d61800bb3c247439614a94c1fd61f42/unwrapkey?api-version=7.0
  response:
    body:
      string: '{"kid":"https://vault458ad70cc7569a108d.vault.azure.net/keys/wrap-local/0d61800bb3c247439614a94c1fd61f42","value":"NTA2M2U2YWFhODQ1ZjE1MDIwMDU0Nzk0NGZkMTk5Njc5Yzk4ZWQ2Zjk5ZGEwYTBiMmRhZmVhZjFmNDY4NDQ5NmZkNTMyYzFjMjI5OTY4Y2I5ZGVlNDQ5NTdmY2VmN2NjZWY1OWNlZGEwYjM2MmU1NmJjZDc4ZmQzZmFlZTU3ODFjNjIzYzBiYjIyYjM1YmVhYmRlMDY2NGZkMzBlMGU4MjRhYmEzZGQxYjBhZmZmYzRhM2Q5NTVlZGUyMGNmNmE4NTRkNTJjZmQ"}'
    headers:
      cache-control: no-cache
      content-length: '384'
      content-type: application/json; charset=utf-8
      date: Wed, 16 Oct 2019 20:42:37 GMT
      expires: '-1'
      pragma: no-cache
      server: Microsoft-IIS/10.0
      strict-transport-security: max-age=31536000;includeSubDomains
      x-aspnet-version: 4.0.30319
      x-content-type-options: nosniff
      x-ms-keyvault-network-info: addr=131.107.160.72;act_addr_fam=InterNetwork;
      x-ms-keyvault-region: westus
      x-ms-keyvault-service-version: 1.1.0.879
      x-powered-by: ASP.NET
    status:
      code: 200
      message: OK
    url: !!python/object/new:yarl.URL
      state: !!python/tuple
      - !!python/object/new:urllib.parse.SplitResult
        - https
        - vault458ad70cc7569a108d.vault.azure.net
        - /keys/wrap-local/0d61800bb3c247439614a94c1fd61f42/unwrapkey
        - api-version=7.0
        - ''
- request:
    body: '{"alg": "RSA1_5", "value": "gyjWy5lOaWtXUzWgnWO35_ZmZQNY1e4ylHBLOWGZdc65Biw_k8XQWKplVdqtWgHnJFvhrtmjBEXqW5PFIVNhr1zmlemTIv5uMmxuVAwbDG0w66yhdKvAhmp-rCg__jsdZoZadj63Kf-mRtEt0UsxaUpRC_PbseZoKNb-_ZQpqCF1a_y8KNapiWhrKf7OoxuWaoaKSNcda30_SZ9kjccfhRkm2l4VcJePZ811izIpChTBi5he_9cMp6wLSFMLxVXR0C23oEsNgBUmDUZ_bdd9QrZQA3C8yS7x7FhjdJBoqM-3vsAOEAx7enDlYFDTtKaJjriYTMPeL_oumlJ3ZNmqP9cffSvYkMP87Yfb3eCZod357n24G6zZnZjyaO3IPDnxXnioswNtAQRvbvnz4Qw6y9DpkLKt_U0xoTWInEoNiFi5KrdICgpU2cVotL0ewJKMNiHC9YITMhordxtt1BblyIASoJW2evGlW93OuyaLIzPvVcQoV-XIYNlsbdY9PvfjSbCv_26QtO66HCXbvbKmd_rT7zwuuFlfx9eO_uynDjs0-AOyLIwMP1U8mQ9YSx7ELNMIacU0DG6zfASAx8qdSfHBax8_mhMODDYViXKLq5q0b8swi09K4ewlPqm8qHB9Ub_zNkCBQkcHq97kj0OJ7i9vAo_jjnQa64Qynbv52Ys"}'
    headers:
      Accept:
      - application/json
      Content-Length:
      - '713'
      Content-Type:
      - application/json; charset=utf-8
      User-Agent:
      - azsdk-python-keyvault-keys/4.0.0b5 Python/3.6.6 (Windows-10-10.0.18362-SP0)
    method: POST
    uri: https://vault458ad70cc7569a108d.vault.azure.net/keys/wrap-local/0d61800bb3c247439614a94c1fd61f42/unwrapkey?api-version=7.0
  response:
    body:
      string: '{"kid":"https://vault458ad70cc7569a108d.vault.azure.net/keys/wrap-local/0d61800bb3c247439614a94c1fd61f42","value":"NTA2M2U2YWFhODQ1ZjE1MDIwMDU0Nzk0NGZkMTk5Njc5Yzk4ZWQ2Zjk5ZGEwYTBiMmRhZmVhZjFmNDY4NDQ5NmZkNTMyYzFjMjI5OTY4Y2I5ZGVlNDQ5NTdmY2VmN2NjZWY1OWNlZGEwYjM2MmU1NmJjZDc4ZmQzZmFlZTU3ODFjNjIzYzBiYjIyYjM1YmVhYmRlMDY2NGZkMzBlMGU4MjRhYmEzZGQxYjBhZmZmYzRhM2Q5NTVlZGUyMGNmNmE4NTRkNTJjZmQ"}'
    headers:
      cache-control: no-cache
      content-length: '384'
      content-type: application/json; charset=utf-8
      date: Wed, 16 Oct 2019 20:42:37 GMT
      expires: '-1'
      pragma: no-cache
      server: Microsoft-IIS/10.0
      strict-transport-security: max-age=31536000;includeSubDomains
      x-aspnet-version: 4.0.30319
      x-content-type-options: nosniff
      x-ms-keyvault-network-info: addr=131.107.160.72;act_addr_fam=InterNetwork;
      x-ms-keyvault-region: westus
      x-ms-keyvault-service-version: 1.1.0.879
      x-powered-by: ASP.NET
    status:
      code: 200
      message: OK
    url: !!python/object/new:yarl.URL
      state: !!python/tuple
      - !!python/object/new:urllib.parse.SplitResult
        - https
        - vault458ad70cc7569a108d.vault.azure.net
        - /keys/wrap-local/0d61800bb3c247439614a94c1fd61f42/unwrapkey
        - api-version=7.0
        - ''
version: 1
