interactions:
- request:
    body: null
    headers:
      Accept:
      - application/json
      Accept-Encoding:
      - gzip, deflate
      Connection:
      - keep-alive
      Content-Length:
      - '0'
      Content-Type:
      - application/json; charset=utf-8
      User-Agent:
      - azsdk-python-keyvault-keys/4.0.0b5 Python/3.6.6 (Windows-10-10.0.18362-SP0)
    method: POST
    uri: https://vault458ad70cc7889211d9.vault.azure.net/keys/key-name/create?api-version=7.0
  response:
    body:
      string: '{"error":{"code":"Unauthorized","message":"Request is missing a Bearer
        or PoP token."}}'
    headers:
      cache-control:
      - no-cache
      content-length:
      - '87'
      content-type:
      - application/json; charset=utf-8
      date:
      - Tue, 22 Oct 2019 00:32:55 GMT
      expires:
      - '-1'
      pragma:
      - no-cache
      server:
      - Microsoft-IIS/10.0
      strict-transport-security:
      - max-age=31536000;includeSubDomains
      www-authenticate:
      - Bearer authorization="https://login.windows.net/72f988bf-86f1-41af-91ab-2d7cd011db47",
        resource="https://vault.azure.net"
      x-aspnet-version:
      - 4.0.30319
      x-content-type-options:
      - nosniff
      x-ms-keyvault-network-info:
      - addr=131.107.160.72;act_addr_fam=InterNetwork;
      x-ms-keyvault-region:
      - westus
      x-ms-keyvault-service-version:
      - 1.1.0.879
      x-powered-by:
      - ASP.NET
    status:
      code: 401
      message: Unauthorized
- request:
    body: '{"kty": "RSA"}'
    headers:
      Accept:
      - application/json
      Accept-Encoding:
      - gzip, deflate
      Connection:
      - keep-alive
      Content-Length:
      - '14'
      Content-Type:
      - application/json; charset=utf-8
      User-Agent:
      - azsdk-python-keyvault-keys/4.0.0b5 Python/3.6.6 (Windows-10-10.0.18362-SP0)
    method: POST
    uri: https://vault458ad70cc7889211d9.vault.azure.net/keys/key-name/create?api-version=7.0
  response:
    body:
      string: '{"key":{"kid":"https://vault458ad70cc7889211d9.vault.azure.net/keys/key-name/e42742a4401a4e49a4237b04cb89db3e","kty":"RSA","key_ops":["encrypt","decrypt","sign","verify","wrapKey","unwrapKey"],"n":"wNix66v_a1Ghty_Wyw7yqQmukx4_ZX0jALjD5T-YtSMvUwMhAYpP3CRkzr0xjbB5PNUGkmLX-oKzociMVehY1OJvvjjXeV2epjh8gGLS87CeX41wA31wfn2irarhnINbZaT0wK6hX7r7jt-BTVzLc_uzWW4RDei7WNavPsLZQ06b_Jy6Bvm9QLJRmeCrc8EGhg1I2I4U_TVZ_ALMBipcvNu64ZpltCv3oKAYUsBvu6Dnu2zkrLKARkgFRqR9PfRz6UofWvLR-0Dfm-kdjo1h6KhOlzpXNzvtyAHkYvdTw_50ZR7NfovmZw1Ut03rdiC-SEDF6Gh-24hdYdNEuoHhfQ","e":"AQAB"},"attributes":{"enabled":true,"created":1571704376,"updated":1571704376,"recoveryLevel":"Recoverable+Purgeable"}}'
    headers:
      cache-control:
      - no-cache
      content-length:
      - '666'
      content-type:
      - application/json; charset=utf-8
      date:
      - Tue, 22 Oct 2019 00:32:55 GMT
      expires:
      - '-1'
      pragma:
      - no-cache
      server:
      - Microsoft-IIS/10.0
      strict-transport-security:
      - max-age=31536000;includeSubDomains
      x-aspnet-version:
      - 4.0.30319
      x-content-type-options:
      - nosniff
      x-ms-keyvault-network-info:
      - addr=131.107.160.72;act_addr_fam=InterNetwork;
      x-ms-keyvault-region:
      - westus
      x-ms-keyvault-service-version:
      - 1.1.0.879
      x-powered-by:
      - ASP.NET
    status:
      code: 200
      message: OK
- request:
    body: null
    headers:
      Accept:
      - application/json
      Accept-Encoding:
      - gzip, deflate
      Connection:
      - keep-alive
      Content-Length:
      - '0'
      User-Agent:
      - azsdk-python-keyvault-keys/4.0.0b5 Python/3.6.6 (Windows-10-10.0.18362-SP0)
    method: DELETE
    uri: https://vault458ad70cc7889211d9.vault.azure.net/keys/key-name?api-version=7.0
  response:
    body:
      string: '{"recoveryId":"https://vault458ad70cc7889211d9.vault.azure.net/deletedkeys/key-name","deletedDate":1571704376,"scheduledPurgeDate":1579480376,"key":{"kid":"https://vault458ad70cc7889211d9.vault.azure.net/keys/key-name/e42742a4401a4e49a4237b04cb89db3e","kty":"RSA","key_ops":["encrypt","decrypt","sign","verify","wrapKey","unwrapKey"],"n":"wNix66v_a1Ghty_Wyw7yqQmukx4_ZX0jALjD5T-YtSMvUwMhAYpP3CRkzr0xjbB5PNUGkmLX-oKzociMVehY1OJvvjjXeV2epjh8gGLS87CeX41wA31wfn2irarhnINbZaT0wK6hX7r7jt-BTVzLc_uzWW4RDei7WNavPsLZQ06b_Jy6Bvm9QLJRmeCrc8EGhg1I2I4U_TVZ_ALMBipcvNu64ZpltCv3oKAYUsBvu6Dnu2zkrLKARkgFRqR9PfRz6UofWvLR-0Dfm-kdjo1h6KhOlzpXNzvtyAHkYvdTw_50ZR7NfovmZw1Ut03rdiC-SEDF6Gh-24hdYdNEuoHhfQ","e":"AQAB"},"attributes":{"enabled":true,"created":1571704376,"updated":1571704376,"recoveryLevel":"Recoverable+Purgeable"}}'
    headers:
      cache-control:
      - no-cache
      content-length:
      - '807'
      content-type:
      - application/json; charset=utf-8
      date:
      - Tue, 22 Oct 2019 00:32:56 GMT
      expires:
      - '-1'
      pragma:
      - no-cache
      server:
      - Microsoft-IIS/10.0
      strict-transport-security:
      - max-age=31536000;includeSubDomains
      x-aspnet-version:
      - 4.0.30319
      x-content-type-options:
      - nosniff
      x-ms-keyvault-network-info:
      - addr=131.107.160.72;act_addr_fam=InterNetwork;
      x-ms-keyvault-region:
      - westus
      x-ms-keyvault-service-version:
      - 1.1.0.879
      x-powered-by:
      - ASP.NET
    status:
      code: 200
      message: OK
- request:
    body: null
    headers:
      Accept:
      - application/json
      Accept-Encoding:
      - gzip, deflate
      Connection:
      - keep-alive
      User-Agent:
      - azsdk-python-keyvault-keys/4.0.0b5 Python/3.6.6 (Windows-10-10.0.18362-SP0)
    method: GET
    uri: https://vault458ad70cc7889211d9.vault.azure.net/deletedkeys/key-name?api-version=7.0
  response:
    body:
      string: '{"error":{"code":"KeyNotFound","message":"Deleted Key not found: key-name"}}'
    headers:
      cache-control:
      - no-cache
      content-length:
      - '76'
      content-type:
      - application/json; charset=utf-8
      date:
      - Tue, 22 Oct 2019 00:32:56 GMT
      expires:
      - '-1'
      pragma:
      - no-cache
      server:
      - Microsoft-IIS/10.0
      strict-transport-security:
      - max-age=31536000;includeSubDomains
      x-aspnet-version:
      - 4.0.30319
      x-content-type-options:
      - nosniff
      x-ms-keyvault-network-info:
      - addr=131.107.160.72;act_addr_fam=InterNetwork;
      x-ms-keyvault-region:
      - westus
      x-ms-keyvault-service-version:
      - 1.1.0.879
      x-powered-by:
      - ASP.NET
    status:
      code: 404
      message: Not Found
- request:
    body: null
    headers:
      Accept:
      - application/json
      Accept-Encoding:
      - gzip, deflate
      Connection:
      - keep-alive
      User-Agent:
      - azsdk-python-keyvault-keys/4.0.0b5 Python/3.6.6 (Windows-10-10.0.18362-SP0)
    method: GET
    uri: https://vault458ad70cc7889211d9.vault.azure.net/deletedkeys/key-name?api-version=7.0
  response:
    body:
      string: '{"error":{"code":"KeyNotFound","message":"Deleted Key not found: key-name"}}'
    headers:
      cache-control:
      - no-cache
      content-length:
      - '76'
      content-type:
      - application/json; charset=utf-8
      date:
      - Tue, 22 Oct 2019 00:32:58 GMT
      expires:
      - '-1'
      pragma:
      - no-cache
      server:
      - Microsoft-IIS/10.0
      strict-transport-security:
      - max-age=31536000;includeSubDomains
      x-aspnet-version:
      - 4.0.30319
      x-content-type-options:
      - nosniff
      x-ms-keyvault-network-info:
      - addr=131.107.160.72;act_addr_fam=InterNetwork;
      x-ms-keyvault-region:
      - westus
      x-ms-keyvault-service-version:
      - 1.1.0.879
      x-powered-by:
      - ASP.NET
    status:
      code: 404
      message: Not Found
- request:
    body: null
    headers:
      Accept:
      - application/json
      Accept-Encoding:
      - gzip, deflate
      Connection:
      - keep-alive
      User-Agent:
      - azsdk-python-keyvault-keys/4.0.0b5 Python/3.6.6 (Windows-10-10.0.18362-SP0)
    method: GET
    uri: https://vault458ad70cc7889211d9.vault.azure.net/deletedkeys/key-name?api-version=7.0
  response:
    body:
      string: '{"error":{"code":"KeyNotFound","message":"Deleted Key not found: key-name"}}'
    headers:
      cache-control:
      - no-cache
      content-length:
      - '76'
      content-type:
      - application/json; charset=utf-8
      date:
      - Tue, 22 Oct 2019 00:33:00 GMT
      expires:
      - '-1'
      pragma:
      - no-cache
      server:
      - Microsoft-IIS/10.0
      strict-transport-security:
      - max-age=31536000;includeSubDomains
      x-aspnet-version:
      - 4.0.30319
      x-content-type-options:
      - nosniff
      x-ms-keyvault-network-info:
      - addr=131.107.160.72;act_addr_fam=InterNetwork;
      x-ms-keyvault-region:
      - westus
      x-ms-keyvault-service-version:
      - 1.1.0.879
      x-powered-by:
      - ASP.NET
    status:
      code: 404
      message: Not Found
- request:
    body: null
    headers:
      Accept:
      - application/json
      Accept-Encoding:
      - gzip, deflate
      Connection:
      - keep-alive
      User-Agent:
      - azsdk-python-keyvault-keys/4.0.0b5 Python/3.6.6 (Windows-10-10.0.18362-SP0)
    method: GET
    uri: https://vault458ad70cc7889211d9.vault.azure.net/deletedkeys/key-name?api-version=7.0
  response:
    body:
      string: '{"error":{"code":"KeyNotFound","message":"Deleted Key not found: key-name"}}'
    headers:
      cache-control:
      - no-cache
      content-length:
      - '76'
      content-type:
      - application/json; charset=utf-8
      date:
      - Tue, 22 Oct 2019 00:33:03 GMT
      expires:
      - '-1'
      pragma:
      - no-cache
      server:
      - Microsoft-IIS/10.0
      strict-transport-security:
      - max-age=31536000;includeSubDomains
      x-aspnet-version:
      - 4.0.30319
      x-content-type-options:
      - nosniff
      x-ms-keyvault-network-info:
      - addr=131.107.160.72;act_addr_fam=InterNetwork;
      x-ms-keyvault-region:
      - westus
      x-ms-keyvault-service-version:
      - 1.1.0.879
      x-powered-by:
      - ASP.NET
    status:
      code: 404
      message: Not Found
- request:
    body: null
    headers:
      Accept:
      - application/json
      Accept-Encoding:
      - gzip, deflate
      Connection:
      - keep-alive
      User-Agent:
      - azsdk-python-keyvault-keys/4.0.0b5 Python/3.6.6 (Windows-10-10.0.18362-SP0)
    method: GET
    uri: https://vault458ad70cc7889211d9.vault.azure.net/deletedkeys/key-name?api-version=7.0
  response:
    body:
      string: '{"error":{"code":"KeyNotFound","message":"Deleted Key not found: key-name"}}'
    headers:
      cache-control:
      - no-cache
      content-length:
      - '76'
      content-type:
      - application/json; charset=utf-8
      date:
      - Tue, 22 Oct 2019 00:33:05 GMT
      expires:
      - '-1'
      pragma:
      - no-cache
      server:
      - Microsoft-IIS/10.0
      strict-transport-security:
      - max-age=31536000;includeSubDomains
      x-aspnet-version:
      - 4.0.30319
      x-content-type-options:
      - nosniff
      x-ms-keyvault-network-info:
      - addr=131.107.160.72;act_addr_fam=InterNetwork;
      x-ms-keyvault-region:
      - westus
      x-ms-keyvault-service-version:
      - 1.1.0.879
      x-powered-by:
      - ASP.NET
    status:
      code: 404
      message: Not Found
- request:
    body: null
    headers:
      Accept:
      - application/json
      Accept-Encoding:
      - gzip, deflate
      Connection:
      - keep-alive
      User-Agent:
      - azsdk-python-keyvault-keys/4.0.0b5 Python/3.6.6 (Windows-10-10.0.18362-SP0)
    method: GET
    uri: https://vault458ad70cc7889211d9.vault.azure.net/deletedkeys/key-name?api-version=7.0
  response:
    body:
      string: '{"error":{"code":"KeyNotFound","message":"Deleted Key not found: key-name"}}'
    headers:
      cache-control:
      - no-cache
      content-length:
      - '76'
      content-type:
      - application/json; charset=utf-8
      date:
      - Tue, 22 Oct 2019 00:33:07 GMT
      expires:
      - '-1'
      pragma:
      - no-cache
      server:
      - Microsoft-IIS/10.0
      strict-transport-security:
      - max-age=31536000;includeSubDomains
      x-aspnet-version:
      - 4.0.30319
      x-content-type-options:
      - nosniff
      x-ms-keyvault-network-info:
      - addr=131.107.160.72;act_addr_fam=InterNetwork;
      x-ms-keyvault-region:
      - westus
      x-ms-keyvault-service-version:
      - 1.1.0.879
      x-powered-by:
      - ASP.NET
    status:
      code: 404
      message: Not Found
- request:
    body: null
    headers:
      Accept:
      - application/json
      Accept-Encoding:
      - gzip, deflate
      Connection:
      - keep-alive
      User-Agent:
      - azsdk-python-keyvault-keys/4.0.0b5 Python/3.6.6 (Windows-10-10.0.18362-SP0)
    method: GET
    uri: https://vault458ad70cc7889211d9.vault.azure.net/deletedkeys/key-name?api-version=7.0
  response:
    body:
      string: '{"error":{"code":"KeyNotFound","message":"Deleted Key not found: key-name"}}'
    headers:
      cache-control:
      - no-cache
      content-length:
      - '76'
      content-type:
      - application/json; charset=utf-8
      date:
      - Tue, 22 Oct 2019 00:33:09 GMT
      expires:
      - '-1'
      pragma:
      - no-cache
      server:
      - Microsoft-IIS/10.0
      strict-transport-security:
      - max-age=31536000;includeSubDomains
      x-aspnet-version:
      - 4.0.30319
      x-content-type-options:
      - nosniff
      x-ms-keyvault-network-info:
      - addr=131.107.160.72;act_addr_fam=InterNetwork;
      x-ms-keyvault-region:
      - westus
      x-ms-keyvault-service-version:
      - 1.1.0.879
      x-powered-by:
      - ASP.NET
    status:
      code: 404
      message: Not Found
- request:
    body: null
    headers:
      Accept:
      - application/json
      Accept-Encoding:
      - gzip, deflate
      Connection:
      - keep-alive
      User-Agent:
      - azsdk-python-keyvault-keys/4.0.0b5 Python/3.6.6 (Windows-10-10.0.18362-SP0)
    method: GET
    uri: https://vault458ad70cc7889211d9.vault.azure.net/deletedkeys/key-name?api-version=7.0
  response:
    body:
      string: '{"error":{"code":"KeyNotFound","message":"Deleted Key not found: key-name"}}'
    headers:
      cache-control:
      - no-cache
      content-length:
      - '76'
      content-type:
      - application/json; charset=utf-8
      date:
      - Tue, 22 Oct 2019 00:33:11 GMT
      expires:
      - '-1'
      pragma:
      - no-cache
      server:
      - Microsoft-IIS/10.0
      strict-transport-security:
      - max-age=31536000;includeSubDomains
      x-aspnet-version:
      - 4.0.30319
      x-content-type-options:
      - nosniff
      x-ms-keyvault-network-info:
      - addr=131.107.160.72;act_addr_fam=InterNetwork;
      x-ms-keyvault-region:
      - westus
      x-ms-keyvault-service-version:
      - 1.1.0.879
      x-powered-by:
      - ASP.NET
    status:
      code: 404
      message: Not Found
- request:
    body: null
    headers:
      Accept:
      - application/json
      Accept-Encoding:
      - gzip, deflate
      Connection:
      - keep-alive
      User-Agent:
      - azsdk-python-keyvault-keys/4.0.0b5 Python/3.6.6 (Windows-10-10.0.18362-SP0)
    method: GET
    uri: https://vault458ad70cc7889211d9.vault.azure.net/deletedkeys/key-name?api-version=7.0
  response:
    body:
      string: '{"error":{"code":"KeyNotFound","message":"Deleted Key not found: key-name"}}'
    headers:
      cache-control:
      - no-cache
      content-length:
      - '76'
      content-type:
      - application/json; charset=utf-8
      date:
      - Tue, 22 Oct 2019 00:33:13 GMT
      expires:
      - '-1'
      pragma:
      - no-cache
      server:
      - Microsoft-IIS/10.0
      strict-transport-security:
      - max-age=31536000;includeSubDomains
      x-aspnet-version:
      - 4.0.30319
      x-content-type-options:
      - nosniff
      x-ms-keyvault-network-info:
      - addr=131.107.160.72;act_addr_fam=InterNetwork;
      x-ms-keyvault-region:
      - westus
      x-ms-keyvault-service-version:
      - 1.1.0.879
      x-powered-by:
      - ASP.NET
    status:
      code: 404
      message: Not Found
- request:
    body: null
    headers:
      Accept:
      - application/json
      Accept-Encoding:
      - gzip, deflate
      Connection:
      - keep-alive
      User-Agent:
      - azsdk-python-keyvault-keys/4.0.0b5 Python/3.6.6 (Windows-10-10.0.18362-SP0)
    method: GET
    uri: https://vault458ad70cc7889211d9.vault.azure.net/deletedkeys/key-name?api-version=7.0
  response:
    body:
      string: '{"recoveryId":"https://vault458ad70cc7889211d9.vault.azure.net/deletedkeys/key-name","deletedDate":1571704376,"scheduledPurgeDate":1579480376,"key":{"kid":"https://vault458ad70cc7889211d9.vault.azure.net/keys/key-name/e42742a4401a4e49a4237b04cb89db3e","kty":"RSA","key_ops":["encrypt","decrypt","sign","verify","wrapKey","unwrapKey"],"n":"wNix66v_a1Ghty_Wyw7yqQmukx4_ZX0jALjD5T-YtSMvUwMhAYpP3CRkzr0xjbB5PNUGkmLX-oKzociMVehY1OJvvjjXeV2epjh8gGLS87CeX41wA31wfn2irarhnINbZaT0wK6hX7r7jt-BTVzLc_uzWW4RDei7WNavPsLZQ06b_Jy6Bvm9QLJRmeCrc8EGhg1I2I4U_TVZ_ALMBipcvNu64ZpltCv3oKAYUsBvu6Dnu2zkrLKARkgFRqR9PfRz6UofWvLR-0Dfm-kdjo1h6KhOlzpXNzvtyAHkYvdTw_50ZR7NfovmZw1Ut03rdiC-SEDF6Gh-24hdYdNEuoHhfQ","e":"AQAB"},"attributes":{"enabled":true,"created":1571704376,"updated":1571704376,"recoveryLevel":"Recoverable+Purgeable"}}'
    headers:
      cache-control:
      - no-cache
      content-length:
      - '807'
      content-type:
      - application/json; charset=utf-8
      date:
      - Tue, 22 Oct 2019 00:33:15 GMT
      expires:
      - '-1'
      pragma:
      - no-cache
      server:
      - Microsoft-IIS/10.0
      strict-transport-security:
      - max-age=31536000;includeSubDomains
      x-aspnet-version:
      - 4.0.30319
      x-content-type-options:
      - nosniff
      x-ms-keyvault-network-info:
      - addr=131.107.160.72;act_addr_fam=InterNetwork;
      x-ms-keyvault-region:
      - westus
      x-ms-keyvault-service-version:
      - 1.1.0.879
      x-powered-by:
      - ASP.NET
    status:
      code: 200
      message: OK
- request:
    body: null
    headers:
      Accept:
      - application/json
      Accept-Encoding:
      - gzip, deflate
      Connection:
      - keep-alive
      User-Agent:
      - azsdk-python-keyvault-keys/4.0.0b5 Python/3.6.6 (Windows-10-10.0.18362-SP0)
    method: GET
    uri: https://vault458ad70cc7889211d9.vault.azure.net/deletedkeys/key-name?api-version=7.0
  response:
    body:
      string: '{"recoveryId":"https://vault458ad70cc7889211d9.vault.azure.net/deletedkeys/key-name","deletedDate":1571704376,"scheduledPurgeDate":1579480376,"key":{"kid":"https://vault458ad70cc7889211d9.vault.azure.net/keys/key-name/e42742a4401a4e49a4237b04cb89db3e","kty":"RSA","key_ops":["encrypt","decrypt","sign","verify","wrapKey","unwrapKey"],"n":"wNix66v_a1Ghty_Wyw7yqQmukx4_ZX0jALjD5T-YtSMvUwMhAYpP3CRkzr0xjbB5PNUGkmLX-oKzociMVehY1OJvvjjXeV2epjh8gGLS87CeX41wA31wfn2irarhnINbZaT0wK6hX7r7jt-BTVzLc_uzWW4RDei7WNavPsLZQ06b_Jy6Bvm9QLJRmeCrc8EGhg1I2I4U_TVZ_ALMBipcvNu64ZpltCv3oKAYUsBvu6Dnu2zkrLKARkgFRqR9PfRz6UofWvLR-0Dfm-kdjo1h6KhOlzpXNzvtyAHkYvdTw_50ZR7NfovmZw1Ut03rdiC-SEDF6Gh-24hdYdNEuoHhfQ","e":"AQAB"},"attributes":{"enabled":true,"created":1571704376,"updated":1571704376,"recoveryLevel":"Recoverable+Purgeable"}}'
    headers:
      cache-control:
      - no-cache
      content-length:
      - '807'
      content-type:
      - application/json; charset=utf-8
      date:
      - Tue, 22 Oct 2019 00:33:17 GMT
      expires:
      - '-1'
      pragma:
      - no-cache
      server:
      - Microsoft-IIS/10.0
      strict-transport-security:
      - max-age=31536000;includeSubDomains
      x-aspnet-version:
      - 4.0.30319
      x-content-type-options:
      - nosniff
      x-ms-keyvault-network-info:
      - addr=131.107.160.72;act_addr_fam=InterNetwork;
      x-ms-keyvault-region:
      - westus
      x-ms-keyvault-service-version:
      - 1.1.0.879
      x-powered-by:
      - ASP.NET
    status:
      code: 200
      message: OK
- request:
    body: null
    headers:
      Accept:
      - application/json
      Accept-Encoding:
      - gzip, deflate
      Connection:
      - keep-alive
      Content-Length:
      - '0'
      User-Agent:
      - azsdk-python-keyvault-keys/4.0.0b5 Python/3.6.6 (Windows-10-10.0.18362-SP0)
    method: POST
    uri: https://vault458ad70cc7889211d9.vault.azure.net/deletedkeys/key-name/recover?api-version=7.0
  response:
    body:
      string: '{"key":{"kid":"https://vault458ad70cc7889211d9.vault.azure.net/keys/key-name/e42742a4401a4e49a4237b04cb89db3e","kty":"RSA","key_ops":["encrypt","decrypt","sign","verify","wrapKey","unwrapKey"],"n":"wNix66v_a1Ghty_Wyw7yqQmukx4_ZX0jALjD5T-YtSMvUwMhAYpP3CRkzr0xjbB5PNUGkmLX-oKzociMVehY1OJvvjjXeV2epjh8gGLS87CeX41wA31wfn2irarhnINbZaT0wK6hX7r7jt-BTVzLc_uzWW4RDei7WNavPsLZQ06b_Jy6Bvm9QLJRmeCrc8EGhg1I2I4U_TVZ_ALMBipcvNu64ZpltCv3oKAYUsBvu6Dnu2zkrLKARkgFRqR9PfRz6UofWvLR-0Dfm-kdjo1h6KhOlzpXNzvtyAHkYvdTw_50ZR7NfovmZw1Ut03rdiC-SEDF6Gh-24hdYdNEuoHhfQ","e":"AQAB"},"attributes":{"enabled":true,"created":1571704376,"updated":1571704376,"recoveryLevel":"Recoverable+Purgeable"}}'
    headers:
      cache-control:
      - no-cache
      content-length:
      - '666'
      content-type:
      - application/json; charset=utf-8
      date:
      - Tue, 22 Oct 2019 00:33:17 GMT
      expires:
      - '-1'
      pragma:
      - no-cache
      server:
      - Microsoft-IIS/10.0
      strict-transport-security:
      - max-age=31536000;includeSubDomains
      x-aspnet-version:
      - 4.0.30319
      x-content-type-options:
      - nosniff
      x-ms-keyvault-network-info:
      - addr=131.107.160.72;act_addr_fam=InterNetwork;
      x-ms-keyvault-region:
      - westus
      x-ms-keyvault-service-version:
      - 1.1.0.879
      x-powered-by:
      - ASP.NET
    status:
      code: 200
      message: OK
- request:
    body: null
    headers:
      Accept:
      - application/json
      Accept-Encoding:
      - gzip, deflate
      Connection:
      - keep-alive
      User-Agent:
      - azsdk-python-keyvault-keys/4.0.0b5 Python/3.6.6 (Windows-10-10.0.18362-SP0)
    method: GET
    uri: https://vault458ad70cc7889211d9.vault.azure.net/keys/key-name/?api-version=7.0
  response:
    body:
      string: '{"error":{"code":"KeyNotFound","message":"Key not found: key-name"}}'
    headers:
      cache-control:
      - no-cache
      content-length:
      - '68'
      content-type:
      - application/json; charset=utf-8
      date:
      - Tue, 22 Oct 2019 00:33:17 GMT
      expires:
      - '-1'
      pragma:
      - no-cache
      server:
      - Microsoft-IIS/10.0
      strict-transport-security:
      - max-age=31536000;includeSubDomains
      x-aspnet-version:
      - 4.0.30319
      x-content-type-options:
      - nosniff
      x-ms-keyvault-network-info:
      - addr=131.107.160.72;act_addr_fam=InterNetwork;
      x-ms-keyvault-region:
      - westus
      x-ms-keyvault-service-version:
      - 1.1.0.879
      x-powered-by:
      - ASP.NET
    status:
      code: 404
      message: Not Found
- request:
    body: null
    headers:
      Accept:
      - application/json
      Accept-Encoding:
      - gzip, deflate
      Connection:
      - keep-alive
      User-Agent:
      - azsdk-python-keyvault-keys/4.0.0b5 Python/3.6.6 (Windows-10-10.0.18362-SP0)
    method: GET
    uri: https://vault458ad70cc7889211d9.vault.azure.net/keys/key-name/?api-version=7.0
  response:
    body:
      string: '{"error":{"code":"KeyNotFound","message":"Key not found: key-name"}}'
    headers:
      cache-control:
      - no-cache
      content-length:
      - '68'
      content-type:
      - application/json; charset=utf-8
      date:
      - Tue, 22 Oct 2019 00:33:19 GMT
      expires:
      - '-1'
      pragma:
      - no-cache
      server:
      - Microsoft-IIS/10.0
      strict-transport-security:
      - max-age=31536000;includeSubDomains
      x-aspnet-version:
      - 4.0.30319
      x-content-type-options:
      - nosniff
      x-ms-keyvault-network-info:
      - addr=131.107.160.72;act_addr_fam=InterNetwork;
      x-ms-keyvault-region:
      - westus
      x-ms-keyvault-service-version:
      - 1.1.0.879
      x-powered-by:
      - ASP.NET
    status:
      code: 404
      message: Not Found
- request:
    body: null
    headers:
      Accept:
      - application/json
      Accept-Encoding:
      - gzip, deflate
      Connection:
      - keep-alive
      User-Agent:
      - azsdk-python-keyvault-keys/4.0.0b5 Python/3.6.6 (Windows-10-10.0.18362-SP0)
    method: GET
    uri: https://vault458ad70cc7889211d9.vault.azure.net/keys/key-name/?api-version=7.0
  response:
    body:
      string: '{"error":{"code":"KeyNotFound","message":"Key not found: key-name"}}'
    headers:
      cache-control:
      - no-cache
      content-length:
      - '68'
      content-type:
      - application/json; charset=utf-8
      date:
      - Tue, 22 Oct 2019 00:33:21 GMT
      expires:
      - '-1'
      pragma:
      - no-cache
      server:
      - Microsoft-IIS/10.0
      strict-transport-security:
      - max-age=31536000;includeSubDomains
      x-aspnet-version:
      - 4.0.30319
      x-content-type-options:
      - nosniff
      x-ms-keyvault-network-info:
      - addr=131.107.160.72;act_addr_fam=InterNetwork;
      x-ms-keyvault-region:
      - westus
      x-ms-keyvault-service-version:
      - 1.1.0.879
      x-powered-by:
      - ASP.NET
    status:
      code: 404
      message: Not Found
- request:
    body: null
    headers:
      Accept:
      - application/json
      Accept-Encoding:
      - gzip, deflate
      Connection:
      - keep-alive
      User-Agent:
      - azsdk-python-keyvault-keys/4.0.0b5 Python/3.6.6 (Windows-10-10.0.18362-SP0)
    method: GET
    uri: https://vault458ad70cc7889211d9.vault.azure.net/keys/key-name/?api-version=7.0
  response:
    body:
      string: '{"error":{"code":"KeyNotFound","message":"Key not found: key-name"}}'
    headers:
      cache-control:
      - no-cache
      content-length:
      - '68'
      content-type:
      - application/json; charset=utf-8
      date:
      - Tue, 22 Oct 2019 00:33:23 GMT
      expires:
      - '-1'
      pragma:
      - no-cache
      server:
      - Microsoft-IIS/10.0
      strict-transport-security:
      - max-age=31536000;includeSubDomains
      x-aspnet-version:
      - 4.0.30319
      x-content-type-options:
      - nosniff
      x-ms-keyvault-network-info:
      - addr=131.107.160.72;act_addr_fam=InterNetwork;
      x-ms-keyvault-region:
      - westus
      x-ms-keyvault-service-version:
      - 1.1.0.879
      x-powered-by:
      - ASP.NET
    status:
      code: 404
      message: Not Found
- request:
    body: null
    headers:
      Accept:
      - application/json
      Accept-Encoding:
      - gzip, deflate
      Connection:
      - keep-alive
      User-Agent:
      - azsdk-python-keyvault-keys/4.0.0b5 Python/3.6.6 (Windows-10-10.0.18362-SP0)
    method: GET
    uri: https://vault458ad70cc7889211d9.vault.azure.net/keys/key-name/?api-version=7.0
  response:
    body:
      string: '{"error":{"code":"KeyNotFound","message":"Key not found: key-name"}}'
    headers:
      cache-control:
      - no-cache
      content-length:
      - '68'
      content-type:
      - application/json; charset=utf-8
      date:
      - Tue, 22 Oct 2019 00:33:25 GMT
      expires:
      - '-1'
      pragma:
      - no-cache
      server:
      - Microsoft-IIS/10.0
      strict-transport-security:
      - max-age=31536000;includeSubDomains
      x-aspnet-version:
      - 4.0.30319
      x-content-type-options:
      - nosniff
      x-ms-keyvault-network-info:
      - addr=131.107.160.72;act_addr_fam=InterNetwork;
      x-ms-keyvault-region:
      - westus
      x-ms-keyvault-service-version:
      - 1.1.0.879
      x-powered-by:
      - ASP.NET
    status:
      code: 404
      message: Not Found
- request:
    body: null
    headers:
      Accept:
      - application/json
      Accept-Encoding:
      - gzip, deflate
      Connection:
      - keep-alive
      User-Agent:
      - azsdk-python-keyvault-keys/4.0.0b5 Python/3.6.6 (Windows-10-10.0.18362-SP0)
    method: GET
    uri: https://vault458ad70cc7889211d9.vault.azure.net/keys/key-name/?api-version=7.0
  response:
    body:
      string: '{"error":{"code":"KeyNotFound","message":"Key not found: key-name"}}'
    headers:
      cache-control:
      - no-cache
      content-length:
      - '68'
      content-type:
      - application/json; charset=utf-8
      date:
      - Tue, 22 Oct 2019 00:33:27 GMT
      expires:
      - '-1'
      pragma:
      - no-cache
      server:
      - Microsoft-IIS/10.0
      strict-transport-security:
      - max-age=31536000;includeSubDomains
      x-aspnet-version:
      - 4.0.30319
      x-content-type-options:
      - nosniff
      x-ms-keyvault-network-info:
      - addr=131.107.160.72;act_addr_fam=InterNetwork;
      x-ms-keyvault-region:
      - westus
      x-ms-keyvault-service-version:
      - 1.1.0.879
      x-powered-by:
      - ASP.NET
    status:
      code: 404
      message: Not Found
- request:
    body: null
    headers:
      Accept:
      - application/json
      Accept-Encoding:
      - gzip, deflate
      Connection:
      - keep-alive
      User-Agent:
      - azsdk-python-keyvault-keys/4.0.0b5 Python/3.6.6 (Windows-10-10.0.18362-SP0)
    method: GET
    uri: https://vault458ad70cc7889211d9.vault.azure.net/keys/key-name/?api-version=7.0
  response:
    body:
      string: '{"error":{"code":"KeyNotFound","message":"Key not found: key-name"}}'
    headers:
      cache-control:
      - no-cache
      content-length:
      - '68'
      content-type:
      - application/json; charset=utf-8
      date:
      - Tue, 22 Oct 2019 00:33:29 GMT
      expires:
      - '-1'
      pragma:
      - no-cache
      server:
      - Microsoft-IIS/10.0
      strict-transport-security:
      - max-age=31536000;includeSubDomains
      x-aspnet-version:
      - 4.0.30319
      x-content-type-options:
      - nosniff
      x-ms-keyvault-network-info:
      - addr=131.107.160.72;act_addr_fam=InterNetwork;
      x-ms-keyvault-region:
      - westus
      x-ms-keyvault-service-version:
      - 1.1.0.879
      x-powered-by:
      - ASP.NET
    status:
      code: 404
      message: Not Found
- request:
    body: null
    headers:
      Accept:
      - application/json
      Accept-Encoding:
      - gzip, deflate
      Connection:
      - keep-alive
      User-Agent:
      - azsdk-python-keyvault-keys/4.0.0b5 Python/3.6.6 (Windows-10-10.0.18362-SP0)
    method: GET
    uri: https://vault458ad70cc7889211d9.vault.azure.net/keys/key-name/?api-version=7.0
  response:
    body:
      string: '{"error":{"code":"KeyNotFound","message":"Key not found: key-name"}}'
    headers:
      cache-control:
      - no-cache
      content-length:
      - '68'
      content-type:
      - application/json; charset=utf-8
      date:
      - Tue, 22 Oct 2019 00:33:31 GMT
      expires:
      - '-1'
      pragma:
      - no-cache
      server:
      - Microsoft-IIS/10.0
      strict-transport-security:
      - max-age=31536000;includeSubDomains
      x-aspnet-version:
      - 4.0.30319
      x-content-type-options:
      - nosniff
      x-ms-keyvault-network-info:
      - addr=131.107.160.72;act_addr_fam=InterNetwork;
      x-ms-keyvault-region:
      - westus
      x-ms-keyvault-service-version:
      - 1.1.0.879
      x-powered-by:
      - ASP.NET
    status:
      code: 404
      message: Not Found
- request:
    body: null
    headers:
      Accept:
      - application/json
      Accept-Encoding:
      - gzip, deflate
      Connection:
      - keep-alive
      User-Agent:
      - azsdk-python-keyvault-keys/4.0.0b5 Python/3.6.6 (Windows-10-10.0.18362-SP0)
    method: GET
    uri: https://vault458ad70cc7889211d9.vault.azure.net/keys/key-name/?api-version=7.0
  response:
    body:
      string: '{"error":{"code":"KeyNotFound","message":"Key not found: key-name"}}'
    headers:
      cache-control:
      - no-cache
      content-length:
      - '68'
      content-type:
      - application/json; charset=utf-8
      date:
      - Tue, 22 Oct 2019 00:33:33 GMT
      expires:
      - '-1'
      pragma:
      - no-cache
      server:
      - Microsoft-IIS/10.0
      strict-transport-security:
      - max-age=31536000;includeSubDomains
      x-aspnet-version:
      - 4.0.30319
      x-content-type-options:
      - nosniff
      x-ms-keyvault-network-info:
      - addr=131.107.160.72;act_addr_fam=InterNetwork;
      x-ms-keyvault-region:
      - westus
      x-ms-keyvault-service-version:
      - 1.1.0.879
      x-powered-by:
      - ASP.NET
    status:
      code: 404
      message: Not Found
- request:
    body: null
    headers:
      Accept:
      - application/json
      Accept-Encoding:
      - gzip, deflate
      Connection:
      - keep-alive
      User-Agent:
      - azsdk-python-keyvault-keys/4.0.0b5 Python/3.6.6 (Windows-10-10.0.18362-SP0)
    method: GET
    uri: https://vault458ad70cc7889211d9.vault.azure.net/keys/key-name/?api-version=7.0
  response:
    body:
      string: '{"error":{"code":"KeyNotFound","message":"Key not found: key-name"}}'
    headers:
      cache-control:
      - no-cache
      content-length:
      - '68'
      content-type:
      - application/json; charset=utf-8
      date:
      - Tue, 22 Oct 2019 00:33:35 GMT
      expires:
      - '-1'
      pragma:
      - no-cache
      server:
      - Microsoft-IIS/10.0
      strict-transport-security:
      - max-age=31536000;includeSubDomains
      x-aspnet-version:
      - 4.0.30319
      x-content-type-options:
      - nosniff
      x-ms-keyvault-network-info:
      - addr=131.107.160.72;act_addr_fam=InterNetwork;
      x-ms-keyvault-region:
      - westus
      x-ms-keyvault-service-version:
      - 1.1.0.879
      x-powered-by:
      - ASP.NET
    status:
      code: 404
      message: Not Found
- request:
    body: null
    headers:
      Accept:
      - application/json
      Accept-Encoding:
      - gzip, deflate
      Connection:
      - keep-alive
      User-Agent:
      - azsdk-python-keyvault-keys/4.0.0b5 Python/3.6.6 (Windows-10-10.0.18362-SP0)
    method: GET
    uri: https://vault458ad70cc7889211d9.vault.azure.net/keys/key-name/?api-version=7.0
  response:
    body:
      string: '{"error":{"code":"KeyNotFound","message":"Key not found: key-name"}}'
    headers:
      cache-control:
      - no-cache
      content-length:
      - '68'
      content-type:
      - application/json; charset=utf-8
      date:
      - Tue, 22 Oct 2019 00:33:37 GMT
      expires:
      - '-1'
      pragma:
      - no-cache
      server:
      - Microsoft-IIS/10.0
      strict-transport-security:
      - max-age=31536000;includeSubDomains
      x-aspnet-version:
      - 4.0.30319
      x-content-type-options:
      - nosniff
      x-ms-keyvault-network-info:
      - addr=131.107.160.72;act_addr_fam=InterNetwork;
      x-ms-keyvault-region:
      - westus
      x-ms-keyvault-service-version:
      - 1.1.0.879
      x-powered-by:
      - ASP.NET
    status:
      code: 404
      message: Not Found
- request:
    body: null
    headers:
      Accept:
      - application/json
      Accept-Encoding:
      - gzip, deflate
      Connection:
      - keep-alive
      User-Agent:
      - azsdk-python-keyvault-keys/4.0.0b5 Python/3.6.6 (Windows-10-10.0.18362-SP0)
    method: GET
    uri: https://vault458ad70cc7889211d9.vault.azure.net/keys/key-name/?api-version=7.0
  response:
    body:
      string: '{"error":{"code":"KeyNotFound","message":"Key not found: key-name"}}'
    headers:
      cache-control:
      - no-cache
      content-length:
      - '68'
      content-type:
      - application/json; charset=utf-8
      date:
      - Tue, 22 Oct 2019 00:33:40 GMT
      expires:
      - '-1'
      pragma:
      - no-cache
      server:
      - Microsoft-IIS/10.0
      strict-transport-security:
      - max-age=31536000;includeSubDomains
      x-aspnet-version:
      - 4.0.30319
      x-content-type-options:
      - nosniff
      x-ms-keyvault-network-info:
      - addr=131.107.160.72;act_addr_fam=InterNetwork;
      x-ms-keyvault-region:
      - westus
      x-ms-keyvault-service-version:
      - 1.1.0.879
      x-powered-by:
      - ASP.NET
    status:
      code: 404
      message: Not Found
- request:
    body: null
    headers:
      Accept:
      - application/json
      Accept-Encoding:
      - gzip, deflate
      Connection:
      - keep-alive
      User-Agent:
      - azsdk-python-keyvault-keys/4.0.0b5 Python/3.6.6 (Windows-10-10.0.18362-SP0)
    method: GET
    uri: https://vault458ad70cc7889211d9.vault.azure.net/keys/key-name/?api-version=7.0
  response:
    body:
      string: '{"error":{"code":"KeyNotFound","message":"Key not found: key-name"}}'
    headers:
      cache-control:
      - no-cache
      content-length:
      - '68'
      content-type:
      - application/json; charset=utf-8
      date:
      - Tue, 22 Oct 2019 00:33:42 GMT
      expires:
      - '-1'
      pragma:
      - no-cache
      server:
      - Microsoft-IIS/10.0
      strict-transport-security:
      - max-age=31536000;includeSubDomains
      x-aspnet-version:
      - 4.0.30319
      x-content-type-options:
      - nosniff
      x-ms-keyvault-network-info:
      - addr=131.107.160.72;act_addr_fam=InterNetwork;
      x-ms-keyvault-region:
      - westus
      x-ms-keyvault-service-version:
      - 1.1.0.879
      x-powered-by:
      - ASP.NET
    status:
      code: 404
      message: Not Found
- request:
    body: null
    headers:
      Accept:
      - application/json
      Accept-Encoding:
      - gzip, deflate
      Connection:
      - keep-alive
      User-Agent:
      - azsdk-python-keyvault-keys/4.0.0b5 Python/3.6.6 (Windows-10-10.0.18362-SP0)
    method: GET
    uri: https://vault458ad70cc7889211d9.vault.azure.net/keys/key-name/?api-version=7.0
  response:
    body:
      string: '{"error":{"code":"KeyNotFound","message":"Key not found: key-name"}}'
    headers:
      cache-control:
      - no-cache
      content-length:
      - '68'
      content-type:
      - application/json; charset=utf-8
      date:
      - Tue, 22 Oct 2019 00:33:44 GMT
      expires:
      - '-1'
      pragma:
      - no-cache
      server:
      - Microsoft-IIS/10.0
      strict-transport-security:
      - max-age=31536000;includeSubDomains
      x-aspnet-version:
      - 4.0.30319
      x-content-type-options:
      - nosniff
      x-ms-keyvault-network-info:
      - addr=131.107.160.72;act_addr_fam=InterNetwork;
      x-ms-keyvault-region:
      - westus
      x-ms-keyvault-service-version:
      - 1.1.0.879
      x-powered-by:
      - ASP.NET
    status:
      code: 404
      message: Not Found
- request:
    body: null
    headers:
      Accept:
      - application/json
      Accept-Encoding:
      - gzip, deflate
      Connection:
      - keep-alive
      User-Agent:
      - azsdk-python-keyvault-keys/4.0.0b5 Python/3.6.6 (Windows-10-10.0.18362-SP0)
    method: GET
    uri: https://vault458ad70cc7889211d9.vault.azure.net/keys/key-name/?api-version=7.0
  response:
    body:
      string: '{"key":{"kid":"https://vault458ad70cc7889211d9.vault.azure.net/keys/key-name/e42742a4401a4e49a4237b04cb89db3e","kty":"RSA","key_ops":["encrypt","decrypt","sign","verify","wrapKey","unwrapKey"],"n":"wNix66v_a1Ghty_Wyw7yqQmukx4_ZX0jALjD5T-YtSMvUwMhAYpP3CRkzr0xjbB5PNUGkmLX-oKzociMVehY1OJvvjjXeV2epjh8gGLS87CeX41wA31wfn2irarhnINbZaT0wK6hX7r7jt-BTVzLc_uzWW4RDei7WNavPsLZQ06b_Jy6Bvm9QLJRmeCrc8EGhg1I2I4U_TVZ_ALMBipcvNu64ZpltCv3oKAYUsBvu6Dnu2zkrLKARkgFRqR9PfRz6UofWvLR-0Dfm-kdjo1h6KhOlzpXNzvtyAHkYvdTw_50ZR7NfovmZw1Ut03rdiC-SEDF6Gh-24hdYdNEuoHhfQ","e":"AQAB"},"attributes":{"enabled":true,"created":1571704376,"updated":1571704376,"recoveryLevel":"Recoverable+Purgeable"}}'
    headers:
      cache-control:
      - no-cache
      content-length:
      - '666'
      content-type:
      - application/json; charset=utf-8
      date:
      - Tue, 22 Oct 2019 00:33:46 GMT
      expires:
      - '-1'
      pragma:
      - no-cache
      server:
      - Microsoft-IIS/10.0
      strict-transport-security:
      - max-age=31536000;includeSubDomains
      x-aspnet-version:
      - 4.0.30319
      x-content-type-options:
      - nosniff
      x-ms-keyvault-network-info:
      - addr=131.107.160.72;act_addr_fam=InterNetwork;
      x-ms-keyvault-region:
      - westus
      x-ms-keyvault-service-version:
      - 1.1.0.879
      x-powered-by:
      - ASP.NET
    status:
      code: 200
      message: OK
version: 1
