interactions:
- request:
    body: null
    headers:
      Accept: [application/json]
      Content-Length: ['0']
      Content-Type: [application/json; charset=utf-8]
      User-Agent: [azsdk-python-keyvault-keys/4.0.0b2 Python/3.6.6 (Windows-10-10.0.18362-SP0)]
    method: PUT
    uri: https://vaultfe22145a.vault.azure.net/keys/keycryptfe22145a?api-version=7.0
  response:
    body: {string: '{"error":{"code":"Unauthorized","message":"Request is missing
        a Bearer or PoP token."}}'}
    headers: {cache-control: no-cache, content-length: '87', content-type: application/json;
        charset=utf-8, date: 'Wed, 14 Aug 2019 22:12:11 GMT', expires: '-1', pragma: no-cache,
      server: Microsoft-IIS/10.0, strict-transport-security: max-age=31536000;includeSubDomains,
      www-authenticate: 'Bearer authorization="https://login.windows.net/72f988bf-86f1-41af-91ab-2d7cd011db47",
        resource="https://vault.azure.net"', x-aspnet-version: 4.0.30319, x-content-type-options: nosniff,
      x-ms-keyvault-network-info: addr=131.107.174.72;act_addr_fam=InterNetwork;,
      x-ms-keyvault-region: westus, x-ms-keyvault-service-version: 1.1.0.875, x-powered-by: ASP.NET}
    status: {code: 401, message: Unauthorized}
    url: !!python/object/new:yarl.URL
      state: !!python/tuple
      - !!python/object/new:urllib.parse.SplitResult [https, vaultfe22145a.vault.azure.net,
        /keys/keycryptfe22145a, api-version=7.0, '']
- request:
    body: '{"key": {"kty": "RSA", "key_ops": ["encrypt", "decrypt", "sign", "verify",
      "wrapKey", "unwrapKey"], "n": "AKCRTQAjSsaDshtMFdW-2Ie9yVnC5Xr1Suc06PAHINd10nXkVSB-N4TO62ClCkZV3XKnqU0nHo7o95WaZpym53W_DiO62umRtFKdl4UotL2QUh0y3SZWeWuoK2u_x2aMj17rUFN0f9GZMZ0pqEQNCPRBLVJ_-TEe2nGCWSC0exxGsRqz6R1zFkB-icfzQPe4WjQELOUXQ7J9RxhAPTTHtDivYYG-BeTRHrmF04JT1_6b9T_C8bAC0i0teT-nmlBLarQtBJKATXBx1yegbPOoiTqlQrFQP4MrKWNxtnB9Tcbjcvj-Z9je0ckI_eRc4DvAhqcUh_p15Dqg4GeaoNIO_jU",
      "e": "AQAB", "d": "Ynx9JGaBSP4iUsf6ZJ6opantRNdcdmzaQrKbZg6ZQE8Ohi1FYabJWvaoPSE-CiJEsDzShXZHMhUHN4X7Bn8BXaGQhK3p9HXgiwQKmix7oAJTu4ElUIyd8UC3UWHSZr40el4PaQD-HYu_eMzCXus34MnRiNbh_BUWm6T-Eidhk9d3kNIyaSi9YNDQHW6tjWrEhhq63O7JU1j9ZonFChZxpKk20jdkQKQURVAdpOdL-5j4I70ZxFuU6wHZj8DS8oRQfwGOvZKbgYDb5jgf3UNL_7eACqq92XPVX56vm7iKbqeyjCqAIx5y3hrSRIJtZlWCwjYnYQGd4unxDLi8wmJWSQ",
      "dp": "AMmhWb5yZcu6vJr8xJZ-t0_likxJRUMZAtEULaWZt2DgODj4y9JrZDJP6mvckzhQP0WXk2NuWbU2HR5pUeCN2wieG1B76VKoH76vfnaJDqT1NuJVBcP2SLHog3ffwZtMME5zjfygchG3kihqOSpwTQ9ETAqAJTkRC38fEhwAz_Cp",
      "dq": "AKC9TAo9n2RDaggjdLXK8kiLrBVoaWFTpqXkzYXRhtsx4vWPAkxhfSnze05rVMl6HiXv7FnE0f0wYawzUJzoyuXBH0zS6D9BqCZPeF543AmWB27iPf38Q9Z8Rjr6oBgMSnGDV_mm8nDVQkeaDyE4cOZh-5UKvKShTKKQVwunmDNH",
      "qi": "AJ_nrkLpK8BPzVeARkvSHQyKwMWZ-a8CD95qsKfn0dOZAvXY-2xhQYTEwbED-0bpTNEKbIpA-ZkaHygmnzJkNbbFAnb9pkkzU8ZQqDP3JNgMfVIroWx58Oth9nJza2j7i-MkPRCUPEq3Ao0J52z7WJIiLji8TTVYW_NaiM1oxzsH",
      "p": "ANHerI1o3dLB_VLVmZZVss8VZSYN5SaeQ_0qhfOSgOFwj__waCFmy2EG7l6l6f_Z-Y0L7Mn_LNov68lyWSFa2EuQUeVj4UoFHc5Di8ZUGiSsTwFM-XMtNuv8HmGgDYLL5BIJD3eTz71LdgW-Ez38OZH34b7VeG8zfeUDb8Hi30zz",
      "q": "AMPcZrZBqbc82DO8Q5zTT8ZXRGWrW36KktMllaIk1W2RHnRiQiW0jBWmcCgqUcQNHa1LwumjyNqwx28QBS37BTvG7ULGUoio6LrOeoiBGEMj-U19sX6m37plEhj5Mak7j3OPPY_T9rohjTW5aGGg9YSwq4jdz0RrmBX00ofYOjI3"}}'
    headers:
      Accept: [application/json]
      Content-Length: ['1724']
      Content-Type: [application/json; charset=utf-8]
      User-Agent: [azsdk-python-keyvault-keys/4.0.0b2 Python/3.6.6 (Windows-10-10.0.18362-SP0)]
    method: PUT
    uri: https://vaultfe22145a.vault.azure.net/keys/keycryptfe22145a?api-version=7.0
  response:
    body: {string: '{"key":{"kid":"https://vaultfe22145a.vault.azure.net/keys/keycryptfe22145a/a5ddad39361447489f4e7ac16b0902dc","kty":"RSA","key_ops":["encrypt","decrypt","sign","verify","wrapKey","unwrapKey"],"n":"AKCRTQAjSsaDshtMFdW-2Ie9yVnC5Xr1Suc06PAHINd10nXkVSB-N4TO62ClCkZV3XKnqU0nHo7o95WaZpym53W_DiO62umRtFKdl4UotL2QUh0y3SZWeWuoK2u_x2aMj17rUFN0f9GZMZ0pqEQNCPRBLVJ_-TEe2nGCWSC0exxGsRqz6R1zFkB-icfzQPe4WjQELOUXQ7J9RxhAPTTHtDivYYG-BeTRHrmF04JT1_6b9T_C8bAC0i0teT-nmlBLarQtBJKATXBx1yegbPOoiTqlQrFQP4MrKWNxtnB9Tcbjcvj-Z9je0ckI_eRc4DvAhqcUh_p15Dqg4GeaoNIO_jU","e":"AQAB"},"attributes":{"enabled":true,"created":1565820731,"updated":1565820731,"recoveryLevel":"Purgeable"}}'}
    headers: {cache-control: no-cache, content-length: '653', content-type: application/json;
        charset=utf-8, date: 'Wed, 14 Aug 2019 22:12:11 GMT', expires: '-1', pragma: no-cache,
      server: Microsoft-IIS/10.0, strict-transport-security: max-age=31536000;includeSubDomains,
      x-aspnet-version: 4.0.30319, x-content-type-options: nosniff, x-ms-keyvault-network-info: addr=131.107.174.72;act_addr_fam=InterNetwork;,
      x-ms-keyvault-region: westus, x-ms-keyvault-service-version: 1.1.0.875, x-powered-by: ASP.NET}
    status: {code: 200, message: OK}
    url: !!python/object/new:yarl.URL
      state: !!python/tuple
      - !!python/object/new:urllib.parse.SplitResult [https, vaultfe22145a.vault.azure.net,
        /keys/keycryptfe22145a, api-version=7.0, '']
- request:
    body: '{"alg": "RSA-OAEP", "value": "NTA2M2U2YWFhODQ1ZjE1MDIwMDU0Nzk0NGZkMTk5Njc5Yzk4ZWQ2Zjk5ZGEwYTBiMmRhZmVhZjFmNDY4NDQ5NmZkNTMyYzFjMjI5OTY4Y2I5ZGVlNDQ5NTdmY2VmN2NjZWY1OWNlZGEwYjM2MmU1NmJjZDc4ZmQzZmFlZTU3ODFjNjIzYzBiYjIyYjM1YmVhYmRlMDY2NGZkMzBlMGU4MjRhYmEzZGQxYjBhZmZmYzRhM2Q5NTVlZGUyMGNmNmE4NTRkNTJjZmQ"}'
    headers:
      Accept: [application/json]
      Content-Length: ['299']
      Content-Type: [application/json; charset=utf-8]
      User-Agent: [azsdk-python-keyvault-keys/4.0.0b2 Python/3.6.6 (Windows-10-10.0.18362-SP0)]
    method: POST
    uri: https://vaultfe22145a.vault.azure.net/keys/keycryptfe22145a/a5ddad39361447489f4e7ac16b0902dc/encrypt?api-version=7.0
  response:
    body: {string: '{"kid":"https://vaultfe22145a.vault.azure.net/keys/keycryptfe22145a/a5ddad39361447489f4e7ac16b0902dc","value":"UMy0FXQkRIBKzNX-XLZtXuFgjbxuVNrr1YPVjjawQVDlBE6STDtiJBtjZBoTHUeYAJGf9yrshbtSSTv54JIPvMr8e_DPsQQq753KjWozyG5MVP_v73bCuWDmmpaiP2UGKavrLRtFbBnK90UMWmdwPXncfxv_0IRp2NDBE0K4wFaqIOPZNEGbpnupwf2MJBaYFvvcHWbx0xEqaXwTG5xQymBEcgQVDbuA3Xdu3RORRjTaUjtlPEnCKAC3AAOg747hVn33DGajsZEhk43s7ys56D0PJP-0fws6d4lBbqgX-4-kiAOMoo-BMPx44vXwHZn1tl060pF_4Nhuc8u_dhnm1A"}'}
    headers: {cache-control: no-cache, content-length: '455', content-type: application/json;
        charset=utf-8, date: 'Wed, 14 Aug 2019 22:12:11 GMT', expires: '-1', pragma: no-cache,
      server: Microsoft-IIS/10.0, strict-transport-security: max-age=31536000;includeSubDomains,
      x-aspnet-version: 4.0.30319, x-content-type-options: nosniff, x-ms-keyvault-network-info: addr=131.107.174.72;act_addr_fam=InterNetwork;,
      x-ms-keyvault-region: westus, x-ms-keyvault-service-version: 1.1.0.875, x-powered-by: ASP.NET}
    status: {code: 200, message: OK}
    url: !!python/object/new:yarl.URL
      state: !!python/tuple
      - !!python/object/new:urllib.parse.SplitResult [https, vaultfe22145a.vault.azure.net,
        /keys/keycryptfe22145a/a5ddad39361447489f4e7ac16b0902dc/encrypt, api-version=7.0,
        '']
- request:
    body: '{"alg": "RSA-OAEP", "value": "UMy0FXQkRIBKzNX-XLZtXuFgjbxuVNrr1YPVjjawQVDlBE6STDtiJBtjZBoTHUeYAJGf9yrshbtSSTv54JIPvMr8e_DPsQQq753KjWozyG5MVP_v73bCuWDmmpaiP2UGKavrLRtFbBnK90UMWmdwPXncfxv_0IRp2NDBE0K4wFaqIOPZNEGbpnupwf2MJBaYFvvcHWbx0xEqaXwTG5xQymBEcgQVDbuA3Xdu3RORRjTaUjtlPEnCKAC3AAOg747hVn33DGajsZEhk43s7ys56D0PJP-0fws6d4lBbqgX-4-kiAOMoo-BMPx44vXwHZn1tl060pF_4Nhuc8u_dhnm1A"}'
    headers:
      Accept: [application/json]
      Content-Length: ['374']
      Content-Type: [application/json; charset=utf-8]
      User-Agent: [azsdk-python-keyvault-keys/4.0.0b2 Python/3.6.6 (Windows-10-10.0.18362-SP0)]
    method: POST
    uri: https://vaultfe22145a.vault.azure.net/keys/keycryptfe22145a/a5ddad39361447489f4e7ac16b0902dc/decrypt?api-version=7.0
  response:
    body: {string: '{"kid":"https://vaultfe22145a.vault.azure.net/keys/keycryptfe22145a/a5ddad39361447489f4e7ac16b0902dc","value":"NTA2M2U2YWFhODQ1ZjE1MDIwMDU0Nzk0NGZkMTk5Njc5Yzk4ZWQ2Zjk5ZGEwYTBiMmRhZmVhZjFmNDY4NDQ5NmZkNTMyYzFjMjI5OTY4Y2I5ZGVlNDQ5NTdmY2VmN2NjZWY1OWNlZGEwYjM2MmU1NmJjZDc4ZmQzZmFlZTU3ODFjNjIzYzBiYjIyYjM1YmVhYmRlMDY2NGZkMzBlMGU4MjRhYmEzZGQxYjBhZmZmYzRhM2Q5NTVlZGUyMGNmNmE4NTRkNTJjZmQ"}'}
    headers: {cache-control: no-cache, content-length: '380', content-type: application/json;
        charset=utf-8, date: 'Wed, 14 Aug 2019 22:12:11 GMT', expires: '-1', pragma: no-cache,
      server: Microsoft-IIS/10.0, strict-transport-security: max-age=31536000;includeSubDomains,
      x-aspnet-version: 4.0.30319, x-content-type-options: nosniff, x-ms-keyvault-network-info: addr=131.107.174.72;act_addr_fam=InterNetwork;,
      x-ms-keyvault-region: westus, x-ms-keyvault-service-version: 1.1.0.875, x-powered-by: ASP.NET}
    status: {code: 200, message: OK}
    url: !!python/object/new:yarl.URL
      state: !!python/tuple
      - !!python/object/new:urllib.parse.SplitResult [https, vaultfe22145a.vault.azure.net,
        /keys/keycryptfe22145a/a5ddad39361447489f4e7ac16b0902dc/decrypt, api-version=7.0,
        '']
version: 1
