interactions:
- request:
    body: null
    headers:
      Accept: [application/json]
      Content-Length: ['0']
      Content-Type: [application/json; charset=utf-8]
      User-Agent: [azsdk-python-keyvault-keys/4.0.0b2 Python/3.6.6 (Windows-10-10.0.18362-SP0)]
    method: POST
    uri: https://vaultaxnjywktbx9627173e.vault.azure.net/keys/key-name/create?api-version=7.0
  response:
    body: {string: '{"error":{"code":"Unauthorized","message":"Request is missing
        a Bearer or PoP token."}}'}
    headers: {cache-control: no-cache, content-length: '87', content-type: application/json;
        charset=utf-8, date: 'Tue, 27 Aug 2019 21:29:06 GMT', expires: '-1', pragma: no-cache,
      server: Microsoft-IIS/10.0, strict-transport-security: max-age=31536000;includeSubDomains,
      www-authenticate: 'Bearer authorization="https://login.windows.net/72f988bf-86f1-41af-91ab-2d7cd011db47",
        resource="https://vault.azure.net"', x-aspnet-version: 4.0.30319, x-content-type-options: nosniff,
      x-ms-keyvault-network-info: addr=131.107.160.72;act_addr_fam=InterNetwork;,
      x-ms-keyvault-region: westus, x-ms-keyvault-service-version: 1.1.0.876, x-powered-by: ASP.NET}
    status: {code: 401, message: Unauthorized}
    url: !!python/object/new:yarl.URL
      state: !!python/tuple
      - !!python/object/new:urllib.parse.SplitResult [https, vaultaxnjywktbx9627173e.vault.azure.net,
        /keys/key-name/create, api-version=7.0, '']
- request:
    body: '{"kty": "RSA", "key_size": 2048, "key_ops": ["encrypt", "decrypt", "sign",
      "verify", "wrapKey", "unwrapKey"], "attributes": {"exp": 2527401600}}'
    headers:
      Accept: [application/json]
      Content-Length: ['144']
      Content-Type: [application/json; charset=utf-8]
      User-Agent: [azsdk-python-keyvault-keys/4.0.0b2 Python/3.6.6 (Windows-10-10.0.18362-SP0)]
    method: POST
    uri: https://vaultaxnjywktbx9627173e.vault.azure.net/keys/key-name/create?api-version=7.0
  response:
    body: {string: '{"key":{"kid":"https://vaultaxnjywktbx9627173e.vault.azure.net/keys/key-name/6ab2a2f2eaae4f17a8c3e3195147486e","kty":"RSA","key_ops":["encrypt","decrypt","sign","verify","wrapKey","unwrapKey"],"n":"py1TdOsB3CLUIlwHgLq9r1XP55lmVZngxd9PIIay4pdxoMUmlWlC2Nj5l9krbhQOQNvy2cCo2sPWhVDU5jGPzjpY8ZVh2rIPLH9rLO2SwFkxjHQuToWO-cjCjw8VI9wsc67Kh_k6rDFd-gJEUkPfVoSFbbwEfykk5M3_XtNf-tRdGOQl1LPgFmbmu6TmhNbxOQldoqsTJKcusoFT_ZkKUDoMvjbRBybBndAgwNuLXU6lQLCTeR3AvSEvdIJiPlTiDoSseaBN5sFsKQRu0SKOF5auanEolybM-M7q6WFImWmOvC7jFFMn0-NdXretCbNwU_SEAqsO5HIbi1zkBsMeKw","e":"AQAB"},"attributes":{"enabled":true,"exp":2527401600,"created":1566941346,"updated":1566941346,"recoveryLevel":"Recoverable+Purgeable"}}'}
    headers: {cache-control: no-cache, content-length: '683', content-type: application/json;
        charset=utf-8, date: 'Tue, 27 Aug 2019 21:29:06 GMT', expires: '-1', pragma: no-cache,
      server: Microsoft-IIS/10.0, strict-transport-security: max-age=31536000;includeSubDomains,
      x-aspnet-version: 4.0.30319, x-content-type-options: nosniff, x-ms-keyvault-network-info: addr=131.107.160.72;act_addr_fam=InterNetwork;,
      x-ms-keyvault-region: westus, x-ms-keyvault-service-version: 1.1.0.876, x-powered-by: ASP.NET}
    status: {code: 200, message: OK}
    url: !!python/object/new:yarl.URL
      state: !!python/tuple
      - !!python/object/new:urllib.parse.SplitResult [https, vaultaxnjywktbx9627173e.vault.azure.net,
        /keys/key-name/create, api-version=7.0, '']
- request:
    body: '{"kty": "RSA-HSM", "key_size": 2048}'
    headers:
      Accept: [application/json]
      Content-Length: ['36']
      Content-Type: [application/json; charset=utf-8]
      User-Agent: [azsdk-python-keyvault-keys/4.0.0b2 Python/3.6.6 (Windows-10-10.0.18362-SP0)]
    method: POST
    uri: https://vaultaxnjywktbx9627173e.vault.azure.net/keys/key-name/create?api-version=7.0
  response:
    body: {string: '{"key":{"kid":"https://vaultaxnjywktbx9627173e.vault.azure.net/keys/key-name/3e7b8b13529c4a098b0a2f89f360ffb1","kty":"RSA-HSM","key_ops":["encrypt","decrypt","sign","verify","wrapKey","unwrapKey"],"n":"x6Ygb1j1UZuTeuyl1_kx2qYeSlpX9IWIQSQKzCY4O6CutB5FKZgu4IkvOf3XbUOOeUrciwevhN_ggEI2jT-J0Il-LymyOrGoaJbBg5JXtdIlxzHuOp6ADcBl8HRKGNrmKt-1xyiwM-s2QRDLAr7o3IAZJh6wcQo6y9LNIGG4zNlP3PRoboPbO_WyR4Dfa_rAhbrDlTmOGtejgWfcoYU0n2inVc9D4TRhvFmNdkxLHf4iMGfk5Ok-dJZmHwV1CxpVgp4nA4TZRnB10v2Ro2vulEJGkOgnsKCM6_oDGh3Kv7xNK5x_HRV4ID0a8AuoKkAyZ7696iI5lva08npc2M2umQ","e":"AAEAAQ"},"attributes":{"enabled":true,"created":1566941347,"updated":1566941347,"recoveryLevel":"Recoverable+Purgeable"}}'}
    headers: {cache-control: no-cache, content-length: '672', content-type: application/json;
        charset=utf-8, date: 'Tue, 27 Aug 2019 21:29:07 GMT', expires: '-1', pragma: no-cache,
      server: Microsoft-IIS/10.0, strict-transport-security: max-age=31536000;includeSubDomains,
      x-aspnet-version: 4.0.30319, x-content-type-options: nosniff, x-ms-keyvault-network-info: addr=131.107.160.72;act_addr_fam=InterNetwork;,
      x-ms-keyvault-region: westus, x-ms-keyvault-service-version: 1.1.0.876, x-powered-by: ASP.NET}
    status: {code: 200, message: OK}
    url: !!python/object/new:yarl.URL
      state: !!python/tuple
      - !!python/object/new:urllib.parse.SplitResult [https, vaultaxnjywktbx9627173e.vault.azure.net,
        /keys/key-name/create, api-version=7.0, '']
- request:
    body: '{"kty": "EC", "crv": "P-256"}'
    headers:
      Accept: [application/json]
      Content-Length: ['29']
      Content-Type: [application/json; charset=utf-8]
      User-Agent: [azsdk-python-keyvault-keys/4.0.0b2 Python/3.6.6 (Windows-10-10.0.18362-SP0)]
    method: POST
    uri: https://vaultaxnjywktbx9627173e.vault.azure.net/keys/key-name/create?api-version=7.0
  response:
    body: {string: '{"key":{"kid":"https://vaultaxnjywktbx9627173e.vault.azure.net/keys/key-name/229940d6e2d545faa4eb38551eb9e247","kty":"EC","key_ops":["sign","verify"],"crv":"P-256","x":"HZ7Ek3U1Zodb_8dl1nqM12tNZC44-jL2rMRJ-HlSbro","y":"ONl2Nu-TD0iYgf1shHtWxoLRhWB-_0d1IUc8hv_HqjQ"},"attributes":{"enabled":true,"created":1566941347,"updated":1566941347,"recoveryLevel":"Recoverable+Purgeable"}}'}
    headers: {cache-control: no-cache, content-length: '377', content-type: application/json;
        charset=utf-8, date: 'Tue, 27 Aug 2019 21:29:07 GMT', expires: '-1', pragma: no-cache,
      server: Microsoft-IIS/10.0, strict-transport-security: max-age=31536000;includeSubDomains,
      x-aspnet-version: 4.0.30319, x-content-type-options: nosniff, x-ms-keyvault-network-info: addr=131.107.160.72;act_addr_fam=InterNetwork;,
      x-ms-keyvault-region: westus, x-ms-keyvault-service-version: 1.1.0.876, x-powered-by: ASP.NET}
    status: {code: 200, message: OK}
    url: !!python/object/new:yarl.URL
      state: !!python/tuple
      - !!python/object/new:urllib.parse.SplitResult [https, vaultaxnjywktbx9627173e.vault.azure.net,
        /keys/key-name/create, api-version=7.0, '']
- request:
    body: null
    headers:
      Accept: [application/json]
      User-Agent: [azsdk-python-keyvault-keys/4.0.0b2 Python/3.6.6 (Windows-10-10.0.18362-SP0)]
    method: GET
    uri: https://vaultaxnjywktbx9627173e.vault.azure.net/keys/key-name/?api-version=7.0
  response:
    body: {string: '{"key":{"kid":"https://vaultaxnjywktbx9627173e.vault.azure.net/keys/key-name/229940d6e2d545faa4eb38551eb9e247","kty":"EC","key_ops":["sign","verify"],"crv":"P-256","x":"HZ7Ek3U1Zodb_8dl1nqM12tNZC44-jL2rMRJ-HlSbro","y":"ONl2Nu-TD0iYgf1shHtWxoLRhWB-_0d1IUc8hv_HqjQ"},"attributes":{"enabled":true,"created":1566941347,"updated":1566941347,"recoveryLevel":"Recoverable+Purgeable"}}'}
    headers: {cache-control: no-cache, content-length: '377', content-type: application/json;
        charset=utf-8, date: 'Tue, 27 Aug 2019 21:29:07 GMT', expires: '-1', pragma: no-cache,
      server: Microsoft-IIS/10.0, strict-transport-security: max-age=31536000;includeSubDomains,
      x-aspnet-version: 4.0.30319, x-content-type-options: nosniff, x-ms-keyvault-network-info: addr=131.107.160.72;act_addr_fam=InterNetwork;,
      x-ms-keyvault-region: westus, x-ms-keyvault-service-version: 1.1.0.876, x-powered-by: ASP.NET}
    status: {code: 200, message: OK}
    url: !!python/object/new:yarl.URL
      state: !!python/tuple
      - !!python/object/new:urllib.parse.SplitResult [https, vaultaxnjywktbx9627173e.vault.azure.net,
        /keys/key-name/, api-version=7.0, '']
- request:
    body: null
    headers:
      Accept: [application/json]
      User-Agent: [azsdk-python-keyvault-keys/4.0.0b2 Python/3.6.6 (Windows-10-10.0.18362-SP0)]
    method: GET
    uri: https://vaultaxnjywktbx9627173e.vault.azure.net/keys/key-name/229940d6e2d545faa4eb38551eb9e247?api-version=7.0
  response:
    body: {string: '{"key":{"kid":"https://vaultaxnjywktbx9627173e.vault.azure.net/keys/key-name/229940d6e2d545faa4eb38551eb9e247","kty":"EC","key_ops":["sign","verify"],"crv":"P-256","x":"HZ7Ek3U1Zodb_8dl1nqM12tNZC44-jL2rMRJ-HlSbro","y":"ONl2Nu-TD0iYgf1shHtWxoLRhWB-_0d1IUc8hv_HqjQ"},"attributes":{"enabled":true,"created":1566941347,"updated":1566941347,"recoveryLevel":"Recoverable+Purgeable"}}'}
    headers: {cache-control: no-cache, content-length: '377', content-type: application/json;
        charset=utf-8, date: 'Tue, 27 Aug 2019 21:29:07 GMT', expires: '-1', pragma: no-cache,
      server: Microsoft-IIS/10.0, strict-transport-security: max-age=31536000;includeSubDomains,
      x-aspnet-version: 4.0.30319, x-content-type-options: nosniff, x-ms-keyvault-network-info: addr=131.107.160.72;act_addr_fam=InterNetwork;,
      x-ms-keyvault-region: westus, x-ms-keyvault-service-version: 1.1.0.876, x-powered-by: ASP.NET}
    status: {code: 200, message: OK}
    url: !!python/object/new:yarl.URL
      state: !!python/tuple
      - !!python/object/new:urllib.parse.SplitResult [https, vaultaxnjywktbx9627173e.vault.azure.net,
        /keys/key-name/229940d6e2d545faa4eb38551eb9e247, api-version=7.0, '']
- request:
    body: '{"attributes": {"exp": 2524723200}, "tags": {"foo": "updated tag"}}'
    headers:
      Accept: [application/json]
      Content-Length: ['67']
      Content-Type: [application/json; charset=utf-8]
      User-Agent: [azsdk-python-keyvault-keys/4.0.0b2 Python/3.6.6 (Windows-10-10.0.18362-SP0)]
    method: PATCH
    uri: https://vaultaxnjywktbx9627173e.vault.azure.net/keys/key-name/?api-version=7.0
  response:
    body: {string: '{"key":{"kid":"https://vaultaxnjywktbx9627173e.vault.azure.net/keys/key-name/229940d6e2d545faa4eb38551eb9e247","kty":"EC","key_ops":["sign","verify"],"crv":"P-256","x":"HZ7Ek3U1Zodb_8dl1nqM12tNZC44-jL2rMRJ-HlSbro","y":"ONl2Nu-TD0iYgf1shHtWxoLRhWB-_0d1IUc8hv_HqjQ"},"attributes":{"enabled":true,"exp":2524723200,"created":1566941347,"updated":1566941347,"recoveryLevel":"Recoverable+Purgeable"},"tags":{"foo":"updated
        tag"}}'}
    headers: {cache-control: no-cache, content-length: '423', content-type: application/json;
        charset=utf-8, date: 'Tue, 27 Aug 2019 21:29:07 GMT', expires: '-1', pragma: no-cache,
      server: Microsoft-IIS/10.0, strict-transport-security: max-age=31536000;includeSubDomains,
      x-aspnet-version: 4.0.30319, x-content-type-options: nosniff, x-ms-keyvault-network-info: addr=131.107.160.72;act_addr_fam=InterNetwork;,
      x-ms-keyvault-region: westus, x-ms-keyvault-service-version: 1.1.0.876, x-powered-by: ASP.NET}
    status: {code: 200, message: OK}
    url: !!python/object/new:yarl.URL
      state: !!python/tuple
      - !!python/object/new:urllib.parse.SplitResult [https, vaultaxnjywktbx9627173e.vault.azure.net,
        /keys/key-name/, api-version=7.0, '']
- request:
    body: null
    headers:
      Accept: [application/json]
      User-Agent: [azsdk-python-keyvault-keys/4.0.0b2 Python/3.6.6 (Windows-10-10.0.18362-SP0)]
    method: DELETE
    uri: https://vaultaxnjywktbx9627173e.vault.azure.net/keys/key-name?api-version=7.0
  response:
    body: {string: '{"recoveryId":"https://vaultaxnjywktbx9627173e.vault.azure.net/deletedkeys/key-name","deletedDate":1566941347,"scheduledPurgeDate":1574717347,"key":{"kid":"https://vaultaxnjywktbx9627173e.vault.azure.net/keys/key-name/229940d6e2d545faa4eb38551eb9e247","kty":"EC","key_ops":["sign","verify"],"crv":"P-256","x":"HZ7Ek3U1Zodb_8dl1nqM12tNZC44-jL2rMRJ-HlSbro","y":"ONl2Nu-TD0iYgf1shHtWxoLRhWB-_0d1IUc8hv_HqjQ"},"attributes":{"enabled":true,"exp":2524723200,"created":1566941347,"updated":1566941347,"recoveryLevel":"Recoverable+Purgeable"},"tags":{"foo":"updated
        tag"}}'}
    headers: {cache-control: no-cache, content-length: '564', content-type: application/json;
        charset=utf-8, date: 'Tue, 27 Aug 2019 21:29:07 GMT', expires: '-1', pragma: no-cache,
      server: Microsoft-IIS/10.0, strict-transport-security: max-age=31536000;includeSubDomains,
      x-aspnet-version: 4.0.30319, x-content-type-options: nosniff, x-ms-keyvault-network-info: addr=131.107.160.72;act_addr_fam=InterNetwork;,
      x-ms-keyvault-region: westus, x-ms-keyvault-service-version: 1.1.0.876, x-powered-by: ASP.NET}
    status: {code: 200, message: OK}
    url: !!python/object/new:yarl.URL
      state: !!python/tuple
      - !!python/object/new:urllib.parse.SplitResult [https, vaultaxnjywktbx9627173e.vault.azure.net,
        /keys/key-name, api-version=7.0, '']
version: 1
