interactions:
- request:
    body: null
    headers:
      Accept:
      - application/json
      Content-Length:
      - '0'
      Content-Type:
      - application/json; charset=utf-8
      User-Agent:
      - azsdk-python-keyvault-keys/4.0.0b5 Python/3.6.6 (Windows-10-10.0.18362-SP0)
    method: POST
    uri: https://vault458ad70cc7b4dd0c0a.vault.azure.net/keys/key0/create?api-version=7.0
  response:
    body:
      string: '{"error":{"code":"Unauthorized","message":"Request is missing a Bearer
        or PoP token."}}'
    headers:
      cache-control: no-cache
      content-length: '87'
      content-type: application/json; charset=utf-8
      date: Mon, 21 Oct 2019 22:55:34 GMT
      expires: '-1'
      pragma: no-cache
      server: Microsoft-IIS/10.0
      strict-transport-security: max-age=31536000;includeSubDomains
      www-authenticate: Bearer authorization="https://login.windows.net/72f988bf-86f1-41af-91ab-2d7cd011db47",
        resource="https://vault.azure.net"
      x-aspnet-version: 4.0.30319
      x-content-type-options: nosniff
      x-ms-keyvault-network-info: addr=131.107.160.72;act_addr_fam=InterNetwork;
      x-ms-keyvault-region: westus
      x-ms-keyvault-service-version: 1.1.0.879
      x-powered-by: ASP.NET
    status:
      code: 401
      message: Unauthorized
    url: !!python/object/new:yarl.URL
      state: !!python/tuple
      - !!python/object/new:urllib.parse.SplitResult
        - https
        - vault458ad70cc7b4dd0c0a.vault.azure.net
        - /keys/key0/create
        - api-version=7.0
        - ''
- request:
    body: '{"kty": "RSA"}'
    headers:
      Accept:
      - application/json
      Content-Length:
      - '14'
      Content-Type:
      - application/json; charset=utf-8
      User-Agent:
      - azsdk-python-keyvault-keys/4.0.0b5 Python/3.6.6 (Windows-10-10.0.18362-SP0)
    method: POST
    uri: https://vault458ad70cc7b4dd0c0a.vault.azure.net/keys/key0/create?api-version=7.0
  response:
    body:
      string: '{"key":{"kid":"https://vault458ad70cc7b4dd0c0a.vault.azure.net/keys/key0/5d87d65598244a9b96732322ae4f4ffa","kty":"RSA","key_ops":["encrypt","decrypt","sign","verify","wrapKey","unwrapKey"],"n":"zwr1vKuxP057c5kkMBkMRDe8ABL_TDA4kKQkk9OK--AVmTiURgJd5veg4zJAH1I0DxiZRp7yb1ZSF2_NDVuTR9tg2R1b059QayINGJ6KqBlfHEi_KB-9XD7_RwxfMmQ4d-sCdUFL9W-7BkEms4lAcR_-kWZ5ZaxbFjfs7ynOcEk4t4pQlFniZ_fB9LA6S6cgRZeXAfu8zE6eHHR9Q-VY_RbWLZhwJN8gG5e3AjFk8bB_zNIl3ohk-mgHS5sjetz4NgJrzgHkHKNUT8DjeOOshyevTjfHE4mCLUEIQtE2zt-GhgYist-yUfCcTvjTMA4Sg-4J1dDwTBEcVcUfAT8isQ","e":"AQAB"},"attributes":{"enabled":true,"created":1571698535,"updated":1571698535,"recoveryLevel":"Purgeable"}}'
    headers:
      cache-control: no-cache
      content-length: '650'
      content-type: application/json; charset=utf-8
      date: Mon, 21 Oct 2019 22:55:34 GMT
      expires: '-1'
      pragma: no-cache
      server: Microsoft-IIS/10.0
      strict-transport-security: max-age=31536000;includeSubDomains
      x-aspnet-version: 4.0.30319
      x-content-type-options: nosniff
      x-ms-keyvault-network-info: addr=131.107.160.72;act_addr_fam=InterNetwork;
      x-ms-keyvault-region: westus
      x-ms-keyvault-service-version: 1.1.0.879
      x-powered-by: ASP.NET
    status:
      code: 200
      message: OK
    url: !!python/object/new:yarl.URL
      state: !!python/tuple
      - !!python/object/new:urllib.parse.SplitResult
        - https
        - vault458ad70cc7b4dd0c0a.vault.azure.net
        - /keys/key0/create
        - api-version=7.0
        - ''
- request:
    body: '{"kty": "RSA"}'
    headers:
      Accept:
      - application/json
      Content-Length:
      - '14'
      Content-Type:
      - application/json; charset=utf-8
      User-Agent:
      - azsdk-python-keyvault-keys/4.0.0b5 Python/3.6.6 (Windows-10-10.0.18362-SP0)
    method: POST
    uri: https://vault458ad70cc7b4dd0c0a.vault.azure.net/keys/key1/create?api-version=7.0
  response:
    body:
      string: '{"key":{"kid":"https://vault458ad70cc7b4dd0c0a.vault.azure.net/keys/key1/d3cae368a4084cbf8efffbc68f40596a","kty":"RSA","key_ops":["encrypt","decrypt","sign","verify","wrapKey","unwrapKey"],"n":"vHucqP3OT2lPeoHASp8pzw_HhgbyAKRo96oeBEWjhvZpxJJ-CkuwYJy-TAO1ThT5UfPpYcCaURnNsK6Do7lbhtILaxqMJhF15ZJf7G2XMJUlhrHYOu0OXs1VXj4KqifuADMEeD7B5K58OPpJkD_8z6SYL_jF1sisl_e5s0wgvj1-m_rfChjakFoau249Uu-GdgAgyoQQ0iBMIF-7a4P2fU0dsKkV8HjJPa2xiSbaZ_bMgVT6PKDmOXA23wIQQyxAs-3aucSerW2dyv9GGXmoyHuBieBRVSGd3Mn62OXTm1_v1LD4_kJSn8_8TtpUuEOevAwDzUgc4OQ04I4G7b6i1w","e":"AQAB"},"attributes":{"enabled":true,"created":1571698535,"updated":1571698535,"recoveryLevel":"Purgeable"}}'
    headers:
      cache-control: no-cache
      content-length: '650'
      content-type: application/json; charset=utf-8
      date: Mon, 21 Oct 2019 22:55:34 GMT
      expires: '-1'
      pragma: no-cache
      server: Microsoft-IIS/10.0
      strict-transport-security: max-age=31536000;includeSubDomains
      x-aspnet-version: 4.0.30319
      x-content-type-options: nosniff
      x-ms-keyvault-network-info: addr=131.107.160.72;act_addr_fam=InterNetwork;
      x-ms-keyvault-region: westus
      x-ms-keyvault-service-version: 1.1.0.879
      x-powered-by: ASP.NET
    status:
      code: 200
      message: OK
    url: !!python/object/new:yarl.URL
      state: !!python/tuple
      - !!python/object/new:urllib.parse.SplitResult
        - https
        - vault458ad70cc7b4dd0c0a.vault.azure.net
        - /keys/key1/create
        - api-version=7.0
        - ''
- request:
    body: '{"kty": "RSA"}'
    headers:
      Accept:
      - application/json
      Content-Length:
      - '14'
      Content-Type:
      - application/json; charset=utf-8
      User-Agent:
      - azsdk-python-keyvault-keys/4.0.0b5 Python/3.6.6 (Windows-10-10.0.18362-SP0)
    method: POST
    uri: https://vault458ad70cc7b4dd0c0a.vault.azure.net/keys/key2/create?api-version=7.0
  response:
    body:
      string: '{"key":{"kid":"https://vault458ad70cc7b4dd0c0a.vault.azure.net/keys/key2/c8d0285b39b44881a0979f5cb4f3cc7b","kty":"RSA","key_ops":["encrypt","decrypt","sign","verify","wrapKey","unwrapKey"],"n":"lZoMj_Eqv4rC09R51Tw36XMFsVdl7efsQJCf3JKU7DBLM0Gtyv47eJ6jA32zSImyNpOugmCKacnJB4f6qDhR2d1lSTv-bDbp5NBZam2YVR2bVPFbW6V3iop8e-TLvfjSep7UHchA3EUcAiH7SqOHyeUpcEe15sJygQm0l6WCrTjunHR5TSYVERyj4XmvdmhgdTL377uuXVZ3TqTOfZEW0kO7kvTVoqUmEay6yQ4E6QGdparnT02U32PHK9YEDiGRwFYDY4_esr4RQNXNFc9Zcaw5KM_sjpmqcdCe6d9rJ5c57UzdJ5urRMdpqExjZRM8viyIoRjYQiO8z0adIQ4_Bw","e":"AQAB"},"attributes":{"enabled":true,"created":1571698535,"updated":1571698535,"recoveryLevel":"Purgeable"}}'
    headers:
      cache-control: no-cache
      content-length: '650'
      content-type: application/json; charset=utf-8
      date: Mon, 21 Oct 2019 22:55:34 GMT
      expires: '-1'
      pragma: no-cache
      server: Microsoft-IIS/10.0
      strict-transport-security: max-age=31536000;includeSubDomains
      x-aspnet-version: 4.0.30319
      x-content-type-options: nosniff
      x-ms-keyvault-network-info: addr=131.107.160.72;act_addr_fam=InterNetwork;
      x-ms-keyvault-region: westus
      x-ms-keyvault-service-version: 1.1.0.879
      x-powered-by: ASP.NET
    status:
      code: 200
      message: OK
    url: !!python/object/new:yarl.URL
      state: !!python/tuple
      - !!python/object/new:urllib.parse.SplitResult
        - https
        - vault458ad70cc7b4dd0c0a.vault.azure.net
        - /keys/key2/create
        - api-version=7.0
        - ''
- request:
    body: '{"kty": "RSA"}'
    headers:
      Accept:
      - application/json
      Content-Length:
      - '14'
      Content-Type:
      - application/json; charset=utf-8
      User-Agent:
      - azsdk-python-keyvault-keys/4.0.0b5 Python/3.6.6 (Windows-10-10.0.18362-SP0)
    method: POST
    uri: https://vault458ad70cc7b4dd0c0a.vault.azure.net/keys/key3/create?api-version=7.0
  response:
    body:
      string: '{"key":{"kid":"https://vault458ad70cc7b4dd0c0a.vault.azure.net/keys/key3/ef4800c0b7ae4b21822be84a53c11084","kty":"RSA","key_ops":["encrypt","decrypt","sign","verify","wrapKey","unwrapKey"],"n":"rBGsoq-gxB7IIBZNAE6-JNgvD3-GPlKKrkh7yiB3-USM8Ij9sdQBIX_Y24DR8BYXTiZ3CPiC77v_-5emhyUs5lVVwXJbnnvPLnJC4XDfAfcsxEfAh3kCedfjcX0ipn22HMvBTMQfgUuvgXHpcobU45E9TP4ob4F2a5ZQ0N7oQ5svazpQgZWn59RKp86a-QDC1BgECfQ0kuTtwaKUal14Q68_78s0YpUt7woUR8AH0SjuMNrvijPCBnc1GHX74zsahXjqkE1J1MiZ_RfafkyakdDKLFdiD54tVuibhkGDqEloQg8wl6RTNRsETNQRE2jayzZyiYdczz3i0yKovmoKNQ","e":"AQAB"},"attributes":{"enabled":true,"created":1571698536,"updated":1571698536,"recoveryLevel":"Purgeable"}}'
    headers:
      cache-control: no-cache
      content-length: '650'
      content-type: application/json; charset=utf-8
      date: Mon, 21 Oct 2019 22:55:36 GMT
      expires: '-1'
      pragma: no-cache
      server: Microsoft-IIS/10.0
      strict-transport-security: max-age=31536000;includeSubDomains
      x-aspnet-version: 4.0.30319
      x-content-type-options: nosniff
      x-ms-keyvault-network-info: addr=131.107.160.72;act_addr_fam=InterNetwork;
      x-ms-keyvault-region: westus
      x-ms-keyvault-service-version: 1.1.0.879
      x-powered-by: ASP.NET
    status:
      code: 200
      message: OK
    url: !!python/object/new:yarl.URL
      state: !!python/tuple
      - !!python/object/new:urllib.parse.SplitResult
        - https
        - vault458ad70cc7b4dd0c0a.vault.azure.net
        - /keys/key3/create
        - api-version=7.0
        - ''
- request:
    body: '{"kty": "RSA"}'
    headers:
      Accept:
      - application/json
      Content-Length:
      - '14'
      Content-Type:
      - application/json; charset=utf-8
      User-Agent:
      - azsdk-python-keyvault-keys/4.0.0b5 Python/3.6.6 (Windows-10-10.0.18362-SP0)
    method: POST
    uri: https://vault458ad70cc7b4dd0c0a.vault.azure.net/keys/key4/create?api-version=7.0
  response:
    body:
      string: '{"key":{"kid":"https://vault458ad70cc7b4dd0c0a.vault.azure.net/keys/key4/75f08b9028f647d185c1df67d4eae5a4","kty":"RSA","key_ops":["encrypt","decrypt","sign","verify","wrapKey","unwrapKey"],"n":"lnk-Wu2S8unTZbY5NlM0ltF1KZvTE_8tE4F7UdomD7kltq9u2YrIjC1MymmogllaN-nIqxAXLsBWPIMGP591UcMWHdOBa8Eois55Prl_3zaMOrULqVr4kzyZhJE3TJQd94Hz9grj-BM1TN8gCot6UdXfl41HYosWlK2-RdgwtO6OAYu3JoNfSOoloDPw25X1lyhMh6hg5VX2pgl7v4Z-yVs3nbkLl5KdRJD8RS_Fru8-oMNwtZbXBveKH_l7Yjb1EhjsvXVcXtryATRjeLCkN5yNcTnZW8pX2vWsbYT76wysp_1ev1Jk87OsxaxguKiq9zZDNNLXEIKVLt3MoWu0Aw","e":"AQAB"},"attributes":{"enabled":true,"created":1571698536,"updated":1571698536,"recoveryLevel":"Purgeable"}}'
    headers:
      cache-control: no-cache
      content-length: '650'
      content-type: application/json; charset=utf-8
      date: Mon, 21 Oct 2019 22:55:36 GMT
      expires: '-1'
      pragma: no-cache
      server: Microsoft-IIS/10.0
      strict-transport-security: max-age=31536000;includeSubDomains
      x-aspnet-version: 4.0.30319
      x-content-type-options: nosniff
      x-ms-keyvault-network-info: addr=131.107.160.72;act_addr_fam=InterNetwork;
      x-ms-keyvault-region: westus
      x-ms-keyvault-service-version: 1.1.0.879
      x-powered-by: ASP.NET
    status:
      code: 200
      message: OK
    url: !!python/object/new:yarl.URL
      state: !!python/tuple
      - !!python/object/new:urllib.parse.SplitResult
        - https
        - vault458ad70cc7b4dd0c0a.vault.azure.net
        - /keys/key4/create
        - api-version=7.0
        - ''
- request:
    body: '{"kty": "RSA"}'
    headers:
      Accept:
      - application/json
      Content-Length:
      - '14'
      Content-Type:
      - application/json; charset=utf-8
      User-Agent:
      - azsdk-python-keyvault-keys/4.0.0b5 Python/3.6.6 (Windows-10-10.0.18362-SP0)
    method: POST
    uri: https://vault458ad70cc7b4dd0c0a.vault.azure.net/keys/key5/create?api-version=7.0
  response:
    body:
      string: '{"key":{"kid":"https://vault458ad70cc7b4dd0c0a.vault.azure.net/keys/key5/a35df97c3f6248bbbd5e6943ff274893","kty":"RSA","key_ops":["encrypt","decrypt","sign","verify","wrapKey","unwrapKey"],"n":"6vVBl67YQkXjDTZGhYeTk3gR0TpL3oWKVERFnpHoDw3OD4ZWR-mFrjIJvLtYUViRxLcmmMMq-rrGVhCFKKzjvkqfG4QjRGybavF9-NiVuJdMYIybXVbfph2VH8yem-9srUrEl74CQeqZtu3Pag5hrognTs82yzsAsoUU59bvJUnSybUyIxGDWb05b_qvvWGy5Jp7c3fLQDcZ4gKCOj1WS-NvaVephO4Yj8O2pdtmEKt7Mf8RkNsLSSyL3_1a5i2aiWxoTRIlArXU-AKwtxUBUGlAsknh3mpPQ-NJpiC3GcUnsNNAAp_yGmWRmxwvop6S4d05qSs6unGhMOagoieFxQ","e":"AQAB"},"attributes":{"enabled":true,"created":1571698536,"updated":1571698536,"recoveryLevel":"Purgeable"}}'
    headers:
      cache-control: no-cache
      content-length: '650'
      content-type: application/json; charset=utf-8
      date: Mon, 21 Oct 2019 22:55:36 GMT
      expires: '-1'
      pragma: no-cache
      server: Microsoft-IIS/10.0
      strict-transport-security: max-age=31536000;includeSubDomains
      x-aspnet-version: 4.0.30319
      x-content-type-options: nosniff
      x-ms-keyvault-network-info: addr=131.107.160.72;act_addr_fam=InterNetwork;
      x-ms-keyvault-region: westus
      x-ms-keyvault-service-version: 1.1.0.879
      x-powered-by: ASP.NET
    status:
      code: 200
      message: OK
    url: !!python/object/new:yarl.URL
      state: !!python/tuple
      - !!python/object/new:urllib.parse.SplitResult
        - https
        - vault458ad70cc7b4dd0c0a.vault.azure.net
        - /keys/key5/create
        - api-version=7.0
        - ''
- request:
    body: '{"kty": "RSA"}'
    headers:
      Accept:
      - application/json
      Content-Length:
      - '14'
      Content-Type:
      - application/json; charset=utf-8
      User-Agent:
      - azsdk-python-keyvault-keys/4.0.0b5 Python/3.6.6 (Windows-10-10.0.18362-SP0)
    method: POST
    uri: https://vault458ad70cc7b4dd0c0a.vault.azure.net/keys/key6/create?api-version=7.0
  response:
    body:
      string: '{"key":{"kid":"https://vault458ad70cc7b4dd0c0a.vault.azure.net/keys/key6/3ff90f4055334d578db4afa936fc999b","kty":"RSA","key_ops":["encrypt","decrypt","sign","verify","wrapKey","unwrapKey"],"n":"1WXK_TBoosq7BW_sUK_3LwOH5jU5HUA8RksPapQgtyoSm-GekFvibf1TNT_Q5K9KWmjacSAHI0sJZGETEK6_-6T8mrkx3AQiqf1e7cGjx60bc59-bgO1_Qc4imx8-okLkn_VnVouwCwR4qKDmVfpgqiH6w9QvPJZX1OzYs5CVinrg6lvd6Ykn5M1_CYuEpJzHjuJiKx20iAsEg-Qx6-IX8hXa2cNj7mIs1L3dXUNFc7k7rbdlVkjkfPwtB7BCvl00gWN_eGGWz9xQKQDbXJDXOLYX_0KWS0B56NfOpg4ZImsBr9afEqRdILGVY7CG5onawOObcCkxdQDkdAKA-BRHQ","e":"AQAB"},"attributes":{"enabled":true,"created":1571698536,"updated":1571698536,"recoveryLevel":"Purgeable"}}'
    headers:
      cache-control: no-cache
      content-length: '650'
      content-type: application/json; charset=utf-8
      date: Mon, 21 Oct 2019 22:55:36 GMT
      expires: '-1'
      pragma: no-cache
      server: Microsoft-IIS/10.0
      strict-transport-security: max-age=31536000;includeSubDomains
      x-aspnet-version: 4.0.30319
      x-content-type-options: nosniff
      x-ms-keyvault-network-info: addr=131.107.160.72;act_addr_fam=InterNetwork;
      x-ms-keyvault-region: westus
      x-ms-keyvault-service-version: 1.1.0.879
      x-powered-by: ASP.NET
    status:
      code: 200
      message: OK
    url: !!python/object/new:yarl.URL
      state: !!python/tuple
      - !!python/object/new:urllib.parse.SplitResult
        - https
        - vault458ad70cc7b4dd0c0a.vault.azure.net
        - /keys/key6/create
        - api-version=7.0
        - ''
- request:
    body: null
    headers:
      Accept:
      - application/json
      User-Agent:
      - azsdk-python-keyvault-keys/4.0.0b5 Python/3.6.6 (Windows-10-10.0.18362-SP0)
    method: GET
    uri: https://vault458ad70cc7b4dd0c0a.vault.azure.net/keys?maxresults=7&api-version=7.0
  response:
    body:
      string: '{"value":[{"kid":"https://vault458ad70cc7b4dd0c0a.vault.azure.net/keys/key0","attributes":{"enabled":true,"created":1571698535,"updated":1571698535,"recoveryLevel":"Purgeable"}},{"kid":"https://vault458ad70cc7b4dd0c0a.vault.azure.net/keys/key1","attributes":{"enabled":true,"created":1571698535,"updated":1571698535,"recoveryLevel":"Purgeable"}},{"kid":"https://vault458ad70cc7b4dd0c0a.vault.azure.net/keys/key2","attributes":{"enabled":true,"created":1571698535,"updated":1571698535,"recoveryLevel":"Purgeable"}},{"kid":"https://vault458ad70cc7b4dd0c0a.vault.azure.net/keys/key3","attributes":{"enabled":true,"created":1571698536,"updated":1571698536,"recoveryLevel":"Purgeable"}},{"kid":"https://vault458ad70cc7b4dd0c0a.vault.azure.net/keys/key4","attributes":{"enabled":true,"created":1571698536,"updated":1571698536,"recoveryLevel":"Purgeable"}},{"kid":"https://vault458ad70cc7b4dd0c0a.vault.azure.net/keys/key5","attributes":{"enabled":true,"created":1571698536,"updated":1571698536,"recoveryLevel":"Purgeable"}},{"kid":"https://vault458ad70cc7b4dd0c0a.vault.azure.net/keys/key6","attributes":{"enabled":true,"created":1571698536,"updated":1571698536,"recoveryLevel":"Purgeable"}}],"nextLink":null}'
    headers:
      cache-control: no-cache
      content-length: '1203'
      content-type: application/json; charset=utf-8
      date: Mon, 21 Oct 2019 22:55:36 GMT
      expires: '-1'
      pragma: no-cache
      server: Microsoft-IIS/10.0
      strict-transport-security: max-age=31536000;includeSubDomains
      x-aspnet-version: 4.0.30319
      x-content-type-options: nosniff
      x-ms-keyvault-network-info: addr=131.107.160.72;act_addr_fam=InterNetwork;
      x-ms-keyvault-region: westus
      x-ms-keyvault-service-version: 1.1.0.879
      x-powered-by: ASP.NET
    status:
      code: 200
      message: OK
    url: !!python/object/new:yarl.URL
      state: !!python/tuple
      - !!python/object/new:urllib.parse.SplitResult
        - https
        - vault458ad70cc7b4dd0c0a.vault.azure.net
        - /keys
        - maxresults=7&api-version=7.0
        - ''
version: 1
