interactions:
- request:
    body: null
    headers:
      Accept:
      - application/json
      Accept-Encoding:
      - gzip, deflate
      Connection:
      - keep-alive
      Content-Length:
      - '0'
      Content-Type:
      - application/json
      User-Agent:
      - azsdk-python-keyvault-keys/4.5.0b1 Python/3.5.3 (Windows-10-10.0.19041-SP0)
    method: POST
    uri: https://managedhsmname.managedhsm.azure.net/keys/livekvtestencrypt-local27b6152d/create?api-version=7.3-preview
  response:
    body:
      string: ''
    headers:
      cache-control:
      - no-cache
      content-length:
      - '0'
      content-security-policy:
      - default-src 'self'
      content-type:
      - application/json; charset=utf-8
      strict-transport-security:
      - max-age=31536000; includeSubDomains
      www-authenticate:
      - Bearer authorization="https://login.microsoftonline.com/72f988bf-86f1-41af-91ab-2d7cd011db47",
        resource="https://managedhsm.azure.net"
      x-content-type-options:
      - nosniff
      x-frame-options:
      - SAMEORIGIN
      x-ms-server-latency:
      - '0'
    status:
      code: 401
      message: Unauthorized
- request:
    body: '{"key_size": 4096, "kty": "RSA-HSM"}'
    headers:
      Accept:
      - application/json
      Accept-Encoding:
      - gzip, deflate
      Connection:
      - keep-alive
      Content-Length:
      - '36'
      Content-Type:
      - application/json
      User-Agent:
      - azsdk-python-keyvault-keys/4.5.0b1 Python/3.5.3 (Windows-10-10.0.19041-SP0)
    method: POST
    uri: https://managedhsmname.managedhsm.azure.net/keys/livekvtestencrypt-local27b6152d/create?api-version=7.3-preview
  response:
    body:
      string: '{"attributes":{"created":1618440972,"enabled":true,"exportable":false,"recoverableDays":90,"recoveryLevel":"Recoverable+Purgeable","updated":1618440972},"key":{"e":"AQAB","key_ops":["wrapKey","decrypt","encrypt","unwrapKey","sign","verify"],"kid":"https://managedhsmname.managedhsm.azure.net/keys/livekvtestencrypt-local27b6152d/35d1728abc550260a582b6f82019a597","kty":"RSA-HSM","n":"pd7pLBKGyucQ8yVQrlMcRqhsj9ninuSZqYEAmx_6t0p1qV1PKAYm9eLX7grRokAXrFGtXXse3NsDS7-hjuMRIO7fN9x-FT44i39b-q_ZQFxjOKHZ8qsAGdd_-ZnMkcmMHbArJii_HicITB8NbT3xziKnJoniO51hoFWnGbxhjFAgmDn9eT-BzKkxwjZjniseGGpjBOqbU-UF-VvNMSx4Dp2WaCbVMVwPMWskJWLYGGIXo1t5zeurhYNaur7d1j9sECjYYdw2uQtdvbDNd0KE-I5NXgNb1xuXKa8-XLn_Uz6Hr_h_o8vkk1D003_UM7_13dmT85vIvDpH-sjL8ZucmayQapdYpUriL_7SIMCDfjAI6GGfprFF8raR_vRyLjpMREXFd84tYNkJlfRllE9SDqMvxGOQGAdYfeVtdPwCJFw9t5VjgkW7LmergRvMRvoT242x8WSuk4KCqhfDeR1bOHHq9cU5njD5vJDBN_r6wUIIaW8JAXGl_MsG5wyjc95O9rqiiRx2HApUCQVQGNprkqAL8ZvnMqmOKZv-cVqUQFF6_wZ0gcPy5HiRJmWwq8jKYmqyJcd3jb325xRgCnPRRxMh8s0wCUe1vrbyMvzERoW0a1vEbVFNUX84YfQIEv34iDKc7yH02aoAZ3ZU71UNPuEg9Y4JhRZdha-GREwA5_8"}}'
    headers:
      cache-control:
      - no-cache
      content-length:
      - '1071'
      content-security-policy:
      - default-src 'self'
      content-type:
      - application/json; charset=utf-8
      strict-transport-security:
      - max-age=31536000; includeSubDomains
      x-content-type-options:
      - nosniff
      x-frame-options:
      - SAMEORIGIN
      x-ms-keyvault-network-info:
      - conn_type=Ipv4;addr=172.92.159.124;act_addr_fam=Ipv4;
      x-ms-keyvault-region:
      - eastus2
      x-ms-server-latency:
      - '327'
    status:
      code: 200
      message: OK
- request:
    body: '{"alg": "RSA-OAEP", "value": "kdQ4cADSVsIkpJ9_6wweoFhlkxICcxM9BOD-4IymehDc5O2chxpvnEaH3LVayL4b3nRJB74gONYYJ4L37N3i70eiKjv4H1VRkndRNzSPoFqtPpZ7fOXghBJU58Jo2uZV3dpCR2QdC1ocEL9p6HbKi5EcKTysxrSmpuJcqt5Btor_uHVwWOEBtdaofy62eEDars3z6FXi2xW0VpmFs1eGlWqKWM4Ahds7HlEdAhpfDKPyM8Y2w-bAQ9gtts419NVBboZElJ5rD_uDy-XK0_aE38FB-Hx-Dr9vrmDBf6Vb1TFRT5a1T77I1x_X8ZRah96fJyzKW_cT9jO1-pptwZyJz_Z3hoBkIefbSvGffaXhNvXU3vggtGQE6UNg9bl2CvXqngqW5EbGDEq7XaGN_VAayQumsCEY7kSv_Ih9zdbJD6YfodvKDGYL5KmgsbAvwkvcVmnTu9-RFmXzXEzHydvAMR4MjvL6eopDKmP3FJh9tmENtIluknidzICI51FDkiJDIKH7F_xKz6N8mneRHhXH4mSAJ7PAkrovr4wPfl8Kupw88XDWioTQsCWsib8IK8tIwCo3KODUHS4a42qQAPhSETO-Zh9IZxsQDPlkqWJmw8A2_VSMrwvpeRj3bch4P5JYy3db_wOE0sErgf7tdMfwLAMFOL_9HHNNzACkFwYOAl0"}'
    headers:
      Accept:
      - application/json
      Accept-Encoding:
      - gzip, deflate
      Connection:
      - keep-alive
      Content-Length:
      - '715'
      Content-Type:
      - application/json
      User-Agent:
      - azsdk-python-keyvault-keys/4.5.0b1 Python/3.5.3 (Windows-10-10.0.19041-SP0)
    method: POST
    uri: https://managedhsmname.managedhsm.azure.net/keys/livekvtestencrypt-local27b6152d/35d1728abc550260a582b6f82019a597/decrypt?api-version=7.3-preview
  response:
    body:
      string: '{"alg":"RSA-OAEP","kid":"https://managedhsmname.managedhsm.azure.net/keys/livekvtestencrypt-local27b6152d/35d1728abc550260a582b6f82019a597","value":"NTA2M2U2YWFhODQ1ZjE1MDIwMDU0Nzk0NGZkMTk5Njc5Yzk4ZWQ2Zjk5ZGEwYTBiMmRhZmVhZjFmNDY4NDQ5NmZkNTMyYzFjMjI5OTY4Y2I5ZGVlNDQ5NTdmY2VmN2NjZWY1OWNlZGEwYjM2MmU1NmJjZDc4ZmQzZmFlZTU3ODFjNjIzYzBiYjIyYjM1YmVhYmRlMDY2NGZkMzBlMGU4MjRhYmEzZGQxYjBhZmZmYzRhM2Q5NTVlZGUyMGNmNmE4NTRkNTJjZmQ"}'
    headers:
      cache-control:
      - no-cache
      content-length:
      - '419'
      content-security-policy:
      - default-src 'self'
      content-type:
      - application/json; charset=utf-8
      strict-transport-security:
      - max-age=31536000; includeSubDomains
      x-content-type-options:
      - nosniff
      x-frame-options:
      - SAMEORIGIN
      x-ms-keyvault-network-info:
      - conn_type=Ipv4;addr=172.92.159.124;act_addr_fam=Ipv4;
      x-ms-keyvault-region:
      - eastus2
      x-ms-server-latency:
      - '98'
    status:
      code: 200
      message: OK
- request:
    body: '{"alg": "RSA-OAEP-256", "value": "mHPR7iVzQStF9vEtWDLY3JIR0qW7AYTqfgO740Z7dTccHbom0wJRqCrq5-Hrq82p6ZEVs9YMKYDZGbv0TfG-T21nHvOtTpqPofy8sOcKmzTu5wIfuCbB0lQMab3vu0n9-tTnu_A_bWdFvKoUavkYCUCTAvWmrRsp5B8klVdebufaaEFoRPcXUOdf-WrXmDwytTi8iMpuKf1O52HDdEaiZBjwOQvUiXsO6DD8ohs8qdd-A5A0rNqHc5b5tWR8b6q45eOha-Dnqn_ugXQ7BMlFj0HoLlO7TpcYy0CMYdRPsAii34NhmdZNXdVbu2hp6Aj1RszvHKfszaMoTvlYZA1nt_EjXN0wRDKqgzwbOhLmMmwamH1tE__qKG49vfMOvkZqNMyws2P3ovva4ddORztFU7e34NI9GNnF4ff36qqy_97ysnIb_gIdVYVWioJE5yWct0gmnqlgePvU97EbdhhCPqOIMKCY1L99-zYrVbadrNQgAyOXx2QovZL1IQJjoklBAiLJis0qQm6FMNLha78iWmLwJ4NQ1jX9myBXnF9rLvRPgWwRi7-VuAagf_lhfx5Ln3LpknaG7xCRT4YbJgF9AfPDkp_FeY9s0U6Q-EOne4eTQZdxqPCwfugUVfs1yIVaYOlvFNRShFTYPfX8FvZ5d6G7Jel3uOh72kROGi4Gkgg"}'
    headers:
      Accept:
      - application/json
      Accept-Encoding:
      - gzip, deflate
      Connection:
      - keep-alive
      Content-Length:
      - '719'
      Content-Type:
      - application/json
      User-Agent:
      - azsdk-python-keyvault-keys/4.5.0b1 Python/3.5.3 (Windows-10-10.0.19041-SP0)
    method: POST
    uri: https://managedhsmname.managedhsm.azure.net/keys/livekvtestencrypt-local27b6152d/35d1728abc550260a582b6f82019a597/decrypt?api-version=7.3-preview
  response:
    body:
      string: '{"alg":"RSA-OAEP-256","kid":"https://managedhsmname.managedhsm.azure.net/keys/livekvtestencrypt-local27b6152d/35d1728abc550260a582b6f82019a597","value":"NTA2M2U2YWFhODQ1ZjE1MDIwMDU0Nzk0NGZkMTk5Njc5Yzk4ZWQ2Zjk5ZGEwYTBiMmRhZmVhZjFmNDY4NDQ5NmZkNTMyYzFjMjI5OTY4Y2I5ZGVlNDQ5NTdmY2VmN2NjZWY1OWNlZGEwYjM2MmU1NmJjZDc4ZmQzZmFlZTU3ODFjNjIzYzBiYjIyYjM1YmVhYmRlMDY2NGZkMzBlMGU4MjRhYmEzZGQxYjBhZmZmYzRhM2Q5NTVlZGUyMGNmNmE4NTRkNTJjZmQ"}'
    headers:
      cache-control:
      - no-cache
      content-length:
      - '423'
      content-security-policy:
      - default-src 'self'
      content-type:
      - application/json; charset=utf-8
      strict-transport-security:
      - max-age=31536000; includeSubDomains
      x-content-type-options:
      - nosniff
      x-frame-options:
      - SAMEORIGIN
      x-ms-keyvault-network-info:
      - conn_type=Ipv4;addr=172.92.159.124;act_addr_fam=Ipv4;
      x-ms-keyvault-region:
      - eastus2
      x-ms-server-latency:
      - '14'
    status:
      code: 200
      message: OK
- request:
    body: '{"alg": "RSA1_5", "value": "K0Ly3ADM3-YvKrD58YqIgcA_F3VRlrywZwdxBSjVvALsRMwNrk25oWjKREIht9JJ63NEpJTu9Pq2RmznykuPBEJkaUW778dl-5iOsgjqgVXccUVqO2JULTOZFvhG2e1uI7equzNKCjPonevo6DCAiN2R6ILywm7ow4EbkhxRCL4boi1KH1XTcXugPqrZldhao0lpVjryJmya3CivgZR0XrHnGfUaiBIgnPfkAT2Pg_imjTjK-LMaNW0nTuhv2CoSePnkgqUwnQ4cr73FMLTdxC_qoG6MKwki7JccvhfgcxOStI8Pw9JkZN5xKd_KpO4RBXUHSB-bRuRD0c1kKKJb7reXPracSvWBVk3YhNhHX8uAVPuCDGiQgqo8NT3I2BVQ3TgipTtcqZUZyMSYslwTl843__9gK2gOdy56ueoV5CfHLNPn_W9br521kaYkvOTlNYZBoAK6XqpXSx_NmutbzLbITUXmKBchIMx3-q3JpEnG5yYkjoRDc1-HPQHQf3hlEKyDdcmf5dNr6A0DPgoA8F7_Dn5xGONFhj_Xo34eJKd9mhb_L26JAWfI-Jp2JunlP_Gi8mceuAKjZoELfUtxlT0HpzmQhuKl1inJ8didjr6jWpOboDe0WQ3CDXOlzzvb6WvozmHN6An2J8MPZJuHMjkSPST4dBMhiIKslI6gTEg"}'
    headers:
      Accept:
      - application/json
      Accept-Encoding:
      - gzip, deflate
      Connection:
      - keep-alive
      Content-Length:
      - '713'
      Content-Type:
      - application/json
      User-Agent:
      - azsdk-python-keyvault-keys/4.5.0b1 Python/3.5.3 (Windows-10-10.0.19041-SP0)
    method: POST
    uri: https://managedhsmname.managedhsm.azure.net/keys/livekvtestencrypt-local27b6152d/35d1728abc550260a582b6f82019a597/decrypt?api-version=7.3-preview
  response:
    body:
      string: '{"alg":"RSA1_5","kid":"https://managedhsmname.managedhsm.azure.net/keys/livekvtestencrypt-local27b6152d/35d1728abc550260a582b6f82019a597","value":"NTA2M2U2YWFhODQ1ZjE1MDIwMDU0Nzk0NGZkMTk5Njc5Yzk4ZWQ2Zjk5ZGEwYTBiMmRhZmVhZjFmNDY4NDQ5NmZkNTMyYzFjMjI5OTY4Y2I5ZGVlNDQ5NTdmY2VmN2NjZWY1OWNlZGEwYjM2MmU1NmJjZDc4ZmQzZmFlZTU3ODFjNjIzYzBiYjIyYjM1YmVhYmRlMDY2NGZkMzBlMGU4MjRhYmEzZGQxYjBhZmZmYzRhM2Q5NTVlZGUyMGNmNmE4NTRkNTJjZmQ"}'
    headers:
      cache-control:
      - no-cache
      content-length:
      - '417'
      content-security-policy:
      - default-src 'self'
      content-type:
      - application/json; charset=utf-8
      strict-transport-security:
      - max-age=31536000; includeSubDomains
      x-content-type-options:
      - nosniff
      x-frame-options:
      - SAMEORIGIN
      x-ms-keyvault-network-info:
      - conn_type=Ipv4;addr=172.92.159.124;act_addr_fam=Ipv4;
      x-ms-keyvault-region:
      - eastus2
      x-ms-server-latency:
      - '13'
    status:
      code: 200
      message: OK
version: 1
