interactions:
- request:
    body: null
    headers:
      Accept:
      - application/json
      Accept-Encoding:
      - gzip, deflate
      Connection:
      - keep-alive
      Content-Length:
      - '0'
      Content-Type:
      - application/json
      User-Agent:
      - azsdk-python-keyvault-keys/4.4.0b5 Python/3.5.3 (Windows-10-10.0.19041-SP0)
    method: POST
    uri: https://vaultname.vault.azure.net/keys/livekvtestcrypto-test-wrapping-keyd4311333/create?api-version=7.1
  response:
    body:
      string: '{"error":{"code":"Unauthorized","message":"Request is missing a Bearer
        or PoP token."}}'
    headers:
      cache-control:
      - no-cache
      content-length:
      - '87'
      content-type:
      - application/json; charset=utf-8
      date:
      - Tue, 20 Apr 2021 20:07:04 GMT
      expires:
      - '-1'
      pragma:
      - no-cache
      strict-transport-security:
      - max-age=31536000;includeSubDomains
      www-authenticate:
      - Bearer authorization="https://login.windows.net/72f988bf-86f1-41af-91ab-2d7cd011db47",
        resource="https://vault.azure.net"
      x-content-type-options:
      - nosniff
      x-ms-keyvault-network-info:
      - conn_type=Ipv4;addr=172.92.159.124;act_addr_fam=InterNetwork;
      x-ms-keyvault-region:
      - eastus2
      x-ms-keyvault-service-version:
      - 1.2.236.0
      x-powered-by:
      - ASP.NET
    status:
      code: 401
      message: Unauthorized
- request:
    body: '{"kty": "RSA"}'
    headers:
      Accept:
      - application/json
      Accept-Encoding:
      - gzip, deflate
      Connection:
      - keep-alive
      Content-Length:
      - '14'
      Content-Type:
      - application/json
      User-Agent:
      - azsdk-python-keyvault-keys/4.4.0b5 Python/3.5.3 (Windows-10-10.0.19041-SP0)
    method: POST
    uri: https://vaultname.vault.azure.net/keys/livekvtestcrypto-test-wrapping-keyd4311333/create?api-version=7.1
  response:
    body:
      string: '{"key":{"kid":"https://vaultname.vault.azure.net/keys/livekvtestcrypto-test-wrapping-keyd4311333/6347f99c7a2b4cb782713b0a19cec1a6","kty":"RSA","key_ops":["encrypt","decrypt","sign","verify","wrapKey","unwrapKey"],"n":"zM4lOIzFSE9ziOSSyoqPW4Reaqr4G_RkvX3KNm6aechmO8sxHFV_iLDHRLSlc89_sfLmgVBHKrnttty0IRXIepZWrv1BCMUaEXwcuKDbhgEqo0Z65eIYFE8wa6_kklKwSSViwSqsJYYt_F9LjKOnbnw59cvwlx6ojr6xtD_z1MpxG-8KX1cBNBairhXku3yuU-Ns7XAR4fdXkmltHbrx-H01EjYLB-RtKukkPbISXvCbbwM5bjBaLMp3mku_4jP5mq5gwBB4lzCT-LQapRngmC_T7YE_CTLPbSPNtl9wU7TH1m5BntSixvu0yM1_MfnqnwgyRVHVR6HqOSQG_JQVdQ","e":"AQAB"},"attributes":{"enabled":true,"created":1618949225,"updated":1618949225,"recoveryLevel":"Recoverable+Purgeable","recoverableDays":90}}'
    headers:
      cache-control:
      - no-cache
      content-length:
      - '710'
      content-type:
      - application/json; charset=utf-8
      date:
      - Tue, 20 Apr 2021 20:07:05 GMT
      expires:
      - '-1'
      pragma:
      - no-cache
      strict-transport-security:
      - max-age=31536000;includeSubDomains
      x-content-type-options:
      - nosniff
      x-ms-keyvault-network-info:
      - conn_type=Ipv4;addr=172.92.159.124;act_addr_fam=InterNetwork;
      x-ms-keyvault-region:
      - eastus2
      x-ms-keyvault-service-version:
      - 1.2.236.0
      x-powered-by:
      - ASP.NET
    status:
      code: 200
      message: OK
- request:
    body: '{"value": "DvSqv_Z3IbN7proBT9cJnUdkCAa5hQNChQRuqtDl5Z6rzHpUjIP6DpKA31qcOFEIX78ea2byLyPVJSJFwadsiGZ2Jmrb5qzm4xeiw0NK1wn2fzKMN4HW54Ew7CuZe-uPD6Wyox6iYXwlIVElyswMhf_bX4bAUCsTrkx4sfgoxNbcr6jGWz0fSQD4wroO6OGxFDhUazQuOQwVwv2MO8uth_O0RbrequzPf6hcH-RB9RAu6IeraICPxyGhl2DSqCfoDgc6KyHiF46brgSfFdt39n1HJOmfnT8IaOo3Sx8Xuvl_qUmK7mmDLGGNwRz-tMGlx2T2SW8sqwIfjl7qjpS35A",
      "alg": "RSA-OAEP"}'
    headers:
      Accept:
      - application/json
      Accept-Encoding:
      - gzip, deflate
      Connection:
      - keep-alive
      Content-Length:
      - '374'
      Content-Type:
      - application/json
      User-Agent:
      - azsdk-python-keyvault-keys/4.4.0b5 Python/3.5.3 (Windows-10-10.0.19041-SP0)
    method: POST
    uri: https://vaultname.vault.azure.net/keys/livekvtestcrypto-test-wrapping-keyd4311333/6347f99c7a2b4cb782713b0a19cec1a6/unwrapkey?api-version=7.2-preview
  response:
    body:
      string: '{"kid":"https://vaultname.vault.azure.net/keys/livekvtestcrypto-test-wrapping-keyd4311333/6347f99c7a2b4cb782713b0a19cec1a6","value":"NTA2M2U2YWFhODQ1ZjE1MDIwMDU0Nzk0NGZkMTk5Njc5Yzk4ZWQ2Zjk5ZGEwYTBiMmRhZmVhZjFmNDY4NDQ5NmZkNTMyYzFjMjI5OTY4Y2I5ZGVlNDQ5NTdmY2VmN2NjZWY1OWNlZGEwYjM2MmU1NmJjZDc4ZmQzZmFlZTU3ODFjNjIzYzBiYjIyYjM1YmVhYmRlMDY2NGZkMzBlMGU4MjRhYmEzZGQxYjBhZmZmYzRhM2Q5NTVlZGUyMGNmNmE4NTRkNTJjZmQ"}'
    headers:
      cache-control:
      - no-cache
      content-length:
      - '405'
      content-type:
      - application/json; charset=utf-8
      date:
      - Tue, 20 Apr 2021 20:07:06 GMT
      expires:
      - '-1'
      pragma:
      - no-cache
      strict-transport-security:
      - max-age=31536000;includeSubDomains
      x-content-type-options:
      - nosniff
      x-ms-keyvault-network-info:
      - conn_type=Ipv4;addr=172.92.159.124;act_addr_fam=InterNetwork;
      x-ms-keyvault-region:
      - eastus2
      x-ms-keyvault-service-version:
      - 1.2.236.0
      x-powered-by:
      - ASP.NET
    status:
      code: 200
      message: OK
version: 1
