interactions:
- request:
    body: null
    headers:
      Accept:
      - application/json
      Accept-Encoding:
      - gzip, deflate
      Connection:
      - keep-alive
      Content-Length:
      - '0'
      Content-Type:
      - application/json
      User-Agent:
      - azsdk-python-keyvault-keys/4.3.2 Python/3.5.3 (Windows-10-10.0.19041-SP0)
    method: POST
    uri: https://vaultname.vault.azure.net/keys/livekvtestkey0110414cf/create?api-version=7.2-preview
  response:
    body:
      string: '{"error":{"code":"Unauthorized","message":"Request is missing a Bearer
        or PoP token."}}'
    headers:
      cache-control:
      - no-cache
      content-length:
      - '87'
      content-type:
      - application/json; charset=utf-8
      date:
      - Sat, 06 Feb 2021 01:56:37 GMT
      expires:
      - '-1'
      pragma:
      - no-cache
      strict-transport-security:
      - max-age=31536000;includeSubDomains
      www-authenticate:
      - Bearer authorization="https://login.windows.net/72f988bf-86f1-41af-91ab-2d7cd011db47",
        resource="https://vault.azure.net"
      x-content-type-options:
      - nosniff
      x-ms-keyvault-network-info:
      - conn_type=Ipv4;addr=174.127.232.53;act_addr_fam=InterNetwork;
      x-ms-keyvault-region:
      - northeurope
      x-ms-keyvault-service-version:
      - 1.2.164.0
      x-powered-by:
      - ASP.NET
    status:
      code: 401
      message: Unauthorized
- request:
    body: '{"kty": "EC"}'
    headers:
      Accept:
      - application/json
      Accept-Encoding:
      - gzip, deflate
      Connection:
      - keep-alive
      Content-Length:
      - '13'
      Content-Type:
      - application/json
      User-Agent:
      - azsdk-python-keyvault-keys/4.3.2 Python/3.5.3 (Windows-10-10.0.19041-SP0)
    method: POST
    uri: https://vaultname.vault.azure.net/keys/livekvtestkey0110414cf/create?api-version=7.2-preview
  response:
    body:
      string: '{"key":{"kid":"https://vaultname.vault.azure.net/keys/livekvtestkey0110414cf/5286c7fb11ef47448a74acd2820c40ac","kty":"EC","key_ops":["sign","verify"],"crv":"P-256","x":"O4IziD6bcRjNztQVXqknSeMwUg167CtoeVBLfd1ixT0","y":"SuitPKINr_fOvbcDIwMZeh0XBXMByc755x-s2bf7CVw"},"attributes":{"enabled":true,"created":1612576599,"updated":1612576599,"recoveryLevel":"Recoverable+Purgeable","recoverableDays":90}}'
    headers:
      cache-control:
      - no-cache
      content-length:
      - '401'
      content-type:
      - application/json; charset=utf-8
      date:
      - Sat, 06 Feb 2021 01:56:38 GMT
      expires:
      - '-1'
      pragma:
      - no-cache
      strict-transport-security:
      - max-age=31536000;includeSubDomains
      x-content-type-options:
      - nosniff
      x-ms-keyvault-network-info:
      - conn_type=Ipv4;addr=174.127.232.53;act_addr_fam=InterNetwork;
      x-ms-keyvault-region:
      - northeurope
      x-ms-keyvault-service-version:
      - 1.2.164.0
      x-powered-by:
      - ASP.NET
    status:
      code: 200
      message: OK
- request:
    body: '{"kty": "EC"}'
    headers:
      Accept:
      - application/json
      Accept-Encoding:
      - gzip, deflate
      Connection:
      - keep-alive
      Content-Length:
      - '13'
      Content-Type:
      - application/json
      User-Agent:
      - azsdk-python-keyvault-keys/4.3.2 Python/3.5.3 (Windows-10-10.0.19041-SP0)
    method: POST
    uri: https://vaultname.vault.azure.net/keys/livekvtestkey1110414cf/create?api-version=7.2-preview
  response:
    body:
      string: '{"key":{"kid":"https://vaultname.vault.azure.net/keys/livekvtestkey1110414cf/afb4f48b397a4339b28acbb56903c0c7","kty":"EC","key_ops":["sign","verify"],"crv":"P-256","x":"J7kNjjrPSQXuaYfzU_Uw4_tHGDxaLdVK-JFJv7qljhs","y":"f0yEvwX6OrlO-130Qv7K6I75ajU_fQgWQAuLuR1Dj5g"},"attributes":{"enabled":true,"created":1612576599,"updated":1612576599,"recoveryLevel":"Recoverable+Purgeable","recoverableDays":90}}'
    headers:
      cache-control:
      - no-cache
      content-length:
      - '401'
      content-type:
      - application/json; charset=utf-8
      date:
      - Sat, 06 Feb 2021 01:56:39 GMT
      expires:
      - '-1'
      pragma:
      - no-cache
      strict-transport-security:
      - max-age=31536000;includeSubDomains
      x-content-type-options:
      - nosniff
      x-ms-keyvault-network-info:
      - conn_type=Ipv4;addr=174.127.232.53;act_addr_fam=InterNetwork;
      x-ms-keyvault-region:
      - northeurope
      x-ms-keyvault-service-version:
      - 1.2.164.0
      x-powered-by:
      - ASP.NET
    status:
      code: 200
      message: OK
- request:
    body: '{"kty": "EC"}'
    headers:
      Accept:
      - application/json
      Accept-Encoding:
      - gzip, deflate
      Connection:
      - keep-alive
      Content-Length:
      - '13'
      Content-Type:
      - application/json
      User-Agent:
      - azsdk-python-keyvault-keys/4.3.2 Python/3.5.3 (Windows-10-10.0.19041-SP0)
    method: POST
    uri: https://vaultname.vault.azure.net/keys/livekvtestkey2110414cf/create?api-version=7.2-preview
  response:
    body:
      string: '{"key":{"kid":"https://vaultname.vault.azure.net/keys/livekvtestkey2110414cf/b12c4060635943e3b5c53e0bd19610eb","kty":"EC","key_ops":["sign","verify"],"crv":"P-256","x":"KA99cNodMAGFRdVxfVJZc77DMOHYsIi9wNQEd_c5BQo","y":"FF25QvYZeUB0Ayz7rNyh22O4vp3NfDXeE6ClO108OpM"},"attributes":{"enabled":true,"created":1612576599,"updated":1612576599,"recoveryLevel":"Recoverable+Purgeable","recoverableDays":90}}'
    headers:
      cache-control:
      - no-cache
      content-length:
      - '401'
      content-type:
      - application/json; charset=utf-8
      date:
      - Sat, 06 Feb 2021 01:56:39 GMT
      expires:
      - '-1'
      pragma:
      - no-cache
      strict-transport-security:
      - max-age=31536000;includeSubDomains
      x-content-type-options:
      - nosniff
      x-ms-keyvault-network-info:
      - conn_type=Ipv4;addr=174.127.232.53;act_addr_fam=InterNetwork;
      x-ms-keyvault-region:
      - northeurope
      x-ms-keyvault-service-version:
      - 1.2.164.0
      x-powered-by:
      - ASP.NET
    status:
      code: 200
      message: OK
- request:
    body: '{"kty": "EC"}'
    headers:
      Accept:
      - application/json
      Accept-Encoding:
      - gzip, deflate
      Connection:
      - keep-alive
      Content-Length:
      - '13'
      Content-Type:
      - application/json
      User-Agent:
      - azsdk-python-keyvault-keys/4.3.2 Python/3.5.3 (Windows-10-10.0.19041-SP0)
    method: POST
    uri: https://vaultname.vault.azure.net/keys/livekvtestkey3110414cf/create?api-version=7.2-preview
  response:
    body:
      string: '{"key":{"kid":"https://vaultname.vault.azure.net/keys/livekvtestkey3110414cf/cfb931b38a3f4b70a90ecb5f762f1771","kty":"EC","key_ops":["sign","verify"],"crv":"P-256","x":"UWQqEPKo4P_f1Hlw_ESWTcFFsGGTPa4fP6eKse_Y6ng","y":"WCu105E0MjTA_Is7VvnsAvE0YKuei_t_xJgVwDgS9IU"},"attributes":{"enabled":true,"created":1612576600,"updated":1612576600,"recoveryLevel":"Recoverable+Purgeable","recoverableDays":90}}'
    headers:
      cache-control:
      - no-cache
      content-length:
      - '401'
      content-type:
      - application/json; charset=utf-8
      date:
      - Sat, 06 Feb 2021 01:56:39 GMT
      expires:
      - '-1'
      pragma:
      - no-cache
      strict-transport-security:
      - max-age=31536000;includeSubDomains
      x-content-type-options:
      - nosniff
      x-ms-keyvault-network-info:
      - conn_type=Ipv4;addr=174.127.232.53;act_addr_fam=InterNetwork;
      x-ms-keyvault-region:
      - northeurope
      x-ms-keyvault-service-version:
      - 1.2.164.0
      x-powered-by:
      - ASP.NET
    status:
      code: 200
      message: OK
- request:
    body: '{"kty": "RSA"}'
    headers:
      Accept:
      - application/json
      Accept-Encoding:
      - gzip, deflate
      Connection:
      - keep-alive
      Content-Length:
      - '14'
      Content-Type:
      - application/json
      User-Agent:
      - azsdk-python-keyvault-keys/4.3.2 Python/3.5.3 (Windows-10-10.0.19041-SP0)
    method: POST
    uri: https://vaultname.vault.azure.net/keys/livekvtestkey0110414cf/create?api-version=7.2-preview
  response:
    body:
      string: '{"key":{"kid":"https://vaultname.vault.azure.net/keys/livekvtestkey0110414cf/42fad82c4b114c7989dadfb3f7c05e2c","kty":"RSA","key_ops":["encrypt","decrypt","sign","verify","wrapKey","unwrapKey"],"n":"wqGpErlmUFBCDKMLdbOaS_MW4otPHeWqE58LkXC71bhLJ7Tz27DeJZY0_w3UOkeR2gVdYFviwBsOX6kD1qVLhtwcwYR6iATp5VX187MJ1_XKIoNwL-H3-jmDO6bFOMQCNK3jc7-wWEogzfuQNNiINcnLcgyNuyoiYhPnkhdGkiDtloE-Uej8ULdl75C7Q8dmgXtwjBFvCV8ShmRP0Sbfn08TMKvgnwaHVgmOapd8prSpldk0kja1xtDIs_jvAt33fgSL2a4s9lQBKYPcLnWnThfYr6T9kWSFnj3VbvXFH7GJCE2n2j3mBJ3Tmuq9KB0YdJzcfFMIbkgYyvwq0jY-WQ","e":"AQAB"},"attributes":{"enabled":true,"created":1612576600,"updated":1612576600,"recoveryLevel":"Recoverable+Purgeable","recoverableDays":90}}'
    headers:
      cache-control:
      - no-cache
      content-length:
      - '690'
      content-type:
      - application/json; charset=utf-8
      date:
      - Sat, 06 Feb 2021 01:56:40 GMT
      expires:
      - '-1'
      pragma:
      - no-cache
      strict-transport-security:
      - max-age=31536000;includeSubDomains
      x-content-type-options:
      - nosniff
      x-ms-keyvault-network-info:
      - conn_type=Ipv4;addr=174.127.232.53;act_addr_fam=InterNetwork;
      x-ms-keyvault-region:
      - northeurope
      x-ms-keyvault-service-version:
      - 1.2.164.0
      x-powered-by:
      - ASP.NET
    status:
      code: 200
      message: OK
- request:
    body: '{"kty": "RSA"}'
    headers:
      Accept:
      - application/json
      Accept-Encoding:
      - gzip, deflate
      Connection:
      - keep-alive
      Content-Length:
      - '14'
      Content-Type:
      - application/json
      User-Agent:
      - azsdk-python-keyvault-keys/4.3.2 Python/3.5.3 (Windows-10-10.0.19041-SP0)
    method: POST
    uri: https://vaultname.vault.azure.net/keys/livekvtestkey1110414cf/create?api-version=7.2-preview
  response:
    body:
      string: '{"key":{"kid":"https://vaultname.vault.azure.net/keys/livekvtestkey1110414cf/dc45ca0b6b434011ab529c9a5e703bf7","kty":"RSA","key_ops":["encrypt","decrypt","sign","verify","wrapKey","unwrapKey"],"n":"rpL7L9TxB4qqgFMJD7L4viGgQQFCRsousz05468NmrU5JJ6cXatNB06bsrUdpiMm9O0EEZHCkl81RtbuW6RBZM897c6qiCLZbKBPTEB1JTrZ6EdI1rE_1a4usdpr06aPenW6aMqeZPDdaBdQPoGd4WDg3bs1pVZBjNID64ew-YYSg1vWWwWyZwvapFt1vysc6113Py0D6htQh4CAr6k8q2SJmpyRMRH2MzynL_MAPsrqoh71kggTl3Aqk8OR6DF9m62_EyxNTeBvkgyO9MJipn69lzsdGvXhnDPFUrzBS1JRdTKPfgvHgxGgMTZuwWPmxfQRd5clEnPvvjS81irLAQ","e":"AQAB"},"attributes":{"enabled":true,"created":1612576600,"updated":1612576600,"recoveryLevel":"Recoverable+Purgeable","recoverableDays":90}}'
    headers:
      cache-control:
      - no-cache
      content-length:
      - '690'
      content-type:
      - application/json; charset=utf-8
      date:
      - Sat, 06 Feb 2021 01:56:40 GMT
      expires:
      - '-1'
      pragma:
      - no-cache
      strict-transport-security:
      - max-age=31536000;includeSubDomains
      x-content-type-options:
      - nosniff
      x-ms-keyvault-network-info:
      - conn_type=Ipv4;addr=174.127.232.53;act_addr_fam=InterNetwork;
      x-ms-keyvault-region:
      - northeurope
      x-ms-keyvault-service-version:
      - 1.2.164.0
      x-powered-by:
      - ASP.NET
    status:
      code: 200
      message: OK
- request:
    body: '{"kty": "RSA"}'
    headers:
      Accept:
      - application/json
      Accept-Encoding:
      - gzip, deflate
      Connection:
      - keep-alive
      Content-Length:
      - '14'
      Content-Type:
      - application/json
      User-Agent:
      - azsdk-python-keyvault-keys/4.3.2 Python/3.5.3 (Windows-10-10.0.19041-SP0)
    method: POST
    uri: https://vaultname.vault.azure.net/keys/livekvtestkey2110414cf/create?api-version=7.2-preview
  response:
    body:
      string: '{"key":{"kid":"https://vaultname.vault.azure.net/keys/livekvtestkey2110414cf/603198a7752c4abb9b024f9e52da5f07","kty":"RSA","key_ops":["encrypt","decrypt","sign","verify","wrapKey","unwrapKey"],"n":"t3N-m21kdtvYqsntUFHa4-1iuX23Z4mLXIKd2pwkYG_by8Wu03wYK7q8jgWGCkElhH29LOFRHs0G5Y14DSY3jBWpdy3MddI3BMEqp3piJmBqcCUBCAb3T_f3OSs0bA7ad3btKfjGxoo9q107XgIalkvHnz6zJlkFWJQ402rUsKB5v9gzofEpoAJui7xUQGVUxKrVvrAs1dFCuFo3jKJym-EcWrlnQfi0ckQ28eL7t2HjJOUnxTY3t8RecT6e7WV53aVAGOrcR1r0CjqrB9hh9kU0CWlxk6BRwF76FMkVlmeM8LK_ZcBt2sk3JbeVLGKzRVI6zm-qgIMtiKzvSinYDQ","e":"AQAB"},"attributes":{"enabled":true,"created":1612576601,"updated":1612576601,"recoveryLevel":"Recoverable+Purgeable","recoverableDays":90}}'
    headers:
      cache-control:
      - no-cache
      content-length:
      - '690'
      content-type:
      - application/json; charset=utf-8
      date:
      - Sat, 06 Feb 2021 01:56:40 GMT
      expires:
      - '-1'
      pragma:
      - no-cache
      strict-transport-security:
      - max-age=31536000;includeSubDomains
      x-content-type-options:
      - nosniff
      x-ms-keyvault-network-info:
      - conn_type=Ipv4;addr=174.127.232.53;act_addr_fam=InterNetwork;
      x-ms-keyvault-region:
      - northeurope
      x-ms-keyvault-service-version:
      - 1.2.164.0
      x-powered-by:
      - ASP.NET
    status:
      code: 200
      message: OK
- request:
    body: '{"kty": "RSA"}'
    headers:
      Accept:
      - application/json
      Accept-Encoding:
      - gzip, deflate
      Connection:
      - keep-alive
      Content-Length:
      - '14'
      Content-Type:
      - application/json
      User-Agent:
      - azsdk-python-keyvault-keys/4.3.2 Python/3.5.3 (Windows-10-10.0.19041-SP0)
    method: POST
    uri: https://vaultname.vault.azure.net/keys/livekvtestkey3110414cf/create?api-version=7.2-preview
  response:
    body:
      string: '{"key":{"kid":"https://vaultname.vault.azure.net/keys/livekvtestkey3110414cf/756b3296f9944f9ab866d60184441c93","kty":"RSA","key_ops":["encrypt","decrypt","sign","verify","wrapKey","unwrapKey"],"n":"1RTgizVRtwZU1QFpfRfbwmE26ZQQ7uHAe2uGZWXDQjoUIsWZVpgohE0RxH83O-YLv7aBu0Twt3lI08RQfIE9u5fNkxxudc7dccuA3jEmWFi8woAwgwAAKtC2QKhrz1tQ_BQJbsyinmUmzIHSWa9QTvzooOz8KNCRt-Y8nx6bpw-s6OHTODESx9LW1gtMKEJMSSBK_JRw8IvkUTz7u4gfuk3Ee43k67YxTbWhG31LeMoyqVQLzuLe7tznkeerbPgWaCFTvQ7WMnvzHcLjazGNUmlcO8RVrEEZcH4auiNrPKQAtwy04jp42APm9kk2aEtsCZWij3QxDXGkFGFFjiueeQ","e":"AQAB"},"attributes":{"enabled":true,"created":1612576601,"updated":1612576601,"recoveryLevel":"Recoverable+Purgeable","recoverableDays":90}}'
    headers:
      cache-control:
      - no-cache
      content-length:
      - '690'
      content-type:
      - application/json; charset=utf-8
      date:
      - Sat, 06 Feb 2021 01:56:41 GMT
      expires:
      - '-1'
      pragma:
      - no-cache
      strict-transport-security:
      - max-age=31536000;includeSubDomains
      x-content-type-options:
      - nosniff
      x-ms-keyvault-network-info:
      - conn_type=Ipv4;addr=174.127.232.53;act_addr_fam=InterNetwork;
      x-ms-keyvault-region:
      - northeurope
      x-ms-keyvault-service-version:
      - 1.2.164.0
      x-powered-by:
      - ASP.NET
    status:
      code: 200
      message: OK
- request:
    body: null
    headers:
      Accept:
      - application/json
      Accept-Encoding:
      - gzip, deflate
      Connection:
      - keep-alive
      User-Agent:
      - azsdk-python-keyvault-keys/4.3.2 Python/3.5.3 (Windows-10-10.0.19041-SP0)
    method: GET
    uri: https://vaultname.vault.azure.net/keys?api-version=7.2-preview
  response:
    body:
      string: '{"value":[{"kid":"https://vaultname.vault.azure.net/keys/livekvtestcrud-ec-key51c4108d","attributes":{"enabled":true,"created":1612576340,"updated":1612576340,"recoveryLevel":"Recoverable+Purgeable","recoverableDays":90},"tags":{"purpose":"unit
        test","test name":"CreateECKeyTest"}},{"kid":"https://vaultname.vault.azure.net/keys/livekvtestcrud-ec-key5416109f","attributes":{"enabled":true,"created":1612576462,"updated":1612576462,"recoveryLevel":"Recoverable+Purgeable","recoverableDays":90},"tags":{"purpose":"unit
        test","test name":"CreateECKeyTest"}},{"kid":"https://vaultname.vault.azure.net/keys/livekvtestcrud-P-256-ec-key51c4108d","attributes":{"enabled":true,"created":1612576342,"updated":1612576342,"recoveryLevel":"Recoverable+Purgeable","recoverableDays":90}},{"kid":"https://vaultname.vault.azure.net/keys/livekvtestcrud-P-256-ec-key5416109f","attributes":{"enabled":true,"created":1612576464,"updated":1612576464,"recoveryLevel":"Recoverable+Purgeable","recoverableDays":90}},{"kid":"https://vaultname.vault.azure.net/keys/livekvtestcrypto-test-encrypt-key56281625","attributes":{"enabled":true,"created":1612576323,"updated":1612576323,"recoveryLevel":"Recoverable+Purgeable","recoverableDays":90}},{"kid":"https://vaultname.vault.azure.net/keys/livekvtestcrypto-test-encrypt-key67c4112b","attributes":{"enabled":true,"created":1612576314,"updated":1612576314,"recoveryLevel":"Recoverable+Purgeable","recoverableDays":90}},{"kid":"https://vaultname.vault.azure.net/keys/livekvtestcrypto-test-wrapping-key25cf0f71","attributes":{"enabled":true,"created":1612576317,"updated":1612576317,"recoveryLevel":"Recoverable+Purgeable","recoverableDays":90}},{"kid":"https://vaultname.vault.azure.net/keys/livekvtestcrypto-test-wrapping-key26720f82","attributes":{"enabled":true,"created":1612576321,"updated":1612576321,"recoveryLevel":"Recoverable+Purgeable","recoverableDays":90}},{"kid":"https://vaultname.vault.azure.net/keys/livekvtestcrypto-test-wrapping-keyec147c","attributes":{"enabled":true,"created":1612576329,"updated":1612576329,"recoveryLevel":"Recoverable+Purgeable","recoverableDays":90}},{"kid":"https://vaultname.vault.azure.net/keys/livekvtestcrypto-test-wrapping-keyffd4146b","attributes":{"enabled":true,"created":1612576326,"updated":1612576326,"recoveryLevel":"Recoverable+Purgeable","recoverableDays":90}},{"kid":"https://vaultname.vault.azure.net/keys/livekvtestec-verify-P-25644021012","attributes":{"enabled":true,"created":1612576230,"updated":1612576230,"recoveryLevel":"Recoverable+Purgeable","recoverableDays":90}},{"kid":"https://vaultname.vault.azure.net/keys/livekvtestec-verify-P-256ae92128f","attributes":{"enabled":true,"created":1612576278,"updated":1612576278,"recoveryLevel":"Recoverable+Purgeable","recoverableDays":90}},{"kid":"https://vaultname.vault.azure.net/keys/livekvtestec-verify-P-256K44021012","attributes":{"enabled":true,"created":1612576231,"updated":1612576231,"recoveryLevel":"Recoverable+Purgeable","recoverableDays":90}},{"kid":"https://vaultname.vault.azure.net/keys/livekvtestec-verify-P-256Kae92128f","attributes":{"enabled":true,"created":1612576279,"updated":1612576279,"recoveryLevel":"Recoverable+Purgeable","recoverableDays":90}},{"kid":"https://vaultname.vault.azure.net/keys/livekvtestec-verify-P-38444021012","attributes":{"enabled":true,"created":1612576233,"updated":1612576233,"recoveryLevel":"Recoverable+Purgeable","recoverableDays":90}},{"kid":"https://vaultname.vault.azure.net/keys/livekvtestec-verify-P-384ae92128f","attributes":{"enabled":true,"created":1612576281,"updated":1612576281,"recoveryLevel":"Recoverable+Purgeable","recoverableDays":90}},{"kid":"https://vaultname.vault.azure.net/keys/livekvtestec-verify-P-52144021012","attributes":{"enabled":true,"created":1612576235,"updated":1612576235,"recoveryLevel":"Recoverable+Purgeable","recoverableDays":90}},{"kid":"https://vaultname.vault.azure.net/keys/livekvtestec-verify-P-521ae92128f","attributes":{"enabled":true,"created":1612576282,"updated":1612576282,"recoveryLevel":"Recoverable+Purgeable","recoverableDays":90}},{"kid":"https://vaultname.vault.azure.net/keys/livekvtesteckey44f81005","attributes":{"enabled":true,"created":1612576276,"updated":1612576276,"recoveryLevel":"Recoverable+Purgeable","recoverableDays":90}},{"kid":"https://vaultname.vault.azure.net/keys/livekvtesteckeye9470d88","attributes":{"enabled":true,"created":1612576227,"updated":1612576227,"recoveryLevel":"Recoverable+Purgeable","recoverableDays":90}},{"kid":"https://vaultname.vault.azure.net/keys/livekvtestencrypt-local256a0f5b","attributes":{"enabled":true,"created":1612576241,"updated":1612576241,"recoveryLevel":"Recoverable+Purgeable","recoverableDays":90}},{"kid":"https://vaultname.vault.azure.net/keys/livekvtestencrypt-local8b0011d8","attributes":{"enabled":true,"created":1612576287,"updated":1612576287,"recoveryLevel":"Recoverable+Purgeable","recoverableDays":90}},{"kid":"https://vaultname.vault.azure.net/keys/livekvtestimport-test-key51c4108d","attributes":{"enabled":true,"created":1612576342,"updated":1612576342,"recoveryLevel":"Recoverable+Purgeable","recoverableDays":90}}],"nextLink":"https://vaultname.vault.azure.net:443/keys?api-version=7.2-preview&$skiptoken=eyJOZXh0TWFya2VyIjoiMiExMDghTURBd01ETTNJV3RsZVM5TVNWWkZTMVpVUlZOVVNVMVFUMUpVTFZSRlUxUXRTMFZaTlRReE5qRXdPVVloTURBd01ESTRJVGs1T1RrdE1USXRNekZVTWpNNk5UazZOVGt1T1RrNU9UazVPVm9oIiwiVGFyZ2V0TG9jYXRpb24iOjB9"}'
    headers:
      cache-control:
      - no-cache
      content-length:
      - '5489'
      content-type:
      - application/json; charset=utf-8
      date:
      - Sat, 06 Feb 2021 01:56:42 GMT
      expires:
      - '-1'
      pragma:
      - no-cache
      strict-transport-security:
      - max-age=31536000;includeSubDomains
      x-content-type-options:
      - nosniff
      x-ms-keyvault-network-info:
      - conn_type=Ipv4;addr=174.127.232.53;act_addr_fam=InterNetwork;
      x-ms-keyvault-region:
      - northeurope
      x-ms-keyvault-service-version:
      - 1.2.164.0
      x-powered-by:
      - ASP.NET
    status:
      code: 200
      message: OK
- request:
    body: null
    headers:
      Accept:
      - application/json
      Accept-Encoding:
      - gzip, deflate
      Connection:
      - keep-alive
      User-Agent:
      - azsdk-python-keyvault-keys/4.3.2 Python/3.5.3 (Windows-10-10.0.19041-SP0)
    method: GET
    uri: https://vaultname.vault.azure.net/keys?api-version=7.2-preview&$skiptoken=eyJOZXh0TWFya2VyIjoiMiExMDghTURBd01ETTNJV3RsZVM5TVNWWkZTMVpVUlZOVVNVMVFUMUpVTFZSRlUxUXRTMFZaTlRReE5qRXdPVVloTURBd01ESTRJVGs1T1RrdE1USXRNekZVTWpNNk5UazZOVGt1T1RrNU9UazVPVm9oIiwiVGFyZ2V0TG9jYXRpb24iOjB9
  response:
    body:
      string: '{"value":[{"kid":"https://vaultname.vault.azure.net/keys/livekvtestimport-test-key5416109f","attributes":{"enabled":true,"created":1612576464,"updated":1612576464,"recoveryLevel":"Recoverable+Purgeable","recoverableDays":90}},{"kid":"https://vaultname.vault.azure.net/keys/livekvtestkey0110414cf","attributes":{"enabled":true,"created":1612576600,"updated":1612576600,"recoveryLevel":"Recoverable+Purgeable","recoverableDays":90}},{"kid":"https://vaultname.vault.azure.net/keys/livekvtestkey0a7710b8a","attributes":{"enabled":true,"created":1612576424,"updated":1612576424,"recoveryLevel":"Recoverable+Purgeable","recoverableDays":90}},{"kid":"https://vaultname.vault.azure.net/keys/livekvtestkey0a8eb0b9c","attributes":{"enabled":true,"created":1612576545,"updated":1612576545,"recoveryLevel":"Recoverable+Purgeable","recoverableDays":90}},{"kid":"https://vaultname.vault.azure.net/keys/livekvtestkey0b3510bf8","attributes":{"enabled":true,"created":1612576351,"updated":1612576351,"recoveryLevel":"Recoverable+Purgeable","recoverableDays":90}},{"kid":"https://vaultname.vault.azure.net/keys/livekvtestkey0b4dd0c0a","attributes":{"enabled":true,"created":1612576470,"updated":1612576470,"recoveryLevel":"Recoverable+Purgeable","recoverableDays":90}},{"kid":"https://vaultname.vault.azure.net/keys/livekvtestkey1110414cf","attributes":{"enabled":true,"created":1612576600,"updated":1612576600,"recoveryLevel":"Recoverable+Purgeable","recoverableDays":90}},{"kid":"https://vaultname.vault.azure.net/keys/livekvtestkey1a7710b8a","attributes":{"enabled":true,"created":1612576424,"updated":1612576424,"recoveryLevel":"Recoverable+Purgeable","recoverableDays":90}},{"kid":"https://vaultname.vault.azure.net/keys/livekvtestkey1a8eb0b9c","attributes":{"enabled":true,"created":1612576545,"updated":1612576545,"recoveryLevel":"Recoverable+Purgeable","recoverableDays":90}},{"kid":"https://vaultname.vault.azure.net/keys/livekvtestkey1b3510bf8","attributes":{"enabled":true,"created":1612576351,"updated":1612576351,"recoveryLevel":"Recoverable+Purgeable","recoverableDays":90}},{"kid":"https://vaultname.vault.azure.net/keys/livekvtestkey1b4dd0c0a","attributes":{"enabled":true,"created":1612576471,"updated":1612576471,"recoveryLevel":"Recoverable+Purgeable","recoverableDays":90}},{"kid":"https://vaultname.vault.azure.net/keys/livekvtestkey2110414cf","attributes":{"enabled":true,"created":1612576601,"updated":1612576601,"recoveryLevel":"Recoverable+Purgeable","recoverableDays":90}},{"kid":"https://vaultname.vault.azure.net/keys/livekvtestkey2a7710b8a","attributes":{"enabled":true,"created":1612576425,"updated":1612576425,"recoveryLevel":"Recoverable+Purgeable","recoverableDays":90}},{"kid":"https://vaultname.vault.azure.net/keys/livekvtestkey2a8eb0b9c","attributes":{"enabled":true,"created":1612576545,"updated":1612576545,"recoveryLevel":"Recoverable+Purgeable","recoverableDays":90}},{"kid":"https://vaultname.vault.azure.net/keys/livekvtestkey2b3510bf8","attributes":{"enabled":true,"created":1612576352,"updated":1612576352,"recoveryLevel":"Recoverable+Purgeable","recoverableDays":90}},{"kid":"https://vaultname.vault.azure.net/keys/livekvtestkey2b4dd0c0a","attributes":{"enabled":true,"created":1612576471,"updated":1612576471,"recoveryLevel":"Recoverable+Purgeable","recoverableDays":90}},{"kid":"https://vaultname.vault.azure.net/keys/livekvtestkey3110414cf","attributes":{"enabled":true,"created":1612576601,"updated":1612576601,"recoveryLevel":"Recoverable+Purgeable","recoverableDays":90}}],"nextLink":"https://vaultname.vault.azure.net:443/keys?api-version=7.2-preview&$skiptoken=eyJOZXh0TWFya2VyIjoiMiE5NiFNREF3TURJMklXdGxlUzlNU1ZaRlMxWlVSVk5VUzBWWk16TXlSamN3UmtJeklUQXdNREF5T0NFNU9UazVMVEV5TFRNeFZESXpPalU1T2pVNUxqazVPVGs1T1RsYUlRLS0iLCJUYXJnZXRMb2NhdGlvbiI6MH0"}'
    headers:
      cache-control:
      - no-cache
      content-length:
      - '3836'
      content-type:
      - application/json; charset=utf-8
      date:
      - Sat, 06 Feb 2021 01:56:42 GMT
      expires:
      - '-1'
      pragma:
      - no-cache
      strict-transport-security:
      - max-age=31536000;includeSubDomains
      x-content-type-options:
      - nosniff
      x-ms-keyvault-network-info:
      - conn_type=Ipv4;addr=174.127.232.53;act_addr_fam=InterNetwork;
      x-ms-keyvault-region:
      - northeurope
      x-ms-keyvault-service-version:
      - 1.2.164.0
      x-powered-by:
      - ASP.NET
    status:
      code: 200
      message: OK
- request:
    body: null
    headers:
      Accept:
      - application/json
      Accept-Encoding:
      - gzip, deflate
      Connection:
      - keep-alive
      User-Agent:
      - azsdk-python-keyvault-keys/4.3.2 Python/3.5.3 (Windows-10-10.0.19041-SP0)
    method: GET
    uri: https://vaultname.vault.azure.net/keys?api-version=7.2-preview&$skiptoken=eyJOZXh0TWFya2VyIjoiMiE5NiFNREF3TURJMklXdGxlUzlNU1ZaRlMxWlVSVk5VUzBWWk16TXlSamN3UmtJeklUQXdNREF5T0NFNU9UazVMVEV5TFRNeFZESXpPalU1T2pVNUxqazVPVGs1T1RsYUlRLS0iLCJUYXJnZXRMb2NhdGlvbiI6MH0
  response:
    body:
      string: '{"value":[{"kid":"https://vaultname.vault.azure.net/keys/livekvtestkey3a7710b8a","attributes":{"enabled":true,"created":1612576425,"updated":1612576425,"recoveryLevel":"Recoverable+Purgeable","recoverableDays":90}},{"kid":"https://vaultname.vault.azure.net/keys/livekvtestkey3a8eb0b9c","attributes":{"enabled":true,"created":1612576546,"updated":1612576546,"recoveryLevel":"Recoverable+Purgeable","recoverableDays":90}},{"kid":"https://vaultname.vault.azure.net/keys/livekvtestkey3b3510bf8","attributes":{"enabled":true,"created":1612576352,"updated":1612576352,"recoveryLevel":"Recoverable+Purgeable","recoverableDays":90}},{"kid":"https://vaultname.vault.azure.net/keys/livekvtestkey3b4dd0c0a","attributes":{"enabled":true,"created":1612576471,"updated":1612576471,"recoveryLevel":"Recoverable+Purgeable","recoverableDays":90}},{"kid":"https://vaultname.vault.azure.net/keys/livekvtestkey4a7710b8a","attributes":{"enabled":true,"created":1612576425,"updated":1612576425,"recoveryLevel":"Recoverable+Purgeable","recoverableDays":90}},{"kid":"https://vaultname.vault.azure.net/keys/livekvtestkey4a8eb0b9c","attributes":{"enabled":true,"created":1612576546,"updated":1612576546,"recoveryLevel":"Recoverable+Purgeable","recoverableDays":90}},{"kid":"https://vaultname.vault.azure.net/keys/livekvtestkey4b3510bf8","attributes":{"enabled":true,"created":1612576352,"updated":1612576352,"recoveryLevel":"Recoverable+Purgeable","recoverableDays":90}},{"kid":"https://vaultname.vault.azure.net/keys/livekvtestkey4b4dd0c0a","attributes":{"enabled":true,"created":1612576472,"updated":1612576472,"recoveryLevel":"Recoverable+Purgeable","recoverableDays":90}},{"kid":"https://vaultname.vault.azure.net/keys/livekvtestkey5a7710b8a","attributes":{"enabled":true,"created":1612576426,"updated":1612576426,"recoveryLevel":"Recoverable+Purgeable","recoverableDays":90}},{"kid":"https://vaultname.vault.azure.net/keys/livekvtestkey5a8eb0b9c","attributes":{"enabled":true,"created":1612576546,"updated":1612576546,"recoveryLevel":"Recoverable+Purgeable","recoverableDays":90}},{"kid":"https://vaultname.vault.azure.net/keys/livekvtestkey5b3510bf8","attributes":{"enabled":true,"created":1612576353,"updated":1612576353,"recoveryLevel":"Recoverable+Purgeable","recoverableDays":90}},{"kid":"https://vaultname.vault.azure.net/keys/livekvtestkey5b4dd0c0a","attributes":{"enabled":true,"created":1612576472,"updated":1612576472,"recoveryLevel":"Recoverable+Purgeable","recoverableDays":90}},{"kid":"https://vaultname.vault.azure.net/keys/livekvtestkey6a7710b8a","attributes":{"enabled":true,"created":1612576426,"updated":1612576426,"recoveryLevel":"Recoverable+Purgeable","recoverableDays":90}},{"kid":"https://vaultname.vault.azure.net/keys/livekvtestkey6a8eb0b9c","attributes":{"enabled":true,"created":1612576547,"updated":1612576547,"recoveryLevel":"Recoverable+Purgeable","recoverableDays":90}},{"kid":"https://vaultname.vault.azure.net/keys/livekvtestkey6b3510bf8","attributes":{"enabled":true,"created":1612576353,"updated":1612576353,"recoveryLevel":"Recoverable+Purgeable","recoverableDays":90}},{"kid":"https://vaultname.vault.azure.net/keys/livekvtestkey6b4dd0c0a","attributes":{"enabled":true,"created":1612576472,"updated":1612576472,"recoveryLevel":"Recoverable+Purgeable","recoverableDays":90}},{"kid":"https://vaultname.vault.azure.net/keys/livekvtestkey95c61223","attributes":{"enabled":true,"created":1612576590,"updated":1612576590,"recoveryLevel":"Recoverable+Purgeable","recoverableDays":90}},{"kid":"https://vaultname.vault.azure.net/keys/livekvtestkeybak2e80e6d","attributes":{"enabled":true,"created":1612576331,"updated":1612576331,"recoveryLevel":"Recoverable+Purgeable","recoverableDays":90}}],"nextLink":"https://vaultname.vault.azure.net:443/keys?api-version=7.2-preview&$skiptoken=eyJOZXh0TWFya2VyIjoiMiE5NiFNREF3TURJM0lXdGxlUzlNU1ZaRlMxWlVSVk5VUzBWWlFrRkxORVV3TUVVM1JpRXdNREF3TWpnaE9UazVPUzB4TWkwek1WUXlNem8xT1RvMU9TNDVPVGs1T1RrNVdpRS0iLCJUYXJnZXRMb2NhdGlvbiI6MH0"}'
    headers:
      cache-control:
      - no-cache
      content-length:
      - '4033'
      content-type:
      - application/json; charset=utf-8
      date:
      - Sat, 06 Feb 2021 01:56:44 GMT
      expires:
      - '-1'
      pragma:
      - no-cache
      strict-transport-security:
      - max-age=31536000;includeSubDomains
      x-content-type-options:
      - nosniff
      x-ms-keyvault-network-info:
      - conn_type=Ipv4;addr=174.127.232.53;act_addr_fam=InterNetwork;
      x-ms-keyvault-region:
      - northeurope
      x-ms-keyvault-service-version:
      - 1.2.164.0
      x-powered-by:
      - ASP.NET
    status:
      code: 200
      message: OK
- request:
    body: null
    headers:
      Accept:
      - application/json
      Accept-Encoding:
      - gzip, deflate
      Connection:
      - keep-alive
      User-Agent:
      - azsdk-python-keyvault-keys/4.3.2 Python/3.5.3 (Windows-10-10.0.19041-SP0)
    method: GET
    uri: https://vaultname.vault.azure.net/keys?api-version=7.2-preview&$skiptoken=eyJOZXh0TWFya2VyIjoiMiE5NiFNREF3TURJM0lXdGxlUzlNU1ZaRlMxWlVSVk5VUzBWWlFrRkxORVV3TUVVM1JpRXdNREF3TWpnaE9UazVPUzB4TWkwek1WUXlNem8xT1RvMU9TNDVPVGs1T1RrNVdpRS0iLCJUYXJnZXRMb2NhdGlvbiI6MH0
  response:
    body:
      string: '{"value":[{"kid":"https://vaultname.vault.azure.net/keys/livekvtestkeybak4e00e7f","attributes":{"enabled":true,"created":1612576453,"updated":1612576453,"recoveryLevel":"Recoverable+Purgeable","recoverableDays":90}},{"kid":"https://vaultname.vault.azure.net/keys/livekvtestkeycrypt899e11dd","attributes":{"enabled":true,"created":1612576238,"updated":1612576238,"recoveryLevel":"Recoverable+Purgeable","recoverableDays":90}},{"kid":"https://vaultname.vault.azure.net/keys/livekvtestkeycryptfe22145a","attributes":{"enabled":true,"created":1612576284,"updated":1612576284,"recoveryLevel":"Recoverable+Purgeable","recoverableDays":90}},{"kid":"https://vaultname.vault.azure.net/keys/livekvtestkeysign44471023","attributes":{"enabled":true,"created":1612576264,"updated":1612576264,"recoveryLevel":"Recoverable+Purgeable","recoverableDays":90}},{"kid":"https://vaultname.vault.azure.net/keys/livekvtestkeysignaed712a0","attributes":{"enabled":true,"created":1612576305,"updated":1612576305,"recoveryLevel":"Recoverable+Purgeable","recoverableDays":90}},{"kid":"https://vaultname.vault.azure.net/keys/livekvtestkeywrap450e1034","attributes":{"enabled":true,"created":1612576267,"updated":1612576267,"recoveryLevel":"Recoverable+Purgeable","recoverableDays":90}},{"kid":"https://vaultname.vault.azure.net/keys/livekvtestkeywrapaf9e12b1","attributes":{"enabled":true,"created":1612576308,"updated":1612576308,"recoveryLevel":"Recoverable+Purgeable","recoverableDays":90}},{"kid":"https://vaultname.vault.azure.net/keys/livekvtestrsa-expired443f1a10","attributes":{"enabled":true,"exp":946684800,"created":1612576292,"updated":1612576292,"recoveryLevel":"Recoverable+Purgeable","recoverableDays":90}},{"kid":"https://vaultname.vault.azure.net/keys/livekvtestrsa-expiredacd61793","attributes":{"enabled":true,"exp":946684800,"created":1612576248,"updated":1612576248,"recoveryLevel":"Recoverable+Purgeable","recoverableDays":90}},{"kid":"https://vaultname.vault.azure.net/keys/livekvtestrsa-key-name116c0ea5","attributes":{"enabled":true,"created":1612576391,"updated":1612576391,"recoveryLevel":"Recoverable+Purgeable","recoverableDays":90}},{"kid":"https://vaultname.vault.azure.net/keys/livekvtestrsa-key-name13760eb7","attributes":{"enabled":true,"created":1612576511,"updated":1612576511,"recoveryLevel":"Recoverable+Purgeable","recoverableDays":90}},{"kid":"https://vaultname.vault.azure.net/keys/livekvtestrsa-key-name20a00f12","attributes":{"enabled":true,"created":1612576389,"updated":1612576389,"recoveryLevel":"Recoverable+Purgeable","recoverableDays":90}},{"kid":"https://vaultname.vault.azure.net/keys/livekvtestrsa-key-name22bc0f24","attributes":{"enabled":true,"created":1612576510,"updated":1612576510,"recoveryLevel":"Recoverable+Purgeable","recoverableDays":90}},{"kid":"https://vaultname.vault.azure.net/keys/livekvtestrsa-key53891608","attributes":{"enabled":true,"created":1612576274,"updated":1612576274,"recoveryLevel":"Recoverable+Purgeable","recoverableDays":90}},{"kid":"https://vaultname.vault.azure.net/keys/livekvtestrsa-key54661612","attributes":{"enabled":true,"created":1612576291,"updated":1612576291,"recoveryLevel":"Recoverable+Purgeable","recoverableDays":90}},{"kid":"https://vaultname.vault.azure.net/keys/livekvtestrsa-keyd502138b","attributes":{"enabled":true,"created":1612576225,"updated":1612576225,"recoveryLevel":"Recoverable+Purgeable","recoverableDays":90}},{"kid":"https://vaultname.vault.azure.net/keys/livekvtestrsa-keyd5df1395","attributes":{"enabled":true,"created":1612576246,"updated":1612576246,"recoveryLevel":"Recoverable+Purgeable","recoverableDays":90}},{"kid":"https://vaultname.vault.azure.net/keys/livekvtestrsa-not-yet-valid443f1a10","attributes":{"enabled":true,"nbf":32503680000,"created":1612576292,"updated":1612576292,"recoveryLevel":"Recoverable+Purgeable","recoverableDays":90}},{"kid":"https://vaultname.vault.azure.net/keys/livekvtestrsa-not-yet-validacd61793","attributes":{"enabled":true,"nbf":32503680000,"created":1612576247,"updated":1612576247,"recoveryLevel":"Recoverable+Purgeable","recoverableDays":90}},{"kid":"https://vaultname.vault.azure.net/keys/livekvtestrsa-valid443f1a10","attributes":{"enabled":true,"nbf":32503680000,"exp":32535216000,"created":1612576293,"updated":1612576293,"recoveryLevel":"Recoverable+Purgeable","recoverableDays":90}},{"kid":"https://vaultname.vault.azure.net/keys/livekvtestrsa-validacd61793","attributes":{"enabled":true,"nbf":32503680000,"exp":32535216000,"created":1612576248,"updated":1612576248,"recoveryLevel":"Recoverable+Purgeable","recoverableDays":90}},{"kid":"https://vaultname.vault.azure.net/keys/livekvtestrsa-verify-204855c41090","attributes":{"enabled":true,"created":1612576253,"updated":1612576253,"recoveryLevel":"Recoverable+Purgeable","recoverableDays":90}},{"kid":"https://vaultname.vault.azure.net/keys/livekvtestrsa-verify-2048c2d1130d","attributes":{"enabled":true,"created":1612576297,"updated":1612576297,"recoveryLevel":"Recoverable+Purgeable","recoverableDays":90}},{"kid":"https://vaultname.vault.azure.net/keys/livekvtestrsa-verify-307255c41090","attributes":{"enabled":true,"created":1612576256,"updated":1612576256,"recoveryLevel":"Recoverable+Purgeable","recoverableDays":90}},{"kid":"https://vaultname.vault.azure.net/keys/livekvtestrsa-verify-3072c2d1130d","attributes":{"enabled":true,"created":1612576299,"updated":1612576299,"recoveryLevel":"Recoverable+Purgeable","recoverableDays":90}}],"nextLink":"https://vaultname.vault.azure.net:443/keys?api-version=7.2-preview&$skiptoken=eyJOZXh0TWFya2VyIjoiMiExMDghTURBd01ETTNJV3RsZVM5TVNWWkZTMVpVUlZOVVVsTkJMVlpGVWtsR1dTMDBNRGsyTlRWRE5ERXdPVEFoTURBd01ESTRJVGs1T1RrdE1USXRNekZVTWpNNk5UazZOVGt1T1RrNU9UazVPVm9oIiwiVGFyZ2V0TG9jYXRpb24iOjB9"}'
    headers:
      cache-control:
      - no-cache
      content-length:
      - '5805'
      content-type:
      - application/json; charset=utf-8
      date:
      - Sat, 06 Feb 2021 01:56:44 GMT
      expires:
      - '-1'
      pragma:
      - no-cache
      strict-transport-security:
      - max-age=31536000;includeSubDomains
      x-content-type-options:
      - nosniff
      x-ms-keyvault-network-info:
      - conn_type=Ipv4;addr=174.127.232.53;act_addr_fam=InterNetwork;
      x-ms-keyvault-region:
      - northeurope
      x-ms-keyvault-service-version:
      - 1.2.164.0
      x-powered-by:
      - ASP.NET
    status:
      code: 200
      message: OK
- request:
    body: null
    headers:
      Accept:
      - application/json
      Accept-Encoding:
      - gzip, deflate
      Connection:
      - keep-alive
      User-Agent:
      - azsdk-python-keyvault-keys/4.3.2 Python/3.5.3 (Windows-10-10.0.19041-SP0)
    method: GET
    uri: https://vaultname.vault.azure.net/keys?api-version=7.2-preview&$skiptoken=eyJOZXh0TWFya2VyIjoiMiExMDghTURBd01ETTNJV3RsZVM5TVNWWkZTMVpVUlZOVVVsTkJMVlpGVWtsR1dTMDBNRGsyTlRWRE5ERXdPVEFoTURBd01ESTRJVGs1T1RrdE1USXRNekZVTWpNNk5UazZOVGt1T1RrNU9UazVPVm9oIiwiVGFyZ2V0TG9jYXRpb24iOjB9
  response:
    body:
      string: '{"value":[{"kid":"https://vaultname.vault.azure.net/keys/livekvtestrsa-verify-409655c41090","attributes":{"enabled":true,"created":1612576259,"updated":1612576259,"recoveryLevel":"Recoverable+Purgeable","recoverableDays":90}},{"kid":"https://vaultname.vault.azure.net/keys/livekvtestrsa-verify-4096c2d1130d","attributes":{"enabled":true,"created":1612576301,"updated":1612576301,"recoveryLevel":"Recoverable+Purgeable","recoverableDays":90}},{"kid":"https://vaultname.vault.azure.net/keys/livekvtestrsakey56431083","attributes":{"enabled":true,"created":1612576294,"updated":1612576294,"recoveryLevel":"Recoverable+Purgeable","recoverableDays":90}},{"kid":"https://vaultname.vault.azure.net/keys/livekvtestrsakeyf8150e06","attributes":{"enabled":true,"created":1612576250,"updated":1612576250,"recoveryLevel":"Recoverable+Purgeable","recoverableDays":90}},{"kid":"https://vaultname.vault.azure.net/keys/livekvtesttestKeyf5fa0e28","attributes":{"enabled":true,"created":1612576387,"updated":1612576387,"recoveryLevel":"Recoverable+Purgeable","recoverableDays":90}},{"kid":"https://vaultname.vault.azure.net/keys/livekvtesttestKeyf7e00e3a","attributes":{"enabled":true,"created":1612576508,"updated":1612576508,"recoveryLevel":"Recoverable+Purgeable","recoverableDays":90}},{"kid":"https://vaultname.vault.azure.net/keys/livekvtestwrap-local569a108d","attributes":{"enabled":true,"created":1612576310,"updated":1612576310,"recoveryLevel":"Recoverable+Purgeable","recoverableDays":90}},{"kid":"https://vaultname.vault.azure.net/keys/livekvtestwrap-localf86c0e10","attributes":{"enabled":true,"created":1612576270,"updated":1612576270,"recoveryLevel":"Recoverable+Purgeable","recoverableDays":90}},{"kid":"https://vaultname.vault.azure.net/keys/test-rsa","attributes":{"enabled":true,"created":1612558238,"updated":1612558238,"recoveryLevel":"Recoverable+Purgeable","recoverableDays":90}}],"nextLink":null}'
    headers:
      cache-control:
      - no-cache
      content-length:
      - '1929'
      content-type:
      - application/json; charset=utf-8
      date:
      - Sat, 06 Feb 2021 01:56:45 GMT
      expires:
      - '-1'
      pragma:
      - no-cache
      strict-transport-security:
      - max-age=31536000;includeSubDomains
      x-content-type-options:
      - nosniff
      x-ms-keyvault-network-info:
      - conn_type=Ipv4;addr=174.127.232.53;act_addr_fam=InterNetwork;
      x-ms-keyvault-region:
      - northeurope
      x-ms-keyvault-service-version:
      - 1.2.164.0
      x-powered-by:
      - ASP.NET
    status:
      code: 200
      message: OK
- request:
    body: null
    headers:
      Accept:
      - application/json
      Accept-Encoding:
      - gzip, deflate
      Connection:
      - keep-alive
      User-Agent:
      - azsdk-python-keyvault-keys/4.3.2 Python/3.5.3 (Windows-10-10.0.19041-SP0)
    method: GET
    uri: https://vaultname.vault.azure.net/keys/key-name/versions?api-version=7.2-preview
  response:
    body:
      string: '{"value":[],"nextLink":null}'
    headers:
      cache-control:
      - no-cache
      content-length:
      - '28'
      content-type:
      - application/json; charset=utf-8
      date:
      - Sat, 06 Feb 2021 01:56:45 GMT
      expires:
      - '-1'
      pragma:
      - no-cache
      strict-transport-security:
      - max-age=31536000;includeSubDomains
      x-content-type-options:
      - nosniff
      x-ms-keyvault-network-info:
      - conn_type=Ipv4;addr=174.127.232.53;act_addr_fam=InterNetwork;
      x-ms-keyvault-region:
      - northeurope
      x-ms-keyvault-service-version:
      - 1.2.164.0
      x-powered-by:
      - ASP.NET
    status:
      code: 200
      message: OK
- request:
    body: null
    headers:
      Accept:
      - application/json
      Accept-Encoding:
      - gzip, deflate
      Connection:
      - keep-alive
      User-Agent:
      - azsdk-python-keyvault-keys/4.3.2 Python/3.5.3 (Windows-10-10.0.19041-SP0)
    method: GET
    uri: https://vaultname.vault.azure.net/deletedkeys?api-version=7.2-preview
  response:
    body:
      string: '{"value":[{"recoveryId":"https://vaultname.vault.azure.net/deletedkeys/livekvtestcrud-rsa-key51c4108d","deletedDate":1612576344,"scheduledPurgeDate":1620352344,"kid":"https://vaultname.vault.azure.net/keys/livekvtestcrud-rsa-key51c4108d","attributes":{"enabled":true,"exp":2524723200,"created":1612576342,"updated":1612576344,"recoveryLevel":"Recoverable+Purgeable","recoverableDays":90},"tags":{"foo":"updated
        tag"}},{"recoveryId":"https://vaultname.vault.azure.net/deletedkeys/livekvtestcrud-rsa-key5416109f","deletedDate":1612576466,"scheduledPurgeDate":1620352466,"kid":"https://vaultname.vault.azure.net/keys/livekvtestcrud-rsa-key5416109f","attributes":{"enabled":true,"exp":2524723200,"created":1612576464,"updated":1612576466,"recoveryLevel":"Recoverable+Purgeable","recoverableDays":90},"tags":{"foo":"updated
        tag"}}],"nextLink":"https://vaultname.vault.azure.net:443/deletedkeys?api-version=7.2-preview&$skiptoken=eyJOZXh0TWFya2VyIjoiMiExNTIhTURBd01EY3dJV3RsZVM5TVNWWkZTMVpVUlZOVVJVTXRWa1ZTU1VaWkxWQXRNalUyTkRRd01qRXdNVEl2TUVSRE1USTVSVVJFTWtSQ05EWkNSamxCUWpnNU5ESTNSRE01TXpFNU9EY2hNREF3TURJNElUazVPVGt0TVRJdE16RlVNak02TlRrNk5Ua3VPVGs1T1RrNU9Wb2giLCJUYXJnZXRMb2NhdGlvbiI6MH0"}'
    headers:
      cache-control:
      - no-cache
      content-length:
      - '1200'
      content-type:
      - application/json; charset=utf-8
      date:
      - Sat, 06 Feb 2021 01:56:45 GMT
      expires:
      - '-1'
      pragma:
      - no-cache
      strict-transport-security:
      - max-age=31536000;includeSubDomains
      x-content-type-options:
      - nosniff
      x-ms-keyvault-network-info:
      - conn_type=Ipv4;addr=174.127.232.53;act_addr_fam=InterNetwork;
      x-ms-keyvault-region:
      - northeurope
      x-ms-keyvault-service-version:
      - 1.2.164.0
      x-powered-by:
      - ASP.NET
    status:
      code: 200
      message: OK
- request:
    body: null
    headers:
      Accept:
      - application/json
      Accept-Encoding:
      - gzip, deflate
      Connection:
      - keep-alive
      User-Agent:
      - azsdk-python-keyvault-keys/4.3.2 Python/3.5.3 (Windows-10-10.0.19041-SP0)
    method: GET
    uri: https://vaultname.vault.azure.net/deletedkeys?api-version=7.2-preview&$skiptoken=eyJOZXh0TWFya2VyIjoiMiExNTIhTURBd01EY3dJV3RsZVM5TVNWWkZTMVpVUlZOVVJVTXRWa1ZTU1VaWkxWQXRNalUyTkRRd01qRXdNVEl2TUVSRE1USTVSVVJFTWtSQ05EWkNSamxCUWpnNU5ESTNSRE01TXpFNU9EY2hNREF3TURJNElUazVPVGt0TVRJdE16RlVNak02TlRrNk5Ua3VPVGs1T1RrNU9Wb2giLCJUYXJnZXRMb2NhdGlvbiI6MH0
  response:
    body:
      string: '{"value":[],"nextLink":"https://vaultname.vault.azure.net:443/deletedkeys?api-version=7.2-preview&$skiptoken=eyJOZXh0TWFya2VyIjoiMiExMDghTURBd01ETTNJV3RsZVM5TVNWWkZTMVpVUlZOVVNVMVFUMUpVTFZSRlUxUXRTMFZaTlRReE5qRXdPVVloTURBd01ESTRJVGs1T1RrdE1USXRNekZVTWpNNk5UazZOVGt1T1RrNU9UazVPVm9oIiwiVGFyZ2V0TG9jYXRpb24iOjB9"}'
    headers:
      cache-control:
      - no-cache
      content-length:
      - '314'
      content-type:
      - application/json; charset=utf-8
      date:
      - Sat, 06 Feb 2021 01:56:46 GMT
      expires:
      - '-1'
      pragma:
      - no-cache
      strict-transport-security:
      - max-age=31536000;includeSubDomains
      x-content-type-options:
      - nosniff
      x-ms-keyvault-network-info:
      - conn_type=Ipv4;addr=174.127.232.53;act_addr_fam=InterNetwork;
      x-ms-keyvault-region:
      - northeurope
      x-ms-keyvault-service-version:
      - 1.2.164.0
      x-powered-by:
      - ASP.NET
    status:
      code: 200
      message: OK
- request:
    body: null
    headers:
      Accept:
      - application/json
      Accept-Encoding:
      - gzip, deflate
      Connection:
      - keep-alive
      User-Agent:
      - azsdk-python-keyvault-keys/4.3.2 Python/3.5.3 (Windows-10-10.0.19041-SP0)
    method: GET
    uri: https://vaultname.vault.azure.net/deletedkeys?api-version=7.2-preview&$skiptoken=eyJOZXh0TWFya2VyIjoiMiExMDghTURBd01ETTNJV3RsZVM5TVNWWkZTMVpVUlZOVVNVMVFUMUpVTFZSRlUxUXRTMFZaTlRReE5qRXdPVVloTURBd01ESTRJVGs1T1RrdE1USXRNekZVTWpNNk5UazZOVGt1T1RrNU9UazVPVm9oIiwiVGFyZ2V0TG9jYXRpb24iOjB9
  response:
    body:
      string: '{"value":[{"recoveryId":"https://vaultname.vault.azure.net/deletedkeys/livekvtestkey-name105514c1","deletedDate":1612576595,"scheduledPurgeDate":1620352595,"kid":"https://vaultname.vault.azure.net/keys/livekvtestkey-name105514c1","attributes":{"enabled":true,"exp":2524723200,"created":1612576594,"updated":1612576594,"recoveryLevel":"Recoverable+Purgeable","recoverableDays":90},"tags":{"foo":"updated
        tag"}},{"recoveryId":"https://vaultname.vault.azure.net/deletedkeys/livekvtestkey030c90fa1","deletedDate":1612576374,"scheduledPurgeDate":1620352374,"kid":"https://vaultname.vault.azure.net/keys/livekvtestkey030c90fa1","attributes":{"enabled":true,"created":1612576358,"updated":1612576358,"recoveryLevel":"Recoverable+Purgeable","recoverableDays":90}},{"recoveryId":"https://vaultname.vault.azure.net/deletedkeys/livekvtestkey032f70fb3","deletedDate":1612576491,"scheduledPurgeDate":1620352491,"kid":"https://vaultname.vault.azure.net/keys/livekvtestkey032f70fb3","attributes":{"enabled":true,"created":1612576478,"updated":1612576478,"recoveryLevel":"Recoverable+Purgeable","recoverableDays":90}},{"recoveryId":"https://vaultname.vault.azure.net/deletedkeys/livekvtestkey130c90fa1","deletedDate":1612576376,"scheduledPurgeDate":1620352376,"kid":"https://vaultname.vault.azure.net/keys/livekvtestkey130c90fa1","attributes":{"enabled":true,"created":1612576358,"updated":1612576358,"recoveryLevel":"Recoverable+Purgeable","recoverableDays":90}},{"recoveryId":"https://vaultname.vault.azure.net/deletedkeys/livekvtestkey132f70fb3","deletedDate":1612576486,"scheduledPurgeDate":1620352486,"kid":"https://vaultname.vault.azure.net/keys/livekvtestkey132f70fb3","attributes":{"enabled":true,"created":1612576478,"updated":1612576478,"recoveryLevel":"Recoverable+Purgeable","recoverableDays":90}}],"nextLink":"https://vaultname.vault.azure.net:443/deletedkeys?api-version=7.2-preview&$skiptoken=eyJOZXh0TWFya2VyIjoiMiExNDAhTURBd01EVTVJV3RsZVM5TVNWWkZTMVpVUlZOVVMwVlpNVUUzTnpFd1FqaEJMelkwUVRBME9ERXhSRE5GUXpRME4wUTVNVEZHTlRBeU9EUkVPRGN6T0VNNUlUQXdNREF5T0NFNU9UazVMVEV5TFRNeFZESXpPalU1T2pVNUxqazVPVGs1T1RsYUlRLS0iLCJUYXJnZXRMb2NhdGlvbiI6MH0"}'
    headers:
      cache-control:
      - no-cache
      content-length:
      - '2170'
      content-type:
      - application/json; charset=utf-8
      date:
      - Sat, 06 Feb 2021 01:56:46 GMT
      expires:
      - '-1'
      pragma:
      - no-cache
      strict-transport-security:
      - max-age=31536000;includeSubDomains
      x-content-type-options:
      - nosniff
      x-ms-keyvault-network-info:
      - conn_type=Ipv4;addr=174.127.232.53;act_addr_fam=InterNetwork;
      x-ms-keyvault-region:
      - northeurope
      x-ms-keyvault-service-version:
      - 1.2.164.0
      x-powered-by:
      - ASP.NET
    status:
      code: 200
      message: OK
- request:
    body: null
    headers:
      Accept:
      - application/json
      Accept-Encoding:
      - gzip, deflate
      Connection:
      - keep-alive
      User-Agent:
      - azsdk-python-keyvault-keys/4.3.2 Python/3.5.3 (Windows-10-10.0.19041-SP0)
    method: GET
    uri: https://vaultname.vault.azure.net/deletedkeys?api-version=7.2-preview&$skiptoken=eyJOZXh0TWFya2VyIjoiMiExNDAhTURBd01EVTVJV3RsZVM5TVNWWkZTMVpVUlZOVVMwVlpNVUUzTnpFd1FqaEJMelkwUVRBME9ERXhSRE5GUXpRME4wUTVNVEZHTlRBeU9EUkVPRGN6T0VNNUlUQXdNREF5T0NFNU9UazVMVEV5TFRNeFZESXpPalU1T2pVNUxqazVPVGs1T1RsYUlRLS0iLCJUYXJnZXRMb2NhdGlvbiI6MH0
  response:
    body:
      string: '{"value":[{"recoveryId":"https://vaultname.vault.azure.net/deletedkeys/livekvtestkey230c90fa1","deletedDate":1612576371,"scheduledPurgeDate":1620352371,"kid":"https://vaultname.vault.azure.net/keys/livekvtestkey230c90fa1","attributes":{"enabled":true,"created":1612576359,"updated":1612576359,"recoveryLevel":"Recoverable+Purgeable","recoverableDays":90}},{"recoveryId":"https://vaultname.vault.azure.net/deletedkeys/livekvtestkey232f70fb3","deletedDate":1612576488,"scheduledPurgeDate":1620352488,"kid":"https://vaultname.vault.azure.net/keys/livekvtestkey232f70fb3","attributes":{"enabled":true,"created":1612576479,"updated":1612576479,"recoveryLevel":"Recoverable+Purgeable","recoverableDays":90}},{"recoveryId":"https://vaultname.vault.azure.net/deletedkeys/livekvtestkey330c90fa1","deletedDate":1612576363,"scheduledPurgeDate":1620352363,"kid":"https://vaultname.vault.azure.net/keys/livekvtestkey330c90fa1","attributes":{"enabled":true,"created":1612576359,"updated":1612576359,"recoveryLevel":"Recoverable+Purgeable","recoverableDays":90}}],"nextLink":"https://vaultname.vault.azure.net:443/deletedkeys?api-version=7.2-preview&$skiptoken=eyJOZXh0TWFya2VyIjoiMiE5NiFNREF3TURJMklXdGxlUzlNU1ZaRlMxWlVSVk5VUzBWWk16TXlSamN3UmtJeklUQXdNREF5T0NFNU9UazVMVEV5TFRNeFZESXpPalU1T2pVNUxqazVPVGs1T1RsYUlRLS0iLCJUYXJnZXRMb2NhdGlvbiI6MH0"}'
    headers:
      cache-control:
      - no-cache
      content-length:
      - '1352'
      content-type:
      - application/json; charset=utf-8
      date:
      - Sat, 06 Feb 2021 01:56:46 GMT
      expires:
      - '-1'
      pragma:
      - no-cache
      strict-transport-security:
      - max-age=31536000;includeSubDomains
      x-content-type-options:
      - nosniff
      x-ms-keyvault-network-info:
      - conn_type=Ipv4;addr=174.127.232.53;act_addr_fam=InterNetwork;
      x-ms-keyvault-region:
      - northeurope
      x-ms-keyvault-service-version:
      - 1.2.164.0
      x-powered-by:
      - ASP.NET
    status:
      code: 200
      message: OK
- request:
    body: null
    headers:
      Accept:
      - application/json
      Accept-Encoding:
      - gzip, deflate
      Connection:
      - keep-alive
      User-Agent:
      - azsdk-python-keyvault-keys/4.3.2 Python/3.5.3 (Windows-10-10.0.19041-SP0)
    method: GET
    uri: https://vaultname.vault.azure.net/deletedkeys?api-version=7.2-preview&$skiptoken=eyJOZXh0TWFya2VyIjoiMiE5NiFNREF3TURJMklXdGxlUzlNU1ZaRlMxWlVSVk5VUzBWWk16TXlSamN3UmtJeklUQXdNREF5T0NFNU9UazVMVEV5TFRNeFZESXpPalU1T2pVNUxqazVPVGs1T1RsYUlRLS0iLCJUYXJnZXRMb2NhdGlvbiI6MH0
  response:
    body:
      string: '{"value":[{"recoveryId":"https://vaultname.vault.azure.net/deletedkeys/livekvtestkey332f70fb3","deletedDate":1612576480,"scheduledPurgeDate":1620352480,"kid":"https://vaultname.vault.azure.net/keys/livekvtestkey332f70fb3","attributes":{"enabled":true,"created":1612576479,"updated":1612576479,"recoveryLevel":"Recoverable+Purgeable","recoverableDays":90}},{"recoveryId":"https://vaultname.vault.azure.net/deletedkeys/livekvtestkey430c90fa1","deletedDate":1612576368,"scheduledPurgeDate":1620352368,"kid":"https://vaultname.vault.azure.net/keys/livekvtestkey430c90fa1","attributes":{"enabled":true,"created":1612576359,"updated":1612576359,"recoveryLevel":"Recoverable+Purgeable","recoverableDays":90}},{"recoveryId":"https://vaultname.vault.azure.net/deletedkeys/livekvtestkey432f70fb3","deletedDate":1612576494,"scheduledPurgeDate":1620352494,"kid":"https://vaultname.vault.azure.net/keys/livekvtestkey432f70fb3","attributes":{"enabled":true,"created":1612576479,"updated":1612576479,"recoveryLevel":"Recoverable+Purgeable","recoverableDays":90}},{"recoveryId":"https://vaultname.vault.azure.net/deletedkeys/livekvtestkey530c90fa1","deletedDate":1612576360,"scheduledPurgeDate":1620352360,"kid":"https://vaultname.vault.azure.net/keys/livekvtestkey530c90fa1","attributes":{"enabled":true,"created":1612576360,"updated":1612576360,"recoveryLevel":"Recoverable+Purgeable","recoverableDays":90}},{"recoveryId":"https://vaultname.vault.azure.net/deletedkeys/livekvtestkey532f70fb3","deletedDate":1612576483,"scheduledPurgeDate":1620352483,"kid":"https://vaultname.vault.azure.net/keys/livekvtestkey532f70fb3","attributes":{"enabled":true,"created":1612576480,"updated":1612576480,"recoveryLevel":"Recoverable+Purgeable","recoverableDays":90}}],"nextLink":"https://vaultname.vault.azure.net:443/deletedkeys?api-version=7.2-preview&$skiptoken=eyJOZXh0TWFya2VyIjoiMiExNDAhTURBd01EVTVJV3RsZVM5TVNWWkZTMVpVUlZOVVMwVlpOVE15Umpjd1JrSXpMemxHUlRWR05VTkNNamxGTXpSR1FVWkJOak01UkVZNE4wTkZSRGxHUXpkRklUQXdNREF5T0NFNU9UazVMVEV5TFRNeFZESXpPalU1T2pVNUxqazVPVGs1T1RsYUlRLS0iLCJUYXJnZXRMb2NhdGlvbiI6MH0"}'
    headers:
      cache-control:
      - no-cache
      content-length:
      - '2116'
      content-type:
      - application/json; charset=utf-8
      date:
      - Sat, 06 Feb 2021 01:56:47 GMT
      expires:
      - '-1'
      pragma:
      - no-cache
      strict-transport-security:
      - max-age=31536000;includeSubDomains
      x-content-type-options:
      - nosniff
      x-ms-keyvault-network-info:
      - conn_type=Ipv4;addr=174.127.232.53;act_addr_fam=InterNetwork;
      x-ms-keyvault-region:
      - northeurope
      x-ms-keyvault-service-version:
      - 1.2.164.0
      x-powered-by:
      - ASP.NET
    status:
      code: 200
      message: OK
- request:
    body: null
    headers:
      Accept:
      - application/json
      Accept-Encoding:
      - gzip, deflate
      Connection:
      - keep-alive
      User-Agent:
      - azsdk-python-keyvault-keys/4.3.2 Python/3.5.3 (Windows-10-10.0.19041-SP0)
    method: GET
    uri: https://vaultname.vault.azure.net/deletedkeys?api-version=7.2-preview&$skiptoken=eyJOZXh0TWFya2VyIjoiMiExNDAhTURBd01EVTVJV3RsZVM5TVNWWkZTMVpVUlZOVVMwVlpOVE15Umpjd1JrSXpMemxHUlRWR05VTkNNamxGTXpSR1FVWkJOak01UkVZNE4wTkZSRGxHUXpkRklUQXdNREF5T0NFNU9UazVMVEV5TFRNeFZESXpPalU1T2pVNUxqazVPVGs1T1RsYUlRLS0iLCJUYXJnZXRMb2NhdGlvbiI6MH0
  response:
    body:
      string: '{"value":[{"recoveryId":"https://vaultname.vault.azure.net/deletedkeys/livekvtestkey630c90fa1","deletedDate":1612576366,"scheduledPurgeDate":1620352366,"kid":"https://vaultname.vault.azure.net/keys/livekvtestkey630c90fa1","attributes":{"enabled":true,"created":1612576360,"updated":1612576360,"recoveryLevel":"Recoverable+Purgeable","recoverableDays":90}},{"recoveryId":"https://vaultname.vault.azure.net/deletedkeys/livekvtestkey632f70fb3","deletedDate":1612576496,"scheduledPurgeDate":1620352496,"kid":"https://vaultname.vault.azure.net/keys/livekvtestkey632f70fb3","attributes":{"enabled":true,"created":1612576480,"updated":1612576480,"recoveryLevel":"Recoverable+Purgeable","recoverableDays":90}}],"nextLink":"https://vaultname.vault.azure.net:443/deletedkeys?api-version=7.2-preview&$skiptoken=eyJOZXh0TWFya2VyIjoiMiE5NiFNREF3TURJM0lXdGxlUzlNU1ZaRlMxWlVSVk5VUzBWWlFrRkxORVV3TUVVM1JpRXdNREF3TWpnaE9UazVPUzB4TWkwek1WUXlNem8xT1RvMU9TNDVPVGs1T1RrNVdpRS0iLCJUYXJnZXRMb2NhdGlvbiI6MH0"}'
    headers:
      cache-control:
      - no-cache
      content-length:
      - '1000'
      content-type:
      - application/json; charset=utf-8
      date:
      - Sat, 06 Feb 2021 01:56:47 GMT
      expires:
      - '-1'
      pragma:
      - no-cache
      strict-transport-security:
      - max-age=31536000;includeSubDomains
      x-content-type-options:
      - nosniff
      x-ms-keyvault-network-info:
      - conn_type=Ipv4;addr=174.127.232.53;act_addr_fam=InterNetwork;
      x-ms-keyvault-region:
      - northeurope
      x-ms-keyvault-service-version:
      - 1.2.164.0
      x-powered-by:
      - ASP.NET
    status:
      code: 200
      message: OK
- request:
    body: null
    headers:
      Accept:
      - application/json
      Accept-Encoding:
      - gzip, deflate
      Connection:
      - keep-alive
      User-Agent:
      - azsdk-python-keyvault-keys/4.3.2 Python/3.5.3 (Windows-10-10.0.19041-SP0)
    method: GET
    uri: https://vaultname.vault.azure.net/deletedkeys?api-version=7.2-preview&$skiptoken=eyJOZXh0TWFya2VyIjoiMiE5NiFNREF3TURJM0lXdGxlUzlNU1ZaRlMxWlVSVk5VUzBWWlFrRkxORVV3TUVVM1JpRXdNREF3TWpnaE9UazVPUzB4TWkwek1WUXlNem8xT1RvMU9TNDVPVGs1T1RrNVdpRS0iLCJUYXJnZXRMb2NhdGlvbiI6MH0
  response:
    body:
      string: '{"value":[],"nextLink":"https://vaultname.vault.azure.net:443/deletedkeys?api-version=7.2-preview&$skiptoken=eyJOZXh0TWFya2VyIjoiMiExNDghTURBd01EWTNJV3RsZVM5TVNWWkZTMVpVUlZOVVVsTkJMVXRGV1MxT1FVMUZNakpDUXpCR01qUXZNREUyTURNNU9ESTJNekkwTkRNd1JVSkVNemxHT1RRNU1ETXpOVFUwTVRnaE1EQXdNREk0SVRrNU9Ua3RNVEl0TXpGVU1qTTZOVGs2TlRrdU9UazVPVGs1T1ZvaCIsIlRhcmdldExvY2F0aW9uIjowfQ"}'
    headers:
      cache-control:
      - no-cache
      content-length:
      - '368'
      content-type:
      - application/json; charset=utf-8
      date:
      - Sat, 06 Feb 2021 01:56:47 GMT
      expires:
      - '-1'
      pragma:
      - no-cache
      strict-transport-security:
      - max-age=31536000;includeSubDomains
      x-content-type-options:
      - nosniff
      x-ms-keyvault-network-info:
      - conn_type=Ipv4;addr=174.127.232.53;act_addr_fam=InterNetwork;
      x-ms-keyvault-region:
      - northeurope
      x-ms-keyvault-service-version:
      - 1.2.164.0
      x-powered-by:
      - ASP.NET
    status:
      code: 200
      message: OK
- request:
    body: null
    headers:
      Accept:
      - application/json
      Accept-Encoding:
      - gzip, deflate
      Connection:
      - keep-alive
      User-Agent:
      - azsdk-python-keyvault-keys/4.3.2 Python/3.5.3 (Windows-10-10.0.19041-SP0)
    method: GET
    uri: https://vaultname.vault.azure.net/deletedkeys?api-version=7.2-preview&$skiptoken=eyJOZXh0TWFya2VyIjoiMiExNDghTURBd01EWTNJV3RsZVM5TVNWWkZTMVpVUlZOVVVsTkJMVXRGV1MxT1FVMUZNakpDUXpCR01qUXZNREUyTURNNU9ESTJNekkwTkRNd1JVSkVNemxHT1RRNU1ETXpOVFUwTVRnaE1EQXdNREk0SVRrNU9Ua3RNVEl0TXpGVU1qTTZOVGs2TlRrdU9UazVPVGs1T1ZvaCIsIlRhcmdldExvY2F0aW9uIjowfQ
  response:
    body:
      string: '{"value":[],"nextLink":"https://vaultname.vault.azure.net:443/deletedkeys?api-version=7.2-preview&$skiptoken=eyJOZXh0TWFya2VyIjoiMiExMDghTURBd01ETTNJV3RsZVM5TVNWWkZTMVpVUlZOVVVsTkJMVlpGVWtsR1dTMDBNRGsyTlRWRE5ERXdPVEFoTURBd01ESTRJVGs1T1RrdE1USXRNekZVTWpNNk5UazZOVGt1T1RrNU9UazVPVm9oIiwiVGFyZ2V0TG9jYXRpb24iOjB9"}'
    headers:
      cache-control:
      - no-cache
      content-length:
      - '314'
      content-type:
      - application/json; charset=utf-8
      date:
      - Sat, 06 Feb 2021 01:56:47 GMT
      expires:
      - '-1'
      pragma:
      - no-cache
      strict-transport-security:
      - max-age=31536000;includeSubDomains
      x-content-type-options:
      - nosniff
      x-ms-keyvault-network-info:
      - conn_type=Ipv4;addr=174.127.232.53;act_addr_fam=InterNetwork;
      x-ms-keyvault-region:
      - northeurope
      x-ms-keyvault-service-version:
      - 1.2.164.0
      x-powered-by:
      - ASP.NET
    status:
      code: 200
      message: OK
- request:
    body: null
    headers:
      Accept:
      - application/json
      Accept-Encoding:
      - gzip, deflate
      Connection:
      - keep-alive
      User-Agent:
      - azsdk-python-keyvault-keys/4.3.2 Python/3.5.3 (Windows-10-10.0.19041-SP0)
    method: GET
    uri: https://vaultname.vault.azure.net/deletedkeys?api-version=7.2-preview&$skiptoken=eyJOZXh0TWFya2VyIjoiMiExMDghTURBd01ETTNJV3RsZVM5TVNWWkZTMVpVUlZOVVVsTkJMVlpGVWtsR1dTMDBNRGsyTlRWRE5ERXdPVEFoTURBd01ESTRJVGs1T1RrdE1USXRNekZVTWpNNk5UazZOVGt1T1RrNU9UazVPVm9oIiwiVGFyZ2V0TG9jYXRpb24iOjB9
  response:
    body:
      string: '{"value":[],"nextLink":null}'
    headers:
      cache-control:
      - no-cache
      content-length:
      - '28'
      content-type:
      - application/json; charset=utf-8
      date:
      - Sat, 06 Feb 2021 01:56:49 GMT
      expires:
      - '-1'
      pragma:
      - no-cache
      strict-transport-security:
      - max-age=31536000;includeSubDomains
      x-content-type-options:
      - nosniff
      x-ms-keyvault-network-info:
      - conn_type=Ipv4;addr=174.127.232.53;act_addr_fam=InterNetwork;
      x-ms-keyvault-region:
      - northeurope
      x-ms-keyvault-service-version:
      - 1.2.164.0
      x-powered-by:
      - ASP.NET
    status:
      code: 200
      message: OK
version: 1
