interactions:
- request:
    body: ''
    headers:
      Accept: [application/json]
      Accept-Encoding: ['gzip, deflate']
      Connection: [keep-alive]
      Content-Length: [0]
      Content-Type: [application/json; charset=utf-8]
      User-Agent: [python/3.6.2 (Windows-10-10.0.17134-SP0) requests/2.19.1 msrest/0.5.1
          msrest_azure/0.4.33 azure-keyvault/1.0.0 Azure-SDK-For-Python]
      accept-language: [en-US]
    method: PUT
    uri: https://vaultcdc10cde.vault.azure.net/secrets/secrec0cdc10cde?api-version=7.0
  response:
    body: {string: ''}
    headers:
      cache-control: [no-cache]
      content-length: ['0']
      date: ['Fri, 22 Jun 2018 19:10:54 GMT']
      expires: ['-1']
      pragma: [no-cache]
      server: [Microsoft-IIS/10.0]
      strict-transport-security: [max-age=31536000;includeSubDomains]
      www-authenticate: ['Bearer authorization="https://login.windows.net/72f988bf-86f1-41af-91ab-2d7cd011db47",
          resource="https://vault.azure.net"']
      x-aspnet-version: [4.0.30319]
      x-content-type-options: [nosniff]
      x-ms-keyvault-network-info: [addr=167.220.0.182;act_addr_fam=InterNetwork;]
      x-ms-keyvault-region: [westus]
      x-ms-keyvault-service-version: [1.0.0.849]
      x-powered-by: [ASP.NET]
    status: {code: 401, message: Unauthorized}
- request:
    body: '{"value": "secval0cdc10cde"}'
    headers:
      Accept: [application/json]
      Accept-Encoding: ['gzip, deflate']
      Connection: [keep-alive]
      Content-Length: ['28']
      Content-Type: [application/json; charset=utf-8]
      User-Agent: [python/3.6.2 (Windows-10-10.0.17134-SP0) requests/2.19.1 msrest/0.5.1
          msrest_azure/0.4.33 azure-keyvault/1.0.0 Azure-SDK-For-Python]
      accept-language: [en-US]
    method: PUT
    uri: https://vaultcdc10cde.vault.azure.net/secrets/secrec0cdc10cde?api-version=7.0
  response:
    body: {string: '{"value":"secval0cdc10cde","id":"https://vaultcdc10cde.vault.azure.net/secrets/secrec0cdc10cde/acfe54b71a92474cad92876602b4dc4d","attributes":{"enabled":true,"created":1529694655,"updated":1529694655,"recoveryLevel":"Recoverable+Purgeable"}}'}
    headers:
      cache-control: [no-cache]
      content-length: ['241']
      content-type: [application/json; charset=utf-8]
      date: ['Fri, 22 Jun 2018 19:10:55 GMT']
      expires: ['-1']
      pragma: [no-cache]
      server: [Microsoft-IIS/10.0]
      strict-transport-security: [max-age=31536000;includeSubDomains]
      x-aspnet-version: [4.0.30319]
      x-content-type-options: [nosniff]
      x-ms-keyvault-network-info: [addr=167.220.0.182;act_addr_fam=InterNetwork;]
      x-ms-keyvault-region: [westus]
      x-ms-keyvault-service-version: [1.0.0.849]
      x-powered-by: [ASP.NET]
    status: {code: 200, message: OK}
- request:
    body: '{"value": "secval1cdc10cde"}'
    headers:
      Accept: [application/json]
      Accept-Encoding: ['gzip, deflate']
      Connection: [keep-alive]
      Content-Length: ['28']
      Content-Type: [application/json; charset=utf-8]
      User-Agent: [python/3.6.2 (Windows-10-10.0.17134-SP0) requests/2.19.1 msrest/0.5.1
          msrest_azure/0.4.33 azure-keyvault/1.0.0 Azure-SDK-For-Python]
      accept-language: [en-US]
    method: PUT
    uri: https://vaultcdc10cde.vault.azure.net/secrets/secrec1cdc10cde?api-version=7.0
  response:
    body: {string: '{"value":"secval1cdc10cde","id":"https://vaultcdc10cde.vault.azure.net/secrets/secrec1cdc10cde/779934677bf741d8a39c780d65a890ce","attributes":{"enabled":true,"created":1529694656,"updated":1529694656,"recoveryLevel":"Recoverable+Purgeable"}}'}
    headers:
      cache-control: [no-cache]
      content-length: ['241']
      content-type: [application/json; charset=utf-8]
      date: ['Fri, 22 Jun 2018 19:10:56 GMT']
      expires: ['-1']
      pragma: [no-cache]
      server: [Microsoft-IIS/10.0]
      strict-transport-security: [max-age=31536000;includeSubDomains]
      x-aspnet-version: [4.0.30319]
      x-content-type-options: [nosniff]
      x-ms-keyvault-network-info: [addr=167.220.0.182;act_addr_fam=InterNetwork;]
      x-ms-keyvault-region: [westus]
      x-ms-keyvault-service-version: [1.0.0.849]
      x-powered-by: [ASP.NET]
    status: {code: 200, message: OK}
- request:
    body: '{"value": "secval0cdc10cde"}'
    headers:
      Accept: [application/json]
      Accept-Encoding: ['gzip, deflate']
      Connection: [keep-alive]
      Content-Length: ['28']
      Content-Type: [application/json; charset=utf-8]
      User-Agent: [python/3.6.2 (Windows-10-10.0.17134-SP0) requests/2.19.1 msrest/0.5.1
          msrest_azure/0.4.33 azure-keyvault/1.0.0 Azure-SDK-For-Python]
      accept-language: [en-US]
    method: PUT
    uri: https://vaultcdc10cde.vault.azure.net/secrets/secprg0cdc10cde?api-version=7.0
  response:
    body: {string: '{"value":"secval0cdc10cde","id":"https://vaultcdc10cde.vault.azure.net/secrets/secprg0cdc10cde/03cbed33ea7943ac874e150b56a12df1","attributes":{"enabled":true,"created":1529694656,"updated":1529694656,"recoveryLevel":"Recoverable+Purgeable"}}'}
    headers:
      cache-control: [no-cache]
      content-length: ['241']
      content-type: [application/json; charset=utf-8]
      date: ['Fri, 22 Jun 2018 19:10:56 GMT']
      expires: ['-1']
      pragma: [no-cache]
      server: [Microsoft-IIS/10.0]
      strict-transport-security: [max-age=31536000;includeSubDomains]
      x-aspnet-version: [4.0.30319]
      x-content-type-options: [nosniff]
      x-ms-keyvault-network-info: [addr=167.220.0.182;act_addr_fam=InterNetwork;]
      x-ms-keyvault-region: [westus]
      x-ms-keyvault-service-version: [1.0.0.849]
      x-powered-by: [ASP.NET]
    status: {code: 200, message: OK}
- request:
    body: '{"value": "secval1cdc10cde"}'
    headers:
      Accept: [application/json]
      Accept-Encoding: ['gzip, deflate']
      Connection: [keep-alive]
      Content-Length: ['28']
      Content-Type: [application/json; charset=utf-8]
      User-Agent: [python/3.6.2 (Windows-10-10.0.17134-SP0) requests/2.19.1 msrest/0.5.1
          msrest_azure/0.4.33 azure-keyvault/1.0.0 Azure-SDK-For-Python]
      accept-language: [en-US]
    method: PUT
    uri: https://vaultcdc10cde.vault.azure.net/secrets/secprg1cdc10cde?api-version=7.0
  response:
    body: {string: '{"value":"secval1cdc10cde","id":"https://vaultcdc10cde.vault.azure.net/secrets/secprg1cdc10cde/b1110782c3ff4debbec87eb1e206e450","attributes":{"enabled":true,"created":1529694657,"updated":1529694657,"recoveryLevel":"Recoverable+Purgeable"}}'}
    headers:
      cache-control: [no-cache]
      content-length: ['241']
      content-type: [application/json; charset=utf-8]
      date: ['Fri, 22 Jun 2018 19:10:56 GMT']
      expires: ['-1']
      pragma: [no-cache]
      server: [Microsoft-IIS/10.0]
      strict-transport-security: [max-age=31536000;includeSubDomains]
      x-aspnet-version: [4.0.30319]
      x-content-type-options: [nosniff]
      x-ms-keyvault-network-info: [addr=167.220.0.182;act_addr_fam=InterNetwork;]
      x-ms-keyvault-region: [westus]
      x-ms-keyvault-service-version: [1.0.0.849]
      x-powered-by: [ASP.NET]
    status: {code: 200, message: OK}
- request:
    body: null
    headers:
      Accept: [application/json]
      Accept-Encoding: ['gzip, deflate']
      Connection: [keep-alive]
      Content-Length: ['0']
      Content-Type: [application/json; charset=utf-8]
      User-Agent: [python/3.6.2 (Windows-10-10.0.17134-SP0) requests/2.19.1 msrest/0.5.1
          msrest_azure/0.4.33 azure-keyvault/1.0.0 Azure-SDK-For-Python]
      accept-language: [en-US]
    method: DELETE
    uri: https://vaultcdc10cde.vault.azure.net/secrets/secrec0cdc10cde?api-version=7.0
  response:
    body: {string: '{"recoveryId":"https://vaultcdc10cde.vault.azure.net/deletedsecrets/secrec0cdc10cde","deletedDate":1529694657,"scheduledPurgeDate":1537470657,"id":"https://vaultcdc10cde.vault.azure.net/secrets/secrec0cdc10cde/acfe54b71a92474cad92876602b4dc4d","attributes":{"enabled":true,"created":1529694655,"updated":1529694655,"recoveryLevel":"Recoverable+Purgeable"}}'}
    headers:
      cache-control: [no-cache]
      content-length: ['356']
      content-type: [application/json; charset=utf-8]
      date: ['Fri, 22 Jun 2018 19:10:57 GMT']
      expires: ['-1']
      pragma: [no-cache]
      server: [Microsoft-IIS/10.0]
      strict-transport-security: [max-age=31536000;includeSubDomains]
      x-aspnet-version: [4.0.30319]
      x-content-type-options: [nosniff]
      x-ms-keyvault-network-info: [addr=167.220.0.182;act_addr_fam=InterNetwork;]
      x-ms-keyvault-region: [westus]
      x-ms-keyvault-service-version: [1.0.0.849]
      x-powered-by: [ASP.NET]
    status: {code: 200, message: OK}
- request:
    body: null
    headers:
      Accept: [application/json]
      Accept-Encoding: ['gzip, deflate']
      Connection: [keep-alive]
      Content-Length: ['0']
      Content-Type: [application/json; charset=utf-8]
      User-Agent: [python/3.6.2 (Windows-10-10.0.17134-SP0) requests/2.19.1 msrest/0.5.1
          msrest_azure/0.4.33 azure-keyvault/1.0.0 Azure-SDK-For-Python]
      accept-language: [en-US]
    method: DELETE
    uri: https://vaultcdc10cde.vault.azure.net/secrets/secrec1cdc10cde?api-version=7.0
  response:
    body: {string: '{"recoveryId":"https://vaultcdc10cde.vault.azure.net/deletedsecrets/secrec1cdc10cde","deletedDate":1529694658,"scheduledPurgeDate":1537470658,"id":"https://vaultcdc10cde.vault.azure.net/secrets/secrec1cdc10cde/779934677bf741d8a39c780d65a890ce","attributes":{"enabled":true,"created":1529694656,"updated":1529694656,"recoveryLevel":"Recoverable+Purgeable"}}'}
    headers:
      cache-control: [no-cache]
      content-length: ['356']
      content-type: [application/json; charset=utf-8]
      date: ['Fri, 22 Jun 2018 19:10:58 GMT']
      expires: ['-1']
      pragma: [no-cache]
      server: [Microsoft-IIS/10.0]
      strict-transport-security: [max-age=31536000;includeSubDomains]
      x-aspnet-version: [4.0.30319]
      x-content-type-options: [nosniff]
      x-ms-keyvault-network-info: [addr=167.220.0.182;act_addr_fam=InterNetwork;]
      x-ms-keyvault-region: [westus]
      x-ms-keyvault-service-version: [1.0.0.849]
      x-powered-by: [ASP.NET]
    status: {code: 200, message: OK}
- request:
    body: null
    headers:
      Accept: [application/json]
      Accept-Encoding: ['gzip, deflate']
      Connection: [keep-alive]
      Content-Length: ['0']
      Content-Type: [application/json; charset=utf-8]
      User-Agent: [python/3.6.2 (Windows-10-10.0.17134-SP0) requests/2.19.1 msrest/0.5.1
          msrest_azure/0.4.33 azure-keyvault/1.0.0 Azure-SDK-For-Python]
      accept-language: [en-US]
    method: DELETE
    uri: https://vaultcdc10cde.vault.azure.net/secrets/secprg0cdc10cde?api-version=7.0
  response:
    body: {string: '{"recoveryId":"https://vaultcdc10cde.vault.azure.net/deletedsecrets/secprg0cdc10cde","deletedDate":1529694659,"scheduledPurgeDate":1537470659,"id":"https://vaultcdc10cde.vault.azure.net/secrets/secprg0cdc10cde/03cbed33ea7943ac874e150b56a12df1","attributes":{"enabled":true,"created":1529694656,"updated":1529694656,"recoveryLevel":"Recoverable+Purgeable"}}'}
    headers:
      cache-control: [no-cache]
      content-length: ['356']
      content-type: [application/json; charset=utf-8]
      date: ['Fri, 22 Jun 2018 19:10:58 GMT']
      expires: ['-1']
      pragma: [no-cache]
      server: [Microsoft-IIS/10.0]
      strict-transport-security: [max-age=31536000;includeSubDomains]
      x-aspnet-version: [4.0.30319]
      x-content-type-options: [nosniff]
      x-ms-keyvault-network-info: [addr=167.220.0.182;act_addr_fam=InterNetwork;]
      x-ms-keyvault-region: [westus]
      x-ms-keyvault-service-version: [1.0.0.849]
      x-powered-by: [ASP.NET]
    status: {code: 200, message: OK}
- request:
    body: null
    headers:
      Accept: [application/json]
      Accept-Encoding: ['gzip, deflate']
      Connection: [keep-alive]
      Content-Length: ['0']
      Content-Type: [application/json; charset=utf-8]
      User-Agent: [python/3.6.2 (Windows-10-10.0.17134-SP0) requests/2.19.1 msrest/0.5.1
          msrest_azure/0.4.33 azure-keyvault/1.0.0 Azure-SDK-For-Python]
      accept-language: [en-US]
    method: DELETE
    uri: https://vaultcdc10cde.vault.azure.net/secrets/secprg1cdc10cde?api-version=7.0
  response:
    body: {string: '{"recoveryId":"https://vaultcdc10cde.vault.azure.net/deletedsecrets/secprg1cdc10cde","deletedDate":1529694659,"scheduledPurgeDate":1537470659,"id":"https://vaultcdc10cde.vault.azure.net/secrets/secprg1cdc10cde/b1110782c3ff4debbec87eb1e206e450","attributes":{"enabled":true,"created":1529694657,"updated":1529694657,"recoveryLevel":"Recoverable+Purgeable"}}'}
    headers:
      cache-control: [no-cache]
      content-length: ['356']
      content-type: [application/json; charset=utf-8]
      date: ['Fri, 22 Jun 2018 19:10:59 GMT']
      expires: ['-1']
      pragma: [no-cache]
      server: [Microsoft-IIS/10.0]
      strict-transport-security: [max-age=31536000;includeSubDomains]
      x-aspnet-version: [4.0.30319]
      x-content-type-options: [nosniff]
      x-ms-keyvault-network-info: [addr=167.220.0.182;act_addr_fam=InterNetwork;]
      x-ms-keyvault-region: [westus]
      x-ms-keyvault-service-version: [1.0.0.849]
      x-powered-by: [ASP.NET]
    status: {code: 200, message: OK}
- request:
    body: null
    headers:
      Accept: [application/json]
      Accept-Encoding: ['gzip, deflate']
      Connection: [keep-alive]
      Content-Type: [application/json; charset=utf-8]
      User-Agent: [python/3.6.2 (Windows-10-10.0.17134-SP0) requests/2.19.1 msrest/0.5.1
          msrest_azure/0.4.33 azure-keyvault/1.0.0 Azure-SDK-For-Python]
      accept-language: [en-US]
    method: GET
    uri: https://vaultcdc10cde.vault.azure.net/deletedsecrets?api-version=7.0
  response:
    body: {string: '{"value":[{"recoveryId":"https://vaultcdc10cde.vault.azure.net/deletedsecrets/secprg0cdc10cde","deletedDate":1529694659,"scheduledPurgeDate":1537470659,"id":"https://vaultcdc10cde.vault.azure.net/secrets/secprg0cdc10cde","attributes":{"enabled":true,"created":1529694656,"updated":1529694656,"recoveryLevel":"Recoverable+Purgeable"}},{"recoveryId":"https://vaultcdc10cde.vault.azure.net/deletedsecrets/secprg1cdc10cde","deletedDate":1529694659,"scheduledPurgeDate":1537470659,"id":"https://vaultcdc10cde.vault.azure.net/secrets/secprg1cdc10cde","attributes":{"enabled":true,"created":1529694657,"updated":1529694657,"recoveryLevel":"Recoverable+Purgeable"}},{"recoveryId":"https://vaultcdc10cde.vault.azure.net/deletedsecrets/secrec0cdc10cde","deletedDate":1529694657,"scheduledPurgeDate":1537470657,"id":"https://vaultcdc10cde.vault.azure.net/secrets/secrec0cdc10cde","attributes":{"enabled":true,"created":1529694655,"updated":1529694655,"recoveryLevel":"Recoverable+Purgeable"}},{"recoveryId":"https://vaultcdc10cde.vault.azure.net/deletedsecrets/secrec1cdc10cde","deletedDate":1529694658,"scheduledPurgeDate":1537470658,"id":"https://vaultcdc10cde.vault.azure.net/secrets/secrec1cdc10cde","attributes":{"enabled":true,"created":1529694656,"updated":1529694656,"recoveryLevel":"Recoverable+Purgeable"}}],"nextLink":null}'}
    headers:
      cache-control: [no-cache]
      content-length: ['1323']
      content-type: [application/json; charset=utf-8]
      date: ['Fri, 22 Jun 2018 19:11:19 GMT']
      expires: ['-1']
      pragma: [no-cache]
      server: [Microsoft-IIS/10.0]
      strict-transport-security: [max-age=31536000;includeSubDomains]
      x-aspnet-version: [4.0.30319]
      x-content-type-options: [nosniff]
      x-ms-keyvault-network-info: [addr=167.220.0.182;act_addr_fam=InterNetwork;]
      x-ms-keyvault-region: [westus]
      x-ms-keyvault-service-version: [1.0.0.849]
      x-powered-by: [ASP.NET]
    status: {code: 200, message: OK}
- request:
    body: null
    headers:
      Accept: [application/json]
      Accept-Encoding: ['gzip, deflate']
      Connection: [keep-alive]
      Content-Length: ['0']
      Content-Type: [application/json; charset=utf-8]
      User-Agent: [python/3.6.2 (Windows-10-10.0.17134-SP0) requests/2.19.1 msrest/0.5.1
          msrest_azure/0.4.33 azure-keyvault/1.0.0 Azure-SDK-For-Python]
      accept-language: [en-US]
    method: POST
    uri: https://vaultcdc10cde.vault.azure.net/deletedsecrets/secrec0cdc10cde/recover?api-version=7.0
  response:
    body: {string: '{"id":"https://vaultcdc10cde.vault.azure.net/secrets/secrec0cdc10cde/acfe54b71a92474cad92876602b4dc4d","attributes":{"enabled":true,"created":1529694655,"updated":1529694655,"recoveryLevel":"Recoverable+Purgeable"}}'}
    headers:
      cache-control: [no-cache]
      content-length: ['215']
      content-type: [application/json; charset=utf-8]
      date: ['Fri, 22 Jun 2018 19:11:21 GMT']
      expires: ['-1']
      pragma: [no-cache]
      server: [Microsoft-IIS/10.0]
      strict-transport-security: [max-age=31536000;includeSubDomains]
      x-aspnet-version: [4.0.30319]
      x-content-type-options: [nosniff]
      x-ms-keyvault-network-info: [addr=167.220.0.182;act_addr_fam=InterNetwork;]
      x-ms-keyvault-region: [westus]
      x-ms-keyvault-service-version: [1.0.0.849]
      x-powered-by: [ASP.NET]
    status: {code: 200, message: OK}
- request:
    body: null
    headers:
      Accept: [application/json]
      Accept-Encoding: ['gzip, deflate']
      Connection: [keep-alive]
      Content-Length: ['0']
      Content-Type: [application/json; charset=utf-8]
      User-Agent: [python/3.6.2 (Windows-10-10.0.17134-SP0) requests/2.19.1 msrest/0.5.1
          msrest_azure/0.4.33 azure-keyvault/1.0.0 Azure-SDK-For-Python]
      accept-language: [en-US]
    method: POST
    uri: https://vaultcdc10cde.vault.azure.net/deletedsecrets/secrec1cdc10cde/recover?api-version=7.0
  response:
    body: {string: '{"id":"https://vaultcdc10cde.vault.azure.net/secrets/secrec1cdc10cde/779934677bf741d8a39c780d65a890ce","attributes":{"enabled":true,"created":1529694656,"updated":1529694656,"recoveryLevel":"Recoverable+Purgeable"}}'}
    headers:
      cache-control: [no-cache]
      content-length: ['215']
      content-type: [application/json; charset=utf-8]
      date: ['Fri, 22 Jun 2018 19:11:21 GMT']
      expires: ['-1']
      pragma: [no-cache]
      server: [Microsoft-IIS/10.0]
      strict-transport-security: [max-age=31536000;includeSubDomains]
      x-aspnet-version: [4.0.30319]
      x-content-type-options: [nosniff]
      x-ms-keyvault-network-info: [addr=167.220.0.182;act_addr_fam=InterNetwork;]
      x-ms-keyvault-region: [westus]
      x-ms-keyvault-service-version: [1.0.0.849]
      x-powered-by: [ASP.NET]
    status: {code: 200, message: OK}
- request:
    body: null
    headers:
      Accept: [application/json]
      Accept-Encoding: ['gzip, deflate']
      Connection: [keep-alive]
      Content-Length: ['0']
      Content-Type: [application/json; charset=utf-8]
      User-Agent: [python/3.6.2 (Windows-10-10.0.17134-SP0) requests/2.19.1 msrest/0.5.1
          msrest_azure/0.4.33 azure-keyvault/1.0.0 Azure-SDK-For-Python]
      accept-language: [en-US]
    method: DELETE
    uri: https://vaultcdc10cde.vault.azure.net/deletedsecrets/secprg0cdc10cde?api-version=7.0
  response:
    body: {string: ''}
    headers:
      cache-control: [no-cache]
      date: ['Fri, 22 Jun 2018 19:11:22 GMT']
      expires: ['-1']
      pragma: [no-cache]
      server: [Microsoft-IIS/10.0]
      strict-transport-security: [max-age=31536000;includeSubDomains]
      x-aspnet-version: [4.0.30319]
      x-content-type-options: [nosniff]
      x-ms-keyvault-network-info: [addr=167.220.0.182;act_addr_fam=InterNetwork;]
      x-ms-keyvault-region: [westus]
      x-ms-keyvault-service-version: [1.0.0.849]
      x-powered-by: [ASP.NET]
    status: {code: 204, message: No Content}
- request:
    body: null
    headers:
      Accept: [application/json]
      Accept-Encoding: ['gzip, deflate']
      Connection: [keep-alive]
      Content-Length: ['0']
      Content-Type: [application/json; charset=utf-8]
      User-Agent: [python/3.6.2 (Windows-10-10.0.17134-SP0) requests/2.19.1 msrest/0.5.1
          msrest_azure/0.4.33 azure-keyvault/1.0.0 Azure-SDK-For-Python]
      accept-language: [en-US]
    method: DELETE
    uri: https://vaultcdc10cde.vault.azure.net/deletedsecrets/secprg1cdc10cde?api-version=7.0
  response:
    body: {string: ''}
    headers:
      cache-control: [no-cache]
      date: ['Fri, 22 Jun 2018 19:11:22 GMT']
      expires: ['-1']
      pragma: [no-cache]
      server: [Microsoft-IIS/10.0]
      strict-transport-security: [max-age=31536000;includeSubDomains]
      x-aspnet-version: [4.0.30319]
      x-content-type-options: [nosniff]
      x-ms-keyvault-network-info: [addr=167.220.0.182;act_addr_fam=InterNetwork;]
      x-ms-keyvault-region: [westus]
      x-ms-keyvault-service-version: [1.0.0.849]
      x-powered-by: [ASP.NET]
    status: {code: 204, message: No Content}
- request:
    body: null
    headers:
      Accept: [application/json]
      Accept-Encoding: ['gzip, deflate']
      Connection: [keep-alive]
      Content-Type: [application/json; charset=utf-8]
      User-Agent: [python/3.6.2 (Windows-10-10.0.17134-SP0) requests/2.19.1 msrest/0.5.1
          msrest_azure/0.4.33 azure-keyvault/1.0.0 Azure-SDK-For-Python]
      accept-language: [en-US]
    method: GET
    uri: https://vaultcdc10cde.vault.azure.net/deletedsecrets?api-version=7.0
  response:
    body: {string: '{"value":[],"nextLink":null}'}
    headers:
      cache-control: [no-cache]
      content-length: ['28']
      content-type: [application/json; charset=utf-8]
      date: ['Fri, 22 Jun 2018 19:11:43 GMT']
      expires: ['-1']
      pragma: [no-cache]
      server: [Microsoft-IIS/10.0]
      strict-transport-security: [max-age=31536000;includeSubDomains]
      x-aspnet-version: [4.0.30319]
      x-content-type-options: [nosniff]
      x-ms-keyvault-network-info: [addr=167.220.0.182;act_addr_fam=InterNetwork;]
      x-ms-keyvault-region: [westus]
      x-ms-keyvault-service-version: [1.0.0.849]
      x-powered-by: [ASP.NET]
    status: {code: 200, message: OK}
- request:
    body: null
    headers:
      Accept: [application/json]
      Accept-Encoding: ['gzip, deflate']
      Connection: [keep-alive]
      Content-Type: [application/json; charset=utf-8]
      User-Agent: [python/3.6.2 (Windows-10-10.0.17134-SP0) requests/2.19.1 msrest/0.5.1
          msrest_azure/0.4.33 azure-keyvault/1.0.0 Azure-SDK-For-Python]
      accept-language: [en-US]
    method: GET
    uri: https://vaultcdc10cde.vault.azure.net/secrets/secrec0cdc10cde/?api-version=7.0
  response:
    body: {string: '{"value":"secval0cdc10cde","id":"https://vaultcdc10cde.vault.azure.net/secrets/secrec0cdc10cde/acfe54b71a92474cad92876602b4dc4d","attributes":{"enabled":true,"created":1529694655,"updated":1529694655,"recoveryLevel":"Recoverable+Purgeable"}}'}
    headers:
      cache-control: [no-cache]
      content-length: ['241']
      content-type: [application/json; charset=utf-8]
      date: ['Fri, 22 Jun 2018 19:11:43 GMT']
      expires: ['-1']
      pragma: [no-cache]
      server: [Microsoft-IIS/10.0]
      strict-transport-security: [max-age=31536000;includeSubDomains]
      x-aspnet-version: [4.0.30319]
      x-content-type-options: [nosniff]
      x-ms-keyvault-network-info: [addr=167.220.0.182;act_addr_fam=InterNetwork;]
      x-ms-keyvault-region: [westus]
      x-ms-keyvault-service-version: [1.0.0.849]
      x-powered-by: [ASP.NET]
    status: {code: 200, message: OK}
- request:
    body: null
    headers:
      Accept: [application/json]
      Accept-Encoding: ['gzip, deflate']
      Connection: [keep-alive]
      Content-Type: [application/json; charset=utf-8]
      User-Agent: [python/3.6.2 (Windows-10-10.0.17134-SP0) requests/2.19.1 msrest/0.5.1
          msrest_azure/0.4.33 azure-keyvault/1.0.0 Azure-SDK-For-Python]
      accept-language: [en-US]
    method: GET
    uri: https://vaultcdc10cde.vault.azure.net/secrets/secrec1cdc10cde/?api-version=7.0
  response:
    body: {string: '{"value":"secval1cdc10cde","id":"https://vaultcdc10cde.vault.azure.net/secrets/secrec1cdc10cde/779934677bf741d8a39c780d65a890ce","attributes":{"enabled":true,"created":1529694656,"updated":1529694656,"recoveryLevel":"Recoverable+Purgeable"}}'}
    headers:
      cache-control: [no-cache]
      content-length: ['241']
      content-type: [application/json; charset=utf-8]
      date: ['Fri, 22 Jun 2018 19:11:44 GMT']
      expires: ['-1']
      pragma: [no-cache]
      server: [Microsoft-IIS/10.0]
      strict-transport-security: [max-age=31536000;includeSubDomains]
      x-aspnet-version: [4.0.30319]
      x-content-type-options: [nosniff]
      x-ms-keyvault-network-info: [addr=167.220.0.182;act_addr_fam=InterNetwork;]
      x-ms-keyvault-region: [westus]
      x-ms-keyvault-service-version: [1.0.0.849]
      x-powered-by: [ASP.NET]
    status: {code: 200, message: OK}
version: 1
