{
  "Entries": [
    {
      "RequestUri": "https://test-resource.api.cognitive.microsoft.com/language/analyze-conversations/jobs?api-version=2022-10-01-preview",
      "RequestMethod": "POST",
      "RequestHeaders": {
        "Accept": "application/json",
        "Accept-Encoding": "gzip, deflate",
        "Connection": "keep-alive",
        "Content-Length": "921",
        "Content-Type": "application/json",
        "Ocp-Apim-Subscription-Key": "0000000000000000",
        "User-Agent": "azsdk-python-ai-language-conversations/1.1.0b3 Python/3.10.0 (Windows-10-10.0.22621-SP0)"
      },
      "RequestBody": {
        "displayName": "Conversation Summarization Example",
        "analysisInput": {
          "conversations": [
            {
              "id": "1",
              "language": "en",
              "modality": "transcript",
              "conversationItems": [
                {
                  "participantId": "speaker 1",
                  "id": "1",
                  "text": "Let\u0027s get started.",
                  "lexical": "",
                  "itn": "",
                  "maskedItn": "",
                  "conversationItemLevelTiming": {
                    "offset": 0,
                    "duration": 20000000
                  }
                },
                {
                  "participantId": "speaker 2",
                  "id": "2",
                  "text": "OK. How many remaining bugs do we have now?",
                  "lexical": "",
                  "itn": "",
                  "maskedItn": "",
                  "conversationItemLevelTiming": {
                    "offset": 20000000,
                    "duration": 50000000
                  }
                },
                {
                  "participantId": "speaker 3",
                  "id": "3",
                  "text": "Only 3.",
                  "lexical": "",
                  "itn": "",
                  "maskedItn": "",
                  "conversationItemLevelTiming": {
                    "offset": 50000000,
                    "duration": 60000000
                  }
                }
              ]
            }
          ]
        },
        "tasks": [
          {
            "taskName": "Conversation Summarization Task 1",
            "kind": "ConversationalSummarizationTask",
            "parameters": {
              "summaryAspects": [
                "chapterTitle",
                "narrative"
              ]
            }
          }
        ]
      },
      "StatusCode": 202,
      "ResponseHeaders": {
        "apim-request-id": "d5f9d342-efe7-4ecd-89dd-995d07e88a4e",
        "Content-Length": "0",
        "Date": "Tue, 01 Nov 2022 00:00:49 GMT",
        "operation-location": "https://test-resource.api.cognitive.microsoft.com/language/analyze-conversations/jobs/7a062813-df00-4aca-86c7-1022fdde8fab?api-version=2022-10-01-preview",
        "Strict-Transport-Security": "max-age=31536000; includeSubDomains; preload",
        "X-Content-Type-Options": "nosniff",
        "x-envoy-upstream-service-time": "282",
        "x-ms-region": "UK South"
      },
      "ResponseBody": null
    },
    {
      "RequestUri": "https://test-resource.api.cognitive.microsoft.com/language/analyze-conversations/jobs/7a062813-df00-4aca-86c7-1022fdde8fab?api-version=2022-10-01-preview",
      "RequestMethod": "GET",
      "RequestHeaders": {
        "Accept": "*/*",
        "Accept-Encoding": "gzip, deflate",
        "Connection": "keep-alive",
        "Ocp-Apim-Subscription-Key": "0000000000000000",
        "User-Agent": "azsdk-python-ai-language-conversations/1.1.0b3 Python/3.10.0 (Windows-10-10.0.22621-SP0)"
      },
      "RequestBody": null,
      "StatusCode": 200,
      "ResponseHeaders": {
        "apim-request-id": "ca64fa12-1d51-45e1-b7e3-7e8b83904796",
        "Content-Length": "331",
        "Content-Type": "application/json; charset=utf-8",
        "Date": "Tue, 01 Nov 2022 00:00:49 GMT",
        "Strict-Transport-Security": "max-age=31536000; includeSubDomains; preload",
        "X-Content-Type-Options": "nosniff",
        "x-envoy-upstream-service-time": "15",
        "x-ms-region": "UK South"
      },
      "ResponseBody": {
        "jobId": "7a062813-df00-4aca-86c7-1022fdde8fab",
        "lastUpdatedDateTime": "2022-11-01T00:00:50Z",
        "createdDateTime": "2022-11-01T00:00:49Z",
        "expirationDateTime": "2022-11-02T00:00:49Z",
        "status": "running",
        "errors": [],
        "displayName": "Conversation Summarization Example",
        "tasks": {
          "completed": 0,
          "failed": 0,
          "inProgress": 1,
          "total": 1,
          "items": []
        }
      }
    },
    {
      "RequestUri": "https://test-resource.api.cognitive.microsoft.com/language/analyze-conversations/jobs/7a062813-df00-4aca-86c7-1022fdde8fab?api-version=2022-10-01-preview",
      "RequestMethod": "GET",
      "RequestHeaders": {
        "Accept": "*/*",
        "Accept-Encoding": "gzip, deflate",
        "Connection": "keep-alive",
        "Ocp-Apim-Subscription-Key": "0000000000000000",
        "User-Agent": "azsdk-python-ai-language-conversations/1.1.0b3 Python/3.10.0 (Windows-10-10.0.22621-SP0)"
      },
      "RequestBody": null,
      "StatusCode": 200,
      "ResponseHeaders": {
        "apim-request-id": "8a559d79-3e95-4aa3-8d23-9ae07f6a120a",
        "Content-Length": "1108",
        "Content-Type": "application/json; charset=utf-8",
        "Date": "Tue, 01 Nov 2022 00:00:55 GMT",
        "Strict-Transport-Security": "max-age=31536000; includeSubDomains; preload",
        "X-Content-Type-Options": "nosniff",
        "x-envoy-upstream-service-time": "111",
        "x-ms-region": "UK South"
      },
      "ResponseBody": {
        "jobId": "7a062813-df00-4aca-86c7-1022fdde8fab",
        "lastUpdatedDateTime": "2022-11-01T00:00:52Z",
        "createdDateTime": "2022-11-01T00:00:49Z",
        "expirationDateTime": "2022-11-02T00:00:49Z",
        "status": "succeeded",
        "errors": [],
        "displayName": "Conversation Summarization Example",
        "tasks": {
          "completed": 1,
          "failed": 0,
          "inProgress": 0,
          "total": 1,
          "items": [
            {
              "kind": "conversationalSummarizationResults",
              "taskName": "Conversation Summarization Task 1",
              "lastUpdateDateTime": "2022-11-01T00:00:52.1965332Z",
              "status": "succeeded",
              "results": {
                "conversations": [
                  {
                    "summaries": [
                      {
                        "aspect": "chapterTitle",
                        "text": "Bugs to Solve",
                        "contexts": [
                          {
                            "conversationItemId": "1",
                            "offset": 0,
                            "length": 18
                          },
                          {
                            "conversationItemId": "2",
                            "offset": 0,
                            "length": 43
                          },
                          {
                            "conversationItemId": "3",
                            "offset": 0,
                            "length": 7
                          }
                        ]
                      },
                      {
                        "aspect": "narrative",
                        "text": "speaker 1 asks how many remaining bugs they have. speaker 2 asks how many remaining bugs they have.",
                        "contexts": [
                          {
                            "conversationItemId": "1",
                            "offset": 0,
                            "length": 18
                          },
                          {
                            "conversationItemId": "2",
                            "offset": 0,
                            "length": 43
                          },
                          {
                            "conversationItemId": "3",
                            "offset": 0,
                            "length": 7
                          }
                        ]
                      }
                    ],
                    "id": "1",
                    "warnings": []
                  }
                ],
                "errors": [],
                "modelVersion": "latest"
              }
            }
          ]
        }
      }
    }
  ],
  "Variables": {}
}
