interactions:
- request:
    body: null
    headers:
      Accept:
      - application/xml
      Accept-Encoding:
      - gzip, deflate
      Connection:
      - keep-alive
      Content-Length:
      - '0'
      User-Agent:
      - azsdk-python-storage-blob/12.8.1 Python/3.9.0 (Windows-10-10.0.19041-SP0)
      x-ms-date:
      - Thu, 06 May 2021 20:44:23 GMT
      x-ms-version:
      - '2020-06-12'
    method: PUT
    uri: https://redacted.blob.core.windows.net/src024ad752-4fb4-4851-9c71-7edf5d58fa57?restype=container
  response:
    body:
      string: ''
    headers:
      content-length:
      - '0'
      date:
      - Thu, 06 May 2021 20:44:24 GMT
      etag:
      - '"0x8D910CFBBDBAC59"'
      last-modified:
      - Thu, 06 May 2021 20:44:24 GMT
      server:
      - Windows-Azure-Blob/1.0 Microsoft-HTTPAPI/2.0
      x-ms-version:
      - '2020-06-12'
    status:
      code: 201
      message: Created
- request:
    body: This is written in english.
    headers:
      Accept:
      - application/xml
      Accept-Encoding:
      - gzip, deflate
      Connection:
      - keep-alive
      Content-Length:
      - '27'
      Content-Type:
      - application/octet-stream
      If-None-Match:
      - '*'
      User-Agent:
      - azsdk-python-storage-blob/12.8.1 Python/3.9.0 (Windows-10-10.0.19041-SP0)
      x-ms-blob-type:
      - BlockBlob
      x-ms-date:
      - Thu, 06 May 2021 20:44:24 GMT
      x-ms-version:
      - '2020-06-12'
    method: PUT
    uri: https://redacted.blob.core.windows.net/src024ad752-4fb4-4851-9c71-7edf5d58fa57/b46359fc-ae84-4405-9cc8-f06a9541c3d1.txt
  response:
    body:
      string: ''
    headers:
      content-length:
      - '0'
      content-md5:
      - mYgA0QpY6baiB+xZp8Hk+A==
      date:
      - Thu, 06 May 2021 20:44:24 GMT
      etag:
      - '"0x8D910CFBBFFCF65"'
      last-modified:
      - Thu, 06 May 2021 20:44:24 GMT
      server:
      - Windows-Azure-Blob/1.0 Microsoft-HTTPAPI/2.0
      x-ms-content-crc64:
      - NB4xBtawP6g=
      x-ms-request-server-encrypted:
      - 'true'
      x-ms-version:
      - '2020-06-12'
    status:
      code: 201
      message: Created
- request:
    body: This is written in english.
    headers:
      Accept:
      - application/xml
      Accept-Encoding:
      - gzip, deflate
      Connection:
      - keep-alive
      Content-Length:
      - '27'
      Content-Type:
      - application/octet-stream
      If-None-Match:
      - '*'
      User-Agent:
      - azsdk-python-storage-blob/12.8.1 Python/3.9.0 (Windows-10-10.0.19041-SP0)
      x-ms-blob-type:
      - BlockBlob
      x-ms-date:
      - Thu, 06 May 2021 20:44:24 GMT
      x-ms-version:
      - '2020-06-12'
    method: PUT
    uri: https://redacted.blob.core.windows.net/src024ad752-4fb4-4851-9c71-7edf5d58fa57/7de878f7-b61b-4fec-b708-d8bc60a4d0b4.txt
  response:
    body:
      string: ''
    headers:
      content-length:
      - '0'
      content-md5:
      - mYgA0QpY6baiB+xZp8Hk+A==
      date:
      - Thu, 06 May 2021 20:44:24 GMT
      etag:
      - '"0x8D910CFBC23637D"'
      last-modified:
      - Thu, 06 May 2021 20:44:25 GMT
      server:
      - Windows-Azure-Blob/1.0 Microsoft-HTTPAPI/2.0
      x-ms-content-crc64:
      - NB4xBtawP6g=
      x-ms-request-server-encrypted:
      - 'true'
      x-ms-version:
      - '2020-06-12'
    status:
      code: 201
      message: Created
- request:
    body: This is written in english.
    headers:
      Accept:
      - application/xml
      Accept-Encoding:
      - gzip, deflate
      Connection:
      - keep-alive
      Content-Length:
      - '27'
      Content-Type:
      - application/octet-stream
      If-None-Match:
      - '*'
      User-Agent:
      - azsdk-python-storage-blob/12.8.1 Python/3.9.0 (Windows-10-10.0.19041-SP0)
      x-ms-blob-type:
      - BlockBlob
      x-ms-date:
      - Thu, 06 May 2021 20:44:25 GMT
      x-ms-version:
      - '2020-06-12'
    method: PUT
    uri: https://redacted.blob.core.windows.net/src024ad752-4fb4-4851-9c71-7edf5d58fa57/4f40aa9e-8dcc-47d0-b6de-ad80ff9a4376.txt
  response:
    body:
      string: ''
    headers:
      content-length:
      - '0'
      content-md5:
      - mYgA0QpY6baiB+xZp8Hk+A==
      date:
      - Thu, 06 May 2021 20:44:24 GMT
      etag:
      - '"0x8D910CFBC46D06C"'
      last-modified:
      - Thu, 06 May 2021 20:44:25 GMT
      server:
      - Windows-Azure-Blob/1.0 Microsoft-HTTPAPI/2.0
      x-ms-content-crc64:
      - NB4xBtawP6g=
      x-ms-request-server-encrypted:
      - 'true'
      x-ms-version:
      - '2020-06-12'
    status:
      code: 201
      message: Created
- request:
    body: This is written in english.
    headers:
      Accept:
      - application/xml
      Accept-Encoding:
      - gzip, deflate
      Connection:
      - keep-alive
      Content-Length:
      - '27'
      Content-Type:
      - application/octet-stream
      If-None-Match:
      - '*'
      User-Agent:
      - azsdk-python-storage-blob/12.8.1 Python/3.9.0 (Windows-10-10.0.19041-SP0)
      x-ms-blob-type:
      - BlockBlob
      x-ms-date:
      - Thu, 06 May 2021 20:44:25 GMT
      x-ms-version:
      - '2020-06-12'
    method: PUT
    uri: https://redacted.blob.core.windows.net/src024ad752-4fb4-4851-9c71-7edf5d58fa57/45b69a53-bd4a-4a55-aa98-1056537962eb.txt
  response:
    body:
      string: ''
    headers:
      content-length:
      - '0'
      content-md5:
      - mYgA0QpY6baiB+xZp8Hk+A==
      date:
      - Thu, 06 May 2021 20:44:25 GMT
      etag:
      - '"0x8D910CFBC6A3D64"'
      last-modified:
      - Thu, 06 May 2021 20:44:25 GMT
      server:
      - Windows-Azure-Blob/1.0 Microsoft-HTTPAPI/2.0
      x-ms-content-crc64:
      - NB4xBtawP6g=
      x-ms-request-server-encrypted:
      - 'true'
      x-ms-version:
      - '2020-06-12'
    status:
      code: 201
      message: Created
- request:
    body: This is written in english.
    headers:
      Accept:
      - application/xml
      Accept-Encoding:
      - gzip, deflate
      Connection:
      - keep-alive
      Content-Length:
      - '27'
      Content-Type:
      - application/octet-stream
      If-None-Match:
      - '*'
      User-Agent:
      - azsdk-python-storage-blob/12.8.1 Python/3.9.0 (Windows-10-10.0.19041-SP0)
      x-ms-blob-type:
      - BlockBlob
      x-ms-date:
      - Thu, 06 May 2021 20:44:25 GMT
      x-ms-version:
      - '2020-06-12'
    method: PUT
    uri: https://redacted.blob.core.windows.net/src024ad752-4fb4-4851-9c71-7edf5d58fa57/99efbf04-176d-46cd-8fe0-f500512c8c22.txt
  response:
    body:
      string: ''
    headers:
      content-length:
      - '0'
      content-md5:
      - mYgA0QpY6baiB+xZp8Hk+A==
      date:
      - Thu, 06 May 2021 20:44:25 GMT
      etag:
      - '"0x8D910CFBC8D5C1C"'
      last-modified:
      - Thu, 06 May 2021 20:44:25 GMT
      server:
      - Windows-Azure-Blob/1.0 Microsoft-HTTPAPI/2.0
      x-ms-content-crc64:
      - NB4xBtawP6g=
      x-ms-request-server-encrypted:
      - 'true'
      x-ms-version:
      - '2020-06-12'
    status:
      code: 201
      message: Created
- request:
    body: null
    headers:
      Accept:
      - application/xml
      Accept-Encoding:
      - gzip, deflate
      Connection:
      - keep-alive
      Content-Length:
      - '0'
      User-Agent:
      - azsdk-python-storage-blob/12.8.1 Python/3.9.0 (Windows-10-10.0.19041-SP0)
      x-ms-date:
      - Thu, 06 May 2021 20:44:25 GMT
      x-ms-version:
      - '2020-06-12'
    method: PUT
    uri: https://redacted.blob.core.windows.net/target00e7e45e-abb7-40ff-804c-142e67be2dbc?restype=container
  response:
    body:
      string: ''
    headers:
      content-length:
      - '0'
      date:
      - Thu, 06 May 2021 20:44:26 GMT
      etag:
      - '"0x8D910CFBD17F00A"'
      last-modified:
      - Thu, 06 May 2021 20:44:26 GMT
      server:
      - Windows-Azure-Blob/1.0 Microsoft-HTTPAPI/2.0
      x-ms-version:
      - '2020-06-12'
    status:
      code: 201
      message: Created
- request:
    body: '{"inputs": [{"source": {"sourceUrl": "https://redacted.blob.core.windows.net/src024ad752-4fb4-4851-9c71-7edf5d58fa57?se=end&sp=rl&sv=2020-06-12&sr=c&sig=fake_token_value",
      "filter": {}}, "targets": [{"targetUrl": "https://redacted.blob.core.windows.net/target00e7e45e-abb7-40ff-804c-142e67be2dbc?se=end&sp=rw&sv=2020-06-12&sr=c&sig=fake_token_value",
      "language": "es"}]}]}'
    headers:
      Accept:
      - application/json
      Content-Length:
      - '490'
      Content-Type:
      - application/json
      User-Agent:
      - azsdk-python-ai-translation-document/1.0.0b2 Python/3.9.0 (Windows-10-10.0.19041-SP0)
    method: POST
    uri: https://redacted.cognitiveservices.azure.com/translator/text/batch/v1.0-preview.1/batches
  response:
    body:
      string: ''
    headers:
      apim-request-id: 2fd558b1-2d92-4160-b209-9d8c9a4e47b7
      content-length: '0'
      date: Thu, 06 May 2021 20:44:26 GMT
      operation-location: https://redacted.cognitiveservices.azure.com/translatortext/batch/v1.0-preview.1/batches/2d399dd9-6d9c-47c8-8758-e38b7e23b575
      set-cookie: ARRAffinitySameSite=b85bad1b8326b1376e60e99b410c1da9c99b2e137606973a71315f97deb3a0ce;Path=/;HttpOnly;SameSite=None;Secure;Domain=doctrans.northeu.microsofttranslator.com
      strict-transport-security: max-age=31536000; includeSubDomains; preload
      x-content-type-options: nosniff
      x-powered-by: ASP.NET
      x-requestid: 2fd558b1-2d92-4160-b209-9d8c9a4e47b7
    status:
      code: 202
      message: Accepted
    url: https://redacted.cognitiveservices.azure.com/translatortext/batch/v1.0-preview.1/batches
- request:
    body: null
    headers:
      Accept:
      - application/json
      User-Agent:
      - azsdk-python-ai-translation-document/1.0.0b2 Python/3.9.0 (Windows-10-10.0.19041-SP0)
    method: GET
    uri: https://redacted.cognitiveservices.azure.com/translator/text/batch/v1.0-preview.1/batches/2d399dd9-6d9c-47c8-8758-e38b7e23b575
  response:
    body:
      string: '{"id":"2d399dd9-6d9c-47c8-8758-e38b7e23b575","createdDateTimeUtc":"2021-05-06T20:44:27.4028362Z","lastActionDateTimeUtc":"2021-05-06T20:44:27.4028366Z","status":"NotStarted","summary":{"total":0,"failed":0,"success":0,"inProgress":0,"notYetStarted":0,"cancelled":0,"totalCharacterCharged":0}}'
    headers:
      apim-request-id: b1e3bc9f-c9d3-4e65-be1a-b7e5b10e98f1
      cache-control: public,max-age=1
      content-encoding: gzip
      content-type: application/json; charset=utf-8
      date: Thu, 06 May 2021 20:44:26 GMT
      etag: '"A36ECEB616178433C5BAFF70E939ED01902CEEE20E1C678C7723A6A9F2FC2FB7"'
      set-cookie: ARRAffinitySameSite=52534756bc24481c0848ee2def3c54a057fd0e51707d9dcf782aa603bbaa9f24;Path=/;HttpOnly;SameSite=None;Secure;Domain=doctrans.northeu.microsofttranslator.com
      strict-transport-security: max-age=31536000; includeSubDomains; preload
      transfer-encoding: chunked
      vary: Accept-Encoding
      x-content-type-options: nosniff
      x-powered-by: ASP.NET
      x-requestid: b1e3bc9f-c9d3-4e65-be1a-b7e5b10e98f1
    status:
      code: 200
      message: OK
    url: https://redacted.cognitiveservices.azure.com/translatortext/batch/v1.0-preview.1/batches/2d399dd9-6d9c-47c8-8758-e38b7e23b575
- request:
    body: null
    headers:
      Accept:
      - application/json
      User-Agent:
      - azsdk-python-ai-translation-document/1.0.0b2 Python/3.9.0 (Windows-10-10.0.19041-SP0)
    method: GET
    uri: https://redacted.cognitiveservices.azure.com/translator/text/batch/v1.0-preview.1/batches/2d399dd9-6d9c-47c8-8758-e38b7e23b575
  response:
    body:
      string: '{"id":"2d399dd9-6d9c-47c8-8758-e38b7e23b575","createdDateTimeUtc":"2021-05-06T20:44:27.4028362Z","lastActionDateTimeUtc":"2021-05-06T20:44:27.4028366Z","status":"NotStarted","summary":{"total":0,"failed":0,"success":0,"inProgress":0,"notYetStarted":0,"cancelled":0,"totalCharacterCharged":0}}'
    headers:
      apim-request-id: 7abe062a-5546-4f21-b89d-6e4bb488d1ab
      cache-control: public,max-age=1
      content-encoding: gzip
      content-type: application/json; charset=utf-8
      date: Thu, 06 May 2021 20:44:26 GMT
      etag: '"A36ECEB616178433C5BAFF70E939ED01902CEEE20E1C678C7723A6A9F2FC2FB7"'
      set-cookie: ARRAffinitySameSite=b85bad1b8326b1376e60e99b410c1da9c99b2e137606973a71315f97deb3a0ce;Path=/;HttpOnly;SameSite=None;Secure;Domain=doctrans.northeu.microsofttranslator.com
      strict-transport-security: max-age=31536000; includeSubDomains; preload
      transfer-encoding: chunked
      vary: Accept-Encoding
      x-content-type-options: nosniff
      x-powered-by: ASP.NET
      x-requestid: 7abe062a-5546-4f21-b89d-6e4bb488d1ab
    status:
      code: 200
      message: OK
    url: https://redacted.cognitiveservices.azure.com/translatortext/batch/v1.0-preview.1/batches/2d399dd9-6d9c-47c8-8758-e38b7e23b575
- request:
    body: null
    headers:
      User-Agent:
      - azsdk-python-ai-translation-document/1.0.0b2 Python/3.9.0 (Windows-10-10.0.19041-SP0)
    method: GET
    uri: https://redacted.cognitiveservices.azure.com/translator/text/batch/v1.0-preview.1/batches/2d399dd9-6d9c-47c8-8758-e38b7e23b575
  response:
    body:
      string: '{"id":"2d399dd9-6d9c-47c8-8758-e38b7e23b575","createdDateTimeUtc":"2021-05-06T20:44:27.4028362Z","lastActionDateTimeUtc":"2021-05-06T20:44:27.4028366Z","status":"NotStarted","summary":{"total":0,"failed":0,"success":0,"inProgress":0,"notYetStarted":0,"cancelled":0,"totalCharacterCharged":0}}'
    headers:
      apim-request-id: c01c7dd7-a2fb-4dc6-8ade-83a7c35b3aa4
      cache-control: public,max-age=1
      content-encoding: gzip
      content-type: application/json; charset=utf-8
      date: Thu, 06 May 2021 20:44:27 GMT
      etag: '"A36ECEB616178433C5BAFF70E939ED01902CEEE20E1C678C7723A6A9F2FC2FB7"'
      set-cookie: ARRAffinitySameSite=52534756bc24481c0848ee2def3c54a057fd0e51707d9dcf782aa603bbaa9f24;Path=/;HttpOnly;SameSite=None;Secure;Domain=doctrans.northeu.microsofttranslator.com
      strict-transport-security: max-age=31536000; includeSubDomains; preload
      transfer-encoding: chunked
      vary: Accept-Encoding
      x-content-type-options: nosniff
      x-powered-by: ASP.NET
      x-requestid: c01c7dd7-a2fb-4dc6-8ade-83a7c35b3aa4
    status:
      code: 200
      message: OK
    url: https://redacted.cognitiveservices.azure.com/translatortext/batch/v1.0-preview.1/batches/2d399dd9-6d9c-47c8-8758-e38b7e23b575
- request:
    body: null
    headers:
      User-Agent:
      - azsdk-python-ai-translation-document/1.0.0b2 Python/3.9.0 (Windows-10-10.0.19041-SP0)
    method: GET
    uri: https://redacted.cognitiveservices.azure.com/translator/text/batch/v1.0-preview.1/batches/2d399dd9-6d9c-47c8-8758-e38b7e23b575
  response:
    body:
      string: '{"id":"2d399dd9-6d9c-47c8-8758-e38b7e23b575","createdDateTimeUtc":"2021-05-06T20:44:27.4028362Z","lastActionDateTimeUtc":"2021-05-06T20:44:27.4028366Z","status":"NotStarted","summary":{"total":0,"failed":0,"success":0,"inProgress":0,"notYetStarted":0,"cancelled":0,"totalCharacterCharged":0}}'
    headers:
      apim-request-id: fb82cf38-b4c0-4f88-bbb2-316ef15605a0
      cache-control: public,max-age=1
      content-encoding: gzip
      content-type: application/json; charset=utf-8
      date: Thu, 06 May 2021 20:44:29 GMT
      etag: '"A36ECEB616178433C5BAFF70E939ED01902CEEE20E1C678C7723A6A9F2FC2FB7"'
      set-cookie: ARRAffinitySameSite=b85bad1b8326b1376e60e99b410c1da9c99b2e137606973a71315f97deb3a0ce;Path=/;HttpOnly;SameSite=None;Secure;Domain=doctrans.northeu.microsofttranslator.com
      strict-transport-security: max-age=31536000; includeSubDomains; preload
      transfer-encoding: chunked
      vary: Accept-Encoding
      x-content-type-options: nosniff
      x-powered-by: ASP.NET
      x-requestid: fb82cf38-b4c0-4f88-bbb2-316ef15605a0
    status:
      code: 200
      message: OK
    url: https://redacted.cognitiveservices.azure.com/translatortext/batch/v1.0-preview.1/batches/2d399dd9-6d9c-47c8-8758-e38b7e23b575
- request:
    body: null
    headers:
      User-Agent:
      - azsdk-python-ai-translation-document/1.0.0b2 Python/3.9.0 (Windows-10-10.0.19041-SP0)
    method: GET
    uri: https://redacted.cognitiveservices.azure.com/translator/text/batch/v1.0-preview.1/batches/2d399dd9-6d9c-47c8-8758-e38b7e23b575
  response:
    body:
      string: '{"id":"2d399dd9-6d9c-47c8-8758-e38b7e23b575","createdDateTimeUtc":"2021-05-06T20:44:27.4028362Z","lastActionDateTimeUtc":"2021-05-06T20:44:30.5799798Z","status":"NotStarted","summary":{"total":5,"failed":0,"success":0,"inProgress":0,"notYetStarted":5,"cancelled":0,"totalCharacterCharged":0}}'
    headers:
      apim-request-id: 55ae272d-77ad-4c46-920b-6210b62befff
      cache-control: public,max-age=1
      content-encoding: gzip
      content-type: application/json; charset=utf-8
      date: Thu, 06 May 2021 20:44:30 GMT
      etag: '"4A092ADF2C00071AD884819590C4C0DDA8CFFF705D66EDEB23AEE0BAB657D11C"'
      set-cookie: ARRAffinitySameSite=52534756bc24481c0848ee2def3c54a057fd0e51707d9dcf782aa603bbaa9f24;Path=/;HttpOnly;SameSite=None;Secure;Domain=doctrans.northeu.microsofttranslator.com
      strict-transport-security: max-age=31536000; includeSubDomains; preload
      transfer-encoding: chunked
      vary: Accept-Encoding
      x-content-type-options: nosniff
      x-powered-by: ASP.NET
      x-requestid: 55ae272d-77ad-4c46-920b-6210b62befff
    status:
      code: 200
      message: OK
    url: https://redacted.cognitiveservices.azure.com/translatortext/batch/v1.0-preview.1/batches/2d399dd9-6d9c-47c8-8758-e38b7e23b575
- request:
    body: null
    headers:
      User-Agent:
      - azsdk-python-ai-translation-document/1.0.0b2 Python/3.9.0 (Windows-10-10.0.19041-SP0)
    method: GET
    uri: https://redacted.cognitiveservices.azure.com/translator/text/batch/v1.0-preview.1/batches/2d399dd9-6d9c-47c8-8758-e38b7e23b575
  response:
    body:
      string: '{"id":"2d399dd9-6d9c-47c8-8758-e38b7e23b575","createdDateTimeUtc":"2021-05-06T20:44:27.4028362Z","lastActionDateTimeUtc":"2021-05-06T20:44:30.5799798Z","status":"NotStarted","summary":{"total":5,"failed":0,"success":0,"inProgress":0,"notYetStarted":5,"cancelled":0,"totalCharacterCharged":0}}'
    headers:
      apim-request-id: 8d524928-99d8-412c-8fa4-0804dc2421a4
      cache-control: public,max-age=1
      content-encoding: gzip
      content-type: application/json; charset=utf-8
      date: Thu, 06 May 2021 20:44:31 GMT
      etag: '"4A092ADF2C00071AD884819590C4C0DDA8CFFF705D66EDEB23AEE0BAB657D11C"'
      set-cookie: ARRAffinitySameSite=b85bad1b8326b1376e60e99b410c1da9c99b2e137606973a71315f97deb3a0ce;Path=/;HttpOnly;SameSite=None;Secure;Domain=doctrans.northeu.microsofttranslator.com
      strict-transport-security: max-age=31536000; includeSubDomains; preload
      transfer-encoding: chunked
      vary: Accept-Encoding
      x-content-type-options: nosniff
      x-powered-by: ASP.NET
      x-requestid: 8d524928-99d8-412c-8fa4-0804dc2421a4
    status:
      code: 200
      message: OK
    url: https://redacted.cognitiveservices.azure.com/translatortext/batch/v1.0-preview.1/batches/2d399dd9-6d9c-47c8-8758-e38b7e23b575
- request:
    body: null
    headers:
      User-Agent:
      - azsdk-python-ai-translation-document/1.0.0b2 Python/3.9.0 (Windows-10-10.0.19041-SP0)
    method: GET
    uri: https://redacted.cognitiveservices.azure.com/translator/text/batch/v1.0-preview.1/batches/2d399dd9-6d9c-47c8-8758-e38b7e23b575
  response:
    body:
      string: '{"id":"2d399dd9-6d9c-47c8-8758-e38b7e23b575","createdDateTimeUtc":"2021-05-06T20:44:27.4028362Z","lastActionDateTimeUtc":"2021-05-06T20:44:30.5799798Z","status":"NotStarted","summary":{"total":5,"failed":0,"success":0,"inProgress":0,"notYetStarted":5,"cancelled":0,"totalCharacterCharged":0}}'
    headers:
      apim-request-id: 73959ed0-7602-40e5-85da-af0783225ac3
      cache-control: public,max-age=1
      content-encoding: gzip
      content-type: application/json; charset=utf-8
      date: Thu, 06 May 2021 20:44:32 GMT
      etag: '"4A092ADF2C00071AD884819590C4C0DDA8CFFF705D66EDEB23AEE0BAB657D11C"'
      set-cookie: ARRAffinitySameSite=52534756bc24481c0848ee2def3c54a057fd0e51707d9dcf782aa603bbaa9f24;Path=/;HttpOnly;SameSite=None;Secure;Domain=doctrans.northeu.microsofttranslator.com
      strict-transport-security: max-age=31536000; includeSubDomains; preload
      transfer-encoding: chunked
      vary: Accept-Encoding
      x-content-type-options: nosniff
      x-powered-by: ASP.NET
      x-requestid: 73959ed0-7602-40e5-85da-af0783225ac3
    status:
      code: 200
      message: OK
    url: https://redacted.cognitiveservices.azure.com/translatortext/batch/v1.0-preview.1/batches/2d399dd9-6d9c-47c8-8758-e38b7e23b575
- request:
    body: null
    headers:
      User-Agent:
      - azsdk-python-ai-translation-document/1.0.0b2 Python/3.9.0 (Windows-10-10.0.19041-SP0)
    method: GET
    uri: https://redacted.cognitiveservices.azure.com/translator/text/batch/v1.0-preview.1/batches/2d399dd9-6d9c-47c8-8758-e38b7e23b575
  response:
    body:
      string: '{"id":"2d399dd9-6d9c-47c8-8758-e38b7e23b575","createdDateTimeUtc":"2021-05-06T20:44:27.4028362Z","lastActionDateTimeUtc":"2021-05-06T20:44:34.0354164Z","status":"Running","summary":{"total":5,"failed":0,"success":0,"inProgress":5,"notYetStarted":0,"cancelled":0,"totalCharacterCharged":0}}'
    headers:
      apim-request-id: 1a9c3464-925f-4b7b-b0e2-c577ae260386
      cache-control: public,max-age=1
      content-encoding: gzip
      content-type: application/json; charset=utf-8
      date: Thu, 06 May 2021 20:44:33 GMT
      etag: '"D870D2B8CBF39DB62BC0F4DE3735C3B629C2A401B044D92FC44248FC41EE146D"'
      set-cookie: ARRAffinitySameSite=b85bad1b8326b1376e60e99b410c1da9c99b2e137606973a71315f97deb3a0ce;Path=/;HttpOnly;SameSite=None;Secure;Domain=doctrans.northeu.microsofttranslator.com
      strict-transport-security: max-age=31536000; includeSubDomains; preload
      transfer-encoding: chunked
      vary: Accept-Encoding
      x-content-type-options: nosniff
      x-powered-by: ASP.NET
      x-requestid: 1a9c3464-925f-4b7b-b0e2-c577ae260386
    status:
      code: 200
      message: OK
    url: https://redacted.cognitiveservices.azure.com/translatortext/batch/v1.0-preview.1/batches/2d399dd9-6d9c-47c8-8758-e38b7e23b575
- request:
    body: null
    headers:
      User-Agent:
      - azsdk-python-ai-translation-document/1.0.0b2 Python/3.9.0 (Windows-10-10.0.19041-SP0)
    method: GET
    uri: https://redacted.cognitiveservices.azure.com/translator/text/batch/v1.0-preview.1/batches/2d399dd9-6d9c-47c8-8758-e38b7e23b575
  response:
    body:
      string: '{"id":"2d399dd9-6d9c-47c8-8758-e38b7e23b575","createdDateTimeUtc":"2021-05-06T20:44:27.4028362Z","lastActionDateTimeUtc":"2021-05-06T20:44:34.0354164Z","status":"Running","summary":{"total":5,"failed":0,"success":0,"inProgress":5,"notYetStarted":0,"cancelled":0,"totalCharacterCharged":0}}'
    headers:
      apim-request-id: ec0b6f68-b8c9-4794-8ae8-adcbd9e6fdec
      cache-control: public,max-age=1
      content-encoding: gzip
      content-type: application/json; charset=utf-8
      date: Thu, 06 May 2021 20:44:35 GMT
      etag: '"D870D2B8CBF39DB62BC0F4DE3735C3B629C2A401B044D92FC44248FC41EE146D"'
      set-cookie: ARRAffinitySameSite=52534756bc24481c0848ee2def3c54a057fd0e51707d9dcf782aa603bbaa9f24;Path=/;HttpOnly;SameSite=None;Secure;Domain=doctrans.northeu.microsofttranslator.com
      strict-transport-security: max-age=31536000; includeSubDomains; preload
      transfer-encoding: chunked
      vary: Accept-Encoding
      x-content-type-options: nosniff
      x-powered-by: ASP.NET
      x-requestid: ec0b6f68-b8c9-4794-8ae8-adcbd9e6fdec
    status:
      code: 200
      message: OK
    url: https://redacted.cognitiveservices.azure.com/translatortext/batch/v1.0-preview.1/batches/2d399dd9-6d9c-47c8-8758-e38b7e23b575
- request:
    body: null
    headers:
      User-Agent:
      - azsdk-python-ai-translation-document/1.0.0b2 Python/3.9.0 (Windows-10-10.0.19041-SP0)
    method: GET
    uri: https://redacted.cognitiveservices.azure.com/translator/text/batch/v1.0-preview.1/batches/2d399dd9-6d9c-47c8-8758-e38b7e23b575
  response:
    body:
      string: '{"id":"2d399dd9-6d9c-47c8-8758-e38b7e23b575","createdDateTimeUtc":"2021-05-06T20:44:27.4028362Z","lastActionDateTimeUtc":"2021-05-06T20:44:34.0354164Z","status":"Running","summary":{"total":5,"failed":0,"success":0,"inProgress":5,"notYetStarted":0,"cancelled":0,"totalCharacterCharged":0}}'
    headers:
      apim-request-id: 4f5a6a26-b0e7-4507-bfb1-cbd3df6717c6
      cache-control: public,max-age=1
      content-encoding: gzip
      content-type: application/json; charset=utf-8
      date: Thu, 06 May 2021 20:44:36 GMT
      etag: '"D870D2B8CBF39DB62BC0F4DE3735C3B629C2A401B044D92FC44248FC41EE146D"'
      set-cookie: ARRAffinitySameSite=b85bad1b8326b1376e60e99b410c1da9c99b2e137606973a71315f97deb3a0ce;Path=/;HttpOnly;SameSite=None;Secure;Domain=doctrans.northeu.microsofttranslator.com
      strict-transport-security: max-age=31536000; includeSubDomains; preload
      transfer-encoding: chunked
      vary: Accept-Encoding
      x-content-type-options: nosniff
      x-powered-by: ASP.NET
      x-requestid: 4f5a6a26-b0e7-4507-bfb1-cbd3df6717c6
    status:
      code: 200
      message: OK
    url: https://redacted.cognitiveservices.azure.com/translatortext/batch/v1.0-preview.1/batches/2d399dd9-6d9c-47c8-8758-e38b7e23b575
- request:
    body: null
    headers:
      User-Agent:
      - azsdk-python-ai-translation-document/1.0.0b2 Python/3.9.0 (Windows-10-10.0.19041-SP0)
    method: GET
    uri: https://redacted.cognitiveservices.azure.com/translator/text/batch/v1.0-preview.1/batches/2d399dd9-6d9c-47c8-8758-e38b7e23b575
  response:
    body:
      string: '{"id":"2d399dd9-6d9c-47c8-8758-e38b7e23b575","createdDateTimeUtc":"2021-05-06T20:44:27.4028362Z","lastActionDateTimeUtc":"2021-05-06T20:44:34.0354164Z","status":"Running","summary":{"total":5,"failed":0,"success":0,"inProgress":5,"notYetStarted":0,"cancelled":0,"totalCharacterCharged":0}}'
    headers:
      apim-request-id: 1606a4b8-8bc9-49fc-8d92-7e3a19f56809
      cache-control: public,max-age=1
      content-encoding: gzip
      content-type: application/json; charset=utf-8
      date: Thu, 06 May 2021 20:44:38 GMT
      etag: '"D870D2B8CBF39DB62BC0F4DE3735C3B629C2A401B044D92FC44248FC41EE146D"'
      set-cookie: ARRAffinitySameSite=52534756bc24481c0848ee2def3c54a057fd0e51707d9dcf782aa603bbaa9f24;Path=/;HttpOnly;SameSite=None;Secure;Domain=doctrans.northeu.microsofttranslator.com
      strict-transport-security: max-age=31536000; includeSubDomains; preload
      transfer-encoding: chunked
      vary: Accept-Encoding
      x-content-type-options: nosniff
      x-powered-by: ASP.NET
      x-requestid: 1606a4b8-8bc9-49fc-8d92-7e3a19f56809
    status:
      code: 200
      message: OK
    url: https://redacted.cognitiveservices.azure.com/translatortext/batch/v1.0-preview.1/batches/2d399dd9-6d9c-47c8-8758-e38b7e23b575
- request:
    body: null
    headers:
      User-Agent:
      - azsdk-python-ai-translation-document/1.0.0b2 Python/3.9.0 (Windows-10-10.0.19041-SP0)
    method: GET
    uri: https://redacted.cognitiveservices.azure.com/translator/text/batch/v1.0-preview.1/batches/2d399dd9-6d9c-47c8-8758-e38b7e23b575
  response:
    body:
      string: '{"id":"2d399dd9-6d9c-47c8-8758-e38b7e23b575","createdDateTimeUtc":"2021-05-06T20:44:27.4028362Z","lastActionDateTimeUtc":"2021-05-06T20:44:34.0354164Z","status":"Succeeded","summary":{"total":5,"failed":0,"success":5,"inProgress":0,"notYetStarted":0,"cancelled":0,"totalCharacterCharged":135}}'
    headers:
      apim-request-id: a7c94f98-73f4-4ab7-bc0d-435c1fccaa37
      cache-control: public,max-age=1
      content-encoding: gzip
      content-type: application/json; charset=utf-8
      date: Thu, 06 May 2021 20:44:39 GMT
      etag: '"4335C7A29177BF7C20BA67FBCD5DEBEAFC688E4F7573A32BA8C0613BC41648FD"'
      set-cookie: ARRAffinitySameSite=b85bad1b8326b1376e60e99b410c1da9c99b2e137606973a71315f97deb3a0ce;Path=/;HttpOnly;SameSite=None;Secure;Domain=doctrans.northeu.microsofttranslator.com
      strict-transport-security: max-age=31536000; includeSubDomains; preload
      transfer-encoding: chunked
      vary: Accept-Encoding
      x-content-type-options: nosniff
      x-powered-by: ASP.NET
      x-requestid: a7c94f98-73f4-4ab7-bc0d-435c1fccaa37
    status:
      code: 200
      message: OK
    url: https://redacted.cognitiveservices.azure.com/translatortext/batch/v1.0-preview.1/batches/2d399dd9-6d9c-47c8-8758-e38b7e23b575
- request:
    body: null
    headers:
      Accept:
      - application/json
      User-Agent:
      - azsdk-python-ai-translation-document/1.0.0b2 Python/3.9.0 (Windows-10-10.0.19041-SP0)
    method: GET
    uri: https://redacted.cognitiveservices.azure.com/translator/text/batch/v1.0-preview.1/batches/2d399dd9-6d9c-47c8-8758-e38b7e23b575/documents?$skip=0&$orderBy=createdDateTimeUtc%20desc
  response:
    body:
      string: '{"value":[{"path":"https://redacted.blob.core.windows.net/target00e7e45e-abb7-40ff-804c-142e67be2dbc/b46359fc-ae84-4405-9cc8-f06a9541c3d1.txt","sourcePath":"https://redacted.blob.core.windows.net/src024ad752-4fb4-4851-9c71-7edf5d58fa57/b46359fc-ae84-4405-9cc8-f06a9541c3d1.txt","createdDateTimeUtc":"2021-05-06T20:44:33.5282537Z","lastActionDateTimeUtc":"2021-05-06T20:44:38.9808019Z","status":"Succeeded","to":"es","progress":1,"id":"00002b24-0000-0000-0000-000000000000","characterCharged":27},{"path":"https://redacted.blob.core.windows.net/target00e7e45e-abb7-40ff-804c-142e67be2dbc/99efbf04-176d-46cd-8fe0-f500512c8c22.txt","sourcePath":"https://redacted.blob.core.windows.net/src024ad752-4fb4-4851-9c71-7edf5d58fa57/99efbf04-176d-46cd-8fe0-f500512c8c22.txt","createdDateTimeUtc":"2021-05-06T20:44:33.4583465Z","lastActionDateTimeUtc":"2021-05-06T20:44:38.2040673Z","status":"Succeeded","to":"es","progress":1,"id":"00002b23-0000-0000-0000-000000000000","characterCharged":27},{"path":"https://redacted.blob.core.windows.net/target00e7e45e-abb7-40ff-804c-142e67be2dbc/7de878f7-b61b-4fec-b708-d8bc60a4d0b4.txt","sourcePath":"https://redacted.blob.core.windows.net/src024ad752-4fb4-4851-9c71-7edf5d58fa57/7de878f7-b61b-4fec-b708-d8bc60a4d0b4.txt","createdDateTimeUtc":"2021-05-06T20:44:33.4566586Z","lastActionDateTimeUtc":"2021-05-06T20:44:38.1920747Z","status":"Succeeded","to":"es","progress":1,"id":"00002b22-0000-0000-0000-000000000000","characterCharged":27},{"path":"https://redacted.blob.core.windows.net/target00e7e45e-abb7-40ff-804c-142e67be2dbc/45b69a53-bd4a-4a55-aa98-1056537962eb.txt","sourcePath":"https://redacted.blob.core.windows.net/src024ad752-4fb4-4851-9c71-7edf5d58fa57/45b69a53-bd4a-4a55-aa98-1056537962eb.txt","createdDateTimeUtc":"2021-05-06T20:44:33.4412303Z","lastActionDateTimeUtc":"2021-05-06T20:44:38.1980789Z","status":"Succeeded","to":"es","progress":1,"id":"00002b20-0000-0000-0000-000000000000","characterCharged":27},{"path":"https://redacted.blob.core.windows.net/target00e7e45e-abb7-40ff-804c-142e67be2dbc/4f40aa9e-8dcc-47d0-b6de-ad80ff9a4376.txt","sourcePath":"https://redacted.blob.core.windows.net/src024ad752-4fb4-4851-9c71-7edf5d58fa57/4f40aa9e-8dcc-47d0-b6de-ad80ff9a4376.txt","createdDateTimeUtc":"2021-05-06T20:44:33.4411613Z","lastActionDateTimeUtc":"2021-05-06T20:44:38.187516Z","status":"Succeeded","to":"es","progress":1,"id":"00002b21-0000-0000-0000-000000000000","characterCharged":27}]}'
    headers:
      apim-request-id: 8aa6e93d-dd33-424c-aa32-3854331cd852
      cache-control: public,max-age=1
      content-encoding: gzip
      content-type: application/json; charset=utf-8
      date: Thu, 06 May 2021 20:44:39 GMT
      etag: '"1E0810FE34112D012E1D62F90C8E69ECCADA20520E0E07117B5EF774C9207704"'
      set-cookie: ARRAffinitySameSite=52534756bc24481c0848ee2def3c54a057fd0e51707d9dcf782aa603bbaa9f24;Path=/;HttpOnly;SameSite=None;Secure;Domain=doctrans.northeu.microsofttranslator.com
      strict-transport-security: max-age=31536000; includeSubDomains; preload
      transfer-encoding: chunked
      vary: Accept-Encoding
      x-content-type-options: nosniff
      x-powered-by: ASP.NET
      x-requestid: 8aa6e93d-dd33-424c-aa32-3854331cd852
    status:
      code: 200
      message: OK
    url: https://redacted.cognitiveservices.azure.com/translatortext/batch/v1.0-preview.1/batches/2d399dd9-6d9c-47c8-8758-e38b7e23b575/documents?$skip=0&$orderBy=createdDateTimeUtc%20desc
version: 1
