{
  "Entries": [
    {
      "RequestUri": "https://fakeendpoint.blob.core.windows.net/src9f8dd278-e8e0-4a4a-ac31-2e1ac0a174d8?restype=container",
      "RequestMethod": "PUT",
      "RequestHeaders": {
        "Accept": "application/xml",
        "Accept-Encoding": "gzip, deflate",
        "Authorization": "Sanitized",
        "Connection": "keep-alive",
        "Content-Length": "0",
        "User-Agent": "azsdk-python-storage-blob/12.10.0b2 Python/3.10.0 (Windows-10-10.0.22000-SP0)",
        "x-ms-client-request-id": "bd109b3c-5de0-11ec-81fa-6245b51668de",
        "x-ms-date": "Wed, 15 Dec 2021 19:53:56 GMT",
        "x-ms-version": "2021-02-12"
      },
      "RequestBody": null,
      "StatusCode": 201,
      "ResponseHeaders": {
        "Content-Length": "0",
        "Date": "Wed, 15 Dec 2021 19:53:56 GMT",
        "ETag": "\u00220x8D9C004A14A9937\u0022",
        "Last-Modified": "Wed, 15 Dec 2021 19:53:56 GMT",
        "Server": [
          "Windows-Azure-Blob/1.0",
          "Microsoft-HTTPAPI/2.0"
        ],
        "x-ms-client-request-id": "bd109b3c-5de0-11ec-81fa-6245b51668de",
        "x-ms-request-id": "55710573-001e-005c-7ced-f1614c000000",
        "x-ms-version": "2021-02-12"
      },
      "ResponseBody": null
    },
    {
      "RequestUri": "https://fakeendpoint.blob.core.windows.net/src9f8dd278-e8e0-4a4a-ac31-2e1ac0a174d8/document.txt",
      "RequestMethod": "PUT",
      "RequestHeaders": {
        "Accept": "application/xml",
        "Accept-Encoding": "gzip, deflate",
        "Authorization": "Sanitized",
        "Connection": "keep-alive",
        "Content-Length": "27",
        "Content-Type": "application/octet-stream",
        "If-None-Match": "*",
        "User-Agent": "azsdk-python-storage-blob/12.10.0b2 Python/3.10.0 (Windows-10-10.0.22000-SP0)",
        "x-ms-blob-type": "BlockBlob",
        "x-ms-client-request-id": "bd1ba20e-5de0-11ec-a834-6245b51668de",
        "x-ms-date": "Wed, 15 Dec 2021 19:53:56 GMT",
        "x-ms-version": "2021-02-12"
      },
      "RequestBody": "VGhpcyBpcyB3cml0dGVuIGluIGVuZ2xpc2gu",
      "StatusCode": 201,
      "ResponseHeaders": {
        "Content-Length": "0",
        "Content-MD5": "mYgA0QpY6baiB\u002BxZp8Hk\u002BA==",
        "Date": "Wed, 15 Dec 2021 19:53:56 GMT",
        "ETag": "\u00220x8D9C004A1521854\u0022",
        "Last-Modified": "Wed, 15 Dec 2021 19:53:56 GMT",
        "Server": [
          "Windows-Azure-Blob/1.0",
          "Microsoft-HTTPAPI/2.0"
        ],
        "x-ms-client-request-id": "bd1ba20e-5de0-11ec-a834-6245b51668de",
        "x-ms-content-crc64": "NB4xBtawP6g=",
        "x-ms-request-id": "557105b2-001e-005c-38ed-f1614c000000",
        "x-ms-request-server-encrypted": "true",
        "x-ms-version": "2021-02-12"
      },
      "ResponseBody": null
    },
    {
      "RequestUri": "https://fakeendpoint.blob.core.windows.net/src9f8dd278-e8e0-4a4a-ac31-2e1ac0a174d8/0f1dfe84-e9b1-4d61-9c28-98495047b143.txt",
      "RequestMethod": "PUT",
      "RequestHeaders": {
        "Accept": "application/xml",
        "Accept-Encoding": "gzip, deflate",
        "Authorization": "Sanitized",
        "Connection": "keep-alive",
        "Content-Length": "27",
        "Content-Type": "application/octet-stream",
        "If-None-Match": "*",
        "User-Agent": "azsdk-python-storage-blob/12.10.0b2 Python/3.10.0 (Windows-10-10.0.22000-SP0)",
        "x-ms-blob-type": "BlockBlob",
        "x-ms-client-request-id": "bd20e2ab-5de0-11ec-ab80-6245b51668de",
        "x-ms-date": "Wed, 15 Dec 2021 19:53:56 GMT",
        "x-ms-version": "2021-02-12"
      },
      "RequestBody": "VGhpcyBpcyB3cml0dGVuIGluIGVuZ2xpc2gu",
      "StatusCode": 201,
      "ResponseHeaders": {
        "Content-Length": "0",
        "Content-MD5": "mYgA0QpY6baiB\u002BxZp8Hk\u002BA==",
        "Date": "Wed, 15 Dec 2021 19:53:56 GMT",
        "ETag": "\u00220x8D9C004A158CE09\u0022",
        "Last-Modified": "Wed, 15 Dec 2021 19:53:56 GMT",
        "Server": [
          "Windows-Azure-Blob/1.0",
          "Microsoft-HTTPAPI/2.0"
        ],
        "x-ms-client-request-id": "bd20e2ab-5de0-11ec-ab80-6245b51668de",
        "x-ms-content-crc64": "NB4xBtawP6g=",
        "x-ms-request-id": "557105e3-001e-005c-66ed-f1614c000000",
        "x-ms-request-server-encrypted": "true",
        "x-ms-version": "2021-02-12"
      },
      "ResponseBody": null
    },
    {
      "RequestUri": "https://fakeendpoint.blob.core.windows.net/target481043d6-bf80-4578-b66c-1e5342a9c8e7?restype=container",
      "RequestMethod": "PUT",
      "RequestHeaders": {
        "Accept": "application/xml",
        "Accept-Encoding": "gzip, deflate",
        "Authorization": "Sanitized",
        "Connection": "keep-alive",
        "Content-Length": "0",
        "User-Agent": "azsdk-python-storage-blob/12.10.0b2 Python/3.10.0 (Windows-10-10.0.22000-SP0)",
        "x-ms-client-request-id": "bd38126c-5de0-11ec-b45b-6245b51668de",
        "x-ms-date": "Wed, 15 Dec 2021 19:53:57 GMT",
        "x-ms-version": "2021-02-12"
      },
      "RequestBody": null,
      "StatusCode": 201,
      "ResponseHeaders": {
        "Content-Length": "0",
        "Date": "Wed, 15 Dec 2021 19:53:56 GMT",
        "ETag": "\u00220x8D9C004A1739F1B\u0022",
        "Last-Modified": "Wed, 15 Dec 2021 19:53:57 GMT",
        "Server": [
          "Windows-Azure-Blob/1.0",
          "Microsoft-HTTPAPI/2.0"
        ],
        "x-ms-client-request-id": "bd38126c-5de0-11ec-b45b-6245b51668de",
        "x-ms-request-id": "557106db-001e-005c-4ced-f1614c000000",
        "x-ms-version": "2021-02-12"
      },
      "ResponseBody": null
    },
    {
      "RequestUri": "https://fakeendpoint.blob.core.windows.net/target481043d6-bf80-4578-b66c-1e5342a9c8e7/document.txt",
      "RequestMethod": "PUT",
      "RequestHeaders": {
        "Accept": "application/xml",
        "Accept-Encoding": "gzip, deflate",
        "Authorization": "Sanitized",
        "Connection": "keep-alive",
        "Content-Length": "27",
        "Content-Type": "application/octet-stream",
        "If-None-Match": "*",
        "User-Agent": "azsdk-python-storage-blob/12.10.0b2 Python/3.10.0 (Windows-10-10.0.22000-SP0)",
        "x-ms-blob-type": "BlockBlob",
        "x-ms-client-request-id": "bd42ef02-5de0-11ec-9eb0-6245b51668de",
        "x-ms-date": "Wed, 15 Dec 2021 19:53:57 GMT",
        "x-ms-version": "2021-02-12"
      },
      "RequestBody": "VGhpcyBpcyB3cml0dGVuIGluIGVuZ2xpc2gu",
      "StatusCode": 201,
      "ResponseHeaders": {
        "Content-Length": "0",
        "Content-MD5": "mYgA0QpY6baiB\u002BxZp8Hk\u002BA==",
        "Date": "Wed, 15 Dec 2021 19:53:56 GMT",
        "ETag": "\u00220x8D9C004A1794947\u0022",
        "Last-Modified": "Wed, 15 Dec 2021 19:53:57 GMT",
        "Server": [
          "Windows-Azure-Blob/1.0",
          "Microsoft-HTTPAPI/2.0"
        ],
        "x-ms-client-request-id": "bd42ef02-5de0-11ec-9eb0-6245b51668de",
        "x-ms-content-crc64": "NB4xBtawP6g=",
        "x-ms-request-id": "55710710-001e-005c-7fed-f1614c000000",
        "x-ms-request-server-encrypted": "true",
        "x-ms-version": "2021-02-12"
      },
      "ResponseBody": null
    },
    {
      "RequestUri": "https://fakeendpoint.cognitiveservices.azure.com/translator/text/batch/v1.0/batches",
      "RequestMethod": "POST",
      "RequestHeaders": {
        "Accept": "application/json",
        "Accept-Encoding": "gzip, deflate",
        "Connection": "keep-alive",
        "Content-Length": "380",
        "Content-Type": "application/json",
        "User-Agent": "azsdk-python-ai-translation-document/1.0.0b6 Python/3.10.0 (Windows-10-10.0.22000-SP0)",
        "x-ms-client-request-id": "bd586723-5de0-11ec-b9b7-6245b51668de"
      },
      "RequestBody": {
        "inputs": [
          {
            "source": {
              "sourceUrl": "https://fakeendpoint.blob.core.windows.net/src9f8dd278-e8e0-4a4a-ac31-2e1ac0a174d8?se=end\u0026sp=rl\u0026sv=2021-02-12\u0026sr=c\u0026sig=fake_token_value",
              "filter": {}
            },
            "targets": [
              {
                "targetUrl": "https://fakeendpoint.blob.core.windows.net/target481043d6-bf80-4578-b66c-1e5342a9c8e7?se=end\u0026sp=wl\u0026sv=2021-02-12\u0026sr=c\u0026sig=fake_token_value",
                "language": "es"
              }
            ]
          }
        ]
      },
      "StatusCode": 202,
      "ResponseHeaders": {
        "apim-request-id": "12d11432-adeb-438c-847a-ec52f72e870c",
        "Content-Length": "0",
        "Date": "Wed, 15 Dec 2021 19:53:57 GMT",
        "Operation-Location": "https://fakeendpoint.cognitiveservices.azure.com/translator/text/batch/v1.0/batches/4ceff08b-e7d9-4add-81c5-fc057577a9f6",
        "Set-Cookie": [
          "ARRAffinity=d5311be9a7eee70fefb806f1e2337cdd19ccc651d9ba4b6954f0949b8feead5f;Path=/;HttpOnly;Secure;Domain=mtbatch.nam.microsofttranslator.com",
          "ARRAffinitySameSite=d5311be9a7eee70fefb806f1e2337cdd19ccc651d9ba4b6954f0949b8feead5f;Path=/;HttpOnly;SameSite=None;Secure;Domain=mtbatch.nam.microsofttranslator.com"
        ],
        "Strict-Transport-Security": "max-age=31536000; includeSubDomains; preload",
        "X-Content-Type-Options": "nosniff",
        "X-Powered-By": "ASP.NET",
        "X-RequestId": "12d11432-adeb-438c-847a-ec52f72e870c"
      },
      "ResponseBody": null
    },
    {
      "RequestUri": "https://fakeendpoint.cognitiveservices.azure.com/translator/text/batch/v1.0/batches/4ceff08b-e7d9-4add-81c5-fc057577a9f6",
      "RequestMethod": "GET",
      "RequestHeaders": {
        "Accept": "*/*",
        "Accept-Encoding": "gzip, deflate",
        "Connection": "keep-alive",
        "User-Agent": "azsdk-python-ai-translation-document/1.0.0b6 Python/3.10.0 (Windows-10-10.0.22000-SP0)",
        "x-ms-client-request-id": "bd586723-5de0-11ec-b9b7-6245b51668de"
      },
      "RequestBody": null,
      "StatusCode": 200,
      "ResponseHeaders": {
        "apim-request-id": "4861d15b-b447-4ea2-ad16-cd80d19c1a78",
        "Cache-Control": "public, max-age=1",
        "Content-Encoding": "gzip",
        "Content-Type": "application/json; charset=utf-8",
        "Date": "Wed, 15 Dec 2021 19:53:58 GMT",
        "ETag": "\u00222971EDDC3F06920AA7DEBD443DD20546DA851CC2312DDF3FA8E1589CC27647E0\u0022",
        "Set-Cookie": [
          "ARRAffinity=f9ffee55d5b846ab210939783079e864f7c0bd5efbd10d36648d3b62bbdfbaac;Path=/;HttpOnly;Secure;Domain=mtbatch.nam.microsofttranslator.com",
          "ARRAffinitySameSite=f9ffee55d5b846ab210939783079e864f7c0bd5efbd10d36648d3b62bbdfbaac;Path=/;HttpOnly;SameSite=None;Secure;Domain=mtbatch.nam.microsofttranslator.com"
        ],
        "Strict-Transport-Security": "max-age=31536000; includeSubDomains; preload",
        "Transfer-Encoding": "chunked",
        "Vary": "Accept-Encoding",
        "X-Content-Type-Options": "nosniff",
        "X-Powered-By": "ASP.NET",
        "X-RequestId": "4861d15b-b447-4ea2-ad16-cd80d19c1a78"
      },
      "ResponseBody": {
        "id": "4ceff08b-e7d9-4add-81c5-fc057577a9f6",
        "createdDateTimeUtc": "2021-12-15T19:53:57.2904057Z",
        "lastActionDateTimeUtc": "2021-12-15T19:53:58.3149426Z",
        "status": "Running",
        "summary": {
          "total": 2,
          "failed": 1,
          "success": 0,
          "inProgress": 1,
          "notYetStarted": 0,
          "cancelled": 0,
          "totalCharacterCharged": 0
        }
      }
    },
    {
      "RequestUri": "https://fakeendpoint.cognitiveservices.azure.com/translator/text/batch/v1.0/batches/4ceff08b-e7d9-4add-81c5-fc057577a9f6",
      "RequestMethod": "GET",
      "RequestHeaders": {
        "Accept": "*/*",
        "Accept-Encoding": "gzip, deflate",
        "Connection": "keep-alive",
        "User-Agent": "azsdk-python-ai-translation-document/1.0.0b6 Python/3.10.0 (Windows-10-10.0.22000-SP0)",
        "x-ms-client-request-id": "bd586723-5de0-11ec-b9b7-6245b51668de"
      },
      "RequestBody": null,
      "StatusCode": 200,
      "ResponseHeaders": {
        "apim-request-id": "ef6d2c2d-34dc-4476-ba02-868da90d73c1",
        "Cache-Control": "public, max-age=1",
        "Content-Encoding": "gzip",
        "Content-Type": "application/json; charset=utf-8",
        "Date": "Wed, 15 Dec 2021 19:53:59 GMT",
        "ETag": "\u00222971EDDC3F06920AA7DEBD443DD20546DA851CC2312DDF3FA8E1589CC27647E0\u0022",
        "Set-Cookie": [
          "ARRAffinity=d5311be9a7eee70fefb806f1e2337cdd19ccc651d9ba4b6954f0949b8feead5f;Path=/;HttpOnly;Secure;Domain=mtbatch.nam.microsofttranslator.com",
          "ARRAffinitySameSite=d5311be9a7eee70fefb806f1e2337cdd19ccc651d9ba4b6954f0949b8feead5f;Path=/;HttpOnly;SameSite=None;Secure;Domain=mtbatch.nam.microsofttranslator.com"
        ],
        "Strict-Transport-Security": "max-age=31536000; includeSubDomains; preload",
        "Transfer-Encoding": "chunked",
        "Vary": "Accept-Encoding",
        "X-Content-Type-Options": "nosniff",
        "X-Powered-By": "ASP.NET",
        "X-RequestId": "ef6d2c2d-34dc-4476-ba02-868da90d73c1"
      },
      "ResponseBody": {
        "id": "4ceff08b-e7d9-4add-81c5-fc057577a9f6",
        "createdDateTimeUtc": "2021-12-15T19:53:57.2904057Z",
        "lastActionDateTimeUtc": "2021-12-15T19:53:58.3149426Z",
        "status": "Running",
        "summary": {
          "total": 2,
          "failed": 1,
          "success": 0,
          "inProgress": 1,
          "notYetStarted": 0,
          "cancelled": 0,
          "totalCharacterCharged": 0
        }
      }
    },
    {
      "RequestUri": "https://fakeendpoint.cognitiveservices.azure.com/translator/text/batch/v1.0/batches/4ceff08b-e7d9-4add-81c5-fc057577a9f6",
      "RequestMethod": "GET",
      "RequestHeaders": {
        "Accept": "*/*",
        "Accept-Encoding": "gzip, deflate",
        "Connection": "keep-alive",
        "User-Agent": "azsdk-python-ai-translation-document/1.0.0b6 Python/3.10.0 (Windows-10-10.0.22000-SP0)",
        "x-ms-client-request-id": "bd586723-5de0-11ec-b9b7-6245b51668de"
      },
      "RequestBody": null,
      "StatusCode": 200,
      "ResponseHeaders": {
        "apim-request-id": "fab1b391-b75f-4795-b902-5e8729e4e055",
        "Cache-Control": "public, max-age=1",
        "Content-Encoding": "gzip",
        "Content-Type": "application/json; charset=utf-8",
        "Date": "Wed, 15 Dec 2021 19:54:00 GMT",
        "ETag": "\u00222971EDDC3F06920AA7DEBD443DD20546DA851CC2312DDF3FA8E1589CC27647E0\u0022",
        "Set-Cookie": [
          "ARRAffinity=f9ffee55d5b846ab210939783079e864f7c0bd5efbd10d36648d3b62bbdfbaac;Path=/;HttpOnly;Secure;Domain=mtbatch.nam.microsofttranslator.com",
          "ARRAffinitySameSite=f9ffee55d5b846ab210939783079e864f7c0bd5efbd10d36648d3b62bbdfbaac;Path=/;HttpOnly;SameSite=None;Secure;Domain=mtbatch.nam.microsofttranslator.com"
        ],
        "Strict-Transport-Security": "max-age=31536000; includeSubDomains; preload",
        "Transfer-Encoding": "chunked",
        "Vary": "Accept-Encoding",
        "X-Content-Type-Options": "nosniff",
        "X-Powered-By": "ASP.NET",
        "X-RequestId": "fab1b391-b75f-4795-b902-5e8729e4e055"
      },
      "ResponseBody": {
        "id": "4ceff08b-e7d9-4add-81c5-fc057577a9f6",
        "createdDateTimeUtc": "2021-12-15T19:53:57.2904057Z",
        "lastActionDateTimeUtc": "2021-12-15T19:53:58.3149426Z",
        "status": "Running",
        "summary": {
          "total": 2,
          "failed": 1,
          "success": 0,
          "inProgress": 1,
          "notYetStarted": 0,
          "cancelled": 0,
          "totalCharacterCharged": 0
        }
      }
    },
    {
      "RequestUri": "https://fakeendpoint.cognitiveservices.azure.com/translator/text/batch/v1.0/batches/4ceff08b-e7d9-4add-81c5-fc057577a9f6",
      "RequestMethod": "GET",
      "RequestHeaders": {
        "Accept": "*/*",
        "Accept-Encoding": "gzip, deflate",
        "Connection": "keep-alive",
        "User-Agent": "azsdk-python-ai-translation-document/1.0.0b6 Python/3.10.0 (Windows-10-10.0.22000-SP0)",
        "x-ms-client-request-id": "bd586723-5de0-11ec-b9b7-6245b51668de"
      },
      "RequestBody": null,
      "StatusCode": 200,
      "ResponseHeaders": {
        "apim-request-id": "d1ec354b-5cbc-430c-88bd-b6753fcb8dad",
        "Cache-Control": "public, max-age=1",
        "Content-Encoding": "gzip",
        "Content-Type": "application/json; charset=utf-8",
        "Date": "Wed, 15 Dec 2021 19:54:01 GMT",
        "ETag": "\u00222971EDDC3F06920AA7DEBD443DD20546DA851CC2312DDF3FA8E1589CC27647E0\u0022",
        "Set-Cookie": [
          "ARRAffinity=d5311be9a7eee70fefb806f1e2337cdd19ccc651d9ba4b6954f0949b8feead5f;Path=/;HttpOnly;Secure;Domain=mtbatch.nam.microsofttranslator.com",
          "ARRAffinitySameSite=d5311be9a7eee70fefb806f1e2337cdd19ccc651d9ba4b6954f0949b8feead5f;Path=/;HttpOnly;SameSite=None;Secure;Domain=mtbatch.nam.microsofttranslator.com"
        ],
        "Strict-Transport-Security": "max-age=31536000; includeSubDomains; preload",
        "Transfer-Encoding": "chunked",
        "Vary": "Accept-Encoding",
        "X-Content-Type-Options": "nosniff",
        "X-Powered-By": "ASP.NET",
        "X-RequestId": "d1ec354b-5cbc-430c-88bd-b6753fcb8dad"
      },
      "ResponseBody": {
        "id": "4ceff08b-e7d9-4add-81c5-fc057577a9f6",
        "createdDateTimeUtc": "2021-12-15T19:53:57.2904057Z",
        "lastActionDateTimeUtc": "2021-12-15T19:53:58.3149426Z",
        "status": "Running",
        "summary": {
          "total": 2,
          "failed": 1,
          "success": 0,
          "inProgress": 1,
          "notYetStarted": 0,
          "cancelled": 0,
          "totalCharacterCharged": 0
        }
      }
    },
    {
      "RequestUri": "https://fakeendpoint.cognitiveservices.azure.com/translator/text/batch/v1.0/batches/4ceff08b-e7d9-4add-81c5-fc057577a9f6",
      "RequestMethod": "GET",
      "RequestHeaders": {
        "Accept": "*/*",
        "Accept-Encoding": "gzip, deflate",
        "Connection": "keep-alive",
        "User-Agent": "azsdk-python-ai-translation-document/1.0.0b6 Python/3.10.0 (Windows-10-10.0.22000-SP0)",
        "x-ms-client-request-id": "bd586723-5de0-11ec-b9b7-6245b51668de"
      },
      "RequestBody": null,
      "StatusCode": 200,
      "ResponseHeaders": {
        "apim-request-id": "276f8290-3055-4273-8624-5bb33da639e8",
        "Cache-Control": "public, max-age=1",
        "Content-Encoding": "gzip",
        "Content-Type": "application/json; charset=utf-8",
        "Date": "Wed, 15 Dec 2021 19:54:02 GMT",
        "ETag": "\u00222971EDDC3F06920AA7DEBD443DD20546DA851CC2312DDF3FA8E1589CC27647E0\u0022",
        "Set-Cookie": [
          "ARRAffinity=f9ffee55d5b846ab210939783079e864f7c0bd5efbd10d36648d3b62bbdfbaac;Path=/;HttpOnly;Secure;Domain=mtbatch.nam.microsofttranslator.com",
          "ARRAffinitySameSite=f9ffee55d5b846ab210939783079e864f7c0bd5efbd10d36648d3b62bbdfbaac;Path=/;HttpOnly;SameSite=None;Secure;Domain=mtbatch.nam.microsofttranslator.com"
        ],
        "Strict-Transport-Security": "max-age=31536000; includeSubDomains; preload",
        "Transfer-Encoding": "chunked",
        "Vary": "Accept-Encoding",
        "X-Content-Type-Options": "nosniff",
        "X-Powered-By": "ASP.NET",
        "X-RequestId": "276f8290-3055-4273-8624-5bb33da639e8"
      },
      "ResponseBody": {
        "id": "4ceff08b-e7d9-4add-81c5-fc057577a9f6",
        "createdDateTimeUtc": "2021-12-15T19:53:57.2904057Z",
        "lastActionDateTimeUtc": "2021-12-15T19:53:58.3149426Z",
        "status": "Running",
        "summary": {
          "total": 2,
          "failed": 1,
          "success": 0,
          "inProgress": 1,
          "notYetStarted": 0,
          "cancelled": 0,
          "totalCharacterCharged": 0
        }
      }
    },
    {
      "RequestUri": "https://fakeendpoint.cognitiveservices.azure.com/translator/text/batch/v1.0/batches/4ceff08b-e7d9-4add-81c5-fc057577a9f6",
      "RequestMethod": "GET",
      "RequestHeaders": {
        "Accept": "*/*",
        "Accept-Encoding": "gzip, deflate",
        "Connection": "keep-alive",
        "User-Agent": "azsdk-python-ai-translation-document/1.0.0b6 Python/3.10.0 (Windows-10-10.0.22000-SP0)",
        "x-ms-client-request-id": "bd586723-5de0-11ec-b9b7-6245b51668de"
      },
      "RequestBody": null,
      "StatusCode": 200,
      "ResponseHeaders": {
        "apim-request-id": "d8b9abc9-c68d-4540-9cc3-82d9fd4c7a88",
        "Cache-Control": "public, max-age=1",
        "Content-Encoding": "gzip",
        "Content-Type": "application/json; charset=utf-8",
        "Date": "Wed, 15 Dec 2021 19:54:03 GMT",
        "ETag": "\u00222971EDDC3F06920AA7DEBD443DD20546DA851CC2312DDF3FA8E1589CC27647E0\u0022",
        "Set-Cookie": [
          "ARRAffinity=d5311be9a7eee70fefb806f1e2337cdd19ccc651d9ba4b6954f0949b8feead5f;Path=/;HttpOnly;Secure;Domain=mtbatch.nam.microsofttranslator.com",
          "ARRAffinitySameSite=d5311be9a7eee70fefb806f1e2337cdd19ccc651d9ba4b6954f0949b8feead5f;Path=/;HttpOnly;SameSite=None;Secure;Domain=mtbatch.nam.microsofttranslator.com"
        ],
        "Strict-Transport-Security": "max-age=31536000; includeSubDomains; preload",
        "Transfer-Encoding": "chunked",
        "Vary": "Accept-Encoding",
        "X-Content-Type-Options": "nosniff",
        "X-Powered-By": "ASP.NET",
        "X-RequestId": "d8b9abc9-c68d-4540-9cc3-82d9fd4c7a88"
      },
      "ResponseBody": {
        "id": "4ceff08b-e7d9-4add-81c5-fc057577a9f6",
        "createdDateTimeUtc": "2021-12-15T19:53:57.2904057Z",
        "lastActionDateTimeUtc": "2021-12-15T19:53:58.3149426Z",
        "status": "Running",
        "summary": {
          "total": 2,
          "failed": 1,
          "success": 0,
          "inProgress": 1,
          "notYetStarted": 0,
          "cancelled": 0,
          "totalCharacterCharged": 0
        }
      }
    },
    {
      "RequestUri": "https://fakeendpoint.cognitiveservices.azure.com/translator/text/batch/v1.0/batches/4ceff08b-e7d9-4add-81c5-fc057577a9f6",
      "RequestMethod": "GET",
      "RequestHeaders": {
        "Accept": "*/*",
        "Accept-Encoding": "gzip, deflate",
        "Connection": "keep-alive",
        "User-Agent": "azsdk-python-ai-translation-document/1.0.0b6 Python/3.10.0 (Windows-10-10.0.22000-SP0)",
        "x-ms-client-request-id": "bd586723-5de0-11ec-b9b7-6245b51668de"
      },
      "RequestBody": null,
      "StatusCode": 200,
      "ResponseHeaders": {
        "apim-request-id": "32961649-d7aa-475f-bac9-642d3754a475",
        "Cache-Control": "public, max-age=1",
        "Content-Encoding": "gzip",
        "Content-Type": "application/json; charset=utf-8",
        "Date": "Wed, 15 Dec 2021 19:54:04 GMT",
        "ETag": "\u00222971EDDC3F06920AA7DEBD443DD20546DA851CC2312DDF3FA8E1589CC27647E0\u0022",
        "Set-Cookie": [
          "ARRAffinity=f9ffee55d5b846ab210939783079e864f7c0bd5efbd10d36648d3b62bbdfbaac;Path=/;HttpOnly;Secure;Domain=mtbatch.nam.microsofttranslator.com",
          "ARRAffinitySameSite=f9ffee55d5b846ab210939783079e864f7c0bd5efbd10d36648d3b62bbdfbaac;Path=/;HttpOnly;SameSite=None;Secure;Domain=mtbatch.nam.microsofttranslator.com"
        ],
        "Strict-Transport-Security": "max-age=31536000; includeSubDomains; preload",
        "Transfer-Encoding": "chunked",
        "Vary": "Accept-Encoding",
        "X-Content-Type-Options": "nosniff",
        "X-Powered-By": "ASP.NET",
        "X-RequestId": "32961649-d7aa-475f-bac9-642d3754a475"
      },
      "ResponseBody": {
        "id": "4ceff08b-e7d9-4add-81c5-fc057577a9f6",
        "createdDateTimeUtc": "2021-12-15T19:53:57.2904057Z",
        "lastActionDateTimeUtc": "2021-12-15T19:53:58.3149426Z",
        "status": "Running",
        "summary": {
          "total": 2,
          "failed": 1,
          "success": 0,
          "inProgress": 1,
          "notYetStarted": 0,
          "cancelled": 0,
          "totalCharacterCharged": 0
        }
      }
    },
    {
      "RequestUri": "https://fakeendpoint.cognitiveservices.azure.com/translator/text/batch/v1.0/batches/4ceff08b-e7d9-4add-81c5-fc057577a9f6",
      "RequestMethod": "GET",
      "RequestHeaders": {
        "Accept": "*/*",
        "Accept-Encoding": "gzip, deflate",
        "Connection": "keep-alive",
        "User-Agent": "azsdk-python-ai-translation-document/1.0.0b6 Python/3.10.0 (Windows-10-10.0.22000-SP0)",
        "x-ms-client-request-id": "bd586723-5de0-11ec-b9b7-6245b51668de"
      },
      "RequestBody": null,
      "StatusCode": 200,
      "ResponseHeaders": {
        "apim-request-id": "0fb047f0-0342-4468-aad8-d2fef736fc8c",
        "Cache-Control": "public, max-age=1",
        "Content-Encoding": "gzip",
        "Content-Type": "application/json; charset=utf-8",
        "Date": "Wed, 15 Dec 2021 19:54:05 GMT",
        "ETag": "\u00222971EDDC3F06920AA7DEBD443DD20546DA851CC2312DDF3FA8E1589CC27647E0\u0022",
        "Set-Cookie": [
          "ARRAffinity=d5311be9a7eee70fefb806f1e2337cdd19ccc651d9ba4b6954f0949b8feead5f;Path=/;HttpOnly;Secure;Domain=mtbatch.nam.microsofttranslator.com",
          "ARRAffinitySameSite=d5311be9a7eee70fefb806f1e2337cdd19ccc651d9ba4b6954f0949b8feead5f;Path=/;HttpOnly;SameSite=None;Secure;Domain=mtbatch.nam.microsofttranslator.com"
        ],
        "Strict-Transport-Security": "max-age=31536000; includeSubDomains; preload",
        "Transfer-Encoding": "chunked",
        "Vary": "Accept-Encoding",
        "X-Content-Type-Options": "nosniff",
        "X-Powered-By": "ASP.NET",
        "X-RequestId": "0fb047f0-0342-4468-aad8-d2fef736fc8c"
      },
      "ResponseBody": {
        "id": "4ceff08b-e7d9-4add-81c5-fc057577a9f6",
        "createdDateTimeUtc": "2021-12-15T19:53:57.2904057Z",
        "lastActionDateTimeUtc": "2021-12-15T19:53:58.3149426Z",
        "status": "Running",
        "summary": {
          "total": 2,
          "failed": 1,
          "success": 0,
          "inProgress": 1,
          "notYetStarted": 0,
          "cancelled": 0,
          "totalCharacterCharged": 0
        }
      }
    },
    {
      "RequestUri": "https://fakeendpoint.cognitiveservices.azure.com/translator/text/batch/v1.0/batches/4ceff08b-e7d9-4add-81c5-fc057577a9f6",
      "RequestMethod": "GET",
      "RequestHeaders": {
        "Accept": "*/*",
        "Accept-Encoding": "gzip, deflate",
        "Connection": "keep-alive",
        "User-Agent": "azsdk-python-ai-translation-document/1.0.0b6 Python/3.10.0 (Windows-10-10.0.22000-SP0)",
        "x-ms-client-request-id": "bd586723-5de0-11ec-b9b7-6245b51668de"
      },
      "RequestBody": null,
      "StatusCode": 200,
      "ResponseHeaders": {
        "apim-request-id": "9b7d6b36-c108-4d79-b229-5a079f78521c",
        "Cache-Control": "public, max-age=1",
        "Content-Encoding": "gzip",
        "Content-Type": "application/json; charset=utf-8",
        "Date": "Wed, 15 Dec 2021 19:54:06 GMT",
        "ETag": "\u00229AB2ACF70EFBEFE79C4C3554BA91465AD90E7743DFBFC667D541D4CC6A2FA7AE\u0022",
        "Set-Cookie": [
          "ARRAffinity=f9ffee55d5b846ab210939783079e864f7c0bd5efbd10d36648d3b62bbdfbaac;Path=/;HttpOnly;Secure;Domain=mtbatch.nam.microsofttranslator.com",
          "ARRAffinitySameSite=f9ffee55d5b846ab210939783079e864f7c0bd5efbd10d36648d3b62bbdfbaac;Path=/;HttpOnly;SameSite=None;Secure;Domain=mtbatch.nam.microsofttranslator.com"
        ],
        "Strict-Transport-Security": "max-age=31536000; includeSubDomains; preload",
        "Transfer-Encoding": "chunked",
        "Vary": "Accept-Encoding",
        "X-Content-Type-Options": "nosniff",
        "X-Powered-By": "ASP.NET",
        "X-RequestId": "9b7d6b36-c108-4d79-b229-5a079f78521c"
      },
      "ResponseBody": {
        "id": "4ceff08b-e7d9-4add-81c5-fc057577a9f6",
        "createdDateTimeUtc": "2021-12-15T19:53:57.2904057Z",
        "lastActionDateTimeUtc": "2021-12-15T19:54:06.8087207Z",
        "status": "Succeeded",
        "summary": {
          "total": 2,
          "failed": 1,
          "success": 1,
          "inProgress": 0,
          "notYetStarted": 0,
          "cancelled": 0,
          "totalCharacterCharged": 27
        }
      }
    },
    {
      "RequestUri": "https://fakeendpoint.cognitiveservices.azure.com/translator/text/batch/v1.0/batches/4ceff08b-e7d9-4add-81c5-fc057577a9f6/documents?$skip=0",
      "RequestMethod": "GET",
      "RequestHeaders": {
        "Accept": "application/json",
        "Accept-Encoding": "gzip, deflate",
        "Connection": "keep-alive",
        "User-Agent": "azsdk-python-ai-translation-document/1.0.0b6 Python/3.10.0 (Windows-10-10.0.22000-SP0)",
        "x-ms-client-request-id": "c320d42f-5de0-11ec-8714-6245b51668de"
      },
      "RequestBody": null,
      "StatusCode": 200,
      "ResponseHeaders": {
        "apim-request-id": "db8b3707-c45f-4678-91f2-a33518de5694",
        "Cache-Control": "public, max-age=1",
        "Content-Encoding": "gzip",
        "Content-Type": "application/json; charset=utf-8",
        "Date": "Wed, 15 Dec 2021 19:54:06 GMT",
        "ETag": "\u00227FF84DF459869BF2BEFF17C0615EC6222103CBDC067F0295B358029D8D0EEF77\u0022",
        "Set-Cookie": [
          "ARRAffinity=d5311be9a7eee70fefb806f1e2337cdd19ccc651d9ba4b6954f0949b8feead5f;Path=/;HttpOnly;Secure;Domain=mtbatch.nam.microsofttranslator.com",
          "ARRAffinitySameSite=d5311be9a7eee70fefb806f1e2337cdd19ccc651d9ba4b6954f0949b8feead5f;Path=/;HttpOnly;SameSite=None;Secure;Domain=mtbatch.nam.microsofttranslator.com"
        ],
        "Strict-Transport-Security": "max-age=31536000; includeSubDomains; preload",
        "Transfer-Encoding": "chunked",
        "Vary": "Accept-Encoding",
        "X-Content-Type-Options": "nosniff",
        "X-Powered-By": "ASP.NET",
        "X-RequestId": "db8b3707-c45f-4678-91f2-a33518de5694"
      },
      "ResponseBody": {
        "value": [
          {
            "path": "https://fakeendpoint.blob.core.windows.net/target481043d6-bf80-4578-b66c-1e5342a9c8e7/0f1dfe84-e9b1-4d61-9c28-98495047b143.txt",
            "sourcePath": "https://fakeendpoint.blob.core.windows.net/src9f8dd278-e8e0-4a4a-ac31-2e1ac0a174d8/0f1dfe84-e9b1-4d61-9c28-98495047b143.txt",
            "createdDateTimeUtc": "2021-12-15T19:53:57.9448298Z",
            "lastActionDateTimeUtc": "2021-12-15T19:54:06.808714Z",
            "status": "Succeeded",
            "to": "es",
            "progress": 1,
            "id": "0019b965-0000-0000-0000-000000000000",
            "characterCharged": 27
          },
          {
            "sourcePath": "https://fakeendpoint.blob.core.windows.net/src9f8dd278-e8e0-4a4a-ac31-2e1ac0a174d8/document.txt",
            "lastActionDateTimeUtc": "2021-12-15T19:53:57.4612026Z",
            "status": "Failed",
            "to": "es",
            "error": {
              "code": "InvalidRequest",
              "message": "Target document file already exists.",
              "target": "Document",
              "innerError": {
                "code": "TargetFileAlreadyExists",
                "message": "Target document file already exists."
              }
            },
            "progress": 0,
            "id": "0019b966-0000-0000-0000-000000000000",
            "characterCharged": 0
          }
        ]
      }
    }
  ],
  "Variables": {
    "source_container_name": "src9f8dd278-e8e0-4a4a-ac31-2e1ac0a174d8",
    "target_container_name": "target481043d6-bf80-4578-b66c-1e5342a9c8e7"
  }
}
