{
  "Entries": [
    {
      "RequestUri": "https://fakeendpoint.cognitiveservices.azure.com/translator/text/batch/v1.0/batches",
      "RequestMethod": "POST",
      "RequestHeaders": {
        "Accept": "application/json",
        "Accept-Encoding": "gzip, deflate",
        "Content-Length": "748",
        "Content-Type": "application/json",
        "User-Agent": "azsdk-python-ai-translation-document/1.0.0b6 Python/3.10.0 (Windows-10-10.0.22000-SP0)",
        "x-ms-client-request-id": "05580738-7e33-11ec-991e-b831b58100e8"
      },
      "RequestBody": {
        "inputs": [
          {
            "source": {
              "sourceUrl": "https://fakeendpoint.blob.core.windows.net/src03bb045d-9460-432b-a0d1-ada16193d193?se=end\u0026sp=rl\u0026sv=2021-02-12\u0026sr=c\u0026sig=fake_token_value",
              "filter": {}
            },
            "targets": [
              {
                "targetUrl": "https://fakeendpoint.blob.core.windows.net/target0e8e3910-5c50-4493-be2a-564ab7e26dc0?se=end\u0026sp=wl\u0026sv=2021-02-12\u0026sr=c\u0026sig=fake_token_value",
                "language": "es"
              }
            ]
          },
          {
            "source": {
              "sourceUrl": "https://fakeendpoint.blob.core.windows.net/src1c2b96d9-34df-41b5-bbfa-1080181555de?se=end\u0026sp=rl\u0026sv=2021-02-12\u0026sr=c\u0026sig=fake_token_value",
              "filter": {}
            },
            "targets": [
              {
                "targetUrl": "https://fakeendpoint.blob.core.windows.net/target0e8e3910-5c50-4493-be2a-564ab7e26dc0?se=end\u0026sp=wl\u0026sv=2021-02-12\u0026sr=c\u0026sig=fake_token_value",
                "language": "fr"
              }
            ]
          }
        ]
      },
      "StatusCode": 202,
      "ResponseHeaders": {
        "apim-request-id": "ebb03b09-fa7e-4f58-b71c-92a9929f7fc6",
        "Content-Length": "0",
        "Date": "Tue, 25 Jan 2022 23:03:33 GMT",
        "Operation-Location": "https://fakeendpoint.cognitiveservices.azure.com/translator/text/batch/v1.0/batches/9a8cda3c-7c59-4a4e-a0a9-2e44813218fd",
        "Set-Cookie": [
          "ARRAffinity=b43e80ef1fbcb9f9d446cbc61b366e02dafefc2a9addab525b1fc3eda44b27b2;Path=/;HttpOnly;Secure;Domain=mtbatch.nam.microsofttranslator.com",
          "ARRAffinitySameSite=b43e80ef1fbcb9f9d446cbc61b366e02dafefc2a9addab525b1fc3eda44b27b2;Path=/;HttpOnly;SameSite=None;Secure;Domain=mtbatch.nam.microsofttranslator.com"
        ],
        "Strict-Transport-Security": "max-age=31536000; includeSubDomains; preload",
        "X-Content-Type-Options": "nosniff",
        "X-Powered-By": "ASP.NET",
        "X-RequestId": "ebb03b09-fa7e-4f58-b71c-92a9929f7fc6"
      },
      "ResponseBody": null
    },
    {
      "RequestUri": "https://fakeendpoint.cognitiveservices.azure.com/translator/text/batch/v1.0/batches/9a8cda3c-7c59-4a4e-a0a9-2e44813218fd",
      "RequestMethod": "GET",
      "RequestHeaders": {
        "Accept": "*/*",
        "Accept-Encoding": "gzip, deflate",
        "User-Agent": "azsdk-python-ai-translation-document/1.0.0b6 Python/3.10.0 (Windows-10-10.0.22000-SP0)",
        "x-ms-client-request-id": "05580738-7e33-11ec-991e-b831b58100e8"
      },
      "RequestBody": null,
      "StatusCode": 200,
      "ResponseHeaders": {
        "apim-request-id": "d43d5713-f478-41b8-a2fb-37b9c5d41468",
        "Cache-Control": "public, max-age=1",
        "Content-Encoding": "gzip",
        "Content-Type": "application/json; charset=utf-8",
        "Date": "Tue, 25 Jan 2022 23:03:34 GMT",
        "ETag": "\u00227DFBF7F04DFB53BF5BB572998A058F16306EDE61333B8DA72E501DAAA37E1123\u0022",
        "Set-Cookie": [
          "ARRAffinity=748a2cefe0e94b92294828d7237123826b9552ab7a870cd971e8858b6fa6e96a;Path=/;HttpOnly;Secure;Domain=mtbatch.nam.microsofttranslator.com",
          "ARRAffinitySameSite=748a2cefe0e94b92294828d7237123826b9552ab7a870cd971e8858b6fa6e96a;Path=/;HttpOnly;SameSite=None;Secure;Domain=mtbatch.nam.microsofttranslator.com"
        ],
        "Strict-Transport-Security": "max-age=31536000; includeSubDomains; preload",
        "Transfer-Encoding": "chunked",
        "Vary": "Accept-Encoding",
        "X-Content-Type-Options": "nosniff",
        "X-Powered-By": "ASP.NET",
        "X-RequestId": "d43d5713-f478-41b8-a2fb-37b9c5d41468"
      },
      "ResponseBody": {
        "id": "9a8cda3c-7c59-4a4e-a0a9-2e44813218fd",
        "createdDateTimeUtc": "2022-01-25T23:03:34.0035144Z",
        "lastActionDateTimeUtc": "2022-01-25T23:03:34.5195995Z",
        "status": "Running",
        "summary": {
          "total": 2,
          "failed": 0,
          "success": 0,
          "inProgress": 2,
          "notYetStarted": 0,
          "cancelled": 0,
          "totalCharacterCharged": 0
        }
      }
    },
    {
      "RequestUri": "https://fakeendpoint.cognitiveservices.azure.com/translator/text/batch/v1.0/batches/9a8cda3c-7c59-4a4e-a0a9-2e44813218fd",
      "RequestMethod": "GET",
      "RequestHeaders": {
        "Accept": "*/*",
        "Accept-Encoding": "gzip, deflate",
        "User-Agent": "azsdk-python-ai-translation-document/1.0.0b6 Python/3.10.0 (Windows-10-10.0.22000-SP0)",
        "x-ms-client-request-id": "05580738-7e33-11ec-991e-b831b58100e8"
      },
      "RequestBody": null,
      "StatusCode": 200,
      "ResponseHeaders": {
        "apim-request-id": "2725f6c6-5360-49be-ad16-f6688f213b2a",
        "Cache-Control": "public, max-age=1",
        "Content-Encoding": "gzip",
        "Content-Type": "application/json; charset=utf-8",
        "Date": "Tue, 25 Jan 2022 23:03:35 GMT",
        "ETag": "\u0022EF7283E5CF30ED794608023D7B4963770BA7D42A1F38AE3B056B46EBB3CF7C9C\u0022",
        "Set-Cookie": [
          "ARRAffinity=748a2cefe0e94b92294828d7237123826b9552ab7a870cd971e8858b6fa6e96a;Path=/;HttpOnly;Secure;Domain=mtbatch.nam.microsofttranslator.com",
          "ARRAffinitySameSite=748a2cefe0e94b92294828d7237123826b9552ab7a870cd971e8858b6fa6e96a;Path=/;HttpOnly;SameSite=None;Secure;Domain=mtbatch.nam.microsofttranslator.com"
        ],
        "Strict-Transport-Security": "max-age=31536000; includeSubDomains; preload",
        "Transfer-Encoding": "chunked",
        "Vary": "Accept-Encoding",
        "X-Content-Type-Options": "nosniff",
        "X-Powered-By": "ASP.NET",
        "X-RequestId": "2725f6c6-5360-49be-ad16-f6688f213b2a"
      },
      "ResponseBody": {
        "id": "9a8cda3c-7c59-4a4e-a0a9-2e44813218fd",
        "createdDateTimeUtc": "2022-01-25T23:03:34.0035144Z",
        "lastActionDateTimeUtc": "2022-01-25T23:03:35.9462163Z",
        "status": "Succeeded",
        "summary": {
          "total": 2,
          "failed": 0,
          "success": 2,
          "inProgress": 0,
          "notYetStarted": 0,
          "cancelled": 0,
          "totalCharacterCharged": 35
        }
      }
    },
    {
      "RequestUri": "https://fakeendpoint.cognitiveservices.azure.com/translator/text/batch/v1.0/batches/9a8cda3c-7c59-4a4e-a0a9-2e44813218fd/documents?$skip=0",
      "RequestMethod": "GET",
      "RequestHeaders": {
        "Accept": "application/json",
        "Accept-Encoding": "gzip, deflate",
        "User-Agent": "azsdk-python-ai-translation-document/1.0.0b6 Python/3.10.0 (Windows-10-10.0.22000-SP0)",
        "x-ms-client-request-id": "06c28e57-7e33-11ec-a144-b831b58100e8"
      },
      "RequestBody": null,
      "StatusCode": 200,
      "ResponseHeaders": {
        "apim-request-id": "ddfa95c0-5d1c-4795-81b0-d14c0299c3ed",
        "Cache-Control": "public, max-age=1",
        "Content-Encoding": "gzip",
        "Content-Type": "application/json; charset=utf-8",
        "Date": "Tue, 25 Jan 2022 23:03:35 GMT",
        "ETag": "\u0022F59710C96FA708E761924B123D83C23DC2598925B173B34AD64F07F6B8774CFD\u0022",
        "Set-Cookie": [
          "ARRAffinity=b43e80ef1fbcb9f9d446cbc61b366e02dafefc2a9addab525b1fc3eda44b27b2;Path=/;HttpOnly;Secure;Domain=mtbatch.nam.microsofttranslator.com",
          "ARRAffinitySameSite=b43e80ef1fbcb9f9d446cbc61b366e02dafefc2a9addab525b1fc3eda44b27b2;Path=/;HttpOnly;SameSite=None;Secure;Domain=mtbatch.nam.microsofttranslator.com"
        ],
        "Strict-Transport-Security": "max-age=31536000; includeSubDomains; preload",
        "Transfer-Encoding": "chunked",
        "Vary": "Accept-Encoding",
        "X-Content-Type-Options": "nosniff",
        "X-Powered-By": "ASP.NET",
        "X-RequestId": "ddfa95c0-5d1c-4795-81b0-d14c0299c3ed"
      },
      "ResponseBody": {
        "value": [
          {
            "path": "https://fakeendpoint.blob.core.windows.net/target0e8e3910-5c50-4493-be2a-564ab7e26dc0/a2bbcfb4-3196-4a5a-86ed-d64474f1f12c.txt",
            "sourcePath": "https://fakeendpoint.blob.core.windows.net/src03bb045d-9460-432b-a0d1-ada16193d193/a2bbcfb4-3196-4a5a-86ed-d64474f1f12c.txt",
            "createdDateTimeUtc": "2022-01-25T23:03:34.2510364Z",
            "lastActionDateTimeUtc": "2022-01-25T23:03:35.920908Z",
            "status": "Succeeded",
            "to": "es",
            "progress": 1,
            "id": "001f13d0-0000-0000-0000-000000000000",
            "characterCharged": 17
          },
          {
            "path": "https://fakeendpoint.blob.core.windows.net/target0e8e3910-5c50-4493-be2a-564ab7e26dc0/2a422aad-accd-4893-8449-5f0a0b346cdd.txt",
            "sourcePath": "https://fakeendpoint.blob.core.windows.net/src1c2b96d9-34df-41b5-bbfa-1080181555de/2a422aad-accd-4893-8449-5f0a0b346cdd.txt",
            "createdDateTimeUtc": "2022-01-25T23:03:34.2356037Z",
            "lastActionDateTimeUtc": "2022-01-25T23:03:35.946208Z",
            "status": "Succeeded",
            "to": "fr",
            "progress": 1,
            "id": "001f13d1-0000-0000-0000-000000000000",
            "characterCharged": 18
          }
        ]
      }
    }
  ],
  "Variables": {
    "source_container_name": "src03bb045d-9460-432b-a0d1-ada16193d193",
    "source_container_name2": "src1c2b96d9-34df-41b5-bbfa-1080181555de",
    "target_container_name": "target0e8e3910-5c50-4493-be2a-564ab7e26dc0"
  }
}
