interactions:
- request:
    body: null
    headers:
      Accept:
      - application/xml
      Accept-Encoding:
      - gzip, deflate
      Connection:
      - keep-alive
      Content-Length:
      - '0'
      User-Agent:
      - azsdk-python-storage-blob/12.9.0b1 Python/3.9.0 (Windows-10-10.0.19041-SP0)
      x-ms-date:
      - Fri, 21 May 2021 16:57:22 GMT
      x-ms-version:
      - '2020-08-04'
    method: PUT
    uri: https://redacted.blob.core.windows.net/src8130675b-43c6-464c-ae54-521d3907f9e9?restype=container
  response:
    body:
      string: ''
    headers:
      content-length:
      - '0'
      date:
      - Fri, 21 May 2021 16:57:21 GMT
      etag:
      - '"0x8D91C798080401A"'
      last-modified:
      - Fri, 21 May 2021 16:57:22 GMT
      server:
      - Windows-Azure-Blob/1.0 Microsoft-HTTPAPI/2.0
      x-ms-version:
      - '2020-08-04'
    status:
      code: 201
      message: Created
- request:
    body: This is written in english.
    headers:
      Accept:
      - application/xml
      Accept-Encoding:
      - gzip, deflate
      Connection:
      - keep-alive
      Content-Length:
      - '27'
      Content-Type:
      - application/octet-stream
      If-None-Match:
      - '*'
      User-Agent:
      - azsdk-python-storage-blob/12.9.0b1 Python/3.9.0 (Windows-10-10.0.19041-SP0)
      x-ms-blob-type:
      - BlockBlob
      x-ms-date:
      - Fri, 21 May 2021 16:57:22 GMT
      x-ms-version:
      - '2020-08-04'
    method: PUT
    uri: https://redacted.blob.core.windows.net/src8130675b-43c6-464c-ae54-521d3907f9e9/b85c262d-7301-40d4-97f1-777218d606c7.txt
  response:
    body:
      string: ''
    headers:
      content-length:
      - '0'
      content-md5:
      - mYgA0QpY6baiB+xZp8Hk+A==
      date:
      - Fri, 21 May 2021 16:57:21 GMT
      etag:
      - '"0x8D91C79808A4295"'
      last-modified:
      - Fri, 21 May 2021 16:57:22 GMT
      server:
      - Windows-Azure-Blob/1.0 Microsoft-HTTPAPI/2.0
      x-ms-content-crc64:
      - NB4xBtawP6g=
      x-ms-request-server-encrypted:
      - 'true'
      x-ms-version:
      - '2020-08-04'
    status:
      code: 201
      message: Created
- request:
    body: This is written in english.
    headers:
      Accept:
      - application/xml
      Accept-Encoding:
      - gzip, deflate
      Connection:
      - keep-alive
      Content-Length:
      - '27'
      Content-Type:
      - application/octet-stream
      If-None-Match:
      - '*'
      User-Agent:
      - azsdk-python-storage-blob/12.9.0b1 Python/3.9.0 (Windows-10-10.0.19041-SP0)
      x-ms-blob-type:
      - BlockBlob
      x-ms-date:
      - Fri, 21 May 2021 16:57:22 GMT
      x-ms-version:
      - '2020-08-04'
    method: PUT
    uri: https://redacted.blob.core.windows.net/src8130675b-43c6-464c-ae54-521d3907f9e9/99b665b2-f61c-4faa-ab24-a8ae4033d764.txt
  response:
    body:
      string: ''
    headers:
      content-length:
      - '0'
      content-md5:
      - mYgA0QpY6baiB+xZp8Hk+A==
      date:
      - Fri, 21 May 2021 16:57:21 GMT
      etag:
      - '"0x8D91C798092A896"'
      last-modified:
      - Fri, 21 May 2021 16:57:22 GMT
      server:
      - Windows-Azure-Blob/1.0 Microsoft-HTTPAPI/2.0
      x-ms-content-crc64:
      - NB4xBtawP6g=
      x-ms-request-server-encrypted:
      - 'true'
      x-ms-version:
      - '2020-08-04'
    status:
      code: 201
      message: Created
- request:
    body: null
    headers:
      Accept:
      - application/xml
      Accept-Encoding:
      - gzip, deflate
      Connection:
      - keep-alive
      Content-Length:
      - '0'
      User-Agent:
      - azsdk-python-storage-blob/12.9.0b1 Python/3.9.0 (Windows-10-10.0.19041-SP0)
      x-ms-date:
      - Fri, 21 May 2021 16:57:22 GMT
      x-ms-version:
      - '2020-08-04'
    method: PUT
    uri: https://redacted.blob.core.windows.net/targetc5c1ef6e-3894-4215-8788-3f2d550ac1ba?restype=container
  response:
    body:
      string: ''
    headers:
      content-length:
      - '0'
      date:
      - Fri, 21 May 2021 16:57:22 GMT
      etag:
      - '"0x8D91C7980B1109E"'
      last-modified:
      - Fri, 21 May 2021 16:57:22 GMT
      server:
      - Windows-Azure-Blob/1.0 Microsoft-HTTPAPI/2.0
      x-ms-version:
      - '2020-08-04'
    status:
      code: 201
      message: Created
- request:
    body: '{"inputs": [{"source": {"sourceUrl": "https://redacted.blob.core.windows.net/src8130675b-43c6-464c-ae54-521d3907f9e9?se=end&sp=rl&sv=2020-08-04&sr=c&sig=fake_token_value",
      "filter": {}}, "targets": [{"targetUrl": "https://redacted.blob.core.windows.net/targetc5c1ef6e-3894-4215-8788-3f2d550ac1ba?se=end&sp=rw&sv=2020-08-04&sr=c&sig=fake_token_value",
      "language": "es"}]}]}'
    headers:
      Accept:
      - application/json
      Accept-Encoding:
      - gzip, deflate
      Connection:
      - keep-alive
      Content-Length:
      - '484'
      Content-Type:
      - application/json
      User-Agent:
      - azsdk-python-ai-translation-document/1.0.0b2 Python/3.9.0 (Windows-10-10.0.19041-SP0)
    method: POST
    uri: https://redacted.cognitiveservices.azure.com/translator/text/batch/v1.0/batches
  response:
    body:
      string: ''
    headers:
      apim-request-id:
      - 1347f08c-b7f0-40dc-bd83-0369f22a91c8
      content-length:
      - '0'
      date:
      - Fri, 21 May 2021 16:57:22 GMT
      operation-location:
      - https://redacted.cognitiveservices.azure.com/translatortext/batch/v1.0/batches/d218438b-9224-4075-a97a-6bf3dda81d48
      set-cookie:
      - ARRAffinity=0ff46fa6d58b00f2d44b7073721903c0eace480139d8ecfc38f61130af5e1587;Path=/;HttpOnly;Secure;Domain=mtbatch.nam.microsofttranslator.com
      - ARRAffinitySameSite=0ff46fa6d58b00f2d44b7073721903c0eace480139d8ecfc38f61130af5e1587;Path=/;HttpOnly;SameSite=None;Secure;Domain=mtbatch.nam.microsofttranslator.com
      strict-transport-security:
      - max-age=31536000; includeSubDomains; preload
      x-content-type-options:
      - nosniff
      x-powered-by:
      - ASP.NET
      x-requestid:
      - 1347f08c-b7f0-40dc-bd83-0369f22a91c8
    status:
      code: 202
      message: Accepted
- request:
    body: null
    headers:
      Accept:
      - application/json
      Accept-Encoding:
      - gzip, deflate
      Connection:
      - keep-alive
      User-Agent:
      - azsdk-python-ai-translation-document/1.0.0b2 Python/3.9.0 (Windows-10-10.0.19041-SP0)
    method: GET
    uri: https://redacted.cognitiveservices.azure.com/translator/text/batch/v1.0/batches/d218438b-9224-4075-a97a-6bf3dda81d48
  response:
    body:
      string: '{"id":"d218438b-9224-4075-a97a-6bf3dda81d48","createdDateTimeUtc":"2021-05-21T16:57:22.8142371Z","lastActionDateTimeUtc":"2021-05-21T16:57:22.8142434Z","status":"NotStarted","summary":{"total":0,"failed":0,"success":0,"inProgress":0,"notYetStarted":0,"cancelled":0,"totalCharacterCharged":0}}'
    headers:
      apim-request-id:
      - eba56c99-2406-4b44-9b05-903dfac0ed69
      cache-control:
      - public,max-age=1
      content-length:
      - '292'
      content-type:
      - application/json; charset=utf-8
      date:
      - Fri, 21 May 2021 16:57:22 GMT
      etag:
      - '"4BA1AECD96AA5F17416D364249E2367400EC0B4D47427461653A911B021788E1"'
      set-cookie:
      - ARRAffinity=20358cd7aa5d6b0695f01ef171fc9a95880154357830e1c6bb513b73834a2e5f;Path=/;HttpOnly;Secure;Domain=mtbatch.nam.microsofttranslator.com
      - ARRAffinitySameSite=20358cd7aa5d6b0695f01ef171fc9a95880154357830e1c6bb513b73834a2e5f;Path=/;HttpOnly;SameSite=None;Secure;Domain=mtbatch.nam.microsofttranslator.com
      strict-transport-security:
      - max-age=31536000; includeSubDomains; preload
      transfer-encoding:
      - chunked
      vary:
      - Accept-Encoding
      x-content-type-options:
      - nosniff
      x-powered-by:
      - ASP.NET
      x-requestid:
      - eba56c99-2406-4b44-9b05-903dfac0ed69
    status:
      code: 200
      message: OK
- request:
    body: null
    headers:
      Accept:
      - application/xml
      Accept-Encoding:
      - gzip, deflate
      Connection:
      - keep-alive
      Content-Length:
      - '0'
      User-Agent:
      - azsdk-python-storage-blob/12.9.0b1 Python/3.9.0 (Windows-10-10.0.19041-SP0)
      x-ms-date:
      - Fri, 21 May 2021 16:57:22 GMT
      x-ms-version:
      - '2020-08-04'
    method: PUT
    uri: https://redacted.blob.core.windows.net/src16e281c2-1f96-4b51-83bb-b64f0f88bdee?restype=container
  response:
    body:
      string: ''
    headers:
      content-length:
      - '0'
      date:
      - Fri, 21 May 2021 16:57:22 GMT
      etag:
      - '"0x8D91C7981064339"'
      last-modified:
      - Fri, 21 May 2021 16:57:23 GMT
      server:
      - Windows-Azure-Blob/1.0 Microsoft-HTTPAPI/2.0
      x-ms-version:
      - '2020-08-04'
    status:
      code: 201
      message: Created
- request:
    body: This is written in english.
    headers:
      Accept:
      - application/xml
      Accept-Encoding:
      - gzip, deflate
      Connection:
      - keep-alive
      Content-Length:
      - '27'
      Content-Type:
      - application/octet-stream
      If-None-Match:
      - '*'
      User-Agent:
      - azsdk-python-storage-blob/12.9.0b1 Python/3.9.0 (Windows-10-10.0.19041-SP0)
      x-ms-blob-type:
      - BlockBlob
      x-ms-date:
      - Fri, 21 May 2021 16:57:23 GMT
      x-ms-version:
      - '2020-08-04'
    method: PUT
    uri: https://redacted.blob.core.windows.net/src16e281c2-1f96-4b51-83bb-b64f0f88bdee/18dd4560-8e58-4da6-b562-1e3ffac33bda.txt
  response:
    body:
      string: ''
    headers:
      content-length:
      - '0'
      content-md5:
      - mYgA0QpY6baiB+xZp8Hk+A==
      date:
      - Fri, 21 May 2021 16:57:23 GMT
      etag:
      - '"0x8D91C7981113E73"'
      last-modified:
      - Fri, 21 May 2021 16:57:23 GMT
      server:
      - Windows-Azure-Blob/1.0 Microsoft-HTTPAPI/2.0
      x-ms-content-crc64:
      - NB4xBtawP6g=
      x-ms-request-server-encrypted:
      - 'true'
      x-ms-version:
      - '2020-08-04'
    status:
      code: 201
      message: Created
- request:
    body: This is written in english.
    headers:
      Accept:
      - application/xml
      Accept-Encoding:
      - gzip, deflate
      Connection:
      - keep-alive
      Content-Length:
      - '27'
      Content-Type:
      - application/octet-stream
      If-None-Match:
      - '*'
      User-Agent:
      - azsdk-python-storage-blob/12.9.0b1 Python/3.9.0 (Windows-10-10.0.19041-SP0)
      x-ms-blob-type:
      - BlockBlob
      x-ms-date:
      - Fri, 21 May 2021 16:57:23 GMT
      x-ms-version:
      - '2020-08-04'
    method: PUT
    uri: https://redacted.blob.core.windows.net/src16e281c2-1f96-4b51-83bb-b64f0f88bdee/574c90c4-1060-46d4-834b-ee90493e4b48.txt
  response:
    body:
      string: ''
    headers:
      content-length:
      - '0'
      content-md5:
      - mYgA0QpY6baiB+xZp8Hk+A==
      date:
      - Fri, 21 May 2021 16:57:23 GMT
      etag:
      - '"0x8D91C7981192F1C"'
      last-modified:
      - Fri, 21 May 2021 16:57:23 GMT
      server:
      - Windows-Azure-Blob/1.0 Microsoft-HTTPAPI/2.0
      x-ms-content-crc64:
      - NB4xBtawP6g=
      x-ms-request-server-encrypted:
      - 'true'
      x-ms-version:
      - '2020-08-04'
    status:
      code: 201
      message: Created
- request:
    body: null
    headers:
      Accept:
      - application/xml
      Accept-Encoding:
      - gzip, deflate
      Connection:
      - keep-alive
      Content-Length:
      - '0'
      User-Agent:
      - azsdk-python-storage-blob/12.9.0b1 Python/3.9.0 (Windows-10-10.0.19041-SP0)
      x-ms-date:
      - Fri, 21 May 2021 16:57:23 GMT
      x-ms-version:
      - '2020-08-04'
    method: PUT
    uri: https://redacted.blob.core.windows.net/target46852e99-643e-4586-9007-c5ad140caf0f?restype=container
  response:
    body:
      string: ''
    headers:
      content-length:
      - '0'
      date:
      - Fri, 21 May 2021 16:57:22 GMT
      etag:
      - '"0x8D91C798133C0E8"'
      last-modified:
      - Fri, 21 May 2021 16:57:23 GMT
      server:
      - Windows-Azure-Blob/1.0 Microsoft-HTTPAPI/2.0
      x-ms-version:
      - '2020-08-04'
    status:
      code: 201
      message: Created
- request:
    body: '{"inputs": [{"source": {"sourceUrl": "https://redacted.blob.core.windows.net/src16e281c2-1f96-4b51-83bb-b64f0f88bdee?se=end&sp=rl&sv=2020-08-04&sr=c&sig=fake_token_value",
      "filter": {}}, "targets": [{"targetUrl": "https://redacted.blob.core.windows.net/target46852e99-643e-4586-9007-c5ad140caf0f?se=end&sp=rw&sv=2020-08-04&sr=c&sig=fake_token_value",
      "language": "es"}]}]}'
    headers:
      Accept:
      - application/json
      Accept-Encoding:
      - gzip, deflate
      Connection:
      - keep-alive
      Content-Length:
      - '482'
      Content-Type:
      - application/json
      User-Agent:
      - azsdk-python-ai-translation-document/1.0.0b2 Python/3.9.0 (Windows-10-10.0.19041-SP0)
    method: POST
    uri: https://redacted.cognitiveservices.azure.com/translator/text/batch/v1.0/batches
  response:
    body:
      string: ''
    headers:
      apim-request-id:
      - 9f039e18-2ed6-4879-893b-c513a28cdebd
      content-length:
      - '0'
      date:
      - Fri, 21 May 2021 16:57:22 GMT
      operation-location:
      - https://redacted.cognitiveservices.azure.com/translatortext/batch/v1.0/batches/6bc8e64a-b49f-4c65-b4c1-43dc6a9f80da
      set-cookie:
      - ARRAffinity=0ff46fa6d58b00f2d44b7073721903c0eace480139d8ecfc38f61130af5e1587;Path=/;HttpOnly;Secure;Domain=mtbatch.nam.microsofttranslator.com
      - ARRAffinitySameSite=0ff46fa6d58b00f2d44b7073721903c0eace480139d8ecfc38f61130af5e1587;Path=/;HttpOnly;SameSite=None;Secure;Domain=mtbatch.nam.microsofttranslator.com
      strict-transport-security:
      - max-age=31536000; includeSubDomains; preload
      x-content-type-options:
      - nosniff
      x-powered-by:
      - ASP.NET
      x-requestid:
      - 9f039e18-2ed6-4879-893b-c513a28cdebd
    status:
      code: 202
      message: Accepted
- request:
    body: null
    headers:
      Accept:
      - application/json
      Accept-Encoding:
      - gzip, deflate
      Connection:
      - keep-alive
      User-Agent:
      - azsdk-python-ai-translation-document/1.0.0b2 Python/3.9.0 (Windows-10-10.0.19041-SP0)
    method: GET
    uri: https://redacted.cognitiveservices.azure.com/translator/text/batch/v1.0/batches/6bc8e64a-b49f-4c65-b4c1-43dc6a9f80da
  response:
    body:
      string: '{"id":"6bc8e64a-b49f-4c65-b4c1-43dc6a9f80da","createdDateTimeUtc":"2021-05-21T16:57:23.462083Z","lastActionDateTimeUtc":"2021-05-21T16:57:23.4620889Z","status":"NotStarted","summary":{"total":0,"failed":0,"success":0,"inProgress":0,"notYetStarted":0,"cancelled":0,"totalCharacterCharged":0}}'
    headers:
      apim-request-id:
      - 837eb529-273d-41a4-af93-b13b6b6ef285
      cache-control:
      - public,max-age=1
      content-length:
      - '291'
      content-type:
      - application/json; charset=utf-8
      date:
      - Fri, 21 May 2021 16:57:22 GMT
      etag:
      - '"C05B576B220BA9FB74F584DBAE874D163022842787E3A891C29F5D62E8F663D2"'
      set-cookie:
      - ARRAffinity=20358cd7aa5d6b0695f01ef171fc9a95880154357830e1c6bb513b73834a2e5f;Path=/;HttpOnly;Secure;Domain=mtbatch.nam.microsofttranslator.com
      - ARRAffinitySameSite=20358cd7aa5d6b0695f01ef171fc9a95880154357830e1c6bb513b73834a2e5f;Path=/;HttpOnly;SameSite=None;Secure;Domain=mtbatch.nam.microsofttranslator.com
      strict-transport-security:
      - max-age=31536000; includeSubDomains; preload
      transfer-encoding:
      - chunked
      vary:
      - Accept-Encoding
      x-content-type-options:
      - nosniff
      x-powered-by:
      - ASP.NET
      x-requestid:
      - 837eb529-273d-41a4-af93-b13b6b6ef285
    status:
      code: 200
      message: OK
- request:
    body: null
    headers:
      Accept:
      - application/xml
      Accept-Encoding:
      - gzip, deflate
      Connection:
      - keep-alive
      Content-Length:
      - '0'
      User-Agent:
      - azsdk-python-storage-blob/12.9.0b1 Python/3.9.0 (Windows-10-10.0.19041-SP0)
      x-ms-date:
      - Fri, 21 May 2021 16:57:23 GMT
      x-ms-version:
      - '2020-08-04'
    method: PUT
    uri: https://redacted.blob.core.windows.net/src195f30c2-67bb-4f46-9dcd-35aa9c3fafcc?restype=container
  response:
    body:
      string: ''
    headers:
      content-length:
      - '0'
      date:
      - Fri, 21 May 2021 16:57:23 GMT
      etag:
      - '"0x8D91C79816AC71F"'
      last-modified:
      - Fri, 21 May 2021 16:57:23 GMT
      server:
      - Windows-Azure-Blob/1.0 Microsoft-HTTPAPI/2.0
      x-ms-version:
      - '2020-08-04'
    status:
      code: 201
      message: Created
- request:
    body: This is written in english.
    headers:
      Accept:
      - application/xml
      Accept-Encoding:
      - gzip, deflate
      Connection:
      - keep-alive
      Content-Length:
      - '27'
      Content-Type:
      - application/octet-stream
      If-None-Match:
      - '*'
      User-Agent:
      - azsdk-python-storage-blob/12.9.0b1 Python/3.9.0 (Windows-10-10.0.19041-SP0)
      x-ms-blob-type:
      - BlockBlob
      x-ms-date:
      - Fri, 21 May 2021 16:57:23 GMT
      x-ms-version:
      - '2020-08-04'
    method: PUT
    uri: https://redacted.blob.core.windows.net/src195f30c2-67bb-4f46-9dcd-35aa9c3fafcc/129e760f-8694-4c8a-ae88-718306bb2559.txt
  response:
    body:
      string: ''
    headers:
      content-length:
      - '0'
      content-md5:
      - mYgA0QpY6baiB+xZp8Hk+A==
      date:
      - Fri, 21 May 2021 16:57:23 GMT
      etag:
      - '"0x8D91C798174A644"'
      last-modified:
      - Fri, 21 May 2021 16:57:23 GMT
      server:
      - Windows-Azure-Blob/1.0 Microsoft-HTTPAPI/2.0
      x-ms-content-crc64:
      - NB4xBtawP6g=
      x-ms-request-server-encrypted:
      - 'true'
      x-ms-version:
      - '2020-08-04'
    status:
      code: 201
      message: Created
- request:
    body: This is written in english.
    headers:
      Accept:
      - application/xml
      Accept-Encoding:
      - gzip, deflate
      Connection:
      - keep-alive
      Content-Length:
      - '27'
      Content-Type:
      - application/octet-stream
      If-None-Match:
      - '*'
      User-Agent:
      - azsdk-python-storage-blob/12.9.0b1 Python/3.9.0 (Windows-10-10.0.19041-SP0)
      x-ms-blob-type:
      - BlockBlob
      x-ms-date:
      - Fri, 21 May 2021 16:57:23 GMT
      x-ms-version:
      - '2020-08-04'
    method: PUT
    uri: https://redacted.blob.core.windows.net/src195f30c2-67bb-4f46-9dcd-35aa9c3fafcc/2ced6096-e8ff-4399-98fa-15dbb0f23533.txt
  response:
    body:
      string: ''
    headers:
      content-length:
      - '0'
      content-md5:
      - mYgA0QpY6baiB+xZp8Hk+A==
      date:
      - Fri, 21 May 2021 16:57:23 GMT
      etag:
      - '"0x8D91C79817C48CF"'
      last-modified:
      - Fri, 21 May 2021 16:57:23 GMT
      server:
      - Windows-Azure-Blob/1.0 Microsoft-HTTPAPI/2.0
      x-ms-content-crc64:
      - NB4xBtawP6g=
      x-ms-request-server-encrypted:
      - 'true'
      x-ms-version:
      - '2020-08-04'
    status:
      code: 201
      message: Created
- request:
    body: null
    headers:
      Accept:
      - application/xml
      Accept-Encoding:
      - gzip, deflate
      Connection:
      - keep-alive
      Content-Length:
      - '0'
      User-Agent:
      - azsdk-python-storage-blob/12.9.0b1 Python/3.9.0 (Windows-10-10.0.19041-SP0)
      x-ms-date:
      - Fri, 21 May 2021 16:57:43 GMT
      x-ms-version:
      - '2020-08-04'
    method: PUT
    uri: https://redacted.blob.core.windows.net/target3fb5f429-7dbc-4cc5-a9ad-7423277cef86?restype=container
  response:
    body:
      string: ''
    headers:
      content-length:
      - '0'
      date:
      - Fri, 21 May 2021 16:57:43 GMT
      etag:
      - '"0x8D91C798D40FAE3"'
      last-modified:
      - Fri, 21 May 2021 16:57:43 GMT
      server:
      - Windows-Azure-Blob/1.0 Microsoft-HTTPAPI/2.0
      x-ms-version:
      - '2020-08-04'
    status:
      code: 201
      message: Created
- request:
    body: '{"inputs": [{"source": {"sourceUrl": "https://redacted.blob.core.windows.net/src195f30c2-67bb-4f46-9dcd-35aa9c3fafcc?se=end&sp=rl&sv=2020-08-04&sr=c&sig=fake_token_value",
      "filter": {}}, "targets": [{"targetUrl": "https://redacted.blob.core.windows.net/target3fb5f429-7dbc-4cc5-a9ad-7423277cef86?se=end&sp=rw&sv=2020-08-04&sr=c&sig=fake_token_value",
      "language": "es"}]}]}'
    headers:
      Accept:
      - application/json
      Accept-Encoding:
      - gzip, deflate
      Connection:
      - keep-alive
      Content-Length:
      - '490'
      Content-Type:
      - application/json
      User-Agent:
      - azsdk-python-ai-translation-document/1.0.0b2 Python/3.9.0 (Windows-10-10.0.19041-SP0)
    method: POST
    uri: https://redacted.cognitiveservices.azure.com/translator/text/batch/v1.0/batches
  response:
    body:
      string: ''
    headers:
      apim-request-id:
      - c3b63810-9ced-400d-83da-3978f01dc795
      content-length:
      - '0'
      date:
      - Fri, 21 May 2021 16:57:43 GMT
      operation-location:
      - https://redacted.cognitiveservices.azure.com/translatortext/batch/v1.0/batches/7603a0a7-81c6-4537-bf22-0df52663ea6b
      set-cookie:
      - ARRAffinity=0ff46fa6d58b00f2d44b7073721903c0eace480139d8ecfc38f61130af5e1587;Path=/;HttpOnly;Secure;Domain=mtbatch.nam.microsofttranslator.com
      - ARRAffinitySameSite=0ff46fa6d58b00f2d44b7073721903c0eace480139d8ecfc38f61130af5e1587;Path=/;HttpOnly;SameSite=None;Secure;Domain=mtbatch.nam.microsofttranslator.com
      strict-transport-security:
      - max-age=31536000; includeSubDomains; preload
      x-content-type-options:
      - nosniff
      x-powered-by:
      - ASP.NET
      x-requestid:
      - c3b63810-9ced-400d-83da-3978f01dc795
    status:
      code: 202
      message: Accepted
- request:
    body: null
    headers:
      Accept:
      - application/json
      Accept-Encoding:
      - gzip, deflate
      Connection:
      - keep-alive
      User-Agent:
      - azsdk-python-ai-translation-document/1.0.0b2 Python/3.9.0 (Windows-10-10.0.19041-SP0)
    method: GET
    uri: https://redacted.cognitiveservices.azure.com/translator/text/batch/v1.0/batches/7603a0a7-81c6-4537-bf22-0df52663ea6b
  response:
    body:
      string: '{"id":"7603a0a7-81c6-4537-bf22-0df52663ea6b","createdDateTimeUtc":"2021-05-21T16:57:43.691813Z","lastActionDateTimeUtc":"2021-05-21T16:57:43.6918193Z","status":"NotStarted","summary":{"total":0,"failed":0,"success":0,"inProgress":0,"notYetStarted":0,"cancelled":0,"totalCharacterCharged":0}}'
    headers:
      apim-request-id:
      - 026f9156-233d-4f08-b338-ba5b6f5d6ba9
      cache-control:
      - public,max-age=1
      content-length:
      - '291'
      content-type:
      - application/json; charset=utf-8
      date:
      - Fri, 21 May 2021 16:57:43 GMT
      etag:
      - '"7E055B29AA7EBF99A4BE20ECB7A6456C9175E2F2303BCF794AE6B92E63D27DEC"'
      set-cookie:
      - ARRAffinity=20358cd7aa5d6b0695f01ef171fc9a95880154357830e1c6bb513b73834a2e5f;Path=/;HttpOnly;Secure;Domain=mtbatch.nam.microsofttranslator.com
      - ARRAffinitySameSite=20358cd7aa5d6b0695f01ef171fc9a95880154357830e1c6bb513b73834a2e5f;Path=/;HttpOnly;SameSite=None;Secure;Domain=mtbatch.nam.microsofttranslator.com
      strict-transport-security:
      - max-age=31536000; includeSubDomains; preload
      transfer-encoding:
      - chunked
      vary:
      - Accept-Encoding
      x-content-type-options:
      - nosniff
      x-powered-by:
      - ASP.NET
      x-requestid:
      - 026f9156-233d-4f08-b338-ba5b6f5d6ba9
    status:
      code: 200
      message: OK
- request:
    body: null
    headers:
      Accept:
      - application/json
      Accept-Encoding:
      - gzip, deflate
      Connection:
      - keep-alive
      User-Agent:
      - azsdk-python-ai-translation-document/1.0.0b2 Python/3.9.0 (Windows-10-10.0.19041-SP0)
    method: GET
    uri: https://redacted.cognitiveservices.azure.com/translator/text/batch/v1.0/batches?$skip=0&$orderBy=createdDateTimeUtc%20desc
  response:
    body:
      string: '{"value":[{"id":"7603a0a7-81c6-4537-bf22-0df52663ea6b","createdDateTimeUtc":"2021-05-21T16:57:43.691813Z","lastActionDateTimeUtc":"2021-05-21T16:57:43.8419307Z","status":"NotStarted","summary":{"total":2,"failed":0,"success":0,"inProgress":0,"notYetStarted":2,"cancelled":0,"totalCharacterCharged":0}},{"id":"6bc8e64a-b49f-4c65-b4c1-43dc6a9f80da","createdDateTimeUtc":"2021-05-21T16:57:23.462083Z","lastActionDateTimeUtc":"2021-05-21T16:57:24.2389941Z","status":"Succeeded","summary":{"total":2,"failed":0,"success":2,"inProgress":0,"notYetStarted":0,"cancelled":0,"totalCharacterCharged":54}},{"id":"d218438b-9224-4075-a97a-6bf3dda81d48","createdDateTimeUtc":"2021-05-21T16:57:22.8142371Z","lastActionDateTimeUtc":"2021-05-21T16:57:23.9462454Z","status":"Succeeded","summary":{"total":2,"failed":0,"success":2,"inProgress":0,"notYetStarted":0,"cancelled":0,"totalCharacterCharged":54}},{"id":"f5002212-cd7d-4d91-b805-c5f209bf378a","createdDateTimeUtc":"2021-05-21T16:57:21.4895198Z","lastActionDateTimeUtc":"2021-05-21T16:57:23.9042486Z","status":"Succeeded","summary":{"total":2,"failed":0,"success":2,"inProgress":0,"notYetStarted":0,"cancelled":0,"totalCharacterCharged":54}},{"id":"864e6fc8-52b4-41fa-8be6-653647c6b2fe","createdDateTimeUtc":"2021-05-21T16:57:20.7712591Z","lastActionDateTimeUtc":"2021-05-21T16:57:23.6472332Z","status":"Succeeded","summary":{"total":2,"failed":0,"success":2,"inProgress":0,"notYetStarted":0,"cancelled":0,"totalCharacterCharged":54}},{"id":"36e10ef1-941e-4fb8-b400-ef3a1ae900bc","createdDateTimeUtc":"2021-05-21T16:57:20.1035994Z","lastActionDateTimeUtc":"2021-05-21T16:57:23.6129621Z","status":"Succeeded","summary":{"total":2,"failed":0,"success":2,"inProgress":0,"notYetStarted":0,"cancelled":0,"totalCharacterCharged":54}},{"id":"61fc8f49-1145-4cb1-89e7-99bcb565eb57","createdDateTimeUtc":"2021-05-21T16:57:07.9543564Z","lastActionDateTimeUtc":"2021-05-21T16:57:08.5177136Z","status":"Cancelled","summary":{"total":1,"failed":0,"success":0,"inProgress":0,"notYetStarted":0,"cancelled":1,"totalCharacterCharged":0}},{"id":"1d61d4b7-6bae-46b5-99b4-6b25d5aa7111","createdDateTimeUtc":"2021-05-21T16:57:07.3013148Z","lastActionDateTimeUtc":"2021-05-21T16:57:08.4930173Z","status":"Cancelled","summary":{"total":1,"failed":0,"success":0,"inProgress":0,"notYetStarted":0,"cancelled":1,"totalCharacterCharged":0}},{"id":"cf14aff8-335d-4396-a3e6-038937324753","createdDateTimeUtc":"2021-05-21T16:57:06.6638179Z","lastActionDateTimeUtc":"2021-05-21T16:57:08.2761421Z","status":"Cancelled","summary":{"total":1,"failed":0,"success":0,"inProgress":0,"notYetStarted":0,"cancelled":1,"totalCharacterCharged":0}},{"id":"a0b01977-b933-43d7-9a32-32354b0ee0ac","createdDateTimeUtc":"2021-05-21T16:57:06.0246595Z","lastActionDateTimeUtc":"2021-05-21T16:57:08.1910185Z","status":"Cancelled","summary":{"total":1,"failed":0,"success":0,"inProgress":0,"notYetStarted":0,"cancelled":1,"totalCharacterCharged":0}},{"id":"59b903a7-d7d4-455c-8abc-88c5c2ce8276","createdDateTimeUtc":"2021-05-21T16:57:05.4130717Z","lastActionDateTimeUtc":"2021-05-21T16:57:08.0887453Z","status":"Cancelled","summary":{"total":1,"failed":0,"success":0,"inProgress":0,"notYetStarted":0,"cancelled":1,"totalCharacterCharged":0}},{"id":"92790e6f-175b-4ce9-aa96-0b82f2fd0b4e","createdDateTimeUtc":"2021-05-21T16:56:59.1772093Z","lastActionDateTimeUtc":"2021-05-21T16:57:00.3604974Z","status":"Succeeded","summary":{"total":1,"failed":0,"success":1,"inProgress":0,"notYetStarted":0,"cancelled":0,"totalCharacterCharged":27}},{"id":"f2f974a7-7059-416b-9d5a-7030077ebc95","createdDateTimeUtc":"2021-05-21T16:56:51.9025282Z","lastActionDateTimeUtc":"2021-05-21T16:56:53.351658Z","status":"Succeeded","summary":{"total":1,"failed":0,"success":1,"inProgress":0,"notYetStarted":0,"cancelled":0,"totalCharacterCharged":27}},{"id":"078eb78c-7bea-4e2c-b1c3-1204defc55e6","createdDateTimeUtc":"2021-05-21T16:56:44.6587027Z","lastActionDateTimeUtc":"2021-05-21T16:56:46.2909543Z","status":"Succeeded","summary":{"total":1,"failed":0,"success":1,"inProgress":0,"notYetStarted":0,"cancelled":0,"totalCharacterCharged":27}},{"id":"5ae10e3e-3c42-4bb1-8593-0648d565aa04","createdDateTimeUtc":"2021-05-21T16:56:37.461102Z","lastActionDateTimeUtc":"2021-05-21T16:56:39.2486281Z","status":"Succeeded","summary":{"total":1,"failed":0,"success":1,"inProgress":0,"notYetStarted":0,"cancelled":0,"totalCharacterCharged":27}},{"id":"42ed2819-1b97-470e-b7d9-aa38c1762954","createdDateTimeUtc":"2021-05-21T16:56:29.8786809Z","lastActionDateTimeUtc":"2021-05-21T16:56:32.1946175Z","status":"Succeeded","summary":{"total":1,"failed":0,"success":1,"inProgress":0,"notYetStarted":0,"cancelled":0,"totalCharacterCharged":27}},{"id":"e6fcba87-649f-44d0-9a74-7f4b10a193f8","createdDateTimeUtc":"2021-05-21T16:56:28.9614927Z","lastActionDateTimeUtc":"2021-05-21T16:56:32.2172169Z","status":"Succeeded","summary":{"total":2,"failed":0,"success":2,"inProgress":0,"notYetStarted":0,"cancelled":0,"totalCharacterCharged":54}},{"id":"550d7bc1-bb77-4922-9df6-21ab03cd8366","createdDateTimeUtc":"2021-05-21T16:56:28.2648497Z","lastActionDateTimeUtc":"2021-05-21T16:56:31.9227935Z","status":"Succeeded","summary":{"total":2,"failed":0,"success":2,"inProgress":0,"notYetStarted":0,"cancelled":0,"totalCharacterCharged":54}},{"id":"a0a1011d-b2b4-4b03-8236-ce06593b7470","createdDateTimeUtc":"2021-05-21T16:56:27.6063294Z","lastActionDateTimeUtc":"2021-05-21T16:56:31.9255088Z","status":"Succeeded","summary":{"total":2,"failed":0,"success":2,"inProgress":0,"notYetStarted":0,"cancelled":0,"totalCharacterCharged":54}},{"id":"11634d81-7c57-4e01-a5cc-3f269ad8d8a6","createdDateTimeUtc":"2021-05-21T16:56:21.5262296Z","lastActionDateTimeUtc":"2021-05-21T16:56:23.5269186Z","status":"Succeeded","summary":{"total":1,"failed":0,"success":1,"inProgress":0,"notYetStarted":0,"cancelled":0,"totalCharacterCharged":27}},{"id":"12e9f99d-47c9-4f0e-a4bb-f5069f5790ac","createdDateTimeUtc":"2021-05-21T16:56:15.2523294Z","lastActionDateTimeUtc":"2021-05-21T16:56:16.5020406Z","status":"Succeeded","summary":{"total":1,"failed":0,"success":1,"inProgress":0,"notYetStarted":0,"cancelled":0,"totalCharacterCharged":27}},{"id":"8b8106b5-6e48-4989-b8b5-db7946c1bacb","createdDateTimeUtc":"2021-05-21T16:56:07.8272802Z","lastActionDateTimeUtc":"2021-05-21T16:56:09.4060772Z","status":"Succeeded","summary":{"total":1,"failed":0,"success":1,"inProgress":0,"notYetStarted":0,"cancelled":0,"totalCharacterCharged":27}},{"id":"e03b9160-77a3-424c-ad67-39102783ab52","createdDateTimeUtc":"2021-05-21T16:56:01.6560537Z","lastActionDateTimeUtc":"2021-05-21T16:56:02.3476049Z","status":"Succeeded","summary":{"total":1,"failed":0,"success":1,"inProgress":0,"notYetStarted":0,"cancelled":0,"totalCharacterCharged":27}},{"id":"27d52c8f-e052-4fc0-8d3a-a704cb37f7eb","createdDateTimeUtc":"2021-05-21T16:55:58.5437569Z","lastActionDateTimeUtc":"2021-05-21T16:55:59.4989781Z","status":"Succeeded","summary":{"total":1,"failed":0,"success":1,"inProgress":0,"notYetStarted":0,"cancelled":0,"totalCharacterCharged":27}},{"id":"4dbf3ea1-647b-49c6-9841-75ce84305769","createdDateTimeUtc":"2021-05-21T16:55:55.5905071Z","lastActionDateTimeUtc":"2021-05-21T16:55:56.4479903Z","status":"Succeeded","summary":{"total":1,"failed":0,"success":1,"inProgress":0,"notYetStarted":0,"cancelled":0,"totalCharacterCharged":27}},{"id":"dadfd012-d8ab-485c-8508-212c81d7b2c8","createdDateTimeUtc":"2021-05-21T16:55:52.570563Z","lastActionDateTimeUtc":"2021-05-21T16:55:53.4060749Z","status":"Succeeded","summary":{"total":1,"failed":0,"success":1,"inProgress":0,"notYetStarted":0,"cancelled":0,"totalCharacterCharged":27}},{"id":"6a6724c3-9875-4ce5-a3e1-6e02c13ae7a4","createdDateTimeUtc":"2021-05-21T16:55:45.3081671Z","lastActionDateTimeUtc":"2021-05-21T16:55:46.4470764Z","status":"Succeeded","summary":{"total":1,"failed":0,"success":1,"inProgress":0,"notYetStarted":0,"cancelled":0,"totalCharacterCharged":27}},{"id":"81546d3c-9e04-4ff2-8db8-33cfc37b9814","createdDateTimeUtc":"2021-05-21T16:55:42.3295724Z","lastActionDateTimeUtc":"2021-05-21T16:55:43.339673Z","status":"Succeeded","summary":{"total":1,"failed":0,"success":1,"inProgress":0,"notYetStarted":0,"cancelled":0,"totalCharacterCharged":27}},{"id":"adaf054a-4e2f-4a0b-acec-7ee8e6536fe2","createdDateTimeUtc":"2021-05-21T16:55:39.2708383Z","lastActionDateTimeUtc":"2021-05-21T16:55:40.3000434Z","status":"Succeeded","summary":{"total":1,"failed":0,"success":1,"inProgress":0,"notYetStarted":0,"cancelled":0,"totalCharacterCharged":27}},{"id":"251e099b-e4a5-4b9e-991b-d4199c295d2b","createdDateTimeUtc":"2021-05-21T16:55:38.0934358Z","lastActionDateTimeUtc":"2021-05-21T16:55:39.3120396Z","status":"Succeeded","summary":{"total":2,"failed":0,"success":2,"inProgress":0,"notYetStarted":0,"cancelled":0,"totalCharacterCharged":54}},{"id":"02af2655-63ad-42d8-a974-3899231fc12b","createdDateTimeUtc":"2021-05-21T16:55:37.3972137Z","lastActionDateTimeUtc":"2021-05-21T16:55:38.3997548Z","status":"Succeeded","summary":{"total":2,"failed":0,"success":2,"inProgress":0,"notYetStarted":0,"cancelled":0,"totalCharacterCharged":54}},{"id":"ab9ec39f-b71e-4680-b5e3-33262f8a2b40","createdDateTimeUtc":"2021-05-21T16:55:36.6467696Z","lastActionDateTimeUtc":"2021-05-21T16:55:37.3384773Z","status":"Succeeded","summary":{"total":2,"failed":0,"success":2,"inProgress":0,"notYetStarted":0,"cancelled":0,"totalCharacterCharged":54}},{"id":"c2c51ffc-78d1-4939-bef4-0520c86b4fac","createdDateTimeUtc":"2021-05-21T16:55:35.0290991Z","lastActionDateTimeUtc":"2021-05-21T16:55:36.2777774Z","status":"Succeeded","summary":{"total":5,"failed":0,"success":5,"inProgress":0,"notYetStarted":0,"cancelled":0,"totalCharacterCharged":135}},{"id":"fcc1eb4e-5275-48db-b18b-eaf0608d0690","createdDateTimeUtc":"2021-05-21T16:55:34.098026Z","lastActionDateTimeUtc":"2021-05-21T16:55:34.9096958Z","status":"Succeeded","summary":{"total":5,"failed":0,"success":5,"inProgress":0,"notYetStarted":0,"cancelled":0,"totalCharacterCharged":135}},{"id":"fa126fb6-9e90-405a-b1de-7031097aee41","createdDateTimeUtc":"2021-05-21T16:55:33.1374288Z","lastActionDateTimeUtc":"2021-05-21T16:55:34.583447Z","status":"Succeeded","summary":{"total":5,"failed":0,"success":5,"inProgress":0,"notYetStarted":0,"cancelled":0,"totalCharacterCharged":135}},{"id":"0e6b1abc-2184-436a-bcf2-397af052cf18","createdDateTimeUtc":"2021-05-21T16:55:32.072134Z","lastActionDateTimeUtc":"2021-05-21T16:55:34.2699308Z","status":"Succeeded","summary":{"total":5,"failed":0,"success":5,"inProgress":0,"notYetStarted":0,"cancelled":0,"totalCharacterCharged":135}},{"id":"5a06cdcc-c9a5-438c-ba38-fb25828d0653","createdDateTimeUtc":"2021-05-21T16:55:31.3026279Z","lastActionDateTimeUtc":"2021-05-21T16:55:34.0240454Z","status":"Succeeded","summary":{"total":5,"failed":0,"success":5,"inProgress":0,"notYetStarted":0,"cancelled":0,"totalCharacterCharged":135}},{"id":"cad86ad1-307f-425e-b339-a1d7aa833031","createdDateTimeUtc":"2021-05-21T16:55:23.3170707Z","lastActionDateTimeUtc":"2021-05-21T16:55:25.8243394Z","status":"Succeeded","summary":{"total":1,"failed":0,"success":1,"inProgress":0,"notYetStarted":0,"cancelled":0,"totalCharacterCharged":17}},{"id":"9e256cfc-2029-4ca4-b4e6-13acbdb390b0","createdDateTimeUtc":"2021-05-21T16:55:09.7136786Z","lastActionDateTimeUtc":"2021-05-21T16:55:10.8648331Z","status":"Succeeded","summary":{"total":1,"failed":0,"success":1,"inProgress":0,"notYetStarted":0,"cancelled":0,"totalCharacterCharged":17}},{"id":"24514f35-1632-49f6-bfc0-65372c766a06","createdDateTimeUtc":"2021-05-21T16:54:52.2751598Z","lastActionDateTimeUtc":"2021-05-21T16:54:55.2457041Z","status":"Cancelled","summary":{"total":8,"failed":0,"success":0,"inProgress":0,"notYetStarted":0,"cancelled":8,"totalCharacterCharged":0}},{"id":"2af98f92-69d0-45e7-9037-e920b32de88c","createdDateTimeUtc":"2021-05-21T16:54:38.7976057Z","lastActionDateTimeUtc":"2021-05-21T16:54:43.1386442Z","status":"Succeeded","summary":{"total":5,"failed":0,"success":5,"inProgress":0,"notYetStarted":0,"cancelled":0,"totalCharacterCharged":135}},{"id":"fb364846-6612-4ccf-aa07-380df025aa73","createdDateTimeUtc":"2021-05-21T16:54:25.1002985Z","lastActionDateTimeUtc":"2021-05-21T16:54:30.3855079Z","status":"Succeeded","summary":{"total":7,"failed":0,"success":7,"inProgress":0,"notYetStarted":0,"cancelled":0,"totalCharacterCharged":189}},{"id":"b40aa221-1ecd-4891-af37-9c4c0cfded8c","createdDateTimeUtc":"2021-05-21T16:54:12.3903561Z","lastActionDateTimeUtc":"2021-05-21T16:54:16.8552707Z","status":"Succeeded","summary":{"total":5,"failed":0,"success":5,"inProgress":0,"notYetStarted":0,"cancelled":0,"totalCharacterCharged":135}},{"id":"b0a6ffd3-27b0-470c-86d4-2cb12755f44c","createdDateTimeUtc":"2021-05-21T16:54:05.6141037Z","lastActionDateTimeUtc":"2021-05-21T16:54:07.5249634Z","status":"Succeeded","summary":{"total":5,"failed":0,"success":5,"inProgress":0,"notYetStarted":0,"cancelled":0,"totalCharacterCharged":135}},{"id":"aac30d25-7b3e-4c52-8a35-c46678c19eed","createdDateTimeUtc":"2021-05-21T16:53:58.6215013Z","lastActionDateTimeUtc":"2021-05-21T16:54:00.197669Z","status":"Succeeded","summary":{"total":10,"failed":0,"success":10,"inProgress":0,"notYetStarted":0,"cancelled":0,"totalCharacterCharged":270}},{"id":"c4991e37-9843-4c0b-8bae-97ec21f52f91","createdDateTimeUtc":"2021-05-21T16:53:50.3694535Z","lastActionDateTimeUtc":"2021-05-21T16:53:52.4487094Z","status":"Succeeded","summary":{"total":15,"failed":0,"success":15,"inProgress":0,"notYetStarted":0,"cancelled":0,"totalCharacterCharged":405}},{"id":"2c29467b-4860-4121-9c22-ae89075c6371","createdDateTimeUtc":"2021-05-21T16:53:37.5277488Z","lastActionDateTimeUtc":"2021-05-21T16:53:44.3246781Z","status":"Succeeded","summary":{"total":5,"failed":0,"success":5,"inProgress":0,"notYetStarted":0,"cancelled":0,"totalCharacterCharged":135}},{"id":"edf96a31-96ec-4fa6-9c36-c6c439a88dd7","createdDateTimeUtc":"2021-05-21T16:53:25.0540304Z","lastActionDateTimeUtc":"2021-05-21T16:53:28.940648Z","status":"Succeeded","summary":{"total":10,"failed":0,"success":10,"inProgress":0,"notYetStarted":0,"cancelled":0,"totalCharacterCharged":270}},{"id":"bf88816c-7963-4b30-9984-9ae016749a77","createdDateTimeUtc":"2021-05-21T16:53:05.2930299Z","lastActionDateTimeUtc":"2021-05-21T16:53:13.621019Z","status":"Succeeded","summary":{"total":10,"failed":0,"success":10,"inProgress":0,"notYetStarted":0,"cancelled":0,"totalCharacterCharged":270}},{"id":"2af3b642-ff84-4d3c-bee6-05d751020272","createdDateTimeUtc":"2021-05-21T16:52:50.3166837Z","lastActionDateTimeUtc":"2021-05-21T16:52:57.8889618Z","status":"Succeeded","summary":{"total":5,"failed":0,"success":5,"inProgress":0,"notYetStarted":0,"cancelled":0,"totalCharacterCharged":135}}],"@nextLink":"https://redacted.cognitiveservices.azure.com/translator/text/batch/v1.0/batches?$skip=50&$top=4&$maxpagesize=50&$orderBy=createdDateTimeUtc
        desc"}'
    headers:
      apim-request-id:
      - e15fa373-33d6-49b5-a647-38d677d2c42a
      cache-control:
      - public,max-age=1
      content-length:
      - '14825'
      content-type:
      - application/json; charset=utf-8
      date:
      - Fri, 21 May 2021 16:57:43 GMT
      etag:
      - '"DC9524FE8D8558A1128BDE84D9B7FC0BDD1DB822FC0BAAEE67A2C340175E395C"'
      set-cookie:
      - ARRAffinity=0ff46fa6d58b00f2d44b7073721903c0eace480139d8ecfc38f61130af5e1587;Path=/;HttpOnly;Secure;Domain=mtbatch.nam.microsofttranslator.com
      - ARRAffinitySameSite=0ff46fa6d58b00f2d44b7073721903c0eace480139d8ecfc38f61130af5e1587;Path=/;HttpOnly;SameSite=None;Secure;Domain=mtbatch.nam.microsofttranslator.com
      strict-transport-security:
      - max-age=31536000; includeSubDomains; preload
      transfer-encoding:
      - chunked
      vary:
      - Accept-Encoding
      x-content-type-options:
      - nosniff
      x-powered-by:
      - ASP.NET
      x-requestid:
      - e15fa373-33d6-49b5-a647-38d677d2c42a
    status:
      code: 200
      message: OK
- request:
    body: null
    headers:
      Accept:
      - application/json
      Accept-Encoding:
      - gzip, deflate
      Connection:
      - keep-alive
      User-Agent:
      - azsdk-python-ai-translation-document/1.0.0b2 Python/3.9.0 (Windows-10-10.0.19041-SP0)
    method: GET
    uri: https://redacted.cognitiveservices.azure.com/translator/text/batch/v1.0/batches?$skip=50&$top=4&$maxpagesize=50&$orderBy=createdDateTimeUtc%20desc
  response:
    body:
      string: '{"value":[{"id":"d2e506ec-d1d1-4f1d-b10a-bae45656efd0","createdDateTimeUtc":"2021-05-21T16:52:37.5768101Z","lastActionDateTimeUtc":"2021-05-21T16:52:43.0456429Z","status":"Succeeded","summary":{"total":5,"failed":0,"success":5,"inProgress":0,"notYetStarted":0,"cancelled":0,"totalCharacterCharged":135}},{"id":"9cc44142-6bb5-4b06-a98b-7f59ba3b9f4b","createdDateTimeUtc":"2021-05-21T16:52:02.6201518Z","lastActionDateTimeUtc":"2021-05-21T16:52:07.5965295Z","status":"Succeeded","summary":{"total":5,"failed":0,"success":5,"inProgress":0,"notYetStarted":0,"cancelled":0,"totalCharacterCharged":135}},{"id":"9cea4909-549b-4ba2-93c6-d44f7af7934e","createdDateTimeUtc":"2021-05-21T16:51:43.4270795Z","lastActionDateTimeUtc":"2021-05-21T16:51:51.2785273Z","status":"Succeeded","summary":{"total":5,"failed":0,"success":5,"inProgress":0,"notYetStarted":0,"cancelled":0,"totalCharacterCharged":135}},{"id":"227b2464-c211-486d-b3cf-344cf2055da7","createdDateTimeUtc":"2021-05-21T01:02:37.8004264Z","lastActionDateTimeUtc":"2021-05-21T01:02:41.8287248Z","status":"Succeeded","summary":{"total":5,"failed":0,"success":5,"inProgress":0,"notYetStarted":0,"cancelled":0,"totalCharacterCharged":135}}]}'
    headers:
      apim-request-id:
      - e3f42b45-b4f2-472e-b3d2-786505038a4b
      cache-control:
      - public,max-age=1
      content-length:
      - '1187'
      content-type:
      - application/json; charset=utf-8
      date:
      - Fri, 21 May 2021 16:57:43 GMT
      etag:
      - '"1AB2C9BA07504BE09589404C9319742DE2CEB6AE9DF0ABC1D31C629FB60599DA"'
      set-cookie:
      - ARRAffinity=20358cd7aa5d6b0695f01ef171fc9a95880154357830e1c6bb513b73834a2e5f;Path=/;HttpOnly;Secure;Domain=mtbatch.nam.microsofttranslator.com
      - ARRAffinitySameSite=20358cd7aa5d6b0695f01ef171fc9a95880154357830e1c6bb513b73834a2e5f;Path=/;HttpOnly;SameSite=None;Secure;Domain=mtbatch.nam.microsofttranslator.com
      strict-transport-security:
      - max-age=31536000; includeSubDomains; preload
      transfer-encoding:
      - chunked
      vary:
      - Accept-Encoding
      x-content-type-options:
      - nosniff
      x-powered-by:
      - ASP.NET
      x-requestid:
      - e3f42b45-b4f2-472e-b3d2-786505038a4b
    status:
      code: 200
      message: OK
version: 1
