{
  "Entries": [
    {
      "RequestUri": "https://fakeendpoint.blob.core.windows.net/src29847dcf-5f50-44ce-972d-c64f33a01ca4?restype=container",
      "RequestMethod": "PUT",
      "RequestHeaders": {
        "Accept": "application/xml",
        "Accept-Encoding": "gzip, deflate",
        "Authorization": "Sanitized",
        "Connection": "keep-alive",
        "Content-Length": "0",
        "User-Agent": "azsdk-python-storage-blob/12.10.0b3 Python/3.10.0 (Windows-10-10.0.22000-SP0)",
        "x-ms-client-request-id": "240f8046-9125-11ec-a81a-b831b58100e8",
        "x-ms-date": "Sat, 19 Feb 2022 01:42:04 GMT",
        "x-ms-version": "2021-04-10"
      },
      "RequestBody": null,
      "StatusCode": 201,
      "ResponseHeaders": {
        "Content-Length": "0",
        "Date": "Sat, 19 Feb 2022 01:42:03 GMT",
        "ETag": "\u00220x8D9F3490848CB6E\u0022",
        "Last-Modified": "Sat, 19 Feb 2022 01:42:04 GMT",
        "Server": [
          "Windows-Azure-Blob/1.0",
          "Microsoft-HTTPAPI/2.0"
        ],
        "x-ms-client-request-id": "240f8046-9125-11ec-a81a-b831b58100e8",
        "x-ms-request-id": "a1070321-301e-0035-1d31-255800000000",
        "x-ms-version": "2021-04-10"
      },
      "ResponseBody": null
    },
    {
      "RequestUri": "https://fakeendpoint.blob.core.windows.net/src29847dcf-5f50-44ce-972d-c64f33a01ca4/e91cc405-3f14-4b7a-b0c1-84571bb25caf.txt",
      "RequestMethod": "PUT",
      "RequestHeaders": {
        "Accept": "application/xml",
        "Accept-Encoding": "gzip, deflate",
        "Authorization": "Sanitized",
        "Connection": "keep-alive",
        "Content-Length": "27",
        "Content-Type": "application/octet-stream",
        "If-None-Match": "*",
        "User-Agent": "azsdk-python-storage-blob/12.10.0b3 Python/3.10.0 (Windows-10-10.0.22000-SP0)",
        "x-ms-blob-type": "BlockBlob",
        "x-ms-client-request-id": "2419e4d0-9125-11ec-9670-b831b58100e8",
        "x-ms-date": "Sat, 19 Feb 2022 01:42:04 GMT",
        "x-ms-version": "2021-04-10"
      },
      "RequestBody": "VGhpcyBpcyB3cml0dGVuIGluIGVuZ2xpc2gu",
      "StatusCode": 201,
      "ResponseHeaders": {
        "Content-Length": "0",
        "Content-MD5": "mYgA0QpY6baiB\u002BxZp8Hk\u002BA==",
        "Date": "Sat, 19 Feb 2022 01:42:03 GMT",
        "ETag": "\u00220x8D9F34908513D3C\u0022",
        "Last-Modified": "Sat, 19 Feb 2022 01:42:04 GMT",
        "Server": [
          "Windows-Azure-Blob/1.0",
          "Microsoft-HTTPAPI/2.0"
        ],
        "x-ms-client-request-id": "2419e4d0-9125-11ec-9670-b831b58100e8",
        "x-ms-content-crc64": "NB4xBtawP6g=",
        "x-ms-request-id": "a107034b-301e-0035-4131-255800000000",
        "x-ms-request-server-encrypted": "true",
        "x-ms-version": "2021-04-10"
      },
      "ResponseBody": null
    },
    {
      "RequestUri": "https://fakeendpoint.blob.core.windows.net/target06b9a50b-e856-40af-9097-5b91e5a76bdf?restype=container",
      "RequestMethod": "PUT",
      "RequestHeaders": {
        "Accept": "application/xml",
        "Accept-Encoding": "gzip, deflate",
        "Authorization": "Sanitized",
        "Connection": "keep-alive",
        "Content-Length": "0",
        "User-Agent": "azsdk-python-storage-blob/12.10.0b3 Python/3.10.0 (Windows-10-10.0.22000-SP0)",
        "x-ms-client-request-id": "2439fc03-9125-11ec-a57d-b831b58100e8",
        "x-ms-date": "Sat, 19 Feb 2022 01:42:04 GMT",
        "x-ms-version": "2021-04-10"
      },
      "RequestBody": null,
      "StatusCode": 201,
      "ResponseHeaders": {
        "Content-Length": "0",
        "Date": "Sat, 19 Feb 2022 01:42:04 GMT",
        "ETag": "\u00220x8D9F3490873579F\u0022",
        "Last-Modified": "Sat, 19 Feb 2022 01:42:04 GMT",
        "Server": [
          "Windows-Azure-Blob/1.0",
          "Microsoft-HTTPAPI/2.0"
        ],
        "x-ms-client-request-id": "2439fc03-9125-11ec-a57d-b831b58100e8",
        "x-ms-request-id": "a1070435-301e-0035-1131-255800000000",
        "x-ms-version": "2021-04-10"
      },
      "ResponseBody": null
    },
    {
      "RequestUri": "https://fakeendpoint.cognitiveservices.azure.com/translator/text/batch/v1.0/batches",
      "RequestMethod": "POST",
      "RequestHeaders": {
        "Accept": "application/json",
        "Accept-Encoding": "gzip, deflate",
        "Connection": "keep-alive",
        "Content-Length": "380",
        "Content-Type": "application/json",
        "User-Agent": "azsdk-python-ai-translation-document/1.0.0b7 Python/3.10.0 (Windows-10-10.0.22000-SP0)",
        "x-ms-client-request-id": "245a0053-9125-11ec-ae97-b831b58100e8"
      },
      "RequestBody": {
        "inputs": [
          {
            "source": {
              "sourceUrl": "https://fakeendpoint.blob.core.windows.net/src29847dcf-5f50-44ce-972d-c64f33a01ca4?se=end\u0026sp=rl\u0026sv=2021-04-10\u0026sr=c\u0026sig=fake_token_value",
              "filter": {}
            },
            "targets": [
              {
                "targetUrl": "https://fakeendpoint.blob.core.windows.net/target06b9a50b-e856-40af-9097-5b91e5a76bdf?se=end\u0026sp=wl\u0026sv=2021-04-10\u0026sr=c\u0026sig=fake_token_value",
                "language": "es"
              }
            ]
          }
        ]
      },
      "StatusCode": 202,
      "ResponseHeaders": {
        "apim-request-id": "c928ca38-e4e2-4f89-9619-49a2143c3196",
        "Content-Length": "0",
        "Date": "Sat, 19 Feb 2022 01:42:05 GMT",
        "Operation-Location": "https://fakeendpoint.cognitiveservices.azure.com/translator/text/batch/v1.0/batches/85796281-6aab-47d7-b173-55ca7ded7ed5",
        "Set-Cookie": [
          "ARRAffinity=09a10d9e036c982a6acf1ed7f4e9558b44845127dddc55af67b87cd656dd4d77;Path=/;HttpOnly;Secure;Domain=mtbatch.nam.microsofttranslator.com",
          "ARRAffinitySameSite=09a10d9e036c982a6acf1ed7f4e9558b44845127dddc55af67b87cd656dd4d77;Path=/;HttpOnly;SameSite=None;Secure;Domain=mtbatch.nam.microsofttranslator.com"
        ],
        "Strict-Transport-Security": "max-age=31536000; includeSubDomains; preload",
        "X-Content-Type-Options": "nosniff",
        "X-Powered-By": "ASP.NET",
        "X-RequestId": "c928ca38-e4e2-4f89-9619-49a2143c3196"
      },
      "ResponseBody": null
    },
    {
      "RequestUri": "https://fakeendpoint.cognitiveservices.azure.com/translator/text/batch/v1.0/batches/85796281-6aab-47d7-b173-55ca7ded7ed5",
      "RequestMethod": "GET",
      "RequestHeaders": {
        "Accept": "*/*",
        "Accept-Encoding": "gzip, deflate",
        "Connection": "keep-alive",
        "User-Agent": "azsdk-python-ai-translation-document/1.0.0b7 Python/3.10.0 (Windows-10-10.0.22000-SP0)",
        "x-ms-client-request-id": "245a0053-9125-11ec-ae97-b831b58100e8"
      },
      "RequestBody": null,
      "StatusCode": 200,
      "ResponseHeaders": {
        "apim-request-id": "b6d7f4ac-f666-47ee-a2e9-c3aa2e3009f1",
        "Cache-Control": "public, max-age=1",
        "Content-Encoding": "gzip",
        "Content-Type": "application/json; charset=utf-8",
        "Date": "Sat, 19 Feb 2022 01:42:06 GMT",
        "ETag": "\u0022CFCB429BEDAAFA7C6514BFD2D561DBC581B7646C974A37EC794586FBC5DC5278\u0022",
        "Set-Cookie": [
          "ARRAffinity=a374f049af0321e021a66f6ba57004d2e31d3140f1d09889270a08e39d2850a6;Path=/;HttpOnly;Secure;Domain=mtbatch.nam.microsofttranslator.com",
          "ARRAffinitySameSite=a374f049af0321e021a66f6ba57004d2e31d3140f1d09889270a08e39d2850a6;Path=/;HttpOnly;SameSite=None;Secure;Domain=mtbatch.nam.microsofttranslator.com"
        ],
        "Strict-Transport-Security": "max-age=31536000; includeSubDomains; preload",
        "Transfer-Encoding": "chunked",
        "Vary": "Accept-Encoding",
        "X-Content-Type-Options": "nosniff",
        "X-Powered-By": "ASP.NET",
        "X-RequestId": "b6d7f4ac-f666-47ee-a2e9-c3aa2e3009f1"
      },
      "ResponseBody": {
        "id": "85796281-6aab-47d7-b173-55ca7ded7ed5",
        "createdDateTimeUtc": "2022-02-19T01:42:05.1818289Z",
        "lastActionDateTimeUtc": "2022-02-19T01:42:05.3160651Z",
        "status": "NotStarted",
        "summary": {
          "total": 1,
          "failed": 0,
          "success": 0,
          "inProgress": 0,
          "notYetStarted": 1,
          "cancelled": 0,
          "totalCharacterCharged": 0
        }
      }
    },
    {
      "RequestUri": "https://fakeendpoint.cognitiveservices.azure.com/translator/text/batch/v1.0/batches/85796281-6aab-47d7-b173-55ca7ded7ed5",
      "RequestMethod": "GET",
      "RequestHeaders": {
        "Accept": "*/*",
        "Accept-Encoding": "gzip, deflate",
        "Connection": "keep-alive",
        "User-Agent": "azsdk-python-ai-translation-document/1.0.0b7 Python/3.10.0 (Windows-10-10.0.22000-SP0)",
        "x-ms-client-request-id": "245a0053-9125-11ec-ae97-b831b58100e8"
      },
      "RequestBody": null,
      "StatusCode": 200,
      "ResponseHeaders": {
        "apim-request-id": "b187d559-2616-4274-b4c7-12a313366b08",
        "Cache-Control": "public, max-age=1",
        "Content-Encoding": "gzip",
        "Content-Type": "application/json; charset=utf-8",
        "Date": "Sat, 19 Feb 2022 01:42:07 GMT",
        "ETag": "\u0022CFCB429BEDAAFA7C6514BFD2D561DBC581B7646C974A37EC794586FBC5DC5278\u0022",
        "Set-Cookie": [
          "ARRAffinity=09a10d9e036c982a6acf1ed7f4e9558b44845127dddc55af67b87cd656dd4d77;Path=/;HttpOnly;Secure;Domain=mtbatch.nam.microsofttranslator.com",
          "ARRAffinitySameSite=09a10d9e036c982a6acf1ed7f4e9558b44845127dddc55af67b87cd656dd4d77;Path=/;HttpOnly;SameSite=None;Secure;Domain=mtbatch.nam.microsofttranslator.com"
        ],
        "Strict-Transport-Security": "max-age=31536000; includeSubDomains; preload",
        "Transfer-Encoding": "chunked",
        "Vary": "Accept-Encoding",
        "X-Content-Type-Options": "nosniff",
        "X-Powered-By": "ASP.NET",
        "X-RequestId": "b187d559-2616-4274-b4c7-12a313366b08"
      },
      "ResponseBody": {
        "id": "85796281-6aab-47d7-b173-55ca7ded7ed5",
        "createdDateTimeUtc": "2022-02-19T01:42:05.1818289Z",
        "lastActionDateTimeUtc": "2022-02-19T01:42:05.3160651Z",
        "status": "NotStarted",
        "summary": {
          "total": 1,
          "failed": 0,
          "success": 0,
          "inProgress": 0,
          "notYetStarted": 1,
          "cancelled": 0,
          "totalCharacterCharged": 0
        }
      }
    },
    {
      "RequestUri": "https://fakeendpoint.cognitiveservices.azure.com/translator/text/batch/v1.0/batches/85796281-6aab-47d7-b173-55ca7ded7ed5",
      "RequestMethod": "GET",
      "RequestHeaders": {
        "Accept": "*/*",
        "Accept-Encoding": "gzip, deflate",
        "Connection": "keep-alive",
        "User-Agent": "azsdk-python-ai-translation-document/1.0.0b7 Python/3.10.0 (Windows-10-10.0.22000-SP0)",
        "x-ms-client-request-id": "245a0053-9125-11ec-ae97-b831b58100e8"
      },
      "RequestBody": null,
      "StatusCode": 200,
      "ResponseHeaders": {
        "apim-request-id": "469d0ae1-d0c9-4bbd-bbcc-3d628b41f87c",
        "Cache-Control": "public, max-age=1",
        "Content-Encoding": "gzip",
        "Content-Type": "application/json; charset=utf-8",
        "Date": "Sat, 19 Feb 2022 01:42:08 GMT",
        "ETag": "\u00226F093A520F2EAB86DC7B480B7CFC8C3CD2FE5FBAA7B089964EB2791D221C2EE4\u0022",
        "Set-Cookie": [
          "ARRAffinity=a374f049af0321e021a66f6ba57004d2e31d3140f1d09889270a08e39d2850a6;Path=/;HttpOnly;Secure;Domain=mtbatch.nam.microsofttranslator.com",
          "ARRAffinitySameSite=a374f049af0321e021a66f6ba57004d2e31d3140f1d09889270a08e39d2850a6;Path=/;HttpOnly;SameSite=None;Secure;Domain=mtbatch.nam.microsofttranslator.com"
        ],
        "Strict-Transport-Security": "max-age=31536000; includeSubDomains; preload",
        "Transfer-Encoding": "chunked",
        "Vary": "Accept-Encoding",
        "X-Content-Type-Options": "nosniff",
        "X-Powered-By": "ASP.NET",
        "X-RequestId": "469d0ae1-d0c9-4bbd-bbcc-3d628b41f87c"
      },
      "ResponseBody": {
        "id": "85796281-6aab-47d7-b173-55ca7ded7ed5",
        "createdDateTimeUtc": "2022-02-19T01:42:05.1818289Z",
        "lastActionDateTimeUtc": "2022-02-19T01:42:08.3597567Z",
        "status": "Running",
        "summary": {
          "total": 1,
          "failed": 0,
          "success": 0,
          "inProgress": 1,
          "notYetStarted": 0,
          "cancelled": 0,
          "totalCharacterCharged": 0
        }
      }
    },
    {
      "RequestUri": "https://fakeendpoint.cognitiveservices.azure.com/translator/text/batch/v1.0/batches/85796281-6aab-47d7-b173-55ca7ded7ed5",
      "RequestMethod": "GET",
      "RequestHeaders": {
        "Accept": "*/*",
        "Accept-Encoding": "gzip, deflate",
        "Connection": "keep-alive",
        "User-Agent": "azsdk-python-ai-translation-document/1.0.0b7 Python/3.10.0 (Windows-10-10.0.22000-SP0)",
        "x-ms-client-request-id": "245a0053-9125-11ec-ae97-b831b58100e8"
      },
      "RequestBody": null,
      "StatusCode": 200,
      "ResponseHeaders": {
        "apim-request-id": "ff41ade8-a4af-4cdf-9fa2-b8cd24b5627d",
        "Cache-Control": "public, max-age=1",
        "Content-Encoding": "gzip",
        "Content-Type": "application/json; charset=utf-8",
        "Date": "Sat, 19 Feb 2022 01:42:09 GMT",
        "ETag": "\u00226F093A520F2EAB86DC7B480B7CFC8C3CD2FE5FBAA7B089964EB2791D221C2EE4\u0022",
        "Set-Cookie": [
          "ARRAffinity=09a10d9e036c982a6acf1ed7f4e9558b44845127dddc55af67b87cd656dd4d77;Path=/;HttpOnly;Secure;Domain=mtbatch.nam.microsofttranslator.com",
          "ARRAffinitySameSite=09a10d9e036c982a6acf1ed7f4e9558b44845127dddc55af67b87cd656dd4d77;Path=/;HttpOnly;SameSite=None;Secure;Domain=mtbatch.nam.microsofttranslator.com"
        ],
        "Strict-Transport-Security": "max-age=31536000; includeSubDomains; preload",
        "Transfer-Encoding": "chunked",
        "Vary": "Accept-Encoding",
        "X-Content-Type-Options": "nosniff",
        "X-Powered-By": "ASP.NET",
        "X-RequestId": "ff41ade8-a4af-4cdf-9fa2-b8cd24b5627d"
      },
      "ResponseBody": {
        "id": "85796281-6aab-47d7-b173-55ca7ded7ed5",
        "createdDateTimeUtc": "2022-02-19T01:42:05.1818289Z",
        "lastActionDateTimeUtc": "2022-02-19T01:42:08.3597567Z",
        "status": "Running",
        "summary": {
          "total": 1,
          "failed": 0,
          "success": 0,
          "inProgress": 1,
          "notYetStarted": 0,
          "cancelled": 0,
          "totalCharacterCharged": 0
        }
      }
    },
    {
      "RequestUri": "https://fakeendpoint.cognitiveservices.azure.com/translator/text/batch/v1.0/batches/85796281-6aab-47d7-b173-55ca7ded7ed5",
      "RequestMethod": "GET",
      "RequestHeaders": {
        "Accept": "*/*",
        "Accept-Encoding": "gzip, deflate",
        "Connection": "keep-alive",
        "User-Agent": "azsdk-python-ai-translation-document/1.0.0b7 Python/3.10.0 (Windows-10-10.0.22000-SP0)",
        "x-ms-client-request-id": "245a0053-9125-11ec-ae97-b831b58100e8"
      },
      "RequestBody": null,
      "StatusCode": 200,
      "ResponseHeaders": {
        "apim-request-id": "54837eb6-c624-4322-8874-105b287b666a",
        "Cache-Control": "public, max-age=1",
        "Content-Encoding": "gzip",
        "Content-Type": "application/json; charset=utf-8",
        "Date": "Sat, 19 Feb 2022 01:42:10 GMT",
        "ETag": "\u00226F093A520F2EAB86DC7B480B7CFC8C3CD2FE5FBAA7B089964EB2791D221C2EE4\u0022",
        "Set-Cookie": [
          "ARRAffinity=a374f049af0321e021a66f6ba57004d2e31d3140f1d09889270a08e39d2850a6;Path=/;HttpOnly;Secure;Domain=mtbatch.nam.microsofttranslator.com",
          "ARRAffinitySameSite=a374f049af0321e021a66f6ba57004d2e31d3140f1d09889270a08e39d2850a6;Path=/;HttpOnly;SameSite=None;Secure;Domain=mtbatch.nam.microsofttranslator.com"
        ],
        "Strict-Transport-Security": "max-age=31536000; includeSubDomains; preload",
        "Transfer-Encoding": "chunked",
        "Vary": "Accept-Encoding",
        "X-Content-Type-Options": "nosniff",
        "X-Powered-By": "ASP.NET",
        "X-RequestId": "54837eb6-c624-4322-8874-105b287b666a"
      },
      "ResponseBody": {
        "id": "85796281-6aab-47d7-b173-55ca7ded7ed5",
        "createdDateTimeUtc": "2022-02-19T01:42:05.1818289Z",
        "lastActionDateTimeUtc": "2022-02-19T01:42:08.3597567Z",
        "status": "Running",
        "summary": {
          "total": 1,
          "failed": 0,
          "success": 0,
          "inProgress": 1,
          "notYetStarted": 0,
          "cancelled": 0,
          "totalCharacterCharged": 0
        }
      }
    },
    {
      "RequestUri": "https://fakeendpoint.cognitiveservices.azure.com/translator/text/batch/v1.0/batches/85796281-6aab-47d7-b173-55ca7ded7ed5",
      "RequestMethod": "GET",
      "RequestHeaders": {
        "Accept": "*/*",
        "Accept-Encoding": "gzip, deflate",
        "Connection": "keep-alive",
        "User-Agent": "azsdk-python-ai-translation-document/1.0.0b7 Python/3.10.0 (Windows-10-10.0.22000-SP0)",
        "x-ms-client-request-id": "245a0053-9125-11ec-ae97-b831b58100e8"
      },
      "RequestBody": null,
      "StatusCode": 200,
      "ResponseHeaders": {
        "apim-request-id": "742da7af-50b2-4afb-9ea2-a6cf87398ca8",
        "Cache-Control": "public, max-age=1",
        "Content-Encoding": "gzip",
        "Content-Type": "application/json; charset=utf-8",
        "Date": "Sat, 19 Feb 2022 01:42:11 GMT",
        "ETag": "\u0022BED8FAD3D2186FE2B99EC5ED9A1A64BF0A8F71802A13F1274FD6C09041BE447C\u0022",
        "Set-Cookie": [
          "ARRAffinity=09a10d9e036c982a6acf1ed7f4e9558b44845127dddc55af67b87cd656dd4d77;Path=/;HttpOnly;Secure;Domain=mtbatch.nam.microsofttranslator.com",
          "ARRAffinitySameSite=09a10d9e036c982a6acf1ed7f4e9558b44845127dddc55af67b87cd656dd4d77;Path=/;HttpOnly;SameSite=None;Secure;Domain=mtbatch.nam.microsofttranslator.com"
        ],
        "Strict-Transport-Security": "max-age=31536000; includeSubDomains; preload",
        "Transfer-Encoding": "chunked",
        "Vary": "Accept-Encoding",
        "X-Content-Type-Options": "nosniff",
        "X-Powered-By": "ASP.NET",
        "X-RequestId": "742da7af-50b2-4afb-9ea2-a6cf87398ca8"
      },
      "ResponseBody": {
        "id": "85796281-6aab-47d7-b173-55ca7ded7ed5",
        "createdDateTimeUtc": "2022-02-19T01:42:05.1818289Z",
        "lastActionDateTimeUtc": "2022-02-19T01:42:11.2500379Z",
        "status": "Succeeded",
        "summary": {
          "total": 1,
          "failed": 0,
          "success": 1,
          "inProgress": 0,
          "notYetStarted": 0,
          "cancelled": 0,
          "totalCharacterCharged": 27
        }
      }
    },
    {
      "RequestUri": "https://fakeendpoint.blob.core.windows.net/src7708a675-6fb9-4677-be96-c4a5be9bf6bb?restype=container",
      "RequestMethod": "PUT",
      "RequestHeaders": {
        "Accept": "application/xml",
        "Accept-Encoding": "gzip, deflate",
        "Authorization": "Sanitized",
        "Connection": "keep-alive",
        "Content-Length": "0",
        "User-Agent": "azsdk-python-storage-blob/12.10.0b3 Python/3.10.0 (Windows-10-10.0.22000-SP0)",
        "x-ms-client-request-id": "282e56ee-9125-11ec-b89d-b831b58100e8",
        "x-ms-date": "Sat, 19 Feb 2022 01:42:11 GMT",
        "x-ms-version": "2021-04-10"
      },
      "RequestBody": null,
      "StatusCode": 201,
      "ResponseHeaders": {
        "Content-Length": "0",
        "Date": "Sat, 19 Feb 2022 01:42:10 GMT",
        "ETag": "\u00220x8D9F3490C66BA62\u0022",
        "Last-Modified": "Sat, 19 Feb 2022 01:42:11 GMT",
        "Server": [
          "Windows-Azure-Blob/1.0",
          "Microsoft-HTTPAPI/2.0"
        ],
        "x-ms-client-request-id": "282e56ee-9125-11ec-b89d-b831b58100e8",
        "x-ms-request-id": "a1071fc8-301e-0035-2231-255800000000",
        "x-ms-version": "2021-04-10"
      },
      "ResponseBody": null
    },
    {
      "RequestUri": "https://fakeendpoint.blob.core.windows.net/src7708a675-6fb9-4677-be96-c4a5be9bf6bb/371567f3-1672-4a48-821d-345a620bb0cc.txt",
      "RequestMethod": "PUT",
      "RequestHeaders": {
        "Accept": "application/xml",
        "Accept-Encoding": "gzip, deflate",
        "Authorization": "Sanitized",
        "Connection": "keep-alive",
        "Content-Length": "27",
        "Content-Type": "application/octet-stream",
        "If-None-Match": "*",
        "User-Agent": "azsdk-python-storage-blob/12.10.0b3 Python/3.10.0 (Windows-10-10.0.22000-SP0)",
        "x-ms-blob-type": "BlockBlob",
        "x-ms-client-request-id": "28369946-9125-11ec-b78f-b831b58100e8",
        "x-ms-date": "Sat, 19 Feb 2022 01:42:11 GMT",
        "x-ms-version": "2021-04-10"
      },
      "RequestBody": "VGhpcyBpcyB3cml0dGVuIGluIGVuZ2xpc2gu",
      "StatusCode": 201,
      "ResponseHeaders": {
        "Content-Length": "0",
        "Content-MD5": "mYgA0QpY6baiB\u002BxZp8Hk\u002BA==",
        "Date": "Sat, 19 Feb 2022 01:42:10 GMT",
        "ETag": "\u00220x8D9F3490C6C6DBD\u0022",
        "Last-Modified": "Sat, 19 Feb 2022 01:42:11 GMT",
        "Server": [
          "Windows-Azure-Blob/1.0",
          "Microsoft-HTTPAPI/2.0"
        ],
        "x-ms-client-request-id": "28369946-9125-11ec-b78f-b831b58100e8",
        "x-ms-content-crc64": "NB4xBtawP6g=",
        "x-ms-request-id": "a1071feb-301e-0035-4331-255800000000",
        "x-ms-request-server-encrypted": "true",
        "x-ms-version": "2021-04-10"
      },
      "ResponseBody": null
    },
    {
      "RequestUri": "https://fakeendpoint.blob.core.windows.net/targetaa947281-c5d7-45cf-bba0-c477793c61c9?restype=container",
      "RequestMethod": "PUT",
      "RequestHeaders": {
        "Accept": "application/xml",
        "Accept-Encoding": "gzip, deflate",
        "Authorization": "Sanitized",
        "Connection": "keep-alive",
        "Content-Length": "0",
        "User-Agent": "azsdk-python-storage-blob/12.10.0b3 Python/3.10.0 (Windows-10-10.0.22000-SP0)",
        "x-ms-client-request-id": "284cdb05-9125-11ec-8384-b831b58100e8",
        "x-ms-date": "Sat, 19 Feb 2022 01:42:11 GMT",
        "x-ms-version": "2021-04-10"
      },
      "RequestBody": null,
      "StatusCode": 201,
      "ResponseHeaders": {
        "Content-Length": "0",
        "Date": "Sat, 19 Feb 2022 01:42:11 GMT",
        "ETag": "\u00220x8D9F3490C92CD04\u0022",
        "Last-Modified": "Sat, 19 Feb 2022 01:42:11 GMT",
        "Server": [
          "Windows-Azure-Blob/1.0",
          "Microsoft-HTTPAPI/2.0"
        ],
        "x-ms-client-request-id": "284cdb05-9125-11ec-8384-b831b58100e8",
        "x-ms-request-id": "a10720c1-301e-0035-0431-255800000000",
        "x-ms-version": "2021-04-10"
      },
      "ResponseBody": null
    },
    {
      "RequestUri": "https://fakeendpoint.cognitiveservices.azure.com/translator/text/batch/v1.0/batches",
      "RequestMethod": "POST",
      "RequestHeaders": {
        "Accept": "application/json",
        "Accept-Encoding": "gzip, deflate",
        "Connection": "keep-alive",
        "Content-Length": "380",
        "Content-Type": "application/json",
        "User-Agent": "azsdk-python-ai-translation-document/1.0.0b7 Python/3.10.0 (Windows-10-10.0.22000-SP0)",
        "x-ms-client-request-id": "2874d80b-9125-11ec-b8b5-b831b58100e8"
      },
      "RequestBody": {
        "inputs": [
          {
            "source": {
              "sourceUrl": "https://fakeendpoint.blob.core.windows.net/src7708a675-6fb9-4677-be96-c4a5be9bf6bb?se=end\u0026sp=rl\u0026sv=2021-04-10\u0026sr=c\u0026sig=fake_token_value",
              "filter": {}
            },
            "targets": [
              {
                "targetUrl": "https://fakeendpoint.blob.core.windows.net/targetaa947281-c5d7-45cf-bba0-c477793c61c9?se=end\u0026sp=wl\u0026sv=2021-04-10\u0026sr=c\u0026sig=fake_token_value",
                "language": "es"
              }
            ]
          }
        ]
      },
      "StatusCode": 202,
      "ResponseHeaders": {
        "apim-request-id": "a91ac433-fce7-4f76-a10d-0a50f29f4ced",
        "Content-Length": "0",
        "Date": "Sat, 19 Feb 2022 01:42:11 GMT",
        "Operation-Location": "https://fakeendpoint.cognitiveservices.azure.com/translator/text/batch/v1.0/batches/35f6293d-66c5-44a3-a332-5b5976c152bd",
        "Set-Cookie": [
          "ARRAffinity=a374f049af0321e021a66f6ba57004d2e31d3140f1d09889270a08e39d2850a6;Path=/;HttpOnly;Secure;Domain=mtbatch.nam.microsofttranslator.com",
          "ARRAffinitySameSite=a374f049af0321e021a66f6ba57004d2e31d3140f1d09889270a08e39d2850a6;Path=/;HttpOnly;SameSite=None;Secure;Domain=mtbatch.nam.microsofttranslator.com"
        ],
        "Strict-Transport-Security": "max-age=31536000; includeSubDomains; preload",
        "X-Content-Type-Options": "nosniff",
        "X-Powered-By": "ASP.NET",
        "X-RequestId": "a91ac433-fce7-4f76-a10d-0a50f29f4ced"
      },
      "ResponseBody": null
    },
    {
      "RequestUri": "https://fakeendpoint.cognitiveservices.azure.com/translator/text/batch/v1.0/batches/35f6293d-66c5-44a3-a332-5b5976c152bd",
      "RequestMethod": "GET",
      "RequestHeaders": {
        "Accept": "*/*",
        "Accept-Encoding": "gzip, deflate",
        "Connection": "keep-alive",
        "User-Agent": "azsdk-python-ai-translation-document/1.0.0b7 Python/3.10.0 (Windows-10-10.0.22000-SP0)",
        "x-ms-client-request-id": "2874d80b-9125-11ec-b8b5-b831b58100e8"
      },
      "RequestBody": null,
      "StatusCode": 200,
      "ResponseHeaders": {
        "apim-request-id": "4609807d-10f4-4a2b-a85b-73e15b81b86d",
        "Cache-Control": "public, max-age=1",
        "Content-Encoding": "gzip",
        "Content-Type": "application/json; charset=utf-8",
        "Date": "Sat, 19 Feb 2022 01:42:12 GMT",
        "ETag": "\u00227E9E2A2EB0505F63141ACB1F309F1FC67FB705BF5E4D1F2BF2A3092897459A87\u0022",
        "Set-Cookie": [
          "ARRAffinity=09a10d9e036c982a6acf1ed7f4e9558b44845127dddc55af67b87cd656dd4d77;Path=/;HttpOnly;Secure;Domain=mtbatch.nam.microsofttranslator.com",
          "ARRAffinitySameSite=09a10d9e036c982a6acf1ed7f4e9558b44845127dddc55af67b87cd656dd4d77;Path=/;HttpOnly;SameSite=None;Secure;Domain=mtbatch.nam.microsofttranslator.com"
        ],
        "Strict-Transport-Security": "max-age=31536000; includeSubDomains; preload",
        "Transfer-Encoding": "chunked",
        "Vary": "Accept-Encoding",
        "X-Content-Type-Options": "nosniff",
        "X-Powered-By": "ASP.NET",
        "X-RequestId": "4609807d-10f4-4a2b-a85b-73e15b81b86d"
      },
      "ResponseBody": {
        "id": "35f6293d-66c5-44a3-a332-5b5976c152bd",
        "createdDateTimeUtc": "2022-02-19T01:42:12.0384805Z",
        "lastActionDateTimeUtc": "2022-02-19T01:42:12.1797579Z",
        "status": "NotStarted",
        "summary": {
          "total": 1,
          "failed": 0,
          "success": 0,
          "inProgress": 0,
          "notYetStarted": 1,
          "cancelled": 0,
          "totalCharacterCharged": 0
        }
      }
    },
    {
      "RequestUri": "https://fakeendpoint.cognitiveservices.azure.com/translator/text/batch/v1.0/batches/35f6293d-66c5-44a3-a332-5b5976c152bd",
      "RequestMethod": "GET",
      "RequestHeaders": {
        "Accept": "*/*",
        "Accept-Encoding": "gzip, deflate",
        "Connection": "keep-alive",
        "User-Agent": "azsdk-python-ai-translation-document/1.0.0b7 Python/3.10.0 (Windows-10-10.0.22000-SP0)",
        "x-ms-client-request-id": "2874d80b-9125-11ec-b8b5-b831b58100e8"
      },
      "RequestBody": null,
      "StatusCode": 200,
      "ResponseHeaders": {
        "apim-request-id": "2bf13f61-77c0-49ca-ab54-6b53650b79ee",
        "Cache-Control": "public, max-age=1",
        "Content-Encoding": "gzip",
        "Content-Type": "application/json; charset=utf-8",
        "Date": "Sat, 19 Feb 2022 01:42:13 GMT",
        "ETag": "\u00227E9E2A2EB0505F63141ACB1F309F1FC67FB705BF5E4D1F2BF2A3092897459A87\u0022",
        "Set-Cookie": [
          "ARRAffinity=a374f049af0321e021a66f6ba57004d2e31d3140f1d09889270a08e39d2850a6;Path=/;HttpOnly;Secure;Domain=mtbatch.nam.microsofttranslator.com",
          "ARRAffinitySameSite=a374f049af0321e021a66f6ba57004d2e31d3140f1d09889270a08e39d2850a6;Path=/;HttpOnly;SameSite=None;Secure;Domain=mtbatch.nam.microsofttranslator.com"
        ],
        "Strict-Transport-Security": "max-age=31536000; includeSubDomains; preload",
        "Transfer-Encoding": "chunked",
        "Vary": "Accept-Encoding",
        "X-Content-Type-Options": "nosniff",
        "X-Powered-By": "ASP.NET",
        "X-RequestId": "2bf13f61-77c0-49ca-ab54-6b53650b79ee"
      },
      "ResponseBody": {
        "id": "35f6293d-66c5-44a3-a332-5b5976c152bd",
        "createdDateTimeUtc": "2022-02-19T01:42:12.0384805Z",
        "lastActionDateTimeUtc": "2022-02-19T01:42:12.1797579Z",
        "status": "NotStarted",
        "summary": {
          "total": 1,
          "failed": 0,
          "success": 0,
          "inProgress": 0,
          "notYetStarted": 1,
          "cancelled": 0,
          "totalCharacterCharged": 0
        }
      }
    },
    {
      "RequestUri": "https://fakeendpoint.cognitiveservices.azure.com/translator/text/batch/v1.0/batches/35f6293d-66c5-44a3-a332-5b5976c152bd",
      "RequestMethod": "GET",
      "RequestHeaders": {
        "Accept": "*/*",
        "Accept-Encoding": "gzip, deflate",
        "Connection": "keep-alive",
        "User-Agent": "azsdk-python-ai-translation-document/1.0.0b7 Python/3.10.0 (Windows-10-10.0.22000-SP0)",
        "x-ms-client-request-id": "2874d80b-9125-11ec-b8b5-b831b58100e8"
      },
      "RequestBody": null,
      "StatusCode": 200,
      "ResponseHeaders": {
        "apim-request-id": "5131dab2-5c37-4006-95b3-a46b2c3faa77",
        "Cache-Control": "public, max-age=1",
        "Content-Encoding": "gzip",
        "Content-Type": "application/json; charset=utf-8",
        "Date": "Sat, 19 Feb 2022 01:42:14 GMT",
        "ETag": "\u00222C7B96A84B0555C807A78EDC5FEB550D671BB9C7885E020C6C886B223D512F49\u0022",
        "Set-Cookie": [
          "ARRAffinity=09a10d9e036c982a6acf1ed7f4e9558b44845127dddc55af67b87cd656dd4d77;Path=/;HttpOnly;Secure;Domain=mtbatch.nam.microsofttranslator.com",
          "ARRAffinitySameSite=09a10d9e036c982a6acf1ed7f4e9558b44845127dddc55af67b87cd656dd4d77;Path=/;HttpOnly;SameSite=None;Secure;Domain=mtbatch.nam.microsofttranslator.com"
        ],
        "Strict-Transport-Security": "max-age=31536000; includeSubDomains; preload",
        "Transfer-Encoding": "chunked",
        "Vary": "Accept-Encoding",
        "X-Content-Type-Options": "nosniff",
        "X-Powered-By": "ASP.NET",
        "X-RequestId": "5131dab2-5c37-4006-95b3-a46b2c3faa77"
      },
      "ResponseBody": {
        "id": "35f6293d-66c5-44a3-a332-5b5976c152bd",
        "createdDateTimeUtc": "2022-02-19T01:42:12.0384805Z",
        "lastActionDateTimeUtc": "2022-02-19T01:42:15.0245537Z",
        "status": "Running",
        "summary": {
          "total": 1,
          "failed": 0,
          "success": 0,
          "inProgress": 1,
          "notYetStarted": 0,
          "cancelled": 0,
          "totalCharacterCharged": 0
        }
      }
    },
    {
      "RequestUri": "https://fakeendpoint.cognitiveservices.azure.com/translator/text/batch/v1.0/batches/35f6293d-66c5-44a3-a332-5b5976c152bd",
      "RequestMethod": "GET",
      "RequestHeaders": {
        "Accept": "*/*",
        "Accept-Encoding": "gzip, deflate",
        "Connection": "keep-alive",
        "User-Agent": "azsdk-python-ai-translation-document/1.0.0b7 Python/3.10.0 (Windows-10-10.0.22000-SP0)",
        "x-ms-client-request-id": "2874d80b-9125-11ec-b8b5-b831b58100e8"
      },
      "RequestBody": null,
      "StatusCode": 200,
      "ResponseHeaders": {
        "apim-request-id": "28962410-cfa2-462f-9b5c-dde38eef5a66",
        "Cache-Control": "public, max-age=1",
        "Content-Encoding": "gzip",
        "Content-Type": "application/json; charset=utf-8",
        "Date": "Sat, 19 Feb 2022 01:42:15 GMT",
        "ETag": "\u0022F54B077C21680B43CDDF14A871AE0421B4CD5C985AEA0BABA52D8FC9615C8F12\u0022",
        "Set-Cookie": [
          "ARRAffinity=a374f049af0321e021a66f6ba57004d2e31d3140f1d09889270a08e39d2850a6;Path=/;HttpOnly;Secure;Domain=mtbatch.nam.microsofttranslator.com",
          "ARRAffinitySameSite=a374f049af0321e021a66f6ba57004d2e31d3140f1d09889270a08e39d2850a6;Path=/;HttpOnly;SameSite=None;Secure;Domain=mtbatch.nam.microsofttranslator.com"
        ],
        "Strict-Transport-Security": "max-age=31536000; includeSubDomains; preload",
        "Transfer-Encoding": "chunked",
        "Vary": "Accept-Encoding",
        "X-Content-Type-Options": "nosniff",
        "X-Powered-By": "ASP.NET",
        "X-RequestId": "28962410-cfa2-462f-9b5c-dde38eef5a66"
      },
      "ResponseBody": {
        "id": "35f6293d-66c5-44a3-a332-5b5976c152bd",
        "createdDateTimeUtc": "2022-02-19T01:42:12.0384805Z",
        "lastActionDateTimeUtc": "2022-02-19T01:42:15.3758819Z",
        "status": "Running",
        "summary": {
          "total": 1,
          "failed": 0,
          "success": 0,
          "inProgress": 1,
          "notYetStarted": 0,
          "cancelled": 0,
          "totalCharacterCharged": 0
        }
      }
    },
    {
      "RequestUri": "https://fakeendpoint.cognitiveservices.azure.com/translator/text/batch/v1.0/batches/35f6293d-66c5-44a3-a332-5b5976c152bd",
      "RequestMethod": "GET",
      "RequestHeaders": {
        "Accept": "*/*",
        "Accept-Encoding": "gzip, deflate",
        "Connection": "keep-alive",
        "User-Agent": "azsdk-python-ai-translation-document/1.0.0b7 Python/3.10.0 (Windows-10-10.0.22000-SP0)",
        "x-ms-client-request-id": "2874d80b-9125-11ec-b8b5-b831b58100e8"
      },
      "RequestBody": null,
      "StatusCode": 200,
      "ResponseHeaders": {
        "apim-request-id": "af42879c-816a-45df-903e-bcf770de381f",
        "Cache-Control": "public, max-age=1",
        "Content-Encoding": "gzip",
        "Content-Type": "application/json; charset=utf-8",
        "Date": "Sat, 19 Feb 2022 01:42:17 GMT",
        "ETag": "\u0022F54B077C21680B43CDDF14A871AE0421B4CD5C985AEA0BABA52D8FC9615C8F12\u0022",
        "Set-Cookie": [
          "ARRAffinity=09a10d9e036c982a6acf1ed7f4e9558b44845127dddc55af67b87cd656dd4d77;Path=/;HttpOnly;Secure;Domain=mtbatch.nam.microsofttranslator.com",
          "ARRAffinitySameSite=09a10d9e036c982a6acf1ed7f4e9558b44845127dddc55af67b87cd656dd4d77;Path=/;HttpOnly;SameSite=None;Secure;Domain=mtbatch.nam.microsofttranslator.com"
        ],
        "Strict-Transport-Security": "max-age=31536000; includeSubDomains; preload",
        "Transfer-Encoding": "chunked",
        "Vary": "Accept-Encoding",
        "X-Content-Type-Options": "nosniff",
        "X-Powered-By": "ASP.NET",
        "X-RequestId": "af42879c-816a-45df-903e-bcf770de381f"
      },
      "ResponseBody": {
        "id": "35f6293d-66c5-44a3-a332-5b5976c152bd",
        "createdDateTimeUtc": "2022-02-19T01:42:12.0384805Z",
        "lastActionDateTimeUtc": "2022-02-19T01:42:15.3758819Z",
        "status": "Running",
        "summary": {
          "total": 1,
          "failed": 0,
          "success": 0,
          "inProgress": 1,
          "notYetStarted": 0,
          "cancelled": 0,
          "totalCharacterCharged": 0
        }
      }
    },
    {
      "RequestUri": "https://fakeendpoint.cognitiveservices.azure.com/translator/text/batch/v1.0/batches/35f6293d-66c5-44a3-a332-5b5976c152bd",
      "RequestMethod": "GET",
      "RequestHeaders": {
        "Accept": "*/*",
        "Accept-Encoding": "gzip, deflate",
        "Connection": "keep-alive",
        "User-Agent": "azsdk-python-ai-translation-document/1.0.0b7 Python/3.10.0 (Windows-10-10.0.22000-SP0)",
        "x-ms-client-request-id": "2874d80b-9125-11ec-b8b5-b831b58100e8"
      },
      "RequestBody": null,
      "StatusCode": 200,
      "ResponseHeaders": {
        "apim-request-id": "9445c8a9-2510-4ff6-8006-1d9b0e5df944",
        "Cache-Control": "public, max-age=1",
        "Content-Encoding": "gzip",
        "Content-Type": "application/json; charset=utf-8",
        "Date": "Sat, 19 Feb 2022 01:42:18 GMT",
        "ETag": "\u00228761E7FC78FCDA75B43B7C47F74B7F3F653BB69FDBE55F228B6E4242EDB5BD96\u0022",
        "Set-Cookie": [
          "ARRAffinity=a374f049af0321e021a66f6ba57004d2e31d3140f1d09889270a08e39d2850a6;Path=/;HttpOnly;Secure;Domain=mtbatch.nam.microsofttranslator.com",
          "ARRAffinitySameSite=a374f049af0321e021a66f6ba57004d2e31d3140f1d09889270a08e39d2850a6;Path=/;HttpOnly;SameSite=None;Secure;Domain=mtbatch.nam.microsofttranslator.com"
        ],
        "Strict-Transport-Security": "max-age=31536000; includeSubDomains; preload",
        "Transfer-Encoding": "chunked",
        "Vary": "Accept-Encoding",
        "X-Content-Type-Options": "nosniff",
        "X-Powered-By": "ASP.NET",
        "X-RequestId": "9445c8a9-2510-4ff6-8006-1d9b0e5df944"
      },
      "ResponseBody": {
        "id": "35f6293d-66c5-44a3-a332-5b5976c152bd",
        "createdDateTimeUtc": "2022-02-19T01:42:12.0384805Z",
        "lastActionDateTimeUtc": "2022-02-19T01:42:18.2223101Z",
        "status": "Succeeded",
        "summary": {
          "total": 1,
          "failed": 0,
          "success": 1,
          "inProgress": 0,
          "notYetStarted": 0,
          "cancelled": 0,
          "totalCharacterCharged": 27
        }
      }
    },
    {
      "RequestUri": "https://fakeendpoint.blob.core.windows.net/src0b695f7a-5e0c-495e-b13d-024773c61a88?restype=container",
      "RequestMethod": "PUT",
      "RequestHeaders": {
        "Accept": "application/xml",
        "Accept-Encoding": "gzip, deflate",
        "Authorization": "Sanitized",
        "Connection": "keep-alive",
        "Content-Length": "0",
        "User-Agent": "azsdk-python-storage-blob/12.10.0b3 Python/3.10.0 (Windows-10-10.0.22000-SP0)",
        "x-ms-client-request-id": "2c44e70e-9125-11ec-97e0-b831b58100e8",
        "x-ms-date": "Sat, 19 Feb 2022 01:42:18 GMT",
        "x-ms-version": "2021-04-10"
      },
      "RequestBody": null,
      "StatusCode": 201,
      "ResponseHeaders": {
        "Content-Length": "0",
        "Date": "Sat, 19 Feb 2022 01:42:17 GMT",
        "ETag": "\u00220x8D9F349107DF398\u0022",
        "Last-Modified": "Sat, 19 Feb 2022 01:42:18 GMT",
        "Server": [
          "Windows-Azure-Blob/1.0",
          "Microsoft-HTTPAPI/2.0"
        ],
        "x-ms-client-request-id": "2c44e70e-9125-11ec-97e0-b831b58100e8",
        "x-ms-request-id": "a1073eaf-301e-0035-1031-255800000000",
        "x-ms-version": "2021-04-10"
      },
      "ResponseBody": null
    },
    {
      "RequestUri": "https://fakeendpoint.blob.core.windows.net/src0b695f7a-5e0c-495e-b13d-024773c61a88/4d62ae44-862e-41bb-b12c-65f59b399c7e.txt",
      "RequestMethod": "PUT",
      "RequestHeaders": {
        "Accept": "application/xml",
        "Accept-Encoding": "gzip, deflate",
        "Authorization": "Sanitized",
        "Connection": "keep-alive",
        "Content-Length": "27",
        "Content-Type": "application/octet-stream",
        "If-None-Match": "*",
        "User-Agent": "azsdk-python-storage-blob/12.10.0b3 Python/3.10.0 (Windows-10-10.0.22000-SP0)",
        "x-ms-blob-type": "BlockBlob",
        "x-ms-client-request-id": "2c4e15a9-9125-11ec-9a6c-b831b58100e8",
        "x-ms-date": "Sat, 19 Feb 2022 01:42:18 GMT",
        "x-ms-version": "2021-04-10"
      },
      "RequestBody": "VGhpcyBpcyB3cml0dGVuIGluIGVuZ2xpc2gu",
      "StatusCode": 201,
      "ResponseHeaders": {
        "Content-Length": "0",
        "Content-MD5": "mYgA0QpY6baiB\u002BxZp8Hk\u002BA==",
        "Date": "Sat, 19 Feb 2022 01:42:17 GMT",
        "ETag": "\u00220x8D9F3491083F53B\u0022",
        "Last-Modified": "Sat, 19 Feb 2022 01:42:18 GMT",
        "Server": [
          "Windows-Azure-Blob/1.0",
          "Microsoft-HTTPAPI/2.0"
        ],
        "x-ms-client-request-id": "2c4e15a9-9125-11ec-9a6c-b831b58100e8",
        "x-ms-content-crc64": "NB4xBtawP6g=",
        "x-ms-request-id": "a1073ef5-301e-0035-4e31-255800000000",
        "x-ms-request-server-encrypted": "true",
        "x-ms-version": "2021-04-10"
      },
      "ResponseBody": null
    },
    {
      "RequestUri": "https://fakeendpoint.blob.core.windows.net/target756d67c0-a0e8-4ec1-b1d6-dd974891b036?restype=container",
      "RequestMethod": "PUT",
      "RequestHeaders": {
        "Accept": "application/xml",
        "Accept-Encoding": "gzip, deflate",
        "Authorization": "Sanitized",
        "Connection": "keep-alive",
        "Content-Length": "0",
        "User-Agent": "azsdk-python-storage-blob/12.10.0b3 Python/3.10.0 (Windows-10-10.0.22000-SP0)",
        "x-ms-client-request-id": "2c65a9e7-9125-11ec-8618-b831b58100e8",
        "x-ms-date": "Sat, 19 Feb 2022 01:42:18 GMT",
        "x-ms-version": "2021-04-10"
      },
      "RequestBody": null,
      "StatusCode": 201,
      "ResponseHeaders": {
        "Content-Length": "0",
        "Date": "Sat, 19 Feb 2022 01:42:17 GMT",
        "ETag": "\u00220x8D9F349109DFA0B\u0022",
        "Last-Modified": "Sat, 19 Feb 2022 01:42:18 GMT",
        "Server": [
          "Windows-Azure-Blob/1.0",
          "Microsoft-HTTPAPI/2.0"
        ],
        "x-ms-client-request-id": "2c65a9e7-9125-11ec-8618-b831b58100e8",
        "x-ms-request-id": "a1073fbe-301e-0035-0231-255800000000",
        "x-ms-version": "2021-04-10"
      },
      "ResponseBody": null
    },
    {
      "RequestUri": "https://fakeendpoint.cognitiveservices.azure.com/translator/text/batch/v1.0/batches",
      "RequestMethod": "POST",
      "RequestHeaders": {
        "Accept": "application/json",
        "Accept-Encoding": "gzip, deflate",
        "Connection": "keep-alive",
        "Content-Length": "380",
        "Content-Type": "application/json",
        "User-Agent": "azsdk-python-ai-translation-document/1.0.0b7 Python/3.10.0 (Windows-10-10.0.22000-SP0)",
        "x-ms-client-request-id": "2c807486-9125-11ec-83d8-b831b58100e8"
      },
      "RequestBody": {
        "inputs": [
          {
            "source": {
              "sourceUrl": "https://fakeendpoint.blob.core.windows.net/src0b695f7a-5e0c-495e-b13d-024773c61a88?se=end\u0026sp=rl\u0026sv=2021-04-10\u0026sr=c\u0026sig=fake_token_value",
              "filter": {}
            },
            "targets": [
              {
                "targetUrl": "https://fakeendpoint.blob.core.windows.net/target756d67c0-a0e8-4ec1-b1d6-dd974891b036?se=end\u0026sp=wl\u0026sv=2021-04-10\u0026sr=c\u0026sig=fake_token_value",
                "language": "es"
              }
            ]
          }
        ]
      },
      "StatusCode": 202,
      "ResponseHeaders": {
        "apim-request-id": "c3f8f676-39d2-4510-bee6-7598d43454cb",
        "Content-Length": "0",
        "Date": "Sat, 19 Feb 2022 01:42:18 GMT",
        "Operation-Location": "https://fakeendpoint.cognitiveservices.azure.com/translator/text/batch/v1.0/batches/a736ec87-451a-4309-9ecc-735c8b7f038d",
        "Set-Cookie": [
          "ARRAffinity=09a10d9e036c982a6acf1ed7f4e9558b44845127dddc55af67b87cd656dd4d77;Path=/;HttpOnly;Secure;Domain=mtbatch.nam.microsofttranslator.com",
          "ARRAffinitySameSite=09a10d9e036c982a6acf1ed7f4e9558b44845127dddc55af67b87cd656dd4d77;Path=/;HttpOnly;SameSite=None;Secure;Domain=mtbatch.nam.microsofttranslator.com"
        ],
        "Strict-Transport-Security": "max-age=31536000; includeSubDomains; preload",
        "X-Content-Type-Options": "nosniff",
        "X-Powered-By": "ASP.NET",
        "X-RequestId": "c3f8f676-39d2-4510-bee6-7598d43454cb"
      },
      "ResponseBody": null
    },
    {
      "RequestUri": "https://fakeendpoint.cognitiveservices.azure.com/translator/text/batch/v1.0/batches/a736ec87-451a-4309-9ecc-735c8b7f038d",
      "RequestMethod": "GET",
      "RequestHeaders": {
        "Accept": "*/*",
        "Accept-Encoding": "gzip, deflate",
        "Connection": "keep-alive",
        "User-Agent": "azsdk-python-ai-translation-document/1.0.0b7 Python/3.10.0 (Windows-10-10.0.22000-SP0)",
        "x-ms-client-request-id": "2c807486-9125-11ec-83d8-b831b58100e8"
      },
      "RequestBody": null,
      "StatusCode": 200,
      "ResponseHeaders": {
        "apim-request-id": "15ea2a53-5cc0-45f3-8230-325aefd50b7c",
        "Cache-Control": "public, max-age=1",
        "Content-Encoding": "gzip",
        "Content-Type": "application/json; charset=utf-8",
        "Date": "Sat, 19 Feb 2022 01:42:19 GMT",
        "ETag": "\u0022C62207192C756C2C55FE61702AB4F13CB0D698C16C392D92DB4AE91E8032AB4F\u0022",
        "Set-Cookie": [
          "ARRAffinity=a374f049af0321e021a66f6ba57004d2e31d3140f1d09889270a08e39d2850a6;Path=/;HttpOnly;Secure;Domain=mtbatch.nam.microsofttranslator.com",
          "ARRAffinitySameSite=a374f049af0321e021a66f6ba57004d2e31d3140f1d09889270a08e39d2850a6;Path=/;HttpOnly;SameSite=None;Secure;Domain=mtbatch.nam.microsofttranslator.com"
        ],
        "Strict-Transport-Security": "max-age=31536000; includeSubDomains; preload",
        "Transfer-Encoding": "chunked",
        "Vary": "Accept-Encoding",
        "X-Content-Type-Options": "nosniff",
        "X-Powered-By": "ASP.NET",
        "X-RequestId": "15ea2a53-5cc0-45f3-8230-325aefd50b7c"
      },
      "ResponseBody": {
        "id": "a736ec87-451a-4309-9ecc-735c8b7f038d",
        "createdDateTimeUtc": "2022-02-19T01:42:18.8211081Z",
        "lastActionDateTimeUtc": "2022-02-19T01:42:19.8440114Z",
        "status": "Running",
        "summary": {
          "total": 1,
          "failed": 0,
          "success": 0,
          "inProgress": 1,
          "notYetStarted": 0,
          "cancelled": 0,
          "totalCharacterCharged": 0
        }
      }
    },
    {
      "RequestUri": "https://fakeendpoint.cognitiveservices.azure.com/translator/text/batch/v1.0/batches/a736ec87-451a-4309-9ecc-735c8b7f038d",
      "RequestMethod": "GET",
      "RequestHeaders": {
        "Accept": "*/*",
        "Accept-Encoding": "gzip, deflate",
        "Connection": "keep-alive",
        "User-Agent": "azsdk-python-ai-translation-document/1.0.0b7 Python/3.10.0 (Windows-10-10.0.22000-SP0)",
        "x-ms-client-request-id": "2c807486-9125-11ec-83d8-b831b58100e8"
      },
      "RequestBody": null,
      "StatusCode": 200,
      "ResponseHeaders": {
        "apim-request-id": "ae03cdf5-72d2-4cb1-ba46-77396743faf1",
        "Cache-Control": "public, max-age=1",
        "Content-Encoding": "gzip",
        "Content-Type": "application/json; charset=utf-8",
        "Date": "Sat, 19 Feb 2022 01:42:20 GMT",
        "ETag": "\u0022C62207192C756C2C55FE61702AB4F13CB0D698C16C392D92DB4AE91E8032AB4F\u0022",
        "Set-Cookie": [
          "ARRAffinity=09a10d9e036c982a6acf1ed7f4e9558b44845127dddc55af67b87cd656dd4d77;Path=/;HttpOnly;Secure;Domain=mtbatch.nam.microsofttranslator.com",
          "ARRAffinitySameSite=09a10d9e036c982a6acf1ed7f4e9558b44845127dddc55af67b87cd656dd4d77;Path=/;HttpOnly;SameSite=None;Secure;Domain=mtbatch.nam.microsofttranslator.com"
        ],
        "Strict-Transport-Security": "max-age=31536000; includeSubDomains; preload",
        "Transfer-Encoding": "chunked",
        "Vary": "Accept-Encoding",
        "X-Content-Type-Options": "nosniff",
        "X-Powered-By": "ASP.NET",
        "X-RequestId": "ae03cdf5-72d2-4cb1-ba46-77396743faf1"
      },
      "ResponseBody": {
        "id": "a736ec87-451a-4309-9ecc-735c8b7f038d",
        "createdDateTimeUtc": "2022-02-19T01:42:18.8211081Z",
        "lastActionDateTimeUtc": "2022-02-19T01:42:19.8440114Z",
        "status": "Running",
        "summary": {
          "total": 1,
          "failed": 0,
          "success": 0,
          "inProgress": 1,
          "notYetStarted": 0,
          "cancelled": 0,
          "totalCharacterCharged": 0
        }
      }
    },
    {
      "RequestUri": "https://fakeendpoint.cognitiveservices.azure.com/translator/text/batch/v1.0/batches/a736ec87-451a-4309-9ecc-735c8b7f038d",
      "RequestMethod": "GET",
      "RequestHeaders": {
        "Accept": "*/*",
        "Accept-Encoding": "gzip, deflate",
        "Connection": "keep-alive",
        "User-Agent": "azsdk-python-ai-translation-document/1.0.0b7 Python/3.10.0 (Windows-10-10.0.22000-SP0)",
        "x-ms-client-request-id": "2c807486-9125-11ec-83d8-b831b58100e8"
      },
      "RequestBody": null,
      "StatusCode": 200,
      "ResponseHeaders": {
        "apim-request-id": "b4cb11d3-d636-47ad-909a-acedbdf76752",
        "Cache-Control": "public, max-age=1",
        "Content-Encoding": "gzip",
        "Content-Type": "application/json; charset=utf-8",
        "Date": "Sat, 19 Feb 2022 01:42:21 GMT",
        "ETag": "\u0022336D29296AEE843F9E0EFE7063E0C4F3CE4245141BAEC9B6FD3E96221A9B384A\u0022",
        "Set-Cookie": [
          "ARRAffinity=a374f049af0321e021a66f6ba57004d2e31d3140f1d09889270a08e39d2850a6;Path=/;HttpOnly;Secure;Domain=mtbatch.nam.microsofttranslator.com",
          "ARRAffinitySameSite=a374f049af0321e021a66f6ba57004d2e31d3140f1d09889270a08e39d2850a6;Path=/;HttpOnly;SameSite=None;Secure;Domain=mtbatch.nam.microsofttranslator.com"
        ],
        "Strict-Transport-Security": "max-age=31536000; includeSubDomains; preload",
        "Transfer-Encoding": "chunked",
        "Vary": "Accept-Encoding",
        "X-Content-Type-Options": "nosniff",
        "X-Powered-By": "ASP.NET",
        "X-RequestId": "b4cb11d3-d636-47ad-909a-acedbdf76752"
      },
      "ResponseBody": {
        "id": "a736ec87-451a-4309-9ecc-735c8b7f038d",
        "createdDateTimeUtc": "2022-02-19T01:42:18.8211081Z",
        "lastActionDateTimeUtc": "2022-02-19T01:42:21.3601851Z",
        "status": "Succeeded",
        "summary": {
          "total": 1,
          "failed": 0,
          "success": 1,
          "inProgress": 0,
          "notYetStarted": 0,
          "cancelled": 0,
          "totalCharacterCharged": 27
        }
      }
    },
    {
      "RequestUri": "https://fakeendpoint.blob.core.windows.net/src84cbba9e-b8ad-4e0f-b892-4bcf8c838dd3?restype=container",
      "RequestMethod": "PUT",
      "RequestHeaders": {
        "Accept": "application/xml",
        "Accept-Encoding": "gzip, deflate",
        "Authorization": "Sanitized",
        "Connection": "keep-alive",
        "Content-Length": "0",
        "User-Agent": "azsdk-python-storage-blob/12.10.0b3 Python/3.10.0 (Windows-10-10.0.22000-SP0)",
        "x-ms-client-request-id": "2e6e2d40-9125-11ec-965c-b831b58100e8",
        "x-ms-date": "Sat, 19 Feb 2022 01:42:22 GMT",
        "x-ms-version": "2021-04-10"
      },
      "RequestBody": null,
      "StatusCode": 201,
      "ResponseHeaders": {
        "Content-Length": "0",
        "Date": "Sat, 19 Feb 2022 01:42:21 GMT",
        "ETag": "\u00220x8D9F34912A69D60\u0022",
        "Last-Modified": "Sat, 19 Feb 2022 01:42:22 GMT",
        "Server": [
          "Windows-Azure-Blob/1.0",
          "Microsoft-HTTPAPI/2.0"
        ],
        "x-ms-client-request-id": "2e6e2d40-9125-11ec-965c-b831b58100e8",
        "x-ms-request-id": "a1074eca-301e-0035-5231-255800000000",
        "x-ms-version": "2021-04-10"
      },
      "ResponseBody": null
    },
    {
      "RequestUri": "https://fakeendpoint.blob.core.windows.net/src84cbba9e-b8ad-4e0f-b892-4bcf8c838dd3/f320a0c1-aaa9-4cc7-98bf-7e26d0033db1.txt",
      "RequestMethod": "PUT",
      "RequestHeaders": {
        "Accept": "application/xml",
        "Accept-Encoding": "gzip, deflate",
        "Authorization": "Sanitized",
        "Connection": "keep-alive",
        "Content-Length": "27",
        "Content-Type": "application/octet-stream",
        "If-None-Match": "*",
        "User-Agent": "azsdk-python-storage-blob/12.10.0b3 Python/3.10.0 (Windows-10-10.0.22000-SP0)",
        "x-ms-blob-type": "BlockBlob",
        "x-ms-client-request-id": "2e76ac03-9125-11ec-b8b9-b831b58100e8",
        "x-ms-date": "Sat, 19 Feb 2022 01:42:22 GMT",
        "x-ms-version": "2021-04-10"
      },
      "RequestBody": "VGhpcyBpcyB3cml0dGVuIGluIGVuZ2xpc2gu",
      "StatusCode": 201,
      "ResponseHeaders": {
        "Content-Length": "0",
        "Content-MD5": "mYgA0QpY6baiB\u002BxZp8Hk\u002BA==",
        "Date": "Sat, 19 Feb 2022 01:42:21 GMT",
        "ETag": "\u00220x8D9F34912AC9F1B\u0022",
        "Last-Modified": "Sat, 19 Feb 2022 01:42:22 GMT",
        "Server": [
          "Windows-Azure-Blob/1.0",
          "Microsoft-HTTPAPI/2.0"
        ],
        "x-ms-client-request-id": "2e76ac03-9125-11ec-b8b9-b831b58100e8",
        "x-ms-content-crc64": "NB4xBtawP6g=",
        "x-ms-request-id": "a1074f03-301e-0035-0931-255800000000",
        "x-ms-request-server-encrypted": "true",
        "x-ms-version": "2021-04-10"
      },
      "ResponseBody": null
    },
    {
      "RequestUri": "https://fakeendpoint.blob.core.windows.net/targete47eb52d-76ac-4fd0-a2da-26988d2f78be?restype=container",
      "RequestMethod": "PUT",
      "RequestHeaders": {
        "Accept": "application/xml",
        "Accept-Encoding": "gzip, deflate",
        "Authorization": "Sanitized",
        "Connection": "keep-alive",
        "Content-Length": "0",
        "User-Agent": "azsdk-python-storage-blob/12.10.0b3 Python/3.10.0 (Windows-10-10.0.22000-SP0)",
        "x-ms-client-request-id": "2e8fd250-9125-11ec-9303-b831b58100e8",
        "x-ms-date": "Sat, 19 Feb 2022 01:42:22 GMT",
        "x-ms-version": "2021-04-10"
      },
      "RequestBody": null,
      "StatusCode": 201,
      "ResponseHeaders": {
        "Content-Length": "0",
        "Date": "Sat, 19 Feb 2022 01:42:21 GMT",
        "ETag": "\u00220x8D9F34912C8032C\u0022",
        "Last-Modified": "Sat, 19 Feb 2022 01:42:22 GMT",
        "Server": [
          "Windows-Azure-Blob/1.0",
          "Microsoft-HTTPAPI/2.0"
        ],
        "x-ms-client-request-id": "2e8fd250-9125-11ec-9303-b831b58100e8",
        "x-ms-request-id": "a1074f96-301e-0035-0f31-255800000000",
        "x-ms-version": "2021-04-10"
      },
      "ResponseBody": null
    },
    {
      "RequestUri": "https://fakeendpoint.cognitiveservices.azure.com/translator/text/batch/v1.0/batches",
      "RequestMethod": "POST",
      "RequestHeaders": {
        "Accept": "application/json",
        "Accept-Encoding": "gzip, deflate",
        "Connection": "keep-alive",
        "Content-Length": "380",
        "Content-Type": "application/json",
        "User-Agent": "azsdk-python-ai-translation-document/1.0.0b7 Python/3.10.0 (Windows-10-10.0.22000-SP0)",
        "x-ms-client-request-id": "2ea90b42-9125-11ec-99a3-b831b58100e8"
      },
      "RequestBody": {
        "inputs": [
          {
            "source": {
              "sourceUrl": "https://fakeendpoint.blob.core.windows.net/src84cbba9e-b8ad-4e0f-b892-4bcf8c838dd3?se=end\u0026sp=rl\u0026sv=2021-04-10\u0026sr=c\u0026sig=fake_token_value",
              "filter": {}
            },
            "targets": [
              {
                "targetUrl": "https://fakeendpoint.blob.core.windows.net/targete47eb52d-76ac-4fd0-a2da-26988d2f78be?se=end\u0026sp=wl\u0026sv=2021-04-10\u0026sr=c\u0026sig=fake_token_value",
                "language": "es"
              }
            ]
          }
        ]
      },
      "StatusCode": 202,
      "ResponseHeaders": {
        "apim-request-id": "43cdce2a-e41c-49c4-b5fd-48b117b797e5",
        "Content-Length": "0",
        "Date": "Sat, 19 Feb 2022 01:42:21 GMT",
        "Operation-Location": "https://fakeendpoint.cognitiveservices.azure.com/translator/text/batch/v1.0/batches/75975495-3979-426f-9903-15194a4c61ac",
        "Set-Cookie": [
          "ARRAffinity=09a10d9e036c982a6acf1ed7f4e9558b44845127dddc55af67b87cd656dd4d77;Path=/;HttpOnly;Secure;Domain=mtbatch.nam.microsofttranslator.com",
          "ARRAffinitySameSite=09a10d9e036c982a6acf1ed7f4e9558b44845127dddc55af67b87cd656dd4d77;Path=/;HttpOnly;SameSite=None;Secure;Domain=mtbatch.nam.microsofttranslator.com"
        ],
        "Strict-Transport-Security": "max-age=31536000; includeSubDomains; preload",
        "X-Content-Type-Options": "nosniff",
        "X-Powered-By": "ASP.NET",
        "X-RequestId": "43cdce2a-e41c-49c4-b5fd-48b117b797e5"
      },
      "ResponseBody": null
    },
    {
      "RequestUri": "https://fakeendpoint.cognitiveservices.azure.com/translator/text/batch/v1.0/batches/75975495-3979-426f-9903-15194a4c61ac",
      "RequestMethod": "GET",
      "RequestHeaders": {
        "Accept": "*/*",
        "Accept-Encoding": "gzip, deflate",
        "Connection": "keep-alive",
        "User-Agent": "azsdk-python-ai-translation-document/1.0.0b7 Python/3.10.0 (Windows-10-10.0.22000-SP0)",
        "x-ms-client-request-id": "2ea90b42-9125-11ec-99a3-b831b58100e8"
      },
      "RequestBody": null,
      "StatusCode": 200,
      "ResponseHeaders": {
        "apim-request-id": "468cd3d0-fe2e-41bb-9b88-4d425f19bca6",
        "Cache-Control": "public, max-age=1",
        "Content-Encoding": "gzip",
        "Content-Type": "application/json; charset=utf-8",
        "Date": "Sat, 19 Feb 2022 01:42:23 GMT",
        "ETag": "\u00222AAC4A0C4A59144CB072FBC099622C4B2FAF09F175F4D131A27FB96002946EB7\u0022",
        "Set-Cookie": [
          "ARRAffinity=a374f049af0321e021a66f6ba57004d2e31d3140f1d09889270a08e39d2850a6;Path=/;HttpOnly;Secure;Domain=mtbatch.nam.microsofttranslator.com",
          "ARRAffinitySameSite=a374f049af0321e021a66f6ba57004d2e31d3140f1d09889270a08e39d2850a6;Path=/;HttpOnly;SameSite=None;Secure;Domain=mtbatch.nam.microsofttranslator.com"
        ],
        "Strict-Transport-Security": "max-age=31536000; includeSubDomains; preload",
        "Transfer-Encoding": "chunked",
        "Vary": "Accept-Encoding",
        "X-Content-Type-Options": "nosniff",
        "X-Powered-By": "ASP.NET",
        "X-RequestId": "468cd3d0-fe2e-41bb-9b88-4d425f19bca6"
      },
      "ResponseBody": {
        "id": "75975495-3979-426f-9903-15194a4c61ac",
        "createdDateTimeUtc": "2022-02-19T01:42:22.4434878Z",
        "lastActionDateTimeUtc": "2022-02-19T01:42:22.9535329Z",
        "status": "Running",
        "summary": {
          "total": 1,
          "failed": 0,
          "success": 0,
          "inProgress": 1,
          "notYetStarted": 0,
          "cancelled": 0,
          "totalCharacterCharged": 0
        }
      }
    },
    {
      "RequestUri": "https://fakeendpoint.cognitiveservices.azure.com/translator/text/batch/v1.0/batches/75975495-3979-426f-9903-15194a4c61ac",
      "RequestMethod": "GET",
      "RequestHeaders": {
        "Accept": "*/*",
        "Accept-Encoding": "gzip, deflate",
        "Connection": "keep-alive",
        "User-Agent": "azsdk-python-ai-translation-document/1.0.0b7 Python/3.10.0 (Windows-10-10.0.22000-SP0)",
        "x-ms-client-request-id": "2ea90b42-9125-11ec-99a3-b831b58100e8"
      },
      "RequestBody": null,
      "StatusCode": 200,
      "ResponseHeaders": {
        "apim-request-id": "c336bf0b-f518-49c0-8883-13c61e3beddf",
        "Cache-Control": "public, max-age=1",
        "Content-Encoding": "gzip",
        "Content-Type": "application/json; charset=utf-8",
        "Date": "Sat, 19 Feb 2022 01:42:24 GMT",
        "ETag": "\u0022CB7168A951FA2D8754EFFE79BC6AF39D1A178F9DDB813518C4E2BDF0E2BD21F1\u0022",
        "Set-Cookie": [
          "ARRAffinity=09a10d9e036c982a6acf1ed7f4e9558b44845127dddc55af67b87cd656dd4d77;Path=/;HttpOnly;Secure;Domain=mtbatch.nam.microsofttranslator.com",
          "ARRAffinitySameSite=09a10d9e036c982a6acf1ed7f4e9558b44845127dddc55af67b87cd656dd4d77;Path=/;HttpOnly;SameSite=None;Secure;Domain=mtbatch.nam.microsofttranslator.com"
        ],
        "Strict-Transport-Security": "max-age=31536000; includeSubDomains; preload",
        "Transfer-Encoding": "chunked",
        "Vary": "Accept-Encoding",
        "X-Content-Type-Options": "nosniff",
        "X-Powered-By": "ASP.NET",
        "X-RequestId": "c336bf0b-f518-49c0-8883-13c61e3beddf"
      },
      "ResponseBody": {
        "id": "75975495-3979-426f-9903-15194a4c61ac",
        "createdDateTimeUtc": "2022-02-19T01:42:22.4434878Z",
        "lastActionDateTimeUtc": "2022-02-19T01:42:24.342836Z",
        "status": "Succeeded",
        "summary": {
          "total": 1,
          "failed": 0,
          "success": 1,
          "inProgress": 0,
          "notYetStarted": 0,
          "cancelled": 0,
          "totalCharacterCharged": 27
        }
      }
    },
    {
      "RequestUri": "https://fakeendpoint.blob.core.windows.net/srcaa6e6335-a07f-469d-a7ab-f524540af17f?restype=container",
      "RequestMethod": "PUT",
      "RequestHeaders": {
        "Accept": "application/xml",
        "Accept-Encoding": "gzip, deflate",
        "Authorization": "Sanitized",
        "Connection": "keep-alive",
        "Content-Length": "0",
        "User-Agent": "azsdk-python-storage-blob/12.10.0b3 Python/3.10.0 (Windows-10-10.0.22000-SP0)",
        "x-ms-client-request-id": "2ff600c9-9125-11ec-aa5d-b831b58100e8",
        "x-ms-date": "Sat, 19 Feb 2022 01:42:24 GMT",
        "x-ms-version": "2021-04-10"
      },
      "RequestBody": null,
      "StatusCode": 201,
      "ResponseHeaders": {
        "Content-Length": "0",
        "Date": "Sat, 19 Feb 2022 01:42:23 GMT",
        "ETag": "\u00220x8D9F349142E63B3\u0022",
        "Last-Modified": "Sat, 19 Feb 2022 01:42:24 GMT",
        "Server": [
          "Windows-Azure-Blob/1.0",
          "Microsoft-HTTPAPI/2.0"
        ],
        "x-ms-client-request-id": "2ff600c9-9125-11ec-aa5d-b831b58100e8",
        "x-ms-request-id": "a1075914-301e-0035-4a31-255800000000",
        "x-ms-version": "2021-04-10"
      },
      "ResponseBody": null
    },
    {
      "RequestUri": "https://fakeendpoint.blob.core.windows.net/srcaa6e6335-a07f-469d-a7ab-f524540af17f/ca824d31-9e32-4a88-813a-2cc0093b44b0.txt",
      "RequestMethod": "PUT",
      "RequestHeaders": {
        "Accept": "application/xml",
        "Accept-Encoding": "gzip, deflate",
        "Authorization": "Sanitized",
        "Connection": "keep-alive",
        "Content-Length": "27",
        "Content-Type": "application/octet-stream",
        "If-None-Match": "*",
        "User-Agent": "azsdk-python-storage-blob/12.10.0b3 Python/3.10.0 (Windows-10-10.0.22000-SP0)",
        "x-ms-blob-type": "BlockBlob",
        "x-ms-client-request-id": "30058965-9125-11ec-aa36-b831b58100e8",
        "x-ms-date": "Sat, 19 Feb 2022 01:42:24 GMT",
        "x-ms-version": "2021-04-10"
      },
      "RequestBody": "VGhpcyBpcyB3cml0dGVuIGluIGVuZ2xpc2gu",
      "StatusCode": 201,
      "ResponseHeaders": {
        "Content-Length": "0",
        "Content-MD5": "mYgA0QpY6baiB\u002BxZp8Hk\u002BA==",
        "Date": "Sat, 19 Feb 2022 01:42:23 GMT",
        "ETag": "\u00220x8D9F349143CA1B3\u0022",
        "Last-Modified": "Sat, 19 Feb 2022 01:42:24 GMT",
        "Server": [
          "Windows-Azure-Blob/1.0",
          "Microsoft-HTTPAPI/2.0"
        ],
        "x-ms-client-request-id": "30058965-9125-11ec-aa36-b831b58100e8",
        "x-ms-content-crc64": "NB4xBtawP6g=",
        "x-ms-request-id": "a1075949-301e-0035-7c31-255800000000",
        "x-ms-request-server-encrypted": "true",
        "x-ms-version": "2021-04-10"
      },
      "ResponseBody": null
    },
    {
      "RequestUri": "https://fakeendpoint.blob.core.windows.net/targetfa66060e-0de5-4983-b765-23e80835f0df?restype=container",
      "RequestMethod": "PUT",
      "RequestHeaders": {
        "Accept": "application/xml",
        "Accept-Encoding": "gzip, deflate",
        "Authorization": "Sanitized",
        "Connection": "keep-alive",
        "Content-Length": "0",
        "User-Agent": "azsdk-python-storage-blob/12.10.0b3 Python/3.10.0 (Windows-10-10.0.22000-SP0)",
        "x-ms-client-request-id": "301d3e7c-9125-11ec-b459-b831b58100e8",
        "x-ms-date": "Sat, 19 Feb 2022 01:42:24 GMT",
        "x-ms-version": "2021-04-10"
      },
      "RequestBody": null,
      "StatusCode": 201,
      "ResponseHeaders": {
        "Content-Length": "0",
        "Date": "Sat, 19 Feb 2022 01:42:24 GMT",
        "ETag": "\u00220x8D9F3491456F468\u0022",
        "Last-Modified": "Sat, 19 Feb 2022 01:42:24 GMT",
        "Server": [
          "Windows-Azure-Blob/1.0",
          "Microsoft-HTTPAPI/2.0"
        ],
        "x-ms-client-request-id": "301d3e7c-9125-11ec-b459-b831b58100e8",
        "x-ms-request-id": "a10759f1-301e-0035-1931-255800000000",
        "x-ms-version": "2021-04-10"
      },
      "ResponseBody": null
    },
    {
      "RequestUri": "https://fakeendpoint.cognitiveservices.azure.com/translator/text/batch/v1.0/batches",
      "RequestMethod": "POST",
      "RequestHeaders": {
        "Accept": "application/json",
        "Accept-Encoding": "gzip, deflate",
        "Connection": "keep-alive",
        "Content-Length": "380",
        "Content-Type": "application/json",
        "User-Agent": "azsdk-python-ai-translation-document/1.0.0b7 Python/3.10.0 (Windows-10-10.0.22000-SP0)",
        "x-ms-client-request-id": "30383f14-9125-11ec-874e-b831b58100e8"
      },
      "RequestBody": {
        "inputs": [
          {
            "source": {
              "sourceUrl": "https://fakeendpoint.blob.core.windows.net/srcaa6e6335-a07f-469d-a7ab-f524540af17f?se=end\u0026sp=rl\u0026sv=2021-04-10\u0026sr=c\u0026sig=fake_token_value",
              "filter": {}
            },
            "targets": [
              {
                "targetUrl": "https://fakeendpoint.blob.core.windows.net/targetfa66060e-0de5-4983-b765-23e80835f0df?se=end\u0026sp=wl\u0026sv=2021-04-10\u0026sr=c\u0026sig=fake_token_value",
                "language": "es"
              }
            ]
          }
        ]
      },
      "StatusCode": 202,
      "ResponseHeaders": {
        "apim-request-id": "2dbe8627-e501-4dfb-a1a4-8b8023ddd850",
        "Content-Length": "0",
        "Date": "Sat, 19 Feb 2022 01:42:24 GMT",
        "Operation-Location": "https://fakeendpoint.cognitiveservices.azure.com/translator/text/batch/v1.0/batches/dd3f18e4-2be6-475d-ae26-e4952e07cb85",
        "Set-Cookie": [
          "ARRAffinity=a374f049af0321e021a66f6ba57004d2e31d3140f1d09889270a08e39d2850a6;Path=/;HttpOnly;Secure;Domain=mtbatch.nam.microsofttranslator.com",
          "ARRAffinitySameSite=a374f049af0321e021a66f6ba57004d2e31d3140f1d09889270a08e39d2850a6;Path=/;HttpOnly;SameSite=None;Secure;Domain=mtbatch.nam.microsofttranslator.com"
        ],
        "Strict-Transport-Security": "max-age=31536000; includeSubDomains; preload",
        "X-Content-Type-Options": "nosniff",
        "X-Powered-By": "ASP.NET",
        "X-RequestId": "2dbe8627-e501-4dfb-a1a4-8b8023ddd850"
      },
      "ResponseBody": null
    },
    {
      "RequestUri": "https://fakeendpoint.cognitiveservices.azure.com/translator/text/batch/v1.0/batches/dd3f18e4-2be6-475d-ae26-e4952e07cb85",
      "RequestMethod": "GET",
      "RequestHeaders": {
        "Accept": "*/*",
        "Accept-Encoding": "gzip, deflate",
        "Connection": "keep-alive",
        "User-Agent": "azsdk-python-ai-translation-document/1.0.0b7 Python/3.10.0 (Windows-10-10.0.22000-SP0)",
        "x-ms-client-request-id": "30383f14-9125-11ec-874e-b831b58100e8"
      },
      "RequestBody": null,
      "StatusCode": 200,
      "ResponseHeaders": {
        "apim-request-id": "9c264761-4411-4d91-85c6-cfa956bd6784",
        "Cache-Control": "public, max-age=1",
        "Content-Encoding": "gzip",
        "Content-Type": "application/json; charset=utf-8",
        "Date": "Sat, 19 Feb 2022 01:42:26 GMT",
        "ETag": "\u002201D6C8AB72BBCA5D36EF5B01145393E9EB950631F764403091820C737AC06568\u0022",
        "Set-Cookie": [
          "ARRAffinity=09a10d9e036c982a6acf1ed7f4e9558b44845127dddc55af67b87cd656dd4d77;Path=/;HttpOnly;Secure;Domain=mtbatch.nam.microsofttranslator.com",
          "ARRAffinitySameSite=09a10d9e036c982a6acf1ed7f4e9558b44845127dddc55af67b87cd656dd4d77;Path=/;HttpOnly;SameSite=None;Secure;Domain=mtbatch.nam.microsofttranslator.com"
        ],
        "Strict-Transport-Security": "max-age=31536000; includeSubDomains; preload",
        "Transfer-Encoding": "chunked",
        "Vary": "Accept-Encoding",
        "X-Content-Type-Options": "nosniff",
        "X-Powered-By": "ASP.NET",
        "X-RequestId": "9c264761-4411-4d91-85c6-cfa956bd6784"
      },
      "ResponseBody": {
        "id": "dd3f18e4-2be6-475d-ae26-e4952e07cb85",
        "createdDateTimeUtc": "2022-02-19T01:42:25.0655494Z",
        "lastActionDateTimeUtc": "2022-02-19T01:42:26.0627986Z",
        "status": "Running",
        "summary": {
          "total": 1,
          "failed": 0,
          "success": 0,
          "inProgress": 1,
          "notYetStarted": 0,
          "cancelled": 0,
          "totalCharacterCharged": 0
        }
      }
    },
    {
      "RequestUri": "https://fakeendpoint.cognitiveservices.azure.com/translator/text/batch/v1.0/batches/dd3f18e4-2be6-475d-ae26-e4952e07cb85",
      "RequestMethod": "GET",
      "RequestHeaders": {
        "Accept": "*/*",
        "Accept-Encoding": "gzip, deflate",
        "Connection": "keep-alive",
        "User-Agent": "azsdk-python-ai-translation-document/1.0.0b7 Python/3.10.0 (Windows-10-10.0.22000-SP0)",
        "x-ms-client-request-id": "30383f14-9125-11ec-874e-b831b58100e8"
      },
      "RequestBody": null,
      "StatusCode": 200,
      "ResponseHeaders": {
        "apim-request-id": "0bb73395-2f8f-4f25-9f01-6852cdd3f34e",
        "Cache-Control": "public, max-age=1",
        "Content-Encoding": "gzip",
        "Content-Type": "application/json; charset=utf-8",
        "Date": "Sat, 19 Feb 2022 01:42:27 GMT",
        "ETag": "\u002201D6C8AB72BBCA5D36EF5B01145393E9EB950631F764403091820C737AC06568\u0022",
        "Set-Cookie": [
          "ARRAffinity=a374f049af0321e021a66f6ba57004d2e31d3140f1d09889270a08e39d2850a6;Path=/;HttpOnly;Secure;Domain=mtbatch.nam.microsofttranslator.com",
          "ARRAffinitySameSite=a374f049af0321e021a66f6ba57004d2e31d3140f1d09889270a08e39d2850a6;Path=/;HttpOnly;SameSite=None;Secure;Domain=mtbatch.nam.microsofttranslator.com"
        ],
        "Strict-Transport-Security": "max-age=31536000; includeSubDomains; preload",
        "Transfer-Encoding": "chunked",
        "Vary": "Accept-Encoding",
        "X-Content-Type-Options": "nosniff",
        "X-Powered-By": "ASP.NET",
        "X-RequestId": "0bb73395-2f8f-4f25-9f01-6852cdd3f34e"
      },
      "ResponseBody": {
        "id": "dd3f18e4-2be6-475d-ae26-e4952e07cb85",
        "createdDateTimeUtc": "2022-02-19T01:42:25.0655494Z",
        "lastActionDateTimeUtc": "2022-02-19T01:42:26.0627986Z",
        "status": "Running",
        "summary": {
          "total": 1,
          "failed": 0,
          "success": 0,
          "inProgress": 1,
          "notYetStarted": 0,
          "cancelled": 0,
          "totalCharacterCharged": 0
        }
      }
    },
    {
      "RequestUri": "https://fakeendpoint.cognitiveservices.azure.com/translator/text/batch/v1.0/batches/dd3f18e4-2be6-475d-ae26-e4952e07cb85",
      "RequestMethod": "GET",
      "RequestHeaders": {
        "Accept": "*/*",
        "Accept-Encoding": "gzip, deflate",
        "Connection": "keep-alive",
        "User-Agent": "azsdk-python-ai-translation-document/1.0.0b7 Python/3.10.0 (Windows-10-10.0.22000-SP0)",
        "x-ms-client-request-id": "30383f14-9125-11ec-874e-b831b58100e8"
      },
      "RequestBody": null,
      "StatusCode": 200,
      "ResponseHeaders": {
        "apim-request-id": "a8bdb547-f3ec-4a13-aac6-4e8a4e259d68",
        "Cache-Control": "public, max-age=1",
        "Content-Encoding": "gzip",
        "Content-Type": "application/json; charset=utf-8",
        "Date": "Sat, 19 Feb 2022 01:42:28 GMT",
        "ETag": "\u00220F033708842B660FC2F06171211C89AB57AAF0DD714EAF508AFFF0E4D1300883\u0022",
        "Set-Cookie": [
          "ARRAffinity=09a10d9e036c982a6acf1ed7f4e9558b44845127dddc55af67b87cd656dd4d77;Path=/;HttpOnly;Secure;Domain=mtbatch.nam.microsofttranslator.com",
          "ARRAffinitySameSite=09a10d9e036c982a6acf1ed7f4e9558b44845127dddc55af67b87cd656dd4d77;Path=/;HttpOnly;SameSite=None;Secure;Domain=mtbatch.nam.microsofttranslator.com"
        ],
        "Strict-Transport-Security": "max-age=31536000; includeSubDomains; preload",
        "Transfer-Encoding": "chunked",
        "Vary": "Accept-Encoding",
        "X-Content-Type-Options": "nosniff",
        "X-Powered-By": "ASP.NET",
        "X-RequestId": "a8bdb547-f3ec-4a13-aac6-4e8a4e259d68"
      },
      "ResponseBody": {
        "id": "dd3f18e4-2be6-475d-ae26-e4952e07cb85",
        "createdDateTimeUtc": "2022-02-19T01:42:25.0655494Z",
        "lastActionDateTimeUtc": "2022-02-19T01:42:27.472757Z",
        "status": "Succeeded",
        "summary": {
          "total": 1,
          "failed": 0,
          "success": 1,
          "inProgress": 0,
          "notYetStarted": 0,
          "cancelled": 0,
          "totalCharacterCharged": 27
        }
      }
    },
    {
      "RequestUri": "https://fakeendpoint.blob.core.windows.net/src57e31928-93ad-46ea-91f8-97a823478802?restype=container",
      "RequestMethod": "PUT",
      "RequestHeaders": {
        "Accept": "application/xml",
        "Accept-Encoding": "gzip, deflate",
        "Authorization": "Sanitized",
        "Connection": "keep-alive",
        "Content-Length": "0",
        "User-Agent": "azsdk-python-storage-blob/12.10.0b3 Python/3.10.0 (Windows-10-10.0.22000-SP0)",
        "x-ms-client-request-id": "32300b13-9125-11ec-a946-b831b58100e8",
        "x-ms-date": "Sat, 19 Feb 2022 01:42:28 GMT",
        "x-ms-version": "2021-04-10"
      },
      "RequestBody": null,
      "StatusCode": 201,
      "ResponseHeaders": {
        "Content-Length": "0",
        "Date": "Sat, 19 Feb 2022 01:42:27 GMT",
        "ETag": "\u00220x8D9F3491668E536\u0022",
        "Last-Modified": "Sat, 19 Feb 2022 01:42:28 GMT",
        "Server": [
          "Windows-Azure-Blob/1.0",
          "Microsoft-HTTPAPI/2.0"
        ],
        "x-ms-client-request-id": "32300b13-9125-11ec-a946-b831b58100e8",
        "x-ms-request-id": "a1076937-301e-0035-5c31-255800000000",
        "x-ms-version": "2021-04-10"
      },
      "ResponseBody": null
    },
    {
      "RequestUri": "https://fakeendpoint.blob.core.windows.net/src57e31928-93ad-46ea-91f8-97a823478802/fc738500-a1ec-4eef-8038-293774e21c8e.txt",
      "RequestMethod": "PUT",
      "RequestHeaders": {
        "Accept": "application/xml",
        "Accept-Encoding": "gzip, deflate",
        "Authorization": "Sanitized",
        "Connection": "keep-alive",
        "Content-Length": "27",
        "Content-Type": "application/octet-stream",
        "If-None-Match": "*",
        "User-Agent": "azsdk-python-storage-blob/12.10.0b3 Python/3.10.0 (Windows-10-10.0.22000-SP0)",
        "x-ms-blob-type": "BlockBlob",
        "x-ms-client-request-id": "3238d744-9125-11ec-89ce-b831b58100e8",
        "x-ms-date": "Sat, 19 Feb 2022 01:42:28 GMT",
        "x-ms-version": "2021-04-10"
      },
      "RequestBody": "VGhpcyBpcyB3cml0dGVuIGluIGVuZ2xpc2gu",
      "StatusCode": 201,
      "ResponseHeaders": {
        "Content-Length": "0",
        "Content-MD5": "mYgA0QpY6baiB\u002BxZp8Hk\u002BA==",
        "Date": "Sat, 19 Feb 2022 01:42:27 GMT",
        "ETag": "\u00220x8D9F349166E4B00\u0022",
        "Last-Modified": "Sat, 19 Feb 2022 01:42:28 GMT",
        "Server": [
          "Windows-Azure-Blob/1.0",
          "Microsoft-HTTPAPI/2.0"
        ],
        "x-ms-client-request-id": "3238d744-9125-11ec-89ce-b831b58100e8",
        "x-ms-content-crc64": "NB4xBtawP6g=",
        "x-ms-request-id": "a107695e-301e-0035-7f31-255800000000",
        "x-ms-request-server-encrypted": "true",
        "x-ms-version": "2021-04-10"
      },
      "ResponseBody": null
    },
    {
      "RequestUri": "https://fakeendpoint.blob.core.windows.net/target1c60257b-6e6d-4472-8a15-5db61908548d?restype=container",
      "RequestMethod": "PUT",
      "RequestHeaders": {
        "Accept": "application/xml",
        "Accept-Encoding": "gzip, deflate",
        "Authorization": "Sanitized",
        "Connection": "keep-alive",
        "Content-Length": "0",
        "User-Agent": "azsdk-python-storage-blob/12.10.0b3 Python/3.10.0 (Windows-10-10.0.22000-SP0)",
        "x-ms-client-request-id": "3255e07c-9125-11ec-87f9-b831b58100e8",
        "x-ms-date": "Sat, 19 Feb 2022 01:42:28 GMT",
        "x-ms-version": "2021-04-10"
      },
      "RequestBody": null,
      "StatusCode": 201,
      "ResponseHeaders": {
        "Content-Length": "0",
        "Date": "Sat, 19 Feb 2022 01:42:27 GMT",
        "ETag": "\u00220x8D9F3491694D0C3\u0022",
        "Last-Modified": "Sat, 19 Feb 2022 01:42:28 GMT",
        "Server": [
          "Windows-Azure-Blob/1.0",
          "Microsoft-HTTPAPI/2.0"
        ],
        "x-ms-client-request-id": "3255e07c-9125-11ec-87f9-b831b58100e8",
        "x-ms-request-id": "a1076a63-301e-0035-7131-255800000000",
        "x-ms-version": "2021-04-10"
      },
      "ResponseBody": null
    },
    {
      "RequestUri": "https://fakeendpoint.cognitiveservices.azure.com/translator/text/batch/v1.0/batches",
      "RequestMethod": "POST",
      "RequestHeaders": {
        "Accept": "application/json",
        "Accept-Encoding": "gzip, deflate",
        "Connection": "keep-alive",
        "Content-Length": "380",
        "Content-Type": "application/json",
        "User-Agent": "azsdk-python-ai-translation-document/1.0.0b7 Python/3.10.0 (Windows-10-10.0.22000-SP0)",
        "x-ms-client-request-id": "3278dd33-9125-11ec-9ba3-b831b58100e8"
      },
      "RequestBody": {
        "inputs": [
          {
            "source": {
              "sourceUrl": "https://fakeendpoint.blob.core.windows.net/src57e31928-93ad-46ea-91f8-97a823478802?se=end\u0026sp=rl\u0026sv=2021-04-10\u0026sr=c\u0026sig=fake_token_value",
              "filter": {}
            },
            "targets": [
              {
                "targetUrl": "https://fakeendpoint.blob.core.windows.net/target1c60257b-6e6d-4472-8a15-5db61908548d?se=end\u0026sp=wl\u0026sv=2021-04-10\u0026sr=c\u0026sig=fake_token_value",
                "language": "es"
              }
            ]
          }
        ]
      },
      "StatusCode": 202,
      "ResponseHeaders": {
        "apim-request-id": "96de0b88-fcd6-4754-9ed1-f97d949688da",
        "Content-Length": "0",
        "Date": "Sat, 19 Feb 2022 01:42:28 GMT",
        "Operation-Location": "https://fakeendpoint.cognitiveservices.azure.com/translator/text/batch/v1.0/batches/e5e64c83-93fa-49f0-84bf-dc1d59af3bc0",
        "Set-Cookie": [
          "ARRAffinity=a374f049af0321e021a66f6ba57004d2e31d3140f1d09889270a08e39d2850a6;Path=/;HttpOnly;Secure;Domain=mtbatch.nam.microsofttranslator.com",
          "ARRAffinitySameSite=a374f049af0321e021a66f6ba57004d2e31d3140f1d09889270a08e39d2850a6;Path=/;HttpOnly;SameSite=None;Secure;Domain=mtbatch.nam.microsofttranslator.com"
        ],
        "Strict-Transport-Security": "max-age=31536000; includeSubDomains; preload",
        "X-Content-Type-Options": "nosniff",
        "X-Powered-By": "ASP.NET",
        "X-RequestId": "96de0b88-fcd6-4754-9ed1-f97d949688da"
      },
      "ResponseBody": null
    },
    {
      "RequestUri": "https://fakeendpoint.cognitiveservices.azure.com/translator/text/batch/v1.0/batches/e5e64c83-93fa-49f0-84bf-dc1d59af3bc0",
      "RequestMethod": "GET",
      "RequestHeaders": {
        "Accept": "*/*",
        "Accept-Encoding": "gzip, deflate",
        "Connection": "keep-alive",
        "User-Agent": "azsdk-python-ai-translation-document/1.0.0b7 Python/3.10.0 (Windows-10-10.0.22000-SP0)",
        "x-ms-client-request-id": "3278dd33-9125-11ec-9ba3-b831b58100e8"
      },
      "RequestBody": null,
      "StatusCode": 200,
      "ResponseHeaders": {
        "apim-request-id": "7a871ed7-574c-42fb-9b01-ea7d9d687c97",
        "Cache-Control": "public, max-age=1",
        "Content-Encoding": "gzip",
        "Content-Type": "application/json; charset=utf-8",
        "Date": "Sat, 19 Feb 2022 01:42:29 GMT",
        "ETag": "\u0022B0CD2731A69D03670610C18803B3F26F11665E230D65DB09268A1F397FB09895\u0022",
        "Set-Cookie": [
          "ARRAffinity=09a10d9e036c982a6acf1ed7f4e9558b44845127dddc55af67b87cd656dd4d77;Path=/;HttpOnly;Secure;Domain=mtbatch.nam.microsofttranslator.com",
          "ARRAffinitySameSite=09a10d9e036c982a6acf1ed7f4e9558b44845127dddc55af67b87cd656dd4d77;Path=/;HttpOnly;SameSite=None;Secure;Domain=mtbatch.nam.microsofttranslator.com"
        ],
        "Strict-Transport-Security": "max-age=31536000; includeSubDomains; preload",
        "Transfer-Encoding": "chunked",
        "Vary": "Accept-Encoding",
        "X-Content-Type-Options": "nosniff",
        "X-Powered-By": "ASP.NET",
        "X-RequestId": "7a871ed7-574c-42fb-9b01-ea7d9d687c97"
      },
      "ResponseBody": {
        "id": "e5e64c83-93fa-49f0-84bf-dc1d59af3bc0",
        "createdDateTimeUtc": "2022-02-19T01:42:28.8409936Z",
        "lastActionDateTimeUtc": "2022-02-19T01:42:28.981288Z",
        "status": "NotStarted",
        "summary": {
          "total": 1,
          "failed": 0,
          "success": 0,
          "inProgress": 0,
          "notYetStarted": 1,
          "cancelled": 0,
          "totalCharacterCharged": 0
        }
      }
    },
    {
      "RequestUri": "https://fakeendpoint.cognitiveservices.azure.com/translator/text/batch/v1.0/batches/e5e64c83-93fa-49f0-84bf-dc1d59af3bc0",
      "RequestMethod": "GET",
      "RequestHeaders": {
        "Accept": "*/*",
        "Accept-Encoding": "gzip, deflate",
        "Connection": "keep-alive",
        "User-Agent": "azsdk-python-ai-translation-document/1.0.0b7 Python/3.10.0 (Windows-10-10.0.22000-SP0)",
        "x-ms-client-request-id": "3278dd33-9125-11ec-9ba3-b831b58100e8"
      },
      "RequestBody": null,
      "StatusCode": 200,
      "ResponseHeaders": {
        "apim-request-id": "827dc5bd-8f47-42a0-a707-06c8a1f4f699",
        "Cache-Control": "public, max-age=1",
        "Content-Encoding": "gzip",
        "Content-Type": "application/json; charset=utf-8",
        "Date": "Sat, 19 Feb 2022 01:42:30 GMT",
        "ETag": "\u00226C7EB9D080094B21A96EE97445031D9C0DB0DC0F03B9D11AE188906F28CF683F\u0022",
        "Set-Cookie": [
          "ARRAffinity=a374f049af0321e021a66f6ba57004d2e31d3140f1d09889270a08e39d2850a6;Path=/;HttpOnly;Secure;Domain=mtbatch.nam.microsofttranslator.com",
          "ARRAffinitySameSite=a374f049af0321e021a66f6ba57004d2e31d3140f1d09889270a08e39d2850a6;Path=/;HttpOnly;SameSite=None;Secure;Domain=mtbatch.nam.microsofttranslator.com"
        ],
        "Strict-Transport-Security": "max-age=31536000; includeSubDomains; preload",
        "Transfer-Encoding": "chunked",
        "Vary": "Accept-Encoding",
        "X-Content-Type-Options": "nosniff",
        "X-Powered-By": "ASP.NET",
        "X-RequestId": "827dc5bd-8f47-42a0-a707-06c8a1f4f699"
      },
      "ResponseBody": {
        "id": "e5e64c83-93fa-49f0-84bf-dc1d59af3bc0",
        "createdDateTimeUtc": "2022-02-19T01:42:28.8409936Z",
        "lastActionDateTimeUtc": "2022-02-19T01:42:30.4220401Z",
        "status": "Running",
        "summary": {
          "total": 1,
          "failed": 0,
          "success": 0,
          "inProgress": 1,
          "notYetStarted": 0,
          "cancelled": 0,
          "totalCharacterCharged": 0
        }
      }
    },
    {
      "RequestUri": "https://fakeendpoint.cognitiveservices.azure.com/translator/text/batch/v1.0/batches/e5e64c83-93fa-49f0-84bf-dc1d59af3bc0",
      "RequestMethod": "GET",
      "RequestHeaders": {
        "Accept": "*/*",
        "Accept-Encoding": "gzip, deflate",
        "Connection": "keep-alive",
        "User-Agent": "azsdk-python-ai-translation-document/1.0.0b7 Python/3.10.0 (Windows-10-10.0.22000-SP0)",
        "x-ms-client-request-id": "3278dd33-9125-11ec-9ba3-b831b58100e8"
      },
      "RequestBody": null,
      "StatusCode": 200,
      "ResponseHeaders": {
        "apim-request-id": "d9c2f292-8b01-41f3-b670-157852b61c4e",
        "Cache-Control": "public, max-age=1",
        "Content-Encoding": "gzip",
        "Content-Type": "application/json; charset=utf-8",
        "Date": "Sat, 19 Feb 2022 01:42:31 GMT",
        "ETag": "\u00226C7EB9D080094B21A96EE97445031D9C0DB0DC0F03B9D11AE188906F28CF683F\u0022",
        "Set-Cookie": [
          "ARRAffinity=09a10d9e036c982a6acf1ed7f4e9558b44845127dddc55af67b87cd656dd4d77;Path=/;HttpOnly;Secure;Domain=mtbatch.nam.microsofttranslator.com",
          "ARRAffinitySameSite=09a10d9e036c982a6acf1ed7f4e9558b44845127dddc55af67b87cd656dd4d77;Path=/;HttpOnly;SameSite=None;Secure;Domain=mtbatch.nam.microsofttranslator.com"
        ],
        "Strict-Transport-Security": "max-age=31536000; includeSubDomains; preload",
        "Transfer-Encoding": "chunked",
        "Vary": "Accept-Encoding",
        "X-Content-Type-Options": "nosniff",
        "X-Powered-By": "ASP.NET",
        "X-RequestId": "d9c2f292-8b01-41f3-b670-157852b61c4e"
      },
      "ResponseBody": {
        "id": "e5e64c83-93fa-49f0-84bf-dc1d59af3bc0",
        "createdDateTimeUtc": "2022-02-19T01:42:28.8409936Z",
        "lastActionDateTimeUtc": "2022-02-19T01:42:30.4220401Z",
        "status": "Running",
        "summary": {
          "total": 1,
          "failed": 0,
          "success": 0,
          "inProgress": 1,
          "notYetStarted": 0,
          "cancelled": 0,
          "totalCharacterCharged": 0
        }
      }
    },
    {
      "RequestUri": "https://fakeendpoint.cognitiveservices.azure.com/translator/text/batch/v1.0/batches/e5e64c83-93fa-49f0-84bf-dc1d59af3bc0",
      "RequestMethod": "GET",
      "RequestHeaders": {
        "Accept": "*/*",
        "Accept-Encoding": "gzip, deflate",
        "Connection": "keep-alive",
        "User-Agent": "azsdk-python-ai-translation-document/1.0.0b7 Python/3.10.0 (Windows-10-10.0.22000-SP0)",
        "x-ms-client-request-id": "3278dd33-9125-11ec-9ba3-b831b58100e8"
      },
      "RequestBody": null,
      "StatusCode": 200,
      "ResponseHeaders": {
        "apim-request-id": "795581fa-7c28-4dab-97a4-d05f96a8ecee",
        "Cache-Control": "public, max-age=1",
        "Content-Encoding": "gzip",
        "Content-Type": "application/json; charset=utf-8",
        "Date": "Sat, 19 Feb 2022 01:42:32 GMT",
        "ETag": "\u00226C7EB9D080094B21A96EE97445031D9C0DB0DC0F03B9D11AE188906F28CF683F\u0022",
        "Set-Cookie": [
          "ARRAffinity=a374f049af0321e021a66f6ba57004d2e31d3140f1d09889270a08e39d2850a6;Path=/;HttpOnly;Secure;Domain=mtbatch.nam.microsofttranslator.com",
          "ARRAffinitySameSite=a374f049af0321e021a66f6ba57004d2e31d3140f1d09889270a08e39d2850a6;Path=/;HttpOnly;SameSite=None;Secure;Domain=mtbatch.nam.microsofttranslator.com"
        ],
        "Strict-Transport-Security": "max-age=31536000; includeSubDomains; preload",
        "Transfer-Encoding": "chunked",
        "Vary": "Accept-Encoding",
        "X-Content-Type-Options": "nosniff",
        "X-Powered-By": "ASP.NET",
        "X-RequestId": "795581fa-7c28-4dab-97a4-d05f96a8ecee"
      },
      "ResponseBody": {
        "id": "e5e64c83-93fa-49f0-84bf-dc1d59af3bc0",
        "createdDateTimeUtc": "2022-02-19T01:42:28.8409936Z",
        "lastActionDateTimeUtc": "2022-02-19T01:42:30.4220401Z",
        "status": "Running",
        "summary": {
          "total": 1,
          "failed": 0,
          "success": 0,
          "inProgress": 1,
          "notYetStarted": 0,
          "cancelled": 0,
          "totalCharacterCharged": 0
        }
      }
    },
    {
      "RequestUri": "https://fakeendpoint.cognitiveservices.azure.com/translator/text/batch/v1.0/batches/e5e64c83-93fa-49f0-84bf-dc1d59af3bc0",
      "RequestMethod": "GET",
      "RequestHeaders": {
        "Accept": "*/*",
        "Accept-Encoding": "gzip, deflate",
        "Connection": "keep-alive",
        "User-Agent": "azsdk-python-ai-translation-document/1.0.0b7 Python/3.10.0 (Windows-10-10.0.22000-SP0)",
        "x-ms-client-request-id": "3278dd33-9125-11ec-9ba3-b831b58100e8"
      },
      "RequestBody": null,
      "StatusCode": 200,
      "ResponseHeaders": {
        "apim-request-id": "cfbfbb44-c62f-45db-bede-39828c6e5572",
        "Cache-Control": "public, max-age=1",
        "Content-Encoding": "gzip",
        "Content-Type": "application/json; charset=utf-8",
        "Date": "Sat, 19 Feb 2022 01:42:33 GMT",
        "ETag": "\u00226C7EB9D080094B21A96EE97445031D9C0DB0DC0F03B9D11AE188906F28CF683F\u0022",
        "Set-Cookie": [
          "ARRAffinity=09a10d9e036c982a6acf1ed7f4e9558b44845127dddc55af67b87cd656dd4d77;Path=/;HttpOnly;Secure;Domain=mtbatch.nam.microsofttranslator.com",
          "ARRAffinitySameSite=09a10d9e036c982a6acf1ed7f4e9558b44845127dddc55af67b87cd656dd4d77;Path=/;HttpOnly;SameSite=None;Secure;Domain=mtbatch.nam.microsofttranslator.com"
        ],
        "Strict-Transport-Security": "max-age=31536000; includeSubDomains; preload",
        "Transfer-Encoding": "chunked",
        "Vary": "Accept-Encoding",
        "X-Content-Type-Options": "nosniff",
        "X-Powered-By": "ASP.NET",
        "X-RequestId": "cfbfbb44-c62f-45db-bede-39828c6e5572"
      },
      "ResponseBody": {
        "id": "e5e64c83-93fa-49f0-84bf-dc1d59af3bc0",
        "createdDateTimeUtc": "2022-02-19T01:42:28.8409936Z",
        "lastActionDateTimeUtc": "2022-02-19T01:42:30.4220401Z",
        "status": "Running",
        "summary": {
          "total": 1,
          "failed": 0,
          "success": 0,
          "inProgress": 1,
          "notYetStarted": 0,
          "cancelled": 0,
          "totalCharacterCharged": 0
        }
      }
    },
    {
      "RequestUri": "https://fakeendpoint.cognitiveservices.azure.com/translator/text/batch/v1.0/batches/e5e64c83-93fa-49f0-84bf-dc1d59af3bc0",
      "RequestMethod": "GET",
      "RequestHeaders": {
        "Accept": "*/*",
        "Accept-Encoding": "gzip, deflate",
        "Connection": "keep-alive",
        "User-Agent": "azsdk-python-ai-translation-document/1.0.0b7 Python/3.10.0 (Windows-10-10.0.22000-SP0)",
        "x-ms-client-request-id": "3278dd33-9125-11ec-9ba3-b831b58100e8"
      },
      "RequestBody": null,
      "StatusCode": 200,
      "ResponseHeaders": {
        "apim-request-id": "f6a02927-4aed-4483-b5b0-0e6e9d787ff1",
        "Cache-Control": "public, max-age=1",
        "Content-Encoding": "gzip",
        "Content-Type": "application/json; charset=utf-8",
        "Date": "Sat, 19 Feb 2022 01:42:34 GMT",
        "ETag": "\u0022F96FC6D0EDE444F4A0C4CF5A6973D7617674B5B37B904C3397FF15D8AD79AD71\u0022",
        "Set-Cookie": [
          "ARRAffinity=a374f049af0321e021a66f6ba57004d2e31d3140f1d09889270a08e39d2850a6;Path=/;HttpOnly;Secure;Domain=mtbatch.nam.microsofttranslator.com",
          "ARRAffinitySameSite=a374f049af0321e021a66f6ba57004d2e31d3140f1d09889270a08e39d2850a6;Path=/;HttpOnly;SameSite=None;Secure;Domain=mtbatch.nam.microsofttranslator.com"
        ],
        "Strict-Transport-Security": "max-age=31536000; includeSubDomains; preload",
        "Transfer-Encoding": "chunked",
        "Vary": "Accept-Encoding",
        "X-Content-Type-Options": "nosniff",
        "X-Powered-By": "ASP.NET",
        "X-RequestId": "f6a02927-4aed-4483-b5b0-0e6e9d787ff1"
      },
      "ResponseBody": {
        "id": "e5e64c83-93fa-49f0-84bf-dc1d59af3bc0",
        "createdDateTimeUtc": "2022-02-19T01:42:28.8409936Z",
        "lastActionDateTimeUtc": "2022-02-19T01:42:34.5681943Z",
        "status": "Succeeded",
        "summary": {
          "total": 1,
          "failed": 0,
          "success": 1,
          "inProgress": 0,
          "notYetStarted": 0,
          "cancelled": 0,
          "totalCharacterCharged": 27
        }
      }
    },
    {
      "RequestUri": "https://fakeendpoint.blob.core.windows.net/src6df3569f-d8a3-4ff1-992a-61bcce8eebe8?restype=container",
      "RequestMethod": "PUT",
      "RequestHeaders": {
        "Accept": "application/xml",
        "Accept-Encoding": "gzip, deflate",
        "Authorization": "Sanitized",
        "Connection": "keep-alive",
        "Content-Length": "0",
        "User-Agent": "azsdk-python-storage-blob/12.10.0b3 Python/3.10.0 (Windows-10-10.0.22000-SP0)",
        "x-ms-client-request-id": "3649bfb0-9125-11ec-8165-b831b58100e8",
        "x-ms-date": "Sat, 19 Feb 2022 01:42:35 GMT",
        "x-ms-version": "2021-04-10"
      },
      "RequestBody": null,
      "StatusCode": 201,
      "ResponseHeaders": {
        "Content-Length": "0",
        "Date": "Sat, 19 Feb 2022 01:42:34 GMT",
        "ETag": "\u00220x8D9F3491A830425\u0022",
        "Last-Modified": "Sat, 19 Feb 2022 01:42:35 GMT",
        "Server": [
          "Windows-Azure-Blob/1.0",
          "Microsoft-HTTPAPI/2.0"
        ],
        "x-ms-client-request-id": "3649bfb0-9125-11ec-8165-b831b58100e8",
        "x-ms-request-id": "a10786b4-301e-0035-0b31-255800000000",
        "x-ms-version": "2021-04-10"
      },
      "ResponseBody": null
    },
    {
      "RequestUri": "https://fakeendpoint.blob.core.windows.net/src6df3569f-d8a3-4ff1-992a-61bcce8eebe8/dfd794b6-b7e7-461e-86d5-19e4a87dbba7.txt",
      "RequestMethod": "PUT",
      "RequestHeaders": {
        "Accept": "application/xml",
        "Accept-Encoding": "gzip, deflate",
        "Authorization": "Sanitized",
        "Connection": "keep-alive",
        "Content-Length": "27",
        "Content-Type": "application/octet-stream",
        "If-None-Match": "*",
        "User-Agent": "azsdk-python-storage-blob/12.10.0b3 Python/3.10.0 (Windows-10-10.0.22000-SP0)",
        "x-ms-blob-type": "BlockBlob",
        "x-ms-client-request-id": "36537d74-9125-11ec-b480-b831b58100e8",
        "x-ms-date": "Sat, 19 Feb 2022 01:42:35 GMT",
        "x-ms-version": "2021-04-10"
      },
      "RequestBody": "VGhpcyBpcyB3cml0dGVuIGluIGVuZ2xpc2gu",
      "StatusCode": 201,
      "ResponseHeaders": {
        "Content-Length": "0",
        "Content-MD5": "mYgA0QpY6baiB\u002BxZp8Hk\u002BA==",
        "Date": "Sat, 19 Feb 2022 01:42:34 GMT",
        "ETag": "\u00220x8D9F3491A89C986\u0022",
        "Last-Modified": "Sat, 19 Feb 2022 01:42:35 GMT",
        "Server": [
          "Windows-Azure-Blob/1.0",
          "Microsoft-HTTPAPI/2.0"
        ],
        "x-ms-client-request-id": "36537d74-9125-11ec-b480-b831b58100e8",
        "x-ms-content-crc64": "NB4xBtawP6g=",
        "x-ms-request-id": "a10786e6-301e-0035-3931-255800000000",
        "x-ms-request-server-encrypted": "true",
        "x-ms-version": "2021-04-10"
      },
      "ResponseBody": null
    },
    {
      "RequestUri": "https://fakeendpoint.blob.core.windows.net/target15535c59-07a6-4a87-a2fb-3c3ebc15d264?restype=container",
      "RequestMethod": "PUT",
      "RequestHeaders": {
        "Accept": "application/xml",
        "Accept-Encoding": "gzip, deflate",
        "Authorization": "Sanitized",
        "Connection": "keep-alive",
        "Content-Length": "0",
        "User-Agent": "azsdk-python-storage-blob/12.10.0b3 Python/3.10.0 (Windows-10-10.0.22000-SP0)",
        "x-ms-client-request-id": "366b2c42-9125-11ec-b8e3-b831b58100e8",
        "x-ms-date": "Sat, 19 Feb 2022 01:42:35 GMT",
        "x-ms-version": "2021-04-10"
      },
      "RequestBody": null,
      "StatusCode": 201,
      "ResponseHeaders": {
        "Content-Length": "0",
        "Date": "Sat, 19 Feb 2022 01:42:34 GMT",
        "ETag": "\u00220x8D9F3491AA3F4DD\u0022",
        "Last-Modified": "Sat, 19 Feb 2022 01:42:35 GMT",
        "Server": [
          "Windows-Azure-Blob/1.0",
          "Microsoft-HTTPAPI/2.0"
        ],
        "x-ms-client-request-id": "366b2c42-9125-11ec-b8e3-b831b58100e8",
        "x-ms-request-id": "a107879e-301e-0035-6131-255800000000",
        "x-ms-version": "2021-04-10"
      },
      "ResponseBody": null
    },
    {
      "RequestUri": "https://fakeendpoint.cognitiveservices.azure.com/translator/text/batch/v1.0/batches",
      "RequestMethod": "POST",
      "RequestHeaders": {
        "Accept": "application/json",
        "Accept-Encoding": "gzip, deflate",
        "Connection": "keep-alive",
        "Content-Length": "380",
        "Content-Type": "application/json",
        "User-Agent": "azsdk-python-ai-translation-document/1.0.0b7 Python/3.10.0 (Windows-10-10.0.22000-SP0)",
        "x-ms-client-request-id": "3685794a-9125-11ec-9bd8-b831b58100e8"
      },
      "RequestBody": {
        "inputs": [
          {
            "source": {
              "sourceUrl": "https://fakeendpoint.blob.core.windows.net/src6df3569f-d8a3-4ff1-992a-61bcce8eebe8?se=end\u0026sp=rl\u0026sv=2021-04-10\u0026sr=c\u0026sig=fake_token_value",
              "filter": {}
            },
            "targets": [
              {
                "targetUrl": "https://fakeendpoint.blob.core.windows.net/target15535c59-07a6-4a87-a2fb-3c3ebc15d264?se=end\u0026sp=wl\u0026sv=2021-04-10\u0026sr=c\u0026sig=fake_token_value",
                "language": "es"
              }
            ]
          }
        ]
      },
      "StatusCode": 202,
      "ResponseHeaders": {
        "apim-request-id": "65e7d0eb-2b18-4fed-a50c-bad82b0c7e84",
        "Content-Length": "0",
        "Date": "Sat, 19 Feb 2022 01:42:35 GMT",
        "Operation-Location": "https://fakeendpoint.cognitiveservices.azure.com/translator/text/batch/v1.0/batches/9587c7d3-6fca-4f5b-a3a2-da5504df7545",
        "Set-Cookie": [
          "ARRAffinity=09a10d9e036c982a6acf1ed7f4e9558b44845127dddc55af67b87cd656dd4d77;Path=/;HttpOnly;Secure;Domain=mtbatch.nam.microsofttranslator.com",
          "ARRAffinitySameSite=09a10d9e036c982a6acf1ed7f4e9558b44845127dddc55af67b87cd656dd4d77;Path=/;HttpOnly;SameSite=None;Secure;Domain=mtbatch.nam.microsofttranslator.com"
        ],
        "Strict-Transport-Security": "max-age=31536000; includeSubDomains; preload",
        "X-Content-Type-Options": "nosniff",
        "X-Powered-By": "ASP.NET",
        "X-RequestId": "65e7d0eb-2b18-4fed-a50c-bad82b0c7e84"
      },
      "ResponseBody": null
    },
    {
      "RequestUri": "https://fakeendpoint.cognitiveservices.azure.com/translator/text/batch/v1.0/batches/9587c7d3-6fca-4f5b-a3a2-da5504df7545",
      "RequestMethod": "GET",
      "RequestHeaders": {
        "Accept": "*/*",
        "Accept-Encoding": "gzip, deflate",
        "Connection": "keep-alive",
        "User-Agent": "azsdk-python-ai-translation-document/1.0.0b7 Python/3.10.0 (Windows-10-10.0.22000-SP0)",
        "x-ms-client-request-id": "3685794a-9125-11ec-9bd8-b831b58100e8"
      },
      "RequestBody": null,
      "StatusCode": 200,
      "ResponseHeaders": {
        "apim-request-id": "4adf19cb-0e18-4491-b992-73297368fdb3",
        "Cache-Control": "public, max-age=1",
        "Content-Encoding": "gzip",
        "Content-Type": "application/json; charset=utf-8",
        "Date": "Sat, 19 Feb 2022 01:42:36 GMT",
        "ETag": "\u0022E76B061C1AED0F3183326C7A5BD71D5E6016067F581C06AB3C6B745FD9542AB9\u0022",
        "Set-Cookie": [
          "ARRAffinity=a374f049af0321e021a66f6ba57004d2e31d3140f1d09889270a08e39d2850a6;Path=/;HttpOnly;Secure;Domain=mtbatch.nam.microsofttranslator.com",
          "ARRAffinitySameSite=a374f049af0321e021a66f6ba57004d2e31d3140f1d09889270a08e39d2850a6;Path=/;HttpOnly;SameSite=None;Secure;Domain=mtbatch.nam.microsofttranslator.com"
        ],
        "Strict-Transport-Security": "max-age=31536000; includeSubDomains; preload",
        "Transfer-Encoding": "chunked",
        "Vary": "Accept-Encoding",
        "X-Content-Type-Options": "nosniff",
        "X-Powered-By": "ASP.NET",
        "X-RequestId": "4adf19cb-0e18-4491-b992-73297368fdb3"
      },
      "ResponseBody": {
        "id": "9587c7d3-6fca-4f5b-a3a2-da5504df7545",
        "createdDateTimeUtc": "2022-02-19T01:42:35.6319217Z",
        "lastActionDateTimeUtc": "2022-02-19T01:42:36.5010177Z",
        "status": "Running",
        "summary": {
          "total": 1,
          "failed": 0,
          "success": 0,
          "inProgress": 1,
          "notYetStarted": 0,
          "cancelled": 0,
          "totalCharacterCharged": 0
        }
      }
    },
    {
      "RequestUri": "https://fakeendpoint.cognitiveservices.azure.com/translator/text/batch/v1.0/batches/9587c7d3-6fca-4f5b-a3a2-da5504df7545",
      "RequestMethod": "GET",
      "RequestHeaders": {
        "Accept": "*/*",
        "Accept-Encoding": "gzip, deflate",
        "Connection": "keep-alive",
        "User-Agent": "azsdk-python-ai-translation-document/1.0.0b7 Python/3.10.0 (Windows-10-10.0.22000-SP0)",
        "x-ms-client-request-id": "3685794a-9125-11ec-9bd8-b831b58100e8"
      },
      "RequestBody": null,
      "StatusCode": 200,
      "ResponseHeaders": {
        "apim-request-id": "67bddf61-2943-4f63-b093-7c7ea3ddfa36",
        "Cache-Control": "public, max-age=1",
        "Content-Encoding": "gzip",
        "Content-Type": "application/json; charset=utf-8",
        "Date": "Sat, 19 Feb 2022 01:42:37 GMT",
        "ETag": "\u0022E76B061C1AED0F3183326C7A5BD71D5E6016067F581C06AB3C6B745FD9542AB9\u0022",
        "Set-Cookie": [
          "ARRAffinity=09a10d9e036c982a6acf1ed7f4e9558b44845127dddc55af67b87cd656dd4d77;Path=/;HttpOnly;Secure;Domain=mtbatch.nam.microsofttranslator.com",
          "ARRAffinitySameSite=09a10d9e036c982a6acf1ed7f4e9558b44845127dddc55af67b87cd656dd4d77;Path=/;HttpOnly;SameSite=None;Secure;Domain=mtbatch.nam.microsofttranslator.com"
        ],
        "Strict-Transport-Security": "max-age=31536000; includeSubDomains; preload",
        "Transfer-Encoding": "chunked",
        "Vary": "Accept-Encoding",
        "X-Content-Type-Options": "nosniff",
        "X-Powered-By": "ASP.NET",
        "X-RequestId": "67bddf61-2943-4f63-b093-7c7ea3ddfa36"
      },
      "ResponseBody": {
        "id": "9587c7d3-6fca-4f5b-a3a2-da5504df7545",
        "createdDateTimeUtc": "2022-02-19T01:42:35.6319217Z",
        "lastActionDateTimeUtc": "2022-02-19T01:42:36.5010177Z",
        "status": "Running",
        "summary": {
          "total": 1,
          "failed": 0,
          "success": 0,
          "inProgress": 1,
          "notYetStarted": 0,
          "cancelled": 0,
          "totalCharacterCharged": 0
        }
      }
    },
    {
      "RequestUri": "https://fakeendpoint.cognitiveservices.azure.com/translator/text/batch/v1.0/batches/9587c7d3-6fca-4f5b-a3a2-da5504df7545",
      "RequestMethod": "GET",
      "RequestHeaders": {
        "Accept": "*/*",
        "Accept-Encoding": "gzip, deflate",
        "Connection": "keep-alive",
        "User-Agent": "azsdk-python-ai-translation-document/1.0.0b7 Python/3.10.0 (Windows-10-10.0.22000-SP0)",
        "x-ms-client-request-id": "3685794a-9125-11ec-9bd8-b831b58100e8"
      },
      "RequestBody": null,
      "StatusCode": 200,
      "ResponseHeaders": {
        "apim-request-id": "8f714b25-dacf-4063-8f30-fece1316fa4f",
        "Cache-Control": "public, max-age=1",
        "Content-Encoding": "gzip",
        "Content-Type": "application/json; charset=utf-8",
        "Date": "Sat, 19 Feb 2022 01:42:38 GMT",
        "ETag": "\u0022E76B061C1AED0F3183326C7A5BD71D5E6016067F581C06AB3C6B745FD9542AB9\u0022",
        "Set-Cookie": [
          "ARRAffinity=a374f049af0321e021a66f6ba57004d2e31d3140f1d09889270a08e39d2850a6;Path=/;HttpOnly;Secure;Domain=mtbatch.nam.microsofttranslator.com",
          "ARRAffinitySameSite=a374f049af0321e021a66f6ba57004d2e31d3140f1d09889270a08e39d2850a6;Path=/;HttpOnly;SameSite=None;Secure;Domain=mtbatch.nam.microsofttranslator.com"
        ],
        "Strict-Transport-Security": "max-age=31536000; includeSubDomains; preload",
        "Transfer-Encoding": "chunked",
        "Vary": "Accept-Encoding",
        "X-Content-Type-Options": "nosniff",
        "X-Powered-By": "ASP.NET",
        "X-RequestId": "8f714b25-dacf-4063-8f30-fece1316fa4f"
      },
      "ResponseBody": {
        "id": "9587c7d3-6fca-4f5b-a3a2-da5504df7545",
        "createdDateTimeUtc": "2022-02-19T01:42:35.6319217Z",
        "lastActionDateTimeUtc": "2022-02-19T01:42:36.5010177Z",
        "status": "Running",
        "summary": {
          "total": 1,
          "failed": 0,
          "success": 0,
          "inProgress": 1,
          "notYetStarted": 0,
          "cancelled": 0,
          "totalCharacterCharged": 0
        }
      }
    },
    {
      "RequestUri": "https://fakeendpoint.cognitiveservices.azure.com/translator/text/batch/v1.0/batches/9587c7d3-6fca-4f5b-a3a2-da5504df7545",
      "RequestMethod": "GET",
      "RequestHeaders": {
        "Accept": "*/*",
        "Accept-Encoding": "gzip, deflate",
        "Connection": "keep-alive",
        "User-Agent": "azsdk-python-ai-translation-document/1.0.0b7 Python/3.10.0 (Windows-10-10.0.22000-SP0)",
        "x-ms-client-request-id": "3685794a-9125-11ec-9bd8-b831b58100e8"
      },
      "RequestBody": null,
      "StatusCode": 200,
      "ResponseHeaders": {
        "apim-request-id": "84220a01-216d-4f81-b538-3edc0a0e1869",
        "Cache-Control": "public, max-age=1",
        "Content-Encoding": "gzip",
        "Content-Type": "application/json; charset=utf-8",
        "Date": "Sat, 19 Feb 2022 01:42:39 GMT",
        "ETag": "\u0022E76B061C1AED0F3183326C7A5BD71D5E6016067F581C06AB3C6B745FD9542AB9\u0022",
        "Set-Cookie": [
          "ARRAffinity=09a10d9e036c982a6acf1ed7f4e9558b44845127dddc55af67b87cd656dd4d77;Path=/;HttpOnly;Secure;Domain=mtbatch.nam.microsofttranslator.com",
          "ARRAffinitySameSite=09a10d9e036c982a6acf1ed7f4e9558b44845127dddc55af67b87cd656dd4d77;Path=/;HttpOnly;SameSite=None;Secure;Domain=mtbatch.nam.microsofttranslator.com"
        ],
        "Strict-Transport-Security": "max-age=31536000; includeSubDomains; preload",
        "Transfer-Encoding": "chunked",
        "Vary": "Accept-Encoding",
        "X-Content-Type-Options": "nosniff",
        "X-Powered-By": "ASP.NET",
        "X-RequestId": "84220a01-216d-4f81-b538-3edc0a0e1869"
      },
      "ResponseBody": {
        "id": "9587c7d3-6fca-4f5b-a3a2-da5504df7545",
        "createdDateTimeUtc": "2022-02-19T01:42:35.6319217Z",
        "lastActionDateTimeUtc": "2022-02-19T01:42:36.5010177Z",
        "status": "Running",
        "summary": {
          "total": 1,
          "failed": 0,
          "success": 0,
          "inProgress": 1,
          "notYetStarted": 0,
          "cancelled": 0,
          "totalCharacterCharged": 0
        }
      }
    },
    {
      "RequestUri": "https://fakeendpoint.cognitiveservices.azure.com/translator/text/batch/v1.0/batches/9587c7d3-6fca-4f5b-a3a2-da5504df7545",
      "RequestMethod": "GET",
      "RequestHeaders": {
        "Accept": "*/*",
        "Accept-Encoding": "gzip, deflate",
        "Connection": "keep-alive",
        "User-Agent": "azsdk-python-ai-translation-document/1.0.0b7 Python/3.10.0 (Windows-10-10.0.22000-SP0)",
        "x-ms-client-request-id": "3685794a-9125-11ec-9bd8-b831b58100e8"
      },
      "RequestBody": null,
      "StatusCode": 200,
      "ResponseHeaders": {
        "apim-request-id": "fb07e69f-3060-4771-b1c9-3e3237e216a6",
        "Cache-Control": "public, max-age=1",
        "Content-Encoding": "gzip",
        "Content-Type": "application/json; charset=utf-8",
        "Date": "Sat, 19 Feb 2022 01:42:40 GMT",
        "ETag": "\u0022E76B061C1AED0F3183326C7A5BD71D5E6016067F581C06AB3C6B745FD9542AB9\u0022",
        "Set-Cookie": [
          "ARRAffinity=a374f049af0321e021a66f6ba57004d2e31d3140f1d09889270a08e39d2850a6;Path=/;HttpOnly;Secure;Domain=mtbatch.nam.microsofttranslator.com",
          "ARRAffinitySameSite=a374f049af0321e021a66f6ba57004d2e31d3140f1d09889270a08e39d2850a6;Path=/;HttpOnly;SameSite=None;Secure;Domain=mtbatch.nam.microsofttranslator.com"
        ],
        "Strict-Transport-Security": "max-age=31536000; includeSubDomains; preload",
        "Transfer-Encoding": "chunked",
        "Vary": "Accept-Encoding",
        "X-Content-Type-Options": "nosniff",
        "X-Powered-By": "ASP.NET",
        "X-RequestId": "fb07e69f-3060-4771-b1c9-3e3237e216a6"
      },
      "ResponseBody": {
        "id": "9587c7d3-6fca-4f5b-a3a2-da5504df7545",
        "createdDateTimeUtc": "2022-02-19T01:42:35.6319217Z",
        "lastActionDateTimeUtc": "2022-02-19T01:42:36.5010177Z",
        "status": "Running",
        "summary": {
          "total": 1,
          "failed": 0,
          "success": 0,
          "inProgress": 1,
          "notYetStarted": 0,
          "cancelled": 0,
          "totalCharacterCharged": 0
        }
      }
    },
    {
      "RequestUri": "https://fakeendpoint.cognitiveservices.azure.com/translator/text/batch/v1.0/batches/9587c7d3-6fca-4f5b-a3a2-da5504df7545",
      "RequestMethod": "GET",
      "RequestHeaders": {
        "Accept": "*/*",
        "Accept-Encoding": "gzip, deflate",
        "Connection": "keep-alive",
        "User-Agent": "azsdk-python-ai-translation-document/1.0.0b7 Python/3.10.0 (Windows-10-10.0.22000-SP0)",
        "x-ms-client-request-id": "3685794a-9125-11ec-9bd8-b831b58100e8"
      },
      "RequestBody": null,
      "StatusCode": 200,
      "ResponseHeaders": {
        "apim-request-id": "dd5c8e1e-f9c0-4292-8094-e4a51f183c7e",
        "Cache-Control": "public, max-age=1",
        "Content-Encoding": "gzip",
        "Content-Type": "application/json; charset=utf-8",
        "Date": "Sat, 19 Feb 2022 01:42:41 GMT",
        "ETag": "\u00220B291DA547CF561B9E0BA7D2CED358A3B64D506DBA320FA8BD0BD966CA740662\u0022",
        "Set-Cookie": [
          "ARRAffinity=09a10d9e036c982a6acf1ed7f4e9558b44845127dddc55af67b87cd656dd4d77;Path=/;HttpOnly;Secure;Domain=mtbatch.nam.microsofttranslator.com",
          "ARRAffinitySameSite=09a10d9e036c982a6acf1ed7f4e9558b44845127dddc55af67b87cd656dd4d77;Path=/;HttpOnly;SameSite=None;Secure;Domain=mtbatch.nam.microsofttranslator.com"
        ],
        "Strict-Transport-Security": "max-age=31536000; includeSubDomains; preload",
        "Transfer-Encoding": "chunked",
        "Vary": "Accept-Encoding",
        "X-Content-Type-Options": "nosniff",
        "X-Powered-By": "ASP.NET",
        "X-RequestId": "dd5c8e1e-f9c0-4292-8094-e4a51f183c7e"
      },
      "ResponseBody": {
        "id": "9587c7d3-6fca-4f5b-a3a2-da5504df7545",
        "createdDateTimeUtc": "2022-02-19T01:42:35.6319217Z",
        "lastActionDateTimeUtc": "2022-02-19T01:42:41.5225511Z",
        "status": "Succeeded",
        "summary": {
          "total": 1,
          "failed": 0,
          "success": 1,
          "inProgress": 0,
          "notYetStarted": 0,
          "cancelled": 0,
          "totalCharacterCharged": 27
        }
      }
    },
    {
      "RequestUri": "https://fakeendpoint.blob.core.windows.net/src771d5842-8f8a-42bf-afef-680e0eed2d63?restype=container",
      "RequestMethod": "PUT",
      "RequestHeaders": {
        "Accept": "application/xml",
        "Accept-Encoding": "gzip, deflate",
        "Authorization": "Sanitized",
        "Connection": "keep-alive",
        "Content-Length": "0",
        "User-Agent": "azsdk-python-storage-blob/12.10.0b3 Python/3.10.0 (Windows-10-10.0.22000-SP0)",
        "x-ms-client-request-id": "3a50fc04-9125-11ec-92fd-b831b58100e8",
        "x-ms-date": "Sat, 19 Feb 2022 01:42:41 GMT",
        "x-ms-version": "2021-04-10"
      },
      "RequestBody": null,
      "StatusCode": 201,
      "ResponseHeaders": {
        "Content-Length": "0",
        "Date": "Sat, 19 Feb 2022 01:42:41 GMT",
        "ETag": "\u00220x8D9F3491E8B997E\u0022",
        "Last-Modified": "Sat, 19 Feb 2022 01:42:42 GMT",
        "Server": [
          "Windows-Azure-Blob/1.0",
          "Microsoft-HTTPAPI/2.0"
        ],
        "x-ms-client-request-id": "3a50fc04-9125-11ec-92fd-b831b58100e8",
        "x-ms-request-id": "a107a4d0-301e-0035-7a31-255800000000",
        "x-ms-version": "2021-04-10"
      },
      "ResponseBody": null
    },
    {
      "RequestUri": "https://fakeendpoint.blob.core.windows.net/src771d5842-8f8a-42bf-afef-680e0eed2d63/cad22a15-bf39-4bea-81bf-71a5dbb2ac24.txt",
      "RequestMethod": "PUT",
      "RequestHeaders": {
        "Accept": "application/xml",
        "Accept-Encoding": "gzip, deflate",
        "Authorization": "Sanitized",
        "Connection": "keep-alive",
        "Content-Length": "27",
        "Content-Type": "application/octet-stream",
        "If-None-Match": "*",
        "User-Agent": "azsdk-python-storage-blob/12.10.0b3 Python/3.10.0 (Windows-10-10.0.22000-SP0)",
        "x-ms-blob-type": "BlockBlob",
        "x-ms-client-request-id": "3a5bcbe4-9125-11ec-8a86-b831b58100e8",
        "x-ms-date": "Sat, 19 Feb 2022 01:42:42 GMT",
        "x-ms-version": "2021-04-10"
      },
      "RequestBody": "VGhpcyBpcyB3cml0dGVuIGluIGVuZ2xpc2gu",
      "StatusCode": 201,
      "ResponseHeaders": {
        "Content-Length": "0",
        "Content-MD5": "mYgA0QpY6baiB\u002BxZp8Hk\u002BA==",
        "Date": "Sat, 19 Feb 2022 01:42:41 GMT",
        "ETag": "\u00220x8D9F3491E99B105\u0022",
        "Last-Modified": "Sat, 19 Feb 2022 01:42:42 GMT",
        "Server": [
          "Windows-Azure-Blob/1.0",
          "Microsoft-HTTPAPI/2.0"
        ],
        "x-ms-client-request-id": "3a5bcbe4-9125-11ec-8a86-b831b58100e8",
        "x-ms-content-crc64": "NB4xBtawP6g=",
        "x-ms-request-id": "a107a51a-301e-0035-4131-255800000000",
        "x-ms-request-server-encrypted": "true",
        "x-ms-version": "2021-04-10"
      },
      "ResponseBody": null
    },
    {
      "RequestUri": "https://fakeendpoint.blob.core.windows.net/targete89b14a0-14fe-4ee6-83ee-0a00c4d7c3db?restype=container",
      "RequestMethod": "PUT",
      "RequestHeaders": {
        "Accept": "application/xml",
        "Accept-Encoding": "gzip, deflate",
        "Authorization": "Sanitized",
        "Connection": "keep-alive",
        "Content-Length": "0",
        "User-Agent": "azsdk-python-storage-blob/12.10.0b3 Python/3.10.0 (Windows-10-10.0.22000-SP0)",
        "x-ms-client-request-id": "3a7ea4a7-9125-11ec-8a06-b831b58100e8",
        "x-ms-date": "Sat, 19 Feb 2022 01:42:42 GMT",
        "x-ms-version": "2021-04-10"
      },
      "RequestBody": null,
      "StatusCode": 201,
      "ResponseHeaders": {
        "Content-Length": "0",
        "Date": "Sat, 19 Feb 2022 01:42:41 GMT",
        "ETag": "\u00220x8D9F3491EBBA333\u0022",
        "Last-Modified": "Sat, 19 Feb 2022 01:42:42 GMT",
        "Server": [
          "Windows-Azure-Blob/1.0",
          "Microsoft-HTTPAPI/2.0"
        ],
        "x-ms-client-request-id": "3a7ea4a7-9125-11ec-8a06-b831b58100e8",
        "x-ms-request-id": "a107a66a-301e-0035-6d31-255800000000",
        "x-ms-version": "2021-04-10"
      },
      "ResponseBody": null
    },
    {
      "RequestUri": "https://fakeendpoint.cognitiveservices.azure.com/translator/text/batch/v1.0/batches",
      "RequestMethod": "POST",
      "RequestHeaders": {
        "Accept": "application/json",
        "Accept-Encoding": "gzip, deflate",
        "Connection": "keep-alive",
        "Content-Length": "380",
        "Content-Type": "application/json",
        "User-Agent": "azsdk-python-ai-translation-document/1.0.0b7 Python/3.10.0 (Windows-10-10.0.22000-SP0)",
        "x-ms-client-request-id": "3aa11774-9125-11ec-a3b8-b831b58100e8"
      },
      "RequestBody": {
        "inputs": [
          {
            "source": {
              "sourceUrl": "https://fakeendpoint.blob.core.windows.net/src771d5842-8f8a-42bf-afef-680e0eed2d63?se=end\u0026sp=rl\u0026sv=2021-04-10\u0026sr=c\u0026sig=fake_token_value",
              "filter": {}
            },
            "targets": [
              {
                "targetUrl": "https://fakeendpoint.blob.core.windows.net/targete89b14a0-14fe-4ee6-83ee-0a00c4d7c3db?se=end\u0026sp=wl\u0026sv=2021-04-10\u0026sr=c\u0026sig=fake_token_value",
                "language": "es"
              }
            ]
          }
        ]
      },
      "StatusCode": 202,
      "ResponseHeaders": {
        "apim-request-id": "51fb98fb-baf6-4686-9bd7-a8d61d900ed3",
        "Content-Length": "0",
        "Date": "Sat, 19 Feb 2022 01:42:41 GMT",
        "Operation-Location": "https://fakeendpoint.cognitiveservices.azure.com/translator/text/batch/v1.0/batches/d1b38698-9d16-4b7d-a795-31fbba3c183b",
        "Set-Cookie": [
          "ARRAffinity=a374f049af0321e021a66f6ba57004d2e31d3140f1d09889270a08e39d2850a6;Path=/;HttpOnly;Secure;Domain=mtbatch.nam.microsofttranslator.com",
          "ARRAffinitySameSite=a374f049af0321e021a66f6ba57004d2e31d3140f1d09889270a08e39d2850a6;Path=/;HttpOnly;SameSite=None;Secure;Domain=mtbatch.nam.microsofttranslator.com"
        ],
        "Strict-Transport-Security": "max-age=31536000; includeSubDomains; preload",
        "X-Content-Type-Options": "nosniff",
        "X-Powered-By": "ASP.NET",
        "X-RequestId": "51fb98fb-baf6-4686-9bd7-a8d61d900ed3"
      },
      "ResponseBody": null
    },
    {
      "RequestUri": "https://fakeendpoint.cognitiveservices.azure.com/translator/text/batch/v1.0/batches/d1b38698-9d16-4b7d-a795-31fbba3c183b",
      "RequestMethod": "GET",
      "RequestHeaders": {
        "Accept": "*/*",
        "Accept-Encoding": "gzip, deflate",
        "Connection": "keep-alive",
        "User-Agent": "azsdk-python-ai-translation-document/1.0.0b7 Python/3.10.0 (Windows-10-10.0.22000-SP0)",
        "x-ms-client-request-id": "3aa11774-9125-11ec-a3b8-b831b58100e8"
      },
      "RequestBody": null,
      "StatusCode": 200,
      "ResponseHeaders": {
        "apim-request-id": "366b8b0f-46c0-426f-b54b-226834a05a93",
        "Cache-Control": "public, max-age=1",
        "Content-Encoding": "gzip",
        "Content-Type": "application/json; charset=utf-8",
        "Date": "Sat, 19 Feb 2022 01:42:42 GMT",
        "ETag": "\u0022B6808434480E834400E60E74494543226A1AE75BD76DD9627AA058824EFE4DCD\u0022",
        "Set-Cookie": [
          "ARRAffinity=09a10d9e036c982a6acf1ed7f4e9558b44845127dddc55af67b87cd656dd4d77;Path=/;HttpOnly;Secure;Domain=mtbatch.nam.microsofttranslator.com",
          "ARRAffinitySameSite=09a10d9e036c982a6acf1ed7f4e9558b44845127dddc55af67b87cd656dd4d77;Path=/;HttpOnly;SameSite=None;Secure;Domain=mtbatch.nam.microsofttranslator.com"
        ],
        "Strict-Transport-Security": "max-age=31536000; includeSubDomains; preload",
        "Transfer-Encoding": "chunked",
        "Vary": "Accept-Encoding",
        "X-Content-Type-Options": "nosniff",
        "X-Powered-By": "ASP.NET",
        "X-RequestId": "366b8b0f-46c0-426f-b54b-226834a05a93"
      },
      "ResponseBody": {
        "id": "d1b38698-9d16-4b7d-a795-31fbba3c183b",
        "createdDateTimeUtc": "2022-02-19T01:42:42.526283Z",
        "lastActionDateTimeUtc": "2022-02-19T01:42:43.5325409Z",
        "status": "Running",
        "summary": {
          "total": 1,
          "failed": 0,
          "success": 0,
          "inProgress": 1,
          "notYetStarted": 0,
          "cancelled": 0,
          "totalCharacterCharged": 0
        }
      }
    },
    {
      "RequestUri": "https://fakeendpoint.cognitiveservices.azure.com/translator/text/batch/v1.0/batches/d1b38698-9d16-4b7d-a795-31fbba3c183b",
      "RequestMethod": "GET",
      "RequestHeaders": {
        "Accept": "*/*",
        "Accept-Encoding": "gzip, deflate",
        "Connection": "keep-alive",
        "User-Agent": "azsdk-python-ai-translation-document/1.0.0b7 Python/3.10.0 (Windows-10-10.0.22000-SP0)",
        "x-ms-client-request-id": "3aa11774-9125-11ec-a3b8-b831b58100e8"
      },
      "RequestBody": null,
      "StatusCode": 200,
      "ResponseHeaders": {
        "apim-request-id": "ab31af35-8717-41d1-a19e-57bd31417f8c",
        "Cache-Control": "public, max-age=1",
        "Content-Encoding": "gzip",
        "Content-Type": "application/json; charset=utf-8",
        "Date": "Sat, 19 Feb 2022 01:42:44 GMT",
        "ETag": "\u0022B6808434480E834400E60E74494543226A1AE75BD76DD9627AA058824EFE4DCD\u0022",
        "Set-Cookie": [
          "ARRAffinity=a374f049af0321e021a66f6ba57004d2e31d3140f1d09889270a08e39d2850a6;Path=/;HttpOnly;Secure;Domain=mtbatch.nam.microsofttranslator.com",
          "ARRAffinitySameSite=a374f049af0321e021a66f6ba57004d2e31d3140f1d09889270a08e39d2850a6;Path=/;HttpOnly;SameSite=None;Secure;Domain=mtbatch.nam.microsofttranslator.com"
        ],
        "Strict-Transport-Security": "max-age=31536000; includeSubDomains; preload",
        "Transfer-Encoding": "chunked",
        "Vary": "Accept-Encoding",
        "X-Content-Type-Options": "nosniff",
        "X-Powered-By": "ASP.NET",
        "X-RequestId": "ab31af35-8717-41d1-a19e-57bd31417f8c"
      },
      "ResponseBody": {
        "id": "d1b38698-9d16-4b7d-a795-31fbba3c183b",
        "createdDateTimeUtc": "2022-02-19T01:42:42.526283Z",
        "lastActionDateTimeUtc": "2022-02-19T01:42:43.5325409Z",
        "status": "Running",
        "summary": {
          "total": 1,
          "failed": 0,
          "success": 0,
          "inProgress": 1,
          "notYetStarted": 0,
          "cancelled": 0,
          "totalCharacterCharged": 0
        }
      }
    },
    {
      "RequestUri": "https://fakeendpoint.cognitiveservices.azure.com/translator/text/batch/v1.0/batches/d1b38698-9d16-4b7d-a795-31fbba3c183b",
      "RequestMethod": "GET",
      "RequestHeaders": {
        "Accept": "*/*",
        "Accept-Encoding": "gzip, deflate",
        "Connection": "keep-alive",
        "User-Agent": "azsdk-python-ai-translation-document/1.0.0b7 Python/3.10.0 (Windows-10-10.0.22000-SP0)",
        "x-ms-client-request-id": "3aa11774-9125-11ec-a3b8-b831b58100e8"
      },
      "RequestBody": null,
      "StatusCode": 200,
      "ResponseHeaders": {
        "apim-request-id": "67d8e300-27d2-480f-bda1-3f299f9773de",
        "Cache-Control": "public, max-age=1",
        "Content-Encoding": "gzip",
        "Content-Type": "application/json; charset=utf-8",
        "Date": "Sat, 19 Feb 2022 01:42:45 GMT",
        "ETag": "\u0022B6808434480E834400E60E74494543226A1AE75BD76DD9627AA058824EFE4DCD\u0022",
        "Set-Cookie": [
          "ARRAffinity=09a10d9e036c982a6acf1ed7f4e9558b44845127dddc55af67b87cd656dd4d77;Path=/;HttpOnly;Secure;Domain=mtbatch.nam.microsofttranslator.com",
          "ARRAffinitySameSite=09a10d9e036c982a6acf1ed7f4e9558b44845127dddc55af67b87cd656dd4d77;Path=/;HttpOnly;SameSite=None;Secure;Domain=mtbatch.nam.microsofttranslator.com"
        ],
        "Strict-Transport-Security": "max-age=31536000; includeSubDomains; preload",
        "Transfer-Encoding": "chunked",
        "Vary": "Accept-Encoding",
        "X-Content-Type-Options": "nosniff",
        "X-Powered-By": "ASP.NET",
        "X-RequestId": "67d8e300-27d2-480f-bda1-3f299f9773de"
      },
      "ResponseBody": {
        "id": "d1b38698-9d16-4b7d-a795-31fbba3c183b",
        "createdDateTimeUtc": "2022-02-19T01:42:42.526283Z",
        "lastActionDateTimeUtc": "2022-02-19T01:42:43.5325409Z",
        "status": "Running",
        "summary": {
          "total": 1,
          "failed": 0,
          "success": 0,
          "inProgress": 1,
          "notYetStarted": 0,
          "cancelled": 0,
          "totalCharacterCharged": 0
        }
      }
    },
    {
      "RequestUri": "https://fakeendpoint.cognitiveservices.azure.com/translator/text/batch/v1.0/batches/d1b38698-9d16-4b7d-a795-31fbba3c183b",
      "RequestMethod": "GET",
      "RequestHeaders": {
        "Accept": "*/*",
        "Accept-Encoding": "gzip, deflate",
        "Connection": "keep-alive",
        "User-Agent": "azsdk-python-ai-translation-document/1.0.0b7 Python/3.10.0 (Windows-10-10.0.22000-SP0)",
        "x-ms-client-request-id": "3aa11774-9125-11ec-a3b8-b831b58100e8"
      },
      "RequestBody": null,
      "StatusCode": 200,
      "ResponseHeaders": {
        "apim-request-id": "0187d824-0d47-41a4-b4dc-21356e49ab32",
        "Cache-Control": "public, max-age=1",
        "Content-Encoding": "gzip",
        "Content-Type": "application/json; charset=utf-8",
        "Date": "Sat, 19 Feb 2022 01:42:46 GMT",
        "ETag": "\u0022B6808434480E834400E60E74494543226A1AE75BD76DD9627AA058824EFE4DCD\u0022",
        "Set-Cookie": [
          "ARRAffinity=a374f049af0321e021a66f6ba57004d2e31d3140f1d09889270a08e39d2850a6;Path=/;HttpOnly;Secure;Domain=mtbatch.nam.microsofttranslator.com",
          "ARRAffinitySameSite=a374f049af0321e021a66f6ba57004d2e31d3140f1d09889270a08e39d2850a6;Path=/;HttpOnly;SameSite=None;Secure;Domain=mtbatch.nam.microsofttranslator.com"
        ],
        "Strict-Transport-Security": "max-age=31536000; includeSubDomains; preload",
        "Transfer-Encoding": "chunked",
        "Vary": "Accept-Encoding",
        "X-Content-Type-Options": "nosniff",
        "X-Powered-By": "ASP.NET",
        "X-RequestId": "0187d824-0d47-41a4-b4dc-21356e49ab32"
      },
      "ResponseBody": {
        "id": "d1b38698-9d16-4b7d-a795-31fbba3c183b",
        "createdDateTimeUtc": "2022-02-19T01:42:42.526283Z",
        "lastActionDateTimeUtc": "2022-02-19T01:42:43.5325409Z",
        "status": "Running",
        "summary": {
          "total": 1,
          "failed": 0,
          "success": 0,
          "inProgress": 1,
          "notYetStarted": 0,
          "cancelled": 0,
          "totalCharacterCharged": 0
        }
      }
    },
    {
      "RequestUri": "https://fakeendpoint.cognitiveservices.azure.com/translator/text/batch/v1.0/batches/d1b38698-9d16-4b7d-a795-31fbba3c183b",
      "RequestMethod": "GET",
      "RequestHeaders": {
        "Accept": "*/*",
        "Accept-Encoding": "gzip, deflate",
        "Connection": "keep-alive",
        "User-Agent": "azsdk-python-ai-translation-document/1.0.0b7 Python/3.10.0 (Windows-10-10.0.22000-SP0)",
        "x-ms-client-request-id": "3aa11774-9125-11ec-a3b8-b831b58100e8"
      },
      "RequestBody": null,
      "StatusCode": 200,
      "ResponseHeaders": {
        "apim-request-id": "d877ae8a-cd40-4bf4-aa3b-e4f03e597b53",
        "Cache-Control": "public, max-age=1",
        "Content-Encoding": "gzip",
        "Content-Type": "application/json; charset=utf-8",
        "Date": "Sat, 19 Feb 2022 01:42:47 GMT",
        "ETag": "\u0022B6808434480E834400E60E74494543226A1AE75BD76DD9627AA058824EFE4DCD\u0022",
        "Set-Cookie": [
          "ARRAffinity=09a10d9e036c982a6acf1ed7f4e9558b44845127dddc55af67b87cd656dd4d77;Path=/;HttpOnly;Secure;Domain=mtbatch.nam.microsofttranslator.com",
          "ARRAffinitySameSite=09a10d9e036c982a6acf1ed7f4e9558b44845127dddc55af67b87cd656dd4d77;Path=/;HttpOnly;SameSite=None;Secure;Domain=mtbatch.nam.microsofttranslator.com"
        ],
        "Strict-Transport-Security": "max-age=31536000; includeSubDomains; preload",
        "Transfer-Encoding": "chunked",
        "Vary": "Accept-Encoding",
        "X-Content-Type-Options": "nosniff",
        "X-Powered-By": "ASP.NET",
        "X-RequestId": "d877ae8a-cd40-4bf4-aa3b-e4f03e597b53"
      },
      "ResponseBody": {
        "id": "d1b38698-9d16-4b7d-a795-31fbba3c183b",
        "createdDateTimeUtc": "2022-02-19T01:42:42.526283Z",
        "lastActionDateTimeUtc": "2022-02-19T01:42:43.5325409Z",
        "status": "Running",
        "summary": {
          "total": 1,
          "failed": 0,
          "success": 0,
          "inProgress": 1,
          "notYetStarted": 0,
          "cancelled": 0,
          "totalCharacterCharged": 0
        }
      }
    },
    {
      "RequestUri": "https://fakeendpoint.cognitiveservices.azure.com/translator/text/batch/v1.0/batches/d1b38698-9d16-4b7d-a795-31fbba3c183b",
      "RequestMethod": "GET",
      "RequestHeaders": {
        "Accept": "*/*",
        "Accept-Encoding": "gzip, deflate",
        "Connection": "keep-alive",
        "User-Agent": "azsdk-python-ai-translation-document/1.0.0b7 Python/3.10.0 (Windows-10-10.0.22000-SP0)",
        "x-ms-client-request-id": "3aa11774-9125-11ec-a3b8-b831b58100e8"
      },
      "RequestBody": null,
      "StatusCode": 200,
      "ResponseHeaders": {
        "apim-request-id": "d30bb434-b6b5-4b2b-b15a-4ced1ab79f04",
        "Cache-Control": "public, max-age=1",
        "Content-Encoding": "gzip",
        "Content-Type": "application/json; charset=utf-8",
        "Date": "Sat, 19 Feb 2022 01:42:48 GMT",
        "ETag": "\u0022D6C8ABCEC61FFC478502BEADEA3096FE596923357202C8A55B3BDD8BB3D3E3F4\u0022",
        "Set-Cookie": [
          "ARRAffinity=a374f049af0321e021a66f6ba57004d2e31d3140f1d09889270a08e39d2850a6;Path=/;HttpOnly;Secure;Domain=mtbatch.nam.microsofttranslator.com",
          "ARRAffinitySameSite=a374f049af0321e021a66f6ba57004d2e31d3140f1d09889270a08e39d2850a6;Path=/;HttpOnly;SameSite=None;Secure;Domain=mtbatch.nam.microsofttranslator.com"
        ],
        "Strict-Transport-Security": "max-age=31536000; includeSubDomains; preload",
        "Transfer-Encoding": "chunked",
        "Vary": "Accept-Encoding",
        "X-Content-Type-Options": "nosniff",
        "X-Powered-By": "ASP.NET",
        "X-RequestId": "d30bb434-b6b5-4b2b-b15a-4ced1ab79f04"
      },
      "ResponseBody": {
        "id": "d1b38698-9d16-4b7d-a795-31fbba3c183b",
        "createdDateTimeUtc": "2022-02-19T01:42:42.526283Z",
        "lastActionDateTimeUtc": "2022-02-19T01:42:48.5710074Z",
        "status": "Succeeded",
        "summary": {
          "total": 1,
          "failed": 0,
          "success": 1,
          "inProgress": 0,
          "notYetStarted": 0,
          "cancelled": 0,
          "totalCharacterCharged": 27
        }
      }
    },
    {
      "RequestUri": "https://fakeendpoint.blob.core.windows.net/src0c4b3ff5-baf3-4d45-a88d-379dba57a74d?restype=container",
      "RequestMethod": "PUT",
      "RequestHeaders": {
        "Accept": "application/xml",
        "Accept-Encoding": "gzip, deflate",
        "Authorization": "Sanitized",
        "Connection": "keep-alive",
        "Content-Length": "0",
        "User-Agent": "azsdk-python-storage-blob/12.10.0b3 Python/3.10.0 (Windows-10-10.0.22000-SP0)",
        "x-ms-client-request-id": "3e75f7a3-9125-11ec-9810-b831b58100e8",
        "x-ms-date": "Sat, 19 Feb 2022 01:42:48 GMT",
        "x-ms-version": "2021-04-10"
      },
      "RequestBody": null,
      "StatusCode": 201,
      "ResponseHeaders": {
        "Content-Length": "0",
        "Date": "Sat, 19 Feb 2022 01:42:48 GMT",
        "ETag": "\u00220x8D9F34922AE90CD\u0022",
        "Last-Modified": "Sat, 19 Feb 2022 01:42:48 GMT",
        "Server": [
          "Windows-Azure-Blob/1.0",
          "Microsoft-HTTPAPI/2.0"
        ],
        "x-ms-client-request-id": "3e75f7a3-9125-11ec-9810-b831b58100e8",
        "x-ms-request-id": "a107c375-301e-0035-7932-255800000000",
        "x-ms-version": "2021-04-10"
      },
      "ResponseBody": null
    },
    {
      "RequestUri": "https://fakeendpoint.blob.core.windows.net/src0c4b3ff5-baf3-4d45-a88d-379dba57a74d/e5347bbf-4540-49f5-9277-efcc87b6c248.txt",
      "RequestMethod": "PUT",
      "RequestHeaders": {
        "Accept": "application/xml",
        "Accept-Encoding": "gzip, deflate",
        "Authorization": "Sanitized",
        "Connection": "keep-alive",
        "Content-Length": "27",
        "Content-Type": "application/octet-stream",
        "If-None-Match": "*",
        "User-Agent": "azsdk-python-storage-blob/12.10.0b3 Python/3.10.0 (Windows-10-10.0.22000-SP0)",
        "x-ms-blob-type": "BlockBlob",
        "x-ms-client-request-id": "3e7ea83e-9125-11ec-979e-b831b58100e8",
        "x-ms-date": "Sat, 19 Feb 2022 01:42:48 GMT",
        "x-ms-version": "2021-04-10"
      },
      "RequestBody": "VGhpcyBpcyB3cml0dGVuIGluIGVuZ2xpc2gu",
      "StatusCode": 201,
      "ResponseHeaders": {
        "Content-Length": "0",
        "Content-MD5": "mYgA0QpY6baiB\u002BxZp8Hk\u002BA==",
        "Date": "Sat, 19 Feb 2022 01:42:48 GMT",
        "ETag": "\u00220x8D9F34922B4BA71\u0022",
        "Last-Modified": "Sat, 19 Feb 2022 01:42:49 GMT",
        "Server": [
          "Windows-Azure-Blob/1.0",
          "Microsoft-HTTPAPI/2.0"
        ],
        "x-ms-client-request-id": "3e7ea83e-9125-11ec-979e-b831b58100e8",
        "x-ms-content-crc64": "NB4xBtawP6g=",
        "x-ms-request-id": "a107c3a8-301e-0035-2932-255800000000",
        "x-ms-request-server-encrypted": "true",
        "x-ms-version": "2021-04-10"
      },
      "ResponseBody": null
    },
    {
      "RequestUri": "https://fakeendpoint.blob.core.windows.net/target75a6e638-4e41-462c-81e2-8f906f50869d?restype=container",
      "RequestMethod": "PUT",
      "RequestHeaders": {
        "Accept": "application/xml",
        "Accept-Encoding": "gzip, deflate",
        "Authorization": "Sanitized",
        "Connection": "keep-alive",
        "Content-Length": "0",
        "User-Agent": "azsdk-python-storage-blob/12.10.0b3 Python/3.10.0 (Windows-10-10.0.22000-SP0)",
        "x-ms-client-request-id": "3e946cfe-9125-11ec-9047-b831b58100e8",
        "x-ms-date": "Sat, 19 Feb 2022 01:42:49 GMT",
        "x-ms-version": "2021-04-10"
      },
      "RequestBody": null,
      "StatusCode": 201,
      "ResponseHeaders": {
        "Content-Length": "0",
        "Date": "Sat, 19 Feb 2022 01:42:48 GMT",
        "ETag": "\u00220x8D9F34922CDD410\u0022",
        "Last-Modified": "Sat, 19 Feb 2022 01:42:49 GMT",
        "Server": [
          "Windows-Azure-Blob/1.0",
          "Microsoft-HTTPAPI/2.0"
        ],
        "x-ms-client-request-id": "3e946cfe-9125-11ec-9047-b831b58100e8",
        "x-ms-request-id": "a107c4b9-301e-0035-3132-255800000000",
        "x-ms-version": "2021-04-10"
      },
      "ResponseBody": null
    },
    {
      "RequestUri": "https://fakeendpoint.cognitiveservices.azure.com/translator/text/batch/v1.0/batches",
      "RequestMethod": "POST",
      "RequestHeaders": {
        "Accept": "application/json",
        "Accept-Encoding": "gzip, deflate",
        "Connection": "keep-alive",
        "Content-Length": "380",
        "Content-Type": "application/json",
        "User-Agent": "azsdk-python-ai-translation-document/1.0.0b7 Python/3.10.0 (Windows-10-10.0.22000-SP0)",
        "x-ms-client-request-id": "3eaee81c-9125-11ec-a2a2-b831b58100e8"
      },
      "RequestBody": {
        "inputs": [
          {
            "source": {
              "sourceUrl": "https://fakeendpoint.blob.core.windows.net/src0c4b3ff5-baf3-4d45-a88d-379dba57a74d?se=end\u0026sp=rl\u0026sv=2021-04-10\u0026sr=c\u0026sig=fake_token_value",
              "filter": {}
            },
            "targets": [
              {
                "targetUrl": "https://fakeendpoint.blob.core.windows.net/target75a6e638-4e41-462c-81e2-8f906f50869d?se=end\u0026sp=wl\u0026sv=2021-04-10\u0026sr=c\u0026sig=fake_token_value",
                "language": "es"
              }
            ]
          }
        ]
      },
      "StatusCode": 202,
      "ResponseHeaders": {
        "apim-request-id": "dc67f5b1-c05e-4641-b8c3-05262e33f5d9",
        "Content-Length": "0",
        "Date": "Sat, 19 Feb 2022 01:42:49 GMT",
        "Operation-Location": "https://fakeendpoint.cognitiveservices.azure.com/translator/text/batch/v1.0/batches/d02fe927-f49e-4978-b203-3e660707a0ba",
        "Set-Cookie": [
          "ARRAffinity=09a10d9e036c982a6acf1ed7f4e9558b44845127dddc55af67b87cd656dd4d77;Path=/;HttpOnly;Secure;Domain=mtbatch.nam.microsofttranslator.com",
          "ARRAffinitySameSite=09a10d9e036c982a6acf1ed7f4e9558b44845127dddc55af67b87cd656dd4d77;Path=/;HttpOnly;SameSite=None;Secure;Domain=mtbatch.nam.microsofttranslator.com"
        ],
        "Strict-Transport-Security": "max-age=31536000; includeSubDomains; preload",
        "X-Content-Type-Options": "nosniff",
        "X-Powered-By": "ASP.NET",
        "X-RequestId": "dc67f5b1-c05e-4641-b8c3-05262e33f5d9"
      },
      "ResponseBody": null
    },
    {
      "RequestUri": "https://fakeendpoint.cognitiveservices.azure.com/translator/text/batch/v1.0/batches/d02fe927-f49e-4978-b203-3e660707a0ba",
      "RequestMethod": "GET",
      "RequestHeaders": {
        "Accept": "*/*",
        "Accept-Encoding": "gzip, deflate",
        "Connection": "keep-alive",
        "User-Agent": "azsdk-python-ai-translation-document/1.0.0b7 Python/3.10.0 (Windows-10-10.0.22000-SP0)",
        "x-ms-client-request-id": "3eaee81c-9125-11ec-a2a2-b831b58100e8"
      },
      "RequestBody": null,
      "StatusCode": 200,
      "ResponseHeaders": {
        "apim-request-id": "63cfc22e-ce3b-4302-b9f3-af692bc1e2a9",
        "Cache-Control": "public, max-age=1",
        "Content-Encoding": "gzip",
        "Content-Type": "application/json; charset=utf-8",
        "Date": "Sat, 19 Feb 2022 01:42:50 GMT",
        "ETag": "\u00226B003FE20B670EF62F92836E5C963AFA16B73AD5672F03E0693D4BD6BF0A2CE6\u0022",
        "Set-Cookie": [
          "ARRAffinity=a374f049af0321e021a66f6ba57004d2e31d3140f1d09889270a08e39d2850a6;Path=/;HttpOnly;Secure;Domain=mtbatch.nam.microsofttranslator.com",
          "ARRAffinitySameSite=a374f049af0321e021a66f6ba57004d2e31d3140f1d09889270a08e39d2850a6;Path=/;HttpOnly;SameSite=None;Secure;Domain=mtbatch.nam.microsofttranslator.com"
        ],
        "Strict-Transport-Security": "max-age=31536000; includeSubDomains; preload",
        "Transfer-Encoding": "chunked",
        "Vary": "Accept-Encoding",
        "X-Content-Type-Options": "nosniff",
        "X-Powered-By": "ASP.NET",
        "X-RequestId": "63cfc22e-ce3b-4302-b9f3-af692bc1e2a9"
      },
      "ResponseBody": {
        "id": "d02fe927-f49e-4978-b203-3e660707a0ba",
        "createdDateTimeUtc": "2022-02-19T01:42:49.3263983Z",
        "lastActionDateTimeUtc": "2022-02-19T01:42:50.2362514Z",
        "status": "Running",
        "summary": {
          "total": 1,
          "failed": 0,
          "success": 0,
          "inProgress": 1,
          "notYetStarted": 0,
          "cancelled": 0,
          "totalCharacterCharged": 0
        }
      }
    },
    {
      "RequestUri": "https://fakeendpoint.cognitiveservices.azure.com/translator/text/batch/v1.0/batches/d02fe927-f49e-4978-b203-3e660707a0ba",
      "RequestMethod": "GET",
      "RequestHeaders": {
        "Accept": "*/*",
        "Accept-Encoding": "gzip, deflate",
        "Connection": "keep-alive",
        "User-Agent": "azsdk-python-ai-translation-document/1.0.0b7 Python/3.10.0 (Windows-10-10.0.22000-SP0)",
        "x-ms-client-request-id": "3eaee81c-9125-11ec-a2a2-b831b58100e8"
      },
      "RequestBody": null,
      "StatusCode": 200,
      "ResponseHeaders": {
        "apim-request-id": "8c600eab-c05d-4c2b-83ee-5c0495572136",
        "Cache-Control": "public, max-age=1",
        "Content-Encoding": "gzip",
        "Content-Type": "application/json; charset=utf-8",
        "Date": "Sat, 19 Feb 2022 01:42:51 GMT",
        "ETag": "\u0022FBE146558CDA09B6D9988BF65D477182621077520A531512071DE415FBB728BE\u0022",
        "Set-Cookie": [
          "ARRAffinity=09a10d9e036c982a6acf1ed7f4e9558b44845127dddc55af67b87cd656dd4d77;Path=/;HttpOnly;Secure;Domain=mtbatch.nam.microsofttranslator.com",
          "ARRAffinitySameSite=09a10d9e036c982a6acf1ed7f4e9558b44845127dddc55af67b87cd656dd4d77;Path=/;HttpOnly;SameSite=None;Secure;Domain=mtbatch.nam.microsofttranslator.com"
        ],
        "Strict-Transport-Security": "max-age=31536000; includeSubDomains; preload",
        "Transfer-Encoding": "chunked",
        "Vary": "Accept-Encoding",
        "X-Content-Type-Options": "nosniff",
        "X-Powered-By": "ASP.NET",
        "X-RequestId": "8c600eab-c05d-4c2b-83ee-5c0495572136"
      },
      "ResponseBody": {
        "id": "d02fe927-f49e-4978-b203-3e660707a0ba",
        "createdDateTimeUtc": "2022-02-19T01:42:49.3263983Z",
        "lastActionDateTimeUtc": "2022-02-19T01:42:50.5168159Z",
        "status": "Running",
        "summary": {
          "total": 1,
          "failed": 0,
          "success": 0,
          "inProgress": 1,
          "notYetStarted": 0,
          "cancelled": 0,
          "totalCharacterCharged": 0
        }
      }
    },
    {
      "RequestUri": "https://fakeendpoint.cognitiveservices.azure.com/translator/text/batch/v1.0/batches/d02fe927-f49e-4978-b203-3e660707a0ba",
      "RequestMethod": "GET",
      "RequestHeaders": {
        "Accept": "*/*",
        "Accept-Encoding": "gzip, deflate",
        "Connection": "keep-alive",
        "User-Agent": "azsdk-python-ai-translation-document/1.0.0b7 Python/3.10.0 (Windows-10-10.0.22000-SP0)",
        "x-ms-client-request-id": "3eaee81c-9125-11ec-a2a2-b831b58100e8"
      },
      "RequestBody": null,
      "StatusCode": 200,
      "ResponseHeaders": {
        "apim-request-id": "36d981c1-db14-46f7-9a18-041321e8ad75",
        "Cache-Control": "public, max-age=1",
        "Content-Encoding": "gzip",
        "Content-Type": "application/json; charset=utf-8",
        "Date": "Sat, 19 Feb 2022 01:42:52 GMT",
        "ETag": "\u0022A5877C516EA038B43A69F6A128A27BE5992A64FBB60F09380221AE00F163803B\u0022",
        "Set-Cookie": [
          "ARRAffinity=a374f049af0321e021a66f6ba57004d2e31d3140f1d09889270a08e39d2850a6;Path=/;HttpOnly;Secure;Domain=mtbatch.nam.microsofttranslator.com",
          "ARRAffinitySameSite=a374f049af0321e021a66f6ba57004d2e31d3140f1d09889270a08e39d2850a6;Path=/;HttpOnly;SameSite=None;Secure;Domain=mtbatch.nam.microsofttranslator.com"
        ],
        "Strict-Transport-Security": "max-age=31536000; includeSubDomains; preload",
        "Transfer-Encoding": "chunked",
        "Vary": "Accept-Encoding",
        "X-Content-Type-Options": "nosniff",
        "X-Powered-By": "ASP.NET",
        "X-RequestId": "36d981c1-db14-46f7-9a18-041321e8ad75"
      },
      "ResponseBody": {
        "id": "d02fe927-f49e-4978-b203-3e660707a0ba",
        "createdDateTimeUtc": "2022-02-19T01:42:49.3263983Z",
        "lastActionDateTimeUtc": "2022-02-19T01:42:51.91851Z",
        "status": "Succeeded",
        "summary": {
          "total": 1,
          "failed": 0,
          "success": 1,
          "inProgress": 0,
          "notYetStarted": 0,
          "cancelled": 0,
          "totalCharacterCharged": 27
        }
      }
    },
    {
      "RequestUri": "https://fakeendpoint.blob.core.windows.net/src8e92ceaf-b3f5-4eb4-8b0b-766f4ebda826?restype=container",
      "RequestMethod": "PUT",
      "RequestHeaders": {
        "Accept": "application/xml",
        "Accept-Encoding": "gzip, deflate",
        "Authorization": "Sanitized",
        "Connection": "keep-alive",
        "Content-Length": "0",
        "User-Agent": "azsdk-python-storage-blob/12.10.0b3 Python/3.10.0 (Windows-10-10.0.22000-SP0)",
        "x-ms-client-request-id": "409f9d9b-9125-11ec-9014-b831b58100e8",
        "x-ms-date": "Sat, 19 Feb 2022 01:42:52 GMT",
        "x-ms-version": "2021-04-10"
      },
      "RequestBody": null,
      "StatusCode": 201,
      "ResponseHeaders": {
        "Content-Length": "0",
        "Date": "Sat, 19 Feb 2022 01:42:51 GMT",
        "ETag": "\u00220x8D9F34924D7FDC4\u0022",
        "Last-Modified": "Sat, 19 Feb 2022 01:42:52 GMT",
        "Server": [
          "Windows-Azure-Blob/1.0",
          "Microsoft-HTTPAPI/2.0"
        ],
        "x-ms-client-request-id": "409f9d9b-9125-11ec-9014-b831b58100e8",
        "x-ms-request-id": "a107d560-301e-0035-5c32-255800000000",
        "x-ms-version": "2021-04-10"
      },
      "ResponseBody": null
    },
    {
      "RequestUri": "https://fakeendpoint.blob.core.windows.net/src8e92ceaf-b3f5-4eb4-8b0b-766f4ebda826/48dc6db0-7d9a-4bc6-a326-e6198d332182.txt",
      "RequestMethod": "PUT",
      "RequestHeaders": {
        "Accept": "application/xml",
        "Accept-Encoding": "gzip, deflate",
        "Authorization": "Sanitized",
        "Connection": "keep-alive",
        "Content-Length": "27",
        "Content-Type": "application/octet-stream",
        "If-None-Match": "*",
        "User-Agent": "azsdk-python-storage-blob/12.10.0b3 Python/3.10.0 (Windows-10-10.0.22000-SP0)",
        "x-ms-blob-type": "BlockBlob",
        "x-ms-client-request-id": "40a82c27-9125-11ec-8f9b-b831b58100e8",
        "x-ms-date": "Sat, 19 Feb 2022 01:42:52 GMT",
        "x-ms-version": "2021-04-10"
      },
      "RequestBody": "VGhpcyBpcyB3cml0dGVuIGluIGVuZ2xpc2gu",
      "StatusCode": 201,
      "ResponseHeaders": {
        "Content-Length": "0",
        "Content-MD5": "mYgA0QpY6baiB\u002BxZp8Hk\u002BA==",
        "Date": "Sat, 19 Feb 2022 01:42:51 GMT",
        "ETag": "\u00220x8D9F34924DE0079\u0022",
        "Last-Modified": "Sat, 19 Feb 2022 01:42:52 GMT",
        "Server": [
          "Windows-Azure-Blob/1.0",
          "Microsoft-HTTPAPI/2.0"
        ],
        "x-ms-client-request-id": "40a82c27-9125-11ec-8f9b-b831b58100e8",
        "x-ms-content-crc64": "NB4xBtawP6g=",
        "x-ms-request-id": "a107d58f-301e-0035-0732-255800000000",
        "x-ms-request-server-encrypted": "true",
        "x-ms-version": "2021-04-10"
      },
      "ResponseBody": null
    },
    {
      "RequestUri": "https://fakeendpoint.blob.core.windows.net/target3dd49062-91d8-4b2c-b379-7029ab7a30b1?restype=container",
      "RequestMethod": "PUT",
      "RequestHeaders": {
        "Accept": "application/xml",
        "Accept-Encoding": "gzip, deflate",
        "Authorization": "Sanitized",
        "Connection": "keep-alive",
        "Content-Length": "0",
        "User-Agent": "azsdk-python-storage-blob/12.10.0b3 Python/3.10.0 (Windows-10-10.0.22000-SP0)",
        "x-ms-client-request-id": "40bf7e11-9125-11ec-91f4-b831b58100e8",
        "x-ms-date": "Sat, 19 Feb 2022 01:42:52 GMT",
        "x-ms-version": "2021-04-10"
      },
      "RequestBody": null,
      "StatusCode": 201,
      "ResponseHeaders": {
        "Content-Length": "0",
        "Date": "Sat, 19 Feb 2022 01:42:52 GMT",
        "ETag": "\u00220x8D9F34924FFCB3E\u0022",
        "Last-Modified": "Sat, 19 Feb 2022 01:42:52 GMT",
        "Server": [
          "Windows-Azure-Blob/1.0",
          "Microsoft-HTTPAPI/2.0"
        ],
        "x-ms-client-request-id": "40bf7e11-9125-11ec-91f4-b831b58100e8",
        "x-ms-request-id": "a107d664-301e-0035-5132-255800000000",
        "x-ms-version": "2021-04-10"
      },
      "ResponseBody": null
    },
    {
      "RequestUri": "https://fakeendpoint.cognitiveservices.azure.com/translator/text/batch/v1.0/batches",
      "RequestMethod": "POST",
      "RequestHeaders": {
        "Accept": "application/json",
        "Accept-Encoding": "gzip, deflate",
        "Connection": "keep-alive",
        "Content-Length": "380",
        "Content-Type": "application/json",
        "User-Agent": "azsdk-python-ai-translation-document/1.0.0b7 Python/3.10.0 (Windows-10-10.0.22000-SP0)",
        "x-ms-client-request-id": "40e1cd48-9125-11ec-ae5c-b831b58100e8"
      },
      "RequestBody": {
        "inputs": [
          {
            "source": {
              "sourceUrl": "https://fakeendpoint.blob.core.windows.net/src8e92ceaf-b3f5-4eb4-8b0b-766f4ebda826?se=end\u0026sp=rl\u0026sv=2021-04-10\u0026sr=c\u0026sig=fake_token_value",
              "filter": {}
            },
            "targets": [
              {
                "targetUrl": "https://fakeendpoint.blob.core.windows.net/target3dd49062-91d8-4b2c-b379-7029ab7a30b1?se=end\u0026sp=wl\u0026sv=2021-04-10\u0026sr=c\u0026sig=fake_token_value",
                "language": "es"
              }
            ]
          }
        ]
      },
      "StatusCode": 202,
      "ResponseHeaders": {
        "apim-request-id": "783ac960-77a0-409b-b809-8f6eb0a7c7ac",
        "Content-Length": "0",
        "Date": "Sat, 19 Feb 2022 01:42:52 GMT",
        "Operation-Location": "https://fakeendpoint.cognitiveservices.azure.com/translator/text/batch/v1.0/batches/0d203e9f-718a-4851-ad2f-9a546bf57954",
        "Set-Cookie": [
          "ARRAffinity=09a10d9e036c982a6acf1ed7f4e9558b44845127dddc55af67b87cd656dd4d77;Path=/;HttpOnly;Secure;Domain=mtbatch.nam.microsofttranslator.com",
          "ARRAffinitySameSite=09a10d9e036c982a6acf1ed7f4e9558b44845127dddc55af67b87cd656dd4d77;Path=/;HttpOnly;SameSite=None;Secure;Domain=mtbatch.nam.microsofttranslator.com"
        ],
        "Strict-Transport-Security": "max-age=31536000; includeSubDomains; preload",
        "X-Content-Type-Options": "nosniff",
        "X-Powered-By": "ASP.NET",
        "X-RequestId": "783ac960-77a0-409b-b809-8f6eb0a7c7ac"
      },
      "ResponseBody": null
    },
    {
      "RequestUri": "https://fakeendpoint.cognitiveservices.azure.com/translator/text/batch/v1.0/batches/0d203e9f-718a-4851-ad2f-9a546bf57954",
      "RequestMethod": "GET",
      "RequestHeaders": {
        "Accept": "*/*",
        "Accept-Encoding": "gzip, deflate",
        "Connection": "keep-alive",
        "User-Agent": "azsdk-python-ai-translation-document/1.0.0b7 Python/3.10.0 (Windows-10-10.0.22000-SP0)",
        "x-ms-client-request-id": "40e1cd48-9125-11ec-ae5c-b831b58100e8"
      },
      "RequestBody": null,
      "StatusCode": 200,
      "ResponseHeaders": {
        "apim-request-id": "cc14858e-c12b-4d9f-98c6-737ea6833d89",
        "Cache-Control": "public, max-age=1",
        "Content-Encoding": "gzip",
        "Content-Type": "application/json; charset=utf-8",
        "Date": "Sat, 19 Feb 2022 01:42:53 GMT",
        "ETag": "\u002244388FE225856A6B398517441A01ABDE3CEBDC4E3529702B43CD4A5AD7F9D971\u0022",
        "Set-Cookie": [
          "ARRAffinity=a374f049af0321e021a66f6ba57004d2e31d3140f1d09889270a08e39d2850a6;Path=/;HttpOnly;Secure;Domain=mtbatch.nam.microsofttranslator.com",
          "ARRAffinitySameSite=a374f049af0321e021a66f6ba57004d2e31d3140f1d09889270a08e39d2850a6;Path=/;HttpOnly;SameSite=None;Secure;Domain=mtbatch.nam.microsofttranslator.com"
        ],
        "Strict-Transport-Security": "max-age=31536000; includeSubDomains; preload",
        "Transfer-Encoding": "chunked",
        "Vary": "Accept-Encoding",
        "X-Content-Type-Options": "nosniff",
        "X-Powered-By": "ASP.NET",
        "X-RequestId": "cc14858e-c12b-4d9f-98c6-737ea6833d89"
      },
      "ResponseBody": {
        "id": "0d203e9f-718a-4851-ad2f-9a546bf57954",
        "createdDateTimeUtc": "2022-02-19T01:42:53.0153081Z",
        "lastActionDateTimeUtc": "2022-02-19T01:42:53.5481157Z",
        "status": "Running",
        "summary": {
          "total": 1,
          "failed": 0,
          "success": 0,
          "inProgress": 1,
          "notYetStarted": 0,
          "cancelled": 0,
          "totalCharacterCharged": 0
        }
      }
    },
    {
      "RequestUri": "https://fakeendpoint.cognitiveservices.azure.com/translator/text/batch/v1.0/batches/0d203e9f-718a-4851-ad2f-9a546bf57954",
      "RequestMethod": "GET",
      "RequestHeaders": {
        "Accept": "*/*",
        "Accept-Encoding": "gzip, deflate",
        "Connection": "keep-alive",
        "User-Agent": "azsdk-python-ai-translation-document/1.0.0b7 Python/3.10.0 (Windows-10-10.0.22000-SP0)",
        "x-ms-client-request-id": "40e1cd48-9125-11ec-ae5c-b831b58100e8"
      },
      "RequestBody": null,
      "StatusCode": 200,
      "ResponseHeaders": {
        "apim-request-id": "96cd5b76-1b53-432b-8397-7d7559a61c05",
        "Cache-Control": "public, max-age=1",
        "Content-Encoding": "gzip",
        "Content-Type": "application/json; charset=utf-8",
        "Date": "Sat, 19 Feb 2022 01:42:54 GMT",
        "ETag": "\u00225321B7BB4F5A09A6BA1AACA273BE2D3A75B867564F114379B367E28AFC7BF86D\u0022",
        "Set-Cookie": [
          "ARRAffinity=09a10d9e036c982a6acf1ed7f4e9558b44845127dddc55af67b87cd656dd4d77;Path=/;HttpOnly;Secure;Domain=mtbatch.nam.microsofttranslator.com",
          "ARRAffinitySameSite=09a10d9e036c982a6acf1ed7f4e9558b44845127dddc55af67b87cd656dd4d77;Path=/;HttpOnly;SameSite=None;Secure;Domain=mtbatch.nam.microsofttranslator.com"
        ],
        "Strict-Transport-Security": "max-age=31536000; includeSubDomains; preload",
        "Transfer-Encoding": "chunked",
        "Vary": "Accept-Encoding",
        "X-Content-Type-Options": "nosniff",
        "X-Powered-By": "ASP.NET",
        "X-RequestId": "96cd5b76-1b53-432b-8397-7d7559a61c05"
      },
      "ResponseBody": {
        "id": "0d203e9f-718a-4851-ad2f-9a546bf57954",
        "createdDateTimeUtc": "2022-02-19T01:42:53.0153081Z",
        "lastActionDateTimeUtc": "2022-02-19T01:42:55.0638208Z",
        "status": "Succeeded",
        "summary": {
          "total": 1,
          "failed": 0,
          "success": 1,
          "inProgress": 0,
          "notYetStarted": 0,
          "cancelled": 0,
          "totalCharacterCharged": 27
        }
      }
    },
    {
      "RequestUri": "https://fakeendpoint.cognitiveservices.azure.com/translator/text/batch/v1.0/batches/e5e64c83-93fa-49f0-84bf-dc1d59af3bc0",
      "RequestMethod": "DELETE",
      "RequestHeaders": {
        "Accept": "application/json",
        "Accept-Encoding": "gzip, deflate",
        "Connection": "keep-alive",
        "Content-Length": "0",
        "User-Agent": "azsdk-python-ai-translation-document/1.0.0b7 Python/3.10.0 (Windows-10-10.0.22000-SP0)",
        "x-ms-client-request-id": "4231572a-9125-11ec-9fe3-b831b58100e8"
      },
      "RequestBody": null,
      "StatusCode": 200,
      "ResponseHeaders": {
        "apim-request-id": "edad7305-674e-4fbb-a260-54d5a32bbaf4",
        "Content-Encoding": "gzip",
        "Content-Type": "application/json; charset=utf-8",
        "Date": "Sat, 19 Feb 2022 01:42:54 GMT",
        "Set-Cookie": [
          "ARRAffinity=a374f049af0321e021a66f6ba57004d2e31d3140f1d09889270a08e39d2850a6;Path=/;HttpOnly;Secure;Domain=mtbatch.nam.microsofttranslator.com",
          "ARRAffinitySameSite=a374f049af0321e021a66f6ba57004d2e31d3140f1d09889270a08e39d2850a6;Path=/;HttpOnly;SameSite=None;Secure;Domain=mtbatch.nam.microsofttranslator.com"
        ],
        "Strict-Transport-Security": "max-age=31536000; includeSubDomains; preload",
        "Transfer-Encoding": "chunked",
        "Vary": "Accept-Encoding",
        "X-Content-Type-Options": "nosniff",
        "X-Powered-By": "ASP.NET",
        "X-RequestId": "edad7305-674e-4fbb-a260-54d5a32bbaf4"
      },
      "ResponseBody": {
        "id": "e5e64c83-93fa-49f0-84bf-dc1d59af3bc0",
        "createdDateTimeUtc": "2022-02-19T01:42:28.8409936Z",
        "lastActionDateTimeUtc": "2022-02-19T01:42:34.5681943Z",
        "status": "Succeeded",
        "summary": {
          "total": 1,
          "failed": 0,
          "success": 1,
          "inProgress": 0,
          "notYetStarted": 0,
          "cancelled": 0,
          "totalCharacterCharged": 27
        }
      }
    },
    {
      "RequestUri": "https://fakeendpoint.cognitiveservices.azure.com/translator/text/batch/v1.0/batches/9587c7d3-6fca-4f5b-a3a2-da5504df7545",
      "RequestMethod": "DELETE",
      "RequestHeaders": {
        "Accept": "application/json",
        "Accept-Encoding": "gzip, deflate",
        "Connection": "keep-alive",
        "Content-Length": "0",
        "User-Agent": "azsdk-python-ai-translation-document/1.0.0b7 Python/3.10.0 (Windows-10-10.0.22000-SP0)",
        "x-ms-client-request-id": "42385978-9125-11ec-8415-b831b58100e8"
      },
      "RequestBody": null,
      "StatusCode": 200,
      "ResponseHeaders": {
        "apim-request-id": "47e93631-c59f-4895-be2c-badb4b137a81",
        "Content-Encoding": "gzip",
        "Content-Type": "application/json; charset=utf-8",
        "Date": "Sat, 19 Feb 2022 01:42:54 GMT",
        "Set-Cookie": [
          "ARRAffinity=09a10d9e036c982a6acf1ed7f4e9558b44845127dddc55af67b87cd656dd4d77;Path=/;HttpOnly;Secure;Domain=mtbatch.nam.microsofttranslator.com",
          "ARRAffinitySameSite=09a10d9e036c982a6acf1ed7f4e9558b44845127dddc55af67b87cd656dd4d77;Path=/;HttpOnly;SameSite=None;Secure;Domain=mtbatch.nam.microsofttranslator.com"
        ],
        "Strict-Transport-Security": "max-age=31536000; includeSubDomains; preload",
        "Transfer-Encoding": "chunked",
        "Vary": "Accept-Encoding",
        "X-Content-Type-Options": "nosniff",
        "X-Powered-By": "ASP.NET",
        "X-RequestId": "47e93631-c59f-4895-be2c-badb4b137a81"
      },
      "ResponseBody": {
        "id": "9587c7d3-6fca-4f5b-a3a2-da5504df7545",
        "createdDateTimeUtc": "2022-02-19T01:42:35.6319217Z",
        "lastActionDateTimeUtc": "2022-02-19T01:42:41.5225511Z",
        "status": "Succeeded",
        "summary": {
          "total": 1,
          "failed": 0,
          "success": 1,
          "inProgress": 0,
          "notYetStarted": 0,
          "cancelled": 0,
          "totalCharacterCharged": 27
        }
      }
    },
    {
      "RequestUri": "https://fakeendpoint.cognitiveservices.azure.com/translator/text/batch/v1.0/batches/d1b38698-9d16-4b7d-a795-31fbba3c183b",
      "RequestMethod": "DELETE",
      "RequestHeaders": {
        "Accept": "application/json",
        "Accept-Encoding": "gzip, deflate",
        "Connection": "keep-alive",
        "Content-Length": "0",
        "User-Agent": "azsdk-python-ai-translation-document/1.0.0b7 Python/3.10.0 (Windows-10-10.0.22000-SP0)",
        "x-ms-client-request-id": "423fa771-9125-11ec-9edd-b831b58100e8"
      },
      "RequestBody": null,
      "StatusCode": 200,
      "ResponseHeaders": {
        "apim-request-id": "7e29fe82-16b0-41d2-bc84-3d9185630924",
        "Content-Encoding": "gzip",
        "Content-Type": "application/json; charset=utf-8",
        "Date": "Sat, 19 Feb 2022 01:42:54 GMT",
        "Set-Cookie": [
          "ARRAffinity=a374f049af0321e021a66f6ba57004d2e31d3140f1d09889270a08e39d2850a6;Path=/;HttpOnly;Secure;Domain=mtbatch.nam.microsofttranslator.com",
          "ARRAffinitySameSite=a374f049af0321e021a66f6ba57004d2e31d3140f1d09889270a08e39d2850a6;Path=/;HttpOnly;SameSite=None;Secure;Domain=mtbatch.nam.microsofttranslator.com"
        ],
        "Strict-Transport-Security": "max-age=31536000; includeSubDomains; preload",
        "Transfer-Encoding": "chunked",
        "Vary": "Accept-Encoding",
        "X-Content-Type-Options": "nosniff",
        "X-Powered-By": "ASP.NET",
        "X-RequestId": "7e29fe82-16b0-41d2-bc84-3d9185630924"
      },
      "ResponseBody": {
        "id": "d1b38698-9d16-4b7d-a795-31fbba3c183b",
        "createdDateTimeUtc": "2022-02-19T01:42:42.526283Z",
        "lastActionDateTimeUtc": "2022-02-19T01:42:48.5710074Z",
        "status": "Succeeded",
        "summary": {
          "total": 1,
          "failed": 0,
          "success": 1,
          "inProgress": 0,
          "notYetStarted": 0,
          "cancelled": 0,
          "totalCharacterCharged": 27
        }
      }
    },
    {
      "RequestUri": "https://fakeendpoint.cognitiveservices.azure.com/translator/text/batch/v1.0/batches/d02fe927-f49e-4978-b203-3e660707a0ba",
      "RequestMethod": "DELETE",
      "RequestHeaders": {
        "Accept": "application/json",
        "Accept-Encoding": "gzip, deflate",
        "Connection": "keep-alive",
        "Content-Length": "0",
        "User-Agent": "azsdk-python-ai-translation-document/1.0.0b7 Python/3.10.0 (Windows-10-10.0.22000-SP0)",
        "x-ms-client-request-id": "42461d96-9125-11ec-8f5b-b831b58100e8"
      },
      "RequestBody": null,
      "StatusCode": 200,
      "ResponseHeaders": {
        "apim-request-id": "522afd98-6ab3-4a4b-aed2-f7a62222002f",
        "Content-Encoding": "gzip",
        "Content-Type": "application/json; charset=utf-8",
        "Date": "Sat, 19 Feb 2022 01:42:54 GMT",
        "Set-Cookie": [
          "ARRAffinity=09a10d9e036c982a6acf1ed7f4e9558b44845127dddc55af67b87cd656dd4d77;Path=/;HttpOnly;Secure;Domain=mtbatch.nam.microsofttranslator.com",
          "ARRAffinitySameSite=09a10d9e036c982a6acf1ed7f4e9558b44845127dddc55af67b87cd656dd4d77;Path=/;HttpOnly;SameSite=None;Secure;Domain=mtbatch.nam.microsofttranslator.com"
        ],
        "Strict-Transport-Security": "max-age=31536000; includeSubDomains; preload",
        "Transfer-Encoding": "chunked",
        "Vary": "Accept-Encoding",
        "X-Content-Type-Options": "nosniff",
        "X-Powered-By": "ASP.NET",
        "X-RequestId": "522afd98-6ab3-4a4b-aed2-f7a62222002f"
      },
      "ResponseBody": {
        "id": "d02fe927-f49e-4978-b203-3e660707a0ba",
        "createdDateTimeUtc": "2022-02-19T01:42:49.3263983Z",
        "lastActionDateTimeUtc": "2022-02-19T01:42:51.91851Z",
        "status": "Succeeded",
        "summary": {
          "total": 1,
          "failed": 0,
          "success": 1,
          "inProgress": 0,
          "notYetStarted": 0,
          "cancelled": 0,
          "totalCharacterCharged": 27
        }
      }
    },
    {
      "RequestUri": "https://fakeendpoint.cognitiveservices.azure.com/translator/text/batch/v1.0/batches/0d203e9f-718a-4851-ad2f-9a546bf57954",
      "RequestMethod": "DELETE",
      "RequestHeaders": {
        "Accept": "application/json",
        "Accept-Encoding": "gzip, deflate",
        "Connection": "keep-alive",
        "Content-Length": "0",
        "User-Agent": "azsdk-python-ai-translation-document/1.0.0b7 Python/3.10.0 (Windows-10-10.0.22000-SP0)",
        "x-ms-client-request-id": "424d6bb8-9125-11ec-9a15-b831b58100e8"
      },
      "RequestBody": null,
      "StatusCode": 200,
      "ResponseHeaders": {
        "apim-request-id": "2f6a2f1b-0004-477b-bd3b-7e76e706a42e",
        "Content-Encoding": "gzip",
        "Content-Type": "application/json; charset=utf-8",
        "Date": "Sat, 19 Feb 2022 01:42:54 GMT",
        "Set-Cookie": [
          "ARRAffinity=a374f049af0321e021a66f6ba57004d2e31d3140f1d09889270a08e39d2850a6;Path=/;HttpOnly;Secure;Domain=mtbatch.nam.microsofttranslator.com",
          "ARRAffinitySameSite=a374f049af0321e021a66f6ba57004d2e31d3140f1d09889270a08e39d2850a6;Path=/;HttpOnly;SameSite=None;Secure;Domain=mtbatch.nam.microsofttranslator.com"
        ],
        "Strict-Transport-Security": "max-age=31536000; includeSubDomains; preload",
        "Transfer-Encoding": "chunked",
        "Vary": "Accept-Encoding",
        "X-Content-Type-Options": "nosniff",
        "X-Powered-By": "ASP.NET",
        "X-RequestId": "2f6a2f1b-0004-477b-bd3b-7e76e706a42e"
      },
      "ResponseBody": {
        "id": "0d203e9f-718a-4851-ad2f-9a546bf57954",
        "createdDateTimeUtc": "2022-02-19T01:42:53.0153081Z",
        "lastActionDateTimeUtc": "2022-02-19T01:42:55.0638208Z",
        "status": "Succeeded",
        "summary": {
          "total": 1,
          "failed": 0,
          "success": 1,
          "inProgress": 0,
          "notYetStarted": 0,
          "cancelled": 0,
          "totalCharacterCharged": 27
        }
      }
    },
    {
      "RequestUri": "https://fakeendpoint.cognitiveservices.azure.com/translator/text/batch/v1.0/batches?statuses=Cancelled",
      "RequestMethod": "GET",
      "RequestHeaders": {
        "Accept": "application/json",
        "Accept-Encoding": "gzip, deflate",
        "Connection": "keep-alive",
        "User-Agent": "azsdk-python-ai-translation-document/1.0.0b7 Python/3.10.0 (Windows-10-10.0.22000-SP0)",
        "x-ms-client-request-id": "484a6d38-9125-11ec-8690-b831b58100e8"
      },
      "RequestBody": null,
      "StatusCode": 200,
      "ResponseHeaders": {
        "apim-request-id": "a8094bdd-8263-4fa7-9b76-90d34b5bd218",
        "Cache-Control": "public, max-age=1",
        "Content-Encoding": "gzip",
        "Content-Type": "application/json; charset=utf-8",
        "Date": "Sat, 19 Feb 2022 01:43:05 GMT",
        "ETag": "\u00225AE4D77D893328AFD5454349424D7C7D5F1D27D1BDF5EA55494CC360E17D35FC\u0022",
        "Set-Cookie": [
          "ARRAffinity=09a10d9e036c982a6acf1ed7f4e9558b44845127dddc55af67b87cd656dd4d77;Path=/;HttpOnly;Secure;Domain=mtbatch.nam.microsofttranslator.com",
          "ARRAffinitySameSite=09a10d9e036c982a6acf1ed7f4e9558b44845127dddc55af67b87cd656dd4d77;Path=/;HttpOnly;SameSite=None;Secure;Domain=mtbatch.nam.microsofttranslator.com"
        ],
        "Strict-Transport-Security": "max-age=31536000; includeSubDomains; preload",
        "Transfer-Encoding": "chunked",
        "Vary": "Accept-Encoding",
        "X-Content-Type-Options": "nosniff",
        "X-Powered-By": "ASP.NET",
        "X-RequestId": "a8094bdd-8263-4fa7-9b76-90d34b5bd218"
      },
      "ResponseBody": {
        "value": [
          {
            "id": "8766a04b-764b-42e1-ae7f-991288ed9f48",
            "createdDateTimeUtc": "2022-02-19T01:32:55.9661541Z",
            "lastActionDateTimeUtc": "2022-02-19T01:32:58.1735976Z",
            "status": "Cancelled",
            "summary": {
              "total": 8,
              "failed": 0,
              "success": 0,
              "inProgress": 0,
              "notYetStarted": 0,
              "cancelled": 8,
              "totalCharacterCharged": 0
            }
          },
          {
            "id": "0c810a48-36d3-477b-8e91-66c199684a98",
            "createdDateTimeUtc": "2022-02-19T01:32:52.9847637Z",
            "lastActionDateTimeUtc": "2022-02-19T01:32:55.0902916Z",
            "status": "Cancelled",
            "summary": {
              "total": 8,
              "failed": 0,
              "success": 0,
              "inProgress": 0,
              "notYetStarted": 0,
              "cancelled": 8,
              "totalCharacterCharged": 0
            }
          },
          {
            "id": "9e0ac258-5a91-42d3-ad1d-e6df24f52586",
            "createdDateTimeUtc": "2022-02-18T23:18:54.6462992Z",
            "lastActionDateTimeUtc": "2022-02-18T23:18:59.4704791Z",
            "status": "Cancelled",
            "summary": {
              "total": 8,
              "failed": 0,
              "success": 0,
              "inProgress": 0,
              "notYetStarted": 0,
              "cancelled": 8,
              "totalCharacterCharged": 0
            }
          },
          {
            "id": "dd7e63ef-3fff-4680-baad-ba6be3c792b4",
            "createdDateTimeUtc": "2022-02-18T23:18:52.0034914Z",
            "lastActionDateTimeUtc": "2022-02-18T23:18:59.3430903Z",
            "status": "Cancelled",
            "summary": {
              "total": 8,
              "failed": 0,
              "success": 0,
              "inProgress": 0,
              "notYetStarted": 0,
              "cancelled": 8,
              "totalCharacterCharged": 0
            }
          },
          {
            "id": "48b8bea1-eb8c-4eb0-a6ff-b469836ded99",
            "createdDateTimeUtc": "2022-02-02T02:06:05.2106955Z",
            "lastActionDateTimeUtc": "2022-02-02T02:06:07.1925028Z",
            "status": "Cancelled",
            "summary": {
              "total": 8,
              "failed": 0,
              "success": 0,
              "inProgress": 0,
              "notYetStarted": 0,
              "cancelled": 8,
              "totalCharacterCharged": 0
            }
          },
          {
            "id": "c44fe4a2-9afa-49e9-8521-c69b3b7e4269",
            "createdDateTimeUtc": "2022-02-02T01:46:57.0825586Z",
            "lastActionDateTimeUtc": "2022-02-02T01:47:01.3562815Z",
            "status": "Cancelled",
            "summary": {
              "total": 8,
              "failed": 0,
              "success": 0,
              "inProgress": 0,
              "notYetStarted": 0,
              "cancelled": 8,
              "totalCharacterCharged": 0
            }
          },
          {
            "id": "25a54bbf-ac8d-4076-8e86-d730c6504f84",
            "createdDateTimeUtc": "2022-02-02T01:45:42.791954Z",
            "lastActionDateTimeUtc": "2022-02-02T01:45:50.9376785Z",
            "status": "Cancelled",
            "summary": {
              "total": 8,
              "failed": 0,
              "success": 0,
              "inProgress": 0,
              "notYetStarted": 0,
              "cancelled": 8,
              "totalCharacterCharged": 0
            }
          },
          {
            "id": "bcfa9119-887b-403c-8ea3-93b845d5c2ce",
            "createdDateTimeUtc": "2022-02-02T01:10:16.7651044Z",
            "lastActionDateTimeUtc": "2022-02-02T01:10:23.6616618Z",
            "status": "Cancelled",
            "summary": {
              "total": 3,
              "failed": 0,
              "success": 0,
              "inProgress": 0,
              "notYetStarted": 0,
              "cancelled": 3,
              "totalCharacterCharged": 0
            }
          },
          {
            "id": "af20c502-f942-488a-9a52-4a5803f66fda",
            "createdDateTimeUtc": "2022-02-02T01:08:46.2000209Z",
            "lastActionDateTimeUtc": "2022-02-02T01:08:48.6660147Z",
            "status": "Cancelled",
            "summary": {
              "total": 8,
              "failed": 0,
              "success": 0,
              "inProgress": 0,
              "notYetStarted": 0,
              "cancelled": 8,
              "totalCharacterCharged": 0
            }
          }
        ]
      }
    }
  ],
  "Variables": {
    "source_container_name0": "src29847dcf-5f50-44ce-972d-c64f33a01ca4",
    "source_container_name0cancel": "src57e31928-93ad-46ea-91f8-97a823478802",
    "source_container_name1": "src7708a675-6fb9-4677-be96-c4a5be9bf6bb",
    "source_container_name1cancel": "src6df3569f-d8a3-4ff1-992a-61bcce8eebe8",
    "source_container_name2": "src0b695f7a-5e0c-495e-b13d-024773c61a88",
    "source_container_name2cancel": "src771d5842-8f8a-42bf-afef-680e0eed2d63",
    "source_container_name3": "src84cbba9e-b8ad-4e0f-b892-4bcf8c838dd3",
    "source_container_name3cancel": "src0c4b3ff5-baf3-4d45-a88d-379dba57a74d",
    "source_container_name4": "srcaa6e6335-a07f-469d-a7ab-f524540af17f",
    "source_container_name4cancel": "src8e92ceaf-b3f5-4eb4-8b0b-766f4ebda826",
    "target_container_name0": "target06b9a50b-e856-40af-9097-5b91e5a76bdf",
    "target_container_name0cancel": "target1c60257b-6e6d-4472-8a15-5db61908548d",
    "target_container_name1": "targetaa947281-c5d7-45cf-bba0-c477793c61c9",
    "target_container_name1cancel": "target15535c59-07a6-4a87-a2fb-3c3ebc15d264",
    "target_container_name2": "target756d67c0-a0e8-4ec1-b1d6-dd974891b036",
    "target_container_name2cancel": "targete89b14a0-14fe-4ee6-83ee-0a00c4d7c3db",
    "target_container_name3": "targete47eb52d-76ac-4fd0-a2da-26988d2f78be",
    "target_container_name3cancel": "target75a6e638-4e41-462c-81e2-8f906f50869d",
    "target_container_name4": "targetfa66060e-0de5-4983-b765-23e80835f0df",
    "target_container_name4cancel": "target3dd49062-91d8-4b2c-b379-7029ab7a30b1"
  }
}
