interactions:
- request:
    body: null
    headers:
      Accept:
      - application/xml
      Accept-Encoding:
      - gzip, deflate
      Connection:
      - keep-alive
      Content-Length:
      - '0'
      User-Agent:
      - azsdk-python-storage-blob/12.10.0b2 Python/3.10.0 (Windows-10-10.0.22000-SP0)
      x-ms-date:
      - Wed, 02 Feb 2022 01:46:55 GMT
      x-ms-version:
      - '2021-02-12'
    method: PUT
    uri: https://redacted.blob.core.windows.net/src26c8cbc1-c694-4348-9f57-125e5d767d00?restype=container
  response:
    body:
      string: ''
    headers:
      content-length:
      - '0'
      date:
      - Wed, 02 Feb 2022 01:46:55 GMT
      etag:
      - '"0x8D9E5EDE4D64AC7"'
      last-modified:
      - Wed, 02 Feb 2022 01:46:55 GMT
      server:
      - Windows-Azure-Blob/1.0 Microsoft-HTTPAPI/2.0
      x-ms-version:
      - '2021-02-12'
    status:
      code: 201
      message: Created
- request:
    body: This is written in english.
    headers:
      Accept:
      - application/xml
      Accept-Encoding:
      - gzip, deflate
      Connection:
      - keep-alive
      Content-Length:
      - '27'
      Content-Type:
      - application/octet-stream
      If-None-Match:
      - '*'
      User-Agent:
      - azsdk-python-storage-blob/12.10.0b2 Python/3.10.0 (Windows-10-10.0.22000-SP0)
      x-ms-blob-type:
      - BlockBlob
      x-ms-date:
      - Wed, 02 Feb 2022 01:46:55 GMT
      x-ms-version:
      - '2021-02-12'
    method: PUT
    uri: https://redacted.blob.core.windows.net/src26c8cbc1-c694-4348-9f57-125e5d767d00/d6b205d1-31d8-4d0e-b732-691777347b1d.txt
  response:
    body:
      string: ''
    headers:
      content-length:
      - '0'
      content-md5:
      - mYgA0QpY6baiB+xZp8Hk+A==
      date:
      - Wed, 02 Feb 2022 01:46:55 GMT
      etag:
      - '"0x8D9E5EDE4E190A9"'
      last-modified:
      - Wed, 02 Feb 2022 01:46:55 GMT
      server:
      - Windows-Azure-Blob/1.0 Microsoft-HTTPAPI/2.0
      x-ms-content-crc64:
      - NB4xBtawP6g=
      x-ms-request-server-encrypted:
      - 'true'
      x-ms-version:
      - '2021-02-12'
    status:
      code: 201
      message: Created
- request:
    body: This is written in english.
    headers:
      Accept:
      - application/xml
      Accept-Encoding:
      - gzip, deflate
      Connection:
      - keep-alive
      Content-Length:
      - '27'
      Content-Type:
      - application/octet-stream
      If-None-Match:
      - '*'
      User-Agent:
      - azsdk-python-storage-blob/12.10.0b2 Python/3.10.0 (Windows-10-10.0.22000-SP0)
      x-ms-blob-type:
      - BlockBlob
      x-ms-date:
      - Wed, 02 Feb 2022 01:46:56 GMT
      x-ms-version:
      - '2021-02-12'
    method: PUT
    uri: https://redacted.blob.core.windows.net/src26c8cbc1-c694-4348-9f57-125e5d767d00/4b7a468d-9d8b-4bb1-9d83-0f28ed9fefc7.txt
  response:
    body:
      string: ''
    headers:
      content-length:
      - '0'
      content-md5:
      - mYgA0QpY6baiB+xZp8Hk+A==
      date:
      - Wed, 02 Feb 2022 01:46:55 GMT
      etag:
      - '"0x8D9E5EDE4ECB296"'
      last-modified:
      - Wed, 02 Feb 2022 01:46:56 GMT
      server:
      - Windows-Azure-Blob/1.0 Microsoft-HTTPAPI/2.0
      x-ms-content-crc64:
      - NB4xBtawP6g=
      x-ms-request-server-encrypted:
      - 'true'
      x-ms-version:
      - '2021-02-12'
    status:
      code: 201
      message: Created
- request:
    body: This is written in english.
    headers:
      Accept:
      - application/xml
      Accept-Encoding:
      - gzip, deflate
      Connection:
      - keep-alive
      Content-Length:
      - '27'
      Content-Type:
      - application/octet-stream
      If-None-Match:
      - '*'
      User-Agent:
      - azsdk-python-storage-blob/12.10.0b2 Python/3.10.0 (Windows-10-10.0.22000-SP0)
      x-ms-blob-type:
      - BlockBlob
      x-ms-date:
      - Wed, 02 Feb 2022 01:46:56 GMT
      x-ms-version:
      - '2021-02-12'
    method: PUT
    uri: https://redacted.blob.core.windows.net/src26c8cbc1-c694-4348-9f57-125e5d767d00/bacf663d-7b5d-4032-bf2f-13aa960e15ab.txt
  response:
    body:
      string: ''
    headers:
      content-length:
      - '0'
      content-md5:
      - mYgA0QpY6baiB+xZp8Hk+A==
      date:
      - Wed, 02 Feb 2022 01:46:55 GMT
      etag:
      - '"0x8D9E5EDE4F4529A"'
      last-modified:
      - Wed, 02 Feb 2022 01:46:56 GMT
      server:
      - Windows-Azure-Blob/1.0 Microsoft-HTTPAPI/2.0
      x-ms-content-crc64:
      - NB4xBtawP6g=
      x-ms-request-server-encrypted:
      - 'true'
      x-ms-version:
      - '2021-02-12'
    status:
      code: 201
      message: Created
- request:
    body: This is written in english.
    headers:
      Accept:
      - application/xml
      Accept-Encoding:
      - gzip, deflate
      Connection:
      - keep-alive
      Content-Length:
      - '27'
      Content-Type:
      - application/octet-stream
      If-None-Match:
      - '*'
      User-Agent:
      - azsdk-python-storage-blob/12.10.0b2 Python/3.10.0 (Windows-10-10.0.22000-SP0)
      x-ms-blob-type:
      - BlockBlob
      x-ms-date:
      - Wed, 02 Feb 2022 01:46:56 GMT
      x-ms-version:
      - '2021-02-12'
    method: PUT
    uri: https://redacted.blob.core.windows.net/src26c8cbc1-c694-4348-9f57-125e5d767d00/fd959abc-b037-4697-9415-34e7da2add06.txt
  response:
    body:
      string: ''
    headers:
      content-length:
      - '0'
      content-md5:
      - mYgA0QpY6baiB+xZp8Hk+A==
      date:
      - Wed, 02 Feb 2022 01:46:55 GMT
      etag:
      - '"0x8D9E5EDE4FC40A8"'
      last-modified:
      - Wed, 02 Feb 2022 01:46:56 GMT
      server:
      - Windows-Azure-Blob/1.0 Microsoft-HTTPAPI/2.0
      x-ms-content-crc64:
      - NB4xBtawP6g=
      x-ms-request-server-encrypted:
      - 'true'
      x-ms-version:
      - '2021-02-12'
    status:
      code: 201
      message: Created
- request:
    body: This is written in english.
    headers:
      Accept:
      - application/xml
      Accept-Encoding:
      - gzip, deflate
      Connection:
      - keep-alive
      Content-Length:
      - '27'
      Content-Type:
      - application/octet-stream
      If-None-Match:
      - '*'
      User-Agent:
      - azsdk-python-storage-blob/12.10.0b2 Python/3.10.0 (Windows-10-10.0.22000-SP0)
      x-ms-blob-type:
      - BlockBlob
      x-ms-date:
      - Wed, 02 Feb 2022 01:46:56 GMT
      x-ms-version:
      - '2021-02-12'
    method: PUT
    uri: https://redacted.blob.core.windows.net/src26c8cbc1-c694-4348-9f57-125e5d767d00/82d4c024-4349-49ff-87c0-1962f7c3c2b7.txt
  response:
    body:
      string: ''
    headers:
      content-length:
      - '0'
      content-md5:
      - mYgA0QpY6baiB+xZp8Hk+A==
      date:
      - Wed, 02 Feb 2022 01:46:55 GMT
      etag:
      - '"0x8D9E5EDE5042EBB"'
      last-modified:
      - Wed, 02 Feb 2022 01:46:56 GMT
      server:
      - Windows-Azure-Blob/1.0 Microsoft-HTTPAPI/2.0
      x-ms-content-crc64:
      - NB4xBtawP6g=
      x-ms-request-server-encrypted:
      - 'true'
      x-ms-version:
      - '2021-02-12'
    status:
      code: 201
      message: Created
- request:
    body: This is written in english.
    headers:
      Accept:
      - application/xml
      Accept-Encoding:
      - gzip, deflate
      Connection:
      - keep-alive
      Content-Length:
      - '27'
      Content-Type:
      - application/octet-stream
      If-None-Match:
      - '*'
      User-Agent:
      - azsdk-python-storage-blob/12.10.0b2 Python/3.10.0 (Windows-10-10.0.22000-SP0)
      x-ms-blob-type:
      - BlockBlob
      x-ms-date:
      - Wed, 02 Feb 2022 01:46:56 GMT
      x-ms-version:
      - '2021-02-12'
    method: PUT
    uri: https://redacted.blob.core.windows.net/src26c8cbc1-c694-4348-9f57-125e5d767d00/0dfab126-12d7-4447-bddb-d4eab625547f.txt
  response:
    body:
      string: ''
    headers:
      content-length:
      - '0'
      content-md5:
      - mYgA0QpY6baiB+xZp8Hk+A==
      date:
      - Wed, 02 Feb 2022 01:46:55 GMT
      etag:
      - '"0x8D9E5EDE50CDFFF"'
      last-modified:
      - Wed, 02 Feb 2022 01:46:56 GMT
      server:
      - Windows-Azure-Blob/1.0 Microsoft-HTTPAPI/2.0
      x-ms-content-crc64:
      - NB4xBtawP6g=
      x-ms-request-server-encrypted:
      - 'true'
      x-ms-version:
      - '2021-02-12'
    status:
      code: 201
      message: Created
- request:
    body: This is written in english.
    headers:
      Accept:
      - application/xml
      Accept-Encoding:
      - gzip, deflate
      Connection:
      - keep-alive
      Content-Length:
      - '27'
      Content-Type:
      - application/octet-stream
      If-None-Match:
      - '*'
      User-Agent:
      - azsdk-python-storage-blob/12.10.0b2 Python/3.10.0 (Windows-10-10.0.22000-SP0)
      x-ms-blob-type:
      - BlockBlob
      x-ms-date:
      - Wed, 02 Feb 2022 01:46:56 GMT
      x-ms-version:
      - '2021-02-12'
    method: PUT
    uri: https://redacted.blob.core.windows.net/src26c8cbc1-c694-4348-9f57-125e5d767d00/07daf333-8408-4a1e-9538-76c39498bec4.txt
  response:
    body:
      string: ''
    headers:
      content-length:
      - '0'
      content-md5:
      - mYgA0QpY6baiB+xZp8Hk+A==
      date:
      - Wed, 02 Feb 2022 01:46:55 GMT
      etag:
      - '"0x8D9E5EDE51431F5"'
      last-modified:
      - Wed, 02 Feb 2022 01:46:56 GMT
      server:
      - Windows-Azure-Blob/1.0 Microsoft-HTTPAPI/2.0
      x-ms-content-crc64:
      - NB4xBtawP6g=
      x-ms-request-server-encrypted:
      - 'true'
      x-ms-version:
      - '2021-02-12'
    status:
      code: 201
      message: Created
- request:
    body: This is written in english.
    headers:
      Accept:
      - application/xml
      Accept-Encoding:
      - gzip, deflate
      Connection:
      - keep-alive
      Content-Length:
      - '27'
      Content-Type:
      - application/octet-stream
      If-None-Match:
      - '*'
      User-Agent:
      - azsdk-python-storage-blob/12.10.0b2 Python/3.10.0 (Windows-10-10.0.22000-SP0)
      x-ms-blob-type:
      - BlockBlob
      x-ms-date:
      - Wed, 02 Feb 2022 01:46:56 GMT
      x-ms-version:
      - '2021-02-12'
    method: PUT
    uri: https://redacted.blob.core.windows.net/src26c8cbc1-c694-4348-9f57-125e5d767d00/bf77e1ac-a36e-4b89-bb9c-7dcc29e71f95.txt
  response:
    body:
      string: ''
    headers:
      content-length:
      - '0'
      content-md5:
      - mYgA0QpY6baiB+xZp8Hk+A==
      date:
      - Wed, 02 Feb 2022 01:46:55 GMT
      etag:
      - '"0x8D9E5EDE51B83DD"'
      last-modified:
      - Wed, 02 Feb 2022 01:46:56 GMT
      server:
      - Windows-Azure-Blob/1.0 Microsoft-HTTPAPI/2.0
      x-ms-content-crc64:
      - NB4xBtawP6g=
      x-ms-request-server-encrypted:
      - 'true'
      x-ms-version:
      - '2021-02-12'
    status:
      code: 201
      message: Created
- request:
    body: null
    headers:
      Accept:
      - application/xml
      Accept-Encoding:
      - gzip, deflate
      Connection:
      - keep-alive
      Content-Length:
      - '0'
      User-Agent:
      - azsdk-python-storage-blob/12.10.0b2 Python/3.10.0 (Windows-10-10.0.22000-SP0)
      x-ms-date:
      - Wed, 02 Feb 2022 01:46:56 GMT
      x-ms-version:
      - '2021-02-12'
    method: PUT
    uri: https://redacted.blob.core.windows.net/target92a5e028-fe4b-40c6-aa58-76d6bf2dd247?restype=container
  response:
    body:
      string: ''
    headers:
      content-length:
      - '0'
      date:
      - Wed, 02 Feb 2022 01:46:56 GMT
      etag:
      - '"0x8D9E5EDE53975C4"'
      last-modified:
      - Wed, 02 Feb 2022 01:46:56 GMT
      server:
      - Windows-Azure-Blob/1.0 Microsoft-HTTPAPI/2.0
      x-ms-version:
      - '2021-02-12'
    status:
      code: 201
      message: Created
- request:
    body: '{"inputs": [{"source": {"sourceUrl": "https://redacted.blob.core.windows.net/src26c8cbc1-c694-4348-9f57-125e5d767d00?se=end&sp=rl&sv=2021-02-12&sr=c&sig=fake_token_value",
      "filter": {}}, "targets": [{"targetUrl": "https://redacted.blob.core.windows.net/target92a5e028-fe4b-40c6-aa58-76d6bf2dd247?se=end&sp=wl&sv=2021-02-12&sr=c&sig=fake_token_value",
      "language": "es"}]}]}'
    headers:
      Accept:
      - application/json
      Accept-Encoding:
      - gzip, deflate
      Connection:
      - keep-alive
      Content-Length:
      - '484'
      Content-Type:
      - application/json
      User-Agent:
      - azsdk-python-ai-translation-document/1.0.0b6 Python/3.10.0 (Windows-10-10.0.22000-SP0)
    method: POST
    uri: https://redacted.cognitiveservices.azure.com/translator/text/batch/v1.0/batches
  response:
    body:
      string: ''
    headers:
      apim-request-id:
      - f8a2718d-911e-458b-b67b-05d6499a0cc5
      content-length:
      - '0'
      date:
      - Wed, 02 Feb 2022 01:46:56 GMT
      operation-location:
      - https://redacted.cognitiveservices.azure.com/translator/text/batch/v1.0/batches/c44fe4a2-9afa-49e9-8521-c69b3b7e4269
      set-cookie:
      - ARRAffinity=b43e80ef1fbcb9f9d446cbc61b366e02dafefc2a9addab525b1fc3eda44b27b2;Path=/;HttpOnly;Secure;Domain=mtbatch.nam.microsofttranslator.com
      - ARRAffinitySameSite=b43e80ef1fbcb9f9d446cbc61b366e02dafefc2a9addab525b1fc3eda44b27b2;Path=/;HttpOnly;SameSite=None;Secure;Domain=mtbatch.nam.microsofttranslator.com
      strict-transport-security:
      - max-age=31536000; includeSubDomains; preload
      x-content-type-options:
      - nosniff
      x-powered-by:
      - ASP.NET
      x-requestid:
      - f8a2718d-911e-458b-b67b-05d6499a0cc5
    status:
      code: 202
      message: Accepted
- request:
    body: null
    headers:
      Accept:
      - application/json
      Accept-Encoding:
      - gzip, deflate
      Connection:
      - keep-alive
      Content-Length:
      - '0'
      User-Agent:
      - azsdk-python-ai-translation-document/1.0.0b6 Python/3.10.0 (Windows-10-10.0.22000-SP0)
    method: DELETE
    uri: https://redacted.cognitiveservices.azure.com/translator/text/batch/v1.0/batches/c44fe4a2-9afa-49e9-8521-c69b3b7e4269
  response:
    body:
      string: '{"id":"c44fe4a2-9afa-49e9-8521-c69b3b7e4269","createdDateTimeUtc":"2022-02-02T01:46:57.0825586Z","lastActionDateTimeUtc":"2022-02-02T01:46:57.1642262Z","status":"Cancelling","summary":{"total":0,"failed":0,"success":0,"inProgress":0,"notYetStarted":0,"cancelled":0,"totalCharacterCharged":0}}'
    headers:
      apim-request-id:
      - 1f83855b-cb9e-482d-8de6-2fd18e03c094
      content-length:
      - '292'
      content-type:
      - application/json; charset=utf-8
      date:
      - Wed, 02 Feb 2022 01:46:56 GMT
      set-cookie:
      - ARRAffinity=748a2cefe0e94b92294828d7237123826b9552ab7a870cd971e8858b6fa6e96a;Path=/;HttpOnly;Secure;Domain=mtbatch.nam.microsofttranslator.com
      - ARRAffinitySameSite=748a2cefe0e94b92294828d7237123826b9552ab7a870cd971e8858b6fa6e96a;Path=/;HttpOnly;SameSite=None;Secure;Domain=mtbatch.nam.microsofttranslator.com
      strict-transport-security:
      - max-age=31536000; includeSubDomains; preload
      transfer-encoding:
      - chunked
      vary:
      - Accept-Encoding
      x-content-type-options:
      - nosniff
      x-powered-by:
      - ASP.NET
      x-requestid:
      - 1f83855b-cb9e-482d-8de6-2fd18e03c094
    status:
      code: 200
      message: OK
- request:
    body: null
    headers:
      Accept:
      - '*/*'
      Accept-Encoding:
      - gzip, deflate
      Connection:
      - keep-alive
      User-Agent:
      - azsdk-python-ai-translation-document/1.0.0b6 Python/3.10.0 (Windows-10-10.0.22000-SP0)
    method: GET
    uri: https://redacted.cognitiveservices.azure.com/translator/text/batch/v1.0/batches/c44fe4a2-9afa-49e9-8521-c69b3b7e4269
  response:
    body:
      string: '{"id":"c44fe4a2-9afa-49e9-8521-c69b3b7e4269","createdDateTimeUtc":"2022-02-02T01:46:57.0825586Z","lastActionDateTimeUtc":"2022-02-02T01:46:57.3674115Z","status":"Cancelling","summary":{"total":8,"failed":0,"success":0,"inProgress":0,"notYetStarted":8,"cancelled":0,"totalCharacterCharged":0}}'
    headers:
      apim-request-id:
      - 1c367d60-153f-493a-8492-d3a25d5d05a3
      cache-control:
      - public,max-age=1
      content-length:
      - '292'
      content-type:
      - application/json; charset=utf-8
      date:
      - Wed, 02 Feb 2022 01:46:57 GMT
      etag:
      - '"5D21005DE1B2380C6F6926AF54ADD4C2627671B7778C4E88D2E41C30CB52C7F8"'
      set-cookie:
      - ARRAffinity=b43e80ef1fbcb9f9d446cbc61b366e02dafefc2a9addab525b1fc3eda44b27b2;Path=/;HttpOnly;Secure;Domain=mtbatch.nam.microsofttranslator.com
      - ARRAffinitySameSite=b43e80ef1fbcb9f9d446cbc61b366e02dafefc2a9addab525b1fc3eda44b27b2;Path=/;HttpOnly;SameSite=None;Secure;Domain=mtbatch.nam.microsofttranslator.com
      strict-transport-security:
      - max-age=31536000; includeSubDomains; preload
      transfer-encoding:
      - chunked
      vary:
      - Accept-Encoding
      x-content-type-options:
      - nosniff
      x-powered-by:
      - ASP.NET
      x-requestid:
      - 1c367d60-153f-493a-8492-d3a25d5d05a3
    status:
      code: 200
      message: OK
- request:
    body: null
    headers:
      Accept:
      - application/json
      Accept-Encoding:
      - gzip, deflate
      Connection:
      - keep-alive
      User-Agent:
      - azsdk-python-ai-translation-document/1.0.0b6 Python/3.10.0 (Windows-10-10.0.22000-SP0)
    method: GET
    uri: https://redacted.cognitiveservices.azure.com/translator/text/batch/v1.0/batches/c44fe4a2-9afa-49e9-8521-c69b3b7e4269
  response:
    body:
      string: '{"id":"c44fe4a2-9afa-49e9-8521-c69b3b7e4269","createdDateTimeUtc":"2022-02-02T01:46:57.0825586Z","lastActionDateTimeUtc":"2022-02-02T01:47:01.3562815Z","status":"Cancelled","summary":{"total":8,"failed":0,"success":0,"inProgress":0,"notYetStarted":0,"cancelled":8,"totalCharacterCharged":0}}'
    headers:
      apim-request-id:
      - 13374da3-87b8-4c10-bea4-56e56c40b923
      cache-control:
      - public,max-age=1
      content-length:
      - '291'
      content-type:
      - application/json; charset=utf-8
      date:
      - Wed, 02 Feb 2022 01:47:16 GMT
      etag:
      - '"F1088770111E783F92371AE2F3C87FEC3679F8ECA25A695A4E4DA3B398428747"'
      set-cookie:
      - ARRAffinity=748a2cefe0e94b92294828d7237123826b9552ab7a870cd971e8858b6fa6e96a;Path=/;HttpOnly;Secure;Domain=mtbatch.nam.microsofttranslator.com
      - ARRAffinitySameSite=748a2cefe0e94b92294828d7237123826b9552ab7a870cd971e8858b6fa6e96a;Path=/;HttpOnly;SameSite=None;Secure;Domain=mtbatch.nam.microsofttranslator.com
      strict-transport-security:
      - max-age=31536000; includeSubDomains; preload
      transfer-encoding:
      - chunked
      vary:
      - Accept-Encoding
      x-content-type-options:
      - nosniff
      x-powered-by:
      - ASP.NET
      x-requestid:
      - 13374da3-87b8-4c10-bea4-56e56c40b923
    status:
      code: 200
      message: OK
version: 1
