{
  "Entries": [
    {
      "RequestUri": "https://fakeendpoint.blob.core.windows.net/src331a28a0-5901-4a31-a953-8a3ef8c1b264?restype=container",
      "RequestMethod": "PUT",
      "RequestHeaders": {
        "Accept": "application/xml",
        "Accept-Encoding": "gzip, deflate",
        "Connection": "keep-alive",
        "Content-Length": "0",
        "User-Agent": "azsdk-python-storage-blob/12.13.1 Python/3.10.0 (Windows-10-10.0.22621-SP0)",
        "x-ms-date": "Thu, 01 Dec 2022 22:49:01 GMT",
        "x-ms-version": "2021-08-06"
      },
      "RequestBody": null,
      "StatusCode": 201,
      "ResponseHeaders": {
        "Content-Length": "0",
        "Date": "Thu, 01 Dec 2022 22:49:16 GMT",
        "ETag": "\u00220x8DAD3EE46ED1358\u0022",
        "Last-Modified": "Thu, 01 Dec 2022 22:49:17 GMT",
        "Server": [
          "Windows-Azure-Blob/1.0",
          "Microsoft-HTTPAPI/2.0"
        ],
        "x-ms-version": "2021-08-06"
      },
      "ResponseBody": null
    },
    {
      "RequestUri": "https://fakeendpoint.blob.core.windows.net/src331a28a0-5901-4a31-a953-8a3ef8c1b264/95d5a33b-15dc-4491-b1d1-396bb7142615.txt",
      "RequestMethod": "PUT",
      "RequestHeaders": {
        "Accept": "application/xml",
        "Accept-Encoding": "gzip, deflate",
        "Connection": "keep-alive",
        "Content-Length": "0",
        "Content-Type": "application/octet-stream",
        "If-None-Match": "*",
        "User-Agent": "azsdk-python-storage-blob/12.13.1 Python/3.10.0 (Windows-10-10.0.22621-SP0)",
        "x-ms-blob-type": "BlockBlob",
        "x-ms-date": "Thu, 01 Dec 2022 22:49:01 GMT",
        "x-ms-version": "2021-08-06"
      },
      "RequestBody": null,
      "StatusCode": 201,
      "ResponseHeaders": {
        "Content-Length": "0",
        "Content-MD5": "1B2M2Y8AsgTpgAmY7PhCfg==",
        "Date": "Thu, 01 Dec 2022 22:49:16 GMT",
        "ETag": "\u00220x8DAD3EE46F2FF0C\u0022",
        "Last-Modified": "Thu, 01 Dec 2022 22:49:17 GMT",
        "Server": [
          "Windows-Azure-Blob/1.0",
          "Microsoft-HTTPAPI/2.0"
        ],
        "x-ms-content-crc64": "AAAAAAAAAAA=",
        "x-ms-request-server-encrypted": "true",
        "x-ms-version": "2021-08-06"
      },
      "ResponseBody": null
    },
    {
      "RequestUri": "https://fakeendpoint.blob.core.windows.net/target70496a70-6b3b-465f-97e2-84deadac7d76?restype=container",
      "RequestMethod": "PUT",
      "RequestHeaders": {
        "Accept": "application/xml",
        "Accept-Encoding": "gzip, deflate",
        "Connection": "keep-alive",
        "Content-Length": "0",
        "User-Agent": "azsdk-python-storage-blob/12.13.1 Python/3.10.0 (Windows-10-10.0.22621-SP0)",
        "x-ms-date": "Thu, 01 Dec 2022 22:49:01 GMT",
        "x-ms-version": "2021-08-06"
      },
      "RequestBody": null,
      "StatusCode": 201,
      "ResponseHeaders": {
        "Content-Length": "0",
        "Date": "Thu, 01 Dec 2022 22:49:17 GMT",
        "ETag": "\u00220x8DAD3EE470C5693\u0022",
        "Last-Modified": "Thu, 01 Dec 2022 22:49:17 GMT",
        "Server": [
          "Windows-Azure-Blob/1.0",
          "Microsoft-HTTPAPI/2.0"
        ],
        "x-ms-version": "2021-08-06"
      },
      "ResponseBody": null
    },
    {
      "RequestUri": "https://fakeendpoint.cognitiveservices.azure.com/translator/text/batch/v1.0/batches",
      "RequestMethod": "POST",
      "RequestHeaders": {
        "Accept": "application/json",
        "Accept-Encoding": "gzip, deflate",
        "Connection": "keep-alive",
        "Content-Length": "380",
        "Content-Type": "application/json",
        "User-Agent": "azsdk-python-ai-translation-document/1.0.1 Python/3.10.0 (Windows-10-10.0.22621-SP0)"
      },
      "RequestBody": {
        "inputs": [
          {
            "source": {
              "sourceUrl": "https://fakeendpoint.blob.core.windows.net/src331a28a0-5901-4a31-a953-8a3ef8c1b264?se=end\u0026sp=rl\u0026sv=2021-08-06\u0026sr=c\u0026sig=fake_token_value",
              "filter": {}
            },
            "targets": [
              {
                "targetUrl": "https://fakeendpoint.blob.core.windows.net/target70496a70-6b3b-465f-97e2-84deadac7d76?se=end\u0026sp=wl\u0026sv=2021-08-06\u0026sr=c\u0026sig=fake_token_value",
                "language": "es"
              }
            ]
          }
        ]
      },
      "StatusCode": 202,
      "ResponseHeaders": {
        "apim-request-id": "87a60312-a27e-4bdb-835c-c11905fc1cb7",
        "Content-Length": "0",
        "Date": "Thu, 01 Dec 2022 22:49:16 GMT",
        "Operation-Location": "https://fakeendpoint.cognitiveservices.azure.com/translator/text/batch/v1.0/batches/59042bbb-2172-4a58-bdef-dcf15d216a10",
        "Set-Cookie": [
          "ARRAffinity=5be4f6076895b28fe7622c56a3f9d12283381141aea24a194955ebb0cccaaba9;Path=/;HttpOnly;Secure;Domain=mtbatch.nam.microsofttranslator.com",
          "ARRAffinitySameSite=5be4f6076895b28fe7622c56a3f9d12283381141aea24a194955ebb0cccaaba9;Path=/;HttpOnly;SameSite=None;Secure;Domain=mtbatch.nam.microsofttranslator.com"
        ],
        "Strict-Transport-Security": "max-age=31536000; includeSubDomains; preload",
        "X-Content-Type-Options": "nosniff",
        "x-ms-region": "West US 2",
        "X-Powered-By": "ASP.NET",
        "X-RequestId": "87a60312-a27e-4bdb-835c-c11905fc1cb7"
      },
      "ResponseBody": null
    },
    {
      "RequestUri": "https://fakeendpoint.cognitiveservices.azure.com/translator/text/batch/v1.0/batches/59042bbb-2172-4a58-bdef-dcf15d216a10",
      "RequestMethod": "GET",
      "RequestHeaders": {
        "Accept": "*/*",
        "Accept-Encoding": "gzip, deflate",
        "Connection": "keep-alive",
        "User-Agent": "azsdk-python-ai-translation-document/1.0.1 Python/3.10.0 (Windows-10-10.0.22621-SP0)"
      },
      "RequestBody": null,
      "StatusCode": 200,
      "ResponseHeaders": {
        "apim-request-id": "6a388811-509a-4063-86e7-d5839373cb65",
        "Cache-Control": "public, max-age=1",
        "Content-Encoding": "gzip",
        "Content-Type": "application/json; charset=utf-8",
        "Date": "Thu, 01 Dec 2022 22:49:16 GMT",
        "ETag": "\u002221D9987068BB7D45F003E16E68BF9B0919851A5A761377840C8F4B32600280A9\u0022",
        "Set-Cookie": [
          "ARRAffinity=26748e6e05c4da09a11d06730f2d1580980c43bf805ec60ac6528961fdf209ed;Path=/;HttpOnly;Secure;Domain=mtbatch.nam.microsofttranslator.com",
          "ARRAffinitySameSite=26748e6e05c4da09a11d06730f2d1580980c43bf805ec60ac6528961fdf209ed;Path=/;HttpOnly;SameSite=None;Secure;Domain=mtbatch.nam.microsofttranslator.com"
        ],
        "Strict-Transport-Security": "max-age=31536000; includeSubDomains; preload",
        "Transfer-Encoding": "chunked",
        "Vary": "Accept-Encoding",
        "X-Content-Type-Options": "nosniff",
        "x-ms-region": "West US 2",
        "X-Powered-By": "ASP.NET",
        "X-RequestId": "6a388811-509a-4063-86e7-d5839373cb65"
      },
      "ResponseBody": {
        "id": "59042bbb-2172-4a58-bdef-dcf15d216a10",
        "createdDateTimeUtc": "2022-12-01T22:49:17.5642996Z",
        "lastActionDateTimeUtc": "2022-12-01T22:49:17.5935318Z",
        "status": "NotStarted",
        "summary": {
          "total": 1,
          "failed": 0,
          "success": 0,
          "inProgress": 0,
          "notYetStarted": 1,
          "cancelled": 0,
          "totalCharacterCharged": 0
        }
      }
    },
    {
      "RequestUri": "https://fakeendpoint.cognitiveservices.azure.com/translator/text/batch/v1.0/batches/59042bbb-2172-4a58-bdef-dcf15d216a10",
      "RequestMethod": "GET",
      "RequestHeaders": {
        "Accept": "*/*",
        "Accept-Encoding": "gzip, deflate",
        "Connection": "keep-alive",
        "User-Agent": "azsdk-python-ai-translation-document/1.0.1 Python/3.10.0 (Windows-10-10.0.22621-SP0)"
      },
      "RequestBody": null,
      "StatusCode": 200,
      "ResponseHeaders": {
        "apim-request-id": "7716e86a-fcf9-41dd-89d0-7ecbd1df8b04",
        "Cache-Control": "public, max-age=1",
        "Content-Encoding": "gzip",
        "Content-Type": "application/json; charset=utf-8",
        "Date": "Thu, 01 Dec 2022 22:49:17 GMT",
        "ETag": "\u002221D9987068BB7D45F003E16E68BF9B0919851A5A761377840C8F4B32600280A9\u0022",
        "Set-Cookie": [
          "ARRAffinity=5be4f6076895b28fe7622c56a3f9d12283381141aea24a194955ebb0cccaaba9;Path=/;HttpOnly;Secure;Domain=mtbatch.nam.microsofttranslator.com",
          "ARRAffinitySameSite=5be4f6076895b28fe7622c56a3f9d12283381141aea24a194955ebb0cccaaba9;Path=/;HttpOnly;SameSite=None;Secure;Domain=mtbatch.nam.microsofttranslator.com"
        ],
        "Strict-Transport-Security": "max-age=31536000; includeSubDomains; preload",
        "Transfer-Encoding": "chunked",
        "Vary": "Accept-Encoding",
        "X-Content-Type-Options": "nosniff",
        "x-ms-region": "West US 2",
        "X-Powered-By": "ASP.NET",
        "X-RequestId": "7716e86a-fcf9-41dd-89d0-7ecbd1df8b04"
      },
      "ResponseBody": {
        "id": "59042bbb-2172-4a58-bdef-dcf15d216a10",
        "createdDateTimeUtc": "2022-12-01T22:49:17.5642996Z",
        "lastActionDateTimeUtc": "2022-12-01T22:49:17.5935318Z",
        "status": "NotStarted",
        "summary": {
          "total": 1,
          "failed": 0,
          "success": 0,
          "inProgress": 0,
          "notYetStarted": 1,
          "cancelled": 0,
          "totalCharacterCharged": 0
        }
      }
    },
    {
      "RequestUri": "https://fakeendpoint.cognitiveservices.azure.com/translator/text/batch/v1.0/batches/59042bbb-2172-4a58-bdef-dcf15d216a10",
      "RequestMethod": "GET",
      "RequestHeaders": {
        "Accept": "*/*",
        "Accept-Encoding": "gzip, deflate",
        "Connection": "keep-alive",
        "User-Agent": "azsdk-python-ai-translation-document/1.0.1 Python/3.10.0 (Windows-10-10.0.22621-SP0)"
      },
      "RequestBody": null,
      "StatusCode": 200,
      "ResponseHeaders": {
        "Age": "0",
        "apim-request-id": "ffba95ca-2809-4513-8b12-ca33c9ce3be5",
        "Cache-Control": "public, max-age=1",
        "Content-Encoding": "gzip",
        "Content-Type": "application/json; charset=utf-8",
        "Date": "Thu, 01 Dec 2022 22:49:17 GMT",
        "ETag": "\u002221D9987068BB7D45F003E16E68BF9B0919851A5A761377840C8F4B32600280A9\u0022",
        "Set-Cookie": [
          "ARRAffinity=26748e6e05c4da09a11d06730f2d1580980c43bf805ec60ac6528961fdf209ed;Path=/;HttpOnly;Secure;Domain=mtbatch.nam.microsofttranslator.com",
          "ARRAffinitySameSite=26748e6e05c4da09a11d06730f2d1580980c43bf805ec60ac6528961fdf209ed;Path=/;HttpOnly;SameSite=None;Secure;Domain=mtbatch.nam.microsofttranslator.com"
        ],
        "Strict-Transport-Security": "max-age=31536000; includeSubDomains; preload",
        "Transfer-Encoding": "chunked",
        "Vary": "Accept-Encoding",
        "X-Content-Type-Options": "nosniff",
        "x-ms-region": "West US 2",
        "X-Powered-By": "ASP.NET",
        "X-RequestId": "6a388811-509a-4063-86e7-d5839373cb65"
      },
      "ResponseBody": {
        "id": "59042bbb-2172-4a58-bdef-dcf15d216a10",
        "createdDateTimeUtc": "2022-12-01T22:49:17.5642996Z",
        "lastActionDateTimeUtc": "2022-12-01T22:49:17.5935318Z",
        "status": "NotStarted",
        "summary": {
          "total": 1,
          "failed": 0,
          "success": 0,
          "inProgress": 0,
          "notYetStarted": 1,
          "cancelled": 0,
          "totalCharacterCharged": 0
        }
      }
    },
    {
      "RequestUri": "https://fakeendpoint.cognitiveservices.azure.com/translator/text/batch/v1.0/batches/59042bbb-2172-4a58-bdef-dcf15d216a10",
      "RequestMethod": "GET",
      "RequestHeaders": {
        "Accept": "*/*",
        "Accept-Encoding": "gzip, deflate",
        "Connection": "keep-alive",
        "User-Agent": "azsdk-python-ai-translation-document/1.0.1 Python/3.10.0 (Windows-10-10.0.22621-SP0)"
      },
      "RequestBody": null,
      "StatusCode": 200,
      "ResponseHeaders": {
        "Age": "0",
        "apim-request-id": "7ce3d417-99c7-4d3a-8937-bfea015c1850",
        "Cache-Control": "public, max-age=1",
        "Content-Encoding": "gzip",
        "Content-Type": "application/json; charset=utf-8",
        "Date": "Thu, 01 Dec 2022 22:49:17 GMT",
        "ETag": "\u002221D9987068BB7D45F003E16E68BF9B0919851A5A761377840C8F4B32600280A9\u0022",
        "Set-Cookie": [
          "ARRAffinity=5be4f6076895b28fe7622c56a3f9d12283381141aea24a194955ebb0cccaaba9;Path=/;HttpOnly;Secure;Domain=mtbatch.nam.microsofttranslator.com",
          "ARRAffinitySameSite=5be4f6076895b28fe7622c56a3f9d12283381141aea24a194955ebb0cccaaba9;Path=/;HttpOnly;SameSite=None;Secure;Domain=mtbatch.nam.microsofttranslator.com"
        ],
        "Strict-Transport-Security": "max-age=31536000; includeSubDomains; preload",
        "Transfer-Encoding": "chunked",
        "Vary": "Accept-Encoding",
        "X-Content-Type-Options": "nosniff",
        "x-ms-region": "West US 2",
        "X-Powered-By": "ASP.NET",
        "X-RequestId": "7716e86a-fcf9-41dd-89d0-7ecbd1df8b04"
      },
      "ResponseBody": {
        "id": "59042bbb-2172-4a58-bdef-dcf15d216a10",
        "createdDateTimeUtc": "2022-12-01T22:49:17.5642996Z",
        "lastActionDateTimeUtc": "2022-12-01T22:49:17.5935318Z",
        "status": "NotStarted",
        "summary": {
          "total": 1,
          "failed": 0,
          "success": 0,
          "inProgress": 0,
          "notYetStarted": 1,
          "cancelled": 0,
          "totalCharacterCharged": 0
        }
      }
    },
    {
      "RequestUri": "https://fakeendpoint.cognitiveservices.azure.com/translator/text/batch/v1.0/batches/59042bbb-2172-4a58-bdef-dcf15d216a10",
      "RequestMethod": "GET",
      "RequestHeaders": {
        "Accept": "*/*",
        "Accept-Encoding": "gzip, deflate",
        "Connection": "keep-alive",
        "User-Agent": "azsdk-python-ai-translation-document/1.0.1 Python/3.10.0 (Windows-10-10.0.22621-SP0)"
      },
      "RequestBody": null,
      "StatusCode": 200,
      "ResponseHeaders": {
        "Age": "0",
        "apim-request-id": "6e6be822-7a78-405a-aceb-46bdb934d1ba",
        "Cache-Control": "public, max-age=1",
        "Content-Encoding": "gzip",
        "Content-Type": "application/json; charset=utf-8",
        "Date": "Thu, 01 Dec 2022 22:49:17 GMT",
        "ETag": "\u002221D9987068BB7D45F003E16E68BF9B0919851A5A761377840C8F4B32600280A9\u0022",
        "Set-Cookie": [
          "ARRAffinity=26748e6e05c4da09a11d06730f2d1580980c43bf805ec60ac6528961fdf209ed;Path=/;HttpOnly;Secure;Domain=mtbatch.nam.microsofttranslator.com",
          "ARRAffinitySameSite=26748e6e05c4da09a11d06730f2d1580980c43bf805ec60ac6528961fdf209ed;Path=/;HttpOnly;SameSite=None;Secure;Domain=mtbatch.nam.microsofttranslator.com"
        ],
        "Strict-Transport-Security": "max-age=31536000; includeSubDomains; preload",
        "Transfer-Encoding": "chunked",
        "Vary": "Accept-Encoding",
        "X-Content-Type-Options": "nosniff",
        "x-ms-region": "West US 2",
        "X-Powered-By": "ASP.NET",
        "X-RequestId": "6a388811-509a-4063-86e7-d5839373cb65"
      },
      "ResponseBody": {
        "id": "59042bbb-2172-4a58-bdef-dcf15d216a10",
        "createdDateTimeUtc": "2022-12-01T22:49:17.5642996Z",
        "lastActionDateTimeUtc": "2022-12-01T22:49:17.5935318Z",
        "status": "NotStarted",
        "summary": {
          "total": 1,
          "failed": 0,
          "success": 0,
          "inProgress": 0,
          "notYetStarted": 1,
          "cancelled": 0,
          "totalCharacterCharged": 0
        }
      }
    },
    {
      "RequestUri": "https://fakeendpoint.cognitiveservices.azure.com/translator/text/batch/v1.0/batches/59042bbb-2172-4a58-bdef-dcf15d216a10",
      "RequestMethod": "GET",
      "RequestHeaders": {
        "Accept": "*/*",
        "Accept-Encoding": "gzip, deflate",
        "Connection": "keep-alive",
        "User-Agent": "azsdk-python-ai-translation-document/1.0.1 Python/3.10.0 (Windows-10-10.0.22621-SP0)"
      },
      "RequestBody": null,
      "StatusCode": 200,
      "ResponseHeaders": {
        "Age": "0",
        "apim-request-id": "bb55520e-1732-4139-bad0-2db6be31f613",
        "Cache-Control": "public, max-age=1",
        "Content-Encoding": "gzip",
        "Content-Type": "application/json; charset=utf-8",
        "Date": "Thu, 01 Dec 2022 22:49:17 GMT",
        "ETag": "\u002221D9987068BB7D45F003E16E68BF9B0919851A5A761377840C8F4B32600280A9\u0022",
        "Set-Cookie": [
          "ARRAffinity=5be4f6076895b28fe7622c56a3f9d12283381141aea24a194955ebb0cccaaba9;Path=/;HttpOnly;Secure;Domain=mtbatch.nam.microsofttranslator.com",
          "ARRAffinitySameSite=5be4f6076895b28fe7622c56a3f9d12283381141aea24a194955ebb0cccaaba9;Path=/;HttpOnly;SameSite=None;Secure;Domain=mtbatch.nam.microsofttranslator.com"
        ],
        "Strict-Transport-Security": "max-age=31536000; includeSubDomains; preload",
        "Transfer-Encoding": "chunked",
        "Vary": "Accept-Encoding",
        "X-Content-Type-Options": "nosniff",
        "x-ms-region": "West US 2",
        "X-Powered-By": "ASP.NET",
        "X-RequestId": "7716e86a-fcf9-41dd-89d0-7ecbd1df8b04"
      },
      "ResponseBody": {
        "id": "59042bbb-2172-4a58-bdef-dcf15d216a10",
        "createdDateTimeUtc": "2022-12-01T22:49:17.5642996Z",
        "lastActionDateTimeUtc": "2022-12-01T22:49:17.5935318Z",
        "status": "NotStarted",
        "summary": {
          "total": 1,
          "failed": 0,
          "success": 0,
          "inProgress": 0,
          "notYetStarted": 1,
          "cancelled": 0,
          "totalCharacterCharged": 0
        }
      }
    },
    {
      "RequestUri": "https://fakeendpoint.cognitiveservices.azure.com/translator/text/batch/v1.0/batches/59042bbb-2172-4a58-bdef-dcf15d216a10",
      "RequestMethod": "GET",
      "RequestHeaders": {
        "Accept": "*/*",
        "Accept-Encoding": "gzip, deflate",
        "Connection": "keep-alive",
        "User-Agent": "azsdk-python-ai-translation-document/1.0.1 Python/3.10.0 (Windows-10-10.0.22621-SP0)"
      },
      "RequestBody": null,
      "StatusCode": 200,
      "ResponseHeaders": {
        "Age": "0",
        "apim-request-id": "2f22b593-2e2c-42cf-bc8d-92ec45a594e1",
        "Cache-Control": "public, max-age=1",
        "Content-Encoding": "gzip",
        "Content-Type": "application/json; charset=utf-8",
        "Date": "Thu, 01 Dec 2022 22:49:17 GMT",
        "ETag": "\u002221D9987068BB7D45F003E16E68BF9B0919851A5A761377840C8F4B32600280A9\u0022",
        "Set-Cookie": [
          "ARRAffinity=26748e6e05c4da09a11d06730f2d1580980c43bf805ec60ac6528961fdf209ed;Path=/;HttpOnly;Secure;Domain=mtbatch.nam.microsofttranslator.com",
          "ARRAffinitySameSite=26748e6e05c4da09a11d06730f2d1580980c43bf805ec60ac6528961fdf209ed;Path=/;HttpOnly;SameSite=None;Secure;Domain=mtbatch.nam.microsofttranslator.com"
        ],
        "Strict-Transport-Security": "max-age=31536000; includeSubDomains; preload",
        "Transfer-Encoding": "chunked",
        "Vary": "Accept-Encoding",
        "X-Content-Type-Options": "nosniff",
        "x-ms-region": "West US 2",
        "X-Powered-By": "ASP.NET",
        "X-RequestId": "6a388811-509a-4063-86e7-d5839373cb65"
      },
      "ResponseBody": {
        "id": "59042bbb-2172-4a58-bdef-dcf15d216a10",
        "createdDateTimeUtc": "2022-12-01T22:49:17.5642996Z",
        "lastActionDateTimeUtc": "2022-12-01T22:49:17.5935318Z",
        "status": "NotStarted",
        "summary": {
          "total": 1,
          "failed": 0,
          "success": 0,
          "inProgress": 0,
          "notYetStarted": 1,
          "cancelled": 0,
          "totalCharacterCharged": 0
        }
      }
    },
    {
      "RequestUri": "https://fakeendpoint.cognitiveservices.azure.com/translator/text/batch/v1.0/batches/59042bbb-2172-4a58-bdef-dcf15d216a10",
      "RequestMethod": "GET",
      "RequestHeaders": {
        "Accept": "*/*",
        "Accept-Encoding": "gzip, deflate",
        "Connection": "keep-alive",
        "User-Agent": "azsdk-python-ai-translation-document/1.0.1 Python/3.10.0 (Windows-10-10.0.22621-SP0)"
      },
      "RequestBody": null,
      "StatusCode": 200,
      "ResponseHeaders": {
        "Age": "0",
        "apim-request-id": "4b5d096f-b2a3-4a17-8bdc-dc50773ad594",
        "Cache-Control": "public, max-age=1",
        "Content-Encoding": "gzip",
        "Content-Type": "application/json; charset=utf-8",
        "Date": "Thu, 01 Dec 2022 22:49:17 GMT",
        "ETag": "\u002221D9987068BB7D45F003E16E68BF9B0919851A5A761377840C8F4B32600280A9\u0022",
        "Set-Cookie": [
          "ARRAffinity=5be4f6076895b28fe7622c56a3f9d12283381141aea24a194955ebb0cccaaba9;Path=/;HttpOnly;Secure;Domain=mtbatch.nam.microsofttranslator.com",
          "ARRAffinitySameSite=5be4f6076895b28fe7622c56a3f9d12283381141aea24a194955ebb0cccaaba9;Path=/;HttpOnly;SameSite=None;Secure;Domain=mtbatch.nam.microsofttranslator.com"
        ],
        "Strict-Transport-Security": "max-age=31536000; includeSubDomains; preload",
        "Transfer-Encoding": "chunked",
        "Vary": "Accept-Encoding",
        "X-Content-Type-Options": "nosniff",
        "x-ms-region": "West US 2",
        "X-Powered-By": "ASP.NET",
        "X-RequestId": "7716e86a-fcf9-41dd-89d0-7ecbd1df8b04"
      },
      "ResponseBody": {
        "id": "59042bbb-2172-4a58-bdef-dcf15d216a10",
        "createdDateTimeUtc": "2022-12-01T22:49:17.5642996Z",
        "lastActionDateTimeUtc": "2022-12-01T22:49:17.5935318Z",
        "status": "NotStarted",
        "summary": {
          "total": 1,
          "failed": 0,
          "success": 0,
          "inProgress": 0,
          "notYetStarted": 1,
          "cancelled": 0,
          "totalCharacterCharged": 0
        }
      }
    },
    {
      "RequestUri": "https://fakeendpoint.cognitiveservices.azure.com/translator/text/batch/v1.0/batches/59042bbb-2172-4a58-bdef-dcf15d216a10",
      "RequestMethod": "GET",
      "RequestHeaders": {
        "Accept": "*/*",
        "Accept-Encoding": "gzip, deflate",
        "Connection": "keep-alive",
        "User-Agent": "azsdk-python-ai-translation-document/1.0.1 Python/3.10.0 (Windows-10-10.0.22621-SP0)"
      },
      "RequestBody": null,
      "StatusCode": 200,
      "ResponseHeaders": {
        "Age": "0",
        "apim-request-id": "8c48fd6d-df9f-412e-a14a-38111c99cd41",
        "Cache-Control": "public, max-age=1",
        "Content-Encoding": "gzip",
        "Content-Type": "application/json; charset=utf-8",
        "Date": "Thu, 01 Dec 2022 22:49:17 GMT",
        "ETag": "\u002221D9987068BB7D45F003E16E68BF9B0919851A5A761377840C8F4B32600280A9\u0022",
        "Set-Cookie": [
          "ARRAffinity=26748e6e05c4da09a11d06730f2d1580980c43bf805ec60ac6528961fdf209ed;Path=/;HttpOnly;Secure;Domain=mtbatch.nam.microsofttranslator.com",
          "ARRAffinitySameSite=26748e6e05c4da09a11d06730f2d1580980c43bf805ec60ac6528961fdf209ed;Path=/;HttpOnly;SameSite=None;Secure;Domain=mtbatch.nam.microsofttranslator.com"
        ],
        "Strict-Transport-Security": "max-age=31536000; includeSubDomains; preload",
        "Transfer-Encoding": "chunked",
        "Vary": "Accept-Encoding",
        "X-Content-Type-Options": "nosniff",
        "x-ms-region": "West US 2",
        "X-Powered-By": "ASP.NET",
        "X-RequestId": "6a388811-509a-4063-86e7-d5839373cb65"
      },
      "ResponseBody": {
        "id": "59042bbb-2172-4a58-bdef-dcf15d216a10",
        "createdDateTimeUtc": "2022-12-01T22:49:17.5642996Z",
        "lastActionDateTimeUtc": "2022-12-01T22:49:17.5935318Z",
        "status": "NotStarted",
        "summary": {
          "total": 1,
          "failed": 0,
          "success": 0,
          "inProgress": 0,
          "notYetStarted": 1,
          "cancelled": 0,
          "totalCharacterCharged": 0
        }
      }
    },
    {
      "RequestUri": "https://fakeendpoint.cognitiveservices.azure.com/translator/text/batch/v1.0/batches/59042bbb-2172-4a58-bdef-dcf15d216a10",
      "RequestMethod": "GET",
      "RequestHeaders": {
        "Accept": "*/*",
        "Accept-Encoding": "gzip, deflate",
        "Connection": "keep-alive",
        "User-Agent": "azsdk-python-ai-translation-document/1.0.1 Python/3.10.0 (Windows-10-10.0.22621-SP0)"
      },
      "RequestBody": null,
      "StatusCode": 200,
      "ResponseHeaders": {
        "Age": "0",
        "apim-request-id": "a2f07ced-2ecb-4b1d-8eff-5147f9b00322",
        "Cache-Control": "public, max-age=1",
        "Content-Encoding": "gzip",
        "Content-Type": "application/json; charset=utf-8",
        "Date": "Thu, 01 Dec 2022 22:49:17 GMT",
        "ETag": "\u002221D9987068BB7D45F003E16E68BF9B0919851A5A761377840C8F4B32600280A9\u0022",
        "Set-Cookie": [
          "ARRAffinity=5be4f6076895b28fe7622c56a3f9d12283381141aea24a194955ebb0cccaaba9;Path=/;HttpOnly;Secure;Domain=mtbatch.nam.microsofttranslator.com",
          "ARRAffinitySameSite=5be4f6076895b28fe7622c56a3f9d12283381141aea24a194955ebb0cccaaba9;Path=/;HttpOnly;SameSite=None;Secure;Domain=mtbatch.nam.microsofttranslator.com"
        ],
        "Strict-Transport-Security": "max-age=31536000; includeSubDomains; preload",
        "Transfer-Encoding": "chunked",
        "Vary": "Accept-Encoding",
        "X-Content-Type-Options": "nosniff",
        "x-ms-region": "West US 2",
        "X-Powered-By": "ASP.NET",
        "X-RequestId": "7716e86a-fcf9-41dd-89d0-7ecbd1df8b04"
      },
      "ResponseBody": {
        "id": "59042bbb-2172-4a58-bdef-dcf15d216a10",
        "createdDateTimeUtc": "2022-12-01T22:49:17.5642996Z",
        "lastActionDateTimeUtc": "2022-12-01T22:49:17.5935318Z",
        "status": "NotStarted",
        "summary": {
          "total": 1,
          "failed": 0,
          "success": 0,
          "inProgress": 0,
          "notYetStarted": 1,
          "cancelled": 0,
          "totalCharacterCharged": 0
        }
      }
    },
    {
      "RequestUri": "https://fakeendpoint.cognitiveservices.azure.com/translator/text/batch/v1.0/batches/59042bbb-2172-4a58-bdef-dcf15d216a10",
      "RequestMethod": "GET",
      "RequestHeaders": {
        "Accept": "*/*",
        "Accept-Encoding": "gzip, deflate",
        "Connection": "keep-alive",
        "User-Agent": "azsdk-python-ai-translation-document/1.0.1 Python/3.10.0 (Windows-10-10.0.22621-SP0)"
      },
      "RequestBody": null,
      "StatusCode": 200,
      "ResponseHeaders": {
        "Age": "0",
        "apim-request-id": "96740bc2-59ee-4d39-8182-a3e98ed2d806",
        "Cache-Control": "public, max-age=1",
        "Content-Encoding": "gzip",
        "Content-Type": "application/json; charset=utf-8",
        "Date": "Thu, 01 Dec 2022 22:49:17 GMT",
        "ETag": "\u002221D9987068BB7D45F003E16E68BF9B0919851A5A761377840C8F4B32600280A9\u0022",
        "Set-Cookie": [
          "ARRAffinity=26748e6e05c4da09a11d06730f2d1580980c43bf805ec60ac6528961fdf209ed;Path=/;HttpOnly;Secure;Domain=mtbatch.nam.microsofttranslator.com",
          "ARRAffinitySameSite=26748e6e05c4da09a11d06730f2d1580980c43bf805ec60ac6528961fdf209ed;Path=/;HttpOnly;SameSite=None;Secure;Domain=mtbatch.nam.microsofttranslator.com"
        ],
        "Strict-Transport-Security": "max-age=31536000; includeSubDomains; preload",
        "Transfer-Encoding": "chunked",
        "Vary": "Accept-Encoding",
        "X-Content-Type-Options": "nosniff",
        "x-ms-region": "West US 2",
        "X-Powered-By": "ASP.NET",
        "X-RequestId": "6a388811-509a-4063-86e7-d5839373cb65"
      },
      "ResponseBody": {
        "id": "59042bbb-2172-4a58-bdef-dcf15d216a10",
        "createdDateTimeUtc": "2022-12-01T22:49:17.5642996Z",
        "lastActionDateTimeUtc": "2022-12-01T22:49:17.5935318Z",
        "status": "NotStarted",
        "summary": {
          "total": 1,
          "failed": 0,
          "success": 0,
          "inProgress": 0,
          "notYetStarted": 1,
          "cancelled": 0,
          "totalCharacterCharged": 0
        }
      }
    },
    {
      "RequestUri": "https://fakeendpoint.cognitiveservices.azure.com/translator/text/batch/v1.0/batches/59042bbb-2172-4a58-bdef-dcf15d216a10",
      "RequestMethod": "GET",
      "RequestHeaders": {
        "Accept": "*/*",
        "Accept-Encoding": "gzip, deflate",
        "Connection": "keep-alive",
        "User-Agent": "azsdk-python-ai-translation-document/1.0.1 Python/3.10.0 (Windows-10-10.0.22621-SP0)"
      },
      "RequestBody": null,
      "StatusCode": 200,
      "ResponseHeaders": {
        "Age": "0",
        "apim-request-id": "d9c1e9b0-cae1-4995-a0fd-5faaf23bc326",
        "Cache-Control": "public, max-age=1",
        "Content-Encoding": "gzip",
        "Content-Type": "application/json; charset=utf-8",
        "Date": "Thu, 01 Dec 2022 22:49:17 GMT",
        "ETag": "\u002221D9987068BB7D45F003E16E68BF9B0919851A5A761377840C8F4B32600280A9\u0022",
        "Set-Cookie": [
          "ARRAffinity=5be4f6076895b28fe7622c56a3f9d12283381141aea24a194955ebb0cccaaba9;Path=/;HttpOnly;Secure;Domain=mtbatch.nam.microsofttranslator.com",
          "ARRAffinitySameSite=5be4f6076895b28fe7622c56a3f9d12283381141aea24a194955ebb0cccaaba9;Path=/;HttpOnly;SameSite=None;Secure;Domain=mtbatch.nam.microsofttranslator.com"
        ],
        "Strict-Transport-Security": "max-age=31536000; includeSubDomains; preload",
        "Transfer-Encoding": "chunked",
        "Vary": "Accept-Encoding",
        "X-Content-Type-Options": "nosniff",
        "x-ms-region": "West US 2",
        "X-Powered-By": "ASP.NET",
        "X-RequestId": "7716e86a-fcf9-41dd-89d0-7ecbd1df8b04"
      },
      "ResponseBody": {
        "id": "59042bbb-2172-4a58-bdef-dcf15d216a10",
        "createdDateTimeUtc": "2022-12-01T22:49:17.5642996Z",
        "lastActionDateTimeUtc": "2022-12-01T22:49:17.5935318Z",
        "status": "NotStarted",
        "summary": {
          "total": 1,
          "failed": 0,
          "success": 0,
          "inProgress": 0,
          "notYetStarted": 1,
          "cancelled": 0,
          "totalCharacterCharged": 0
        }
      }
    },
    {
      "RequestUri": "https://fakeendpoint.cognitiveservices.azure.com/translator/text/batch/v1.0/batches/59042bbb-2172-4a58-bdef-dcf15d216a10",
      "RequestMethod": "GET",
      "RequestHeaders": {
        "Accept": "*/*",
        "Accept-Encoding": "gzip, deflate",
        "Connection": "keep-alive",
        "User-Agent": "azsdk-python-ai-translation-document/1.0.1 Python/3.10.0 (Windows-10-10.0.22621-SP0)"
      },
      "RequestBody": null,
      "StatusCode": 200,
      "ResponseHeaders": {
        "Age": "0",
        "apim-request-id": "e8765930-93bb-40c4-a1ac-99a19dc32320",
        "Cache-Control": "public, max-age=1",
        "Content-Encoding": "gzip",
        "Content-Type": "application/json; charset=utf-8",
        "Date": "Thu, 01 Dec 2022 22:49:17 GMT",
        "ETag": "\u002221D9987068BB7D45F003E16E68BF9B0919851A5A761377840C8F4B32600280A9\u0022",
        "Set-Cookie": [
          "ARRAffinity=26748e6e05c4da09a11d06730f2d1580980c43bf805ec60ac6528961fdf209ed;Path=/;HttpOnly;Secure;Domain=mtbatch.nam.microsofttranslator.com",
          "ARRAffinitySameSite=26748e6e05c4da09a11d06730f2d1580980c43bf805ec60ac6528961fdf209ed;Path=/;HttpOnly;SameSite=None;Secure;Domain=mtbatch.nam.microsofttranslator.com"
        ],
        "Strict-Transport-Security": "max-age=31536000; includeSubDomains; preload",
        "Transfer-Encoding": "chunked",
        "Vary": "Accept-Encoding",
        "X-Content-Type-Options": "nosniff",
        "x-ms-region": "West US 2",
        "X-Powered-By": "ASP.NET",
        "X-RequestId": "6a388811-509a-4063-86e7-d5839373cb65"
      },
      "ResponseBody": {
        "id": "59042bbb-2172-4a58-bdef-dcf15d216a10",
        "createdDateTimeUtc": "2022-12-01T22:49:17.5642996Z",
        "lastActionDateTimeUtc": "2022-12-01T22:49:17.5935318Z",
        "status": "NotStarted",
        "summary": {
          "total": 1,
          "failed": 0,
          "success": 0,
          "inProgress": 0,
          "notYetStarted": 1,
          "cancelled": 0,
          "totalCharacterCharged": 0
        }
      }
    },
    {
      "RequestUri": "https://fakeendpoint.cognitiveservices.azure.com/translator/text/batch/v1.0/batches/59042bbb-2172-4a58-bdef-dcf15d216a10",
      "RequestMethod": "GET",
      "RequestHeaders": {
        "Accept": "*/*",
        "Accept-Encoding": "gzip, deflate",
        "Connection": "keep-alive",
        "User-Agent": "azsdk-python-ai-translation-document/1.0.1 Python/3.10.0 (Windows-10-10.0.22621-SP0)"
      },
      "RequestBody": null,
      "StatusCode": 200,
      "ResponseHeaders": {
        "Age": "0",
        "apim-request-id": "030df3d3-b1c4-4be9-bf82-9252b8639005",
        "Cache-Control": "public, max-age=1",
        "Content-Encoding": "gzip",
        "Content-Type": "application/json; charset=utf-8",
        "Date": "Thu, 01 Dec 2022 22:49:17 GMT",
        "ETag": "\u002221D9987068BB7D45F003E16E68BF9B0919851A5A761377840C8F4B32600280A9\u0022",
        "Set-Cookie": [
          "ARRAffinity=5be4f6076895b28fe7622c56a3f9d12283381141aea24a194955ebb0cccaaba9;Path=/;HttpOnly;Secure;Domain=mtbatch.nam.microsofttranslator.com",
          "ARRAffinitySameSite=5be4f6076895b28fe7622c56a3f9d12283381141aea24a194955ebb0cccaaba9;Path=/;HttpOnly;SameSite=None;Secure;Domain=mtbatch.nam.microsofttranslator.com"
        ],
        "Strict-Transport-Security": "max-age=31536000; includeSubDomains; preload",
        "Transfer-Encoding": "chunked",
        "Vary": "Accept-Encoding",
        "X-Content-Type-Options": "nosniff",
        "x-ms-region": "West US 2",
        "X-Powered-By": "ASP.NET",
        "X-RequestId": "7716e86a-fcf9-41dd-89d0-7ecbd1df8b04"
      },
      "ResponseBody": {
        "id": "59042bbb-2172-4a58-bdef-dcf15d216a10",
        "createdDateTimeUtc": "2022-12-01T22:49:17.5642996Z",
        "lastActionDateTimeUtc": "2022-12-01T22:49:17.5935318Z",
        "status": "NotStarted",
        "summary": {
          "total": 1,
          "failed": 0,
          "success": 0,
          "inProgress": 0,
          "notYetStarted": 1,
          "cancelled": 0,
          "totalCharacterCharged": 0
        }
      }
    },
    {
      "RequestUri": "https://fakeendpoint.cognitiveservices.azure.com/translator/text/batch/v1.0/batches/59042bbb-2172-4a58-bdef-dcf15d216a10",
      "RequestMethod": "GET",
      "RequestHeaders": {
        "Accept": "*/*",
        "Accept-Encoding": "gzip, deflate",
        "Connection": "keep-alive",
        "User-Agent": "azsdk-python-ai-translation-document/1.0.1 Python/3.10.0 (Windows-10-10.0.22621-SP0)"
      },
      "RequestBody": null,
      "StatusCode": 200,
      "ResponseHeaders": {
        "Age": "0",
        "apim-request-id": "6446fc56-6abc-455d-a04e-ec9ed1de78c0",
        "Cache-Control": "public, max-age=1",
        "Content-Encoding": "gzip",
        "Content-Type": "application/json; charset=utf-8",
        "Date": "Thu, 01 Dec 2022 22:49:17 GMT",
        "ETag": "\u002221D9987068BB7D45F003E16E68BF9B0919851A5A761377840C8F4B32600280A9\u0022",
        "Set-Cookie": [
          "ARRAffinity=26748e6e05c4da09a11d06730f2d1580980c43bf805ec60ac6528961fdf209ed;Path=/;HttpOnly;Secure;Domain=mtbatch.nam.microsofttranslator.com",
          "ARRAffinitySameSite=26748e6e05c4da09a11d06730f2d1580980c43bf805ec60ac6528961fdf209ed;Path=/;HttpOnly;SameSite=None;Secure;Domain=mtbatch.nam.microsofttranslator.com"
        ],
        "Strict-Transport-Security": "max-age=31536000; includeSubDomains; preload",
        "Transfer-Encoding": "chunked",
        "Vary": "Accept-Encoding",
        "X-Content-Type-Options": "nosniff",
        "x-ms-region": "West US 2",
        "X-Powered-By": "ASP.NET",
        "X-RequestId": "6a388811-509a-4063-86e7-d5839373cb65"
      },
      "ResponseBody": {
        "id": "59042bbb-2172-4a58-bdef-dcf15d216a10",
        "createdDateTimeUtc": "2022-12-01T22:49:17.5642996Z",
        "lastActionDateTimeUtc": "2022-12-01T22:49:17.5935318Z",
        "status": "NotStarted",
        "summary": {
          "total": 1,
          "failed": 0,
          "success": 0,
          "inProgress": 0,
          "notYetStarted": 1,
          "cancelled": 0,
          "totalCharacterCharged": 0
        }
      }
    },
    {
      "RequestUri": "https://fakeendpoint.cognitiveservices.azure.com/translator/text/batch/v1.0/batches/59042bbb-2172-4a58-bdef-dcf15d216a10",
      "RequestMethod": "GET",
      "RequestHeaders": {
        "Accept": "*/*",
        "Accept-Encoding": "gzip, deflate",
        "Connection": "keep-alive",
        "User-Agent": "azsdk-python-ai-translation-document/1.0.1 Python/3.10.0 (Windows-10-10.0.22621-SP0)"
      },
      "RequestBody": null,
      "StatusCode": 200,
      "ResponseHeaders": {
        "Age": "0",
        "apim-request-id": "df89aa4b-6bba-442b-8277-bebc8b806140",
        "Cache-Control": "public, max-age=1",
        "Content-Encoding": "gzip",
        "Content-Type": "application/json; charset=utf-8",
        "Date": "Thu, 01 Dec 2022 22:49:17 GMT",
        "ETag": "\u002221D9987068BB7D45F003E16E68BF9B0919851A5A761377840C8F4B32600280A9\u0022",
        "Set-Cookie": [
          "ARRAffinity=5be4f6076895b28fe7622c56a3f9d12283381141aea24a194955ebb0cccaaba9;Path=/;HttpOnly;Secure;Domain=mtbatch.nam.microsofttranslator.com",
          "ARRAffinitySameSite=5be4f6076895b28fe7622c56a3f9d12283381141aea24a194955ebb0cccaaba9;Path=/;HttpOnly;SameSite=None;Secure;Domain=mtbatch.nam.microsofttranslator.com"
        ],
        "Strict-Transport-Security": "max-age=31536000; includeSubDomains; preload",
        "Transfer-Encoding": "chunked",
        "Vary": "Accept-Encoding",
        "X-Content-Type-Options": "nosniff",
        "x-ms-region": "West US 2",
        "X-Powered-By": "ASP.NET",
        "X-RequestId": "7716e86a-fcf9-41dd-89d0-7ecbd1df8b04"
      },
      "ResponseBody": {
        "id": "59042bbb-2172-4a58-bdef-dcf15d216a10",
        "createdDateTimeUtc": "2022-12-01T22:49:17.5642996Z",
        "lastActionDateTimeUtc": "2022-12-01T22:49:17.5935318Z",
        "status": "NotStarted",
        "summary": {
          "total": 1,
          "failed": 0,
          "success": 0,
          "inProgress": 0,
          "notYetStarted": 1,
          "cancelled": 0,
          "totalCharacterCharged": 0
        }
      }
    },
    {
      "RequestUri": "https://fakeendpoint.cognitiveservices.azure.com/translator/text/batch/v1.0/batches/59042bbb-2172-4a58-bdef-dcf15d216a10",
      "RequestMethod": "GET",
      "RequestHeaders": {
        "Accept": "*/*",
        "Accept-Encoding": "gzip, deflate",
        "Connection": "keep-alive",
        "User-Agent": "azsdk-python-ai-translation-document/1.0.1 Python/3.10.0 (Windows-10-10.0.22621-SP0)"
      },
      "RequestBody": null,
      "StatusCode": 200,
      "ResponseHeaders": {
        "Age": "0",
        "apim-request-id": "f0d64a26-0b7d-4e52-b852-353dc5c25ca5",
        "Cache-Control": "public, max-age=1",
        "Content-Encoding": "gzip",
        "Content-Type": "application/json; charset=utf-8",
        "Date": "Thu, 01 Dec 2022 22:49:17 GMT",
        "ETag": "\u002221D9987068BB7D45F003E16E68BF9B0919851A5A761377840C8F4B32600280A9\u0022",
        "Set-Cookie": [
          "ARRAffinity=26748e6e05c4da09a11d06730f2d1580980c43bf805ec60ac6528961fdf209ed;Path=/;HttpOnly;Secure;Domain=mtbatch.nam.microsofttranslator.com",
          "ARRAffinitySameSite=26748e6e05c4da09a11d06730f2d1580980c43bf805ec60ac6528961fdf209ed;Path=/;HttpOnly;SameSite=None;Secure;Domain=mtbatch.nam.microsofttranslator.com"
        ],
        "Strict-Transport-Security": "max-age=31536000; includeSubDomains; preload",
        "Transfer-Encoding": "chunked",
        "Vary": "Accept-Encoding",
        "X-Content-Type-Options": "nosniff",
        "x-ms-region": "West US 2",
        "X-Powered-By": "ASP.NET",
        "X-RequestId": "6a388811-509a-4063-86e7-d5839373cb65"
      },
      "ResponseBody": {
        "id": "59042bbb-2172-4a58-bdef-dcf15d216a10",
        "createdDateTimeUtc": "2022-12-01T22:49:17.5642996Z",
        "lastActionDateTimeUtc": "2022-12-01T22:49:17.5935318Z",
        "status": "NotStarted",
        "summary": {
          "total": 1,
          "failed": 0,
          "success": 0,
          "inProgress": 0,
          "notYetStarted": 1,
          "cancelled": 0,
          "totalCharacterCharged": 0
        }
      }
    },
    {
      "RequestUri": "https://fakeendpoint.cognitiveservices.azure.com/translator/text/batch/v1.0/batches/59042bbb-2172-4a58-bdef-dcf15d216a10",
      "RequestMethod": "GET",
      "RequestHeaders": {
        "Accept": "*/*",
        "Accept-Encoding": "gzip, deflate",
        "Connection": "keep-alive",
        "User-Agent": "azsdk-python-ai-translation-document/1.0.1 Python/3.10.0 (Windows-10-10.0.22621-SP0)"
      },
      "RequestBody": null,
      "StatusCode": 200,
      "ResponseHeaders": {
        "Age": "0",
        "apim-request-id": "51b768f0-db2d-431a-beb8-4cda0e2f3d1c",
        "Cache-Control": "public, max-age=1",
        "Content-Encoding": "gzip",
        "Content-Type": "application/json; charset=utf-8",
        "Date": "Thu, 01 Dec 2022 22:49:17 GMT",
        "ETag": "\u002221D9987068BB7D45F003E16E68BF9B0919851A5A761377840C8F4B32600280A9\u0022",
        "Set-Cookie": [
          "ARRAffinity=5be4f6076895b28fe7622c56a3f9d12283381141aea24a194955ebb0cccaaba9;Path=/;HttpOnly;Secure;Domain=mtbatch.nam.microsofttranslator.com",
          "ARRAffinitySameSite=5be4f6076895b28fe7622c56a3f9d12283381141aea24a194955ebb0cccaaba9;Path=/;HttpOnly;SameSite=None;Secure;Domain=mtbatch.nam.microsofttranslator.com"
        ],
        "Strict-Transport-Security": "max-age=31536000; includeSubDomains; preload",
        "Transfer-Encoding": "chunked",
        "Vary": "Accept-Encoding",
        "X-Content-Type-Options": "nosniff",
        "x-ms-region": "West US 2",
        "X-Powered-By": "ASP.NET",
        "X-RequestId": "7716e86a-fcf9-41dd-89d0-7ecbd1df8b04"
      },
      "ResponseBody": {
        "id": "59042bbb-2172-4a58-bdef-dcf15d216a10",
        "createdDateTimeUtc": "2022-12-01T22:49:17.5642996Z",
        "lastActionDateTimeUtc": "2022-12-01T22:49:17.5935318Z",
        "status": "NotStarted",
        "summary": {
          "total": 1,
          "failed": 0,
          "success": 0,
          "inProgress": 0,
          "notYetStarted": 1,
          "cancelled": 0,
          "totalCharacterCharged": 0
        }
      }
    },
    {
      "RequestUri": "https://fakeendpoint.cognitiveservices.azure.com/translator/text/batch/v1.0/batches/59042bbb-2172-4a58-bdef-dcf15d216a10",
      "RequestMethod": "GET",
      "RequestHeaders": {
        "Accept": "*/*",
        "Accept-Encoding": "gzip, deflate",
        "Connection": "keep-alive",
        "User-Agent": "azsdk-python-ai-translation-document/1.0.1 Python/3.10.0 (Windows-10-10.0.22621-SP0)"
      },
      "RequestBody": null,
      "StatusCode": 200,
      "ResponseHeaders": {
        "Age": "0",
        "apim-request-id": "52d77c34-aac1-4aba-94b2-b60b0968d2e3",
        "Cache-Control": "public, max-age=1",
        "Content-Encoding": "gzip",
        "Content-Type": "application/json; charset=utf-8",
        "Date": "Thu, 01 Dec 2022 22:49:17 GMT",
        "ETag": "\u002221D9987068BB7D45F003E16E68BF9B0919851A5A761377840C8F4B32600280A9\u0022",
        "Set-Cookie": [
          "ARRAffinity=26748e6e05c4da09a11d06730f2d1580980c43bf805ec60ac6528961fdf209ed;Path=/;HttpOnly;Secure;Domain=mtbatch.nam.microsofttranslator.com",
          "ARRAffinitySameSite=26748e6e05c4da09a11d06730f2d1580980c43bf805ec60ac6528961fdf209ed;Path=/;HttpOnly;SameSite=None;Secure;Domain=mtbatch.nam.microsofttranslator.com"
        ],
        "Strict-Transport-Security": "max-age=31536000; includeSubDomains; preload",
        "Transfer-Encoding": "chunked",
        "Vary": "Accept-Encoding",
        "X-Content-Type-Options": "nosniff",
        "x-ms-region": "West US 2",
        "X-Powered-By": "ASP.NET",
        "X-RequestId": "6a388811-509a-4063-86e7-d5839373cb65"
      },
      "ResponseBody": {
        "id": "59042bbb-2172-4a58-bdef-dcf15d216a10",
        "createdDateTimeUtc": "2022-12-01T22:49:17.5642996Z",
        "lastActionDateTimeUtc": "2022-12-01T22:49:17.5935318Z",
        "status": "NotStarted",
        "summary": {
          "total": 1,
          "failed": 0,
          "success": 0,
          "inProgress": 0,
          "notYetStarted": 1,
          "cancelled": 0,
          "totalCharacterCharged": 0
        }
      }
    },
    {
      "RequestUri": "https://fakeendpoint.cognitiveservices.azure.com/translator/text/batch/v1.0/batches/59042bbb-2172-4a58-bdef-dcf15d216a10",
      "RequestMethod": "GET",
      "RequestHeaders": {
        "Accept": "*/*",
        "Accept-Encoding": "gzip, deflate",
        "Connection": "keep-alive",
        "User-Agent": "azsdk-python-ai-translation-document/1.0.1 Python/3.10.0 (Windows-10-10.0.22621-SP0)"
      },
      "RequestBody": null,
      "StatusCode": 200,
      "ResponseHeaders": {
        "Age": "0",
        "apim-request-id": "afbcb9e8-9623-45a8-8090-8555c1d41bb7",
        "Cache-Control": "public, max-age=1",
        "Content-Encoding": "gzip",
        "Content-Type": "application/json; charset=utf-8",
        "Date": "Thu, 01 Dec 2022 22:49:17 GMT",
        "ETag": "\u002221D9987068BB7D45F003E16E68BF9B0919851A5A761377840C8F4B32600280A9\u0022",
        "Set-Cookie": [
          "ARRAffinity=5be4f6076895b28fe7622c56a3f9d12283381141aea24a194955ebb0cccaaba9;Path=/;HttpOnly;Secure;Domain=mtbatch.nam.microsofttranslator.com",
          "ARRAffinitySameSite=5be4f6076895b28fe7622c56a3f9d12283381141aea24a194955ebb0cccaaba9;Path=/;HttpOnly;SameSite=None;Secure;Domain=mtbatch.nam.microsofttranslator.com"
        ],
        "Strict-Transport-Security": "max-age=31536000; includeSubDomains; preload",
        "Transfer-Encoding": "chunked",
        "Vary": "Accept-Encoding",
        "X-Content-Type-Options": "nosniff",
        "x-ms-region": "West US 2",
        "X-Powered-By": "ASP.NET",
        "X-RequestId": "7716e86a-fcf9-41dd-89d0-7ecbd1df8b04"
      },
      "ResponseBody": {
        "id": "59042bbb-2172-4a58-bdef-dcf15d216a10",
        "createdDateTimeUtc": "2022-12-01T22:49:17.5642996Z",
        "lastActionDateTimeUtc": "2022-12-01T22:49:17.5935318Z",
        "status": "NotStarted",
        "summary": {
          "total": 1,
          "failed": 0,
          "success": 0,
          "inProgress": 0,
          "notYetStarted": 1,
          "cancelled": 0,
          "totalCharacterCharged": 0
        }
      }
    },
    {
      "RequestUri": "https://fakeendpoint.cognitiveservices.azure.com/translator/text/batch/v1.0/batches/59042bbb-2172-4a58-bdef-dcf15d216a10",
      "RequestMethod": "GET",
      "RequestHeaders": {
        "Accept": "*/*",
        "Accept-Encoding": "gzip, deflate",
        "Connection": "keep-alive",
        "User-Agent": "azsdk-python-ai-translation-document/1.0.1 Python/3.10.0 (Windows-10-10.0.22621-SP0)"
      },
      "RequestBody": null,
      "StatusCode": 429,
      "ResponseHeaders": {
        "apim-request-id": "cd10ada0-4622-4af0-9a45-271f211c5ac6",
        "Content-Length": "360",
        "Content-Type": "application/json",
        "Date": "Thu, 01 Dec 2022 22:49:17 GMT",
        "policy-id": "ResourceRateLimitBy1s",
        "Strict-Transport-Security": "max-age=31536000; includeSubDomains; preload",
        "X-Content-Type-Options": "nosniff",
        "x-ms-region": "West US 2"
      },
      "ResponseBody": {
        "error": {
          "code": "429",
          "message": "Requests to the Returns the status for a document translation request Operation under Batch Document Translation API v1.0 have exceeded rate limit of your current TextTranslator S1 pricing tier. Please retry after 1 second. Please contact Azure support service if you would like to further increase the default rate limit."
        }
      }
    },
    {
      "RequestUri": "https://fakeendpoint.cognitiveservices.azure.com/translator/text/batch/v1.0/batches/59042bbb-2172-4a58-bdef-dcf15d216a10",
      "RequestMethod": "GET",
      "RequestHeaders": {
        "Accept": "*/*",
        "Accept-Encoding": "gzip, deflate",
        "Connection": "keep-alive",
        "User-Agent": "azsdk-python-ai-translation-document/1.0.1 Python/3.10.0 (Windows-10-10.0.22621-SP0)"
      },
      "RequestBody": null,
      "StatusCode": 200,
      "ResponseHeaders": {
        "apim-request-id": "856493b2-e474-49df-96ff-2d2f1177d8f3",
        "Cache-Control": "public, max-age=1",
        "Content-Encoding": "gzip",
        "Content-Type": "application/json; charset=utf-8",
        "Date": "Thu, 01 Dec 2022 22:49:18 GMT",
        "ETag": "\u0022771B0B2745FFFBE8B53BDDEF615D61B2B28659FC8F44B2A588E0EBC82922A811\u0022",
        "Set-Cookie": [
          "ARRAffinity=26748e6e05c4da09a11d06730f2d1580980c43bf805ec60ac6528961fdf209ed;Path=/;HttpOnly;Secure;Domain=mtbatch.nam.microsofttranslator.com",
          "ARRAffinitySameSite=26748e6e05c4da09a11d06730f2d1580980c43bf805ec60ac6528961fdf209ed;Path=/;HttpOnly;SameSite=None;Secure;Domain=mtbatch.nam.microsofttranslator.com"
        ],
        "Strict-Transport-Security": "max-age=31536000; includeSubDomains; preload",
        "Transfer-Encoding": "chunked",
        "Vary": "Accept-Encoding",
        "X-Content-Type-Options": "nosniff",
        "x-ms-region": "West US 2",
        "X-Powered-By": "ASP.NET",
        "X-RequestId": "856493b2-e474-49df-96ff-2d2f1177d8f3"
      },
      "ResponseBody": {
        "id": "59042bbb-2172-4a58-bdef-dcf15d216a10",
        "createdDateTimeUtc": "2022-12-01T22:49:17.5642996Z",
        "lastActionDateTimeUtc": "2022-12-01T22:49:19.2466648Z",
        "status": "Running",
        "summary": {
          "total": 1,
          "failed": 0,
          "success": 0,
          "inProgress": 1,
          "notYetStarted": 0,
          "cancelled": 0,
          "totalCharacterCharged": 0
        }
      }
    },
    {
      "RequestUri": "https://fakeendpoint.cognitiveservices.azure.com/translator/text/batch/v1.0/batches/59042bbb-2172-4a58-bdef-dcf15d216a10",
      "RequestMethod": "GET",
      "RequestHeaders": {
        "Accept": "*/*",
        "Accept-Encoding": "gzip, deflate",
        "Connection": "keep-alive",
        "User-Agent": "azsdk-python-ai-translation-document/1.0.1 Python/3.10.0 (Windows-10-10.0.22621-SP0)"
      },
      "RequestBody": null,
      "StatusCode": 200,
      "ResponseHeaders": {
        "apim-request-id": "e0e9fc5a-ea65-4616-a172-f03bc5deb8b3",
        "Cache-Control": "public, max-age=1",
        "Content-Encoding": "gzip",
        "Content-Type": "application/json; charset=utf-8",
        "Date": "Thu, 01 Dec 2022 22:49:18 GMT",
        "ETag": "\u002299DB8B1A2F912432B14D1F2817DAF76B6FA8DCF07D84F468A78AE4F298780CC4\u0022",
        "Set-Cookie": [
          "ARRAffinity=5be4f6076895b28fe7622c56a3f9d12283381141aea24a194955ebb0cccaaba9;Path=/;HttpOnly;Secure;Domain=mtbatch.nam.microsofttranslator.com",
          "ARRAffinitySameSite=5be4f6076895b28fe7622c56a3f9d12283381141aea24a194955ebb0cccaaba9;Path=/;HttpOnly;SameSite=None;Secure;Domain=mtbatch.nam.microsofttranslator.com"
        ],
        "Strict-Transport-Security": "max-age=31536000; includeSubDomains; preload",
        "Transfer-Encoding": "chunked",
        "Vary": "Accept-Encoding",
        "X-Content-Type-Options": "nosniff",
        "x-ms-region": "West US 2",
        "X-Powered-By": "ASP.NET",
        "X-RequestId": "e0e9fc5a-ea65-4616-a172-f03bc5deb8b3"
      },
      "ResponseBody": {
        "id": "59042bbb-2172-4a58-bdef-dcf15d216a10",
        "createdDateTimeUtc": "2022-12-01T22:49:17.5642996Z",
        "lastActionDateTimeUtc": "2022-12-01T22:49:19.4663839Z",
        "status": "Failed",
        "error": {
          "code": "InvalidRequest",
          "message": "The document does not have any translatable text.",
          "target": "Operation",
          "innerError": {
            "code": "NoTranslatableText",
            "message": "The document does not have any translatable text."
          }
        },
        "summary": {
          "total": 1,
          "failed": 1,
          "success": 0,
          "inProgress": 0,
          "notYetStarted": 0,
          "cancelled": 0,
          "totalCharacterCharged": 0
        }
      }
    },
    {
      "RequestUri": "https://fakeendpoint.cognitiveservices.azure.com/translator/text/batch/v1.0/batches/59042bbb-2172-4a58-bdef-dcf15d216a10/documents",
      "RequestMethod": "GET",
      "RequestHeaders": {
        "Accept": "application/json",
        "Accept-Encoding": "gzip, deflate",
        "Connection": "keep-alive",
        "User-Agent": "azsdk-python-ai-translation-document/1.0.1 Python/3.10.0 (Windows-10-10.0.22621-SP0)"
      },
      "RequestBody": null,
      "StatusCode": 200,
      "ResponseHeaders": {
        "apim-request-id": "c2810d8d-2046-48b7-babd-0d48599b88dd",
        "Cache-Control": "public, max-age=1",
        "Content-Encoding": "gzip",
        "Content-Type": "application/json; charset=utf-8",
        "Date": "Thu, 01 Dec 2022 22:49:18 GMT",
        "ETag": "\u0022283E91C2612D4B95F3746C95C02EED31168323109EF961BDC7A41016CA7B9358\u0022",
        "Set-Cookie": [
          "ARRAffinity=26748e6e05c4da09a11d06730f2d1580980c43bf805ec60ac6528961fdf209ed;Path=/;HttpOnly;Secure;Domain=mtbatch.nam.microsofttranslator.com",
          "ARRAffinitySameSite=26748e6e05c4da09a11d06730f2d1580980c43bf805ec60ac6528961fdf209ed;Path=/;HttpOnly;SameSite=None;Secure;Domain=mtbatch.nam.microsofttranslator.com"
        ],
        "Strict-Transport-Security": "max-age=31536000; includeSubDomains; preload",
        "Transfer-Encoding": "chunked",
        "Vary": "Accept-Encoding",
        "X-Content-Type-Options": "nosniff",
        "x-ms-region": "West US 2",
        "X-Powered-By": "ASP.NET",
        "X-RequestId": "c2810d8d-2046-48b7-babd-0d48599b88dd"
      },
      "ResponseBody": {
        "value": [
          {
            "sourcePath": "https://fakeendpoint.blob.core.windows.net/src331a28a0-5901-4a31-a953-8a3ef8c1b264/95d5a33b-15dc-4491-b1d1-396bb7142615.txt",
            "createdDateTimeUtc": "2022-12-01T22:49:19.2549111Z",
            "lastActionDateTimeUtc": "2022-12-01T22:49:19.4392452Z",
            "status": "Failed",
            "to": "es",
            "error": {
              "code": "InvalidRequest",
              "message": "The document does not have any translatable text.",
              "target": "Document",
              "innerError": {
                "code": "NoTranslatableText",
                "message": "The document does not have any translatable text."
              }
            },
            "progress": 0,
            "id": "005b3228-0000-0000-0000-000000000000",
            "characterCharged": 0
          }
        ]
      }
    }
  ],
  "Variables": {
    "source_container_name": "src331a28a0-5901-4a31-a953-8a3ef8c1b264",
    "target_container_name": "target70496a70-6b3b-465f-97e2-84deadac7d76"
  }
}
