interactions:
- request:
    body: null
    headers:
      Accept:
      - application/xml
      Accept-Encoding:
      - gzip, deflate
      Connection:
      - keep-alive
      Content-Length:
      - '0'
      User-Agent:
      - azsdk-python-storage-blob/12.9.0b1 Python/3.9.0 (Windows-10-10.0.19041-SP0)
      x-ms-date:
      - Wed, 02 Jun 2021 06:29:11 GMT
      x-ms-version:
      - '2020-08-04'
    method: PUT
    uri: https://redacted.blob.core.windows.net/src5ba6b23a-066c-422c-826e-20725a37cc41?restype=container
  response:
    body:
      string: ''
    headers:
      content-length:
      - '0'
      date:
      - Wed, 02 Jun 2021 06:29:10 GMT
      etag:
      - '"0x8D9258FBBFA0CEB"'
      last-modified:
      - Wed, 02 Jun 2021 06:29:11 GMT
      server:
      - Windows-Azure-Blob/1.0 Microsoft-HTTPAPI/2.0
      x-ms-version:
      - '2020-08-04'
    status:
      code: 201
      message: Created
- request:
    body: This is written in english.
    headers:
      Accept:
      - application/xml
      Accept-Encoding:
      - gzip, deflate
      Connection:
      - keep-alive
      Content-Length:
      - '27'
      Content-Type:
      - application/octet-stream
      If-None-Match:
      - '*'
      User-Agent:
      - azsdk-python-storage-blob/12.9.0b1 Python/3.9.0 (Windows-10-10.0.19041-SP0)
      x-ms-blob-type:
      - BlockBlob
      x-ms-date:
      - Wed, 02 Jun 2021 06:29:11 GMT
      x-ms-version:
      - '2020-08-04'
    method: PUT
    uri: https://redacted.blob.core.windows.net/src5ba6b23a-066c-422c-826e-20725a37cc41/cff7ef09-dc0f-4bce-8cec-5749a22a6f57.txt
  response:
    body:
      string: ''
    headers:
      content-length:
      - '0'
      content-md5:
      - mYgA0QpY6baiB+xZp8Hk+A==
      date:
      - Wed, 02 Jun 2021 06:29:10 GMT
      etag:
      - '"0x8D9258FBC03D7AB"'
      last-modified:
      - Wed, 02 Jun 2021 06:29:11 GMT
      server:
      - Windows-Azure-Blob/1.0 Microsoft-HTTPAPI/2.0
      x-ms-content-crc64:
      - NB4xBtawP6g=
      x-ms-request-server-encrypted:
      - 'true'
      x-ms-version:
      - '2020-08-04'
    status:
      code: 201
      message: Created
- request:
    body: This is written in english.
    headers:
      Accept:
      - application/xml
      Accept-Encoding:
      - gzip, deflate
      Connection:
      - keep-alive
      Content-Length:
      - '27'
      Content-Type:
      - application/octet-stream
      If-None-Match:
      - '*'
      User-Agent:
      - azsdk-python-storage-blob/12.9.0b1 Python/3.9.0 (Windows-10-10.0.19041-SP0)
      x-ms-blob-type:
      - BlockBlob
      x-ms-date:
      - Wed, 02 Jun 2021 06:29:11 GMT
      x-ms-version:
      - '2020-08-04'
    method: PUT
    uri: https://redacted.blob.core.windows.net/src5ba6b23a-066c-422c-826e-20725a37cc41/04368642-8337-496d-8ed3-c3c97d46af18.txt
  response:
    body:
      string: ''
    headers:
      content-length:
      - '0'
      content-md5:
      - mYgA0QpY6baiB+xZp8Hk+A==
      date:
      - Wed, 02 Jun 2021 06:29:10 GMT
      etag:
      - '"0x8D9258FBC0C3D9D"'
      last-modified:
      - Wed, 02 Jun 2021 06:29:11 GMT
      server:
      - Windows-Azure-Blob/1.0 Microsoft-HTTPAPI/2.0
      x-ms-content-crc64:
      - NB4xBtawP6g=
      x-ms-request-server-encrypted:
      - 'true'
      x-ms-version:
      - '2020-08-04'
    status:
      code: 201
      message: Created
- request:
    body: null
    headers:
      Accept:
      - application/xml
      Accept-Encoding:
      - gzip, deflate
      Connection:
      - keep-alive
      Content-Length:
      - '0'
      User-Agent:
      - azsdk-python-storage-blob/12.9.0b1 Python/3.9.0 (Windows-10-10.0.19041-SP0)
      x-ms-date:
      - Wed, 02 Jun 2021 06:29:11 GMT
      x-ms-version:
      - '2020-08-04'
    method: PUT
    uri: https://redacted.blob.core.windows.net/target463175da-c827-4620-a00a-4ed88322b983?restype=container
  response:
    body:
      string: ''
    headers:
      content-length:
      - '0'
      date:
      - Wed, 02 Jun 2021 06:29:11 GMT
      etag:
      - '"0x8D9258FBC240742"'
      last-modified:
      - Wed, 02 Jun 2021 06:29:11 GMT
      server:
      - Windows-Azure-Blob/1.0 Microsoft-HTTPAPI/2.0
      x-ms-version:
      - '2020-08-04'
    status:
      code: 201
      message: Created
- request:
    body: '{"inputs": [{"source": {"sourceUrl": "https://redacted.blob.core.windows.net/src5ba6b23a-066c-422c-826e-20725a37cc41?se=end&sp=rl&sv=2020-08-04&sr=c&sig=fake_token_value",
      "filter": {}}, "targets": [{"targetUrl": "https://redacted.blob.core.windows.net/target463175da-c827-4620-a00a-4ed88322b983?se=end&sp=rw&sv=2020-08-04&sr=c&sig=fake_token_value",
      "language": "es"}]}]}'
    headers:
      Accept:
      - application/json
      Accept-Encoding:
      - gzip, deflate
      Connection:
      - keep-alive
      Content-Length:
      - '484'
      Content-Type:
      - application/json
      User-Agent:
      - azsdk-python-ai-translation-document/1.0.0b2 Python/3.9.0 (Windows-10-10.0.19041-SP0)
    method: POST
    uri: https://redacted.cognitiveservices.azure.com/translator/text/batch/v1.0/batches
  response:
    body:
      string: ''
    headers:
      apim-request-id:
      - 665f3b20-d521-4eeb-b4c5-148f9bfe286b
      content-length:
      - '0'
      date:
      - Wed, 02 Jun 2021 06:29:11 GMT
      operation-location:
      - https://redacted.cognitiveservices.azure.com/translator/text/batch/v1.0/batches/c825d175-84c9-44bb-a250-7477b186b7d7
      set-cookie:
      - ARRAffinity=0ff46fa6d58b00f2d44b7073721903c0eace480139d8ecfc38f61130af5e1587;Path=/;HttpOnly;Secure;Domain=mtbatch.nam.microsofttranslator.com
      - ARRAffinitySameSite=0ff46fa6d58b00f2d44b7073721903c0eace480139d8ecfc38f61130af5e1587;Path=/;HttpOnly;SameSite=None;Secure;Domain=mtbatch.nam.microsofttranslator.com
      strict-transport-security:
      - max-age=31536000; includeSubDomains; preload
      x-content-type-options:
      - nosniff
      x-powered-by:
      - ASP.NET
      x-requestid:
      - 665f3b20-d521-4eeb-b4c5-148f9bfe286b
    status:
      code: 202
      message: Accepted
- request:
    body: null
    headers:
      Accept:
      - '*/*'
      Accept-Encoding:
      - gzip, deflate
      Connection:
      - keep-alive
      User-Agent:
      - azsdk-python-ai-translation-document/1.0.0b2 Python/3.9.0 (Windows-10-10.0.19041-SP0)
    method: GET
    uri: https://redacted.cognitiveservices.azure.com/translator/text/batch/v1.0/batches/c825d175-84c9-44bb-a250-7477b186b7d7
  response:
    body:
      string: '{"id":"c825d175-84c9-44bb-a250-7477b186b7d7","createdDateTimeUtc":"2021-06-02T06:29:12.1295019Z","lastActionDateTimeUtc":"2021-06-02T06:29:12.222681Z","status":"NotStarted","summary":{"total":2,"failed":0,"success":0,"inProgress":0,"notYetStarted":2,"cancelled":0,"totalCharacterCharged":0}}'
    headers:
      apim-request-id:
      - 8566cc8f-024c-4a31-8ad3-e5747d00fcc7
      cache-control:
      - public,max-age=1
      content-length:
      - '291'
      content-type:
      - application/json; charset=utf-8
      date:
      - Wed, 02 Jun 2021 06:29:16 GMT
      etag:
      - '"7E713ABA706B0B97C7B5C75BA56088B63E4D405CE4D1398A1FC0E5963C9AD873"'
      set-cookie:
      - ARRAffinity=20358cd7aa5d6b0695f01ef171fc9a95880154357830e1c6bb513b73834a2e5f;Path=/;HttpOnly;Secure;Domain=mtbatch.nam.microsofttranslator.com
      - ARRAffinitySameSite=20358cd7aa5d6b0695f01ef171fc9a95880154357830e1c6bb513b73834a2e5f;Path=/;HttpOnly;SameSite=None;Secure;Domain=mtbatch.nam.microsofttranslator.com
      strict-transport-security:
      - max-age=31536000; includeSubDomains; preload
      transfer-encoding:
      - chunked
      vary:
      - Accept-Encoding
      x-content-type-options:
      - nosniff
      x-powered-by:
      - ASP.NET
      x-requestid:
      - 8566cc8f-024c-4a31-8ad3-e5747d00fcc7
    status:
      code: 200
      message: OK
- request:
    body: null
    headers:
      Accept:
      - '*/*'
      Accept-Encoding:
      - gzip, deflate
      Connection:
      - keep-alive
      User-Agent:
      - azsdk-python-ai-translation-document/1.0.0b2 Python/3.9.0 (Windows-10-10.0.19041-SP0)
    method: GET
    uri: https://redacted.cognitiveservices.azure.com/translator/text/batch/v1.0/batches/c825d175-84c9-44bb-a250-7477b186b7d7
  response:
    body:
      string: '{"id":"c825d175-84c9-44bb-a250-7477b186b7d7","createdDateTimeUtc":"2021-06-02T06:29:12.1295019Z","lastActionDateTimeUtc":"2021-06-02T06:29:12.222681Z","status":"NotStarted","summary":{"total":2,"failed":0,"success":0,"inProgress":0,"notYetStarted":2,"cancelled":0,"totalCharacterCharged":0}}'
    headers:
      apim-request-id:
      - 1fa560d7-bad1-4b00-91f1-f8998be98008
      cache-control:
      - public,max-age=1
      content-length:
      - '291'
      content-type:
      - application/json; charset=utf-8
      date:
      - Wed, 02 Jun 2021 06:29:17 GMT
      etag:
      - '"7E713ABA706B0B97C7B5C75BA56088B63E4D405CE4D1398A1FC0E5963C9AD873"'
      set-cookie:
      - ARRAffinity=0ff46fa6d58b00f2d44b7073721903c0eace480139d8ecfc38f61130af5e1587;Path=/;HttpOnly;Secure;Domain=mtbatch.nam.microsofttranslator.com
      - ARRAffinitySameSite=0ff46fa6d58b00f2d44b7073721903c0eace480139d8ecfc38f61130af5e1587;Path=/;HttpOnly;SameSite=None;Secure;Domain=mtbatch.nam.microsofttranslator.com
      strict-transport-security:
      - max-age=31536000; includeSubDomains; preload
      transfer-encoding:
      - chunked
      vary:
      - Accept-Encoding
      x-content-type-options:
      - nosniff
      x-powered-by:
      - ASP.NET
      x-requestid:
      - 1fa560d7-bad1-4b00-91f1-f8998be98008
    status:
      code: 200
      message: OK
- request:
    body: null
    headers:
      Accept:
      - '*/*'
      Accept-Encoding:
      - gzip, deflate
      Connection:
      - keep-alive
      User-Agent:
      - azsdk-python-ai-translation-document/1.0.0b2 Python/3.9.0 (Windows-10-10.0.19041-SP0)
    method: GET
    uri: https://redacted.cognitiveservices.azure.com/translator/text/batch/v1.0/batches/c825d175-84c9-44bb-a250-7477b186b7d7
  response:
    body:
      string: '{"id":"c825d175-84c9-44bb-a250-7477b186b7d7","createdDateTimeUtc":"2021-06-02T06:29:12.1295019Z","lastActionDateTimeUtc":"2021-06-02T06:29:12.222681Z","status":"NotStarted","summary":{"total":2,"failed":0,"success":0,"inProgress":0,"notYetStarted":2,"cancelled":0,"totalCharacterCharged":0}}'
    headers:
      apim-request-id:
      - 324ef0e7-6e82-46b4-8354-45186a5d5b7c
      cache-control:
      - public,max-age=1
      content-length:
      - '291'
      content-type:
      - application/json; charset=utf-8
      date:
      - Wed, 02 Jun 2021 06:29:18 GMT
      etag:
      - '"7E713ABA706B0B97C7B5C75BA56088B63E4D405CE4D1398A1FC0E5963C9AD873"'
      set-cookie:
      - ARRAffinity=20358cd7aa5d6b0695f01ef171fc9a95880154357830e1c6bb513b73834a2e5f;Path=/;HttpOnly;Secure;Domain=mtbatch.nam.microsofttranslator.com
      - ARRAffinitySameSite=20358cd7aa5d6b0695f01ef171fc9a95880154357830e1c6bb513b73834a2e5f;Path=/;HttpOnly;SameSite=None;Secure;Domain=mtbatch.nam.microsofttranslator.com
      strict-transport-security:
      - max-age=31536000; includeSubDomains; preload
      transfer-encoding:
      - chunked
      vary:
      - Accept-Encoding
      x-content-type-options:
      - nosniff
      x-powered-by:
      - ASP.NET
      x-requestid:
      - 324ef0e7-6e82-46b4-8354-45186a5d5b7c
    status:
      code: 200
      message: OK
- request:
    body: null
    headers:
      Accept:
      - '*/*'
      Accept-Encoding:
      - gzip, deflate
      Connection:
      - keep-alive
      User-Agent:
      - azsdk-python-ai-translation-document/1.0.0b2 Python/3.9.0 (Windows-10-10.0.19041-SP0)
    method: GET
    uri: https://redacted.cognitiveservices.azure.com/translator/text/batch/v1.0/batches/c825d175-84c9-44bb-a250-7477b186b7d7
  response:
    body:
      string: '{"id":"c825d175-84c9-44bb-a250-7477b186b7d7","createdDateTimeUtc":"2021-06-02T06:29:12.1295019Z","lastActionDateTimeUtc":"2021-06-02T06:29:20.4141609Z","status":"Running","summary":{"total":2,"failed":0,"success":0,"inProgress":2,"notYetStarted":0,"cancelled":0,"totalCharacterCharged":0}}'
    headers:
      apim-request-id:
      - 53e6d42c-f7ca-4eac-be7f-07d493015099
      cache-control:
      - public,max-age=1
      content-length:
      - '289'
      content-type:
      - application/json; charset=utf-8
      date:
      - Wed, 02 Jun 2021 06:29:19 GMT
      etag:
      - '"8067180E2E57E9EC91B12B7E5AB8862F6C94BC1D318B8B6CDEB3313C8DB5A39D"'
      set-cookie:
      - ARRAffinity=0ff46fa6d58b00f2d44b7073721903c0eace480139d8ecfc38f61130af5e1587;Path=/;HttpOnly;Secure;Domain=mtbatch.nam.microsofttranslator.com
      - ARRAffinitySameSite=0ff46fa6d58b00f2d44b7073721903c0eace480139d8ecfc38f61130af5e1587;Path=/;HttpOnly;SameSite=None;Secure;Domain=mtbatch.nam.microsofttranslator.com
      strict-transport-security:
      - max-age=31536000; includeSubDomains; preload
      transfer-encoding:
      - chunked
      vary:
      - Accept-Encoding
      x-content-type-options:
      - nosniff
      x-powered-by:
      - ASP.NET
      x-requestid:
      - 53e6d42c-f7ca-4eac-be7f-07d493015099
    status:
      code: 200
      message: OK
- request:
    body: null
    headers:
      Accept:
      - '*/*'
      Accept-Encoding:
      - gzip, deflate
      Connection:
      - keep-alive
      User-Agent:
      - azsdk-python-ai-translation-document/1.0.0b2 Python/3.9.0 (Windows-10-10.0.19041-SP0)
    method: GET
    uri: https://redacted.cognitiveservices.azure.com/translator/text/batch/v1.0/batches/c825d175-84c9-44bb-a250-7477b186b7d7
  response:
    body:
      string: '{"id":"c825d175-84c9-44bb-a250-7477b186b7d7","createdDateTimeUtc":"2021-06-02T06:29:12.1295019Z","lastActionDateTimeUtc":"2021-06-02T06:29:20.4141609Z","status":"Succeeded","summary":{"total":2,"failed":0,"success":2,"inProgress":0,"notYetStarted":0,"cancelled":0,"totalCharacterCharged":54}}'
    headers:
      apim-request-id:
      - 86433e85-0c5c-41c2-9fcd-d1f755d53bde
      cache-control:
      - public,max-age=1
      content-length:
      - '292'
      content-type:
      - application/json; charset=utf-8
      date:
      - Wed, 02 Jun 2021 06:29:21 GMT
      etag:
      - '"4831107B213C5999F1464D8AC7B5F5E78AA5879AB2723063E699FA6BC05638CB"'
      set-cookie:
      - ARRAffinity=20358cd7aa5d6b0695f01ef171fc9a95880154357830e1c6bb513b73834a2e5f;Path=/;HttpOnly;Secure;Domain=mtbatch.nam.microsofttranslator.com
      - ARRAffinitySameSite=20358cd7aa5d6b0695f01ef171fc9a95880154357830e1c6bb513b73834a2e5f;Path=/;HttpOnly;SameSite=None;Secure;Domain=mtbatch.nam.microsofttranslator.com
      strict-transport-security:
      - max-age=31536000; includeSubDomains; preload
      transfer-encoding:
      - chunked
      vary:
      - Accept-Encoding
      x-content-type-options:
      - nosniff
      x-powered-by:
      - ASP.NET
      x-requestid:
      - 86433e85-0c5c-41c2-9fcd-d1f755d53bde
    status:
      code: 200
      message: OK
- request:
    body: null
    headers:
      Accept:
      - application/xml
      Accept-Encoding:
      - gzip, deflate
      Connection:
      - keep-alive
      Content-Length:
      - '0'
      User-Agent:
      - azsdk-python-storage-blob/12.9.0b1 Python/3.9.0 (Windows-10-10.0.19041-SP0)
      x-ms-date:
      - Wed, 02 Jun 2021 06:29:21 GMT
      x-ms-version:
      - '2020-08-04'
    method: PUT
    uri: https://redacted.blob.core.windows.net/srca241f711-87f5-46e5-82e8-2b4f9a2140ac?restype=container
  response:
    body:
      string: ''
    headers:
      content-length:
      - '0'
      date:
      - Wed, 02 Jun 2021 06:29:22 GMT
      etag:
      - '"0x8D9258FC25BF605"'
      last-modified:
      - Wed, 02 Jun 2021 06:29:22 GMT
      server:
      - Windows-Azure-Blob/1.0 Microsoft-HTTPAPI/2.0
      x-ms-version:
      - '2020-08-04'
    status:
      code: 201
      message: Created
- request:
    body: This is written in english.
    headers:
      Accept:
      - application/xml
      Accept-Encoding:
      - gzip, deflate
      Connection:
      - keep-alive
      Content-Length:
      - '27'
      Content-Type:
      - application/octet-stream
      If-None-Match:
      - '*'
      User-Agent:
      - azsdk-python-storage-blob/12.9.0b1 Python/3.9.0 (Windows-10-10.0.19041-SP0)
      x-ms-blob-type:
      - BlockBlob
      x-ms-date:
      - Wed, 02 Jun 2021 06:29:22 GMT
      x-ms-version:
      - '2020-08-04'
    method: PUT
    uri: https://redacted.blob.core.windows.net/srca241f711-87f5-46e5-82e8-2b4f9a2140ac/24bdc1d2-bbbf-4773-9093-4d27a067d8f9.txt
  response:
    body:
      string: ''
    headers:
      content-length:
      - '0'
      content-md5:
      - mYgA0QpY6baiB+xZp8Hk+A==
      date:
      - Wed, 02 Jun 2021 06:29:22 GMT
      etag:
      - '"0x8D9258FC2633DDC"'
      last-modified:
      - Wed, 02 Jun 2021 06:29:22 GMT
      server:
      - Windows-Azure-Blob/1.0 Microsoft-HTTPAPI/2.0
      x-ms-content-crc64:
      - NB4xBtawP6g=
      x-ms-request-server-encrypted:
      - 'true'
      x-ms-version:
      - '2020-08-04'
    status:
      code: 201
      message: Created
- request:
    body: This is written in english.
    headers:
      Accept:
      - application/xml
      Accept-Encoding:
      - gzip, deflate
      Connection:
      - keep-alive
      Content-Length:
      - '27'
      Content-Type:
      - application/octet-stream
      If-None-Match:
      - '*'
      User-Agent:
      - azsdk-python-storage-blob/12.9.0b1 Python/3.9.0 (Windows-10-10.0.19041-SP0)
      x-ms-blob-type:
      - BlockBlob
      x-ms-date:
      - Wed, 02 Jun 2021 06:29:22 GMT
      x-ms-version:
      - '2020-08-04'
    method: PUT
    uri: https://redacted.blob.core.windows.net/srca241f711-87f5-46e5-82e8-2b4f9a2140ac/744272b8-2ae9-4eb3-9d24-6b315bc50f91.txt
  response:
    body:
      string: ''
    headers:
      content-length:
      - '0'
      content-md5:
      - mYgA0QpY6baiB+xZp8Hk+A==
      date:
      - Wed, 02 Jun 2021 06:29:22 GMT
      etag:
      - '"0x8D9258FC26B2E90"'
      last-modified:
      - Wed, 02 Jun 2021 06:29:22 GMT
      server:
      - Windows-Azure-Blob/1.0 Microsoft-HTTPAPI/2.0
      x-ms-content-crc64:
      - NB4xBtawP6g=
      x-ms-request-server-encrypted:
      - 'true'
      x-ms-version:
      - '2020-08-04'
    status:
      code: 201
      message: Created
- request:
    body: null
    headers:
      Accept:
      - application/xml
      Accept-Encoding:
      - gzip, deflate
      Connection:
      - keep-alive
      Content-Length:
      - '0'
      User-Agent:
      - azsdk-python-storage-blob/12.9.0b1 Python/3.9.0 (Windows-10-10.0.19041-SP0)
      x-ms-date:
      - Wed, 02 Jun 2021 06:29:22 GMT
      x-ms-version:
      - '2020-08-04'
    method: PUT
    uri: https://redacted.blob.core.windows.net/targetcd9f2b08-2203-40a4-9f2c-ed667160e5de?restype=container
  response:
    body:
      string: ''
    headers:
      content-length:
      - '0'
      date:
      - Wed, 02 Jun 2021 06:29:21 GMT
      etag:
      - '"0x8D9258FC28B1E0D"'
      last-modified:
      - Wed, 02 Jun 2021 06:29:22 GMT
      server:
      - Windows-Azure-Blob/1.0 Microsoft-HTTPAPI/2.0
      x-ms-version:
      - '2020-08-04'
    status:
      code: 201
      message: Created
- request:
    body: '{"inputs": [{"source": {"sourceUrl": "https://redacted.blob.core.windows.net/srca241f711-87f5-46e5-82e8-2b4f9a2140ac?se=end&sp=rl&sv=2020-08-04&sr=c&sig=fake_token_value",
      "filter": {}}, "targets": [{"targetUrl": "https://redacted.blob.core.windows.net/targetcd9f2b08-2203-40a4-9f2c-ed667160e5de?se=end&sp=rw&sv=2020-08-04&sr=c&sig=fake_token_value",
      "language": "es"}]}]}'
    headers:
      Accept:
      - application/json
      Accept-Encoding:
      - gzip, deflate
      Connection:
      - keep-alive
      Content-Length:
      - '484'
      Content-Type:
      - application/json
      User-Agent:
      - azsdk-python-ai-translation-document/1.0.0b2 Python/3.9.0 (Windows-10-10.0.19041-SP0)
    method: POST
    uri: https://redacted.cognitiveservices.azure.com/translator/text/batch/v1.0/batches
  response:
    body:
      string: ''
    headers:
      apim-request-id:
      - 869f6caf-1b31-4771-ae49-12c98cbf5b39
      content-length:
      - '0'
      date:
      - Wed, 02 Jun 2021 06:29:21 GMT
      operation-location:
      - https://redacted.cognitiveservices.azure.com/translator/text/batch/v1.0/batches/2169680d-f2b1-499e-9a26-50e940a1f19c
      set-cookie:
      - ARRAffinity=0ff46fa6d58b00f2d44b7073721903c0eace480139d8ecfc38f61130af5e1587;Path=/;HttpOnly;Secure;Domain=mtbatch.nam.microsofttranslator.com
      - ARRAffinitySameSite=0ff46fa6d58b00f2d44b7073721903c0eace480139d8ecfc38f61130af5e1587;Path=/;HttpOnly;SameSite=None;Secure;Domain=mtbatch.nam.microsofttranslator.com
      strict-transport-security:
      - max-age=31536000; includeSubDomains; preload
      x-content-type-options:
      - nosniff
      x-powered-by:
      - ASP.NET
      x-requestid:
      - 869f6caf-1b31-4771-ae49-12c98cbf5b39
    status:
      code: 202
      message: Accepted
- request:
    body: null
    headers:
      Accept:
      - '*/*'
      Accept-Encoding:
      - gzip, deflate
      Connection:
      - keep-alive
      User-Agent:
      - azsdk-python-ai-translation-document/1.0.0b2 Python/3.9.0 (Windows-10-10.0.19041-SP0)
    method: GET
    uri: https://redacted.cognitiveservices.azure.com/translator/text/batch/v1.0/batches/2169680d-f2b1-499e-9a26-50e940a1f19c
  response:
    body:
      string: '{"id":"2169680d-f2b1-499e-9a26-50e940a1f19c","createdDateTimeUtc":"2021-06-02T06:29:22.5497666Z","lastActionDateTimeUtc":"2021-06-02T06:29:23.397007Z","status":"Succeeded","summary":{"total":2,"failed":0,"success":2,"inProgress":0,"notYetStarted":0,"cancelled":0,"totalCharacterCharged":54}}'
    headers:
      apim-request-id:
      - 88578478-af21-4242-9db5-5d0fd64e172e
      cache-control:
      - public,max-age=1
      content-length:
      - '291'
      content-type:
      - application/json; charset=utf-8
      date:
      - Wed, 02 Jun 2021 06:29:27 GMT
      etag:
      - '"846BA3B8D993AF29642D58B523FB9BCBECE3E113426A82F15509471A3D248886"'
      set-cookie:
      - ARRAffinity=0ff46fa6d58b00f2d44b7073721903c0eace480139d8ecfc38f61130af5e1587;Path=/;HttpOnly;Secure;Domain=mtbatch.nam.microsofttranslator.com
      - ARRAffinitySameSite=0ff46fa6d58b00f2d44b7073721903c0eace480139d8ecfc38f61130af5e1587;Path=/;HttpOnly;SameSite=None;Secure;Domain=mtbatch.nam.microsofttranslator.com
      strict-transport-security:
      - max-age=31536000; includeSubDomains; preload
      transfer-encoding:
      - chunked
      vary:
      - Accept-Encoding
      x-content-type-options:
      - nosniff
      x-powered-by:
      - ASP.NET
      x-requestid:
      - 88578478-af21-4242-9db5-5d0fd64e172e
    status:
      code: 200
      message: OK
- request:
    body: null
    headers:
      Accept:
      - application/xml
      Accept-Encoding:
      - gzip, deflate
      Connection:
      - keep-alive
      Content-Length:
      - '0'
      User-Agent:
      - azsdk-python-storage-blob/12.9.0b1 Python/3.9.0 (Windows-10-10.0.19041-SP0)
      x-ms-date:
      - Wed, 02 Jun 2021 06:29:27 GMT
      x-ms-version:
      - '2020-08-04'
    method: PUT
    uri: https://redacted.blob.core.windows.net/src9f663a80-b3ac-4e8e-a03a-b73bc9b055eb?restype=container
  response:
    body:
      string: ''
    headers:
      content-length:
      - '0'
      date:
      - Wed, 02 Jun 2021 06:29:27 GMT
      etag:
      - '"0x8D9258FC5E82596"'
      last-modified:
      - Wed, 02 Jun 2021 06:29:28 GMT
      server:
      - Windows-Azure-Blob/1.0 Microsoft-HTTPAPI/2.0
      x-ms-version:
      - '2020-08-04'
    status:
      code: 201
      message: Created
- request:
    body: This is written in english.
    headers:
      Accept:
      - application/xml
      Accept-Encoding:
      - gzip, deflate
      Connection:
      - keep-alive
      Content-Length:
      - '27'
      Content-Type:
      - application/octet-stream
      If-None-Match:
      - '*'
      User-Agent:
      - azsdk-python-storage-blob/12.9.0b1 Python/3.9.0 (Windows-10-10.0.19041-SP0)
      x-ms-blob-type:
      - BlockBlob
      x-ms-date:
      - Wed, 02 Jun 2021 06:29:28 GMT
      x-ms-version:
      - '2020-08-04'
    method: PUT
    uri: https://redacted.blob.core.windows.net/src9f663a80-b3ac-4e8e-a03a-b73bc9b055eb/31e19053-e6ee-4c08-8bc0-39f0e29bd196.txt
  response:
    body:
      string: ''
    headers:
      content-length:
      - '0'
      content-md5:
      - mYgA0QpY6baiB+xZp8Hk+A==
      date:
      - Wed, 02 Jun 2021 06:29:27 GMT
      etag:
      - '"0x8D9258FC5F08B66"'
      last-modified:
      - Wed, 02 Jun 2021 06:29:28 GMT
      server:
      - Windows-Azure-Blob/1.0 Microsoft-HTTPAPI/2.0
      x-ms-content-crc64:
      - NB4xBtawP6g=
      x-ms-request-server-encrypted:
      - 'true'
      x-ms-version:
      - '2020-08-04'
    status:
      code: 201
      message: Created
- request:
    body: This is written in english.
    headers:
      Accept:
      - application/xml
      Accept-Encoding:
      - gzip, deflate
      Connection:
      - keep-alive
      Content-Length:
      - '27'
      Content-Type:
      - application/octet-stream
      If-None-Match:
      - '*'
      User-Agent:
      - azsdk-python-storage-blob/12.9.0b1 Python/3.9.0 (Windows-10-10.0.19041-SP0)
      x-ms-blob-type:
      - BlockBlob
      x-ms-date:
      - Wed, 02 Jun 2021 06:29:28 GMT
      x-ms-version:
      - '2020-08-04'
    method: PUT
    uri: https://redacted.blob.core.windows.net/src9f663a80-b3ac-4e8e-a03a-b73bc9b055eb/bd683e74-658a-423c-b8a5-899f29f36b1f.txt
  response:
    body:
      string: ''
    headers:
      content-length:
      - '0'
      content-md5:
      - mYgA0QpY6baiB+xZp8Hk+A==
      date:
      - Wed, 02 Jun 2021 06:29:27 GMT
      etag:
      - '"0x8D9258FC5F806D2"'
      last-modified:
      - Wed, 02 Jun 2021 06:29:28 GMT
      server:
      - Windows-Azure-Blob/1.0 Microsoft-HTTPAPI/2.0
      x-ms-content-crc64:
      - NB4xBtawP6g=
      x-ms-request-server-encrypted:
      - 'true'
      x-ms-version:
      - '2020-08-04'
    status:
      code: 201
      message: Created
- request:
    body: null
    headers:
      Accept:
      - application/xml
      Accept-Encoding:
      - gzip, deflate
      Connection:
      - keep-alive
      Content-Length:
      - '0'
      User-Agent:
      - azsdk-python-storage-blob/12.9.0b1 Python/3.9.0 (Windows-10-10.0.19041-SP0)
      x-ms-date:
      - Wed, 02 Jun 2021 06:29:28 GMT
      x-ms-version:
      - '2020-08-04'
    method: PUT
    uri: https://redacted.blob.core.windows.net/target1e4c4ec7-24bb-45e0-8e3d-29c3a3e08ef0?restype=container
  response:
    body:
      string: ''
    headers:
      content-length:
      - '0'
      date:
      - Wed, 02 Jun 2021 06:29:27 GMT
      etag:
      - '"0x8D9258FC617D8F1"'
      last-modified:
      - Wed, 02 Jun 2021 06:29:28 GMT
      server:
      - Windows-Azure-Blob/1.0 Microsoft-HTTPAPI/2.0
      x-ms-version:
      - '2020-08-04'
    status:
      code: 201
      message: Created
- request:
    body: '{"inputs": [{"source": {"sourceUrl": "https://redacted.blob.core.windows.net/src9f663a80-b3ac-4e8e-a03a-b73bc9b055eb?se=end&sp=rl&sv=2020-08-04&sr=c&sig=fake_token_value",
      "filter": {}}, "targets": [{"targetUrl": "https://redacted.blob.core.windows.net/target1e4c4ec7-24bb-45e0-8e3d-29c3a3e08ef0?se=end&sp=rw&sv=2020-08-04&sr=c&sig=fake_token_value",
      "language": "es"}]}]}'
    headers:
      Accept:
      - application/json
      Accept-Encoding:
      - gzip, deflate
      Connection:
      - keep-alive
      Content-Length:
      - '482'
      Content-Type:
      - application/json
      User-Agent:
      - azsdk-python-ai-translation-document/1.0.0b2 Python/3.9.0 (Windows-10-10.0.19041-SP0)
    method: POST
    uri: https://redacted.cognitiveservices.azure.com/translator/text/batch/v1.0/batches
  response:
    body:
      string: ''
    headers:
      apim-request-id:
      - e15e2f03-db90-4956-89d2-fb3305aba74a
      content-length:
      - '0'
      date:
      - Wed, 02 Jun 2021 06:29:28 GMT
      operation-location:
      - https://redacted.cognitiveservices.azure.com/translator/text/batch/v1.0/batches/a2d99f37-ea74-4026-bf86-a8a20de78870
      set-cookie:
      - ARRAffinity=20358cd7aa5d6b0695f01ef171fc9a95880154357830e1c6bb513b73834a2e5f;Path=/;HttpOnly;Secure;Domain=mtbatch.nam.microsofttranslator.com
      - ARRAffinitySameSite=20358cd7aa5d6b0695f01ef171fc9a95880154357830e1c6bb513b73834a2e5f;Path=/;HttpOnly;SameSite=None;Secure;Domain=mtbatch.nam.microsofttranslator.com
      strict-transport-security:
      - max-age=31536000; includeSubDomains; preload
      x-content-type-options:
      - nosniff
      x-powered-by:
      - ASP.NET
      x-requestid:
      - e15e2f03-db90-4956-89d2-fb3305aba74a
    status:
      code: 202
      message: Accepted
- request:
    body: null
    headers:
      Accept:
      - '*/*'
      Accept-Encoding:
      - gzip, deflate
      Connection:
      - keep-alive
      User-Agent:
      - azsdk-python-ai-translation-document/1.0.0b2 Python/3.9.0 (Windows-10-10.0.19041-SP0)
    method: GET
    uri: https://redacted.cognitiveservices.azure.com/translator/text/batch/v1.0/batches/a2d99f37-ea74-4026-bf86-a8a20de78870
  response:
    body:
      string: '{"id":"a2d99f37-ea74-4026-bf86-a8a20de78870","createdDateTimeUtc":"2021-06-02T06:29:28.4345704Z","lastActionDateTimeUtc":"2021-06-02T06:29:30.4531222Z","status":"Succeeded","summary":{"total":2,"failed":0,"success":2,"inProgress":0,"notYetStarted":0,"cancelled":0,"totalCharacterCharged":54}}'
    headers:
      apim-request-id:
      - 18aba5d5-0415-4f6b-b363-2234467d6aad
      cache-control:
      - public,max-age=1
      content-length:
      - '292'
      content-type:
      - application/json; charset=utf-8
      date:
      - Wed, 02 Jun 2021 06:29:33 GMT
      etag:
      - '"161AFD55F0D20A7774DCF02FE13067AD58D1E4EAF056187C87DB304881263FB0"'
      set-cookie:
      - ARRAffinity=0ff46fa6d58b00f2d44b7073721903c0eace480139d8ecfc38f61130af5e1587;Path=/;HttpOnly;Secure;Domain=mtbatch.nam.microsofttranslator.com
      - ARRAffinitySameSite=0ff46fa6d58b00f2d44b7073721903c0eace480139d8ecfc38f61130af5e1587;Path=/;HttpOnly;SameSite=None;Secure;Domain=mtbatch.nam.microsofttranslator.com
      strict-transport-security:
      - max-age=31536000; includeSubDomains; preload
      transfer-encoding:
      - chunked
      vary:
      - Accept-Encoding
      x-content-type-options:
      - nosniff
      x-powered-by:
      - ASP.NET
      x-requestid:
      - 18aba5d5-0415-4f6b-b363-2234467d6aad
    status:
      code: 200
      message: OK
- request:
    body: null
    headers:
      Accept:
      - application/json
      Accept-Encoding:
      - gzip, deflate
      Connection:
      - keep-alive
      User-Agent:
      - azsdk-python-ai-translation-document/1.0.0b2 Python/3.9.0 (Windows-10-10.0.19041-SP0)
    method: GET
    uri: https://redacted.cognitiveservices.azure.com/translator/text/batch/v1.0/batches?$skip=0&ids=c825d175-84c9-44bb-a250-7477b186b7d7,2169680d-f2b1-499e-9a26-50e940a1f19c,a2d99f37-ea74-4026-bf86-a8a20de78870
  response:
    body:
      string: '{"value":[{"id":"a2d99f37-ea74-4026-bf86-a8a20de78870","createdDateTimeUtc":"2021-06-02T06:29:28.4345704Z","lastActionDateTimeUtc":"2021-06-02T06:29:30.4531222Z","status":"Succeeded","summary":{"total":2,"failed":0,"success":2,"inProgress":0,"notYetStarted":0,"cancelled":0,"totalCharacterCharged":54}},{"id":"2169680d-f2b1-499e-9a26-50e940a1f19c","createdDateTimeUtc":"2021-06-02T06:29:22.5497666Z","lastActionDateTimeUtc":"2021-06-02T06:29:23.397007Z","status":"Succeeded","summary":{"total":2,"failed":0,"success":2,"inProgress":0,"notYetStarted":0,"cancelled":0,"totalCharacterCharged":54}},{"id":"c825d175-84c9-44bb-a250-7477b186b7d7","createdDateTimeUtc":"2021-06-02T06:29:12.1295019Z","lastActionDateTimeUtc":"2021-06-02T06:29:20.4141609Z","status":"Succeeded","summary":{"total":2,"failed":0,"success":2,"inProgress":0,"notYetStarted":0,"cancelled":0,"totalCharacterCharged":54}}]}'
    headers:
      apim-request-id:
      - 2a4d2661-3ae8-4ae0-9559-763783094815
      cache-control:
      - public,max-age=1
      content-length:
      - '889'
      content-type:
      - application/json; charset=utf-8
      date:
      - Wed, 02 Jun 2021 06:29:33 GMT
      etag:
      - '"82D6336AECF03AD7E7F78B88EDE736E3A9D3F6242C68641F5CAB8C2BF242EB2C"'
      set-cookie:
      - ARRAffinity=20358cd7aa5d6b0695f01ef171fc9a95880154357830e1c6bb513b73834a2e5f;Path=/;HttpOnly;Secure;Domain=mtbatch.nam.microsofttranslator.com
      - ARRAffinitySameSite=20358cd7aa5d6b0695f01ef171fc9a95880154357830e1c6bb513b73834a2e5f;Path=/;HttpOnly;SameSite=None;Secure;Domain=mtbatch.nam.microsofttranslator.com
      strict-transport-security:
      - max-age=31536000; includeSubDomains; preload
      transfer-encoding:
      - chunked
      vary:
      - Accept-Encoding
      x-content-type-options:
      - nosniff
      x-powered-by:
      - ASP.NET
      x-requestid:
      - 2a4d2661-3ae8-4ae0-9559-763783094815
    status:
      code: 200
      message: OK
version: 1
