interactions:
- request:
    body: null
    headers:
      Accept:
      - application/xml
      Accept-Encoding:
      - gzip, deflate
      Connection:
      - keep-alive
      Content-Length:
      - '0'
      User-Agent:
      - azsdk-python-storage-blob/12.9.0b1 Python/3.9.0 (Windows-10-10.0.19041-SP0)
      x-ms-date:
      - Wed, 02 Jun 2021 22:58:52 GMT
      x-ms-version:
      - '2020-08-04'
    method: PUT
    uri: https://redacted.blob.core.windows.net/srcabfbb430-c285-4982-a3f8-fdca62f38151?restype=container
  response:
    body:
      string: ''
    headers:
      content-length:
      - '0'
      date:
      - Wed, 02 Jun 2021 22:58:52 GMT
      etag:
      - '"0x8D92619FE2D3147"'
      last-modified:
      - Wed, 02 Jun 2021 22:58:53 GMT
      server:
      - Windows-Azure-Blob/1.0 Microsoft-HTTPAPI/2.0
      x-ms-version:
      - '2020-08-04'
    status:
      code: 201
      message: Created
- request:
    body: hello world
    headers:
      Accept:
      - application/xml
      Accept-Encoding:
      - gzip, deflate
      Connection:
      - keep-alive
      Content-Length:
      - '11'
      Content-Type:
      - application/octet-stream
      If-None-Match:
      - '*'
      User-Agent:
      - azsdk-python-storage-blob/12.9.0b1 Python/3.9.0 (Windows-10-10.0.19041-SP0)
      x-ms-blob-type:
      - BlockBlob
      x-ms-date:
      - Wed, 02 Jun 2021 22:58:53 GMT
      x-ms-version:
      - '2020-08-04'
    method: PUT
    uri: https://redacted.blob.core.windows.net/srcabfbb430-c285-4982-a3f8-fdca62f38151/a27607c2-9ddc-4ca8-bfa7-5e59418d113a.txt
  response:
    body:
      string: ''
    headers:
      content-length:
      - '0'
      content-md5:
      - XrY7u+Ae7tCTyyK7j1rNww==
      date:
      - Wed, 02 Jun 2021 22:58:52 GMT
      etag:
      - '"0x8D92619FE3652F0"'
      last-modified:
      - Wed, 02 Jun 2021 22:58:53 GMT
      server:
      - Windows-Azure-Blob/1.0 Microsoft-HTTPAPI/2.0
      x-ms-content-crc64:
      - vo7q9sPVKY0=
      x-ms-request-server-encrypted:
      - 'true'
      x-ms-version:
      - '2020-08-04'
    status:
      code: 201
      message: Created
- request:
    body: null
    headers:
      Accept:
      - application/xml
      Accept-Encoding:
      - gzip, deflate
      Connection:
      - keep-alive
      Content-Length:
      - '0'
      User-Agent:
      - azsdk-python-storage-blob/12.9.0b1 Python/3.9.0 (Windows-10-10.0.19041-SP0)
      x-ms-date:
      - Wed, 02 Jun 2021 22:58:53 GMT
      x-ms-version:
      - '2020-08-04'
    method: PUT
    uri: https://redacted.blob.core.windows.net/targetd0aa009e-cc16-4d9f-a031-28934319f893?restype=container
  response:
    body:
      string: ''
    headers:
      content-length:
      - '0'
      date:
      - Wed, 02 Jun 2021 22:58:52 GMT
      etag:
      - '"0x8D92619FE56A015"'
      last-modified:
      - Wed, 02 Jun 2021 22:58:53 GMT
      server:
      - Windows-Azure-Blob/1.0 Microsoft-HTTPAPI/2.0
      x-ms-version:
      - '2020-08-04'
    status:
      code: 201
      message: Created
- request:
    body: null
    headers:
      Accept:
      - application/xml
      Accept-Encoding:
      - gzip, deflate
      Connection:
      - keep-alive
      Content-Length:
      - '0'
      User-Agent:
      - azsdk-python-storage-blob/12.9.0b1 Python/3.9.0 (Windows-10-10.0.19041-SP0)
      x-ms-date:
      - Wed, 02 Jun 2021 22:58:53 GMT
      x-ms-version:
      - '2020-08-04'
    method: PUT
    uri: https://redacted.blob.core.windows.net/target35716fda-61a9-4565-97e1-e3e207e18a76?restype=container
  response:
    body:
      string: ''
    headers:
      content-length:
      - '0'
      date:
      - Wed, 02 Jun 2021 22:58:53 GMT
      etag:
      - '"0x8D92619FE70BF18"'
      last-modified:
      - Wed, 02 Jun 2021 22:58:53 GMT
      server:
      - Windows-Azure-Blob/1.0 Microsoft-HTTPAPI/2.0
      x-ms-version:
      - '2020-08-04'
    status:
      code: 201
      message: Created
- request:
    body: '{"inputs": [{"source": {"sourceUrl": "https://redacted.blob.core.windows.net/srcabfbb430-c285-4982-a3f8-fdca62f38151?se=end&sp=rl&sv=2020-08-04&sr=c&sig=fake_token_value"},
      "targets": [{"targetUrl": "https://redacted.blob.core.windows.net/targetd0aa009e-cc16-4d9f-a031-28934319f893?se=end&sp=rw&sv=2020-08-04&sr=c&sig=fake_token_value",
      "language": "es"}]}]}'
    headers:
      Accept:
      - application/json
      Accept-Encoding:
      - gzip, deflate
      Connection:
      - keep-alive
      Content-Length:
      - '468'
      Content-Type:
      - application/json
      User-Agent:
      - azsdk-python-ai-translation-document/1.0.0b2 Python/3.9.0 (Windows-10-10.0.19041-SP0)
    method: POST
    uri: https://redacted.cognitiveservices.azure.com/translator/text/batch/v1.0/batches
  response:
    body:
      string: ''
    headers:
      apim-request-id:
      - 1856bc71-076b-4d43-83a0-33c241433854
      content-length:
      - '0'
      date:
      - Wed, 02 Jun 2021 22:58:53 GMT
      operation-location:
      - https://redacted.cognitiveservices.azure.com/translator/text/batch/v1.0/batches/cf7dba1a-9ff0-45e0-9771-a925d302c5fc
      set-cookie:
      - ARRAffinity=0ff46fa6d58b00f2d44b7073721903c0eace480139d8ecfc38f61130af5e1587;Path=/;HttpOnly;Secure;Domain=mtbatch.nam.microsofttranslator.com
      - ARRAffinitySameSite=0ff46fa6d58b00f2d44b7073721903c0eace480139d8ecfc38f61130af5e1587;Path=/;HttpOnly;SameSite=None;Secure;Domain=mtbatch.nam.microsofttranslator.com
      strict-transport-security:
      - max-age=31536000; includeSubDomains; preload
      x-content-type-options:
      - nosniff
      x-powered-by:
      - ASP.NET
      x-requestid:
      - 1856bc71-076b-4d43-83a0-33c241433854
    status:
      code: 202
      message: Accepted
- request:
    body: null
    headers:
      Accept:
      - '*/*'
      Accept-Encoding:
      - gzip, deflate
      Connection:
      - keep-alive
      User-Agent:
      - azsdk-python-ai-translation-document/1.0.0b2 Python/3.9.0 (Windows-10-10.0.19041-SP0)
    method: GET
    uri: https://redacted.cognitiveservices.azure.com/translator/text/batch/v1.0/batches/cf7dba1a-9ff0-45e0-9771-a925d302c5fc
  response:
    body:
      string: '{"id":"cf7dba1a-9ff0-45e0-9771-a925d302c5fc","createdDateTimeUtc":"2021-06-02T22:58:54.0566988Z","lastActionDateTimeUtc":"2021-06-02T22:59:03.0441781Z","status":"Succeeded","summary":{"total":1,"failed":0,"success":1,"inProgress":0,"notYetStarted":0,"cancelled":0,"totalCharacterCharged":11}}'
    headers:
      apim-request-id:
      - b1f24499-6e24-44ae-b846-6cb70dea38fe
      cache-control:
      - public,max-age=1
      content-length:
      - '292'
      content-type:
      - application/json; charset=utf-8
      date:
      - Wed, 02 Jun 2021 22:59:24 GMT
      etag:
      - '"40BA1A2A41EEB38A301F70BC82E0C5DB46B5270E609061E52650200A6CA44097"'
      set-cookie:
      - ARRAffinity=20358cd7aa5d6b0695f01ef171fc9a95880154357830e1c6bb513b73834a2e5f;Path=/;HttpOnly;Secure;Domain=mtbatch.nam.microsofttranslator.com
      - ARRAffinitySameSite=20358cd7aa5d6b0695f01ef171fc9a95880154357830e1c6bb513b73834a2e5f;Path=/;HttpOnly;SameSite=None;Secure;Domain=mtbatch.nam.microsofttranslator.com
      strict-transport-security:
      - max-age=31536000; includeSubDomains; preload
      transfer-encoding:
      - chunked
      vary:
      - Accept-Encoding
      x-content-type-options:
      - nosniff
      x-powered-by:
      - ASP.NET
      x-requestid:
      - b1f24499-6e24-44ae-b846-6cb70dea38fe
    status:
      code: 200
      message: OK
- request:
    body: '{"inputs": [{"source": {"sourceUrl": "https://redacted.blob.core.windows.net/srcabfbb430-c285-4982-a3f8-fdca62f38151?se=end&sp=rl&sv=2020-08-04&sr=c&sig=fake_token_value"},
      "targets": [{"targetUrl": "https://redacted.blob.core.windows.net/target35716fda-61a9-4565-97e1-e3e207e18a76?se=end&sp=rw&sv=2020-08-04&sr=c&sig=fake_token_value",
      "language": "es"}]}]}'
    headers:
      Accept:
      - application/json
      Accept-Encoding:
      - gzip, deflate
      Connection:
      - keep-alive
      Content-Length:
      - '468'
      Content-Type:
      - application/json
      User-Agent:
      - azsdk-python-ai-translation-document/1.0.0b2 Python/3.9.0 (Windows-10-10.0.19041-SP0)
    method: POST
    uri: https://redacted.cognitiveservices.azure.com/translator/text/batch/v1.0/batches
  response:
    body:
      string: ''
    headers:
      apim-request-id:
      - 273ecb97-1fbe-41d7-aefa-97256d4a33c9
      content-length:
      - '0'
      date:
      - Wed, 02 Jun 2021 22:59:24 GMT
      operation-location:
      - https://redacted.cognitiveservices.azure.com/translator/text/batch/v1.0/batches/b4d8e002-7ec0-47e8-8c5d-3cc242510c15
      set-cookie:
      - ARRAffinity=0ff46fa6d58b00f2d44b7073721903c0eace480139d8ecfc38f61130af5e1587;Path=/;HttpOnly;Secure;Domain=mtbatch.nam.microsofttranslator.com
      - ARRAffinitySameSite=0ff46fa6d58b00f2d44b7073721903c0eace480139d8ecfc38f61130af5e1587;Path=/;HttpOnly;SameSite=None;Secure;Domain=mtbatch.nam.microsofttranslator.com
      strict-transport-security:
      - max-age=31536000; includeSubDomains; preload
      x-content-type-options:
      - nosniff
      x-powered-by:
      - ASP.NET
      x-requestid:
      - 273ecb97-1fbe-41d7-aefa-97256d4a33c9
    status:
      code: 202
      message: Accepted
- request:
    body: null
    headers:
      Accept:
      - '*/*'
      Accept-Encoding:
      - gzip, deflate
      Connection:
      - keep-alive
      User-Agent:
      - azsdk-python-ai-translation-document/1.0.0b2 Python/3.9.0 (Windows-10-10.0.19041-SP0)
    method: GET
    uri: https://redacted.cognitiveservices.azure.com/translator/text/batch/v1.0/batches/b4d8e002-7ec0-47e8-8c5d-3cc242510c15
  response:
    body:
      string: '{"id":"b4d8e002-7ec0-47e8-8c5d-3cc242510c15","createdDateTimeUtc":"2021-06-02T22:59:24.2566664Z","lastActionDateTimeUtc":"2021-06-02T22:59:27.0584419Z","status":"Succeeded","summary":{"total":1,"failed":0,"success":1,"inProgress":0,"notYetStarted":0,"cancelled":0,"totalCharacterCharged":11}}'
    headers:
      apim-request-id:
      - f9485977-eb39-4416-aadd-3ac92c01628d
      cache-control:
      - public,max-age=1
      content-length:
      - '292'
      content-type:
      - application/json; charset=utf-8
      date:
      - Wed, 02 Jun 2021 22:59:53 GMT
      etag:
      - '"BE0AFF41831BE9D6CE246A4D66CE9C7B669E91652ACD0D24852308F577B80E05"'
      set-cookie:
      - ARRAffinity=20358cd7aa5d6b0695f01ef171fc9a95880154357830e1c6bb513b73834a2e5f;Path=/;HttpOnly;Secure;Domain=mtbatch.nam.microsofttranslator.com
      - ARRAffinitySameSite=20358cd7aa5d6b0695f01ef171fc9a95880154357830e1c6bb513b73834a2e5f;Path=/;HttpOnly;SameSite=None;Secure;Domain=mtbatch.nam.microsofttranslator.com
      strict-transport-security:
      - max-age=31536000; includeSubDomains; preload
      transfer-encoding:
      - chunked
      vary:
      - Accept-Encoding
      x-content-type-options:
      - nosniff
      x-powered-by:
      - ASP.NET
      x-requestid:
      - f9485977-eb39-4416-aadd-3ac92c01628d
    status:
      code: 200
      message: OK
version: 1
