{
  "Entries": [
    {
      "RequestUri": "https://fakeendpoint.blob.core.windows.net/src26ea368a-54d0-4329-afba-4bf33c5712a5?restype=container",
      "RequestMethod": "PUT",
      "RequestHeaders": {
        "Accept": "application/xml",
        "Accept-Encoding": "gzip, deflate",
        "Authorization": "Sanitized",
        "Connection": "keep-alive",
        "Content-Length": "0",
        "User-Agent": "azsdk-python-storage-blob/12.10.0b2 Python/3.10.0 (Windows-10-10.0.22000-SP0)",
        "x-ms-client-request-id": "be29ef63-7e30-11ec-9ad2-b831b58100e8",
        "x-ms-date": "Tue, 25 Jan 2022 22:47:15 GMT",
        "x-ms-version": "2021-02-12"
      },
      "RequestBody": null,
      "StatusCode": 201,
      "ResponseHeaders": {
        "Content-Length": "0",
        "Date": "Tue, 25 Jan 2022 22:47:15 GMT",
        "ETag": "\u00220x8D9E054A265099D\u0022",
        "Last-Modified": "Tue, 25 Jan 2022 22:47:15 GMT",
        "Server": [
          "Windows-Azure-Blob/1.0",
          "Microsoft-HTTPAPI/2.0"
        ],
        "x-ms-client-request-id": "be29ef63-7e30-11ec-9ad2-b831b58100e8",
        "x-ms-request-id": "d01f3f60-201e-005b-383d-120d2f000000",
        "x-ms-version": "2021-02-12"
      },
      "ResponseBody": null
    },
    {
      "RequestUri": "https://fakeendpoint.blob.core.windows.net/src26ea368a-54d0-4329-afba-4bf33c5712a5/85805dc5-c9f6-48e4-9690-1109a24753d8.txt",
      "RequestMethod": "PUT",
      "RequestHeaders": {
        "Accept": "application/xml",
        "Accept-Encoding": "gzip, deflate",
        "Authorization": "Sanitized",
        "Connection": "keep-alive",
        "Content-Length": "27",
        "Content-Type": "application/octet-stream",
        "If-None-Match": "*",
        "User-Agent": "azsdk-python-storage-blob/12.10.0b2 Python/3.10.0 (Windows-10-10.0.22000-SP0)",
        "x-ms-blob-type": "BlockBlob",
        "x-ms-client-request-id": "be37fd8e-7e30-11ec-8fd9-b831b58100e8",
        "x-ms-date": "Tue, 25 Jan 2022 22:47:15 GMT",
        "x-ms-version": "2021-02-12"
      },
      "RequestBody": "VGhpcyBpcyB3cml0dGVuIGluIGVuZ2xpc2gu",
      "StatusCode": 201,
      "ResponseHeaders": {
        "Content-Length": "0",
        "Content-MD5": "mYgA0QpY6baiB\u002BxZp8Hk\u002BA==",
        "Date": "Tue, 25 Jan 2022 22:47:15 GMT",
        "ETag": "\u00220x8D9E054A26B9124\u0022",
        "Last-Modified": "Tue, 25 Jan 2022 22:47:15 GMT",
        "Server": [
          "Windows-Azure-Blob/1.0",
          "Microsoft-HTTPAPI/2.0"
        ],
        "x-ms-client-request-id": "be37fd8e-7e30-11ec-8fd9-b831b58100e8",
        "x-ms-content-crc64": "NB4xBtawP6g=",
        "x-ms-request-id": "d01f3f80-201e-005b-523d-120d2f000000",
        "x-ms-request-server-encrypted": "true",
        "x-ms-version": "2021-02-12"
      },
      "ResponseBody": null
    },
    {
      "RequestUri": "https://fakeendpoint.blob.core.windows.net/src26ea368a-54d0-4329-afba-4bf33c5712a5/c74f4fed-96a4-4a2d-a7e3-8ab175a78230.txt",
      "RequestMethod": "PUT",
      "RequestHeaders": {
        "Accept": "application/xml",
        "Accept-Encoding": "gzip, deflate",
        "Authorization": "Sanitized",
        "Connection": "keep-alive",
        "Content-Length": "27",
        "Content-Type": "application/octet-stream",
        "If-None-Match": "*",
        "User-Agent": "azsdk-python-storage-blob/12.10.0b2 Python/3.10.0 (Windows-10-10.0.22000-SP0)",
        "x-ms-blob-type": "BlockBlob",
        "x-ms-client-request-id": "be3df091-7e30-11ec-b44f-b831b58100e8",
        "x-ms-date": "Tue, 25 Jan 2022 22:47:15 GMT",
        "x-ms-version": "2021-02-12"
      },
      "RequestBody": "VGhpcyBpcyB3cml0dGVuIGluIGVuZ2xpc2gu",
      "StatusCode": 201,
      "ResponseHeaders": {
        "Content-Length": "0",
        "Content-MD5": "mYgA0QpY6baiB\u002BxZp8Hk\u002BA==",
        "Date": "Tue, 25 Jan 2022 22:47:15 GMT",
        "ETag": "\u00220x8D9E054A2715CB6\u0022",
        "Last-Modified": "Tue, 25 Jan 2022 22:47:15 GMT",
        "Server": [
          "Windows-Azure-Blob/1.0",
          "Microsoft-HTTPAPI/2.0"
        ],
        "x-ms-client-request-id": "be3df091-7e30-11ec-b44f-b831b58100e8",
        "x-ms-content-crc64": "NB4xBtawP6g=",
        "x-ms-request-id": "d01f3f91-201e-005b-613d-120d2f000000",
        "x-ms-request-server-encrypted": "true",
        "x-ms-version": "2021-02-12"
      },
      "ResponseBody": null
    },
    {
      "RequestUri": "https://fakeendpoint.blob.core.windows.net/src26ea368a-54d0-4329-afba-4bf33c5712a5/04c746f0-0c24-48de-a9ab-5df99cc483c8.txt",
      "RequestMethod": "PUT",
      "RequestHeaders": {
        "Accept": "application/xml",
        "Accept-Encoding": "gzip, deflate",
        "Authorization": "Sanitized",
        "Connection": "keep-alive",
        "Content-Length": "27",
        "Content-Type": "application/octet-stream",
        "If-None-Match": "*",
        "User-Agent": "azsdk-python-storage-blob/12.10.0b2 Python/3.10.0 (Windows-10-10.0.22000-SP0)",
        "x-ms-blob-type": "BlockBlob",
        "x-ms-client-request-id": "be43bc3e-7e30-11ec-961f-b831b58100e8",
        "x-ms-date": "Tue, 25 Jan 2022 22:47:15 GMT",
        "x-ms-version": "2021-02-12"
      },
      "RequestBody": "VGhpcyBpcyB3cml0dGVuIGluIGVuZ2xpc2gu",
      "StatusCode": 201,
      "ResponseHeaders": {
        "Content-Length": "0",
        "Content-MD5": "mYgA0QpY6baiB\u002BxZp8Hk\u002BA==",
        "Date": "Tue, 25 Jan 2022 22:47:15 GMT",
        "ETag": "\u00220x8D9E054A277764B\u0022",
        "Last-Modified": "Tue, 25 Jan 2022 22:47:15 GMT",
        "Server": [
          "Windows-Azure-Blob/1.0",
          "Microsoft-HTTPAPI/2.0"
        ],
        "x-ms-client-request-id": "be43bc3e-7e30-11ec-961f-b831b58100e8",
        "x-ms-content-crc64": "NB4xBtawP6g=",
        "x-ms-request-id": "d01f3fab-201e-005b-783d-120d2f000000",
        "x-ms-request-server-encrypted": "true",
        "x-ms-version": "2021-02-12"
      },
      "ResponseBody": null
    },
    {
      "RequestUri": "https://fakeendpoint.blob.core.windows.net/src26ea368a-54d0-4329-afba-4bf33c5712a5/d94dd819-14b3-4ee7-8d23-b25359a127c4.txt",
      "RequestMethod": "PUT",
      "RequestHeaders": {
        "Accept": "application/xml",
        "Accept-Encoding": "gzip, deflate",
        "Authorization": "Sanitized",
        "Connection": "keep-alive",
        "Content-Length": "27",
        "Content-Type": "application/octet-stream",
        "If-None-Match": "*",
        "User-Agent": "azsdk-python-storage-blob/12.10.0b2 Python/3.10.0 (Windows-10-10.0.22000-SP0)",
        "x-ms-blob-type": "BlockBlob",
        "x-ms-client-request-id": "be49c7ea-7e30-11ec-af25-b831b58100e8",
        "x-ms-date": "Tue, 25 Jan 2022 22:47:15 GMT",
        "x-ms-version": "2021-02-12"
      },
      "RequestBody": "VGhpcyBpcyB3cml0dGVuIGluIGVuZ2xpc2gu",
      "StatusCode": 201,
      "ResponseHeaders": {
        "Content-Length": "0",
        "Content-MD5": "mYgA0QpY6baiB\u002BxZp8Hk\u002BA==",
        "Date": "Tue, 25 Jan 2022 22:47:15 GMT",
        "ETag": "\u00220x8D9E054A27CF3BF\u0022",
        "Last-Modified": "Tue, 25 Jan 2022 22:47:15 GMT",
        "Server": [
          "Windows-Azure-Blob/1.0",
          "Microsoft-HTTPAPI/2.0"
        ],
        "x-ms-client-request-id": "be49c7ea-7e30-11ec-af25-b831b58100e8",
        "x-ms-content-crc64": "NB4xBtawP6g=",
        "x-ms-request-id": "d01f3fbb-201e-005b-083d-120d2f000000",
        "x-ms-request-server-encrypted": "true",
        "x-ms-version": "2021-02-12"
      },
      "ResponseBody": null
    },
    {
      "RequestUri": "https://fakeendpoint.blob.core.windows.net/src26ea368a-54d0-4329-afba-4bf33c5712a5/753d1098-baad-4003-b8e2-37ad3379482d.txt",
      "RequestMethod": "PUT",
      "RequestHeaders": {
        "Accept": "application/xml",
        "Accept-Encoding": "gzip, deflate",
        "Authorization": "Sanitized",
        "Connection": "keep-alive",
        "Content-Length": "27",
        "Content-Type": "application/octet-stream",
        "If-None-Match": "*",
        "User-Agent": "azsdk-python-storage-blob/12.10.0b2 Python/3.10.0 (Windows-10-10.0.22000-SP0)",
        "x-ms-blob-type": "BlockBlob",
        "x-ms-client-request-id": "be4f8dc6-7e30-11ec-968e-b831b58100e8",
        "x-ms-date": "Tue, 25 Jan 2022 22:47:15 GMT",
        "x-ms-version": "2021-02-12"
      },
      "RequestBody": "VGhpcyBpcyB3cml0dGVuIGluIGVuZ2xpc2gu",
      "StatusCode": 201,
      "ResponseHeaders": {
        "Content-Length": "0",
        "Content-MD5": "mYgA0QpY6baiB\u002BxZp8Hk\u002BA==",
        "Date": "Tue, 25 Jan 2022 22:47:15 GMT",
        "ETag": "\u00220x8D9E054A282BF44\u0022",
        "Last-Modified": "Tue, 25 Jan 2022 22:47:15 GMT",
        "Server": [
          "Windows-Azure-Blob/1.0",
          "Microsoft-HTTPAPI/2.0"
        ],
        "x-ms-client-request-id": "be4f8dc6-7e30-11ec-968e-b831b58100e8",
        "x-ms-content-crc64": "NB4xBtawP6g=",
        "x-ms-request-id": "d01f3fcd-201e-005b-163d-120d2f000000",
        "x-ms-request-server-encrypted": "true",
        "x-ms-version": "2021-02-12"
      },
      "ResponseBody": null
    },
    {
      "RequestUri": "https://fakeendpoint.blob.core.windows.net/src26ea368a-54d0-4329-afba-4bf33c5712a5/ae61175c-3c83-41cd-8568-ddd80f814089.txt",
      "RequestMethod": "PUT",
      "RequestHeaders": {
        "Accept": "application/xml",
        "Accept-Encoding": "gzip, deflate",
        "Authorization": "Sanitized",
        "Connection": "keep-alive",
        "Content-Length": "27",
        "Content-Type": "application/octet-stream",
        "If-None-Match": "*",
        "User-Agent": "azsdk-python-storage-blob/12.10.0b2 Python/3.10.0 (Windows-10-10.0.22000-SP0)",
        "x-ms-blob-type": "BlockBlob",
        "x-ms-client-request-id": "be553e96-7e30-11ec-9712-b831b58100e8",
        "x-ms-date": "Tue, 25 Jan 2022 22:47:15 GMT",
        "x-ms-version": "2021-02-12"
      },
      "RequestBody": "VGhpcyBpcyB3cml0dGVuIGluIGVuZ2xpc2gu",
      "StatusCode": 201,
      "ResponseHeaders": {
        "Content-Length": "0",
        "Content-MD5": "mYgA0QpY6baiB\u002BxZp8Hk\u002BA==",
        "Date": "Tue, 25 Jan 2022 22:47:15 GMT",
        "ETag": "\u00220x8D9E054A288B1D9\u0022",
        "Last-Modified": "Tue, 25 Jan 2022 22:47:15 GMT",
        "Server": [
          "Windows-Azure-Blob/1.0",
          "Microsoft-HTTPAPI/2.0"
        ],
        "x-ms-client-request-id": "be553e96-7e30-11ec-9712-b831b58100e8",
        "x-ms-content-crc64": "NB4xBtawP6g=",
        "x-ms-request-id": "d01f3feb-201e-005b-303d-120d2f000000",
        "x-ms-request-server-encrypted": "true",
        "x-ms-version": "2021-02-12"
      },
      "ResponseBody": null
    },
    {
      "RequestUri": "https://fakeendpoint.blob.core.windows.net/src26ea368a-54d0-4329-afba-4bf33c5712a5/10fddeee-284a-471d-a032-e586425be204.txt",
      "RequestMethod": "PUT",
      "RequestHeaders": {
        "Accept": "application/xml",
        "Accept-Encoding": "gzip, deflate",
        "Authorization": "Sanitized",
        "Connection": "keep-alive",
        "Content-Length": "27",
        "Content-Type": "application/octet-stream",
        "If-None-Match": "*",
        "User-Agent": "azsdk-python-storage-blob/12.10.0b2 Python/3.10.0 (Windows-10-10.0.22000-SP0)",
        "x-ms-blob-type": "BlockBlob",
        "x-ms-client-request-id": "be5b418f-7e30-11ec-aa7a-b831b58100e8",
        "x-ms-date": "Tue, 25 Jan 2022 22:47:15 GMT",
        "x-ms-version": "2021-02-12"
      },
      "RequestBody": "VGhpcyBpcyB3cml0dGVuIGluIGVuZ2xpc2gu",
      "StatusCode": 201,
      "ResponseHeaders": {
        "Content-Length": "0",
        "Content-MD5": "mYgA0QpY6baiB\u002BxZp8Hk\u002BA==",
        "Date": "Tue, 25 Jan 2022 22:47:15 GMT",
        "ETag": "\u00220x8D9E054A29078E8\u0022",
        "Last-Modified": "Tue, 25 Jan 2022 22:47:15 GMT",
        "Server": [
          "Windows-Azure-Blob/1.0",
          "Microsoft-HTTPAPI/2.0"
        ],
        "x-ms-client-request-id": "be5b418f-7e30-11ec-aa7a-b831b58100e8",
        "x-ms-content-crc64": "NB4xBtawP6g=",
        "x-ms-request-id": "d01f3ff7-201e-005b-3c3d-120d2f000000",
        "x-ms-request-server-encrypted": "true",
        "x-ms-version": "2021-02-12"
      },
      "ResponseBody": null
    },
    {
      "RequestUri": "https://fakeendpoint.blob.core.windows.net/src26ea368a-54d0-4329-afba-4bf33c5712a5/a2816157-1e57-4df0-8f34-82ca04011808.txt",
      "RequestMethod": "PUT",
      "RequestHeaders": {
        "Accept": "application/xml",
        "Accept-Encoding": "gzip, deflate",
        "Authorization": "Sanitized",
        "Connection": "keep-alive",
        "Content-Length": "27",
        "Content-Type": "application/octet-stream",
        "If-None-Match": "*",
        "User-Agent": "azsdk-python-storage-blob/12.10.0b2 Python/3.10.0 (Windows-10-10.0.22000-SP0)",
        "x-ms-blob-type": "BlockBlob",
        "x-ms-client-request-id": "be630eec-7e30-11ec-988f-b831b58100e8",
        "x-ms-date": "Tue, 25 Jan 2022 22:47:15 GMT",
        "x-ms-version": "2021-02-12"
      },
      "RequestBody": "VGhpcyBpcyB3cml0dGVuIGluIGVuZ2xpc2gu",
      "StatusCode": 201,
      "ResponseHeaders": {
        "Content-Length": "0",
        "Content-MD5": "mYgA0QpY6baiB\u002BxZp8Hk\u002BA==",
        "Date": "Tue, 25 Jan 2022 22:47:15 GMT",
        "ETag": "\u00220x8D9E054A296E091\u0022",
        "Last-Modified": "Tue, 25 Jan 2022 22:47:15 GMT",
        "Server": [
          "Windows-Azure-Blob/1.0",
          "Microsoft-HTTPAPI/2.0"
        ],
        "x-ms-client-request-id": "be630eec-7e30-11ec-988f-b831b58100e8",
        "x-ms-content-crc64": "NB4xBtawP6g=",
        "x-ms-request-id": "d01f4013-201e-005b-563d-120d2f000000",
        "x-ms-request-server-encrypted": "true",
        "x-ms-version": "2021-02-12"
      },
      "ResponseBody": null
    },
    {
      "RequestUri": "https://fakeendpoint.blob.core.windows.net/src26ea368a-54d0-4329-afba-4bf33c5712a5/80e6d3ec-b29c-4cff-8d16-72125fd01b89.txt",
      "RequestMethod": "PUT",
      "RequestHeaders": {
        "Accept": "application/xml",
        "Accept-Encoding": "gzip, deflate",
        "Authorization": "Sanitized",
        "Connection": "keep-alive",
        "Content-Length": "27",
        "Content-Type": "application/octet-stream",
        "If-None-Match": "*",
        "User-Agent": "azsdk-python-storage-blob/12.10.0b2 Python/3.10.0 (Windows-10-10.0.22000-SP0)",
        "x-ms-blob-type": "BlockBlob",
        "x-ms-client-request-id": "be69b5fb-7e30-11ec-a9a6-b831b58100e8",
        "x-ms-date": "Tue, 25 Jan 2022 22:47:15 GMT",
        "x-ms-version": "2021-02-12"
      },
      "RequestBody": "VGhpcyBpcyB3cml0dGVuIGluIGVuZ2xpc2gu",
      "StatusCode": 201,
      "ResponseHeaders": {
        "Content-Length": "0",
        "Content-MD5": "mYgA0QpY6baiB\u002BxZp8Hk\u002BA==",
        "Date": "Tue, 25 Jan 2022 22:47:15 GMT",
        "ETag": "\u00220x8D9E054A29C851E\u0022",
        "Last-Modified": "Tue, 25 Jan 2022 22:47:15 GMT",
        "Server": [
          "Windows-Azure-Blob/1.0",
          "Microsoft-HTTPAPI/2.0"
        ],
        "x-ms-client-request-id": "be69b5fb-7e30-11ec-a9a6-b831b58100e8",
        "x-ms-content-crc64": "NB4xBtawP6g=",
        "x-ms-request-id": "d01f4030-201e-005b-703d-120d2f000000",
        "x-ms-request-server-encrypted": "true",
        "x-ms-version": "2021-02-12"
      },
      "ResponseBody": null
    },
    {
      "RequestUri": "https://fakeendpoint.blob.core.windows.net/src26ea368a-54d0-4329-afba-4bf33c5712a5/70f05f2b-19a2-49fe-a54b-f2fc6b1bc772.txt",
      "RequestMethod": "PUT",
      "RequestHeaders": {
        "Accept": "application/xml",
        "Accept-Encoding": "gzip, deflate",
        "Authorization": "Sanitized",
        "Connection": "keep-alive",
        "Content-Length": "27",
        "Content-Type": "application/octet-stream",
        "If-None-Match": "*",
        "User-Agent": "azsdk-python-storage-blob/12.10.0b2 Python/3.10.0 (Windows-10-10.0.22000-SP0)",
        "x-ms-blob-type": "BlockBlob",
        "x-ms-client-request-id": "be6f5097-7e30-11ec-bec2-b831b58100e8",
        "x-ms-date": "Tue, 25 Jan 2022 22:47:16 GMT",
        "x-ms-version": "2021-02-12"
      },
      "RequestBody": "VGhpcyBpcyB3cml0dGVuIGluIGVuZ2xpc2gu",
      "StatusCode": 201,
      "ResponseHeaders": {
        "Content-Length": "0",
        "Content-MD5": "mYgA0QpY6baiB\u002BxZp8Hk\u002BA==",
        "Date": "Tue, 25 Jan 2022 22:47:15 GMT",
        "ETag": "\u00220x8D9E054A2A29EA8\u0022",
        "Last-Modified": "Tue, 25 Jan 2022 22:47:16 GMT",
        "Server": [
          "Windows-Azure-Blob/1.0",
          "Microsoft-HTTPAPI/2.0"
        ],
        "x-ms-client-request-id": "be6f5097-7e30-11ec-bec2-b831b58100e8",
        "x-ms-content-crc64": "NB4xBtawP6g=",
        "x-ms-request-id": "d01f4046-201e-005b-043d-120d2f000000",
        "x-ms-request-server-encrypted": "true",
        "x-ms-version": "2021-02-12"
      },
      "ResponseBody": null
    },
    {
      "RequestUri": "https://fakeendpoint.blob.core.windows.net/targetae851d4a-3a0c-4772-87f8-0de440ad7af9?restype=container",
      "RequestMethod": "PUT",
      "RequestHeaders": {
        "Accept": "application/xml",
        "Accept-Encoding": "gzip, deflate",
        "Authorization": "Sanitized",
        "Connection": "keep-alive",
        "Content-Length": "0",
        "User-Agent": "azsdk-python-storage-blob/12.10.0b2 Python/3.10.0 (Windows-10-10.0.22000-SP0)",
        "x-ms-client-request-id": "be8862cd-7e30-11ec-a95d-b831b58100e8",
        "x-ms-date": "Tue, 25 Jan 2022 22:47:16 GMT",
        "x-ms-version": "2021-02-12"
      },
      "RequestBody": null,
      "StatusCode": 201,
      "ResponseHeaders": {
        "Content-Length": "0",
        "Date": "Tue, 25 Jan 2022 22:47:15 GMT",
        "ETag": "\u00220x8D9E054A2BE8E21\u0022",
        "Last-Modified": "Tue, 25 Jan 2022 22:47:16 GMT",
        "Server": [
          "Windows-Azure-Blob/1.0",
          "Microsoft-HTTPAPI/2.0"
        ],
        "x-ms-client-request-id": "be8862cd-7e30-11ec-a95d-b831b58100e8",
        "x-ms-request-id": "d01f40ae-201e-005b-653d-120d2f000000",
        "x-ms-version": "2021-02-12"
      },
      "ResponseBody": null
    },
    {
      "RequestUri": "https://fakeendpoint.cognitiveservices.azure.com/translator/text/batch/v1.0/batches",
      "RequestMethod": "POST",
      "RequestHeaders": {
        "Accept": "application/json",
        "Accept-Encoding": "gzip, deflate",
        "Connection": "keep-alive",
        "Content-Length": "380",
        "Content-Type": "application/json",
        "User-Agent": "azsdk-python-ai-translation-document/1.0.0b6 Python/3.10.0 (Windows-10-10.0.22000-SP0)",
        "x-ms-client-request-id": "bea97523-7e30-11ec-8615-b831b58100e8"
      },
      "RequestBody": {
        "inputs": [
          {
            "source": {
              "sourceUrl": "https://fakeendpoint.blob.core.windows.net/src26ea368a-54d0-4329-afba-4bf33c5712a5?se=end\u0026sp=rl\u0026sv=2021-02-12\u0026sr=c\u0026sig=fake_token_value",
              "filter": {}
            },
            "targets": [
              {
                "targetUrl": "https://fakeendpoint.blob.core.windows.net/targetae851d4a-3a0c-4772-87f8-0de440ad7af9?se=end\u0026sp=wl\u0026sv=2021-02-12\u0026sr=c\u0026sig=fake_token_value",
                "language": "es"
              }
            ]
          }
        ]
      },
      "StatusCode": 202,
      "ResponseHeaders": {
        "apim-request-id": "72caebd5-3d4e-4912-90f4-7a0b39efc37b",
        "Content-Length": "0",
        "Date": "Tue, 25 Jan 2022 22:47:15 GMT",
        "Operation-Location": "https://fakeendpoint.cognitiveservices.azure.com/translator/text/batch/v1.0/batches/2b475210-8f37-48d6-b839-61cfdb310512",
        "Set-Cookie": [
          "ARRAffinity=748a2cefe0e94b92294828d7237123826b9552ab7a870cd971e8858b6fa6e96a;Path=/;HttpOnly;Secure;Domain=mtbatch.nam.microsofttranslator.com",
          "ARRAffinitySameSite=748a2cefe0e94b92294828d7237123826b9552ab7a870cd971e8858b6fa6e96a;Path=/;HttpOnly;SameSite=None;Secure;Domain=mtbatch.nam.microsofttranslator.com"
        ],
        "Strict-Transport-Security": "max-age=31536000; includeSubDomains; preload",
        "X-Content-Type-Options": "nosniff",
        "X-Powered-By": "ASP.NET",
        "X-RequestId": "72caebd5-3d4e-4912-90f4-7a0b39efc37b"
      },
      "ResponseBody": null
    },
    {
      "RequestUri": "https://fakeendpoint.cognitiveservices.azure.com/translator/text/batch/v1.0/batches/2b475210-8f37-48d6-b839-61cfdb310512",
      "RequestMethod": "GET",
      "RequestHeaders": {
        "Accept": "*/*",
        "Accept-Encoding": "gzip, deflate",
        "Connection": "keep-alive",
        "User-Agent": "azsdk-python-ai-translation-document/1.0.0b6 Python/3.10.0 (Windows-10-10.0.22000-SP0)",
        "x-ms-client-request-id": "bea97523-7e30-11ec-8615-b831b58100e8"
      },
      "RequestBody": null,
      "StatusCode": 200,
      "ResponseHeaders": {
        "apim-request-id": "796b6e82-ba1c-4e61-a569-b39568ccd649",
        "Cache-Control": "public, max-age=1",
        "Content-Encoding": "gzip",
        "Content-Type": "application/json; charset=utf-8",
        "Date": "Tue, 25 Jan 2022 22:47:16 GMT",
        "ETag": "\u0022CA2E1E69D076EF8BF247AA94BEF9B18C64C049AE9034273CAA2BC7DEEB60FD12\u0022",
        "Set-Cookie": [
          "ARRAffinity=b43e80ef1fbcb9f9d446cbc61b366e02dafefc2a9addab525b1fc3eda44b27b2;Path=/;HttpOnly;Secure;Domain=mtbatch.nam.microsofttranslator.com",
          "ARRAffinitySameSite=b43e80ef1fbcb9f9d446cbc61b366e02dafefc2a9addab525b1fc3eda44b27b2;Path=/;HttpOnly;SameSite=None;Secure;Domain=mtbatch.nam.microsofttranslator.com"
        ],
        "Strict-Transport-Security": "max-age=31536000; includeSubDomains; preload",
        "Transfer-Encoding": "chunked",
        "Vary": "Accept-Encoding",
        "X-Content-Type-Options": "nosniff",
        "X-Powered-By": "ASP.NET",
        "X-RequestId": "796b6e82-ba1c-4e61-a569-b39568ccd649"
      },
      "ResponseBody": {
        "id": "2b475210-8f37-48d6-b839-61cfdb310512",
        "createdDateTimeUtc": "2022-01-25T22:47:16.4194207Z",
        "lastActionDateTimeUtc": "2022-01-25T22:47:17.4054634Z",
        "status": "Running",
        "summary": {
          "total": 10,
          "failed": 0,
          "success": 0,
          "inProgress": 8,
          "notYetStarted": 2,
          "cancelled": 0,
          "totalCharacterCharged": 0
        }
      }
    },
    {
      "RequestUri": "https://fakeendpoint.cognitiveservices.azure.com/translator/text/batch/v1.0/batches/2b475210-8f37-48d6-b839-61cfdb310512",
      "RequestMethod": "GET",
      "RequestHeaders": {
        "Accept": "*/*",
        "Accept-Encoding": "gzip, deflate",
        "Connection": "keep-alive",
        "User-Agent": "azsdk-python-ai-translation-document/1.0.0b6 Python/3.10.0 (Windows-10-10.0.22000-SP0)",
        "x-ms-client-request-id": "bea97523-7e30-11ec-8615-b831b58100e8"
      },
      "RequestBody": null,
      "StatusCode": 200,
      "ResponseHeaders": {
        "apim-request-id": "256e4d5f-9801-4732-ae27-e277b868cd08",
        "Cache-Control": "public, max-age=1",
        "Content-Encoding": "gzip",
        "Content-Type": "application/json; charset=utf-8",
        "Date": "Tue, 25 Jan 2022 22:47:17 GMT",
        "ETag": "\u0022ABF672AA6A5D40D4D0139BEA73B45C6DEE39F1DDAD4DB16992220CAA1457F09E\u0022",
        "Set-Cookie": [
          "ARRAffinity=748a2cefe0e94b92294828d7237123826b9552ab7a870cd971e8858b6fa6e96a;Path=/;HttpOnly;Secure;Domain=mtbatch.nam.microsofttranslator.com",
          "ARRAffinitySameSite=748a2cefe0e94b92294828d7237123826b9552ab7a870cd971e8858b6fa6e96a;Path=/;HttpOnly;SameSite=None;Secure;Domain=mtbatch.nam.microsofttranslator.com"
        ],
        "Strict-Transport-Security": "max-age=31536000; includeSubDomains; preload",
        "Transfer-Encoding": "chunked",
        "Vary": "Accept-Encoding",
        "X-Content-Type-Options": "nosniff",
        "X-Powered-By": "ASP.NET",
        "X-RequestId": "256e4d5f-9801-4732-ae27-e277b868cd08"
      },
      "ResponseBody": {
        "id": "2b475210-8f37-48d6-b839-61cfdb310512",
        "createdDateTimeUtc": "2022-01-25T22:47:16.4194207Z",
        "lastActionDateTimeUtc": "2022-01-25T22:47:17.9869477Z",
        "status": "Running",
        "summary": {
          "total": 10,
          "failed": 0,
          "success": 0,
          "inProgress": 10,
          "notYetStarted": 0,
          "cancelled": 0,
          "totalCharacterCharged": 0
        }
      }
    },
    {
      "RequestUri": "https://fakeendpoint.cognitiveservices.azure.com/translator/text/batch/v1.0/batches/2b475210-8f37-48d6-b839-61cfdb310512",
      "RequestMethod": "GET",
      "RequestHeaders": {
        "Accept": "*/*",
        "Accept-Encoding": "gzip, deflate",
        "Connection": "keep-alive",
        "User-Agent": "azsdk-python-ai-translation-document/1.0.0b6 Python/3.10.0 (Windows-10-10.0.22000-SP0)",
        "x-ms-client-request-id": "bea97523-7e30-11ec-8615-b831b58100e8"
      },
      "RequestBody": null,
      "StatusCode": 200,
      "ResponseHeaders": {
        "apim-request-id": "a96d8beb-8a38-45de-9ef6-b11a32be26f0",
        "Cache-Control": "public, max-age=1",
        "Content-Encoding": "gzip",
        "Content-Type": "application/json; charset=utf-8",
        "Date": "Tue, 25 Jan 2022 22:47:18 GMT",
        "ETag": "\u0022ABF672AA6A5D40D4D0139BEA73B45C6DEE39F1DDAD4DB16992220CAA1457F09E\u0022",
        "Set-Cookie": [
          "ARRAffinity=b43e80ef1fbcb9f9d446cbc61b366e02dafefc2a9addab525b1fc3eda44b27b2;Path=/;HttpOnly;Secure;Domain=mtbatch.nam.microsofttranslator.com",
          "ARRAffinitySameSite=b43e80ef1fbcb9f9d446cbc61b366e02dafefc2a9addab525b1fc3eda44b27b2;Path=/;HttpOnly;SameSite=None;Secure;Domain=mtbatch.nam.microsofttranslator.com"
        ],
        "Strict-Transport-Security": "max-age=31536000; includeSubDomains; preload",
        "Transfer-Encoding": "chunked",
        "Vary": "Accept-Encoding",
        "X-Content-Type-Options": "nosniff",
        "X-Powered-By": "ASP.NET",
        "X-RequestId": "a96d8beb-8a38-45de-9ef6-b11a32be26f0"
      },
      "ResponseBody": {
        "id": "2b475210-8f37-48d6-b839-61cfdb310512",
        "createdDateTimeUtc": "2022-01-25T22:47:16.4194207Z",
        "lastActionDateTimeUtc": "2022-01-25T22:47:17.9869477Z",
        "status": "Running",
        "summary": {
          "total": 10,
          "failed": 0,
          "success": 0,
          "inProgress": 10,
          "notYetStarted": 0,
          "cancelled": 0,
          "totalCharacterCharged": 0
        }
      }
    },
    {
      "RequestUri": "https://fakeendpoint.cognitiveservices.azure.com/translator/text/batch/v1.0/batches/2b475210-8f37-48d6-b839-61cfdb310512",
      "RequestMethod": "GET",
      "RequestHeaders": {
        "Accept": "*/*",
        "Accept-Encoding": "gzip, deflate",
        "Connection": "keep-alive",
        "User-Agent": "azsdk-python-ai-translation-document/1.0.0b6 Python/3.10.0 (Windows-10-10.0.22000-SP0)",
        "x-ms-client-request-id": "bea97523-7e30-11ec-8615-b831b58100e8"
      },
      "RequestBody": null,
      "StatusCode": 200,
      "ResponseHeaders": {
        "apim-request-id": "2fcff04b-c020-4f42-a615-27258b4c8752",
        "Cache-Control": "public, max-age=1",
        "Content-Encoding": "gzip",
        "Content-Type": "application/json; charset=utf-8",
        "Date": "Tue, 25 Jan 2022 22:47:19 GMT",
        "ETag": "\u0022ABF672AA6A5D40D4D0139BEA73B45C6DEE39F1DDAD4DB16992220CAA1457F09E\u0022",
        "Set-Cookie": [
          "ARRAffinity=748a2cefe0e94b92294828d7237123826b9552ab7a870cd971e8858b6fa6e96a;Path=/;HttpOnly;Secure;Domain=mtbatch.nam.microsofttranslator.com",
          "ARRAffinitySameSite=748a2cefe0e94b92294828d7237123826b9552ab7a870cd971e8858b6fa6e96a;Path=/;HttpOnly;SameSite=None;Secure;Domain=mtbatch.nam.microsofttranslator.com"
        ],
        "Strict-Transport-Security": "max-age=31536000; includeSubDomains; preload",
        "Transfer-Encoding": "chunked",
        "Vary": "Accept-Encoding",
        "X-Content-Type-Options": "nosniff",
        "X-Powered-By": "ASP.NET",
        "X-RequestId": "2fcff04b-c020-4f42-a615-27258b4c8752"
      },
      "ResponseBody": {
        "id": "2b475210-8f37-48d6-b839-61cfdb310512",
        "createdDateTimeUtc": "2022-01-25T22:47:16.4194207Z",
        "lastActionDateTimeUtc": "2022-01-25T22:47:17.9869477Z",
        "status": "Running",
        "summary": {
          "total": 10,
          "failed": 0,
          "success": 0,
          "inProgress": 10,
          "notYetStarted": 0,
          "cancelled": 0,
          "totalCharacterCharged": 0
        }
      }
    },
    {
      "RequestUri": "https://fakeendpoint.cognitiveservices.azure.com/translator/text/batch/v1.0/batches/2b475210-8f37-48d6-b839-61cfdb310512",
      "RequestMethod": "GET",
      "RequestHeaders": {
        "Accept": "*/*",
        "Accept-Encoding": "gzip, deflate",
        "Connection": "keep-alive",
        "User-Agent": "azsdk-python-ai-translation-document/1.0.0b6 Python/3.10.0 (Windows-10-10.0.22000-SP0)",
        "x-ms-client-request-id": "bea97523-7e30-11ec-8615-b831b58100e8"
      },
      "RequestBody": null,
      "StatusCode": 200,
      "ResponseHeaders": {
        "apim-request-id": "f83cc2bc-e6b5-49ff-b6a3-a237efc960ef",
        "Cache-Control": "public, max-age=1",
        "Content-Encoding": "gzip",
        "Content-Type": "application/json; charset=utf-8",
        "Date": "Tue, 25 Jan 2022 22:47:20 GMT",
        "ETag": "\u0022ABF672AA6A5D40D4D0139BEA73B45C6DEE39F1DDAD4DB16992220CAA1457F09E\u0022",
        "Set-Cookie": [
          "ARRAffinity=b43e80ef1fbcb9f9d446cbc61b366e02dafefc2a9addab525b1fc3eda44b27b2;Path=/;HttpOnly;Secure;Domain=mtbatch.nam.microsofttranslator.com",
          "ARRAffinitySameSite=b43e80ef1fbcb9f9d446cbc61b366e02dafefc2a9addab525b1fc3eda44b27b2;Path=/;HttpOnly;SameSite=None;Secure;Domain=mtbatch.nam.microsofttranslator.com"
        ],
        "Strict-Transport-Security": "max-age=31536000; includeSubDomains; preload",
        "Transfer-Encoding": "chunked",
        "Vary": "Accept-Encoding",
        "X-Content-Type-Options": "nosniff",
        "X-Powered-By": "ASP.NET",
        "X-RequestId": "f83cc2bc-e6b5-49ff-b6a3-a237efc960ef"
      },
      "ResponseBody": {
        "id": "2b475210-8f37-48d6-b839-61cfdb310512",
        "createdDateTimeUtc": "2022-01-25T22:47:16.4194207Z",
        "lastActionDateTimeUtc": "2022-01-25T22:47:17.9869477Z",
        "status": "Running",
        "summary": {
          "total": 10,
          "failed": 0,
          "success": 0,
          "inProgress": 10,
          "notYetStarted": 0,
          "cancelled": 0,
          "totalCharacterCharged": 0
        }
      }
    },
    {
      "RequestUri": "https://fakeendpoint.cognitiveservices.azure.com/translator/text/batch/v1.0/batches/2b475210-8f37-48d6-b839-61cfdb310512",
      "RequestMethod": "GET",
      "RequestHeaders": {
        "Accept": "*/*",
        "Accept-Encoding": "gzip, deflate",
        "Connection": "keep-alive",
        "User-Agent": "azsdk-python-ai-translation-document/1.0.0b6 Python/3.10.0 (Windows-10-10.0.22000-SP0)",
        "x-ms-client-request-id": "bea97523-7e30-11ec-8615-b831b58100e8"
      },
      "RequestBody": null,
      "StatusCode": 200,
      "ResponseHeaders": {
        "apim-request-id": "ad9565a6-d373-4b52-8973-41c6382df1ce",
        "Cache-Control": "public, max-age=1",
        "Content-Encoding": "gzip",
        "Content-Type": "application/json; charset=utf-8",
        "Date": "Tue, 25 Jan 2022 22:47:21 GMT",
        "ETag": "\u0022ABF672AA6A5D40D4D0139BEA73B45C6DEE39F1DDAD4DB16992220CAA1457F09E\u0022",
        "Set-Cookie": [
          "ARRAffinity=b43e80ef1fbcb9f9d446cbc61b366e02dafefc2a9addab525b1fc3eda44b27b2;Path=/;HttpOnly;Secure;Domain=mtbatch.nam.microsofttranslator.com",
          "ARRAffinitySameSite=b43e80ef1fbcb9f9d446cbc61b366e02dafefc2a9addab525b1fc3eda44b27b2;Path=/;HttpOnly;SameSite=None;Secure;Domain=mtbatch.nam.microsofttranslator.com"
        ],
        "Strict-Transport-Security": "max-age=31536000; includeSubDomains; preload",
        "Transfer-Encoding": "chunked",
        "Vary": "Accept-Encoding",
        "X-Content-Type-Options": "nosniff",
        "X-Powered-By": "ASP.NET",
        "X-RequestId": "ad9565a6-d373-4b52-8973-41c6382df1ce"
      },
      "ResponseBody": {
        "id": "2b475210-8f37-48d6-b839-61cfdb310512",
        "createdDateTimeUtc": "2022-01-25T22:47:16.4194207Z",
        "lastActionDateTimeUtc": "2022-01-25T22:47:17.9869477Z",
        "status": "Running",
        "summary": {
          "total": 10,
          "failed": 0,
          "success": 0,
          "inProgress": 10,
          "notYetStarted": 0,
          "cancelled": 0,
          "totalCharacterCharged": 0
        }
      }
    },
    {
      "RequestUri": "https://fakeendpoint.cognitiveservices.azure.com/translator/text/batch/v1.0/batches/2b475210-8f37-48d6-b839-61cfdb310512",
      "RequestMethod": "GET",
      "RequestHeaders": {
        "Accept": "*/*",
        "Accept-Encoding": "gzip, deflate",
        "Connection": "keep-alive",
        "User-Agent": "azsdk-python-ai-translation-document/1.0.0b6 Python/3.10.0 (Windows-10-10.0.22000-SP0)",
        "x-ms-client-request-id": "bea97523-7e30-11ec-8615-b831b58100e8"
      },
      "RequestBody": null,
      "StatusCode": 200,
      "ResponseHeaders": {
        "apim-request-id": "fd5139e9-ac9f-430b-a7bb-b96468c9dc92",
        "Cache-Control": "public, max-age=1",
        "Content-Encoding": "gzip",
        "Content-Type": "application/json; charset=utf-8",
        "Date": "Tue, 25 Jan 2022 22:47:23 GMT",
        "ETag": "\u0022ABF672AA6A5D40D4D0139BEA73B45C6DEE39F1DDAD4DB16992220CAA1457F09E\u0022",
        "Set-Cookie": [
          "ARRAffinity=748a2cefe0e94b92294828d7237123826b9552ab7a870cd971e8858b6fa6e96a;Path=/;HttpOnly;Secure;Domain=mtbatch.nam.microsofttranslator.com",
          "ARRAffinitySameSite=748a2cefe0e94b92294828d7237123826b9552ab7a870cd971e8858b6fa6e96a;Path=/;HttpOnly;SameSite=None;Secure;Domain=mtbatch.nam.microsofttranslator.com"
        ],
        "Strict-Transport-Security": "max-age=31536000; includeSubDomains; preload",
        "Transfer-Encoding": "chunked",
        "Vary": "Accept-Encoding",
        "X-Content-Type-Options": "nosniff",
        "X-Powered-By": "ASP.NET",
        "X-RequestId": "fd5139e9-ac9f-430b-a7bb-b96468c9dc92"
      },
      "ResponseBody": {
        "id": "2b475210-8f37-48d6-b839-61cfdb310512",
        "createdDateTimeUtc": "2022-01-25T22:47:16.4194207Z",
        "lastActionDateTimeUtc": "2022-01-25T22:47:17.9869477Z",
        "status": "Running",
        "summary": {
          "total": 10,
          "failed": 0,
          "success": 0,
          "inProgress": 10,
          "notYetStarted": 0,
          "cancelled": 0,
          "totalCharacterCharged": 0
        }
      }
    },
    {
      "RequestUri": "https://fakeendpoint.cognitiveservices.azure.com/translator/text/batch/v1.0/batches/2b475210-8f37-48d6-b839-61cfdb310512",
      "RequestMethod": "GET",
      "RequestHeaders": {
        "Accept": "*/*",
        "Accept-Encoding": "gzip, deflate",
        "Connection": "keep-alive",
        "User-Agent": "azsdk-python-ai-translation-document/1.0.0b6 Python/3.10.0 (Windows-10-10.0.22000-SP0)",
        "x-ms-client-request-id": "bea97523-7e30-11ec-8615-b831b58100e8"
      },
      "RequestBody": null,
      "StatusCode": 200,
      "ResponseHeaders": {
        "apim-request-id": "e1f34f1b-8176-42e3-b788-655ffe7568d8",
        "Cache-Control": "public, max-age=1",
        "Content-Encoding": "gzip",
        "Content-Type": "application/json; charset=utf-8",
        "Date": "Tue, 25 Jan 2022 22:47:24 GMT",
        "ETag": "\u0022ABF672AA6A5D40D4D0139BEA73B45C6DEE39F1DDAD4DB16992220CAA1457F09E\u0022",
        "Set-Cookie": [
          "ARRAffinity=b43e80ef1fbcb9f9d446cbc61b366e02dafefc2a9addab525b1fc3eda44b27b2;Path=/;HttpOnly;Secure;Domain=mtbatch.nam.microsofttranslator.com",
          "ARRAffinitySameSite=b43e80ef1fbcb9f9d446cbc61b366e02dafefc2a9addab525b1fc3eda44b27b2;Path=/;HttpOnly;SameSite=None;Secure;Domain=mtbatch.nam.microsofttranslator.com"
        ],
        "Strict-Transport-Security": "max-age=31536000; includeSubDomains; preload",
        "Transfer-Encoding": "chunked",
        "Vary": "Accept-Encoding",
        "X-Content-Type-Options": "nosniff",
        "X-Powered-By": "ASP.NET",
        "X-RequestId": "e1f34f1b-8176-42e3-b788-655ffe7568d8"
      },
      "ResponseBody": {
        "id": "2b475210-8f37-48d6-b839-61cfdb310512",
        "createdDateTimeUtc": "2022-01-25T22:47:16.4194207Z",
        "lastActionDateTimeUtc": "2022-01-25T22:47:17.9869477Z",
        "status": "Running",
        "summary": {
          "total": 10,
          "failed": 0,
          "success": 0,
          "inProgress": 10,
          "notYetStarted": 0,
          "cancelled": 0,
          "totalCharacterCharged": 0
        }
      }
    },
    {
      "RequestUri": "https://fakeendpoint.cognitiveservices.azure.com/translator/text/batch/v1.0/batches/2b475210-8f37-48d6-b839-61cfdb310512",
      "RequestMethod": "GET",
      "RequestHeaders": {
        "Accept": "*/*",
        "Accept-Encoding": "gzip, deflate",
        "Connection": "keep-alive",
        "User-Agent": "azsdk-python-ai-translation-document/1.0.0b6 Python/3.10.0 (Windows-10-10.0.22000-SP0)",
        "x-ms-client-request-id": "bea97523-7e30-11ec-8615-b831b58100e8"
      },
      "RequestBody": null,
      "StatusCode": 200,
      "ResponseHeaders": {
        "apim-request-id": "0b04e84c-6bd5-4700-95eb-d918e0e5461e",
        "Cache-Control": "public, max-age=1",
        "Content-Encoding": "gzip",
        "Content-Type": "application/json; charset=utf-8",
        "Date": "Tue, 25 Jan 2022 22:47:26 GMT",
        "ETag": "\u0022ABF672AA6A5D40D4D0139BEA73B45C6DEE39F1DDAD4DB16992220CAA1457F09E\u0022",
        "Set-Cookie": [
          "ARRAffinity=748a2cefe0e94b92294828d7237123826b9552ab7a870cd971e8858b6fa6e96a;Path=/;HttpOnly;Secure;Domain=mtbatch.nam.microsofttranslator.com",
          "ARRAffinitySameSite=748a2cefe0e94b92294828d7237123826b9552ab7a870cd971e8858b6fa6e96a;Path=/;HttpOnly;SameSite=None;Secure;Domain=mtbatch.nam.microsofttranslator.com"
        ],
        "Strict-Transport-Security": "max-age=31536000; includeSubDomains; preload",
        "Transfer-Encoding": "chunked",
        "Vary": "Accept-Encoding",
        "X-Content-Type-Options": "nosniff",
        "X-Powered-By": "ASP.NET",
        "X-RequestId": "0b04e84c-6bd5-4700-95eb-d918e0e5461e"
      },
      "ResponseBody": {
        "id": "2b475210-8f37-48d6-b839-61cfdb310512",
        "createdDateTimeUtc": "2022-01-25T22:47:16.4194207Z",
        "lastActionDateTimeUtc": "2022-01-25T22:47:17.9869477Z",
        "status": "Running",
        "summary": {
          "total": 10,
          "failed": 0,
          "success": 0,
          "inProgress": 10,
          "notYetStarted": 0,
          "cancelled": 0,
          "totalCharacterCharged": 0
        }
      }
    },
    {
      "RequestUri": "https://fakeendpoint.cognitiveservices.azure.com/translator/text/batch/v1.0/batches/2b475210-8f37-48d6-b839-61cfdb310512",
      "RequestMethod": "GET",
      "RequestHeaders": {
        "Accept": "*/*",
        "Accept-Encoding": "gzip, deflate",
        "Connection": "keep-alive",
        "User-Agent": "azsdk-python-ai-translation-document/1.0.0b6 Python/3.10.0 (Windows-10-10.0.22000-SP0)",
        "x-ms-client-request-id": "bea97523-7e30-11ec-8615-b831b58100e8"
      },
      "RequestBody": null,
      "StatusCode": 200,
      "ResponseHeaders": {
        "apim-request-id": "7c86af9e-3493-419c-b5f2-8cd65afbdf24",
        "Cache-Control": "public, max-age=1",
        "Content-Encoding": "gzip",
        "Content-Type": "application/json; charset=utf-8",
        "Date": "Tue, 25 Jan 2022 22:47:27 GMT",
        "ETag": "\u0022ABF672AA6A5D40D4D0139BEA73B45C6DEE39F1DDAD4DB16992220CAA1457F09E\u0022",
        "Set-Cookie": [
          "ARRAffinity=b43e80ef1fbcb9f9d446cbc61b366e02dafefc2a9addab525b1fc3eda44b27b2;Path=/;HttpOnly;Secure;Domain=mtbatch.nam.microsofttranslator.com",
          "ARRAffinitySameSite=b43e80ef1fbcb9f9d446cbc61b366e02dafefc2a9addab525b1fc3eda44b27b2;Path=/;HttpOnly;SameSite=None;Secure;Domain=mtbatch.nam.microsofttranslator.com"
        ],
        "Strict-Transport-Security": "max-age=31536000; includeSubDomains; preload",
        "Transfer-Encoding": "chunked",
        "Vary": "Accept-Encoding",
        "X-Content-Type-Options": "nosniff",
        "X-Powered-By": "ASP.NET",
        "X-RequestId": "7c86af9e-3493-419c-b5f2-8cd65afbdf24"
      },
      "ResponseBody": {
        "id": "2b475210-8f37-48d6-b839-61cfdb310512",
        "createdDateTimeUtc": "2022-01-25T22:47:16.4194207Z",
        "lastActionDateTimeUtc": "2022-01-25T22:47:17.9869477Z",
        "status": "Running",
        "summary": {
          "total": 10,
          "failed": 0,
          "success": 0,
          "inProgress": 10,
          "notYetStarted": 0,
          "cancelled": 0,
          "totalCharacterCharged": 0
        }
      }
    },
    {
      "RequestUri": "https://fakeendpoint.cognitiveservices.azure.com/translator/text/batch/v1.0/batches/2b475210-8f37-48d6-b839-61cfdb310512",
      "RequestMethod": "GET",
      "RequestHeaders": {
        "Accept": "*/*",
        "Accept-Encoding": "gzip, deflate",
        "Connection": "keep-alive",
        "User-Agent": "azsdk-python-ai-translation-document/1.0.0b6 Python/3.10.0 (Windows-10-10.0.22000-SP0)",
        "x-ms-client-request-id": "bea97523-7e30-11ec-8615-b831b58100e8"
      },
      "RequestBody": null,
      "StatusCode": 200,
      "ResponseHeaders": {
        "apim-request-id": "247060c3-47d6-4afa-8d3b-999835f1ff68",
        "Cache-Control": "public, max-age=1",
        "Content-Encoding": "gzip",
        "Content-Type": "application/json; charset=utf-8",
        "Date": "Tue, 25 Jan 2022 22:47:28 GMT",
        "ETag": "\u0022ABF672AA6A5D40D4D0139BEA73B45C6DEE39F1DDAD4DB16992220CAA1457F09E\u0022",
        "Set-Cookie": [
          "ARRAffinity=748a2cefe0e94b92294828d7237123826b9552ab7a870cd971e8858b6fa6e96a;Path=/;HttpOnly;Secure;Domain=mtbatch.nam.microsofttranslator.com",
          "ARRAffinitySameSite=748a2cefe0e94b92294828d7237123826b9552ab7a870cd971e8858b6fa6e96a;Path=/;HttpOnly;SameSite=None;Secure;Domain=mtbatch.nam.microsofttranslator.com"
        ],
        "Strict-Transport-Security": "max-age=31536000; includeSubDomains; preload",
        "Transfer-Encoding": "chunked",
        "Vary": "Accept-Encoding",
        "X-Content-Type-Options": "nosniff",
        "X-Powered-By": "ASP.NET",
        "X-RequestId": "247060c3-47d6-4afa-8d3b-999835f1ff68"
      },
      "ResponseBody": {
        "id": "2b475210-8f37-48d6-b839-61cfdb310512",
        "createdDateTimeUtc": "2022-01-25T22:47:16.4194207Z",
        "lastActionDateTimeUtc": "2022-01-25T22:47:17.9869477Z",
        "status": "Running",
        "summary": {
          "total": 10,
          "failed": 0,
          "success": 0,
          "inProgress": 10,
          "notYetStarted": 0,
          "cancelled": 0,
          "totalCharacterCharged": 0
        }
      }
    },
    {
      "RequestUri": "https://fakeendpoint.cognitiveservices.azure.com/translator/text/batch/v1.0/batches/2b475210-8f37-48d6-b839-61cfdb310512",
      "RequestMethod": "GET",
      "RequestHeaders": {
        "Accept": "*/*",
        "Accept-Encoding": "gzip, deflate",
        "Connection": "keep-alive",
        "User-Agent": "azsdk-python-ai-translation-document/1.0.0b6 Python/3.10.0 (Windows-10-10.0.22000-SP0)",
        "x-ms-client-request-id": "bea97523-7e30-11ec-8615-b831b58100e8"
      },
      "RequestBody": null,
      "StatusCode": 200,
      "ResponseHeaders": {
        "apim-request-id": "0dc3076c-ff33-4595-a291-a47e52b8d432",
        "Cache-Control": "public, max-age=1",
        "Content-Encoding": "gzip",
        "Content-Type": "application/json; charset=utf-8",
        "Date": "Tue, 25 Jan 2022 22:47:29 GMT",
        "ETag": "\u0022ABF672AA6A5D40D4D0139BEA73B45C6DEE39F1DDAD4DB16992220CAA1457F09E\u0022",
        "Set-Cookie": [
          "ARRAffinity=b43e80ef1fbcb9f9d446cbc61b366e02dafefc2a9addab525b1fc3eda44b27b2;Path=/;HttpOnly;Secure;Domain=mtbatch.nam.microsofttranslator.com",
          "ARRAffinitySameSite=b43e80ef1fbcb9f9d446cbc61b366e02dafefc2a9addab525b1fc3eda44b27b2;Path=/;HttpOnly;SameSite=None;Secure;Domain=mtbatch.nam.microsofttranslator.com"
        ],
        "Strict-Transport-Security": "max-age=31536000; includeSubDomains; preload",
        "Transfer-Encoding": "chunked",
        "Vary": "Accept-Encoding",
        "X-Content-Type-Options": "nosniff",
        "X-Powered-By": "ASP.NET",
        "X-RequestId": "0dc3076c-ff33-4595-a291-a47e52b8d432"
      },
      "ResponseBody": {
        "id": "2b475210-8f37-48d6-b839-61cfdb310512",
        "createdDateTimeUtc": "2022-01-25T22:47:16.4194207Z",
        "lastActionDateTimeUtc": "2022-01-25T22:47:17.9869477Z",
        "status": "Running",
        "summary": {
          "total": 10,
          "failed": 0,
          "success": 0,
          "inProgress": 10,
          "notYetStarted": 0,
          "cancelled": 0,
          "totalCharacterCharged": 0
        }
      }
    },
    {
      "RequestUri": "https://fakeendpoint.cognitiveservices.azure.com/translator/text/batch/v1.0/batches/2b475210-8f37-48d6-b839-61cfdb310512",
      "RequestMethod": "GET",
      "RequestHeaders": {
        "Accept": "*/*",
        "Accept-Encoding": "gzip, deflate",
        "Connection": "keep-alive",
        "User-Agent": "azsdk-python-ai-translation-document/1.0.0b6 Python/3.10.0 (Windows-10-10.0.22000-SP0)",
        "x-ms-client-request-id": "bea97523-7e30-11ec-8615-b831b58100e8"
      },
      "RequestBody": null,
      "StatusCode": 200,
      "ResponseHeaders": {
        "apim-request-id": "538fce86-89d6-4a04-aa77-20701a8a770a",
        "Cache-Control": "public, max-age=1",
        "Content-Encoding": "gzip",
        "Content-Type": "application/json; charset=utf-8",
        "Date": "Tue, 25 Jan 2022 22:47:30 GMT",
        "ETag": "\u00222620F386330A7494A331A24EABC815A635668163D37323FF0467C1DBABDBA114\u0022",
        "Set-Cookie": [
          "ARRAffinity=748a2cefe0e94b92294828d7237123826b9552ab7a870cd971e8858b6fa6e96a;Path=/;HttpOnly;Secure;Domain=mtbatch.nam.microsofttranslator.com",
          "ARRAffinitySameSite=748a2cefe0e94b92294828d7237123826b9552ab7a870cd971e8858b6fa6e96a;Path=/;HttpOnly;SameSite=None;Secure;Domain=mtbatch.nam.microsofttranslator.com"
        ],
        "Strict-Transport-Security": "max-age=31536000; includeSubDomains; preload",
        "Transfer-Encoding": "chunked",
        "Vary": "Accept-Encoding",
        "X-Content-Type-Options": "nosniff",
        "X-Powered-By": "ASP.NET",
        "X-RequestId": "538fce86-89d6-4a04-aa77-20701a8a770a"
      },
      "ResponseBody": {
        "id": "2b475210-8f37-48d6-b839-61cfdb310512",
        "createdDateTimeUtc": "2022-01-25T22:47:16.4194207Z",
        "lastActionDateTimeUtc": "2022-01-25T22:47:30.2921253Z",
        "status": "Succeeded",
        "summary": {
          "total": 10,
          "failed": 0,
          "success": 10,
          "inProgress": 0,
          "notYetStarted": 0,
          "cancelled": 0,
          "totalCharacterCharged": 270
        }
      }
    },
    {
      "RequestUri": "https://fakeendpoint.cognitiveservices.azure.com/translator/text/batch/v1.0/batches/2b475210-8f37-48d6-b839-61cfdb310512/documents?$skip=0",
      "RequestMethod": "GET",
      "RequestHeaders": {
        "Accept": "application/json",
        "Accept-Encoding": "gzip, deflate",
        "Connection": "keep-alive",
        "User-Agent": "azsdk-python-ai-translation-document/1.0.0b6 Python/3.10.0 (Windows-10-10.0.22000-SP0)",
        "x-ms-client-request-id": "c70e6e62-7e30-11ec-bf5c-b831b58100e8"
      },
      "RequestBody": null,
      "StatusCode": 200,
      "ResponseHeaders": {
        "apim-request-id": "4068bb1f-27ee-4161-95bb-70e869f786bf",
        "Cache-Control": "public, max-age=1",
        "Content-Encoding": "gzip",
        "Content-Type": "application/json; charset=utf-8",
        "Date": "Tue, 25 Jan 2022 22:47:30 GMT",
        "ETag": "\u0022E8F0F746AC235675AFDD00C96B0CD31AAE88748366C47A211B5D528B0A42E3C0\u0022",
        "Set-Cookie": [
          "ARRAffinity=b43e80ef1fbcb9f9d446cbc61b366e02dafefc2a9addab525b1fc3eda44b27b2;Path=/;HttpOnly;Secure;Domain=mtbatch.nam.microsofttranslator.com",
          "ARRAffinitySameSite=b43e80ef1fbcb9f9d446cbc61b366e02dafefc2a9addab525b1fc3eda44b27b2;Path=/;HttpOnly;SameSite=None;Secure;Domain=mtbatch.nam.microsofttranslator.com"
        ],
        "Strict-Transport-Security": "max-age=31536000; includeSubDomains; preload",
        "Transfer-Encoding": "chunked",
        "Vary": "Accept-Encoding",
        "X-Content-Type-Options": "nosniff",
        "X-Powered-By": "ASP.NET",
        "X-RequestId": "4068bb1f-27ee-4161-95bb-70e869f786bf"
      },
      "ResponseBody": {
        "value": [
          {
            "path": "https://fakeendpoint.blob.core.windows.net/targetae851d4a-3a0c-4772-87f8-0de440ad7af9/d94dd819-14b3-4ee7-8d23-b25359a127c4.txt",
            "sourcePath": "https://fakeendpoint.blob.core.windows.net/src26ea368a-54d0-4329-afba-4bf33c5712a5/d94dd819-14b3-4ee7-8d23-b25359a127c4.txt",
            "createdDateTimeUtc": "2022-01-25T22:47:17.7372594Z",
            "lastActionDateTimeUtc": "2022-01-25T22:47:30.2950427Z",
            "status": "Succeeded",
            "to": "es",
            "progress": 1,
            "id": "001f0a30-0000-0000-0000-000000000000",
            "characterCharged": 27
          },
          {
            "path": "https://fakeendpoint.blob.core.windows.net/targetae851d4a-3a0c-4772-87f8-0de440ad7af9/c74f4fed-96a4-4a2d-a7e3-8ab175a78230.txt",
            "sourcePath": "https://fakeendpoint.blob.core.windows.net/src26ea368a-54d0-4329-afba-4bf33c5712a5/c74f4fed-96a4-4a2d-a7e3-8ab175a78230.txt",
            "createdDateTimeUtc": "2022-01-25T22:47:17.7024995Z",
            "lastActionDateTimeUtc": "2022-01-25T22:47:30.2478208Z",
            "status": "Succeeded",
            "to": "es",
            "progress": 1,
            "id": "001f0a2f-0000-0000-0000-000000000000",
            "characterCharged": 27
          },
          {
            "path": "https://fakeendpoint.blob.core.windows.net/targetae851d4a-3a0c-4772-87f8-0de440ad7af9/ae61175c-3c83-41cd-8568-ddd80f814089.txt",
            "sourcePath": "https://fakeendpoint.blob.core.windows.net/src26ea368a-54d0-4329-afba-4bf33c5712a5/ae61175c-3c83-41cd-8568-ddd80f814089.txt",
            "createdDateTimeUtc": "2022-01-25T22:47:17.4324276Z",
            "lastActionDateTimeUtc": "2022-01-25T22:47:30.2370208Z",
            "status": "Succeeded",
            "to": "es",
            "progress": 1,
            "id": "001f0a2e-0000-0000-0000-000000000000",
            "characterCharged": 27
          },
          {
            "path": "https://fakeendpoint.blob.core.windows.net/targetae851d4a-3a0c-4772-87f8-0de440ad7af9/a2816157-1e57-4df0-8f34-82ca04011808.txt",
            "sourcePath": "https://fakeendpoint.blob.core.windows.net/src26ea368a-54d0-4329-afba-4bf33c5712a5/a2816157-1e57-4df0-8f34-82ca04011808.txt",
            "createdDateTimeUtc": "2022-01-25T22:47:17.41012Z",
            "lastActionDateTimeUtc": "2022-01-25T22:47:30.2336114Z",
            "status": "Succeeded",
            "to": "es",
            "progress": 1,
            "id": "001f0a2d-0000-0000-0000-000000000000",
            "characterCharged": 27
          },
          {
            "path": "https://fakeendpoint.blob.core.windows.net/targetae851d4a-3a0c-4772-87f8-0de440ad7af9/85805dc5-c9f6-48e4-9690-1109a24753d8.txt",
            "sourcePath": "https://fakeendpoint.blob.core.windows.net/src26ea368a-54d0-4329-afba-4bf33c5712a5/85805dc5-c9f6-48e4-9690-1109a24753d8.txt",
            "createdDateTimeUtc": "2022-01-25T22:47:17.3803865Z",
            "lastActionDateTimeUtc": "2022-01-25T22:47:29.739308Z",
            "status": "Succeeded",
            "to": "es",
            "progress": 1,
            "id": "001f0a2c-0000-0000-0000-000000000000",
            "characterCharged": 27
          },
          {
            "path": "https://fakeendpoint.blob.core.windows.net/targetae851d4a-3a0c-4772-87f8-0de440ad7af9/80e6d3ec-b29c-4cff-8d16-72125fd01b89.txt",
            "sourcePath": "https://fakeendpoint.blob.core.windows.net/src26ea368a-54d0-4329-afba-4bf33c5712a5/80e6d3ec-b29c-4cff-8d16-72125fd01b89.txt",
            "createdDateTimeUtc": "2022-01-25T22:47:17.3710149Z",
            "lastActionDateTimeUtc": "2022-01-25T22:47:30.3315136Z",
            "status": "Succeeded",
            "to": "es",
            "progress": 1,
            "id": "001f0a2b-0000-0000-0000-000000000000",
            "characterCharged": 27
          },
          {
            "path": "https://fakeendpoint.blob.core.windows.net/targetae851d4a-3a0c-4772-87f8-0de440ad7af9/753d1098-baad-4003-b8e2-37ad3379482d.txt",
            "sourcePath": "https://fakeendpoint.blob.core.windows.net/src26ea368a-54d0-4329-afba-4bf33c5712a5/753d1098-baad-4003-b8e2-37ad3379482d.txt",
            "createdDateTimeUtc": "2022-01-25T22:47:17.0694733Z",
            "lastActionDateTimeUtc": "2022-01-25T22:47:29.6492528Z",
            "status": "Succeeded",
            "to": "es",
            "progress": 1,
            "id": "001f0a2a-0000-0000-0000-000000000000",
            "characterCharged": 27
          },
          {
            "path": "https://fakeendpoint.blob.core.windows.net/targetae851d4a-3a0c-4772-87f8-0de440ad7af9/10fddeee-284a-471d-a032-e586425be204.txt",
            "sourcePath": "https://fakeendpoint.blob.core.windows.net/src26ea368a-54d0-4329-afba-4bf33c5712a5/10fddeee-284a-471d-a032-e586425be204.txt",
            "createdDateTimeUtc": "2022-01-25T22:47:17.0384373Z",
            "lastActionDateTimeUtc": "2022-01-25T22:47:29.6558402Z",
            "status": "Succeeded",
            "to": "es",
            "progress": 1,
            "id": "001f0a28-0000-0000-0000-000000000000",
            "characterCharged": 27
          },
          {
            "path": "https://fakeendpoint.blob.core.windows.net/targetae851d4a-3a0c-4772-87f8-0de440ad7af9/70f05f2b-19a2-49fe-a54b-f2fc6b1bc772.txt",
            "sourcePath": "https://fakeendpoint.blob.core.windows.net/src26ea368a-54d0-4329-afba-4bf33c5712a5/70f05f2b-19a2-49fe-a54b-f2fc6b1bc772.txt",
            "createdDateTimeUtc": "2022-01-25T22:47:17.0192827Z",
            "lastActionDateTimeUtc": "2022-01-25T22:47:30.2921221Z",
            "status": "Succeeded",
            "to": "es",
            "progress": 1,
            "id": "001f0a29-0000-0000-0000-000000000000",
            "characterCharged": 27
          },
          {
            "path": "https://fakeendpoint.blob.core.windows.net/targetae851d4a-3a0c-4772-87f8-0de440ad7af9/04c746f0-0c24-48de-a9ab-5df99cc483c8.txt",
            "sourcePath": "https://fakeendpoint.blob.core.windows.net/src26ea368a-54d0-4329-afba-4bf33c5712a5/04c746f0-0c24-48de-a9ab-5df99cc483c8.txt",
            "createdDateTimeUtc": "2022-01-25T22:47:16.9956728Z",
            "lastActionDateTimeUtc": "2022-01-25T22:47:29.689578Z",
            "status": "Succeeded",
            "to": "es",
            "progress": 1,
            "id": "001f0a27-0000-0000-0000-000000000000",
            "characterCharged": 27
          }
        ]
      }
    },
    {
      "RequestUri": "https://fakeendpoint.cognitiveservices.azure.com/translator/text/batch/v1.0/batches/2b475210-8f37-48d6-b839-61cfdb310512/documents?$skip=2",
      "RequestMethod": "GET",
      "RequestHeaders": {
        "Accept": "application/json",
        "Accept-Encoding": "gzip, deflate",
        "Connection": "keep-alive",
        "User-Agent": "azsdk-python-ai-translation-document/1.0.0b6 Python/3.10.0 (Windows-10-10.0.22000-SP0)",
        "x-ms-client-request-id": "c71e68e3-7e30-11ec-818d-b831b58100e8"
      },
      "RequestBody": null,
      "StatusCode": 200,
      "ResponseHeaders": {
        "apim-request-id": "bd465521-b164-4c5a-8168-891c8d58c582",
        "Cache-Control": "public, max-age=1",
        "Content-Encoding": "gzip",
        "Content-Type": "application/json; charset=utf-8",
        "Date": "Tue, 25 Jan 2022 22:47:30 GMT",
        "ETag": "\u0022DC6680BF6A80C7F1E3C06162A22E41F0B4AED40EF44B414E5B8675E1DBC88781\u0022",
        "Set-Cookie": [
          "ARRAffinity=748a2cefe0e94b92294828d7237123826b9552ab7a870cd971e8858b6fa6e96a;Path=/;HttpOnly;Secure;Domain=mtbatch.nam.microsofttranslator.com",
          "ARRAffinitySameSite=748a2cefe0e94b92294828d7237123826b9552ab7a870cd971e8858b6fa6e96a;Path=/;HttpOnly;SameSite=None;Secure;Domain=mtbatch.nam.microsofttranslator.com"
        ],
        "Strict-Transport-Security": "max-age=31536000; includeSubDomains; preload",
        "Transfer-Encoding": "chunked",
        "Vary": "Accept-Encoding",
        "X-Content-Type-Options": "nosniff",
        "X-Powered-By": "ASP.NET",
        "X-RequestId": "bd465521-b164-4c5a-8168-891c8d58c582"
      },
      "ResponseBody": {
        "value": [
          {
            "path": "https://fakeendpoint.blob.core.windows.net/targetae851d4a-3a0c-4772-87f8-0de440ad7af9/ae61175c-3c83-41cd-8568-ddd80f814089.txt",
            "sourcePath": "https://fakeendpoint.blob.core.windows.net/src26ea368a-54d0-4329-afba-4bf33c5712a5/ae61175c-3c83-41cd-8568-ddd80f814089.txt",
            "createdDateTimeUtc": "2022-01-25T22:47:17.4324276Z",
            "lastActionDateTimeUtc": "2022-01-25T22:47:30.2370208Z",
            "status": "Succeeded",
            "to": "es",
            "progress": 1,
            "id": "001f0a2e-0000-0000-0000-000000000000",
            "characterCharged": 27
          },
          {
            "path": "https://fakeendpoint.blob.core.windows.net/targetae851d4a-3a0c-4772-87f8-0de440ad7af9/a2816157-1e57-4df0-8f34-82ca04011808.txt",
            "sourcePath": "https://fakeendpoint.blob.core.windows.net/src26ea368a-54d0-4329-afba-4bf33c5712a5/a2816157-1e57-4df0-8f34-82ca04011808.txt",
            "createdDateTimeUtc": "2022-01-25T22:47:17.41012Z",
            "lastActionDateTimeUtc": "2022-01-25T22:47:30.2336114Z",
            "status": "Succeeded",
            "to": "es",
            "progress": 1,
            "id": "001f0a2d-0000-0000-0000-000000000000",
            "characterCharged": 27
          },
          {
            "path": "https://fakeendpoint.blob.core.windows.net/targetae851d4a-3a0c-4772-87f8-0de440ad7af9/85805dc5-c9f6-48e4-9690-1109a24753d8.txt",
            "sourcePath": "https://fakeendpoint.blob.core.windows.net/src26ea368a-54d0-4329-afba-4bf33c5712a5/85805dc5-c9f6-48e4-9690-1109a24753d8.txt",
            "createdDateTimeUtc": "2022-01-25T22:47:17.3803865Z",
            "lastActionDateTimeUtc": "2022-01-25T22:47:29.739308Z",
            "status": "Succeeded",
            "to": "es",
            "progress": 1,
            "id": "001f0a2c-0000-0000-0000-000000000000",
            "characterCharged": 27
          },
          {
            "path": "https://fakeendpoint.blob.core.windows.net/targetae851d4a-3a0c-4772-87f8-0de440ad7af9/80e6d3ec-b29c-4cff-8d16-72125fd01b89.txt",
            "sourcePath": "https://fakeendpoint.blob.core.windows.net/src26ea368a-54d0-4329-afba-4bf33c5712a5/80e6d3ec-b29c-4cff-8d16-72125fd01b89.txt",
            "createdDateTimeUtc": "2022-01-25T22:47:17.3710149Z",
            "lastActionDateTimeUtc": "2022-01-25T22:47:30.3315136Z",
            "status": "Succeeded",
            "to": "es",
            "progress": 1,
            "id": "001f0a2b-0000-0000-0000-000000000000",
            "characterCharged": 27
          },
          {
            "path": "https://fakeendpoint.blob.core.windows.net/targetae851d4a-3a0c-4772-87f8-0de440ad7af9/753d1098-baad-4003-b8e2-37ad3379482d.txt",
            "sourcePath": "https://fakeendpoint.blob.core.windows.net/src26ea368a-54d0-4329-afba-4bf33c5712a5/753d1098-baad-4003-b8e2-37ad3379482d.txt",
            "createdDateTimeUtc": "2022-01-25T22:47:17.0694733Z",
            "lastActionDateTimeUtc": "2022-01-25T22:47:29.6492528Z",
            "status": "Succeeded",
            "to": "es",
            "progress": 1,
            "id": "001f0a2a-0000-0000-0000-000000000000",
            "characterCharged": 27
          },
          {
            "path": "https://fakeendpoint.blob.core.windows.net/targetae851d4a-3a0c-4772-87f8-0de440ad7af9/10fddeee-284a-471d-a032-e586425be204.txt",
            "sourcePath": "https://fakeendpoint.blob.core.windows.net/src26ea368a-54d0-4329-afba-4bf33c5712a5/10fddeee-284a-471d-a032-e586425be204.txt",
            "createdDateTimeUtc": "2022-01-25T22:47:17.0384373Z",
            "lastActionDateTimeUtc": "2022-01-25T22:47:29.6558402Z",
            "status": "Succeeded",
            "to": "es",
            "progress": 1,
            "id": "001f0a28-0000-0000-0000-000000000000",
            "characterCharged": 27
          },
          {
            "path": "https://fakeendpoint.blob.core.windows.net/targetae851d4a-3a0c-4772-87f8-0de440ad7af9/70f05f2b-19a2-49fe-a54b-f2fc6b1bc772.txt",
            "sourcePath": "https://fakeendpoint.blob.core.windows.net/src26ea368a-54d0-4329-afba-4bf33c5712a5/70f05f2b-19a2-49fe-a54b-f2fc6b1bc772.txt",
            "createdDateTimeUtc": "2022-01-25T22:47:17.0192827Z",
            "lastActionDateTimeUtc": "2022-01-25T22:47:30.2921221Z",
            "status": "Succeeded",
            "to": "es",
            "progress": 1,
            "id": "001f0a29-0000-0000-0000-000000000000",
            "characterCharged": 27
          },
          {
            "path": "https://fakeendpoint.blob.core.windows.net/targetae851d4a-3a0c-4772-87f8-0de440ad7af9/04c746f0-0c24-48de-a9ab-5df99cc483c8.txt",
            "sourcePath": "https://fakeendpoint.blob.core.windows.net/src26ea368a-54d0-4329-afba-4bf33c5712a5/04c746f0-0c24-48de-a9ab-5df99cc483c8.txt",
            "createdDateTimeUtc": "2022-01-25T22:47:16.9956728Z",
            "lastActionDateTimeUtc": "2022-01-25T22:47:29.689578Z",
            "status": "Succeeded",
            "to": "es",
            "progress": 1,
            "id": "001f0a27-0000-0000-0000-000000000000",
            "characterCharged": 27
          }
        ]
      }
    }
  ],
  "Variables": {
    "source_container_name": "src26ea368a-54d0-4329-afba-4bf33c5712a5",
    "target_container_name": "targetae851d4a-3a0c-4772-87f8-0de440ad7af9"
  }
}
