{
  "Entries": [
    {
      "RequestUri": "https://fakeendpoint.blob.core.windows.net/src4214a929-bcec-4c80-ad96-e0ca9ee60fba?restype=container",
      "RequestMethod": "PUT",
      "RequestHeaders": {
        "Accept": "application/xml",
        "Accept-Encoding": "gzip, deflate",
        "Authorization": "Sanitized",
        "Connection": "keep-alive",
        "Content-Length": "0",
        "User-Agent": "azsdk-python-storage-blob/12.9.0 Python/3.10.0 (Windows-10-10.0.22000-SP0)",
        "x-ms-client-request-id": "642f1fd0-4bd7-11ec-9569-b831b58100e8",
        "x-ms-date": "Mon, 22 Nov 2021 21:01:41 GMT",
        "x-ms-version": "2020-10-02"
      },
      "RequestBody": null,
      "StatusCode": 201,
      "ResponseHeaders": {
        "Content-Length": "0",
        "Date": "Mon, 22 Nov 2021 21:01:41 GMT",
        "ETag": "\u00220x8D9ADFB48775E0D\u0022",
        "Last-Modified": "Mon, 22 Nov 2021 21:01:41 GMT",
        "Server": [
          "Windows-Azure-Blob/1.0",
          "Microsoft-HTTPAPI/2.0"
        ],
        "x-ms-client-request-id": "642f1fd0-4bd7-11ec-9569-b831b58100e8",
        "x-ms-request-id": "a1c9a371-b01e-0059-75e4-dfb397000000",
        "x-ms-version": "2020-10-02"
      },
      "ResponseBody": null
    },
    {
      "RequestUri": "https://fakeendpoint.blob.core.windows.net/src4214a929-bcec-4c80-ad96-e0ca9ee60fba/35303aa5-4f36-408d-844b-c385d39ef8f8.txt",
      "RequestMethod": "PUT",
      "RequestHeaders": {
        "Accept": "application/xml",
        "Accept-Encoding": "gzip, deflate",
        "Authorization": "Sanitized",
        "Connection": "keep-alive",
        "Content-Length": "11",
        "Content-Type": "application/octet-stream",
        "If-None-Match": "*",
        "User-Agent": "azsdk-python-storage-blob/12.9.0 Python/3.10.0 (Windows-10-10.0.22000-SP0)",
        "x-ms-blob-type": "BlockBlob",
        "x-ms-client-request-id": "64456a2c-4bd7-11ec-b65c-b831b58100e8",
        "x-ms-date": "Mon, 22 Nov 2021 21:01:41 GMT",
        "x-ms-version": "2020-10-02"
      },
      "RequestBody": "aGVsbG8gd29ybGQ=",
      "StatusCode": 201,
      "ResponseHeaders": {
        "Content-Length": "0",
        "Content-MD5": "XrY7u\u002BAe7tCTyyK7j1rNww==",
        "Date": "Mon, 22 Nov 2021 21:01:41 GMT",
        "ETag": "\u00220x8D9ADFB4885E988\u0022",
        "Last-Modified": "Mon, 22 Nov 2021 21:01:41 GMT",
        "Server": [
          "Windows-Azure-Blob/1.0",
          "Microsoft-HTTPAPI/2.0"
        ],
        "x-ms-client-request-id": "64456a2c-4bd7-11ec-b65c-b831b58100e8",
        "x-ms-content-crc64": "vo7q9sPVKY0=",
        "x-ms-request-id": "a1c9a3bb-b01e-0059-37e4-dfb397000000",
        "x-ms-request-server-encrypted": "true",
        "x-ms-version": "2020-10-02"
      },
      "ResponseBody": null
    },
    {
      "RequestUri": "https://fakeendpoint.blob.core.windows.net/target98dda840-2693-487e-9496-8c7d1d2a9821?restype=container",
      "RequestMethod": "PUT",
      "RequestHeaders": {
        "Accept": "application/xml",
        "Accept-Encoding": "gzip, deflate",
        "Authorization": "Sanitized",
        "Connection": "keep-alive",
        "Content-Length": "0",
        "User-Agent": "azsdk-python-storage-blob/12.9.0 Python/3.10.0 (Windows-10-10.0.22000-SP0)",
        "x-ms-client-request-id": "64600727-4bd7-11ec-91a4-b831b58100e8",
        "x-ms-date": "Mon, 22 Nov 2021 21:01:41 GMT",
        "x-ms-version": "2020-10-02"
      },
      "RequestBody": null,
      "StatusCode": 201,
      "ResponseHeaders": {
        "Content-Length": "0",
        "Date": "Mon, 22 Nov 2021 21:01:41 GMT",
        "ETag": "\u00220x8D9ADFB48A19C1C\u0022",
        "Last-Modified": "Mon, 22 Nov 2021 21:01:41 GMT",
        "Server": [
          "Windows-Azure-Blob/1.0",
          "Microsoft-HTTPAPI/2.0"
        ],
        "x-ms-client-request-id": "64600727-4bd7-11ec-91a4-b831b58100e8",
        "x-ms-request-id": "a1c9a44f-b01e-0059-34e4-dfb397000000",
        "x-ms-version": "2020-10-02"
      },
      "ResponseBody": null
    },
    {
      "RequestUri": "https://fakeendpoint.blob.core.windows.net/target0e26ec8b-e9e1-4efb-b59f-3aa008f75172?restype=container",
      "RequestMethod": "PUT",
      "RequestHeaders": {
        "Accept": "application/xml",
        "Accept-Encoding": "gzip, deflate",
        "Authorization": "Sanitized",
        "Connection": "keep-alive",
        "Content-Length": "0",
        "User-Agent": "azsdk-python-storage-blob/12.9.0 Python/3.10.0 (Windows-10-10.0.22000-SP0)",
        "x-ms-client-request-id": "648049bb-4bd7-11ec-ac1d-b831b58100e8",
        "x-ms-date": "Mon, 22 Nov 2021 21:01:41 GMT",
        "x-ms-version": "2020-10-02"
      },
      "RequestBody": null,
      "StatusCode": 201,
      "ResponseHeaders": {
        "Content-Length": "0",
        "Date": "Mon, 22 Nov 2021 21:01:41 GMT",
        "ETag": "\u00220x8D9ADFB48BF8009\u0022",
        "Last-Modified": "Mon, 22 Nov 2021 21:01:41 GMT",
        "Server": [
          "Windows-Azure-Blob/1.0",
          "Microsoft-HTTPAPI/2.0"
        ],
        "x-ms-client-request-id": "648049bb-4bd7-11ec-ac1d-b831b58100e8",
        "x-ms-request-id": "a1c9a51b-b01e-0059-69e4-dfb397000000",
        "x-ms-version": "2020-10-02"
      },
      "ResponseBody": null
    },
    {
      "RequestUri": "https://fakeendpoint.cognitiveservices.azure.com/translator/text/batch/v1.0/batches",
      "RequestMethod": "POST",
      "RequestHeaders": {
        "Accept": "application/json",
        "Accept-Encoding": "gzip, deflate",
        "Connection": "keep-alive",
        "Content-Length": "380",
        "Content-Type": "application/json",
        "User-Agent": "azsdk-python-ai-translation-document/1.0.0b6 Python/3.10.0 (Windows-10-10.0.22000-SP0)",
        "x-ms-client-request-id": "649a1366-4bd7-11ec-b5ba-b831b58100e8"
      },
      "RequestBody": "{\u0022inputs\u0022: [{\u0022source\u0022: {\u0022sourceUrl\u0022: \u0022https://fakeendpoint.blob.core.windows.net/src4214a929-bcec-4c80-ad96-e0ca9ee60fba?se=end\u0026sp=rl\u0026sv=2020-10-02\u0026sr=c\u0026sig=fake_token_value\u0022, \u0022filter\u0022: {}}, \u0022targets\u0022: [{\u0022targetUrl\u0022: \u0022https://fakeendpoint.blob.core.windows.net/target98dda840-2693-487e-9496-8c7d1d2a9821?se=end\u0026sp=wl\u0026sv=2020-10-02\u0026sr=c\u0026sig=fake_token_value\u0022, \u0022language\u0022: \u0022es\u0022}]}]}",
      "StatusCode": 202,
      "ResponseHeaders": {
        "apim-request-id": "599fed13-73c6-4723-bab3-2637ce3b3717",
        "Content-Length": "0",
        "Date": "Mon, 22 Nov 2021 21:01:41 GMT",
        "Operation-Location": "https://fakeendpoint.cognitiveservices.azure.com/translator/text/batch/v1.0/batches/ef4c38a1-d251-4378-9ec1-b23ec641483a",
        "Set-Cookie": [
          "ARRAffinity=d5311be9a7eee70fefb806f1e2337cdd19ccc651d9ba4b6954f0949b8feead5f;Path=/;HttpOnly;Secure;Domain=mtbatch.nam.microsofttranslator.com",
          "ARRAffinitySameSite=d5311be9a7eee70fefb806f1e2337cdd19ccc651d9ba4b6954f0949b8feead5f;Path=/;HttpOnly;SameSite=None;Secure;Domain=mtbatch.nam.microsofttranslator.com"
        ],
        "Strict-Transport-Security": "max-age=31536000; includeSubDomains; preload",
        "X-Content-Type-Options": "nosniff",
        "X-Powered-By": "ASP.NET",
        "X-RequestId": "599fed13-73c6-4723-bab3-2637ce3b3717"
      },
      "ResponseBody": null
    },
    {
      "RequestUri": "https://fakeendpoint.cognitiveservices.azure.com/translator/text/batch/v1.0/batches/ef4c38a1-d251-4378-9ec1-b23ec641483a",
      "RequestMethod": "GET",
      "RequestHeaders": {
        "Accept": "*/*",
        "Accept-Encoding": "gzip, deflate",
        "Connection": "keep-alive",
        "User-Agent": "azsdk-python-ai-translation-document/1.0.0b6 Python/3.10.0 (Windows-10-10.0.22000-SP0)",
        "x-ms-client-request-id": "649a1366-4bd7-11ec-b5ba-b831b58100e8"
      },
      "RequestBody": null,
      "StatusCode": 200,
      "ResponseHeaders": {
        "apim-request-id": "491313d8-a1e1-4268-8b4e-326e44739491",
        "Cache-Control": "public, max-age=1",
        "Content-Encoding": "gzip",
        "Content-Type": "application/json; charset=utf-8",
        "Date": "Mon, 22 Nov 2021 21:01:42 GMT",
        "ETag": "\u0022A4482CABFA4CC6DCC4B5D17C2C3DABAD5439F6A533996A79799617B2CA8CF16F\u0022",
        "Set-Cookie": [
          "ARRAffinity=f9ffee55d5b846ab210939783079e864f7c0bd5efbd10d36648d3b62bbdfbaac;Path=/;HttpOnly;Secure;Domain=mtbatch.nam.microsofttranslator.com",
          "ARRAffinitySameSite=f9ffee55d5b846ab210939783079e864f7c0bd5efbd10d36648d3b62bbdfbaac;Path=/;HttpOnly;SameSite=None;Secure;Domain=mtbatch.nam.microsofttranslator.com"
        ],
        "Strict-Transport-Security": "max-age=31536000; includeSubDomains; preload",
        "Transfer-Encoding": "chunked",
        "Vary": "Accept-Encoding",
        "X-Content-Type-Options": "nosniff",
        "X-Powered-By": "ASP.NET",
        "X-RequestId": "491313d8-a1e1-4268-8b4e-326e44739491"
      },
      "ResponseBody": {
        "id": "ef4c38a1-d251-4378-9ec1-b23ec641483a",
        "createdDateTimeUtc": "2021-11-22T21:01:42.0081743Z",
        "lastActionDateTimeUtc": "2021-11-22T21:01:42.9841481Z",
        "status": "Running",
        "summary": {
          "total": 1,
          "failed": 0,
          "success": 0,
          "inProgress": 1,
          "notYetStarted": 0,
          "cancelled": 0,
          "totalCharacterCharged": 0
        }
      }
    },
    {
      "RequestUri": "https://fakeendpoint.cognitiveservices.azure.com/translator/text/batch/v1.0/batches/ef4c38a1-d251-4378-9ec1-b23ec641483a",
      "RequestMethod": "GET",
      "RequestHeaders": {
        "Accept": "*/*",
        "Accept-Encoding": "gzip, deflate",
        "Connection": "keep-alive",
        "User-Agent": "azsdk-python-ai-translation-document/1.0.0b6 Python/3.10.0 (Windows-10-10.0.22000-SP0)",
        "x-ms-client-request-id": "649a1366-4bd7-11ec-b5ba-b831b58100e8"
      },
      "RequestBody": null,
      "StatusCode": 200,
      "ResponseHeaders": {
        "apim-request-id": "5d0a93f1-3499-442c-9348-866265634b60",
        "Cache-Control": "public, max-age=1",
        "Content-Encoding": "gzip",
        "Content-Type": "application/json; charset=utf-8",
        "Date": "Mon, 22 Nov 2021 21:01:44 GMT",
        "ETag": "\u0022C9EFA5A213E99F69B0CD8C9E76B121DB64137CAF6AD830D305A8F1E529AB3399\u0022",
        "Set-Cookie": [
          "ARRAffinity=d5311be9a7eee70fefb806f1e2337cdd19ccc651d9ba4b6954f0949b8feead5f;Path=/;HttpOnly;Secure;Domain=mtbatch.nam.microsofttranslator.com",
          "ARRAffinitySameSite=d5311be9a7eee70fefb806f1e2337cdd19ccc651d9ba4b6954f0949b8feead5f;Path=/;HttpOnly;SameSite=None;Secure;Domain=mtbatch.nam.microsofttranslator.com"
        ],
        "Strict-Transport-Security": "max-age=31536000; includeSubDomains; preload",
        "Transfer-Encoding": "chunked",
        "Vary": "Accept-Encoding",
        "X-Content-Type-Options": "nosniff",
        "X-Powered-By": "ASP.NET",
        "X-RequestId": "5d0a93f1-3499-442c-9348-866265634b60"
      },
      "ResponseBody": {
        "id": "ef4c38a1-d251-4378-9ec1-b23ec641483a",
        "createdDateTimeUtc": "2021-11-22T21:01:42.0081743Z",
        "lastActionDateTimeUtc": "2021-11-22T21:01:43.3574559Z",
        "status": "Running",
        "summary": {
          "total": 1,
          "failed": 0,
          "success": 0,
          "inProgress": 1,
          "notYetStarted": 0,
          "cancelled": 0,
          "totalCharacterCharged": 0
        }
      }
    },
    {
      "RequestUri": "https://fakeendpoint.cognitiveservices.azure.com/translator/text/batch/v1.0/batches/ef4c38a1-d251-4378-9ec1-b23ec641483a",
      "RequestMethod": "GET",
      "RequestHeaders": {
        "Accept": "*/*",
        "Accept-Encoding": "gzip, deflate",
        "Connection": "keep-alive",
        "User-Agent": "azsdk-python-ai-translation-document/1.0.0b6 Python/3.10.0 (Windows-10-10.0.22000-SP0)",
        "x-ms-client-request-id": "649a1366-4bd7-11ec-b5ba-b831b58100e8"
      },
      "RequestBody": null,
      "StatusCode": 200,
      "ResponseHeaders": {
        "apim-request-id": "8fffc855-5614-4557-bbb6-ecfcf95abdee",
        "Cache-Control": "public, max-age=1",
        "Content-Encoding": "gzip",
        "Content-Type": "application/json; charset=utf-8",
        "Date": "Mon, 22 Nov 2021 21:01:45 GMT",
        "ETag": "\u0022C9EFA5A213E99F69B0CD8C9E76B121DB64137CAF6AD830D305A8F1E529AB3399\u0022",
        "Set-Cookie": [
          "ARRAffinity=f9ffee55d5b846ab210939783079e864f7c0bd5efbd10d36648d3b62bbdfbaac;Path=/;HttpOnly;Secure;Domain=mtbatch.nam.microsofttranslator.com",
          "ARRAffinitySameSite=f9ffee55d5b846ab210939783079e864f7c0bd5efbd10d36648d3b62bbdfbaac;Path=/;HttpOnly;SameSite=None;Secure;Domain=mtbatch.nam.microsofttranslator.com"
        ],
        "Strict-Transport-Security": "max-age=31536000; includeSubDomains; preload",
        "Transfer-Encoding": "chunked",
        "Vary": "Accept-Encoding",
        "X-Content-Type-Options": "nosniff",
        "X-Powered-By": "ASP.NET",
        "X-RequestId": "8fffc855-5614-4557-bbb6-ecfcf95abdee"
      },
      "ResponseBody": {
        "id": "ef4c38a1-d251-4378-9ec1-b23ec641483a",
        "createdDateTimeUtc": "2021-11-22T21:01:42.0081743Z",
        "lastActionDateTimeUtc": "2021-11-22T21:01:43.3574559Z",
        "status": "Running",
        "summary": {
          "total": 1,
          "failed": 0,
          "success": 0,
          "inProgress": 1,
          "notYetStarted": 0,
          "cancelled": 0,
          "totalCharacterCharged": 0
        }
      }
    },
    {
      "RequestUri": "https://fakeendpoint.cognitiveservices.azure.com/translator/text/batch/v1.0/batches/ef4c38a1-d251-4378-9ec1-b23ec641483a",
      "RequestMethod": "GET",
      "RequestHeaders": {
        "Accept": "*/*",
        "Accept-Encoding": "gzip, deflate",
        "Connection": "keep-alive",
        "User-Agent": "azsdk-python-ai-translation-document/1.0.0b6 Python/3.10.0 (Windows-10-10.0.22000-SP0)",
        "x-ms-client-request-id": "649a1366-4bd7-11ec-b5ba-b831b58100e8"
      },
      "RequestBody": null,
      "StatusCode": 200,
      "ResponseHeaders": {
        "apim-request-id": "8c3a7ca2-1354-4ed6-82af-4b27ec190dec",
        "Cache-Control": "public, max-age=1",
        "Content-Encoding": "gzip",
        "Content-Type": "application/json; charset=utf-8",
        "Date": "Mon, 22 Nov 2021 21:01:46 GMT",
        "ETag": "\u0022C9EFA5A213E99F69B0CD8C9E76B121DB64137CAF6AD830D305A8F1E529AB3399\u0022",
        "Set-Cookie": [
          "ARRAffinity=d5311be9a7eee70fefb806f1e2337cdd19ccc651d9ba4b6954f0949b8feead5f;Path=/;HttpOnly;Secure;Domain=mtbatch.nam.microsofttranslator.com",
          "ARRAffinitySameSite=d5311be9a7eee70fefb806f1e2337cdd19ccc651d9ba4b6954f0949b8feead5f;Path=/;HttpOnly;SameSite=None;Secure;Domain=mtbatch.nam.microsofttranslator.com"
        ],
        "Strict-Transport-Security": "max-age=31536000; includeSubDomains; preload",
        "Transfer-Encoding": "chunked",
        "Vary": "Accept-Encoding",
        "X-Content-Type-Options": "nosniff",
        "X-Powered-By": "ASP.NET",
        "X-RequestId": "8c3a7ca2-1354-4ed6-82af-4b27ec190dec"
      },
      "ResponseBody": {
        "id": "ef4c38a1-d251-4378-9ec1-b23ec641483a",
        "createdDateTimeUtc": "2021-11-22T21:01:42.0081743Z",
        "lastActionDateTimeUtc": "2021-11-22T21:01:43.3574559Z",
        "status": "Running",
        "summary": {
          "total": 1,
          "failed": 0,
          "success": 0,
          "inProgress": 1,
          "notYetStarted": 0,
          "cancelled": 0,
          "totalCharacterCharged": 0
        }
      }
    },
    {
      "RequestUri": "https://fakeendpoint.cognitiveservices.azure.com/translator/text/batch/v1.0/batches/ef4c38a1-d251-4378-9ec1-b23ec641483a",
      "RequestMethod": "GET",
      "RequestHeaders": {
        "Accept": "*/*",
        "Accept-Encoding": "gzip, deflate",
        "Connection": "keep-alive",
        "User-Agent": "azsdk-python-ai-translation-document/1.0.0b6 Python/3.10.0 (Windows-10-10.0.22000-SP0)",
        "x-ms-client-request-id": "649a1366-4bd7-11ec-b5ba-b831b58100e8"
      },
      "RequestBody": null,
      "StatusCode": 200,
      "ResponseHeaders": {
        "apim-request-id": "c57ef079-adfd-4e19-af09-f50b2d5a624e",
        "Cache-Control": "public, max-age=1",
        "Content-Encoding": "gzip",
        "Content-Type": "application/json; charset=utf-8",
        "Date": "Mon, 22 Nov 2021 21:01:47 GMT",
        "ETag": "\u00222C570E8AB1200170F36A435B93848F4A30DDBC8FBAF534343C998CA6B21DD217\u0022",
        "Set-Cookie": [
          "ARRAffinity=f9ffee55d5b846ab210939783079e864f7c0bd5efbd10d36648d3b62bbdfbaac;Path=/;HttpOnly;Secure;Domain=mtbatch.nam.microsofttranslator.com",
          "ARRAffinitySameSite=f9ffee55d5b846ab210939783079e864f7c0bd5efbd10d36648d3b62bbdfbaac;Path=/;HttpOnly;SameSite=None;Secure;Domain=mtbatch.nam.microsofttranslator.com"
        ],
        "Strict-Transport-Security": "max-age=31536000; includeSubDomains; preload",
        "Transfer-Encoding": "chunked",
        "Vary": "Accept-Encoding",
        "X-Content-Type-Options": "nosniff",
        "X-Powered-By": "ASP.NET",
        "X-RequestId": "c57ef079-adfd-4e19-af09-f50b2d5a624e"
      },
      "ResponseBody": {
        "id": "ef4c38a1-d251-4378-9ec1-b23ec641483a",
        "createdDateTimeUtc": "2021-11-22T21:01:42.0081743Z",
        "lastActionDateTimeUtc": "2021-11-22T21:01:46.433811Z",
        "status": "Succeeded",
        "summary": {
          "total": 1,
          "failed": 0,
          "success": 1,
          "inProgress": 0,
          "notYetStarted": 0,
          "cancelled": 0,
          "totalCharacterCharged": 11
        }
      }
    },
    {
      "RequestUri": "https://fakeendpoint.cognitiveservices.azure.com/translator/text/batch/v1.0/batches",
      "RequestMethod": "POST",
      "RequestHeaders": {
        "Accept": "application/json",
        "Accept-Encoding": "gzip, deflate",
        "Connection": "keep-alive",
        "Content-Length": "380",
        "Content-Type": "application/json",
        "User-Agent": "azsdk-python-ai-translation-document/1.0.0b6 Python/3.10.0 (Windows-10-10.0.22000-SP0)",
        "x-ms-client-request-id": "67e870a4-4bd7-11ec-bca3-b831b58100e8"
      },
      "RequestBody": "{\u0022inputs\u0022: [{\u0022source\u0022: {\u0022sourceUrl\u0022: \u0022https://fakeendpoint.blob.core.windows.net/src4214a929-bcec-4c80-ad96-e0ca9ee60fba?se=end\u0026sp=rl\u0026sv=2020-10-02\u0026sr=c\u0026sig=fake_token_value\u0022, \u0022filter\u0022: {}}, \u0022targets\u0022: [{\u0022targetUrl\u0022: \u0022https://fakeendpoint.blob.core.windows.net/target0e26ec8b-e9e1-4efb-b59f-3aa008f75172?se=end\u0026sp=wl\u0026sv=2020-10-02\u0026sr=c\u0026sig=fake_token_value\u0022, \u0022language\u0022: \u0022es\u0022}]}]}",
      "StatusCode": 202,
      "ResponseHeaders": {
        "apim-request-id": "7965265e-1a03-4f43-ac8a-f472be3d43e6",
        "Content-Length": "0",
        "Date": "Mon, 22 Nov 2021 21:01:47 GMT",
        "Operation-Location": "https://fakeendpoint.cognitiveservices.azure.com/translator/text/batch/v1.0/batches/2d12761b-850c-440d-94b1-b6e5f3f82cb4",
        "Set-Cookie": [
          "ARRAffinity=d5311be9a7eee70fefb806f1e2337cdd19ccc651d9ba4b6954f0949b8feead5f;Path=/;HttpOnly;Secure;Domain=mtbatch.nam.microsofttranslator.com",
          "ARRAffinitySameSite=d5311be9a7eee70fefb806f1e2337cdd19ccc651d9ba4b6954f0949b8feead5f;Path=/;HttpOnly;SameSite=None;Secure;Domain=mtbatch.nam.microsofttranslator.com"
        ],
        "Strict-Transport-Security": "max-age=31536000; includeSubDomains; preload",
        "X-Content-Type-Options": "nosniff",
        "X-Powered-By": "ASP.NET",
        "X-RequestId": "7965265e-1a03-4f43-ac8a-f472be3d43e6"
      },
      "ResponseBody": null
    },
    {
      "RequestUri": "https://fakeendpoint.cognitiveservices.azure.com/translator/text/batch/v1.0/batches/2d12761b-850c-440d-94b1-b6e5f3f82cb4",
      "RequestMethod": "GET",
      "RequestHeaders": {
        "Accept": "*/*",
        "Accept-Encoding": "gzip, deflate",
        "Connection": "keep-alive",
        "User-Agent": "azsdk-python-ai-translation-document/1.0.0b6 Python/3.10.0 (Windows-10-10.0.22000-SP0)",
        "x-ms-client-request-id": "67e870a4-4bd7-11ec-bca3-b831b58100e8"
      },
      "RequestBody": null,
      "StatusCode": 200,
      "ResponseHeaders": {
        "apim-request-id": "bfb24a36-0e4a-48f1-95aa-674638472f19",
        "Cache-Control": "public, max-age=1",
        "Content-Encoding": "gzip",
        "Content-Type": "application/json; charset=utf-8",
        "Date": "Mon, 22 Nov 2021 21:01:48 GMT",
        "ETag": "\u0022DDBC37BE33105491F0123A7E061B3E05EA15BD8FD50B2E8792C025A3986D9C6E\u0022",
        "Set-Cookie": [
          "ARRAffinity=f9ffee55d5b846ab210939783079e864f7c0bd5efbd10d36648d3b62bbdfbaac;Path=/;HttpOnly;Secure;Domain=mtbatch.nam.microsofttranslator.com",
          "ARRAffinitySameSite=f9ffee55d5b846ab210939783079e864f7c0bd5efbd10d36648d3b62bbdfbaac;Path=/;HttpOnly;SameSite=None;Secure;Domain=mtbatch.nam.microsofttranslator.com"
        ],
        "Strict-Transport-Security": "max-age=31536000; includeSubDomains; preload",
        "Transfer-Encoding": "chunked",
        "Vary": "Accept-Encoding",
        "X-Content-Type-Options": "nosniff",
        "X-Powered-By": "ASP.NET",
        "X-RequestId": "bfb24a36-0e4a-48f1-95aa-674638472f19"
      },
      "ResponseBody": {
        "id": "2d12761b-850c-440d-94b1-b6e5f3f82cb4",
        "createdDateTimeUtc": "2021-11-22T21:01:47.5360075Z",
        "lastActionDateTimeUtc": "2021-11-22T21:01:47.7050322Z",
        "status": "NotStarted",
        "summary": {
          "total": 1,
          "failed": 0,
          "success": 0,
          "inProgress": 0,
          "notYetStarted": 1,
          "cancelled": 0,
          "totalCharacterCharged": 0
        }
      }
    },
    {
      "RequestUri": "https://fakeendpoint.cognitiveservices.azure.com/translator/text/batch/v1.0/batches/2d12761b-850c-440d-94b1-b6e5f3f82cb4",
      "RequestMethod": "GET",
      "RequestHeaders": {
        "Accept": "*/*",
        "Accept-Encoding": "gzip, deflate",
        "Connection": "keep-alive",
        "User-Agent": "azsdk-python-ai-translation-document/1.0.0b6 Python/3.10.0 (Windows-10-10.0.22000-SP0)",
        "x-ms-client-request-id": "67e870a4-4bd7-11ec-bca3-b831b58100e8"
      },
      "RequestBody": null,
      "StatusCode": 200,
      "ResponseHeaders": {
        "apim-request-id": "3fc66af7-3e34-4b47-b21d-c52e53d5be88",
        "Cache-Control": "public, max-age=1",
        "Content-Encoding": "gzip",
        "Content-Type": "application/json; charset=utf-8",
        "Date": "Mon, 22 Nov 2021 21:01:49 GMT",
        "ETag": "\u0022DDBC37BE33105491F0123A7E061B3E05EA15BD8FD50B2E8792C025A3986D9C6E\u0022",
        "Set-Cookie": [
          "ARRAffinity=d5311be9a7eee70fefb806f1e2337cdd19ccc651d9ba4b6954f0949b8feead5f;Path=/;HttpOnly;Secure;Domain=mtbatch.nam.microsofttranslator.com",
          "ARRAffinitySameSite=d5311be9a7eee70fefb806f1e2337cdd19ccc651d9ba4b6954f0949b8feead5f;Path=/;HttpOnly;SameSite=None;Secure;Domain=mtbatch.nam.microsofttranslator.com"
        ],
        "Strict-Transport-Security": "max-age=31536000; includeSubDomains; preload",
        "Transfer-Encoding": "chunked",
        "Vary": "Accept-Encoding",
        "X-Content-Type-Options": "nosniff",
        "X-Powered-By": "ASP.NET",
        "X-RequestId": "3fc66af7-3e34-4b47-b21d-c52e53d5be88"
      },
      "ResponseBody": {
        "id": "2d12761b-850c-440d-94b1-b6e5f3f82cb4",
        "createdDateTimeUtc": "2021-11-22T21:01:47.5360075Z",
        "lastActionDateTimeUtc": "2021-11-22T21:01:47.7050322Z",
        "status": "NotStarted",
        "summary": {
          "total": 1,
          "failed": 0,
          "success": 0,
          "inProgress": 0,
          "notYetStarted": 1,
          "cancelled": 0,
          "totalCharacterCharged": 0
        }
      }
    },
    {
      "RequestUri": "https://fakeendpoint.cognitiveservices.azure.com/translator/text/batch/v1.0/batches/2d12761b-850c-440d-94b1-b6e5f3f82cb4",
      "RequestMethod": "GET",
      "RequestHeaders": {
        "Accept": "*/*",
        "Accept-Encoding": "gzip, deflate",
        "Connection": "keep-alive",
        "User-Agent": "azsdk-python-ai-translation-document/1.0.0b6 Python/3.10.0 (Windows-10-10.0.22000-SP0)",
        "x-ms-client-request-id": "67e870a4-4bd7-11ec-bca3-b831b58100e8"
      },
      "RequestBody": null,
      "StatusCode": 200,
      "ResponseHeaders": {
        "apim-request-id": "7e1f7794-75fb-4568-8c2c-e6506d8201d5",
        "Cache-Control": "public, max-age=1",
        "Content-Encoding": "gzip",
        "Content-Type": "application/json; charset=utf-8",
        "Date": "Mon, 22 Nov 2021 21:01:50 GMT",
        "ETag": "\u0022221C90D901169CB7B746038C88F9354D2A1029A17BB0E44971A5EEE56D5B8BDE\u0022",
        "Set-Cookie": [
          "ARRAffinity=f9ffee55d5b846ab210939783079e864f7c0bd5efbd10d36648d3b62bbdfbaac;Path=/;HttpOnly;Secure;Domain=mtbatch.nam.microsofttranslator.com",
          "ARRAffinitySameSite=f9ffee55d5b846ab210939783079e864f7c0bd5efbd10d36648d3b62bbdfbaac;Path=/;HttpOnly;SameSite=None;Secure;Domain=mtbatch.nam.microsofttranslator.com"
        ],
        "Strict-Transport-Security": "max-age=31536000; includeSubDomains; preload",
        "Transfer-Encoding": "chunked",
        "Vary": "Accept-Encoding",
        "X-Content-Type-Options": "nosniff",
        "X-Powered-By": "ASP.NET",
        "X-RequestId": "7e1f7794-75fb-4568-8c2c-e6506d8201d5"
      },
      "ResponseBody": {
        "id": "2d12761b-850c-440d-94b1-b6e5f3f82cb4",
        "createdDateTimeUtc": "2021-11-22T21:01:47.5360075Z",
        "lastActionDateTimeUtc": "2021-11-22T21:01:50.4721293Z",
        "status": "Running",
        "summary": {
          "total": 1,
          "failed": 0,
          "success": 0,
          "inProgress": 1,
          "notYetStarted": 0,
          "cancelled": 0,
          "totalCharacterCharged": 0
        }
      }
    },
    {
      "RequestUri": "https://fakeendpoint.cognitiveservices.azure.com/translator/text/batch/v1.0/batches/2d12761b-850c-440d-94b1-b6e5f3f82cb4",
      "RequestMethod": "GET",
      "RequestHeaders": {
        "Accept": "*/*",
        "Accept-Encoding": "gzip, deflate",
        "Connection": "keep-alive",
        "User-Agent": "azsdk-python-ai-translation-document/1.0.0b6 Python/3.10.0 (Windows-10-10.0.22000-SP0)",
        "x-ms-client-request-id": "67e870a4-4bd7-11ec-bca3-b831b58100e8"
      },
      "RequestBody": null,
      "StatusCode": 200,
      "ResponseHeaders": {
        "apim-request-id": "47e93aef-06e1-48b6-8461-e7074112e50c",
        "Cache-Control": "public, max-age=1",
        "Content-Encoding": "gzip",
        "Content-Type": "application/json; charset=utf-8",
        "Date": "Mon, 22 Nov 2021 21:01:51 GMT",
        "ETag": "\u0022221C90D901169CB7B746038C88F9354D2A1029A17BB0E44971A5EEE56D5B8BDE\u0022",
        "Set-Cookie": [
          "ARRAffinity=d5311be9a7eee70fefb806f1e2337cdd19ccc651d9ba4b6954f0949b8feead5f;Path=/;HttpOnly;Secure;Domain=mtbatch.nam.microsofttranslator.com",
          "ARRAffinitySameSite=d5311be9a7eee70fefb806f1e2337cdd19ccc651d9ba4b6954f0949b8feead5f;Path=/;HttpOnly;SameSite=None;Secure;Domain=mtbatch.nam.microsofttranslator.com"
        ],
        "Strict-Transport-Security": "max-age=31536000; includeSubDomains; preload",
        "Transfer-Encoding": "chunked",
        "Vary": "Accept-Encoding",
        "X-Content-Type-Options": "nosniff",
        "X-Powered-By": "ASP.NET",
        "X-RequestId": "47e93aef-06e1-48b6-8461-e7074112e50c"
      },
      "ResponseBody": {
        "id": "2d12761b-850c-440d-94b1-b6e5f3f82cb4",
        "createdDateTimeUtc": "2021-11-22T21:01:47.5360075Z",
        "lastActionDateTimeUtc": "2021-11-22T21:01:50.4721293Z",
        "status": "Running",
        "summary": {
          "total": 1,
          "failed": 0,
          "success": 0,
          "inProgress": 1,
          "notYetStarted": 0,
          "cancelled": 0,
          "totalCharacterCharged": 0
        }
      }
    },
    {
      "RequestUri": "https://fakeendpoint.cognitiveservices.azure.com/translator/text/batch/v1.0/batches/2d12761b-850c-440d-94b1-b6e5f3f82cb4",
      "RequestMethod": "GET",
      "RequestHeaders": {
        "Accept": "*/*",
        "Accept-Encoding": "gzip, deflate",
        "Connection": "keep-alive",
        "User-Agent": "azsdk-python-ai-translation-document/1.0.0b6 Python/3.10.0 (Windows-10-10.0.22000-SP0)",
        "x-ms-client-request-id": "67e870a4-4bd7-11ec-bca3-b831b58100e8"
      },
      "RequestBody": null,
      "StatusCode": 200,
      "ResponseHeaders": {
        "apim-request-id": "140d3633-6274-442b-8177-32af486acbc5",
        "Cache-Control": "public, max-age=1",
        "Content-Encoding": "gzip",
        "Content-Type": "application/json; charset=utf-8",
        "Date": "Mon, 22 Nov 2021 21:01:52 GMT",
        "ETag": "\u0022221C90D901169CB7B746038C88F9354D2A1029A17BB0E44971A5EEE56D5B8BDE\u0022",
        "Set-Cookie": [
          "ARRAffinity=f9ffee55d5b846ab210939783079e864f7c0bd5efbd10d36648d3b62bbdfbaac;Path=/;HttpOnly;Secure;Domain=mtbatch.nam.microsofttranslator.com",
          "ARRAffinitySameSite=f9ffee55d5b846ab210939783079e864f7c0bd5efbd10d36648d3b62bbdfbaac;Path=/;HttpOnly;SameSite=None;Secure;Domain=mtbatch.nam.microsofttranslator.com"
        ],
        "Strict-Transport-Security": "max-age=31536000; includeSubDomains; preload",
        "Transfer-Encoding": "chunked",
        "Vary": "Accept-Encoding",
        "X-Content-Type-Options": "nosniff",
        "X-Powered-By": "ASP.NET",
        "X-RequestId": "140d3633-6274-442b-8177-32af486acbc5"
      },
      "ResponseBody": {
        "id": "2d12761b-850c-440d-94b1-b6e5f3f82cb4",
        "createdDateTimeUtc": "2021-11-22T21:01:47.5360075Z",
        "lastActionDateTimeUtc": "2021-11-22T21:01:50.4721293Z",
        "status": "Running",
        "summary": {
          "total": 1,
          "failed": 0,
          "success": 0,
          "inProgress": 1,
          "notYetStarted": 0,
          "cancelled": 0,
          "totalCharacterCharged": 0
        }
      }
    },
    {
      "RequestUri": "https://fakeendpoint.cognitiveservices.azure.com/translator/text/batch/v1.0/batches/2d12761b-850c-440d-94b1-b6e5f3f82cb4",
      "RequestMethod": "GET",
      "RequestHeaders": {
        "Accept": "*/*",
        "Accept-Encoding": "gzip, deflate",
        "Connection": "keep-alive",
        "User-Agent": "azsdk-python-ai-translation-document/1.0.0b6 Python/3.10.0 (Windows-10-10.0.22000-SP0)",
        "x-ms-client-request-id": "67e870a4-4bd7-11ec-bca3-b831b58100e8"
      },
      "RequestBody": null,
      "StatusCode": 200,
      "ResponseHeaders": {
        "apim-request-id": "9b1ec546-6c03-4ea6-bc43-0619a2f277a9",
        "Cache-Control": "public, max-age=1",
        "Content-Encoding": "gzip",
        "Content-Type": "application/json; charset=utf-8",
        "Date": "Mon, 22 Nov 2021 21:01:53 GMT",
        "ETag": "\u0022AEDBBAC7AD2DC313782D2AC29444196597DA1DE967583C36F6C4ACC76613CB6F\u0022",
        "Set-Cookie": [
          "ARRAffinity=d5311be9a7eee70fefb806f1e2337cdd19ccc651d9ba4b6954f0949b8feead5f;Path=/;HttpOnly;Secure;Domain=mtbatch.nam.microsofttranslator.com",
          "ARRAffinitySameSite=d5311be9a7eee70fefb806f1e2337cdd19ccc651d9ba4b6954f0949b8feead5f;Path=/;HttpOnly;SameSite=None;Secure;Domain=mtbatch.nam.microsofttranslator.com"
        ],
        "Strict-Transport-Security": "max-age=31536000; includeSubDomains; preload",
        "Transfer-Encoding": "chunked",
        "Vary": "Accept-Encoding",
        "X-Content-Type-Options": "nosniff",
        "X-Powered-By": "ASP.NET",
        "X-RequestId": "9b1ec546-6c03-4ea6-bc43-0619a2f277a9"
      },
      "ResponseBody": {
        "id": "2d12761b-850c-440d-94b1-b6e5f3f82cb4",
        "createdDateTimeUtc": "2021-11-22T21:01:47.5360075Z",
        "lastActionDateTimeUtc": "2021-11-22T21:01:53.494232Z",
        "status": "Succeeded",
        "summary": {
          "total": 1,
          "failed": 0,
          "success": 1,
          "inProgress": 0,
          "notYetStarted": 0,
          "cancelled": 0,
          "totalCharacterCharged": 11
        }
      }
    }
  ],
  "Variables": {
    "source_container_name": "src4214a929-bcec-4c80-ad96-e0ca9ee60fba",
    "target_container_name": "target98dda840-2693-487e-9496-8c7d1d2a9821",
    "target_container_name2": "target0e26ec8b-e9e1-4efb-b59f-3aa008f75172"
  }
}
