{
  "Entries": [
    {
      "RequestUri": "https://fakeendpoint.cognitiveservices.azure.com/translator/text/batch/v1.0/batches",
      "RequestMethod": "POST",
      "RequestHeaders": {
        "Accept": "application/json",
        "Accept-Encoding": "gzip, deflate",
        "Content-Length": "380",
        "Content-Type": "application/json",
        "User-Agent": "azsdk-python-ai-translation-document/1.0.0 Python/3.9.0 (Windows-10-10.0.22000-SP0)"
      },
      "RequestBody": {
        "inputs": [
          {
            "source": {
              "sourceUrl": "https://fakeendpoint.blob.core.windows.net/src85483087-0319-4956-b188-0d3cad1c7ee3?se=end\u0026sp=rl\u0026sv=2021-06-08\u0026sr=c\u0026sig=fake_token_value",
              "filter": {}
            },
            "targets": [
              {
                "targetUrl": "https://fakeendpoint.blob.core.windows.net/targetd5e21b4d-8ae4-4b59-a401-6f47274b2dbf?se=end\u0026sp=wl\u0026sv=2021-06-08\u0026sr=c\u0026sig=fake_token_value",
                "language": "es"
              }
            ]
          }
        ]
      },
      "StatusCode": 202,
      "ResponseHeaders": {
        "apim-request-id": "29e6517b-ef88-4bcb-a96b-c553ae095539",
        "Content-Length": "0",
        "Date": "Wed, 01 Jun 2022 20:51:59 GMT",
        "Operation-Location": "https://fakeendpoint.cognitiveservices.azure.com/translator/text/batch/v1.0/batches/ce1eb5b7-97a2-4dc0-97b2-23fae84038fa",
        "Set-Cookie": [
          "ARRAffinity=cafa601ca5f017b1c68bca037439964b89cf2f140e4a1200b5cb3397ea215a8c;Path=/;HttpOnly;Secure;Domain=mtbatch.nam.microsofttranslator.com",
          "ARRAffinitySameSite=cafa601ca5f017b1c68bca037439964b89cf2f140e4a1200b5cb3397ea215a8c;Path=/;HttpOnly;SameSite=None;Secure;Domain=mtbatch.nam.microsofttranslator.com"
        ],
        "Strict-Transport-Security": "max-age=31536000; includeSubDomains; preload",
        "X-Content-Type-Options": "nosniff",
        "X-Powered-By": "ASP.NET",
        "X-RequestId": "29e6517b-ef88-4bcb-a96b-c553ae095539"
      },
      "ResponseBody": null
    },
    {
      "RequestUri": "https://fakeendpoint.cognitiveservices.azure.com/translator/text/batch/v1.0/batches/ce1eb5b7-97a2-4dc0-97b2-23fae84038fa",
      "RequestMethod": "GET",
      "RequestHeaders": {
        "Accept": "*/*",
        "Accept-Encoding": "gzip, deflate",
        "User-Agent": "azsdk-python-ai-translation-document/1.0.0 Python/3.9.0 (Windows-10-10.0.22000-SP0)"
      },
      "RequestBody": null,
      "StatusCode": 200,
      "ResponseHeaders": {
        "apim-request-id": "405003ae-534e-43e3-bf78-e093bb733eb6",
        "Cache-Control": "public, max-age=1",
        "Content-Encoding": "gzip",
        "Content-Type": "application/json; charset=utf-8",
        "Date": "Wed, 01 Jun 2022 20:52:00 GMT",
        "ETag": "\u00224009B6AA2F19C8312FE4459FB293D12855174C1903BBA00E0E2052AB04016422\u0022",
        "Set-Cookie": [
          "ARRAffinity=52534756bc24481c0848ee2def3c54a057fd0e51707d9dcf782aa603bbaa9f24;Path=/;HttpOnly;Secure;Domain=mtbatch.nam.microsofttranslator.com",
          "ARRAffinitySameSite=52534756bc24481c0848ee2def3c54a057fd0e51707d9dcf782aa603bbaa9f24;Path=/;HttpOnly;SameSite=None;Secure;Domain=mtbatch.nam.microsofttranslator.com"
        ],
        "Strict-Transport-Security": "max-age=31536000; includeSubDomains; preload",
        "Transfer-Encoding": "chunked",
        "Vary": "Accept-Encoding",
        "X-Content-Type-Options": "nosniff",
        "X-Powered-By": "ASP.NET",
        "X-RequestId": "405003ae-534e-43e3-bf78-e093bb733eb6"
      },
      "ResponseBody": {
        "id": "ce1eb5b7-97a2-4dc0-97b2-23fae84038fa",
        "createdDateTimeUtc": "2022-06-01T20:52:00.0367079Z",
        "lastActionDateTimeUtc": "2022-06-01T20:52:00.9175449Z",
        "status": "Running",
        "summary": {
          "total": 5,
          "failed": 0,
          "success": 0,
          "inProgress": 5,
          "notYetStarted": 0,
          "cancelled": 0,
          "totalCharacterCharged": 0
        }
      }
    },
    {
      "RequestUri": "https://fakeendpoint.cognitiveservices.azure.com/translator/text/batch/v1.0/batches/ce1eb5b7-97a2-4dc0-97b2-23fae84038fa",
      "RequestMethod": "GET",
      "RequestHeaders": {
        "Accept": "*/*",
        "Accept-Encoding": "gzip, deflate",
        "User-Agent": "azsdk-python-ai-translation-document/1.0.0 Python/3.9.0 (Windows-10-10.0.22000-SP0)"
      },
      "RequestBody": null,
      "StatusCode": 200,
      "ResponseHeaders": {
        "apim-request-id": "9c9005ec-2bdc-4907-a63e-db38e0d8aa21",
        "Cache-Control": "public, max-age=1",
        "Content-Encoding": "gzip",
        "Content-Type": "application/json; charset=utf-8",
        "Date": "Wed, 01 Jun 2022 20:52:01 GMT",
        "ETag": "\u0022CC35DBB1C309D258631E66B43E1164562CE926658A7156826E7C25856B811F6C\u0022",
        "Set-Cookie": [
          "ARRAffinity=cafa601ca5f017b1c68bca037439964b89cf2f140e4a1200b5cb3397ea215a8c;Path=/;HttpOnly;Secure;Domain=mtbatch.nam.microsofttranslator.com",
          "ARRAffinitySameSite=cafa601ca5f017b1c68bca037439964b89cf2f140e4a1200b5cb3397ea215a8c;Path=/;HttpOnly;SameSite=None;Secure;Domain=mtbatch.nam.microsofttranslator.com"
        ],
        "Strict-Transport-Security": "max-age=31536000; includeSubDomains; preload",
        "Transfer-Encoding": "chunked",
        "Vary": "Accept-Encoding",
        "X-Content-Type-Options": "nosniff",
        "X-Powered-By": "ASP.NET",
        "X-RequestId": "9c9005ec-2bdc-4907-a63e-db38e0d8aa21"
      },
      "ResponseBody": {
        "id": "ce1eb5b7-97a2-4dc0-97b2-23fae84038fa",
        "createdDateTimeUtc": "2022-06-01T20:52:00.0367079Z",
        "lastActionDateTimeUtc": "2022-06-01T20:52:01.1412765Z",
        "status": "Running",
        "summary": {
          "total": 5,
          "failed": 0,
          "success": 0,
          "inProgress": 5,
          "notYetStarted": 0,
          "cancelled": 0,
          "totalCharacterCharged": 0
        }
      }
    },
    {
      "RequestUri": "https://fakeendpoint.cognitiveservices.azure.com/translator/text/batch/v1.0/batches/ce1eb5b7-97a2-4dc0-97b2-23fae84038fa",
      "RequestMethod": "GET",
      "RequestHeaders": {
        "Accept": "*/*",
        "Accept-Encoding": "gzip, deflate",
        "User-Agent": "azsdk-python-ai-translation-document/1.0.0 Python/3.9.0 (Windows-10-10.0.22000-SP0)"
      },
      "RequestBody": null,
      "StatusCode": 200,
      "ResponseHeaders": {
        "apim-request-id": "731791ee-b03f-4d96-b6b3-34fd82925719",
        "Cache-Control": "public, max-age=1",
        "Content-Encoding": "gzip",
        "Content-Type": "application/json; charset=utf-8",
        "Date": "Wed, 01 Jun 2022 20:52:02 GMT",
        "ETag": "\u0022CC35DBB1C309D258631E66B43E1164562CE926658A7156826E7C25856B811F6C\u0022",
        "Set-Cookie": [
          "ARRAffinity=52534756bc24481c0848ee2def3c54a057fd0e51707d9dcf782aa603bbaa9f24;Path=/;HttpOnly;Secure;Domain=mtbatch.nam.microsofttranslator.com",
          "ARRAffinitySameSite=52534756bc24481c0848ee2def3c54a057fd0e51707d9dcf782aa603bbaa9f24;Path=/;HttpOnly;SameSite=None;Secure;Domain=mtbatch.nam.microsofttranslator.com"
        ],
        "Strict-Transport-Security": "max-age=31536000; includeSubDomains; preload",
        "Transfer-Encoding": "chunked",
        "Vary": "Accept-Encoding",
        "X-Content-Type-Options": "nosniff",
        "X-Powered-By": "ASP.NET",
        "X-RequestId": "731791ee-b03f-4d96-b6b3-34fd82925719"
      },
      "ResponseBody": {
        "id": "ce1eb5b7-97a2-4dc0-97b2-23fae84038fa",
        "createdDateTimeUtc": "2022-06-01T20:52:00.0367079Z",
        "lastActionDateTimeUtc": "2022-06-01T20:52:01.1412765Z",
        "status": "Running",
        "summary": {
          "total": 5,
          "failed": 0,
          "success": 0,
          "inProgress": 5,
          "notYetStarted": 0,
          "cancelled": 0,
          "totalCharacterCharged": 0
        }
      }
    },
    {
      "RequestUri": "https://fakeendpoint.cognitiveservices.azure.com/translator/text/batch/v1.0/batches/ce1eb5b7-97a2-4dc0-97b2-23fae84038fa",
      "RequestMethod": "GET",
      "RequestHeaders": {
        "Accept": "*/*",
        "Accept-Encoding": "gzip, deflate",
        "User-Agent": "azsdk-python-ai-translation-document/1.0.0 Python/3.9.0 (Windows-10-10.0.22000-SP0)"
      },
      "RequestBody": null,
      "StatusCode": 200,
      "ResponseHeaders": {
        "apim-request-id": "67a76b59-da53-40bc-ae9d-2a037d1f45db",
        "Cache-Control": "public, max-age=1",
        "Content-Encoding": "gzip",
        "Content-Type": "application/json; charset=utf-8",
        "Date": "Wed, 01 Jun 2022 20:52:03 GMT",
        "ETag": "\u0022A020ADB76C54BD4B1D1BB0F644053225CBDE4271121CB9D52FF2139911C4F94A\u0022",
        "Set-Cookie": [
          "ARRAffinity=52534756bc24481c0848ee2def3c54a057fd0e51707d9dcf782aa603bbaa9f24;Path=/;HttpOnly;Secure;Domain=mtbatch.nam.microsofttranslator.com",
          "ARRAffinitySameSite=52534756bc24481c0848ee2def3c54a057fd0e51707d9dcf782aa603bbaa9f24;Path=/;HttpOnly;SameSite=None;Secure;Domain=mtbatch.nam.microsofttranslator.com"
        ],
        "Strict-Transport-Security": "max-age=31536000; includeSubDomains; preload",
        "Transfer-Encoding": "chunked",
        "Vary": "Accept-Encoding",
        "X-Content-Type-Options": "nosniff",
        "X-Powered-By": "ASP.NET",
        "X-RequestId": "67a76b59-da53-40bc-ae9d-2a037d1f45db"
      },
      "ResponseBody": {
        "id": "ce1eb5b7-97a2-4dc0-97b2-23fae84038fa",
        "createdDateTimeUtc": "2022-06-01T20:52:00.0367079Z",
        "lastActionDateTimeUtc": "2022-06-01T20:52:04.2368399Z",
        "status": "Running",
        "summary": {
          "total": 5,
          "failed": 0,
          "success": 4,
          "inProgress": 1,
          "notYetStarted": 0,
          "cancelled": 0,
          "totalCharacterCharged": 108
        }
      }
    },
    {
      "RequestUri": "https://fakeendpoint.cognitiveservices.azure.com/translator/text/batch/v1.0/batches/ce1eb5b7-97a2-4dc0-97b2-23fae84038fa",
      "RequestMethod": "GET",
      "RequestHeaders": {
        "Accept": "*/*",
        "Accept-Encoding": "gzip, deflate",
        "User-Agent": "azsdk-python-ai-translation-document/1.0.0 Python/3.9.0 (Windows-10-10.0.22000-SP0)"
      },
      "RequestBody": null,
      "StatusCode": 200,
      "ResponseHeaders": {
        "apim-request-id": "da7edd78-4dd9-4535-a89a-72bd1d4492f0",
        "Cache-Control": "public, max-age=1",
        "Content-Encoding": "gzip",
        "Content-Type": "application/json; charset=utf-8",
        "Date": "Wed, 01 Jun 2022 20:52:04 GMT",
        "ETag": "\u002292C673D019DAEEB13F0A64BBABB7A63B1246BFF599A6CD1D213D198A60C2AD8E\u0022",
        "Set-Cookie": [
          "ARRAffinity=cafa601ca5f017b1c68bca037439964b89cf2f140e4a1200b5cb3397ea215a8c;Path=/;HttpOnly;Secure;Domain=mtbatch.nam.microsofttranslator.com",
          "ARRAffinitySameSite=cafa601ca5f017b1c68bca037439964b89cf2f140e4a1200b5cb3397ea215a8c;Path=/;HttpOnly;SameSite=None;Secure;Domain=mtbatch.nam.microsofttranslator.com"
        ],
        "Strict-Transport-Security": "max-age=31536000; includeSubDomains; preload",
        "Transfer-Encoding": "chunked",
        "Vary": "Accept-Encoding",
        "X-Content-Type-Options": "nosniff",
        "X-Powered-By": "ASP.NET",
        "X-RequestId": "da7edd78-4dd9-4535-a89a-72bd1d4492f0"
      },
      "ResponseBody": {
        "id": "ce1eb5b7-97a2-4dc0-97b2-23fae84038fa",
        "createdDateTimeUtc": "2022-06-01T20:52:00.0367079Z",
        "lastActionDateTimeUtc": "2022-06-01T20:52:04.2368399Z",
        "status": "Succeeded",
        "summary": {
          "total": 5,
          "failed": 0,
          "success": 5,
          "inProgress": 0,
          "notYetStarted": 0,
          "cancelled": 0,
          "totalCharacterCharged": 135
        }
      }
    },
    {
      "RequestUri": "https://fakeendpoint.cognitiveservices.azure.com/translator/text/batch/v1.0/batches/ce1eb5b7-97a2-4dc0-97b2-23fae84038fa/documents?$maxpagesize=50",
      "RequestMethod": "GET",
      "RequestHeaders": {
        "Accept": "application/json",
        "Accept-Encoding": "gzip, deflate",
        "User-Agent": "azsdk-python-ai-translation-document/1.0.0 Python/3.9.0 (Windows-10-10.0.22000-SP0)"
      },
      "RequestBody": null,
      "StatusCode": 200,
      "ResponseHeaders": {
        "apim-request-id": "6ef315b3-983a-49a5-ac70-d6997d5db356",
        "Cache-Control": "public, max-age=1",
        "Content-Encoding": "gzip",
        "Content-Type": "application/json; charset=utf-8",
        "Date": "Wed, 01 Jun 2022 20:52:05 GMT",
        "ETag": "\u0022DB89685AEA74F7098E9BDCC8B71DEAECC1EFE9C173E98DC387C4BCF6F12C35FF\u0022",
        "Set-Cookie": [
          "ARRAffinity=52534756bc24481c0848ee2def3c54a057fd0e51707d9dcf782aa603bbaa9f24;Path=/;HttpOnly;Secure;Domain=mtbatch.nam.microsofttranslator.com",
          "ARRAffinitySameSite=52534756bc24481c0848ee2def3c54a057fd0e51707d9dcf782aa603bbaa9f24;Path=/;HttpOnly;SameSite=None;Secure;Domain=mtbatch.nam.microsofttranslator.com"
        ],
        "Strict-Transport-Security": "max-age=31536000; includeSubDomains; preload",
        "Transfer-Encoding": "chunked",
        "Vary": "Accept-Encoding",
        "X-Content-Type-Options": "nosniff",
        "X-Powered-By": "ASP.NET",
        "X-RequestId": "6ef315b3-983a-49a5-ac70-d6997d5db356"
      },
      "ResponseBody": {
        "value": [
          {
            "path": "https://fakeendpoint.blob.core.windows.net/targetd5e21b4d-8ae4-4b59-a401-6f47274b2dbf/f6a437bf-88b3-43e9-89ec-c2a3001fe631.txt",
            "sourcePath": "https://fakeendpoint.blob.core.windows.net/src85483087-0319-4956-b188-0d3cad1c7ee3/f6a437bf-88b3-43e9-89ec-c2a3001fe631.txt",
            "createdDateTimeUtc": "2022-06-01T20:52:00.9283907Z",
            "lastActionDateTimeUtc": "2022-06-01T20:52:05.3472152Z",
            "status": "Succeeded",
            "to": "es",
            "progress": 1,
            "id": "003febb2-0000-0000-0000-000000000000",
            "characterCharged": 27
          },
          {
            "path": "https://fakeendpoint.blob.core.windows.net/targetd5e21b4d-8ae4-4b59-a401-6f47274b2dbf/a62f6991-c1d6-4737-90d8-98afe723c973.txt",
            "sourcePath": "https://fakeendpoint.blob.core.windows.net/src85483087-0319-4956-b188-0d3cad1c7ee3/a62f6991-c1d6-4737-90d8-98afe723c973.txt",
            "createdDateTimeUtc": "2022-06-01T20:52:00.6238551Z",
            "lastActionDateTimeUtc": "2022-06-01T20:52:04.2307676Z",
            "status": "Succeeded",
            "to": "es",
            "progress": 1,
            "id": "003febb0-0000-0000-0000-000000000000",
            "characterCharged": 27
          },
          {
            "path": "https://fakeendpoint.blob.core.windows.net/targetd5e21b4d-8ae4-4b59-a401-6f47274b2dbf/439ec3d0-578e-422c-9e80-d1e339f9fad3.txt",
            "sourcePath": "https://fakeendpoint.blob.core.windows.net/src85483087-0319-4956-b188-0d3cad1c7ee3/439ec3d0-578e-422c-9e80-d1e339f9fad3.txt",
            "createdDateTimeUtc": "2022-06-01T20:52:00.6232984Z",
            "lastActionDateTimeUtc": "2022-06-01T20:52:04.2368357Z",
            "status": "Succeeded",
            "to": "es",
            "progress": 1,
            "id": "003febae-0000-0000-0000-000000000000",
            "characterCharged": 27
          },
          {
            "path": "https://fakeendpoint.blob.core.windows.net/targetd5e21b4d-8ae4-4b59-a401-6f47274b2dbf/dc3b1d1a-5091-475d-a3af-471466a5db7d.txt",
            "sourcePath": "https://fakeendpoint.blob.core.windows.net/src85483087-0319-4956-b188-0d3cad1c7ee3/dc3b1d1a-5091-475d-a3af-471466a5db7d.txt",
            "createdDateTimeUtc": "2022-06-01T20:52:00.6058322Z",
            "lastActionDateTimeUtc": "2022-06-01T20:52:04.2089742Z",
            "status": "Succeeded",
            "to": "es",
            "progress": 1,
            "id": "003febb1-0000-0000-0000-000000000000",
            "characterCharged": 27
          },
          {
            "path": "https://fakeendpoint.blob.core.windows.net/targetd5e21b4d-8ae4-4b59-a401-6f47274b2dbf/91047785-22b2-4e3e-990b-9f4835645a83.txt",
            "sourcePath": "https://fakeendpoint.blob.core.windows.net/src85483087-0319-4956-b188-0d3cad1c7ee3/91047785-22b2-4e3e-990b-9f4835645a83.txt",
            "createdDateTimeUtc": "2022-06-01T20:52:00.6038334Z",
            "lastActionDateTimeUtc": "2022-06-01T20:52:04.1903289Z",
            "status": "Succeeded",
            "to": "es",
            "progress": 1,
            "id": "003febaf-0000-0000-0000-000000000000",
            "characterCharged": 27
          }
        ]
      }
    },
    {
      "RequestUri": "https://fakeendpoint.cognitiveservices.azure.com/translator/text/batch/v1.0/batches/ce1eb5b7-97a2-4dc0-97b2-23fae84038fa/documents?$maxpagesize=50\u0026$orderBy=createdDateTimeUtc%20asc",
      "RequestMethod": "GET",
      "RequestHeaders": {
        "Accept": "application/json",
        "Accept-Encoding": "gzip, deflate",
        "User-Agent": "azsdk-python-ai-translation-document/1.0.0 Python/3.9.0 (Windows-10-10.0.22000-SP0)"
      },
      "RequestBody": null,
      "StatusCode": 200,
      "ResponseHeaders": {
        "apim-request-id": "65268532-ece5-42a7-86db-f54235cb2453",
        "Cache-Control": "public, max-age=1",
        "Content-Encoding": "gzip",
        "Content-Type": "application/json; charset=utf-8",
        "Date": "Wed, 01 Jun 2022 20:52:05 GMT",
        "ETag": "\u00224ADB0EF3F1AB90E6F29E76E5C1C366209CCE88FA617627E66735200773E1618F\u0022",
        "Set-Cookie": [
          "ARRAffinity=cafa601ca5f017b1c68bca037439964b89cf2f140e4a1200b5cb3397ea215a8c;Path=/;HttpOnly;Secure;Domain=mtbatch.nam.microsofttranslator.com",
          "ARRAffinitySameSite=cafa601ca5f017b1c68bca037439964b89cf2f140e4a1200b5cb3397ea215a8c;Path=/;HttpOnly;SameSite=None;Secure;Domain=mtbatch.nam.microsofttranslator.com"
        ],
        "Strict-Transport-Security": "max-age=31536000; includeSubDomains; preload",
        "Transfer-Encoding": "chunked",
        "Vary": "Accept-Encoding",
        "X-Content-Type-Options": "nosniff",
        "X-Powered-By": "ASP.NET",
        "X-RequestId": "65268532-ece5-42a7-86db-f54235cb2453"
      },
      "ResponseBody": {
        "value": [
          {
            "path": "https://fakeendpoint.blob.core.windows.net/targetd5e21b4d-8ae4-4b59-a401-6f47274b2dbf/91047785-22b2-4e3e-990b-9f4835645a83.txt",
            "sourcePath": "https://fakeendpoint.blob.core.windows.net/src85483087-0319-4956-b188-0d3cad1c7ee3/91047785-22b2-4e3e-990b-9f4835645a83.txt",
            "createdDateTimeUtc": "2022-06-01T20:52:00.6038334Z",
            "lastActionDateTimeUtc": "2022-06-01T20:52:04.1903289Z",
            "status": "Succeeded",
            "to": "es",
            "progress": 1,
            "id": "003febaf-0000-0000-0000-000000000000",
            "characterCharged": 27
          },
          {
            "path": "https://fakeendpoint.blob.core.windows.net/targetd5e21b4d-8ae4-4b59-a401-6f47274b2dbf/dc3b1d1a-5091-475d-a3af-471466a5db7d.txt",
            "sourcePath": "https://fakeendpoint.blob.core.windows.net/src85483087-0319-4956-b188-0d3cad1c7ee3/dc3b1d1a-5091-475d-a3af-471466a5db7d.txt",
            "createdDateTimeUtc": "2022-06-01T20:52:00.6058322Z",
            "lastActionDateTimeUtc": "2022-06-01T20:52:04.2089742Z",
            "status": "Succeeded",
            "to": "es",
            "progress": 1,
            "id": "003febb1-0000-0000-0000-000000000000",
            "characterCharged": 27
          },
          {
            "path": "https://fakeendpoint.blob.core.windows.net/targetd5e21b4d-8ae4-4b59-a401-6f47274b2dbf/439ec3d0-578e-422c-9e80-d1e339f9fad3.txt",
            "sourcePath": "https://fakeendpoint.blob.core.windows.net/src85483087-0319-4956-b188-0d3cad1c7ee3/439ec3d0-578e-422c-9e80-d1e339f9fad3.txt",
            "createdDateTimeUtc": "2022-06-01T20:52:00.6232984Z",
            "lastActionDateTimeUtc": "2022-06-01T20:52:04.2368357Z",
            "status": "Succeeded",
            "to": "es",
            "progress": 1,
            "id": "003febae-0000-0000-0000-000000000000",
            "characterCharged": 27
          },
          {
            "path": "https://fakeendpoint.blob.core.windows.net/targetd5e21b4d-8ae4-4b59-a401-6f47274b2dbf/a62f6991-c1d6-4737-90d8-98afe723c973.txt",
            "sourcePath": "https://fakeendpoint.blob.core.windows.net/src85483087-0319-4956-b188-0d3cad1c7ee3/a62f6991-c1d6-4737-90d8-98afe723c973.txt",
            "createdDateTimeUtc": "2022-06-01T20:52:00.6238551Z",
            "lastActionDateTimeUtc": "2022-06-01T20:52:04.2307676Z",
            "status": "Succeeded",
            "to": "es",
            "progress": 1,
            "id": "003febb0-0000-0000-0000-000000000000",
            "characterCharged": 27
          },
          {
            "path": "https://fakeendpoint.blob.core.windows.net/targetd5e21b4d-8ae4-4b59-a401-6f47274b2dbf/f6a437bf-88b3-43e9-89ec-c2a3001fe631.txt",
            "sourcePath": "https://fakeendpoint.blob.core.windows.net/src85483087-0319-4956-b188-0d3cad1c7ee3/f6a437bf-88b3-43e9-89ec-c2a3001fe631.txt",
            "createdDateTimeUtc": "2022-06-01T20:52:00.9283907Z",
            "lastActionDateTimeUtc": "2022-06-01T20:52:05.3472152Z",
            "status": "Succeeded",
            "to": "es",
            "progress": 1,
            "id": "003febb2-0000-0000-0000-000000000000",
            "characterCharged": 27
          }
        ]
      }
    }
  ],
  "Variables": {
    "source_container_name": "src85483087-0319-4956-b188-0d3cad1c7ee3",
    "target_container_name": "targetd5e21b4d-8ae4-4b59-a401-6f47274b2dbf"
  }
}
