{
  "Entries": [
    {
      "RequestUri": "https://fakeendpoint.blob.core.windows.net/src43084ea7-f519-4eb0-9597-3d67388279cc?restype=container",
      "RequestMethod": "PUT",
      "RequestHeaders": {
        "Accept": "application/xml",
        "Accept-Encoding": "gzip, deflate",
        "Connection": "keep-alive",
        "Content-Length": "0",
        "User-Agent": "azsdk-python-storage-blob/12.13.1 Python/3.10.0 (Windows-10-10.0.22621-SP0)",
        "x-ms-date": "Thu, 01 Dec 2022 22:32:57 GMT",
        "x-ms-version": "2021-08-06"
      },
      "RequestBody": null,
      "StatusCode": 201,
      "ResponseHeaders": {
        "Content-Length": "0",
        "Date": "Thu, 01 Dec 2022 22:33:12 GMT",
        "ETag": "\u00220x8DAD3EC084E43F7\u0022",
        "Last-Modified": "Thu, 01 Dec 2022 22:33:13 GMT",
        "Server": [
          "Windows-Azure-Blob/1.0",
          "Microsoft-HTTPAPI/2.0"
        ],
        "x-ms-version": "2021-08-06"
      },
      "ResponseBody": null
    },
    {
      "RequestUri": "https://fakeendpoint.blob.core.windows.net/src43084ea7-f519-4eb0-9597-3d67388279cc/b6c27a53-ec83-49da-82a5-5256d51e76ff.txt",
      "RequestMethod": "PUT",
      "RequestHeaders": {
        "Accept": "application/xml",
        "Accept-Encoding": "gzip, deflate",
        "Connection": "keep-alive",
        "Content-Length": "27",
        "Content-Type": "application/octet-stream",
        "If-None-Match": "*",
        "User-Agent": "azsdk-python-storage-blob/12.13.1 Python/3.10.0 (Windows-10-10.0.22621-SP0)",
        "x-ms-blob-type": "BlockBlob",
        "x-ms-date": "Thu, 01 Dec 2022 22:32:57 GMT",
        "x-ms-version": "2021-08-06"
      },
      "RequestBody": "VGhpcyBpcyB3cml0dGVuIGluIGVuZ2xpc2gu",
      "StatusCode": 201,
      "ResponseHeaders": {
        "Content-Length": "0",
        "Content-MD5": "mYgA0QpY6baiB\u002BxZp8Hk\u002BA==",
        "Date": "Thu, 01 Dec 2022 22:33:12 GMT",
        "ETag": "\u00220x8DAD3EC08533185\u0022",
        "Last-Modified": "Thu, 01 Dec 2022 22:33:13 GMT",
        "Server": [
          "Windows-Azure-Blob/1.0",
          "Microsoft-HTTPAPI/2.0"
        ],
        "x-ms-content-crc64": "NB4xBtawP6g=",
        "x-ms-request-server-encrypted": "true",
        "x-ms-version": "2021-08-06"
      },
      "ResponseBody": null
    },
    {
      "RequestUri": "https://fakeendpoint.blob.core.windows.net/src43084ea7-f519-4eb0-9597-3d67388279cc/2d558b9e-8505-4884-b226-3a9a3147b9c6.txt",
      "RequestMethod": "PUT",
      "RequestHeaders": {
        "Accept": "application/xml",
        "Accept-Encoding": "gzip, deflate",
        "Connection": "keep-alive",
        "Content-Length": "27",
        "Content-Type": "application/octet-stream",
        "If-None-Match": "*",
        "User-Agent": "azsdk-python-storage-blob/12.13.1 Python/3.10.0 (Windows-10-10.0.22621-SP0)",
        "x-ms-blob-type": "BlockBlob",
        "x-ms-date": "Thu, 01 Dec 2022 22:32:57 GMT",
        "x-ms-version": "2021-08-06"
      },
      "RequestBody": "VGhpcyBpcyB3cml0dGVuIGluIGVuZ2xpc2gu",
      "StatusCode": 201,
      "ResponseHeaders": {
        "Content-Length": "0",
        "Content-MD5": "mYgA0QpY6baiB\u002BxZp8Hk\u002BA==",
        "Date": "Thu, 01 Dec 2022 22:33:12 GMT",
        "ETag": "\u00220x8DAD3EC0859240D\u0022",
        "Last-Modified": "Thu, 01 Dec 2022 22:33:13 GMT",
        "Server": [
          "Windows-Azure-Blob/1.0",
          "Microsoft-HTTPAPI/2.0"
        ],
        "x-ms-content-crc64": "NB4xBtawP6g=",
        "x-ms-request-server-encrypted": "true",
        "x-ms-version": "2021-08-06"
      },
      "ResponseBody": null
    },
    {
      "RequestUri": "https://fakeendpoint.blob.core.windows.net/src43084ea7-f519-4eb0-9597-3d67388279cc/c4275d5e-faaf-46b9-9ac5-10b6ae9da6cc.txt",
      "RequestMethod": "PUT",
      "RequestHeaders": {
        "Accept": "application/xml",
        "Accept-Encoding": "gzip, deflate",
        "Connection": "keep-alive",
        "Content-Length": "27",
        "Content-Type": "application/octet-stream",
        "If-None-Match": "*",
        "User-Agent": "azsdk-python-storage-blob/12.13.1 Python/3.10.0 (Windows-10-10.0.22621-SP0)",
        "x-ms-blob-type": "BlockBlob",
        "x-ms-date": "Thu, 01 Dec 2022 22:32:57 GMT",
        "x-ms-version": "2021-08-06"
      },
      "RequestBody": "VGhpcyBpcyB3cml0dGVuIGluIGVuZ2xpc2gu",
      "StatusCode": 201,
      "ResponseHeaders": {
        "Content-Length": "0",
        "Content-MD5": "mYgA0QpY6baiB\u002BxZp8Hk\u002BA==",
        "Date": "Thu, 01 Dec 2022 22:33:12 GMT",
        "ETag": "\u00220x8DAD3EC085EC88F\u0022",
        "Last-Modified": "Thu, 01 Dec 2022 22:33:13 GMT",
        "Server": [
          "Windows-Azure-Blob/1.0",
          "Microsoft-HTTPAPI/2.0"
        ],
        "x-ms-content-crc64": "NB4xBtawP6g=",
        "x-ms-request-server-encrypted": "true",
        "x-ms-version": "2021-08-06"
      },
      "ResponseBody": null
    },
    {
      "RequestUri": "https://fakeendpoint.blob.core.windows.net/src43084ea7-f519-4eb0-9597-3d67388279cc/f132da41-352c-4269-98a1-df427a1fb653.txt",
      "RequestMethod": "PUT",
      "RequestHeaders": {
        "Accept": "application/xml",
        "Accept-Encoding": "gzip, deflate",
        "Connection": "keep-alive",
        "Content-Length": "27",
        "Content-Type": "application/octet-stream",
        "If-None-Match": "*",
        "User-Agent": "azsdk-python-storage-blob/12.13.1 Python/3.10.0 (Windows-10-10.0.22621-SP0)",
        "x-ms-blob-type": "BlockBlob",
        "x-ms-date": "Thu, 01 Dec 2022 22:32:57 GMT",
        "x-ms-version": "2021-08-06"
      },
      "RequestBody": "VGhpcyBpcyB3cml0dGVuIGluIGVuZ2xpc2gu",
      "StatusCode": 201,
      "ResponseHeaders": {
        "Content-Length": "0",
        "Content-MD5": "mYgA0QpY6baiB\u002BxZp8Hk\u002BA==",
        "Date": "Thu, 01 Dec 2022 22:33:12 GMT",
        "ETag": "\u00220x8DAD3EC086AADB2\u0022",
        "Last-Modified": "Thu, 01 Dec 2022 22:33:13 GMT",
        "Server": [
          "Windows-Azure-Blob/1.0",
          "Microsoft-HTTPAPI/2.0"
        ],
        "x-ms-content-crc64": "NB4xBtawP6g=",
        "x-ms-request-server-encrypted": "true",
        "x-ms-version": "2021-08-06"
      },
      "ResponseBody": null
    },
    {
      "RequestUri": "https://fakeendpoint.blob.core.windows.net/src43084ea7-f519-4eb0-9597-3d67388279cc/b87bd26f-8053-4c67-a0ce-8267fcb39aae.txt",
      "RequestMethod": "PUT",
      "RequestHeaders": {
        "Accept": "application/xml",
        "Accept-Encoding": "gzip, deflate",
        "Connection": "keep-alive",
        "Content-Length": "27",
        "Content-Type": "application/octet-stream",
        "If-None-Match": "*",
        "User-Agent": "azsdk-python-storage-blob/12.13.1 Python/3.10.0 (Windows-10-10.0.22621-SP0)",
        "x-ms-blob-type": "BlockBlob",
        "x-ms-date": "Thu, 01 Dec 2022 22:32:57 GMT",
        "x-ms-version": "2021-08-06"
      },
      "RequestBody": "VGhpcyBpcyB3cml0dGVuIGluIGVuZ2xpc2gu",
      "StatusCode": 201,
      "ResponseHeaders": {
        "Content-Length": "0",
        "Content-MD5": "mYgA0QpY6baiB\u002BxZp8Hk\u002BA==",
        "Date": "Thu, 01 Dec 2022 22:33:12 GMT",
        "ETag": "\u00220x8DAD3EC08777D28\u0022",
        "Last-Modified": "Thu, 01 Dec 2022 22:33:13 GMT",
        "Server": [
          "Windows-Azure-Blob/1.0",
          "Microsoft-HTTPAPI/2.0"
        ],
        "x-ms-content-crc64": "NB4xBtawP6g=",
        "x-ms-request-server-encrypted": "true",
        "x-ms-version": "2021-08-06"
      },
      "ResponseBody": null
    },
    {
      "RequestUri": "https://fakeendpoint.blob.core.windows.net/targetaf56d7b7-bf4c-47f8-bcc7-9607529eb6db?restype=container",
      "RequestMethod": "PUT",
      "RequestHeaders": {
        "Accept": "application/xml",
        "Accept-Encoding": "gzip, deflate",
        "Connection": "keep-alive",
        "Content-Length": "0",
        "User-Agent": "azsdk-python-storage-blob/12.13.1 Python/3.10.0 (Windows-10-10.0.22621-SP0)",
        "x-ms-date": "Thu, 01 Dec 2022 22:32:57 GMT",
        "x-ms-version": "2021-08-06"
      },
      "RequestBody": null,
      "StatusCode": 201,
      "ResponseHeaders": {
        "Content-Length": "0",
        "Date": "Thu, 01 Dec 2022 22:33:12 GMT",
        "ETag": "\u00220x8DAD3EC08904C22\u0022",
        "Last-Modified": "Thu, 01 Dec 2022 22:33:13 GMT",
        "Server": [
          "Windows-Azure-Blob/1.0",
          "Microsoft-HTTPAPI/2.0"
        ],
        "x-ms-version": "2021-08-06"
      },
      "ResponseBody": null
    },
    {
      "RequestUri": "https://fakeendpoint.cognitiveservices.azure.com/translator/text/batch/v1.0/batches",
      "RequestMethod": "POST",
      "RequestHeaders": {
        "Accept": "application/json",
        "Accept-Encoding": "gzip, deflate",
        "Connection": "keep-alive",
        "Content-Length": "380",
        "Content-Type": "application/json",
        "User-Agent": "azsdk-python-ai-translation-document/1.0.1 Python/3.10.0 (Windows-10-10.0.22621-SP0)"
      },
      "RequestBody": {
        "inputs": [
          {
            "source": {
              "sourceUrl": "https://fakeendpoint.blob.core.windows.net/src43084ea7-f519-4eb0-9597-3d67388279cc?se=end\u0026sp=rl\u0026sv=2021-08-06\u0026sr=c\u0026sig=fake_token_value",
              "filter": {}
            },
            "targets": [
              {
                "targetUrl": "https://fakeendpoint.blob.core.windows.net/targetaf56d7b7-bf4c-47f8-bcc7-9607529eb6db?se=end\u0026sp=wl\u0026sv=2021-08-06\u0026sr=c\u0026sig=fake_token_value",
                "language": "es"
              }
            ]
          }
        ]
      },
      "StatusCode": 202,
      "ResponseHeaders": {
        "apim-request-id": "1f42e706-672e-4321-a8d2-78bb79436865",
        "Content-Length": "0",
        "Date": "Thu, 01 Dec 2022 22:33:13 GMT",
        "Operation-Location": "https://fakeendpoint.cognitiveservices.azure.com/translator/text/batch/v1.0/batches/e5e4a175-2436-427e-a23a-d25636c1c3fb",
        "Set-Cookie": [
          "ARRAffinity=26748e6e05c4da09a11d06730f2d1580980c43bf805ec60ac6528961fdf209ed;Path=/;HttpOnly;Secure;Domain=mtbatch.nam.microsofttranslator.com",
          "ARRAffinitySameSite=26748e6e05c4da09a11d06730f2d1580980c43bf805ec60ac6528961fdf209ed;Path=/;HttpOnly;SameSite=None;Secure;Domain=mtbatch.nam.microsofttranslator.com"
        ],
        "Strict-Transport-Security": "max-age=31536000; includeSubDomains; preload",
        "X-Content-Type-Options": "nosniff",
        "x-ms-region": "West US 2",
        "X-Powered-By": "ASP.NET",
        "X-RequestId": "1f42e706-672e-4321-a8d2-78bb79436865"
      },
      "ResponseBody": null
    },
    {
      "RequestUri": "https://fakeendpoint.cognitiveservices.azure.com/translator/text/batch/v1.0/batches/e5e4a175-2436-427e-a23a-d25636c1c3fb",
      "RequestMethod": "GET",
      "RequestHeaders": {
        "Accept": "*/*",
        "Accept-Encoding": "gzip, deflate",
        "Connection": "keep-alive",
        "User-Agent": "azsdk-python-ai-translation-document/1.0.1 Python/3.10.0 (Windows-10-10.0.22621-SP0)"
      },
      "RequestBody": null,
      "StatusCode": 200,
      "ResponseHeaders": {
        "apim-request-id": "89b4c281-274b-4e65-bec2-bed867d0ba2d",
        "Cache-Control": "public, max-age=1",
        "Content-Encoding": "gzip",
        "Content-Type": "application/json; charset=utf-8",
        "Date": "Thu, 01 Dec 2022 22:33:13 GMT",
        "ETag": "\u00222747E1FA062831081D9FE44F20F509E2B7AEB5A841BDA777E0284F87A48215E7\u0022",
        "Set-Cookie": [
          "ARRAffinity=5be4f6076895b28fe7622c56a3f9d12283381141aea24a194955ebb0cccaaba9;Path=/;HttpOnly;Secure;Domain=mtbatch.nam.microsofttranslator.com",
          "ARRAffinitySameSite=5be4f6076895b28fe7622c56a3f9d12283381141aea24a194955ebb0cccaaba9;Path=/;HttpOnly;SameSite=None;Secure;Domain=mtbatch.nam.microsofttranslator.com"
        ],
        "Strict-Transport-Security": "max-age=31536000; includeSubDomains; preload",
        "Transfer-Encoding": "chunked",
        "Vary": "Accept-Encoding",
        "X-Content-Type-Options": "nosniff",
        "x-ms-region": "West US 2",
        "X-Powered-By": "ASP.NET",
        "X-RequestId": "89b4c281-274b-4e65-bec2-bed867d0ba2d"
      },
      "ResponseBody": {
        "id": "e5e4a175-2436-427e-a23a-d25636c1c3fb",
        "createdDateTimeUtc": "2022-12-01T22:33:13.7811201Z",
        "lastActionDateTimeUtc": "2022-12-01T22:33:13.7811205Z",
        "status": "NotStarted",
        "summary": {
          "total": 0,
          "failed": 0,
          "success": 0,
          "inProgress": 0,
          "notYetStarted": 0,
          "cancelled": 0,
          "totalCharacterCharged": 0
        }
      }
    },
    {
      "RequestUri": "https://fakeendpoint.cognitiveservices.azure.com/translator/text/batch/v1.0/batches/e5e4a175-2436-427e-a23a-d25636c1c3fb",
      "RequestMethod": "GET",
      "RequestHeaders": {
        "Accept": "*/*",
        "Accept-Encoding": "gzip, deflate",
        "Connection": "keep-alive",
        "User-Agent": "azsdk-python-ai-translation-document/1.0.1 Python/3.10.0 (Windows-10-10.0.22621-SP0)"
      },
      "RequestBody": null,
      "StatusCode": 200,
      "ResponseHeaders": {
        "apim-request-id": "9995e2ba-4a55-4b1b-aa1e-a0ffc7fd29a3",
        "Cache-Control": "public, max-age=1",
        "Content-Encoding": "gzip",
        "Content-Type": "application/json; charset=utf-8",
        "Date": "Thu, 01 Dec 2022 22:33:13 GMT",
        "ETag": "\u0022AE5FEE5C051C9CCC9803C6824760C9FBB2FACE6B040D6921BF410B8450220DF9\u0022",
        "Set-Cookie": [
          "ARRAffinity=26748e6e05c4da09a11d06730f2d1580980c43bf805ec60ac6528961fdf209ed;Path=/;HttpOnly;Secure;Domain=mtbatch.nam.microsofttranslator.com",
          "ARRAffinitySameSite=26748e6e05c4da09a11d06730f2d1580980c43bf805ec60ac6528961fdf209ed;Path=/;HttpOnly;SameSite=None;Secure;Domain=mtbatch.nam.microsofttranslator.com"
        ],
        "Strict-Transport-Security": "max-age=31536000; includeSubDomains; preload",
        "Transfer-Encoding": "chunked",
        "Vary": "Accept-Encoding",
        "X-Content-Type-Options": "nosniff",
        "x-ms-region": "West US 2",
        "X-Powered-By": "ASP.NET",
        "X-RequestId": "9995e2ba-4a55-4b1b-aa1e-a0ffc7fd29a3"
      },
      "ResponseBody": {
        "id": "e5e4a175-2436-427e-a23a-d25636c1c3fb",
        "createdDateTimeUtc": "2022-12-01T22:33:13.7811201Z",
        "lastActionDateTimeUtc": "2022-12-01T22:33:13.8449634Z",
        "status": "NotStarted",
        "summary": {
          "total": 5,
          "failed": 0,
          "success": 0,
          "inProgress": 0,
          "notYetStarted": 5,
          "cancelled": 0,
          "totalCharacterCharged": 0
        }
      }
    },
    {
      "RequestUri": "https://fakeendpoint.cognitiveservices.azure.com/translator/text/batch/v1.0/batches/e5e4a175-2436-427e-a23a-d25636c1c3fb",
      "RequestMethod": "GET",
      "RequestHeaders": {
        "Accept": "*/*",
        "Accept-Encoding": "gzip, deflate",
        "Connection": "keep-alive",
        "User-Agent": "azsdk-python-ai-translation-document/1.0.1 Python/3.10.0 (Windows-10-10.0.22621-SP0)"
      },
      "RequestBody": null,
      "StatusCode": 200,
      "ResponseHeaders": {
        "Age": "0",
        "apim-request-id": "9f328367-07ca-44d9-913e-ee082fcc3519",
        "Cache-Control": "public, max-age=1",
        "Content-Encoding": "gzip",
        "Content-Type": "application/json; charset=utf-8",
        "Date": "Thu, 01 Dec 2022 22:33:13 GMT",
        "ETag": "\u00222747E1FA062831081D9FE44F20F509E2B7AEB5A841BDA777E0284F87A48215E7\u0022",
        "Set-Cookie": [
          "ARRAffinity=5be4f6076895b28fe7622c56a3f9d12283381141aea24a194955ebb0cccaaba9;Path=/;HttpOnly;Secure;Domain=mtbatch.nam.microsofttranslator.com",
          "ARRAffinitySameSite=5be4f6076895b28fe7622c56a3f9d12283381141aea24a194955ebb0cccaaba9;Path=/;HttpOnly;SameSite=None;Secure;Domain=mtbatch.nam.microsofttranslator.com"
        ],
        "Strict-Transport-Security": "max-age=31536000; includeSubDomains; preload",
        "Transfer-Encoding": "chunked",
        "Vary": "Accept-Encoding",
        "X-Content-Type-Options": "nosniff",
        "x-ms-region": "West US 2",
        "X-Powered-By": "ASP.NET",
        "X-RequestId": "89b4c281-274b-4e65-bec2-bed867d0ba2d"
      },
      "ResponseBody": {
        "id": "e5e4a175-2436-427e-a23a-d25636c1c3fb",
        "createdDateTimeUtc": "2022-12-01T22:33:13.7811201Z",
        "lastActionDateTimeUtc": "2022-12-01T22:33:13.7811205Z",
        "status": "NotStarted",
        "summary": {
          "total": 0,
          "failed": 0,
          "success": 0,
          "inProgress": 0,
          "notYetStarted": 0,
          "cancelled": 0,
          "totalCharacterCharged": 0
        }
      }
    },
    {
      "RequestUri": "https://fakeendpoint.cognitiveservices.azure.com/translator/text/batch/v1.0/batches/e5e4a175-2436-427e-a23a-d25636c1c3fb",
      "RequestMethod": "GET",
      "RequestHeaders": {
        "Accept": "*/*",
        "Accept-Encoding": "gzip, deflate",
        "Connection": "keep-alive",
        "User-Agent": "azsdk-python-ai-translation-document/1.0.1 Python/3.10.0 (Windows-10-10.0.22621-SP0)"
      },
      "RequestBody": null,
      "StatusCode": 200,
      "ResponseHeaders": {
        "Age": "0",
        "apim-request-id": "041ea586-4a9b-4ee9-aded-68a26a046b4b",
        "Cache-Control": "public, max-age=1",
        "Content-Encoding": "gzip",
        "Content-Type": "application/json; charset=utf-8",
        "Date": "Thu, 01 Dec 2022 22:33:13 GMT",
        "ETag": "\u0022AE5FEE5C051C9CCC9803C6824760C9FBB2FACE6B040D6921BF410B8450220DF9\u0022",
        "Set-Cookie": [
          "ARRAffinity=26748e6e05c4da09a11d06730f2d1580980c43bf805ec60ac6528961fdf209ed;Path=/;HttpOnly;Secure;Domain=mtbatch.nam.microsofttranslator.com",
          "ARRAffinitySameSite=26748e6e05c4da09a11d06730f2d1580980c43bf805ec60ac6528961fdf209ed;Path=/;HttpOnly;SameSite=None;Secure;Domain=mtbatch.nam.microsofttranslator.com"
        ],
        "Strict-Transport-Security": "max-age=31536000; includeSubDomains; preload",
        "Transfer-Encoding": "chunked",
        "Vary": "Accept-Encoding",
        "X-Content-Type-Options": "nosniff",
        "x-ms-region": "West US 2",
        "X-Powered-By": "ASP.NET",
        "X-RequestId": "9995e2ba-4a55-4b1b-aa1e-a0ffc7fd29a3"
      },
      "ResponseBody": {
        "id": "e5e4a175-2436-427e-a23a-d25636c1c3fb",
        "createdDateTimeUtc": "2022-12-01T22:33:13.7811201Z",
        "lastActionDateTimeUtc": "2022-12-01T22:33:13.8449634Z",
        "status": "NotStarted",
        "summary": {
          "total": 5,
          "failed": 0,
          "success": 0,
          "inProgress": 0,
          "notYetStarted": 5,
          "cancelled": 0,
          "totalCharacterCharged": 0
        }
      }
    },
    {
      "RequestUri": "https://fakeendpoint.cognitiveservices.azure.com/translator/text/batch/v1.0/batches/e5e4a175-2436-427e-a23a-d25636c1c3fb",
      "RequestMethod": "GET",
      "RequestHeaders": {
        "Accept": "*/*",
        "Accept-Encoding": "gzip, deflate",
        "Connection": "keep-alive",
        "User-Agent": "azsdk-python-ai-translation-document/1.0.1 Python/3.10.0 (Windows-10-10.0.22621-SP0)"
      },
      "RequestBody": null,
      "StatusCode": 200,
      "ResponseHeaders": {
        "Age": "0",
        "apim-request-id": "726f8c65-03b4-42f1-b359-97e6d688e390",
        "Cache-Control": "public, max-age=1",
        "Content-Encoding": "gzip",
        "Content-Type": "application/json; charset=utf-8",
        "Date": "Thu, 01 Dec 2022 22:33:13 GMT",
        "ETag": "\u00222747E1FA062831081D9FE44F20F509E2B7AEB5A841BDA777E0284F87A48215E7\u0022",
        "Set-Cookie": [
          "ARRAffinity=5be4f6076895b28fe7622c56a3f9d12283381141aea24a194955ebb0cccaaba9;Path=/;HttpOnly;Secure;Domain=mtbatch.nam.microsofttranslator.com",
          "ARRAffinitySameSite=5be4f6076895b28fe7622c56a3f9d12283381141aea24a194955ebb0cccaaba9;Path=/;HttpOnly;SameSite=None;Secure;Domain=mtbatch.nam.microsofttranslator.com"
        ],
        "Strict-Transport-Security": "max-age=31536000; includeSubDomains; preload",
        "Transfer-Encoding": "chunked",
        "Vary": "Accept-Encoding",
        "X-Content-Type-Options": "nosniff",
        "x-ms-region": "West US 2",
        "X-Powered-By": "ASP.NET",
        "X-RequestId": "89b4c281-274b-4e65-bec2-bed867d0ba2d"
      },
      "ResponseBody": {
        "id": "e5e4a175-2436-427e-a23a-d25636c1c3fb",
        "createdDateTimeUtc": "2022-12-01T22:33:13.7811201Z",
        "lastActionDateTimeUtc": "2022-12-01T22:33:13.7811205Z",
        "status": "NotStarted",
        "summary": {
          "total": 0,
          "failed": 0,
          "success": 0,
          "inProgress": 0,
          "notYetStarted": 0,
          "cancelled": 0,
          "totalCharacterCharged": 0
        }
      }
    },
    {
      "RequestUri": "https://fakeendpoint.cognitiveservices.azure.com/translator/text/batch/v1.0/batches/e5e4a175-2436-427e-a23a-d25636c1c3fb",
      "RequestMethod": "GET",
      "RequestHeaders": {
        "Accept": "*/*",
        "Accept-Encoding": "gzip, deflate",
        "Connection": "keep-alive",
        "User-Agent": "azsdk-python-ai-translation-document/1.0.1 Python/3.10.0 (Windows-10-10.0.22621-SP0)"
      },
      "RequestBody": null,
      "StatusCode": 200,
      "ResponseHeaders": {
        "Age": "0",
        "apim-request-id": "978b8b01-057d-4119-a700-a831460d8dd9",
        "Cache-Control": "public, max-age=1",
        "Content-Encoding": "gzip",
        "Content-Type": "application/json; charset=utf-8",
        "Date": "Thu, 01 Dec 2022 22:33:13 GMT",
        "ETag": "\u0022AE5FEE5C051C9CCC9803C6824760C9FBB2FACE6B040D6921BF410B8450220DF9\u0022",
        "Set-Cookie": [
          "ARRAffinity=26748e6e05c4da09a11d06730f2d1580980c43bf805ec60ac6528961fdf209ed;Path=/;HttpOnly;Secure;Domain=mtbatch.nam.microsofttranslator.com",
          "ARRAffinitySameSite=26748e6e05c4da09a11d06730f2d1580980c43bf805ec60ac6528961fdf209ed;Path=/;HttpOnly;SameSite=None;Secure;Domain=mtbatch.nam.microsofttranslator.com"
        ],
        "Strict-Transport-Security": "max-age=31536000; includeSubDomains; preload",
        "Transfer-Encoding": "chunked",
        "Vary": "Accept-Encoding",
        "X-Content-Type-Options": "nosniff",
        "x-ms-region": "West US 2",
        "X-Powered-By": "ASP.NET",
        "X-RequestId": "9995e2ba-4a55-4b1b-aa1e-a0ffc7fd29a3"
      },
      "ResponseBody": {
        "id": "e5e4a175-2436-427e-a23a-d25636c1c3fb",
        "createdDateTimeUtc": "2022-12-01T22:33:13.7811201Z",
        "lastActionDateTimeUtc": "2022-12-01T22:33:13.8449634Z",
        "status": "NotStarted",
        "summary": {
          "total": 5,
          "failed": 0,
          "success": 0,
          "inProgress": 0,
          "notYetStarted": 5,
          "cancelled": 0,
          "totalCharacterCharged": 0
        }
      }
    },
    {
      "RequestUri": "https://fakeendpoint.cognitiveservices.azure.com/translator/text/batch/v1.0/batches/e5e4a175-2436-427e-a23a-d25636c1c3fb",
      "RequestMethod": "GET",
      "RequestHeaders": {
        "Accept": "*/*",
        "Accept-Encoding": "gzip, deflate",
        "Connection": "keep-alive",
        "User-Agent": "azsdk-python-ai-translation-document/1.0.1 Python/3.10.0 (Windows-10-10.0.22621-SP0)"
      },
      "RequestBody": null,
      "StatusCode": 200,
      "ResponseHeaders": {
        "Age": "0",
        "apim-request-id": "a32bba8a-95b1-4fba-baeb-c8161be1ea68",
        "Cache-Control": "public, max-age=1",
        "Content-Encoding": "gzip",
        "Content-Type": "application/json; charset=utf-8",
        "Date": "Thu, 01 Dec 2022 22:33:13 GMT",
        "ETag": "\u00222747E1FA062831081D9FE44F20F509E2B7AEB5A841BDA777E0284F87A48215E7\u0022",
        "Set-Cookie": [
          "ARRAffinity=5be4f6076895b28fe7622c56a3f9d12283381141aea24a194955ebb0cccaaba9;Path=/;HttpOnly;Secure;Domain=mtbatch.nam.microsofttranslator.com",
          "ARRAffinitySameSite=5be4f6076895b28fe7622c56a3f9d12283381141aea24a194955ebb0cccaaba9;Path=/;HttpOnly;SameSite=None;Secure;Domain=mtbatch.nam.microsofttranslator.com"
        ],
        "Strict-Transport-Security": "max-age=31536000; includeSubDomains; preload",
        "Transfer-Encoding": "chunked",
        "Vary": "Accept-Encoding",
        "X-Content-Type-Options": "nosniff",
        "x-ms-region": "West US 2",
        "X-Powered-By": "ASP.NET",
        "X-RequestId": "89b4c281-274b-4e65-bec2-bed867d0ba2d"
      },
      "ResponseBody": {
        "id": "e5e4a175-2436-427e-a23a-d25636c1c3fb",
        "createdDateTimeUtc": "2022-12-01T22:33:13.7811201Z",
        "lastActionDateTimeUtc": "2022-12-01T22:33:13.7811205Z",
        "status": "NotStarted",
        "summary": {
          "total": 0,
          "failed": 0,
          "success": 0,
          "inProgress": 0,
          "notYetStarted": 0,
          "cancelled": 0,
          "totalCharacterCharged": 0
        }
      }
    },
    {
      "RequestUri": "https://fakeendpoint.cognitiveservices.azure.com/translator/text/batch/v1.0/batches/e5e4a175-2436-427e-a23a-d25636c1c3fb",
      "RequestMethod": "GET",
      "RequestHeaders": {
        "Accept": "*/*",
        "Accept-Encoding": "gzip, deflate",
        "Connection": "keep-alive",
        "User-Agent": "azsdk-python-ai-translation-document/1.0.1 Python/3.10.0 (Windows-10-10.0.22621-SP0)"
      },
      "RequestBody": null,
      "StatusCode": 200,
      "ResponseHeaders": {
        "Age": "0",
        "apim-request-id": "6e167341-53b7-4a20-b539-e096651671e3",
        "Cache-Control": "public, max-age=1",
        "Content-Encoding": "gzip",
        "Content-Type": "application/json; charset=utf-8",
        "Date": "Thu, 01 Dec 2022 22:33:13 GMT",
        "ETag": "\u0022AE5FEE5C051C9CCC9803C6824760C9FBB2FACE6B040D6921BF410B8450220DF9\u0022",
        "Set-Cookie": [
          "ARRAffinity=26748e6e05c4da09a11d06730f2d1580980c43bf805ec60ac6528961fdf209ed;Path=/;HttpOnly;Secure;Domain=mtbatch.nam.microsofttranslator.com",
          "ARRAffinitySameSite=26748e6e05c4da09a11d06730f2d1580980c43bf805ec60ac6528961fdf209ed;Path=/;HttpOnly;SameSite=None;Secure;Domain=mtbatch.nam.microsofttranslator.com"
        ],
        "Strict-Transport-Security": "max-age=31536000; includeSubDomains; preload",
        "Transfer-Encoding": "chunked",
        "Vary": "Accept-Encoding",
        "X-Content-Type-Options": "nosniff",
        "x-ms-region": "West US 2",
        "X-Powered-By": "ASP.NET",
        "X-RequestId": "9995e2ba-4a55-4b1b-aa1e-a0ffc7fd29a3"
      },
      "ResponseBody": {
        "id": "e5e4a175-2436-427e-a23a-d25636c1c3fb",
        "createdDateTimeUtc": "2022-12-01T22:33:13.7811201Z",
        "lastActionDateTimeUtc": "2022-12-01T22:33:13.8449634Z",
        "status": "NotStarted",
        "summary": {
          "total": 5,
          "failed": 0,
          "success": 0,
          "inProgress": 0,
          "notYetStarted": 5,
          "cancelled": 0,
          "totalCharacterCharged": 0
        }
      }
    },
    {
      "RequestUri": "https://fakeendpoint.cognitiveservices.azure.com/translator/text/batch/v1.0/batches/e5e4a175-2436-427e-a23a-d25636c1c3fb",
      "RequestMethod": "GET",
      "RequestHeaders": {
        "Accept": "*/*",
        "Accept-Encoding": "gzip, deflate",
        "Connection": "keep-alive",
        "User-Agent": "azsdk-python-ai-translation-document/1.0.1 Python/3.10.0 (Windows-10-10.0.22621-SP0)"
      },
      "RequestBody": null,
      "StatusCode": 200,
      "ResponseHeaders": {
        "Age": "0",
        "apim-request-id": "ae9548cb-e2bd-423b-8869-84529145513f",
        "Cache-Control": "public, max-age=1",
        "Content-Encoding": "gzip",
        "Content-Type": "application/json; charset=utf-8",
        "Date": "Thu, 01 Dec 2022 22:33:13 GMT",
        "ETag": "\u00222747E1FA062831081D9FE44F20F509E2B7AEB5A841BDA777E0284F87A48215E7\u0022",
        "Set-Cookie": [
          "ARRAffinity=5be4f6076895b28fe7622c56a3f9d12283381141aea24a194955ebb0cccaaba9;Path=/;HttpOnly;Secure;Domain=mtbatch.nam.microsofttranslator.com",
          "ARRAffinitySameSite=5be4f6076895b28fe7622c56a3f9d12283381141aea24a194955ebb0cccaaba9;Path=/;HttpOnly;SameSite=None;Secure;Domain=mtbatch.nam.microsofttranslator.com"
        ],
        "Strict-Transport-Security": "max-age=31536000; includeSubDomains; preload",
        "Transfer-Encoding": "chunked",
        "Vary": "Accept-Encoding",
        "X-Content-Type-Options": "nosniff",
        "x-ms-region": "West US 2",
        "X-Powered-By": "ASP.NET",
        "X-RequestId": "89b4c281-274b-4e65-bec2-bed867d0ba2d"
      },
      "ResponseBody": {
        "id": "e5e4a175-2436-427e-a23a-d25636c1c3fb",
        "createdDateTimeUtc": "2022-12-01T22:33:13.7811201Z",
        "lastActionDateTimeUtc": "2022-12-01T22:33:13.7811205Z",
        "status": "NotStarted",
        "summary": {
          "total": 0,
          "failed": 0,
          "success": 0,
          "inProgress": 0,
          "notYetStarted": 0,
          "cancelled": 0,
          "totalCharacterCharged": 0
        }
      }
    },
    {
      "RequestUri": "https://fakeendpoint.cognitiveservices.azure.com/translator/text/batch/v1.0/batches/e5e4a175-2436-427e-a23a-d25636c1c3fb",
      "RequestMethod": "GET",
      "RequestHeaders": {
        "Accept": "*/*",
        "Accept-Encoding": "gzip, deflate",
        "Connection": "keep-alive",
        "User-Agent": "azsdk-python-ai-translation-document/1.0.1 Python/3.10.0 (Windows-10-10.0.22621-SP0)"
      },
      "RequestBody": null,
      "StatusCode": 200,
      "ResponseHeaders": {
        "Age": "0",
        "apim-request-id": "cd6e8c72-2fa3-4d5b-982a-399e2e9741eb",
        "Cache-Control": "public, max-age=1",
        "Content-Encoding": "gzip",
        "Content-Type": "application/json; charset=utf-8",
        "Date": "Thu, 01 Dec 2022 22:33:14 GMT",
        "ETag": "\u0022AE5FEE5C051C9CCC9803C6824760C9FBB2FACE6B040D6921BF410B8450220DF9\u0022",
        "Set-Cookie": [
          "ARRAffinity=26748e6e05c4da09a11d06730f2d1580980c43bf805ec60ac6528961fdf209ed;Path=/;HttpOnly;Secure;Domain=mtbatch.nam.microsofttranslator.com",
          "ARRAffinitySameSite=26748e6e05c4da09a11d06730f2d1580980c43bf805ec60ac6528961fdf209ed;Path=/;HttpOnly;SameSite=None;Secure;Domain=mtbatch.nam.microsofttranslator.com"
        ],
        "Strict-Transport-Security": "max-age=31536000; includeSubDomains; preload",
        "Transfer-Encoding": "chunked",
        "Vary": "Accept-Encoding",
        "X-Content-Type-Options": "nosniff",
        "x-ms-region": "West US 2",
        "X-Powered-By": "ASP.NET",
        "X-RequestId": "9995e2ba-4a55-4b1b-aa1e-a0ffc7fd29a3"
      },
      "ResponseBody": {
        "id": "e5e4a175-2436-427e-a23a-d25636c1c3fb",
        "createdDateTimeUtc": "2022-12-01T22:33:13.7811201Z",
        "lastActionDateTimeUtc": "2022-12-01T22:33:13.8449634Z",
        "status": "NotStarted",
        "summary": {
          "total": 5,
          "failed": 0,
          "success": 0,
          "inProgress": 0,
          "notYetStarted": 5,
          "cancelled": 0,
          "totalCharacterCharged": 0
        }
      }
    },
    {
      "RequestUri": "https://fakeendpoint.cognitiveservices.azure.com/translator/text/batch/v1.0/batches/e5e4a175-2436-427e-a23a-d25636c1c3fb",
      "RequestMethod": "GET",
      "RequestHeaders": {
        "Accept": "*/*",
        "Accept-Encoding": "gzip, deflate",
        "Connection": "keep-alive",
        "User-Agent": "azsdk-python-ai-translation-document/1.0.1 Python/3.10.0 (Windows-10-10.0.22621-SP0)"
      },
      "RequestBody": null,
      "StatusCode": 200,
      "ResponseHeaders": {
        "Age": "0",
        "apim-request-id": "dd3e75a4-4238-4b1c-b9cf-66bcb60cd1bb",
        "Cache-Control": "public, max-age=1",
        "Content-Encoding": "gzip",
        "Content-Type": "application/json; charset=utf-8",
        "Date": "Thu, 01 Dec 2022 22:33:14 GMT",
        "ETag": "\u00222747E1FA062831081D9FE44F20F509E2B7AEB5A841BDA777E0284F87A48215E7\u0022",
        "Set-Cookie": [
          "ARRAffinity=5be4f6076895b28fe7622c56a3f9d12283381141aea24a194955ebb0cccaaba9;Path=/;HttpOnly;Secure;Domain=mtbatch.nam.microsofttranslator.com",
          "ARRAffinitySameSite=5be4f6076895b28fe7622c56a3f9d12283381141aea24a194955ebb0cccaaba9;Path=/;HttpOnly;SameSite=None;Secure;Domain=mtbatch.nam.microsofttranslator.com"
        ],
        "Strict-Transport-Security": "max-age=31536000; includeSubDomains; preload",
        "Transfer-Encoding": "chunked",
        "Vary": "Accept-Encoding",
        "X-Content-Type-Options": "nosniff",
        "x-ms-region": "West US 2",
        "X-Powered-By": "ASP.NET",
        "X-RequestId": "89b4c281-274b-4e65-bec2-bed867d0ba2d"
      },
      "ResponseBody": {
        "id": "e5e4a175-2436-427e-a23a-d25636c1c3fb",
        "createdDateTimeUtc": "2022-12-01T22:33:13.7811201Z",
        "lastActionDateTimeUtc": "2022-12-01T22:33:13.7811205Z",
        "status": "NotStarted",
        "summary": {
          "total": 0,
          "failed": 0,
          "success": 0,
          "inProgress": 0,
          "notYetStarted": 0,
          "cancelled": 0,
          "totalCharacterCharged": 0
        }
      }
    },
    {
      "RequestUri": "https://fakeendpoint.cognitiveservices.azure.com/translator/text/batch/v1.0/batches/e5e4a175-2436-427e-a23a-d25636c1c3fb",
      "RequestMethod": "GET",
      "RequestHeaders": {
        "Accept": "*/*",
        "Accept-Encoding": "gzip, deflate",
        "Connection": "keep-alive",
        "User-Agent": "azsdk-python-ai-translation-document/1.0.1 Python/3.10.0 (Windows-10-10.0.22621-SP0)"
      },
      "RequestBody": null,
      "StatusCode": 200,
      "ResponseHeaders": {
        "Age": "0",
        "apim-request-id": "c84696a4-ba25-4d4d-9a73-bc9151a324fe",
        "Cache-Control": "public, max-age=1",
        "Content-Encoding": "gzip",
        "Content-Type": "application/json; charset=utf-8",
        "Date": "Thu, 01 Dec 2022 22:33:14 GMT",
        "ETag": "\u0022AE5FEE5C051C9CCC9803C6824760C9FBB2FACE6B040D6921BF410B8450220DF9\u0022",
        "Set-Cookie": [
          "ARRAffinity=26748e6e05c4da09a11d06730f2d1580980c43bf805ec60ac6528961fdf209ed;Path=/;HttpOnly;Secure;Domain=mtbatch.nam.microsofttranslator.com",
          "ARRAffinitySameSite=26748e6e05c4da09a11d06730f2d1580980c43bf805ec60ac6528961fdf209ed;Path=/;HttpOnly;SameSite=None;Secure;Domain=mtbatch.nam.microsofttranslator.com"
        ],
        "Strict-Transport-Security": "max-age=31536000; includeSubDomains; preload",
        "Transfer-Encoding": "chunked",
        "Vary": "Accept-Encoding",
        "X-Content-Type-Options": "nosniff",
        "x-ms-region": "West US 2",
        "X-Powered-By": "ASP.NET",
        "X-RequestId": "9995e2ba-4a55-4b1b-aa1e-a0ffc7fd29a3"
      },
      "ResponseBody": {
        "id": "e5e4a175-2436-427e-a23a-d25636c1c3fb",
        "createdDateTimeUtc": "2022-12-01T22:33:13.7811201Z",
        "lastActionDateTimeUtc": "2022-12-01T22:33:13.8449634Z",
        "status": "NotStarted",
        "summary": {
          "total": 5,
          "failed": 0,
          "success": 0,
          "inProgress": 0,
          "notYetStarted": 5,
          "cancelled": 0,
          "totalCharacterCharged": 0
        }
      }
    },
    {
      "RequestUri": "https://fakeendpoint.cognitiveservices.azure.com/translator/text/batch/v1.0/batches/e5e4a175-2436-427e-a23a-d25636c1c3fb",
      "RequestMethod": "GET",
      "RequestHeaders": {
        "Accept": "*/*",
        "Accept-Encoding": "gzip, deflate",
        "Connection": "keep-alive",
        "User-Agent": "azsdk-python-ai-translation-document/1.0.1 Python/3.10.0 (Windows-10-10.0.22621-SP0)"
      },
      "RequestBody": null,
      "StatusCode": 200,
      "ResponseHeaders": {
        "Age": "0",
        "apim-request-id": "b9e38de2-41aa-4ed3-a237-95211f7b0f88",
        "Cache-Control": "public, max-age=1",
        "Content-Encoding": "gzip",
        "Content-Type": "application/json; charset=utf-8",
        "Date": "Thu, 01 Dec 2022 22:33:14 GMT",
        "ETag": "\u00222747E1FA062831081D9FE44F20F509E2B7AEB5A841BDA777E0284F87A48215E7\u0022",
        "Set-Cookie": [
          "ARRAffinity=5be4f6076895b28fe7622c56a3f9d12283381141aea24a194955ebb0cccaaba9;Path=/;HttpOnly;Secure;Domain=mtbatch.nam.microsofttranslator.com",
          "ARRAffinitySameSite=5be4f6076895b28fe7622c56a3f9d12283381141aea24a194955ebb0cccaaba9;Path=/;HttpOnly;SameSite=None;Secure;Domain=mtbatch.nam.microsofttranslator.com"
        ],
        "Strict-Transport-Security": "max-age=31536000; includeSubDomains; preload",
        "Transfer-Encoding": "chunked",
        "Vary": "Accept-Encoding",
        "X-Content-Type-Options": "nosniff",
        "x-ms-region": "West US 2",
        "X-Powered-By": "ASP.NET",
        "X-RequestId": "89b4c281-274b-4e65-bec2-bed867d0ba2d"
      },
      "ResponseBody": {
        "id": "e5e4a175-2436-427e-a23a-d25636c1c3fb",
        "createdDateTimeUtc": "2022-12-01T22:33:13.7811201Z",
        "lastActionDateTimeUtc": "2022-12-01T22:33:13.7811205Z",
        "status": "NotStarted",
        "summary": {
          "total": 0,
          "failed": 0,
          "success": 0,
          "inProgress": 0,
          "notYetStarted": 0,
          "cancelled": 0,
          "totalCharacterCharged": 0
        }
      }
    },
    {
      "RequestUri": "https://fakeendpoint.cognitiveservices.azure.com/translator/text/batch/v1.0/batches/e5e4a175-2436-427e-a23a-d25636c1c3fb",
      "RequestMethod": "GET",
      "RequestHeaders": {
        "Accept": "*/*",
        "Accept-Encoding": "gzip, deflate",
        "Connection": "keep-alive",
        "User-Agent": "azsdk-python-ai-translation-document/1.0.1 Python/3.10.0 (Windows-10-10.0.22621-SP0)"
      },
      "RequestBody": null,
      "StatusCode": 200,
      "ResponseHeaders": {
        "Age": "0",
        "apim-request-id": "eceaab81-4d25-494d-8c41-a91d5341af55",
        "Cache-Control": "public, max-age=1",
        "Content-Encoding": "gzip",
        "Content-Type": "application/json; charset=utf-8",
        "Date": "Thu, 01 Dec 2022 22:33:14 GMT",
        "ETag": "\u0022AE5FEE5C051C9CCC9803C6824760C9FBB2FACE6B040D6921BF410B8450220DF9\u0022",
        "Set-Cookie": [
          "ARRAffinity=26748e6e05c4da09a11d06730f2d1580980c43bf805ec60ac6528961fdf209ed;Path=/;HttpOnly;Secure;Domain=mtbatch.nam.microsofttranslator.com",
          "ARRAffinitySameSite=26748e6e05c4da09a11d06730f2d1580980c43bf805ec60ac6528961fdf209ed;Path=/;HttpOnly;SameSite=None;Secure;Domain=mtbatch.nam.microsofttranslator.com"
        ],
        "Strict-Transport-Security": "max-age=31536000; includeSubDomains; preload",
        "Transfer-Encoding": "chunked",
        "Vary": "Accept-Encoding",
        "X-Content-Type-Options": "nosniff",
        "x-ms-region": "West US 2",
        "X-Powered-By": "ASP.NET",
        "X-RequestId": "9995e2ba-4a55-4b1b-aa1e-a0ffc7fd29a3"
      },
      "ResponseBody": {
        "id": "e5e4a175-2436-427e-a23a-d25636c1c3fb",
        "createdDateTimeUtc": "2022-12-01T22:33:13.7811201Z",
        "lastActionDateTimeUtc": "2022-12-01T22:33:13.8449634Z",
        "status": "NotStarted",
        "summary": {
          "total": 5,
          "failed": 0,
          "success": 0,
          "inProgress": 0,
          "notYetStarted": 5,
          "cancelled": 0,
          "totalCharacterCharged": 0
        }
      }
    },
    {
      "RequestUri": "https://fakeendpoint.cognitiveservices.azure.com/translator/text/batch/v1.0/batches/e5e4a175-2436-427e-a23a-d25636c1c3fb",
      "RequestMethod": "GET",
      "RequestHeaders": {
        "Accept": "*/*",
        "Accept-Encoding": "gzip, deflate",
        "Connection": "keep-alive",
        "User-Agent": "azsdk-python-ai-translation-document/1.0.1 Python/3.10.0 (Windows-10-10.0.22621-SP0)"
      },
      "RequestBody": null,
      "StatusCode": 200,
      "ResponseHeaders": {
        "Age": "0",
        "apim-request-id": "35b976cd-2dab-4184-a711-b8e6b5dca95c",
        "Cache-Control": "public, max-age=1",
        "Content-Encoding": "gzip",
        "Content-Type": "application/json; charset=utf-8",
        "Date": "Thu, 01 Dec 2022 22:33:14 GMT",
        "ETag": "\u00222747E1FA062831081D9FE44F20F509E2B7AEB5A841BDA777E0284F87A48215E7\u0022",
        "Set-Cookie": [
          "ARRAffinity=5be4f6076895b28fe7622c56a3f9d12283381141aea24a194955ebb0cccaaba9;Path=/;HttpOnly;Secure;Domain=mtbatch.nam.microsofttranslator.com",
          "ARRAffinitySameSite=5be4f6076895b28fe7622c56a3f9d12283381141aea24a194955ebb0cccaaba9;Path=/;HttpOnly;SameSite=None;Secure;Domain=mtbatch.nam.microsofttranslator.com"
        ],
        "Strict-Transport-Security": "max-age=31536000; includeSubDomains; preload",
        "Transfer-Encoding": "chunked",
        "Vary": "Accept-Encoding",
        "X-Content-Type-Options": "nosniff",
        "x-ms-region": "West US 2",
        "X-Powered-By": "ASP.NET",
        "X-RequestId": "89b4c281-274b-4e65-bec2-bed867d0ba2d"
      },
      "ResponseBody": {
        "id": "e5e4a175-2436-427e-a23a-d25636c1c3fb",
        "createdDateTimeUtc": "2022-12-01T22:33:13.7811201Z",
        "lastActionDateTimeUtc": "2022-12-01T22:33:13.7811205Z",
        "status": "NotStarted",
        "summary": {
          "total": 0,
          "failed": 0,
          "success": 0,
          "inProgress": 0,
          "notYetStarted": 0,
          "cancelled": 0,
          "totalCharacterCharged": 0
        }
      }
    },
    {
      "RequestUri": "https://fakeendpoint.cognitiveservices.azure.com/translator/text/batch/v1.0/batches/e5e4a175-2436-427e-a23a-d25636c1c3fb",
      "RequestMethod": "GET",
      "RequestHeaders": {
        "Accept": "*/*",
        "Accept-Encoding": "gzip, deflate",
        "Connection": "keep-alive",
        "User-Agent": "azsdk-python-ai-translation-document/1.0.1 Python/3.10.0 (Windows-10-10.0.22621-SP0)"
      },
      "RequestBody": null,
      "StatusCode": 200,
      "ResponseHeaders": {
        "Age": "0",
        "apim-request-id": "25f0597a-c5f9-4154-b112-0885f16b658b",
        "Cache-Control": "public, max-age=1",
        "Content-Encoding": "gzip",
        "Content-Type": "application/json; charset=utf-8",
        "Date": "Thu, 01 Dec 2022 22:33:14 GMT",
        "ETag": "\u0022AE5FEE5C051C9CCC9803C6824760C9FBB2FACE6B040D6921BF410B8450220DF9\u0022",
        "Set-Cookie": [
          "ARRAffinity=26748e6e05c4da09a11d06730f2d1580980c43bf805ec60ac6528961fdf209ed;Path=/;HttpOnly;Secure;Domain=mtbatch.nam.microsofttranslator.com",
          "ARRAffinitySameSite=26748e6e05c4da09a11d06730f2d1580980c43bf805ec60ac6528961fdf209ed;Path=/;HttpOnly;SameSite=None;Secure;Domain=mtbatch.nam.microsofttranslator.com"
        ],
        "Strict-Transport-Security": "max-age=31536000; includeSubDomains; preload",
        "Transfer-Encoding": "chunked",
        "Vary": "Accept-Encoding",
        "X-Content-Type-Options": "nosniff",
        "x-ms-region": "West US 2",
        "X-Powered-By": "ASP.NET",
        "X-RequestId": "9995e2ba-4a55-4b1b-aa1e-a0ffc7fd29a3"
      },
      "ResponseBody": {
        "id": "e5e4a175-2436-427e-a23a-d25636c1c3fb",
        "createdDateTimeUtc": "2022-12-01T22:33:13.7811201Z",
        "lastActionDateTimeUtc": "2022-12-01T22:33:13.8449634Z",
        "status": "NotStarted",
        "summary": {
          "total": 5,
          "failed": 0,
          "success": 0,
          "inProgress": 0,
          "notYetStarted": 5,
          "cancelled": 0,
          "totalCharacterCharged": 0
        }
      }
    },
    {
      "RequestUri": "https://fakeendpoint.cognitiveservices.azure.com/translator/text/batch/v1.0/batches/e5e4a175-2436-427e-a23a-d25636c1c3fb",
      "RequestMethod": "GET",
      "RequestHeaders": {
        "Accept": "*/*",
        "Accept-Encoding": "gzip, deflate",
        "Connection": "keep-alive",
        "User-Agent": "azsdk-python-ai-translation-document/1.0.1 Python/3.10.0 (Windows-10-10.0.22621-SP0)"
      },
      "RequestBody": null,
      "StatusCode": 200,
      "ResponseHeaders": {
        "Age": "0",
        "apim-request-id": "33f0ab51-a07f-4b81-acb3-d05a4c30f273",
        "Cache-Control": "public, max-age=1",
        "Content-Encoding": "gzip",
        "Content-Type": "application/json; charset=utf-8",
        "Date": "Thu, 01 Dec 2022 22:33:14 GMT",
        "ETag": "\u00222747E1FA062831081D9FE44F20F509E2B7AEB5A841BDA777E0284F87A48215E7\u0022",
        "Set-Cookie": [
          "ARRAffinity=5be4f6076895b28fe7622c56a3f9d12283381141aea24a194955ebb0cccaaba9;Path=/;HttpOnly;Secure;Domain=mtbatch.nam.microsofttranslator.com",
          "ARRAffinitySameSite=5be4f6076895b28fe7622c56a3f9d12283381141aea24a194955ebb0cccaaba9;Path=/;HttpOnly;SameSite=None;Secure;Domain=mtbatch.nam.microsofttranslator.com"
        ],
        "Strict-Transport-Security": "max-age=31536000; includeSubDomains; preload",
        "Transfer-Encoding": "chunked",
        "Vary": "Accept-Encoding",
        "X-Content-Type-Options": "nosniff",
        "x-ms-region": "West US 2",
        "X-Powered-By": "ASP.NET",
        "X-RequestId": "89b4c281-274b-4e65-bec2-bed867d0ba2d"
      },
      "ResponseBody": {
        "id": "e5e4a175-2436-427e-a23a-d25636c1c3fb",
        "createdDateTimeUtc": "2022-12-01T22:33:13.7811201Z",
        "lastActionDateTimeUtc": "2022-12-01T22:33:13.7811205Z",
        "status": "NotStarted",
        "summary": {
          "total": 0,
          "failed": 0,
          "success": 0,
          "inProgress": 0,
          "notYetStarted": 0,
          "cancelled": 0,
          "totalCharacterCharged": 0
        }
      }
    },
    {
      "RequestUri": "https://fakeendpoint.cognitiveservices.azure.com/translator/text/batch/v1.0/batches/e5e4a175-2436-427e-a23a-d25636c1c3fb",
      "RequestMethod": "GET",
      "RequestHeaders": {
        "Accept": "*/*",
        "Accept-Encoding": "gzip, deflate",
        "Connection": "keep-alive",
        "User-Agent": "azsdk-python-ai-translation-document/1.0.1 Python/3.10.0 (Windows-10-10.0.22621-SP0)"
      },
      "RequestBody": null,
      "StatusCode": 200,
      "ResponseHeaders": {
        "Age": "0",
        "apim-request-id": "1ea1c855-a437-467b-abcd-f5967f218cb5",
        "Cache-Control": "public, max-age=1",
        "Content-Encoding": "gzip",
        "Content-Type": "application/json; charset=utf-8",
        "Date": "Thu, 01 Dec 2022 22:33:14 GMT",
        "ETag": "\u0022AE5FEE5C051C9CCC9803C6824760C9FBB2FACE6B040D6921BF410B8450220DF9\u0022",
        "Set-Cookie": [
          "ARRAffinity=26748e6e05c4da09a11d06730f2d1580980c43bf805ec60ac6528961fdf209ed;Path=/;HttpOnly;Secure;Domain=mtbatch.nam.microsofttranslator.com",
          "ARRAffinitySameSite=26748e6e05c4da09a11d06730f2d1580980c43bf805ec60ac6528961fdf209ed;Path=/;HttpOnly;SameSite=None;Secure;Domain=mtbatch.nam.microsofttranslator.com"
        ],
        "Strict-Transport-Security": "max-age=31536000; includeSubDomains; preload",
        "Transfer-Encoding": "chunked",
        "Vary": "Accept-Encoding",
        "X-Content-Type-Options": "nosniff",
        "x-ms-region": "West US 2",
        "X-Powered-By": "ASP.NET",
        "X-RequestId": "9995e2ba-4a55-4b1b-aa1e-a0ffc7fd29a3"
      },
      "ResponseBody": {
        "id": "e5e4a175-2436-427e-a23a-d25636c1c3fb",
        "createdDateTimeUtc": "2022-12-01T22:33:13.7811201Z",
        "lastActionDateTimeUtc": "2022-12-01T22:33:13.8449634Z",
        "status": "NotStarted",
        "summary": {
          "total": 5,
          "failed": 0,
          "success": 0,
          "inProgress": 0,
          "notYetStarted": 5,
          "cancelled": 0,
          "totalCharacterCharged": 0
        }
      }
    },
    {
      "RequestUri": "https://fakeendpoint.cognitiveservices.azure.com/translator/text/batch/v1.0/batches/e5e4a175-2436-427e-a23a-d25636c1c3fb",
      "RequestMethod": "GET",
      "RequestHeaders": {
        "Accept": "*/*",
        "Accept-Encoding": "gzip, deflate",
        "Connection": "keep-alive",
        "User-Agent": "azsdk-python-ai-translation-document/1.0.1 Python/3.10.0 (Windows-10-10.0.22621-SP0)"
      },
      "RequestBody": null,
      "StatusCode": 200,
      "ResponseHeaders": {
        "Age": "0",
        "apim-request-id": "1ad39591-63a8-4b75-9703-466a00aaec43",
        "Cache-Control": "public, max-age=1",
        "Content-Encoding": "gzip",
        "Content-Type": "application/json; charset=utf-8",
        "Date": "Thu, 01 Dec 2022 22:33:14 GMT",
        "ETag": "\u00222747E1FA062831081D9FE44F20F509E2B7AEB5A841BDA777E0284F87A48215E7\u0022",
        "Set-Cookie": [
          "ARRAffinity=5be4f6076895b28fe7622c56a3f9d12283381141aea24a194955ebb0cccaaba9;Path=/;HttpOnly;Secure;Domain=mtbatch.nam.microsofttranslator.com",
          "ARRAffinitySameSite=5be4f6076895b28fe7622c56a3f9d12283381141aea24a194955ebb0cccaaba9;Path=/;HttpOnly;SameSite=None;Secure;Domain=mtbatch.nam.microsofttranslator.com"
        ],
        "Strict-Transport-Security": "max-age=31536000; includeSubDomains; preload",
        "Transfer-Encoding": "chunked",
        "Vary": "Accept-Encoding",
        "X-Content-Type-Options": "nosniff",
        "x-ms-region": "West US 2",
        "X-Powered-By": "ASP.NET",
        "X-RequestId": "89b4c281-274b-4e65-bec2-bed867d0ba2d"
      },
      "ResponseBody": {
        "id": "e5e4a175-2436-427e-a23a-d25636c1c3fb",
        "createdDateTimeUtc": "2022-12-01T22:33:13.7811201Z",
        "lastActionDateTimeUtc": "2022-12-01T22:33:13.7811205Z",
        "status": "NotStarted",
        "summary": {
          "total": 0,
          "failed": 0,
          "success": 0,
          "inProgress": 0,
          "notYetStarted": 0,
          "cancelled": 0,
          "totalCharacterCharged": 0
        }
      }
    },
    {
      "RequestUri": "https://fakeendpoint.cognitiveservices.azure.com/translator/text/batch/v1.0/batches/e5e4a175-2436-427e-a23a-d25636c1c3fb",
      "RequestMethod": "GET",
      "RequestHeaders": {
        "Accept": "*/*",
        "Accept-Encoding": "gzip, deflate",
        "Connection": "keep-alive",
        "User-Agent": "azsdk-python-ai-translation-document/1.0.1 Python/3.10.0 (Windows-10-10.0.22621-SP0)"
      },
      "RequestBody": null,
      "StatusCode": 200,
      "ResponseHeaders": {
        "Age": "0",
        "apim-request-id": "09bbfdac-e75e-475a-8bf0-d99494d08cd4",
        "Cache-Control": "public, max-age=1",
        "Content-Encoding": "gzip",
        "Content-Type": "application/json; charset=utf-8",
        "Date": "Thu, 01 Dec 2022 22:33:14 GMT",
        "ETag": "\u0022AE5FEE5C051C9CCC9803C6824760C9FBB2FACE6B040D6921BF410B8450220DF9\u0022",
        "Set-Cookie": [
          "ARRAffinity=26748e6e05c4da09a11d06730f2d1580980c43bf805ec60ac6528961fdf209ed;Path=/;HttpOnly;Secure;Domain=mtbatch.nam.microsofttranslator.com",
          "ARRAffinitySameSite=26748e6e05c4da09a11d06730f2d1580980c43bf805ec60ac6528961fdf209ed;Path=/;HttpOnly;SameSite=None;Secure;Domain=mtbatch.nam.microsofttranslator.com"
        ],
        "Strict-Transport-Security": "max-age=31536000; includeSubDomains; preload",
        "Transfer-Encoding": "chunked",
        "Vary": "Accept-Encoding",
        "X-Content-Type-Options": "nosniff",
        "x-ms-region": "West US 2",
        "X-Powered-By": "ASP.NET",
        "X-RequestId": "9995e2ba-4a55-4b1b-aa1e-a0ffc7fd29a3"
      },
      "ResponseBody": {
        "id": "e5e4a175-2436-427e-a23a-d25636c1c3fb",
        "createdDateTimeUtc": "2022-12-01T22:33:13.7811201Z",
        "lastActionDateTimeUtc": "2022-12-01T22:33:13.8449634Z",
        "status": "NotStarted",
        "summary": {
          "total": 5,
          "failed": 0,
          "success": 0,
          "inProgress": 0,
          "notYetStarted": 5,
          "cancelled": 0,
          "totalCharacterCharged": 0
        }
      }
    },
    {
      "RequestUri": "https://fakeendpoint.cognitiveservices.azure.com/translator/text/batch/v1.0/batches/e5e4a175-2436-427e-a23a-d25636c1c3fb",
      "RequestMethod": "GET",
      "RequestHeaders": {
        "Accept": "*/*",
        "Accept-Encoding": "gzip, deflate",
        "Connection": "keep-alive",
        "User-Agent": "azsdk-python-ai-translation-document/1.0.1 Python/3.10.0 (Windows-10-10.0.22621-SP0)"
      },
      "RequestBody": null,
      "StatusCode": 200,
      "ResponseHeaders": {
        "apim-request-id": "6da5c2b6-cc5b-4684-a9dc-a2186c4bbf66",
        "Cache-Control": "public, max-age=1",
        "Content-Encoding": "gzip",
        "Content-Type": "application/json; charset=utf-8",
        "Date": "Thu, 01 Dec 2022 22:33:14 GMT",
        "ETag": "\u0022AE5FEE5C051C9CCC9803C6824760C9FBB2FACE6B040D6921BF410B8450220DF9\u0022",
        "Set-Cookie": [
          "ARRAffinity=5be4f6076895b28fe7622c56a3f9d12283381141aea24a194955ebb0cccaaba9;Path=/;HttpOnly;Secure;Domain=mtbatch.nam.microsofttranslator.com",
          "ARRAffinitySameSite=5be4f6076895b28fe7622c56a3f9d12283381141aea24a194955ebb0cccaaba9;Path=/;HttpOnly;SameSite=None;Secure;Domain=mtbatch.nam.microsofttranslator.com"
        ],
        "Strict-Transport-Security": "max-age=31536000; includeSubDomains; preload",
        "Transfer-Encoding": "chunked",
        "Vary": "Accept-Encoding",
        "X-Content-Type-Options": "nosniff",
        "x-ms-region": "West US 2",
        "X-Powered-By": "ASP.NET",
        "X-RequestId": "6da5c2b6-cc5b-4684-a9dc-a2186c4bbf66"
      },
      "ResponseBody": {
        "id": "e5e4a175-2436-427e-a23a-d25636c1c3fb",
        "createdDateTimeUtc": "2022-12-01T22:33:13.7811201Z",
        "lastActionDateTimeUtc": "2022-12-01T22:33:13.8449634Z",
        "status": "NotStarted",
        "summary": {
          "total": 5,
          "failed": 0,
          "success": 0,
          "inProgress": 0,
          "notYetStarted": 5,
          "cancelled": 0,
          "totalCharacterCharged": 0
        }
      }
    },
    {
      "RequestUri": "https://fakeendpoint.cognitiveservices.azure.com/translator/text/batch/v1.0/batches/e5e4a175-2436-427e-a23a-d25636c1c3fb",
      "RequestMethod": "GET",
      "RequestHeaders": {
        "Accept": "*/*",
        "Accept-Encoding": "gzip, deflate",
        "Connection": "keep-alive",
        "User-Agent": "azsdk-python-ai-translation-document/1.0.1 Python/3.10.0 (Windows-10-10.0.22621-SP0)"
      },
      "RequestBody": null,
      "StatusCode": 200,
      "ResponseHeaders": {
        "apim-request-id": "66d02e5c-ca71-48a4-9a2e-b18e0a339adb",
        "Cache-Control": "public, max-age=1",
        "Content-Encoding": "gzip",
        "Content-Type": "application/json; charset=utf-8",
        "Date": "Thu, 01 Dec 2022 22:33:14 GMT",
        "ETag": "\u0022AE5FEE5C051C9CCC9803C6824760C9FBB2FACE6B040D6921BF410B8450220DF9\u0022",
        "Set-Cookie": [
          "ARRAffinity=26748e6e05c4da09a11d06730f2d1580980c43bf805ec60ac6528961fdf209ed;Path=/;HttpOnly;Secure;Domain=mtbatch.nam.microsofttranslator.com",
          "ARRAffinitySameSite=26748e6e05c4da09a11d06730f2d1580980c43bf805ec60ac6528961fdf209ed;Path=/;HttpOnly;SameSite=None;Secure;Domain=mtbatch.nam.microsofttranslator.com"
        ],
        "Strict-Transport-Security": "max-age=31536000; includeSubDomains; preload",
        "Transfer-Encoding": "chunked",
        "Vary": "Accept-Encoding",
        "X-Content-Type-Options": "nosniff",
        "x-ms-region": "West US 2",
        "X-Powered-By": "ASP.NET",
        "X-RequestId": "66d02e5c-ca71-48a4-9a2e-b18e0a339adb"
      },
      "ResponseBody": {
        "id": "e5e4a175-2436-427e-a23a-d25636c1c3fb",
        "createdDateTimeUtc": "2022-12-01T22:33:13.7811201Z",
        "lastActionDateTimeUtc": "2022-12-01T22:33:13.8449634Z",
        "status": "NotStarted",
        "summary": {
          "total": 5,
          "failed": 0,
          "success": 0,
          "inProgress": 0,
          "notYetStarted": 5,
          "cancelled": 0,
          "totalCharacterCharged": 0
        }
      }
    },
    {
      "RequestUri": "https://fakeendpoint.cognitiveservices.azure.com/translator/text/batch/v1.0/batches/e5e4a175-2436-427e-a23a-d25636c1c3fb",
      "RequestMethod": "GET",
      "RequestHeaders": {
        "Accept": "*/*",
        "Accept-Encoding": "gzip, deflate",
        "Connection": "keep-alive",
        "User-Agent": "azsdk-python-ai-translation-document/1.0.1 Python/3.10.0 (Windows-10-10.0.22621-SP0)"
      },
      "RequestBody": null,
      "StatusCode": 200,
      "ResponseHeaders": {
        "Age": "0",
        "apim-request-id": "cd791b4e-3c8a-43fc-8f3b-b4c9268a8acd",
        "Cache-Control": "public, max-age=1",
        "Content-Encoding": "gzip",
        "Content-Type": "application/json; charset=utf-8",
        "Date": "Thu, 01 Dec 2022 22:33:14 GMT",
        "ETag": "\u0022AE5FEE5C051C9CCC9803C6824760C9FBB2FACE6B040D6921BF410B8450220DF9\u0022",
        "Set-Cookie": [
          "ARRAffinity=5be4f6076895b28fe7622c56a3f9d12283381141aea24a194955ebb0cccaaba9;Path=/;HttpOnly;Secure;Domain=mtbatch.nam.microsofttranslator.com",
          "ARRAffinitySameSite=5be4f6076895b28fe7622c56a3f9d12283381141aea24a194955ebb0cccaaba9;Path=/;HttpOnly;SameSite=None;Secure;Domain=mtbatch.nam.microsofttranslator.com"
        ],
        "Strict-Transport-Security": "max-age=31536000; includeSubDomains; preload",
        "Transfer-Encoding": "chunked",
        "Vary": "Accept-Encoding",
        "X-Content-Type-Options": "nosniff",
        "x-ms-region": "West US 2",
        "X-Powered-By": "ASP.NET",
        "X-RequestId": "6da5c2b6-cc5b-4684-a9dc-a2186c4bbf66"
      },
      "ResponseBody": {
        "id": "e5e4a175-2436-427e-a23a-d25636c1c3fb",
        "createdDateTimeUtc": "2022-12-01T22:33:13.7811201Z",
        "lastActionDateTimeUtc": "2022-12-01T22:33:13.8449634Z",
        "status": "NotStarted",
        "summary": {
          "total": 5,
          "failed": 0,
          "success": 0,
          "inProgress": 0,
          "notYetStarted": 5,
          "cancelled": 0,
          "totalCharacterCharged": 0
        }
      }
    },
    {
      "RequestUri": "https://fakeendpoint.cognitiveservices.azure.com/translator/text/batch/v1.0/batches/e5e4a175-2436-427e-a23a-d25636c1c3fb",
      "RequestMethod": "GET",
      "RequestHeaders": {
        "Accept": "*/*",
        "Accept-Encoding": "gzip, deflate",
        "Connection": "keep-alive",
        "User-Agent": "azsdk-python-ai-translation-document/1.0.1 Python/3.10.0 (Windows-10-10.0.22621-SP0)"
      },
      "RequestBody": null,
      "StatusCode": 200,
      "ResponseHeaders": {
        "Age": "0",
        "apim-request-id": "0b7e6ca7-185d-43d1-8662-b8c4a5632fb2",
        "Cache-Control": "public, max-age=1",
        "Content-Encoding": "gzip",
        "Content-Type": "application/json; charset=utf-8",
        "Date": "Thu, 01 Dec 2022 22:33:14 GMT",
        "ETag": "\u0022AE5FEE5C051C9CCC9803C6824760C9FBB2FACE6B040D6921BF410B8450220DF9\u0022",
        "Set-Cookie": [
          "ARRAffinity=26748e6e05c4da09a11d06730f2d1580980c43bf805ec60ac6528961fdf209ed;Path=/;HttpOnly;Secure;Domain=mtbatch.nam.microsofttranslator.com",
          "ARRAffinitySameSite=26748e6e05c4da09a11d06730f2d1580980c43bf805ec60ac6528961fdf209ed;Path=/;HttpOnly;SameSite=None;Secure;Domain=mtbatch.nam.microsofttranslator.com"
        ],
        "Strict-Transport-Security": "max-age=31536000; includeSubDomains; preload",
        "Transfer-Encoding": "chunked",
        "Vary": "Accept-Encoding",
        "X-Content-Type-Options": "nosniff",
        "x-ms-region": "West US 2",
        "X-Powered-By": "ASP.NET",
        "X-RequestId": "66d02e5c-ca71-48a4-9a2e-b18e0a339adb"
      },
      "ResponseBody": {
        "id": "e5e4a175-2436-427e-a23a-d25636c1c3fb",
        "createdDateTimeUtc": "2022-12-01T22:33:13.7811201Z",
        "lastActionDateTimeUtc": "2022-12-01T22:33:13.8449634Z",
        "status": "NotStarted",
        "summary": {
          "total": 5,
          "failed": 0,
          "success": 0,
          "inProgress": 0,
          "notYetStarted": 5,
          "cancelled": 0,
          "totalCharacterCharged": 0
        }
      }
    },
    {
      "RequestUri": "https://fakeendpoint.cognitiveservices.azure.com/translator/text/batch/v1.0/batches/e5e4a175-2436-427e-a23a-d25636c1c3fb",
      "RequestMethod": "GET",
      "RequestHeaders": {
        "Accept": "*/*",
        "Accept-Encoding": "gzip, deflate",
        "Connection": "keep-alive",
        "User-Agent": "azsdk-python-ai-translation-document/1.0.1 Python/3.10.0 (Windows-10-10.0.22621-SP0)"
      },
      "RequestBody": null,
      "StatusCode": 200,
      "ResponseHeaders": {
        "Age": "0",
        "apim-request-id": "5d62ab34-87a4-4911-aacb-bbca85c7edbd",
        "Cache-Control": "public, max-age=1",
        "Content-Encoding": "gzip",
        "Content-Type": "application/json; charset=utf-8",
        "Date": "Thu, 01 Dec 2022 22:33:14 GMT",
        "ETag": "\u0022AE5FEE5C051C9CCC9803C6824760C9FBB2FACE6B040D6921BF410B8450220DF9\u0022",
        "Set-Cookie": [
          "ARRAffinity=5be4f6076895b28fe7622c56a3f9d12283381141aea24a194955ebb0cccaaba9;Path=/;HttpOnly;Secure;Domain=mtbatch.nam.microsofttranslator.com",
          "ARRAffinitySameSite=5be4f6076895b28fe7622c56a3f9d12283381141aea24a194955ebb0cccaaba9;Path=/;HttpOnly;SameSite=None;Secure;Domain=mtbatch.nam.microsofttranslator.com"
        ],
        "Strict-Transport-Security": "max-age=31536000; includeSubDomains; preload",
        "Transfer-Encoding": "chunked",
        "Vary": "Accept-Encoding",
        "X-Content-Type-Options": "nosniff",
        "x-ms-region": "West US 2",
        "X-Powered-By": "ASP.NET",
        "X-RequestId": "6da5c2b6-cc5b-4684-a9dc-a2186c4bbf66"
      },
      "ResponseBody": {
        "id": "e5e4a175-2436-427e-a23a-d25636c1c3fb",
        "createdDateTimeUtc": "2022-12-01T22:33:13.7811201Z",
        "lastActionDateTimeUtc": "2022-12-01T22:33:13.8449634Z",
        "status": "NotStarted",
        "summary": {
          "total": 5,
          "failed": 0,
          "success": 0,
          "inProgress": 0,
          "notYetStarted": 5,
          "cancelled": 0,
          "totalCharacterCharged": 0
        }
      }
    },
    {
      "RequestUri": "https://fakeendpoint.cognitiveservices.azure.com/translator/text/batch/v1.0/batches/e5e4a175-2436-427e-a23a-d25636c1c3fb",
      "RequestMethod": "GET",
      "RequestHeaders": {
        "Accept": "*/*",
        "Accept-Encoding": "gzip, deflate",
        "Connection": "keep-alive",
        "User-Agent": "azsdk-python-ai-translation-document/1.0.1 Python/3.10.0 (Windows-10-10.0.22621-SP0)"
      },
      "RequestBody": null,
      "StatusCode": 200,
      "ResponseHeaders": {
        "Age": "0",
        "apim-request-id": "f697699c-101d-4805-9a0d-03fd8560a475",
        "Cache-Control": "public, max-age=1",
        "Content-Encoding": "gzip",
        "Content-Type": "application/json; charset=utf-8",
        "Date": "Thu, 01 Dec 2022 22:33:14 GMT",
        "ETag": "\u0022AE5FEE5C051C9CCC9803C6824760C9FBB2FACE6B040D6921BF410B8450220DF9\u0022",
        "Set-Cookie": [
          "ARRAffinity=26748e6e05c4da09a11d06730f2d1580980c43bf805ec60ac6528961fdf209ed;Path=/;HttpOnly;Secure;Domain=mtbatch.nam.microsofttranslator.com",
          "ARRAffinitySameSite=26748e6e05c4da09a11d06730f2d1580980c43bf805ec60ac6528961fdf209ed;Path=/;HttpOnly;SameSite=None;Secure;Domain=mtbatch.nam.microsofttranslator.com"
        ],
        "Strict-Transport-Security": "max-age=31536000; includeSubDomains; preload",
        "Transfer-Encoding": "chunked",
        "Vary": "Accept-Encoding",
        "X-Content-Type-Options": "nosniff",
        "x-ms-region": "West US 2",
        "X-Powered-By": "ASP.NET",
        "X-RequestId": "66d02e5c-ca71-48a4-9a2e-b18e0a339adb"
      },
      "ResponseBody": {
        "id": "e5e4a175-2436-427e-a23a-d25636c1c3fb",
        "createdDateTimeUtc": "2022-12-01T22:33:13.7811201Z",
        "lastActionDateTimeUtc": "2022-12-01T22:33:13.8449634Z",
        "status": "NotStarted",
        "summary": {
          "total": 5,
          "failed": 0,
          "success": 0,
          "inProgress": 0,
          "notYetStarted": 5,
          "cancelled": 0,
          "totalCharacterCharged": 0
        }
      }
    },
    {
      "RequestUri": "https://fakeendpoint.cognitiveservices.azure.com/translator/text/batch/v1.0/batches/e5e4a175-2436-427e-a23a-d25636c1c3fb",
      "RequestMethod": "GET",
      "RequestHeaders": {
        "Accept": "*/*",
        "Accept-Encoding": "gzip, deflate",
        "Connection": "keep-alive",
        "User-Agent": "azsdk-python-ai-translation-document/1.0.1 Python/3.10.0 (Windows-10-10.0.22621-SP0)"
      },
      "RequestBody": null,
      "StatusCode": 200,
      "ResponseHeaders": {
        "Age": "0",
        "apim-request-id": "842f5fe4-2ada-4f1d-819d-d4ebc1a09912",
        "Cache-Control": "public, max-age=1",
        "Content-Encoding": "gzip",
        "Content-Type": "application/json; charset=utf-8",
        "Date": "Thu, 01 Dec 2022 22:33:14 GMT",
        "ETag": "\u0022AE5FEE5C051C9CCC9803C6824760C9FBB2FACE6B040D6921BF410B8450220DF9\u0022",
        "Set-Cookie": [
          "ARRAffinity=5be4f6076895b28fe7622c56a3f9d12283381141aea24a194955ebb0cccaaba9;Path=/;HttpOnly;Secure;Domain=mtbatch.nam.microsofttranslator.com",
          "ARRAffinitySameSite=5be4f6076895b28fe7622c56a3f9d12283381141aea24a194955ebb0cccaaba9;Path=/;HttpOnly;SameSite=None;Secure;Domain=mtbatch.nam.microsofttranslator.com"
        ],
        "Strict-Transport-Security": "max-age=31536000; includeSubDomains; preload",
        "Transfer-Encoding": "chunked",
        "Vary": "Accept-Encoding",
        "X-Content-Type-Options": "nosniff",
        "x-ms-region": "West US 2",
        "X-Powered-By": "ASP.NET",
        "X-RequestId": "6da5c2b6-cc5b-4684-a9dc-a2186c4bbf66"
      },
      "ResponseBody": {
        "id": "e5e4a175-2436-427e-a23a-d25636c1c3fb",
        "createdDateTimeUtc": "2022-12-01T22:33:13.7811201Z",
        "lastActionDateTimeUtc": "2022-12-01T22:33:13.8449634Z",
        "status": "NotStarted",
        "summary": {
          "total": 5,
          "failed": 0,
          "success": 0,
          "inProgress": 0,
          "notYetStarted": 5,
          "cancelled": 0,
          "totalCharacterCharged": 0
        }
      }
    },
    {
      "RequestUri": "https://fakeendpoint.cognitiveservices.azure.com/translator/text/batch/v1.0/batches/e5e4a175-2436-427e-a23a-d25636c1c3fb",
      "RequestMethod": "GET",
      "RequestHeaders": {
        "Accept": "*/*",
        "Accept-Encoding": "gzip, deflate",
        "Connection": "keep-alive",
        "User-Agent": "azsdk-python-ai-translation-document/1.0.1 Python/3.10.0 (Windows-10-10.0.22621-SP0)"
      },
      "RequestBody": null,
      "StatusCode": 200,
      "ResponseHeaders": {
        "Age": "0",
        "apim-request-id": "c1342a05-d18e-4c2c-bdc1-61793c0107e0",
        "Cache-Control": "public, max-age=1",
        "Content-Encoding": "gzip",
        "Content-Type": "application/json; charset=utf-8",
        "Date": "Thu, 01 Dec 2022 22:33:14 GMT",
        "ETag": "\u0022AE5FEE5C051C9CCC9803C6824760C9FBB2FACE6B040D6921BF410B8450220DF9\u0022",
        "Set-Cookie": [
          "ARRAffinity=26748e6e05c4da09a11d06730f2d1580980c43bf805ec60ac6528961fdf209ed;Path=/;HttpOnly;Secure;Domain=mtbatch.nam.microsofttranslator.com",
          "ARRAffinitySameSite=26748e6e05c4da09a11d06730f2d1580980c43bf805ec60ac6528961fdf209ed;Path=/;HttpOnly;SameSite=None;Secure;Domain=mtbatch.nam.microsofttranslator.com"
        ],
        "Strict-Transport-Security": "max-age=31536000; includeSubDomains; preload",
        "Transfer-Encoding": "chunked",
        "Vary": "Accept-Encoding",
        "X-Content-Type-Options": "nosniff",
        "x-ms-region": "West US 2",
        "X-Powered-By": "ASP.NET",
        "X-RequestId": "66d02e5c-ca71-48a4-9a2e-b18e0a339adb"
      },
      "ResponseBody": {
        "id": "e5e4a175-2436-427e-a23a-d25636c1c3fb",
        "createdDateTimeUtc": "2022-12-01T22:33:13.7811201Z",
        "lastActionDateTimeUtc": "2022-12-01T22:33:13.8449634Z",
        "status": "NotStarted",
        "summary": {
          "total": 5,
          "failed": 0,
          "success": 0,
          "inProgress": 0,
          "notYetStarted": 5,
          "cancelled": 0,
          "totalCharacterCharged": 0
        }
      }
    },
    {
      "RequestUri": "https://fakeendpoint.cognitiveservices.azure.com/translator/text/batch/v1.0/batches/e5e4a175-2436-427e-a23a-d25636c1c3fb",
      "RequestMethod": "GET",
      "RequestHeaders": {
        "Accept": "*/*",
        "Accept-Encoding": "gzip, deflate",
        "Connection": "keep-alive",
        "User-Agent": "azsdk-python-ai-translation-document/1.0.1 Python/3.10.0 (Windows-10-10.0.22621-SP0)"
      },
      "RequestBody": null,
      "StatusCode": 200,
      "ResponseHeaders": {
        "Age": "0",
        "apim-request-id": "384396c9-c51f-477b-a291-3e9954a81810",
        "Cache-Control": "public, max-age=1",
        "Content-Encoding": "gzip",
        "Content-Type": "application/json; charset=utf-8",
        "Date": "Thu, 01 Dec 2022 22:33:14 GMT",
        "ETag": "\u0022AE5FEE5C051C9CCC9803C6824760C9FBB2FACE6B040D6921BF410B8450220DF9\u0022",
        "Set-Cookie": [
          "ARRAffinity=5be4f6076895b28fe7622c56a3f9d12283381141aea24a194955ebb0cccaaba9;Path=/;HttpOnly;Secure;Domain=mtbatch.nam.microsofttranslator.com",
          "ARRAffinitySameSite=5be4f6076895b28fe7622c56a3f9d12283381141aea24a194955ebb0cccaaba9;Path=/;HttpOnly;SameSite=None;Secure;Domain=mtbatch.nam.microsofttranslator.com"
        ],
        "Strict-Transport-Security": "max-age=31536000; includeSubDomains; preload",
        "Transfer-Encoding": "chunked",
        "Vary": "Accept-Encoding",
        "X-Content-Type-Options": "nosniff",
        "x-ms-region": "West US 2",
        "X-Powered-By": "ASP.NET",
        "X-RequestId": "6da5c2b6-cc5b-4684-a9dc-a2186c4bbf66"
      },
      "ResponseBody": {
        "id": "e5e4a175-2436-427e-a23a-d25636c1c3fb",
        "createdDateTimeUtc": "2022-12-01T22:33:13.7811201Z",
        "lastActionDateTimeUtc": "2022-12-01T22:33:13.8449634Z",
        "status": "NotStarted",
        "summary": {
          "total": 5,
          "failed": 0,
          "success": 0,
          "inProgress": 0,
          "notYetStarted": 5,
          "cancelled": 0,
          "totalCharacterCharged": 0
        }
      }
    },
    {
      "RequestUri": "https://fakeendpoint.cognitiveservices.azure.com/translator/text/batch/v1.0/batches/e5e4a175-2436-427e-a23a-d25636c1c3fb",
      "RequestMethod": "GET",
      "RequestHeaders": {
        "Accept": "*/*",
        "Accept-Encoding": "gzip, deflate",
        "Connection": "keep-alive",
        "User-Agent": "azsdk-python-ai-translation-document/1.0.1 Python/3.10.0 (Windows-10-10.0.22621-SP0)"
      },
      "RequestBody": null,
      "StatusCode": 200,
      "ResponseHeaders": {
        "Age": "0",
        "apim-request-id": "400fa867-beec-450b-bba2-60ca830cc6a3",
        "Cache-Control": "public, max-age=1",
        "Content-Encoding": "gzip",
        "Content-Type": "application/json; charset=utf-8",
        "Date": "Thu, 01 Dec 2022 22:33:15 GMT",
        "ETag": "\u0022AE5FEE5C051C9CCC9803C6824760C9FBB2FACE6B040D6921BF410B8450220DF9\u0022",
        "Set-Cookie": [
          "ARRAffinity=26748e6e05c4da09a11d06730f2d1580980c43bf805ec60ac6528961fdf209ed;Path=/;HttpOnly;Secure;Domain=mtbatch.nam.microsofttranslator.com",
          "ARRAffinitySameSite=26748e6e05c4da09a11d06730f2d1580980c43bf805ec60ac6528961fdf209ed;Path=/;HttpOnly;SameSite=None;Secure;Domain=mtbatch.nam.microsofttranslator.com"
        ],
        "Strict-Transport-Security": "max-age=31536000; includeSubDomains; preload",
        "Transfer-Encoding": "chunked",
        "Vary": "Accept-Encoding",
        "X-Content-Type-Options": "nosniff",
        "x-ms-region": "West US 2",
        "X-Powered-By": "ASP.NET",
        "X-RequestId": "66d02e5c-ca71-48a4-9a2e-b18e0a339adb"
      },
      "ResponseBody": {
        "id": "e5e4a175-2436-427e-a23a-d25636c1c3fb",
        "createdDateTimeUtc": "2022-12-01T22:33:13.7811201Z",
        "lastActionDateTimeUtc": "2022-12-01T22:33:13.8449634Z",
        "status": "NotStarted",
        "summary": {
          "total": 5,
          "failed": 0,
          "success": 0,
          "inProgress": 0,
          "notYetStarted": 5,
          "cancelled": 0,
          "totalCharacterCharged": 0
        }
      }
    },
    {
      "RequestUri": "https://fakeendpoint.cognitiveservices.azure.com/translator/text/batch/v1.0/batches/e5e4a175-2436-427e-a23a-d25636c1c3fb",
      "RequestMethod": "GET",
      "RequestHeaders": {
        "Accept": "*/*",
        "Accept-Encoding": "gzip, deflate",
        "Connection": "keep-alive",
        "User-Agent": "azsdk-python-ai-translation-document/1.0.1 Python/3.10.0 (Windows-10-10.0.22621-SP0)"
      },
      "RequestBody": null,
      "StatusCode": 200,
      "ResponseHeaders": {
        "Age": "0",
        "apim-request-id": "881a3b6c-9725-44bb-95ac-147982aafc46",
        "Cache-Control": "public, max-age=1",
        "Content-Encoding": "gzip",
        "Content-Type": "application/json; charset=utf-8",
        "Date": "Thu, 01 Dec 2022 22:33:15 GMT",
        "ETag": "\u0022AE5FEE5C051C9CCC9803C6824760C9FBB2FACE6B040D6921BF410B8450220DF9\u0022",
        "Set-Cookie": [
          "ARRAffinity=5be4f6076895b28fe7622c56a3f9d12283381141aea24a194955ebb0cccaaba9;Path=/;HttpOnly;Secure;Domain=mtbatch.nam.microsofttranslator.com",
          "ARRAffinitySameSite=5be4f6076895b28fe7622c56a3f9d12283381141aea24a194955ebb0cccaaba9;Path=/;HttpOnly;SameSite=None;Secure;Domain=mtbatch.nam.microsofttranslator.com"
        ],
        "Strict-Transport-Security": "max-age=31536000; includeSubDomains; preload",
        "Transfer-Encoding": "chunked",
        "Vary": "Accept-Encoding",
        "X-Content-Type-Options": "nosniff",
        "x-ms-region": "West US 2",
        "X-Powered-By": "ASP.NET",
        "X-RequestId": "6da5c2b6-cc5b-4684-a9dc-a2186c4bbf66"
      },
      "ResponseBody": {
        "id": "e5e4a175-2436-427e-a23a-d25636c1c3fb",
        "createdDateTimeUtc": "2022-12-01T22:33:13.7811201Z",
        "lastActionDateTimeUtc": "2022-12-01T22:33:13.8449634Z",
        "status": "NotStarted",
        "summary": {
          "total": 5,
          "failed": 0,
          "success": 0,
          "inProgress": 0,
          "notYetStarted": 5,
          "cancelled": 0,
          "totalCharacterCharged": 0
        }
      }
    },
    {
      "RequestUri": "https://fakeendpoint.cognitiveservices.azure.com/translator/text/batch/v1.0/batches/e5e4a175-2436-427e-a23a-d25636c1c3fb",
      "RequestMethod": "GET",
      "RequestHeaders": {
        "Accept": "*/*",
        "Accept-Encoding": "gzip, deflate",
        "Connection": "keep-alive",
        "User-Agent": "azsdk-python-ai-translation-document/1.0.1 Python/3.10.0 (Windows-10-10.0.22621-SP0)"
      },
      "RequestBody": null,
      "StatusCode": 200,
      "ResponseHeaders": {
        "Age": "0",
        "apim-request-id": "93128e08-6f55-4f77-863d-3ce1048f48de",
        "Cache-Control": "public, max-age=1",
        "Content-Encoding": "gzip",
        "Content-Type": "application/json; charset=utf-8",
        "Date": "Thu, 01 Dec 2022 22:33:15 GMT",
        "ETag": "\u0022AE5FEE5C051C9CCC9803C6824760C9FBB2FACE6B040D6921BF410B8450220DF9\u0022",
        "Set-Cookie": [
          "ARRAffinity=26748e6e05c4da09a11d06730f2d1580980c43bf805ec60ac6528961fdf209ed;Path=/;HttpOnly;Secure;Domain=mtbatch.nam.microsofttranslator.com",
          "ARRAffinitySameSite=26748e6e05c4da09a11d06730f2d1580980c43bf805ec60ac6528961fdf209ed;Path=/;HttpOnly;SameSite=None;Secure;Domain=mtbatch.nam.microsofttranslator.com"
        ],
        "Strict-Transport-Security": "max-age=31536000; includeSubDomains; preload",
        "Transfer-Encoding": "chunked",
        "Vary": "Accept-Encoding",
        "X-Content-Type-Options": "nosniff",
        "x-ms-region": "West US 2",
        "X-Powered-By": "ASP.NET",
        "X-RequestId": "66d02e5c-ca71-48a4-9a2e-b18e0a339adb"
      },
      "ResponseBody": {
        "id": "e5e4a175-2436-427e-a23a-d25636c1c3fb",
        "createdDateTimeUtc": "2022-12-01T22:33:13.7811201Z",
        "lastActionDateTimeUtc": "2022-12-01T22:33:13.8449634Z",
        "status": "NotStarted",
        "summary": {
          "total": 5,
          "failed": 0,
          "success": 0,
          "inProgress": 0,
          "notYetStarted": 5,
          "cancelled": 0,
          "totalCharacterCharged": 0
        }
      }
    },
    {
      "RequestUri": "https://fakeendpoint.cognitiveservices.azure.com/translator/text/batch/v1.0/batches/e5e4a175-2436-427e-a23a-d25636c1c3fb",
      "RequestMethod": "GET",
      "RequestHeaders": {
        "Accept": "*/*",
        "Accept-Encoding": "gzip, deflate",
        "Connection": "keep-alive",
        "User-Agent": "azsdk-python-ai-translation-document/1.0.1 Python/3.10.0 (Windows-10-10.0.22621-SP0)"
      },
      "RequestBody": null,
      "StatusCode": 200,
      "ResponseHeaders": {
        "Age": "0",
        "apim-request-id": "b0f7b786-2eaf-4f45-b799-b5dd2cdb8c44",
        "Cache-Control": "public, max-age=1",
        "Content-Encoding": "gzip",
        "Content-Type": "application/json; charset=utf-8",
        "Date": "Thu, 01 Dec 2022 22:33:15 GMT",
        "ETag": "\u0022AE5FEE5C051C9CCC9803C6824760C9FBB2FACE6B040D6921BF410B8450220DF9\u0022",
        "Set-Cookie": [
          "ARRAffinity=5be4f6076895b28fe7622c56a3f9d12283381141aea24a194955ebb0cccaaba9;Path=/;HttpOnly;Secure;Domain=mtbatch.nam.microsofttranslator.com",
          "ARRAffinitySameSite=5be4f6076895b28fe7622c56a3f9d12283381141aea24a194955ebb0cccaaba9;Path=/;HttpOnly;SameSite=None;Secure;Domain=mtbatch.nam.microsofttranslator.com"
        ],
        "Strict-Transport-Security": "max-age=31536000; includeSubDomains; preload",
        "Transfer-Encoding": "chunked",
        "Vary": "Accept-Encoding",
        "X-Content-Type-Options": "nosniff",
        "x-ms-region": "West US 2",
        "X-Powered-By": "ASP.NET",
        "X-RequestId": "6da5c2b6-cc5b-4684-a9dc-a2186c4bbf66"
      },
      "ResponseBody": {
        "id": "e5e4a175-2436-427e-a23a-d25636c1c3fb",
        "createdDateTimeUtc": "2022-12-01T22:33:13.7811201Z",
        "lastActionDateTimeUtc": "2022-12-01T22:33:13.8449634Z",
        "status": "NotStarted",
        "summary": {
          "total": 5,
          "failed": 0,
          "success": 0,
          "inProgress": 0,
          "notYetStarted": 5,
          "cancelled": 0,
          "totalCharacterCharged": 0
        }
      }
    },
    {
      "RequestUri": "https://fakeendpoint.cognitiveservices.azure.com/translator/text/batch/v1.0/batches/e5e4a175-2436-427e-a23a-d25636c1c3fb",
      "RequestMethod": "GET",
      "RequestHeaders": {
        "Accept": "*/*",
        "Accept-Encoding": "gzip, deflate",
        "Connection": "keep-alive",
        "User-Agent": "azsdk-python-ai-translation-document/1.0.1 Python/3.10.0 (Windows-10-10.0.22621-SP0)"
      },
      "RequestBody": null,
      "StatusCode": 200,
      "ResponseHeaders": {
        "Age": "0",
        "apim-request-id": "83fd22e8-ed0d-4552-9f72-19a2e673dfdc",
        "Cache-Control": "public, max-age=1",
        "Content-Encoding": "gzip",
        "Content-Type": "application/json; charset=utf-8",
        "Date": "Thu, 01 Dec 2022 22:33:15 GMT",
        "ETag": "\u0022AE5FEE5C051C9CCC9803C6824760C9FBB2FACE6B040D6921BF410B8450220DF9\u0022",
        "Set-Cookie": [
          "ARRAffinity=26748e6e05c4da09a11d06730f2d1580980c43bf805ec60ac6528961fdf209ed;Path=/;HttpOnly;Secure;Domain=mtbatch.nam.microsofttranslator.com",
          "ARRAffinitySameSite=26748e6e05c4da09a11d06730f2d1580980c43bf805ec60ac6528961fdf209ed;Path=/;HttpOnly;SameSite=None;Secure;Domain=mtbatch.nam.microsofttranslator.com"
        ],
        "Strict-Transport-Security": "max-age=31536000; includeSubDomains; preload",
        "Transfer-Encoding": "chunked",
        "Vary": "Accept-Encoding",
        "X-Content-Type-Options": "nosniff",
        "x-ms-region": "West US 2",
        "X-Powered-By": "ASP.NET",
        "X-RequestId": "66d02e5c-ca71-48a4-9a2e-b18e0a339adb"
      },
      "ResponseBody": {
        "id": "e5e4a175-2436-427e-a23a-d25636c1c3fb",
        "createdDateTimeUtc": "2022-12-01T22:33:13.7811201Z",
        "lastActionDateTimeUtc": "2022-12-01T22:33:13.8449634Z",
        "status": "NotStarted",
        "summary": {
          "total": 5,
          "failed": 0,
          "success": 0,
          "inProgress": 0,
          "notYetStarted": 5,
          "cancelled": 0,
          "totalCharacterCharged": 0
        }
      }
    },
    {
      "RequestUri": "https://fakeendpoint.cognitiveservices.azure.com/translator/text/batch/v1.0/batches/e5e4a175-2436-427e-a23a-d25636c1c3fb",
      "RequestMethod": "GET",
      "RequestHeaders": {
        "Accept": "*/*",
        "Accept-Encoding": "gzip, deflate",
        "Connection": "keep-alive",
        "User-Agent": "azsdk-python-ai-translation-document/1.0.1 Python/3.10.0 (Windows-10-10.0.22621-SP0)"
      },
      "RequestBody": null,
      "StatusCode": 200,
      "ResponseHeaders": {
        "Age": "0",
        "apim-request-id": "1cf6826f-5fc3-49c0-9a06-d92c6aa20f34",
        "Cache-Control": "public, max-age=1",
        "Content-Encoding": "gzip",
        "Content-Type": "application/json; charset=utf-8",
        "Date": "Thu, 01 Dec 2022 22:33:15 GMT",
        "ETag": "\u0022AE5FEE5C051C9CCC9803C6824760C9FBB2FACE6B040D6921BF410B8450220DF9\u0022",
        "Set-Cookie": [
          "ARRAffinity=5be4f6076895b28fe7622c56a3f9d12283381141aea24a194955ebb0cccaaba9;Path=/;HttpOnly;Secure;Domain=mtbatch.nam.microsofttranslator.com",
          "ARRAffinitySameSite=5be4f6076895b28fe7622c56a3f9d12283381141aea24a194955ebb0cccaaba9;Path=/;HttpOnly;SameSite=None;Secure;Domain=mtbatch.nam.microsofttranslator.com"
        ],
        "Strict-Transport-Security": "max-age=31536000; includeSubDomains; preload",
        "Transfer-Encoding": "chunked",
        "Vary": "Accept-Encoding",
        "X-Content-Type-Options": "nosniff",
        "x-ms-region": "West US 2",
        "X-Powered-By": "ASP.NET",
        "X-RequestId": "6da5c2b6-cc5b-4684-a9dc-a2186c4bbf66"
      },
      "ResponseBody": {
        "id": "e5e4a175-2436-427e-a23a-d25636c1c3fb",
        "createdDateTimeUtc": "2022-12-01T22:33:13.7811201Z",
        "lastActionDateTimeUtc": "2022-12-01T22:33:13.8449634Z",
        "status": "NotStarted",
        "summary": {
          "total": 5,
          "failed": 0,
          "success": 0,
          "inProgress": 0,
          "notYetStarted": 5,
          "cancelled": 0,
          "totalCharacterCharged": 0
        }
      }
    },
    {
      "RequestUri": "https://fakeendpoint.cognitiveservices.azure.com/translator/text/batch/v1.0/batches/e5e4a175-2436-427e-a23a-d25636c1c3fb",
      "RequestMethod": "GET",
      "RequestHeaders": {
        "Accept": "*/*",
        "Accept-Encoding": "gzip, deflate",
        "Connection": "keep-alive",
        "User-Agent": "azsdk-python-ai-translation-document/1.0.1 Python/3.10.0 (Windows-10-10.0.22621-SP0)"
      },
      "RequestBody": null,
      "StatusCode": 200,
      "ResponseHeaders": {
        "Age": "0",
        "apim-request-id": "8b1d395d-dce8-4e54-be7d-dc5729e5eee7",
        "Cache-Control": "public, max-age=1",
        "Content-Encoding": "gzip",
        "Content-Type": "application/json; charset=utf-8",
        "Date": "Thu, 01 Dec 2022 22:33:15 GMT",
        "ETag": "\u0022AE5FEE5C051C9CCC9803C6824760C9FBB2FACE6B040D6921BF410B8450220DF9\u0022",
        "Set-Cookie": [
          "ARRAffinity=26748e6e05c4da09a11d06730f2d1580980c43bf805ec60ac6528961fdf209ed;Path=/;HttpOnly;Secure;Domain=mtbatch.nam.microsofttranslator.com",
          "ARRAffinitySameSite=26748e6e05c4da09a11d06730f2d1580980c43bf805ec60ac6528961fdf209ed;Path=/;HttpOnly;SameSite=None;Secure;Domain=mtbatch.nam.microsofttranslator.com"
        ],
        "Strict-Transport-Security": "max-age=31536000; includeSubDomains; preload",
        "Transfer-Encoding": "chunked",
        "Vary": "Accept-Encoding",
        "X-Content-Type-Options": "nosniff",
        "x-ms-region": "West US 2",
        "X-Powered-By": "ASP.NET",
        "X-RequestId": "66d02e5c-ca71-48a4-9a2e-b18e0a339adb"
      },
      "ResponseBody": {
        "id": "e5e4a175-2436-427e-a23a-d25636c1c3fb",
        "createdDateTimeUtc": "2022-12-01T22:33:13.7811201Z",
        "lastActionDateTimeUtc": "2022-12-01T22:33:13.8449634Z",
        "status": "NotStarted",
        "summary": {
          "total": 5,
          "failed": 0,
          "success": 0,
          "inProgress": 0,
          "notYetStarted": 5,
          "cancelled": 0,
          "totalCharacterCharged": 0
        }
      }
    },
    {
      "RequestUri": "https://fakeendpoint.cognitiveservices.azure.com/translator/text/batch/v1.0/batches/e5e4a175-2436-427e-a23a-d25636c1c3fb",
      "RequestMethod": "GET",
      "RequestHeaders": {
        "Accept": "*/*",
        "Accept-Encoding": "gzip, deflate",
        "Connection": "keep-alive",
        "User-Agent": "azsdk-python-ai-translation-document/1.0.1 Python/3.10.0 (Windows-10-10.0.22621-SP0)"
      },
      "RequestBody": null,
      "StatusCode": 200,
      "ResponseHeaders": {
        "Age": "0",
        "apim-request-id": "98af968f-2d45-4f93-9e17-1b7b88381d42",
        "Cache-Control": "public, max-age=1",
        "Content-Encoding": "gzip",
        "Content-Type": "application/json; charset=utf-8",
        "Date": "Thu, 01 Dec 2022 22:33:15 GMT",
        "ETag": "\u0022AE5FEE5C051C9CCC9803C6824760C9FBB2FACE6B040D6921BF410B8450220DF9\u0022",
        "Set-Cookie": [
          "ARRAffinity=5be4f6076895b28fe7622c56a3f9d12283381141aea24a194955ebb0cccaaba9;Path=/;HttpOnly;Secure;Domain=mtbatch.nam.microsofttranslator.com",
          "ARRAffinitySameSite=5be4f6076895b28fe7622c56a3f9d12283381141aea24a194955ebb0cccaaba9;Path=/;HttpOnly;SameSite=None;Secure;Domain=mtbatch.nam.microsofttranslator.com"
        ],
        "Strict-Transport-Security": "max-age=31536000; includeSubDomains; preload",
        "Transfer-Encoding": "chunked",
        "Vary": "Accept-Encoding",
        "X-Content-Type-Options": "nosniff",
        "x-ms-region": "West US 2",
        "X-Powered-By": "ASP.NET",
        "X-RequestId": "6da5c2b6-cc5b-4684-a9dc-a2186c4bbf66"
      },
      "ResponseBody": {
        "id": "e5e4a175-2436-427e-a23a-d25636c1c3fb",
        "createdDateTimeUtc": "2022-12-01T22:33:13.7811201Z",
        "lastActionDateTimeUtc": "2022-12-01T22:33:13.8449634Z",
        "status": "NotStarted",
        "summary": {
          "total": 5,
          "failed": 0,
          "success": 0,
          "inProgress": 0,
          "notYetStarted": 5,
          "cancelled": 0,
          "totalCharacterCharged": 0
        }
      }
    },
    {
      "RequestUri": "https://fakeendpoint.cognitiveservices.azure.com/translator/text/batch/v1.0/batches/e5e4a175-2436-427e-a23a-d25636c1c3fb",
      "RequestMethod": "GET",
      "RequestHeaders": {
        "Accept": "*/*",
        "Accept-Encoding": "gzip, deflate",
        "Connection": "keep-alive",
        "User-Agent": "azsdk-python-ai-translation-document/1.0.1 Python/3.10.0 (Windows-10-10.0.22621-SP0)"
      },
      "RequestBody": null,
      "StatusCode": 200,
      "ResponseHeaders": {
        "Age": "0",
        "apim-request-id": "2d3a7067-96a5-4827-9706-7a3f14881a5c",
        "Cache-Control": "public, max-age=1",
        "Content-Encoding": "gzip",
        "Content-Type": "application/json; charset=utf-8",
        "Date": "Thu, 01 Dec 2022 22:33:15 GMT",
        "ETag": "\u0022AE5FEE5C051C9CCC9803C6824760C9FBB2FACE6B040D6921BF410B8450220DF9\u0022",
        "Set-Cookie": [
          "ARRAffinity=26748e6e05c4da09a11d06730f2d1580980c43bf805ec60ac6528961fdf209ed;Path=/;HttpOnly;Secure;Domain=mtbatch.nam.microsofttranslator.com",
          "ARRAffinitySameSite=26748e6e05c4da09a11d06730f2d1580980c43bf805ec60ac6528961fdf209ed;Path=/;HttpOnly;SameSite=None;Secure;Domain=mtbatch.nam.microsofttranslator.com"
        ],
        "Strict-Transport-Security": "max-age=31536000; includeSubDomains; preload",
        "Transfer-Encoding": "chunked",
        "Vary": "Accept-Encoding",
        "X-Content-Type-Options": "nosniff",
        "x-ms-region": "West US 2",
        "X-Powered-By": "ASP.NET",
        "X-RequestId": "66d02e5c-ca71-48a4-9a2e-b18e0a339adb"
      },
      "ResponseBody": {
        "id": "e5e4a175-2436-427e-a23a-d25636c1c3fb",
        "createdDateTimeUtc": "2022-12-01T22:33:13.7811201Z",
        "lastActionDateTimeUtc": "2022-12-01T22:33:13.8449634Z",
        "status": "NotStarted",
        "summary": {
          "total": 5,
          "failed": 0,
          "success": 0,
          "inProgress": 0,
          "notYetStarted": 5,
          "cancelled": 0,
          "totalCharacterCharged": 0
        }
      }
    },
    {
      "RequestUri": "https://fakeendpoint.cognitiveservices.azure.com/translator/text/batch/v1.0/batches/e5e4a175-2436-427e-a23a-d25636c1c3fb",
      "RequestMethod": "GET",
      "RequestHeaders": {
        "Accept": "*/*",
        "Accept-Encoding": "gzip, deflate",
        "Connection": "keep-alive",
        "User-Agent": "azsdk-python-ai-translation-document/1.0.1 Python/3.10.0 (Windows-10-10.0.22621-SP0)"
      },
      "RequestBody": null,
      "StatusCode": 200,
      "ResponseHeaders": {
        "Age": "0",
        "apim-request-id": "ee169bbc-3190-46c2-90cf-0092c01b823a",
        "Cache-Control": "public, max-age=1",
        "Content-Encoding": "gzip",
        "Content-Type": "application/json; charset=utf-8",
        "Date": "Thu, 01 Dec 2022 22:33:15 GMT",
        "ETag": "\u0022AE5FEE5C051C9CCC9803C6824760C9FBB2FACE6B040D6921BF410B8450220DF9\u0022",
        "Set-Cookie": [
          "ARRAffinity=5be4f6076895b28fe7622c56a3f9d12283381141aea24a194955ebb0cccaaba9;Path=/;HttpOnly;Secure;Domain=mtbatch.nam.microsofttranslator.com",
          "ARRAffinitySameSite=5be4f6076895b28fe7622c56a3f9d12283381141aea24a194955ebb0cccaaba9;Path=/;HttpOnly;SameSite=None;Secure;Domain=mtbatch.nam.microsofttranslator.com"
        ],
        "Strict-Transport-Security": "max-age=31536000; includeSubDomains; preload",
        "Transfer-Encoding": "chunked",
        "Vary": "Accept-Encoding",
        "X-Content-Type-Options": "nosniff",
        "x-ms-region": "West US 2",
        "X-Powered-By": "ASP.NET",
        "X-RequestId": "6da5c2b6-cc5b-4684-a9dc-a2186c4bbf66"
      },
      "ResponseBody": {
        "id": "e5e4a175-2436-427e-a23a-d25636c1c3fb",
        "createdDateTimeUtc": "2022-12-01T22:33:13.7811201Z",
        "lastActionDateTimeUtc": "2022-12-01T22:33:13.8449634Z",
        "status": "NotStarted",
        "summary": {
          "total": 5,
          "failed": 0,
          "success": 0,
          "inProgress": 0,
          "notYetStarted": 5,
          "cancelled": 0,
          "totalCharacterCharged": 0
        }
      }
    },
    {
      "RequestUri": "https://fakeendpoint.cognitiveservices.azure.com/translator/text/batch/v1.0/batches/e5e4a175-2436-427e-a23a-d25636c1c3fb",
      "RequestMethod": "GET",
      "RequestHeaders": {
        "Accept": "*/*",
        "Accept-Encoding": "gzip, deflate",
        "Connection": "keep-alive",
        "User-Agent": "azsdk-python-ai-translation-document/1.0.1 Python/3.10.0 (Windows-10-10.0.22621-SP0)"
      },
      "RequestBody": null,
      "StatusCode": 200,
      "ResponseHeaders": {
        "Age": "0",
        "apim-request-id": "65f46dbe-cf15-43be-ab10-8bd710ca7474",
        "Cache-Control": "public, max-age=1",
        "Content-Encoding": "gzip",
        "Content-Type": "application/json; charset=utf-8",
        "Date": "Thu, 01 Dec 2022 22:33:15 GMT",
        "ETag": "\u0022AE5FEE5C051C9CCC9803C6824760C9FBB2FACE6B040D6921BF410B8450220DF9\u0022",
        "Set-Cookie": [
          "ARRAffinity=26748e6e05c4da09a11d06730f2d1580980c43bf805ec60ac6528961fdf209ed;Path=/;HttpOnly;Secure;Domain=mtbatch.nam.microsofttranslator.com",
          "ARRAffinitySameSite=26748e6e05c4da09a11d06730f2d1580980c43bf805ec60ac6528961fdf209ed;Path=/;HttpOnly;SameSite=None;Secure;Domain=mtbatch.nam.microsofttranslator.com"
        ],
        "Strict-Transport-Security": "max-age=31536000; includeSubDomains; preload",
        "Transfer-Encoding": "chunked",
        "Vary": "Accept-Encoding",
        "X-Content-Type-Options": "nosniff",
        "x-ms-region": "West US 2",
        "X-Powered-By": "ASP.NET",
        "X-RequestId": "66d02e5c-ca71-48a4-9a2e-b18e0a339adb"
      },
      "ResponseBody": {
        "id": "e5e4a175-2436-427e-a23a-d25636c1c3fb",
        "createdDateTimeUtc": "2022-12-01T22:33:13.7811201Z",
        "lastActionDateTimeUtc": "2022-12-01T22:33:13.8449634Z",
        "status": "NotStarted",
        "summary": {
          "total": 5,
          "failed": 0,
          "success": 0,
          "inProgress": 0,
          "notYetStarted": 5,
          "cancelled": 0,
          "totalCharacterCharged": 0
        }
      }
    },
    {
      "RequestUri": "https://fakeendpoint.cognitiveservices.azure.com/translator/text/batch/v1.0/batches/e5e4a175-2436-427e-a23a-d25636c1c3fb",
      "RequestMethod": "GET",
      "RequestHeaders": {
        "Accept": "*/*",
        "Accept-Encoding": "gzip, deflate",
        "Connection": "keep-alive",
        "User-Agent": "azsdk-python-ai-translation-document/1.0.1 Python/3.10.0 (Windows-10-10.0.22621-SP0)"
      },
      "RequestBody": null,
      "StatusCode": 429,
      "ResponseHeaders": {
        "apim-request-id": "4778b86c-d5dc-4e07-b0cf-1872cd7e8c64",
        "Content-Length": "360",
        "Content-Type": "application/json",
        "Date": "Thu, 01 Dec 2022 22:33:15 GMT",
        "policy-id": "ResourceRateLimitBy1s",
        "Strict-Transport-Security": "max-age=31536000; includeSubDomains; preload",
        "X-Content-Type-Options": "nosniff",
        "x-ms-region": "West US 2"
      },
      "ResponseBody": {
        "error": {
          "code": "429",
          "message": "Requests to the Returns the status for a document translation request Operation under Batch Document Translation API v1.0 have exceeded rate limit of your current TextTranslator S1 pricing tier. Please retry after 1 second. Please contact Azure support service if you would like to further increase the default rate limit."
        }
      }
    },
    {
      "RequestUri": "https://fakeendpoint.cognitiveservices.azure.com/translator/text/batch/v1.0/batches/e5e4a175-2436-427e-a23a-d25636c1c3fb",
      "RequestMethod": "GET",
      "RequestHeaders": {
        "Accept": "*/*",
        "Accept-Encoding": "gzip, deflate",
        "Connection": "keep-alive",
        "User-Agent": "azsdk-python-ai-translation-document/1.0.1 Python/3.10.0 (Windows-10-10.0.22621-SP0)"
      },
      "RequestBody": null,
      "StatusCode": 200,
      "ResponseHeaders": {
        "apim-request-id": "d991bdc0-e67c-40e5-ba37-d41f45cfa2bb",
        "Cache-Control": "public, max-age=1",
        "Content-Encoding": "gzip",
        "Content-Type": "application/json; charset=utf-8",
        "Date": "Thu, 01 Dec 2022 22:33:16 GMT",
        "ETag": "\u0022A01A4E22192D2E30555D5B41AF07A6A6F1C416E620305D0CBF10C845A47ECDA9\u0022",
        "Set-Cookie": [
          "ARRAffinity=5be4f6076895b28fe7622c56a3f9d12283381141aea24a194955ebb0cccaaba9;Path=/;HttpOnly;Secure;Domain=mtbatch.nam.microsofttranslator.com",
          "ARRAffinitySameSite=5be4f6076895b28fe7622c56a3f9d12283381141aea24a194955ebb0cccaaba9;Path=/;HttpOnly;SameSite=None;Secure;Domain=mtbatch.nam.microsofttranslator.com"
        ],
        "Strict-Transport-Security": "max-age=31536000; includeSubDomains; preload",
        "Transfer-Encoding": "chunked",
        "Vary": "Accept-Encoding",
        "X-Content-Type-Options": "nosniff",
        "x-ms-region": "West US 2",
        "X-Powered-By": "ASP.NET",
        "X-RequestId": "d991bdc0-e67c-40e5-ba37-d41f45cfa2bb"
      },
      "ResponseBody": {
        "id": "e5e4a175-2436-427e-a23a-d25636c1c3fb",
        "createdDateTimeUtc": "2022-12-01T22:33:13.7811201Z",
        "lastActionDateTimeUtc": "2022-12-01T22:33:16.7083926Z",
        "status": "Running",
        "summary": {
          "total": 5,
          "failed": 0,
          "success": 0,
          "inProgress": 5,
          "notYetStarted": 0,
          "cancelled": 0,
          "totalCharacterCharged": 0
        }
      }
    },
    {
      "RequestUri": "https://fakeendpoint.cognitiveservices.azure.com/translator/text/batch/v1.0/batches/e5e4a175-2436-427e-a23a-d25636c1c3fb",
      "RequestMethod": "GET",
      "RequestHeaders": {
        "Accept": "*/*",
        "Accept-Encoding": "gzip, deflate",
        "Connection": "keep-alive",
        "User-Agent": "azsdk-python-ai-translation-document/1.0.1 Python/3.10.0 (Windows-10-10.0.22621-SP0)"
      },
      "RequestBody": null,
      "StatusCode": 200,
      "ResponseHeaders": {
        "apim-request-id": "4a82994a-800f-4ee3-8506-92ec4d754ab4",
        "Cache-Control": "public, max-age=1",
        "Content-Encoding": "gzip",
        "Content-Type": "application/json; charset=utf-8",
        "Date": "Thu, 01 Dec 2022 22:33:16 GMT",
        "ETag": "\u002231ECBE1054BBC0F6B8FCEB3A442642ACAA07A1D77003EFDEC86589A697D20876\u0022",
        "Set-Cookie": [
          "ARRAffinity=26748e6e05c4da09a11d06730f2d1580980c43bf805ec60ac6528961fdf209ed;Path=/;HttpOnly;Secure;Domain=mtbatch.nam.microsofttranslator.com",
          "ARRAffinitySameSite=26748e6e05c4da09a11d06730f2d1580980c43bf805ec60ac6528961fdf209ed;Path=/;HttpOnly;SameSite=None;Secure;Domain=mtbatch.nam.microsofttranslator.com"
        ],
        "Strict-Transport-Security": "max-age=31536000; includeSubDomains; preload",
        "Transfer-Encoding": "chunked",
        "Vary": "Accept-Encoding",
        "X-Content-Type-Options": "nosniff",
        "x-ms-region": "West US 2",
        "X-Powered-By": "ASP.NET",
        "X-RequestId": "4a82994a-800f-4ee3-8506-92ec4d754ab4"
      },
      "ResponseBody": {
        "id": "e5e4a175-2436-427e-a23a-d25636c1c3fb",
        "createdDateTimeUtc": "2022-12-01T22:33:13.7811201Z",
        "lastActionDateTimeUtc": "2022-12-01T22:33:16.9593331Z",
        "status": "Running",
        "summary": {
          "total": 5,
          "failed": 0,
          "success": 0,
          "inProgress": 5,
          "notYetStarted": 0,
          "cancelled": 0,
          "totalCharacterCharged": 0
        }
      }
    },
    {
      "RequestUri": "https://fakeendpoint.cognitiveservices.azure.com/translator/text/batch/v1.0/batches/e5e4a175-2436-427e-a23a-d25636c1c3fb",
      "RequestMethod": "GET",
      "RequestHeaders": {
        "Accept": "*/*",
        "Accept-Encoding": "gzip, deflate",
        "Connection": "keep-alive",
        "User-Agent": "azsdk-python-ai-translation-document/1.0.1 Python/3.10.0 (Windows-10-10.0.22621-SP0)"
      },
      "RequestBody": null,
      "StatusCode": 200,
      "ResponseHeaders": {
        "Age": "0",
        "apim-request-id": "5cd5c23d-0a33-45b2-9e92-abc145e9b9a2",
        "Cache-Control": "public, max-age=1",
        "Content-Encoding": "gzip",
        "Content-Type": "application/json; charset=utf-8",
        "Date": "Thu, 01 Dec 2022 22:33:16 GMT",
        "ETag": "\u0022A01A4E22192D2E30555D5B41AF07A6A6F1C416E620305D0CBF10C845A47ECDA9\u0022",
        "Set-Cookie": [
          "ARRAffinity=5be4f6076895b28fe7622c56a3f9d12283381141aea24a194955ebb0cccaaba9;Path=/;HttpOnly;Secure;Domain=mtbatch.nam.microsofttranslator.com",
          "ARRAffinitySameSite=5be4f6076895b28fe7622c56a3f9d12283381141aea24a194955ebb0cccaaba9;Path=/;HttpOnly;SameSite=None;Secure;Domain=mtbatch.nam.microsofttranslator.com"
        ],
        "Strict-Transport-Security": "max-age=31536000; includeSubDomains; preload",
        "Transfer-Encoding": "chunked",
        "Vary": "Accept-Encoding",
        "X-Content-Type-Options": "nosniff",
        "x-ms-region": "West US 2",
        "X-Powered-By": "ASP.NET",
        "X-RequestId": "d991bdc0-e67c-40e5-ba37-d41f45cfa2bb"
      },
      "ResponseBody": {
        "id": "e5e4a175-2436-427e-a23a-d25636c1c3fb",
        "createdDateTimeUtc": "2022-12-01T22:33:13.7811201Z",
        "lastActionDateTimeUtc": "2022-12-01T22:33:16.7083926Z",
        "status": "Running",
        "summary": {
          "total": 5,
          "failed": 0,
          "success": 0,
          "inProgress": 5,
          "notYetStarted": 0,
          "cancelled": 0,
          "totalCharacterCharged": 0
        }
      }
    },
    {
      "RequestUri": "https://fakeendpoint.cognitiveservices.azure.com/translator/text/batch/v1.0/batches/e5e4a175-2436-427e-a23a-d25636c1c3fb",
      "RequestMethod": "GET",
      "RequestHeaders": {
        "Accept": "*/*",
        "Accept-Encoding": "gzip, deflate",
        "Connection": "keep-alive",
        "User-Agent": "azsdk-python-ai-translation-document/1.0.1 Python/3.10.0 (Windows-10-10.0.22621-SP0)"
      },
      "RequestBody": null,
      "StatusCode": 200,
      "ResponseHeaders": {
        "Age": "0",
        "apim-request-id": "5b9158b9-9233-44e2-930a-b166250c3c28",
        "Cache-Control": "public, max-age=1",
        "Content-Encoding": "gzip",
        "Content-Type": "application/json; charset=utf-8",
        "Date": "Thu, 01 Dec 2022 22:33:16 GMT",
        "ETag": "\u002231ECBE1054BBC0F6B8FCEB3A442642ACAA07A1D77003EFDEC86589A697D20876\u0022",
        "Set-Cookie": [
          "ARRAffinity=26748e6e05c4da09a11d06730f2d1580980c43bf805ec60ac6528961fdf209ed;Path=/;HttpOnly;Secure;Domain=mtbatch.nam.microsofttranslator.com",
          "ARRAffinitySameSite=26748e6e05c4da09a11d06730f2d1580980c43bf805ec60ac6528961fdf209ed;Path=/;HttpOnly;SameSite=None;Secure;Domain=mtbatch.nam.microsofttranslator.com"
        ],
        "Strict-Transport-Security": "max-age=31536000; includeSubDomains; preload",
        "Transfer-Encoding": "chunked",
        "Vary": "Accept-Encoding",
        "X-Content-Type-Options": "nosniff",
        "x-ms-region": "West US 2",
        "X-Powered-By": "ASP.NET",
        "X-RequestId": "4a82994a-800f-4ee3-8506-92ec4d754ab4"
      },
      "ResponseBody": {
        "id": "e5e4a175-2436-427e-a23a-d25636c1c3fb",
        "createdDateTimeUtc": "2022-12-01T22:33:13.7811201Z",
        "lastActionDateTimeUtc": "2022-12-01T22:33:16.9593331Z",
        "status": "Running",
        "summary": {
          "total": 5,
          "failed": 0,
          "success": 0,
          "inProgress": 5,
          "notYetStarted": 0,
          "cancelled": 0,
          "totalCharacterCharged": 0
        }
      }
    },
    {
      "RequestUri": "https://fakeendpoint.cognitiveservices.azure.com/translator/text/batch/v1.0/batches/e5e4a175-2436-427e-a23a-d25636c1c3fb",
      "RequestMethod": "GET",
      "RequestHeaders": {
        "Accept": "*/*",
        "Accept-Encoding": "gzip, deflate",
        "Connection": "keep-alive",
        "User-Agent": "azsdk-python-ai-translation-document/1.0.1 Python/3.10.0 (Windows-10-10.0.22621-SP0)"
      },
      "RequestBody": null,
      "StatusCode": 200,
      "ResponseHeaders": {
        "Age": "0",
        "apim-request-id": "277f851a-165a-410d-8821-9c157a276d92",
        "Cache-Control": "public, max-age=1",
        "Content-Encoding": "gzip",
        "Content-Type": "application/json; charset=utf-8",
        "Date": "Thu, 01 Dec 2022 22:33:16 GMT",
        "ETag": "\u0022A01A4E22192D2E30555D5B41AF07A6A6F1C416E620305D0CBF10C845A47ECDA9\u0022",
        "Set-Cookie": [
          "ARRAffinity=5be4f6076895b28fe7622c56a3f9d12283381141aea24a194955ebb0cccaaba9;Path=/;HttpOnly;Secure;Domain=mtbatch.nam.microsofttranslator.com",
          "ARRAffinitySameSite=5be4f6076895b28fe7622c56a3f9d12283381141aea24a194955ebb0cccaaba9;Path=/;HttpOnly;SameSite=None;Secure;Domain=mtbatch.nam.microsofttranslator.com"
        ],
        "Strict-Transport-Security": "max-age=31536000; includeSubDomains; preload",
        "Transfer-Encoding": "chunked",
        "Vary": "Accept-Encoding",
        "X-Content-Type-Options": "nosniff",
        "x-ms-region": "West US 2",
        "X-Powered-By": "ASP.NET",
        "X-RequestId": "d991bdc0-e67c-40e5-ba37-d41f45cfa2bb"
      },
      "ResponseBody": {
        "id": "e5e4a175-2436-427e-a23a-d25636c1c3fb",
        "createdDateTimeUtc": "2022-12-01T22:33:13.7811201Z",
        "lastActionDateTimeUtc": "2022-12-01T22:33:16.7083926Z",
        "status": "Running",
        "summary": {
          "total": 5,
          "failed": 0,
          "success": 0,
          "inProgress": 5,
          "notYetStarted": 0,
          "cancelled": 0,
          "totalCharacterCharged": 0
        }
      }
    },
    {
      "RequestUri": "https://fakeendpoint.cognitiveservices.azure.com/translator/text/batch/v1.0/batches/e5e4a175-2436-427e-a23a-d25636c1c3fb",
      "RequestMethod": "GET",
      "RequestHeaders": {
        "Accept": "*/*",
        "Accept-Encoding": "gzip, deflate",
        "Connection": "keep-alive",
        "User-Agent": "azsdk-python-ai-translation-document/1.0.1 Python/3.10.0 (Windows-10-10.0.22621-SP0)"
      },
      "RequestBody": null,
      "StatusCode": 200,
      "ResponseHeaders": {
        "Age": "0",
        "apim-request-id": "58de3240-2c28-4f77-a595-99a58dc625b1",
        "Cache-Control": "public, max-age=1",
        "Content-Encoding": "gzip",
        "Content-Type": "application/json; charset=utf-8",
        "Date": "Thu, 01 Dec 2022 22:33:16 GMT",
        "ETag": "\u002231ECBE1054BBC0F6B8FCEB3A442642ACAA07A1D77003EFDEC86589A697D20876\u0022",
        "Set-Cookie": [
          "ARRAffinity=26748e6e05c4da09a11d06730f2d1580980c43bf805ec60ac6528961fdf209ed;Path=/;HttpOnly;Secure;Domain=mtbatch.nam.microsofttranslator.com",
          "ARRAffinitySameSite=26748e6e05c4da09a11d06730f2d1580980c43bf805ec60ac6528961fdf209ed;Path=/;HttpOnly;SameSite=None;Secure;Domain=mtbatch.nam.microsofttranslator.com"
        ],
        "Strict-Transport-Security": "max-age=31536000; includeSubDomains; preload",
        "Transfer-Encoding": "chunked",
        "Vary": "Accept-Encoding",
        "X-Content-Type-Options": "nosniff",
        "x-ms-region": "West US 2",
        "X-Powered-By": "ASP.NET",
        "X-RequestId": "4a82994a-800f-4ee3-8506-92ec4d754ab4"
      },
      "ResponseBody": {
        "id": "e5e4a175-2436-427e-a23a-d25636c1c3fb",
        "createdDateTimeUtc": "2022-12-01T22:33:13.7811201Z",
        "lastActionDateTimeUtc": "2022-12-01T22:33:16.9593331Z",
        "status": "Running",
        "summary": {
          "total": 5,
          "failed": 0,
          "success": 0,
          "inProgress": 5,
          "notYetStarted": 0,
          "cancelled": 0,
          "totalCharacterCharged": 0
        }
      }
    },
    {
      "RequestUri": "https://fakeendpoint.cognitiveservices.azure.com/translator/text/batch/v1.0/batches/e5e4a175-2436-427e-a23a-d25636c1c3fb",
      "RequestMethod": "GET",
      "RequestHeaders": {
        "Accept": "*/*",
        "Accept-Encoding": "gzip, deflate",
        "Connection": "keep-alive",
        "User-Agent": "azsdk-python-ai-translation-document/1.0.1 Python/3.10.0 (Windows-10-10.0.22621-SP0)"
      },
      "RequestBody": null,
      "StatusCode": 200,
      "ResponseHeaders": {
        "Age": "0",
        "apim-request-id": "c71a7ed4-ea27-4f26-a3c9-3c334825017f",
        "Cache-Control": "public, max-age=1",
        "Content-Encoding": "gzip",
        "Content-Type": "application/json; charset=utf-8",
        "Date": "Thu, 01 Dec 2022 22:33:17 GMT",
        "ETag": "\u0022A01A4E22192D2E30555D5B41AF07A6A6F1C416E620305D0CBF10C845A47ECDA9\u0022",
        "Set-Cookie": [
          "ARRAffinity=5be4f6076895b28fe7622c56a3f9d12283381141aea24a194955ebb0cccaaba9;Path=/;HttpOnly;Secure;Domain=mtbatch.nam.microsofttranslator.com",
          "ARRAffinitySameSite=5be4f6076895b28fe7622c56a3f9d12283381141aea24a194955ebb0cccaaba9;Path=/;HttpOnly;SameSite=None;Secure;Domain=mtbatch.nam.microsofttranslator.com"
        ],
        "Strict-Transport-Security": "max-age=31536000; includeSubDomains; preload",
        "Transfer-Encoding": "chunked",
        "Vary": "Accept-Encoding",
        "X-Content-Type-Options": "nosniff",
        "x-ms-region": "West US 2",
        "X-Powered-By": "ASP.NET",
        "X-RequestId": "d991bdc0-e67c-40e5-ba37-d41f45cfa2bb"
      },
      "ResponseBody": {
        "id": "e5e4a175-2436-427e-a23a-d25636c1c3fb",
        "createdDateTimeUtc": "2022-12-01T22:33:13.7811201Z",
        "lastActionDateTimeUtc": "2022-12-01T22:33:16.7083926Z",
        "status": "Running",
        "summary": {
          "total": 5,
          "failed": 0,
          "success": 0,
          "inProgress": 5,
          "notYetStarted": 0,
          "cancelled": 0,
          "totalCharacterCharged": 0
        }
      }
    },
    {
      "RequestUri": "https://fakeendpoint.cognitiveservices.azure.com/translator/text/batch/v1.0/batches/e5e4a175-2436-427e-a23a-d25636c1c3fb",
      "RequestMethod": "GET",
      "RequestHeaders": {
        "Accept": "*/*",
        "Accept-Encoding": "gzip, deflate",
        "Connection": "keep-alive",
        "User-Agent": "azsdk-python-ai-translation-document/1.0.1 Python/3.10.0 (Windows-10-10.0.22621-SP0)"
      },
      "RequestBody": null,
      "StatusCode": 200,
      "ResponseHeaders": {
        "Age": "0",
        "apim-request-id": "fab1fe56-3516-46fc-a069-4763772a74f0",
        "Cache-Control": "public, max-age=1",
        "Content-Encoding": "gzip",
        "Content-Type": "application/json; charset=utf-8",
        "Date": "Thu, 01 Dec 2022 22:33:17 GMT",
        "ETag": "\u002231ECBE1054BBC0F6B8FCEB3A442642ACAA07A1D77003EFDEC86589A697D20876\u0022",
        "Set-Cookie": [
          "ARRAffinity=26748e6e05c4da09a11d06730f2d1580980c43bf805ec60ac6528961fdf209ed;Path=/;HttpOnly;Secure;Domain=mtbatch.nam.microsofttranslator.com",
          "ARRAffinitySameSite=26748e6e05c4da09a11d06730f2d1580980c43bf805ec60ac6528961fdf209ed;Path=/;HttpOnly;SameSite=None;Secure;Domain=mtbatch.nam.microsofttranslator.com"
        ],
        "Strict-Transport-Security": "max-age=31536000; includeSubDomains; preload",
        "Transfer-Encoding": "chunked",
        "Vary": "Accept-Encoding",
        "X-Content-Type-Options": "nosniff",
        "x-ms-region": "West US 2",
        "X-Powered-By": "ASP.NET",
        "X-RequestId": "4a82994a-800f-4ee3-8506-92ec4d754ab4"
      },
      "ResponseBody": {
        "id": "e5e4a175-2436-427e-a23a-d25636c1c3fb",
        "createdDateTimeUtc": "2022-12-01T22:33:13.7811201Z",
        "lastActionDateTimeUtc": "2022-12-01T22:33:16.9593331Z",
        "status": "Running",
        "summary": {
          "total": 5,
          "failed": 0,
          "success": 0,
          "inProgress": 5,
          "notYetStarted": 0,
          "cancelled": 0,
          "totalCharacterCharged": 0
        }
      }
    },
    {
      "RequestUri": "https://fakeendpoint.cognitiveservices.azure.com/translator/text/batch/v1.0/batches/e5e4a175-2436-427e-a23a-d25636c1c3fb",
      "RequestMethod": "GET",
      "RequestHeaders": {
        "Accept": "*/*",
        "Accept-Encoding": "gzip, deflate",
        "Connection": "keep-alive",
        "User-Agent": "azsdk-python-ai-translation-document/1.0.1 Python/3.10.0 (Windows-10-10.0.22621-SP0)"
      },
      "RequestBody": null,
      "StatusCode": 200,
      "ResponseHeaders": {
        "Age": "0",
        "apim-request-id": "bb344533-e0a7-48c0-968f-d4fa9b190a17",
        "Cache-Control": "public, max-age=1",
        "Content-Encoding": "gzip",
        "Content-Type": "application/json; charset=utf-8",
        "Date": "Thu, 01 Dec 2022 22:33:17 GMT",
        "ETag": "\u0022A01A4E22192D2E30555D5B41AF07A6A6F1C416E620305D0CBF10C845A47ECDA9\u0022",
        "Set-Cookie": [
          "ARRAffinity=5be4f6076895b28fe7622c56a3f9d12283381141aea24a194955ebb0cccaaba9;Path=/;HttpOnly;Secure;Domain=mtbatch.nam.microsofttranslator.com",
          "ARRAffinitySameSite=5be4f6076895b28fe7622c56a3f9d12283381141aea24a194955ebb0cccaaba9;Path=/;HttpOnly;SameSite=None;Secure;Domain=mtbatch.nam.microsofttranslator.com"
        ],
        "Strict-Transport-Security": "max-age=31536000; includeSubDomains; preload",
        "Transfer-Encoding": "chunked",
        "Vary": "Accept-Encoding",
        "X-Content-Type-Options": "nosniff",
        "x-ms-region": "West US 2",
        "X-Powered-By": "ASP.NET",
        "X-RequestId": "d991bdc0-e67c-40e5-ba37-d41f45cfa2bb"
      },
      "ResponseBody": {
        "id": "e5e4a175-2436-427e-a23a-d25636c1c3fb",
        "createdDateTimeUtc": "2022-12-01T22:33:13.7811201Z",
        "lastActionDateTimeUtc": "2022-12-01T22:33:16.7083926Z",
        "status": "Running",
        "summary": {
          "total": 5,
          "failed": 0,
          "success": 0,
          "inProgress": 5,
          "notYetStarted": 0,
          "cancelled": 0,
          "totalCharacterCharged": 0
        }
      }
    },
    {
      "RequestUri": "https://fakeendpoint.cognitiveservices.azure.com/translator/text/batch/v1.0/batches/e5e4a175-2436-427e-a23a-d25636c1c3fb",
      "RequestMethod": "GET",
      "RequestHeaders": {
        "Accept": "*/*",
        "Accept-Encoding": "gzip, deflate",
        "Connection": "keep-alive",
        "User-Agent": "azsdk-python-ai-translation-document/1.0.1 Python/3.10.0 (Windows-10-10.0.22621-SP0)"
      },
      "RequestBody": null,
      "StatusCode": 200,
      "ResponseHeaders": {
        "Age": "0",
        "apim-request-id": "2565f2ff-5cff-44fa-9c36-8c73e847251d",
        "Cache-Control": "public, max-age=1",
        "Content-Encoding": "gzip",
        "Content-Type": "application/json; charset=utf-8",
        "Date": "Thu, 01 Dec 2022 22:33:17 GMT",
        "ETag": "\u002231ECBE1054BBC0F6B8FCEB3A442642ACAA07A1D77003EFDEC86589A697D20876\u0022",
        "Set-Cookie": [
          "ARRAffinity=26748e6e05c4da09a11d06730f2d1580980c43bf805ec60ac6528961fdf209ed;Path=/;HttpOnly;Secure;Domain=mtbatch.nam.microsofttranslator.com",
          "ARRAffinitySameSite=26748e6e05c4da09a11d06730f2d1580980c43bf805ec60ac6528961fdf209ed;Path=/;HttpOnly;SameSite=None;Secure;Domain=mtbatch.nam.microsofttranslator.com"
        ],
        "Strict-Transport-Security": "max-age=31536000; includeSubDomains; preload",
        "Transfer-Encoding": "chunked",
        "Vary": "Accept-Encoding",
        "X-Content-Type-Options": "nosniff",
        "x-ms-region": "West US 2",
        "X-Powered-By": "ASP.NET",
        "X-RequestId": "4a82994a-800f-4ee3-8506-92ec4d754ab4"
      },
      "ResponseBody": {
        "id": "e5e4a175-2436-427e-a23a-d25636c1c3fb",
        "createdDateTimeUtc": "2022-12-01T22:33:13.7811201Z",
        "lastActionDateTimeUtc": "2022-12-01T22:33:16.9593331Z",
        "status": "Running",
        "summary": {
          "total": 5,
          "failed": 0,
          "success": 0,
          "inProgress": 5,
          "notYetStarted": 0,
          "cancelled": 0,
          "totalCharacterCharged": 0
        }
      }
    },
    {
      "RequestUri": "https://fakeendpoint.cognitiveservices.azure.com/translator/text/batch/v1.0/batches/e5e4a175-2436-427e-a23a-d25636c1c3fb",
      "RequestMethod": "GET",
      "RequestHeaders": {
        "Accept": "*/*",
        "Accept-Encoding": "gzip, deflate",
        "Connection": "keep-alive",
        "User-Agent": "azsdk-python-ai-translation-document/1.0.1 Python/3.10.0 (Windows-10-10.0.22621-SP0)"
      },
      "RequestBody": null,
      "StatusCode": 200,
      "ResponseHeaders": {
        "Age": "0",
        "apim-request-id": "e9c0b9ea-877e-4e53-b9fd-035d597d7b90",
        "Cache-Control": "public, max-age=1",
        "Content-Encoding": "gzip",
        "Content-Type": "application/json; charset=utf-8",
        "Date": "Thu, 01 Dec 2022 22:33:17 GMT",
        "ETag": "\u0022A01A4E22192D2E30555D5B41AF07A6A6F1C416E620305D0CBF10C845A47ECDA9\u0022",
        "Set-Cookie": [
          "ARRAffinity=5be4f6076895b28fe7622c56a3f9d12283381141aea24a194955ebb0cccaaba9;Path=/;HttpOnly;Secure;Domain=mtbatch.nam.microsofttranslator.com",
          "ARRAffinitySameSite=5be4f6076895b28fe7622c56a3f9d12283381141aea24a194955ebb0cccaaba9;Path=/;HttpOnly;SameSite=None;Secure;Domain=mtbatch.nam.microsofttranslator.com"
        ],
        "Strict-Transport-Security": "max-age=31536000; includeSubDomains; preload",
        "Transfer-Encoding": "chunked",
        "Vary": "Accept-Encoding",
        "X-Content-Type-Options": "nosniff",
        "x-ms-region": "West US 2",
        "X-Powered-By": "ASP.NET",
        "X-RequestId": "d991bdc0-e67c-40e5-ba37-d41f45cfa2bb"
      },
      "ResponseBody": {
        "id": "e5e4a175-2436-427e-a23a-d25636c1c3fb",
        "createdDateTimeUtc": "2022-12-01T22:33:13.7811201Z",
        "lastActionDateTimeUtc": "2022-12-01T22:33:16.7083926Z",
        "status": "Running",
        "summary": {
          "total": 5,
          "failed": 0,
          "success": 0,
          "inProgress": 5,
          "notYetStarted": 0,
          "cancelled": 0,
          "totalCharacterCharged": 0
        }
      }
    },
    {
      "RequestUri": "https://fakeendpoint.cognitiveservices.azure.com/translator/text/batch/v1.0/batches/e5e4a175-2436-427e-a23a-d25636c1c3fb",
      "RequestMethod": "GET",
      "RequestHeaders": {
        "Accept": "*/*",
        "Accept-Encoding": "gzip, deflate",
        "Connection": "keep-alive",
        "User-Agent": "azsdk-python-ai-translation-document/1.0.1 Python/3.10.0 (Windows-10-10.0.22621-SP0)"
      },
      "RequestBody": null,
      "StatusCode": 200,
      "ResponseHeaders": {
        "Age": "0",
        "apim-request-id": "69bf3ec0-579d-4428-9db1-485dc53a7a84",
        "Cache-Control": "public, max-age=1",
        "Content-Encoding": "gzip",
        "Content-Type": "application/json; charset=utf-8",
        "Date": "Thu, 01 Dec 2022 22:33:17 GMT",
        "ETag": "\u002231ECBE1054BBC0F6B8FCEB3A442642ACAA07A1D77003EFDEC86589A697D20876\u0022",
        "Set-Cookie": [
          "ARRAffinity=26748e6e05c4da09a11d06730f2d1580980c43bf805ec60ac6528961fdf209ed;Path=/;HttpOnly;Secure;Domain=mtbatch.nam.microsofttranslator.com",
          "ARRAffinitySameSite=26748e6e05c4da09a11d06730f2d1580980c43bf805ec60ac6528961fdf209ed;Path=/;HttpOnly;SameSite=None;Secure;Domain=mtbatch.nam.microsofttranslator.com"
        ],
        "Strict-Transport-Security": "max-age=31536000; includeSubDomains; preload",
        "Transfer-Encoding": "chunked",
        "Vary": "Accept-Encoding",
        "X-Content-Type-Options": "nosniff",
        "x-ms-region": "West US 2",
        "X-Powered-By": "ASP.NET",
        "X-RequestId": "4a82994a-800f-4ee3-8506-92ec4d754ab4"
      },
      "ResponseBody": {
        "id": "e5e4a175-2436-427e-a23a-d25636c1c3fb",
        "createdDateTimeUtc": "2022-12-01T22:33:13.7811201Z",
        "lastActionDateTimeUtc": "2022-12-01T22:33:16.9593331Z",
        "status": "Running",
        "summary": {
          "total": 5,
          "failed": 0,
          "success": 0,
          "inProgress": 5,
          "notYetStarted": 0,
          "cancelled": 0,
          "totalCharacterCharged": 0
        }
      }
    },
    {
      "RequestUri": "https://fakeendpoint.cognitiveservices.azure.com/translator/text/batch/v1.0/batches/e5e4a175-2436-427e-a23a-d25636c1c3fb",
      "RequestMethod": "GET",
      "RequestHeaders": {
        "Accept": "*/*",
        "Accept-Encoding": "gzip, deflate",
        "Connection": "keep-alive",
        "User-Agent": "azsdk-python-ai-translation-document/1.0.1 Python/3.10.0 (Windows-10-10.0.22621-SP0)"
      },
      "RequestBody": null,
      "StatusCode": 200,
      "ResponseHeaders": {
        "Age": "0",
        "apim-request-id": "08937366-4ad0-4f87-93a5-7d25a3700e24",
        "Cache-Control": "public, max-age=1",
        "Content-Encoding": "gzip",
        "Content-Type": "application/json; charset=utf-8",
        "Date": "Thu, 01 Dec 2022 22:33:17 GMT",
        "ETag": "\u0022A01A4E22192D2E30555D5B41AF07A6A6F1C416E620305D0CBF10C845A47ECDA9\u0022",
        "Set-Cookie": [
          "ARRAffinity=5be4f6076895b28fe7622c56a3f9d12283381141aea24a194955ebb0cccaaba9;Path=/;HttpOnly;Secure;Domain=mtbatch.nam.microsofttranslator.com",
          "ARRAffinitySameSite=5be4f6076895b28fe7622c56a3f9d12283381141aea24a194955ebb0cccaaba9;Path=/;HttpOnly;SameSite=None;Secure;Domain=mtbatch.nam.microsofttranslator.com"
        ],
        "Strict-Transport-Security": "max-age=31536000; includeSubDomains; preload",
        "Transfer-Encoding": "chunked",
        "Vary": "Accept-Encoding",
        "X-Content-Type-Options": "nosniff",
        "x-ms-region": "West US 2",
        "X-Powered-By": "ASP.NET",
        "X-RequestId": "d991bdc0-e67c-40e5-ba37-d41f45cfa2bb"
      },
      "ResponseBody": {
        "id": "e5e4a175-2436-427e-a23a-d25636c1c3fb",
        "createdDateTimeUtc": "2022-12-01T22:33:13.7811201Z",
        "lastActionDateTimeUtc": "2022-12-01T22:33:16.7083926Z",
        "status": "Running",
        "summary": {
          "total": 5,
          "failed": 0,
          "success": 0,
          "inProgress": 5,
          "notYetStarted": 0,
          "cancelled": 0,
          "totalCharacterCharged": 0
        }
      }
    },
    {
      "RequestUri": "https://fakeendpoint.cognitiveservices.azure.com/translator/text/batch/v1.0/batches/e5e4a175-2436-427e-a23a-d25636c1c3fb",
      "RequestMethod": "GET",
      "RequestHeaders": {
        "Accept": "*/*",
        "Accept-Encoding": "gzip, deflate",
        "Connection": "keep-alive",
        "User-Agent": "azsdk-python-ai-translation-document/1.0.1 Python/3.10.0 (Windows-10-10.0.22621-SP0)"
      },
      "RequestBody": null,
      "StatusCode": 200,
      "ResponseHeaders": {
        "Age": "0",
        "apim-request-id": "ee7fff6f-47c5-452b-9d94-da5320a77ac5",
        "Cache-Control": "public, max-age=1",
        "Content-Encoding": "gzip",
        "Content-Type": "application/json; charset=utf-8",
        "Date": "Thu, 01 Dec 2022 22:33:17 GMT",
        "ETag": "\u002231ECBE1054BBC0F6B8FCEB3A442642ACAA07A1D77003EFDEC86589A697D20876\u0022",
        "Set-Cookie": [
          "ARRAffinity=26748e6e05c4da09a11d06730f2d1580980c43bf805ec60ac6528961fdf209ed;Path=/;HttpOnly;Secure;Domain=mtbatch.nam.microsofttranslator.com",
          "ARRAffinitySameSite=26748e6e05c4da09a11d06730f2d1580980c43bf805ec60ac6528961fdf209ed;Path=/;HttpOnly;SameSite=None;Secure;Domain=mtbatch.nam.microsofttranslator.com"
        ],
        "Strict-Transport-Security": "max-age=31536000; includeSubDomains; preload",
        "Transfer-Encoding": "chunked",
        "Vary": "Accept-Encoding",
        "X-Content-Type-Options": "nosniff",
        "x-ms-region": "West US 2",
        "X-Powered-By": "ASP.NET",
        "X-RequestId": "4a82994a-800f-4ee3-8506-92ec4d754ab4"
      },
      "ResponseBody": {
        "id": "e5e4a175-2436-427e-a23a-d25636c1c3fb",
        "createdDateTimeUtc": "2022-12-01T22:33:13.7811201Z",
        "lastActionDateTimeUtc": "2022-12-01T22:33:16.9593331Z",
        "status": "Running",
        "summary": {
          "total": 5,
          "failed": 0,
          "success": 0,
          "inProgress": 5,
          "notYetStarted": 0,
          "cancelled": 0,
          "totalCharacterCharged": 0
        }
      }
    },
    {
      "RequestUri": "https://fakeendpoint.cognitiveservices.azure.com/translator/text/batch/v1.0/batches/e5e4a175-2436-427e-a23a-d25636c1c3fb",
      "RequestMethod": "GET",
      "RequestHeaders": {
        "Accept": "*/*",
        "Accept-Encoding": "gzip, deflate",
        "Connection": "keep-alive",
        "User-Agent": "azsdk-python-ai-translation-document/1.0.1 Python/3.10.0 (Windows-10-10.0.22621-SP0)"
      },
      "RequestBody": null,
      "StatusCode": 200,
      "ResponseHeaders": {
        "Age": "0",
        "apim-request-id": "68be54da-e67f-4e59-aa40-1ecb2d8ee357",
        "Cache-Control": "public, max-age=1",
        "Content-Encoding": "gzip",
        "Content-Type": "application/json; charset=utf-8",
        "Date": "Thu, 01 Dec 2022 22:33:17 GMT",
        "ETag": "\u0022A01A4E22192D2E30555D5B41AF07A6A6F1C416E620305D0CBF10C845A47ECDA9\u0022",
        "Set-Cookie": [
          "ARRAffinity=5be4f6076895b28fe7622c56a3f9d12283381141aea24a194955ebb0cccaaba9;Path=/;HttpOnly;Secure;Domain=mtbatch.nam.microsofttranslator.com",
          "ARRAffinitySameSite=5be4f6076895b28fe7622c56a3f9d12283381141aea24a194955ebb0cccaaba9;Path=/;HttpOnly;SameSite=None;Secure;Domain=mtbatch.nam.microsofttranslator.com"
        ],
        "Strict-Transport-Security": "max-age=31536000; includeSubDomains; preload",
        "Transfer-Encoding": "chunked",
        "Vary": "Accept-Encoding",
        "X-Content-Type-Options": "nosniff",
        "x-ms-region": "West US 2",
        "X-Powered-By": "ASP.NET",
        "X-RequestId": "d991bdc0-e67c-40e5-ba37-d41f45cfa2bb"
      },
      "ResponseBody": {
        "id": "e5e4a175-2436-427e-a23a-d25636c1c3fb",
        "createdDateTimeUtc": "2022-12-01T22:33:13.7811201Z",
        "lastActionDateTimeUtc": "2022-12-01T22:33:16.7083926Z",
        "status": "Running",
        "summary": {
          "total": 5,
          "failed": 0,
          "success": 0,
          "inProgress": 5,
          "notYetStarted": 0,
          "cancelled": 0,
          "totalCharacterCharged": 0
        }
      }
    },
    {
      "RequestUri": "https://fakeendpoint.cognitiveservices.azure.com/translator/text/batch/v1.0/batches/e5e4a175-2436-427e-a23a-d25636c1c3fb",
      "RequestMethod": "GET",
      "RequestHeaders": {
        "Accept": "*/*",
        "Accept-Encoding": "gzip, deflate",
        "Connection": "keep-alive",
        "User-Agent": "azsdk-python-ai-translation-document/1.0.1 Python/3.10.0 (Windows-10-10.0.22621-SP0)"
      },
      "RequestBody": null,
      "StatusCode": 200,
      "ResponseHeaders": {
        "Age": "0",
        "apim-request-id": "f3d4b0fd-c1e2-4b35-a86a-99172acf33dd",
        "Cache-Control": "public, max-age=1",
        "Content-Encoding": "gzip",
        "Content-Type": "application/json; charset=utf-8",
        "Date": "Thu, 01 Dec 2022 22:33:17 GMT",
        "ETag": "\u002231ECBE1054BBC0F6B8FCEB3A442642ACAA07A1D77003EFDEC86589A697D20876\u0022",
        "Set-Cookie": [
          "ARRAffinity=26748e6e05c4da09a11d06730f2d1580980c43bf805ec60ac6528961fdf209ed;Path=/;HttpOnly;Secure;Domain=mtbatch.nam.microsofttranslator.com",
          "ARRAffinitySameSite=26748e6e05c4da09a11d06730f2d1580980c43bf805ec60ac6528961fdf209ed;Path=/;HttpOnly;SameSite=None;Secure;Domain=mtbatch.nam.microsofttranslator.com"
        ],
        "Strict-Transport-Security": "max-age=31536000; includeSubDomains; preload",
        "Transfer-Encoding": "chunked",
        "Vary": "Accept-Encoding",
        "X-Content-Type-Options": "nosniff",
        "x-ms-region": "West US 2",
        "X-Powered-By": "ASP.NET",
        "X-RequestId": "4a82994a-800f-4ee3-8506-92ec4d754ab4"
      },
      "ResponseBody": {
        "id": "e5e4a175-2436-427e-a23a-d25636c1c3fb",
        "createdDateTimeUtc": "2022-12-01T22:33:13.7811201Z",
        "lastActionDateTimeUtc": "2022-12-01T22:33:16.9593331Z",
        "status": "Running",
        "summary": {
          "total": 5,
          "failed": 0,
          "success": 0,
          "inProgress": 5,
          "notYetStarted": 0,
          "cancelled": 0,
          "totalCharacterCharged": 0
        }
      }
    },
    {
      "RequestUri": "https://fakeendpoint.cognitiveservices.azure.com/translator/text/batch/v1.0/batches/e5e4a175-2436-427e-a23a-d25636c1c3fb",
      "RequestMethod": "GET",
      "RequestHeaders": {
        "Accept": "*/*",
        "Accept-Encoding": "gzip, deflate",
        "Connection": "keep-alive",
        "User-Agent": "azsdk-python-ai-translation-document/1.0.1 Python/3.10.0 (Windows-10-10.0.22621-SP0)"
      },
      "RequestBody": null,
      "StatusCode": 200,
      "ResponseHeaders": {
        "Age": "0",
        "apim-request-id": "238878b9-db76-4cd5-af62-789bb4a33c80",
        "Cache-Control": "public, max-age=1",
        "Content-Encoding": "gzip",
        "Content-Type": "application/json; charset=utf-8",
        "Date": "Thu, 01 Dec 2022 22:33:17 GMT",
        "ETag": "\u0022A01A4E22192D2E30555D5B41AF07A6A6F1C416E620305D0CBF10C845A47ECDA9\u0022",
        "Set-Cookie": [
          "ARRAffinity=5be4f6076895b28fe7622c56a3f9d12283381141aea24a194955ebb0cccaaba9;Path=/;HttpOnly;Secure;Domain=mtbatch.nam.microsofttranslator.com",
          "ARRAffinitySameSite=5be4f6076895b28fe7622c56a3f9d12283381141aea24a194955ebb0cccaaba9;Path=/;HttpOnly;SameSite=None;Secure;Domain=mtbatch.nam.microsofttranslator.com"
        ],
        "Strict-Transport-Security": "max-age=31536000; includeSubDomains; preload",
        "Transfer-Encoding": "chunked",
        "Vary": "Accept-Encoding",
        "X-Content-Type-Options": "nosniff",
        "x-ms-region": "West US 2",
        "X-Powered-By": "ASP.NET",
        "X-RequestId": "d991bdc0-e67c-40e5-ba37-d41f45cfa2bb"
      },
      "ResponseBody": {
        "id": "e5e4a175-2436-427e-a23a-d25636c1c3fb",
        "createdDateTimeUtc": "2022-12-01T22:33:13.7811201Z",
        "lastActionDateTimeUtc": "2022-12-01T22:33:16.7083926Z",
        "status": "Running",
        "summary": {
          "total": 5,
          "failed": 0,
          "success": 0,
          "inProgress": 5,
          "notYetStarted": 0,
          "cancelled": 0,
          "totalCharacterCharged": 0
        }
      }
    },
    {
      "RequestUri": "https://fakeendpoint.cognitiveservices.azure.com/translator/text/batch/v1.0/batches/e5e4a175-2436-427e-a23a-d25636c1c3fb",
      "RequestMethod": "GET",
      "RequestHeaders": {
        "Accept": "*/*",
        "Accept-Encoding": "gzip, deflate",
        "Connection": "keep-alive",
        "User-Agent": "azsdk-python-ai-translation-document/1.0.1 Python/3.10.0 (Windows-10-10.0.22621-SP0)"
      },
      "RequestBody": null,
      "StatusCode": 200,
      "ResponseHeaders": {
        "Age": "0",
        "apim-request-id": "332b84f7-fb07-4945-8c43-b0aa65da1ab3",
        "Cache-Control": "public, max-age=1",
        "Content-Encoding": "gzip",
        "Content-Type": "application/json; charset=utf-8",
        "Date": "Thu, 01 Dec 2022 22:33:17 GMT",
        "ETag": "\u0022A01A4E22192D2E30555D5B41AF07A6A6F1C416E620305D0CBF10C845A47ECDA9\u0022",
        "Set-Cookie": [
          "ARRAffinity=5be4f6076895b28fe7622c56a3f9d12283381141aea24a194955ebb0cccaaba9;Path=/;HttpOnly;Secure;Domain=mtbatch.nam.microsofttranslator.com",
          "ARRAffinitySameSite=5be4f6076895b28fe7622c56a3f9d12283381141aea24a194955ebb0cccaaba9;Path=/;HttpOnly;SameSite=None;Secure;Domain=mtbatch.nam.microsofttranslator.com"
        ],
        "Strict-Transport-Security": "max-age=31536000; includeSubDomains; preload",
        "Transfer-Encoding": "chunked",
        "Vary": "Accept-Encoding",
        "X-Content-Type-Options": "nosniff",
        "x-ms-region": "West US 2",
        "X-Powered-By": "ASP.NET",
        "X-RequestId": "d991bdc0-e67c-40e5-ba37-d41f45cfa2bb"
      },
      "ResponseBody": {
        "id": "e5e4a175-2436-427e-a23a-d25636c1c3fb",
        "createdDateTimeUtc": "2022-12-01T22:33:13.7811201Z",
        "lastActionDateTimeUtc": "2022-12-01T22:33:16.7083926Z",
        "status": "Running",
        "summary": {
          "total": 5,
          "failed": 0,
          "success": 0,
          "inProgress": 5,
          "notYetStarted": 0,
          "cancelled": 0,
          "totalCharacterCharged": 0
        }
      }
    },
    {
      "RequestUri": "https://fakeendpoint.cognitiveservices.azure.com/translator/text/batch/v1.0/batches/e5e4a175-2436-427e-a23a-d25636c1c3fb",
      "RequestMethod": "GET",
      "RequestHeaders": {
        "Accept": "*/*",
        "Accept-Encoding": "gzip, deflate",
        "Connection": "keep-alive",
        "User-Agent": "azsdk-python-ai-translation-document/1.0.1 Python/3.10.0 (Windows-10-10.0.22621-SP0)"
      },
      "RequestBody": null,
      "StatusCode": 200,
      "ResponseHeaders": {
        "Age": "0",
        "apim-request-id": "b6323d8f-7c73-413b-8c91-5d422219de5d",
        "Cache-Control": "public, max-age=1",
        "Content-Encoding": "gzip",
        "Content-Type": "application/json; charset=utf-8",
        "Date": "Thu, 01 Dec 2022 22:33:17 GMT",
        "ETag": "\u002231ECBE1054BBC0F6B8FCEB3A442642ACAA07A1D77003EFDEC86589A697D20876\u0022",
        "Set-Cookie": [
          "ARRAffinity=26748e6e05c4da09a11d06730f2d1580980c43bf805ec60ac6528961fdf209ed;Path=/;HttpOnly;Secure;Domain=mtbatch.nam.microsofttranslator.com",
          "ARRAffinitySameSite=26748e6e05c4da09a11d06730f2d1580980c43bf805ec60ac6528961fdf209ed;Path=/;HttpOnly;SameSite=None;Secure;Domain=mtbatch.nam.microsofttranslator.com"
        ],
        "Strict-Transport-Security": "max-age=31536000; includeSubDomains; preload",
        "Transfer-Encoding": "chunked",
        "Vary": "Accept-Encoding",
        "X-Content-Type-Options": "nosniff",
        "x-ms-region": "West US 2",
        "X-Powered-By": "ASP.NET",
        "X-RequestId": "4a82994a-800f-4ee3-8506-92ec4d754ab4"
      },
      "ResponseBody": {
        "id": "e5e4a175-2436-427e-a23a-d25636c1c3fb",
        "createdDateTimeUtc": "2022-12-01T22:33:13.7811201Z",
        "lastActionDateTimeUtc": "2022-12-01T22:33:16.9593331Z",
        "status": "Running",
        "summary": {
          "total": 5,
          "failed": 0,
          "success": 0,
          "inProgress": 5,
          "notYetStarted": 0,
          "cancelled": 0,
          "totalCharacterCharged": 0
        }
      }
    },
    {
      "RequestUri": "https://fakeendpoint.cognitiveservices.azure.com/translator/text/batch/v1.0/batches/e5e4a175-2436-427e-a23a-d25636c1c3fb",
      "RequestMethod": "GET",
      "RequestHeaders": {
        "Accept": "*/*",
        "Accept-Encoding": "gzip, deflate",
        "Connection": "keep-alive",
        "User-Agent": "azsdk-python-ai-translation-document/1.0.1 Python/3.10.0 (Windows-10-10.0.22621-SP0)"
      },
      "RequestBody": null,
      "StatusCode": 200,
      "ResponseHeaders": {
        "Age": "0",
        "apim-request-id": "82b741ea-e62a-4e44-b80d-f5968ae2afcc",
        "Cache-Control": "public, max-age=1",
        "Content-Encoding": "gzip",
        "Content-Type": "application/json; charset=utf-8",
        "Date": "Thu, 01 Dec 2022 22:33:17 GMT",
        "ETag": "\u0022A01A4E22192D2E30555D5B41AF07A6A6F1C416E620305D0CBF10C845A47ECDA9\u0022",
        "Set-Cookie": [
          "ARRAffinity=5be4f6076895b28fe7622c56a3f9d12283381141aea24a194955ebb0cccaaba9;Path=/;HttpOnly;Secure;Domain=mtbatch.nam.microsofttranslator.com",
          "ARRAffinitySameSite=5be4f6076895b28fe7622c56a3f9d12283381141aea24a194955ebb0cccaaba9;Path=/;HttpOnly;SameSite=None;Secure;Domain=mtbatch.nam.microsofttranslator.com"
        ],
        "Strict-Transport-Security": "max-age=31536000; includeSubDomains; preload",
        "Transfer-Encoding": "chunked",
        "Vary": "Accept-Encoding",
        "X-Content-Type-Options": "nosniff",
        "x-ms-region": "West US 2",
        "X-Powered-By": "ASP.NET",
        "X-RequestId": "d991bdc0-e67c-40e5-ba37-d41f45cfa2bb"
      },
      "ResponseBody": {
        "id": "e5e4a175-2436-427e-a23a-d25636c1c3fb",
        "createdDateTimeUtc": "2022-12-01T22:33:13.7811201Z",
        "lastActionDateTimeUtc": "2022-12-01T22:33:16.7083926Z",
        "status": "Running",
        "summary": {
          "total": 5,
          "failed": 0,
          "success": 0,
          "inProgress": 5,
          "notYetStarted": 0,
          "cancelled": 0,
          "totalCharacterCharged": 0
        }
      }
    },
    {
      "RequestUri": "https://fakeendpoint.cognitiveservices.azure.com/translator/text/batch/v1.0/batches/e5e4a175-2436-427e-a23a-d25636c1c3fb",
      "RequestMethod": "GET",
      "RequestHeaders": {
        "Accept": "*/*",
        "Accept-Encoding": "gzip, deflate",
        "Connection": "keep-alive",
        "User-Agent": "azsdk-python-ai-translation-document/1.0.1 Python/3.10.0 (Windows-10-10.0.22621-SP0)"
      },
      "RequestBody": null,
      "StatusCode": 200,
      "ResponseHeaders": {
        "Age": "0",
        "apim-request-id": "bf2ef67f-45bc-4cb3-a9df-d2f3e2f50a32",
        "Cache-Control": "public, max-age=1",
        "Content-Encoding": "gzip",
        "Content-Type": "application/json; charset=utf-8",
        "Date": "Thu, 01 Dec 2022 22:33:17 GMT",
        "ETag": "\u002231ECBE1054BBC0F6B8FCEB3A442642ACAA07A1D77003EFDEC86589A697D20876\u0022",
        "Set-Cookie": [
          "ARRAffinity=26748e6e05c4da09a11d06730f2d1580980c43bf805ec60ac6528961fdf209ed;Path=/;HttpOnly;Secure;Domain=mtbatch.nam.microsofttranslator.com",
          "ARRAffinitySameSite=26748e6e05c4da09a11d06730f2d1580980c43bf805ec60ac6528961fdf209ed;Path=/;HttpOnly;SameSite=None;Secure;Domain=mtbatch.nam.microsofttranslator.com"
        ],
        "Strict-Transport-Security": "max-age=31536000; includeSubDomains; preload",
        "Transfer-Encoding": "chunked",
        "Vary": "Accept-Encoding",
        "X-Content-Type-Options": "nosniff",
        "x-ms-region": "West US 2",
        "X-Powered-By": "ASP.NET",
        "X-RequestId": "4a82994a-800f-4ee3-8506-92ec4d754ab4"
      },
      "ResponseBody": {
        "id": "e5e4a175-2436-427e-a23a-d25636c1c3fb",
        "createdDateTimeUtc": "2022-12-01T22:33:13.7811201Z",
        "lastActionDateTimeUtc": "2022-12-01T22:33:16.9593331Z",
        "status": "Running",
        "summary": {
          "total": 5,
          "failed": 0,
          "success": 0,
          "inProgress": 5,
          "notYetStarted": 0,
          "cancelled": 0,
          "totalCharacterCharged": 0
        }
      }
    },
    {
      "RequestUri": "https://fakeendpoint.cognitiveservices.azure.com/translator/text/batch/v1.0/batches/e5e4a175-2436-427e-a23a-d25636c1c3fb",
      "RequestMethod": "GET",
      "RequestHeaders": {
        "Accept": "*/*",
        "Accept-Encoding": "gzip, deflate",
        "Connection": "keep-alive",
        "User-Agent": "azsdk-python-ai-translation-document/1.0.1 Python/3.10.0 (Windows-10-10.0.22621-SP0)"
      },
      "RequestBody": null,
      "StatusCode": 200,
      "ResponseHeaders": {
        "apim-request-id": "3eeca10e-77fb-4444-b7ec-31abf0a88ae2",
        "Cache-Control": "public, max-age=1",
        "Content-Encoding": "gzip",
        "Content-Type": "application/json; charset=utf-8",
        "Date": "Thu, 01 Dec 2022 22:33:17 GMT",
        "ETag": "\u002231ECBE1054BBC0F6B8FCEB3A442642ACAA07A1D77003EFDEC86589A697D20876\u0022",
        "Set-Cookie": [
          "ARRAffinity=5be4f6076895b28fe7622c56a3f9d12283381141aea24a194955ebb0cccaaba9;Path=/;HttpOnly;Secure;Domain=mtbatch.nam.microsofttranslator.com",
          "ARRAffinitySameSite=5be4f6076895b28fe7622c56a3f9d12283381141aea24a194955ebb0cccaaba9;Path=/;HttpOnly;SameSite=None;Secure;Domain=mtbatch.nam.microsofttranslator.com"
        ],
        "Strict-Transport-Security": "max-age=31536000; includeSubDomains; preload",
        "Transfer-Encoding": "chunked",
        "Vary": "Accept-Encoding",
        "X-Content-Type-Options": "nosniff",
        "x-ms-region": "West US 2",
        "X-Powered-By": "ASP.NET",
        "X-RequestId": "3eeca10e-77fb-4444-b7ec-31abf0a88ae2"
      },
      "ResponseBody": {
        "id": "e5e4a175-2436-427e-a23a-d25636c1c3fb",
        "createdDateTimeUtc": "2022-12-01T22:33:13.7811201Z",
        "lastActionDateTimeUtc": "2022-12-01T22:33:16.9593331Z",
        "status": "Running",
        "summary": {
          "total": 5,
          "failed": 0,
          "success": 0,
          "inProgress": 5,
          "notYetStarted": 0,
          "cancelled": 0,
          "totalCharacterCharged": 0
        }
      }
    },
    {
      "RequestUri": "https://fakeendpoint.cognitiveservices.azure.com/translator/text/batch/v1.0/batches/e5e4a175-2436-427e-a23a-d25636c1c3fb",
      "RequestMethod": "GET",
      "RequestHeaders": {
        "Accept": "*/*",
        "Accept-Encoding": "gzip, deflate",
        "Connection": "keep-alive",
        "User-Agent": "azsdk-python-ai-translation-document/1.0.1 Python/3.10.0 (Windows-10-10.0.22621-SP0)"
      },
      "RequestBody": null,
      "StatusCode": 200,
      "ResponseHeaders": {
        "apim-request-id": "f44b7cf1-30a1-41c1-a2c8-a948abcdd20f",
        "Cache-Control": "public, max-age=1",
        "Content-Encoding": "gzip",
        "Content-Type": "application/json; charset=utf-8",
        "Date": "Thu, 01 Dec 2022 22:33:17 GMT",
        "ETag": "\u002231ECBE1054BBC0F6B8FCEB3A442642ACAA07A1D77003EFDEC86589A697D20876\u0022",
        "Set-Cookie": [
          "ARRAffinity=26748e6e05c4da09a11d06730f2d1580980c43bf805ec60ac6528961fdf209ed;Path=/;HttpOnly;Secure;Domain=mtbatch.nam.microsofttranslator.com",
          "ARRAffinitySameSite=26748e6e05c4da09a11d06730f2d1580980c43bf805ec60ac6528961fdf209ed;Path=/;HttpOnly;SameSite=None;Secure;Domain=mtbatch.nam.microsofttranslator.com"
        ],
        "Strict-Transport-Security": "max-age=31536000; includeSubDomains; preload",
        "Transfer-Encoding": "chunked",
        "Vary": "Accept-Encoding",
        "X-Content-Type-Options": "nosniff",
        "x-ms-region": "West US 2",
        "X-Powered-By": "ASP.NET",
        "X-RequestId": "f44b7cf1-30a1-41c1-a2c8-a948abcdd20f"
      },
      "ResponseBody": {
        "id": "e5e4a175-2436-427e-a23a-d25636c1c3fb",
        "createdDateTimeUtc": "2022-12-01T22:33:13.7811201Z",
        "lastActionDateTimeUtc": "2022-12-01T22:33:16.9593331Z",
        "status": "Running",
        "summary": {
          "total": 5,
          "failed": 0,
          "success": 0,
          "inProgress": 5,
          "notYetStarted": 0,
          "cancelled": 0,
          "totalCharacterCharged": 0
        }
      }
    },
    {
      "RequestUri": "https://fakeendpoint.cognitiveservices.azure.com/translator/text/batch/v1.0/batches/e5e4a175-2436-427e-a23a-d25636c1c3fb",
      "RequestMethod": "GET",
      "RequestHeaders": {
        "Accept": "*/*",
        "Accept-Encoding": "gzip, deflate",
        "Connection": "keep-alive",
        "User-Agent": "azsdk-python-ai-translation-document/1.0.1 Python/3.10.0 (Windows-10-10.0.22621-SP0)"
      },
      "RequestBody": null,
      "StatusCode": 200,
      "ResponseHeaders": {
        "Age": "0",
        "apim-request-id": "a8cb5b45-14fd-4101-81b9-7e21753b8798",
        "Cache-Control": "public, max-age=1",
        "Content-Encoding": "gzip",
        "Content-Type": "application/json; charset=utf-8",
        "Date": "Thu, 01 Dec 2022 22:33:17 GMT",
        "ETag": "\u002231ECBE1054BBC0F6B8FCEB3A442642ACAA07A1D77003EFDEC86589A697D20876\u0022",
        "Set-Cookie": [
          "ARRAffinity=5be4f6076895b28fe7622c56a3f9d12283381141aea24a194955ebb0cccaaba9;Path=/;HttpOnly;Secure;Domain=mtbatch.nam.microsofttranslator.com",
          "ARRAffinitySameSite=5be4f6076895b28fe7622c56a3f9d12283381141aea24a194955ebb0cccaaba9;Path=/;HttpOnly;SameSite=None;Secure;Domain=mtbatch.nam.microsofttranslator.com"
        ],
        "Strict-Transport-Security": "max-age=31536000; includeSubDomains; preload",
        "Transfer-Encoding": "chunked",
        "Vary": "Accept-Encoding",
        "X-Content-Type-Options": "nosniff",
        "x-ms-region": "West US 2",
        "X-Powered-By": "ASP.NET",
        "X-RequestId": "3eeca10e-77fb-4444-b7ec-31abf0a88ae2"
      },
      "ResponseBody": {
        "id": "e5e4a175-2436-427e-a23a-d25636c1c3fb",
        "createdDateTimeUtc": "2022-12-01T22:33:13.7811201Z",
        "lastActionDateTimeUtc": "2022-12-01T22:33:16.9593331Z",
        "status": "Running",
        "summary": {
          "total": 5,
          "failed": 0,
          "success": 0,
          "inProgress": 5,
          "notYetStarted": 0,
          "cancelled": 0,
          "totalCharacterCharged": 0
        }
      }
    },
    {
      "RequestUri": "https://fakeendpoint.cognitiveservices.azure.com/translator/text/batch/v1.0/batches/e5e4a175-2436-427e-a23a-d25636c1c3fb",
      "RequestMethod": "GET",
      "RequestHeaders": {
        "Accept": "*/*",
        "Accept-Encoding": "gzip, deflate",
        "Connection": "keep-alive",
        "User-Agent": "azsdk-python-ai-translation-document/1.0.1 Python/3.10.0 (Windows-10-10.0.22621-SP0)"
      },
      "RequestBody": null,
      "StatusCode": 429,
      "ResponseHeaders": {
        "apim-request-id": "ab4c348e-bf57-4012-b83f-b1dd2f136224",
        "Content-Length": "360",
        "Content-Type": "application/json",
        "Date": "Thu, 01 Dec 2022 22:33:17 GMT",
        "policy-id": "ResourceRateLimitBy1s",
        "Strict-Transport-Security": "max-age=31536000; includeSubDomains; preload",
        "X-Content-Type-Options": "nosniff",
        "x-ms-region": "West US 2"
      },
      "ResponseBody": {
        "error": {
          "code": "429",
          "message": "Requests to the Returns the status for a document translation request Operation under Batch Document Translation API v1.0 have exceeded rate limit of your current TextTranslator S1 pricing tier. Please retry after 1 second. Please contact Azure support service if you would like to further increase the default rate limit."
        }
      }
    },
    {
      "RequestUri": "https://fakeendpoint.cognitiveservices.azure.com/translator/text/batch/v1.0/batches/e5e4a175-2436-427e-a23a-d25636c1c3fb",
      "RequestMethod": "GET",
      "RequestHeaders": {
        "Accept": "*/*",
        "Accept-Encoding": "gzip, deflate",
        "Connection": "keep-alive",
        "User-Agent": "azsdk-python-ai-translation-document/1.0.1 Python/3.10.0 (Windows-10-10.0.22621-SP0)"
      },
      "RequestBody": null,
      "StatusCode": 200,
      "ResponseHeaders": {
        "apim-request-id": "cbfc82e0-eed8-469b-9038-c7d33b3bc2f2",
        "Cache-Control": "public, max-age=1",
        "Content-Encoding": "gzip",
        "Content-Type": "application/json; charset=utf-8",
        "Date": "Thu, 01 Dec 2022 22:33:18 GMT",
        "ETag": "\u00228C0635EDF392F40B2EBADEBA5A93EEB933D72E404FED0F81AF6F05FB8C03EF01\u0022",
        "Set-Cookie": [
          "ARRAffinity=26748e6e05c4da09a11d06730f2d1580980c43bf805ec60ac6528961fdf209ed;Path=/;HttpOnly;Secure;Domain=mtbatch.nam.microsofttranslator.com",
          "ARRAffinitySameSite=26748e6e05c4da09a11d06730f2d1580980c43bf805ec60ac6528961fdf209ed;Path=/;HttpOnly;SameSite=None;Secure;Domain=mtbatch.nam.microsofttranslator.com"
        ],
        "Strict-Transport-Security": "max-age=31536000; includeSubDomains; preload",
        "Transfer-Encoding": "chunked",
        "Vary": "Accept-Encoding",
        "X-Content-Type-Options": "nosniff",
        "x-ms-region": "West US 2",
        "X-Powered-By": "ASP.NET",
        "X-RequestId": "cbfc82e0-eed8-469b-9038-c7d33b3bc2f2"
      },
      "ResponseBody": {
        "id": "e5e4a175-2436-427e-a23a-d25636c1c3fb",
        "createdDateTimeUtc": "2022-12-01T22:33:13.7811201Z",
        "lastActionDateTimeUtc": "2022-12-01T22:33:18.8785491Z",
        "status": "Running",
        "summary": {
          "total": 5,
          "failed": 0,
          "success": 4,
          "inProgress": 1,
          "notYetStarted": 0,
          "cancelled": 0,
          "totalCharacterCharged": 108
        }
      }
    },
    {
      "RequestUri": "https://fakeendpoint.cognitiveservices.azure.com/translator/text/batch/v1.0/batches/e5e4a175-2436-427e-a23a-d25636c1c3fb",
      "RequestMethod": "GET",
      "RequestHeaders": {
        "Accept": "*/*",
        "Accept-Encoding": "gzip, deflate",
        "Connection": "keep-alive",
        "User-Agent": "azsdk-python-ai-translation-document/1.0.1 Python/3.10.0 (Windows-10-10.0.22621-SP0)"
      },
      "RequestBody": null,
      "StatusCode": 200,
      "ResponseHeaders": {
        "apim-request-id": "3818bdbd-65a0-4560-8dca-33fd8f7f2054",
        "Cache-Control": "public, max-age=1",
        "Content-Encoding": "gzip",
        "Content-Type": "application/json; charset=utf-8",
        "Date": "Thu, 01 Dec 2022 22:33:18 GMT",
        "ETag": "\u00228C0635EDF392F40B2EBADEBA5A93EEB933D72E404FED0F81AF6F05FB8C03EF01\u0022",
        "Set-Cookie": [
          "ARRAffinity=5be4f6076895b28fe7622c56a3f9d12283381141aea24a194955ebb0cccaaba9;Path=/;HttpOnly;Secure;Domain=mtbatch.nam.microsofttranslator.com",
          "ARRAffinitySameSite=5be4f6076895b28fe7622c56a3f9d12283381141aea24a194955ebb0cccaaba9;Path=/;HttpOnly;SameSite=None;Secure;Domain=mtbatch.nam.microsofttranslator.com"
        ],
        "Strict-Transport-Security": "max-age=31536000; includeSubDomains; preload",
        "Transfer-Encoding": "chunked",
        "Vary": "Accept-Encoding",
        "X-Content-Type-Options": "nosniff",
        "x-ms-region": "West US 2",
        "X-Powered-By": "ASP.NET",
        "X-RequestId": "3818bdbd-65a0-4560-8dca-33fd8f7f2054"
      },
      "ResponseBody": {
        "id": "e5e4a175-2436-427e-a23a-d25636c1c3fb",
        "createdDateTimeUtc": "2022-12-01T22:33:13.7811201Z",
        "lastActionDateTimeUtc": "2022-12-01T22:33:18.8785491Z",
        "status": "Running",
        "summary": {
          "total": 5,
          "failed": 0,
          "success": 4,
          "inProgress": 1,
          "notYetStarted": 0,
          "cancelled": 0,
          "totalCharacterCharged": 108
        }
      }
    },
    {
      "RequestUri": "https://fakeendpoint.cognitiveservices.azure.com/translator/text/batch/v1.0/batches/e5e4a175-2436-427e-a23a-d25636c1c3fb",
      "RequestMethod": "GET",
      "RequestHeaders": {
        "Accept": "*/*",
        "Accept-Encoding": "gzip, deflate",
        "Connection": "keep-alive",
        "User-Agent": "azsdk-python-ai-translation-document/1.0.1 Python/3.10.0 (Windows-10-10.0.22621-SP0)"
      },
      "RequestBody": null,
      "StatusCode": 200,
      "ResponseHeaders": {
        "Age": "0",
        "apim-request-id": "97d6ff22-6911-4ce6-957d-7111da3b93a9",
        "Cache-Control": "public, max-age=1",
        "Content-Encoding": "gzip",
        "Content-Type": "application/json; charset=utf-8",
        "Date": "Thu, 01 Dec 2022 22:33:18 GMT",
        "ETag": "\u00228C0635EDF392F40B2EBADEBA5A93EEB933D72E404FED0F81AF6F05FB8C03EF01\u0022",
        "Set-Cookie": [
          "ARRAffinity=26748e6e05c4da09a11d06730f2d1580980c43bf805ec60ac6528961fdf209ed;Path=/;HttpOnly;Secure;Domain=mtbatch.nam.microsofttranslator.com",
          "ARRAffinitySameSite=26748e6e05c4da09a11d06730f2d1580980c43bf805ec60ac6528961fdf209ed;Path=/;HttpOnly;SameSite=None;Secure;Domain=mtbatch.nam.microsofttranslator.com"
        ],
        "Strict-Transport-Security": "max-age=31536000; includeSubDomains; preload",
        "Transfer-Encoding": "chunked",
        "Vary": "Accept-Encoding",
        "X-Content-Type-Options": "nosniff",
        "x-ms-region": "West US 2",
        "X-Powered-By": "ASP.NET",
        "X-RequestId": "cbfc82e0-eed8-469b-9038-c7d33b3bc2f2"
      },
      "ResponseBody": {
        "id": "e5e4a175-2436-427e-a23a-d25636c1c3fb",
        "createdDateTimeUtc": "2022-12-01T22:33:13.7811201Z",
        "lastActionDateTimeUtc": "2022-12-01T22:33:18.8785491Z",
        "status": "Running",
        "summary": {
          "total": 5,
          "failed": 0,
          "success": 4,
          "inProgress": 1,
          "notYetStarted": 0,
          "cancelled": 0,
          "totalCharacterCharged": 108
        }
      }
    },
    {
      "RequestUri": "https://fakeendpoint.cognitiveservices.azure.com/translator/text/batch/v1.0/batches/e5e4a175-2436-427e-a23a-d25636c1c3fb",
      "RequestMethod": "GET",
      "RequestHeaders": {
        "Accept": "*/*",
        "Accept-Encoding": "gzip, deflate",
        "Connection": "keep-alive",
        "User-Agent": "azsdk-python-ai-translation-document/1.0.1 Python/3.10.0 (Windows-10-10.0.22621-SP0)"
      },
      "RequestBody": null,
      "StatusCode": 200,
      "ResponseHeaders": {
        "Age": "0",
        "apim-request-id": "dd9de140-a873-4dd9-bb40-6a848d182e3b",
        "Cache-Control": "public, max-age=1",
        "Content-Encoding": "gzip",
        "Content-Type": "application/json; charset=utf-8",
        "Date": "Thu, 01 Dec 2022 22:33:18 GMT",
        "ETag": "\u00228C0635EDF392F40B2EBADEBA5A93EEB933D72E404FED0F81AF6F05FB8C03EF01\u0022",
        "Set-Cookie": [
          "ARRAffinity=5be4f6076895b28fe7622c56a3f9d12283381141aea24a194955ebb0cccaaba9;Path=/;HttpOnly;Secure;Domain=mtbatch.nam.microsofttranslator.com",
          "ARRAffinitySameSite=5be4f6076895b28fe7622c56a3f9d12283381141aea24a194955ebb0cccaaba9;Path=/;HttpOnly;SameSite=None;Secure;Domain=mtbatch.nam.microsofttranslator.com"
        ],
        "Strict-Transport-Security": "max-age=31536000; includeSubDomains; preload",
        "Transfer-Encoding": "chunked",
        "Vary": "Accept-Encoding",
        "X-Content-Type-Options": "nosniff",
        "x-ms-region": "West US 2",
        "X-Powered-By": "ASP.NET",
        "X-RequestId": "3818bdbd-65a0-4560-8dca-33fd8f7f2054"
      },
      "ResponseBody": {
        "id": "e5e4a175-2436-427e-a23a-d25636c1c3fb",
        "createdDateTimeUtc": "2022-12-01T22:33:13.7811201Z",
        "lastActionDateTimeUtc": "2022-12-01T22:33:18.8785491Z",
        "status": "Running",
        "summary": {
          "total": 5,
          "failed": 0,
          "success": 4,
          "inProgress": 1,
          "notYetStarted": 0,
          "cancelled": 0,
          "totalCharacterCharged": 108
        }
      }
    },
    {
      "RequestUri": "https://fakeendpoint.cognitiveservices.azure.com/translator/text/batch/v1.0/batches/e5e4a175-2436-427e-a23a-d25636c1c3fb",
      "RequestMethod": "GET",
      "RequestHeaders": {
        "Accept": "*/*",
        "Accept-Encoding": "gzip, deflate",
        "Connection": "keep-alive",
        "User-Agent": "azsdk-python-ai-translation-document/1.0.1 Python/3.10.0 (Windows-10-10.0.22621-SP0)"
      },
      "RequestBody": null,
      "StatusCode": 200,
      "ResponseHeaders": {
        "Age": "0",
        "apim-request-id": "d2fecd3f-2b5f-42c2-ba77-921ba71bf50f",
        "Cache-Control": "public, max-age=1",
        "Content-Encoding": "gzip",
        "Content-Type": "application/json; charset=utf-8",
        "Date": "Thu, 01 Dec 2022 22:33:18 GMT",
        "ETag": "\u00228C0635EDF392F40B2EBADEBA5A93EEB933D72E404FED0F81AF6F05FB8C03EF01\u0022",
        "Set-Cookie": [
          "ARRAffinity=26748e6e05c4da09a11d06730f2d1580980c43bf805ec60ac6528961fdf209ed;Path=/;HttpOnly;Secure;Domain=mtbatch.nam.microsofttranslator.com",
          "ARRAffinitySameSite=26748e6e05c4da09a11d06730f2d1580980c43bf805ec60ac6528961fdf209ed;Path=/;HttpOnly;SameSite=None;Secure;Domain=mtbatch.nam.microsofttranslator.com"
        ],
        "Strict-Transport-Security": "max-age=31536000; includeSubDomains; preload",
        "Transfer-Encoding": "chunked",
        "Vary": "Accept-Encoding",
        "X-Content-Type-Options": "nosniff",
        "x-ms-region": "West US 2",
        "X-Powered-By": "ASP.NET",
        "X-RequestId": "cbfc82e0-eed8-469b-9038-c7d33b3bc2f2"
      },
      "ResponseBody": {
        "id": "e5e4a175-2436-427e-a23a-d25636c1c3fb",
        "createdDateTimeUtc": "2022-12-01T22:33:13.7811201Z",
        "lastActionDateTimeUtc": "2022-12-01T22:33:18.8785491Z",
        "status": "Running",
        "summary": {
          "total": 5,
          "failed": 0,
          "success": 4,
          "inProgress": 1,
          "notYetStarted": 0,
          "cancelled": 0,
          "totalCharacterCharged": 108
        }
      }
    },
    {
      "RequestUri": "https://fakeendpoint.cognitiveservices.azure.com/translator/text/batch/v1.0/batches/e5e4a175-2436-427e-a23a-d25636c1c3fb",
      "RequestMethod": "GET",
      "RequestHeaders": {
        "Accept": "*/*",
        "Accept-Encoding": "gzip, deflate",
        "Connection": "keep-alive",
        "User-Agent": "azsdk-python-ai-translation-document/1.0.1 Python/3.10.0 (Windows-10-10.0.22621-SP0)"
      },
      "RequestBody": null,
      "StatusCode": 200,
      "ResponseHeaders": {
        "Age": "0",
        "apim-request-id": "4cafb019-33a0-4320-8a00-7a04e3d2af0a",
        "Cache-Control": "public, max-age=1",
        "Content-Encoding": "gzip",
        "Content-Type": "application/json; charset=utf-8",
        "Date": "Thu, 01 Dec 2022 22:33:19 GMT",
        "ETag": "\u00228C0635EDF392F40B2EBADEBA5A93EEB933D72E404FED0F81AF6F05FB8C03EF01\u0022",
        "Set-Cookie": [
          "ARRAffinity=5be4f6076895b28fe7622c56a3f9d12283381141aea24a194955ebb0cccaaba9;Path=/;HttpOnly;Secure;Domain=mtbatch.nam.microsofttranslator.com",
          "ARRAffinitySameSite=5be4f6076895b28fe7622c56a3f9d12283381141aea24a194955ebb0cccaaba9;Path=/;HttpOnly;SameSite=None;Secure;Domain=mtbatch.nam.microsofttranslator.com"
        ],
        "Strict-Transport-Security": "max-age=31536000; includeSubDomains; preload",
        "Transfer-Encoding": "chunked",
        "Vary": "Accept-Encoding",
        "X-Content-Type-Options": "nosniff",
        "x-ms-region": "West US 2",
        "X-Powered-By": "ASP.NET",
        "X-RequestId": "3818bdbd-65a0-4560-8dca-33fd8f7f2054"
      },
      "ResponseBody": {
        "id": "e5e4a175-2436-427e-a23a-d25636c1c3fb",
        "createdDateTimeUtc": "2022-12-01T22:33:13.7811201Z",
        "lastActionDateTimeUtc": "2022-12-01T22:33:18.8785491Z",
        "status": "Running",
        "summary": {
          "total": 5,
          "failed": 0,
          "success": 4,
          "inProgress": 1,
          "notYetStarted": 0,
          "cancelled": 0,
          "totalCharacterCharged": 108
        }
      }
    },
    {
      "RequestUri": "https://fakeendpoint.cognitiveservices.azure.com/translator/text/batch/v1.0/batches/e5e4a175-2436-427e-a23a-d25636c1c3fb",
      "RequestMethod": "GET",
      "RequestHeaders": {
        "Accept": "*/*",
        "Accept-Encoding": "gzip, deflate",
        "Connection": "keep-alive",
        "User-Agent": "azsdk-python-ai-translation-document/1.0.1 Python/3.10.0 (Windows-10-10.0.22621-SP0)"
      },
      "RequestBody": null,
      "StatusCode": 200,
      "ResponseHeaders": {
        "Age": "0",
        "apim-request-id": "c9d123cb-cd21-4414-a6f1-c3ed6cb09329",
        "Cache-Control": "public, max-age=1",
        "Content-Encoding": "gzip",
        "Content-Type": "application/json; charset=utf-8",
        "Date": "Thu, 01 Dec 2022 22:33:19 GMT",
        "ETag": "\u00228C0635EDF392F40B2EBADEBA5A93EEB933D72E404FED0F81AF6F05FB8C03EF01\u0022",
        "Set-Cookie": [
          "ARRAffinity=26748e6e05c4da09a11d06730f2d1580980c43bf805ec60ac6528961fdf209ed;Path=/;HttpOnly;Secure;Domain=mtbatch.nam.microsofttranslator.com",
          "ARRAffinitySameSite=26748e6e05c4da09a11d06730f2d1580980c43bf805ec60ac6528961fdf209ed;Path=/;HttpOnly;SameSite=None;Secure;Domain=mtbatch.nam.microsofttranslator.com"
        ],
        "Strict-Transport-Security": "max-age=31536000; includeSubDomains; preload",
        "Transfer-Encoding": "chunked",
        "Vary": "Accept-Encoding",
        "X-Content-Type-Options": "nosniff",
        "x-ms-region": "West US 2",
        "X-Powered-By": "ASP.NET",
        "X-RequestId": "cbfc82e0-eed8-469b-9038-c7d33b3bc2f2"
      },
      "ResponseBody": {
        "id": "e5e4a175-2436-427e-a23a-d25636c1c3fb",
        "createdDateTimeUtc": "2022-12-01T22:33:13.7811201Z",
        "lastActionDateTimeUtc": "2022-12-01T22:33:18.8785491Z",
        "status": "Running",
        "summary": {
          "total": 5,
          "failed": 0,
          "success": 4,
          "inProgress": 1,
          "notYetStarted": 0,
          "cancelled": 0,
          "totalCharacterCharged": 108
        }
      }
    },
    {
      "RequestUri": "https://fakeendpoint.cognitiveservices.azure.com/translator/text/batch/v1.0/batches/e5e4a175-2436-427e-a23a-d25636c1c3fb",
      "RequestMethod": "GET",
      "RequestHeaders": {
        "Accept": "*/*",
        "Accept-Encoding": "gzip, deflate",
        "Connection": "keep-alive",
        "User-Agent": "azsdk-python-ai-translation-document/1.0.1 Python/3.10.0 (Windows-10-10.0.22621-SP0)"
      },
      "RequestBody": null,
      "StatusCode": 200,
      "ResponseHeaders": {
        "Age": "0",
        "apim-request-id": "00380292-d909-48ed-a428-a14266afdb93",
        "Cache-Control": "public, max-age=1",
        "Content-Encoding": "gzip",
        "Content-Type": "application/json; charset=utf-8",
        "Date": "Thu, 01 Dec 2022 22:33:19 GMT",
        "ETag": "\u00228C0635EDF392F40B2EBADEBA5A93EEB933D72E404FED0F81AF6F05FB8C03EF01\u0022",
        "Set-Cookie": [
          "ARRAffinity=5be4f6076895b28fe7622c56a3f9d12283381141aea24a194955ebb0cccaaba9;Path=/;HttpOnly;Secure;Domain=mtbatch.nam.microsofttranslator.com",
          "ARRAffinitySameSite=5be4f6076895b28fe7622c56a3f9d12283381141aea24a194955ebb0cccaaba9;Path=/;HttpOnly;SameSite=None;Secure;Domain=mtbatch.nam.microsofttranslator.com"
        ],
        "Strict-Transport-Security": "max-age=31536000; includeSubDomains; preload",
        "Transfer-Encoding": "chunked",
        "Vary": "Accept-Encoding",
        "X-Content-Type-Options": "nosniff",
        "x-ms-region": "West US 2",
        "X-Powered-By": "ASP.NET",
        "X-RequestId": "3818bdbd-65a0-4560-8dca-33fd8f7f2054"
      },
      "ResponseBody": {
        "id": "e5e4a175-2436-427e-a23a-d25636c1c3fb",
        "createdDateTimeUtc": "2022-12-01T22:33:13.7811201Z",
        "lastActionDateTimeUtc": "2022-12-01T22:33:18.8785491Z",
        "status": "Running",
        "summary": {
          "total": 5,
          "failed": 0,
          "success": 4,
          "inProgress": 1,
          "notYetStarted": 0,
          "cancelled": 0,
          "totalCharacterCharged": 108
        }
      }
    },
    {
      "RequestUri": "https://fakeendpoint.cognitiveservices.azure.com/translator/text/batch/v1.0/batches/e5e4a175-2436-427e-a23a-d25636c1c3fb",
      "RequestMethod": "GET",
      "RequestHeaders": {
        "Accept": "*/*",
        "Accept-Encoding": "gzip, deflate",
        "Connection": "keep-alive",
        "User-Agent": "azsdk-python-ai-translation-document/1.0.1 Python/3.10.0 (Windows-10-10.0.22621-SP0)"
      },
      "RequestBody": null,
      "StatusCode": 200,
      "ResponseHeaders": {
        "Age": "0",
        "apim-request-id": "d9afae51-7e7f-445a-9857-795501e94f88",
        "Cache-Control": "public, max-age=1",
        "Content-Encoding": "gzip",
        "Content-Type": "application/json; charset=utf-8",
        "Date": "Thu, 01 Dec 2022 22:33:19 GMT",
        "ETag": "\u00228C0635EDF392F40B2EBADEBA5A93EEB933D72E404FED0F81AF6F05FB8C03EF01\u0022",
        "Set-Cookie": [
          "ARRAffinity=26748e6e05c4da09a11d06730f2d1580980c43bf805ec60ac6528961fdf209ed;Path=/;HttpOnly;Secure;Domain=mtbatch.nam.microsofttranslator.com",
          "ARRAffinitySameSite=26748e6e05c4da09a11d06730f2d1580980c43bf805ec60ac6528961fdf209ed;Path=/;HttpOnly;SameSite=None;Secure;Domain=mtbatch.nam.microsofttranslator.com"
        ],
        "Strict-Transport-Security": "max-age=31536000; includeSubDomains; preload",
        "Transfer-Encoding": "chunked",
        "Vary": "Accept-Encoding",
        "X-Content-Type-Options": "nosniff",
        "x-ms-region": "West US 2",
        "X-Powered-By": "ASP.NET",
        "X-RequestId": "cbfc82e0-eed8-469b-9038-c7d33b3bc2f2"
      },
      "ResponseBody": {
        "id": "e5e4a175-2436-427e-a23a-d25636c1c3fb",
        "createdDateTimeUtc": "2022-12-01T22:33:13.7811201Z",
        "lastActionDateTimeUtc": "2022-12-01T22:33:18.8785491Z",
        "status": "Running",
        "summary": {
          "total": 5,
          "failed": 0,
          "success": 4,
          "inProgress": 1,
          "notYetStarted": 0,
          "cancelled": 0,
          "totalCharacterCharged": 108
        }
      }
    },
    {
      "RequestUri": "https://fakeendpoint.cognitiveservices.azure.com/translator/text/batch/v1.0/batches/e5e4a175-2436-427e-a23a-d25636c1c3fb",
      "RequestMethod": "GET",
      "RequestHeaders": {
        "Accept": "*/*",
        "Accept-Encoding": "gzip, deflate",
        "Connection": "keep-alive",
        "User-Agent": "azsdk-python-ai-translation-document/1.0.1 Python/3.10.0 (Windows-10-10.0.22621-SP0)"
      },
      "RequestBody": null,
      "StatusCode": 200,
      "ResponseHeaders": {
        "Age": "0",
        "apim-request-id": "74445406-f61b-4832-be0a-6369adfa706f",
        "Cache-Control": "public, max-age=1",
        "Content-Encoding": "gzip",
        "Content-Type": "application/json; charset=utf-8",
        "Date": "Thu, 01 Dec 2022 22:33:19 GMT",
        "ETag": "\u00228C0635EDF392F40B2EBADEBA5A93EEB933D72E404FED0F81AF6F05FB8C03EF01\u0022",
        "Set-Cookie": [
          "ARRAffinity=5be4f6076895b28fe7622c56a3f9d12283381141aea24a194955ebb0cccaaba9;Path=/;HttpOnly;Secure;Domain=mtbatch.nam.microsofttranslator.com",
          "ARRAffinitySameSite=5be4f6076895b28fe7622c56a3f9d12283381141aea24a194955ebb0cccaaba9;Path=/;HttpOnly;SameSite=None;Secure;Domain=mtbatch.nam.microsofttranslator.com"
        ],
        "Strict-Transport-Security": "max-age=31536000; includeSubDomains; preload",
        "Transfer-Encoding": "chunked",
        "Vary": "Accept-Encoding",
        "X-Content-Type-Options": "nosniff",
        "x-ms-region": "West US 2",
        "X-Powered-By": "ASP.NET",
        "X-RequestId": "3818bdbd-65a0-4560-8dca-33fd8f7f2054"
      },
      "ResponseBody": {
        "id": "e5e4a175-2436-427e-a23a-d25636c1c3fb",
        "createdDateTimeUtc": "2022-12-01T22:33:13.7811201Z",
        "lastActionDateTimeUtc": "2022-12-01T22:33:18.8785491Z",
        "status": "Running",
        "summary": {
          "total": 5,
          "failed": 0,
          "success": 4,
          "inProgress": 1,
          "notYetStarted": 0,
          "cancelled": 0,
          "totalCharacterCharged": 108
        }
      }
    },
    {
      "RequestUri": "https://fakeendpoint.cognitiveservices.azure.com/translator/text/batch/v1.0/batches/e5e4a175-2436-427e-a23a-d25636c1c3fb",
      "RequestMethod": "GET",
      "RequestHeaders": {
        "Accept": "*/*",
        "Accept-Encoding": "gzip, deflate",
        "Connection": "keep-alive",
        "User-Agent": "azsdk-python-ai-translation-document/1.0.1 Python/3.10.0 (Windows-10-10.0.22621-SP0)"
      },
      "RequestBody": null,
      "StatusCode": 200,
      "ResponseHeaders": {
        "Age": "0",
        "apim-request-id": "e1ecfbc5-3b58-42e8-8b5e-0db80bcc6728",
        "Cache-Control": "public, max-age=1",
        "Content-Encoding": "gzip",
        "Content-Type": "application/json; charset=utf-8",
        "Date": "Thu, 01 Dec 2022 22:33:19 GMT",
        "ETag": "\u00228C0635EDF392F40B2EBADEBA5A93EEB933D72E404FED0F81AF6F05FB8C03EF01\u0022",
        "Set-Cookie": [
          "ARRAffinity=26748e6e05c4da09a11d06730f2d1580980c43bf805ec60ac6528961fdf209ed;Path=/;HttpOnly;Secure;Domain=mtbatch.nam.microsofttranslator.com",
          "ARRAffinitySameSite=26748e6e05c4da09a11d06730f2d1580980c43bf805ec60ac6528961fdf209ed;Path=/;HttpOnly;SameSite=None;Secure;Domain=mtbatch.nam.microsofttranslator.com"
        ],
        "Strict-Transport-Security": "max-age=31536000; includeSubDomains; preload",
        "Transfer-Encoding": "chunked",
        "Vary": "Accept-Encoding",
        "X-Content-Type-Options": "nosniff",
        "x-ms-region": "West US 2",
        "X-Powered-By": "ASP.NET",
        "X-RequestId": "cbfc82e0-eed8-469b-9038-c7d33b3bc2f2"
      },
      "ResponseBody": {
        "id": "e5e4a175-2436-427e-a23a-d25636c1c3fb",
        "createdDateTimeUtc": "2022-12-01T22:33:13.7811201Z",
        "lastActionDateTimeUtc": "2022-12-01T22:33:18.8785491Z",
        "status": "Running",
        "summary": {
          "total": 5,
          "failed": 0,
          "success": 4,
          "inProgress": 1,
          "notYetStarted": 0,
          "cancelled": 0,
          "totalCharacterCharged": 108
        }
      }
    },
    {
      "RequestUri": "https://fakeendpoint.cognitiveservices.azure.com/translator/text/batch/v1.0/batches/e5e4a175-2436-427e-a23a-d25636c1c3fb",
      "RequestMethod": "GET",
      "RequestHeaders": {
        "Accept": "*/*",
        "Accept-Encoding": "gzip, deflate",
        "Connection": "keep-alive",
        "User-Agent": "azsdk-python-ai-translation-document/1.0.1 Python/3.10.0 (Windows-10-10.0.22621-SP0)"
      },
      "RequestBody": null,
      "StatusCode": 200,
      "ResponseHeaders": {
        "Age": "0",
        "apim-request-id": "4b3a7efd-a759-45ed-9c99-d5aeb97c39a6",
        "Cache-Control": "public, max-age=1",
        "Content-Encoding": "gzip",
        "Content-Type": "application/json; charset=utf-8",
        "Date": "Thu, 01 Dec 2022 22:33:19 GMT",
        "ETag": "\u00228C0635EDF392F40B2EBADEBA5A93EEB933D72E404FED0F81AF6F05FB8C03EF01\u0022",
        "Set-Cookie": [
          "ARRAffinity=5be4f6076895b28fe7622c56a3f9d12283381141aea24a194955ebb0cccaaba9;Path=/;HttpOnly;Secure;Domain=mtbatch.nam.microsofttranslator.com",
          "ARRAffinitySameSite=5be4f6076895b28fe7622c56a3f9d12283381141aea24a194955ebb0cccaaba9;Path=/;HttpOnly;SameSite=None;Secure;Domain=mtbatch.nam.microsofttranslator.com"
        ],
        "Strict-Transport-Security": "max-age=31536000; includeSubDomains; preload",
        "Transfer-Encoding": "chunked",
        "Vary": "Accept-Encoding",
        "X-Content-Type-Options": "nosniff",
        "x-ms-region": "West US 2",
        "X-Powered-By": "ASP.NET",
        "X-RequestId": "3818bdbd-65a0-4560-8dca-33fd8f7f2054"
      },
      "ResponseBody": {
        "id": "e5e4a175-2436-427e-a23a-d25636c1c3fb",
        "createdDateTimeUtc": "2022-12-01T22:33:13.7811201Z",
        "lastActionDateTimeUtc": "2022-12-01T22:33:18.8785491Z",
        "status": "Running",
        "summary": {
          "total": 5,
          "failed": 0,
          "success": 4,
          "inProgress": 1,
          "notYetStarted": 0,
          "cancelled": 0,
          "totalCharacterCharged": 108
        }
      }
    },
    {
      "RequestUri": "https://fakeendpoint.cognitiveservices.azure.com/translator/text/batch/v1.0/batches/e5e4a175-2436-427e-a23a-d25636c1c3fb",
      "RequestMethod": "GET",
      "RequestHeaders": {
        "Accept": "*/*",
        "Accept-Encoding": "gzip, deflate",
        "Connection": "keep-alive",
        "User-Agent": "azsdk-python-ai-translation-document/1.0.1 Python/3.10.0 (Windows-10-10.0.22621-SP0)"
      },
      "RequestBody": null,
      "StatusCode": 200,
      "ResponseHeaders": {
        "Age": "0",
        "apim-request-id": "38b8bb1c-d91d-4bc2-b1dc-3fb5ba403598",
        "Cache-Control": "public, max-age=1",
        "Content-Encoding": "gzip",
        "Content-Type": "application/json; charset=utf-8",
        "Date": "Thu, 01 Dec 2022 22:33:19 GMT",
        "ETag": "\u00228C0635EDF392F40B2EBADEBA5A93EEB933D72E404FED0F81AF6F05FB8C03EF01\u0022",
        "Set-Cookie": [
          "ARRAffinity=26748e6e05c4da09a11d06730f2d1580980c43bf805ec60ac6528961fdf209ed;Path=/;HttpOnly;Secure;Domain=mtbatch.nam.microsofttranslator.com",
          "ARRAffinitySameSite=26748e6e05c4da09a11d06730f2d1580980c43bf805ec60ac6528961fdf209ed;Path=/;HttpOnly;SameSite=None;Secure;Domain=mtbatch.nam.microsofttranslator.com"
        ],
        "Strict-Transport-Security": "max-age=31536000; includeSubDomains; preload",
        "Transfer-Encoding": "chunked",
        "Vary": "Accept-Encoding",
        "X-Content-Type-Options": "nosniff",
        "x-ms-region": "West US 2",
        "X-Powered-By": "ASP.NET",
        "X-RequestId": "cbfc82e0-eed8-469b-9038-c7d33b3bc2f2"
      },
      "ResponseBody": {
        "id": "e5e4a175-2436-427e-a23a-d25636c1c3fb",
        "createdDateTimeUtc": "2022-12-01T22:33:13.7811201Z",
        "lastActionDateTimeUtc": "2022-12-01T22:33:18.8785491Z",
        "status": "Running",
        "summary": {
          "total": 5,
          "failed": 0,
          "success": 4,
          "inProgress": 1,
          "notYetStarted": 0,
          "cancelled": 0,
          "totalCharacterCharged": 108
        }
      }
    },
    {
      "RequestUri": "https://fakeendpoint.cognitiveservices.azure.com/translator/text/batch/v1.0/batches/e5e4a175-2436-427e-a23a-d25636c1c3fb",
      "RequestMethod": "GET",
      "RequestHeaders": {
        "Accept": "*/*",
        "Accept-Encoding": "gzip, deflate",
        "Connection": "keep-alive",
        "User-Agent": "azsdk-python-ai-translation-document/1.0.1 Python/3.10.0 (Windows-10-10.0.22621-SP0)"
      },
      "RequestBody": null,
      "StatusCode": 200,
      "ResponseHeaders": {
        "Age": "0",
        "apim-request-id": "d537d19b-a809-420a-aed7-5393fc8bb3e6",
        "Cache-Control": "public, max-age=1",
        "Content-Encoding": "gzip",
        "Content-Type": "application/json; charset=utf-8",
        "Date": "Thu, 01 Dec 2022 22:33:19 GMT",
        "ETag": "\u00228C0635EDF392F40B2EBADEBA5A93EEB933D72E404FED0F81AF6F05FB8C03EF01\u0022",
        "Set-Cookie": [
          "ARRAffinity=5be4f6076895b28fe7622c56a3f9d12283381141aea24a194955ebb0cccaaba9;Path=/;HttpOnly;Secure;Domain=mtbatch.nam.microsofttranslator.com",
          "ARRAffinitySameSite=5be4f6076895b28fe7622c56a3f9d12283381141aea24a194955ebb0cccaaba9;Path=/;HttpOnly;SameSite=None;Secure;Domain=mtbatch.nam.microsofttranslator.com"
        ],
        "Strict-Transport-Security": "max-age=31536000; includeSubDomains; preload",
        "Transfer-Encoding": "chunked",
        "Vary": "Accept-Encoding",
        "X-Content-Type-Options": "nosniff",
        "x-ms-region": "West US 2",
        "X-Powered-By": "ASP.NET",
        "X-RequestId": "3818bdbd-65a0-4560-8dca-33fd8f7f2054"
      },
      "ResponseBody": {
        "id": "e5e4a175-2436-427e-a23a-d25636c1c3fb",
        "createdDateTimeUtc": "2022-12-01T22:33:13.7811201Z",
        "lastActionDateTimeUtc": "2022-12-01T22:33:18.8785491Z",
        "status": "Running",
        "summary": {
          "total": 5,
          "failed": 0,
          "success": 4,
          "inProgress": 1,
          "notYetStarted": 0,
          "cancelled": 0,
          "totalCharacterCharged": 108
        }
      }
    },
    {
      "RequestUri": "https://fakeendpoint.cognitiveservices.azure.com/translator/text/batch/v1.0/batches/e5e4a175-2436-427e-a23a-d25636c1c3fb",
      "RequestMethod": "GET",
      "RequestHeaders": {
        "Accept": "*/*",
        "Accept-Encoding": "gzip, deflate",
        "Connection": "keep-alive",
        "User-Agent": "azsdk-python-ai-translation-document/1.0.1 Python/3.10.0 (Windows-10-10.0.22621-SP0)"
      },
      "RequestBody": null,
      "StatusCode": 200,
      "ResponseHeaders": {
        "Age": "0",
        "apim-request-id": "ea0d4368-75cd-48cb-8ca6-64e30794085c",
        "Cache-Control": "public, max-age=1",
        "Content-Encoding": "gzip",
        "Content-Type": "application/json; charset=utf-8",
        "Date": "Thu, 01 Dec 2022 22:33:19 GMT",
        "ETag": "\u00228C0635EDF392F40B2EBADEBA5A93EEB933D72E404FED0F81AF6F05FB8C03EF01\u0022",
        "Set-Cookie": [
          "ARRAffinity=26748e6e05c4da09a11d06730f2d1580980c43bf805ec60ac6528961fdf209ed;Path=/;HttpOnly;Secure;Domain=mtbatch.nam.microsofttranslator.com",
          "ARRAffinitySameSite=26748e6e05c4da09a11d06730f2d1580980c43bf805ec60ac6528961fdf209ed;Path=/;HttpOnly;SameSite=None;Secure;Domain=mtbatch.nam.microsofttranslator.com"
        ],
        "Strict-Transport-Security": "max-age=31536000; includeSubDomains; preload",
        "Transfer-Encoding": "chunked",
        "Vary": "Accept-Encoding",
        "X-Content-Type-Options": "nosniff",
        "x-ms-region": "West US 2",
        "X-Powered-By": "ASP.NET",
        "X-RequestId": "cbfc82e0-eed8-469b-9038-c7d33b3bc2f2"
      },
      "ResponseBody": {
        "id": "e5e4a175-2436-427e-a23a-d25636c1c3fb",
        "createdDateTimeUtc": "2022-12-01T22:33:13.7811201Z",
        "lastActionDateTimeUtc": "2022-12-01T22:33:18.8785491Z",
        "status": "Running",
        "summary": {
          "total": 5,
          "failed": 0,
          "success": 4,
          "inProgress": 1,
          "notYetStarted": 0,
          "cancelled": 0,
          "totalCharacterCharged": 108
        }
      }
    },
    {
      "RequestUri": "https://fakeendpoint.cognitiveservices.azure.com/translator/text/batch/v1.0/batches/e5e4a175-2436-427e-a23a-d25636c1c3fb",
      "RequestMethod": "GET",
      "RequestHeaders": {
        "Accept": "*/*",
        "Accept-Encoding": "gzip, deflate",
        "Connection": "keep-alive",
        "User-Agent": "azsdk-python-ai-translation-document/1.0.1 Python/3.10.0 (Windows-10-10.0.22621-SP0)"
      },
      "RequestBody": null,
      "StatusCode": 200,
      "ResponseHeaders": {
        "Age": "0",
        "apim-request-id": "5d96cb15-7461-4683-a510-d0274b6e160b",
        "Cache-Control": "public, max-age=1",
        "Content-Encoding": "gzip",
        "Content-Type": "application/json; charset=utf-8",
        "Date": "Thu, 01 Dec 2022 22:33:19 GMT",
        "ETag": "\u00228C0635EDF392F40B2EBADEBA5A93EEB933D72E404FED0F81AF6F05FB8C03EF01\u0022",
        "Set-Cookie": [
          "ARRAffinity=5be4f6076895b28fe7622c56a3f9d12283381141aea24a194955ebb0cccaaba9;Path=/;HttpOnly;Secure;Domain=mtbatch.nam.microsofttranslator.com",
          "ARRAffinitySameSite=5be4f6076895b28fe7622c56a3f9d12283381141aea24a194955ebb0cccaaba9;Path=/;HttpOnly;SameSite=None;Secure;Domain=mtbatch.nam.microsofttranslator.com"
        ],
        "Strict-Transport-Security": "max-age=31536000; includeSubDomains; preload",
        "Transfer-Encoding": "chunked",
        "Vary": "Accept-Encoding",
        "X-Content-Type-Options": "nosniff",
        "x-ms-region": "West US 2",
        "X-Powered-By": "ASP.NET",
        "X-RequestId": "3818bdbd-65a0-4560-8dca-33fd8f7f2054"
      },
      "ResponseBody": {
        "id": "e5e4a175-2436-427e-a23a-d25636c1c3fb",
        "createdDateTimeUtc": "2022-12-01T22:33:13.7811201Z",
        "lastActionDateTimeUtc": "2022-12-01T22:33:18.8785491Z",
        "status": "Running",
        "summary": {
          "total": 5,
          "failed": 0,
          "success": 4,
          "inProgress": 1,
          "notYetStarted": 0,
          "cancelled": 0,
          "totalCharacterCharged": 108
        }
      }
    },
    {
      "RequestUri": "https://fakeendpoint.cognitiveservices.azure.com/translator/text/batch/v1.0/batches/e5e4a175-2436-427e-a23a-d25636c1c3fb",
      "RequestMethod": "GET",
      "RequestHeaders": {
        "Accept": "*/*",
        "Accept-Encoding": "gzip, deflate",
        "Connection": "keep-alive",
        "User-Agent": "azsdk-python-ai-translation-document/1.0.1 Python/3.10.0 (Windows-10-10.0.22621-SP0)"
      },
      "RequestBody": null,
      "StatusCode": 200,
      "ResponseHeaders": {
        "Age": "0",
        "apim-request-id": "24ea4d99-2057-4a10-9b64-0a1e0a74c492",
        "Cache-Control": "public, max-age=1",
        "Content-Encoding": "gzip",
        "Content-Type": "application/json; charset=utf-8",
        "Date": "Thu, 01 Dec 2022 22:33:19 GMT",
        "ETag": "\u00228C0635EDF392F40B2EBADEBA5A93EEB933D72E404FED0F81AF6F05FB8C03EF01\u0022",
        "Set-Cookie": [
          "ARRAffinity=26748e6e05c4da09a11d06730f2d1580980c43bf805ec60ac6528961fdf209ed;Path=/;HttpOnly;Secure;Domain=mtbatch.nam.microsofttranslator.com",
          "ARRAffinitySameSite=26748e6e05c4da09a11d06730f2d1580980c43bf805ec60ac6528961fdf209ed;Path=/;HttpOnly;SameSite=None;Secure;Domain=mtbatch.nam.microsofttranslator.com"
        ],
        "Strict-Transport-Security": "max-age=31536000; includeSubDomains; preload",
        "Transfer-Encoding": "chunked",
        "Vary": "Accept-Encoding",
        "X-Content-Type-Options": "nosniff",
        "x-ms-region": "West US 2",
        "X-Powered-By": "ASP.NET",
        "X-RequestId": "cbfc82e0-eed8-469b-9038-c7d33b3bc2f2"
      },
      "ResponseBody": {
        "id": "e5e4a175-2436-427e-a23a-d25636c1c3fb",
        "createdDateTimeUtc": "2022-12-01T22:33:13.7811201Z",
        "lastActionDateTimeUtc": "2022-12-01T22:33:18.8785491Z",
        "status": "Running",
        "summary": {
          "total": 5,
          "failed": 0,
          "success": 4,
          "inProgress": 1,
          "notYetStarted": 0,
          "cancelled": 0,
          "totalCharacterCharged": 108
        }
      }
    },
    {
      "RequestUri": "https://fakeendpoint.cognitiveservices.azure.com/translator/text/batch/v1.0/batches/e5e4a175-2436-427e-a23a-d25636c1c3fb",
      "RequestMethod": "GET",
      "RequestHeaders": {
        "Accept": "*/*",
        "Accept-Encoding": "gzip, deflate",
        "Connection": "keep-alive",
        "User-Agent": "azsdk-python-ai-translation-document/1.0.1 Python/3.10.0 (Windows-10-10.0.22621-SP0)"
      },
      "RequestBody": null,
      "StatusCode": 200,
      "ResponseHeaders": {
        "Age": "0",
        "apim-request-id": "b873863a-fb14-416d-b785-c901ec4630c0",
        "Cache-Control": "public, max-age=1",
        "Content-Encoding": "gzip",
        "Content-Type": "application/json; charset=utf-8",
        "Date": "Thu, 01 Dec 2022 22:33:19 GMT",
        "ETag": "\u00228C0635EDF392F40B2EBADEBA5A93EEB933D72E404FED0F81AF6F05FB8C03EF01\u0022",
        "Set-Cookie": [
          "ARRAffinity=5be4f6076895b28fe7622c56a3f9d12283381141aea24a194955ebb0cccaaba9;Path=/;HttpOnly;Secure;Domain=mtbatch.nam.microsofttranslator.com",
          "ARRAffinitySameSite=5be4f6076895b28fe7622c56a3f9d12283381141aea24a194955ebb0cccaaba9;Path=/;HttpOnly;SameSite=None;Secure;Domain=mtbatch.nam.microsofttranslator.com"
        ],
        "Strict-Transport-Security": "max-age=31536000; includeSubDomains; preload",
        "Transfer-Encoding": "chunked",
        "Vary": "Accept-Encoding",
        "X-Content-Type-Options": "nosniff",
        "x-ms-region": "West US 2",
        "X-Powered-By": "ASP.NET",
        "X-RequestId": "3818bdbd-65a0-4560-8dca-33fd8f7f2054"
      },
      "ResponseBody": {
        "id": "e5e4a175-2436-427e-a23a-d25636c1c3fb",
        "createdDateTimeUtc": "2022-12-01T22:33:13.7811201Z",
        "lastActionDateTimeUtc": "2022-12-01T22:33:18.8785491Z",
        "status": "Running",
        "summary": {
          "total": 5,
          "failed": 0,
          "success": 4,
          "inProgress": 1,
          "notYetStarted": 0,
          "cancelled": 0,
          "totalCharacterCharged": 108
        }
      }
    },
    {
      "RequestUri": "https://fakeendpoint.cognitiveservices.azure.com/translator/text/batch/v1.0/batches/e5e4a175-2436-427e-a23a-d25636c1c3fb",
      "RequestMethod": "GET",
      "RequestHeaders": {
        "Accept": "*/*",
        "Accept-Encoding": "gzip, deflate",
        "Connection": "keep-alive",
        "User-Agent": "azsdk-python-ai-translation-document/1.0.1 Python/3.10.0 (Windows-10-10.0.22621-SP0)"
      },
      "RequestBody": null,
      "StatusCode": 200,
      "ResponseHeaders": {
        "apim-request-id": "4332e0bb-cca1-44e7-840c-90532a758982",
        "Cache-Control": "public, max-age=1",
        "Content-Encoding": "gzip",
        "Content-Type": "application/json; charset=utf-8",
        "Date": "Thu, 01 Dec 2022 22:33:19 GMT",
        "ETag": "\u0022EFA6E07A887D5CC33C2D43D14A3495A84ABE763CE1307BD3B61B825426A13247\u0022",
        "Set-Cookie": [
          "ARRAffinity=26748e6e05c4da09a11d06730f2d1580980c43bf805ec60ac6528961fdf209ed;Path=/;HttpOnly;Secure;Domain=mtbatch.nam.microsofttranslator.com",
          "ARRAffinitySameSite=26748e6e05c4da09a11d06730f2d1580980c43bf805ec60ac6528961fdf209ed;Path=/;HttpOnly;SameSite=None;Secure;Domain=mtbatch.nam.microsofttranslator.com"
        ],
        "Strict-Transport-Security": "max-age=31536000; includeSubDomains; preload",
        "Transfer-Encoding": "chunked",
        "Vary": "Accept-Encoding",
        "X-Content-Type-Options": "nosniff",
        "x-ms-region": "West US 2",
        "X-Powered-By": "ASP.NET",
        "X-RequestId": "4332e0bb-cca1-44e7-840c-90532a758982"
      },
      "ResponseBody": {
        "id": "e5e4a175-2436-427e-a23a-d25636c1c3fb",
        "createdDateTimeUtc": "2022-12-01T22:33:13.7811201Z",
        "lastActionDateTimeUtc": "2022-12-01T22:33:18.8785491Z",
        "status": "Succeeded",
        "summary": {
          "total": 5,
          "failed": 0,
          "success": 5,
          "inProgress": 0,
          "notYetStarted": 0,
          "cancelled": 0,
          "totalCharacterCharged": 135
        }
      }
    },
    {
      "RequestUri": "https://fakeendpoint.cognitiveservices.azure.com/translator/text/batch/v1.0/batches/e5e4a175-2436-427e-a23a-d25636c1c3fb/documents",
      "RequestMethod": "GET",
      "RequestHeaders": {
        "Accept": "application/json",
        "Accept-Encoding": "gzip, deflate",
        "Connection": "keep-alive",
        "User-Agent": "azsdk-python-ai-translation-document/1.0.1 Python/3.10.0 (Windows-10-10.0.22621-SP0)"
      },
      "RequestBody": null,
      "StatusCode": 200,
      "ResponseHeaders": {
        "apim-request-id": "7a3dee3b-1b96-46a3-aef7-8a610beb0dfa",
        "Cache-Control": "public, max-age=1",
        "Content-Encoding": "gzip",
        "Content-Type": "application/json; charset=utf-8",
        "Date": "Thu, 01 Dec 2022 22:33:19 GMT",
        "ETag": "\u002230AB0A35D04D5DB8C145FFCC0327F0B19A6F53EC71C8492E80A39D6C1E329226\u0022",
        "Set-Cookie": [
          "ARRAffinity=5be4f6076895b28fe7622c56a3f9d12283381141aea24a194955ebb0cccaaba9;Path=/;HttpOnly;Secure;Domain=mtbatch.nam.microsofttranslator.com",
          "ARRAffinitySameSite=5be4f6076895b28fe7622c56a3f9d12283381141aea24a194955ebb0cccaaba9;Path=/;HttpOnly;SameSite=None;Secure;Domain=mtbatch.nam.microsofttranslator.com"
        ],
        "Strict-Transport-Security": "max-age=31536000; includeSubDomains; preload",
        "Transfer-Encoding": "chunked",
        "Vary": "Accept-Encoding",
        "X-Content-Type-Options": "nosniff",
        "x-ms-region": "West US 2",
        "X-Powered-By": "ASP.NET",
        "X-RequestId": "7a3dee3b-1b96-46a3-aef7-8a610beb0dfa"
      },
      "ResponseBody": {
        "value": [
          {
            "path": "https://fakeendpoint.blob.core.windows.net/targetaf56d7b7-bf4c-47f8-bcc7-9607529eb6db/f132da41-352c-4269-98a1-df427a1fb653.txt",
            "sourcePath": "https://fakeendpoint.blob.core.windows.net/src43084ea7-f519-4eb0-9597-3d67388279cc/f132da41-352c-4269-98a1-df427a1fb653.txt",
            "createdDateTimeUtc": "2022-12-01T22:33:16.6733492Z",
            "lastActionDateTimeUtc": "2022-12-01T22:33:19.8109021Z",
            "status": "Succeeded",
            "to": "es",
            "progress": 1,
            "id": "005b30fa-0000-0000-0000-000000000000",
            "characterCharged": 27
          },
          {
            "path": "https://fakeendpoint.blob.core.windows.net/targetaf56d7b7-bf4c-47f8-bcc7-9607529eb6db/2d558b9e-8505-4884-b226-3a9a3147b9c6.txt",
            "sourcePath": "https://fakeendpoint.blob.core.windows.net/src43084ea7-f519-4eb0-9597-3d67388279cc/2d558b9e-8505-4884-b226-3a9a3147b9c6.txt",
            "createdDateTimeUtc": "2022-12-01T22:33:16.3239802Z",
            "lastActionDateTimeUtc": "2022-12-01T22:33:18.8506845Z",
            "status": "Succeeded",
            "to": "es",
            "progress": 1,
            "id": "005b30f6-0000-0000-0000-000000000000",
            "characterCharged": 27
          },
          {
            "path": "https://fakeendpoint.blob.core.windows.net/targetaf56d7b7-bf4c-47f8-bcc7-9607529eb6db/c4275d5e-faaf-46b9-9ac5-10b6ae9da6cc.txt",
            "sourcePath": "https://fakeendpoint.blob.core.windows.net/src43084ea7-f519-4eb0-9597-3d67388279cc/c4275d5e-faaf-46b9-9ac5-10b6ae9da6cc.txt",
            "createdDateTimeUtc": "2022-12-01T22:33:16.3174123Z",
            "lastActionDateTimeUtc": "2022-12-01T22:33:18.8467374Z",
            "status": "Succeeded",
            "to": "es",
            "progress": 1,
            "id": "005b30f9-0000-0000-0000-000000000000",
            "characterCharged": 27
          },
          {
            "path": "https://fakeendpoint.blob.core.windows.net/targetaf56d7b7-bf4c-47f8-bcc7-9607529eb6db/b87bd26f-8053-4c67-a0ce-8267fcb39aae.txt",
            "sourcePath": "https://fakeendpoint.blob.core.windows.net/src43084ea7-f519-4eb0-9597-3d67388279cc/b87bd26f-8053-4c67-a0ce-8267fcb39aae.txt",
            "createdDateTimeUtc": "2022-12-01T22:33:16.3057951Z",
            "lastActionDateTimeUtc": "2022-12-01T22:33:18.8123754Z",
            "status": "Succeeded",
            "to": "es",
            "progress": 1,
            "id": "005b30f8-0000-0000-0000-000000000000",
            "characterCharged": 27
          },
          {
            "path": "https://fakeendpoint.blob.core.windows.net/targetaf56d7b7-bf4c-47f8-bcc7-9607529eb6db/b6c27a53-ec83-49da-82a5-5256d51e76ff.txt",
            "sourcePath": "https://fakeendpoint.blob.core.windows.net/src43084ea7-f519-4eb0-9597-3d67388279cc/b6c27a53-ec83-49da-82a5-5256d51e76ff.txt",
            "createdDateTimeUtc": "2022-12-01T22:33:16.2965127Z",
            "lastActionDateTimeUtc": "2022-12-01T22:33:18.878545Z",
            "status": "Succeeded",
            "to": "es",
            "progress": 1,
            "id": "005b30f7-0000-0000-0000-000000000000",
            "characterCharged": 27
          }
        ]
      }
    },
    {
      "RequestUri": "https://fakeendpoint.cognitiveservices.azure.com/translator/text/batch/v1.0/batches/e5e4a175-2436-427e-a23a-d25636c1c3fb/documents?$orderBy=createdDateTimeUtc%20asc",
      "RequestMethod": "GET",
      "RequestHeaders": {
        "Accept": "application/json",
        "Accept-Encoding": "gzip, deflate",
        "Connection": "keep-alive",
        "User-Agent": "azsdk-python-ai-translation-document/1.0.1 Python/3.10.0 (Windows-10-10.0.22621-SP0)"
      },
      "RequestBody": null,
      "StatusCode": 200,
      "ResponseHeaders": {
        "apim-request-id": "7478ac23-272c-4694-bf61-98886f4fec58",
        "Cache-Control": "public, max-age=1",
        "Content-Encoding": "gzip",
        "Content-Type": "application/json; charset=utf-8",
        "Date": "Thu, 01 Dec 2022 22:33:20 GMT",
        "ETag": "\u002287CA3998825684207511482580781C762677CB11464B39FBC70AADFD34D544C4\u0022",
        "Set-Cookie": [
          "ARRAffinity=26748e6e05c4da09a11d06730f2d1580980c43bf805ec60ac6528961fdf209ed;Path=/;HttpOnly;Secure;Domain=mtbatch.nam.microsofttranslator.com",
          "ARRAffinitySameSite=26748e6e05c4da09a11d06730f2d1580980c43bf805ec60ac6528961fdf209ed;Path=/;HttpOnly;SameSite=None;Secure;Domain=mtbatch.nam.microsofttranslator.com"
        ],
        "Strict-Transport-Security": "max-age=31536000; includeSubDomains; preload",
        "Transfer-Encoding": "chunked",
        "Vary": "Accept-Encoding",
        "X-Content-Type-Options": "nosniff",
        "x-ms-region": "West US 2",
        "X-Powered-By": "ASP.NET",
        "X-RequestId": "7478ac23-272c-4694-bf61-98886f4fec58"
      },
      "ResponseBody": {
        "value": [
          {
            "path": "https://fakeendpoint.blob.core.windows.net/targetaf56d7b7-bf4c-47f8-bcc7-9607529eb6db/b6c27a53-ec83-49da-82a5-5256d51e76ff.txt",
            "sourcePath": "https://fakeendpoint.blob.core.windows.net/src43084ea7-f519-4eb0-9597-3d67388279cc/b6c27a53-ec83-49da-82a5-5256d51e76ff.txt",
            "createdDateTimeUtc": "2022-12-01T22:33:16.2965127Z",
            "lastActionDateTimeUtc": "2022-12-01T22:33:18.878545Z",
            "status": "Succeeded",
            "to": "es",
            "progress": 1,
            "id": "005b30f7-0000-0000-0000-000000000000",
            "characterCharged": 27
          },
          {
            "path": "https://fakeendpoint.blob.core.windows.net/targetaf56d7b7-bf4c-47f8-bcc7-9607529eb6db/b87bd26f-8053-4c67-a0ce-8267fcb39aae.txt",
            "sourcePath": "https://fakeendpoint.blob.core.windows.net/src43084ea7-f519-4eb0-9597-3d67388279cc/b87bd26f-8053-4c67-a0ce-8267fcb39aae.txt",
            "createdDateTimeUtc": "2022-12-01T22:33:16.3057951Z",
            "lastActionDateTimeUtc": "2022-12-01T22:33:18.8123754Z",
            "status": "Succeeded",
            "to": "es",
            "progress": 1,
            "id": "005b30f8-0000-0000-0000-000000000000",
            "characterCharged": 27
          },
          {
            "path": "https://fakeendpoint.blob.core.windows.net/targetaf56d7b7-bf4c-47f8-bcc7-9607529eb6db/c4275d5e-faaf-46b9-9ac5-10b6ae9da6cc.txt",
            "sourcePath": "https://fakeendpoint.blob.core.windows.net/src43084ea7-f519-4eb0-9597-3d67388279cc/c4275d5e-faaf-46b9-9ac5-10b6ae9da6cc.txt",
            "createdDateTimeUtc": "2022-12-01T22:33:16.3174123Z",
            "lastActionDateTimeUtc": "2022-12-01T22:33:18.8467374Z",
            "status": "Succeeded",
            "to": "es",
            "progress": 1,
            "id": "005b30f9-0000-0000-0000-000000000000",
            "characterCharged": 27
          },
          {
            "path": "https://fakeendpoint.blob.core.windows.net/targetaf56d7b7-bf4c-47f8-bcc7-9607529eb6db/2d558b9e-8505-4884-b226-3a9a3147b9c6.txt",
            "sourcePath": "https://fakeendpoint.blob.core.windows.net/src43084ea7-f519-4eb0-9597-3d67388279cc/2d558b9e-8505-4884-b226-3a9a3147b9c6.txt",
            "createdDateTimeUtc": "2022-12-01T22:33:16.3239802Z",
            "lastActionDateTimeUtc": "2022-12-01T22:33:18.8506845Z",
            "status": "Succeeded",
            "to": "es",
            "progress": 1,
            "id": "005b30f6-0000-0000-0000-000000000000",
            "characterCharged": 27
          },
          {
            "path": "https://fakeendpoint.blob.core.windows.net/targetaf56d7b7-bf4c-47f8-bcc7-9607529eb6db/f132da41-352c-4269-98a1-df427a1fb653.txt",
            "sourcePath": "https://fakeendpoint.blob.core.windows.net/src43084ea7-f519-4eb0-9597-3d67388279cc/f132da41-352c-4269-98a1-df427a1fb653.txt",
            "createdDateTimeUtc": "2022-12-01T22:33:16.6733492Z",
            "lastActionDateTimeUtc": "2022-12-01T22:33:19.8109021Z",
            "status": "Succeeded",
            "to": "es",
            "progress": 1,
            "id": "005b30fa-0000-0000-0000-000000000000",
            "characterCharged": 27
          }
        ]
      }
    }
  ],
  "Variables": {
    "source_container_name": "src43084ea7-f519-4eb0-9597-3d67388279cc",
    "target_container_name": "targetaf56d7b7-bf4c-47f8-bcc7-9607529eb6db"
  }
}
