{
  "Entries": [
    {
      "RequestUri": "https://fakeendpoint.blob.core.windows.net/src5e3cb525-e85b-4ce2-baff-26b268a7d82d?restype=container",
      "RequestMethod": "PUT",
      "RequestHeaders": {
        "Accept": "application/xml",
        "Accept-Encoding": "gzip, deflate",
        "Authorization": "Sanitized",
        "Connection": "keep-alive",
        "Content-Length": "0",
        "User-Agent": "azsdk-python-storage-blob/12.10.0b2 Python/3.10.0 (Windows-10-10.0.22000-SP0)",
        "x-ms-client-request-id": "9681520b-5d59-11ec-89f0-b831b58100e8",
        "x-ms-date": "Wed, 15 Dec 2021 03:46:30 GMT",
        "x-ms-version": "2021-02-12"
      },
      "RequestBody": null,
      "StatusCode": 201,
      "ResponseHeaders": {
        "Content-Length": "0",
        "Date": "Wed, 15 Dec 2021 03:46:29 GMT",
        "ETag": "\u00220x8D9BF7D7ABA5981\u0022",
        "Last-Modified": "Wed, 15 Dec 2021 03:46:30 GMT",
        "Server": [
          "Windows-Azure-Blob/1.0",
          "Microsoft-HTTPAPI/2.0"
        ],
        "x-ms-client-request-id": "9681520b-5d59-11ec-89f0-b831b58100e8",
        "x-ms-request-id": "2a22ab73-101e-000d-2f66-f1fcc0000000",
        "x-ms-version": "2021-02-12"
      },
      "ResponseBody": null
    },
    {
      "RequestUri": "https://fakeendpoint.blob.core.windows.net/src5e3cb525-e85b-4ce2-baff-26b268a7d82d/57871ec4-1913-45f7-a37e-bac81cec63c6.txt",
      "RequestMethod": "PUT",
      "RequestHeaders": {
        "Accept": "application/xml",
        "Accept-Encoding": "gzip, deflate",
        "Authorization": "Sanitized",
        "Connection": "keep-alive",
        "Content-Length": "17",
        "Content-Type": "application/octet-stream",
        "If-None-Match": "*",
        "User-Agent": "azsdk-python-storage-blob/12.10.0b2 Python/3.10.0 (Windows-10-10.0.22000-SP0)",
        "x-ms-blob-type": "BlockBlob",
        "x-ms-client-request-id": "968c678c-5d59-11ec-a843-b831b58100e8",
        "x-ms-date": "Wed, 15 Dec 2021 03:46:30 GMT",
        "x-ms-version": "2021-02-12"
      },
      "RequestBody": "VGhpcyBpcyBzb21lIHRleHQ=",
      "StatusCode": 201,
      "ResponseHeaders": {
        "Content-Length": "0",
        "Content-MD5": "lyFPYyJLwenMTaN3qtznxw==",
        "Date": "Wed, 15 Dec 2021 03:46:29 GMT",
        "ETag": "\u00220x8D9BF7D7AC14EBC\u0022",
        "Last-Modified": "Wed, 15 Dec 2021 03:46:30 GMT",
        "Server": [
          "Windows-Azure-Blob/1.0",
          "Microsoft-HTTPAPI/2.0"
        ],
        "x-ms-client-request-id": "968c678c-5d59-11ec-a843-b831b58100e8",
        "x-ms-content-crc64": "SqmNKeH10UQ=",
        "x-ms-request-id": "2a22abc1-101e-000d-7766-f1fcc0000000",
        "x-ms-request-server-encrypted": "true",
        "x-ms-version": "2021-02-12"
      },
      "ResponseBody": null
    },
    {
      "RequestUri": "https://fakeendpoint.cognitiveservices.azure.com/translator/text/batch/v1.0/batches",
      "RequestMethod": "POST",
      "RequestHeaders": {
        "Accept": "application/json",
        "Accept-Encoding": "gzip, deflate",
        "Connection": "keep-alive",
        "Content-Length": "262",
        "Content-Type": "application/json",
        "User-Agent": "azsdk-python-ai-translation-document/1.0.0b6 Python/3.10.0 (Windows-10-10.0.22000-SP0)",
        "x-ms-client-request-id": "96a33f62-5d59-11ec-a725-b831b58100e8"
      },
      "RequestBody": "{\u0022inputs\u0022: [{\u0022source\u0022: {\u0022sourceUrl\u0022: \u0022https://fakeendpoint.blob.core.windows.net/src5e3cb525-e85b-4ce2-baff-26b268a7d82d?se=end\u0026sp=rl\u0026sv=2021-02-12\u0026sr=c\u0026sig=fake_token_value\u0022, \u0022filter\u0022: {}}, \u0022targets\u0022: [{\u0022targetUrl\u0022: \u0022https://idont.ex.ist\u0022, \u0022language\u0022: \u0022es\u0022}]}]}",
      "StatusCode": 202,
      "ResponseHeaders": {
        "apim-request-id": "679b7ff4-dbe8-4019-b0c5-75b9c5159c28",
        "Content-Length": "0",
        "Date": "Wed, 15 Dec 2021 03:46:30 GMT",
        "Operation-Location": "https://fakeendpoint.cognitiveservices.azure.com/translator/text/batch/v1.0/batches/ecf7182e-4fde-4e9a-96fd-46344a19b368",
        "Set-Cookie": [
          "ARRAffinity=f9ffee55d5b846ab210939783079e864f7c0bd5efbd10d36648d3b62bbdfbaac;Path=/;HttpOnly;Secure;Domain=mtbatch.nam.microsofttranslator.com",
          "ARRAffinitySameSite=f9ffee55d5b846ab210939783079e864f7c0bd5efbd10d36648d3b62bbdfbaac;Path=/;HttpOnly;SameSite=None;Secure;Domain=mtbatch.nam.microsofttranslator.com"
        ],
        "Strict-Transport-Security": "max-age=31536000; includeSubDomains; preload",
        "X-Content-Type-Options": "nosniff",
        "X-Powered-By": "ASP.NET",
        "X-RequestId": "679b7ff4-dbe8-4019-b0c5-75b9c5159c28"
      },
      "ResponseBody": null
    },
    {
      "RequestUri": "https://fakeendpoint.cognitiveservices.azure.com/translator/text/batch/v1.0/batches/ecf7182e-4fde-4e9a-96fd-46344a19b368",
      "RequestMethod": "GET",
      "RequestHeaders": {
        "Accept": "*/*",
        "Accept-Encoding": "gzip, deflate",
        "Connection": "keep-alive",
        "User-Agent": "azsdk-python-ai-translation-document/1.0.0b6 Python/3.10.0 (Windows-10-10.0.22000-SP0)",
        "x-ms-client-request-id": "96a33f62-5d59-11ec-a725-b831b58100e8"
      },
      "RequestBody": null,
      "StatusCode": 200,
      "ResponseHeaders": {
        "apim-request-id": "91d892ea-b964-4043-a9a9-96fdde3dacfa",
        "Cache-Control": "public, max-age=1",
        "Content-Encoding": "gzip",
        "Content-Type": "application/json; charset=utf-8",
        "Date": "Wed, 15 Dec 2021 03:46:31 GMT",
        "ETag": "\u0022E17F098B20D7CC4A9CAF09501552AB7896357A1565A3CCC1CE24BBE7F8AA002D\u0022",
        "Set-Cookie": [
          "ARRAffinity=d5311be9a7eee70fefb806f1e2337cdd19ccc651d9ba4b6954f0949b8feead5f;Path=/;HttpOnly;Secure;Domain=mtbatch.nam.microsofttranslator.com",
          "ARRAffinitySameSite=d5311be9a7eee70fefb806f1e2337cdd19ccc651d9ba4b6954f0949b8feead5f;Path=/;HttpOnly;SameSite=None;Secure;Domain=mtbatch.nam.microsofttranslator.com"
        ],
        "Strict-Transport-Security": "max-age=31536000; includeSubDomains; preload",
        "Transfer-Encoding": "chunked",
        "Vary": "Accept-Encoding",
        "X-Content-Type-Options": "nosniff",
        "X-Powered-By": "ASP.NET",
        "X-RequestId": "91d892ea-b964-4043-a9a9-96fdde3dacfa"
      },
      "ResponseBody": {
        "id": "ecf7182e-4fde-4e9a-96fd-46344a19b368",
        "createdDateTimeUtc": "2021-12-15T03:46:30.2622736Z",
        "lastActionDateTimeUtc": "2021-12-15T03:46:30.4008953Z",
        "status": "ValidationFailed",
        "error": {
          "code": "InvalidRequest",
          "message": "Cannot access target document location with the current permissions.",
          "target": "Operation",
          "innerError": {
            "code": "InvalidTargetDocumentAccessLevel",
            "message": "Cannot access target document location with the current permissions."
          }
        },
        "summary": {
          "total": 0,
          "failed": 0,
          "success": 0,
          "inProgress": 0,
          "notYetStarted": 0,
          "cancelled": 0,
          "totalCharacterCharged": 0
        }
      }
    }
  ],
  "Variables": {
    "source_container_name": "src5e3cb525-e85b-4ce2-baff-26b268a7d82d"
  }
}
