{
  "Entries": [
    {
      "RequestUri": "https://fakeendpoint.cognitiveservices.azure.com/translator/text/batch/v1.0/batches",
      "RequestMethod": "POST",
      "RequestHeaders": {
        "Accept": "application/json",
        "Accept-Encoding": "gzip, deflate",
        "Content-Length": "380",
        "Content-Type": "application/json",
        "User-Agent": "azsdk-python-ai-translation-document/1.0.0b6 Python/3.10.0 (Windows-10-10.0.22000-SP0)",
        "x-ms-client-request-id": "fb9d5520-5ddd-11ec-871a-6245b51668de"
      },
      "RequestBody": {
        "inputs": [
          {
            "source": {
              "sourceUrl": "https://fakeendpoint.blob.core.windows.net/src190e9a18-6037-4fb3-925a-8e12037b7bad?se=end\u0026sp=rl\u0026sv=2021-02-12\u0026sr=c\u0026sig=fake_token_value",
              "filter": {}
            },
            "targets": [
              {
                "targetUrl": "https://fakeendpoint.blob.core.windows.net/targetfdc10e7d-575f-4e07-94e9-24db7a877102?se=end\u0026sp=wl\u0026sv=2021-02-12\u0026sr=c\u0026sig=fake_token_value",
                "language": "es"
              }
            ]
          }
        ]
      },
      "StatusCode": 202,
      "ResponseHeaders": {
        "apim-request-id": "2b85d9c6-ab97-4f2e-81a2-df84a67673a2",
        "Content-Length": "0",
        "Date": "Wed, 15 Dec 2021 19:34:12 GMT",
        "Operation-Location": "https://fakeendpoint.cognitiveservices.azure.com/translator/text/batch/v1.0/batches/7c6cabd0-b936-4fda-b016-74ba1ea3a77b",
        "Set-Cookie": [
          "ARRAffinity=f9ffee55d5b846ab210939783079e864f7c0bd5efbd10d36648d3b62bbdfbaac;Path=/;HttpOnly;Secure;Domain=mtbatch.nam.microsofttranslator.com",
          "ARRAffinitySameSite=f9ffee55d5b846ab210939783079e864f7c0bd5efbd10d36648d3b62bbdfbaac;Path=/;HttpOnly;SameSite=None;Secure;Domain=mtbatch.nam.microsofttranslator.com"
        ],
        "Strict-Transport-Security": "max-age=31536000; includeSubDomains; preload",
        "X-Content-Type-Options": "nosniff",
        "X-Powered-By": "ASP.NET",
        "X-RequestId": "2b85d9c6-ab97-4f2e-81a2-df84a67673a2"
      },
      "ResponseBody": null
    },
    {
      "RequestUri": "https://fakeendpoint.cognitiveservices.azure.com/translator/text/batch/v1.0/batches/7c6cabd0-b936-4fda-b016-74ba1ea3a77b",
      "RequestMethod": "GET",
      "RequestHeaders": {
        "Accept": "*/*",
        "Accept-Encoding": "gzip, deflate",
        "User-Agent": "azsdk-python-ai-translation-document/1.0.0b6 Python/3.10.0 (Windows-10-10.0.22000-SP0)",
        "x-ms-client-request-id": "fb9d5520-5ddd-11ec-871a-6245b51668de"
      },
      "RequestBody": null,
      "StatusCode": 200,
      "ResponseHeaders": {
        "apim-request-id": "d667b9d6-27d7-4f78-b2bc-5ec1564944e8",
        "Cache-Control": "public, max-age=1",
        "Content-Encoding": "gzip",
        "Content-Type": "application/json; charset=utf-8",
        "Date": "Wed, 15 Dec 2021 19:34:13 GMT",
        "ETag": "\u0022A646F93C7F6ED19D1F730E24D4EC36AC7AB7A8417EF01B5E0DE46CECC71B3E69\u0022",
        "Set-Cookie": [
          "ARRAffinity=d5311be9a7eee70fefb806f1e2337cdd19ccc651d9ba4b6954f0949b8feead5f;Path=/;HttpOnly;Secure;Domain=mtbatch.nam.microsofttranslator.com",
          "ARRAffinitySameSite=d5311be9a7eee70fefb806f1e2337cdd19ccc651d9ba4b6954f0949b8feead5f;Path=/;HttpOnly;SameSite=None;Secure;Domain=mtbatch.nam.microsofttranslator.com"
        ],
        "Strict-Transport-Security": "max-age=31536000; includeSubDomains; preload",
        "Transfer-Encoding": "chunked",
        "Vary": "Accept-Encoding",
        "X-Content-Type-Options": "nosniff",
        "X-Powered-By": "ASP.NET",
        "X-RequestId": "d667b9d6-27d7-4f78-b2bc-5ec1564944e8"
      },
      "ResponseBody": {
        "id": "7c6cabd0-b936-4fda-b016-74ba1ea3a77b",
        "createdDateTimeUtc": "2021-12-15T19:34:13.2461295Z",
        "lastActionDateTimeUtc": "2021-12-15T19:34:13.2461298Z",
        "status": "NotStarted",
        "summary": {
          "total": 0,
          "failed": 0,
          "success": 0,
          "inProgress": 0,
          "notYetStarted": 0,
          "cancelled": 0,
          "totalCharacterCharged": 0
        }
      }
    },
    {
      "RequestUri": "https://fakeendpoint.cognitiveservices.azure.com/translator/text/batch/v1.0/batches/7c6cabd0-b936-4fda-b016-74ba1ea3a77b",
      "RequestMethod": "GET",
      "RequestHeaders": {
        "Accept": "*/*",
        "Accept-Encoding": "gzip, deflate",
        "User-Agent": "azsdk-python-ai-translation-document/1.0.0b6 Python/3.10.0 (Windows-10-10.0.22000-SP0)",
        "x-ms-client-request-id": "fb9d5520-5ddd-11ec-871a-6245b51668de"
      },
      "RequestBody": null,
      "StatusCode": 200,
      "ResponseHeaders": {
        "apim-request-id": "712a8863-4eff-4370-a89d-52e36b194d5e",
        "Cache-Control": "public, max-age=1",
        "Content-Encoding": "gzip",
        "Content-Type": "application/json; charset=utf-8",
        "Date": "Wed, 15 Dec 2021 19:34:14 GMT",
        "ETag": "\u00224B004AD4AEEC462902B20DBAD484BDDAB2D6B00B85896E879FD5B64444DEC391\u0022",
        "Set-Cookie": [
          "ARRAffinity=f9ffee55d5b846ab210939783079e864f7c0bd5efbd10d36648d3b62bbdfbaac;Path=/;HttpOnly;Secure;Domain=mtbatch.nam.microsofttranslator.com",
          "ARRAffinitySameSite=f9ffee55d5b846ab210939783079e864f7c0bd5efbd10d36648d3b62bbdfbaac;Path=/;HttpOnly;SameSite=None;Secure;Domain=mtbatch.nam.microsofttranslator.com"
        ],
        "Strict-Transport-Security": "max-age=31536000; includeSubDomains; preload",
        "Transfer-Encoding": "chunked",
        "Vary": "Accept-Encoding",
        "X-Content-Type-Options": "nosniff",
        "X-Powered-By": "ASP.NET",
        "X-RequestId": "712a8863-4eff-4370-a89d-52e36b194d5e"
      },
      "ResponseBody": {
        "id": "7c6cabd0-b936-4fda-b016-74ba1ea3a77b",
        "createdDateTimeUtc": "2021-12-15T19:34:13.2461295Z",
        "lastActionDateTimeUtc": "2021-12-15T19:34:14.3374578Z",
        "status": "NotStarted",
        "summary": {
          "total": 5,
          "failed": 0,
          "success": 0,
          "inProgress": 0,
          "notYetStarted": 5,
          "cancelled": 0,
          "totalCharacterCharged": 0
        }
      }
    },
    {
      "RequestUri": "https://fakeendpoint.cognitiveservices.azure.com/translator/text/batch/v1.0/batches/7c6cabd0-b936-4fda-b016-74ba1ea3a77b",
      "RequestMethod": "GET",
      "RequestHeaders": {
        "Accept": "*/*",
        "Accept-Encoding": "gzip, deflate",
        "User-Agent": "azsdk-python-ai-translation-document/1.0.0b6 Python/3.10.0 (Windows-10-10.0.22000-SP0)",
        "x-ms-client-request-id": "fb9d5520-5ddd-11ec-871a-6245b51668de"
      },
      "RequestBody": null,
      "StatusCode": 200,
      "ResponseHeaders": {
        "apim-request-id": "7e82538b-f294-499c-950b-593f790c15df",
        "Cache-Control": "public, max-age=1",
        "Content-Encoding": "gzip",
        "Content-Type": "application/json; charset=utf-8",
        "Date": "Wed, 15 Dec 2021 19:34:15 GMT",
        "ETag": "\u00224B004AD4AEEC462902B20DBAD484BDDAB2D6B00B85896E879FD5B64444DEC391\u0022",
        "Set-Cookie": [
          "ARRAffinity=d5311be9a7eee70fefb806f1e2337cdd19ccc651d9ba4b6954f0949b8feead5f;Path=/;HttpOnly;Secure;Domain=mtbatch.nam.microsofttranslator.com",
          "ARRAffinitySameSite=d5311be9a7eee70fefb806f1e2337cdd19ccc651d9ba4b6954f0949b8feead5f;Path=/;HttpOnly;SameSite=None;Secure;Domain=mtbatch.nam.microsofttranslator.com"
        ],
        "Strict-Transport-Security": "max-age=31536000; includeSubDomains; preload",
        "Transfer-Encoding": "chunked",
        "Vary": "Accept-Encoding",
        "X-Content-Type-Options": "nosniff",
        "X-Powered-By": "ASP.NET",
        "X-RequestId": "7e82538b-f294-499c-950b-593f790c15df"
      },
      "ResponseBody": {
        "id": "7c6cabd0-b936-4fda-b016-74ba1ea3a77b",
        "createdDateTimeUtc": "2021-12-15T19:34:13.2461295Z",
        "lastActionDateTimeUtc": "2021-12-15T19:34:14.3374578Z",
        "status": "NotStarted",
        "summary": {
          "total": 5,
          "failed": 0,
          "success": 0,
          "inProgress": 0,
          "notYetStarted": 5,
          "cancelled": 0,
          "totalCharacterCharged": 0
        }
      }
    },
    {
      "RequestUri": "https://fakeendpoint.cognitiveservices.azure.com/translator/text/batch/v1.0/batches/7c6cabd0-b936-4fda-b016-74ba1ea3a77b",
      "RequestMethod": "GET",
      "RequestHeaders": {
        "Accept": "*/*",
        "Accept-Encoding": "gzip, deflate",
        "User-Agent": "azsdk-python-ai-translation-document/1.0.0b6 Python/3.10.0 (Windows-10-10.0.22000-SP0)",
        "x-ms-client-request-id": "fb9d5520-5ddd-11ec-871a-6245b51668de"
      },
      "RequestBody": null,
      "StatusCode": 200,
      "ResponseHeaders": {
        "apim-request-id": "af38bb18-efc1-40a8-83b4-59fc3fd924c5",
        "Cache-Control": "public, max-age=1",
        "Content-Encoding": "gzip",
        "Content-Type": "application/json; charset=utf-8",
        "Date": "Wed, 15 Dec 2021 19:34:16 GMT",
        "ETag": "\u00224B004AD4AEEC462902B20DBAD484BDDAB2D6B00B85896E879FD5B64444DEC391\u0022",
        "Set-Cookie": [
          "ARRAffinity=f9ffee55d5b846ab210939783079e864f7c0bd5efbd10d36648d3b62bbdfbaac;Path=/;HttpOnly;Secure;Domain=mtbatch.nam.microsofttranslator.com",
          "ARRAffinitySameSite=f9ffee55d5b846ab210939783079e864f7c0bd5efbd10d36648d3b62bbdfbaac;Path=/;HttpOnly;SameSite=None;Secure;Domain=mtbatch.nam.microsofttranslator.com"
        ],
        "Strict-Transport-Security": "max-age=31536000; includeSubDomains; preload",
        "Transfer-Encoding": "chunked",
        "Vary": "Accept-Encoding",
        "X-Content-Type-Options": "nosniff",
        "X-Powered-By": "ASP.NET",
        "X-RequestId": "af38bb18-efc1-40a8-83b4-59fc3fd924c5"
      },
      "ResponseBody": {
        "id": "7c6cabd0-b936-4fda-b016-74ba1ea3a77b",
        "createdDateTimeUtc": "2021-12-15T19:34:13.2461295Z",
        "lastActionDateTimeUtc": "2021-12-15T19:34:14.3374578Z",
        "status": "NotStarted",
        "summary": {
          "total": 5,
          "failed": 0,
          "success": 0,
          "inProgress": 0,
          "notYetStarted": 5,
          "cancelled": 0,
          "totalCharacterCharged": 0
        }
      }
    },
    {
      "RequestUri": "https://fakeendpoint.cognitiveservices.azure.com/translator/text/batch/v1.0/batches/7c6cabd0-b936-4fda-b016-74ba1ea3a77b",
      "RequestMethod": "GET",
      "RequestHeaders": {
        "Accept": "*/*",
        "Accept-Encoding": "gzip, deflate",
        "User-Agent": "azsdk-python-ai-translation-document/1.0.0b6 Python/3.10.0 (Windows-10-10.0.22000-SP0)",
        "x-ms-client-request-id": "fb9d5520-5ddd-11ec-871a-6245b51668de"
      },
      "RequestBody": null,
      "StatusCode": 200,
      "ResponseHeaders": {
        "apim-request-id": "4041e581-efb2-4ce5-adde-320c3f586a8b",
        "Cache-Control": "public, max-age=1",
        "Content-Encoding": "gzip",
        "Content-Type": "application/json; charset=utf-8",
        "Date": "Wed, 15 Dec 2021 19:34:18 GMT",
        "ETag": "\u00221D1A284CD932923AAB797031CCEA8B05E57E8F64EDE9E773A3EA0332900704A6\u0022",
        "Set-Cookie": [
          "ARRAffinity=d5311be9a7eee70fefb806f1e2337cdd19ccc651d9ba4b6954f0949b8feead5f;Path=/;HttpOnly;Secure;Domain=mtbatch.nam.microsofttranslator.com",
          "ARRAffinitySameSite=d5311be9a7eee70fefb806f1e2337cdd19ccc651d9ba4b6954f0949b8feead5f;Path=/;HttpOnly;SameSite=None;Secure;Domain=mtbatch.nam.microsofttranslator.com"
        ],
        "Strict-Transport-Security": "max-age=31536000; includeSubDomains; preload",
        "Transfer-Encoding": "chunked",
        "Vary": "Accept-Encoding",
        "X-Content-Type-Options": "nosniff",
        "X-Powered-By": "ASP.NET",
        "X-RequestId": "4041e581-efb2-4ce5-adde-320c3f586a8b"
      },
      "ResponseBody": {
        "id": "7c6cabd0-b936-4fda-b016-74ba1ea3a77b",
        "createdDateTimeUtc": "2021-12-15T19:34:13.2461295Z",
        "lastActionDateTimeUtc": "2021-12-15T19:34:18.6941802Z",
        "status": "Running",
        "summary": {
          "total": 5,
          "failed": 0,
          "success": 0,
          "inProgress": 2,
          "notYetStarted": 3,
          "cancelled": 0,
          "totalCharacterCharged": 0
        }
      }
    },
    {
      "RequestUri": "https://fakeendpoint.cognitiveservices.azure.com/translator/text/batch/v1.0/batches/7c6cabd0-b936-4fda-b016-74ba1ea3a77b",
      "RequestMethod": "GET",
      "RequestHeaders": {
        "Accept": "*/*",
        "Accept-Encoding": "gzip, deflate",
        "User-Agent": "azsdk-python-ai-translation-document/1.0.0b6 Python/3.10.0 (Windows-10-10.0.22000-SP0)",
        "x-ms-client-request-id": "fb9d5520-5ddd-11ec-871a-6245b51668de"
      },
      "RequestBody": null,
      "StatusCode": 200,
      "ResponseHeaders": {
        "apim-request-id": "2d8cdc1a-ed29-4f0e-8f93-70132ea48e9d",
        "Cache-Control": "public, max-age=1",
        "Content-Encoding": "gzip",
        "Content-Type": "application/json; charset=utf-8",
        "Date": "Wed, 15 Dec 2021 19:34:19 GMT",
        "ETag": "\u00226D9210F8E852AAE0974700DAE9B064484EB7EA9231BECFE3BB1FA4304ED67A7D\u0022",
        "Set-Cookie": [
          "ARRAffinity=f9ffee55d5b846ab210939783079e864f7c0bd5efbd10d36648d3b62bbdfbaac;Path=/;HttpOnly;Secure;Domain=mtbatch.nam.microsofttranslator.com",
          "ARRAffinitySameSite=f9ffee55d5b846ab210939783079e864f7c0bd5efbd10d36648d3b62bbdfbaac;Path=/;HttpOnly;SameSite=None;Secure;Domain=mtbatch.nam.microsofttranslator.com"
        ],
        "Strict-Transport-Security": "max-age=31536000; includeSubDomains; preload",
        "Transfer-Encoding": "chunked",
        "Vary": "Accept-Encoding",
        "X-Content-Type-Options": "nosniff",
        "X-Powered-By": "ASP.NET",
        "X-RequestId": "2d8cdc1a-ed29-4f0e-8f93-70132ea48e9d"
      },
      "ResponseBody": {
        "id": "7c6cabd0-b936-4fda-b016-74ba1ea3a77b",
        "createdDateTimeUtc": "2021-12-15T19:34:13.2461295Z",
        "lastActionDateTimeUtc": "2021-12-15T19:34:19.268842Z",
        "status": "Running",
        "summary": {
          "total": 5,
          "failed": 0,
          "success": 0,
          "inProgress": 5,
          "notYetStarted": 0,
          "cancelled": 0,
          "totalCharacterCharged": 0
        }
      }
    },
    {
      "RequestUri": "https://fakeendpoint.cognitiveservices.azure.com/translator/text/batch/v1.0/batches/7c6cabd0-b936-4fda-b016-74ba1ea3a77b",
      "RequestMethod": "GET",
      "RequestHeaders": {
        "Accept": "*/*",
        "Accept-Encoding": "gzip, deflate",
        "User-Agent": "azsdk-python-ai-translation-document/1.0.0b6 Python/3.10.0 (Windows-10-10.0.22000-SP0)",
        "x-ms-client-request-id": "fb9d5520-5ddd-11ec-871a-6245b51668de"
      },
      "RequestBody": null,
      "StatusCode": 200,
      "ResponseHeaders": {
        "apim-request-id": "98ef8206-534a-450b-8127-cf074478bdf1",
        "Cache-Control": "public, max-age=1",
        "Content-Encoding": "gzip",
        "Content-Type": "application/json; charset=utf-8",
        "Date": "Wed, 15 Dec 2021 19:34:20 GMT",
        "ETag": "\u00226D9210F8E852AAE0974700DAE9B064484EB7EA9231BECFE3BB1FA4304ED67A7D\u0022",
        "Set-Cookie": [
          "ARRAffinity=d5311be9a7eee70fefb806f1e2337cdd19ccc651d9ba4b6954f0949b8feead5f;Path=/;HttpOnly;Secure;Domain=mtbatch.nam.microsofttranslator.com",
          "ARRAffinitySameSite=d5311be9a7eee70fefb806f1e2337cdd19ccc651d9ba4b6954f0949b8feead5f;Path=/;HttpOnly;SameSite=None;Secure;Domain=mtbatch.nam.microsofttranslator.com"
        ],
        "Strict-Transport-Security": "max-age=31536000; includeSubDomains; preload",
        "Transfer-Encoding": "chunked",
        "Vary": "Accept-Encoding",
        "X-Content-Type-Options": "nosniff",
        "X-Powered-By": "ASP.NET",
        "X-RequestId": "98ef8206-534a-450b-8127-cf074478bdf1"
      },
      "ResponseBody": {
        "id": "7c6cabd0-b936-4fda-b016-74ba1ea3a77b",
        "createdDateTimeUtc": "2021-12-15T19:34:13.2461295Z",
        "lastActionDateTimeUtc": "2021-12-15T19:34:19.268842Z",
        "status": "Running",
        "summary": {
          "total": 5,
          "failed": 0,
          "success": 0,
          "inProgress": 5,
          "notYetStarted": 0,
          "cancelled": 0,
          "totalCharacterCharged": 0
        }
      }
    },
    {
      "RequestUri": "https://fakeendpoint.cognitiveservices.azure.com/translator/text/batch/v1.0/batches/7c6cabd0-b936-4fda-b016-74ba1ea3a77b",
      "RequestMethod": "GET",
      "RequestHeaders": {
        "Accept": "*/*",
        "Accept-Encoding": "gzip, deflate",
        "User-Agent": "azsdk-python-ai-translation-document/1.0.0b6 Python/3.10.0 (Windows-10-10.0.22000-SP0)",
        "x-ms-client-request-id": "fb9d5520-5ddd-11ec-871a-6245b51668de"
      },
      "RequestBody": null,
      "StatusCode": 200,
      "ResponseHeaders": {
        "apim-request-id": "4d0381c5-f217-4caa-862c-ec5b1ead8c4d",
        "Cache-Control": "public, max-age=1",
        "Content-Encoding": "gzip",
        "Content-Type": "application/json; charset=utf-8",
        "Date": "Wed, 15 Dec 2021 19:34:21 GMT",
        "ETag": "\u00226D9210F8E852AAE0974700DAE9B064484EB7EA9231BECFE3BB1FA4304ED67A7D\u0022",
        "Set-Cookie": [
          "ARRAffinity=f9ffee55d5b846ab210939783079e864f7c0bd5efbd10d36648d3b62bbdfbaac;Path=/;HttpOnly;Secure;Domain=mtbatch.nam.microsofttranslator.com",
          "ARRAffinitySameSite=f9ffee55d5b846ab210939783079e864f7c0bd5efbd10d36648d3b62bbdfbaac;Path=/;HttpOnly;SameSite=None;Secure;Domain=mtbatch.nam.microsofttranslator.com"
        ],
        "Strict-Transport-Security": "max-age=31536000; includeSubDomains; preload",
        "Transfer-Encoding": "chunked",
        "Vary": "Accept-Encoding",
        "X-Content-Type-Options": "nosniff",
        "X-Powered-By": "ASP.NET",
        "X-RequestId": "4d0381c5-f217-4caa-862c-ec5b1ead8c4d"
      },
      "ResponseBody": {
        "id": "7c6cabd0-b936-4fda-b016-74ba1ea3a77b",
        "createdDateTimeUtc": "2021-12-15T19:34:13.2461295Z",
        "lastActionDateTimeUtc": "2021-12-15T19:34:19.268842Z",
        "status": "Running",
        "summary": {
          "total": 5,
          "failed": 0,
          "success": 0,
          "inProgress": 5,
          "notYetStarted": 0,
          "cancelled": 0,
          "totalCharacterCharged": 0
        }
      }
    },
    {
      "RequestUri": "https://fakeendpoint.cognitiveservices.azure.com/translator/text/batch/v1.0/batches/7c6cabd0-b936-4fda-b016-74ba1ea3a77b",
      "RequestMethod": "GET",
      "RequestHeaders": {
        "Accept": "*/*",
        "Accept-Encoding": "gzip, deflate",
        "User-Agent": "azsdk-python-ai-translation-document/1.0.0b6 Python/3.10.0 (Windows-10-10.0.22000-SP0)",
        "x-ms-client-request-id": "fb9d5520-5ddd-11ec-871a-6245b51668de"
      },
      "RequestBody": null,
      "StatusCode": 200,
      "ResponseHeaders": {
        "apim-request-id": "b2636156-7017-4fab-b8c5-4906bc126803",
        "Cache-Control": "public, max-age=1",
        "Content-Encoding": "gzip",
        "Content-Type": "application/json; charset=utf-8",
        "Date": "Wed, 15 Dec 2021 19:34:23 GMT",
        "ETag": "\u00226D9210F8E852AAE0974700DAE9B064484EB7EA9231BECFE3BB1FA4304ED67A7D\u0022",
        "Set-Cookie": [
          "ARRAffinity=d5311be9a7eee70fefb806f1e2337cdd19ccc651d9ba4b6954f0949b8feead5f;Path=/;HttpOnly;Secure;Domain=mtbatch.nam.microsofttranslator.com",
          "ARRAffinitySameSite=d5311be9a7eee70fefb806f1e2337cdd19ccc651d9ba4b6954f0949b8feead5f;Path=/;HttpOnly;SameSite=None;Secure;Domain=mtbatch.nam.microsofttranslator.com"
        ],
        "Strict-Transport-Security": "max-age=31536000; includeSubDomains; preload",
        "Transfer-Encoding": "chunked",
        "Vary": "Accept-Encoding",
        "X-Content-Type-Options": "nosniff",
        "X-Powered-By": "ASP.NET",
        "X-RequestId": "b2636156-7017-4fab-b8c5-4906bc126803"
      },
      "ResponseBody": {
        "id": "7c6cabd0-b936-4fda-b016-74ba1ea3a77b",
        "createdDateTimeUtc": "2021-12-15T19:34:13.2461295Z",
        "lastActionDateTimeUtc": "2021-12-15T19:34:19.268842Z",
        "status": "Running",
        "summary": {
          "total": 5,
          "failed": 0,
          "success": 0,
          "inProgress": 5,
          "notYetStarted": 0,
          "cancelled": 0,
          "totalCharacterCharged": 0
        }
      }
    },
    {
      "RequestUri": "https://fakeendpoint.cognitiveservices.azure.com/translator/text/batch/v1.0/batches/7c6cabd0-b936-4fda-b016-74ba1ea3a77b",
      "RequestMethod": "GET",
      "RequestHeaders": {
        "Accept": "*/*",
        "Accept-Encoding": "gzip, deflate",
        "User-Agent": "azsdk-python-ai-translation-document/1.0.0b6 Python/3.10.0 (Windows-10-10.0.22000-SP0)",
        "x-ms-client-request-id": "fb9d5520-5ddd-11ec-871a-6245b51668de"
      },
      "RequestBody": null,
      "StatusCode": 200,
      "ResponseHeaders": {
        "apim-request-id": "6e47047d-4a68-4252-9c74-1d998257cc88",
        "Cache-Control": "public, max-age=1",
        "Content-Encoding": "gzip",
        "Content-Type": "application/json; charset=utf-8",
        "Date": "Wed, 15 Dec 2021 19:34:24 GMT",
        "ETag": "\u00223E91E151A36C8C8962AA11679DFADC0ADC4F64D8EC8E93F19FF4DA17C10E5230\u0022",
        "Set-Cookie": [
          "ARRAffinity=f9ffee55d5b846ab210939783079e864f7c0bd5efbd10d36648d3b62bbdfbaac;Path=/;HttpOnly;Secure;Domain=mtbatch.nam.microsofttranslator.com",
          "ARRAffinitySameSite=f9ffee55d5b846ab210939783079e864f7c0bd5efbd10d36648d3b62bbdfbaac;Path=/;HttpOnly;SameSite=None;Secure;Domain=mtbatch.nam.microsofttranslator.com"
        ],
        "Strict-Transport-Security": "max-age=31536000; includeSubDomains; preload",
        "Transfer-Encoding": "chunked",
        "Vary": "Accept-Encoding",
        "X-Content-Type-Options": "nosniff",
        "X-Powered-By": "ASP.NET",
        "X-RequestId": "6e47047d-4a68-4252-9c74-1d998257cc88"
      },
      "ResponseBody": {
        "id": "7c6cabd0-b936-4fda-b016-74ba1ea3a77b",
        "createdDateTimeUtc": "2021-12-15T19:34:13.2461295Z",
        "lastActionDateTimeUtc": "2021-12-15T19:34:24.2434857Z",
        "status": "Running",
        "summary": {
          "total": 5,
          "failed": 0,
          "success": 4,
          "inProgress": 1,
          "notYetStarted": 0,
          "cancelled": 0,
          "totalCharacterCharged": 108
        }
      }
    },
    {
      "RequestUri": "https://fakeendpoint.cognitiveservices.azure.com/translator/text/batch/v1.0/batches/7c6cabd0-b936-4fda-b016-74ba1ea3a77b",
      "RequestMethod": "GET",
      "RequestHeaders": {
        "Accept": "*/*",
        "Accept-Encoding": "gzip, deflate",
        "User-Agent": "azsdk-python-ai-translation-document/1.0.0b6 Python/3.10.0 (Windows-10-10.0.22000-SP0)",
        "x-ms-client-request-id": "fb9d5520-5ddd-11ec-871a-6245b51668de"
      },
      "RequestBody": null,
      "StatusCode": 200,
      "ResponseHeaders": {
        "apim-request-id": "70e7a632-512b-4f8d-bf84-363bae91a9eb",
        "Cache-Control": "public, max-age=1",
        "Content-Encoding": "gzip",
        "Content-Type": "application/json; charset=utf-8",
        "Date": "Wed, 15 Dec 2021 19:34:25 GMT",
        "ETag": "\u0022318FF8C1EC7ACD65157F79CEDCE7AB9D08D7F15FECBCA2340380018849358E76\u0022",
        "Set-Cookie": [
          "ARRAffinity=d5311be9a7eee70fefb806f1e2337cdd19ccc651d9ba4b6954f0949b8feead5f;Path=/;HttpOnly;Secure;Domain=mtbatch.nam.microsofttranslator.com",
          "ARRAffinitySameSite=d5311be9a7eee70fefb806f1e2337cdd19ccc651d9ba4b6954f0949b8feead5f;Path=/;HttpOnly;SameSite=None;Secure;Domain=mtbatch.nam.microsofttranslator.com"
        ],
        "Strict-Transport-Security": "max-age=31536000; includeSubDomains; preload",
        "Transfer-Encoding": "chunked",
        "Vary": "Accept-Encoding",
        "X-Content-Type-Options": "nosniff",
        "X-Powered-By": "ASP.NET",
        "X-RequestId": "70e7a632-512b-4f8d-bf84-363bae91a9eb"
      },
      "ResponseBody": {
        "id": "7c6cabd0-b936-4fda-b016-74ba1ea3a77b",
        "createdDateTimeUtc": "2021-12-15T19:34:13.2461295Z",
        "lastActionDateTimeUtc": "2021-12-15T19:34:24.2763959Z",
        "status": "Succeeded",
        "summary": {
          "total": 5,
          "failed": 0,
          "success": 5,
          "inProgress": 0,
          "notYetStarted": 0,
          "cancelled": 0,
          "totalCharacterCharged": 135
        }
      }
    },
    {
      "RequestUri": "https://fakeendpoint.cognitiveservices.azure.com/translator/text/batch/v1.0/batches/7c6cabd0-b936-4fda-b016-74ba1ea3a77b/documents?$skip=0",
      "RequestMethod": "GET",
      "RequestHeaders": {
        "Accept": "application/json",
        "Accept-Encoding": "gzip, deflate",
        "User-Agent": "azsdk-python-ai-translation-document/1.0.0b6 Python/3.10.0 (Windows-10-10.0.22000-SP0)",
        "x-ms-client-request-id": "02ea87c3-5dde-11ec-abfc-6245b51668de"
      },
      "RequestBody": null,
      "StatusCode": 200,
      "ResponseHeaders": {
        "apim-request-id": "7fdf2c02-10e9-4fb6-9152-7e547d84506e",
        "Cache-Control": "public, max-age=1",
        "Content-Encoding": "gzip",
        "Content-Type": "application/json; charset=utf-8",
        "Date": "Wed, 15 Dec 2021 19:34:25 GMT",
        "ETag": "\u00229F556F79C14586294F8F2018019C69D1385C369DEC85B167863C7DB8C1E0F301\u0022",
        "Set-Cookie": [
          "ARRAffinity=f9ffee55d5b846ab210939783079e864f7c0bd5efbd10d36648d3b62bbdfbaac;Path=/;HttpOnly;Secure;Domain=mtbatch.nam.microsofttranslator.com",
          "ARRAffinitySameSite=f9ffee55d5b846ab210939783079e864f7c0bd5efbd10d36648d3b62bbdfbaac;Path=/;HttpOnly;SameSite=None;Secure;Domain=mtbatch.nam.microsofttranslator.com"
        ],
        "Strict-Transport-Security": "max-age=31536000; includeSubDomains; preload",
        "Transfer-Encoding": "chunked",
        "Vary": "Accept-Encoding",
        "X-Content-Type-Options": "nosniff",
        "X-Powered-By": "ASP.NET",
        "X-RequestId": "7fdf2c02-10e9-4fb6-9152-7e547d84506e"
      },
      "ResponseBody": {
        "value": [
          {
            "path": "https://fakeendpoint.blob.core.windows.net/targetfdc10e7d-575f-4e07-94e9-24db7a877102/f2f7af26-4243-4aac-82e0-7ef68eab9fb2.txt",
            "sourcePath": "https://fakeendpoint.blob.core.windows.net/src190e9a18-6037-4fb3-925a-8e12037b7bad/f2f7af26-4243-4aac-82e0-7ef68eab9fb2.txt",
            "createdDateTimeUtc": "2021-12-15T19:34:19.0006836Z",
            "lastActionDateTimeUtc": "2021-12-15T19:34:24.2221886Z",
            "status": "Succeeded",
            "to": "es",
            "progress": 1,
            "id": "0019b843-0000-0000-0000-000000000000",
            "characterCharged": 27
          },
          {
            "path": "https://fakeendpoint.blob.core.windows.net/targetfdc10e7d-575f-4e07-94e9-24db7a877102/83fadac6-f62c-4a78-a282-52adfeb5f853.txt",
            "sourcePath": "https://fakeendpoint.blob.core.windows.net/src190e9a18-6037-4fb3-925a-8e12037b7bad/83fadac6-f62c-4a78-a282-52adfeb5f853.txt",
            "createdDateTimeUtc": "2021-12-15T19:34:18.9903311Z",
            "lastActionDateTimeUtc": "2021-12-15T19:34:24.2763844Z",
            "status": "Succeeded",
            "to": "es",
            "progress": 1,
            "id": "0019b842-0000-0000-0000-000000000000",
            "characterCharged": 27
          },
          {
            "path": "https://fakeendpoint.blob.core.windows.net/targetfdc10e7d-575f-4e07-94e9-24db7a877102/57baffc1-d809-48f5-a0ac-25883e6a5f0e.txt",
            "sourcePath": "https://fakeendpoint.blob.core.windows.net/src190e9a18-6037-4fb3-925a-8e12037b7bad/57baffc1-d809-48f5-a0ac-25883e6a5f0e.txt",
            "createdDateTimeUtc": "2021-12-15T19:34:18.9785445Z",
            "lastActionDateTimeUtc": "2021-12-15T19:34:24.2284468Z",
            "status": "Succeeded",
            "to": "es",
            "progress": 1,
            "id": "0019b841-0000-0000-0000-000000000000",
            "characterCharged": 27
          },
          {
            "path": "https://fakeendpoint.blob.core.windows.net/targetfdc10e7d-575f-4e07-94e9-24db7a877102/52feec31-e7c5-489d-a1ab-24817930f25f.txt",
            "sourcePath": "https://fakeendpoint.blob.core.windows.net/src190e9a18-6037-4fb3-925a-8e12037b7bad/52feec31-e7c5-489d-a1ab-24817930f25f.txt",
            "createdDateTimeUtc": "2021-12-15T19:34:18.7010853Z",
            "lastActionDateTimeUtc": "2021-12-15T19:34:24.2203071Z",
            "status": "Succeeded",
            "to": "es",
            "progress": 1,
            "id": "0019b840-0000-0000-0000-000000000000",
            "characterCharged": 27
          },
          {
            "path": "https://fakeendpoint.blob.core.windows.net/targetfdc10e7d-575f-4e07-94e9-24db7a877102/0b53a3f4-d4ac-478c-8ca4-03b23e2c8e8f.txt",
            "sourcePath": "https://fakeendpoint.blob.core.windows.net/src190e9a18-6037-4fb3-925a-8e12037b7bad/0b53a3f4-d4ac-478c-8ca4-03b23e2c8e8f.txt",
            "createdDateTimeUtc": "2021-12-15T19:34:18.6939272Z",
            "lastActionDateTimeUtc": "2021-12-15T19:34:24.243481Z",
            "status": "Succeeded",
            "to": "es",
            "progress": 1,
            "id": "0019b83f-0000-0000-0000-000000000000",
            "characterCharged": 27
          }
        ]
      }
    },
    {
      "RequestUri": "https://fakeendpoint.cognitiveservices.azure.com/translator/text/batch/v1.0/batches/7c6cabd0-b936-4fda-b016-74ba1ea3a77b/documents?$skip=0\u0026$orderBy=createdDateTimeUtc desc",
      "RequestMethod": "GET",
      "RequestHeaders": {
        "Accept": "application/json",
        "Accept-Encoding": "gzip, deflate",
        "User-Agent": "azsdk-python-ai-translation-document/1.0.0b6 Python/3.10.0 (Windows-10-10.0.22000-SP0)",
        "x-ms-client-request-id": "02f1c689-5dde-11ec-9463-6245b51668de"
      },
      "RequestBody": null,
      "StatusCode": 200,
      "ResponseHeaders": {
        "apim-request-id": "538aa0e6-d856-4faf-9c6b-fd0f623053e3",
        "Cache-Control": "public, max-age=1",
        "Content-Encoding": "gzip",
        "Content-Type": "application/json; charset=utf-8",
        "Date": "Wed, 15 Dec 2021 19:34:25 GMT",
        "ETag": "\u00229F556F79C14586294F8F2018019C69D1385C369DEC85B167863C7DB8C1E0F301\u0022",
        "Set-Cookie": [
          "ARRAffinity=d5311be9a7eee70fefb806f1e2337cdd19ccc651d9ba4b6954f0949b8feead5f;Path=/;HttpOnly;Secure;Domain=mtbatch.nam.microsofttranslator.com",
          "ARRAffinitySameSite=d5311be9a7eee70fefb806f1e2337cdd19ccc651d9ba4b6954f0949b8feead5f;Path=/;HttpOnly;SameSite=None;Secure;Domain=mtbatch.nam.microsofttranslator.com"
        ],
        "Strict-Transport-Security": "max-age=31536000; includeSubDomains; preload",
        "Transfer-Encoding": "chunked",
        "Vary": "Accept-Encoding",
        "X-Content-Type-Options": "nosniff",
        "X-Powered-By": "ASP.NET",
        "X-RequestId": "538aa0e6-d856-4faf-9c6b-fd0f623053e3"
      },
      "ResponseBody": {
        "value": [
          {
            "path": "https://fakeendpoint.blob.core.windows.net/targetfdc10e7d-575f-4e07-94e9-24db7a877102/f2f7af26-4243-4aac-82e0-7ef68eab9fb2.txt",
            "sourcePath": "https://fakeendpoint.blob.core.windows.net/src190e9a18-6037-4fb3-925a-8e12037b7bad/f2f7af26-4243-4aac-82e0-7ef68eab9fb2.txt",
            "createdDateTimeUtc": "2021-12-15T19:34:19.0006836Z",
            "lastActionDateTimeUtc": "2021-12-15T19:34:24.2221886Z",
            "status": "Succeeded",
            "to": "es",
            "progress": 1,
            "id": "0019b843-0000-0000-0000-000000000000",
            "characterCharged": 27
          },
          {
            "path": "https://fakeendpoint.blob.core.windows.net/targetfdc10e7d-575f-4e07-94e9-24db7a877102/83fadac6-f62c-4a78-a282-52adfeb5f853.txt",
            "sourcePath": "https://fakeendpoint.blob.core.windows.net/src190e9a18-6037-4fb3-925a-8e12037b7bad/83fadac6-f62c-4a78-a282-52adfeb5f853.txt",
            "createdDateTimeUtc": "2021-12-15T19:34:18.9903311Z",
            "lastActionDateTimeUtc": "2021-12-15T19:34:24.2763844Z",
            "status": "Succeeded",
            "to": "es",
            "progress": 1,
            "id": "0019b842-0000-0000-0000-000000000000",
            "characterCharged": 27
          },
          {
            "path": "https://fakeendpoint.blob.core.windows.net/targetfdc10e7d-575f-4e07-94e9-24db7a877102/57baffc1-d809-48f5-a0ac-25883e6a5f0e.txt",
            "sourcePath": "https://fakeendpoint.blob.core.windows.net/src190e9a18-6037-4fb3-925a-8e12037b7bad/57baffc1-d809-48f5-a0ac-25883e6a5f0e.txt",
            "createdDateTimeUtc": "2021-12-15T19:34:18.9785445Z",
            "lastActionDateTimeUtc": "2021-12-15T19:34:24.2284468Z",
            "status": "Succeeded",
            "to": "es",
            "progress": 1,
            "id": "0019b841-0000-0000-0000-000000000000",
            "characterCharged": 27
          },
          {
            "path": "https://fakeendpoint.blob.core.windows.net/targetfdc10e7d-575f-4e07-94e9-24db7a877102/52feec31-e7c5-489d-a1ab-24817930f25f.txt",
            "sourcePath": "https://fakeendpoint.blob.core.windows.net/src190e9a18-6037-4fb3-925a-8e12037b7bad/52feec31-e7c5-489d-a1ab-24817930f25f.txt",
            "createdDateTimeUtc": "2021-12-15T19:34:18.7010853Z",
            "lastActionDateTimeUtc": "2021-12-15T19:34:24.2203071Z",
            "status": "Succeeded",
            "to": "es",
            "progress": 1,
            "id": "0019b840-0000-0000-0000-000000000000",
            "characterCharged": 27
          },
          {
            "path": "https://fakeendpoint.blob.core.windows.net/targetfdc10e7d-575f-4e07-94e9-24db7a877102/0b53a3f4-d4ac-478c-8ca4-03b23e2c8e8f.txt",
            "sourcePath": "https://fakeendpoint.blob.core.windows.net/src190e9a18-6037-4fb3-925a-8e12037b7bad/0b53a3f4-d4ac-478c-8ca4-03b23e2c8e8f.txt",
            "createdDateTimeUtc": "2021-12-15T19:34:18.6939272Z",
            "lastActionDateTimeUtc": "2021-12-15T19:34:24.243481Z",
            "status": "Succeeded",
            "to": "es",
            "progress": 1,
            "id": "0019b83f-0000-0000-0000-000000000000",
            "characterCharged": 27
          }
        ]
      }
    }
  ],
  "Variables": {
    "source_container_name": "src190e9a18-6037-4fb3-925a-8e12037b7bad",
    "target_container_name": "targetfdc10e7d-575f-4e07-94e9-24db7a877102"
  }
}
