{
  "Entries": [
    {
      "RequestUri": "https://fakeendpoint.blob.core.windows.net/srcb966ebe6-c5e3-46d4-b65e-4b36ba447f27?restype=container",
      "RequestMethod": "PUT",
      "RequestHeaders": {
        "Accept": "application/xml",
        "Accept-Encoding": "gzip, deflate",
        "Authorization": "Sanitized",
        "Connection": "keep-alive",
        "Content-Length": "0",
        "User-Agent": "azsdk-python-storage-blob/12.10.0b3 Python/3.10.0 (Windows-10-10.0.22000-SP0)",
        "x-ms-client-request-id": "09d5ba52-9124-11ec-a027-b831b58100e8",
        "x-ms-date": "Sat, 19 Feb 2022 01:34:11 GMT",
        "x-ms-version": "2021-04-10"
      },
      "RequestBody": null,
      "StatusCode": 201,
      "ResponseHeaders": {
        "Content-Length": "0",
        "Date": "Sat, 19 Feb 2022 01:34:10 GMT",
        "ETag": "\u00220x8D9F347EE1083EC\u0022",
        "Last-Modified": "Sat, 19 Feb 2022 01:34:11 GMT",
        "Server": [
          "Windows-Azure-Blob/1.0",
          "Microsoft-HTTPAPI/2.0"
        ],
        "x-ms-client-request-id": "09d5ba52-9124-11ec-a027-b831b58100e8",
        "x-ms-request-id": "ac640833-101e-006f-3e30-253ee7000000",
        "x-ms-version": "2021-04-10"
      },
      "ResponseBody": null
    },
    {
      "RequestUri": "https://fakeendpoint.blob.core.windows.net/srcb966ebe6-c5e3-46d4-b65e-4b36ba447f27/7fd21a05-e8ed-4a99-abd3-f356f77cb9f5.txt",
      "RequestMethod": "PUT",
      "RequestHeaders": {
        "Accept": "application/xml",
        "Accept-Encoding": "gzip, deflate",
        "Authorization": "Sanitized",
        "Connection": "keep-alive",
        "Content-Length": "27",
        "Content-Type": "application/octet-stream",
        "If-None-Match": "*",
        "User-Agent": "azsdk-python-storage-blob/12.10.0b3 Python/3.10.0 (Windows-10-10.0.22000-SP0)",
        "x-ms-blob-type": "BlockBlob",
        "x-ms-client-request-id": "09df9545-9124-11ec-b95b-b831b58100e8",
        "x-ms-date": "Sat, 19 Feb 2022 01:34:11 GMT",
        "x-ms-version": "2021-04-10"
      },
      "RequestBody": "VGhpcyBpcyB3cml0dGVuIGluIGVuZ2xpc2gu",
      "StatusCode": 201,
      "ResponseHeaders": {
        "Content-Length": "0",
        "Content-MD5": "mYgA0QpY6baiB\u002BxZp8Hk\u002BA==",
        "Date": "Sat, 19 Feb 2022 01:34:10 GMT",
        "ETag": "\u00220x8D9F347EE150D1B\u0022",
        "Last-Modified": "Sat, 19 Feb 2022 01:34:11 GMT",
        "Server": [
          "Windows-Azure-Blob/1.0",
          "Microsoft-HTTPAPI/2.0"
        ],
        "x-ms-client-request-id": "09df9545-9124-11ec-b95b-b831b58100e8",
        "x-ms-content-crc64": "NB4xBtawP6g=",
        "x-ms-request-id": "ac64084c-101e-006f-5430-253ee7000000",
        "x-ms-request-server-encrypted": "true",
        "x-ms-version": "2021-04-10"
      },
      "ResponseBody": null
    },
    {
      "RequestUri": "https://fakeendpoint.blob.core.windows.net/srcb966ebe6-c5e3-46d4-b65e-4b36ba447f27/6df0b0f0-5a50-4910-bf1e-7a5c0a3fe6ee.txt",
      "RequestMethod": "PUT",
      "RequestHeaders": {
        "Accept": "application/xml",
        "Accept-Encoding": "gzip, deflate",
        "Authorization": "Sanitized",
        "Connection": "keep-alive",
        "Content-Length": "27",
        "Content-Type": "application/octet-stream",
        "If-None-Match": "*",
        "User-Agent": "azsdk-python-storage-blob/12.10.0b3 Python/3.10.0 (Windows-10-10.0.22000-SP0)",
        "x-ms-blob-type": "BlockBlob",
        "x-ms-client-request-id": "09e5423a-9124-11ec-bdee-b831b58100e8",
        "x-ms-date": "Sat, 19 Feb 2022 01:34:11 GMT",
        "x-ms-version": "2021-04-10"
      },
      "RequestBody": "VGhpcyBpcyB3cml0dGVuIGluIGVuZ2xpc2gu",
      "StatusCode": 201,
      "ResponseHeaders": {
        "Content-Length": "0",
        "Content-MD5": "mYgA0QpY6baiB\u002BxZp8Hk\u002BA==",
        "Date": "Sat, 19 Feb 2022 01:34:10 GMT",
        "ETag": "\u00220x8D9F347EE1AD896\u0022",
        "Last-Modified": "Sat, 19 Feb 2022 01:34:11 GMT",
        "Server": [
          "Windows-Azure-Blob/1.0",
          "Microsoft-HTTPAPI/2.0"
        ],
        "x-ms-client-request-id": "09e5423a-9124-11ec-bdee-b831b58100e8",
        "x-ms-content-crc64": "NB4xBtawP6g=",
        "x-ms-request-id": "ac640857-101e-006f-5f30-253ee7000000",
        "x-ms-request-server-encrypted": "true",
        "x-ms-version": "2021-04-10"
      },
      "ResponseBody": null
    },
    {
      "RequestUri": "https://fakeendpoint.blob.core.windows.net/srcb966ebe6-c5e3-46d4-b65e-4b36ba447f27/1d03dd0b-e04b-4e2b-a969-0e7946a9546a.txt",
      "RequestMethod": "PUT",
      "RequestHeaders": {
        "Accept": "application/xml",
        "Accept-Encoding": "gzip, deflate",
        "Authorization": "Sanitized",
        "Connection": "keep-alive",
        "Content-Length": "27",
        "Content-Type": "application/octet-stream",
        "If-None-Match": "*",
        "User-Agent": "azsdk-python-storage-blob/12.10.0b3 Python/3.10.0 (Windows-10-10.0.22000-SP0)",
        "x-ms-blob-type": "BlockBlob",
        "x-ms-client-request-id": "09eb4cab-9124-11ec-b428-b831b58100e8",
        "x-ms-date": "Sat, 19 Feb 2022 01:34:11 GMT",
        "x-ms-version": "2021-04-10"
      },
      "RequestBody": "VGhpcyBpcyB3cml0dGVuIGluIGVuZ2xpc2gu",
      "StatusCode": 201,
      "ResponseHeaders": {
        "Content-Length": "0",
        "Content-MD5": "mYgA0QpY6baiB\u002BxZp8Hk\u002BA==",
        "Date": "Sat, 19 Feb 2022 01:34:10 GMT",
        "ETag": "\u00220x8D9F347EE21DC77\u0022",
        "Last-Modified": "Sat, 19 Feb 2022 01:34:11 GMT",
        "Server": [
          "Windows-Azure-Blob/1.0",
          "Microsoft-HTTPAPI/2.0"
        ],
        "x-ms-client-request-id": "09eb4cab-9124-11ec-b428-b831b58100e8",
        "x-ms-content-crc64": "NB4xBtawP6g=",
        "x-ms-request-id": "ac64087a-101e-006f-7d30-253ee7000000",
        "x-ms-request-server-encrypted": "true",
        "x-ms-version": "2021-04-10"
      },
      "ResponseBody": null
    },
    {
      "RequestUri": "https://fakeendpoint.blob.core.windows.net/srcb966ebe6-c5e3-46d4-b65e-4b36ba447f27/bce766c1-5571-433c-802f-59cc8a95c257.txt",
      "RequestMethod": "PUT",
      "RequestHeaders": {
        "Accept": "application/xml",
        "Accept-Encoding": "gzip, deflate",
        "Authorization": "Sanitized",
        "Connection": "keep-alive",
        "Content-Length": "27",
        "Content-Type": "application/octet-stream",
        "If-None-Match": "*",
        "User-Agent": "azsdk-python-storage-blob/12.10.0b3 Python/3.10.0 (Windows-10-10.0.22000-SP0)",
        "x-ms-blob-type": "BlockBlob",
        "x-ms-client-request-id": "09f1f406-9124-11ec-ad15-b831b58100e8",
        "x-ms-date": "Sat, 19 Feb 2022 01:34:11 GMT",
        "x-ms-version": "2021-04-10"
      },
      "RequestBody": "VGhpcyBpcyB3cml0dGVuIGluIGVuZ2xpc2gu",
      "StatusCode": 201,
      "ResponseHeaders": {
        "Content-Length": "0",
        "Content-MD5": "mYgA0QpY6baiB\u002BxZp8Hk\u002BA==",
        "Date": "Sat, 19 Feb 2022 01:34:10 GMT",
        "ETag": "\u00220x8D9F347EE2759EA\u0022",
        "Last-Modified": "Sat, 19 Feb 2022 01:34:11 GMT",
        "Server": [
          "Windows-Azure-Blob/1.0",
          "Microsoft-HTTPAPI/2.0"
        ],
        "x-ms-client-request-id": "09f1f406-9124-11ec-ad15-b831b58100e8",
        "x-ms-content-crc64": "NB4xBtawP6g=",
        "x-ms-request-id": "ac64089b-101e-006f-1730-253ee7000000",
        "x-ms-request-server-encrypted": "true",
        "x-ms-version": "2021-04-10"
      },
      "ResponseBody": null
    },
    {
      "RequestUri": "https://fakeendpoint.blob.core.windows.net/srcb966ebe6-c5e3-46d4-b65e-4b36ba447f27/506238c8-40a5-461d-aa08-fd4e7478205c.txt",
      "RequestMethod": "PUT",
      "RequestHeaders": {
        "Accept": "application/xml",
        "Accept-Encoding": "gzip, deflate",
        "Authorization": "Sanitized",
        "Connection": "keep-alive",
        "Content-Length": "27",
        "Content-Type": "application/octet-stream",
        "If-None-Match": "*",
        "User-Agent": "azsdk-python-storage-blob/12.10.0b3 Python/3.10.0 (Windows-10-10.0.22000-SP0)",
        "x-ms-blob-type": "BlockBlob",
        "x-ms-client-request-id": "09f77c71-9124-11ec-ad7e-b831b58100e8",
        "x-ms-date": "Sat, 19 Feb 2022 01:34:11 GMT",
        "x-ms-version": "2021-04-10"
      },
      "RequestBody": "VGhpcyBpcyB3cml0dGVuIGluIGVuZ2xpc2gu",
      "StatusCode": 201,
      "ResponseHeaders": {
        "Content-Length": "0",
        "Content-MD5": "mYgA0QpY6baiB\u002BxZp8Hk\u002BA==",
        "Date": "Sat, 19 Feb 2022 01:34:10 GMT",
        "ETag": "\u00220x8D9F347EE2D2574\u0022",
        "Last-Modified": "Sat, 19 Feb 2022 01:34:11 GMT",
        "Server": [
          "Windows-Azure-Blob/1.0",
          "Microsoft-HTTPAPI/2.0"
        ],
        "x-ms-client-request-id": "09f77c71-9124-11ec-ad7e-b831b58100e8",
        "x-ms-content-crc64": "NB4xBtawP6g=",
        "x-ms-request-id": "ac6408b5-101e-006f-2e30-253ee7000000",
        "x-ms-request-server-encrypted": "true",
        "x-ms-version": "2021-04-10"
      },
      "ResponseBody": null
    },
    {
      "RequestUri": "https://fakeendpoint.blob.core.windows.net/target8f7e6a18-ffcd-4adf-a36b-7bc09868c57d?restype=container",
      "RequestMethod": "PUT",
      "RequestHeaders": {
        "Accept": "application/xml",
        "Accept-Encoding": "gzip, deflate",
        "Authorization": "Sanitized",
        "Connection": "keep-alive",
        "Content-Length": "0",
        "User-Agent": "azsdk-python-storage-blob/12.10.0b3 Python/3.10.0 (Windows-10-10.0.22000-SP0)",
        "x-ms-client-request-id": "0a12837a-9124-11ec-bff7-b831b58100e8",
        "x-ms-date": "Sat, 19 Feb 2022 01:34:11 GMT",
        "x-ms-version": "2021-04-10"
      },
      "RequestBody": null,
      "StatusCode": 201,
      "ResponseHeaders": {
        "Content-Length": "0",
        "Date": "Sat, 19 Feb 2022 01:34:10 GMT",
        "ETag": "\u00220x8D9F347EE4DD18E\u0022",
        "Last-Modified": "Sat, 19 Feb 2022 01:34:11 GMT",
        "Server": [
          "Windows-Azure-Blob/1.0",
          "Microsoft-HTTPAPI/2.0"
        ],
        "x-ms-client-request-id": "0a12837a-9124-11ec-bff7-b831b58100e8",
        "x-ms-request-id": "ac64092d-101e-006f-1b30-253ee7000000",
        "x-ms-version": "2021-04-10"
      },
      "ResponseBody": null
    },
    {
      "RequestUri": "https://fakeendpoint.cognitiveservices.azure.com/translator/text/batch/v1.0/batches",
      "RequestMethod": "POST",
      "RequestHeaders": {
        "Accept": "application/json",
        "Accept-Encoding": "gzip, deflate",
        "Connection": "keep-alive",
        "Content-Length": "380",
        "Content-Type": "application/json",
        "User-Agent": "azsdk-python-ai-translation-document/1.0.0b7 Python/3.10.0 (Windows-10-10.0.22000-SP0)",
        "x-ms-client-request-id": "0a33f113-9124-11ec-8081-b831b58100e8"
      },
      "RequestBody": {
        "inputs": [
          {
            "source": {
              "sourceUrl": "https://fakeendpoint.blob.core.windows.net/srcb966ebe6-c5e3-46d4-b65e-4b36ba447f27?se=end\u0026sp=rl\u0026sv=2021-04-10\u0026sr=c\u0026sig=fake_token_value",
              "filter": {}
            },
            "targets": [
              {
                "targetUrl": "https://fakeendpoint.blob.core.windows.net/target8f7e6a18-ffcd-4adf-a36b-7bc09868c57d?se=end\u0026sp=wl\u0026sv=2021-04-10\u0026sr=c\u0026sig=fake_token_value",
                "language": "es"
              }
            ]
          }
        ]
      },
      "StatusCode": 202,
      "ResponseHeaders": {
        "apim-request-id": "8d154883-9cdd-4fd9-9b78-3d124ad77cab",
        "Content-Length": "0",
        "Date": "Sat, 19 Feb 2022 01:34:11 GMT",
        "Operation-Location": "https://fakeendpoint.cognitiveservices.azure.com/translator/text/batch/v1.0/batches/9934714f-0d19-483a-8b99-0a01a91f9dda",
        "Set-Cookie": [
          "ARRAffinity=a374f049af0321e021a66f6ba57004d2e31d3140f1d09889270a08e39d2850a6;Path=/;HttpOnly;Secure;Domain=mtbatch.nam.microsofttranslator.com",
          "ARRAffinitySameSite=a374f049af0321e021a66f6ba57004d2e31d3140f1d09889270a08e39d2850a6;Path=/;HttpOnly;SameSite=None;Secure;Domain=mtbatch.nam.microsofttranslator.com"
        ],
        "Strict-Transport-Security": "max-age=31536000; includeSubDomains; preload",
        "X-Content-Type-Options": "nosniff",
        "X-Powered-By": "ASP.NET",
        "X-RequestId": "8d154883-9cdd-4fd9-9b78-3d124ad77cab"
      },
      "ResponseBody": null
    },
    {
      "RequestUri": "https://fakeendpoint.cognitiveservices.azure.com/translator/text/batch/v1.0/batches/9934714f-0d19-483a-8b99-0a01a91f9dda",
      "RequestMethod": "GET",
      "RequestHeaders": {
        "Accept": "*/*",
        "Accept-Encoding": "gzip, deflate",
        "Connection": "keep-alive",
        "User-Agent": "azsdk-python-ai-translation-document/1.0.0b7 Python/3.10.0 (Windows-10-10.0.22000-SP0)",
        "x-ms-client-request-id": "0a33f113-9124-11ec-8081-b831b58100e8"
      },
      "RequestBody": null,
      "StatusCode": 200,
      "ResponseHeaders": {
        "apim-request-id": "8e6f57ad-53a1-447a-a3a2-2f962fcc29ca",
        "Cache-Control": "public, max-age=1",
        "Content-Encoding": "gzip",
        "Content-Type": "application/json; charset=utf-8",
        "Date": "Sat, 19 Feb 2022 01:34:12 GMT",
        "ETag": "\u0022B7D13BC984986DF91D2ECD0C6F3FA484A1E88FAC1BE43BE874041E2020DA8B5E\u0022",
        "Set-Cookie": [
          "ARRAffinity=09a10d9e036c982a6acf1ed7f4e9558b44845127dddc55af67b87cd656dd4d77;Path=/;HttpOnly;Secure;Domain=mtbatch.nam.microsofttranslator.com",
          "ARRAffinitySameSite=09a10d9e036c982a6acf1ed7f4e9558b44845127dddc55af67b87cd656dd4d77;Path=/;HttpOnly;SameSite=None;Secure;Domain=mtbatch.nam.microsofttranslator.com"
        ],
        "Strict-Transport-Security": "max-age=31536000; includeSubDomains; preload",
        "Transfer-Encoding": "chunked",
        "Vary": "Accept-Encoding",
        "X-Content-Type-Options": "nosniff",
        "X-Powered-By": "ASP.NET",
        "X-RequestId": "8e6f57ad-53a1-447a-a3a2-2f962fcc29ca"
      },
      "ResponseBody": {
        "id": "9934714f-0d19-483a-8b99-0a01a91f9dda",
        "createdDateTimeUtc": "2022-02-19T01:34:11.8236817Z",
        "lastActionDateTimeUtc": "2022-02-19T01:34:12.8594389Z",
        "status": "Running",
        "summary": {
          "total": 5,
          "failed": 0,
          "success": 0,
          "inProgress": 5,
          "notYetStarted": 0,
          "cancelled": 0,
          "totalCharacterCharged": 0
        }
      }
    },
    {
      "RequestUri": "https://fakeendpoint.cognitiveservices.azure.com/translator/text/batch/v1.0/batches/9934714f-0d19-483a-8b99-0a01a91f9dda",
      "RequestMethod": "GET",
      "RequestHeaders": {
        "Accept": "*/*",
        "Accept-Encoding": "gzip, deflate",
        "Connection": "keep-alive",
        "User-Agent": "azsdk-python-ai-translation-document/1.0.0b7 Python/3.10.0 (Windows-10-10.0.22000-SP0)",
        "x-ms-client-request-id": "0a33f113-9124-11ec-8081-b831b58100e8"
      },
      "RequestBody": null,
      "StatusCode": 200,
      "ResponseHeaders": {
        "apim-request-id": "123bf663-cd14-4944-9f13-2a5d2f84a536",
        "Cache-Control": "public, max-age=1",
        "Content-Encoding": "gzip",
        "Content-Type": "application/json; charset=utf-8",
        "Date": "Sat, 19 Feb 2022 01:34:13 GMT",
        "ETag": "\u00220259E6C87CB6EB8882C25FF7E82094C31A4AA4B1F8697C8D618B0D1F38C8E8D6\u0022",
        "Set-Cookie": [
          "ARRAffinity=a374f049af0321e021a66f6ba57004d2e31d3140f1d09889270a08e39d2850a6;Path=/;HttpOnly;Secure;Domain=mtbatch.nam.microsofttranslator.com",
          "ARRAffinitySameSite=a374f049af0321e021a66f6ba57004d2e31d3140f1d09889270a08e39d2850a6;Path=/;HttpOnly;SameSite=None;Secure;Domain=mtbatch.nam.microsofttranslator.com"
        ],
        "Strict-Transport-Security": "max-age=31536000; includeSubDomains; preload",
        "Transfer-Encoding": "chunked",
        "Vary": "Accept-Encoding",
        "X-Content-Type-Options": "nosniff",
        "X-Powered-By": "ASP.NET",
        "X-RequestId": "123bf663-cd14-4944-9f13-2a5d2f84a536"
      },
      "ResponseBody": {
        "id": "9934714f-0d19-483a-8b99-0a01a91f9dda",
        "createdDateTimeUtc": "2022-02-19T01:34:11.8236817Z",
        "lastActionDateTimeUtc": "2022-02-19T01:34:13.1959687Z",
        "status": "Running",
        "summary": {
          "total": 5,
          "failed": 0,
          "success": 0,
          "inProgress": 5,
          "notYetStarted": 0,
          "cancelled": 0,
          "totalCharacterCharged": 0
        }
      }
    },
    {
      "RequestUri": "https://fakeendpoint.cognitiveservices.azure.com/translator/text/batch/v1.0/batches/9934714f-0d19-483a-8b99-0a01a91f9dda",
      "RequestMethod": "GET",
      "RequestHeaders": {
        "Accept": "*/*",
        "Accept-Encoding": "gzip, deflate",
        "Connection": "keep-alive",
        "User-Agent": "azsdk-python-ai-translation-document/1.0.0b7 Python/3.10.0 (Windows-10-10.0.22000-SP0)",
        "x-ms-client-request-id": "0a33f113-9124-11ec-8081-b831b58100e8"
      },
      "RequestBody": null,
      "StatusCode": 200,
      "ResponseHeaders": {
        "apim-request-id": "d73c7c44-87eb-45a1-8b85-477f771f623e",
        "Cache-Control": "public, max-age=1",
        "Content-Encoding": "gzip",
        "Content-Type": "application/json; charset=utf-8",
        "Date": "Sat, 19 Feb 2022 01:34:14 GMT",
        "ETag": "\u00220259E6C87CB6EB8882C25FF7E82094C31A4AA4B1F8697C8D618B0D1F38C8E8D6\u0022",
        "Set-Cookie": [
          "ARRAffinity=09a10d9e036c982a6acf1ed7f4e9558b44845127dddc55af67b87cd656dd4d77;Path=/;HttpOnly;Secure;Domain=mtbatch.nam.microsofttranslator.com",
          "ARRAffinitySameSite=09a10d9e036c982a6acf1ed7f4e9558b44845127dddc55af67b87cd656dd4d77;Path=/;HttpOnly;SameSite=None;Secure;Domain=mtbatch.nam.microsofttranslator.com"
        ],
        "Strict-Transport-Security": "max-age=31536000; includeSubDomains; preload",
        "Transfer-Encoding": "chunked",
        "Vary": "Accept-Encoding",
        "X-Content-Type-Options": "nosniff",
        "X-Powered-By": "ASP.NET",
        "X-RequestId": "d73c7c44-87eb-45a1-8b85-477f771f623e"
      },
      "ResponseBody": {
        "id": "9934714f-0d19-483a-8b99-0a01a91f9dda",
        "createdDateTimeUtc": "2022-02-19T01:34:11.8236817Z",
        "lastActionDateTimeUtc": "2022-02-19T01:34:13.1959687Z",
        "status": "Running",
        "summary": {
          "total": 5,
          "failed": 0,
          "success": 0,
          "inProgress": 5,
          "notYetStarted": 0,
          "cancelled": 0,
          "totalCharacterCharged": 0
        }
      }
    },
    {
      "RequestUri": "https://fakeendpoint.cognitiveservices.azure.com/translator/text/batch/v1.0/batches/9934714f-0d19-483a-8b99-0a01a91f9dda",
      "RequestMethod": "GET",
      "RequestHeaders": {
        "Accept": "*/*",
        "Accept-Encoding": "gzip, deflate",
        "Connection": "keep-alive",
        "User-Agent": "azsdk-python-ai-translation-document/1.0.0b7 Python/3.10.0 (Windows-10-10.0.22000-SP0)",
        "x-ms-client-request-id": "0a33f113-9124-11ec-8081-b831b58100e8"
      },
      "RequestBody": null,
      "StatusCode": 200,
      "ResponseHeaders": {
        "apim-request-id": "143bdfe6-ca7e-4e1e-beeb-a7c7cfe2b13e",
        "Cache-Control": "public, max-age=1",
        "Content-Encoding": "gzip",
        "Content-Type": "application/json; charset=utf-8",
        "Date": "Sat, 19 Feb 2022 01:34:15 GMT",
        "ETag": "\u00220259E6C87CB6EB8882C25FF7E82094C31A4AA4B1F8697C8D618B0D1F38C8E8D6\u0022",
        "Set-Cookie": [
          "ARRAffinity=a374f049af0321e021a66f6ba57004d2e31d3140f1d09889270a08e39d2850a6;Path=/;HttpOnly;Secure;Domain=mtbatch.nam.microsofttranslator.com",
          "ARRAffinitySameSite=a374f049af0321e021a66f6ba57004d2e31d3140f1d09889270a08e39d2850a6;Path=/;HttpOnly;SameSite=None;Secure;Domain=mtbatch.nam.microsofttranslator.com"
        ],
        "Strict-Transport-Security": "max-age=31536000; includeSubDomains; preload",
        "Transfer-Encoding": "chunked",
        "Vary": "Accept-Encoding",
        "X-Content-Type-Options": "nosniff",
        "X-Powered-By": "ASP.NET",
        "X-RequestId": "143bdfe6-ca7e-4e1e-beeb-a7c7cfe2b13e"
      },
      "ResponseBody": {
        "id": "9934714f-0d19-483a-8b99-0a01a91f9dda",
        "createdDateTimeUtc": "2022-02-19T01:34:11.8236817Z",
        "lastActionDateTimeUtc": "2022-02-19T01:34:13.1959687Z",
        "status": "Running",
        "summary": {
          "total": 5,
          "failed": 0,
          "success": 0,
          "inProgress": 5,
          "notYetStarted": 0,
          "cancelled": 0,
          "totalCharacterCharged": 0
        }
      }
    },
    {
      "RequestUri": "https://fakeendpoint.cognitiveservices.azure.com/translator/text/batch/v1.0/batches/9934714f-0d19-483a-8b99-0a01a91f9dda",
      "RequestMethod": "GET",
      "RequestHeaders": {
        "Accept": "*/*",
        "Accept-Encoding": "gzip, deflate",
        "Connection": "keep-alive",
        "User-Agent": "azsdk-python-ai-translation-document/1.0.0b7 Python/3.10.0 (Windows-10-10.0.22000-SP0)",
        "x-ms-client-request-id": "0a33f113-9124-11ec-8081-b831b58100e8"
      },
      "RequestBody": null,
      "StatusCode": 200,
      "ResponseHeaders": {
        "apim-request-id": "1fcb3ad5-4119-4474-9df2-14be0352edd5",
        "Cache-Control": "public, max-age=1",
        "Content-Encoding": "gzip",
        "Content-Type": "application/json; charset=utf-8",
        "Date": "Sat, 19 Feb 2022 01:34:17 GMT",
        "ETag": "\u002262F00815A87B9109F931DDCCA884C2BEA336B8EB73718E6472CCB29B9CEC8179\u0022",
        "Set-Cookie": [
          "ARRAffinity=09a10d9e036c982a6acf1ed7f4e9558b44845127dddc55af67b87cd656dd4d77;Path=/;HttpOnly;Secure;Domain=mtbatch.nam.microsofttranslator.com",
          "ARRAffinitySameSite=09a10d9e036c982a6acf1ed7f4e9558b44845127dddc55af67b87cd656dd4d77;Path=/;HttpOnly;SameSite=None;Secure;Domain=mtbatch.nam.microsofttranslator.com"
        ],
        "Strict-Transport-Security": "max-age=31536000; includeSubDomains; preload",
        "Transfer-Encoding": "chunked",
        "Vary": "Accept-Encoding",
        "X-Content-Type-Options": "nosniff",
        "X-Powered-By": "ASP.NET",
        "X-RequestId": "1fcb3ad5-4119-4474-9df2-14be0352edd5"
      },
      "ResponseBody": {
        "id": "9934714f-0d19-483a-8b99-0a01a91f9dda",
        "createdDateTimeUtc": "2022-02-19T01:34:11.8236817Z",
        "lastActionDateTimeUtc": "2022-02-19T01:34:17.2361705Z",
        "status": "Succeeded",
        "summary": {
          "total": 5,
          "failed": 0,
          "success": 5,
          "inProgress": 0,
          "notYetStarted": 0,
          "cancelled": 0,
          "totalCharacterCharged": 135
        }
      }
    },
    {
      "RequestUri": "https://fakeendpoint.cognitiveservices.azure.com/translator/text/batch/v1.0/batches/9934714f-0d19-483a-8b99-0a01a91f9dda/documents",
      "RequestMethod": "GET",
      "RequestHeaders": {
        "Accept": "application/json",
        "Accept-Encoding": "gzip, deflate",
        "Connection": "keep-alive",
        "User-Agent": "azsdk-python-ai-translation-document/1.0.0b7 Python/3.10.0 (Windows-10-10.0.22000-SP0)",
        "x-ms-client-request-id": "0da8fdd4-9124-11ec-90b1-b831b58100e8"
      },
      "RequestBody": null,
      "StatusCode": 200,
      "ResponseHeaders": {
        "apim-request-id": "88325662-b6f2-4090-97fd-a82b408540e6",
        "Cache-Control": "public, max-age=1",
        "Content-Encoding": "gzip",
        "Content-Type": "application/json; charset=utf-8",
        "Date": "Sat, 19 Feb 2022 01:34:17 GMT",
        "ETag": "\u0022295D65994EB60DC04EC39DA7D052F927B9A37A3CA1D3B2B178C89C583A967B68\u0022",
        "Set-Cookie": [
          "ARRAffinity=a374f049af0321e021a66f6ba57004d2e31d3140f1d09889270a08e39d2850a6;Path=/;HttpOnly;Secure;Domain=mtbatch.nam.microsofttranslator.com",
          "ARRAffinitySameSite=a374f049af0321e021a66f6ba57004d2e31d3140f1d09889270a08e39d2850a6;Path=/;HttpOnly;SameSite=None;Secure;Domain=mtbatch.nam.microsofttranslator.com"
        ],
        "Strict-Transport-Security": "max-age=31536000; includeSubDomains; preload",
        "Transfer-Encoding": "chunked",
        "Vary": "Accept-Encoding",
        "X-Content-Type-Options": "nosniff",
        "X-Powered-By": "ASP.NET",
        "X-RequestId": "88325662-b6f2-4090-97fd-a82b408540e6"
      },
      "ResponseBody": {
        "value": [
          {
            "path": "https://fakeendpoint.blob.core.windows.net/target8f7e6a18-ffcd-4adf-a36b-7bc09868c57d/bce766c1-5571-433c-802f-59cc8a95c257.txt",
            "sourcePath": "https://fakeendpoint.blob.core.windows.net/srcb966ebe6-c5e3-46d4-b65e-4b36ba447f27/bce766c1-5571-433c-802f-59cc8a95c257.txt",
            "createdDateTimeUtc": "2022-02-19T01:34:12.8665951Z",
            "lastActionDateTimeUtc": "2022-02-19T01:34:17.2361662Z",
            "status": "Succeeded",
            "to": "es",
            "progress": 1,
            "id": "00245cfe-0000-0000-0000-000000000000",
            "characterCharged": 27
          },
          {
            "path": "https://fakeendpoint.blob.core.windows.net/target8f7e6a18-ffcd-4adf-a36b-7bc09868c57d/506238c8-40a5-461d-aa08-fd4e7478205c.txt",
            "sourcePath": "https://fakeendpoint.blob.core.windows.net/srcb966ebe6-c5e3-46d4-b65e-4b36ba447f27/506238c8-40a5-461d-aa08-fd4e7478205c.txt",
            "createdDateTimeUtc": "2022-02-19T01:34:12.564164Z",
            "lastActionDateTimeUtc": "2022-02-19T01:34:16.7876039Z",
            "status": "Succeeded",
            "to": "es",
            "progress": 1,
            "id": "00245cfb-0000-0000-0000-000000000000",
            "characterCharged": 27
          },
          {
            "path": "https://fakeendpoint.blob.core.windows.net/target8f7e6a18-ffcd-4adf-a36b-7bc09868c57d/7fd21a05-e8ed-4a99-abd3-f356f77cb9f5.txt",
            "sourcePath": "https://fakeendpoint.blob.core.windows.net/srcb966ebe6-c5e3-46d4-b65e-4b36ba447f27/7fd21a05-e8ed-4a99-abd3-f356f77cb9f5.txt",
            "createdDateTimeUtc": "2022-02-19T01:34:12.5291129Z",
            "lastActionDateTimeUtc": "2022-02-19T01:34:16.8175312Z",
            "status": "Succeeded",
            "to": "es",
            "progress": 1,
            "id": "00245cfd-0000-0000-0000-000000000000",
            "characterCharged": 27
          },
          {
            "path": "https://fakeendpoint.blob.core.windows.net/target8f7e6a18-ffcd-4adf-a36b-7bc09868c57d/6df0b0f0-5a50-4910-bf1e-7a5c0a3fe6ee.txt",
            "sourcePath": "https://fakeendpoint.blob.core.windows.net/srcb966ebe6-c5e3-46d4-b65e-4b36ba447f27/6df0b0f0-5a50-4910-bf1e-7a5c0a3fe6ee.txt",
            "createdDateTimeUtc": "2022-02-19T01:34:12.5237051Z",
            "lastActionDateTimeUtc": "2022-02-19T01:34:16.8214586Z",
            "status": "Succeeded",
            "to": "es",
            "progress": 1,
            "id": "00245cfc-0000-0000-0000-000000000000",
            "characterCharged": 27
          },
          {
            "path": "https://fakeendpoint.blob.core.windows.net/target8f7e6a18-ffcd-4adf-a36b-7bc09868c57d/1d03dd0b-e04b-4e2b-a969-0e7946a9546a.txt",
            "sourcePath": "https://fakeendpoint.blob.core.windows.net/srcb966ebe6-c5e3-46d4-b65e-4b36ba447f27/1d03dd0b-e04b-4e2b-a969-0e7946a9546a.txt",
            "createdDateTimeUtc": "2022-02-19T01:34:12.5118668Z",
            "lastActionDateTimeUtc": "2022-02-19T01:34:16.7599003Z",
            "status": "Succeeded",
            "to": "es",
            "progress": 1,
            "id": "00245cfa-0000-0000-0000-000000000000",
            "characterCharged": 27
          }
        ]
      }
    },
    {
      "RequestUri": "https://fakeendpoint.cognitiveservices.azure.com/translator/text/batch/v1.0/batches/9934714f-0d19-483a-8b99-0a01a91f9dda/documents?$orderBy=createdDateTimeUtc%20asc",
      "RequestMethod": "GET",
      "RequestHeaders": {
        "Accept": "application/json",
        "Accept-Encoding": "gzip, deflate",
        "Connection": "keep-alive",
        "User-Agent": "azsdk-python-ai-translation-document/1.0.0b7 Python/3.10.0 (Windows-10-10.0.22000-SP0)",
        "x-ms-client-request-id": "0db55d8b-9124-11ec-a56f-b831b58100e8"
      },
      "RequestBody": null,
      "StatusCode": 200,
      "ResponseHeaders": {
        "apim-request-id": "c9ee6047-f26e-4e66-b8b8-5af4d4b41d16",
        "Cache-Control": "public, max-age=1",
        "Content-Encoding": "gzip",
        "Content-Type": "application/json; charset=utf-8",
        "Date": "Sat, 19 Feb 2022 01:34:17 GMT",
        "ETag": "\u0022534744282D5625DEEDEE88B248ADD49D45B1642CAD39187B0222D13281966FE0\u0022",
        "Set-Cookie": [
          "ARRAffinity=09a10d9e036c982a6acf1ed7f4e9558b44845127dddc55af67b87cd656dd4d77;Path=/;HttpOnly;Secure;Domain=mtbatch.nam.microsofttranslator.com",
          "ARRAffinitySameSite=09a10d9e036c982a6acf1ed7f4e9558b44845127dddc55af67b87cd656dd4d77;Path=/;HttpOnly;SameSite=None;Secure;Domain=mtbatch.nam.microsofttranslator.com"
        ],
        "Strict-Transport-Security": "max-age=31536000; includeSubDomains; preload",
        "Transfer-Encoding": "chunked",
        "Vary": "Accept-Encoding",
        "X-Content-Type-Options": "nosniff",
        "X-Powered-By": "ASP.NET",
        "X-RequestId": "c9ee6047-f26e-4e66-b8b8-5af4d4b41d16"
      },
      "ResponseBody": {
        "value": [
          {
            "path": "https://fakeendpoint.blob.core.windows.net/target8f7e6a18-ffcd-4adf-a36b-7bc09868c57d/1d03dd0b-e04b-4e2b-a969-0e7946a9546a.txt",
            "sourcePath": "https://fakeendpoint.blob.core.windows.net/srcb966ebe6-c5e3-46d4-b65e-4b36ba447f27/1d03dd0b-e04b-4e2b-a969-0e7946a9546a.txt",
            "createdDateTimeUtc": "2022-02-19T01:34:12.5118668Z",
            "lastActionDateTimeUtc": "2022-02-19T01:34:16.7599003Z",
            "status": "Succeeded",
            "to": "es",
            "progress": 1,
            "id": "00245cfa-0000-0000-0000-000000000000",
            "characterCharged": 27
          },
          {
            "path": "https://fakeendpoint.blob.core.windows.net/target8f7e6a18-ffcd-4adf-a36b-7bc09868c57d/6df0b0f0-5a50-4910-bf1e-7a5c0a3fe6ee.txt",
            "sourcePath": "https://fakeendpoint.blob.core.windows.net/srcb966ebe6-c5e3-46d4-b65e-4b36ba447f27/6df0b0f0-5a50-4910-bf1e-7a5c0a3fe6ee.txt",
            "createdDateTimeUtc": "2022-02-19T01:34:12.5237051Z",
            "lastActionDateTimeUtc": "2022-02-19T01:34:16.8214586Z",
            "status": "Succeeded",
            "to": "es",
            "progress": 1,
            "id": "00245cfc-0000-0000-0000-000000000000",
            "characterCharged": 27
          },
          {
            "path": "https://fakeendpoint.blob.core.windows.net/target8f7e6a18-ffcd-4adf-a36b-7bc09868c57d/7fd21a05-e8ed-4a99-abd3-f356f77cb9f5.txt",
            "sourcePath": "https://fakeendpoint.blob.core.windows.net/srcb966ebe6-c5e3-46d4-b65e-4b36ba447f27/7fd21a05-e8ed-4a99-abd3-f356f77cb9f5.txt",
            "createdDateTimeUtc": "2022-02-19T01:34:12.5291129Z",
            "lastActionDateTimeUtc": "2022-02-19T01:34:16.8175312Z",
            "status": "Succeeded",
            "to": "es",
            "progress": 1,
            "id": "00245cfd-0000-0000-0000-000000000000",
            "characterCharged": 27
          },
          {
            "path": "https://fakeendpoint.blob.core.windows.net/target8f7e6a18-ffcd-4adf-a36b-7bc09868c57d/506238c8-40a5-461d-aa08-fd4e7478205c.txt",
            "sourcePath": "https://fakeendpoint.blob.core.windows.net/srcb966ebe6-c5e3-46d4-b65e-4b36ba447f27/506238c8-40a5-461d-aa08-fd4e7478205c.txt",
            "createdDateTimeUtc": "2022-02-19T01:34:12.564164Z",
            "lastActionDateTimeUtc": "2022-02-19T01:34:16.7876039Z",
            "status": "Succeeded",
            "to": "es",
            "progress": 1,
            "id": "00245cfb-0000-0000-0000-000000000000",
            "characterCharged": 27
          },
          {
            "path": "https://fakeendpoint.blob.core.windows.net/target8f7e6a18-ffcd-4adf-a36b-7bc09868c57d/bce766c1-5571-433c-802f-59cc8a95c257.txt",
            "sourcePath": "https://fakeendpoint.blob.core.windows.net/srcb966ebe6-c5e3-46d4-b65e-4b36ba447f27/bce766c1-5571-433c-802f-59cc8a95c257.txt",
            "createdDateTimeUtc": "2022-02-19T01:34:12.8665951Z",
            "lastActionDateTimeUtc": "2022-02-19T01:34:17.2361662Z",
            "status": "Succeeded",
            "to": "es",
            "progress": 1,
            "id": "00245cfe-0000-0000-0000-000000000000",
            "characterCharged": 27
          }
        ]
      }
    }
  ],
  "Variables": {
    "source_container_name": "srcb966ebe6-c5e3-46d4-b65e-4b36ba447f27",
    "target_container_name": "target8f7e6a18-ffcd-4adf-a36b-7bc09868c57d"
  }
}
