{
  "Entries": [
    {
      "RequestUri": "https://fakeendpoint.blob.core.windows.net/srce7741314-7cb4-4aba-8824-904a342fe9fd?restype=container",
      "RequestMethod": "PUT",
      "RequestHeaders": {
        "Accept": "application/xml",
        "Accept-Encoding": "gzip, deflate",
        "Authorization": "Sanitized",
        "Connection": "keep-alive",
        "Content-Length": "0",
        "User-Agent": "azsdk-python-storage-blob/12.10.0b3 Python/3.10.0 (Windows-10-10.0.22000-SP0)",
        "x-ms-client-request-id": "9f12b3d1-9126-11ec-9fbe-b831b58100e8",
        "x-ms-date": "Sat, 19 Feb 2022 01:52:40 GMT",
        "x-ms-version": "2021-04-10"
      },
      "RequestBody": null,
      "StatusCode": 201,
      "ResponseHeaders": {
        "Content-Length": "0",
        "Date": "Sat, 19 Feb 2022 01:52:40 GMT",
        "ETag": "\u00220x8D9F34A8349DF79\u0022",
        "Last-Modified": "Sat, 19 Feb 2022 01:52:40 GMT",
        "Server": [
          "Windows-Azure-Blob/1.0",
          "Microsoft-HTTPAPI/2.0"
        ],
        "x-ms-client-request-id": "9f12b3d1-9126-11ec-9fbe-b831b58100e8",
        "x-ms-request-id": "fe689b06-001e-0063-6f33-25a9ef000000",
        "x-ms-version": "2021-04-10"
      },
      "ResponseBody": null
    },
    {
      "RequestUri": "https://fakeendpoint.blob.core.windows.net/srce7741314-7cb4-4aba-8824-904a342fe9fd/f956d420-6a13-41be-b2c4-3f7dd34b839a.txt",
      "RequestMethod": "PUT",
      "RequestHeaders": {
        "Accept": "application/xml",
        "Accept-Encoding": "gzip, deflate",
        "Authorization": "Sanitized",
        "Connection": "keep-alive",
        "Content-Length": "17",
        "Content-Type": "application/octet-stream",
        "If-None-Match": "*",
        "User-Agent": "azsdk-python-storage-blob/12.10.0b3 Python/3.10.0 (Windows-10-10.0.22000-SP0)",
        "x-ms-blob-type": "BlockBlob",
        "x-ms-client-request-id": "9f19f915-9126-11ec-ae8b-b831b58100e8",
        "x-ms-date": "Sat, 19 Feb 2022 01:52:40 GMT",
        "x-ms-version": "2021-04-10"
      },
      "RequestBody": "VGhpcyBpcyBzb21lIHRleHQ=",
      "StatusCode": 201,
      "ResponseHeaders": {
        "Content-Length": "0",
        "Content-MD5": "lyFPYyJLwenMTaN3qtznxw==",
        "Date": "Sat, 19 Feb 2022 01:52:40 GMT",
        "ETag": "\u00220x8D9F34A834F8B07\u0022",
        "Last-Modified": "Sat, 19 Feb 2022 01:52:40 GMT",
        "Server": [
          "Windows-Azure-Blob/1.0",
          "Microsoft-HTTPAPI/2.0"
        ],
        "x-ms-client-request-id": "9f19f915-9126-11ec-ae8b-b831b58100e8",
        "x-ms-content-crc64": "SqmNKeH10UQ=",
        "x-ms-request-id": "fe689b27-001e-0063-0733-25a9ef000000",
        "x-ms-request-server-encrypted": "true",
        "x-ms-version": "2021-04-10"
      },
      "ResponseBody": null
    },
    {
      "RequestUri": "https://fakeendpoint.blob.core.windows.net/targetc164176a-1f8c-48a4-bf68-a0e0b26b58d1?restype=container",
      "RequestMethod": "PUT",
      "RequestHeaders": {
        "Accept": "application/xml",
        "Accept-Encoding": "gzip, deflate",
        "Authorization": "Sanitized",
        "Connection": "keep-alive",
        "Content-Length": "0",
        "User-Agent": "azsdk-python-storage-blob/12.10.0b3 Python/3.10.0 (Windows-10-10.0.22000-SP0)",
        "x-ms-client-request-id": "9f309e0a-9126-11ec-ba5b-b831b58100e8",
        "x-ms-date": "Sat, 19 Feb 2022 01:52:40 GMT",
        "x-ms-version": "2021-04-10"
      },
      "RequestBody": null,
      "StatusCode": 201,
      "ResponseHeaders": {
        "Content-Length": "0",
        "Date": "Sat, 19 Feb 2022 01:52:40 GMT",
        "ETag": "\u00220x8D9F34A8369BEED\u0022",
        "Last-Modified": "Sat, 19 Feb 2022 01:52:40 GMT",
        "Server": [
          "Windows-Azure-Blob/1.0",
          "Microsoft-HTTPAPI/2.0"
        ],
        "x-ms-client-request-id": "9f309e0a-9126-11ec-ba5b-b831b58100e8",
        "x-ms-request-id": "fe689bad-001e-0063-6f33-25a9ef000000",
        "x-ms-version": "2021-04-10"
      },
      "ResponseBody": null
    },
    {
      "RequestUri": "https://fakeendpoint.blob.core.windows.net/targetf0301e81-0b22-45be-8608-658027a8e0dc?restype=container",
      "RequestMethod": "PUT",
      "RequestHeaders": {
        "Accept": "application/xml",
        "Accept-Encoding": "gzip, deflate",
        "Authorization": "Sanitized",
        "Connection": "keep-alive",
        "Content-Length": "0",
        "User-Agent": "azsdk-python-storage-blob/12.10.0b3 Python/3.10.0 (Windows-10-10.0.22000-SP0)",
        "x-ms-client-request-id": "9f4d627d-9126-11ec-b660-b831b58100e8",
        "x-ms-date": "Sat, 19 Feb 2022 01:52:40 GMT",
        "x-ms-version": "2021-04-10"
      },
      "RequestBody": null,
      "StatusCode": 201,
      "ResponseHeaders": {
        "Content-Length": "0",
        "Date": "Sat, 19 Feb 2022 01:52:40 GMT",
        "ETag": "\u00220x8D9F34A8385CE59\u0022",
        "Last-Modified": "Sat, 19 Feb 2022 01:52:40 GMT",
        "Server": [
          "Windows-Azure-Blob/1.0",
          "Microsoft-HTTPAPI/2.0"
        ],
        "x-ms-client-request-id": "9f4d627d-9126-11ec-b660-b831b58100e8",
        "x-ms-request-id": "fe689c64-001e-0063-0c33-25a9ef000000",
        "x-ms-version": "2021-04-10"
      },
      "ResponseBody": null
    },
    {
      "RequestUri": "https://fakeendpoint.cognitiveservices.azure.com/translator/text/batch/v1.0/batches",
      "RequestMethod": "POST",
      "RequestHeaders": {
        "Accept": "application/json",
        "Accept-Encoding": "gzip, deflate",
        "Connection": "keep-alive",
        "Content-Length": "555",
        "Content-Type": "application/json",
        "User-Agent": "azsdk-python-ai-translation-document/1.0.0b7 Python/3.10.0 (Windows-10-10.0.22000-SP0)",
        "x-ms-client-request-id": "9f6b3c6b-9126-11ec-8e32-b831b58100e8"
      },
      "RequestBody": {
        "inputs": [
          {
            "source": {
              "sourceUrl": "https://fakeendpoint.blob.core.windows.net/srce7741314-7cb4-4aba-8824-904a342fe9fd?se=end\u0026sp=rl\u0026sv=2021-04-10\u0026sr=c\u0026sig=fake_token_value",
              "filter": {}
            },
            "targets": [
              {
                "targetUrl": "https://fakeendpoint.blob.core.windows.net/targetc164176a-1f8c-48a4-bf68-a0e0b26b58d1?se=end\u0026sp=wl\u0026sv=2021-04-10\u0026sr=c\u0026sig=fake_token_value",
                "language": "es"
              },
              {
                "targetUrl": "https://fakeendpoint.blob.core.windows.net/targetf0301e81-0b22-45be-8608-658027a8e0dc?se=end\u0026sp=wl\u0026sv=2021-04-10\u0026sr=c\u0026sig=fake_token_value",
                "language": "fr"
              }
            ]
          }
        ]
      },
      "StatusCode": 202,
      "ResponseHeaders": {
        "apim-request-id": "8960a092-c1e1-4f16-9c15-ebd774107f98",
        "Content-Length": "0",
        "Date": "Sat, 19 Feb 2022 01:52:40 GMT",
        "Operation-Location": "https://fakeendpoint.cognitiveservices.azure.com/translator/text/batch/v1.0/batches/786304e8-3e76-4cf0-a115-c0f2e552f362",
        "Set-Cookie": [
          "ARRAffinity=09a10d9e036c982a6acf1ed7f4e9558b44845127dddc55af67b87cd656dd4d77;Path=/;HttpOnly;Secure;Domain=mtbatch.nam.microsofttranslator.com",
          "ARRAffinitySameSite=09a10d9e036c982a6acf1ed7f4e9558b44845127dddc55af67b87cd656dd4d77;Path=/;HttpOnly;SameSite=None;Secure;Domain=mtbatch.nam.microsofttranslator.com"
        ],
        "Strict-Transport-Security": "max-age=31536000; includeSubDomains; preload",
        "X-Content-Type-Options": "nosniff",
        "X-Powered-By": "ASP.NET",
        "X-RequestId": "8960a092-c1e1-4f16-9c15-ebd774107f98"
      },
      "ResponseBody": null
    },
    {
      "RequestUri": "https://fakeendpoint.cognitiveservices.azure.com/translator/text/batch/v1.0/batches/786304e8-3e76-4cf0-a115-c0f2e552f362",
      "RequestMethod": "GET",
      "RequestHeaders": {
        "Accept": "*/*",
        "Accept-Encoding": "gzip, deflate",
        "Connection": "keep-alive",
        "User-Agent": "azsdk-python-ai-translation-document/1.0.0b7 Python/3.10.0 (Windows-10-10.0.22000-SP0)",
        "x-ms-client-request-id": "9f6b3c6b-9126-11ec-8e32-b831b58100e8"
      },
      "RequestBody": null,
      "StatusCode": 200,
      "ResponseHeaders": {
        "apim-request-id": "7dbdceba-3761-4b6f-83a6-acb8625b4b7b",
        "Cache-Control": "public, max-age=1",
        "Content-Encoding": "gzip",
        "Content-Type": "application/json; charset=utf-8",
        "Date": "Sat, 19 Feb 2022 01:52:41 GMT",
        "ETag": "\u00228113EA9543FB9F5F0A658CFB50D8EC3D2397156E22C80453B7670C51224AB77A\u0022",
        "Set-Cookie": [
          "ARRAffinity=09a10d9e036c982a6acf1ed7f4e9558b44845127dddc55af67b87cd656dd4d77;Path=/;HttpOnly;Secure;Domain=mtbatch.nam.microsofttranslator.com",
          "ARRAffinitySameSite=09a10d9e036c982a6acf1ed7f4e9558b44845127dddc55af67b87cd656dd4d77;Path=/;HttpOnly;SameSite=None;Secure;Domain=mtbatch.nam.microsofttranslator.com"
        ],
        "Strict-Transport-Security": "max-age=31536000; includeSubDomains; preload",
        "Transfer-Encoding": "chunked",
        "Vary": "Accept-Encoding",
        "X-Content-Type-Options": "nosniff",
        "X-Powered-By": "ASP.NET",
        "X-RequestId": "7dbdceba-3761-4b6f-83a6-acb8625b4b7b"
      },
      "ResponseBody": {
        "id": "786304e8-3e76-4cf0-a115-c0f2e552f362",
        "createdDateTimeUtc": "2022-02-19T01:52:41.137489Z",
        "lastActionDateTimeUtc": "2022-02-19T01:52:41.2998659Z",
        "status": "NotStarted",
        "summary": {
          "total": 2,
          "failed": 0,
          "success": 0,
          "inProgress": 0,
          "notYetStarted": 2,
          "cancelled": 0,
          "totalCharacterCharged": 0
        }
      }
    },
    {
      "RequestUri": "https://fakeendpoint.cognitiveservices.azure.com/translator/text/batch/v1.0/batches/786304e8-3e76-4cf0-a115-c0f2e552f362",
      "RequestMethod": "GET",
      "RequestHeaders": {
        "Accept": "*/*",
        "Accept-Encoding": "gzip, deflate",
        "Connection": "keep-alive",
        "User-Agent": "azsdk-python-ai-translation-document/1.0.0b7 Python/3.10.0 (Windows-10-10.0.22000-SP0)",
        "x-ms-client-request-id": "9f6b3c6b-9126-11ec-8e32-b831b58100e8"
      },
      "RequestBody": null,
      "StatusCode": 200,
      "ResponseHeaders": {
        "apim-request-id": "6d6c3022-5595-4a9e-8cb9-62f41d5833bb",
        "Cache-Control": "public, max-age=1",
        "Content-Encoding": "gzip",
        "Content-Type": "application/json; charset=utf-8",
        "Date": "Sat, 19 Feb 2022 01:52:42 GMT",
        "ETag": "\u0022C59AEE39E1643D88C0E44CCB4CAD132F5644579F42B7B01FB5E2725108F91705\u0022",
        "Set-Cookie": [
          "ARRAffinity=09a10d9e036c982a6acf1ed7f4e9558b44845127dddc55af67b87cd656dd4d77;Path=/;HttpOnly;Secure;Domain=mtbatch.nam.microsofttranslator.com",
          "ARRAffinitySameSite=09a10d9e036c982a6acf1ed7f4e9558b44845127dddc55af67b87cd656dd4d77;Path=/;HttpOnly;SameSite=None;Secure;Domain=mtbatch.nam.microsofttranslator.com"
        ],
        "Strict-Transport-Security": "max-age=31536000; includeSubDomains; preload",
        "Transfer-Encoding": "chunked",
        "Vary": "Accept-Encoding",
        "X-Content-Type-Options": "nosniff",
        "X-Powered-By": "ASP.NET",
        "X-RequestId": "6d6c3022-5595-4a9e-8cb9-62f41d5833bb"
      },
      "ResponseBody": {
        "id": "786304e8-3e76-4cf0-a115-c0f2e552f362",
        "createdDateTimeUtc": "2022-02-19T01:52:41.137489Z",
        "lastActionDateTimeUtc": "2022-02-19T01:52:42.5732931Z",
        "status": "Running",
        "summary": {
          "total": 2,
          "failed": 0,
          "success": 0,
          "inProgress": 2,
          "notYetStarted": 0,
          "cancelled": 0,
          "totalCharacterCharged": 0
        }
      }
    },
    {
      "RequestUri": "https://fakeendpoint.cognitiveservices.azure.com/translator/text/batch/v1.0/batches/786304e8-3e76-4cf0-a115-c0f2e552f362",
      "RequestMethod": "GET",
      "RequestHeaders": {
        "Accept": "*/*",
        "Accept-Encoding": "gzip, deflate",
        "Connection": "keep-alive",
        "User-Agent": "azsdk-python-ai-translation-document/1.0.0b7 Python/3.10.0 (Windows-10-10.0.22000-SP0)",
        "x-ms-client-request-id": "9f6b3c6b-9126-11ec-8e32-b831b58100e8"
      },
      "RequestBody": null,
      "StatusCode": 200,
      "ResponseHeaders": {
        "apim-request-id": "21dfbda6-a2bb-437f-88a5-de88875a6867",
        "Cache-Control": "public, max-age=1",
        "Content-Encoding": "gzip",
        "Content-Type": "application/json; charset=utf-8",
        "Date": "Sat, 19 Feb 2022 01:52:43 GMT",
        "ETag": "\u0022C59AEE39E1643D88C0E44CCB4CAD132F5644579F42B7B01FB5E2725108F91705\u0022",
        "Set-Cookie": [
          "ARRAffinity=a374f049af0321e021a66f6ba57004d2e31d3140f1d09889270a08e39d2850a6;Path=/;HttpOnly;Secure;Domain=mtbatch.nam.microsofttranslator.com",
          "ARRAffinitySameSite=a374f049af0321e021a66f6ba57004d2e31d3140f1d09889270a08e39d2850a6;Path=/;HttpOnly;SameSite=None;Secure;Domain=mtbatch.nam.microsofttranslator.com"
        ],
        "Strict-Transport-Security": "max-age=31536000; includeSubDomains; preload",
        "Transfer-Encoding": "chunked",
        "Vary": "Accept-Encoding",
        "X-Content-Type-Options": "nosniff",
        "X-Powered-By": "ASP.NET",
        "X-RequestId": "21dfbda6-a2bb-437f-88a5-de88875a6867"
      },
      "ResponseBody": {
        "id": "786304e8-3e76-4cf0-a115-c0f2e552f362",
        "createdDateTimeUtc": "2022-02-19T01:52:41.137489Z",
        "lastActionDateTimeUtc": "2022-02-19T01:52:42.5732931Z",
        "status": "Running",
        "summary": {
          "total": 2,
          "failed": 0,
          "success": 0,
          "inProgress": 2,
          "notYetStarted": 0,
          "cancelled": 0,
          "totalCharacterCharged": 0
        }
      }
    },
    {
      "RequestUri": "https://fakeendpoint.cognitiveservices.azure.com/translator/text/batch/v1.0/batches/786304e8-3e76-4cf0-a115-c0f2e552f362",
      "RequestMethod": "GET",
      "RequestHeaders": {
        "Accept": "*/*",
        "Accept-Encoding": "gzip, deflate",
        "Connection": "keep-alive",
        "User-Agent": "azsdk-python-ai-translation-document/1.0.0b7 Python/3.10.0 (Windows-10-10.0.22000-SP0)",
        "x-ms-client-request-id": "9f6b3c6b-9126-11ec-8e32-b831b58100e8"
      },
      "RequestBody": null,
      "StatusCode": 200,
      "ResponseHeaders": {
        "apim-request-id": "be58252e-73f6-43a9-b682-78af3dc14b02",
        "Cache-Control": "public, max-age=1",
        "Content-Encoding": "gzip",
        "Content-Type": "application/json; charset=utf-8",
        "Date": "Sat, 19 Feb 2022 01:52:44 GMT",
        "ETag": "\u0022C59AEE39E1643D88C0E44CCB4CAD132F5644579F42B7B01FB5E2725108F91705\u0022",
        "Set-Cookie": [
          "ARRAffinity=09a10d9e036c982a6acf1ed7f4e9558b44845127dddc55af67b87cd656dd4d77;Path=/;HttpOnly;Secure;Domain=mtbatch.nam.microsofttranslator.com",
          "ARRAffinitySameSite=09a10d9e036c982a6acf1ed7f4e9558b44845127dddc55af67b87cd656dd4d77;Path=/;HttpOnly;SameSite=None;Secure;Domain=mtbatch.nam.microsofttranslator.com"
        ],
        "Strict-Transport-Security": "max-age=31536000; includeSubDomains; preload",
        "Transfer-Encoding": "chunked",
        "Vary": "Accept-Encoding",
        "X-Content-Type-Options": "nosniff",
        "X-Powered-By": "ASP.NET",
        "X-RequestId": "be58252e-73f6-43a9-b682-78af3dc14b02"
      },
      "ResponseBody": {
        "id": "786304e8-3e76-4cf0-a115-c0f2e552f362",
        "createdDateTimeUtc": "2022-02-19T01:52:41.137489Z",
        "lastActionDateTimeUtc": "2022-02-19T01:52:42.5732931Z",
        "status": "Running",
        "summary": {
          "total": 2,
          "failed": 0,
          "success": 0,
          "inProgress": 2,
          "notYetStarted": 0,
          "cancelled": 0,
          "totalCharacterCharged": 0
        }
      }
    },
    {
      "RequestUri": "https://fakeendpoint.cognitiveservices.azure.com/translator/text/batch/v1.0/batches/786304e8-3e76-4cf0-a115-c0f2e552f362",
      "RequestMethod": "GET",
      "RequestHeaders": {
        "Accept": "*/*",
        "Accept-Encoding": "gzip, deflate",
        "Connection": "keep-alive",
        "User-Agent": "azsdk-python-ai-translation-document/1.0.0b7 Python/3.10.0 (Windows-10-10.0.22000-SP0)",
        "x-ms-client-request-id": "9f6b3c6b-9126-11ec-8e32-b831b58100e8"
      },
      "RequestBody": null,
      "StatusCode": 200,
      "ResponseHeaders": {
        "apim-request-id": "0eb2c1e3-83fa-4287-a055-5d3205c1a1e7",
        "Cache-Control": "public, max-age=1",
        "Content-Encoding": "gzip",
        "Content-Type": "application/json; charset=utf-8",
        "Date": "Sat, 19 Feb 2022 01:52:45 GMT",
        "ETag": "\u00228DC9C2879A4439203FFBAB7F28CC876E6F7EB2936998A61A5BF3542C5F7E170A\u0022",
        "Set-Cookie": [
          "ARRAffinity=a374f049af0321e021a66f6ba57004d2e31d3140f1d09889270a08e39d2850a6;Path=/;HttpOnly;Secure;Domain=mtbatch.nam.microsofttranslator.com",
          "ARRAffinitySameSite=a374f049af0321e021a66f6ba57004d2e31d3140f1d09889270a08e39d2850a6;Path=/;HttpOnly;SameSite=None;Secure;Domain=mtbatch.nam.microsofttranslator.com"
        ],
        "Strict-Transport-Security": "max-age=31536000; includeSubDomains; preload",
        "Transfer-Encoding": "chunked",
        "Vary": "Accept-Encoding",
        "X-Content-Type-Options": "nosniff",
        "X-Powered-By": "ASP.NET",
        "X-RequestId": "0eb2c1e3-83fa-4287-a055-5d3205c1a1e7"
      },
      "ResponseBody": {
        "id": "786304e8-3e76-4cf0-a115-c0f2e552f362",
        "createdDateTimeUtc": "2022-02-19T01:52:41.137489Z",
        "lastActionDateTimeUtc": "2022-02-19T01:52:45.4462569Z",
        "status": "Running",
        "summary": {
          "total": 2,
          "failed": 0,
          "success": 1,
          "inProgress": 1,
          "notYetStarted": 0,
          "cancelled": 0,
          "totalCharacterCharged": 17
        }
      }
    },
    {
      "RequestUri": "https://fakeendpoint.cognitiveservices.azure.com/translator/text/batch/v1.0/batches/786304e8-3e76-4cf0-a115-c0f2e552f362",
      "RequestMethod": "GET",
      "RequestHeaders": {
        "Accept": "*/*",
        "Accept-Encoding": "gzip, deflate",
        "Connection": "keep-alive",
        "User-Agent": "azsdk-python-ai-translation-document/1.0.0b7 Python/3.10.0 (Windows-10-10.0.22000-SP0)",
        "x-ms-client-request-id": "9f6b3c6b-9126-11ec-8e32-b831b58100e8"
      },
      "RequestBody": null,
      "StatusCode": 200,
      "ResponseHeaders": {
        "apim-request-id": "3bf20a34-20e0-4b78-94ba-4a2bb2766ba1",
        "Cache-Control": "public, max-age=1",
        "Content-Encoding": "gzip",
        "Content-Type": "application/json; charset=utf-8",
        "Date": "Sat, 19 Feb 2022 01:52:46 GMT",
        "ETag": "\u00228DC9C2879A4439203FFBAB7F28CC876E6F7EB2936998A61A5BF3542C5F7E170A\u0022",
        "Set-Cookie": [
          "ARRAffinity=09a10d9e036c982a6acf1ed7f4e9558b44845127dddc55af67b87cd656dd4d77;Path=/;HttpOnly;Secure;Domain=mtbatch.nam.microsofttranslator.com",
          "ARRAffinitySameSite=09a10d9e036c982a6acf1ed7f4e9558b44845127dddc55af67b87cd656dd4d77;Path=/;HttpOnly;SameSite=None;Secure;Domain=mtbatch.nam.microsofttranslator.com"
        ],
        "Strict-Transport-Security": "max-age=31536000; includeSubDomains; preload",
        "Transfer-Encoding": "chunked",
        "Vary": "Accept-Encoding",
        "X-Content-Type-Options": "nosniff",
        "X-Powered-By": "ASP.NET",
        "X-RequestId": "3bf20a34-20e0-4b78-94ba-4a2bb2766ba1"
      },
      "ResponseBody": {
        "id": "786304e8-3e76-4cf0-a115-c0f2e552f362",
        "createdDateTimeUtc": "2022-02-19T01:52:41.137489Z",
        "lastActionDateTimeUtc": "2022-02-19T01:52:45.4462569Z",
        "status": "Running",
        "summary": {
          "total": 2,
          "failed": 0,
          "success": 1,
          "inProgress": 1,
          "notYetStarted": 0,
          "cancelled": 0,
          "totalCharacterCharged": 17
        }
      }
    },
    {
      "RequestUri": "https://fakeendpoint.cognitiveservices.azure.com/translator/text/batch/v1.0/batches/786304e8-3e76-4cf0-a115-c0f2e552f362",
      "RequestMethod": "GET",
      "RequestHeaders": {
        "Accept": "*/*",
        "Accept-Encoding": "gzip, deflate",
        "Connection": "keep-alive",
        "User-Agent": "azsdk-python-ai-translation-document/1.0.0b7 Python/3.10.0 (Windows-10-10.0.22000-SP0)",
        "x-ms-client-request-id": "9f6b3c6b-9126-11ec-8e32-b831b58100e8"
      },
      "RequestBody": null,
      "StatusCode": 200,
      "ResponseHeaders": {
        "apim-request-id": "311f4f16-846e-49a5-bc8f-ca02212756d2",
        "Cache-Control": "public, max-age=1",
        "Content-Encoding": "gzip",
        "Content-Type": "application/json; charset=utf-8",
        "Date": "Sat, 19 Feb 2022 01:52:47 GMT",
        "ETag": "\u00228DC9C2879A4439203FFBAB7F28CC876E6F7EB2936998A61A5BF3542C5F7E170A\u0022",
        "Set-Cookie": [
          "ARRAffinity=a374f049af0321e021a66f6ba57004d2e31d3140f1d09889270a08e39d2850a6;Path=/;HttpOnly;Secure;Domain=mtbatch.nam.microsofttranslator.com",
          "ARRAffinitySameSite=a374f049af0321e021a66f6ba57004d2e31d3140f1d09889270a08e39d2850a6;Path=/;HttpOnly;SameSite=None;Secure;Domain=mtbatch.nam.microsofttranslator.com"
        ],
        "Strict-Transport-Security": "max-age=31536000; includeSubDomains; preload",
        "Transfer-Encoding": "chunked",
        "Vary": "Accept-Encoding",
        "X-Content-Type-Options": "nosniff",
        "X-Powered-By": "ASP.NET",
        "X-RequestId": "311f4f16-846e-49a5-bc8f-ca02212756d2"
      },
      "ResponseBody": {
        "id": "786304e8-3e76-4cf0-a115-c0f2e552f362",
        "createdDateTimeUtc": "2022-02-19T01:52:41.137489Z",
        "lastActionDateTimeUtc": "2022-02-19T01:52:45.4462569Z",
        "status": "Running",
        "summary": {
          "total": 2,
          "failed": 0,
          "success": 1,
          "inProgress": 1,
          "notYetStarted": 0,
          "cancelled": 0,
          "totalCharacterCharged": 17
        }
      }
    },
    {
      "RequestUri": "https://fakeendpoint.cognitiveservices.azure.com/translator/text/batch/v1.0/batches/786304e8-3e76-4cf0-a115-c0f2e552f362",
      "RequestMethod": "GET",
      "RequestHeaders": {
        "Accept": "*/*",
        "Accept-Encoding": "gzip, deflate",
        "Connection": "keep-alive",
        "User-Agent": "azsdk-python-ai-translation-document/1.0.0b7 Python/3.10.0 (Windows-10-10.0.22000-SP0)",
        "x-ms-client-request-id": "9f6b3c6b-9126-11ec-8e32-b831b58100e8"
      },
      "RequestBody": null,
      "StatusCode": 200,
      "ResponseHeaders": {
        "apim-request-id": "b1c8f053-cb3f-4684-b6c6-2eeb220809ff",
        "Cache-Control": "public, max-age=1",
        "Content-Encoding": "gzip",
        "Content-Type": "application/json; charset=utf-8",
        "Date": "Sat, 19 Feb 2022 01:52:49 GMT",
        "ETag": "\u00228DC9C2879A4439203FFBAB7F28CC876E6F7EB2936998A61A5BF3542C5F7E170A\u0022",
        "Set-Cookie": [
          "ARRAffinity=09a10d9e036c982a6acf1ed7f4e9558b44845127dddc55af67b87cd656dd4d77;Path=/;HttpOnly;Secure;Domain=mtbatch.nam.microsofttranslator.com",
          "ARRAffinitySameSite=09a10d9e036c982a6acf1ed7f4e9558b44845127dddc55af67b87cd656dd4d77;Path=/;HttpOnly;SameSite=None;Secure;Domain=mtbatch.nam.microsofttranslator.com"
        ],
        "Strict-Transport-Security": "max-age=31536000; includeSubDomains; preload",
        "Transfer-Encoding": "chunked",
        "Vary": "Accept-Encoding",
        "X-Content-Type-Options": "nosniff",
        "X-Powered-By": "ASP.NET",
        "X-RequestId": "b1c8f053-cb3f-4684-b6c6-2eeb220809ff"
      },
      "ResponseBody": {
        "id": "786304e8-3e76-4cf0-a115-c0f2e552f362",
        "createdDateTimeUtc": "2022-02-19T01:52:41.137489Z",
        "lastActionDateTimeUtc": "2022-02-19T01:52:45.4462569Z",
        "status": "Running",
        "summary": {
          "total": 2,
          "failed": 0,
          "success": 1,
          "inProgress": 1,
          "notYetStarted": 0,
          "cancelled": 0,
          "totalCharacterCharged": 17
        }
      }
    },
    {
      "RequestUri": "https://fakeendpoint.cognitiveservices.azure.com/translator/text/batch/v1.0/batches/786304e8-3e76-4cf0-a115-c0f2e552f362",
      "RequestMethod": "GET",
      "RequestHeaders": {
        "Accept": "*/*",
        "Accept-Encoding": "gzip, deflate",
        "Connection": "keep-alive",
        "User-Agent": "azsdk-python-ai-translation-document/1.0.0b7 Python/3.10.0 (Windows-10-10.0.22000-SP0)",
        "x-ms-client-request-id": "9f6b3c6b-9126-11ec-8e32-b831b58100e8"
      },
      "RequestBody": null,
      "StatusCode": 200,
      "ResponseHeaders": {
        "apim-request-id": "c2a8a8ca-d107-4fcd-b907-166c648d4c74",
        "Cache-Control": "public, max-age=1",
        "Content-Encoding": "gzip",
        "Content-Type": "application/json; charset=utf-8",
        "Date": "Sat, 19 Feb 2022 01:52:50 GMT",
        "ETag": "\u0022E200E0BDEE1C0EBD58434D490E3D11E5F50FA5EB4BAA0487B3972CF098CBD80A\u0022",
        "Set-Cookie": [
          "ARRAffinity=a374f049af0321e021a66f6ba57004d2e31d3140f1d09889270a08e39d2850a6;Path=/;HttpOnly;Secure;Domain=mtbatch.nam.microsofttranslator.com",
          "ARRAffinitySameSite=a374f049af0321e021a66f6ba57004d2e31d3140f1d09889270a08e39d2850a6;Path=/;HttpOnly;SameSite=None;Secure;Domain=mtbatch.nam.microsofttranslator.com"
        ],
        "Strict-Transport-Security": "max-age=31536000; includeSubDomains; preload",
        "Transfer-Encoding": "chunked",
        "Vary": "Accept-Encoding",
        "X-Content-Type-Options": "nosniff",
        "X-Powered-By": "ASP.NET",
        "X-RequestId": "c2a8a8ca-d107-4fcd-b907-166c648d4c74"
      },
      "ResponseBody": {
        "id": "786304e8-3e76-4cf0-a115-c0f2e552f362",
        "createdDateTimeUtc": "2022-02-19T01:52:41.137489Z",
        "lastActionDateTimeUtc": "2022-02-19T01:52:50.5330123Z",
        "status": "Succeeded",
        "summary": {
          "total": 2,
          "failed": 0,
          "success": 2,
          "inProgress": 0,
          "notYetStarted": 0,
          "cancelled": 0,
          "totalCharacterCharged": 34
        }
      }
    },
    {
      "RequestUri": "https://fakeendpoint.cognitiveservices.azure.com/translator/text/batch/v1.0/batches/786304e8-3e76-4cf0-a115-c0f2e552f362/documents",
      "RequestMethod": "GET",
      "RequestHeaders": {
        "Accept": "application/json",
        "Accept-Encoding": "gzip, deflate",
        "Connection": "keep-alive",
        "User-Agent": "azsdk-python-ai-translation-document/1.0.0b7 Python/3.10.0 (Windows-10-10.0.22000-SP0)",
        "x-ms-client-request-id": "a5275940-9126-11ec-a071-b831b58100e8"
      },
      "RequestBody": null,
      "StatusCode": 200,
      "ResponseHeaders": {
        "apim-request-id": "b438ae97-8cd5-4226-834a-e3509d396afa",
        "Cache-Control": "public, max-age=1",
        "Content-Encoding": "gzip",
        "Content-Type": "application/json; charset=utf-8",
        "Date": "Sat, 19 Feb 2022 01:52:50 GMT",
        "ETag": "\u00222F2455D80B84C989D9D4AEDDA0839160D8330FA7B946294E977DAB16D00BB5D8\u0022",
        "Set-Cookie": [
          "ARRAffinity=09a10d9e036c982a6acf1ed7f4e9558b44845127dddc55af67b87cd656dd4d77;Path=/;HttpOnly;Secure;Domain=mtbatch.nam.microsofttranslator.com",
          "ARRAffinitySameSite=09a10d9e036c982a6acf1ed7f4e9558b44845127dddc55af67b87cd656dd4d77;Path=/;HttpOnly;SameSite=None;Secure;Domain=mtbatch.nam.microsofttranslator.com"
        ],
        "Strict-Transport-Security": "max-age=31536000; includeSubDomains; preload",
        "Transfer-Encoding": "chunked",
        "Vary": "Accept-Encoding",
        "X-Content-Type-Options": "nosniff",
        "X-Powered-By": "ASP.NET",
        "X-RequestId": "b438ae97-8cd5-4226-834a-e3509d396afa"
      },
      "ResponseBody": {
        "value": [
          {
            "path": "https://fakeendpoint.blob.core.windows.net/targetc164176a-1f8c-48a4-bf68-a0e0b26b58d1/f956d420-6a13-41be-b2c4-3f7dd34b839a.txt",
            "sourcePath": "https://fakeendpoint.blob.core.windows.net/srce7741314-7cb4-4aba-8824-904a342fe9fd/f956d420-6a13-41be-b2c4-3f7dd34b839a.txt",
            "createdDateTimeUtc": "2022-02-19T01:52:42.2364561Z",
            "lastActionDateTimeUtc": "2022-02-19T01:52:50.5330074Z",
            "status": "Succeeded",
            "to": "es",
            "progress": 1,
            "id": "00245e83-0000-0000-0000-000000000000",
            "characterCharged": 17
          },
          {
            "path": "https://fakeendpoint.blob.core.windows.net/targetf0301e81-0b22-45be-8608-658027a8e0dc/f956d420-6a13-41be-b2c4-3f7dd34b839a.txt",
            "sourcePath": "https://fakeendpoint.blob.core.windows.net/srce7741314-7cb4-4aba-8824-904a342fe9fd/f956d420-6a13-41be-b2c4-3f7dd34b839a.txt",
            "createdDateTimeUtc": "2022-02-19T01:52:42.2296716Z",
            "lastActionDateTimeUtc": "2022-02-19T01:52:45.4462523Z",
            "status": "Succeeded",
            "to": "fr",
            "progress": 1,
            "id": "00245e84-0000-0000-0000-000000000000",
            "characterCharged": 17
          }
        ]
      }
    }
  ],
  "Variables": {
    "source_container_name": "srce7741314-7cb4-4aba-8824-904a342fe9fd",
    "target_container_name": "targetc164176a-1f8c-48a4-bf68-a0e0b26b58d1",
    "target_container_name2": "targetf0301e81-0b22-45be-8608-658027a8e0dc"
  }
}
