interactions:
- request:
    body: null
    headers:
      Accept:
      - application/xml
      Accept-Encoding:
      - gzip, deflate
      Connection:
      - keep-alive
      Content-Length:
      - '0'
      User-Agent:
      - azsdk-python-storage-blob/12.10.0b2 Python/3.10.0 (Windows-10-10.0.22000-SP0)
      x-ms-date:
      - Tue, 01 Feb 2022 18:48:50 GMT
      x-ms-version:
      - '2021-02-12'
    method: PUT
    uri: https://redacted.blob.core.windows.net/srcf27678f2-0bce-47e7-872b-f6ea682fc759?restype=container
  response:
    body:
      string: ''
    headers:
      content-length:
      - '0'
      date:
      - Tue, 01 Feb 2022 18:48:50 GMT
      etag:
      - '"0x8D9E5B37CFF7B91"'
      last-modified:
      - Tue, 01 Feb 2022 18:48:50 GMT
      server:
      - Windows-Azure-Blob/1.0 Microsoft-HTTPAPI/2.0
      x-ms-version:
      - '2021-02-12'
    status:
      code: 201
      message: Created
- request:
    body: This is written in english.
    headers:
      Accept:
      - application/xml
      Accept-Encoding:
      - gzip, deflate
      Connection:
      - keep-alive
      Content-Length:
      - '27'
      Content-Type:
      - application/octet-stream
      If-None-Match:
      - '*'
      User-Agent:
      - azsdk-python-storage-blob/12.10.0b2 Python/3.10.0 (Windows-10-10.0.22000-SP0)
      x-ms-blob-type:
      - BlockBlob
      x-ms-date:
      - Tue, 01 Feb 2022 18:48:50 GMT
      x-ms-version:
      - '2021-02-12'
    method: PUT
    uri: https://redacted.blob.core.windows.net/srcf27678f2-0bce-47e7-872b-f6ea682fc759/d42a1c33-3f65-4db8-82e5-84b85e4acf76.txt
  response:
    body:
      string: ''
    headers:
      content-length:
      - '0'
      content-md5:
      - mYgA0QpY6baiB+xZp8Hk+A==
      date:
      - Tue, 01 Feb 2022 18:48:50 GMT
      etag:
      - '"0x8D9E5B37D084263"'
      last-modified:
      - Tue, 01 Feb 2022 18:48:50 GMT
      server:
      - Windows-Azure-Blob/1.0 Microsoft-HTTPAPI/2.0
      x-ms-content-crc64:
      - NB4xBtawP6g=
      x-ms-request-server-encrypted:
      - 'true'
      x-ms-version:
      - '2021-02-12'
    status:
      code: 201
      message: Created
- request:
    body: This is written in english.
    headers:
      Accept:
      - application/xml
      Accept-Encoding:
      - gzip, deflate
      Connection:
      - keep-alive
      Content-Length:
      - '27'
      Content-Type:
      - application/octet-stream
      If-None-Match:
      - '*'
      User-Agent:
      - azsdk-python-storage-blob/12.10.0b2 Python/3.10.0 (Windows-10-10.0.22000-SP0)
      x-ms-blob-type:
      - BlockBlob
      x-ms-date:
      - Tue, 01 Feb 2022 18:48:50 GMT
      x-ms-version:
      - '2021-02-12'
    method: PUT
    uri: https://redacted.blob.core.windows.net/srcf27678f2-0bce-47e7-872b-f6ea682fc759/1c0898d4-5f9b-4bdb-be5d-7e3e541082a8.txt
  response:
    body:
      string: ''
    headers:
      content-length:
      - '0'
      content-md5:
      - mYgA0QpY6baiB+xZp8Hk+A==
      date:
      - Tue, 01 Feb 2022 18:48:50 GMT
      etag:
      - '"0x8D9E5B37D10577D"'
      last-modified:
      - Tue, 01 Feb 2022 18:48:50 GMT
      server:
      - Windows-Azure-Blob/1.0 Microsoft-HTTPAPI/2.0
      x-ms-content-crc64:
      - NB4xBtawP6g=
      x-ms-request-server-encrypted:
      - 'true'
      x-ms-version:
      - '2021-02-12'
    status:
      code: 201
      message: Created
- request:
    body: This is written in english.
    headers:
      Accept:
      - application/xml
      Accept-Encoding:
      - gzip, deflate
      Connection:
      - keep-alive
      Content-Length:
      - '27'
      Content-Type:
      - application/octet-stream
      If-None-Match:
      - '*'
      User-Agent:
      - azsdk-python-storage-blob/12.10.0b2 Python/3.10.0 (Windows-10-10.0.22000-SP0)
      x-ms-blob-type:
      - BlockBlob
      x-ms-date:
      - Tue, 01 Feb 2022 18:48:51 GMT
      x-ms-version:
      - '2021-02-12'
    method: PUT
    uri: https://redacted.blob.core.windows.net/srcf27678f2-0bce-47e7-872b-f6ea682fc759/a6559ea6-0bda-4df3-a3cd-853b8e6c6eab.txt
  response:
    body:
      string: ''
    headers:
      content-length:
      - '0'
      content-md5:
      - mYgA0QpY6baiB+xZp8Hk+A==
      date:
      - Tue, 01 Feb 2022 18:48:50 GMT
      etag:
      - '"0x8D9E5B37D17F787"'
      last-modified:
      - Tue, 01 Feb 2022 18:48:51 GMT
      server:
      - Windows-Azure-Blob/1.0 Microsoft-HTTPAPI/2.0
      x-ms-content-crc64:
      - NB4xBtawP6g=
      x-ms-request-server-encrypted:
      - 'true'
      x-ms-version:
      - '2021-02-12'
    status:
      code: 201
      message: Created
- request:
    body: This is written in english.
    headers:
      Accept:
      - application/xml
      Accept-Encoding:
      - gzip, deflate
      Connection:
      - keep-alive
      Content-Length:
      - '27'
      Content-Type:
      - application/octet-stream
      If-None-Match:
      - '*'
      User-Agent:
      - azsdk-python-storage-blob/12.10.0b2 Python/3.10.0 (Windows-10-10.0.22000-SP0)
      x-ms-blob-type:
      - BlockBlob
      x-ms-date:
      - Tue, 01 Feb 2022 18:48:51 GMT
      x-ms-version:
      - '2021-02-12'
    method: PUT
    uri: https://redacted.blob.core.windows.net/srcf27678f2-0bce-47e7-872b-f6ea682fc759/4f188ba5-2601-4ca7-94b2-e203c8d1c93f.txt
  response:
    body:
      string: ''
    headers:
      content-length:
      - '0'
      content-md5:
      - mYgA0QpY6baiB+xZp8Hk+A==
      date:
      - Tue, 01 Feb 2022 18:48:50 GMT
      etag:
      - '"0x8D9E5B37D22081D"'
      last-modified:
      - Tue, 01 Feb 2022 18:48:51 GMT
      server:
      - Windows-Azure-Blob/1.0 Microsoft-HTTPAPI/2.0
      x-ms-content-crc64:
      - NB4xBtawP6g=
      x-ms-request-server-encrypted:
      - 'true'
      x-ms-version:
      - '2021-02-12'
    status:
      code: 201
      message: Created
- request:
    body: This is written in english.
    headers:
      Accept:
      - application/xml
      Accept-Encoding:
      - gzip, deflate
      Connection:
      - keep-alive
      Content-Length:
      - '27'
      Content-Type:
      - application/octet-stream
      If-None-Match:
      - '*'
      User-Agent:
      - azsdk-python-storage-blob/12.10.0b2 Python/3.10.0 (Windows-10-10.0.22000-SP0)
      x-ms-blob-type:
      - BlockBlob
      x-ms-date:
      - Tue, 01 Feb 2022 18:48:51 GMT
      x-ms-version:
      - '2021-02-12'
    method: PUT
    uri: https://redacted.blob.core.windows.net/srcf27678f2-0bce-47e7-872b-f6ea682fc759/24ab4eb2-b5b6-4fba-af50-1b3701867e8f.txt
  response:
    body:
      string: ''
    headers:
      content-length:
      - '0'
      content-md5:
      - mYgA0QpY6baiB+xZp8Hk+A==
      date:
      - Tue, 01 Feb 2022 18:48:50 GMT
      etag:
      - '"0x8D9E5B37D2A4451"'
      last-modified:
      - Tue, 01 Feb 2022 18:48:51 GMT
      server:
      - Windows-Azure-Blob/1.0 Microsoft-HTTPAPI/2.0
      x-ms-content-crc64:
      - NB4xBtawP6g=
      x-ms-request-server-encrypted:
      - 'true'
      x-ms-version:
      - '2021-02-12'
    status:
      code: 201
      message: Created
- request:
    body: This is written in english.
    headers:
      Accept:
      - application/xml
      Accept-Encoding:
      - gzip, deflate
      Connection:
      - keep-alive
      Content-Length:
      - '27'
      Content-Type:
      - application/octet-stream
      If-None-Match:
      - '*'
      User-Agent:
      - azsdk-python-storage-blob/12.10.0b2 Python/3.10.0 (Windows-10-10.0.22000-SP0)
      x-ms-blob-type:
      - BlockBlob
      x-ms-date:
      - Tue, 01 Feb 2022 18:48:51 GMT
      x-ms-version:
      - '2021-02-12'
    method: PUT
    uri: https://redacted.blob.core.windows.net/srcf27678f2-0bce-47e7-872b-f6ea682fc759/29686ce3-0a4a-44ab-99ed-9c67d685038f.txt
  response:
    body:
      string: ''
    headers:
      content-length:
      - '0'
      content-md5:
      - mYgA0QpY6baiB+xZp8Hk+A==
      date:
      - Tue, 01 Feb 2022 18:48:51 GMT
      etag:
      - '"0x8D9E5B37D3788CA"'
      last-modified:
      - Tue, 01 Feb 2022 18:48:51 GMT
      server:
      - Windows-Azure-Blob/1.0 Microsoft-HTTPAPI/2.0
      x-ms-content-crc64:
      - NB4xBtawP6g=
      x-ms-request-server-encrypted:
      - 'true'
      x-ms-version:
      - '2021-02-12'
    status:
      code: 201
      message: Created
- request:
    body: This is written in english.
    headers:
      Accept:
      - application/xml
      Accept-Encoding:
      - gzip, deflate
      Connection:
      - keep-alive
      Content-Length:
      - '27'
      Content-Type:
      - application/octet-stream
      If-None-Match:
      - '*'
      User-Agent:
      - azsdk-python-storage-blob/12.10.0b2 Python/3.10.0 (Windows-10-10.0.22000-SP0)
      x-ms-blob-type:
      - BlockBlob
      x-ms-date:
      - Tue, 01 Feb 2022 18:48:51 GMT
      x-ms-version:
      - '2021-02-12'
    method: PUT
    uri: https://redacted.blob.core.windows.net/srcf27678f2-0bce-47e7-872b-f6ea682fc759/5d7f3f88-b79f-4670-9026-f4c6adb63acf.txt
  response:
    body:
      string: ''
    headers:
      content-length:
      - '0'
      content-md5:
      - mYgA0QpY6baiB+xZp8Hk+A==
      date:
      - Tue, 01 Feb 2022 18:48:51 GMT
      etag:
      - '"0x8D9E5B37D41996A"'
      last-modified:
      - Tue, 01 Feb 2022 18:48:51 GMT
      server:
      - Windows-Azure-Blob/1.0 Microsoft-HTTPAPI/2.0
      x-ms-content-crc64:
      - NB4xBtawP6g=
      x-ms-request-server-encrypted:
      - 'true'
      x-ms-version:
      - '2021-02-12'
    status:
      code: 201
      message: Created
- request:
    body: This is written in english.
    headers:
      Accept:
      - application/xml
      Accept-Encoding:
      - gzip, deflate
      Connection:
      - keep-alive
      Content-Length:
      - '27'
      Content-Type:
      - application/octet-stream
      If-None-Match:
      - '*'
      User-Agent:
      - azsdk-python-storage-blob/12.10.0b2 Python/3.10.0 (Windows-10-10.0.22000-SP0)
      x-ms-blob-type:
      - BlockBlob
      x-ms-date:
      - Tue, 01 Feb 2022 18:48:51 GMT
      x-ms-version:
      - '2021-02-12'
    method: PUT
    uri: https://redacted.blob.core.windows.net/srcf27678f2-0bce-47e7-872b-f6ea682fc759/e3470759-4994-417f-a0ea-fac08e7623f4.txt
  response:
    body:
      string: ''
    headers:
      content-length:
      - '0'
      content-md5:
      - mYgA0QpY6baiB+xZp8Hk+A==
      date:
      - Tue, 01 Feb 2022 18:48:51 GMT
      etag:
      - '"0x8D9E5B37D4DA592"'
      last-modified:
      - Tue, 01 Feb 2022 18:48:51 GMT
      server:
      - Windows-Azure-Blob/1.0 Microsoft-HTTPAPI/2.0
      x-ms-content-crc64:
      - NB4xBtawP6g=
      x-ms-request-server-encrypted:
      - 'true'
      x-ms-version:
      - '2021-02-12'
    status:
      code: 201
      message: Created
- request:
    body: null
    headers:
      Accept:
      - application/xml
      Accept-Encoding:
      - gzip, deflate
      Connection:
      - keep-alive
      Content-Length:
      - '0'
      User-Agent:
      - azsdk-python-storage-blob/12.10.0b2 Python/3.10.0 (Windows-10-10.0.22000-SP0)
      x-ms-date:
      - Tue, 01 Feb 2022 18:48:51 GMT
      x-ms-version:
      - '2021-02-12'
    method: PUT
    uri: https://redacted.blob.core.windows.net/target43f9b9b9-30f3-4ec0-b7c0-fa01f16f066e?restype=container
  response:
    body:
      string: ''
    headers:
      content-length:
      - '0'
      date:
      - Tue, 01 Feb 2022 18:48:51 GMT
      etag:
      - '"0x8D9E5B37D662483"'
      last-modified:
      - Tue, 01 Feb 2022 18:48:51 GMT
      server:
      - Windows-Azure-Blob/1.0 Microsoft-HTTPAPI/2.0
      x-ms-version:
      - '2021-02-12'
    status:
      code: 201
      message: Created
- request:
    body: '{"inputs": [{"source": {"sourceUrl": "https://redacted.blob.core.windows.net/srcf27678f2-0bce-47e7-872b-f6ea682fc759?se=end&sp=rl&sv=2021-02-12&sr=c&sig=fake_token_value",
      "filter": {}}, "targets": [{"targetUrl": "https://redacted.blob.core.windows.net/target43f9b9b9-30f3-4ec0-b7c0-fa01f16f066e?se=end&sp=wl&sv=2021-02-12&sr=c&sig=fake_token_value",
      "language": "es"}]}]}'
    headers:
      Accept:
      - application/json
      Accept-Encoding:
      - gzip, deflate
      Connection:
      - keep-alive
      Content-Length:
      - '484'
      Content-Type:
      - application/json
      User-Agent:
      - azsdk-python-ai-translation-document/1.0.0b6 Python/3.10.0 (Windows-10-10.0.22000-SP0)
    method: POST
    uri: https://redacted.cognitiveservices.azure.com/translator/text/batch/v1.0/batches
  response:
    body:
      string: ''
    headers:
      apim-request-id:
      - 2df18916-34ed-44d9-bb2e-25f5efbe78df
      content-length:
      - '0'
      date:
      - Tue, 01 Feb 2022 18:48:51 GMT
      operation-location:
      - https://redacted.cognitiveservices.azure.com/translator/text/batch/v1.0/batches/1b64ccf4-80db-4388-96c7-2c2e54b5edb5
      set-cookie:
      - ARRAffinity=b43e80ef1fbcb9f9d446cbc61b366e02dafefc2a9addab525b1fc3eda44b27b2;Path=/;HttpOnly;Secure;Domain=mtbatch.nam.microsofttranslator.com
      - ARRAffinitySameSite=b43e80ef1fbcb9f9d446cbc61b366e02dafefc2a9addab525b1fc3eda44b27b2;Path=/;HttpOnly;SameSite=None;Secure;Domain=mtbatch.nam.microsofttranslator.com
      strict-transport-security:
      - max-age=31536000; includeSubDomains; preload
      x-content-type-options:
      - nosniff
      x-powered-by:
      - ASP.NET
      x-requestid:
      - 2df18916-34ed-44d9-bb2e-25f5efbe78df
    status:
      code: 202
      message: Accepted
- request:
    body: null
    headers:
      Accept:
      - application/json
      Accept-Encoding:
      - gzip, deflate
      Connection:
      - keep-alive
      Content-Length:
      - '0'
      User-Agent:
      - azsdk-python-ai-translation-document/1.0.0b6 Python/3.10.0 (Windows-10-10.0.22000-SP0)
    method: DELETE
    uri: https://redacted.cognitiveservices.azure.com/translator/text/batch/v1.0/batches/1b64ccf4-80db-4388-96c7-2c2e54b5edb5
  response:
    body:
      string: '{"id":"1b64ccf4-80db-4388-96c7-2c2e54b5edb5","createdDateTimeUtc":"2022-02-01T18:48:52.3044623Z","lastActionDateTimeUtc":"2022-02-01T18:48:52.412012Z","status":"Cancelling","summary":{"total":0,"failed":0,"success":0,"inProgress":0,"notYetStarted":0,"cancelled":0,"totalCharacterCharged":0}}'
    headers:
      apim-request-id:
      - db65461e-f186-4963-91b0-448998cc3bc9
      content-length:
      - '291'
      content-type:
      - application/json; charset=utf-8
      date:
      - Tue, 01 Feb 2022 18:48:51 GMT
      set-cookie:
      - ARRAffinity=748a2cefe0e94b92294828d7237123826b9552ab7a870cd971e8858b6fa6e96a;Path=/;HttpOnly;Secure;Domain=mtbatch.nam.microsofttranslator.com
      - ARRAffinitySameSite=748a2cefe0e94b92294828d7237123826b9552ab7a870cd971e8858b6fa6e96a;Path=/;HttpOnly;SameSite=None;Secure;Domain=mtbatch.nam.microsofttranslator.com
      strict-transport-security:
      - max-age=31536000; includeSubDomains; preload
      transfer-encoding:
      - chunked
      vary:
      - Accept-Encoding
      x-content-type-options:
      - nosniff
      x-powered-by:
      - ASP.NET
      x-requestid:
      - db65461e-f186-4963-91b0-448998cc3bc9
    status:
      code: 200
      message: OK
- request:
    body: null
    headers:
      Accept:
      - '*/*'
      Accept-Encoding:
      - gzip, deflate
      Connection:
      - keep-alive
      User-Agent:
      - azsdk-python-ai-translation-document/1.0.0b6 Python/3.10.0 (Windows-10-10.0.22000-SP0)
    method: GET
    uri: https://redacted.cognitiveservices.azure.com/translator/text/batch/v1.0/batches/1b64ccf4-80db-4388-96c7-2c2e54b5edb5
  response:
    body:
      string: '{"id":"1b64ccf4-80db-4388-96c7-2c2e54b5edb5","createdDateTimeUtc":"2022-02-01T18:48:52.3044623Z","lastActionDateTimeUtc":"2022-02-01T18:48:53.3896563Z","status":"Cancelling","summary":{"total":8,"failed":0,"success":0,"inProgress":0,"notYetStarted":8,"cancelled":0,"totalCharacterCharged":0}}'
    headers:
      apim-request-id:
      - de59cb30-feb7-4194-a2a8-336bbd17c29a
      cache-control:
      - public,max-age=1
      content-length:
      - '292'
      content-type:
      - application/json; charset=utf-8
      date:
      - Tue, 01 Feb 2022 18:48:52 GMT
      etag:
      - '"A97542B277E89010EB4BE993080E98D2106312F1896AB20407B24C1098736A04"'
      set-cookie:
      - ARRAffinity=b43e80ef1fbcb9f9d446cbc61b366e02dafefc2a9addab525b1fc3eda44b27b2;Path=/;HttpOnly;Secure;Domain=mtbatch.nam.microsofttranslator.com
      - ARRAffinitySameSite=b43e80ef1fbcb9f9d446cbc61b366e02dafefc2a9addab525b1fc3eda44b27b2;Path=/;HttpOnly;SameSite=None;Secure;Domain=mtbatch.nam.microsofttranslator.com
      strict-transport-security:
      - max-age=31536000; includeSubDomains; preload
      transfer-encoding:
      - chunked
      vary:
      - Accept-Encoding
      x-content-type-options:
      - nosniff
      x-powered-by:
      - ASP.NET
      x-requestid:
      - de59cb30-feb7-4194-a2a8-336bbd17c29a
    status:
      code: 200
      message: OK
- request:
    body: null
    headers:
      Accept:
      - application/json
      Accept-Encoding:
      - gzip, deflate
      Connection:
      - keep-alive
      User-Agent:
      - azsdk-python-ai-translation-document/1.0.0b6 Python/3.10.0 (Windows-10-10.0.22000-SP0)
    method: GET
    uri: https://redacted.cognitiveservices.azure.com/translator/text/batch/v1.0/batches/1b64ccf4-80db-4388-96c7-2c2e54b5edb5
  response:
    body:
      string: '{"id":"1b64ccf4-80db-4388-96c7-2c2e54b5edb5","createdDateTimeUtc":"2022-02-01T18:48:52.3044623Z","lastActionDateTimeUtc":"2022-02-01T18:48:55.8693033Z","status":"Cancelled","summary":{"total":8,"failed":0,"success":0,"inProgress":0,"notYetStarted":0,"cancelled":8,"totalCharacterCharged":0}}'
    headers:
      apim-request-id:
      - 123659a0-3d13-4f71-9519-5a81d69f85e7
      cache-control:
      - public,max-age=1
      content-length:
      - '291'
      content-type:
      - application/json; charset=utf-8
      date:
      - Tue, 01 Feb 2022 18:49:06 GMT
      etag:
      - '"C69EDEC3AB0708BB099DABD14B11ED310E7E7506ACD98C6F1531E134878E16F2"'
      set-cookie:
      - ARRAffinity=748a2cefe0e94b92294828d7237123826b9552ab7a870cd971e8858b6fa6e96a;Path=/;HttpOnly;Secure;Domain=mtbatch.nam.microsofttranslator.com
      - ARRAffinitySameSite=748a2cefe0e94b92294828d7237123826b9552ab7a870cd971e8858b6fa6e96a;Path=/;HttpOnly;SameSite=None;Secure;Domain=mtbatch.nam.microsofttranslator.com
      strict-transport-security:
      - max-age=31536000; includeSubDomains; preload
      transfer-encoding:
      - chunked
      vary:
      - Accept-Encoding
      x-content-type-options:
      - nosniff
      x-powered-by:
      - ASP.NET
      x-requestid:
      - 123659a0-3d13-4f71-9519-5a81d69f85e7
    status:
      code: 200
      message: OK
version: 1
