{
  "Entries": [
    {
      "RequestUri": "https://fakeendpoint.cognitiveservices.azure.com/translator/text/batch/v1.0/batches",
      "RequestMethod": "POST",
      "RequestHeaders": {
        "Accept": "application/json",
        "Accept-Encoding": "gzip, deflate",
        "Content-Length": "380",
        "Content-Type": "application/json",
        "User-Agent": "azsdk-python-ai-translation-document/1.0.0 Python/3.9.0 (Windows-10-10.0.22000-SP0)"
      },
      "RequestBody": {
        "inputs": [
          {
            "source": {
              "sourceUrl": "https://fakeendpoint.blob.core.windows.net/src65ddb63f-de2e-4486-a7c0-1278703561b8?se=end\u0026sp=rl\u0026sv=2021-06-08\u0026sr=c\u0026sig=fake_token_value",
              "filter": {}
            },
            "targets": [
              {
                "targetUrl": "https://fakeendpoint.blob.core.windows.net/targetc4433f28-4894-4563-9a42-ae62f0faeca1?se=end\u0026sp=wl\u0026sv=2021-06-08\u0026sr=c\u0026sig=fake_token_value",
                "language": "es"
              }
            ]
          }
        ]
      },
      "StatusCode": 202,
      "ResponseHeaders": {
        "apim-request-id": "4bcbbe50-5fc6-454a-8b03-39c0fddc946e",
        "Content-Length": "0",
        "Date": "Wed, 01 Jun 2022 21:02:25 GMT",
        "Operation-Location": "https://fakeendpoint.cognitiveservices.azure.com/translator/text/batch/v1.0/batches/dacca0aa-8d76-4454-81ad-ac4b79b245c6",
        "Set-Cookie": [
          "ARRAffinity=52534756bc24481c0848ee2def3c54a057fd0e51707d9dcf782aa603bbaa9f24;Path=/;HttpOnly;Secure;Domain=mtbatch.nam.microsofttranslator.com",
          "ARRAffinitySameSite=52534756bc24481c0848ee2def3c54a057fd0e51707d9dcf782aa603bbaa9f24;Path=/;HttpOnly;SameSite=None;Secure;Domain=mtbatch.nam.microsofttranslator.com"
        ],
        "Strict-Transport-Security": "max-age=31536000; includeSubDomains; preload",
        "X-Content-Type-Options": "nosniff",
        "X-Powered-By": "ASP.NET",
        "X-RequestId": "4bcbbe50-5fc6-454a-8b03-39c0fddc946e"
      },
      "ResponseBody": null
    },
    {
      "RequestUri": "https://fakeendpoint.cognitiveservices.azure.com/translator/text/batch/v1.0/batches/dacca0aa-8d76-4454-81ad-ac4b79b245c6",
      "RequestMethod": "GET",
      "RequestHeaders": {
        "Accept": "*/*",
        "Accept-Encoding": "gzip, deflate",
        "User-Agent": "azsdk-python-ai-translation-document/1.0.0 Python/3.9.0 (Windows-10-10.0.22000-SP0)"
      },
      "RequestBody": null,
      "StatusCode": 200,
      "ResponseHeaders": {
        "apim-request-id": "fc68cae7-d32a-40ed-844d-92c2c79e388f",
        "Cache-Control": "public, max-age=1",
        "Content-Encoding": "gzip",
        "Content-Type": "application/json; charset=utf-8",
        "Date": "Wed, 01 Jun 2022 21:02:26 GMT",
        "ETag": "\u00226DA6C5F5F1FE6EB18C9F8AEFFE367390907A14A39C589D4F52B47497BA1F3088\u0022",
        "Set-Cookie": [
          "ARRAffinity=52534756bc24481c0848ee2def3c54a057fd0e51707d9dcf782aa603bbaa9f24;Path=/;HttpOnly;Secure;Domain=mtbatch.nam.microsofttranslator.com",
          "ARRAffinitySameSite=52534756bc24481c0848ee2def3c54a057fd0e51707d9dcf782aa603bbaa9f24;Path=/;HttpOnly;SameSite=None;Secure;Domain=mtbatch.nam.microsofttranslator.com"
        ],
        "Strict-Transport-Security": "max-age=31536000; includeSubDomains; preload",
        "Transfer-Encoding": "chunked",
        "Vary": "Accept-Encoding",
        "X-Content-Type-Options": "nosniff",
        "X-Powered-By": "ASP.NET",
        "X-RequestId": "fc68cae7-d32a-40ed-844d-92c2c79e388f"
      },
      "ResponseBody": {
        "id": "dacca0aa-8d76-4454-81ad-ac4b79b245c6",
        "createdDateTimeUtc": "2022-06-01T21:02:25.7197029Z",
        "lastActionDateTimeUtc": "2022-06-01T21:02:25.7538681Z",
        "status": "NotStarted",
        "summary": {
          "total": 1,
          "failed": 0,
          "success": 0,
          "inProgress": 0,
          "notYetStarted": 1,
          "cancelled": 0,
          "totalCharacterCharged": 0
        }
      }
    },
    {
      "RequestUri": "https://fakeendpoint.cognitiveservices.azure.com/translator/text/batch/v1.0/batches/dacca0aa-8d76-4454-81ad-ac4b79b245c6",
      "RequestMethod": "GET",
      "RequestHeaders": {
        "Accept": "*/*",
        "Accept-Encoding": "gzip, deflate",
        "User-Agent": "azsdk-python-ai-translation-document/1.0.0 Python/3.9.0 (Windows-10-10.0.22000-SP0)"
      },
      "RequestBody": null,
      "StatusCode": 200,
      "ResponseHeaders": {
        "apim-request-id": "b6180728-c032-427e-8772-b72dbbbe37a9",
        "Cache-Control": "public, max-age=1",
        "Content-Encoding": "gzip",
        "Content-Type": "application/json; charset=utf-8",
        "Date": "Wed, 01 Jun 2022 21:02:27 GMT",
        "ETag": "\u00226DA6C5F5F1FE6EB18C9F8AEFFE367390907A14A39C589D4F52B47497BA1F3088\u0022",
        "Set-Cookie": [
          "ARRAffinity=cafa601ca5f017b1c68bca037439964b89cf2f140e4a1200b5cb3397ea215a8c;Path=/;HttpOnly;Secure;Domain=mtbatch.nam.microsofttranslator.com",
          "ARRAffinitySameSite=cafa601ca5f017b1c68bca037439964b89cf2f140e4a1200b5cb3397ea215a8c;Path=/;HttpOnly;SameSite=None;Secure;Domain=mtbatch.nam.microsofttranslator.com"
        ],
        "Strict-Transport-Security": "max-age=31536000; includeSubDomains; preload",
        "Transfer-Encoding": "chunked",
        "Vary": "Accept-Encoding",
        "X-Content-Type-Options": "nosniff",
        "X-Powered-By": "ASP.NET",
        "X-RequestId": "b6180728-c032-427e-8772-b72dbbbe37a9"
      },
      "ResponseBody": {
        "id": "dacca0aa-8d76-4454-81ad-ac4b79b245c6",
        "createdDateTimeUtc": "2022-06-01T21:02:25.7197029Z",
        "lastActionDateTimeUtc": "2022-06-01T21:02:25.7538681Z",
        "status": "NotStarted",
        "summary": {
          "total": 1,
          "failed": 0,
          "success": 0,
          "inProgress": 0,
          "notYetStarted": 1,
          "cancelled": 0,
          "totalCharacterCharged": 0
        }
      }
    },
    {
      "RequestUri": "https://fakeendpoint.cognitiveservices.azure.com/translator/text/batch/v1.0/batches/dacca0aa-8d76-4454-81ad-ac4b79b245c6",
      "RequestMethod": "GET",
      "RequestHeaders": {
        "Accept": "*/*",
        "Accept-Encoding": "gzip, deflate",
        "User-Agent": "azsdk-python-ai-translation-document/1.0.0 Python/3.9.0 (Windows-10-10.0.22000-SP0)"
      },
      "RequestBody": null,
      "StatusCode": 200,
      "ResponseHeaders": {
        "apim-request-id": "b6347696-41fc-430c-a40c-3dc830eba7c8",
        "Cache-Control": "public, max-age=1",
        "Content-Encoding": "gzip",
        "Content-Type": "application/json; charset=utf-8",
        "Date": "Wed, 01 Jun 2022 21:02:28 GMT",
        "ETag": "\u0022553C65D924C19036963989DD36EFDB5B4173F603A73141DB60916AE7EF02F80D\u0022",
        "Set-Cookie": [
          "ARRAffinity=52534756bc24481c0848ee2def3c54a057fd0e51707d9dcf782aa603bbaa9f24;Path=/;HttpOnly;Secure;Domain=mtbatch.nam.microsofttranslator.com",
          "ARRAffinitySameSite=52534756bc24481c0848ee2def3c54a057fd0e51707d9dcf782aa603bbaa9f24;Path=/;HttpOnly;SameSite=None;Secure;Domain=mtbatch.nam.microsofttranslator.com"
        ],
        "Strict-Transport-Security": "max-age=31536000; includeSubDomains; preload",
        "Transfer-Encoding": "chunked",
        "Vary": "Accept-Encoding",
        "X-Content-Type-Options": "nosniff",
        "X-Powered-By": "ASP.NET",
        "X-RequestId": "b6347696-41fc-430c-a40c-3dc830eba7c8"
      },
      "ResponseBody": {
        "id": "dacca0aa-8d76-4454-81ad-ac4b79b245c6",
        "createdDateTimeUtc": "2022-06-01T21:02:25.7197029Z",
        "lastActionDateTimeUtc": "2022-06-01T21:02:28.5696587Z",
        "status": "Running",
        "summary": {
          "total": 1,
          "failed": 0,
          "success": 0,
          "inProgress": 1,
          "notYetStarted": 0,
          "cancelled": 0,
          "totalCharacterCharged": 0
        }
      }
    },
    {
      "RequestUri": "https://fakeendpoint.cognitiveservices.azure.com/translator/text/batch/v1.0/batches/dacca0aa-8d76-4454-81ad-ac4b79b245c6",
      "RequestMethod": "GET",
      "RequestHeaders": {
        "Accept": "*/*",
        "Accept-Encoding": "gzip, deflate",
        "User-Agent": "azsdk-python-ai-translation-document/1.0.0 Python/3.9.0 (Windows-10-10.0.22000-SP0)"
      },
      "RequestBody": null,
      "StatusCode": 200,
      "ResponseHeaders": {
        "apim-request-id": "1b9ab194-debb-44ae-b059-edd667726b31",
        "Cache-Control": "public, max-age=1",
        "Content-Encoding": "gzip",
        "Content-Type": "application/json; charset=utf-8",
        "Date": "Wed, 01 Jun 2022 21:02:29 GMT",
        "ETag": "\u0022553C65D924C19036963989DD36EFDB5B4173F603A73141DB60916AE7EF02F80D\u0022",
        "Set-Cookie": [
          "ARRAffinity=cafa601ca5f017b1c68bca037439964b89cf2f140e4a1200b5cb3397ea215a8c;Path=/;HttpOnly;Secure;Domain=mtbatch.nam.microsofttranslator.com",
          "ARRAffinitySameSite=cafa601ca5f017b1c68bca037439964b89cf2f140e4a1200b5cb3397ea215a8c;Path=/;HttpOnly;SameSite=None;Secure;Domain=mtbatch.nam.microsofttranslator.com"
        ],
        "Strict-Transport-Security": "max-age=31536000; includeSubDomains; preload",
        "Transfer-Encoding": "chunked",
        "Vary": "Accept-Encoding",
        "X-Content-Type-Options": "nosniff",
        "X-Powered-By": "ASP.NET",
        "X-RequestId": "1b9ab194-debb-44ae-b059-edd667726b31"
      },
      "ResponseBody": {
        "id": "dacca0aa-8d76-4454-81ad-ac4b79b245c6",
        "createdDateTimeUtc": "2022-06-01T21:02:25.7197029Z",
        "lastActionDateTimeUtc": "2022-06-01T21:02:28.5696587Z",
        "status": "Running",
        "summary": {
          "total": 1,
          "failed": 0,
          "success": 0,
          "inProgress": 1,
          "notYetStarted": 0,
          "cancelled": 0,
          "totalCharacterCharged": 0
        }
      }
    },
    {
      "RequestUri": "https://fakeendpoint.cognitiveservices.azure.com/translator/text/batch/v1.0/batches/dacca0aa-8d76-4454-81ad-ac4b79b245c6",
      "RequestMethod": "GET",
      "RequestHeaders": {
        "Accept": "*/*",
        "Accept-Encoding": "gzip, deflate",
        "User-Agent": "azsdk-python-ai-translation-document/1.0.0 Python/3.9.0 (Windows-10-10.0.22000-SP0)"
      },
      "RequestBody": null,
      "StatusCode": 200,
      "ResponseHeaders": {
        "apim-request-id": "ef5c6635-0566-466d-a731-faa8e61a2d29",
        "Cache-Control": "public, max-age=1",
        "Content-Encoding": "gzip",
        "Content-Type": "application/json; charset=utf-8",
        "Date": "Wed, 01 Jun 2022 21:02:30 GMT",
        "ETag": "\u0022553C65D924C19036963989DD36EFDB5B4173F603A73141DB60916AE7EF02F80D\u0022",
        "Set-Cookie": [
          "ARRAffinity=cafa601ca5f017b1c68bca037439964b89cf2f140e4a1200b5cb3397ea215a8c;Path=/;HttpOnly;Secure;Domain=mtbatch.nam.microsofttranslator.com",
          "ARRAffinitySameSite=cafa601ca5f017b1c68bca037439964b89cf2f140e4a1200b5cb3397ea215a8c;Path=/;HttpOnly;SameSite=None;Secure;Domain=mtbatch.nam.microsofttranslator.com"
        ],
        "Strict-Transport-Security": "max-age=31536000; includeSubDomains; preload",
        "Transfer-Encoding": "chunked",
        "Vary": "Accept-Encoding",
        "X-Content-Type-Options": "nosniff",
        "X-Powered-By": "ASP.NET",
        "X-RequestId": "ef5c6635-0566-466d-a731-faa8e61a2d29"
      },
      "ResponseBody": {
        "id": "dacca0aa-8d76-4454-81ad-ac4b79b245c6",
        "createdDateTimeUtc": "2022-06-01T21:02:25.7197029Z",
        "lastActionDateTimeUtc": "2022-06-01T21:02:28.5696587Z",
        "status": "Running",
        "summary": {
          "total": 1,
          "failed": 0,
          "success": 0,
          "inProgress": 1,
          "notYetStarted": 0,
          "cancelled": 0,
          "totalCharacterCharged": 0
        }
      }
    },
    {
      "RequestUri": "https://fakeendpoint.cognitiveservices.azure.com/translator/text/batch/v1.0/batches/dacca0aa-8d76-4454-81ad-ac4b79b245c6",
      "RequestMethod": "GET",
      "RequestHeaders": {
        "Accept": "*/*",
        "Accept-Encoding": "gzip, deflate",
        "User-Agent": "azsdk-python-ai-translation-document/1.0.0 Python/3.9.0 (Windows-10-10.0.22000-SP0)"
      },
      "RequestBody": null,
      "StatusCode": 200,
      "ResponseHeaders": {
        "apim-request-id": "7a227d64-096d-41bc-887c-d1231d09f0c0",
        "Cache-Control": "public, max-age=1",
        "Content-Encoding": "gzip",
        "Content-Type": "application/json; charset=utf-8",
        "Date": "Wed, 01 Jun 2022 21:02:31 GMT",
        "ETag": "\u0022553C65D924C19036963989DD36EFDB5B4173F603A73141DB60916AE7EF02F80D\u0022",
        "Set-Cookie": [
          "ARRAffinity=52534756bc24481c0848ee2def3c54a057fd0e51707d9dcf782aa603bbaa9f24;Path=/;HttpOnly;Secure;Domain=mtbatch.nam.microsofttranslator.com",
          "ARRAffinitySameSite=52534756bc24481c0848ee2def3c54a057fd0e51707d9dcf782aa603bbaa9f24;Path=/;HttpOnly;SameSite=None;Secure;Domain=mtbatch.nam.microsofttranslator.com"
        ],
        "Strict-Transport-Security": "max-age=31536000; includeSubDomains; preload",
        "Transfer-Encoding": "chunked",
        "Vary": "Accept-Encoding",
        "X-Content-Type-Options": "nosniff",
        "X-Powered-By": "ASP.NET",
        "X-RequestId": "7a227d64-096d-41bc-887c-d1231d09f0c0"
      },
      "ResponseBody": {
        "id": "dacca0aa-8d76-4454-81ad-ac4b79b245c6",
        "createdDateTimeUtc": "2022-06-01T21:02:25.7197029Z",
        "lastActionDateTimeUtc": "2022-06-01T21:02:28.5696587Z",
        "status": "Running",
        "summary": {
          "total": 1,
          "failed": 0,
          "success": 0,
          "inProgress": 1,
          "notYetStarted": 0,
          "cancelled": 0,
          "totalCharacterCharged": 0
        }
      }
    },
    {
      "RequestUri": "https://fakeendpoint.cognitiveservices.azure.com/translator/text/batch/v1.0/batches/dacca0aa-8d76-4454-81ad-ac4b79b245c6",
      "RequestMethod": "GET",
      "RequestHeaders": {
        "Accept": "*/*",
        "Accept-Encoding": "gzip, deflate",
        "User-Agent": "azsdk-python-ai-translation-document/1.0.0 Python/3.9.0 (Windows-10-10.0.22000-SP0)"
      },
      "RequestBody": null,
      "StatusCode": 200,
      "ResponseHeaders": {
        "apim-request-id": "f555eed7-1d86-4015-a1e6-ac52dd01a773",
        "Cache-Control": "public, max-age=1",
        "Content-Encoding": "gzip",
        "Content-Type": "application/json; charset=utf-8",
        "Date": "Wed, 01 Jun 2022 21:02:32 GMT",
        "ETag": "\u0022553C65D924C19036963989DD36EFDB5B4173F603A73141DB60916AE7EF02F80D\u0022",
        "Set-Cookie": [
          "ARRAffinity=52534756bc24481c0848ee2def3c54a057fd0e51707d9dcf782aa603bbaa9f24;Path=/;HttpOnly;Secure;Domain=mtbatch.nam.microsofttranslator.com",
          "ARRAffinitySameSite=52534756bc24481c0848ee2def3c54a057fd0e51707d9dcf782aa603bbaa9f24;Path=/;HttpOnly;SameSite=None;Secure;Domain=mtbatch.nam.microsofttranslator.com"
        ],
        "Strict-Transport-Security": "max-age=31536000; includeSubDomains; preload",
        "Transfer-Encoding": "chunked",
        "Vary": "Accept-Encoding",
        "X-Content-Type-Options": "nosniff",
        "X-Powered-By": "ASP.NET",
        "X-RequestId": "f555eed7-1d86-4015-a1e6-ac52dd01a773"
      },
      "ResponseBody": {
        "id": "dacca0aa-8d76-4454-81ad-ac4b79b245c6",
        "createdDateTimeUtc": "2022-06-01T21:02:25.7197029Z",
        "lastActionDateTimeUtc": "2022-06-01T21:02:28.5696587Z",
        "status": "Running",
        "summary": {
          "total": 1,
          "failed": 0,
          "success": 0,
          "inProgress": 1,
          "notYetStarted": 0,
          "cancelled": 0,
          "totalCharacterCharged": 0
        }
      }
    },
    {
      "RequestUri": "https://fakeendpoint.cognitiveservices.azure.com/translator/text/batch/v1.0/batches/dacca0aa-8d76-4454-81ad-ac4b79b245c6",
      "RequestMethod": "GET",
      "RequestHeaders": {
        "Accept": "*/*",
        "Accept-Encoding": "gzip, deflate",
        "User-Agent": "azsdk-python-ai-translation-document/1.0.0 Python/3.9.0 (Windows-10-10.0.22000-SP0)"
      },
      "RequestBody": null,
      "StatusCode": 200,
      "ResponseHeaders": {
        "apim-request-id": "78beb5af-2e90-4e66-8425-6a78d1359e18",
        "Cache-Control": "public, max-age=1",
        "Content-Encoding": "gzip",
        "Content-Type": "application/json; charset=utf-8",
        "Date": "Wed, 01 Jun 2022 21:02:33 GMT",
        "ETag": "\u0022C43DA9C51661F36C58274A82C3BB6D2F50293DDA1BB4761E3DB4D2D2633FC692\u0022",
        "Set-Cookie": [
          "ARRAffinity=cafa601ca5f017b1c68bca037439964b89cf2f140e4a1200b5cb3397ea215a8c;Path=/;HttpOnly;Secure;Domain=mtbatch.nam.microsofttranslator.com",
          "ARRAffinitySameSite=cafa601ca5f017b1c68bca037439964b89cf2f140e4a1200b5cb3397ea215a8c;Path=/;HttpOnly;SameSite=None;Secure;Domain=mtbatch.nam.microsofttranslator.com"
        ],
        "Strict-Transport-Security": "max-age=31536000; includeSubDomains; preload",
        "Transfer-Encoding": "chunked",
        "Vary": "Accept-Encoding",
        "X-Content-Type-Options": "nosniff",
        "X-Powered-By": "ASP.NET",
        "X-RequestId": "78beb5af-2e90-4e66-8425-6a78d1359e18"
      },
      "ResponseBody": {
        "id": "dacca0aa-8d76-4454-81ad-ac4b79b245c6",
        "createdDateTimeUtc": "2022-06-01T21:02:25.7197029Z",
        "lastActionDateTimeUtc": "2022-06-01T21:02:33.3638155Z",
        "status": "Succeeded",
        "summary": {
          "total": 1,
          "failed": 0,
          "success": 1,
          "inProgress": 0,
          "notYetStarted": 0,
          "cancelled": 0,
          "totalCharacterCharged": 27
        }
      }
    },
    {
      "RequestUri": "https://fakeendpoint.cognitiveservices.azure.com/translator/text/batch/v1.0/batches",
      "RequestMethod": "POST",
      "RequestHeaders": {
        "Accept": "application/json",
        "Accept-Encoding": "gzip, deflate",
        "Content-Length": "380",
        "Content-Type": "application/json",
        "User-Agent": "azsdk-python-ai-translation-document/1.0.0 Python/3.9.0 (Windows-10-10.0.22000-SP0)"
      },
      "RequestBody": {
        "inputs": [
          {
            "source": {
              "sourceUrl": "https://fakeendpoint.blob.core.windows.net/src6f2fd135-63ce-4647-b0f5-77b6449034f1?se=end\u0026sp=rl\u0026sv=2021-06-08\u0026sr=c\u0026sig=fake_token_value",
              "filter": {}
            },
            "targets": [
              {
                "targetUrl": "https://fakeendpoint.blob.core.windows.net/targetcd6e022f-8082-4bcb-bbb4-ec32dd1fd650?se=end\u0026sp=wl\u0026sv=2021-06-08\u0026sr=c\u0026sig=fake_token_value",
                "language": "es"
              }
            ]
          }
        ]
      },
      "StatusCode": 202,
      "ResponseHeaders": {
        "apim-request-id": "eb1d0080-a8b4-4181-9906-d63f5bb5d7e9",
        "Content-Length": "0",
        "Date": "Wed, 01 Jun 2022 21:02:34 GMT",
        "Operation-Location": "https://fakeendpoint.cognitiveservices.azure.com/translator/text/batch/v1.0/batches/247b3a10-2695-4d6a-8e71-833306c999d5",
        "Set-Cookie": [
          "ARRAffinity=52534756bc24481c0848ee2def3c54a057fd0e51707d9dcf782aa603bbaa9f24;Path=/;HttpOnly;Secure;Domain=mtbatch.nam.microsofttranslator.com",
          "ARRAffinitySameSite=52534756bc24481c0848ee2def3c54a057fd0e51707d9dcf782aa603bbaa9f24;Path=/;HttpOnly;SameSite=None;Secure;Domain=mtbatch.nam.microsofttranslator.com"
        ],
        "Strict-Transport-Security": "max-age=31536000; includeSubDomains; preload",
        "X-Content-Type-Options": "nosniff",
        "X-Powered-By": "ASP.NET",
        "X-RequestId": "eb1d0080-a8b4-4181-9906-d63f5bb5d7e9"
      },
      "ResponseBody": null
    },
    {
      "RequestUri": "https://fakeendpoint.cognitiveservices.azure.com/translator/text/batch/v1.0/batches/247b3a10-2695-4d6a-8e71-833306c999d5",
      "RequestMethod": "GET",
      "RequestHeaders": {
        "Accept": "*/*",
        "Accept-Encoding": "gzip, deflate",
        "User-Agent": "azsdk-python-ai-translation-document/1.0.0 Python/3.9.0 (Windows-10-10.0.22000-SP0)"
      },
      "RequestBody": null,
      "StatusCode": 200,
      "ResponseHeaders": {
        "apim-request-id": "a25d4c69-74be-405d-9f0b-1ee19de4a526",
        "Cache-Control": "public, max-age=1",
        "Content-Encoding": "gzip",
        "Content-Type": "application/json; charset=utf-8",
        "Date": "Wed, 01 Jun 2022 21:02:35 GMT",
        "ETag": "\u00227137EA6F7E0E4C836DEADDC5E249DA3CBB6BBAA4BA5DAF32696840C04FE97124\u0022",
        "Set-Cookie": [
          "ARRAffinity=cafa601ca5f017b1c68bca037439964b89cf2f140e4a1200b5cb3397ea215a8c;Path=/;HttpOnly;Secure;Domain=mtbatch.nam.microsofttranslator.com",
          "ARRAffinitySameSite=cafa601ca5f017b1c68bca037439964b89cf2f140e4a1200b5cb3397ea215a8c;Path=/;HttpOnly;SameSite=None;Secure;Domain=mtbatch.nam.microsofttranslator.com"
        ],
        "Strict-Transport-Security": "max-age=31536000; includeSubDomains; preload",
        "Transfer-Encoding": "chunked",
        "Vary": "Accept-Encoding",
        "X-Content-Type-Options": "nosniff",
        "X-Powered-By": "ASP.NET",
        "X-RequestId": "a25d4c69-74be-405d-9f0b-1ee19de4a526"
      },
      "ResponseBody": {
        "id": "247b3a10-2695-4d6a-8e71-833306c999d5",
        "createdDateTimeUtc": "2022-06-01T21:02:35.0588286Z",
        "lastActionDateTimeUtc": "2022-06-01T21:02:35.8507261Z",
        "status": "Running",
        "summary": {
          "total": 1,
          "failed": 0,
          "success": 0,
          "inProgress": 1,
          "notYetStarted": 0,
          "cancelled": 0,
          "totalCharacterCharged": 0
        }
      }
    },
    {
      "RequestUri": "https://fakeendpoint.cognitiveservices.azure.com/translator/text/batch/v1.0/batches/247b3a10-2695-4d6a-8e71-833306c999d5",
      "RequestMethod": "GET",
      "RequestHeaders": {
        "Accept": "*/*",
        "Accept-Encoding": "gzip, deflate",
        "User-Agent": "azsdk-python-ai-translation-document/1.0.0 Python/3.9.0 (Windows-10-10.0.22000-SP0)"
      },
      "RequestBody": null,
      "StatusCode": 200,
      "ResponseHeaders": {
        "apim-request-id": "d921b5d2-b841-438d-bf3f-190ad61a6a4b",
        "Cache-Control": "public, max-age=1",
        "Content-Encoding": "gzip",
        "Content-Type": "application/json; charset=utf-8",
        "Date": "Wed, 01 Jun 2022 21:02:36 GMT",
        "ETag": "\u00227137EA6F7E0E4C836DEADDC5E249DA3CBB6BBAA4BA5DAF32696840C04FE97124\u0022",
        "Set-Cookie": [
          "ARRAffinity=52534756bc24481c0848ee2def3c54a057fd0e51707d9dcf782aa603bbaa9f24;Path=/;HttpOnly;Secure;Domain=mtbatch.nam.microsofttranslator.com",
          "ARRAffinitySameSite=52534756bc24481c0848ee2def3c54a057fd0e51707d9dcf782aa603bbaa9f24;Path=/;HttpOnly;SameSite=None;Secure;Domain=mtbatch.nam.microsofttranslator.com"
        ],
        "Strict-Transport-Security": "max-age=31536000; includeSubDomains; preload",
        "Transfer-Encoding": "chunked",
        "Vary": "Accept-Encoding",
        "X-Content-Type-Options": "nosniff",
        "X-Powered-By": "ASP.NET",
        "X-RequestId": "d921b5d2-b841-438d-bf3f-190ad61a6a4b"
      },
      "ResponseBody": {
        "id": "247b3a10-2695-4d6a-8e71-833306c999d5",
        "createdDateTimeUtc": "2022-06-01T21:02:35.0588286Z",
        "lastActionDateTimeUtc": "2022-06-01T21:02:35.8507261Z",
        "status": "Running",
        "summary": {
          "total": 1,
          "failed": 0,
          "success": 0,
          "inProgress": 1,
          "notYetStarted": 0,
          "cancelled": 0,
          "totalCharacterCharged": 0
        }
      }
    },
    {
      "RequestUri": "https://fakeendpoint.cognitiveservices.azure.com/translator/text/batch/v1.0/batches/247b3a10-2695-4d6a-8e71-833306c999d5",
      "RequestMethod": "GET",
      "RequestHeaders": {
        "Accept": "*/*",
        "Accept-Encoding": "gzip, deflate",
        "User-Agent": "azsdk-python-ai-translation-document/1.0.0 Python/3.9.0 (Windows-10-10.0.22000-SP0)"
      },
      "RequestBody": null,
      "StatusCode": 200,
      "ResponseHeaders": {
        "apim-request-id": "6fd489b6-d911-4143-9a5f-4e92cc135ac7",
        "Cache-Control": "public, max-age=1",
        "Content-Encoding": "gzip",
        "Content-Type": "application/json; charset=utf-8",
        "Date": "Wed, 01 Jun 2022 21:02:37 GMT",
        "ETag": "\u00227137EA6F7E0E4C836DEADDC5E249DA3CBB6BBAA4BA5DAF32696840C04FE97124\u0022",
        "Set-Cookie": [
          "ARRAffinity=cafa601ca5f017b1c68bca037439964b89cf2f140e4a1200b5cb3397ea215a8c;Path=/;HttpOnly;Secure;Domain=mtbatch.nam.microsofttranslator.com",
          "ARRAffinitySameSite=cafa601ca5f017b1c68bca037439964b89cf2f140e4a1200b5cb3397ea215a8c;Path=/;HttpOnly;SameSite=None;Secure;Domain=mtbatch.nam.microsofttranslator.com"
        ],
        "Strict-Transport-Security": "max-age=31536000; includeSubDomains; preload",
        "Transfer-Encoding": "chunked",
        "Vary": "Accept-Encoding",
        "X-Content-Type-Options": "nosniff",
        "X-Powered-By": "ASP.NET",
        "X-RequestId": "6fd489b6-d911-4143-9a5f-4e92cc135ac7"
      },
      "ResponseBody": {
        "id": "247b3a10-2695-4d6a-8e71-833306c999d5",
        "createdDateTimeUtc": "2022-06-01T21:02:35.0588286Z",
        "lastActionDateTimeUtc": "2022-06-01T21:02:35.8507261Z",
        "status": "Running",
        "summary": {
          "total": 1,
          "failed": 0,
          "success": 0,
          "inProgress": 1,
          "notYetStarted": 0,
          "cancelled": 0,
          "totalCharacterCharged": 0
        }
      }
    },
    {
      "RequestUri": "https://fakeendpoint.cognitiveservices.azure.com/translator/text/batch/v1.0/batches/247b3a10-2695-4d6a-8e71-833306c999d5",
      "RequestMethod": "GET",
      "RequestHeaders": {
        "Accept": "*/*",
        "Accept-Encoding": "gzip, deflate",
        "User-Agent": "azsdk-python-ai-translation-document/1.0.0 Python/3.9.0 (Windows-10-10.0.22000-SP0)"
      },
      "RequestBody": null,
      "StatusCode": 200,
      "ResponseHeaders": {
        "apim-request-id": "ce34411b-6f98-426d-b96c-8b4a908a0ac3",
        "Cache-Control": "public, max-age=1",
        "Content-Encoding": "gzip",
        "Content-Type": "application/json; charset=utf-8",
        "Date": "Wed, 01 Jun 2022 21:02:38 GMT",
        "ETag": "\u0022C682C1D3BF97FA81C6F4AF29EF581FA2106A57C1655AF500B5D48A071910C26F\u0022",
        "Set-Cookie": [
          "ARRAffinity=52534756bc24481c0848ee2def3c54a057fd0e51707d9dcf782aa603bbaa9f24;Path=/;HttpOnly;Secure;Domain=mtbatch.nam.microsofttranslator.com",
          "ARRAffinitySameSite=52534756bc24481c0848ee2def3c54a057fd0e51707d9dcf782aa603bbaa9f24;Path=/;HttpOnly;SameSite=None;Secure;Domain=mtbatch.nam.microsofttranslator.com"
        ],
        "Strict-Transport-Security": "max-age=31536000; includeSubDomains; preload",
        "Transfer-Encoding": "chunked",
        "Vary": "Accept-Encoding",
        "X-Content-Type-Options": "nosniff",
        "X-Powered-By": "ASP.NET",
        "X-RequestId": "ce34411b-6f98-426d-b96c-8b4a908a0ac3"
      },
      "ResponseBody": {
        "id": "247b3a10-2695-4d6a-8e71-833306c999d5",
        "createdDateTimeUtc": "2022-06-01T21:02:35.0588286Z",
        "lastActionDateTimeUtc": "2022-06-01T21:02:39.0592263Z",
        "status": "Succeeded",
        "summary": {
          "total": 1,
          "failed": 0,
          "success": 1,
          "inProgress": 0,
          "notYetStarted": 0,
          "cancelled": 0,
          "totalCharacterCharged": 27
        }
      }
    },
    {
      "RequestUri": "https://fakeendpoint.cognitiveservices.azure.com/translator/text/batch/v1.0/batches",
      "RequestMethod": "POST",
      "RequestHeaders": {
        "Accept": "application/json",
        "Accept-Encoding": "gzip, deflate",
        "Content-Length": "380",
        "Content-Type": "application/json",
        "User-Agent": "azsdk-python-ai-translation-document/1.0.0 Python/3.9.0 (Windows-10-10.0.22000-SP0)"
      },
      "RequestBody": {
        "inputs": [
          {
            "source": {
              "sourceUrl": "https://fakeendpoint.blob.core.windows.net/src564b8139-8229-4a6d-aaee-729e3fa023b6?se=end\u0026sp=rl\u0026sv=2021-06-08\u0026sr=c\u0026sig=fake_token_value",
              "filter": {}
            },
            "targets": [
              {
                "targetUrl": "https://fakeendpoint.blob.core.windows.net/target1717767b-1f87-4ff9-badf-d8f297155b27?se=end\u0026sp=wl\u0026sv=2021-06-08\u0026sr=c\u0026sig=fake_token_value",
                "language": "es"
              }
            ]
          }
        ]
      },
      "StatusCode": 202,
      "ResponseHeaders": {
        "apim-request-id": "6d4f550b-081d-447f-bffa-8962cfb3b074",
        "Content-Length": "0",
        "Date": "Wed, 01 Jun 2022 21:02:39 GMT",
        "Operation-Location": "https://fakeendpoint.cognitiveservices.azure.com/translator/text/batch/v1.0/batches/26ec599f-02b8-4aea-a856-82d9489d4598",
        "Set-Cookie": [
          "ARRAffinity=cafa601ca5f017b1c68bca037439964b89cf2f140e4a1200b5cb3397ea215a8c;Path=/;HttpOnly;Secure;Domain=mtbatch.nam.microsofttranslator.com",
          "ARRAffinitySameSite=cafa601ca5f017b1c68bca037439964b89cf2f140e4a1200b5cb3397ea215a8c;Path=/;HttpOnly;SameSite=None;Secure;Domain=mtbatch.nam.microsofttranslator.com"
        ],
        "Strict-Transport-Security": "max-age=31536000; includeSubDomains; preload",
        "X-Content-Type-Options": "nosniff",
        "X-Powered-By": "ASP.NET",
        "X-RequestId": "6d4f550b-081d-447f-bffa-8962cfb3b074"
      },
      "ResponseBody": null
    },
    {
      "RequestUri": "https://fakeendpoint.cognitiveservices.azure.com/translator/text/batch/v1.0/batches/26ec599f-02b8-4aea-a856-82d9489d4598",
      "RequestMethod": "GET",
      "RequestHeaders": {
        "Accept": "*/*",
        "Accept-Encoding": "gzip, deflate",
        "User-Agent": "azsdk-python-ai-translation-document/1.0.0 Python/3.9.0 (Windows-10-10.0.22000-SP0)"
      },
      "RequestBody": null,
      "StatusCode": 200,
      "ResponseHeaders": {
        "apim-request-id": "8332e239-2373-437e-bb0a-49ed29f0734e",
        "Cache-Control": "public, max-age=1",
        "Content-Encoding": "gzip",
        "Content-Type": "application/json; charset=utf-8",
        "Date": "Wed, 01 Jun 2022 21:02:40 GMT",
        "ETag": "\u0022639172F7EA3CABF317CD638CCBD2E804C78BB5C407BEA0F151CF6E2BE0A93923\u0022",
        "Set-Cookie": [
          "ARRAffinity=52534756bc24481c0848ee2def3c54a057fd0e51707d9dcf782aa603bbaa9f24;Path=/;HttpOnly;Secure;Domain=mtbatch.nam.microsofttranslator.com",
          "ARRAffinitySameSite=52534756bc24481c0848ee2def3c54a057fd0e51707d9dcf782aa603bbaa9f24;Path=/;HttpOnly;SameSite=None;Secure;Domain=mtbatch.nam.microsofttranslator.com"
        ],
        "Strict-Transport-Security": "max-age=31536000; includeSubDomains; preload",
        "Transfer-Encoding": "chunked",
        "Vary": "Accept-Encoding",
        "X-Content-Type-Options": "nosniff",
        "X-Powered-By": "ASP.NET",
        "X-RequestId": "8332e239-2373-437e-bb0a-49ed29f0734e"
      },
      "ResponseBody": {
        "id": "26ec599f-02b8-4aea-a856-82d9489d4598",
        "createdDateTimeUtc": "2022-06-01T21:02:40.122848Z",
        "lastActionDateTimeUtc": "2022-06-01T21:02:40.1693138Z",
        "status": "NotStarted",
        "summary": {
          "total": 1,
          "failed": 0,
          "success": 0,
          "inProgress": 0,
          "notYetStarted": 1,
          "cancelled": 0,
          "totalCharacterCharged": 0
        }
      }
    },
    {
      "RequestUri": "https://fakeendpoint.cognitiveservices.azure.com/translator/text/batch/v1.0/batches/26ec599f-02b8-4aea-a856-82d9489d4598",
      "RequestMethod": "GET",
      "RequestHeaders": {
        "Accept": "*/*",
        "Accept-Encoding": "gzip, deflate",
        "User-Agent": "azsdk-python-ai-translation-document/1.0.0 Python/3.9.0 (Windows-10-10.0.22000-SP0)"
      },
      "RequestBody": null,
      "StatusCode": 200,
      "ResponseHeaders": {
        "apim-request-id": "dc97a040-b06b-49c5-bda2-d30e33be0be6",
        "Cache-Control": "public, max-age=1",
        "Content-Encoding": "gzip",
        "Content-Type": "application/json; charset=utf-8",
        "Date": "Wed, 01 Jun 2022 21:02:41 GMT",
        "ETag": "\u0022639172F7EA3CABF317CD638CCBD2E804C78BB5C407BEA0F151CF6E2BE0A93923\u0022",
        "Set-Cookie": [
          "ARRAffinity=52534756bc24481c0848ee2def3c54a057fd0e51707d9dcf782aa603bbaa9f24;Path=/;HttpOnly;Secure;Domain=mtbatch.nam.microsofttranslator.com",
          "ARRAffinitySameSite=52534756bc24481c0848ee2def3c54a057fd0e51707d9dcf782aa603bbaa9f24;Path=/;HttpOnly;SameSite=None;Secure;Domain=mtbatch.nam.microsofttranslator.com"
        ],
        "Strict-Transport-Security": "max-age=31536000; includeSubDomains; preload",
        "Transfer-Encoding": "chunked",
        "Vary": "Accept-Encoding",
        "X-Content-Type-Options": "nosniff",
        "X-Powered-By": "ASP.NET",
        "X-RequestId": "dc97a040-b06b-49c5-bda2-d30e33be0be6"
      },
      "ResponseBody": {
        "id": "26ec599f-02b8-4aea-a856-82d9489d4598",
        "createdDateTimeUtc": "2022-06-01T21:02:40.122848Z",
        "lastActionDateTimeUtc": "2022-06-01T21:02:40.1693138Z",
        "status": "NotStarted",
        "summary": {
          "total": 1,
          "failed": 0,
          "success": 0,
          "inProgress": 0,
          "notYetStarted": 1,
          "cancelled": 0,
          "totalCharacterCharged": 0
        }
      }
    },
    {
      "RequestUri": "https://fakeendpoint.cognitiveservices.azure.com/translator/text/batch/v1.0/batches/26ec599f-02b8-4aea-a856-82d9489d4598",
      "RequestMethod": "GET",
      "RequestHeaders": {
        "Accept": "*/*",
        "Accept-Encoding": "gzip, deflate",
        "User-Agent": "azsdk-python-ai-translation-document/1.0.0 Python/3.9.0 (Windows-10-10.0.22000-SP0)"
      },
      "RequestBody": null,
      "StatusCode": 200,
      "ResponseHeaders": {
        "apim-request-id": "5c896160-ee12-42fe-ae46-8dd3dcd1bcec",
        "Cache-Control": "public, max-age=1",
        "Content-Encoding": "gzip",
        "Content-Type": "application/json; charset=utf-8",
        "Date": "Wed, 01 Jun 2022 21:02:42 GMT",
        "ETag": "\u0022B22FA49AAD0ABEB2999AD505146D8361ACAAE6CF05F5493CE9E872A2327D27F7\u0022",
        "Set-Cookie": [
          "ARRAffinity=cafa601ca5f017b1c68bca037439964b89cf2f140e4a1200b5cb3397ea215a8c;Path=/;HttpOnly;Secure;Domain=mtbatch.nam.microsofttranslator.com",
          "ARRAffinitySameSite=cafa601ca5f017b1c68bca037439964b89cf2f140e4a1200b5cb3397ea215a8c;Path=/;HttpOnly;SameSite=None;Secure;Domain=mtbatch.nam.microsofttranslator.com"
        ],
        "Strict-Transport-Security": "max-age=31536000; includeSubDomains; preload",
        "Transfer-Encoding": "chunked",
        "Vary": "Accept-Encoding",
        "X-Content-Type-Options": "nosniff",
        "X-Powered-By": "ASP.NET",
        "X-RequestId": "5c896160-ee12-42fe-ae46-8dd3dcd1bcec"
      },
      "ResponseBody": {
        "id": "26ec599f-02b8-4aea-a856-82d9489d4598",
        "createdDateTimeUtc": "2022-06-01T21:02:40.122848Z",
        "lastActionDateTimeUtc": "2022-06-01T21:02:42.9133295Z",
        "status": "Running",
        "summary": {
          "total": 1,
          "failed": 0,
          "success": 0,
          "inProgress": 1,
          "notYetStarted": 0,
          "cancelled": 0,
          "totalCharacterCharged": 0
        }
      }
    },
    {
      "RequestUri": "https://fakeendpoint.cognitiveservices.azure.com/translator/text/batch/v1.0/batches/26ec599f-02b8-4aea-a856-82d9489d4598",
      "RequestMethod": "GET",
      "RequestHeaders": {
        "Accept": "*/*",
        "Accept-Encoding": "gzip, deflate",
        "User-Agent": "azsdk-python-ai-translation-document/1.0.0 Python/3.9.0 (Windows-10-10.0.22000-SP0)"
      },
      "RequestBody": null,
      "StatusCode": 200,
      "ResponseHeaders": {
        "apim-request-id": "11542cb1-1002-4aed-920d-11f4c9ec7960",
        "Cache-Control": "public, max-age=1",
        "Content-Encoding": "gzip",
        "Content-Type": "application/json; charset=utf-8",
        "Date": "Wed, 01 Jun 2022 21:02:43 GMT",
        "ETag": "\u0022B22FA49AAD0ABEB2999AD505146D8361ACAAE6CF05F5493CE9E872A2327D27F7\u0022",
        "Set-Cookie": [
          "ARRAffinity=52534756bc24481c0848ee2def3c54a057fd0e51707d9dcf782aa603bbaa9f24;Path=/;HttpOnly;Secure;Domain=mtbatch.nam.microsofttranslator.com",
          "ARRAffinitySameSite=52534756bc24481c0848ee2def3c54a057fd0e51707d9dcf782aa603bbaa9f24;Path=/;HttpOnly;SameSite=None;Secure;Domain=mtbatch.nam.microsofttranslator.com"
        ],
        "Strict-Transport-Security": "max-age=31536000; includeSubDomains; preload",
        "Transfer-Encoding": "chunked",
        "Vary": "Accept-Encoding",
        "X-Content-Type-Options": "nosniff",
        "X-Powered-By": "ASP.NET",
        "X-RequestId": "11542cb1-1002-4aed-920d-11f4c9ec7960"
      },
      "ResponseBody": {
        "id": "26ec599f-02b8-4aea-a856-82d9489d4598",
        "createdDateTimeUtc": "2022-06-01T21:02:40.122848Z",
        "lastActionDateTimeUtc": "2022-06-01T21:02:42.9133295Z",
        "status": "Running",
        "summary": {
          "total": 1,
          "failed": 0,
          "success": 0,
          "inProgress": 1,
          "notYetStarted": 0,
          "cancelled": 0,
          "totalCharacterCharged": 0
        }
      }
    },
    {
      "RequestUri": "https://fakeendpoint.cognitiveservices.azure.com/translator/text/batch/v1.0/batches/26ec599f-02b8-4aea-a856-82d9489d4598",
      "RequestMethod": "GET",
      "RequestHeaders": {
        "Accept": "*/*",
        "Accept-Encoding": "gzip, deflate",
        "User-Agent": "azsdk-python-ai-translation-document/1.0.0 Python/3.9.0 (Windows-10-10.0.22000-SP0)"
      },
      "RequestBody": null,
      "StatusCode": 200,
      "ResponseHeaders": {
        "apim-request-id": "e9f41dbe-ac24-4db9-ab48-04058b41a4f3",
        "Cache-Control": "public, max-age=1",
        "Content-Encoding": "gzip",
        "Content-Type": "application/json; charset=utf-8",
        "Date": "Wed, 01 Jun 2022 21:02:44 GMT",
        "ETag": "\u0022B22FA49AAD0ABEB2999AD505146D8361ACAAE6CF05F5493CE9E872A2327D27F7\u0022",
        "Set-Cookie": [
          "ARRAffinity=52534756bc24481c0848ee2def3c54a057fd0e51707d9dcf782aa603bbaa9f24;Path=/;HttpOnly;Secure;Domain=mtbatch.nam.microsofttranslator.com",
          "ARRAffinitySameSite=52534756bc24481c0848ee2def3c54a057fd0e51707d9dcf782aa603bbaa9f24;Path=/;HttpOnly;SameSite=None;Secure;Domain=mtbatch.nam.microsofttranslator.com"
        ],
        "Strict-Transport-Security": "max-age=31536000; includeSubDomains; preload",
        "Transfer-Encoding": "chunked",
        "Vary": "Accept-Encoding",
        "X-Content-Type-Options": "nosniff",
        "X-Powered-By": "ASP.NET",
        "X-RequestId": "e9f41dbe-ac24-4db9-ab48-04058b41a4f3"
      },
      "ResponseBody": {
        "id": "26ec599f-02b8-4aea-a856-82d9489d4598",
        "createdDateTimeUtc": "2022-06-01T21:02:40.122848Z",
        "lastActionDateTimeUtc": "2022-06-01T21:02:42.9133295Z",
        "status": "Running",
        "summary": {
          "total": 1,
          "failed": 0,
          "success": 0,
          "inProgress": 1,
          "notYetStarted": 0,
          "cancelled": 0,
          "totalCharacterCharged": 0
        }
      }
    },
    {
      "RequestUri": "https://fakeendpoint.cognitiveservices.azure.com/translator/text/batch/v1.0/batches/26ec599f-02b8-4aea-a856-82d9489d4598",
      "RequestMethod": "GET",
      "RequestHeaders": {
        "Accept": "*/*",
        "Accept-Encoding": "gzip, deflate",
        "User-Agent": "azsdk-python-ai-translation-document/1.0.0 Python/3.9.0 (Windows-10-10.0.22000-SP0)"
      },
      "RequestBody": null,
      "StatusCode": 200,
      "ResponseHeaders": {
        "apim-request-id": "7327cad6-e92b-4777-8a16-06eb7abf2d4c",
        "Cache-Control": "public, max-age=1",
        "Content-Encoding": "gzip",
        "Content-Type": "application/json; charset=utf-8",
        "Date": "Wed, 01 Jun 2022 21:02:45 GMT",
        "ETag": "\u0022243854215F4D74A3274DD0F0304EF4092F11BA7C7CD23FDFA8ADD2DA0F73745B\u0022",
        "Set-Cookie": [
          "ARRAffinity=cafa601ca5f017b1c68bca037439964b89cf2f140e4a1200b5cb3397ea215a8c;Path=/;HttpOnly;Secure;Domain=mtbatch.nam.microsofttranslator.com",
          "ARRAffinitySameSite=cafa601ca5f017b1c68bca037439964b89cf2f140e4a1200b5cb3397ea215a8c;Path=/;HttpOnly;SameSite=None;Secure;Domain=mtbatch.nam.microsofttranslator.com"
        ],
        "Strict-Transport-Security": "max-age=31536000; includeSubDomains; preload",
        "Transfer-Encoding": "chunked",
        "Vary": "Accept-Encoding",
        "X-Content-Type-Options": "nosniff",
        "X-Powered-By": "ASP.NET",
        "X-RequestId": "7327cad6-e92b-4777-8a16-06eb7abf2d4c"
      },
      "ResponseBody": {
        "id": "26ec599f-02b8-4aea-a856-82d9489d4598",
        "createdDateTimeUtc": "2022-06-01T21:02:40.122848Z",
        "lastActionDateTimeUtc": "2022-06-01T21:02:46.18838Z",
        "status": "Succeeded",
        "summary": {
          "total": 1,
          "failed": 0,
          "success": 1,
          "inProgress": 0,
          "notYetStarted": 0,
          "cancelled": 0,
          "totalCharacterCharged": 27
        }
      }
    },
    {
      "RequestUri": "https://fakeendpoint.cognitiveservices.azure.com/translator/text/batch/v1.0/batches",
      "RequestMethod": "POST",
      "RequestHeaders": {
        "Accept": "application/json",
        "Accept-Encoding": "gzip, deflate",
        "Content-Length": "380",
        "Content-Type": "application/json",
        "User-Agent": "azsdk-python-ai-translation-document/1.0.0 Python/3.9.0 (Windows-10-10.0.22000-SP0)"
      },
      "RequestBody": {
        "inputs": [
          {
            "source": {
              "sourceUrl": "https://fakeendpoint.blob.core.windows.net/src7ed81d3d-8d9f-4448-8c62-26720ff6760c?se=end\u0026sp=rl\u0026sv=2021-06-08\u0026sr=c\u0026sig=fake_token_value",
              "filter": {}
            },
            "targets": [
              {
                "targetUrl": "https://fakeendpoint.blob.core.windows.net/target97362cf1-5fde-44a3-928a-3ce7c42ecf04?se=end\u0026sp=wl\u0026sv=2021-06-08\u0026sr=c\u0026sig=fake_token_value",
                "language": "es"
              }
            ]
          }
        ]
      },
      "StatusCode": 202,
      "ResponseHeaders": {
        "apim-request-id": "338bec54-9acb-4a61-b15b-9b38fe7820ff",
        "Content-Length": "0",
        "Date": "Wed, 01 Jun 2022 21:02:46 GMT",
        "Operation-Location": "https://fakeendpoint.cognitiveservices.azure.com/translator/text/batch/v1.0/batches/1b36d574-2a4a-4a05-a0c1-71a756749388",
        "Set-Cookie": [
          "ARRAffinity=cafa601ca5f017b1c68bca037439964b89cf2f140e4a1200b5cb3397ea215a8c;Path=/;HttpOnly;Secure;Domain=mtbatch.nam.microsofttranslator.com",
          "ARRAffinitySameSite=cafa601ca5f017b1c68bca037439964b89cf2f140e4a1200b5cb3397ea215a8c;Path=/;HttpOnly;SameSite=None;Secure;Domain=mtbatch.nam.microsofttranslator.com"
        ],
        "Strict-Transport-Security": "max-age=31536000; includeSubDomains; preload",
        "X-Content-Type-Options": "nosniff",
        "X-Powered-By": "ASP.NET",
        "X-RequestId": "338bec54-9acb-4a61-b15b-9b38fe7820ff"
      },
      "ResponseBody": null
    },
    {
      "RequestUri": "https://fakeendpoint.cognitiveservices.azure.com/translator/text/batch/v1.0/batches/1b36d574-2a4a-4a05-a0c1-71a756749388",
      "RequestMethod": "GET",
      "RequestHeaders": {
        "Accept": "*/*",
        "Accept-Encoding": "gzip, deflate",
        "User-Agent": "azsdk-python-ai-translation-document/1.0.0 Python/3.9.0 (Windows-10-10.0.22000-SP0)"
      },
      "RequestBody": null,
      "StatusCode": 200,
      "ResponseHeaders": {
        "apim-request-id": "fcdb174f-a602-45cd-a46b-ea4506ef9dd3",
        "Cache-Control": "public, max-age=1",
        "Content-Encoding": "gzip",
        "Content-Type": "application/json; charset=utf-8",
        "Date": "Wed, 01 Jun 2022 21:02:47 GMT",
        "ETag": "\u0022B1BEAA03A6808B13A23B7F621E60977C45FADB5BE652DF35DA012A8D582A715A\u0022",
        "Set-Cookie": [
          "ARRAffinity=52534756bc24481c0848ee2def3c54a057fd0e51707d9dcf782aa603bbaa9f24;Path=/;HttpOnly;Secure;Domain=mtbatch.nam.microsofttranslator.com",
          "ARRAffinitySameSite=52534756bc24481c0848ee2def3c54a057fd0e51707d9dcf782aa603bbaa9f24;Path=/;HttpOnly;SameSite=None;Secure;Domain=mtbatch.nam.microsofttranslator.com"
        ],
        "Strict-Transport-Security": "max-age=31536000; includeSubDomains; preload",
        "Transfer-Encoding": "chunked",
        "Vary": "Accept-Encoding",
        "X-Content-Type-Options": "nosniff",
        "X-Powered-By": "ASP.NET",
        "X-RequestId": "fcdb174f-a602-45cd-a46b-ea4506ef9dd3"
      },
      "ResponseBody": {
        "id": "1b36d574-2a4a-4a05-a0c1-71a756749388",
        "createdDateTimeUtc": "2022-06-01T21:02:47.6074024Z",
        "lastActionDateTimeUtc": "2022-06-01T21:02:47.6519111Z",
        "status": "NotStarted",
        "summary": {
          "total": 1,
          "failed": 0,
          "success": 0,
          "inProgress": 0,
          "notYetStarted": 1,
          "cancelled": 0,
          "totalCharacterCharged": 0
        }
      }
    },
    {
      "RequestUri": "https://fakeendpoint.cognitiveservices.azure.com/translator/text/batch/v1.0/batches/1b36d574-2a4a-4a05-a0c1-71a756749388",
      "RequestMethod": "GET",
      "RequestHeaders": {
        "Accept": "*/*",
        "Accept-Encoding": "gzip, deflate",
        "User-Agent": "azsdk-python-ai-translation-document/1.0.0 Python/3.9.0 (Windows-10-10.0.22000-SP0)"
      },
      "RequestBody": null,
      "StatusCode": 200,
      "ResponseHeaders": {
        "apim-request-id": "a441d48e-4cba-4c77-b19c-99f61c8a2980",
        "Cache-Control": "public, max-age=1",
        "Content-Encoding": "gzip",
        "Content-Type": "application/json; charset=utf-8",
        "Date": "Wed, 01 Jun 2022 21:02:48 GMT",
        "ETag": "\u00227B775B792EA57ACFD11032705B4CD18EFACDDA4905DD9A6CEFEA6E9D3ACBAE4F\u0022",
        "Set-Cookie": [
          "ARRAffinity=cafa601ca5f017b1c68bca037439964b89cf2f140e4a1200b5cb3397ea215a8c;Path=/;HttpOnly;Secure;Domain=mtbatch.nam.microsofttranslator.com",
          "ARRAffinitySameSite=cafa601ca5f017b1c68bca037439964b89cf2f140e4a1200b5cb3397ea215a8c;Path=/;HttpOnly;SameSite=None;Secure;Domain=mtbatch.nam.microsofttranslator.com"
        ],
        "Strict-Transport-Security": "max-age=31536000; includeSubDomains; preload",
        "Transfer-Encoding": "chunked",
        "Vary": "Accept-Encoding",
        "X-Content-Type-Options": "nosniff",
        "X-Powered-By": "ASP.NET",
        "X-RequestId": "a441d48e-4cba-4c77-b19c-99f61c8a2980"
      },
      "ResponseBody": {
        "id": "1b36d574-2a4a-4a05-a0c1-71a756749388",
        "createdDateTimeUtc": "2022-06-01T21:02:47.6074024Z",
        "lastActionDateTimeUtc": "2022-06-01T21:02:49.7422655Z",
        "status": "Running",
        "summary": {
          "total": 1,
          "failed": 0,
          "success": 0,
          "inProgress": 1,
          "notYetStarted": 0,
          "cancelled": 0,
          "totalCharacterCharged": 0
        }
      }
    },
    {
      "RequestUri": "https://fakeendpoint.cognitiveservices.azure.com/translator/text/batch/v1.0/batches/1b36d574-2a4a-4a05-a0c1-71a756749388",
      "RequestMethod": "GET",
      "RequestHeaders": {
        "Accept": "*/*",
        "Accept-Encoding": "gzip, deflate",
        "User-Agent": "azsdk-python-ai-translation-document/1.0.0 Python/3.9.0 (Windows-10-10.0.22000-SP0)"
      },
      "RequestBody": null,
      "StatusCode": 200,
      "ResponseHeaders": {
        "apim-request-id": "7589b989-663a-42a3-ba9e-f5740ed0c29f",
        "Cache-Control": "public, max-age=1",
        "Content-Encoding": "gzip",
        "Content-Type": "application/json; charset=utf-8",
        "Date": "Wed, 01 Jun 2022 21:02:49 GMT",
        "ETag": "\u002201F4B7BFA13ABAA666506AAC720D719934CB11B71D2934CB379FDA3944ECC3B6\u0022",
        "Set-Cookie": [
          "ARRAffinity=cafa601ca5f017b1c68bca037439964b89cf2f140e4a1200b5cb3397ea215a8c;Path=/;HttpOnly;Secure;Domain=mtbatch.nam.microsofttranslator.com",
          "ARRAffinitySameSite=cafa601ca5f017b1c68bca037439964b89cf2f140e4a1200b5cb3397ea215a8c;Path=/;HttpOnly;SameSite=None;Secure;Domain=mtbatch.nam.microsofttranslator.com"
        ],
        "Strict-Transport-Security": "max-age=31536000; includeSubDomains; preload",
        "Transfer-Encoding": "chunked",
        "Vary": "Accept-Encoding",
        "X-Content-Type-Options": "nosniff",
        "X-Powered-By": "ASP.NET",
        "X-RequestId": "7589b989-663a-42a3-ba9e-f5740ed0c29f"
      },
      "ResponseBody": {
        "id": "1b36d574-2a4a-4a05-a0c1-71a756749388",
        "createdDateTimeUtc": "2022-06-01T21:02:47.6074024Z",
        "lastActionDateTimeUtc": "2022-06-01T21:02:50.0384024Z",
        "status": "Running",
        "summary": {
          "total": 1,
          "failed": 0,
          "success": 0,
          "inProgress": 1,
          "notYetStarted": 0,
          "cancelled": 0,
          "totalCharacterCharged": 0
        }
      }
    },
    {
      "RequestUri": "https://fakeendpoint.cognitiveservices.azure.com/translator/text/batch/v1.0/batches/1b36d574-2a4a-4a05-a0c1-71a756749388",
      "RequestMethod": "GET",
      "RequestHeaders": {
        "Accept": "*/*",
        "Accept-Encoding": "gzip, deflate",
        "User-Agent": "azsdk-python-ai-translation-document/1.0.0 Python/3.9.0 (Windows-10-10.0.22000-SP0)"
      },
      "RequestBody": null,
      "StatusCode": 200,
      "ResponseHeaders": {
        "apim-request-id": "b677e6a4-3726-4f42-b12b-ddc0bd48ec0c",
        "Cache-Control": "public, max-age=1",
        "Content-Encoding": "gzip",
        "Content-Type": "application/json; charset=utf-8",
        "Date": "Wed, 01 Jun 2022 21:02:50 GMT",
        "ETag": "\u002201F4B7BFA13ABAA666506AAC720D719934CB11B71D2934CB379FDA3944ECC3B6\u0022",
        "Set-Cookie": [
          "ARRAffinity=52534756bc24481c0848ee2def3c54a057fd0e51707d9dcf782aa603bbaa9f24;Path=/;HttpOnly;Secure;Domain=mtbatch.nam.microsofttranslator.com",
          "ARRAffinitySameSite=52534756bc24481c0848ee2def3c54a057fd0e51707d9dcf782aa603bbaa9f24;Path=/;HttpOnly;SameSite=None;Secure;Domain=mtbatch.nam.microsofttranslator.com"
        ],
        "Strict-Transport-Security": "max-age=31536000; includeSubDomains; preload",
        "Transfer-Encoding": "chunked",
        "Vary": "Accept-Encoding",
        "X-Content-Type-Options": "nosniff",
        "X-Powered-By": "ASP.NET",
        "X-RequestId": "b677e6a4-3726-4f42-b12b-ddc0bd48ec0c"
      },
      "ResponseBody": {
        "id": "1b36d574-2a4a-4a05-a0c1-71a756749388",
        "createdDateTimeUtc": "2022-06-01T21:02:47.6074024Z",
        "lastActionDateTimeUtc": "2022-06-01T21:02:50.0384024Z",
        "status": "Running",
        "summary": {
          "total": 1,
          "failed": 0,
          "success": 0,
          "inProgress": 1,
          "notYetStarted": 0,
          "cancelled": 0,
          "totalCharacterCharged": 0
        }
      }
    },
    {
      "RequestUri": "https://fakeendpoint.cognitiveservices.azure.com/translator/text/batch/v1.0/batches/1b36d574-2a4a-4a05-a0c1-71a756749388",
      "RequestMethod": "GET",
      "RequestHeaders": {
        "Accept": "*/*",
        "Accept-Encoding": "gzip, deflate",
        "User-Agent": "azsdk-python-ai-translation-document/1.0.0 Python/3.9.0 (Windows-10-10.0.22000-SP0)"
      },
      "RequestBody": null,
      "StatusCode": 200,
      "ResponseHeaders": {
        "apim-request-id": "c402e2a7-6d8c-4073-bad1-ad9323d0cee6",
        "Cache-Control": "public, max-age=1",
        "Content-Encoding": "gzip",
        "Content-Type": "application/json; charset=utf-8",
        "Date": "Wed, 01 Jun 2022 21:02:52 GMT",
        "ETag": "\u002201F4B7BFA13ABAA666506AAC720D719934CB11B71D2934CB379FDA3944ECC3B6\u0022",
        "Set-Cookie": [
          "ARRAffinity=cafa601ca5f017b1c68bca037439964b89cf2f140e4a1200b5cb3397ea215a8c;Path=/;HttpOnly;Secure;Domain=mtbatch.nam.microsofttranslator.com",
          "ARRAffinitySameSite=cafa601ca5f017b1c68bca037439964b89cf2f140e4a1200b5cb3397ea215a8c;Path=/;HttpOnly;SameSite=None;Secure;Domain=mtbatch.nam.microsofttranslator.com"
        ],
        "Strict-Transport-Security": "max-age=31536000; includeSubDomains; preload",
        "Transfer-Encoding": "chunked",
        "Vary": "Accept-Encoding",
        "X-Content-Type-Options": "nosniff",
        "X-Powered-By": "ASP.NET",
        "X-RequestId": "c402e2a7-6d8c-4073-bad1-ad9323d0cee6"
      },
      "ResponseBody": {
        "id": "1b36d574-2a4a-4a05-a0c1-71a756749388",
        "createdDateTimeUtc": "2022-06-01T21:02:47.6074024Z",
        "lastActionDateTimeUtc": "2022-06-01T21:02:50.0384024Z",
        "status": "Running",
        "summary": {
          "total": 1,
          "failed": 0,
          "success": 0,
          "inProgress": 1,
          "notYetStarted": 0,
          "cancelled": 0,
          "totalCharacterCharged": 0
        }
      }
    },
    {
      "RequestUri": "https://fakeendpoint.cognitiveservices.azure.com/translator/text/batch/v1.0/batches/1b36d574-2a4a-4a05-a0c1-71a756749388",
      "RequestMethod": "GET",
      "RequestHeaders": {
        "Accept": "*/*",
        "Accept-Encoding": "gzip, deflate",
        "User-Agent": "azsdk-python-ai-translation-document/1.0.0 Python/3.9.0 (Windows-10-10.0.22000-SP0)"
      },
      "RequestBody": null,
      "StatusCode": 200,
      "ResponseHeaders": {
        "apim-request-id": "18dc0140-b064-4653-b2c6-cada24eddd02",
        "Cache-Control": "public, max-age=1",
        "Content-Encoding": "gzip",
        "Content-Type": "application/json; charset=utf-8",
        "Date": "Wed, 01 Jun 2022 21:02:54 GMT",
        "ETag": "\u00223F3BCC51B7B84A84CC0AD390151AB3EB2EED65AB4BCC7EDF6CA863220BCDBFD7\u0022",
        "Set-Cookie": [
          "ARRAffinity=52534756bc24481c0848ee2def3c54a057fd0e51707d9dcf782aa603bbaa9f24;Path=/;HttpOnly;Secure;Domain=mtbatch.nam.microsofttranslator.com",
          "ARRAffinitySameSite=52534756bc24481c0848ee2def3c54a057fd0e51707d9dcf782aa603bbaa9f24;Path=/;HttpOnly;SameSite=None;Secure;Domain=mtbatch.nam.microsofttranslator.com"
        ],
        "Strict-Transport-Security": "max-age=31536000; includeSubDomains; preload",
        "Transfer-Encoding": "chunked",
        "Vary": "Accept-Encoding",
        "X-Content-Type-Options": "nosniff",
        "X-Powered-By": "ASP.NET",
        "X-RequestId": "18dc0140-b064-4653-b2c6-cada24eddd02"
      },
      "ResponseBody": {
        "id": "1b36d574-2a4a-4a05-a0c1-71a756749388",
        "createdDateTimeUtc": "2022-06-01T21:02:47.6074024Z",
        "lastActionDateTimeUtc": "2022-06-01T21:02:53.2355981Z",
        "status": "Succeeded",
        "summary": {
          "total": 1,
          "failed": 0,
          "success": 1,
          "inProgress": 0,
          "notYetStarted": 0,
          "cancelled": 0,
          "totalCharacterCharged": 27
        }
      }
    },
    {
      "RequestUri": "https://fakeendpoint.cognitiveservices.azure.com/translator/text/batch/v1.0/batches",
      "RequestMethod": "POST",
      "RequestHeaders": {
        "Accept": "application/json",
        "Accept-Encoding": "gzip, deflate",
        "Content-Length": "380",
        "Content-Type": "application/json",
        "User-Agent": "azsdk-python-ai-translation-document/1.0.0 Python/3.9.0 (Windows-10-10.0.22000-SP0)"
      },
      "RequestBody": {
        "inputs": [
          {
            "source": {
              "sourceUrl": "https://fakeendpoint.blob.core.windows.net/src70c1134c-f2eb-4212-803f-68911393705c?se=end\u0026sp=rl\u0026sv=2021-06-08\u0026sr=c\u0026sig=fake_token_value",
              "filter": {}
            },
            "targets": [
              {
                "targetUrl": "https://fakeendpoint.blob.core.windows.net/target5951872b-fa4f-48f4-b4cd-9de8e8918339?se=end\u0026sp=wl\u0026sv=2021-06-08\u0026sr=c\u0026sig=fake_token_value",
                "language": "es"
              }
            ]
          }
        ]
      },
      "StatusCode": 202,
      "ResponseHeaders": {
        "apim-request-id": "140df8e5-deee-4a3e-b7a8-8a00e04ae879",
        "Content-Length": "0",
        "Date": "Wed, 01 Jun 2022 21:02:54 GMT",
        "Operation-Location": "https://fakeendpoint.cognitiveservices.azure.com/translator/text/batch/v1.0/batches/f7901936-ffa3-4e26-a80c-06db1730401b",
        "Set-Cookie": [
          "ARRAffinity=cafa601ca5f017b1c68bca037439964b89cf2f140e4a1200b5cb3397ea215a8c;Path=/;HttpOnly;Secure;Domain=mtbatch.nam.microsofttranslator.com",
          "ARRAffinitySameSite=cafa601ca5f017b1c68bca037439964b89cf2f140e4a1200b5cb3397ea215a8c;Path=/;HttpOnly;SameSite=None;Secure;Domain=mtbatch.nam.microsofttranslator.com"
        ],
        "Strict-Transport-Security": "max-age=31536000; includeSubDomains; preload",
        "X-Content-Type-Options": "nosniff",
        "X-Powered-By": "ASP.NET",
        "X-RequestId": "140df8e5-deee-4a3e-b7a8-8a00e04ae879"
      },
      "ResponseBody": null
    },
    {
      "RequestUri": "https://fakeendpoint.cognitiveservices.azure.com/translator/text/batch/v1.0/batches/f7901936-ffa3-4e26-a80c-06db1730401b",
      "RequestMethod": "GET",
      "RequestHeaders": {
        "Accept": "*/*",
        "Accept-Encoding": "gzip, deflate",
        "User-Agent": "azsdk-python-ai-translation-document/1.0.0 Python/3.9.0 (Windows-10-10.0.22000-SP0)"
      },
      "RequestBody": null,
      "StatusCode": 200,
      "ResponseHeaders": {
        "apim-request-id": "498452a6-f686-46a0-82cc-fd5882df9585",
        "Cache-Control": "public, max-age=1",
        "Content-Encoding": "gzip",
        "Content-Type": "application/json; charset=utf-8",
        "Date": "Wed, 01 Jun 2022 21:02:55 GMT",
        "ETag": "\u00222EA243D8598701679ED145076F123DF644A7CFDD396980409A8C4BA9C468FFDA\u0022",
        "Set-Cookie": [
          "ARRAffinity=52534756bc24481c0848ee2def3c54a057fd0e51707d9dcf782aa603bbaa9f24;Path=/;HttpOnly;Secure;Domain=mtbatch.nam.microsofttranslator.com",
          "ARRAffinitySameSite=52534756bc24481c0848ee2def3c54a057fd0e51707d9dcf782aa603bbaa9f24;Path=/;HttpOnly;SameSite=None;Secure;Domain=mtbatch.nam.microsofttranslator.com"
        ],
        "Strict-Transport-Security": "max-age=31536000; includeSubDomains; preload",
        "Transfer-Encoding": "chunked",
        "Vary": "Accept-Encoding",
        "X-Content-Type-Options": "nosniff",
        "X-Powered-By": "ASP.NET",
        "X-RequestId": "498452a6-f686-46a0-82cc-fd5882df9585"
      },
      "ResponseBody": {
        "id": "f7901936-ffa3-4e26-a80c-06db1730401b",
        "createdDateTimeUtc": "2022-06-01T21:02:54.7990666Z",
        "lastActionDateTimeUtc": "2022-06-01T21:02:54.8308204Z",
        "status": "NotStarted",
        "summary": {
          "total": 1,
          "failed": 0,
          "success": 0,
          "inProgress": 0,
          "notYetStarted": 1,
          "cancelled": 0,
          "totalCharacterCharged": 0
        }
      }
    },
    {
      "RequestUri": "https://fakeendpoint.cognitiveservices.azure.com/translator/text/batch/v1.0/batches/f7901936-ffa3-4e26-a80c-06db1730401b",
      "RequestMethod": "GET",
      "RequestHeaders": {
        "Accept": "*/*",
        "Accept-Encoding": "gzip, deflate",
        "User-Agent": "azsdk-python-ai-translation-document/1.0.0 Python/3.9.0 (Windows-10-10.0.22000-SP0)"
      },
      "RequestBody": null,
      "StatusCode": 200,
      "ResponseHeaders": {
        "apim-request-id": "962f090d-984a-45bc-932d-a087f57fddbc",
        "Cache-Control": "public, max-age=1",
        "Content-Encoding": "gzip",
        "Content-Type": "application/json; charset=utf-8",
        "Date": "Wed, 01 Jun 2022 21:02:56 GMT",
        "ETag": "\u00222A4CB1BF14E33BCBC74DA1542E5D8695CEEC705B36D2B9F9DBC0F1D55EF00BD1\u0022",
        "Set-Cookie": [
          "ARRAffinity=52534756bc24481c0848ee2def3c54a057fd0e51707d9dcf782aa603bbaa9f24;Path=/;HttpOnly;Secure;Domain=mtbatch.nam.microsofttranslator.com",
          "ARRAffinitySameSite=52534756bc24481c0848ee2def3c54a057fd0e51707d9dcf782aa603bbaa9f24;Path=/;HttpOnly;SameSite=None;Secure;Domain=mtbatch.nam.microsofttranslator.com"
        ],
        "Strict-Transport-Security": "max-age=31536000; includeSubDomains; preload",
        "Transfer-Encoding": "chunked",
        "Vary": "Accept-Encoding",
        "X-Content-Type-Options": "nosniff",
        "X-Powered-By": "ASP.NET",
        "X-RequestId": "962f090d-984a-45bc-932d-a087f57fddbc"
      },
      "ResponseBody": {
        "id": "f7901936-ffa3-4e26-a80c-06db1730401b",
        "createdDateTimeUtc": "2022-06-01T21:02:54.7990666Z",
        "lastActionDateTimeUtc": "2022-06-01T21:02:56.8358852Z",
        "status": "Running",
        "summary": {
          "total": 1,
          "failed": 0,
          "success": 0,
          "inProgress": 1,
          "notYetStarted": 0,
          "cancelled": 0,
          "totalCharacterCharged": 0
        }
      }
    },
    {
      "RequestUri": "https://fakeendpoint.cognitiveservices.azure.com/translator/text/batch/v1.0/batches/f7901936-ffa3-4e26-a80c-06db1730401b",
      "RequestMethod": "GET",
      "RequestHeaders": {
        "Accept": "*/*",
        "Accept-Encoding": "gzip, deflate",
        "User-Agent": "azsdk-python-ai-translation-document/1.0.0 Python/3.9.0 (Windows-10-10.0.22000-SP0)"
      },
      "RequestBody": null,
      "StatusCode": 200,
      "ResponseHeaders": {
        "apim-request-id": "3130a1db-c838-4d5c-bec6-995d5ba108f2",
        "Cache-Control": "public, max-age=1",
        "Content-Encoding": "gzip",
        "Content-Type": "application/json; charset=utf-8",
        "Date": "Wed, 01 Jun 2022 21:02:57 GMT",
        "ETag": "\u002225C48FFD76D5C34FB3FD9EAEDEAE3C80C9C71B2B192606A809EDE64E3A2BD8EE\u0022",
        "Set-Cookie": [
          "ARRAffinity=cafa601ca5f017b1c68bca037439964b89cf2f140e4a1200b5cb3397ea215a8c;Path=/;HttpOnly;Secure;Domain=mtbatch.nam.microsofttranslator.com",
          "ARRAffinitySameSite=cafa601ca5f017b1c68bca037439964b89cf2f140e4a1200b5cb3397ea215a8c;Path=/;HttpOnly;SameSite=None;Secure;Domain=mtbatch.nam.microsofttranslator.com"
        ],
        "Strict-Transport-Security": "max-age=31536000; includeSubDomains; preload",
        "Transfer-Encoding": "chunked",
        "Vary": "Accept-Encoding",
        "X-Content-Type-Options": "nosniff",
        "X-Powered-By": "ASP.NET",
        "X-RequestId": "3130a1db-c838-4d5c-bec6-995d5ba108f2"
      },
      "ResponseBody": {
        "id": "f7901936-ffa3-4e26-a80c-06db1730401b",
        "createdDateTimeUtc": "2022-06-01T21:02:54.7990666Z",
        "lastActionDateTimeUtc": "2022-06-01T21:02:57.1163126Z",
        "status": "Running",
        "summary": {
          "total": 1,
          "failed": 0,
          "success": 0,
          "inProgress": 1,
          "notYetStarted": 0,
          "cancelled": 0,
          "totalCharacterCharged": 0
        }
      }
    },
    {
      "RequestUri": "https://fakeendpoint.cognitiveservices.azure.com/translator/text/batch/v1.0/batches/f7901936-ffa3-4e26-a80c-06db1730401b",
      "RequestMethod": "GET",
      "RequestHeaders": {
        "Accept": "*/*",
        "Accept-Encoding": "gzip, deflate",
        "User-Agent": "azsdk-python-ai-translation-document/1.0.0 Python/3.9.0 (Windows-10-10.0.22000-SP0)"
      },
      "RequestBody": null,
      "StatusCode": 200,
      "ResponseHeaders": {
        "apim-request-id": "dad01d20-b7c0-443b-8fb9-58a31c618aab",
        "Cache-Control": "public, max-age=1",
        "Content-Encoding": "gzip",
        "Content-Type": "application/json; charset=utf-8",
        "Date": "Wed, 01 Jun 2022 21:02:58 GMT",
        "ETag": "\u002225C48FFD76D5C34FB3FD9EAEDEAE3C80C9C71B2B192606A809EDE64E3A2BD8EE\u0022",
        "Set-Cookie": [
          "ARRAffinity=cafa601ca5f017b1c68bca037439964b89cf2f140e4a1200b5cb3397ea215a8c;Path=/;HttpOnly;Secure;Domain=mtbatch.nam.microsofttranslator.com",
          "ARRAffinitySameSite=cafa601ca5f017b1c68bca037439964b89cf2f140e4a1200b5cb3397ea215a8c;Path=/;HttpOnly;SameSite=None;Secure;Domain=mtbatch.nam.microsofttranslator.com"
        ],
        "Strict-Transport-Security": "max-age=31536000; includeSubDomains; preload",
        "Transfer-Encoding": "chunked",
        "Vary": "Accept-Encoding",
        "X-Content-Type-Options": "nosniff",
        "X-Powered-By": "ASP.NET",
        "X-RequestId": "dad01d20-b7c0-443b-8fb9-58a31c618aab"
      },
      "ResponseBody": {
        "id": "f7901936-ffa3-4e26-a80c-06db1730401b",
        "createdDateTimeUtc": "2022-06-01T21:02:54.7990666Z",
        "lastActionDateTimeUtc": "2022-06-01T21:02:57.1163126Z",
        "status": "Running",
        "summary": {
          "total": 1,
          "failed": 0,
          "success": 0,
          "inProgress": 1,
          "notYetStarted": 0,
          "cancelled": 0,
          "totalCharacterCharged": 0
        }
      }
    },
    {
      "RequestUri": "https://fakeendpoint.cognitiveservices.azure.com/translator/text/batch/v1.0/batches/f7901936-ffa3-4e26-a80c-06db1730401b",
      "RequestMethod": "GET",
      "RequestHeaders": {
        "Accept": "*/*",
        "Accept-Encoding": "gzip, deflate",
        "User-Agent": "azsdk-python-ai-translation-document/1.0.0 Python/3.9.0 (Windows-10-10.0.22000-SP0)"
      },
      "RequestBody": null,
      "StatusCode": 200,
      "ResponseHeaders": {
        "apim-request-id": "6e848516-f079-4c8b-9483-11b55b281c96",
        "Cache-Control": "public, max-age=1",
        "Content-Encoding": "gzip",
        "Content-Type": "application/json; charset=utf-8",
        "Date": "Wed, 01 Jun 2022 21:03:00 GMT",
        "ETag": "\u002225C48FFD76D5C34FB3FD9EAEDEAE3C80C9C71B2B192606A809EDE64E3A2BD8EE\u0022",
        "Set-Cookie": [
          "ARRAffinity=52534756bc24481c0848ee2def3c54a057fd0e51707d9dcf782aa603bbaa9f24;Path=/;HttpOnly;Secure;Domain=mtbatch.nam.microsofttranslator.com",
          "ARRAffinitySameSite=52534756bc24481c0848ee2def3c54a057fd0e51707d9dcf782aa603bbaa9f24;Path=/;HttpOnly;SameSite=None;Secure;Domain=mtbatch.nam.microsofttranslator.com"
        ],
        "Strict-Transport-Security": "max-age=31536000; includeSubDomains; preload",
        "Transfer-Encoding": "chunked",
        "Vary": "Accept-Encoding",
        "X-Content-Type-Options": "nosniff",
        "X-Powered-By": "ASP.NET",
        "X-RequestId": "6e848516-f079-4c8b-9483-11b55b281c96"
      },
      "ResponseBody": {
        "id": "f7901936-ffa3-4e26-a80c-06db1730401b",
        "createdDateTimeUtc": "2022-06-01T21:02:54.7990666Z",
        "lastActionDateTimeUtc": "2022-06-01T21:02:57.1163126Z",
        "status": "Running",
        "summary": {
          "total": 1,
          "failed": 0,
          "success": 0,
          "inProgress": 1,
          "notYetStarted": 0,
          "cancelled": 0,
          "totalCharacterCharged": 0
        }
      }
    },
    {
      "RequestUri": "https://fakeendpoint.cognitiveservices.azure.com/translator/text/batch/v1.0/batches/f7901936-ffa3-4e26-a80c-06db1730401b",
      "RequestMethod": "GET",
      "RequestHeaders": {
        "Accept": "*/*",
        "Accept-Encoding": "gzip, deflate",
        "User-Agent": "azsdk-python-ai-translation-document/1.0.0 Python/3.9.0 (Windows-10-10.0.22000-SP0)"
      },
      "RequestBody": null,
      "StatusCode": 200,
      "ResponseHeaders": {
        "apim-request-id": "cca98ce5-e968-440c-a407-9f44020969e2",
        "Cache-Control": "public, max-age=1",
        "Content-Encoding": "gzip",
        "Content-Type": "application/json; charset=utf-8",
        "Date": "Wed, 01 Jun 2022 21:03:01 GMT",
        "ETag": "\u002207A0CF9783CB9AC8451F8C183535914CDBF3505500A25D947816AC73989D9948\u0022",
        "Set-Cookie": [
          "ARRAffinity=cafa601ca5f017b1c68bca037439964b89cf2f140e4a1200b5cb3397ea215a8c;Path=/;HttpOnly;Secure;Domain=mtbatch.nam.microsofttranslator.com",
          "ARRAffinitySameSite=cafa601ca5f017b1c68bca037439964b89cf2f140e4a1200b5cb3397ea215a8c;Path=/;HttpOnly;SameSite=None;Secure;Domain=mtbatch.nam.microsofttranslator.com"
        ],
        "Strict-Transport-Security": "max-age=31536000; includeSubDomains; preload",
        "Transfer-Encoding": "chunked",
        "Vary": "Accept-Encoding",
        "X-Content-Type-Options": "nosniff",
        "X-Powered-By": "ASP.NET",
        "X-RequestId": "cca98ce5-e968-440c-a407-9f44020969e2"
      },
      "ResponseBody": {
        "id": "f7901936-ffa3-4e26-a80c-06db1730401b",
        "createdDateTimeUtc": "2022-06-01T21:02:54.7990666Z",
        "lastActionDateTimeUtc": "2022-06-01T21:03:00.343998Z",
        "status": "Succeeded",
        "summary": {
          "total": 1,
          "failed": 0,
          "success": 1,
          "inProgress": 0,
          "notYetStarted": 0,
          "cancelled": 0,
          "totalCharacterCharged": 27
        }
      }
    },
    {
      "RequestUri": "https://fakeendpoint.cognitiveservices.azure.com/translator/text/batch/v1.0/batches",
      "RequestMethod": "POST",
      "RequestHeaders": {
        "Accept": "application/json",
        "Accept-Encoding": "gzip, deflate",
        "Content-Length": "380",
        "Content-Type": "application/json",
        "User-Agent": "azsdk-python-ai-translation-document/1.0.0 Python/3.9.0 (Windows-10-10.0.22000-SP0)"
      },
      "RequestBody": {
        "inputs": [
          {
            "source": {
              "sourceUrl": "https://fakeendpoint.blob.core.windows.net/src32e55dc6-aac1-499b-9625-7d2fa6d3810c?se=end\u0026sp=rl\u0026sv=2021-06-08\u0026sr=c\u0026sig=fake_token_value",
              "filter": {}
            },
            "targets": [
              {
                "targetUrl": "https://fakeendpoint.blob.core.windows.net/target247c78cc-2d4d-4610-9507-8a424fd0bf81?se=end\u0026sp=wl\u0026sv=2021-06-08\u0026sr=c\u0026sig=fake_token_value",
                "language": "es"
              }
            ]
          }
        ]
      },
      "StatusCode": 202,
      "ResponseHeaders": {
        "apim-request-id": "3a0d60a4-7815-4d5d-9365-4a39e329acc1",
        "Content-Length": "0",
        "Date": "Wed, 01 Jun 2022 21:03:02 GMT",
        "Operation-Location": "https://fakeendpoint.cognitiveservices.azure.com/translator/text/batch/v1.0/batches/73fcf5c0-0703-4ace-b3a2-d7218ba22ec1",
        "Set-Cookie": [
          "ARRAffinity=cafa601ca5f017b1c68bca037439964b89cf2f140e4a1200b5cb3397ea215a8c;Path=/;HttpOnly;Secure;Domain=mtbatch.nam.microsofttranslator.com",
          "ARRAffinitySameSite=cafa601ca5f017b1c68bca037439964b89cf2f140e4a1200b5cb3397ea215a8c;Path=/;HttpOnly;SameSite=None;Secure;Domain=mtbatch.nam.microsofttranslator.com"
        ],
        "Strict-Transport-Security": "max-age=31536000; includeSubDomains; preload",
        "X-Content-Type-Options": "nosniff",
        "X-Powered-By": "ASP.NET",
        "X-RequestId": "3a0d60a4-7815-4d5d-9365-4a39e329acc1"
      },
      "ResponseBody": null
    },
    {
      "RequestUri": "https://fakeendpoint.cognitiveservices.azure.com/translator/text/batch/v1.0/batches/73fcf5c0-0703-4ace-b3a2-d7218ba22ec1",
      "RequestMethod": "GET",
      "RequestHeaders": {
        "Accept": "*/*",
        "Accept-Encoding": "gzip, deflate",
        "User-Agent": "azsdk-python-ai-translation-document/1.0.0 Python/3.9.0 (Windows-10-10.0.22000-SP0)"
      },
      "RequestBody": null,
      "StatusCode": 200,
      "ResponseHeaders": {
        "apim-request-id": "dbac19f9-3af3-452d-91ba-95fdab20ce36",
        "Cache-Control": "public, max-age=1",
        "Content-Encoding": "gzip",
        "Content-Type": "application/json; charset=utf-8",
        "Date": "Wed, 01 Jun 2022 21:03:03 GMT",
        "ETag": "\u00224308F28E645F94584EF1877E6926C5C3F512871BF036AAC44B2671311C13C1CD\u0022",
        "Set-Cookie": [
          "ARRAffinity=52534756bc24481c0848ee2def3c54a057fd0e51707d9dcf782aa603bbaa9f24;Path=/;HttpOnly;Secure;Domain=mtbatch.nam.microsofttranslator.com",
          "ARRAffinitySameSite=52534756bc24481c0848ee2def3c54a057fd0e51707d9dcf782aa603bbaa9f24;Path=/;HttpOnly;SameSite=None;Secure;Domain=mtbatch.nam.microsofttranslator.com"
        ],
        "Strict-Transport-Security": "max-age=31536000; includeSubDomains; preload",
        "Transfer-Encoding": "chunked",
        "Vary": "Accept-Encoding",
        "X-Content-Type-Options": "nosniff",
        "X-Powered-By": "ASP.NET",
        "X-RequestId": "dbac19f9-3af3-452d-91ba-95fdab20ce36"
      },
      "ResponseBody": {
        "id": "73fcf5c0-0703-4ace-b3a2-d7218ba22ec1",
        "createdDateTimeUtc": "2022-06-01T21:03:02.2145463Z",
        "lastActionDateTimeUtc": "2022-06-01T21:03:02.2437591Z",
        "status": "NotStarted",
        "summary": {
          "total": 1,
          "failed": 0,
          "success": 0,
          "inProgress": 0,
          "notYetStarted": 1,
          "cancelled": 0,
          "totalCharacterCharged": 0
        }
      }
    },
    {
      "RequestUri": "https://fakeendpoint.cognitiveservices.azure.com/translator/text/batch/v1.0/batches/73fcf5c0-0703-4ace-b3a2-d7218ba22ec1",
      "RequestMethod": "GET",
      "RequestHeaders": {
        "Accept": "*/*",
        "Accept-Encoding": "gzip, deflate",
        "User-Agent": "azsdk-python-ai-translation-document/1.0.0 Python/3.9.0 (Windows-10-10.0.22000-SP0)"
      },
      "RequestBody": null,
      "StatusCode": 200,
      "ResponseHeaders": {
        "apim-request-id": "91833ed9-f66d-449d-ba27-a94e056d83ab",
        "Cache-Control": "public, max-age=1",
        "Content-Encoding": "gzip",
        "Content-Type": "application/json; charset=utf-8",
        "Date": "Wed, 01 Jun 2022 21:03:04 GMT",
        "ETag": "\u0022D397F2E95C1C9FC84FEC98C9C2C42CBD3732631ECB2905ECBAF244F2D127C770\u0022",
        "Set-Cookie": [
          "ARRAffinity=cafa601ca5f017b1c68bca037439964b89cf2f140e4a1200b5cb3397ea215a8c;Path=/;HttpOnly;Secure;Domain=mtbatch.nam.microsofttranslator.com",
          "ARRAffinitySameSite=cafa601ca5f017b1c68bca037439964b89cf2f140e4a1200b5cb3397ea215a8c;Path=/;HttpOnly;SameSite=None;Secure;Domain=mtbatch.nam.microsofttranslator.com"
        ],
        "Strict-Transport-Security": "max-age=31536000; includeSubDomains; preload",
        "Transfer-Encoding": "chunked",
        "Vary": "Accept-Encoding",
        "X-Content-Type-Options": "nosniff",
        "X-Powered-By": "ASP.NET",
        "X-RequestId": "91833ed9-f66d-449d-ba27-a94e056d83ab"
      },
      "ResponseBody": {
        "id": "73fcf5c0-0703-4ace-b3a2-d7218ba22ec1",
        "createdDateTimeUtc": "2022-06-01T21:03:02.2145463Z",
        "lastActionDateTimeUtc": "2022-06-01T21:03:04.1633271Z",
        "status": "Running",
        "summary": {
          "total": 1,
          "failed": 0,
          "success": 0,
          "inProgress": 1,
          "notYetStarted": 0,
          "cancelled": 0,
          "totalCharacterCharged": 0
        }
      }
    },
    {
      "RequestUri": "https://fakeendpoint.cognitiveservices.azure.com/translator/text/batch/v1.0/batches/73fcf5c0-0703-4ace-b3a2-d7218ba22ec1",
      "RequestMethod": "GET",
      "RequestHeaders": {
        "Accept": "*/*",
        "Accept-Encoding": "gzip, deflate",
        "User-Agent": "azsdk-python-ai-translation-document/1.0.0 Python/3.9.0 (Windows-10-10.0.22000-SP0)"
      },
      "RequestBody": null,
      "StatusCode": 200,
      "ResponseHeaders": {
        "apim-request-id": "c1e04c60-69da-4c7e-883e-9fa63ca0816a",
        "Cache-Control": "public, max-age=1",
        "Content-Encoding": "gzip",
        "Content-Type": "application/json; charset=utf-8",
        "Date": "Wed, 01 Jun 2022 21:03:05 GMT",
        "ETag": "\u0022D397F2E95C1C9FC84FEC98C9C2C42CBD3732631ECB2905ECBAF244F2D127C770\u0022",
        "Set-Cookie": [
          "ARRAffinity=52534756bc24481c0848ee2def3c54a057fd0e51707d9dcf782aa603bbaa9f24;Path=/;HttpOnly;Secure;Domain=mtbatch.nam.microsofttranslator.com",
          "ARRAffinitySameSite=52534756bc24481c0848ee2def3c54a057fd0e51707d9dcf782aa603bbaa9f24;Path=/;HttpOnly;SameSite=None;Secure;Domain=mtbatch.nam.microsofttranslator.com"
        ],
        "Strict-Transport-Security": "max-age=31536000; includeSubDomains; preload",
        "Transfer-Encoding": "chunked",
        "Vary": "Accept-Encoding",
        "X-Content-Type-Options": "nosniff",
        "X-Powered-By": "ASP.NET",
        "X-RequestId": "c1e04c60-69da-4c7e-883e-9fa63ca0816a"
      },
      "ResponseBody": {
        "id": "73fcf5c0-0703-4ace-b3a2-d7218ba22ec1",
        "createdDateTimeUtc": "2022-06-01T21:03:02.2145463Z",
        "lastActionDateTimeUtc": "2022-06-01T21:03:04.1633271Z",
        "status": "Running",
        "summary": {
          "total": 1,
          "failed": 0,
          "success": 0,
          "inProgress": 1,
          "notYetStarted": 0,
          "cancelled": 0,
          "totalCharacterCharged": 0
        }
      }
    },
    {
      "RequestUri": "https://fakeendpoint.cognitiveservices.azure.com/translator/text/batch/v1.0/batches/73fcf5c0-0703-4ace-b3a2-d7218ba22ec1",
      "RequestMethod": "GET",
      "RequestHeaders": {
        "Accept": "*/*",
        "Accept-Encoding": "gzip, deflate",
        "User-Agent": "azsdk-python-ai-translation-document/1.0.0 Python/3.9.0 (Windows-10-10.0.22000-SP0)"
      },
      "RequestBody": null,
      "StatusCode": 200,
      "ResponseHeaders": {
        "apim-request-id": "cfaf599d-46d3-4d4c-94ae-e951415a7826",
        "Cache-Control": "public, max-age=1",
        "Content-Encoding": "gzip",
        "Content-Type": "application/json; charset=utf-8",
        "Date": "Wed, 01 Jun 2022 21:03:06 GMT",
        "ETag": "\u0022D397F2E95C1C9FC84FEC98C9C2C42CBD3732631ECB2905ECBAF244F2D127C770\u0022",
        "Set-Cookie": [
          "ARRAffinity=cafa601ca5f017b1c68bca037439964b89cf2f140e4a1200b5cb3397ea215a8c;Path=/;HttpOnly;Secure;Domain=mtbatch.nam.microsofttranslator.com",
          "ARRAffinitySameSite=cafa601ca5f017b1c68bca037439964b89cf2f140e4a1200b5cb3397ea215a8c;Path=/;HttpOnly;SameSite=None;Secure;Domain=mtbatch.nam.microsofttranslator.com"
        ],
        "Strict-Transport-Security": "max-age=31536000; includeSubDomains; preload",
        "Transfer-Encoding": "chunked",
        "Vary": "Accept-Encoding",
        "X-Content-Type-Options": "nosniff",
        "X-Powered-By": "ASP.NET",
        "X-RequestId": "cfaf599d-46d3-4d4c-94ae-e951415a7826"
      },
      "ResponseBody": {
        "id": "73fcf5c0-0703-4ace-b3a2-d7218ba22ec1",
        "createdDateTimeUtc": "2022-06-01T21:03:02.2145463Z",
        "lastActionDateTimeUtc": "2022-06-01T21:03:04.1633271Z",
        "status": "Running",
        "summary": {
          "total": 1,
          "failed": 0,
          "success": 0,
          "inProgress": 1,
          "notYetStarted": 0,
          "cancelled": 0,
          "totalCharacterCharged": 0
        }
      }
    },
    {
      "RequestUri": "https://fakeendpoint.cognitiveservices.azure.com/translator/text/batch/v1.0/batches/73fcf5c0-0703-4ace-b3a2-d7218ba22ec1",
      "RequestMethod": "GET",
      "RequestHeaders": {
        "Accept": "*/*",
        "Accept-Encoding": "gzip, deflate",
        "User-Agent": "azsdk-python-ai-translation-document/1.0.0 Python/3.9.0 (Windows-10-10.0.22000-SP0)"
      },
      "RequestBody": null,
      "StatusCode": 200,
      "ResponseHeaders": {
        "apim-request-id": "fe1c7498-28bc-427b-a45f-066be3f89e76",
        "Cache-Control": "public, max-age=1",
        "Content-Encoding": "gzip",
        "Content-Type": "application/json; charset=utf-8",
        "Date": "Wed, 01 Jun 2022 21:03:07 GMT",
        "ETag": "\u002255E474284CC05C8B1559531A4D418E35A2DE8691BD8560185469C20479699D87\u0022",
        "Set-Cookie": [
          "ARRAffinity=52534756bc24481c0848ee2def3c54a057fd0e51707d9dcf782aa603bbaa9f24;Path=/;HttpOnly;Secure;Domain=mtbatch.nam.microsofttranslator.com",
          "ARRAffinitySameSite=52534756bc24481c0848ee2def3c54a057fd0e51707d9dcf782aa603bbaa9f24;Path=/;HttpOnly;SameSite=None;Secure;Domain=mtbatch.nam.microsofttranslator.com"
        ],
        "Strict-Transport-Security": "max-age=31536000; includeSubDomains; preload",
        "Transfer-Encoding": "chunked",
        "Vary": "Accept-Encoding",
        "X-Content-Type-Options": "nosniff",
        "X-Powered-By": "ASP.NET",
        "X-RequestId": "fe1c7498-28bc-427b-a45f-066be3f89e76"
      },
      "ResponseBody": {
        "id": "73fcf5c0-0703-4ace-b3a2-d7218ba22ec1",
        "createdDateTimeUtc": "2022-06-01T21:03:02.2145463Z",
        "lastActionDateTimeUtc": "2022-06-01T21:03:07.5247295Z",
        "status": "Succeeded",
        "summary": {
          "total": 1,
          "failed": 0,
          "success": 1,
          "inProgress": 0,
          "notYetStarted": 0,
          "cancelled": 0,
          "totalCharacterCharged": 27
        }
      }
    },
    {
      "RequestUri": "https://fakeendpoint.cognitiveservices.azure.com/translator/text/batch/v1.0/batches",
      "RequestMethod": "POST",
      "RequestHeaders": {
        "Accept": "application/json",
        "Accept-Encoding": "gzip, deflate",
        "Content-Length": "380",
        "Content-Type": "application/json",
        "User-Agent": "azsdk-python-ai-translation-document/1.0.0 Python/3.9.0 (Windows-10-10.0.22000-SP0)"
      },
      "RequestBody": {
        "inputs": [
          {
            "source": {
              "sourceUrl": "https://fakeendpoint.blob.core.windows.net/src7005c6d9-7278-4d0f-8d26-ab6ff40d9a3d?se=end\u0026sp=rl\u0026sv=2021-06-08\u0026sr=c\u0026sig=fake_token_value",
              "filter": {}
            },
            "targets": [
              {
                "targetUrl": "https://fakeendpoint.blob.core.windows.net/targetc3e44685-58fb-4582-b578-f3e2bcffcdef?se=end\u0026sp=wl\u0026sv=2021-06-08\u0026sr=c\u0026sig=fake_token_value",
                "language": "es"
              }
            ]
          }
        ]
      },
      "StatusCode": 202,
      "ResponseHeaders": {
        "apim-request-id": "48cbfe65-d129-4548-aa56-2fc6cf62daa8",
        "Content-Length": "0",
        "Date": "Wed, 01 Jun 2022 21:03:08 GMT",
        "Operation-Location": "https://fakeendpoint.cognitiveservices.azure.com/translator/text/batch/v1.0/batches/64982428-8d21-4656-8563-4ae81166fbf2",
        "Set-Cookie": [
          "ARRAffinity=cafa601ca5f017b1c68bca037439964b89cf2f140e4a1200b5cb3397ea215a8c;Path=/;HttpOnly;Secure;Domain=mtbatch.nam.microsofttranslator.com",
          "ARRAffinitySameSite=cafa601ca5f017b1c68bca037439964b89cf2f140e4a1200b5cb3397ea215a8c;Path=/;HttpOnly;SameSite=None;Secure;Domain=mtbatch.nam.microsofttranslator.com"
        ],
        "Strict-Transport-Security": "max-age=31536000; includeSubDomains; preload",
        "X-Content-Type-Options": "nosniff",
        "X-Powered-By": "ASP.NET",
        "X-RequestId": "48cbfe65-d129-4548-aa56-2fc6cf62daa8"
      },
      "ResponseBody": null
    },
    {
      "RequestUri": "https://fakeendpoint.cognitiveservices.azure.com/translator/text/batch/v1.0/batches/64982428-8d21-4656-8563-4ae81166fbf2",
      "RequestMethod": "GET",
      "RequestHeaders": {
        "Accept": "*/*",
        "Accept-Encoding": "gzip, deflate",
        "User-Agent": "azsdk-python-ai-translation-document/1.0.0 Python/3.9.0 (Windows-10-10.0.22000-SP0)"
      },
      "RequestBody": null,
      "StatusCode": 200,
      "ResponseHeaders": {
        "apim-request-id": "3bfa3ba1-29e1-4b16-a0fa-f6a96d6d6565",
        "Cache-Control": "public, max-age=1",
        "Content-Encoding": "gzip",
        "Content-Type": "application/json; charset=utf-8",
        "Date": "Wed, 01 Jun 2022 21:03:09 GMT",
        "ETag": "\u002278E0211DD5D61AA1A34AE0CAC0BC79272C2AE617F14C9F59336045B1C134F155\u0022",
        "Set-Cookie": [
          "ARRAffinity=52534756bc24481c0848ee2def3c54a057fd0e51707d9dcf782aa603bbaa9f24;Path=/;HttpOnly;Secure;Domain=mtbatch.nam.microsofttranslator.com",
          "ARRAffinitySameSite=52534756bc24481c0848ee2def3c54a057fd0e51707d9dcf782aa603bbaa9f24;Path=/;HttpOnly;SameSite=None;Secure;Domain=mtbatch.nam.microsofttranslator.com"
        ],
        "Strict-Transport-Security": "max-age=31536000; includeSubDomains; preload",
        "Transfer-Encoding": "chunked",
        "Vary": "Accept-Encoding",
        "X-Content-Type-Options": "nosniff",
        "X-Powered-By": "ASP.NET",
        "X-RequestId": "3bfa3ba1-29e1-4b16-a0fa-f6a96d6d6565"
      },
      "ResponseBody": {
        "id": "64982428-8d21-4656-8563-4ae81166fbf2",
        "createdDateTimeUtc": "2022-06-01T21:03:08.4608148Z",
        "lastActionDateTimeUtc": "2022-06-01T21:03:08.4870448Z",
        "status": "NotStarted",
        "summary": {
          "total": 1,
          "failed": 0,
          "success": 0,
          "inProgress": 0,
          "notYetStarted": 1,
          "cancelled": 0,
          "totalCharacterCharged": 0
        }
      }
    },
    {
      "RequestUri": "https://fakeendpoint.cognitiveservices.azure.com/translator/text/batch/v1.0/batches/64982428-8d21-4656-8563-4ae81166fbf2",
      "RequestMethod": "GET",
      "RequestHeaders": {
        "Accept": "*/*",
        "Accept-Encoding": "gzip, deflate",
        "User-Agent": "azsdk-python-ai-translation-document/1.0.0 Python/3.9.0 (Windows-10-10.0.22000-SP0)"
      },
      "RequestBody": null,
      "StatusCode": 200,
      "ResponseHeaders": {
        "apim-request-id": "65b176ec-58ab-4696-ac97-cdf019676865",
        "Cache-Control": "public, max-age=1",
        "Content-Encoding": "gzip",
        "Content-Type": "application/json; charset=utf-8",
        "Date": "Wed, 01 Jun 2022 21:03:10 GMT",
        "ETag": "\u002271A2FD084F2BCB1D81A31DDDDB19ACE323722C95247092FBC5379E09D06D342C\u0022",
        "Set-Cookie": [
          "ARRAffinity=cafa601ca5f017b1c68bca037439964b89cf2f140e4a1200b5cb3397ea215a8c;Path=/;HttpOnly;Secure;Domain=mtbatch.nam.microsofttranslator.com",
          "ARRAffinitySameSite=cafa601ca5f017b1c68bca037439964b89cf2f140e4a1200b5cb3397ea215a8c;Path=/;HttpOnly;SameSite=None;Secure;Domain=mtbatch.nam.microsofttranslator.com"
        ],
        "Strict-Transport-Security": "max-age=31536000; includeSubDomains; preload",
        "Transfer-Encoding": "chunked",
        "Vary": "Accept-Encoding",
        "X-Content-Type-Options": "nosniff",
        "X-Powered-By": "ASP.NET",
        "X-RequestId": "65b176ec-58ab-4696-ac97-cdf019676865"
      },
      "ResponseBody": {
        "id": "64982428-8d21-4656-8563-4ae81166fbf2",
        "createdDateTimeUtc": "2022-06-01T21:03:08.4608148Z",
        "lastActionDateTimeUtc": "2022-06-01T21:03:10.2107152Z",
        "status": "Running",
        "summary": {
          "total": 1,
          "failed": 0,
          "success": 0,
          "inProgress": 1,
          "notYetStarted": 0,
          "cancelled": 0,
          "totalCharacterCharged": 0
        }
      }
    },
    {
      "RequestUri": "https://fakeendpoint.cognitiveservices.azure.com/translator/text/batch/v1.0/batches/64982428-8d21-4656-8563-4ae81166fbf2",
      "RequestMethod": "GET",
      "RequestHeaders": {
        "Accept": "*/*",
        "Accept-Encoding": "gzip, deflate",
        "User-Agent": "azsdk-python-ai-translation-document/1.0.0 Python/3.9.0 (Windows-10-10.0.22000-SP0)"
      },
      "RequestBody": null,
      "StatusCode": 200,
      "ResponseHeaders": {
        "apim-request-id": "5ebdbe0e-cdc7-4c4d-b0b0-8297d9a569ce",
        "Cache-Control": "public, max-age=1",
        "Content-Encoding": "gzip",
        "Content-Type": "application/json; charset=utf-8",
        "Date": "Wed, 01 Jun 2022 21:03:11 GMT",
        "ETag": "\u002271A2FD084F2BCB1D81A31DDDDB19ACE323722C95247092FBC5379E09D06D342C\u0022",
        "Set-Cookie": [
          "ARRAffinity=52534756bc24481c0848ee2def3c54a057fd0e51707d9dcf782aa603bbaa9f24;Path=/;HttpOnly;Secure;Domain=mtbatch.nam.microsofttranslator.com",
          "ARRAffinitySameSite=52534756bc24481c0848ee2def3c54a057fd0e51707d9dcf782aa603bbaa9f24;Path=/;HttpOnly;SameSite=None;Secure;Domain=mtbatch.nam.microsofttranslator.com"
        ],
        "Strict-Transport-Security": "max-age=31536000; includeSubDomains; preload",
        "Transfer-Encoding": "chunked",
        "Vary": "Accept-Encoding",
        "X-Content-Type-Options": "nosniff",
        "X-Powered-By": "ASP.NET",
        "X-RequestId": "5ebdbe0e-cdc7-4c4d-b0b0-8297d9a569ce"
      },
      "ResponseBody": {
        "id": "64982428-8d21-4656-8563-4ae81166fbf2",
        "createdDateTimeUtc": "2022-06-01T21:03:08.4608148Z",
        "lastActionDateTimeUtc": "2022-06-01T21:03:10.2107152Z",
        "status": "Running",
        "summary": {
          "total": 1,
          "failed": 0,
          "success": 0,
          "inProgress": 1,
          "notYetStarted": 0,
          "cancelled": 0,
          "totalCharacterCharged": 0
        }
      }
    },
    {
      "RequestUri": "https://fakeendpoint.cognitiveservices.azure.com/translator/text/batch/v1.0/batches/64982428-8d21-4656-8563-4ae81166fbf2",
      "RequestMethod": "GET",
      "RequestHeaders": {
        "Accept": "*/*",
        "Accept-Encoding": "gzip, deflate",
        "User-Agent": "azsdk-python-ai-translation-document/1.0.0 Python/3.9.0 (Windows-10-10.0.22000-SP0)"
      },
      "RequestBody": null,
      "StatusCode": 200,
      "ResponseHeaders": {
        "apim-request-id": "b5fa879c-ea3f-4b15-acbd-4ae108aae9e6",
        "Cache-Control": "public, max-age=1",
        "Content-Encoding": "gzip",
        "Content-Type": "application/json; charset=utf-8",
        "Date": "Wed, 01 Jun 2022 21:03:12 GMT",
        "ETag": "\u002271A2FD084F2BCB1D81A31DDDDB19ACE323722C95247092FBC5379E09D06D342C\u0022",
        "Set-Cookie": [
          "ARRAffinity=cafa601ca5f017b1c68bca037439964b89cf2f140e4a1200b5cb3397ea215a8c;Path=/;HttpOnly;Secure;Domain=mtbatch.nam.microsofttranslator.com",
          "ARRAffinitySameSite=cafa601ca5f017b1c68bca037439964b89cf2f140e4a1200b5cb3397ea215a8c;Path=/;HttpOnly;SameSite=None;Secure;Domain=mtbatch.nam.microsofttranslator.com"
        ],
        "Strict-Transport-Security": "max-age=31536000; includeSubDomains; preload",
        "Transfer-Encoding": "chunked",
        "Vary": "Accept-Encoding",
        "X-Content-Type-Options": "nosniff",
        "X-Powered-By": "ASP.NET",
        "X-RequestId": "b5fa879c-ea3f-4b15-acbd-4ae108aae9e6"
      },
      "ResponseBody": {
        "id": "64982428-8d21-4656-8563-4ae81166fbf2",
        "createdDateTimeUtc": "2022-06-01T21:03:08.4608148Z",
        "lastActionDateTimeUtc": "2022-06-01T21:03:10.2107152Z",
        "status": "Running",
        "summary": {
          "total": 1,
          "failed": 0,
          "success": 0,
          "inProgress": 1,
          "notYetStarted": 0,
          "cancelled": 0,
          "totalCharacterCharged": 0
        }
      }
    },
    {
      "RequestUri": "https://fakeendpoint.cognitiveservices.azure.com/translator/text/batch/v1.0/batches/64982428-8d21-4656-8563-4ae81166fbf2",
      "RequestMethod": "GET",
      "RequestHeaders": {
        "Accept": "*/*",
        "Accept-Encoding": "gzip, deflate",
        "User-Agent": "azsdk-python-ai-translation-document/1.0.0 Python/3.9.0 (Windows-10-10.0.22000-SP0)"
      },
      "RequestBody": null,
      "StatusCode": 200,
      "ResponseHeaders": {
        "apim-request-id": "88cd20b3-4a34-4b24-b0e7-01009014ed30",
        "Cache-Control": "public, max-age=1",
        "Content-Encoding": "gzip",
        "Content-Type": "application/json; charset=utf-8",
        "Date": "Wed, 01 Jun 2022 21:03:13 GMT",
        "ETag": "\u002271A2FD084F2BCB1D81A31DDDDB19ACE323722C95247092FBC5379E09D06D342C\u0022",
        "Set-Cookie": [
          "ARRAffinity=52534756bc24481c0848ee2def3c54a057fd0e51707d9dcf782aa603bbaa9f24;Path=/;HttpOnly;Secure;Domain=mtbatch.nam.microsofttranslator.com",
          "ARRAffinitySameSite=52534756bc24481c0848ee2def3c54a057fd0e51707d9dcf782aa603bbaa9f24;Path=/;HttpOnly;SameSite=None;Secure;Domain=mtbatch.nam.microsofttranslator.com"
        ],
        "Strict-Transport-Security": "max-age=31536000; includeSubDomains; preload",
        "Transfer-Encoding": "chunked",
        "Vary": "Accept-Encoding",
        "X-Content-Type-Options": "nosniff",
        "X-Powered-By": "ASP.NET",
        "X-RequestId": "88cd20b3-4a34-4b24-b0e7-01009014ed30"
      },
      "ResponseBody": {
        "id": "64982428-8d21-4656-8563-4ae81166fbf2",
        "createdDateTimeUtc": "2022-06-01T21:03:08.4608148Z",
        "lastActionDateTimeUtc": "2022-06-01T21:03:10.2107152Z",
        "status": "Running",
        "summary": {
          "total": 1,
          "failed": 0,
          "success": 0,
          "inProgress": 1,
          "notYetStarted": 0,
          "cancelled": 0,
          "totalCharacterCharged": 0
        }
      }
    },
    {
      "RequestUri": "https://fakeendpoint.cognitiveservices.azure.com/translator/text/batch/v1.0/batches/64982428-8d21-4656-8563-4ae81166fbf2",
      "RequestMethod": "GET",
      "RequestHeaders": {
        "Accept": "*/*",
        "Accept-Encoding": "gzip, deflate",
        "User-Agent": "azsdk-python-ai-translation-document/1.0.0 Python/3.9.0 (Windows-10-10.0.22000-SP0)"
      },
      "RequestBody": null,
      "StatusCode": 200,
      "ResponseHeaders": {
        "apim-request-id": "9749a479-afad-48b8-ab63-3feb197d9ae0",
        "Cache-Control": "public, max-age=1",
        "Content-Encoding": "gzip",
        "Content-Type": "application/json; charset=utf-8",
        "Date": "Wed, 01 Jun 2022 21:03:14 GMT",
        "ETag": "\u0022E95FE1CE47E53EF74940F7D63B572FA5A3A2ACEB53DE393E45C575E5A6B2F78D\u0022",
        "Set-Cookie": [
          "ARRAffinity=cafa601ca5f017b1c68bca037439964b89cf2f140e4a1200b5cb3397ea215a8c;Path=/;HttpOnly;Secure;Domain=mtbatch.nam.microsofttranslator.com",
          "ARRAffinitySameSite=cafa601ca5f017b1c68bca037439964b89cf2f140e4a1200b5cb3397ea215a8c;Path=/;HttpOnly;SameSite=None;Secure;Domain=mtbatch.nam.microsofttranslator.com"
        ],
        "Strict-Transport-Security": "max-age=31536000; includeSubDomains; preload",
        "Transfer-Encoding": "chunked",
        "Vary": "Accept-Encoding",
        "X-Content-Type-Options": "nosniff",
        "X-Powered-By": "ASP.NET",
        "X-RequestId": "9749a479-afad-48b8-ab63-3feb197d9ae0"
      },
      "ResponseBody": {
        "id": "64982428-8d21-4656-8563-4ae81166fbf2",
        "createdDateTimeUtc": "2022-06-01T21:03:08.4608148Z",
        "lastActionDateTimeUtc": "2022-06-01T21:03:14.655838Z",
        "status": "Succeeded",
        "summary": {
          "total": 1,
          "failed": 0,
          "success": 1,
          "inProgress": 0,
          "notYetStarted": 0,
          "cancelled": 0,
          "totalCharacterCharged": 27
        }
      }
    },
    {
      "RequestUri": "https://fakeendpoint.cognitiveservices.azure.com/translator/text/batch/v1.0/batches",
      "RequestMethod": "POST",
      "RequestHeaders": {
        "Accept": "application/json",
        "Accept-Encoding": "gzip, deflate",
        "Content-Length": "380",
        "Content-Type": "application/json",
        "User-Agent": "azsdk-python-ai-translation-document/1.0.0 Python/3.9.0 (Windows-10-10.0.22000-SP0)"
      },
      "RequestBody": {
        "inputs": [
          {
            "source": {
              "sourceUrl": "https://fakeendpoint.blob.core.windows.net/src944efd64-f572-4f9e-a722-3dcb02f9d04b?se=end\u0026sp=rl\u0026sv=2021-06-08\u0026sr=c\u0026sig=fake_token_value",
              "filter": {}
            },
            "targets": [
              {
                "targetUrl": "https://fakeendpoint.blob.core.windows.net/targetb49400c2-aa82-49c8-8d5b-1f1f24dfd227?se=end\u0026sp=wl\u0026sv=2021-06-08\u0026sr=c\u0026sig=fake_token_value",
                "language": "es"
              }
            ]
          }
        ]
      },
      "StatusCode": 202,
      "ResponseHeaders": {
        "apim-request-id": "54e8bfef-516e-430d-a91d-d6e362a8c543",
        "Content-Length": "0",
        "Date": "Wed, 01 Jun 2022 21:03:15 GMT",
        "Operation-Location": "https://fakeendpoint.cognitiveservices.azure.com/translator/text/batch/v1.0/batches/0728b69a-a59d-4be7-ae8f-401861a89a63",
        "Set-Cookie": [
          "ARRAffinity=52534756bc24481c0848ee2def3c54a057fd0e51707d9dcf782aa603bbaa9f24;Path=/;HttpOnly;Secure;Domain=mtbatch.nam.microsofttranslator.com",
          "ARRAffinitySameSite=52534756bc24481c0848ee2def3c54a057fd0e51707d9dcf782aa603bbaa9f24;Path=/;HttpOnly;SameSite=None;Secure;Domain=mtbatch.nam.microsofttranslator.com"
        ],
        "Strict-Transport-Security": "max-age=31536000; includeSubDomains; preload",
        "X-Content-Type-Options": "nosniff",
        "X-Powered-By": "ASP.NET",
        "X-RequestId": "54e8bfef-516e-430d-a91d-d6e362a8c543"
      },
      "ResponseBody": null
    },
    {
      "RequestUri": "https://fakeendpoint.cognitiveservices.azure.com/translator/text/batch/v1.0/batches/0728b69a-a59d-4be7-ae8f-401861a89a63",
      "RequestMethod": "GET",
      "RequestHeaders": {
        "Accept": "*/*",
        "Accept-Encoding": "gzip, deflate",
        "User-Agent": "azsdk-python-ai-translation-document/1.0.0 Python/3.9.0 (Windows-10-10.0.22000-SP0)"
      },
      "RequestBody": null,
      "StatusCode": 200,
      "ResponseHeaders": {
        "apim-request-id": "20b9a745-5f6e-43b7-b8ef-afb773f6e2f7",
        "Cache-Control": "public, max-age=1",
        "Content-Encoding": "gzip",
        "Content-Type": "application/json; charset=utf-8",
        "Date": "Wed, 01 Jun 2022 21:03:16 GMT",
        "ETag": "\u0022BC0E3DC9CF48C7FDC574872BC3DF05A068B9DADA7CE071E7B1AA38DEB11ECBA6\u0022",
        "Set-Cookie": [
          "ARRAffinity=cafa601ca5f017b1c68bca037439964b89cf2f140e4a1200b5cb3397ea215a8c;Path=/;HttpOnly;Secure;Domain=mtbatch.nam.microsofttranslator.com",
          "ARRAffinitySameSite=cafa601ca5f017b1c68bca037439964b89cf2f140e4a1200b5cb3397ea215a8c;Path=/;HttpOnly;SameSite=None;Secure;Domain=mtbatch.nam.microsofttranslator.com"
        ],
        "Strict-Transport-Security": "max-age=31536000; includeSubDomains; preload",
        "Transfer-Encoding": "chunked",
        "Vary": "Accept-Encoding",
        "X-Content-Type-Options": "nosniff",
        "X-Powered-By": "ASP.NET",
        "X-RequestId": "20b9a745-5f6e-43b7-b8ef-afb773f6e2f7"
      },
      "ResponseBody": {
        "id": "0728b69a-a59d-4be7-ae8f-401861a89a63",
        "createdDateTimeUtc": "2022-06-01T21:03:15.8537268Z",
        "lastActionDateTimeUtc": "2022-06-01T21:03:15.8856661Z",
        "status": "NotStarted",
        "summary": {
          "total": 1,
          "failed": 0,
          "success": 0,
          "inProgress": 0,
          "notYetStarted": 1,
          "cancelled": 0,
          "totalCharacterCharged": 0
        }
      }
    },
    {
      "RequestUri": "https://fakeendpoint.cognitiveservices.azure.com/translator/text/batch/v1.0/batches/0728b69a-a59d-4be7-ae8f-401861a89a63",
      "RequestMethod": "GET",
      "RequestHeaders": {
        "Accept": "*/*",
        "Accept-Encoding": "gzip, deflate",
        "User-Agent": "azsdk-python-ai-translation-document/1.0.0 Python/3.9.0 (Windows-10-10.0.22000-SP0)"
      },
      "RequestBody": null,
      "StatusCode": 200,
      "ResponseHeaders": {
        "apim-request-id": "327b7c06-91d2-4498-92d6-b7df55e519a7",
        "Cache-Control": "public, max-age=1",
        "Content-Encoding": "gzip",
        "Content-Type": "application/json; charset=utf-8",
        "Date": "Wed, 01 Jun 2022 21:03:17 GMT",
        "ETag": "\u0022018C4A94B7B12278F41DA63481778A433F6BD1969F1B0C5493A3F19366623E0E\u0022",
        "Set-Cookie": [
          "ARRAffinity=52534756bc24481c0848ee2def3c54a057fd0e51707d9dcf782aa603bbaa9f24;Path=/;HttpOnly;Secure;Domain=mtbatch.nam.microsofttranslator.com",
          "ARRAffinitySameSite=52534756bc24481c0848ee2def3c54a057fd0e51707d9dcf782aa603bbaa9f24;Path=/;HttpOnly;SameSite=None;Secure;Domain=mtbatch.nam.microsofttranslator.com"
        ],
        "Strict-Transport-Security": "max-age=31536000; includeSubDomains; preload",
        "Transfer-Encoding": "chunked",
        "Vary": "Accept-Encoding",
        "X-Content-Type-Options": "nosniff",
        "X-Powered-By": "ASP.NET",
        "X-RequestId": "327b7c06-91d2-4498-92d6-b7df55e519a7"
      },
      "ResponseBody": {
        "id": "0728b69a-a59d-4be7-ae8f-401861a89a63",
        "createdDateTimeUtc": "2022-06-01T21:03:15.8537268Z",
        "lastActionDateTimeUtc": "2022-06-01T21:03:17.2417986Z",
        "status": "Running",
        "summary": {
          "total": 1,
          "failed": 0,
          "success": 0,
          "inProgress": 1,
          "notYetStarted": 0,
          "cancelled": 0,
          "totalCharacterCharged": 0
        }
      }
    },
    {
      "RequestUri": "https://fakeendpoint.cognitiveservices.azure.com/translator/text/batch/v1.0/batches/0728b69a-a59d-4be7-ae8f-401861a89a63",
      "RequestMethod": "GET",
      "RequestHeaders": {
        "Accept": "*/*",
        "Accept-Encoding": "gzip, deflate",
        "User-Agent": "azsdk-python-ai-translation-document/1.0.0 Python/3.9.0 (Windows-10-10.0.22000-SP0)"
      },
      "RequestBody": null,
      "StatusCode": 200,
      "ResponseHeaders": {
        "apim-request-id": "e69d1428-35ff-4bae-a8bc-3088381e7d9a",
        "Cache-Control": "public, max-age=1",
        "Content-Encoding": "gzip",
        "Content-Type": "application/json; charset=utf-8",
        "Date": "Wed, 01 Jun 2022 21:03:18 GMT",
        "ETag": "\u0022018C4A94B7B12278F41DA63481778A433F6BD1969F1B0C5493A3F19366623E0E\u0022",
        "Set-Cookie": [
          "ARRAffinity=cafa601ca5f017b1c68bca037439964b89cf2f140e4a1200b5cb3397ea215a8c;Path=/;HttpOnly;Secure;Domain=mtbatch.nam.microsofttranslator.com",
          "ARRAffinitySameSite=cafa601ca5f017b1c68bca037439964b89cf2f140e4a1200b5cb3397ea215a8c;Path=/;HttpOnly;SameSite=None;Secure;Domain=mtbatch.nam.microsofttranslator.com"
        ],
        "Strict-Transport-Security": "max-age=31536000; includeSubDomains; preload",
        "Transfer-Encoding": "chunked",
        "Vary": "Accept-Encoding",
        "X-Content-Type-Options": "nosniff",
        "X-Powered-By": "ASP.NET",
        "X-RequestId": "e69d1428-35ff-4bae-a8bc-3088381e7d9a"
      },
      "ResponseBody": {
        "id": "0728b69a-a59d-4be7-ae8f-401861a89a63",
        "createdDateTimeUtc": "2022-06-01T21:03:15.8537268Z",
        "lastActionDateTimeUtc": "2022-06-01T21:03:17.2417986Z",
        "status": "Running",
        "summary": {
          "total": 1,
          "failed": 0,
          "success": 0,
          "inProgress": 1,
          "notYetStarted": 0,
          "cancelled": 0,
          "totalCharacterCharged": 0
        }
      }
    },
    {
      "RequestUri": "https://fakeendpoint.cognitiveservices.azure.com/translator/text/batch/v1.0/batches/0728b69a-a59d-4be7-ae8f-401861a89a63",
      "RequestMethod": "GET",
      "RequestHeaders": {
        "Accept": "*/*",
        "Accept-Encoding": "gzip, deflate",
        "User-Agent": "azsdk-python-ai-translation-document/1.0.0 Python/3.9.0 (Windows-10-10.0.22000-SP0)"
      },
      "RequestBody": null,
      "StatusCode": 200,
      "ResponseHeaders": {
        "apim-request-id": "e8b003ab-28f0-492b-aa3d-17cb585853a1",
        "Cache-Control": "public, max-age=1",
        "Content-Encoding": "gzip",
        "Content-Type": "application/json; charset=utf-8",
        "Date": "Wed, 01 Jun 2022 21:03:19 GMT",
        "ETag": "\u0022018C4A94B7B12278F41DA63481778A433F6BD1969F1B0C5493A3F19366623E0E\u0022",
        "Set-Cookie": [
          "ARRAffinity=cafa601ca5f017b1c68bca037439964b89cf2f140e4a1200b5cb3397ea215a8c;Path=/;HttpOnly;Secure;Domain=mtbatch.nam.microsofttranslator.com",
          "ARRAffinitySameSite=cafa601ca5f017b1c68bca037439964b89cf2f140e4a1200b5cb3397ea215a8c;Path=/;HttpOnly;SameSite=None;Secure;Domain=mtbatch.nam.microsofttranslator.com"
        ],
        "Strict-Transport-Security": "max-age=31536000; includeSubDomains; preload",
        "Transfer-Encoding": "chunked",
        "Vary": "Accept-Encoding",
        "X-Content-Type-Options": "nosniff",
        "X-Powered-By": "ASP.NET",
        "X-RequestId": "e8b003ab-28f0-492b-aa3d-17cb585853a1"
      },
      "ResponseBody": {
        "id": "0728b69a-a59d-4be7-ae8f-401861a89a63",
        "createdDateTimeUtc": "2022-06-01T21:03:15.8537268Z",
        "lastActionDateTimeUtc": "2022-06-01T21:03:17.2417986Z",
        "status": "Running",
        "summary": {
          "total": 1,
          "failed": 0,
          "success": 0,
          "inProgress": 1,
          "notYetStarted": 0,
          "cancelled": 0,
          "totalCharacterCharged": 0
        }
      }
    },
    {
      "RequestUri": "https://fakeendpoint.cognitiveservices.azure.com/translator/text/batch/v1.0/batches/0728b69a-a59d-4be7-ae8f-401861a89a63",
      "RequestMethod": "GET",
      "RequestHeaders": {
        "Accept": "*/*",
        "Accept-Encoding": "gzip, deflate",
        "User-Agent": "azsdk-python-ai-translation-document/1.0.0 Python/3.9.0 (Windows-10-10.0.22000-SP0)"
      },
      "RequestBody": null,
      "StatusCode": 200,
      "ResponseHeaders": {
        "apim-request-id": "a9ec9a15-a256-4fd8-9d6a-1ef55fd1c344",
        "Cache-Control": "public, max-age=1",
        "Content-Encoding": "gzip",
        "Content-Type": "application/json; charset=utf-8",
        "Date": "Wed, 01 Jun 2022 21:03:20 GMT",
        "ETag": "\u0022018C4A94B7B12278F41DA63481778A433F6BD1969F1B0C5493A3F19366623E0E\u0022",
        "Set-Cookie": [
          "ARRAffinity=52534756bc24481c0848ee2def3c54a057fd0e51707d9dcf782aa603bbaa9f24;Path=/;HttpOnly;Secure;Domain=mtbatch.nam.microsofttranslator.com",
          "ARRAffinitySameSite=52534756bc24481c0848ee2def3c54a057fd0e51707d9dcf782aa603bbaa9f24;Path=/;HttpOnly;SameSite=None;Secure;Domain=mtbatch.nam.microsofttranslator.com"
        ],
        "Strict-Transport-Security": "max-age=31536000; includeSubDomains; preload",
        "Transfer-Encoding": "chunked",
        "Vary": "Accept-Encoding",
        "X-Content-Type-Options": "nosniff",
        "X-Powered-By": "ASP.NET",
        "X-RequestId": "a9ec9a15-a256-4fd8-9d6a-1ef55fd1c344"
      },
      "ResponseBody": {
        "id": "0728b69a-a59d-4be7-ae8f-401861a89a63",
        "createdDateTimeUtc": "2022-06-01T21:03:15.8537268Z",
        "lastActionDateTimeUtc": "2022-06-01T21:03:17.2417986Z",
        "status": "Running",
        "summary": {
          "total": 1,
          "failed": 0,
          "success": 0,
          "inProgress": 1,
          "notYetStarted": 0,
          "cancelled": 0,
          "totalCharacterCharged": 0
        }
      }
    },
    {
      "RequestUri": "https://fakeendpoint.cognitiveservices.azure.com/translator/text/batch/v1.0/batches/0728b69a-a59d-4be7-ae8f-401861a89a63",
      "RequestMethod": "GET",
      "RequestHeaders": {
        "Accept": "*/*",
        "Accept-Encoding": "gzip, deflate",
        "User-Agent": "azsdk-python-ai-translation-document/1.0.0 Python/3.9.0 (Windows-10-10.0.22000-SP0)"
      },
      "RequestBody": null,
      "StatusCode": 200,
      "ResponseHeaders": {
        "apim-request-id": "4f829a49-2d0e-4cb8-94e9-57f236789b4f",
        "Cache-Control": "public, max-age=1",
        "Content-Encoding": "gzip",
        "Content-Type": "application/json; charset=utf-8",
        "Date": "Wed, 01 Jun 2022 21:03:21 GMT",
        "ETag": "\u00229CB0FEB4D476B7CB24B9619EA1650F72DA4179E4B2A1920637C7EDD4B2C811FC\u0022",
        "Set-Cookie": [
          "ARRAffinity=cafa601ca5f017b1c68bca037439964b89cf2f140e4a1200b5cb3397ea215a8c;Path=/;HttpOnly;Secure;Domain=mtbatch.nam.microsofttranslator.com",
          "ARRAffinitySameSite=cafa601ca5f017b1c68bca037439964b89cf2f140e4a1200b5cb3397ea215a8c;Path=/;HttpOnly;SameSite=None;Secure;Domain=mtbatch.nam.microsofttranslator.com"
        ],
        "Strict-Transport-Security": "max-age=31536000; includeSubDomains; preload",
        "Transfer-Encoding": "chunked",
        "Vary": "Accept-Encoding",
        "X-Content-Type-Options": "nosniff",
        "X-Powered-By": "ASP.NET",
        "X-RequestId": "4f829a49-2d0e-4cb8-94e9-57f236789b4f"
      },
      "ResponseBody": {
        "id": "0728b69a-a59d-4be7-ae8f-401861a89a63",
        "createdDateTimeUtc": "2022-06-01T21:03:15.8537268Z",
        "lastActionDateTimeUtc": "2022-06-01T21:03:21.8108799Z",
        "status": "Succeeded",
        "summary": {
          "total": 1,
          "failed": 0,
          "success": 1,
          "inProgress": 0,
          "notYetStarted": 0,
          "cancelled": 0,
          "totalCharacterCharged": 27
        }
      }
    },
    {
      "RequestUri": "https://fakeendpoint.cognitiveservices.azure.com/translator/text/batch/v1.0/batches",
      "RequestMethod": "POST",
      "RequestHeaders": {
        "Accept": "application/json",
        "Accept-Encoding": "gzip, deflate",
        "Content-Length": "380",
        "Content-Type": "application/json",
        "User-Agent": "azsdk-python-ai-translation-document/1.0.0 Python/3.9.0 (Windows-10-10.0.22000-SP0)"
      },
      "RequestBody": {
        "inputs": [
          {
            "source": {
              "sourceUrl": "https://fakeendpoint.blob.core.windows.net/src517ea25d-8f63-414c-b22d-c1675a8a6222?se=end\u0026sp=rl\u0026sv=2021-06-08\u0026sr=c\u0026sig=fake_token_value",
              "filter": {}
            },
            "targets": [
              {
                "targetUrl": "https://fakeendpoint.blob.core.windows.net/targeta3c6bebd-1f32-4fd8-bc99-ac2fb8824722?se=end\u0026sp=wl\u0026sv=2021-06-08\u0026sr=c\u0026sig=fake_token_value",
                "language": "es"
              }
            ]
          }
        ]
      },
      "StatusCode": 202,
      "ResponseHeaders": {
        "apim-request-id": "c001c248-cf41-4af7-b44d-edf82f1577a9",
        "Content-Length": "0",
        "Date": "Wed, 01 Jun 2022 21:03:22 GMT",
        "Operation-Location": "https://fakeendpoint.cognitiveservices.azure.com/translator/text/batch/v1.0/batches/cb1bd31b-19f3-4ff7-ab03-81d9ee62ec88",
        "Set-Cookie": [
          "ARRAffinity=52534756bc24481c0848ee2def3c54a057fd0e51707d9dcf782aa603bbaa9f24;Path=/;HttpOnly;Secure;Domain=mtbatch.nam.microsofttranslator.com",
          "ARRAffinitySameSite=52534756bc24481c0848ee2def3c54a057fd0e51707d9dcf782aa603bbaa9f24;Path=/;HttpOnly;SameSite=None;Secure;Domain=mtbatch.nam.microsofttranslator.com"
        ],
        "Strict-Transport-Security": "max-age=31536000; includeSubDomains; preload",
        "X-Content-Type-Options": "nosniff",
        "X-Powered-By": "ASP.NET",
        "X-RequestId": "c001c248-cf41-4af7-b44d-edf82f1577a9"
      },
      "ResponseBody": null
    },
    {
      "RequestUri": "https://fakeendpoint.cognitiveservices.azure.com/translator/text/batch/v1.0/batches/cb1bd31b-19f3-4ff7-ab03-81d9ee62ec88",
      "RequestMethod": "GET",
      "RequestHeaders": {
        "Accept": "*/*",
        "Accept-Encoding": "gzip, deflate",
        "User-Agent": "azsdk-python-ai-translation-document/1.0.0 Python/3.9.0 (Windows-10-10.0.22000-SP0)"
      },
      "RequestBody": null,
      "StatusCode": 200,
      "ResponseHeaders": {
        "apim-request-id": "86d6c052-15b8-4ed3-a6f5-2382ea22df63",
        "Cache-Control": "public, max-age=1",
        "Content-Encoding": "gzip",
        "Content-Type": "application/json; charset=utf-8",
        "Date": "Wed, 01 Jun 2022 21:03:23 GMT",
        "ETag": "\u0022F273F2D6ACA20E1AC4F5F8FCFF8C6CA7C8931D02215BC13840778D028DDF6178\u0022",
        "Set-Cookie": [
          "ARRAffinity=52534756bc24481c0848ee2def3c54a057fd0e51707d9dcf782aa603bbaa9f24;Path=/;HttpOnly;Secure;Domain=mtbatch.nam.microsofttranslator.com",
          "ARRAffinitySameSite=52534756bc24481c0848ee2def3c54a057fd0e51707d9dcf782aa603bbaa9f24;Path=/;HttpOnly;SameSite=None;Secure;Domain=mtbatch.nam.microsofttranslator.com"
        ],
        "Strict-Transport-Security": "max-age=31536000; includeSubDomains; preload",
        "Transfer-Encoding": "chunked",
        "Vary": "Accept-Encoding",
        "X-Content-Type-Options": "nosniff",
        "X-Powered-By": "ASP.NET",
        "X-RequestId": "86d6c052-15b8-4ed3-a6f5-2382ea22df63"
      },
      "ResponseBody": {
        "id": "cb1bd31b-19f3-4ff7-ab03-81d9ee62ec88",
        "createdDateTimeUtc": "2022-06-01T21:03:22.9850346Z",
        "lastActionDateTimeUtc": "2022-06-01T21:03:23.0119458Z",
        "status": "NotStarted",
        "summary": {
          "total": 1,
          "failed": 0,
          "success": 0,
          "inProgress": 0,
          "notYetStarted": 1,
          "cancelled": 0,
          "totalCharacterCharged": 0
        }
      }
    },
    {
      "RequestUri": "https://fakeendpoint.cognitiveservices.azure.com/translator/text/batch/v1.0/batches/cb1bd31b-19f3-4ff7-ab03-81d9ee62ec88",
      "RequestMethod": "GET",
      "RequestHeaders": {
        "Accept": "*/*",
        "Accept-Encoding": "gzip, deflate",
        "User-Agent": "azsdk-python-ai-translation-document/1.0.0 Python/3.9.0 (Windows-10-10.0.22000-SP0)"
      },
      "RequestBody": null,
      "StatusCode": 200,
      "ResponseHeaders": {
        "apim-request-id": "b72f7596-19dc-4f1d-a0da-fcc96fb92c5f",
        "Cache-Control": "public, max-age=1",
        "Content-Encoding": "gzip",
        "Content-Type": "application/json; charset=utf-8",
        "Date": "Wed, 01 Jun 2022 21:03:24 GMT",
        "ETag": "\u00228BE0C9DE296907AB1C08BE6645DED21DF886815E85EB6312FBFF4E28A9701353\u0022",
        "Set-Cookie": [
          "ARRAffinity=52534756bc24481c0848ee2def3c54a057fd0e51707d9dcf782aa603bbaa9f24;Path=/;HttpOnly;Secure;Domain=mtbatch.nam.microsofttranslator.com",
          "ARRAffinitySameSite=52534756bc24481c0848ee2def3c54a057fd0e51707d9dcf782aa603bbaa9f24;Path=/;HttpOnly;SameSite=None;Secure;Domain=mtbatch.nam.microsofttranslator.com"
        ],
        "Strict-Transport-Security": "max-age=31536000; includeSubDomains; preload",
        "Transfer-Encoding": "chunked",
        "Vary": "Accept-Encoding",
        "X-Content-Type-Options": "nosniff",
        "X-Powered-By": "ASP.NET",
        "X-RequestId": "b72f7596-19dc-4f1d-a0da-fcc96fb92c5f"
      },
      "ResponseBody": {
        "id": "cb1bd31b-19f3-4ff7-ab03-81d9ee62ec88",
        "createdDateTimeUtc": "2022-06-01T21:03:22.9850346Z",
        "lastActionDateTimeUtc": "2022-06-01T21:03:24.5857173Z",
        "status": "Running",
        "summary": {
          "total": 1,
          "failed": 0,
          "success": 0,
          "inProgress": 1,
          "notYetStarted": 0,
          "cancelled": 0,
          "totalCharacterCharged": 0
        }
      }
    },
    {
      "RequestUri": "https://fakeendpoint.cognitiveservices.azure.com/translator/text/batch/v1.0/batches/cb1bd31b-19f3-4ff7-ab03-81d9ee62ec88",
      "RequestMethod": "GET",
      "RequestHeaders": {
        "Accept": "*/*",
        "Accept-Encoding": "gzip, deflate",
        "User-Agent": "azsdk-python-ai-translation-document/1.0.0 Python/3.9.0 (Windows-10-10.0.22000-SP0)"
      },
      "RequestBody": null,
      "StatusCode": 200,
      "ResponseHeaders": {
        "apim-request-id": "27ee8ad5-222a-43cd-a8d4-5a9e885ba68d",
        "Cache-Control": "public, max-age=1",
        "Content-Encoding": "gzip",
        "Content-Type": "application/json; charset=utf-8",
        "Date": "Wed, 01 Jun 2022 21:03:25 GMT",
        "ETag": "\u00228BE0C9DE296907AB1C08BE6645DED21DF886815E85EB6312FBFF4E28A9701353\u0022",
        "Set-Cookie": [
          "ARRAffinity=cafa601ca5f017b1c68bca037439964b89cf2f140e4a1200b5cb3397ea215a8c;Path=/;HttpOnly;Secure;Domain=mtbatch.nam.microsofttranslator.com",
          "ARRAffinitySameSite=cafa601ca5f017b1c68bca037439964b89cf2f140e4a1200b5cb3397ea215a8c;Path=/;HttpOnly;SameSite=None;Secure;Domain=mtbatch.nam.microsofttranslator.com"
        ],
        "Strict-Transport-Security": "max-age=31536000; includeSubDomains; preload",
        "Transfer-Encoding": "chunked",
        "Vary": "Accept-Encoding",
        "X-Content-Type-Options": "nosniff",
        "X-Powered-By": "ASP.NET",
        "X-RequestId": "27ee8ad5-222a-43cd-a8d4-5a9e885ba68d"
      },
      "ResponseBody": {
        "id": "cb1bd31b-19f3-4ff7-ab03-81d9ee62ec88",
        "createdDateTimeUtc": "2022-06-01T21:03:22.9850346Z",
        "lastActionDateTimeUtc": "2022-06-01T21:03:24.5857173Z",
        "status": "Running",
        "summary": {
          "total": 1,
          "failed": 0,
          "success": 0,
          "inProgress": 1,
          "notYetStarted": 0,
          "cancelled": 0,
          "totalCharacterCharged": 0
        }
      }
    },
    {
      "RequestUri": "https://fakeendpoint.cognitiveservices.azure.com/translator/text/batch/v1.0/batches/cb1bd31b-19f3-4ff7-ab03-81d9ee62ec88",
      "RequestMethod": "GET",
      "RequestHeaders": {
        "Accept": "*/*",
        "Accept-Encoding": "gzip, deflate",
        "User-Agent": "azsdk-python-ai-translation-document/1.0.0 Python/3.9.0 (Windows-10-10.0.22000-SP0)"
      },
      "RequestBody": null,
      "StatusCode": 200,
      "ResponseHeaders": {
        "apim-request-id": "ca2da8b6-2ac6-4617-9a21-a6dbb1799ad0",
        "Cache-Control": "public, max-age=1",
        "Content-Encoding": "gzip",
        "Content-Type": "application/json; charset=utf-8",
        "Date": "Wed, 01 Jun 2022 21:03:26 GMT",
        "ETag": "\u00228BE0C9DE296907AB1C08BE6645DED21DF886815E85EB6312FBFF4E28A9701353\u0022",
        "Set-Cookie": [
          "ARRAffinity=52534756bc24481c0848ee2def3c54a057fd0e51707d9dcf782aa603bbaa9f24;Path=/;HttpOnly;Secure;Domain=mtbatch.nam.microsofttranslator.com",
          "ARRAffinitySameSite=52534756bc24481c0848ee2def3c54a057fd0e51707d9dcf782aa603bbaa9f24;Path=/;HttpOnly;SameSite=None;Secure;Domain=mtbatch.nam.microsofttranslator.com"
        ],
        "Strict-Transport-Security": "max-age=31536000; includeSubDomains; preload",
        "Transfer-Encoding": "chunked",
        "Vary": "Accept-Encoding",
        "X-Content-Type-Options": "nosniff",
        "X-Powered-By": "ASP.NET",
        "X-RequestId": "ca2da8b6-2ac6-4617-9a21-a6dbb1799ad0"
      },
      "ResponseBody": {
        "id": "cb1bd31b-19f3-4ff7-ab03-81d9ee62ec88",
        "createdDateTimeUtc": "2022-06-01T21:03:22.9850346Z",
        "lastActionDateTimeUtc": "2022-06-01T21:03:24.5857173Z",
        "status": "Running",
        "summary": {
          "total": 1,
          "failed": 0,
          "success": 0,
          "inProgress": 1,
          "notYetStarted": 0,
          "cancelled": 0,
          "totalCharacterCharged": 0
        }
      }
    },
    {
      "RequestUri": "https://fakeendpoint.cognitiveservices.azure.com/translator/text/batch/v1.0/batches/cb1bd31b-19f3-4ff7-ab03-81d9ee62ec88",
      "RequestMethod": "GET",
      "RequestHeaders": {
        "Accept": "*/*",
        "Accept-Encoding": "gzip, deflate",
        "User-Agent": "azsdk-python-ai-translation-document/1.0.0 Python/3.9.0 (Windows-10-10.0.22000-SP0)"
      },
      "RequestBody": null,
      "StatusCode": 200,
      "ResponseHeaders": {
        "apim-request-id": "d7a64f15-60ab-4dc7-82b5-521f0f0ab9ca",
        "Cache-Control": "public, max-age=1",
        "Content-Encoding": "gzip",
        "Content-Type": "application/json; charset=utf-8",
        "Date": "Wed, 01 Jun 2022 21:03:27 GMT",
        "ETag": "\u00228BE0C9DE296907AB1C08BE6645DED21DF886815E85EB6312FBFF4E28A9701353\u0022",
        "Set-Cookie": [
          "ARRAffinity=cafa601ca5f017b1c68bca037439964b89cf2f140e4a1200b5cb3397ea215a8c;Path=/;HttpOnly;Secure;Domain=mtbatch.nam.microsofttranslator.com",
          "ARRAffinitySameSite=cafa601ca5f017b1c68bca037439964b89cf2f140e4a1200b5cb3397ea215a8c;Path=/;HttpOnly;SameSite=None;Secure;Domain=mtbatch.nam.microsofttranslator.com"
        ],
        "Strict-Transport-Security": "max-age=31536000; includeSubDomains; preload",
        "Transfer-Encoding": "chunked",
        "Vary": "Accept-Encoding",
        "X-Content-Type-Options": "nosniff",
        "X-Powered-By": "ASP.NET",
        "X-RequestId": "d7a64f15-60ab-4dc7-82b5-521f0f0ab9ca"
      },
      "ResponseBody": {
        "id": "cb1bd31b-19f3-4ff7-ab03-81d9ee62ec88",
        "createdDateTimeUtc": "2022-06-01T21:03:22.9850346Z",
        "lastActionDateTimeUtc": "2022-06-01T21:03:24.5857173Z",
        "status": "Running",
        "summary": {
          "total": 1,
          "failed": 0,
          "success": 0,
          "inProgress": 1,
          "notYetStarted": 0,
          "cancelled": 0,
          "totalCharacterCharged": 0
        }
      }
    },
    {
      "RequestUri": "https://fakeendpoint.cognitiveservices.azure.com/translator/text/batch/v1.0/batches/cb1bd31b-19f3-4ff7-ab03-81d9ee62ec88",
      "RequestMethod": "GET",
      "RequestHeaders": {
        "Accept": "*/*",
        "Accept-Encoding": "gzip, deflate",
        "User-Agent": "azsdk-python-ai-translation-document/1.0.0 Python/3.9.0 (Windows-10-10.0.22000-SP0)"
      },
      "RequestBody": null,
      "StatusCode": 200,
      "ResponseHeaders": {
        "apim-request-id": "e0351d27-88f8-413a-905e-b4722d974f32",
        "Cache-Control": "public, max-age=1",
        "Content-Encoding": "gzip",
        "Content-Length": "292",
        "Content-Type": "application/json; charset=utf-8",
        "Date": "Wed, 01 Jun 2022 21:03:28 GMT",
        "ETag": "\u00225C3EA199A0F1375B35002902A3BCF4D5FBC1FE0AE194024CA262C028630A1309\u0022",
        "Set-Cookie": [
          "ARRAffinity=52534756bc24481c0848ee2def3c54a057fd0e51707d9dcf782aa603bbaa9f24;Path=/;HttpOnly;Secure;Domain=mtbatch.nam.microsofttranslator.com",
          "ARRAffinitySameSite=52534756bc24481c0848ee2def3c54a057fd0e51707d9dcf782aa603bbaa9f24;Path=/;HttpOnly;SameSite=None;Secure;Domain=mtbatch.nam.microsofttranslator.com"
        ],
        "Strict-Transport-Security": "max-age=31536000; includeSubDomains; preload",
        "Vary": "Accept-Encoding",
        "X-Content-Type-Options": "nosniff",
        "X-Powered-By": "ASP.NET",
        "X-RequestId": "e0351d27-88f8-413a-905e-b4722d974f32"
      },
      "ResponseBody": {
        "id": "cb1bd31b-19f3-4ff7-ab03-81d9ee62ec88",
        "createdDateTimeUtc": "2022-06-01T21:03:22.9850346Z",
        "lastActionDateTimeUtc": "2022-06-01T21:03:28.9043202Z",
        "status": "Succeeded",
        "summary": {
          "total": 1,
          "failed": 0,
          "success": 1,
          "inProgress": 0,
          "notYetStarted": 0,
          "cancelled": 0,
          "totalCharacterCharged": 27
        }
      }
    },
    {
      "RequestUri": "https://fakeendpoint.cognitiveservices.azure.com/translator/text/batch/v1.0/batches",
      "RequestMethod": "POST",
      "RequestHeaders": {
        "Accept": "application/json",
        "Accept-Encoding": "gzip, deflate",
        "Content-Length": "380",
        "Content-Type": "application/json",
        "User-Agent": "azsdk-python-ai-translation-document/1.0.0 Python/3.9.0 (Windows-10-10.0.22000-SP0)"
      },
      "RequestBody": {
        "inputs": [
          {
            "source": {
              "sourceUrl": "https://fakeendpoint.blob.core.windows.net/srca608d3df-c71e-43b0-a83a-4cba5c7fc903?se=end\u0026sp=rl\u0026sv=2021-06-08\u0026sr=c\u0026sig=fake_token_value",
              "filter": {}
            },
            "targets": [
              {
                "targetUrl": "https://fakeendpoint.blob.core.windows.net/target6c1271c7-4cc2-4c3b-a5c1-478c6ee62a43?se=end\u0026sp=wl\u0026sv=2021-06-08\u0026sr=c\u0026sig=fake_token_value",
                "language": "es"
              }
            ]
          }
        ]
      },
      "StatusCode": 202,
      "ResponseHeaders": {
        "apim-request-id": "bf90febe-9108-4963-9926-3eba2de58e1c",
        "Content-Length": "0",
        "Date": "Wed, 01 Jun 2022 21:03:29 GMT",
        "Operation-Location": "https://fakeendpoint.cognitiveservices.azure.com/translator/text/batch/v1.0/batches/35920b4b-a880-4c9a-9c3f-ff1097545b30",
        "Set-Cookie": [
          "ARRAffinity=52534756bc24481c0848ee2def3c54a057fd0e51707d9dcf782aa603bbaa9f24;Path=/;HttpOnly;Secure;Domain=mtbatch.nam.microsofttranslator.com",
          "ARRAffinitySameSite=52534756bc24481c0848ee2def3c54a057fd0e51707d9dcf782aa603bbaa9f24;Path=/;HttpOnly;SameSite=None;Secure;Domain=mtbatch.nam.microsofttranslator.com"
        ],
        "Strict-Transport-Security": "max-age=31536000; includeSubDomains; preload",
        "X-Content-Type-Options": "nosniff",
        "X-Powered-By": "ASP.NET",
        "X-RequestId": "bf90febe-9108-4963-9926-3eba2de58e1c"
      },
      "ResponseBody": null
    },
    {
      "RequestUri": "https://fakeendpoint.cognitiveservices.azure.com/translator/text/batch/v1.0/batches/35920b4b-a880-4c9a-9c3f-ff1097545b30",
      "RequestMethod": "GET",
      "RequestHeaders": {
        "Accept": "*/*",
        "Accept-Encoding": "gzip, deflate",
        "User-Agent": "azsdk-python-ai-translation-document/1.0.0 Python/3.9.0 (Windows-10-10.0.22000-SP0)"
      },
      "RequestBody": null,
      "StatusCode": 200,
      "ResponseHeaders": {
        "apim-request-id": "505c8b1a-fbe0-4b2b-ad76-1128a1a0fb21",
        "Cache-Control": "public, max-age=1",
        "Content-Encoding": "gzip",
        "Content-Type": "application/json; charset=utf-8",
        "Date": "Wed, 01 Jun 2022 21:03:30 GMT",
        "ETag": "\u00227F62442BDEB9CEEE1666BFA635CB70EAFC16459F624963358658F92E9753D93F\u0022",
        "Set-Cookie": [
          "ARRAffinity=cafa601ca5f017b1c68bca037439964b89cf2f140e4a1200b5cb3397ea215a8c;Path=/;HttpOnly;Secure;Domain=mtbatch.nam.microsofttranslator.com",
          "ARRAffinitySameSite=cafa601ca5f017b1c68bca037439964b89cf2f140e4a1200b5cb3397ea215a8c;Path=/;HttpOnly;SameSite=None;Secure;Domain=mtbatch.nam.microsofttranslator.com"
        ],
        "Strict-Transport-Security": "max-age=31536000; includeSubDomains; preload",
        "Transfer-Encoding": "chunked",
        "Vary": "Accept-Encoding",
        "X-Content-Type-Options": "nosniff",
        "X-Powered-By": "ASP.NET",
        "X-RequestId": "505c8b1a-fbe0-4b2b-ad76-1128a1a0fb21"
      },
      "ResponseBody": {
        "id": "35920b4b-a880-4c9a-9c3f-ff1097545b30",
        "createdDateTimeUtc": "2022-06-01T21:03:30.2014615Z",
        "lastActionDateTimeUtc": "2022-06-01T21:03:30.2292316Z",
        "status": "NotStarted",
        "summary": {
          "total": 1,
          "failed": 0,
          "success": 0,
          "inProgress": 0,
          "notYetStarted": 1,
          "cancelled": 0,
          "totalCharacterCharged": 0
        }
      }
    },
    {
      "RequestUri": "https://fakeendpoint.cognitiveservices.azure.com/translator/text/batch/v1.0/batches/35920b4b-a880-4c9a-9c3f-ff1097545b30",
      "RequestMethod": "GET",
      "RequestHeaders": {
        "Accept": "*/*",
        "Accept-Encoding": "gzip, deflate",
        "User-Agent": "azsdk-python-ai-translation-document/1.0.0 Python/3.9.0 (Windows-10-10.0.22000-SP0)"
      },
      "RequestBody": null,
      "StatusCode": 200,
      "ResponseHeaders": {
        "apim-request-id": "a42ea346-e737-481d-86f7-452406c5ffa1",
        "Cache-Control": "public, max-age=1",
        "Content-Encoding": "gzip",
        "Content-Type": "application/json; charset=utf-8",
        "Date": "Wed, 01 Jun 2022 21:03:31 GMT",
        "ETag": "\u002217EEFF09659F189FAA5B424915D98711029AB5ED068BBBA39482AF73539CEF91\u0022",
        "Set-Cookie": [
          "ARRAffinity=52534756bc24481c0848ee2def3c54a057fd0e51707d9dcf782aa603bbaa9f24;Path=/;HttpOnly;Secure;Domain=mtbatch.nam.microsofttranslator.com",
          "ARRAffinitySameSite=52534756bc24481c0848ee2def3c54a057fd0e51707d9dcf782aa603bbaa9f24;Path=/;HttpOnly;SameSite=None;Secure;Domain=mtbatch.nam.microsofttranslator.com"
        ],
        "Strict-Transport-Security": "max-age=31536000; includeSubDomains; preload",
        "Transfer-Encoding": "chunked",
        "Vary": "Accept-Encoding",
        "X-Content-Type-Options": "nosniff",
        "X-Powered-By": "ASP.NET",
        "X-RequestId": "a42ea346-e737-481d-86f7-452406c5ffa1"
      },
      "ResponseBody": {
        "id": "35920b4b-a880-4c9a-9c3f-ff1097545b30",
        "createdDateTimeUtc": "2022-06-01T21:03:30.2014615Z",
        "lastActionDateTimeUtc": "2022-06-01T21:03:31.7266237Z",
        "status": "Running",
        "summary": {
          "total": 1,
          "failed": 0,
          "success": 0,
          "inProgress": 1,
          "notYetStarted": 0,
          "cancelled": 0,
          "totalCharacterCharged": 0
        }
      }
    },
    {
      "RequestUri": "https://fakeendpoint.cognitiveservices.azure.com/translator/text/batch/v1.0/batches/35920b4b-a880-4c9a-9c3f-ff1097545b30",
      "RequestMethod": "GET",
      "RequestHeaders": {
        "Accept": "*/*",
        "Accept-Encoding": "gzip, deflate",
        "User-Agent": "azsdk-python-ai-translation-document/1.0.0 Python/3.9.0 (Windows-10-10.0.22000-SP0)"
      },
      "RequestBody": null,
      "StatusCode": 200,
      "ResponseHeaders": {
        "apim-request-id": "9ee1d0c2-d522-4fc6-b001-dbffe975ba12",
        "Cache-Control": "public, max-age=1",
        "Content-Encoding": "gzip",
        "Content-Type": "application/json; charset=utf-8",
        "Date": "Wed, 01 Jun 2022 21:03:32 GMT",
        "ETag": "\u002217EEFF09659F189FAA5B424915D98711029AB5ED068BBBA39482AF73539CEF91\u0022",
        "Set-Cookie": [
          "ARRAffinity=52534756bc24481c0848ee2def3c54a057fd0e51707d9dcf782aa603bbaa9f24;Path=/;HttpOnly;Secure;Domain=mtbatch.nam.microsofttranslator.com",
          "ARRAffinitySameSite=52534756bc24481c0848ee2def3c54a057fd0e51707d9dcf782aa603bbaa9f24;Path=/;HttpOnly;SameSite=None;Secure;Domain=mtbatch.nam.microsofttranslator.com"
        ],
        "Strict-Transport-Security": "max-age=31536000; includeSubDomains; preload",
        "Transfer-Encoding": "chunked",
        "Vary": "Accept-Encoding",
        "X-Content-Type-Options": "nosniff",
        "X-Powered-By": "ASP.NET",
        "X-RequestId": "9ee1d0c2-d522-4fc6-b001-dbffe975ba12"
      },
      "ResponseBody": {
        "id": "35920b4b-a880-4c9a-9c3f-ff1097545b30",
        "createdDateTimeUtc": "2022-06-01T21:03:30.2014615Z",
        "lastActionDateTimeUtc": "2022-06-01T21:03:31.7266237Z",
        "status": "Running",
        "summary": {
          "total": 1,
          "failed": 0,
          "success": 0,
          "inProgress": 1,
          "notYetStarted": 0,
          "cancelled": 0,
          "totalCharacterCharged": 0
        }
      }
    },
    {
      "RequestUri": "https://fakeendpoint.cognitiveservices.azure.com/translator/text/batch/v1.0/batches/35920b4b-a880-4c9a-9c3f-ff1097545b30",
      "RequestMethod": "GET",
      "RequestHeaders": {
        "Accept": "*/*",
        "Accept-Encoding": "gzip, deflate",
        "User-Agent": "azsdk-python-ai-translation-document/1.0.0 Python/3.9.0 (Windows-10-10.0.22000-SP0)"
      },
      "RequestBody": null,
      "StatusCode": 200,
      "ResponseHeaders": {
        "apim-request-id": "a9068bce-44a3-4221-85cf-6f72555f9427",
        "Cache-Control": "public, max-age=1",
        "Content-Encoding": "gzip",
        "Content-Type": "application/json; charset=utf-8",
        "Date": "Wed, 01 Jun 2022 21:03:34 GMT",
        "ETag": "\u002217EEFF09659F189FAA5B424915D98711029AB5ED068BBBA39482AF73539CEF91\u0022",
        "Set-Cookie": [
          "ARRAffinity=cafa601ca5f017b1c68bca037439964b89cf2f140e4a1200b5cb3397ea215a8c;Path=/;HttpOnly;Secure;Domain=mtbatch.nam.microsofttranslator.com",
          "ARRAffinitySameSite=cafa601ca5f017b1c68bca037439964b89cf2f140e4a1200b5cb3397ea215a8c;Path=/;HttpOnly;SameSite=None;Secure;Domain=mtbatch.nam.microsofttranslator.com"
        ],
        "Strict-Transport-Security": "max-age=31536000; includeSubDomains; preload",
        "Transfer-Encoding": "chunked",
        "Vary": "Accept-Encoding",
        "X-Content-Type-Options": "nosniff",
        "X-Powered-By": "ASP.NET",
        "X-RequestId": "a9068bce-44a3-4221-85cf-6f72555f9427"
      },
      "ResponseBody": {
        "id": "35920b4b-a880-4c9a-9c3f-ff1097545b30",
        "createdDateTimeUtc": "2022-06-01T21:03:30.2014615Z",
        "lastActionDateTimeUtc": "2022-06-01T21:03:31.7266237Z",
        "status": "Running",
        "summary": {
          "total": 1,
          "failed": 0,
          "success": 0,
          "inProgress": 1,
          "notYetStarted": 0,
          "cancelled": 0,
          "totalCharacterCharged": 0
        }
      }
    },
    {
      "RequestUri": "https://fakeendpoint.cognitiveservices.azure.com/translator/text/batch/v1.0/batches/35920b4b-a880-4c9a-9c3f-ff1097545b30",
      "RequestMethod": "GET",
      "RequestHeaders": {
        "Accept": "*/*",
        "Accept-Encoding": "gzip, deflate",
        "User-Agent": "azsdk-python-ai-translation-document/1.0.0 Python/3.9.0 (Windows-10-10.0.22000-SP0)"
      },
      "RequestBody": null,
      "StatusCode": 200,
      "ResponseHeaders": {
        "apim-request-id": "923e610f-d90a-45cf-88a5-8d17fc5c6d67",
        "Cache-Control": "public, max-age=1",
        "Content-Encoding": "gzip",
        "Content-Type": "application/json; charset=utf-8",
        "Date": "Wed, 01 Jun 2022 21:03:35 GMT",
        "ETag": "\u002217EEFF09659F189FAA5B424915D98711029AB5ED068BBBA39482AF73539CEF91\u0022",
        "Set-Cookie": [
          "ARRAffinity=52534756bc24481c0848ee2def3c54a057fd0e51707d9dcf782aa603bbaa9f24;Path=/;HttpOnly;Secure;Domain=mtbatch.nam.microsofttranslator.com",
          "ARRAffinitySameSite=52534756bc24481c0848ee2def3c54a057fd0e51707d9dcf782aa603bbaa9f24;Path=/;HttpOnly;SameSite=None;Secure;Domain=mtbatch.nam.microsofttranslator.com"
        ],
        "Strict-Transport-Security": "max-age=31536000; includeSubDomains; preload",
        "Transfer-Encoding": "chunked",
        "Vary": "Accept-Encoding",
        "X-Content-Type-Options": "nosniff",
        "X-Powered-By": "ASP.NET",
        "X-RequestId": "923e610f-d90a-45cf-88a5-8d17fc5c6d67"
      },
      "ResponseBody": {
        "id": "35920b4b-a880-4c9a-9c3f-ff1097545b30",
        "createdDateTimeUtc": "2022-06-01T21:03:30.2014615Z",
        "lastActionDateTimeUtc": "2022-06-01T21:03:31.7266237Z",
        "status": "Running",
        "summary": {
          "total": 1,
          "failed": 0,
          "success": 0,
          "inProgress": 1,
          "notYetStarted": 0,
          "cancelled": 0,
          "totalCharacterCharged": 0
        }
      }
    },
    {
      "RequestUri": "https://fakeendpoint.cognitiveservices.azure.com/translator/text/batch/v1.0/batches/35920b4b-a880-4c9a-9c3f-ff1097545b30",
      "RequestMethod": "GET",
      "RequestHeaders": {
        "Accept": "*/*",
        "Accept-Encoding": "gzip, deflate",
        "User-Agent": "azsdk-python-ai-translation-document/1.0.0 Python/3.9.0 (Windows-10-10.0.22000-SP0)"
      },
      "RequestBody": null,
      "StatusCode": 200,
      "ResponseHeaders": {
        "apim-request-id": "dd733c44-d112-42ae-b6e6-9024e6843a12",
        "Cache-Control": "public, max-age=1",
        "Content-Encoding": "gzip",
        "Content-Type": "application/json; charset=utf-8",
        "Date": "Wed, 01 Jun 2022 21:03:36 GMT",
        "ETag": "\u00220C66170841882F822C34D0BB2183EC4BFA103EF253DDECF3E303704BC999AC97\u0022",
        "Set-Cookie": [
          "ARRAffinity=52534756bc24481c0848ee2def3c54a057fd0e51707d9dcf782aa603bbaa9f24;Path=/;HttpOnly;Secure;Domain=mtbatch.nam.microsofttranslator.com",
          "ARRAffinitySameSite=52534756bc24481c0848ee2def3c54a057fd0e51707d9dcf782aa603bbaa9f24;Path=/;HttpOnly;SameSite=None;Secure;Domain=mtbatch.nam.microsofttranslator.com"
        ],
        "Strict-Transport-Security": "max-age=31536000; includeSubDomains; preload",
        "Transfer-Encoding": "chunked",
        "Vary": "Accept-Encoding",
        "X-Content-Type-Options": "nosniff",
        "X-Powered-By": "ASP.NET",
        "X-RequestId": "dd733c44-d112-42ae-b6e6-9024e6843a12"
      },
      "ResponseBody": {
        "id": "35920b4b-a880-4c9a-9c3f-ff1097545b30",
        "createdDateTimeUtc": "2022-06-01T21:03:30.2014615Z",
        "lastActionDateTimeUtc": "2022-06-01T21:03:35.9410912Z",
        "status": "Succeeded",
        "summary": {
          "total": 1,
          "failed": 0,
          "success": 1,
          "inProgress": 0,
          "notYetStarted": 0,
          "cancelled": 0,
          "totalCharacterCharged": 27
        }
      }
    },
    {
      "RequestUri": "https://fakeendpoint.cognitiveservices.azure.com/translator/text/batch/v1.0/batches/73fcf5c0-0703-4ace-b3a2-d7218ba22ec1",
      "RequestMethod": "DELETE",
      "RequestHeaders": {
        "Accept": "application/json",
        "Accept-Encoding": "gzip, deflate",
        "Content-Length": "0",
        "User-Agent": "azsdk-python-ai-translation-document/1.0.0 Python/3.9.0 (Windows-10-10.0.22000-SP0)"
      },
      "RequestBody": null,
      "StatusCode": 200,
      "ResponseHeaders": {
        "apim-request-id": "3be6dd92-22dd-4072-ace9-549cf439c082",
        "Content-Encoding": "gzip",
        "Content-Type": "application/json; charset=utf-8",
        "Date": "Wed, 01 Jun 2022 21:03:36 GMT",
        "Set-Cookie": [
          "ARRAffinity=cafa601ca5f017b1c68bca037439964b89cf2f140e4a1200b5cb3397ea215a8c;Path=/;HttpOnly;Secure;Domain=mtbatch.nam.microsofttranslator.com",
          "ARRAffinitySameSite=cafa601ca5f017b1c68bca037439964b89cf2f140e4a1200b5cb3397ea215a8c;Path=/;HttpOnly;SameSite=None;Secure;Domain=mtbatch.nam.microsofttranslator.com"
        ],
        "Strict-Transport-Security": "max-age=31536000; includeSubDomains; preload",
        "Transfer-Encoding": "chunked",
        "Vary": "Accept-Encoding",
        "X-Content-Type-Options": "nosniff",
        "X-Powered-By": "ASP.NET",
        "X-RequestId": "3be6dd92-22dd-4072-ace9-549cf439c082"
      },
      "ResponseBody": {
        "id": "73fcf5c0-0703-4ace-b3a2-d7218ba22ec1",
        "createdDateTimeUtc": "2022-06-01T21:03:02.2145463Z",
        "lastActionDateTimeUtc": "2022-06-01T21:03:07.5247295Z",
        "status": "Succeeded",
        "summary": {
          "total": 1,
          "failed": 0,
          "success": 1,
          "inProgress": 0,
          "notYetStarted": 0,
          "cancelled": 0,
          "totalCharacterCharged": 27
        }
      }
    },
    {
      "RequestUri": "https://fakeendpoint.cognitiveservices.azure.com/translator/text/batch/v1.0/batches/64982428-8d21-4656-8563-4ae81166fbf2",
      "RequestMethod": "DELETE",
      "RequestHeaders": {
        "Accept": "application/json",
        "Accept-Encoding": "gzip, deflate",
        "Content-Length": "0",
        "User-Agent": "azsdk-python-ai-translation-document/1.0.0 Python/3.9.0 (Windows-10-10.0.22000-SP0)"
      },
      "RequestBody": null,
      "StatusCode": 200,
      "ResponseHeaders": {
        "apim-request-id": "126d0184-b712-46c9-bb65-cb05ba5922cd",
        "Content-Encoding": "gzip",
        "Content-Type": "application/json; charset=utf-8",
        "Date": "Wed, 01 Jun 2022 21:03:36 GMT",
        "Set-Cookie": [
          "ARRAffinity=52534756bc24481c0848ee2def3c54a057fd0e51707d9dcf782aa603bbaa9f24;Path=/;HttpOnly;Secure;Domain=mtbatch.nam.microsofttranslator.com",
          "ARRAffinitySameSite=52534756bc24481c0848ee2def3c54a057fd0e51707d9dcf782aa603bbaa9f24;Path=/;HttpOnly;SameSite=None;Secure;Domain=mtbatch.nam.microsofttranslator.com"
        ],
        "Strict-Transport-Security": "max-age=31536000; includeSubDomains; preload",
        "Transfer-Encoding": "chunked",
        "Vary": "Accept-Encoding",
        "X-Content-Type-Options": "nosniff",
        "X-Powered-By": "ASP.NET",
        "X-RequestId": "126d0184-b712-46c9-bb65-cb05ba5922cd"
      },
      "ResponseBody": {
        "id": "64982428-8d21-4656-8563-4ae81166fbf2",
        "createdDateTimeUtc": "2022-06-01T21:03:08.4608148Z",
        "lastActionDateTimeUtc": "2022-06-01T21:03:14.655838Z",
        "status": "Succeeded",
        "summary": {
          "total": 1,
          "failed": 0,
          "success": 1,
          "inProgress": 0,
          "notYetStarted": 0,
          "cancelled": 0,
          "totalCharacterCharged": 27
        }
      }
    },
    {
      "RequestUri": "https://fakeendpoint.cognitiveservices.azure.com/translator/text/batch/v1.0/batches/0728b69a-a59d-4be7-ae8f-401861a89a63",
      "RequestMethod": "DELETE",
      "RequestHeaders": {
        "Accept": "application/json",
        "Accept-Encoding": "gzip, deflate",
        "Content-Length": "0",
        "User-Agent": "azsdk-python-ai-translation-document/1.0.0 Python/3.9.0 (Windows-10-10.0.22000-SP0)"
      },
      "RequestBody": null,
      "StatusCode": 200,
      "ResponseHeaders": {
        "apim-request-id": "c56124ef-f3a1-49ab-a810-a82ecc69a259",
        "Content-Encoding": "gzip",
        "Content-Type": "application/json; charset=utf-8",
        "Date": "Wed, 01 Jun 2022 21:03:36 GMT",
        "Set-Cookie": [
          "ARRAffinity=52534756bc24481c0848ee2def3c54a057fd0e51707d9dcf782aa603bbaa9f24;Path=/;HttpOnly;Secure;Domain=mtbatch.nam.microsofttranslator.com",
          "ARRAffinitySameSite=52534756bc24481c0848ee2def3c54a057fd0e51707d9dcf782aa603bbaa9f24;Path=/;HttpOnly;SameSite=None;Secure;Domain=mtbatch.nam.microsofttranslator.com"
        ],
        "Strict-Transport-Security": "max-age=31536000; includeSubDomains; preload",
        "Transfer-Encoding": "chunked",
        "Vary": "Accept-Encoding",
        "X-Content-Type-Options": "nosniff",
        "X-Powered-By": "ASP.NET",
        "X-RequestId": "c56124ef-f3a1-49ab-a810-a82ecc69a259"
      },
      "ResponseBody": {
        "id": "0728b69a-a59d-4be7-ae8f-401861a89a63",
        "createdDateTimeUtc": "2022-06-01T21:03:15.8537268Z",
        "lastActionDateTimeUtc": "2022-06-01T21:03:21.8108799Z",
        "status": "Succeeded",
        "summary": {
          "total": 1,
          "failed": 0,
          "success": 1,
          "inProgress": 0,
          "notYetStarted": 0,
          "cancelled": 0,
          "totalCharacterCharged": 27
        }
      }
    },
    {
      "RequestUri": "https://fakeendpoint.cognitiveservices.azure.com/translator/text/batch/v1.0/batches/cb1bd31b-19f3-4ff7-ab03-81d9ee62ec88",
      "RequestMethod": "DELETE",
      "RequestHeaders": {
        "Accept": "application/json",
        "Accept-Encoding": "gzip, deflate",
        "Content-Length": "0",
        "User-Agent": "azsdk-python-ai-translation-document/1.0.0 Python/3.9.0 (Windows-10-10.0.22000-SP0)"
      },
      "RequestBody": null,
      "StatusCode": 200,
      "ResponseHeaders": {
        "apim-request-id": "c5862947-cb54-4e54-95a9-556235921b3f",
        "Content-Encoding": "gzip",
        "Content-Type": "application/json; charset=utf-8",
        "Date": "Wed, 01 Jun 2022 21:03:36 GMT",
        "Set-Cookie": [
          "ARRAffinity=cafa601ca5f017b1c68bca037439964b89cf2f140e4a1200b5cb3397ea215a8c;Path=/;HttpOnly;Secure;Domain=mtbatch.nam.microsofttranslator.com",
          "ARRAffinitySameSite=cafa601ca5f017b1c68bca037439964b89cf2f140e4a1200b5cb3397ea215a8c;Path=/;HttpOnly;SameSite=None;Secure;Domain=mtbatch.nam.microsofttranslator.com"
        ],
        "Strict-Transport-Security": "max-age=31536000; includeSubDomains; preload",
        "Transfer-Encoding": "chunked",
        "Vary": "Accept-Encoding",
        "X-Content-Type-Options": "nosniff",
        "X-Powered-By": "ASP.NET",
        "X-RequestId": "c5862947-cb54-4e54-95a9-556235921b3f"
      },
      "ResponseBody": {
        "id": "cb1bd31b-19f3-4ff7-ab03-81d9ee62ec88",
        "createdDateTimeUtc": "2022-06-01T21:03:22.9850346Z",
        "lastActionDateTimeUtc": "2022-06-01T21:03:28.9043202Z",
        "status": "Succeeded",
        "summary": {
          "total": 1,
          "failed": 0,
          "success": 1,
          "inProgress": 0,
          "notYetStarted": 0,
          "cancelled": 0,
          "totalCharacterCharged": 27
        }
      }
    },
    {
      "RequestUri": "https://fakeendpoint.cognitiveservices.azure.com/translator/text/batch/v1.0/batches/35920b4b-a880-4c9a-9c3f-ff1097545b30",
      "RequestMethod": "DELETE",
      "RequestHeaders": {
        "Accept": "application/json",
        "Accept-Encoding": "gzip, deflate",
        "Content-Length": "0",
        "User-Agent": "azsdk-python-ai-translation-document/1.0.0 Python/3.9.0 (Windows-10-10.0.22000-SP0)"
      },
      "RequestBody": null,
      "StatusCode": 200,
      "ResponseHeaders": {
        "apim-request-id": "c25a01a8-90de-474b-87de-a04506fdd826",
        "Content-Encoding": "gzip",
        "Content-Type": "application/json; charset=utf-8",
        "Date": "Wed, 01 Jun 2022 21:03:36 GMT",
        "Set-Cookie": [
          "ARRAffinity=52534756bc24481c0848ee2def3c54a057fd0e51707d9dcf782aa603bbaa9f24;Path=/;HttpOnly;Secure;Domain=mtbatch.nam.microsofttranslator.com",
          "ARRAffinitySameSite=52534756bc24481c0848ee2def3c54a057fd0e51707d9dcf782aa603bbaa9f24;Path=/;HttpOnly;SameSite=None;Secure;Domain=mtbatch.nam.microsofttranslator.com"
        ],
        "Strict-Transport-Security": "max-age=31536000; includeSubDomains; preload",
        "Transfer-Encoding": "chunked",
        "Vary": "Accept-Encoding",
        "X-Content-Type-Options": "nosniff",
        "X-Powered-By": "ASP.NET",
        "X-RequestId": "c25a01a8-90de-474b-87de-a04506fdd826"
      },
      "ResponseBody": {
        "id": "35920b4b-a880-4c9a-9c3f-ff1097545b30",
        "createdDateTimeUtc": "2022-06-01T21:03:30.2014615Z",
        "lastActionDateTimeUtc": "2022-06-01T21:03:35.9410912Z",
        "status": "Succeeded",
        "summary": {
          "total": 1,
          "failed": 0,
          "success": 1,
          "inProgress": 0,
          "notYetStarted": 0,
          "cancelled": 0,
          "totalCharacterCharged": 27
        }
      }
    },
    {
      "RequestUri": "https://fakeendpoint.cognitiveservices.azure.com/translator/text/batch/v1.0/batches?$maxpagesize=50\u0026statuses=Cancelled",
      "RequestMethod": "GET",
      "RequestHeaders": {
        "Accept": "application/json",
        "Accept-Encoding": "gzip, deflate",
        "User-Agent": "azsdk-python-ai-translation-document/1.0.0 Python/3.9.0 (Windows-10-10.0.22000-SP0)"
      },
      "RequestBody": null,
      "StatusCode": 200,
      "ResponseHeaders": {
        "apim-request-id": "5f0c6c92-ecd7-448f-bf69-a5d97fe22c79",
        "Cache-Control": "public, max-age=1",
        "Content-Encoding": "gzip",
        "Content-Type": "application/json; charset=utf-8",
        "Date": "Wed, 01 Jun 2022 21:03:46 GMT",
        "ETag": "\u0022C5E1393A436B256B3052F060825ED98B3DCC06546E9424E697F96AA58BB4C245\u0022",
        "Set-Cookie": [
          "ARRAffinity=cafa601ca5f017b1c68bca037439964b89cf2f140e4a1200b5cb3397ea215a8c;Path=/;HttpOnly;Secure;Domain=mtbatch.nam.microsofttranslator.com",
          "ARRAffinitySameSite=cafa601ca5f017b1c68bca037439964b89cf2f140e4a1200b5cb3397ea215a8c;Path=/;HttpOnly;SameSite=None;Secure;Domain=mtbatch.nam.microsofttranslator.com"
        ],
        "Strict-Transport-Security": "max-age=31536000; includeSubDomains; preload",
        "Transfer-Encoding": "chunked",
        "Vary": "Accept-Encoding",
        "X-Content-Type-Options": "nosniff",
        "X-Powered-By": "ASP.NET",
        "X-RequestId": "5f0c6c92-ecd7-448f-bf69-a5d97fe22c79"
      },
      "ResponseBody": {
        "value": [
          {
            "id": "49b69da8-94aa-42a1-bc61-e449ede5fbe4",
            "createdDateTimeUtc": "2022-06-01T20:49:43.4029747Z",
            "lastActionDateTimeUtc": "2022-06-01T20:49:53.899814Z",
            "status": "Cancelled",
            "summary": {
              "total": 8,
              "failed": 0,
              "success": 5,
              "inProgress": 0,
              "notYetStarted": 0,
              "cancelled": 3,
              "totalCharacterCharged": 135
            }
          },
          {
            "id": "05da605c-36b3-4dbd-990a-63dc56c25c2f",
            "createdDateTimeUtc": "2022-06-01T20:49:41.024465Z",
            "lastActionDateTimeUtc": "2022-06-01T20:49:53.9348824Z",
            "status": "Cancelled",
            "summary": {
              "total": 8,
              "failed": 0,
              "success": 4,
              "inProgress": 0,
              "notYetStarted": 0,
              "cancelled": 4,
              "totalCharacterCharged": 108
            }
          }
        ]
      }
    }
  ],
  "Variables": {
    "source_container_name0": "src65ddb63f-de2e-4486-a7c0-1278703561b8",
    "source_container_name0cancel": "src32e55dc6-aac1-499b-9625-7d2fa6d3810c",
    "source_container_name1": "src6f2fd135-63ce-4647-b0f5-77b6449034f1",
    "source_container_name1cancel": "src7005c6d9-7278-4d0f-8d26-ab6ff40d9a3d",
    "source_container_name2": "src564b8139-8229-4a6d-aaee-729e3fa023b6",
    "source_container_name2cancel": "src944efd64-f572-4f9e-a722-3dcb02f9d04b",
    "source_container_name3": "src7ed81d3d-8d9f-4448-8c62-26720ff6760c",
    "source_container_name3cancel": "src517ea25d-8f63-414c-b22d-c1675a8a6222",
    "source_container_name4": "src70c1134c-f2eb-4212-803f-68911393705c",
    "source_container_name4cancel": "srca608d3df-c71e-43b0-a83a-4cba5c7fc903",
    "target_container_name0": "targetc4433f28-4894-4563-9a42-ae62f0faeca1",
    "target_container_name0cancel": "target247c78cc-2d4d-4610-9507-8a424fd0bf81",
    "target_container_name1": "targetcd6e022f-8082-4bcb-bbb4-ec32dd1fd650",
    "target_container_name1cancel": "targetc3e44685-58fb-4582-b578-f3e2bcffcdef",
    "target_container_name2": "target1717767b-1f87-4ff9-badf-d8f297155b27",
    "target_container_name2cancel": "targetb49400c2-aa82-49c8-8d5b-1f1f24dfd227",
    "target_container_name3": "target97362cf1-5fde-44a3-928a-3ce7c42ecf04",
    "target_container_name3cancel": "targeta3c6bebd-1f32-4fd8-bc99-ac2fb8824722",
    "target_container_name4": "target5951872b-fa4f-48f4-b4cd-9de8e8918339",
    "target_container_name4cancel": "target6c1271c7-4cc2-4c3b-a5c1-478c6ee62a43"
  }
}
