{
  "Entries": [
    {
      "RequestUri": "https://fakeendpoint.cognitiveservices.azure.com/translator/text/batch/v1.0/batches",
      "RequestMethod": "POST",
      "RequestHeaders": {
        "Accept": "application/json",
        "Accept-Encoding": "gzip, deflate",
        "Content-Length": "380",
        "Content-Type": "application/json",
        "User-Agent": "azsdk-python-ai-translation-document/1.0.0b6 Python/3.10.0 (Windows-10-10.0.22000-SP0)",
        "x-ms-client-request-id": "04e846a8-5d5a-11ec-8c45-b831b58100e8"
      },
      "RequestBody": "{\u0022inputs\u0022: [{\u0022source\u0022: {\u0022sourceUrl\u0022: \u0022https://fakeendpoint.blob.core.windows.net/src9ff23c36-648c-4c09-9e4b-0aa62ce7e5f6?se=end\u0026sp=rl\u0026sv=2021-02-12\u0026sr=c\u0026sig=fake_token_value\u0022, \u0022filter\u0022: {}}, \u0022targets\u0022: [{\u0022targetUrl\u0022: \u0022https://fakeendpoint.blob.core.windows.net/targeta841d0b9-c0f0-4ab8-a78b-ee5f2f980fa8?se=end\u0026sp=wl\u0026sv=2021-02-12\u0026sr=c\u0026sig=fake_token_value\u0022, \u0022language\u0022: \u0022es\u0022}]}]}",
      "StatusCode": 202,
      "ResponseHeaders": {
        "apim-request-id": "ca71b457-c04d-4961-b721-b5b3d12d3dfd",
        "Content-Length": "0",
        "Date": "Wed, 15 Dec 2021 03:49:35 GMT",
        "Operation-Location": "https://fakeendpoint.cognitiveservices.azure.com/translator/text/batch/v1.0/batches/c3fce47b-258e-465a-b2d8-f904980ea156",
        "Set-Cookie": [
          "ARRAffinity=f9ffee55d5b846ab210939783079e864f7c0bd5efbd10d36648d3b62bbdfbaac;Path=/;HttpOnly;Secure;Domain=mtbatch.nam.microsofttranslator.com",
          "ARRAffinitySameSite=f9ffee55d5b846ab210939783079e864f7c0bd5efbd10d36648d3b62bbdfbaac;Path=/;HttpOnly;SameSite=None;Secure;Domain=mtbatch.nam.microsofttranslator.com"
        ],
        "Strict-Transport-Security": "max-age=31536000; includeSubDomains; preload",
        "X-Content-Type-Options": "nosniff",
        "X-Powered-By": "ASP.NET",
        "X-RequestId": "ca71b457-c04d-4961-b721-b5b3d12d3dfd"
      },
      "ResponseBody": null
    },
    {
      "RequestUri": "https://fakeendpoint.cognitiveservices.azure.com/translator/text/batch/v1.0/batches/c3fce47b-258e-465a-b2d8-f904980ea156",
      "RequestMethod": "GET",
      "RequestHeaders": {
        "Accept": "*/*",
        "Accept-Encoding": "gzip, deflate",
        "User-Agent": "azsdk-python-ai-translation-document/1.0.0b6 Python/3.10.0 (Windows-10-10.0.22000-SP0)",
        "x-ms-client-request-id": "04e846a8-5d5a-11ec-8c45-b831b58100e8"
      },
      "RequestBody": null,
      "StatusCode": 200,
      "ResponseHeaders": {
        "apim-request-id": "fad96cdf-432a-488f-bf98-2e3bed92b190",
        "Cache-Control": "public, max-age=1",
        "Content-Encoding": "gzip",
        "Content-Type": "application/json; charset=utf-8",
        "Date": "Wed, 15 Dec 2021 03:49:36 GMT",
        "ETag": "\u002258E2C58628C8E3804FDF00B75948B94225D5E85120E34AA60F4AEA6602F007FE\u0022",
        "Set-Cookie": [
          "ARRAffinity=d5311be9a7eee70fefb806f1e2337cdd19ccc651d9ba4b6954f0949b8feead5f;Path=/;HttpOnly;Secure;Domain=mtbatch.nam.microsofttranslator.com",
          "ARRAffinitySameSite=d5311be9a7eee70fefb806f1e2337cdd19ccc651d9ba4b6954f0949b8feead5f;Path=/;HttpOnly;SameSite=None;Secure;Domain=mtbatch.nam.microsofttranslator.com"
        ],
        "Strict-Transport-Security": "max-age=31536000; includeSubDomains; preload",
        "Transfer-Encoding": "chunked",
        "Vary": "Accept-Encoding",
        "X-Content-Type-Options": "nosniff",
        "X-Powered-By": "ASP.NET",
        "X-RequestId": "fad96cdf-432a-488f-bf98-2e3bed92b190"
      },
      "ResponseBody": {
        "id": "c3fce47b-258e-465a-b2d8-f904980ea156",
        "createdDateTimeUtc": "2021-12-15T03:49:35.2891716Z",
        "lastActionDateTimeUtc": "2021-12-15T03:49:35.4538451Z",
        "status": "Failed",
        "summary": {
          "total": 1,
          "failed": 1,
          "success": 0,
          "inProgress": 0,
          "notYetStarted": 0,
          "cancelled": 0,
          "totalCharacterCharged": 0
        }
      }
    },
    {
      "RequestUri": "https://fakeendpoint.cognitiveservices.azure.com/translator/text/batch/v1.0/batches/c3fce47b-258e-465a-b2d8-f904980ea156/documents?$skip=0",
      "RequestMethod": "GET",
      "RequestHeaders": {
        "Accept": "application/json",
        "Accept-Encoding": "gzip, deflate",
        "User-Agent": "azsdk-python-ai-translation-document/1.0.0b6 Python/3.10.0 (Windows-10-10.0.22000-SP0)",
        "x-ms-client-request-id": "059e515f-5d5a-11ec-8c48-b831b58100e8"
      },
      "RequestBody": null,
      "StatusCode": 200,
      "ResponseHeaders": {
        "apim-request-id": "9335266b-d6b2-4887-bd52-bd08cbbd250e",
        "Cache-Control": "public, max-age=1",
        "Content-Encoding": "gzip",
        "Content-Type": "application/json; charset=utf-8",
        "Date": "Wed, 15 Dec 2021 03:49:36 GMT",
        "ETag": "\u0022526D119F8131CAC7AAC40F88372B5808ACE38CA0AD3BA9A78D37039EF87C0E5D\u0022",
        "Set-Cookie": [
          "ARRAffinity=f9ffee55d5b846ab210939783079e864f7c0bd5efbd10d36648d3b62bbdfbaac;Path=/;HttpOnly;Secure;Domain=mtbatch.nam.microsofttranslator.com",
          "ARRAffinitySameSite=f9ffee55d5b846ab210939783079e864f7c0bd5efbd10d36648d3b62bbdfbaac;Path=/;HttpOnly;SameSite=None;Secure;Domain=mtbatch.nam.microsofttranslator.com"
        ],
        "Strict-Transport-Security": "max-age=31536000; includeSubDomains; preload",
        "Transfer-Encoding": "chunked",
        "Vary": "Accept-Encoding",
        "X-Content-Type-Options": "nosniff",
        "X-Powered-By": "ASP.NET",
        "X-RequestId": "9335266b-d6b2-4887-bd52-bd08cbbd250e"
      },
      "ResponseBody": {
        "value": [
          {
            "sourcePath": "https://fakeendpoint.blob.core.windows.net/src9ff23c36-648c-4c09-9e4b-0aa62ce7e5f6/document.txt",
            "lastActionDateTimeUtc": "2021-12-15T03:49:35.4536461Z",
            "status": "Failed",
            "to": "es",
            "error": {
              "code": "InvalidRequest",
              "message": "Target document file already exists.",
              "target": "Document",
              "innerError": {
                "code": "TargetFileAlreadyExists",
                "message": "Target document file already exists."
              }
            },
            "progress": 0,
            "id": "0019aa90-0000-0000-0000-000000000000",
            "characterCharged": 0
          }
        ]
      }
    }
  ],
  "Variables": {
    "source_container_name": "src9ff23c36-648c-4c09-9e4b-0aa62ce7e5f6",
    "target_container_name": "targeta841d0b9-c0f0-4ab8-a78b-ee5f2f980fa8"
  }
}
