interactions:
- request:
    body: null
    headers:
      Accept:
      - application/xml
      Accept-Encoding:
      - gzip, deflate
      Connection:
      - keep-alive
      Content-Length:
      - '0'
      User-Agent:
      - azsdk-python-storage-blob/12.8.1 Python/3.9.0 (Windows-10-10.0.19041-SP0)
      x-ms-date:
      - Thu, 06 May 2021 20:43:45 GMT
      x-ms-version:
      - '2020-06-12'
    method: PUT
    uri: https://redacted.blob.core.windows.net/src2db487a2-5bdf-4ab4-b562-969a51f7a4ab?restype=container
  response:
    body:
      string: ''
    headers:
      content-length:
      - '0'
      date:
      - Thu, 06 May 2021 20:43:46 GMT
      etag:
      - '"0x8D910CFA540C74B"'
      last-modified:
      - Thu, 06 May 2021 20:43:46 GMT
      server:
      - Windows-Azure-Blob/1.0 Microsoft-HTTPAPI/2.0
      x-ms-version:
      - '2020-06-12'
    status:
      code: 201
      message: Created
- request:
    body: This is written in english.
    headers:
      Accept:
      - application/xml
      Accept-Encoding:
      - gzip, deflate
      Connection:
      - keep-alive
      Content-Length:
      - '27'
      Content-Type:
      - application/octet-stream
      If-None-Match:
      - '*'
      User-Agent:
      - azsdk-python-storage-blob/12.8.1 Python/3.9.0 (Windows-10-10.0.19041-SP0)
      x-ms-blob-type:
      - BlockBlob
      x-ms-date:
      - Thu, 06 May 2021 20:43:46 GMT
      x-ms-version:
      - '2020-06-12'
    method: PUT
    uri: https://redacted.blob.core.windows.net/src2db487a2-5bdf-4ab4-b562-969a51f7a4ab/4136a4fa-0ec0-4668-880e-7e4b9e3ee6d9.txt
  response:
    body:
      string: ''
    headers:
      content-length:
      - '0'
      content-md5:
      - mYgA0QpY6baiB+xZp8Hk+A==
      date:
      - Thu, 06 May 2021 20:43:46 GMT
      etag:
      - '"0x8D910CFA56476B9"'
      last-modified:
      - Thu, 06 May 2021 20:43:46 GMT
      server:
      - Windows-Azure-Blob/1.0 Microsoft-HTTPAPI/2.0
      x-ms-content-crc64:
      - NB4xBtawP6g=
      x-ms-request-server-encrypted:
      - 'true'
      x-ms-version:
      - '2020-06-12'
    status:
      code: 201
      message: Created
- request:
    body: This is written in english.
    headers:
      Accept:
      - application/xml
      Accept-Encoding:
      - gzip, deflate
      Connection:
      - keep-alive
      Content-Length:
      - '27'
      Content-Type:
      - application/octet-stream
      If-None-Match:
      - '*'
      User-Agent:
      - azsdk-python-storage-blob/12.8.1 Python/3.9.0 (Windows-10-10.0.19041-SP0)
      x-ms-blob-type:
      - BlockBlob
      x-ms-date:
      - Thu, 06 May 2021 20:43:47 GMT
      x-ms-version:
      - '2020-06-12'
    method: PUT
    uri: https://redacted.blob.core.windows.net/src2db487a2-5bdf-4ab4-b562-969a51f7a4ab/810a6af2-fa80-464a-8888-0225a47724f7.txt
  response:
    body:
      string: ''
    headers:
      content-length:
      - '0'
      content-md5:
      - mYgA0QpY6baiB+xZp8Hk+A==
      date:
      - Thu, 06 May 2021 20:43:47 GMT
      etag:
      - '"0x8D910CFA5891C5B"'
      last-modified:
      - Thu, 06 May 2021 20:43:47 GMT
      server:
      - Windows-Azure-Blob/1.0 Microsoft-HTTPAPI/2.0
      x-ms-content-crc64:
      - NB4xBtawP6g=
      x-ms-request-server-encrypted:
      - 'true'
      x-ms-version:
      - '2020-06-12'
    status:
      code: 201
      message: Created
- request:
    body: This is written in english.
    headers:
      Accept:
      - application/xml
      Accept-Encoding:
      - gzip, deflate
      Connection:
      - keep-alive
      Content-Length:
      - '27'
      Content-Type:
      - application/octet-stream
      If-None-Match:
      - '*'
      User-Agent:
      - azsdk-python-storage-blob/12.8.1 Python/3.9.0 (Windows-10-10.0.19041-SP0)
      x-ms-blob-type:
      - BlockBlob
      x-ms-date:
      - Thu, 06 May 2021 20:43:47 GMT
      x-ms-version:
      - '2020-06-12'
    method: PUT
    uri: https://redacted.blob.core.windows.net/src2db487a2-5bdf-4ab4-b562-969a51f7a4ab/ce9eb4c6-7d08-44fe-86b8-b23acfe11669.txt
  response:
    body:
      string: ''
    headers:
      content-length:
      - '0'
      content-md5:
      - mYgA0QpY6baiB+xZp8Hk+A==
      date:
      - Thu, 06 May 2021 20:43:47 GMT
      etag:
      - '"0x8D910CFA5AE1046"'
      last-modified:
      - Thu, 06 May 2021 20:43:47 GMT
      server:
      - Windows-Azure-Blob/1.0 Microsoft-HTTPAPI/2.0
      x-ms-content-crc64:
      - NB4xBtawP6g=
      x-ms-request-server-encrypted:
      - 'true'
      x-ms-version:
      - '2020-06-12'
    status:
      code: 201
      message: Created
- request:
    body: This is written in english.
    headers:
      Accept:
      - application/xml
      Accept-Encoding:
      - gzip, deflate
      Connection:
      - keep-alive
      Content-Length:
      - '27'
      Content-Type:
      - application/octet-stream
      If-None-Match:
      - '*'
      User-Agent:
      - azsdk-python-storage-blob/12.8.1 Python/3.9.0 (Windows-10-10.0.19041-SP0)
      x-ms-blob-type:
      - BlockBlob
      x-ms-date:
      - Thu, 06 May 2021 20:43:47 GMT
      x-ms-version:
      - '2020-06-12'
    method: PUT
    uri: https://redacted.blob.core.windows.net/src2db487a2-5bdf-4ab4-b562-969a51f7a4ab/2c0876ac-3309-46bb-8153-e470c3956968.txt
  response:
    body:
      string: ''
    headers:
      content-length:
      - '0'
      content-md5:
      - mYgA0QpY6baiB+xZp8Hk+A==
      date:
      - Thu, 06 May 2021 20:43:47 GMT
      etag:
      - '"0x8D910CFA5D32B41"'
      last-modified:
      - Thu, 06 May 2021 20:43:47 GMT
      server:
      - Windows-Azure-Blob/1.0 Microsoft-HTTPAPI/2.0
      x-ms-content-crc64:
      - NB4xBtawP6g=
      x-ms-request-server-encrypted:
      - 'true'
      x-ms-version:
      - '2020-06-12'
    status:
      code: 201
      message: Created
- request:
    body: This is written in english.
    headers:
      Accept:
      - application/xml
      Accept-Encoding:
      - gzip, deflate
      Connection:
      - keep-alive
      Content-Length:
      - '27'
      Content-Type:
      - application/octet-stream
      If-None-Match:
      - '*'
      User-Agent:
      - azsdk-python-storage-blob/12.8.1 Python/3.9.0 (Windows-10-10.0.19041-SP0)
      x-ms-blob-type:
      - BlockBlob
      x-ms-date:
      - Thu, 06 May 2021 20:43:47 GMT
      x-ms-version:
      - '2020-06-12'
    method: PUT
    uri: https://redacted.blob.core.windows.net/src2db487a2-5bdf-4ab4-b562-969a51f7a4ab/d725216c-f10f-4ee5-ad08-31ac7fb73f5f.txt
  response:
    body:
      string: ''
    headers:
      content-length:
      - '0'
      content-md5:
      - mYgA0QpY6baiB+xZp8Hk+A==
      date:
      - Thu, 06 May 2021 20:43:47 GMT
      etag:
      - '"0x8D910CFA5F9A618"'
      last-modified:
      - Thu, 06 May 2021 20:43:47 GMT
      server:
      - Windows-Azure-Blob/1.0 Microsoft-HTTPAPI/2.0
      x-ms-content-crc64:
      - NB4xBtawP6g=
      x-ms-request-server-encrypted:
      - 'true'
      x-ms-version:
      - '2020-06-12'
    status:
      code: 201
      message: Created
- request:
    body: This is written in english.
    headers:
      Accept:
      - application/xml
      Accept-Encoding:
      - gzip, deflate
      Connection:
      - keep-alive
      Content-Length:
      - '27'
      Content-Type:
      - application/octet-stream
      If-None-Match:
      - '*'
      User-Agent:
      - azsdk-python-storage-blob/12.8.1 Python/3.9.0 (Windows-10-10.0.19041-SP0)
      x-ms-blob-type:
      - BlockBlob
      x-ms-date:
      - Thu, 06 May 2021 20:43:48 GMT
      x-ms-version:
      - '2020-06-12'
    method: PUT
    uri: https://redacted.blob.core.windows.net/src2db487a2-5bdf-4ab4-b562-969a51f7a4ab/e97e82dc-83b9-41e5-bf6d-d183a2434579.txt
  response:
    body:
      string: ''
    headers:
      content-length:
      - '0'
      content-md5:
      - mYgA0QpY6baiB+xZp8Hk+A==
      date:
      - Thu, 06 May 2021 20:43:48 GMT
      etag:
      - '"0x8D910CFA61D3A2B"'
      last-modified:
      - Thu, 06 May 2021 20:43:48 GMT
      server:
      - Windows-Azure-Blob/1.0 Microsoft-HTTPAPI/2.0
      x-ms-content-crc64:
      - NB4xBtawP6g=
      x-ms-request-server-encrypted:
      - 'true'
      x-ms-version:
      - '2020-06-12'
    status:
      code: 201
      message: Created
- request:
    body: This is written in english.
    headers:
      Accept:
      - application/xml
      Accept-Encoding:
      - gzip, deflate
      Connection:
      - keep-alive
      Content-Length:
      - '27'
      Content-Type:
      - application/octet-stream
      If-None-Match:
      - '*'
      User-Agent:
      - azsdk-python-storage-blob/12.8.1 Python/3.9.0 (Windows-10-10.0.19041-SP0)
      x-ms-blob-type:
      - BlockBlob
      x-ms-date:
      - Thu, 06 May 2021 20:43:48 GMT
      x-ms-version:
      - '2020-06-12'
    method: PUT
    uri: https://redacted.blob.core.windows.net/src2db487a2-5bdf-4ab4-b562-969a51f7a4ab/f0a6b9d3-9f24-4117-bcea-289457c3d86a.txt
  response:
    body:
      string: ''
    headers:
      content-length:
      - '0'
      content-md5:
      - mYgA0QpY6baiB+xZp8Hk+A==
      date:
      - Thu, 06 May 2021 20:43:48 GMT
      etag:
      - '"0x8D910CFA640CE3C"'
      last-modified:
      - Thu, 06 May 2021 20:43:48 GMT
      server:
      - Windows-Azure-Blob/1.0 Microsoft-HTTPAPI/2.0
      x-ms-content-crc64:
      - NB4xBtawP6g=
      x-ms-request-server-encrypted:
      - 'true'
      x-ms-version:
      - '2020-06-12'
    status:
      code: 201
      message: Created
- request:
    body: This is written in english.
    headers:
      Accept:
      - application/xml
      Accept-Encoding:
      - gzip, deflate
      Connection:
      - keep-alive
      Content-Length:
      - '27'
      Content-Type:
      - application/octet-stream
      If-None-Match:
      - '*'
      User-Agent:
      - azsdk-python-storage-blob/12.8.1 Python/3.9.0 (Windows-10-10.0.19041-SP0)
      x-ms-blob-type:
      - BlockBlob
      x-ms-date:
      - Thu, 06 May 2021 20:43:48 GMT
      x-ms-version:
      - '2020-06-12'
    method: PUT
    uri: https://redacted.blob.core.windows.net/src2db487a2-5bdf-4ab4-b562-969a51f7a4ab/e205597c-cd63-4749-8b99-d9f1c5873e69.txt
  response:
    body:
      string: ''
    headers:
      content-length:
      - '0'
      content-md5:
      - mYgA0QpY6baiB+xZp8Hk+A==
      date:
      - Thu, 06 May 2021 20:43:48 GMT
      etag:
      - '"0x8D910CFA6648948"'
      last-modified:
      - Thu, 06 May 2021 20:43:48 GMT
      server:
      - Windows-Azure-Blob/1.0 Microsoft-HTTPAPI/2.0
      x-ms-content-crc64:
      - NB4xBtawP6g=
      x-ms-request-server-encrypted:
      - 'true'
      x-ms-version:
      - '2020-06-12'
    status:
      code: 201
      message: Created
- request:
    body: This is written in english.
    headers:
      Accept:
      - application/xml
      Accept-Encoding:
      - gzip, deflate
      Connection:
      - keep-alive
      Content-Length:
      - '27'
      Content-Type:
      - application/octet-stream
      If-None-Match:
      - '*'
      User-Agent:
      - azsdk-python-storage-blob/12.8.1 Python/3.9.0 (Windows-10-10.0.19041-SP0)
      x-ms-blob-type:
      - BlockBlob
      x-ms-date:
      - Thu, 06 May 2021 20:43:48 GMT
      x-ms-version:
      - '2020-06-12'
    method: PUT
    uri: https://redacted.blob.core.windows.net/src2db487a2-5bdf-4ab4-b562-969a51f7a4ab/a5ef03bc-a5b1-454c-bcbd-e7eeac8b2d54.txt
  response:
    body:
      string: ''
    headers:
      content-length:
      - '0'
      content-md5:
      - mYgA0QpY6baiB+xZp8Hk+A==
      date:
      - Thu, 06 May 2021 20:43:48 GMT
      etag:
      - '"0x8D910CFA688928F"'
      last-modified:
      - Thu, 06 May 2021 20:43:48 GMT
      server:
      - Windows-Azure-Blob/1.0 Microsoft-HTTPAPI/2.0
      x-ms-content-crc64:
      - NB4xBtawP6g=
      x-ms-request-server-encrypted:
      - 'true'
      x-ms-version:
      - '2020-06-12'
    status:
      code: 201
      message: Created
- request:
    body: This is written in english.
    headers:
      Accept:
      - application/xml
      Accept-Encoding:
      - gzip, deflate
      Connection:
      - keep-alive
      Content-Length:
      - '27'
      Content-Type:
      - application/octet-stream
      If-None-Match:
      - '*'
      User-Agent:
      - azsdk-python-storage-blob/12.8.1 Python/3.9.0 (Windows-10-10.0.19041-SP0)
      x-ms-blob-type:
      - BlockBlob
      x-ms-date:
      - Thu, 06 May 2021 20:43:48 GMT
      x-ms-version:
      - '2020-06-12'
    method: PUT
    uri: https://redacted.blob.core.windows.net/src2db487a2-5bdf-4ab4-b562-969a51f7a4ab/ec87b114-cfef-40fa-8d4a-54aca6570529.txt
  response:
    body:
      string: ''
    headers:
      content-length:
      - '0'
      content-md5:
      - mYgA0QpY6baiB+xZp8Hk+A==
      date:
      - Thu, 06 May 2021 20:43:48 GMT
      etag:
      - '"0x8D910CFA6AC9BEC"'
      last-modified:
      - Thu, 06 May 2021 20:43:49 GMT
      server:
      - Windows-Azure-Blob/1.0 Microsoft-HTTPAPI/2.0
      x-ms-content-crc64:
      - NB4xBtawP6g=
      x-ms-request-server-encrypted:
      - 'true'
      x-ms-version:
      - '2020-06-12'
    status:
      code: 201
      message: Created
- request:
    body: null
    headers:
      Accept:
      - application/xml
      Accept-Encoding:
      - gzip, deflate
      Connection:
      - keep-alive
      Content-Length:
      - '0'
      User-Agent:
      - azsdk-python-storage-blob/12.8.1 Python/3.9.0 (Windows-10-10.0.19041-SP0)
      x-ms-date:
      - Thu, 06 May 2021 20:43:49 GMT
      x-ms-version:
      - '2020-06-12'
    method: PUT
    uri: https://redacted.blob.core.windows.net/target1b7a587e-685c-459a-93ab-147c84a82fbd?restype=container
  response:
    body:
      string: ''
    headers:
      content-length:
      - '0'
      date:
      - Thu, 06 May 2021 20:43:50 GMT
      etag:
      - '"0x8D910CFA7519E39"'
      last-modified:
      - Thu, 06 May 2021 20:43:50 GMT
      server:
      - Windows-Azure-Blob/1.0 Microsoft-HTTPAPI/2.0
      x-ms-version:
      - '2020-06-12'
    status:
      code: 201
      message: Created
- request:
    body: '{"inputs": [{"source": {"sourceUrl": "https://redacted.blob.core.windows.net/src2db487a2-5bdf-4ab4-b562-969a51f7a4ab?se=end&sp=rl&sv=2020-06-12&sr=c&sig=fake_token_value",
      "filter": {}}, "targets": [{"targetUrl": "https://redacted.blob.core.windows.net/target1b7a587e-685c-459a-93ab-147c84a82fbd?se=end&sp=rw&sv=2020-06-12&sr=c&sig=fake_token_value",
      "language": "es"}]}]}'
    headers:
      Accept:
      - application/json
      Content-Length:
      - '492'
      Content-Type:
      - application/json
      User-Agent:
      - azsdk-python-ai-translation-document/1.0.0b2 Python/3.9.0 (Windows-10-10.0.19041-SP0)
    method: POST
    uri: https://redacted.cognitiveservices.azure.com/translator/text/batch/v1.0-preview.1/batches
  response:
    body:
      string: ''
    headers:
      apim-request-id: d6b5a9b9-5c56-4bf0-995f-0ad9bb0b6a06
      content-length: '0'
      date: Thu, 06 May 2021 20:43:50 GMT
      operation-location: https://redacted.cognitiveservices.azure.com/translatortext/batch/v1.0-preview.1/batches/0b29e7a0-312c-45d7-b2f1-a9f7dbd368e6
      set-cookie: ARRAffinitySameSite=52534756bc24481c0848ee2def3c54a057fd0e51707d9dcf782aa603bbaa9f24;Path=/;HttpOnly;SameSite=None;Secure;Domain=doctrans.northeu.microsofttranslator.com
      strict-transport-security: max-age=31536000; includeSubDomains; preload
      x-content-type-options: nosniff
      x-powered-by: ASP.NET
      x-requestid: d6b5a9b9-5c56-4bf0-995f-0ad9bb0b6a06
    status:
      code: 202
      message: Accepted
    url: https://redacted.cognitiveservices.azure.com/translatortext/batch/v1.0-preview.1/batches
- request:
    body: null
    headers:
      Accept:
      - application/json
      User-Agent:
      - azsdk-python-ai-translation-document/1.0.0b2 Python/3.9.0 (Windows-10-10.0.19041-SP0)
    method: GET
    uri: https://redacted.cognitiveservices.azure.com/translator/text/batch/v1.0-preview.1/batches/0b29e7a0-312c-45d7-b2f1-a9f7dbd368e6
  response:
    body:
      string: '{"id":"0b29e7a0-312c-45d7-b2f1-a9f7dbd368e6","createdDateTimeUtc":"2021-05-06T20:43:50.8333426Z","lastActionDateTimeUtc":"2021-05-06T20:43:50.8333429Z","status":"NotStarted","summary":{"total":0,"failed":0,"success":0,"inProgress":0,"notYetStarted":0,"cancelled":0,"totalCharacterCharged":0}}'
    headers:
      apim-request-id: 730412cd-2b0f-4cdf-8415-702b32edf12b
      cache-control: public,max-age=1
      content-encoding: gzip
      content-type: application/json; charset=utf-8
      date: Thu, 06 May 2021 20:43:50 GMT
      etag: '"663A1B752A2C25CDEA3A739485F75B46484B875928755801CD4132A11335BCEF"'
      set-cookie: ARRAffinitySameSite=b85bad1b8326b1376e60e99b410c1da9c99b2e137606973a71315f97deb3a0ce;Path=/;HttpOnly;SameSite=None;Secure;Domain=doctrans.northeu.microsofttranslator.com
      strict-transport-security: max-age=31536000; includeSubDomains; preload
      transfer-encoding: chunked
      vary: Accept-Encoding
      x-content-type-options: nosniff
      x-powered-by: ASP.NET
      x-requestid: 730412cd-2b0f-4cdf-8415-702b32edf12b
    status:
      code: 200
      message: OK
    url: https://redacted.cognitiveservices.azure.com/translatortext/batch/v1.0-preview.1/batches/0b29e7a0-312c-45d7-b2f1-a9f7dbd368e6
- request:
    body: null
    headers:
      Accept:
      - application/json
      User-Agent:
      - azsdk-python-ai-translation-document/1.0.0b2 Python/3.9.0 (Windows-10-10.0.19041-SP0)
    method: GET
    uri: https://redacted.cognitiveservices.azure.com/translator/text/batch/v1.0-preview.1/batches/0b29e7a0-312c-45d7-b2f1-a9f7dbd368e6
  response:
    body:
      string: '{"id":"0b29e7a0-312c-45d7-b2f1-a9f7dbd368e6","createdDateTimeUtc":"2021-05-06T20:43:50.8333426Z","lastActionDateTimeUtc":"2021-05-06T20:43:50.8333429Z","status":"NotStarted","summary":{"total":0,"failed":0,"success":0,"inProgress":0,"notYetStarted":0,"cancelled":0,"totalCharacterCharged":0}}'
    headers:
      apim-request-id: 4a52a045-4a98-4978-bcf7-1d8a31dd8f09
      cache-control: public,max-age=1
      content-encoding: gzip
      content-type: application/json; charset=utf-8
      date: Thu, 06 May 2021 20:43:50 GMT
      etag: '"663A1B752A2C25CDEA3A739485F75B46484B875928755801CD4132A11335BCEF"'
      set-cookie: ARRAffinitySameSite=52534756bc24481c0848ee2def3c54a057fd0e51707d9dcf782aa603bbaa9f24;Path=/;HttpOnly;SameSite=None;Secure;Domain=doctrans.northeu.microsofttranslator.com
      strict-transport-security: max-age=31536000; includeSubDomains; preload
      transfer-encoding: chunked
      vary: Accept-Encoding
      x-content-type-options: nosniff
      x-powered-by: ASP.NET
      x-requestid: 4a52a045-4a98-4978-bcf7-1d8a31dd8f09
    status:
      code: 200
      message: OK
    url: https://redacted.cognitiveservices.azure.com/translatortext/batch/v1.0-preview.1/batches/0b29e7a0-312c-45d7-b2f1-a9f7dbd368e6
- request:
    body: null
    headers:
      User-Agent:
      - azsdk-python-ai-translation-document/1.0.0b2 Python/3.9.0 (Windows-10-10.0.19041-SP0)
    method: GET
    uri: https://redacted.cognitiveservices.azure.com/translator/text/batch/v1.0-preview.1/batches/0b29e7a0-312c-45d7-b2f1-a9f7dbd368e6
  response:
    body:
      string: '{"id":"0b29e7a0-312c-45d7-b2f1-a9f7dbd368e6","createdDateTimeUtc":"2021-05-06T20:43:50.8333426Z","lastActionDateTimeUtc":"2021-05-06T20:43:50.8333429Z","status":"NotStarted","summary":{"total":0,"failed":0,"success":0,"inProgress":0,"notYetStarted":0,"cancelled":0,"totalCharacterCharged":0}}'
    headers:
      apim-request-id: decfc78c-1bc3-40ea-b81a-cdbafa7929ac
      cache-control: public,max-age=1
      content-encoding: gzip
      content-type: application/json; charset=utf-8
      date: Thu, 06 May 2021 20:43:51 GMT
      etag: '"663A1B752A2C25CDEA3A739485F75B46484B875928755801CD4132A11335BCEF"'
      set-cookie: ARRAffinitySameSite=b85bad1b8326b1376e60e99b410c1da9c99b2e137606973a71315f97deb3a0ce;Path=/;HttpOnly;SameSite=None;Secure;Domain=doctrans.northeu.microsofttranslator.com
      strict-transport-security: max-age=31536000; includeSubDomains; preload
      transfer-encoding: chunked
      vary: Accept-Encoding
      x-content-type-options: nosniff
      x-powered-by: ASP.NET
      x-requestid: decfc78c-1bc3-40ea-b81a-cdbafa7929ac
    status:
      code: 200
      message: OK
    url: https://redacted.cognitiveservices.azure.com/translatortext/batch/v1.0-preview.1/batches/0b29e7a0-312c-45d7-b2f1-a9f7dbd368e6
- request:
    body: null
    headers:
      User-Agent:
      - azsdk-python-ai-translation-document/1.0.0b2 Python/3.9.0 (Windows-10-10.0.19041-SP0)
    method: GET
    uri: https://redacted.cognitiveservices.azure.com/translator/text/batch/v1.0-preview.1/batches/0b29e7a0-312c-45d7-b2f1-a9f7dbd368e6
  response:
    body:
      string: '{"id":"0b29e7a0-312c-45d7-b2f1-a9f7dbd368e6","createdDateTimeUtc":"2021-05-06T20:43:50.8333426Z","lastActionDateTimeUtc":"2021-05-06T20:43:50.8333429Z","status":"NotStarted","summary":{"total":0,"failed":0,"success":0,"inProgress":0,"notYetStarted":0,"cancelled":0,"totalCharacterCharged":0}}'
    headers:
      apim-request-id: 6eb42019-9e62-4570-bde5-a7d976f233bc
      cache-control: public,max-age=1
      content-encoding: gzip
      content-type: application/json; charset=utf-8
      date: Thu, 06 May 2021 20:43:52 GMT
      etag: '"663A1B752A2C25CDEA3A739485F75B46484B875928755801CD4132A11335BCEF"'
      set-cookie: ARRAffinitySameSite=52534756bc24481c0848ee2def3c54a057fd0e51707d9dcf782aa603bbaa9f24;Path=/;HttpOnly;SameSite=None;Secure;Domain=doctrans.northeu.microsofttranslator.com
      strict-transport-security: max-age=31536000; includeSubDomains; preload
      transfer-encoding: chunked
      vary: Accept-Encoding
      x-content-type-options: nosniff
      x-powered-by: ASP.NET
      x-requestid: 6eb42019-9e62-4570-bde5-a7d976f233bc
    status:
      code: 200
      message: OK
    url: https://redacted.cognitiveservices.azure.com/translatortext/batch/v1.0-preview.1/batches/0b29e7a0-312c-45d7-b2f1-a9f7dbd368e6
- request:
    body: null
    headers:
      User-Agent:
      - azsdk-python-ai-translation-document/1.0.0b2 Python/3.9.0 (Windows-10-10.0.19041-SP0)
    method: GET
    uri: https://redacted.cognitiveservices.azure.com/translator/text/batch/v1.0-preview.1/batches/0b29e7a0-312c-45d7-b2f1-a9f7dbd368e6
  response:
    body:
      string: '{"id":"0b29e7a0-312c-45d7-b2f1-a9f7dbd368e6","createdDateTimeUtc":"2021-05-06T20:43:50.8333426Z","lastActionDateTimeUtc":"2021-05-06T20:43:50.8333429Z","status":"NotStarted","summary":{"total":0,"failed":0,"success":0,"inProgress":0,"notYetStarted":0,"cancelled":0,"totalCharacterCharged":0}}'
    headers:
      apim-request-id: fe74b9ca-3e26-4ceb-988a-3c6fe0c1fabd
      cache-control: public,max-age=1
      content-encoding: gzip
      content-type: application/json; charset=utf-8
      date: Thu, 06 May 2021 20:43:53 GMT
      etag: '"663A1B752A2C25CDEA3A739485F75B46484B875928755801CD4132A11335BCEF"'
      set-cookie: ARRAffinitySameSite=b85bad1b8326b1376e60e99b410c1da9c99b2e137606973a71315f97deb3a0ce;Path=/;HttpOnly;SameSite=None;Secure;Domain=doctrans.northeu.microsofttranslator.com
      strict-transport-security: max-age=31536000; includeSubDomains; preload
      transfer-encoding: chunked
      vary: Accept-Encoding
      x-content-type-options: nosniff
      x-powered-by: ASP.NET
      x-requestid: fe74b9ca-3e26-4ceb-988a-3c6fe0c1fabd
    status:
      code: 200
      message: OK
    url: https://redacted.cognitiveservices.azure.com/translatortext/batch/v1.0-preview.1/batches/0b29e7a0-312c-45d7-b2f1-a9f7dbd368e6
- request:
    body: null
    headers:
      User-Agent:
      - azsdk-python-ai-translation-document/1.0.0b2 Python/3.9.0 (Windows-10-10.0.19041-SP0)
    method: GET
    uri: https://redacted.cognitiveservices.azure.com/translator/text/batch/v1.0-preview.1/batches/0b29e7a0-312c-45d7-b2f1-a9f7dbd368e6
  response:
    body:
      string: '{"id":"0b29e7a0-312c-45d7-b2f1-a9f7dbd368e6","createdDateTimeUtc":"2021-05-06T20:43:50.8333426Z","lastActionDateTimeUtc":"2021-05-06T20:43:50.8333429Z","status":"NotStarted","summary":{"total":0,"failed":0,"success":0,"inProgress":0,"notYetStarted":0,"cancelled":0,"totalCharacterCharged":0}}'
    headers:
      apim-request-id: 5a7c6e13-eb1a-4ce3-923f-c84ebd2c515b
      cache-control: public,max-age=1
      content-encoding: gzip
      content-type: application/json; charset=utf-8
      date: Thu, 06 May 2021 20:43:55 GMT
      etag: '"663A1B752A2C25CDEA3A739485F75B46484B875928755801CD4132A11335BCEF"'
      set-cookie: ARRAffinitySameSite=52534756bc24481c0848ee2def3c54a057fd0e51707d9dcf782aa603bbaa9f24;Path=/;HttpOnly;SameSite=None;Secure;Domain=doctrans.northeu.microsofttranslator.com
      strict-transport-security: max-age=31536000; includeSubDomains; preload
      transfer-encoding: chunked
      vary: Accept-Encoding
      x-content-type-options: nosniff
      x-powered-by: ASP.NET
      x-requestid: 5a7c6e13-eb1a-4ce3-923f-c84ebd2c515b
    status:
      code: 200
      message: OK
    url: https://redacted.cognitiveservices.azure.com/translatortext/batch/v1.0-preview.1/batches/0b29e7a0-312c-45d7-b2f1-a9f7dbd368e6
- request:
    body: null
    headers:
      User-Agent:
      - azsdk-python-ai-translation-document/1.0.0b2 Python/3.9.0 (Windows-10-10.0.19041-SP0)
    method: GET
    uri: https://redacted.cognitiveservices.azure.com/translator/text/batch/v1.0-preview.1/batches/0b29e7a0-312c-45d7-b2f1-a9f7dbd368e6
  response:
    body:
      string: '{"id":"0b29e7a0-312c-45d7-b2f1-a9f7dbd368e6","createdDateTimeUtc":"2021-05-06T20:43:50.8333426Z","lastActionDateTimeUtc":"2021-05-06T20:43:56.7253386Z","status":"NotStarted","summary":{"total":10,"failed":0,"success":0,"inProgress":0,"notYetStarted":10,"cancelled":0,"totalCharacterCharged":0}}'
    headers:
      apim-request-id: 0d156649-88ea-485b-8e55-566c43065ccc
      cache-control: public,max-age=1
      content-encoding: gzip
      content-type: application/json; charset=utf-8
      date: Thu, 06 May 2021 20:43:56 GMT
      etag: '"BC54B406A6BC8D493A000FA4B9C96AA4A952F2F451B0DFED5C12E8C9286BBE89"'
      set-cookie: ARRAffinitySameSite=b85bad1b8326b1376e60e99b410c1da9c99b2e137606973a71315f97deb3a0ce;Path=/;HttpOnly;SameSite=None;Secure;Domain=doctrans.northeu.microsofttranslator.com
      strict-transport-security: max-age=31536000; includeSubDomains; preload
      transfer-encoding: chunked
      vary: Accept-Encoding
      x-content-type-options: nosniff
      x-powered-by: ASP.NET
      x-requestid: 0d156649-88ea-485b-8e55-566c43065ccc
    status:
      code: 200
      message: OK
    url: https://redacted.cognitiveservices.azure.com/translatortext/batch/v1.0-preview.1/batches/0b29e7a0-312c-45d7-b2f1-a9f7dbd368e6
- request:
    body: null
    headers:
      User-Agent:
      - azsdk-python-ai-translation-document/1.0.0b2 Python/3.9.0 (Windows-10-10.0.19041-SP0)
    method: GET
    uri: https://redacted.cognitiveservices.azure.com/translator/text/batch/v1.0-preview.1/batches/0b29e7a0-312c-45d7-b2f1-a9f7dbd368e6
  response:
    body:
      string: '{"id":"0b29e7a0-312c-45d7-b2f1-a9f7dbd368e6","createdDateTimeUtc":"2021-05-06T20:43:50.8333426Z","lastActionDateTimeUtc":"2021-05-06T20:43:56.7253386Z","status":"NotStarted","summary":{"total":10,"failed":0,"success":0,"inProgress":0,"notYetStarted":10,"cancelled":0,"totalCharacterCharged":0}}'
    headers:
      apim-request-id: b651b129-9601-460f-9e30-b9e572e285e7
      cache-control: public,max-age=1
      content-encoding: gzip
      content-type: application/json; charset=utf-8
      date: Thu, 06 May 2021 20:43:57 GMT
      etag: '"BC54B406A6BC8D493A000FA4B9C96AA4A952F2F451B0DFED5C12E8C9286BBE89"'
      set-cookie: ARRAffinitySameSite=52534756bc24481c0848ee2def3c54a057fd0e51707d9dcf782aa603bbaa9f24;Path=/;HttpOnly;SameSite=None;Secure;Domain=doctrans.northeu.microsofttranslator.com
      strict-transport-security: max-age=31536000; includeSubDomains; preload
      transfer-encoding: chunked
      vary: Accept-Encoding
      x-content-type-options: nosniff
      x-powered-by: ASP.NET
      x-requestid: b651b129-9601-460f-9e30-b9e572e285e7
    status:
      code: 200
      message: OK
    url: https://redacted.cognitiveservices.azure.com/translatortext/batch/v1.0-preview.1/batches/0b29e7a0-312c-45d7-b2f1-a9f7dbd368e6
- request:
    body: null
    headers:
      User-Agent:
      - azsdk-python-ai-translation-document/1.0.0b2 Python/3.9.0 (Windows-10-10.0.19041-SP0)
    method: GET
    uri: https://redacted.cognitiveservices.azure.com/translator/text/batch/v1.0-preview.1/batches/0b29e7a0-312c-45d7-b2f1-a9f7dbd368e6
  response:
    body:
      string: '{"id":"0b29e7a0-312c-45d7-b2f1-a9f7dbd368e6","createdDateTimeUtc":"2021-05-06T20:43:50.8333426Z","lastActionDateTimeUtc":"2021-05-06T20:43:56.7253386Z","status":"NotStarted","summary":{"total":10,"failed":0,"success":0,"inProgress":0,"notYetStarted":10,"cancelled":0,"totalCharacterCharged":0}}'
    headers:
      apim-request-id: d9991401-bb80-4cfe-8b1f-36ab614a28c2
      cache-control: public,max-age=1
      content-encoding: gzip
      content-type: application/json; charset=utf-8
      date: Thu, 06 May 2021 20:43:58 GMT
      etag: '"BC54B406A6BC8D493A000FA4B9C96AA4A952F2F451B0DFED5C12E8C9286BBE89"'
      set-cookie: ARRAffinitySameSite=b85bad1b8326b1376e60e99b410c1da9c99b2e137606973a71315f97deb3a0ce;Path=/;HttpOnly;SameSite=None;Secure;Domain=doctrans.northeu.microsofttranslator.com
      strict-transport-security: max-age=31536000; includeSubDomains; preload
      transfer-encoding: chunked
      vary: Accept-Encoding
      x-content-type-options: nosniff
      x-powered-by: ASP.NET
      x-requestid: d9991401-bb80-4cfe-8b1f-36ab614a28c2
    status:
      code: 200
      message: OK
    url: https://redacted.cognitiveservices.azure.com/translatortext/batch/v1.0-preview.1/batches/0b29e7a0-312c-45d7-b2f1-a9f7dbd368e6
- request:
    body: null
    headers:
      User-Agent:
      - azsdk-python-ai-translation-document/1.0.0b2 Python/3.9.0 (Windows-10-10.0.19041-SP0)
    method: GET
    uri: https://redacted.cognitiveservices.azure.com/translator/text/batch/v1.0-preview.1/batches/0b29e7a0-312c-45d7-b2f1-a9f7dbd368e6
  response:
    body:
      string: '{"id":"0b29e7a0-312c-45d7-b2f1-a9f7dbd368e6","createdDateTimeUtc":"2021-05-06T20:43:50.8333426Z","lastActionDateTimeUtc":"2021-05-06T20:43:56.7253386Z","status":"NotStarted","summary":{"total":10,"failed":0,"success":0,"inProgress":0,"notYetStarted":10,"cancelled":0,"totalCharacterCharged":0}}'
    headers:
      apim-request-id: 3ac16f4b-2ecb-40bd-9380-3a4bb5461a12
      cache-control: public,max-age=1
      content-encoding: gzip
      content-type: application/json; charset=utf-8
      date: Thu, 06 May 2021 20:43:59 GMT
      etag: '"BC54B406A6BC8D493A000FA4B9C96AA4A952F2F451B0DFED5C12E8C9286BBE89"'
      set-cookie: ARRAffinitySameSite=52534756bc24481c0848ee2def3c54a057fd0e51707d9dcf782aa603bbaa9f24;Path=/;HttpOnly;SameSite=None;Secure;Domain=doctrans.northeu.microsofttranslator.com
      strict-transport-security: max-age=31536000; includeSubDomains; preload
      transfer-encoding: chunked
      vary: Accept-Encoding
      x-content-type-options: nosniff
      x-powered-by: ASP.NET
      x-requestid: 3ac16f4b-2ecb-40bd-9380-3a4bb5461a12
    status:
      code: 200
      message: OK
    url: https://redacted.cognitiveservices.azure.com/translatortext/batch/v1.0-preview.1/batches/0b29e7a0-312c-45d7-b2f1-a9f7dbd368e6
- request:
    body: null
    headers:
      User-Agent:
      - azsdk-python-ai-translation-document/1.0.0b2 Python/3.9.0 (Windows-10-10.0.19041-SP0)
    method: GET
    uri: https://redacted.cognitiveservices.azure.com/translator/text/batch/v1.0-preview.1/batches/0b29e7a0-312c-45d7-b2f1-a9f7dbd368e6
  response:
    body:
      string: '{"id":"0b29e7a0-312c-45d7-b2f1-a9f7dbd368e6","createdDateTimeUtc":"2021-05-06T20:43:50.8333426Z","lastActionDateTimeUtc":"2021-05-06T20:43:56.7253386Z","status":"NotStarted","summary":{"total":10,"failed":0,"success":0,"inProgress":0,"notYetStarted":10,"cancelled":0,"totalCharacterCharged":0}}'
    headers:
      apim-request-id: 1cfbae91-308d-4717-98c5-dfb96ddc45b6
      cache-control: public,max-age=1
      content-encoding: gzip
      content-type: application/json; charset=utf-8
      date: Thu, 06 May 2021 20:44:00 GMT
      etag: '"BC54B406A6BC8D493A000FA4B9C96AA4A952F2F451B0DFED5C12E8C9286BBE89"'
      set-cookie: ARRAffinitySameSite=b85bad1b8326b1376e60e99b410c1da9c99b2e137606973a71315f97deb3a0ce;Path=/;HttpOnly;SameSite=None;Secure;Domain=doctrans.northeu.microsofttranslator.com
      strict-transport-security: max-age=31536000; includeSubDomains; preload
      transfer-encoding: chunked
      vary: Accept-Encoding
      x-content-type-options: nosniff
      x-powered-by: ASP.NET
      x-requestid: 1cfbae91-308d-4717-98c5-dfb96ddc45b6
    status:
      code: 200
      message: OK
    url: https://redacted.cognitiveservices.azure.com/translatortext/batch/v1.0-preview.1/batches/0b29e7a0-312c-45d7-b2f1-a9f7dbd368e6
- request:
    body: null
    headers:
      User-Agent:
      - azsdk-python-ai-translation-document/1.0.0b2 Python/3.9.0 (Windows-10-10.0.19041-SP0)
    method: GET
    uri: https://redacted.cognitiveservices.azure.com/translator/text/batch/v1.0-preview.1/batches/0b29e7a0-312c-45d7-b2f1-a9f7dbd368e6
  response:
    body:
      string: '{"id":"0b29e7a0-312c-45d7-b2f1-a9f7dbd368e6","createdDateTimeUtc":"2021-05-06T20:43:50.8333426Z","lastActionDateTimeUtc":"2021-05-06T20:44:02.1784694Z","status":"Running","summary":{"total":10,"failed":0,"success":0,"inProgress":4,"notYetStarted":6,"cancelled":0,"totalCharacterCharged":0}}'
    headers:
      apim-request-id: 2039efcf-79ae-4c33-b109-52f5566b14fb
      cache-control: public,max-age=1
      content-encoding: gzip
      content-type: application/json; charset=utf-8
      date: Thu, 06 May 2021 20:44:02 GMT
      etag: '"5B9D9C659ABF43705621D25C2BF3A7830DD3B2EA0DF6906105806BA6BA3AA59B"'
      set-cookie: ARRAffinitySameSite=52534756bc24481c0848ee2def3c54a057fd0e51707d9dcf782aa603bbaa9f24;Path=/;HttpOnly;SameSite=None;Secure;Domain=doctrans.northeu.microsofttranslator.com
      strict-transport-security: max-age=31536000; includeSubDomains; preload
      transfer-encoding: chunked
      vary: Accept-Encoding
      x-content-type-options: nosniff
      x-powered-by: ASP.NET
      x-requestid: 2039efcf-79ae-4c33-b109-52f5566b14fb
    status:
      code: 200
      message: OK
    url: https://redacted.cognitiveservices.azure.com/translatortext/batch/v1.0-preview.1/batches/0b29e7a0-312c-45d7-b2f1-a9f7dbd368e6
- request:
    body: null
    headers:
      User-Agent:
      - azsdk-python-ai-translation-document/1.0.0b2 Python/3.9.0 (Windows-10-10.0.19041-SP0)
    method: GET
    uri: https://redacted.cognitiveservices.azure.com/translator/text/batch/v1.0-preview.1/batches/0b29e7a0-312c-45d7-b2f1-a9f7dbd368e6
  response:
    body:
      string: '{"id":"0b29e7a0-312c-45d7-b2f1-a9f7dbd368e6","createdDateTimeUtc":"2021-05-06T20:43:50.8333426Z","lastActionDateTimeUtc":"2021-05-06T20:44:03.380871Z","status":"Running","summary":{"total":10,"failed":0,"success":0,"inProgress":10,"notYetStarted":0,"cancelled":0,"totalCharacterCharged":0}}'
    headers:
      apim-request-id: 4bb0cb3c-13fc-4112-929e-f8a5fe3d3986
      cache-control: public,max-age=1
      content-encoding: gzip
      content-type: application/json; charset=utf-8
      date: Thu, 06 May 2021 20:44:03 GMT
      etag: '"F976B4784D6095A858CDEDDB2B3097DACBDDBD8019E4E07A955FF943008D8759"'
      set-cookie: ARRAffinitySameSite=b85bad1b8326b1376e60e99b410c1da9c99b2e137606973a71315f97deb3a0ce;Path=/;HttpOnly;SameSite=None;Secure;Domain=doctrans.northeu.microsofttranslator.com
      strict-transport-security: max-age=31536000; includeSubDomains; preload
      transfer-encoding: chunked
      vary: Accept-Encoding
      x-content-type-options: nosniff
      x-powered-by: ASP.NET
      x-requestid: 4bb0cb3c-13fc-4112-929e-f8a5fe3d3986
    status:
      code: 200
      message: OK
    url: https://redacted.cognitiveservices.azure.com/translatortext/batch/v1.0-preview.1/batches/0b29e7a0-312c-45d7-b2f1-a9f7dbd368e6
- request:
    body: null
    headers:
      User-Agent:
      - azsdk-python-ai-translation-document/1.0.0b2 Python/3.9.0 (Windows-10-10.0.19041-SP0)
    method: GET
    uri: https://redacted.cognitiveservices.azure.com/translator/text/batch/v1.0-preview.1/batches/0b29e7a0-312c-45d7-b2f1-a9f7dbd368e6
  response:
    body:
      string: '{"id":"0b29e7a0-312c-45d7-b2f1-a9f7dbd368e6","createdDateTimeUtc":"2021-05-06T20:43:50.8333426Z","lastActionDateTimeUtc":"2021-05-06T20:44:03.380871Z","status":"Running","summary":{"total":10,"failed":0,"success":0,"inProgress":10,"notYetStarted":0,"cancelled":0,"totalCharacterCharged":0}}'
    headers:
      apim-request-id: 072c3db3-3683-4195-957b-53570f6c1fd3
      cache-control: public,max-age=1
      content-encoding: gzip
      content-type: application/json; charset=utf-8
      date: Thu, 06 May 2021 20:44:04 GMT
      etag: '"F976B4784D6095A858CDEDDB2B3097DACBDDBD8019E4E07A955FF943008D8759"'
      set-cookie: ARRAffinitySameSite=52534756bc24481c0848ee2def3c54a057fd0e51707d9dcf782aa603bbaa9f24;Path=/;HttpOnly;SameSite=None;Secure;Domain=doctrans.northeu.microsofttranslator.com
      strict-transport-security: max-age=31536000; includeSubDomains; preload
      transfer-encoding: chunked
      vary: Accept-Encoding
      x-content-type-options: nosniff
      x-powered-by: ASP.NET
      x-requestid: 072c3db3-3683-4195-957b-53570f6c1fd3
    status:
      code: 200
      message: OK
    url: https://redacted.cognitiveservices.azure.com/translatortext/batch/v1.0-preview.1/batches/0b29e7a0-312c-45d7-b2f1-a9f7dbd368e6
- request:
    body: null
    headers:
      User-Agent:
      - azsdk-python-ai-translation-document/1.0.0b2 Python/3.9.0 (Windows-10-10.0.19041-SP0)
    method: GET
    uri: https://redacted.cognitiveservices.azure.com/translator/text/batch/v1.0-preview.1/batches/0b29e7a0-312c-45d7-b2f1-a9f7dbd368e6
  response:
    body:
      string: '{"id":"0b29e7a0-312c-45d7-b2f1-a9f7dbd368e6","createdDateTimeUtc":"2021-05-06T20:43:50.8333426Z","lastActionDateTimeUtc":"2021-05-06T20:44:03.380871Z","status":"Running","summary":{"total":10,"failed":0,"success":7,"inProgress":3,"notYetStarted":0,"cancelled":0,"totalCharacterCharged":189}}'
    headers:
      apim-request-id: bb10d125-a346-407b-9a82-50293d879121
      cache-control: public,max-age=1
      content-encoding: gzip
      content-type: application/json; charset=utf-8
      date: Thu, 06 May 2021 20:44:05 GMT
      etag: '"6B028AE7AA905EA205B692FB178AA64CC15A897958AACD5253FE42AA968501FB"'
      set-cookie: ARRAffinitySameSite=b85bad1b8326b1376e60e99b410c1da9c99b2e137606973a71315f97deb3a0ce;Path=/;HttpOnly;SameSite=None;Secure;Domain=doctrans.northeu.microsofttranslator.com
      strict-transport-security: max-age=31536000; includeSubDomains; preload
      transfer-encoding: chunked
      vary: Accept-Encoding
      x-content-type-options: nosniff
      x-powered-by: ASP.NET
      x-requestid: bb10d125-a346-407b-9a82-50293d879121
    status:
      code: 200
      message: OK
    url: https://redacted.cognitiveservices.azure.com/translatortext/batch/v1.0-preview.1/batches/0b29e7a0-312c-45d7-b2f1-a9f7dbd368e6
- request:
    body: null
    headers:
      User-Agent:
      - azsdk-python-ai-translation-document/1.0.0b2 Python/3.9.0 (Windows-10-10.0.19041-SP0)
    method: GET
    uri: https://redacted.cognitiveservices.azure.com/translator/text/batch/v1.0-preview.1/batches/0b29e7a0-312c-45d7-b2f1-a9f7dbd368e6
  response:
    body:
      string: '{"id":"0b29e7a0-312c-45d7-b2f1-a9f7dbd368e6","createdDateTimeUtc":"2021-05-06T20:43:50.8333426Z","lastActionDateTimeUtc":"2021-05-06T20:44:03.380871Z","status":"Succeeded","summary":{"total":10,"failed":0,"success":10,"inProgress":0,"notYetStarted":0,"cancelled":0,"totalCharacterCharged":270}}'
    headers:
      apim-request-id: 83389373-a75d-4646-82d9-96302c73eb3b
      cache-control: public,max-age=1
      content-encoding: gzip
      content-type: application/json; charset=utf-8
      date: Thu, 06 May 2021 20:44:06 GMT
      etag: '"9114264A367EDD2D8BE1BAE15CB0942B035B35FBA81041EEEA9CCF433039B24E"'
      set-cookie: ARRAffinitySameSite=52534756bc24481c0848ee2def3c54a057fd0e51707d9dcf782aa603bbaa9f24;Path=/;HttpOnly;SameSite=None;Secure;Domain=doctrans.northeu.microsofttranslator.com
      strict-transport-security: max-age=31536000; includeSubDomains; preload
      transfer-encoding: chunked
      vary: Accept-Encoding
      x-content-type-options: nosniff
      x-powered-by: ASP.NET
      x-requestid: 83389373-a75d-4646-82d9-96302c73eb3b
    status:
      code: 200
      message: OK
    url: https://redacted.cognitiveservices.azure.com/translatortext/batch/v1.0-preview.1/batches/0b29e7a0-312c-45d7-b2f1-a9f7dbd368e6
- request:
    body: null
    headers:
      Accept:
      - application/json
      User-Agent:
      - azsdk-python-ai-translation-document/1.0.0b2 Python/3.9.0 (Windows-10-10.0.19041-SP0)
    method: GET
    uri: https://redacted.cognitiveservices.azure.com/translator/text/batch/v1.0-preview.1/batches/0b29e7a0-312c-45d7-b2f1-a9f7dbd368e6/documents?$skip=0&statuses=NotStarted
  response:
    body:
      string: '{"value":[]}'
    headers:
      apim-request-id: 9e3bb037-97f2-416f-b773-1be7b60fc336
      cache-control: public,max-age=1
      content-encoding: gzip
      content-type: application/json; charset=utf-8
      date: Thu, 06 May 2021 20:44:06 GMT
      etag: '"0A09611134E48FCF8D923CD6D4A780BCDF19A383D214FD3C5BF5CCBF44B628B5"'
      set-cookie: ARRAffinitySameSite=b85bad1b8326b1376e60e99b410c1da9c99b2e137606973a71315f97deb3a0ce;Path=/;HttpOnly;SameSite=None;Secure;Domain=doctrans.northeu.microsofttranslator.com
      strict-transport-security: max-age=31536000; includeSubDomains; preload
      transfer-encoding: chunked
      vary: Accept-Encoding
      x-content-type-options: nosniff
      x-powered-by: ASP.NET
      x-requestid: 9e3bb037-97f2-416f-b773-1be7b60fc336
    status:
      code: 200
      message: OK
    url: https://redacted.cognitiveservices.azure.com/translatortext/batch/v1.0-preview.1/batches/0b29e7a0-312c-45d7-b2f1-a9f7dbd368e6/documents?$skip=0&statuses=NotStarted
- request:
    body: null
    headers:
      Accept:
      - application/json
      User-Agent:
      - azsdk-python-ai-translation-document/1.0.0b2 Python/3.9.0 (Windows-10-10.0.19041-SP0)
    method: GET
    uri: https://redacted.cognitiveservices.azure.com/translator/text/batch/v1.0-preview.1/batches/0b29e7a0-312c-45d7-b2f1-a9f7dbd368e6/documents?$skip=0&statuses=Succeeded
  response:
    body:
      string: '{"value":[{"path":"https://redacted.blob.core.windows.net/target1b7a587e-685c-459a-93ab-147c84a82fbd/f0a6b9d3-9f24-4117-bcea-289457c3d86a.txt","sourcePath":"https://redacted.blob.core.windows.net/src2db487a2-5bdf-4ab4-b562-969a51f7a4ab/f0a6b9d3-9f24-4117-bcea-289457c3d86a.txt","createdDateTimeUtc":"2021-05-06T20:44:02.7709835Z","lastActionDateTimeUtc":"2021-05-06T20:44:06.7873252Z","status":"Succeeded","to":"es","progress":1,"id":"00002b1a-0000-0000-0000-000000000000","characterCharged":27},{"path":"https://redacted.blob.core.windows.net/target1b7a587e-685c-459a-93ab-147c84a82fbd/ec87b114-cfef-40fa-8d4a-54aca6570529.txt","sourcePath":"https://redacted.blob.core.windows.net/src2db487a2-5bdf-4ab4-b562-969a51f7a4ab/ec87b114-cfef-40fa-8d4a-54aca6570529.txt","createdDateTimeUtc":"2021-05-06T20:44:02.7411116Z","lastActionDateTimeUtc":"2021-05-06T20:44:06.7937755Z","status":"Succeeded","to":"es","progress":1,"id":"00002b19-0000-0000-0000-000000000000","characterCharged":27},{"path":"https://redacted.blob.core.windows.net/target1b7a587e-685c-459a-93ab-147c84a82fbd/e97e82dc-83b9-41e5-bf6d-d183a2434579.txt","sourcePath":"https://redacted.blob.core.windows.net/src2db487a2-5bdf-4ab4-b562-969a51f7a4ab/e97e82dc-83b9-41e5-bf6d-d183a2434579.txt","createdDateTimeUtc":"2021-05-06T20:44:02.2239594Z","lastActionDateTimeUtc":"2021-05-06T20:44:05.9922072Z","status":"Succeeded","to":"es","progress":1,"id":"00002b18-0000-0000-0000-000000000000","characterCharged":27},{"path":"https://redacted.blob.core.windows.net/target1b7a587e-685c-459a-93ab-147c84a82fbd/e205597c-cd63-4749-8b99-d9f1c5873e69.txt","sourcePath":"https://redacted.blob.core.windows.net/src2db487a2-5bdf-4ab4-b562-969a51f7a4ab/e205597c-cd63-4749-8b99-d9f1c5873e69.txt","createdDateTimeUtc":"2021-05-06T20:44:02.2070889Z","lastActionDateTimeUtc":"2021-05-06T20:44:06.7920708Z","status":"Succeeded","to":"es","progress":1,"id":"00002b17-0000-0000-0000-000000000000","characterCharged":27},{"path":"https://redacted.blob.core.windows.net/target1b7a587e-685c-459a-93ab-147c84a82fbd/d725216c-f10f-4ee5-ad08-31ac7fb73f5f.txt","sourcePath":"https://redacted.blob.core.windows.net/src2db487a2-5bdf-4ab4-b562-969a51f7a4ab/d725216c-f10f-4ee5-ad08-31ac7fb73f5f.txt","createdDateTimeUtc":"2021-05-06T20:44:02.1955348Z","lastActionDateTimeUtc":"2021-05-06T20:44:05.9589601Z","status":"Succeeded","to":"es","progress":1,"id":"00002b16-0000-0000-0000-000000000000","characterCharged":27},{"path":"https://redacted.blob.core.windows.net/target1b7a587e-685c-459a-93ab-147c84a82fbd/ce9eb4c6-7d08-44fe-86b8-b23acfe11669.txt","sourcePath":"https://redacted.blob.core.windows.net/src2db487a2-5bdf-4ab4-b562-969a51f7a4ab/ce9eb4c6-7d08-44fe-86b8-b23acfe11669.txt","createdDateTimeUtc":"2021-05-06T20:44:02.1798431Z","lastActionDateTimeUtc":"2021-05-06T20:44:05.9579856Z","status":"Succeeded","to":"es","progress":1,"id":"00002b15-0000-0000-0000-000000000000","characterCharged":27},{"path":"https://redacted.blob.core.windows.net/target1b7a587e-685c-459a-93ab-147c84a82fbd/2c0876ac-3309-46bb-8153-e470c3956968.txt","sourcePath":"https://redacted.blob.core.windows.net/src2db487a2-5bdf-4ab4-b562-969a51f7a4ab/2c0876ac-3309-46bb-8153-e470c3956968.txt","createdDateTimeUtc":"2021-05-06T20:44:01.6549347Z","lastActionDateTimeUtc":"2021-05-06T20:44:05.1456843Z","status":"Succeeded","to":"es","progress":1,"id":"00002b11-0000-0000-0000-000000000000","characterCharged":27},{"path":"https://redacted.blob.core.windows.net/target1b7a587e-685c-459a-93ab-147c84a82fbd/4136a4fa-0ec0-4668-880e-7e4b9e3ee6d9.txt","sourcePath":"https://redacted.blob.core.windows.net/src2db487a2-5bdf-4ab4-b562-969a51f7a4ab/4136a4fa-0ec0-4668-880e-7e4b9e3ee6d9.txt","createdDateTimeUtc":"2021-05-06T20:44:01.6401631Z","lastActionDateTimeUtc":"2021-05-06T20:44:05.1479027Z","status":"Succeeded","to":"es","progress":1,"id":"00002b12-0000-0000-0000-000000000000","characterCharged":27},{"path":"https://redacted.blob.core.windows.net/target1b7a587e-685c-459a-93ab-147c84a82fbd/a5ef03bc-a5b1-454c-bcbd-e7eeac8b2d54.txt","sourcePath":"https://redacted.blob.core.windows.net/src2db487a2-5bdf-4ab4-b562-969a51f7a4ab/a5ef03bc-a5b1-454c-bcbd-e7eeac8b2d54.txt","createdDateTimeUtc":"2021-05-06T20:44:01.6156366Z","lastActionDateTimeUtc":"2021-05-06T20:44:05.1359184Z","status":"Succeeded","to":"es","progress":1,"id":"00002b14-0000-0000-0000-000000000000","characterCharged":27},{"path":"https://redacted.blob.core.windows.net/target1b7a587e-685c-459a-93ab-147c84a82fbd/810a6af2-fa80-464a-8888-0225a47724f7.txt","sourcePath":"https://redacted.blob.core.windows.net/src2db487a2-5bdf-4ab4-b562-969a51f7a4ab/810a6af2-fa80-464a-8888-0225a47724f7.txt","createdDateTimeUtc":"2021-05-06T20:44:01.608318Z","lastActionDateTimeUtc":"2021-05-06T20:44:05.7519036Z","status":"Succeeded","to":"es","progress":1,"id":"00002b13-0000-0000-0000-000000000000","characterCharged":27}]}'
    headers:
      apim-request-id: bdab10cb-97c6-4251-b805-faffa409c724
      cache-control: public,max-age=1
      content-encoding: gzip
      content-type: application/json; charset=utf-8
      date: Thu, 06 May 2021 20:44:06 GMT
      etag: '"F7B68D0F7FD9E5884AED41FF43845B47F37E62444AF9D5C326BC937EEF80C7F7"'
      set-cookie: ARRAffinitySameSite=52534756bc24481c0848ee2def3c54a057fd0e51707d9dcf782aa603bbaa9f24;Path=/;HttpOnly;SameSite=None;Secure;Domain=doctrans.northeu.microsofttranslator.com
      strict-transport-security: max-age=31536000; includeSubDomains; preload
      transfer-encoding: chunked
      vary: Accept-Encoding
      x-content-type-options: nosniff
      x-powered-by: ASP.NET
      x-requestid: bdab10cb-97c6-4251-b805-faffa409c724
    status:
      code: 200
      message: OK
    url: https://redacted.cognitiveservices.azure.com/translatortext/batch/v1.0-preview.1/batches/0b29e7a0-312c-45d7-b2f1-a9f7dbd368e6/documents?$skip=0&statuses=Succeeded
- request:
    body: null
    headers:
      Accept:
      - application/json
      User-Agent:
      - azsdk-python-ai-translation-document/1.0.0b2 Python/3.9.0 (Windows-10-10.0.19041-SP0)
    method: GET
    uri: https://redacted.cognitiveservices.azure.com/translator/text/batch/v1.0-preview.1/batches/0b29e7a0-312c-45d7-b2f1-a9f7dbd368e6/documents?$skip=0&statuses=Failed
  response:
    body:
      string: '{"value":[]}'
    headers:
      apim-request-id: 3b4f8486-094b-488b-8786-60d2f9d9740d
      cache-control: public,max-age=1
      content-encoding: gzip
      content-type: application/json; charset=utf-8
      date: Thu, 06 May 2021 20:44:07 GMT
      etag: '"0A09611134E48FCF8D923CD6D4A780BCDF19A383D214FD3C5BF5CCBF44B628B5"'
      set-cookie: ARRAffinitySameSite=b85bad1b8326b1376e60e99b410c1da9c99b2e137606973a71315f97deb3a0ce;Path=/;HttpOnly;SameSite=None;Secure;Domain=doctrans.northeu.microsofttranslator.com
      strict-transport-security: max-age=31536000; includeSubDomains; preload
      transfer-encoding: chunked
      vary: Accept-Encoding
      x-content-type-options: nosniff
      x-powered-by: ASP.NET
      x-requestid: 3b4f8486-094b-488b-8786-60d2f9d9740d
    status:
      code: 200
      message: OK
    url: https://redacted.cognitiveservices.azure.com/translatortext/batch/v1.0-preview.1/batches/0b29e7a0-312c-45d7-b2f1-a9f7dbd368e6/documents?$skip=0&statuses=Failed
version: 1
