{
  "Entries": [
    {
      "RequestUri": "https://fakeendpoint.blob.core.windows.net/src615b2651-dec3-49ad-acce-5bada51ed688?restype=container",
      "RequestMethod": "PUT",
      "RequestHeaders": {
        "Accept": "application/xml",
        "Accept-Encoding": "gzip, deflate",
        "Connection": "keep-alive",
        "Content-Length": "0",
        "User-Agent": "azsdk-python-storage-blob/12.12.1 Python/3.9.0 (Windows-10-10.0.22000-SP0)",
        "x-ms-date": "Wed, 01 Jun 2022 20:49:39 GMT",
        "x-ms-version": "2021-06-08"
      },
      "RequestBody": null,
      "StatusCode": 201,
      "ResponseHeaders": {
        "Content-Length": "0",
        "Date": "Wed, 01 Jun 2022 20:49:39 GMT",
        "ETag": "\u00220x8DA44103F3B728C\u0022",
        "Last-Modified": "Wed, 01 Jun 2022 20:49:39 GMT",
        "Server": [
          "Windows-Azure-Blob/1.0",
          "Microsoft-HTTPAPI/2.0"
        ],
        "x-ms-version": "2021-06-08"
      },
      "ResponseBody": null
    },
    {
      "RequestUri": "https://fakeendpoint.blob.core.windows.net/src615b2651-dec3-49ad-acce-5bada51ed688/2ed412a7-cba1-4c98-a31c-3d50f4d3a40c.txt",
      "RequestMethod": "PUT",
      "RequestHeaders": {
        "Accept": "application/xml",
        "Accept-Encoding": "gzip, deflate",
        "Connection": "keep-alive",
        "Content-Length": "27",
        "Content-Type": "application/octet-stream",
        "If-None-Match": "*",
        "User-Agent": "azsdk-python-storage-blob/12.12.1 Python/3.9.0 (Windows-10-10.0.22000-SP0)",
        "x-ms-blob-type": "BlockBlob",
        "x-ms-date": "Wed, 01 Jun 2022 20:49:39 GMT",
        "x-ms-version": "2021-06-08"
      },
      "RequestBody": "VGhpcyBpcyB3cml0dGVuIGluIGVuZ2xpc2gu",
      "StatusCode": 201,
      "ResponseHeaders": {
        "Content-Length": "0",
        "Content-MD5": "mYgA0QpY6baiB\u002BxZp8Hk\u002BA==",
        "Date": "Wed, 01 Jun 2022 20:49:39 GMT",
        "ETag": "\u00220x8DA44103F45DFF6\u0022",
        "Last-Modified": "Wed, 01 Jun 2022 20:49:39 GMT",
        "Server": [
          "Windows-Azure-Blob/1.0",
          "Microsoft-HTTPAPI/2.0"
        ],
        "x-ms-content-crc64": "NB4xBtawP6g=",
        "x-ms-request-server-encrypted": "true",
        "x-ms-version": "2021-06-08"
      },
      "ResponseBody": null
    },
    {
      "RequestUri": "https://fakeendpoint.blob.core.windows.net/src615b2651-dec3-49ad-acce-5bada51ed688/712afe1b-5937-4fa8-ba4b-b4edde4d5b7f.txt",
      "RequestMethod": "PUT",
      "RequestHeaders": {
        "Accept": "application/xml",
        "Accept-Encoding": "gzip, deflate",
        "Connection": "keep-alive",
        "Content-Length": "27",
        "Content-Type": "application/octet-stream",
        "If-None-Match": "*",
        "User-Agent": "azsdk-python-storage-blob/12.12.1 Python/3.9.0 (Windows-10-10.0.22000-SP0)",
        "x-ms-blob-type": "BlockBlob",
        "x-ms-date": "Wed, 01 Jun 2022 20:49:39 GMT",
        "x-ms-version": "2021-06-08"
      },
      "RequestBody": "VGhpcyBpcyB3cml0dGVuIGluIGVuZ2xpc2gu",
      "StatusCode": 201,
      "ResponseHeaders": {
        "Content-Length": "0",
        "Content-MD5": "mYgA0QpY6baiB\u002BxZp8Hk\u002BA==",
        "Date": "Wed, 01 Jun 2022 20:49:39 GMT",
        "ETag": "\u00220x8DA44103F4CBCCD\u0022",
        "Last-Modified": "Wed, 01 Jun 2022 20:49:39 GMT",
        "Server": [
          "Windows-Azure-Blob/1.0",
          "Microsoft-HTTPAPI/2.0"
        ],
        "x-ms-content-crc64": "NB4xBtawP6g=",
        "x-ms-request-server-encrypted": "true",
        "x-ms-version": "2021-06-08"
      },
      "ResponseBody": null
    },
    {
      "RequestUri": "https://fakeendpoint.blob.core.windows.net/src615b2651-dec3-49ad-acce-5bada51ed688/bc55e10d-d87b-4b6b-9f74-44f1443d6568.txt",
      "RequestMethod": "PUT",
      "RequestHeaders": {
        "Accept": "application/xml",
        "Accept-Encoding": "gzip, deflate",
        "Connection": "keep-alive",
        "Content-Length": "27",
        "Content-Type": "application/octet-stream",
        "If-None-Match": "*",
        "User-Agent": "azsdk-python-storage-blob/12.12.1 Python/3.9.0 (Windows-10-10.0.22000-SP0)",
        "x-ms-blob-type": "BlockBlob",
        "x-ms-date": "Wed, 01 Jun 2022 20:49:39 GMT",
        "x-ms-version": "2021-06-08"
      },
      "RequestBody": "VGhpcyBpcyB3cml0dGVuIGluIGVuZ2xpc2gu",
      "StatusCode": 201,
      "ResponseHeaders": {
        "Content-Length": "0",
        "Content-MD5": "mYgA0QpY6baiB\u002BxZp8Hk\u002BA==",
        "Date": "Wed, 01 Jun 2022 20:49:39 GMT",
        "ETag": "\u00220x8DA44103F540EBE\u0022",
        "Last-Modified": "Wed, 01 Jun 2022 20:49:39 GMT",
        "Server": [
          "Windows-Azure-Blob/1.0",
          "Microsoft-HTTPAPI/2.0"
        ],
        "x-ms-content-crc64": "NB4xBtawP6g=",
        "x-ms-request-server-encrypted": "true",
        "x-ms-version": "2021-06-08"
      },
      "ResponseBody": null
    },
    {
      "RequestUri": "https://fakeendpoint.blob.core.windows.net/src615b2651-dec3-49ad-acce-5bada51ed688/1e165141-4aaa-40e9-919a-214c59a54f0c.txt",
      "RequestMethod": "PUT",
      "RequestHeaders": {
        "Accept": "application/xml",
        "Accept-Encoding": "gzip, deflate",
        "Connection": "keep-alive",
        "Content-Length": "27",
        "Content-Type": "application/octet-stream",
        "If-None-Match": "*",
        "User-Agent": "azsdk-python-storage-blob/12.12.1 Python/3.9.0 (Windows-10-10.0.22000-SP0)",
        "x-ms-blob-type": "BlockBlob",
        "x-ms-date": "Wed, 01 Jun 2022 20:49:39 GMT",
        "x-ms-version": "2021-06-08"
      },
      "RequestBody": "VGhpcyBpcyB3cml0dGVuIGluIGVuZ2xpc2gu",
      "StatusCode": 201,
      "ResponseHeaders": {
        "Content-Length": "0",
        "Content-MD5": "mYgA0QpY6baiB\u002BxZp8Hk\u002BA==",
        "Date": "Wed, 01 Jun 2022 20:49:39 GMT",
        "ETag": "\u00220x8DA44103F5A766C\u0022",
        "Last-Modified": "Wed, 01 Jun 2022 20:49:39 GMT",
        "Server": [
          "Windows-Azure-Blob/1.0",
          "Microsoft-HTTPAPI/2.0"
        ],
        "x-ms-content-crc64": "NB4xBtawP6g=",
        "x-ms-request-server-encrypted": "true",
        "x-ms-version": "2021-06-08"
      },
      "ResponseBody": null
    },
    {
      "RequestUri": "https://fakeendpoint.blob.core.windows.net/src615b2651-dec3-49ad-acce-5bada51ed688/dba1c1c4-2cfc-4c4d-9de9-11ad3a79984c.txt",
      "RequestMethod": "PUT",
      "RequestHeaders": {
        "Accept": "application/xml",
        "Accept-Encoding": "gzip, deflate",
        "Connection": "keep-alive",
        "Content-Length": "27",
        "Content-Type": "application/octet-stream",
        "If-None-Match": "*",
        "User-Agent": "azsdk-python-storage-blob/12.12.1 Python/3.9.0 (Windows-10-10.0.22000-SP0)",
        "x-ms-blob-type": "BlockBlob",
        "x-ms-date": "Wed, 01 Jun 2022 20:49:40 GMT",
        "x-ms-version": "2021-06-08"
      },
      "RequestBody": "VGhpcyBpcyB3cml0dGVuIGluIGVuZ2xpc2gu",
      "StatusCode": 201,
      "ResponseHeaders": {
        "Content-Length": "0",
        "Content-MD5": "mYgA0QpY6baiB\u002BxZp8Hk\u002BA==",
        "Date": "Wed, 01 Jun 2022 20:49:39 GMT",
        "ETag": "\u00220x8DA44103F617A4C\u0022",
        "Last-Modified": "Wed, 01 Jun 2022 20:49:39 GMT",
        "Server": [
          "Windows-Azure-Blob/1.0",
          "Microsoft-HTTPAPI/2.0"
        ],
        "x-ms-content-crc64": "NB4xBtawP6g=",
        "x-ms-request-server-encrypted": "true",
        "x-ms-version": "2021-06-08"
      },
      "ResponseBody": null
    },
    {
      "RequestUri": "https://fakeendpoint.blob.core.windows.net/src615b2651-dec3-49ad-acce-5bada51ed688/0d2f841d-ea5d-45ef-956e-db2ec32a1d91.txt",
      "RequestMethod": "PUT",
      "RequestHeaders": {
        "Accept": "application/xml",
        "Accept-Encoding": "gzip, deflate",
        "Connection": "keep-alive",
        "Content-Length": "27",
        "Content-Type": "application/octet-stream",
        "If-None-Match": "*",
        "User-Agent": "azsdk-python-storage-blob/12.12.1 Python/3.9.0 (Windows-10-10.0.22000-SP0)",
        "x-ms-blob-type": "BlockBlob",
        "x-ms-date": "Wed, 01 Jun 2022 20:49:40 GMT",
        "x-ms-version": "2021-06-08"
      },
      "RequestBody": "VGhpcyBpcyB3cml0dGVuIGluIGVuZ2xpc2gu",
      "StatusCode": 201,
      "ResponseHeaders": {
        "Content-Length": "0",
        "Content-MD5": "mYgA0QpY6baiB\u002BxZp8Hk\u002BA==",
        "Date": "Wed, 01 Jun 2022 20:49:39 GMT",
        "ETag": "\u00220x8DA44103F6A2B97\u0022",
        "Last-Modified": "Wed, 01 Jun 2022 20:49:40 GMT",
        "Server": [
          "Windows-Azure-Blob/1.0",
          "Microsoft-HTTPAPI/2.0"
        ],
        "x-ms-content-crc64": "NB4xBtawP6g=",
        "x-ms-request-server-encrypted": "true",
        "x-ms-version": "2021-06-08"
      },
      "ResponseBody": null
    },
    {
      "RequestUri": "https://fakeendpoint.blob.core.windows.net/src615b2651-dec3-49ad-acce-5bada51ed688/1f17bfbc-f256-4190-81a6-0b34e08881dc.txt",
      "RequestMethod": "PUT",
      "RequestHeaders": {
        "Accept": "application/xml",
        "Accept-Encoding": "gzip, deflate",
        "Connection": "keep-alive",
        "Content-Length": "27",
        "Content-Type": "application/octet-stream",
        "If-None-Match": "*",
        "User-Agent": "azsdk-python-storage-blob/12.12.1 Python/3.9.0 (Windows-10-10.0.22000-SP0)",
        "x-ms-blob-type": "BlockBlob",
        "x-ms-date": "Wed, 01 Jun 2022 20:49:40 GMT",
        "x-ms-version": "2021-06-08"
      },
      "RequestBody": "VGhpcyBpcyB3cml0dGVuIGluIGVuZ2xpc2gu",
      "StatusCode": 201,
      "ResponseHeaders": {
        "Content-Length": "0",
        "Content-MD5": "mYgA0QpY6baiB\u002BxZp8Hk\u002BA==",
        "Date": "Wed, 01 Jun 2022 20:49:39 GMT",
        "ETag": "\u00220x8DA44103F70934E\u0022",
        "Last-Modified": "Wed, 01 Jun 2022 20:49:40 GMT",
        "Server": [
          "Windows-Azure-Blob/1.0",
          "Microsoft-HTTPAPI/2.0"
        ],
        "x-ms-content-crc64": "NB4xBtawP6g=",
        "x-ms-request-server-encrypted": "true",
        "x-ms-version": "2021-06-08"
      },
      "ResponseBody": null
    },
    {
      "RequestUri": "https://fakeendpoint.blob.core.windows.net/src615b2651-dec3-49ad-acce-5bada51ed688/8f3b5869-54e4-4ae9-af11-b15ced7e5779.txt",
      "RequestMethod": "PUT",
      "RequestHeaders": {
        "Accept": "application/xml",
        "Accept-Encoding": "gzip, deflate",
        "Connection": "keep-alive",
        "Content-Length": "27",
        "Content-Type": "application/octet-stream",
        "If-None-Match": "*",
        "User-Agent": "azsdk-python-storage-blob/12.12.1 Python/3.9.0 (Windows-10-10.0.22000-SP0)",
        "x-ms-blob-type": "BlockBlob",
        "x-ms-date": "Wed, 01 Jun 2022 20:49:40 GMT",
        "x-ms-version": "2021-06-08"
      },
      "RequestBody": "VGhpcyBpcyB3cml0dGVuIGluIGVuZ2xpc2gu",
      "StatusCode": 201,
      "ResponseHeaders": {
        "Content-Length": "0",
        "Content-MD5": "mYgA0QpY6baiB\u002BxZp8Hk\u002BA==",
        "Date": "Wed, 01 Jun 2022 20:49:39 GMT",
        "ETag": "\u00220x8DA44103F77BE3C\u0022",
        "Last-Modified": "Wed, 01 Jun 2022 20:49:40 GMT",
        "Server": [
          "Windows-Azure-Blob/1.0",
          "Microsoft-HTTPAPI/2.0"
        ],
        "x-ms-content-crc64": "NB4xBtawP6g=",
        "x-ms-request-server-encrypted": "true",
        "x-ms-version": "2021-06-08"
      },
      "ResponseBody": null
    },
    {
      "RequestUri": "https://fakeendpoint.blob.core.windows.net/target38bf1684-3c91-45cc-8702-be4eeb1e1034?restype=container",
      "RequestMethod": "PUT",
      "RequestHeaders": {
        "Accept": "application/xml",
        "Accept-Encoding": "gzip, deflate",
        "Connection": "keep-alive",
        "Content-Length": "0",
        "User-Agent": "azsdk-python-storage-blob/12.12.1 Python/3.9.0 (Windows-10-10.0.22000-SP0)",
        "x-ms-date": "Wed, 01 Jun 2022 20:49:40 GMT",
        "x-ms-version": "2021-06-08"
      },
      "RequestBody": null,
      "StatusCode": 201,
      "ResponseHeaders": {
        "Content-Length": "0",
        "Date": "Wed, 01 Jun 2022 20:49:39 GMT",
        "ETag": "\u00220x8DA44103F9015BE\u0022",
        "Last-Modified": "Wed, 01 Jun 2022 20:49:40 GMT",
        "Server": [
          "Windows-Azure-Blob/1.0",
          "Microsoft-HTTPAPI/2.0"
        ],
        "x-ms-version": "2021-06-08"
      },
      "ResponseBody": null
    },
    {
      "RequestUri": "https://fakeendpoint.cognitiveservices.azure.com/translator/text/batch/v1.0/batches",
      "RequestMethod": "POST",
      "RequestHeaders": {
        "Accept": "application/json",
        "Accept-Encoding": "gzip, deflate",
        "Connection": "keep-alive",
        "Content-Length": "380",
        "Content-Type": "application/json",
        "User-Agent": "azsdk-python-ai-translation-document/1.0.0 Python/3.9.0 (Windows-10-10.0.22000-SP0)"
      },
      "RequestBody": {
        "inputs": [
          {
            "source": {
              "sourceUrl": "https://fakeendpoint.blob.core.windows.net/src615b2651-dec3-49ad-acce-5bada51ed688?se=end\u0026sp=rl\u0026sv=2021-06-08\u0026sr=c\u0026sig=fake_token_value",
              "filter": {}
            },
            "targets": [
              {
                "targetUrl": "https://fakeendpoint.blob.core.windows.net/target38bf1684-3c91-45cc-8702-be4eeb1e1034?se=end\u0026sp=wl\u0026sv=2021-06-08\u0026sr=c\u0026sig=fake_token_value",
                "language": "es"
              }
            ]
          }
        ]
      },
      "StatusCode": 202,
      "ResponseHeaders": {
        "apim-request-id": "3faf1af2-f62f-44c6-a2db-1367b0651eed",
        "Content-Length": "0",
        "Date": "Wed, 01 Jun 2022 20:49:40 GMT",
        "Operation-Location": "https://fakeendpoint.cognitiveservices.azure.com/translator/text/batch/v1.0/batches/05da605c-36b3-4dbd-990a-63dc56c25c2f",
        "Set-Cookie": [
          "ARRAffinity=52534756bc24481c0848ee2def3c54a057fd0e51707d9dcf782aa603bbaa9f24;Path=/;HttpOnly;Secure;Domain=mtbatch.nam.microsofttranslator.com",
          "ARRAffinitySameSite=52534756bc24481c0848ee2def3c54a057fd0e51707d9dcf782aa603bbaa9f24;Path=/;HttpOnly;SameSite=None;Secure;Domain=mtbatch.nam.microsofttranslator.com"
        ],
        "Strict-Transport-Security": "max-age=31536000; includeSubDomains; preload",
        "X-Content-Type-Options": "nosniff",
        "X-Powered-By": "ASP.NET",
        "X-RequestId": "3faf1af2-f62f-44c6-a2db-1367b0651eed"
      },
      "ResponseBody": null
    },
    {
      "RequestUri": "https://fakeendpoint.cognitiveservices.azure.com/translator/text/batch/v1.0/batches/05da605c-36b3-4dbd-990a-63dc56c25c2f",
      "RequestMethod": "DELETE",
      "RequestHeaders": {
        "Accept": "application/json",
        "Accept-Encoding": "gzip, deflate",
        "Connection": "keep-alive",
        "Content-Length": "0",
        "User-Agent": "azsdk-python-ai-translation-document/1.0.0 Python/3.9.0 (Windows-10-10.0.22000-SP0)"
      },
      "RequestBody": null,
      "StatusCode": 200,
      "ResponseHeaders": {
        "apim-request-id": "fc09759b-db5b-4785-bb3e-f7596e407c79",
        "Content-Encoding": "gzip",
        "Content-Type": "application/json; charset=utf-8",
        "Date": "Wed, 01 Jun 2022 20:49:40 GMT",
        "Set-Cookie": [
          "ARRAffinity=cafa601ca5f017b1c68bca037439964b89cf2f140e4a1200b5cb3397ea215a8c;Path=/;HttpOnly;Secure;Domain=mtbatch.nam.microsofttranslator.com",
          "ARRAffinitySameSite=cafa601ca5f017b1c68bca037439964b89cf2f140e4a1200b5cb3397ea215a8c;Path=/;HttpOnly;SameSite=None;Secure;Domain=mtbatch.nam.microsofttranslator.com"
        ],
        "Strict-Transport-Security": "max-age=31536000; includeSubDomains; preload",
        "Transfer-Encoding": "chunked",
        "Vary": "Accept-Encoding",
        "X-Content-Type-Options": "nosniff",
        "X-Powered-By": "ASP.NET",
        "X-RequestId": "fc09759b-db5b-4785-bb3e-f7596e407c79"
      },
      "ResponseBody": {
        "id": "05da605c-36b3-4dbd-990a-63dc56c25c2f",
        "createdDateTimeUtc": "2022-06-01T20:49:41.024465Z",
        "lastActionDateTimeUtc": "2022-06-01T20:49:41.0974161Z",
        "status": "Cancelling",
        "summary": {
          "total": 0,
          "failed": 0,
          "success": 0,
          "inProgress": 0,
          "notYetStarted": 0,
          "cancelled": 0,
          "totalCharacterCharged": 0
        }
      }
    },
    {
      "RequestUri": "https://fakeendpoint.cognitiveservices.azure.com/translator/text/batch/v1.0/batches/05da605c-36b3-4dbd-990a-63dc56c25c2f",
      "RequestMethod": "GET",
      "RequestHeaders": {
        "Accept": "application/json",
        "Accept-Encoding": "gzip, deflate",
        "Connection": "keep-alive",
        "User-Agent": "azsdk-python-ai-translation-document/1.0.0 Python/3.9.0 (Windows-10-10.0.22000-SP0)"
      },
      "RequestBody": null,
      "StatusCode": 200,
      "ResponseHeaders": {
        "apim-request-id": "0d6cf0f6-dedb-46ba-ae4e-3b8b6d589dc5",
        "Cache-Control": "public, max-age=1",
        "Content-Encoding": "gzip",
        "Content-Type": "application/json; charset=utf-8",
        "Date": "Wed, 01 Jun 2022 20:49:40 GMT",
        "ETag": "\u0022E63D3D68C0FFBDAE6EAF8348B09CB8C326981D348EB588190C64FC9704574A3E\u0022",
        "Set-Cookie": [
          "ARRAffinity=52534756bc24481c0848ee2def3c54a057fd0e51707d9dcf782aa603bbaa9f24;Path=/;HttpOnly;Secure;Domain=mtbatch.nam.microsofttranslator.com",
          "ARRAffinitySameSite=52534756bc24481c0848ee2def3c54a057fd0e51707d9dcf782aa603bbaa9f24;Path=/;HttpOnly;SameSite=None;Secure;Domain=mtbatch.nam.microsofttranslator.com"
        ],
        "Strict-Transport-Security": "max-age=31536000; includeSubDomains; preload",
        "Transfer-Encoding": "chunked",
        "Vary": "Accept-Encoding",
        "X-Content-Type-Options": "nosniff",
        "X-Powered-By": "ASP.NET",
        "X-RequestId": "0d6cf0f6-dedb-46ba-ae4e-3b8b6d589dc5"
      },
      "ResponseBody": {
        "id": "05da605c-36b3-4dbd-990a-63dc56c25c2f",
        "createdDateTimeUtc": "2022-06-01T20:49:41.024465Z",
        "lastActionDateTimeUtc": "2022-06-01T20:49:41.0974161Z",
        "status": "Cancelling",
        "summary": {
          "total": 0,
          "failed": 0,
          "success": 0,
          "inProgress": 0,
          "notYetStarted": 0,
          "cancelled": 0,
          "totalCharacterCharged": 0
        }
      }
    },
    {
      "RequestUri": "https://fakeendpoint.cognitiveservices.azure.com/translator/text/batch/v1.0/batches/05da605c-36b3-4dbd-990a-63dc56c25c2f",
      "RequestMethod": "GET",
      "RequestHeaders": {
        "Accept": "*/*",
        "Accept-Encoding": "gzip, deflate",
        "Connection": "keep-alive",
        "User-Agent": "azsdk-python-ai-translation-document/1.0.0 Python/3.9.0 (Windows-10-10.0.22000-SP0)"
      },
      "RequestBody": null,
      "StatusCode": 200,
      "ResponseHeaders": {
        "apim-request-id": "b85d248e-c885-4700-b651-36cfff275ec0",
        "Cache-Control": "public, max-age=1",
        "Content-Encoding": "gzip",
        "Content-Type": "application/json; charset=utf-8",
        "Date": "Wed, 01 Jun 2022 20:49:41 GMT",
        "ETag": "\u00222963B9D40DEA234B18A021E70AC5A778A48B251580A0110493D0AA7D5F6C29B6\u0022",
        "Set-Cookie": [
          "ARRAffinity=cafa601ca5f017b1c68bca037439964b89cf2f140e4a1200b5cb3397ea215a8c;Path=/;HttpOnly;Secure;Domain=mtbatch.nam.microsofttranslator.com",
          "ARRAffinitySameSite=cafa601ca5f017b1c68bca037439964b89cf2f140e4a1200b5cb3397ea215a8c;Path=/;HttpOnly;SameSite=None;Secure;Domain=mtbatch.nam.microsofttranslator.com"
        ],
        "Strict-Transport-Security": "max-age=31536000; includeSubDomains; preload",
        "Transfer-Encoding": "chunked",
        "Vary": "Accept-Encoding",
        "X-Content-Type-Options": "nosniff",
        "X-Powered-By": "ASP.NET",
        "X-RequestId": "b85d248e-c885-4700-b651-36cfff275ec0"
      },
      "ResponseBody": {
        "id": "05da605c-36b3-4dbd-990a-63dc56c25c2f",
        "createdDateTimeUtc": "2022-06-01T20:49:41.024465Z",
        "lastActionDateTimeUtc": "2022-06-01T20:49:41.2629177Z",
        "status": "Cancelling",
        "summary": {
          "total": 8,
          "failed": 0,
          "success": 0,
          "inProgress": 0,
          "notYetStarted": 8,
          "cancelled": 0,
          "totalCharacterCharged": 0
        }
      }
    }
  ],
  "Variables": {
    "source_container_name": "src615b2651-dec3-49ad-acce-5bada51ed688",
    "target_container_name": "target38bf1684-3c91-45cc-8702-be4eeb1e1034"
  }
}
