{
  "Entries": [
    {
      "RequestUri": "https://fakeendpoint.cognitiveservices.azure.com/translator/text/batch/v1.0/batches",
      "RequestMethod": "POST",
      "RequestHeaders": {
        "Accept": "application/json",
        "Accept-Encoding": "gzip, deflate",
        "Content-Length": "380",
        "Content-Type": "application/json",
        "User-Agent": "azsdk-python-ai-translation-document/1.0.0b6 Python/3.10.0 (Windows-10-10.0.22000-SP0)",
        "x-ms-client-request-id": "ed773b7e-4bed-11ec-ad9d-b831b58100e8"
      },
      "RequestBody": "{\u0022inputs\u0022: [{\u0022source\u0022: {\u0022sourceUrl\u0022: \u0022https://fakeendpoint.blob.core.windows.net/src43263ac4-f986-4776-97c2-36caf7694737?se=end\u0026sp=rl\u0026sv=2020-10-02\u0026sr=c\u0026sig=fake_token_value\u0022, \u0022filter\u0022: {}}, \u0022targets\u0022: [{\u0022targetUrl\u0022: \u0022https://fakeendpoint.blob.core.windows.net/target75ab7c4b-69ab-4988-ad84-9c22e59b56f2?se=end\u0026sp=wl\u0026sv=2020-10-02\u0026sr=c\u0026sig=fake_token_value\u0022, \u0022language\u0022: \u0022es\u0022}]}]}",
      "StatusCode": 202,
      "ResponseHeaders": {
        "apim-request-id": "f911e5b0-7cfa-4a9a-9f87-52e59a01f9db",
        "Content-Length": "0",
        "Date": "Mon, 22 Nov 2021 23:42:59 GMT",
        "Operation-Location": "https://fakeendpoint.cognitiveservices.azure.com/translator/text/batch/v1.0/batches/90aad07d-6a73-41b9-82ca-0efc6ac7cae4",
        "Set-Cookie": [
          "ARRAffinity=f9ffee55d5b846ab210939783079e864f7c0bd5efbd10d36648d3b62bbdfbaac;Path=/;HttpOnly;Secure;Domain=mtbatch.nam.microsofttranslator.com",
          "ARRAffinitySameSite=f9ffee55d5b846ab210939783079e864f7c0bd5efbd10d36648d3b62bbdfbaac;Path=/;HttpOnly;SameSite=None;Secure;Domain=mtbatch.nam.microsofttranslator.com"
        ],
        "Strict-Transport-Security": "max-age=31536000; includeSubDomains; preload",
        "X-Content-Type-Options": "nosniff",
        "X-Powered-By": "ASP.NET",
        "X-RequestId": "f911e5b0-7cfa-4a9a-9f87-52e59a01f9db"
      },
      "ResponseBody": null
    },
    {
      "RequestUri": "https://fakeendpoint.cognitiveservices.azure.com/translator/text/batch/v1.0/batches/90aad07d-6a73-41b9-82ca-0efc6ac7cae4",
      "RequestMethod": "GET",
      "RequestHeaders": {
        "Accept": "*/*",
        "Accept-Encoding": "gzip, deflate",
        "User-Agent": "azsdk-python-ai-translation-document/1.0.0b6 Python/3.10.0 (Windows-10-10.0.22000-SP0)",
        "x-ms-client-request-id": "ed773b7e-4bed-11ec-ad9d-b831b58100e8"
      },
      "RequestBody": null,
      "StatusCode": 200,
      "ResponseHeaders": {
        "apim-request-id": "61b79ba3-e304-4471-a158-93246420fa62",
        "Cache-Control": "public, max-age=1",
        "Content-Encoding": "gzip",
        "Content-Length": "290",
        "Content-Type": "application/json; charset=utf-8",
        "Date": "Mon, 22 Nov 2021 23:43:00 GMT",
        "ETag": "\u00223F5314E1B26F0ABD6211AD0D3923C55BDAEBBD162BB09F7ED6BAC9281558BB4F\u0022",
        "Set-Cookie": [
          "ARRAffinity=d5311be9a7eee70fefb806f1e2337cdd19ccc651d9ba4b6954f0949b8feead5f;Path=/;HttpOnly;Secure;Domain=mtbatch.nam.microsofttranslator.com",
          "ARRAffinitySameSite=d5311be9a7eee70fefb806f1e2337cdd19ccc651d9ba4b6954f0949b8feead5f;Path=/;HttpOnly;SameSite=None;Secure;Domain=mtbatch.nam.microsofttranslator.com"
        ],
        "Strict-Transport-Security": "max-age=31536000; includeSubDomains; preload",
        "Vary": "Accept-Encoding",
        "X-Content-Type-Options": "nosniff",
        "X-Powered-By": "ASP.NET",
        "X-RequestId": "61b79ba3-e304-4471-a158-93246420fa62"
      },
      "ResponseBody": {
        "id": "90aad07d-6a73-41b9-82ca-0efc6ac7cae4",
        "createdDateTimeUtc": "2021-11-22T23:43:00.537555Z",
        "lastActionDateTimeUtc": "2021-11-22T23:43:00.780107Z",
        "status": "NotStarted",
        "summary": {
          "total": 5,
          "failed": 0,
          "success": 0,
          "inProgress": 0,
          "notYetStarted": 5,
          "cancelled": 0,
          "totalCharacterCharged": 0
        }
      }
    },
    {
      "RequestUri": "https://fakeendpoint.cognitiveservices.azure.com/translator/text/batch/v1.0/batches/90aad07d-6a73-41b9-82ca-0efc6ac7cae4",
      "RequestMethod": "GET",
      "RequestHeaders": {
        "Accept": "*/*",
        "Accept-Encoding": "gzip, deflate",
        "User-Agent": "azsdk-python-ai-translation-document/1.0.0b6 Python/3.10.0 (Windows-10-10.0.22000-SP0)",
        "x-ms-client-request-id": "ed773b7e-4bed-11ec-ad9d-b831b58100e8"
      },
      "RequestBody": null,
      "StatusCode": 200,
      "ResponseHeaders": {
        "apim-request-id": "8ea71d80-9fa7-4c76-9995-462f9bd83c73",
        "Cache-Control": "public, max-age=1",
        "Content-Encoding": "gzip",
        "Content-Type": "application/json; charset=utf-8",
        "Date": "Mon, 22 Nov 2021 23:43:02 GMT",
        "ETag": "\u0022CE4D443A044AC396A22328930CCA2BD88F2C2C0D9285B885576C34B3CCD0B00B\u0022",
        "Set-Cookie": [
          "ARRAffinity=f9ffee55d5b846ab210939783079e864f7c0bd5efbd10d36648d3b62bbdfbaac;Path=/;HttpOnly;Secure;Domain=mtbatch.nam.microsofttranslator.com",
          "ARRAffinitySameSite=f9ffee55d5b846ab210939783079e864f7c0bd5efbd10d36648d3b62bbdfbaac;Path=/;HttpOnly;SameSite=None;Secure;Domain=mtbatch.nam.microsofttranslator.com"
        ],
        "Strict-Transport-Security": "max-age=31536000; includeSubDomains; preload",
        "Transfer-Encoding": "chunked",
        "Vary": "Accept-Encoding",
        "X-Content-Type-Options": "nosniff",
        "X-Powered-By": "ASP.NET",
        "X-RequestId": "8ea71d80-9fa7-4c76-9995-462f9bd83c73"
      },
      "ResponseBody": {
        "id": "90aad07d-6a73-41b9-82ca-0efc6ac7cae4",
        "createdDateTimeUtc": "2021-11-22T23:43:00.537555Z",
        "lastActionDateTimeUtc": "2021-11-22T23:43:02.2930123Z",
        "status": "Running",
        "summary": {
          "total": 5,
          "failed": 0,
          "success": 0,
          "inProgress": 5,
          "notYetStarted": 0,
          "cancelled": 0,
          "totalCharacterCharged": 0
        }
      }
    },
    {
      "RequestUri": "https://fakeendpoint.cognitiveservices.azure.com/translator/text/batch/v1.0/batches/90aad07d-6a73-41b9-82ca-0efc6ac7cae4",
      "RequestMethod": "GET",
      "RequestHeaders": {
        "Accept": "*/*",
        "Accept-Encoding": "gzip, deflate",
        "User-Agent": "azsdk-python-ai-translation-document/1.0.0b6 Python/3.10.0 (Windows-10-10.0.22000-SP0)",
        "x-ms-client-request-id": "ed773b7e-4bed-11ec-ad9d-b831b58100e8"
      },
      "RequestBody": null,
      "StatusCode": 200,
      "ResponseHeaders": {
        "apim-request-id": "8c1ae84d-d9a0-4af9-bd27-2615c0251cf9",
        "Cache-Control": "public, max-age=1",
        "Content-Encoding": "gzip",
        "Content-Type": "application/json; charset=utf-8",
        "Date": "Mon, 22 Nov 2021 23:43:03 GMT",
        "ETag": "\u00225741EF7725AC88BD10260ECDC938DB784AA4EC1ACFE2D5A3DC804A9A984AA569\u0022",
        "Set-Cookie": [
          "ARRAffinity=d5311be9a7eee70fefb806f1e2337cdd19ccc651d9ba4b6954f0949b8feead5f;Path=/;HttpOnly;Secure;Domain=mtbatch.nam.microsofttranslator.com",
          "ARRAffinitySameSite=d5311be9a7eee70fefb806f1e2337cdd19ccc651d9ba4b6954f0949b8feead5f;Path=/;HttpOnly;SameSite=None;Secure;Domain=mtbatch.nam.microsofttranslator.com"
        ],
        "Strict-Transport-Security": "max-age=31536000; includeSubDomains; preload",
        "Transfer-Encoding": "chunked",
        "Vary": "Accept-Encoding",
        "X-Content-Type-Options": "nosniff",
        "X-Powered-By": "ASP.NET",
        "X-RequestId": "8c1ae84d-d9a0-4af9-bd27-2615c0251cf9"
      },
      "ResponseBody": {
        "id": "90aad07d-6a73-41b9-82ca-0efc6ac7cae4",
        "createdDateTimeUtc": "2021-11-22T23:43:00.537555Z",
        "lastActionDateTimeUtc": "2021-11-22T23:43:02.7723604Z",
        "status": "Running",
        "summary": {
          "total": 5,
          "failed": 0,
          "success": 0,
          "inProgress": 5,
          "notYetStarted": 0,
          "cancelled": 0,
          "totalCharacterCharged": 0
        }
      }
    },
    {
      "RequestUri": "https://fakeendpoint.cognitiveservices.azure.com/translator/text/batch/v1.0/batches/90aad07d-6a73-41b9-82ca-0efc6ac7cae4",
      "RequestMethod": "GET",
      "RequestHeaders": {
        "Accept": "*/*",
        "Accept-Encoding": "gzip, deflate",
        "User-Agent": "azsdk-python-ai-translation-document/1.0.0b6 Python/3.10.0 (Windows-10-10.0.22000-SP0)",
        "x-ms-client-request-id": "ed773b7e-4bed-11ec-ad9d-b831b58100e8"
      },
      "RequestBody": null,
      "StatusCode": 200,
      "ResponseHeaders": {
        "apim-request-id": "766fb6bf-4b10-4340-af59-3ac2fc6a9d15",
        "Cache-Control": "public, max-age=1",
        "Content-Encoding": "gzip",
        "Content-Type": "application/json; charset=utf-8",
        "Date": "Mon, 22 Nov 2021 23:43:04 GMT",
        "ETag": "\u00225741EF7725AC88BD10260ECDC938DB784AA4EC1ACFE2D5A3DC804A9A984AA569\u0022",
        "Set-Cookie": [
          "ARRAffinity=f9ffee55d5b846ab210939783079e864f7c0bd5efbd10d36648d3b62bbdfbaac;Path=/;HttpOnly;Secure;Domain=mtbatch.nam.microsofttranslator.com",
          "ARRAffinitySameSite=f9ffee55d5b846ab210939783079e864f7c0bd5efbd10d36648d3b62bbdfbaac;Path=/;HttpOnly;SameSite=None;Secure;Domain=mtbatch.nam.microsofttranslator.com"
        ],
        "Strict-Transport-Security": "max-age=31536000; includeSubDomains; preload",
        "Transfer-Encoding": "chunked",
        "Vary": "Accept-Encoding",
        "X-Content-Type-Options": "nosniff",
        "X-Powered-By": "ASP.NET",
        "X-RequestId": "766fb6bf-4b10-4340-af59-3ac2fc6a9d15"
      },
      "ResponseBody": {
        "id": "90aad07d-6a73-41b9-82ca-0efc6ac7cae4",
        "createdDateTimeUtc": "2021-11-22T23:43:00.537555Z",
        "lastActionDateTimeUtc": "2021-11-22T23:43:02.7723604Z",
        "status": "Running",
        "summary": {
          "total": 5,
          "failed": 0,
          "success": 0,
          "inProgress": 5,
          "notYetStarted": 0,
          "cancelled": 0,
          "totalCharacterCharged": 0
        }
      }
    },
    {
      "RequestUri": "https://fakeendpoint.cognitiveservices.azure.com/translator/text/batch/v1.0/batches/90aad07d-6a73-41b9-82ca-0efc6ac7cae4",
      "RequestMethod": "GET",
      "RequestHeaders": {
        "Accept": "*/*",
        "Accept-Encoding": "gzip, deflate",
        "User-Agent": "azsdk-python-ai-translation-document/1.0.0b6 Python/3.10.0 (Windows-10-10.0.22000-SP0)",
        "x-ms-client-request-id": "ed773b7e-4bed-11ec-ad9d-b831b58100e8"
      },
      "RequestBody": null,
      "StatusCode": 200,
      "ResponseHeaders": {
        "apim-request-id": "8116346d-ca4f-44d1-a553-ac03a06382c2",
        "Cache-Control": "public, max-age=1",
        "Content-Encoding": "gzip",
        "Content-Type": "application/json; charset=utf-8",
        "Date": "Mon, 22 Nov 2021 23:43:05 GMT",
        "ETag": "\u00225741EF7725AC88BD10260ECDC938DB784AA4EC1ACFE2D5A3DC804A9A984AA569\u0022",
        "Set-Cookie": [
          "ARRAffinity=d5311be9a7eee70fefb806f1e2337cdd19ccc651d9ba4b6954f0949b8feead5f;Path=/;HttpOnly;Secure;Domain=mtbatch.nam.microsofttranslator.com",
          "ARRAffinitySameSite=d5311be9a7eee70fefb806f1e2337cdd19ccc651d9ba4b6954f0949b8feead5f;Path=/;HttpOnly;SameSite=None;Secure;Domain=mtbatch.nam.microsofttranslator.com"
        ],
        "Strict-Transport-Security": "max-age=31536000; includeSubDomains; preload",
        "Transfer-Encoding": "chunked",
        "Vary": "Accept-Encoding",
        "X-Content-Type-Options": "nosniff",
        "X-Powered-By": "ASP.NET",
        "X-RequestId": "8116346d-ca4f-44d1-a553-ac03a06382c2"
      },
      "ResponseBody": {
        "id": "90aad07d-6a73-41b9-82ca-0efc6ac7cae4",
        "createdDateTimeUtc": "2021-11-22T23:43:00.537555Z",
        "lastActionDateTimeUtc": "2021-11-22T23:43:02.7723604Z",
        "status": "Running",
        "summary": {
          "total": 5,
          "failed": 0,
          "success": 0,
          "inProgress": 5,
          "notYetStarted": 0,
          "cancelled": 0,
          "totalCharacterCharged": 0
        }
      }
    },
    {
      "RequestUri": "https://fakeendpoint.cognitiveservices.azure.com/translator/text/batch/v1.0/batches/90aad07d-6a73-41b9-82ca-0efc6ac7cae4",
      "RequestMethod": "GET",
      "RequestHeaders": {
        "Accept": "*/*",
        "Accept-Encoding": "gzip, deflate",
        "User-Agent": "azsdk-python-ai-translation-document/1.0.0b6 Python/3.10.0 (Windows-10-10.0.22000-SP0)",
        "x-ms-client-request-id": "ed773b7e-4bed-11ec-ad9d-b831b58100e8"
      },
      "RequestBody": null,
      "StatusCode": 200,
      "ResponseHeaders": {
        "apim-request-id": "6b635a78-e89f-45f6-9fe6-4d68f0c2fca9",
        "Cache-Control": "public, max-age=1",
        "Content-Encoding": "gzip",
        "Content-Type": "application/json; charset=utf-8",
        "Date": "Mon, 22 Nov 2021 23:43:06 GMT",
        "ETag": "\u00225741EF7725AC88BD10260ECDC938DB784AA4EC1ACFE2D5A3DC804A9A984AA569\u0022",
        "Set-Cookie": [
          "ARRAffinity=f9ffee55d5b846ab210939783079e864f7c0bd5efbd10d36648d3b62bbdfbaac;Path=/;HttpOnly;Secure;Domain=mtbatch.nam.microsofttranslator.com",
          "ARRAffinitySameSite=f9ffee55d5b846ab210939783079e864f7c0bd5efbd10d36648d3b62bbdfbaac;Path=/;HttpOnly;SameSite=None;Secure;Domain=mtbatch.nam.microsofttranslator.com"
        ],
        "Strict-Transport-Security": "max-age=31536000; includeSubDomains; preload",
        "Transfer-Encoding": "chunked",
        "Vary": "Accept-Encoding",
        "X-Content-Type-Options": "nosniff",
        "X-Powered-By": "ASP.NET",
        "X-RequestId": "6b635a78-e89f-45f6-9fe6-4d68f0c2fca9"
      },
      "ResponseBody": {
        "id": "90aad07d-6a73-41b9-82ca-0efc6ac7cae4",
        "createdDateTimeUtc": "2021-11-22T23:43:00.537555Z",
        "lastActionDateTimeUtc": "2021-11-22T23:43:02.7723604Z",
        "status": "Running",
        "summary": {
          "total": 5,
          "failed": 0,
          "success": 0,
          "inProgress": 5,
          "notYetStarted": 0,
          "cancelled": 0,
          "totalCharacterCharged": 0
        }
      }
    },
    {
      "RequestUri": "https://fakeendpoint.cognitiveservices.azure.com/translator/text/batch/v1.0/batches/90aad07d-6a73-41b9-82ca-0efc6ac7cae4",
      "RequestMethod": "GET",
      "RequestHeaders": {
        "Accept": "*/*",
        "Accept-Encoding": "gzip, deflate",
        "User-Agent": "azsdk-python-ai-translation-document/1.0.0b6 Python/3.10.0 (Windows-10-10.0.22000-SP0)",
        "x-ms-client-request-id": "ed773b7e-4bed-11ec-ad9d-b831b58100e8"
      },
      "RequestBody": null,
      "StatusCode": 200,
      "ResponseHeaders": {
        "apim-request-id": "6bdbf8ef-acc9-432a-8088-993c6bf03a27",
        "Cache-Control": "public, max-age=1",
        "Content-Encoding": "gzip",
        "Content-Type": "application/json; charset=utf-8",
        "Date": "Mon, 22 Nov 2021 23:43:07 GMT",
        "ETag": "\u00225741EF7725AC88BD10260ECDC938DB784AA4EC1ACFE2D5A3DC804A9A984AA569\u0022",
        "Set-Cookie": [
          "ARRAffinity=d5311be9a7eee70fefb806f1e2337cdd19ccc651d9ba4b6954f0949b8feead5f;Path=/;HttpOnly;Secure;Domain=mtbatch.nam.microsofttranslator.com",
          "ARRAffinitySameSite=d5311be9a7eee70fefb806f1e2337cdd19ccc651d9ba4b6954f0949b8feead5f;Path=/;HttpOnly;SameSite=None;Secure;Domain=mtbatch.nam.microsofttranslator.com"
        ],
        "Strict-Transport-Security": "max-age=31536000; includeSubDomains; preload",
        "Transfer-Encoding": "chunked",
        "Vary": "Accept-Encoding",
        "X-Content-Type-Options": "nosniff",
        "X-Powered-By": "ASP.NET",
        "X-RequestId": "6bdbf8ef-acc9-432a-8088-993c6bf03a27"
      },
      "ResponseBody": {
        "id": "90aad07d-6a73-41b9-82ca-0efc6ac7cae4",
        "createdDateTimeUtc": "2021-11-22T23:43:00.537555Z",
        "lastActionDateTimeUtc": "2021-11-22T23:43:02.7723604Z",
        "status": "Running",
        "summary": {
          "total": 5,
          "failed": 0,
          "success": 0,
          "inProgress": 5,
          "notYetStarted": 0,
          "cancelled": 0,
          "totalCharacterCharged": 0
        }
      }
    },
    {
      "RequestUri": "https://fakeendpoint.cognitiveservices.azure.com/translator/text/batch/v1.0/batches/90aad07d-6a73-41b9-82ca-0efc6ac7cae4",
      "RequestMethod": "GET",
      "RequestHeaders": {
        "Accept": "*/*",
        "Accept-Encoding": "gzip, deflate",
        "User-Agent": "azsdk-python-ai-translation-document/1.0.0b6 Python/3.10.0 (Windows-10-10.0.22000-SP0)",
        "x-ms-client-request-id": "ed773b7e-4bed-11ec-ad9d-b831b58100e8"
      },
      "RequestBody": null,
      "StatusCode": 200,
      "ResponseHeaders": {
        "apim-request-id": "a1639ed2-8873-4c22-a194-eccbee991222",
        "Cache-Control": "public, max-age=1",
        "Content-Encoding": "gzip",
        "Content-Type": "application/json; charset=utf-8",
        "Date": "Mon, 22 Nov 2021 23:43:08 GMT",
        "ETag": "\u00225741EF7725AC88BD10260ECDC938DB784AA4EC1ACFE2D5A3DC804A9A984AA569\u0022",
        "Set-Cookie": [
          "ARRAffinity=f9ffee55d5b846ab210939783079e864f7c0bd5efbd10d36648d3b62bbdfbaac;Path=/;HttpOnly;Secure;Domain=mtbatch.nam.microsofttranslator.com",
          "ARRAffinitySameSite=f9ffee55d5b846ab210939783079e864f7c0bd5efbd10d36648d3b62bbdfbaac;Path=/;HttpOnly;SameSite=None;Secure;Domain=mtbatch.nam.microsofttranslator.com"
        ],
        "Strict-Transport-Security": "max-age=31536000; includeSubDomains; preload",
        "Transfer-Encoding": "chunked",
        "Vary": "Accept-Encoding",
        "X-Content-Type-Options": "nosniff",
        "X-Powered-By": "ASP.NET",
        "X-RequestId": "a1639ed2-8873-4c22-a194-eccbee991222"
      },
      "ResponseBody": {
        "id": "90aad07d-6a73-41b9-82ca-0efc6ac7cae4",
        "createdDateTimeUtc": "2021-11-22T23:43:00.537555Z",
        "lastActionDateTimeUtc": "2021-11-22T23:43:02.7723604Z",
        "status": "Running",
        "summary": {
          "total": 5,
          "failed": 0,
          "success": 0,
          "inProgress": 5,
          "notYetStarted": 0,
          "cancelled": 0,
          "totalCharacterCharged": 0
        }
      }
    },
    {
      "RequestUri": "https://fakeendpoint.cognitiveservices.azure.com/translator/text/batch/v1.0/batches/90aad07d-6a73-41b9-82ca-0efc6ac7cae4",
      "RequestMethod": "GET",
      "RequestHeaders": {
        "Accept": "*/*",
        "Accept-Encoding": "gzip, deflate",
        "User-Agent": "azsdk-python-ai-translation-document/1.0.0b6 Python/3.10.0 (Windows-10-10.0.22000-SP0)",
        "x-ms-client-request-id": "ed773b7e-4bed-11ec-ad9d-b831b58100e8"
      },
      "RequestBody": null,
      "StatusCode": 200,
      "ResponseHeaders": {
        "apim-request-id": "1c10b629-cd0b-4698-b1ec-cb9a5fb1547c",
        "Cache-Control": "public, max-age=1",
        "Content-Encoding": "gzip",
        "Content-Type": "application/json; charset=utf-8",
        "Date": "Mon, 22 Nov 2021 23:43:09 GMT",
        "ETag": "\u00225741EF7725AC88BD10260ECDC938DB784AA4EC1ACFE2D5A3DC804A9A984AA569\u0022",
        "Set-Cookie": [
          "ARRAffinity=d5311be9a7eee70fefb806f1e2337cdd19ccc651d9ba4b6954f0949b8feead5f;Path=/;HttpOnly;Secure;Domain=mtbatch.nam.microsofttranslator.com",
          "ARRAffinitySameSite=d5311be9a7eee70fefb806f1e2337cdd19ccc651d9ba4b6954f0949b8feead5f;Path=/;HttpOnly;SameSite=None;Secure;Domain=mtbatch.nam.microsofttranslator.com"
        ],
        "Strict-Transport-Security": "max-age=31536000; includeSubDomains; preload",
        "Transfer-Encoding": "chunked",
        "Vary": "Accept-Encoding",
        "X-Content-Type-Options": "nosniff",
        "X-Powered-By": "ASP.NET",
        "X-RequestId": "1c10b629-cd0b-4698-b1ec-cb9a5fb1547c"
      },
      "ResponseBody": {
        "id": "90aad07d-6a73-41b9-82ca-0efc6ac7cae4",
        "createdDateTimeUtc": "2021-11-22T23:43:00.537555Z",
        "lastActionDateTimeUtc": "2021-11-22T23:43:02.7723604Z",
        "status": "Running",
        "summary": {
          "total": 5,
          "failed": 0,
          "success": 0,
          "inProgress": 5,
          "notYetStarted": 0,
          "cancelled": 0,
          "totalCharacterCharged": 0
        }
      }
    },
    {
      "RequestUri": "https://fakeendpoint.cognitiveservices.azure.com/translator/text/batch/v1.0/batches/90aad07d-6a73-41b9-82ca-0efc6ac7cae4",
      "RequestMethod": "GET",
      "RequestHeaders": {
        "Accept": "*/*",
        "Accept-Encoding": "gzip, deflate",
        "User-Agent": "azsdk-python-ai-translation-document/1.0.0b6 Python/3.10.0 (Windows-10-10.0.22000-SP0)",
        "x-ms-client-request-id": "ed773b7e-4bed-11ec-ad9d-b831b58100e8"
      },
      "RequestBody": null,
      "StatusCode": 200,
      "ResponseHeaders": {
        "apim-request-id": "3b66ce5e-b76d-4a92-8ab3-1f746c1e8e43",
        "Cache-Control": "public, max-age=1",
        "Content-Encoding": "gzip",
        "Content-Type": "application/json; charset=utf-8",
        "Date": "Mon, 22 Nov 2021 23:43:10 GMT",
        "ETag": "\u00225741EF7725AC88BD10260ECDC938DB784AA4EC1ACFE2D5A3DC804A9A984AA569\u0022",
        "Set-Cookie": [
          "ARRAffinity=f9ffee55d5b846ab210939783079e864f7c0bd5efbd10d36648d3b62bbdfbaac;Path=/;HttpOnly;Secure;Domain=mtbatch.nam.microsofttranslator.com",
          "ARRAffinitySameSite=f9ffee55d5b846ab210939783079e864f7c0bd5efbd10d36648d3b62bbdfbaac;Path=/;HttpOnly;SameSite=None;Secure;Domain=mtbatch.nam.microsofttranslator.com"
        ],
        "Strict-Transport-Security": "max-age=31536000; includeSubDomains; preload",
        "Transfer-Encoding": "chunked",
        "Vary": "Accept-Encoding",
        "X-Content-Type-Options": "nosniff",
        "X-Powered-By": "ASP.NET",
        "X-RequestId": "3b66ce5e-b76d-4a92-8ab3-1f746c1e8e43"
      },
      "ResponseBody": {
        "id": "90aad07d-6a73-41b9-82ca-0efc6ac7cae4",
        "createdDateTimeUtc": "2021-11-22T23:43:00.537555Z",
        "lastActionDateTimeUtc": "2021-11-22T23:43:02.7723604Z",
        "status": "Running",
        "summary": {
          "total": 5,
          "failed": 0,
          "success": 0,
          "inProgress": 5,
          "notYetStarted": 0,
          "cancelled": 0,
          "totalCharacterCharged": 0
        }
      }
    },
    {
      "RequestUri": "https://fakeendpoint.cognitiveservices.azure.com/translator/text/batch/v1.0/batches/90aad07d-6a73-41b9-82ca-0efc6ac7cae4",
      "RequestMethod": "GET",
      "RequestHeaders": {
        "Accept": "*/*",
        "Accept-Encoding": "gzip, deflate",
        "User-Agent": "azsdk-python-ai-translation-document/1.0.0b6 Python/3.10.0 (Windows-10-10.0.22000-SP0)",
        "x-ms-client-request-id": "ed773b7e-4bed-11ec-ad9d-b831b58100e8"
      },
      "RequestBody": null,
      "StatusCode": 200,
      "ResponseHeaders": {
        "apim-request-id": "a167a70e-225d-4144-947c-a6471aa18eb3",
        "Cache-Control": "public, max-age=1",
        "Content-Encoding": "gzip",
        "Content-Type": "application/json; charset=utf-8",
        "Date": "Mon, 22 Nov 2021 23:43:11 GMT",
        "ETag": "\u00225741EF7725AC88BD10260ECDC938DB784AA4EC1ACFE2D5A3DC804A9A984AA569\u0022",
        "Set-Cookie": [
          "ARRAffinity=d5311be9a7eee70fefb806f1e2337cdd19ccc651d9ba4b6954f0949b8feead5f;Path=/;HttpOnly;Secure;Domain=mtbatch.nam.microsofttranslator.com",
          "ARRAffinitySameSite=d5311be9a7eee70fefb806f1e2337cdd19ccc651d9ba4b6954f0949b8feead5f;Path=/;HttpOnly;SameSite=None;Secure;Domain=mtbatch.nam.microsofttranslator.com"
        ],
        "Strict-Transport-Security": "max-age=31536000; includeSubDomains; preload",
        "Transfer-Encoding": "chunked",
        "Vary": "Accept-Encoding",
        "X-Content-Type-Options": "nosniff",
        "X-Powered-By": "ASP.NET",
        "X-RequestId": "a167a70e-225d-4144-947c-a6471aa18eb3"
      },
      "ResponseBody": {
        "id": "90aad07d-6a73-41b9-82ca-0efc6ac7cae4",
        "createdDateTimeUtc": "2021-11-22T23:43:00.537555Z",
        "lastActionDateTimeUtc": "2021-11-22T23:43:02.7723604Z",
        "status": "Running",
        "summary": {
          "total": 5,
          "failed": 0,
          "success": 0,
          "inProgress": 5,
          "notYetStarted": 0,
          "cancelled": 0,
          "totalCharacterCharged": 0
        }
      }
    },
    {
      "RequestUri": "https://fakeendpoint.cognitiveservices.azure.com/translator/text/batch/v1.0/batches/90aad07d-6a73-41b9-82ca-0efc6ac7cae4",
      "RequestMethod": "GET",
      "RequestHeaders": {
        "Accept": "*/*",
        "Accept-Encoding": "gzip, deflate",
        "User-Agent": "azsdk-python-ai-translation-document/1.0.0b6 Python/3.10.0 (Windows-10-10.0.22000-SP0)",
        "x-ms-client-request-id": "ed773b7e-4bed-11ec-ad9d-b831b58100e8"
      },
      "RequestBody": null,
      "StatusCode": 200,
      "ResponseHeaders": {
        "apim-request-id": "b471abcf-42e7-40ab-be30-7c6743b369fd",
        "Cache-Control": "public, max-age=1",
        "Content-Encoding": "gzip",
        "Content-Type": "application/json; charset=utf-8",
        "Date": "Mon, 22 Nov 2021 23:43:12 GMT",
        "ETag": "\u0022A582B46BDD8B4EAC01FFA2307CB0405E7DED4EBFB4890025228C7913DD47C98C\u0022",
        "Set-Cookie": [
          "ARRAffinity=f9ffee55d5b846ab210939783079e864f7c0bd5efbd10d36648d3b62bbdfbaac;Path=/;HttpOnly;Secure;Domain=mtbatch.nam.microsofttranslator.com",
          "ARRAffinitySameSite=f9ffee55d5b846ab210939783079e864f7c0bd5efbd10d36648d3b62bbdfbaac;Path=/;HttpOnly;SameSite=None;Secure;Domain=mtbatch.nam.microsofttranslator.com"
        ],
        "Strict-Transport-Security": "max-age=31536000; includeSubDomains; preload",
        "Transfer-Encoding": "chunked",
        "Vary": "Accept-Encoding",
        "X-Content-Type-Options": "nosniff",
        "X-Powered-By": "ASP.NET",
        "X-RequestId": "b471abcf-42e7-40ab-be30-7c6743b369fd"
      },
      "ResponseBody": {
        "id": "90aad07d-6a73-41b9-82ca-0efc6ac7cae4",
        "createdDateTimeUtc": "2021-11-22T23:43:00.537555Z",
        "lastActionDateTimeUtc": "2021-11-22T23:43:13.4830518Z",
        "status": "Running",
        "summary": {
          "total": 5,
          "failed": 0,
          "success": 1,
          "inProgress": 4,
          "notYetStarted": 0,
          "cancelled": 0,
          "totalCharacterCharged": 27
        }
      }
    },
    {
      "RequestUri": "https://fakeendpoint.cognitiveservices.azure.com/translator/text/batch/v1.0/batches/90aad07d-6a73-41b9-82ca-0efc6ac7cae4",
      "RequestMethod": "GET",
      "RequestHeaders": {
        "Accept": "*/*",
        "Accept-Encoding": "gzip, deflate",
        "User-Agent": "azsdk-python-ai-translation-document/1.0.0b6 Python/3.10.0 (Windows-10-10.0.22000-SP0)",
        "x-ms-client-request-id": "ed773b7e-4bed-11ec-ad9d-b831b58100e8"
      },
      "RequestBody": null,
      "StatusCode": 200,
      "ResponseHeaders": {
        "apim-request-id": "2bedc1f6-4052-4bcc-a0cf-d5fd09165cb0",
        "Cache-Control": "public, max-age=1",
        "Content-Encoding": "gzip",
        "Content-Type": "application/json; charset=utf-8",
        "Date": "Mon, 22 Nov 2021 23:43:13 GMT",
        "ETag": "\u002271442E30C8AA8CBE0EE2290927396E3C222C3B4813D326CA67D88D8B2BAAC6DB\u0022",
        "Set-Cookie": [
          "ARRAffinity=d5311be9a7eee70fefb806f1e2337cdd19ccc651d9ba4b6954f0949b8feead5f;Path=/;HttpOnly;Secure;Domain=mtbatch.nam.microsofttranslator.com",
          "ARRAffinitySameSite=d5311be9a7eee70fefb806f1e2337cdd19ccc651d9ba4b6954f0949b8feead5f;Path=/;HttpOnly;SameSite=None;Secure;Domain=mtbatch.nam.microsofttranslator.com"
        ],
        "Strict-Transport-Security": "max-age=31536000; includeSubDomains; preload",
        "Transfer-Encoding": "chunked",
        "Vary": "Accept-Encoding",
        "X-Content-Type-Options": "nosniff",
        "X-Powered-By": "ASP.NET",
        "X-RequestId": "2bedc1f6-4052-4bcc-a0cf-d5fd09165cb0"
      },
      "ResponseBody": {
        "id": "90aad07d-6a73-41b9-82ca-0efc6ac7cae4",
        "createdDateTimeUtc": "2021-11-22T23:43:00.537555Z",
        "lastActionDateTimeUtc": "2021-11-22T23:43:13.6212452Z",
        "status": "Succeeded",
        "summary": {
          "total": 5,
          "failed": 0,
          "success": 5,
          "inProgress": 0,
          "notYetStarted": 0,
          "cancelled": 0,
          "totalCharacterCharged": 135
        }
      }
    },
    {
      "RequestUri": "https://fakeendpoint.cognitiveservices.azure.com/translator/text/batch/v1.0/batches/90aad07d-6a73-41b9-82ca-0efc6ac7cae4/documents?$skip=0",
      "RequestMethod": "GET",
      "RequestHeaders": {
        "Accept": "application/json",
        "Accept-Encoding": "gzip, deflate",
        "User-Agent": "azsdk-python-ai-translation-document/1.0.0b6 Python/3.10.0 (Windows-10-10.0.22000-SP0)",
        "x-ms-client-request-id": "f5db9e07-4bed-11ec-ac70-b831b58100e8"
      },
      "RequestBody": null,
      "StatusCode": 200,
      "ResponseHeaders": {
        "apim-request-id": "d2572f3b-779c-4c9f-bce3-a527c4296665",
        "Cache-Control": "public, max-age=1",
        "Content-Encoding": "gzip",
        "Content-Type": "application/json; charset=utf-8",
        "Date": "Mon, 22 Nov 2021 23:43:13 GMT",
        "ETag": "\u00220C815B6358ABF6981BAEFCC2B130E6F9890A079A69C49D721E8DEFC349343F98\u0022",
        "Set-Cookie": [
          "ARRAffinity=f9ffee55d5b846ab210939783079e864f7c0bd5efbd10d36648d3b62bbdfbaac;Path=/;HttpOnly;Secure;Domain=mtbatch.nam.microsofttranslator.com",
          "ARRAffinitySameSite=f9ffee55d5b846ab210939783079e864f7c0bd5efbd10d36648d3b62bbdfbaac;Path=/;HttpOnly;SameSite=None;Secure;Domain=mtbatch.nam.microsofttranslator.com"
        ],
        "Strict-Transport-Security": "max-age=31536000; includeSubDomains; preload",
        "Transfer-Encoding": "chunked",
        "Vary": "Accept-Encoding",
        "X-Content-Type-Options": "nosniff",
        "X-Powered-By": "ASP.NET",
        "X-RequestId": "d2572f3b-779c-4c9f-bce3-a527c4296665"
      },
      "ResponseBody": {
        "value": [
          {
            "path": "https://fakeendpoint.blob.core.windows.net/target75ab7c4b-69ab-4988-ad84-9c22e59b56f2/ddce61d6-5c9f-408b-bb99-d417706aa7e0.txt",
            "sourcePath": "https://fakeendpoint.blob.core.windows.net/src43263ac4-f986-4776-97c2-36caf7694737/ddce61d6-5c9f-408b-bb99-d417706aa7e0.txt",
            "createdDateTimeUtc": "2021-11-22T23:43:02.3025645Z",
            "lastActionDateTimeUtc": "2021-11-22T23:43:14.2065803Z",
            "status": "Succeeded",
            "to": "es",
            "progress": 1,
            "id": "0016aa1f-0000-0000-0000-000000000000",
            "characterCharged": 27
          },
          {
            "path": "https://fakeendpoint.blob.core.windows.net/target75ab7c4b-69ab-4988-ad84-9c22e59b56f2/b3528ad1-4f27-40c1-9b33-6139aef0ceee.txt",
            "sourcePath": "https://fakeendpoint.blob.core.windows.net/src43263ac4-f986-4776-97c2-36caf7694737/b3528ad1-4f27-40c1-9b33-6139aef0ceee.txt",
            "createdDateTimeUtc": "2021-11-22T23:43:01.7802795Z",
            "lastActionDateTimeUtc": "2021-11-22T23:43:13.6212386Z",
            "status": "Succeeded",
            "to": "es",
            "progress": 1,
            "id": "0016aa1e-0000-0000-0000-000000000000",
            "characterCharged": 27
          },
          {
            "path": "https://fakeendpoint.blob.core.windows.net/target75ab7c4b-69ab-4988-ad84-9c22e59b56f2/85820c5c-9300-4c16-8c10-be72cf7551b3.txt",
            "sourcePath": "https://fakeendpoint.blob.core.windows.net/src43263ac4-f986-4776-97c2-36caf7694737/85820c5c-9300-4c16-8c10-be72cf7551b3.txt",
            "createdDateTimeUtc": "2021-11-22T23:43:01.725888Z",
            "lastActionDateTimeUtc": "2021-11-22T23:43:13.4830456Z",
            "status": "Succeeded",
            "to": "es",
            "progress": 1,
            "id": "0016aa1d-0000-0000-0000-000000000000",
            "characterCharged": 27
          },
          {
            "path": "https://fakeendpoint.blob.core.windows.net/target75ab7c4b-69ab-4988-ad84-9c22e59b56f2/510c97e5-de8c-438f-a097-a18c09bdfc5b.txt",
            "sourcePath": "https://fakeendpoint.blob.core.windows.net/src43263ac4-f986-4776-97c2-36caf7694737/510c97e5-de8c-438f-a097-a18c09bdfc5b.txt",
            "createdDateTimeUtc": "2021-11-22T23:43:01.7147739Z",
            "lastActionDateTimeUtc": "2021-11-22T23:43:13.5692032Z",
            "status": "Succeeded",
            "to": "es",
            "progress": 1,
            "id": "0016aa1c-0000-0000-0000-000000000000",
            "characterCharged": 27
          },
          {
            "path": "https://fakeendpoint.blob.core.windows.net/target75ab7c4b-69ab-4988-ad84-9c22e59b56f2/48315d23-63e0-43df-a635-7ffc45ea319f.txt",
            "sourcePath": "https://fakeendpoint.blob.core.windows.net/src43263ac4-f986-4776-97c2-36caf7694737/48315d23-63e0-43df-a635-7ffc45ea319f.txt",
            "createdDateTimeUtc": "2021-11-22T23:43:01.7019021Z",
            "lastActionDateTimeUtc": "2021-11-22T23:43:13.534303Z",
            "status": "Succeeded",
            "to": "es",
            "progress": 1,
            "id": "0016aa1b-0000-0000-0000-000000000000",
            "characterCharged": 27
          }
        ]
      }
    },
    {
      "RequestUri": "https://fakeendpoint.cognitiveservices.azure.com/translator/text/batch/v1.0/batches/90aad07d-6a73-41b9-82ca-0efc6ac7cae4/documents?$skip=2",
      "RequestMethod": "GET",
      "RequestHeaders": {
        "Accept": "application/json",
        "Accept-Encoding": "gzip, deflate",
        "User-Agent": "azsdk-python-ai-translation-document/1.0.0b6 Python/3.10.0 (Windows-10-10.0.22000-SP0)",
        "x-ms-client-request-id": "f5e3c733-4bed-11ec-9628-b831b58100e8"
      },
      "RequestBody": null,
      "StatusCode": 200,
      "ResponseHeaders": {
        "apim-request-id": "5435b143-e338-45c5-903c-e474f21e4927",
        "Cache-Control": "public, max-age=1",
        "Content-Encoding": "gzip",
        "Content-Type": "application/json; charset=utf-8",
        "Date": "Mon, 22 Nov 2021 23:43:13 GMT",
        "ETag": "\u0022E937A49A9E4077042C2727E66A6A7BA59C52118E7B2427D7AF37322E63CBFE67\u0022",
        "Set-Cookie": [
          "ARRAffinity=d5311be9a7eee70fefb806f1e2337cdd19ccc651d9ba4b6954f0949b8feead5f;Path=/;HttpOnly;Secure;Domain=mtbatch.nam.microsofttranslator.com",
          "ARRAffinitySameSite=d5311be9a7eee70fefb806f1e2337cdd19ccc651d9ba4b6954f0949b8feead5f;Path=/;HttpOnly;SameSite=None;Secure;Domain=mtbatch.nam.microsofttranslator.com"
        ],
        "Strict-Transport-Security": "max-age=31536000; includeSubDomains; preload",
        "Transfer-Encoding": "chunked",
        "Vary": "Accept-Encoding",
        "X-Content-Type-Options": "nosniff",
        "X-Powered-By": "ASP.NET",
        "X-RequestId": "5435b143-e338-45c5-903c-e474f21e4927"
      },
      "ResponseBody": {
        "value": [
          {
            "path": "https://fakeendpoint.blob.core.windows.net/target75ab7c4b-69ab-4988-ad84-9c22e59b56f2/85820c5c-9300-4c16-8c10-be72cf7551b3.txt",
            "sourcePath": "https://fakeendpoint.blob.core.windows.net/src43263ac4-f986-4776-97c2-36caf7694737/85820c5c-9300-4c16-8c10-be72cf7551b3.txt",
            "createdDateTimeUtc": "2021-11-22T23:43:01.725888Z",
            "lastActionDateTimeUtc": "2021-11-22T23:43:13.4830456Z",
            "status": "Succeeded",
            "to": "es",
            "progress": 1,
            "id": "0016aa1d-0000-0000-0000-000000000000",
            "characterCharged": 27
          },
          {
            "path": "https://fakeendpoint.blob.core.windows.net/target75ab7c4b-69ab-4988-ad84-9c22e59b56f2/510c97e5-de8c-438f-a097-a18c09bdfc5b.txt",
            "sourcePath": "https://fakeendpoint.blob.core.windows.net/src43263ac4-f986-4776-97c2-36caf7694737/510c97e5-de8c-438f-a097-a18c09bdfc5b.txt",
            "createdDateTimeUtc": "2021-11-22T23:43:01.7147739Z",
            "lastActionDateTimeUtc": "2021-11-22T23:43:13.5692032Z",
            "status": "Succeeded",
            "to": "es",
            "progress": 1,
            "id": "0016aa1c-0000-0000-0000-000000000000",
            "characterCharged": 27
          },
          {
            "path": "https://fakeendpoint.blob.core.windows.net/target75ab7c4b-69ab-4988-ad84-9c22e59b56f2/48315d23-63e0-43df-a635-7ffc45ea319f.txt",
            "sourcePath": "https://fakeendpoint.blob.core.windows.net/src43263ac4-f986-4776-97c2-36caf7694737/48315d23-63e0-43df-a635-7ffc45ea319f.txt",
            "createdDateTimeUtc": "2021-11-22T23:43:01.7019021Z",
            "lastActionDateTimeUtc": "2021-11-22T23:43:13.534303Z",
            "status": "Succeeded",
            "to": "es",
            "progress": 1,
            "id": "0016aa1b-0000-0000-0000-000000000000",
            "characterCharged": 27
          }
        ]
      }
    }
  ],
  "Variables": {
    "source_container_name": "src43263ac4-f986-4776-97c2-36caf7694737",
    "target_container_name": "target75ab7c4b-69ab-4988-ad84-9c22e59b56f2"
  }
}
