{
  "Entries": [
    {
      "RequestUri": "https://fakeendpoint.cognitiveservices.azure.com/translator/text/batch/v1.0/batches",
      "RequestMethod": "POST",
      "RequestHeaders": {
        "Accept": "application/json",
        "Accept-Encoding": "gzip, deflate",
        "Content-Length": "380",
        "Content-Type": "application/json",
        "User-Agent": "azsdk-python-ai-translation-document/1.0.0b6 Python/3.10.0 (Windows-10-10.0.22000-SP0)",
        "x-ms-client-request-id": "15f8835e-7e33-11ec-8ad1-b831b58100e8"
      },
      "RequestBody": {
        "inputs": [
          {
            "source": {
              "sourceUrl": "https://fakeendpoint.blob.core.windows.net/src55db2a5c-4d2d-4fd4-b13e-d1527e802e93?se=end\u0026sp=rl\u0026sv=2021-02-12\u0026sr=c\u0026sig=fake_token_value",
              "filter": {}
            },
            "targets": [
              {
                "targetUrl": "https://fakeendpoint.blob.core.windows.net/target0ea66bf8-84e9-4e37-a03f-71c9714bbfbe?se=end\u0026sp=wl\u0026sv=2021-02-12\u0026sr=c\u0026sig=fake_token_value",
                "language": "es"
              }
            ]
          }
        ]
      },
      "StatusCode": 202,
      "ResponseHeaders": {
        "apim-request-id": "84a836fa-d502-4181-b4e3-5a45cfaea436",
        "Content-Length": "0",
        "Date": "Tue, 25 Jan 2022 23:04:01 GMT",
        "Operation-Location": "https://fakeendpoint.cognitiveservices.azure.com/translator/text/batch/v1.0/batches/10e2e76f-da3e-4a26-a34f-42348a340aaf",
        "Set-Cookie": [
          "ARRAffinity=748a2cefe0e94b92294828d7237123826b9552ab7a870cd971e8858b6fa6e96a;Path=/;HttpOnly;Secure;Domain=mtbatch.nam.microsofttranslator.com",
          "ARRAffinitySameSite=748a2cefe0e94b92294828d7237123826b9552ab7a870cd971e8858b6fa6e96a;Path=/;HttpOnly;SameSite=None;Secure;Domain=mtbatch.nam.microsofttranslator.com"
        ],
        "Strict-Transport-Security": "max-age=31536000; includeSubDomains; preload",
        "X-Content-Type-Options": "nosniff",
        "X-Powered-By": "ASP.NET",
        "X-RequestId": "84a836fa-d502-4181-b4e3-5a45cfaea436"
      },
      "ResponseBody": null
    },
    {
      "RequestUri": "https://fakeendpoint.cognitiveservices.azure.com/translator/text/batch/v1.0/batches/10e2e76f-da3e-4a26-a34f-42348a340aaf",
      "RequestMethod": "GET",
      "RequestHeaders": {
        "Accept": "*/*",
        "Accept-Encoding": "gzip, deflate",
        "User-Agent": "azsdk-python-ai-translation-document/1.0.0b6 Python/3.10.0 (Windows-10-10.0.22000-SP0)",
        "x-ms-client-request-id": "15f8835e-7e33-11ec-8ad1-b831b58100e8"
      },
      "RequestBody": null,
      "StatusCode": 200,
      "ResponseHeaders": {
        "apim-request-id": "0ed861da-0452-4d88-ace6-c08bb66e3fa7",
        "Cache-Control": "public, max-age=1",
        "Content-Encoding": "gzip",
        "Content-Type": "application/json; charset=utf-8",
        "Date": "Tue, 25 Jan 2022 23:04:02 GMT",
        "ETag": "\u00222FC7ECB937898222003D6182C30D9912D2170E4EE2839375457224554E338F18\u0022",
        "Set-Cookie": [
          "ARRAffinity=b43e80ef1fbcb9f9d446cbc61b366e02dafefc2a9addab525b1fc3eda44b27b2;Path=/;HttpOnly;Secure;Domain=mtbatch.nam.microsofttranslator.com",
          "ARRAffinitySameSite=b43e80ef1fbcb9f9d446cbc61b366e02dafefc2a9addab525b1fc3eda44b27b2;Path=/;HttpOnly;SameSite=None;Secure;Domain=mtbatch.nam.microsofttranslator.com"
        ],
        "Strict-Transport-Security": "max-age=31536000; includeSubDomains; preload",
        "Transfer-Encoding": "chunked",
        "Vary": "Accept-Encoding",
        "X-Content-Type-Options": "nosniff",
        "X-Powered-By": "ASP.NET",
        "X-RequestId": "0ed861da-0452-4d88-ace6-c08bb66e3fa7"
      },
      "ResponseBody": {
        "id": "10e2e76f-da3e-4a26-a34f-42348a340aaf",
        "createdDateTimeUtc": "2022-01-25T23:04:01.8965578Z",
        "lastActionDateTimeUtc": "2022-01-25T23:04:02.0063493Z",
        "status": "Failed",
        "error": {
          "code": "InvalidRequest",
          "message": "Target document file already exists.",
          "target": "Operation",
          "innerError": {
            "code": "TargetFileAlreadyExists",
            "message": "Target document file already exists."
          }
        },
        "summary": {
          "total": 1,
          "failed": 1,
          "success": 0,
          "inProgress": 0,
          "notYetStarted": 0,
          "cancelled": 0,
          "totalCharacterCharged": 0
        }
      }
    },
    {
      "RequestUri": "https://fakeendpoint.cognitiveservices.azure.com/translator/text/batch/v1.0/batches/10e2e76f-da3e-4a26-a34f-42348a340aaf/documents?$skip=0",
      "RequestMethod": "GET",
      "RequestHeaders": {
        "Accept": "application/json",
        "Accept-Encoding": "gzip, deflate",
        "User-Agent": "azsdk-python-ai-translation-document/1.0.0b6 Python/3.10.0 (Windows-10-10.0.22000-SP0)",
        "x-ms-client-request-id": "16af529b-7e33-11ec-bba2-b831b58100e8"
      },
      "RequestBody": null,
      "StatusCode": 200,
      "ResponseHeaders": {
        "apim-request-id": "21930925-dfeb-4adb-9590-7804735aecaa",
        "Cache-Control": "public, max-age=1",
        "Content-Encoding": "gzip",
        "Content-Type": "application/json; charset=utf-8",
        "Date": "Tue, 25 Jan 2022 23:04:02 GMT",
        "ETag": "\u0022E8FC097E8E3C084E0BB2EC746D80196EB5C8701858F56991E5A0C72DE11CE334\u0022",
        "Set-Cookie": [
          "ARRAffinity=748a2cefe0e94b92294828d7237123826b9552ab7a870cd971e8858b6fa6e96a;Path=/;HttpOnly;Secure;Domain=mtbatch.nam.microsofttranslator.com",
          "ARRAffinitySameSite=748a2cefe0e94b92294828d7237123826b9552ab7a870cd971e8858b6fa6e96a;Path=/;HttpOnly;SameSite=None;Secure;Domain=mtbatch.nam.microsofttranslator.com"
        ],
        "Strict-Transport-Security": "max-age=31536000; includeSubDomains; preload",
        "Transfer-Encoding": "chunked",
        "Vary": "Accept-Encoding",
        "X-Content-Type-Options": "nosniff",
        "X-Powered-By": "ASP.NET",
        "X-RequestId": "21930925-dfeb-4adb-9590-7804735aecaa"
      },
      "ResponseBody": {
        "value": [
          {
            "sourcePath": "https://fakeendpoint.blob.core.windows.net/src55db2a5c-4d2d-4fd4-b13e-d1527e802e93/document.txt",
            "lastActionDateTimeUtc": "2022-01-25T23:04:02.0062037Z",
            "status": "Failed",
            "to": "es",
            "error": {
              "code": "InvalidRequest",
              "message": "Target document file already exists.",
              "target": "Document",
              "innerError": {
                "code": "TargetFileAlreadyExists",
                "message": "Target document file already exists."
              }
            },
            "progress": 0,
            "id": "001f1406-0000-0000-0000-000000000000",
            "characterCharged": 0
          }
        ]
      }
    }
  ],
  "Variables": {
    "source_container_name": "src55db2a5c-4d2d-4fd4-b13e-d1527e802e93",
    "target_container_name": "target0ea66bf8-84e9-4e37-a03f-71c9714bbfbe"
  }
}
