interactions:
- request:
    body: '{"name": "testadls847d11a7", "type": "Microsoft.DataLakeStore/accounts"}'
    headers:
      Accept:
      - application/json
      Accept-Encoding:
      - gzip, deflate
      Connection:
      - keep-alive
      Content-Length:
      - '72'
      Content-Type:
      - application/json
      User-Agent:
      - azsdk-python-mgmt-datalake-store/1.0.0b1 Python/3.6.9 (Linux-4.9.184-linuxkit-x86_64-with-Ubuntu-18.04-bionic)
    method: POST
    uri: https://management.azure.com/subscriptions/00000000-0000-0000-0000-000000000000/providers/Microsoft.DataLakeStore/locations/eastus2/checkNameAvailability?api-version=2016-11-01
  response:
    body:
      string: '{"nameAvailable":true}'
    headers:
      cache-control:
      - no-cache
      content-length:
      - '22'
      content-type:
      - application/json
      date:
      - Mon, 21 Dec 2020 07:18:56 GMT
      expires:
      - '-1'
      pragma:
      - no-cache
      server:
      - Microsoft-IIS/10.0
      strict-transport-security:
      - max-age=31536000; includeSubDomains
      transfer-encoding:
      - chunked
      vary:
      - Accept-Encoding
      x-aspnet-version:
      - 4.0.30319
      x-content-type-options:
      - nosniff
      x-ms-ratelimit-remaining-subscription-writes:
      - '1199'
      x-powered-by:
      - ASP.NET
    status:
      code: 200
      message: OK
- request:
    body: '{"location": "eastus2", "tags": {"tag1": "value1"}, "identity": {"type":
      "SystemAssigned"}, "properties": {"encryptionConfig": {"type": "ServiceManaged"},
      "encryptionState": "Enabled"}}'
    headers:
      Accept:
      - application/json
      Accept-Encoding:
      - gzip, deflate
      Connection:
      - keep-alive
      Content-Length:
      - '185'
      Content-Type:
      - application/json
      User-Agent:
      - azsdk-python-mgmt-datalake-store/1.0.0b1 Python/3.6.9 (Linux-4.9.184-linuxkit-x86_64-with-Ubuntu-18.04-bionic)
    method: PUT
    uri: https://management.azure.com/subscriptions/00000000-0000-0000-0000-000000000000/resourceGroups/test_mgmt_datalake_store_test_adls_accounts847d11a7/providers/Microsoft.DataLakeStore/accounts/testadls847d11a7?api-version=2016-11-01
  response:
    body:
      string: '{"properties":{"encryptionState":"Enabled","encryptionConfig":{"type":"ServiceManaged"},"provisioningState":"Creating","state":null,"endpoint":null,"accountId":"5b67fe82-da80-45c7-be22-8860820f0ff6"},"location":"eastus2","tags":{"tag1":"value1"},"identity":{"type":"SystemAssigned","principalId":"00000000-0000-0000-0000-000000000000","tenantId":"00000000-0000-0000-0000-000000000000"},"id":"/subscriptions/00000000-0000-0000-0000-000000000000/resourceGroups/test_mgmt_datalake_store_test_adls_accounts847d11a7/providers/Microsoft.DataLakeStore/accounts/testadls847d11a7","name":"testadls847d11a7","type":"Microsoft.DataLakeStore/accounts"}'
    headers:
      azure-asyncoperation:
      - https://management.azure.com/subscriptions/00000000-0000-0000-0000-000000000000/providers/Microsoft.DataLakeStore/locations/eastus2/operationResults/5b67fe82-da80-45c7-be22-8860820f0ff6_0?api-version=2016-11-01
      cache-control:
      - no-cache
      content-length:
      - '640'
      content-type:
      - application/json
      date:
      - Mon, 21 Dec 2020 07:19:09 GMT
      expires:
      - '-1'
      location:
      - https://management.azure.com/subscriptions/00000000-0000-0000-0000-000000000000/resourcegroups/test_mgmt_datalake_store_test_adls_accounts847d11a7/providers/Microsoft.DataLakeStore/accounts/testadls847d11a7/operationresults/0?api-version=2016-11-01
      pragma:
      - no-cache
      server:
      - Microsoft-IIS/10.0
      strict-transport-security:
      - max-age=31536000; includeSubDomains
      x-aspnet-version:
      - 4.0.30319
      x-content-type-options:
      - nosniff
      x-ms-ratelimit-remaining-subscription-writes:
      - '1199'
      x-powered-by:
      - ASP.NET
    status:
      code: 201
      message: Created
- request:
    body: null
    headers:
      Accept:
      - '*/*'
      Accept-Encoding:
      - gzip, deflate
      Connection:
      - keep-alive
      User-Agent:
      - azsdk-python-mgmt-datalake-store/1.0.0b1 Python/3.6.9 (Linux-4.9.184-linuxkit-x86_64-with-Ubuntu-18.04-bionic)
    method: GET
    uri: https://management.azure.com/subscriptions/00000000-0000-0000-0000-000000000000/providers/Microsoft.DataLakeStore/locations/eastus2/operationResults/5b67fe82-da80-45c7-be22-8860820f0ff6_0?api-version=2016-11-01
  response:
    body:
      string: '{"status":"InProgress"}'
    headers:
      cache-control:
      - no-cache
      content-length:
      - '23'
      content-type:
      - application/json
      date:
      - Mon, 21 Dec 2020 07:19:20 GMT
      expires:
      - '-1'
      pragma:
      - no-cache
      server:
      - Microsoft-IIS/10.0
      strict-transport-security:
      - max-age=31536000; includeSubDomains
      transfer-encoding:
      - chunked
      vary:
      - Accept-Encoding
      x-aspnet-version:
      - 4.0.30319
      x-content-type-options:
      - nosniff
      x-powered-by:
      - ASP.NET
    status:
      code: 200
      message: OK
- request:
    body: null
    headers:
      Accept:
      - '*/*'
      Accept-Encoding:
      - gzip, deflate
      Connection:
      - keep-alive
      User-Agent:
      - azsdk-python-mgmt-datalake-store/1.0.0b1 Python/3.6.9 (Linux-4.9.184-linuxkit-x86_64-with-Ubuntu-18.04-bionic)
    method: GET
    uri: https://management.azure.com/subscriptions/00000000-0000-0000-0000-000000000000/providers/Microsoft.DataLakeStore/locations/eastus2/operationResults/5b67fe82-da80-45c7-be22-8860820f0ff6_0?api-version=2016-11-01
  response:
    body:
      string: '{"status":"Succeeded"}'
    headers:
      cache-control:
      - no-cache
      content-length:
      - '22'
      content-type:
      - application/json
      date:
      - Mon, 21 Dec 2020 07:19:50 GMT
      expires:
      - '-1'
      pragma:
      - no-cache
      server:
      - Microsoft-IIS/10.0
      strict-transport-security:
      - max-age=31536000; includeSubDomains
      transfer-encoding:
      - chunked
      vary:
      - Accept-Encoding
      x-aspnet-version:
      - 4.0.30319
      x-content-type-options:
      - nosniff
      x-powered-by:
      - ASP.NET
    status:
      code: 200
      message: OK
- request:
    body: null
    headers:
      Accept:
      - '*/*'
      Accept-Encoding:
      - gzip, deflate
      Connection:
      - keep-alive
      User-Agent:
      - azsdk-python-mgmt-datalake-store/1.0.0b1 Python/3.6.9 (Linux-4.9.184-linuxkit-x86_64-with-Ubuntu-18.04-bionic)
    method: GET
    uri: https://management.azure.com/subscriptions/00000000-0000-0000-0000-000000000000/resourceGroups/test_mgmt_datalake_store_test_adls_accounts847d11a7/providers/Microsoft.DataLakeStore/accounts/testadls847d11a7?api-version=2016-11-01
  response:
    body:
      string: '{"properties":{"firewallState":"Disabled","firewallAllowAzureIps":"Disabled","firewallAllowDataLakeAnalytics":"Disabled","firewallRules":[],"virtualNetworkRules":[],"trustedIdProviderState":"Disabled","trustedIdProviders":[],"encryptionState":"Enabled","encryptionConfig":{"type":"ServiceManaged"},"currentTier":"Consumption","newTier":"Consumption","dataLakePerformanceTierState":"Disabled","provisioningState":"Succeeded","state":"Active","endpoint":"testadls847d11a7.azuredatalakestore.net","accountId":"5b67fe82-da80-45c7-be22-8860820f0ff6","creationTime":"2020-12-21T07:19:09.5616055Z","lastModifiedTime":"2020-12-21T07:19:09.5616055Z"},"location":"eastus2","tags":{"tag1":"value1"},"identity":{"type":"SystemAssigned","principalId":"896ecab2-bd1a-4351-9c3d-99ca04cc4136","tenantId":"00000000-0000-0000-0000-000000000000"},"id":"/subscriptions/00000000-0000-0000-0000-000000000000/resourceGroups/test_mgmt_datalake_store_test_adls_accounts847d11a7/providers/Microsoft.DataLakeStore/accounts/testadls847d11a7","name":"testadls847d11a7","type":"Microsoft.DataLakeStore/accounts"}'
    headers:
      cache-control:
      - no-cache
      content-length:
      - '1082'
      content-type:
      - application/json
      date:
      - Mon, 21 Dec 2020 07:19:52 GMT
      expires:
      - '-1'
      pragma:
      - no-cache
      server:
      - Microsoft-IIS/10.0
      strict-transport-security:
      - max-age=31536000; includeSubDomains
      transfer-encoding:
      - chunked
      vary:
      - Accept-Encoding
      x-aspnet-version:
      - 4.0.30319
      x-content-type-options:
      - nosniff
      x-powered-by:
      - ASP.NET
    status:
      code: 200
      message: OK
- request:
    body: '{"name": "testadls847d11a7", "type": "Microsoft.DataLakeStore/accounts"}'
    headers:
      Accept:
      - application/json
      Accept-Encoding:
      - gzip, deflate
      Connection:
      - keep-alive
      Content-Length:
      - '72'
      Content-Type:
      - application/json
      User-Agent:
      - azsdk-python-mgmt-datalake-store/1.0.0b1 Python/3.6.9 (Linux-4.9.184-linuxkit-x86_64-with-Ubuntu-18.04-bionic)
    method: POST
    uri: https://management.azure.com/subscriptions/00000000-0000-0000-0000-000000000000/providers/Microsoft.DataLakeStore/locations/eastus2/checkNameAvailability?api-version=2016-11-01
  response:
    body:
      string: '{"nameAvailable":false,"reason":"AlreadyExists","message":"An account
        named ''testadls847d11a7'' already exists."}'
    headers:
      cache-control:
      - no-cache
      content-length:
      - '112'
      content-type:
      - application/json
      date:
      - Mon, 21 Dec 2020 07:19:53 GMT
      expires:
      - '-1'
      pragma:
      - no-cache
      server:
      - Microsoft-IIS/10.0
      strict-transport-security:
      - max-age=31536000; includeSubDomains
      transfer-encoding:
      - chunked
      vary:
      - Accept-Encoding
      x-aspnet-version:
      - 4.0.30319
      x-content-type-options:
      - nosniff
      x-ms-ratelimit-remaining-subscription-writes:
      - '1198'
      x-powered-by:
      - ASP.NET
    status:
      code: 200
      message: OK
- request:
    body: null
    headers:
      Accept:
      - application/json
      Accept-Encoding:
      - gzip, deflate
      Connection:
      - keep-alive
      User-Agent:
      - azsdk-python-mgmt-datalake-store/1.0.0b1 Python/3.6.9 (Linux-4.9.184-linuxkit-x86_64-with-Ubuntu-18.04-bionic)
    method: GET
    uri: https://management.azure.com/subscriptions/00000000-0000-0000-0000-000000000000/resourceGroups/test_mgmt_datalake_store_test_adls_accounts847d11a7/providers/Microsoft.DataLakeStore/accounts/testadls847d11a7?api-version=2016-11-01
  response:
    body:
      string: '{"properties":{"firewallState":"Disabled","firewallAllowAzureIps":"Disabled","firewallAllowDataLakeAnalytics":"Disabled","firewallRules":[],"virtualNetworkRules":[],"trustedIdProviderState":"Disabled","trustedIdProviders":[],"encryptionState":"Enabled","encryptionConfig":{"type":"ServiceManaged"},"currentTier":"Consumption","newTier":"Consumption","dataLakePerformanceTierState":"Disabled","provisioningState":"Succeeded","state":"Active","endpoint":"testadls847d11a7.azuredatalakestore.net","accountId":"5b67fe82-da80-45c7-be22-8860820f0ff6","creationTime":"2020-12-21T07:19:09.5616055Z","lastModifiedTime":"2020-12-21T07:19:09.5616055Z"},"location":"eastus2","tags":{"tag1":"value1"},"identity":{"type":"SystemAssigned","principalId":"896ecab2-bd1a-4351-9c3d-99ca04cc4136","tenantId":"00000000-0000-0000-0000-000000000000"},"id":"/subscriptions/00000000-0000-0000-0000-000000000000/resourceGroups/test_mgmt_datalake_store_test_adls_accounts847d11a7/providers/Microsoft.DataLakeStore/accounts/testadls847d11a7","name":"testadls847d11a7","type":"Microsoft.DataLakeStore/accounts"}'
    headers:
      cache-control:
      - no-cache
      content-length:
      - '1082'
      content-type:
      - application/json
      date:
      - Mon, 21 Dec 2020 07:19:54 GMT
      expires:
      - '-1'
      pragma:
      - no-cache
      server:
      - Microsoft-IIS/10.0
      strict-transport-security:
      - max-age=31536000; includeSubDomains
      transfer-encoding:
      - chunked
      vary:
      - Accept-Encoding
      x-aspnet-version:
      - 4.0.30319
      x-content-type-options:
      - nosniff
      x-powered-by:
      - ASP.NET
    status:
      code: 200
      message: OK
- request:
    body: '{"location": "eastus2", "tags": {"tag1": "value1"}}'
    headers:
      Accept:
      - application/json
      Accept-Encoding:
      - gzip, deflate
      Connection:
      - keep-alive
      Content-Length:
      - '51'
      Content-Type:
      - application/json
      User-Agent:
      - azsdk-python-mgmt-datalake-store/1.0.0b1 Python/3.6.9 (Linux-4.9.184-linuxkit-x86_64-with-Ubuntu-18.04-bionic)
    method: PUT
    uri: https://management.azure.com/subscriptions/00000000-0000-0000-0000-000000000000/resourceGroups/test_mgmt_datalake_store_test_adls_accounts847d11a7/providers/Microsoft.DataLakeStore/accounts/testadls2847d11a7?api-version=2016-11-01
  response:
    body:
      string: '{"properties":{"provisioningState":"Creating","state":null,"endpoint":null,"accountId":"9c2577cf-214b-4397-8e5f-ccb5edefb2d4"},"location":"eastus2","tags":{"tag1":"value1"},"id":"/subscriptions/00000000-0000-0000-0000-000000000000/resourceGroups/test_mgmt_datalake_store_test_adls_accounts847d11a7/providers/Microsoft.DataLakeStore/accounts/testadls2847d11a7","name":"testadls2847d11a7","type":"Microsoft.DataLakeStore/accounts"}'
    headers:
      azure-asyncoperation:
      - https://management.azure.com/subscriptions/00000000-0000-0000-0000-000000000000/providers/Microsoft.DataLakeStore/locations/eastus2/operationResults/9c2577cf-214b-4397-8e5f-ccb5edefb2d4_0?api-version=2016-11-01
      cache-control:
      - no-cache
      content-length:
      - '429'
      content-type:
      - application/json
      date:
      - Mon, 21 Dec 2020 07:19:59 GMT
      expires:
      - '-1'
      location:
      - https://management.azure.com/subscriptions/00000000-0000-0000-0000-000000000000/resourcegroups/test_mgmt_datalake_store_test_adls_accounts847d11a7/providers/Microsoft.DataLakeStore/accounts/testadls2847d11a7/operationresults/0?api-version=2016-11-01
      pragma:
      - no-cache
      server:
      - Microsoft-IIS/10.0
      strict-transport-security:
      - max-age=31536000; includeSubDomains
      x-aspnet-version:
      - 4.0.30319
      x-content-type-options:
      - nosniff
      x-ms-ratelimit-remaining-subscription-writes:
      - '1198'
      x-powered-by:
      - ASP.NET
    status:
      code: 201
      message: Created
- request:
    body: null
    headers:
      Accept:
      - '*/*'
      Accept-Encoding:
      - gzip, deflate
      Connection:
      - keep-alive
      User-Agent:
      - azsdk-python-mgmt-datalake-store/1.0.0b1 Python/3.6.9 (Linux-4.9.184-linuxkit-x86_64-with-Ubuntu-18.04-bionic)
    method: GET
    uri: https://management.azure.com/subscriptions/00000000-0000-0000-0000-000000000000/providers/Microsoft.DataLakeStore/locations/eastus2/operationResults/9c2577cf-214b-4397-8e5f-ccb5edefb2d4_0?api-version=2016-11-01
  response:
    body:
      string: '{"status":"InProgress"}'
    headers:
      cache-control:
      - no-cache
      content-length:
      - '23'
      content-type:
      - application/json
      date:
      - Mon, 21 Dec 2020 07:20:10 GMT
      expires:
      - '-1'
      pragma:
      - no-cache
      server:
      - Microsoft-IIS/10.0
      strict-transport-security:
      - max-age=31536000; includeSubDomains
      transfer-encoding:
      - chunked
      vary:
      - Accept-Encoding
      x-aspnet-version:
      - 4.0.30319
      x-content-type-options:
      - nosniff
      x-powered-by:
      - ASP.NET
    status:
      code: 200
      message: OK
- request:
    body: null
    headers:
      Accept:
      - '*/*'
      Accept-Encoding:
      - gzip, deflate
      Connection:
      - keep-alive
      User-Agent:
      - azsdk-python-mgmt-datalake-store/1.0.0b1 Python/3.6.9 (Linux-4.9.184-linuxkit-x86_64-with-Ubuntu-18.04-bionic)
    method: GET
    uri: https://management.azure.com/subscriptions/00000000-0000-0000-0000-000000000000/providers/Microsoft.DataLakeStore/locations/eastus2/operationResults/9c2577cf-214b-4397-8e5f-ccb5edefb2d4_0?api-version=2016-11-01
  response:
    body:
      string: '{"status":"Succeeded"}'
    headers:
      cache-control:
      - no-cache
      content-length:
      - '22'
      content-type:
      - application/json
      date:
      - Mon, 21 Dec 2020 07:20:42 GMT
      expires:
      - '-1'
      pragma:
      - no-cache
      server:
      - Microsoft-IIS/10.0
      strict-transport-security:
      - max-age=31536000; includeSubDomains
      transfer-encoding:
      - chunked
      vary:
      - Accept-Encoding
      x-aspnet-version:
      - 4.0.30319
      x-content-type-options:
      - nosniff
      x-powered-by:
      - ASP.NET
    status:
      code: 200
      message: OK
- request:
    body: null
    headers:
      Accept:
      - '*/*'
      Accept-Encoding:
      - gzip, deflate
      Connection:
      - keep-alive
      User-Agent:
      - azsdk-python-mgmt-datalake-store/1.0.0b1 Python/3.6.9 (Linux-4.9.184-linuxkit-x86_64-with-Ubuntu-18.04-bionic)
    method: GET
    uri: https://management.azure.com/subscriptions/00000000-0000-0000-0000-000000000000/resourceGroups/test_mgmt_datalake_store_test_adls_accounts847d11a7/providers/Microsoft.DataLakeStore/accounts/testadls2847d11a7?api-version=2016-11-01
  response:
    body:
      string: '{"properties":{"firewallState":"Disabled","firewallAllowAzureIps":"Disabled","firewallAllowDataLakeAnalytics":"Disabled","firewallRules":[],"virtualNetworkRules":[],"trustedIdProviderState":"Disabled","trustedIdProviders":[],"encryptionState":"Enabled","encryptionConfig":{"type":"ServiceManaged"},"currentTier":"Consumption","newTier":"Consumption","dataLakePerformanceTierState":"Disabled","provisioningState":"Succeeded","state":"Active","endpoint":"testadls2847d11a7.azuredatalakestore.net","accountId":"9c2577cf-214b-4397-8e5f-ccb5edefb2d4","creationTime":"2020-12-21T07:20:00.8214792Z","lastModifiedTime":"2020-12-21T07:20:00.8214792Z"},"location":"eastus2","tags":{"tag1":"value1"},"id":"/subscriptions/00000000-0000-0000-0000-000000000000/resourceGroups/test_mgmt_datalake_store_test_adls_accounts847d11a7/providers/Microsoft.DataLakeStore/accounts/testadls2847d11a7","name":"testadls2847d11a7","type":"Microsoft.DataLakeStore/accounts"}'
    headers:
      cache-control:
      - no-cache
      content-length:
      - '945'
      content-type:
      - application/json
      date:
      - Mon, 21 Dec 2020 07:20:43 GMT
      expires:
      - '-1'
      pragma:
      - no-cache
      server:
      - Microsoft-IIS/10.0
      strict-transport-security:
      - max-age=31536000; includeSubDomains
      transfer-encoding:
      - chunked
      vary:
      - Accept-Encoding
      x-aspnet-version:
      - 4.0.30319
      x-content-type-options:
      - nosniff
      x-powered-by:
      - ASP.NET
    status:
      code: 200
      message: OK
- request:
    body: null
    headers:
      Accept:
      - application/json
      Accept-Encoding:
      - gzip, deflate
      Connection:
      - keep-alive
      User-Agent:
      - azsdk-python-mgmt-datalake-store/1.0.0b1 Python/3.6.9 (Linux-4.9.184-linuxkit-x86_64-with-Ubuntu-18.04-bionic)
    method: GET
    uri: https://management.azure.com/subscriptions/00000000-0000-0000-0000-000000000000/resourceGroups/test_mgmt_datalake_store_test_adls_accounts847d11a7/providers/Microsoft.DataLakeStore/accounts/testadls2847d11a7?api-version=2016-11-01
  response:
    body:
      string: '{"properties":{"firewallState":"Disabled","firewallAllowAzureIps":"Disabled","firewallAllowDataLakeAnalytics":"Disabled","firewallRules":[],"virtualNetworkRules":[],"trustedIdProviderState":"Disabled","trustedIdProviders":[],"encryptionState":"Enabled","encryptionConfig":{"type":"ServiceManaged"},"currentTier":"Consumption","newTier":"Consumption","dataLakePerformanceTierState":"Disabled","provisioningState":"Succeeded","state":"Active","endpoint":"testadls2847d11a7.azuredatalakestore.net","accountId":"9c2577cf-214b-4397-8e5f-ccb5edefb2d4","creationTime":"2020-12-21T07:20:00.8214792Z","lastModifiedTime":"2020-12-21T07:20:00.8214792Z"},"location":"eastus2","tags":{"tag1":"value1"},"id":"/subscriptions/00000000-0000-0000-0000-000000000000/resourceGroups/test_mgmt_datalake_store_test_adls_accounts847d11a7/providers/Microsoft.DataLakeStore/accounts/testadls2847d11a7","name":"testadls2847d11a7","type":"Microsoft.DataLakeStore/accounts"}'
    headers:
      cache-control:
      - no-cache
      content-length:
      - '945'
      content-type:
      - application/json
      date:
      - Mon, 21 Dec 2020 07:20:44 GMT
      expires:
      - '-1'
      pragma:
      - no-cache
      server:
      - Microsoft-IIS/10.0
      strict-transport-security:
      - max-age=31536000; includeSubDomains
      transfer-encoding:
      - chunked
      vary:
      - Accept-Encoding
      x-aspnet-version:
      - 4.0.30319
      x-content-type-options:
      - nosniff
      x-powered-by:
      - ASP.NET
    status:
      code: 200
      message: OK
- request:
    body: null
    headers:
      Accept:
      - application/json
      Accept-Encoding:
      - gzip, deflate
      Connection:
      - keep-alive
      User-Agent:
      - azsdk-python-mgmt-datalake-store/1.0.0b1 Python/3.6.9 (Linux-4.9.184-linuxkit-x86_64-with-Ubuntu-18.04-bionic)
    method: GET
    uri: https://management.azure.com/subscriptions/00000000-0000-0000-0000-000000000000/resourceGroups/test_mgmt_datalake_store_test_adls_accounts847d11a7/providers/Microsoft.DataLakeStore/accounts?api-version=2016-11-01
  response:
    body:
      string: '{"value":[{"properties":{"provisioningState":"Succeeded","state":"Active","endpoint":"testadls2847d11a7.azuredatalakestore.net","accountId":"9c2577cf-214b-4397-8e5f-ccb5edefb2d4","creationTime":"2020-12-21T07:20:00.8214792Z","lastModifiedTime":"2020-12-21T07:20:00.8214792Z"},"location":"eastus2","tags":{"tag1":"value1"},"id":"/subscriptions/00000000-0000-0000-0000-000000000000/resourceGroups/test_mgmt_datalake_store_test_adls_accounts847d11a7/providers/Microsoft.DataLakeStore/accounts/testadls2847d11a7","name":"testadls2847d11a7","type":"Microsoft.DataLakeStore/accounts"},{"properties":{"provisioningState":"Succeeded","state":"Active","endpoint":"testadls847d11a7.azuredatalakestore.net","accountId":"5b67fe82-da80-45c7-be22-8860820f0ff6","creationTime":"2020-12-21T07:19:09.5616055Z","lastModifiedTime":"2020-12-21T07:19:09.5616055Z"},"location":"eastus2","tags":{"tag1":"value1"},"id":"/subscriptions/00000000-0000-0000-0000-000000000000/resourceGroups/test_mgmt_datalake_store_test_adls_accounts847d11a7/providers/Microsoft.DataLakeStore/accounts/testadls847d11a7","name":"testadls847d11a7","type":"Microsoft.DataLakeStore/accounts"}]}'
    headers:
      cache-control:
      - no-cache
      content-length:
      - '1146'
      content-type:
      - application/json
      date:
      - Mon, 21 Dec 2020 07:20:46 GMT
      expires:
      - '-1'
      pragma:
      - no-cache
      server:
      - Microsoft-IIS/10.0
      strict-transport-security:
      - max-age=31536000; includeSubDomains
      transfer-encoding:
      - chunked
      vary:
      - Accept-Encoding
      x-aspnet-version:
      - 4.0.30319
      x-content-type-options:
      - nosniff
      x-powered-by:
      - ASP.NET
    status:
      code: 200
      message: OK
- request:
    body: null
    headers:
      Accept:
      - application/json
      Accept-Encoding:
      - gzip, deflate
      Connection:
      - keep-alive
      User-Agent:
      - azsdk-python-mgmt-datalake-store/1.0.0b1 Python/3.6.9 (Linux-4.9.184-linuxkit-x86_64-with-Ubuntu-18.04-bionic)
    method: GET
    uri: https://management.azure.com/subscriptions/00000000-0000-0000-0000-000000000000/providers/Microsoft.DataLakeStore/accounts?api-version=2016-11-01
  response:
    body:
      string: '{"value":[{"properties":{"provisioningState":"Succeeded","state":"Active","endpoint":"testadls2847d11a7.azuredatalakestore.net","accountId":"9c2577cf-214b-4397-8e5f-ccb5edefb2d4","creationTime":"2020-12-21T07:20:00.8214792Z","lastModifiedTime":"2020-12-21T07:20:00.8214792Z"},"location":"eastus2","tags":{"tag1":"value1"},"id":"/subscriptions/00000000-0000-0000-0000-000000000000/resourceGroups/test_mgmt_datalake_store_test_adls_accounts847d11a7/providers/Microsoft.DataLakeStore/accounts/testadls2847d11a7","name":"testadls2847d11a7","type":"Microsoft.DataLakeStore/accounts"},{"properties":{"provisioningState":"Succeeded","state":"Active","endpoint":"testadls847d11a7.azuredatalakestore.net","accountId":"5b67fe82-da80-45c7-be22-8860820f0ff6","creationTime":"2020-12-21T07:19:09.5616055Z","lastModifiedTime":"2020-12-21T07:19:09.5616055Z"},"location":"eastus2","tags":{"tag1":"value1"},"id":"/subscriptions/00000000-0000-0000-0000-000000000000/resourceGroups/test_mgmt_datalake_store_test_adls_accounts847d11a7/providers/Microsoft.DataLakeStore/accounts/testadls847d11a7","name":"testadls847d11a7","type":"Microsoft.DataLakeStore/accounts"}]}'
    headers:
      cache-control:
      - no-cache
      content-length:
      - '1146'
      content-type:
      - application/json
      date:
      - Mon, 21 Dec 2020 07:20:47 GMT
      expires:
      - '-1'
      pragma:
      - no-cache
      server:
      - Microsoft-IIS/10.0
      strict-transport-security:
      - max-age=31536000; includeSubDomains
      transfer-encoding:
      - chunked
      vary:
      - Accept-Encoding
      x-aspnet-version:
      - 4.0.30319
      x-content-type-options:
      - nosniff
      x-powered-by:
      - ASP.NET
    status:
      code: 200
      message: OK
- request:
    body: '{"tags": {"tag2": "value2"}}'
    headers:
      Accept:
      - application/json
      Accept-Encoding:
      - gzip, deflate
      Connection:
      - keep-alive
      Content-Length:
      - '28'
      Content-Type:
      - application/json
      User-Agent:
      - azsdk-python-mgmt-datalake-store/1.0.0b1 Python/3.6.9 (Linux-4.9.184-linuxkit-x86_64-with-Ubuntu-18.04-bionic)
    method: PATCH
    uri: https://management.azure.com/subscriptions/00000000-0000-0000-0000-000000000000/resourceGroups/test_mgmt_datalake_store_test_adls_accounts847d11a7/providers/Microsoft.DataLakeStore/accounts/testadls847d11a7?api-version=2016-11-01
  response:
    body:
      string: '{"properties":{"firewallState":"Disabled","firewallAllowAzureIps":"Disabled","firewallAllowDataLakeAnalytics":"Disabled","firewallRules":[],"virtualNetworkRules":[],"trustedIdProviderState":"Disabled","trustedIdProviders":[],"encryptionState":"Enabled","encryptionConfig":{"type":"ServiceManaged"},"currentTier":"Consumption","newTier":"Consumption","dataLakePerformanceTierState":"Disabled","provisioningState":"Succeeded","state":"Active","endpoint":"testadls847d11a7.azuredatalakestore.net","accountId":"5b67fe82-da80-45c7-be22-8860820f0ff6","creationTime":"2020-12-21T07:19:09.5616055Z","lastModifiedTime":"2020-12-21T07:20:48.9970883Z"},"location":"eastus2","tags":{"tag2":"value2"},"identity":{"type":"SystemAssigned","principalId":"896ecab2-bd1a-4351-9c3d-99ca04cc4136","tenantId":"00000000-0000-0000-0000-000000000000"},"id":"/subscriptions/00000000-0000-0000-0000-000000000000/resourceGroups/test_mgmt_datalake_store_test_adls_accounts847d11a7/providers/Microsoft.DataLakeStore/accounts/testadls847d11a7","name":"testadls847d11a7","type":"Microsoft.DataLakeStore/accounts"}'
    headers:
      cache-control:
      - no-cache
      content-length:
      - '1082'
      content-type:
      - application/json
      date:
      - Mon, 21 Dec 2020 07:20:50 GMT
      expires:
      - '-1'
      pragma:
      - no-cache
      server:
      - Microsoft-IIS/10.0
      strict-transport-security:
      - max-age=31536000; includeSubDomains
      transfer-encoding:
      - chunked
      vary:
      - Accept-Encoding
      x-aspnet-version:
      - 4.0.30319
      x-content-type-options:
      - nosniff
      x-ms-ratelimit-remaining-subscription-writes:
      - '1197'
      x-powered-by:
      - ASP.NET
    status:
      code: 200
      message: OK
- request:
    body: null
    headers:
      Accept:
      - application/json
      Accept-Encoding:
      - gzip, deflate
      Connection:
      - keep-alive
      User-Agent:
      - azsdk-python-mgmt-datalake-store/1.0.0b1 Python/3.6.9 (Linux-4.9.184-linuxkit-x86_64-with-Ubuntu-18.04-bionic)
    method: GET
    uri: https://management.azure.com/subscriptions/00000000-0000-0000-0000-000000000000/providers/Microsoft.DataLakeStore/locations/eastus2/capability?api-version=2016-11-01
  response:
    body:
      string: '{"subscriptionId":"00000000-0000-0000-0000-000000000000","state":"Registered","maxAccountCount":10,"accountCount":2,"migrationState":false}'
    headers:
      cache-control:
      - no-cache
      content-length:
      - '139'
      content-type:
      - application/json
      date:
      - Mon, 21 Dec 2020 07:20:51 GMT
      expires:
      - '-1'
      pragma:
      - no-cache
      server:
      - Microsoft-IIS/10.0
      strict-transport-security:
      - max-age=31536000; includeSubDomains
      transfer-encoding:
      - chunked
      vary:
      - Accept-Encoding
      x-aspnet-version:
      - 4.0.30319
      x-content-type-options:
      - nosniff
      x-powered-by:
      - ASP.NET
    status:
      code: 200
      message: OK
- request:
    body: null
    headers:
      Accept:
      - application/json
      Accept-Encoding:
      - gzip, deflate
      Connection:
      - keep-alive
      User-Agent:
      - azsdk-python-mgmt-datalake-store/1.0.0b1 Python/3.6.9 (Linux-4.9.184-linuxkit-x86_64-with-Ubuntu-18.04-bionic)
    method: GET
    uri: https://management.azure.com/providers/Microsoft.DataLakeStore/operations?api-version=2016-11-01
  response:
    body:
      string: '{"value":[{"name":"Microsoft.DataLakeStore/operations/read","display":{"provider":"Microsoft
        DataLakeStore","resource":"Available Operations","operation":"Get Available
        Operations","description":"Get available operations of DataLakeStore."}},{"name":"Microsoft.DataLakeStore/register/action","display":{"provider":"Microsoft
        DataLakeStore","resource":"Registration","operation":"Register to DataLakeStore","description":"Register
        subscription to DataLakeStore."}},{"name":"Microsoft.DataLakeStore/accounts/read","display":{"provider":"Microsoft
        DataLakeStore","resource":"Account","operation":"Get DataLakeStore Account","description":"Get
        information about an existing DataLakeStore account."}},{"name":"Microsoft.DataLakeStore/accounts/write","display":{"provider":"Microsoft
        DataLakeStore","resource":"Account","operation":"Create or Update DataLakeStore
        Account","description":"Create or update a DataLakeStore account."}},{"name":"Microsoft.DataLakeStore/accounts/delete","display":{"provider":"Microsoft
        DataLakeStore","resource":"Account","operation":"Delete DataLakeStore Account","description":"Delete
        a DataLakeStore account."}},{"name":"Microsoft.DataLakeStore/accounts/operationResults/read","display":{"provider":"Microsoft
        DataLakeStore","resource":"Operation Result","operation":"Get DataLakeStore
        Account OperationResult","description":"Get result of a DataLakeStore account
        operation."}},{"name":"Microsoft.DataLakeStore/accounts/enableKeyVault/action","display":{"provider":"Microsoft
        DataLakeStore","resource":"Key Vault","operation":"Enable Key Vault for DataLakeStore
        Account","description":"Enable KeyVault for a DataLakeStore account."}},{"name":"Microsoft.DataLakeStore/accounts/firewallRules/read","display":{"provider":"Microsoft
        DataLakeStore","resource":"Firewall Rule","operation":"Get Firewall Rule","description":"Get
        information about a firewall rule."}},{"name":"Microsoft.DataLakeStore/accounts/firewallRules/write","display":{"provider":"Microsoft
        DataLakeStore","resource":"Firewall Rule","operation":"Create or Update Firewall
        Rule","description":"Create or update a firewall rule."}},{"name":"Microsoft.DataLakeStore/accounts/firewallRules/delete","display":{"provider":"Microsoft
        DataLakeStore","resource":"Firewall Rule","operation":"Delete Firewall Rule","description":"Delete
        a firewall rule."}},{"name":"Microsoft.DataLakeStore/accounts/virtualNetworkRules/read","display":{"provider":"Microsoft
        DataLakeStore","resource":"Virtual Network Rule","operation":"Get Virtual
        Network Rule","description":"Get information about a virtual network rule."}},{"name":"Microsoft.DataLakeStore/accounts/virtualNetworkRules/write","display":{"provider":"Microsoft
        DataLakeStore","resource":"Virtual Network Rule","operation":"Create or Update
        Virtual Network Rule","description":"Create or update a virtual network rule."}},{"name":"Microsoft.DataLakeStore/accounts/virtualNetworkRules/delete","display":{"provider":"Microsoft
        DataLakeStore","resource":"Virtual Network Rule","operation":"Delete Virtual
        Network Rule","description":"Delete a virtual network rule."}},{"name":"Microsoft.DataLakeStore/accounts/trustedIdProviders/read","display":{"provider":"Microsoft
        DataLakeStore","resource":"Trusted IdProvider","operation":"Get Trusted Identity
        Provider","description":"Get information about a trusted identity provider."}},{"name":"Microsoft.DataLakeStore/accounts/trustedIdProviders/write","display":{"provider":"Microsoft
        DataLakeStore","resource":"Trusted IdProvider","operation":"Create or Update
        Trusted Identity Provider","description":"Create or update a trusted identity
        provider."}},{"name":"Microsoft.DataLakeStore/accounts/trustedIdProviders/delete","display":{"provider":"Microsoft
        DataLakeStore","resource":"Trusted IdProvider","operation":"Delete Trusted
        Identity Provider","description":"Delete a trusted identity provider."}},{"name":"Microsoft.DataLakeStore/accounts/cosmosCertMappings/read","display":{"provider":"Microsoft
        DataLakeStore","resource":"Cosmos Cert Mapping","operation":"Get Cosmos Cert
        Mapping","description":"Get information about a Cosmos Cert Mapping."}},{"name":"Microsoft.DataLakeStore/accounts/cosmosCertMappings/write","display":{"provider":"Microsoft
        DataLakeStore","resource":"Cosmos Cert Mapping","operation":"Create or Update
        Cosmos Cert Mapping","description":"Create or update a Cosmos Cert Mapping."}},{"name":"Microsoft.DataLakeStore/accounts/cosmosCertMappings/delete","display":{"provider":"Microsoft
        DataLakeStore","resource":"Cosmos Cert Mapping","operation":"Delete Cosmos
        Cert Mapping","description":"Delete a Cosmos Cert Mapping."}},{"name":"Microsoft.DataLakeStore/accounts/shares/read","display":{"provider":"Microsoft
        DataLakeStore","resource":"Share","operation":"Get Share","description":"Get
        information about a share."}},{"name":"Microsoft.DataLakeStore/accounts/shares/write","display":{"provider":"Microsoft
        DataLakeStore","resource":"Share","operation":"Create or Update Share","description":"Create
        or update a share."}},{"name":"Microsoft.DataLakeStore/accounts/shares/delete","display":{"provider":"Microsoft
        DataLakeStore","resource":"Share","operation":"Delete Share","description":"Delete
        a share."}},{"name":"Microsoft.DataLakeStore/accounts/mountpoints/read","display":{"provider":"Microsoft
        DataLakeStore","resource":"MountPoint","operation":"Get Mountpoint","description":"Get
        information about a mount point."}},{"name":"Microsoft.DataLakeStore/accounts/Superuser/action","display":{"provider":"Microsoft
        DataLakeStore","resource":"Superuser","operation":"Grant Superuser","description":"Grant
        Superuser on Data Lake Store when granted with Microsoft.Authorization/roleAssignments/write."}},{"name":"Microsoft.DataLakeStore/accounts/eventGridFilters/read","display":{"provider":"Microsoft
        DataLakeStore","resource":"EventGrid Filter","operation":"Get EventGrid Filter","description":"Get
        an EventGrid Filter."}},{"name":"Microsoft.DataLakeStore/accounts/eventGridFilters/write","display":{"provider":"Microsoft
        DataLakeStore","resource":"EventGrid Filter","operation":"Create or Update
        EventGrid Filter","description":"Create or update an EventGrid Filter."}},{"name":"Microsoft.DataLakeStore/accounts/eventGridFilters/delete","display":{"provider":"Microsoft
        DataLakeStore","resource":"EventGrid Filter","operation":"Delete EventGrid
        Filter","description":"Delete an EventGrid Filter."}},{"name":"Microsoft.DataLakeStore/locations/capability/read","display":{"provider":"Microsoft
        DataLakeStore","resource":"Subscription Capability","operation":"Get DataLakeStore
        Subscription Capability","description":"Get capability information of a subscription
        regarding using DataLakeStore."}},{"name":"Microsoft.DataLakeStore/locations/usages/read","display":{"provider":"Microsoft
        DataLakeStore","resource":"Subscription Quota Usages","operation":"Get DataLakeStore
        Subscription Quota Usages","description":"Get quota usages information of
        a subscription regarding using DataLakeStore."}},{"name":"Microsoft.DataLakeStore/locations/checkNameAvailability/action","display":{"provider":"Microsoft
        DataLakeStore","resource":"Name Availability","operation":"Check DataLakeStore
        Account Name Availability","description":"Check availability of a DataLakeStore
        account name."}},{"name":"Microsoft.DataLakeStore/locations/operationResults/read","display":{"provider":"Microsoft
        DataLakeStore","resource":"Operation Result","operation":"Get DataLakeStore
        Account OperationResult","description":"Get result of a DataLakeStore account
        operation."}},{"name":"Microsoft.DataLakeStore/locations/deleteVirtualNetworkOrSubnets/action","display":{"provider":"Microsoft
        DataLakeStore","resource":"Virtual Network Rule","operation":"Delete Virtual
        Network or Subnets Notification","description":"Delete Virtual Network or
        Subnets across DataLakeStore Accounts."},"origin":"system"},{"name":"Microsoft.DataLakeStore/accounts/providers/Microsoft.Insights/metricDefinitions/read","display":{"provider":"Microsoft
        DataLakeStore","resource":"Metric Definition","operation":"Get DataLakeStore
        Account metric definitions","description":"Get the available metrics for the
        DataLakeStore account."},"origin":"system","properties":{"serviceSpecification":{"metricSpecifications":[{"name":"TotalStorage","displayName":"Total
        Storage","displayDescription":"Total amount of data stored in the account.","unit":"Bytes","aggregationType":"Maximum","availabilities":[{"timeGrain":"PT1M","blobDuration":"PT1H"},{"timeGrain":"PT1H","blobDuration":"P1D"}]},{"name":"DataWritten","displayName":"Data
        Written","displayDescription":"Total amount of data written to the account.","unit":"Bytes","aggregationType":"Total","availabilities":[{"timeGrain":"PT1M","blobDuration":"PT1H"},{"timeGrain":"PT1H","blobDuration":"P1D"}]},{"name":"DataRead","displayName":"Data
        Read","displayDescription":"Total amount of data read from the account.","unit":"Bytes","aggregationType":"Total","availabilities":[{"timeGrain":"PT1M","blobDuration":"PT1H"},{"timeGrain":"PT1H","blobDuration":"P1D"}]},{"name":"WriteRequests","displayName":"Write
        Requests","displayDescription":"Count of data write requests to the account.","unit":"Count","aggregationType":"Total","availabilities":[{"timeGrain":"PT1M","blobDuration":"PT1H"},{"timeGrain":"PT1H","blobDuration":"P1D"}]},{"name":"ReadRequests","displayName":"Read
        Requests","displayDescription":"Count of data read requests to the account.","unit":"Count","aggregationType":"Total","availabilities":[{"timeGrain":"PT1M","blobDuration":"PT1H"},{"timeGrain":"PT1H","blobDuration":"P1D"}]}]}}},{"name":"Microsoft.DataLakeStore/accounts/providers/Microsoft.Insights/logDefinitions/read","display":{"provider":"Microsoft
        DataLakeStore","resource":"Log Definition","operation":"Get DataLakeStore
        Account log definitions","description":"Get the available logs for the DataLakeStore
        account."},"origin":"system","properties":{"serviceSpecification":{"logSpecifications":[{"name":"Audit","displayName":"Audit
        Logs","blobDuration":"PT1H"},{"name":"Requests","displayName":"Request Logs","blobDuration":"PT1H"}]}}},{"name":"Microsoft.DataLakeStore/accounts/providers/Microsoft.Insights/diagnosticSettings/read","display":{"provider":"Microsoft
        DataLakeStore","resource":"Diagnostic Setting","operation":"Get DataLakeStore
        Account diagnostic settings","description":"Get the diagnostic settings for
        the DataLakeStore account."},"origin":"system"},{"name":"Microsoft.DataLakeStore/accounts/providers/Microsoft.Insights/diagnosticSettings/write","display":{"provider":"Microsoft
        DataLakeStore","resource":"Diagnostic Setting","operation":"Create or update
        DataLakeStore Account diagnostic settings","description":"Create or update
        the diagnostic settings for the DataLakeStore account."},"origin":"system"}]}'
    headers:
      cache-control:
      - no-cache
      content-length:
      - '10784'
      content-type:
      - application/json
      date:
      - Mon, 21 Dec 2020 07:20:53 GMT
      expires:
      - '-1'
      pragma:
      - no-cache
      server:
      - Microsoft-IIS/10.0
      strict-transport-security:
      - max-age=31536000; includeSubDomains
      transfer-encoding:
      - chunked
      vary:
      - Accept-Encoding
      x-aspnet-version:
      - 4.0.30319
      x-content-type-options:
      - nosniff
      x-powered-by:
      - ASP.NET
    status:
      code: 200
      message: OK
- request:
    body: null
    headers:
      Accept:
      - '*/*'
      Accept-Encoding:
      - gzip, deflate
      Connection:
      - keep-alive
      Content-Length:
      - '0'
      User-Agent:
      - azsdk-python-mgmt-datalake-store/1.0.0b1 Python/3.6.9 (Linux-4.9.184-linuxkit-x86_64-with-Ubuntu-18.04-bionic)
    method: DELETE
    uri: https://management.azure.com/subscriptions/00000000-0000-0000-0000-000000000000/resourceGroups/test_mgmt_datalake_store_test_adls_accounts847d11a7/providers/Microsoft.DataLakeStore/accounts/testadls847d11a7?api-version=2016-11-01
  response:
    body:
      string: ''
    headers:
      cache-control:
      - no-cache
      content-length:
      - '0'
      date:
      - Mon, 21 Dec 2020 07:21:00 GMT
      expires:
      - '-1'
      pragma:
      - no-cache
      server:
      - Microsoft-IIS/10.0
      strict-transport-security:
      - max-age=31536000; includeSubDomains
      x-aspnet-version:
      - 4.0.30319
      x-content-type-options:
      - nosniff
      x-ms-ratelimit-remaining-subscription-deletes:
      - '14999'
      x-powered-by:
      - ASP.NET
    status:
      code: 200
      message: OK
version: 1
