interactions:
- request:
    body: '{"location": "eastus", "properties": {"administratorLogin": "dummylogin",
      "administratorLoginPassword": "Un53cuRE!", "version": "12.0"}}'
    headers:
      Accept:
      - application/json
      Accept-Encoding:
      - gzip, deflate
      Connection:
      - keep-alive
      Content-Length:
      - '136'
      Content-Type:
      - application/json
      User-Agent:
      - azsdk-python-mgmt-sql/2.0.0 Python/3.8.9 (Linux-5.4.0-1046-azure-x86_64-with-glibc2.2.5)
        VSTS_0fb41ef4-5012-48a9-bf39-4ee3de03ee35_build_2384_0
    method: PUT
    uri: https://management.azure.com/subscriptions/00000000-0000-0000-0000-000000000000/resourceGroups/rgname/providers/Microsoft.Sql/servers/myserverxpxyz?api-version=2020-11-01-preview
  response:
    body:
      string: '{"operation":"UpsertLogicalServer","startTime":"2021-05-13T06:31:44.983Z"}'
    headers:
      azure-asyncoperation:
      - https://management.azure.com/subscriptions/00000000-0000-0000-0000-000000000000/resourceGroups/rgname/providers/Microsoft.Sql/locations/eastus/serverAzureAsyncOperation/d26d3b89-1899-4a12-bded-42a31baff5fb?api-version=2020-11-01-preview
      cache-control:
      - no-cache
      content-length:
      - '74'
      content-type:
      - application/json; charset=utf-8
      date:
      - Thu, 13 May 2021 06:31:44 GMT
      expires:
      - '-1'
      location:
      - https://management.azure.com/subscriptions/00000000-0000-0000-0000-000000000000/resourceGroups/rgname/providers/Microsoft.Sql/locations/eastus/serverOperationResults/d26d3b89-1899-4a12-bded-42a31baff5fb?api-version=2020-11-01-preview
      pragma:
      - no-cache
      server:
      - Microsoft-HTTPAPI/2.0
      strict-transport-security:
      - max-age=31536000; includeSubDomains
      x-content-type-options:
      - nosniff
      x-ms-ratelimit-remaining-subscription-writes:
      - '1199'
    status:
      code: 202
      message: Accepted
- request:
    body: null
    headers:
      Accept:
      - '*/*'
      Accept-Encoding:
      - gzip, deflate
      Connection:
      - keep-alive
      User-Agent:
      - azsdk-python-mgmt-sql/2.0.0 Python/3.8.9 (Linux-5.4.0-1046-azure-x86_64-with-glibc2.2.5)
        VSTS_0fb41ef4-5012-48a9-bf39-4ee3de03ee35_build_2384_0
    method: GET
    uri: https://management.azure.com/subscriptions/00000000-0000-0000-0000-000000000000/resourceGroups/rgname/providers/Microsoft.Sql/locations/eastus/serverAzureAsyncOperation/d26d3b89-1899-4a12-bded-42a31baff5fb?api-version=2020-11-01-preview
  response:
    body:
      string: '{"name":"d26d3b89-1899-4a12-bded-42a31baff5fb","status":"InProgress","startTime":"2021-05-13T06:31:44.983Z"}'
    headers:
      cache-control:
      - no-cache
      content-length:
      - '108'
      content-type:
      - application/json; charset=utf-8
      date:
      - Thu, 13 May 2021 06:31:45 GMT
      expires:
      - '-1'
      pragma:
      - no-cache
      server:
      - Microsoft-HTTPAPI/2.0
      strict-transport-security:
      - max-age=31536000; includeSubDomains
      transfer-encoding:
      - chunked
      vary:
      - Accept-Encoding
      x-content-type-options:
      - nosniff
    status:
      code: 200
      message: OK
- request:
    body: null
    headers:
      Accept:
      - '*/*'
      Accept-Encoding:
      - gzip, deflate
      Connection:
      - keep-alive
      User-Agent:
      - azsdk-python-mgmt-sql/2.0.0 Python/3.8.9 (Linux-5.4.0-1046-azure-x86_64-with-glibc2.2.5)
        VSTS_0fb41ef4-5012-48a9-bf39-4ee3de03ee35_build_2384_0
    method: GET
    uri: https://management.azure.com/subscriptions/00000000-0000-0000-0000-000000000000/resourceGroups/rgname/providers/Microsoft.Sql/locations/eastus/serverAzureAsyncOperation/d26d3b89-1899-4a12-bded-42a31baff5fb?api-version=2020-11-01-preview
  response:
    body:
      string: '{"name":"d26d3b89-1899-4a12-bded-42a31baff5fb","status":"InProgress","startTime":"2021-05-13T06:31:44.983Z"}'
    headers:
      cache-control:
      - no-cache
      content-length:
      - '108'
      content-type:
      - application/json; charset=utf-8
      date:
      - Thu, 13 May 2021 06:31:46 GMT
      expires:
      - '-1'
      pragma:
      - no-cache
      server:
      - Microsoft-HTTPAPI/2.0
      strict-transport-security:
      - max-age=31536000; includeSubDomains
      transfer-encoding:
      - chunked
      vary:
      - Accept-Encoding
      x-content-type-options:
      - nosniff
    status:
      code: 200
      message: OK
- request:
    body: null
    headers:
      Accept:
      - '*/*'
      Accept-Encoding:
      - gzip, deflate
      Connection:
      - keep-alive
      User-Agent:
      - azsdk-python-mgmt-sql/2.0.0 Python/3.8.9 (Linux-5.4.0-1046-azure-x86_64-with-glibc2.2.5)
        VSTS_0fb41ef4-5012-48a9-bf39-4ee3de03ee35_build_2384_0
    method: GET
    uri: https://management.azure.com/subscriptions/00000000-0000-0000-0000-000000000000/resourceGroups/rgname/providers/Microsoft.Sql/locations/eastus/serverAzureAsyncOperation/d26d3b89-1899-4a12-bded-42a31baff5fb?api-version=2020-11-01-preview
  response:
    body:
      string: '{"name":"d26d3b89-1899-4a12-bded-42a31baff5fb","status":"InProgress","startTime":"2021-05-13T06:31:44.983Z"}'
    headers:
      cache-control:
      - no-cache
      content-length:
      - '108'
      content-type:
      - application/json; charset=utf-8
      date:
      - Thu, 13 May 2021 06:31:47 GMT
      expires:
      - '-1'
      pragma:
      - no-cache
      server:
      - Microsoft-HTTPAPI/2.0
      strict-transport-security:
      - max-age=31536000; includeSubDomains
      transfer-encoding:
      - chunked
      vary:
      - Accept-Encoding
      x-content-type-options:
      - nosniff
    status:
      code: 200
      message: OK
- request:
    body: null
    headers:
      Accept:
      - '*/*'
      Accept-Encoding:
      - gzip, deflate
      Connection:
      - keep-alive
      User-Agent:
      - azsdk-python-mgmt-sql/2.0.0 Python/3.8.9 (Linux-5.4.0-1046-azure-x86_64-with-glibc2.2.5)
        VSTS_0fb41ef4-5012-48a9-bf39-4ee3de03ee35_build_2384_0
    method: GET
    uri: https://management.azure.com/subscriptions/00000000-0000-0000-0000-000000000000/resourceGroups/rgname/providers/Microsoft.Sql/locations/eastus/serverAzureAsyncOperation/d26d3b89-1899-4a12-bded-42a31baff5fb?api-version=2020-11-01-preview
  response:
    body:
      string: '{"name":"d26d3b89-1899-4a12-bded-42a31baff5fb","status":"InProgress","startTime":"2021-05-13T06:31:44.983Z"}'
    headers:
      cache-control:
      - no-cache
      content-length:
      - '108'
      content-type:
      - application/json; charset=utf-8
      date:
      - Thu, 13 May 2021 06:31:48 GMT
      expires:
      - '-1'
      pragma:
      - no-cache
      server:
      - Microsoft-HTTPAPI/2.0
      strict-transport-security:
      - max-age=31536000; includeSubDomains
      transfer-encoding:
      - chunked
      vary:
      - Accept-Encoding
      x-content-type-options:
      - nosniff
    status:
      code: 200
      message: OK
- request:
    body: null
    headers:
      Accept:
      - '*/*'
      Accept-Encoding:
      - gzip, deflate
      Connection:
      - keep-alive
      User-Agent:
      - azsdk-python-mgmt-sql/2.0.0 Python/3.8.9 (Linux-5.4.0-1046-azure-x86_64-with-glibc2.2.5)
        VSTS_0fb41ef4-5012-48a9-bf39-4ee3de03ee35_build_2384_0
    method: GET
    uri: https://management.azure.com/subscriptions/00000000-0000-0000-0000-000000000000/resourceGroups/rgname/providers/Microsoft.Sql/locations/eastus/serverAzureAsyncOperation/d26d3b89-1899-4a12-bded-42a31baff5fb?api-version=2020-11-01-preview
  response:
    body:
      string: '{"name":"d26d3b89-1899-4a12-bded-42a31baff5fb","status":"InProgress","startTime":"2021-05-13T06:31:44.983Z"}'
    headers:
      cache-control:
      - no-cache
      content-length:
      - '108'
      content-type:
      - application/json; charset=utf-8
      date:
      - Thu, 13 May 2021 06:31:50 GMT
      expires:
      - '-1'
      pragma:
      - no-cache
      server:
      - Microsoft-HTTPAPI/2.0
      strict-transport-security:
      - max-age=31536000; includeSubDomains
      transfer-encoding:
      - chunked
      vary:
      - Accept-Encoding
      x-content-type-options:
      - nosniff
    status:
      code: 200
      message: OK
- request:
    body: null
    headers:
      Accept:
      - '*/*'
      Accept-Encoding:
      - gzip, deflate
      Connection:
      - keep-alive
      User-Agent:
      - azsdk-python-mgmt-sql/2.0.0 Python/3.8.9 (Linux-5.4.0-1046-azure-x86_64-with-glibc2.2.5)
        VSTS_0fb41ef4-5012-48a9-bf39-4ee3de03ee35_build_2384_0
    method: GET
    uri: https://management.azure.com/subscriptions/00000000-0000-0000-0000-000000000000/resourceGroups/rgname/providers/Microsoft.Sql/locations/eastus/serverAzureAsyncOperation/d26d3b89-1899-4a12-bded-42a31baff5fb?api-version=2020-11-01-preview
  response:
    body:
      string: '{"name":"d26d3b89-1899-4a12-bded-42a31baff5fb","status":"InProgress","startTime":"2021-05-13T06:31:44.983Z"}'
    headers:
      cache-control:
      - no-cache
      content-length:
      - '108'
      content-type:
      - application/json; charset=utf-8
      date:
      - Thu, 13 May 2021 06:32:09 GMT
      expires:
      - '-1'
      pragma:
      - no-cache
      server:
      - Microsoft-HTTPAPI/2.0
      strict-transport-security:
      - max-age=31536000; includeSubDomains
      transfer-encoding:
      - chunked
      vary:
      - Accept-Encoding
      x-content-type-options:
      - nosniff
    status:
      code: 200
      message: OK
- request:
    body: null
    headers:
      Accept:
      - '*/*'
      Accept-Encoding:
      - gzip, deflate
      Connection:
      - keep-alive
      User-Agent:
      - azsdk-python-mgmt-sql/2.0.0 Python/3.8.9 (Linux-5.4.0-1046-azure-x86_64-with-glibc2.2.5)
        VSTS_0fb41ef4-5012-48a9-bf39-4ee3de03ee35_build_2384_0
    method: GET
    uri: https://management.azure.com/subscriptions/00000000-0000-0000-0000-000000000000/resourceGroups/rgname/providers/Microsoft.Sql/locations/eastus/serverAzureAsyncOperation/d26d3b89-1899-4a12-bded-42a31baff5fb?api-version=2020-11-01-preview
  response:
    body:
      string: '{"name":"d26d3b89-1899-4a12-bded-42a31baff5fb","status":"Succeeded","startTime":"2021-05-13T06:31:44.983Z"}'
    headers:
      cache-control:
      - no-cache
      content-length:
      - '107'
      content-type:
      - application/json; charset=utf-8
      date:
      - Thu, 13 May 2021 06:32:30 GMT
      expires:
      - '-1'
      pragma:
      - no-cache
      server:
      - Microsoft-HTTPAPI/2.0
      strict-transport-security:
      - max-age=31536000; includeSubDomains
      transfer-encoding:
      - chunked
      vary:
      - Accept-Encoding
      x-content-type-options:
      - nosniff
    status:
      code: 200
      message: OK
- request:
    body: null
    headers:
      Accept:
      - '*/*'
      Accept-Encoding:
      - gzip, deflate
      Connection:
      - keep-alive
      User-Agent:
      - azsdk-python-mgmt-sql/2.0.0 Python/3.8.9 (Linux-5.4.0-1046-azure-x86_64-with-glibc2.2.5)
        VSTS_0fb41ef4-5012-48a9-bf39-4ee3de03ee35_build_2384_0
    method: GET
    uri: https://management.azure.com/subscriptions/00000000-0000-0000-0000-000000000000/resourceGroups/rgname/providers/Microsoft.Sql/servers/myserverxpxyz?api-version=2020-11-01-preview
  response:
    body:
      string: '{"kind":"v12.0","properties":{"administratorLogin":"dummylogin","version":"12.0","state":"Ready","fullyQualifiedDomainName":"myserverxpxyz.database.windows.net","privateEndpointConnections":[],"publicNetworkAccess":"Enabled"},"location":"eastus","id":"/subscriptions/00000000-0000-0000-0000-000000000000/resourceGroups/rgname/providers/Microsoft.Sql/servers/myserverxpxyz","name":"myserverxpxyz","type":"Microsoft.Sql/servers"}'
    headers:
      cache-control:
      - no-cache
      content-length:
      - '501'
      content-type:
      - application/json; charset=utf-8
      date:
      - Thu, 13 May 2021 06:32:30 GMT
      expires:
      - '-1'
      pragma:
      - no-cache
      server:
      - Microsoft-HTTPAPI/2.0
      strict-transport-security:
      - max-age=31536000; includeSubDomains
      transfer-encoding:
      - chunked
      vary:
      - Accept-Encoding
      x-content-type-options:
      - nosniff
    status:
      code: 200
      message: OK
- request:
    body: '{"location": "eastus"}'
    headers:
      Accept:
      - application/json
      Accept-Encoding:
      - gzip, deflate
      Connection:
      - keep-alive
      Content-Length:
      - '22'
      Content-Type:
      - application/json
      User-Agent:
      - azsdk-python-mgmt-sql/2.0.0 Python/3.8.9 (Linux-5.4.0-1046-azure-x86_64-with-glibc2.2.5)
        VSTS_0fb41ef4-5012-48a9-bf39-4ee3de03ee35_build_2384_0
    method: PUT
    uri: https://management.azure.com/subscriptions/00000000-0000-0000-0000-000000000000/resourceGroups/rgname/providers/Microsoft.Sql/servers/myserverxpxyz/databases/mydatabase?api-version=2021-02-01-preview
  response:
    body:
      string: '{"operation":"CreateLogicalDatabase","startTime":"2021-05-13T06:32:32.117Z"}'
    headers:
      azure-asyncoperation:
      - https://management.azure.com/subscriptions/00000000-0000-0000-0000-000000000000/resourceGroups/rgname/providers/Microsoft.Sql/locations/eastus/databaseAzureAsyncOperation/73c0ec41-0e5b-45fa-9136-d149554ba611?api-version=2021-02-01-preview
      cache-control:
      - no-cache
      content-length:
      - '76'
      content-type:
      - application/json; charset=utf-8
      date:
      - Thu, 13 May 2021 06:32:32 GMT
      expires:
      - '-1'
      location:
      - https://management.azure.com/subscriptions/00000000-0000-0000-0000-000000000000/resourceGroups/rgname/providers/Microsoft.Sql/locations/eastus/databaseOperationResults/73c0ec41-0e5b-45fa-9136-d149554ba611?api-version=2021-02-01-preview
      pragma:
      - no-cache
      server:
      - Microsoft-HTTPAPI/2.0
      strict-transport-security:
      - max-age=31536000; includeSubDomains
      x-content-type-options:
      - nosniff
      x-ms-ratelimit-remaining-subscription-writes:
      - '1198'
    status:
      code: 202
      message: Accepted
- request:
    body: null
    headers:
      Accept:
      - '*/*'
      Accept-Encoding:
      - gzip, deflate
      Connection:
      - keep-alive
      User-Agent:
      - azsdk-python-mgmt-sql/2.0.0 Python/3.8.9 (Linux-5.4.0-1046-azure-x86_64-with-glibc2.2.5)
        VSTS_0fb41ef4-5012-48a9-bf39-4ee3de03ee35_build_2384_0
    method: GET
    uri: https://management.azure.com/subscriptions/00000000-0000-0000-0000-000000000000/resourceGroups/rgname/providers/Microsoft.Sql/locations/eastus/databaseAzureAsyncOperation/73c0ec41-0e5b-45fa-9136-d149554ba611?api-version=2021-02-01-preview
  response:
    body:
      string: '{"name":"73c0ec41-0e5b-45fa-9136-d149554ba611","status":"InProgress","startTime":"2021-05-13T06:32:32.117Z"}'
    headers:
      cache-control:
      - no-cache
      content-length:
      - '108'
      content-type:
      - application/json; charset=utf-8
      date:
      - Thu, 13 May 2021 06:32:46 GMT
      expires:
      - '-1'
      pragma:
      - no-cache
      server:
      - Microsoft-HTTPAPI/2.0
      strict-transport-security:
      - max-age=31536000; includeSubDomains
      transfer-encoding:
      - chunked
      vary:
      - Accept-Encoding
      x-content-type-options:
      - nosniff
    status:
      code: 200
      message: OK
- request:
    body: null
    headers:
      Accept:
      - '*/*'
      Accept-Encoding:
      - gzip, deflate
      Connection:
      - keep-alive
      User-Agent:
      - azsdk-python-mgmt-sql/2.0.0 Python/3.8.9 (Linux-5.4.0-1046-azure-x86_64-with-glibc2.2.5)
        VSTS_0fb41ef4-5012-48a9-bf39-4ee3de03ee35_build_2384_0
    method: GET
    uri: https://management.azure.com/subscriptions/00000000-0000-0000-0000-000000000000/resourceGroups/rgname/providers/Microsoft.Sql/locations/eastus/databaseAzureAsyncOperation/73c0ec41-0e5b-45fa-9136-d149554ba611?api-version=2021-02-01-preview
  response:
    body:
      string: '{"name":"73c0ec41-0e5b-45fa-9136-d149554ba611","status":"InProgress","startTime":"2021-05-13T06:32:32.117Z"}'
    headers:
      cache-control:
      - no-cache
      content-length:
      - '108'
      content-type:
      - application/json; charset=utf-8
      date:
      - Thu, 13 May 2021 06:33:01 GMT
      expires:
      - '-1'
      pragma:
      - no-cache
      server:
      - Microsoft-HTTPAPI/2.0
      strict-transport-security:
      - max-age=31536000; includeSubDomains
      transfer-encoding:
      - chunked
      vary:
      - Accept-Encoding
      x-content-type-options:
      - nosniff
    status:
      code: 200
      message: OK
- request:
    body: null
    headers:
      Accept:
      - '*/*'
      Accept-Encoding:
      - gzip, deflate
      Connection:
      - keep-alive
      User-Agent:
      - azsdk-python-mgmt-sql/2.0.0 Python/3.8.9 (Linux-5.4.0-1046-azure-x86_64-with-glibc2.2.5)
        VSTS_0fb41ef4-5012-48a9-bf39-4ee3de03ee35_build_2384_0
    method: GET
    uri: https://management.azure.com/subscriptions/00000000-0000-0000-0000-000000000000/resourceGroups/rgname/providers/Microsoft.Sql/locations/eastus/databaseAzureAsyncOperation/73c0ec41-0e5b-45fa-9136-d149554ba611?api-version=2021-02-01-preview
  response:
    body:
      string: '{"name":"73c0ec41-0e5b-45fa-9136-d149554ba611","status":"InProgress","startTime":"2021-05-13T06:32:32.117Z"}'
    headers:
      cache-control:
      - no-cache
      content-length:
      - '108'
      content-type:
      - application/json; charset=utf-8
      date:
      - Thu, 13 May 2021 06:33:16 GMT
      expires:
      - '-1'
      pragma:
      - no-cache
      server:
      - Microsoft-HTTPAPI/2.0
      strict-transport-security:
      - max-age=31536000; includeSubDomains
      transfer-encoding:
      - chunked
      vary:
      - Accept-Encoding
      x-content-type-options:
      - nosniff
    status:
      code: 200
      message: OK
- request:
    body: null
    headers:
      Accept:
      - '*/*'
      Accept-Encoding:
      - gzip, deflate
      Connection:
      - keep-alive
      User-Agent:
      - azsdk-python-mgmt-sql/2.0.0 Python/3.8.9 (Linux-5.4.0-1046-azure-x86_64-with-glibc2.2.5)
        VSTS_0fb41ef4-5012-48a9-bf39-4ee3de03ee35_build_2384_0
    method: GET
    uri: https://management.azure.com/subscriptions/00000000-0000-0000-0000-000000000000/resourceGroups/rgname/providers/Microsoft.Sql/locations/eastus/databaseAzureAsyncOperation/73c0ec41-0e5b-45fa-9136-d149554ba611?api-version=2021-02-01-preview
  response:
    body:
      string: '{"name":"73c0ec41-0e5b-45fa-9136-d149554ba611","status":"Succeeded","startTime":"2021-05-13T06:32:32.117Z"}'
    headers:
      cache-control:
      - no-cache
      content-length:
      - '107'
      content-type:
      - application/json; charset=utf-8
      date:
      - Thu, 13 May 2021 06:33:31 GMT
      expires:
      - '-1'
      pragma:
      - no-cache
      server:
      - Microsoft-HTTPAPI/2.0
      strict-transport-security:
      - max-age=31536000; includeSubDomains
      transfer-encoding:
      - chunked
      vary:
      - Accept-Encoding
      x-content-type-options:
      - nosniff
    status:
      code: 200
      message: OK
- request:
    body: null
    headers:
      Accept:
      - '*/*'
      Accept-Encoding:
      - gzip, deflate
      Connection:
      - keep-alive
      User-Agent:
      - azsdk-python-mgmt-sql/2.0.0 Python/3.8.9 (Linux-5.4.0-1046-azure-x86_64-with-glibc2.2.5)
        VSTS_0fb41ef4-5012-48a9-bf39-4ee3de03ee35_build_2384_0
    method: GET
    uri: https://management.azure.com/subscriptions/00000000-0000-0000-0000-000000000000/resourceGroups/rgname/providers/Microsoft.Sql/servers/myserverxpxyz/databases/mydatabase?api-version=2021-02-01-preview
  response:
    body:
      string: '{"sku":{"name":"GP_Gen5","tier":"GeneralPurpose","family":"Gen5","capacity":2},"kind":"v12.0,user,vcore","properties":{"collation":"SQL_Latin1_General_CP1_CI_AS","maxSizeBytes":34359738368,"status":"Online","databaseId":"46f34e2b-d9a1-4222-b0f8-534108eff39f","creationDate":"2021-05-13T06:33:20.417Z","currentServiceObjectiveName":"GP_Gen5_2","requestedServiceObjectiveName":"GP_Gen5_2","defaultSecondaryLocation":"westus","catalogCollation":"SQL_Latin1_General_CP1_CI_AS","zoneRedundant":false,"licenseType":"LicenseIncluded","maxLogSizeBytes":68719476736,"readScale":"Disabled","currentSku":{"name":"GP_Gen5","tier":"GeneralPurpose","family":"Gen5","capacity":2},"currentBackupStorageRedundancy":"Geo","requestedBackupStorageRedundancy":"Geo","maintenanceConfigurationId":"/subscriptions/00000000-0000-0000-0000-000000000000/providers/Microsoft.Maintenance/publicMaintenanceConfigurations/SQL_Default"},"location":"eastus","id":"/subscriptions/00000000-0000-0000-0000-000000000000/resourceGroups/rgname/providers/Microsoft.Sql/servers/myserverxpxyz/databases/mydatabase","name":"mydatabase","type":"Microsoft.Sql/servers/databases"}'
    headers:
      cache-control:
      - no-cache
      content-length:
      - '1208'
      content-type:
      - application/json; charset=utf-8
      date:
      - Thu, 13 May 2021 06:33:31 GMT
      expires:
      - '-1'
      pragma:
      - no-cache
      server:
      - Microsoft-HTTPAPI/2.0
      strict-transport-security:
      - max-age=31536000; includeSubDomains
      transfer-encoding:
      - chunked
      vary:
      - Accept-Encoding
      x-content-type-options:
      - nosniff
    status:
      code: 200
      message: OK
version: 1
