interactions:
- request:
    body: '{"location": "eastus", "properties": {"administratorLogin": "dummylogin",
      "administratorLoginPassword": "Un53cuRE!"}}'
    headers:
      Accept:
      - application/json
      Accept-Encoding:
      - gzip, deflate
      Connection:
      - keep-alive
      Content-Length:
      - '117'
      Content-Type:
      - application/json
      User-Agent:
      - azsdk-python-mgmt-sql/1.0.0 Python/3.6.9 (Linux-4.9.184-linuxkit-x86_64-with-Ubuntu-18.04-bionic)
    method: PUT
    uri: https://management.azure.com/subscriptions/00000000-0000-0000-0000-000000000000/resourceGroups/rgname/providers/Microsoft.Sql/servers/myserverxpxy?api-version=2019-06-01-preview
  response:
    body:
      string: '{"operation":"UpsertLogicalServer","startTime":"2020-11-24T08:17:18.413Z"}'
    headers:
      azure-asyncoperation:
      - https://management.azure.com/subscriptions/00000000-0000-0000-0000-000000000000/resourceGroups/rgname/providers/Microsoft.Sql/locations/eastus/serverAzureAsyncOperation/880c46d3-5d1e-41c3-a592-ec35b990d0a6?api-version=2019-06-01-preview
      cache-control:
      - no-cache
      content-length:
      - '74'
      content-type:
      - application/json; charset=utf-8
      date:
      - Tue, 24 Nov 2020 08:17:17 GMT
      expires:
      - '-1'
      location:
      - https://management.azure.com/subscriptions/00000000-0000-0000-0000-000000000000/resourceGroups/rgname/providers/Microsoft.Sql/locations/eastus/serverOperationResults/880c46d3-5d1e-41c3-a592-ec35b990d0a6?api-version=2019-06-01-preview
      pragma:
      - no-cache
      server:
      - Microsoft-HTTPAPI/2.0
      strict-transport-security:
      - max-age=31536000; includeSubDomains
      x-content-type-options:
      - nosniff
      x-ms-ratelimit-remaining-subscription-writes:
      - '1196'
    status:
      code: 202
      message: Accepted
- request:
    body: null
    headers:
      Accept:
      - '*/*'
      Accept-Encoding:
      - gzip, deflate
      Connection:
      - keep-alive
      User-Agent:
      - azsdk-python-mgmt-sql/1.0.0 Python/3.6.9 (Linux-4.9.184-linuxkit-x86_64-with-Ubuntu-18.04-bionic)
    method: GET
    uri: https://management.azure.com/subscriptions/00000000-0000-0000-0000-000000000000/resourceGroups/rgname/providers/Microsoft.Sql/locations/eastus/serverAzureAsyncOperation/880c46d3-5d1e-41c3-a592-ec35b990d0a6?api-version=2019-06-01-preview
  response:
    body:
      string: '{"name":"880c46d3-5d1e-41c3-a592-ec35b990d0a6","status":"InProgress","startTime":"2020-11-24T08:17:18.413Z"}'
    headers:
      cache-control:
      - no-cache
      content-length:
      - '108'
      content-type:
      - application/json; charset=utf-8
      date:
      - Tue, 24 Nov 2020 08:17:19 GMT
      expires:
      - '-1'
      pragma:
      - no-cache
      server:
      - Microsoft-HTTPAPI/2.0
      strict-transport-security:
      - max-age=31536000; includeSubDomains
      transfer-encoding:
      - chunked
      vary:
      - Accept-Encoding
      x-content-type-options:
      - nosniff
    status:
      code: 200
      message: OK
- request:
    body: null
    headers:
      Accept:
      - '*/*'
      Accept-Encoding:
      - gzip, deflate
      Connection:
      - keep-alive
      User-Agent:
      - azsdk-python-mgmt-sql/1.0.0 Python/3.6.9 (Linux-4.9.184-linuxkit-x86_64-with-Ubuntu-18.04-bionic)
    method: GET
    uri: https://management.azure.com/subscriptions/00000000-0000-0000-0000-000000000000/resourceGroups/rgname/providers/Microsoft.Sql/locations/eastus/serverAzureAsyncOperation/880c46d3-5d1e-41c3-a592-ec35b990d0a6?api-version=2019-06-01-preview
  response:
    body:
      string: '{"name":"880c46d3-5d1e-41c3-a592-ec35b990d0a6","status":"InProgress","startTime":"2020-11-24T08:17:18.413Z"}'
    headers:
      cache-control:
      - no-cache
      content-length:
      - '108'
      content-type:
      - application/json; charset=utf-8
      date:
      - Tue, 24 Nov 2020 08:17:20 GMT
      expires:
      - '-1'
      pragma:
      - no-cache
      server:
      - Microsoft-HTTPAPI/2.0
      strict-transport-security:
      - max-age=31536000; includeSubDomains
      transfer-encoding:
      - chunked
      vary:
      - Accept-Encoding
      x-content-type-options:
      - nosniff
    status:
      code: 200
      message: OK
- request:
    body: null
    headers:
      Accept:
      - '*/*'
      Accept-Encoding:
      - gzip, deflate
      Connection:
      - keep-alive
      User-Agent:
      - azsdk-python-mgmt-sql/1.0.0 Python/3.6.9 (Linux-4.9.184-linuxkit-x86_64-with-Ubuntu-18.04-bionic)
    method: GET
    uri: https://management.azure.com/subscriptions/00000000-0000-0000-0000-000000000000/resourceGroups/rgname/providers/Microsoft.Sql/locations/eastus/serverAzureAsyncOperation/880c46d3-5d1e-41c3-a592-ec35b990d0a6?api-version=2019-06-01-preview
  response:
    body:
      string: '{"name":"880c46d3-5d1e-41c3-a592-ec35b990d0a6","status":"InProgress","startTime":"2020-11-24T08:17:18.413Z"}'
    headers:
      cache-control:
      - no-cache
      content-length:
      - '108'
      content-type:
      - application/json; charset=utf-8
      date:
      - Tue, 24 Nov 2020 08:17:22 GMT
      expires:
      - '-1'
      pragma:
      - no-cache
      server:
      - Microsoft-HTTPAPI/2.0
      strict-transport-security:
      - max-age=31536000; includeSubDomains
      transfer-encoding:
      - chunked
      vary:
      - Accept-Encoding
      x-content-type-options:
      - nosniff
    status:
      code: 200
      message: OK
- request:
    body: null
    headers:
      Accept:
      - '*/*'
      Accept-Encoding:
      - gzip, deflate
      Connection:
      - keep-alive
      User-Agent:
      - azsdk-python-mgmt-sql/1.0.0 Python/3.6.9 (Linux-4.9.184-linuxkit-x86_64-with-Ubuntu-18.04-bionic)
    method: GET
    uri: https://management.azure.com/subscriptions/00000000-0000-0000-0000-000000000000/resourceGroups/rgname/providers/Microsoft.Sql/locations/eastus/serverAzureAsyncOperation/880c46d3-5d1e-41c3-a592-ec35b990d0a6?api-version=2019-06-01-preview
  response:
    body:
      string: '{"name":"880c46d3-5d1e-41c3-a592-ec35b990d0a6","status":"InProgress","startTime":"2020-11-24T08:17:18.413Z"}'
    headers:
      cache-control:
      - no-cache
      content-length:
      - '108'
      content-type:
      - application/json; charset=utf-8
      date:
      - Tue, 24 Nov 2020 08:17:43 GMT
      expires:
      - '-1'
      pragma:
      - no-cache
      server:
      - Microsoft-HTTPAPI/2.0
      strict-transport-security:
      - max-age=31536000; includeSubDomains
      transfer-encoding:
      - chunked
      vary:
      - Accept-Encoding
      x-content-type-options:
      - nosniff
    status:
      code: 200
      message: OK
- request:
    body: null
    headers:
      Accept:
      - '*/*'
      Accept-Encoding:
      - gzip, deflate
      Connection:
      - keep-alive
      User-Agent:
      - azsdk-python-mgmt-sql/1.0.0 Python/3.6.9 (Linux-4.9.184-linuxkit-x86_64-with-Ubuntu-18.04-bionic)
    method: GET
    uri: https://management.azure.com/subscriptions/00000000-0000-0000-0000-000000000000/resourceGroups/rgname/providers/Microsoft.Sql/locations/eastus/serverAzureAsyncOperation/880c46d3-5d1e-41c3-a592-ec35b990d0a6?api-version=2019-06-01-preview
  response:
    body:
      string: '{"name":"880c46d3-5d1e-41c3-a592-ec35b990d0a6","status":"Succeeded","startTime":"2020-11-24T08:17:18.413Z"}'
    headers:
      cache-control:
      - no-cache
      content-length:
      - '107'
      content-type:
      - application/json; charset=utf-8
      date:
      - Tue, 24 Nov 2020 08:18:04 GMT
      expires:
      - '-1'
      pragma:
      - no-cache
      server:
      - Microsoft-HTTPAPI/2.0
      strict-transport-security:
      - max-age=31536000; includeSubDomains
      transfer-encoding:
      - chunked
      vary:
      - Accept-Encoding
      x-content-type-options:
      - nosniff
    status:
      code: 200
      message: OK
- request:
    body: null
    headers:
      Accept:
      - '*/*'
      Accept-Encoding:
      - gzip, deflate
      Connection:
      - keep-alive
      User-Agent:
      - azsdk-python-mgmt-sql/1.0.0 Python/3.6.9 (Linux-4.9.184-linuxkit-x86_64-with-Ubuntu-18.04-bionic)
    method: GET
    uri: https://management.azure.com/subscriptions/00000000-0000-0000-0000-000000000000/resourceGroups/rgname/providers/Microsoft.Sql/servers/myserverxpxy?api-version=2019-06-01-preview
  response:
    body:
      string: '{"kind":"v12.0","properties":{"administratorLogin":"dummylogin","version":"12.0","state":"Ready","fullyQualifiedDomainName":"myserverxpxy.database.windows.net","privateEndpointConnections":[],"publicNetworkAccess":"Enabled"},"location":"eastus","id":"/subscriptions/00000000-0000-0000-0000-000000000000/resourceGroups/rgname/providers/Microsoft.Sql/servers/myserverxpxy","name":"myserverxpxy","type":"Microsoft.Sql/servers"}'
    headers:
      cache-control:
      - no-cache
      content-length:
      - '493'
      content-type:
      - application/json; charset=utf-8
      date:
      - Tue, 24 Nov 2020 08:18:04 GMT
      expires:
      - '-1'
      pragma:
      - no-cache
      server:
      - Microsoft-HTTPAPI/2.0
      strict-transport-security:
      - max-age=31536000; includeSubDomains
      transfer-encoding:
      - chunked
      vary:
      - Accept-Encoding
      x-content-type-options:
      - nosniff
    status:
      code: 200
      message: OK
- request:
    body: '{"location": "eastus2", "properties": {"administratorLogin": "dummylogin",
      "administratorLoginPassword": "Un53cuRE!"}}'
    headers:
      Accept:
      - application/json
      Accept-Encoding:
      - gzip, deflate
      Connection:
      - keep-alive
      Content-Length:
      - '118'
      Content-Type:
      - application/json
      User-Agent:
      - azsdk-python-mgmt-sql/1.0.0 Python/3.6.9 (Linux-4.9.184-linuxkit-x86_64-with-Ubuntu-18.04-bionic)
    method: PUT
    uri: https://management.azure.com/subscriptions/00000000-0000-0000-0000-000000000000/resourceGroups/rgname/providers/Microsoft.Sql/servers/mypartnerserverxpxy?api-version=2019-06-01-preview
  response:
    body:
      string: '{"operation":"UpsertLogicalServer","startTime":"2020-11-24T08:18:08.61Z"}'
    headers:
      azure-asyncoperation:
      - https://management.azure.com/subscriptions/00000000-0000-0000-0000-000000000000/resourceGroups/rgname/providers/Microsoft.Sql/locations/eastus2/serverAzureAsyncOperation/965124d3-110e-4d54-a097-c65a0fbc5847?api-version=2019-06-01-preview
      cache-control:
      - no-cache
      content-length:
      - '73'
      content-type:
      - application/json; charset=utf-8
      date:
      - Tue, 24 Nov 2020 08:18:08 GMT
      expires:
      - '-1'
      location:
      - https://management.azure.com/subscriptions/00000000-0000-0000-0000-000000000000/resourceGroups/rgname/providers/Microsoft.Sql/locations/eastus2/serverOperationResults/965124d3-110e-4d54-a097-c65a0fbc5847?api-version=2019-06-01-preview
      pragma:
      - no-cache
      server:
      - Microsoft-HTTPAPI/2.0
      strict-transport-security:
      - max-age=31536000; includeSubDomains
      x-content-type-options:
      - nosniff
      x-ms-ratelimit-remaining-subscription-writes:
      - '1195'
    status:
      code: 202
      message: Accepted
- request:
    body: null
    headers:
      Accept:
      - '*/*'
      Accept-Encoding:
      - gzip, deflate
      Connection:
      - keep-alive
      User-Agent:
      - azsdk-python-mgmt-sql/1.0.0 Python/3.6.9 (Linux-4.9.184-linuxkit-x86_64-with-Ubuntu-18.04-bionic)
    method: GET
    uri: https://management.azure.com/subscriptions/00000000-0000-0000-0000-000000000000/resourceGroups/rgname/providers/Microsoft.Sql/locations/eastus2/serverAzureAsyncOperation/965124d3-110e-4d54-a097-c65a0fbc5847?api-version=2019-06-01-preview
  response:
    body:
      string: '{"name":"965124d3-110e-4d54-a097-c65a0fbc5847","status":"InProgress","startTime":"2020-11-24T08:18:08.61Z"}'
    headers:
      cache-control:
      - no-cache
      content-length:
      - '107'
      content-type:
      - application/json; charset=utf-8
      date:
      - Tue, 24 Nov 2020 08:18:10 GMT
      expires:
      - '-1'
      pragma:
      - no-cache
      server:
      - Microsoft-HTTPAPI/2.0
      strict-transport-security:
      - max-age=31536000; includeSubDomains
      transfer-encoding:
      - chunked
      vary:
      - Accept-Encoding
      x-content-type-options:
      - nosniff
    status:
      code: 200
      message: OK
- request:
    body: null
    headers:
      Accept:
      - '*/*'
      Accept-Encoding:
      - gzip, deflate
      Connection:
      - keep-alive
      User-Agent:
      - azsdk-python-mgmt-sql/1.0.0 Python/3.6.9 (Linux-4.9.184-linuxkit-x86_64-with-Ubuntu-18.04-bionic)
    method: GET
    uri: https://management.azure.com/subscriptions/00000000-0000-0000-0000-000000000000/resourceGroups/rgname/providers/Microsoft.Sql/locations/eastus2/serverAzureAsyncOperation/965124d3-110e-4d54-a097-c65a0fbc5847?api-version=2019-06-01-preview
  response:
    body:
      string: '{"name":"965124d3-110e-4d54-a097-c65a0fbc5847","status":"InProgress","startTime":"2020-11-24T08:18:08.61Z"}'
    headers:
      cache-control:
      - no-cache
      content-length:
      - '107'
      content-type:
      - application/json; charset=utf-8
      date:
      - Tue, 24 Nov 2020 08:18:11 GMT
      expires:
      - '-1'
      pragma:
      - no-cache
      server:
      - Microsoft-HTTPAPI/2.0
      strict-transport-security:
      - max-age=31536000; includeSubDomains
      transfer-encoding:
      - chunked
      vary:
      - Accept-Encoding
      x-content-type-options:
      - nosniff
    status:
      code: 200
      message: OK
- request:
    body: null
    headers:
      Accept:
      - '*/*'
      Accept-Encoding:
      - gzip, deflate
      Connection:
      - keep-alive
      User-Agent:
      - azsdk-python-mgmt-sql/1.0.0 Python/3.6.9 (Linux-4.9.184-linuxkit-x86_64-with-Ubuntu-18.04-bionic)
    method: GET
    uri: https://management.azure.com/subscriptions/00000000-0000-0000-0000-000000000000/resourceGroups/rgname/providers/Microsoft.Sql/locations/eastus2/serverAzureAsyncOperation/965124d3-110e-4d54-a097-c65a0fbc5847?api-version=2019-06-01-preview
  response:
    body:
      string: '{"name":"965124d3-110e-4d54-a097-c65a0fbc5847","status":"InProgress","startTime":"2020-11-24T08:18:08.61Z"}'
    headers:
      cache-control:
      - no-cache
      content-length:
      - '107'
      content-type:
      - application/json; charset=utf-8
      date:
      - Tue, 24 Nov 2020 08:18:12 GMT
      expires:
      - '-1'
      pragma:
      - no-cache
      server:
      - Microsoft-HTTPAPI/2.0
      strict-transport-security:
      - max-age=31536000; includeSubDomains
      transfer-encoding:
      - chunked
      vary:
      - Accept-Encoding
      x-content-type-options:
      - nosniff
    status:
      code: 200
      message: OK
- request:
    body: null
    headers:
      Accept:
      - '*/*'
      Accept-Encoding:
      - gzip, deflate
      Connection:
      - keep-alive
      User-Agent:
      - azsdk-python-mgmt-sql/1.0.0 Python/3.6.9 (Linux-4.9.184-linuxkit-x86_64-with-Ubuntu-18.04-bionic)
    method: GET
    uri: https://management.azure.com/subscriptions/00000000-0000-0000-0000-000000000000/resourceGroups/rgname/providers/Microsoft.Sql/locations/eastus2/serverAzureAsyncOperation/965124d3-110e-4d54-a097-c65a0fbc5847?api-version=2019-06-01-preview
  response:
    body:
      string: '{"name":"965124d3-110e-4d54-a097-c65a0fbc5847","status":"InProgress","startTime":"2020-11-24T08:18:08.61Z"}'
    headers:
      cache-control:
      - no-cache
      content-length:
      - '107'
      content-type:
      - application/json; charset=utf-8
      date:
      - Tue, 24 Nov 2020 08:18:14 GMT
      expires:
      - '-1'
      pragma:
      - no-cache
      server:
      - Microsoft-HTTPAPI/2.0
      strict-transport-security:
      - max-age=31536000; includeSubDomains
      transfer-encoding:
      - chunked
      vary:
      - Accept-Encoding
      x-content-type-options:
      - nosniff
    status:
      code: 200
      message: OK
- request:
    body: null
    headers:
      Accept:
      - '*/*'
      Accept-Encoding:
      - gzip, deflate
      Connection:
      - keep-alive
      User-Agent:
      - azsdk-python-mgmt-sql/1.0.0 Python/3.6.9 (Linux-4.9.184-linuxkit-x86_64-with-Ubuntu-18.04-bionic)
    method: GET
    uri: https://management.azure.com/subscriptions/00000000-0000-0000-0000-000000000000/resourceGroups/rgname/providers/Microsoft.Sql/locations/eastus2/serverAzureAsyncOperation/965124d3-110e-4d54-a097-c65a0fbc5847?api-version=2019-06-01-preview
  response:
    body:
      string: '{"name":"965124d3-110e-4d54-a097-c65a0fbc5847","status":"InProgress","startTime":"2020-11-24T08:18:08.61Z"}'
    headers:
      cache-control:
      - no-cache
      content-length:
      - '107'
      content-type:
      - application/json; charset=utf-8
      date:
      - Tue, 24 Nov 2020 08:18:34 GMT
      expires:
      - '-1'
      pragma:
      - no-cache
      server:
      - Microsoft-HTTPAPI/2.0
      strict-transport-security:
      - max-age=31536000; includeSubDomains
      transfer-encoding:
      - chunked
      vary:
      - Accept-Encoding
      x-content-type-options:
      - nosniff
    status:
      code: 200
      message: OK
- request:
    body: null
    headers:
      Accept:
      - '*/*'
      Accept-Encoding:
      - gzip, deflate
      Connection:
      - keep-alive
      User-Agent:
      - azsdk-python-mgmt-sql/1.0.0 Python/3.6.9 (Linux-4.9.184-linuxkit-x86_64-with-Ubuntu-18.04-bionic)
    method: GET
    uri: https://management.azure.com/subscriptions/00000000-0000-0000-0000-000000000000/resourceGroups/rgname/providers/Microsoft.Sql/locations/eastus2/serverAzureAsyncOperation/965124d3-110e-4d54-a097-c65a0fbc5847?api-version=2019-06-01-preview
  response:
    body:
      string: '{"name":"965124d3-110e-4d54-a097-c65a0fbc5847","status":"Succeeded","startTime":"2020-11-24T08:18:08.61Z"}'
    headers:
      cache-control:
      - no-cache
      content-length:
      - '106'
      content-type:
      - application/json; charset=utf-8
      date:
      - Tue, 24 Nov 2020 08:18:54 GMT
      expires:
      - '-1'
      pragma:
      - no-cache
      server:
      - Microsoft-HTTPAPI/2.0
      strict-transport-security:
      - max-age=31536000; includeSubDomains
      transfer-encoding:
      - chunked
      vary:
      - Accept-Encoding
      x-content-type-options:
      - nosniff
    status:
      code: 200
      message: OK
- request:
    body: null
    headers:
      Accept:
      - '*/*'
      Accept-Encoding:
      - gzip, deflate
      Connection:
      - keep-alive
      User-Agent:
      - azsdk-python-mgmt-sql/1.0.0 Python/3.6.9 (Linux-4.9.184-linuxkit-x86_64-with-Ubuntu-18.04-bionic)
    method: GET
    uri: https://management.azure.com/subscriptions/00000000-0000-0000-0000-000000000000/resourceGroups/rgname/providers/Microsoft.Sql/servers/mypartnerserverxpxy?api-version=2019-06-01-preview
  response:
    body:
      string: '{"kind":"v12.0","properties":{"administratorLogin":"dummylogin","version":"12.0","state":"Ready","fullyQualifiedDomainName":"mypartnerserverxpxy.database.windows.net","privateEndpointConnections":[],"publicNetworkAccess":"Enabled"},"location":"eastus2","id":"/subscriptions/00000000-0000-0000-0000-000000000000/resourceGroups/rgname/providers/Microsoft.Sql/servers/mypartnerserverxpxy","name":"mypartnerserverxpxy","type":"Microsoft.Sql/servers"}'
    headers:
      cache-control:
      - no-cache
      content-length:
      - '515'
      content-type:
      - application/json; charset=utf-8
      date:
      - Tue, 24 Nov 2020 08:18:55 GMT
      expires:
      - '-1'
      pragma:
      - no-cache
      server:
      - Microsoft-HTTPAPI/2.0
      strict-transport-security:
      - max-age=31536000; includeSubDomains
      transfer-encoding:
      - chunked
      vary:
      - Accept-Encoding
      x-content-type-options:
      - nosniff
    status:
      code: 200
      message: OK
- request:
    body: '{"properties": {"readWriteEndpoint": {"failoverPolicy": "Automatic", "failoverWithDataLossGracePeriodMinutes":
      480}, "readOnlyEndpoint": {"failoverPolicy": "Disabled"}, "partnerServers":
      [{"id": "/subscriptions/00000000-0000-0000-0000-000000000000/resourceGroups/rgname/providers/Microsoft.Sql/servers/mypartnerserverxpxy"}],
      "databases": []}}'
    headers:
      Accept:
      - application/json
      Accept-Encoding:
      - gzip, deflate
      Connection:
      - keep-alive
      Content-Length:
      - '412'
      Content-Type:
      - application/json
      User-Agent:
      - azsdk-python-mgmt-sql/1.0.0 Python/3.6.9 (Linux-4.9.184-linuxkit-x86_64-with-Ubuntu-18.04-bionic)
    method: PUT
    uri: https://management.azure.com/subscriptions/00000000-0000-0000-0000-000000000000/resourceGroups/rgname/providers/Microsoft.Sql/servers/myserverxpxy/failoverGroups/myfailovergroupxyz?api-version=2015-05-01-preview
  response:
    body:
      string: '{"operation":"CreateFailoverGroup","startTime":"2020-11-24T08:18:55.84Z"}'
    headers:
      azure-asyncoperation:
      - https://management.azure.com/subscriptions/00000000-0000-0000-0000-000000000000/providers/Microsoft.Sql/locations/eastus/failoverGroupAzureAsyncOperation/7f6fbbbd-84b7-4ae3-9f8f-70cf33f15a80?api-version=2015-05-01-preview
      cache-control:
      - no-cache
      content-length:
      - '73'
      content-type:
      - application/json; charset=utf-8
      date:
      - Tue, 24 Nov 2020 08:18:56 GMT
      expires:
      - '-1'
      location:
      - https://management.azure.com/subscriptions/00000000-0000-0000-0000-000000000000/providers/Microsoft.Sql/locations/eastus/failoverGroupOperationResults/7f6fbbbd-84b7-4ae3-9f8f-70cf33f15a80?api-version=2015-05-01-preview
      pragma:
      - no-cache
      server:
      - Microsoft-HTTPAPI/2.0
      strict-transport-security:
      - max-age=31536000; includeSubDomains
      x-content-type-options:
      - nosniff
      x-ms-ratelimit-remaining-subscription-writes:
      - '1194'
    status:
      code: 202
      message: Accepted
- request:
    body: null
    headers:
      Accept:
      - '*/*'
      Accept-Encoding:
      - gzip, deflate
      Connection:
      - keep-alive
      User-Agent:
      - azsdk-python-mgmt-sql/1.0.0 Python/3.6.9 (Linux-4.9.184-linuxkit-x86_64-with-Ubuntu-18.04-bionic)
    method: GET
    uri: https://management.azure.com/subscriptions/00000000-0000-0000-0000-000000000000/providers/Microsoft.Sql/locations/eastus/failoverGroupAzureAsyncOperation/7f6fbbbd-84b7-4ae3-9f8f-70cf33f15a80?api-version=2015-05-01-preview
  response:
    body:
      string: '{"name":"7f6fbbbd-84b7-4ae3-9f8f-70cf33f15a80","status":"InProgress","startTime":"2020-11-24T08:18:55.84Z"}'
    headers:
      cache-control:
      - no-cache
      content-length:
      - '107'
      content-type:
      - application/json; charset=utf-8
      date:
      - Tue, 24 Nov 2020 08:19:07 GMT
      expires:
      - '-1'
      pragma:
      - no-cache
      server:
      - Microsoft-HTTPAPI/2.0
      strict-transport-security:
      - max-age=31536000; includeSubDomains
      transfer-encoding:
      - chunked
      vary:
      - Accept-Encoding
      x-content-type-options:
      - nosniff
    status:
      code: 200
      message: OK
- request:
    body: null
    headers:
      Accept:
      - '*/*'
      Accept-Encoding:
      - gzip, deflate
      Connection:
      - keep-alive
      User-Agent:
      - azsdk-python-mgmt-sql/1.0.0 Python/3.6.9 (Linux-4.9.184-linuxkit-x86_64-with-Ubuntu-18.04-bionic)
    method: GET
    uri: https://management.azure.com/subscriptions/00000000-0000-0000-0000-000000000000/providers/Microsoft.Sql/locations/eastus/failoverGroupAzureAsyncOperation/7f6fbbbd-84b7-4ae3-9f8f-70cf33f15a80?api-version=2015-05-01-preview
  response:
    body:
      string: '{"name":"7f6fbbbd-84b7-4ae3-9f8f-70cf33f15a80","status":"Succeeded","startTime":"2020-11-24T08:18:55.84Z"}'
    headers:
      cache-control:
      - no-cache
      content-length:
      - '106'
      content-type:
      - application/json; charset=utf-8
      date:
      - Tue, 24 Nov 2020 08:19:17 GMT
      expires:
      - '-1'
      pragma:
      - no-cache
      server:
      - Microsoft-HTTPAPI/2.0
      strict-transport-security:
      - max-age=31536000; includeSubDomains
      transfer-encoding:
      - chunked
      vary:
      - Accept-Encoding
      x-content-type-options:
      - nosniff
    status:
      code: 200
      message: OK
- request:
    body: null
    headers:
      Accept:
      - '*/*'
      Accept-Encoding:
      - gzip, deflate
      Connection:
      - keep-alive
      User-Agent:
      - azsdk-python-mgmt-sql/1.0.0 Python/3.6.9 (Linux-4.9.184-linuxkit-x86_64-with-Ubuntu-18.04-bionic)
    method: GET
    uri: https://management.azure.com/subscriptions/00000000-0000-0000-0000-000000000000/resourceGroups/rgname/providers/Microsoft.Sql/servers/myserverxpxy/failoverGroups/myfailovergroupxyz?api-version=2015-05-01-preview
  response:
    body:
      string: '{"location":"East US","properties":{"readWriteEndpoint":{"failoverPolicy":"Automatic","failoverWithDataLossGracePeriodMinutes":480},"readOnlyEndpoint":{"failoverPolicy":"Disabled"},"replicationRole":"Primary","replicationState":"CATCH_UP","partnerServers":[{"id":"/subscriptions/00000000-0000-0000-0000-000000000000/resourceGroups/rgname/providers/Microsoft.Sql/servers/mypartnerserverxpxy","location":"East
        US 2","replicationRole":"Secondary"}],"databases":[]},"id":"/subscriptions/00000000-0000-0000-0000-000000000000/resourceGroups/rgname/providers/Microsoft.Sql/servers/myserverxpxy/failoverGroups/myfailovergroupxyz","name":"myfailovergroupxyz","type":"Microsoft.Sql/servers/failoverGroups"}'
    headers:
      cache-control:
      - no-cache
      content-length:
      - '834'
      content-type:
      - application/json; charset=utf-8
      date:
      - Tue, 24 Nov 2020 08:19:17 GMT
      expires:
      - '-1'
      pragma:
      - no-cache
      server:
      - Microsoft-HTTPAPI/2.0
      strict-transport-security:
      - max-age=31536000; includeSubDomains
      transfer-encoding:
      - chunked
      vary:
      - Accept-Encoding
      x-content-type-options:
      - nosniff
    status:
      code: 200
      message: OK
- request:
    body: null
    headers:
      Accept:
      - application/json
      Accept-Encoding:
      - gzip, deflate
      Connection:
      - keep-alive
      User-Agent:
      - azsdk-python-mgmt-sql/1.0.0 Python/3.6.9 (Linux-4.9.184-linuxkit-x86_64-with-Ubuntu-18.04-bionic)
    method: GET
    uri: https://management.azure.com/subscriptions/00000000-0000-0000-0000-000000000000/resourceGroups/rgname/providers/Microsoft.Sql/servers/myserverxpxy/failoverGroups/myfailovergroupxyz?api-version=2015-05-01-preview
  response:
    body:
      string: '{"location":"East US","properties":{"readWriteEndpoint":{"failoverPolicy":"Automatic","failoverWithDataLossGracePeriodMinutes":480},"readOnlyEndpoint":{"failoverPolicy":"Disabled"},"replicationRole":"Primary","replicationState":"CATCH_UP","partnerServers":[{"id":"/subscriptions/00000000-0000-0000-0000-000000000000/resourceGroups/rgname/providers/Microsoft.Sql/servers/mypartnerserverxpxy","location":"East
        US 2","replicationRole":"Secondary"}],"databases":[]},"id":"/subscriptions/00000000-0000-0000-0000-000000000000/resourceGroups/rgname/providers/Microsoft.Sql/servers/myserverxpxy/failoverGroups/myfailovergroupxyz","name":"myfailovergroupxyz","type":"Microsoft.Sql/servers/failoverGroups"}'
    headers:
      cache-control:
      - no-cache
      content-length:
      - '834'
      content-type:
      - application/json; charset=utf-8
      date:
      - Tue, 24 Nov 2020 08:19:18 GMT
      expires:
      - '-1'
      pragma:
      - no-cache
      server:
      - Microsoft-HTTPAPI/2.0
      strict-transport-security:
      - max-age=31536000; includeSubDomains
      transfer-encoding:
      - chunked
      vary:
      - Accept-Encoding
      x-content-type-options:
      - nosniff
    status:
      code: 200
      message: OK
- request:
    body: null
    headers:
      Accept:
      - application/json
      Accept-Encoding:
      - gzip, deflate
      Connection:
      - keep-alive
      Content-Length:
      - '0'
      User-Agent:
      - azsdk-python-mgmt-sql/1.0.0 Python/3.6.9 (Linux-4.9.184-linuxkit-x86_64-with-Ubuntu-18.04-bionic)
    method: POST
    uri: https://management.azure.com/subscriptions/00000000-0000-0000-0000-000000000000/resourceGroups/rgname/providers/Microsoft.Sql/servers/mypartnerserverxpxy/failoverGroups/myfailovergroupxyz/forceFailoverAllowDataLoss?api-version=2015-05-01-preview
  response:
    body:
      string: '{"operation":"FailoverFailoverGroup","startTime":"2020-11-24T08:19:18.89Z"}'
    headers:
      azure-asyncoperation:
      - https://management.azure.com/subscriptions/00000000-0000-0000-0000-000000000000/providers/Microsoft.Sql/locations/eastus2/failoverGroupAzureAsyncOperation/39d667f6-cf3d-4aa7-a393-25b1ca7d5964?api-version=2015-05-01-preview
      cache-control:
      - no-cache
      content-length:
      - '75'
      content-type:
      - application/json; charset=utf-8
      date:
      - Tue, 24 Nov 2020 08:19:18 GMT
      expires:
      - '-1'
      location:
      - https://management.azure.com/subscriptions/00000000-0000-0000-0000-000000000000/providers/Microsoft.Sql/locations/eastus2/failoverGroupOperationResults/39d667f6-cf3d-4aa7-a393-25b1ca7d5964?api-version=2015-05-01-preview
      pragma:
      - no-cache
      server:
      - Microsoft-HTTPAPI/2.0
      strict-transport-security:
      - max-age=31536000; includeSubDomains
      x-content-type-options:
      - nosniff
      x-ms-ratelimit-remaining-subscription-writes:
      - '1199'
    status:
      code: 202
      message: Accepted
- request:
    body: null
    headers:
      Accept:
      - '*/*'
      Accept-Encoding:
      - gzip, deflate
      Connection:
      - keep-alive
      User-Agent:
      - azsdk-python-mgmt-sql/1.0.0 Python/3.6.9 (Linux-4.9.184-linuxkit-x86_64-with-Ubuntu-18.04-bionic)
    method: GET
    uri: https://management.azure.com/subscriptions/00000000-0000-0000-0000-000000000000/providers/Microsoft.Sql/locations/eastus2/failoverGroupAzureAsyncOperation/39d667f6-cf3d-4aa7-a393-25b1ca7d5964?api-version=2015-05-01-preview
  response:
    body:
      string: '{"name":"39d667f6-cf3d-4aa7-a393-25b1ca7d5964","status":"Succeeded","startTime":"2020-11-24T08:19:18.89Z"}'
    headers:
      cache-control:
      - no-cache
      content-length:
      - '106'
      content-type:
      - application/json; charset=utf-8
      date:
      - Tue, 24 Nov 2020 08:19:28 GMT
      expires:
      - '-1'
      pragma:
      - no-cache
      server:
      - Microsoft-HTTPAPI/2.0
      strict-transport-security:
      - max-age=31536000; includeSubDomains
      transfer-encoding:
      - chunked
      vary:
      - Accept-Encoding
      x-content-type-options:
      - nosniff
    status:
      code: 200
      message: OK
- request:
    body: null
    headers:
      Accept:
      - '*/*'
      Accept-Encoding:
      - gzip, deflate
      Connection:
      - keep-alive
      User-Agent:
      - azsdk-python-mgmt-sql/1.0.0 Python/3.6.9 (Linux-4.9.184-linuxkit-x86_64-with-Ubuntu-18.04-bionic)
    method: GET
    uri: https://management.azure.com/subscriptions/00000000-0000-0000-0000-000000000000/providers/Microsoft.Sql/locations/eastus2/failoverGroupOperationResults/39d667f6-cf3d-4aa7-a393-25b1ca7d5964?api-version=2015-05-01-preview
  response:
    body:
      string: '{"location":"East US 2","properties":{"readWriteEndpoint":{"failoverPolicy":"Automatic","failoverWithDataLossGracePeriodMinutes":480},"readOnlyEndpoint":{"failoverPolicy":"Disabled"},"replicationRole":"Primary","replicationState":"CATCH_UP","partnerServers":[{"id":"/subscriptions/00000000-0000-0000-0000-000000000000/resourceGroups/rgname/providers/Microsoft.Sql/servers/myserverxpxy","location":"East
        US","replicationRole":"Secondary"}],"databases":[]},"id":"/subscriptions/00000000-0000-0000-0000-000000000000/resourceGroups/rgname/providers/Microsoft.Sql/servers/mypartnerserverxpxy/failoverGroups/myfailovergroupxyz","name":"myfailovergroupxyz","type":"Microsoft.Sql/servers/failoverGroups"}'
    headers:
      cache-control:
      - no-cache
      content-length:
      - '834'
      content-type:
      - application/json; charset=utf-8
      date:
      - Tue, 24 Nov 2020 08:19:29 GMT
      expires:
      - '-1'
      pragma:
      - no-cache
      server:
      - Microsoft-HTTPAPI/2.0
      strict-transport-security:
      - max-age=31536000; includeSubDomains
      transfer-encoding:
      - chunked
      vary:
      - Accept-Encoding
      x-content-type-options:
      - nosniff
    status:
      code: 200
      message: OK
- request:
    body: '{"properties": {"readWriteEndpoint": {"failoverPolicy": "Automatic", "failoverWithDataLossGracePeriodMinutes":
      120}, "databases": []}}'
    headers:
      Accept:
      - application/json
      Accept-Encoding:
      - gzip, deflate
      Connection:
      - keep-alive
      Content-Length:
      - '134'
      Content-Type:
      - application/json
      User-Agent:
      - azsdk-python-mgmt-sql/1.0.0 Python/3.6.9 (Linux-4.9.184-linuxkit-x86_64-with-Ubuntu-18.04-bionic)
    method: PATCH
    uri: https://management.azure.com/subscriptions/00000000-0000-0000-0000-000000000000/resourceGroups/rgname/providers/Microsoft.Sql/servers/mypartnerserverxpxy/failoverGroups/myfailovergroupxyz?api-version=2015-05-01-preview
  response:
    body:
      string: '{"operation":"UpdateFailoverGroup","startTime":"2020-11-24T08:19:30.11Z"}'
    headers:
      azure-asyncoperation:
      - https://management.azure.com/subscriptions/00000000-0000-0000-0000-000000000000/providers/Microsoft.Sql/locations/eastus2/failoverGroupAzureAsyncOperation/dde08cb5-ce25-4868-905e-025462faa4fc?api-version=2015-05-01-preview
      cache-control:
      - no-cache
      content-length:
      - '73'
      content-type:
      - application/json; charset=utf-8
      date:
      - Tue, 24 Nov 2020 08:19:30 GMT
      expires:
      - '-1'
      location:
      - https://management.azure.com/subscriptions/00000000-0000-0000-0000-000000000000/providers/Microsoft.Sql/locations/eastus2/failoverGroupOperationResults/dde08cb5-ce25-4868-905e-025462faa4fc?api-version=2015-05-01-preview
      pragma:
      - no-cache
      server:
      - Microsoft-HTTPAPI/2.0
      strict-transport-security:
      - max-age=31536000; includeSubDomains
      x-content-type-options:
      - nosniff
      x-ms-ratelimit-remaining-subscription-writes:
      - '1193'
    status:
      code: 202
      message: Accepted
- request:
    body: null
    headers:
      Accept:
      - '*/*'
      Accept-Encoding:
      - gzip, deflate
      Connection:
      - keep-alive
      User-Agent:
      - azsdk-python-mgmt-sql/1.0.0 Python/3.6.9 (Linux-4.9.184-linuxkit-x86_64-with-Ubuntu-18.04-bionic)
    method: GET
    uri: https://management.azure.com/subscriptions/00000000-0000-0000-0000-000000000000/providers/Microsoft.Sql/locations/eastus2/failoverGroupAzureAsyncOperation/dde08cb5-ce25-4868-905e-025462faa4fc?api-version=2015-05-01-preview
  response:
    body:
      string: '{"name":"dde08cb5-ce25-4868-905e-025462faa4fc","status":"Succeeded","startTime":"2020-11-24T08:19:30.11Z"}'
    headers:
      cache-control:
      - no-cache
      content-length:
      - '106'
      content-type:
      - application/json; charset=utf-8
      date:
      - Tue, 24 Nov 2020 08:19:41 GMT
      expires:
      - '-1'
      pragma:
      - no-cache
      server:
      - Microsoft-HTTPAPI/2.0
      strict-transport-security:
      - max-age=31536000; includeSubDomains
      transfer-encoding:
      - chunked
      vary:
      - Accept-Encoding
      x-content-type-options:
      - nosniff
    status:
      code: 200
      message: OK
- request:
    body: null
    headers:
      Accept:
      - '*/*'
      Accept-Encoding:
      - gzip, deflate
      Connection:
      - keep-alive
      User-Agent:
      - azsdk-python-mgmt-sql/1.0.0 Python/3.6.9 (Linux-4.9.184-linuxkit-x86_64-with-Ubuntu-18.04-bionic)
    method: GET
    uri: https://management.azure.com/subscriptions/00000000-0000-0000-0000-000000000000/resourceGroups/rgname/providers/Microsoft.Sql/servers/mypartnerserverxpxy/failoverGroups/myfailovergroupxyz?api-version=2015-05-01-preview
  response:
    body:
      string: '{"location":"East US 2","properties":{"readWriteEndpoint":{"failoverPolicy":"Automatic","failoverWithDataLossGracePeriodMinutes":120},"readOnlyEndpoint":{"failoverPolicy":"Disabled"},"replicationRole":"Primary","replicationState":"CATCH_UP","partnerServers":[{"id":"/subscriptions/00000000-0000-0000-0000-000000000000/resourceGroups/rgname/providers/Microsoft.Sql/servers/myserverxpxy","location":"East
        US","replicationRole":"Secondary"}],"databases":[]},"id":"/subscriptions/00000000-0000-0000-0000-000000000000/resourceGroups/rgname/providers/Microsoft.Sql/servers/mypartnerserverxpxy/failoverGroups/myfailovergroupxyz","name":"myfailovergroupxyz","type":"Microsoft.Sql/servers/failoverGroups"}'
    headers:
      cache-control:
      - no-cache
      content-length:
      - '834'
      content-type:
      - application/json; charset=utf-8
      date:
      - Tue, 24 Nov 2020 08:19:41 GMT
      expires:
      - '-1'
      pragma:
      - no-cache
      server:
      - Microsoft-HTTPAPI/2.0
      strict-transport-security:
      - max-age=31536000; includeSubDomains
      transfer-encoding:
      - chunked
      vary:
      - Accept-Encoding
      x-content-type-options:
      - nosniff
    status:
      code: 200
      message: OK
- request:
    body: null
    headers:
      Accept:
      - application/json
      Accept-Encoding:
      - gzip, deflate
      Connection:
      - keep-alive
      Content-Length:
      - '0'
      User-Agent:
      - azsdk-python-mgmt-sql/1.0.0 Python/3.6.9 (Linux-4.9.184-linuxkit-x86_64-with-Ubuntu-18.04-bionic)
    method: POST
    uri: https://management.azure.com/subscriptions/00000000-0000-0000-0000-000000000000/resourceGroups/rgname/providers/Microsoft.Sql/servers/myserverxpxy/failoverGroups/myfailovergroupxyz/failover?api-version=2015-05-01-preview
  response:
    body:
      string: '{"operation":"FailoverFailoverGroup","startTime":"2020-11-24T08:19:42.353Z"}'
    headers:
      azure-asyncoperation:
      - https://management.azure.com/subscriptions/00000000-0000-0000-0000-000000000000/providers/Microsoft.Sql/locations/eastus/failoverGroupAzureAsyncOperation/b973b191-44fb-4bd4-8dbd-952a5ae6d694?api-version=2015-05-01-preview
      cache-control:
      - no-cache
      content-length:
      - '76'
      content-type:
      - application/json; charset=utf-8
      date:
      - Tue, 24 Nov 2020 08:19:41 GMT
      expires:
      - '-1'
      location:
      - https://management.azure.com/subscriptions/00000000-0000-0000-0000-000000000000/providers/Microsoft.Sql/locations/eastus/failoverGroupOperationResults/b973b191-44fb-4bd4-8dbd-952a5ae6d694?api-version=2015-05-01-preview
      pragma:
      - no-cache
      server:
      - Microsoft-HTTPAPI/2.0
      strict-transport-security:
      - max-age=31536000; includeSubDomains
      x-content-type-options:
      - nosniff
      x-ms-ratelimit-remaining-subscription-writes:
      - '1198'
    status:
      code: 202
      message: Accepted
- request:
    body: null
    headers:
      Accept:
      - '*/*'
      Accept-Encoding:
      - gzip, deflate
      Connection:
      - keep-alive
      User-Agent:
      - azsdk-python-mgmt-sql/1.0.0 Python/3.6.9 (Linux-4.9.184-linuxkit-x86_64-with-Ubuntu-18.04-bionic)
    method: GET
    uri: https://management.azure.com/subscriptions/00000000-0000-0000-0000-000000000000/providers/Microsoft.Sql/locations/eastus/failoverGroupAzureAsyncOperation/b973b191-44fb-4bd4-8dbd-952a5ae6d694?api-version=2015-05-01-preview
  response:
    body:
      string: '{"name":"b973b191-44fb-4bd4-8dbd-952a5ae6d694","status":"Succeeded","startTime":"2020-11-24T08:19:42.353Z"}'
    headers:
      cache-control:
      - no-cache
      content-length:
      - '107'
      content-type:
      - application/json; charset=utf-8
      date:
      - Tue, 24 Nov 2020 08:19:52 GMT
      expires:
      - '-1'
      pragma:
      - no-cache
      server:
      - Microsoft-HTTPAPI/2.0
      strict-transport-security:
      - max-age=31536000; includeSubDomains
      transfer-encoding:
      - chunked
      vary:
      - Accept-Encoding
      x-content-type-options:
      - nosniff
    status:
      code: 200
      message: OK
- request:
    body: null
    headers:
      Accept:
      - '*/*'
      Accept-Encoding:
      - gzip, deflate
      Connection:
      - keep-alive
      User-Agent:
      - azsdk-python-mgmt-sql/1.0.0 Python/3.6.9 (Linux-4.9.184-linuxkit-x86_64-with-Ubuntu-18.04-bionic)
    method: GET
    uri: https://management.azure.com/subscriptions/00000000-0000-0000-0000-000000000000/providers/Microsoft.Sql/locations/eastus/failoverGroupOperationResults/b973b191-44fb-4bd4-8dbd-952a5ae6d694?api-version=2015-05-01-preview
  response:
    body:
      string: '{"location":"East US","properties":{"readWriteEndpoint":{"failoverPolicy":"Automatic","failoverWithDataLossGracePeriodMinutes":120},"readOnlyEndpoint":{"failoverPolicy":"Disabled"},"replicationRole":"Primary","replicationState":"CATCH_UP","partnerServers":[{"id":"/subscriptions/00000000-0000-0000-0000-000000000000/resourceGroups/rgname/providers/Microsoft.Sql/servers/mypartnerserverxpxy","location":"East
        US 2","replicationRole":"Secondary"}],"databases":[]},"id":"/subscriptions/00000000-0000-0000-0000-000000000000/resourceGroups/rgname/providers/Microsoft.Sql/servers/myserverxpxy/failoverGroups/myfailovergroupxyz","name":"myfailovergroupxyz","type":"Microsoft.Sql/servers/failoverGroups"}'
    headers:
      cache-control:
      - no-cache
      content-length:
      - '834'
      content-type:
      - application/json; charset=utf-8
      date:
      - Tue, 24 Nov 2020 08:19:52 GMT
      expires:
      - '-1'
      pragma:
      - no-cache
      server:
      - Microsoft-HTTPAPI/2.0
      strict-transport-security:
      - max-age=31536000; includeSubDomains
      transfer-encoding:
      - chunked
      vary:
      - Accept-Encoding
      x-content-type-options:
      - nosniff
    status:
      code: 200
      message: OK
- request:
    body: null
    headers:
      Accept:
      - '*/*'
      Accept-Encoding:
      - gzip, deflate
      Connection:
      - keep-alive
      Content-Length:
      - '0'
      User-Agent:
      - azsdk-python-mgmt-sql/1.0.0 Python/3.6.9 (Linux-4.9.184-linuxkit-x86_64-with-Ubuntu-18.04-bionic)
    method: DELETE
    uri: https://management.azure.com/subscriptions/00000000-0000-0000-0000-000000000000/resourceGroups/rgname/providers/Microsoft.Sql/servers/myserverxpxy/failoverGroups/myfailovergroupxyz?api-version=2015-05-01-preview
  response:
    body:
      string: '{"operation":"DropFailoverGroup","startTime":"2020-11-24T08:19:53.51Z"}'
    headers:
      azure-asyncoperation:
      - https://management.azure.com/subscriptions/00000000-0000-0000-0000-000000000000/providers/Microsoft.Sql/locations/eastus/failoverGroupAzureAsyncOperation/cf9a921f-397f-4a3f-be17-99f723d04316?api-version=2015-05-01-preview
      cache-control:
      - no-cache
      content-length:
      - '71'
      content-type:
      - application/json; charset=utf-8
      date:
      - Tue, 24 Nov 2020 08:19:53 GMT
      expires:
      - '-1'
      location:
      - https://management.azure.com/subscriptions/00000000-0000-0000-0000-000000000000/providers/Microsoft.Sql/locations/eastus/failoverGroupOperationResults/cf9a921f-397f-4a3f-be17-99f723d04316?api-version=2015-05-01-preview
      pragma:
      - no-cache
      server:
      - Microsoft-HTTPAPI/2.0
      strict-transport-security:
      - max-age=31536000; includeSubDomains
      x-content-type-options:
      - nosniff
      x-ms-ratelimit-remaining-subscription-deletes:
      - '14997'
    status:
      code: 202
      message: Accepted
- request:
    body: null
    headers:
      Accept:
      - '*/*'
      Accept-Encoding:
      - gzip, deflate
      Connection:
      - keep-alive
      User-Agent:
      - azsdk-python-mgmt-sql/1.0.0 Python/3.6.9 (Linux-4.9.184-linuxkit-x86_64-with-Ubuntu-18.04-bionic)
    method: GET
    uri: https://management.azure.com/subscriptions/00000000-0000-0000-0000-000000000000/providers/Microsoft.Sql/locations/eastus/failoverGroupAzureAsyncOperation/cf9a921f-397f-4a3f-be17-99f723d04316?api-version=2015-05-01-preview
  response:
    body:
      string: '{"name":"cf9a921f-397f-4a3f-be17-99f723d04316","status":"Succeeded","startTime":"2020-11-24T08:19:53.51Z"}'
    headers:
      cache-control:
      - no-cache
      content-length:
      - '106'
      content-type:
      - application/json; charset=utf-8
      date:
      - Tue, 24 Nov 2020 08:20:04 GMT
      expires:
      - '-1'
      pragma:
      - no-cache
      server:
      - Microsoft-HTTPAPI/2.0
      strict-transport-security:
      - max-age=31536000; includeSubDomains
      transfer-encoding:
      - chunked
      vary:
      - Accept-Encoding
      x-content-type-options:
      - nosniff
    status:
      code: 200
      message: OK
- request:
    body: null
    headers:
      Accept:
      - '*/*'
      Accept-Encoding:
      - gzip, deflate
      Connection:
      - keep-alive
      Content-Length:
      - '0'
      User-Agent:
      - azsdk-python-mgmt-sql/1.0.0 Python/3.6.9 (Linux-4.9.184-linuxkit-x86_64-with-Ubuntu-18.04-bionic)
    method: DELETE
    uri: https://management.azure.com/subscriptions/00000000-0000-0000-0000-000000000000/resourceGroups/rgname/providers/Microsoft.Sql/servers/mypartnerserverxpxy?api-version=2019-06-01-preview
  response:
    body:
      string: '{"operation":"DropLogicalServer","startTime":"2020-11-24T08:20:05.593Z"}'
    headers:
      azure-asyncoperation:
      - https://management.azure.com/subscriptions/00000000-0000-0000-0000-000000000000/resourceGroups/rgname/providers/Microsoft.Sql/locations/eastus2/serverAzureAsyncOperation/9e9968c0-a86f-459e-b5e8-0101c772d1e3?api-version=2019-06-01-preview
      cache-control:
      - no-cache
      content-length:
      - '72'
      content-type:
      - application/json; charset=utf-8
      date:
      - Tue, 24 Nov 2020 08:20:04 GMT
      expires:
      - '-1'
      location:
      - https://management.azure.com/subscriptions/00000000-0000-0000-0000-000000000000/resourceGroups/rgname/providers/Microsoft.Sql/locations/eastus2/serverOperationResults/9e9968c0-a86f-459e-b5e8-0101c772d1e3?api-version=2019-06-01-preview
      pragma:
      - no-cache
      server:
      - Microsoft-HTTPAPI/2.0
      strict-transport-security:
      - max-age=31536000; includeSubDomains
      x-content-type-options:
      - nosniff
      x-ms-ratelimit-remaining-subscription-deletes:
      - '14996'
    status:
      code: 202
      message: Accepted
- request:
    body: null
    headers:
      Accept:
      - '*/*'
      Accept-Encoding:
      - gzip, deflate
      Connection:
      - keep-alive
      User-Agent:
      - azsdk-python-mgmt-sql/1.0.0 Python/3.6.9 (Linux-4.9.184-linuxkit-x86_64-with-Ubuntu-18.04-bionic)
    method: GET
    uri: https://management.azure.com/subscriptions/00000000-0000-0000-0000-000000000000/resourceGroups/rgname/providers/Microsoft.Sql/locations/eastus2/serverAzureAsyncOperation/9e9968c0-a86f-459e-b5e8-0101c772d1e3?api-version=2019-06-01-preview
  response:
    body:
      string: '{"name":"9e9968c0-a86f-459e-b5e8-0101c772d1e3","status":"Succeeded","startTime":"2020-11-24T08:20:05.593Z"}'
    headers:
      cache-control:
      - no-cache
      content-length:
      - '107'
      content-type:
      - application/json; charset=utf-8
      date:
      - Tue, 24 Nov 2020 08:20:20 GMT
      expires:
      - '-1'
      pragma:
      - no-cache
      server:
      - Microsoft-HTTPAPI/2.0
      strict-transport-security:
      - max-age=31536000; includeSubDomains
      transfer-encoding:
      - chunked
      vary:
      - Accept-Encoding
      x-content-type-options:
      - nosniff
    status:
      code: 200
      message: OK
- request:
    body: null
    headers:
      Accept:
      - '*/*'
      Accept-Encoding:
      - gzip, deflate
      Connection:
      - keep-alive
      Content-Length:
      - '0'
      User-Agent:
      - azsdk-python-mgmt-sql/1.0.0 Python/3.6.9 (Linux-4.9.184-linuxkit-x86_64-with-Ubuntu-18.04-bionic)
    method: DELETE
    uri: https://management.azure.com/subscriptions/00000000-0000-0000-0000-000000000000/resourceGroups/rgname/providers/Microsoft.Sql/servers/myserverxpxy?api-version=2019-06-01-preview
  response:
    body:
      string: '{"operation":"DropLogicalServer","startTime":"2020-11-24T08:20:21.807Z"}'
    headers:
      azure-asyncoperation:
      - https://management.azure.com/subscriptions/00000000-0000-0000-0000-000000000000/resourceGroups/rgname/providers/Microsoft.Sql/locations/eastus/serverAzureAsyncOperation/66ba8abb-142a-4de0-88a7-435b7873d819?api-version=2019-06-01-preview
      cache-control:
      - no-cache
      content-length:
      - '72'
      content-type:
      - application/json; charset=utf-8
      date:
      - Tue, 24 Nov 2020 08:20:21 GMT
      expires:
      - '-1'
      location:
      - https://management.azure.com/subscriptions/00000000-0000-0000-0000-000000000000/resourceGroups/rgname/providers/Microsoft.Sql/locations/eastus/serverOperationResults/66ba8abb-142a-4de0-88a7-435b7873d819?api-version=2019-06-01-preview
      pragma:
      - no-cache
      server:
      - Microsoft-HTTPAPI/2.0
      strict-transport-security:
      - max-age=31536000; includeSubDomains
      x-content-type-options:
      - nosniff
      x-ms-ratelimit-remaining-subscription-deletes:
      - '14995'
    status:
      code: 202
      message: Accepted
- request:
    body: null
    headers:
      Accept:
      - '*/*'
      Accept-Encoding:
      - gzip, deflate
      Connection:
      - keep-alive
      User-Agent:
      - azsdk-python-mgmt-sql/1.0.0 Python/3.6.9 (Linux-4.9.184-linuxkit-x86_64-with-Ubuntu-18.04-bionic)
    method: GET
    uri: https://management.azure.com/subscriptions/00000000-0000-0000-0000-000000000000/resourceGroups/rgname/providers/Microsoft.Sql/locations/eastus/serverAzureAsyncOperation/66ba8abb-142a-4de0-88a7-435b7873d819?api-version=2019-06-01-preview
  response:
    body:
      string: '{"name":"66ba8abb-142a-4de0-88a7-435b7873d819","status":"Succeeded","startTime":"2020-11-24T08:20:21.807Z"}'
    headers:
      cache-control:
      - no-cache
      content-length:
      - '107'
      content-type:
      - application/json; charset=utf-8
      date:
      - Tue, 24 Nov 2020 08:20:36 GMT
      expires:
      - '-1'
      pragma:
      - no-cache
      server:
      - Microsoft-HTTPAPI/2.0
      strict-transport-security:
      - max-age=31536000; includeSubDomains
      transfer-encoding:
      - chunked
      vary:
      - Accept-Encoding
      x-content-type-options:
      - nosniff
    status:
      code: 200
      message: OK
version: 1
