interactions:
- request:
    body: '{"location": "eastus", "properties": {"administratorLogin": "dummylogin",
      "administratorLoginPassword": "Un53cuRE!", "version": "12.0"}}'
    headers:
      Accept:
      - application/json
      Accept-Encoding:
      - gzip, deflate
      Connection:
      - keep-alive
      Content-Length:
      - '136'
      Content-Type:
      - application/json
      User-Agent:
      - azsdk-python-mgmt-sql/0.0.0 Python/3.8.10 (Linux-5.4.0-1047-azure-x86_64-with-glibc2.2.5)
        VSTS_0fb41ef4-5012-48a9-bf39-4ee3de03ee35_build_2384_0
    method: PUT
    uri: https://management.azure.com/subscriptions/00000000-0000-0000-0000-000000000000/resourceGroups/rgname/providers/Microsoft.Sql/servers/myserverxpxy?api-version=2020-11-01-preview
  response:
    body:
      string: '{"operation":"UpsertLogicalServer","startTime":"2021-05-24T06:52:19.237Z"}'
    headers:
      azure-asyncoperation:
      - https://management.azure.com/subscriptions/00000000-0000-0000-0000-000000000000/resourceGroups/rgname/providers/Microsoft.Sql/locations/eastus/serverAzureAsyncOperation/395ca08d-b932-496f-9f63-9ed5d0f21f80?api-version=2020-11-01-preview
      cache-control:
      - no-cache
      content-length:
      - '74'
      content-type:
      - application/json; charset=utf-8
      date:
      - Mon, 24 May 2021 06:52:19 GMT
      expires:
      - '-1'
      location:
      - https://management.azure.com/subscriptions/00000000-0000-0000-0000-000000000000/resourceGroups/rgname/providers/Microsoft.Sql/locations/eastus/serverOperationResults/395ca08d-b932-496f-9f63-9ed5d0f21f80?api-version=2020-11-01-preview
      pragma:
      - no-cache
      server:
      - Microsoft-HTTPAPI/2.0
      strict-transport-security:
      - max-age=31536000; includeSubDomains
      x-content-type-options:
      - nosniff
      x-ms-ratelimit-remaining-subscription-writes:
      - '1199'
    status:
      code: 202
      message: Accepted
- request:
    body: null
    headers:
      Accept:
      - '*/*'
      Accept-Encoding:
      - gzip, deflate
      Connection:
      - keep-alive
      User-Agent:
      - azsdk-python-mgmt-sql/0.0.0 Python/3.8.10 (Linux-5.4.0-1047-azure-x86_64-with-glibc2.2.5)
        VSTS_0fb41ef4-5012-48a9-bf39-4ee3de03ee35_build_2384_0
    method: GET
    uri: https://management.azure.com/subscriptions/00000000-0000-0000-0000-000000000000/resourceGroups/rgname/providers/Microsoft.Sql/locations/eastus/serverAzureAsyncOperation/395ca08d-b932-496f-9f63-9ed5d0f21f80?api-version=2020-11-01-preview
  response:
    body:
      string: '{"name":"395ca08d-b932-496f-9f63-9ed5d0f21f80","status":"InProgress","startTime":"2021-05-24T06:52:19.237Z"}'
    headers:
      cache-control:
      - no-cache
      content-length:
      - '108'
      content-type:
      - application/json; charset=utf-8
      date:
      - Mon, 24 May 2021 06:52:20 GMT
      expires:
      - '-1'
      pragma:
      - no-cache
      server:
      - Microsoft-HTTPAPI/2.0
      strict-transport-security:
      - max-age=31536000; includeSubDomains
      transfer-encoding:
      - chunked
      vary:
      - Accept-Encoding
      x-content-type-options:
      - nosniff
    status:
      code: 200
      message: OK
- request:
    body: null
    headers:
      Accept:
      - '*/*'
      Accept-Encoding:
      - gzip, deflate
      Connection:
      - keep-alive
      User-Agent:
      - azsdk-python-mgmt-sql/0.0.0 Python/3.8.10 (Linux-5.4.0-1047-azure-x86_64-with-glibc2.2.5)
        VSTS_0fb41ef4-5012-48a9-bf39-4ee3de03ee35_build_2384_0
    method: GET
    uri: https://management.azure.com/subscriptions/00000000-0000-0000-0000-000000000000/resourceGroups/rgname/providers/Microsoft.Sql/locations/eastus/serverAzureAsyncOperation/395ca08d-b932-496f-9f63-9ed5d0f21f80?api-version=2020-11-01-preview
  response:
    body:
      string: '{"name":"395ca08d-b932-496f-9f63-9ed5d0f21f80","status":"InProgress","startTime":"2021-05-24T06:52:19.237Z"}'
    headers:
      cache-control:
      - no-cache
      content-length:
      - '108'
      content-type:
      - application/json; charset=utf-8
      date:
      - Mon, 24 May 2021 06:52:21 GMT
      expires:
      - '-1'
      pragma:
      - no-cache
      server:
      - Microsoft-HTTPAPI/2.0
      strict-transport-security:
      - max-age=31536000; includeSubDomains
      transfer-encoding:
      - chunked
      vary:
      - Accept-Encoding
      x-content-type-options:
      - nosniff
    status:
      code: 200
      message: OK
- request:
    body: null
    headers:
      Accept:
      - '*/*'
      Accept-Encoding:
      - gzip, deflate
      Connection:
      - keep-alive
      User-Agent:
      - azsdk-python-mgmt-sql/0.0.0 Python/3.8.10 (Linux-5.4.0-1047-azure-x86_64-with-glibc2.2.5)
        VSTS_0fb41ef4-5012-48a9-bf39-4ee3de03ee35_build_2384_0
    method: GET
    uri: https://management.azure.com/subscriptions/00000000-0000-0000-0000-000000000000/resourceGroups/rgname/providers/Microsoft.Sql/locations/eastus/serverAzureAsyncOperation/395ca08d-b932-496f-9f63-9ed5d0f21f80?api-version=2020-11-01-preview
  response:
    body:
      string: '{"name":"395ca08d-b932-496f-9f63-9ed5d0f21f80","status":"InProgress","startTime":"2021-05-24T06:52:19.237Z"}'
    headers:
      cache-control:
      - no-cache
      content-length:
      - '108'
      content-type:
      - application/json; charset=utf-8
      date:
      - Mon, 24 May 2021 06:52:22 GMT
      expires:
      - '-1'
      pragma:
      - no-cache
      server:
      - Microsoft-HTTPAPI/2.0
      strict-transport-security:
      - max-age=31536000; includeSubDomains
      transfer-encoding:
      - chunked
      vary:
      - Accept-Encoding
      x-content-type-options:
      - nosniff
    status:
      code: 200
      message: OK
- request:
    body: null
    headers:
      Accept:
      - '*/*'
      Accept-Encoding:
      - gzip, deflate
      Connection:
      - keep-alive
      User-Agent:
      - azsdk-python-mgmt-sql/0.0.0 Python/3.8.10 (Linux-5.4.0-1047-azure-x86_64-with-glibc2.2.5)
        VSTS_0fb41ef4-5012-48a9-bf39-4ee3de03ee35_build_2384_0
    method: GET
    uri: https://management.azure.com/subscriptions/00000000-0000-0000-0000-000000000000/resourceGroups/rgname/providers/Microsoft.Sql/locations/eastus/serverAzureAsyncOperation/395ca08d-b932-496f-9f63-9ed5d0f21f80?api-version=2020-11-01-preview
  response:
    body:
      string: '{"name":"395ca08d-b932-496f-9f63-9ed5d0f21f80","status":"InProgress","startTime":"2021-05-24T06:52:19.237Z"}'
    headers:
      cache-control:
      - no-cache
      content-length:
      - '108'
      content-type:
      - application/json; charset=utf-8
      date:
      - Mon, 24 May 2021 06:52:23 GMT
      expires:
      - '-1'
      pragma:
      - no-cache
      server:
      - Microsoft-HTTPAPI/2.0
      strict-transport-security:
      - max-age=31536000; includeSubDomains
      transfer-encoding:
      - chunked
      vary:
      - Accept-Encoding
      x-content-type-options:
      - nosniff
    status:
      code: 200
      message: OK
- request:
    body: null
    headers:
      Accept:
      - '*/*'
      Accept-Encoding:
      - gzip, deflate
      Connection:
      - keep-alive
      User-Agent:
      - azsdk-python-mgmt-sql/0.0.0 Python/3.8.10 (Linux-5.4.0-1047-azure-x86_64-with-glibc2.2.5)
        VSTS_0fb41ef4-5012-48a9-bf39-4ee3de03ee35_build_2384_0
    method: GET
    uri: https://management.azure.com/subscriptions/00000000-0000-0000-0000-000000000000/resourceGroups/rgname/providers/Microsoft.Sql/locations/eastus/serverAzureAsyncOperation/395ca08d-b932-496f-9f63-9ed5d0f21f80?api-version=2020-11-01-preview
  response:
    body:
      string: '{"name":"395ca08d-b932-496f-9f63-9ed5d0f21f80","status":"InProgress","startTime":"2021-05-24T06:52:19.237Z"}'
    headers:
      cache-control:
      - no-cache
      content-length:
      - '108'
      content-type:
      - application/json; charset=utf-8
      date:
      - Mon, 24 May 2021 06:52:24 GMT
      expires:
      - '-1'
      pragma:
      - no-cache
      server:
      - Microsoft-HTTPAPI/2.0
      strict-transport-security:
      - max-age=31536000; includeSubDomains
      transfer-encoding:
      - chunked
      vary:
      - Accept-Encoding
      x-content-type-options:
      - nosniff
    status:
      code: 200
      message: OK
- request:
    body: null
    headers:
      Accept:
      - '*/*'
      Accept-Encoding:
      - gzip, deflate
      Connection:
      - keep-alive
      User-Agent:
      - azsdk-python-mgmt-sql/0.0.0 Python/3.8.10 (Linux-5.4.0-1047-azure-x86_64-with-glibc2.2.5)
        VSTS_0fb41ef4-5012-48a9-bf39-4ee3de03ee35_build_2384_0
    method: GET
    uri: https://management.azure.com/subscriptions/00000000-0000-0000-0000-000000000000/resourceGroups/rgname/providers/Microsoft.Sql/locations/eastus/serverAzureAsyncOperation/395ca08d-b932-496f-9f63-9ed5d0f21f80?api-version=2020-11-01-preview
  response:
    body:
      string: '{"name":"395ca08d-b932-496f-9f63-9ed5d0f21f80","status":"InProgress","startTime":"2021-05-24T06:52:19.237Z"}'
    headers:
      cache-control:
      - no-cache
      content-length:
      - '108'
      content-type:
      - application/json; charset=utf-8
      date:
      - Mon, 24 May 2021 06:52:44 GMT
      expires:
      - '-1'
      pragma:
      - no-cache
      server:
      - Microsoft-HTTPAPI/2.0
      strict-transport-security:
      - max-age=31536000; includeSubDomains
      transfer-encoding:
      - chunked
      vary:
      - Accept-Encoding
      x-content-type-options:
      - nosniff
    status:
      code: 200
      message: OK
- request:
    body: null
    headers:
      Accept:
      - '*/*'
      Accept-Encoding:
      - gzip, deflate
      Connection:
      - keep-alive
      User-Agent:
      - azsdk-python-mgmt-sql/0.0.0 Python/3.8.10 (Linux-5.4.0-1047-azure-x86_64-with-glibc2.2.5)
        VSTS_0fb41ef4-5012-48a9-bf39-4ee3de03ee35_build_2384_0
    method: GET
    uri: https://management.azure.com/subscriptions/00000000-0000-0000-0000-000000000000/resourceGroups/rgname/providers/Microsoft.Sql/locations/eastus/serverAzureAsyncOperation/395ca08d-b932-496f-9f63-9ed5d0f21f80?api-version=2020-11-01-preview
  response:
    body:
      string: '{"name":"395ca08d-b932-496f-9f63-9ed5d0f21f80","status":"Succeeded","startTime":"2021-05-24T06:52:19.237Z"}'
    headers:
      cache-control:
      - no-cache
      content-length:
      - '107'
      content-type:
      - application/json; charset=utf-8
      date:
      - Mon, 24 May 2021 06:53:04 GMT
      expires:
      - '-1'
      pragma:
      - no-cache
      server:
      - Microsoft-HTTPAPI/2.0
      strict-transport-security:
      - max-age=31536000; includeSubDomains
      transfer-encoding:
      - chunked
      vary:
      - Accept-Encoding
      x-content-type-options:
      - nosniff
    status:
      code: 200
      message: OK
- request:
    body: null
    headers:
      Accept:
      - '*/*'
      Accept-Encoding:
      - gzip, deflate
      Connection:
      - keep-alive
      User-Agent:
      - azsdk-python-mgmt-sql/0.0.0 Python/3.8.10 (Linux-5.4.0-1047-azure-x86_64-with-glibc2.2.5)
        VSTS_0fb41ef4-5012-48a9-bf39-4ee3de03ee35_build_2384_0
    method: GET
    uri: https://management.azure.com/subscriptions/00000000-0000-0000-0000-000000000000/resourceGroups/rgname/providers/Microsoft.Sql/servers/myserverxpxy?api-version=2020-11-01-preview
  response:
    body:
      string: '{"kind":"v12.0","properties":{"administratorLogin":"dummylogin","version":"12.0","state":"Ready","fullyQualifiedDomainName":"myserverxpxy.database.windows.net","privateEndpointConnections":[],"publicNetworkAccess":"Enabled"},"location":"eastus","id":"/subscriptions/00000000-0000-0000-0000-000000000000/resourceGroups/rgname/providers/Microsoft.Sql/servers/myserverxpxy","name":"myserverxpxy","type":"Microsoft.Sql/servers"}'
    headers:
      cache-control:
      - no-cache
      content-length:
      - '498'
      content-type:
      - application/json; charset=utf-8
      date:
      - Mon, 24 May 2021 06:53:04 GMT
      expires:
      - '-1'
      pragma:
      - no-cache
      server:
      - Microsoft-HTTPAPI/2.0
      strict-transport-security:
      - max-age=31536000; includeSubDomains
      transfer-encoding:
      - chunked
      vary:
      - Accept-Encoding
      x-content-type-options:
      - nosniff
    status:
      code: 200
      message: OK
- request:
    body: '{"location": "eastus"}'
    headers:
      Accept:
      - application/json
      Accept-Encoding:
      - gzip, deflate
      Connection:
      - keep-alive
      Content-Length:
      - '22'
      Content-Type:
      - application/json
      User-Agent:
      - azsdk-python-mgmt-sql/0.0.0 Python/3.8.10 (Linux-5.4.0-1047-azure-x86_64-with-glibc2.2.5)
        VSTS_0fb41ef4-5012-48a9-bf39-4ee3de03ee35_build_2384_0
    method: PUT
    uri: https://management.azure.com/subscriptions/00000000-0000-0000-0000-000000000000/resourceGroups/rgname/providers/Microsoft.Sql/servers/myserverxpxy/databases/mydatabase?api-version=2021-02-01-preview
  response:
    body:
      string: '{"operation":"CreateLogicalDatabase","startTime":"2021-05-24T06:53:05.473Z"}'
    headers:
      azure-asyncoperation:
      - https://management.azure.com/subscriptions/00000000-0000-0000-0000-000000000000/resourceGroups/rgname/providers/Microsoft.Sql/locations/eastus/databaseAzureAsyncOperation/49ce9480-c9da-453c-885e-1662673807f7?api-version=2021-02-01-preview
      cache-control:
      - no-cache
      content-length:
      - '76'
      content-type:
      - application/json; charset=utf-8
      date:
      - Mon, 24 May 2021 06:53:05 GMT
      expires:
      - '-1'
      location:
      - https://management.azure.com/subscriptions/00000000-0000-0000-0000-000000000000/resourceGroups/rgname/providers/Microsoft.Sql/locations/eastus/databaseOperationResults/49ce9480-c9da-453c-885e-1662673807f7?api-version=2021-02-01-preview
      pragma:
      - no-cache
      server:
      - Microsoft-HTTPAPI/2.0
      strict-transport-security:
      - max-age=31536000; includeSubDomains
      x-content-type-options:
      - nosniff
      x-ms-ratelimit-remaining-subscription-writes:
      - '1198'
    status:
      code: 202
      message: Accepted
- request:
    body: null
    headers:
      Accept:
      - '*/*'
      Accept-Encoding:
      - gzip, deflate
      Connection:
      - keep-alive
      User-Agent:
      - azsdk-python-mgmt-sql/0.0.0 Python/3.8.10 (Linux-5.4.0-1047-azure-x86_64-with-glibc2.2.5)
        VSTS_0fb41ef4-5012-48a9-bf39-4ee3de03ee35_build_2384_0
    method: GET
    uri: https://management.azure.com/subscriptions/00000000-0000-0000-0000-000000000000/resourceGroups/rgname/providers/Microsoft.Sql/locations/eastus/databaseAzureAsyncOperation/49ce9480-c9da-453c-885e-1662673807f7?api-version=2021-02-01-preview
  response:
    body:
      string: '{"name":"49ce9480-c9da-453c-885e-1662673807f7","status":"InProgress","startTime":"2021-05-24T06:53:05.473Z"}'
    headers:
      cache-control:
      - no-cache
      content-length:
      - '108'
      content-type:
      - application/json; charset=utf-8
      date:
      - Mon, 24 May 2021 06:53:20 GMT
      expires:
      - '-1'
      pragma:
      - no-cache
      server:
      - Microsoft-HTTPAPI/2.0
      strict-transport-security:
      - max-age=31536000; includeSubDomains
      transfer-encoding:
      - chunked
      vary:
      - Accept-Encoding
      x-content-type-options:
      - nosniff
    status:
      code: 200
      message: OK
- request:
    body: null
    headers:
      Accept:
      - '*/*'
      Accept-Encoding:
      - gzip, deflate
      Connection:
      - keep-alive
      User-Agent:
      - azsdk-python-mgmt-sql/0.0.0 Python/3.8.10 (Linux-5.4.0-1047-azure-x86_64-with-glibc2.2.5)
        VSTS_0fb41ef4-5012-48a9-bf39-4ee3de03ee35_build_2384_0
    method: GET
    uri: https://management.azure.com/subscriptions/00000000-0000-0000-0000-000000000000/resourceGroups/rgname/providers/Microsoft.Sql/locations/eastus/databaseAzureAsyncOperation/49ce9480-c9da-453c-885e-1662673807f7?api-version=2021-02-01-preview
  response:
    body:
      string: '{"name":"49ce9480-c9da-453c-885e-1662673807f7","status":"InProgress","startTime":"2021-05-24T06:53:05.473Z"}'
    headers:
      cache-control:
      - no-cache
      content-length:
      - '108'
      content-type:
      - application/json; charset=utf-8
      date:
      - Mon, 24 May 2021 06:53:34 GMT
      expires:
      - '-1'
      pragma:
      - no-cache
      server:
      - Microsoft-HTTPAPI/2.0
      strict-transport-security:
      - max-age=31536000; includeSubDomains
      transfer-encoding:
      - chunked
      vary:
      - Accept-Encoding
      x-content-type-options:
      - nosniff
    status:
      code: 200
      message: OK
- request:
    body: null
    headers:
      Accept:
      - '*/*'
      Accept-Encoding:
      - gzip, deflate
      Connection:
      - keep-alive
      User-Agent:
      - azsdk-python-mgmt-sql/0.0.0 Python/3.8.10 (Linux-5.4.0-1047-azure-x86_64-with-glibc2.2.5)
        VSTS_0fb41ef4-5012-48a9-bf39-4ee3de03ee35_build_2384_0
    method: GET
    uri: https://management.azure.com/subscriptions/00000000-0000-0000-0000-000000000000/resourceGroups/rgname/providers/Microsoft.Sql/locations/eastus/databaseAzureAsyncOperation/49ce9480-c9da-453c-885e-1662673807f7?api-version=2021-02-01-preview
  response:
    body:
      string: '{"name":"49ce9480-c9da-453c-885e-1662673807f7","status":"InProgress","startTime":"2021-05-24T06:53:05.473Z"}'
    headers:
      cache-control:
      - no-cache
      content-length:
      - '108'
      content-type:
      - application/json; charset=utf-8
      date:
      - Mon, 24 May 2021 06:53:50 GMT
      expires:
      - '-1'
      pragma:
      - no-cache
      server:
      - Microsoft-HTTPAPI/2.0
      strict-transport-security:
      - max-age=31536000; includeSubDomains
      transfer-encoding:
      - chunked
      vary:
      - Accept-Encoding
      x-content-type-options:
      - nosniff
    status:
      code: 200
      message: OK
- request:
    body: null
    headers:
      Accept:
      - '*/*'
      Accept-Encoding:
      - gzip, deflate
      Connection:
      - keep-alive
      User-Agent:
      - azsdk-python-mgmt-sql/0.0.0 Python/3.8.10 (Linux-5.4.0-1047-azure-x86_64-with-glibc2.2.5)
        VSTS_0fb41ef4-5012-48a9-bf39-4ee3de03ee35_build_2384_0
    method: GET
    uri: https://management.azure.com/subscriptions/00000000-0000-0000-0000-000000000000/resourceGroups/rgname/providers/Microsoft.Sql/locations/eastus/databaseAzureAsyncOperation/49ce9480-c9da-453c-885e-1662673807f7?api-version=2021-02-01-preview
  response:
    body:
      string: '{"name":"49ce9480-c9da-453c-885e-1662673807f7","status":"Succeeded","startTime":"2021-05-24T06:53:05.473Z"}'
    headers:
      cache-control:
      - no-cache
      content-length:
      - '107'
      content-type:
      - application/json; charset=utf-8
      date:
      - Mon, 24 May 2021 06:54:05 GMT
      expires:
      - '-1'
      pragma:
      - no-cache
      server:
      - Microsoft-HTTPAPI/2.0
      strict-transport-security:
      - max-age=31536000; includeSubDomains
      transfer-encoding:
      - chunked
      vary:
      - Accept-Encoding
      x-content-type-options:
      - nosniff
    status:
      code: 200
      message: OK
- request:
    body: null
    headers:
      Accept:
      - '*/*'
      Accept-Encoding:
      - gzip, deflate
      Connection:
      - keep-alive
      User-Agent:
      - azsdk-python-mgmt-sql/0.0.0 Python/3.8.10 (Linux-5.4.0-1047-azure-x86_64-with-glibc2.2.5)
        VSTS_0fb41ef4-5012-48a9-bf39-4ee3de03ee35_build_2384_0
    method: GET
    uri: https://management.azure.com/subscriptions/00000000-0000-0000-0000-000000000000/resourceGroups/rgname/providers/Microsoft.Sql/servers/myserverxpxy/databases/mydatabase?api-version=2021-02-01-preview
  response:
    body:
      string: '{"sku":{"name":"GP_Gen5","tier":"GeneralPurpose","family":"Gen5","capacity":2},"kind":"v12.0,user,vcore","properties":{"collation":"SQL_Latin1_General_CP1_CI_AS","maxSizeBytes":34359738368,"status":"Online","databaseId":"1e48db4d-d28c-46dc-9342-677541b4fb7c","creationDate":"2021-05-24T06:53:57.52Z","currentServiceObjectiveName":"GP_Gen5_2","requestedServiceObjectiveName":"GP_Gen5_2","defaultSecondaryLocation":"westus","catalogCollation":"SQL_Latin1_General_CP1_CI_AS","zoneRedundant":false,"licenseType":"LicenseIncluded","maxLogSizeBytes":68719476736,"readScale":"Disabled","currentSku":{"name":"GP_Gen5","tier":"GeneralPurpose","family":"Gen5","capacity":2},"currentBackupStorageRedundancy":"Geo","requestedBackupStorageRedundancy":"Geo","maintenanceConfigurationId":"/subscriptions/00000000-0000-0000-0000-000000000000/providers/Microsoft.Maintenance/publicMaintenanceConfigurations/SQL_Default","isLedgerOn":false,"isInfraEncryptionEnabled":false},"location":"eastus","id":"/subscriptions/00000000-0000-0000-0000-000000000000/resourceGroups/rgname/providers/Microsoft.Sql/servers/myserverxpxy/databases/mydatabase","name":"mydatabase","type":"Microsoft.Sql/servers/databases"}'
    headers:
      cache-control:
      - no-cache
      content-length:
      - '1258'
      content-type:
      - application/json; charset=utf-8
      date:
      - Mon, 24 May 2021 06:54:05 GMT
      expires:
      - '-1'
      pragma:
      - no-cache
      server:
      - Microsoft-HTTPAPI/2.0
      strict-transport-security:
      - max-age=31536000; includeSubDomains
      transfer-encoding:
      - chunked
      vary:
      - Accept-Encoding
      x-content-type-options:
      - nosniff
    status:
      code: 200
      message: OK
- request:
    body: '{"properties": {"syncDatabaseId": "/subscriptions/00000000-0000-0000-0000-000000000000/resourceGroups/rgname/providers/Microsoft.Sql/servers/myserverxpxy/databases/mydatabase"}}'
    headers:
      Accept:
      - application/json
      Accept-Encoding:
      - gzip, deflate
      Connection:
      - keep-alive
      Content-Length:
      - '251'
      Content-Type:
      - application/json
      User-Agent:
      - azsdk-python-mgmt-sql/0.0.0 Python/3.8.10 (Linux-5.4.0-1047-azure-x86_64-with-glibc2.2.5)
        VSTS_0fb41ef4-5012-48a9-bf39-4ee3de03ee35_build_2384_0
    method: PUT
    uri: https://management.azure.com/subscriptions/00000000-0000-0000-0000-000000000000/resourceGroups/rgname/providers/Microsoft.Sql/servers/myserverxpxy/syncAgents/mysyncagent?api-version=2020-11-01-preview
  response:
    body:
      string: '{"operation":"CreateSyncAgent","startTime":"2021-05-24T06:54:06.143Z"}'
    headers:
      cache-control:
      - no-cache
      content-length:
      - '70'
      content-type:
      - application/json; charset=utf-8
      date:
      - Mon, 24 May 2021 06:54:05 GMT
      expires:
      - '-1'
      location:
      - https://management.azure.com/subscriptions/00000000-0000-0000-0000-000000000000/resourceGroups/rgname/providers/Microsoft.Sql/locations/eastus/syncAgentOperationResults/7a45b3f1-cfef-42fe-9a50-8452b599d439?api-version=2020-11-01-preview
      pragma:
      - no-cache
      server:
      - Microsoft-HTTPAPI/2.0
      strict-transport-security:
      - max-age=31536000; includeSubDomains
      x-content-type-options:
      - nosniff
      x-ms-ratelimit-remaining-subscription-writes:
      - '1197'
    status:
      code: 202
      message: Accepted
- request:
    body: null
    headers:
      Accept:
      - '*/*'
      Accept-Encoding:
      - gzip, deflate
      Connection:
      - keep-alive
      User-Agent:
      - azsdk-python-mgmt-sql/0.0.0 Python/3.8.10 (Linux-5.4.0-1047-azure-x86_64-with-glibc2.2.5)
        VSTS_0fb41ef4-5012-48a9-bf39-4ee3de03ee35_build_2384_0
    method: GET
    uri: https://management.azure.com/subscriptions/00000000-0000-0000-0000-000000000000/resourceGroups/rgname/providers/Microsoft.Sql/locations/eastus/syncAgentOperationResults/7a45b3f1-cfef-42fe-9a50-8452b599d439?api-version=2020-11-01-preview
  response:
    body:
      string: '{"properties":{"syncDatabaseId":"/subscriptions/00000000-0000-0000-0000-000000000000/resourceGroups/rgname/providers/Microsoft.Sql/servers/myserverxpxy/databases/mydatabase"},"id":"/subscriptions/00000000-0000-0000-0000-000000000000/resourceGroups/rgname/providers/Microsoft.Sql/servers/myserverxpxy/syncAgents/mysyncagent","name":"mysyncagent","type":"Microsoft.Sql/servers/syncAgents"}'
    headers:
      cache-control:
      - no-cache
      content-length:
      - '535'
      content-type:
      - application/json; charset=utf-8
      date:
      - Mon, 24 May 2021 06:54:21 GMT
      expires:
      - '-1'
      pragma:
      - no-cache
      server:
      - Microsoft-HTTPAPI/2.0
      strict-transport-security:
      - max-age=31536000; includeSubDomains
      x-content-type-options:
      - nosniff
    status:
      code: 201
      message: Created
- request:
    body: null
    headers:
      Accept:
      - application/json
      Accept-Encoding:
      - gzip, deflate
      Connection:
      - keep-alive
      User-Agent:
      - azsdk-python-mgmt-sql/0.0.0 Python/3.8.10 (Linux-5.4.0-1047-azure-x86_64-with-glibc2.2.5)
        VSTS_0fb41ef4-5012-48a9-bf39-4ee3de03ee35_build_2384_0
    method: GET
    uri: https://management.azure.com/subscriptions/00000000-0000-0000-0000-000000000000/resourceGroups/rgname/providers/Microsoft.Sql/servers/myserverxpxy/syncAgents/mysyncagent?api-version=2020-11-01-preview
  response:
    body:
      string: '{"properties":{"syncDatabaseId":"/subscriptions/00000000-0000-0000-0000-000000000000/resourceGroups/rgname/providers/Microsoft.Sql/servers/myserverxpxy/databases/mydatabase","state":"NeverConnected","isUpToDate":true,"expiryTime":"9999-12-31T23:59:59.9999999Z","version":"4.2.0.0"},"id":"/subscriptions/00000000-0000-0000-0000-000000000000/resourceGroups/rgname/providers/Microsoft.Sql/servers/myserverxpxy/syncAgents/mysyncagent","name":"mysyncagent","type":"Microsoft.Sql/servers/syncAgents"}'
    headers:
      cache-control:
      - no-cache
      content-length:
      - '642'
      content-type:
      - application/json; charset=utf-8
      date:
      - Mon, 24 May 2021 06:54:21 GMT
      expires:
      - '-1'
      pragma:
      - no-cache
      server:
      - Microsoft-HTTPAPI/2.0
      strict-transport-security:
      - max-age=31536000; includeSubDomains
      transfer-encoding:
      - chunked
      vary:
      - Accept-Encoding
      x-content-type-options:
      - nosniff
    status:
      code: 200
      message: OK
- request:
    body: null
    headers:
      Accept:
      - application/json
      Accept-Encoding:
      - gzip, deflate
      Connection:
      - keep-alive
      Content-Length:
      - '0'
      User-Agent:
      - azsdk-python-mgmt-sql/0.0.0 Python/3.8.10 (Linux-5.4.0-1047-azure-x86_64-with-glibc2.2.5)
        VSTS_0fb41ef4-5012-48a9-bf39-4ee3de03ee35_build_2384_0
    method: POST
    uri: https://management.azure.com/subscriptions/00000000-0000-0000-0000-000000000000/resourceGroups/rgname/providers/Microsoft.Sql/servers/myserverxpxy/syncAgents/mysyncagent/generateKey?api-version=2020-11-01-preview
  response:
    body:
      string: '{"syncAgentKey":"410a1001-132a-49a3-ae95-7790d7c64f7c:LWqQIZ7uPYB4jpLoffhHI3+nSJH8zF27euMSfhnus8s=:bXlzZXJ2ZXJ4cHh5LmRhdGFiYXNlLndpbmRvd3MubmV04oGHbXlkYXRhYmFzZQ=="}'
    headers:
      cache-control:
      - no-cache
      content-length:
      - '165'
      content-type:
      - application/json; charset=utf-8
      date:
      - Mon, 24 May 2021 06:54:22 GMT
      expires:
      - '-1'
      pragma:
      - no-cache
      server:
      - Microsoft-HTTPAPI/2.0
      strict-transport-security:
      - max-age=31536000; includeSubDomains
      transfer-encoding:
      - chunked
      vary:
      - Accept-Encoding
      x-content-type-options:
      - nosniff
      x-ms-ratelimit-remaining-subscription-writes:
      - '1199'
    status:
      code: 200
      message: OK
- request:
    body: null
    headers:
      Accept:
      - '*/*'
      Accept-Encoding:
      - gzip, deflate
      Connection:
      - keep-alive
      Content-Length:
      - '0'
      User-Agent:
      - azsdk-python-mgmt-sql/0.0.0 Python/3.8.10 (Linux-5.4.0-1047-azure-x86_64-with-glibc2.2.5)
        VSTS_0fb41ef4-5012-48a9-bf39-4ee3de03ee35_build_2384_0
    method: DELETE
    uri: https://management.azure.com/subscriptions/00000000-0000-0000-0000-000000000000/resourceGroups/rgname/providers/Microsoft.Sql/servers/myserverxpxy/syncAgents/mysyncagent?api-version=2020-11-01-preview
  response:
    body:
      string: '{"operation":"DropSyncAgent","startTime":"2021-05-24T06:54:22.3Z"}'
    headers:
      cache-control:
      - no-cache
      content-length:
      - '66'
      content-type:
      - application/json; charset=utf-8
      date:
      - Mon, 24 May 2021 06:54:22 GMT
      expires:
      - '-1'
      location:
      - https://management.azure.com/subscriptions/00000000-0000-0000-0000-000000000000/resourceGroups/rgname/providers/Microsoft.Sql/locations/eastus/syncAgentOperationResults/8096b485-5fcf-412a-acd0-af2f782f8ef2?api-version=2020-11-01-preview
      pragma:
      - no-cache
      server:
      - Microsoft-HTTPAPI/2.0
      strict-transport-security:
      - max-age=31536000; includeSubDomains
      x-content-type-options:
      - nosniff
      x-ms-ratelimit-remaining-subscription-deletes:
      - '14999'
    status:
      code: 202
      message: Accepted
- request:
    body: null
    headers:
      Accept:
      - '*/*'
      Accept-Encoding:
      - gzip, deflate
      Connection:
      - keep-alive
      User-Agent:
      - azsdk-python-mgmt-sql/0.0.0 Python/3.8.10 (Linux-5.4.0-1047-azure-x86_64-with-glibc2.2.5)
        VSTS_0fb41ef4-5012-48a9-bf39-4ee3de03ee35_build_2384_0
    method: GET
    uri: https://management.azure.com/subscriptions/00000000-0000-0000-0000-000000000000/resourceGroups/rgname/providers/Microsoft.Sql/locations/eastus/syncAgentOperationResults/8096b485-5fcf-412a-acd0-af2f782f8ef2?api-version=2020-11-01-preview
  response:
    body:
      string: '{"properties":{},"id":"/subscriptions/00000000-0000-0000-0000-000000000000/resourceGroups/rgname/providers/Microsoft.Sql/servers/myserverxpxy/syncAgents/mysyncagent","name":"mysyncagent","type":"Microsoft.Sql/servers/syncAgents"}'
    headers:
      cache-control:
      - no-cache
      content-length:
      - '303'
      content-type:
      - application/json; charset=utf-8
      date:
      - Mon, 24 May 2021 06:54:37 GMT
      expires:
      - '-1'
      pragma:
      - no-cache
      server:
      - Microsoft-HTTPAPI/2.0
      strict-transport-security:
      - max-age=31536000; includeSubDomains
      transfer-encoding:
      - chunked
      vary:
      - Accept-Encoding
      x-content-type-options:
      - nosniff
    status:
      code: 200
      message: OK
- request:
    body: null
    headers:
      Accept:
      - '*/*'
      Accept-Encoding:
      - gzip, deflate
      Connection:
      - keep-alive
      Content-Length:
      - '0'
      User-Agent:
      - azsdk-python-mgmt-sql/0.0.0 Python/3.8.10 (Linux-5.4.0-1047-azure-x86_64-with-glibc2.2.5)
        VSTS_0fb41ef4-5012-48a9-bf39-4ee3de03ee35_build_2384_0
    method: DELETE
    uri: https://management.azure.com/subscriptions/00000000-0000-0000-0000-000000000000/resourceGroups/rgname/providers/Microsoft.Sql/servers/myserverxpxy/databases/mydatabase?api-version=2021-02-01-preview
  response:
    body:
      string: '{"operation":"DropLogicalDatabase","startTime":"2021-05-24T06:54:37.69Z"}'
    headers:
      azure-asyncoperation:
      - https://management.azure.com/subscriptions/00000000-0000-0000-0000-000000000000/resourceGroups/rgname/providers/Microsoft.Sql/locations/eastus/databaseAzureAsyncOperation/0f1e681b-085b-41c4-8fc6-bd285dbb5b0e?api-version=2021-02-01-preview
      cache-control:
      - no-cache
      content-length:
      - '73'
      content-type:
      - application/json; charset=utf-8
      date:
      - Mon, 24 May 2021 06:54:37 GMT
      expires:
      - '-1'
      location:
      - https://management.azure.com/subscriptions/00000000-0000-0000-0000-000000000000/resourceGroups/rgname/providers/Microsoft.Sql/locations/eastus/databaseOperationResults/0f1e681b-085b-41c4-8fc6-bd285dbb5b0e?api-version=2021-02-01-preview
      pragma:
      - no-cache
      server:
      - Microsoft-HTTPAPI/2.0
      strict-transport-security:
      - max-age=31536000; includeSubDomains
      x-content-type-options:
      - nosniff
      x-ms-ratelimit-remaining-subscription-deletes:
      - '14998'
    status:
      code: 202
      message: Accepted
- request:
    body: null
    headers:
      Accept:
      - '*/*'
      Accept-Encoding:
      - gzip, deflate
      Connection:
      - keep-alive
      User-Agent:
      - azsdk-python-mgmt-sql/0.0.0 Python/3.8.10 (Linux-5.4.0-1047-azure-x86_64-with-glibc2.2.5)
        VSTS_0fb41ef4-5012-48a9-bf39-4ee3de03ee35_build_2384_0
    method: GET
    uri: https://management.azure.com/subscriptions/00000000-0000-0000-0000-000000000000/resourceGroups/rgname/providers/Microsoft.Sql/locations/eastus/databaseAzureAsyncOperation/0f1e681b-085b-41c4-8fc6-bd285dbb5b0e?api-version=2021-02-01-preview
  response:
    body:
      string: '{"name":"0f1e681b-085b-41c4-8fc6-bd285dbb5b0e","status":"Succeeded","startTime":"2021-05-24T06:54:37.69Z"}'
    headers:
      cache-control:
      - no-cache
      content-length:
      - '106'
      content-type:
      - application/json; charset=utf-8
      date:
      - Mon, 24 May 2021 06:54:52 GMT
      expires:
      - '-1'
      pragma:
      - no-cache
      server:
      - Microsoft-HTTPAPI/2.0
      strict-transport-security:
      - max-age=31536000; includeSubDomains
      transfer-encoding:
      - chunked
      vary:
      - Accept-Encoding
      x-content-type-options:
      - nosniff
    status:
      code: 200
      message: OK
- request:
    body: null
    headers:
      Accept:
      - '*/*'
      Accept-Encoding:
      - gzip, deflate
      Connection:
      - keep-alive
      Content-Length:
      - '0'
      User-Agent:
      - azsdk-python-mgmt-sql/0.0.0 Python/3.8.10 (Linux-5.4.0-1047-azure-x86_64-with-glibc2.2.5)
        VSTS_0fb41ef4-5012-48a9-bf39-4ee3de03ee35_build_2384_0
    method: DELETE
    uri: https://management.azure.com/subscriptions/00000000-0000-0000-0000-000000000000/resourceGroups/rgname/providers/Microsoft.Sql/servers/myserverxpxy?api-version=2020-11-01-preview
  response:
    body:
      string: '{"operation":"DropLogicalServer","startTime":"2021-05-24T06:54:53.02Z"}'
    headers:
      azure-asyncoperation:
      - https://management.azure.com/subscriptions/00000000-0000-0000-0000-000000000000/resourceGroups/rgname/providers/Microsoft.Sql/locations/eastus/serverAzureAsyncOperation/f2b5fee0-fd37-49bb-ae43-1bc18b21f6d7?api-version=2020-11-01-preview
      cache-control:
      - no-cache
      content-length:
      - '71'
      content-type:
      - application/json; charset=utf-8
      date:
      - Mon, 24 May 2021 06:54:52 GMT
      expires:
      - '-1'
      location:
      - https://management.azure.com/subscriptions/00000000-0000-0000-0000-000000000000/resourceGroups/rgname/providers/Microsoft.Sql/locations/eastus/serverOperationResults/f2b5fee0-fd37-49bb-ae43-1bc18b21f6d7?api-version=2020-11-01-preview
      pragma:
      - no-cache
      server:
      - Microsoft-HTTPAPI/2.0
      strict-transport-security:
      - max-age=31536000; includeSubDomains
      x-content-type-options:
      - nosniff
      x-ms-ratelimit-remaining-subscription-deletes:
      - '14997'
    status:
      code: 202
      message: Accepted
- request:
    body: null
    headers:
      Accept:
      - '*/*'
      Accept-Encoding:
      - gzip, deflate
      Connection:
      - keep-alive
      User-Agent:
      - azsdk-python-mgmt-sql/0.0.0 Python/3.8.10 (Linux-5.4.0-1047-azure-x86_64-with-glibc2.2.5)
        VSTS_0fb41ef4-5012-48a9-bf39-4ee3de03ee35_build_2384_0
    method: GET
    uri: https://management.azure.com/subscriptions/00000000-0000-0000-0000-000000000000/resourceGroups/rgname/providers/Microsoft.Sql/locations/eastus/serverAzureAsyncOperation/f2b5fee0-fd37-49bb-ae43-1bc18b21f6d7?api-version=2020-11-01-preview
  response:
    body:
      string: '{"name":"f2b5fee0-fd37-49bb-ae43-1bc18b21f6d7","status":"Succeeded","startTime":"2021-05-24T06:54:53.02Z"}'
    headers:
      cache-control:
      - no-cache
      content-length:
      - '106'
      content-type:
      - application/json; charset=utf-8
      date:
      - Mon, 24 May 2021 06:55:08 GMT
      expires:
      - '-1'
      pragma:
      - no-cache
      server:
      - Microsoft-HTTPAPI/2.0
      strict-transport-security:
      - max-age=31536000; includeSubDomains
      transfer-encoding:
      - chunked
      vary:
      - Accept-Encoding
      x-content-type-options:
      - nosniff
    status:
      code: 200
      message: OK
version: 1
