interactions:
- request:
    body: '{}'
    headers:
      Accept:
      - application/json
      Accept-Encoding:
      - gzip, deflate
      Connection:
      - keep-alive
      Content-Length:
      - '2'
      Content-Type:
      - application/json
      Date:
      - Thu, 28 Jan 2021 00:01:37 GMT
      User-Agent:
      - azsdk-python-communication-identity/1.0.0b4 Python/3.9.0 (Windows-10-10.0.19041-SP0)
      x-ms-return-client-request-id:
      - 'true'
    method: POST
    uri: https://communicationegrcrs.communication.azure.com/identities?api-version=2021-03-07
  response:
    body:
      string: '{"identity": {"id": "8:acs:a83346e4-c8aa-4a33-8993-ef56f44076ba_00000007-e62d-4910-1000-343a0d00b028"}}'
    headers:
      api-supported-versions:
      - 2020-07-20-preview2, 2021-03-07
      content-type:
      - application/json; charset=utf-8
      date:
      - Thu, 28 Jan 2021 00:01:38 GMT
      ms-cv:
      - 3EE+zJXF4kyYK65z0u5AnQ.0
      strict-transport-security:
      - max-age=2592000
      transfer-encoding:
      - chunked
      x-processing-time:
      - 18ms
    status:
      code: 201
      message: Created
- request:
    body: '{"scopes": ["chat"]}'
    headers:
      Accept:
      - application/json
      Accept-Encoding:
      - gzip, deflate
      Connection:
      - keep-alive
      Content-Length:
      - '20'
      Content-Type:
      - application/json
      Date:
      - Thu, 28 Jan 2021 00:01:38 GMT
      User-Agent:
      - azsdk-python-communication-identity/1.0.0b4 Python/3.9.0 (Windows-10-10.0.19041-SP0)
      x-ms-return-client-request-id:
      - 'true'
    method: POST
    uri: https://communicationegrcrs.communication.azure.com/identities/sanitized/:issueAccessToken?api-version=2021-03-07
  response:
    body:
      string: '{"token": "sanitized", "expiresOn": "2021-01-29T00:01:38.1765422+00:00"}'
    headers:
      api-supported-versions:
      - 2020-07-20-preview2, 2021-03-07
      content-type:
      - application/json; charset=utf-8
      date:
      - Thu, 28 Jan 2021 00:01:39 GMT
      ms-cv:
      - wkhlq8Sb0ES4lAV8LpBBpw.0
      strict-transport-security:
      - max-age=2592000
      transfer-encoding:
      - chunked
      x-processing-time:
      - 277ms
    status:
      code: 200
      message: OK
- request:
    body: null
    headers:
      Accept:
      - application/json
      Accept-Encoding:
      - gzip, deflate
      Connection:
      - keep-alive
      Content-Length:
      - '0'
      Date:
      - Thu, 28 Jan 2021 00:01:38 GMT
      User-Agent:
      - azsdk-python-communication-identity/1.0.0b4 Python/3.9.0 (Windows-10-10.0.19041-SP0)
      x-ms-return-client-request-id:
      - 'true'
    method: POST
    uri: https://communicationegrcrs.communication.azure.com/identities/sanitized/:revokeAccessTokens?api-version=2021-03-07
  response:
    body:
      string: ''
    headers:
      api-supported-versions:
      - 2020-07-20-preview2, 2021-03-07
      date:
      - Thu, 28 Jan 2021 00:01:39 GMT
      ms-cv:
      - 3+8Tl9kzVUSYp1fxZqKkSA.0
      strict-transport-security:
      - max-age=2592000
      x-processing-time:
      - 231ms
    status:
      code: 204
      message: No Content
version: 1
