interactions:
- request:
    body: '{}'
    headers:
      Accept:
      - application/json
      Accept-Encoding:
      - gzip, deflate
      Connection:
      - keep-alive
      Content-Length:
      - '2'
      Content-Type:
      - application/json
      User-Agent:
      - azsdk-python-communication-identity/1.1.0 Python/3.10.0 (macOS-12.3.1-x86_64-i386-64bit)
      x-ms-date:
      - Wed, 01 Jun 2022 08:16:20 GMT
      x-ms-return-client-request-id:
      - 'true'
    method: POST
    uri: https://sanitized.communication.azure.com/identities?api-version=2022-06-01
  response:
    body:
      string: '{"identity": {"id": "sanitized"}}'
    headers:
      api-supported-versions:
      - 2020-07-20-preview2, 2021-02-22-preview1, 2021-03-07, 2021-10-31-preview,
        2021-11-01, 2022-06-01
      content-length:
      - '101'
      content-type:
      - application/json; charset=utf-8
      date:
      - Wed, 01 Jun 2022 08:16:20 GMT
      ms-cv:
      - 1Y9BQlsvlEKEsAHhKqdZtw.2.0
      request-context:
      - appId=
      strict-transport-security:
      - max-age=2592000
      x-cache:
      - CONFIG_NOCACHE
      x-processing-time:
      - 89ms
    status:
      code: 201
      message: Created
- request:
    body: '{"scopes": ["chat"]}'
    headers:
      Accept:
      - application/json
      Accept-Encoding:
      - gzip, deflate
      Connection:
      - keep-alive
      Content-Length:
      - '20'
      Content-Type:
      - application/json
      User-Agent:
      - azsdk-python-communication-identity/1.1.0 Python/3.10.0 (macOS-12.3.1-x86_64-i386-64bit)
      x-ms-date:
      - Wed, 01 Jun 2022 08:16:20 GMT
      x-ms-return-client-request-id:
      - 'true'
    method: POST
    uri: https://sanitized.communication.azure.com/identities/sanitized/:issueAccessToken?api-version=2022-06-01
  response:
    body:
      string: '{"token": "sanitized", "expiresOn": "2022-06-02T08:16:21.2750412+00:00"}'
    headers:
      api-supported-versions:
      - 2020-07-20-preview2, 2021-02-22-preview1, 2021-03-07, 2021-10-31-preview,
        2021-11-01, 2022-06-01
      content-length:
      - '804'
      content-type:
      - application/json; charset=utf-8
      date:
      - Wed, 01 Jun 2022 08:16:20 GMT
      ms-cv:
      - NiC5ZkXWaUy8j5B0sQPTBQ.2.0
      request-context:
      - appId=
      strict-transport-security:
      - max-age=2592000
      x-cache:
      - CONFIG_NOCACHE
      x-processing-time:
      - 182ms
    status:
      code: 200
      message: OK
- request:
    body: null
    headers:
      Accept:
      - application/json
      Accept-Encoding:
      - gzip, deflate
      Connection:
      - keep-alive
      Content-Length:
      - '0'
      User-Agent:
      - azsdk-python-communication-identity/1.1.0 Python/3.10.0 (macOS-12.3.1-x86_64-i386-64bit)
      x-ms-date:
      - Wed, 01 Jun 2022 08:16:21 GMT
      x-ms-return-client-request-id:
      - 'true'
    method: POST
    uri: https://sanitized.communication.azure.com/identities/sanitized/:revokeAccessTokens?api-version=2022-06-01
  response:
    body:
      string: ''
    headers:
      api-supported-versions:
      - 2020-07-20-preview2, 2021-02-22-preview1, 2021-03-07, 2021-10-31-preview,
        2021-11-01, 2022-06-01
      date:
      - Wed, 01 Jun 2022 08:16:21 GMT
      ms-cv:
      - 22FZMZnZi06wtWEX3eHeLw.2.0
      request-context:
      - appId=
      strict-transport-security:
      - max-age=2592000
      x-cache:
      - CONFIG_NOCACHE
      x-processing-time:
      - 374ms
    status:
      code: 204
      message: No Content
version: 1
