interactions:
- request:
    body: '{}'
    headers:
      Accept:
      - application/json
      Accept-Encoding:
      - gzip, deflate
      Connection:
      - keep-alive
      Content-Length:
      - '2'
      Content-Type:
      - application/json
      User-Agent:
      - azsdk-python-communication-identity/1.0.1 Python/3.8.6rc1 (Windows-10-10.0.19041-SP0)
      x-ms-date:
      - Tue, 22 Jun 2021 18:58:49 GMT
      x-ms-return-client-request-id:
      - 'true'
    method: POST
    uri: https://sanitized.communication.azure.com/identities?api-version=2021-03-07
  response:
    body:
      string: '{"identity": {"id": "sanitized"}}'
    headers:
      api-supported-versions:
      - 2020-07-20-preview2, 2021-02-22-preview1, 2021-03-07, 2021-03-31-preview1
      content-type:
      - application/json; charset=utf-8
      date:
      - Tue, 22 Jun 2021 18:58:49 GMT
      ms-cv:
      - FJHzH2TvD0e12lVcXgSuyA.0
      request-context:
      - appId=
      strict-transport-security:
      - max-age=2592000
      transfer-encoding:
      - chunked
      x-cache:
      - CONFIG_NOCACHE
      x-processing-time:
      - 63ms
    status:
      code: 201
      message: Created
- request:
    body: '{"scopes": ["chat"]}'
    headers:
      Accept:
      - application/json
      Accept-Encoding:
      - gzip, deflate
      Connection:
      - keep-alive
      Content-Length:
      - '20'
      Content-Type:
      - application/json
      User-Agent:
      - azsdk-python-communication-identity/1.0.1 Python/3.8.6rc1 (Windows-10-10.0.19041-SP0)
      x-ms-date:
      - Tue, 22 Jun 2021 18:58:50 GMT
      x-ms-return-client-request-id:
      - 'true'
    method: POST
    uri: https://sanitized.communication.azure.com/identities/sanitized/:issueAccessToken?api-version=2021-03-07
  response:
    body:
      string: '{"token": "sanitized", "expiresOn": "2021-06-23T18:58:49.3439607+00:00"}'
    headers:
      api-supported-versions:
      - 2020-07-20-preview2, 2021-02-22-preview1, 2021-03-07, 2021-03-31-preview1
      content-type:
      - application/json; charset=utf-8
      date:
      - Tue, 22 Jun 2021 18:58:49 GMT
      ms-cv:
      - DKf8LhNaDUOZXXKAxbPF0A.0
      request-context:
      - appId=
      strict-transport-security:
      - max-age=2592000
      transfer-encoding:
      - chunked
      x-cache:
      - CONFIG_NOCACHE
      x-processing-time:
      - 136ms
    status:
      code: 200
      message: OK
- request:
    body: null
    headers:
      Accept:
      - application/json
      Accept-Encoding:
      - gzip, deflate
      Connection:
      - keep-alive
      Content-Length:
      - '0'
      User-Agent:
      - azsdk-python-communication-identity/1.0.1 Python/3.8.6rc1 (Windows-10-10.0.19041-SP0)
      x-ms-date:
      - Tue, 22 Jun 2021 18:58:50 GMT
      x-ms-return-client-request-id:
      - 'true'
    method: POST
    uri: https://sanitized.communication.azure.com/identities/sanitized/:revokeAccessTokens?api-version=2021-03-07
  response:
    body:
      string: ''
    headers:
      api-supported-versions:
      - 2020-07-20-preview2, 2021-02-22-preview1, 2021-03-07, 2021-03-31-preview1
      date:
      - Tue, 22 Jun 2021 18:58:49 GMT
      ms-cv:
      - kE8W5L1ywUyHQ8Ti27FqDw.0
      request-context:
      - appId=
      strict-transport-security:
      - max-age=2592000
      x-cache:
      - CONFIG_NOCACHE
      x-processing-time:
      - 118ms
    status:
      code: 204
      message: No Content
version: 1
