interactions:
- request:
    body: '{}'
    headers:
      Accept:
      - application/json
      Accept-Encoding:
      - gzip, deflate
      Connection:
      - keep-alive
      Content-Length:
      - '2'
      Content-Type:
      - application/json
      User-Agent:
      - azsdk-python-communication-identity/1.0.0b4 Python/3.9.0 (Windows-10-10.0.19041-SP0)
    method: POST
    uri: https://communicationegrcrs.communication.azure.com/identities?api-version=2021-03-07
  response:
    body:
      string: '{"identity": {"id": "8:acs:bfdef7ee-81ef-49f2-8225-8fc46b6375ca_00000007-ea20-a5c5-0338-3b3a0d000348"}}'
    headers:
      api-supported-versions:
      - 2020-07-20-preview2, 2021-03-07
      content-type:
      - application/json; charset=utf-8
      date:
      - Thu, 28 Jan 2021 18:26:18 GMT
      ms-cv:
      - aWfeg9AErUumovuCa1Pbag.0
      strict-transport-security:
      - max-age=2592000
      transfer-encoding:
      - chunked
      x-processing-time:
      - 238ms
    status:
      code: 201
      message: Created
- request:
    body: '{"scopes": ["chat"]}'
    headers:
      Accept:
      - application/json
      Accept-Encoding:
      - gzip, deflate
      Connection:
      - keep-alive
      Content-Length:
      - '20'
      Content-Type:
      - application/json
      User-Agent:
      - azsdk-python-communication-identity/1.0.0b4 Python/3.9.0 (Windows-10-10.0.19041-SP0)
    method: POST
    uri: https://communicationegrcrs.communication.azure.com/identities/sanitized/:issueAccessToken?api-version=2021-03-07
  response:
    body:
      string: '{"token": "sanitized", "expiresOn": "2021-01-29T18:26:18.2983032+00:00"}'
    headers:
      api-supported-versions:
      - 2020-07-20-preview2, 2021-03-07
      content-type:
      - application/json; charset=utf-8
      date:
      - Thu, 28 Jan 2021 18:26:18 GMT
      ms-cv:
      - lBqqia0r6EisjeNjafRDVA.0
      strict-transport-security:
      - max-age=2592000
      transfer-encoding:
      - chunked
      x-processing-time:
      - 27ms
    status:
      code: 200
      message: OK
- request:
    body: null
    headers:
      Accept:
      - application/json
      Accept-Encoding:
      - gzip, deflate
      Connection:
      - keep-alive
      Content-Length:
      - '0'
      User-Agent:
      - azsdk-python-communication-identity/1.0.0b4 Python/3.9.0 (Windows-10-10.0.19041-SP0)
    method: POST
    uri: https://communicationegrcrs.communication.azure.com/identities/sanitized/:revokeAccessTokens?api-version=2021-03-07
  response:
    body:
      string: ''
    headers:
      api-supported-versions:
      - 2020-07-20-preview2, 2021-03-07
      date:
      - Thu, 28 Jan 2021 18:26:18 GMT
      ms-cv:
      - LqICD2AsY0GGMPyhrc+3rQ.0
      strict-transport-security:
      - max-age=2592000
      x-processing-time:
      - 311ms
    status:
      code: 204
      message: No Content
version: 1
