interactions:
- request:
    body: '{}'
    headers:
      Accept:
      - application/json
      Accept-Encoding:
      - gzip, deflate
      Connection:
      - keep-alive
      Content-Length:
      - '2'
      Content-Type:
      - application/json
      User-Agent:
      - azsdk-python-communication-identity/1.1.0b1 Python/3.9.7 (macOS-11.6-x86_64-i386-64bit)
      x-ms-date:
      - Wed, 20 Oct 2021 08:48:17 GMT
      x-ms-return-client-request-id:
      - 'true'
    method: POST
    uri: https://sanitized.communication.azure.com/identities?api-version=2021-10-31-preview
  response:
    body:
      string: '{"identity": {"id": "sanitized"}}'
    headers:
      api-supported-versions:
      - 2020-07-20-preview2, 2021-02-22-preview1, 2021-03-07, 2021-03-31-preview1,
        2021-10-31-preview
      content-length:
      - '101'
      content-type:
      - application/json; charset=utf-8
      date:
      - Wed, 20 Oct 2021 08:48:18 GMT
      ms-cv:
      - fTmkjM9dGEaZVZ8uHA4Q6g.0
      request-context:
      - appId=
      strict-transport-security:
      - max-age=2592000
      x-cache:
      - CONFIG_NOCACHE
      x-processing-time:
      - 92ms
    status:
      code: 201
      message: Created
- request:
    body: '{"scopes": ["chat"]}'
    headers:
      Accept:
      - application/json
      Accept-Encoding:
      - gzip, deflate
      Connection:
      - keep-alive
      Content-Length:
      - '20'
      Content-Type:
      - application/json
      User-Agent:
      - azsdk-python-communication-identity/1.1.0b1 Python/3.9.7 (macOS-11.6-x86_64-i386-64bit)
      x-ms-date:
      - Wed, 20 Oct 2021 08:48:18 GMT
      x-ms-return-client-request-id:
      - 'true'
    method: POST
    uri: https://sanitized.communication.azure.com/identities/sanitized/:issueAccessToken?api-version=2021-10-31-preview
  response:
    body:
      string: '{"token": "sanitized", "expiresOn": "2021-10-21T08:48:19.1548145+00:00"}'
    headers:
      api-supported-versions:
      - 2020-07-20-preview2, 2021-02-22-preview1, 2021-03-07, 2021-03-31-preview1,
        2021-10-31-preview
      content-length:
      - '804'
      content-type:
      - application/json; charset=utf-8
      date:
      - Wed, 20 Oct 2021 08:48:18 GMT
      ms-cv:
      - nD6thlwtSUmnSucfmu5S+Q.0
      request-context:
      - appId=
      strict-transport-security:
      - max-age=2592000
      x-cache:
      - CONFIG_NOCACHE
      x-processing-time:
      - 110ms
    status:
      code: 200
      message: OK
- request:
    body: null
    headers:
      Accept:
      - application/json
      Accept-Encoding:
      - gzip, deflate
      Connection:
      - keep-alive
      Content-Length:
      - '0'
      User-Agent:
      - azsdk-python-communication-identity/1.1.0b1 Python/3.9.7 (macOS-11.6-x86_64-i386-64bit)
      x-ms-date:
      - Wed, 20 Oct 2021 08:48:19 GMT
      x-ms-return-client-request-id:
      - 'true'
    method: POST
    uri: https://sanitized.communication.azure.com/identities/sanitized/:revokeAccessTokens?api-version=2021-10-31-preview
  response:
    body:
      string: ''
    headers:
      api-supported-versions:
      - 2020-07-20-preview2, 2021-02-22-preview1, 2021-03-07, 2021-03-31-preview1,
        2021-10-31-preview
      date:
      - Wed, 20 Oct 2021 08:48:19 GMT
      ms-cv:
      - bWzqyd+d50+EXk5AgAYTig.0
      request-context:
      - appId=
      strict-transport-security:
      - max-age=2592000
      x-cache:
      - CONFIG_NOCACHE
      x-processing-time:
      - 174ms
    status:
      code: 204
      message: No Content
version: 1
