{
  "Entries": [
    {
      "RequestUri": "https://login.microsoftonline.com/00000000-0000-0000-0000-000000000000/v2.0/.well-known/openid-configuration",
      "RequestMethod": "GET",
      "RequestHeaders": {
        "Accept": "*/*",
        "Accept-Encoding": "gzip, deflate",
        "Connection": "keep-alive",
        "User-Agent": "azsdk-python-identity/1.12.0 Python/3.10.8 (Windows-10-10.0.22621-SP0)"
      },
      "RequestBody": null,
      "StatusCode": 200,
      "ResponseHeaders": {
        "Access-Control-Allow-Methods": "GET, OPTIONS",
        "Access-Control-Allow-Origin": "*",
        "Cache-Control": "max-age=86400, private",
        "Content-Length": "1753",
        "Content-Type": "application/json; charset=utf-8",
        "Date": "Wed, 04 Jan 2023 10:48:13 GMT",
        "P3P": "CP=\u0022DSP CUR OTPi IND OTRi ONL FIN\u0022",
        "Set-Cookie": "[set-cookie;]",
        "Strict-Transport-Security": "max-age=31536000; includeSubDomains",
        "X-Content-Type-Options": "nosniff",
        "x-ms-ests-server": "2.1.14357.7 - SEASLR2 ProdSlices",
        "X-XSS-Protection": "0"
      },
      "ResponseBody": {
        "token_endpoint": "https://login.microsoftonline.com/00000000-0000-0000-0000-000000000000/oauth2/v2.0/token",
        "token_endpoint_auth_methods_supported": [
          "client_secret_post",
          "private_key_jwt",
          "client_secret_basic"
        ],
        "jwks_uri": "https://login.microsoftonline.com/00000000-0000-0000-0000-000000000000/discovery/v2.0/keys",
        "response_modes_supported": [
          "query",
          "fragment",
          "form_post"
        ],
        "subject_types_supported": [
          "pairwise"
        ],
        "id_token_signing_alg_values_supported": [
          "RS256"
        ],
        "response_types_supported": [
          "code",
          "id_token",
          "code id_token",
          "id_token token"
        ],
        "scopes_supported": [
          "openid",
          "profile",
          "email",
          "offline_access"
        ],
        "issuer": "https://login.microsoftonline.com/00000000-0000-0000-0000-000000000000/v2.0",
        "request_uri_parameter_supported": false,
        "userinfo_endpoint": "https://graph.microsoft.com/oidc/userinfo",
        "authorization_endpoint": "https://login.microsoftonline.com/00000000-0000-0000-0000-000000000000/oauth2/v2.0/authorize",
        "device_authorization_endpoint": "https://login.microsoftonline.com/00000000-0000-0000-0000-000000000000/oauth2/v2.0/devicecode",
        "http_logout_supported": true,
        "frontchannel_logout_supported": true,
        "end_session_endpoint": "https://login.microsoftonline.com/00000000-0000-0000-0000-000000000000/oauth2/v2.0/logout",
        "claims_supported": [
          "sub",
          "iss",
          "cloud_instance_name",
          "cloud_instance_host_name",
          "cloud_graph_host_name",
          "msgraph_host",
          "aud",
          "exp",
          "iat",
          "auth_time",
          "acr",
          "nonce",
          "preferred_username",
          "name",
          "tid",
          "ver",
          "at_hash",
          "c_hash",
          "email"
        ],
        "kerberos_endpoint": "https://login.microsoftonline.com/00000000-0000-0000-0000-000000000000/kerberos",
        "tenant_region_scope": "WW",
        "cloud_instance_name": "microsoftonline.com",
        "cloud_graph_host_name": "graph.windows.net",
        "msgraph_host": "graph.microsoft.com",
        "rbac_url": "https://pas.windows.net"
      }
    },
    {
      "RequestUri": "https://login.microsoftonline.com/common/discovery/instance?api-version=1.1\u0026authorization_endpoint=https://login.microsoftonline.com/common/oauth2/authorize",
      "RequestMethod": "GET",
      "RequestHeaders": {
        "Accept": "application/json",
        "Accept-Encoding": "gzip, deflate",
        "Connection": "keep-alive",
        "Cookie": "cookie;",
        "User-Agent": "azsdk-python-identity/1.12.0 Python/3.10.8 (Windows-10-10.0.22621-SP0)"
      },
      "RequestBody": null,
      "StatusCode": 200,
      "ResponseHeaders": {
        "Access-Control-Allow-Methods": "GET, OPTIONS",
        "Access-Control-Allow-Origin": "*",
        "Cache-Control": "max-age=86400, private",
        "Content-Length": "945",
        "Content-Type": "application/json; charset=utf-8",
        "Date": "Wed, 04 Jan 2023 10:48:14 GMT",
        "P3P": "CP=\u0022DSP CUR OTPi IND OTRi ONL FIN\u0022",
        "Set-Cookie": "[set-cookie;]",
        "Strict-Transport-Security": "max-age=31536000; includeSubDomains",
        "X-Content-Type-Options": "nosniff",
        "x-ms-ests-server": "2.1.14357.7 - KRC ProdSlices",
        "X-XSS-Protection": "0"
      },
      "ResponseBody": {
        "tenant_discovery_endpoint": "https://login.microsoftonline.com/common/.well-known/openid-configuration",
        "api-version": "1.1",
        "metadata": [
          {
            "preferred_network": "login.microsoftonline.com",
            "preferred_cache": "login.windows.net",
            "aliases": [
              "login.microsoftonline.com",
              "login.windows.net",
              "login.microsoft.com",
              "sts.windows.net"
            ]
          },
          {
            "preferred_network": "login.partner.microsoftonline.cn",
            "preferred_cache": "login.partner.microsoftonline.cn",
            "aliases": [
              "login.partner.microsoftonline.cn",
              "login.chinacloudapi.cn"
            ]
          },
          {
            "preferred_network": "login.microsoftonline.de",
            "preferred_cache": "login.microsoftonline.de",
            "aliases": [
              "login.microsoftonline.de"
            ]
          },
          {
            "preferred_network": "login.microsoftonline.us",
            "preferred_cache": "login.microsoftonline.us",
            "aliases": [
              "login.microsoftonline.us",
              "login.usgovcloudapi.net"
            ]
          },
          {
            "preferred_network": "login-us.microsoftonline.com",
            "preferred_cache": "login-us.microsoftonline.com",
            "aliases": [
              "login-us.microsoftonline.com"
            ]
          }
        ]
      }
    },
    {
      "RequestUri": "https://login.microsoftonline.com/00000000-0000-0000-0000-000000000000/oauth2/v2.0/token",
      "RequestMethod": "POST",
      "RequestHeaders": {
        "Accept": "application/json",
        "Accept-Encoding": "gzip, deflate",
        "client-request-id": "bb39e33c-2913-4265-9d62-2a4237a7520f",
        "Connection": "keep-alive",
        "Content-Length": "298",
        "Content-Type": "application/x-www-form-urlencoded",
        "Cookie": "cookie;",
        "User-Agent": "azsdk-python-identity/1.12.0 Python/3.10.8 (Windows-10-10.0.22621-SP0)",
        "x-client-cpu": "x64",
        "x-client-current-telemetry": "4|730,0|",
        "x-client-last-telemetry": "4|0|||",
        "x-client-os": "win32",
        "x-client-sku": "MSAL.Python",
        "x-client-ver": "1.20.0",
        "x-ms-lib-capability": "retry-after, h429"
      },
      "RequestBody": "client_id=00000000-0000-0000-0000-000000000000\u0026grant_type=client_credentials\u0026client_info=1\u0026client_secret=00000000-0000-0000-0000-000000000000\u0026claims=%7B%22access_token%22%3A\u002B%7B%22xms_cc%22%3A\u002B%7B%22values%22%3A\u002B%5B%22CP1%22%5D%7D%7D%7D\u0026scope=https%3A%2F%2Fcnt-prod.loadtesting.azure.com%2F.default",
      "StatusCode": 200,
      "ResponseHeaders": {
        "Cache-Control": "no-store, no-cache",
        "client-request-id": "bb39e33c-2913-4265-9d62-2a4237a7520f",
        "Content-Length": "114",
        "Content-Type": "application/json; charset=utf-8",
        "Date": "Wed, 04 Jan 2023 10:48:14 GMT",
        "Expires": "-1",
        "P3P": "CP=\u0022DSP CUR OTPi IND OTRi ONL FIN\u0022",
        "Pragma": "no-cache",
        "Set-Cookie": "[set-cookie;]",
        "Strict-Transport-Security": "max-age=31536000; includeSubDomains",
        "X-Content-Type-Options": "nosniff",
        "x-ms-clitelem": "1,0,0,,",
        "x-ms-ests-server": "2.1.14357.7 - SEASLR2 ProdSlices",
        "X-XSS-Protection": "0"
      },
      "ResponseBody": {
        "token_type": "Bearer",
        "expires_in": 86399,
        "ext_expires_in": 86399,
        "refresh_in": 43199,
        "access_token": "access_token"
      }
    },
    {
      "RequestUri": "https://https://myservice.azure.com/test-runs/000?api-version=2022-11-01",
      "RequestMethod": "GET",
      "RequestHeaders": {
        "Accept": "application/json",
        "Accept-Encoding": "gzip, deflate",
        "Connection": "keep-alive",
        "User-Agent": "azsdk-python-developer-loadtesting/1.0.0b3 Python/3.10.8 (Windows-10-10.0.22621-SP0)"
      },
      "RequestBody": null,
      "StatusCode": 200,
      "ResponseHeaders": {
        "api-supported-versions": "2021-07-01-preview, 2022-06-01-preview, 2022-11-01",
        "Connection": "keep-alive",
        "Content-Length": "2517",
        "Content-Type": "application/json; charset=utf-8",
        "Date": "Wed, 04 Jan 2023 10:48:15 GMT",
        "mise-correlation-id": "af09cfca-341d-4f0e-bad3-7512895ff8f7",
        "Strict-Transport-Security": "max-age=15724800; includeSubDomains",
        "X-Content-Type-Options": "nosniff",
        "x-ms-correlation-request-id": "d1eca42d-e4ae-43eb-9ae3-389bde579035"
      },
      "ResponseBody": {
        "passFailCriteria": {
          "passFailMetrics": {}
        },
        "testRunStatistics": {
          "GET": {
            "transaction": "GET",
            "sampleCount": 16717.0,
            "errorCount": 0.0,
            "errorPct": 0.0,
            "meanResTime": 38.401627086199674,
            "medianResTime": 37.0,
            "maxResTime": 1083.0,
            "minResTime": 31.0,
            "pct1ResTime": 43.0,
            "pct2ResTime": 48.0,
            "pct3ResTime": 55.0,
            "throughput": 41.17,
            "receivedKBytesPerSec": 0.0,
            "sentKBytesPerSec": 0.0
          },
          "Total": {
            "transaction": "Total",
            "sampleCount": 16717.0,
            "errorCount": 0.0,
            "errorPct": 0.0,
            "meanResTime": 38.401627086199674,
            "medianResTime": 37.0,
            "maxResTime": 1083.0,
            "minResTime": 31.0,
            "pct1ResTime": 43.0,
            "pct2ResTime": 48.0,
            "pct3ResTime": 55.0,
            "throughput": 41.17,
            "receivedKBytesPerSec": 0.0,
            "sentKBytesPerSec": 0.0
          }
        },
        "loadTestConfiguration": {
          "engineInstances": 1,
          "splitAllCSVs": false,
          "quickStartTest": false
        },
        "testArtifacts": {
          "inputArtifacts": {
            "configFileInfo": {
              "url": "url",
              "fileName": "config.yaml",
              "fileType": "ADDITIONAL_ARTIFACTS",
              "expireDateTime": "2023-01-04T11:48:15.22023",
              "validationStatus": "VALIDATION_NOT_REQUIRED"
            },
            "testScriptFileInfo": {
              "url": "url",
              "fileName": "sample.jmx",
              "fileType": "JMX_FILE",
              "expireDateTime": "2023-01-04T11:48:15.2113127",
              "validationStatus": "VALIDATION_SUCCESS"
            },
            "inputArtifactsZipFileInfo": {
              "url": "url",
              "fileName": "inputartifacts.zip",
              "fileType": "ADDITIONAL_ARTIFACTS",
              "expireDateTime": "2023-01-04T11:48:15.2245039",
              "validationStatus": "VALIDATION_NOT_REQUIRED"
            },
            "additionalFileInfo": []
          },
          "outputArtifacts": {
            "resultFileInfo": {
              "url": "url",
              "fileName": "csv.zip",
              "fileType": "ADDITIONAL_ARTIFACTS",
              "expireDateTime": "2023-01-04T11:48:15.228317",
              "validationStatus": "VALIDATION_NOT_REQUIRED"
            },
            "logsFileInfo": {
              "url": "url",
              "fileName": "logs.zip",
              "fileType": "ADDITIONAL_ARTIFACTS",
              "expireDateTime": "2023-01-04T11:48:15.2318868",
              "validationStatus": "VALIDATION_NOT_REQUIRED"
            }
          }
        },
        "testResult": "NOT_APPLICABLE",
        "virtualUsers": 10,
        "testRunId": "000",
        "displayName": "My New Load Test Run from PyTest",
        "testId": "000",
        "status": "DONE",
        "startDateTime": "2023-01-04T10:32:01Z",
        "endDateTime": "2023-01-04T10:38:48Z",
        "executedDateTime": "2023-01-04T10:31:20.931Z",
        "portalUrl": "https://portal.azure.com/?feature.canmodifyextensions=true\u0026feature.canmodifystamps=true\u0026Microsoft_Azure_CloudNativeTesting=canary#blade/Microsoft_Azure_CloudNativeTesting/NewReport//resourceId/%2fsubscriptions%2f00000000-0000-0000-0000-000000000000%2fresourcegroups%2fnivedit-jain%2fproviders%2fmicrosoft.loadtestservice%2floadtests%2fnivedittestresource/testId/000/testRunId/000",
        "duration": 407000,
        "createdDateTime": "2023-01-04T10:31:21.706Z",
        "lastModifiedDateTime": "2023-01-04T10:48:13.186Z"
      }
    },
    {
      "RequestUri": "https://https://myservice.azure.com/test-runs/nonexistingresource?api-version=2022-11-01",
      "RequestMethod": "GET",
      "RequestHeaders": {
        "Accept": "application/json",
        "Accept-Encoding": "gzip, deflate",
        "Connection": "keep-alive",
        "User-Agent": "azsdk-python-developer-loadtesting/1.0.0b3 Python/3.10.8 (Windows-10-10.0.22621-SP0)"
      },
      "RequestBody": null,
      "StatusCode": 404,
      "ResponseHeaders": {
        "api-supported-versions": "2021-07-01-preview, 2022-06-01-preview, 2022-11-01",
        "Connection": "keep-alive",
        "Content-Length": "108",
        "Content-Type": "application/json; charset=utf-8",
        "Date": "Wed, 04 Jan 2023 10:48:15 GMT",
        "mise-correlation-id": "03645cb7-a7f7-4d63-8177-7201d5c44c2f",
        "Strict-Transport-Security": "max-age=15724800; includeSubDomains",
        "X-Content-Type-Options": "nosniff",
        "x-ms-correlation-request-id": "3650ca92-5196-479d-b9dd-9bf6977be931"
      },
      "ResponseBody": {
        "error": {
          "code": "TestRunNotFound",
          "message": "Test run not found with given name \u0022nonexistingresource\u0022."
        }
      }
    }
  ],
  "Variables": {}
}
