{
  "Entries": [
    {
      "RequestUri": "https://login.microsoftonline.com/00000000-0000-0000-0000-000000000000/v2.0/.well-known/openid-configuration",
      "RequestMethod": "GET",
      "RequestHeaders": {
        "Accept": "*/*",
        "Accept-Encoding": "gzip, deflate",
        "Connection": "keep-alive",
        "User-Agent": "azsdk-python-identity/1.12.0b2 Python/3.10.6 (Linux-5.10.102.1-microsoft-standard-WSL2-x86_64-with-glibc2.31)"
      },
      "RequestBody": null,
      "StatusCode": 200,
      "ResponseHeaders": {
        "Access-Control-Allow-Methods": "GET, OPTIONS",
        "Access-Control-Allow-Origin": "*",
        "Cache-Control": "max-age=86400, private",
        "Content-Length": "1753",
        "Content-Type": "application/json; charset=utf-8",
        "Date": "Thu, 29 Sep 2022 04:03:47 GMT",
        "P3P": "CP=\u0022DSP CUR OTPi IND OTRi ONL FIN\u0022",
        "Set-Cookie": "[set-cookie;]",
        "Strict-Transport-Security": "max-age=31536000; includeSubDomains",
        "X-Content-Type-Options": "nosniff",
        "x-ms-ests-server": "2.1.13777.6 - SCUS ProdSlices",
        "X-XSS-Protection": "0"
      },
      "ResponseBody": {
        "token_endpoint": "https://login.microsoftonline.com/00000000-0000-0000-0000-000000000000/oauth2/v2.0/token",
        "token_endpoint_auth_methods_supported": [
          "client_secret_post",
          "private_key_jwt",
          "client_secret_basic"
        ],
        "jwks_uri": "https://login.microsoftonline.com/00000000-0000-0000-0000-000000000000/discovery/v2.0/keys",
        "response_modes_supported": [
          "query",
          "fragment",
          "form_post"
        ],
        "subject_types_supported": [
          "pairwise"
        ],
        "id_token_signing_alg_values_supported": [
          "RS256"
        ],
        "response_types_supported": [
          "code",
          "id_token",
          "code id_token",
          "id_token token"
        ],
        "scopes_supported": [
          "openid",
          "profile",
          "email",
          "offline_access"
        ],
        "issuer": "https://login.microsoftonline.com/00000000-0000-0000-0000-000000000000/v2.0",
        "request_uri_parameter_supported": false,
        "userinfo_endpoint": "https://graph.microsoft.com/oidc/userinfo",
        "authorization_endpoint": "https://login.microsoftonline.com/00000000-0000-0000-0000-000000000000/oauth2/v2.0/authorize",
        "device_authorization_endpoint": "https://login.microsoftonline.com/00000000-0000-0000-0000-000000000000/oauth2/v2.0/devicecode",
        "http_logout_supported": true,
        "frontchannel_logout_supported": true,
        "end_session_endpoint": "https://login.microsoftonline.com/00000000-0000-0000-0000-000000000000/oauth2/v2.0/logout",
        "claims_supported": [
          "sub",
          "iss",
          "cloud_instance_name",
          "cloud_instance_host_name",
          "cloud_graph_host_name",
          "msgraph_host",
          "aud",
          "exp",
          "iat",
          "auth_time",
          "acr",
          "nonce",
          "preferred_username",
          "name",
          "tid",
          "ver",
          "at_hash",
          "c_hash",
          "email"
        ],
        "kerberos_endpoint": "https://login.microsoftonline.com/00000000-0000-0000-0000-000000000000/kerberos",
        "tenant_region_scope": "WW",
        "cloud_instance_name": "microsoftonline.com",
        "cloud_graph_host_name": "graph.windows.net",
        "msgraph_host": "graph.microsoft.com",
        "rbac_url": "https://pas.windows.net"
      }
    },
    {
      "RequestUri": "https://login.microsoftonline.com/common/discovery/instance?api-version=1.1\u0026authorization_endpoint=https://login.microsoftonline.com/common/oauth2/authorize",
      "RequestMethod": "GET",
      "RequestHeaders": {
        "Accept": "application/json",
        "Accept-Encoding": "gzip, deflate",
        "Connection": "keep-alive",
        "User-Agent": "azsdk-python-identity/1.12.0b2 Python/3.10.6 (Linux-5.10.102.1-microsoft-standard-WSL2-x86_64-with-glibc2.31)"
      },
      "RequestBody": null,
      "StatusCode": 200,
      "ResponseHeaders": {
        "Access-Control-Allow-Methods": "GET, OPTIONS",
        "Access-Control-Allow-Origin": "*",
        "Cache-Control": "max-age=86400, private",
        "Content-Length": "945",
        "Content-Type": "application/json; charset=utf-8",
        "Date": "Thu, 29 Sep 2022 04:03:47 GMT",
        "P3P": "CP=\u0022DSP CUR OTPi IND OTRi ONL FIN\u0022",
        "Set-Cookie": "[set-cookie;]",
        "Strict-Transport-Security": "max-age=31536000; includeSubDomains",
        "X-Content-Type-Options": "nosniff",
        "x-ms-ests-server": "2.1.13672.8 - NCUS ProdSlices",
        "X-XSS-Protection": "0"
      },
      "ResponseBody": {
        "tenant_discovery_endpoint": "https://login.microsoftonline.com/common/.well-known/openid-configuration",
        "api-version": "1.1",
        "metadata": [
          {
            "preferred_network": "login.microsoftonline.com",
            "preferred_cache": "login.windows.net",
            "aliases": [
              "login.microsoftonline.com",
              "login.windows.net",
              "login.microsoft.com",
              "sts.windows.net"
            ]
          },
          {
            "preferred_network": "login.partner.microsoftonline.cn",
            "preferred_cache": "login.partner.microsoftonline.cn",
            "aliases": [
              "login.partner.microsoftonline.cn",
              "login.chinacloudapi.cn"
            ]
          },
          {
            "preferred_network": "login.microsoftonline.de",
            "preferred_cache": "login.microsoftonline.de",
            "aliases": [
              "login.microsoftonline.de"
            ]
          },
          {
            "preferred_network": "login.microsoftonline.us",
            "preferred_cache": "login.microsoftonline.us",
            "aliases": [
              "login.microsoftonline.us",
              "login.usgovcloudapi.net"
            ]
          },
          {
            "preferred_network": "login-us.microsoftonline.com",
            "preferred_cache": "login-us.microsoftonline.com",
            "aliases": [
              "login-us.microsoftonline.com"
            ]
          }
        ]
      }
    },
    {
      "RequestUri": "https://fake.api.wcus.digitaltwins.azure.net/models/dtmi%3Acom%3Asamples%3AComponentModel1f6932de%3B1?includeModelDefinition=false\u0026api-version=2022-05-31",
      "RequestMethod": "GET",
      "RequestHeaders": {
        "Accept": "application/json",
        "Accept-Encoding": "gzip, deflate",
        "Connection": "keep-alive",
        "User-Agent": "azsdk-python-digitaltwins-core/1.2.1 Python/3.10.6 (Linux-5.10.102.1-microsoft-standard-WSL2-x86_64-with-glibc2.31)"
      },
      "RequestBody": null,
      "StatusCode": 404,
      "ResponseHeaders": {
        "Content-Length": "226",
        "Content-Type": "application/json; charset=utf-8",
        "Date": "Thu, 29 Sep 2022 04:03:48 GMT",
        "mise-correlation-id": "55f7559a-ae9c-4720-9a64-aef4c710251b",
        "Strict-Transport-Security": "max-age=2592000",
        "traceresponse": "00-4f86b84c4e83443a29fdb72ea937d87f-3fca098deef0772c-01"
      },
      "ResponseBody": {
        "error": {
          "code": "ModelNotFound",
          "message": "There is no Model(s) available that matches the provided id(s) dtmi:com:samples:ComponentModel1f6932de;1. Check that the Model ID provided is valid by doing a Model_List API call."
        }
      }
    },
    {
      "RequestUri": "https://fake.api.wcus.digitaltwins.azure.net/models/dtmi%3Acom%3Asamples%3ATempModel1f6932de%3B1?includeModelDefinition=false\u0026api-version=2022-05-31",
      "RequestMethod": "GET",
      "RequestHeaders": {
        "Accept": "application/json",
        "Accept-Encoding": "gzip, deflate",
        "Connection": "keep-alive",
        "User-Agent": "azsdk-python-digitaltwins-core/1.2.1 Python/3.10.6 (Linux-5.10.102.1-microsoft-standard-WSL2-x86_64-with-glibc2.31)"
      },
      "RequestBody": null,
      "StatusCode": 404,
      "ResponseHeaders": {
        "Content-Length": "221",
        "Content-Type": "application/json; charset=utf-8",
        "Date": "Thu, 29 Sep 2022 04:03:48 GMT",
        "mise-correlation-id": "cf3f34cb-38e8-43a5-8feb-7ff87a2974a0",
        "Strict-Transport-Security": "max-age=2592000",
        "traceresponse": "00-404ea5a1e48467747e47b4211b338145-174fdc1fdcf52879-01"
      },
      "ResponseBody": {
        "error": {
          "code": "ModelNotFound",
          "message": "There is no Model(s) available that matches the provided id(s) dtmi:com:samples:TempModel1f6932de;1. Check that the Model ID provided is valid by doing a Model_List API call."
        }
      }
    },
    {
      "RequestUri": "https://fake.api.wcus.digitaltwins.azure.net/models?api-version=2022-05-31",
      "RequestMethod": "POST",
      "RequestHeaders": {
        "Accept": "application/json",
        "Accept-Encoding": "gzip, deflate",
        "Connection": "keep-alive",
        "Content-Length": "675",
        "Content-Type": "application/json",
        "User-Agent": "azsdk-python-digitaltwins-core/1.2.1 Python/3.10.6 (Linux-5.10.102.1-microsoft-standard-WSL2-x86_64-with-glibc2.31)"
      },
      "RequestBody": "[{\u0022@id\u0022: \u0022dtmi:com:samples:ComponentModel1f6932de;1\u0022, \u0022@type\u0022: \u0022Interface\u0022, \u0022@context\u0022: \u0022dtmi:dtdl:context;2\u0022, \u0022displayName\u0022: \u0022Component1\u0022, \u0022contents\u0022: [{\u0022@type\u0022: \u0022Property\u0022, \u0022name\u0022: \u0022ComponentProp1\u0022, \u0022schema\u0022: \u0022string\u0022}, {\u0022@type\u0022: \u0022Telemetry\u0022, \u0022name\u0022: \u0022ComponentTelemetry1\u0022, \u0022schema\u0022: \u0022integer\u0022}]}, {\u0022@id\u0022: \u0022dtmi:com:samples:TempModel1f6932de;1\u0022, \u0022@type\u0022: \u0022Interface\u0022, \u0022@context\u0022: \u0022dtmi:dtdl:context;2\u0022, \u0022displayName\u0022: \u0022TempModel\u0022, \u0022contents\u0022: [{\u0022@type\u0022: \u0022Property\u0022, \u0022name\u0022: \u0022Prop1\u0022, \u0022schema\u0022: \u0022string\u0022}, {\u0022@type\u0022: \u0022Component\u0022, \u0022name\u0022: \u0022Component1\u0022, \u0022schema\u0022: \u0022dtmi:com:samples:ComponentModel1f6932de;1\u0022}, {\u0022@type\u0022: \u0022Telemetry\u0022, \u0022name\u0022: \u0022Telemetry1\u0022, \u0022schema\u0022: \u0022integer\u0022}]}]",
      "StatusCode": 201,
      "ResponseHeaders": {
        "Content-Length": "343",
        "Content-Type": "application/json; charset=utf-8",
        "Date": "Thu, 29 Sep 2022 04:03:48 GMT",
        "mise-correlation-id": "e25debde-16d4-45b0-bee1-53e4509fdeca",
        "Strict-Transport-Security": "max-age=2592000",
        "traceresponse": "00-a213eed3b3d9e3360137d10a2d1bd52b-33f688e7f202868a-01"
      },
      "ResponseBody": "[{\u0022id\u0022:\u0022dtmi:com:samples:ComponentModel1f6932de;1\u0022,\u0022description\u0022:{},\u0022displayName\u0022:{\u0022en\u0022:\u0022Component1\u0022},\u0022decommissioned\u0022:false,\u0022uploadTime\u0022:\u00222022-09-29T04:03:48.4693182\u002B00:00\u0022},{\u0022id\u0022:\u0022dtmi:com:samples:TempModel1f6932de;1\u0022,\u0022description\u0022:{},\u0022displayName\u0022:{\u0022en\u0022:\u0022TempModel\u0022},\u0022decommissioned\u0022:false,\u0022uploadTime\u0022:\u00222022-09-29T04:03:48.4693402\u002B00:00\u0022}]"
    },
    {
      "RequestUri": "https://fake.api.wcus.digitaltwins.azure.net/models/dtmi%3Acom%3Asamples%3AComponentModel1f6932de%3B1?api-version=2022-05-31",
      "RequestMethod": "DELETE",
      "RequestHeaders": {
        "Accept": "application/json",
        "Accept-Encoding": "gzip, deflate",
        "Connection": "keep-alive",
        "Content-Length": "0",
        "User-Agent": "azsdk-python-digitaltwins-core/1.2.1 Python/3.10.6 (Linux-5.10.102.1-microsoft-standard-WSL2-x86_64-with-glibc2.31)"
      },
      "RequestBody": null,
      "StatusCode": 409,
      "ResponseHeaders": {
        "Content-Length": "262",
        "Content-Type": "application/json; charset=utf-8",
        "Date": "Thu, 29 Sep 2022 04:03:48 GMT",
        "mise-correlation-id": "da4d4c17-f65d-4cb9-bfee-9890a9f67255",
        "Strict-Transport-Security": "max-age=2592000",
        "traceresponse": "00-0d5b41c3c4be44ed83bf72b3dd5acdb7-55a4f16814617ea0-01"
      },
      "ResponseBody": {
        "error": {
          "code": "ModelReferencesNotDeleted",
          "message": "This model is currently being referenced by dtmi:com:samples:TempModel1f6932de;1. You must delete these references before deleting the Model.. To delete references, do Delete Model on Ids provided above."
        }
      }
    },
    {
      "RequestUri": "https://fake.api.wcus.digitaltwins.azure.net/models/dtmi%3Acom%3Asamples%3AComponentModel1f6932de%3B1?includeModelDefinition=false\u0026api-version=2022-05-31",
      "RequestMethod": "GET",
      "RequestHeaders": {
        "Accept": "application/json",
        "Accept-Encoding": "gzip, deflate",
        "Connection": "keep-alive",
        "User-Agent": "azsdk-python-digitaltwins-core/1.2.1 Python/3.10.6 (Linux-5.10.102.1-microsoft-standard-WSL2-x86_64-with-glibc2.31)"
      },
      "RequestBody": null,
      "StatusCode": 200,
      "ResponseHeaders": {
        "Content-Length": "173",
        "Content-Type": "application/json; charset=utf-8",
        "Date": "Thu, 29 Sep 2022 04:03:48 GMT",
        "mise-correlation-id": "125be534-d6c2-4389-8a8e-99f2810b53d0",
        "Strict-Transport-Security": "max-age=2592000",
        "traceresponse": "00-71f43a5738da28fa2ea2a32ff18dcfa0-066374ee2c7b851b-01"
      },
      "ResponseBody": {
        "id": "dtmi:com:samples:ComponentModel1f6932de;1",
        "description": {},
        "displayName": {
          "en": "Component1"
        },
        "decommissioned": false,
        "uploadTime": "2022-09-29T04:03:48.4693182\u002B00:00"
      }
    },
    {
      "RequestUri": "https://fake.api.wcus.digitaltwins.azure.net/models/dtmi%3Acom%3Asamples%3ATempModel1f6932de%3B1?api-version=2022-05-31",
      "RequestMethod": "DELETE",
      "RequestHeaders": {
        "Accept": "application/json",
        "Accept-Encoding": "gzip, deflate",
        "Connection": "keep-alive",
        "Content-Length": "0",
        "User-Agent": "azsdk-python-digitaltwins-core/1.2.1 Python/3.10.6 (Linux-5.10.102.1-microsoft-standard-WSL2-x86_64-with-glibc2.31)"
      },
      "RequestBody": null,
      "StatusCode": 204,
      "ResponseHeaders": {
        "Content-Length": "0",
        "Date": "Thu, 29 Sep 2022 04:03:48 GMT",
        "mise-correlation-id": "ba3a91ed-77f2-47e3-b781-889615ee391e",
        "Strict-Transport-Security": "max-age=2592000",
        "traceresponse": "00-a8cf603f38b985d56dfb97d20d861e8f-6af0d0923a62937f-01"
      },
      "ResponseBody": null
    },
    {
      "RequestUri": "https://fake.api.wcus.digitaltwins.azure.net/models/dtmi%3Acom%3Asamples%3AComponentModel1f6932de%3B1?api-version=2022-05-31",
      "RequestMethod": "DELETE",
      "RequestHeaders": {
        "Accept": "application/json",
        "Accept-Encoding": "gzip, deflate",
        "Connection": "keep-alive",
        "Content-Length": "0",
        "User-Agent": "azsdk-python-digitaltwins-core/1.2.1 Python/3.10.6 (Linux-5.10.102.1-microsoft-standard-WSL2-x86_64-with-glibc2.31)"
      },
      "RequestBody": null,
      "StatusCode": 204,
      "ResponseHeaders": {
        "Content-Length": "0",
        "Date": "Thu, 29 Sep 2022 04:03:48 GMT",
        "mise-correlation-id": "2914e90c-bfb4-4031-9aeb-d60f732e8e61",
        "Strict-Transport-Security": "max-age=2592000",
        "traceresponse": "00-830fc520c9d23e0923301d94259686bb-ee0800ac4d75b47a-01"
      },
      "ResponseBody": null
    },
    {
      "RequestUri": "https://fake.api.wcus.digitaltwins.azure.net/models/dtmi%3Acom%3Asamples%3AComponentModel1f6932de%3B1?includeModelDefinition=false\u0026api-version=2022-05-31",
      "RequestMethod": "GET",
      "RequestHeaders": {
        "Accept": "application/json",
        "Accept-Encoding": "gzip, deflate",
        "Connection": "keep-alive",
        "User-Agent": "azsdk-python-digitaltwins-core/1.2.1 Python/3.10.6 (Linux-5.10.102.1-microsoft-standard-WSL2-x86_64-with-glibc2.31)"
      },
      "RequestBody": null,
      "StatusCode": 404,
      "ResponseHeaders": {
        "Content-Length": "226",
        "Content-Type": "application/json; charset=utf-8",
        "Date": "Thu, 29 Sep 2022 04:03:48 GMT",
        "mise-correlation-id": "355572f5-b69a-4f84-973d-47cc579de3ce",
        "Strict-Transport-Security": "max-age=2592000",
        "traceresponse": "00-76a167d837b4ef6c77a3f9e21bb22e67-018bb94106aefa54-01"
      },
      "ResponseBody": {
        "error": {
          "code": "ModelNotFound",
          "message": "There is no Model(s) available that matches the provided id(s) dtmi:com:samples:ComponentModel1f6932de;1. Check that the Model ID provided is valid by doing a Model_List API call."
        }
      }
    }
  ],
  "Variables": {}
}
