{
  "Entries": [
    {
      "RequestUri": "https://fake.api.wcus.digitaltwins.azure.net/models?includeModelDefinition=false\u0026api-version=2022-05-31",
      "RequestMethod": "GET",
      "RequestHeaders": {
        "Accept": "application/json",
        "Accept-Encoding": "gzip, deflate",
        "User-Agent": "azsdk-python-digitaltwins-core/1.2.1 Python/3.10.11 (Windows-10-10.0.22621-SP0)"
      },
      "RequestBody": null,
      "StatusCode": 200,
      "ResponseHeaders": {
        "Content-Length": "187",
        "Content-Type": "application/json; charset=utf-8",
        "Date": "Thu, 01 Jun 2023 20:34:13 GMT",
        "mise-correlation-id": "77505936-7942-479a-9d0d-eb23fc319a97",
        "Strict-Transport-Security": "max-age=2592000",
        "traceresponse": "00-d5b6fe79bb3687c7ebd9aab24308184c-f4f64e4e5d1fad99-01"
      },
      "ResponseBody": {
        "value": [
          {
            "id": "dtmi:samples:DTTestBuilding;1",
            "description": {},
            "displayName": {
              "en": "Building"
            },
            "decommissioned": false,
            "uploadTime": "2023-06-01T20:34:13.5294867\u002B00:00"
          }
        ],
        "nextLink": null
      }
    },
    {
      "RequestUri": "https://fake.api.wcus.digitaltwins.azure.net/models/dtmi:samples:DTTestBuilding;1?api-version=2022-05-31",
      "RequestMethod": "DELETE",
      "RequestHeaders": {
        "Accept": "application/json",
        "Accept-Encoding": "gzip, deflate",
        "Content-Length": "0",
        "User-Agent": "azsdk-python-digitaltwins-core/1.2.1 Python/3.10.11 (Windows-10-10.0.22621-SP0)"
      },
      "RequestBody": null,
      "StatusCode": 204,
      "ResponseHeaders": {
        "Content-Length": "0",
        "Date": "Thu, 01 Jun 2023 20:34:13 GMT",
        "mise-correlation-id": "f8c9f038-d287-4052-bf14-0fd143a1d9fc",
        "Strict-Transport-Security": "max-age=2592000",
        "traceresponse": "00-021678688311d96e062a390cd691b116-f62c3a5dad79c5a4-01"
      },
      "ResponseBody": null
    },
    {
      "RequestUri": "https://fake.api.wcus.digitaltwins.azure.net/models?includeModelDefinition=false\u0026api-version=2022-05-31",
      "RequestMethod": "GET",
      "RequestHeaders": {
        "Accept": "application/json",
        "Accept-Encoding": "gzip, deflate",
        "User-Agent": "azsdk-python-digitaltwins-core/1.2.1 Python/3.10.11 (Windows-10-10.0.22621-SP0)"
      },
      "RequestBody": null,
      "StatusCode": 200,
      "ResponseHeaders": {
        "Content-Length": "28",
        "Content-Type": "application/json; charset=utf-8",
        "Date": "Thu, 01 Jun 2023 20:34:14 GMT",
        "mise-correlation-id": "93266128-cf58-4784-9628-8cf968b62fec",
        "Strict-Transport-Security": "max-age=2592000",
        "traceresponse": "00-4723cb9a96d1d755eb4460e5d1a5e804-7321aa8245f3c1c9-01"
      },
      "ResponseBody": {
        "value": [],
        "nextLink": null
      }
    },
    {
      "RequestUri": "https://fake.api.wcus.digitaltwins.azure.net/models?api-version=2022-05-31",
      "RequestMethod": "POST",
      "RequestHeaders": {
        "Accept": "application/json",
        "Accept-Encoding": "gzip, deflate",
        "Content-Length": "283",
        "Content-Type": "application/json",
        "User-Agent": "azsdk-python-digitaltwins-core/1.2.1 Python/3.10.11 (Windows-10-10.0.22621-SP0)"
      },
      "RequestBody": "[{\u0022@id\u0022: \u0022dtmi:samples:DTTestBuilding;1\u0022, \u0022@type\u0022: \u0022Interface\u0022, \u0022@context\u0022: \u0022dtmi:dtdl:context;2\u0022, \u0022displayName\u0022: \u0022Building\u0022, \u0022contents\u0022: [{\u0022@type\u0022: \u0022Property\u0022, \u0022name\u0022: \u0022AverageTemperature\u0022, \u0022schema\u0022: \u0022double\u0022}, {\u0022@type\u0022: \u0022Property\u0022, \u0022name\u0022: \u0022TemperatureUnit\u0022, \u0022schema\u0022: \u0022string\u0022}]}]",
      "StatusCode": 201,
      "ResponseHeaders": {
        "Content-Length": "161",
        "Content-Type": "application/json; charset=utf-8",
        "Date": "Thu, 01 Jun 2023 20:34:14 GMT",
        "mise-correlation-id": "abb81197-1abe-42f1-af6f-fa33f550095d",
        "Strict-Transport-Security": "max-age=2592000",
        "traceresponse": "00-e4d1ecfe6f6073e1087fb728bf563f53-61fa954c1dc2e0bf-01"
      },
      "ResponseBody": "[{\u0022id\u0022:\u0022dtmi:samples:DTTestBuilding;1\u0022,\u0022description\u0022:{},\u0022displayName\u0022:{\u0022en\u0022:\u0022Building\u0022},\u0022decommissioned\u0022:false,\u0022uploadTime\u0022:\u00222023-06-01T20:34:15.1287267\u002B00:00\u0022}]"
    },
    {
      "RequestUri": "https://fake.api.wcus.digitaltwins.azure.net/digitaltwins/digitalTwin-8b43404d?api-version=2022-05-31",
      "RequestMethod": "DELETE",
      "RequestHeaders": {
        "Accept": "application/json",
        "Accept-Encoding": "gzip, deflate",
        "Content-Length": "0",
        "User-Agent": "azsdk-python-digitaltwins-core/1.2.1 Python/3.10.11 (Windows-10-10.0.22621-SP0)"
      },
      "RequestBody": null,
      "StatusCode": 204,
      "ResponseHeaders": {
        "Content-Length": "0",
        "Date": "Thu, 01 Jun 2023 20:34:14 GMT",
        "mise-correlation-id": "6f07d577-3c43-4d6f-ae7a-4f9c7392d270",
        "Strict-Transport-Security": "max-age=2592000",
        "traceresponse": "00-689a2e92a65be65e98df18beb4a1434c-f4fcb298da38f52d-01"
      },
      "ResponseBody": null
    },
    {
      "RequestUri": "https://fake.api.wcus.digitaltwins.azure.net/digitaltwins/digitalTwin-8b43404d?api-version=2022-05-31",
      "RequestMethod": "PUT",
      "RequestHeaders": {
        "Accept": "application/json",
        "Accept-Encoding": "gzip, deflate",
        "Content-Length": "114",
        "Content-Type": "application/json",
        "User-Agent": "azsdk-python-digitaltwins-core/1.2.1 Python/3.10.11 (Windows-10-10.0.22621-SP0)"
      },
      "RequestBody": {
        "$metadata": {
          "$model": "dtmi:samples:DTTestBuilding;1"
        },
        "AverageTemperature": 68,
        "TemperatureUnit": "Celsius"
      },
      "StatusCode": 200,
      "ResponseHeaders": {
        "Content-Length": "380",
        "Content-Type": "application/json; charset=utf-8",
        "Date": "Thu, 01 Jun 2023 20:34:14 GMT",
        "ETag": "W/\u0022a1ca07e0-3771-4c1c-861f-19e20a8797cc\u0022",
        "mise-correlation-id": "3dcfa005-2887-4282-8041-e4495c6d0240",
        "Strict-Transport-Security": "max-age=2592000",
        "traceresponse": "00-ed592fccf244f7e42837efcddb844270-0e056b8be19a69e9-01"
      },
      "ResponseBody": {
        "$dtId": "digitalTwin-8b43404d",
        "$etag": "W/\u0022a1ca07e0-3771-4c1c-861f-19e20a8797cc\u0022",
        "AverageTemperature": 68,
        "TemperatureUnit": "Celsius",
        "$metadata": {
          "$model": "dtmi:samples:DTTestBuilding;1",
          "$lastUpdateTime": "2023-06-01T20:34:15.4229697Z",
          "AverageTemperature": {
            "lastUpdateTime": "2023-06-01T20:34:15.4229697Z"
          },
          "TemperatureUnit": {
            "lastUpdateTime": "2023-06-01T20:34:15.4229697Z"
          }
        }
      }
    },
    {
      "RequestUri": "https://fake.api.wcus.digitaltwins.azure.net/digitaltwins/digitalTwin-8b43404d?api-version=2022-05-31",
      "RequestMethod": "PATCH",
      "RequestHeaders": {
        "Accept": "application/json",
        "Accept-Encoding": "gzip, deflate",
        "Content-Length": "63",
        "Content-Type": "application/json-patch\u002Bjson",
        "If-Match": "W/\u00227e67a355-f19c-4c19-8a10-2d69b2d2253f\u0022",
        "User-Agent": "azsdk-python-digitaltwins-core/1.2.1 Python/3.10.11 (Windows-10-10.0.22621-SP0)"
      },
      "RequestBody": "[{\u0022op\u0022: \u0022replace\u0022, \u0022path\u0022: \u0022/AverageTemperature\u0022, \u0022value\u0022: 42}]",
      "StatusCode": 412,
      "ResponseHeaders": {
        "Content-Length": "300",
        "Content-Type": "application/json; charset=utf-8",
        "Date": "Thu, 01 Jun 2023 20:34:14 GMT",
        "mise-correlation-id": "39181b03-f4be-4539-adc7-f99eac87e71b",
        "Strict-Transport-Security": "max-age=2592000",
        "traceresponse": "00-c5a4a2b577836510620c62b5dc61a40d-8669d6a8e3f268ca-01",
        "x-ms-error-code": "PreconditionFailed"
      },
      "ResponseBody": {
        "error": {
          "code": "PreconditionFailed",
          "message": "The provided etag W/\u00227e67a355-f19c-4c19-8a10-2d69b2d2253f\u0022 doesn\u0027t match the current etag for the resource. Please obtain and provide the latest etag by getting the resource. See section on get apis in the documentation https://aka.ms/adtv2twins."
        }
      }
    },
    {
      "RequestUri": "https://fake.api.wcus.digitaltwins.azure.net/digitaltwins/digitalTwin-8b43404d?api-version=2022-05-31",
      "RequestMethod": "PATCH",
      "RequestHeaders": {
        "Accept": "application/json",
        "Accept-Encoding": "gzip, deflate",
        "Content-Length": "63",
        "Content-Type": "application/json-patch\u002Bjson",
        "If-Match": "W/\u0022a1ca07e0-3771-4c1c-861f-19e20a8797cc\u0022",
        "User-Agent": "azsdk-python-digitaltwins-core/1.2.1 Python/3.10.11 (Windows-10-10.0.22621-SP0)"
      },
      "RequestBody": "[{\u0022op\u0022: \u0022replace\u0022, \u0022path\u0022: \u0022/AverageTemperature\u0022, \u0022value\u0022: 42}]",
      "StatusCode": 204,
      "ResponseHeaders": {
        "Content-Length": "0",
        "Date": "Thu, 01 Jun 2023 20:34:14 GMT",
        "ETag": "W/\u0022ed5f5334-8b3e-41b2-9d18-596625568eda\u0022",
        "mise-correlation-id": "8d7d992e-c024-41d0-bf45-7b5c0e36f409",
        "Strict-Transport-Security": "max-age=2592000",
        "traceresponse": "00-bbf62286aa01c620f167feaee86e1579-45aa9a33005298cd-01"
      },
      "ResponseBody": null
    },
    {
      "RequestUri": "https://fake.api.wcus.digitaltwins.azure.net/digitaltwins/digitalTwin-8b43404d?api-version=2022-05-31",
      "RequestMethod": "GET",
      "RequestHeaders": {
        "Accept": "application/json",
        "Accept-Encoding": "gzip, deflate",
        "User-Agent": "azsdk-python-digitaltwins-core/1.2.1 Python/3.10.11 (Windows-10-10.0.22621-SP0)"
      },
      "RequestBody": null,
      "StatusCode": 200,
      "ResponseHeaders": {
        "Content-Length": "380",
        "Content-Type": "application/json; charset=utf-8",
        "Date": "Thu, 01 Jun 2023 20:34:15 GMT",
        "ETag": "W/\u0022ed5f5334-8b3e-41b2-9d18-596625568eda\u0022",
        "mise-correlation-id": "faa36e54-11ea-42b9-8616-cd0f2dd9d093",
        "Strict-Transport-Security": "max-age=2592000",
        "traceresponse": "00-b0b53adc2028001822a70ee7a949ce44-b33d2546199956b5-01"
      },
      "ResponseBody": {
        "$dtId": "digitalTwin-8b43404d",
        "$etag": "W/\u0022ed5f5334-8b3e-41b2-9d18-596625568eda\u0022",
        "AverageTemperature": 42,
        "TemperatureUnit": "Celsius",
        "$metadata": {
          "$model": "dtmi:samples:DTTestBuilding;1",
          "$lastUpdateTime": "2023-06-01T20:34:15.7512219Z",
          "AverageTemperature": {
            "lastUpdateTime": "2023-06-01T20:34:15.7512219Z"
          },
          "TemperatureUnit": {
            "lastUpdateTime": "2023-06-01T20:34:15.4229697Z"
          }
        }
      }
    }
  ],
  "Variables": {}
}
