interactions:
- request:
    body: null
    headers:
      Accept:
      - application/json
      User-Agent:
      - azsdk-python-digitaltwins-core/1.2.0b1 Python/3.9.1 (Windows-10-10.0.22000-SP0)
    method: GET
    uri: https://dttestdigitaltwinsname.api.wus2.digitaltwins.azure.net/models/dtmi:com:samples:ComponentModelff551cd8;1?includeModelDefinition=false&api-version=2021-06-30-preview
  response:
    body:
      string: '{"error":{"code":"ModelNotFound","message":"There is no Model(s) available
        that matches the provided id(s) dtmi:com:samples:ComponentModelff551cd8;1.
        Check that the Model ID provided is valid by doing a Model_List API call."}}'
    headers:
      content-length: '226'
      content-type: application/json; charset=utf-8
      date: Mon, 28 Mar 2022 15:05:24 GMT
      strict-transport-security: max-age=2592000
      traceresponse: 00-b8fda5b8d90ce94fb7ffeb7fdd2d95fa-c967e0109e532a4d-01
    status:
      code: 404
      message: Not Found
    url: https://nalehmandigitaltwins.api.wus2.digitaltwins.azure.net/models/dtmi:com:samples:ComponentModelff551cd8;1?includeModelDefinition=false&api-version=2021-06-30-preview
- request:
    body: '[{"@id": "dtmi:com:samples:ComponentModelff551cd8;1", "@type": "Interface",
      "@context": "dtmi:dtdl:context;2", "displayName": "Component1", "contents":
      [{"@type": "Property", "name": "ComponentProp1", "schema": "string"}, {"@type":
      "Telemetry", "name": "ComponentTelemetry1", "schema": "integer"}]}]'
    headers:
      Accept:
      - application/json
      Content-Length:
      - '299'
      Content-Type:
      - application/json
      User-Agent:
      - azsdk-python-digitaltwins-core/1.2.0b1 Python/3.9.1 (Windows-10-10.0.22000-SP0)
    method: POST
    uri: https://dttestdigitaltwinsname.api.wus2.digitaltwins.azure.net/models?api-version=2021-06-30-preview
  response:
    body:
      string: '[{"id":"dtmi:com:samples:ComponentModelff551cd8;1","description":{},"displayName":{"en":"Component1"},"decommissioned":false,"uploadTime":"2022-03-28T15:05:25.32907+00:00"}]'
    headers:
      content-length: '173'
      content-type: application/json; charset=utf-8
      date: Mon, 28 Mar 2022 15:05:24 GMT
      strict-transport-security: max-age=2592000
      traceresponse: 00-8e900873e762944c86dba493d455626f-f8ab68b498ddd143-01
    status:
      code: 201
      message: Created
    url: https://nalehmandigitaltwins.api.wus2.digitaltwins.azure.net/models?api-version=2021-06-30-preview
- request:
    body: null
    headers:
      Accept:
      - application/json
      User-Agent:
      - azsdk-python-digitaltwins-core/1.2.0b1 Python/3.9.1 (Windows-10-10.0.22000-SP0)
    method: GET
    uri: https://dttestdigitaltwinsname.api.wus2.digitaltwins.azure.net/models/dtmi:com:samples:ComponentModelff551cd8;1?includeModelDefinition=false&api-version=2021-06-30-preview
  response:
    body:
      string: '{"id":"dtmi:com:samples:ComponentModelff551cd8;1","description":{},"displayName":{"en":"Component1"},"decommissioned":false,"uploadTime":"2022-03-28T15:05:25.32907+00:00"}'
    headers:
      content-length: '171'
      content-type: application/json; charset=utf-8
      date: Mon, 28 Mar 2022 15:05:24 GMT
      strict-transport-security: max-age=2592000
      traceresponse: 00-f33030e58703af44b0bf8a02cb909189-83f1840c0b804a4e-01
    status:
      code: 200
      message: OK
    url: https://nalehmandigitaltwins.api.wus2.digitaltwins.azure.net/models/dtmi:com:samples:ComponentModelff551cd8;1?includeModelDefinition=false&api-version=2021-06-30-preview
- request:
    body: '[{"op": "replace", "path": "/decommissioned", "value": true}]'
    headers:
      Accept:
      - application/json
      Content-Length:
      - '61'
      Content-Type:
      - application/json-patch+json
      User-Agent:
      - azsdk-python-digitaltwins-core/1.2.0b1 Python/3.9.1 (Windows-10-10.0.22000-SP0)
    method: PATCH
    uri: https://dttestdigitaltwinsname.api.wus2.digitaltwins.azure.net/models/dtmi:com:samples:ComponentModelff551cd8;1?api-version=2021-06-30-preview
  response:
    body:
      string: ''
    headers:
      content-length: '0'
      date: Mon, 28 Mar 2022 15:05:25 GMT
      strict-transport-security: max-age=2592000
      traceresponse: 00-22e2412c17bbb845aa9bdd0d9db6225e-c992a102635c1549-01
    status:
      code: 204
      message: No Content
    url: https://nalehmandigitaltwins.api.wus2.digitaltwins.azure.net/models/dtmi:com:samples:ComponentModelff551cd8;1?api-version=2021-06-30-preview
- request:
    body: '[{"op": "replace", "path": "/decommissioned", "value": true}]'
    headers:
      Accept:
      - application/json
      Content-Length:
      - '61'
      Content-Type:
      - application/json-patch+json
      User-Agent:
      - azsdk-python-digitaltwins-core/1.2.0b1 Python/3.9.1 (Windows-10-10.0.22000-SP0)
    method: PATCH
    uri: https://dttestdigitaltwinsname.api.wus2.digitaltwins.azure.net/models/dtmi:com:samples:ComponentModelff551cd8;1?api-version=2021-06-30-preview
  response:
    body:
      string: ''
    headers:
      content-length: '0'
      date: Mon, 28 Mar 2022 15:05:25 GMT
      strict-transport-security: max-age=2592000
      traceresponse: 00-69a6020b9572874780066a9820e5c47c-45337ceec5b6fe4e-01
    status:
      code: 204
      message: No Content
    url: https://nalehmandigitaltwins.api.wus2.digitaltwins.azure.net/models/dtmi:com:samples:ComponentModelff551cd8;1?api-version=2021-06-30-preview
- request:
    body: null
    headers:
      Accept:
      - application/json
      User-Agent:
      - azsdk-python-digitaltwins-core/1.2.0b1 Python/3.9.1 (Windows-10-10.0.22000-SP0)
    method: GET
    uri: https://dttestdigitaltwinsname.api.wus2.digitaltwins.azure.net/models/dtmi:com:samples:ComponentModelff551cd8;1?includeModelDefinition=false&api-version=2021-06-30-preview
  response:
    body:
      string: '{"id":"dtmi:com:samples:ComponentModelff551cd8;1","description":{},"displayName":{"en":"Component1"},"decommissioned":true,"uploadTime":"2022-03-28T15:05:25.32907+00:00"}'
    headers:
      content-length: '170'
      content-type: application/json; charset=utf-8
      date: Mon, 28 Mar 2022 15:05:25 GMT
      strict-transport-security: max-age=2592000
      traceresponse: 00-ee6d1950c2510e49b07bccf2d2339530-090d008a5504034e-01
    status:
      code: 200
      message: OK
    url: https://nalehmandigitaltwins.api.wus2.digitaltwins.azure.net/models/dtmi:com:samples:ComponentModelff551cd8;1?includeModelDefinition=false&api-version=2021-06-30-preview
version: 1
