interactions:
- request:
    body: null
    headers:
      Accept:
      - application/json
      Accept-Encoding:
      - gzip, deflate
      Connection:
      - keep-alive
      User-Agent:
      - azsdk-python-digitaltwins-core/1.1.0 Python/3.7.4 (Windows-10-10.0.19041-SP0)
    method: GET
    uri: https://dttestdigitaltwinsname.api.wcus.digitaltwins.azure.net/models?includeModelDefinition=false&api-version=2020-10-31
  response:
    body:
      string: '{"value":[{"id":"dtmi:samples:RelationshipTestBuilding;1","description":{},"displayName":{"en":"Building"},"decommissioned":false,"uploadTime":"2020-11-24T21:12:38.565508+00:00"},{"id":"dtmi:samples:RelationshipTestFloor;1","description":{},"displayName":{"en":"Floor"},"decommissioned":false,"uploadTime":"2020-11-24T21:12:38.5655347+00:00"},{"id":"dtmi:samples:RelationshipTestRoom;1","description":{},"displayName":{"en":"Room"},"decommissioned":false,"uploadTime":"2020-11-24T21:12:38.5655519+00:00"}],"nextLink":null}'
    headers:
      content-length:
      - '522'
      content-type:
      - application/json; charset=utf-8
      date:
      - Tue, 24 Nov 2020 21:12:42 GMT
      strict-transport-security:
      - max-age=2592000
    status:
      code: 200
      message: OK
- request:
    body: null
    headers:
      Accept:
      - application/json
      Accept-Encoding:
      - gzip, deflate
      Connection:
      - keep-alive
      Content-Length:
      - '0'
      User-Agent:
      - azsdk-python-digitaltwins-core/1.1.0 Python/3.7.4 (Windows-10-10.0.19041-SP0)
    method: DELETE
    uri: https://dttestdigitaltwinsname.api.wcus.digitaltwins.azure.net/models/dtmi%3Asamples%3ARelationshipTestBuilding%3B1?api-version=2020-10-31
  response:
    body:
      string: ''
    headers:
      content-length:
      - '0'
      date:
      - Tue, 24 Nov 2020 21:12:43 GMT
      strict-transport-security:
      - max-age=2592000
    status:
      code: 204
      message: No Content
- request:
    body: null
    headers:
      Accept:
      - application/json
      Accept-Encoding:
      - gzip, deflate
      Connection:
      - keep-alive
      Content-Length:
      - '0'
      User-Agent:
      - azsdk-python-digitaltwins-core/1.1.0 Python/3.7.4 (Windows-10-10.0.19041-SP0)
    method: DELETE
    uri: https://dttestdigitaltwinsname.api.wcus.digitaltwins.azure.net/models/dtmi%3Asamples%3ARelationshipTestFloor%3B1?api-version=2020-10-31
  response:
    body:
      string: ''
    headers:
      content-length:
      - '0'
      date:
      - Tue, 24 Nov 2020 21:12:43 GMT
      strict-transport-security:
      - max-age=2592000
    status:
      code: 204
      message: No Content
- request:
    body: null
    headers:
      Accept:
      - application/json
      Accept-Encoding:
      - gzip, deflate
      Connection:
      - keep-alive
      Content-Length:
      - '0'
      User-Agent:
      - azsdk-python-digitaltwins-core/1.1.0 Python/3.7.4 (Windows-10-10.0.19041-SP0)
    method: DELETE
    uri: https://dttestdigitaltwinsname.api.wcus.digitaltwins.azure.net/models/dtmi%3Asamples%3ARelationshipTestRoom%3B1?api-version=2020-10-31
  response:
    body:
      string: ''
    headers:
      content-length:
      - '0'
      date:
      - Tue, 24 Nov 2020 21:12:43 GMT
      strict-transport-security:
      - max-age=2592000
    status:
      code: 204
      message: No Content
- request:
    body: null
    headers:
      Accept:
      - application/json
      Accept-Encoding:
      - gzip, deflate
      Connection:
      - keep-alive
      User-Agent:
      - azsdk-python-digitaltwins-core/1.1.0 Python/3.7.4 (Windows-10-10.0.19041-SP0)
    method: GET
    uri: https://dttestdigitaltwinsname.api.wcus.digitaltwins.azure.net/models?includeModelDefinition=false&api-version=2020-10-31
  response:
    body:
      string: '{"value":[],"nextLink":null}'
    headers:
      content-length:
      - '28'
      content-type:
      - application/json; charset=utf-8
      date:
      - Tue, 24 Nov 2020 21:12:43 GMT
      strict-transport-security:
      - max-age=2592000
    status:
      code: 200
      message: OK
- request:
    body: null
    headers:
      Accept:
      - application/json
      Accept-Encoding:
      - gzip, deflate
      Connection:
      - keep-alive
      User-Agent:
      - azsdk-python-digitaltwins-core/1.1.0 Python/3.7.4 (Windows-10-10.0.19041-SP0)
    method: GET
    uri: https://dttestdigitaltwinsname.api.wcus.digitaltwins.azure.net/digitaltwins/DTRelationshipTestsRoomTwin/relationships?api-version=2020-10-31
  response:
    body:
      string: '{"nextLink":null,"value":[]}'
    headers:
      content-length:
      - '28'
      content-type:
      - application/json; charset=utf-8
      date:
      - Tue, 24 Nov 2020 21:12:45 GMT
      strict-transport-security:
      - max-age=2592000
    status:
      code: 200
      message: OK
- request:
    body: null
    headers:
      Accept:
      - application/json
      Accept-Encoding:
      - gzip, deflate
      Connection:
      - keep-alive
      User-Agent:
      - azsdk-python-digitaltwins-core/1.1.0 Python/3.7.4 (Windows-10-10.0.19041-SP0)
    method: GET
    uri: https://dttestdigitaltwinsname.api.wcus.digitaltwins.azure.net/digitaltwins/DTRelationshipTestsFloorTwin/relationships?api-version=2020-10-31
  response:
    body:
      string: '{"nextLink":null,"value":[]}'
    headers:
      content-length:
      - '28'
      content-type:
      - application/json; charset=utf-8
      date:
      - Tue, 24 Nov 2020 21:12:45 GMT
      strict-transport-security:
      - max-age=2592000
    status:
      code: 200
      message: OK
- request:
    body: null
    headers:
      Accept:
      - application/json
      Accept-Encoding:
      - gzip, deflate
      Connection:
      - keep-alive
      User-Agent:
      - azsdk-python-digitaltwins-core/1.1.0 Python/3.7.4 (Windows-10-10.0.19041-SP0)
    method: GET
    uri: https://dttestdigitaltwinsname.api.wcus.digitaltwins.azure.net/digitaltwins/DTRelationshipTestsBuildingTwin/relationships?api-version=2020-10-31
  response:
    body:
      string: '{"nextLink":null,"value":[{"$relationshipId":"BuildingHasFloor","$etag":"W/\"be034a91-35f1-4000-bdc3-f576d94d62a7\"","$sourceId":"DTRelationshipTestsBuildingTwin","$relationshipName":"has","$targetId":"DTRelationshipTestsFloorTwin","isAccessRestricted":false}]}'
    headers:
      content-length:
      - '261'
      content-type:
      - application/json; charset=utf-8
      date:
      - Tue, 24 Nov 2020 21:12:45 GMT
      strict-transport-security:
      - max-age=2592000
    status:
      code: 200
      message: OK
- request:
    body: null
    headers:
      Accept:
      - application/json
      Accept-Encoding:
      - gzip, deflate
      Connection:
      - keep-alive
      Content-Length:
      - '0'
      User-Agent:
      - azsdk-python-digitaltwins-core/1.1.0 Python/3.7.4 (Windows-10-10.0.19041-SP0)
    method: DELETE
    uri: https://dttestdigitaltwinsname.api.wcus.digitaltwins.azure.net/digitaltwins/DTRelationshipTestsBuildingTwin/relationships/BuildingHasFloor?api-version=2020-10-31
  response:
    body:
      string: ''
    headers:
      content-length:
      - '0'
      date:
      - Tue, 24 Nov 2020 21:12:45 GMT
      strict-transport-security:
      - max-age=2592000
    status:
      code: 204
      message: No Content
- request:
    body: null
    headers:
      Accept:
      - application/json
      Accept-Encoding:
      - gzip, deflate
      Connection:
      - keep-alive
      Content-Length:
      - '0'
      User-Agent:
      - azsdk-python-digitaltwins-core/1.1.0 Python/3.7.4 (Windows-10-10.0.19041-SP0)
    method: DELETE
    uri: https://dttestdigitaltwinsname.api.wcus.digitaltwins.azure.net/digitaltwins/DTRelationshipTestsRoomTwin?api-version=2020-10-31
  response:
    body:
      string: ''
    headers:
      content-length:
      - '0'
      date:
      - Tue, 24 Nov 2020 21:12:46 GMT
      strict-transport-security:
      - max-age=2592000
    status:
      code: 204
      message: No Content
- request:
    body: null
    headers:
      Accept:
      - application/json
      Accept-Encoding:
      - gzip, deflate
      Connection:
      - keep-alive
      Content-Length:
      - '0'
      User-Agent:
      - azsdk-python-digitaltwins-core/1.1.0 Python/3.7.4 (Windows-10-10.0.19041-SP0)
    method: DELETE
    uri: https://dttestdigitaltwinsname.api.wcus.digitaltwins.azure.net/digitaltwins/DTRelationshipTestsFloorTwin?api-version=2020-10-31
  response:
    body:
      string: ''
    headers:
      content-length:
      - '0'
      date:
      - Tue, 24 Nov 2020 21:12:46 GMT
      strict-transport-security:
      - max-age=2592000
    status:
      code: 204
      message: No Content
- request:
    body: null
    headers:
      Accept:
      - application/json
      Accept-Encoding:
      - gzip, deflate
      Connection:
      - keep-alive
      Content-Length:
      - '0'
      User-Agent:
      - azsdk-python-digitaltwins-core/1.1.0 Python/3.7.4 (Windows-10-10.0.19041-SP0)
    method: DELETE
    uri: https://dttestdigitaltwinsname.api.wcus.digitaltwins.azure.net/digitaltwins/DTRelationshipTestsBuildingTwin?api-version=2020-10-31
  response:
    body:
      string: ''
    headers:
      content-length:
      - '0'
      date:
      - Tue, 24 Nov 2020 21:12:46 GMT
      strict-transport-security:
      - max-age=2592000
    status:
      code: 204
      message: No Content
- request:
    body: '[{"@id": "dtmi:samples:RelationshipTestBuilding;1", "@type": "Interface",
      "@context": "dtmi:dtdl:context;2", "displayName": "Building", "contents": [{"@type":
      "Relationship", "name": "has", "target": "dtmi:samples:RelationshipTestFloor;1",
      "properties": [{"@type": "Property", "name": "isAccessRestricted", "schema":
      "boolean"}]}, {"@type": "Property", "name": "AverageTemperature", "schema":
      "double"}]}, {"@id": "dtmi:samples:RelationshipTestFloor;1", "@type": "Interface",
      "@context": "dtmi:dtdl:context;2", "displayName": "Floor", "contents": [{"@type":
      "Relationship", "name": "contains", "target": "dtmi:samples:RelationshipTestRoom;1"},
      {"@type": "Property", "name": "AverageTemperature", "schema": "double"}]}, {"@id":
      "dtmi:samples:RelationshipTestRoom;1", "@type": "Interface", "@context": "dtmi:dtdl:context;2",
      "displayName": "Room", "contents": [{"@type": "Property", "name": "Temperature",
      "schema": "double"}, {"@type": "Property", "name": "IsOccupied", "schema": "boolean"}]}]'
    headers:
      Accept:
      - application/json
      Accept-Encoding:
      - gzip, deflate
      Connection:
      - keep-alive
      Content-Length:
      - '992'
      Content-Type:
      - application/json
      User-Agent:
      - azsdk-python-digitaltwins-core/1.1.0 Python/3.7.4 (Windows-10-10.0.19041-SP0)
    method: POST
    uri: https://dttestdigitaltwinsname.api.wcus.digitaltwins.azure.net/models?api-version=2020-10-31
  response:
    body:
      string: '[{"id":"dtmi:samples:RelationshipTestBuilding;1","description":{},"displayName":{"en":"Building"},"decommissioned":false,"uploadTime":"2020-11-24T21:12:46.8445719+00:00"},{"id":"dtmi:samples:RelationshipTestFloor;1","description":{},"displayName":{"en":"Floor"},"decommissioned":false,"uploadTime":"2020-11-24T21:12:46.8446027+00:00"},{"id":"dtmi:samples:RelationshipTestRoom;1","description":{},"displayName":{"en":"Room"},"decommissioned":false,"uploadTime":"2020-11-24T21:12:46.8446232+00:00"}]'
    headers:
      content-length:
      - '497'
      content-type:
      - application/json; charset=utf-8
      date:
      - Tue, 24 Nov 2020 21:12:46 GMT
      strict-transport-security:
      - max-age=2592000
    status:
      code: 201
      message: Created
- request:
    body: '{"$metadata": {"$model": "dtmi:samples:RelationshipTestBuilding;1"}, "AverageTemperature":
      68}'
    headers:
      Accept:
      - application/json
      Accept-Encoding:
      - gzip, deflate
      Connection:
      - keep-alive
      Content-Length:
      - '94'
      Content-Type:
      - application/json
      User-Agent:
      - azsdk-python-digitaltwins-core/1.1.0 Python/3.7.4 (Windows-10-10.0.19041-SP0)
    method: PUT
    uri: https://dttestdigitaltwinsname.api.wcus.digitaltwins.azure.net/digitaltwins/DTRelationshipTestsBuildingTwin?api-version=2020-10-31
  response:
    body:
      string: '{"$dtId":"DTRelationshipTestsBuildingTwin","$etag":"W/\"e11900e3-4b17-4acf-addd-2ff2602ea97c\"","AverageTemperature":68,"$metadata":{"$model":"dtmi:samples:RelationshipTestBuilding;1","AverageTemperature":{"lastUpdateTime":"2020-11-24T21:12:47.1399585Z"}}}'
    headers:
      content-length:
      - '256'
      content-type:
      - application/json; charset=utf-8
      date:
      - Tue, 24 Nov 2020 21:12:47 GMT
      etag:
      - W/"e11900e3-4b17-4acf-addd-2ff2602ea97c"
      strict-transport-security:
      - max-age=2592000
    status:
      code: 200
      message: OK
- request:
    body: '{"$metadata": {"$model": "dtmi:samples:RelationshipTestFloor;1"}, "AverageTemperature":
      75}'
    headers:
      Accept:
      - application/json
      Accept-Encoding:
      - gzip, deflate
      Connection:
      - keep-alive
      Content-Length:
      - '91'
      Content-Type:
      - application/json
      User-Agent:
      - azsdk-python-digitaltwins-core/1.1.0 Python/3.7.4 (Windows-10-10.0.19041-SP0)
    method: PUT
    uri: https://dttestdigitaltwinsname.api.wcus.digitaltwins.azure.net/digitaltwins/DTRelationshipTestsFloorTwin?api-version=2020-10-31
  response:
    body:
      string: '{"$dtId":"DTRelationshipTestsFloorTwin","$etag":"W/\"41421d52-206f-4480-995d-dcc6b0b15cf6\"","AverageTemperature":75,"$metadata":{"$model":"dtmi:samples:RelationshipTestFloor;1","AverageTemperature":{"lastUpdateTime":"2020-11-24T21:12:47.4333290Z"}}}'
    headers:
      content-length:
      - '250'
      content-type:
      - application/json; charset=utf-8
      date:
      - Tue, 24 Nov 2020 21:12:47 GMT
      etag:
      - W/"41421d52-206f-4480-995d-dcc6b0b15cf6"
      strict-transport-security:
      - max-age=2592000
    status:
      code: 200
      message: OK
- request:
    body: '{"$metadata": {"$model": "dtmi:samples:RelationshipTestRoom;1"}, "Temperature":
      80, "IsOccupied": true}'
    headers:
      Accept:
      - application/json
      Accept-Encoding:
      - gzip, deflate
      Connection:
      - keep-alive
      Content-Length:
      - '103'
      Content-Type:
      - application/json
      User-Agent:
      - azsdk-python-digitaltwins-core/1.1.0 Python/3.7.4 (Windows-10-10.0.19041-SP0)
    method: PUT
    uri: https://dttestdigitaltwinsname.api.wcus.digitaltwins.azure.net/digitaltwins/DTRelationshipTestsRoomTwin?api-version=2020-10-31
  response:
    body:
      string: '{"$dtId":"DTRelationshipTestsRoomTwin","$etag":"W/\"ab4e5392-9326-422c-bd7e-cae6a1f2272a\"","Temperature":80,"IsOccupied":true,"$metadata":{"$model":"dtmi:samples:RelationshipTestRoom;1","Temperature":{"lastUpdateTime":"2020-11-24T21:12:47.7062520Z"},"IsOccupied":{"lastUpdateTime":"2020-11-24T21:12:47.7062520Z"}}}'
    headers:
      content-length:
      - '315'
      content-type:
      - application/json; charset=utf-8
      date:
      - Tue, 24 Nov 2020 21:12:47 GMT
      etag:
      - W/"ab4e5392-9326-422c-bd7e-cae6a1f2272a"
      strict-transport-security:
      - max-age=2592000
    status:
      code: 200
      message: OK
- request:
    body: '{"$relationshipId": "BuildingHasFloor", "$sourceId": "DTRelationshipTestsBuildingTwin",
      "$relationshipName": "has", "$targetId": "DTRelationshipTestsFloorTwin", "isAccessRestricted":
      false}'
    headers:
      Accept:
      - application/json
      Accept-Encoding:
      - gzip, deflate
      Connection:
      - keep-alive
      Content-Length:
      - '189'
      Content-Type:
      - application/json
      User-Agent:
      - azsdk-python-digitaltwins-core/1.1.0 Python/3.7.4 (Windows-10-10.0.19041-SP0)
    method: PUT
    uri: https://dttestdigitaltwinsname.api.wcus.digitaltwins.azure.net/digitaltwins/DTRelationshipTestsBuildingTwin/relationships/BuildingHasFloor?api-version=2020-10-31
  response:
    body:
      string: '{"$relationshipId":"BuildingHasFloor","$etag":"W/\"54d54b8e-f3b3-4d93-9d9a-f6c63bde418a\"","$sourceId":"DTRelationshipTestsBuildingTwin","$relationshipName":"has","$targetId":"DTRelationshipTestsFloorTwin","isAccessRestricted":false}'
    headers:
      content-length:
      - '233'
      content-type:
      - application/json; charset=utf-8
      date:
      - Tue, 24 Nov 2020 21:12:47 GMT
      etag:
      - W/"54d54b8e-f3b3-4d93-9d9a-f6c63bde418a"
      strict-transport-security:
      - max-age=2592000
    status:
      code: 200
      message: OK
- request:
    body: '[{"op": "replace", "path": "/isAccessRestricted", "value": true}, {"op":
      "remove", "path": "/isAccessRestricted"}]'
    headers:
      Accept:
      - application/json
      Accept-Encoding:
      - gzip, deflate
      Connection:
      - keep-alive
      Content-Length:
      - '114'
      Content-Type:
      - application/json-patch+json
      User-Agent:
      - azsdk-python-digitaltwins-core/1.1.0 Python/3.7.4 (Windows-10-10.0.19041-SP0)
    method: PATCH
    uri: https://dttestdigitaltwinsname.api.wcus.digitaltwins.azure.net/digitaltwins/DTRelationshipTestsBuildingTwin/relationships/BuildingHasFloor?api-version=2020-10-31
  response:
    body:
      string: ''
    headers:
      content-length:
      - '0'
      date:
      - Tue, 24 Nov 2020 21:12:48 GMT
      etag:
      - W/"31888b23-1780-4cec-af8e-48ef45323e1f"
      strict-transport-security:
      - max-age=2592000
    status:
      code: 204
      message: No Content
- request:
    body: null
    headers:
      Accept:
      - application/json
      Accept-Encoding:
      - gzip, deflate
      Connection:
      - keep-alive
      User-Agent:
      - azsdk-python-digitaltwins-core/1.1.0 Python/3.7.4 (Windows-10-10.0.19041-SP0)
    method: GET
    uri: https://dttestdigitaltwinsname.api.wcus.digitaltwins.azure.net/digitaltwins/DTRelationshipTestsBuildingTwin/relationships/BuildingHasFloor?api-version=2020-10-31
  response:
    body:
      string: '{"$relationshipId":"BuildingHasFloor","$etag":"W/\"31888b23-1780-4cec-af8e-48ef45323e1f\"","$sourceId":"DTRelationshipTestsBuildingTwin","$relationshipName":"has","$targetId":"DTRelationshipTestsFloorTwin"}'
    headers:
      content-length:
      - '206'
      content-type:
      - application/json; charset=utf-8
      date:
      - Tue, 24 Nov 2020 21:12:48 GMT
      etag:
      - W/"31888b23-1780-4cec-af8e-48ef45323e1f"
      strict-transport-security:
      - max-age=2592000
    status:
      code: 200
      message: OK
version: 1
