interactions:
- request:
    body: null
    headers:
      Accept:
      - application/json
      User-Agent:
      - azsdk-python-digitaltwins-core/1.2.0 Python/3.10.4 (Windows-10-10.0.22000-SP0)
    method: GET
    uri: https://dttestdigitaltwinsname.api.wcus.digitaltwins.azure.net/models?includeModelDefinition=false&api-version=2022-05-31
  response:
    body:
      string: '{"value":[{"id":"dtmi:samples:RelationshipTestBuilding;1","description":{},"displayName":{"en-US":"Building"},"decommissioned":false,"uploadTime":"2022-05-26T07:29:38.9704625+00:00"},{"id":"dtmi:samples:RelationshipTestFloor;1","description":{},"displayName":{"en-US":"Floor"},"decommissioned":false,"uploadTime":"2022-05-26T07:29:38.9704825+00:00"},{"id":"dtmi:samples:RelationshipTestRoom;1","description":{},"displayName":{"en-US":"Room"},"decommissioned":false,"uploadTime":"2022-05-26T07:29:38.970494+00:00"}],"nextLink":null}'
    headers:
      content-length: '531'
      content-type: application/json; charset=utf-8
      date: Thu, 26 May 2022 07:29:39 GMT
      mise-correlation-id: bad8dbfb-8847-490e-b7b9-37bd8104417c
      strict-transport-security: max-age=2592000
      traceresponse: 00-66f0198db7892c479ddb1bde2e38047b-169cfd510b099046-01
    status:
      code: 200
      message: OK
    url: https://dttestdigitaltwinsname.api.wcus.digitaltwins.azure.net/models?includeModelDefinition=false&api-version=2022-05-31
- request:
    body: null
    headers:
      Accept:
      - application/json
      User-Agent:
      - azsdk-python-digitaltwins-core/1.2.0 Python/3.10.4 (Windows-10-10.0.22000-SP0)
    method: DELETE
    uri: https://dttestdigitaltwinsname.api.wcus.digitaltwins.azure.net/models/dtmi:samples:RelationshipTestBuilding;1?api-version=2022-05-31
  response:
    body:
      string: ''
    headers:
      content-length: '0'
      date: Thu, 26 May 2022 07:29:39 GMT
      mise-correlation-id: 67bdb453-06ee-468f-a204-8c8c19c922c4
      strict-transport-security: max-age=2592000
      traceresponse: 00-487ccba6757c7f4a854bb88ad48e4dc9-2e6ecc4f9fe23542-01
    status:
      code: 204
      message: No Content
    url: https://dttestdigitaltwinsname.api.wcus.digitaltwins.azure.net/models/dtmi:samples:RelationshipTestBuilding;1?api-version=2022-05-31
- request:
    body: null
    headers:
      Accept:
      - application/json
      User-Agent:
      - azsdk-python-digitaltwins-core/1.2.0 Python/3.10.4 (Windows-10-10.0.22000-SP0)
    method: DELETE
    uri: https://dttestdigitaltwinsname.api.wcus.digitaltwins.azure.net/models/dtmi:samples:RelationshipTestFloor;1?api-version=2022-05-31
  response:
    body:
      string: ''
    headers:
      content-length: '0'
      date: Thu, 26 May 2022 07:29:39 GMT
      mise-correlation-id: 38309383-42e1-4845-b3f1-9f1ef8388882
      strict-transport-security: max-age=2592000
      traceresponse: 00-d0e9dfab2626b145a5feec153765f24b-18e8a949f4272e4a-01
    status:
      code: 204
      message: No Content
    url: https://dttestdigitaltwinsname.api.wcus.digitaltwins.azure.net/models/dtmi:samples:RelationshipTestFloor;1?api-version=2022-05-31
- request:
    body: null
    headers:
      Accept:
      - application/json
      User-Agent:
      - azsdk-python-digitaltwins-core/1.2.0 Python/3.10.4 (Windows-10-10.0.22000-SP0)
    method: DELETE
    uri: https://dttestdigitaltwinsname.api.wcus.digitaltwins.azure.net/models/dtmi:samples:RelationshipTestRoom;1?api-version=2022-05-31
  response:
    body:
      string: ''
    headers:
      content-length: '0'
      date: Thu, 26 May 2022 07:29:39 GMT
      mise-correlation-id: c3e9156d-0192-4818-9506-7631cfa35c3f
      strict-transport-security: max-age=2592000
      traceresponse: 00-2c679532953ccf4c931bd1acd1afea4c-484bbb7251adbd41-01
    status:
      code: 204
      message: No Content
    url: https://dttestdigitaltwinsname.api.wcus.digitaltwins.azure.net/models/dtmi:samples:RelationshipTestRoom;1?api-version=2022-05-31
- request:
    body: null
    headers:
      Accept:
      - application/json
      User-Agent:
      - azsdk-python-digitaltwins-core/1.2.0 Python/3.10.4 (Windows-10-10.0.22000-SP0)
    method: GET
    uri: https://dttestdigitaltwinsname.api.wcus.digitaltwins.azure.net/models?includeModelDefinition=false&api-version=2022-05-31
  response:
    body:
      string: '{"value":[],"nextLink":null}'
    headers:
      content-length: '28'
      content-type: application/json; charset=utf-8
      date: Thu, 26 May 2022 07:29:39 GMT
      mise-correlation-id: 0418092f-a83c-4408-ad92-31fe3b4bb875
      strict-transport-security: max-age=2592000
      traceresponse: 00-41401f41e577ce4e9845d538b0bb9a68-d41a5874838ac948-01
    status:
      code: 200
      message: OK
    url: https://dttestdigitaltwinsname.api.wcus.digitaltwins.azure.net/models?includeModelDefinition=false&api-version=2022-05-31
- request:
    body: null
    headers:
      Accept:
      - application/json
      User-Agent:
      - azsdk-python-digitaltwins-core/1.2.0 Python/3.10.4 (Windows-10-10.0.22000-SP0)
    method: GET
    uri: https://dttestdigitaltwinsname.api.wcus.digitaltwins.azure.net/digitaltwins/DTRelationshipTestsRoomTwin/relationships?api-version=2022-05-31
  response:
    body:
      string: '{"nextLink":null,"value":[]}'
    headers:
      content-length: '28'
      content-type: application/json; charset=utf-8
      date: Thu, 26 May 2022 07:29:39 GMT
      strict-transport-security: max-age=2592000
      traceresponse: 00-a7c523cfa6601a4aa8d6705b74c6a6d7-8edb64a051732f47-01
    status:
      code: 200
      message: OK
    url: https://dttestdigitaltwinsname.api.wcus.digitaltwins.azure.net/digitaltwins/DTRelationshipTestsRoomTwin/relationships?api-version=2022-05-31
- request:
    body: null
    headers:
      Accept:
      - application/json
      User-Agent:
      - azsdk-python-digitaltwins-core/1.2.0 Python/3.10.4 (Windows-10-10.0.22000-SP0)
    method: GET
    uri: https://dttestdigitaltwinsname.api.wcus.digitaltwins.azure.net/digitaltwins/DTRelationshipTestsFloorTwin/relationships?api-version=2022-05-31
  response:
    body:
      string: '{"nextLink":null,"value":[]}'
    headers:
      content-length: '28'
      content-type: application/json; charset=utf-8
      date: Thu, 26 May 2022 07:29:39 GMT
      strict-transport-security: max-age=2592000
      traceresponse: 00-72f889ff59fd8544b5ab2510ae2430de-2878aedd2831064a-01
    status:
      code: 200
      message: OK
    url: https://dttestdigitaltwinsname.api.wcus.digitaltwins.azure.net/digitaltwins/DTRelationshipTestsFloorTwin/relationships?api-version=2022-05-31
- request:
    body: null
    headers:
      Accept:
      - application/json
      User-Agent:
      - azsdk-python-digitaltwins-core/1.2.0 Python/3.10.4 (Windows-10-10.0.22000-SP0)
    method: GET
    uri: https://dttestdigitaltwinsname.api.wcus.digitaltwins.azure.net/digitaltwins/DTRelationshipTestsBuildingTwin/relationships?api-version=2022-05-31
  response:
    body:
      string: '{"nextLink":null,"value":[{"$relationshipId":"BuildingHasFloor","$etag":"W/\"c6145cb4-5cbc-43af-92f5-05b22063a19c\"","$sourceId":"DTRelationshipTestsBuildingTwin","$relationshipName":"has","$targetId":"DTRelationshipTestsFloorTwin","isAccessRestricted":true}]}'
    headers:
      content-length: '260'
      content-type: application/json; charset=utf-8
      date: Thu, 26 May 2022 07:29:39 GMT
      strict-transport-security: max-age=2592000
      traceresponse: 00-812df4549b90ec4ca2ae1f451f5141a1-68923c38e09ca648-01
    status:
      code: 200
      message: OK
    url: https://dttestdigitaltwinsname.api.wcus.digitaltwins.azure.net/digitaltwins/DTRelationshipTestsBuildingTwin/relationships?api-version=2022-05-31
- request:
    body: null
    headers:
      Accept:
      - application/json
      User-Agent:
      - azsdk-python-digitaltwins-core/1.2.0 Python/3.10.4 (Windows-10-10.0.22000-SP0)
    method: DELETE
    uri: https://dttestdigitaltwinsname.api.wcus.digitaltwins.azure.net/digitaltwins/DTRelationshipTestsBuildingTwin/relationships/BuildingHasFloor?api-version=2022-05-31
  response:
    body:
      string: ''
    headers:
      content-length: '0'
      date: Thu, 26 May 2022 07:29:39 GMT
      strict-transport-security: max-age=2592000
      traceresponse: 00-2e997789cf863943a0bb3b0e4d32f78b-e712c2ec7a2aa642-01
    status:
      code: 204
      message: No Content
    url: https://dttestdigitaltwinsname.api.wcus.digitaltwins.azure.net/digitaltwins/DTRelationshipTestsBuildingTwin/relationships/BuildingHasFloor?api-version=2022-05-31
- request:
    body: null
    headers:
      Accept:
      - application/json
      User-Agent:
      - azsdk-python-digitaltwins-core/1.2.0 Python/3.10.4 (Windows-10-10.0.22000-SP0)
    method: DELETE
    uri: https://dttestdigitaltwinsname.api.wcus.digitaltwins.azure.net/digitaltwins/DTRelationshipTestsRoomTwin?api-version=2022-05-31
  response:
    body:
      string: ''
    headers:
      content-length: '0'
      date: Thu, 26 May 2022 07:29:39 GMT
      strict-transport-security: max-age=2592000
      traceresponse: 00-de540292e72748498952410f65abaf87-fcb451145a81064c-01
    status:
      code: 204
      message: No Content
    url: https://dttestdigitaltwinsname.api.wcus.digitaltwins.azure.net/digitaltwins/DTRelationshipTestsRoomTwin?api-version=2022-05-31
- request:
    body: null
    headers:
      Accept:
      - application/json
      User-Agent:
      - azsdk-python-digitaltwins-core/1.2.0 Python/3.10.4 (Windows-10-10.0.22000-SP0)
    method: DELETE
    uri: https://dttestdigitaltwinsname.api.wcus.digitaltwins.azure.net/digitaltwins/DTRelationshipTestsFloorTwin?api-version=2022-05-31
  response:
    body:
      string: ''
    headers:
      content-length: '0'
      date: Thu, 26 May 2022 07:29:39 GMT
      strict-transport-security: max-age=2592000
      traceresponse: 00-d033417f3001f0409ea3d60db4e44c01-7ac5c2b255b5fb4b-01
    status:
      code: 204
      message: No Content
    url: https://dttestdigitaltwinsname.api.wcus.digitaltwins.azure.net/digitaltwins/DTRelationshipTestsFloorTwin?api-version=2022-05-31
- request:
    body: null
    headers:
      Accept:
      - application/json
      User-Agent:
      - azsdk-python-digitaltwins-core/1.2.0 Python/3.10.4 (Windows-10-10.0.22000-SP0)
    method: DELETE
    uri: https://dttestdigitaltwinsname.api.wcus.digitaltwins.azure.net/digitaltwins/DTRelationshipTestsBuildingTwin?api-version=2022-05-31
  response:
    body:
      string: ''
    headers:
      content-length: '0'
      date: Thu, 26 May 2022 07:29:39 GMT
      strict-transport-security: max-age=2592000
      traceresponse: 00-f3b6417c12a28c4f8c55d3da3fa50664-aabe48e6d7f37f41-01
    status:
      code: 204
      message: No Content
    url: https://dttestdigitaltwinsname.api.wcus.digitaltwins.azure.net/digitaltwins/DTRelationshipTestsBuildingTwin?api-version=2022-05-31
- request:
    body: '[{"@id": "dtmi:samples:RelationshipTestBuilding;1", "@type": "Interface",
      "@context": "dtmi:dtdl:context;2", "displayName": "Building", "contents": [{"@type":
      "Relationship", "name": "has", "target": "dtmi:samples:RelationshipTestFloor;1",
      "properties": [{"@type": "Property", "name": "isAccessRestricted", "schema":
      "boolean"}]}, {"@type": "Property", "name": "AverageTemperature", "schema":
      "double"}]}, {"@id": "dtmi:samples:RelationshipTestFloor;1", "@type": "Interface",
      "@context": "dtmi:dtdl:context;2", "displayName": "Floor", "contents": [{"@type":
      "Relationship", "name": "contains", "target": "dtmi:samples:RelationshipTestRoom;1"},
      {"@type": "Property", "name": "AverageTemperature", "schema": "double"}]}, {"@id":
      "dtmi:samples:RelationshipTestRoom;1", "@type": "Interface", "@context": "dtmi:dtdl:context;2",
      "displayName": "Room", "contents": [{"@type": "Property", "name": "Temperature",
      "schema": "double"}, {"@type": "Property", "name": "IsOccupied", "schema": "boolean"}]}]'
    headers:
      Accept:
      - application/json
      Content-Length:
      - '992'
      Content-Type:
      - application/json
      User-Agent:
      - azsdk-python-digitaltwins-core/1.2.0 Python/3.10.4 (Windows-10-10.0.22000-SP0)
    method: POST
    uri: https://dttestdigitaltwinsname.api.wcus.digitaltwins.azure.net/models?api-version=2022-05-31
  response:
    body:
      string: '[{"id":"dtmi:samples:RelationshipTestBuilding;1","description":{},"displayName":{"en-US":"Building"},"decommissioned":false,"uploadTime":"2022-05-26T07:29:40.6050355+00:00"},{"id":"dtmi:samples:RelationshipTestFloor;1","description":{},"displayName":{"en-US":"Floor"},"decommissioned":false,"uploadTime":"2022-05-26T07:29:40.6050577+00:00"},{"id":"dtmi:samples:RelationshipTestRoom;1","description":{},"displayName":{"en-US":"Room"},"decommissioned":false,"uploadTime":"2022-05-26T07:29:40.60507+00:00"}]'
    headers:
      content-length: '504'
      content-type: application/json; charset=utf-8
      date: Thu, 26 May 2022 07:29:39 GMT
      mise-correlation-id: 1874af97-86d9-4499-b598-a24d917d5ea2
      strict-transport-security: max-age=2592000
      traceresponse: 00-b96b531730207c45ab189769b68f45bc-6d0bcb82e73a024b-01
    status:
      code: 201
      message: Created
    url: https://dttestdigitaltwinsname.api.wcus.digitaltwins.azure.net/models?api-version=2022-05-31
- request:
    body: '{"$metadata": {"$model": "dtmi:samples:RelationshipTestBuilding;1"}, "AverageTemperature":
      68}'
    headers:
      Accept:
      - application/json
      Content-Length:
      - '94'
      Content-Type:
      - application/json
      User-Agent:
      - azsdk-python-digitaltwins-core/1.2.0 Python/3.10.4 (Windows-10-10.0.22000-SP0)
    method: PUT
    uri: https://dttestdigitaltwinsname.api.wcus.digitaltwins.azure.net/digitaltwins/DTRelationshipTestsBuildingTwin?api-version=2022-05-31
  response:
    body:
      string: '{"$dtId":"DTRelationshipTestsBuildingTwin","$etag":"W/\"a95ea6eb-5012-47a6-9f4c-93df9d815f69\"","AverageTemperature":68,"$metadata":{"$model":"dtmi:samples:RelationshipTestBuilding;1","$lastUpdateTime":"2022-05-26T07:29:40.6701490Z","AverageTemperature":{"lastUpdateTime":"2022-05-26T07:29:40.6701490Z"}}}'
    headers:
      content-length: '305'
      content-type: application/json; charset=utf-8
      date: Thu, 26 May 2022 07:29:40 GMT
      etag: W/"a95ea6eb-5012-47a6-9f4c-93df9d815f69"
      strict-transport-security: max-age=2592000
      traceresponse: 00-44ff77c691ac9d4fa8533e4eb878926f-64f0c5bcf460404f-01
    status:
      code: 200
      message: OK
    url: https://dttestdigitaltwinsname.api.wcus.digitaltwins.azure.net/digitaltwins/DTRelationshipTestsBuildingTwin?api-version=2022-05-31
- request:
    body: '{"$metadata": {"$model": "dtmi:samples:RelationshipTestFloor;1"}, "AverageTemperature":
      75}'
    headers:
      Accept:
      - application/json
      Content-Length:
      - '91'
      Content-Type:
      - application/json
      User-Agent:
      - azsdk-python-digitaltwins-core/1.2.0 Python/3.10.4 (Windows-10-10.0.22000-SP0)
    method: PUT
    uri: https://dttestdigitaltwinsname.api.wcus.digitaltwins.azure.net/digitaltwins/DTRelationshipTestsFloorTwin?api-version=2022-05-31
  response:
    body:
      string: '{"$dtId":"DTRelationshipTestsFloorTwin","$etag":"W/\"c9118bca-9b29-4b2e-a97e-39dba0f5cbf9\"","AverageTemperature":75,"$metadata":{"$model":"dtmi:samples:RelationshipTestFloor;1","$lastUpdateTime":"2022-05-26T07:29:40.7262267Z","AverageTemperature":{"lastUpdateTime":"2022-05-26T07:29:40.7262267Z"}}}'
    headers:
      content-length: '299'
      content-type: application/json; charset=utf-8
      date: Thu, 26 May 2022 07:29:40 GMT
      etag: W/"c9118bca-9b29-4b2e-a97e-39dba0f5cbf9"
      strict-transport-security: max-age=2592000
      traceresponse: 00-701dbc0af3ab1e4ebe54aa270bb1afd5-66b892e2856ea241-01
    status:
      code: 200
      message: OK
    url: https://dttestdigitaltwinsname.api.wcus.digitaltwins.azure.net/digitaltwins/DTRelationshipTestsFloorTwin?api-version=2022-05-31
- request:
    body: '{"$metadata": {"$model": "dtmi:samples:RelationshipTestRoom;1"}, "Temperature":
      80, "IsOccupied": true}'
    headers:
      Accept:
      - application/json
      Content-Length:
      - '103'
      Content-Type:
      - application/json
      User-Agent:
      - azsdk-python-digitaltwins-core/1.2.0 Python/3.10.4 (Windows-10-10.0.22000-SP0)
    method: PUT
    uri: https://dttestdigitaltwinsname.api.wcus.digitaltwins.azure.net/digitaltwins/DTRelationshipTestsRoomTwin?api-version=2022-05-31
  response:
    body:
      string: '{"$dtId":"DTRelationshipTestsRoomTwin","$etag":"W/\"2c8c1eb4-05c4-4f43-8b60-551634026c93\"","Temperature":80,"IsOccupied":true,"$metadata":{"$model":"dtmi:samples:RelationshipTestRoom;1","$lastUpdateTime":"2022-05-26T07:29:40.7860730Z","Temperature":{"lastUpdateTime":"2022-05-26T07:29:40.7860730Z"},"IsOccupied":{"lastUpdateTime":"2022-05-26T07:29:40.7860730Z"}}}'
    headers:
      content-length: '364'
      content-type: application/json; charset=utf-8
      date: Thu, 26 May 2022 07:29:40 GMT
      etag: W/"2c8c1eb4-05c4-4f43-8b60-551634026c93"
      strict-transport-security: max-age=2592000
      traceresponse: 00-8e9f4f130deb8145a7baf925d14c61bb-d1b57806fa2f7b40-01
    status:
      code: 200
      message: OK
    url: https://dttestdigitaltwinsname.api.wcus.digitaltwins.azure.net/digitaltwins/DTRelationshipTestsRoomTwin?api-version=2022-05-31
- request:
    body: '{"$relationshipId": "BuildingHasFloor", "$sourceId": "DTRelationshipTestsBuildingTwin",
      "$relationshipName": "has", "$targetId": "DTRelationshipTestsFloorTwin", "isAccessRestricted":
      false}'
    headers:
      Accept:
      - application/json
      Content-Length:
      - '189'
      Content-Type:
      - application/json
      User-Agent:
      - azsdk-python-digitaltwins-core/1.2.0 Python/3.10.4 (Windows-10-10.0.22000-SP0)
    method: PUT
    uri: https://dttestdigitaltwinsname.api.wcus.digitaltwins.azure.net/digitaltwins/DTRelationshipTestsBuildingTwin/relationships/BuildingHasFloor?api-version=2022-05-31
  response:
    body:
      string: '{"$relationshipId":"BuildingHasFloor","$etag":"W/\"2f6869d9-4cd5-4569-8c1e-ff098551dc52\"","$sourceId":"DTRelationshipTestsBuildingTwin","$relationshipName":"has","$targetId":"DTRelationshipTestsFloorTwin","isAccessRestricted":false}'
    headers:
      content-length: '233'
      content-type: application/json; charset=utf-8
      date: Thu, 26 May 2022 07:29:40 GMT
      etag: W/"2f6869d9-4cd5-4569-8c1e-ff098551dc52"
      strict-transport-security: max-age=2592000
      traceresponse: 00-f71af75598245d4ea429ba7faa45371d-1e2f0bcdb07bac41-01
    status:
      code: 200
      message: OK
    url: https://dttestdigitaltwinsname.api.wcus.digitaltwins.azure.net/digitaltwins/DTRelationshipTestsBuildingTwin/relationships/BuildingHasFloor?api-version=2022-05-31
- request:
    body: '[{"op": "replace", "path": "/isAccessRestricted", "value": true}]'
    headers:
      Accept:
      - application/json
      Content-Length:
      - '65'
      Content-Type:
      - application/json-patch+json
      If-Match:
      - '*'
      User-Agent:
      - azsdk-python-digitaltwins-core/1.2.0 Python/3.10.4 (Windows-10-10.0.22000-SP0)
    method: PATCH
    uri: https://dttestdigitaltwinsname.api.wcus.digitaltwins.azure.net/digitaltwins/DTRelationshipTestsBuildingTwin/relationships/BuildingHasFloor?api-version=2022-05-31
  response:
    body:
      string: ''
    headers:
      content-length: '0'
      date: Thu, 26 May 2022 07:29:40 GMT
      etag: W/"ced341e2-18c4-43e7-8a93-f43956aebd5f"
      strict-transport-security: max-age=2592000
      traceresponse: 00-61cd45fb759f1c49b65c424b5ee04aae-364720cd2b2a4844-01
    status:
      code: 204
      message: No Content
    url: https://dttestdigitaltwinsname.api.wcus.digitaltwins.azure.net/digitaltwins/DTRelationshipTestsBuildingTwin/relationships/BuildingHasFloor?api-version=2022-05-31
- request:
    body: null
    headers:
      Accept:
      - application/json
      User-Agent:
      - azsdk-python-digitaltwins-core/1.2.0 Python/3.10.4 (Windows-10-10.0.22000-SP0)
    method: GET
    uri: https://dttestdigitaltwinsname.api.wcus.digitaltwins.azure.net/digitaltwins/DTRelationshipTestsBuildingTwin/relationships/BuildingHasFloor?api-version=2022-05-31
  response:
    body:
      string: '{"$relationshipId":"BuildingHasFloor","$etag":"W/\"ced341e2-18c4-43e7-8a93-f43956aebd5f\"","$sourceId":"DTRelationshipTestsBuildingTwin","$relationshipName":"has","$targetId":"DTRelationshipTestsFloorTwin","isAccessRestricted":true}'
    headers:
      content-length: '232'
      content-type: application/json; charset=utf-8
      date: Thu, 26 May 2022 07:29:40 GMT
      etag: W/"ced341e2-18c4-43e7-8a93-f43956aebd5f"
      strict-transport-security: max-age=2592000
      traceresponse: 00-3ed55055c282234ab4a1e271d80901da-c4e42597e4f94f40-01
    status:
      code: 200
      message: OK
    url: https://dttestdigitaltwinsname.api.wcus.digitaltwins.azure.net/digitaltwins/DTRelationshipTestsBuildingTwin/relationships/BuildingHasFloor?api-version=2022-05-31
version: 1
