interactions:
- request:
    body: null
    headers:
      Accept:
      - application/json
      Accept-Encoding:
      - gzip, deflate
      Connection:
      - keep-alive
      User-Agent:
      - azsdk-python-digitaltwins-core/1.2.0b1 Python/3.9.1 (Windows-10-10.0.22000-SP0)
    method: GET
    uri: https://dttestdigitaltwinsname.api.wus2.digitaltwins.azure.net/models?includeModelDefinition=false&api-version=2021-06-30-preview
  response:
    body:
      string: '{"value":[{"id":"dtmi:samples:RelationshipTestBuilding;1","description":{},"displayName":{"en":"Building"},"decommissioned":false,"uploadTime":"2022-03-28T15:06:31.8435447+00:00"},{"id":"dtmi:samples:RelationshipTestFloor;1","description":{},"displayName":{"en":"Floor"},"decommissioned":false,"uploadTime":"2022-03-28T15:06:31.843567+00:00"},{"id":"dtmi:samples:RelationshipTestRoom;1","description":{},"displayName":{"en":"Room"},"decommissioned":false,"uploadTime":"2022-03-28T15:06:31.8435838+00:00"}],"nextLink":null}'
    headers:
      content-length:
      - '522'
      content-type:
      - application/json; charset=utf-8
      date:
      - Mon, 28 Mar 2022 15:06:32 GMT
      strict-transport-security:
      - max-age=2592000
      traceresponse:
      - 00-3d8cfa72eb42334aae848e1f7a02116c-d6394b522c22074a-01
    status:
      code: 200
      message: OK
- request:
    body: null
    headers:
      Accept:
      - application/json
      Accept-Encoding:
      - gzip, deflate
      Connection:
      - keep-alive
      Content-Length:
      - '0'
      User-Agent:
      - azsdk-python-digitaltwins-core/1.2.0b1 Python/3.9.1 (Windows-10-10.0.22000-SP0)
    method: DELETE
    uri: https://dttestdigitaltwinsname.api.wus2.digitaltwins.azure.net/models/dtmi%3Asamples%3ARelationshipTestBuilding%3B1?api-version=2021-06-30-preview
  response:
    body:
      string: ''
    headers:
      content-length:
      - '0'
      date:
      - Mon, 28 Mar 2022 15:06:32 GMT
      strict-transport-security:
      - max-age=2592000
      traceresponse:
      - 00-4fde2dba8340db428eb861cf1ae38a60-99036cfe3ee8ea44-01
    status:
      code: 204
      message: No Content
- request:
    body: null
    headers:
      Accept:
      - application/json
      Accept-Encoding:
      - gzip, deflate
      Connection:
      - keep-alive
      Content-Length:
      - '0'
      User-Agent:
      - azsdk-python-digitaltwins-core/1.2.0b1 Python/3.9.1 (Windows-10-10.0.22000-SP0)
    method: DELETE
    uri: https://dttestdigitaltwinsname.api.wus2.digitaltwins.azure.net/models/dtmi%3Asamples%3ARelationshipTestFloor%3B1?api-version=2021-06-30-preview
  response:
    body:
      string: ''
    headers:
      content-length:
      - '0'
      date:
      - Mon, 28 Mar 2022 15:06:33 GMT
      strict-transport-security:
      - max-age=2592000
      traceresponse:
      - 00-9950b1046109fc45964567bdb635d9ed-ce21f6c1c5456445-01
    status:
      code: 204
      message: No Content
- request:
    body: null
    headers:
      Accept:
      - application/json
      Accept-Encoding:
      - gzip, deflate
      Connection:
      - keep-alive
      Content-Length:
      - '0'
      User-Agent:
      - azsdk-python-digitaltwins-core/1.2.0b1 Python/3.9.1 (Windows-10-10.0.22000-SP0)
    method: DELETE
    uri: https://dttestdigitaltwinsname.api.wus2.digitaltwins.azure.net/models/dtmi%3Asamples%3ARelationshipTestRoom%3B1?api-version=2021-06-30-preview
  response:
    body:
      string: ''
    headers:
      content-length:
      - '0'
      date:
      - Mon, 28 Mar 2022 15:06:33 GMT
      strict-transport-security:
      - max-age=2592000
      traceresponse:
      - 00-31cd90b5a294074eaa94e148f3b2b490-a0deac8fde5dd942-01
    status:
      code: 204
      message: No Content
- request:
    body: null
    headers:
      Accept:
      - application/json
      Accept-Encoding:
      - gzip, deflate
      Connection:
      - keep-alive
      User-Agent:
      - azsdk-python-digitaltwins-core/1.2.0b1 Python/3.9.1 (Windows-10-10.0.22000-SP0)
    method: GET
    uri: https://dttestdigitaltwinsname.api.wus2.digitaltwins.azure.net/models?includeModelDefinition=false&api-version=2021-06-30-preview
  response:
    body:
      string: '{"value":[],"nextLink":null}'
    headers:
      content-length:
      - '28'
      content-type:
      - application/json; charset=utf-8
      date:
      - Mon, 28 Mar 2022 15:06:33 GMT
      strict-transport-security:
      - max-age=2592000
      traceresponse:
      - 00-58cfb2ca74ec714d881c037b3b9cb480-f7fe510a0f18a849-01
    status:
      code: 200
      message: OK
- request:
    body: null
    headers:
      Accept:
      - application/json
      Accept-Encoding:
      - gzip, deflate
      Connection:
      - keep-alive
      User-Agent:
      - azsdk-python-digitaltwins-core/1.2.0b1 Python/3.9.1 (Windows-10-10.0.22000-SP0)
    method: GET
    uri: https://dttestdigitaltwinsname.api.wus2.digitaltwins.azure.net/digitaltwins/DTRelationshipTestsRoomTwin/relationships?api-version=2021-06-30-preview
  response:
    body:
      string: '{"nextLink":null,"value":[]}'
    headers:
      content-length:
      - '28'
      content-type:
      - application/json; charset=utf-8
      date:
      - Mon, 28 Mar 2022 15:06:33 GMT
      strict-transport-security:
      - max-age=2592000
      traceresponse:
      - 00-c5c01628759310499505fccc4871e9bd-d2034b85106b9c4d-01
    status:
      code: 200
      message: OK
- request:
    body: null
    headers:
      Accept:
      - application/json
      Accept-Encoding:
      - gzip, deflate
      Connection:
      - keep-alive
      User-Agent:
      - azsdk-python-digitaltwins-core/1.2.0b1 Python/3.9.1 (Windows-10-10.0.22000-SP0)
    method: GET
    uri: https://dttestdigitaltwinsname.api.wus2.digitaltwins.azure.net/digitaltwins/DTRelationshipTestsFloorTwin/relationships?api-version=2021-06-30-preview
  response:
    body:
      string: '{"nextLink":null,"value":[]}'
    headers:
      content-length:
      - '28'
      content-type:
      - application/json; charset=utf-8
      date:
      - Mon, 28 Mar 2022 15:06:33 GMT
      strict-transport-security:
      - max-age=2592000
      traceresponse:
      - 00-5eb5fb9759ff5649a67c43669ac846d0-fd1f923f02a0354a-01
    status:
      code: 200
      message: OK
- request:
    body: null
    headers:
      Accept:
      - application/json
      Accept-Encoding:
      - gzip, deflate
      Connection:
      - keep-alive
      User-Agent:
      - azsdk-python-digitaltwins-core/1.2.0b1 Python/3.9.1 (Windows-10-10.0.22000-SP0)
    method: GET
    uri: https://dttestdigitaltwinsname.api.wus2.digitaltwins.azure.net/digitaltwins/DTRelationshipTestsBuildingTwin/relationships?api-version=2021-06-30-preview
  response:
    body:
      string: '{"nextLink":null,"value":[{"$relationshipId":"BuildingHasFloor","$etag":"W/\"3560b773-f0eb-4aff-b3f3-09edd2446d6d\"","$sourceId":"DTRelationshipTestsBuildingTwin","$relationshipName":"has","$targetId":"DTRelationshipTestsFloorTwin"}]}'
    headers:
      content-length:
      - '234'
      content-type:
      - application/json; charset=utf-8
      date:
      - Mon, 28 Mar 2022 15:06:33 GMT
      strict-transport-security:
      - max-age=2592000
      traceresponse:
      - 00-7f82df774a75fd4fb62e9461b9956210-acfa0f86c815b84a-01
    status:
      code: 200
      message: OK
- request:
    body: null
    headers:
      Accept:
      - application/json
      Accept-Encoding:
      - gzip, deflate
      Connection:
      - keep-alive
      Content-Length:
      - '0'
      User-Agent:
      - azsdk-python-digitaltwins-core/1.2.0b1 Python/3.9.1 (Windows-10-10.0.22000-SP0)
    method: DELETE
    uri: https://dttestdigitaltwinsname.api.wus2.digitaltwins.azure.net/digitaltwins/DTRelationshipTestsBuildingTwin/relationships/BuildingHasFloor?api-version=2021-06-30-preview
  response:
    body:
      string: ''
    headers:
      content-length:
      - '0'
      date:
      - Mon, 28 Mar 2022 15:06:33 GMT
      strict-transport-security:
      - max-age=2592000
      traceresponse:
      - 00-4f4093fcdeee0540b8cf7f7e0dbe6128-4242d52da3bd3d42-01
    status:
      code: 204
      message: No Content
- request:
    body: null
    headers:
      Accept:
      - application/json
      Accept-Encoding:
      - gzip, deflate
      Connection:
      - keep-alive
      Content-Length:
      - '0'
      User-Agent:
      - azsdk-python-digitaltwins-core/1.2.0b1 Python/3.9.1 (Windows-10-10.0.22000-SP0)
    method: DELETE
    uri: https://dttestdigitaltwinsname.api.wus2.digitaltwins.azure.net/digitaltwins/DTRelationshipTestsRoomTwin?api-version=2021-06-30-preview
  response:
    body:
      string: ''
    headers:
      content-length:
      - '0'
      date:
      - Mon, 28 Mar 2022 15:06:33 GMT
      strict-transport-security:
      - max-age=2592000
      traceresponse:
      - 00-9ed38cb3f08b424fa67fc6dcc22f888b-370dfad8f9385740-01
    status:
      code: 204
      message: No Content
- request:
    body: null
    headers:
      Accept:
      - application/json
      Accept-Encoding:
      - gzip, deflate
      Connection:
      - keep-alive
      Content-Length:
      - '0'
      User-Agent:
      - azsdk-python-digitaltwins-core/1.2.0b1 Python/3.9.1 (Windows-10-10.0.22000-SP0)
    method: DELETE
    uri: https://dttestdigitaltwinsname.api.wus2.digitaltwins.azure.net/digitaltwins/DTRelationshipTestsFloorTwin?api-version=2021-06-30-preview
  response:
    body:
      string: ''
    headers:
      content-length:
      - '0'
      date:
      - Mon, 28 Mar 2022 15:06:33 GMT
      strict-transport-security:
      - max-age=2592000
      traceresponse:
      - 00-4f1e31833345294e867cbc6b6254515d-f08af8785655764a-01
    status:
      code: 204
      message: No Content
- request:
    body: null
    headers:
      Accept:
      - application/json
      Accept-Encoding:
      - gzip, deflate
      Connection:
      - keep-alive
      Content-Length:
      - '0'
      User-Agent:
      - azsdk-python-digitaltwins-core/1.2.0b1 Python/3.9.1 (Windows-10-10.0.22000-SP0)
    method: DELETE
    uri: https://dttestdigitaltwinsname.api.wus2.digitaltwins.azure.net/digitaltwins/DTRelationshipTestsBuildingTwin?api-version=2021-06-30-preview
  response:
    body:
      string: ''
    headers:
      content-length:
      - '0'
      date:
      - Mon, 28 Mar 2022 15:06:34 GMT
      strict-transport-security:
      - max-age=2592000
      traceresponse:
      - 00-662e2d605ef3e841b8d1a733914ca1bb-63a0699dd23aae45-01
    status:
      code: 204
      message: No Content
- request:
    body: '[{"@id": "dtmi:samples:RelationshipTestBuilding;1", "@type": "Interface",
      "@context": "dtmi:dtdl:context;2", "displayName": "Building", "contents": [{"@type":
      "Relationship", "name": "has", "target": "dtmi:samples:RelationshipTestFloor;1",
      "properties": [{"@type": "Property", "name": "isAccessRestricted", "schema":
      "boolean"}]}, {"@type": "Property", "name": "AverageTemperature", "schema":
      "double"}]}, {"@id": "dtmi:samples:RelationshipTestFloor;1", "@type": "Interface",
      "@context": "dtmi:dtdl:context;2", "displayName": "Floor", "contents": [{"@type":
      "Relationship", "name": "contains", "target": "dtmi:samples:RelationshipTestRoom;1"},
      {"@type": "Property", "name": "AverageTemperature", "schema": "double"}]}, {"@id":
      "dtmi:samples:RelationshipTestRoom;1", "@type": "Interface", "@context": "dtmi:dtdl:context;2",
      "displayName": "Room", "contents": [{"@type": "Property", "name": "Temperature",
      "schema": "double"}, {"@type": "Property", "name": "IsOccupied", "schema": "boolean"}]}]'
    headers:
      Accept:
      - application/json
      Accept-Encoding:
      - gzip, deflate
      Connection:
      - keep-alive
      Content-Length:
      - '992'
      Content-Type:
      - application/json
      User-Agent:
      - azsdk-python-digitaltwins-core/1.2.0b1 Python/3.9.1 (Windows-10-10.0.22000-SP0)
    method: POST
    uri: https://dttestdigitaltwinsname.api.wus2.digitaltwins.azure.net/models?api-version=2021-06-30-preview
  response:
    body:
      string: '[{"id":"dtmi:samples:RelationshipTestBuilding;1","description":{},"displayName":{"en":"Building"},"decommissioned":false,"uploadTime":"2022-03-28T15:06:34.776238+00:00"},{"id":"dtmi:samples:RelationshipTestFloor;1","description":{},"displayName":{"en":"Floor"},"decommissioned":false,"uploadTime":"2022-03-28T15:06:34.7762629+00:00"},{"id":"dtmi:samples:RelationshipTestRoom;1","description":{},"displayName":{"en":"Room"},"decommissioned":false,"uploadTime":"2022-03-28T15:06:34.7762805+00:00"}]'
    headers:
      content-length:
      - '496'
      content-type:
      - application/json; charset=utf-8
      date:
      - Mon, 28 Mar 2022 15:06:34 GMT
      strict-transport-security:
      - max-age=2592000
      traceresponse:
      - 00-ca4cffadd4a54c40a496946a6dd1b7e9-42119baf1c05fd48-01
    status:
      code: 201
      message: Created
- request:
    body: '{"$metadata": {"$model": "dtmi:samples:RelationshipTestBuilding;1"}, "AverageTemperature":
      68}'
    headers:
      Accept:
      - application/json
      Accept-Encoding:
      - gzip, deflate
      Connection:
      - keep-alive
      Content-Length:
      - '94'
      Content-Type:
      - application/json
      User-Agent:
      - azsdk-python-digitaltwins-core/1.2.0b1 Python/3.9.1 (Windows-10-10.0.22000-SP0)
    method: PUT
    uri: https://dttestdigitaltwinsname.api.wus2.digitaltwins.azure.net/digitaltwins/DTRelationshipTestsBuildingTwin?api-version=2021-06-30-preview
  response:
    body:
      string: '{"$dtId":"DTRelationshipTestsBuildingTwin","$etag":"W/\"b5ead0fc-7302-4caf-aa18-facc8055df0e\"","AverageTemperature":68,"$metadata":{"$model":"dtmi:samples:RelationshipTestBuilding;1","AverageTemperature":{"lastUpdateTime":"2022-03-28T15:06:34.9107789Z"}}}'
    headers:
      content-length:
      - '256'
      content-type:
      - application/json; charset=utf-8
      date:
      - Mon, 28 Mar 2022 15:06:34 GMT
      etag:
      - W/"b5ead0fc-7302-4caf-aa18-facc8055df0e"
      strict-transport-security:
      - max-age=2592000
      traceresponse:
      - 00-7274f355c1733d40a9cfbf91c291b6be-6b50f2f1384fe140-01
    status:
      code: 200
      message: OK
- request:
    body: '{"$metadata": {"$model": "dtmi:samples:RelationshipTestFloor;1"}, "AverageTemperature":
      75}'
    headers:
      Accept:
      - application/json
      Accept-Encoding:
      - gzip, deflate
      Connection:
      - keep-alive
      Content-Length:
      - '91'
      Content-Type:
      - application/json
      User-Agent:
      - azsdk-python-digitaltwins-core/1.2.0b1 Python/3.9.1 (Windows-10-10.0.22000-SP0)
    method: PUT
    uri: https://dttestdigitaltwinsname.api.wus2.digitaltwins.azure.net/digitaltwins/DTRelationshipTestsFloorTwin?api-version=2021-06-30-preview
  response:
    body:
      string: '{"$dtId":"DTRelationshipTestsFloorTwin","$etag":"W/\"6903fd7e-fcbf-4310-b029-d3f6f0e94354\"","AverageTemperature":75,"$metadata":{"$model":"dtmi:samples:RelationshipTestFloor;1","AverageTemperature":{"lastUpdateTime":"2022-03-28T15:06:35.0202185Z"}}}'
    headers:
      content-length:
      - '250'
      content-type:
      - application/json; charset=utf-8
      date:
      - Mon, 28 Mar 2022 15:06:34 GMT
      etag:
      - W/"6903fd7e-fcbf-4310-b029-d3f6f0e94354"
      strict-transport-security:
      - max-age=2592000
      traceresponse:
      - 00-e22a1794c9053841882c37b427942f9f-fbad910162049041-01
    status:
      code: 200
      message: OK
- request:
    body: '{"$metadata": {"$model": "dtmi:samples:RelationshipTestRoom;1"}, "Temperature":
      80, "IsOccupied": true}'
    headers:
      Accept:
      - application/json
      Accept-Encoding:
      - gzip, deflate
      Connection:
      - keep-alive
      Content-Length:
      - '103'
      Content-Type:
      - application/json
      User-Agent:
      - azsdk-python-digitaltwins-core/1.2.0b1 Python/3.9.1 (Windows-10-10.0.22000-SP0)
    method: PUT
    uri: https://dttestdigitaltwinsname.api.wus2.digitaltwins.azure.net/digitaltwins/DTRelationshipTestsRoomTwin?api-version=2021-06-30-preview
  response:
    body:
      string: '{"$dtId":"DTRelationshipTestsRoomTwin","$etag":"W/\"29d851d3-ed59-4294-96a6-e67d43c37185\"","Temperature":80,"IsOccupied":true,"$metadata":{"$model":"dtmi:samples:RelationshipTestRoom;1","Temperature":{"lastUpdateTime":"2022-03-28T15:06:35.1355276Z"},"IsOccupied":{"lastUpdateTime":"2022-03-28T15:06:35.1355276Z"}}}'
    headers:
      content-length:
      - '315'
      content-type:
      - application/json; charset=utf-8
      date:
      - Mon, 28 Mar 2022 15:06:34 GMT
      etag:
      - W/"29d851d3-ed59-4294-96a6-e67d43c37185"
      strict-transport-security:
      - max-age=2592000
      traceresponse:
      - 00-a8e4a5a709527443a01337208ee8c3e6-d1c55404c3fc9c41-01
    status:
      code: 200
      message: OK
- request:
    body: '{"$relationshipId": "BuildingHasFloor", "$sourceId": "DTRelationshipTestsBuildingTwin",
      "$relationshipName": "has", "$targetId": "DTRelationshipTestsFloorTwin", "isAccessRestricted":
      false}'
    headers:
      Accept:
      - application/json
      Accept-Encoding:
      - gzip, deflate
      Connection:
      - keep-alive
      Content-Length:
      - '189'
      Content-Type:
      - application/json
      User-Agent:
      - azsdk-python-digitaltwins-core/1.2.0b1 Python/3.9.1 (Windows-10-10.0.22000-SP0)
    method: PUT
    uri: https://dttestdigitaltwinsname.api.wus2.digitaltwins.azure.net/digitaltwins/DTRelationshipTestsBuildingTwin/relationships/BuildingHasFloor?api-version=2021-06-30-preview
  response:
    body:
      string: '{"$relationshipId":"BuildingHasFloor","$etag":"W/\"aa105183-2c57-409e-9576-b3f8f5f26b93\"","$sourceId":"DTRelationshipTestsBuildingTwin","$relationshipName":"has","$targetId":"DTRelationshipTestsFloorTwin","isAccessRestricted":false}'
    headers:
      content-length:
      - '233'
      content-type:
      - application/json; charset=utf-8
      date:
      - Mon, 28 Mar 2022 15:06:34 GMT
      etag:
      - W/"aa105183-2c57-409e-9576-b3f8f5f26b93"
      strict-transport-security:
      - max-age=2592000
      traceresponse:
      - 00-e2452c6778f010419315beb9005ea4b9-2cb48aa42870ec46-01
    status:
      code: 200
      message: OK
- request:
    body: '[{"op": "replace", "path": "/isAccessRestricted", "value": true}]'
    headers:
      Accept:
      - application/json
      Accept-Encoding:
      - gzip, deflate
      Connection:
      - keep-alive
      Content-Length:
      - '65'
      Content-Type:
      - application/json-patch+json
      User-Agent:
      - azsdk-python-digitaltwins-core/1.2.0b1 Python/3.9.1 (Windows-10-10.0.22000-SP0)
    method: PATCH
    uri: https://dttestdigitaltwinsname.api.wus2.digitaltwins.azure.net/digitaltwins/DTRelationshipTestsBuildingTwin/relationships/BuildingHasFloor?api-version=2021-06-30-preview
  response:
    body:
      string: ''
    headers:
      content-length:
      - '0'
      date:
      - Mon, 28 Mar 2022 15:06:34 GMT
      etag:
      - W/"6d44306d-ff77-4818-8e3a-30b5b52297b4"
      strict-transport-security:
      - max-age=2592000
      traceresponse:
      - 00-9916c31d39735e40b328554e08d27e6a-4489d530ad24524a-01
    status:
      code: 204
      message: No Content
- request:
    body: null
    headers:
      Accept:
      - application/json
      Accept-Encoding:
      - gzip, deflate
      Connection:
      - keep-alive
      User-Agent:
      - azsdk-python-digitaltwins-core/1.2.0b1 Python/3.9.1 (Windows-10-10.0.22000-SP0)
    method: GET
    uri: https://dttestdigitaltwinsname.api.wus2.digitaltwins.azure.net/digitaltwins/DTRelationshipTestsBuildingTwin/relationships/BuildingHasFloor?api-version=2021-06-30-preview
  response:
    body:
      string: '{"$relationshipId":"BuildingHasFloor","$etag":"W/\"6d44306d-ff77-4818-8e3a-30b5b52297b4\"","$sourceId":"DTRelationshipTestsBuildingTwin","$relationshipName":"has","$targetId":"DTRelationshipTestsFloorTwin","isAccessRestricted":true}'
    headers:
      content-length:
      - '232'
      content-type:
      - application/json; charset=utf-8
      date:
      - Mon, 28 Mar 2022 15:06:34 GMT
      etag:
      - W/"6d44306d-ff77-4818-8e3a-30b5b52297b4"
      strict-transport-security:
      - max-age=2592000
      traceresponse:
      - 00-ee1c13815021ba469db7b1bae3d173b5-375909c796549c45-01
    status:
      code: 200
      message: OK
version: 1
