interactions:
- request:
    body: null
    headers:
      Accept:
      - application/json
      User-Agent:
      - azsdk-python-digitaltwins-core/1.1.0 Python/3.7.4 (Windows-10-10.0.19041-SP0)
    method: GET
    uri: https://dttestdigitaltwinsname.api.wcus.digitaltwins.azure.net/models?includeModelDefinition=false&api-version=2020-10-31
  response:
    body:
      string: '{"value":[{"id":"dtmi:samples:RelationshipTestBuilding;1","description":{},"displayName":{"en":"Building"},"decommissioned":false,"uploadTime":"2020-11-24T21:16:03.0411325+00:00"},{"id":"dtmi:samples:RelationshipTestFloor;1","description":{},"displayName":{"en":"Floor"},"decommissioned":false,"uploadTime":"2020-11-24T21:16:03.0411747+00:00"},{"id":"dtmi:samples:RelationshipTestRoom;1","description":{},"displayName":{"en":"Room"},"decommissioned":false,"uploadTime":"2020-11-24T21:16:03.041192+00:00"}],"nextLink":null}'
    headers:
      content-length: '522'
      content-type: application/json; charset=utf-8
      date: Tue, 24 Nov 2020 21:16:05 GMT
      strict-transport-security: max-age=2592000
    status:
      code: 200
      message: OK
    url: https://dttestdigitaltwinsname.api.wcus.digitaltwins.azure.net/models?includeModelDefinition=false&api-version=2020-10-31
- request:
    body: null
    headers:
      Accept:
      - application/json
      User-Agent:
      - azsdk-python-digitaltwins-core/1.1.0 Python/3.7.4 (Windows-10-10.0.19041-SP0)
    method: DELETE
    uri: https://dttestdigitaltwinsname.api.wcus.digitaltwins.azure.net/models/dtmi:samples:RelationshipTestBuilding;1?api-version=2020-10-31
  response:
    body:
      string: ''
    headers:
      content-length: '0'
      date: Tue, 24 Nov 2020 21:16:06 GMT
      strict-transport-security: max-age=2592000
    status:
      code: 204
      message: No Content
    url: https://dttestdigitaltwinsname.api.wcus.digitaltwins.azure.net/models/dtmi:samples:RelationshipTestBuilding;1?api-version=2020-10-31
- request:
    body: null
    headers:
      Accept:
      - application/json
      User-Agent:
      - azsdk-python-digitaltwins-core/1.1.0 Python/3.7.4 (Windows-10-10.0.19041-SP0)
    method: DELETE
    uri: https://dttestdigitaltwinsname.api.wcus.digitaltwins.azure.net/models/dtmi:samples:RelationshipTestFloor;1?api-version=2020-10-31
  response:
    body:
      string: ''
    headers:
      content-length: '0'
      date: Tue, 24 Nov 2020 21:16:06 GMT
      strict-transport-security: max-age=2592000
    status:
      code: 204
      message: No Content
    url: https://dttestdigitaltwinsname.api.wcus.digitaltwins.azure.net/models/dtmi:samples:RelationshipTestFloor;1?api-version=2020-10-31
- request:
    body: null
    headers:
      Accept:
      - application/json
      User-Agent:
      - azsdk-python-digitaltwins-core/1.1.0 Python/3.7.4 (Windows-10-10.0.19041-SP0)
    method: DELETE
    uri: https://dttestdigitaltwinsname.api.wcus.digitaltwins.azure.net/models/dtmi:samples:RelationshipTestRoom;1?api-version=2020-10-31
  response:
    body:
      string: ''
    headers:
      content-length: '0'
      date: Tue, 24 Nov 2020 21:16:06 GMT
      strict-transport-security: max-age=2592000
    status:
      code: 204
      message: No Content
    url: https://dttestdigitaltwinsname.api.wcus.digitaltwins.azure.net/models/dtmi:samples:RelationshipTestRoom;1?api-version=2020-10-31
- request:
    body: null
    headers:
      Accept:
      - application/json
      User-Agent:
      - azsdk-python-digitaltwins-core/1.1.0 Python/3.7.4 (Windows-10-10.0.19041-SP0)
    method: GET
    uri: https://dttestdigitaltwinsname.api.wcus.digitaltwins.azure.net/models?includeModelDefinition=false&api-version=2020-10-31
  response:
    body:
      string: '{"value":[],"nextLink":null}'
    headers:
      content-length: '28'
      content-type: application/json; charset=utf-8
      date: Tue, 24 Nov 2020 21:16:06 GMT
      strict-transport-security: max-age=2592000
    status:
      code: 200
      message: OK
    url: https://dttestdigitaltwinsname.api.wcus.digitaltwins.azure.net/models?includeModelDefinition=false&api-version=2020-10-31
- request:
    body: null
    headers:
      Accept:
      - application/json
      User-Agent:
      - azsdk-python-digitaltwins-core/1.1.0 Python/3.7.4 (Windows-10-10.0.19041-SP0)
    method: GET
    uri: https://dttestdigitaltwinsname.api.wcus.digitaltwins.azure.net/digitaltwins/DTRelationshipTestsRoomTwin/relationships?api-version=2020-10-31
  response:
    body:
      string: '{"nextLink":null,"value":[]}'
    headers:
      content-length: '28'
      content-type: application/json; charset=utf-8
      date: Tue, 24 Nov 2020 21:16:07 GMT
      strict-transport-security: max-age=2592000
    status:
      code: 200
      message: OK
    url: https://dttestdigitaltwinsname.api.wcus.digitaltwins.azure.net/digitaltwins/DTRelationshipTestsRoomTwin/relationships?api-version=2020-10-31
- request:
    body: null
    headers:
      Accept:
      - application/json
      User-Agent:
      - azsdk-python-digitaltwins-core/1.1.0 Python/3.7.4 (Windows-10-10.0.19041-SP0)
    method: GET
    uri: https://dttestdigitaltwinsname.api.wcus.digitaltwins.azure.net/digitaltwins/DTRelationshipTestsFloorTwin/relationships?api-version=2020-10-31
  response:
    body:
      string: '{"nextLink":null,"value":[]}'
    headers:
      content-length: '28'
      content-type: application/json; charset=utf-8
      date: Tue, 24 Nov 2020 21:16:07 GMT
      strict-transport-security: max-age=2592000
    status:
      code: 200
      message: OK
    url: https://dttestdigitaltwinsname.api.wcus.digitaltwins.azure.net/digitaltwins/DTRelationshipTestsFloorTwin/relationships?api-version=2020-10-31
- request:
    body: null
    headers:
      Accept:
      - application/json
      User-Agent:
      - azsdk-python-digitaltwins-core/1.1.0 Python/3.7.4 (Windows-10-10.0.19041-SP0)
    method: GET
    uri: https://dttestdigitaltwinsname.api.wcus.digitaltwins.azure.net/digitaltwins/DTRelationshipTestsBuildingTwin/relationships?api-version=2020-10-31
  response:
    body:
      string: '{"nextLink":null,"value":[{"$relationshipId":"BuildingHasFloor","$etag":"W/\"0e269b9d-3c06-467f-b0a5-4b203aa42890\"","$sourceId":"DTRelationshipTestsBuildingTwin","$relationshipName":"has","$targetId":"DTRelationshipTestsFloorTwin","isAccessRestricted":true}]}'
    headers:
      content-length: '260'
      content-type: application/json; charset=utf-8
      date: Tue, 24 Nov 2020 21:16:07 GMT
      strict-transport-security: max-age=2592000
    status:
      code: 200
      message: OK
    url: https://dttestdigitaltwinsname.api.wcus.digitaltwins.azure.net/digitaltwins/DTRelationshipTestsBuildingTwin/relationships?api-version=2020-10-31
- request:
    body: null
    headers:
      Accept:
      - application/json
      User-Agent:
      - azsdk-python-digitaltwins-core/1.1.0 Python/3.7.4 (Windows-10-10.0.19041-SP0)
    method: DELETE
    uri: https://dttestdigitaltwinsname.api.wcus.digitaltwins.azure.net/digitaltwins/DTRelationshipTestsBuildingTwin/relationships/BuildingHasFloor?api-version=2020-10-31
  response:
    body:
      string: ''
    headers:
      content-length: '0'
      date: Tue, 24 Nov 2020 21:16:07 GMT
      strict-transport-security: max-age=2592000
    status:
      code: 204
      message: No Content
    url: https://dttestdigitaltwinsname.api.wcus.digitaltwins.azure.net/digitaltwins/DTRelationshipTestsBuildingTwin/relationships/BuildingHasFloor?api-version=2020-10-31
- request:
    body: null
    headers:
      Accept:
      - application/json
      User-Agent:
      - azsdk-python-digitaltwins-core/1.1.0 Python/3.7.4 (Windows-10-10.0.19041-SP0)
    method: DELETE
    uri: https://dttestdigitaltwinsname.api.wcus.digitaltwins.azure.net/digitaltwins/DTRelationshipTestsRoomTwin?api-version=2020-10-31
  response:
    body:
      string: ''
    headers:
      content-length: '0'
      date: Tue, 24 Nov 2020 21:16:08 GMT
      strict-transport-security: max-age=2592000
    status:
      code: 204
      message: No Content
    url: https://dttestdigitaltwinsname.api.wcus.digitaltwins.azure.net/digitaltwins/DTRelationshipTestsRoomTwin?api-version=2020-10-31
- request:
    body: null
    headers:
      Accept:
      - application/json
      User-Agent:
      - azsdk-python-digitaltwins-core/1.1.0 Python/3.7.4 (Windows-10-10.0.19041-SP0)
    method: DELETE
    uri: https://dttestdigitaltwinsname.api.wcus.digitaltwins.azure.net/digitaltwins/DTRelationshipTestsFloorTwin?api-version=2020-10-31
  response:
    body:
      string: ''
    headers:
      content-length: '0'
      date: Tue, 24 Nov 2020 21:16:08 GMT
      strict-transport-security: max-age=2592000
    status:
      code: 204
      message: No Content
    url: https://dttestdigitaltwinsname.api.wcus.digitaltwins.azure.net/digitaltwins/DTRelationshipTestsFloorTwin?api-version=2020-10-31
- request:
    body: null
    headers:
      Accept:
      - application/json
      User-Agent:
      - azsdk-python-digitaltwins-core/1.1.0 Python/3.7.4 (Windows-10-10.0.19041-SP0)
    method: DELETE
    uri: https://dttestdigitaltwinsname.api.wcus.digitaltwins.azure.net/digitaltwins/DTRelationshipTestsBuildingTwin?api-version=2020-10-31
  response:
    body:
      string: ''
    headers:
      content-length: '0'
      date: Tue, 24 Nov 2020 21:16:08 GMT
      strict-transport-security: max-age=2592000
    status:
      code: 204
      message: No Content
    url: https://dttestdigitaltwinsname.api.wcus.digitaltwins.azure.net/digitaltwins/DTRelationshipTestsBuildingTwin?api-version=2020-10-31
- request:
    body: '[{"@id": "dtmi:samples:RelationshipTestBuilding;1", "@type": "Interface",
      "@context": "dtmi:dtdl:context;2", "displayName": "Building", "contents": [{"@type":
      "Relationship", "name": "has", "target": "dtmi:samples:RelationshipTestFloor;1",
      "properties": [{"@type": "Property", "name": "isAccessRestricted", "schema":
      "boolean"}]}, {"@type": "Property", "name": "AverageTemperature", "schema":
      "double"}]}, {"@id": "dtmi:samples:RelationshipTestFloor;1", "@type": "Interface",
      "@context": "dtmi:dtdl:context;2", "displayName": "Floor", "contents": [{"@type":
      "Relationship", "name": "contains", "target": "dtmi:samples:RelationshipTestRoom;1"},
      {"@type": "Property", "name": "AverageTemperature", "schema": "double"}]}, {"@id":
      "dtmi:samples:RelationshipTestRoom;1", "@type": "Interface", "@context": "dtmi:dtdl:context;2",
      "displayName": "Room", "contents": [{"@type": "Property", "name": "Temperature",
      "schema": "double"}, {"@type": "Property", "name": "IsOccupied", "schema": "boolean"}]}]'
    headers:
      Accept:
      - application/json
      Content-Length:
      - '992'
      Content-Type:
      - application/json
      User-Agent:
      - azsdk-python-digitaltwins-core/1.1.0 Python/3.7.4 (Windows-10-10.0.19041-SP0)
    method: POST
    uri: https://dttestdigitaltwinsname.api.wcus.digitaltwins.azure.net/models?api-version=2020-10-31
  response:
    body:
      string: '[{"id":"dtmi:samples:RelationshipTestBuilding;1","description":{},"displayName":{"en":"Building"},"decommissioned":false,"uploadTime":"2020-11-24T21:16:09.299209+00:00"},{"id":"dtmi:samples:RelationshipTestFloor;1","description":{},"displayName":{"en":"Floor"},"decommissioned":false,"uploadTime":"2020-11-24T21:16:09.2992421+00:00"},{"id":"dtmi:samples:RelationshipTestRoom;1","description":{},"displayName":{"en":"Room"},"decommissioned":false,"uploadTime":"2020-11-24T21:16:09.299266+00:00"}]'
    headers:
      content-length: '495'
      content-type: application/json; charset=utf-8
      date: Tue, 24 Nov 2020 21:16:08 GMT
      strict-transport-security: max-age=2592000
    status:
      code: 201
      message: Created
    url: https://dttestdigitaltwinsname.api.wcus.digitaltwins.azure.net/models?api-version=2020-10-31
- request:
    body: '{"$metadata": {"$model": "dtmi:samples:RelationshipTestBuilding;1"}, "AverageTemperature":
      68}'
    headers:
      Accept:
      - application/json
      Content-Length:
      - '94'
      Content-Type:
      - application/json
      User-Agent:
      - azsdk-python-digitaltwins-core/1.1.0 Python/3.7.4 (Windows-10-10.0.19041-SP0)
    method: PUT
    uri: https://dttestdigitaltwinsname.api.wcus.digitaltwins.azure.net/digitaltwins/DTRelationshipTestsBuildingTwin?api-version=2020-10-31
  response:
    body:
      string: '{"$dtId":"DTRelationshipTestsBuildingTwin","$etag":"W/\"e481c566-b799-4737-a956-16b6dcb59937\"","AverageTemperature":68,"$metadata":{"$model":"dtmi:samples:RelationshipTestBuilding;1","AverageTemperature":{"lastUpdateTime":"2020-11-24T21:16:09.5604332Z"}}}'
    headers:
      content-length: '256'
      content-type: application/json; charset=utf-8
      date: Tue, 24 Nov 2020 21:16:09 GMT
      etag: W/"e481c566-b799-4737-a956-16b6dcb59937"
      strict-transport-security: max-age=2592000
    status:
      code: 200
      message: OK
    url: https://dttestdigitaltwinsname.api.wcus.digitaltwins.azure.net/digitaltwins/DTRelationshipTestsBuildingTwin?api-version=2020-10-31
- request:
    body: '{"$metadata": {"$model": "dtmi:samples:RelationshipTestFloor;1"}, "AverageTemperature":
      75}'
    headers:
      Accept:
      - application/json
      Content-Length:
      - '91'
      Content-Type:
      - application/json
      User-Agent:
      - azsdk-python-digitaltwins-core/1.1.0 Python/3.7.4 (Windows-10-10.0.19041-SP0)
    method: PUT
    uri: https://dttestdigitaltwinsname.api.wcus.digitaltwins.azure.net/digitaltwins/DTRelationshipTestsFloorTwin?api-version=2020-10-31
  response:
    body:
      string: '{"$dtId":"DTRelationshipTestsFloorTwin","$etag":"W/\"b61ed34a-6de2-40d7-8669-c77f1f373f02\"","AverageTemperature":75,"$metadata":{"$model":"dtmi:samples:RelationshipTestFloor;1","AverageTemperature":{"lastUpdateTime":"2020-11-24T21:16:09.8103484Z"}}}'
    headers:
      content-length: '250'
      content-type: application/json; charset=utf-8
      date: Tue, 24 Nov 2020 21:16:09 GMT
      etag: W/"b61ed34a-6de2-40d7-8669-c77f1f373f02"
      strict-transport-security: max-age=2592000
    status:
      code: 200
      message: OK
    url: https://dttestdigitaltwinsname.api.wcus.digitaltwins.azure.net/digitaltwins/DTRelationshipTestsFloorTwin?api-version=2020-10-31
- request:
    body: '{"$metadata": {"$model": "dtmi:samples:RelationshipTestRoom;1"}, "Temperature":
      80, "IsOccupied": true}'
    headers:
      Accept:
      - application/json
      Content-Length:
      - '103'
      Content-Type:
      - application/json
      User-Agent:
      - azsdk-python-digitaltwins-core/1.1.0 Python/3.7.4 (Windows-10-10.0.19041-SP0)
    method: PUT
    uri: https://dttestdigitaltwinsname.api.wcus.digitaltwins.azure.net/digitaltwins/DTRelationshipTestsRoomTwin?api-version=2020-10-31
  response:
    body:
      string: '{"$dtId":"DTRelationshipTestsRoomTwin","$etag":"W/\"8c9295bb-17e3-47af-9bf7-f5dd05271caa\"","Temperature":80,"IsOccupied":true,"$metadata":{"$model":"dtmi:samples:RelationshipTestRoom;1","Temperature":{"lastUpdateTime":"2020-11-24T21:16:10.0594471Z"},"IsOccupied":{"lastUpdateTime":"2020-11-24T21:16:10.0594471Z"}}}'
    headers:
      content-length: '315'
      content-type: application/json; charset=utf-8
      date: Tue, 24 Nov 2020 21:16:09 GMT
      etag: W/"8c9295bb-17e3-47af-9bf7-f5dd05271caa"
      strict-transport-security: max-age=2592000
    status:
      code: 200
      message: OK
    url: https://dttestdigitaltwinsname.api.wcus.digitaltwins.azure.net/digitaltwins/DTRelationshipTestsRoomTwin?api-version=2020-10-31
- request:
    body: '{"$relationshipId": "BuildingHasFloor", "$sourceId": "DTRelationshipTestsBuildingTwin",
      "$relationshipName": "has", "$targetId": "DTRelationshipTestsFloorTwin", "isAccessRestricted":
      false}'
    headers:
      Accept:
      - application/json
      Content-Length:
      - '189'
      Content-Type:
      - application/json
      User-Agent:
      - azsdk-python-digitaltwins-core/1.1.0 Python/3.7.4 (Windows-10-10.0.19041-SP0)
    method: PUT
    uri: https://dttestdigitaltwinsname.api.wcus.digitaltwins.azure.net/digitaltwins/DTRelationshipTestsBuildingTwin/relationships/BuildingHasFloor?api-version=2020-10-31
  response:
    body:
      string: '{"$relationshipId":"BuildingHasFloor","$etag":"W/\"42ee47b3-4c48-4548-91dd-012235a23923\"","$sourceId":"DTRelationshipTestsBuildingTwin","$relationshipName":"has","$targetId":"DTRelationshipTestsFloorTwin","isAccessRestricted":false}'
    headers:
      content-length: '233'
      content-type: application/json; charset=utf-8
      date: Tue, 24 Nov 2020 21:16:09 GMT
      etag: W/"42ee47b3-4c48-4548-91dd-012235a23923"
      strict-transport-security: max-age=2592000
    status:
      code: 200
      message: OK
    url: https://dttestdigitaltwinsname.api.wcus.digitaltwins.azure.net/digitaltwins/DTRelationshipTestsBuildingTwin/relationships/BuildingHasFloor?api-version=2020-10-31
- request:
    body: '[{"op": "replace", "path": "/isAccessRestricted", "value": true}]'
    headers:
      Accept:
      - application/json
      Content-Length:
      - '65'
      Content-Type:
      - application/json-patch+json
      If-Match:
      - W/"7e67a355-f19c-4c19-8a10-2d69b2d2253f"
      User-Agent:
      - azsdk-python-digitaltwins-core/1.1.0 Python/3.7.4 (Windows-10-10.0.19041-SP0)
    method: PATCH
    uri: https://dttestdigitaltwinsname.api.wcus.digitaltwins.azure.net/digitaltwins/DTRelationshipTestsBuildingTwin/relationships/BuildingHasFloor?api-version=2020-10-31
  response:
    body:
      string: '{"error":{"code":"PreconditionFailed","message":"The provided etag
        W/\"7e67a355-f19c-4c19-8a10-2d69b2d2253f\" doesn''t match the current etag
        for the resource. Please obtain and provide the latest etag by getting the
        resource. See section on get apis in the documentation http://aka.ms/adtv2twins."}}'
    headers:
      content-length: '299'
      content-type: application/json; charset=utf-8
      date: Tue, 24 Nov 2020 21:16:10 GMT
      strict-transport-security: max-age=2592000
    status:
      code: 412
      message: Precondition Failed
    url: https://dttestdigitaltwinsname.api.wcus.digitaltwins.azure.net/digitaltwins/DTRelationshipTestsBuildingTwin/relationships/BuildingHasFloor?api-version=2020-10-31
- request:
    body: '[{"op": "replace", "path": "/isAccessRestricted", "value": true}]'
    headers:
      Accept:
      - application/json
      Content-Length:
      - '65'
      Content-Type:
      - application/json-patch+json
      If-Match:
      - W/"42ee47b3-4c48-4548-91dd-012235a23923"
      User-Agent:
      - azsdk-python-digitaltwins-core/1.1.0 Python/3.7.4 (Windows-10-10.0.19041-SP0)
    method: PATCH
    uri: https://dttestdigitaltwinsname.api.wcus.digitaltwins.azure.net/digitaltwins/DTRelationshipTestsBuildingTwin/relationships/BuildingHasFloor?api-version=2020-10-31
  response:
    body:
      string: ''
    headers:
      content-length: '0'
      date: Tue, 24 Nov 2020 21:16:10 GMT
      etag: W/"10f8597a-f76d-4124-8857-87cae4af823e"
      strict-transport-security: max-age=2592000
    status:
      code: 204
      message: No Content
    url: https://dttestdigitaltwinsname.api.wcus.digitaltwins.azure.net/digitaltwins/DTRelationshipTestsBuildingTwin/relationships/BuildingHasFloor?api-version=2020-10-31
- request:
    body: null
    headers:
      Accept:
      - application/json
      User-Agent:
      - azsdk-python-digitaltwins-core/1.1.0 Python/3.7.4 (Windows-10-10.0.19041-SP0)
    method: GET
    uri: https://dttestdigitaltwinsname.api.wcus.digitaltwins.azure.net/digitaltwins/DTRelationshipTestsBuildingTwin/relationships/BuildingHasFloor?api-version=2020-10-31
  response:
    body:
      string: '{"$relationshipId":"BuildingHasFloor","$etag":"W/\"10f8597a-f76d-4124-8857-87cae4af823e\"","$sourceId":"DTRelationshipTestsBuildingTwin","$relationshipName":"has","$targetId":"DTRelationshipTestsFloorTwin","isAccessRestricted":true}'
    headers:
      content-length: '232'
      content-type: application/json; charset=utf-8
      date: Tue, 24 Nov 2020 21:16:10 GMT
      etag: W/"10f8597a-f76d-4124-8857-87cae4af823e"
      strict-transport-security: max-age=2592000
    status:
      code: 200
      message: OK
    url: https://dttestdigitaltwinsname.api.wcus.digitaltwins.azure.net/digitaltwins/DTRelationshipTestsBuildingTwin/relationships/BuildingHasFloor?api-version=2020-10-31
version: 1
