interactions:
- request:
    body: null
    headers:
      Accept:
      - application/json
      User-Agent:
      - azsdk-python-digitaltwins-core/1.1.0 Python/3.7.4 (Windows-10-10.0.19041-SP0)
    method: GET
    uri: https://dttestdigitaltwinsname.api.wcus.digitaltwins.azure.net/models?includeModelDefinition=false&api-version=2020-10-31
  response:
    body:
      string: '{"value":[{"id":"dtmi:samples:DTTestBuilding;1","description":{},"displayName":{"en":"Building"},"decommissioned":false,"uploadTime":"2020-11-24T21:08:29.4207006+00:00"}],"nextLink":null}'
    headers:
      content-length: '187'
      content-type: application/json; charset=utf-8
      date: Tue, 24 Nov 2020 21:08:37 GMT
      strict-transport-security: max-age=2592000
    status:
      code: 200
      message: OK
    url: https://dttestdigitaltwinsname.api.wcus.digitaltwins.azure.net/models?includeModelDefinition=false&api-version=2020-10-31
- request:
    body: null
    headers:
      Accept:
      - application/json
      User-Agent:
      - azsdk-python-digitaltwins-core/1.1.0 Python/3.7.4 (Windows-10-10.0.19041-SP0)
    method: DELETE
    uri: https://dttestdigitaltwinsname.api.wcus.digitaltwins.azure.net/models/dtmi:samples:DTTestBuilding;1?api-version=2020-10-31
  response:
    body:
      string: ''
    headers:
      content-length: '0'
      date: Tue, 24 Nov 2020 21:08:37 GMT
      strict-transport-security: max-age=2592000
    status:
      code: 204
      message: No Content
    url: https://dttestdigitaltwinsname.api.wcus.digitaltwins.azure.net/models/dtmi:samples:DTTestBuilding;1?api-version=2020-10-31
- request:
    body: null
    headers:
      Accept:
      - application/json
      User-Agent:
      - azsdk-python-digitaltwins-core/1.1.0 Python/3.7.4 (Windows-10-10.0.19041-SP0)
    method: GET
    uri: https://dttestdigitaltwinsname.api.wcus.digitaltwins.azure.net/models?includeModelDefinition=false&api-version=2020-10-31
  response:
    body:
      string: '{"value":[],"nextLink":null}'
    headers:
      content-length: '28'
      content-type: application/json; charset=utf-8
      date: Tue, 24 Nov 2020 21:08:37 GMT
      strict-transport-security: max-age=2592000
    status:
      code: 200
      message: OK
    url: https://dttestdigitaltwinsname.api.wcus.digitaltwins.azure.net/models?includeModelDefinition=false&api-version=2020-10-31
- request:
    body: '[{"@id": "dtmi:samples:DTTestBuilding;1", "@type": "Interface", "@context":
      "dtmi:dtdl:context;2", "displayName": "Building", "contents": [{"@type": "Property",
      "name": "AverageTemperature", "schema": "double"}, {"@type": "Property", "name":
      "TemperatureUnit", "schema": "string"}]}]'
    headers:
      Accept:
      - application/json
      Content-Length:
      - '283'
      Content-Type:
      - application/json
      User-Agent:
      - azsdk-python-digitaltwins-core/1.1.0 Python/3.7.4 (Windows-10-10.0.19041-SP0)
    method: POST
    uri: https://dttestdigitaltwinsname.api.wcus.digitaltwins.azure.net/models?api-version=2020-10-31
  response:
    body:
      string: '[{"id":"dtmi:samples:DTTestBuilding;1","description":{},"displayName":{"en":"Building"},"decommissioned":false,"uploadTime":"2020-11-24T21:08:37.7287497+00:00"}]'
    headers:
      content-length: '161'
      content-type: application/json; charset=utf-8
      date: Tue, 24 Nov 2020 21:08:37 GMT
      strict-transport-security: max-age=2592000
    status:
      code: 201
      message: Created
    url: https://dttestdigitaltwinsname.api.wcus.digitaltwins.azure.net/models?api-version=2020-10-31
- request:
    body: null
    headers:
      Accept:
      - application/json
      User-Agent:
      - azsdk-python-digitaltwins-core/1.1.0 Python/3.7.4 (Windows-10-10.0.19041-SP0)
    method: DELETE
    uri: https://dttestdigitaltwinsname.api.wcus.digitaltwins.azure.net/digitaltwins/digitalTwin-ef31948?api-version=2020-10-31
  response:
    body:
      string: ''
    headers:
      content-length: '0'
      date: Tue, 24 Nov 2020 21:08:37 GMT
      strict-transport-security: max-age=2592000
    status:
      code: 204
      message: No Content
    url: https://dttestdigitaltwinsname.api.wcus.digitaltwins.azure.net/digitaltwins/digitalTwin-ef31948?api-version=2020-10-31
- request:
    body: '{"$metadata": {"$model": "dtmi:samples:DTTestBuilding;1"}, "AverageTemperature":
      68, "TemperatureUnit": "Celsius"}'
    headers:
      Accept:
      - application/json
      Content-Length:
      - '114'
      Content-Type:
      - application/json
      User-Agent:
      - azsdk-python-digitaltwins-core/1.1.0 Python/3.7.4 (Windows-10-10.0.19041-SP0)
    method: PUT
    uri: https://dttestdigitaltwinsname.api.wcus.digitaltwins.azure.net/digitaltwins/digitalTwin-ef31948?api-version=2020-10-31
  response:
    body:
      string: '{"$dtId":"digitalTwin-ef31948","$etag":"W/\"cc34d081-80b9-4ba1-82f0-eeafc2ca24b6\"","AverageTemperature":68,"TemperatureUnit":"Celsius","$metadata":{"$model":"dtmi:samples:DTTestBuilding;1","AverageTemperature":{"lastUpdateTime":"2020-11-24T21:08:38.2693421Z"},"TemperatureUnit":{"lastUpdateTime":"2020-11-24T21:08:38.2693421Z"}}}'
    headers:
      content-length: '330'
      content-type: application/json; charset=utf-8
      date: Tue, 24 Nov 2020 21:08:38 GMT
      etag: W/"cc34d081-80b9-4ba1-82f0-eeafc2ca24b6"
      strict-transport-security: max-age=2592000
    status:
      code: 200
      message: OK
    url: https://dttestdigitaltwinsname.api.wcus.digitaltwins.azure.net/digitaltwins/digitalTwin-ef31948?api-version=2020-10-31
- request:
    body: '[{"op": "remove", "path": "/AverageTemperature"}]'
    headers:
      Accept:
      - application/json
      Content-Length:
      - '49'
      Content-Type:
      - application/json-patch+json
      User-Agent:
      - azsdk-python-digitaltwins-core/1.1.0 Python/3.7.4 (Windows-10-10.0.19041-SP0)
    method: PATCH
    uri: https://dttestdigitaltwinsname.api.wcus.digitaltwins.azure.net/digitaltwins/digitalTwin-ef31948?api-version=2020-10-31
  response:
    body:
      string: ''
    headers:
      content-length: '0'
      date: Tue, 24 Nov 2020 21:08:38 GMT
      etag: W/"ce4a218d-590e-4922-85ff-0f6a2f9b3b2f"
      strict-transport-security: max-age=2592000
    status:
      code: 204
      message: No Content
    url: https://dttestdigitaltwinsname.api.wcus.digitaltwins.azure.net/digitaltwins/digitalTwin-ef31948?api-version=2020-10-31
- request:
    body: null
    headers:
      Accept:
      - application/json
      User-Agent:
      - azsdk-python-digitaltwins-core/1.1.0 Python/3.7.4 (Windows-10-10.0.19041-SP0)
    method: GET
    uri: https://dttestdigitaltwinsname.api.wcus.digitaltwins.azure.net/digitaltwins/digitalTwin-ef31948?api-version=2020-10-31
  response:
    body:
      string: '{"$dtId":"digitalTwin-ef31948","$etag":"W/\"ce4a218d-590e-4922-85ff-0f6a2f9b3b2f\"","TemperatureUnit":"Celsius","$metadata":{"$model":"dtmi:samples:DTTestBuilding;1","TemperatureUnit":{"lastUpdateTime":"2020-11-24T21:08:38.2693421Z"}}}'
    headers:
      content-length: '235'
      content-type: application/json; charset=utf-8
      date: Tue, 24 Nov 2020 21:08:38 GMT
      etag: W/"ce4a218d-590e-4922-85ff-0f6a2f9b3b2f"
      strict-transport-security: max-age=2592000
    status:
      code: 200
      message: OK
    url: https://dttestdigitaltwinsname.api.wcus.digitaltwins.azure.net/digitaltwins/digitalTwin-ef31948?api-version=2020-10-31
version: 1
