interactions:
- request:
    body: null
    headers:
      Accept:
      - application/json
      Accept-Encoding:
      - gzip, deflate
      Connection:
      - keep-alive
      User-Agent:
      - azsdk-python-digitaltwins-core/1.2.0 Python/3.10.4 (Windows-10-10.0.22000-SP0)
    method: GET
    uri: https://dttestdigitaltwinsname.api.wcus.digitaltwins.azure.net/models?includeModelDefinition=false&api-version=2022-05-31
  response:
    body:
      string: '{"value":[{"id":"dtmi:samples:RelationshipTestBuilding;1","description":{},"displayName":{"en-US":"Building"},"decommissioned":false,"uploadTime":"2022-05-26T07:29:10.8311174+00:00"},{"id":"dtmi:samples:RelationshipTestFloor;1","description":{},"displayName":{"en-US":"Floor"},"decommissioned":false,"uploadTime":"2022-05-26T07:29:10.8311421+00:00"},{"id":"dtmi:samples:RelationshipTestRoom;1","description":{},"displayName":{"en-US":"Room"},"decommissioned":false,"uploadTime":"2022-05-26T07:29:10.8311547+00:00"}],"nextLink":null}'
    headers:
      content-length:
      - '532'
      content-type:
      - application/json; charset=utf-8
      date:
      - Thu, 26 May 2022 07:29:11 GMT
      mise-correlation-id:
      - cdea572b-72d2-43ed-9fc5-11ad21a2f6a4
      strict-transport-security:
      - max-age=2592000
      traceresponse:
      - 00-d132492434ff0d4aaf92b5e5236e9a2f-e062a7607a3f8c4a-01
    status:
      code: 200
      message: OK
- request:
    body: null
    headers:
      Accept:
      - application/json
      Accept-Encoding:
      - gzip, deflate
      Connection:
      - keep-alive
      Content-Length:
      - '0'
      User-Agent:
      - azsdk-python-digitaltwins-core/1.2.0 Python/3.10.4 (Windows-10-10.0.22000-SP0)
    method: DELETE
    uri: https://dttestdigitaltwinsname.api.wcus.digitaltwins.azure.net/models/dtmi%3Asamples%3ARelationshipTestBuilding%3B1?api-version=2022-05-31
  response:
    body:
      string: ''
    headers:
      content-length:
      - '0'
      date:
      - Thu, 26 May 2022 07:29:11 GMT
      mise-correlation-id:
      - 219dd72b-d649-43a0-8a01-650a8990ecbf
      strict-transport-security:
      - max-age=2592000
      traceresponse:
      - 00-b69f72090b269241885ab2d9bbac2397-afaa5ee5113e044d-01
    status:
      code: 204
      message: No Content
- request:
    body: null
    headers:
      Accept:
      - application/json
      Accept-Encoding:
      - gzip, deflate
      Connection:
      - keep-alive
      Content-Length:
      - '0'
      User-Agent:
      - azsdk-python-digitaltwins-core/1.2.0 Python/3.10.4 (Windows-10-10.0.22000-SP0)
    method: DELETE
    uri: https://dttestdigitaltwinsname.api.wcus.digitaltwins.azure.net/models/dtmi%3Asamples%3ARelationshipTestFloor%3B1?api-version=2022-05-31
  response:
    body:
      string: ''
    headers:
      content-length:
      - '0'
      date:
      - Thu, 26 May 2022 07:29:11 GMT
      mise-correlation-id:
      - ee2fd3c4-5232-4f3d-aaa2-6c702328a3e8
      strict-transport-security:
      - max-age=2592000
      traceresponse:
      - 00-edf5ae8497650647837b32723baf5257-22ee2ccb4356d44a-01
    status:
      code: 204
      message: No Content
- request:
    body: null
    headers:
      Accept:
      - application/json
      Accept-Encoding:
      - gzip, deflate
      Connection:
      - keep-alive
      Content-Length:
      - '0'
      User-Agent:
      - azsdk-python-digitaltwins-core/1.2.0 Python/3.10.4 (Windows-10-10.0.22000-SP0)
    method: DELETE
    uri: https://dttestdigitaltwinsname.api.wcus.digitaltwins.azure.net/models/dtmi%3Asamples%3ARelationshipTestRoom%3B1?api-version=2022-05-31
  response:
    body:
      string: ''
    headers:
      content-length:
      - '0'
      date:
      - Thu, 26 May 2022 07:29:11 GMT
      mise-correlation-id:
      - c7658e81-363f-4830-90b2-d88eff9107a1
      strict-transport-security:
      - max-age=2592000
      traceresponse:
      - 00-1e29f0349759b447b5226939a0ab88ec-0b25d9002958a846-01
    status:
      code: 204
      message: No Content
- request:
    body: null
    headers:
      Accept:
      - application/json
      Accept-Encoding:
      - gzip, deflate
      Connection:
      - keep-alive
      User-Agent:
      - azsdk-python-digitaltwins-core/1.2.0 Python/3.10.4 (Windows-10-10.0.22000-SP0)
    method: GET
    uri: https://dttestdigitaltwinsname.api.wcus.digitaltwins.azure.net/models?includeModelDefinition=false&api-version=2022-05-31
  response:
    body:
      string: '{"value":[],"nextLink":null}'
    headers:
      content-length:
      - '28'
      content-type:
      - application/json; charset=utf-8
      date:
      - Thu, 26 May 2022 07:29:11 GMT
      mise-correlation-id:
      - a30c03c4-95ce-4771-b20f-81cddf5707a6
      strict-transport-security:
      - max-age=2592000
      traceresponse:
      - 00-07934bbeabbb374fb35378eeec7aa9cf-6c8ba4a4df07e84b-01
    status:
      code: 200
      message: OK
- request:
    body: null
    headers:
      Accept:
      - application/json
      Accept-Encoding:
      - gzip, deflate
      Connection:
      - keep-alive
      User-Agent:
      - azsdk-python-digitaltwins-core/1.2.0 Python/3.10.4 (Windows-10-10.0.22000-SP0)
    method: GET
    uri: https://dttestdigitaltwinsname.api.wcus.digitaltwins.azure.net/digitaltwins/DTRelationshipTestsRoomTwin/relationships?api-version=2022-05-31
  response:
    body:
      string: '{"nextLink":null,"value":[]}'
    headers:
      content-length:
      - '28'
      content-type:
      - application/json; charset=utf-8
      date:
      - Thu, 26 May 2022 07:29:11 GMT
      strict-transport-security:
      - max-age=2592000
      traceresponse:
      - 00-ddfae28cb5bc074983f1ba29a55d8fc0-d1567500bf6ec24d-01
    status:
      code: 200
      message: OK
- request:
    body: null
    headers:
      Accept:
      - application/json
      Accept-Encoding:
      - gzip, deflate
      Connection:
      - keep-alive
      User-Agent:
      - azsdk-python-digitaltwins-core/1.2.0 Python/3.10.4 (Windows-10-10.0.22000-SP0)
    method: GET
    uri: https://dttestdigitaltwinsname.api.wcus.digitaltwins.azure.net/digitaltwins/DTRelationshipTestsFloorTwin/relationships?api-version=2022-05-31
  response:
    body:
      string: '{"nextLink":null,"value":[]}'
    headers:
      content-length:
      - '28'
      content-type:
      - application/json; charset=utf-8
      date:
      - Thu, 26 May 2022 07:29:12 GMT
      strict-transport-security:
      - max-age=2592000
      traceresponse:
      - 00-b4bf95d0cf79a843adcb776bcd03f6b0-cb76629a4edc8741-01
    status:
      code: 200
      message: OK
- request:
    body: null
    headers:
      Accept:
      - application/json
      Accept-Encoding:
      - gzip, deflate
      Connection:
      - keep-alive
      User-Agent:
      - azsdk-python-digitaltwins-core/1.2.0 Python/3.10.4 (Windows-10-10.0.22000-SP0)
    method: GET
    uri: https://dttestdigitaltwinsname.api.wcus.digitaltwins.azure.net/digitaltwins/DTRelationshipTestsBuildingTwin/relationships?api-version=2022-05-31
  response:
    body:
      string: '{"nextLink":null,"value":[{"$relationshipId":"BuildingHasFloor","$etag":"W/\"cac25434-947a-4ae8-8fc7-3e1ada7510ad\"","$sourceId":"DTRelationshipTestsBuildingTwin","$relationshipName":"has","$targetId":"DTRelationshipTestsFloorTwin","isAccessRestricted":false}]}'
    headers:
      content-length:
      - '261'
      content-type:
      - application/json; charset=utf-8
      date:
      - Thu, 26 May 2022 07:29:12 GMT
      strict-transport-security:
      - max-age=2592000
      traceresponse:
      - 00-35a1bffaf97d1d4f836ecac2bbd7036e-3e8885beed7d2742-01
    status:
      code: 200
      message: OK
- request:
    body: null
    headers:
      Accept:
      - application/json
      Accept-Encoding:
      - gzip, deflate
      Connection:
      - keep-alive
      Content-Length:
      - '0'
      User-Agent:
      - azsdk-python-digitaltwins-core/1.2.0 Python/3.10.4 (Windows-10-10.0.22000-SP0)
    method: DELETE
    uri: https://dttestdigitaltwinsname.api.wcus.digitaltwins.azure.net/digitaltwins/DTRelationshipTestsBuildingTwin/relationships/BuildingHasFloor?api-version=2022-05-31
  response:
    body:
      string: ''
    headers:
      content-length:
      - '0'
      date:
      - Thu, 26 May 2022 07:29:12 GMT
      strict-transport-security:
      - max-age=2592000
      traceresponse:
      - 00-abdf8d46dbc4114098957d0d66ed2eb5-a32d6a0599c8e14c-01
    status:
      code: 204
      message: No Content
- request:
    body: null
    headers:
      Accept:
      - application/json
      Accept-Encoding:
      - gzip, deflate
      Connection:
      - keep-alive
      Content-Length:
      - '0'
      User-Agent:
      - azsdk-python-digitaltwins-core/1.2.0 Python/3.10.4 (Windows-10-10.0.22000-SP0)
    method: DELETE
    uri: https://dttestdigitaltwinsname.api.wcus.digitaltwins.azure.net/digitaltwins/DTRelationshipTestsRoomTwin?api-version=2022-05-31
  response:
    body:
      string: ''
    headers:
      content-length:
      - '0'
      date:
      - Thu, 26 May 2022 07:29:12 GMT
      strict-transport-security:
      - max-age=2592000
      traceresponse:
      - 00-4670b19657b62a46be7a3ae83a9e69e6-d2f24506f9e94f44-01
    status:
      code: 204
      message: No Content
- request:
    body: null
    headers:
      Accept:
      - application/json
      Accept-Encoding:
      - gzip, deflate
      Connection:
      - keep-alive
      Content-Length:
      - '0'
      User-Agent:
      - azsdk-python-digitaltwins-core/1.2.0 Python/3.10.4 (Windows-10-10.0.22000-SP0)
    method: DELETE
    uri: https://dttestdigitaltwinsname.api.wcus.digitaltwins.azure.net/digitaltwins/DTRelationshipTestsFloorTwin?api-version=2022-05-31
  response:
    body:
      string: ''
    headers:
      content-length:
      - '0'
      date:
      - Thu, 26 May 2022 07:29:12 GMT
      strict-transport-security:
      - max-age=2592000
      traceresponse:
      - 00-bc17a7f850b746479b59dea05922f5f4-69a72e1023141645-01
    status:
      code: 204
      message: No Content
- request:
    body: null
    headers:
      Accept:
      - application/json
      Accept-Encoding:
      - gzip, deflate
      Connection:
      - keep-alive
      Content-Length:
      - '0'
      User-Agent:
      - azsdk-python-digitaltwins-core/1.2.0 Python/3.10.4 (Windows-10-10.0.22000-SP0)
    method: DELETE
    uri: https://dttestdigitaltwinsname.api.wcus.digitaltwins.azure.net/digitaltwins/DTRelationshipTestsBuildingTwin?api-version=2022-05-31
  response:
    body:
      string: ''
    headers:
      content-length:
      - '0'
      date:
      - Thu, 26 May 2022 07:29:12 GMT
      strict-transport-security:
      - max-age=2592000
      traceresponse:
      - 00-615b7662b1fb444d82a31220fac604fb-6e158db77a88b14c-01
    status:
      code: 204
      message: No Content
- request:
    body: '[{"@id": "dtmi:samples:RelationshipTestBuilding;1", "@type": "Interface",
      "@context": "dtmi:dtdl:context;2", "displayName": "Building", "contents": [{"@type":
      "Relationship", "name": "has", "target": "dtmi:samples:RelationshipTestFloor;1",
      "properties": [{"@type": "Property", "name": "isAccessRestricted", "schema":
      "boolean"}]}, {"@type": "Property", "name": "AverageTemperature", "schema":
      "double"}]}, {"@id": "dtmi:samples:RelationshipTestFloor;1", "@type": "Interface",
      "@context": "dtmi:dtdl:context;2", "displayName": "Floor", "contents": [{"@type":
      "Relationship", "name": "contains", "target": "dtmi:samples:RelationshipTestRoom;1"},
      {"@type": "Property", "name": "AverageTemperature", "schema": "double"}]}, {"@id":
      "dtmi:samples:RelationshipTestRoom;1", "@type": "Interface", "@context": "dtmi:dtdl:context;2",
      "displayName": "Room", "contents": [{"@type": "Property", "name": "Temperature",
      "schema": "double"}, {"@type": "Property", "name": "IsOccupied", "schema": "boolean"}]}]'
    headers:
      Accept:
      - application/json
      Accept-Encoding:
      - gzip, deflate
      Connection:
      - keep-alive
      Content-Length:
      - '992'
      Content-Type:
      - application/json
      User-Agent:
      - azsdk-python-digitaltwins-core/1.2.0 Python/3.10.4 (Windows-10-10.0.22000-SP0)
    method: POST
    uri: https://dttestdigitaltwinsname.api.wcus.digitaltwins.azure.net/models?api-version=2022-05-31
  response:
    body:
      string: '[{"id":"dtmi:samples:RelationshipTestBuilding;1","description":{},"displayName":{"en-US":"Building"},"decommissioned":false,"uploadTime":"2022-05-26T07:29:12.9289148+00:00"},{"id":"dtmi:samples:RelationshipTestFloor;1","description":{},"displayName":{"en-US":"Floor"},"decommissioned":false,"uploadTime":"2022-05-26T07:29:12.9289409+00:00"},{"id":"dtmi:samples:RelationshipTestRoom;1","description":{},"displayName":{"en-US":"Room"},"decommissioned":false,"uploadTime":"2022-05-26T07:29:12.9289538+00:00"}]'
    headers:
      content-length:
      - '506'
      content-type:
      - application/json; charset=utf-8
      date:
      - Thu, 26 May 2022 07:29:12 GMT
      mise-correlation-id:
      - cdd80909-c775-43b0-a7c6-ccc3d934299f
      strict-transport-security:
      - max-age=2592000
      traceresponse:
      - 00-c1cdb91bd13c25498d5dde6c384cd283-6ca1e42e5aa04244-01
    status:
      code: 201
      message: Created
- request:
    body: '{"$metadata": {"$model": "dtmi:samples:RelationshipTestBuilding;1"}, "AverageTemperature":
      68}'
    headers:
      Accept:
      - application/json
      Accept-Encoding:
      - gzip, deflate
      Connection:
      - keep-alive
      Content-Length:
      - '94'
      Content-Type:
      - application/json
      User-Agent:
      - azsdk-python-digitaltwins-core/1.2.0 Python/3.10.4 (Windows-10-10.0.22000-SP0)
    method: PUT
    uri: https://dttestdigitaltwinsname.api.wcus.digitaltwins.azure.net/digitaltwins/DTRelationshipTestsBuildingTwin?api-version=2022-05-31
  response:
    body:
      string: '{"$dtId":"DTRelationshipTestsBuildingTwin","$etag":"W/\"70c7b83e-3344-4e9a-a427-adfdba655a4d\"","AverageTemperature":68,"$metadata":{"$model":"dtmi:samples:RelationshipTestBuilding;1","$lastUpdateTime":"2022-05-26T07:29:12.9991754Z","AverageTemperature":{"lastUpdateTime":"2022-05-26T07:29:12.9991754Z"}}}'
    headers:
      content-length:
      - '305'
      content-type:
      - application/json; charset=utf-8
      date:
      - Thu, 26 May 2022 07:29:12 GMT
      etag:
      - W/"70c7b83e-3344-4e9a-a427-adfdba655a4d"
      strict-transport-security:
      - max-age=2592000
      traceresponse:
      - 00-23cac575ff7a344bb7050591b1759483-cbab76f4c723e74e-01
    status:
      code: 200
      message: OK
- request:
    body: '{"$metadata": {"$model": "dtmi:samples:RelationshipTestFloor;1"}, "AverageTemperature":
      75}'
    headers:
      Accept:
      - application/json
      Accept-Encoding:
      - gzip, deflate
      Connection:
      - keep-alive
      Content-Length:
      - '91'
      Content-Type:
      - application/json
      User-Agent:
      - azsdk-python-digitaltwins-core/1.2.0 Python/3.10.4 (Windows-10-10.0.22000-SP0)
    method: PUT
    uri: https://dttestdigitaltwinsname.api.wcus.digitaltwins.azure.net/digitaltwins/DTRelationshipTestsFloorTwin?api-version=2022-05-31
  response:
    body:
      string: '{"$dtId":"DTRelationshipTestsFloorTwin","$etag":"W/\"d38da2a0-a415-446a-9329-a0cafb4715bf\"","AverageTemperature":75,"$metadata":{"$model":"dtmi:samples:RelationshipTestFloor;1","$lastUpdateTime":"2022-05-26T07:29:13.0648964Z","AverageTemperature":{"lastUpdateTime":"2022-05-26T07:29:13.0648964Z"}}}'
    headers:
      content-length:
      - '299'
      content-type:
      - application/json; charset=utf-8
      date:
      - Thu, 26 May 2022 07:29:12 GMT
      etag:
      - W/"d38da2a0-a415-446a-9329-a0cafb4715bf"
      strict-transport-security:
      - max-age=2592000
      traceresponse:
      - 00-c913f3e0b6823a4c8025546e38ade56c-9ded7ce03b63874b-01
    status:
      code: 200
      message: OK
- request:
    body: '{"$metadata": {"$model": "dtmi:samples:RelationshipTestRoom;1"}, "Temperature":
      80, "IsOccupied": true}'
    headers:
      Accept:
      - application/json
      Accept-Encoding:
      - gzip, deflate
      Connection:
      - keep-alive
      Content-Length:
      - '103'
      Content-Type:
      - application/json
      User-Agent:
      - azsdk-python-digitaltwins-core/1.2.0 Python/3.10.4 (Windows-10-10.0.22000-SP0)
    method: PUT
    uri: https://dttestdigitaltwinsname.api.wcus.digitaltwins.azure.net/digitaltwins/DTRelationshipTestsRoomTwin?api-version=2022-05-31
  response:
    body:
      string: '{"$dtId":"DTRelationshipTestsRoomTwin","$etag":"W/\"42c0a092-84dc-43b6-b029-7f33d520215b\"","Temperature":80,"IsOccupied":true,"$metadata":{"$model":"dtmi:samples:RelationshipTestRoom;1","$lastUpdateTime":"2022-05-26T07:29:13.1366224Z","Temperature":{"lastUpdateTime":"2022-05-26T07:29:13.1366224Z"},"IsOccupied":{"lastUpdateTime":"2022-05-26T07:29:13.1366224Z"}}}'
    headers:
      content-length:
      - '364'
      content-type:
      - application/json; charset=utf-8
      date:
      - Thu, 26 May 2022 07:29:12 GMT
      etag:
      - W/"42c0a092-84dc-43b6-b029-7f33d520215b"
      strict-transport-security:
      - max-age=2592000
      traceresponse:
      - 00-26b50905dc1d2f48a7a531093d99d71d-ae68e5b79db99849-01
    status:
      code: 200
      message: OK
- request:
    body: '{"$relationshipId": "BuildingHasFloor", "$sourceId": "DTRelationshipTestsBuildingTwin",
      "$relationshipName": "has", "$targetId": "DTRelationshipTestsFloorTwin", "isAccessRestricted":
      false}'
    headers:
      Accept:
      - application/json
      Accept-Encoding:
      - gzip, deflate
      Connection:
      - keep-alive
      Content-Length:
      - '189'
      Content-Type:
      - application/json
      User-Agent:
      - azsdk-python-digitaltwins-core/1.2.0 Python/3.10.4 (Windows-10-10.0.22000-SP0)
    method: PUT
    uri: https://dttestdigitaltwinsname.api.wcus.digitaltwins.azure.net/digitaltwins/DTRelationshipTestsBuildingTwin/relationships/BuildingHasFloor?api-version=2022-05-31
  response:
    body:
      string: '{"$relationshipId":"BuildingHasFloor","$etag":"W/\"b60dcbeb-9250-4141-9263-a7ef302c79fb\"","$sourceId":"DTRelationshipTestsBuildingTwin","$relationshipName":"has","$targetId":"DTRelationshipTestsFloorTwin","isAccessRestricted":false}'
    headers:
      content-length:
      - '233'
      content-type:
      - application/json; charset=utf-8
      date:
      - Thu, 26 May 2022 07:29:12 GMT
      etag:
      - W/"b60dcbeb-9250-4141-9263-a7ef302c79fb"
      strict-transport-security:
      - max-age=2592000
      traceresponse:
      - 00-c2457718540bf0408588765be36739e0-eeaa73834c0ee949-01
    status:
      code: 200
      message: OK
- request:
    body: '[{"op": "replace", "path": "/isAccessRestricted", "value": true}, {"op":
      "remove", "path": "/isAccessRestricted"}]'
    headers:
      Accept:
      - application/json
      Accept-Encoding:
      - gzip, deflate
      Connection:
      - keep-alive
      Content-Length:
      - '114'
      Content-Type:
      - application/json-patch+json
      User-Agent:
      - azsdk-python-digitaltwins-core/1.2.0 Python/3.10.4 (Windows-10-10.0.22000-SP0)
    method: PATCH
    uri: https://dttestdigitaltwinsname.api.wcus.digitaltwins.azure.net/digitaltwins/DTRelationshipTestsBuildingTwin/relationships/BuildingHasFloor?api-version=2022-05-31
  response:
    body:
      string: ''
    headers:
      content-length:
      - '0'
      date:
      - Thu, 26 May 2022 07:29:12 GMT
      etag:
      - W/"d146333b-b588-4a78-8a75-2538d5edc078"
      strict-transport-security:
      - max-age=2592000
      traceresponse:
      - 00-056c093beb3bae4ab7cacd77b0cb4177-3841d4cc21e35540-01
    status:
      code: 204
      message: No Content
- request:
    body: null
    headers:
      Accept:
      - application/json
      Accept-Encoding:
      - gzip, deflate
      Connection:
      - keep-alive
      User-Agent:
      - azsdk-python-digitaltwins-core/1.2.0 Python/3.10.4 (Windows-10-10.0.22000-SP0)
    method: GET
    uri: https://dttestdigitaltwinsname.api.wcus.digitaltwins.azure.net/digitaltwins/DTRelationshipTestsBuildingTwin/relationships/BuildingHasFloor?api-version=2022-05-31
  response:
    body:
      string: '{"$relationshipId":"BuildingHasFloor","$etag":"W/\"d146333b-b588-4a78-8a75-2538d5edc078\"","$sourceId":"DTRelationshipTestsBuildingTwin","$relationshipName":"has","$targetId":"DTRelationshipTestsFloorTwin"}'
    headers:
      content-length:
      - '206'
      content-type:
      - application/json; charset=utf-8
      date:
      - Thu, 26 May 2022 07:29:12 GMT
      etag:
      - W/"d146333b-b588-4a78-8a75-2538d5edc078"
      strict-transport-security:
      - max-age=2592000
      traceresponse:
      - 00-b468b6e4a312324fad1a9fd359e686ff-5eb7e9829e614b44-01
    status:
      code: 200
      message: OK
version: 1
