interactions:
- request:
    body: null
    headers:
      Accept:
      - application/json
      Accept-Encoding:
      - gzip, deflate
      Connection:
      - keep-alive
      User-Agent:
      - azsdk-python-digitaltwins-core/1.2.0 Python/3.10.4 (Windows-10-10.0.22000-SP0)
    method: GET
    uri: https://dttestdigitaltwinsname.api.wcus.digitaltwins.azure.net/models?includeModelDefinition=false&api-version=2022-05-31
  response:
    body:
      string: '{"value":[{"id":"dtmi:com:samples:DTComponentTestsComponent;1","description":{},"displayName":{"en-US":"Component1"},"decommissioned":false,"uploadTime":"2022-05-26T07:27:26.4673767+00:00"},{"id":"dtmi:com:samples:DTComponentTestsModel;1","description":{},"displayName":{"en-US":"TempModel"},"decommissioned":false,"uploadTime":"2022-05-26T07:27:26.4674012+00:00"}],"nextLink":null}'
    headers:
      content-length:
      - '382'
      content-type:
      - application/json; charset=utf-8
      date:
      - Thu, 26 May 2022 07:27:28 GMT
      mise-correlation-id:
      - 7e7bda96-3a90-48c2-842a-08ff40263958
      strict-transport-security:
      - max-age=2592000
      traceresponse:
      - 00-a0de565fad6294458e8d930a9bb71d51-aa733a15a270f743-01
    status:
      code: 200
      message: OK
- request:
    body: null
    headers:
      Accept:
      - application/json
      Accept-Encoding:
      - gzip, deflate
      Connection:
      - keep-alive
      Content-Length:
      - '0'
      User-Agent:
      - azsdk-python-digitaltwins-core/1.2.0 Python/3.10.4 (Windows-10-10.0.22000-SP0)
    method: DELETE
    uri: https://dttestdigitaltwinsname.api.wcus.digitaltwins.azure.net/models/dtmi%3Acom%3Asamples%3ADTComponentTestsComponent%3B1?api-version=2022-05-31
  response:
    body:
      string: '{"error":{"code":"ModelReferencesNotDeleted","message":"This model
        is currently being referenced by dtmi:com:samples:DTComponentTestsModel;1.
        You must delete these references before deleting the Model.. To delete references,
        do Delete Model on Ids provided above."}}'
    headers:
      content-length:
      - '266'
      content-type:
      - application/json; charset=utf-8
      date:
      - Thu, 26 May 2022 07:27:28 GMT
      mise-correlation-id:
      - 6335ae4c-1185-4228-b04d-88b667fba2c7
      strict-transport-security:
      - max-age=2592000
      traceresponse:
      - 00-92e24794bd649d409cb784fc21a93fc5-0a60fa7b190f864b-01
    status:
      code: 409
      message: Conflict
- request:
    body: null
    headers:
      Accept:
      - application/json
      Accept-Encoding:
      - gzip, deflate
      Connection:
      - keep-alive
      Content-Length:
      - '0'
      User-Agent:
      - azsdk-python-digitaltwins-core/1.2.0 Python/3.10.4 (Windows-10-10.0.22000-SP0)
    method: DELETE
    uri: https://dttestdigitaltwinsname.api.wcus.digitaltwins.azure.net/models/dtmi%3Acom%3Asamples%3ADTComponentTestsModel%3B1?api-version=2022-05-31
  response:
    body:
      string: ''
    headers:
      content-length:
      - '0'
      date:
      - Thu, 26 May 2022 07:27:28 GMT
      mise-correlation-id:
      - 4172a51e-6891-4dbf-a420-7c027c5c4511
      strict-transport-security:
      - max-age=2592000
      traceresponse:
      - 00-c5def5a81e2699419dc74f9641c4e64a-8e260cf8fa5b4b4e-01
    status:
      code: 204
      message: No Content
- request:
    body: null
    headers:
      Accept:
      - application/json
      Accept-Encoding:
      - gzip, deflate
      Connection:
      - keep-alive
      User-Agent:
      - azsdk-python-digitaltwins-core/1.2.0 Python/3.10.4 (Windows-10-10.0.22000-SP0)
    method: GET
    uri: https://dttestdigitaltwinsname.api.wcus.digitaltwins.azure.net/models?includeModelDefinition=false&api-version=2022-05-31
  response:
    body:
      string: '{"value":[{"id":"dtmi:com:samples:DTComponentTestsComponent;1","description":{},"displayName":{"en-US":"Component1"},"decommissioned":false,"uploadTime":"2022-05-26T07:27:26.4673767+00:00"}],"nextLink":null}'
    headers:
      content-length:
      - '207'
      content-type:
      - application/json; charset=utf-8
      date:
      - Thu, 26 May 2022 07:27:28 GMT
      mise-correlation-id:
      - da84dcb0-6ccb-4388-93c8-28e7cee66b01
      strict-transport-security:
      - max-age=2592000
      traceresponse:
      - 00-2ea003a65f0b4c4cbaf5f70480611347-106005b7d490ff41-01
    status:
      code: 200
      message: OK
- request:
    body: null
    headers:
      Accept:
      - application/json
      Accept-Encoding:
      - gzip, deflate
      Connection:
      - keep-alive
      Content-Length:
      - '0'
      User-Agent:
      - azsdk-python-digitaltwins-core/1.2.0 Python/3.10.4 (Windows-10-10.0.22000-SP0)
    method: DELETE
    uri: https://dttestdigitaltwinsname.api.wcus.digitaltwins.azure.net/models/dtmi%3Acom%3Asamples%3ADTComponentTestsComponent%3B1?api-version=2022-05-31
  response:
    body:
      string: ''
    headers:
      content-length:
      - '0'
      date:
      - Thu, 26 May 2022 07:27:28 GMT
      mise-correlation-id:
      - 6c31d478-33b3-4648-96b4-5cb1f73094cb
      strict-transport-security:
      - max-age=2592000
      traceresponse:
      - 00-21f2bca663ab56488678611d4e3a6293-fd411aefbe3a3340-01
    status:
      code: 204
      message: No Content
- request:
    body: null
    headers:
      Accept:
      - application/json
      Accept-Encoding:
      - gzip, deflate
      Connection:
      - keep-alive
      User-Agent:
      - azsdk-python-digitaltwins-core/1.2.0 Python/3.10.4 (Windows-10-10.0.22000-SP0)
    method: GET
    uri: https://dttestdigitaltwinsname.api.wcus.digitaltwins.azure.net/models?includeModelDefinition=false&api-version=2022-05-31
  response:
    body:
      string: '{"value":[],"nextLink":null}'
    headers:
      content-length:
      - '28'
      content-type:
      - application/json; charset=utf-8
      date:
      - Thu, 26 May 2022 07:27:28 GMT
      mise-correlation-id:
      - 83a90bb6-611d-4597-be2d-6d5158f21c33
      strict-transport-security:
      - max-age=2592000
      traceresponse:
      - 00-ca6c3d1b2c6a914e8e07815d561b18af-1814ae34311ff240-01
    status:
      code: 200
      message: OK
- request:
    body: '[{"@id": "dtmi:com:samples:DTComponentTestsComponent;1", "@type": "Interface",
      "@context": "dtmi:dtdl:context;2", "displayName": "Component1", "contents":
      [{"@type": "Property", "name": "ComponentProp1", "schema": "string"}, {"@type":
      "Telemetry", "name": "ComponentTelemetry1", "schema": "integer"}]}, {"@id":
      "dtmi:com:samples:DTComponentTestsModel;1", "@type": "Interface", "@context":
      "dtmi:dtdl:context;2", "displayName": "TempModel", "contents": [{"@type": "Property",
      "name": "Prop1", "schema": "string"}, {"@type": "Component", "name": "Component1",
      "schema": "dtmi:com:samples:DTComponentTestsComponent;1"}, {"@type": "Telemetry",
      "name": "Telemetry1", "schema": "integer"}]}]'
    headers:
      Accept:
      - application/json
      Accept-Encoding:
      - gzip, deflate
      Connection:
      - keep-alive
      Content-Length:
      - '685'
      Content-Type:
      - application/json
      User-Agent:
      - azsdk-python-digitaltwins-core/1.2.0 Python/3.10.4 (Windows-10-10.0.22000-SP0)
    method: POST
    uri: https://dttestdigitaltwinsname.api.wcus.digitaltwins.azure.net/models?api-version=2022-05-31
  response:
    body:
      string: '[{"id":"dtmi:com:samples:DTComponentTestsComponent;1","description":{},"displayName":{"en-US":"Component1"},"decommissioned":false,"uploadTime":"2022-05-26T07:27:28.7399453+00:00"},{"id":"dtmi:com:samples:DTComponentTestsModel;1","description":{},"displayName":{"en-US":"TempModel"},"decommissioned":false,"uploadTime":"2022-05-26T07:27:28.7399734+00:00"}]'
    headers:
      content-length:
      - '356'
      content-type:
      - application/json; charset=utf-8
      date:
      - Thu, 26 May 2022 07:27:28 GMT
      mise-correlation-id:
      - 7557edcf-5852-4e38-a7d6-fd7bbcec6299
      strict-transport-security:
      - max-age=2592000
      traceresponse:
      - 00-b3b14f13ee5ee642af11d095119c38df-905ca9a691972c4d-01
    status:
      code: 201
      message: Created
- request:
    body: '{"$metadata": {"$model": "dtmi:com:samples:DTComponentTestsModel;1"}, "Prop1":
      "value", "Component1": {"$metadata": {}, "ComponentProp1": "value1"}}'
    headers:
      Accept:
      - application/json
      Accept-Encoding:
      - gzip, deflate
      Connection:
      - keep-alive
      Content-Length:
      - '148'
      Content-Type:
      - application/json
      User-Agent:
      - azsdk-python-digitaltwins-core/1.2.0 Python/3.10.4 (Windows-10-10.0.22000-SP0)
    method: PUT
    uri: https://dttestdigitaltwinsname.api.wcus.digitaltwins.azure.net/digitaltwins/DTComponentTestsTempTwin?api-version=2022-05-31
  response:
    body:
      string: '{"$dtId":"DTComponentTestsTempTwin","$etag":"W/\"f40078c7-5545-44b7-970b-6193a4fd0e4b\"","Prop1":"value","Component1":{"ComponentProp1":"value1","$metadata":{"$lastUpdateTime":"2022-05-26T07:27:28.8106229Z","ComponentProp1":{"lastUpdateTime":"2022-05-26T07:27:28.8106229Z"}}},"$metadata":{"$model":"dtmi:com:samples:DTComponentTestsModel;1","$lastUpdateTime":"2022-05-26T07:27:28.8106229Z","Prop1":{"lastUpdateTime":"2022-05-26T07:27:28.8106229Z"}}}'
    headers:
      content-length:
      - '449'
      content-type:
      - application/json; charset=utf-8
      date:
      - Thu, 26 May 2022 07:27:28 GMT
      etag:
      - W/"f40078c7-5545-44b7-970b-6193a4fd0e4b"
      strict-transport-security:
      - max-age=2592000
      traceresponse:
      - 00-ed15a49991f09346b8db72ef883b5ad3-280b6209239e1440-01
    status:
      code: 200
      message: OK
- request:
    body: '[{"op": "remove", "path": "/ComponentProp1"}]'
    headers:
      Accept:
      - application/json
      Accept-Encoding:
      - gzip, deflate
      Connection:
      - keep-alive
      Content-Length:
      - '45'
      Content-Type:
      - application/json-patch+json
      User-Agent:
      - azsdk-python-digitaltwins-core/1.2.0 Python/3.10.4 (Windows-10-10.0.22000-SP0)
    method: PATCH
    uri: https://dttestdigitaltwinsname.api.wcus.digitaltwins.azure.net/digitaltwins/DTComponentTestsTempTwin/components/Component1?api-version=2022-05-31
  response:
    body:
      string: ''
    headers:
      content-length:
      - '0'
      date:
      - Thu, 26 May 2022 07:27:28 GMT
      etag:
      - W/"95e87109-06a2-4fc4-b98f-2d1398cab85b"
      strict-transport-security:
      - max-age=2592000
      traceresponse:
      - 00-ad149b56cea67347b8cab83548210984-9817982853ebd94e-01
    status:
      code: 204
      message: No Content
- request:
    body: null
    headers:
      Accept:
      - application/json
      Accept-Encoding:
      - gzip, deflate
      Connection:
      - keep-alive
      User-Agent:
      - azsdk-python-digitaltwins-core/1.2.0 Python/3.10.4 (Windows-10-10.0.22000-SP0)
    method: GET
    uri: https://dttestdigitaltwinsname.api.wcus.digitaltwins.azure.net/digitaltwins/DTComponentTestsTempTwin/components/Component1?api-version=2022-05-31
  response:
    body:
      string: '{"$metadata":{"$lastUpdateTime":"2022-05-26T07:27:28.8106229Z"}}'
    headers:
      content-length:
      - '64'
      content-type:
      - application/json; charset=utf-8
      date:
      - Thu, 26 May 2022 07:27:28 GMT
      etag:
      - W/"95e87109-06a2-4fc4-b98f-2d1398cab85b"
      strict-transport-security:
      - max-age=2592000
      traceresponse:
      - 00-d1f0636137531a40be58b7ad01ec72e1-e46255ac499db145-01
    status:
      code: 200
      message: OK
- request:
    body: null
    headers:
      Accept:
      - application/json
      Accept-Encoding:
      - gzip, deflate
      Connection:
      - keep-alive
      User-Agent:
      - azsdk-python-digitaltwins-core/1.2.0 Python/3.10.4 (Windows-10-10.0.22000-SP0)
    method: GET
    uri: https://dttestdigitaltwinsname.api.wcus.digitaltwins.azure.net/digitaltwins/DTComponentTestsTempTwin?api-version=2022-05-31
  response:
    body:
      string: '{"$dtId":"DTComponentTestsTempTwin","$etag":"W/\"95e87109-06a2-4fc4-b98f-2d1398cab85b\"","Prop1":"value","Component1":{"$metadata":{"$lastUpdateTime":"2022-05-26T07:27:28.8106229Z"}},"$metadata":{"$model":"dtmi:com:samples:DTComponentTestsModel;1","$lastUpdateTime":"2022-05-26T07:27:28.8762125Z","Prop1":{"lastUpdateTime":"2022-05-26T07:27:28.8106229Z"}}}'
    headers:
      content-length:
      - '356'
      content-type:
      - application/json; charset=utf-8
      date:
      - Thu, 26 May 2022 07:27:28 GMT
      etag:
      - W/"95e87109-06a2-4fc4-b98f-2d1398cab85b"
      strict-transport-security:
      - max-age=2592000
      traceresponse:
      - 00-a2c0c3afec74f74cae262d2c2cf43866-139e2f7992adaf4c-01
    status:
      code: 200
      message: OK
version: 1
