interactions:
- request:
    body: '[{"@id": "dtmi:com:samples:DTComponentTestsComponent;1", "@type": "Interface",
      "@context": "dtmi:dtdl:context;2", "displayName": "Component1", "contents":
      [{"@type": "Property", "name": "ComponentProp1", "schema": "string"}, {"@type":
      "Telemetry", "name": "ComponentTelemetry1", "schema": "integer"}]}, {"@id":
      "dtmi:com:samples:DTComponentTestsModel;1", "@type": "Interface", "@context":
      "dtmi:dtdl:context;2", "displayName": "TempModel", "contents": [{"@type": "Property",
      "name": "Prop1", "schema": "string"}, {"@type": "Component", "name": "Component1",
      "schema": "dtmi:com:samples:DTComponentTestsComponent;1"}, {"@type": "Telemetry",
      "name": "Telemetry1", "schema": "integer"}]}]'
    headers:
      Accept:
      - application/json
      Accept-Encoding:
      - gzip, deflate
      Connection:
      - keep-alive
      Content-Length:
      - '685'
      Content-Type:
      - application/json
      User-Agent:
      - azsdk-python-azuredigitaltwinsapi/unknown Python/3.7.4 (Windows-10-10.0.19041-SP0)
    method: POST
    uri: https://dttestdigitaltwinsname.api.wcus.digitaltwins.azure.net/models?api-version=2020-10-31
  response:
    body:
      string: '{"error":{"code":"ModelIdAlreadyExists","message":"Some of the model
        ids already exist: dtmi:com:samples:DTComponentTestsComponent;1, dtmi:com:samples:DTComponentTestsModel;1.
        Use Model_List API to view models that already exist. See the Swagger example
        (http://aka.ms/ModelListSwSmpl)."}}'
    headers:
      content-length:
      - '289'
      content-type:
      - application/json; charset=utf-8
      date:
      - Sun, 08 Nov 2020 20:13:36 GMT
      strict-transport-security:
      - max-age=2592000
    status:
      code: 409
      message: Conflict
- request:
    body: '{"$metadata": {"$model": "dtmi:com:samples:DTComponentTestsModel;1"}, "Prop1":
      "value", "Component1": {"$metadata": {}, "ComponentProp1": "value1"}}'
    headers:
      Accept:
      - application/json
      Accept-Encoding:
      - gzip, deflate
      Connection:
      - keep-alive
      Content-Length:
      - '148'
      Content-Type:
      - application/json
      User-Agent:
      - azsdk-python-azuredigitaltwinsapi/unknown Python/3.7.4 (Windows-10-10.0.19041-SP0)
    method: PUT
    uri: https://dttestdigitaltwinsname.api.wcus.digitaltwins.azure.net/digitaltwins/DTComponentTestsTempTwin?api-version=2020-10-31
  response:
    body:
      string: '{"$dtId":"DTComponentTestsTempTwin","$etag":"W/\"7f7ee7cf-e617-4b11-981c-1d0385ec61db\"","Prop1":"value","Component1":{"ComponentProp1":"value1","$metadata":{"ComponentProp1":{"lastUpdateTime":"2020-11-08T20:13:36.4666811Z"}}},"$metadata":{"$model":"dtmi:com:samples:DTComponentTestsModel;1","Prop1":{"lastUpdateTime":"2020-11-08T20:13:36.4666811Z"}}}'
    headers:
      content-length:
      - '351'
      content-type:
      - application/json; charset=utf-8
      date:
      - Sun, 08 Nov 2020 20:13:36 GMT
      etag:
      - W/"7f7ee7cf-e617-4b11-981c-1d0385ec61db"
      strict-transport-security:
      - max-age=2592000
    status:
      code: 200
      message: OK
- request:
    body: '[{"op": "move", "path": "/AverageTemperature", "value": 42}]'
    headers:
      Accept:
      - '*/*'
      Accept-Encoding:
      - gzip, deflate
      Connection:
      - keep-alive
      Content-Length:
      - '60'
      Content-Type:
      - application/json-patch+json
      User-Agent:
      - azsdk-python-azuredigitaltwinsapi/unknown Python/3.7.4 (Windows-10-10.0.19041-SP0)
    method: PATCH
    uri: https://dttestdigitaltwinsname.api.wcus.digitaltwins.azure.net/digitaltwins/DTComponentTestsTempTwin/components/Component1?api-version=2020-10-31
  response:
    body:
      string: '{"error":{"code":"JsonPatchInvalid","message":"Unsupported operation
        type: ''move'' Please provide a valid patch document. See section on update
        apis in the documentation http://aka.ms/adtv2twins."}}'
    headers:
      content-length:
      - '197'
      content-type:
      - application/json; charset=utf-8
      date:
      - Sun, 08 Nov 2020 20:13:36 GMT
      strict-transport-security:
      - max-age=2592000
    status:
      code: 400
      message: Bad Request
- request:
    body: '["AverageTemperature"]'
    headers:
      Accept:
      - '*/*'
      Accept-Encoding:
      - gzip, deflate
      Connection:
      - keep-alive
      Content-Length:
      - '22'
      Content-Type:
      - application/json-patch+json
      User-Agent:
      - azsdk-python-azuredigitaltwinsapi/unknown Python/3.7.4 (Windows-10-10.0.19041-SP0)
    method: PATCH
    uri: https://dttestdigitaltwinsname.api.wcus.digitaltwins.azure.net/digitaltwins/DTComponentTestsTempTwin/components/Component1?api-version=2020-10-31
  response:
    body:
      string: '{"errors":{"[0]":["Error converting value \"AverageTemperature\" to
        type ''Microsoft.AspNetCore.JsonPatch.Operations.Operation''. Path ''[0]'',
        line 1, position 21."]},"type":"https://tools.ietf.org/html/rfc7231#section-6.5.1","title":"One
        or more validation errors occurred.","status":400,"detail":null,"instance":null,"extensions":{"traceId":"|ea5fa529-4611921ee304ebe6."}}'
    headers:
      content-length:
      - '371'
      content-type:
      - application/problem+json; charset=utf-8
      date:
      - Sun, 08 Nov 2020 20:13:36 GMT
      strict-transport-security:
      - max-age=2592000
    status:
      code: 400
      message: Bad Request
- request:
    body: '[{}]'
    headers:
      Accept:
      - '*/*'
      Accept-Encoding:
      - gzip, deflate
      Connection:
      - keep-alive
      Content-Length:
      - '4'
      Content-Type:
      - application/json-patch+json
      User-Agent:
      - azsdk-python-azuredigitaltwinsapi/unknown Python/3.7.4 (Windows-10-10.0.19041-SP0)
    method: PATCH
    uri: https://dttestdigitaltwinsname.api.wcus.digitaltwins.azure.net/digitaltwins/DTComponentTestsTempTwin/components/Component1?api-version=2020-10-31
  response:
    body:
      string: ''
    headers:
      content-length:
      - '0'
      date:
      - Sun, 08 Nov 2020 20:13:37 GMT
      strict-transport-security:
      - max-age=2592000
    status:
      code: 500
      message: Internal Server Error
- request:
    body: '[{}]'
    headers:
      Accept:
      - '*/*'
      Accept-Encoding:
      - gzip, deflate
      Connection:
      - keep-alive
      Content-Length:
      - '4'
      Content-Type:
      - application/json-patch+json
      User-Agent:
      - azsdk-python-azuredigitaltwinsapi/unknown Python/3.7.4 (Windows-10-10.0.19041-SP0)
    method: PATCH
    uri: https://dttestdigitaltwinsname.api.wcus.digitaltwins.azure.net/digitaltwins/DTComponentTestsTempTwin/components/Component1?api-version=2020-10-31
  response:
    body:
      string: ''
    headers:
      content-length:
      - '0'
      date:
      - Sun, 08 Nov 2020 20:13:37 GMT
      strict-transport-security:
      - max-age=2592000
    status:
      code: 500
      message: Internal Server Error
- request:
    body: '[{}]'
    headers:
      Accept:
      - '*/*'
      Accept-Encoding:
      - gzip, deflate
      Connection:
      - keep-alive
      Content-Length:
      - '4'
      Content-Type:
      - application/json-patch+json
      User-Agent:
      - azsdk-python-azuredigitaltwinsapi/unknown Python/3.7.4 (Windows-10-10.0.19041-SP0)
    method: PATCH
    uri: https://dttestdigitaltwinsname.api.wcus.digitaltwins.azure.net/digitaltwins/DTComponentTestsTempTwin/components/Component1?api-version=2020-10-31
  response:
    body:
      string: ''
    headers:
      content-length:
      - '0'
      date:
      - Sun, 08 Nov 2020 20:13:39 GMT
      strict-transport-security:
      - max-age=2592000
    status:
      code: 500
      message: Internal Server Error
- request:
    body: '[{}]'
    headers:
      Accept:
      - '*/*'
      Accept-Encoding:
      - gzip, deflate
      Connection:
      - keep-alive
      Content-Length:
      - '4'
      Content-Type:
      - application/json-patch+json
      User-Agent:
      - azsdk-python-azuredigitaltwinsapi/unknown Python/3.7.4 (Windows-10-10.0.19041-SP0)
    method: PATCH
    uri: https://dttestdigitaltwinsname.api.wcus.digitaltwins.azure.net/digitaltwins/DTComponentTestsTempTwin/components/Component1?api-version=2020-10-31
  response:
    body:
      string: ''
    headers:
      content-length:
      - '0'
      date:
      - Sun, 08 Nov 2020 20:13:42 GMT
      strict-transport-security:
      - max-age=2592000
    status:
      code: 500
      message: Internal Server Error
- request:
    body: '[{"op": "add", "path": "/ComponentProp2", "value": "5"}]'
    headers:
      Accept:
      - '*/*'
      Accept-Encoding:
      - gzip, deflate
      Connection:
      - keep-alive
      Content-Length:
      - '56'
      Content-Type:
      - application/json-patch+json
      User-Agent:
      - azsdk-python-azuredigitaltwinsapi/unknown Python/3.7.4 (Windows-10-10.0.19041-SP0)
    method: PATCH
    uri: https://dttestdigitaltwinsname.api.wcus.digitaltwins.azure.net/digitaltwins/DTComponentTestsTempTwin/components/Component1?api-version=2020-10-31
  response:
    body:
      string: '{"error":{"code":"ValidationFailed","message":"Invalid twin specified","details":[{"code":"ValidationFailed","message":"ComponentProp2
        does not appear on the DTDL for Component1."}]}}'
    headers:
      content-length:
      - '183'
      content-type:
      - application/json; charset=utf-8
      date:
      - Sun, 08 Nov 2020 20:13:42 GMT
      strict-transport-security:
      - max-age=2592000
    status:
      code: 400
      message: Bad Request
- request:
    body: '[{"op": "replace", "path": "/ComponentProp1", "value": 42}]'
    headers:
      Accept:
      - '*/*'
      Accept-Encoding:
      - gzip, deflate
      Connection:
      - keep-alive
      Content-Length:
      - '59'
      Content-Type:
      - application/json-patch+json
      User-Agent:
      - azsdk-python-azuredigitaltwinsapi/unknown Python/3.7.4 (Windows-10-10.0.19041-SP0)
    method: PATCH
    uri: https://dttestdigitaltwinsname.api.wcus.digitaltwins.azure.net/digitaltwins/DTComponentTestsTempTwin/components/Component1?api-version=2020-10-31
  response:
    body:
      string: '{"error":{"code":"ValidationFailed","message":"Invalid twin specified","details":[{"code":"ValidationFailed","message":"Expected
        value of type string for ComponentProp1 on Component1."}]}}'
    headers:
      content-length:
      - '188'
      content-type:
      - application/json; charset=utf-8
      date:
      - Sun, 08 Nov 2020 20:13:42 GMT
      strict-transport-security:
      - max-age=2592000
    status:
      code: 400
      message: Bad Request
version: 1
