interactions:
- request:
    body: '[{"@id": "dtmi:com:samples:DTComponentTestsComponent;1", "@type": "Interface",
      "@context": "dtmi:dtdl:context;2", "displayName": "Component1", "contents":
      [{"@type": "Property", "name": "ComponentProp1", "schema": "string"}, {"@type":
      "Telemetry", "name": "ComponentTelemetry1", "schema": "integer"}]}, {"@id":
      "dtmi:com:samples:DTComponentTestsModel;1", "@type": "Interface", "@context":
      "dtmi:dtdl:context;2", "displayName": "TempModel", "contents": [{"@type": "Property",
      "name": "Prop1", "schema": "string"}, {"@type": "Component", "name": "Component1",
      "schema": "dtmi:com:samples:DTComponentTestsComponent;1"}, {"@type": "Telemetry",
      "name": "Telemetry1", "schema": "integer"}]}]'
    headers:
      Accept:
      - application/json
      Accept-Encoding:
      - gzip, deflate
      Connection:
      - keep-alive
      Content-Length:
      - '685'
      Content-Type:
      - application/json
      User-Agent:
      - azsdk-python-azuredigitaltwinsapi/unknown Python/3.7.4 (Windows-10-10.0.19041-SP0)
    method: POST
    uri: https://dttestdigitaltwinsname.api.wcus.digitaltwins.azure.net/models?api-version=2020-10-31
  response:
    body:
      string: '{"error":{"code":"ModelIdAlreadyExists","message":"Some of the model
        ids already exist: dtmi:com:samples:DTComponentTestsComponent;1, dtmi:com:samples:DTComponentTestsModel;1.
        Use Model_List API to view models that already exist. See the Swagger example
        (http://aka.ms/ModelListSwSmpl)."}}'
    headers:
      content-length:
      - '289'
      content-type:
      - application/json; charset=utf-8
      date:
      - Sun, 08 Nov 2020 20:13:53 GMT
      strict-transport-security:
      - max-age=2592000
    status:
      code: 409
      message: Conflict
- request:
    body: '{"$metadata": {"$model": "dtmi:com:samples:DTComponentTestsModel;1"}, "Prop1":
      "value", "Component1": {"$metadata": {}, "ComponentProp1": "value1"}}'
    headers:
      Accept:
      - application/json
      Accept-Encoding:
      - gzip, deflate
      Connection:
      - keep-alive
      Content-Length:
      - '148'
      Content-Type:
      - application/json
      User-Agent:
      - azsdk-python-azuredigitaltwinsapi/unknown Python/3.7.4 (Windows-10-10.0.19041-SP0)
    method: PUT
    uri: https://dttestdigitaltwinsname.api.wcus.digitaltwins.azure.net/digitaltwins/DTComponentTestsTempTwin?api-version=2020-10-31
  response:
    body:
      string: '{"$dtId":"DTComponentTestsTempTwin","$etag":"W/\"03d95246-5fe3-4601-a6c9-5d5fd89330ae\"","Prop1":"value","Component1":{"ComponentProp1":"value1","$metadata":{"ComponentProp1":{"lastUpdateTime":"2020-11-08T20:13:54.0131450Z"}}},"$metadata":{"$model":"dtmi:com:samples:DTComponentTestsModel;1","Prop1":{"lastUpdateTime":"2020-11-08T20:13:54.0131450Z"}}}'
    headers:
      content-length:
      - '351'
      content-type:
      - application/json; charset=utf-8
      date:
      - Sun, 08 Nov 2020 20:13:53 GMT
      etag:
      - W/"03d95246-5fe3-4601-a6c9-5d5fd89330ae"
      strict-transport-security:
      - max-age=2592000
    status:
      code: 200
      message: OK
- request:
    body: '[{"op": "replace", "path": "/ComponentProp1", "value": "value2"}]'
    headers:
      Accept:
      - '*/*'
      Accept-Encoding:
      - gzip, deflate
      Connection:
      - keep-alive
      Content-Length:
      - '65'
      Content-Type:
      - application/json-patch+json
      User-Agent:
      - azsdk-python-azuredigitaltwinsapi/unknown Python/3.7.4 (Windows-10-10.0.19041-SP0)
    method: PATCH
    uri: https://dttestdigitaltwinsname.api.wcus.digitaltwins.azure.net/digitaltwins/DTComponentTestsTempTwin/components/Component1?api-version=2020-10-31
  response:
    body:
      string: ''
    headers:
      content-length:
      - '0'
      date:
      - Sun, 08 Nov 2020 20:13:53 GMT
      etag:
      - W/"231a5c66-f6fb-41f7-a09d-f2a7436a9510"
      strict-transport-security:
      - max-age=2592000
    status:
      code: 204
      message: No Content
- request:
    body: null
    headers:
      Accept:
      - application/json
      Accept-Encoding:
      - gzip, deflate
      Connection:
      - keep-alive
      User-Agent:
      - azsdk-python-azuredigitaltwinsapi/unknown Python/3.7.4 (Windows-10-10.0.19041-SP0)
    method: GET
    uri: https://dttestdigitaltwinsname.api.wcus.digitaltwins.azure.net/digitaltwins/DTComponentTestsTempTwin/components/Component1?api-version=2020-10-31
  response:
    body:
      string: '{"ComponentProp1":"value2","$metadata":{"ComponentProp1":{"lastUpdateTime":"2020-11-08T20:13:54.2717465Z"}}}'
    headers:
      content-length:
      - '108'
      content-type:
      - application/json; charset=utf-8
      date:
      - Sun, 08 Nov 2020 20:13:54 GMT
      etag:
      - W/"231a5c66-f6fb-41f7-a09d-f2a7436a9510"
      strict-transport-security:
      - max-age=2592000
    status:
      code: 200
      message: OK
- request:
    body: null
    headers:
      Accept:
      - application/json
      Accept-Encoding:
      - gzip, deflate
      Connection:
      - keep-alive
      User-Agent:
      - azsdk-python-azuredigitaltwinsapi/unknown Python/3.7.4 (Windows-10-10.0.19041-SP0)
    method: GET
    uri: https://dttestdigitaltwinsname.api.wcus.digitaltwins.azure.net/digitaltwins/DTComponentTestsTempTwin?api-version=2020-10-31
  response:
    body:
      string: '{"$dtId":"DTComponentTestsTempTwin","$etag":"W/\"231a5c66-f6fb-41f7-a09d-f2a7436a9510\"","Prop1":"value","Component1":{"ComponentProp1":"value2","$metadata":{"ComponentProp1":{"lastUpdateTime":"2020-11-08T20:13:54.2717465Z"}}},"$metadata":{"$model":"dtmi:com:samples:DTComponentTestsModel;1","Prop1":{"lastUpdateTime":"2020-11-08T20:13:54.0131450Z"}}}'
    headers:
      content-length:
      - '351'
      content-type:
      - application/json; charset=utf-8
      date:
      - Sun, 08 Nov 2020 20:13:54 GMT
      etag:
      - W/"231a5c66-f6fb-41f7-a09d-f2a7436a9510"
      strict-transport-security:
      - max-age=2592000
    status:
      code: 200
      message: OK
version: 1
