interactions:
- request:
    body: null
    headers:
      Accept:
      - application/json
      Accept-Encoding:
      - gzip, deflate
      Connection:
      - keep-alive
      User-Agent:
      - azsdk-python-digitaltwins-core/1.2.0 Python/3.10.4 (Windows-10-10.0.22000-SP0)
    method: GET
    uri: https://dttestdigitaltwinsname.api.wcus.digitaltwins.azure.net/models?includeModelDefinition=false&api-version=2022-05-31
  response:
    body:
      string: '{"value":[{"id":"dtmi:com:samples:DTComponentTestsComponent;1","description":{},"displayName":{"en-US":"Component1"},"decommissioned":false,"uploadTime":"2022-05-26T07:27:22.2921363+00:00"},{"id":"dtmi:com:samples:DTComponentTestsModel;1","description":{},"displayName":{"en-US":"TempModel"},"decommissioned":false,"uploadTime":"2022-05-26T07:27:22.2921657+00:00"}],"nextLink":null}'
    headers:
      content-length:
      - '382'
      content-type:
      - application/json; charset=utf-8
      date:
      - Thu, 26 May 2022 07:27:23 GMT
      mise-correlation-id:
      - 4fc6c732-8203-429d-938d-fc526efd794d
      strict-transport-security:
      - max-age=2592000
      traceresponse:
      - 00-05fb115a92fee24195bf54c6ef997f7a-e6eeff23d7279e46-01
    status:
      code: 200
      message: OK
- request:
    body: null
    headers:
      Accept:
      - application/json
      Accept-Encoding:
      - gzip, deflate
      Connection:
      - keep-alive
      Content-Length:
      - '0'
      User-Agent:
      - azsdk-python-digitaltwins-core/1.2.0 Python/3.10.4 (Windows-10-10.0.22000-SP0)
    method: DELETE
    uri: https://dttestdigitaltwinsname.api.wcus.digitaltwins.azure.net/models/dtmi%3Acom%3Asamples%3ADTComponentTestsComponent%3B1?api-version=2022-05-31
  response:
    body:
      string: '{"error":{"code":"ModelReferencesNotDeleted","message":"This model
        is currently being referenced by dtmi:com:samples:DTComponentTestsModel;1.
        You must delete these references before deleting the Model.. To delete references,
        do Delete Model on Ids provided above."}}'
    headers:
      content-length:
      - '266'
      content-type:
      - application/json; charset=utf-8
      date:
      - Thu, 26 May 2022 07:27:23 GMT
      mise-correlation-id:
      - 0d0332df-cdd0-4559-82f4-976804e2aa86
      strict-transport-security:
      - max-age=2592000
      traceresponse:
      - 00-cb44bd6cc729dd41b2ddefa08ec103d5-d726e9c72aa14c4f-01
    status:
      code: 409
      message: Conflict
- request:
    body: null
    headers:
      Accept:
      - application/json
      Accept-Encoding:
      - gzip, deflate
      Connection:
      - keep-alive
      Content-Length:
      - '0'
      User-Agent:
      - azsdk-python-digitaltwins-core/1.2.0 Python/3.10.4 (Windows-10-10.0.22000-SP0)
    method: DELETE
    uri: https://dttestdigitaltwinsname.api.wcus.digitaltwins.azure.net/models/dtmi%3Acom%3Asamples%3ADTComponentTestsModel%3B1?api-version=2022-05-31
  response:
    body:
      string: ''
    headers:
      content-length:
      - '0'
      date:
      - Thu, 26 May 2022 07:27:23 GMT
      mise-correlation-id:
      - c3cde66a-45c6-44a4-ab8d-e47eb49f06b6
      strict-transport-security:
      - max-age=2592000
      traceresponse:
      - 00-7b003d9c37d3b4449cb6b7539ce2b046-16512925fede4b44-01
    status:
      code: 204
      message: No Content
- request:
    body: null
    headers:
      Accept:
      - application/json
      Accept-Encoding:
      - gzip, deflate
      Connection:
      - keep-alive
      User-Agent:
      - azsdk-python-digitaltwins-core/1.2.0 Python/3.10.4 (Windows-10-10.0.22000-SP0)
    method: GET
    uri: https://dttestdigitaltwinsname.api.wcus.digitaltwins.azure.net/models?includeModelDefinition=false&api-version=2022-05-31
  response:
    body:
      string: '{"value":[{"id":"dtmi:com:samples:DTComponentTestsComponent;1","description":{},"displayName":{"en-US":"Component1"},"decommissioned":false,"uploadTime":"2022-05-26T07:27:22.2921363+00:00"}],"nextLink":null}'
    headers:
      content-length:
      - '207'
      content-type:
      - application/json; charset=utf-8
      date:
      - Thu, 26 May 2022 07:27:23 GMT
      mise-correlation-id:
      - ae752660-0d7f-47c0-83aa-5019ae6b5429
      strict-transport-security:
      - max-age=2592000
      traceresponse:
      - 00-fb7ea564106a7c4d8a68dd4bb6a53a90-d85e517a8db4af45-01
    status:
      code: 200
      message: OK
- request:
    body: null
    headers:
      Accept:
      - application/json
      Accept-Encoding:
      - gzip, deflate
      Connection:
      - keep-alive
      Content-Length:
      - '0'
      User-Agent:
      - azsdk-python-digitaltwins-core/1.2.0 Python/3.10.4 (Windows-10-10.0.22000-SP0)
    method: DELETE
    uri: https://dttestdigitaltwinsname.api.wcus.digitaltwins.azure.net/models/dtmi%3Acom%3Asamples%3ADTComponentTestsComponent%3B1?api-version=2022-05-31
  response:
    body:
      string: ''
    headers:
      content-length:
      - '0'
      date:
      - Thu, 26 May 2022 07:27:23 GMT
      mise-correlation-id:
      - b23eba3f-701b-4193-b871-5adaf229a979
      strict-transport-security:
      - max-age=2592000
      traceresponse:
      - 00-ad7b063f8e79254ea2f78ee8f4047e87-4b794a103a13c843-01
    status:
      code: 204
      message: No Content
- request:
    body: null
    headers:
      Accept:
      - application/json
      Accept-Encoding:
      - gzip, deflate
      Connection:
      - keep-alive
      User-Agent:
      - azsdk-python-digitaltwins-core/1.2.0 Python/3.10.4 (Windows-10-10.0.22000-SP0)
    method: GET
    uri: https://dttestdigitaltwinsname.api.wcus.digitaltwins.azure.net/models?includeModelDefinition=false&api-version=2022-05-31
  response:
    body:
      string: '{"value":[],"nextLink":null}'
    headers:
      content-length:
      - '28'
      content-type:
      - application/json; charset=utf-8
      date:
      - Thu, 26 May 2022 07:27:23 GMT
      mise-correlation-id:
      - 7719a37d-a0a4-49f8-8ee3-21e8b9d5906c
      strict-transport-security:
      - max-age=2592000
      traceresponse:
      - 00-ab832b56b70a1149b72b7484afe67318-aaa5cdfd1ec6b240-01
    status:
      code: 200
      message: OK
- request:
    body: '[{"@id": "dtmi:com:samples:DTComponentTestsComponent;1", "@type": "Interface",
      "@context": "dtmi:dtdl:context;2", "displayName": "Component1", "contents":
      [{"@type": "Property", "name": "ComponentProp1", "schema": "string"}, {"@type":
      "Telemetry", "name": "ComponentTelemetry1", "schema": "integer"}]}, {"@id":
      "dtmi:com:samples:DTComponentTestsModel;1", "@type": "Interface", "@context":
      "dtmi:dtdl:context;2", "displayName": "TempModel", "contents": [{"@type": "Property",
      "name": "Prop1", "schema": "string"}, {"@type": "Component", "name": "Component1",
      "schema": "dtmi:com:samples:DTComponentTestsComponent;1"}, {"@type": "Telemetry",
      "name": "Telemetry1", "schema": "integer"}]}]'
    headers:
      Accept:
      - application/json
      Accept-Encoding:
      - gzip, deflate
      Connection:
      - keep-alive
      Content-Length:
      - '685'
      Content-Type:
      - application/json
      User-Agent:
      - azsdk-python-digitaltwins-core/1.2.0 Python/3.10.4 (Windows-10-10.0.22000-SP0)
    method: POST
    uri: https://dttestdigitaltwinsname.api.wcus.digitaltwins.azure.net/models?api-version=2022-05-31
  response:
    body:
      string: '[{"id":"dtmi:com:samples:DTComponentTestsComponent;1","description":{},"displayName":{"en-US":"Component1"},"decommissioned":false,"uploadTime":"2022-05-26T07:27:23.7924877+00:00"},{"id":"dtmi:com:samples:DTComponentTestsModel;1","description":{},"displayName":{"en-US":"TempModel"},"decommissioned":false,"uploadTime":"2022-05-26T07:27:23.7925411+00:00"}]'
    headers:
      content-length:
      - '356'
      content-type:
      - application/json; charset=utf-8
      date:
      - Thu, 26 May 2022 07:27:23 GMT
      mise-correlation-id:
      - 0cfbf551-8003-4161-91e5-a974e088e3d5
      strict-transport-security:
      - max-age=2592000
      traceresponse:
      - 00-db84b1b8be54e143a13d5592adb0e1d9-0a9cccde9a8c794e-01
    status:
      code: 201
      message: Created
- request:
    body: '{"$metadata": {"$model": "dtmi:com:samples:DTComponentTestsModel;1"}, "Prop1":
      "value", "Component1": {"$metadata": {}, "ComponentProp1": "value1"}}'
    headers:
      Accept:
      - application/json
      Accept-Encoding:
      - gzip, deflate
      Connection:
      - keep-alive
      Content-Length:
      - '148'
      Content-Type:
      - application/json
      User-Agent:
      - azsdk-python-digitaltwins-core/1.2.0 Python/3.10.4 (Windows-10-10.0.22000-SP0)
    method: PUT
    uri: https://dttestdigitaltwinsname.api.wcus.digitaltwins.azure.net/digitaltwins/DTComponentTestsTempTwin?api-version=2022-05-31
  response:
    body:
      string: '{"$dtId":"DTComponentTestsTempTwin","$etag":"W/\"ddce578e-e76b-4f1c-81a2-4c275b6ac39c\"","Prop1":"value","Component1":{"ComponentProp1":"value1","$metadata":{"$lastUpdateTime":"2022-05-26T07:27:23.8665645Z","ComponentProp1":{"lastUpdateTime":"2022-05-26T07:27:23.8665645Z"}}},"$metadata":{"$model":"dtmi:com:samples:DTComponentTestsModel;1","$lastUpdateTime":"2022-05-26T07:27:23.8665645Z","Prop1":{"lastUpdateTime":"2022-05-26T07:27:23.8665645Z"}}}'
    headers:
      content-length:
      - '449'
      content-type:
      - application/json; charset=utf-8
      date:
      - Thu, 26 May 2022 07:27:23 GMT
      etag:
      - W/"ddce578e-e76b-4f1c-81a2-4c275b6ac39c"
      strict-transport-security:
      - max-age=2592000
      traceresponse:
      - 00-2b0b293878290a40a7908d5af032d5c0-6ba1b801fdfa874f-01
    status:
      code: 200
      message: OK
- request:
    body: '[{"op": "replace", "path": "/ComponentProp1", "value": "value2"}]'
    headers:
      Accept:
      - application/json
      Accept-Encoding:
      - gzip, deflate
      Connection:
      - keep-alive
      Content-Length:
      - '65'
      Content-Type:
      - application/json-patch+json
      If-Match:
      - '*'
      User-Agent:
      - azsdk-python-digitaltwins-core/1.2.0 Python/3.10.4 (Windows-10-10.0.22000-SP0)
    method: PATCH
    uri: https://dttestdigitaltwinsname.api.wcus.digitaltwins.azure.net/digitaltwins/DTComponentTestsTempTwin/components/Component1?api-version=2022-05-31
  response:
    body:
      string: ''
    headers:
      content-length:
      - '0'
      date:
      - Thu, 26 May 2022 07:27:23 GMT
      etag:
      - W/"e6d1039a-4f3c-4987-be5f-a84c06714239"
      strict-transport-security:
      - max-age=2592000
      traceresponse:
      - 00-90504be56ca4c547a37fe41974756481-3083c3127a55584b-01
    status:
      code: 204
      message: No Content
- request:
    body: null
    headers:
      Accept:
      - application/json
      Accept-Encoding:
      - gzip, deflate
      Connection:
      - keep-alive
      User-Agent:
      - azsdk-python-digitaltwins-core/1.2.0 Python/3.10.4 (Windows-10-10.0.22000-SP0)
    method: GET
    uri: https://dttestdigitaltwinsname.api.wcus.digitaltwins.azure.net/digitaltwins/DTComponentTestsTempTwin/components/Component1?api-version=2022-05-31
  response:
    body:
      string: '{"ComponentProp1":"value2","$metadata":{"$lastUpdateTime":"2022-05-26T07:27:23.9280097Z","ComponentProp1":{"lastUpdateTime":"2022-05-26T07:27:23.9280097Z"}}}'
    headers:
      content-length:
      - '157'
      content-type:
      - application/json; charset=utf-8
      date:
      - Thu, 26 May 2022 07:27:23 GMT
      etag:
      - W/"e6d1039a-4f3c-4987-be5f-a84c06714239"
      strict-transport-security:
      - max-age=2592000
      traceresponse:
      - 00-129816c7727bc548a7c8da6e311f6dd1-1cce0d1b1d10e84e-01
    status:
      code: 200
      message: OK
version: 1
