{
  "Entries": [
    {
      "RequestUri": "https://login.microsoftonline.com/00000000-0000-0000-0000-000000000000/v2.0/.well-known/openid-configuration",
      "RequestMethod": "GET",
      "RequestHeaders": {
        "Accept": "*/*",
        "Accept-Encoding": "gzip, deflate",
        "Connection": "keep-alive",
        "User-Agent": "azsdk-python-identity/1.13.0 Python/3.10.11 (Windows-10-10.0.22621-SP0)"
      },
      "RequestBody": null,
      "StatusCode": 200,
      "ResponseHeaders": {
        "Access-Control-Allow-Methods": "GET, OPTIONS",
        "Access-Control-Allow-Origin": "*",
        "Cache-Control": "max-age=86400, private",
        "Content-Length": "1753",
        "Content-Type": "application/json; charset=utf-8",
        "Date": "Thu, 01 Jun 2023 20:38:19 GMT",
        "P3P": "CP=\u0022DSP CUR OTPi IND OTRi ONL FIN\u0022",
        "Set-Cookie": "[set-cookie;]",
        "Strict-Transport-Security": "max-age=31536000; includeSubDomains",
        "X-Content-Type-Options": "nosniff",
        "x-ms-ests-server": "2.1.15482.15 - WUS2 ProdSlices",
        "X-XSS-Protection": "0"
      },
      "ResponseBody": {
        "token_endpoint": "https://login.microsoftonline.com/00000000-0000-0000-0000-000000000000/oauth2/v2.0/token",
        "token_endpoint_auth_methods_supported": [
          "client_secret_post",
          "private_key_jwt",
          "client_secret_basic"
        ],
        "jwks_uri": "https://login.microsoftonline.com/00000000-0000-0000-0000-000000000000/discovery/v2.0/keys",
        "response_modes_supported": [
          "query",
          "fragment",
          "form_post"
        ],
        "subject_types_supported": [
          "pairwise"
        ],
        "id_token_signing_alg_values_supported": [
          "RS256"
        ],
        "response_types_supported": [
          "code",
          "id_token",
          "code id_token",
          "id_token token"
        ],
        "scopes_supported": [
          "openid",
          "profile",
          "email",
          "offline_access"
        ],
        "issuer": "https://login.microsoftonline.com/00000000-0000-0000-0000-000000000000/v2.0",
        "request_uri_parameter_supported": false,
        "userinfo_endpoint": "https://graph.microsoft.com/oidc/userinfo",
        "authorization_endpoint": "https://login.microsoftonline.com/00000000-0000-0000-0000-000000000000/oauth2/v2.0/authorize",
        "device_authorization_endpoint": "https://login.microsoftonline.com/00000000-0000-0000-0000-000000000000/oauth2/v2.0/devicecode",
        "http_logout_supported": true,
        "frontchannel_logout_supported": true,
        "end_session_endpoint": "https://login.microsoftonline.com/00000000-0000-0000-0000-000000000000/oauth2/v2.0/logout",
        "claims_supported": [
          "sub",
          "iss",
          "cloud_instance_name",
          "cloud_instance_host_name",
          "cloud_graph_host_name",
          "msgraph_host",
          "aud",
          "exp",
          "iat",
          "auth_time",
          "acr",
          "nonce",
          "preferred_username",
          "name",
          "tid",
          "ver",
          "at_hash",
          "c_hash",
          "email"
        ],
        "kerberos_endpoint": "https://login.microsoftonline.com/00000000-0000-0000-0000-000000000000/kerberos",
        "tenant_region_scope": "WW",
        "cloud_instance_name": "microsoftonline.com",
        "cloud_graph_host_name": "graph.windows.net",
        "msgraph_host": "graph.microsoft.com",
        "rbac_url": "https://pas.windows.net"
      }
    },
    {
      "RequestUri": "https://login.microsoftonline.com/common/discovery/instance?api-version=1.1\u0026authorization_endpoint=https://login.microsoftonline.com/common/oauth2/authorize",
      "RequestMethod": "GET",
      "RequestHeaders": {
        "Accept": "application/json",
        "Accept-Encoding": "gzip, deflate",
        "Connection": "keep-alive",
        "User-Agent": "azsdk-python-identity/1.13.0 Python/3.10.11 (Windows-10-10.0.22621-SP0)"
      },
      "RequestBody": null,
      "StatusCode": 200,
      "ResponseHeaders": {
        "Access-Control-Allow-Methods": "GET, OPTIONS",
        "Access-Control-Allow-Origin": "*",
        "Cache-Control": "max-age=86400, private",
        "Content-Length": "945",
        "Content-Type": "application/json; charset=utf-8",
        "Date": "Thu, 01 Jun 2023 20:38:19 GMT",
        "P3P": "CP=\u0022DSP CUR OTPi IND OTRi ONL FIN\u0022",
        "Set-Cookie": "[set-cookie;]",
        "Strict-Transport-Security": "max-age=31536000; includeSubDomains",
        "X-Content-Type-Options": "nosniff",
        "x-ms-ests-server": "2.1.15427.11 - NCUS ProdSlices",
        "X-XSS-Protection": "0"
      },
      "ResponseBody": {
        "tenant_discovery_endpoint": "https://login.microsoftonline.com/common/.well-known/openid-configuration",
        "api-version": "1.1",
        "metadata": [
          {
            "preferred_network": "login.microsoftonline.com",
            "preferred_cache": "login.windows.net",
            "aliases": [
              "login.microsoftonline.com",
              "login.windows.net",
              "login.microsoft.com",
              "sts.windows.net"
            ]
          },
          {
            "preferred_network": "login.partner.microsoftonline.cn",
            "preferred_cache": "login.partner.microsoftonline.cn",
            "aliases": [
              "login.partner.microsoftonline.cn",
              "login.chinacloudapi.cn"
            ]
          },
          {
            "preferred_network": "login.microsoftonline.de",
            "preferred_cache": "login.microsoftonline.de",
            "aliases": [
              "login.microsoftonline.de"
            ]
          },
          {
            "preferred_network": "login.microsoftonline.us",
            "preferred_cache": "login.microsoftonline.us",
            "aliases": [
              "login.microsoftonline.us",
              "login.usgovcloudapi.net"
            ]
          },
          {
            "preferred_network": "login-us.microsoftonline.com",
            "preferred_cache": "login-us.microsoftonline.com",
            "aliases": [
              "login-us.microsoftonline.com"
            ]
          }
        ]
      }
    },
    {
      "RequestUri": "https://fake.api.wcus.digitaltwins.azure.net/models?includeModelDefinition=false\u0026api-version=2022-05-31",
      "RequestMethod": "GET",
      "RequestHeaders": {
        "Accept": "application/json",
        "Accept-Encoding": "gzip, deflate",
        "Connection": "keep-alive",
        "User-Agent": "azsdk-python-digitaltwins-core/1.2.1 Python/3.10.11 (Windows-10-10.0.22621-SP0)"
      },
      "RequestBody": null,
      "StatusCode": 200,
      "ResponseHeaders": {
        "Content-Length": "521",
        "Content-Type": "application/json; charset=utf-8",
        "Date": "Thu, 01 Jun 2023 20:38:19 GMT",
        "mise-correlation-id": "c600877f-09aa-4f02-bf32-705c8543ed07",
        "Strict-Transport-Security": "max-age=2592000",
        "traceresponse": "00-56ef977312c1738dcf10b07c7eadaccc-7eb19902ba945221-01"
      },
      "ResponseBody": {
        "value": [
          {
            "id": "dtmi:samples:RelationshipTestBuilding;1",
            "description": {},
            "displayName": {
              "en": "Building"
            },
            "decommissioned": false,
            "uploadTime": "2023-06-01T20:38:18.26941\u002B00:00"
          },
          {
            "id": "dtmi:samples:RelationshipTestFloor;1",
            "description": {},
            "displayName": {
              "en": "Floor"
            },
            "decommissioned": false,
            "uploadTime": "2023-06-01T20:38:18.2694691\u002B00:00"
          },
          {
            "id": "dtmi:samples:RelationshipTestRoom;1",
            "description": {},
            "displayName": {
              "en": "Room"
            },
            "decommissioned": false,
            "uploadTime": "2023-06-01T20:38:18.2694822\u002B00:00"
          }
        ],
        "nextLink": null
      }
    },
    {
      "RequestUri": "https://fake.api.wcus.digitaltwins.azure.net/models/dtmi%3Asamples%3ARelationshipTestBuilding%3B1?api-version=2022-05-31",
      "RequestMethod": "DELETE",
      "RequestHeaders": {
        "Accept": "application/json",
        "Accept-Encoding": "gzip, deflate",
        "Connection": "keep-alive",
        "Content-Length": "0",
        "User-Agent": "azsdk-python-digitaltwins-core/1.2.1 Python/3.10.11 (Windows-10-10.0.22621-SP0)"
      },
      "RequestBody": null,
      "StatusCode": 204,
      "ResponseHeaders": {
        "Content-Length": "0",
        "Date": "Thu, 01 Jun 2023 20:38:20 GMT",
        "mise-correlation-id": "19167a3e-41d9-4151-8ec5-be7b6cf60bbd",
        "Strict-Transport-Security": "max-age=2592000",
        "traceresponse": "00-2eb593d109582901466b5dffd71d54de-a08cbd8e43e05344-01"
      },
      "ResponseBody": null
    },
    {
      "RequestUri": "https://fake.api.wcus.digitaltwins.azure.net/models/dtmi%3Asamples%3ARelationshipTestFloor%3B1?api-version=2022-05-31",
      "RequestMethod": "DELETE",
      "RequestHeaders": {
        "Accept": "application/json",
        "Accept-Encoding": "gzip, deflate",
        "Connection": "keep-alive",
        "Content-Length": "0",
        "User-Agent": "azsdk-python-digitaltwins-core/1.2.1 Python/3.10.11 (Windows-10-10.0.22621-SP0)"
      },
      "RequestBody": null,
      "StatusCode": 204,
      "ResponseHeaders": {
        "Content-Length": "0",
        "Date": "Thu, 01 Jun 2023 20:38:20 GMT",
        "mise-correlation-id": "0818c04f-6059-4009-bf6c-86838c0f5ace",
        "Strict-Transport-Security": "max-age=2592000",
        "traceresponse": "00-5ff82f1fa3c0ff8c119f1a2e5d9a2020-01c5eeefd89360ec-01"
      },
      "ResponseBody": null
    },
    {
      "RequestUri": "https://fake.api.wcus.digitaltwins.azure.net/models/dtmi%3Asamples%3ARelationshipTestRoom%3B1?api-version=2022-05-31",
      "RequestMethod": "DELETE",
      "RequestHeaders": {
        "Accept": "application/json",
        "Accept-Encoding": "gzip, deflate",
        "Connection": "keep-alive",
        "Content-Length": "0",
        "User-Agent": "azsdk-python-digitaltwins-core/1.2.1 Python/3.10.11 (Windows-10-10.0.22621-SP0)"
      },
      "RequestBody": null,
      "StatusCode": 204,
      "ResponseHeaders": {
        "Content-Length": "0",
        "Date": "Thu, 01 Jun 2023 20:38:20 GMT",
        "mise-correlation-id": "195d5a49-afff-4368-90a0-e6807d324551",
        "Strict-Transport-Security": "max-age=2592000",
        "traceresponse": "00-2726b58d6982438dc22610369ac483b7-a4a6e510c5a6b2d6-01"
      },
      "ResponseBody": null
    },
    {
      "RequestUri": "https://fake.api.wcus.digitaltwins.azure.net/models?includeModelDefinition=false\u0026api-version=2022-05-31",
      "RequestMethod": "GET",
      "RequestHeaders": {
        "Accept": "application/json",
        "Accept-Encoding": "gzip, deflate",
        "Connection": "keep-alive",
        "User-Agent": "azsdk-python-digitaltwins-core/1.2.1 Python/3.10.11 (Windows-10-10.0.22621-SP0)"
      },
      "RequestBody": null,
      "StatusCode": 200,
      "ResponseHeaders": {
        "Content-Length": "28",
        "Content-Type": "application/json; charset=utf-8",
        "Date": "Thu, 01 Jun 2023 20:38:20 GMT",
        "mise-correlation-id": "932422b9-6b69-4de6-9517-8e434af26641",
        "Strict-Transport-Security": "max-age=2592000",
        "traceresponse": "00-c17c136edd0c25a1011e3d18f1c26ef1-5a9465ad754a28c0-01"
      },
      "ResponseBody": {
        "value": [],
        "nextLink": null
      }
    },
    {
      "RequestUri": "https://fake.api.wcus.digitaltwins.azure.net/digitaltwins/DTRelationshipTestsRoomTwin/relationships?api-version=2022-05-31",
      "RequestMethod": "GET",
      "RequestHeaders": {
        "Accept": "application/json",
        "Accept-Encoding": "gzip, deflate",
        "Connection": "keep-alive",
        "User-Agent": "azsdk-python-digitaltwins-core/1.2.1 Python/3.10.11 (Windows-10-10.0.22621-SP0)"
      },
      "RequestBody": null,
      "StatusCode": 200,
      "ResponseHeaders": {
        "Content-Length": "28",
        "Content-Type": "application/json; charset=utf-8",
        "Date": "Thu, 01 Jun 2023 20:38:20 GMT",
        "mise-correlation-id": "0d3df648-095d-4ca1-8f7f-f8ebb69f2e75",
        "Strict-Transport-Security": "max-age=2592000",
        "traceresponse": "00-3f44e7d79f61d4975b29bb955955afc9-1f0c15b7532601f9-01"
      },
      "ResponseBody": {
        "nextLink": null,
        "value": []
      }
    },
    {
      "RequestUri": "https://fake.api.wcus.digitaltwins.azure.net/digitaltwins/DTRelationshipTestsFloorTwin/relationships?api-version=2022-05-31",
      "RequestMethod": "GET",
      "RequestHeaders": {
        "Accept": "application/json",
        "Accept-Encoding": "gzip, deflate",
        "Connection": "keep-alive",
        "User-Agent": "azsdk-python-digitaltwins-core/1.2.1 Python/3.10.11 (Windows-10-10.0.22621-SP0)"
      },
      "RequestBody": null,
      "StatusCode": 200,
      "ResponseHeaders": {
        "Content-Length": "28",
        "Content-Type": "application/json; charset=utf-8",
        "Date": "Thu, 01 Jun 2023 20:38:20 GMT",
        "mise-correlation-id": "4c02b2ed-b952-4c70-a8d1-834bcd3439eb",
        "Strict-Transport-Security": "max-age=2592000",
        "traceresponse": "00-e9b1e9ef215c5e220b64552fe31193eb-317facd6b272b788-01"
      },
      "ResponseBody": {
        "nextLink": null,
        "value": []
      }
    },
    {
      "RequestUri": "https://fake.api.wcus.digitaltwins.azure.net/digitaltwins/DTRelationshipTestsBuildingTwin/relationships?api-version=2022-05-31",
      "RequestMethod": "GET",
      "RequestHeaders": {
        "Accept": "application/json",
        "Accept-Encoding": "gzip, deflate",
        "Connection": "keep-alive",
        "User-Agent": "azsdk-python-digitaltwins-core/1.2.1 Python/3.10.11 (Windows-10-10.0.22621-SP0)"
      },
      "RequestBody": null,
      "StatusCode": 200,
      "ResponseHeaders": {
        "Content-Length": "261",
        "Content-Type": "application/json; charset=utf-8",
        "Date": "Thu, 01 Jun 2023 20:38:20 GMT",
        "mise-correlation-id": "f5c729a7-03ee-43b8-9a7c-8bd92544aa29",
        "Strict-Transport-Security": "max-age=2592000",
        "traceresponse": "00-1b2393f4df27ec9791937cc2aadfc25f-950d6697896783f2-01"
      },
      "ResponseBody": {
        "nextLink": null,
        "value": [
          {
            "$relationshipId": "BuildingHasFloor",
            "$etag": "W/\u00225fd7d897-f861-4d49-9654-f7ebd55663fe\u0022",
            "$sourceId": "DTRelationshipTestsBuildingTwin",
            "$relationshipName": "has",
            "$targetId": "DTRelationshipTestsFloorTwin",
            "isAccessRestricted": false
          }
        ]
      }
    },
    {
      "RequestUri": "https://fake.api.wcus.digitaltwins.azure.net/digitaltwins/DTRelationshipTestsBuildingTwin/relationships/BuildingHasFloor?api-version=2022-05-31",
      "RequestMethod": "DELETE",
      "RequestHeaders": {
        "Accept": "application/json",
        "Accept-Encoding": "gzip, deflate",
        "Connection": "keep-alive",
        "Content-Length": "0",
        "User-Agent": "azsdk-python-digitaltwins-core/1.2.1 Python/3.10.11 (Windows-10-10.0.22621-SP0)"
      },
      "RequestBody": null,
      "StatusCode": 204,
      "ResponseHeaders": {
        "Content-Length": "0",
        "Date": "Thu, 01 Jun 2023 20:38:21 GMT",
        "mise-correlation-id": "bf9f09b3-c897-411f-bafc-8afe06bbb687",
        "Strict-Transport-Security": "max-age=2592000",
        "traceresponse": "00-be5300c6e4c8ddd632b08fd09650f6d7-e813e45c0c4bedcb-01"
      },
      "ResponseBody": null
    },
    {
      "RequestUri": "https://fake.api.wcus.digitaltwins.azure.net/digitaltwins/DTRelationshipTestsRoomTwin?api-version=2022-05-31",
      "RequestMethod": "DELETE",
      "RequestHeaders": {
        "Accept": "application/json",
        "Accept-Encoding": "gzip, deflate",
        "Connection": "keep-alive",
        "Content-Length": "0",
        "User-Agent": "azsdk-python-digitaltwins-core/1.2.1 Python/3.10.11 (Windows-10-10.0.22621-SP0)"
      },
      "RequestBody": null,
      "StatusCode": 204,
      "ResponseHeaders": {
        "Content-Length": "0",
        "Date": "Thu, 01 Jun 2023 20:38:21 GMT",
        "mise-correlation-id": "08a9ded5-3c6f-4c47-9d7e-673814cd9fe7",
        "Strict-Transport-Security": "max-age=2592000",
        "traceresponse": "00-ff628c1b55222c4ea95ab42ae33bc76a-6cd87bd313443348-01"
      },
      "ResponseBody": null
    },
    {
      "RequestUri": "https://fake.api.wcus.digitaltwins.azure.net/digitaltwins/DTRelationshipTestsFloorTwin?api-version=2022-05-31",
      "RequestMethod": "DELETE",
      "RequestHeaders": {
        "Accept": "application/json",
        "Accept-Encoding": "gzip, deflate",
        "Connection": "keep-alive",
        "Content-Length": "0",
        "User-Agent": "azsdk-python-digitaltwins-core/1.2.1 Python/3.10.11 (Windows-10-10.0.22621-SP0)"
      },
      "RequestBody": null,
      "StatusCode": 204,
      "ResponseHeaders": {
        "Content-Length": "0",
        "Date": "Thu, 01 Jun 2023 20:38:21 GMT",
        "mise-correlation-id": "90f468e5-93cc-42e4-a084-7e8e754249e3",
        "Strict-Transport-Security": "max-age=2592000",
        "traceresponse": "00-8868257a1db591223d2323f783ffaaab-23319c3f0fe545d2-01"
      },
      "ResponseBody": null
    },
    {
      "RequestUri": "https://fake.api.wcus.digitaltwins.azure.net/digitaltwins/DTRelationshipTestsBuildingTwin?api-version=2022-05-31",
      "RequestMethod": "DELETE",
      "RequestHeaders": {
        "Accept": "application/json",
        "Accept-Encoding": "gzip, deflate",
        "Connection": "keep-alive",
        "Content-Length": "0",
        "User-Agent": "azsdk-python-digitaltwins-core/1.2.1 Python/3.10.11 (Windows-10-10.0.22621-SP0)"
      },
      "RequestBody": null,
      "StatusCode": 204,
      "ResponseHeaders": {
        "Content-Length": "0",
        "Date": "Thu, 01 Jun 2023 20:38:21 GMT",
        "mise-correlation-id": "7fe2177c-d6a4-4261-8273-2ab7b0c20eb7",
        "Strict-Transport-Security": "max-age=2592000",
        "traceresponse": "00-9c7e6aeaa2d500c6cb1b56f4cfc6aedc-125080df6420f3f5-01"
      },
      "ResponseBody": null
    },
    {
      "RequestUri": "https://fake.api.wcus.digitaltwins.azure.net/models?api-version=2022-05-31",
      "RequestMethod": "POST",
      "RequestHeaders": {
        "Accept": "application/json",
        "Accept-Encoding": "gzip, deflate",
        "Connection": "keep-alive",
        "Content-Length": "992",
        "Content-Type": "application/json",
        "User-Agent": "azsdk-python-digitaltwins-core/1.2.1 Python/3.10.11 (Windows-10-10.0.22621-SP0)"
      },
      "RequestBody": "[{\u0022@id\u0022: \u0022dtmi:samples:RelationshipTestBuilding;1\u0022, \u0022@type\u0022: \u0022Interface\u0022, \u0022@context\u0022: \u0022dtmi:dtdl:context;2\u0022, \u0022displayName\u0022: \u0022Building\u0022, \u0022contents\u0022: [{\u0022@type\u0022: \u0022Relationship\u0022, \u0022name\u0022: \u0022has\u0022, \u0022target\u0022: \u0022dtmi:samples:RelationshipTestFloor;1\u0022, \u0022properties\u0022: [{\u0022@type\u0022: \u0022Property\u0022, \u0022name\u0022: \u0022isAccessRestricted\u0022, \u0022schema\u0022: \u0022boolean\u0022}]}, {\u0022@type\u0022: \u0022Property\u0022, \u0022name\u0022: \u0022AverageTemperature\u0022, \u0022schema\u0022: \u0022double\u0022}]}, {\u0022@id\u0022: \u0022dtmi:samples:RelationshipTestFloor;1\u0022, \u0022@type\u0022: \u0022Interface\u0022, \u0022@context\u0022: \u0022dtmi:dtdl:context;2\u0022, \u0022displayName\u0022: \u0022Floor\u0022, \u0022contents\u0022: [{\u0022@type\u0022: \u0022Relationship\u0022, \u0022name\u0022: \u0022contains\u0022, \u0022target\u0022: \u0022dtmi:samples:RelationshipTestRoom;1\u0022}, {\u0022@type\u0022: \u0022Property\u0022, \u0022name\u0022: \u0022AverageTemperature\u0022, \u0022schema\u0022: \u0022double\u0022}]}, {\u0022@id\u0022: \u0022dtmi:samples:RelationshipTestRoom;1\u0022, \u0022@type\u0022: \u0022Interface\u0022, \u0022@context\u0022: \u0022dtmi:dtdl:context;2\u0022, \u0022displayName\u0022: \u0022Room\u0022, \u0022contents\u0022: [{\u0022@type\u0022: \u0022Property\u0022, \u0022name\u0022: \u0022Temperature\u0022, \u0022schema\u0022: \u0022double\u0022}, {\u0022@type\u0022: \u0022Property\u0022, \u0022name\u0022: \u0022IsOccupied\u0022, \u0022schema\u0022: \u0022boolean\u0022}]}]",
      "StatusCode": 201,
      "ResponseHeaders": {
        "Content-Length": "497",
        "Content-Type": "application/json; charset=utf-8",
        "Date": "Thu, 01 Jun 2023 20:38:21 GMT",
        "mise-correlation-id": "dc18018a-ed67-4bb0-8b91-c62f26a05b0b",
        "Strict-Transport-Security": "max-age=2592000",
        "traceresponse": "00-6cb539effca133cfbafce6b82bb23abb-9084fec4f72fb4e1-01"
      },
      "ResponseBody": "[{\u0022id\u0022:\u0022dtmi:samples:RelationshipTestBuilding;1\u0022,\u0022description\u0022:{},\u0022displayName\u0022:{\u0022en\u0022:\u0022Building\u0022},\u0022decommissioned\u0022:false,\u0022uploadTime\u0022:\u00222023-06-01T20:38:22.3120712\u002B00:00\u0022},{\u0022id\u0022:\u0022dtmi:samples:RelationshipTestFloor;1\u0022,\u0022description\u0022:{},\u0022displayName\u0022:{\u0022en\u0022:\u0022Floor\u0022},\u0022decommissioned\u0022:false,\u0022uploadTime\u0022:\u00222023-06-01T20:38:22.3120926\u002B00:00\u0022},{\u0022id\u0022:\u0022dtmi:samples:RelationshipTestRoom;1\u0022,\u0022description\u0022:{},\u0022displayName\u0022:{\u0022en\u0022:\u0022Room\u0022},\u0022decommissioned\u0022:false,\u0022uploadTime\u0022:\u00222023-06-01T20:38:22.3121044\u002B00:00\u0022}]"
    },
    {
      "RequestUri": "https://fake.api.wcus.digitaltwins.azure.net/digitaltwins/DTRelationshipTestsBuildingTwin?api-version=2022-05-31",
      "RequestMethod": "PUT",
      "RequestHeaders": {
        "Accept": "application/json",
        "Accept-Encoding": "gzip, deflate",
        "Connection": "keep-alive",
        "Content-Length": "94",
        "Content-Type": "application/json",
        "User-Agent": "azsdk-python-digitaltwins-core/1.2.1 Python/3.10.11 (Windows-10-10.0.22621-SP0)"
      },
      "RequestBody": {
        "$metadata": {
          "$model": "dtmi:samples:RelationshipTestBuilding;1"
        },
        "AverageTemperature": 68
      },
      "StatusCode": 200,
      "ResponseHeaders": {
        "Content-Length": "305",
        "Content-Type": "application/json; charset=utf-8",
        "Date": "Thu, 01 Jun 2023 20:38:21 GMT",
        "ETag": "W/\u002271d3ed08-f04d-48ae-bfe9-3e2808b3f947\u0022",
        "mise-correlation-id": "c331974b-b813-4842-b4b8-75e121632dfd",
        "Strict-Transport-Security": "max-age=2592000",
        "traceresponse": "00-0bec07d50586ef8e4f0015fec49cbe7d-26d96848cc855b4f-01"
      },
      "ResponseBody": {
        "$dtId": "DTRelationshipTestsBuildingTwin",
        "$etag": "W/\u002271d3ed08-f04d-48ae-bfe9-3e2808b3f947\u0022",
        "AverageTemperature": 68,
        "$metadata": {
          "$model": "dtmi:samples:RelationshipTestBuilding;1",
          "$lastUpdateTime": "2023-06-01T20:38:22.4548878Z",
          "AverageTemperature": {
            "lastUpdateTime": "2023-06-01T20:38:22.4548878Z"
          }
        }
      }
    },
    {
      "RequestUri": "https://fake.api.wcus.digitaltwins.azure.net/digitaltwins/DTRelationshipTestsFloorTwin?api-version=2022-05-31",
      "RequestMethod": "PUT",
      "RequestHeaders": {
        "Accept": "application/json",
        "Accept-Encoding": "gzip, deflate",
        "Connection": "keep-alive",
        "Content-Length": "91",
        "Content-Type": "application/json",
        "User-Agent": "azsdk-python-digitaltwins-core/1.2.1 Python/3.10.11 (Windows-10-10.0.22621-SP0)"
      },
      "RequestBody": {
        "$metadata": {
          "$model": "dtmi:samples:RelationshipTestFloor;1"
        },
        "AverageTemperature": 75
      },
      "StatusCode": 200,
      "ResponseHeaders": {
        "Content-Length": "299",
        "Content-Type": "application/json; charset=utf-8",
        "Date": "Thu, 01 Jun 2023 20:38:22 GMT",
        "ETag": "W/\u0022f64c86f2-a669-45df-8ced-0f39ae0de1c0\u0022",
        "mise-correlation-id": "2640efc0-080a-4192-b4cb-52349af6f962",
        "Strict-Transport-Security": "max-age=2592000",
        "traceresponse": "00-97021b42688f717c901d11ccb26a6cea-da78bc3767b4cf7b-01"
      },
      "ResponseBody": {
        "$dtId": "DTRelationshipTestsFloorTwin",
        "$etag": "W/\u0022f64c86f2-a669-45df-8ced-0f39ae0de1c0\u0022",
        "AverageTemperature": 75,
        "$metadata": {
          "$model": "dtmi:samples:RelationshipTestFloor;1",
          "$lastUpdateTime": "2023-06-01T20:38:22.6165759Z",
          "AverageTemperature": {
            "lastUpdateTime": "2023-06-01T20:38:22.6165759Z"
          }
        }
      }
    },
    {
      "RequestUri": "https://fake.api.wcus.digitaltwins.azure.net/digitaltwins/DTRelationshipTestsRoomTwin?api-version=2022-05-31",
      "RequestMethod": "PUT",
      "RequestHeaders": {
        "Accept": "application/json",
        "Accept-Encoding": "gzip, deflate",
        "Connection": "keep-alive",
        "Content-Length": "103",
        "Content-Type": "application/json",
        "User-Agent": "azsdk-python-digitaltwins-core/1.2.1 Python/3.10.11 (Windows-10-10.0.22621-SP0)"
      },
      "RequestBody": {
        "$metadata": {
          "$model": "dtmi:samples:RelationshipTestRoom;1"
        },
        "Temperature": 80,
        "IsOccupied": true
      },
      "StatusCode": 200,
      "ResponseHeaders": {
        "Content-Length": "364",
        "Content-Type": "application/json; charset=utf-8",
        "Date": "Thu, 01 Jun 2023 20:38:22 GMT",
        "ETag": "W/\u00229c10c1ed-b20d-4a25-bdd4-f99a4c55cc08\u0022",
        "mise-correlation-id": "d8696d53-e48a-43c4-a791-e6b2481f5242",
        "Strict-Transport-Security": "max-age=2592000",
        "traceresponse": "00-127fe079db04a2fc0804ae351505e461-77937f3970280b70-01"
      },
      "ResponseBody": {
        "$dtId": "DTRelationshipTestsRoomTwin",
        "$etag": "W/\u00229c10c1ed-b20d-4a25-bdd4-f99a4c55cc08\u0022",
        "Temperature": 80,
        "IsOccupied": true,
        "$metadata": {
          "$model": "dtmi:samples:RelationshipTestRoom;1",
          "$lastUpdateTime": "2023-06-01T20:38:22.7927461Z",
          "Temperature": {
            "lastUpdateTime": "2023-06-01T20:38:22.7927461Z"
          },
          "IsOccupied": {
            "lastUpdateTime": "2023-06-01T20:38:22.7927461Z"
          }
        }
      }
    },
    {
      "RequestUri": "https://fake.api.wcus.digitaltwins.azure.net/digitaltwins/DTRelationshipTestsBuildingTwin/relationships/BuildingHasFloor?api-version=2022-05-31",
      "RequestMethod": "PUT",
      "RequestHeaders": {
        "Accept": "application/json",
        "Accept-Encoding": "gzip, deflate",
        "Connection": "keep-alive",
        "Content-Length": "189",
        "Content-Type": "application/json",
        "User-Agent": "azsdk-python-digitaltwins-core/1.2.1 Python/3.10.11 (Windows-10-10.0.22621-SP0)"
      },
      "RequestBody": {
        "$relationshipId": "BuildingHasFloor",
        "$sourceId": "DTRelationshipTestsBuildingTwin",
        "$relationshipName": "has",
        "$targetId": "DTRelationshipTestsFloorTwin",
        "isAccessRestricted": false
      },
      "StatusCode": 200,
      "ResponseHeaders": {
        "Content-Length": "233",
        "Content-Type": "application/json; charset=utf-8",
        "Date": "Thu, 01 Jun 2023 20:38:22 GMT",
        "ETag": "W/\u0022492cede6-038a-4a60-85db-f707c4bb7854\u0022",
        "mise-correlation-id": "c3c872ac-34e0-4ade-9343-571335d46778",
        "Strict-Transport-Security": "max-age=2592000",
        "traceresponse": "00-f982a397beb775b2d7aa9773e9514f8e-891f6faecf5d5e11-01"
      },
      "ResponseBody": {
        "$relationshipId": "BuildingHasFloor",
        "$etag": "W/\u0022492cede6-038a-4a60-85db-f707c4bb7854\u0022",
        "$sourceId": "DTRelationshipTestsBuildingTwin",
        "$relationshipName": "has",
        "$targetId": "DTRelationshipTestsFloorTwin",
        "isAccessRestricted": false
      }
    },
    {
      "RequestUri": "https://fake.api.wcus.digitaltwins.azure.net/digitaltwins/DTRelationshipTestsBuildingTwin/relationships/BuildingHasFloor?api-version=2022-05-31",
      "RequestMethod": "PATCH",
      "RequestHeaders": {
        "Accept": "application/json",
        "Accept-Encoding": "gzip, deflate",
        "Connection": "keep-alive",
        "Content-Length": "65",
        "Content-Type": "application/json-patch\u002Bjson",
        "If-Match": "W/\u00227e67a355-f19c-4c19-8a10-2d69b2d2253f\u0022",
        "User-Agent": "azsdk-python-digitaltwins-core/1.2.1 Python/3.10.11 (Windows-10-10.0.22621-SP0)"
      },
      "RequestBody": "[{\u0022op\u0022: \u0022replace\u0022, \u0022path\u0022: \u0022/isAccessRestricted\u0022, \u0022value\u0022: true}]",
      "StatusCode": 412,
      "ResponseHeaders": {
        "Content-Length": "300",
        "Content-Type": "application/json; charset=utf-8",
        "Date": "Thu, 01 Jun 2023 20:38:22 GMT",
        "mise-correlation-id": "1b7ffae3-8891-4532-81f6-a0ed05bf276c",
        "Strict-Transport-Security": "max-age=2592000",
        "traceresponse": "00-9bc183b6653732e09e2bb1874cb5955c-a38ef06015eaba19-01",
        "x-ms-error-code": "PreconditionFailed"
      },
      "ResponseBody": {
        "error": {
          "code": "PreconditionFailed",
          "message": "The provided etag W/\u00227e67a355-f19c-4c19-8a10-2d69b2d2253f\u0022 doesn\u0027t match the current etag for the resource. Please obtain and provide the latest etag by getting the resource. See section on get apis in the documentation https://aka.ms/adtv2twins."
        }
      }
    },
    {
      "RequestUri": "https://fake.api.wcus.digitaltwins.azure.net/digitaltwins/DTRelationshipTestsBuildingTwin/relationships/BuildingHasFloor?api-version=2022-05-31",
      "RequestMethod": "PATCH",
      "RequestHeaders": {
        "Accept": "application/json",
        "Accept-Encoding": "gzip, deflate",
        "Connection": "keep-alive",
        "Content-Length": "65",
        "Content-Type": "application/json-patch\u002Bjson",
        "If-Match": "W/\u0022492cede6-038a-4a60-85db-f707c4bb7854\u0022",
        "User-Agent": "azsdk-python-digitaltwins-core/1.2.1 Python/3.10.11 (Windows-10-10.0.22621-SP0)"
      },
      "RequestBody": "[{\u0022op\u0022: \u0022replace\u0022, \u0022path\u0022: \u0022/isAccessRestricted\u0022, \u0022value\u0022: true}]",
      "StatusCode": 204,
      "ResponseHeaders": {
        "Content-Length": "0",
        "Date": "Thu, 01 Jun 2023 20:38:22 GMT",
        "ETag": "W/\u0022f06d37bd-2e12-482f-bd89-f73271a7b499\u0022",
        "mise-correlation-id": "49239351-a133-4507-9c67-de55d2b4bace",
        "Strict-Transport-Security": "max-age=2592000",
        "traceresponse": "00-1d7f38721b180774e91e51502558e2a6-7adc716b05767185-01"
      },
      "ResponseBody": null
    },
    {
      "RequestUri": "https://fake.api.wcus.digitaltwins.azure.net/digitaltwins/DTRelationshipTestsBuildingTwin/relationships/BuildingHasFloor?api-version=2022-05-31",
      "RequestMethod": "GET",
      "RequestHeaders": {
        "Accept": "application/json",
        "Accept-Encoding": "gzip, deflate",
        "Connection": "keep-alive",
        "User-Agent": "azsdk-python-digitaltwins-core/1.2.1 Python/3.10.11 (Windows-10-10.0.22621-SP0)"
      },
      "RequestBody": null,
      "StatusCode": 200,
      "ResponseHeaders": {
        "Content-Length": "232",
        "Content-Type": "application/json; charset=utf-8",
        "Date": "Thu, 01 Jun 2023 20:38:22 GMT",
        "ETag": "W/\u0022f06d37bd-2e12-482f-bd89-f73271a7b499\u0022",
        "mise-correlation-id": "05b949e8-56d3-4e47-90a4-6a42bead93f5",
        "Strict-Transport-Security": "max-age=2592000",
        "traceresponse": "00-ef81030d6cfa58453b666efb0a2750ad-46ece261be289e7b-01"
      },
      "ResponseBody": {
        "$relationshipId": "BuildingHasFloor",
        "$etag": "W/\u0022f06d37bd-2e12-482f-bd89-f73271a7b499\u0022",
        "$sourceId": "DTRelationshipTestsBuildingTwin",
        "$relationshipName": "has",
        "$targetId": "DTRelationshipTestsFloorTwin",
        "isAccessRestricted": true
      }
    }
  ],
  "Variables": {}
}
