{
  "Entries": [
    {
      "RequestUri": "https://login.microsoftonline.com/00000000-0000-0000-0000-000000000000/v2.0/.well-known/openid-configuration",
      "RequestMethod": "GET",
      "RequestHeaders": {
        "Accept": "*/*",
        "Accept-Encoding": "gzip, deflate",
        "Connection": "keep-alive",
        "User-Agent": "azsdk-python-identity/1.12.0b2 Python/3.10.6 (Linux-5.10.102.1-microsoft-standard-WSL2-x86_64-with-glibc2.31)"
      },
      "RequestBody": null,
      "StatusCode": 200,
      "ResponseHeaders": {
        "Access-Control-Allow-Methods": "GET, OPTIONS",
        "Access-Control-Allow-Origin": "*",
        "Cache-Control": "max-age=86400, private",
        "Content-Length": "1753",
        "Content-Type": "application/json; charset=utf-8",
        "Date": "Thu, 29 Sep 2022 04:04:13 GMT",
        "P3P": "CP=\u0022DSP CUR OTPi IND OTRi ONL FIN\u0022",
        "Set-Cookie": "[set-cookie;]",
        "Strict-Transport-Security": "max-age=31536000; includeSubDomains",
        "X-Content-Type-Options": "nosniff",
        "x-ms-ests-server": "2.1.13777.6 - NCUS ProdSlices",
        "X-XSS-Protection": "0"
      },
      "ResponseBody": {
        "token_endpoint": "https://login.microsoftonline.com/00000000-0000-0000-0000-000000000000/oauth2/v2.0/token",
        "token_endpoint_auth_methods_supported": [
          "client_secret_post",
          "private_key_jwt",
          "client_secret_basic"
        ],
        "jwks_uri": "https://login.microsoftonline.com/00000000-0000-0000-0000-000000000000/discovery/v2.0/keys",
        "response_modes_supported": [
          "query",
          "fragment",
          "form_post"
        ],
        "subject_types_supported": [
          "pairwise"
        ],
        "id_token_signing_alg_values_supported": [
          "RS256"
        ],
        "response_types_supported": [
          "code",
          "id_token",
          "code id_token",
          "id_token token"
        ],
        "scopes_supported": [
          "openid",
          "profile",
          "email",
          "offline_access"
        ],
        "issuer": "https://login.microsoftonline.com/00000000-0000-0000-0000-000000000000/v2.0",
        "request_uri_parameter_supported": false,
        "userinfo_endpoint": "https://graph.microsoft.com/oidc/userinfo",
        "authorization_endpoint": "https://login.microsoftonline.com/00000000-0000-0000-0000-000000000000/oauth2/v2.0/authorize",
        "device_authorization_endpoint": "https://login.microsoftonline.com/00000000-0000-0000-0000-000000000000/oauth2/v2.0/devicecode",
        "http_logout_supported": true,
        "frontchannel_logout_supported": true,
        "end_session_endpoint": "https://login.microsoftonline.com/00000000-0000-0000-0000-000000000000/oauth2/v2.0/logout",
        "claims_supported": [
          "sub",
          "iss",
          "cloud_instance_name",
          "cloud_instance_host_name",
          "cloud_graph_host_name",
          "msgraph_host",
          "aud",
          "exp",
          "iat",
          "auth_time",
          "acr",
          "nonce",
          "preferred_username",
          "name",
          "tid",
          "ver",
          "at_hash",
          "c_hash",
          "email"
        ],
        "kerberos_endpoint": "https://login.microsoftonline.com/00000000-0000-0000-0000-000000000000/kerberos",
        "tenant_region_scope": "WW",
        "cloud_instance_name": "microsoftonline.com",
        "cloud_graph_host_name": "graph.windows.net",
        "msgraph_host": "graph.microsoft.com",
        "rbac_url": "https://pas.windows.net"
      }
    },
    {
      "RequestUri": "https://login.microsoftonline.com/common/discovery/instance?api-version=1.1\u0026authorization_endpoint=https://login.microsoftonline.com/common/oauth2/authorize",
      "RequestMethod": "GET",
      "RequestHeaders": {
        "Accept": "application/json",
        "Accept-Encoding": "gzip, deflate",
        "Connection": "keep-alive",
        "User-Agent": "azsdk-python-identity/1.12.0b2 Python/3.10.6 (Linux-5.10.102.1-microsoft-standard-WSL2-x86_64-with-glibc2.31)"
      },
      "RequestBody": null,
      "StatusCode": 200,
      "ResponseHeaders": {
        "Access-Control-Allow-Methods": "GET, OPTIONS",
        "Access-Control-Allow-Origin": "*",
        "Cache-Control": "max-age=86400, private",
        "Content-Length": "945",
        "Content-Type": "application/json; charset=utf-8",
        "Date": "Thu, 29 Sep 2022 04:04:13 GMT",
        "P3P": "CP=\u0022DSP CUR OTPi IND OTRi ONL FIN\u0022",
        "Set-Cookie": "[set-cookie;]",
        "Strict-Transport-Security": "max-age=31536000; includeSubDomains",
        "X-Content-Type-Options": "nosniff",
        "x-ms-ests-server": "2.1.13777.6 - SCUS ProdSlices",
        "X-XSS-Protection": "0"
      },
      "ResponseBody": {
        "tenant_discovery_endpoint": "https://login.microsoftonline.com/common/.well-known/openid-configuration",
        "api-version": "1.1",
        "metadata": [
          {
            "preferred_network": "login.microsoftonline.com",
            "preferred_cache": "login.windows.net",
            "aliases": [
              "login.microsoftonline.com",
              "login.windows.net",
              "login.microsoft.com",
              "sts.windows.net"
            ]
          },
          {
            "preferred_network": "login.partner.microsoftonline.cn",
            "preferred_cache": "login.partner.microsoftonline.cn",
            "aliases": [
              "login.partner.microsoftonline.cn",
              "login.chinacloudapi.cn"
            ]
          },
          {
            "preferred_network": "login.microsoftonline.de",
            "preferred_cache": "login.microsoftonline.de",
            "aliases": [
              "login.microsoftonline.de"
            ]
          },
          {
            "preferred_network": "login.microsoftonline.us",
            "preferred_cache": "login.microsoftonline.us",
            "aliases": [
              "login.microsoftonline.us",
              "login.usgovcloudapi.net"
            ]
          },
          {
            "preferred_network": "login-us.microsoftonline.com",
            "preferred_cache": "login-us.microsoftonline.com",
            "aliases": [
              "login-us.microsoftonline.com"
            ]
          }
        ]
      }
    },
    {
      "RequestUri": "https://fake.api.wcus.digitaltwins.azure.net/models?includeModelDefinition=false\u0026api-version=2022-05-31",
      "RequestMethod": "GET",
      "RequestHeaders": {
        "Accept": "application/json",
        "Accept-Encoding": "gzip, deflate",
        "Connection": "keep-alive",
        "User-Agent": "azsdk-python-digitaltwins-core/1.2.1 Python/3.10.6 (Linux-5.10.102.1-microsoft-standard-WSL2-x86_64-with-glibc2.31)"
      },
      "RequestBody": null,
      "StatusCode": 200,
      "ResponseHeaders": {
        "Content-Length": "523",
        "Content-Type": "application/json; charset=utf-8",
        "Date": "Thu, 29 Sep 2022 04:04:13 GMT",
        "mise-correlation-id": "01e080f3-1e0c-43b0-932a-40ff08a421d8",
        "Strict-Transport-Security": "max-age=2592000",
        "traceresponse": "00-6c433cc9788cdc58e96b36aeb3dfcd29-d5835139c9f6dad7-01"
      },
      "ResponseBody": {
        "value": [
          {
            "id": "dtmi:samples:RelationshipTestBuilding;1",
            "description": {},
            "displayName": {
              "en": "Building"
            },
            "decommissioned": false,
            "uploadTime": "2022-09-29T04:04:13.0854515\u002B00:00"
          },
          {
            "id": "dtmi:samples:RelationshipTestFloor;1",
            "description": {},
            "displayName": {
              "en": "Floor"
            },
            "decommissioned": false,
            "uploadTime": "2022-09-29T04:04:13.0854696\u002B00:00"
          },
          {
            "id": "dtmi:samples:RelationshipTestRoom;1",
            "description": {},
            "displayName": {
              "en": "Room"
            },
            "decommissioned": false,
            "uploadTime": "2022-09-29T04:04:13.0854793\u002B00:00"
          }
        ],
        "nextLink": null
      }
    },
    {
      "RequestUri": "https://fake.api.wcus.digitaltwins.azure.net/models/dtmi%3Asamples%3ARelationshipTestBuilding%3B1?api-version=2022-05-31",
      "RequestMethod": "DELETE",
      "RequestHeaders": {
        "Accept": "application/json",
        "Accept-Encoding": "gzip, deflate",
        "Connection": "keep-alive",
        "Content-Length": "0",
        "User-Agent": "azsdk-python-digitaltwins-core/1.2.1 Python/3.10.6 (Linux-5.10.102.1-microsoft-standard-WSL2-x86_64-with-glibc2.31)"
      },
      "RequestBody": null,
      "StatusCode": 204,
      "ResponseHeaders": {
        "Content-Length": "0",
        "Date": "Thu, 29 Sep 2022 04:04:13 GMT",
        "mise-correlation-id": "96b0adb1-c6f5-42a9-a50c-6dc67e599ade",
        "Strict-Transport-Security": "max-age=2592000",
        "traceresponse": "00-01e34a2d97a7519a6e08ffcdc615142b-9374303b874c6e85-01"
      },
      "ResponseBody": null
    },
    {
      "RequestUri": "https://fake.api.wcus.digitaltwins.azure.net/models/dtmi%3Asamples%3ARelationshipTestFloor%3B1?api-version=2022-05-31",
      "RequestMethod": "DELETE",
      "RequestHeaders": {
        "Accept": "application/json",
        "Accept-Encoding": "gzip, deflate",
        "Connection": "keep-alive",
        "Content-Length": "0",
        "User-Agent": "azsdk-python-digitaltwins-core/1.2.1 Python/3.10.6 (Linux-5.10.102.1-microsoft-standard-WSL2-x86_64-with-glibc2.31)"
      },
      "RequestBody": null,
      "StatusCode": 204,
      "ResponseHeaders": {
        "Content-Length": "0",
        "Date": "Thu, 29 Sep 2022 04:04:13 GMT",
        "mise-correlation-id": "96e1513b-17ab-45a8-a607-2df8a2ab77f2",
        "Strict-Transport-Security": "max-age=2592000",
        "traceresponse": "00-652a46f9e7016cc4de150e924e04de53-87bcb5572109fd9c-01"
      },
      "ResponseBody": null
    },
    {
      "RequestUri": "https://fake.api.wcus.digitaltwins.azure.net/models/dtmi%3Asamples%3ARelationshipTestRoom%3B1?api-version=2022-05-31",
      "RequestMethod": "DELETE",
      "RequestHeaders": {
        "Accept": "application/json",
        "Accept-Encoding": "gzip, deflate",
        "Connection": "keep-alive",
        "Content-Length": "0",
        "User-Agent": "azsdk-python-digitaltwins-core/1.2.1 Python/3.10.6 (Linux-5.10.102.1-microsoft-standard-WSL2-x86_64-with-glibc2.31)"
      },
      "RequestBody": null,
      "StatusCode": 204,
      "ResponseHeaders": {
        "Content-Length": "0",
        "Date": "Thu, 29 Sep 2022 04:04:13 GMT",
        "mise-correlation-id": "82ddb2be-a165-4ecc-83e6-8dcb699781d0",
        "Strict-Transport-Security": "max-age=2592000",
        "traceresponse": "00-788d08248a7f533ae03a418410894fbd-37dffa37ad1de697-01"
      },
      "ResponseBody": null
    },
    {
      "RequestUri": "https://fake.api.wcus.digitaltwins.azure.net/models?includeModelDefinition=false\u0026api-version=2022-05-31",
      "RequestMethod": "GET",
      "RequestHeaders": {
        "Accept": "application/json",
        "Accept-Encoding": "gzip, deflate",
        "Connection": "keep-alive",
        "User-Agent": "azsdk-python-digitaltwins-core/1.2.1 Python/3.10.6 (Linux-5.10.102.1-microsoft-standard-WSL2-x86_64-with-glibc2.31)"
      },
      "RequestBody": null,
      "StatusCode": 200,
      "ResponseHeaders": {
        "Content-Length": "28",
        "Content-Type": "application/json; charset=utf-8",
        "Date": "Thu, 29 Sep 2022 04:04:13 GMT",
        "mise-correlation-id": "3a1e9224-e3a1-450f-a470-fb48387162cd",
        "Strict-Transport-Security": "max-age=2592000",
        "traceresponse": "00-f8f92435faeb369d341b3482e87c98e4-6c024529e51c6644-01"
      },
      "ResponseBody": {
        "value": [],
        "nextLink": null
      }
    },
    {
      "RequestUri": "https://fake.api.wcus.digitaltwins.azure.net/digitaltwins/DTRelationshipTestsRoomTwin/relationships?api-version=2022-05-31",
      "RequestMethod": "GET",
      "RequestHeaders": {
        "Accept": "application/json",
        "Accept-Encoding": "gzip, deflate",
        "Connection": "keep-alive",
        "User-Agent": "azsdk-python-digitaltwins-core/1.2.1 Python/3.10.6 (Linux-5.10.102.1-microsoft-standard-WSL2-x86_64-with-glibc2.31)"
      },
      "RequestBody": null,
      "StatusCode": 200,
      "ResponseHeaders": {
        "Content-Length": "28",
        "Content-Type": "application/json; charset=utf-8",
        "Date": "Thu, 29 Sep 2022 04:04:13 GMT",
        "mise-correlation-id": "880067bb-0c1e-4556-9281-2385fe737296",
        "Strict-Transport-Security": "max-age=2592000",
        "traceresponse": "00-2f3d5e77b9ad6975bd77ece29c983762-309963b842d7249d-01"
      },
      "ResponseBody": {
        "nextLink": null,
        "value": []
      }
    },
    {
      "RequestUri": "https://fake.api.wcus.digitaltwins.azure.net/digitaltwins/DTRelationshipTestsFloorTwin/relationships?api-version=2022-05-31",
      "RequestMethod": "GET",
      "RequestHeaders": {
        "Accept": "application/json",
        "Accept-Encoding": "gzip, deflate",
        "Connection": "keep-alive",
        "User-Agent": "azsdk-python-digitaltwins-core/1.2.1 Python/3.10.6 (Linux-5.10.102.1-microsoft-standard-WSL2-x86_64-with-glibc2.31)"
      },
      "RequestBody": null,
      "StatusCode": 200,
      "ResponseHeaders": {
        "Content-Length": "28",
        "Content-Type": "application/json; charset=utf-8",
        "Date": "Thu, 29 Sep 2022 04:04:13 GMT",
        "mise-correlation-id": "f190e9fb-2b1b-49e8-908b-bb89d38324e0",
        "Strict-Transport-Security": "max-age=2592000",
        "traceresponse": "00-4d2757a881567b6ae31192672f1ee568-e2463a5e48343ee2-01"
      },
      "ResponseBody": {
        "nextLink": null,
        "value": []
      }
    },
    {
      "RequestUri": "https://fake.api.wcus.digitaltwins.azure.net/digitaltwins/DTRelationshipTestsBuildingTwin/relationships?api-version=2022-05-31",
      "RequestMethod": "GET",
      "RequestHeaders": {
        "Accept": "application/json",
        "Accept-Encoding": "gzip, deflate",
        "Connection": "keep-alive",
        "User-Agent": "azsdk-python-digitaltwins-core/1.2.1 Python/3.10.6 (Linux-5.10.102.1-microsoft-standard-WSL2-x86_64-with-glibc2.31)"
      },
      "RequestBody": null,
      "StatusCode": 200,
      "ResponseHeaders": {
        "Content-Length": "234",
        "Content-Type": "application/json; charset=utf-8",
        "Date": "Thu, 29 Sep 2022 04:04:13 GMT",
        "mise-correlation-id": "59d8872b-2a1d-423c-82bd-4128d4fe4f78",
        "Strict-Transport-Security": "max-age=2592000",
        "traceresponse": "00-26013acc3cdbe055b855c9d99977d5ef-854b67692e1f65c1-01"
      },
      "ResponseBody": {
        "nextLink": null,
        "value": [
          {
            "$relationshipId": "BuildingHasFloor",
            "$etag": "W/\u00227b5c2a58-dd1e-4ed8-9603-3e1826ebff3a\u0022",
            "$sourceId": "DTRelationshipTestsBuildingTwin",
            "$relationshipName": "has",
            "$targetId": "DTRelationshipTestsFloorTwin"
          }
        ]
      }
    },
    {
      "RequestUri": "https://fake.api.wcus.digitaltwins.azure.net/digitaltwins/DTRelationshipTestsBuildingTwin/relationships/BuildingHasFloor?api-version=2022-05-31",
      "RequestMethod": "DELETE",
      "RequestHeaders": {
        "Accept": "application/json",
        "Accept-Encoding": "gzip, deflate",
        "Connection": "keep-alive",
        "Content-Length": "0",
        "User-Agent": "azsdk-python-digitaltwins-core/1.2.1 Python/3.10.6 (Linux-5.10.102.1-microsoft-standard-WSL2-x86_64-with-glibc2.31)"
      },
      "RequestBody": null,
      "StatusCode": 204,
      "ResponseHeaders": {
        "Content-Length": "0",
        "Date": "Thu, 29 Sep 2022 04:04:13 GMT",
        "mise-correlation-id": "280d4f7f-27a5-4464-841f-5ee854b7c4bb",
        "Strict-Transport-Security": "max-age=2592000",
        "traceresponse": "00-a2b7f20a9ae96bc79ea87eb2aa287720-d8e7cb05e1fba417-01"
      },
      "ResponseBody": null
    },
    {
      "RequestUri": "https://fake.api.wcus.digitaltwins.azure.net/digitaltwins/DTRelationshipTestsRoomTwin?api-version=2022-05-31",
      "RequestMethod": "DELETE",
      "RequestHeaders": {
        "Accept": "application/json",
        "Accept-Encoding": "gzip, deflate",
        "Connection": "keep-alive",
        "Content-Length": "0",
        "User-Agent": "azsdk-python-digitaltwins-core/1.2.1 Python/3.10.6 (Linux-5.10.102.1-microsoft-standard-WSL2-x86_64-with-glibc2.31)"
      },
      "RequestBody": null,
      "StatusCode": 204,
      "ResponseHeaders": {
        "Content-Length": "0",
        "Date": "Thu, 29 Sep 2022 04:04:14 GMT",
        "mise-correlation-id": "172300cc-ecd8-4896-a73f-5044bf112ab7",
        "Strict-Transport-Security": "max-age=2592000",
        "traceresponse": "00-a49530ba08768cc3c0599cf268e4dab5-a28969dbd4e03cc7-01"
      },
      "ResponseBody": null
    },
    {
      "RequestUri": "https://fake.api.wcus.digitaltwins.azure.net/digitaltwins/DTRelationshipTestsFloorTwin?api-version=2022-05-31",
      "RequestMethod": "DELETE",
      "RequestHeaders": {
        "Accept": "application/json",
        "Accept-Encoding": "gzip, deflate",
        "Connection": "keep-alive",
        "Content-Length": "0",
        "User-Agent": "azsdk-python-digitaltwins-core/1.2.1 Python/3.10.6 (Linux-5.10.102.1-microsoft-standard-WSL2-x86_64-with-glibc2.31)"
      },
      "RequestBody": null,
      "StatusCode": 204,
      "ResponseHeaders": {
        "Content-Length": "0",
        "Date": "Thu, 29 Sep 2022 04:04:14 GMT",
        "mise-correlation-id": "a94a853f-38fa-4f77-84b8-2ff467aa11c0",
        "Strict-Transport-Security": "max-age=2592000",
        "traceresponse": "00-2ee5dbe51f4de8ca5e1a1d307af16be6-90dd00e4e025fb26-01"
      },
      "ResponseBody": null
    },
    {
      "RequestUri": "https://fake.api.wcus.digitaltwins.azure.net/digitaltwins/DTRelationshipTestsBuildingTwin?api-version=2022-05-31",
      "RequestMethod": "DELETE",
      "RequestHeaders": {
        "Accept": "application/json",
        "Accept-Encoding": "gzip, deflate",
        "Connection": "keep-alive",
        "Content-Length": "0",
        "User-Agent": "azsdk-python-digitaltwins-core/1.2.1 Python/3.10.6 (Linux-5.10.102.1-microsoft-standard-WSL2-x86_64-with-glibc2.31)"
      },
      "RequestBody": null,
      "StatusCode": 204,
      "ResponseHeaders": {
        "Content-Length": "0",
        "Date": "Thu, 29 Sep 2022 04:04:14 GMT",
        "mise-correlation-id": "634dcb17-4c81-4084-80bf-bb0e07220ff2",
        "Strict-Transport-Security": "max-age=2592000",
        "traceresponse": "00-14f5e76ea6fe09cf2a648d44fc81b1c0-fad29bf4f9e0e49f-01"
      },
      "ResponseBody": null
    },
    {
      "RequestUri": "https://fake.api.wcus.digitaltwins.azure.net/models?api-version=2022-05-31",
      "RequestMethod": "POST",
      "RequestHeaders": {
        "Accept": "application/json",
        "Accept-Encoding": "gzip, deflate",
        "Connection": "keep-alive",
        "Content-Length": "992",
        "Content-Type": "application/json",
        "User-Agent": "azsdk-python-digitaltwins-core/1.2.1 Python/3.10.6 (Linux-5.10.102.1-microsoft-standard-WSL2-x86_64-with-glibc2.31)"
      },
      "RequestBody": "[{\u0022@id\u0022: \u0022dtmi:samples:RelationshipTestBuilding;1\u0022, \u0022@type\u0022: \u0022Interface\u0022, \u0022@context\u0022: \u0022dtmi:dtdl:context;2\u0022, \u0022displayName\u0022: \u0022Building\u0022, \u0022contents\u0022: [{\u0022@type\u0022: \u0022Relationship\u0022, \u0022name\u0022: \u0022has\u0022, \u0022target\u0022: \u0022dtmi:samples:RelationshipTestFloor;1\u0022, \u0022properties\u0022: [{\u0022@type\u0022: \u0022Property\u0022, \u0022name\u0022: \u0022isAccessRestricted\u0022, \u0022schema\u0022: \u0022boolean\u0022}]}, {\u0022@type\u0022: \u0022Property\u0022, \u0022name\u0022: \u0022AverageTemperature\u0022, \u0022schema\u0022: \u0022double\u0022}]}, {\u0022@id\u0022: \u0022dtmi:samples:RelationshipTestFloor;1\u0022, \u0022@type\u0022: \u0022Interface\u0022, \u0022@context\u0022: \u0022dtmi:dtdl:context;2\u0022, \u0022displayName\u0022: \u0022Floor\u0022, \u0022contents\u0022: [{\u0022@type\u0022: \u0022Relationship\u0022, \u0022name\u0022: \u0022contains\u0022, \u0022target\u0022: \u0022dtmi:samples:RelationshipTestRoom;1\u0022}, {\u0022@type\u0022: \u0022Property\u0022, \u0022name\u0022: \u0022AverageTemperature\u0022, \u0022schema\u0022: \u0022double\u0022}]}, {\u0022@id\u0022: \u0022dtmi:samples:RelationshipTestRoom;1\u0022, \u0022@type\u0022: \u0022Interface\u0022, \u0022@context\u0022: \u0022dtmi:dtdl:context;2\u0022, \u0022displayName\u0022: \u0022Room\u0022, \u0022contents\u0022: [{\u0022@type\u0022: \u0022Property\u0022, \u0022name\u0022: \u0022Temperature\u0022, \u0022schema\u0022: \u0022double\u0022}, {\u0022@type\u0022: \u0022Property\u0022, \u0022name\u0022: \u0022IsOccupied\u0022, \u0022schema\u0022: \u0022boolean\u0022}]}]",
      "StatusCode": 201,
      "ResponseHeaders": {
        "Content-Length": "497",
        "Content-Type": "application/json; charset=utf-8",
        "Date": "Thu, 29 Sep 2022 04:04:14 GMT",
        "mise-correlation-id": "6cc0c79a-2240-4c20-8b6d-dc29db8be66d",
        "Strict-Transport-Security": "max-age=2592000",
        "traceresponse": "00-5254790d05e6c3b7e9743b4e59bd4ac1-925e202444aacaa9-01"
      },
      "ResponseBody": "[{\u0022id\u0022:\u0022dtmi:samples:RelationshipTestBuilding;1\u0022,\u0022description\u0022:{},\u0022displayName\u0022:{\u0022en\u0022:\u0022Building\u0022},\u0022decommissioned\u0022:false,\u0022uploadTime\u0022:\u00222022-09-29T04:04:14.5173064\u002B00:00\u0022},{\u0022id\u0022:\u0022dtmi:samples:RelationshipTestFloor;1\u0022,\u0022description\u0022:{},\u0022displayName\u0022:{\u0022en\u0022:\u0022Floor\u0022},\u0022decommissioned\u0022:false,\u0022uploadTime\u0022:\u00222022-09-29T04:04:14.5173254\u002B00:00\u0022},{\u0022id\u0022:\u0022dtmi:samples:RelationshipTestRoom;1\u0022,\u0022description\u0022:{},\u0022displayName\u0022:{\u0022en\u0022:\u0022Room\u0022},\u0022decommissioned\u0022:false,\u0022uploadTime\u0022:\u00222022-09-29T04:04:14.5173375\u002B00:00\u0022}]"
    },
    {
      "RequestUri": "https://fake.api.wcus.digitaltwins.azure.net/digitaltwins/DTRelationshipTestsBuildingTwin?api-version=2022-05-31",
      "RequestMethod": "PUT",
      "RequestHeaders": {
        "Accept": "application/json",
        "Accept-Encoding": "gzip, deflate",
        "Connection": "keep-alive",
        "Content-Length": "94",
        "Content-Type": "application/json",
        "User-Agent": "azsdk-python-digitaltwins-core/1.2.1 Python/3.10.6 (Linux-5.10.102.1-microsoft-standard-WSL2-x86_64-with-glibc2.31)"
      },
      "RequestBody": {
        "$metadata": {
          "$model": "dtmi:samples:RelationshipTestBuilding;1"
        },
        "AverageTemperature": 68
      },
      "StatusCode": 200,
      "ResponseHeaders": {
        "Content-Length": "305",
        "Content-Type": "application/json; charset=utf-8",
        "Date": "Thu, 29 Sep 2022 04:04:14 GMT",
        "ETag": "W/\u00223507d8ea-a5da-46b0-ac6a-41558355f9b5\u0022",
        "mise-correlation-id": "91694566-e509-4152-b20d-ae9c781b8c0e",
        "Strict-Transport-Security": "max-age=2592000",
        "traceresponse": "00-93bce6d7c0cceed9513567d6d6c057c6-0ba9454d6e5eaa47-01"
      },
      "ResponseBody": {
        "$dtId": "DTRelationshipTestsBuildingTwin",
        "$etag": "W/\u00223507d8ea-a5da-46b0-ac6a-41558355f9b5\u0022",
        "AverageTemperature": 68,
        "$metadata": {
          "$model": "dtmi:samples:RelationshipTestBuilding;1",
          "$lastUpdateTime": "2022-09-29T04:04:14.5758966Z",
          "AverageTemperature": {
            "lastUpdateTime": "2022-09-29T04:04:14.5758966Z"
          }
        }
      }
    },
    {
      "RequestUri": "https://fake.api.wcus.digitaltwins.azure.net/digitaltwins/DTRelationshipTestsFloorTwin?api-version=2022-05-31",
      "RequestMethod": "PUT",
      "RequestHeaders": {
        "Accept": "application/json",
        "Accept-Encoding": "gzip, deflate",
        "Connection": "keep-alive",
        "Content-Length": "91",
        "Content-Type": "application/json",
        "User-Agent": "azsdk-python-digitaltwins-core/1.2.1 Python/3.10.6 (Linux-5.10.102.1-microsoft-standard-WSL2-x86_64-with-glibc2.31)"
      },
      "RequestBody": {
        "$metadata": {
          "$model": "dtmi:samples:RelationshipTestFloor;1"
        },
        "AverageTemperature": 75
      },
      "StatusCode": 200,
      "ResponseHeaders": {
        "Content-Length": "299",
        "Content-Type": "application/json; charset=utf-8",
        "Date": "Thu, 29 Sep 2022 04:04:14 GMT",
        "ETag": "W/\u002250342e62-868d-413a-8e2f-7ab557cda909\u0022",
        "mise-correlation-id": "e80374ca-3f91-4078-ad29-d7c7341769de",
        "Strict-Transport-Security": "max-age=2592000",
        "traceresponse": "00-5dd8a8e05c23493eaeba433b4c3dc0b8-8fcc42bca362cb4a-01"
      },
      "ResponseBody": {
        "$dtId": "DTRelationshipTestsFloorTwin",
        "$etag": "W/\u002250342e62-868d-413a-8e2f-7ab557cda909\u0022",
        "AverageTemperature": 75,
        "$metadata": {
          "$model": "dtmi:samples:RelationshipTestFloor;1",
          "$lastUpdateTime": "2022-09-29T04:04:14.6395810Z",
          "AverageTemperature": {
            "lastUpdateTime": "2022-09-29T04:04:14.6395810Z"
          }
        }
      }
    },
    {
      "RequestUri": "https://fake.api.wcus.digitaltwins.azure.net/digitaltwins/DTRelationshipTestsRoomTwin?api-version=2022-05-31",
      "RequestMethod": "PUT",
      "RequestHeaders": {
        "Accept": "application/json",
        "Accept-Encoding": "gzip, deflate",
        "Connection": "keep-alive",
        "Content-Length": "103",
        "Content-Type": "application/json",
        "User-Agent": "azsdk-python-digitaltwins-core/1.2.1 Python/3.10.6 (Linux-5.10.102.1-microsoft-standard-WSL2-x86_64-with-glibc2.31)"
      },
      "RequestBody": {
        "$metadata": {
          "$model": "dtmi:samples:RelationshipTestRoom;1"
        },
        "Temperature": 80,
        "IsOccupied": true
      },
      "StatusCode": 200,
      "ResponseHeaders": {
        "Content-Length": "364",
        "Content-Type": "application/json; charset=utf-8",
        "Date": "Thu, 29 Sep 2022 04:04:14 GMT",
        "ETag": "W/\u0022e0478c22-76a9-4ab0-86b5-d9235df18e38\u0022",
        "mise-correlation-id": "e26f1615-3587-4051-822e-44d332335c12",
        "Strict-Transport-Security": "max-age=2592000",
        "traceresponse": "00-9fbd5ced8a7b44d128682ab697390ab9-22f792fc9a06451c-01"
      },
      "ResponseBody": {
        "$dtId": "DTRelationshipTestsRoomTwin",
        "$etag": "W/\u0022e0478c22-76a9-4ab0-86b5-d9235df18e38\u0022",
        "Temperature": 80,
        "IsOccupied": true,
        "$metadata": {
          "$model": "dtmi:samples:RelationshipTestRoom;1",
          "$lastUpdateTime": "2022-09-29T04:04:14.7024234Z",
          "Temperature": {
            "lastUpdateTime": "2022-09-29T04:04:14.7024234Z"
          },
          "IsOccupied": {
            "lastUpdateTime": "2022-09-29T04:04:14.7024234Z"
          }
        }
      }
    },
    {
      "RequestUri": "https://fake.api.wcus.digitaltwins.azure.net/digitaltwins/DTRelationshipTestsBuildingTwin/relationships/BuildingHasFloor?api-version=2022-05-31",
      "RequestMethod": "PUT",
      "RequestHeaders": {
        "Accept": "application/json",
        "Accept-Encoding": "gzip, deflate",
        "Connection": "keep-alive",
        "Content-Length": "189",
        "Content-Type": "application/json",
        "User-Agent": "azsdk-python-digitaltwins-core/1.2.1 Python/3.10.6 (Linux-5.10.102.1-microsoft-standard-WSL2-x86_64-with-glibc2.31)"
      },
      "RequestBody": {
        "$relationshipId": "BuildingHasFloor",
        "$sourceId": "DTRelationshipTestsBuildingTwin",
        "$relationshipName": "has",
        "$targetId": "DTRelationshipTestsFloorTwin",
        "isAccessRestricted": false
      },
      "StatusCode": 200,
      "ResponseHeaders": {
        "Content-Length": "233",
        "Content-Type": "application/json; charset=utf-8",
        "Date": "Thu, 29 Sep 2022 04:04:14 GMT",
        "ETag": "W/\u0022543d4f3e-7b60-4f9b-b9ba-2a8a945593fb\u0022",
        "mise-correlation-id": "4e463423-03cc-425f-b041-62a60672fa9f",
        "Strict-Transport-Security": "max-age=2592000",
        "traceresponse": "00-c4db888c3ce48b05547fe26e37ac517c-3fac9683bb376a73-01"
      },
      "ResponseBody": {
        "$relationshipId": "BuildingHasFloor",
        "$etag": "W/\u0022543d4f3e-7b60-4f9b-b9ba-2a8a945593fb\u0022",
        "$sourceId": "DTRelationshipTestsBuildingTwin",
        "$relationshipName": "has",
        "$targetId": "DTRelationshipTestsFloorTwin",
        "isAccessRestricted": false
      }
    },
    {
      "RequestUri": "https://fake.api.wcus.digitaltwins.azure.net/digitaltwins/DTRelationshipTestsBuildingTwin/relationships/BuildingHasFloor?api-version=2022-05-31",
      "RequestMethod": "PATCH",
      "RequestHeaders": {
        "Accept": "application/json",
        "Accept-Encoding": "gzip, deflate",
        "Connection": "keep-alive",
        "Content-Length": "47",
        "Content-Type": "application/json-patch\u002Bjson",
        "User-Agent": "azsdk-python-digitaltwins-core/1.2.1 Python/3.10.6 (Linux-5.10.102.1-microsoft-standard-WSL2-x86_64-with-glibc2.31)"
      },
      "RequestBody": "[{\u0022op\u0022: \u0022move\u0022, \u0022path\u0022: \u0022/isAccessRestricted\u0022}]",
      "StatusCode": 400,
      "ResponseHeaders": {
        "Content-Length": "196",
        "Content-Type": "application/json; charset=utf-8",
        "Date": "Thu, 29 Sep 2022 04:04:14 GMT",
        "mise-correlation-id": "119e5391-e3d1-44b0-b2e7-efb2804e02da",
        "Strict-Transport-Security": "max-age=2592000",
        "traceresponse": "00-e38c5bbf903172c900982e5513504042-f9acd860d8061fad-01"
      },
      "ResponseBody": {
        "error": {
          "code": "JsonPatchInvalid",
          "message": "Unsupported operation type move. Please provide a valid patch document. See section on update apis in the documentation https://aka.ms/adtv2twins."
        }
      }
    },
    {
      "RequestUri": "https://fake.api.wcus.digitaltwins.azure.net/digitaltwins/DTRelationshipTestsBuildingTwin/relationships/BuildingHasFloor?api-version=2022-05-31",
      "RequestMethod": "PATCH",
      "RequestHeaders": {
        "Accept": "application/json",
        "Accept-Encoding": "gzip, deflate",
        "Connection": "keep-alive",
        "Content-Length": "53",
        "Content-Type": "application/json-patch\u002Bjson",
        "User-Agent": "azsdk-python-digitaltwins-core/1.2.1 Python/3.10.6 (Linux-5.10.102.1-microsoft-standard-WSL2-x86_64-with-glibc2.31)"
      },
      "RequestBody": "[{\u0022op\u0022: \u0022remove\u0022, \u0022path\u0022: \u0022/isAccessDoorRestricted\u0022}]",
      "StatusCode": 400,
      "ResponseHeaders": {
        "Content-Length": "249",
        "Content-Type": "application/json; charset=utf-8",
        "Date": "Thu, 29 Sep 2022 04:04:14 GMT",
        "mise-correlation-id": "1717a16e-5265-45b3-ac7d-f22449891314",
        "Strict-Transport-Security": "max-age=2592000",
        "traceresponse": "00-46d311afb70242cce9804e7c31c6134b-4531e520e9927d51-01"
      },
      "ResponseBody": {
        "error": {
          "code": "JsonPatchInvalid",
          "message": "The target location specified by path segment \u0027isAccessDoorRestricted\u0027 was not found. Please provide a valid patch document. See section on update apis in the documentation https://aka.ms/adtv2twins."
        }
      }
    },
    {
      "RequestUri": "https://fake.api.wcus.digitaltwins.azure.net/digitaltwins/DTRelationshipTestsBuildingTwin/relationships/BuildingHasFloor?api-version=2022-05-31",
      "RequestMethod": "PATCH",
      "RequestHeaders": {
        "Accept": "application/json",
        "Accept-Encoding": "gzip, deflate",
        "Connection": "keep-alive",
        "Content-Length": "22",
        "Content-Type": "application/json-patch\u002Bjson",
        "User-Agent": "azsdk-python-digitaltwins-core/1.2.1 Python/3.10.6 (Linux-5.10.102.1-microsoft-standard-WSL2-x86_64-with-glibc2.31)"
      },
      "RequestBody": "[\u0022isAccessRestricted\u0022]",
      "StatusCode": 400,
      "ResponseHeaders": {
        "Content-Length": "399",
        "Content-Type": "application/problem\u002Bjson; charset=utf-8",
        "Date": "Thu, 29 Sep 2022 04:04:14 GMT",
        "mise-correlation-id": "2f5e53aa-d093-4a89-8d89-9aea7a4f4354",
        "Strict-Transport-Security": "max-age=2592000",
        "traceresponse": "00-16de8560eee1e881c6b7b097f1c04b6c-ced27b9944431d5b-01"
      },
      "ResponseBody": {
        "errors": {
          "[0]": [
            "Error converting value \u0022isAccessRestricted\u0022 to type \u0027Microsoft.AspNetCore.JsonPatch.Operations.Operation\u0027. Path \u0027[0]\u0027, line 1, position 21."
          ]
        },
        "type": "https://tools.ietf.org/html/rfc7231#section-6.5.1",
        "title": "One or more validation errors occurred.",
        "status": 400,
        "detail": null,
        "instance": null,
        "extensions": {
          "traceId": "00-16de8560eee1e881c6b7b097f1c04b6c-5a9826c27fd92696-00"
        }
      }
    },
    {
      "RequestUri": "https://fake.api.wcus.digitaltwins.azure.net/digitaltwins/DTRelationshipTestsBuildingTwin/relationships/BuildingHasFloor?api-version=2022-05-31",
      "RequestMethod": "PATCH",
      "RequestHeaders": {
        "Accept": "application/json",
        "Accept-Encoding": "gzip, deflate",
        "Connection": "keep-alive",
        "Content-Length": "4",
        "Content-Type": "application/json-patch\u002Bjson",
        "User-Agent": "azsdk-python-digitaltwins-core/1.2.1 Python/3.10.6 (Linux-5.10.102.1-microsoft-standard-WSL2-x86_64-with-glibc2.31)"
      },
      "RequestBody": "[{}]",
      "StatusCode": 400,
      "ResponseHeaders": {
        "Content-Length": "195",
        "Content-Type": "application/json; charset=utf-8",
        "Date": "Thu, 29 Sep 2022 04:04:14 GMT",
        "mise-correlation-id": "3529761a-c4c1-4cee-a09e-995d9068c7c0",
        "Strict-Transport-Security": "max-age=2592000",
        "traceresponse": "00-4759a994d8718485990496de52ef90e6-0e9628d01bc6faf3-01"
      },
      "ResponseBody": {
        "error": {
          "code": "JsonPatchInvalid",
          "message": "Parameter op must not be empty. Please provide a valid patch document. See section on update apis in the documentation https://aka.ms/adtv2twins."
        }
      }
    },
    {
      "RequestUri": "https://fake.api.wcus.digitaltwins.azure.net/digitaltwins/DTRelationshipTestsBuildingTwin/relationships/BuildingHasFloor?api-version=2022-05-31",
      "RequestMethod": "PATCH",
      "RequestHeaders": {
        "Accept": "application/json",
        "Accept-Encoding": "gzip, deflate",
        "Connection": "keep-alive",
        "Content-Length": "2",
        "Content-Type": "application/json-patch\u002Bjson",
        "User-Agent": "azsdk-python-digitaltwins-core/1.2.1 Python/3.10.6 (Linux-5.10.102.1-microsoft-standard-WSL2-x86_64-with-glibc2.31)"
      },
      "RequestBody": "[]",
      "StatusCode": 204,
      "ResponseHeaders": {
        "Content-Length": "0",
        "Date": "Thu, 29 Sep 2022 04:04:14 GMT",
        "ETag": "W/\u00222890fca5-6ee8-430c-a6a4-e037ca6b9de6\u0022",
        "mise-correlation-id": "94534607-4e99-4aea-ab55-58e9f92cb86d",
        "Strict-Transport-Security": "max-age=2592000",
        "traceresponse": "00-ff8ad6c0b897e6dde5f84e903ad6286f-14fe5ec43ff506bd-01"
      },
      "ResponseBody": null
    }
  ],
  "Variables": {}
}
