interactions:
- request:
    body: null
    headers:
      Accept:
      - application/json
      Accept-Encoding:
      - gzip, deflate
      Connection:
      - keep-alive
      User-Agent:
      - azsdk-python-digitaltwins-core/1.2.0 Python/3.10.4 (Windows-10-10.0.22000-SP0)
    method: GET
    uri: https://dttestdigitaltwinsname.api.wcus.digitaltwins.azure.net/models?includeModelDefinition=false&api-version=2022-05-31
  response:
    body:
      string: '{"value":[{"id":"dtmi:samples:RelationshipTestBuilding;1","description":{},"displayName":{"en-US":"Building"},"decommissioned":false,"uploadTime":"2022-05-26T07:28:58.2236264+00:00"},{"id":"dtmi:samples:RelationshipTestFloor;1","description":{},"displayName":{"en-US":"Floor"},"decommissioned":false,"uploadTime":"2022-05-26T07:28:58.2236463+00:00"},{"id":"dtmi:samples:RelationshipTestRoom;1","description":{},"displayName":{"en-US":"Room"},"decommissioned":false,"uploadTime":"2022-05-26T07:28:58.2236584+00:00"}],"nextLink":null}'
    headers:
      content-length:
      - '532'
      content-type:
      - application/json; charset=utf-8
      date:
      - Thu, 26 May 2022 07:28:59 GMT
      mise-correlation-id:
      - 24252ace-4243-4270-9dca-faf58c0edcd5
      strict-transport-security:
      - max-age=2592000
      traceresponse:
      - 00-2002c1f17312e845a763cee1ac4f9c3b-d3eb5c1815ea4741-01
    status:
      code: 200
      message: OK
- request:
    body: null
    headers:
      Accept:
      - application/json
      Accept-Encoding:
      - gzip, deflate
      Connection:
      - keep-alive
      Content-Length:
      - '0'
      User-Agent:
      - azsdk-python-digitaltwins-core/1.2.0 Python/3.10.4 (Windows-10-10.0.22000-SP0)
    method: DELETE
    uri: https://dttestdigitaltwinsname.api.wcus.digitaltwins.azure.net/models/dtmi%3Asamples%3ARelationshipTestBuilding%3B1?api-version=2022-05-31
  response:
    body:
      string: ''
    headers:
      content-length:
      - '0'
      date:
      - Thu, 26 May 2022 07:28:59 GMT
      mise-correlation-id:
      - 3cb8c699-f2d2-472b-a57a-1b8f821f5f47
      strict-transport-security:
      - max-age=2592000
      traceresponse:
      - 00-9617bce26f09074991039e7376d8ebde-0b262c99fc886645-01
    status:
      code: 204
      message: No Content
- request:
    body: null
    headers:
      Accept:
      - application/json
      Accept-Encoding:
      - gzip, deflate
      Connection:
      - keep-alive
      Content-Length:
      - '0'
      User-Agent:
      - azsdk-python-digitaltwins-core/1.2.0 Python/3.10.4 (Windows-10-10.0.22000-SP0)
    method: DELETE
    uri: https://dttestdigitaltwinsname.api.wcus.digitaltwins.azure.net/models/dtmi%3Asamples%3ARelationshipTestFloor%3B1?api-version=2022-05-31
  response:
    body:
      string: ''
    headers:
      content-length:
      - '0'
      date:
      - Thu, 26 May 2022 07:28:59 GMT
      mise-correlation-id:
      - bcf17638-6630-4497-8b01-41ee33c00dda
      strict-transport-security:
      - max-age=2592000
      traceresponse:
      - 00-679e0d62e87ee840bc45481d970f8859-063e093136775341-01
    status:
      code: 204
      message: No Content
- request:
    body: null
    headers:
      Accept:
      - application/json
      Accept-Encoding:
      - gzip, deflate
      Connection:
      - keep-alive
      Content-Length:
      - '0'
      User-Agent:
      - azsdk-python-digitaltwins-core/1.2.0 Python/3.10.4 (Windows-10-10.0.22000-SP0)
    method: DELETE
    uri: https://dttestdigitaltwinsname.api.wcus.digitaltwins.azure.net/models/dtmi%3Asamples%3ARelationshipTestRoom%3B1?api-version=2022-05-31
  response:
    body:
      string: ''
    headers:
      content-length:
      - '0'
      date:
      - Thu, 26 May 2022 07:28:59 GMT
      mise-correlation-id:
      - c212d84a-8875-42f5-836c-5afdf25f53fa
      strict-transport-security:
      - max-age=2592000
      traceresponse:
      - 00-1b3b0a0408b16e4c89c4b3403047b928-79d8835dc112e44f-01
    status:
      code: 204
      message: No Content
- request:
    body: null
    headers:
      Accept:
      - application/json
      Accept-Encoding:
      - gzip, deflate
      Connection:
      - keep-alive
      User-Agent:
      - azsdk-python-digitaltwins-core/1.2.0 Python/3.10.4 (Windows-10-10.0.22000-SP0)
    method: GET
    uri: https://dttestdigitaltwinsname.api.wcus.digitaltwins.azure.net/models?includeModelDefinition=false&api-version=2022-05-31
  response:
    body:
      string: '{"value":[],"nextLink":null}'
    headers:
      content-length:
      - '28'
      content-type:
      - application/json; charset=utf-8
      date:
      - Thu, 26 May 2022 07:28:59 GMT
      mise-correlation-id:
      - 0babd086-0bb1-46c8-94eb-1d73fbc4485d
      strict-transport-security:
      - max-age=2592000
      traceresponse:
      - 00-ba4b68f645d46e46b5409e5dd8fcf10e-0c1c460a26692647-01
    status:
      code: 200
      message: OK
- request:
    body: null
    headers:
      Accept:
      - application/json
      Accept-Encoding:
      - gzip, deflate
      Connection:
      - keep-alive
      User-Agent:
      - azsdk-python-digitaltwins-core/1.2.0 Python/3.10.4 (Windows-10-10.0.22000-SP0)
    method: GET
    uri: https://dttestdigitaltwinsname.api.wcus.digitaltwins.azure.net/digitaltwins/DTRelationshipTestsRoomTwin/relationships?api-version=2022-05-31
  response:
    body:
      string: '{"nextLink":null,"value":[]}'
    headers:
      content-length:
      - '28'
      content-type:
      - application/json; charset=utf-8
      date:
      - Thu, 26 May 2022 07:28:59 GMT
      strict-transport-security:
      - max-age=2592000
      traceresponse:
      - 00-752f2341e83dbc4eaf36b7e9cbefd720-91802ca02fe58c43-01
    status:
      code: 200
      message: OK
- request:
    body: null
    headers:
      Accept:
      - application/json
      Accept-Encoding:
      - gzip, deflate
      Connection:
      - keep-alive
      User-Agent:
      - azsdk-python-digitaltwins-core/1.2.0 Python/3.10.4 (Windows-10-10.0.22000-SP0)
    method: GET
    uri: https://dttestdigitaltwinsname.api.wcus.digitaltwins.azure.net/digitaltwins/DTRelationshipTestsFloorTwin/relationships?api-version=2022-05-31
  response:
    body:
      string: '{"nextLink":null,"value":[]}'
    headers:
      content-length:
      - '28'
      content-type:
      - application/json; charset=utf-8
      date:
      - Thu, 26 May 2022 07:28:59 GMT
      strict-transport-security:
      - max-age=2592000
      traceresponse:
      - 00-cf0fa7dc47862e479b53607f0a282177-39b51075c179054c-01
    status:
      code: 200
      message: OK
- request:
    body: null
    headers:
      Accept:
      - application/json
      Accept-Encoding:
      - gzip, deflate
      Connection:
      - keep-alive
      User-Agent:
      - azsdk-python-digitaltwins-core/1.2.0 Python/3.10.4 (Windows-10-10.0.22000-SP0)
    method: GET
    uri: https://dttestdigitaltwinsname.api.wcus.digitaltwins.azure.net/digitaltwins/DTRelationshipTestsBuildingTwin/relationships?api-version=2022-05-31
  response:
    body:
      string: '{"nextLink":null,"value":[{"$relationshipId":"BuildingHasFloor","$etag":"W/\"2329a551-8ba5-412e-b130-09cbb8b04645\"","$sourceId":"DTRelationshipTestsBuildingTwin","$relationshipName":"has","$targetId":"DTRelationshipTestsFloorTwin","isAccessRestricted":false}]}'
    headers:
      content-length:
      - '261'
      content-type:
      - application/json; charset=utf-8
      date:
      - Thu, 26 May 2022 07:28:59 GMT
      strict-transport-security:
      - max-age=2592000
      traceresponse:
      - 00-d1a7c2c997d7e44bb1e76799032bb1f5-35743f3f7bc46e42-01
    status:
      code: 200
      message: OK
- request:
    body: null
    headers:
      Accept:
      - application/json
      Accept-Encoding:
      - gzip, deflate
      Connection:
      - keep-alive
      Content-Length:
      - '0'
      User-Agent:
      - azsdk-python-digitaltwins-core/1.2.0 Python/3.10.4 (Windows-10-10.0.22000-SP0)
    method: DELETE
    uri: https://dttestdigitaltwinsname.api.wcus.digitaltwins.azure.net/digitaltwins/DTRelationshipTestsBuildingTwin/relationships/BuildingHasFloor?api-version=2022-05-31
  response:
    body:
      string: ''
    headers:
      content-length:
      - '0'
      date:
      - Thu, 26 May 2022 07:28:59 GMT
      strict-transport-security:
      - max-age=2592000
      traceresponse:
      - 00-f72efda8c561cd419f80f45e71f3c9ed-d5537885365b3b40-01
    status:
      code: 204
      message: No Content
- request:
    body: null
    headers:
      Accept:
      - application/json
      Accept-Encoding:
      - gzip, deflate
      Connection:
      - keep-alive
      Content-Length:
      - '0'
      User-Agent:
      - azsdk-python-digitaltwins-core/1.2.0 Python/3.10.4 (Windows-10-10.0.22000-SP0)
    method: DELETE
    uri: https://dttestdigitaltwinsname.api.wcus.digitaltwins.azure.net/digitaltwins/DTRelationshipTestsRoomTwin?api-version=2022-05-31
  response:
    body:
      string: ''
    headers:
      content-length:
      - '0'
      date:
      - Thu, 26 May 2022 07:28:59 GMT
      strict-transport-security:
      - max-age=2592000
      traceresponse:
      - 00-f934a247d672014d84689d713de5116f-cfd41aa27f625041-01
    status:
      code: 204
      message: No Content
- request:
    body: null
    headers:
      Accept:
      - application/json
      Accept-Encoding:
      - gzip, deflate
      Connection:
      - keep-alive
      Content-Length:
      - '0'
      User-Agent:
      - azsdk-python-digitaltwins-core/1.2.0 Python/3.10.4 (Windows-10-10.0.22000-SP0)
    method: DELETE
    uri: https://dttestdigitaltwinsname.api.wcus.digitaltwins.azure.net/digitaltwins/DTRelationshipTestsFloorTwin?api-version=2022-05-31
  response:
    body:
      string: ''
    headers:
      content-length:
      - '0'
      date:
      - Thu, 26 May 2022 07:28:59 GMT
      strict-transport-security:
      - max-age=2592000
      traceresponse:
      - 00-bf31ef2248c48b4db582fbb4f58f8c32-06cd8960f2129d48-01
    status:
      code: 204
      message: No Content
- request:
    body: null
    headers:
      Accept:
      - application/json
      Accept-Encoding:
      - gzip, deflate
      Connection:
      - keep-alive
      Content-Length:
      - '0'
      User-Agent:
      - azsdk-python-digitaltwins-core/1.2.0 Python/3.10.4 (Windows-10-10.0.22000-SP0)
    method: DELETE
    uri: https://dttestdigitaltwinsname.api.wcus.digitaltwins.azure.net/digitaltwins/DTRelationshipTestsBuildingTwin?api-version=2022-05-31
  response:
    body:
      string: ''
    headers:
      content-length:
      - '0'
      date:
      - Thu, 26 May 2022 07:28:59 GMT
      strict-transport-security:
      - max-age=2592000
      traceresponse:
      - 00-2ce906d4a505564388e9d933c8d99893-b4dd458919f52a42-01
    status:
      code: 204
      message: No Content
- request:
    body: '[{"@id": "dtmi:samples:RelationshipTestBuilding;1", "@type": "Interface",
      "@context": "dtmi:dtdl:context;2", "displayName": "Building", "contents": [{"@type":
      "Relationship", "name": "has", "target": "dtmi:samples:RelationshipTestFloor;1",
      "properties": [{"@type": "Property", "name": "isAccessRestricted", "schema":
      "boolean"}]}, {"@type": "Property", "name": "AverageTemperature", "schema":
      "double"}]}, {"@id": "dtmi:samples:RelationshipTestFloor;1", "@type": "Interface",
      "@context": "dtmi:dtdl:context;2", "displayName": "Floor", "contents": [{"@type":
      "Relationship", "name": "contains", "target": "dtmi:samples:RelationshipTestRoom;1"},
      {"@type": "Property", "name": "AverageTemperature", "schema": "double"}]}, {"@id":
      "dtmi:samples:RelationshipTestRoom;1", "@type": "Interface", "@context": "dtmi:dtdl:context;2",
      "displayName": "Room", "contents": [{"@type": "Property", "name": "Temperature",
      "schema": "double"}, {"@type": "Property", "name": "IsOccupied", "schema": "boolean"}]}]'
    headers:
      Accept:
      - application/json
      Accept-Encoding:
      - gzip, deflate
      Connection:
      - keep-alive
      Content-Length:
      - '992'
      Content-Type:
      - application/json
      User-Agent:
      - azsdk-python-digitaltwins-core/1.2.0 Python/3.10.4 (Windows-10-10.0.22000-SP0)
    method: POST
    uri: https://dttestdigitaltwinsname.api.wcus.digitaltwins.azure.net/models?api-version=2022-05-31
  response:
    body:
      string: '[{"id":"dtmi:samples:RelationshipTestBuilding;1","description":{},"displayName":{"en-US":"Building"},"decommissioned":false,"uploadTime":"2022-05-26T07:29:00.3137454+00:00"},{"id":"dtmi:samples:RelationshipTestFloor;1","description":{},"displayName":{"en-US":"Floor"},"decommissioned":false,"uploadTime":"2022-05-26T07:29:00.3137679+00:00"},{"id":"dtmi:samples:RelationshipTestRoom;1","description":{},"displayName":{"en-US":"Room"},"decommissioned":false,"uploadTime":"2022-05-26T07:29:00.3137811+00:00"}]'
    headers:
      content-length:
      - '506'
      content-type:
      - application/json; charset=utf-8
      date:
      - Thu, 26 May 2022 07:28:59 GMT
      mise-correlation-id:
      - d1786ac2-cd3f-47f1-896b-f3e290b9aa87
      strict-transport-security:
      - max-age=2592000
      traceresponse:
      - 00-4fd15ac2f50d9a46b0b2d6e44b09cf51-61f0a27650d77e40-01
    status:
      code: 201
      message: Created
- request:
    body: '{"$metadata": {"$model": "dtmi:samples:RelationshipTestBuilding;1"}, "AverageTemperature":
      68}'
    headers:
      Accept:
      - application/json
      Accept-Encoding:
      - gzip, deflate
      Connection:
      - keep-alive
      Content-Length:
      - '94'
      Content-Type:
      - application/json
      User-Agent:
      - azsdk-python-digitaltwins-core/1.2.0 Python/3.10.4 (Windows-10-10.0.22000-SP0)
    method: PUT
    uri: https://dttestdigitaltwinsname.api.wcus.digitaltwins.azure.net/digitaltwins/DTRelationshipTestsBuildingTwin?api-version=2022-05-31
  response:
    body:
      string: '{"$dtId":"DTRelationshipTestsBuildingTwin","$etag":"W/\"e09257aa-cf83-48de-a0b1-92d85379dcfd\"","AverageTemperature":68,"$metadata":{"$model":"dtmi:samples:RelationshipTestBuilding;1","$lastUpdateTime":"2022-05-26T07:29:00.3939374Z","AverageTemperature":{"lastUpdateTime":"2022-05-26T07:29:00.3939374Z"}}}'
    headers:
      content-length:
      - '305'
      content-type:
      - application/json; charset=utf-8
      date:
      - Thu, 26 May 2022 07:28:59 GMT
      etag:
      - W/"e09257aa-cf83-48de-a0b1-92d85379dcfd"
      strict-transport-security:
      - max-age=2592000
      traceresponse:
      - 00-9e6214cc6e6ff642a4b0a8d66f602cc7-4095b3f68c41db40-01
    status:
      code: 200
      message: OK
- request:
    body: '{"$metadata": {"$model": "dtmi:samples:RelationshipTestFloor;1"}, "AverageTemperature":
      75}'
    headers:
      Accept:
      - application/json
      Accept-Encoding:
      - gzip, deflate
      Connection:
      - keep-alive
      Content-Length:
      - '91'
      Content-Type:
      - application/json
      User-Agent:
      - azsdk-python-digitaltwins-core/1.2.0 Python/3.10.4 (Windows-10-10.0.22000-SP0)
    method: PUT
    uri: https://dttestdigitaltwinsname.api.wcus.digitaltwins.azure.net/digitaltwins/DTRelationshipTestsFloorTwin?api-version=2022-05-31
  response:
    body:
      string: '{"$dtId":"DTRelationshipTestsFloorTwin","$etag":"W/\"09f61bc4-caf1-4835-a9cb-0e38c294829a\"","AverageTemperature":75,"$metadata":{"$model":"dtmi:samples:RelationshipTestFloor;1","$lastUpdateTime":"2022-05-26T07:29:00.4547370Z","AverageTemperature":{"lastUpdateTime":"2022-05-26T07:29:00.4547370Z"}}}'
    headers:
      content-length:
      - '299'
      content-type:
      - application/json; charset=utf-8
      date:
      - Thu, 26 May 2022 07:28:59 GMT
      etag:
      - W/"09f61bc4-caf1-4835-a9cb-0e38c294829a"
      strict-transport-security:
      - max-age=2592000
      traceresponse:
      - 00-76845474a3c9594da1443ea3eb5e742f-03ed94742ec02c48-01
    status:
      code: 200
      message: OK
- request:
    body: '{"$metadata": {"$model": "dtmi:samples:RelationshipTestRoom;1"}, "Temperature":
      80, "IsOccupied": true}'
    headers:
      Accept:
      - application/json
      Accept-Encoding:
      - gzip, deflate
      Connection:
      - keep-alive
      Content-Length:
      - '103'
      Content-Type:
      - application/json
      User-Agent:
      - azsdk-python-digitaltwins-core/1.2.0 Python/3.10.4 (Windows-10-10.0.22000-SP0)
    method: PUT
    uri: https://dttestdigitaltwinsname.api.wcus.digitaltwins.azure.net/digitaltwins/DTRelationshipTestsRoomTwin?api-version=2022-05-31
  response:
    body:
      string: '{"$dtId":"DTRelationshipTestsRoomTwin","$etag":"W/\"1f776532-a501-45fe-8093-3e71820b0515\"","Temperature":80,"IsOccupied":true,"$metadata":{"$model":"dtmi:samples:RelationshipTestRoom;1","$lastUpdateTime":"2022-05-26T07:29:00.5125018Z","Temperature":{"lastUpdateTime":"2022-05-26T07:29:00.5125018Z"},"IsOccupied":{"lastUpdateTime":"2022-05-26T07:29:00.5125018Z"}}}'
    headers:
      content-length:
      - '364'
      content-type:
      - application/json; charset=utf-8
      date:
      - Thu, 26 May 2022 07:28:59 GMT
      etag:
      - W/"1f776532-a501-45fe-8093-3e71820b0515"
      strict-transport-security:
      - max-age=2592000
      traceresponse:
      - 00-bc43bd6b9d9f8f48a534120d490b0a73-f96a0d8b8a554e48-01
    status:
      code: 200
      message: OK
- request:
    body: '{"$relationshipId": "BuildingHasFloor", "$sourceId": "DTRelationshipTestsBuildingTwin",
      "$relationshipName": "has", "$targetId": "DTRelationshipTestsFloorTwin", "isAccessRestricted":
      false}'
    headers:
      Accept:
      - application/json
      Accept-Encoding:
      - gzip, deflate
      Connection:
      - keep-alive
      Content-Length:
      - '189'
      Content-Type:
      - application/json
      User-Agent:
      - azsdk-python-digitaltwins-core/1.2.0 Python/3.10.4 (Windows-10-10.0.22000-SP0)
    method: PUT
    uri: https://dttestdigitaltwinsname.api.wcus.digitaltwins.azure.net/digitaltwins/DTRelationshipTestsBuildingTwin/relationships/BuildingHasFloor?api-version=2022-05-31
  response:
    body:
      string: '{"$relationshipId":"BuildingHasFloor","$etag":"W/\"71cc39a6-f3f3-460e-8ec2-8c74fa45ba01\"","$sourceId":"DTRelationshipTestsBuildingTwin","$relationshipName":"has","$targetId":"DTRelationshipTestsFloorTwin","isAccessRestricted":false}'
    headers:
      content-length:
      - '233'
      content-type:
      - application/json; charset=utf-8
      date:
      - Thu, 26 May 2022 07:28:59 GMT
      etag:
      - W/"71cc39a6-f3f3-460e-8ec2-8c74fa45ba01"
      strict-transport-security:
      - max-age=2592000
      traceresponse:
      - 00-df98aacf79825d4eaa24d8976866e313-dc74b5770a0d8d47-01
    status:
      code: 200
      message: OK
- request:
    body: null
    headers:
      Accept:
      - application/json
      Accept-Encoding:
      - gzip, deflate
      Connection:
      - keep-alive
      User-Agent:
      - azsdk-python-digitaltwins-core/1.2.0 Python/3.10.4 (Windows-10-10.0.22000-SP0)
    method: GET
    uri: https://dttestdigitaltwinsname.api.wcus.digitaltwins.azure.net/digitaltwins/DTRelationshipTestsBuildingTwin/incomingrelationships?api-version=2022-05-31
  response:
    body:
      string: '{"nextLink":null,"value":[]}'
    headers:
      content-length:
      - '28'
      content-type:
      - application/json; charset=utf-8
      date:
      - Thu, 26 May 2022 07:29:00 GMT
      strict-transport-security:
      - max-age=2592000
      traceresponse:
      - 00-88006bf26d3f6a4d953b682e08f02362-01a01f937e6bc049-01
    status:
      code: 200
      message: OK
version: 1
