interactions:
- request:
    body: null
    headers:
      Accept:
      - application/json
      Accept-Encoding:
      - gzip, deflate
      Connection:
      - keep-alive
      User-Agent:
      - azsdk-python-digitaltwins-core/1.1.0 Python/3.7.4 (Windows-10-10.0.19041-SP0)
    method: GET
    uri: https://dttestdigitaltwinsname.api.wcus.digitaltwins.azure.net/models?includeModelDefinition=false&api-version=2020-10-31
  response:
    body:
      string: '{"value":[{"id":"dtmi:samples:DTTestBuilding;1","description":{},"displayName":{"en":"Building"},"decommissioned":false,"uploadTime":"2020-11-24T21:06:44.0801+00:00"}],"nextLink":null}'
    headers:
      content-length:
      - '184'
      content-type:
      - application/json; charset=utf-8
      date:
      - Tue, 24 Nov 2020 21:06:46 GMT
      strict-transport-security:
      - max-age=2592000
    status:
      code: 200
      message: OK
- request:
    body: null
    headers:
      Accept:
      - application/json
      Accept-Encoding:
      - gzip, deflate
      Connection:
      - keep-alive
      Content-Length:
      - '0'
      User-Agent:
      - azsdk-python-digitaltwins-core/1.1.0 Python/3.7.4 (Windows-10-10.0.19041-SP0)
    method: DELETE
    uri: https://dttestdigitaltwinsname.api.wcus.digitaltwins.azure.net/models/dtmi%3Asamples%3ADTTestBuilding%3B1?api-version=2020-10-31
  response:
    body:
      string: ''
    headers:
      content-length:
      - '0'
      date:
      - Tue, 24 Nov 2020 21:06:46 GMT
      strict-transport-security:
      - max-age=2592000
    status:
      code: 204
      message: No Content
- request:
    body: null
    headers:
      Accept:
      - application/json
      Accept-Encoding:
      - gzip, deflate
      Connection:
      - keep-alive
      User-Agent:
      - azsdk-python-digitaltwins-core/1.1.0 Python/3.7.4 (Windows-10-10.0.19041-SP0)
    method: GET
    uri: https://dttestdigitaltwinsname.api.wcus.digitaltwins.azure.net/models?includeModelDefinition=false&api-version=2020-10-31
  response:
    body:
      string: '{"value":[],"nextLink":null}'
    headers:
      content-length:
      - '28'
      content-type:
      - application/json; charset=utf-8
      date:
      - Tue, 24 Nov 2020 21:06:46 GMT
      strict-transport-security:
      - max-age=2592000
    status:
      code: 200
      message: OK
- request:
    body: '[{"@id": "dtmi:samples:DTTestBuilding;1", "@type": "Interface", "@context":
      "dtmi:dtdl:context;2", "displayName": "Building", "contents": [{"@type": "Property",
      "name": "AverageTemperature", "schema": "double"}, {"@type": "Property", "name":
      "TemperatureUnit", "schema": "string"}]}]'
    headers:
      Accept:
      - application/json
      Accept-Encoding:
      - gzip, deflate
      Connection:
      - keep-alive
      Content-Length:
      - '283'
      Content-Type:
      - application/json
      User-Agent:
      - azsdk-python-digitaltwins-core/1.1.0 Python/3.7.4 (Windows-10-10.0.19041-SP0)
    method: POST
    uri: https://dttestdigitaltwinsname.api.wcus.digitaltwins.azure.net/models?api-version=2020-10-31
  response:
    body:
      string: '[{"id":"dtmi:samples:DTTestBuilding;1","description":{},"displayName":{"en":"Building"},"decommissioned":false,"uploadTime":"2020-11-24T21:06:47.7834166+00:00"}]'
    headers:
      content-length:
      - '161'
      content-type:
      - application/json; charset=utf-8
      date:
      - Tue, 24 Nov 2020 21:06:46 GMT
      strict-transport-security:
      - max-age=2592000
    status:
      code: 201
      message: Created
- request:
    body: null
    headers:
      Accept:
      - application/json
      Accept-Encoding:
      - gzip, deflate
      Connection:
      - keep-alive
      Content-Length:
      - '0'
      User-Agent:
      - azsdk-python-digitaltwins-core/1.1.0 Python/3.7.4 (Windows-10-10.0.19041-SP0)
    method: DELETE
    uri: https://dttestdigitaltwinsname.api.wcus.digitaltwins.azure.net/digitaltwins/digitalTwin-248a152c?api-version=2020-10-31
  response:
    body:
      string: ''
    headers:
      content-length:
      - '0'
      date:
      - Tue, 24 Nov 2020 21:06:47 GMT
      strict-transport-security:
      - max-age=2592000
    status:
      code: 204
      message: No Content
- request:
    body: '{"$metadata": {"$model": "dtmi:samples:DTTestBuilding;1"}, "AverageTemperature":
      68}'
    headers:
      Accept:
      - application/json
      Accept-Encoding:
      - gzip, deflate
      Connection:
      - keep-alive
      Content-Length:
      - '84'
      Content-Type:
      - application/json
      User-Agent:
      - azsdk-python-digitaltwins-core/1.1.0 Python/3.7.4 (Windows-10-10.0.19041-SP0)
    method: PUT
    uri: https://dttestdigitaltwinsname.api.wcus.digitaltwins.azure.net/digitaltwins/digitalTwin-248a152c?api-version=2020-10-31
  response:
    body:
      string: '{"$dtId":"digitalTwin-248a152c","$etag":"W/\"996b5837-3b8b-4436-a8e4-42f87aaf68ea\"","AverageTemperature":68,"$metadata":{"$model":"dtmi:samples:DTTestBuilding;1","AverageTemperature":{"lastUpdateTime":"2020-11-24T21:06:48.3134859Z"}}}'
    headers:
      content-length:
      - '235'
      content-type:
      - application/json; charset=utf-8
      date:
      - Tue, 24 Nov 2020 21:06:47 GMT
      etag:
      - W/"996b5837-3b8b-4436-a8e4-42f87aaf68ea"
      strict-transport-security:
      - max-age=2592000
    status:
      code: 200
      message: OK
- request:
    body: '[{"op": "add", "path": "/TemperatureUnit", "value": "Celsius"}, {"op":
      "replace", "path": "/AverageTemperature", "value": 42}]'
    headers:
      Accept:
      - application/json
      Accept-Encoding:
      - gzip, deflate
      Connection:
      - keep-alive
      Content-Length:
      - '126'
      Content-Type:
      - application/json-patch+json
      User-Agent:
      - azsdk-python-digitaltwins-core/1.1.0 Python/3.7.4 (Windows-10-10.0.19041-SP0)
    method: PATCH
    uri: https://dttestdigitaltwinsname.api.wcus.digitaltwins.azure.net/digitaltwins/digitalTwin-248a152c?api-version=2020-10-31
  response:
    body:
      string: ''
    headers:
      content-length:
      - '0'
      date:
      - Tue, 24 Nov 2020 21:06:47 GMT
      etag:
      - W/"de7f45a1-b137-4048-accd-8af3da70bf47"
      strict-transport-security:
      - max-age=2592000
    status:
      code: 204
      message: No Content
- request:
    body: null
    headers:
      Accept:
      - application/json
      Accept-Encoding:
      - gzip, deflate
      Connection:
      - keep-alive
      User-Agent:
      - azsdk-python-digitaltwins-core/1.1.0 Python/3.7.4 (Windows-10-10.0.19041-SP0)
    method: GET
    uri: https://dttestdigitaltwinsname.api.wcus.digitaltwins.azure.net/digitaltwins/digitalTwin-248a152c?api-version=2020-10-31
  response:
    body:
      string: '{"$dtId":"digitalTwin-248a152c","$etag":"W/\"de7f45a1-b137-4048-accd-8af3da70bf47\"","AverageTemperature":42,"TemperatureUnit":"Celsius","$metadata":{"$model":"dtmi:samples:DTTestBuilding;1","AverageTemperature":{"lastUpdateTime":"2020-11-24T21:06:48.5691447Z"},"TemperatureUnit":{"lastUpdateTime":"2020-11-24T21:06:48.5691447Z"}}}'
    headers:
      content-length:
      - '331'
      content-type:
      - application/json; charset=utf-8
      date:
      - Tue, 24 Nov 2020 21:06:47 GMT
      etag:
      - W/"de7f45a1-b137-4048-accd-8af3da70bf47"
      strict-transport-security:
      - max-age=2592000
    status:
      code: 200
      message: OK
version: 1
