interactions:
- request:
    body: null
    headers:
      Accept:
      - application/json
      Accept-Encoding:
      - gzip, deflate
      Connection:
      - keep-alive
      User-Agent:
      - azsdk-python-digitaltwins-core/1.2.0b1 Python/3.9.1 (Windows-10-10.0.22000-SP0)
    method: GET
    uri: https://dttestdigitaltwinsname.api.wus2.digitaltwins.azure.net/models/dtmi%3Acom%3Asamples%3ATempModelbeb90c48%3B1?includeModelDefinition=false&api-version=2021-06-30-preview
  response:
    body:
      string: '{"error":{"code":"ModelNotFound","message":"There is no Model(s) available
        that matches the provided id(s) dtmi:com:samples:TempModelbeb90c48;1. Check
        that the Model ID provided is valid by doing a Model_List API call."}}'
    headers:
      content-length:
      - '221'
      content-type:
      - application/json; charset=utf-8
      date:
      - Mon, 28 Mar 2022 15:05:02 GMT
      strict-transport-security:
      - max-age=2592000
      traceresponse:
      - 00-2a3692ea655f6b4f94d01697d08c03c2-d37f3e31b9833a40-01
    status:
      code: 404
      message: Not Found
- request:
    body: null
    headers:
      Accept:
      - application/json
      Accept-Encoding:
      - gzip, deflate
      Connection:
      - keep-alive
      User-Agent:
      - azsdk-python-digitaltwins-core/1.2.0b1 Python/3.9.1 (Windows-10-10.0.22000-SP0)
    method: GET
    uri: https://dttestdigitaltwinsname.api.wus2.digitaltwins.azure.net/models/dtmi%3Acom%3Asamples%3AComponentModelbeb90c48%3B1?includeModelDefinition=false&api-version=2021-06-30-preview
  response:
    body:
      string: '{"error":{"code":"ModelNotFound","message":"There is no Model(s) available
        that matches the provided id(s) dtmi:com:samples:ComponentModelbeb90c48;1.
        Check that the Model ID provided is valid by doing a Model_List API call."}}'
    headers:
      content-length:
      - '226'
      content-type:
      - application/json; charset=utf-8
      date:
      - Mon, 28 Mar 2022 15:05:02 GMT
      strict-transport-security:
      - max-age=2592000
      traceresponse:
      - 00-b1e89503cea4134ab0d822db921ee726-6c4d64f4381dda49-01
    status:
      code: 404
      message: Not Found
- request:
    body: '[{"@id": "dtmi:com:samples:ComponentModelbeb90c48;1", "@type": "Interface",
      "@context": "dtmi:dtdl:context;2", "displayName": "Component1", "contents":
      [{"@type": "Property", "name": "ComponentProp1", "schema": "string"}, {"@type":
      "Telemetry", "name": "ComponentTelemetry1", "schema": "integer"}]}, {"@id":
      "dtmi:com:samples:TempModelbeb90c48;1", "@type": "Interface", "@context": "dtmi:dtdl:context;2",
      "displayName": "TempModel", "contents": [{"@type": "Property", "name": "Prop1",
      "schema": "string"}, {"@type": "Component", "name": "Component1", "schema":
      "dtmi:com:samples:ComponentModelbeb90c48;1"}, {"@type": "Telemetry", "name":
      "Telemetry1", "schema": "integer"}]}]'
    headers:
      Accept:
      - application/json
      Accept-Encoding:
      - gzip, deflate
      Connection:
      - keep-alive
      Content-Length:
      - '675'
      Content-Type:
      - application/json
      User-Agent:
      - azsdk-python-digitaltwins-core/1.2.0b1 Python/3.9.1 (Windows-10-10.0.22000-SP0)
    method: POST
    uri: https://dttestdigitaltwinsname.api.wus2.digitaltwins.azure.net/models?api-version=2021-06-30-preview
  response:
    body:
      string: '[{"id":"dtmi:com:samples:ComponentModelbeb90c48;1","description":{},"displayName":{"en":"Component1"},"decommissioned":false,"uploadTime":"2022-03-28T15:05:03.1450839+00:00"},{"id":"dtmi:com:samples:TempModelbeb90c48;1","description":{},"displayName":{"en":"TempModel"},"decommissioned":false,"uploadTime":"2022-03-28T15:05:03.145114+00:00"}]'
    headers:
      content-length:
      - '342'
      content-type:
      - application/json; charset=utf-8
      date:
      - Mon, 28 Mar 2022 15:05:02 GMT
      strict-transport-security:
      - max-age=2592000
      traceresponse:
      - 00-2c364db5c769db4a879051637ed24b2c-0caa284618819745-01
    status:
      code: 201
      message: Created
version: 1
