interactions:
- request:
    body: null
    headers:
      Accept:
      - application/json
      User-Agent:
      - azsdk-python-digitaltwins-core/1.2.0b1 Python/3.9.1 (Windows-10-10.0.22000-SP0)
    method: GET
    uri: https://dttestdigitaltwinsname.api.wus2.digitaltwins.azure.net/models?includeModelDefinition=false&api-version=2021-06-30-preview
  response:
    body:
      string: '{"value":[{"id":"dtmi:samples:RelationshipTestBuilding;1","description":{},"displayName":{"en":"Building"},"decommissioned":false,"uploadTime":"2022-03-28T15:06:40.4318558+00:00"},{"id":"dtmi:samples:RelationshipTestFloor;1","description":{},"displayName":{"en":"Floor"},"decommissioned":false,"uploadTime":"2022-03-28T15:06:40.431882+00:00"},{"id":"dtmi:samples:RelationshipTestRoom;1","description":{},"displayName":{"en":"Room"},"decommissioned":false,"uploadTime":"2022-03-28T15:06:40.4319008+00:00"}],"nextLink":null}'
    headers:
      content-length: '522'
      content-type: application/json; charset=utf-8
      date: Mon, 28 Mar 2022 15:06:41 GMT
      strict-transport-security: max-age=2592000
      traceresponse: 00-d51d52e72b4a7d48bd034b39c4583b9a-507ef186f1402542-01
    status:
      code: 200
      message: OK
    url: https://nalehmandigitaltwins.api.wus2.digitaltwins.azure.net/models?includeModelDefinition=false&api-version=2021-06-30-preview
- request:
    body: null
    headers:
      Accept:
      - application/json
      User-Agent:
      - azsdk-python-digitaltwins-core/1.2.0b1 Python/3.9.1 (Windows-10-10.0.22000-SP0)
    method: DELETE
    uri: https://dttestdigitaltwinsname.api.wus2.digitaltwins.azure.net/models/dtmi:samples:RelationshipTestBuilding;1?api-version=2021-06-30-preview
  response:
    body:
      string: ''
    headers:
      content-length: '0'
      date: Mon, 28 Mar 2022 15:06:41 GMT
      strict-transport-security: max-age=2592000
      traceresponse: 00-d93f918eb388a24daf6c5d1587579c23-ace6d0e2808b9849-01
    status:
      code: 204
      message: No Content
    url: https://nalehmandigitaltwins.api.wus2.digitaltwins.azure.net/models/dtmi:samples:RelationshipTestBuilding;1?api-version=2021-06-30-preview
- request:
    body: null
    headers:
      Accept:
      - application/json
      User-Agent:
      - azsdk-python-digitaltwins-core/1.2.0b1 Python/3.9.1 (Windows-10-10.0.22000-SP0)
    method: DELETE
    uri: https://dttestdigitaltwinsname.api.wus2.digitaltwins.azure.net/models/dtmi:samples:RelationshipTestFloor;1?api-version=2021-06-30-preview
  response:
    body:
      string: ''
    headers:
      content-length: '0'
      date: Mon, 28 Mar 2022 15:06:41 GMT
      strict-transport-security: max-age=2592000
      traceresponse: 00-9c1869b11be7af4aa9b2124a2ecaed99-12419f00e0b0c246-01
    status:
      code: 204
      message: No Content
    url: https://nalehmandigitaltwins.api.wus2.digitaltwins.azure.net/models/dtmi:samples:RelationshipTestFloor;1?api-version=2021-06-30-preview
- request:
    body: null
    headers:
      Accept:
      - application/json
      User-Agent:
      - azsdk-python-digitaltwins-core/1.2.0b1 Python/3.9.1 (Windows-10-10.0.22000-SP0)
    method: DELETE
    uri: https://dttestdigitaltwinsname.api.wus2.digitaltwins.azure.net/models/dtmi:samples:RelationshipTestRoom;1?api-version=2021-06-30-preview
  response:
    body:
      string: ''
    headers:
      content-length: '0'
      date: Mon, 28 Mar 2022 15:06:41 GMT
      strict-transport-security: max-age=2592000
      traceresponse: 00-a211052026384546b4ce7a71565653f5-c78e33a84b121743-01
    status:
      code: 204
      message: No Content
    url: https://nalehmandigitaltwins.api.wus2.digitaltwins.azure.net/models/dtmi:samples:RelationshipTestRoom;1?api-version=2021-06-30-preview
- request:
    body: null
    headers:
      Accept:
      - application/json
      User-Agent:
      - azsdk-python-digitaltwins-core/1.2.0b1 Python/3.9.1 (Windows-10-10.0.22000-SP0)
    method: GET
    uri: https://dttestdigitaltwinsname.api.wus2.digitaltwins.azure.net/models?includeModelDefinition=false&api-version=2021-06-30-preview
  response:
    body:
      string: '{"value":[],"nextLink":null}'
    headers:
      content-length: '28'
      content-type: application/json; charset=utf-8
      date: Mon, 28 Mar 2022 15:06:41 GMT
      strict-transport-security: max-age=2592000
      traceresponse: 00-a9bfd59069fc30449b9c55750f936659-37f34686530ac545-01
    status:
      code: 200
      message: OK
    url: https://nalehmandigitaltwins.api.wus2.digitaltwins.azure.net/models?includeModelDefinition=false&api-version=2021-06-30-preview
- request:
    body: null
    headers:
      Accept:
      - application/json
      User-Agent:
      - azsdk-python-digitaltwins-core/1.2.0b1 Python/3.9.1 (Windows-10-10.0.22000-SP0)
    method: GET
    uri: https://dttestdigitaltwinsname.api.wus2.digitaltwins.azure.net/digitaltwins/DTRelationshipTestsRoomTwin/relationships?api-version=2021-06-30-preview
  response:
    body:
      string: '{"nextLink":null,"value":[]}'
    headers:
      content-length: '28'
      content-type: application/json; charset=utf-8
      date: Mon, 28 Mar 2022 15:06:41 GMT
      strict-transport-security: max-age=2592000
      traceresponse: 00-84aa21c56e4f284e94e97fa93b3829f7-9dc76e6a9cf67e49-01
    status:
      code: 200
      message: OK
    url: https://nalehmandigitaltwins.api.wus2.digitaltwins.azure.net/digitaltwins/DTRelationshipTestsRoomTwin/relationships?api-version=2021-06-30-preview
- request:
    body: null
    headers:
      Accept:
      - application/json
      User-Agent:
      - azsdk-python-digitaltwins-core/1.2.0b1 Python/3.9.1 (Windows-10-10.0.22000-SP0)
    method: GET
    uri: https://dttestdigitaltwinsname.api.wus2.digitaltwins.azure.net/digitaltwins/DTRelationshipTestsFloorTwin/relationships?api-version=2021-06-30-preview
  response:
    body:
      string: '{"nextLink":null,"value":[{"$relationshipId":"FloorContainsRoom","$etag":"W/\"e09b4ff7-2d3a-41f3-8411-ac1a7db4acba\"","$sourceId":"DTRelationshipTestsFloorTwin","$relationshipName":"contains","$targetId":"DTRelationshipTestsRoomTwin"}]}'
    headers:
      content-length: '236'
      content-type: application/json; charset=utf-8
      date: Mon, 28 Mar 2022 15:06:41 GMT
      strict-transport-security: max-age=2592000
      traceresponse: 00-e74a2c5254b3bb46b96df9a6ea71537e-45622d79f892f449-01
    status:
      code: 200
      message: OK
    url: https://nalehmandigitaltwins.api.wus2.digitaltwins.azure.net/digitaltwins/DTRelationshipTestsFloorTwin/relationships?api-version=2021-06-30-preview
- request:
    body: null
    headers:
      Accept:
      - application/json
      User-Agent:
      - azsdk-python-digitaltwins-core/1.2.0b1 Python/3.9.1 (Windows-10-10.0.22000-SP0)
    method: DELETE
    uri: https://dttestdigitaltwinsname.api.wus2.digitaltwins.azure.net/digitaltwins/DTRelationshipTestsFloorTwin/relationships/FloorContainsRoom?api-version=2021-06-30-preview
  response:
    body:
      string: ''
    headers:
      content-length: '0'
      date: Mon, 28 Mar 2022 15:06:41 GMT
      strict-transport-security: max-age=2592000
      traceresponse: 00-95df3ee22c8cb444b0df475d61894452-949c5e0412064445-01
    status:
      code: 204
      message: No Content
    url: https://nalehmandigitaltwins.api.wus2.digitaltwins.azure.net/digitaltwins/DTRelationshipTestsFloorTwin/relationships/FloorContainsRoom?api-version=2021-06-30-preview
- request:
    body: null
    headers:
      Accept:
      - application/json
      User-Agent:
      - azsdk-python-digitaltwins-core/1.2.0b1 Python/3.9.1 (Windows-10-10.0.22000-SP0)
    method: GET
    uri: https://dttestdigitaltwinsname.api.wus2.digitaltwins.azure.net/digitaltwins/DTRelationshipTestsBuildingTwin/relationships?api-version=2021-06-30-preview
  response:
    body:
      string: '{"nextLink":null,"value":[]}'
    headers:
      content-length: '28'
      content-type: application/json; charset=utf-8
      date: Mon, 28 Mar 2022 15:06:41 GMT
      strict-transport-security: max-age=2592000
      traceresponse: 00-ea6f216e7362ab47b3a4e9aa54ccf20a-28caf315b80add4c-01
    status:
      code: 200
      message: OK
    url: https://nalehmandigitaltwins.api.wus2.digitaltwins.azure.net/digitaltwins/DTRelationshipTestsBuildingTwin/relationships?api-version=2021-06-30-preview
- request:
    body: null
    headers:
      Accept:
      - application/json
      User-Agent:
      - azsdk-python-digitaltwins-core/1.2.0b1 Python/3.9.1 (Windows-10-10.0.22000-SP0)
    method: DELETE
    uri: https://dttestdigitaltwinsname.api.wus2.digitaltwins.azure.net/digitaltwins/DTRelationshipTestsRoomTwin?api-version=2021-06-30-preview
  response:
    body:
      string: ''
    headers:
      content-length: '0'
      date: Mon, 28 Mar 2022 15:06:41 GMT
      strict-transport-security: max-age=2592000
      traceresponse: 00-4250dca72caed14ab760568d8addaefa-9eff3b7ca47fcf4b-01
    status:
      code: 204
      message: No Content
    url: https://nalehmandigitaltwins.api.wus2.digitaltwins.azure.net/digitaltwins/DTRelationshipTestsRoomTwin?api-version=2021-06-30-preview
- request:
    body: null
    headers:
      Accept:
      - application/json
      User-Agent:
      - azsdk-python-digitaltwins-core/1.2.0b1 Python/3.9.1 (Windows-10-10.0.22000-SP0)
    method: DELETE
    uri: https://dttestdigitaltwinsname.api.wus2.digitaltwins.azure.net/digitaltwins/DTRelationshipTestsFloorTwin?api-version=2021-06-30-preview
  response:
    body:
      string: ''
    headers:
      content-length: '0'
      date: Mon, 28 Mar 2022 15:06:42 GMT
      strict-transport-security: max-age=2592000
      traceresponse: 00-c17f67fef0100a419aab5c0325ba3b6f-8f1d5f89ad970342-01
    status:
      code: 204
      message: No Content
    url: https://nalehmandigitaltwins.api.wus2.digitaltwins.azure.net/digitaltwins/DTRelationshipTestsFloorTwin?api-version=2021-06-30-preview
- request:
    body: null
    headers:
      Accept:
      - application/json
      User-Agent:
      - azsdk-python-digitaltwins-core/1.2.0b1 Python/3.9.1 (Windows-10-10.0.22000-SP0)
    method: DELETE
    uri: https://dttestdigitaltwinsname.api.wus2.digitaltwins.azure.net/digitaltwins/DTRelationshipTestsBuildingTwin?api-version=2021-06-30-preview
  response:
    body:
      string: ''
    headers:
      content-length: '0'
      date: Mon, 28 Mar 2022 15:06:42 GMT
      strict-transport-security: max-age=2592000
      traceresponse: 00-09be2e4cc8a662488edb1d166eb1466b-562c914d60c52545-01
    status:
      code: 204
      message: No Content
    url: https://nalehmandigitaltwins.api.wus2.digitaltwins.azure.net/digitaltwins/DTRelationshipTestsBuildingTwin?api-version=2021-06-30-preview
- request:
    body: '[{"@id": "dtmi:samples:RelationshipTestBuilding;1", "@type": "Interface",
      "@context": "dtmi:dtdl:context;2", "displayName": "Building", "contents": [{"@type":
      "Relationship", "name": "has", "target": "dtmi:samples:RelationshipTestFloor;1",
      "properties": [{"@type": "Property", "name": "isAccessRestricted", "schema":
      "boolean"}]}, {"@type": "Property", "name": "AverageTemperature", "schema":
      "double"}]}, {"@id": "dtmi:samples:RelationshipTestFloor;1", "@type": "Interface",
      "@context": "dtmi:dtdl:context;2", "displayName": "Floor", "contents": [{"@type":
      "Relationship", "name": "contains", "target": "dtmi:samples:RelationshipTestRoom;1"},
      {"@type": "Property", "name": "AverageTemperature", "schema": "double"}]}, {"@id":
      "dtmi:samples:RelationshipTestRoom;1", "@type": "Interface", "@context": "dtmi:dtdl:context;2",
      "displayName": "Room", "contents": [{"@type": "Property", "name": "Temperature",
      "schema": "double"}, {"@type": "Property", "name": "IsOccupied", "schema": "boolean"}]}]'
    headers:
      Accept:
      - application/json
      Content-Length:
      - '992'
      Content-Type:
      - application/json
      User-Agent:
      - azsdk-python-digitaltwins-core/1.2.0b1 Python/3.9.1 (Windows-10-10.0.22000-SP0)
    method: POST
    uri: https://dttestdigitaltwinsname.api.wus2.digitaltwins.azure.net/models?api-version=2021-06-30-preview
  response:
    body:
      string: '[{"id":"dtmi:samples:RelationshipTestBuilding;1","description":{},"displayName":{"en":"Building"},"decommissioned":false,"uploadTime":"2022-03-28T15:06:42.8606935+00:00"},{"id":"dtmi:samples:RelationshipTestFloor;1","description":{},"displayName":{"en":"Floor"},"decommissioned":false,"uploadTime":"2022-03-28T15:06:42.8607153+00:00"},{"id":"dtmi:samples:RelationshipTestRoom;1","description":{},"displayName":{"en":"Room"},"decommissioned":false,"uploadTime":"2022-03-28T15:06:42.8607313+00:00"}]'
    headers:
      content-length: '497'
      content-type: application/json; charset=utf-8
      date: Mon, 28 Mar 2022 15:06:42 GMT
      strict-transport-security: max-age=2592000
      traceresponse: 00-cc02e9272aeeb74daf41fd90915d8449-7c4ac2788d2fd94b-01
    status:
      code: 201
      message: Created
    url: https://nalehmandigitaltwins.api.wus2.digitaltwins.azure.net/models?api-version=2021-06-30-preview
- request:
    body: '{"$metadata": {"$model": "dtmi:samples:RelationshipTestBuilding;1"}, "AverageTemperature":
      68}'
    headers:
      Accept:
      - application/json
      Content-Length:
      - '94'
      Content-Type:
      - application/json
      User-Agent:
      - azsdk-python-digitaltwins-core/1.2.0b1 Python/3.9.1 (Windows-10-10.0.22000-SP0)
    method: PUT
    uri: https://dttestdigitaltwinsname.api.wus2.digitaltwins.azure.net/digitaltwins/DTRelationshipTestsBuildingTwin?api-version=2021-06-30-preview
  response:
    body:
      string: '{"$dtId":"DTRelationshipTestsBuildingTwin","$etag":"W/\"60b55903-ac5b-4b4c-976a-9e3d5744da06\"","AverageTemperature":68,"$metadata":{"$model":"dtmi:samples:RelationshipTestBuilding;1","AverageTemperature":{"lastUpdateTime":"2022-03-28T15:06:42.9724881Z"}}}'
    headers:
      content-length: '256'
      content-type: application/json; charset=utf-8
      date: Mon, 28 Mar 2022 15:06:42 GMT
      etag: W/"60b55903-ac5b-4b4c-976a-9e3d5744da06"
      strict-transport-security: max-age=2592000
      traceresponse: 00-6b9b6cadfa808a48aee4d70e964fc75c-e183daab93b0114a-01
    status:
      code: 200
      message: OK
    url: https://nalehmandigitaltwins.api.wus2.digitaltwins.azure.net/digitaltwins/DTRelationshipTestsBuildingTwin?api-version=2021-06-30-preview
- request:
    body: '{"$metadata": {"$model": "dtmi:samples:RelationshipTestFloor;1"}, "AverageTemperature":
      75}'
    headers:
      Accept:
      - application/json
      Content-Length:
      - '91'
      Content-Type:
      - application/json
      User-Agent:
      - azsdk-python-digitaltwins-core/1.2.0b1 Python/3.9.1 (Windows-10-10.0.22000-SP0)
    method: PUT
    uri: https://dttestdigitaltwinsname.api.wus2.digitaltwins.azure.net/digitaltwins/DTRelationshipTestsFloorTwin?api-version=2021-06-30-preview
  response:
    body:
      string: '{"$dtId":"DTRelationshipTestsFloorTwin","$etag":"W/\"7c750522-e475-469a-8293-7b5f0cae0243\"","AverageTemperature":75,"$metadata":{"$model":"dtmi:samples:RelationshipTestFloor;1","AverageTemperature":{"lastUpdateTime":"2022-03-28T15:06:43.0833597Z"}}}'
    headers:
      content-length: '250'
      content-type: application/json; charset=utf-8
      date: Mon, 28 Mar 2022 15:06:42 GMT
      etag: W/"7c750522-e475-469a-8293-7b5f0cae0243"
      strict-transport-security: max-age=2592000
      traceresponse: 00-6ebbc88bfd928a4897328f6241c267f7-62d8d052417bf64a-01
    status:
      code: 200
      message: OK
    url: https://nalehmandigitaltwins.api.wus2.digitaltwins.azure.net/digitaltwins/DTRelationshipTestsFloorTwin?api-version=2021-06-30-preview
- request:
    body: '{"$metadata": {"$model": "dtmi:samples:RelationshipTestRoom;1"}, "Temperature":
      80, "IsOccupied": true}'
    headers:
      Accept:
      - application/json
      Content-Length:
      - '103'
      Content-Type:
      - application/json
      User-Agent:
      - azsdk-python-digitaltwins-core/1.2.0b1 Python/3.9.1 (Windows-10-10.0.22000-SP0)
    method: PUT
    uri: https://dttestdigitaltwinsname.api.wus2.digitaltwins.azure.net/digitaltwins/DTRelationshipTestsRoomTwin?api-version=2021-06-30-preview
  response:
    body:
      string: '{"$dtId":"DTRelationshipTestsRoomTwin","$etag":"W/\"9196daaa-a300-4e1f-a0b7-d9d03d5e32b7\"","Temperature":80,"IsOccupied":true,"$metadata":{"$model":"dtmi:samples:RelationshipTestRoom;1","Temperature":{"lastUpdateTime":"2022-03-28T15:06:43.1897560Z"},"IsOccupied":{"lastUpdateTime":"2022-03-28T15:06:43.1897560Z"}}}'
    headers:
      content-length: '315'
      content-type: application/json; charset=utf-8
      date: Mon, 28 Mar 2022 15:06:42 GMT
      etag: W/"9196daaa-a300-4e1f-a0b7-d9d03d5e32b7"
      strict-transport-security: max-age=2592000
      traceresponse: 00-5ab5373a14e13945a13c6caffdcb3710-f55b01e4b5c8db4e-01
    status:
      code: 200
      message: OK
    url: https://nalehmandigitaltwins.api.wus2.digitaltwins.azure.net/digitaltwins/DTRelationshipTestsRoomTwin?api-version=2021-06-30-preview
- request:
    body: '{"$relationshipId": "FloorContainsRoom", "$sourceId": "DTRelationshipTestsFloorTwin",
      "$relationshipName": "contains", "$targetId": "DTRelationshipTestsRoomTwin"}'
    headers:
      Accept:
      - application/json
      Content-Length:
      - '162'
      Content-Type:
      - application/json
      User-Agent:
      - azsdk-python-digitaltwins-core/1.2.0b1 Python/3.9.1 (Windows-10-10.0.22000-SP0)
    method: PUT
    uri: https://dttestdigitaltwinsname.api.wus2.digitaltwins.azure.net/digitaltwins/foo/relationships/FloorContainsRoom?api-version=2021-06-30-preview
  response:
    body:
      string: '{"error":{"code":"DigitalTwinNotFound","message":"There is no digital
        twin instance that exists with the ID foo. Please verify that the twin id
        is valid and ensure that the twin is not deleted. See section on querying
        the twins https://aka.ms/adtv2query."}}'
    headers:
      content-length: '257'
      content-type: application/json; charset=utf-8
      date: Mon, 28 Mar 2022 15:06:42 GMT
      strict-transport-security: max-age=2592000
      traceresponse: 00-15375c13de9f2e40a9afb1cb915f57db-7d2183d5b660d944-01
    status:
      code: 404
      message: Not Found
    url: https://nalehmandigitaltwins.api.wus2.digitaltwins.azure.net/digitaltwins/foo/relationships/FloorContainsRoom?api-version=2021-06-30-preview
- request:
    body: '{"$relationshipId": "FloorContainsRoom", "$sourceId": "DTRelationshipTestsFloorTwin",
      "$relationshipName": "contains", "$targetId": "DTRelationshipTestsRoomTwin"}'
    headers:
      Accept:
      - application/json
      Content-Length:
      - '162'
      Content-Type:
      - application/json
      User-Agent:
      - azsdk-python-digitaltwins-core/1.2.0b1 Python/3.9.1 (Windows-10-10.0.22000-SP0)
    method: PUT
    uri: https://dttestdigitaltwinsname.api.wus2.digitaltwins.azure.net/digitaltwins/DTRelationshipTestsFloorTwin/relationships/foo?api-version=2021-06-30-preview
  response:
    body:
      string: '{"$relationshipId":"foo","$etag":"W/\"5d30a67f-25b4-4d32-b0b7-b2333261058c\"","$sourceId":"DTRelationshipTestsFloorTwin","$relationshipName":"contains","$targetId":"DTRelationshipTestsRoomTwin"}'
    headers:
      content-length: '194'
      content-type: application/json; charset=utf-8
      date: Mon, 28 Mar 2022 15:06:42 GMT
      etag: W/"5d30a67f-25b4-4d32-b0b7-b2333261058c"
      strict-transport-security: max-age=2592000
      traceresponse: 00-6a8b411c7b8fc5458d75a2ee98d85ad4-777445641cf06f44-01
    status:
      code: 200
      message: OK
    url: https://nalehmandigitaltwins.api.wus2.digitaltwins.azure.net/digitaltwins/DTRelationshipTestsFloorTwin/relationships/foo?api-version=2021-06-30-preview
- request:
    body: '{"$relationshipId": "FloorContainsRoom", "$sourceId": "DTRelationshipTestsFloorTwin",
      "$relationshipName": "contains", "$targetId": "foo"}'
    headers:
      Accept:
      - application/json
      Content-Length:
      - '138'
      Content-Type:
      - application/json
      User-Agent:
      - azsdk-python-digitaltwins-core/1.2.0b1 Python/3.9.1 (Windows-10-10.0.22000-SP0)
    method: PUT
    uri: https://dttestdigitaltwinsname.api.wus2.digitaltwins.azure.net/digitaltwins/DTRelationshipTestsFloorTwin/relationships/FloorContainsRoom?api-version=2021-06-30-preview
  response:
    body:
      string: '{"error":{"code":"TargetDigitalTwinNotFound","message":"The target
        digital twin is invalid or does not exist. Please validate that the target
        twin is valid and ensure that the target twin is not deleted. See section
        on querying the twins https://aka.ms/adtv2query ."}}'
    headers:
      content-length: '268'
      content-type: application/json; charset=utf-8
      date: Mon, 28 Mar 2022 15:06:42 GMT
      strict-transport-security: max-age=2592000
      traceresponse: 00-1f0594261e30394ebc69a6eeb213264f-dd5c8854fb4bf24b-01
    status:
      code: 404
      message: Not Found
    url: https://nalehmandigitaltwins.api.wus2.digitaltwins.azure.net/digitaltwins/DTRelationshipTestsFloorTwin/relationships/FloorContainsRoom?api-version=2021-06-30-preview
- request:
    body: '{"$relationshipId": "FloorContainsRoom", "$sourceId": "foo", "$relationshipName":
      "contains", "$targetId": "DTRelationshipTestsRoomTwin"}'
    headers:
      Accept:
      - application/json
      Content-Length:
      - '137'
      Content-Type:
      - application/json
      User-Agent:
      - azsdk-python-digitaltwins-core/1.2.0b1 Python/3.9.1 (Windows-10-10.0.22000-SP0)
    method: PUT
    uri: https://dttestdigitaltwinsname.api.wus2.digitaltwins.azure.net/digitaltwins/DTRelationshipTestsFloorTwin/relationships/FloorContainsRoom?api-version=2021-06-30-preview
  response:
    body:
      string: '{"$relationshipId":"FloorContainsRoom","$etag":"W/\"c88652e8-5bca-4291-881e-4b64ce2c6681\"","$sourceId":"DTRelationshipTestsFloorTwin","$relationshipName":"contains","$targetId":"DTRelationshipTestsRoomTwin"}'
    headers:
      content-length: '208'
      content-type: application/json; charset=utf-8
      date: Mon, 28 Mar 2022 15:06:43 GMT
      etag: W/"c88652e8-5bca-4291-881e-4b64ce2c6681"
      strict-transport-security: max-age=2592000
      traceresponse: 00-9c4cb42ae5247c4c8588f8c9144afc69-8037ac870269274a-01
    status:
      code: 200
      message: OK
    url: https://nalehmandigitaltwins.api.wus2.digitaltwins.azure.net/digitaltwins/DTRelationshipTestsFloorTwin/relationships/FloorContainsRoom?api-version=2021-06-30-preview
- request:
    body: '{"$relationshipName": "contains", "$targetId": "DTRelationshipTestsRoomTwin"}'
    headers:
      Accept:
      - application/json
      Content-Length:
      - '77'
      Content-Type:
      - application/json
      User-Agent:
      - azsdk-python-digitaltwins-core/1.2.0b1 Python/3.9.1 (Windows-10-10.0.22000-SP0)
    method: PUT
    uri: https://dttestdigitaltwinsname.api.wus2.digitaltwins.azure.net/digitaltwins/DTRelationshipTestsFloorTwin/relationships/FloorContainsRoom?api-version=2021-06-30-preview
  response:
    body:
      string: '{"$relationshipId":"FloorContainsRoom","$etag":"W/\"9d09ff6d-52c6-4092-a199-4911366647bb\"","$sourceId":"DTRelationshipTestsFloorTwin","$relationshipName":"contains","$targetId":"DTRelationshipTestsRoomTwin"}'
    headers:
      content-length: '208'
      content-type: application/json; charset=utf-8
      date: Mon, 28 Mar 2022 15:06:43 GMT
      etag: W/"9d09ff6d-52c6-4092-a199-4911366647bb"
      strict-transport-security: max-age=2592000
      traceresponse: 00-69d2579895d4f34483ae1d318cbad508-c68ebc47c8b27643-01
    status:
      code: 200
      message: OK
    url: https://nalehmandigitaltwins.api.wus2.digitaltwins.azure.net/digitaltwins/DTRelationshipTestsFloorTwin/relationships/FloorContainsRoom?api-version=2021-06-30-preview
- request:
    body: '{"$relationshipId": "foo", "$sourceId": "DTRelationshipTestsFloorTwin",
      "$relationshipName": "contains", "$targetId": "DTRelationshipTestsRoomTwin"}'
    headers:
      Accept:
      - application/json
      Content-Length:
      - '148'
      Content-Type:
      - application/json
      User-Agent:
      - azsdk-python-digitaltwins-core/1.2.0b1 Python/3.9.1 (Windows-10-10.0.22000-SP0)
    method: PUT
    uri: https://dttestdigitaltwinsname.api.wus2.digitaltwins.azure.net/digitaltwins/DTRelationshipTestsFloorTwin/relationships/FloorContainsRoom?api-version=2021-06-30-preview
  response:
    body:
      string: '{"$relationshipId":"FloorContainsRoom","$etag":"W/\"7a8844cc-e439-4af1-b0a4-820b495efb2d\"","$sourceId":"DTRelationshipTestsFloorTwin","$relationshipName":"contains","$targetId":"DTRelationshipTestsRoomTwin"}'
    headers:
      content-length: '208'
      content-type: application/json; charset=utf-8
      date: Mon, 28 Mar 2022 15:06:43 GMT
      etag: W/"7a8844cc-e439-4af1-b0a4-820b495efb2d"
      strict-transport-security: max-age=2592000
      traceresponse: 00-56d481f5b6dbe64ca810081297042e16-e329f502723e7e4d-01
    status:
      code: 200
      message: OK
    url: https://nalehmandigitaltwins.api.wus2.digitaltwins.azure.net/digitaltwins/DTRelationshipTestsFloorTwin/relationships/FloorContainsRoom?api-version=2021-06-30-preview
- request:
    body: '{"$targetId": "DTRelationshipTestsRoomTwin"}'
    headers:
      Accept:
      - application/json
      Content-Length:
      - '44'
      Content-Type:
      - application/json
      User-Agent:
      - azsdk-python-digitaltwins-core/1.2.0b1 Python/3.9.1 (Windows-10-10.0.22000-SP0)
    method: PUT
    uri: https://dttestdigitaltwinsname.api.wus2.digitaltwins.azure.net/digitaltwins/DTRelationshipTestsFloorTwin/relationships/FloorContainsRoom?api-version=2021-06-30-preview
  response:
    body:
      string: '{"error":{"code":"InvalidArgument","message":"Could not deserialize
        relationship create body."}}'
    headers:
      content-length: '96'
      content-type: application/json; charset=utf-8
      date: Mon, 28 Mar 2022 15:06:43 GMT
      strict-transport-security: max-age=2592000
      traceresponse: 00-1cd696583ac1d74eae4aef5e7ed56746-038c883c37157843-01
    status:
      code: 400
      message: Bad Request
    url: https://nalehmandigitaltwins.api.wus2.digitaltwins.azure.net/digitaltwins/DTRelationshipTestsFloorTwin/relationships/FloorContainsRoom?api-version=2021-06-30-preview
- request:
    body: '{}'
    headers:
      Accept:
      - application/json
      Content-Length:
      - '2'
      Content-Type:
      - application/json
      User-Agent:
      - azsdk-python-digitaltwins-core/1.2.0b1 Python/3.9.1 (Windows-10-10.0.22000-SP0)
    method: PUT
    uri: https://dttestdigitaltwinsname.api.wus2.digitaltwins.azure.net/digitaltwins/DTRelationshipTestsFloorTwin/relationships/FloorContainsRoom?api-version=2021-06-30-preview
  response:
    body:
      string: '{"error":{"code":"InvalidArgument","message":"Could not deserialize
        relationship create body."}}'
    headers:
      content-length: '96'
      content-type: application/json; charset=utf-8
      date: Mon, 28 Mar 2022 15:06:43 GMT
      strict-transport-security: max-age=2592000
      traceresponse: 00-211b0fed301a1b4f85c98b7012b55c4e-edb5d527b934354a-01
    status:
      code: 400
      message: Bad Request
    url: https://nalehmandigitaltwins.api.wus2.digitaltwins.azure.net/digitaltwins/DTRelationshipTestsFloorTwin/relationships/FloorContainsRoom?api-version=2021-06-30-preview
version: 1
