interactions:
- request:
    body: null
    headers:
      Accept:
      - application/json
      User-Agent:
      - azsdk-python-digitaltwins-core/1.2.0 Python/3.9.1 (Windows-10-10.0.22000-SP0)
    method: GET
    uri: https://dttestdigitaltwinsname.api.wus2.digitaltwins.azure.net/models?includeModelDefinition=false&api-version=2021-06-30-preview
  response:
    body:
      string: '{"value":[{"id":"dtmi:samples:RelationshipTestBuilding;1","description":{},"displayName":{"en":"Building"},"decommissioned":false,"uploadTime":"2022-03-24T17:03:47.4495282+00:00"},{"id":"dtmi:samples:RelationshipTestFloor;1","description":{},"displayName":{"en":"Floor"},"decommissioned":false,"uploadTime":"2022-03-24T17:03:47.4495527+00:00"},{"id":"dtmi:samples:RelationshipTestRoom;1","description":{},"displayName":{"en":"Room"},"decommissioned":false,"uploadTime":"2022-03-24T17:03:47.4495689+00:00"}],"nextLink":null}'
    headers:
      content-length: '523'
      content-type: application/json; charset=utf-8
      date: Thu, 24 Mar 2022 17:03:47 GMT
      strict-transport-security: max-age=2592000
      traceresponse: 00-554b696b3d6a914d8972bbc11e03ed0c-0ce2be64c864b644-01
    status:
      code: 200
      message: OK
    url: https://nalehmandigitaltwins.api.wus2.digitaltwins.azure.net/models?includeModelDefinition=false&api-version=2021-06-30-preview
- request:
    body: null
    headers:
      User-Agent:
      - azsdk-python-digitaltwins-core/1.2.0 Python/3.9.1 (Windows-10-10.0.22000-SP0)
    method: DELETE
    uri: https://dttestdigitaltwinsname.api.wus2.digitaltwins.azure.net/models/dtmi:samples:RelationshipTestBuilding;1?api-version=2021-06-30-preview
  response:
    body:
      string: ''
    headers:
      content-length: '0'
      date: Thu, 24 Mar 2022 17:03:47 GMT
      strict-transport-security: max-age=2592000
      traceresponse: 00-3cea5066415dba48b11fa23879f82257-cf074a605ab4b14d-01
    status:
      code: 204
      message: No Content
    url: https://nalehmandigitaltwins.api.wus2.digitaltwins.azure.net/models/dtmi:samples:RelationshipTestBuilding;1?api-version=2021-06-30-preview
- request:
    body: null
    headers:
      User-Agent:
      - azsdk-python-digitaltwins-core/1.2.0 Python/3.9.1 (Windows-10-10.0.22000-SP0)
    method: DELETE
    uri: https://dttestdigitaltwinsname.api.wus2.digitaltwins.azure.net/models/dtmi:samples:RelationshipTestFloor;1?api-version=2021-06-30-preview
  response:
    body:
      string: ''
    headers:
      content-length: '0'
      date: Thu, 24 Mar 2022 17:03:48 GMT
      strict-transport-security: max-age=2592000
      traceresponse: 00-ef0352889dcf794bba78ddb7e8b71197-a47df9cefc8ca04e-01
    status:
      code: 204
      message: No Content
    url: https://nalehmandigitaltwins.api.wus2.digitaltwins.azure.net/models/dtmi:samples:RelationshipTestFloor;1?api-version=2021-06-30-preview
- request:
    body: null
    headers:
      User-Agent:
      - azsdk-python-digitaltwins-core/1.2.0 Python/3.9.1 (Windows-10-10.0.22000-SP0)
    method: DELETE
    uri: https://dttestdigitaltwinsname.api.wus2.digitaltwins.azure.net/models/dtmi:samples:RelationshipTestRoom;1?api-version=2021-06-30-preview
  response:
    body:
      string: ''
    headers:
      content-length: '0'
      date: Thu, 24 Mar 2022 17:03:48 GMT
      strict-transport-security: max-age=2592000
      traceresponse: 00-440469ac93f1644596f45f6d1ed1a1f5-89b86c3274b0c74e-01
    status:
      code: 204
      message: No Content
    url: https://nalehmandigitaltwins.api.wus2.digitaltwins.azure.net/models/dtmi:samples:RelationshipTestRoom;1?api-version=2021-06-30-preview
- request:
    body: null
    headers:
      Accept:
      - application/json
      User-Agent:
      - azsdk-python-digitaltwins-core/1.2.0 Python/3.9.1 (Windows-10-10.0.22000-SP0)
    method: GET
    uri: https://dttestdigitaltwinsname.api.wus2.digitaltwins.azure.net/models?includeModelDefinition=false&api-version=2021-06-30-preview
  response:
    body:
      string: '{"value":[],"nextLink":null}'
    headers:
      content-length: '28'
      content-type: application/json; charset=utf-8
      date: Thu, 24 Mar 2022 17:03:48 GMT
      strict-transport-security: max-age=2592000
      traceresponse: 00-8aa73bac9b75014e81faea80d07b8e8f-9a80ec418f45d845-01
    status:
      code: 200
      message: OK
    url: https://nalehmandigitaltwins.api.wus2.digitaltwins.azure.net/models?includeModelDefinition=false&api-version=2021-06-30-preview
- request:
    body: null
    headers:
      Accept:
      - application/json
      User-Agent:
      - azsdk-python-digitaltwins-core/1.2.0 Python/3.9.1 (Windows-10-10.0.22000-SP0)
    method: GET
    uri: https://dttestdigitaltwinsname.api.wus2.digitaltwins.azure.net/digitaltwins/DTRelationshipTestsRoomTwin/relationships?api-version=2021-06-30-preview
  response:
    body:
      string: '{"nextLink":null,"value":[]}'
    headers:
      content-length: '28'
      content-type: application/json; charset=utf-8
      date: Thu, 24 Mar 2022 17:03:48 GMT
      strict-transport-security: max-age=2592000
      traceresponse: 00-78902981dcff1348b7d94c02ce7a3268-cd162e8531176a48-01
    status:
      code: 200
      message: OK
    url: https://nalehmandigitaltwins.api.wus2.digitaltwins.azure.net/digitaltwins/DTRelationshipTestsRoomTwin/relationships?api-version=2021-06-30-preview
- request:
    body: null
    headers:
      Accept:
      - application/json
      User-Agent:
      - azsdk-python-digitaltwins-core/1.2.0 Python/3.9.1 (Windows-10-10.0.22000-SP0)
    method: GET
    uri: https://dttestdigitaltwinsname.api.wus2.digitaltwins.azure.net/digitaltwins/DTRelationshipTestsFloorTwin/relationships?api-version=2021-06-30-preview
  response:
    body:
      string: '{"nextLink":null,"value":[]}'
    headers:
      content-length: '28'
      content-type: application/json; charset=utf-8
      date: Thu, 24 Mar 2022 17:03:48 GMT
      strict-transport-security: max-age=2592000
      traceresponse: 00-be176a6e9e54ff4381fc0a968f745e90-6198de31b0b47549-01
    status:
      code: 200
      message: OK
    url: https://nalehmandigitaltwins.api.wus2.digitaltwins.azure.net/digitaltwins/DTRelationshipTestsFloorTwin/relationships?api-version=2021-06-30-preview
- request:
    body: null
    headers:
      Accept:
      - application/json
      User-Agent:
      - azsdk-python-digitaltwins-core/1.2.0 Python/3.9.1 (Windows-10-10.0.22000-SP0)
    method: GET
    uri: https://dttestdigitaltwinsname.api.wus2.digitaltwins.azure.net/digitaltwins/DTRelationshipTestsBuildingTwin/relationships?api-version=2021-06-30-preview
  response:
    body:
      string: '{"nextLink":null,"value":[{"$relationshipId":"BuildingHasFloor","$etag":"W/\"6de983cd-59b2-4a95-b0f3-8d645cff6f39\"","$sourceId":"DTRelationshipTestsBuildingTwin","$relationshipName":"has","$targetId":"DTRelationshipTestsFloorTwin","isAccessRestricted":false}]}'
    headers:
      content-length: '261'
      content-type: application/json; charset=utf-8
      date: Thu, 24 Mar 2022 17:03:48 GMT
      strict-transport-security: max-age=2592000
      traceresponse: 00-cf39148498342d439f961c9e578e53f4-c4fe3398175dd04e-01
    status:
      code: 200
      message: OK
    url: https://nalehmandigitaltwins.api.wus2.digitaltwins.azure.net/digitaltwins/DTRelationshipTestsBuildingTwin/relationships?api-version=2021-06-30-preview
- request:
    body: null
    headers:
      User-Agent:
      - azsdk-python-digitaltwins-core/1.2.0 Python/3.9.1 (Windows-10-10.0.22000-SP0)
    method: DELETE
    uri: https://dttestdigitaltwinsname.api.wus2.digitaltwins.azure.net/digitaltwins/DTRelationshipTestsBuildingTwin/relationships/BuildingHasFloor?api-version=2021-06-30-preview
  response:
    body:
      string: ''
    headers:
      content-length: '0'
      date: Thu, 24 Mar 2022 17:03:48 GMT
      strict-transport-security: max-age=2592000
      traceresponse: 00-76296cce1ca2c1478e565af22d193664-92dc20baff9a3b4c-01
    status:
      code: 204
      message: No Content
    url: https://nalehmandigitaltwins.api.wus2.digitaltwins.azure.net/digitaltwins/DTRelationshipTestsBuildingTwin/relationships/BuildingHasFloor?api-version=2021-06-30-preview
- request:
    body: null
    headers:
      User-Agent:
      - azsdk-python-digitaltwins-core/1.2.0 Python/3.9.1 (Windows-10-10.0.22000-SP0)
    method: DELETE
    uri: https://dttestdigitaltwinsname.api.wus2.digitaltwins.azure.net/digitaltwins/DTRelationshipTestsRoomTwin?api-version=2021-06-30-preview
  response:
    body:
      string: ''
    headers:
      content-length: '0'
      date: Thu, 24 Mar 2022 17:03:48 GMT
      strict-transport-security: max-age=2592000
      traceresponse: 00-0e894906fb59984ba9e36011877e36a4-38795f9e986b9247-01
    status:
      code: 204
      message: No Content
    url: https://nalehmandigitaltwins.api.wus2.digitaltwins.azure.net/digitaltwins/DTRelationshipTestsRoomTwin?api-version=2021-06-30-preview
- request:
    body: null
    headers:
      User-Agent:
      - azsdk-python-digitaltwins-core/1.2.0 Python/3.9.1 (Windows-10-10.0.22000-SP0)
    method: DELETE
    uri: https://dttestdigitaltwinsname.api.wus2.digitaltwins.azure.net/digitaltwins/DTRelationshipTestsFloorTwin?api-version=2021-06-30-preview
  response:
    body:
      string: ''
    headers:
      content-length: '0'
      date: Thu, 24 Mar 2022 17:03:48 GMT
      strict-transport-security: max-age=2592000
      traceresponse: 00-001911f4ff0b2a428b830fe12197a862-26abde4cbcc1bb43-01
    status:
      code: 204
      message: No Content
    url: https://nalehmandigitaltwins.api.wus2.digitaltwins.azure.net/digitaltwins/DTRelationshipTestsFloorTwin?api-version=2021-06-30-preview
- request:
    body: null
    headers:
      User-Agent:
      - azsdk-python-digitaltwins-core/1.2.0 Python/3.9.1 (Windows-10-10.0.22000-SP0)
    method: DELETE
    uri: https://dttestdigitaltwinsname.api.wus2.digitaltwins.azure.net/digitaltwins/DTRelationshipTestsBuildingTwin?api-version=2021-06-30-preview
  response:
    body:
      string: ''
    headers:
      content-length: '0'
      date: Thu, 24 Mar 2022 17:03:49 GMT
      strict-transport-security: max-age=2592000
      traceresponse: 00-8e1c2cdac93cf4418dbb7dc6c8c2e263-ee25ae2d5e984445-01
    status:
      code: 204
      message: No Content
    url: https://nalehmandigitaltwins.api.wus2.digitaltwins.azure.net/digitaltwins/DTRelationshipTestsBuildingTwin?api-version=2021-06-30-preview
- request:
    body: '[{"@id": "dtmi:samples:RelationshipTestBuilding;1", "@type": "Interface",
      "@context": "dtmi:dtdl:context;2", "displayName": "Building", "contents": [{"@type":
      "Relationship", "name": "has", "target": "dtmi:samples:RelationshipTestFloor;1",
      "properties": [{"@type": "Property", "name": "isAccessRestricted", "schema":
      "boolean"}]}, {"@type": "Property", "name": "AverageTemperature", "schema":
      "double"}]}, {"@id": "dtmi:samples:RelationshipTestFloor;1", "@type": "Interface",
      "@context": "dtmi:dtdl:context;2", "displayName": "Floor", "contents": [{"@type":
      "Relationship", "name": "contains", "target": "dtmi:samples:RelationshipTestRoom;1"},
      {"@type": "Property", "name": "AverageTemperature", "schema": "double"}]}, {"@id":
      "dtmi:samples:RelationshipTestRoom;1", "@type": "Interface", "@context": "dtmi:dtdl:context;2",
      "displayName": "Room", "contents": [{"@type": "Property", "name": "Temperature",
      "schema": "double"}, {"@type": "Property", "name": "IsOccupied", "schema": "boolean"}]}]'
    headers:
      Accept:
      - application/json
      Content-Length:
      - '992'
      Content-Type:
      - application/json
      User-Agent:
      - azsdk-python-digitaltwins-core/1.2.0 Python/3.9.1 (Windows-10-10.0.22000-SP0)
    method: POST
    uri: https://dttestdigitaltwinsname.api.wus2.digitaltwins.azure.net/models?api-version=2021-06-30-preview
  response:
    body:
      string: '[{"id":"dtmi:samples:RelationshipTestBuilding;1","description":{},"displayName":{"en":"Building"},"decommissioned":false,"uploadTime":"2022-03-24T17:03:50.0988612+00:00"},{"id":"dtmi:samples:RelationshipTestFloor;1","description":{},"displayName":{"en":"Floor"},"decommissioned":false,"uploadTime":"2022-03-24T17:03:50.0988849+00:00"},{"id":"dtmi:samples:RelationshipTestRoom;1","description":{},"displayName":{"en":"Room"},"decommissioned":false,"uploadTime":"2022-03-24T17:03:50.0989013+00:00"}]'
    headers:
      content-length: '497'
      content-type: application/json; charset=utf-8
      date: Thu, 24 Mar 2022 17:03:49 GMT
      strict-transport-security: max-age=2592000
      traceresponse: 00-e440ccaa01c65241884d6027c700de40-4b077589c394884d-01
    status:
      code: 201
      message: Created
    url: https://nalehmandigitaltwins.api.wus2.digitaltwins.azure.net/models?api-version=2021-06-30-preview
- request:
    body: '{"$metadata": {"$model": "dtmi:samples:RelationshipTestBuilding;1"}, "AverageTemperature":
      68}'
    headers:
      Accept:
      - application/json
      Content-Length:
      - '94'
      Content-Type:
      - application/json
      User-Agent:
      - azsdk-python-digitaltwins-core/1.2.0 Python/3.9.1 (Windows-10-10.0.22000-SP0)
    method: PUT
    uri: https://dttestdigitaltwinsname.api.wus2.digitaltwins.azure.net/digitaltwins/DTRelationshipTestsBuildingTwin?api-version=2021-06-30-preview
  response:
    body:
      string: '{"$dtId":"DTRelationshipTestsBuildingTwin","$etag":"W/\"e9383e57-b434-4d31-b176-8d2390fead10\"","AverageTemperature":68,"$metadata":{"$model":"dtmi:samples:RelationshipTestBuilding;1","AverageTemperature":{"lastUpdateTime":"2022-03-24T17:03:50.2235387Z"}}}'
    headers:
      content-length: '256'
      content-type: application/json; charset=utf-8
      date: Thu, 24 Mar 2022 17:03:49 GMT
      etag: W/"e9383e57-b434-4d31-b176-8d2390fead10"
      strict-transport-security: max-age=2592000
      traceresponse: 00-b29b08eb219faf43ad979c98cb61dc82-57e662494ca35c44-01
    status:
      code: 200
      message: OK
    url: https://nalehmandigitaltwins.api.wus2.digitaltwins.azure.net/digitaltwins/DTRelationshipTestsBuildingTwin?api-version=2021-06-30-preview
- request:
    body: '{"$metadata": {"$model": "dtmi:samples:RelationshipTestFloor;1"}, "AverageTemperature":
      75}'
    headers:
      Accept:
      - application/json
      Content-Length:
      - '91'
      Content-Type:
      - application/json
      User-Agent:
      - azsdk-python-digitaltwins-core/1.2.0 Python/3.9.1 (Windows-10-10.0.22000-SP0)
    method: PUT
    uri: https://dttestdigitaltwinsname.api.wus2.digitaltwins.azure.net/digitaltwins/DTRelationshipTestsFloorTwin?api-version=2021-06-30-preview
  response:
    body:
      string: '{"$dtId":"DTRelationshipTestsFloorTwin","$etag":"W/\"789c1782-9b06-48df-8ae8-85c6d715ffe7\"","AverageTemperature":75,"$metadata":{"$model":"dtmi:samples:RelationshipTestFloor;1","AverageTemperature":{"lastUpdateTime":"2022-03-24T17:03:50.3488266Z"}}}'
    headers:
      content-length: '250'
      content-type: application/json; charset=utf-8
      date: Thu, 24 Mar 2022 17:03:49 GMT
      etag: W/"789c1782-9b06-48df-8ae8-85c6d715ffe7"
      strict-transport-security: max-age=2592000
      traceresponse: 00-114b6e9a07960849a4492f57cd98d5ed-97e441c28c6e354d-01
    status:
      code: 200
      message: OK
    url: https://nalehmandigitaltwins.api.wus2.digitaltwins.azure.net/digitaltwins/DTRelationshipTestsFloorTwin?api-version=2021-06-30-preview
- request:
    body: '{"$metadata": {"$model": "dtmi:samples:RelationshipTestRoom;1"}, "Temperature":
      80, "IsOccupied": true}'
    headers:
      Accept:
      - application/json
      Content-Length:
      - '103'
      Content-Type:
      - application/json
      User-Agent:
      - azsdk-python-digitaltwins-core/1.2.0 Python/3.9.1 (Windows-10-10.0.22000-SP0)
    method: PUT
    uri: https://dttestdigitaltwinsname.api.wus2.digitaltwins.azure.net/digitaltwins/DTRelationshipTestsRoomTwin?api-version=2021-06-30-preview
  response:
    body:
      string: '{"$dtId":"DTRelationshipTestsRoomTwin","$etag":"W/\"0a361d5e-a930-42e4-a699-296039606efb\"","Temperature":80,"IsOccupied":true,"$metadata":{"$model":"dtmi:samples:RelationshipTestRoom;1","Temperature":{"lastUpdateTime":"2022-03-24T17:03:50.4602279Z"},"IsOccupied":{"lastUpdateTime":"2022-03-24T17:03:50.4602279Z"}}}'
    headers:
      content-length: '315'
      content-type: application/json; charset=utf-8
      date: Thu, 24 Mar 2022 17:03:49 GMT
      etag: W/"0a361d5e-a930-42e4-a699-296039606efb"
      strict-transport-security: max-age=2592000
      traceresponse: 00-6ba44e9ec984f645a6898be04e7e660a-d2ef57372fbfa14d-01
    status:
      code: 200
      message: OK
    url: https://nalehmandigitaltwins.api.wus2.digitaltwins.azure.net/digitaltwins/DTRelationshipTestsRoomTwin?api-version=2021-06-30-preview
- request:
    body: '{"$relationshipId": "BuildingHasFloor", "$sourceId": "DTRelationshipTestsBuildingTwin",
      "$relationshipName": "has", "$targetId": "DTRelationshipTestsFloorTwin", "isAccessRestricted":
      false}'
    headers:
      Accept:
      - application/json
      Content-Length:
      - '189'
      Content-Type:
      - application/json
      User-Agent:
      - azsdk-python-digitaltwins-core/1.2.0 Python/3.9.1 (Windows-10-10.0.22000-SP0)
    method: PUT
    uri: https://dttestdigitaltwinsname.api.wus2.digitaltwins.azure.net/digitaltwins/DTRelationshipTestsBuildingTwin/relationships/BuildingHasFloor?api-version=2021-06-30-preview
  response:
    body:
      string: '{"$relationshipId":"BuildingHasFloor","$etag":"W/\"20503f33-edb7-4619-a6be-c446e28ba11e\"","$sourceId":"DTRelationshipTestsBuildingTwin","$relationshipName":"has","$targetId":"DTRelationshipTestsFloorTwin","isAccessRestricted":false}'
    headers:
      content-length: '233'
      content-type: application/json; charset=utf-8
      date: Thu, 24 Mar 2022 17:03:49 GMT
      etag: W/"20503f33-edb7-4619-a6be-c446e28ba11e"
      strict-transport-security: max-age=2592000
      traceresponse: 00-0b560767862ad44ca80c6bc658d9210b-1aa2e9cec5acae4c-01
    status:
      code: 200
      message: OK
    url: https://nalehmandigitaltwins.api.wus2.digitaltwins.azure.net/digitaltwins/DTRelationshipTestsBuildingTwin/relationships/BuildingHasFloor?api-version=2021-06-30-preview
- request:
    body: null
    headers:
      Accept:
      - application/json
      User-Agent:
      - azsdk-python-digitaltwins-core/1.2.0 Python/3.9.1 (Windows-10-10.0.22000-SP0)
    method: GET
    uri: https://dttestdigitaltwinsname.api.wus2.digitaltwins.azure.net/digitaltwins/DTRelationshipTestsBuildingTwin/relationships?api-version=2021-06-30-preview
  response:
    body:
      string: '{"nextLink":null,"value":[{"$relationshipId":"BuildingHasFloor","$etag":"W/\"20503f33-edb7-4619-a6be-c446e28ba11e\"","$sourceId":"DTRelationshipTestsBuildingTwin","$relationshipName":"has","$targetId":"DTRelationshipTestsFloorTwin","isAccessRestricted":false}]}'
    headers:
      content-length: '261'
      content-type: application/json; charset=utf-8
      date: Thu, 24 Mar 2022 17:03:49 GMT
      strict-transport-security: max-age=2592000
      traceresponse: 00-24409bd849908f4b9d50e716df6f3b5e-eec0473ab92c8d40-01
    status:
      code: 200
      message: OK
    url: https://nalehmandigitaltwins.api.wus2.digitaltwins.azure.net/digitaltwins/DTRelationshipTestsBuildingTwin/relationships?api-version=2021-06-30-preview
version: 1
