interactions:
- request:
    body: null
    headers:
      Accept:
      - application/json
      User-Agent:
      - azsdk-python-digitaltwins-core/1.1.0 Python/3.7.4 (Windows-10-10.0.19041-SP0)
    method: GET
    uri: https://dttestdigitaltwinsname.api.wcus.digitaltwins.azure.net/models?includeModelDefinition=false&api-version=2020-10-31
  response:
    body:
      string: '{"value":[{"id":"dtmi:samples:DTTestBuilding;1","description":{},"displayName":{"en":"Building"},"decommissioned":false,"uploadTime":"2020-11-24T21:08:16.7395984+00:00"}],"nextLink":null}'
    headers:
      content-length: '187'
      content-type: application/json; charset=utf-8
      date: Tue, 24 Nov 2020 21:08:20 GMT
      strict-transport-security: max-age=2592000
    status:
      code: 200
      message: OK
    url: https://dttestdigitaltwinsname.api.wcus.digitaltwins.azure.net/models?includeModelDefinition=false&api-version=2020-10-31
- request:
    body: null
    headers:
      Accept:
      - application/json
      User-Agent:
      - azsdk-python-digitaltwins-core/1.1.0 Python/3.7.4 (Windows-10-10.0.19041-SP0)
    method: DELETE
    uri: https://dttestdigitaltwinsname.api.wcus.digitaltwins.azure.net/models/dtmi:samples:DTTestBuilding;1?api-version=2020-10-31
  response:
    body:
      string: ''
    headers:
      content-length: '0'
      date: Tue, 24 Nov 2020 21:08:20 GMT
      strict-transport-security: max-age=2592000
    status:
      code: 204
      message: No Content
    url: https://dttestdigitaltwinsname.api.wcus.digitaltwins.azure.net/models/dtmi:samples:DTTestBuilding;1?api-version=2020-10-31
- request:
    body: null
    headers:
      Accept:
      - application/json
      User-Agent:
      - azsdk-python-digitaltwins-core/1.1.0 Python/3.7.4 (Windows-10-10.0.19041-SP0)
    method: GET
    uri: https://dttestdigitaltwinsname.api.wcus.digitaltwins.azure.net/models?includeModelDefinition=false&api-version=2020-10-31
  response:
    body:
      string: '{"value":[],"nextLink":null}'
    headers:
      content-length: '28'
      content-type: application/json; charset=utf-8
      date: Tue, 24 Nov 2020 21:08:20 GMT
      strict-transport-security: max-age=2592000
    status:
      code: 200
      message: OK
    url: https://dttestdigitaltwinsname.api.wcus.digitaltwins.azure.net/models?includeModelDefinition=false&api-version=2020-10-31
- request:
    body: '[{"@id": "dtmi:samples:DTTestBuilding;1", "@type": "Interface", "@context":
      "dtmi:dtdl:context;2", "displayName": "Building", "contents": [{"@type": "Property",
      "name": "AverageTemperature", "schema": "double"}, {"@type": "Property", "name":
      "TemperatureUnit", "schema": "string"}]}]'
    headers:
      Accept:
      - application/json
      Content-Length:
      - '283'
      Content-Type:
      - application/json
      User-Agent:
      - azsdk-python-digitaltwins-core/1.1.0 Python/3.7.4 (Windows-10-10.0.19041-SP0)
    method: POST
    uri: https://dttestdigitaltwinsname.api.wcus.digitaltwins.azure.net/models?api-version=2020-10-31
  response:
    body:
      string: '[{"id":"dtmi:samples:DTTestBuilding;1","description":{},"displayName":{"en":"Building"},"decommissioned":false,"uploadTime":"2020-11-24T21:08:21.5300235+00:00"}]'
    headers:
      content-length: '161'
      content-type: application/json; charset=utf-8
      date: Tue, 24 Nov 2020 21:08:20 GMT
      strict-transport-security: max-age=2592000
    status:
      code: 201
      message: Created
    url: https://dttestdigitaltwinsname.api.wcus.digitaltwins.azure.net/models?api-version=2020-10-31
- request:
    body: null
    headers:
      Accept:
      - application/json
      User-Agent:
      - azsdk-python-digitaltwins-core/1.1.0 Python/3.7.4 (Windows-10-10.0.19041-SP0)
    method: DELETE
    uri: https://dttestdigitaltwinsname.api.wcus.digitaltwins.azure.net/digitaltwins/digitalTwin-c9f81c10?api-version=2020-10-31
  response:
    body:
      string: ''
    headers:
      content-length: '0'
      date: Tue, 24 Nov 2020 21:08:22 GMT
      strict-transport-security: max-age=2592000
    status:
      code: 204
      message: No Content
    url: https://dttestdigitaltwinsname.api.wcus.digitaltwins.azure.net/digitaltwins/digitalTwin-c9f81c10?api-version=2020-10-31
- request:
    body: '{"$metadata": {"$model": "dtmi:samples:DTTestBuilding;1"}, "AverageTemperature":
      68, "TemperatureUnit": "Celsius"}'
    headers:
      Accept:
      - application/json
      Content-Length:
      - '114'
      Content-Type:
      - application/json
      User-Agent:
      - azsdk-python-digitaltwins-core/1.1.0 Python/3.7.4 (Windows-10-10.0.19041-SP0)
    method: PUT
    uri: https://dttestdigitaltwinsname.api.wcus.digitaltwins.azure.net/digitaltwins/digitalTwin-c9f81c10?api-version=2020-10-31
  response:
    body:
      string: '{"$dtId":"digitalTwin-c9f81c10","$etag":"W/\"d68aee19-a64e-4037-8da6-f916bd21f823\"","AverageTemperature":68,"TemperatureUnit":"Celsius","$metadata":{"$model":"dtmi:samples:DTTestBuilding;1","AverageTemperature":{"lastUpdateTime":"2020-11-24T21:08:23.1453261Z"},"TemperatureUnit":{"lastUpdateTime":"2020-11-24T21:08:23.1453261Z"}}}'
    headers:
      content-length: '331'
      content-type: application/json; charset=utf-8
      date: Tue, 24 Nov 2020 21:08:22 GMT
      etag: W/"d68aee19-a64e-4037-8da6-f916bd21f823"
      strict-transport-security: max-age=2592000
    status:
      code: 200
      message: OK
    url: https://dttestdigitaltwinsname.api.wcus.digitaltwins.azure.net/digitaltwins/digitalTwin-c9f81c10?api-version=2020-10-31
- request:
    body: '[{"op": "move", "path": "/AverageTemperature", "value": 42}]'
    headers:
      Accept:
      - application/json
      Content-Length:
      - '60'
      Content-Type:
      - application/json-patch+json
      User-Agent:
      - azsdk-python-digitaltwins-core/1.1.0 Python/3.7.4 (Windows-10-10.0.19041-SP0)
    method: PATCH
    uri: https://dttestdigitaltwinsname.api.wcus.digitaltwins.azure.net/digitaltwins/digitalTwin-c9f81c10?api-version=2020-10-31
  response:
    body:
      string: '{"error":{"code":"JsonPatchInvalid","message":"Unsupported operation
        type move. Please provide a valid patch document. See section on update apis
        in the documentation http://aka.ms/adtv2twins."}}'
    headers:
      content-length: '195'
      content-type: application/json; charset=utf-8
      date: Tue, 24 Nov 2020 21:08:22 GMT
      strict-transport-security: max-age=2592000
    status:
      code: 400
      message: Bad Request
    url: https://dttestdigitaltwinsname.api.wcus.digitaltwins.azure.net/digitaltwins/digitalTwin-c9f81c10?api-version=2020-10-31
- request:
    body: '["AverageTemperature"]'
    headers:
      Accept:
      - application/json
      Content-Length:
      - '22'
      Content-Type:
      - application/json-patch+json
      User-Agent:
      - azsdk-python-digitaltwins-core/1.1.0 Python/3.7.4 (Windows-10-10.0.19041-SP0)
    method: PATCH
    uri: https://dttestdigitaltwinsname.api.wcus.digitaltwins.azure.net/digitaltwins/digitalTwin-c9f81c10?api-version=2020-10-31
  response:
    body:
      string: '{"errors":{"[0]":["Error converting value \"AverageTemperature\" to
        type ''Microsoft.AspNetCore.JsonPatch.Operations.Operation''. Path ''[0]'',
        line 1, position 21."],"jsonPatchDocument":["The jsonPatchDocument field is
        required."]},"type":"https://tools.ietf.org/html/rfc7231#section-6.5.1","title":"One
        or more validation errors occurred.","status":400,"detail":null,"instance":null,"extensions":{"traceId":"|49aea190-4fe693e79ee4c1d8."}}'
    headers:
      content-length: '436'
      content-type: application/problem+json; charset=utf-8
      date: Tue, 24 Nov 2020 21:08:24 GMT
      strict-transport-security: max-age=2592000
    status:
      code: 400
      message: Bad Request
    url: https://dttestdigitaltwinsname.api.wcus.digitaltwins.azure.net/digitaltwins/digitalTwin-c9f81c10?api-version=2020-10-31
- request:
    body: '[{}]'
    headers:
      Accept:
      - application/json
      Content-Length:
      - '4'
      Content-Type:
      - application/json
      User-Agent:
      - azsdk-python-digitaltwins-core/1.1.0 Python/3.7.4 (Windows-10-10.0.19041-SP0)
    method: PUT
    uri: https://dttestdigitaltwinsname.api.wcus.digitaltwins.azure.net/digitaltwins/digitalTwin-c9f81c10?api-version=2020-10-31
  response:
    body:
      string: '{"error":{"code":"InvalidArgument","message":"Payload is invalid."}}'
    headers:
      content-length: '68'
      content-type: application/json; charset=utf-8
      date: Tue, 24 Nov 2020 21:08:24 GMT
      strict-transport-security: max-age=2592000
    status:
      code: 400
      message: Bad Request
    url: https://dttestdigitaltwinsname.api.wcus.digitaltwins.azure.net/digitaltwins/digitalTwin-c9f81c10?api-version=2020-10-31
version: 1
