{
  "Entries": [
    {
      "RequestUri": "https://login.microsoftonline.com/00000000-0000-0000-0000-000000000000/v2.0/.well-known/openid-configuration",
      "RequestMethod": "GET",
      "RequestHeaders": {
        "Accept": "*/*",
        "Accept-Encoding": "gzip, deflate",
        "Connection": "keep-alive",
        "User-Agent": "azsdk-python-identity/1.12.0b2 Python/3.10.6 (Linux-5.10.102.1-microsoft-standard-WSL2-x86_64-with-glibc2.31)"
      },
      "RequestBody": null,
      "StatusCode": 200,
      "ResponseHeaders": {
        "Access-Control-Allow-Methods": "GET, OPTIONS",
        "Access-Control-Allow-Origin": "*",
        "Cache-Control": "max-age=86400, private",
        "Content-Length": "1753",
        "Content-Type": "application/json; charset=utf-8",
        "Date": "Thu, 29 Sep 2022 04:02:55 GMT",
        "P3P": "CP=\u0022DSP CUR OTPi IND OTRi ONL FIN\u0022",
        "Set-Cookie": "[set-cookie;]",
        "Strict-Transport-Security": "max-age=31536000; includeSubDomains",
        "X-Content-Type-Options": "nosniff",
        "x-ms-ests-server": "2.1.13777.6 - SCUS ProdSlices",
        "X-XSS-Protection": "0"
      },
      "ResponseBody": {
        "token_endpoint": "https://login.microsoftonline.com/00000000-0000-0000-0000-000000000000/oauth2/v2.0/token",
        "token_endpoint_auth_methods_supported": [
          "client_secret_post",
          "private_key_jwt",
          "client_secret_basic"
        ],
        "jwks_uri": "https://login.microsoftonline.com/00000000-0000-0000-0000-000000000000/discovery/v2.0/keys",
        "response_modes_supported": [
          "query",
          "fragment",
          "form_post"
        ],
        "subject_types_supported": [
          "pairwise"
        ],
        "id_token_signing_alg_values_supported": [
          "RS256"
        ],
        "response_types_supported": [
          "code",
          "id_token",
          "code id_token",
          "id_token token"
        ],
        "scopes_supported": [
          "openid",
          "profile",
          "email",
          "offline_access"
        ],
        "issuer": "https://login.microsoftonline.com/00000000-0000-0000-0000-000000000000/v2.0",
        "request_uri_parameter_supported": false,
        "userinfo_endpoint": "https://graph.microsoft.com/oidc/userinfo",
        "authorization_endpoint": "https://login.microsoftonline.com/00000000-0000-0000-0000-000000000000/oauth2/v2.0/authorize",
        "device_authorization_endpoint": "https://login.microsoftonline.com/00000000-0000-0000-0000-000000000000/oauth2/v2.0/devicecode",
        "http_logout_supported": true,
        "frontchannel_logout_supported": true,
        "end_session_endpoint": "https://login.microsoftonline.com/00000000-0000-0000-0000-000000000000/oauth2/v2.0/logout",
        "claims_supported": [
          "sub",
          "iss",
          "cloud_instance_name",
          "cloud_instance_host_name",
          "cloud_graph_host_name",
          "msgraph_host",
          "aud",
          "exp",
          "iat",
          "auth_time",
          "acr",
          "nonce",
          "preferred_username",
          "name",
          "tid",
          "ver",
          "at_hash",
          "c_hash",
          "email"
        ],
        "kerberos_endpoint": "https://login.microsoftonline.com/00000000-0000-0000-0000-000000000000/kerberos",
        "tenant_region_scope": "WW",
        "cloud_instance_name": "microsoftonline.com",
        "cloud_graph_host_name": "graph.windows.net",
        "msgraph_host": "graph.microsoft.com",
        "rbac_url": "https://pas.windows.net"
      }
    },
    {
      "RequestUri": "https://login.microsoftonline.com/common/discovery/instance?api-version=1.1\u0026authorization_endpoint=https://login.microsoftonline.com/common/oauth2/authorize",
      "RequestMethod": "GET",
      "RequestHeaders": {
        "Accept": "application/json",
        "Accept-Encoding": "gzip, deflate",
        "Connection": "keep-alive",
        "User-Agent": "azsdk-python-identity/1.12.0b2 Python/3.10.6 (Linux-5.10.102.1-microsoft-standard-WSL2-x86_64-with-glibc2.31)"
      },
      "RequestBody": null,
      "StatusCode": 200,
      "ResponseHeaders": {
        "Access-Control-Allow-Methods": "GET, OPTIONS",
        "Access-Control-Allow-Origin": "*",
        "Cache-Control": "max-age=86400, private",
        "Content-Length": "945",
        "Content-Type": "application/json; charset=utf-8",
        "Date": "Thu, 29 Sep 2022 04:02:55 GMT",
        "P3P": "CP=\u0022DSP CUR OTPi IND OTRi ONL FIN\u0022",
        "Set-Cookie": "[set-cookie;]",
        "Strict-Transport-Security": "max-age=31536000; includeSubDomains",
        "X-Content-Type-Options": "nosniff",
        "x-ms-ests-server": "2.1.13777.5 - WUS2 ProdSlices",
        "X-XSS-Protection": "0"
      },
      "ResponseBody": {
        "tenant_discovery_endpoint": "https://login.microsoftonline.com/common/.well-known/openid-configuration",
        "api-version": "1.1",
        "metadata": [
          {
            "preferred_network": "login.microsoftonline.com",
            "preferred_cache": "login.windows.net",
            "aliases": [
              "login.microsoftonline.com",
              "login.windows.net",
              "login.microsoft.com",
              "sts.windows.net"
            ]
          },
          {
            "preferred_network": "login.partner.microsoftonline.cn",
            "preferred_cache": "login.partner.microsoftonline.cn",
            "aliases": [
              "login.partner.microsoftonline.cn",
              "login.chinacloudapi.cn"
            ]
          },
          {
            "preferred_network": "login.microsoftonline.de",
            "preferred_cache": "login.microsoftonline.de",
            "aliases": [
              "login.microsoftonline.de"
            ]
          },
          {
            "preferred_network": "login.microsoftonline.us",
            "preferred_cache": "login.microsoftonline.us",
            "aliases": [
              "login.microsoftonline.us",
              "login.usgovcloudapi.net"
            ]
          },
          {
            "preferred_network": "login-us.microsoftonline.com",
            "preferred_cache": "login-us.microsoftonline.com",
            "aliases": [
              "login-us.microsoftonline.com"
            ]
          }
        ]
      }
    },
    {
      "RequestUri": "https://fake.api.wcus.digitaltwins.azure.net/models?includeModelDefinition=false\u0026api-version=2022-05-31",
      "RequestMethod": "GET",
      "RequestHeaders": {
        "Accept": "application/json",
        "Accept-Encoding": "gzip, deflate",
        "Connection": "keep-alive",
        "User-Agent": "azsdk-python-digitaltwins-core/1.2.1 Python/3.10.6 (Linux-5.10.102.1-microsoft-standard-WSL2-x86_64-with-glibc2.31)"
      },
      "RequestBody": null,
      "StatusCode": 200,
      "ResponseHeaders": {
        "Content-Length": "187",
        "Content-Type": "application/json; charset=utf-8",
        "Date": "Thu, 29 Sep 2022 04:02:56 GMT",
        "mise-correlation-id": "3bc15167-bf50-4ee4-93db-4b5c6677779e",
        "Strict-Transport-Security": "max-age=2592000",
        "traceresponse": "00-2de3b7bf9c803b54e7ed4c92452e9136-c657faf3b140e42d-01"
      },
      "ResponseBody": {
        "value": [
          {
            "id": "dtmi:samples:DTTestBuilding;1",
            "description": {},
            "displayName": {
              "en": "Building"
            },
            "decommissioned": false,
            "uploadTime": "2022-09-29T04:02:55.5358582\u002B00:00"
          }
        ],
        "nextLink": null
      }
    },
    {
      "RequestUri": "https://fake.api.wcus.digitaltwins.azure.net/models/dtmi%3Asamples%3ADTTestBuilding%3B1?api-version=2022-05-31",
      "RequestMethod": "DELETE",
      "RequestHeaders": {
        "Accept": "application/json",
        "Accept-Encoding": "gzip, deflate",
        "Connection": "keep-alive",
        "Content-Length": "0",
        "User-Agent": "azsdk-python-digitaltwins-core/1.2.1 Python/3.10.6 (Linux-5.10.102.1-microsoft-standard-WSL2-x86_64-with-glibc2.31)"
      },
      "RequestBody": null,
      "StatusCode": 204,
      "ResponseHeaders": {
        "Content-Length": "0",
        "Date": "Thu, 29 Sep 2022 04:02:56 GMT",
        "mise-correlation-id": "6066d6b9-321f-4a00-b596-f09b5aa83a8c",
        "Strict-Transport-Security": "max-age=2592000",
        "traceresponse": "00-50d7ca38ac9fae3cfe75117eb99809b5-a9d4d3d18c8f2616-01"
      },
      "ResponseBody": null
    },
    {
      "RequestUri": "https://fake.api.wcus.digitaltwins.azure.net/models?includeModelDefinition=false\u0026api-version=2022-05-31",
      "RequestMethod": "GET",
      "RequestHeaders": {
        "Accept": "application/json",
        "Accept-Encoding": "gzip, deflate",
        "Connection": "keep-alive",
        "User-Agent": "azsdk-python-digitaltwins-core/1.2.1 Python/3.10.6 (Linux-5.10.102.1-microsoft-standard-WSL2-x86_64-with-glibc2.31)"
      },
      "RequestBody": null,
      "StatusCode": 200,
      "ResponseHeaders": {
        "Content-Length": "28",
        "Content-Type": "application/json; charset=utf-8",
        "Date": "Thu, 29 Sep 2022 04:02:56 GMT",
        "mise-correlation-id": "e48ec666-2a4e-4641-8867-2df6127fd01d",
        "Strict-Transport-Security": "max-age=2592000",
        "traceresponse": "00-dffa5a9fe8b707d0d3d3c43a00b3aabb-8dc17687d983add5-01"
      },
      "ResponseBody": {
        "value": [],
        "nextLink": null
      }
    },
    {
      "RequestUri": "https://fake.api.wcus.digitaltwins.azure.net/models?api-version=2022-05-31",
      "RequestMethod": "POST",
      "RequestHeaders": {
        "Accept": "application/json",
        "Accept-Encoding": "gzip, deflate",
        "Connection": "keep-alive",
        "Content-Length": "283",
        "Content-Type": "application/json",
        "User-Agent": "azsdk-python-digitaltwins-core/1.2.1 Python/3.10.6 (Linux-5.10.102.1-microsoft-standard-WSL2-x86_64-with-glibc2.31)"
      },
      "RequestBody": "[{\u0022@id\u0022: \u0022dtmi:samples:DTTestBuilding;1\u0022, \u0022@type\u0022: \u0022Interface\u0022, \u0022@context\u0022: \u0022dtmi:dtdl:context;2\u0022, \u0022displayName\u0022: \u0022Building\u0022, \u0022contents\u0022: [{\u0022@type\u0022: \u0022Property\u0022, \u0022name\u0022: \u0022AverageTemperature\u0022, \u0022schema\u0022: \u0022double\u0022}, {\u0022@type\u0022: \u0022Property\u0022, \u0022name\u0022: \u0022TemperatureUnit\u0022, \u0022schema\u0022: \u0022string\u0022}]}]",
      "StatusCode": 201,
      "ResponseHeaders": {
        "Content-Length": "160",
        "Content-Type": "application/json; charset=utf-8",
        "Date": "Thu, 29 Sep 2022 04:02:56 GMT",
        "mise-correlation-id": "72fae853-4990-479f-832e-ee51f67d86b8",
        "Strict-Transport-Security": "max-age=2592000",
        "traceresponse": "00-544354a98d7ef47ca9e551174625849f-ac9fc05b0e8ad6a0-01"
      },
      "ResponseBody": "[{\u0022id\u0022:\u0022dtmi:samples:DTTestBuilding;1\u0022,\u0022description\u0022:{},\u0022displayName\u0022:{\u0022en\u0022:\u0022Building\u0022},\u0022decommissioned\u0022:false,\u0022uploadTime\u0022:\u00222022-09-29T04:02:56.300971\u002B00:00\u0022}]"
    },
    {
      "RequestUri": "https://fake.api.wcus.digitaltwins.azure.net/digitaltwins/digitalTwin-32dd313c?api-version=2022-05-31",
      "RequestMethod": "DELETE",
      "RequestHeaders": {
        "Accept": "application/json",
        "Accept-Encoding": "gzip, deflate",
        "Connection": "keep-alive",
        "Content-Length": "0",
        "User-Agent": "azsdk-python-digitaltwins-core/1.2.1 Python/3.10.6 (Linux-5.10.102.1-microsoft-standard-WSL2-x86_64-with-glibc2.31)"
      },
      "RequestBody": null,
      "StatusCode": 204,
      "ResponseHeaders": {
        "Content-Length": "0",
        "Date": "Thu, 29 Sep 2022 04:02:56 GMT",
        "mise-correlation-id": "d05d9914-1324-45a1-894f-59b7da8bf5bd",
        "Strict-Transport-Security": "max-age=2592000",
        "traceresponse": "00-777476ebfe054e208bb79e533493f80a-6ac04ad8531245be-01"
      },
      "ResponseBody": null
    },
    {
      "RequestUri": "https://fake.api.wcus.digitaltwins.azure.net/digitaltwins/digitalTwin-32dd313c?api-version=2022-05-31",
      "RequestMethod": "PUT",
      "RequestHeaders": {
        "Accept": "application/json",
        "Accept-Encoding": "gzip, deflate",
        "Connection": "keep-alive",
        "Content-Length": "114",
        "Content-Type": "application/json",
        "User-Agent": "azsdk-python-digitaltwins-core/1.2.1 Python/3.10.6 (Linux-5.10.102.1-microsoft-standard-WSL2-x86_64-with-glibc2.31)"
      },
      "RequestBody": {
        "$metadata": {
          "$model": "dtmi:samples:DTTestBuilding;1"
        },
        "AverageTemperature": 68,
        "TemperatureUnit": "Celsius"
      },
      "StatusCode": 200,
      "ResponseHeaders": {
        "Content-Length": "380",
        "Content-Type": "application/json; charset=utf-8",
        "Date": "Thu, 29 Sep 2022 04:02:56 GMT",
        "ETag": "W/\u0022f3730e34-4286-45e8-acbc-051b0ebe2247\u0022",
        "mise-correlation-id": "6d6ce064-fc9d-42a9-a169-ee0d4f9250e2",
        "Strict-Transport-Security": "max-age=2592000",
        "traceresponse": "00-8628a8cf22b9246906553f5a796b2cf8-050216bfd4388e5d-01"
      },
      "ResponseBody": {
        "$dtId": "digitalTwin-32dd313c",
        "$etag": "W/\u0022f3730e34-4286-45e8-acbc-051b0ebe2247\u0022",
        "AverageTemperature": 68,
        "TemperatureUnit": "Celsius",
        "$metadata": {
          "$model": "dtmi:samples:DTTestBuilding;1",
          "$lastUpdateTime": "2022-09-29T04:02:56.4354331Z",
          "AverageTemperature": {
            "lastUpdateTime": "2022-09-29T04:02:56.4354331Z"
          },
          "TemperatureUnit": {
            "lastUpdateTime": "2022-09-29T04:02:56.4354331Z"
          }
        }
      }
    },
    {
      "RequestUri": "https://fake.api.wcus.digitaltwins.azure.net/digitaltwins/digitalTwin-32dd313c?api-version=2022-05-31",
      "RequestMethod": "PUT",
      "RequestHeaders": {
        "Accept": "application/json",
        "Accept-Encoding": "gzip, deflate",
        "Connection": "keep-alive",
        "Content-Length": "114",
        "Content-Type": "application/json",
        "User-Agent": "azsdk-python-digitaltwins-core/1.2.1 Python/3.10.6 (Linux-5.10.102.1-microsoft-standard-WSL2-x86_64-with-glibc2.31)"
      },
      "RequestBody": {
        "$metadata": {
          "$model": "dtmi:samples:DTTestBuilding;1"
        },
        "AverageTemperature": 69,
        "TemperatureUnit": "Celsius"
      },
      "StatusCode": 200,
      "ResponseHeaders": {
        "Content-Length": "380",
        "Content-Type": "application/json; charset=utf-8",
        "Date": "Thu, 29 Sep 2022 04:02:56 GMT",
        "ETag": "W/\u002237cc3bfd-31f8-413f-87f0-f0e710425634\u0022",
        "mise-correlation-id": "d3eff37b-d9da-41d5-911b-9e36111839f7",
        "Strict-Transport-Security": "max-age=2592000",
        "traceresponse": "00-61171d60b2076149ed866b23e2806f3e-c2263335542acaa2-01"
      },
      "ResponseBody": {
        "$dtId": "digitalTwin-32dd313c",
        "$etag": "W/\u002237cc3bfd-31f8-413f-87f0-f0e710425634\u0022",
        "AverageTemperature": 69,
        "TemperatureUnit": "Celsius",
        "$metadata": {
          "$model": "dtmi:samples:DTTestBuilding;1",
          "$lastUpdateTime": "2022-09-29T04:02:56.4933606Z",
          "AverageTemperature": {
            "lastUpdateTime": "2022-09-29T04:02:56.4933606Z"
          },
          "TemperatureUnit": {
            "lastUpdateTime": "2022-09-29T04:02:56.4933606Z"
          }
        }
      }
    }
  ],
  "Variables": {}
}
