{
  "Entries": [
    {
      "RequestUri": "https://fake.api.wcus.digitaltwins.azure.net/models?includeModelDefinition=false\u0026api-version=2022-05-31",
      "RequestMethod": "GET",
      "RequestHeaders": {
        "Accept": "application/json",
        "Accept-Encoding": "gzip, deflate",
        "User-Agent": "azsdk-python-digitaltwins-core/1.2.1 Python/3.10.11 (Windows-10-10.0.22621-SP0)"
      },
      "RequestBody": null,
      "StatusCode": 200,
      "ResponseHeaders": {
        "Content-Length": "376",
        "Content-Type": "application/json; charset=utf-8",
        "Date": "Thu, 01 Jun 2023 20:30:43 GMT",
        "mise-correlation-id": "7cdbf273-babf-4376-a532-ec2a9e767f24",
        "Strict-Transport-Security": "max-age=2592000",
        "traceresponse": "00-0b1262f99046d0b839a34480f43d8b4c-d97adf689022f3ac-01"
      },
      "ResponseBody": {
        "value": [
          {
            "id": "dtmi:com:samples:DTComponentTestsComponent;1",
            "description": {},
            "displayName": {
              "en": "Component1"
            },
            "decommissioned": false,
            "uploadTime": "2023-06-01T20:30:43.6200513\u002B00:00"
          },
          {
            "id": "dtmi:com:samples:DTComponentTestsModel;1",
            "description": {},
            "displayName": {
              "en": "TempModel"
            },
            "decommissioned": false,
            "uploadTime": "2023-06-01T20:30:43.6200733\u002B00:00"
          }
        ],
        "nextLink": null
      }
    },
    {
      "RequestUri": "https://fake.api.wcus.digitaltwins.azure.net/models/dtmi:com:samples:DTComponentTestsComponent;1?api-version=2022-05-31",
      "RequestMethod": "DELETE",
      "RequestHeaders": {
        "Accept": "application/json",
        "Accept-Encoding": "gzip, deflate",
        "Content-Length": "0",
        "User-Agent": "azsdk-python-digitaltwins-core/1.2.1 Python/3.10.11 (Windows-10-10.0.22621-SP0)"
      },
      "RequestBody": null,
      "StatusCode": 409,
      "ResponseHeaders": {
        "Content-Length": "266",
        "Content-Type": "application/json; charset=utf-8",
        "Date": "Thu, 01 Jun 2023 20:30:44 GMT",
        "mise-correlation-id": "a2e51f69-6ae9-46ba-b652-65819e9a2114",
        "Strict-Transport-Security": "max-age=2592000",
        "traceresponse": "00-8289b45772d6d76e72ae2cf8c3a02764-1dca4800729ea236-01",
        "x-ms-error-code": "ModelReferencesNotDeleted"
      },
      "ResponseBody": {
        "error": {
          "code": "ModelReferencesNotDeleted",
          "message": "This model is currently being referenced by dtmi:com:samples:DTComponentTestsModel;1. You must delete these references before deleting the Model.. To delete references, do Delete Model on Ids provided above."
        }
      }
    },
    {
      "RequestUri": "https://fake.api.wcus.digitaltwins.azure.net/models/dtmi:com:samples:DTComponentTestsModel;1?api-version=2022-05-31",
      "RequestMethod": "DELETE",
      "RequestHeaders": {
        "Accept": "application/json",
        "Accept-Encoding": "gzip, deflate",
        "Content-Length": "0",
        "User-Agent": "azsdk-python-digitaltwins-core/1.2.1 Python/3.10.11 (Windows-10-10.0.22621-SP0)"
      },
      "RequestBody": null,
      "StatusCode": 204,
      "ResponseHeaders": {
        "Content-Length": "0",
        "Date": "Thu, 01 Jun 2023 20:30:44 GMT",
        "mise-correlation-id": "9111527d-dab6-454f-ba67-81d68d4d5b45",
        "Strict-Transport-Security": "max-age=2592000",
        "traceresponse": "00-f3ff164287060a69605035ca4bbe87ea-db0d26d09545de57-01"
      },
      "ResponseBody": null
    },
    {
      "RequestUri": "https://fake.api.wcus.digitaltwins.azure.net/models?includeModelDefinition=false\u0026api-version=2022-05-31",
      "RequestMethod": "GET",
      "RequestHeaders": {
        "Accept": "application/json",
        "Accept-Encoding": "gzip, deflate",
        "User-Agent": "azsdk-python-digitaltwins-core/1.2.1 Python/3.10.11 (Windows-10-10.0.22621-SP0)"
      },
      "RequestBody": null,
      "StatusCode": 200,
      "ResponseHeaders": {
        "Content-Length": "204",
        "Content-Type": "application/json; charset=utf-8",
        "Date": "Thu, 01 Jun 2023 20:30:44 GMT",
        "mise-correlation-id": "3634da51-9f40-4a3a-aef2-b4622255c894",
        "Strict-Transport-Security": "max-age=2592000",
        "traceresponse": "00-57d2f35ce90ad6d718dc72a5b6d3f3c8-10a3f54fd6b35799-01"
      },
      "ResponseBody": {
        "value": [
          {
            "id": "dtmi:com:samples:DTComponentTestsComponent;1",
            "description": {},
            "displayName": {
              "en": "Component1"
            },
            "decommissioned": false,
            "uploadTime": "2023-06-01T20:30:43.6200513\u002B00:00"
          }
        ],
        "nextLink": null
      }
    },
    {
      "RequestUri": "https://fake.api.wcus.digitaltwins.azure.net/models/dtmi:com:samples:DTComponentTestsComponent;1?api-version=2022-05-31",
      "RequestMethod": "DELETE",
      "RequestHeaders": {
        "Accept": "application/json",
        "Accept-Encoding": "gzip, deflate",
        "Content-Length": "0",
        "User-Agent": "azsdk-python-digitaltwins-core/1.2.1 Python/3.10.11 (Windows-10-10.0.22621-SP0)"
      },
      "RequestBody": null,
      "StatusCode": 204,
      "ResponseHeaders": {
        "Content-Length": "0",
        "Date": "Thu, 01 Jun 2023 20:30:44 GMT",
        "mise-correlation-id": "f6206fb4-471f-4743-b50f-6bd4329ab383",
        "Strict-Transport-Security": "max-age=2592000",
        "traceresponse": "00-8d8ff78e5b71c892af0e47380279278c-840e9304db4455c5-01"
      },
      "ResponseBody": null
    },
    {
      "RequestUri": "https://fake.api.wcus.digitaltwins.azure.net/models?includeModelDefinition=false\u0026api-version=2022-05-31",
      "RequestMethod": "GET",
      "RequestHeaders": {
        "Accept": "application/json",
        "Accept-Encoding": "gzip, deflate",
        "User-Agent": "azsdk-python-digitaltwins-core/1.2.1 Python/3.10.11 (Windows-10-10.0.22621-SP0)"
      },
      "RequestBody": null,
      "StatusCode": 200,
      "ResponseHeaders": {
        "Content-Length": "28",
        "Content-Type": "application/json; charset=utf-8",
        "Date": "Thu, 01 Jun 2023 20:30:44 GMT",
        "mise-correlation-id": "da02a594-0140-4dfe-83ef-ecd3b9f14bd9",
        "Strict-Transport-Security": "max-age=2592000",
        "traceresponse": "00-c8644a0d47c9714f9880657193c5245a-5a87f2e9ed75eb47-01"
      },
      "ResponseBody": {
        "value": [],
        "nextLink": null
      }
    },
    {
      "RequestUri": "https://fake.api.wcus.digitaltwins.azure.net/models?api-version=2022-05-31",
      "RequestMethod": "POST",
      "RequestHeaders": {
        "Accept": "application/json",
        "Accept-Encoding": "gzip, deflate",
        "Content-Length": "685",
        "Content-Type": "application/json",
        "User-Agent": "azsdk-python-digitaltwins-core/1.2.1 Python/3.10.11 (Windows-10-10.0.22621-SP0)"
      },
      "RequestBody": "[{\u0022@id\u0022: \u0022dtmi:com:samples:DTComponentTestsComponent;1\u0022, \u0022@type\u0022: \u0022Interface\u0022, \u0022@context\u0022: \u0022dtmi:dtdl:context;2\u0022, \u0022displayName\u0022: \u0022Component1\u0022, \u0022contents\u0022: [{\u0022@type\u0022: \u0022Property\u0022, \u0022name\u0022: \u0022ComponentProp1\u0022, \u0022schema\u0022: \u0022string\u0022}, {\u0022@type\u0022: \u0022Telemetry\u0022, \u0022name\u0022: \u0022ComponentTelemetry1\u0022, \u0022schema\u0022: \u0022integer\u0022}]}, {\u0022@id\u0022: \u0022dtmi:com:samples:DTComponentTestsModel;1\u0022, \u0022@type\u0022: \u0022Interface\u0022, \u0022@context\u0022: \u0022dtmi:dtdl:context;2\u0022, \u0022displayName\u0022: \u0022TempModel\u0022, \u0022contents\u0022: [{\u0022@type\u0022: \u0022Property\u0022, \u0022name\u0022: \u0022Prop1\u0022, \u0022schema\u0022: \u0022string\u0022}, {\u0022@type\u0022: \u0022Component\u0022, \u0022name\u0022: \u0022Component1\u0022, \u0022schema\u0022: \u0022dtmi:com:samples:DTComponentTestsComponent;1\u0022}, {\u0022@type\u0022: \u0022Telemetry\u0022, \u0022name\u0022: \u0022Telemetry1\u0022, \u0022schema\u0022: \u0022integer\u0022}]}]",
      "StatusCode": 201,
      "ResponseHeaders": {
        "Content-Length": "350",
        "Content-Type": "application/json; charset=utf-8",
        "Date": "Thu, 01 Jun 2023 20:30:44 GMT",
        "mise-correlation-id": "782b0f37-6bd9-4713-ab3d-7da1192f0212",
        "Strict-Transport-Security": "max-age=2592000",
        "traceresponse": "00-bda43ff685fdff970ef819e080fc3703-db1a9db0b71dbc1a-01"
      },
      "ResponseBody": "[{\u0022id\u0022:\u0022dtmi:com:samples:DTComponentTestsComponent;1\u0022,\u0022description\u0022:{},\u0022displayName\u0022:{\u0022en\u0022:\u0022Component1\u0022},\u0022decommissioned\u0022:false,\u0022uploadTime\u0022:\u00222023-06-01T20:30:45.8181121\u002B00:00\u0022},{\u0022id\u0022:\u0022dtmi:com:samples:DTComponentTestsModel;1\u0022,\u0022description\u0022:{},\u0022displayName\u0022:{\u0022en\u0022:\u0022TempModel\u0022},\u0022decommissioned\u0022:false,\u0022uploadTime\u0022:\u00222023-06-01T20:30:45.8181332\u002B00:00\u0022}]"
    },
    {
      "RequestUri": "https://fake.api.wcus.digitaltwins.azure.net/digitaltwins/DTComponentTestsTempTwin?api-version=2022-05-31",
      "RequestMethod": "PUT",
      "RequestHeaders": {
        "Accept": "application/json",
        "Accept-Encoding": "gzip, deflate",
        "Content-Length": "148",
        "Content-Type": "application/json",
        "User-Agent": "azsdk-python-digitaltwins-core/1.2.1 Python/3.10.11 (Windows-10-10.0.22621-SP0)"
      },
      "RequestBody": {
        "$metadata": {
          "$model": "dtmi:com:samples:DTComponentTestsModel;1"
        },
        "Prop1": "value",
        "Component1": {
          "$metadata": {},
          "ComponentProp1": "value1"
        }
      },
      "StatusCode": 200,
      "ResponseHeaders": {
        "Content-Length": "449",
        "Content-Type": "application/json; charset=utf-8",
        "Date": "Thu, 01 Jun 2023 20:30:44 GMT",
        "ETag": "W/\u00224383f645-4c5a-4a25-acf5-9102bd4178e9\u0022",
        "mise-correlation-id": "d97853f0-a5f2-4e10-93a0-ba98ffebe711",
        "Strict-Transport-Security": "max-age=2592000",
        "traceresponse": "00-c52c915cf9339c805e8fdeb99fb3eb71-18bb3dd36ca6f057-01"
      },
      "ResponseBody": {
        "$dtId": "DTComponentTestsTempTwin",
        "$etag": "W/\u00224383f645-4c5a-4a25-acf5-9102bd4178e9\u0022",
        "Prop1": "value",
        "Component1": {
          "ComponentProp1": "value1",
          "$metadata": {
            "$lastUpdateTime": "2023-06-01T20:30:45.9334306Z",
            "ComponentProp1": {
              "lastUpdateTime": "2023-06-01T20:30:45.9334306Z"
            }
          }
        },
        "$metadata": {
          "$model": "dtmi:com:samples:DTComponentTestsModel;1",
          "$lastUpdateTime": "2023-06-01T20:30:45.9334306Z",
          "Prop1": {
            "lastUpdateTime": "2023-06-01T20:30:45.9334306Z"
          }
        }
      }
    },
    {
      "RequestUri": "https://fake.api.wcus.digitaltwins.azure.net/digitaltwins/DTComponentTestsTempTwin/components/Component1/telemetry?api-version=2022-05-31",
      "RequestMethod": "POST",
      "RequestHeaders": {
        "Accept": "application/json",
        "Accept-Encoding": "gzip, deflate",
        "Content-Length": "26",
        "Content-Type": "application/json",
        "User-Agent": "azsdk-python-digitaltwins-core/1.2.1 Python/3.10.11 (Windows-10-10.0.22621-SP0)"
      },
      "RequestBody": {
        "ComponentTelemetry1": 5
      },
      "StatusCode": 204,
      "ResponseHeaders": {
        "Content-Length": "0",
        "Date": "Thu, 01 Jun 2023 20:30:46 GMT",
        "mise-correlation-id": "907a5a2f-47c5-46b4-9f54-1937218eca4d",
        "Strict-Transport-Security": "max-age=2592000",
        "traceresponse": "00-0ae7b26a1fdada43074db4c55d3aaab4-9edb27295d9c9741-01"
      },
      "ResponseBody": null
    }
  ],
  "Variables": {}
}
