{
  "Entries": [
    {
      "RequestUri": "https://login.microsoftonline.com/00000000-0000-0000-0000-000000000000/v2.0/.well-known/openid-configuration",
      "RequestMethod": "GET",
      "RequestHeaders": {
        "Accept": "*/*",
        "Accept-Encoding": "gzip, deflate",
        "Connection": "keep-alive",
        "User-Agent": "azsdk-python-identity/1.13.0 Python/3.10.11 (Windows-10-10.0.22621-SP0)"
      },
      "RequestBody": null,
      "StatusCode": 200,
      "ResponseHeaders": {
        "Access-Control-Allow-Methods": "GET, OPTIONS",
        "Access-Control-Allow-Origin": "*",
        "Cache-Control": "max-age=86400, private",
        "Content-Length": "1753",
        "Content-Type": "application/json; charset=utf-8",
        "Date": "Thu, 01 Jun 2023 20:37:41 GMT",
        "P3P": "CP=\u0022DSP CUR OTPi IND OTRi ONL FIN\u0022",
        "Set-Cookie": "[set-cookie;]",
        "Strict-Transport-Security": "max-age=31536000; includeSubDomains",
        "X-Content-Type-Options": "nosniff",
        "x-ms-ests-server": "2.1.15427.11 - SCUS ProdSlices",
        "X-XSS-Protection": "0"
      },
      "ResponseBody": {
        "token_endpoint": "https://login.microsoftonline.com/00000000-0000-0000-0000-000000000000/oauth2/v2.0/token",
        "token_endpoint_auth_methods_supported": [
          "client_secret_post",
          "private_key_jwt",
          "client_secret_basic"
        ],
        "jwks_uri": "https://login.microsoftonline.com/00000000-0000-0000-0000-000000000000/discovery/v2.0/keys",
        "response_modes_supported": [
          "query",
          "fragment",
          "form_post"
        ],
        "subject_types_supported": [
          "pairwise"
        ],
        "id_token_signing_alg_values_supported": [
          "RS256"
        ],
        "response_types_supported": [
          "code",
          "id_token",
          "code id_token",
          "id_token token"
        ],
        "scopes_supported": [
          "openid",
          "profile",
          "email",
          "offline_access"
        ],
        "issuer": "https://login.microsoftonline.com/00000000-0000-0000-0000-000000000000/v2.0",
        "request_uri_parameter_supported": false,
        "userinfo_endpoint": "https://graph.microsoft.com/oidc/userinfo",
        "authorization_endpoint": "https://login.microsoftonline.com/00000000-0000-0000-0000-000000000000/oauth2/v2.0/authorize",
        "device_authorization_endpoint": "https://login.microsoftonline.com/00000000-0000-0000-0000-000000000000/oauth2/v2.0/devicecode",
        "http_logout_supported": true,
        "frontchannel_logout_supported": true,
        "end_session_endpoint": "https://login.microsoftonline.com/00000000-0000-0000-0000-000000000000/oauth2/v2.0/logout",
        "claims_supported": [
          "sub",
          "iss",
          "cloud_instance_name",
          "cloud_instance_host_name",
          "cloud_graph_host_name",
          "msgraph_host",
          "aud",
          "exp",
          "iat",
          "auth_time",
          "acr",
          "nonce",
          "preferred_username",
          "name",
          "tid",
          "ver",
          "at_hash",
          "c_hash",
          "email"
        ],
        "kerberos_endpoint": "https://login.microsoftonline.com/00000000-0000-0000-0000-000000000000/kerberos",
        "tenant_region_scope": "WW",
        "cloud_instance_name": "microsoftonline.com",
        "cloud_graph_host_name": "graph.windows.net",
        "msgraph_host": "graph.microsoft.com",
        "rbac_url": "https://pas.windows.net"
      }
    },
    {
      "RequestUri": "https://login.microsoftonline.com/common/discovery/instance?api-version=1.1\u0026authorization_endpoint=https://login.microsoftonline.com/common/oauth2/authorize",
      "RequestMethod": "GET",
      "RequestHeaders": {
        "Accept": "application/json",
        "Accept-Encoding": "gzip, deflate",
        "Connection": "keep-alive",
        "User-Agent": "azsdk-python-identity/1.13.0 Python/3.10.11 (Windows-10-10.0.22621-SP0)"
      },
      "RequestBody": null,
      "StatusCode": 200,
      "ResponseHeaders": {
        "Access-Control-Allow-Methods": "GET, OPTIONS",
        "Access-Control-Allow-Origin": "*",
        "Cache-Control": "max-age=86400, private",
        "Content-Length": "945",
        "Content-Type": "application/json; charset=utf-8",
        "Date": "Thu, 01 Jun 2023 20:37:41 GMT",
        "P3P": "CP=\u0022DSP CUR OTPi IND OTRi ONL FIN\u0022",
        "Set-Cookie": "[set-cookie;]",
        "Strict-Transport-Security": "max-age=31536000; includeSubDomains",
        "X-Content-Type-Options": "nosniff",
        "x-ms-ests-server": "2.1.15427.11 - EUS ProdSlices",
        "X-XSS-Protection": "0"
      },
      "ResponseBody": {
        "tenant_discovery_endpoint": "https://login.microsoftonline.com/common/.well-known/openid-configuration",
        "api-version": "1.1",
        "metadata": [
          {
            "preferred_network": "login.microsoftonline.com",
            "preferred_cache": "login.windows.net",
            "aliases": [
              "login.microsoftonline.com",
              "login.windows.net",
              "login.microsoft.com",
              "sts.windows.net"
            ]
          },
          {
            "preferred_network": "login.partner.microsoftonline.cn",
            "preferred_cache": "login.partner.microsoftonline.cn",
            "aliases": [
              "login.partner.microsoftonline.cn",
              "login.chinacloudapi.cn"
            ]
          },
          {
            "preferred_network": "login.microsoftonline.de",
            "preferred_cache": "login.microsoftonline.de",
            "aliases": [
              "login.microsoftonline.de"
            ]
          },
          {
            "preferred_network": "login.microsoftonline.us",
            "preferred_cache": "login.microsoftonline.us",
            "aliases": [
              "login.microsoftonline.us",
              "login.usgovcloudapi.net"
            ]
          },
          {
            "preferred_network": "login-us.microsoftonline.com",
            "preferred_cache": "login-us.microsoftonline.com",
            "aliases": [
              "login-us.microsoftonline.com"
            ]
          }
        ]
      }
    },
    {
      "RequestUri": "https://fake.api.wcus.digitaltwins.azure.net/models?includeModelDefinition=false\u0026api-version=2022-05-31",
      "RequestMethod": "GET",
      "RequestHeaders": {
        "Accept": "application/json",
        "Accept-Encoding": "gzip, deflate",
        "Connection": "keep-alive",
        "User-Agent": "azsdk-python-digitaltwins-core/1.2.1 Python/3.10.11 (Windows-10-10.0.22621-SP0)"
      },
      "RequestBody": null,
      "StatusCode": 200,
      "ResponseHeaders": {
        "Content-Length": "523",
        "Content-Type": "application/json; charset=utf-8",
        "Date": "Thu, 01 Jun 2023 20:37:42 GMT",
        "mise-correlation-id": "2acd782c-8f60-4b90-a07b-a306867d8fcc",
        "Strict-Transport-Security": "max-age=2592000",
        "traceresponse": "00-92c34752b5b6b10bdb98ff1454f17c65-ecc6d479fb7cb034-01"
      },
      "ResponseBody": {
        "value": [
          {
            "id": "dtmi:samples:RelationshipTestBuilding;1",
            "description": {},
            "displayName": {
              "en": "Building"
            },
            "decommissioned": false,
            "uploadTime": "2023-06-01T20:37:41.5109713\u002B00:00"
          },
          {
            "id": "dtmi:samples:RelationshipTestFloor;1",
            "description": {},
            "displayName": {
              "en": "Floor"
            },
            "decommissioned": false,
            "uploadTime": "2023-06-01T20:37:41.5109937\u002B00:00"
          },
          {
            "id": "dtmi:samples:RelationshipTestRoom;1",
            "description": {},
            "displayName": {
              "en": "Room"
            },
            "decommissioned": false,
            "uploadTime": "2023-06-01T20:37:41.5110073\u002B00:00"
          }
        ],
        "nextLink": null
      }
    },
    {
      "RequestUri": "https://fake.api.wcus.digitaltwins.azure.net/models/dtmi%3Asamples%3ARelationshipTestBuilding%3B1?api-version=2022-05-31",
      "RequestMethod": "DELETE",
      "RequestHeaders": {
        "Accept": "application/json",
        "Accept-Encoding": "gzip, deflate",
        "Connection": "keep-alive",
        "Content-Length": "0",
        "User-Agent": "azsdk-python-digitaltwins-core/1.2.1 Python/3.10.11 (Windows-10-10.0.22621-SP0)"
      },
      "RequestBody": null,
      "StatusCode": 204,
      "ResponseHeaders": {
        "Content-Length": "0",
        "Date": "Thu, 01 Jun 2023 20:37:42 GMT",
        "mise-correlation-id": "4e667f9a-96f8-4ca4-be41-22be05ce75f9",
        "Strict-Transport-Security": "max-age=2592000",
        "traceresponse": "00-fcc91f40c6e5ad2a8c95b2618057127f-11dc8e911d3e7c5a-01"
      },
      "ResponseBody": null
    },
    {
      "RequestUri": "https://fake.api.wcus.digitaltwins.azure.net/models/dtmi%3Asamples%3ARelationshipTestFloor%3B1?api-version=2022-05-31",
      "RequestMethod": "DELETE",
      "RequestHeaders": {
        "Accept": "application/json",
        "Accept-Encoding": "gzip, deflate",
        "Connection": "keep-alive",
        "Content-Length": "0",
        "User-Agent": "azsdk-python-digitaltwins-core/1.2.1 Python/3.10.11 (Windows-10-10.0.22621-SP0)"
      },
      "RequestBody": null,
      "StatusCode": 204,
      "ResponseHeaders": {
        "Content-Length": "0",
        "Date": "Thu, 01 Jun 2023 20:37:42 GMT",
        "mise-correlation-id": "44e58bf2-4cd3-4e18-a249-e1fee9d850b8",
        "Strict-Transport-Security": "max-age=2592000",
        "traceresponse": "00-bb194b4d4cab144c766ac972942d79a4-0d961ca5b1c44e47-01"
      },
      "ResponseBody": null
    },
    {
      "RequestUri": "https://fake.api.wcus.digitaltwins.azure.net/models/dtmi%3Asamples%3ARelationshipTestRoom%3B1?api-version=2022-05-31",
      "RequestMethod": "DELETE",
      "RequestHeaders": {
        "Accept": "application/json",
        "Accept-Encoding": "gzip, deflate",
        "Connection": "keep-alive",
        "Content-Length": "0",
        "User-Agent": "azsdk-python-digitaltwins-core/1.2.1 Python/3.10.11 (Windows-10-10.0.22621-SP0)"
      },
      "RequestBody": null,
      "StatusCode": 204,
      "ResponseHeaders": {
        "Content-Length": "0",
        "Date": "Thu, 01 Jun 2023 20:37:43 GMT",
        "mise-correlation-id": "fbbbb97b-8dde-4873-8c43-ad8d1b8c4a0b",
        "Strict-Transport-Security": "max-age=2592000",
        "traceresponse": "00-e2373f3af0cd5924ed20a2588a8450bc-9949b866361031cc-01"
      },
      "ResponseBody": null
    },
    {
      "RequestUri": "https://fake.api.wcus.digitaltwins.azure.net/models?includeModelDefinition=false\u0026api-version=2022-05-31",
      "RequestMethod": "GET",
      "RequestHeaders": {
        "Accept": "application/json",
        "Accept-Encoding": "gzip, deflate",
        "Connection": "keep-alive",
        "User-Agent": "azsdk-python-digitaltwins-core/1.2.1 Python/3.10.11 (Windows-10-10.0.22621-SP0)"
      },
      "RequestBody": null,
      "StatusCode": 200,
      "ResponseHeaders": {
        "Content-Length": "28",
        "Content-Type": "application/json; charset=utf-8",
        "Date": "Thu, 01 Jun 2023 20:37:43 GMT",
        "mise-correlation-id": "42f9a8ae-43b9-4d52-a8c1-0553feb6bfd9",
        "Strict-Transport-Security": "max-age=2592000",
        "traceresponse": "00-9bffb2f4d962eb8c96a5c41b9bac06f4-2186aeecd235df82-01"
      },
      "ResponseBody": {
        "value": [],
        "nextLink": null
      }
    },
    {
      "RequestUri": "https://fake.api.wcus.digitaltwins.azure.net/digitaltwins/DTRelationshipTestsRoomTwin/relationships?api-version=2022-05-31",
      "RequestMethod": "GET",
      "RequestHeaders": {
        "Accept": "application/json",
        "Accept-Encoding": "gzip, deflate",
        "Connection": "keep-alive",
        "User-Agent": "azsdk-python-digitaltwins-core/1.2.1 Python/3.10.11 (Windows-10-10.0.22621-SP0)"
      },
      "RequestBody": null,
      "StatusCode": 200,
      "ResponseHeaders": {
        "Content-Length": "28",
        "Content-Type": "application/json; charset=utf-8",
        "Date": "Thu, 01 Jun 2023 20:37:43 GMT",
        "mise-correlation-id": "f6c97204-d938-49c0-bfd8-f306def94d48",
        "Strict-Transport-Security": "max-age=2592000",
        "traceresponse": "00-321868eda443efbdf6cfef16e31808a4-7803191c251c744e-01"
      },
      "ResponseBody": {
        "nextLink": null,
        "value": []
      }
    },
    {
      "RequestUri": "https://fake.api.wcus.digitaltwins.azure.net/digitaltwins/DTRelationshipTestsFloorTwin/relationships?api-version=2022-05-31",
      "RequestMethod": "GET",
      "RequestHeaders": {
        "Accept": "application/json",
        "Accept-Encoding": "gzip, deflate",
        "Connection": "keep-alive",
        "User-Agent": "azsdk-python-digitaltwins-core/1.2.1 Python/3.10.11 (Windows-10-10.0.22621-SP0)"
      },
      "RequestBody": null,
      "StatusCode": 200,
      "ResponseHeaders": {
        "Content-Length": "236",
        "Content-Type": "application/json; charset=utf-8",
        "Date": "Thu, 01 Jun 2023 20:37:43 GMT",
        "mise-correlation-id": "440f4de9-5fff-4d67-9ac4-b55e9eabac83",
        "Strict-Transport-Security": "max-age=2592000",
        "traceresponse": "00-0c8d80a6de0a0a1fe7f0618e73ef3abf-4245a87673850652-01"
      },
      "ResponseBody": {
        "nextLink": null,
        "value": [
          {
            "$relationshipId": "FloorContainsRoom",
            "$etag": "W/\u002230a449ef-385f-414b-9055-4274a6219124\u0022",
            "$sourceId": "DTRelationshipTestsFloorTwin",
            "$relationshipName": "contains",
            "$targetId": "DTRelationshipTestsRoomTwin"
          }
        ]
      }
    },
    {
      "RequestUri": "https://fake.api.wcus.digitaltwins.azure.net/digitaltwins/DTRelationshipTestsFloorTwin/relationships/FloorContainsRoom?api-version=2022-05-31",
      "RequestMethod": "DELETE",
      "RequestHeaders": {
        "Accept": "application/json",
        "Accept-Encoding": "gzip, deflate",
        "Connection": "keep-alive",
        "Content-Length": "0",
        "User-Agent": "azsdk-python-digitaltwins-core/1.2.1 Python/3.10.11 (Windows-10-10.0.22621-SP0)"
      },
      "RequestBody": null,
      "StatusCode": 204,
      "ResponseHeaders": {
        "Content-Length": "0",
        "Date": "Thu, 01 Jun 2023 20:37:43 GMT",
        "mise-correlation-id": "2d4e9a86-3755-4f4c-ae72-24c1220b8bbd",
        "Strict-Transport-Security": "max-age=2592000",
        "traceresponse": "00-c472881f817f25d4d737798e51b69263-84a829c11ec1f299-01"
      },
      "ResponseBody": null
    },
    {
      "RequestUri": "https://fake.api.wcus.digitaltwins.azure.net/digitaltwins/DTRelationshipTestsBuildingTwin/relationships?api-version=2022-05-31",
      "RequestMethod": "GET",
      "RequestHeaders": {
        "Accept": "application/json",
        "Accept-Encoding": "gzip, deflate",
        "Connection": "keep-alive",
        "User-Agent": "azsdk-python-digitaltwins-core/1.2.1 Python/3.10.11 (Windows-10-10.0.22621-SP0)"
      },
      "RequestBody": null,
      "StatusCode": 200,
      "ResponseHeaders": {
        "Content-Length": "28",
        "Content-Type": "application/json; charset=utf-8",
        "Date": "Thu, 01 Jun 2023 20:37:43 GMT",
        "mise-correlation-id": "099975d0-f029-4f37-b409-01e29a670e35",
        "Strict-Transport-Security": "max-age=2592000",
        "traceresponse": "00-1e9451053c0f3992f9b12e4d34748604-9d66ae98a93b68b4-01"
      },
      "ResponseBody": {
        "nextLink": null,
        "value": []
      }
    },
    {
      "RequestUri": "https://fake.api.wcus.digitaltwins.azure.net/digitaltwins/DTRelationshipTestsRoomTwin?api-version=2022-05-31",
      "RequestMethod": "DELETE",
      "RequestHeaders": {
        "Accept": "application/json",
        "Accept-Encoding": "gzip, deflate",
        "Connection": "keep-alive",
        "Content-Length": "0",
        "User-Agent": "azsdk-python-digitaltwins-core/1.2.1 Python/3.10.11 (Windows-10-10.0.22621-SP0)"
      },
      "RequestBody": null,
      "StatusCode": 204,
      "ResponseHeaders": {
        "Content-Length": "0",
        "Date": "Thu, 01 Jun 2023 20:37:43 GMT",
        "mise-correlation-id": "783e56d9-69f3-4190-ab67-6b4a23935c90",
        "Strict-Transport-Security": "max-age=2592000",
        "traceresponse": "00-012c20284c7bad6febb967aaf2d0de59-1e7ea754d92c26f2-01"
      },
      "ResponseBody": null
    },
    {
      "RequestUri": "https://fake.api.wcus.digitaltwins.azure.net/digitaltwins/DTRelationshipTestsFloorTwin?api-version=2022-05-31",
      "RequestMethod": "DELETE",
      "RequestHeaders": {
        "Accept": "application/json",
        "Accept-Encoding": "gzip, deflate",
        "Connection": "keep-alive",
        "Content-Length": "0",
        "User-Agent": "azsdk-python-digitaltwins-core/1.2.1 Python/3.10.11 (Windows-10-10.0.22621-SP0)"
      },
      "RequestBody": null,
      "StatusCode": 204,
      "ResponseHeaders": {
        "Content-Length": "0",
        "Date": "Thu, 01 Jun 2023 20:37:44 GMT",
        "mise-correlation-id": "8e75eadc-11fd-44d0-88a9-d24f5dde4924",
        "Strict-Transport-Security": "max-age=2592000",
        "traceresponse": "00-2ff4ffcaf97ca8eeeb4180387598ed6f-7b8223508903ad8b-01"
      },
      "ResponseBody": null
    },
    {
      "RequestUri": "https://fake.api.wcus.digitaltwins.azure.net/digitaltwins/DTRelationshipTestsBuildingTwin?api-version=2022-05-31",
      "RequestMethod": "DELETE",
      "RequestHeaders": {
        "Accept": "application/json",
        "Accept-Encoding": "gzip, deflate",
        "Connection": "keep-alive",
        "Content-Length": "0",
        "User-Agent": "azsdk-python-digitaltwins-core/1.2.1 Python/3.10.11 (Windows-10-10.0.22621-SP0)"
      },
      "RequestBody": null,
      "StatusCode": 204,
      "ResponseHeaders": {
        "Content-Length": "0",
        "Date": "Thu, 01 Jun 2023 20:37:44 GMT",
        "mise-correlation-id": "de033b49-d9fe-4ed3-8527-092cbeef1c10",
        "Strict-Transport-Security": "max-age=2592000",
        "traceresponse": "00-555117ed845a37574af71a25f50a5671-66448c49e5a5b475-01"
      },
      "ResponseBody": null
    },
    {
      "RequestUri": "https://fake.api.wcus.digitaltwins.azure.net/models?api-version=2022-05-31",
      "RequestMethod": "POST",
      "RequestHeaders": {
        "Accept": "application/json",
        "Accept-Encoding": "gzip, deflate",
        "Connection": "keep-alive",
        "Content-Length": "992",
        "Content-Type": "application/json",
        "User-Agent": "azsdk-python-digitaltwins-core/1.2.1 Python/3.10.11 (Windows-10-10.0.22621-SP0)"
      },
      "RequestBody": "[{\u0022@id\u0022: \u0022dtmi:samples:RelationshipTestBuilding;1\u0022, \u0022@type\u0022: \u0022Interface\u0022, \u0022@context\u0022: \u0022dtmi:dtdl:context;2\u0022, \u0022displayName\u0022: \u0022Building\u0022, \u0022contents\u0022: [{\u0022@type\u0022: \u0022Relationship\u0022, \u0022name\u0022: \u0022has\u0022, \u0022target\u0022: \u0022dtmi:samples:RelationshipTestFloor;1\u0022, \u0022properties\u0022: [{\u0022@type\u0022: \u0022Property\u0022, \u0022name\u0022: \u0022isAccessRestricted\u0022, \u0022schema\u0022: \u0022boolean\u0022}]}, {\u0022@type\u0022: \u0022Property\u0022, \u0022name\u0022: \u0022AverageTemperature\u0022, \u0022schema\u0022: \u0022double\u0022}]}, {\u0022@id\u0022: \u0022dtmi:samples:RelationshipTestFloor;1\u0022, \u0022@type\u0022: \u0022Interface\u0022, \u0022@context\u0022: \u0022dtmi:dtdl:context;2\u0022, \u0022displayName\u0022: \u0022Floor\u0022, \u0022contents\u0022: [{\u0022@type\u0022: \u0022Relationship\u0022, \u0022name\u0022: \u0022contains\u0022, \u0022target\u0022: \u0022dtmi:samples:RelationshipTestRoom;1\u0022}, {\u0022@type\u0022: \u0022Property\u0022, \u0022name\u0022: \u0022AverageTemperature\u0022, \u0022schema\u0022: \u0022double\u0022}]}, {\u0022@id\u0022: \u0022dtmi:samples:RelationshipTestRoom;1\u0022, \u0022@type\u0022: \u0022Interface\u0022, \u0022@context\u0022: \u0022dtmi:dtdl:context;2\u0022, \u0022displayName\u0022: \u0022Room\u0022, \u0022contents\u0022: [{\u0022@type\u0022: \u0022Property\u0022, \u0022name\u0022: \u0022Temperature\u0022, \u0022schema\u0022: \u0022double\u0022}, {\u0022@type\u0022: \u0022Property\u0022, \u0022name\u0022: \u0022IsOccupied\u0022, \u0022schema\u0022: \u0022boolean\u0022}]}]",
      "StatusCode": 201,
      "ResponseHeaders": {
        "Content-Length": "497",
        "Content-Type": "application/json; charset=utf-8",
        "Date": "Thu, 01 Jun 2023 20:37:44 GMT",
        "mise-correlation-id": "b5166304-d039-4d05-a72c-cf126103ebdd",
        "Strict-Transport-Security": "max-age=2592000",
        "traceresponse": "00-d5353920399faf72bc69731b709dfbab-d719592156822826-01"
      },
      "ResponseBody": "[{\u0022id\u0022:\u0022dtmi:samples:RelationshipTestBuilding;1\u0022,\u0022description\u0022:{},\u0022displayName\u0022:{\u0022en\u0022:\u0022Building\u0022},\u0022decommissioned\u0022:false,\u0022uploadTime\u0022:\u00222023-06-01T20:37:44.9396046\u002B00:00\u0022},{\u0022id\u0022:\u0022dtmi:samples:RelationshipTestFloor;1\u0022,\u0022description\u0022:{},\u0022displayName\u0022:{\u0022en\u0022:\u0022Floor\u0022},\u0022decommissioned\u0022:false,\u0022uploadTime\u0022:\u00222023-06-01T20:37:44.9396279\u002B00:00\u0022},{\u0022id\u0022:\u0022dtmi:samples:RelationshipTestRoom;1\u0022,\u0022description\u0022:{},\u0022displayName\u0022:{\u0022en\u0022:\u0022Room\u0022},\u0022decommissioned\u0022:false,\u0022uploadTime\u0022:\u00222023-06-01T20:37:44.9396408\u002B00:00\u0022}]"
    },
    {
      "RequestUri": "https://fake.api.wcus.digitaltwins.azure.net/digitaltwins/DTRelationshipTestsBuildingTwin?api-version=2022-05-31",
      "RequestMethod": "PUT",
      "RequestHeaders": {
        "Accept": "application/json",
        "Accept-Encoding": "gzip, deflate",
        "Connection": "keep-alive",
        "Content-Length": "94",
        "Content-Type": "application/json",
        "User-Agent": "azsdk-python-digitaltwins-core/1.2.1 Python/3.10.11 (Windows-10-10.0.22621-SP0)"
      },
      "RequestBody": {
        "$metadata": {
          "$model": "dtmi:samples:RelationshipTestBuilding;1"
        },
        "AverageTemperature": 68
      },
      "StatusCode": 200,
      "ResponseHeaders": {
        "Content-Length": "305",
        "Content-Type": "application/json; charset=utf-8",
        "Date": "Thu, 01 Jun 2023 20:37:44 GMT",
        "ETag": "W/\u0022af926b88-e6b0-45d0-a325-1361d4a36a21\u0022",
        "mise-correlation-id": "753f1000-56d5-4d7c-9690-5ccf1e6812e3",
        "Strict-Transport-Security": "max-age=2592000",
        "traceresponse": "00-d9befe111af54af7b7f3c0892956f44b-4876e1521f8d8461-01"
      },
      "ResponseBody": {
        "$dtId": "DTRelationshipTestsBuildingTwin",
        "$etag": "W/\u0022af926b88-e6b0-45d0-a325-1361d4a36a21\u0022",
        "AverageTemperature": 68,
        "$metadata": {
          "$model": "dtmi:samples:RelationshipTestBuilding;1",
          "$lastUpdateTime": "2023-06-01T20:37:45.0696381Z",
          "AverageTemperature": {
            "lastUpdateTime": "2023-06-01T20:37:45.0696381Z"
          }
        }
      }
    },
    {
      "RequestUri": "https://fake.api.wcus.digitaltwins.azure.net/digitaltwins/DTRelationshipTestsFloorTwin?api-version=2022-05-31",
      "RequestMethod": "PUT",
      "RequestHeaders": {
        "Accept": "application/json",
        "Accept-Encoding": "gzip, deflate",
        "Connection": "keep-alive",
        "Content-Length": "91",
        "Content-Type": "application/json",
        "User-Agent": "azsdk-python-digitaltwins-core/1.2.1 Python/3.10.11 (Windows-10-10.0.22621-SP0)"
      },
      "RequestBody": {
        "$metadata": {
          "$model": "dtmi:samples:RelationshipTestFloor;1"
        },
        "AverageTemperature": 75
      },
      "StatusCode": 200,
      "ResponseHeaders": {
        "Content-Length": "299",
        "Content-Type": "application/json; charset=utf-8",
        "Date": "Thu, 01 Jun 2023 20:37:44 GMT",
        "ETag": "W/\u0022c95dcf9c-d446-4e83-9a47-89663a6eba14\u0022",
        "mise-correlation-id": "1a214308-4390-4330-8a83-5e04c13b52e4",
        "Strict-Transport-Security": "max-age=2592000",
        "traceresponse": "00-fb5382bdd851696c964dbe96ac3cb16c-cda743e06ab76717-01"
      },
      "ResponseBody": {
        "$dtId": "DTRelationshipTestsFloorTwin",
        "$etag": "W/\u0022c95dcf9c-d446-4e83-9a47-89663a6eba14\u0022",
        "AverageTemperature": 75,
        "$metadata": {
          "$model": "dtmi:samples:RelationshipTestFloor;1",
          "$lastUpdateTime": "2023-06-01T20:37:45.2295219Z",
          "AverageTemperature": {
            "lastUpdateTime": "2023-06-01T20:37:45.2295219Z"
          }
        }
      }
    },
    {
      "RequestUri": "https://fake.api.wcus.digitaltwins.azure.net/digitaltwins/DTRelationshipTestsRoomTwin?api-version=2022-05-31",
      "RequestMethod": "PUT",
      "RequestHeaders": {
        "Accept": "application/json",
        "Accept-Encoding": "gzip, deflate",
        "Connection": "keep-alive",
        "Content-Length": "103",
        "Content-Type": "application/json",
        "User-Agent": "azsdk-python-digitaltwins-core/1.2.1 Python/3.10.11 (Windows-10-10.0.22621-SP0)"
      },
      "RequestBody": {
        "$metadata": {
          "$model": "dtmi:samples:RelationshipTestRoom;1"
        },
        "Temperature": 80,
        "IsOccupied": true
      },
      "StatusCode": 200,
      "ResponseHeaders": {
        "Content-Length": "364",
        "Content-Type": "application/json; charset=utf-8",
        "Date": "Thu, 01 Jun 2023 20:37:44 GMT",
        "ETag": "W/\u00220f2e4b1b-7c4c-46c3-8d01-9338f2411c08\u0022",
        "mise-correlation-id": "2e329f7f-c67e-4c0d-8619-910113dddba5",
        "Strict-Transport-Security": "max-age=2592000",
        "traceresponse": "00-8c0a8224cbd24696c8c64c655e55c54a-fcf75450176cdc37-01"
      },
      "ResponseBody": {
        "$dtId": "DTRelationshipTestsRoomTwin",
        "$etag": "W/\u00220f2e4b1b-7c4c-46c3-8d01-9338f2411c08\u0022",
        "Temperature": 80,
        "IsOccupied": true,
        "$metadata": {
          "$model": "dtmi:samples:RelationshipTestRoom;1",
          "$lastUpdateTime": "2023-06-01T20:37:45.4096947Z",
          "Temperature": {
            "lastUpdateTime": "2023-06-01T20:37:45.4096947Z"
          },
          "IsOccupied": {
            "lastUpdateTime": "2023-06-01T20:37:45.4096947Z"
          }
        }
      }
    },
    {
      "RequestUri": "https://fake.api.wcus.digitaltwins.azure.net/digitaltwins/DTRelationshipTestsBuildingTwin/relationships/BuildingHasFloor?api-version=2022-05-31",
      "RequestMethod": "PUT",
      "RequestHeaders": {
        "Accept": "application/json",
        "Accept-Encoding": "gzip, deflate",
        "Connection": "keep-alive",
        "Content-Length": "189",
        "Content-Type": "application/json",
        "User-Agent": "azsdk-python-digitaltwins-core/1.2.1 Python/3.10.11 (Windows-10-10.0.22621-SP0)"
      },
      "RequestBody": {
        "$relationshipId": "BuildingHasFloor",
        "$sourceId": "DTRelationshipTestsBuildingTwin",
        "$relationshipName": "has",
        "$targetId": "DTRelationshipTestsFloorTwin",
        "isAccessRestricted": false
      },
      "StatusCode": 200,
      "ResponseHeaders": {
        "Content-Length": "233",
        "Content-Type": "application/json; charset=utf-8",
        "Date": "Thu, 01 Jun 2023 20:37:45 GMT",
        "ETag": "W/\u00221ac5220a-0fbb-41ce-973d-0a6071b37784\u0022",
        "mise-correlation-id": "59cb135d-3584-4462-9310-ef23c3fc9ca8",
        "Strict-Transport-Security": "max-age=2592000",
        "traceresponse": "00-9fc9e655485ca13aef412c3935adc6d1-2b588d18b43aa922-01"
      },
      "ResponseBody": {
        "$relationshipId": "BuildingHasFloor",
        "$etag": "W/\u00221ac5220a-0fbb-41ce-973d-0a6071b37784\u0022",
        "$sourceId": "DTRelationshipTestsBuildingTwin",
        "$relationshipName": "has",
        "$targetId": "DTRelationshipTestsFloorTwin",
        "isAccessRestricted": false
      }
    },
    {
      "RequestUri": "https://fake.api.wcus.digitaltwins.azure.net/digitaltwins/DTRelationshipTestsBuildingTwin/relationships/BuildingHasFloor?api-version=2022-05-31",
      "RequestMethod": "PUT",
      "RequestHeaders": {
        "Accept": "application/json",
        "Accept-Encoding": "gzip, deflate",
        "Connection": "keep-alive",
        "Content-Length": "188",
        "Content-Type": "application/json",
        "User-Agent": "azsdk-python-digitaltwins-core/1.2.1 Python/3.10.11 (Windows-10-10.0.22621-SP0)"
      },
      "RequestBody": {
        "$relationshipId": "BuildingHasFloor",
        "$sourceId": "DTRelationshipTestsBuildingTwin",
        "$relationshipName": "has",
        "$targetId": "DTRelationshipTestsFloorTwin",
        "isAccessRestricted": true
      },
      "StatusCode": 200,
      "ResponseHeaders": {
        "Content-Length": "232",
        "Content-Type": "application/json; charset=utf-8",
        "Date": "Thu, 01 Jun 2023 20:37:45 GMT",
        "ETag": "W/\u0022e18b6157-3aaf-42ea-bc35-6886e4d0d6fe\u0022",
        "mise-correlation-id": "e7a0a185-37a8-40a8-8615-7c927df7a8dd",
        "Strict-Transport-Security": "max-age=2592000",
        "traceresponse": "00-f739d1877c74354ac2a863186e9a761b-4a8ea54a92cbfdc8-01"
      },
      "ResponseBody": {
        "$relationshipId": "BuildingHasFloor",
        "$etag": "W/\u0022e18b6157-3aaf-42ea-bc35-6886e4d0d6fe\u0022",
        "$sourceId": "DTRelationshipTestsBuildingTwin",
        "$relationshipName": "has",
        "$targetId": "DTRelationshipTestsFloorTwin",
        "isAccessRestricted": true
      }
    }
  ],
  "Variables": {}
}
