interactions:
- request:
    body: null
    headers:
      Accept:
      - application/json
      User-Agent:
      - azsdk-python-digitaltwins-core/1.2.0b1 Python/3.9.1 (Windows-10-10.0.22000-SP0)
    method: GET
    uri: https://dttestdigitaltwinsname.api.wus2.digitaltwins.azure.net/models/dtmi:com:samples:ComponentModel93dd172d;1?includeModelDefinition=false&api-version=2021-06-30-preview
  response:
    body:
      string: '{"error":{"code":"ModelNotFound","message":"There is no Model(s) available
        that matches the provided id(s) dtmi:com:samples:ComponentModel93dd172d;1.
        Check that the Model ID provided is valid by doing a Model_List API call."}}'
    headers:
      content-length: '226'
      content-type: application/json; charset=utf-8
      date: Fri, 25 Mar 2022 21:12:01 GMT
      strict-transport-security: max-age=2592000
      traceresponse: 00-53864b07b3dc2446a5e7d93037735d52-8694bfad63642b4e-01
    status:
      code: 404
      message: Not Found
    url: https://nalehmandigitaltwins.api.wus2.digitaltwins.azure.net/models/dtmi:com:samples:ComponentModel93dd172d;1?includeModelDefinition=false&api-version=2021-06-30-preview
- request:
    body: '[{"@id": "dtmi:com:samples:ComponentModel93dd172d;1", "@type": "Interface",
      "@context": ["dtmi:dtdl:context;2"], "displayName": "Component1", "contents":
      [{"@type": "Property", "name": "ComponentProp1", "schema": "string"}, {"@type":
      "Telemetry", "name": "ComponentTelemetry1", "schema": "integer"}]}]'
    headers:
      Accept:
      - application/json
      Content-Length:
      - '301'
      Content-Type:
      - application/json
      User-Agent:
      - azsdk-python-digitaltwins-core/1.2.0b1 Python/3.9.1 (Windows-10-10.0.22000-SP0)
    method: POST
    uri: https://dttestdigitaltwinsname.api.wus2.digitaltwins.azure.net/models?api-version=2021-06-30-preview
  response:
    body:
      string: '[{"id":"dtmi:com:samples:ComponentModel93dd172d;1","description":{},"displayName":{"en":"Component1"},"decommissioned":false,"uploadTime":"2022-03-25T21:12:01.874551+00:00"}]'
    headers:
      content-length: '174'
      content-type: application/json; charset=utf-8
      date: Fri, 25 Mar 2022 21:12:01 GMT
      strict-transport-security: max-age=2592000
      traceresponse: 00-970e42ace675cf43b739f47ea208c612-75a035be6810cb47-01
    status:
      code: 201
      message: Created
    url: https://nalehmandigitaltwins.api.wus2.digitaltwins.azure.net/models?api-version=2021-06-30-preview
- request:
    body: null
    headers:
      Accept:
      - application/json
      User-Agent:
      - azsdk-python-digitaltwins-core/1.2.0b1 Python/3.9.1 (Windows-10-10.0.22000-SP0)
    method: GET
    uri: https://dttestdigitaltwinsname.api.wus2.digitaltwins.azure.net/models?includeModelDefinition=true&api-version=2021-06-30-preview
  response:
    body:
      string: '{"value":[{"id":"dtmi:samples:DTTestBuilding;1","description":{},"displayName":{"en":"Building"},"decommissioned":false,"uploadTime":"2022-03-25T21:11:19.313297+00:00","model":{"@id":"dtmi:samples:DTTestBuilding;1","@type":"Interface","@context":["dtmi:dtdl:context;2"],"displayName":"Building","contents":[{"@type":"Property","name":"AverageTemperature","schema":"double"},{"@type":"Property","name":"TemperatureUnit","schema":"string"}]}},{"id":"dtmi:com:samples:TempModel2fc70f9f;1","description":{},"displayName":{"en":"TempModel"},"decommissioned":false,"uploadTime":"2022-03-25T21:11:27.2250028+00:00","model":{"@id":"dtmi:com:samples:TempModel2fc70f9f;1","@type":"Interface","@context":["dtmi:dtdl:context;2"],"displayName":"TempModel","contents":[{"@type":"Property","name":"Prop1","schema":"string"},{"@type":"Telemetry","name":"Telemetry1","schema":"integer"}]}},{"id":"dtmi:com:samples:ComponentModelbeb90c48;1","description":{},"displayName":{"en":"Component1"},"decommissioned":false,"uploadTime":"2022-03-25T21:11:30.6445691+00:00","model":{"@id":"dtmi:com:samples:ComponentModelbeb90c48;1","@type":"Interface","@context":["dtmi:dtdl:context;2"],"displayName":"Component1","contents":[{"@type":"Property","name":"ComponentProp1","schema":"string"},{"@type":"Telemetry","name":"ComponentTelemetry1","schema":"integer"}]}},{"id":"dtmi:com:samples:TempModelbeb90c48;1","description":{},"displayName":{"en":"TempModel"},"decommissioned":false,"uploadTime":"2022-03-25T21:11:30.6446217+00:00","model":{"@id":"dtmi:com:samples:TempModelbeb90c48;1","@type":"Interface","@context":["dtmi:dtdl:context;2"],"displayName":"TempModel","contents":[{"@type":"Property","name":"Prop1","schema":"string"},{"@type":"Component","name":"Component1","schema":"dtmi:com:samples:ComponentModelbeb90c48;1"},{"@type":"Telemetry","name":"Telemetry1","schema":"integer"}]}},{"id":"dtmi:com:samples:ComponentModel3510e6b;1","description":{},"displayName":{"en":"Component1"},"decommissioned":true,"uploadTime":"2022-03-25T21:11:32.6134124+00:00","model":{"@id":"dtmi:com:samples:ComponentModel3510e6b;1","@type":"Interface","@context":["dtmi:dtdl:context;2"],"displayName":"Component1","contents":[{"@type":"Property","name":"ComponentProp1","schema":"string"},{"@type":"Telemetry","name":"ComponentTelemetry1","schema":"integer"}]}},{"id":"dtmi:com:samples:ComponentModelbf2f17de;1","description":{},"displayName":{"en":"Component1"},"decommissioned":true,"uploadTime":"2022-03-25T21:11:33.9917643+00:00","model":{"@id":"dtmi:com:samples:ComponentModelbf2f17de;1","@type":"Interface","@context":["dtmi:dtdl:context;2"],"displayName":"Component1","contents":[{"@type":"Property","name":"ComponentProp1","schema":"string"},{"@type":"Telemetry","name":"ComponentTelemetry1","schema":"integer"}]}},{"id":"dtmi:com:samples:ComponentModel90490aa1;1","description":{},"displayName":{"en":"Component1"},"decommissioned":false,"uploadTime":"2022-03-25T21:11:41.3879048+00:00","model":{"@id":"dtmi:com:samples:ComponentModel90490aa1;1","@type":"Interface","@context":["dtmi:dtdl:context;2"],"displayName":"Component1","contents":[{"@type":"Property","name":"ComponentProp1","schema":"string"},{"@type":"Telemetry","name":"ComponentTelemetry1","schema":"integer"}]}},{"id":"dtmi:com:samples:ComponentModel72641144;1","description":{},"displayName":{"en":"Component1"},"decommissioned":false,"uploadTime":"2022-03-25T21:11:43.3231361+00:00","model":{"@id":"dtmi:com:samples:ComponentModel72641144;1","@type":"Interface","@context":["dtmi:dtdl:context;2"],"displayName":"Component1","contents":[{"@type":"Property","name":"ComponentProp1","schema":"string"},{"@type":"Telemetry","name":"ComponentTelemetry1","schema":"integer"}]}},{"id":"dtmi:com:samples:ComponentModela7840b90;1","description":{},"displayName":{"en":"Component1"},"decommissioned":false,"uploadTime":"2022-03-25T21:11:44.4965213+00:00","model":{"@id":"dtmi:com:samples:ComponentModela7840b90;1","@type":"Interface","@context":["dtmi:dtdl:context;2"],"displayName":"Component1","contents":[{"@type":"Property","name":"ComponentProp1","schema":"string"},{"@type":"Telemetry","name":"ComponentTelemetry1","schema":"integer"}]}},{"id":"dtmi:com:samples:ComponentModel988f1233;1","description":{},"displayName":{"en":"Component1"},"decommissioned":false,"uploadTime":"2022-03-25T21:11:45.5434446+00:00","model":{"@id":"dtmi:com:samples:ComponentModel988f1233;1","@type":"Interface","@context":["dtmi:dtdl:context;2"],"displayName":"Component1","contents":[{"@type":"Property","name":"ComponentProp1","schema":"string"},{"@type":"Telemetry","name":"ComponentTelemetry1","schema":"integer"}]}},{"id":"dtmi:com:samples:TempModelcaf1499;1","description":{},"displayName":{"en":"TempModel"},"decommissioned":false,"uploadTime":"2022-03-25T21:11:46.5519178+00:00","model":{"@id":"dtmi:com:samples:TempModelcaf1499;1","@type":"Interface","@context":["dtmi:dtdl:context;2"],"displayName":"TempModel","contents":[{"@type":"Property","name":"Prop1","schema":"string"},{"@type":"Telemetry","name":"Telemetry1","schema":"integer"}]}},{"id":"dtmi:com:samples:ComponentModel73af1142;1","description":{},"displayName":{"en":"Component1"},"decommissioned":false,"uploadTime":"2022-03-25T21:11:49.4926685+00:00","model":{"@id":"dtmi:com:samples:ComponentModel73af1142;1","@type":"Interface","@context":["dtmi:dtdl:context;2"],"displayName":"Component1","contents":[{"@type":"Property","name":"ComponentProp1","schema":"string"},{"@type":"Telemetry","name":"ComponentTelemetry1","schema":"integer"}]}},{"id":"dtmi:com:samples:TempModel73af1142;1","description":{},"displayName":{"en":"TempModel"},"decommissioned":false,"uploadTime":"2022-03-25T21:11:49.4927167+00:00","model":{"@id":"dtmi:com:samples:TempModel73af1142;1","@type":"Interface","@context":["dtmi:dtdl:context;2"],"displayName":"TempModel","contents":[{"@type":"Property","name":"Prop1","schema":"string"},{"@type":"Component","name":"Component1","schema":"dtmi:com:samples:ComponentModel73af1142;1"},{"@type":"Telemetry","name":"Telemetry1","schema":"integer"}]}},{"id":"dtmi:com:samples:ComponentModelff551cd8;1","description":{},"displayName":{"en":"Component1"},"decommissioned":true,"uploadTime":"2022-03-25T21:11:51.1452679+00:00","model":{"@id":"dtmi:com:samples:ComponentModelff551cd8;1","@type":"Interface","@context":["dtmi:dtdl:context;2"],"displayName":"Component1","contents":[{"@type":"Property","name":"ComponentProp1","schema":"string"},{"@type":"Telemetry","name":"ComponentTelemetry1","schema":"integer"}]}},{"id":"dtmi:com:samples:ComponentModeld17b1365;1","description":{},"displayName":{"en":"Component1"},"decommissioned":true,"uploadTime":"2022-03-25T21:11:52.416617+00:00","model":{"@id":"dtmi:com:samples:ComponentModeld17b1365;1","@type":"Interface","@context":["dtmi:dtdl:context;2"],"displayName":"Component1","contents":[{"@type":"Property","name":"ComponentProp1","schema":"string"},{"@type":"Telemetry","name":"ComponentTelemetry1","schema":"integer"}]}},{"id":"dtmi:com:samples:ComponentModel31610f9b;1","description":{},"displayName":{"en":"Component1"},"decommissioned":false,"uploadTime":"2022-03-25T21:11:58.472517+00:00","model":{"@id":"dtmi:com:samples:ComponentModel31610f9b;1","@type":"Interface","@context":["dtmi:dtdl:context;2"],"displayName":"Component1","contents":[{"@type":"Property","name":"ComponentProp1","schema":"string"},{"@type":"Telemetry","name":"ComponentTelemetry1","schema":"integer"}]}},{"id":"dtmi:com:samples:ComponentModel631e163e;1","description":{},"displayName":{"en":"Component1"},"decommissioned":false,"uploadTime":"2022-03-25T21:12:00.134728+00:00","model":{"@id":"dtmi:com:samples:ComponentModel631e163e;1","@type":"Interface","@context":["dtmi:dtdl:context;2"],"displayName":"Component1","contents":[{"@type":"Property","name":"ComponentProp1","schema":"string"},{"@type":"Telemetry","name":"ComponentTelemetry1","schema":"integer"}]}},{"id":"dtmi:com:samples:ComponentModel5330108a;1","description":{},"displayName":{"en":"Component1"},"decommissioned":false,"uploadTime":"2022-03-25T21:12:01.0601599+00:00","model":{"@id":"dtmi:com:samples:ComponentModel5330108a;1","@type":"Interface","@context":["dtmi:dtdl:context;2"],"displayName":"Component1","contents":[{"@type":"Property","name":"ComponentProp1","schema":"string"},{"@type":"Telemetry","name":"ComponentTelemetry1","schema":"integer"}]}},{"id":"dtmi:com:samples:ComponentModel93dd172d;1","description":{},"displayName":{"en":"Component1"},"decommissioned":false,"uploadTime":"2022-03-25T21:12:01.874551+00:00","model":{"@id":"dtmi:com:samples:ComponentModel93dd172d;1","@type":"Interface","@context":["dtmi:dtdl:context;2"],"displayName":"Component1","contents":[{"@type":"Property","name":"ComponentProp1","schema":"string"},{"@type":"Telemetry","name":"ComponentTelemetry1","schema":"integer"}]}}],"nextLink":null}'
    headers:
      content-length: '8832'
      content-type: application/json; charset=utf-8
      date: Fri, 25 Mar 2022 21:12:01 GMT
      strict-transport-security: max-age=2592000
      traceresponse: 00-af455478b4010441b089adf1d85d5050-7239613fd9237247-01
    status:
      code: 200
      message: OK
    url: https://nalehmandigitaltwins.api.wus2.digitaltwins.azure.net/models?includeModelDefinition=true&api-version=2021-06-30-preview
version: 1
