interactions:
- request:
    body: null
    headers:
      Accept:
      - application/json
      User-Agent:
      - azsdk-python-digitaltwins-core/1.2.0 Python/3.10.4 (Windows-10-10.0.22000-SP0)
    method: GET
    uri: https://dttestdigitaltwinsname.api.wcus.digitaltwins.azure.net/models?includeModelDefinition=false&api-version=2022-05-31
  response:
    body:
      string: '{"value":[{"id":"dtmi:samples:DTTestBuilding;1","description":{},"displayName":{"en-US":"Building"},"decommissioned":false,"uploadTime":"2022-05-26T07:28:07.1010444+00:00"}],"nextLink":null}'
    headers:
      content-length: '190'
      content-type: application/json; charset=utf-8
      date: Thu, 26 May 2022 07:28:07 GMT
      mise-correlation-id: 87274c88-8a42-4bfb-937f-c778e06d6a91
      strict-transport-security: max-age=2592000
      traceresponse: 00-9cdfaea819ccf84fbf6b4ed2a77d361d-8e5e4dea075c4d49-01
    status:
      code: 200
      message: OK
    url: https://dttestdigitaltwinsname.api.wcus.digitaltwins.azure.net/models?includeModelDefinition=false&api-version=2022-05-31
- request:
    body: null
    headers:
      Accept:
      - application/json
      User-Agent:
      - azsdk-python-digitaltwins-core/1.2.0 Python/3.10.4 (Windows-10-10.0.22000-SP0)
    method: DELETE
    uri: https://dttestdigitaltwinsname.api.wcus.digitaltwins.azure.net/models/dtmi:samples:DTTestBuilding;1?api-version=2022-05-31
  response:
    body:
      string: ''
    headers:
      content-length: '0'
      date: Thu, 26 May 2022 07:28:07 GMT
      mise-correlation-id: 93b1d62b-ba00-4349-b1d3-08f9d8dffafb
      strict-transport-security: max-age=2592000
      traceresponse: 00-466f1b88e9313540ae95953731df8c04-c2eb503663305144-01
    status:
      code: 204
      message: No Content
    url: https://dttestdigitaltwinsname.api.wcus.digitaltwins.azure.net/models/dtmi:samples:DTTestBuilding;1?api-version=2022-05-31
- request:
    body: null
    headers:
      Accept:
      - application/json
      User-Agent:
      - azsdk-python-digitaltwins-core/1.2.0 Python/3.10.4 (Windows-10-10.0.22000-SP0)
    method: GET
    uri: https://dttestdigitaltwinsname.api.wcus.digitaltwins.azure.net/models?includeModelDefinition=false&api-version=2022-05-31
  response:
    body:
      string: '{"value":[],"nextLink":null}'
    headers:
      content-length: '28'
      content-type: application/json; charset=utf-8
      date: Thu, 26 May 2022 07:28:07 GMT
      mise-correlation-id: a58aad57-3caf-4074-926b-e169cac58206
      strict-transport-security: max-age=2592000
      traceresponse: 00-6a476baceaaf1c408adb9d3b18b68f5a-e7dd44d2813ed44a-01
    status:
      code: 200
      message: OK
    url: https://dttestdigitaltwinsname.api.wcus.digitaltwins.azure.net/models?includeModelDefinition=false&api-version=2022-05-31
- request:
    body: '[{"@id": "dtmi:samples:DTTestBuilding;1", "@type": "Interface", "@context":
      "dtmi:dtdl:context;2", "displayName": "Building", "contents": [{"@type": "Property",
      "name": "AverageTemperature", "schema": "double"}, {"@type": "Property", "name":
      "TemperatureUnit", "schema": "string"}]}]'
    headers:
      Accept:
      - application/json
      Content-Length:
      - '283'
      Content-Type:
      - application/json
      User-Agent:
      - azsdk-python-digitaltwins-core/1.2.0 Python/3.10.4 (Windows-10-10.0.22000-SP0)
    method: POST
    uri: https://dttestdigitaltwinsname.api.wcus.digitaltwins.azure.net/models?api-version=2022-05-31
  response:
    body:
      string: '[{"id":"dtmi:samples:DTTestBuilding;1","description":{},"displayName":{"en-US":"Building"},"decommissioned":false,"uploadTime":"2022-05-26T07:28:07.9461127+00:00"}]'
    headers:
      content-length: '164'
      content-type: application/json; charset=utf-8
      date: Thu, 26 May 2022 07:28:07 GMT
      mise-correlation-id: bbd45629-f855-450c-9b8b-c71ebec01f7a
      strict-transport-security: max-age=2592000
      traceresponse: 00-d546c91b34c1714b9a6a003e62f0c71c-b765497c6b4aa24b-01
    status:
      code: 201
      message: Created
    url: https://dttestdigitaltwinsname.api.wcus.digitaltwins.azure.net/models?api-version=2022-05-31
- request:
    body: null
    headers:
      Accept:
      - application/json
      User-Agent:
      - azsdk-python-digitaltwins-core/1.2.0 Python/3.10.4 (Windows-10-10.0.22000-SP0)
    method: DELETE
    uri: https://dttestdigitaltwinsname.api.wcus.digitaltwins.azure.net/digitaltwins/digitalTwin-18ef20b1?api-version=2022-05-31
  response:
    body:
      string: '{"error":{"code":"DigitalTwinNotFound","message":"There is no digital
        twin instance that exists with the ID digitalTwin-18ef20b1. Please verify
        that the twin id is valid and ensure that the twin is not deleted. See section
        on querying the twins https://aka.ms/adtv2query."}}'
    headers:
      content-length: '274'
      content-type: application/json; charset=utf-8
      date: Thu, 26 May 2022 07:28:07 GMT
      strict-transport-security: max-age=2592000
      traceresponse: 00-61adc1631da0a149a7eb85711791c406-cd340bcee8b46d45-01
    status:
      code: 404
      message: Not Found
    url: https://dttestdigitaltwinsname.api.wcus.digitaltwins.azure.net/digitaltwins/digitalTwin-18ef20b1?api-version=2022-05-31
- request:
    body: '{"$metadata": {"$model": "dtmi:samples:DTTestBuilding;1"}, "AverageTemperature":
      68, "TemperatureUnit": "Celsius"}'
    headers:
      Accept:
      - application/json
      Content-Length:
      - '114'
      Content-Type:
      - application/json
      User-Agent:
      - azsdk-python-digitaltwins-core/1.2.0 Python/3.10.4 (Windows-10-10.0.22000-SP0)
    method: PUT
    uri: https://dttestdigitaltwinsname.api.wcus.digitaltwins.azure.net/digitaltwins/digitalTwin-18ef20b1?api-version=2022-05-31
  response:
    body:
      string: '{"$dtId":"digitalTwin-18ef20b1","$etag":"W/\"d1fca7da-f725-46b2-8fb3-20c31e189c9a\"","AverageTemperature":68,"TemperatureUnit":"Celsius","$metadata":{"$model":"dtmi:samples:DTTestBuilding;1","$lastUpdateTime":"2022-05-26T07:28:08.0608059Z","AverageTemperature":{"lastUpdateTime":"2022-05-26T07:28:08.0608059Z"},"TemperatureUnit":{"lastUpdateTime":"2022-05-26T07:28:08.0608059Z"}}}'
    headers:
      content-length: '380'
      content-type: application/json; charset=utf-8
      date: Thu, 26 May 2022 07:28:07 GMT
      etag: W/"d1fca7da-f725-46b2-8fb3-20c31e189c9a"
      strict-transport-security: max-age=2592000
      traceresponse: 00-69dd42858fc3954697a52ca90938a159-d0244e7abe5e8047-01
    status:
      code: 200
      message: OK
    url: https://dttestdigitaltwinsname.api.wcus.digitaltwins.azure.net/digitaltwins/digitalTwin-18ef20b1?api-version=2022-05-31
- request:
    body: null
    headers:
      Accept:
      - application/json
      If-Match:
      - '*'
      User-Agent:
      - azsdk-python-digitaltwins-core/1.2.0 Python/3.10.4 (Windows-10-10.0.22000-SP0)
    method: DELETE
    uri: https://dttestdigitaltwinsname.api.wcus.digitaltwins.azure.net/digitaltwins/digitalTwin-18ef20b1?api-version=2022-05-31
  response:
    body:
      string: ''
    headers:
      content-length: '0'
      date: Thu, 26 May 2022 07:28:07 GMT
      strict-transport-security: max-age=2592000
      traceresponse: 00-c382bacde1dca643948cfb768a8a0ced-e6fffce2ae795942-01
    status:
      code: 204
      message: No Content
    url: https://dttestdigitaltwinsname.api.wcus.digitaltwins.azure.net/digitaltwins/digitalTwin-18ef20b1?api-version=2022-05-31
- request:
    body: null
    headers:
      Accept:
      - application/json
      User-Agent:
      - azsdk-python-digitaltwins-core/1.2.0 Python/3.10.4 (Windows-10-10.0.22000-SP0)
    method: GET
    uri: https://dttestdigitaltwinsname.api.wcus.digitaltwins.azure.net/digitaltwins/digitalTwin-18ef20b1?api-version=2022-05-31
  response:
    body:
      string: '{"error":{"code":"DigitalTwinNotFound","message":"There is no digital
        twin instance that exists with the ID digitalTwin-18ef20b1. Please verify
        that the twin id is valid and ensure that the twin is not deleted. See section
        on querying the twins https://aka.ms/adtv2query."}}'
    headers:
      content-length: '274'
      content-type: application/json; charset=utf-8
      date: Thu, 26 May 2022 07:28:07 GMT
      strict-transport-security: max-age=2592000
      traceresponse: 00-47e91c5430e95a4597c6b7053156895a-9082175cb8f2cb49-01
    status:
      code: 404
      message: Not Found
    url: https://dttestdigitaltwinsname.api.wcus.digitaltwins.azure.net/digitaltwins/digitalTwin-18ef20b1?api-version=2022-05-31
version: 1
