interactions:
- request:
    body: null
    headers:
      Accept:
      - application/json
      Accept-Encoding:
      - gzip, deflate
      Connection:
      - keep-alive
      User-Agent:
      - azsdk-python-digitaltwins-core/1.1.0 Python/3.7.4 (Windows-10-10.0.19041-SP0)
    method: GET
    uri: https://dttestdigitaltwinsname.api.wcus.digitaltwins.azure.net/models?includeModelDefinition=false&api-version=2020-10-31
  response:
    body:
      string: '{"value":[{"id":"dtmi:samples:DTTestBuilding;1","description":{},"displayName":{"en":"Building"},"decommissioned":false,"uploadTime":"2020-11-24T21:06:31.8977946+00:00"}],"nextLink":null}'
    headers:
      content-length:
      - '187'
      content-type:
      - application/json; charset=utf-8
      date:
      - Tue, 24 Nov 2020 21:06:35 GMT
      strict-transport-security:
      - max-age=2592000
    status:
      code: 200
      message: OK
- request:
    body: null
    headers:
      Accept:
      - application/json
      Accept-Encoding:
      - gzip, deflate
      Connection:
      - keep-alive
      Content-Length:
      - '0'
      User-Agent:
      - azsdk-python-digitaltwins-core/1.1.0 Python/3.7.4 (Windows-10-10.0.19041-SP0)
    method: DELETE
    uri: https://dttestdigitaltwinsname.api.wcus.digitaltwins.azure.net/models/dtmi%3Asamples%3ADTTestBuilding%3B1?api-version=2020-10-31
  response:
    body:
      string: ''
    headers:
      content-length:
      - '0'
      date:
      - Tue, 24 Nov 2020 21:06:35 GMT
      strict-transport-security:
      - max-age=2592000
    status:
      code: 204
      message: No Content
- request:
    body: null
    headers:
      Accept:
      - application/json
      Accept-Encoding:
      - gzip, deflate
      Connection:
      - keep-alive
      User-Agent:
      - azsdk-python-digitaltwins-core/1.1.0 Python/3.7.4 (Windows-10-10.0.19041-SP0)
    method: GET
    uri: https://dttestdigitaltwinsname.api.wcus.digitaltwins.azure.net/models?includeModelDefinition=false&api-version=2020-10-31
  response:
    body:
      string: '{"value":[],"nextLink":null}'
    headers:
      content-length:
      - '28'
      content-type:
      - application/json; charset=utf-8
      date:
      - Tue, 24 Nov 2020 21:06:35 GMT
      strict-transport-security:
      - max-age=2592000
    status:
      code: 200
      message: OK
- request:
    body: '[{"@id": "dtmi:samples:DTTestBuilding;1", "@type": "Interface", "@context":
      "dtmi:dtdl:context;2", "displayName": "Building", "contents": [{"@type": "Property",
      "name": "AverageTemperature", "schema": "double"}, {"@type": "Property", "name":
      "TemperatureUnit", "schema": "string"}]}]'
    headers:
      Accept:
      - application/json
      Accept-Encoding:
      - gzip, deflate
      Connection:
      - keep-alive
      Content-Length:
      - '283'
      Content-Type:
      - application/json
      User-Agent:
      - azsdk-python-digitaltwins-core/1.1.0 Python/3.7.4 (Windows-10-10.0.19041-SP0)
    method: POST
    uri: https://dttestdigitaltwinsname.api.wcus.digitaltwins.azure.net/models?api-version=2020-10-31
  response:
    body:
      string: '[{"id":"dtmi:samples:DTTestBuilding;1","description":{},"displayName":{"en":"Building"},"decommissioned":false,"uploadTime":"2020-11-24T21:06:36.0250797+00:00"}]'
    headers:
      content-length:
      - '161'
      content-type:
      - application/json; charset=utf-8
      date:
      - Tue, 24 Nov 2020 21:06:35 GMT
      strict-transport-security:
      - max-age=2592000
    status:
      code: 201
      message: Created
- request:
    body: null
    headers:
      Accept:
      - application/json
      Accept-Encoding:
      - gzip, deflate
      Connection:
      - keep-alive
      Content-Length:
      - '0'
      User-Agent:
      - azsdk-python-digitaltwins-core/1.1.0 Python/3.7.4 (Windows-10-10.0.19041-SP0)
    method: DELETE
    uri: https://dttestdigitaltwinsname.api.wcus.digitaltwins.azure.net/digitaltwins/digitalTwin-e64e1c83?api-version=2020-10-31
  response:
    body:
      string: ''
    headers:
      content-length:
      - '0'
      date:
      - Tue, 24 Nov 2020 21:06:36 GMT
      strict-transport-security:
      - max-age=2592000
    status:
      code: 204
      message: No Content
- request:
    body: '{"$metadata": {"$model": "dtmi:samples:DTTestBuilding;1"}, "AverageTemperature":
      68, "TemperatureUnit": "Celsius"}'
    headers:
      Accept:
      - application/json
      Accept-Encoding:
      - gzip, deflate
      Connection:
      - keep-alive
      Content-Length:
      - '114'
      Content-Type:
      - application/json
      User-Agent:
      - azsdk-python-digitaltwins-core/1.1.0 Python/3.7.4 (Windows-10-10.0.19041-SP0)
    method: PUT
    uri: https://dttestdigitaltwinsname.api.wcus.digitaltwins.azure.net/digitaltwins/digitalTwin-e64e1c83?api-version=2020-10-31
  response:
    body:
      string: '{"$dtId":"digitalTwin-e64e1c83","$etag":"W/\"55f8e8de-e36e-414b-a70a-754b1268c5b0\"","AverageTemperature":68,"TemperatureUnit":"Celsius","$metadata":{"$model":"dtmi:samples:DTTestBuilding;1","AverageTemperature":{"lastUpdateTime":"2020-11-24T21:06:36.5521711Z"},"TemperatureUnit":{"lastUpdateTime":"2020-11-24T21:06:36.5521711Z"}}}'
    headers:
      content-length:
      - '331'
      content-type:
      - application/json; charset=utf-8
      date:
      - Tue, 24 Nov 2020 21:06:36 GMT
      etag:
      - W/"55f8e8de-e36e-414b-a70a-754b1268c5b0"
      strict-transport-security:
      - max-age=2592000
    status:
      code: 200
      message: OK
- request:
    body: '[{"op": "replace", "path": "/AverageTemperature", "value": 42}]'
    headers:
      Accept:
      - application/json
      Accept-Encoding:
      - gzip, deflate
      Connection:
      - keep-alive
      Content-Length:
      - '63'
      Content-Type:
      - application/json-patch+json
      If-Match:
      - W/"7e67a355-f19c-4c19-8a10-2d69b2d2253f"
      User-Agent:
      - azsdk-python-digitaltwins-core/1.1.0 Python/3.7.4 (Windows-10-10.0.19041-SP0)
    method: PATCH
    uri: https://dttestdigitaltwinsname.api.wcus.digitaltwins.azure.net/digitaltwins/digitalTwin-e64e1c83?api-version=2020-10-31
  response:
    body:
      string: '{"error":{"code":"PreconditionFailed","message":"The provided etag
        W/\"7e67a355-f19c-4c19-8a10-2d69b2d2253f\" doesn''t match the current etag
        for the resource. Please obtain and provide the latest etag by getting the
        resource. See section on get apis in the documentation http://aka.ms/adtv2twins."}}'
    headers:
      content-length:
      - '299'
      content-type:
      - application/json; charset=utf-8
      date:
      - Tue, 24 Nov 2020 21:06:36 GMT
      strict-transport-security:
      - max-age=2592000
    status:
      code: 412
      message: Precondition Failed
- request:
    body: '[{"op": "replace", "path": "/AverageTemperature", "value": 42}]'
    headers:
      Accept:
      - application/json
      Accept-Encoding:
      - gzip, deflate
      Connection:
      - keep-alive
      Content-Length:
      - '63'
      Content-Type:
      - application/json-patch+json
      If-Match:
      - W/"55f8e8de-e36e-414b-a70a-754b1268c5b0"
      User-Agent:
      - azsdk-python-digitaltwins-core/1.1.0 Python/3.7.4 (Windows-10-10.0.19041-SP0)
    method: PATCH
    uri: https://dttestdigitaltwinsname.api.wcus.digitaltwins.azure.net/digitaltwins/digitalTwin-e64e1c83?api-version=2020-10-31
  response:
    body:
      string: ''
    headers:
      content-length:
      - '0'
      date:
      - Tue, 24 Nov 2020 21:06:36 GMT
      etag:
      - W/"58eafbee-6ca0-4433-87d6-6df3e6471599"
      strict-transport-security:
      - max-age=2592000
    status:
      code: 204
      message: No Content
- request:
    body: null
    headers:
      Accept:
      - application/json
      Accept-Encoding:
      - gzip, deflate
      Connection:
      - keep-alive
      User-Agent:
      - azsdk-python-digitaltwins-core/1.1.0 Python/3.7.4 (Windows-10-10.0.19041-SP0)
    method: GET
    uri: https://dttestdigitaltwinsname.api.wcus.digitaltwins.azure.net/digitaltwins/digitalTwin-e64e1c83?api-version=2020-10-31
  response:
    body:
      string: '{"$dtId":"digitalTwin-e64e1c83","$etag":"W/\"58eafbee-6ca0-4433-87d6-6df3e6471599\"","AverageTemperature":42,"TemperatureUnit":"Celsius","$metadata":{"$model":"dtmi:samples:DTTestBuilding;1","AverageTemperature":{"lastUpdateTime":"2020-11-24T21:06:37.1072577Z"},"TemperatureUnit":{"lastUpdateTime":"2020-11-24T21:06:36.5521711Z"}}}'
    headers:
      content-length:
      - '331'
      content-type:
      - application/json; charset=utf-8
      date:
      - Tue, 24 Nov 2020 21:06:37 GMT
      etag:
      - W/"58eafbee-6ca0-4433-87d6-6df3e6471599"
      strict-transport-security:
      - max-age=2592000
    status:
      code: 200
      message: OK
version: 1
