interactions:
- request:
    body: null
    headers:
      Accept:
      - application/json
      User-Agent:
      - azsdk-python-digitaltwins-core/1.1.0 Python/3.7.4 (Windows-10-10.0.19041-SP0)
    method: GET
    uri: https://dttestdigitaltwinsname.api.wcus.digitaltwins.azure.net/models?includeModelDefinition=false&api-version=2020-10-31
  response:
    body:
      string: '{"value":[{"id":"dtmi:com:samples:DTComponentTestsComponent;1","description":{},"displayName":{"en":"Component1"},"decommissioned":false,"uploadTime":"2020-11-24T21:05:11.9386587+00:00"},{"id":"dtmi:com:samples:DTComponentTestsModel;1","description":{},"displayName":{"en":"TempModel"},"decommissioned":false,"uploadTime":"2020-11-24T21:05:11.9386856+00:00"}],"nextLink":null}'
    headers:
      content-length: '376'
      content-type: application/json; charset=utf-8
      date: Tue, 24 Nov 2020 21:05:13 GMT
      strict-transport-security: max-age=2592000
    status:
      code: 200
      message: OK
    url: https://dttestdigitaltwinsname.api.wcus.digitaltwins.azure.net/models?includeModelDefinition=false&api-version=2020-10-31
- request:
    body: null
    headers:
      Accept:
      - application/json
      User-Agent:
      - azsdk-python-digitaltwins-core/1.1.0 Python/3.7.4 (Windows-10-10.0.19041-SP0)
    method: DELETE
    uri: https://dttestdigitaltwinsname.api.wcus.digitaltwins.azure.net/models/dtmi:com:samples:DTComponentTestsComponent;1?api-version=2020-10-31
  response:
    body:
      string: '{"error":{"code":"ModelReferencesNotDeleted","message":"This model
        is currently being referenced by dtmi:com:samples:DTComponentTestsModel;1.
        You must delete these references before deleting the Model.. To delete references,
        do Delete Model on Ids provided above."}}'
    headers:
      content-length: '266'
      content-type: application/json; charset=utf-8
      date: Tue, 24 Nov 2020 21:05:14 GMT
      strict-transport-security: max-age=2592000
    status:
      code: 409
      message: Conflict
    url: https://dttestdigitaltwinsname.api.wcus.digitaltwins.azure.net/models/dtmi:com:samples:DTComponentTestsComponent;1?api-version=2020-10-31
- request:
    body: null
    headers:
      Accept:
      - application/json
      User-Agent:
      - azsdk-python-digitaltwins-core/1.1.0 Python/3.7.4 (Windows-10-10.0.19041-SP0)
    method: DELETE
    uri: https://dttestdigitaltwinsname.api.wcus.digitaltwins.azure.net/models/dtmi:com:samples:DTComponentTestsModel;1?api-version=2020-10-31
  response:
    body:
      string: ''
    headers:
      content-length: '0'
      date: Tue, 24 Nov 2020 21:05:14 GMT
      strict-transport-security: max-age=2592000
    status:
      code: 204
      message: No Content
    url: https://dttestdigitaltwinsname.api.wcus.digitaltwins.azure.net/models/dtmi:com:samples:DTComponentTestsModel;1?api-version=2020-10-31
- request:
    body: null
    headers:
      Accept:
      - application/json
      User-Agent:
      - azsdk-python-digitaltwins-core/1.1.0 Python/3.7.4 (Windows-10-10.0.19041-SP0)
    method: GET
    uri: https://dttestdigitaltwinsname.api.wcus.digitaltwins.azure.net/models?includeModelDefinition=false&api-version=2020-10-31
  response:
    body:
      string: '{"value":[{"id":"dtmi:com:samples:DTComponentTestsComponent;1","description":{},"displayName":{"en":"Component1"},"decommissioned":false,"uploadTime":"2020-11-24T21:05:11.9386587+00:00"}],"nextLink":null}'
    headers:
      content-length: '204'
      content-type: application/json; charset=utf-8
      date: Tue, 24 Nov 2020 21:05:14 GMT
      strict-transport-security: max-age=2592000
    status:
      code: 200
      message: OK
    url: https://dttestdigitaltwinsname.api.wcus.digitaltwins.azure.net/models?includeModelDefinition=false&api-version=2020-10-31
- request:
    body: null
    headers:
      Accept:
      - application/json
      User-Agent:
      - azsdk-python-digitaltwins-core/1.1.0 Python/3.7.4 (Windows-10-10.0.19041-SP0)
    method: DELETE
    uri: https://dttestdigitaltwinsname.api.wcus.digitaltwins.azure.net/models/dtmi:com:samples:DTComponentTestsComponent;1?api-version=2020-10-31
  response:
    body:
      string: ''
    headers:
      content-length: '0'
      date: Tue, 24 Nov 2020 21:05:14 GMT
      strict-transport-security: max-age=2592000
    status:
      code: 204
      message: No Content
    url: https://dttestdigitaltwinsname.api.wcus.digitaltwins.azure.net/models/dtmi:com:samples:DTComponentTestsComponent;1?api-version=2020-10-31
- request:
    body: null
    headers:
      Accept:
      - application/json
      User-Agent:
      - azsdk-python-digitaltwins-core/1.1.0 Python/3.7.4 (Windows-10-10.0.19041-SP0)
    method: GET
    uri: https://dttestdigitaltwinsname.api.wcus.digitaltwins.azure.net/models?includeModelDefinition=false&api-version=2020-10-31
  response:
    body:
      string: '{"value":[],"nextLink":null}'
    headers:
      content-length: '28'
      content-type: application/json; charset=utf-8
      date: Tue, 24 Nov 2020 21:05:15 GMT
      strict-transport-security: max-age=2592000
    status:
      code: 200
      message: OK
    url: https://dttestdigitaltwinsname.api.wcus.digitaltwins.azure.net/models?includeModelDefinition=false&api-version=2020-10-31
- request:
    body: '[{"@id": "dtmi:com:samples:DTComponentTestsComponent;1", "@type": "Interface",
      "@context": "dtmi:dtdl:context;2", "displayName": "Component1", "contents":
      [{"@type": "Property", "name": "ComponentProp1", "schema": "string"}, {"@type":
      "Telemetry", "name": "ComponentTelemetry1", "schema": "integer"}]}, {"@id":
      "dtmi:com:samples:DTComponentTestsModel;1", "@type": "Interface", "@context":
      "dtmi:dtdl:context;2", "displayName": "TempModel", "contents": [{"@type": "Property",
      "name": "Prop1", "schema": "string"}, {"@type": "Component", "name": "Component1",
      "schema": "dtmi:com:samples:DTComponentTestsComponent;1"}, {"@type": "Telemetry",
      "name": "Telemetry1", "schema": "integer"}]}]'
    headers:
      Accept:
      - application/json
      Content-Length:
      - '685'
      Content-Type:
      - application/json
      User-Agent:
      - azsdk-python-digitaltwins-core/1.1.0 Python/3.7.4 (Windows-10-10.0.19041-SP0)
    method: POST
    uri: https://dttestdigitaltwinsname.api.wcus.digitaltwins.azure.net/models?api-version=2020-10-31
  response:
    body:
      string: '[{"id":"dtmi:com:samples:DTComponentTestsComponent;1","description":{},"displayName":{"en":"Component1"},"decommissioned":false,"uploadTime":"2020-11-24T21:05:15.7919777+00:00"},{"id":"dtmi:com:samples:DTComponentTestsModel;1","description":{},"displayName":{"en":"TempModel"},"decommissioned":false,"uploadTime":"2020-11-24T21:05:15.7920212+00:00"}]'
    headers:
      content-length: '350'
      content-type: application/json; charset=utf-8
      date: Tue, 24 Nov 2020 21:05:15 GMT
      strict-transport-security: max-age=2592000
    status:
      code: 201
      message: Created
    url: https://dttestdigitaltwinsname.api.wcus.digitaltwins.azure.net/models?api-version=2020-10-31
- request:
    body: '{"$metadata": {"$model": "dtmi:com:samples:DTComponentTestsModel;1"}, "Prop1":
      "value", "Component1": {"$metadata": {}, "ComponentProp1": "value1"}}'
    headers:
      Accept:
      - application/json
      Content-Length:
      - '148'
      Content-Type:
      - application/json
      User-Agent:
      - azsdk-python-digitaltwins-core/1.1.0 Python/3.7.4 (Windows-10-10.0.19041-SP0)
    method: PUT
    uri: https://dttestdigitaltwinsname.api.wcus.digitaltwins.azure.net/digitaltwins/DTComponentTestsTempTwin?api-version=2020-10-31
  response:
    body:
      string: '{"$dtId":"DTComponentTestsTempTwin","$etag":"W/\"359e9031-7b25-42be-987f-1e6d8a9739dc\"","Prop1":"value","Component1":{"ComponentProp1":"value1","$metadata":{"ComponentProp1":{"lastUpdateTime":"2020-11-24T21:05:16.0533855Z"}}},"$metadata":{"$model":"dtmi:com:samples:DTComponentTestsModel;1","Prop1":{"lastUpdateTime":"2020-11-24T21:05:16.0533855Z"}}}'
    headers:
      content-length: '351'
      content-type: application/json; charset=utf-8
      date: Tue, 24 Nov 2020 21:05:15 GMT
      etag: W/"359e9031-7b25-42be-987f-1e6d8a9739dc"
      strict-transport-security: max-age=2592000
    status:
      code: 200
      message: OK
    url: https://dttestdigitaltwinsname.api.wcus.digitaltwins.azure.net/digitaltwins/DTComponentTestsTempTwin?api-version=2020-10-31
- request:
    body: null
    headers:
      Accept:
      - application/json
      User-Agent:
      - azsdk-python-digitaltwins-core/1.1.0 Python/3.7.4 (Windows-10-10.0.19041-SP0)
    method: GET
    uri: https://dttestdigitaltwinsname.api.wcus.digitaltwins.azure.net/digitaltwins/DTComponentTestsTempTwin?api-version=2020-10-31
  response:
    body:
      string: '{"$dtId":"DTComponentTestsTempTwin","$etag":"W/\"359e9031-7b25-42be-987f-1e6d8a9739dc\"","Prop1":"value","Component1":{"ComponentProp1":"value1","$metadata":{"ComponentProp1":{"lastUpdateTime":"2020-11-24T21:05:16.0533855Z"}}},"$metadata":{"$model":"dtmi:com:samples:DTComponentTestsModel;1","Prop1":{"lastUpdateTime":"2020-11-24T21:05:16.0533855Z"}}}'
    headers:
      content-length: '351'
      content-type: application/json; charset=utf-8
      date: Tue, 24 Nov 2020 21:05:15 GMT
      etag: W/"359e9031-7b25-42be-987f-1e6d8a9739dc"
      strict-transport-security: max-age=2592000
    status:
      code: 200
      message: OK
    url: https://dttestdigitaltwinsname.api.wcus.digitaltwins.azure.net/digitaltwins/DTComponentTestsTempTwin?api-version=2020-10-31
- request:
    body: '[{"op": "replace", "path": "/ComponentProp1", "value": "value2"}]'
    headers:
      Accept:
      - application/json
      Content-Length:
      - '65'
      Content-Type:
      - application/json-patch+json
      If-Match:
      - W/"7e67a355-f19c-4c19-8a10-2d69b2d2253f"
      User-Agent:
      - azsdk-python-digitaltwins-core/1.1.0 Python/3.7.4 (Windows-10-10.0.19041-SP0)
    method: PATCH
    uri: https://dttestdigitaltwinsname.api.wcus.digitaltwins.azure.net/digitaltwins/DTComponentTestsTempTwin/components/Component1?api-version=2020-10-31
  response:
    body:
      string: '{"error":{"code":"PreconditionFailed","message":"The provided etag
        W/\"7e67a355-f19c-4c19-8a10-2d69b2d2253f\" doesn''t match the current etag
        for the resource. Please obtain and provide the latest etag by getting the
        resource. See section on get apis in the documentation http://aka.ms/adtv2twins."}}'
    headers:
      content-length: '299'
      content-type: application/json; charset=utf-8
      date: Tue, 24 Nov 2020 21:05:16 GMT
      strict-transport-security: max-age=2592000
    status:
      code: 412
      message: Precondition Failed
    url: https://dttestdigitaltwinsname.api.wcus.digitaltwins.azure.net/digitaltwins/DTComponentTestsTempTwin/components/Component1?api-version=2020-10-31
- request:
    body: '[{"op": "replace", "path": "/ComponentProp1", "value": "value2"}]'
    headers:
      Accept:
      - application/json
      Content-Length:
      - '65'
      Content-Type:
      - application/json-patch+json
      If-Match:
      - W/"359e9031-7b25-42be-987f-1e6d8a9739dc"
      User-Agent:
      - azsdk-python-digitaltwins-core/1.1.0 Python/3.7.4 (Windows-10-10.0.19041-SP0)
    method: PATCH
    uri: https://dttestdigitaltwinsname.api.wcus.digitaltwins.azure.net/digitaltwins/DTComponentTestsTempTwin/components/Component1?api-version=2020-10-31
  response:
    body:
      string: ''
    headers:
      content-length: '0'
      date: Tue, 24 Nov 2020 21:05:16 GMT
      etag: W/"b9eb52b7-f71f-45f9-abb6-c930172940e4"
      strict-transport-security: max-age=2592000
    status:
      code: 204
      message: No Content
    url: https://dttestdigitaltwinsname.api.wcus.digitaltwins.azure.net/digitaltwins/DTComponentTestsTempTwin/components/Component1?api-version=2020-10-31
- request:
    body: null
    headers:
      Accept:
      - application/json
      User-Agent:
      - azsdk-python-digitaltwins-core/1.1.0 Python/3.7.4 (Windows-10-10.0.19041-SP0)
    method: GET
    uri: https://dttestdigitaltwinsname.api.wcus.digitaltwins.azure.net/digitaltwins/DTComponentTestsTempTwin/components/Component1?api-version=2020-10-31
  response:
    body:
      string: '{"ComponentProp1":"value2","$metadata":{"ComponentProp1":{"lastUpdateTime":"2020-11-24T21:05:16.7678006Z"}}}'
    headers:
      content-length: '108'
      content-type: application/json; charset=utf-8
      date: Tue, 24 Nov 2020 21:05:16 GMT
      etag: W/"b9eb52b7-f71f-45f9-abb6-c930172940e4"
      strict-transport-security: max-age=2592000
    status:
      code: 200
      message: OK
    url: https://dttestdigitaltwinsname.api.wcus.digitaltwins.azure.net/digitaltwins/DTComponentTestsTempTwin/components/Component1?api-version=2020-10-31
version: 1
