interactions:
- request:
    body: null
    headers:
      Accept:
      - application/json
      Accept-Encoding:
      - gzip, deflate
      Connection:
      - keep-alive
      User-Agent:
      - azsdk-python-digitaltwins-core/1.2.0b1 Python/3.9.1 (Windows-10-10.0.22000-SP0)
    method: GET
    uri: https://dttestdigitaltwinsname.api.wus2.digitaltwins.azure.net/models?includeModelDefinition=false&api-version=2021-06-30-preview
  response:
    body:
      string: '{"value":[{"id":"dtmi:samples:RelationshipTestBuilding;1","description":{},"displayName":{"en":"Building"},"decommissioned":false,"uploadTime":"2022-03-28T15:05:53.7278502+00:00"},{"id":"dtmi:samples:RelationshipTestFloor;1","description":{},"displayName":{"en":"Floor"},"decommissioned":false,"uploadTime":"2022-03-28T15:05:53.7278748+00:00"},{"id":"dtmi:samples:RelationshipTestRoom;1","description":{},"displayName":{"en":"Room"},"decommissioned":false,"uploadTime":"2022-03-28T15:05:53.7278892+00:00"}],"nextLink":null}'
    headers:
      content-length:
      - '523'
      content-type:
      - application/json; charset=utf-8
      date:
      - Mon, 28 Mar 2022 15:05:54 GMT
      strict-transport-security:
      - max-age=2592000
      traceresponse:
      - 00-a190e486ae04a14b8a989c6917954b43-4baa56f014a11a4f-01
    status:
      code: 200
      message: OK
- request:
    body: null
    headers:
      Accept:
      - application/json
      Accept-Encoding:
      - gzip, deflate
      Connection:
      - keep-alive
      Content-Length:
      - '0'
      User-Agent:
      - azsdk-python-digitaltwins-core/1.2.0b1 Python/3.9.1 (Windows-10-10.0.22000-SP0)
    method: DELETE
    uri: https://dttestdigitaltwinsname.api.wus2.digitaltwins.azure.net/models/dtmi%3Asamples%3ARelationshipTestBuilding%3B1?api-version=2021-06-30-preview
  response:
    body:
      string: ''
    headers:
      content-length:
      - '0'
      date:
      - Mon, 28 Mar 2022 15:05:54 GMT
      strict-transport-security:
      - max-age=2592000
      traceresponse:
      - 00-d157b5f602f0c54286363c2e480d786d-d96535b9d06fad4f-01
    status:
      code: 204
      message: No Content
- request:
    body: null
    headers:
      Accept:
      - application/json
      Accept-Encoding:
      - gzip, deflate
      Connection:
      - keep-alive
      Content-Length:
      - '0'
      User-Agent:
      - azsdk-python-digitaltwins-core/1.2.0b1 Python/3.9.1 (Windows-10-10.0.22000-SP0)
    method: DELETE
    uri: https://dttestdigitaltwinsname.api.wus2.digitaltwins.azure.net/models/dtmi%3Asamples%3ARelationshipTestFloor%3B1?api-version=2021-06-30-preview
  response:
    body:
      string: ''
    headers:
      content-length:
      - '0'
      date:
      - Mon, 28 Mar 2022 15:05:55 GMT
      strict-transport-security:
      - max-age=2592000
      traceresponse:
      - 00-64b27882012038499acddbab3bc53faa-84263ec3902bdc46-01
    status:
      code: 204
      message: No Content
- request:
    body: null
    headers:
      Accept:
      - application/json
      Accept-Encoding:
      - gzip, deflate
      Connection:
      - keep-alive
      Content-Length:
      - '0'
      User-Agent:
      - azsdk-python-digitaltwins-core/1.2.0b1 Python/3.9.1 (Windows-10-10.0.22000-SP0)
    method: DELETE
    uri: https://dttestdigitaltwinsname.api.wus2.digitaltwins.azure.net/models/dtmi%3Asamples%3ARelationshipTestRoom%3B1?api-version=2021-06-30-preview
  response:
    body:
      string: ''
    headers:
      content-length:
      - '0'
      date:
      - Mon, 28 Mar 2022 15:05:55 GMT
      strict-transport-security:
      - max-age=2592000
      traceresponse:
      - 00-6983ee28e5c38e4988eae8fb4b12f6ec-e0b6e572987ea24b-01
    status:
      code: 204
      message: No Content
- request:
    body: null
    headers:
      Accept:
      - application/json
      Accept-Encoding:
      - gzip, deflate
      Connection:
      - keep-alive
      User-Agent:
      - azsdk-python-digitaltwins-core/1.2.0b1 Python/3.9.1 (Windows-10-10.0.22000-SP0)
    method: GET
    uri: https://dttestdigitaltwinsname.api.wus2.digitaltwins.azure.net/models?includeModelDefinition=false&api-version=2021-06-30-preview
  response:
    body:
      string: '{"value":[],"nextLink":null}'
    headers:
      content-length:
      - '28'
      content-type:
      - application/json; charset=utf-8
      date:
      - Mon, 28 Mar 2022 15:05:55 GMT
      strict-transport-security:
      - max-age=2592000
      traceresponse:
      - 00-10d376b8c807d043a0707de8aa438d40-a0b3f8798146d845-01
    status:
      code: 200
      message: OK
- request:
    body: null
    headers:
      Accept:
      - application/json
      Accept-Encoding:
      - gzip, deflate
      Connection:
      - keep-alive
      User-Agent:
      - azsdk-python-digitaltwins-core/1.2.0b1 Python/3.9.1 (Windows-10-10.0.22000-SP0)
    method: GET
    uri: https://dttestdigitaltwinsname.api.wus2.digitaltwins.azure.net/digitaltwins/DTRelationshipTestsRoomTwin/relationships?api-version=2021-06-30-preview
  response:
    body:
      string: '{"nextLink":null,"value":[]}'
    headers:
      content-length:
      - '28'
      content-type:
      - application/json; charset=utf-8
      date:
      - Mon, 28 Mar 2022 15:05:55 GMT
      strict-transport-security:
      - max-age=2592000
      traceresponse:
      - 00-62138f4837307a44aad33526a8cc422d-9896242dc134cd40-01
    status:
      code: 200
      message: OK
- request:
    body: null
    headers:
      Accept:
      - application/json
      Accept-Encoding:
      - gzip, deflate
      Connection:
      - keep-alive
      User-Agent:
      - azsdk-python-digitaltwins-core/1.2.0b1 Python/3.9.1 (Windows-10-10.0.22000-SP0)
    method: GET
    uri: https://dttestdigitaltwinsname.api.wus2.digitaltwins.azure.net/digitaltwins/DTRelationshipTestsFloorTwin/relationships?api-version=2021-06-30-preview
  response:
    body:
      string: '{"nextLink":null,"value":[]}'
    headers:
      content-length:
      - '28'
      content-type:
      - application/json; charset=utf-8
      date:
      - Mon, 28 Mar 2022 15:05:55 GMT
      strict-transport-security:
      - max-age=2592000
      traceresponse:
      - 00-0d424ba220761f4d860360d368a24c4c-5df42251fe654346-01
    status:
      code: 200
      message: OK
- request:
    body: null
    headers:
      Accept:
      - application/json
      Accept-Encoding:
      - gzip, deflate
      Connection:
      - keep-alive
      User-Agent:
      - azsdk-python-digitaltwins-core/1.2.0b1 Python/3.9.1 (Windows-10-10.0.22000-SP0)
    method: GET
    uri: https://dttestdigitaltwinsname.api.wus2.digitaltwins.azure.net/digitaltwins/DTRelationshipTestsBuildingTwin/relationships?api-version=2021-06-30-preview
  response:
    body:
      string: '{"nextLink":null,"value":[]}'
    headers:
      content-length:
      - '28'
      content-type:
      - application/json; charset=utf-8
      date:
      - Mon, 28 Mar 2022 15:05:55 GMT
      strict-transport-security:
      - max-age=2592000
      traceresponse:
      - 00-25d642b3888f164f85449b40ce75493f-66b3b2650d9a7d44-01
    status:
      code: 200
      message: OK
- request:
    body: null
    headers:
      Accept:
      - application/json
      Accept-Encoding:
      - gzip, deflate
      Connection:
      - keep-alive
      Content-Length:
      - '0'
      User-Agent:
      - azsdk-python-digitaltwins-core/1.2.0b1 Python/3.9.1 (Windows-10-10.0.22000-SP0)
    method: DELETE
    uri: https://dttestdigitaltwinsname.api.wus2.digitaltwins.azure.net/digitaltwins/DTRelationshipTestsRoomTwin?api-version=2021-06-30-preview
  response:
    body:
      string: ''
    headers:
      content-length:
      - '0'
      date:
      - Mon, 28 Mar 2022 15:05:55 GMT
      strict-transport-security:
      - max-age=2592000
      traceresponse:
      - 00-875600bad3808147992fd5aa9dd25bf2-7c041ac11147f44e-01
    status:
      code: 204
      message: No Content
- request:
    body: null
    headers:
      Accept:
      - application/json
      Accept-Encoding:
      - gzip, deflate
      Connection:
      - keep-alive
      Content-Length:
      - '0'
      User-Agent:
      - azsdk-python-digitaltwins-core/1.2.0b1 Python/3.9.1 (Windows-10-10.0.22000-SP0)
    method: DELETE
    uri: https://dttestdigitaltwinsname.api.wus2.digitaltwins.azure.net/digitaltwins/DTRelationshipTestsFloorTwin?api-version=2021-06-30-preview
  response:
    body:
      string: ''
    headers:
      content-length:
      - '0'
      date:
      - Mon, 28 Mar 2022 15:05:55 GMT
      strict-transport-security:
      - max-age=2592000
      traceresponse:
      - 00-9f8c95194e34c14dbd37789c3108ded9-7d380f700484da47-01
    status:
      code: 204
      message: No Content
- request:
    body: null
    headers:
      Accept:
      - application/json
      Accept-Encoding:
      - gzip, deflate
      Connection:
      - keep-alive
      Content-Length:
      - '0'
      User-Agent:
      - azsdk-python-digitaltwins-core/1.2.0b1 Python/3.9.1 (Windows-10-10.0.22000-SP0)
    method: DELETE
    uri: https://dttestdigitaltwinsname.api.wus2.digitaltwins.azure.net/digitaltwins/DTRelationshipTestsBuildingTwin?api-version=2021-06-30-preview
  response:
    body:
      string: ''
    headers:
      content-length:
      - '0'
      date:
      - Mon, 28 Mar 2022 15:05:55 GMT
      strict-transport-security:
      - max-age=2592000
      traceresponse:
      - 00-4b713286d6f7154487697927b4892fe9-320166ed82f6a44a-01
    status:
      code: 204
      message: No Content
- request:
    body: '[{"@id": "dtmi:samples:RelationshipTestBuilding;1", "@type": "Interface",
      "@context": "dtmi:dtdl:context;2", "displayName": "Building", "contents": [{"@type":
      "Relationship", "name": "has", "target": "dtmi:samples:RelationshipTestFloor;1",
      "properties": [{"@type": "Property", "name": "isAccessRestricted", "schema":
      "boolean"}]}, {"@type": "Property", "name": "AverageTemperature", "schema":
      "double"}]}, {"@id": "dtmi:samples:RelationshipTestFloor;1", "@type": "Interface",
      "@context": "dtmi:dtdl:context;2", "displayName": "Floor", "contents": [{"@type":
      "Relationship", "name": "contains", "target": "dtmi:samples:RelationshipTestRoom;1"},
      {"@type": "Property", "name": "AverageTemperature", "schema": "double"}]}, {"@id":
      "dtmi:samples:RelationshipTestRoom;1", "@type": "Interface", "@context": "dtmi:dtdl:context;2",
      "displayName": "Room", "contents": [{"@type": "Property", "name": "Temperature",
      "schema": "double"}, {"@type": "Property", "name": "IsOccupied", "schema": "boolean"}]}]'
    headers:
      Accept:
      - application/json
      Accept-Encoding:
      - gzip, deflate
      Connection:
      - keep-alive
      Content-Length:
      - '992'
      Content-Type:
      - application/json
      User-Agent:
      - azsdk-python-digitaltwins-core/1.2.0b1 Python/3.9.1 (Windows-10-10.0.22000-SP0)
    method: POST
    uri: https://dttestdigitaltwinsname.api.wus2.digitaltwins.azure.net/models?api-version=2021-06-30-preview
  response:
    body:
      string: '[{"id":"dtmi:samples:RelationshipTestBuilding;1","description":{},"displayName":{"en":"Building"},"decommissioned":false,"uploadTime":"2022-03-28T15:05:56.7616532+00:00"},{"id":"dtmi:samples:RelationshipTestFloor;1","description":{},"displayName":{"en":"Floor"},"decommissioned":false,"uploadTime":"2022-03-28T15:05:56.7616798+00:00"},{"id":"dtmi:samples:RelationshipTestRoom;1","description":{},"displayName":{"en":"Room"},"decommissioned":false,"uploadTime":"2022-03-28T15:05:56.7616992+00:00"}]'
    headers:
      content-length:
      - '497'
      content-type:
      - application/json; charset=utf-8
      date:
      - Mon, 28 Mar 2022 15:05:56 GMT
      strict-transport-security:
      - max-age=2592000
      traceresponse:
      - 00-a1205773d8973f4f93cfd89edbfc60ae-0825316b24233f42-01
    status:
      code: 201
      message: Created
- request:
    body: '{"$metadata": {"$model": "dtmi:samples:RelationshipTestBuilding;1"}, "AverageTemperature":
      68}'
    headers:
      Accept:
      - application/json
      Accept-Encoding:
      - gzip, deflate
      Connection:
      - keep-alive
      Content-Length:
      - '94'
      Content-Type:
      - application/json
      User-Agent:
      - azsdk-python-digitaltwins-core/1.2.0b1 Python/3.9.1 (Windows-10-10.0.22000-SP0)
    method: PUT
    uri: https://dttestdigitaltwinsname.api.wus2.digitaltwins.azure.net/digitaltwins/DTRelationshipTestsBuildingTwin?api-version=2021-06-30-preview
  response:
    body:
      string: '{"$dtId":"DTRelationshipTestsBuildingTwin","$etag":"W/\"26f5dce3-fd2d-406e-a174-53daab3a6892\"","AverageTemperature":68,"$metadata":{"$model":"dtmi:samples:RelationshipTestBuilding;1","AverageTemperature":{"lastUpdateTime":"2022-03-28T15:05:56.9243912Z"}}}'
    headers:
      content-length:
      - '256'
      content-type:
      - application/json; charset=utf-8
      date:
      - Mon, 28 Mar 2022 15:05:56 GMT
      etag:
      - W/"26f5dce3-fd2d-406e-a174-53daab3a6892"
      strict-transport-security:
      - max-age=2592000
      traceresponse:
      - 00-a59395fe3a17bf4bbabb5ce4d2a87ed9-afccd19fba149d42-01
    status:
      code: 200
      message: OK
- request:
    body: '{"$metadata": {"$model": "dtmi:samples:RelationshipTestFloor;1"}, "AverageTemperature":
      75}'
    headers:
      Accept:
      - application/json
      Accept-Encoding:
      - gzip, deflate
      Connection:
      - keep-alive
      Content-Length:
      - '91'
      Content-Type:
      - application/json
      User-Agent:
      - azsdk-python-digitaltwins-core/1.2.0b1 Python/3.9.1 (Windows-10-10.0.22000-SP0)
    method: PUT
    uri: https://dttestdigitaltwinsname.api.wus2.digitaltwins.azure.net/digitaltwins/DTRelationshipTestsFloorTwin?api-version=2021-06-30-preview
  response:
    body:
      string: '{"$dtId":"DTRelationshipTestsFloorTwin","$etag":"W/\"2bf726bf-4c5b-46a0-9377-f6e0208a12b0\"","AverageTemperature":75,"$metadata":{"$model":"dtmi:samples:RelationshipTestFloor;1","AverageTemperature":{"lastUpdateTime":"2022-03-28T15:05:57.0492477Z"}}}'
    headers:
      content-length:
      - '250'
      content-type:
      - application/json; charset=utf-8
      date:
      - Mon, 28 Mar 2022 15:05:56 GMT
      etag:
      - W/"2bf726bf-4c5b-46a0-9377-f6e0208a12b0"
      strict-transport-security:
      - max-age=2592000
      traceresponse:
      - 00-8d365c19154f9d4595f5d64975ca0c72-703ef7365deab34d-01
    status:
      code: 200
      message: OK
- request:
    body: '{"$metadata": {"$model": "dtmi:samples:RelationshipTestRoom;1"}, "Temperature":
      80, "IsOccupied": true}'
    headers:
      Accept:
      - application/json
      Accept-Encoding:
      - gzip, deflate
      Connection:
      - keep-alive
      Content-Length:
      - '103'
      Content-Type:
      - application/json
      User-Agent:
      - azsdk-python-digitaltwins-core/1.2.0b1 Python/3.9.1 (Windows-10-10.0.22000-SP0)
    method: PUT
    uri: https://dttestdigitaltwinsname.api.wus2.digitaltwins.azure.net/digitaltwins/DTRelationshipTestsRoomTwin?api-version=2021-06-30-preview
  response:
    body:
      string: '{"$dtId":"DTRelationshipTestsRoomTwin","$etag":"W/\"915ca2f0-1f48-4bae-9764-456fc221e975\"","Temperature":80,"IsOccupied":true,"$metadata":{"$model":"dtmi:samples:RelationshipTestRoom;1","Temperature":{"lastUpdateTime":"2022-03-28T15:05:57.1756507Z"},"IsOccupied":{"lastUpdateTime":"2022-03-28T15:05:57.1756507Z"}}}'
    headers:
      content-length:
      - '315'
      content-type:
      - application/json; charset=utf-8
      date:
      - Mon, 28 Mar 2022 15:05:56 GMT
      etag:
      - W/"915ca2f0-1f48-4bae-9764-456fc221e975"
      strict-transport-security:
      - max-age=2592000
      traceresponse:
      - 00-6ebe55f07889bf429cb801a49322c6a9-a204df3fa8c22243-01
    status:
      code: 200
      message: OK
- request:
    body: '{"$relationshipId": "BuildingHasFloor", "$sourceId": "DTRelationshipTestsBuildingTwin",
      "$relationshipName": "has", "$targetId": "DTRelationshipTestsFloorTwin", "isAccessRestricted":
      false}'
    headers:
      Accept:
      - application/json
      Accept-Encoding:
      - gzip, deflate
      Connection:
      - keep-alive
      Content-Length:
      - '189'
      Content-Type:
      - application/json
      User-Agent:
      - azsdk-python-digitaltwins-core/1.2.0b1 Python/3.9.1 (Windows-10-10.0.22000-SP0)
    method: PUT
    uri: https://dttestdigitaltwinsname.api.wus2.digitaltwins.azure.net/digitaltwins/DTRelationshipTestsBuildingTwin/relationships/BuildingHasFloor?api-version=2021-06-30-preview
  response:
    body:
      string: '{"$relationshipId":"BuildingHasFloor","$etag":"W/\"d0ced455-51a7-420c-8821-695870e5c8cc\"","$sourceId":"DTRelationshipTestsBuildingTwin","$relationshipName":"has","$targetId":"DTRelationshipTestsFloorTwin","isAccessRestricted":false}'
    headers:
      content-length:
      - '233'
      content-type:
      - application/json; charset=utf-8
      date:
      - Mon, 28 Mar 2022 15:05:56 GMT
      etag:
      - W/"d0ced455-51a7-420c-8821-695870e5c8cc"
      strict-transport-security:
      - max-age=2592000
      traceresponse:
      - 00-f12eb58939334146937580ee4914bdd3-d9046f5f1eddd548-01
    status:
      code: 200
      message: OK
- request:
    body: null
    headers:
      Accept:
      - application/json
      Accept-Encoding:
      - gzip, deflate
      Connection:
      - keep-alive
      Content-Length:
      - '0'
      If-Match:
      - '*'
      User-Agent:
      - azsdk-python-digitaltwins-core/1.2.0b1 Python/3.9.1 (Windows-10-10.0.22000-SP0)
    method: DELETE
    uri: https://dttestdigitaltwinsname.api.wus2.digitaltwins.azure.net/digitaltwins/DTRelationshipTestsBuildingTwin/relationships/BuildingHasFloor?api-version=2021-06-30-preview
  response:
    body:
      string: ''
    headers:
      content-length:
      - '0'
      date:
      - Mon, 28 Mar 2022 15:05:56 GMT
      strict-transport-security:
      - max-age=2592000
      traceresponse:
      - 00-55ceb7ca3df57c4791e7153359ae5c9f-015453822486994e-01
    status:
      code: 204
      message: No Content
- request:
    body: null
    headers:
      Accept:
      - application/json
      Accept-Encoding:
      - gzip, deflate
      Connection:
      - keep-alive
      User-Agent:
      - azsdk-python-digitaltwins-core/1.2.0b1 Python/3.9.1 (Windows-10-10.0.22000-SP0)
    method: GET
    uri: https://dttestdigitaltwinsname.api.wus2.digitaltwins.azure.net/digitaltwins/DTRelationshipTestsBuildingTwin/relationships/BuildingHasFloor?api-version=2021-06-30-preview
  response:
    body:
      string: '{"error":{"code":"RelationshipNotFound","message":"Relationship BuildingHasFloor
        not found on twin DTRelationshipTestsBuildingTwin. Please verify that the
        relationship id is valid and ensure that the relationship is not deleted.
        See section on listing relationships in the documentation https://aka.ms/adtv2twins."}}'
    headers:
      content-length:
      - '316'
      content-type:
      - application/json; charset=utf-8
      date:
      - Mon, 28 Mar 2022 15:05:56 GMT
      strict-transport-security:
      - max-age=2592000
      traceresponse:
      - 00-513dc2eeaafbd743a25ab70c67c9e6e9-28af518c89512943-01
    status:
      code: 404
      message: Not Found
version: 1
