{
  "Entries": [
    {
      "RequestUri": "https://login.microsoftonline.com/00000000-0000-0000-0000-000000000000/v2.0/.well-known/openid-configuration",
      "RequestMethod": "GET",
      "RequestHeaders": {
        "Accept": "*/*",
        "Accept-Encoding": "gzip, deflate",
        "Connection": "keep-alive",
        "User-Agent": "azsdk-python-identity/1.13.0 Python/3.10.11 (Windows-10-10.0.22621-SP0)"
      },
      "RequestBody": null,
      "StatusCode": 200,
      "ResponseHeaders": {
        "Access-Control-Allow-Methods": "GET, OPTIONS",
        "Access-Control-Allow-Origin": "*",
        "Cache-Control": "max-age=86400, private",
        "Content-Length": "1753",
        "Content-Type": "application/json; charset=utf-8",
        "Date": "Thu, 01 Jun 2023 20:30:14 GMT",
        "P3P": "CP=\u0022DSP CUR OTPi IND OTRi ONL FIN\u0022",
        "Set-Cookie": "[set-cookie;]",
        "Strict-Transport-Security": "max-age=31536000; includeSubDomains",
        "X-Content-Type-Options": "nosniff",
        "x-ms-ests-server": "2.1.15482.15 - SCUS ProdSlices",
        "X-XSS-Protection": "0"
      },
      "ResponseBody": {
        "token_endpoint": "https://login.microsoftonline.com/00000000-0000-0000-0000-000000000000/oauth2/v2.0/token",
        "token_endpoint_auth_methods_supported": [
          "client_secret_post",
          "private_key_jwt",
          "client_secret_basic"
        ],
        "jwks_uri": "https://login.microsoftonline.com/00000000-0000-0000-0000-000000000000/discovery/v2.0/keys",
        "response_modes_supported": [
          "query",
          "fragment",
          "form_post"
        ],
        "subject_types_supported": [
          "pairwise"
        ],
        "id_token_signing_alg_values_supported": [
          "RS256"
        ],
        "response_types_supported": [
          "code",
          "id_token",
          "code id_token",
          "id_token token"
        ],
        "scopes_supported": [
          "openid",
          "profile",
          "email",
          "offline_access"
        ],
        "issuer": "https://login.microsoftonline.com/00000000-0000-0000-0000-000000000000/v2.0",
        "request_uri_parameter_supported": false,
        "userinfo_endpoint": "https://graph.microsoft.com/oidc/userinfo",
        "authorization_endpoint": "https://login.microsoftonline.com/00000000-0000-0000-0000-000000000000/oauth2/v2.0/authorize",
        "device_authorization_endpoint": "https://login.microsoftonline.com/00000000-0000-0000-0000-000000000000/oauth2/v2.0/devicecode",
        "http_logout_supported": true,
        "frontchannel_logout_supported": true,
        "end_session_endpoint": "https://login.microsoftonline.com/00000000-0000-0000-0000-000000000000/oauth2/v2.0/logout",
        "claims_supported": [
          "sub",
          "iss",
          "cloud_instance_name",
          "cloud_instance_host_name",
          "cloud_graph_host_name",
          "msgraph_host",
          "aud",
          "exp",
          "iat",
          "auth_time",
          "acr",
          "nonce",
          "preferred_username",
          "name",
          "tid",
          "ver",
          "at_hash",
          "c_hash",
          "email"
        ],
        "kerberos_endpoint": "https://login.microsoftonline.com/00000000-0000-0000-0000-000000000000/kerberos",
        "tenant_region_scope": "WW",
        "cloud_instance_name": "microsoftonline.com",
        "cloud_graph_host_name": "graph.windows.net",
        "msgraph_host": "graph.microsoft.com",
        "rbac_url": "https://pas.windows.net"
      }
    },
    {
      "RequestUri": "https://login.microsoftonline.com/common/discovery/instance?api-version=1.1\u0026authorization_endpoint=https://login.microsoftonline.com/common/oauth2/authorize",
      "RequestMethod": "GET",
      "RequestHeaders": {
        "Accept": "application/json",
        "Accept-Encoding": "gzip, deflate",
        "Connection": "keep-alive",
        "User-Agent": "azsdk-python-identity/1.13.0 Python/3.10.11 (Windows-10-10.0.22621-SP0)"
      },
      "RequestBody": null,
      "StatusCode": 200,
      "ResponseHeaders": {
        "Access-Control-Allow-Methods": "GET, OPTIONS",
        "Access-Control-Allow-Origin": "*",
        "Cache-Control": "max-age=86400, private",
        "Content-Length": "945",
        "Content-Type": "application/json; charset=utf-8",
        "Date": "Thu, 01 Jun 2023 20:30:14 GMT",
        "P3P": "CP=\u0022DSP CUR OTPi IND OTRi ONL FIN\u0022",
        "Set-Cookie": "[set-cookie;]",
        "Strict-Transport-Security": "max-age=31536000; includeSubDomains",
        "X-Content-Type-Options": "nosniff",
        "x-ms-ests-server": "2.1.15482.15 - EUS ProdSlices",
        "X-XSS-Protection": "0"
      },
      "ResponseBody": {
        "tenant_discovery_endpoint": "https://login.microsoftonline.com/common/.well-known/openid-configuration",
        "api-version": "1.1",
        "metadata": [
          {
            "preferred_network": "login.microsoftonline.com",
            "preferred_cache": "login.windows.net",
            "aliases": [
              "login.microsoftonline.com",
              "login.windows.net",
              "login.microsoft.com",
              "sts.windows.net"
            ]
          },
          {
            "preferred_network": "login.partner.microsoftonline.cn",
            "preferred_cache": "login.partner.microsoftonline.cn",
            "aliases": [
              "login.partner.microsoftonline.cn",
              "login.chinacloudapi.cn"
            ]
          },
          {
            "preferred_network": "login.microsoftonline.de",
            "preferred_cache": "login.microsoftonline.de",
            "aliases": [
              "login.microsoftonline.de"
            ]
          },
          {
            "preferred_network": "login.microsoftonline.us",
            "preferred_cache": "login.microsoftonline.us",
            "aliases": [
              "login.microsoftonline.us",
              "login.usgovcloudapi.net"
            ]
          },
          {
            "preferred_network": "login-us.microsoftonline.com",
            "preferred_cache": "login-us.microsoftonline.com",
            "aliases": [
              "login-us.microsoftonline.com"
            ]
          }
        ]
      }
    },
    {
      "RequestUri": "https://fake.api.wcus.digitaltwins.azure.net/models?includeModelDefinition=false\u0026api-version=2022-05-31",
      "RequestMethod": "GET",
      "RequestHeaders": {
        "Accept": "application/json",
        "Accept-Encoding": "gzip, deflate",
        "Connection": "keep-alive",
        "User-Agent": "azsdk-python-digitaltwins-core/1.2.1 Python/3.10.11 (Windows-10-10.0.22621-SP0)"
      },
      "RequestBody": null,
      "StatusCode": 200,
      "ResponseHeaders": {
        "Content-Length": "376",
        "Content-Type": "application/json; charset=utf-8",
        "Date": "Thu, 01 Jun 2023 20:30:14 GMT",
        "mise-correlation-id": "f91097f4-6b1f-4fbc-85d8-209cdc470dfe",
        "Strict-Transport-Security": "max-age=2592000",
        "traceresponse": "00-f065e50be8d5926f998384c9283b45df-c56d7b5fb3fb4d65-01"
      },
      "ResponseBody": {
        "value": [
          {
            "id": "dtmi:com:samples:DTComponentTestsComponent;1",
            "description": {},
            "displayName": {
              "en": "Component1"
            },
            "decommissioned": false,
            "uploadTime": "2023-06-01T20:30:14.1200123\u002B00:00"
          },
          {
            "id": "dtmi:com:samples:DTComponentTestsModel;1",
            "description": {},
            "displayName": {
              "en": "TempModel"
            },
            "decommissioned": false,
            "uploadTime": "2023-06-01T20:30:14.1200363\u002B00:00"
          }
        ],
        "nextLink": null
      }
    },
    {
      "RequestUri": "https://fake.api.wcus.digitaltwins.azure.net/models/dtmi%3Acom%3Asamples%3ADTComponentTestsComponent%3B1?api-version=2022-05-31",
      "RequestMethod": "DELETE",
      "RequestHeaders": {
        "Accept": "application/json",
        "Accept-Encoding": "gzip, deflate",
        "Connection": "keep-alive",
        "Content-Length": "0",
        "User-Agent": "azsdk-python-digitaltwins-core/1.2.1 Python/3.10.11 (Windows-10-10.0.22621-SP0)"
      },
      "RequestBody": null,
      "StatusCode": 409,
      "ResponseHeaders": {
        "Content-Length": "266",
        "Content-Type": "application/json; charset=utf-8",
        "Date": "Thu, 01 Jun 2023 20:30:14 GMT",
        "mise-correlation-id": "45dbf70b-7f36-40c8-8858-c276599da472",
        "Strict-Transport-Security": "max-age=2592000",
        "traceresponse": "00-5d009224705ef970b902e191f15ffe17-a460ea984e7c823b-01",
        "x-ms-error-code": "ModelReferencesNotDeleted"
      },
      "ResponseBody": {
        "error": {
          "code": "ModelReferencesNotDeleted",
          "message": "This model is currently being referenced by dtmi:com:samples:DTComponentTestsModel;1. You must delete these references before deleting the Model.. To delete references, do Delete Model on Ids provided above."
        }
      }
    },
    {
      "RequestUri": "https://fake.api.wcus.digitaltwins.azure.net/models/dtmi%3Acom%3Asamples%3ADTComponentTestsModel%3B1?api-version=2022-05-31",
      "RequestMethod": "DELETE",
      "RequestHeaders": {
        "Accept": "application/json",
        "Accept-Encoding": "gzip, deflate",
        "Connection": "keep-alive",
        "Content-Length": "0",
        "User-Agent": "azsdk-python-digitaltwins-core/1.2.1 Python/3.10.11 (Windows-10-10.0.22621-SP0)"
      },
      "RequestBody": null,
      "StatusCode": 204,
      "ResponseHeaders": {
        "Content-Length": "0",
        "Date": "Thu, 01 Jun 2023 20:30:14 GMT",
        "mise-correlation-id": "b7fac8c2-f58c-46e6-9b94-659e06d251c8",
        "Strict-Transport-Security": "max-age=2592000",
        "traceresponse": "00-4953d6d5f673353ad311d161f4d3c4df-5c99d756cf6fa308-01"
      },
      "ResponseBody": null
    },
    {
      "RequestUri": "https://fake.api.wcus.digitaltwins.azure.net/models?includeModelDefinition=false\u0026api-version=2022-05-31",
      "RequestMethod": "GET",
      "RequestHeaders": {
        "Accept": "application/json",
        "Accept-Encoding": "gzip, deflate",
        "Connection": "keep-alive",
        "User-Agent": "azsdk-python-digitaltwins-core/1.2.1 Python/3.10.11 (Windows-10-10.0.22621-SP0)"
      },
      "RequestBody": null,
      "StatusCode": 200,
      "ResponseHeaders": {
        "Content-Length": "204",
        "Content-Type": "application/json; charset=utf-8",
        "Date": "Thu, 01 Jun 2023 20:30:14 GMT",
        "mise-correlation-id": "622d627c-d01c-46b9-9334-64d621ed33d2",
        "Strict-Transport-Security": "max-age=2592000",
        "traceresponse": "00-50feec9cdadd7f87cc2c9e84e93e1c1d-933da0203b720d10-01"
      },
      "ResponseBody": {
        "value": [
          {
            "id": "dtmi:com:samples:DTComponentTestsComponent;1",
            "description": {},
            "displayName": {
              "en": "Component1"
            },
            "decommissioned": false,
            "uploadTime": "2023-06-01T20:30:14.1200123\u002B00:00"
          }
        ],
        "nextLink": null
      }
    },
    {
      "RequestUri": "https://fake.api.wcus.digitaltwins.azure.net/models/dtmi%3Acom%3Asamples%3ADTComponentTestsComponent%3B1?api-version=2022-05-31",
      "RequestMethod": "DELETE",
      "RequestHeaders": {
        "Accept": "application/json",
        "Accept-Encoding": "gzip, deflate",
        "Connection": "keep-alive",
        "Content-Length": "0",
        "User-Agent": "azsdk-python-digitaltwins-core/1.2.1 Python/3.10.11 (Windows-10-10.0.22621-SP0)"
      },
      "RequestBody": null,
      "StatusCode": 204,
      "ResponseHeaders": {
        "Content-Length": "0",
        "Date": "Thu, 01 Jun 2023 20:30:15 GMT",
        "mise-correlation-id": "b32a763f-62a5-4f08-878a-b3913986b2b6",
        "Strict-Transport-Security": "max-age=2592000",
        "traceresponse": "00-893379d602ae47f1203486e7ab90cfbc-1397ae46f5f44076-01"
      },
      "ResponseBody": null
    },
    {
      "RequestUri": "https://fake.api.wcus.digitaltwins.azure.net/models?includeModelDefinition=false\u0026api-version=2022-05-31",
      "RequestMethod": "GET",
      "RequestHeaders": {
        "Accept": "application/json",
        "Accept-Encoding": "gzip, deflate",
        "Connection": "keep-alive",
        "User-Agent": "azsdk-python-digitaltwins-core/1.2.1 Python/3.10.11 (Windows-10-10.0.22621-SP0)"
      },
      "RequestBody": null,
      "StatusCode": 200,
      "ResponseHeaders": {
        "Content-Length": "28",
        "Content-Type": "application/json; charset=utf-8",
        "Date": "Thu, 01 Jun 2023 20:30:15 GMT",
        "mise-correlation-id": "094ebca2-c8e8-4bc0-8923-822bbdd14a89",
        "Strict-Transport-Security": "max-age=2592000",
        "traceresponse": "00-cd599f3c6077e5479b8ea2d073bbbb44-588d0d7ba137d390-01"
      },
      "ResponseBody": {
        "value": [],
        "nextLink": null
      }
    },
    {
      "RequestUri": "https://fake.api.wcus.digitaltwins.azure.net/models?api-version=2022-05-31",
      "RequestMethod": "POST",
      "RequestHeaders": {
        "Accept": "application/json",
        "Accept-Encoding": "gzip, deflate",
        "Connection": "keep-alive",
        "Content-Length": "685",
        "Content-Type": "application/json",
        "User-Agent": "azsdk-python-digitaltwins-core/1.2.1 Python/3.10.11 (Windows-10-10.0.22621-SP0)"
      },
      "RequestBody": "[{\u0022@id\u0022: \u0022dtmi:com:samples:DTComponentTestsComponent;1\u0022, \u0022@type\u0022: \u0022Interface\u0022, \u0022@context\u0022: \u0022dtmi:dtdl:context;2\u0022, \u0022displayName\u0022: \u0022Component1\u0022, \u0022contents\u0022: [{\u0022@type\u0022: \u0022Property\u0022, \u0022name\u0022: \u0022ComponentProp1\u0022, \u0022schema\u0022: \u0022string\u0022}, {\u0022@type\u0022: \u0022Telemetry\u0022, \u0022name\u0022: \u0022ComponentTelemetry1\u0022, \u0022schema\u0022: \u0022integer\u0022}]}, {\u0022@id\u0022: \u0022dtmi:com:samples:DTComponentTestsModel;1\u0022, \u0022@type\u0022: \u0022Interface\u0022, \u0022@context\u0022: \u0022dtmi:dtdl:context;2\u0022, \u0022displayName\u0022: \u0022TempModel\u0022, \u0022contents\u0022: [{\u0022@type\u0022: \u0022Property\u0022, \u0022name\u0022: \u0022Prop1\u0022, \u0022schema\u0022: \u0022string\u0022}, {\u0022@type\u0022: \u0022Component\u0022, \u0022name\u0022: \u0022Component1\u0022, \u0022schema\u0022: \u0022dtmi:com:samples:DTComponentTestsComponent;1\u0022}, {\u0022@type\u0022: \u0022Telemetry\u0022, \u0022name\u0022: \u0022Telemetry1\u0022, \u0022schema\u0022: \u0022integer\u0022}]}]",
      "StatusCode": 201,
      "ResponseHeaders": {
        "Content-Length": "350",
        "Content-Type": "application/json; charset=utf-8",
        "Date": "Thu, 01 Jun 2023 20:30:15 GMT",
        "mise-correlation-id": "d1ed0ac3-5acd-495a-88ef-14030bec8c3f",
        "Strict-Transport-Security": "max-age=2592000",
        "traceresponse": "00-3b83f001c72dc73c3d0799e72270468c-87833c1b5d28db65-01"
      },
      "ResponseBody": "[{\u0022id\u0022:\u0022dtmi:com:samples:DTComponentTestsComponent;1\u0022,\u0022description\u0022:{},\u0022displayName\u0022:{\u0022en\u0022:\u0022Component1\u0022},\u0022decommissioned\u0022:false,\u0022uploadTime\u0022:\u00222023-06-01T20:30:16.2880904\u002B00:00\u0022},{\u0022id\u0022:\u0022dtmi:com:samples:DTComponentTestsModel;1\u0022,\u0022description\u0022:{},\u0022displayName\u0022:{\u0022en\u0022:\u0022TempModel\u0022},\u0022decommissioned\u0022:false,\u0022uploadTime\u0022:\u00222023-06-01T20:30:16.2881125\u002B00:00\u0022}]"
    },
    {
      "RequestUri": "https://fake.api.wcus.digitaltwins.azure.net/digitaltwins/DTComponentTestsTempTwin?api-version=2022-05-31",
      "RequestMethod": "PUT",
      "RequestHeaders": {
        "Accept": "application/json",
        "Accept-Encoding": "gzip, deflate",
        "Connection": "keep-alive",
        "Content-Length": "148",
        "Content-Type": "application/json",
        "User-Agent": "azsdk-python-digitaltwins-core/1.2.1 Python/3.10.11 (Windows-10-10.0.22621-SP0)"
      },
      "RequestBody": {
        "$metadata": {
          "$model": "dtmi:com:samples:DTComponentTestsModel;1"
        },
        "Prop1": "value",
        "Component1": {
          "$metadata": {},
          "ComponentProp1": "value1"
        }
      },
      "StatusCode": 200,
      "ResponseHeaders": {
        "Content-Length": "449",
        "Content-Type": "application/json; charset=utf-8",
        "Date": "Thu, 01 Jun 2023 20:30:15 GMT",
        "ETag": "W/\u00222fa9fdea-4441-439a-8d70-a651f8d530d6\u0022",
        "mise-correlation-id": "73818517-4170-4841-8a8a-6e0531141a98",
        "Strict-Transport-Security": "max-age=2592000",
        "traceresponse": "00-0f1594adceaf6a3ac923440352f89d98-1cae9b8fa74c897b-01"
      },
      "ResponseBody": {
        "$dtId": "DTComponentTestsTempTwin",
        "$etag": "W/\u00222fa9fdea-4441-439a-8d70-a651f8d530d6\u0022",
        "Prop1": "value",
        "Component1": {
          "ComponentProp1": "value1",
          "$metadata": {
            "$lastUpdateTime": "2023-06-01T20:30:16.4042441Z",
            "ComponentProp1": {
              "lastUpdateTime": "2023-06-01T20:30:16.4042441Z"
            }
          }
        },
        "$metadata": {
          "$model": "dtmi:com:samples:DTComponentTestsModel;1",
          "$lastUpdateTime": "2023-06-01T20:30:16.4042441Z",
          "Prop1": {
            "lastUpdateTime": "2023-06-01T20:30:16.4042441Z"
          }
        }
      }
    },
    {
      "RequestUri": "https://fake.api.wcus.digitaltwins.azure.net/digitaltwins/DTComponentTestsTempTwin/components/Component1?api-version=2022-05-31",
      "RequestMethod": "PATCH",
      "RequestHeaders": {
        "Accept": "application/json",
        "Accept-Encoding": "gzip, deflate",
        "Connection": "keep-alive",
        "Content-Length": "110",
        "Content-Type": "application/json-patch\u002Bjson",
        "User-Agent": "azsdk-python-digitaltwins-core/1.2.1 Python/3.10.11 (Windows-10-10.0.22621-SP0)"
      },
      "RequestBody": "[{\u0022op\u0022: \u0022replace\u0022, \u0022path\u0022: \u0022/ComponentProp1\u0022, \u0022value\u0022: \u0022value2\u0022}, {\u0022op\u0022: \u0022remove\u0022, \u0022path\u0022: \u0022/ComponentProp1\u0022}]",
      "StatusCode": 204,
      "ResponseHeaders": {
        "Content-Length": "0",
        "Date": "Thu, 01 Jun 2023 20:30:15 GMT",
        "ETag": "W/\u00229ee93a14-987b-4664-9495-dbb5438467d0\u0022",
        "mise-correlation-id": "8c28df19-8a1c-4956-92ec-734e8574136a",
        "Strict-Transport-Security": "max-age=2592000",
        "traceresponse": "00-440d40958ee41fbd6acf7387223b0e33-fe9d20be89da4dfa-01"
      },
      "ResponseBody": null
    },
    {
      "RequestUri": "https://fake.api.wcus.digitaltwins.azure.net/digitaltwins/DTComponentTestsTempTwin/components/Component1?api-version=2022-05-31",
      "RequestMethod": "GET",
      "RequestHeaders": {
        "Accept": "application/json",
        "Accept-Encoding": "gzip, deflate",
        "Connection": "keep-alive",
        "User-Agent": "azsdk-python-digitaltwins-core/1.2.1 Python/3.10.11 (Windows-10-10.0.22621-SP0)"
      },
      "RequestBody": null,
      "StatusCode": 200,
      "ResponseHeaders": {
        "Content-Length": "64",
        "Content-Type": "application/json; charset=utf-8",
        "Date": "Thu, 01 Jun 2023 20:30:15 GMT",
        "ETag": "W/\u00229ee93a14-987b-4664-9495-dbb5438467d0\u0022",
        "mise-correlation-id": "8082f97a-8b50-4f92-bd45-7236d712d1e0",
        "Strict-Transport-Security": "max-age=2592000",
        "traceresponse": "00-cc9203cc07986b1cb498190f50041b61-83c4b8baff84db1d-01"
      },
      "ResponseBody": {
        "$metadata": {
          "$lastUpdateTime": "2023-06-01T20:30:16.4042441Z"
        }
      }
    },
    {
      "RequestUri": "https://fake.api.wcus.digitaltwins.azure.net/digitaltwins/DTComponentTestsTempTwin?api-version=2022-05-31",
      "RequestMethod": "GET",
      "RequestHeaders": {
        "Accept": "application/json",
        "Accept-Encoding": "gzip, deflate",
        "Connection": "keep-alive",
        "User-Agent": "azsdk-python-digitaltwins-core/1.2.1 Python/3.10.11 (Windows-10-10.0.22621-SP0)"
      },
      "RequestBody": null,
      "StatusCode": 200,
      "ResponseHeaders": {
        "Content-Length": "356",
        "Content-Type": "application/json; charset=utf-8",
        "Date": "Thu, 01 Jun 2023 20:30:16 GMT",
        "ETag": "W/\u00229ee93a14-987b-4664-9495-dbb5438467d0\u0022",
        "mise-correlation-id": "5f76c359-a671-45af-aa34-c67aa01c175c",
        "Strict-Transport-Security": "max-age=2592000",
        "traceresponse": "00-46a438aa58d842a31742be23031cd498-73dc61af47bf22e6-01"
      },
      "ResponseBody": {
        "$dtId": "DTComponentTestsTempTwin",
        "$etag": "W/\u00229ee93a14-987b-4664-9495-dbb5438467d0\u0022",
        "Prop1": "value",
        "Component1": {
          "$metadata": {
            "$lastUpdateTime": "2023-06-01T20:30:16.4042441Z"
          }
        },
        "$metadata": {
          "$model": "dtmi:com:samples:DTComponentTestsModel;1",
          "$lastUpdateTime": "2023-06-01T20:30:16.5738217Z",
          "Prop1": {
            "lastUpdateTime": "2023-06-01T20:30:16.4042441Z"
          }
        }
      }
    }
  ],
  "Variables": {}
}
