interactions:
- request:
    body: '{"value": [{"hotelId": "1000", "@search.action": "delete"}, {"hotelId":
      "4", "@search.action": "delete"}]}'
    headers:
      Accept:
      - application/json;odata.metadata=none
      Content-Length:
      - '106'
      Content-Type:
      - application/json
      User-Agent:
      - azsdk-python-core/1.2.3 Python/3.7.3 (Darwin-19.3.0-x86_64-i386-64bit) azsdk-python-searchindexclient/unknown
      api-key:
      - 3A1A62579F6E917F4A36ED1A2987B059
    method: POST
    uri: https://searchaa131297.search.windows.net/indexes('drgqefsg')/docs/search.index?api-version=2019-05-06
  response:
    body:
      string: '{"value":[{"key":"1000","status":true,"errorMessage":null,"statusCode":200},{"key":"4","status":true,"errorMessage":null,"statusCode":200}]}'
    headers:
      cache-control: no-cache
      content-encoding: gzip
      content-length: '193'
      content-type: application/json; odata.metadata=none
      date: Fri, 06 Mar 2020 00:07:40 GMT
      elapsed-time: '326'
      expires: '-1'
      odata-version: '4.0'
      pragma: no-cache
      preference-applied: odata.include-annotations="*"
      request-id: 7e89c80a-5f3e-11ea-abce-8c8590507855
      strict-transport-security: max-age=15724800; includeSubDomains
      vary: Accept-Encoding
    status:
      code: 200
      message: OK
    url: https://searchaa131297.search.windows.net/indexes('drgqefsg')/docs/search.index?api-version=2019-05-06
- request:
    body: null
    headers:
      Accept:
      - application/json;odata.metadata=none
      User-Agent:
      - azsdk-python-core/1.2.3 Python/3.7.3 (Darwin-19.3.0-x86_64-i386-64bit) azsdk-python-searchindexclient/unknown
      api-key:
      - 3A1A62579F6E917F4A36ED1A2987B059
    method: GET
    uri: https://searchaa131297.search.windows.net/indexes('drgqefsg')/docs/$count?api-version=2019-05-06
  response:
    body:
      string: "\uFEFF9"
    headers:
      cache-control: no-cache
      content-encoding: gzip
      content-length: '126'
      content-type: text/plain
      date: Fri, 06 Mar 2020 00:07:43 GMT
      elapsed-time: '7'
      expires: '-1'
      odata-version: '4.0'
      pragma: no-cache
      preference-applied: odata.include-annotations="*"
      request-id: 80962580-5f3e-11ea-abce-8c8590507855
      strict-transport-security: max-age=15724800; includeSubDomains
      vary: Accept-Encoding
    status:
      code: 200
      message: OK
    url: https://searchaa131297.search.windows.net/indexes('drgqefsg')/docs/$count?api-version=2019-05-06
- request:
    body: null
    headers:
      Accept:
      - application/json;odata.metadata=none
      User-Agent:
      - azsdk-python-core/1.2.3 Python/3.7.3 (Darwin-19.3.0-x86_64-i386-64bit) azsdk-python-searchindexclient/unknown
      api-key:
      - 3A1A62579F6E917F4A36ED1A2987B059
    method: GET
    uri: https://searchaa131297.search.windows.net/indexes('drgqefsg')/docs('1000')?api-version=2019-05-06
  response:
    body:
      string: ''
    headers:
      cache-control: no-cache
      content-length: '0'
      date: Fri, 06 Mar 2020 00:07:43 GMT
      elapsed-time: '4'
      expires: '-1'
      pragma: no-cache
      request-id: 809baf1e-5f3e-11ea-abce-8c8590507855
      strict-transport-security: max-age=15724800; includeSubDomains
    status:
      code: 404
      message: Not Found
    url: https://searchaa131297.search.windows.net/indexes('drgqefsg')/docs('1000')?api-version=2019-05-06
- request:
    body: null
    headers:
      Accept:
      - application/json;odata.metadata=none
      User-Agent:
      - azsdk-python-core/1.2.3 Python/3.7.3 (Darwin-19.3.0-x86_64-i386-64bit) azsdk-python-searchindexclient/unknown
      api-key:
      - 3A1A62579F6E917F4A36ED1A2987B059
    method: GET
    uri: https://searchaa131297.search.windows.net/indexes('drgqefsg')/docs('4')?api-version=2019-05-06
  response:
    body:
      string: ''
    headers:
      cache-control: no-cache
      content-length: '0'
      date: Fri, 06 Mar 2020 00:07:43 GMT
      elapsed-time: '3'
      expires: '-1'
      pragma: no-cache
      request-id: 80a0a99c-5f3e-11ea-abce-8c8590507855
      strict-transport-security: max-age=15724800; includeSubDomains
    status:
      code: 404
      message: Not Found
    url: https://searchaa131297.search.windows.net/indexes('drgqefsg')/docs('4')?api-version=2019-05-06
version: 1
