interactions:
- request:
    body: '{"value": [{"hotelId": "1000", "@search.action": "delete"}, {"hotelId":
      "4", "@search.action": "delete"}]}'
    headers:
      Accept:
      - application/json;odata.metadata=none
      Content-Length:
      - '106'
      Content-Type:
      - application/json
      User-Agent:
      - azsdk-python-search/1.0.0b1 Python/3.7.3 (Darwin-19.3.0-x86_64-i386-64bit)
      api-key:
      - B896D910C20F746311225EEF277F9C5A
    method: POST
    uri: https://searchaa131297.search.windows.net/indexes('drgqefsg')/docs/search.index?api-version=2019-05-06-Preview
  response:
    body:
      string: '{"value":[{"key":"1000","status":true,"errorMessage":null,"statusCode":200},{"key":"4","status":true,"errorMessage":null,"statusCode":200}]}'
    headers:
      cache-control: no-cache
      content-encoding: gzip
      content-length: '193'
      content-type: application/json; odata.metadata=none
      date: Mon, 09 Mar 2020 21:22:31 GMT
      elapsed-time: '139'
      expires: '-1'
      odata-version: '4.0'
      pragma: no-cache
      preference-applied: odata.include-annotations="*"
      request-id: 15ef0cb8-624c-11ea-9360-8c8590507855
      strict-transport-security: max-age=15724800; includeSubDomains
      vary: Accept-Encoding
    status:
      code: 200
      message: OK
    url: https://searchaa131297.search.windows.net/indexes('drgqefsg')/docs/search.index?api-version=2019-05-06-Preview
- request:
    body: null
    headers:
      Accept:
      - application/json;odata.metadata=none
      User-Agent:
      - azsdk-python-search/1.0.0b1 Python/3.7.3 (Darwin-19.3.0-x86_64-i386-64bit)
      api-key:
      - B896D910C20F746311225EEF277F9C5A
    method: GET
    uri: https://searchaa131297.search.windows.net/indexes('drgqefsg')/docs/$count?api-version=2019-05-06-Preview
  response:
    body:
      string: "\uFEFF9"
    headers:
      cache-control: no-cache
      content-encoding: gzip
      content-length: '126'
      content-type: text/plain
      date: Mon, 09 Mar 2020 21:22:34 GMT
      elapsed-time: '4'
      expires: '-1'
      odata-version: '4.0'
      pragma: no-cache
      preference-applied: odata.include-annotations="*"
      request-id: 17e19cf2-624c-11ea-9360-8c8590507855
      strict-transport-security: max-age=15724800; includeSubDomains
      vary: Accept-Encoding
    status:
      code: 200
      message: OK
    url: https://searchaa131297.search.windows.net/indexes('drgqefsg')/docs/$count?api-version=2019-05-06-Preview
- request:
    body: null
    headers:
      Accept:
      - application/json;odata.metadata=none
      User-Agent:
      - azsdk-python-search/1.0.0b1 Python/3.7.3 (Darwin-19.3.0-x86_64-i386-64bit)
      api-key:
      - B896D910C20F746311225EEF277F9C5A
    method: GET
    uri: https://searchaa131297.search.windows.net/indexes('drgqefsg')/docs('1000')?api-version=2019-05-06-Preview
  response:
    body:
      string: ''
    headers:
      cache-control: no-cache
      content-length: '0'
      date: Mon, 09 Mar 2020 21:22:34 GMT
      elapsed-time: '3'
      expires: '-1'
      pragma: no-cache
      request-id: 17ea935c-624c-11ea-9360-8c8590507855
      strict-transport-security: max-age=15724800; includeSubDomains
    status:
      code: 404
      message: Not Found
    url: https://searchaa131297.search.windows.net/indexes('drgqefsg')/docs('1000')?api-version=2019-05-06-Preview
- request:
    body: null
    headers:
      Accept:
      - application/json;odata.metadata=none
      User-Agent:
      - azsdk-python-search/1.0.0b1 Python/3.7.3 (Darwin-19.3.0-x86_64-i386-64bit)
      api-key:
      - B896D910C20F746311225EEF277F9C5A
    method: GET
    uri: https://searchaa131297.search.windows.net/indexes('drgqefsg')/docs('4')?api-version=2019-05-06-Preview
  response:
    body:
      string: ''
    headers:
      cache-control: no-cache
      content-length: '0'
      date: Mon, 09 Mar 2020 21:22:34 GMT
      elapsed-time: '4'
      expires: '-1'
      pragma: no-cache
      request-id: 1801a812-624c-11ea-9360-8c8590507855
      strict-transport-security: max-age=15724800; includeSubDomains
    status:
      code: 404
      message: Not Found
    url: https://searchaa131297.search.windows.net/indexes('drgqefsg')/docs('4')?api-version=2019-05-06-Preview
version: 1
