interactions:
- request:
    body: '{"TableName": "uttablede991889"}'
    headers:
      Accept:
      - application/json;odata=minimalmetadata
      Accept-Encoding:
      - gzip, deflate
      Connection:
      - keep-alive
      Content-Length:
      - '32'
      Content-Type:
      - application/json;odata=nometadata
      DataServiceVersion:
      - '3.0'
      Date:
      - Fri, 18 Dec 2020 17:09:15 GMT
      User-Agent:
      - azsdk-python-data-tables/12.0.0b4 Python/3.9.0rc1 (Windows-10-10.0.19041-SP0)
      x-ms-date:
      - Fri, 18 Dec 2020 17:09:15 GMT
      x-ms-version:
      - '2019-02-02'
    method: POST
    uri: https://fake_table_account.table.core.windows.net/Tables
  response:
    body:
      string: '{"odata.metadata":"https://fake_table_account.table.core.windows.net/$metadata#Tables/@Element","TableName":"uttablede991889"}'
    headers:
      cache-control:
      - no-cache
      content-type:
      - application/json;odata=minimalmetadata;streaming=true;charset=utf-8
      date:
      - Fri, 18 Dec 2020 17:09:15 GMT
      location:
      - https://fake_table_account.table.core.windows.net/Tables('uttablede991889')
      server:
      - Windows-Azure-Table/1.0 Microsoft-HTTPAPI/2.0
      transfer-encoding:
      - chunked
      x-content-type-options:
      - nosniff
      x-ms-version:
      - '2019-02-02'
    status:
      code: 201
      message: Created
- request:
    body: '{"PartitionKey": "pkde991889", "PartitionKey@odata.type": "Edm.String",
      "RowKey": "rkde991889", "RowKey@odata.type": "Edm.String", "large": "1125899906842624",
      "large@odata.type": "Edm.Int64"}'
    headers:
      Accept:
      - application/json;odata=minimalmetadata
      Accept-Encoding:
      - gzip, deflate
      Connection:
      - keep-alive
      Content-Length:
      - '192'
      Content-Type:
      - application/json;odata=nometadata
      DataServiceVersion:
      - '3.0'
      Date:
      - Fri, 18 Dec 2020 17:09:15 GMT
      User-Agent:
      - azsdk-python-data-tables/12.0.0b4 Python/3.9.0rc1 (Windows-10-10.0.19041-SP0)
      x-ms-date:
      - Fri, 18 Dec 2020 17:09:15 GMT
      x-ms-version:
      - '2019-02-02'
    method: POST
    uri: https://fake_table_account.table.core.windows.net/uttablede991889
  response:
    body:
      string: '{"odata.metadata":"https://fake_table_account.table.core.windows.net/$metadata#uttablede991889/@Element","odata.etag":"W/\"datetime''2020-12-18T17%3A09%3A16.1924511Z''\"","PartitionKey":"pkde991889","RowKey":"rkde991889","Timestamp":"2020-12-18T17:09:16.1924511Z","large@odata.type":"Edm.Int64","large":"1125899906842624"}'
    headers:
      cache-control:
      - no-cache
      content-type:
      - application/json;odata=minimalmetadata;streaming=true;charset=utf-8
      date:
      - Fri, 18 Dec 2020 17:09:15 GMT
      etag:
      - W/"datetime'2020-12-18T17%3A09%3A16.1924511Z'"
      location:
      - https://fake_table_account.table.core.windows.net/uttablede991889(PartitionKey='pkde991889',RowKey='rkde991889')
      server:
      - Windows-Azure-Table/1.0 Microsoft-HTTPAPI/2.0
      transfer-encoding:
      - chunked
      x-content-type-options:
      - nosniff
      x-ms-version:
      - '2019-02-02'
    status:
      code: 201
      message: Created
- request:
    body: null
    headers:
      Accept:
      - application/json;odata=minimalmetadata
      Accept-Encoding:
      - gzip, deflate
      Connection:
      - keep-alive
      DataServiceVersion:
      - '3.0'
      Date:
      - Fri, 18 Dec 2020 17:09:15 GMT
      User-Agent:
      - azsdk-python-data-tables/12.0.0b4 Python/3.9.0rc1 (Windows-10-10.0.19041-SP0)
      x-ms-date:
      - Fri, 18 Dec 2020 17:09:15 GMT
      x-ms-version:
      - '2019-02-02'
    method: GET
    uri: https://fake_table_account.table.core.windows.net/uttablede991889(PartitionKey='pkde991889',RowKey='rkde991889')
  response:
    body:
      string: '{"odata.metadata":"https://fake_table_account.table.core.windows.net/$metadata#uttablede991889/@Element","odata.etag":"W/\"datetime''2020-12-18T17%3A09%3A16.1924511Z''\"","PartitionKey":"pkde991889","RowKey":"rkde991889","Timestamp":"2020-12-18T17:09:16.1924511Z","large@odata.type":"Edm.Int64","large":"1125899906842624"}'
    headers:
      cache-control:
      - no-cache
      content-type:
      - application/json;odata=minimalmetadata;streaming=true;charset=utf-8
      date:
      - Fri, 18 Dec 2020 17:09:15 GMT
      etag:
      - W/"datetime'2020-12-18T17%3A09%3A16.1924511Z'"
      server:
      - Windows-Azure-Table/1.0 Microsoft-HTTPAPI/2.0
      transfer-encoding:
      - chunked
      x-content-type-options:
      - nosniff
      x-ms-version:
      - '2019-02-02'
    status:
      code: 200
      message: OK
- request:
    body: '{"PartitionKey": "pkde991889", "PartitionKey@odata.type": "Edm.String",
      "RowKey": "negative", "RowKey@odata.type": "Edm.String", "large": "-1125899906842625",
      "large@odata.type": "Edm.Int64"}'
    headers:
      Accept:
      - application/json;odata=minimalmetadata
      Accept-Encoding:
      - gzip, deflate
      Connection:
      - keep-alive
      Content-Length:
      - '191'
      Content-Type:
      - application/json;odata=nometadata
      DataServiceVersion:
      - '3.0'
      Date:
      - Fri, 18 Dec 2020 17:09:16 GMT
      User-Agent:
      - azsdk-python-data-tables/12.0.0b4 Python/3.9.0rc1 (Windows-10-10.0.19041-SP0)
      x-ms-date:
      - Fri, 18 Dec 2020 17:09:16 GMT
      x-ms-version:
      - '2019-02-02'
    method: POST
    uri: https://fake_table_account.table.core.windows.net/uttablede991889
  response:
    body:
      string: '{"odata.metadata":"https://fake_table_account.table.core.windows.net/$metadata#uttablede991889/@Element","odata.etag":"W/\"datetime''2020-12-18T17%3A09%3A16.4496326Z''\"","PartitionKey":"pkde991889","RowKey":"negative","Timestamp":"2020-12-18T17:09:16.4496326Z","large@odata.type":"Edm.Int64","large":"-1125899906842625"}'
    headers:
      cache-control:
      - no-cache
      content-type:
      - application/json;odata=minimalmetadata;streaming=true;charset=utf-8
      date:
      - Fri, 18 Dec 2020 17:09:16 GMT
      etag:
      - W/"datetime'2020-12-18T17%3A09%3A16.4496326Z'"
      location:
      - https://fake_table_account.table.core.windows.net/uttablede991889(PartitionKey='pkde991889',RowKey='negative')
      server:
      - Windows-Azure-Table/1.0 Microsoft-HTTPAPI/2.0
      transfer-encoding:
      - chunked
      x-content-type-options:
      - nosniff
      x-ms-version:
      - '2019-02-02'
    status:
      code: 201
      message: Created
- request:
    body: null
    headers:
      Accept:
      - application/json;odata=minimalmetadata
      Accept-Encoding:
      - gzip, deflate
      Connection:
      - keep-alive
      DataServiceVersion:
      - '3.0'
      Date:
      - Fri, 18 Dec 2020 17:09:16 GMT
      User-Agent:
      - azsdk-python-data-tables/12.0.0b4 Python/3.9.0rc1 (Windows-10-10.0.19041-SP0)
      x-ms-date:
      - Fri, 18 Dec 2020 17:09:16 GMT
      x-ms-version:
      - '2019-02-02'
    method: GET
    uri: https://fake_table_account.table.core.windows.net/uttablede991889(PartitionKey='pkde991889',RowKey='negative')
  response:
    body:
      string: '{"odata.metadata":"https://fake_table_account.table.core.windows.net/$metadata#uttablede991889/@Element","odata.etag":"W/\"datetime''2020-12-18T17%3A09%3A16.4496326Z''\"","PartitionKey":"pkde991889","RowKey":"negative","Timestamp":"2020-12-18T17:09:16.4496326Z","large@odata.type":"Edm.Int64","large":"-1125899906842625"}'
    headers:
      cache-control:
      - no-cache
      content-type:
      - application/json;odata=minimalmetadata;streaming=true;charset=utf-8
      date:
      - Fri, 18 Dec 2020 17:09:16 GMT
      etag:
      - W/"datetime'2020-12-18T17%3A09%3A16.4496326Z'"
      server:
      - Windows-Azure-Table/1.0 Microsoft-HTTPAPI/2.0
      transfer-encoding:
      - chunked
      x-content-type-options:
      - nosniff
      x-ms-version:
      - '2019-02-02'
    status:
      code: 200
      message: OK
- request:
    body: null
    headers:
      Accept:
      - application/json
      Accept-Encoding:
      - gzip, deflate
      Connection:
      - keep-alive
      Content-Length:
      - '0'
      Date:
      - Fri, 18 Dec 2020 17:09:16 GMT
      User-Agent:
      - azsdk-python-data-tables/12.0.0b4 Python/3.9.0rc1 (Windows-10-10.0.19041-SP0)
      x-ms-date:
      - Fri, 18 Dec 2020 17:09:16 GMT
      x-ms-version:
      - '2019-02-02'
    method: DELETE
    uri: https://fake_table_account.table.core.windows.net/Tables('uttablede991889')
  response:
    body:
      string: ''
    headers:
      cache-control:
      - no-cache
      content-length:
      - '0'
      date:
      - Fri, 18 Dec 2020 17:09:16 GMT
      server:
      - Windows-Azure-Table/1.0 Microsoft-HTTPAPI/2.0
      x-content-type-options:
      - nosniff
      x-ms-version:
      - '2019-02-02'
    status:
      code: 204
      message: No Content
version: 1
