interactions:
- request:
    body: '{"TableName": "uttable9c05125e"}'
    headers:
      Accept:
      - application/json;odata=minimalmetadata
      Accept-Encoding:
      - gzip, deflate
      Connection:
      - keep-alive
      Content-Length:
      - '32'
      Content-Type:
      - application/json;odata=nometadata
      DataServiceVersion:
      - '3.0'
      Date:
      - Wed, 26 May 2021 17:07:51 GMT
      User-Agent:
      - azsdk-python-data-tables/12.0.0b7 Python/3.7.4 (Windows-10-10.0.19041-SP0)
      x-ms-date:
      - Wed, 26 May 2021 17:07:51 GMT
      x-ms-version:
      - '2019-02-02'
    method: POST
    uri: https://fake_cosmos_account.table.cosmos.azure.com/Tables
  response:
    body:
      string: '{"TableName":"uttable9c05125e","odata.metadata":"https://fake_cosmos_account.table.cosmos.azure.com/$metadata#Tables/@Element"}'
    headers:
      content-type:
      - application/json;odata=minimalmetadata
      date:
      - Wed, 26 May 2021 17:07:53 GMT
      etag:
      - W/"datetime'2021-05-26T17%3A07%3A53.6785416Z'"
      location:
      - https://fake_cosmos_account.table.cosmos.azure.com/Tables('uttable9c05125e')
      server:
      - Microsoft-HTTPAPI/2.0
      transfer-encoding:
      - chunked
    status:
      code: 201
      message: Ok
- request:
    body: '{"TableName": "querytable9c05125e"}'
    headers:
      Accept:
      - application/json;odata=minimalmetadata
      Accept-Encoding:
      - gzip, deflate
      Connection:
      - keep-alive
      Content-Length:
      - '35'
      Content-Type:
      - application/json;odata=nometadata
      DataServiceVersion:
      - '3.0'
      Date:
      - Wed, 26 May 2021 17:07:54 GMT
      User-Agent:
      - azsdk-python-data-tables/12.0.0b7 Python/3.7.4 (Windows-10-10.0.19041-SP0)
      x-ms-date:
      - Wed, 26 May 2021 17:07:54 GMT
      x-ms-version:
      - '2019-02-02'
    method: POST
    uri: https://fake_cosmos_account.table.cosmos.azure.com/Tables
  response:
    body:
      string: '{"TableName":"querytable9c05125e","odata.metadata":"https://fake_cosmos_account.table.cosmos.azure.com/$metadata#Tables/@Element"}'
    headers:
      content-type:
      - application/json;odata=minimalmetadata
      date:
      - Wed, 26 May 2021 17:07:54 GMT
      etag:
      - W/"datetime'2021-05-26T17%3A07%3A54.3727112Z'"
      location:
      - https://fake_cosmos_account.table.cosmos.azure.com/Tables('querytable9c05125e')
      server:
      - Microsoft-HTTPAPI/2.0
      transfer-encoding:
      - chunked
    status:
      code: 201
      message: Ok
- request:
    body: '{"PartitionKey": "pk9c05125e", "PartitionKey@odata.type": "Edm.String",
      "RowKey": "rk9c05125e1", "RowKey@odata.type": "Edm.String", "age": 39, "sex":
      "male", "sex@odata.type": "Edm.String", "married": true, "deceased": false,
      "ratio": 3.1, "ratio@odata.type": "Edm.Double", "evenratio": 3.0, "evenratio@odata.type":
      "Edm.Double", "double": 5, "double@odata.type": "Edm.Double", "large": 933311100,
      "Birthday": "1973-10-04T00:00:00.000000Z", "Birthday@odata.type": "Edm.DateTime",
      "birthday": "1970-10-04T00:00:00.000000Z", "birthday@odata.type": "Edm.DateTime",
      "binary": "YmluYXJ5", "binary@odata.type": "Edm.Binary", "other": 20, "clsid":
      "c9da6455-213d-42c9-9a79-3e9149a57833", "clsid@odata.type": "Edm.Guid"}'
    headers:
      Accept:
      - application/json;odata=minimalmetadata
      Accept-Encoding:
      - gzip, deflate
      Connection:
      - keep-alive
      Content-Length:
      - '712'
      Content-Type:
      - application/json;odata=nometadata
      DataServiceVersion:
      - '3.0'
      Date:
      - Wed, 26 May 2021 17:07:54 GMT
      User-Agent:
      - azsdk-python-data-tables/12.0.0b7 Python/3.7.4 (Windows-10-10.0.19041-SP0)
      x-ms-date:
      - Wed, 26 May 2021 17:07:54 GMT
      x-ms-version:
      - '2019-02-02'
    method: POST
    uri: https://fake_cosmos_account.table.cosmos.azure.com/querytable9c05125e
  response:
    body:
      string: '{"odata.metadata":"https://fake_cosmos_account.table.cosmos.azure.com/querytable9c05125e/$metadata#querytable9c05125e/@Element","odata.etag":"W/\"datetime''2021-05-26T17%3A07%3A54.8732424Z''\"","PartitionKey":"pk9c05125e","RowKey":"rk9c05125e1","age":39,"sex":"male","married":true,"deceased":false,"ratio":3.1,"evenratio":3.0,"double":5.0,"large":933311100,"Birthday@odata.type":"Edm.DateTime","Birthday":"1973-10-04T00:00:00.0000000Z","birthday@odata.type":"Edm.DateTime","birthday":"1970-10-04T00:00:00.0000000Z","binary@odata.type":"Edm.Binary","binary":"YmluYXJ5","other":20,"clsid@odata.type":"Edm.Guid","clsid":"c9da6455-213d-42c9-9a79-3e9149a57833","Timestamp":"2021-05-26T17:07:54.8732424Z"}'
    headers:
      content-type:
      - application/json;odata=minimalmetadata
      date:
      - Wed, 26 May 2021 17:07:54 GMT
      etag:
      - W/"datetime'2021-05-26T17%3A07%3A54.8732424Z'"
      location:
      - https://fake_cosmos_account.table.cosmos.azure.com/querytable9c05125e(PartitionKey='pk9c05125e',RowKey='rk9c05125e1')
      server:
      - Microsoft-HTTPAPI/2.0
      transfer-encoding:
      - chunked
    status:
      code: 201
      message: Created
- request:
    body: '{"PartitionKey": "pk9c05125e", "PartitionKey@odata.type": "Edm.String",
      "RowKey": "rk9c05125e12", "RowKey@odata.type": "Edm.String", "age": 39, "sex":
      "male", "sex@odata.type": "Edm.String", "married": true, "deceased": false,
      "ratio": 3.1, "ratio@odata.type": "Edm.Double", "evenratio": 3.0, "evenratio@odata.type":
      "Edm.Double", "double": 5, "double@odata.type": "Edm.Double", "large": 933311100,
      "Birthday": "1973-10-04T00:00:00.000000Z", "Birthday@odata.type": "Edm.DateTime",
      "birthday": "1970-10-04T00:00:00.000000Z", "birthday@odata.type": "Edm.DateTime",
      "binary": "YmluYXJ5", "binary@odata.type": "Edm.Binary", "other": 20, "clsid":
      "c9da6455-213d-42c9-9a79-3e9149a57833", "clsid@odata.type": "Edm.Guid"}'
    headers:
      Accept:
      - application/json;odata=minimalmetadata
      Accept-Encoding:
      - gzip, deflate
      Connection:
      - keep-alive
      Content-Length:
      - '713'
      Content-Type:
      - application/json;odata=nometadata
      DataServiceVersion:
      - '3.0'
      Date:
      - Wed, 26 May 2021 17:07:55 GMT
      User-Agent:
      - azsdk-python-data-tables/12.0.0b7 Python/3.7.4 (Windows-10-10.0.19041-SP0)
      x-ms-date:
      - Wed, 26 May 2021 17:07:55 GMT
      x-ms-version:
      - '2019-02-02'
    method: POST
    uri: https://fake_cosmos_account.table.cosmos.azure.com/querytable9c05125e
  response:
    body:
      string: '{"odata.metadata":"https://fake_cosmos_account.table.cosmos.azure.com/querytable9c05125e/$metadata#querytable9c05125e/@Element","odata.etag":"W/\"datetime''2021-05-26T17%3A07%3A55.2208904Z''\"","PartitionKey":"pk9c05125e","RowKey":"rk9c05125e12","age":39,"sex":"male","married":true,"deceased":false,"ratio":3.1,"evenratio":3.0,"double":5.0,"large":933311100,"Birthday@odata.type":"Edm.DateTime","Birthday":"1973-10-04T00:00:00.0000000Z","birthday@odata.type":"Edm.DateTime","birthday":"1970-10-04T00:00:00.0000000Z","binary@odata.type":"Edm.Binary","binary":"YmluYXJ5","other":20,"clsid@odata.type":"Edm.Guid","clsid":"c9da6455-213d-42c9-9a79-3e9149a57833","Timestamp":"2021-05-26T17:07:55.2208904Z"}'
    headers:
      content-type:
      - application/json;odata=minimalmetadata
      date:
      - Wed, 26 May 2021 17:07:54 GMT
      etag:
      - W/"datetime'2021-05-26T17%3A07%3A55.2208904Z'"
      location:
      - https://fake_cosmos_account.table.cosmos.azure.com/querytable9c05125e(PartitionKey='pk9c05125e',RowKey='rk9c05125e12')
      server:
      - Microsoft-HTTPAPI/2.0
      transfer-encoding:
      - chunked
    status:
      code: 201
      message: Created
- request:
    body: null
    headers:
      Accept:
      - application/json;odata=minimalmetadata
      Accept-Encoding:
      - gzip, deflate
      Connection:
      - keep-alive
      DataServiceVersion:
      - '3.0'
      Date:
      - Wed, 26 May 2021 17:07:55 GMT
      User-Agent:
      - azsdk-python-data-tables/12.0.0b7 Python/3.7.4 (Windows-10-10.0.19041-SP0)
      x-ms-date:
      - Wed, 26 May 2021 17:07:55 GMT
      x-ms-version:
      - '2019-02-02'
    method: GET
    uri: https://fake_cosmos_account.table.cosmos.azure.com/querytable9c05125e()
  response:
    body:
      string: '{"value":[{"odata.etag":"W/\"datetime''2021-05-26T17%3A07%3A54.8732424Z''\"","PartitionKey":"pk9c05125e","RowKey":"rk9c05125e1","age":39,"sex":"male","married":true,"deceased":false,"ratio":3.1,"evenratio":3.0,"double":5.0,"large":933311100,"Birthday@odata.type":"Edm.DateTime","Birthday":"1973-10-04T00:00:00.0000000Z","birthday@odata.type":"Edm.DateTime","birthday":"1970-10-04T00:00:00.0000000Z","binary@odata.type":"Edm.Binary","binary":"YmluYXJ5","other":20,"clsid@odata.type":"Edm.Guid","clsid":"c9da6455-213d-42c9-9a79-3e9149a57833","Timestamp":"2021-05-26T17:07:54.8732424Z"},{"odata.etag":"W/\"datetime''2021-05-26T17%3A07%3A55.2208904Z''\"","PartitionKey":"pk9c05125e","RowKey":"rk9c05125e12","age":39,"sex":"male","married":true,"deceased":false,"ratio":3.1,"evenratio":3.0,"double":5.0,"large":933311100,"Birthday@odata.type":"Edm.DateTime","Birthday":"1973-10-04T00:00:00.0000000Z","birthday@odata.type":"Edm.DateTime","birthday":"1970-10-04T00:00:00.0000000Z","binary@odata.type":"Edm.Binary","binary":"YmluYXJ5","other":20,"clsid@odata.type":"Edm.Guid","clsid":"c9da6455-213d-42c9-9a79-3e9149a57833","Timestamp":"2021-05-26T17:07:55.2208904Z"}],"odata.metadata":"https://fake_cosmos_account.table.cosmos.azure.com/$metadata#querytable9c05125e"}'
    headers:
      content-type:
      - application/json;odata=minimalmetadata
      date:
      - Wed, 26 May 2021 17:07:54 GMT
      server:
      - Microsoft-HTTPAPI/2.0
      transfer-encoding:
      - chunked
    status:
      code: 200
      message: Ok
- request:
    body: null
    headers:
      Accept:
      - application/json;odata=minimalmetadata
      Accept-Encoding:
      - gzip, deflate
      Connection:
      - keep-alive
      DataServiceVersion:
      - '3.0'
      Date:
      - Wed, 26 May 2021 17:07:55 GMT
      User-Agent:
      - azsdk-python-data-tables/12.0.0b7 Python/3.7.4 (Windows-10-10.0.19041-SP0)
      x-ms-date:
      - Wed, 26 May 2021 17:07:55 GMT
      x-ms-version:
      - '2019-02-02'
    method: GET
    uri: https://fake_cosmos_account.table.cosmos.azure.com/Tables
  response:
    body:
      string: '{"value":[{"TableName":"querytable9c05125e"},{"TableName":"uttable9c05125e"}],"odata.metadata":"https://fake_cosmos_account.table.cosmos.azure.com/$metadata#Tables"}'
    headers:
      content-type:
      - application/json;odata=minimalmetadata
      date:
      - Wed, 26 May 2021 17:07:54 GMT
      server:
      - Microsoft-HTTPAPI/2.0
      transfer-encoding:
      - chunked
    status:
      code: 200
      message: Ok
- request:
    body: null
    headers:
      Accept:
      - application/json
      Accept-Encoding:
      - gzip, deflate
      Connection:
      - keep-alive
      Content-Length:
      - '0'
      Date:
      - Wed, 26 May 2021 17:07:55 GMT
      User-Agent:
      - azsdk-python-data-tables/12.0.0b7 Python/3.7.4 (Windows-10-10.0.19041-SP0)
      x-ms-date:
      - Wed, 26 May 2021 17:07:55 GMT
      x-ms-version:
      - '2019-02-02'
    method: DELETE
    uri: https://fake_cosmos_account.table.cosmos.azure.com/Tables('querytable9c05125e')
  response:
    body:
      string: ''
    headers:
      content-length:
      - '0'
      date:
      - Wed, 26 May 2021 17:07:55 GMT
      server:
      - Microsoft-HTTPAPI/2.0
    status:
      code: 204
      message: No Content
- request:
    body: null
    headers:
      Accept:
      - application/json
      Accept-Encoding:
      - gzip, deflate
      Connection:
      - keep-alive
      Content-Length:
      - '0'
      Date:
      - Wed, 26 May 2021 17:07:56 GMT
      User-Agent:
      - azsdk-python-data-tables/12.0.0b7 Python/3.7.4 (Windows-10-10.0.19041-SP0)
      x-ms-date:
      - Wed, 26 May 2021 17:07:56 GMT
      x-ms-version:
      - '2019-02-02'
    method: DELETE
    uri: https://fake_cosmos_account.table.cosmos.azure.com/Tables('uttable9c05125e')
  response:
    body:
      string: ''
    headers:
      content-length:
      - '0'
      date:
      - Wed, 26 May 2021 17:07:55 GMT
      server:
      - Microsoft-HTTPAPI/2.0
    status:
      code: 204
      message: No Content
version: 1
