interactions:
- request:
    body: '{"TableName": "uttable66111670"}'
    headers:
      Accept:
      - application/json;odata=minimalmetadata
      Accept-Encoding:
      - gzip, deflate
      Connection:
      - keep-alive
      Content-Length:
      - '32'
      Content-Type:
      - application/json;odata=nometadata
      DataServiceVersion:
      - '3.0'
      Date:
      - Wed, 19 Aug 2020 21:18:18 GMT
      User-Agent:
      - azsdk-python-storage-table/2019-07-07 Python/3.8.4 (Windows-10-10.0.19041-SP0)
      x-ms-date:
      - Wed, 19 Aug 2020 21:18:18 GMT
      x-ms-version:
      - '2019-07-07'
    method: POST
    uri: https://storagename.table.core.windows.net/Tables
  response:
    body:
      string: '{"odata.metadata":"https://storagename.table.core.windows.net/$metadata#Tables/@Element","TableName":"uttable66111670"}'
    headers:
      cache-control:
      - no-cache
      content-type:
      - application/json;odata=minimalmetadata;streaming=true;charset=utf-8
      date:
      - Wed, 19 Aug 2020 21:18:17 GMT
      location:
      - https://storagename.table.core.windows.net/Tables('uttable66111670')
      server:
      - Windows-Azure-Table/1.0 Microsoft-HTTPAPI/2.0
      transfer-encoding:
      - chunked
      x-content-type-options:
      - nosniff
      x-ms-version:
      - '2019-07-07'
    status:
      code: 201
      message: Created
- request:
    body: '{"PartitionKey": "pk66111670", "RowKey": "rk66111670", "EmptyByte": "",
      "EmptyUnicode": "", "SpacesOnlyByte": "   ", "SpacesOnlyUnicode": "   ", "SpacesBeforeByte":
      "   Text", "SpacesBeforeUnicode": "   Text", "SpacesAfterByte": "Text   ", "SpacesAfterUnicode":
      "Text   ", "SpacesBeforeAndAfterByte": "   Text   ", "SpacesBeforeAndAfterUnicode":
      "   Text   "}'
    headers:
      Accept:
      - application/json;odata=minimalmetadata
      Accept-Encoding:
      - gzip, deflate
      Connection:
      - keep-alive
      Content-Length:
      - '359'
      Content-Type:
      - application/json;odata=nometadata
      DataServiceVersion:
      - '3.0'
      Date:
      - Wed, 19 Aug 2020 21:18:18 GMT
      User-Agent:
      - azsdk-python-storage-table/2019-07-07 Python/3.8.4 (Windows-10-10.0.19041-SP0)
      x-ms-date:
      - Wed, 19 Aug 2020 21:18:18 GMT
      x-ms-version:
      - '2019-07-07'
    method: POST
    uri: https://storagename.table.core.windows.net/uttable66111670
  response:
    body:
      string: '{"odata.metadata":"https://storagename.table.core.windows.net/$metadata#uttable66111670/@Element","odata.etag":"W/\"datetime''2020-08-19T21%3A18%3A18.6561234Z''\"","PartitionKey":"pk66111670","RowKey":"rk66111670","Timestamp":"2020-08-19T21:18:18.6561234Z","EmptyByte":"","EmptyUnicode":"","SpacesOnlyByte":"   ","SpacesOnlyUnicode":"   ","SpacesBeforeByte":"   Text","SpacesBeforeUnicode":"   Text","SpacesAfterByte":"Text   ","SpacesAfterUnicode":"Text   ","SpacesBeforeAndAfterByte":"   Text   ","SpacesBeforeAndAfterUnicode":"   Text   "}'
    headers:
      cache-control:
      - no-cache
      content-type:
      - application/json;odata=minimalmetadata;streaming=true;charset=utf-8
      date:
      - Wed, 19 Aug 2020 21:18:17 GMT
      etag:
      - W/"datetime'2020-08-19T21%3A18%3A18.6561234Z'"
      location:
      - https://storagename.table.core.windows.net/uttable66111670(PartitionKey='pk66111670',RowKey='rk66111670')
      server:
      - Windows-Azure-Table/1.0 Microsoft-HTTPAPI/2.0
      transfer-encoding:
      - chunked
      x-content-type-options:
      - nosniff
      x-ms-version:
      - '2019-07-07'
    status:
      code: 201
      message: Created
- request:
    body: null
    headers:
      Accept:
      - application/json;odata=minimalmetadata
      Accept-Encoding:
      - gzip, deflate
      Connection:
      - keep-alive
      DataServiceVersion:
      - '3.0'
      Date:
      - Wed, 19 Aug 2020 21:18:18 GMT
      User-Agent:
      - azsdk-python-storage-table/2019-07-07 Python/3.8.4 (Windows-10-10.0.19041-SP0)
      x-ms-date:
      - Wed, 19 Aug 2020 21:18:18 GMT
      x-ms-version:
      - '2019-07-07'
    method: GET
    uri: https://storagename.table.core.windows.net/uttable66111670(PartitionKey='pk66111670',RowKey='rk66111670')
  response:
    body:
      string: '{"odata.metadata":"https://storagename.table.core.windows.net/$metadata#uttable66111670/@Element","odata.etag":"W/\"datetime''2020-08-19T21%3A18%3A18.6561234Z''\"","PartitionKey":"pk66111670","RowKey":"rk66111670","Timestamp":"2020-08-19T21:18:18.6561234Z","EmptyByte":"","EmptyUnicode":"","SpacesOnlyByte":"   ","SpacesOnlyUnicode":"   ","SpacesBeforeByte":"   Text","SpacesBeforeUnicode":"   Text","SpacesAfterByte":"Text   ","SpacesAfterUnicode":"Text   ","SpacesBeforeAndAfterByte":"   Text   ","SpacesBeforeAndAfterUnicode":"   Text   "}'
    headers:
      cache-control:
      - no-cache
      content-type:
      - application/json;odata=minimalmetadata;streaming=true;charset=utf-8
      date:
      - Wed, 19 Aug 2020 21:18:17 GMT
      etag:
      - W/"datetime'2020-08-19T21%3A18%3A18.6561234Z'"
      server:
      - Windows-Azure-Table/1.0 Microsoft-HTTPAPI/2.0
      transfer-encoding:
      - chunked
      x-content-type-options:
      - nosniff
      x-ms-version:
      - '2019-07-07'
    status:
      code: 200
      message: OK
- request:
    body: null
    headers:
      Accept:
      - '*/*'
      Accept-Encoding:
      - gzip, deflate
      Connection:
      - keep-alive
      Content-Length:
      - '0'
      Date:
      - Wed, 19 Aug 2020 21:18:18 GMT
      User-Agent:
      - azsdk-python-storage-table/2019-07-07 Python/3.8.4 (Windows-10-10.0.19041-SP0)
      x-ms-date:
      - Wed, 19 Aug 2020 21:18:18 GMT
      x-ms-version:
      - '2019-07-07'
    method: DELETE
    uri: https://storagename.table.core.windows.net/Tables('uttable66111670')
  response:
    body:
      string: ''
    headers:
      cache-control:
      - no-cache
      content-length:
      - '0'
      date:
      - Wed, 19 Aug 2020 21:18:18 GMT
      server:
      - Windows-Azure-Table/1.0 Microsoft-HTTPAPI/2.0
      x-content-type-options:
      - nosniff
      x-ms-version:
      - '2019-07-07'
    status:
      code: 204
      message: No Content
version: 1
