{
  "Entries": [
    {
      "RequestUri": "https://yalltbtestsprim.table.core.windows.net/Tables",
      "RequestMethod": "POST",
      "RequestHeaders": {
        "Accept": "application/json;odata=minimalmetadata",
        "Accept-Encoding": "gzip, deflate",
        "Authorization": "Sanitized",
        "Content-Length": "32",
        "Content-Type": "application/json;odata=nometadata",
        "DataServiceVersion": "3.0",
        "Date": "Mon, 20 Sep 2021 22:03:57 GMT",
        "User-Agent": "azsdk-python-data-tables/12.1.1 Python/3.9.2 (Windows-10-10.0.19041-SP0)",
        "x-ms-client-request-id": "a72db8be-1a5e-11ec-8529-5cf37093a909",
        "x-ms-date": "Mon, 20 Sep 2021 22:03:57 GMT",
        "x-ms-version": "2019-02-02"
      },
      "RequestBody": "{\u0022TableName\u0022: \u0022uttableaf332de6\u0022}",
      "StatusCode": 201,
      "ResponseHeaders": {
        "Cache-Control": "no-cache",
        "Content-Type": "application/json; odata=minimalmetadata; streaming=true; charset=utf-8",
        "Date": "Mon, 20 Sep 2021 22:03:56 GMT",
        "Location": "https://yalltbtestsprim.table.core.windows.net/Tables(\u0027uttableaf332de6\u0027)",
        "Server": [
          "Windows-Azure-Table/1.0",
          "Microsoft-HTTPAPI/2.0"
        ],
        "Transfer-Encoding": "chunked",
        "X-Content-Type-Options": "nosniff",
        "x-ms-client-request-id": "a72db8be-1a5e-11ec-8529-5cf37093a909",
        "x-ms-request-id": "41382efa-2002-004e-596b-ae8313000000",
        "x-ms-version": "2019-02-02"
      },
      "ResponseBody": {
        "odata.metadata": "https://yalltbtestsprim.table.core.windows.net/$metadata#Tables/@Element",
        "TableName": "uttableaf332de6"
      }
    },
    {
      "RequestUri": "https://yalltbtestsprim.table.core.windows.net/Tables",
      "RequestMethod": "POST",
      "RequestHeaders": {
        "Accept": "application/json;odata=minimalmetadata",
        "Accept-Encoding": "gzip, deflate",
        "Authorization": "Sanitized",
        "Content-Length": "40",
        "Content-Type": "application/json;odata=nometadata",
        "DataServiceVersion": "3.0",
        "Date": "Mon, 20 Sep 2021 22:03:57 GMT",
        "User-Agent": "azsdk-python-data-tables/12.1.1 Python/3.9.2 (Windows-10-10.0.19041-SP0)",
        "x-ms-client-request-id": "a7355421-1a5e-11ec-9e3a-5cf37093a909",
        "x-ms-date": "Mon, 20 Sep 2021 22:03:57 GMT",
        "x-ms-version": "2019-02-02"
      },
      "RequestBody": "{\u0022TableName\u0022: \u0022queryasynctableaf332de6\u0022}",
      "StatusCode": 201,
      "ResponseHeaders": {
        "Cache-Control": "no-cache",
        "Content-Type": "application/json; odata=minimalmetadata; streaming=true; charset=utf-8",
        "Date": "Mon, 20 Sep 2021 22:03:56 GMT",
        "Location": "https://yalltbtestsprim.table.core.windows.net/Tables(\u0027queryasynctableaf332de6\u0027)",
        "Server": [
          "Windows-Azure-Table/1.0",
          "Microsoft-HTTPAPI/2.0"
        ],
        "Transfer-Encoding": "chunked",
        "X-Content-Type-Options": "nosniff",
        "x-ms-client-request-id": "a7355421-1a5e-11ec-9e3a-5cf37093a909",
        "x-ms-request-id": "41382f03-2002-004e-5d6b-ae8313000000",
        "x-ms-version": "2019-02-02"
      },
      "ResponseBody": {
        "odata.metadata": "https://yalltbtestsprim.table.core.windows.net/$metadata#Tables/@Element",
        "TableName": "queryasynctableaf332de6"
      }
    },
    {
      "RequestUri": "https://yalltbtestsprim.table.core.windows.net/queryasynctableaf332de6",
      "RequestMethod": "POST",
      "RequestHeaders": {
        "Accept": "application/json;odata=minimalmetadata",
        "Accept-Encoding": "gzip, deflate",
        "Authorization": "Sanitized",
        "Content-Length": "173",
        "Content-Type": "application/json;odata=nometadata",
        "DataServiceVersion": "3.0",
        "Date": "Mon, 20 Sep 2021 22:03:57 GMT",
        "User-Agent": "azsdk-python-data-tables/12.1.1 Python/3.9.2 (Windows-10-10.0.19041-SP0)",
        "x-ms-client-request-id": "a7394d64-1a5e-11ec-aa58-5cf37093a909",
        "x-ms-date": "Mon, 20 Sep 2021 22:03:57 GMT",
        "x-ms-version": "2019-02-02"
      },
      "RequestBody": "{\u0022PartitionKey\u0022: \u0022foo\u0022, \u0022PartitionKey@odata.type\u0022: \u0022Edm.String\u0022, \u0022RowKey\u0022: \u0022bar1\u0022, \u0022RowKey@odata.type\u0022: \u0022Edm.String\u0022, \u0022IsAdmin\u0022: \u0022admin\u0022, \u0022IsAdmin@odata.type\u0022: \u0022Edm.String\u0022}",
      "StatusCode": 201,
      "ResponseHeaders": {
        "Cache-Control": "no-cache",
        "Content-Type": "application/json; odata=minimalmetadata; streaming=true; charset=utf-8",
        "Date": "Mon, 20 Sep 2021 22:03:56 GMT",
        "ETag": "W/\u0022datetime\u00272021-09-20T22%3A03%3A57.593276Z\u0027\u0022",
        "Location": "https://yalltbtestsprim.table.core.windows.net/queryasynctableaf332de6(PartitionKey=\u0027foo\u0027,RowKey=\u0027bar1\u0027)",
        "Server": [
          "Windows-Azure-Table/1.0",
          "Microsoft-HTTPAPI/2.0"
        ],
        "Transfer-Encoding": "chunked",
        "X-Content-Type-Options": "nosniff",
        "x-ms-client-request-id": "a7394d64-1a5e-11ec-aa58-5cf37093a909",
        "x-ms-request-id": "41382f07-2002-004e-5f6b-ae8313000000",
        "x-ms-version": "2019-02-02"
      },
      "ResponseBody": {
        "odata.metadata": "https://yalltbtestsprim.table.core.windows.net/$metadata#queryasynctableaf332de6/@Element",
        "odata.etag": "W/\u0022datetime\u00272021-09-20T22%3A03%3A57.593276Z\u0027\u0022",
        "PartitionKey": "foo",
        "RowKey": "bar1",
        "Timestamp": "2021-09-20T22:03:57.593276Z",
        "IsAdmin": "admin"
      }
    },
    {
      "RequestUri": "https://yalltbtestsprim.table.core.windows.net/queryasynctableaf332de6",
      "RequestMethod": "POST",
      "RequestHeaders": {
        "Accept": "application/json;odata=minimalmetadata",
        "Accept-Encoding": "gzip, deflate",
        "Authorization": "Sanitized",
        "Content-Length": "168",
        "Content-Type": "application/json;odata=nometadata",
        "DataServiceVersion": "3.0",
        "Date": "Mon, 20 Sep 2021 22:03:57 GMT",
        "User-Agent": "azsdk-python-data-tables/12.1.1 Python/3.9.2 (Windows-10-10.0.19041-SP0)",
        "x-ms-client-request-id": "a73d85ce-1a5e-11ec-a03e-5cf37093a909",
        "x-ms-date": "Mon, 20 Sep 2021 22:03:57 GMT",
        "x-ms-version": "2019-02-02"
      },
      "RequestBody": "{\u0022PartitionKey\u0022: \u0022foo\u0022, \u0022PartitionKey@odata.type\u0022: \u0022Edm.String\u0022, \u0022RowKey\u0022: \u0022bar2\u0022, \u0022RowKey@odata.type\u0022: \u0022Edm.String\u0022, \u0022IsAdmin\u0022: \u0022\u0022, \u0022IsAdmin@odata.type\u0022: \u0022Edm.String\u0022}",
      "StatusCode": 201,
      "ResponseHeaders": {
        "Cache-Control": "no-cache",
        "Content-Type": "application/json; odata=minimalmetadata; streaming=true; charset=utf-8",
        "Date": "Mon, 20 Sep 2021 22:03:56 GMT",
        "ETag": "W/\u0022datetime\u00272021-09-20T22%3A03%3A57.6252985Z\u0027\u0022",
        "Location": "https://yalltbtestsprim.table.core.windows.net/queryasynctableaf332de6(PartitionKey=\u0027foo\u0027,RowKey=\u0027bar2\u0027)",
        "Server": [
          "Windows-Azure-Table/1.0",
          "Microsoft-HTTPAPI/2.0"
        ],
        "Transfer-Encoding": "chunked",
        "X-Content-Type-Options": "nosniff",
        "x-ms-client-request-id": "a73d85ce-1a5e-11ec-a03e-5cf37093a909",
        "x-ms-request-id": "41382f09-2002-004e-616b-ae8313000000",
        "x-ms-version": "2019-02-02"
      },
      "ResponseBody": {
        "odata.metadata": "https://yalltbtestsprim.table.core.windows.net/$metadata#queryasynctableaf332de6/@Element",
        "odata.etag": "W/\u0022datetime\u00272021-09-20T22%3A03%3A57.6252985Z\u0027\u0022",
        "PartitionKey": "foo",
        "RowKey": "bar2",
        "Timestamp": "2021-09-20T22:03:57.6252985Z",
        "IsAdmin": ""
      }
    },
    {
      "RequestUri": "https://yalltbtestsprim.table.core.windows.net/queryasynctableaf332de6()?$filter=PartitionKey eq \u0027foo\u0027 and IsAdmin eq \u0027admin\u0027",
      "RequestMethod": "GET",
      "RequestHeaders": {
        "Accept": "application/json;odata=minimalmetadata",
        "Accept-Encoding": "gzip, deflate",
        "Authorization": "Sanitized",
        "DataServiceVersion": "3.0",
        "Date": "Mon, 20 Sep 2021 22:03:57 GMT",
        "User-Agent": "azsdk-python-data-tables/12.1.1 Python/3.9.2 (Windows-10-10.0.19041-SP0)",
        "x-ms-client-request-id": "a7425475-1a5e-11ec-bc69-5cf37093a909",
        "x-ms-date": "Mon, 20 Sep 2021 22:03:57 GMT",
        "x-ms-version": "2019-02-02"
      },
      "RequestBody": null,
      "StatusCode": 200,
      "ResponseHeaders": {
        "Cache-Control": "no-cache",
        "Content-Type": "application/json; odata=minimalmetadata; streaming=true; charset=utf-8",
        "Date": "Mon, 20 Sep 2021 22:03:56 GMT",
        "Server": [
          "Windows-Azure-Table/1.0",
          "Microsoft-HTTPAPI/2.0"
        ],
        "Transfer-Encoding": "chunked",
        "Vary": "Origin",
        "X-Content-Type-Options": "nosniff",
        "x-ms-client-request-id": "a7425475-1a5e-11ec-bc69-5cf37093a909",
        "x-ms-request-id": "41382f10-2002-004e-666b-ae8313000000",
        "x-ms-version": "2019-02-02"
      },
      "ResponseBody": {
        "odata.metadata": "https://yalltbtestsprim.table.core.windows.net/$metadata#queryasynctableaf332de6",
        "value": [
          {
            "odata.etag": "W/\u0022datetime\u00272021-09-20T22%3A03%3A57.593276Z\u0027\u0022",
            "PartitionKey": "foo",
            "RowKey": "bar1",
            "Timestamp": "2021-09-20T22:03:57.593276Z",
            "IsAdmin": "admin"
          }
        ]
      }
    },
    {
      "RequestUri": "https://yalltbtestsprim.table.core.windows.net/queryasynctableaf332de6()?$filter=PartitionKey eq \u0027foo\u0027 or RowKey eq \u0027bar2\u0027 and IsAdmin eq \u0027admin\u0027",
      "RequestMethod": "GET",
      "RequestHeaders": {
        "Accept": "application/json;odata=minimalmetadata",
        "Accept-Encoding": "gzip, deflate",
        "Authorization": "Sanitized",
        "DataServiceVersion": "3.0",
        "Date": "Mon, 20 Sep 2021 22:03:57 GMT",
        "User-Agent": "azsdk-python-data-tables/12.1.1 Python/3.9.2 (Windows-10-10.0.19041-SP0)",
        "x-ms-client-request-id": "a7454bae-1a5e-11ec-a7a5-5cf37093a909",
        "x-ms-date": "Mon, 20 Sep 2021 22:03:57 GMT",
        "x-ms-version": "2019-02-02"
      },
      "RequestBody": null,
      "StatusCode": 200,
      "ResponseHeaders": {
        "Cache-Control": "no-cache",
        "Content-Type": "application/json; odata=minimalmetadata; streaming=true; charset=utf-8",
        "Date": "Mon, 20 Sep 2021 22:03:56 GMT",
        "Server": [
          "Windows-Azure-Table/1.0",
          "Microsoft-HTTPAPI/2.0"
        ],
        "Transfer-Encoding": "chunked",
        "Vary": "Origin",
        "X-Content-Type-Options": "nosniff",
        "x-ms-client-request-id": "a7454bae-1a5e-11ec-a7a5-5cf37093a909",
        "x-ms-request-id": "41382f11-2002-004e-676b-ae8313000000",
        "x-ms-version": "2019-02-02"
      },
      "ResponseBody": {
        "odata.metadata": "https://yalltbtestsprim.table.core.windows.net/$metadata#queryasynctableaf332de6",
        "value": [
          {
            "odata.etag": "W/\u0022datetime\u00272021-09-20T22%3A03%3A57.593276Z\u0027\u0022",
            "PartitionKey": "foo",
            "RowKey": "bar1",
            "Timestamp": "2021-09-20T22:03:57.593276Z",
            "IsAdmin": "admin"
          },
          {
            "odata.etag": "W/\u0022datetime\u00272021-09-20T22%3A03%3A57.6252985Z\u0027\u0022",
            "PartitionKey": "foo",
            "RowKey": "bar2",
            "Timestamp": "2021-09-20T22:03:57.6252985Z",
            "IsAdmin": ""
          }
        ]
      }
    },
    {
      "RequestUri": "https://yalltbtestsprim.table.core.windows.net/queryasynctableaf332de6()?$filter=PartitionKey eq \u0027foo\u0027\u0027 or RowKey eq \u0027\u0027bar2\u0027 and IsAdmin eq \u0027admin\u0027",
      "RequestMethod": "GET",
      "RequestHeaders": {
        "Accept": "application/json;odata=minimalmetadata",
        "Accept-Encoding": "gzip, deflate",
        "Authorization": "Sanitized",
        "DataServiceVersion": "3.0",
        "Date": "Mon, 20 Sep 2021 22:03:57 GMT",
        "User-Agent": "azsdk-python-data-tables/12.1.1 Python/3.9.2 (Windows-10-10.0.19041-SP0)",
        "x-ms-client-request-id": "a748384e-1a5e-11ec-9858-5cf37093a909",
        "x-ms-date": "Mon, 20 Sep 2021 22:03:57 GMT",
        "x-ms-version": "2019-02-02"
      },
      "RequestBody": null,
      "StatusCode": 200,
      "ResponseHeaders": {
        "Cache-Control": "no-cache",
        "Content-Type": "application/json; odata=minimalmetadata; streaming=true; charset=utf-8",
        "Date": "Mon, 20 Sep 2021 22:03:56 GMT",
        "Server": [
          "Windows-Azure-Table/1.0",
          "Microsoft-HTTPAPI/2.0"
        ],
        "Transfer-Encoding": "chunked",
        "Vary": "Origin",
        "X-Content-Type-Options": "nosniff",
        "x-ms-client-request-id": "a748384e-1a5e-11ec-9858-5cf37093a909",
        "x-ms-request-id": "41382f12-2002-004e-686b-ae8313000000",
        "x-ms-version": "2019-02-02"
      },
      "ResponseBody": {
        "odata.metadata": "https://yalltbtestsprim.table.core.windows.net/$metadata#queryasynctableaf332de6",
        "value": []
      }
    },
    {
      "RequestUri": "https://yalltbtestsprim.table.core.windows.net/Tables(\u0027queryasynctableaf332de6\u0027)",
      "RequestMethod": "DELETE",
      "RequestHeaders": {
        "Accept": "application/json",
        "Accept-Encoding": "gzip, deflate",
        "Authorization": "Sanitized",
        "Content-Length": "0",
        "Date": "Mon, 20 Sep 2021 22:03:57 GMT",
        "User-Agent": "azsdk-python-data-tables/12.1.1 Python/3.9.2 (Windows-10-10.0.19041-SP0)",
        "x-ms-client-request-id": "a74b170e-1a5e-11ec-a16e-5cf37093a909",
        "x-ms-date": "Mon, 20 Sep 2021 22:03:57 GMT",
        "x-ms-version": "2019-02-02"
      },
      "RequestBody": null,
      "StatusCode": 204,
      "ResponseHeaders": {
        "Cache-Control": "no-cache",
        "Content-Length": "0",
        "Date": "Mon, 20 Sep 2021 22:03:56 GMT",
        "Server": [
          "Windows-Azure-Table/1.0",
          "Microsoft-HTTPAPI/2.0"
        ],
        "X-Content-Type-Options": "nosniff",
        "x-ms-client-request-id": "a74b170e-1a5e-11ec-a16e-5cf37093a909",
        "x-ms-request-id": "41382f19-2002-004e-6b6b-ae8313000000",
        "x-ms-version": "2019-02-02"
      },
      "ResponseBody": null
    },
    {
      "RequestUri": "https://yalltbtestsprim.table.core.windows.net/Tables",
      "RequestMethod": "GET",
      "RequestHeaders": {
        "Accept": "application/json;odata=minimalmetadata",
        "Accept-Encoding": "gzip, deflate",
        "Authorization": "Sanitized",
        "DataServiceVersion": "3.0",
        "Date": "Mon, 20 Sep 2021 22:03:57 GMT",
        "User-Agent": "azsdk-python-data-tables/12.1.1 Python/3.9.2 (Windows-10-10.0.19041-SP0)",
        "x-ms-client-request-id": "a74e9ff5-1a5e-11ec-b8cd-5cf37093a909",
        "x-ms-date": "Mon, 20 Sep 2021 22:03:57 GMT",
        "x-ms-version": "2019-02-02"
      },
      "RequestBody": null,
      "StatusCode": 200,
      "ResponseHeaders": {
        "Cache-Control": "no-cache",
        "Content-Type": "application/json; odata=minimalmetadata; streaming=true; charset=utf-8",
        "Date": "Mon, 20 Sep 2021 22:03:56 GMT",
        "Server": [
          "Windows-Azure-Table/1.0",
          "Microsoft-HTTPAPI/2.0"
        ],
        "Transfer-Encoding": "chunked",
        "Vary": "Origin",
        "X-Content-Type-Options": "nosniff",
        "x-ms-client-request-id": "a74e9ff5-1a5e-11ec-b8cd-5cf37093a909",
        "x-ms-request-id": "41382f1d-2002-004e-6d6b-ae8313000000",
        "x-ms-version": "2019-02-02"
      },
      "ResponseBody": {
        "odata.metadata": "https://yalltbtestsprim.table.core.windows.net/$metadata#Tables",
        "value": [
          {
            "TableName": "uttableaf332de6"
          }
        ]
      }
    },
    {
      "RequestUri": "https://yalltbtestsprim.table.core.windows.net/Tables(\u0027uttableaf332de6\u0027)",
      "RequestMethod": "DELETE",
      "RequestHeaders": {
        "Accept": "application/json",
        "Accept-Encoding": "gzip, deflate",
        "Authorization": "Sanitized",
        "Content-Length": "0",
        "Date": "Mon, 20 Sep 2021 22:03:57 GMT",
        "User-Agent": "azsdk-python-data-tables/12.1.1 Python/3.9.2 (Windows-10-10.0.19041-SP0)",
        "x-ms-client-request-id": "a75188b7-1a5e-11ec-8475-5cf37093a909",
        "x-ms-date": "Mon, 20 Sep 2021 22:03:57 GMT",
        "x-ms-version": "2019-02-02"
      },
      "RequestBody": null,
      "StatusCode": 204,
      "ResponseHeaders": {
        "Cache-Control": "no-cache",
        "Content-Length": "0",
        "Date": "Mon, 20 Sep 2021 22:03:56 GMT",
        "Server": [
          "Windows-Azure-Table/1.0",
          "Microsoft-HTTPAPI/2.0"
        ],
        "X-Content-Type-Options": "nosniff",
        "x-ms-client-request-id": "a75188b7-1a5e-11ec-8475-5cf37093a909",
        "x-ms-request-id": "41382f1e-2002-004e-6e6b-ae8313000000",
        "x-ms-version": "2019-02-02"
      },
      "ResponseBody": null
    }
  ],
  "Variables": {}
}
