interactions:
- request:
    body: '{"TableName": "uttablebce617ff"}'
    headers:
      Accept:
      - application/json;odata=minimalmetadata
      Accept-Encoding:
      - gzip, deflate
      Connection:
      - keep-alive
      Content-Length:
      - '32'
      Content-Type:
      - application/json;odata=nometadata
      DataServiceVersion:
      - '3.0'
      Date:
      - Wed, 07 Apr 2021 19:56:28 GMT
      User-Agent:
      - azsdk-python-data-tables/12.0.0b7 Python/3.9.0rc1 (Windows-10-10.0.19041-SP0)
      x-ms-date:
      - Wed, 07 Apr 2021 19:56:28 GMT
      x-ms-version:
      - '2019-02-02'
    method: POST
    uri: https://fake_cosmos_account.table.cosmos.azure.com/Tables
  response:
    body:
      string: '{"TableName":"uttablebce617ff","odata.metadata":"https://fake_cosmos_account.table.cosmos.azure.com/$metadata#Tables/@Element"}'
    headers:
      content-type:
      - application/json;odata=minimalmetadata
      date:
      - Wed, 07 Apr 2021 19:56:29 GMT
      etag:
      - W/"datetime'2021-04-07T19%3A56%3A29.6668168Z'"
      location:
      - https://fake_cosmos_account.table.cosmos.azure.com/Tables('uttablebce617ff')
      server:
      - Microsoft-HTTPAPI/2.0
      transfer-encoding:
      - chunked
    status:
      code: 201
      message: Ok
- request:
    body: "--batch_32ea434d-f5c0-483f-a8ed-deaa302d9e5a\r\nContent-Type: multipart/mixed;\
      \ boundary=changeset_92cdb1d8-9757-47e7-b7d1-f5dfc3e6573e\r\n\r\n--changeset_92cdb1d8-9757-47e7-b7d1-f5dfc3e6573e\r\
      \nContent-Type: application/http\r\nContent-Transfer-Encoding: binary\r\nContent-ID:\
      \ 0\r\n\r\nDELETE https://seankaneprim.table.cosmos.azure.com/uttablebce617ff(PartitionKey='001',RowKey='batch_negative_1')\
      \ HTTP/1.1\r\nx-ms-version: 2019-02-02\r\nDataServiceVersion: 3.0\r\nIf-Match:\
      \ *\r\nAccept: application/json;odata=minimalmetadata\r\nx-ms-date: Wed, 07\
      \ Apr 2021 19:56:29 GMT\r\nDate: Wed, 07 Apr 2021 19:56:29 GMT\r\nx-ms-client-request-id:\
      \ 584738c3-97db-11eb-9a26-58961df361ce\r\n\r\n\r\n--changeset_92cdb1d8-9757-47e7-b7d1-f5dfc3e6573e--\r\
      \n\r\n--batch_32ea434d-f5c0-483f-a8ed-deaa302d9e5a--\r\n"
    headers:
      Accept:
      - '*/*'
      Accept-Encoding:
      - gzip, deflate
      Connection:
      - keep-alive
      Content-Length:
      - '752'
      Content-Type:
      - multipart/mixed; boundary=batch_32ea434d-f5c0-483f-a8ed-deaa302d9e5a
      DataServiceVersion:
      - '3.0'
      Date:
      - Wed, 07 Apr 2021 19:56:29 GMT
      MaxDataServiceVersion:
      - 3.0;NetFx
      User-Agent:
      - azsdk-python-data-tables/12.0.0b7 Python/3.9.0rc1 (Windows-10-10.0.19041-SP0)
      x-ms-date:
      - Wed, 07 Apr 2021 19:56:29 GMT
      x-ms-version:
      - '2019-02-02'
    method: POST
    uri: https://fake_cosmos_account.table.cosmos.azure.com/$batch
  response:
    body:
      string: "--batchresponse_1d86f077-d120-404f-80fe-fb3455ea1e53\nContent-Type:\
        \ multipart/mixed; boundary=changesetresponse_71382289-de03-48e8-9be7-0eee81539c8f\r\
        \n\r\n--changesetresponse_71382289-de03-48e8-9be7-0eee81539c8f\nContent-Type:\
        \ application/http\nContent-Transfer-Encoding: binary\n\nHTTP/1.1 404 Not\
        \ Found\r\nContent-Type: application/json;odata=fullmetadata\r\n\r\n{\"odata.error\"\
        :{\"code\":\"ResourceNotFound\",\"message\":{\"lang\":\"en-us\",\"value\"\
        :\"0:The specified resource does not exist.\\n\\nRequestID:58487ca1-97db-11eb-b94d-58961df361ce\\\
        n\"}}}\r\n--changesetresponse_71382289-de03-48e8-9be7-0eee81539c8f--\n--batchresponse_1d86f077-d120-404f-80fe-fb3455ea1e53--\r\
        \n"
    headers:
      content-type:
      - multipart/mixed; boundary=batchresponse_1d86f077-d120-404f-80fe-fb3455ea1e53
      date:
      - Wed, 07 Apr 2021 19:56:30 GMT
      server:
      - Microsoft-HTTPAPI/2.0
      transfer-encoding:
      - chunked
    status:
      code: 202
      message: Accepted
- request:
    body: null
    headers:
      Accept:
      - application/json
      Accept-Encoding:
      - gzip, deflate
      Connection:
      - keep-alive
      Content-Length:
      - '0'
      Date:
      - Wed, 07 Apr 2021 19:56:30 GMT
      User-Agent:
      - azsdk-python-data-tables/12.0.0b7 Python/3.9.0rc1 (Windows-10-10.0.19041-SP0)
      x-ms-date:
      - Wed, 07 Apr 2021 19:56:30 GMT
      x-ms-version:
      - '2019-02-02'
    method: DELETE
    uri: https://fake_cosmos_account.table.cosmos.azure.com/Tables('uttablebce617ff')
  response:
    body:
      string: ''
    headers:
      content-length:
      - '0'
      date:
      - Wed, 07 Apr 2021 19:56:30 GMT
      server:
      - Microsoft-HTTPAPI/2.0
    status:
      code: 204
      message: No Content
version: 1
