interactions:
- request:
    body: '{"TableName": "pytableasync52c11a38"}'
    headers:
      Accept:
      - application/json;odata=minimalmetadata
      Content-Length:
      - '37'
      Content-Type:
      - application/json;odata=nometadata
      DataServiceVersion:
      - '3.0'
      Date:
      - Tue, 08 Jun 2021 02:27:59 GMT
      User-Agent:
      - azsdk-python-data-tables/12.0.0 Python/3.7.4 (Windows-10-10.0.19041-SP0)
      x-ms-date:
      - Tue, 08 Jun 2021 02:27:59 GMT
      x-ms-version:
      - '2019-02-02'
    method: POST
    uri: https://fake_table_account.table.core.windows.net/Tables
  response:
    body:
      string: '{"odata.metadata":"https://fake_table_account.table.core.windows.net/$metadata#Tables/@Element","TableName":"pytableasync52c11a38"}'
    headers:
      cache-control: no-cache
      content-type: application/json;odata=minimalmetadata;streaming=true;charset=utf-8
      date: Tue, 08 Jun 2021 02:27:58 GMT
      location: https://fake_table_account.table.core.windows.net/Tables('pytableasync52c11a38')
      server: Windows-Azure-Table/1.0 Microsoft-HTTPAPI/2.0
      transfer-encoding: chunked
      x-content-type-options: nosniff
      x-ms-version: '2019-02-02'
    status:
      code: 201
      message: Created
    url: https://seankaneprim.table.core.windows.net/Tables
- request:
    body: '<?xml version=''1.0'' encoding=''utf-8''?>

      <SignedIdentifiers><SignedIdentifier><Id>null</Id></SignedIdentifier><SignedIdentifier><Id>empty</Id><AccessPolicy
      /></SignedIdentifier><SignedIdentifier><Id>partial</Id><AccessPolicy><Permission>r</Permission></AccessPolicy></SignedIdentifier><SignedIdentifier><Id>full</Id><AccessPolicy><Start>2021-06-08T02:10:09Z</Start><Expiry>2021-06-08T02:10:09Z</Expiry><Permission>r</Permission></AccessPolicy></SignedIdentifier></SignedIdentifiers>'
    headers:
      Accept:
      - application/xml
      Content-Length:
      - '480'
      Content-Type:
      - application/xml
      Date:
      - Tue, 08 Jun 2021 02:27:59 GMT
      User-Agent:
      - azsdk-python-data-tables/12.0.0 Python/3.7.4 (Windows-10-10.0.19041-SP0)
      x-ms-date:
      - Tue, 08 Jun 2021 02:27:59 GMT
      x-ms-version:
      - '2019-02-02'
    method: PUT
    uri: https://fake_table_account.table.core.windows.net/pytableasync52c11a38?comp=acl
  response:
    body:
      string: ''
    headers:
      content-length: '0'
      date: Tue, 08 Jun 2021 02:27:58 GMT
      server: Windows-Azure-Table/1.0 Microsoft-HTTPAPI/2.0
      x-ms-version: '2019-02-02'
    status:
      code: 204
      message: No Content
    url: https://seankaneprim.table.core.windows.net/pytableasync52c11a38?comp=acl
- request:
    body: null
    headers:
      Accept:
      - application/xml
      Date:
      - Tue, 08 Jun 2021 02:27:59 GMT
      User-Agent:
      - azsdk-python-data-tables/12.0.0 Python/3.7.4 (Windows-10-10.0.19041-SP0)
      x-ms-date:
      - Tue, 08 Jun 2021 02:27:59 GMT
      x-ms-version:
      - '2019-02-02'
    method: GET
    uri: https://fake_table_account.table.core.windows.net/pytableasync52c11a38?comp=acl
  response:
    body:
      string: "\uFEFF<?xml version=\"1.0\" encoding=\"utf-8\"?><SignedIdentifiers><SignedIdentifier><Id>null</Id></SignedIdentifier><SignedIdentifier><Id>empty</Id></SignedIdentifier><SignedIdentifier><Id>partial</Id><AccessPolicy><Permission>r</Permission></AccessPolicy></SignedIdentifier><SignedIdentifier><Id>full</Id><AccessPolicy><Start>2021-06-08T02:10:09.0000000Z</Start><Expiry>2021-06-08T02:10:09.0000000Z</Expiry><Permission>r</Permission></AccessPolicy></SignedIdentifier></SignedIdentifiers>"
    headers:
      content-type: application/xml
      date: Tue, 08 Jun 2021 02:27:58 GMT
      server: Windows-Azure-Table/1.0 Microsoft-HTTPAPI/2.0
      transfer-encoding: chunked
      x-ms-version: '2019-02-02'
    status:
      code: 200
      message: OK
    url: https://seankaneprim.table.core.windows.net/pytableasync52c11a38?comp=acl
- request:
    body: '<?xml version=''1.0'' encoding=''utf-8''?>

      <SignedIdentifiers><SignedIdentifier><Id>null</Id></SignedIdentifier><SignedIdentifier><Id>partial</Id></SignedIdentifier><SignedIdentifier><Id>full</Id><AccessPolicy><Start>2021-06-08T02:10:09Z</Start><Expiry>2021-06-08T02:10:09Z</Expiry><Permission>r</Permission></AccessPolicy></SignedIdentifier></SignedIdentifiers>'
    headers:
      Accept:
      - application/xml
      Content-Length:
      - '358'
      Content-Type:
      - application/xml
      Date:
      - Tue, 08 Jun 2021 02:27:59 GMT
      User-Agent:
      - azsdk-python-data-tables/12.0.0 Python/3.7.4 (Windows-10-10.0.19041-SP0)
      x-ms-date:
      - Tue, 08 Jun 2021 02:27:59 GMT
      x-ms-version:
      - '2019-02-02'
    method: PUT
    uri: https://fake_table_account.table.core.windows.net/pytableasync52c11a38?comp=acl
  response:
    body:
      string: ''
    headers:
      content-length: '0'
      date: Tue, 08 Jun 2021 02:27:58 GMT
      server: Windows-Azure-Table/1.0 Microsoft-HTTPAPI/2.0
      x-ms-version: '2019-02-02'
    status:
      code: 204
      message: No Content
    url: https://seankaneprim.table.core.windows.net/pytableasync52c11a38?comp=acl
- request:
    body: null
    headers:
      Accept:
      - application/xml
      Date:
      - Tue, 08 Jun 2021 02:27:59 GMT
      User-Agent:
      - azsdk-python-data-tables/12.0.0 Python/3.7.4 (Windows-10-10.0.19041-SP0)
      x-ms-date:
      - Tue, 08 Jun 2021 02:27:59 GMT
      x-ms-version:
      - '2019-02-02'
    method: GET
    uri: https://fake_table_account.table.core.windows.net/pytableasync52c11a38?comp=acl
  response:
    body:
      string: "\uFEFF<?xml version=\"1.0\" encoding=\"utf-8\"?><SignedIdentifiers><SignedIdentifier><Id>null</Id></SignedIdentifier><SignedIdentifier><Id>partial</Id></SignedIdentifier><SignedIdentifier><Id>full</Id><AccessPolicy><Start>2021-06-08T02:10:09.0000000Z</Start><Expiry>2021-06-08T02:10:09.0000000Z</Expiry><Permission>r</Permission></AccessPolicy></SignedIdentifier></SignedIdentifiers>"
    headers:
      content-type: application/xml
      date: Tue, 08 Jun 2021 02:27:59 GMT
      server: Windows-Azure-Table/1.0 Microsoft-HTTPAPI/2.0
      transfer-encoding: chunked
      x-ms-version: '2019-02-02'
    status:
      code: 200
      message: OK
    url: https://seankaneprim.table.core.windows.net/pytableasync52c11a38?comp=acl
- request:
    body: null
    headers:
      Accept:
      - application/json
      Date:
      - Tue, 08 Jun 2021 02:27:59 GMT
      User-Agent:
      - azsdk-python-data-tables/12.0.0 Python/3.7.4 (Windows-10-10.0.19041-SP0)
      x-ms-date:
      - Tue, 08 Jun 2021 02:27:59 GMT
      x-ms-version:
      - '2019-02-02'
    method: DELETE
    uri: https://fake_table_account.table.core.windows.net/Tables('pytableasync52c11a38')
  response:
    body:
      string: ''
    headers:
      cache-control: no-cache
      content-length: '0'
      date: Tue, 08 Jun 2021 02:27:59 GMT
      server: Windows-Azure-Table/1.0 Microsoft-HTTPAPI/2.0
      x-content-type-options: nosniff
      x-ms-version: '2019-02-02'
    status:
      code: 204
      message: No Content
    url: https://seankaneprim.table.core.windows.net/Tables('pytableasync52c11a38')
version: 1
