interactions:
- request:
    body: '{"TableName": "uttablee64a13f7"}'
    headers:
      Accept:
      - application/json;odata=minimalmetadata
      Accept-Encoding:
      - gzip, deflate
      Connection:
      - keep-alive
      Content-Length:
      - '32'
      Content-Type:
      - application/json;odata=nometadata
      DataServiceVersion:
      - '3.0'
      Date:
      - Thu, 20 Aug 2020 20:16:46 GMT
      User-Agent:
      - azsdk-python-data-tables/2019-07-07 Python/3.8.4 (Windows-10-10.0.19041-SP0)
      x-ms-date:
      - Thu, 20 Aug 2020 20:16:46 GMT
      x-ms-version:
      - '2019-07-07'
    method: POST
    uri: https://storagename.table.core.windows.net/Tables
  response:
    body:
      string: '{"odata.metadata":"https://storagename.table.core.windows.net/$metadata#Tables/@Element","TableName":"uttablee64a13f7"}'
    headers:
      cache-control:
      - no-cache
      content-type:
      - application/json;odata=minimalmetadata;streaming=true;charset=utf-8
      date:
      - Thu, 20 Aug 2020 20:16:46 GMT
      location:
      - https://storagename.table.core.windows.net/Tables('uttablee64a13f7')
      server:
      - Windows-Azure-Table/1.0 Microsoft-HTTPAPI/2.0
      transfer-encoding:
      - chunked
      x-content-type-options:
      - nosniff
      x-ms-version:
      - '2019-07-07'
    status:
      code: 201
      message: Created
- request:
    body: '{"PartitionKey": "pke64a13f7", "RowKey": "rke64a13f7", "age": "abc", "sex":
      "female", "sign": "aquarius", "birthday": "1991-10-04T00:00:00Z", "birthday@odata.type":
      "Edm.DateTime"}'
    headers:
      Accept:
      - '*/*'
      Accept-Encoding:
      - gzip, deflate
      Connection:
      - keep-alive
      Content-Length:
      - '180'
      Content-Type:
      - application/json
      DataServiceVersion:
      - '3.0'
      Date:
      - Thu, 20 Aug 2020 20:16:46 GMT
      If-Match:
      - '*'
      User-Agent:
      - azsdk-python-data-tables/2019-07-07 Python/3.8.4 (Windows-10-10.0.19041-SP0)
      x-ms-date:
      - Thu, 20 Aug 2020 20:16:46 GMT
      x-ms-version:
      - '2019-07-07'
    method: PATCH
    uri: https://storagename.table.core.windows.net/uttablee64a13f7(PartitionKey='pke64a13f7',RowKey='rke64a13f7')
  response:
    body:
      string: '<?xml version="1.0" encoding="utf-8"?><error xmlns="http://schemas.microsoft.com/ado/2007/08/dataservices/metadata"><code>ResourceNotFound</code><message
        xml:lang="en-US">The specified resource does not exist.

        RequestId:7f5ea233-d002-0081-2e2e-77465f000000

        Time:2020-08-20T20:16:46.7432094Z</message></error>'
    headers:
      cache-control:
      - no-cache
      content-type:
      - application/xml;charset=utf-8
      date:
      - Thu, 20 Aug 2020 20:16:46 GMT
      server:
      - Windows-Azure-Table/1.0 Microsoft-HTTPAPI/2.0
      transfer-encoding:
      - chunked
      x-content-type-options:
      - nosniff
      x-ms-version:
      - '2019-07-07'
    status:
      code: 404
      message: Not Found
- request:
    body: null
    headers:
      Accept:
      - '*/*'
      Accept-Encoding:
      - gzip, deflate
      Connection:
      - keep-alive
      Content-Length:
      - '0'
      Date:
      - Thu, 20 Aug 2020 20:16:46 GMT
      User-Agent:
      - azsdk-python-data-tables/2019-07-07 Python/3.8.4 (Windows-10-10.0.19041-SP0)
      x-ms-date:
      - Thu, 20 Aug 2020 20:16:46 GMT
      x-ms-version:
      - '2019-07-07'
    method: DELETE
    uri: https://storagename.table.core.windows.net/Tables('uttablee64a13f7')
  response:
    body:
      string: ''
    headers:
      cache-control:
      - no-cache
      content-length:
      - '0'
      date:
      - Thu, 20 Aug 2020 20:16:46 GMT
      server:
      - Windows-Azure-Table/1.0 Microsoft-HTTPAPI/2.0
      x-content-type-options:
      - nosniff
      x-ms-version:
      - '2019-07-07'
    status:
      code: 204
      message: No Content
version: 1
