interactions:
- request:
    body: '{"TableName": "uttable3b161586"}'
    headers:
      Accept:
      - application/json;odata=minimalmetadata
      Accept-Encoding:
      - gzip, deflate
      Connection:
      - keep-alive
      Content-Length:
      - '32'
      Content-Type:
      - application/json;odata=nometadata
      DataServiceVersion:
      - '3.0'
      Date:
      - Wed, 26 May 2021 17:25:02 GMT
      User-Agent:
      - azsdk-python-data-tables/12.0.0b7 Python/3.7.4 (Windows-10-10.0.19041-SP0)
      x-ms-date:
      - Wed, 26 May 2021 17:25:02 GMT
      x-ms-version:
      - '2019-02-02'
    method: POST
    uri: https://fake_cosmos_account.table.cosmos.azure.com/Tables
  response:
    body:
      string: '{"TableName":"uttable3b161586","odata.metadata":"https://fake_cosmos_account.table.cosmos.azure.com/$metadata#Tables/@Element"}'
    headers:
      content-type:
      - application/json;odata=minimalmetadata
      date:
      - Wed, 26 May 2021 17:25:03 GMT
      etag:
      - W/"datetime'2021-05-26T17%3A25%3A03.2772616Z'"
      location:
      - https://fake_cosmos_account.table.cosmos.azure.com/Tables('uttable3b161586')
      server:
      - Microsoft-HTTPAPI/2.0
      transfer-encoding:
      - chunked
    status:
      code: 201
      message: Ok
- request:
    body: '{"PartitionKey": "PK", "PartitionKey@odata.type": "Edm.String", "RowKey":
      "table@storage.com0", "RowKey@odata.type": "Edm.String", "Value": 100}'
    headers:
      Accept:
      - application/json;odata=minimalmetadata
      Accept-Encoding:
      - gzip, deflate
      Connection:
      - keep-alive
      Content-Length:
      - '144'
      Content-Type:
      - application/json;odata=nometadata
      DataServiceVersion:
      - '3.0'
      Date:
      - Wed, 26 May 2021 17:25:03 GMT
      User-Agent:
      - azsdk-python-data-tables/12.0.0b7 Python/3.7.4 (Windows-10-10.0.19041-SP0)
      x-ms-date:
      - Wed, 26 May 2021 17:25:03 GMT
      x-ms-version:
      - '2019-02-02'
    method: POST
    uri: https://fake_cosmos_account.table.cosmos.azure.com/uttable3b161586
  response:
    body:
      string: '{"odata.metadata":"https://fake_cosmos_account.table.cosmos.azure.com/uttable3b161586/$metadata#uttable3b161586/@Element","odata.etag":"W/\"datetime''2021-05-26T17%3A25%3A03.6945416Z''\"","PartitionKey":"PK","RowKey":"table@storage.com0","Value":100,"Timestamp":"2021-05-26T17:25:03.6945416Z"}'
    headers:
      content-type:
      - application/json;odata=minimalmetadata
      date:
      - Wed, 26 May 2021 17:25:03 GMT
      etag:
      - W/"datetime'2021-05-26T17%3A25%3A03.6945416Z'"
      location:
      - https://fake_cosmos_account.table.cosmos.azure.com/uttable3b161586(PartitionKey='PK',RowKey='table@storage.com0')
      server:
      - Microsoft-HTTPAPI/2.0
      transfer-encoding:
      - chunked
    status:
      code: 201
      message: Created
- request:
    body: '{"PartitionKey": "PK", "PartitionKey@odata.type": "Edm.String", "RowKey":
      "table@storage.com01", "RowKey@odata.type": "Edm.String", "Value": 101}'
    headers:
      Accept:
      - application/json;odata=minimalmetadata
      Accept-Encoding:
      - gzip, deflate
      Connection:
      - keep-alive
      Content-Length:
      - '145'
      Content-Type:
      - application/json;odata=nometadata
      DataServiceVersion:
      - '3.0'
      Date:
      - Wed, 26 May 2021 17:25:03 GMT
      User-Agent:
      - azsdk-python-data-tables/12.0.0b7 Python/3.7.4 (Windows-10-10.0.19041-SP0)
      x-ms-date:
      - Wed, 26 May 2021 17:25:03 GMT
      x-ms-version:
      - '2019-02-02'
    method: POST
    uri: https://fake_cosmos_account.table.cosmos.azure.com/uttable3b161586
  response:
    body:
      string: '{"odata.metadata":"https://fake_cosmos_account.table.cosmos.azure.com/uttable3b161586/$metadata#uttable3b161586/@Element","odata.etag":"W/\"datetime''2021-05-26T17%3A25%3A03.8189576Z''\"","PartitionKey":"PK","RowKey":"table@storage.com01","Value":101,"Timestamp":"2021-05-26T17:25:03.8189576Z"}'
    headers:
      content-type:
      - application/json;odata=minimalmetadata
      date:
      - Wed, 26 May 2021 17:25:03 GMT
      etag:
      - W/"datetime'2021-05-26T17%3A25%3A03.8189576Z'"
      location:
      - https://fake_cosmos_account.table.cosmos.azure.com/uttable3b161586(PartitionKey='PK',RowKey='table@storage.com01')
      server:
      - Microsoft-HTTPAPI/2.0
      transfer-encoding:
      - chunked
    status:
      code: 201
      message: Created
- request:
    body: '{"PartitionKey": "PK", "PartitionKey@odata.type": "Edm.String", "RowKey":
      "table@storage.com012", "RowKey@odata.type": "Edm.String", "Value": 103}'
    headers:
      Accept:
      - application/json;odata=minimalmetadata
      Accept-Encoding:
      - gzip, deflate
      Connection:
      - keep-alive
      Content-Length:
      - '146'
      Content-Type:
      - application/json;odata=nometadata
      DataServiceVersion:
      - '3.0'
      Date:
      - Wed, 26 May 2021 17:25:03 GMT
      User-Agent:
      - azsdk-python-data-tables/12.0.0b7 Python/3.7.4 (Windows-10-10.0.19041-SP0)
      x-ms-date:
      - Wed, 26 May 2021 17:25:03 GMT
      x-ms-version:
      - '2019-02-02'
    method: POST
    uri: https://fake_cosmos_account.table.cosmos.azure.com/uttable3b161586
  response:
    body:
      string: '{"odata.metadata":"https://fake_cosmos_account.table.cosmos.azure.com/uttable3b161586/$metadata#uttable3b161586/@Element","odata.etag":"W/\"datetime''2021-05-26T17%3A25%3A03.8771208Z''\"","PartitionKey":"PK","RowKey":"table@storage.com012","Value":103,"Timestamp":"2021-05-26T17:25:03.8771208Z"}'
    headers:
      content-type:
      - application/json;odata=minimalmetadata
      date:
      - Wed, 26 May 2021 17:25:03 GMT
      etag:
      - W/"datetime'2021-05-26T17%3A25%3A03.8771208Z'"
      location:
      - https://fake_cosmos_account.table.cosmos.azure.com/uttable3b161586(PartitionKey='PK',RowKey='table@storage.com012')
      server:
      - Microsoft-HTTPAPI/2.0
      transfer-encoding:
      - chunked
    status:
      code: 201
      message: Created
- request:
    body: '{"PartitionKey": "PK", "PartitionKey@odata.type": "Edm.String", "RowKey":
      "table@storage.com0123", "RowKey@odata.type": "Edm.String", "Value": 106}'
    headers:
      Accept:
      - application/json;odata=minimalmetadata
      Accept-Encoding:
      - gzip, deflate
      Connection:
      - keep-alive
      Content-Length:
      - '147'
      Content-Type:
      - application/json;odata=nometadata
      DataServiceVersion:
      - '3.0'
      Date:
      - Wed, 26 May 2021 17:25:03 GMT
      User-Agent:
      - azsdk-python-data-tables/12.0.0b7 Python/3.7.4 (Windows-10-10.0.19041-SP0)
      x-ms-date:
      - Wed, 26 May 2021 17:25:03 GMT
      x-ms-version:
      - '2019-02-02'
    method: POST
    uri: https://fake_cosmos_account.table.cosmos.azure.com/uttable3b161586
  response:
    body:
      string: '{"odata.metadata":"https://fake_cosmos_account.table.cosmos.azure.com/uttable3b161586/$metadata#uttable3b161586/@Element","odata.etag":"W/\"datetime''2021-05-26T17%3A25%3A03.9377416Z''\"","PartitionKey":"PK","RowKey":"table@storage.com0123","Value":106,"Timestamp":"2021-05-26T17:25:03.9377416Z"}'
    headers:
      content-type:
      - application/json;odata=minimalmetadata
      date:
      - Wed, 26 May 2021 17:25:03 GMT
      etag:
      - W/"datetime'2021-05-26T17%3A25%3A03.9377416Z'"
      location:
      - https://fake_cosmos_account.table.cosmos.azure.com/uttable3b161586(PartitionKey='PK',RowKey='table@storage.com0123')
      server:
      - Microsoft-HTTPAPI/2.0
      transfer-encoding:
      - chunked
    status:
      code: 201
      message: Created
- request:
    body: '{"PartitionKey": "PK", "PartitionKey@odata.type": "Edm.String", "RowKey":
      "table@storage.com01234", "RowKey@odata.type": "Edm.String", "Value": 110}'
    headers:
      Accept:
      - application/json;odata=minimalmetadata
      Accept-Encoding:
      - gzip, deflate
      Connection:
      - keep-alive
      Content-Length:
      - '148'
      Content-Type:
      - application/json;odata=nometadata
      DataServiceVersion:
      - '3.0'
      Date:
      - Wed, 26 May 2021 17:25:03 GMT
      User-Agent:
      - azsdk-python-data-tables/12.0.0b7 Python/3.7.4 (Windows-10-10.0.19041-SP0)
      x-ms-date:
      - Wed, 26 May 2021 17:25:03 GMT
      x-ms-version:
      - '2019-02-02'
    method: POST
    uri: https://fake_cosmos_account.table.cosmos.azure.com/uttable3b161586
  response:
    body:
      string: '{"odata.metadata":"https://fake_cosmos_account.table.cosmos.azure.com/uttable3b161586/$metadata#uttable3b161586/@Element","odata.etag":"W/\"datetime''2021-05-26T17%3A25%3A03.9847432Z''\"","PartitionKey":"PK","RowKey":"table@storage.com01234","Value":110,"Timestamp":"2021-05-26T17:25:03.9847432Z"}'
    headers:
      content-type:
      - application/json;odata=minimalmetadata
      date:
      - Wed, 26 May 2021 17:25:03 GMT
      etag:
      - W/"datetime'2021-05-26T17%3A25%3A03.9847432Z'"
      location:
      - https://fake_cosmos_account.table.cosmos.azure.com/uttable3b161586(PartitionKey='PK',RowKey='table@storage.com01234')
      server:
      - Microsoft-HTTPAPI/2.0
      transfer-encoding:
      - chunked
    status:
      code: 201
      message: Created
- request:
    body: '{"PartitionKey": "PK", "PartitionKey@odata.type": "Edm.String", "RowKey":
      "table@storage.com012345", "RowKey@odata.type": "Edm.String", "Value": 115}'
    headers:
      Accept:
      - application/json;odata=minimalmetadata
      Accept-Encoding:
      - gzip, deflate
      Connection:
      - keep-alive
      Content-Length:
      - '149'
      Content-Type:
      - application/json;odata=nometadata
      DataServiceVersion:
      - '3.0'
      Date:
      - Wed, 26 May 2021 17:25:04 GMT
      User-Agent:
      - azsdk-python-data-tables/12.0.0b7 Python/3.7.4 (Windows-10-10.0.19041-SP0)
      x-ms-date:
      - Wed, 26 May 2021 17:25:04 GMT
      x-ms-version:
      - '2019-02-02'
    method: POST
    uri: https://fake_cosmos_account.table.cosmos.azure.com/uttable3b161586
  response:
    body:
      string: '{"odata.metadata":"https://fake_cosmos_account.table.cosmos.azure.com/uttable3b161586/$metadata#uttable3b161586/@Element","odata.etag":"W/\"datetime''2021-05-26T17%3A25%3A04.0406536Z''\"","PartitionKey":"PK","RowKey":"table@storage.com012345","Value":115,"Timestamp":"2021-05-26T17:25:04.0406536Z"}'
    headers:
      content-type:
      - application/json;odata=minimalmetadata
      date:
      - Wed, 26 May 2021 17:25:03 GMT
      etag:
      - W/"datetime'2021-05-26T17%3A25%3A04.0406536Z'"
      location:
      - https://fake_cosmos_account.table.cosmos.azure.com/uttable3b161586(PartitionKey='PK',RowKey='table@storage.com012345')
      server:
      - Microsoft-HTTPAPI/2.0
      transfer-encoding:
      - chunked
    status:
      code: 201
      message: Created
- request:
    body: '{"PartitionKey": "PK", "PartitionKey@odata.type": "Edm.String", "RowKey":
      "table@storage.com0123456", "RowKey@odata.type": "Edm.String", "Value": 121}'
    headers:
      Accept:
      - application/json;odata=minimalmetadata
      Accept-Encoding:
      - gzip, deflate
      Connection:
      - keep-alive
      Content-Length:
      - '150'
      Content-Type:
      - application/json;odata=nometadata
      DataServiceVersion:
      - '3.0'
      Date:
      - Wed, 26 May 2021 17:25:04 GMT
      User-Agent:
      - azsdk-python-data-tables/12.0.0b7 Python/3.7.4 (Windows-10-10.0.19041-SP0)
      x-ms-date:
      - Wed, 26 May 2021 17:25:04 GMT
      x-ms-version:
      - '2019-02-02'
    method: POST
    uri: https://fake_cosmos_account.table.cosmos.azure.com/uttable3b161586
  response:
    body:
      string: '{"odata.metadata":"https://fake_cosmos_account.table.cosmos.azure.com/uttable3b161586/$metadata#uttable3b161586/@Element","odata.etag":"W/\"datetime''2021-05-26T17%3A25%3A04.1686536Z''\"","PartitionKey":"PK","RowKey":"table@storage.com0123456","Value":121,"Timestamp":"2021-05-26T17:25:04.1686536Z"}'
    headers:
      content-type:
      - application/json;odata=minimalmetadata
      date:
      - Wed, 26 May 2021 17:25:03 GMT
      etag:
      - W/"datetime'2021-05-26T17%3A25%3A04.1686536Z'"
      location:
      - https://fake_cosmos_account.table.cosmos.azure.com/uttable3b161586(PartitionKey='PK',RowKey='table@storage.com0123456')
      server:
      - Microsoft-HTTPAPI/2.0
      transfer-encoding:
      - chunked
    status:
      code: 201
      message: Created
- request:
    body: '{"PartitionKey": "PK", "PartitionKey@odata.type": "Edm.String", "RowKey":
      "table@storage.com01234567", "RowKey@odata.type": "Edm.String", "Value": 128}'
    headers:
      Accept:
      - application/json;odata=minimalmetadata
      Accept-Encoding:
      - gzip, deflate
      Connection:
      - keep-alive
      Content-Length:
      - '151'
      Content-Type:
      - application/json;odata=nometadata
      DataServiceVersion:
      - '3.0'
      Date:
      - Wed, 26 May 2021 17:25:04 GMT
      User-Agent:
      - azsdk-python-data-tables/12.0.0b7 Python/3.7.4 (Windows-10-10.0.19041-SP0)
      x-ms-date:
      - Wed, 26 May 2021 17:25:04 GMT
      x-ms-version:
      - '2019-02-02'
    method: POST
    uri: https://fake_cosmos_account.table.cosmos.azure.com/uttable3b161586
  response:
    body:
      string: '{"odata.metadata":"https://fake_cosmos_account.table.cosmos.azure.com/uttable3b161586/$metadata#uttable3b161586/@Element","odata.etag":"W/\"datetime''2021-05-26T17%3A25%3A04.2841608Z''\"","PartitionKey":"PK","RowKey":"table@storage.com01234567","Value":128,"Timestamp":"2021-05-26T17:25:04.2841608Z"}'
    headers:
      content-type:
      - application/json;odata=minimalmetadata
      date:
      - Wed, 26 May 2021 17:25:03 GMT
      etag:
      - W/"datetime'2021-05-26T17%3A25%3A04.2841608Z'"
      location:
      - https://fake_cosmos_account.table.cosmos.azure.com/uttable3b161586(PartitionKey='PK',RowKey='table@storage.com01234567')
      server:
      - Microsoft-HTTPAPI/2.0
      transfer-encoding:
      - chunked
    status:
      code: 201
      message: Created
- request:
    body: '{"PartitionKey": "PK", "PartitionKey@odata.type": "Edm.String", "RowKey":
      "table@storage.com012345678", "RowKey@odata.type": "Edm.String", "Value": 136}'
    headers:
      Accept:
      - application/json;odata=minimalmetadata
      Accept-Encoding:
      - gzip, deflate
      Connection:
      - keep-alive
      Content-Length:
      - '152'
      Content-Type:
      - application/json;odata=nometadata
      DataServiceVersion:
      - '3.0'
      Date:
      - Wed, 26 May 2021 17:25:04 GMT
      User-Agent:
      - azsdk-python-data-tables/12.0.0b7 Python/3.7.4 (Windows-10-10.0.19041-SP0)
      x-ms-date:
      - Wed, 26 May 2021 17:25:04 GMT
      x-ms-version:
      - '2019-02-02'
    method: POST
    uri: https://fake_cosmos_account.table.cosmos.azure.com/uttable3b161586
  response:
    body:
      string: '{"odata.metadata":"https://fake_cosmos_account.table.cosmos.azure.com/uttable3b161586/$metadata#uttable3b161586/@Element","odata.etag":"W/\"datetime''2021-05-26T17%3A25%3A04.3766280Z''\"","PartitionKey":"PK","RowKey":"table@storage.com012345678","Value":136,"Timestamp":"2021-05-26T17:25:04.3766280Z"}'
    headers:
      content-type:
      - application/json;odata=minimalmetadata
      date:
      - Wed, 26 May 2021 17:25:03 GMT
      etag:
      - W/"datetime'2021-05-26T17%3A25%3A04.3766280Z'"
      location:
      - https://fake_cosmos_account.table.cosmos.azure.com/uttable3b161586(PartitionKey='PK',RowKey='table@storage.com012345678')
      server:
      - Microsoft-HTTPAPI/2.0
      transfer-encoding:
      - chunked
    status:
      code: 201
      message: Created
- request:
    body: '{"PartitionKey": "PK", "PartitionKey@odata.type": "Edm.String", "RowKey":
      "table@storage.com0123456789", "RowKey@odata.type": "Edm.String", "Value": 145}'
    headers:
      Accept:
      - application/json;odata=minimalmetadata
      Accept-Encoding:
      - gzip, deflate
      Connection:
      - keep-alive
      Content-Length:
      - '153'
      Content-Type:
      - application/json;odata=nometadata
      DataServiceVersion:
      - '3.0'
      Date:
      - Wed, 26 May 2021 17:25:04 GMT
      User-Agent:
      - azsdk-python-data-tables/12.0.0b7 Python/3.7.4 (Windows-10-10.0.19041-SP0)
      x-ms-date:
      - Wed, 26 May 2021 17:25:04 GMT
      x-ms-version:
      - '2019-02-02'
    method: POST
    uri: https://fake_cosmos_account.table.cosmos.azure.com/uttable3b161586
  response:
    body:
      string: '{"odata.metadata":"https://fake_cosmos_account.table.cosmos.azure.com/uttable3b161586/$metadata#uttable3b161586/@Element","odata.etag":"W/\"datetime''2021-05-26T17%3A25%3A04.4993032Z''\"","PartitionKey":"PK","RowKey":"table@storage.com0123456789","Value":145,"Timestamp":"2021-05-26T17:25:04.4993032Z"}'
    headers:
      content-type:
      - application/json;odata=minimalmetadata
      date:
      - Wed, 26 May 2021 17:25:03 GMT
      etag:
      - W/"datetime'2021-05-26T17%3A25%3A04.4993032Z'"
      location:
      - https://fake_cosmos_account.table.cosmos.azure.com/uttable3b161586(PartitionKey='PK',RowKey='table@storage.com0123456789')
      server:
      - Microsoft-HTTPAPI/2.0
      transfer-encoding:
      - chunked
    status:
      code: 201
      message: Created
- request:
    body: null
    headers:
      Accept:
      - application/json;odata=minimalmetadata
      Accept-Encoding:
      - gzip, deflate
      Connection:
      - keep-alive
      DataServiceVersion:
      - '3.0'
      Date:
      - Wed, 26 May 2021 17:25:04 GMT
      User-Agent:
      - azsdk-python-data-tables/12.0.0b7 Python/3.7.4 (Windows-10-10.0.19041-SP0)
      x-ms-date:
      - Wed, 26 May 2021 17:25:04 GMT
      x-ms-version:
      - '2019-02-02'
    method: GET
    uri: https://fake_cosmos_account.table.cosmos.azure.com/uttable3b161586()?$filter=RowKey%20eq%20%27table%40storage.com0123456789%27
  response:
    body:
      string: '{"value":[{"odata.etag":"W/\"datetime''2021-05-26T17%3A25%3A04.4993032Z''\"","PartitionKey":"PK","RowKey":"table@storage.com0123456789","Value":145,"Timestamp":"2021-05-26T17:25:04.4993032Z"}],"odata.metadata":"https://fake_cosmos_account.table.cosmos.azure.com/$metadata#uttable3b161586"}'
    headers:
      content-type:
      - application/json;odata=minimalmetadata
      date:
      - Wed, 26 May 2021 17:25:03 GMT
      server:
      - Microsoft-HTTPAPI/2.0
      transfer-encoding:
      - chunked
    status:
      code: 200
      message: Ok
- request:
    body: null
    headers:
      Accept:
      - application/json;odata=minimalmetadata
      Accept-Encoding:
      - gzip, deflate
      Connection:
      - keep-alive
      Content-Length:
      - '0'
      DataServiceVersion:
      - '3.0'
      Date:
      - Wed, 26 May 2021 17:25:04 GMT
      If-Match:
      - '*'
      User-Agent:
      - azsdk-python-data-tables/12.0.0b7 Python/3.7.4 (Windows-10-10.0.19041-SP0)
      x-ms-date:
      - Wed, 26 May 2021 17:25:04 GMT
      x-ms-version:
      - '2019-02-02'
    method: DELETE
    uri: https://fake_cosmos_account.table.cosmos.azure.com/uttable3b161586(PartitionKey='PK',RowKey='table%40storage.com0123456789')
  response:
    body:
      string: ''
    headers:
      content-length:
      - '0'
      date:
      - Wed, 26 May 2021 17:25:04 GMT
      server:
      - Microsoft-HTTPAPI/2.0
    status:
      code: 204
      message: No Content
- request:
    body: null
    headers:
      Accept:
      - application/json;odata=minimalmetadata
      Accept-Encoding:
      - gzip, deflate
      Connection:
      - keep-alive
      DataServiceVersion:
      - '3.0'
      Date:
      - Wed, 26 May 2021 17:25:04 GMT
      User-Agent:
      - azsdk-python-data-tables/12.0.0b7 Python/3.7.4 (Windows-10-10.0.19041-SP0)
      x-ms-date:
      - Wed, 26 May 2021 17:25:04 GMT
      x-ms-version:
      - '2019-02-02'
    method: GET
    uri: https://fake_cosmos_account.table.cosmos.azure.com/uttable3b161586()?$filter=RowKey%20eq%20%27table%40storage.com0123456789%27
  response:
    body:
      string: '{"value":[],"odata.metadata":"https://fake_cosmos_account.table.cosmos.azure.com/$metadata#uttable3b161586"}'
    headers:
      content-type:
      - application/json;odata=minimalmetadata
      date:
      - Wed, 26 May 2021 17:25:04 GMT
      server:
      - Microsoft-HTTPAPI/2.0
      transfer-encoding:
      - chunked
    status:
      code: 200
      message: Ok
- request:
    body: null
    headers:
      Accept:
      - application/json;odata=minimalmetadata
      Accept-Encoding:
      - gzip, deflate
      Connection:
      - keep-alive
      DataServiceVersion:
      - '3.0'
      Date:
      - Wed, 26 May 2021 17:25:04 GMT
      User-Agent:
      - azsdk-python-data-tables/12.0.0b7 Python/3.7.4 (Windows-10-10.0.19041-SP0)
      x-ms-date:
      - Wed, 26 May 2021 17:25:04 GMT
      x-ms-version:
      - '2019-02-02'
    method: GET
    uri: https://fake_cosmos_account.table.cosmos.azure.com/Tables
  response:
    body:
      string: '{"value":[{"TableName":"uttable3b161586"}],"odata.metadata":"https://fake_cosmos_account.table.cosmos.azure.com/$metadata#Tables"}'
    headers:
      content-type:
      - application/json;odata=minimalmetadata
      date:
      - Wed, 26 May 2021 17:25:04 GMT
      server:
      - Microsoft-HTTPAPI/2.0
      transfer-encoding:
      - chunked
    status:
      code: 200
      message: Ok
- request:
    body: null
    headers:
      Accept:
      - application/json
      Accept-Encoding:
      - gzip, deflate
      Connection:
      - keep-alive
      Content-Length:
      - '0'
      Date:
      - Wed, 26 May 2021 17:25:05 GMT
      User-Agent:
      - azsdk-python-data-tables/12.0.0b7 Python/3.7.4 (Windows-10-10.0.19041-SP0)
      x-ms-date:
      - Wed, 26 May 2021 17:25:05 GMT
      x-ms-version:
      - '2019-02-02'
    method: DELETE
    uri: https://fake_cosmos_account.table.cosmos.azure.com/Tables('uttable3b161586')
  response:
    body:
      string: ''
    headers:
      content-length:
      - '0'
      date:
      - Wed, 26 May 2021 17:25:04 GMT
      server:
      - Microsoft-HTTPAPI/2.0
    status:
      code: 204
      message: No Content
version: 1
