interactions:
- request:
    body: '{"TableName": "uttable371919b0"}'
    headers:
      Accept:
      - application/json;odata=minimalmetadata
      Content-Length:
      - '32'
      Content-Type:
      - application/json;odata=nometadata
      DataServiceVersion:
      - '3.0'
      Date:
      - Sat, 07 Nov 2020 01:35:54 GMT
      User-Agent:
      - azsdk-python-data-tables/12.0.0b3 Python/3.5.3 (Windows-10-10.0.19041-SP0)
      x-ms-date:
      - Sat, 07 Nov 2020 01:35:54 GMT
      x-ms-version:
      - '2019-02-02'
    method: POST
    uri: https://tablestestcosmosname.table.cosmos.azure.com/Tables
  response:
    body:
      string: '{"TableName":"uttable371919b0","odata.metadata":"https://tablestestcosmosname.table.cosmos.azure.com/$metadata#Tables/@Element"}'
    headers:
      content-type: application/json;odata=minimalmetadata
      date: Sat, 07 Nov 2020 01:35:55 GMT
      etag: W/"datetime'2020-11-07T01%3A35%3A55.7328903Z'"
      location: https://tablestestcosmosname.table.cosmos.azure.com/Tables('uttable371919b0')
      server: Microsoft-HTTPAPI/2.0
      transfer-encoding: chunked
    status:
      code: 201
      message: Ok
    url: https://tablestestussw52mubjcwms.table.cosmos.azure.com/Tables
- request:
    body: '{"birthday": "1970-10-04T00:00:00Z", "age": 39, "sex@odata.type": "Edm.String",
      "other": 20, "binary": "YmluYXJ5", "Birthday": "1973-10-04T00:00:00Z", "RowKey@odata.type":
      "Edm.String", "binary@odata.type": "Edm.Binary", "RowKey": "rk371919b0", "married":
      true, "sex": "male", "clsid": "c9da6455-213d-42c9-9a79-3e9149a57833", "Birthday@odata.type":
      "Edm.DateTime", "ratio": 3.1, "large": 933311100, "clsid@odata.type": "Edm.Guid",
      "evenratio": 3.0, "PartitionKey": "pk371919b0", "deceased": false, "birthday@odata.type":
      "Edm.DateTime", "PartitionKey@odata.type": "Edm.String"}'
    headers:
      Accept:
      - application/json;odata=minimalmetadata
      Content-Length:
      - '577'
      Content-Type:
      - application/json;odata=nometadata
      DataServiceVersion:
      - '3.0'
      Date:
      - Sat, 07 Nov 2020 01:35:55 GMT
      User-Agent:
      - azsdk-python-data-tables/12.0.0b3 Python/3.5.3 (Windows-10-10.0.19041-SP0)
      x-ms-date:
      - Sat, 07 Nov 2020 01:35:55 GMT
      x-ms-version:
      - '2019-02-02'
    method: POST
    uri: https://tablestestcosmosname.table.cosmos.azure.com/uttable371919b0
  response:
    body:
      string: '{"odata.metadata":"https://tablestestcosmosname.table.cosmos.azure.com/uttable371919b0/$metadata#uttable371919b0/@Element","odata.etag":"W/\"datetime''2020-11-07T01%3A35%3A56.2624007Z''\"","birthday@odata.type":"Edm.DateTime","birthday":"1970-10-04T00:00:00.0000000Z","age":39,"other":20,"binary@odata.type":"Edm.Binary","binary":"YmluYXJ5","Birthday@odata.type":"Edm.DateTime","Birthday":"1973-10-04T00:00:00.0000000Z","RowKey":"rk371919b0","married":true,"sex":"male","clsid@odata.type":"Edm.Guid","clsid":"c9da6455-213d-42c9-9a79-3e9149a57833","ratio":3.1,"large":933311100,"evenratio":3.0,"PartitionKey":"pk371919b0","deceased":false,"Timestamp":"2020-11-07T01:35:56.2624007Z"}'
    headers:
      content-type: application/json;odata=minimalmetadata
      date: Sat, 07 Nov 2020 01:35:56 GMT
      etag: W/"datetime'2020-11-07T01%3A35%3A56.2624007Z'"
      location: https://tablestestcosmosname.table.cosmos.azure.com/uttable371919b0(PartitionKey='pk371919b0',RowKey='rk371919b0')
      server: Microsoft-HTTPAPI/2.0
      transfer-encoding: chunked
    status:
      code: 201
      message: Created
    url: https://tablestestussw52mubjcwms.table.cosmos.azure.com/uttable371919b0
- request:
    body: "--batch_c8ff5bdd-e72d-4a06-acbc-beec2995433b\r\nContent-Type: multipart/mixed;
      boundary=changeset_18ff9aea-11c0-4b08-8955-5ae796025f74\r\n\r\n--changeset_18ff9aea-11c0-4b08-8955-5ae796025f74\r\nContent-Type:
      application/http\r\nContent-Transfer-Encoding: binary\r\nContent-ID: 0\r\n\r\nPATCH
      https://tablestestussw52mubjcwms.table.cosmos.azure.com/uttable371919b0(PartitionKey='pk371919b0',RowKey='rk371919b0')
      HTTP/1.1\r\nIf-Match: W/\"datetime'2012-06-15T22%3A51%3A44.9662825Z'\"\r\nContent-Type:
      application/json\r\nx-ms-version: 2019-02-02\r\nDataServiceVersion: 3.0\r\nAccept:
      application/json\r\nContent-Length: 353\r\nx-ms-date: Sat, 07 Nov 2020 01:35:55
      GMT\r\nDate: Sat, 07 Nov 2020 01:35:55 GMT\r\nx-ms-client-request-id: 9446cb90-2099-11eb-bae1-58961df361d1\r\n\r\n{\"PartitionKey@odata.type\":
      \"Edm.String\", \"sign\": \"aquarius\", \"sex@odata.type\": \"Edm.String\",
      \"birthday@odata.type\": \"Edm.DateTime\", \"RowKey@odata.type\": \"Edm.String\",
      \"RowKey\": \"rk371919b0\", \"sex\": \"female\", \"PartitionKey\": \"pk371919b0\",
      \"sign@odata.type\": \"Edm.String\", \"age@odata.type\": \"Edm.String\", \"birthday\":
      \"1991-10-04T00:00:00Z\", \"age\": \"abc\"}\r\n--changeset_18ff9aea-11c0-4b08-8955-5ae796025f74--\r\n\r\n--batch_c8ff5bdd-e72d-4a06-acbc-beec2995433b--\r\n"
    headers:
      Content-Length:
      - '1193'
      Content-Type:
      - multipart/mixed; boundary=batch_c8ff5bdd-e72d-4a06-acbc-beec2995433b
      DataServiceVersion:
      - '3.0'
      Date:
      - Sat, 07 Nov 2020 01:35:55 GMT
      MaxDataServiceVersion:
      - 3.0;NetFx
      User-Agent:
      - azsdk-python-data-tables/12.0.0b3 Python/3.5.3 (Windows-10-10.0.19041-SP0)
      x-ms-date:
      - Sat, 07 Nov 2020 01:35:55 GMT
      x-ms-version:
      - '2019-02-02'
    method: POST
    uri: https://tablestestcosmosname.table.cosmos.azure.com/$batch
  response:
    body:
      string: "{\"odata.error\":{\"code\":\"InvalidInput\",\"message\":{\"lang\":\"en-us\",\"value\":\"One
        of the input values is invalid.\\r\\nActivityId: 9447b540-2099-11eb-827c-58961df361d1,
        documentdb-dotnet-sdk/2.11.0 Host/64-bit MicrosoftWindowsNT/6.2.9200.0\\nRequestID:9447b540-2099-11eb-827c-58961df361d1\\n\"}}}\r\n"
    headers:
      content-type: application/json;odata=fullmetadata
      date: Sat, 07 Nov 2020 01:35:56 GMT
      server: Microsoft-HTTPAPI/2.0
      transfer-encoding: chunked
    status:
      code: 400
      message: Bad Request
    url: https://tablestestussw52mubjcwms.table.cosmos.azure.com/$batch
- request:
    body: null
    headers:
      Accept:
      - application/json;odata=minimalmetadata
      DataServiceVersion:
      - '3.0'
      Date:
      - Sat, 07 Nov 2020 01:35:55 GMT
      User-Agent:
      - azsdk-python-data-tables/12.0.0b3 Python/3.5.3 (Windows-10-10.0.19041-SP0)
      x-ms-date:
      - Sat, 07 Nov 2020 01:35:55 GMT
      x-ms-version:
      - '2019-02-02'
    method: GET
    uri: https://tablestestcosmosname.table.cosmos.azure.com/uttable371919b0(PartitionKey='pk371919b0',RowKey='rk371919b0')
  response:
    body:
      string: '{"odata.metadata":"https://tablestestcosmosname.table.cosmos.azure.com/uttable371919b0/$metadata#uttable371919b0/@Element","odata.etag":"W/\"datetime''2020-11-07T01%3A35%3A56.2624007Z''\"","birthday@odata.type":"Edm.DateTime","birthday":"1970-10-04T00:00:00.0000000Z","age":39,"other":20,"binary@odata.type":"Edm.Binary","binary":"YmluYXJ5","Birthday@odata.type":"Edm.DateTime","Birthday":"1973-10-04T00:00:00.0000000Z","RowKey":"rk371919b0","married":true,"sex":"male","clsid@odata.type":"Edm.Guid","clsid":"c9da6455-213d-42c9-9a79-3e9149a57833","ratio":3.1,"large":933311100,"evenratio":3.0,"PartitionKey":"pk371919b0","deceased":false,"Timestamp":"2020-11-07T01:35:56.2624007Z"}'
    headers:
      content-type: application/json;odata=minimalmetadata
      date: Sat, 07 Nov 2020 01:35:56 GMT
      etag: W/"datetime'2020-11-07T01%3A35%3A56.2624007Z'"
      server: Microsoft-HTTPAPI/2.0
      transfer-encoding: chunked
    status:
      code: 200
      message: Ok
    url: https://tablestestussw52mubjcwms.table.cosmos.azure.com/uttable371919b0(PartitionKey='pk371919b0',RowKey='rk371919b0')
- request:
    body: null
    headers:
      Accept:
      - application/json
      Date:
      - Sat, 07 Nov 2020 01:35:55 GMT
      User-Agent:
      - azsdk-python-data-tables/12.0.0b3 Python/3.5.3 (Windows-10-10.0.19041-SP0)
      x-ms-date:
      - Sat, 07 Nov 2020 01:35:55 GMT
      x-ms-version:
      - '2019-02-02'
    method: DELETE
    uri: https://tablestestcosmosname.table.cosmos.azure.com/Tables('uttable371919b0')
  response:
    body:
      string: ''
    headers:
      content-length: '0'
      date: Sat, 07 Nov 2020 01:35:56 GMT
      server: Microsoft-HTTPAPI/2.0
    status:
      code: 204
      message: No Content
    url: https://tablestestussw52mubjcwms.table.cosmos.azure.com/Tables('uttable371919b0')
version: 1
