{
  "Entries": [
    {
      "RequestUri": "https://fakeendpoint.table.cosmos.azure.com/Tables",
      "RequestMethod": "POST",
      "RequestHeaders": {
        "Accept": "application/json;odata=minimalmetadata",
        "Accept-Encoding": "gzip, deflate",
        "Content-Length": "32",
        "Content-Type": "application/json;odata=nometadata",
        "DataServiceVersion": "3.0",
        "Date": "Fri, 06 May 2022 01:01:06 GMT",
        "User-Agent": "azsdk-python-data-tables/12.3.0 Python/3.10.0 (Windows-10-10.0.22000-SP0)",
        "x-ms-date": "Fri, 06 May 2022 01:01:06 GMT",
        "x-ms-version": "2019-02-02"
      },
      "RequestBody": {
        "TableName": "uttable9c073f0f"
      },
      "StatusCode": 201,
      "ResponseHeaders": {
        "Content-Type": "application/json; odata=minimalmetadata",
        "Date": "Fri, 06 May 2022 01:01:06 GMT",
        "ETag": "W/\u0022datetime\u00272022-05-06T01%3A01%3A06.4458248Z\u0027\u0022",
        "Location": "https://fakeendpoint.table.cosmos.azure.com/Tables(\u0027uttable9c073f0f\u0027)",
        "Transfer-Encoding": "chunked"
      },
      "ResponseBody": {
        "TableName": "uttable9c073f0f",
        "odata.metadata": "https://fakeendpoint.table.cosmos.azure.com/$metadata#Tables/@Element"
      }
    },
    {
      "RequestUri": "https://fakeendpoint.table.cosmos.azure.com/uttable9c073f0f(PartitionKey=\u0027pk9c073f0f\u0027,RowKey=\u0027rk9c073f0f\u0027)",
      "RequestMethod": "PUT",
      "RequestHeaders": {
        "Accept": "application/json",
        "Accept-Encoding": "gzip, deflate",
        "Content-Length": "360",
        "Content-Type": "application/json",
        "DataServiceVersion": "3.0",
        "Date": "Fri, 06 May 2022 01:01:07 GMT",
        "User-Agent": "azsdk-python-data-tables/12.3.0 Python/3.10.0 (Windows-10-10.0.22000-SP0)",
        "x-ms-date": "Fri, 06 May 2022 01:01:07 GMT",
        "x-ms-version": "2019-02-02"
      },
      "RequestBody": {
        "PartitionKey": "pk9c073f0f",
        "PartitionKey@odata.type": "Edm.String",
        "RowKey": "rk9c073f0f",
        "RowKey@odata.type": "Edm.String",
        "age": "abc",
        "age@odata.type": "Edm.String",
        "sex": "female",
        "sex@odata.type": "Edm.String",
        "sign": "aquarius",
        "sign@odata.type": "Edm.String",
        "birthday": "1991-10-04T00:00:00.000000Z",
        "birthday@odata.type": "Edm.DateTime"
      },
      "StatusCode": 204,
      "ResponseHeaders": {
        "Content-Type": "application/json",
        "Date": "Fri, 06 May 2022 01:01:06 GMT",
        "ETag": "W/\u0022datetime\u00272022-05-06T01%3A01%3A06.8976136Z\u0027\u0022"
      },
      "ResponseBody": null
    },
    {
      "RequestUri": "https://fakeendpoint.table.cosmos.azure.com/uttable9c073f0f(PartitionKey=\u0027pk9c073f0f\u0027,RowKey=\u0027rk9c073f0f\u0027)",
      "RequestMethod": "GET",
      "RequestHeaders": {
        "Accept": "application/json;odata=minimalmetadata",
        "Accept-Encoding": "gzip, deflate",
        "DataServiceVersion": "3.0",
        "Date": "Fri, 06 May 2022 01:01:07 GMT",
        "User-Agent": "azsdk-python-data-tables/12.3.0 Python/3.10.0 (Windows-10-10.0.22000-SP0)",
        "x-ms-date": "Fri, 06 May 2022 01:01:07 GMT",
        "x-ms-version": "2019-02-02"
      },
      "RequestBody": null,
      "StatusCode": 200,
      "ResponseHeaders": {
        "Content-Type": "application/json; odata=minimalmetadata",
        "Date": "Fri, 06 May 2022 01:01:06 GMT",
        "ETag": "W/\u0022datetime\u00272022-05-06T01%3A01%3A06.8976136Z\u0027\u0022",
        "Transfer-Encoding": "chunked"
      },
      "ResponseBody": {
        "odata.metadata": "https://fakeendpoint.table.cosmos.azure.com/uttable9c073f0f/$metadata#uttable9c073f0f/@Element",
        "odata.etag": "W/\u0022datetime\u00272022-05-06T01%3A01%3A06.8976136Z\u0027\u0022",
        "PartitionKey": "pk9c073f0f",
        "RowKey": "rk9c073f0f",
        "age": "abc",
        "sex": "female",
        "sign": "aquarius",
        "birthday@odata.type": "Edm.DateTime",
        "birthday": "1991-10-04T00:00:00.0000000Z",
        "Timestamp": "2022-05-06T01:01:06.8976136Z"
      }
    },
    {
      "RequestUri": "https://fakeendpoint.table.cosmos.azure.com/Tables",
      "RequestMethod": "GET",
      "RequestHeaders": {
        "Accept": "application/json;odata=minimalmetadata",
        "Accept-Encoding": "gzip, deflate",
        "DataServiceVersion": "3.0",
        "Date": "Fri, 06 May 2022 01:01:07 GMT",
        "User-Agent": "azsdk-python-data-tables/12.3.0 Python/3.10.0 (Windows-10-10.0.22000-SP0)",
        "x-ms-date": "Fri, 06 May 2022 01:01:07 GMT",
        "x-ms-version": "2019-02-02"
      },
      "RequestBody": null,
      "StatusCode": 200,
      "ResponseHeaders": {
        "Content-Type": "application/json; odata=minimalmetadata",
        "Date": "Fri, 06 May 2022 01:01:06 GMT",
        "Transfer-Encoding": "chunked"
      },
      "ResponseBody": {
        "value": [
          {
            "TableName": "uttable9c073f0f"
          }
        ],
        "odata.metadata": "https://fakeendpoint.table.cosmos.azure.com/$metadata#Tables"
      }
    },
    {
      "RequestUri": "https://fakeendpoint.table.cosmos.azure.com/Tables(\u0027uttable9c073f0f\u0027)",
      "RequestMethod": "DELETE",
      "RequestHeaders": {
        "Accept": "application/json",
        "Accept-Encoding": "gzip, deflate",
        "Content-Length": "0",
        "Date": "Fri, 06 May 2022 01:01:07 GMT",
        "User-Agent": "azsdk-python-data-tables/12.3.0 Python/3.10.0 (Windows-10-10.0.22000-SP0)",
        "x-ms-date": "Fri, 06 May 2022 01:01:07 GMT",
        "x-ms-version": "2019-02-02"
      },
      "RequestBody": null,
      "StatusCode": 204,
      "ResponseHeaders": {
        "Content-Type": "application/json",
        "Date": "Fri, 06 May 2022 01:01:06 GMT"
      },
      "ResponseBody": null
    }
  ],
  "Variables": {}
}
