{
  "Entries": [
    {
      "RequestUri": "https://fakeendpoint.table.core.windows.net/Tables",
      "RequestMethod": "POST",
      "RequestHeaders": {
        "Accept": "application/json;odata=minimalmetadata",
        "Accept-Encoding": "gzip, deflate",
        "Content-Length": "32",
        "Content-Type": "application/json;odata=nometadata",
        "DataServiceVersion": "3.0",
        "Date": "Fri, 06 May 2022 00:44:38 GMT",
        "User-Agent": "azsdk-python-data-tables/12.3.0 Python/3.10.0 (Windows-10-10.0.22000-SP0)",
        "x-ms-date": "Fri, 06 May 2022 00:44:38 GMT",
        "x-ms-version": "2019-02-02"
      },
      "RequestBody": {
        "TableName": "uttable3c3c2ef7"
      },
      "StatusCode": 201,
      "ResponseHeaders": {
        "Cache-Control": "no-cache",
        "Content-Type": "application/json; odata=minimalmetadata; streaming=true; charset=utf-8",
        "Date": "Fri, 06 May 2022 00:44:37 GMT",
        "Location": "https://fakeendpoint.table.core.windows.net/Tables(\u0027uttable3c3c2ef7\u0027)",
        "Server": [
          "Windows-Azure-Table/1.0",
          "Microsoft-HTTPAPI/2.0"
        ],
        "Transfer-Encoding": "chunked",
        "X-Content-Type-Options": "nosniff",
        "x-ms-version": "2019-02-02"
      },
      "ResponseBody": {
        "odata.metadata": "https://fakeendpoint.table.core.windows.net/$metadata#Tables/@Element",
        "TableName": "uttable3c3c2ef7"
      }
    },
    {
      "RequestUri": "https://fakeendpoint.table.core.windows.net/uttable3c3c2ef7",
      "RequestMethod": "POST",
      "RequestHeaders": {
        "Accept": "application/json;odata=minimalmetadata",
        "Accept-Encoding": "gzip, deflate",
        "Content-Length": "126",
        "Content-Type": "application/json;odata=nometadata",
        "DataServiceVersion": "3.0",
        "Date": "Fri, 06 May 2022 00:44:38 GMT",
        "User-Agent": "azsdk-python-data-tables/12.3.0 Python/3.10.0 (Windows-10-10.0.22000-SP0)",
        "x-ms-date": "Fri, 06 May 2022 00:44:38 GMT",
        "x-ms-version": "2019-02-02"
      },
      "RequestBody": {
        "PartitionKey": "pk",
        "PartitionKey@odata.type": "Edm.String",
        "RowKey": "10",
        "RowKey@odata.type": "Edm.String",
        "value": 0
      },
      "StatusCode": 201,
      "ResponseHeaders": {
        "Cache-Control": "no-cache",
        "Content-Type": "application/json; odata=minimalmetadata; streaming=true; charset=utf-8",
        "Date": "Fri, 06 May 2022 00:44:37 GMT",
        "ETag": "W/\u0022datetime\u00272022-05-06T00%3A44%3A38.0592322Z\u0027\u0022",
        "Location": "https://fakeendpoint.table.core.windows.net/uttable3c3c2ef7(PartitionKey=\u0027pk\u0027,RowKey=\u002710\u0027)",
        "Server": [
          "Windows-Azure-Table/1.0",
          "Microsoft-HTTPAPI/2.0"
        ],
        "Transfer-Encoding": "chunked",
        "X-Content-Type-Options": "nosniff",
        "x-ms-version": "2019-02-02"
      },
      "ResponseBody": {
        "odata.metadata": "https://fakeendpoint.table.core.windows.net/$metadata#uttable3c3c2ef7/@Element",
        "odata.etag": "W/\u0022datetime\u00272022-05-06T00%3A44%3A38.0592322Z\u0027\u0022",
        "PartitionKey": "pk",
        "RowKey": "10",
        "Timestamp": "2022-05-06T00:44:38.0592322Z",
        "value": 0
      }
    },
    {
      "RequestUri": "https://fakeendpoint.table.core.windows.net/uttable3c3c2ef7",
      "RequestMethod": "POST",
      "RequestHeaders": {
        "Accept": "application/json;odata=minimalmetadata",
        "Accept-Encoding": "gzip, deflate",
        "Content-Length": "127",
        "Content-Type": "application/json;odata=nometadata",
        "DataServiceVersion": "3.0",
        "Date": "Fri, 06 May 2022 00:44:38 GMT",
        "User-Agent": "azsdk-python-data-tables/12.3.0 Python/3.10.0 (Windows-10-10.0.22000-SP0)",
        "x-ms-date": "Fri, 06 May 2022 00:44:38 GMT",
        "x-ms-version": "2019-02-02"
      },
      "RequestBody": {
        "PartitionKey": "pk",
        "PartitionKey@odata.type": "Edm.String",
        "RowKey": "101",
        "RowKey@odata.type": "Edm.String",
        "value": 1
      },
      "StatusCode": 201,
      "ResponseHeaders": {
        "Cache-Control": "no-cache",
        "Content-Type": "application/json; odata=minimalmetadata; streaming=true; charset=utf-8",
        "Date": "Fri, 06 May 2022 00:44:37 GMT",
        "ETag": "W/\u0022datetime\u00272022-05-06T00%3A44%3A38.0882164Z\u0027\u0022",
        "Location": "https://fakeendpoint.table.core.windows.net/uttable3c3c2ef7(PartitionKey=\u0027pk\u0027,RowKey=\u0027101\u0027)",
        "Server": [
          "Windows-Azure-Table/1.0",
          "Microsoft-HTTPAPI/2.0"
        ],
        "Transfer-Encoding": "chunked",
        "X-Content-Type-Options": "nosniff",
        "x-ms-version": "2019-02-02"
      },
      "ResponseBody": {
        "odata.metadata": "https://fakeendpoint.table.core.windows.net/$metadata#uttable3c3c2ef7/@Element",
        "odata.etag": "W/\u0022datetime\u00272022-05-06T00%3A44%3A38.0882164Z\u0027\u0022",
        "PartitionKey": "pk",
        "RowKey": "101",
        "Timestamp": "2022-05-06T00:44:38.0882164Z",
        "value": 1
      }
    },
    {
      "RequestUri": "https://fakeendpoint.table.core.windows.net/uttable3c3c2ef7",
      "RequestMethod": "POST",
      "RequestHeaders": {
        "Accept": "application/json;odata=minimalmetadata",
        "Accept-Encoding": "gzip, deflate",
        "Content-Length": "128",
        "Content-Type": "application/json;odata=nometadata",
        "DataServiceVersion": "3.0",
        "Date": "Fri, 06 May 2022 00:44:38 GMT",
        "User-Agent": "azsdk-python-data-tables/12.3.0 Python/3.10.0 (Windows-10-10.0.22000-SP0)",
        "x-ms-date": "Fri, 06 May 2022 00:44:38 GMT",
        "x-ms-version": "2019-02-02"
      },
      "RequestBody": {
        "PartitionKey": "pk",
        "PartitionKey@odata.type": "Edm.String",
        "RowKey": "1012",
        "RowKey@odata.type": "Edm.String",
        "value": 2
      },
      "StatusCode": 201,
      "ResponseHeaders": {
        "Cache-Control": "no-cache",
        "Content-Type": "application/json; odata=minimalmetadata; streaming=true; charset=utf-8",
        "Date": "Fri, 06 May 2022 00:44:37 GMT",
        "ETag": "W/\u0022datetime\u00272022-05-06T00%3A44%3A38.1052062Z\u0027\u0022",
        "Location": "https://fakeendpoint.table.core.windows.net/uttable3c3c2ef7(PartitionKey=\u0027pk\u0027,RowKey=\u00271012\u0027)",
        "Server": [
          "Windows-Azure-Table/1.0",
          "Microsoft-HTTPAPI/2.0"
        ],
        "Transfer-Encoding": "chunked",
        "X-Content-Type-Options": "nosniff",
        "x-ms-version": "2019-02-02"
      },
      "ResponseBody": {
        "odata.metadata": "https://fakeendpoint.table.core.windows.net/$metadata#uttable3c3c2ef7/@Element",
        "odata.etag": "W/\u0022datetime\u00272022-05-06T00%3A44%3A38.1052062Z\u0027\u0022",
        "PartitionKey": "pk",
        "RowKey": "1012",
        "Timestamp": "2022-05-06T00:44:38.1052062Z",
        "value": 2
      }
    },
    {
      "RequestUri": "https://fakeendpoint.table.core.windows.net/uttable3c3c2ef7",
      "RequestMethod": "POST",
      "RequestHeaders": {
        "Accept": "application/json;odata=minimalmetadata",
        "Accept-Encoding": "gzip, deflate",
        "Content-Length": "129",
        "Content-Type": "application/json;odata=nometadata",
        "DataServiceVersion": "3.0",
        "Date": "Fri, 06 May 2022 00:44:38 GMT",
        "User-Agent": "azsdk-python-data-tables/12.3.0 Python/3.10.0 (Windows-10-10.0.22000-SP0)",
        "x-ms-date": "Fri, 06 May 2022 00:44:38 GMT",
        "x-ms-version": "2019-02-02"
      },
      "RequestBody": {
        "PartitionKey": "pk",
        "PartitionKey@odata.type": "Edm.String",
        "RowKey": "10123",
        "RowKey@odata.type": "Edm.String",
        "value": 3
      },
      "StatusCode": 201,
      "ResponseHeaders": {
        "Cache-Control": "no-cache",
        "Content-Type": "application/json; odata=minimalmetadata; streaming=true; charset=utf-8",
        "Date": "Fri, 06 May 2022 00:44:37 GMT",
        "ETag": "W/\u0022datetime\u00272022-05-06T00%3A44%3A38.1741675Z\u0027\u0022",
        "Location": "https://fakeendpoint.table.core.windows.net/uttable3c3c2ef7(PartitionKey=\u0027pk\u0027,RowKey=\u002710123\u0027)",
        "Server": [
          "Windows-Azure-Table/1.0",
          "Microsoft-HTTPAPI/2.0"
        ],
        "Transfer-Encoding": "chunked",
        "X-Content-Type-Options": "nosniff",
        "x-ms-version": "2019-02-02"
      },
      "ResponseBody": {
        "odata.metadata": "https://fakeendpoint.table.core.windows.net/$metadata#uttable3c3c2ef7/@Element",
        "odata.etag": "W/\u0022datetime\u00272022-05-06T00%3A44%3A38.1741675Z\u0027\u0022",
        "PartitionKey": "pk",
        "RowKey": "10123",
        "Timestamp": "2022-05-06T00:44:38.1741675Z",
        "value": 3
      }
    },
    {
      "RequestUri": "https://fakeendpoint.table.core.windows.net/uttable3c3c2ef7",
      "RequestMethod": "POST",
      "RequestHeaders": {
        "Accept": "application/json;odata=minimalmetadata",
        "Accept-Encoding": "gzip, deflate",
        "Content-Length": "130",
        "Content-Type": "application/json;odata=nometadata",
        "DataServiceVersion": "3.0",
        "Date": "Fri, 06 May 2022 00:44:38 GMT",
        "User-Agent": "azsdk-python-data-tables/12.3.0 Python/3.10.0 (Windows-10-10.0.22000-SP0)",
        "x-ms-date": "Fri, 06 May 2022 00:44:38 GMT",
        "x-ms-version": "2019-02-02"
      },
      "RequestBody": {
        "PartitionKey": "pk",
        "PartitionKey@odata.type": "Edm.String",
        "RowKey": "101234",
        "RowKey@odata.type": "Edm.String",
        "value": 4
      },
      "StatusCode": 201,
      "ResponseHeaders": {
        "Cache-Control": "no-cache",
        "Content-Type": "application/json; odata=minimalmetadata; streaming=true; charset=utf-8",
        "Date": "Fri, 06 May 2022 00:44:37 GMT",
        "ETag": "W/\u0022datetime\u00272022-05-06T00%3A44%3A38.2461262Z\u0027\u0022",
        "Location": "https://fakeendpoint.table.core.windows.net/uttable3c3c2ef7(PartitionKey=\u0027pk\u0027,RowKey=\u0027101234\u0027)",
        "Server": [
          "Windows-Azure-Table/1.0",
          "Microsoft-HTTPAPI/2.0"
        ],
        "Transfer-Encoding": "chunked",
        "X-Content-Type-Options": "nosniff",
        "x-ms-version": "2019-02-02"
      },
      "ResponseBody": {
        "odata.metadata": "https://fakeendpoint.table.core.windows.net/$metadata#uttable3c3c2ef7/@Element",
        "odata.etag": "W/\u0022datetime\u00272022-05-06T00%3A44%3A38.2461262Z\u0027\u0022",
        "PartitionKey": "pk",
        "RowKey": "101234",
        "Timestamp": "2022-05-06T00:44:38.2461262Z",
        "value": 4
      }
    },
    {
      "RequestUri": "https://fakeendpoint.table.core.windows.net/uttable3c3c2ef7",
      "RequestMethod": "POST",
      "RequestHeaders": {
        "Accept": "application/json;odata=minimalmetadata",
        "Accept-Encoding": "gzip, deflate",
        "Content-Length": "131",
        "Content-Type": "application/json;odata=nometadata",
        "DataServiceVersion": "3.0",
        "Date": "Fri, 06 May 2022 00:44:39 GMT",
        "User-Agent": "azsdk-python-data-tables/12.3.0 Python/3.10.0 (Windows-10-10.0.22000-SP0)",
        "x-ms-date": "Fri, 06 May 2022 00:44:39 GMT",
        "x-ms-version": "2019-02-02"
      },
      "RequestBody": {
        "PartitionKey": "pk",
        "PartitionKey@odata.type": "Edm.String",
        "RowKey": "1012345",
        "RowKey@odata.type": "Edm.String",
        "value": 5
      },
      "StatusCode": 201,
      "ResponseHeaders": {
        "Cache-Control": "no-cache",
        "Content-Type": "application/json; odata=minimalmetadata; streaming=true; charset=utf-8",
        "Date": "Fri, 06 May 2022 00:44:37 GMT",
        "ETag": "W/\u0022datetime\u00272022-05-06T00%3A44%3A38.321084Z\u0027\u0022",
        "Location": "https://fakeendpoint.table.core.windows.net/uttable3c3c2ef7(PartitionKey=\u0027pk\u0027,RowKey=\u00271012345\u0027)",
        "Server": [
          "Windows-Azure-Table/1.0",
          "Microsoft-HTTPAPI/2.0"
        ],
        "Transfer-Encoding": "chunked",
        "X-Content-Type-Options": "nosniff",
        "x-ms-version": "2019-02-02"
      },
      "ResponseBody": {
        "odata.metadata": "https://fakeendpoint.table.core.windows.net/$metadata#uttable3c3c2ef7/@Element",
        "odata.etag": "W/\u0022datetime\u00272022-05-06T00%3A44%3A38.321084Z\u0027\u0022",
        "PartitionKey": "pk",
        "RowKey": "1012345",
        "Timestamp": "2022-05-06T00:44:38.321084Z",
        "value": 5
      }
    },
    {
      "RequestUri": "https://fakeendpoint.table.core.windows.net/uttable3c3c2ef7",
      "RequestMethod": "POST",
      "RequestHeaders": {
        "Accept": "application/json;odata=minimalmetadata",
        "Accept-Encoding": "gzip, deflate",
        "Content-Length": "133",
        "Content-Type": "application/json;odata=nometadata",
        "DataServiceVersion": "3.0",
        "Date": "Fri, 06 May 2022 00:44:39 GMT",
        "User-Agent": "azsdk-python-data-tables/12.3.0 Python/3.10.0 (Windows-10-10.0.22000-SP0)",
        "x-ms-date": "Fri, 06 May 2022 00:44:39 GMT",
        "x-ms-version": "2019-02-02"
      },
      "RequestBody": {
        "PartitionKey": "pk6",
        "PartitionKey@odata.type": "Edm.String",
        "RowKey": "10123456",
        "RowKey@odata.type": "Edm.String",
        "value": 6
      },
      "StatusCode": 201,
      "ResponseHeaders": {
        "Cache-Control": "no-cache",
        "Content-Type": "application/json; odata=minimalmetadata; streaming=true; charset=utf-8",
        "Date": "Fri, 06 May 2022 00:44:37 GMT",
        "ETag": "W/\u0022datetime\u00272022-05-06T00%3A44%3A38.3870461Z\u0027\u0022",
        "Location": "https://fakeendpoint.table.core.windows.net/uttable3c3c2ef7(PartitionKey=\u0027pk6\u0027,RowKey=\u002710123456\u0027)",
        "Server": [
          "Windows-Azure-Table/1.0",
          "Microsoft-HTTPAPI/2.0"
        ],
        "Transfer-Encoding": "chunked",
        "X-Content-Type-Options": "nosniff",
        "x-ms-version": "2019-02-02"
      },
      "ResponseBody": {
        "odata.metadata": "https://fakeendpoint.table.core.windows.net/$metadata#uttable3c3c2ef7/@Element",
        "odata.etag": "W/\u0022datetime\u00272022-05-06T00%3A44%3A38.3870461Z\u0027\u0022",
        "PartitionKey": "pk6",
        "RowKey": "10123456",
        "Timestamp": "2022-05-06T00:44:38.3870461Z",
        "value": 6
      }
    },
    {
      "RequestUri": "https://fakeendpoint.table.core.windows.net/uttable3c3c2ef7",
      "RequestMethod": "POST",
      "RequestHeaders": {
        "Accept": "application/json;odata=minimalmetadata",
        "Accept-Encoding": "gzip, deflate",
        "Content-Length": "135",
        "Content-Type": "application/json;odata=nometadata",
        "DataServiceVersion": "3.0",
        "Date": "Fri, 06 May 2022 00:44:39 GMT",
        "User-Agent": "azsdk-python-data-tables/12.3.0 Python/3.10.0 (Windows-10-10.0.22000-SP0)",
        "x-ms-date": "Fri, 06 May 2022 00:44:39 GMT",
        "x-ms-version": "2019-02-02"
      },
      "RequestBody": {
        "PartitionKey": "pk67",
        "PartitionKey@odata.type": "Edm.String",
        "RowKey": "101234567",
        "RowKey@odata.type": "Edm.String",
        "value": 7
      },
      "StatusCode": 201,
      "ResponseHeaders": {
        "Cache-Control": "no-cache",
        "Content-Type": "application/json; odata=minimalmetadata; streaming=true; charset=utf-8",
        "Date": "Fri, 06 May 2022 00:44:38 GMT",
        "ETag": "W/\u0022datetime\u00272022-05-06T00%3A44%3A38.4460122Z\u0027\u0022",
        "Location": "https://fakeendpoint.table.core.windows.net/uttable3c3c2ef7(PartitionKey=\u0027pk67\u0027,RowKey=\u0027101234567\u0027)",
        "Server": [
          "Windows-Azure-Table/1.0",
          "Microsoft-HTTPAPI/2.0"
        ],
        "Transfer-Encoding": "chunked",
        "X-Content-Type-Options": "nosniff",
        "x-ms-version": "2019-02-02"
      },
      "ResponseBody": {
        "odata.metadata": "https://fakeendpoint.table.core.windows.net/$metadata#uttable3c3c2ef7/@Element",
        "odata.etag": "W/\u0022datetime\u00272022-05-06T00%3A44%3A38.4460122Z\u0027\u0022",
        "PartitionKey": "pk67",
        "RowKey": "101234567",
        "Timestamp": "2022-05-06T00:44:38.4460122Z",
        "value": 7
      }
    },
    {
      "RequestUri": "https://fakeendpoint.table.core.windows.net/uttable3c3c2ef7",
      "RequestMethod": "POST",
      "RequestHeaders": {
        "Accept": "application/json;odata=minimalmetadata",
        "Accept-Encoding": "gzip, deflate",
        "Content-Length": "137",
        "Content-Type": "application/json;odata=nometadata",
        "DataServiceVersion": "3.0",
        "Date": "Fri, 06 May 2022 00:44:39 GMT",
        "User-Agent": "azsdk-python-data-tables/12.3.0 Python/3.10.0 (Windows-10-10.0.22000-SP0)",
        "x-ms-date": "Fri, 06 May 2022 00:44:39 GMT",
        "x-ms-version": "2019-02-02"
      },
      "RequestBody": {
        "PartitionKey": "pk678",
        "PartitionKey@odata.type": "Edm.String",
        "RowKey": "1012345678",
        "RowKey@odata.type": "Edm.String",
        "value": 8
      },
      "StatusCode": 201,
      "ResponseHeaders": {
        "Cache-Control": "no-cache",
        "Content-Type": "application/json; odata=minimalmetadata; streaming=true; charset=utf-8",
        "Date": "Fri, 06 May 2022 00:44:38 GMT",
        "ETag": "W/\u0022datetime\u00272022-05-06T00%3A44%3A38.5069771Z\u0027\u0022",
        "Location": "https://fakeendpoint.table.core.windows.net/uttable3c3c2ef7(PartitionKey=\u0027pk678\u0027,RowKey=\u00271012345678\u0027)",
        "Server": [
          "Windows-Azure-Table/1.0",
          "Microsoft-HTTPAPI/2.0"
        ],
        "Transfer-Encoding": "chunked",
        "X-Content-Type-Options": "nosniff",
        "x-ms-version": "2019-02-02"
      },
      "ResponseBody": {
        "odata.metadata": "https://fakeendpoint.table.core.windows.net/$metadata#uttable3c3c2ef7/@Element",
        "odata.etag": "W/\u0022datetime\u00272022-05-06T00%3A44%3A38.5069771Z\u0027\u0022",
        "PartitionKey": "pk678",
        "RowKey": "1012345678",
        "Timestamp": "2022-05-06T00:44:38.5069771Z",
        "value": 8
      }
    },
    {
      "RequestUri": "https://fakeendpoint.table.core.windows.net/uttable3c3c2ef7",
      "RequestMethod": "POST",
      "RequestHeaders": {
        "Accept": "application/json;odata=minimalmetadata",
        "Accept-Encoding": "gzip, deflate",
        "Content-Length": "139",
        "Content-Type": "application/json;odata=nometadata",
        "DataServiceVersion": "3.0",
        "Date": "Fri, 06 May 2022 00:44:39 GMT",
        "User-Agent": "azsdk-python-data-tables/12.3.0 Python/3.10.0 (Windows-10-10.0.22000-SP0)",
        "x-ms-date": "Fri, 06 May 2022 00:44:39 GMT",
        "x-ms-version": "2019-02-02"
      },
      "RequestBody": {
        "PartitionKey": "pk6789",
        "PartitionKey@odata.type": "Edm.String",
        "RowKey": "10123456789",
        "RowKey@odata.type": "Edm.String",
        "value": 9
      },
      "StatusCode": 201,
      "ResponseHeaders": {
        "Cache-Control": "no-cache",
        "Content-Type": "application/json; odata=minimalmetadata; streaming=true; charset=utf-8",
        "Date": "Fri, 06 May 2022 00:44:38 GMT",
        "ETag": "W/\u0022datetime\u00272022-05-06T00%3A44%3A38.5669437Z\u0027\u0022",
        "Location": "https://fakeendpoint.table.core.windows.net/uttable3c3c2ef7(PartitionKey=\u0027pk6789\u0027,RowKey=\u002710123456789\u0027)",
        "Server": [
          "Windows-Azure-Table/1.0",
          "Microsoft-HTTPAPI/2.0"
        ],
        "Transfer-Encoding": "chunked",
        "X-Content-Type-Options": "nosniff",
        "x-ms-version": "2019-02-02"
      },
      "ResponseBody": {
        "odata.metadata": "https://fakeendpoint.table.core.windows.net/$metadata#uttable3c3c2ef7/@Element",
        "odata.etag": "W/\u0022datetime\u00272022-05-06T00%3A44%3A38.5669437Z\u0027\u0022",
        "PartitionKey": "pk6789",
        "RowKey": "10123456789",
        "Timestamp": "2022-05-06T00:44:38.5669437Z",
        "value": 9
      }
    },
    {
      "RequestUri": "https://fakeendpoint.table.core.windows.net/uttable3c3c2ef7()?$top=2\u0026$filter=PartitionKey%20eq%20\u0027pk\u0027",
      "RequestMethod": "GET",
      "RequestHeaders": {
        "Accept": "application/json;odata=minimalmetadata",
        "Accept-Encoding": "gzip, deflate",
        "DataServiceVersion": "3.0",
        "Date": "Fri, 06 May 2022 00:44:39 GMT",
        "User-Agent": "azsdk-python-data-tables/12.3.0 Python/3.10.0 (Windows-10-10.0.22000-SP0)",
        "x-ms-date": "Fri, 06 May 2022 00:44:39 GMT",
        "x-ms-version": "2019-02-02"
      },
      "RequestBody": null,
      "StatusCode": 200,
      "ResponseHeaders": {
        "Cache-Control": "no-cache",
        "Content-Type": "application/json; odata=minimalmetadata; streaming=true; charset=utf-8",
        "Date": "Fri, 06 May 2022 00:44:38 GMT",
        "Server": [
          "Windows-Azure-Table/1.0",
          "Microsoft-HTTPAPI/2.0"
        ],
        "Transfer-Encoding": "chunked",
        "X-Content-Type-Options": "nosniff",
        "x-ms-continuation-NextPartitionKey": "1!4!cGs-",
        "x-ms-continuation-NextRowKey": "1!8!MTAxMg--",
        "x-ms-version": "2019-02-02"
      },
      "ResponseBody": {
        "odata.metadata": "https://fakeendpoint.table.core.windows.net/$metadata#uttable3c3c2ef7",
        "value": [
          {
            "odata.etag": "W/\u0022datetime\u00272022-05-06T00%3A44%3A38.0592322Z\u0027\u0022",
            "PartitionKey": "pk",
            "RowKey": "10",
            "Timestamp": "2022-05-06T00:44:38.0592322Z",
            "value": 0
          },
          {
            "odata.etag": "W/\u0022datetime\u00272022-05-06T00%3A44%3A38.0882164Z\u0027\u0022",
            "PartitionKey": "pk",
            "RowKey": "101",
            "Timestamp": "2022-05-06T00:44:38.0882164Z",
            "value": 1
          }
        ]
      }
    },
    {
      "RequestUri": "https://fakeendpoint.table.core.windows.net/uttable3c3c2ef7()?$top=2\u0026$filter=PartitionKey%20eq%20\u0027pk\u0027\u0026NextPartitionKey=1!4!cGs-\u0026NextRowKey=1!8!MTAxMg--",
      "RequestMethod": "GET",
      "RequestHeaders": {
        "Accept": "application/json;odata=minimalmetadata",
        "Accept-Encoding": "gzip, deflate",
        "DataServiceVersion": "3.0",
        "Date": "Fri, 06 May 2022 00:44:39 GMT",
        "User-Agent": "azsdk-python-data-tables/12.3.0 Python/3.10.0 (Windows-10-10.0.22000-SP0)",
        "x-ms-date": "Fri, 06 May 2022 00:44:39 GMT",
        "x-ms-version": "2019-02-02"
      },
      "RequestBody": null,
      "StatusCode": 200,
      "ResponseHeaders": {
        "Cache-Control": "no-cache",
        "Content-Type": "application/json; odata=minimalmetadata; streaming=true; charset=utf-8",
        "Date": "Fri, 06 May 2022 00:44:38 GMT",
        "Server": [
          "Windows-Azure-Table/1.0",
          "Microsoft-HTTPAPI/2.0"
        ],
        "Transfer-Encoding": "chunked",
        "X-Content-Type-Options": "nosniff",
        "x-ms-continuation-NextPartitionKey": "1!4!cGs-",
        "x-ms-continuation-NextRowKey": "1!8!MTAxMjM0",
        "x-ms-version": "2019-02-02"
      },
      "ResponseBody": {
        "odata.metadata": "https://fakeendpoint.table.core.windows.net/$metadata#uttable3c3c2ef7",
        "value": [
          {
            "odata.etag": "W/\u0022datetime\u00272022-05-06T00%3A44%3A38.1052062Z\u0027\u0022",
            "PartitionKey": "pk",
            "RowKey": "1012",
            "Timestamp": "2022-05-06T00:44:38.1052062Z",
            "value": 2
          },
          {
            "odata.etag": "W/\u0022datetime\u00272022-05-06T00%3A44%3A38.1741675Z\u0027\u0022",
            "PartitionKey": "pk",
            "RowKey": "10123",
            "Timestamp": "2022-05-06T00:44:38.1741675Z",
            "value": 3
          }
        ]
      }
    },
    {
      "RequestUri": "https://fakeendpoint.table.core.windows.net/uttable3c3c2ef7()?$top=2\u0026$filter=PartitionKey%20eq%20\u0027pk\u0027\u0026NextPartitionKey=1!4!cGs-\u0026NextRowKey=1!8!MTAxMjM0",
      "RequestMethod": "GET",
      "RequestHeaders": {
        "Accept": "application/json;odata=minimalmetadata",
        "Accept-Encoding": "gzip, deflate",
        "DataServiceVersion": "3.0",
        "Date": "Fri, 06 May 2022 00:44:39 GMT",
        "User-Agent": "azsdk-python-data-tables/12.3.0 Python/3.10.0 (Windows-10-10.0.22000-SP0)",
        "x-ms-date": "Fri, 06 May 2022 00:44:39 GMT",
        "x-ms-version": "2019-02-02"
      },
      "RequestBody": null,
      "StatusCode": 200,
      "ResponseHeaders": {
        "Cache-Control": "no-cache",
        "Content-Type": "application/json; odata=minimalmetadata; streaming=true; charset=utf-8",
        "Date": "Fri, 06 May 2022 00:44:38 GMT",
        "Server": [
          "Windows-Azure-Table/1.0",
          "Microsoft-HTTPAPI/2.0"
        ],
        "Transfer-Encoding": "chunked",
        "X-Content-Type-Options": "nosniff",
        "x-ms-version": "2019-02-02"
      },
      "ResponseBody": {
        "odata.metadata": "https://fakeendpoint.table.core.windows.net/$metadata#uttable3c3c2ef7",
        "value": [
          {
            "odata.etag": "W/\u0022datetime\u00272022-05-06T00%3A44%3A38.2461262Z\u0027\u0022",
            "PartitionKey": "pk",
            "RowKey": "101234",
            "Timestamp": "2022-05-06T00:44:38.2461262Z",
            "value": 4
          },
          {
            "odata.etag": "W/\u0022datetime\u00272022-05-06T00%3A44%3A38.321084Z\u0027\u0022",
            "PartitionKey": "pk",
            "RowKey": "1012345",
            "Timestamp": "2022-05-06T00:44:38.321084Z",
            "value": 5
          }
        ]
      }
    },
    {
      "RequestUri": "https://fakeendpoint.table.core.windows.net/Tables",
      "RequestMethod": "GET",
      "RequestHeaders": {
        "Accept": "application/json;odata=minimalmetadata",
        "Accept-Encoding": "gzip, deflate",
        "DataServiceVersion": "3.0",
        "Date": "Fri, 06 May 2022 00:44:39 GMT",
        "User-Agent": "azsdk-python-data-tables/12.3.0 Python/3.10.0 (Windows-10-10.0.22000-SP0)",
        "x-ms-date": "Fri, 06 May 2022 00:44:39 GMT",
        "x-ms-version": "2019-02-02"
      },
      "RequestBody": null,
      "StatusCode": 200,
      "ResponseHeaders": {
        "Cache-Control": "no-cache",
        "Content-Type": "application/json; odata=minimalmetadata; streaming=true; charset=utf-8",
        "Date": "Fri, 06 May 2022 00:44:38 GMT",
        "Server": [
          "Windows-Azure-Table/1.0",
          "Microsoft-HTTPAPI/2.0"
        ],
        "Transfer-Encoding": "chunked",
        "X-Content-Type-Options": "nosniff",
        "x-ms-version": "2019-02-02"
      },
      "ResponseBody": {
        "odata.metadata": "https://fakeendpoint.table.core.windows.net/$metadata#Tables",
        "value": [
          {
            "TableName": "uttable3c3c2ef7"
          }
        ]
      }
    },
    {
      "RequestUri": "https://fakeendpoint.table.core.windows.net/Tables(\u0027uttable3c3c2ef7\u0027)",
      "RequestMethod": "DELETE",
      "RequestHeaders": {
        "Accept": "application/json",
        "Accept-Encoding": "gzip, deflate",
        "Content-Length": "0",
        "Date": "Fri, 06 May 2022 00:44:39 GMT",
        "User-Agent": "azsdk-python-data-tables/12.3.0 Python/3.10.0 (Windows-10-10.0.22000-SP0)",
        "x-ms-date": "Fri, 06 May 2022 00:44:39 GMT",
        "x-ms-version": "2019-02-02"
      },
      "RequestBody": null,
      "StatusCode": 204,
      "ResponseHeaders": {
        "Cache-Control": "no-cache",
        "Content-Length": "0",
        "Date": "Fri, 06 May 2022 00:44:38 GMT",
        "Server": [
          "Windows-Azure-Table/1.0",
          "Microsoft-HTTPAPI/2.0"
        ],
        "X-Content-Type-Options": "nosniff",
        "x-ms-version": "2019-02-02"
      },
      "ResponseBody": null
    }
  ],
  "Variables": {}
}
