interactions:
- request:
    body: '{"TableName": "uttablede4a187e"}'
    headers:
      Accept:
      - application/json;odata=minimalmetadata
      Content-Length:
      - '32'
      Content-Type:
      - application/json;odata=nometadata
      DataServiceVersion:
      - '3.0'
      Date:
      - Tue, 04 May 2021 19:43:37 GMT
      User-Agent:
      - azsdk-python-data-tables/12.0.0b7 Python/3.9.0rc1 (Windows-10-10.0.19041-SP0)
      x-ms-date:
      - Tue, 04 May 2021 19:43:37 GMT
      x-ms-version:
      - '2019-02-02'
    method: POST
    uri: https://fake_cosmos_account.table.cosmos.azure.com/Tables
  response:
    body:
      string: '{"TableName":"uttablede4a187e","odata.metadata":"https://fake_cosmos_account.table.cosmos.azure.com/$metadata#Tables/@Element"}'
    headers:
      content-type: application/json;odata=minimalmetadata
      date: Tue, 04 May 2021 19:43:38 GMT
      etag: W/"datetime'2021-05-04T19%3A43%3A38.3982088Z'"
      location: https://fake_cosmos_account.table.cosmos.azure.com/Tables('uttablede4a187e')
      server: Microsoft-HTTPAPI/2.0
      transfer-encoding: chunked
    status:
      code: 201
      message: Ok
    url: https://seankaneprim.table.cosmos.azure.com/Tables
- request:
    body: '{"PartitionKey": "pkde4a187e", "PartitionKey@odata.type": "Edm.String",
      "RowKey": "rkde4a187e", "RowKey@odata.type": "Edm.String", "age": 39, "sex":
      "male", "sex@odata.type": "Edm.String", "married": true, "deceased": false,
      "ratio": 3.1, "evenratio": 3.0, "large": 933311100, "Birthday": "1973-10-04T00:00:00.000000Z",
      "Birthday@odata.type": "Edm.DateTime", "birthday": "1970-10-04T00:00:00.000000Z",
      "birthday@odata.type": "Edm.DateTime", "binary": "YmluYXJ5", "binary@odata.type":
      "Edm.Binary", "other": 20, "clsid": "c9da6455-213d-42c9-9a79-3e9149a57833",
      "clsid@odata.type": "Edm.Guid"}'
    headers:
      Accept:
      - application/json;odata=minimalmetadata
      Content-Length:
      - '591'
      Content-Type:
      - application/json;odata=nometadata
      DataServiceVersion:
      - '3.0'
      Date:
      - Tue, 04 May 2021 19:43:38 GMT
      User-Agent:
      - azsdk-python-data-tables/12.0.0b7 Python/3.9.0rc1 (Windows-10-10.0.19041-SP0)
      x-ms-date:
      - Tue, 04 May 2021 19:43:38 GMT
      x-ms-version:
      - '2019-02-02'
    method: POST
    uri: https://fake_cosmos_account.table.cosmos.azure.com/uttablede4a187e
  response:
    body:
      string: '{"odata.metadata":"https://fake_cosmos_account.table.cosmos.azure.com/uttablede4a187e/$metadata#uttablede4a187e/@Element","odata.etag":"W/\"datetime''2021-05-04T19%3A43%3A38.9327368Z''\"","PartitionKey":"pkde4a187e","RowKey":"rkde4a187e","age":39,"sex":"male","married":true,"deceased":false,"ratio":3.1,"evenratio":3.0,"large":933311100,"Birthday@odata.type":"Edm.DateTime","Birthday":"1973-10-04T00:00:00.0000000Z","birthday@odata.type":"Edm.DateTime","birthday":"1970-10-04T00:00:00.0000000Z","binary@odata.type":"Edm.Binary","binary":"YmluYXJ5","other":20,"clsid@odata.type":"Edm.Guid","clsid":"c9da6455-213d-42c9-9a79-3e9149a57833","Timestamp":"2021-05-04T19:43:38.9327368Z"}'
    headers:
      content-type: application/json;odata=minimalmetadata
      date: Tue, 04 May 2021 19:43:38 GMT
      etag: W/"datetime'2021-05-04T19%3A43%3A38.9327368Z'"
      location: https://fake_cosmos_account.table.cosmos.azure.com/uttablede4a187e(PartitionKey='pkde4a187e',RowKey='rkde4a187e')
      server: Microsoft-HTTPAPI/2.0
      transfer-encoding: chunked
    status:
      code: 201
      message: Created
    url: https://seankaneprim.table.cosmos.azure.com/uttablede4a187e
- request:
    body: null
    headers:
      Accept:
      - application/json;odata=minimalmetadata
      DataServiceVersion:
      - '3.0'
      Date:
      - Tue, 04 May 2021 19:43:38 GMT
      If-Match:
      - '*'
      User-Agent:
      - azsdk-python-data-tables/12.0.0b7 Python/3.9.0rc1 (Windows-10-10.0.19041-SP0)
      x-ms-date:
      - Tue, 04 May 2021 19:43:38 GMT
      x-ms-version:
      - '2019-02-02'
    method: DELETE
    uri: https://fake_cosmos_account.table.cosmos.azure.com/uttablede4a187e(PartitionKey='pkde4a187e',RowKey='rkde4a187e')
  response:
    body:
      string: ''
    headers:
      content-length: '0'
      date: Tue, 04 May 2021 19:43:38 GMT
      server: Microsoft-HTTPAPI/2.0
    status:
      code: 204
      message: No Content
    url: https://seankaneprim.table.cosmos.azure.com/uttablede4a187e(PartitionKey='pkde4a187e',RowKey='rkde4a187e')
- request:
    body: '{"PartitionKey": "pk2", "PartitionKey@odata.type": "Edm.String", "RowKey":
      "rk2", "RowKey@odata.type": "Edm.String", "Value": 100}'
    headers:
      Accept:
      - application/json;odata=minimalmetadata
      Content-Length:
      - '130'
      Content-Type:
      - application/json;odata=nometadata
      DataServiceVersion:
      - '3.0'
      Date:
      - Tue, 04 May 2021 19:43:39 GMT
      User-Agent:
      - azsdk-python-data-tables/12.0.0b7 Python/3.9.0rc1 (Windows-10-10.0.19041-SP0)
      x-ms-date:
      - Tue, 04 May 2021 19:43:39 GMT
      x-ms-version:
      - '2019-02-02'
    method: POST
    uri: https://fake_cosmos_account.table.cosmos.azure.com/uttablede4a187e
  response:
    body:
      string: '{"odata.metadata":"https://fake_cosmos_account.table.cosmos.azure.com/uttablede4a187e/$metadata#uttablede4a187e/@Element","odata.etag":"W/\"datetime''2021-05-04T19%3A43%3A39.2325640Z''\"","PartitionKey":"pk2","RowKey":"rk2","Value":100,"Timestamp":"2021-05-04T19:43:39.2325640Z"}'
    headers:
      content-type: application/json;odata=minimalmetadata
      date: Tue, 04 May 2021 19:43:38 GMT
      etag: W/"datetime'2021-05-04T19%3A43%3A39.2325640Z'"
      location: https://fake_cosmos_account.table.cosmos.azure.com/uttablede4a187e(PartitionKey='pk2',RowKey='rk2')
      server: Microsoft-HTTPAPI/2.0
      transfer-encoding: chunked
    status:
      code: 201
      message: Created
    url: https://seankaneprim.table.cosmos.azure.com/uttablede4a187e
- request:
    body: null
    headers:
      Accept:
      - application/json;odata=minimalmetadata
      DataServiceVersion:
      - '3.0'
      Date:
      - Tue, 04 May 2021 19:43:39 GMT
      If-Match:
      - '*'
      User-Agent:
      - azsdk-python-data-tables/12.0.0b7 Python/3.9.0rc1 (Windows-10-10.0.19041-SP0)
      x-ms-date:
      - Tue, 04 May 2021 19:43:39 GMT
      x-ms-version:
      - '2019-02-02'
    method: DELETE
    uri: https://fake_cosmos_account.table.cosmos.azure.com/uttablede4a187e(PartitionKey='pk2',RowKey='rk2')
  response:
    body:
      string: ''
    headers:
      content-length: '0'
      date: Tue, 04 May 2021 19:43:38 GMT
      server: Microsoft-HTTPAPI/2.0
    status:
      code: 204
      message: No Content
    url: https://seankaneprim.table.cosmos.azure.com/uttablede4a187e(PartitionKey='pk2',RowKey='rk2')
- request:
    body: null
    headers:
      Accept:
      - application/json;odata=minimalmetadata
      DataServiceVersion:
      - '3.0'
      Date:
      - Tue, 04 May 2021 19:43:39 GMT
      User-Agent:
      - azsdk-python-data-tables/12.0.0b7 Python/3.9.0rc1 (Windows-10-10.0.19041-SP0)
      x-ms-date:
      - Tue, 04 May 2021 19:43:39 GMT
      x-ms-version:
      - '2019-02-02'
    method: GET
    uri: https://fake_cosmos_account.table.cosmos.azure.com/uttablede4a187e()
  response:
    body:
      string: '{"value":[],"odata.metadata":"https://fake_cosmos_account.table.cosmos.azure.com/$metadata#uttablede4a187e"}'
    headers:
      content-type: application/json;odata=minimalmetadata
      date: Tue, 04 May 2021 19:43:38 GMT
      server: Microsoft-HTTPAPI/2.0
      transfer-encoding: chunked
    status:
      code: 200
      message: Ok
    url: https://seankaneprim.table.cosmos.azure.com/uttablede4a187e()
- request:
    body: null
    headers:
      Accept:
      - application/json
      Date:
      - Tue, 04 May 2021 19:43:39 GMT
      User-Agent:
      - azsdk-python-data-tables/12.0.0b7 Python/3.9.0rc1 (Windows-10-10.0.19041-SP0)
      x-ms-date:
      - Tue, 04 May 2021 19:43:39 GMT
      x-ms-version:
      - '2019-02-02'
    method: DELETE
    uri: https://fake_cosmos_account.table.cosmos.azure.com/Tables('uttablede4a187e')
  response:
    body:
      string: ''
    headers:
      content-length: '0'
      date: Tue, 04 May 2021 19:43:39 GMT
      server: Microsoft-HTTPAPI/2.0
    status:
      code: 204
      message: No Content
    url: https://seankaneprim.table.cosmos.azure.com/Tables('uttablede4a187e')
version: 1
