interactions:
- request:
    body: '{"TableName": "uttableaafd1293"}'
    headers:
      Accept:
      - application/json;odata=minimalmetadata
      Accept-Encoding:
      - gzip, deflate
      Connection:
      - keep-alive
      Content-Length:
      - '32'
      Content-Type:
      - application/json;odata=nometadata
      DataServiceVersion:
      - '3.0'
      Date:
      - Wed, 26 May 2021 15:48:41 GMT
      User-Agent:
      - azsdk-python-data-tables/12.0.0b7 Python/3.7.4 (Windows-10-10.0.19041-SP0)
      x-ms-date:
      - Wed, 26 May 2021 15:48:41 GMT
      x-ms-version:
      - '2019-02-02'
    method: POST
    uri: https://fake_table_account.table.core.windows.net/Tables
  response:
    body:
      string: '{"odata.metadata":"https://fake_table_account.table.core.windows.net/$metadata#Tables/@Element","TableName":"uttableaafd1293"}'
    headers:
      cache-control:
      - no-cache
      content-type:
      - application/json;odata=minimalmetadata;streaming=true;charset=utf-8
      date:
      - Wed, 26 May 2021 15:48:41 GMT
      location:
      - https://fake_table_account.table.core.windows.net/Tables('uttableaafd1293')
      server:
      - Windows-Azure-Table/1.0 Microsoft-HTTPAPI/2.0
      transfer-encoding:
      - chunked
      x-content-type-options:
      - nosniff
      x-ms-version:
      - '2019-02-02'
    status:
      code: 201
      message: Created
- request:
    body: '{"PartitionKey": "PK", "PartitionKey@odata.type": "Edm.String", "RowKey":
      "table@storage.com0", "RowKey@odata.type": "Edm.String", "Value": 100}'
    headers:
      Accept:
      - application/json;odata=minimalmetadata
      Accept-Encoding:
      - gzip, deflate
      Connection:
      - keep-alive
      Content-Length:
      - '144'
      Content-Type:
      - application/json;odata=nometadata
      DataServiceVersion:
      - '3.0'
      Date:
      - Wed, 26 May 2021 15:48:42 GMT
      User-Agent:
      - azsdk-python-data-tables/12.0.0b7 Python/3.7.4 (Windows-10-10.0.19041-SP0)
      x-ms-date:
      - Wed, 26 May 2021 15:48:42 GMT
      x-ms-version:
      - '2019-02-02'
    method: POST
    uri: https://fake_table_account.table.core.windows.net/uttableaafd1293
  response:
    body:
      string: '{"odata.metadata":"https://fake_table_account.table.core.windows.net/$metadata#uttableaafd1293/@Element","odata.etag":"W/\"datetime''2021-05-26T15%3A48%3A42.1120675Z''\"","PartitionKey":"PK","RowKey":"table@storage.com0","Timestamp":"2021-05-26T15:48:42.1120675Z","Value":100}'
    headers:
      cache-control:
      - no-cache
      content-type:
      - application/json;odata=minimalmetadata;streaming=true;charset=utf-8
      date:
      - Wed, 26 May 2021 15:48:41 GMT
      etag:
      - W/"datetime'2021-05-26T15%3A48%3A42.1120675Z'"
      location:
      - https://fake_table_account.table.core.windows.net/uttableaafd1293(PartitionKey='PK',RowKey='table%40storage.com0')
      server:
      - Windows-Azure-Table/1.0 Microsoft-HTTPAPI/2.0
      transfer-encoding:
      - chunked
      x-content-type-options:
      - nosniff
      x-ms-version:
      - '2019-02-02'
    status:
      code: 201
      message: Created
- request:
    body: '{"PartitionKey": "PK", "PartitionKey@odata.type": "Edm.String", "RowKey":
      "table@storage.com01", "RowKey@odata.type": "Edm.String", "Value": 101}'
    headers:
      Accept:
      - application/json;odata=minimalmetadata
      Accept-Encoding:
      - gzip, deflate
      Connection:
      - keep-alive
      Content-Length:
      - '145'
      Content-Type:
      - application/json;odata=nometadata
      DataServiceVersion:
      - '3.0'
      Date:
      - Wed, 26 May 2021 15:48:42 GMT
      User-Agent:
      - azsdk-python-data-tables/12.0.0b7 Python/3.7.4 (Windows-10-10.0.19041-SP0)
      x-ms-date:
      - Wed, 26 May 2021 15:48:42 GMT
      x-ms-version:
      - '2019-02-02'
    method: POST
    uri: https://fake_table_account.table.core.windows.net/uttableaafd1293
  response:
    body:
      string: '{"odata.metadata":"https://fake_table_account.table.core.windows.net/$metadata#uttableaafd1293/@Element","odata.etag":"W/\"datetime''2021-05-26T15%3A48%3A42.2711803Z''\"","PartitionKey":"PK","RowKey":"table@storage.com01","Timestamp":"2021-05-26T15:48:42.2711803Z","Value":101}'
    headers:
      cache-control:
      - no-cache
      content-type:
      - application/json;odata=minimalmetadata;streaming=true;charset=utf-8
      date:
      - Wed, 26 May 2021 15:48:41 GMT
      etag:
      - W/"datetime'2021-05-26T15%3A48%3A42.2711803Z'"
      location:
      - https://fake_table_account.table.core.windows.net/uttableaafd1293(PartitionKey='PK',RowKey='table%40storage.com01')
      server:
      - Windows-Azure-Table/1.0 Microsoft-HTTPAPI/2.0
      transfer-encoding:
      - chunked
      x-content-type-options:
      - nosniff
      x-ms-version:
      - '2019-02-02'
    status:
      code: 201
      message: Created
- request:
    body: '{"PartitionKey": "PK", "PartitionKey@odata.type": "Edm.String", "RowKey":
      "table@storage.com012", "RowKey@odata.type": "Edm.String", "Value": 103}'
    headers:
      Accept:
      - application/json;odata=minimalmetadata
      Accept-Encoding:
      - gzip, deflate
      Connection:
      - keep-alive
      Content-Length:
      - '146'
      Content-Type:
      - application/json;odata=nometadata
      DataServiceVersion:
      - '3.0'
      Date:
      - Wed, 26 May 2021 15:48:42 GMT
      User-Agent:
      - azsdk-python-data-tables/12.0.0b7 Python/3.7.4 (Windows-10-10.0.19041-SP0)
      x-ms-date:
      - Wed, 26 May 2021 15:48:42 GMT
      x-ms-version:
      - '2019-02-02'
    method: POST
    uri: https://fake_table_account.table.core.windows.net/uttableaafd1293
  response:
    body:
      string: '{"odata.metadata":"https://fake_table_account.table.core.windows.net/$metadata#uttableaafd1293/@Element","odata.etag":"W/\"datetime''2021-05-26T15%3A48%3A42.3642463Z''\"","PartitionKey":"PK","RowKey":"table@storage.com012","Timestamp":"2021-05-26T15:48:42.3642463Z","Value":103}'
    headers:
      cache-control:
      - no-cache
      content-type:
      - application/json;odata=minimalmetadata;streaming=true;charset=utf-8
      date:
      - Wed, 26 May 2021 15:48:41 GMT
      etag:
      - W/"datetime'2021-05-26T15%3A48%3A42.3642463Z'"
      location:
      - https://fake_table_account.table.core.windows.net/uttableaafd1293(PartitionKey='PK',RowKey='table%40storage.com012')
      server:
      - Windows-Azure-Table/1.0 Microsoft-HTTPAPI/2.0
      transfer-encoding:
      - chunked
      x-content-type-options:
      - nosniff
      x-ms-version:
      - '2019-02-02'
    status:
      code: 201
      message: Created
- request:
    body: '{"PartitionKey": "PK", "PartitionKey@odata.type": "Edm.String", "RowKey":
      "table@storage.com0123", "RowKey@odata.type": "Edm.String", "Value": 106}'
    headers:
      Accept:
      - application/json;odata=minimalmetadata
      Accept-Encoding:
      - gzip, deflate
      Connection:
      - keep-alive
      Content-Length:
      - '147'
      Content-Type:
      - application/json;odata=nometadata
      DataServiceVersion:
      - '3.0'
      Date:
      - Wed, 26 May 2021 15:48:42 GMT
      User-Agent:
      - azsdk-python-data-tables/12.0.0b7 Python/3.7.4 (Windows-10-10.0.19041-SP0)
      x-ms-date:
      - Wed, 26 May 2021 15:48:42 GMT
      x-ms-version:
      - '2019-02-02'
    method: POST
    uri: https://fake_table_account.table.core.windows.net/uttableaafd1293
  response:
    body:
      string: '{"odata.metadata":"https://fake_table_account.table.core.windows.net/$metadata#uttableaafd1293/@Element","odata.etag":"W/\"datetime''2021-05-26T15%3A48%3A42.4112798Z''\"","PartitionKey":"PK","RowKey":"table@storage.com0123","Timestamp":"2021-05-26T15:48:42.4112798Z","Value":106}'
    headers:
      cache-control:
      - no-cache
      content-type:
      - application/json;odata=minimalmetadata;streaming=true;charset=utf-8
      date:
      - Wed, 26 May 2021 15:48:41 GMT
      etag:
      - W/"datetime'2021-05-26T15%3A48%3A42.4112798Z'"
      location:
      - https://fake_table_account.table.core.windows.net/uttableaafd1293(PartitionKey='PK',RowKey='table%40storage.com0123')
      server:
      - Windows-Azure-Table/1.0 Microsoft-HTTPAPI/2.0
      transfer-encoding:
      - chunked
      x-content-type-options:
      - nosniff
      x-ms-version:
      - '2019-02-02'
    status:
      code: 201
      message: Created
- request:
    body: '{"PartitionKey": "PK", "PartitionKey@odata.type": "Edm.String", "RowKey":
      "table@storage.com01234", "RowKey@odata.type": "Edm.String", "Value": 110}'
    headers:
      Accept:
      - application/json;odata=minimalmetadata
      Accept-Encoding:
      - gzip, deflate
      Connection:
      - keep-alive
      Content-Length:
      - '148'
      Content-Type:
      - application/json;odata=nometadata
      DataServiceVersion:
      - '3.0'
      Date:
      - Wed, 26 May 2021 15:48:42 GMT
      User-Agent:
      - azsdk-python-data-tables/12.0.0b7 Python/3.7.4 (Windows-10-10.0.19041-SP0)
      x-ms-date:
      - Wed, 26 May 2021 15:48:42 GMT
      x-ms-version:
      - '2019-02-02'
    method: POST
    uri: https://fake_table_account.table.core.windows.net/uttableaafd1293
  response:
    body:
      string: '{"odata.metadata":"https://fake_table_account.table.core.windows.net/$metadata#uttableaafd1293/@Element","odata.etag":"W/\"datetime''2021-05-26T15%3A48%3A42.5213592Z''\"","PartitionKey":"PK","RowKey":"table@storage.com01234","Timestamp":"2021-05-26T15:48:42.5213592Z","Value":110}'
    headers:
      cache-control:
      - no-cache
      content-type:
      - application/json;odata=minimalmetadata;streaming=true;charset=utf-8
      date:
      - Wed, 26 May 2021 15:48:42 GMT
      etag:
      - W/"datetime'2021-05-26T15%3A48%3A42.5213592Z'"
      location:
      - https://fake_table_account.table.core.windows.net/uttableaafd1293(PartitionKey='PK',RowKey='table%40storage.com01234')
      server:
      - Windows-Azure-Table/1.0 Microsoft-HTTPAPI/2.0
      transfer-encoding:
      - chunked
      x-content-type-options:
      - nosniff
      x-ms-version:
      - '2019-02-02'
    status:
      code: 201
      message: Created
- request:
    body: '{"PartitionKey": "PK", "PartitionKey@odata.type": "Edm.String", "RowKey":
      "table@storage.com012345", "RowKey@odata.type": "Edm.String", "Value": 115}'
    headers:
      Accept:
      - application/json;odata=minimalmetadata
      Accept-Encoding:
      - gzip, deflate
      Connection:
      - keep-alive
      Content-Length:
      - '149'
      Content-Type:
      - application/json;odata=nometadata
      DataServiceVersion:
      - '3.0'
      Date:
      - Wed, 26 May 2021 15:48:42 GMT
      User-Agent:
      - azsdk-python-data-tables/12.0.0b7 Python/3.7.4 (Windows-10-10.0.19041-SP0)
      x-ms-date:
      - Wed, 26 May 2021 15:48:42 GMT
      x-ms-version:
      - '2019-02-02'
    method: POST
    uri: https://fake_table_account.table.core.windows.net/uttableaafd1293
  response:
    body:
      string: '{"odata.metadata":"https://fake_table_account.table.core.windows.net/$metadata#uttableaafd1293/@Element","odata.etag":"W/\"datetime''2021-05-26T15%3A48%3A42.6914816Z''\"","PartitionKey":"PK","RowKey":"table@storage.com012345","Timestamp":"2021-05-26T15:48:42.6914816Z","Value":115}'
    headers:
      cache-control:
      - no-cache
      content-type:
      - application/json;odata=minimalmetadata;streaming=true;charset=utf-8
      date:
      - Wed, 26 May 2021 15:48:42 GMT
      etag:
      - W/"datetime'2021-05-26T15%3A48%3A42.6914816Z'"
      location:
      - https://fake_table_account.table.core.windows.net/uttableaafd1293(PartitionKey='PK',RowKey='table%40storage.com012345')
      server:
      - Windows-Azure-Table/1.0 Microsoft-HTTPAPI/2.0
      transfer-encoding:
      - chunked
      x-content-type-options:
      - nosniff
      x-ms-version:
      - '2019-02-02'
    status:
      code: 201
      message: Created
- request:
    body: '{"PartitionKey": "PK", "PartitionKey@odata.type": "Edm.String", "RowKey":
      "table@storage.com0123456", "RowKey@odata.type": "Edm.String", "Value": 121}'
    headers:
      Accept:
      - application/json;odata=minimalmetadata
      Accept-Encoding:
      - gzip, deflate
      Connection:
      - keep-alive
      Content-Length:
      - '150'
      Content-Type:
      - application/json;odata=nometadata
      DataServiceVersion:
      - '3.0'
      Date:
      - Wed, 26 May 2021 15:48:42 GMT
      User-Agent:
      - azsdk-python-data-tables/12.0.0b7 Python/3.7.4 (Windows-10-10.0.19041-SP0)
      x-ms-date:
      - Wed, 26 May 2021 15:48:42 GMT
      x-ms-version:
      - '2019-02-02'
    method: POST
    uri: https://fake_table_account.table.core.windows.net/uttableaafd1293
  response:
    body:
      string: '{"odata.metadata":"https://fake_table_account.table.core.windows.net/$metadata#uttableaafd1293/@Element","odata.etag":"W/\"datetime''2021-05-26T15%3A48%3A42.7505233Z''\"","PartitionKey":"PK","RowKey":"table@storage.com0123456","Timestamp":"2021-05-26T15:48:42.7505233Z","Value":121}'
    headers:
      cache-control:
      - no-cache
      content-type:
      - application/json;odata=minimalmetadata;streaming=true;charset=utf-8
      date:
      - Wed, 26 May 2021 15:48:42 GMT
      etag:
      - W/"datetime'2021-05-26T15%3A48%3A42.7505233Z'"
      location:
      - https://fake_table_account.table.core.windows.net/uttableaafd1293(PartitionKey='PK',RowKey='table%40storage.com0123456')
      server:
      - Windows-Azure-Table/1.0 Microsoft-HTTPAPI/2.0
      transfer-encoding:
      - chunked
      x-content-type-options:
      - nosniff
      x-ms-version:
      - '2019-02-02'
    status:
      code: 201
      message: Created
- request:
    body: '{"PartitionKey": "PK", "PartitionKey@odata.type": "Edm.String", "RowKey":
      "table@storage.com01234567", "RowKey@odata.type": "Edm.String", "Value": 128}'
    headers:
      Accept:
      - application/json;odata=minimalmetadata
      Accept-Encoding:
      - gzip, deflate
      Connection:
      - keep-alive
      Content-Length:
      - '151'
      Content-Type:
      - application/json;odata=nometadata
      DataServiceVersion:
      - '3.0'
      Date:
      - Wed, 26 May 2021 15:48:42 GMT
      User-Agent:
      - azsdk-python-data-tables/12.0.0b7 Python/3.7.4 (Windows-10-10.0.19041-SP0)
      x-ms-date:
      - Wed, 26 May 2021 15:48:42 GMT
      x-ms-version:
      - '2019-02-02'
    method: POST
    uri: https://fake_table_account.table.core.windows.net/uttableaafd1293
  response:
    body:
      string: '{"odata.metadata":"https://fake_table_account.table.core.windows.net/$metadata#uttableaafd1293/@Element","odata.etag":"W/\"datetime''2021-05-26T15%3A48%3A42.8155701Z''\"","PartitionKey":"PK","RowKey":"table@storage.com01234567","Timestamp":"2021-05-26T15:48:42.8155701Z","Value":128}'
    headers:
      cache-control:
      - no-cache
      content-type:
      - application/json;odata=minimalmetadata;streaming=true;charset=utf-8
      date:
      - Wed, 26 May 2021 15:48:42 GMT
      etag:
      - W/"datetime'2021-05-26T15%3A48%3A42.8155701Z'"
      location:
      - https://fake_table_account.table.core.windows.net/uttableaafd1293(PartitionKey='PK',RowKey='table%40storage.com01234567')
      server:
      - Windows-Azure-Table/1.0 Microsoft-HTTPAPI/2.0
      transfer-encoding:
      - chunked
      x-content-type-options:
      - nosniff
      x-ms-version:
      - '2019-02-02'
    status:
      code: 201
      message: Created
- request:
    body: '{"PartitionKey": "PK", "PartitionKey@odata.type": "Edm.String", "RowKey":
      "table@storage.com012345678", "RowKey@odata.type": "Edm.String", "Value": 136}'
    headers:
      Accept:
      - application/json;odata=minimalmetadata
      Accept-Encoding:
      - gzip, deflate
      Connection:
      - keep-alive
      Content-Length:
      - '152'
      Content-Type:
      - application/json;odata=nometadata
      DataServiceVersion:
      - '3.0'
      Date:
      - Wed, 26 May 2021 15:48:42 GMT
      User-Agent:
      - azsdk-python-data-tables/12.0.0b7 Python/3.7.4 (Windows-10-10.0.19041-SP0)
      x-ms-date:
      - Wed, 26 May 2021 15:48:42 GMT
      x-ms-version:
      - '2019-02-02'
    method: POST
    uri: https://fake_table_account.table.core.windows.net/uttableaafd1293
  response:
    body:
      string: '{"odata.metadata":"https://fake_table_account.table.core.windows.net/$metadata#uttableaafd1293/@Element","odata.etag":"W/\"datetime''2021-05-26T15%3A48%3A42.8716099Z''\"","PartitionKey":"PK","RowKey":"table@storage.com012345678","Timestamp":"2021-05-26T15:48:42.8716099Z","Value":136}'
    headers:
      cache-control:
      - no-cache
      content-type:
      - application/json;odata=minimalmetadata;streaming=true;charset=utf-8
      date:
      - Wed, 26 May 2021 15:48:42 GMT
      etag:
      - W/"datetime'2021-05-26T15%3A48%3A42.8716099Z'"
      location:
      - https://fake_table_account.table.core.windows.net/uttableaafd1293(PartitionKey='PK',RowKey='table%40storage.com012345678')
      server:
      - Windows-Azure-Table/1.0 Microsoft-HTTPAPI/2.0
      transfer-encoding:
      - chunked
      x-content-type-options:
      - nosniff
      x-ms-version:
      - '2019-02-02'
    status:
      code: 201
      message: Created
- request:
    body: '{"PartitionKey": "PK", "PartitionKey@odata.type": "Edm.String", "RowKey":
      "table@storage.com0123456789", "RowKey@odata.type": "Edm.String", "Value": 145}'
    headers:
      Accept:
      - application/json;odata=minimalmetadata
      Accept-Encoding:
      - gzip, deflate
      Connection:
      - keep-alive
      Content-Length:
      - '153'
      Content-Type:
      - application/json;odata=nometadata
      DataServiceVersion:
      - '3.0'
      Date:
      - Wed, 26 May 2021 15:48:42 GMT
      User-Agent:
      - azsdk-python-data-tables/12.0.0b7 Python/3.7.4 (Windows-10-10.0.19041-SP0)
      x-ms-date:
      - Wed, 26 May 2021 15:48:42 GMT
      x-ms-version:
      - '2019-02-02'
    method: POST
    uri: https://fake_table_account.table.core.windows.net/uttableaafd1293
  response:
    body:
      string: '{"odata.metadata":"https://fake_table_account.table.core.windows.net/$metadata#uttableaafd1293/@Element","odata.etag":"W/\"datetime''2021-05-26T15%3A48%3A42.9236476Z''\"","PartitionKey":"PK","RowKey":"table@storage.com0123456789","Timestamp":"2021-05-26T15:48:42.9236476Z","Value":145}'
    headers:
      cache-control:
      - no-cache
      content-type:
      - application/json;odata=minimalmetadata;streaming=true;charset=utf-8
      date:
      - Wed, 26 May 2021 15:48:42 GMT
      etag:
      - W/"datetime'2021-05-26T15%3A48%3A42.9236476Z'"
      location:
      - https://fake_table_account.table.core.windows.net/uttableaafd1293(PartitionKey='PK',RowKey='table%40storage.com0123456789')
      server:
      - Windows-Azure-Table/1.0 Microsoft-HTTPAPI/2.0
      transfer-encoding:
      - chunked
      x-content-type-options:
      - nosniff
      x-ms-version:
      - '2019-02-02'
    status:
      code: 201
      message: Created
- request:
    body: null
    headers:
      Accept:
      - application/json;odata=minimalmetadata
      Accept-Encoding:
      - gzip, deflate
      Connection:
      - keep-alive
      DataServiceVersion:
      - '3.0'
      Date:
      - Wed, 26 May 2021 15:48:42 GMT
      User-Agent:
      - azsdk-python-data-tables/12.0.0b7 Python/3.7.4 (Windows-10-10.0.19041-SP0)
      x-ms-date:
      - Wed, 26 May 2021 15:48:42 GMT
      x-ms-version:
      - '2019-02-02'
    method: GET
    uri: https://fake_table_account.table.core.windows.net/uttableaafd1293()?$filter=RowKey%20eq%20%27table%40storage.com0123456789%27
  response:
    body:
      string: '{"odata.metadata":"https://fake_table_account.table.core.windows.net/$metadata#uttableaafd1293","value":[{"odata.etag":"W/\"datetime''2021-05-26T15%3A48%3A42.9236476Z''\"","PartitionKey":"PK","RowKey":"table@storage.com0123456789","Timestamp":"2021-05-26T15:48:42.9236476Z","Value":145}]}'
    headers:
      cache-control:
      - no-cache
      content-type:
      - application/json;odata=minimalmetadata;streaming=true;charset=utf-8
      date:
      - Wed, 26 May 2021 15:48:42 GMT
      server:
      - Windows-Azure-Table/1.0 Microsoft-HTTPAPI/2.0
      transfer-encoding:
      - chunked
      vary:
      - Origin
      x-content-type-options:
      - nosniff
      x-ms-version:
      - '2019-02-02'
    status:
      code: 200
      message: OK
- request:
    body: null
    headers:
      Accept:
      - application/json;odata=minimalmetadata
      Accept-Encoding:
      - gzip, deflate
      Connection:
      - keep-alive
      Content-Length:
      - '0'
      DataServiceVersion:
      - '3.0'
      Date:
      - Wed, 26 May 2021 15:48:43 GMT
      If-Match:
      - '*'
      User-Agent:
      - azsdk-python-data-tables/12.0.0b7 Python/3.7.4 (Windows-10-10.0.19041-SP0)
      x-ms-date:
      - Wed, 26 May 2021 15:48:43 GMT
      x-ms-version:
      - '2019-02-02'
    method: DELETE
    uri: https://fake_table_account.table.core.windows.net/uttableaafd1293(PartitionKey='PK',RowKey='table%40storage.com0123456789')
  response:
    body:
      string: ''
    headers:
      cache-control:
      - no-cache
      content-length:
      - '0'
      date:
      - Wed, 26 May 2021 15:48:42 GMT
      server:
      - Windows-Azure-Table/1.0 Microsoft-HTTPAPI/2.0
      x-content-type-options:
      - nosniff
      x-ms-version:
      - '2019-02-02'
    status:
      code: 204
      message: No Content
- request:
    body: null
    headers:
      Accept:
      - application/json;odata=minimalmetadata
      Accept-Encoding:
      - gzip, deflate
      Connection:
      - keep-alive
      DataServiceVersion:
      - '3.0'
      Date:
      - Wed, 26 May 2021 15:48:43 GMT
      User-Agent:
      - azsdk-python-data-tables/12.0.0b7 Python/3.7.4 (Windows-10-10.0.19041-SP0)
      x-ms-date:
      - Wed, 26 May 2021 15:48:43 GMT
      x-ms-version:
      - '2019-02-02'
    method: GET
    uri: https://fake_table_account.table.core.windows.net/uttableaafd1293()?$filter=RowKey%20eq%20%27table%40storage.com0123456789%27
  response:
    body:
      string: '{"odata.metadata":"https://fake_table_account.table.core.windows.net/$metadata#uttableaafd1293","value":[]}'
    headers:
      cache-control:
      - no-cache
      content-type:
      - application/json;odata=minimalmetadata;streaming=true;charset=utf-8
      date:
      - Wed, 26 May 2021 15:48:42 GMT
      server:
      - Windows-Azure-Table/1.0 Microsoft-HTTPAPI/2.0
      transfer-encoding:
      - chunked
      vary:
      - Origin
      x-content-type-options:
      - nosniff
      x-ms-version:
      - '2019-02-02'
    status:
      code: 200
      message: OK
- request:
    body: null
    headers:
      Accept:
      - application/json;odata=minimalmetadata
      Accept-Encoding:
      - gzip, deflate
      Connection:
      - keep-alive
      DataServiceVersion:
      - '3.0'
      Date:
      - Wed, 26 May 2021 15:48:43 GMT
      User-Agent:
      - azsdk-python-data-tables/12.0.0b7 Python/3.7.4 (Windows-10-10.0.19041-SP0)
      x-ms-date:
      - Wed, 26 May 2021 15:48:43 GMT
      x-ms-version:
      - '2019-02-02'
    method: GET
    uri: https://fake_table_account.table.core.windows.net/Tables
  response:
    body:
      string: '{"odata.metadata":"https://fake_table_account.table.core.windows.net/$metadata#Tables","value":[{"TableName":"uttableaafd1293"}]}'
    headers:
      cache-control:
      - no-cache
      content-type:
      - application/json;odata=minimalmetadata;streaming=true;charset=utf-8
      date:
      - Wed, 26 May 2021 15:48:42 GMT
      server:
      - Windows-Azure-Table/1.0 Microsoft-HTTPAPI/2.0
      transfer-encoding:
      - chunked
      vary:
      - Origin
      x-content-type-options:
      - nosniff
      x-ms-version:
      - '2019-02-02'
    status:
      code: 200
      message: OK
- request:
    body: null
    headers:
      Accept:
      - application/json
      Accept-Encoding:
      - gzip, deflate
      Connection:
      - keep-alive
      Content-Length:
      - '0'
      Date:
      - Wed, 26 May 2021 15:48:43 GMT
      User-Agent:
      - azsdk-python-data-tables/12.0.0b7 Python/3.7.4 (Windows-10-10.0.19041-SP0)
      x-ms-date:
      - Wed, 26 May 2021 15:48:43 GMT
      x-ms-version:
      - '2019-02-02'
    method: DELETE
    uri: https://fake_table_account.table.core.windows.net/Tables('uttableaafd1293')
  response:
    body:
      string: ''
    headers:
      cache-control:
      - no-cache
      content-length:
      - '0'
      date:
      - Wed, 26 May 2021 15:48:42 GMT
      server:
      - Windows-Azure-Table/1.0 Microsoft-HTTPAPI/2.0
      x-content-type-options:
      - nosniff
      x-ms-version:
      - '2019-02-02'
    status:
      code: 204
      message: No Content
version: 1
