interactions:
- request:
    body: '{"TableName": "uttablec0f012fa"}'
    headers:
      Accept:
      - application/json;odata=minimalmetadata
      Content-Length:
      - '32'
      Content-Type:
      - application/json;odata=nometadata
      DataServiceVersion:
      - '3.0'
      Date:
      - Wed, 26 May 2021 22:54:59 GMT
      User-Agent:
      - azsdk-python-data-tables/12.0.0b7 Python/3.8.1 (Windows-10-10.0.19041-SP0)
      x-ms-date:
      - Wed, 26 May 2021 22:54:59 GMT
      x-ms-version:
      - '2019-02-02'
    method: POST
    uri: https://fake_cosmos_account.table.cosmos.azure.com/Tables
  response:
    body:
      string: '{"TableName":"uttablec0f012fa","odata.metadata":"https://fake_cosmos_account.table.cosmos.azure.com/$metadata#Tables/@Element"}'
    headers:
      content-type: application/json;odata=minimalmetadata
      date: Wed, 26 May 2021 22:54:59 GMT
      etag: W/"datetime'2021-05-26T22%3A54%3A59.5611656Z'"
      location: https://fake_cosmos_account.table.cosmos.azure.com/Tables('uttablec0f012fa')
      server: Microsoft-HTTPAPI/2.0
      transfer-encoding: chunked
    status:
      code: 201
      message: Ok
    url: https://seankaneprim.table.cosmos.azure.com/Tables
- request:
    body: '{"PartitionKey": "pkc0f012fa", "PartitionKey@odata.type": "Edm.String",
      "RowKey": "rkc0f012fa", "RowKey@odata.type": "Edm.String", "age": 39, "sex":
      "male", "sex@odata.type": "Edm.String", "married": true, "deceased": false,
      "ratio": 3.1, "ratio@odata.type": "Edm.Double", "evenratio": 3.0, "evenratio@odata.type":
      "Edm.Double", "double": 5, "double@odata.type": "Edm.Double", "large": 933311100,
      "Birthday": "1973-10-04T00:00:00.000000Z", "Birthday@odata.type": "Edm.DateTime",
      "birthday": "1970-10-04T00:00:00.000000Z", "birthday@odata.type": "Edm.DateTime",
      "binary": "YmluYXJ5", "binary@odata.type": "Edm.Binary", "other": 20, "clsid":
      "c9da6455-213d-42c9-9a79-3e9149a57833", "clsid@odata.type": "Edm.Guid"}'
    headers:
      Accept:
      - application/json;odata=minimalmetadata
      Content-Length:
      - '711'
      Content-Type:
      - application/json;odata=nometadata
      DataServiceVersion:
      - '3.0'
      Date:
      - Wed, 26 May 2021 22:54:59 GMT
      User-Agent:
      - azsdk-python-data-tables/12.0.0b7 Python/3.8.1 (Windows-10-10.0.19041-SP0)
      x-ms-date:
      - Wed, 26 May 2021 22:54:59 GMT
      x-ms-version:
      - '2019-02-02'
    method: POST
    uri: https://fake_cosmos_account.table.cosmos.azure.com/uttablec0f012fa
  response:
    body:
      string: '{"odata.metadata":"https://fake_cosmos_account.table.cosmos.azure.com/uttablec0f012fa/$metadata#uttablec0f012fa/@Element","odata.etag":"W/\"datetime''2021-05-26T22%3A54%3A59.9676936Z''\"","PartitionKey":"pkc0f012fa","RowKey":"rkc0f012fa","age":39,"sex":"male","married":true,"deceased":false,"ratio":3.1,"evenratio":3.0,"double":5.0,"large":933311100,"Birthday@odata.type":"Edm.DateTime","Birthday":"1973-10-04T00:00:00.0000000Z","birthday@odata.type":"Edm.DateTime","birthday":"1970-10-04T00:00:00.0000000Z","binary@odata.type":"Edm.Binary","binary":"YmluYXJ5","other":20,"clsid@odata.type":"Edm.Guid","clsid":"c9da6455-213d-42c9-9a79-3e9149a57833","Timestamp":"2021-05-26T22:54:59.9676936Z"}'
    headers:
      content-type: application/json;odata=minimalmetadata
      date: Wed, 26 May 2021 22:54:59 GMT
      etag: W/"datetime'2021-05-26T22%3A54%3A59.9676936Z'"
      location: https://fake_cosmos_account.table.cosmos.azure.com/uttablec0f012fa(PartitionKey='pkc0f012fa',RowKey='rkc0f012fa')
      server: Microsoft-HTTPAPI/2.0
      transfer-encoding: chunked
    status:
      code: 201
      message: Created
    url: https://seankaneprim.table.cosmos.azure.com/uttablec0f012fa
- request:
    body: null
    headers:
      Accept:
      - application/json;odata=minimalmetadata
      DataServiceVersion:
      - '3.0'
      Date:
      - Wed, 26 May 2021 22:54:59 GMT
      If-Match:
      - '*'
      User-Agent:
      - azsdk-python-data-tables/12.0.0b7 Python/3.8.1 (Windows-10-10.0.19041-SP0)
      x-ms-date:
      - Wed, 26 May 2021 22:54:59 GMT
      x-ms-version:
      - '2019-02-02'
    method: DELETE
    uri: https://fake_cosmos_account.table.cosmos.azure.com/uttablec0f012fa(PartitionKey='pkc0f012fa',RowKey='rkc0f012fa')?se=end&sp=d&sv=2019-02-02&tn=uttablec0f012fa&sig=fake_token_value
  response:
    body:
      string: ''
    headers:
      content-length: '0'
      date: Wed, 26 May 2021 22:55:00 GMT
      server: Microsoft-HTTPAPI/2.0
    status:
      code: 204
      message: No Content
    url: https://seankaneprim.table.cosmos.azure.com/uttablec0f012fa(PartitionKey='pkc0f012fa',RowKey='rkc0f012fa')?se=2021-05-26T23:54:59Z&sp=d&sv=2019-02-02&tn=uttablec0f012fa&sig=WrV9S4YbBkgN5ejisWVduwGY2rVCD%2BzTxj/FM1mkH8s%3D
- request:
    body: null
    headers:
      Accept:
      - application/json;odata=minimalmetadata
      DataServiceVersion:
      - '3.0'
      Date:
      - Wed, 26 May 2021 22:55:00 GMT
      User-Agent:
      - azsdk-python-data-tables/12.0.0b7 Python/3.8.1 (Windows-10-10.0.19041-SP0)
      x-ms-date:
      - Wed, 26 May 2021 22:55:00 GMT
      x-ms-version:
      - '2019-02-02'
    method: GET
    uri: https://fake_cosmos_account.table.cosmos.azure.com/uttablec0f012fa(PartitionKey='pkc0f012fa',RowKey='rkc0f012fa')
  response:
    body:
      string: "{\"odata.error\":{\"code\":\"ResourceNotFound\",\"message\":{\"lang\":\"en-us\",\"value\":\"The
        specified resource does not exist.\\nRequestID:6651f8e2-be75-11eb-b907-b831b5891408\\n\"}}}\r\n"
    headers:
      content-type: application/json;odata=minimalmetadata
      date: Wed, 26 May 2021 22:54:59 GMT
      server: Microsoft-HTTPAPI/2.0
      transfer-encoding: chunked
    status:
      code: 404
      message: Not Found
    url: https://seankaneprim.table.cosmos.azure.com/uttablec0f012fa(PartitionKey='pkc0f012fa',RowKey='rkc0f012fa')
- request:
    body: null
    headers:
      Accept:
      - application/json;odata=minimalmetadata
      DataServiceVersion:
      - '3.0'
      Date:
      - Wed, 26 May 2021 22:55:00 GMT
      User-Agent:
      - azsdk-python-data-tables/12.0.0b7 Python/3.8.1 (Windows-10-10.0.19041-SP0)
      x-ms-date:
      - Wed, 26 May 2021 22:55:00 GMT
      x-ms-version:
      - '2019-02-02'
    method: GET
    uri: https://fake_cosmos_account.table.cosmos.azure.com/Tables
  response:
    body:
      string: '{"value":[{"TableName":"uttablec0f012fa"}],"odata.metadata":"https://fake_cosmos_account.table.cosmos.azure.com/$metadata#Tables"}'
    headers:
      content-type: application/json;odata=minimalmetadata
      date: Wed, 26 May 2021 22:54:59 GMT
      server: Microsoft-HTTPAPI/2.0
      transfer-encoding: chunked
    status:
      code: 200
      message: Ok
    url: https://seankaneprim.table.cosmos.azure.com/Tables
- request:
    body: null
    headers:
      Accept:
      - application/json
      Date:
      - Wed, 26 May 2021 22:55:00 GMT
      User-Agent:
      - azsdk-python-data-tables/12.0.0b7 Python/3.8.1 (Windows-10-10.0.19041-SP0)
      x-ms-date:
      - Wed, 26 May 2021 22:55:00 GMT
      x-ms-version:
      - '2019-02-02'
    method: DELETE
    uri: https://fake_cosmos_account.table.cosmos.azure.com/Tables('uttablec0f012fa')
  response:
    body:
      string: ''
    headers:
      content-length: '0'
      date: Wed, 26 May 2021 22:55:00 GMT
      server: Microsoft-HTTPAPI/2.0
    status:
      code: 204
      message: No Content
    url: https://seankaneprim.table.cosmos.azure.com/Tables('uttablec0f012fa')
version: 1
