{
  "Entries": [
    {
      "RequestUri": "https://yalltbtestsprim.table.cosmos.azure.com/Tables",
      "RequestMethod": "POST",
      "RequestHeaders": {
        "Accept": "application/json;odata=minimalmetadata",
        "Accept-Encoding": "gzip, deflate",
        "Authorization": "Sanitized",
        "Content-Length": "32",
        "Content-Type": "application/json;odata=nometadata",
        "DataServiceVersion": "3.0",
        "Date": "Mon, 18 Oct 2021 23:33:06 GMT",
        "User-Agent": "azsdk-python-data-tables/12.1.1 Python/3.9.2 (Windows-10-10.0.19041-SP0)",
        "x-ms-client-request-id": "bf3d56e9-306b-11ec-a0cf-5cf37093a909",
        "x-ms-date": "Mon, 18 Oct 2021 23:33:06 GMT",
        "x-ms-version": "2019-02-02"
      },
      "RequestBody": "{\u0022TableName\u0022: \u0022uttable70a33390\u0022}",
      "StatusCode": 201,
      "ResponseHeaders": {
        "Content-Type": "application/json; odata=minimalmetadata",
        "Date": "Mon, 18 Oct 2021 23:33:01 GMT",
        "ETag": "W/\u0022datetime\u00272021-10-18T23%3A33%3A01.6008712Z\u0027\u0022",
        "Location": "https://yalltbtestsprim.table.cosmos.azure.com/Tables(\u0027uttable70a33390\u0027)",
        "Transfer-Encoding": "chunked",
        "x-ms-request-id": "be09a98f-43d7-43c9-8605-bf549b73222c"
      },
      "ResponseBody": {
        "TableName": "uttable70a33390",
        "odata.metadata": "https://yalltbtestsprim.table.cosmos.azure.com/$metadata#Tables/@Element"
      }
    },
    {
      "RequestUri": "https://yalltbtestsprim.table.cosmos.azure.com/uttable70a33390",
      "RequestMethod": "POST",
      "RequestHeaders": {
        "Accept": "application/json;odata=minimalmetadata",
        "Accept-Encoding": "gzip, deflate",
        "Authorization": "Sanitized",
        "Content-Length": "711",
        "Content-Type": "application/json;odata=nometadata",
        "DataServiceVersion": "3.0",
        "Date": "Mon, 18 Oct 2021 23:33:07 GMT",
        "User-Agent": "azsdk-python-data-tables/12.1.1 Python/3.9.2 (Windows-10-10.0.19041-SP0)",
        "x-ms-client-request-id": "bfd80852-306b-11ec-af86-5cf37093a909",
        "x-ms-date": "Mon, 18 Oct 2021 23:33:07 GMT",
        "x-ms-version": "2019-02-02"
      },
      "RequestBody": "{\u0022PartitionKey\u0022: \u0022pk70a33390\u0022, \u0022PartitionKey@odata.type\u0022: \u0022Edm.String\u0022, \u0022RowKey\u0022: \u0022rk70a33390\u0022, \u0022RowKey@odata.type\u0022: \u0022Edm.String\u0022, \u0022age\u0022: 39, \u0022sex\u0022: \u0022male\u0022, \u0022sex@odata.type\u0022: \u0022Edm.String\u0022, \u0022married\u0022: true, \u0022deceased\u0022: false, \u0022ratio\u0022: 3.1, \u0022ratio@odata.type\u0022: \u0022Edm.Double\u0022, \u0022evenratio\u0022: 3.0, \u0022evenratio@odata.type\u0022: \u0022Edm.Double\u0022, \u0022double\u0022: 5, \u0022double@odata.type\u0022: \u0022Edm.Double\u0022, \u0022large\u0022: 933311100, \u0022Birthday\u0022: \u00221973-10-04T00:00:00.000000Z\u0022, \u0022Birthday@odata.type\u0022: \u0022Edm.DateTime\u0022, \u0022birthday\u0022: \u00221970-10-04T00:00:00.000000Z\u0022, \u0022birthday@odata.type\u0022: \u0022Edm.DateTime\u0022, \u0022binary\u0022: \u0022YmluYXJ5\u0022, \u0022binary@odata.type\u0022: \u0022Edm.Binary\u0022, \u0022other\u0022: 20, \u0022clsid\u0022: \u0022c9da6455-213d-42c9-9a79-3e9149a57833\u0022, \u0022clsid@odata.type\u0022: \u0022Edm.Guid\u0022}",
      "StatusCode": 201,
      "ResponseHeaders": {
        "Content-Type": "application/json; odata=minimalmetadata",
        "Date": "Mon, 18 Oct 2021 23:33:01 GMT",
        "ETag": "W/\u0022datetime\u00272021-10-18T23%3A33%3A02.2692360Z\u0027\u0022",
        "Location": "https://yalltbtestsprim.table.cosmos.azure.com/uttable70a33390(PartitionKey=\u0027pk70a33390\u0027,RowKey=\u0027rk70a33390\u0027)",
        "Transfer-Encoding": "chunked",
        "x-ms-request-id": "8c8f436a-b146-4dc5-a125-125f68c5135d"
      },
      "ResponseBody": {
        "odata.metadata": "https://yalltbtestsprim.table.cosmos.azure.com/uttable70a33390/$metadata#uttable70a33390/@Element",
        "odata.etag": "W/\u0022datetime\u00272021-10-18T23%3A33%3A02.2692360Z\u0027\u0022",
        "PartitionKey": "pk70a33390",
        "RowKey": "rk70a33390",
        "age": 39,
        "sex": "male",
        "married": true,
        "deceased": false,
        "ratio": 3.1,
        "evenratio": 3.0,
        "double": 5.0,
        "large": 933311100,
        "Birthday@odata.type": "Edm.DateTime",
        "Birthday": "1973-10-04T00:00:00.0000000Z",
        "birthday@odata.type": "Edm.DateTime",
        "birthday": "1970-10-04T00:00:00.0000000Z",
        "binary@odata.type": "Edm.Binary",
        "binary": "YmluYXJ5",
        "other": 20,
        "clsid@odata.type": "Edm.Guid",
        "clsid": "c9da6455-213d-42c9-9a79-3e9149a57833",
        "Timestamp": "2021-10-18T23:33:02.2692360Z"
      }
    },
    {
      "RequestUri": "https://yalltbtestsprim.table.cosmos.azure.com/uttable70a33390(PartitionKey=\u0027pk70a33390\u0027,RowKey=\u0027rk70a33390\u0027)",
      "RequestMethod": "GET",
      "RequestHeaders": {
        "Accept": "application/json;odata=nometadata",
        "Accept-Encoding": "gzip, deflate",
        "Authorization": "Sanitized",
        "DataServiceVersion": "3.0",
        "Date": "Mon, 18 Oct 2021 23:33:08 GMT",
        "User-Agent": "azsdk-python-data-tables/12.1.1 Python/3.9.2 (Windows-10-10.0.19041-SP0)",
        "x-ms-client-request-id": "bfe25df3-306b-11ec-a907-5cf37093a909",
        "x-ms-date": "Mon, 18 Oct 2021 23:33:08 GMT",
        "x-ms-version": "2019-02-02"
      },
      "RequestBody": null,
      "StatusCode": 200,
      "ResponseHeaders": {
        "Content-Type": "application/json; odata=nometadata",
        "Date": "Mon, 18 Oct 2021 23:33:01 GMT",
        "ETag": "W/\u0022datetime\u00272021-10-18T23%3A33%3A02.2692360Z\u0027\u0022",
        "Transfer-Encoding": "chunked",
        "x-ms-request-id": "94b799b5-5ed8-475c-9eeb-b48cf55407a9"
      },
      "ResponseBody": {
        "PartitionKey": "pk70a33390",
        "RowKey": "rk70a33390",
        "age": 39,
        "sex": "male",
        "married": true,
        "deceased": false,
        "ratio": 3.1,
        "evenratio": 3.0,
        "double": 5.0,
        "large": 933311100,
        "Birthday": "1973-10-04T00:00:00.0000000Z",
        "birthday": "1970-10-04T00:00:00.0000000Z",
        "binary": "YmluYXJ5",
        "other": 20,
        "clsid": "c9da6455-213d-42c9-9a79-3e9149a57833",
        "Timestamp": "2021-10-18T23:33:02.2692360Z"
      }
    },
    {
      "RequestUri": "https://yalltbtestsprim.table.cosmos.azure.com/Tables",
      "RequestMethod": "GET",
      "RequestHeaders": {
        "Accept": "application/json;odata=minimalmetadata",
        "Accept-Encoding": "gzip, deflate",
        "Authorization": "Sanitized",
        "DataServiceVersion": "3.0",
        "Date": "Mon, 18 Oct 2021 23:33:08 GMT",
        "User-Agent": "azsdk-python-data-tables/12.1.1 Python/3.9.2 (Windows-10-10.0.19041-SP0)",
        "x-ms-client-request-id": "bfe7b480-306b-11ec-bdf1-5cf37093a909",
        "x-ms-date": "Mon, 18 Oct 2021 23:33:08 GMT",
        "x-ms-version": "2019-02-02"
      },
      "RequestBody": null,
      "StatusCode": 200,
      "ResponseHeaders": {
        "Content-Type": "application/json; odata=minimalmetadata",
        "Date": "Mon, 18 Oct 2021 23:33:01 GMT",
        "Transfer-Encoding": "chunked",
        "x-ms-request-id": "7c387fca-d229-4719-bf9a-4f43ae3fa4a6"
      },
      "ResponseBody": {
        "value": [
          {
            "TableName": "uttable70a33390"
          }
        ],
        "odata.metadata": "https://yalltbtestsprim.table.cosmos.azure.com/$metadata#Tables"
      }
    },
    {
      "RequestUri": "https://yalltbtestsprim.table.cosmos.azure.com/Tables(\u0027uttable70a33390\u0027)",
      "RequestMethod": "DELETE",
      "RequestHeaders": {
        "Accept": "application/json",
        "Accept-Encoding": "gzip, deflate",
        "Authorization": "Sanitized",
        "Content-Length": "0",
        "Date": "Mon, 18 Oct 2021 23:33:08 GMT",
        "User-Agent": "azsdk-python-data-tables/12.1.1 Python/3.9.2 (Windows-10-10.0.19041-SP0)",
        "x-ms-client-request-id": "bfea6b4b-306b-11ec-be8b-5cf37093a909",
        "x-ms-date": "Mon, 18 Oct 2021 23:33:08 GMT",
        "x-ms-version": "2019-02-02"
      },
      "RequestBody": null,
      "StatusCode": 204,
      "ResponseHeaders": {
        "Date": "Mon, 18 Oct 2021 23:33:01 GMT",
        "x-ms-request-id": "7a26e917-ea63-4577-a720-f9673ca49a4d"
      },
      "ResponseBody": null
    }
  ],
  "Variables": {}
}
