interactions:
- request:
    body: '{"TableName": "uttable10a31948"}'
    headers:
      Accept:
      - application/json;odata=minimalmetadata
      Accept-Encoding:
      - gzip, deflate
      Connection:
      - keep-alive
      Content-Length:
      - '32'
      Content-Type:
      - application/json;odata=nometadata
      DataServiceVersion:
      - '3.0'
      Date:
      - Wed, 23 Sep 2020 23:19:59 GMT
      User-Agent:
      - azsdk-python-data-tables/2019-07-07 Python/3.8.4 (Windows-10-10.0.19041-SP0)
      x-ms-date:
      - Wed, 23 Sep 2020 23:19:59 GMT
      x-ms-version:
      - '2019-07-07'
    method: POST
    uri: https://cosmostables.table.cosmos.azure.com/Tables
  response:
    body:
      string: '{"TableName":"uttable10a31948","odata.metadata":"https://cosmostables.table.cosmos.azure.com/$metadata#Tables/@Element"}'
    headers:
      content-type:
      - application/json;odata=minimalmetadata
      date:
      - Wed, 23 Sep 2020 23:19:59 GMT
      etag:
      - W/"datetime'2020-09-23T23%3A19%3A59.7484039Z'"
      location:
      - https://cosmostables.table.cosmos.azure.com/Tables('uttable10a31948')
      server:
      - Microsoft-HTTPAPI/2.0
      transfer-encoding:
      - chunked
    status:
      code: 201
      message: Ok
- request:
    body: '{"PartitionKey": "pk10a31948", "RowKey": "rk10a31948", "inf": "Infinity",
      "inf@odata.type": "Edm.Double", "negativeinf": "-Infinity", "negativeinf@odata.type":
      "Edm.Double", "nan": "NaN", "nan@odata.type": "Edm.Double"}'
    headers:
      Accept:
      - application/json;odata=minimalmetadata
      Accept-Encoding:
      - gzip, deflate
      Connection:
      - keep-alive
      Content-Length:
      - '219'
      Content-Type:
      - application/json;odata=nometadata
      DataServiceVersion:
      - '3.0'
      Date:
      - Wed, 23 Sep 2020 23:20:00 GMT
      User-Agent:
      - azsdk-python-data-tables/2019-07-07 Python/3.8.4 (Windows-10-10.0.19041-SP0)
      x-ms-date:
      - Wed, 23 Sep 2020 23:20:00 GMT
      x-ms-version:
      - '2019-07-07'
    method: POST
    uri: https://cosmostables.table.cosmos.azure.com/uttable10a31948
  response:
    body:
      string: '{"odata.metadata":"https://cosmostables.table.cosmos.azure.com/uttable10a31948/$metadata#uttable10a31948/@Element","odata.etag":"W/\"datetime''2020-09-23T23%3A20%3A00.2144263Z''\"","PartitionKey":"pk10a31948","RowKey":"rk10a31948","inf@odata.type":"Edm.Double","inf":"Infinity","negativeinf@odata.type":"Edm.Double","negativeinf":"-Infinity","nan@odata.type":"Edm.Double","nan":"NaN","Timestamp":"2020-09-23T23:20:00.2144263Z"}'
    headers:
      content-type:
      - application/json;odata=minimalmetadata
      date:
      - Wed, 23 Sep 2020 23:19:59 GMT
      etag:
      - W/"datetime'2020-09-23T23%3A20%3A00.2144263Z'"
      location:
      - https://cosmostables.table.cosmos.azure.com/uttable10a31948(PartitionKey='pk10a31948',RowKey='rk10a31948')
      server:
      - Microsoft-HTTPAPI/2.0
      transfer-encoding:
      - chunked
    status:
      code: 201
      message: Created
- request:
    body: null
    headers:
      Accept:
      - application/json;odata=minimalmetadata
      Accept-Encoding:
      - gzip, deflate
      Connection:
      - keep-alive
      DataServiceVersion:
      - '3.0'
      Date:
      - Wed, 23 Sep 2020 23:20:00 GMT
      User-Agent:
      - azsdk-python-data-tables/2019-07-07 Python/3.8.4 (Windows-10-10.0.19041-SP0)
      x-ms-date:
      - Wed, 23 Sep 2020 23:20:00 GMT
      x-ms-version:
      - '2019-07-07'
    method: GET
    uri: https://cosmostables.table.cosmos.azure.com/uttable10a31948(PartitionKey='pk10a31948',RowKey='rk10a31948')
  response:
    body:
      string: '{"odata.metadata":"https://cosmostables.table.cosmos.azure.com/uttable10a31948/$metadata#uttable10a31948/@Element","odata.etag":"W/\"datetime''2020-09-23T23%3A20%3A00.2144263Z''\"","PartitionKey":"pk10a31948","RowKey":"rk10a31948","inf@odata.type":"Edm.Double","inf":"Infinity","negativeinf@odata.type":"Edm.Double","negativeinf":"-Infinity","nan@odata.type":"Edm.Double","nan":"NaN","Timestamp":"2020-09-23T23:20:00.2144263Z"}'
    headers:
      content-type:
      - application/json;odata=minimalmetadata
      date:
      - Wed, 23 Sep 2020 23:19:59 GMT
      etag:
      - W/"datetime'2020-09-23T23%3A20%3A00.2144263Z'"
      server:
      - Microsoft-HTTPAPI/2.0
      transfer-encoding:
      - chunked
    status:
      code: 200
      message: Ok
- request:
    body: null
    headers:
      Accept:
      - '*/*'
      Accept-Encoding:
      - gzip, deflate
      Connection:
      - keep-alive
      Content-Length:
      - '0'
      Date:
      - Wed, 23 Sep 2020 23:20:00 GMT
      User-Agent:
      - azsdk-python-data-tables/2019-07-07 Python/3.8.4 (Windows-10-10.0.19041-SP0)
      x-ms-date:
      - Wed, 23 Sep 2020 23:20:00 GMT
      x-ms-version:
      - '2019-07-07'
    method: DELETE
    uri: https://cosmostables.table.cosmos.azure.com/Tables('uttable10a31948')
  response:
    body:
      string: ''
    headers:
      content-length:
      - '0'
      date:
      - Wed, 23 Sep 2020 23:20:00 GMT
      server:
      - Microsoft-HTTPAPI/2.0
    status:
      code: 204
      message: No Content
- request:
    body: null
    headers:
      Accept:
      - application/json;odata=minimalmetadata
      Accept-Encoding:
      - gzip, deflate
      Connection:
      - keep-alive
      DataServiceVersion:
      - '3.0'
      Date:
      - Wed, 23 Sep 2020 23:20:00 GMT
      User-Agent:
      - azsdk-python-data-tables/2019-07-07 Python/3.8.4 (Windows-10-10.0.19041-SP0)
      x-ms-date:
      - Wed, 23 Sep 2020 23:20:00 GMT
      x-ms-version:
      - '2019-07-07'
    method: GET
    uri: https://cosmostables.table.cosmos.azure.com/Tables
  response:
    body:
      string: '{"value":[{"TableName":"listtable33a8d15b3"},{"TableName":"listtable1d2351374"},{"TableName":"listtable23a8d15b3"},{"TableName":"listtable0d2351374"},{"TableName":"listtable3d2351374"},{"TableName":"pytableasync52bb107b"},{"TableName":"listtable2d2351374"},{"TableName":"listtable13a8d15b3"},{"TableName":"listtable03a8d15b3"}],"odata.metadata":"https://cosmostables.table.cosmos.azure.com/$metadata#Tables"}'
    headers:
      content-type:
      - application/json;odata=minimalmetadata
      date:
      - Wed, 23 Sep 2020 23:20:00 GMT
      server:
      - Microsoft-HTTPAPI/2.0
      transfer-encoding:
      - chunked
    status:
      code: 200
      message: Ok
version: 1
