{
  "Entries": [
    {
      "RequestUri": "https://yalltablestestsprim.table.core.windows.net/Tables",
      "RequestMethod": "POST",
      "RequestHeaders": {
        "Accept": "application/json;odata=minimalmetadata",
        "Accept-Encoding": "gzip, deflate",
        "Authorization": "Sanitized",
        "Content-Length": "32",
        "Content-Type": "application/json;odata=nometadata",
        "DataServiceVersion": "3.0",
        "Date": "Thu, 16 Sep 2021 09:49:56 GMT",
        "User-Agent": "azsdk-python-data-tables/12.1.1 Python/3.9.2 (Windows-10-10.0.19041-SP0)",
        "x-ms-client-request-id": "730ca6a9-16d3-11ec-abcf-5cf37093a909",
        "x-ms-date": "Thu, 16 Sep 2021 09:49:56 GMT",
        "x-ms-version": "2019-02-02"
      },
      "RequestBody": "{\u0022TableName\u0022: \u0022uttablede022e58\u0022}",
      "StatusCode": 201,
      "ResponseHeaders": {
        "Cache-Control": "no-cache",
        "Content-Type": "application/json; odata=minimalmetadata; streaming=true; charset=utf-8",
        "Date": "Thu, 16 Sep 2021 09:49:54 GMT",
        "Location": "https://yalltablestestsprim.table.core.windows.net/Tables(\u0027uttablede022e58\u0027)",
        "Server": [
          "Windows-Azure-Table/1.0",
          "Microsoft-HTTPAPI/2.0"
        ],
        "Transfer-Encoding": "chunked",
        "X-Content-Type-Options": "nosniff",
        "x-ms-client-request-id": "730ca6a9-16d3-11ec-abcf-5cf37093a909",
        "x-ms-request-id": "b1cff572-c002-00db-68e0-aa45fd000000",
        "x-ms-version": "2019-02-02"
      },
      "ResponseBody": {
        "odata.metadata": "https://yalltablestestsprim.table.core.windows.net/$metadata#Tables/@Element",
        "TableName": "uttablede022e58"
      }
    },
    {
      "RequestUri": "https://yalltablestestsprim.table.core.windows.net/uttablede022e58",
      "RequestMethod": "POST",
      "RequestHeaders": {
        "Accept": "application/json;odata=minimalmetadata",
        "Accept-Encoding": "gzip, deflate",
        "Authorization": "Sanitized",
        "Content-Length": "195",
        "Content-Type": "application/json;odata=nometadata",
        "DataServiceVersion": "3.0",
        "Date": "Thu, 16 Sep 2021 09:49:56 GMT",
        "User-Agent": "azsdk-python-data-tables/12.1.1 Python/3.9.2 (Windows-10-10.0.19041-SP0)",
        "x-ms-client-request-id": "73127fd8-16d3-11ec-bdee-5cf37093a909",
        "x-ms-date": "Thu, 16 Sep 2021 09:49:56 GMT",
        "x-ms-version": "2019-02-02"
      },
      "RequestBody": "{\u0022PartitionKey\u0022: \u0022pkde022e58\u0022, \u0022PartitionKey@odata.type\u0022: \u0022Edm.String\u0022, \u0022RowKey\u0022: \u0022rkde022e58\u0022, \u0022RowKey@odata.type\u0022: \u0022Edm.String\u0022, \u0022Description\u0022: \u0022\\ua015\u0022, \u0022Description@odata.type\u0022: \u0022Edm.String\u0022}",
      "StatusCode": 201,
      "ResponseHeaders": {
        "Cache-Control": "no-cache",
        "Content-Type": "application/json; odata=minimalmetadata; streaming=true; charset=utf-8",
        "Date": "Thu, 16 Sep 2021 09:49:54 GMT",
        "ETag": "W/\u0022datetime\u00272021-09-16T09%3A49%3A55.5799917Z\u0027\u0022",
        "Location": "https://yalltablestestsprim.table.core.windows.net/uttablede022e58(PartitionKey=\u0027pkde022e58\u0027,RowKey=\u0027rkde022e58\u0027)",
        "Server": [
          "Windows-Azure-Table/1.0",
          "Microsoft-HTTPAPI/2.0"
        ],
        "Transfer-Encoding": "chunked",
        "X-Content-Type-Options": "nosniff",
        "x-ms-client-request-id": "73127fd8-16d3-11ec-bdee-5cf37093a909",
        "x-ms-request-id": "b1cff579-c002-00db-6ee0-aa45fd000000",
        "x-ms-version": "2019-02-02"
      },
      "ResponseBody": "{\u0022odata.metadata\u0022:\u0022https://yalltablestestsprim.table.core.windows.net/$metadata#uttablede022e58/@Element\u0022,\u0022odata.etag\u0022:\u0022W/\\\u0022datetime\u00272021-09-16T09%3A49%3A55.5799917Z\u0027\\\u0022\u0022,\u0022PartitionKey\u0022:\u0022pkde022e58\u0022,\u0022RowKey\u0022:\u0022rkde022e58\u0022,\u0022Timestamp\u0022:\u00222021-09-16T09:49:55.5799917Z\u0022,\u0022Description\u0022:\u0022\\ua015\u0022}"
    },
    {
      "RequestUri": "https://yalltablestestsprim.table.core.windows.net/uttablede022e58",
      "RequestMethod": "POST",
      "RequestHeaders": {
        "Accept": "application/json;odata=minimalmetadata",
        "Accept-Encoding": "gzip, deflate",
        "Authorization": "Sanitized",
        "Content-Length": "190",
        "Content-Type": "application/json;odata=nometadata",
        "DataServiceVersion": "3.0",
        "Date": "Thu, 16 Sep 2021 09:49:56 GMT",
        "User-Agent": "azsdk-python-data-tables/12.1.1 Python/3.9.2 (Windows-10-10.0.19041-SP0)",
        "x-ms-client-request-id": "7317001e-16d3-11ec-aa87-5cf37093a909",
        "x-ms-date": "Thu, 16 Sep 2021 09:49:56 GMT",
        "x-ms-version": "2019-02-02"
      },
      "RequestBody": "{\u0022PartitionKey\u0022: \u0022pkde022e58\u0022, \u0022PartitionKey@odata.type\u0022: \u0022Edm.String\u0022, \u0022RowKey\u0022: \u0022test2\u0022, \u0022RowKey@odata.type\u0022: \u0022Edm.String\u0022, \u0022Description\u0022: \u0022\\ua015\u0022, \u0022Description@odata.type\u0022: \u0022Edm.String\u0022}",
      "StatusCode": 201,
      "ResponseHeaders": {
        "Cache-Control": "no-cache",
        "Content-Type": "application/json; odata=minimalmetadata; streaming=true; charset=utf-8",
        "Date": "Thu, 16 Sep 2021 09:49:54 GMT",
        "ETag": "W/\u0022datetime\u00272021-09-16T09%3A49%3A55.6040073Z\u0027\u0022",
        "Location": "https://yalltablestestsprim.table.core.windows.net/uttablede022e58(PartitionKey=\u0027pkde022e58\u0027,RowKey=\u0027test2\u0027)",
        "Server": [
          "Windows-Azure-Table/1.0",
          "Microsoft-HTTPAPI/2.0"
        ],
        "Transfer-Encoding": "chunked",
        "X-Content-Type-Options": "nosniff",
        "x-ms-client-request-id": "7317001e-16d3-11ec-aa87-5cf37093a909",
        "x-ms-request-id": "b1cff57d-c002-00db-72e0-aa45fd000000",
        "x-ms-version": "2019-02-02"
      },
      "ResponseBody": "{\u0022odata.metadata\u0022:\u0022https://yalltablestestsprim.table.core.windows.net/$metadata#uttablede022e58/@Element\u0022,\u0022odata.etag\u0022:\u0022W/\\\u0022datetime\u00272021-09-16T09%3A49%3A55.6040073Z\u0027\\\u0022\u0022,\u0022PartitionKey\u0022:\u0022pkde022e58\u0022,\u0022RowKey\u0022:\u0022test2\u0022,\u0022Timestamp\u0022:\u00222021-09-16T09:49:55.6040073Z\u0022,\u0022Description\u0022:\u0022\\ua015\u0022}"
    },
    {
      "RequestUri": "https://yalltablestestsprim.table.core.windows.net/uttablede022e58()?$filter=PartitionKey eq \u0027pkde022e58\u0027",
      "RequestMethod": "GET",
      "RequestHeaders": {
        "Accept": "application/json;odata=minimalmetadata",
        "Accept-Encoding": "gzip, deflate",
        "Authorization": "Sanitized",
        "DataServiceVersion": "3.0",
        "Date": "Thu, 16 Sep 2021 09:49:56 GMT",
        "User-Agent": "azsdk-python-data-tables/12.1.1 Python/3.9.2 (Windows-10-10.0.19041-SP0)",
        "x-ms-client-request-id": "731a4917-16d3-11ec-ba5e-5cf37093a909",
        "x-ms-date": "Thu, 16 Sep 2021 09:49:56 GMT",
        "x-ms-version": "2019-02-02"
      },
      "RequestBody": null,
      "StatusCode": 200,
      "ResponseHeaders": {
        "Cache-Control": "no-cache",
        "Content-Type": "application/json; odata=minimalmetadata; streaming=true; charset=utf-8",
        "Date": "Thu, 16 Sep 2021 09:49:54 GMT",
        "Server": [
          "Windows-Azure-Table/1.0",
          "Microsoft-HTTPAPI/2.0"
        ],
        "Transfer-Encoding": "chunked",
        "X-Content-Type-Options": "nosniff",
        "x-ms-client-request-id": "731a4917-16d3-11ec-ba5e-5cf37093a909",
        "x-ms-request-id": "b1cff582-c002-00db-77e0-aa45fd000000",
        "x-ms-version": "2019-02-02"
      },
      "ResponseBody": "{\u0022odata.metadata\u0022:\u0022https://yalltablestestsprim.table.core.windows.net/$metadata#uttablede022e58\u0022,\u0022value\u0022:[{\u0022odata.etag\u0022:\u0022W/\\\u0022datetime\u00272021-09-16T09%3A49%3A55.5799917Z\u0027\\\u0022\u0022,\u0022PartitionKey\u0022:\u0022pkde022e58\u0022,\u0022RowKey\u0022:\u0022rkde022e58\u0022,\u0022Timestamp\u0022:\u00222021-09-16T09:49:55.5799917Z\u0022,\u0022Description\u0022:\u0022\\ua015\u0022},{\u0022odata.etag\u0022:\u0022W/\\\u0022datetime\u00272021-09-16T09%3A49%3A55.6040073Z\u0027\\\u0022\u0022,\u0022PartitionKey\u0022:\u0022pkde022e58\u0022,\u0022RowKey\u0022:\u0022test2\u0022,\u0022Timestamp\u0022:\u00222021-09-16T09:49:55.6040073Z\u0022,\u0022Description\u0022:\u0022\\ua015\u0022}]}"
    },
    {
      "RequestUri": "https://yalltablestestsprim.table.core.windows.net/Tables",
      "RequestMethod": "GET",
      "RequestHeaders": {
        "Accept": "application/json;odata=minimalmetadata",
        "Accept-Encoding": "gzip, deflate",
        "Authorization": "Sanitized",
        "DataServiceVersion": "3.0",
        "Date": "Thu, 16 Sep 2021 09:49:56 GMT",
        "User-Agent": "azsdk-python-data-tables/12.1.1 Python/3.9.2 (Windows-10-10.0.19041-SP0)",
        "x-ms-client-request-id": "731cef54-16d3-11ec-9dcc-5cf37093a909",
        "x-ms-date": "Thu, 16 Sep 2021 09:49:56 GMT",
        "x-ms-version": "2019-02-02"
      },
      "RequestBody": null,
      "StatusCode": 200,
      "ResponseHeaders": {
        "Cache-Control": "no-cache",
        "Content-Type": "application/json; odata=minimalmetadata; streaming=true; charset=utf-8",
        "Date": "Thu, 16 Sep 2021 09:49:54 GMT",
        "Server": [
          "Windows-Azure-Table/1.0",
          "Microsoft-HTTPAPI/2.0"
        ],
        "Transfer-Encoding": "chunked",
        "X-Content-Type-Options": "nosniff",
        "x-ms-client-request-id": "731cef54-16d3-11ec-9dcc-5cf37093a909",
        "x-ms-request-id": "b1cff584-c002-00db-79e0-aa45fd000000",
        "x-ms-version": "2019-02-02"
      },
      "ResponseBody": {
        "odata.metadata": "https://yalltablestestsprim.table.core.windows.net/$metadata#Tables",
        "value": [
          {
            "TableName": "uttablede022e58"
          }
        ]
      }
    },
    {
      "RequestUri": "https://yalltablestestsprim.table.core.windows.net/Tables(\u0027uttablede022e58\u0027)",
      "RequestMethod": "DELETE",
      "RequestHeaders": {
        "Accept": "application/json",
        "Accept-Encoding": "gzip, deflate",
        "Authorization": "Sanitized",
        "Content-Length": "0",
        "Date": "Thu, 16 Sep 2021 09:49:56 GMT",
        "User-Agent": "azsdk-python-data-tables/12.1.1 Python/3.9.2 (Windows-10-10.0.19041-SP0)",
        "x-ms-client-request-id": "732011c2-16d3-11ec-ab39-5cf37093a909",
        "x-ms-date": "Thu, 16 Sep 2021 09:49:56 GMT",
        "x-ms-version": "2019-02-02"
      },
      "RequestBody": null,
      "StatusCode": 204,
      "ResponseHeaders": {
        "Cache-Control": "no-cache",
        "Content-Length": "0",
        "Date": "Thu, 16 Sep 2021 09:49:54 GMT",
        "Server": [
          "Windows-Azure-Table/1.0",
          "Microsoft-HTTPAPI/2.0"
        ],
        "X-Content-Type-Options": "nosniff",
        "x-ms-client-request-id": "732011c2-16d3-11ec-ab39-5cf37093a909",
        "x-ms-request-id": "b1cff589-c002-00db-7ee0-aa45fd000000",
        "x-ms-version": "2019-02-02"
      },
      "ResponseBody": null
    }
  ],
  "Variables": {}
}