{
  "Entries": [
    {
      "RequestUri": "https://fakeendpoint.table.cosmos.azure.com/Tables",
      "RequestMethod": "POST",
      "RequestHeaders": {
        "Accept": "application/json;odata=minimalmetadata",
        "Accept-Encoding": "gzip, deflate",
        "Authorization": "Sanitized",
        "Connection": "keep-alive",
        "Content-Length": "35",
        "Content-Type": "application/json;odata=nometadata",
        "DataServiceVersion": "3.0",
        "Date": "Tue, 22 Mar 2022 15:26:52 GMT",
        "User-Agent": "azsdk-python-data-tables/12.2.1 Python/3.9.2 (Windows-10-10.0.22000-SP0)",
        "x-ms-client-request-id": "8011130e-a9f4-11ec-b27f-5cf37093a909",
        "x-ms-date": "Tue, 22 Mar 2022 15:26:52 GMT",
        "x-ms-version": "2019-02-02"
      },
      "RequestBody": {
        "TableName": "listtable01e3d2ccf"
      },
      "StatusCode": 201,
      "ResponseHeaders": {
        "Content-Type": "application/json; odata=minimalmetadata",
        "Date": "Tue, 22 Mar 2022 15:26:52 GMT",
        "ETag": "W/\u0022datetime\u00272022-03-22T15%3A26%3A52.3265032Z\u0027\u0022",
        "Location": "https://fakeendpoint.table.cosmos.azure.com/Tables(\u0027listtable01e3d2ccf\u0027)",
        "Transfer-Encoding": "chunked",
        "x-ms-request-id": "f72ee499-366b-4cd4-9ad7-6a7923d7850d"
      },
      "ResponseBody": {
        "TableName": "listtable01e3d2ccf",
        "odata.metadata": "https://fakeendpoint.table.cosmos.azure.com/$metadata#Tables/@Element"
      }
    },
    {
      "RequestUri": "https://fakeendpoint.table.cosmos.azure.com/Tables",
      "RequestMethod": "POST",
      "RequestHeaders": {
        "Accept": "application/json;odata=minimalmetadata",
        "Accept-Encoding": "gzip, deflate",
        "Authorization": "Sanitized",
        "Connection": "keep-alive",
        "Content-Length": "35",
        "Content-Type": "application/json;odata=nometadata",
        "DataServiceVersion": "3.0",
        "Date": "Tue, 22 Mar 2022 15:26:53 GMT",
        "User-Agent": "azsdk-python-data-tables/12.2.1 Python/3.9.2 (Windows-10-10.0.22000-SP0)",
        "x-ms-client-request-id": "8064ad10-a9f4-11ec-aaad-5cf37093a909",
        "x-ms-date": "Tue, 22 Mar 2022 15:26:53 GMT",
        "x-ms-version": "2019-02-02"
      },
      "RequestBody": {
        "TableName": "listtable11e3d2ccf"
      },
      "StatusCode": 201,
      "ResponseHeaders": {
        "Content-Type": "application/json; odata=minimalmetadata",
        "Date": "Tue, 22 Mar 2022 15:26:52 GMT",
        "ETag": "W/\u0022datetime\u00272022-03-22T15%3A26%3A52.8717832Z\u0027\u0022",
        "Location": "https://fakeendpoint.table.cosmos.azure.com/Tables(\u0027listtable11e3d2ccf\u0027)",
        "Transfer-Encoding": "chunked",
        "x-ms-request-id": "8056dbec-151a-4f24-99dc-6e589dd0626a"
      },
      "ResponseBody": {
        "TableName": "listtable11e3d2ccf",
        "odata.metadata": "https://fakeendpoint.table.cosmos.azure.com/$metadata#Tables/@Element"
      }
    },
    {
      "RequestUri": "https://fakeendpoint.table.cosmos.azure.com/Tables",
      "RequestMethod": "POST",
      "RequestHeaders": {
        "Accept": "application/json;odata=minimalmetadata",
        "Accept-Encoding": "gzip, deflate",
        "Authorization": "Sanitized",
        "Connection": "keep-alive",
        "Content-Length": "35",
        "Content-Type": "application/json;odata=nometadata",
        "DataServiceVersion": "3.0",
        "Date": "Tue, 22 Mar 2022 15:26:53 GMT",
        "User-Agent": "azsdk-python-data-tables/12.2.1 Python/3.9.2 (Windows-10-10.0.22000-SP0)",
        "x-ms-client-request-id": "80bc5827-a9f4-11ec-82ad-5cf37093a909",
        "x-ms-date": "Tue, 22 Mar 2022 15:26:53 GMT",
        "x-ms-version": "2019-02-02"
      },
      "RequestBody": {
        "TableName": "listtable21e3d2ccf"
      },
      "StatusCode": 201,
      "ResponseHeaders": {
        "Content-Type": "application/json; odata=minimalmetadata",
        "Date": "Tue, 22 Mar 2022 15:26:53 GMT",
        "ETag": "W/\u0022datetime\u00272022-03-22T15%3A26%3A53.4535176Z\u0027\u0022",
        "Location": "https://fakeendpoint.table.cosmos.azure.com/Tables(\u0027listtable21e3d2ccf\u0027)",
        "Transfer-Encoding": "chunked",
        "x-ms-request-id": "234ffe22-0e89-43cc-b127-747382a6961f"
      },
      "ResponseBody": {
        "TableName": "listtable21e3d2ccf",
        "odata.metadata": "https://fakeendpoint.table.cosmos.azure.com/$metadata#Tables/@Element"
      }
    },
    {
      "RequestUri": "https://fakeendpoint.table.cosmos.azure.com/Tables",
      "RequestMethod": "POST",
      "RequestHeaders": {
        "Accept": "application/json;odata=minimalmetadata",
        "Accept-Encoding": "gzip, deflate",
        "Authorization": "Sanitized",
        "Connection": "keep-alive",
        "Content-Length": "35",
        "Content-Type": "application/json;odata=nometadata",
        "DataServiceVersion": "3.0",
        "Date": "Tue, 22 Mar 2022 15:26:54 GMT",
        "User-Agent": "azsdk-python-data-tables/12.2.1 Python/3.9.2 (Windows-10-10.0.22000-SP0)",
        "x-ms-client-request-id": "8110a3ba-a9f4-11ec-a5ef-5cf37093a909",
        "x-ms-date": "Tue, 22 Mar 2022 15:26:54 GMT",
        "x-ms-version": "2019-02-02"
      },
      "RequestBody": {
        "TableName": "listtable31e3d2ccf"
      },
      "StatusCode": 201,
      "ResponseHeaders": {
        "Content-Type": "application/json; odata=minimalmetadata",
        "Date": "Tue, 22 Mar 2022 15:26:54 GMT",
        "ETag": "W/\u0022datetime\u00272022-03-22T15%3A26%3A53.9906056Z\u0027\u0022",
        "Location": "https://fakeendpoint.table.cosmos.azure.com/Tables(\u0027listtable31e3d2ccf\u0027)",
        "Transfer-Encoding": "chunked",
        "x-ms-request-id": "d3fa6285-2a63-4957-8b31-15b3f7f771b4"
      },
      "ResponseBody": {
        "TableName": "listtable31e3d2ccf",
        "odata.metadata": "https://fakeendpoint.table.cosmos.azure.com/$metadata#Tables/@Element"
      }
    },
    {
      "RequestUri": "https://fakeendpoint.table.cosmos.azure.com/Tables?$top=3",
      "RequestMethod": "GET",
      "RequestHeaders": {
        "Accept": "application/json;odata=minimalmetadata",
        "Accept-Encoding": "gzip, deflate",
        "Authorization": "Sanitized",
        "Connection": "keep-alive",
        "DataServiceVersion": "3.0",
        "Date": "Tue, 22 Mar 2022 15:26:54 GMT",
        "User-Agent": "azsdk-python-data-tables/12.2.1 Python/3.9.2 (Windows-10-10.0.22000-SP0)",
        "x-ms-client-request-id": "816127bb-a9f4-11ec-827d-5cf37093a909",
        "x-ms-date": "Tue, 22 Mar 2022 15:26:54 GMT",
        "x-ms-version": "2019-02-02"
      },
      "RequestBody": null,
      "StatusCode": 200,
      "ResponseHeaders": {
        "Content-Type": "application/json; odata=minimalmetadata",
        "Date": "Tue, 22 Mar 2022 15:26:54 GMT",
        "Transfer-Encoding": "chunked",
        "x-ms-continuation-NextTableName": "HlUNAOHYQKM=",
        "x-ms-request-id": "ba1bc294-fa9c-40fa-af8e-0f7926845225"
      },
      "ResponseBody": {
        "value": [
          {
            "TableName": "listtable01e3d2ccf"
          },
          {
            "TableName": "listtable21e3d2ccf"
          },
          {
            "TableName": "listtable31e3d2ccf"
          }
        ],
        "odata.metadata": "https://fakeendpoint.table.cosmos.azure.com/$metadata#Tables"
      }
    },
    {
      "RequestUri": "https://fakeendpoint.table.cosmos.azure.com/Tables",
      "RequestMethod": "GET",
      "RequestHeaders": {
        "Accept": "application/json;odata=minimalmetadata",
        "Accept-Encoding": "gzip, deflate",
        "Authorization": "Sanitized",
        "Connection": "keep-alive",
        "DataServiceVersion": "3.0",
        "Date": "Tue, 22 Mar 2022 15:26:54 GMT",
        "User-Agent": "azsdk-python-data-tables/12.2.1 Python/3.9.2 (Windows-10-10.0.22000-SP0)",
        "x-ms-client-request-id": "816476ba-a9f4-11ec-ad58-5cf37093a909",
        "x-ms-date": "Tue, 22 Mar 2022 15:26:54 GMT",
        "x-ms-version": "2019-02-02"
      },
      "RequestBody": null,
      "StatusCode": 200,
      "ResponseHeaders": {
        "Content-Type": "application/json; odata=minimalmetadata",
        "Date": "Tue, 22 Mar 2022 15:26:54 GMT",
        "Transfer-Encoding": "chunked",
        "x-ms-request-id": "24faec9c-3b80-4344-a57c-90855fd3893c"
      },
      "ResponseBody": {
        "value": [
          {
            "TableName": "listtable01e3d2ccf"
          },
          {
            "TableName": "listtable21e3d2ccf"
          },
          {
            "TableName": "listtable31e3d2ccf"
          },
          {
            "TableName": "listtable11e3d2ccf"
          }
        ],
        "odata.metadata": "https://fakeendpoint.table.cosmos.azure.com/$metadata#Tables"
      }
    },
    {
      "RequestUri": "https://fakeendpoint.table.cosmos.azure.com/Tables",
      "RequestMethod": "GET",
      "RequestHeaders": {
        "Accept": "application/json;odata=minimalmetadata",
        "Accept-Encoding": "gzip, deflate",
        "Authorization": "Sanitized",
        "Connection": "keep-alive",
        "DataServiceVersion": "3.0",
        "Date": "Tue, 22 Mar 2022 15:26:54 GMT",
        "User-Agent": "azsdk-python-data-tables/12.2.1 Python/3.9.2 (Windows-10-10.0.22000-SP0)",
        "x-ms-client-request-id": "8166e009-a9f4-11ec-acbe-5cf37093a909",
        "x-ms-date": "Tue, 22 Mar 2022 15:26:54 GMT",
        "x-ms-version": "2019-02-02"
      },
      "RequestBody": null,
      "StatusCode": 200,
      "ResponseHeaders": {
        "Content-Type": "application/json; odata=minimalmetadata",
        "Date": "Tue, 22 Mar 2022 15:26:54 GMT",
        "Transfer-Encoding": "chunked",
        "x-ms-request-id": "895b2e9d-7e12-4975-8ae1-4ff39bc3f56e"
      },
      "ResponseBody": {
        "value": [
          {
            "TableName": "listtable01e3d2ccf"
          },
          {
            "TableName": "listtable21e3d2ccf"
          },
          {
            "TableName": "listtable31e3d2ccf"
          },
          {
            "TableName": "listtable11e3d2ccf"
          }
        ],
        "odata.metadata": "https://fakeendpoint.table.cosmos.azure.com/$metadata#Tables"
      }
    },
    {
      "RequestUri": "https://fakeendpoint.table.cosmos.azure.com/Tables(\u0027listtable01e3d2ccf\u0027)",
      "RequestMethod": "DELETE",
      "RequestHeaders": {
        "Accept": "application/json",
        "Accept-Encoding": "gzip, deflate",
        "Authorization": "Sanitized",
        "Connection": "keep-alive",
        "Content-Length": "0",
        "Date": "Tue, 22 Mar 2022 15:26:55 GMT",
        "User-Agent": "azsdk-python-data-tables/12.2.1 Python/3.9.2 (Windows-10-10.0.22000-SP0)",
        "x-ms-client-request-id": "816e55cc-a9f4-11ec-92df-5cf37093a909",
        "x-ms-date": "Tue, 22 Mar 2022 15:26:55 GMT",
        "x-ms-version": "2019-02-02"
      },
      "RequestBody": null,
      "StatusCode": 204,
      "ResponseHeaders": {
        "Content-Type": "application/json",
        "Date": "Tue, 22 Mar 2022 15:26:54 GMT",
        "x-ms-request-id": "c0118d90-cc11-4584-81ec-c7bbaa2c1516"
      },
      "ResponseBody": null
    },
    {
      "RequestUri": "https://fakeendpoint.table.cosmos.azure.com/Tables(\u0027listtable21e3d2ccf\u0027)",
      "RequestMethod": "DELETE",
      "RequestHeaders": {
        "Accept": "application/json",
        "Accept-Encoding": "gzip, deflate",
        "Authorization": "Sanitized",
        "Connection": "keep-alive",
        "Content-Length": "0",
        "Date": "Tue, 22 Mar 2022 15:26:55 GMT",
        "User-Agent": "azsdk-python-data-tables/12.2.1 Python/3.9.2 (Windows-10-10.0.22000-SP0)",
        "x-ms-client-request-id": "819150eb-a9f4-11ec-8fac-5cf37093a909",
        "x-ms-date": "Tue, 22 Mar 2022 15:26:55 GMT",
        "x-ms-version": "2019-02-02"
      },
      "RequestBody": null,
      "StatusCode": 204,
      "ResponseHeaders": {
        "Content-Type": "application/json",
        "Date": "Tue, 22 Mar 2022 15:26:54 GMT",
        "x-ms-request-id": "3b393976-d50d-4a84-84d3-d6daf5af4bc8"
      },
      "ResponseBody": null
    },
    {
      "RequestUri": "https://fakeendpoint.table.cosmos.azure.com/Tables(\u0027listtable31e3d2ccf\u0027)",
      "RequestMethod": "DELETE",
      "RequestHeaders": {
        "Accept": "application/json",
        "Accept-Encoding": "gzip, deflate",
        "Authorization": "Sanitized",
        "Connection": "keep-alive",
        "Content-Length": "0",
        "Date": "Tue, 22 Mar 2022 15:26:55 GMT",
        "User-Agent": "azsdk-python-data-tables/12.2.1 Python/3.9.2 (Windows-10-10.0.22000-SP0)",
        "x-ms-client-request-id": "81b57503-a9f4-11ec-a51c-5cf37093a909",
        "x-ms-date": "Tue, 22 Mar 2022 15:26:55 GMT",
        "x-ms-version": "2019-02-02"
      },
      "RequestBody": null,
      "StatusCode": 204,
      "ResponseHeaders": {
        "Content-Type": "application/json",
        "Date": "Tue, 22 Mar 2022 15:26:54 GMT",
        "x-ms-request-id": "76f7a721-4827-49c2-89cb-5891c1bda0c3"
      },
      "ResponseBody": null
    },
    {
      "RequestUri": "https://fakeendpoint.table.cosmos.azure.com/Tables(\u0027listtable11e3d2ccf\u0027)",
      "RequestMethod": "DELETE",
      "RequestHeaders": {
        "Accept": "application/json",
        "Accept-Encoding": "gzip, deflate",
        "Authorization": "Sanitized",
        "Connection": "keep-alive",
        "Content-Length": "0",
        "Date": "Tue, 22 Mar 2022 15:26:55 GMT",
        "User-Agent": "azsdk-python-data-tables/12.2.1 Python/3.9.2 (Windows-10-10.0.22000-SP0)",
        "x-ms-client-request-id": "81d6607e-a9f4-11ec-b388-5cf37093a909",
        "x-ms-date": "Tue, 22 Mar 2022 15:26:55 GMT",
        "x-ms-version": "2019-02-02"
      },
      "RequestBody": null,
      "StatusCode": 204,
      "ResponseHeaders": {
        "Content-Type": "application/json",
        "Date": "Tue, 22 Mar 2022 15:26:55 GMT",
        "x-ms-request-id": "8a516c64-d1bd-4f88-9916-d48dedb10f02"
      },
      "ResponseBody": null
    }
  ],
  "Variables": {}
}
