{
  "Entries": [
    {
      "RequestUri": "https://yalltbtestsprim.table.cosmos.azure.com/Tables",
      "RequestMethod": "POST",
      "RequestHeaders": {
        "Accept": "application/json;odata=minimalmetadata",
        "Accept-Encoding": "gzip, deflate",
        "Authorization": "Sanitized",
        "Connection": "keep-alive",
        "Content-Length": "32",
        "Content-Type": "application/json;odata=nometadata",
        "DataServiceVersion": "3.0",
        "Date": "Wed, 22 Sep 2021 01:05:34 GMT",
        "User-Agent": "azsdk-python-data-tables/12.1.1 Python/3.9.2 (Windows-10-10.0.19041-SP0)",
        "x-ms-client-request-id": "30664f18-1b41-11ec-ab58-5cf37093a909",
        "x-ms-date": "Wed, 22 Sep 2021 01:05:34 GMT",
        "x-ms-version": "2019-02-02"
      },
      "RequestBody": "{\u0022TableName\u0022: \u0022uttable9f6a2fc7\u0022}",
      "StatusCode": 201,
      "ResponseHeaders": {
        "Content-Type": "application/json; odata=minimalmetadata",
        "Date": "Wed, 22 Sep 2021 01:05:31 GMT",
        "ETag": "W/\u0022datetime\u00272021-09-22T01%3A05%3A32.0836104Z\u0027\u0022",
        "Location": "https://yalltbtestsprim.table.cosmos.azure.com/Tables(\u0027uttable9f6a2fc7\u0027)",
        "Transfer-Encoding": "chunked",
        "x-ms-request-id": "3bbeee34-1c8f-45d3-b310-b40a7c2302b1"
      },
      "ResponseBody": {
        "TableName": "uttable9f6a2fc7",
        "odata.metadata": "https://yalltbtestsprim.table.cosmos.azure.com/$metadata#Tables/@Element"
      }
    },
    {
      "RequestUri": "https://yalltbtestsprim.table.cosmos.azure.com/uttable9f6a2fc7",
      "RequestMethod": "POST",
      "RequestHeaders": {
        "Accept": "application/json;odata=minimalmetadata",
        "Accept-Encoding": "gzip, deflate",
        "Authorization": "Sanitized",
        "Connection": "keep-alive",
        "Content-Length": "214",
        "Content-Type": "application/json;odata=nometadata",
        "DataServiceVersion": "3.0",
        "Date": "Wed, 22 Sep 2021 01:05:34 GMT",
        "User-Agent": "azsdk-python-data-tables/12.1.1 Python/3.9.2 (Windows-10-10.0.19041-SP0)",
        "x-ms-client-request-id": "30b67278-1b41-11ec-b8c7-5cf37093a909",
        "x-ms-date": "Wed, 22 Sep 2021 01:05:34 GMT",
        "x-ms-version": "2019-02-02"
      },
      "RequestBody": "{\u0022PartitionKey\u0022: \u0022pk9f6a2fc7\u0022, \u0022PartitionKey@odata.type\u0022: \u0022Edm.String\u0022, \u0022RowKey\u0022: \u0022rk9f6a2fc7\u0022, \u0022RowKey@odata.type\u0022: \u0022Edm.String\u0022, \u0022Timestamp\u0022: \u00221999-09-09T16:09:00.000000Z\u0022, \u0022Timestamp@odata.type\u0022: \u0022Edm.DateTime\u0022}",
      "StatusCode": 201,
      "ResponseHeaders": {
        "Content-Type": "application/json; odata=minimalmetadata",
        "Date": "Wed, 22 Sep 2021 01:05:31 GMT",
        "ETag": "W/\u0022datetime\u00272021-09-22T01%3A05%3A32.4312584Z\u0027\u0022",
        "Location": "https://yalltbtestsprim.table.cosmos.azure.com/uttable9f6a2fc7(PartitionKey=\u0027pk9f6a2fc7\u0027,RowKey=\u0027rk9f6a2fc7\u0027)",
        "Transfer-Encoding": "chunked",
        "x-ms-request-id": "d16cd5b9-7a00-4116-95f3-87b15dd19a68"
      },
      "ResponseBody": {
        "odata.metadata": "https://yalltbtestsprim.table.cosmos.azure.com/uttable9f6a2fc7/$metadata#uttable9f6a2fc7/@Element",
        "odata.etag": "W/\u0022datetime\u00272021-09-22T01%3A05%3A32.4312584Z\u0027\u0022",
        "PartitionKey": "pk9f6a2fc7",
        "RowKey": "rk9f6a2fc7",
        "Timestamp": "2021-09-22T01:05:32.4312584Z"
      }
    },
    {
      "RequestUri": "https://yalltbtestsprim.table.cosmos.azure.com/uttable9f6a2fc7(PartitionKey=\u0027pk9f6a2fc7\u0027,RowKey=\u0027rk9f6a2fc7\u0027)",
      "RequestMethod": "GET",
      "RequestHeaders": {
        "Accept": "application/json;odata=minimalmetadata",
        "Accept-Encoding": "gzip, deflate",
        "Authorization": "Sanitized",
        "Connection": "keep-alive",
        "DataServiceVersion": "3.0",
        "Date": "Wed, 22 Sep 2021 01:05:34 GMT",
        "User-Agent": "azsdk-python-data-tables/12.1.1 Python/3.9.2 (Windows-10-10.0.19041-SP0)",
        "x-ms-client-request-id": "30bcc5f0-1b41-11ec-a66e-5cf37093a909",
        "x-ms-date": "Wed, 22 Sep 2021 01:05:34 GMT",
        "x-ms-version": "2019-02-02"
      },
      "RequestBody": null,
      "StatusCode": 200,
      "ResponseHeaders": {
        "Content-Type": "application/json; odata=minimalmetadata",
        "Date": "Wed, 22 Sep 2021 01:05:31 GMT",
        "ETag": "W/\u0022datetime\u00272021-09-22T01%3A05%3A32.4312584Z\u0027\u0022",
        "Transfer-Encoding": "chunked",
        "x-ms-request-id": "44d38be2-0bff-4365-9130-dc3dd7426276"
      },
      "ResponseBody": {
        "odata.metadata": "https://yalltbtestsprim.table.cosmos.azure.com/uttable9f6a2fc7/$metadata#uttable9f6a2fc7/@Element",
        "odata.etag": "W/\u0022datetime\u00272021-09-22T01%3A05%3A32.4312584Z\u0027\u0022",
        "PartitionKey": "pk9f6a2fc7",
        "RowKey": "rk9f6a2fc7",
        "Timestamp": "2021-09-22T01:05:32.4312584Z"
      }
    },
    {
      "RequestUri": "https://yalltbtestsprim.table.cosmos.azure.com/uttable9f6a2fc7(PartitionKey=\u0027pk9f6a2fc7\u0027,RowKey=\u0027rk9f6a2fc7\u0027)",
      "RequestMethod": "PUT",
      "RequestHeaders": {
        "Accept": "application/json",
        "Accept-Encoding": "gzip, deflate",
        "Authorization": "Sanitized",
        "Connection": "keep-alive",
        "Content-Length": "214",
        "Content-Type": "application/json",
        "DataServiceVersion": "3.0",
        "Date": "Wed, 22 Sep 2021 01:05:34 GMT",
        "If-Match": "*",
        "User-Agent": "azsdk-python-data-tables/12.1.1 Python/3.9.2 (Windows-10-10.0.19041-SP0)",
        "x-ms-client-request-id": "30bfa0a2-1b41-11ec-891f-5cf37093a909",
        "x-ms-date": "Wed, 22 Sep 2021 01:05:34 GMT",
        "x-ms-version": "2019-02-02"
      },
      "RequestBody": "{\u0022PartitionKey\u0022: \u0022pk9f6a2fc7\u0022, \u0022PartitionKey@odata.type\u0022: \u0022Edm.String\u0022, \u0022RowKey\u0022: \u0022rk9f6a2fc7\u0022, \u0022RowKey@odata.type\u0022: \u0022Edm.String\u0022, \u0022timestamp\u0022: \u00221999-09-09T16:09:00.000000Z\u0022, \u0022timestamp@odata.type\u0022: \u0022Edm.DateTime\u0022}",
      "StatusCode": 204,
      "ResponseHeaders": {
        "Date": "Wed, 22 Sep 2021 01:05:31 GMT",
        "ETag": "W/\u0022datetime\u00272021-09-22T01%3A05%3A32.4743688Z\u0027\u0022",
        "x-ms-request-id": "9c520f14-7b42-4fba-ade0-a01ab4c95a2c"
      },
      "ResponseBody": null
    },
    {
      "RequestUri": "https://yalltbtestsprim.table.cosmos.azure.com/uttable9f6a2fc7(PartitionKey=\u0027pk9f6a2fc7\u0027,RowKey=\u0027rk9f6a2fc7\u0027)",
      "RequestMethod": "GET",
      "RequestHeaders": {
        "Accept": "application/json;odata=minimalmetadata",
        "Accept-Encoding": "gzip, deflate",
        "Authorization": "Sanitized",
        "Connection": "keep-alive",
        "DataServiceVersion": "3.0",
        "Date": "Wed, 22 Sep 2021 01:05:34 GMT",
        "User-Agent": "azsdk-python-data-tables/12.1.1 Python/3.9.2 (Windows-10-10.0.19041-SP0)",
        "x-ms-client-request-id": "30c3440e-1b41-11ec-8ccf-5cf37093a909",
        "x-ms-date": "Wed, 22 Sep 2021 01:05:34 GMT",
        "x-ms-version": "2019-02-02"
      },
      "RequestBody": null,
      "StatusCode": 200,
      "ResponseHeaders": {
        "Content-Type": "application/json; odata=minimalmetadata",
        "Date": "Wed, 22 Sep 2021 01:05:31 GMT",
        "ETag": "W/\u0022datetime\u00272021-09-22T01%3A05%3A32.4743688Z\u0027\u0022",
        "Transfer-Encoding": "chunked",
        "x-ms-request-id": "84f53d26-385f-478d-8392-b39ab28d897f"
      },
      "ResponseBody": {
        "odata.metadata": "https://yalltbtestsprim.table.cosmos.azure.com/uttable9f6a2fc7/$metadata#uttable9f6a2fc7/@Element",
        "odata.etag": "W/\u0022datetime\u00272021-09-22T01%3A05%3A32.4743688Z\u0027\u0022",
        "PartitionKey": "pk9f6a2fc7",
        "RowKey": "rk9f6a2fc7",
        "timestamp@odata.type": "Edm.DateTime",
        "timestamp": "1999-09-09T16:09:00.0000000Z",
        "Timestamp": "2021-09-22T01:05:32.4743688Z"
      }
    },
    {
      "RequestUri": "https://yalltbtestsprim.table.cosmos.azure.com/Tables",
      "RequestMethod": "GET",
      "RequestHeaders": {
        "Accept": "application/json;odata=minimalmetadata",
        "Accept-Encoding": "gzip, deflate",
        "Authorization": "Sanitized",
        "Connection": "keep-alive",
        "DataServiceVersion": "3.0",
        "Date": "Wed, 22 Sep 2021 01:05:34 GMT",
        "User-Agent": "azsdk-python-data-tables/12.1.1 Python/3.9.2 (Windows-10-10.0.19041-SP0)",
        "x-ms-client-request-id": "30c606c6-1b41-11ec-83a0-5cf37093a909",
        "x-ms-date": "Wed, 22 Sep 2021 01:05:34 GMT",
        "x-ms-version": "2019-02-02"
      },
      "RequestBody": null,
      "StatusCode": 200,
      "ResponseHeaders": {
        "Content-Type": "application/json; odata=minimalmetadata",
        "Date": "Wed, 22 Sep 2021 01:05:31 GMT",
        "Transfer-Encoding": "chunked",
        "x-ms-request-id": "e5215346-749d-4c3a-8487-2727514b0bf7"
      },
      "ResponseBody": {
        "value": [
          {
            "TableName": "uttable9f6a2fc7"
          }
        ],
        "odata.metadata": "https://yalltbtestsprim.table.cosmos.azure.com/$metadata#Tables"
      }
    },
    {
      "RequestUri": "https://yalltbtestsprim.table.cosmos.azure.com/Tables(\u0027uttable9f6a2fc7\u0027)",
      "RequestMethod": "DELETE",
      "RequestHeaders": {
        "Accept": "application/json",
        "Accept-Encoding": "gzip, deflate",
        "Authorization": "Sanitized",
        "Connection": "keep-alive",
        "Content-Length": "0",
        "Date": "Wed, 22 Sep 2021 01:05:34 GMT",
        "User-Agent": "azsdk-python-data-tables/12.1.1 Python/3.9.2 (Windows-10-10.0.19041-SP0)",
        "x-ms-client-request-id": "30c8e34e-1b41-11ec-a55d-5cf37093a909",
        "x-ms-date": "Wed, 22 Sep 2021 01:05:34 GMT",
        "x-ms-version": "2019-02-02"
      },
      "RequestBody": null,
      "StatusCode": 204,
      "ResponseHeaders": {
        "Date": "Wed, 22 Sep 2021 01:05:32 GMT",
        "x-ms-request-id": "f11e8f2d-0950-4538-bc3e-d7a7497cd9cb"
      },
      "ResponseBody": null
    }
  ],
  "Variables": {}
}
