interactions:
- request:
    body: '{"TableName": "uttable259e1535"}'
    headers:
      Accept:
      - application/json;odata=minimalmetadata
      Content-Length:
      - '32'
      Content-Type:
      - application/json;odata=nometadata
      DataServiceVersion:
      - '3.0'
      Date:
      - Wed, 19 Aug 2020 21:19:36 GMT
      User-Agent:
      - azsdk-python-storage-table/2019-07-07 Python/3.8.4 (Windows-10-10.0.19041-SP0)
      x-ms-date:
      - Wed, 19 Aug 2020 21:19:36 GMT
      x-ms-version:
      - '2019-07-07'
    method: POST
    uri: https://storagename.table.core.windows.net/Tables
  response:
    body:
      string: '{"odata.metadata":"https://storagename.table.core.windows.net/$metadata#Tables/@Element","TableName":"uttable259e1535"}'
    headers:
      cache-control: no-cache
      content-type: application/json;odata=minimalmetadata;streaming=true;charset=utf-8
      date: Wed, 19 Aug 2020 21:19:36 GMT
      location: https://storagename.table.core.windows.net/Tables('uttable259e1535')
      server: Windows-Azure-Table/1.0 Microsoft-HTTPAPI/2.0
      transfer-encoding: chunked
      x-content-type-options: nosniff
      x-ms-version: '2019-07-07'
    status:
      code: 201
      message: Created
    url: https://pyacrstorageuwjvfxhidgpv.table.core.windows.net/Tables
- request:
    body: '{"PartitionKey": "pk259e1535", "RowKey": "rk259e1535", "Description": "\ua015"}'
    headers:
      Accept:
      - application/json;odata=minimalmetadata
      Content-Length:
      - '79'
      Content-Type:
      - application/json;odata=nometadata
      DataServiceVersion:
      - '3.0'
      Date:
      - Wed, 19 Aug 2020 21:19:36 GMT
      User-Agent:
      - azsdk-python-storage-table/2019-07-07 Python/3.8.4 (Windows-10-10.0.19041-SP0)
      x-ms-date:
      - Wed, 19 Aug 2020 21:19:36 GMT
      x-ms-version:
      - '2019-07-07'
    method: POST
    uri: https://storagename.table.core.windows.net/uttable259e1535
  response:
    body:
      string: '{"odata.metadata":"https://storagename.table.core.windows.net/$metadata#uttable259e1535/@Element","odata.etag":"W/\"datetime''2020-08-19T21%3A19%3A36.7231154Z''\"","PartitionKey":"pk259e1535","RowKey":"rk259e1535","Timestamp":"2020-08-19T21:19:36.7231154Z","Description":"\ua015"}'
    headers:
      cache-control: no-cache
      content-type: application/json;odata=minimalmetadata;streaming=true;charset=utf-8
      date: Wed, 19 Aug 2020 21:19:36 GMT
      etag: W/"datetime'2020-08-19T21%3A19%3A36.7231154Z'"
      location: https://storagename.table.core.windows.net/uttable259e1535(PartitionKey='pk259e1535',RowKey='rk259e1535')
      server: Windows-Azure-Table/1.0 Microsoft-HTTPAPI/2.0
      transfer-encoding: chunked
      x-content-type-options: nosniff
      x-ms-version: '2019-07-07'
    status:
      code: 201
      message: Created
    url: https://pyacrstorageuwjvfxhidgpv.table.core.windows.net/uttable259e1535
- request:
    body: '{"PartitionKey": "pk259e1535", "RowKey": "test2", "Description": "\ua015"}'
    headers:
      Accept:
      - application/json;odata=minimalmetadata
      Content-Length:
      - '74'
      Content-Type:
      - application/json;odata=nometadata
      DataServiceVersion:
      - '3.0'
      Date:
      - Wed, 19 Aug 2020 21:19:36 GMT
      User-Agent:
      - azsdk-python-storage-table/2019-07-07 Python/3.8.4 (Windows-10-10.0.19041-SP0)
      x-ms-date:
      - Wed, 19 Aug 2020 21:19:36 GMT
      x-ms-version:
      - '2019-07-07'
    method: POST
    uri: https://storagename.table.core.windows.net/uttable259e1535
  response:
    body:
      string: '{"odata.metadata":"https://storagename.table.core.windows.net/$metadata#uttable259e1535/@Element","odata.etag":"W/\"datetime''2020-08-19T21%3A19%3A36.8021706Z''\"","PartitionKey":"pk259e1535","RowKey":"test2","Timestamp":"2020-08-19T21:19:36.8021706Z","Description":"\ua015"}'
    headers:
      cache-control: no-cache
      content-type: application/json;odata=minimalmetadata;streaming=true;charset=utf-8
      date: Wed, 19 Aug 2020 21:19:36 GMT
      etag: W/"datetime'2020-08-19T21%3A19%3A36.8021706Z'"
      location: https://storagename.table.core.windows.net/uttable259e1535(PartitionKey='pk259e1535',RowKey='test2')
      server: Windows-Azure-Table/1.0 Microsoft-HTTPAPI/2.0
      transfer-encoding: chunked
      x-content-type-options: nosniff
      x-ms-version: '2019-07-07'
    status:
      code: 201
      message: Created
    url: https://pyacrstorageuwjvfxhidgpv.table.core.windows.net/uttable259e1535
- request:
    body: null
    headers:
      Accept:
      - application/json;odata=minimalmetadata
      DataServiceVersion:
      - '3.0'
      Date:
      - Wed, 19 Aug 2020 21:19:36 GMT
      User-Agent:
      - azsdk-python-storage-table/2019-07-07 Python/3.8.4 (Windows-10-10.0.19041-SP0)
      x-ms-date:
      - Wed, 19 Aug 2020 21:19:36 GMT
      x-ms-version:
      - '2019-07-07'
    method: GET
    uri: https://storagename.table.core.windows.net/uttable259e1535()
  response:
    body:
      string: '{"odata.metadata":"https://storagename.table.core.windows.net/$metadata#uttable259e1535","value":[{"odata.etag":"W/\"datetime''2020-08-19T21%3A19%3A36.7231154Z''\"","PartitionKey":"pk259e1535","RowKey":"rk259e1535","Timestamp":"2020-08-19T21:19:36.7231154Z","Description":"\ua015"},{"odata.etag":"W/\"datetime''2020-08-19T21%3A19%3A36.8021706Z''\"","PartitionKey":"pk259e1535","RowKey":"test2","Timestamp":"2020-08-19T21:19:36.8021706Z","Description":"\ua015"}]}'
    headers:
      cache-control: no-cache
      content-type: application/json;odata=minimalmetadata;streaming=true;charset=utf-8
      date: Wed, 19 Aug 2020 21:19:36 GMT
      server: Windows-Azure-Table/1.0 Microsoft-HTTPAPI/2.0
      transfer-encoding: chunked
      x-content-type-options: nosniff
      x-ms-version: '2019-07-07'
    status:
      code: 200
      message: OK
    url: https://pyacrstorageuwjvfxhidgpv.table.core.windows.net/uttable259e1535()
- request:
    body: null
    headers:
      Date:
      - Wed, 19 Aug 2020 21:19:36 GMT
      User-Agent:
      - azsdk-python-storage-table/2019-07-07 Python/3.8.4 (Windows-10-10.0.19041-SP0)
      x-ms-date:
      - Wed, 19 Aug 2020 21:19:36 GMT
      x-ms-version:
      - '2019-07-07'
    method: DELETE
    uri: https://storagename.table.core.windows.net/Tables('uttable259e1535')
  response:
    body:
      string: ''
    headers:
      cache-control: no-cache
      content-length: '0'
      date: Wed, 19 Aug 2020 21:19:36 GMT
      server: Windows-Azure-Table/1.0 Microsoft-HTTPAPI/2.0
      x-content-type-options: nosniff
      x-ms-version: '2019-07-07'
    status:
      code: 204
      message: No Content
    url: https://pyacrstorageuwjvfxhidgpv.table.core.windows.net/Tables('uttable259e1535')
version: 1
