interactions:
- request:
    body: '{"TableName": "uttable7e0a1b30"}'
    headers:
      Accept:
      - application/json;odata=minimalmetadata
      Content-Length:
      - '32'
      Content-Type:
      - application/json;odata=nometadata
      DataServiceVersion:
      - '3.0'
      Date:
      - Fri, 18 Sep 2020 20:38:25 GMT
      User-Agent:
      - azsdk-python-data-tables/2019-07-07 Python/3.8.4 (Windows-10-10.0.19041-SP0)
      x-ms-date:
      - Fri, 18 Sep 2020 20:38:25 GMT
      x-ms-version:
      - '2019-07-07'
    method: POST
    uri: https://cosmostestcosmosname.table.cosmos.azure.com/Tables
  response:
    body:
      string: '{"TableName":"uttable7e0a1b30","odata.metadata":"https://cosmostestcosmosname.table.cosmos.azure.com/$metadata#Tables/@Element"}'
    headers:
      content-type: application/json;odata=minimalmetadata
      date: Fri, 18 Sep 2020 20:38:26 GMT
      etag: W/"datetime'2020-09-18T20%3A38%3A26.5729031Z'"
      location: https://cosmostestcosmosname.table.cosmos.azure.com/Tables('uttable7e0a1b30')
      server: Microsoft-HTTPAPI/2.0
      transfer-encoding: chunked
    status:
      code: 201
      message: Ok
    url: https://cosmostables7jyy4tyvaxat.table.cosmos.azure.com/Tables
- request:
    body: '{"RowKey": "rk", "PartitionKey": ""}'
    headers:
      Accept:
      - application/json;odata=minimalmetadata
      Content-Length:
      - '36'
      Content-Type:
      - application/json;odata=nometadata
      DataServiceVersion:
      - '3.0'
      Date:
      - Fri, 18 Sep 2020 20:38:26 GMT
      User-Agent:
      - azsdk-python-data-tables/2019-07-07 Python/3.8.4 (Windows-10-10.0.19041-SP0)
      x-ms-date:
      - Fri, 18 Sep 2020 20:38:26 GMT
      x-ms-version:
      - '2019-07-07'
    method: POST
    uri: https://cosmostestcosmosname.table.cosmos.azure.com/uttable7e0a1b30
  response:
    body:
      string: "{\"odata.error\":{\"code\":\"PropertiesNeedValue\",\"message\":{\"lang\":\"en-us\",\"value\":\"PartitionKey/RowKey
        cannot be empty\\r\\nActivityId: e7558931-f9ee-11ea-b0a1-58961df361d1, documentdb-dotnet-sdk/2.11.0
        Host/64-bit MicrosoftWindowsNT/6.2.9200.0\\nRequestID:e7558931-f9ee-11ea-b0a1-58961df361d1\\n\"}}}\r\n"
    headers:
      content-type: application/json;odata=fullmetadata
      date: Fri, 18 Sep 2020 20:38:26 GMT
      server: Microsoft-HTTPAPI/2.0
      transfer-encoding: chunked
    status:
      code: 400
      message: Bad Request
    url: https://cosmostables7jyy4tyvaxat.table.cosmos.azure.com/uttable7e0a1b30
- request:
    body: null
    headers:
      Date:
      - Fri, 18 Sep 2020 20:38:26 GMT
      User-Agent:
      - azsdk-python-data-tables/2019-07-07 Python/3.8.4 (Windows-10-10.0.19041-SP0)
      x-ms-date:
      - Fri, 18 Sep 2020 20:38:26 GMT
      x-ms-version:
      - '2019-07-07'
    method: DELETE
    uri: https://cosmostestcosmosname.table.cosmos.azure.com/Tables('uttable7e0a1b30')
  response:
    body:
      string: ''
    headers:
      content-length: '0'
      date: Fri, 18 Sep 2020 20:38:27 GMT
      server: Microsoft-HTTPAPI/2.0
    status:
      code: 204
      message: No Content
    url: https://cosmostables7jyy4tyvaxat.table.cosmos.azure.com/Tables('uttable7e0a1b30')
version: 1
