{
  "Entries": [
    {
      "RequestUri": "https://yalltbtestsprim.table.cosmos.azure.com/Tables",
      "RequestMethod": "POST",
      "RequestHeaders": {
        "Accept": "application/json;odata=minimalmetadata",
        "Accept-Encoding": "gzip, deflate",
        "Authorization": "Sanitized",
        "Connection": "keep-alive",
        "Content-Length": "35",
        "Content-Type": "application/json;odata=nometadata",
        "DataServiceVersion": "3.0",
        "Date": "Tue, 21 Sep 2021 01:01:23 GMT",
        "User-Agent": "azsdk-python-data-tables/12.1.1 Python/3.9.2 (Windows-10-10.0.19041-SP0)",
        "x-ms-client-request-id": "7064f6a4-1a77-11ec-bccb-5cf37093a909",
        "x-ms-date": "Tue, 21 Sep 2021 01:01:23 GMT",
        "x-ms-version": "2019-02-02"
      },
      "RequestBody": "{\u0022TableName\u0022: \u0022listtable03ce12a90\u0022}",
      "StatusCode": 201,
      "ResponseHeaders": {
        "Content-Type": "application/json; odata=minimalmetadata",
        "Date": "Tue, 21 Sep 2021 01:01:22 GMT",
        "ETag": "W/\u0022datetime\u00272021-09-21T01%3A01%3A23.3622024Z\u0027\u0022",
        "Location": "https://yalltbtestsprim.table.cosmos.azure.com/Tables(\u0027listtable03ce12a90\u0027)",
        "Transfer-Encoding": "chunked",
        "x-ms-request-id": "8d91a7d8-4a72-42ed-a9a4-5bdd19f97f2e"
      },
      "ResponseBody": {
        "TableName": "listtable03ce12a90",
        "odata.metadata": "https://yalltbtestsprim.table.cosmos.azure.com/$metadata#Tables/@Element"
      }
    },
    {
      "RequestUri": "https://yalltbtestsprim.table.cosmos.azure.com/Tables",
      "RequestMethod": "POST",
      "RequestHeaders": {
        "Accept": "application/json;odata=minimalmetadata",
        "Accept-Encoding": "gzip, deflate",
        "Authorization": "Sanitized",
        "Connection": "keep-alive",
        "Content-Length": "35",
        "Content-Type": "application/json;odata=nometadata",
        "DataServiceVersion": "3.0",
        "Date": "Tue, 21 Sep 2021 01:01:23 GMT",
        "User-Agent": "azsdk-python-data-tables/12.1.1 Python/3.9.2 (Windows-10-10.0.19041-SP0)",
        "x-ms-client-request-id": "70a29e2b-1a77-11ec-bd49-5cf37093a909",
        "x-ms-date": "Tue, 21 Sep 2021 01:01:23 GMT",
        "x-ms-version": "2019-02-02"
      },
      "RequestBody": "{\u0022TableName\u0022: \u0022listtable13ce12a90\u0022}",
      "StatusCode": 201,
      "ResponseHeaders": {
        "Content-Type": "application/json; odata=minimalmetadata",
        "Date": "Tue, 21 Sep 2021 01:01:23 GMT",
        "ETag": "W/\u0022datetime\u00272021-09-21T01%3A01%3A23.7532680Z\u0027\u0022",
        "Location": "https://yalltbtestsprim.table.cosmos.azure.com/Tables(\u0027listtable13ce12a90\u0027)",
        "Transfer-Encoding": "chunked",
        "x-ms-request-id": "8e5c9ddf-c876-4ced-b7e5-ead1ed0fc1f8"
      },
      "ResponseBody": {
        "TableName": "listtable13ce12a90",
        "odata.metadata": "https://yalltbtestsprim.table.cosmos.azure.com/$metadata#Tables/@Element"
      }
    },
    {
      "RequestUri": "https://yalltbtestsprim.table.cosmos.azure.com/Tables",
      "RequestMethod": "POST",
      "RequestHeaders": {
        "Accept": "application/json;odata=minimalmetadata",
        "Accept-Encoding": "gzip, deflate",
        "Authorization": "Sanitized",
        "Connection": "keep-alive",
        "Content-Length": "35",
        "Content-Type": "application/json;odata=nometadata",
        "DataServiceVersion": "3.0",
        "Date": "Tue, 21 Sep 2021 01:01:23 GMT",
        "User-Agent": "azsdk-python-data-tables/12.1.1 Python/3.9.2 (Windows-10-10.0.19041-SP0)",
        "x-ms-client-request-id": "70dd15c9-1a77-11ec-b999-5cf37093a909",
        "x-ms-date": "Tue, 21 Sep 2021 01:01:23 GMT",
        "x-ms-version": "2019-02-02"
      },
      "RequestBody": "{\u0022TableName\u0022: \u0022listtable23ce12a90\u0022}",
      "StatusCode": 201,
      "ResponseHeaders": {
        "Content-Type": "application/json; odata=minimalmetadata",
        "Date": "Tue, 21 Sep 2021 01:01:23 GMT",
        "ETag": "W/\u0022datetime\u00272021-09-21T01%3A01%3A24.1376776Z\u0027\u0022",
        "Location": "https://yalltbtestsprim.table.cosmos.azure.com/Tables(\u0027listtable23ce12a90\u0027)",
        "Transfer-Encoding": "chunked",
        "x-ms-request-id": "c97c1997-0247-4abc-b902-2c55bf2c00ce"
      },
      "ResponseBody": {
        "TableName": "listtable23ce12a90",
        "odata.metadata": "https://yalltbtestsprim.table.cosmos.azure.com/$metadata#Tables/@Element"
      }
    },
    {
      "RequestUri": "https://yalltbtestsprim.table.cosmos.azure.com/Tables",
      "RequestMethod": "POST",
      "RequestHeaders": {
        "Accept": "application/json;odata=minimalmetadata",
        "Accept-Encoding": "gzip, deflate",
        "Authorization": "Sanitized",
        "Connection": "keep-alive",
        "Content-Length": "35",
        "Content-Type": "application/json;odata=nometadata",
        "DataServiceVersion": "3.0",
        "Date": "Tue, 21 Sep 2021 01:01:24 GMT",
        "User-Agent": "azsdk-python-data-tables/12.1.1 Python/3.9.2 (Windows-10-10.0.19041-SP0)",
        "x-ms-client-request-id": "711bf653-1a77-11ec-8b37-5cf37093a909",
        "x-ms-date": "Tue, 21 Sep 2021 01:01:24 GMT",
        "x-ms-version": "2019-02-02"
      },
      "RequestBody": "{\u0022TableName\u0022: \u0022listtable33ce12a90\u0022}",
      "StatusCode": 201,
      "ResponseHeaders": {
        "Content-Type": "application/json; odata=minimalmetadata",
        "Date": "Tue, 21 Sep 2021 01:01:23 GMT",
        "ETag": "W/\u0022datetime\u00272021-09-21T01%3A01%3A24.5256712Z\u0027\u0022",
        "Location": "https://yalltbtestsprim.table.cosmos.azure.com/Tables(\u0027listtable33ce12a90\u0027)",
        "Transfer-Encoding": "chunked",
        "x-ms-request-id": "140e275b-26b1-4d54-83bf-a45adafe154d"
      },
      "ResponseBody": {
        "TableName": "listtable33ce12a90",
        "odata.metadata": "https://yalltbtestsprim.table.cosmos.azure.com/$metadata#Tables/@Element"
      }
    },
    {
      "RequestUri": "https://yalltbtestsprim.table.cosmos.azure.com/Tables?$top=2",
      "RequestMethod": "GET",
      "RequestHeaders": {
        "Accept": "application/json;odata=minimalmetadata",
        "Accept-Encoding": "gzip, deflate",
        "Authorization": "Sanitized",
        "Connection": "keep-alive",
        "DataServiceVersion": "3.0",
        "Date": "Tue, 21 Sep 2021 01:01:24 GMT",
        "User-Agent": "azsdk-python-data-tables/12.1.1 Python/3.9.2 (Windows-10-10.0.19041-SP0)",
        "x-ms-client-request-id": "71576c07-1a77-11ec-bac8-5cf37093a909",
        "x-ms-date": "Tue, 21 Sep 2021 01:01:24 GMT",
        "x-ms-version": "2019-02-02"
      },
      "RequestBody": null,
      "StatusCode": 200,
      "ResponseHeaders": {
        "Content-Type": "application/json; odata=minimalmetadata",
        "Date": "Tue, 21 Sep 2021 01:01:24 GMT",
        "Transfer-Encoding": "chunked",
        "x-ms-continuation-NextTableName": "i4Z4AOkjNDw=",
        "x-ms-request-id": "3f11ccab-4aaf-4e49-90e7-d462c47f5b37"
      },
      "ResponseBody": {
        "value": [
          {
            "TableName": "listtable23ce12a90"
          },
          {
            "TableName": "listtable03ce12a90"
          }
        ],
        "odata.metadata": "https://yalltbtestsprim.table.cosmos.azure.com/$metadata#Tables"
      }
    },
    {
      "RequestUri": "https://yalltbtestsprim.table.cosmos.azure.com/Tables?$top=2\u0026NextTableName=i4Z4AOkjNDw%3D",
      "RequestMethod": "GET",
      "RequestHeaders": {
        "Accept": "application/json;odata=minimalmetadata",
        "Accept-Encoding": "gzip, deflate",
        "Authorization": "Sanitized",
        "Connection": "keep-alive",
        "DataServiceVersion": "3.0",
        "Date": "Tue, 21 Sep 2021 01:01:24 GMT",
        "User-Agent": "azsdk-python-data-tables/12.1.1 Python/3.9.2 (Windows-10-10.0.19041-SP0)",
        "x-ms-client-request-id": "715b39d8-1a77-11ec-ab86-5cf37093a909",
        "x-ms-date": "Tue, 21 Sep 2021 01:01:24 GMT",
        "x-ms-version": "2019-02-02"
      },
      "RequestBody": null,
      "StatusCode": 200,
      "ResponseHeaders": {
        "Content-Type": "application/json; odata=minimalmetadata",
        "Date": "Tue, 21 Sep 2021 01:01:24 GMT",
        "Transfer-Encoding": "chunked",
        "x-ms-request-id": "abbe0757-9065-4214-9039-a7ecc14eafbe"
      },
      "ResponseBody": {
        "value": [
          {
            "TableName": "listtable33ce12a90"
          },
          {
            "TableName": "listtable13ce12a90"
          }
        ],
        "odata.metadata": "https://yalltbtestsprim.table.cosmos.azure.com/$metadata#Tables"
      }
    },
    {
      "RequestUri": "https://yalltbtestsprim.table.cosmos.azure.com/Tables",
      "RequestMethod": "GET",
      "RequestHeaders": {
        "Accept": "application/json;odata=minimalmetadata",
        "Accept-Encoding": "gzip, deflate",
        "Authorization": "Sanitized",
        "Connection": "keep-alive",
        "DataServiceVersion": "3.0",
        "Date": "Tue, 21 Sep 2021 01:01:24 GMT",
        "User-Agent": "azsdk-python-data-tables/12.1.1 Python/3.9.2 (Windows-10-10.0.19041-SP0)",
        "x-ms-client-request-id": "715fb41e-1a77-11ec-9cf8-5cf37093a909",
        "x-ms-date": "Tue, 21 Sep 2021 01:01:24 GMT",
        "x-ms-version": "2019-02-02"
      },
      "RequestBody": null,
      "StatusCode": 200,
      "ResponseHeaders": {
        "Content-Type": "application/json; odata=minimalmetadata",
        "Date": "Tue, 21 Sep 2021 01:01:24 GMT",
        "Transfer-Encoding": "chunked",
        "x-ms-request-id": "a088b030-3197-4f18-b6a7-70ee1ac41004"
      },
      "ResponseBody": {
        "value": [
          {
            "TableName": "listtable23ce12a90"
          },
          {
            "TableName": "listtable03ce12a90"
          },
          {
            "TableName": "listtable33ce12a90"
          },
          {
            "TableName": "listtable13ce12a90"
          }
        ],
        "odata.metadata": "https://yalltbtestsprim.table.cosmos.azure.com/$metadata#Tables"
      }
    },
    {
      "RequestUri": "https://yalltbtestsprim.table.cosmos.azure.com/Tables(\u0027listtable23ce12a90\u0027)",
      "RequestMethod": "DELETE",
      "RequestHeaders": {
        "Accept": "application/json",
        "Accept-Encoding": "gzip, deflate",
        "Authorization": "Sanitized",
        "Connection": "keep-alive",
        "Content-Length": "0",
        "Date": "Tue, 21 Sep 2021 01:01:24 GMT",
        "User-Agent": "azsdk-python-data-tables/12.1.1 Python/3.9.2 (Windows-10-10.0.19041-SP0)",
        "x-ms-client-request-id": "71662d0f-1a77-11ec-8bf1-5cf37093a909",
        "x-ms-date": "Tue, 21 Sep 2021 01:01:24 GMT",
        "x-ms-version": "2019-02-02"
      },
      "RequestBody": null,
      "StatusCode": 204,
      "ResponseHeaders": {
        "Date": "Tue, 21 Sep 2021 01:01:24 GMT",
        "x-ms-request-id": "9562c4e2-f0f0-4278-af0e-e79898d91719"
      },
      "ResponseBody": null
    },
    {
      "RequestUri": "https://yalltbtestsprim.table.cosmos.azure.com/Tables(\u0027listtable03ce12a90\u0027)",
      "RequestMethod": "DELETE",
      "RequestHeaders": {
        "Accept": "application/json",
        "Accept-Encoding": "gzip, deflate",
        "Authorization": "Sanitized",
        "Connection": "keep-alive",
        "Content-Length": "0",
        "Date": "Tue, 21 Sep 2021 01:01:24 GMT",
        "User-Agent": "azsdk-python-data-tables/12.1.1 Python/3.9.2 (Windows-10-10.0.19041-SP0)",
        "x-ms-client-request-id": "71887b03-1a77-11ec-b4af-5cf37093a909",
        "x-ms-date": "Tue, 21 Sep 2021 01:01:24 GMT",
        "x-ms-version": "2019-02-02"
      },
      "RequestBody": null,
      "StatusCode": 204,
      "ResponseHeaders": {
        "Date": "Tue, 21 Sep 2021 01:01:24 GMT",
        "x-ms-request-id": "a74f608b-7659-458c-a2ff-8499771faf43"
      },
      "ResponseBody": null
    },
    {
      "RequestUri": "https://yalltbtestsprim.table.cosmos.azure.com/Tables(\u0027listtable33ce12a90\u0027)",
      "RequestMethod": "DELETE",
      "RequestHeaders": {
        "Accept": "application/json",
        "Accept-Encoding": "gzip, deflate",
        "Authorization": "Sanitized",
        "Connection": "keep-alive",
        "Content-Length": "0",
        "Date": "Tue, 21 Sep 2021 01:01:25 GMT",
        "User-Agent": "azsdk-python-data-tables/12.1.1 Python/3.9.2 (Windows-10-10.0.19041-SP0)",
        "x-ms-client-request-id": "71acabdf-1a77-11ec-8f39-5cf37093a909",
        "x-ms-date": "Tue, 21 Sep 2021 01:01:25 GMT",
        "x-ms-version": "2019-02-02"
      },
      "RequestBody": null,
      "StatusCode": 204,
      "ResponseHeaders": {
        "Date": "Tue, 21 Sep 2021 01:01:24 GMT",
        "x-ms-request-id": "50821266-4823-44e1-b852-532bf31303a9"
      },
      "ResponseBody": null
    },
    {
      "RequestUri": "https://yalltbtestsprim.table.cosmos.azure.com/Tables(\u0027listtable13ce12a90\u0027)",
      "RequestMethod": "DELETE",
      "RequestHeaders": {
        "Accept": "application/json",
        "Accept-Encoding": "gzip, deflate",
        "Authorization": "Sanitized",
        "Connection": "keep-alive",
        "Content-Length": "0",
        "Date": "Tue, 21 Sep 2021 01:01:25 GMT",
        "User-Agent": "azsdk-python-data-tables/12.1.1 Python/3.9.2 (Windows-10-10.0.19041-SP0)",
        "x-ms-client-request-id": "71d0cf0b-1a77-11ec-b6c8-5cf37093a909",
        "x-ms-date": "Tue, 21 Sep 2021 01:01:25 GMT",
        "x-ms-version": "2019-02-02"
      },
      "RequestBody": null,
      "StatusCode": 204,
      "ResponseHeaders": {
        "Date": "Tue, 21 Sep 2021 01:01:25 GMT",
        "x-ms-request-id": "bbead6e4-d3fc-4e3c-b19d-1b847c47bef2"
      },
      "ResponseBody": null
    }
  ],
  "Variables": {}
}
