interactions:
- request:
    body: '{"TableName": "uttablec161130a"}'
    headers:
      Accept:
      - application/json;odata=minimalmetadata
      Content-Length:
      - '32'
      Content-Type:
      - application/json;odata=nometadata
      DataServiceVersion:
      - '3.0'
      Date:
      - Wed, 26 May 2021 22:56:01 GMT
      User-Agent:
      - azsdk-python-data-tables/12.0.0b7 Python/3.8.1 (Windows-10-10.0.19041-SP0)
      x-ms-date:
      - Wed, 26 May 2021 22:56:01 GMT
      x-ms-version:
      - '2019-02-02'
    method: POST
    uri: https://fake_cosmos_account.table.cosmos.azure.com/Tables
  response:
    body:
      string: '{"TableName":"uttablec161130a","odata.metadata":"https://fake_cosmos_account.table.cosmos.azure.com/$metadata#Tables/@Element"}'
    headers:
      content-type: application/json;odata=minimalmetadata
      date: Wed, 26 May 2021 22:56:01 GMT
      etag: W/"datetime'2021-05-26T22%3A56%3A01.9645448Z'"
      location: https://fake_cosmos_account.table.cosmos.azure.com/Tables('uttablec161130a')
      server: Microsoft-HTTPAPI/2.0
      transfer-encoding: chunked
    status:
      code: 201
      message: Ok
    url: https://seankaneprim.table.cosmos.azure.com/Tables
- request:
    body: '{"PartitionKey": "pkc161130a", "PartitionKey@odata.type": "Edm.String",
      "RowKey": "rkc161130a", "RowKey@odata.type": "Edm.String", "age": 39, "sex":
      "male", "sex@odata.type": "Edm.String", "married": true, "deceased": false,
      "ratio": 3.1, "ratio@odata.type": "Edm.Double", "evenratio": 3.0, "evenratio@odata.type":
      "Edm.Double", "double": 5, "double@odata.type": "Edm.Double", "large": 933311100,
      "Birthday": "1973-10-04T00:00:00.000000Z", "Birthday@odata.type": "Edm.DateTime",
      "birthday": "1970-10-04T00:00:00.000000Z", "birthday@odata.type": "Edm.DateTime",
      "binary": "YmluYXJ5", "binary@odata.type": "Edm.Binary", "other": 20, "clsid":
      "c9da6455-213d-42c9-9a79-3e9149a57833", "clsid@odata.type": "Edm.Guid"}'
    headers:
      Accept:
      - application/json;odata=minimalmetadata
      Content-Length:
      - '711'
      Content-Type:
      - application/json;odata=nometadata
      DataServiceVersion:
      - '3.0'
      Date:
      - Wed, 26 May 2021 22:56:02 GMT
      User-Agent:
      - azsdk-python-data-tables/12.0.0b7 Python/3.8.1 (Windows-10-10.0.19041-SP0)
      x-ms-date:
      - Wed, 26 May 2021 22:56:02 GMT
      x-ms-version:
      - '2019-02-02'
    method: POST
    uri: https://fake_cosmos_account.table.cosmos.azure.com/uttablec161130a
  response:
    body:
      string: '{"odata.metadata":"https://fake_cosmos_account.table.cosmos.azure.com/uttablec161130a/$metadata#uttablec161130a/@Element","odata.etag":"W/\"datetime''2021-05-26T22%3A56%3A02.4246280Z''\"","PartitionKey":"pkc161130a","RowKey":"rkc161130a","age":39,"sex":"male","married":true,"deceased":false,"ratio":3.1,"evenratio":3.0,"double":5.0,"large":933311100,"Birthday@odata.type":"Edm.DateTime","Birthday":"1973-10-04T00:00:00.0000000Z","birthday@odata.type":"Edm.DateTime","birthday":"1970-10-04T00:00:00.0000000Z","binary@odata.type":"Edm.Binary","binary":"YmluYXJ5","other":20,"clsid@odata.type":"Edm.Guid","clsid":"c9da6455-213d-42c9-9a79-3e9149a57833","Timestamp":"2021-05-26T22:56:02.4246280Z"}'
    headers:
      content-type: application/json;odata=minimalmetadata
      date: Wed, 26 May 2021 22:56:01 GMT
      etag: W/"datetime'2021-05-26T22%3A56%3A02.4246280Z'"
      location: https://fake_cosmos_account.table.cosmos.azure.com/uttablec161130a(PartitionKey='pkc161130a',RowKey='rkc161130a')
      server: Microsoft-HTTPAPI/2.0
      transfer-encoding: chunked
    status:
      code: 201
      message: Created
    url: https://seankaneprim.table.cosmos.azure.com/uttablec161130a
- request:
    body: '{"PartitionKey": "pkc161130a", "PartitionKey@odata.type": "Edm.String",
      "RowKey": "rkc161130a", "RowKey@odata.type": "Edm.String", "age": "abc", "age@odata.type":
      "Edm.String", "sex": "female", "sex@odata.type": "Edm.String", "sign": "aquarius",
      "sign@odata.type": "Edm.String", "birthday": "1991-10-04T00:00:00.000000Z",
      "birthday@odata.type": "Edm.DateTime"}'
    headers:
      Accept:
      - application/json
      Content-Length:
      - '360'
      Content-Type:
      - application/json
      DataServiceVersion:
      - '3.0'
      Date:
      - Wed, 26 May 2021 22:56:02 GMT
      If-Match:
      - '*'
      User-Agent:
      - azsdk-python-data-tables/12.0.0b7 Python/3.8.1 (Windows-10-10.0.19041-SP0)
      x-ms-date:
      - Wed, 26 May 2021 22:56:02 GMT
      x-ms-version:
      - '2019-02-02'
    method: PUT
    uri: https://fake_cosmos_account.table.cosmos.azure.com/uttablec161130a(PartitionKey='pkc161130a',RowKey='rkc161130a')?se=end&sp=u&sv=2019-02-02&tn=uttablec161130a&sig=fake_token_value
  response:
    body:
      string: ''
    headers:
      content-length: '0'
      date: Wed, 26 May 2021 22:56:02 GMT
      etag: W/"datetime'2021-05-26T22%3A56%3A02.5696264Z'"
      server: Microsoft-HTTPAPI/2.0
    status:
      code: 204
      message: No Content
    url: https://seankaneprim.table.cosmos.azure.com/uttablec161130a(PartitionKey='pkc161130a',RowKey='rkc161130a')?se=2021-05-26T23:56:02Z&sp=u&sv=2019-02-02&tn=uttablec161130a&sig=Q3iMgijaP4I8A4ptQM1SubAK7shrH/ABCJIdrV8ndF8%3D
- request:
    body: null
    headers:
      Accept:
      - application/json;odata=minimalmetadata
      DataServiceVersion:
      - '3.0'
      Date:
      - Wed, 26 May 2021 22:56:02 GMT
      User-Agent:
      - azsdk-python-data-tables/12.0.0b7 Python/3.8.1 (Windows-10-10.0.19041-SP0)
      x-ms-date:
      - Wed, 26 May 2021 22:56:02 GMT
      x-ms-version:
      - '2019-02-02'
    method: GET
    uri: https://fake_cosmos_account.table.cosmos.azure.com/uttablec161130a(PartitionKey='pkc161130a',RowKey='rkc161130a')
  response:
    body:
      string: '{"odata.metadata":"https://fake_cosmos_account.table.cosmos.azure.com/uttablec161130a/$metadata#uttablec161130a/@Element","odata.etag":"W/\"datetime''2021-05-26T22%3A56%3A02.5696264Z''\"","PartitionKey":"pkc161130a","RowKey":"rkc161130a","age":"abc","sex":"female","sign":"aquarius","birthday@odata.type":"Edm.DateTime","birthday":"1991-10-04T00:00:00.0000000Z","Timestamp":"2021-05-26T22:56:02.5696264Z"}'
    headers:
      content-type: application/json;odata=minimalmetadata
      date: Wed, 26 May 2021 22:56:01 GMT
      etag: W/"datetime'2021-05-26T22%3A56%3A02.5696264Z'"
      server: Microsoft-HTTPAPI/2.0
      transfer-encoding: chunked
    status:
      code: 200
      message: Ok
    url: https://seankaneprim.table.cosmos.azure.com/uttablec161130a(PartitionKey='pkc161130a',RowKey='rkc161130a')
- request:
    body: null
    headers:
      Accept:
      - application/json;odata=minimalmetadata
      DataServiceVersion:
      - '3.0'
      Date:
      - Wed, 26 May 2021 22:56:02 GMT
      User-Agent:
      - azsdk-python-data-tables/12.0.0b7 Python/3.8.1 (Windows-10-10.0.19041-SP0)
      x-ms-date:
      - Wed, 26 May 2021 22:56:02 GMT
      x-ms-version:
      - '2019-02-02'
    method: GET
    uri: https://fake_cosmos_account.table.cosmos.azure.com/Tables
  response:
    body:
      string: '{"value":[{"TableName":"uttablec161130a"}],"odata.metadata":"https://fake_cosmos_account.table.cosmos.azure.com/$metadata#Tables"}'
    headers:
      content-type: application/json;odata=minimalmetadata
      date: Wed, 26 May 2021 22:56:01 GMT
      server: Microsoft-HTTPAPI/2.0
      transfer-encoding: chunked
    status:
      code: 200
      message: Ok
    url: https://seankaneprim.table.cosmos.azure.com/Tables
- request:
    body: null
    headers:
      Accept:
      - application/json
      Date:
      - Wed, 26 May 2021 22:56:02 GMT
      User-Agent:
      - azsdk-python-data-tables/12.0.0b7 Python/3.8.1 (Windows-10-10.0.19041-SP0)
      x-ms-date:
      - Wed, 26 May 2021 22:56:02 GMT
      x-ms-version:
      - '2019-02-02'
    method: DELETE
    uri: https://fake_cosmos_account.table.cosmos.azure.com/Tables('uttablec161130a')
  response:
    body:
      string: ''
    headers:
      content-length: '0'
      date: Wed, 26 May 2021 22:56:02 GMT
      server: Microsoft-HTTPAPI/2.0
    status:
      code: 204
      message: No Content
    url: https://seankaneprim.table.cosmos.azure.com/Tables('uttablec161130a')
version: 1
