{
  "Entries": [
    {
      "RequestUri": "https://fakeendpoint.table.cosmos.azure.com/Tables",
      "RequestMethod": "POST",
      "RequestHeaders": {
        "Accept": "application/json;odata=minimalmetadata",
        "Accept-Encoding": "gzip, deflate",
        "Authorization": "Sanitized",
        "Content-Length": "32",
        "Content-Type": "application/json;odata=nometadata",
        "DataServiceVersion": "3.0",
        "Date": "Thu, 09 Dec 2021 02:34:41 GMT",
        "User-Agent": "azsdk-python-data-tables/12.2.1 Python/3.10.0 (Windows-10-10.0.22000-SP0)",
        "x-ms-client-request-id": "903d693c-5898-11ec-b7fd-c8348e51ab51",
        "x-ms-date": "Thu, 09 Dec 2021 02:34:41 GMT",
        "x-ms-version": "2019-02-02"
      },
      "RequestBody": "{\u0022TableName\u0022: \u0022uttable887c2d47\u0022}",
      "StatusCode": 201,
      "ResponseHeaders": {
        "Content-Type": "application/json; odata=minimalmetadata",
        "Date": "Thu, 09 Dec 2021 02:34:42 GMT",
        "ETag": "W/\u0022datetime\u00272021-12-09T02%3A34%3A41.9600391Z\u0027\u0022",
        "Location": "https://fakeendpoint.table.cosmos.azure.com/Tables(\u0027uttable887c2d47\u0027)",
        "Transfer-Encoding": "chunked",
        "x-ms-request-id": "3ba402b5-f6a7-4a4e-9f82-783c3366b07e"
      },
      "ResponseBody": {
        "TableName": "uttable887c2d47",
        "odata.metadata": "https://fakeendpoint.table.cosmos.azure.com/$metadata#Tables/@Element"
      }
    },
    {
      "RequestUri": "https://fakeendpoint.table.cosmos.azure.com/uttable887c2d47?st=start\u0026se=end\u0026sp=a\u0026sv=2019-02-02\u0026tn=uttable887c2d47\u0026sig=fake_token_value",
      "RequestMethod": "POST",
      "RequestHeaders": {
        "Accept": "application/json;odata=minimalmetadata",
        "Accept-Encoding": "gzip, deflate",
        "Content-Length": "711",
        "Content-Type": "application/json;odata=nometadata",
        "DataServiceVersion": "3.0",
        "Date": "Thu, 09 Dec 2021 02:34:43 GMT",
        "User-Agent": "azsdk-python-data-tables/12.2.1 Python/3.10.0 (Windows-10-10.0.22000-SP0)",
        "x-ms-client-request-id": "90f33a7a-5898-11ec-a6b8-c8348e51ab51",
        "x-ms-date": "Thu, 09 Dec 2021 02:34:43 GMT",
        "x-ms-version": "2019-02-02"
      },
      "RequestBody": "{\u0022PartitionKey\u0022: \u0022pk887c2d47\u0022, \u0022PartitionKey@odata.type\u0022: \u0022Edm.String\u0022, \u0022RowKey\u0022: \u0022rk887c2d47\u0022, \u0022RowKey@odata.type\u0022: \u0022Edm.String\u0022, \u0022age\u0022: 39, \u0022sex\u0022: \u0022male\u0022, \u0022sex@odata.type\u0022: \u0022Edm.String\u0022, \u0022married\u0022: true, \u0022deceased\u0022: false, \u0022ratio\u0022: 3.1, \u0022ratio@odata.type\u0022: \u0022Edm.Double\u0022, \u0022evenratio\u0022: 3.0, \u0022evenratio@odata.type\u0022: \u0022Edm.Double\u0022, \u0022double\u0022: 5, \u0022double@odata.type\u0022: \u0022Edm.Double\u0022, \u0022large\u0022: 933311100, \u0022Birthday\u0022: \u00221973-10-04T00:00:00.000000Z\u0022, \u0022Birthday@odata.type\u0022: \u0022Edm.DateTime\u0022, \u0022birthday\u0022: \u00221970-10-04T00:00:00.000000Z\u0022, \u0022birthday@odata.type\u0022: \u0022Edm.DateTime\u0022, \u0022binary\u0022: \u0022YmluYXJ5\u0022, \u0022binary@odata.type\u0022: \u0022Edm.Binary\u0022, \u0022other\u0022: 20, \u0022clsid\u0022: \u0022c9da6455-213d-42c9-9a79-3e9149a57833\u0022, \u0022clsid@odata.type\u0022: \u0022Edm.Guid\u0022}",
      "StatusCode": 201,
      "ResponseHeaders": {
        "Content-Type": "application/json; odata=minimalmetadata",
        "Date": "Thu, 09 Dec 2021 02:34:42 GMT",
        "ETag": "W/\u0022datetime\u00272021-12-09T02%3A34%3A42.5568263Z\u0027\u0022",
        "Location": "https://fakeendpoint.table.cosmos.azure.com/uttable887c2d47(PartitionKey=\u0027pk887c2d47\u0027,RowKey=\u0027rk887c2d47\u0027)",
        "Transfer-Encoding": "chunked",
        "x-ms-request-id": "29f9a6b2-5287-400d-b505-a581004b1163"
      },
      "ResponseBody": {
        "odata.metadata": "https://fakeendpoint.table.cosmos.azure.com/uttable887c2d47/$metadata#uttable887c2d47/@Element",
        "odata.etag": "W/\u0022datetime\u00272021-12-09T02%3A34%3A42.5568263Z\u0027\u0022",
        "PartitionKey": "pk887c2d47",
        "RowKey": "rk887c2d47",
        "age": 39,
        "sex": "male",
        "married": true,
        "deceased": false,
        "ratio": 3.1,
        "evenratio": 3.0,
        "double": 5.0,
        "large": 933311100,
        "Birthday@odata.type": "Edm.DateTime",
        "Birthday": "1973-10-04T00:00:00.0000000Z",
        "birthday@odata.type": "Edm.DateTime",
        "birthday": "1970-10-04T00:00:00.0000000Z",
        "binary@odata.type": "Edm.Binary",
        "binary": "YmluYXJ5",
        "other": 20,
        "clsid@odata.type": "Edm.Guid",
        "clsid": "c9da6455-213d-42c9-9a79-3e9149a57833",
        "Timestamp": "2021-12-09T02:34:42.5568263Z"
      }
    },
    {
      "RequestUri": "https://fakeendpoint.table.cosmos.azure.com/uttable887c2d47(PartitionKey=\u0027pk887c2d47\u0027,RowKey=\u0027rk887c2d47\u0027)",
      "RequestMethod": "GET",
      "RequestHeaders": {
        "Accept": "application/json;odata=minimalmetadata",
        "Accept-Encoding": "gzip, deflate",
        "Authorization": "Sanitized",
        "DataServiceVersion": "3.0",
        "Date": "Thu, 09 Dec 2021 02:34:43 GMT",
        "User-Agent": "azsdk-python-data-tables/12.2.1 Python/3.10.0 (Windows-10-10.0.22000-SP0)",
        "x-ms-client-request-id": "90fec44e-5898-11ec-a2a8-c8348e51ab51",
        "x-ms-date": "Thu, 09 Dec 2021 02:34:43 GMT",
        "x-ms-version": "2019-02-02"
      },
      "RequestBody": null,
      "StatusCode": 200,
      "ResponseHeaders": {
        "Content-Type": "application/json; odata=minimalmetadata",
        "Date": "Thu, 09 Dec 2021 02:34:42 GMT",
        "ETag": "W/\u0022datetime\u00272021-12-09T02%3A34%3A42.5568263Z\u0027\u0022",
        "Transfer-Encoding": "chunked",
        "x-ms-request-id": "c65bdddb-d034-49c2-9078-48e36f69a749"
      },
      "ResponseBody": {
        "odata.metadata": "https://fakeendpoint.table.cosmos.azure.com/uttable887c2d47/$metadata#uttable887c2d47/@Element",
        "odata.etag": "W/\u0022datetime\u00272021-12-09T02%3A34%3A42.5568263Z\u0027\u0022",
        "PartitionKey": "pk887c2d47",
        "RowKey": "rk887c2d47",
        "age": 39,
        "sex": "male",
        "married": true,
        "deceased": false,
        "ratio": 3.1,
        "evenratio": 3.0,
        "double": 5.0,
        "large": 933311100,
        "Birthday@odata.type": "Edm.DateTime",
        "Birthday": "1973-10-04T00:00:00.0000000Z",
        "birthday@odata.type": "Edm.DateTime",
        "birthday": "1970-10-04T00:00:00.0000000Z",
        "binary@odata.type": "Edm.Binary",
        "binary": "YmluYXJ5",
        "other": 20,
        "clsid@odata.type": "Edm.Guid",
        "clsid": "c9da6455-213d-42c9-9a79-3e9149a57833",
        "Timestamp": "2021-12-09T02:34:42.5568263Z"
      }
    },
    {
      "RequestUri": "https://fakeendpoint.table.cosmos.azure.com/Tables",
      "RequestMethod": "GET",
      "RequestHeaders": {
        "Accept": "application/json;odata=minimalmetadata",
        "Accept-Encoding": "gzip, deflate",
        "Authorization": "Sanitized",
        "DataServiceVersion": "3.0",
        "Date": "Thu, 09 Dec 2021 02:34:43 GMT",
        "User-Agent": "azsdk-python-data-tables/12.2.1 Python/3.10.0 (Windows-10-10.0.22000-SP0)",
        "x-ms-client-request-id": "91079fa9-5898-11ec-bcc6-c8348e51ab51",
        "x-ms-date": "Thu, 09 Dec 2021 02:34:43 GMT",
        "x-ms-version": "2019-02-02"
      },
      "RequestBody": null,
      "StatusCode": 200,
      "ResponseHeaders": {
        "Content-Type": "application/json; odata=minimalmetadata",
        "Date": "Thu, 09 Dec 2021 02:34:42 GMT",
        "Transfer-Encoding": "chunked",
        "x-ms-request-id": "551cfae6-525f-49d9-854c-66f199b4af0a"
      },
      "ResponseBody": {
        "value": [
          {
            "TableName": "uttable887c2d47"
          }
        ],
        "odata.metadata": "https://fakeendpoint.table.cosmos.azure.com/$metadata#Tables"
      }
    },
    {
      "RequestUri": "https://fakeendpoint.table.cosmos.azure.com/Tables(\u0027uttable887c2d47\u0027)",
      "RequestMethod": "DELETE",
      "RequestHeaders": {
        "Accept": "application/json",
        "Accept-Encoding": "gzip, deflate",
        "Authorization": "Sanitized",
        "Content-Length": "0",
        "Date": "Thu, 09 Dec 2021 02:34:43 GMT",
        "User-Agent": "azsdk-python-data-tables/12.2.1 Python/3.10.0 (Windows-10-10.0.22000-SP0)",
        "x-ms-client-request-id": "910d8ca9-5898-11ec-b7f4-c8348e51ab51",
        "x-ms-date": "Thu, 09 Dec 2021 02:34:43 GMT",
        "x-ms-version": "2019-02-02"
      },
      "RequestBody": null,
      "StatusCode": 204,
      "ResponseHeaders": {
        "Date": "Thu, 09 Dec 2021 02:34:42 GMT",
        "x-ms-request-id": "373322a2-feec-41ef-ba6f-9e6172939275"
      },
      "ResponseBody": null
    }
  ],
  "Variables": {}
}
