interactions:
- request:
    body: '{"TableName": "uttable892d11b0"}'
    headers:
      Accept:
      - application/json;odata=minimalmetadata
      Content-Length:
      - '32'
      Content-Type:
      - application/json;odata=nometadata
      DataServiceVersion:
      - '3.0'
      Date:
      - Wed, 26 May 2021 21:42:51 GMT
      User-Agent:
      - azsdk-python-data-tables/12.0.0b7 Python/3.9.0rc1 (Windows-10-10.0.19041-SP0)
      x-ms-date:
      - Wed, 26 May 2021 21:42:51 GMT
      x-ms-version:
      - '2019-02-02'
    method: POST
    uri: https://fake_cosmos_account.table.cosmos.azure.com/Tables
  response:
    body:
      string: '{"TableName":"uttable892d11b0","odata.metadata":"https://fake_cosmos_account.table.cosmos.azure.com/$metadata#Tables/@Element"}'
    headers:
      content-type: application/json;odata=minimalmetadata
      date: Wed, 26 May 2021 21:42:52 GMT
      etag: W/"datetime'2021-05-26T21%3A42%3A52.7073288Z'"
      location: https://fake_cosmos_account.table.cosmos.azure.com/Tables('uttable892d11b0')
      server: Microsoft-HTTPAPI/2.0
      transfer-encoding: chunked
    status:
      code: 201
      message: Ok
    url: https://seankaneprim.table.cosmos.azure.com/Tables
- request:
    body: '{"PartitionKey": "pk892d11b0", "PartitionKey@odata.type": "Edm.String",
      "RowKey": "rk892d11b0", "RowKey@odata.type": "Edm.String", "age": 39, "sex":
      "male", "sex@odata.type": "Edm.String", "married": true, "deceased": false,
      "ratio": 3.1, "evenratio": 3.0, "large": 933311100, "Birthday": "1973-10-04T00:00:00.000000Z",
      "Birthday@odata.type": "Edm.DateTime", "birthday": "1970-10-04T00:00:00.000000Z",
      "birthday@odata.type": "Edm.DateTime", "binary": "YmluYXJ5", "binary@odata.type":
      "Edm.Binary", "other": 20, "clsid": "c9da6455-213d-42c9-9a79-3e9149a57833",
      "clsid@odata.type": "Edm.Guid"}'
    headers:
      Accept:
      - application/json;odata=minimalmetadata
      Content-Length:
      - '591'
      Content-Type:
      - application/json;odata=nometadata
      DataServiceVersion:
      - '3.0'
      Date:
      - Wed, 26 May 2021 21:42:52 GMT
      User-Agent:
      - azsdk-python-data-tables/12.0.0b7 Python/3.9.0rc1 (Windows-10-10.0.19041-SP0)
      x-ms-date:
      - Wed, 26 May 2021 21:42:52 GMT
      x-ms-version:
      - '2019-02-02'
    method: POST
    uri: https://fake_cosmos_account.table.cosmos.azure.com/uttable892d11b0?st=start&se=end&sp=a&sv=2019-02-02&tn=uttable892d11b0&sig=fake_token_value
  response:
    body:
      string: '{"odata.metadata":"https://fake_cosmos_account.table.cosmos.azure.com/uttable892d11b0/$metadata#uttable892d11b0/@Element","odata.etag":"W/\"datetime''2021-05-26T21%3A42%3A53.6138760Z''\"","PartitionKey":"pk892d11b0","RowKey":"rk892d11b0","age":39,"sex":"male","married":true,"deceased":false,"ratio":3.1,"evenratio":3.0,"large":933311100,"Birthday@odata.type":"Edm.DateTime","Birthday":"1973-10-04T00:00:00.0000000Z","birthday@odata.type":"Edm.DateTime","birthday":"1970-10-04T00:00:00.0000000Z","binary@odata.type":"Edm.Binary","binary":"YmluYXJ5","other":20,"clsid@odata.type":"Edm.Guid","clsid":"c9da6455-213d-42c9-9a79-3e9149a57833","Timestamp":"2021-05-26T21:42:53.6138760Z"}'
    headers:
      content-type: application/json;odata=minimalmetadata
      date: Wed, 26 May 2021 21:42:53 GMT
      etag: W/"datetime'2021-05-26T21%3A42%3A53.6138760Z'"
      location: https://fake_cosmos_account.table.cosmos.azure.com/uttable892d11b0(PartitionKey='pk892d11b0',RowKey='rk892d11b0')
      server: Microsoft-HTTPAPI/2.0
      transfer-encoding: chunked
    status:
      code: 201
      message: Created
    url: https://seankaneprim.table.cosmos.azure.com/uttable892d11b0?st=2021-05-26T21:41:52Z&se=2021-05-26T22:42:52Z&sp=a&sv=2019-02-02&tn=uttable892d11b0&sig=bqXXneya77J9XbQl8w8TCFZwRGwi3jBZk55227usRW8%3D
- request:
    body: null
    headers:
      Accept:
      - application/json;odata=minimalmetadata
      DataServiceVersion:
      - '3.0'
      Date:
      - Wed, 26 May 2021 21:42:52 GMT
      User-Agent:
      - azsdk-python-data-tables/12.0.0b7 Python/3.9.0rc1 (Windows-10-10.0.19041-SP0)
      x-ms-date:
      - Wed, 26 May 2021 21:42:52 GMT
      x-ms-version:
      - '2019-02-02'
    method: GET
    uri: https://fake_cosmos_account.table.cosmos.azure.com/uttable892d11b0(PartitionKey='pk892d11b0',RowKey='rk892d11b0')
  response:
    body:
      string: '{"odata.metadata":"https://fake_cosmos_account.table.cosmos.azure.com/uttable892d11b0/$metadata#uttable892d11b0/@Element","odata.etag":"W/\"datetime''2021-05-26T21%3A42%3A53.6138760Z''\"","PartitionKey":"pk892d11b0","RowKey":"rk892d11b0","age":39,"sex":"male","married":true,"deceased":false,"ratio":3.1,"evenratio":3.0,"large":933311100,"Birthday@odata.type":"Edm.DateTime","Birthday":"1973-10-04T00:00:00.0000000Z","birthday@odata.type":"Edm.DateTime","birthday":"1970-10-04T00:00:00.0000000Z","binary@odata.type":"Edm.Binary","binary":"YmluYXJ5","other":20,"clsid@odata.type":"Edm.Guid","clsid":"c9da6455-213d-42c9-9a79-3e9149a57833","Timestamp":"2021-05-26T21:42:53.6138760Z"}'
    headers:
      content-type: application/json;odata=minimalmetadata
      date: Wed, 26 May 2021 21:42:53 GMT
      etag: W/"datetime'2021-05-26T21%3A42%3A53.6138760Z'"
      server: Microsoft-HTTPAPI/2.0
      transfer-encoding: chunked
    status:
      code: 200
      message: Ok
    url: https://seankaneprim.table.cosmos.azure.com/uttable892d11b0(PartitionKey='pk892d11b0',RowKey='rk892d11b0')
- request:
    body: null
    headers:
      Accept:
      - application/json;odata=minimalmetadata
      DataServiceVersion:
      - '3.0'
      Date:
      - Wed, 26 May 2021 21:42:52 GMT
      User-Agent:
      - azsdk-python-data-tables/12.0.0b7 Python/3.9.0rc1 (Windows-10-10.0.19041-SP0)
      x-ms-date:
      - Wed, 26 May 2021 21:42:52 GMT
      x-ms-version:
      - '2019-02-02'
    method: GET
    uri: https://fake_cosmos_account.table.cosmos.azure.com/Tables
  response:
    body:
      string: '{"value":[{"TableName":"uttable892d11b0"}],"odata.metadata":"https://fake_cosmos_account.table.cosmos.azure.com/$metadata#Tables"}'
    headers:
      content-type: application/json;odata=minimalmetadata
      date: Wed, 26 May 2021 21:42:53 GMT
      server: Microsoft-HTTPAPI/2.0
      transfer-encoding: chunked
    status:
      code: 200
      message: Ok
    url: https://seankaneprim.table.cosmos.azure.com/Tables
- request:
    body: null
    headers:
      Accept:
      - application/json
      Date:
      - Wed, 26 May 2021 21:42:53 GMT
      User-Agent:
      - azsdk-python-data-tables/12.0.0b7 Python/3.9.0rc1 (Windows-10-10.0.19041-SP0)
      x-ms-date:
      - Wed, 26 May 2021 21:42:53 GMT
      x-ms-version:
      - '2019-02-02'
    method: DELETE
    uri: https://fake_cosmos_account.table.cosmos.azure.com/Tables('uttable892d11b0')
  response:
    body:
      string: ''
    headers:
      content-length: '0'
      date: Wed, 26 May 2021 21:42:53 GMT
      server: Microsoft-HTTPAPI/2.0
    status:
      code: 204
      message: No Content
    url: https://seankaneprim.table.cosmos.azure.com/Tables('uttable892d11b0')
version: 1
