{
  "Entries": [
    {
      "RequestUri": "https://fakeendpoint.table.core.windows.net/tableName/Tables",
      "RequestMethod": "POST",
      "RequestHeaders": {
        "Accept": "application/json;odata=minimalmetadata",
        "Accept-Encoding": "gzip, deflate",
        "Connection": "keep-alive",
        "Content-Length": "26",
        "Content-Type": "application/json;odata=nometadata",
        "DataServiceVersion": "3.0",
        "Date": "Sun, 10 Jul 2022 02:25:46 GMT",
        "User-Agent": "azsdk-python-data-tables/12.4.1 Python/3.9.2 (Windows-10-10.0.22000-SP0)",
        "x-ms-date": "Sun, 10 Jul 2022 02:25:46 GMT",
        "x-ms-version": "2019-02-02"
      },
      "RequestBody": {
        "TableName": "tableName"
      },
      "StatusCode": 404,
      "ResponseHeaders": {
        "Content-Type": "application/json; odata=minimalmetadata; streaming=true; charset=utf-8",
        "Date": "Sun, 10 Jul 2022 02:25:45 GMT",
        "Server": [
          "Windows-Azure-Table/1.0",
          "Microsoft-HTTPAPI/2.0"
        ],
        "Transfer-Encoding": "chunked",
        "X-Content-Type-Options": "nosniff",
        "x-ms-version": "2019-02-02"
      },
      "ResponseBody": {
        "odata.error": {
          "code": "TableNotFound",
          "message": {
            "lang": "en-US",
            "value": "The table specified does not exist.\nRequestId:9b400e1b-a002-0016-6d04-9484b1000000\nTime:2022-07-10T02:25:45.7178603Z"
          }
        }
      }
    },
    {
      "RequestUri": "https://fakeendpoint.table.core.windows.net/tableName/Tables",
      "RequestMethod": "POST",
      "RequestHeaders": {
        "Accept": "application/json;odata=minimalmetadata",
        "Accept-Encoding": "gzip, deflate",
        "Connection": "keep-alive",
        "Content-Length": "27",
        "Content-Type": "application/json;odata=nometadata",
        "DataServiceVersion": "3.0",
        "Date": "Sun, 10 Jul 2022 02:25:46 GMT",
        "User-Agent": "azsdk-python-data-tables/12.4.1 Python/3.9.2 (Windows-10-10.0.22000-SP0)",
        "x-ms-date": "Sun, 10 Jul 2022 02:25:46 GMT",
        "x-ms-version": "2019-02-02"
      },
      "RequestBody": {
        "TableName": "tableName2"
      },
      "StatusCode": 404,
      "ResponseHeaders": {
        "Content-Type": "application/json; odata=minimalmetadata; streaming=true; charset=utf-8",
        "Date": "Sun, 10 Jul 2022 02:25:45 GMT",
        "Server": [
          "Windows-Azure-Table/1.0",
          "Microsoft-HTTPAPI/2.0"
        ],
        "Transfer-Encoding": "chunked",
        "X-Content-Type-Options": "nosniff",
        "x-ms-version": "2019-02-02"
      },
      "ResponseBody": {
        "odata.error": {
          "code": "TableNotFound",
          "message": {
            "lang": "en-US",
            "value": "The table specified does not exist.\nRequestId:9b400e1f-a002-0016-6f04-9484b1000000\nTime:2022-07-10T02:25:45.7718334Z"
          }
        }
      }
    },
    {
      "RequestUri": "https://fakeendpoint.table.core.windows.net/Tables",
      "RequestMethod": "POST",
      "RequestHeaders": {
        "Accept": "application/json;odata=minimalmetadata",
        "Accept-Encoding": "gzip, deflate",
        "Connection": "keep-alive",
        "Content-Length": "26",
        "Content-Type": "application/json;odata=nometadata",
        "DataServiceVersion": "3.0",
        "Date": "Sun, 10 Jul 2022 02:25:46 GMT",
        "User-Agent": "azsdk-python-data-tables/12.4.1 Python/3.9.2 (Windows-10-10.0.22000-SP0)",
        "x-ms-date": "Sun, 10 Jul 2022 02:25:46 GMT",
        "x-ms-version": "2019-02-02"
      },
      "RequestBody": {
        "TableName": "tableName"
      },
      "StatusCode": 201,
      "ResponseHeaders": {
        "Cache-Control": "no-cache",
        "Content-Type": "application/json; odata=minimalmetadata; streaming=true; charset=utf-8",
        "Date": "Sun, 10 Jul 2022 02:25:45 GMT",
        "Location": "https://fakeendpoint.table.core.windows.net/Tables(\u0027tableName\u0027)",
        "Server": [
          "Windows-Azure-Table/1.0",
          "Microsoft-HTTPAPI/2.0"
        ],
        "Transfer-Encoding": "chunked",
        "X-Content-Type-Options": "nosniff",
        "x-ms-version": "2019-02-02"
      },
      "ResponseBody": {
        "odata.metadata": "https://fakeendpoint.table.core.windows.net/$metadata#Tables/@Element",
        "TableName": "tableName"
      }
    },
    {
      "RequestUri": "https://fakeendpoint.table.core.windows.net/tableName/Tables",
      "RequestMethod": "POST",
      "RequestHeaders": {
        "Accept": "application/json;odata=minimalmetadata",
        "Accept-Encoding": "gzip, deflate",
        "Connection": "keep-alive",
        "Content-Length": "26",
        "Content-Type": "application/json;odata=nometadata",
        "DataServiceVersion": "3.0",
        "Date": "Sun, 10 Jul 2022 02:25:46 GMT",
        "User-Agent": "azsdk-python-data-tables/12.4.1 Python/3.9.2 (Windows-10-10.0.22000-SP0)",
        "x-ms-date": "Sun, 10 Jul 2022 02:25:46 GMT",
        "x-ms-version": "2019-02-02"
      },
      "RequestBody": {
        "TableName": "tableName"
      },
      "StatusCode": 400,
      "ResponseHeaders": {
        "Cache-Control": "no-cache",
        "Content-Type": "application/json; odata=minimalmetadata; streaming=true; charset=utf-8",
        "Date": "Sun, 10 Jul 2022 02:25:45 GMT",
        "Server": [
          "Windows-Azure-Table/1.0",
          "Microsoft-HTTPAPI/2.0"
        ],
        "Transfer-Encoding": "chunked",
        "X-Content-Type-Options": "nosniff",
        "x-ms-version": "2019-02-02"
      },
      "ResponseBody": {
        "odata.error": {
          "code": "PropertiesNeedValue",
          "message": {
            "lang": "en-US",
            "value": "The values are not specified for all properties in the entity.\nRequestId:9b400e2b-a002-0016-7804-9484b1000000\nTime:2022-07-10T02:25:45.9007690Z"
          }
        }
      }
    },
    {
      "RequestUri": "https://fakeendpoint.table.core.windows.net/tableName/Tables(\u0027tableName\u0027)",
      "RequestMethod": "DELETE",
      "RequestHeaders": {
        "Accept": "application/json",
        "Accept-Encoding": "gzip, deflate",
        "Connection": "keep-alive",
        "Content-Length": "0",
        "Date": "Sun, 10 Jul 2022 02:25:46 GMT",
        "User-Agent": "azsdk-python-data-tables/12.4.1 Python/3.9.2 (Windows-10-10.0.22000-SP0)",
        "x-ms-date": "Sun, 10 Jul 2022 02:25:46 GMT",
        "x-ms-version": "2019-02-02"
      },
      "RequestBody": null,
      "StatusCode": 400,
      "ResponseHeaders": {
        "Content-Type": "application/json; odata=minimalmetadata; streaming=true; charset=utf-8",
        "Date": "Sun, 10 Jul 2022 02:25:45 GMT",
        "Server": [
          "Windows-Azure-Table/1.0",
          "Microsoft-HTTPAPI/2.0"
        ],
        "Transfer-Encoding": "chunked",
        "X-Content-Type-Options": "nosniff",
        "x-ms-version": "2019-02-02"
      },
      "ResponseBody": {
        "odata.error": {
          "code": "InvalidInput",
          "message": {
            "lang": "en-US",
            "value": "The number of keys specified in the URI does not match number of key properties for the resource \u0027faketableaccount.tableName\u0027.\nRequestId:9b400e30-a002-0016-7c04-9484b1000000\nTime:2022-07-10T02:25:45.9427475Z"
          }
        }
      }
    },
    {
      "RequestUri": "https://fakeendpoint.table.core.windows.net/Tables(\u0027tableName\u0027)",
      "RequestMethod": "DELETE",
      "RequestHeaders": {
        "Accept": "application/json",
        "Accept-Encoding": "gzip, deflate",
        "Connection": "keep-alive",
        "Content-Length": "0",
        "Date": "Sun, 10 Jul 2022 02:25:46 GMT",
        "User-Agent": "azsdk-python-data-tables/12.4.1 Python/3.9.2 (Windows-10-10.0.22000-SP0)",
        "x-ms-date": "Sun, 10 Jul 2022 02:25:46 GMT",
        "x-ms-version": "2019-02-02"
      },
      "RequestBody": null,
      "StatusCode": 204,
      "ResponseHeaders": {
        "Cache-Control": "no-cache",
        "Content-Length": "0",
        "Date": "Sun, 10 Jul 2022 02:25:45 GMT",
        "Server": [
          "Windows-Azure-Table/1.0",
          "Microsoft-HTTPAPI/2.0"
        ],
        "X-Content-Type-Options": "nosniff",
        "x-ms-version": "2019-02-02"
      },
      "ResponseBody": null
    }
  ],
  "Variables": {}
}
