interactions:
- request:
    body: '{"TableName": "uttable3b0215a4"}'
    headers:
      Accept:
      - application/json;odata=minimalmetadata
      Content-Length:
      - '32'
      Content-Type:
      - application/json;odata=nometadata
      DataServiceVersion:
      - '3.0'
      Date:
      - Thu, 20 Aug 2020 20:17:17 GMT
      User-Agent:
      - azsdk-python-data-tables/2019-07-07 Python/3.8.4 (Windows-10-10.0.19041-SP0)
      x-ms-date:
      - Thu, 20 Aug 2020 20:17:17 GMT
      x-ms-version:
      - '2019-07-07'
    method: POST
    uri: https://storagename.table.core.windows.net/Tables
  response:
    body:
      string: '{"odata.metadata":"https://storagename.table.core.windows.net/$metadata#Tables/@Element","TableName":"uttable3b0215a4"}'
    headers:
      cache-control: no-cache
      content-type: application/json;odata=minimalmetadata;streaming=true;charset=utf-8
      date: Thu, 20 Aug 2020 20:17:17 GMT
      location: https://storagename.table.core.windows.net/Tables('uttable3b0215a4')
      server: Windows-Azure-Table/1.0 Microsoft-HTTPAPI/2.0
      transfer-encoding: chunked
      x-content-type-options: nosniff
      x-ms-version: '2019-07-07'
    status:
      code: 201
      message: Created
    url: https://pyacrstoragewdjxux7eodqw.table.core.windows.net/Tables
- request:
    body: null
    headers:
      Accept:
      - application/json;odata=minimalmetadata
      DataServiceVersion:
      - '3.0'
      Date:
      - Thu, 20 Aug 2020 20:17:17 GMT
      User-Agent:
      - azsdk-python-data-tables/2019-07-07 Python/3.8.4 (Windows-10-10.0.19041-SP0)
      x-ms-date:
      - Thu, 20 Aug 2020 20:17:17 GMT
      x-ms-version:
      - '2019-07-07'
    method: GET
    uri: https://storagename.table.core.windows.net/uttable3b0215a4(PartitionKey='pk3b0215a4',RowKey='rk3b0215a4')
  response:
    body:
      string: '{"odata.error":{"code":"ResourceNotFound","message":{"lang":"en-US","value":"The
        specified resource does not exist.\nRequestId:b1e6f39d-1002-00fa-372e-772def000000\nTime:2020-08-20T20:17:18.0459817Z"}}}'
    headers:
      cache-control: no-cache
      content-type: application/json;odata=minimalmetadata;streaming=true;charset=utf-8
      date: Thu, 20 Aug 2020 20:17:17 GMT
      server: Windows-Azure-Table/1.0 Microsoft-HTTPAPI/2.0
      transfer-encoding: chunked
      x-content-type-options: nosniff
      x-ms-version: '2019-07-07'
    status:
      code: 404
      message: Not Found
    url: https://pyacrstoragewdjxux7eodqw.table.core.windows.net/uttable3b0215a4(PartitionKey='pk3b0215a4',RowKey='rk3b0215a4')
- request:
    body: null
    headers:
      Date:
      - Thu, 20 Aug 2020 20:17:17 GMT
      User-Agent:
      - azsdk-python-data-tables/2019-07-07 Python/3.8.4 (Windows-10-10.0.19041-SP0)
      x-ms-date:
      - Thu, 20 Aug 2020 20:17:17 GMT
      x-ms-version:
      - '2019-07-07'
    method: DELETE
    uri: https://storagename.table.core.windows.net/Tables('uttable3b0215a4')
  response:
    body:
      string: ''
    headers:
      cache-control: no-cache
      content-length: '0'
      date: Thu, 20 Aug 2020 20:17:17 GMT
      server: Windows-Azure-Table/1.0 Microsoft-HTTPAPI/2.0
      x-content-type-options: nosniff
      x-ms-version: '2019-07-07'
    status:
      code: 204
      message: No Content
    url: https://pyacrstoragewdjxux7eodqw.table.core.windows.net/Tables('uttable3b0215a4')
version: 1
