{
  "Entries": [
    {
      "RequestUri": "https://yalltbtestsprim.table.cosmos.azure.com/Tables",
      "RequestMethod": "POST",
      "RequestHeaders": {
        "Accept": "application/json;odata=minimalmetadata",
        "Accept-Encoding": "gzip, deflate",
        "Authorization": "Sanitized",
        "Connection": "keep-alive",
        "Content-Length": "32",
        "Content-Type": "application/json;odata=nometadata",
        "DataServiceVersion": "3.0",
        "Date": "Thu, 16 Sep 2021 23:36:43 GMT",
        "User-Agent": "azsdk-python-data-tables/12.1.1 Python/3.9.2 (Windows-10-10.0.19041-SP0)",
        "x-ms-client-request-id": "f2f2d9bd-1746-11ec-b383-5cf37093a909",
        "x-ms-date": "Thu, 16 Sep 2021 23:36:43 GMT",
        "x-ms-version": "2019-02-02"
      },
      "RequestBody": "{\u0022TableName\u0022: \u0022uttabled38b3455\u0022}",
      "StatusCode": 201,
      "ResponseHeaders": {
        "Content-Type": "application/json; odata=minimalmetadata",
        "Date": "Thu, 16 Sep 2021 23:36:42 GMT",
        "ETag": "W/\u0022datetime\u00272021-09-16T23%3A36%3A43.3522696Z\u0027\u0022",
        "Location": "https://yalltbtestsprim.table.cosmos.azure.com/Tables(\u0027uttabled38b3455\u0027)",
        "Transfer-Encoding": "chunked",
        "x-ms-request-id": "adf17ec1-8c24-4f99-a3ad-33f9ad01cf87"
      },
      "ResponseBody": {
        "TableName": "uttabled38b3455",
        "odata.metadata": "https://yalltbtestsprim.table.cosmos.azure.com/$metadata#Tables/@Element"
      }
    },
    {
      "RequestUri": "https://yalltbtestsprim.table.cosmos.azure.com/uttabled38b3455",
      "RequestMethod": "POST",
      "RequestHeaders": {
        "Accept": "application/json;odata=minimalmetadata",
        "Accept-Encoding": "gzip, deflate",
        "Authorization": "Sanitized",
        "Connection": "keep-alive",
        "Content-Length": "711",
        "Content-Type": "application/json;odata=nometadata",
        "DataServiceVersion": "3.0",
        "Date": "Thu, 16 Sep 2021 23:36:45 GMT",
        "User-Agent": "azsdk-python-data-tables/12.1.1 Python/3.9.2 (Windows-10-10.0.19041-SP0)",
        "x-ms-client-request-id": "f4056c4c-1746-11ec-b44e-5cf37093a909",
        "x-ms-date": "Thu, 16 Sep 2021 23:36:45 GMT",
        "x-ms-version": "2019-02-02"
      },
      "RequestBody": "{\u0022PartitionKey\u0022: \u0022pkd38b3455\u0022, \u0022PartitionKey@odata.type\u0022: \u0022Edm.String\u0022, \u0022RowKey\u0022: \u0022rkd38b3455\u0022, \u0022RowKey@odata.type\u0022: \u0022Edm.String\u0022, \u0022age\u0022: 39, \u0022sex\u0022: \u0022male\u0022, \u0022sex@odata.type\u0022: \u0022Edm.String\u0022, \u0022married\u0022: true, \u0022deceased\u0022: false, \u0022ratio\u0022: 3.1, \u0022ratio@odata.type\u0022: \u0022Edm.Double\u0022, \u0022evenratio\u0022: 3.0, \u0022evenratio@odata.type\u0022: \u0022Edm.Double\u0022, \u0022double\u0022: 5, \u0022double@odata.type\u0022: \u0022Edm.Double\u0022, \u0022large\u0022: 933311100, \u0022Birthday\u0022: \u00221973-10-04T00:00:00.000000Z\u0022, \u0022Birthday@odata.type\u0022: \u0022Edm.DateTime\u0022, \u0022birthday\u0022: \u00221970-10-04T00:00:00.000000Z\u0022, \u0022birthday@odata.type\u0022: \u0022Edm.DateTime\u0022, \u0022binary\u0022: \u0022YmluYXJ5\u0022, \u0022binary@odata.type\u0022: \u0022Edm.Binary\u0022, \u0022other\u0022: 20, \u0022clsid\u0022: \u0022c9da6455-213d-42c9-9a79-3e9149a57833\u0022, \u0022clsid@odata.type\u0022: \u0022Edm.Guid\u0022}",
      "StatusCode": 201,
      "ResponseHeaders": {
        "Content-Type": "application/json; odata=minimalmetadata",
        "Date": "Thu, 16 Sep 2021 23:36:43 GMT",
        "ETag": "W/\u0022datetime\u00272021-09-16T23%3A36%3A43.8101000Z\u0027\u0022",
        "Location": "https://yalltbtestsprim.table.cosmos.azure.com/uttabled38b3455(PartitionKey=\u0027pkd38b3455\u0027,RowKey=\u0027rkd38b3455\u0027)",
        "Transfer-Encoding": "chunked",
        "x-ms-request-id": "0c11af49-4627-430b-9ab2-745be4d27459"
      },
      "ResponseBody": {
        "odata.metadata": "https://yalltbtestsprim.table.cosmos.azure.com/uttabled38b3455/$metadata#uttabled38b3455/@Element",
        "odata.etag": "W/\u0022datetime\u00272021-09-16T23%3A36%3A43.8101000Z\u0027\u0022",
        "PartitionKey": "pkd38b3455",
        "RowKey": "rkd38b3455",
        "age": 39,
        "sex": "male",
        "married": true,
        "deceased": false,
        "ratio": 3.1,
        "evenratio": 3.0,
        "double": 5.0,
        "large": 933311100,
        "Birthday@odata.type": "Edm.DateTime",
        "Birthday": "1973-10-04T00:00:00.0000000Z",
        "birthday@odata.type": "Edm.DateTime",
        "birthday": "1970-10-04T00:00:00.0000000Z",
        "binary@odata.type": "Edm.Binary",
        "binary": "YmluYXJ5",
        "other": 20,
        "clsid@odata.type": "Edm.Guid",
        "clsid": "c9da6455-213d-42c9-9a79-3e9149a57833",
        "Timestamp": "2021-09-16T23:36:43.8101000Z"
      }
    },
    {
      "RequestUri": "https://yalltbtestsprim.table.cosmos.azure.com/uttabled38b3455(PartitionKey=\u0027pkd38b3455\u0027,RowKey=\u0027rkd38b3455\u0027)",
      "RequestMethod": "POST",
      "RequestHeaders": {
        "Accept": "application/json",
        "Accept-Encoding": "gzip, deflate",
        "Authorization": "Sanitized",
        "Connection": "keep-alive",
        "Content-Length": "724",
        "Content-Type": "application/json",
        "DataServiceVersion": "3.0",
        "Date": "Thu, 16 Sep 2021 23:36:45 GMT",
        "If-Match": "*",
        "User-Agent": "azsdk-python-data-tables/12.1.1 Python/3.9.2 (Windows-10-10.0.19041-SP0)",
        "X-HTTP-Method": "MERGE",
        "x-ms-client-request-id": "f4112f70-1746-11ec-980f-5cf37093a909",
        "x-ms-date": "Thu, 16 Sep 2021 23:36:45 GMT",
        "x-ms-version": "2019-02-02"
      },
      "RequestBody": "{\u0022PartitionKey\u0022: \u0022pkd38b3455\u0022, \u0022PartitionKey@odata.type\u0022: \u0022Edm.String\u0022, \u0022RowKey\u0022: \u0022rkd38b3455\u0022, \u0022RowKey@odata.type\u0022: \u0022Edm.String\u0022, \u0022age\u0022: 39, \u0022sex\u0022: \u0022male\u0022, \u0022sex@odata.type\u0022: \u0022Edm.String\u0022, \u0022married\u0022: true, \u0022deceased\u0022: false, \u0022ratio\u0022: 3.1, \u0022ratio@odata.type\u0022: \u0022Edm.Double\u0022, \u0022evenratio\u0022: 3.0, \u0022evenratio@odata.type\u0022: \u0022Edm.Double\u0022, \u0022double\u0022: 5, \u0022double@odata.type\u0022: \u0022Edm.Double\u0022, \u0022large\u0022: 933311100, \u0022Birthday\u0022: \u00221973-10-04T00:00:00.000000Z\u0022, \u0022Birthday@odata.type\u0022: \u0022Edm.DateTime\u0022, \u0022birthday\u0022: \u00221970-10-04T00:00:00.000000Z\u0022, \u0022birthday@odata.type\u0022: \u0022Edm.DateTime\u0022, \u0022binary\u0022: \u0022YmluYXJ5\u0022, \u0022binary@odata.type\u0022: \u0022Edm.Binary\u0022, \u0022other\u0022: 20, \u0022clsid\u0022: \u0022c9da6455-213d-42c9-9a79-3e9149a57833\u0022, \u0022clsid@odata.type\u0022: \u0022Edm.Guid\u0022, \u0022value\u0022: 10}",
      "StatusCode": 204,
      "ResponseHeaders": {
        "Date": "Thu, 16 Sep 2021 23:36:43 GMT",
        "ETag": "W/\u0022datetime\u00272021-09-16T23%3A36%3A43.8446088Z\u0027\u0022",
        "x-ms-request-id": "30ccea15-34ee-4b50-b646-dbda184fa75c"
      },
      "ResponseBody": null
    },
    {
      "RequestUri": "https://yalltbtestsprim.table.cosmos.azure.com/uttabled38b3455(PartitionKey=\u0027pkd38b3455\u0027,RowKey=\u0027rkd38b3455\u0027)",
      "RequestMethod": "GET",
      "RequestHeaders": {
        "Accept": "application/json;odata=minimalmetadata",
        "Accept-Encoding": "gzip, deflate",
        "Authorization": "Sanitized",
        "Connection": "keep-alive",
        "DataServiceVersion": "3.0",
        "Date": "Thu, 16 Sep 2021 23:36:45 GMT",
        "User-Agent": "azsdk-python-data-tables/12.1.1 Python/3.9.2 (Windows-10-10.0.19041-SP0)",
        "x-ms-client-request-id": "f415b6af-1746-11ec-9ee9-5cf37093a909",
        "x-ms-date": "Thu, 16 Sep 2021 23:36:45 GMT",
        "x-ms-version": "2019-02-02"
      },
      "RequestBody": null,
      "StatusCode": 200,
      "ResponseHeaders": {
        "Content-Type": "application/json; odata=minimalmetadata",
        "Date": "Thu, 16 Sep 2021 23:36:43 GMT",
        "ETag": "W/\u0022datetime\u00272021-09-16T23%3A36%3A43.8446088Z\u0027\u0022",
        "Transfer-Encoding": "chunked",
        "x-ms-request-id": "4b50a03e-7c2f-4234-b472-71afdcc853a2"
      },
      "ResponseBody": {
        "odata.metadata": "https://yalltbtestsprim.table.cosmos.azure.com/uttabled38b3455/$metadata#uttabled38b3455/@Element",
        "odata.etag": "W/\u0022datetime\u00272021-09-16T23%3A36%3A43.8446088Z\u0027\u0022",
        "PartitionKey": "pkd38b3455",
        "RowKey": "rkd38b3455",
        "age": 39,
        "sex": "male",
        "married": true,
        "deceased": false,
        "ratio": 3.1,
        "evenratio": 3.0,
        "double": 5.0,
        "large": 933311100,
        "Birthday@odata.type": "Edm.DateTime",
        "Birthday": "1973-10-04T00:00:00.0000000Z",
        "birthday@odata.type": "Edm.DateTime",
        "birthday": "1970-10-04T00:00:00.0000000Z",
        "binary@odata.type": "Edm.Binary",
        "binary": "YmluYXJ5",
        "other": 20,
        "clsid@odata.type": "Edm.Guid",
        "clsid": "c9da6455-213d-42c9-9a79-3e9149a57833",
        "value": 10,
        "Timestamp": "2021-09-16T23:36:43.8446088Z"
      }
    },
    {
      "RequestUri": "https://yalltbtestsprim.table.cosmos.azure.com/uttabled38b3455(PartitionKey=\u0027pkd38b3455\u0027,RowKey=\u0027rkd38b3455\u0027)",
      "RequestMethod": "DELETE",
      "RequestHeaders": {
        "Accept": "application/json;odata=minimalmetadata",
        "Accept-Encoding": "gzip, deflate",
        "Authorization": "Sanitized",
        "Connection": "keep-alive",
        "Content-Length": "0",
        "DataServiceVersion": "3.0",
        "Date": "Thu, 16 Sep 2021 23:36:45 GMT",
        "If-Match": "W/\u0022datetime\u00272021-09-16T23%3A36%3A43.8101000Z\u0027\u0022",
        "User-Agent": "azsdk-python-data-tables/12.1.1 Python/3.9.2 (Windows-10-10.0.19041-SP0)",
        "x-ms-client-request-id": "f419d587-1746-11ec-803b-5cf37093a909",
        "x-ms-date": "Thu, 16 Sep 2021 23:36:45 GMT",
        "x-ms-version": "2019-02-02"
      },
      "RequestBody": null,
      "StatusCode": 412,
      "ResponseHeaders": {
        "Content-Type": "application/json; odata=fullmetadata",
        "Date": "Thu, 16 Sep 2021 23:36:43 GMT",
        "Transfer-Encoding": "chunked",
        "x-ms-request-id": "c18634dc-bff8-46ea-aaa6-7ae63e969cc9"
      },
      "ResponseBody": [
        "{\u0022odata.error\u0022:{\u0022code\u0022:\u0022UpdateConditionNotSatisfied\u0022,\u0022message\u0022:{\u0022lang\u0022:\u0022en-us\u0022,\u0022value\u0022:\u0022The update condition specified in the request was not satisfied.\\nRequestID:c18634dc-bff8-46ea-aaa6-7ae63e969cc9\\n\u0022}}}\r\n"
      ]
    },
    {
      "RequestUri": "https://yalltbtestsprim.table.cosmos.azure.com/uttabled38b3455(PartitionKey=\u0027pkd38b3455\u0027,RowKey=\u0027rkd38b3455\u0027)",
      "RequestMethod": "DELETE",
      "RequestHeaders": {
        "Accept": "application/json;odata=minimalmetadata",
        "Accept-Encoding": "gzip, deflate",
        "Authorization": "Sanitized",
        "Connection": "keep-alive",
        "Content-Length": "0",
        "DataServiceVersion": "3.0",
        "Date": "Thu, 16 Sep 2021 23:36:45 GMT",
        "If-Match": "W/\u0022datetime\u00272021-09-16T23%3A36%3A43.8446088Z\u0027\u0022",
        "User-Agent": "azsdk-python-data-tables/12.1.1 Python/3.9.2 (Windows-10-10.0.19041-SP0)",
        "x-ms-client-request-id": "f4205507-1746-11ec-9d3d-5cf37093a909",
        "x-ms-date": "Thu, 16 Sep 2021 23:36:45 GMT",
        "x-ms-version": "2019-02-02"
      },
      "RequestBody": null,
      "StatusCode": 204,
      "ResponseHeaders": {
        "Date": "Thu, 16 Sep 2021 23:36:43 GMT",
        "x-ms-request-id": "14134fee-b9c2-462b-b9e6-690be997b7f8"
      },
      "ResponseBody": null
    },
    {
      "RequestUri": "https://yalltbtestsprim.table.cosmos.azure.com/Tables",
      "RequestMethod": "GET",
      "RequestHeaders": {
        "Accept": "application/json;odata=minimalmetadata",
        "Accept-Encoding": "gzip, deflate",
        "Authorization": "Sanitized",
        "Connection": "keep-alive",
        "DataServiceVersion": "3.0",
        "Date": "Thu, 16 Sep 2021 23:36:45 GMT",
        "User-Agent": "azsdk-python-data-tables/12.1.1 Python/3.9.2 (Windows-10-10.0.19041-SP0)",
        "x-ms-client-request-id": "f42ae283-1746-11ec-8cfa-5cf37093a909",
        "x-ms-date": "Thu, 16 Sep 2021 23:36:45 GMT",
        "x-ms-version": "2019-02-02"
      },
      "RequestBody": null,
      "StatusCode": 200,
      "ResponseHeaders": {
        "Content-Type": "application/json; odata=minimalmetadata",
        "Date": "Thu, 16 Sep 2021 23:36:43 GMT",
        "Transfer-Encoding": "chunked",
        "x-ms-request-id": "5eefc3cd-0f4f-4302-a74a-9a6e39ed0362"
      },
      "ResponseBody": {
        "value": [
          {
            "TableName": "uttabled38b3455"
          }
        ],
        "odata.metadata": "https://yalltbtestsprim.table.cosmos.azure.com/$metadata#Tables"
      }
    },
    {
      "RequestUri": "https://yalltbtestsprim.table.cosmos.azure.com/Tables(\u0027uttabled38b3455\u0027)",
      "RequestMethod": "DELETE",
      "RequestHeaders": {
        "Accept": "application/json",
        "Accept-Encoding": "gzip, deflate",
        "Authorization": "Sanitized",
        "Connection": "keep-alive",
        "Content-Length": "0",
        "Date": "Thu, 16 Sep 2021 23:36:45 GMT",
        "User-Agent": "azsdk-python-data-tables/12.1.1 Python/3.9.2 (Windows-10-10.0.19041-SP0)",
        "x-ms-client-request-id": "f42f9b2c-1746-11ec-8751-5cf37093a909",
        "x-ms-date": "Thu, 16 Sep 2021 23:36:45 GMT",
        "x-ms-version": "2019-02-02"
      },
      "RequestBody": null,
      "StatusCode": 204,
      "ResponseHeaders": {
        "Date": "Thu, 16 Sep 2021 23:36:43 GMT",
        "x-ms-request-id": "891b74ef-d8bc-4172-8435-aeb5a22a2110"
      },
      "ResponseBody": null
    }
  ],
  "Variables": {}
}