interactions:
- request:
    body: '{"TableName": "pytablesync99dc0b08"}'
    headers:
      Accept:
      - application/json;odata=minimalmetadata
      Accept-Encoding:
      - gzip, deflate
      Connection:
      - keep-alive
      Content-Length:
      - '36'
      Content-Type:
      - application/json;odata=nometadata
      DataServiceVersion:
      - '3.0'
      Date:
      - Thu, 23 Jul 2020 16:43:10 GMT
      User-Agent:
      - azsdk-python-storage-table/2019-07-07 Python/3.8.4 (Windows-10-10.0.19041-SP0)
      x-ms-date:
      - Thu, 23 Jul 2020 16:43:10 GMT
      x-ms-version:
      - '2019-07-07'
    method: POST
    uri: https://storagename.table.core.windows.net/Tables
  response:
    body:
      string: '{"odata.metadata":"https://storagename.table.core.windows.net/$metadata#Tables/@Element","TableName":"pytablesync99dc0b08"}'
    headers:
      cache-control:
      - no-cache
      content-type:
      - application/json;odata=minimalmetadata;streaming=true;charset=utf-8
      date:
      - Thu, 23 Jul 2020 16:43:11 GMT
      location:
      - https://storagename.table.core.windows.net/Tables('pytablesync99dc0b08')
      server:
      - Windows-Azure-Table/1.0 Microsoft-HTTPAPI/2.0
      transfer-encoding:
      - chunked
      x-content-type-options:
      - nosniff
      x-ms-version:
      - '2019-07-07'
    status:
      code: 201
      message: Created
- request:
    body: '{"PartitionKey": "test", "RowKey": "test1", "text": "hello"}'
    headers:
      Accept:
      - '*/*'
      Accept-Encoding:
      - gzip, deflate
      Connection:
      - keep-alive
      Content-Length:
      - '60'
      Content-Type:
      - application/json
      DataServiceVersion:
      - '3.0'
      Date:
      - Thu, 23 Jul 2020 16:43:11 GMT
      User-Agent:
      - azsdk-python-storage-table/2019-07-07 Python/3.8.4 (Windows-10-10.0.19041-SP0)
      x-ms-date:
      - Thu, 23 Jul 2020 16:43:11 GMT
      x-ms-version:
      - '2019-07-07'
    method: PATCH
    uri: https://storagename.table.core.windows.net/pytablesync99dc0b08(PartitionKey='test',RowKey='test1')
  response:
    body:
      string: ''
    headers:
      cache-control:
      - no-cache
      content-length:
      - '0'
      date:
      - Thu, 23 Jul 2020 16:43:11 GMT
      etag:
      - W/"datetime'2020-07-23T16%3A43%3A11.4467479Z'"
      server:
      - Windows-Azure-Table/1.0 Microsoft-HTTPAPI/2.0
      x-content-type-options:
      - nosniff
      x-ms-version:
      - '2019-07-07'
    status:
      code: 204
      message: No Content
- request:
    body: '{"PartitionKey": "test", "RowKey": "test2", "text": "hello"}'
    headers:
      Accept:
      - '*/*'
      Accept-Encoding:
      - gzip, deflate
      Connection:
      - keep-alive
      Content-Length:
      - '60'
      Content-Type:
      - application/json
      DataServiceVersion:
      - '3.0'
      Date:
      - Thu, 23 Jul 2020 16:43:11 GMT
      User-Agent:
      - azsdk-python-storage-table/2019-07-07 Python/3.8.4 (Windows-10-10.0.19041-SP0)
      x-ms-date:
      - Thu, 23 Jul 2020 16:43:11 GMT
      x-ms-version:
      - '2019-07-07'
    method: PATCH
    uri: https://storagename.table.core.windows.net/pytablesync99dc0b08(PartitionKey='test',RowKey='test2')
  response:
    body:
      string: ''
    headers:
      cache-control:
      - no-cache
      content-length:
      - '0'
      date:
      - Thu, 23 Jul 2020 16:43:11 GMT
      etag:
      - W/"datetime'2020-07-23T16%3A43%3A11.5408142Z'"
      server:
      - Windows-Azure-Table/1.0 Microsoft-HTTPAPI/2.0
      x-content-type-options:
      - nosniff
      x-ms-version:
      - '2019-07-07'
    status:
      code: 204
      message: No Content
- request:
    body: null
    headers:
      Accept:
      - application/json;odata=minimalmetadata
      Accept-Encoding:
      - gzip, deflate
      Connection:
      - keep-alive
      DataServiceVersion:
      - '3.0'
      Date:
      - Thu, 23 Jul 2020 16:43:11 GMT
      User-Agent:
      - azsdk-python-storage-table/2019-07-07 Python/3.8.4 (Windows-10-10.0.19041-SP0)
      x-ms-date:
      - Thu, 23 Jul 2020 16:43:11 GMT
      x-ms-version:
      - '2019-07-07'
    method: GET
    uri: https://storagename.table.core.windows.net/pytablesync99dc0b08()?st=2020-07-23T16%3A42%3A11Z&se=2020-07-23T17%3A43%3A11Z&sp=r&sv=2019-07-07&ss=t&srt=o&sig=Sr5mliCnFsB%2FjuKLVrLvzoHDuYWvukgu8DZmKG77km4%3D
  response:
    body:
      string: '{"odata.error":{"code":"InvalidUri","message":{"lang":"en-US","value":"The
        requested URI does not represent any resource on the server.\nRequestId:21186414-2002-002f-6f10-615f5b000000\nTime:2020-07-23T16:43:11.9298027Z"}}}'
    headers:
      content-length:
      - '222'
      content-type:
      - application/json
      date:
      - Thu, 23 Jul 2020 16:43:11 GMT
      server:
      - Microsoft-HTTPAPI/2.0
      x-ms-error-code:
      - InvalidUri
    status:
      code: 400
      message: The requested URI does not represent any resource on the server.
- request:
    body: null
    headers:
      Accept:
      - '*/*'
      Accept-Encoding:
      - gzip, deflate
      Connection:
      - keep-alive
      Content-Length:
      - '0'
      Date:
      - Thu, 23 Jul 2020 16:43:11 GMT
      User-Agent:
      - azsdk-python-storage-table/2019-07-07 Python/3.8.4 (Windows-10-10.0.19041-SP0)
      x-ms-date:
      - Thu, 23 Jul 2020 16:43:11 GMT
      x-ms-version:
      - '2019-07-07'
    method: DELETE
    uri: https://storagename.table.core.windows.net/Tables('pytablesync99dc0b08')
  response:
    body:
      string: ''
    headers:
      cache-control:
      - no-cache
      content-length:
      - '0'
      date:
      - Thu, 23 Jul 2020 16:43:11 GMT
      server:
      - Windows-Azure-Table/1.0 Microsoft-HTTPAPI/2.0
      x-content-type-options:
      - nosniff
      x-ms-version:
      - '2019-07-07'
    status:
      code: 204
      message: No Content
version: 1
