{
  "Entries": [
    {
      "RequestUri": "https://fakeendpoint.table.cosmos.azure.com/Tables",
      "RequestMethod": "POST",
      "RequestHeaders": {
        "Accept": "application/json;odata=minimalmetadata",
        "Accept-Encoding": "gzip, deflate",
        "Authorization": "Sanitized",
        "Connection": "keep-alive",
        "Content-Length": "31",
        "Content-Type": "application/json;odata=nometadata",
        "DataServiceVersion": "3.0",
        "Date": "Thu, 09 Dec 2021 02:26:35 GMT",
        "User-Agent": "azsdk-python-data-tables/12.2.1 Python/3.10.0 (Windows-10-10.0.22000-SP0)",
        "x-ms-client-request-id": "6dfb3c09-5897-11ec-9577-c8348e51ab51",
        "x-ms-date": "Thu, 09 Dec 2021 02:26:35 GMT",
        "x-ms-version": "2019-02-02"
      },
      "RequestBody": "{\u0022TableName\u0022: \u0022uttable9c330f7\u0022}",
      "StatusCode": 201,
      "ResponseHeaders": {
        "Content-Type": "application/json; odata=minimalmetadata",
        "Date": "Thu, 09 Dec 2021 02:26:34 GMT",
        "ETag": "W/\u0022datetime\u00272021-12-09T02%3A26%3A34.7013127Z\u0027\u0022",
        "Location": "https://fakeendpoint.table.cosmos.azure.com/Tables(\u0027uttable9c330f7\u0027)",
        "Transfer-Encoding": "chunked",
        "x-ms-request-id": "43d1a98a-c2c0-4311-99ba-e017d18df914"
      },
      "ResponseBody": {
        "TableName": "uttable9c330f7",
        "odata.metadata": "https://fakeendpoint.table.cosmos.azure.com/$metadata#Tables/@Element"
      }
    },
    {
      "RequestUri": "https://fakeendpoint.table.cosmos.azure.com/uttable9c330f7",
      "RequestMethod": "POST",
      "RequestHeaders": {
        "Accept": "application/json;odata=minimalmetadata",
        "Accept-Encoding": "gzip, deflate",
        "Authorization": "Sanitized",
        "Connection": "keep-alive",
        "Content-Length": "709",
        "Content-Type": "application/json;odata=nometadata",
        "DataServiceVersion": "3.0",
        "Date": "Thu, 09 Dec 2021 02:26:35 GMT",
        "User-Agent": "azsdk-python-data-tables/12.2.1 Python/3.10.0 (Windows-10-10.0.22000-SP0)",
        "x-ms-client-request-id": "6e7df98f-5897-11ec-831e-c8348e51ab51",
        "x-ms-date": "Thu, 09 Dec 2021 02:26:35 GMT",
        "x-ms-version": "2019-02-02"
      },
      "RequestBody": "{\u0022PartitionKey\u0022: \u0022pk9c330f7\u0022, \u0022PartitionKey@odata.type\u0022: \u0022Edm.String\u0022, \u0022RowKey\u0022: \u0022rk9c330f7\u0022, \u0022RowKey@odata.type\u0022: \u0022Edm.String\u0022, \u0022age\u0022: 39, \u0022sex\u0022: \u0022male\u0022, \u0022sex@odata.type\u0022: \u0022Edm.String\u0022, \u0022married\u0022: true, \u0022deceased\u0022: false, \u0022ratio\u0022: 3.1, \u0022ratio@odata.type\u0022: \u0022Edm.Double\u0022, \u0022evenratio\u0022: 3.0, \u0022evenratio@odata.type\u0022: \u0022Edm.Double\u0022, \u0022double\u0022: 5, \u0022double@odata.type\u0022: \u0022Edm.Double\u0022, \u0022large\u0022: 933311100, \u0022Birthday\u0022: \u00221973-10-04T00:00:00.000000Z\u0022, \u0022Birthday@odata.type\u0022: \u0022Edm.DateTime\u0022, \u0022birthday\u0022: \u00221970-10-04T00:00:00.000000Z\u0022, \u0022birthday@odata.type\u0022: \u0022Edm.DateTime\u0022, \u0022binary\u0022: \u0022YmluYXJ5\u0022, \u0022binary@odata.type\u0022: \u0022Edm.Binary\u0022, \u0022other\u0022: 20, \u0022clsid\u0022: \u0022c9da6455-213d-42c9-9a79-3e9149a57833\u0022, \u0022clsid@odata.type\u0022: \u0022Edm.Guid\u0022}",
      "StatusCode": 201,
      "ResponseHeaders": {
        "Content-Type": "application/json; odata=minimalmetadata",
        "Date": "Thu, 09 Dec 2021 02:26:34 GMT",
        "ETag": "W/\u0022datetime\u00272021-12-09T02%3A26%3A35.2454663Z\u0027\u0022",
        "Location": "https://fakeendpoint.table.cosmos.azure.com/uttable9c330f7(PartitionKey=\u0027pk9c330f7\u0027,RowKey=\u0027rk9c330f7\u0027)",
        "Transfer-Encoding": "chunked",
        "x-ms-request-id": "ad731f83-e13b-4526-8535-e1aab2ecfb55"
      },
      "ResponseBody": {
        "odata.metadata": "https://fakeendpoint.table.cosmos.azure.com/uttable9c330f7/$metadata#uttable9c330f7/@Element",
        "odata.etag": "W/\u0022datetime\u00272021-12-09T02%3A26%3A35.2454663Z\u0027\u0022",
        "PartitionKey": "pk9c330f7",
        "RowKey": "rk9c330f7",
        "age": 39,
        "sex": "male",
        "married": true,
        "deceased": false,
        "ratio": 3.1,
        "evenratio": 3.0,
        "double": 5.0,
        "large": 933311100,
        "Birthday@odata.type": "Edm.DateTime",
        "Birthday": "1973-10-04T00:00:00.0000000Z",
        "birthday@odata.type": "Edm.DateTime",
        "birthday": "1970-10-04T00:00:00.0000000Z",
        "binary@odata.type": "Edm.Binary",
        "binary": "YmluYXJ5",
        "other": 20,
        "clsid@odata.type": "Edm.Guid",
        "clsid": "c9da6455-213d-42c9-9a79-3e9149a57833",
        "Timestamp": "2021-12-09T02:26:35.2454663Z"
      }
    },
    {
      "RequestUri": "https://fakeendpoint.table.cosmos.azure.com/uttable9c330f7",
      "RequestMethod": "POST",
      "RequestHeaders": {
        "Accept": "application/json;odata=minimalmetadata",
        "Accept-Encoding": "gzip, deflate",
        "Authorization": "Sanitized",
        "Connection": "keep-alive",
        "Content-Length": "712",
        "Content-Type": "application/json;odata=nometadata",
        "DataServiceVersion": "3.0",
        "Date": "Thu, 09 Dec 2021 02:26:35 GMT",
        "User-Agent": "azsdk-python-data-tables/12.2.1 Python/3.10.0 (Windows-10-10.0.22000-SP0)",
        "x-ms-client-request-id": "6e883325-5897-11ec-bb8b-c8348e51ab51",
        "x-ms-date": "Thu, 09 Dec 2021 02:26:35 GMT",
        "x-ms-version": "2019-02-02"
      },
      "RequestBody": "{\u0022PartitionKey\u0022: \u0022foopk9c330f7\u0022, \u0022PartitionKey@odata.type\u0022: \u0022Edm.String\u0022, \u0022RowKey\u0022: \u0022rk9c330f7\u0022, \u0022RowKey@odata.type\u0022: \u0022Edm.String\u0022, \u0022age\u0022: 39, \u0022sex\u0022: \u0022male\u0022, \u0022sex@odata.type\u0022: \u0022Edm.String\u0022, \u0022married\u0022: true, \u0022deceased\u0022: false, \u0022ratio\u0022: 3.1, \u0022ratio@odata.type\u0022: \u0022Edm.Double\u0022, \u0022evenratio\u0022: 3.0, \u0022evenratio@odata.type\u0022: \u0022Edm.Double\u0022, \u0022double\u0022: 5, \u0022double@odata.type\u0022: \u0022Edm.Double\u0022, \u0022large\u0022: 933311100, \u0022Birthday\u0022: \u00221973-10-04T00:00:00.000000Z\u0022, \u0022Birthday@odata.type\u0022: \u0022Edm.DateTime\u0022, \u0022birthday\u0022: \u00221970-10-04T00:00:00.000000Z\u0022, \u0022birthday@odata.type\u0022: \u0022Edm.DateTime\u0022, \u0022binary\u0022: \u0022YmluYXJ5\u0022, \u0022binary@odata.type\u0022: \u0022Edm.Binary\u0022, \u0022other\u0022: 20, \u0022clsid\u0022: \u0022c9da6455-213d-42c9-9a79-3e9149a57833\u0022, \u0022clsid@odata.type\u0022: \u0022Edm.Guid\u0022}",
      "StatusCode": 201,
      "ResponseHeaders": {
        "Content-Type": "application/json; odata=minimalmetadata",
        "Date": "Thu, 09 Dec 2021 02:26:34 GMT",
        "ETag": "W/\u0022datetime\u00272021-12-09T02%3A26%3A35.2816135Z\u0027\u0022",
        "Location": "https://fakeendpoint.table.cosmos.azure.com/uttable9c330f7(PartitionKey=\u0027foopk9c330f7\u0027,RowKey=\u0027rk9c330f7\u0027)",
        "Transfer-Encoding": "chunked",
        "x-ms-request-id": "94d7775b-2d5d-4571-811f-718a30d01b06"
      },
      "ResponseBody": {
        "odata.metadata": "https://fakeendpoint.table.cosmos.azure.com/uttable9c330f7/$metadata#uttable9c330f7/@Element",
        "odata.etag": "W/\u0022datetime\u00272021-12-09T02%3A26%3A35.2816135Z\u0027\u0022",
        "PartitionKey": "foopk9c330f7",
        "RowKey": "rk9c330f7",
        "age": 39,
        "sex": "male",
        "married": true,
        "deceased": false,
        "ratio": 3.1,
        "evenratio": 3.0,
        "double": 5.0,
        "large": 933311100,
        "Birthday@odata.type": "Edm.DateTime",
        "Birthday": "1973-10-04T00:00:00.0000000Z",
        "birthday@odata.type": "Edm.DateTime",
        "birthday": "1970-10-04T00:00:00.0000000Z",
        "binary@odata.type": "Edm.Binary",
        "binary": "YmluYXJ5",
        "other": 20,
        "clsid@odata.type": "Edm.Guid",
        "clsid": "c9da6455-213d-42c9-9a79-3e9149a57833",
        "Timestamp": "2021-12-09T02:26:35.2816135Z"
      }
    },
    {
      "RequestUri": "https://fakeendpoint.table.cosmos.azure.com/uttable9c330f7",
      "RequestMethod": "POST",
      "RequestHeaders": {
        "Accept": "application/json;odata=minimalmetadata",
        "Accept-Encoding": "gzip, deflate",
        "Authorization": "Sanitized",
        "Connection": "keep-alive",
        "Content-Length": "712",
        "Content-Type": "application/json;odata=nometadata",
        "DataServiceVersion": "3.0",
        "Date": "Thu, 09 Dec 2021 02:26:35 GMT",
        "User-Agent": "azsdk-python-data-tables/12.2.1 Python/3.10.0 (Windows-10-10.0.22000-SP0)",
        "x-ms-client-request-id": "6e8e173a-5897-11ec-b9b6-c8348e51ab51",
        "x-ms-date": "Thu, 09 Dec 2021 02:26:35 GMT",
        "x-ms-version": "2019-02-02"
      },
      "RequestBody": "{\u0022PartitionKey\u0022: \u0022barpk9c330f7\u0022, \u0022PartitionKey@odata.type\u0022: \u0022Edm.String\u0022, \u0022RowKey\u0022: \u0022rk9c330f7\u0022, \u0022RowKey@odata.type\u0022: \u0022Edm.String\u0022, \u0022age\u0022: 39, \u0022sex\u0022: \u0022male\u0022, \u0022sex@odata.type\u0022: \u0022Edm.String\u0022, \u0022married\u0022: true, \u0022deceased\u0022: false, \u0022ratio\u0022: 3.1, \u0022ratio@odata.type\u0022: \u0022Edm.Double\u0022, \u0022evenratio\u0022: 3.0, \u0022evenratio@odata.type\u0022: \u0022Edm.Double\u0022, \u0022double\u0022: 5, \u0022double@odata.type\u0022: \u0022Edm.Double\u0022, \u0022large\u0022: 933311100, \u0022Birthday\u0022: \u00221973-10-04T00:00:00.000000Z\u0022, \u0022Birthday@odata.type\u0022: \u0022Edm.DateTime\u0022, \u0022birthday\u0022: \u00221970-10-04T00:00:00.000000Z\u0022, \u0022birthday@odata.type\u0022: \u0022Edm.DateTime\u0022, \u0022binary\u0022: \u0022YmluYXJ5\u0022, \u0022binary@odata.type\u0022: \u0022Edm.Binary\u0022, \u0022other\u0022: 20, \u0022clsid\u0022: \u0022c9da6455-213d-42c9-9a79-3e9149a57833\u0022, \u0022clsid@odata.type\u0022: \u0022Edm.Guid\u0022}",
      "StatusCode": 201,
      "ResponseHeaders": {
        "Content-Type": "application/json; odata=minimalmetadata",
        "Date": "Thu, 09 Dec 2021 02:26:34 GMT",
        "ETag": "W/\u0022datetime\u00272021-12-09T02%3A26%3A35.3228807Z\u0027\u0022",
        "Location": "https://fakeendpoint.table.cosmos.azure.com/uttable9c330f7(PartitionKey=\u0027barpk9c330f7\u0027,RowKey=\u0027rk9c330f7\u0027)",
        "Transfer-Encoding": "chunked",
        "x-ms-request-id": "337f287f-7abf-4fd4-bffa-e387ff211ab1"
      },
      "ResponseBody": {
        "odata.metadata": "https://fakeendpoint.table.cosmos.azure.com/uttable9c330f7/$metadata#uttable9c330f7/@Element",
        "odata.etag": "W/\u0022datetime\u00272021-12-09T02%3A26%3A35.3228807Z\u0027\u0022",
        "PartitionKey": "barpk9c330f7",
        "RowKey": "rk9c330f7",
        "age": 39,
        "sex": "male",
        "married": true,
        "deceased": false,
        "ratio": 3.1,
        "evenratio": 3.0,
        "double": 5.0,
        "large": 933311100,
        "Birthday@odata.type": "Edm.DateTime",
        "Birthday": "1973-10-04T00:00:00.0000000Z",
        "birthday@odata.type": "Edm.DateTime",
        "birthday": "1970-10-04T00:00:00.0000000Z",
        "binary@odata.type": "Edm.Binary",
        "binary": "YmluYXJ5",
        "other": 20,
        "clsid@odata.type": "Edm.Guid",
        "clsid": "c9da6455-213d-42c9-9a79-3e9149a57833",
        "Timestamp": "2021-12-09T02:26:35.3228807Z"
      }
    },
    {
      "RequestUri": "https://fakeendpoint.table.cosmos.azure.com/uttable9c330f7()?$filter=PartitionKey eq %27pk9c330f7%27",
      "RequestMethod": "GET",
      "RequestHeaders": {
        "Accept": "application/json;odata=minimalmetadata",
        "Accept-Encoding": "gzip, deflate",
        "Authorization": "Sanitized",
        "Connection": "keep-alive",
        "DataServiceVersion": "3.0",
        "Date": "Thu, 09 Dec 2021 02:26:36 GMT",
        "User-Agent": "azsdk-python-data-tables/12.2.1 Python/3.10.0 (Windows-10-10.0.22000-SP0)",
        "x-ms-client-request-id": "6e9433ca-5897-11ec-b365-c8348e51ab51",
        "x-ms-date": "Thu, 09 Dec 2021 02:26:36 GMT",
        "x-ms-version": "2019-02-02"
      },
      "RequestBody": null,
      "StatusCode": 200,
      "ResponseHeaders": {
        "Content-Type": "application/json; odata=minimalmetadata",
        "Date": "Thu, 09 Dec 2021 02:26:34 GMT",
        "Transfer-Encoding": "chunked",
        "x-ms-request-id": "8493a3db-17d7-4c35-9dec-32083c57240e"
      },
      "ResponseBody": {
        "value": [
          {
            "odata.etag": "W/\u0022datetime\u00272021-12-09T02%3A26%3A35.2454663Z\u0027\u0022",
            "PartitionKey": "pk9c330f7",
            "RowKey": "rk9c330f7",
            "age": 39,
            "sex": "male",
            "married": true,
            "deceased": false,
            "ratio": 3.1,
            "evenratio": 3.0,
            "double": 5.0,
            "large": 933311100,
            "Birthday@odata.type": "Edm.DateTime",
            "Birthday": "1973-10-04T00:00:00.0000000Z",
            "birthday@odata.type": "Edm.DateTime",
            "birthday": "1970-10-04T00:00:00.0000000Z",
            "binary@odata.type": "Edm.Binary",
            "binary": "YmluYXJ5",
            "other": 20,
            "clsid@odata.type": "Edm.Guid",
            "clsid": "c9da6455-213d-42c9-9a79-3e9149a57833",
            "Timestamp": "2021-12-09T02:26:35.2454663Z"
          }
        ],
        "odata.metadata": "https://fakeendpoint.table.cosmos.azure.com/$metadata#uttable9c330f7"
      }
    },
    {
      "RequestUri": "https://fakeendpoint.table.cosmos.azure.com/Tables",
      "RequestMethod": "GET",
      "RequestHeaders": {
        "Accept": "application/json;odata=minimalmetadata",
        "Accept-Encoding": "gzip, deflate",
        "Authorization": "Sanitized",
        "Connection": "keep-alive",
        "DataServiceVersion": "3.0",
        "Date": "Thu, 09 Dec 2021 02:26:36 GMT",
        "User-Agent": "azsdk-python-data-tables/12.2.1 Python/3.10.0 (Windows-10-10.0.22000-SP0)",
        "x-ms-client-request-id": "6e99b70b-5897-11ec-808d-c8348e51ab51",
        "x-ms-date": "Thu, 09 Dec 2021 02:26:36 GMT",
        "x-ms-version": "2019-02-02"
      },
      "RequestBody": null,
      "StatusCode": 200,
      "ResponseHeaders": {
        "Content-Type": "application/json; odata=minimalmetadata",
        "Date": "Thu, 09 Dec 2021 02:26:35 GMT",
        "Transfer-Encoding": "chunked",
        "x-ms-request-id": "d6f2bf1c-98a3-4043-b13d-6c460e5aaeab"
      },
      "ResponseBody": {
        "value": [
          {
            "TableName": "uttable9c330f7"
          }
        ],
        "odata.metadata": "https://fakeendpoint.table.cosmos.azure.com/$metadata#Tables"
      }
    },
    {
      "RequestUri": "https://fakeendpoint.table.cosmos.azure.com/Tables(\u0027uttable9c330f7\u0027)",
      "RequestMethod": "DELETE",
      "RequestHeaders": {
        "Accept": "application/json",
        "Accept-Encoding": "gzip, deflate",
        "Authorization": "Sanitized",
        "Connection": "keep-alive",
        "Content-Length": "0",
        "Date": "Thu, 09 Dec 2021 02:26:36 GMT",
        "User-Agent": "azsdk-python-data-tables/12.2.1 Python/3.10.0 (Windows-10-10.0.22000-SP0)",
        "x-ms-client-request-id": "6e9ea8ab-5897-11ec-9696-c8348e51ab51",
        "x-ms-date": "Thu, 09 Dec 2021 02:26:36 GMT",
        "x-ms-version": "2019-02-02"
      },
      "RequestBody": null,
      "StatusCode": 204,
      "ResponseHeaders": {
        "Date": "Thu, 09 Dec 2021 02:26:35 GMT",
        "x-ms-request-id": "ebe92496-3462-483f-81e7-34ddcea9b353"
      },
      "ResponseBody": null
    }
  ],
  "Variables": {}
}
