interactions:
- request:
    body: '{"TableName": "uttable43091017"}'
    headers:
      Accept:
      - application/json;odata=minimalmetadata
      Content-Length:
      - '32'
      Content-Type:
      - application/json;odata=nometadata
      DataServiceVersion:
      - '3.0'
      Date:
      - Thu, 01 Oct 2020 01:07:31 GMT
      User-Agent:
      - azsdk-python-data-tables/12.0.0b2 Python/3.8.4 (Windows-10-10.0.19041-SP0)
      x-ms-date:
      - Thu, 01 Oct 2020 01:07:31 GMT
      x-ms-version:
      - '2019-02-02'
    method: POST
    uri: https://tablesteststorname.table.core.windows.net/Tables
  response:
    body:
      string: '{"odata.metadata":"https://tablesteststorname.table.core.windows.net/$metadata#Tables/@Element","TableName":"uttable43091017"}'
    headers:
      cache-control: no-cache
      content-type: application/json;odata=minimalmetadata;streaming=true;charset=utf-8
      date: Thu, 01 Oct 2020 01:07:31 GMT
      location: https://tablesteststorname.table.core.windows.net/Tables('uttable43091017')
      server: Windows-Azure-Table/1.0 Microsoft-HTTPAPI/2.0
      transfer-encoding: chunked
      x-content-type-options: nosniff
      x-ms-version: '2019-02-02'
    status:
      code: 201
      message: Created
    url: https://tablesteststorname.table.core.windows.net/Tables
- request:
    body: '{"PartitionKey": "pk43091017", "PartitionKey@odata.type": "Edm.String",
      "RowKey": "rk43091017", "RowKey@odata.type": "Edm.String", "age": 39, "sex":
      "male", "sex@odata.type": "Edm.String", "married": true, "deceased": false,
      "ratio": 3.1, "evenratio": 3.0, "large": 933311100, "Birthday": "1973-10-04T00:00:00Z",
      "Birthday@odata.type": "Edm.DateTime", "birthday": "1970-10-04T00:00:00Z", "birthday@odata.type":
      "Edm.DateTime", "binary": "YmluYXJ5", "binary@odata.type": "Edm.Binary", "other":
      20, "clsid": "c9da6455-213d-42c9-9a79-3e9149a57833", "clsid@odata.type": "Edm.Guid"}'
    headers:
      Accept:
      - application/json;odata=minimalmetadata
      Content-Length:
      - '577'
      Content-Type:
      - application/json;odata=nometadata
      DataServiceVersion:
      - '3.0'
      Date:
      - Thu, 01 Oct 2020 01:07:31 GMT
      User-Agent:
      - azsdk-python-data-tables/12.0.0b2 Python/3.8.4 (Windows-10-10.0.19041-SP0)
      x-ms-date:
      - Thu, 01 Oct 2020 01:07:31 GMT
      x-ms-version:
      - '2019-02-02'
    method: POST
    uri: https://tablesteststorname.table.core.windows.net/uttable43091017
  response:
    body:
      string: '{"odata.metadata":"https://tablesteststorname.table.core.windows.net/$metadata#uttable43091017/@Element","odata.etag":"W/\"datetime''2020-10-01T01%3A07%3A31.9848729Z''\"","PartitionKey":"pk43091017","RowKey":"rk43091017","Timestamp":"2020-10-01T01:07:31.9848729Z","age":39,"sex":"male","married":true,"deceased":false,"ratio":3.1,"evenratio":3.0,"large":933311100,"Birthday@odata.type":"Edm.DateTime","Birthday":"1973-10-04T00:00:00Z","birthday@odata.type":"Edm.DateTime","birthday":"1970-10-04T00:00:00Z","binary@odata.type":"Edm.Binary","binary":"YmluYXJ5","other":20,"clsid@odata.type":"Edm.Guid","clsid":"c9da6455-213d-42c9-9a79-3e9149a57833"}'
    headers:
      cache-control: no-cache
      content-type: application/json;odata=minimalmetadata;streaming=true;charset=utf-8
      date: Thu, 01 Oct 2020 01:07:31 GMT
      etag: W/"datetime'2020-10-01T01%3A07%3A31.9848729Z'"
      location: https://tablesteststorname.table.core.windows.net/uttable43091017(PartitionKey='pk43091017',RowKey='rk43091017')
      server: Windows-Azure-Table/1.0 Microsoft-HTTPAPI/2.0
      transfer-encoding: chunked
      x-content-type-options: nosniff
      x-ms-version: '2019-02-02'
    status:
      code: 201
      message: Created
    url: https://tablesteststorname.table.core.windows.net/uttable43091017
- request:
    body: '{"PartitionKey": "pk43091017", "PartitionKey@odata.type": "Edm.String",
      "RowKey": "rk43091017", "RowKey@odata.type": "Edm.String", "age": "abc", "age@odata.type":
      "Edm.String", "sex": "female", "sex@odata.type": "Edm.String", "sign": "aquarius",
      "sign@odata.type": "Edm.String", "birthday": "1991-10-04T00:00:00Z", "birthday@odata.type":
      "Edm.DateTime"}'
    headers:
      Accept:
      - application/json
      Content-Length:
      - '353'
      Content-Type:
      - application/json
      DataServiceVersion:
      - '3.0'
      Date:
      - Thu, 01 Oct 2020 01:07:31 GMT
      If-Match:
      - '*'
      User-Agent:
      - azsdk-python-data-tables/12.0.0b2 Python/3.8.4 (Windows-10-10.0.19041-SP0)
      x-ms-date:
      - Thu, 01 Oct 2020 01:07:31 GMT
      x-ms-version:
      - '2019-02-02'
    method: PUT
    uri: https://tablesteststorname.table.core.windows.net/uttable43091017(PartitionKey='pk43091017',RowKey='rk43091017')?se=2020-10-01T02:07:31Z&sp=u&sv=2019-02-02&tn=uttable43091017&sig=6LIMhJB5Be4LaMBeq75kB9yA1CP%2B2JcwXB/GbfaVUHA%3D
  response:
    body:
      string: ''
    headers:
      cache-control: no-cache
      content-length: '0'
      date: Thu, 01 Oct 2020 01:07:32 GMT
      etag: W/"datetime'2020-10-01T01%3A07%3A32.1662732Z'"
      server: Windows-Azure-Table/1.0 Microsoft-HTTPAPI/2.0
      x-content-type-options: nosniff
      x-ms-version: '2019-02-02'
    status:
      code: 204
      message: No Content
    url: https://tablesteststorname.table.core.windows.net/uttable43091017(PartitionKey='pk43091017',RowKey='rk43091017')?se=2020-10-01T02:07:31Z&sp=u&sv=2019-02-02&tn=uttable43091017&sig=6LIMhJB5Be4LaMBeq75kB9yA1CP%2B2JcwXB/GbfaVUHA%3D
- request:
    body: null
    headers:
      Accept:
      - application/json;odata=minimalmetadata
      DataServiceVersion:
      - '3.0'
      Date:
      - Thu, 01 Oct 2020 01:07:32 GMT
      User-Agent:
      - azsdk-python-data-tables/12.0.0b2 Python/3.8.4 (Windows-10-10.0.19041-SP0)
      x-ms-date:
      - Thu, 01 Oct 2020 01:07:32 GMT
      x-ms-version:
      - '2019-02-02'
    method: GET
    uri: https://tablesteststorname.table.core.windows.net/uttable43091017(PartitionKey='pk43091017',RowKey='rk43091017')
  response:
    body:
      string: '{"odata.metadata":"https://tablesteststorname.table.core.windows.net/$metadata#uttable43091017/@Element","odata.etag":"W/\"datetime''2020-10-01T01%3A07%3A32.1662732Z''\"","PartitionKey":"pk43091017","RowKey":"rk43091017","Timestamp":"2020-10-01T01:07:32.1662732Z","age":"abc","birthday@odata.type":"Edm.DateTime","birthday":"1991-10-04T00:00:00Z","sex":"female","sign":"aquarius"}'
    headers:
      cache-control: no-cache
      content-type: application/json;odata=minimalmetadata;streaming=true;charset=utf-8
      date: Thu, 01 Oct 2020 01:07:32 GMT
      etag: W/"datetime'2020-10-01T01%3A07%3A32.1662732Z'"
      server: Windows-Azure-Table/1.0 Microsoft-HTTPAPI/2.0
      transfer-encoding: chunked
      x-content-type-options: nosniff
      x-ms-version: '2019-02-02'
    status:
      code: 200
      message: OK
    url: https://tablesteststorname.table.core.windows.net/uttable43091017(PartitionKey='pk43091017',RowKey='rk43091017')
- request:
    body: null
    headers:
      Accept:
      - application/json
      Date:
      - Thu, 01 Oct 2020 01:07:32 GMT
      User-Agent:
      - azsdk-python-data-tables/12.0.0b2 Python/3.8.4 (Windows-10-10.0.19041-SP0)
      x-ms-date:
      - Thu, 01 Oct 2020 01:07:32 GMT
      x-ms-version:
      - '2019-02-02'
    method: DELETE
    uri: https://tablesteststorname.table.core.windows.net/Tables('uttable43091017')
  response:
    body:
      string: ''
    headers:
      cache-control: no-cache
      content-length: '0'
      date: Thu, 01 Oct 2020 01:07:32 GMT
      server: Windows-Azure-Table/1.0 Microsoft-HTTPAPI/2.0
      x-content-type-options: nosniff
      x-ms-version: '2019-02-02'
    status:
      code: 204
      message: No Content
    url: https://tablesteststorname.table.core.windows.net/Tables('uttable43091017')
version: 1
