{
  "Entries": [
    {
      "RequestUri": "https://yalltbtestsprim.table.cosmos.azure.com/Tables",
      "RequestMethod": "POST",
      "RequestHeaders": {
        "Accept": "application/json;odata=minimalmetadata",
        "Accept-Encoding": "gzip, deflate",
        "Authorization": "Sanitized",
        "Content-Length": "32",
        "Content-Type": "application/json;odata=nometadata",
        "DataServiceVersion": "3.0",
        "Date": "Mon, 20 Sep 2021 22:19:26 GMT",
        "User-Agent": "azsdk-python-data-tables/12.1.1 Python/3.9.2 (Windows-10-10.0.19041-SP0)",
        "x-ms-client-request-id": "d0a34616-1a60-11ec-b643-5cf37093a909",
        "x-ms-date": "Mon, 20 Sep 2021 22:19:26 GMT",
        "x-ms-version": "2019-02-02"
      },
      "RequestBody": "{\u0022TableName\u0022: \u0022uttableecca3684\u0022}",
      "StatusCode": 201,
      "ResponseHeaders": {
        "Content-Type": "application/json; odata=minimalmetadata",
        "Date": "Mon, 20 Sep 2021 22:19:25 GMT",
        "ETag": "W/\u0022datetime\u00272021-09-20T22%3A19%3A26.6169864Z\u0027\u0022",
        "Location": "https://yalltbtestsprim.table.cosmos.azure.com/Tables(\u0027uttableecca3684\u0027)",
        "Transfer-Encoding": "chunked",
        "x-ms-request-id": "1ef41df5-8b2d-4a77-8b23-a6ec81fb014f"
      },
      "ResponseBody": {
        "TableName": "uttableecca3684",
        "odata.metadata": "https://yalltbtestsprim.table.cosmos.azure.com/$metadata#Tables/@Element"
      }
    },
    {
      "RequestUri": "https://yalltbtestsprim.table.cosmos.azure.com/uttableecca3684",
      "RequestMethod": "POST",
      "RequestHeaders": {
        "Accept": "application/json;odata=minimalmetadata",
        "Accept-Encoding": "gzip, deflate",
        "Authorization": "Sanitized",
        "Content-Length": "711",
        "Content-Type": "application/json;odata=nometadata",
        "DataServiceVersion": "3.0",
        "Date": "Mon, 20 Sep 2021 22:19:26 GMT",
        "User-Agent": "azsdk-python-data-tables/12.1.1 Python/3.9.2 (Windows-10-10.0.19041-SP0)",
        "x-ms-client-request-id": "d12843d9-1a60-11ec-8a8a-5cf37093a909",
        "x-ms-date": "Mon, 20 Sep 2021 22:19:26 GMT",
        "x-ms-version": "2019-02-02"
      },
      "RequestBody": "{\u0022PartitionKey\u0022: \u0022pkecca3684\u0022, \u0022PartitionKey@odata.type\u0022: \u0022Edm.String\u0022, \u0022RowKey\u0022: \u0022rkecca3684\u0022, \u0022RowKey@odata.type\u0022: \u0022Edm.String\u0022, \u0022age\u0022: 39, \u0022sex\u0022: \u0022male\u0022, \u0022sex@odata.type\u0022: \u0022Edm.String\u0022, \u0022married\u0022: true, \u0022deceased\u0022: false, \u0022ratio\u0022: 3.1, \u0022ratio@odata.type\u0022: \u0022Edm.Double\u0022, \u0022evenratio\u0022: 3.0, \u0022evenratio@odata.type\u0022: \u0022Edm.Double\u0022, \u0022double\u0022: 5, \u0022double@odata.type\u0022: \u0022Edm.Double\u0022, \u0022large\u0022: 933311100, \u0022Birthday\u0022: \u00221973-10-04T00:00:00.000000Z\u0022, \u0022Birthday@odata.type\u0022: \u0022Edm.DateTime\u0022, \u0022birthday\u0022: \u00221970-10-04T00:00:00.000000Z\u0022, \u0022birthday@odata.type\u0022: \u0022Edm.DateTime\u0022, \u0022binary\u0022: \u0022YmluYXJ5\u0022, \u0022binary@odata.type\u0022: \u0022Edm.Binary\u0022, \u0022other\u0022: 20, \u0022clsid\u0022: \u0022c9da6455-213d-42c9-9a79-3e9149a57833\u0022, \u0022clsid@odata.type\u0022: \u0022Edm.Guid\u0022}",
      "StatusCode": 201,
      "ResponseHeaders": {
        "Content-Type": "application/json; odata=minimalmetadata",
        "Date": "Mon, 20 Sep 2021 22:19:25 GMT",
        "ETag": "W/\u0022datetime\u00272021-09-20T22%3A19%3A26.9513224Z\u0027\u0022",
        "Location": "https://yalltbtestsprim.table.cosmos.azure.com/uttableecca3684(PartitionKey=\u0027pkecca3684\u0027,RowKey=\u0027rkecca3684\u0027)",
        "Transfer-Encoding": "chunked",
        "x-ms-request-id": "854a04a9-42b8-49ae-ba58-9c82ab7e53f4"
      },
      "ResponseBody": {
        "odata.metadata": "https://yalltbtestsprim.table.cosmos.azure.com/uttableecca3684/$metadata#uttableecca3684/@Element",
        "odata.etag": "W/\u0022datetime\u00272021-09-20T22%3A19%3A26.9513224Z\u0027\u0022",
        "PartitionKey": "pkecca3684",
        "RowKey": "rkecca3684",
        "age": 39,
        "sex": "male",
        "married": true,
        "deceased": false,
        "ratio": 3.1,
        "evenratio": 3.0,
        "double": 5.0,
        "large": 933311100,
        "Birthday@odata.type": "Edm.DateTime",
        "Birthday": "1973-10-04T00:00:00.0000000Z",
        "birthday@odata.type": "Edm.DateTime",
        "birthday": "1970-10-04T00:00:00.0000000Z",
        "binary@odata.type": "Edm.Binary",
        "binary": "YmluYXJ5",
        "other": 20,
        "clsid@odata.type": "Edm.Guid",
        "clsid": "c9da6455-213d-42c9-9a79-3e9149a57833",
        "Timestamp": "2021-09-20T22:19:26.9513224Z"
      }
    },
    {
      "RequestUri": "https://yalltbtestsprim.table.cosmos.azure.com/uttableecca3684(PartitionKey=\u0027pkecca3684\u0027,RowKey=\u0027rkecca3684\u0027)",
      "RequestMethod": "PUT",
      "RequestHeaders": {
        "Accept": "application/json",
        "Accept-Encoding": "gzip, deflate",
        "Authorization": "Sanitized",
        "Content-Length": "360",
        "Content-Type": "application/json",
        "DataServiceVersion": "3.0",
        "Date": "Mon, 20 Sep 2021 22:19:27 GMT",
        "If-Match": "W/\u0022datetime\u00272021-09-20T22%3A19%3A26.9513224Z\u0027\u0022",
        "User-Agent": "azsdk-python-data-tables/12.1.1 Python/3.9.2 (Windows-10-10.0.19041-SP0)",
        "x-ms-client-request-id": "d12f0c19-1a60-11ec-8c6e-5cf37093a909",
        "x-ms-date": "Mon, 20 Sep 2021 22:19:27 GMT",
        "x-ms-version": "2019-02-02"
      },
      "RequestBody": "{\u0022PartitionKey\u0022: \u0022pkecca3684\u0022, \u0022PartitionKey@odata.type\u0022: \u0022Edm.String\u0022, \u0022RowKey\u0022: \u0022rkecca3684\u0022, \u0022RowKey@odata.type\u0022: \u0022Edm.String\u0022, \u0022age\u0022: \u0022abc\u0022, \u0022age@odata.type\u0022: \u0022Edm.String\u0022, \u0022sex\u0022: \u0022female\u0022, \u0022sex@odata.type\u0022: \u0022Edm.String\u0022, \u0022sign\u0022: \u0022aquarius\u0022, \u0022sign@odata.type\u0022: \u0022Edm.String\u0022, \u0022birthday\u0022: \u00221991-10-04T00:00:00.000000Z\u0022, \u0022birthday@odata.type\u0022: \u0022Edm.DateTime\u0022}",
      "StatusCode": 204,
      "ResponseHeaders": {
        "Date": "Mon, 20 Sep 2021 22:19:25 GMT",
        "ETag": "W/\u0022datetime\u00272021-09-20T22%3A19%3A26.9750792Z\u0027\u0022",
        "x-ms-request-id": "60e49059-ee02-4a06-9529-a7f4ac47fe44"
      },
      "ResponseBody": null
    },
    {
      "RequestUri": "https://yalltbtestsprim.table.cosmos.azure.com/uttableecca3684(PartitionKey=\u0027pkecca3684\u0027,RowKey=\u0027rkecca3684\u0027)",
      "RequestMethod": "GET",
      "RequestHeaders": {
        "Accept": "application/json;odata=minimalmetadata",
        "Accept-Encoding": "gzip, deflate",
        "Authorization": "Sanitized",
        "DataServiceVersion": "3.0",
        "Date": "Mon, 20 Sep 2021 22:19:27 GMT",
        "User-Agent": "azsdk-python-data-tables/12.1.1 Python/3.9.2 (Windows-10-10.0.19041-SP0)",
        "x-ms-client-request-id": "d1329fca-1a60-11ec-acc9-5cf37093a909",
        "x-ms-date": "Mon, 20 Sep 2021 22:19:27 GMT",
        "x-ms-version": "2019-02-02"
      },
      "RequestBody": null,
      "StatusCode": 200,
      "ResponseHeaders": {
        "Content-Type": "application/json; odata=minimalmetadata",
        "Date": "Mon, 20 Sep 2021 22:19:26 GMT",
        "ETag": "W/\u0022datetime\u00272021-09-20T22%3A19%3A26.9750792Z\u0027\u0022",
        "Transfer-Encoding": "chunked",
        "x-ms-request-id": "6201a198-866d-4a46-baad-46a6652c894f"
      },
      "ResponseBody": {
        "odata.metadata": "https://yalltbtestsprim.table.cosmos.azure.com/uttableecca3684/$metadata#uttableecca3684/@Element",
        "odata.etag": "W/\u0022datetime\u00272021-09-20T22%3A19%3A26.9750792Z\u0027\u0022",
        "PartitionKey": "pkecca3684",
        "RowKey": "rkecca3684",
        "age": "abc",
        "sex": "female",
        "sign": "aquarius",
        "birthday@odata.type": "Edm.DateTime",
        "birthday": "1991-10-04T00:00:00.0000000Z",
        "Timestamp": "2021-09-20T22:19:26.9750792Z"
      }
    },
    {
      "RequestUri": "https://yalltbtestsprim.table.cosmos.azure.com/Tables",
      "RequestMethod": "GET",
      "RequestHeaders": {
        "Accept": "application/json;odata=minimalmetadata",
        "Accept-Encoding": "gzip, deflate",
        "Authorization": "Sanitized",
        "DataServiceVersion": "3.0",
        "Date": "Mon, 20 Sep 2021 22:19:27 GMT",
        "User-Agent": "azsdk-python-data-tables/12.1.1 Python/3.9.2 (Windows-10-10.0.19041-SP0)",
        "x-ms-client-request-id": "d1351c16-1a60-11ec-8501-5cf37093a909",
        "x-ms-date": "Mon, 20 Sep 2021 22:19:27 GMT",
        "x-ms-version": "2019-02-02"
      },
      "RequestBody": null,
      "StatusCode": 200,
      "ResponseHeaders": {
        "Content-Type": "application/json; odata=minimalmetadata",
        "Date": "Mon, 20 Sep 2021 22:19:26 GMT",
        "Transfer-Encoding": "chunked",
        "x-ms-request-id": "8de1c1e2-cef7-4a0f-b310-047d96510fca"
      },
      "ResponseBody": {
        "value": [
          {
            "TableName": "uttableecca3684"
          }
        ],
        "odata.metadata": "https://yalltbtestsprim.table.cosmos.azure.com/$metadata#Tables"
      }
    },
    {
      "RequestUri": "https://yalltbtestsprim.table.cosmos.azure.com/Tables(\u0027uttableecca3684\u0027)",
      "RequestMethod": "DELETE",
      "RequestHeaders": {
        "Accept": "application/json",
        "Accept-Encoding": "gzip, deflate",
        "Authorization": "Sanitized",
        "Content-Length": "0",
        "Date": "Mon, 20 Sep 2021 22:19:27 GMT",
        "User-Agent": "azsdk-python-data-tables/12.1.1 Python/3.9.2 (Windows-10-10.0.19041-SP0)",
        "x-ms-client-request-id": "d137f596-1a60-11ec-9036-5cf37093a909",
        "x-ms-date": "Mon, 20 Sep 2021 22:19:27 GMT",
        "x-ms-version": "2019-02-02"
      },
      "RequestBody": null,
      "StatusCode": 204,
      "ResponseHeaders": {
        "Date": "Mon, 20 Sep 2021 22:19:26 GMT",
        "x-ms-request-id": "c8358cb5-bca2-4552-87fd-7e5d0d3be17d"
      },
      "ResponseBody": null
    }
  ],
  "Variables": {}
}
