{
  "Entries": [
    {
      "RequestUri": "https://login.microsoftonline.com/72f988bf-86f1-41af-91ab-2d7cd011db47/v2.0/.well-known/openid-configuration",
      "RequestMethod": "GET",
      "RequestHeaders": {
        "Accept": "*/*",
        "Accept-Encoding": "gzip, deflate",
        "Connection": "keep-alive",
        "User-Agent": "azsdk-python-identity/1.6.1 Python/3.9.2 (Windows-10-10.0.19041-SP0)"
      },
      "RequestBody": null,
      "StatusCode": 200,
      "ResponseHeaders": {
        "Access-Control-Allow-Methods": "GET, OPTIONS",
        "Access-Control-Allow-Origin": "*",
        "Cache-Control": "max-age=86400, private",
        "Content-Length": "1753",
        "Content-Type": "application/json; charset=utf-8",
        "Date": "Thu, 16 Sep 2021 09:25:13 GMT",
        "P3P": "CP=\u0022DSP CUR OTPi IND OTRi ONL FIN\u0022",
        "Set-Cookie": [
          "fpc=AsNB2FLMcG9NlaWieNuWrh4V08hTCgAAAE8E1dgOAAAA; expires=Sat, 16-Oct-2021 09:25:13 GMT; path=/; secure; HttpOnly; SameSite=None",
          "x-ms-gateway-slice=estsfd; path=/; secure; samesite=none; httponly",
          "stsservicecookie=estsfd; path=/; secure; samesite=none; httponly"
        ],
        "Strict-Transport-Security": "max-age=31536000; includeSubDomains",
        "X-Content-Type-Options": "nosniff",
        "x-ms-ests-server": "2.1.12071.7 - SCUS ProdSlices",
        "x-ms-request-id": "bfeedefd-d356-42ae-a6b2-5438426c0000"
      },
      "ResponseBody": {
        "token_endpoint": "https://login.microsoftonline.com/72f988bf-86f1-41af-91ab-2d7cd011db47/oauth2/v2.0/token",
        "token_endpoint_auth_methods_supported": [
          "client_secret_post",
          "private_key_jwt",
          "client_secret_basic"
        ],
        "jwks_uri": "https://login.microsoftonline.com/72f988bf-86f1-41af-91ab-2d7cd011db47/discovery/v2.0/keys",
        "response_modes_supported": [
          "query",
          "fragment",
          "form_post"
        ],
        "subject_types_supported": [
          "pairwise"
        ],
        "id_token_signing_alg_values_supported": [
          "RS256"
        ],
        "response_types_supported": [
          "code",
          "id_token",
          "code id_token",
          "id_token token"
        ],
        "scopes_supported": [
          "openid",
          "profile",
          "email",
          "offline_access"
        ],
        "issuer": "https://login.microsoftonline.com/72f988bf-86f1-41af-91ab-2d7cd011db47/v2.0",
        "request_uri_parameter_supported": false,
        "userinfo_endpoint": "https://graph.microsoft.com/oidc/userinfo",
        "authorization_endpoint": "https://login.microsoftonline.com/72f988bf-86f1-41af-91ab-2d7cd011db47/oauth2/v2.0/authorize",
        "device_authorization_endpoint": "https://login.microsoftonline.com/72f988bf-86f1-41af-91ab-2d7cd011db47/oauth2/v2.0/devicecode",
        "http_logout_supported": true,
        "frontchannel_logout_supported": true,
        "end_session_endpoint": "https://login.microsoftonline.com/72f988bf-86f1-41af-91ab-2d7cd011db47/oauth2/v2.0/logout",
        "claims_supported": [
          "sub",
          "iss",
          "cloud_instance_name",
          "cloud_instance_host_name",
          "cloud_graph_host_name",
          "msgraph_host",
          "aud",
          "exp",
          "iat",
          "auth_time",
          "acr",
          "nonce",
          "preferred_username",
          "name",
          "tid",
          "ver",
          "at_hash",
          "c_hash",
          "email"
        ],
        "kerberos_endpoint": "https://login.microsoftonline.com/72f988bf-86f1-41af-91ab-2d7cd011db47/kerberos",
        "tenant_region_scope": "WW",
        "cloud_instance_name": "microsoftonline.com",
        "cloud_graph_host_name": "graph.windows.net",
        "msgraph_host": "graph.microsoft.com",
        "rbac_url": "https://pas.windows.net"
      }
    },
    {
      "RequestUri": "https://login.microsoftonline.com/common/discovery/instance?api-version=1.1\u0026authorization_endpoint=https://login.microsoftonline.com/common/oauth2/authorize",
      "RequestMethod": "GET",
      "RequestHeaders": {
        "Accept": "application/json",
        "Accept-Encoding": "gzip, deflate",
        "Connection": "keep-alive",
        "Cookie": "fpc=AsNB2FLMcG9NlaWieNuWrh4V08hTCgAAAE8E1dgOAAAA; stsservicecookie=estsfd; x-ms-gateway-slice=estsfd",
        "User-Agent": "azsdk-python-identity/1.6.1 Python/3.9.2 (Windows-10-10.0.19041-SP0)"
      },
      "RequestBody": null,
      "StatusCode": 200,
      "ResponseHeaders": {
        "Access-Control-Allow-Methods": "GET, OPTIONS",
        "Access-Control-Allow-Origin": "*",
        "Cache-Control": "max-age=86400, private",
        "Content-Length": "945",
        "Content-Type": "application/json; charset=utf-8",
        "Date": "Thu, 16 Sep 2021 09:25:13 GMT",
        "P3P": "CP=\u0022DSP CUR OTPi IND OTRi ONL FIN\u0022",
        "Set-Cookie": [
          "fpc=AsNB2FLMcG9NlaWieNuWrh4V08hTCgAAAE8E1dgOAAAA; expires=Sat, 16-Oct-2021 09:25:13 GMT; path=/; secure; HttpOnly; SameSite=None",
          "x-ms-gateway-slice=estsfd; path=/; secure; samesite=none; httponly",
          "stsservicecookie=estsfd; path=/; secure; samesite=none; httponly"
        ],
        "Strict-Transport-Security": "max-age=31536000; includeSubDomains",
        "X-Content-Type-Options": "nosniff",
        "x-ms-ests-server": "2.1.12025.15 - EUS ProdSlices",
        "x-ms-request-id": "63de3031-a9a7-42e8-b098-522378170400"
      },
      "ResponseBody": {
        "tenant_discovery_endpoint": "https://login.microsoftonline.com/common/.well-known/openid-configuration",
        "api-version": "1.1",
        "metadata": [
          {
            "preferred_network": "login.microsoftonline.com",
            "preferred_cache": "login.windows.net",
            "aliases": [
              "login.microsoftonline.com",
              "login.windows.net",
              "login.microsoft.com",
              "sts.windows.net"
            ]
          },
          {
            "preferred_network": "login.partner.microsoftonline.cn",
            "preferred_cache": "login.partner.microsoftonline.cn",
            "aliases": [
              "login.partner.microsoftonline.cn",
              "login.chinacloudapi.cn"
            ]
          },
          {
            "preferred_network": "login.microsoftonline.de",
            "preferred_cache": "login.microsoftonline.de",
            "aliases": [
              "login.microsoftonline.de"
            ]
          },
          {
            "preferred_network": "login.microsoftonline.us",
            "preferred_cache": "login.microsoftonline.us",
            "aliases": [
              "login.microsoftonline.us",
              "login.usgovcloudapi.net"
            ]
          },
          {
            "preferred_network": "login-us.microsoftonline.com",
            "preferred_cache": "login-us.microsoftonline.com",
            "aliases": [
              "login-us.microsoftonline.com"
            ]
          }
        ]
      }
    },
    {
      "RequestUri": "https://login.microsoftonline.com/72f988bf-86f1-41af-91ab-2d7cd011db47/oauth2/v2.0/token",
      "RequestMethod": "POST",
      "RequestHeaders": {
        "Accept": "application/json",
        "Accept-Encoding": "gzip, deflate",
        "client-request-id": "68ee9857-c16b-4f65-a60e-11526060681b",
        "Connection": "keep-alive",
        "Content-Length": "190",
        "Content-Type": "application/x-www-form-urlencoded",
        "Cookie": "fpc=AsNB2FLMcG9NlaWieNuWrh4V08hTCgAAAE8E1dgOAAAA; stsservicecookie=estsfd; x-ms-gateway-slice=estsfd",
        "User-Agent": "azsdk-python-identity/1.6.1 Python/3.9.2 (Windows-10-10.0.19041-SP0)",
        "x-client-cpu": "x64",
        "x-client-current-telemetry": "4|730,0|",
        "x-client-last-telemetry": "4|0|||",
        "x-client-os": "win32",
        "x-client-sku": "MSAL.Python",
        "x-client-ver": "1.14.0",
        "x-ms-lib-capability": "retry-after, h429"
      },
      "RequestBody": "client_id=e44dee3b-e7da-43fe-9d75-d959fd12aace\u0026grant_type=client_credentials\u0026client_info=1\u0026client_secret=769ea470-236a-4eca-a34f-b78bcd17f2d5\u0026scope=https%3A%2F%2Fstorage.azure.com%2F.default",
      "StatusCode": 200,
      "ResponseHeaders": {
        "Cache-Control": "no-store, no-cache",
        "client-request-id": "68ee9857-c16b-4f65-a60e-11526060681b",
        "Content-Length": "1318",
        "Content-Type": "application/json; charset=utf-8",
        "Date": "Thu, 16 Sep 2021 09:25:13 GMT",
        "Expires": "-1",
        "P3P": "CP=\u0022DSP CUR OTPi IND OTRi ONL FIN\u0022",
        "Pragma": "no-cache",
        "Set-Cookie": [
          "fpc=AsNB2FLMcG9NlaWieNuWrh4V08hTCwAAAE8E1dgOAAAA; expires=Sat, 16-Oct-2021 09:25:14 GMT; path=/; secure; HttpOnly; SameSite=None",
          "x-ms-gateway-slice=estsfd; path=/; secure; samesite=none; httponly",
          "stsservicecookie=estsfd; path=/; secure; samesite=none; httponly"
        ],
        "Strict-Transport-Security": "max-age=31536000; includeSubDomains",
        "X-Content-Type-Options": "nosniff",
        "x-ms-clitelem": "1,0,0,,",
        "x-ms-ests-server": "2.1.12071.7 - NCUS ProdSlices",
        "x-ms-request-id": "dd8b5898-4cbb-422b-b4ef-8630c4cb1000"
      },
      "ResponseBody": {
        "token_type": "Bearer",
        "expires_in": 86399,
        "ext_expires_in": 86399,
        "access_token": "eyJ0eXAiOiJKV1QiLCJhbGciOiJSUzI1NiIsIng1dCI6Imwzc1EtNTBjQ0g0eEJWWkxIVEd3blNSNzY4MCIsImtpZCI6Imwzc1EtNTBjQ0g0eEJWWkxIVEd3blNSNzY4MCJ9.eyJhdWQiOiJodHRwczovL3N0b3JhZ2UuYXp1cmUuY29tIiwiaXNzIjoiaHR0cHM6Ly9zdHMud2luZG93cy5uZXQvNzJmOTg4YmYtODZmMS00MWFmLTkxYWItMmQ3Y2QwMTFkYjQ3LyIsImlhdCI6MTYzMTc4NDAxNCwibmJmIjoxNjMxNzg0MDE0LCJleHAiOjE2MzE4NzA3MTQsImFpbyI6IkUyWmdZTERxbTdQMzRLU3RCeUppTHJ6L2xiWStDZ0E9IiwiYXBwaWQiOiJlNDRkZWUzYi1lN2RhLTQzZmUtOWQ3NS1kOTU5ZmQxMmFhY2UiLCJhcHBpZGFjciI6IjEiLCJpZHAiOiJodHRwczovL3N0cy53aW5kb3dzLm5ldC83MmY5ODhiZi04NmYxLTQxYWYtOTFhYi0yZDdjZDAxMWRiNDcvIiwib2lkIjoiOTFlOWViMmUtMDZjMS00N2QxLWJjNzItYTBiYzgzZjg4ZWRlIiwicmgiOiIwLkFSb0F2NGo1Y3ZHR3IwR1JxeTE4MEJIYlJ6dnVUZVRhNV81RG5YWFpXZjBTcXM0YUFBQS4iLCJzdWIiOiI5MWU5ZWIyZS0wNmMxLTQ3ZDEtYmM3Mi1hMGJjODNmODhlZGUiLCJ0aWQiOiI3MmY5ODhiZi04NmYxLTQxYWYtOTFhYi0yZDdjZDAxMWRiNDciLCJ1dGkiOiJtRmlMM2J0TUswSzA3NFl3eE1zUUFBIiwidmVyIjoiMS4wIn0.J2OnlFcY8pYP8z8v4XlGN9W0hbK5N3nSAGiyW7Cv12HbYk1wnyeeJgQjKKdyrrDlvKltGB0xFgLCU07zK72RTjsq5AvcCVYssdI9RHdUfK2K0FjNPiBQXwK4h8jqm3D0QtIbPhZqa_op4ewriAwsYlXrL1Pw5QFmyF5BiGLZhUyuRRK_kDCDkxamVNmDunCi7lS90_rjFLXhArhE7auvVNdHFEnzArkEV25mFnZjY6_AQQjhlZk8aKUW9egJf-__tFbQ4FCzAYRoaeTMnMX1PsJGP36BkoKqgO4VpuonHXmWSL5P7ZgISLicf47kGEljSyuHrYceIGz_WFwF_Q1T8g"
      }
    },
    {
      "RequestUri": "https://yalltablestestsprim.table.core.windows.net/Tables",
      "RequestMethod": "POST",
      "RequestHeaders": {
        "Accept": "application/json;odata=minimalmetadata",
        "Accept-Encoding": "gzip, deflate",
        "Authorization": "Sanitized",
        "Connection": "keep-alive",
        "Content-Length": "32",
        "Content-Type": "application/json;odata=nometadata",
        "DataServiceVersion": "3.0",
        "Date": "Thu, 16 Sep 2021 09:25:14 GMT",
        "User-Agent": "azsdk-python-data-tables/12.1.1 Python/3.9.2 (Windows-10-10.0.19041-SP0)",
        "x-ms-client-request-id": "ffdc0465-16cf-11ec-a46f-5cf37093a909",
        "x-ms-date": "Thu, 16 Sep 2021 09:25:14 GMT",
        "x-ms-version": "2019-02-02"
      },
      "RequestBody": "{\u0022TableName\u0022: \u0022uttable53cc2524\u0022}",
      "StatusCode": 201,
      "ResponseHeaders": {
        "Cache-Control": "no-cache",
        "Content-Type": "application/json; odata=minimalmetadata; streaming=true; charset=utf-8",
        "Date": "Thu, 16 Sep 2021 09:25:13 GMT",
        "Location": "https://yalltablestestsprim.table.core.windows.net/Tables(\u0027uttable53cc2524\u0027)",
        "Server": [
          "Windows-Azure-Table/1.0",
          "Microsoft-HTTPAPI/2.0"
        ],
        "Transfer-Encoding": "chunked",
        "X-Content-Type-Options": "nosniff",
        "x-ms-client-request-id": "ffdc0465-16cf-11ec-a46f-5cf37093a909",
        "x-ms-request-id": "6ce9fa1e-b002-00b9-50dc-aa0225000000",
        "x-ms-version": "2019-02-02"
      },
      "ResponseBody": {
        "odata.metadata": "https://yalltablestestsprim.table.core.windows.net/$metadata#Tables/@Element",
        "TableName": "uttable53cc2524"
      }
    },
    {
      "RequestUri": "https://yalltablestestsprim.table.core.windows.net/uttable53cc2524",
      "RequestMethod": "POST",
      "RequestHeaders": {
        "Accept": "application/json;odata=minimalmetadata",
        "Accept-Encoding": "gzip, deflate",
        "Authorization": "Sanitized",
        "Connection": "keep-alive",
        "Content-Length": "711",
        "Content-Type": "application/json;odata=nometadata",
        "DataServiceVersion": "3.0",
        "Date": "Thu, 16 Sep 2021 09:25:15 GMT",
        "User-Agent": "azsdk-python-data-tables/12.1.1 Python/3.9.2 (Windows-10-10.0.19041-SP0)",
        "x-ms-client-request-id": "00297533-16d0-11ec-8d84-5cf37093a909",
        "x-ms-date": "Thu, 16 Sep 2021 09:25:15 GMT",
        "x-ms-version": "2019-02-02"
      },
      "RequestBody": "{\u0022PartitionKey\u0022: \u0022pk53cc2524\u0022, \u0022PartitionKey@odata.type\u0022: \u0022Edm.String\u0022, \u0022RowKey\u0022: \u0022rk53cc2524\u0022, \u0022RowKey@odata.type\u0022: \u0022Edm.String\u0022, \u0022age\u0022: 39, \u0022sex\u0022: \u0022male\u0022, \u0022sex@odata.type\u0022: \u0022Edm.String\u0022, \u0022married\u0022: true, \u0022deceased\u0022: false, \u0022ratio\u0022: 3.1, \u0022ratio@odata.type\u0022: \u0022Edm.Double\u0022, \u0022evenratio\u0022: 3.0, \u0022evenratio@odata.type\u0022: \u0022Edm.Double\u0022, \u0022double\u0022: 5, \u0022double@odata.type\u0022: \u0022Edm.Double\u0022, \u0022large\u0022: 933311100, \u0022Birthday\u0022: \u00221973-10-04T00:00:00.000000Z\u0022, \u0022Birthday@odata.type\u0022: \u0022Edm.DateTime\u0022, \u0022birthday\u0022: \u00221970-10-04T00:00:00.000000Z\u0022, \u0022birthday@odata.type\u0022: \u0022Edm.DateTime\u0022, \u0022binary\u0022: \u0022YmluYXJ5\u0022, \u0022binary@odata.type\u0022: \u0022Edm.Binary\u0022, \u0022other\u0022: 20, \u0022clsid\u0022: \u0022c9da6455-213d-42c9-9a79-3e9149a57833\u0022, \u0022clsid@odata.type\u0022: \u0022Edm.Guid\u0022}",
      "StatusCode": 201,
      "ResponseHeaders": {
        "Cache-Control": "no-cache",
        "Content-Type": "application/json; odata=minimalmetadata; streaming=true; charset=utf-8",
        "Date": "Thu, 16 Sep 2021 09:25:13 GMT",
        "ETag": "W/\u0022datetime\u00272021-09-16T09%3A25%3A14.3107612Z\u0027\u0022",
        "Location": "https://yalltablestestsprim.table.core.windows.net/uttable53cc2524(PartitionKey=\u0027pk53cc2524\u0027,RowKey=\u0027rk53cc2524\u0027)",
        "Server": [
          "Windows-Azure-Table/1.0",
          "Microsoft-HTTPAPI/2.0"
        ],
        "Transfer-Encoding": "chunked",
        "X-Content-Type-Options": "nosniff",
        "x-ms-client-request-id": "00297533-16d0-11ec-8d84-5cf37093a909",
        "x-ms-request-id": "6ce9fa22-b002-00b9-53dc-aa0225000000",
        "x-ms-version": "2019-02-02"
      },
      "ResponseBody": {
        "odata.metadata": "https://yalltablestestsprim.table.core.windows.net/$metadata#uttable53cc2524/@Element",
        "odata.etag": "W/\u0022datetime\u00272021-09-16T09%3A25%3A14.3107612Z\u0027\u0022",
        "PartitionKey": "pk53cc2524",
        "RowKey": "rk53cc2524",
        "Timestamp": "2021-09-16T09:25:14.3107612Z",
        "age": 39,
        "sex": "male",
        "married": true,
        "deceased": false,
        "ratio": 3.1,
        "evenratio": 3.0,
        "double": 5.0,
        "large": 933311100,
        "Birthday@odata.type": "Edm.DateTime",
        "Birthday": "1973-10-04T00:00:00Z",
        "birthday@odata.type": "Edm.DateTime",
        "birthday": "1970-10-04T00:00:00Z",
        "binary@odata.type": "Edm.Binary",
        "binary": "YmluYXJ5",
        "other": 20,
        "clsid@odata.type": "Edm.Guid",
        "clsid": "c9da6455-213d-42c9-9a79-3e9149a57833"
      }
    },
    {
      "RequestUri": "https://yalltablestestsprim.table.core.windows.net/uttable53cc2524(PartitionKey=\u0027pk53cc2524\u0027,RowKey=\u0027rk53cc2524\u0027)",
      "RequestMethod": "DELETE",
      "RequestHeaders": {
        "Accept": "application/json;odata=minimalmetadata",
        "Accept-Encoding": "gzip, deflate",
        "Authorization": "Sanitized",
        "Connection": "keep-alive",
        "Content-Length": "0",
        "DataServiceVersion": "3.0",
        "Date": "Thu, 16 Sep 2021 09:25:15 GMT",
        "If-Match": "*",
        "User-Agent": "azsdk-python-data-tables/12.1.1 Python/3.9.2 (Windows-10-10.0.19041-SP0)",
        "x-ms-client-request-id": "002e046e-16d0-11ec-90c3-5cf37093a909",
        "x-ms-date": "Thu, 16 Sep 2021 09:25:15 GMT",
        "x-ms-version": "2019-02-02"
      },
      "RequestBody": null,
      "StatusCode": 204,
      "ResponseHeaders": {
        "Cache-Control": "no-cache",
        "Content-Length": "0",
        "Date": "Thu, 16 Sep 2021 09:25:13 GMT",
        "Server": [
          "Windows-Azure-Table/1.0",
          "Microsoft-HTTPAPI/2.0"
        ],
        "X-Content-Type-Options": "nosniff",
        "x-ms-client-request-id": "002e046e-16d0-11ec-90c3-5cf37093a909",
        "x-ms-request-id": "6ce9fa24-b002-00b9-55dc-aa0225000000",
        "x-ms-version": "2019-02-02"
      },
      "ResponseBody": null
    },
    {
      "RequestUri": "https://yalltablestestsprim.table.core.windows.net/uttable53cc2524(PartitionKey=\u0027pk53cc2524\u0027,RowKey=\u0027rk53cc2524\u0027)",
      "RequestMethod": "GET",
      "RequestHeaders": {
        "Accept": "application/json;odata=minimalmetadata",
        "Accept-Encoding": "gzip, deflate",
        "Authorization": "Sanitized",
        "Connection": "keep-alive",
        "DataServiceVersion": "3.0",
        "Date": "Thu, 16 Sep 2021 09:25:15 GMT",
        "User-Agent": "azsdk-python-data-tables/12.1.1 Python/3.9.2 (Windows-10-10.0.19041-SP0)",
        "x-ms-client-request-id": "003258b7-16d0-11ec-8dc4-5cf37093a909",
        "x-ms-date": "Thu, 16 Sep 2021 09:25:15 GMT",
        "x-ms-version": "2019-02-02"
      },
      "RequestBody": null,
      "StatusCode": 404,
      "ResponseHeaders": {
        "Cache-Control": "no-cache",
        "Content-Type": "application/json; odata=minimalmetadata; streaming=true; charset=utf-8",
        "Date": "Thu, 16 Sep 2021 09:25:13 GMT",
        "Server": [
          "Windows-Azure-Table/1.0",
          "Microsoft-HTTPAPI/2.0"
        ],
        "Transfer-Encoding": "chunked",
        "X-Content-Type-Options": "nosniff",
        "x-ms-client-request-id": "003258b7-16d0-11ec-8dc4-5cf37093a909",
        "x-ms-request-id": "6ce9fa27-b002-00b9-58dc-aa0225000000",
        "x-ms-version": "2019-02-02"
      },
      "ResponseBody": {
        "odata.error": {
          "code": "ResourceNotFound",
          "message": {
            "lang": "en-US",
            "value": "The specified resource does not exist.\nRequestId:6ce9fa27-b002-00b9-58dc-aa0225000000\nTime:2021-09-16T09:25:14.3688033Z"
          }
        }
      }
    },
    {
      "RequestUri": "https://yalltablestestsprim.table.core.windows.net/Tables",
      "RequestMethod": "GET",
      "RequestHeaders": {
        "Accept": "application/json;odata=minimalmetadata",
        "Accept-Encoding": "gzip, deflate",
        "Authorization": "Sanitized",
        "Connection": "keep-alive",
        "DataServiceVersion": "3.0",
        "Date": "Thu, 16 Sep 2021 09:25:15 GMT",
        "User-Agent": "azsdk-python-data-tables/12.1.1 Python/3.9.2 (Windows-10-10.0.19041-SP0)",
        "x-ms-client-request-id": "00364d57-16d0-11ec-a940-5cf37093a909",
        "x-ms-date": "Thu, 16 Sep 2021 09:25:15 GMT",
        "x-ms-version": "2019-02-02"
      },
      "RequestBody": null,
      "StatusCode": 200,
      "ResponseHeaders": {
        "Cache-Control": "no-cache",
        "Content-Type": "application/json; odata=minimalmetadata; streaming=true; charset=utf-8",
        "Date": "Thu, 16 Sep 2021 09:25:14 GMT",
        "Server": [
          "Windows-Azure-Table/1.0",
          "Microsoft-HTTPAPI/2.0"
        ],
        "Transfer-Encoding": "chunked",
        "X-Content-Type-Options": "nosniff",
        "x-ms-client-request-id": "00364d57-16d0-11ec-a940-5cf37093a909",
        "x-ms-request-id": "6ce9fa2f-b002-00b9-5edc-aa0225000000",
        "x-ms-version": "2019-02-02"
      },
      "ResponseBody": {
        "odata.metadata": "https://yalltablestestsprim.table.core.windows.net/$metadata#Tables",
        "value": [
          {
            "TableName": "uttable53cc2524"
          }
        ]
      }
    },
    {
      "RequestUri": "https://yalltablestestsprim.table.core.windows.net/Tables(\u0027uttable53cc2524\u0027)",
      "RequestMethod": "DELETE",
      "RequestHeaders": {
        "Accept": "application/json",
        "Accept-Encoding": "gzip, deflate",
        "Authorization": "Sanitized",
        "Connection": "keep-alive",
        "Content-Length": "0",
        "Date": "Thu, 16 Sep 2021 09:25:15 GMT",
        "User-Agent": "azsdk-python-data-tables/12.1.1 Python/3.9.2 (Windows-10-10.0.19041-SP0)",
        "x-ms-client-request-id": "003b5f34-16d0-11ec-99ba-5cf37093a909",
        "x-ms-date": "Thu, 16 Sep 2021 09:25:15 GMT",
        "x-ms-version": "2019-02-02"
      },
      "RequestBody": null,
      "StatusCode": 204,
      "ResponseHeaders": {
        "Cache-Control": "no-cache",
        "Content-Length": "0",
        "Date": "Thu, 16 Sep 2021 09:25:14 GMT",
        "Server": [
          "Windows-Azure-Table/1.0",
          "Microsoft-HTTPAPI/2.0"
        ],
        "X-Content-Type-Options": "nosniff",
        "x-ms-client-request-id": "003b5f34-16d0-11ec-99ba-5cf37093a909",
        "x-ms-request-id": "6ce9fa31-b002-00b9-60dc-aa0225000000",
        "x-ms-version": "2019-02-02"
      },
      "ResponseBody": null
    }
  ],
  "Variables": {}
}