interactions:
- request:
    body: '{"TableName": "uttablea0f31733"}'
    headers:
      Accept:
      - application/json;odata=minimalmetadata
      Accept-Encoding:
      - gzip, deflate
      Connection:
      - keep-alive
      Content-Length:
      - '32'
      Content-Type:
      - application/json;odata=nometadata
      DataServiceVersion:
      - '3.0'
      Date:
      - Wed, 07 Apr 2021 20:07:09 GMT
      User-Agent:
      - azsdk-python-data-tables/12.0.0b7 Python/3.9.0rc1 (Windows-10-10.0.19041-SP0)
      x-ms-date:
      - Wed, 07 Apr 2021 20:07:09 GMT
      x-ms-version:
      - '2019-02-02'
    method: POST
    uri: https://fake_cosmos_account.table.cosmos.azure.com/Tables
  response:
    body:
      string: '{"TableName":"uttablea0f31733","odata.metadata":"https://fake_cosmos_account.table.cosmos.azure.com/$metadata#Tables/@Element"}'
    headers:
      content-type:
      - application/json;odata=minimalmetadata
      date:
      - Wed, 07 Apr 2021 20:07:10 GMT
      etag:
      - W/"datetime'2021-04-07T20%3A07%3A10.3225864Z'"
      location:
      - https://fake_cosmos_account.table.cosmos.azure.com/Tables('uttablea0f31733')
      server:
      - Microsoft-HTTPAPI/2.0
      transfer-encoding:
      - chunked
    status:
      code: 201
      message: Ok
- request:
    body: '{"PartitionKey": "001", "PartitionKey@odata.type": "Edm.String", "RowKey":
      "batch_update", "RowKey@odata.type": "Edm.String", "test": true, "test2": "value",
      "test2@odata.type": "Edm.String", "test3": 3, "test4": 1234567890, "test5":
      "2021-04-08T00:07:10.571576Z", "test5@odata.type": "Edm.DateTime"}'
    headers:
      Accept:
      - application/json;odata=minimalmetadata
      Accept-Encoding:
      - gzip, deflate
      Connection:
      - keep-alive
      Content-Length:
      - '300'
      Content-Type:
      - application/json;odata=nometadata
      DataServiceVersion:
      - '3.0'
      Date:
      - Wed, 07 Apr 2021 20:07:10 GMT
      User-Agent:
      - azsdk-python-data-tables/12.0.0b7 Python/3.9.0rc1 (Windows-10-10.0.19041-SP0)
      x-ms-date:
      - Wed, 07 Apr 2021 20:07:10 GMT
      x-ms-version:
      - '2019-02-02'
    method: POST
    uri: https://fake_cosmos_account.table.cosmos.azure.com/uttablea0f31733
  response:
    body:
      string: '{"odata.metadata":"https://fake_cosmos_account.table.cosmos.azure.com/uttablea0f31733/$metadata#uttablea0f31733/@Element","odata.etag":"W/\"datetime''2021-04-07T20%3A07%3A10.9749768Z''\"","PartitionKey":"001","RowKey":"batch_update","test":true,"test2":"value","test3":3,"test4":1234567890,"test5@odata.type":"Edm.DateTime","test5":"2021-04-08T00:07:10.5715760Z","Timestamp":"2021-04-07T20:07:10.9749768Z"}'
    headers:
      content-type:
      - application/json;odata=minimalmetadata
      date:
      - Wed, 07 Apr 2021 20:07:10 GMT
      etag:
      - W/"datetime'2021-04-07T20%3A07%3A10.9749768Z'"
      location:
      - https://fake_cosmos_account.table.cosmos.azure.com/uttablea0f31733(PartitionKey='001',RowKey='batch_update')
      server:
      - Microsoft-HTTPAPI/2.0
      transfer-encoding:
      - chunked
    status:
      code: 201
      message: Created
- request:
    body: null
    headers:
      Accept:
      - application/json;odata=minimalmetadata
      Accept-Encoding:
      - gzip, deflate
      Connection:
      - keep-alive
      DataServiceVersion:
      - '3.0'
      Date:
      - Wed, 07 Apr 2021 20:07:10 GMT
      User-Agent:
      - azsdk-python-data-tables/12.0.0b7 Python/3.9.0rc1 (Windows-10-10.0.19041-SP0)
      x-ms-date:
      - Wed, 07 Apr 2021 20:07:10 GMT
      x-ms-version:
      - '2019-02-02'
    method: GET
    uri: https://fake_cosmos_account.table.cosmos.azure.com/uttablea0f31733(PartitionKey='001',RowKey='batch_update')
  response:
    body:
      string: '{"odata.metadata":"https://fake_cosmos_account.table.cosmos.azure.com/uttablea0f31733/$metadata#uttablea0f31733/@Element","odata.etag":"W/\"datetime''2021-04-07T20%3A07%3A10.9749768Z''\"","PartitionKey":"001","RowKey":"batch_update","test":true,"test2":"value","test3":3,"test4":1234567890,"test5@odata.type":"Edm.DateTime","test5":"2021-04-08T00:07:10.5715760Z","Timestamp":"2021-04-07T20:07:10.9749768Z"}'
    headers:
      content-type:
      - application/json;odata=minimalmetadata
      date:
      - Wed, 07 Apr 2021 20:07:10 GMT
      etag:
      - W/"datetime'2021-04-07T20%3A07%3A10.9749768Z'"
      server:
      - Microsoft-HTTPAPI/2.0
      transfer-encoding:
      - chunked
    status:
      code: 200
      message: Ok
- request:
    body: "--batch_7ad8547f-1300-4824-8c2d-fe636414c16c\r\nContent-Type: multipart/mixed;\
      \ boundary=changeset_09ae2478-3250-436e-a778-d5412c14ad72\r\n\r\n--changeset_09ae2478-3250-436e-a778-d5412c14ad72\r\
      \nContent-Type: application/http\r\nContent-Transfer-Encoding: binary\r\nContent-ID:\
      \ 0\r\n\r\nPOST https://seankaneprim.table.cosmos.azure.com/uttablea0f31733(PartitionKey='001',RowKey='batch_update')\
      \ HTTP/1.1\r\nx-ms-version: 2019-02-02\r\nDataServiceVersion: 3.0\r\nIf-Match:\
      \ *\r\nContent-Type: application/json\r\nAccept: application/json\r\nContent-Length:\
      \ 302\r\nX-HTTP-Method: MERGE\r\nx-ms-date: Wed, 07 Apr 2021 20:07:10 GMT\r\n\
      Date: Wed, 07 Apr 2021 20:07:10 GMT\r\nx-ms-client-request-id: d65cf211-97dc-11eb-ba12-58961df361ce\r\
      \n\r\n{\"PartitionKey\": \"001\", \"PartitionKey@odata.type\": \"Edm.String\"\
      , \"RowKey\": \"batch_update\", \"RowKey@odata.type\": \"Edm.String\", \"test\"\
      : true, \"test2\": \"value1\", \"test2@odata.type\": \"Edm.String\", \"test3\"\
      : 3, \"test4\": 1234567890, \"test5\": \"2021-04-08T00:07:10.5715760Z\", \"\
      test5@odata.type\": \"Edm.DateTime\"}\r\n--changeset_09ae2478-3250-436e-a778-d5412c14ad72--\r\
      \n\r\n--batch_7ad8547f-1300-4824-8c2d-fe636414c16c--\r\n"
    headers:
      Accept:
      - '*/*'
      Accept-Encoding:
      - gzip, deflate
      Connection:
      - keep-alive
      Content-Length:
      - '1101'
      Content-Type:
      - multipart/mixed; boundary=batch_7ad8547f-1300-4824-8c2d-fe636414c16c
      DataServiceVersion:
      - '3.0'
      Date:
      - Wed, 07 Apr 2021 20:07:11 GMT
      MaxDataServiceVersion:
      - 3.0;NetFx
      User-Agent:
      - azsdk-python-data-tables/12.0.0b7 Python/3.9.0rc1 (Windows-10-10.0.19041-SP0)
      x-ms-date:
      - Wed, 07 Apr 2021 20:07:11 GMT
      x-ms-version:
      - '2019-02-02'
    method: POST
    uri: https://fake_cosmos_account.table.cosmos.azure.com/$batch
  response:
    body:
      string: "--batchresponse_435c9ca2-3cbb-4ad5-b6d6-7ea17f9a3665\nContent-Type:\
        \ multipart/mixed; boundary=changesetresponse_afde8dc7-d1b8-4d2b-9ac1-2c30dced9fa2\r\
        \n\r\n--changesetresponse_afde8dc7-d1b8-4d2b-9ac1-2c30dced9fa2\nContent-Type:\
        \ application/http\nContent-Transfer-Encoding: binary\n\nHTTP/1.1 204 No Content\r\
        \nETag: W/\"datetime'2021-04-07T20%3A07%3A11.3574408Z'\"\r\nContent-ID: 1\r\
        \n\r\n\r\n--changesetresponse_afde8dc7-d1b8-4d2b-9ac1-2c30dced9fa2--\n--batchresponse_435c9ca2-3cbb-4ad5-b6d6-7ea17f9a3665--\r\
        \n"
    headers:
      content-type:
      - multipart/mixed; boundary=batchresponse_435c9ca2-3cbb-4ad5-b6d6-7ea17f9a3665
      date:
      - Wed, 07 Apr 2021 20:07:10 GMT
      server:
      - Microsoft-HTTPAPI/2.0
      transfer-encoding:
      - chunked
    status:
      code: 202
      message: Accepted
- request:
    body: null
    headers:
      Accept:
      - application/json;odata=minimalmetadata
      Accept-Encoding:
      - gzip, deflate
      Connection:
      - keep-alive
      DataServiceVersion:
      - '3.0'
      Date:
      - Wed, 07 Apr 2021 20:07:11 GMT
      User-Agent:
      - azsdk-python-data-tables/12.0.0b7 Python/3.9.0rc1 (Windows-10-10.0.19041-SP0)
      x-ms-date:
      - Wed, 07 Apr 2021 20:07:11 GMT
      x-ms-version:
      - '2019-02-02'
    method: GET
    uri: https://fake_cosmos_account.table.cosmos.azure.com/uttablea0f31733(PartitionKey='001',RowKey='batch_update')
  response:
    body:
      string: '{"odata.metadata":"https://fake_cosmos_account.table.cosmos.azure.com/uttablea0f31733/$metadata#uttablea0f31733/@Element","odata.etag":"W/\"datetime''2021-04-07T20%3A07%3A11.3574408Z''\"","PartitionKey":"001","RowKey":"batch_update","test":true,"test2":"value1","test3":3,"test4":1234567890,"test5@odata.type":"Edm.DateTime","test5":"2021-04-08T00:07:10.5715760Z","Timestamp":"2021-04-07T20:07:11.3574408Z"}'
    headers:
      content-type:
      - application/json;odata=minimalmetadata
      date:
      - Wed, 07 Apr 2021 20:07:10 GMT
      etag:
      - W/"datetime'2021-04-07T20%3A07%3A11.3574408Z'"
      server:
      - Microsoft-HTTPAPI/2.0
      transfer-encoding:
      - chunked
    status:
      code: 200
      message: Ok
- request:
    body: null
    headers:
      Accept:
      - application/json
      Accept-Encoding:
      - gzip, deflate
      Connection:
      - keep-alive
      Content-Length:
      - '0'
      Date:
      - Wed, 07 Apr 2021 20:07:11 GMT
      User-Agent:
      - azsdk-python-data-tables/12.0.0b7 Python/3.9.0rc1 (Windows-10-10.0.19041-SP0)
      x-ms-date:
      - Wed, 07 Apr 2021 20:07:11 GMT
      x-ms-version:
      - '2019-02-02'
    method: DELETE
    uri: https://fake_cosmos_account.table.cosmos.azure.com/Tables('uttablea0f31733')
  response:
    body:
      string: ''
    headers:
      content-length:
      - '0'
      date:
      - Wed, 07 Apr 2021 20:07:11 GMT
      server:
      - Microsoft-HTTPAPI/2.0
    status:
      code: 204
      message: No Content
version: 1
