interactions:
- request:
    body: !!python/unicode '{"TableName": "uttable97fc1b7c"}'
    headers:
      Accept:
      - application/json;odata=minimalmetadata
      Accept-Encoding:
      - gzip, deflate
      Connection:
      - keep-alive
      Content-Length:
      - '32'
      Content-Type:
      - application/json;odata=nometadata
      DataServiceVersion:
      - '3.0'
      Date:
      - Mon, 02 Nov 2020 20:14:27 GMT
      User-Agent:
      - azsdk-python-data-tables/12.0.0b3 Python/2.7.18 (Windows-10-10.0.19041)
      x-ms-date:
      - Mon, 02 Nov 2020 20:14:27 GMT
      x-ms-version:
      - '2019-02-02'
    method: POST
    uri: https://tablestestcosmosname.table.cosmos.azure.com/Tables
  response:
    body:
      string: !!python/unicode '{"TableName":"uttable97fc1b7c","odata.metadata":"https://tablestestcosmosname.table.cosmos.azure.com/$metadata#Tables/@Element"}'
    headers:
      content-type:
      - application/json;odata=minimalmetadata
      date:
      - Mon, 02 Nov 2020 20:14:28 GMT
      etag:
      - W/"datetime'2020-11-02T20%3A14%3A28.5594631Z'"
      location:
      - https://tablestestcosmosname.table.cosmos.azure.com/Tables('uttable97fc1b7c')
      server:
      - Microsoft-HTTPAPI/2.0
      transfer-encoding:
      - chunked
    status:
      code: 201
      message: Ok
- request:
    body: !!python/unicode '{"large": "1125899906842624", "RowKey@odata.type": "Edm.String",
      "PartitionKey@odata.type": "Edm.String", "large@odata.type": "Edm.Int64", "PartitionKey":
      "pk97fc1b7c", "RowKey": "rk97fc1b7c"}'
    headers:
      Accept:
      - application/json;odata=minimalmetadata
      Accept-Encoding:
      - gzip, deflate
      Connection:
      - keep-alive
      Content-Length:
      - '192'
      Content-Type:
      - application/json;odata=nometadata
      DataServiceVersion:
      - '3.0'
      Date:
      - Mon, 02 Nov 2020 20:14:29 GMT
      User-Agent:
      - azsdk-python-data-tables/12.0.0b3 Python/2.7.18 (Windows-10-10.0.19041)
      x-ms-date:
      - Mon, 02 Nov 2020 20:14:29 GMT
      x-ms-version:
      - '2019-02-02'
    method: POST
    uri: https://tablestestcosmosname.table.cosmos.azure.com/uttable97fc1b7c
  response:
    body:
      string: !!python/unicode '{"odata.metadata":"https://tablestestcosmosname.table.cosmos.azure.com/uttable97fc1b7c/$metadata#uttable97fc1b7c/@Element","odata.etag":"W/\"datetime''2020-11-02T20%3A14%3A29.1036167Z''\"","large@odata.type":"Edm.Int64","large":"1125899906842624","PartitionKey":"pk97fc1b7c","RowKey":"rk97fc1b7c","Timestamp":"2020-11-02T20:14:29.1036167Z"}'
    headers:
      content-type:
      - application/json;odata=minimalmetadata
      date:
      - Mon, 02 Nov 2020 20:14:28 GMT
      etag:
      - W/"datetime'2020-11-02T20%3A14%3A29.1036167Z'"
      location:
      - https://tablestestcosmosname.table.cosmos.azure.com/uttable97fc1b7c(PartitionKey='pk97fc1b7c',RowKey='rk97fc1b7c')
      server:
      - Microsoft-HTTPAPI/2.0
      transfer-encoding:
      - chunked
    status:
      code: 201
      message: Created
- request:
    body: null
    headers:
      Accept:
      - application/json;odata=minimalmetadata
      Accept-Encoding:
      - gzip, deflate
      Connection:
      - keep-alive
      DataServiceVersion:
      - '3.0'
      Date:
      - Mon, 02 Nov 2020 20:14:29 GMT
      User-Agent:
      - azsdk-python-data-tables/12.0.0b3 Python/2.7.18 (Windows-10-10.0.19041)
      x-ms-date:
      - Mon, 02 Nov 2020 20:14:29 GMT
      x-ms-version:
      - '2019-02-02'
    method: GET
    uri: https://tablestestcosmosname.table.cosmos.azure.com/uttable97fc1b7c(PartitionKey='pk97fc1b7c',RowKey='rk97fc1b7c')
  response:
    body:
      string: !!python/unicode '{"odata.metadata":"https://tablestestcosmosname.table.cosmos.azure.com/uttable97fc1b7c/$metadata#uttable97fc1b7c/@Element","odata.etag":"W/\"datetime''2020-11-02T20%3A14%3A29.1036167Z''\"","large@odata.type":"Edm.Int64","large":"1125899906842624","PartitionKey":"pk97fc1b7c","RowKey":"rk97fc1b7c","Timestamp":"2020-11-02T20:14:29.1036167Z"}'
    headers:
      content-type:
      - application/json;odata=minimalmetadata
      date:
      - Mon, 02 Nov 2020 20:14:28 GMT
      etag:
      - W/"datetime'2020-11-02T20%3A14%3A29.1036167Z'"
      server:
      - Microsoft-HTTPAPI/2.0
      transfer-encoding:
      - chunked
    status:
      code: 200
      message: Ok
- request:
    body: !!python/unicode '{"large": "-1125899906842625", "RowKey@odata.type": "Edm.String",
      "PartitionKey@odata.type": "Edm.String", "large@odata.type": "Edm.Int64", "PartitionKey":
      "pk97fc1b7c", "RowKey": "negative"}'
    headers:
      Accept:
      - application/json;odata=minimalmetadata
      Accept-Encoding:
      - gzip, deflate
      Connection:
      - keep-alive
      Content-Length:
      - '191'
      Content-Type:
      - application/json;odata=nometadata
      DataServiceVersion:
      - '3.0'
      Date:
      - Mon, 02 Nov 2020 20:14:29 GMT
      User-Agent:
      - azsdk-python-data-tables/12.0.0b3 Python/2.7.18 (Windows-10-10.0.19041)
      x-ms-date:
      - Mon, 02 Nov 2020 20:14:29 GMT
      x-ms-version:
      - '2019-02-02'
    method: POST
    uri: https://tablestestcosmosname.table.cosmos.azure.com/uttable97fc1b7c
  response:
    body:
      string: !!python/unicode '{"odata.metadata":"https://tablestestcosmosname.table.cosmos.azure.com/uttable97fc1b7c/$metadata#uttable97fc1b7c/@Element","odata.etag":"W/\"datetime''2020-11-02T20%3A14%3A29.2352007Z''\"","large@odata.type":"Edm.Int64","large":"-1125899906842625","PartitionKey":"pk97fc1b7c","RowKey":"negative","Timestamp":"2020-11-02T20:14:29.2352007Z"}'
    headers:
      content-type:
      - application/json;odata=minimalmetadata
      date:
      - Mon, 02 Nov 2020 20:14:28 GMT
      etag:
      - W/"datetime'2020-11-02T20%3A14%3A29.2352007Z'"
      location:
      - https://tablestestcosmosname.table.cosmos.azure.com/uttable97fc1b7c(PartitionKey='pk97fc1b7c',RowKey='negative')
      server:
      - Microsoft-HTTPAPI/2.0
      transfer-encoding:
      - chunked
    status:
      code: 201
      message: Created
- request:
    body: null
    headers:
      Accept:
      - application/json;odata=minimalmetadata
      Accept-Encoding:
      - gzip, deflate
      Connection:
      - keep-alive
      DataServiceVersion:
      - '3.0'
      Date:
      - Mon, 02 Nov 2020 20:14:29 GMT
      User-Agent:
      - azsdk-python-data-tables/12.0.0b3 Python/2.7.18 (Windows-10-10.0.19041)
      x-ms-date:
      - Mon, 02 Nov 2020 20:14:29 GMT
      x-ms-version:
      - '2019-02-02'
    method: GET
    uri: https://tablestestcosmosname.table.cosmos.azure.com/uttable97fc1b7c(PartitionKey='pk97fc1b7c',RowKey='negative')
  response:
    body:
      string: !!python/unicode '{"odata.metadata":"https://tablestestcosmosname.table.cosmos.azure.com/uttable97fc1b7c/$metadata#uttable97fc1b7c/@Element","odata.etag":"W/\"datetime''2020-11-02T20%3A14%3A29.2352007Z''\"","large@odata.type":"Edm.Int64","large":"-1125899906842625","PartitionKey":"pk97fc1b7c","RowKey":"negative","Timestamp":"2020-11-02T20:14:29.2352007Z"}'
    headers:
      content-type:
      - application/json;odata=minimalmetadata
      date:
      - Mon, 02 Nov 2020 20:14:28 GMT
      etag:
      - W/"datetime'2020-11-02T20%3A14%3A29.2352007Z'"
      server:
      - Microsoft-HTTPAPI/2.0
      transfer-encoding:
      - chunked
    status:
      code: 200
      message: Ok
- request:
    body: null
    headers:
      Accept:
      - application/json
      Accept-Encoding:
      - gzip, deflate
      Connection:
      - keep-alive
      Content-Length:
      - '0'
      Date:
      - Mon, 02 Nov 2020 20:14:29 GMT
      User-Agent:
      - azsdk-python-data-tables/12.0.0b3 Python/2.7.18 (Windows-10-10.0.19041)
      x-ms-date:
      - Mon, 02 Nov 2020 20:14:29 GMT
      x-ms-version:
      - '2019-02-02'
    method: DELETE
    uri: https://tablestestcosmosname.table.cosmos.azure.com/Tables('uttable97fc1b7c')
  response:
    body:
      string: !!python/unicode 
    headers:
      content-length:
      - '0'
      date:
      - Mon, 02 Nov 2020 20:14:28 GMT
      server:
      - Microsoft-HTTPAPI/2.0
    status:
      code: 204
      message: No Content
- request:
    body: null
    headers:
      Accept:
      - application/json;odata=minimalmetadata
      Accept-Encoding:
      - gzip, deflate
      Connection:
      - keep-alive
      DataServiceVersion:
      - '3.0'
      Date:
      - Mon, 02 Nov 2020 20:14:29 GMT
      User-Agent:
      - azsdk-python-data-tables/12.0.0b3 Python/2.7.18 (Windows-10-10.0.19041)
      x-ms-date:
      - Mon, 02 Nov 2020 20:14:29 GMT
      x-ms-version:
      - '2019-02-02'
    method: GET
    uri: https://tablestestcosmosname.table.cosmos.azure.com/Tables
  response:
    body:
      string: !!python/unicode '{"value":[],"odata.metadata":"https://tablestestcosmosname.table.cosmos.azure.com/$metadata#Tables"}'
    headers:
      content-type:
      - application/json;odata=minimalmetadata
      date:
      - Mon, 02 Nov 2020 20:14:29 GMT
      server:
      - Microsoft-HTTPAPI/2.0
      transfer-encoding:
      - chunked
    status:
      code: 200
      message: Ok
version: 1
