interactions:
- request:
    body: '{"TableName": "uttable4c11103b"}'
    headers:
      Accept:
      - application/json;odata=minimalmetadata
      Accept-Encoding:
      - gzip, deflate
      Connection:
      - keep-alive
      Content-Length:
      - '32'
      Content-Type:
      - application/json;odata=nometadata
      DataServiceVersion:
      - '3.0'
      Date:
      - Wed, 16 Sep 2020 18:39:16 GMT
      User-Agent:
      - azsdk-python-data-tables/12.0.0b2 Python/3.8.4 (Windows-10-10.0.19041-SP0)
      x-ms-date:
      - Wed, 16 Sep 2020 18:39:16 GMT
      x-ms-version:
      - '2019-02-02'
    method: POST
    uri: https://storagename.table.core.windows.net/Tables
  response:
    body:
      string: '{"odata.metadata":"https://storagename.table.core.windows.net/$metadata#Tables/@Element","TableName":"uttable4c11103b"}'
    headers:
      cache-control:
      - no-cache
      content-type:
      - application/json;odata=minimalmetadata;streaming=true;charset=utf-8
      date:
      - Wed, 16 Sep 2020 18:39:16 GMT
      location:
      - https://storagename.table.core.windows.net/Tables('uttable4c11103b')
      server:
      - Windows-Azure-Table/1.0 Microsoft-HTTPAPI/2.0
      transfer-encoding:
      - chunked
      x-content-type-options:
      - nosniff
      x-ms-version:
      - '2019-02-02'
    status:
      code: 201
      message: Created
- request:
    body: "--batch_68fab818-6d8b-42a7-9d01-c962e5e8ca0a\r\nContent-Type: multipart/mixed;
      boundary=changeset_fb27ed66-fdf7-4bd6-8ef8-f44878af0785\r\n\r\n--changeset_fb27ed66-fdf7-4bd6-8ef8-f44878af0785\r\nContent-Type:
      application/http\r\nContent-Transfer-Encoding: binary\r\nContent-ID: 0\r\n\r\nPATCH
      https://pyacrstorage3c26v2dj7rsh.table.core.windows.net/uttable4c11103b(PartitionKey='001',RowKey='batch_insert_merge')
      HTTP/1.1\r\nx-ms-version: 2019-02-02\r\nDataServiceVersion: 3.0\r\nContent-Type:
      application/json\r\nAccept: application/json\r\nContent-Length: 299\r\nx-ms-date:
      Wed, 16 Sep 2020 18:39:17 GMT\r\nDate: Wed, 16 Sep 2020 18:39:17 GMT\r\nx-ms-client-request-id:
      ed08081e-f84b-11ea-ad86-58961df361d1\r\n\r\n{\"PartitionKey\": \"001\", \"PartitionKey@odata.type\":
      \"Edm.String\", \"RowKey\": \"batch_insert_merge\", \"RowKey@odata.type\": \"Edm.String\",
      \"test\": true, \"test2\": \"value\", \"test2@odata.type\": \"Edm.String\",
      \"test3\": 3, \"test4\": 1234567890, \"test5\": \"2020-09-16T18:39:17Z\", \"test5@odata.type\":
      \"Edm.DateTime\"}\r\n--changeset_fb27ed66-fdf7-4bd6-8ef8-f44878af0785--\r\n\r\n--batch_68fab818-6d8b-42a7-9d01-c962e5e8ca0a--\r\n"
    headers:
      Accept:
      - '*/*'
      Accept-Encoding:
      - gzip, deflate
      Connection:
      - keep-alive
      Content-Length:
      - '1082'
      Content-Type:
      - multipart/mixed; boundary=batch_68fab818-6d8b-42a7-9d01-c962e5e8ca0a
      DataServiceVersion:
      - '3.0'
      Date:
      - Wed, 16 Sep 2020 18:39:17 GMT
      MaxDataServiceVersion:
      - 3.0;NetFx
      User-Agent:
      - azsdk-python-data-tables/12.0.0b2 Python/3.8.4 (Windows-10-10.0.19041-SP0)
      x-ms-date:
      - Wed, 16 Sep 2020 18:39:17 GMT
      x-ms-version:
      - '2019-02-02'
    method: POST
    uri: https://storagename.table.core.windows.net/$batch
  response:
    body:
      string: "--batchresponse_571e2f24-6d13-4a6e-9e3f-37d864069a42\r\nContent-Type:
        multipart/mixed; boundary=changesetresponse_7f11e2c5-c47f-4c64-8e36-085d265cce64\r\n\r\n--changesetresponse_7f11e2c5-c47f-4c64-8e36-085d265cce64\r\nContent-Type:
        application/http\r\nContent-Transfer-Encoding: binary\r\n\r\nHTTP/1.1 204
        No Content\r\nX-Content-Type-Options: nosniff\r\nCache-Control: no-cache\r\nDataServiceVersion:
        1.0;\r\nETag: W/\"datetime'2020-09-16T18%3A39%3A17.1570104Z'\"\r\n\r\n\r\n--changesetresponse_7f11e2c5-c47f-4c64-8e36-085d265cce64--\r\n--batchresponse_571e2f24-6d13-4a6e-9e3f-37d864069a42--\r\n"
    headers:
      cache-control:
      - no-cache
      content-type:
      - multipart/mixed; boundary=batchresponse_571e2f24-6d13-4a6e-9e3f-37d864069a42
      date:
      - Wed, 16 Sep 2020 18:39:16 GMT
      server:
      - Windows-Azure-Table/1.0 Microsoft-HTTPAPI/2.0
      transfer-encoding:
      - chunked
      x-content-type-options:
      - nosniff
      x-ms-version:
      - '2019-02-02'
    status:
      code: 202
      message: Accepted
- request:
    body: null
    headers:
      Accept:
      - application/json;odata=minimalmetadata
      Accept-Encoding:
      - gzip, deflate
      Connection:
      - keep-alive
      DataServiceVersion:
      - '3.0'
      Date:
      - Wed, 16 Sep 2020 18:39:17 GMT
      User-Agent:
      - azsdk-python-data-tables/12.0.0b2 Python/3.8.4 (Windows-10-10.0.19041-SP0)
      x-ms-date:
      - Wed, 16 Sep 2020 18:39:17 GMT
      x-ms-version:
      - '2019-02-02'
    method: GET
    uri: https://storagename.table.core.windows.net/uttable4c11103b(PartitionKey='001',RowKey='batch_insert_merge')
  response:
    body:
      string: '{"odata.metadata":"https://storagename.table.core.windows.net/$metadata#uttable4c11103b/@Element","odata.etag":"W/\"datetime''2020-09-16T18%3A39%3A17.1570104Z''\"","PartitionKey":"001","RowKey":"batch_insert_merge","Timestamp":"2020-09-16T18:39:17.1570104Z","test":true,"test2":"value","test3":3,"test4":1234567890,"test5@odata.type":"Edm.DateTime","test5":"2020-09-16T18:39:17Z"}'
    headers:
      cache-control:
      - no-cache
      content-type:
      - application/json;odata=minimalmetadata;streaming=true;charset=utf-8
      date:
      - Wed, 16 Sep 2020 18:39:16 GMT
      etag:
      - W/"datetime'2020-09-16T18%3A39%3A17.1570104Z'"
      server:
      - Windows-Azure-Table/1.0 Microsoft-HTTPAPI/2.0
      transfer-encoding:
      - chunked
      x-content-type-options:
      - nosniff
      x-ms-version:
      - '2019-02-02'
    status:
      code: 200
      message: OK
- request:
    body: null
    headers:
      Accept:
      - application/json
      Accept-Encoding:
      - gzip, deflate
      Connection:
      - keep-alive
      Content-Length:
      - '0'
      Date:
      - Wed, 16 Sep 2020 18:39:17 GMT
      User-Agent:
      - azsdk-python-data-tables/12.0.0b2 Python/3.8.4 (Windows-10-10.0.19041-SP0)
      x-ms-date:
      - Wed, 16 Sep 2020 18:39:17 GMT
      x-ms-version:
      - '2019-02-02'
    method: DELETE
    uri: https://storagename.table.core.windows.net/Tables('uttable4c11103b')
  response:
    body:
      string: ''
    headers:
      cache-control:
      - no-cache
      content-length:
      - '0'
      date:
      - Wed, 16 Sep 2020 18:39:16 GMT
      server:
      - Windows-Azure-Table/1.0 Microsoft-HTTPAPI/2.0
      x-content-type-options:
      - nosniff
      x-ms-version:
      - '2019-02-02'
    status:
      code: 204
      message: No Content
version: 1
