interactions:
- request:
    body: '{"TableName": "uttable6d7f1aa2"}'
    headers:
      Accept:
      - application/json;odata=minimalmetadata
      Content-Length:
      - '32'
      Content-Type:
      - application/json;odata=nometadata
      DataServiceVersion:
      - '3.0'
      Date:
      - Sat, 07 Nov 2020 01:34:50 GMT
      User-Agent:
      - azsdk-python-data-tables/12.0.0b3 Python/3.5.3 (Windows-10-10.0.19041-SP0)
      x-ms-date:
      - Sat, 07 Nov 2020 01:34:50 GMT
      x-ms-version:
      - '2019-02-02'
    method: POST
    uri: https://tablestestcosmosname.table.cosmos.azure.com/Tables
  response:
    body:
      string: '{"TableName":"uttable6d7f1aa2","odata.metadata":"https://tablestestcosmosname.table.cosmos.azure.com/$metadata#Tables/@Element"}'
    headers:
      content-type: application/json;odata=minimalmetadata
      date: Sat, 07 Nov 2020 01:34:52 GMT
      etag: W/"datetime'2020-11-07T01%3A34%3A52.5570055Z'"
      location: https://tablestestcosmosname.table.cosmos.azure.com/Tables('uttable6d7f1aa2')
      server: Microsoft-HTTPAPI/2.0
      transfer-encoding: chunked
    status:
      code: 201
      message: Ok
    url: https://tablestestussw52mubjcwms.table.cosmos.azure.com/Tables
- request:
    body: '{"birthday": "1970-10-04T00:00:00Z", "age": 39, "sex@odata.type": "Edm.String",
      "other": 20, "binary": "YmluYXJ5", "Birthday": "1973-10-04T00:00:00Z", "RowKey@odata.type":
      "Edm.String", "binary@odata.type": "Edm.Binary", "RowKey": "batch_negative_1",
      "married": true, "sex": "male", "clsid": "c9da6455-213d-42c9-9a79-3e9149a57833",
      "Birthday@odata.type": "Edm.DateTime", "ratio": 3.1, "large": 933311100, "clsid@odata.type":
      "Edm.Guid", "evenratio": 3.0, "PartitionKey": "001", "deceased": false, "birthday@odata.type":
      "Edm.DateTime", "PartitionKey@odata.type": "Edm.String"}'
    headers:
      Accept:
      - application/json;odata=minimalmetadata
      Content-Length:
      - '576'
      Content-Type:
      - application/json;odata=nometadata
      DataServiceVersion:
      - '3.0'
      Date:
      - Sat, 07 Nov 2020 01:34:52 GMT
      User-Agent:
      - azsdk-python-data-tables/12.0.0b3 Python/3.5.3 (Windows-10-10.0.19041-SP0)
      x-ms-date:
      - Sat, 07 Nov 2020 01:34:52 GMT
      x-ms-version:
      - '2019-02-02'
    method: POST
    uri: https://tablestestcosmosname.table.cosmos.azure.com/uttable6d7f1aa2
  response:
    body:
      string: '{"odata.metadata":"https://tablestestcosmosname.table.cosmos.azure.com/uttable6d7f1aa2/$metadata#uttable6d7f1aa2/@Element","odata.etag":"W/\"datetime''2020-11-07T01%3A34%3A53.0293767Z''\"","birthday@odata.type":"Edm.DateTime","birthday":"1970-10-04T00:00:00.0000000Z","age":39,"other":20,"binary@odata.type":"Edm.Binary","binary":"YmluYXJ5","Birthday@odata.type":"Edm.DateTime","Birthday":"1973-10-04T00:00:00.0000000Z","RowKey":"batch_negative_1","married":true,"sex":"male","clsid@odata.type":"Edm.Guid","clsid":"c9da6455-213d-42c9-9a79-3e9149a57833","ratio":3.1,"large":933311100,"evenratio":3.0,"PartitionKey":"001","deceased":false,"Timestamp":"2020-11-07T01:34:53.0293767Z"}'
    headers:
      content-type: application/json;odata=minimalmetadata
      date: Sat, 07 Nov 2020 01:34:52 GMT
      etag: W/"datetime'2020-11-07T01%3A34%3A53.0293767Z'"
      location: https://tablestestcosmosname.table.cosmos.azure.com/uttable6d7f1aa2(PartitionKey='001',RowKey='batch_negative_1')
      server: Microsoft-HTTPAPI/2.0
      transfer-encoding: chunked
    status:
      code: 201
      message: Created
    url: https://tablestestussw52mubjcwms.table.cosmos.azure.com/uttable6d7f1aa2
- request:
    body: "--batch_42e282fd-77b5-4728-9752-7e1779b7cd87\r\nContent-Type: multipart/mixed;
      boundary=changeset_aa1048e8-d4b1-40a2-890d-b8b0fc1b1dc7\r\n\r\n--changeset_aa1048e8-d4b1-40a2-890d-b8b0fc1b1dc7\r\nContent-Type:
      application/http\r\nContent-Transfer-Encoding: binary\r\nContent-ID: 0\r\n\r\nPATCH
      https://tablestestussw52mubjcwms.table.cosmos.azure.com/uttable6d7f1aa2(PartitionKey='001',RowKey='batch_negative_1')
      HTTP/1.1\r\nIf-Match: *\r\nContent-Type: application/json\r\nx-ms-version: 2019-02-02\r\nDataServiceVersion:
      3.0\r\nAccept: application/json\r\nContent-Length: 352\r\nx-ms-date: Sat, 07
      Nov 2020 01:34:52 GMT\r\nDate: Sat, 07 Nov 2020 01:34:52 GMT\r\nx-ms-client-request-id:
      6e96a9a9-2099-11eb-a47a-58961df361d1\r\n\r\n{\"PartitionKey@odata.type\": \"Edm.String\",
      \"sign\": \"aquarius\", \"sex@odata.type\": \"Edm.String\", \"birthday@odata.type\":
      \"Edm.DateTime\", \"RowKey@odata.type\": \"Edm.String\", \"RowKey\": \"batch_negative_1\",
      \"sex\": \"female\", \"PartitionKey\": \"001\", \"sign@odata.type\": \"Edm.String\",
      \"age@odata.type\": \"Edm.String\", \"birthday\": \"1991-10-04T00:00:00Z\",
      \"age\": \"abc\"}\r\n--changeset_aa1048e8-d4b1-40a2-890d-b8b0fc1b1dc7\r\nContent-Type:
      application/http\r\nContent-Transfer-Encoding: binary\r\nContent-ID: 1\r\n\r\nPATCH
      https://tablestestussw52mubjcwms.table.cosmos.azure.com/uttable6d7f1aa2(PartitionKey='001',RowKey='batch_negative_1')
      HTTP/1.1\r\nIf-Match: *\r\nContent-Type: application/json\r\nx-ms-version: 2019-02-02\r\nDataServiceVersion:
      3.0\r\nAccept: application/json\r\nContent-Length: 576\r\nx-ms-date: Sat, 07
      Nov 2020 01:34:52 GMT\r\nDate: Sat, 07 Nov 2020 01:34:52 GMT\r\nx-ms-client-request-id:
      6e96a9a8-2099-11eb-92f6-58961df361d1\r\n\r\n{\"birthday\": \"1970-10-04T00:00:00Z\",
      \"age\": 39, \"sex@odata.type\": \"Edm.String\", \"other\": 20, \"binary\":
      \"YmluYXJ5\", \"Birthday\": \"1973-10-04T00:00:00Z\", \"RowKey@odata.type\":
      \"Edm.String\", \"binary@odata.type\": \"Edm.Binary\", \"RowKey\": \"batch_negative_1\",
      \"married\": true, \"sex\": \"male\", \"clsid\": \"c9da6455-213d-42c9-9a79-3e9149a57833\",
      \"Birthday@odata.type\": \"Edm.DateTime\", \"ratio\": 3.1, \"large\": 933311100,
      \"clsid@odata.type\": \"Edm.Guid\", \"evenratio\": 3.0, \"PartitionKey\": \"001\",
      \"deceased\": false, \"birthday@odata.type\": \"Edm.DateTime\", \"PartitionKey@odata.type\":
      \"Edm.String\"}\r\n--changeset_aa1048e8-d4b1-40a2-890d-b8b0fc1b1dc7--\r\n\r\n--batch_42e282fd-77b5-4728-9752-7e1779b7cd87--\r\n"
    headers:
      Content-Length:
      - '2278'
      Content-Type:
      - multipart/mixed; boundary=batch_42e282fd-77b5-4728-9752-7e1779b7cd87
      DataServiceVersion:
      - '3.0'
      Date:
      - Sat, 07 Nov 2020 01:34:52 GMT
      MaxDataServiceVersion:
      - 3.0;NetFx
      User-Agent:
      - azsdk-python-data-tables/12.0.0b3 Python/3.5.3 (Windows-10-10.0.19041-SP0)
      x-ms-date:
      - Sat, 07 Nov 2020 01:34:52 GMT
      x-ms-version:
      - '2019-02-02'
    method: POST
    uri: https://tablestestcosmosname.table.cosmos.azure.com/$batch
  response:
    body:
      string: "{\"odata.error\":{\"code\":\"InvalidInput\",\"message\":{\"lang\":\"en-us\",\"value\":\"One
        of the input values is invalid.\\r\\nActivityId: 6e971ed8-2099-11eb-8fd6-58961df361d1,
        documentdb-dotnet-sdk/2.11.0 Host/64-bit MicrosoftWindowsNT/6.2.9200.0\\nRequestID:6e971ed8-2099-11eb-8fd6-58961df361d1\\n\"}}}\r\n"
    headers:
      content-type: application/json;odata=fullmetadata
      date: Sat, 07 Nov 2020 01:34:52 GMT
      server: Microsoft-HTTPAPI/2.0
      transfer-encoding: chunked
    status:
      code: 400
      message: Bad Request
    url: https://tablestestussw52mubjcwms.table.cosmos.azure.com/$batch
- request:
    body: null
    headers:
      Accept:
      - application/json
      Date:
      - Sat, 07 Nov 2020 01:34:52 GMT
      User-Agent:
      - azsdk-python-data-tables/12.0.0b3 Python/3.5.3 (Windows-10-10.0.19041-SP0)
      x-ms-date:
      - Sat, 07 Nov 2020 01:34:52 GMT
      x-ms-version:
      - '2019-02-02'
    method: DELETE
    uri: https://tablestestcosmosname.table.cosmos.azure.com/Tables('uttable6d7f1aa2')
  response:
    body:
      string: ''
    headers:
      content-length: '0'
      date: Sat, 07 Nov 2020 01:34:52 GMT
      server: Microsoft-HTTPAPI/2.0
    status:
      code: 204
      message: No Content
    url: https://tablestestussw52mubjcwms.table.cosmos.azure.com/Tables('uttable6d7f1aa2')
version: 1
