interactions:
- request:
    body: '{"TableName": "uttable43091017"}'
    headers:
      Accept:
      - application/json;odata=minimalmetadata
      Content-Length:
      - '32'
      Content-Type:
      - application/json;odata=nometadata
      DataServiceVersion:
      - '3.0'
      Date:
      - Thu, 23 Jul 2020 16:29:46 GMT
      User-Agent:
      - azsdk-python-storage-table/2019-07-07 Python/3.8.4 (Windows-10-10.0.19041-SP0)
      x-ms-date:
      - Thu, 23 Jul 2020 16:29:46 GMT
      x-ms-version:
      - '2019-07-07'
    method: POST
    uri: https://storagename.table.core.windows.net/Tables
  response:
    body:
      string: '{"odata.metadata":"https://storagename.table.core.windows.net/$metadata#Tables/@Element","TableName":"uttable43091017"}'
    headers:
      cache-control: no-cache
      content-type: application/json;odata=minimalmetadata;streaming=true;charset=utf-8
      date: Thu, 23 Jul 2020 16:29:46 GMT
      location: https://storagename.table.core.windows.net/Tables('uttable43091017')
      server: Windows-Azure-Table/1.0 Microsoft-HTTPAPI/2.0
      transfer-encoding: chunked
      x-content-type-options: nosniff
      x-ms-version: '2019-07-07'
    status:
      code: 201
      message: Created
    url: https://pyacrstoragevwbkpqx4mzj2.table.core.windows.net/Tables
- request:
    body: '{"PartitionKey": "pk43091017", "RowKey": "rk43091017", "age": "39", "age@odata.type":
      "Edm.Int64", "sex": "male", "married": true, "deceased": false, "ratio": 3.1,
      "evenratio": 3.0, "large": "933311100", "large@odata.type": "Edm.Int64", "Birthday":
      "1973-10-04T00:00:00Z", "Birthday@odata.type": "Edm.DateTime", "birthday": "1970-10-04T00:00:00Z",
      "birthday@odata.type": "Edm.DateTime", "binary": "YmluYXJ5", "binary@odata.type":
      "Edm.Binary", "other": 20, "clsid": "c9da6455-213d-42c9-9a79-3e9149a57833",
      "clsid@odata.type": "Edm.Guid"}'
    headers:
      Accept:
      - application/json;odata=minimalmetadata
      Content-Length:
      - '537'
      Content-Type:
      - application/json;odata=nometadata
      DataServiceVersion:
      - '3.0'
      Date:
      - Thu, 23 Jul 2020 16:29:46 GMT
      User-Agent:
      - azsdk-python-storage-table/2019-07-07 Python/3.8.4 (Windows-10-10.0.19041-SP0)
      x-ms-date:
      - Thu, 23 Jul 2020 16:29:46 GMT
      x-ms-version:
      - '2019-07-07'
    method: POST
    uri: https://storagename.table.core.windows.net/uttable43091017
  response:
    body:
      string: '{"odata.metadata":"https://storagename.table.core.windows.net/$metadata#uttable43091017/@Element","odata.etag":"W/\"datetime''2020-07-23T16%3A29%3A46.6374909Z''\"","PartitionKey":"pk43091017","RowKey":"rk43091017","Timestamp":"2020-07-23T16:29:46.6374909Z","age@odata.type":"Edm.Int64","age":"39","sex":"male","married":true,"deceased":false,"ratio":3.1,"evenratio":3.0,"large@odata.type":"Edm.Int64","large":"933311100","Birthday@odata.type":"Edm.DateTime","Birthday":"1973-10-04T00:00:00Z","birthday@odata.type":"Edm.DateTime","birthday":"1970-10-04T00:00:00Z","binary@odata.type":"Edm.Binary","binary":"YmluYXJ5","other":20,"clsid@odata.type":"Edm.Guid","clsid":"c9da6455-213d-42c9-9a79-3e9149a57833"}'
    headers:
      cache-control: no-cache
      content-type: application/json;odata=minimalmetadata;streaming=true;charset=utf-8
      date: Thu, 23 Jul 2020 16:29:46 GMT
      etag: W/"datetime'2020-07-23T16%3A29%3A46.6374909Z'"
      location: https://storagename.table.core.windows.net/uttable43091017(PartitionKey='pk43091017',RowKey='rk43091017')
      server: Windows-Azure-Table/1.0 Microsoft-HTTPAPI/2.0
      transfer-encoding: chunked
      x-content-type-options: nosniff
      x-ms-version: '2019-07-07'
    status:
      code: 201
      message: Created
    url: https://pyacrstoragevwbkpqx4mzj2.table.core.windows.net/uttable43091017
- request:
    body: '{"PartitionKey": "pk43091017", "RowKey": "rk43091017", "age": "abc", "sex":
      "female", "sign": "aquarius", "birthday": "1991-10-04T00:00:00Z", "birthday@odata.type":
      "Edm.DateTime"}'
    headers:
      Content-Length:
      - '180'
      Content-Type:
      - application/json
      DataServiceVersion:
      - '3.0'
      Date:
      - Thu, 23 Jul 2020 16:29:46 GMT
      If-Match:
      - '*'
      User-Agent:
      - azsdk-python-storage-table/2019-07-07 Python/3.8.4 (Windows-10-10.0.19041-SP0)
      x-ms-date:
      - Thu, 23 Jul 2020 16:29:46 GMT
      x-ms-version:
      - '2019-07-07'
    method: PUT
    uri: https://storagename.table.core.windows.net/uttable43091017(PartitionKey='pk43091017',RowKey='rk43091017')?se=2020-07-23T17:29:46Z&sp=u&sv=2019-07-07&tn=uttable43091017&sig=XFbNb1nE0rWgQgxzHJbTOzm%2BS7XRjCyMlY%2ByyXsj57s%3D
  response:
    body:
      string: '<?xml version="1.0" encoding="utf-8"?><m:error xmlns:m="http://schemas.microsoft.com/ado/2007/08/dataservices/metadata"><m:code>InvalidUri</m:code><m:message
        xml:lang="en-US">The requested URI does not represent any resource on the
        server.

        RequestId:43f6305f-1002-0039-370e-61d5a9000000

        Time:2020-07-23T16:29:46.9398681Z</m:message></m:error>'
    headers:
      content-length: '342'
      content-type: application/xml
      date: Thu, 23 Jul 2020 16:29:46 GMT
      server: Microsoft-HTTPAPI/2.0
      x-ms-error-code: InvalidUri
    status:
      code: 400
      message: The requested URI does not represent any resource on the server.
    url: https://pyacrstoragevwbkpqx4mzj2.table.core.windows.net//uttable43091017(PartitionKey='pk43091017',RowKey='rk43091017')?se=2020-07-23T17:29:46Z&sp=u&sv=2019-07-07&tn=uttable43091017&sig=XFbNb1nE0rWgQgxzHJbTOzm%2BS7XRjCyMlY%2ByyXsj57s%3D
- request:
    body: null
    headers:
      Date:
      - Thu, 23 Jul 2020 16:29:46 GMT
      User-Agent:
      - azsdk-python-storage-table/2019-07-07 Python/3.8.4 (Windows-10-10.0.19041-SP0)
      x-ms-date:
      - Thu, 23 Jul 2020 16:29:46 GMT
      x-ms-version:
      - '2019-07-07'
    method: DELETE
    uri: https://storagename.table.core.windows.net/Tables('uttable43091017')
  response:
    body:
      string: ''
    headers:
      cache-control: no-cache
      content-length: '0'
      date: Thu, 23 Jul 2020 16:29:46 GMT
      server: Windows-Azure-Table/1.0 Microsoft-HTTPAPI/2.0
      x-content-type-options: nosniff
      x-ms-version: '2019-07-07'
    status:
      code: 204
      message: No Content
    url: https://pyacrstoragevwbkpqx4mzj2.table.core.windows.net/Tables('uttable43091017')
version: 1
