{
  "Entries": [
    {
      "RequestUri": "https://fakeendpoint.table.cosmos.azure.com/Tables",
      "RequestMethod": "POST",
      "RequestHeaders": {
        "Accept": "application/json;odata=minimalmetadata",
        "Accept-Encoding": "gzip, deflate",
        "Connection": "keep-alive",
        "Content-Length": "32",
        "Content-Type": "application/json;odata=nometadata",
        "DataServiceVersion": "3.0",
        "Date": "Thu, 20 Oct 2022 01:48:04 GMT",
        "User-Agent": "azsdk-python-data-tables/12.4.2 Python/3.10.7 (Windows-10-10.0.22621-SP0)",
        "x-ms-date": "Thu, 20 Oct 2022 01:48:04 GMT",
        "x-ms-version": "2019-02-02"
      },
      "RequestBody": {
        "TableName": "uttable8e2c37a9"
      },
      "StatusCode": 201,
      "ResponseHeaders": {
        "Content-Type": "application/json; odata=minimalmetadata",
        "Date": "Thu, 20 Oct 2022 01:47:56 GMT",
        "ETag": "W/\u0022datetime\u00272022-10-20T01%3A47%3A56.5562887Z\u0027\u0022",
        "Location": "https://fakeendpoint.table.cosmos.azure.com/Tables(\u0027uttable8e2c37a9\u0027)",
        "Transfer-Encoding": "chunked"
      },
      "ResponseBody": {
        "TableName": "uttable8e2c37a9",
        "odata.metadata": "https://fakeendpoint.table.cosmos.azure.com/$metadata#Tables/@Element"
      }
    },
    {
      "RequestUri": "https://fakeendpoint.table.cosmos.azure.com/Tables",
      "RequestMethod": "GET",
      "RequestHeaders": {
        "Accept": "application/json;odata=minimalmetadata",
        "Accept-Encoding": "gzip, deflate",
        "Connection": "keep-alive",
        "DataServiceVersion": "3.0",
        "Date": "Thu, 20 Oct 2022 01:48:06 GMT",
        "User-Agent": "azsdk-python-data-tables/12.4.2 Python/3.10.7 (Windows-10-10.0.22621-SP0)",
        "x-ms-date": "Thu, 20 Oct 2022 01:48:06 GMT",
        "x-ms-version": "2019-02-02"
      },
      "RequestBody": null,
      "StatusCode": 200,
      "ResponseHeaders": {
        "Content-Type": "application/json; odata=minimalmetadata",
        "Date": "Thu, 20 Oct 2022 01:47:56 GMT",
        "Transfer-Encoding": "chunked"
      },
      "ResponseBody": {
        "value": [
          {
            "TableName": "uttable8e2c37a9"
          }
        ],
        "odata.metadata": "https://fakeendpoint.table.cosmos.azure.com/$metadata#Tables"
      }
    },
    {
      "RequestUri": "https://fakeendpoint.table.cosmos.azure.com/Tables(\u0027uttable8e2c37a9\u0027)",
      "RequestMethod": "DELETE",
      "RequestHeaders": {
        "Accept": "application/json",
        "Accept-Encoding": "gzip, deflate",
        "Connection": "keep-alive",
        "Content-Length": "0",
        "Date": "Thu, 20 Oct 2022 01:48:06 GMT",
        "User-Agent": "azsdk-python-data-tables/12.4.2 Python/3.10.7 (Windows-10-10.0.22621-SP0)",
        "x-ms-date": "Thu, 20 Oct 2022 01:48:06 GMT",
        "x-ms-version": "2019-02-02"
      },
      "RequestBody": null,
      "StatusCode": 204,
      "ResponseHeaders": {
        "Content-Type": "application/json",
        "Date": "Thu, 20 Oct 2022 01:47:56 GMT"
      },
      "ResponseBody": null
    }
  ],
  "Variables": {}
}
