interactions:
- request:
    body: '{"TableName": "uttablec12a1338"}'
    headers:
      Accept:
      - application/json;odata=minimalmetadata
      Accept-Encoding:
      - gzip, deflate
      Connection:
      - keep-alive
      Content-Length:
      - '32'
      Content-Type:
      - application/json;odata=nometadata
      DataServiceVersion:
      - '3.0'
      Date:
      - Wed, 12 May 2021 16:55:32 GMT
      User-Agent:
      - azsdk-python-data-tables/12.0.0b7 Python/3.9.0rc1 (Windows-10-10.0.19041-SP0)
      x-ms-date:
      - Wed, 12 May 2021 16:55:32 GMT
      x-ms-version:
      - '2019-02-02'
    method: POST
    uri: https://fake_table_account.table.core.windows.net/Tables
  response:
    body:
      string: '{"odata.metadata":"https://fake_table_account.table.core.windows.net/$metadata#Tables/@Element","TableName":"uttablec12a1338"}'
    headers:
      cache-control:
      - no-cache
      content-type:
      - application/json;odata=minimalmetadata;streaming=true;charset=utf-8
      date:
      - Wed, 12 May 2021 16:55:32 GMT
      location:
      - https://fake_table_account.table.core.windows.net/Tables('uttablec12a1338')
      server:
      - Windows-Azure-Table/1.0 Microsoft-HTTPAPI/2.0
      transfer-encoding:
      - chunked
      x-content-type-options:
      - nosniff
      x-ms-version:
      - '2019-02-02'
    status:
      code: 201
      message: Created
- request:
    body: '{"TableName": "querytablec12a1338"}'
    headers:
      Accept:
      - application/json;odata=minimalmetadata
      Accept-Encoding:
      - gzip, deflate
      Connection:
      - keep-alive
      Content-Length:
      - '35'
      Content-Type:
      - application/json;odata=nometadata
      DataServiceVersion:
      - '3.0'
      Date:
      - Wed, 12 May 2021 16:55:33 GMT
      User-Agent:
      - azsdk-python-data-tables/12.0.0b7 Python/3.9.0rc1 (Windows-10-10.0.19041-SP0)
      x-ms-date:
      - Wed, 12 May 2021 16:55:33 GMT
      x-ms-version:
      - '2019-02-02'
    method: POST
    uri: https://fake_table_account.table.core.windows.net/Tables
  response:
    body:
      string: '{"odata.metadata":"https://fake_table_account.table.core.windows.net/$metadata#Tables/@Element","TableName":"querytablec12a1338"}'
    headers:
      cache-control:
      - no-cache
      content-type:
      - application/json;odata=minimalmetadata;streaming=true;charset=utf-8
      date:
      - Wed, 12 May 2021 16:55:32 GMT
      location:
      - https://fake_table_account.table.core.windows.net/Tables('querytablec12a1338')
      server:
      - Windows-Azure-Table/1.0 Microsoft-HTTPAPI/2.0
      transfer-encoding:
      - chunked
      x-content-type-options:
      - nosniff
      x-ms-version:
      - '2019-02-02'
    status:
      code: 201
      message: Created
- request:
    body: '{"PartitionKey": "pkc12a1338", "PartitionKey@odata.type": "Edm.String",
      "RowKey": "rkc12a13381", "RowKey@odata.type": "Edm.String", "age": 39, "sex":
      "male", "sex@odata.type": "Edm.String", "married": true, "deceased": false,
      "ratio": 3.1, "evenratio": 3.0, "large": 933311100, "Birthday": "1973-10-04T00:00:00.000000Z",
      "Birthday@odata.type": "Edm.DateTime", "birthday": "1970-10-04T00:00:00.000000Z",
      "birthday@odata.type": "Edm.DateTime", "binary": "YmluYXJ5", "binary@odata.type":
      "Edm.Binary", "other": 20, "clsid": "c9da6455-213d-42c9-9a79-3e9149a57833",
      "clsid@odata.type": "Edm.Guid"}'
    headers:
      Accept:
      - application/json;odata=minimalmetadata
      Accept-Encoding:
      - gzip, deflate
      Connection:
      - keep-alive
      Content-Length:
      - '592'
      Content-Type:
      - application/json;odata=nometadata
      DataServiceVersion:
      - '3.0'
      Date:
      - Wed, 12 May 2021 16:55:33 GMT
      User-Agent:
      - azsdk-python-data-tables/12.0.0b7 Python/3.9.0rc1 (Windows-10-10.0.19041-SP0)
      x-ms-date:
      - Wed, 12 May 2021 16:55:33 GMT
      x-ms-version:
      - '2019-02-02'
    method: POST
    uri: https://fake_table_account.table.core.windows.net/querytablec12a1338
  response:
    body:
      string: '{"odata.metadata":"https://fake_table_account.table.core.windows.net/$metadata#querytablec12a1338/@Element","odata.etag":"W/\"datetime''2021-05-12T16%3A55%3A33.3011335Z''\"","PartitionKey":"pkc12a1338","RowKey":"rkc12a13381","Timestamp":"2021-05-12T16:55:33.3011335Z","age":39,"sex":"male","married":true,"deceased":false,"ratio":3.1,"evenratio":3.0,"large":933311100,"Birthday@odata.type":"Edm.DateTime","Birthday":"1973-10-04T00:00:00Z","birthday@odata.type":"Edm.DateTime","birthday":"1970-10-04T00:00:00Z","binary@odata.type":"Edm.Binary","binary":"YmluYXJ5","other":20,"clsid@odata.type":"Edm.Guid","clsid":"c9da6455-213d-42c9-9a79-3e9149a57833"}'
    headers:
      cache-control:
      - no-cache
      content-type:
      - application/json;odata=minimalmetadata;streaming=true;charset=utf-8
      date:
      - Wed, 12 May 2021 16:55:32 GMT
      etag:
      - W/"datetime'2021-05-12T16%3A55%3A33.3011335Z'"
      location:
      - https://fake_table_account.table.core.windows.net/querytablec12a1338(PartitionKey='pkc12a1338',RowKey='rkc12a13381')
      server:
      - Windows-Azure-Table/1.0 Microsoft-HTTPAPI/2.0
      transfer-encoding:
      - chunked
      x-content-type-options:
      - nosniff
      x-ms-version:
      - '2019-02-02'
    status:
      code: 201
      message: Created
- request:
    body: '{"PartitionKey": "pkc12a1338", "PartitionKey@odata.type": "Edm.String",
      "RowKey": "rkc12a133812", "RowKey@odata.type": "Edm.String", "age": 39, "sex":
      "male", "sex@odata.type": "Edm.String", "married": true, "deceased": false,
      "ratio": 3.1, "evenratio": 3.0, "large": 933311100, "Birthday": "1973-10-04T00:00:00.000000Z",
      "Birthday@odata.type": "Edm.DateTime", "birthday": "1970-10-04T00:00:00.000000Z",
      "birthday@odata.type": "Edm.DateTime", "binary": "YmluYXJ5", "binary@odata.type":
      "Edm.Binary", "other": 20, "clsid": "c9da6455-213d-42c9-9a79-3e9149a57833",
      "clsid@odata.type": "Edm.Guid"}'
    headers:
      Accept:
      - application/json;odata=minimalmetadata
      Accept-Encoding:
      - gzip, deflate
      Connection:
      - keep-alive
      Content-Length:
      - '593'
      Content-Type:
      - application/json;odata=nometadata
      DataServiceVersion:
      - '3.0'
      Date:
      - Wed, 12 May 2021 16:55:33 GMT
      User-Agent:
      - azsdk-python-data-tables/12.0.0b7 Python/3.9.0rc1 (Windows-10-10.0.19041-SP0)
      x-ms-date:
      - Wed, 12 May 2021 16:55:33 GMT
      x-ms-version:
      - '2019-02-02'
    method: POST
    uri: https://fake_table_account.table.core.windows.net/querytablec12a1338
  response:
    body:
      string: '{"odata.metadata":"https://fake_table_account.table.core.windows.net/$metadata#querytablec12a1338/@Element","odata.etag":"W/\"datetime''2021-05-12T16%3A55%3A33.5082822Z''\"","PartitionKey":"pkc12a1338","RowKey":"rkc12a133812","Timestamp":"2021-05-12T16:55:33.5082822Z","age":39,"sex":"male","married":true,"deceased":false,"ratio":3.1,"evenratio":3.0,"large":933311100,"Birthday@odata.type":"Edm.DateTime","Birthday":"1973-10-04T00:00:00Z","birthday@odata.type":"Edm.DateTime","birthday":"1970-10-04T00:00:00Z","binary@odata.type":"Edm.Binary","binary":"YmluYXJ5","other":20,"clsid@odata.type":"Edm.Guid","clsid":"c9da6455-213d-42c9-9a79-3e9149a57833"}'
    headers:
      cache-control:
      - no-cache
      content-type:
      - application/json;odata=minimalmetadata;streaming=true;charset=utf-8
      date:
      - Wed, 12 May 2021 16:55:33 GMT
      etag:
      - W/"datetime'2021-05-12T16%3A55%3A33.5082822Z'"
      location:
      - https://fake_table_account.table.core.windows.net/querytablec12a1338(PartitionKey='pkc12a1338',RowKey='rkc12a133812')
      server:
      - Windows-Azure-Table/1.0 Microsoft-HTTPAPI/2.0
      transfer-encoding:
      - chunked
      x-content-type-options:
      - nosniff
      x-ms-version:
      - '2019-02-02'
    status:
      code: 201
      message: Created
- request:
    body: '{"PartitionKey": "pkc12a1338", "PartitionKey@odata.type": "Edm.String",
      "RowKey": "rkc12a1338123", "RowKey@odata.type": "Edm.String", "age": 39, "sex":
      "male", "sex@odata.type": "Edm.String", "married": true, "deceased": false,
      "ratio": 3.1, "evenratio": 3.0, "large": 933311100, "Birthday": "1973-10-04T00:00:00.000000Z",
      "Birthday@odata.type": "Edm.DateTime", "birthday": "1970-10-04T00:00:00.000000Z",
      "birthday@odata.type": "Edm.DateTime", "binary": "YmluYXJ5", "binary@odata.type":
      "Edm.Binary", "other": 20, "clsid": "c9da6455-213d-42c9-9a79-3e9149a57833",
      "clsid@odata.type": "Edm.Guid"}'
    headers:
      Accept:
      - application/json;odata=minimalmetadata
      Accept-Encoding:
      - gzip, deflate
      Connection:
      - keep-alive
      Content-Length:
      - '594'
      Content-Type:
      - application/json;odata=nometadata
      DataServiceVersion:
      - '3.0'
      Date:
      - Wed, 12 May 2021 16:55:33 GMT
      User-Agent:
      - azsdk-python-data-tables/12.0.0b7 Python/3.9.0rc1 (Windows-10-10.0.19041-SP0)
      x-ms-date:
      - Wed, 12 May 2021 16:55:33 GMT
      x-ms-version:
      - '2019-02-02'
    method: POST
    uri: https://fake_table_account.table.core.windows.net/querytablec12a1338
  response:
    body:
      string: '{"odata.metadata":"https://fake_table_account.table.core.windows.net/$metadata#querytablec12a1338/@Element","odata.etag":"W/\"datetime''2021-05-12T16%3A55%3A33.6884071Z''\"","PartitionKey":"pkc12a1338","RowKey":"rkc12a1338123","Timestamp":"2021-05-12T16:55:33.6884071Z","age":39,"sex":"male","married":true,"deceased":false,"ratio":3.1,"evenratio":3.0,"large":933311100,"Birthday@odata.type":"Edm.DateTime","Birthday":"1973-10-04T00:00:00Z","birthday@odata.type":"Edm.DateTime","birthday":"1970-10-04T00:00:00Z","binary@odata.type":"Edm.Binary","binary":"YmluYXJ5","other":20,"clsid@odata.type":"Edm.Guid","clsid":"c9da6455-213d-42c9-9a79-3e9149a57833"}'
    headers:
      cache-control:
      - no-cache
      content-type:
      - application/json;odata=minimalmetadata;streaming=true;charset=utf-8
      date:
      - Wed, 12 May 2021 16:55:33 GMT
      etag:
      - W/"datetime'2021-05-12T16%3A55%3A33.6884071Z'"
      location:
      - https://fake_table_account.table.core.windows.net/querytablec12a1338(PartitionKey='pkc12a1338',RowKey='rkc12a1338123')
      server:
      - Windows-Azure-Table/1.0 Microsoft-HTTPAPI/2.0
      transfer-encoding:
      - chunked
      x-content-type-options:
      - nosniff
      x-ms-version:
      - '2019-02-02'
    status:
      code: 201
      message: Created
- request:
    body: null
    headers:
      Accept:
      - application/json;odata=minimalmetadata
      Accept-Encoding:
      - gzip, deflate
      Connection:
      - keep-alive
      DataServiceVersion:
      - '3.0'
      Date:
      - Wed, 12 May 2021 16:55:33 GMT
      User-Agent:
      - azsdk-python-data-tables/12.0.0b7 Python/3.9.0rc1 (Windows-10-10.0.19041-SP0)
      x-ms-date:
      - Wed, 12 May 2021 16:55:33 GMT
      x-ms-version:
      - '2019-02-02'
    method: GET
    uri: https://fake_table_account.table.core.windows.net/querytablec12a1338()?$top=2
  response:
    body:
      string: '{"odata.metadata":"https://fake_table_account.table.core.windows.net/$metadata#querytablec12a1338","value":[{"odata.etag":"W/\"datetime''2021-05-12T16%3A55%3A33.3011335Z''\"","PartitionKey":"pkc12a1338","RowKey":"rkc12a13381","Timestamp":"2021-05-12T16:55:33.3011335Z","age":39,"sex":"male","married":true,"deceased":false,"ratio":3.1,"evenratio":3.0,"large":933311100,"Birthday@odata.type":"Edm.DateTime","Birthday":"1973-10-04T00:00:00Z","birthday@odata.type":"Edm.DateTime","birthday":"1970-10-04T00:00:00Z","binary@odata.type":"Edm.Binary","binary":"YmluYXJ5","other":20,"clsid@odata.type":"Edm.Guid","clsid":"c9da6455-213d-42c9-9a79-3e9149a57833"},{"odata.etag":"W/\"datetime''2021-05-12T16%3A55%3A33.5082822Z''\"","PartitionKey":"pkc12a1338","RowKey":"rkc12a133812","Timestamp":"2021-05-12T16:55:33.5082822Z","age":39,"sex":"male","married":true,"deceased":false,"ratio":3.1,"evenratio":3.0,"large":933311100,"Birthday@odata.type":"Edm.DateTime","Birthday":"1973-10-04T00:00:00Z","birthday@odata.type":"Edm.DateTime","birthday":"1970-10-04T00:00:00Z","binary@odata.type":"Edm.Binary","binary":"YmluYXJ5","other":20,"clsid@odata.type":"Edm.Guid","clsid":"c9da6455-213d-42c9-9a79-3e9149a57833"}]}'
    headers:
      cache-control:
      - no-cache
      content-type:
      - application/json;odata=minimalmetadata;streaming=true;charset=utf-8
      date:
      - Wed, 12 May 2021 16:55:33 GMT
      server:
      - Windows-Azure-Table/1.0 Microsoft-HTTPAPI/2.0
      transfer-encoding:
      - chunked
      x-content-type-options:
      - nosniff
      x-ms-continuation-nextpartitionkey:
      - 1!16!cGtjMTJhMTMzOA--
      x-ms-continuation-nextrowkey:
      - 1!20!cmtjMTJhMTMzODEyMw--
      x-ms-version:
      - '2019-02-02'
    status:
      code: 200
      message: OK
- request:
    body: null
    headers:
      Accept:
      - application/json;odata=minimalmetadata
      Accept-Encoding:
      - gzip, deflate
      Connection:
      - keep-alive
      DataServiceVersion:
      - '3.0'
      Date:
      - Wed, 12 May 2021 16:55:34 GMT
      User-Agent:
      - azsdk-python-data-tables/12.0.0b7 Python/3.9.0rc1 (Windows-10-10.0.19041-SP0)
      x-ms-date:
      - Wed, 12 May 2021 16:55:34 GMT
      x-ms-version:
      - '2019-02-02'
    method: GET
    uri: https://fake_table_account.table.core.windows.net/Tables
  response:
    body:
      string: '{"odata.metadata":"https://fake_table_account.table.core.windows.net/$metadata#Tables","value":[{"TableName":"querytablec12a1338"},{"TableName":"uttablec12a1338"}]}'
    headers:
      cache-control:
      - no-cache
      content-type:
      - application/json;odata=minimalmetadata;streaming=true;charset=utf-8
      date:
      - Wed, 12 May 2021 16:55:33 GMT
      server:
      - Windows-Azure-Table/1.0 Microsoft-HTTPAPI/2.0
      transfer-encoding:
      - chunked
      x-content-type-options:
      - nosniff
      x-ms-version:
      - '2019-02-02'
    status:
      code: 200
      message: OK
- request:
    body: null
    headers:
      Accept:
      - application/json
      Accept-Encoding:
      - gzip, deflate
      Connection:
      - keep-alive
      Content-Length:
      - '0'
      Date:
      - Wed, 12 May 2021 16:55:34 GMT
      User-Agent:
      - azsdk-python-data-tables/12.0.0b7 Python/3.9.0rc1 (Windows-10-10.0.19041-SP0)
      x-ms-date:
      - Wed, 12 May 2021 16:55:34 GMT
      x-ms-version:
      - '2019-02-02'
    method: DELETE
    uri: https://fake_table_account.table.core.windows.net/Tables('querytablec12a1338')
  response:
    body:
      string: ''
    headers:
      cache-control:
      - no-cache
      content-length:
      - '0'
      date:
      - Wed, 12 May 2021 16:55:33 GMT
      server:
      - Windows-Azure-Table/1.0 Microsoft-HTTPAPI/2.0
      x-content-type-options:
      - nosniff
      x-ms-version:
      - '2019-02-02'
    status:
      code: 204
      message: No Content
- request:
    body: null
    headers:
      Accept:
      - application/json
      Accept-Encoding:
      - gzip, deflate
      Connection:
      - keep-alive
      Content-Length:
      - '0'
      Date:
      - Wed, 12 May 2021 16:55:34 GMT
      User-Agent:
      - azsdk-python-data-tables/12.0.0b7 Python/3.9.0rc1 (Windows-10-10.0.19041-SP0)
      x-ms-date:
      - Wed, 12 May 2021 16:55:34 GMT
      x-ms-version:
      - '2019-02-02'
    method: DELETE
    uri: https://fake_table_account.table.core.windows.net/Tables('uttablec12a1338')
  response:
    body:
      string: ''
    headers:
      cache-control:
      - no-cache
      content-length:
      - '0'
      date:
      - Wed, 12 May 2021 16:55:34 GMT
      server:
      - Windows-Azure-Table/1.0 Microsoft-HTTPAPI/2.0
      x-content-type-options:
      - nosniff
      x-ms-version:
      - '2019-02-02'
    status:
      code: 204
      message: No Content
version: 1
