interactions:
- request:
    body: '{"TableName": "uttable27241549"}'
    headers:
      Accept:
      - application/json;odata=minimalmetadata
      Accept-Encoding:
      - gzip, deflate
      Connection:
      - keep-alive
      Content-Length:
      - '32'
      Content-Type:
      - application/json;odata=nometadata
      DataServiceVersion:
      - '3.0'
      Date:
      - Wed, 23 Sep 2020 19:41:09 GMT
      User-Agent:
      - azsdk-python-data-tables/2019-07-07 Python/3.8.4 (Windows-10-10.0.19041-SP0)
      x-ms-date:
      - Wed, 23 Sep 2020 19:41:09 GMT
      x-ms-version:
      - '2019-07-07'
    method: POST
    uri: https://cosmostables.table.cosmos.azure.com/Tables
  response:
    body:
      string: '{"TableName":"uttable27241549","odata.metadata":"https://cosmostables.table.cosmos.azure.com/$metadata#Tables/@Element"}'
    headers:
      content-type:
      - application/json;odata=minimalmetadata
      date:
      - Wed, 23 Sep 2020 19:41:10 GMT
      etag:
      - W/"datetime'2020-09-23T19%3A41%3A10.4342023Z'"
      location:
      - https://cosmostables.table.cosmos.azure.com/Tables('uttable27241549')
      server:
      - Microsoft-HTTPAPI/2.0
      transfer-encoding:
      - chunked
    status:
      code: 201
      message: Ok
- request:
    body: '{"PartitionKey": "pk27241549", "RowKey": "rk27241549", "binary": "AQIDBAUGBwgJCg==",
      "binary@odata.type": "Edm.Binary"}'
    headers:
      Accept:
      - application/json;odata=minimalmetadata
      Accept-Encoding:
      - gzip, deflate
      Connection:
      - keep-alive
      Content-Length:
      - '119'
      Content-Type:
      - application/json;odata=nometadata
      DataServiceVersion:
      - '3.0'
      Date:
      - Wed, 23 Sep 2020 19:41:11 GMT
      User-Agent:
      - azsdk-python-data-tables/2019-07-07 Python/3.8.4 (Windows-10-10.0.19041-SP0)
      x-ms-date:
      - Wed, 23 Sep 2020 19:41:11 GMT
      x-ms-version:
      - '2019-07-07'
    method: POST
    uri: https://cosmostables.table.cosmos.azure.com/uttable27241549
  response:
    body:
      string: '{"odata.metadata":"https://cosmostables.table.cosmos.azure.com/uttable27241549/$metadata#uttable27241549/@Element","odata.etag":"W/\"datetime''2020-09-23T19%3A41%3A10.9558279Z''\"","PartitionKey":"pk27241549","RowKey":"rk27241549","binary@odata.type":"Edm.Binary","binary":"AQIDBAUGBwgJCg==","Timestamp":"2020-09-23T19:41:10.9558279Z"}'
    headers:
      content-type:
      - application/json;odata=minimalmetadata
      date:
      - Wed, 23 Sep 2020 19:41:10 GMT
      etag:
      - W/"datetime'2020-09-23T19%3A41%3A10.9558279Z'"
      location:
      - https://cosmostables.table.cosmos.azure.com/uttable27241549(PartitionKey='pk27241549',RowKey='rk27241549')
      server:
      - Microsoft-HTTPAPI/2.0
      transfer-encoding:
      - chunked
    status:
      code: 201
      message: Created
- request:
    body: null
    headers:
      Accept:
      - application/json;odata=minimalmetadata
      Accept-Encoding:
      - gzip, deflate
      Connection:
      - keep-alive
      DataServiceVersion:
      - '3.0'
      Date:
      - Wed, 23 Sep 2020 19:41:11 GMT
      User-Agent:
      - azsdk-python-data-tables/2019-07-07 Python/3.8.4 (Windows-10-10.0.19041-SP0)
      x-ms-date:
      - Wed, 23 Sep 2020 19:41:11 GMT
      x-ms-version:
      - '2019-07-07'
    method: GET
    uri: https://cosmostables.table.cosmos.azure.com/uttable27241549(PartitionKey='pk27241549',RowKey='rk27241549')
  response:
    body:
      string: '{"odata.metadata":"https://cosmostables.table.cosmos.azure.com/uttable27241549/$metadata#uttable27241549/@Element","odata.etag":"W/\"datetime''2020-09-23T19%3A41%3A10.9558279Z''\"","PartitionKey":"pk27241549","RowKey":"rk27241549","binary@odata.type":"Edm.Binary","binary":"AQIDBAUGBwgJCg==","Timestamp":"2020-09-23T19:41:10.9558279Z"}'
    headers:
      content-type:
      - application/json;odata=minimalmetadata
      date:
      - Wed, 23 Sep 2020 19:41:10 GMT
      etag:
      - W/"datetime'2020-09-23T19%3A41%3A10.9558279Z'"
      server:
      - Microsoft-HTTPAPI/2.0
      transfer-encoding:
      - chunked
    status:
      code: 200
      message: Ok
- request:
    body: null
    headers:
      Accept:
      - '*/*'
      Accept-Encoding:
      - gzip, deflate
      Connection:
      - keep-alive
      Content-Length:
      - '0'
      Date:
      - Wed, 23 Sep 2020 19:41:11 GMT
      User-Agent:
      - azsdk-python-data-tables/2019-07-07 Python/3.8.4 (Windows-10-10.0.19041-SP0)
      x-ms-date:
      - Wed, 23 Sep 2020 19:41:11 GMT
      x-ms-version:
      - '2019-07-07'
    method: DELETE
    uri: https://cosmostables.table.cosmos.azure.com/Tables('uttable27241549')
  response:
    body:
      string: ''
    headers:
      content-length:
      - '0'
      date:
      - Wed, 23 Sep 2020 19:41:10 GMT
      server:
      - Microsoft-HTTPAPI/2.0
    status:
      code: 204
      message: No Content
- request:
    body: null
    headers:
      Accept:
      - application/json;odata=minimalmetadata
      Accept-Encoding:
      - gzip, deflate
      Connection:
      - keep-alive
      DataServiceVersion:
      - '3.0'
      Date:
      - Wed, 23 Sep 2020 19:41:11 GMT
      User-Agent:
      - azsdk-python-data-tables/2019-07-07 Python/3.8.4 (Windows-10-10.0.19041-SP0)
      x-ms-date:
      - Wed, 23 Sep 2020 19:41:11 GMT
      x-ms-version:
      - '2019-07-07'
    method: GET
    uri: https://cosmostables.table.cosmos.azure.com/Tables
  response:
    body:
      string: '{"value":[],"odata.metadata":"https://cosmostables.table.cosmos.azure.com/$metadata#Tables"}'
    headers:
      content-type:
      - application/json;odata=minimalmetadata
      date:
      - Wed, 23 Sep 2020 19:41:10 GMT
      server:
      - Microsoft-HTTPAPI/2.0
      transfer-encoding:
      - chunked
    status:
      code: 200
      message: Ok
version: 1
