interactions:
- request:
    body: '{"TableName": "uttable647f21ce"}'
    headers:
      Accept:
      - application/json;odata=minimalmetadata
      Content-Length:
      - '32'
      Content-Type:
      - application/json;odata=nometadata
      DataServiceVersion:
      - '3.0'
      Date:
      - Wed, 07 Apr 2021 22:18:43 GMT
      User-Agent:
      - azsdk-python-data-tables/12.0.0b7 Python/3.9.0rc1 (Windows-10-10.0.19041-SP0)
      x-ms-date:
      - Wed, 07 Apr 2021 22:18:43 GMT
      x-ms-version:
      - '2019-02-02'
    method: POST
    uri: https://fake_cosmos_account.table.cosmos.azure.com/Tables
  response:
    body:
      string: '{"TableName":"uttable647f21ce","odata.metadata":"https://fake_cosmos_account.table.cosmos.azure.com/$metadata#Tables/@Element"}'
    headers:
      content-type: application/json;odata=minimalmetadata
      date: Wed, 07 Apr 2021 22:18:44 GMT
      etag: W/"datetime'2021-04-07T22%3A18%3A44.4548104Z'"
      location: https://fake_cosmos_account.table.cosmos.azure.com/Tables('uttable647f21ce')
      server: Microsoft-HTTPAPI/2.0
      transfer-encoding: chunked
    status:
      code: 201
      message: Ok
    url: https://seankaneprim.table.cosmos.azure.com/Tables
- request:
    body: '{"PartitionKey": "pk647f21ce", "PartitionKey@odata.type": "Edm.String",
      "RowKey": "rk647f21ce", "RowKey@odata.type": "Edm.String", "age": 39, "sex":
      "male", "sex@odata.type": "Edm.String", "married": true, "deceased": false,
      "ratio": 3.1, "evenratio": 3.0, "large": 933311100, "Birthday": "1973-10-04T00:00:00.000000Z",
      "Birthday@odata.type": "Edm.DateTime", "birthday": "1970-10-04T00:00:00.000000Z",
      "birthday@odata.type": "Edm.DateTime", "binary": "YmluYXJ5", "binary@odata.type":
      "Edm.Binary", "other": 20, "clsid": "c9da6455-213d-42c9-9a79-3e9149a57833",
      "clsid@odata.type": "Edm.Guid"}'
    headers:
      Accept:
      - application/json;odata=minimalmetadata
      Content-Length:
      - '591'
      Content-Type:
      - application/json;odata=nometadata
      DataServiceVersion:
      - '3.0'
      Date:
      - Wed, 07 Apr 2021 22:18:44 GMT
      User-Agent:
      - azsdk-python-data-tables/12.0.0b7 Python/3.9.0rc1 (Windows-10-10.0.19041-SP0)
      x-ms-date:
      - Wed, 07 Apr 2021 22:18:44 GMT
      x-ms-version:
      - '2019-02-02'
    method: POST
    uri: https://fake_cosmos_account.table.cosmos.azure.com/uttable647f21ce
  response:
    body:
      string: '{"odata.metadata":"https://fake_cosmos_account.table.cosmos.azure.com/uttable647f21ce/$metadata#uttable647f21ce/@Element","odata.etag":"W/\"datetime''2021-04-07T22%3A18%3A44.9430536Z''\"","PartitionKey":"pk647f21ce","RowKey":"rk647f21ce","age":39,"sex":"male","married":true,"deceased":false,"ratio":3.1,"evenratio":3.0,"large":933311100,"Birthday@odata.type":"Edm.DateTime","Birthday":"1973-10-04T00:00:00.0000000Z","birthday@odata.type":"Edm.DateTime","birthday":"1970-10-04T00:00:00.0000000Z","binary@odata.type":"Edm.Binary","binary":"YmluYXJ5","other":20,"clsid@odata.type":"Edm.Guid","clsid":"c9da6455-213d-42c9-9a79-3e9149a57833","Timestamp":"2021-04-07T22:18:44.9430536Z"}'
    headers:
      content-type: application/json;odata=minimalmetadata
      date: Wed, 07 Apr 2021 22:18:44 GMT
      etag: W/"datetime'2021-04-07T22%3A18%3A44.9430536Z'"
      location: https://fake_cosmos_account.table.cosmos.azure.com/uttable647f21ce(PartitionKey='pk647f21ce',RowKey='rk647f21ce')
      server: Microsoft-HTTPAPI/2.0
      transfer-encoding: chunked
    status:
      code: 201
      message: Created
    url: https://seankaneprim.table.cosmos.azure.com/uttable647f21ce
- request:
    body: '{"PartitionKey": "pk647f21ce", "PartitionKey@odata.type": "Edm.String",
      "RowKey": "rk647f21ce", "RowKey@odata.type": "Edm.String", "age": "abc", "age@odata.type":
      "Edm.String", "sex": "female", "sex@odata.type": "Edm.String", "sign": "aquarius",
      "sign@odata.type": "Edm.String", "birthday": "1991-10-04T00:00:00.000000Z",
      "birthday@odata.type": "Edm.DateTime"}'
    headers:
      Accept:
      - application/json
      Content-Length:
      - '360'
      Content-Type:
      - application/json
      DataServiceVersion:
      - '3.0'
      Date:
      - Wed, 07 Apr 2021 22:18:44 GMT
      User-Agent:
      - azsdk-python-data-tables/12.0.0b7 Python/3.9.0rc1 (Windows-10-10.0.19041-SP0)
      x-ms-date:
      - Wed, 07 Apr 2021 22:18:44 GMT
      x-ms-version:
      - '2019-02-02'
    method: PUT
    uri: https://fake_cosmos_account.table.cosmos.azure.com/uttable647f21ce(PartitionKey='pk647f21ce',RowKey='rk647f21ce')
  response:
    body:
      string: ''
    headers:
      content-length: '0'
      content-type: application/json
      date: Wed, 07 Apr 2021 22:18:44 GMT
      etag: W/"datetime'2021-04-07T22%3A18%3A45.0681864Z'"
      server: Microsoft-HTTPAPI/2.0
    status:
      code: 204
      message: No Content
    url: https://seankaneprim.table.cosmos.azure.com/uttable647f21ce(PartitionKey='pk647f21ce',RowKey='rk647f21ce')
- request:
    body: null
    headers:
      Accept:
      - application/json;odata=minimalmetadata
      DataServiceVersion:
      - '3.0'
      Date:
      - Wed, 07 Apr 2021 22:18:44 GMT
      User-Agent:
      - azsdk-python-data-tables/12.0.0b7 Python/3.9.0rc1 (Windows-10-10.0.19041-SP0)
      x-ms-date:
      - Wed, 07 Apr 2021 22:18:44 GMT
      x-ms-version:
      - '2019-02-02'
    method: GET
    uri: https://fake_cosmos_account.table.cosmos.azure.com/uttable647f21ce(PartitionKey='pk647f21ce',RowKey='rk647f21ce')
  response:
    body:
      string: '{"odata.metadata":"https://fake_cosmos_account.table.cosmos.azure.com/uttable647f21ce/$metadata#uttable647f21ce/@Element","odata.etag":"W/\"datetime''2021-04-07T22%3A18%3A45.0681864Z''\"","PartitionKey":"pk647f21ce","RowKey":"rk647f21ce","age":"abc","sex":"female","sign":"aquarius","birthday@odata.type":"Edm.DateTime","birthday":"1991-10-04T00:00:00.0000000Z","Timestamp":"2021-04-07T22:18:45.0681864Z"}'
    headers:
      content-type: application/json;odata=minimalmetadata
      date: Wed, 07 Apr 2021 22:18:44 GMT
      etag: W/"datetime'2021-04-07T22%3A18%3A45.0681864Z'"
      server: Microsoft-HTTPAPI/2.0
      transfer-encoding: chunked
    status:
      code: 200
      message: Ok
    url: https://seankaneprim.table.cosmos.azure.com/uttable647f21ce(PartitionKey='pk647f21ce',RowKey='rk647f21ce')
- request:
    body: null
    headers:
      Accept:
      - application/json
      Date:
      - Wed, 07 Apr 2021 22:18:44 GMT
      User-Agent:
      - azsdk-python-data-tables/12.0.0b7 Python/3.9.0rc1 (Windows-10-10.0.19041-SP0)
      x-ms-date:
      - Wed, 07 Apr 2021 22:18:44 GMT
      x-ms-version:
      - '2019-02-02'
    method: DELETE
    uri: https://fake_cosmos_account.table.cosmos.azure.com/Tables('uttable647f21ce')
  response:
    body:
      string: ''
    headers:
      content-length: '0'
      date: Wed, 07 Apr 2021 22:18:44 GMT
      server: Microsoft-HTTPAPI/2.0
    status:
      code: 204
      message: No Content
    url: https://seankaneprim.table.cosmos.azure.com/Tables('uttable647f21ce')
version: 1
