interactions:
- request:
    body: '{"TableName": "uttable42cf1a0e"}'
    headers:
      Accept:
      - application/json;odata=minimalmetadata
      Content-Length:
      - '32'
      Content-Type:
      - application/json;odata=nometadata
      DataServiceVersion:
      - '3.0'
      Date:
      - Fri, 04 Sep 2020 23:54:21 GMT
      User-Agent:
      - azsdk-python-data-tables/12.0.0b1 Python/3.8.4 (Windows-10-10.0.19041-SP0)
      x-ms-date:
      - Fri, 04 Sep 2020 23:54:21 GMT
      x-ms-version:
      - '2019-02-02'
    method: POST
    uri: https://storagename.table.core.windows.net/Tables
  response:
    body:
      string: '{"odata.metadata":"https://storagename.table.core.windows.net/$metadata#Tables/@Element","TableName":"uttable42cf1a0e"}'
    headers:
      cache-control: no-cache
      content-type: application/json;odata=minimalmetadata;streaming=true;charset=utf-8
      date: Fri, 04 Sep 2020 23:54:20 GMT
      location: https://storagename.table.core.windows.net/Tables('uttable42cf1a0e')
      server: Windows-Azure-Table/1.0 Microsoft-HTTPAPI/2.0
      transfer-encoding: chunked
      x-content-type-options: nosniff
      x-ms-version: '2019-02-02'
    status:
      code: 201
      message: Created
    url: https://pyacrstorageok324lpz7akw.table.core.windows.net/Tables
- request:
    body: '{"PartitionKey": "pk42cf1a0e", "PartitionKey@odata.type": "Edm.String",
      "RowKey": "rk42cf1a0e", "RowKey@odata.type": "Edm.String", "age": 39, "sex":
      "male", "sex@odata.type": "Edm.String", "married": true, "deceased": false,
      "ratio": 3.1, "evenratio": 3.0, "large": 933311100, "Birthday": "1973-10-04T00:00:00Z",
      "Birthday@odata.type": "Edm.DateTime", "birthday": "1970-10-04T00:00:00Z", "birthday@odata.type":
      "Edm.DateTime", "binary": "YmluYXJ5", "binary@odata.type": "Edm.Binary", "other":
      20, "clsid": "c9da6455-213d-42c9-9a79-3e9149a57833", "clsid@odata.type": "Edm.Guid"}'
    headers:
      Accept:
      - application/json;odata=minimalmetadata
      Content-Length:
      - '577'
      Content-Type:
      - application/json;odata=nometadata
      DataServiceVersion:
      - '3.0'
      Date:
      - Fri, 04 Sep 2020 23:54:21 GMT
      User-Agent:
      - azsdk-python-data-tables/12.0.0b1 Python/3.8.4 (Windows-10-10.0.19041-SP0)
      x-ms-date:
      - Fri, 04 Sep 2020 23:54:21 GMT
      x-ms-version:
      - '2019-02-02'
    method: POST
    uri: https://storagename.table.core.windows.net/uttable42cf1a0e
  response:
    body:
      string: '{"odata.metadata":"https://storagename.table.core.windows.net/$metadata#uttable42cf1a0e/@Element","odata.etag":"W/\"datetime''2020-09-04T23%3A54%3A21.3613442Z''\"","PartitionKey":"pk42cf1a0e","RowKey":"rk42cf1a0e","Timestamp":"2020-09-04T23:54:21.3613442Z","age":39,"sex":"male","married":true,"deceased":false,"ratio":3.1,"evenratio":3.0,"large":933311100,"Birthday@odata.type":"Edm.DateTime","Birthday":"1973-10-04T00:00:00Z","birthday@odata.type":"Edm.DateTime","birthday":"1970-10-04T00:00:00Z","binary@odata.type":"Edm.Binary","binary":"YmluYXJ5","other":20,"clsid@odata.type":"Edm.Guid","clsid":"c9da6455-213d-42c9-9a79-3e9149a57833"}'
    headers:
      cache-control: no-cache
      content-type: application/json;odata=minimalmetadata;streaming=true;charset=utf-8
      date: Fri, 04 Sep 2020 23:54:20 GMT
      etag: W/"datetime'2020-09-04T23%3A54%3A21.3613442Z'"
      location: https://storagename.table.core.windows.net/uttable42cf1a0e(PartitionKey='pk42cf1a0e',RowKey='rk42cf1a0e')
      server: Windows-Azure-Table/1.0 Microsoft-HTTPAPI/2.0
      transfer-encoding: chunked
      x-content-type-options: nosniff
      x-ms-version: '2019-02-02'
    status:
      code: 201
      message: Created
    url: https://pyacrstorageok324lpz7akw.table.core.windows.net/uttable42cf1a0e
- request:
    body: '{"PartitionKey": "pk42cf1a0e", "PartitionKey@odata.type": "Edm.String",
      "RowKey": "rk42cf1a0e", "RowKey@odata.type": "Edm.String", "age": "abc", "age@odata.type":
      "Edm.String", "sex": "female", "sex@odata.type": "Edm.String", "sign": "aquarius",
      "sign@odata.type": "Edm.String", "birthday": "1991-10-04T00:00:00Z", "birthday@odata.type":
      "Edm.DateTime"}'
    headers:
      Accept:
      - application/json
      Content-Length:
      - '353'
      Content-Type:
      - application/json
      DataServiceVersion:
      - '3.0'
      Date:
      - Fri, 04 Sep 2020 23:54:21 GMT
      If-Match:
      - W/"datetime'2012-06-15T22%3A51%3A44.9662825Z'"
      User-Agent:
      - azsdk-python-data-tables/12.0.0b1 Python/3.8.4 (Windows-10-10.0.19041-SP0)
      x-ms-date:
      - Fri, 04 Sep 2020 23:54:21 GMT
      x-ms-version:
      - '2019-02-02'
    method: PUT
    uri: https://storagename.table.core.windows.net/uttable42cf1a0e(PartitionKey='pk42cf1a0e',RowKey='rk42cf1a0e')
  response:
    body:
      string: '{"odata.error":{"code":"UpdateConditionNotSatisfied","message":{"lang":"en-US","value":"The
        update condition specified in the request was not satisfied.\nRequestId:4c727900-8002-0027-5916-83b922000000\nTime:2020-09-04T23:54:21.3973703Z"}}}'
    headers:
      cache-control: no-cache
      content-type: application/json;odata=minimalmetadata;streaming=true;charset=utf-8
      date: Fri, 04 Sep 2020 23:54:20 GMT
      server: Windows-Azure-Table/1.0 Microsoft-HTTPAPI/2.0
      transfer-encoding: chunked
      x-content-type-options: nosniff
      x-ms-version: '2019-02-02'
    status:
      code: 412
      message: Precondition Failed
    url: https://pyacrstorageok324lpz7akw.table.core.windows.net/uttable42cf1a0e(PartitionKey='pk42cf1a0e',RowKey='rk42cf1a0e')
- request:
    body: null
    headers:
      Accept:
      - application/json
      Date:
      - Fri, 04 Sep 2020 23:54:21 GMT
      User-Agent:
      - azsdk-python-data-tables/12.0.0b1 Python/3.8.4 (Windows-10-10.0.19041-SP0)
      x-ms-date:
      - Fri, 04 Sep 2020 23:54:21 GMT
      x-ms-version:
      - '2019-02-02'
    method: DELETE
    uri: https://storagename.table.core.windows.net/Tables('uttable42cf1a0e')
  response:
    body:
      string: ''
    headers:
      cache-control: no-cache
      content-length: '0'
      date: Fri, 04 Sep 2020 23:54:20 GMT
      server: Windows-Azure-Table/1.0 Microsoft-HTTPAPI/2.0
      x-content-type-options: nosniff
      x-ms-version: '2019-02-02'
    status:
      code: 204
      message: No Content
    url: https://pyacrstorageok324lpz7akw.table.core.windows.net/Tables('uttable42cf1a0e')
version: 1
