interactions:
- request:
    body: '{"TableName": "uttablea16b1233"}'
    headers:
      Accept:
      - application/json;odata=minimalmetadata
      Content-Length:
      - '32'
      Content-Type:
      - application/json;odata=nometadata
      DataServiceVersion:
      - '3.0'
      Date:
      - Thu, 17 Jun 2021 17:32:51 GMT
      User-Agent:
      - azsdk-python-data-tables/12.0.1 Python/3.9.0rc1 (Windows-10-10.0.19041-SP0)
      x-ms-date:
      - Thu, 17 Jun 2021 17:32:51 GMT
      x-ms-version:
      - '2019-02-02'
    method: POST
    uri: https://fake_table_account.table.core.windows.net/Tables
  response:
    body:
      string: '{"odata.metadata":"https://fake_table_account.table.core.windows.net/$metadata#Tables/@Element","TableName":"uttablea16b1233"}'
    headers:
      cache-control: no-cache
      content-type: application/json;odata=minimalmetadata;streaming=true;charset=utf-8
      date: Thu, 17 Jun 2021 17:32:52 GMT
      location: https://fake_table_account.table.core.windows.net/Tables('uttablea16b1233')
      server: Windows-Azure-Table/1.0 Microsoft-HTTPAPI/2.0
      transfer-encoding: chunked
      x-content-type-options: nosniff
      x-ms-version: '2019-02-02'
    status:
      code: 201
      message: Created
    url: https://seankaneprim.table.core.windows.net/Tables
- request:
    body: '{"PartitionKey": "pka16b1233", "PartitionKey@odata.type": "Edm.String",
      "RowKey": "rka16b1233", "RowKey@odata.type": "Edm.String", "age": 39, "sex":
      "male", "sex@odata.type": "Edm.String", "married": true, "deceased": false,
      "ratio": 3.1, "ratio@odata.type": "Edm.Double", "evenratio": 3.0, "evenratio@odata.type":
      "Edm.Double", "double": 5, "double@odata.type": "Edm.Double", "large": 933311100,
      "Birthday": "1973-10-04T00:00:00.000000Z", "Birthday@odata.type": "Edm.DateTime",
      "birthday": "1970-10-04T00:00:00.000000Z", "birthday@odata.type": "Edm.DateTime",
      "binary": "YmluYXJ5", "binary@odata.type": "Edm.Binary", "other": 20, "clsid":
      "c9da6455-213d-42c9-9a79-3e9149a57833", "clsid@odata.type": "Edm.Guid"}'
    headers:
      Accept:
      - application/json;odata=minimalmetadata
      Content-Length:
      - '711'
      Content-Type:
      - application/json;odata=nometadata
      DataServiceVersion:
      - '3.0'
      Date:
      - Thu, 17 Jun 2021 17:32:52 GMT
      User-Agent:
      - azsdk-python-data-tables/12.0.1 Python/3.9.0rc1 (Windows-10-10.0.19041-SP0)
      x-ms-date:
      - Thu, 17 Jun 2021 17:32:52 GMT
      x-ms-version:
      - '2019-02-02'
    method: POST
    uri: https://fake_table_account.table.core.windows.net/uttablea16b1233
  response:
    body:
      string: '{"odata.metadata":"https://fake_table_account.table.core.windows.net/$metadata#uttablea16b1233/@Element","odata.etag":"W/\"datetime''2021-06-17T17%3A32%3A53.1952518Z''\"","PartitionKey":"pka16b1233","RowKey":"rka16b1233","Timestamp":"2021-06-17T17:32:53.1952518Z","age":39,"sex":"male","married":true,"deceased":false,"ratio":3.1,"evenratio":3.0,"double":5.0,"large":933311100,"Birthday@odata.type":"Edm.DateTime","Birthday":"1973-10-04T00:00:00Z","birthday@odata.type":"Edm.DateTime","birthday":"1970-10-04T00:00:00Z","binary@odata.type":"Edm.Binary","binary":"YmluYXJ5","other":20,"clsid@odata.type":"Edm.Guid","clsid":"c9da6455-213d-42c9-9a79-3e9149a57833"}'
    headers:
      cache-control: no-cache
      content-type: application/json;odata=minimalmetadata;streaming=true;charset=utf-8
      date: Thu, 17 Jun 2021 17:32:52 GMT
      etag: W/"datetime'2021-06-17T17%3A32%3A53.1952518Z'"
      location: https://fake_table_account.table.core.windows.net/uttablea16b1233(PartitionKey='pka16b1233',RowKey='rka16b1233')
      server: Windows-Azure-Table/1.0 Microsoft-HTTPAPI/2.0
      transfer-encoding: chunked
      x-content-type-options: nosniff
      x-ms-version: '2019-02-02'
    status:
      code: 201
      message: Created
    url: https://seankaneprim.table.core.windows.net/uttablea16b1233
- request:
    body: null
    headers:
      Accept:
      - application/json;odata=minimalmetadata
      DataServiceVersion:
      - '3.0'
      Date:
      - Thu, 17 Jun 2021 17:32:52 GMT
      If-Match:
      - '*'
      User-Agent:
      - azsdk-python-data-tables/12.0.1 Python/3.9.0rc1 (Windows-10-10.0.19041-SP0)
      x-ms-date:
      - Thu, 17 Jun 2021 17:32:52 GMT
      x-ms-version:
      - '2019-02-02'
    method: DELETE
    uri: https://fake_table_account.table.core.windows.net/uttablea16b1233(PartitionKey='pka16b1233',RowKey='rka16b1233')
  response:
    body:
      string: ''
    headers:
      cache-control: no-cache
      content-length: '0'
      date: Thu, 17 Jun 2021 17:32:52 GMT
      server: Windows-Azure-Table/1.0 Microsoft-HTTPAPI/2.0
      x-content-type-options: nosniff
      x-ms-version: '2019-02-02'
    status:
      code: 204
      message: No Content
    url: https://seankaneprim.table.core.windows.net/uttablea16b1233(PartitionKey='pka16b1233',RowKey='rka16b1233')
- request:
    body: null
    headers:
      Accept:
      - application/json;odata=minimalmetadata
      DataServiceVersion:
      - '3.0'
      Date:
      - Thu, 17 Jun 2021 17:32:52 GMT
      User-Agent:
      - azsdk-python-data-tables/12.0.1 Python/3.9.0rc1 (Windows-10-10.0.19041-SP0)
      x-ms-date:
      - Thu, 17 Jun 2021 17:32:52 GMT
      x-ms-version:
      - '2019-02-02'
    method: GET
    uri: https://fake_table_account.table.core.windows.net/uttablea16b1233(PartitionKey='pka16b1233',RowKey='rka16b1233')
  response:
    body:
      string: '{"odata.error":{"code":"ResourceNotFound","message":{"lang":"en-US","value":"The
        specified resource does not exist.\nRequestId:4cf27d30-4002-0019-269e-6368ce000000\nTime:2021-06-17T17:32:53.4614395Z"}}}'
    headers:
      cache-control: no-cache
      content-type: application/json;odata=minimalmetadata;streaming=true;charset=utf-8
      date: Thu, 17 Jun 2021 17:32:52 GMT
      server: Windows-Azure-Table/1.0 Microsoft-HTTPAPI/2.0
      transfer-encoding: chunked
      x-content-type-options: nosniff
      x-ms-version: '2019-02-02'
    status:
      code: 404
      message: Not Found
    url: https://seankaneprim.table.core.windows.net/uttablea16b1233(PartitionKey='pka16b1233',RowKey='rka16b1233')
- request:
    body: null
    headers:
      Accept:
      - application/json;odata=minimalmetadata
      DataServiceVersion:
      - '3.0'
      Date:
      - Thu, 17 Jun 2021 17:32:52 GMT
      User-Agent:
      - azsdk-python-data-tables/12.0.1 Python/3.9.0rc1 (Windows-10-10.0.19041-SP0)
      x-ms-date:
      - Thu, 17 Jun 2021 17:32:52 GMT
      x-ms-version:
      - '2019-02-02'
    method: GET
    uri: https://fake_table_account.table.core.windows.net/Tables
  response:
    body:
      string: '{"odata.metadata":"https://fake_table_account.table.core.windows.net/$metadata#Tables","value":[{"TableName":"uttablea16b1233"}]}'
    headers:
      cache-control: no-cache
      content-type: application/json;odata=minimalmetadata;streaming=true;charset=utf-8
      date: Thu, 17 Jun 2021 17:32:52 GMT
      server: Windows-Azure-Table/1.0 Microsoft-HTTPAPI/2.0
      transfer-encoding: chunked
      x-content-type-options: nosniff
      x-ms-version: '2019-02-02'
    status:
      code: 200
      message: OK
    url: https://seankaneprim.table.core.windows.net/Tables
- request:
    body: null
    headers:
      Accept:
      - application/json
      Date:
      - Thu, 17 Jun 2021 17:32:52 GMT
      User-Agent:
      - azsdk-python-data-tables/12.0.1 Python/3.9.0rc1 (Windows-10-10.0.19041-SP0)
      x-ms-date:
      - Thu, 17 Jun 2021 17:32:52 GMT
      x-ms-version:
      - '2019-02-02'
    method: DELETE
    uri: https://fake_table_account.table.core.windows.net/Tables('uttablea16b1233')
  response:
    body:
      string: ''
    headers:
      cache-control: no-cache
      content-length: '0'
      date: Thu, 17 Jun 2021 17:32:52 GMT
      server: Windows-Azure-Table/1.0 Microsoft-HTTPAPI/2.0
      x-content-type-options: nosniff
      x-ms-version: '2019-02-02'
    status:
      code: 204
      message: No Content
    url: https://seankaneprim.table.core.windows.net/Tables('uttablea16b1233')
version: 1
