interactions:
- request:
    body: '{"TableName": "uttable26b6152f"}'
    headers:
      Accept:
      - application/json;odata=minimalmetadata
      Accept-Encoding:
      - gzip, deflate
      Connection:
      - keep-alive
      Content-Length:
      - '32'
      Content-Type:
      - application/json;odata=nometadata
      DataServiceVersion:
      - '3.0'
      Date:
      - Fri, 18 Dec 2020 16:30:35 GMT
      User-Agent:
      - azsdk-python-data-tables/12.0.0b4 Python/3.9.0rc1 (Windows-10-10.0.19041-SP0)
      x-ms-date:
      - Fri, 18 Dec 2020 16:30:35 GMT
      x-ms-version:
      - '2019-02-02'
    method: POST
    uri: https://fake_cosmos_account.table.cosmos.azure.com/Tables
  response:
    body:
      string: '{"TableName":"uttable26b6152f","odata.metadata":"https://fake_cosmos_account.table.cosmos.azure.com/$metadata#Tables/@Element"}'
    headers:
      content-type:
      - application/json;odata=minimalmetadata
      date:
      - Fri, 18 Dec 2020 16:30:37 GMT
      etag:
      - W/"datetime'2020-12-18T16%3A30%3A36.6242824Z'"
      location:
      - https://fake_cosmos_account.table.cosmos.azure.com/Tables('uttable26b6152f')
      server:
      - Microsoft-HTTPAPI/2.0
      transfer-encoding:
      - chunked
    status:
      code: 201
      message: Ok
- request:
    body: '{"PartitionKey": "pk26b6152f", "PartitionKey@odata.type": "Edm.String",
      "RowKey": "rk26b6152f", "RowKey@odata.type": "Edm.String", "\u554a\u9f44\u4e02\u72db\u72dc":
      "\ua015", "\u554a\u9f44\u4e02\u72db\u72dc@odata.type": "Edm.String"}'
    headers:
      Accept:
      - application/json;odata=minimalmetadata
      Accept-Encoding:
      - gzip, deflate
      Connection:
      - keep-alive
      Content-Length:
      - '233'
      Content-Type:
      - application/json;odata=nometadata
      DataServiceVersion:
      - '3.0'
      Date:
      - Fri, 18 Dec 2020 16:30:36 GMT
      User-Agent:
      - azsdk-python-data-tables/12.0.0b4 Python/3.9.0rc1 (Windows-10-10.0.19041-SP0)
      x-ms-date:
      - Fri, 18 Dec 2020 16:30:36 GMT
      x-ms-version:
      - '2019-02-02'
    method: POST
    uri: https://fake_cosmos_account.table.cosmos.azure.com/uttable26b6152f
  response:
    body:
      string: "{\"odata.metadata\":\"https://fake_cosmos_account.table.cosmos.azure.com/uttable26b6152f/$metadata#uttable26b6152f/@Element\"\
        ,\"odata.etag\":\"W/\\\"datetime'2020-12-18T16%3A30%3A37.2974600Z'\\\"\",\"\
        PartitionKey\":\"pk26b6152f\",\"RowKey\":\"rk26b6152f\",\"\u554A\u9F44\u4E02\
        \u72DB\u72DC\":\"\uA015\",\"Timestamp\":\"2020-12-18T16:30:37.2974600Z\"}"
    headers:
      content-type:
      - application/json;odata=minimalmetadata
      date:
      - Fri, 18 Dec 2020 16:30:37 GMT
      etag:
      - W/"datetime'2020-12-18T16%3A30%3A37.2974600Z'"
      location:
      - https://fake_cosmos_account.table.cosmos.azure.com/uttable26b6152f(PartitionKey='pk26b6152f',RowKey='rk26b6152f')
      server:
      - Microsoft-HTTPAPI/2.0
      transfer-encoding:
      - chunked
    status:
      code: 201
      message: Created
- request:
    body: '{"PartitionKey": "pk26b6152f", "PartitionKey@odata.type": "Edm.String",
      "RowKey": "test2", "RowKey@odata.type": "Edm.String", "\u554a\u9f44\u4e02\u72db\u72dc":
      "hello", "\u554a\u9f44\u4e02\u72db\u72dc@odata.type": "Edm.String"}'
    headers:
      Accept:
      - application/json;odata=minimalmetadata
      Accept-Encoding:
      - gzip, deflate
      Connection:
      - keep-alive
      Content-Length:
      - '227'
      Content-Type:
      - application/json;odata=nometadata
      DataServiceVersion:
      - '3.0'
      Date:
      - Fri, 18 Dec 2020 16:30:37 GMT
      User-Agent:
      - azsdk-python-data-tables/12.0.0b4 Python/3.9.0rc1 (Windows-10-10.0.19041-SP0)
      x-ms-date:
      - Fri, 18 Dec 2020 16:30:37 GMT
      x-ms-version:
      - '2019-02-02'
    method: POST
    uri: https://fake_cosmos_account.table.cosmos.azure.com/uttable26b6152f
  response:
    body:
      string: "{\"odata.metadata\":\"https://fake_cosmos_account.table.cosmos.azure.com/uttable26b6152f/$metadata#uttable26b6152f/@Element\"\
        ,\"odata.etag\":\"W/\\\"datetime'2020-12-18T16%3A30%3A37.4181896Z'\\\"\",\"\
        PartitionKey\":\"pk26b6152f\",\"RowKey\":\"test2\",\"\u554A\u9F44\u4E02\u72DB\
        \u72DC\":\"hello\",\"Timestamp\":\"2020-12-18T16:30:37.4181896Z\"}"
    headers:
      content-type:
      - application/json;odata=minimalmetadata
      date:
      - Fri, 18 Dec 2020 16:30:37 GMT
      etag:
      - W/"datetime'2020-12-18T16%3A30%3A37.4181896Z'"
      location:
      - https://fake_cosmos_account.table.cosmos.azure.com/uttable26b6152f(PartitionKey='pk26b6152f',RowKey='test2')
      server:
      - Microsoft-HTTPAPI/2.0
      transfer-encoding:
      - chunked
    status:
      code: 201
      message: Created
- request:
    body: null
    headers:
      Accept:
      - application/json;odata=minimalmetadata
      Accept-Encoding:
      - gzip, deflate
      Connection:
      - keep-alive
      DataServiceVersion:
      - '3.0'
      Date:
      - Fri, 18 Dec 2020 16:30:37 GMT
      User-Agent:
      - azsdk-python-data-tables/12.0.0b4 Python/3.9.0rc1 (Windows-10-10.0.19041-SP0)
      x-ms-date:
      - Fri, 18 Dec 2020 16:30:37 GMT
      x-ms-version:
      - '2019-02-02'
    method: GET
    uri: https://fake_cosmos_account.table.cosmos.azure.com/uttable26b6152f()?$filter=PartitionKey%20eq%20%27pk26b6152f%27
  response:
    body:
      string: "{\"value\":[{\"odata.etag\":\"W/\\\"datetime'2020-12-18T16%3A30%3A37.2974600Z'\\\
        \"\",\"PartitionKey\":\"pk26b6152f\",\"RowKey\":\"rk26b6152f\",\"\u554A\u9F44\
        \u4E02\u72DB\u72DC\":\"\uA015\",\"Timestamp\":\"2020-12-18T16:30:37.2974600Z\"\
        },{\"odata.etag\":\"W/\\\"datetime'2020-12-18T16%3A30%3A37.4181896Z'\\\"\"\
        ,\"PartitionKey\":\"pk26b6152f\",\"RowKey\":\"test2\",\"\u554A\u9F44\u4E02\
        \u72DB\u72DC\":\"hello\",\"Timestamp\":\"2020-12-18T16:30:37.4181896Z\"}],\"\
        odata.metadata\":\"https://fake_cosmos_account.table.cosmos.azure.com/$metadata#uttable26b6152f\"\
        }"
    headers:
      content-type:
      - application/json;odata=minimalmetadata
      date:
      - Fri, 18 Dec 2020 16:30:37 GMT
      server:
      - Microsoft-HTTPAPI/2.0
      transfer-encoding:
      - chunked
    status:
      code: 200
      message: Ok
- request:
    body: null
    headers:
      Accept:
      - application/json
      Accept-Encoding:
      - gzip, deflate
      Connection:
      - keep-alive
      Content-Length:
      - '0'
      Date:
      - Fri, 18 Dec 2020 16:30:37 GMT
      User-Agent:
      - azsdk-python-data-tables/12.0.0b4 Python/3.9.0rc1 (Windows-10-10.0.19041-SP0)
      x-ms-date:
      - Fri, 18 Dec 2020 16:30:37 GMT
      x-ms-version:
      - '2019-02-02'
    method: DELETE
    uri: https://fake_cosmos_account.table.cosmos.azure.com/Tables('uttable26b6152f')
  response:
    body:
      string: ''
    headers:
      content-length:
      - '0'
      date:
      - Fri, 18 Dec 2020 16:30:37 GMT
      server:
      - Microsoft-HTTPAPI/2.0
    status:
      code: 204
      message: No Content
- request:
    body: null
    headers:
      Accept:
      - application/json;odata=minimalmetadata
      Accept-Encoding:
      - gzip, deflate
      Connection:
      - keep-alive
      DataServiceVersion:
      - '3.0'
      Date:
      - Fri, 18 Dec 2020 16:30:37 GMT
      User-Agent:
      - azsdk-python-data-tables/12.0.0b4 Python/3.9.0rc1 (Windows-10-10.0.19041-SP0)
      x-ms-date:
      - Fri, 18 Dec 2020 16:30:37 GMT
      x-ms-version:
      - '2019-02-02'
    method: GET
    uri: https://fake_cosmos_account.table.cosmos.azure.com/Tables
  response:
    body:
      string: '{"value":[],"odata.metadata":"https://fake_cosmos_account.table.cosmos.azure.com/$metadata#Tables"}'
    headers:
      content-type:
      - application/json;odata=minimalmetadata
      date:
      - Fri, 18 Dec 2020 16:30:37 GMT
      server:
      - Microsoft-HTTPAPI/2.0
      transfer-encoding:
      - chunked
    status:
      code: 200
      message: Ok
version: 1
