interactions:
- request:
    body: '{"TableName": "uttablec62117f9"}'
    headers:
      Accept:
      - application/json;odata=minimalmetadata
      Content-Length:
      - '32'
      Content-Type:
      - application/json;odata=nometadata
      DataServiceVersion:
      - '3.0'
      Date:
      - Fri, 18 Sep 2020 20:37:04 GMT
      User-Agent:
      - azsdk-python-data-tables/2019-07-07 Python/3.8.4 (Windows-10-10.0.19041-SP0)
      x-ms-date:
      - Fri, 18 Sep 2020 20:37:04 GMT
      x-ms-version:
      - '2019-07-07'
    method: POST
    uri: https://cosmostestcosmosname.table.cosmos.azure.com/Tables
  response:
    body:
      string: '{"TableName":"uttablec62117f9","odata.metadata":"https://cosmostestcosmosname.table.cosmos.azure.com/$metadata#Tables/@Element"}'
    headers:
      content-type: application/json;odata=minimalmetadata
      date: Fri, 18 Sep 2020 20:37:05 GMT
      etag: W/"datetime'2020-09-18T20%3A37%3A05.0356743Z'"
      location: https://cosmostestcosmosname.table.cosmos.azure.com/Tables('uttablec62117f9')
      server: Microsoft-HTTPAPI/2.0
      transfer-encoding: chunked
    status:
      code: 201
      message: Ok
    url: https://cosmostables7jyy4tyvaxat.table.cosmos.azure.com/Tables
- request:
    body: '{"PartitionKey": "pkc62117f9", "RowKey": "rkc62117f9", "age": "39", "age@odata.type":
      "Edm.Int64", "sex": "male", "married": true, "deceased": false, "ratio": 3.1,
      "evenratio": 3.0, "large": "933311100", "large@odata.type": "Edm.Int64", "Birthday":
      "1973-10-04T00:00:00Z", "Birthday@odata.type": "Edm.DateTime", "birthday": "1970-10-04T00:00:00Z",
      "birthday@odata.type": "Edm.DateTime", "binary": "YmluYXJ5", "binary@odata.type":
      "Edm.Binary", "other": 20, "clsid": "c9da6455-213d-42c9-9a79-3e9149a57833",
      "clsid@odata.type": "Edm.Guid"}'
    headers:
      Accept:
      - application/json;odata=minimalmetadata
      Content-Length:
      - '537'
      Content-Type:
      - application/json;odata=nometadata
      DataServiceVersion:
      - '3.0'
      Date:
      - Fri, 18 Sep 2020 20:37:05 GMT
      User-Agent:
      - azsdk-python-data-tables/2019-07-07 Python/3.8.4 (Windows-10-10.0.19041-SP0)
      x-ms-date:
      - Fri, 18 Sep 2020 20:37:05 GMT
      x-ms-version:
      - '2019-07-07'
    method: POST
    uri: https://cosmostestcosmosname.table.cosmos.azure.com/uttablec62117f9
  response:
    body:
      string: '{"odata.metadata":"https://cosmostestcosmosname.table.cosmos.azure.com/uttablec62117f9/$metadata#uttablec62117f9/@Element","odata.etag":"W/\"datetime''2020-09-18T20%3A37%3A05.5053831Z''\"","PartitionKey":"pkc62117f9","RowKey":"rkc62117f9","age@odata.type":"Edm.Int64","age":"39","sex":"male","married":true,"deceased":false,"ratio":3.1,"evenratio":3.0,"large@odata.type":"Edm.Int64","large":"933311100","Birthday@odata.type":"Edm.DateTime","Birthday":"1973-10-04T00:00:00.0000000Z","birthday@odata.type":"Edm.DateTime","birthday":"1970-10-04T00:00:00.0000000Z","binary@odata.type":"Edm.Binary","binary":"YmluYXJ5","other":20,"clsid@odata.type":"Edm.Guid","clsid":"c9da6455-213d-42c9-9a79-3e9149a57833","Timestamp":"2020-09-18T20:37:05.5053831Z"}'
    headers:
      content-type: application/json;odata=minimalmetadata
      date: Fri, 18 Sep 2020 20:37:05 GMT
      etag: W/"datetime'2020-09-18T20%3A37%3A05.5053831Z'"
      location: https://cosmostestcosmosname.table.cosmos.azure.com/uttablec62117f9(PartitionKey='pkc62117f9',RowKey='rkc62117f9')
      server: Microsoft-HTTPAPI/2.0
      transfer-encoding: chunked
    status:
      code: 201
      message: Created
    url: https://cosmostables7jyy4tyvaxat.table.cosmos.azure.com/uttablec62117f9
- request:
    body: null
    headers:
      DataServiceVersion:
      - '3.0'
      Date:
      - Fri, 18 Sep 2020 20:37:05 GMT
      User-Agent:
      - azsdk-python-data-tables/2019-07-07 Python/3.8.4 (Windows-10-10.0.19041-SP0)
      accept:
      - application/json;odata=nometadata
      x-ms-date:
      - Fri, 18 Sep 2020 20:37:05 GMT
      x-ms-version:
      - '2019-07-07'
    method: GET
    uri: https://cosmostestcosmosname.table.cosmos.azure.com/uttablec62117f9(PartitionKey='pkc62117f9',RowKey='rkc62117f9')
  response:
    body:
      string: '{"PartitionKey":"pkc62117f9","RowKey":"rkc62117f9","age":"39","sex":"male","married":true,"deceased":false,"ratio":3.1,"evenratio":3.0,"large":"933311100","Birthday":"1973-10-04T00:00:00.0000000Z","birthday":"1970-10-04T00:00:00.0000000Z","binary":"YmluYXJ5","other":20,"clsid":"c9da6455-213d-42c9-9a79-3e9149a57833","Timestamp":"2020-09-18T20:37:05.5053831Z"}'
    headers:
      content-type: application/json;odata=nometadata
      date: Fri, 18 Sep 2020 20:37:05 GMT
      etag: W/"datetime'2020-09-18T20%3A37%3A05.5053831Z'"
      server: Microsoft-HTTPAPI/2.0
      transfer-encoding: chunked
    status:
      code: 200
      message: Ok
    url: https://cosmostables7jyy4tyvaxat.table.cosmos.azure.com/uttablec62117f9(PartitionKey='pkc62117f9',RowKey='rkc62117f9')
- request:
    body: null
    headers:
      Date:
      - Fri, 18 Sep 2020 20:37:05 GMT
      User-Agent:
      - azsdk-python-data-tables/2019-07-07 Python/3.8.4 (Windows-10-10.0.19041-SP0)
      x-ms-date:
      - Fri, 18 Sep 2020 20:37:05 GMT
      x-ms-version:
      - '2019-07-07'
    method: DELETE
    uri: https://cosmostestcosmosname.table.cosmos.azure.com/Tables('uttablec62117f9')
  response:
    body:
      string: ''
    headers:
      content-length: '0'
      date: Fri, 18 Sep 2020 20:37:05 GMT
      server: Microsoft-HTTPAPI/2.0
    status:
      code: 204
      message: No Content
    url: https://cosmostables7jyy4tyvaxat.table.cosmos.azure.com/Tables('uttablec62117f9')
version: 1
