{
  "Entries": [
    {
      "RequestUri": "https://yalltbtestsprim.table.cosmos.azure.com/Tables",
      "RequestMethod": "POST",
      "RequestHeaders": {
        "Accept": "application/json;odata=minimalmetadata",
        "Accept-Encoding": "gzip, deflate",
        "Authorization": "Sanitized",
        "Content-Length": "32",
        "Content-Type": "application/json;odata=nometadata",
        "DataServiceVersion": "3.0",
        "Date": "Mon, 20 Sep 2021 22:19:02 GMT",
        "User-Agent": "azsdk-python-data-tables/12.1.1 Python/3.9.2 (Windows-10-10.0.19041-SP0)",
        "x-ms-client-request-id": "c25b0fb1-1a60-11ec-9944-5cf37093a909",
        "x-ms-date": "Mon, 20 Sep 2021 22:19:02 GMT",
        "x-ms-version": "2019-02-02"
      },
      "RequestBody": "{\u0022TableName\u0022: \u0022uttable70a9339a\u0022}",
      "StatusCode": 201,
      "ResponseHeaders": {
        "Content-Type": "application/json; odata=minimalmetadata",
        "Date": "Mon, 20 Sep 2021 22:19:01 GMT",
        "ETag": "W/\u0022datetime\u00272021-09-20T22%3A19%3A02.3077384Z\u0027\u0022",
        "Location": "https://yalltbtestsprim.table.cosmos.azure.com/Tables(\u0027uttable70a9339a\u0027)",
        "Transfer-Encoding": "chunked",
        "x-ms-request-id": "ab3069b9-cbd7-4edf-81dc-52e6e1d031c8"
      },
      "ResponseBody": {
        "TableName": "uttable70a9339a",
        "odata.metadata": "https://yalltbtestsprim.table.cosmos.azure.com/$metadata#Tables/@Element"
      }
    },
    {
      "RequestUri": "https://yalltbtestsprim.table.cosmos.azure.com/uttable70a9339a",
      "RequestMethod": "POST",
      "RequestHeaders": {
        "Accept": "application/json;odata=minimalmetadata",
        "Accept-Encoding": "gzip, deflate",
        "Authorization": "Sanitized",
        "Content-Length": "143",
        "Content-Type": "application/json;odata=nometadata",
        "DataServiceVersion": "3.0",
        "Date": "Mon, 20 Sep 2021 22:19:02 GMT",
        "User-Agent": "azsdk-python-data-tables/12.1.1 Python/3.9.2 (Windows-10-10.0.19041-SP0)",
        "x-ms-client-request-id": "c2ab4b9d-1a60-11ec-a00a-5cf37093a909",
        "x-ms-date": "Mon, 20 Sep 2021 22:19:02 GMT",
        "x-ms-version": "2019-02-02"
      },
      "RequestBody": "{\u0022PartitionKey\u0022: \u0022PK\u0022, \u0022PartitionKey@odata.type\u0022: \u0022Edm.String\u0022, \u0022RowKey\u0022: \u0022table@storage.com\u0022, \u0022RowKey@odata.type\u0022: \u0022Edm.String\u0022, \u0022Value\u0022: 100}",
      "StatusCode": 201,
      "ResponseHeaders": {
        "Content-Type": "application/json; odata=minimalmetadata",
        "Date": "Mon, 20 Sep 2021 22:19:01 GMT",
        "ETag": "W/\u0022datetime\u00272021-09-20T22%3A19%3A02.6890760Z\u0027\u0022",
        "Location": "https://yalltbtestsprim.table.cosmos.azure.com/uttable70a9339a(PartitionKey=\u0027PK\u0027,RowKey=\u0027table@storage.com\u0027)",
        "Transfer-Encoding": "chunked",
        "x-ms-request-id": "fb831c20-8686-4ef3-b6b5-435606b76cb1"
      },
      "ResponseBody": {
        "odata.metadata": "https://yalltbtestsprim.table.cosmos.azure.com/uttable70a9339a/$metadata#uttable70a9339a/@Element",
        "odata.etag": "W/\u0022datetime\u00272021-09-20T22%3A19%3A02.6890760Z\u0027\u0022",
        "PartitionKey": "PK",
        "RowKey": "table@storage.com",
        "Value": 100,
        "Timestamp": "2021-09-20T22:19:02.6890760Z"
      }
    },
    {
      "RequestUri": "https://yalltbtestsprim.table.cosmos.azure.com/uttable70a9339a()?$filter=RowKey eq \u0027table@storage.com\u0027",
      "RequestMethod": "GET",
      "RequestHeaders": {
        "Accept": "application/json;odata=minimalmetadata",
        "Accept-Encoding": "gzip, deflate",
        "Authorization": "Sanitized",
        "DataServiceVersion": "3.0",
        "Date": "Mon, 20 Sep 2021 22:19:02 GMT",
        "User-Agent": "azsdk-python-data-tables/12.1.1 Python/3.9.2 (Windows-10-10.0.19041-SP0)",
        "x-ms-client-request-id": "c2b8f9d9-1a60-11ec-bcef-5cf37093a909",
        "x-ms-date": "Mon, 20 Sep 2021 22:19:02 GMT",
        "x-ms-version": "2019-02-02"
      },
      "RequestBody": null,
      "StatusCode": 200,
      "ResponseHeaders": {
        "Content-Type": "application/json; odata=minimalmetadata",
        "Date": "Mon, 20 Sep 2021 22:19:01 GMT",
        "Transfer-Encoding": "chunked",
        "x-ms-request-id": "24f7516d-f7ea-4350-8eee-50d67c418084"
      },
      "ResponseBody": {
        "value": [
          {
            "odata.etag": "W/\u0022datetime\u00272021-09-20T22%3A19%3A02.6890760Z\u0027\u0022",
            "PartitionKey": "PK",
            "RowKey": "table@storage.com",
            "Value": 100,
            "Timestamp": "2021-09-20T22:19:02.6890760Z"
          }
        ],
        "odata.metadata": "https://yalltbtestsprim.table.cosmos.azure.com/$metadata#uttable70a9339a"
      }
    },
    {
      "RequestUri": "https://yalltbtestsprim.table.cosmos.azure.com/uttable70a9339a(PartitionKey=\u0027PK\u0027,RowKey=\u0027table@storage.com\u0027)",
      "RequestMethod": "DELETE",
      "RequestHeaders": {
        "Accept": "application/json;odata=minimalmetadata",
        "Accept-Encoding": "gzip, deflate",
        "Authorization": "Sanitized",
        "Content-Length": "0",
        "DataServiceVersion": "3.0",
        "Date": "Mon, 20 Sep 2021 22:19:02 GMT",
        "If-Match": "*",
        "User-Agent": "azsdk-python-data-tables/12.1.1 Python/3.9.2 (Windows-10-10.0.19041-SP0)",
        "x-ms-client-request-id": "c2bf1ee6-1a60-11ec-948c-5cf37093a909",
        "x-ms-date": "Mon, 20 Sep 2021 22:19:02 GMT",
        "x-ms-version": "2019-02-02"
      },
      "RequestBody": null,
      "StatusCode": 204,
      "ResponseHeaders": {
        "Date": "Mon, 20 Sep 2021 22:19:01 GMT",
        "x-ms-request-id": "348a23c4-1db9-4e2a-ae85-c9f7af4b0943"
      },
      "ResponseBody": null
    },
    {
      "RequestUri": "https://yalltbtestsprim.table.cosmos.azure.com/uttable70a9339a()?$filter=RowKey eq \u0027table@storage.com\u0027",
      "RequestMethod": "GET",
      "RequestHeaders": {
        "Accept": "application/json;odata=minimalmetadata",
        "Accept-Encoding": "gzip, deflate",
        "Authorization": "Sanitized",
        "DataServiceVersion": "3.0",
        "Date": "Mon, 20 Sep 2021 22:19:02 GMT",
        "User-Agent": "azsdk-python-data-tables/12.1.1 Python/3.9.2 (Windows-10-10.0.19041-SP0)",
        "x-ms-client-request-id": "c2c2400c-1a60-11ec-b598-5cf37093a909",
        "x-ms-date": "Mon, 20 Sep 2021 22:19:02 GMT",
        "x-ms-version": "2019-02-02"
      },
      "RequestBody": null,
      "StatusCode": 200,
      "ResponseHeaders": {
        "Content-Type": "application/json; odata=minimalmetadata",
        "Date": "Mon, 20 Sep 2021 22:19:01 GMT",
        "Transfer-Encoding": "chunked",
        "x-ms-request-id": "083a2511-2532-4aca-b50c-956b70ba02f9"
      },
      "ResponseBody": {
        "value": [],
        "odata.metadata": "https://yalltbtestsprim.table.cosmos.azure.com/$metadata#uttable70a9339a"
      }
    },
    {
      "RequestUri": "https://yalltbtestsprim.table.cosmos.azure.com/Tables",
      "RequestMethod": "GET",
      "RequestHeaders": {
        "Accept": "application/json;odata=minimalmetadata",
        "Accept-Encoding": "gzip, deflate",
        "Authorization": "Sanitized",
        "DataServiceVersion": "3.0",
        "Date": "Mon, 20 Sep 2021 22:19:02 GMT",
        "User-Agent": "azsdk-python-data-tables/12.1.1 Python/3.9.2 (Windows-10-10.0.19041-SP0)",
        "x-ms-client-request-id": "c2c54bab-1a60-11ec-8461-5cf37093a909",
        "x-ms-date": "Mon, 20 Sep 2021 22:19:02 GMT",
        "x-ms-version": "2019-02-02"
      },
      "RequestBody": null,
      "StatusCode": 200,
      "ResponseHeaders": {
        "Content-Type": "application/json; odata=minimalmetadata",
        "Date": "Mon, 20 Sep 2021 22:19:01 GMT",
        "Transfer-Encoding": "chunked",
        "x-ms-request-id": "927dc90c-8070-4e31-84a0-c7f073e14fcd"
      },
      "ResponseBody": {
        "value": [
          {
            "TableName": "uttable70a9339a"
          }
        ],
        "odata.metadata": "https://yalltbtestsprim.table.cosmos.azure.com/$metadata#Tables"
      }
    },
    {
      "RequestUri": "https://yalltbtestsprim.table.cosmos.azure.com/Tables(\u0027uttable70a9339a\u0027)",
      "RequestMethod": "DELETE",
      "RequestHeaders": {
        "Accept": "application/json",
        "Accept-Encoding": "gzip, deflate",
        "Authorization": "Sanitized",
        "Content-Length": "0",
        "Date": "Mon, 20 Sep 2021 22:19:02 GMT",
        "User-Agent": "azsdk-python-data-tables/12.1.1 Python/3.9.2 (Windows-10-10.0.19041-SP0)",
        "x-ms-client-request-id": "c2c87f9b-1a60-11ec-9f63-5cf37093a909",
        "x-ms-date": "Mon, 20 Sep 2021 22:19:02 GMT",
        "x-ms-version": "2019-02-02"
      },
      "RequestBody": null,
      "StatusCode": 204,
      "ResponseHeaders": {
        "Date": "Mon, 20 Sep 2021 22:19:02 GMT",
        "x-ms-request-id": "63f62af3-77c7-4495-9a33-633bd119be09"
      },
      "ResponseBody": null
    }
  ],
  "Variables": {}
}
