interactions:
- request:
    body: '{"TableName": "uttable121514c5"}'
    headers:
      Accept:
      - application/json;odata=minimalmetadata
      Accept-Encoding:
      - gzip, deflate
      Connection:
      - keep-alive
      Content-Length:
      - '32'
      Content-Type:
      - application/json;odata=nometadata
      DataServiceVersion:
      - '3.0'
      Date:
      - Wed, 26 May 2021 17:12:48 GMT
      User-Agent:
      - azsdk-python-data-tables/12.0.0b7 Python/3.7.4 (Windows-10-10.0.19041-SP0)
      x-ms-date:
      - Wed, 26 May 2021 17:12:48 GMT
      x-ms-version:
      - '2019-02-02'
    method: POST
    uri: https://fake_cosmos_account.table.cosmos.azure.com/Tables
  response:
    body:
      string: '{"TableName":"uttable121514c5","odata.metadata":"https://fake_cosmos_account.table.cosmos.azure.com/$metadata#Tables/@Element"}'
    headers:
      content-type:
      - application/json;odata=minimalmetadata
      date:
      - Wed, 26 May 2021 17:12:48 GMT
      etag:
      - W/"datetime'2021-05-26T17%3A12%3A48.9846792Z'"
      location:
      - https://fake_cosmos_account.table.cosmos.azure.com/Tables('uttable121514c5')
      server:
      - Microsoft-HTTPAPI/2.0
      transfer-encoding:
      - chunked
    status:
      code: 201
      message: Ok
- request:
    body: '{"PartitionKey": "pk", "PartitionKey@odata.type": "Edm.String", "RowKey":
      "rk0", "RowKey@odata.type": "Edm.String", "value": 1}'
    headers:
      Accept:
      - application/json;odata=minimalmetadata
      Accept-Encoding:
      - gzip, deflate
      Connection:
      - keep-alive
      Content-Length:
      - '127'
      Content-Type:
      - application/json;odata=nometadata
      DataServiceVersion:
      - '3.0'
      Date:
      - Wed, 26 May 2021 17:12:49 GMT
      User-Agent:
      - azsdk-python-data-tables/12.0.0b7 Python/3.7.4 (Windows-10-10.0.19041-SP0)
      x-ms-date:
      - Wed, 26 May 2021 17:12:49 GMT
      x-ms-version:
      - '2019-02-02'
    method: POST
    uri: https://fake_cosmos_account.table.cosmos.azure.com/uttable121514c5
  response:
    body:
      string: '{"odata.metadata":"https://fake_cosmos_account.table.cosmos.azure.com/uttable121514c5/$metadata#uttable121514c5/@Element","odata.etag":"W/\"datetime''2021-05-26T17%3A12%3A49.3808648Z''\"","PartitionKey":"pk","RowKey":"rk0","value":1,"Timestamp":"2021-05-26T17:12:49.3808648Z"}'
    headers:
      content-type:
      - application/json;odata=minimalmetadata
      date:
      - Wed, 26 May 2021 17:12:48 GMT
      etag:
      - W/"datetime'2021-05-26T17%3A12%3A49.3808648Z'"
      location:
      - https://fake_cosmos_account.table.cosmos.azure.com/uttable121514c5(PartitionKey='pk',RowKey='rk0')
      server:
      - Microsoft-HTTPAPI/2.0
      transfer-encoding:
      - chunked
    status:
      code: 201
      message: Created
- request:
    body: '{"PartitionKey": "pk", "PartitionKey@odata.type": "Edm.String", "RowKey":
      "rk01", "RowKey@odata.type": "Edm.String", "value": 2}'
    headers:
      Accept:
      - application/json;odata=minimalmetadata
      Accept-Encoding:
      - gzip, deflate
      Connection:
      - keep-alive
      Content-Length:
      - '128'
      Content-Type:
      - application/json;odata=nometadata
      DataServiceVersion:
      - '3.0'
      Date:
      - Wed, 26 May 2021 17:12:49 GMT
      User-Agent:
      - azsdk-python-data-tables/12.0.0b7 Python/3.7.4 (Windows-10-10.0.19041-SP0)
      x-ms-date:
      - Wed, 26 May 2021 17:12:49 GMT
      x-ms-version:
      - '2019-02-02'
    method: POST
    uri: https://fake_cosmos_account.table.cosmos.azure.com/uttable121514c5
  response:
    body:
      string: '{"odata.metadata":"https://fake_cosmos_account.table.cosmos.azure.com/uttable121514c5/$metadata#uttable121514c5/@Element","odata.etag":"W/\"datetime''2021-05-26T17%3A12%3A49.4956552Z''\"","PartitionKey":"pk","RowKey":"rk01","value":2,"Timestamp":"2021-05-26T17:12:49.4956552Z"}'
    headers:
      content-type:
      - application/json;odata=minimalmetadata
      date:
      - Wed, 26 May 2021 17:12:49 GMT
      etag:
      - W/"datetime'2021-05-26T17%3A12%3A49.4956552Z'"
      location:
      - https://fake_cosmos_account.table.cosmos.azure.com/uttable121514c5(PartitionKey='pk',RowKey='rk01')
      server:
      - Microsoft-HTTPAPI/2.0
      transfer-encoding:
      - chunked
    status:
      code: 201
      message: Created
- request:
    body: '{"PartitionKey": "pk", "PartitionKey@odata.type": "Edm.String", "RowKey":
      "rk012", "RowKey@odata.type": "Edm.String", "value": 4}'
    headers:
      Accept:
      - application/json;odata=minimalmetadata
      Accept-Encoding:
      - gzip, deflate
      Connection:
      - keep-alive
      Content-Length:
      - '129'
      Content-Type:
      - application/json;odata=nometadata
      DataServiceVersion:
      - '3.0'
      Date:
      - Wed, 26 May 2021 17:12:49 GMT
      User-Agent:
      - azsdk-python-data-tables/12.0.0b7 Python/3.7.4 (Windows-10-10.0.19041-SP0)
      x-ms-date:
      - Wed, 26 May 2021 17:12:49 GMT
      x-ms-version:
      - '2019-02-02'
    method: POST
    uri: https://fake_cosmos_account.table.cosmos.azure.com/uttable121514c5
  response:
    body:
      string: '{"odata.metadata":"https://fake_cosmos_account.table.cosmos.azure.com/uttable121514c5/$metadata#uttable121514c5/@Element","odata.etag":"W/\"datetime''2021-05-26T17%3A12%3A49.5661064Z''\"","PartitionKey":"pk","RowKey":"rk012","value":4,"Timestamp":"2021-05-26T17:12:49.5661064Z"}'
    headers:
      content-type:
      - application/json;odata=minimalmetadata
      date:
      - Wed, 26 May 2021 17:12:49 GMT
      etag:
      - W/"datetime'2021-05-26T17%3A12%3A49.5661064Z'"
      location:
      - https://fake_cosmos_account.table.cosmos.azure.com/uttable121514c5(PartitionKey='pk',RowKey='rk012')
      server:
      - Microsoft-HTTPAPI/2.0
      transfer-encoding:
      - chunked
    status:
      code: 201
      message: Created
- request:
    body: '{"PartitionKey": "pk", "PartitionKey@odata.type": "Edm.String", "RowKey":
      "rk0123", "RowKey@odata.type": "Edm.String", "value": 7}'
    headers:
      Accept:
      - application/json;odata=minimalmetadata
      Accept-Encoding:
      - gzip, deflate
      Connection:
      - keep-alive
      Content-Length:
      - '130'
      Content-Type:
      - application/json;odata=nometadata
      DataServiceVersion:
      - '3.0'
      Date:
      - Wed, 26 May 2021 17:12:49 GMT
      User-Agent:
      - azsdk-python-data-tables/12.0.0b7 Python/3.7.4 (Windows-10-10.0.19041-SP0)
      x-ms-date:
      - Wed, 26 May 2021 17:12:49 GMT
      x-ms-version:
      - '2019-02-02'
    method: POST
    uri: https://fake_cosmos_account.table.cosmos.azure.com/uttable121514c5
  response:
    body:
      string: '{"odata.metadata":"https://fake_cosmos_account.table.cosmos.azure.com/uttable121514c5/$metadata#uttable121514c5/@Element","odata.etag":"W/\"datetime''2021-05-26T17%3A12%3A49.6221192Z''\"","PartitionKey":"pk","RowKey":"rk0123","value":7,"Timestamp":"2021-05-26T17:12:49.6221192Z"}'
    headers:
      content-type:
      - application/json;odata=minimalmetadata
      date:
      - Wed, 26 May 2021 17:12:49 GMT
      etag:
      - W/"datetime'2021-05-26T17%3A12%3A49.6221192Z'"
      location:
      - https://fake_cosmos_account.table.cosmos.azure.com/uttable121514c5(PartitionKey='pk',RowKey='rk0123')
      server:
      - Microsoft-HTTPAPI/2.0
      transfer-encoding:
      - chunked
    status:
      code: 201
      message: Created
- request:
    body: '{"PartitionKey": "pk", "PartitionKey@odata.type": "Edm.String", "RowKey":
      "rk01234", "RowKey@odata.type": "Edm.String", "value": 11}'
    headers:
      Accept:
      - application/json;odata=minimalmetadata
      Accept-Encoding:
      - gzip, deflate
      Connection:
      - keep-alive
      Content-Length:
      - '132'
      Content-Type:
      - application/json;odata=nometadata
      DataServiceVersion:
      - '3.0'
      Date:
      - Wed, 26 May 2021 17:12:49 GMT
      User-Agent:
      - azsdk-python-data-tables/12.0.0b7 Python/3.7.4 (Windows-10-10.0.19041-SP0)
      x-ms-date:
      - Wed, 26 May 2021 17:12:49 GMT
      x-ms-version:
      - '2019-02-02'
    method: POST
    uri: https://fake_cosmos_account.table.cosmos.azure.com/uttable121514c5
  response:
    body:
      string: '{"odata.metadata":"https://fake_cosmos_account.table.cosmos.azure.com/uttable121514c5/$metadata#uttable121514c5/@Element","odata.etag":"W/\"datetime''2021-05-26T17%3A12%3A49.6933896Z''\"","PartitionKey":"pk","RowKey":"rk01234","value":11,"Timestamp":"2021-05-26T17:12:49.6933896Z"}'
    headers:
      content-type:
      - application/json;odata=minimalmetadata
      date:
      - Wed, 26 May 2021 17:12:49 GMT
      etag:
      - W/"datetime'2021-05-26T17%3A12%3A49.6933896Z'"
      location:
      - https://fake_cosmos_account.table.cosmos.azure.com/uttable121514c5(PartitionKey='pk',RowKey='rk01234')
      server:
      - Microsoft-HTTPAPI/2.0
      transfer-encoding:
      - chunked
    status:
      code: 201
      message: Created
- request:
    body: null
    headers:
      Accept:
      - application/json;odata=minimalmetadata
      Accept-Encoding:
      - gzip, deflate
      Connection:
      - keep-alive
      DataServiceVersion:
      - '3.0'
      Date:
      - Wed, 26 May 2021 17:12:49 GMT
      User-Agent:
      - azsdk-python-data-tables/12.0.0b7 Python/3.7.4 (Windows-10-10.0.19041-SP0)
      x-ms-date:
      - Wed, 26 May 2021 17:12:49 GMT
      x-ms-version:
      - '2019-02-02'
    method: GET
    uri: https://fake_cosmos_account.table.cosmos.azure.com/uttable121514c5()?$filter=aaa%20bbb%20ccc
  response:
    body:
      string: "{\"odata.error\":{\"code\":\"InvalidInput\",\"message\":{\"lang\":\"en-us\",\"value\":\"Request
        url is invalid.\\r\\nActivityId: 99353810-be45-11eb-996f-b831b5891408, documentdb-dotnet-sdk/2.11.0
        Host/64-bit MicrosoftWindowsNT/6.2.9200.0\\nRequestID:99353810-be45-11eb-996f-b831b5891408\\n\"}}}\r\n"
    headers:
      content-type:
      - application/json;odata=minimalmetadata
      date:
      - Wed, 26 May 2021 17:12:49 GMT
      server:
      - Microsoft-HTTPAPI/2.0
      transfer-encoding:
      - chunked
    status:
      code: 400
      message: Bad Request
- request:
    body: null
    headers:
      Accept:
      - application/json;odata=minimalmetadata
      Accept-Encoding:
      - gzip, deflate
      Connection:
      - keep-alive
      DataServiceVersion:
      - '3.0'
      Date:
      - Wed, 26 May 2021 17:12:49 GMT
      User-Agent:
      - azsdk-python-data-tables/12.0.0b7 Python/3.7.4 (Windows-10-10.0.19041-SP0)
      x-ms-date:
      - Wed, 26 May 2021 17:12:49 GMT
      x-ms-version:
      - '2019-02-02'
    method: GET
    uri: https://fake_cosmos_account.table.cosmos.azure.com/Tables
  response:
    body:
      string: '{"value":[{"TableName":"uttable121514c5"}],"odata.metadata":"https://fake_cosmos_account.table.cosmos.azure.com/$metadata#Tables"}'
    headers:
      content-type:
      - application/json;odata=minimalmetadata
      date:
      - Wed, 26 May 2021 17:12:49 GMT
      server:
      - Microsoft-HTTPAPI/2.0
      transfer-encoding:
      - chunked
    status:
      code: 200
      message: Ok
- request:
    body: null
    headers:
      Accept:
      - application/json
      Accept-Encoding:
      - gzip, deflate
      Connection:
      - keep-alive
      Content-Length:
      - '0'
      Date:
      - Wed, 26 May 2021 17:12:49 GMT
      User-Agent:
      - azsdk-python-data-tables/12.0.0b7 Python/3.7.4 (Windows-10-10.0.19041-SP0)
      x-ms-date:
      - Wed, 26 May 2021 17:12:49 GMT
      x-ms-version:
      - '2019-02-02'
    method: DELETE
    uri: https://fake_cosmos_account.table.cosmos.azure.com/Tables('uttable121514c5')
  response:
    body:
      string: ''
    headers:
      content-length:
      - '0'
      date:
      - Wed, 26 May 2021 17:12:49 GMT
      server:
      - Microsoft-HTTPAPI/2.0
    status:
      code: 204
      message: No Content
version: 1
