interactions:
- request:
    body: '{"TableName": "pytableasyncdea11390"}'
    headers:
      Accept:
      - application/json;odata=minimalmetadata
      Content-Length:
      - '37'
      Content-Type:
      - application/json;odata=nometadata
      DataServiceVersion:
      - '3.0'
      Date:
      - Wed, 02 Sep 2020 21:28:38 GMT
      User-Agent:
      - azsdk-python-data-tables/12.0.0b1 Python/3.8.4 (Windows-10-10.0.19041-SP0)
      x-ms-date:
      - Wed, 02 Sep 2020 21:28:38 GMT
      x-ms-version:
      - '2019-02-02'
    method: POST
    uri: https://storagename.table.core.windows.net/Tables
  response:
    body:
      string: '{"odata.metadata":"https://storagename.table.core.windows.net/$metadata#Tables/@Element","TableName":"pytableasyncdea11390"}'
    headers:
      cache-control: no-cache
      content-type: application/json;odata=minimalmetadata;streaming=true;charset=utf-8
      date: Wed, 02 Sep 2020 21:28:38 GMT
      location: https://storagename.table.core.windows.net/Tables('pytableasyncdea11390')
      server: Windows-Azure-Table/1.0 Microsoft-HTTPAPI/2.0
      transfer-encoding: chunked
      x-content-type-options: nosniff
      x-ms-version: '2019-02-02'
    status:
      code: 201
      message: Created
    url: https://pyacrstoragee2wquyekbhmp.table.core.windows.net/Tables
- request:
    body: '{"TableName": "pytableasyncdea11390"}'
    headers:
      Accept:
      - application/json;odata=minimalmetadata
      Content-Length:
      - '37'
      Content-Type:
      - application/json;odata=nometadata
      DataServiceVersion:
      - '3.0'
      Date:
      - Wed, 02 Sep 2020 21:28:38 GMT
      User-Agent:
      - azsdk-python-data-tables/12.0.0b1 Python/3.8.4 (Windows-10-10.0.19041-SP0)
      x-ms-date:
      - Wed, 02 Sep 2020 21:28:38 GMT
      x-ms-version:
      - '2019-02-02'
    method: POST
    uri: https://storagename.table.core.windows.net/Tables
  response:
    body:
      string: '{"odata.error":{"code":"TableAlreadyExists","message":{"lang":"en-US","value":"The
        table specified already exists.\nRequestId:a2cd558a-f002-003b-2e70-811fc7000000\nTime:2020-09-02T21:28:39.1331094Z"}}}'
    headers:
      cache-control: no-cache
      content-type: application/json;odata=minimalmetadata;streaming=true;charset=utf-8
      date: Wed, 02 Sep 2020 21:28:38 GMT
      server: Windows-Azure-Table/1.0 Microsoft-HTTPAPI/2.0
      transfer-encoding: chunked
      x-content-type-options: nosniff
      x-ms-version: '2019-02-02'
    status:
      code: 409
      message: Conflict
    url: https://pyacrstoragee2wquyekbhmp.table.core.windows.net/Tables
- request:
    body: null
    headers:
      Accept:
      - application/json
      Date:
      - Wed, 02 Sep 2020 21:28:38 GMT
      User-Agent:
      - azsdk-python-data-tables/12.0.0b1 Python/3.8.4 (Windows-10-10.0.19041-SP0)
      x-ms-date:
      - Wed, 02 Sep 2020 21:28:38 GMT
      x-ms-version:
      - '2019-02-02'
    method: DELETE
    uri: https://storagename.table.core.windows.net/Tables('pytableasyncdea11390')
  response:
    body:
      string: ''
    headers:
      cache-control: no-cache
      content-length: '0'
      date: Wed, 02 Sep 2020 21:28:38 GMT
      server: Windows-Azure-Table/1.0 Microsoft-HTTPAPI/2.0
      x-content-type-options: nosniff
      x-ms-version: '2019-02-02'
    status:
      code: 204
      message: No Content
    url: https://pyacrstoragee2wquyekbhmp.table.core.windows.net/Tables('pytableasyncdea11390')
version: 1
