interactions:
- request:
    body: '{"TableName": "uttable331c0fca"}'
    headers:
      Accept:
      - application/json;odata=minimalmetadata
      Content-Length:
      - '32'
      Content-Type:
      - application/json;odata=nometadata
      DataServiceVersion:
      - '3.0'
      Date:
      - Wed, 16 Sep 2020 21:52:04 GMT
      User-Agent:
      - azsdk-python-data-tables/12.0.0b2 Python/3.8.4 (Windows-10-10.0.19041-SP0)
      x-ms-date:
      - Wed, 16 Sep 2020 21:52:04 GMT
      x-ms-version:
      - '2019-02-02'
    method: POST
    uri: https://storagename.table.core.windows.net/Tables
  response:
    body:
      string: '{"odata.metadata":"https://storagename.table.core.windows.net/$metadata#Tables/@Element","TableName":"uttable331c0fca"}'
    headers:
      cache-control: no-cache
      content-type: application/json;odata=minimalmetadata;streaming=true;charset=utf-8
      date: Wed, 16 Sep 2020 21:52:04 GMT
      location: https://storagename.table.core.windows.net/Tables('uttable331c0fca')
      server: Windows-Azure-Table/1.0 Microsoft-HTTPAPI/2.0
      transfer-encoding: chunked
      x-content-type-options: nosniff
      x-ms-version: '2019-02-02'
    status:
      code: 201
      message: Created
    url: https://pyacrstoragewrla36mtikyp.table.core.windows.net/Tables
- request:
    body: '{"PartitionKey": "pk331c0fca", "PartitionKey@odata.type": "Edm.String",
      "RowKey": "rk331c0fca", "RowKey@odata.type": "Edm.String", "age": 39, "sex":
      "male", "sex@odata.type": "Edm.String", "married": true, "deceased": false,
      "ratio": 3.1, "evenratio": 3.0, "large": 933311100, "Birthday": "1973-10-04T00:00:00Z",
      "Birthday@odata.type": "Edm.DateTime", "birthday": "1970-10-04T00:00:00Z", "birthday@odata.type":
      "Edm.DateTime", "binary": "YmluYXJ5", "binary@odata.type": "Edm.Binary", "other":
      20, "clsid": "c9da6455-213d-42c9-9a79-3e9149a57833", "clsid@odata.type": "Edm.Guid"}'
    headers:
      Accept:
      - application/json;odata=minimalmetadata
      Content-Length:
      - '577'
      Content-Type:
      - application/json;odata=nometadata
      DataServiceVersion:
      - '3.0'
      Date:
      - Wed, 16 Sep 2020 21:52:04 GMT
      User-Agent:
      - azsdk-python-data-tables/12.0.0b2 Python/3.8.4 (Windows-10-10.0.19041-SP0)
      x-ms-date:
      - Wed, 16 Sep 2020 21:52:04 GMT
      x-ms-version:
      - '2019-02-02'
    method: POST
    uri: https://storagename.table.core.windows.net/uttable331c0fca
  response:
    body:
      string: '{"odata.metadata":"https://storagename.table.core.windows.net/$metadata#uttable331c0fca/@Element","odata.etag":"W/\"datetime''2020-09-16T21%3A52%3A05.0102741Z''\"","PartitionKey":"pk331c0fca","RowKey":"rk331c0fca","Timestamp":"2020-09-16T21:52:05.0102741Z","age":39,"sex":"male","married":true,"deceased":false,"ratio":3.1,"evenratio":3.0,"large":933311100,"Birthday@odata.type":"Edm.DateTime","Birthday":"1973-10-04T00:00:00Z","birthday@odata.type":"Edm.DateTime","birthday":"1970-10-04T00:00:00Z","binary@odata.type":"Edm.Binary","binary":"YmluYXJ5","other":20,"clsid@odata.type":"Edm.Guid","clsid":"c9da6455-213d-42c9-9a79-3e9149a57833"}'
    headers:
      cache-control: no-cache
      content-type: application/json;odata=minimalmetadata;streaming=true;charset=utf-8
      date: Wed, 16 Sep 2020 21:52:04 GMT
      etag: W/"datetime'2020-09-16T21%3A52%3A05.0102741Z'"
      location: https://storagename.table.core.windows.net/uttable331c0fca(PartitionKey='pk331c0fca',RowKey='rk331c0fca')
      server: Windows-Azure-Table/1.0 Microsoft-HTTPAPI/2.0
      transfer-encoding: chunked
      x-content-type-options: nosniff
      x-ms-version: '2019-02-02'
    status:
      code: 201
      message: Created
    url: https://pyacrstoragewrla36mtikyp.table.core.windows.net/uttable331c0fca
- request:
    body: null
    headers:
      Accept:
      - application/json;odata=minimalmetadata
      DataServiceVersion:
      - '3.0'
      Date:
      - Wed, 16 Sep 2020 21:52:04 GMT
      User-Agent:
      - azsdk-python-data-tables/12.0.0b2 Python/3.8.4 (Windows-10-10.0.19041-SP0)
      x-ms-date:
      - Wed, 16 Sep 2020 21:52:04 GMT
      x-ms-version:
      - '2019-02-02'
    method: GET
    uri: https://storagename.table.core.windows.net/uttable331c0fca()?st=2020-09-16T21:51:04Z&se=2020-09-16T22:52:04Z&sp=r&sv=2019-02-02&tn=uttable331c0fca&sig=BTTsE70fU5LtHX%2BAoNBl0tssiYcxQJQW3EPqG4dHxW4%3D
  response:
    body:
      string: '{"odata.metadata":"https://storagename.table.core.windows.net/$metadata#uttable331c0fca","value":[{"odata.etag":"W/\"datetime''2020-09-16T21%3A52%3A05.0102741Z''\"","PartitionKey":"pk331c0fca","RowKey":"rk331c0fca","Timestamp":"2020-09-16T21:52:05.0102741Z","age":39,"sex":"male","married":true,"deceased":false,"ratio":3.1,"evenratio":3.0,"large":933311100,"Birthday@odata.type":"Edm.DateTime","Birthday":"1973-10-04T00:00:00Z","birthday@odata.type":"Edm.DateTime","birthday":"1970-10-04T00:00:00Z","binary@odata.type":"Edm.Binary","binary":"YmluYXJ5","other":20,"clsid@odata.type":"Edm.Guid","clsid":"c9da6455-213d-42c9-9a79-3e9149a57833"}]}'
    headers:
      cache-control: no-cache
      content-type: application/json;odata=minimalmetadata;streaming=true;charset=utf-8
      date: Wed, 16 Sep 2020 21:52:04 GMT
      server: Windows-Azure-Table/1.0 Microsoft-HTTPAPI/2.0
      transfer-encoding: chunked
      x-content-type-options: nosniff
      x-ms-version: '2019-02-02'
    status:
      code: 200
      message: OK
    url: https://pyacrstoragewrla36mtikyp.table.core.windows.net/uttable331c0fca()?st=2020-09-16T21:51:04Z&se=2020-09-16T22:52:04Z&sp=r&sv=2019-02-02&tn=uttable331c0fca&sig=BTTsE70fU5LtHX%2BAoNBl0tssiYcxQJQW3EPqG4dHxW4%3D
- request:
    body: null
    headers:
      Accept:
      - application/json
      Date:
      - Wed, 16 Sep 2020 21:52:05 GMT
      User-Agent:
      - azsdk-python-data-tables/12.0.0b2 Python/3.8.4 (Windows-10-10.0.19041-SP0)
      x-ms-date:
      - Wed, 16 Sep 2020 21:52:05 GMT
      x-ms-version:
      - '2019-02-02'
    method: DELETE
    uri: https://storagename.table.core.windows.net/Tables('uttable331c0fca')
  response:
    body:
      string: ''
    headers:
      cache-control: no-cache
      content-length: '0'
      date: Wed, 16 Sep 2020 21:52:04 GMT
      server: Windows-Azure-Table/1.0 Microsoft-HTTPAPI/2.0
      x-content-type-options: nosniff
      x-ms-version: '2019-02-02'
    status:
      code: 204
      message: No Content
    url: https://pyacrstoragewrla36mtikyp.table.core.windows.net/Tables('uttable331c0fca')
version: 1
