{
  "Entries": [
    {
      "RequestUri": "https://fakeendpoint.table.core.windows.net/Tables",
      "RequestMethod": "POST",
      "RequestHeaders": {
        "Accept": "application/json;odata=minimalmetadata",
        "Accept-Encoding": "gzip, deflate",
        "Connection": "keep-alive",
        "Content-Length": "32",
        "Content-Type": "application/json;odata=nometadata",
        "DataServiceVersion": "3.0",
        "Date": "Fri, 06 May 2022 00:37:07 GMT",
        "User-Agent": "azsdk-python-data-tables/12.3.0 Python/3.10.0 (Windows-10-10.0.22000-SP0)",
        "x-ms-date": "Fri, 06 May 2022 00:37:07 GMT",
        "x-ms-version": "2019-02-02"
      },
      "RequestBody": {
        "TableName": "uttableefa52c2f"
      },
      "StatusCode": 201,
      "ResponseHeaders": {
        "Cache-Control": "no-cache",
        "Content-Type": "application/json; odata=minimalmetadata; streaming=true; charset=utf-8",
        "Date": "Fri, 06 May 2022 00:37:07 GMT",
        "Location": "https://fakeendpoint.table.core.windows.net/Tables(\u0027uttableefa52c2f\u0027)",
        "Server": [
          "Windows-Azure-Table/1.0",
          "Microsoft-HTTPAPI/2.0"
        ],
        "Transfer-Encoding": "chunked",
        "X-Content-Type-Options": "nosniff",
        "x-ms-version": "2019-02-02"
      },
      "ResponseBody": {
        "odata.metadata": "https://fakeendpoint.table.core.windows.net/$metadata#Tables/@Element",
        "TableName": "uttableefa52c2f"
      }
    },
    {
      "RequestUri": "https://fakeendpoint.table.core.windows.net/uttableefa52c2f",
      "RequestMethod": "POST",
      "RequestHeaders": {
        "Accept": "application/json;odata=minimalmetadata",
        "Accept-Encoding": "gzip, deflate",
        "Connection": "keep-alive",
        "Content-Length": "744",
        "Content-Type": "application/json;odata=nometadata",
        "DataServiceVersion": "3.0",
        "Date": "Fri, 06 May 2022 00:37:07 GMT",
        "User-Agent": "azsdk-python-data-tables/12.3.0 Python/3.10.0 (Windows-10-10.0.22000-SP0)",
        "x-ms-date": "Fri, 06 May 2022 00:37:07 GMT",
        "x-ms-version": "2019-02-02"
      },
      "RequestBody": {
        "PartitionKey": "pkefa52c2f",
        "PartitionKey@odata.type": "Edm.String",
        "RowKey": "rkefa52c2f",
        "RowKey@odata.type": "Edm.String",
        "age": 39,
        "sex": "male",
        "sex@odata.type": "Edm.String",
        "married": true,
        "deceased": false,
        "ratio": 3.1,
        "ratio@odata.type": "Edm.Double",
        "evenratio": 3.0,
        "evenratio@odata.type": "Edm.Double",
        "double": 5,
        "double@odata.type": "Edm.Double",
        "large": 933311100,
        "Birthday": "1973-10-04T00:00:00.000000Z",
        "Birthday@odata.type": "Edm.DateTime",
        "birthday": "1970-10-04T00:00:00.000000Z",
        "birthday@odata.type": "Edm.DateTime",
        "binary": "YmluYXJ5",
        "binary@odata.type": "Edm.Binary",
        "other": 20,
        "other@odata.type": "Edm.Int32",
        "clsid": "c9da6455-213d-42c9-9a79-3e9149a57833",
        "clsid@odata.type": "Edm.Guid"
      },
      "StatusCode": 201,
      "ResponseHeaders": {
        "Cache-Control": "no-cache",
        "Content-Type": "application/json; odata=minimalmetadata; streaming=true; charset=utf-8",
        "Date": "Fri, 06 May 2022 00:37:07 GMT",
        "ETag": "W/\u0022datetime\u00272022-05-06T00%3A37%3A07.2447938Z\u0027\u0022",
        "Location": "https://fakeendpoint.table.core.windows.net/uttableefa52c2f(PartitionKey=\u0027pkefa52c2f\u0027,RowKey=\u0027rkefa52c2f\u0027)",
        "Server": [
          "Windows-Azure-Table/1.0",
          "Microsoft-HTTPAPI/2.0"
        ],
        "Transfer-Encoding": "chunked",
        "X-Content-Type-Options": "nosniff",
        "x-ms-version": "2019-02-02"
      },
      "ResponseBody": {
        "odata.metadata": "https://fakeendpoint.table.core.windows.net/$metadata#uttableefa52c2f/@Element",
        "odata.etag": "W/\u0022datetime\u00272022-05-06T00%3A37%3A07.2447938Z\u0027\u0022",
        "PartitionKey": "pkefa52c2f",
        "RowKey": "rkefa52c2f",
        "Timestamp": "2022-05-06T00:37:07.2447938Z",
        "age": 39,
        "sex": "male",
        "married": true,
        "deceased": false,
        "ratio": 3.1,
        "evenratio": 3.0,
        "double": 5.0,
        "large": 933311100,
        "Birthday@odata.type": "Edm.DateTime",
        "Birthday": "1973-10-04T00:00:00Z",
        "birthday@odata.type": "Edm.DateTime",
        "birthday": "1970-10-04T00:00:00Z",
        "binary@odata.type": "Edm.Binary",
        "binary": "YmluYXJ5",
        "other": 20,
        "clsid@odata.type": "Edm.Guid",
        "clsid": "c9da6455-213d-42c9-9a79-3e9149a57833"
      }
    },
    {
      "RequestUri": "https://fakeendpoint.table.core.windows.net/uttableefa52c2f(PartitionKey=\u0027pkefa52c2f\u0027,RowKey=\u0027rkefa52c2f\u0027)",
      "RequestMethod": "PATCH",
      "RequestHeaders": {
        "Accept": "application/json",
        "Accept-Encoding": "gzip, deflate",
        "Connection": "keep-alive",
        "Content-Length": "360",
        "Content-Type": "application/json",
        "DataServiceVersion": "3.0",
        "Date": "Fri, 06 May 2022 00:37:08 GMT",
        "If-Match": "W/\u0022datetime\u00272022-05-06T00%3A37%3A07.2447938Z\u0027\u0022",
        "User-Agent": "azsdk-python-data-tables/12.3.0 Python/3.10.0 (Windows-10-10.0.22000-SP0)",
        "x-ms-date": "Fri, 06 May 2022 00:37:08 GMT",
        "x-ms-version": "2019-02-02"
      },
      "RequestBody": {
        "PartitionKey": "pkefa52c2f",
        "PartitionKey@odata.type": "Edm.String",
        "RowKey": "rkefa52c2f",
        "RowKey@odata.type": "Edm.String",
        "age": "abc",
        "age@odata.type": "Edm.String",
        "sex": "female",
        "sex@odata.type": "Edm.String",
        "sign": "aquarius",
        "sign@odata.type": "Edm.String",
        "birthday": "1991-10-04T00:00:00.000000Z",
        "birthday@odata.type": "Edm.DateTime"
      },
      "StatusCode": 204,
      "ResponseHeaders": {
        "Cache-Control": "no-cache",
        "Content-Length": "0",
        "Date": "Fri, 06 May 2022 00:37:07 GMT",
        "ETag": "W/\u0022datetime\u00272022-05-06T00%3A37%3A07.3207017Z\u0027\u0022",
        "Server": [
          "Windows-Azure-Table/1.0",
          "Microsoft-HTTPAPI/2.0"
        ],
        "X-Content-Type-Options": "nosniff",
        "x-ms-version": "2019-02-02"
      },
      "ResponseBody": null
    },
    {
      "RequestUri": "https://fakeendpoint.table.core.windows.net/uttableefa52c2f(PartitionKey=\u0027pkefa52c2f\u0027,RowKey=\u0027rkefa52c2f\u0027)",
      "RequestMethod": "GET",
      "RequestHeaders": {
        "Accept": "application/json;odata=minimalmetadata",
        "Accept-Encoding": "gzip, deflate",
        "Connection": "keep-alive",
        "DataServiceVersion": "3.0",
        "Date": "Fri, 06 May 2022 00:37:08 GMT",
        "User-Agent": "azsdk-python-data-tables/12.3.0 Python/3.10.0 (Windows-10-10.0.22000-SP0)",
        "x-ms-date": "Fri, 06 May 2022 00:37:08 GMT",
        "x-ms-version": "2019-02-02"
      },
      "RequestBody": null,
      "StatusCode": 200,
      "ResponseHeaders": {
        "Cache-Control": "no-cache",
        "Content-Type": "application/json; odata=minimalmetadata; streaming=true; charset=utf-8",
        "Date": "Fri, 06 May 2022 00:37:07 GMT",
        "ETag": "W/\u0022datetime\u00272022-05-06T00%3A37%3A07.3207017Z\u0027\u0022",
        "Server": [
          "Windows-Azure-Table/1.0",
          "Microsoft-HTTPAPI/2.0"
        ],
        "Transfer-Encoding": "chunked",
        "X-Content-Type-Options": "nosniff",
        "x-ms-version": "2019-02-02"
      },
      "ResponseBody": {
        "odata.metadata": "https://fakeendpoint.table.core.windows.net/$metadata#uttableefa52c2f/@Element",
        "odata.etag": "W/\u0022datetime\u00272022-05-06T00%3A37%3A07.3207017Z\u0027\u0022",
        "PartitionKey": "pkefa52c2f",
        "RowKey": "rkefa52c2f",
        "Timestamp": "2022-05-06T00:37:07.3207017Z",
        "Birthday@odata.type": "Edm.DateTime",
        "Birthday": "1973-10-04T00:00:00Z",
        "age": "abc",
        "binary@odata.type": "Edm.Binary",
        "binary": "YmluYXJ5",
        "birthday@odata.type": "Edm.DateTime",
        "birthday": "1991-10-04T00:00:00Z",
        "clsid@odata.type": "Edm.Guid",
        "clsid": "c9da6455-213d-42c9-9a79-3e9149a57833",
        "deceased": false,
        "double": 5.0,
        "evenratio": 3.0,
        "large": 933311100,
        "married": true,
        "other": 20,
        "ratio": 3.1,
        "sex": "female",
        "sign": "aquarius"
      }
    },
    {
      "RequestUri": "https://fakeendpoint.table.core.windows.net/Tables",
      "RequestMethod": "GET",
      "RequestHeaders": {
        "Accept": "application/json;odata=minimalmetadata",
        "Accept-Encoding": "gzip, deflate",
        "Connection": "keep-alive",
        "DataServiceVersion": "3.0",
        "Date": "Fri, 06 May 2022 00:37:08 GMT",
        "User-Agent": "azsdk-python-data-tables/12.3.0 Python/3.10.0 (Windows-10-10.0.22000-SP0)",
        "x-ms-date": "Fri, 06 May 2022 00:37:08 GMT",
        "x-ms-version": "2019-02-02"
      },
      "RequestBody": null,
      "StatusCode": 200,
      "ResponseHeaders": {
        "Cache-Control": "no-cache",
        "Content-Type": "application/json; odata=minimalmetadata; streaming=true; charset=utf-8",
        "Date": "Fri, 06 May 2022 00:37:07 GMT",
        "Server": [
          "Windows-Azure-Table/1.0",
          "Microsoft-HTTPAPI/2.0"
        ],
        "Transfer-Encoding": "chunked",
        "X-Content-Type-Options": "nosniff",
        "x-ms-version": "2019-02-02"
      },
      "ResponseBody": {
        "odata.metadata": "https://fakeendpoint.table.core.windows.net/$metadata#Tables",
        "value": [
          {
            "TableName": "uttableefa52c2f"
          }
        ]
      }
    },
    {
      "RequestUri": "https://fakeendpoint.table.core.windows.net/Tables(\u0027uttableefa52c2f\u0027)",
      "RequestMethod": "DELETE",
      "RequestHeaders": {
        "Accept": "application/json",
        "Accept-Encoding": "gzip, deflate",
        "Connection": "keep-alive",
        "Content-Length": "0",
        "Date": "Fri, 06 May 2022 00:37:08 GMT",
        "User-Agent": "azsdk-python-data-tables/12.3.0 Python/3.10.0 (Windows-10-10.0.22000-SP0)",
        "x-ms-date": "Fri, 06 May 2022 00:37:08 GMT",
        "x-ms-version": "2019-02-02"
      },
      "RequestBody": null,
      "StatusCode": 204,
      "ResponseHeaders": {
        "Cache-Control": "no-cache",
        "Content-Length": "0",
        "Date": "Fri, 06 May 2022 00:37:07 GMT",
        "Server": [
          "Windows-Azure-Table/1.0",
          "Microsoft-HTTPAPI/2.0"
        ],
        "X-Content-Type-Options": "nosniff",
        "x-ms-version": "2019-02-02"
      },
      "ResponseBody": null
    }
  ],
  "Variables": {}
}
