{
  "Entries": [
    {
      "RequestUri": "https://login.microsoftonline.com/72f988bf-86f1-41af-91ab-2d7cd011db47/v2.0/.well-known/openid-configuration",
      "RequestMethod": "GET",
      "RequestHeaders": {
        "Accept": "*/*",
        "Accept-Encoding": "gzip, deflate",
        "Connection": "keep-alive",
        "User-Agent": "azsdk-python-identity/1.6.1 Python/3.9.2 (Windows-10-10.0.19041-SP0)"
      },
      "RequestBody": null,
      "StatusCode": 200,
      "ResponseHeaders": {
        "Access-Control-Allow-Methods": "GET, OPTIONS",
        "Access-Control-Allow-Origin": "*",
        "Cache-Control": "max-age=86400, private",
        "Content-Length": "1753",
        "Content-Type": "application/json; charset=utf-8",
        "Date": "Wed, 15 Sep 2021 18:02:22 GMT",
        "P3P": "CP=\u0022DSP CUR OTPi IND OTRi ONL FIN\u0022",
        "Set-Cookie": [
          "fpc=AupsApRYPkdPu3bMQwcQtKwV08hTBwAAAAcs1NgOAAAA; expires=Fri, 15-Oct-2021 18:02:23 GMT; path=/; secure; HttpOnly; SameSite=None",
          "x-ms-gateway-slice=estsfd; path=/; secure; samesite=none; httponly",
          "stsservicecookie=estsfd; path=/; secure; samesite=none; httponly"
        ],
        "Strict-Transport-Security": "max-age=31536000; includeSubDomains",
        "X-Content-Type-Options": "nosniff",
        "x-ms-ests-server": "2.1.12025.15 - SCUS ProdSlices",
        "x-ms-request-id": "fcbabef0-f786-4207-9af2-22afe4c70300"
      },
      "ResponseBody": {
        "token_endpoint": "https://login.microsoftonline.com/72f988bf-86f1-41af-91ab-2d7cd011db47/oauth2/v2.0/token",
        "token_endpoint_auth_methods_supported": [
          "client_secret_post",
          "private_key_jwt",
          "client_secret_basic"
        ],
        "jwks_uri": "https://login.microsoftonline.com/72f988bf-86f1-41af-91ab-2d7cd011db47/discovery/v2.0/keys",
        "response_modes_supported": [
          "query",
          "fragment",
          "form_post"
        ],
        "subject_types_supported": [
          "pairwise"
        ],
        "id_token_signing_alg_values_supported": [
          "RS256"
        ],
        "response_types_supported": [
          "code",
          "id_token",
          "code id_token",
          "id_token token"
        ],
        "scopes_supported": [
          "openid",
          "profile",
          "email",
          "offline_access"
        ],
        "issuer": "https://login.microsoftonline.com/72f988bf-86f1-41af-91ab-2d7cd011db47/v2.0",
        "request_uri_parameter_supported": false,
        "userinfo_endpoint": "https://graph.microsoft.com/oidc/userinfo",
        "authorization_endpoint": "https://login.microsoftonline.com/72f988bf-86f1-41af-91ab-2d7cd011db47/oauth2/v2.0/authorize",
        "device_authorization_endpoint": "https://login.microsoftonline.com/72f988bf-86f1-41af-91ab-2d7cd011db47/oauth2/v2.0/devicecode",
        "http_logout_supported": true,
        "frontchannel_logout_supported": true,
        "end_session_endpoint": "https://login.microsoftonline.com/72f988bf-86f1-41af-91ab-2d7cd011db47/oauth2/v2.0/logout",
        "claims_supported": [
          "sub",
          "iss",
          "cloud_instance_name",
          "cloud_instance_host_name",
          "cloud_graph_host_name",
          "msgraph_host",
          "aud",
          "exp",
          "iat",
          "auth_time",
          "acr",
          "nonce",
          "preferred_username",
          "name",
          "tid",
          "ver",
          "at_hash",
          "c_hash",
          "email"
        ],
        "kerberos_endpoint": "https://login.microsoftonline.com/72f988bf-86f1-41af-91ab-2d7cd011db47/kerberos",
        "tenant_region_scope": "WW",
        "cloud_instance_name": "microsoftonline.com",
        "cloud_graph_host_name": "graph.windows.net",
        "msgraph_host": "graph.microsoft.com",
        "rbac_url": "https://pas.windows.net"
      }
    },
    {
      "RequestUri": "https://login.microsoftonline.com/common/discovery/instance?api-version=1.1\u0026authorization_endpoint=https://login.microsoftonline.com/common/oauth2/authorize",
      "RequestMethod": "GET",
      "RequestHeaders": {
        "Accept": "application/json",
        "Accept-Encoding": "gzip, deflate",
        "Connection": "keep-alive",
        "Cookie": "fpc=AupsApRYPkdPu3bMQwcQtKwV08hTBwAAAAcs1NgOAAAA; stsservicecookie=estsfd; x-ms-gateway-slice=estsfd",
        "User-Agent": "azsdk-python-identity/1.6.1 Python/3.9.2 (Windows-10-10.0.19041-SP0)"
      },
      "RequestBody": null,
      "StatusCode": 200,
      "ResponseHeaders": {
        "Access-Control-Allow-Methods": "GET, OPTIONS",
        "Access-Control-Allow-Origin": "*",
        "Cache-Control": "max-age=86400, private",
        "Content-Length": "945",
        "Content-Type": "application/json; charset=utf-8",
        "Date": "Wed, 15 Sep 2021 18:02:22 GMT",
        "P3P": "CP=\u0022DSP CUR OTPi IND OTRi ONL FIN\u0022",
        "Set-Cookie": [
          "fpc=AupsApRYPkdPu3bMQwcQtKwV08hTBwAAAAcs1NgOAAAA; expires=Fri, 15-Oct-2021 18:02:23 GMT; path=/; secure; HttpOnly; SameSite=None",
          "x-ms-gateway-slice=estsfd; path=/; secure; samesite=none; httponly",
          "stsservicecookie=estsfd; path=/; secure; samesite=none; httponly"
        ],
        "Strict-Transport-Security": "max-age=31536000; includeSubDomains",
        "X-Content-Type-Options": "nosniff",
        "x-ms-ests-server": "2.1.12025.15 - NCUS ProdSlices",
        "x-ms-request-id": "d3ce7996-2c8c-4e7a-b635-b510b9b78a00"
      },
      "ResponseBody": {
        "tenant_discovery_endpoint": "https://login.microsoftonline.com/common/.well-known/openid-configuration",
        "api-version": "1.1",
        "metadata": [
          {
            "preferred_network": "login.microsoftonline.com",
            "preferred_cache": "login.windows.net",
            "aliases": [
              "login.microsoftonline.com",
              "login.windows.net",
              "login.microsoft.com",
              "sts.windows.net"
            ]
          },
          {
            "preferred_network": "login.partner.microsoftonline.cn",
            "preferred_cache": "login.partner.microsoftonline.cn",
            "aliases": [
              "login.partner.microsoftonline.cn",
              "login.chinacloudapi.cn"
            ]
          },
          {
            "preferred_network": "login.microsoftonline.de",
            "preferred_cache": "login.microsoftonline.de",
            "aliases": [
              "login.microsoftonline.de"
            ]
          },
          {
            "preferred_network": "login.microsoftonline.us",
            "preferred_cache": "login.microsoftonline.us",
            "aliases": [
              "login.microsoftonline.us",
              "login.usgovcloudapi.net"
            ]
          },
          {
            "preferred_network": "login-us.microsoftonline.com",
            "preferred_cache": "login-us.microsoftonline.com",
            "aliases": [
              "login-us.microsoftonline.com"
            ]
          }
        ]
      }
    },
    {
      "RequestUri": "https://login.microsoftonline.com/72f988bf-86f1-41af-91ab-2d7cd011db47/oauth2/v2.0/token",
      "RequestMethod": "POST",
      "RequestHeaders": {
        "Accept": "application/json",
        "Accept-Encoding": "gzip, deflate",
        "client-request-id": "c06e638d-bf9f-4797-8116-c4e321b635c5",
        "Connection": "keep-alive",
        "Content-Length": "190",
        "Content-Type": "application/x-www-form-urlencoded",
        "Cookie": "fpc=AupsApRYPkdPu3bMQwcQtKwV08hTBwAAAAcs1NgOAAAA; stsservicecookie=estsfd; x-ms-gateway-slice=estsfd",
        "User-Agent": "azsdk-python-identity/1.6.1 Python/3.9.2 (Windows-10-10.0.19041-SP0)",
        "x-client-cpu": "x64",
        "x-client-current-telemetry": "4|730,0|",
        "x-client-last-telemetry": "4|0|||",
        "x-client-os": "win32",
        "x-client-sku": "MSAL.Python",
        "x-client-ver": "1.14.0",
        "x-ms-lib-capability": "retry-after, h429"
      },
      "RequestBody": "client_id=e44dee3b-e7da-43fe-9d75-d959fd12aace\u0026grant_type=client_credentials\u0026client_info=1\u0026client_secret=769ea470-236a-4eca-a34f-b78bcd17f2d5\u0026scope=https%3A%2F%2Fstorage.azure.com%2F.default",
      "StatusCode": 200,
      "ResponseHeaders": {
        "Cache-Control": "no-store, no-cache",
        "client-request-id": "c06e638d-bf9f-4797-8116-c4e321b635c5",
        "Content-Length": "1318",
        "Content-Type": "application/json; charset=utf-8",
        "Date": "Wed, 15 Sep 2021 18:02:22 GMT",
        "Expires": "-1",
        "P3P": "CP=\u0022DSP CUR OTPi IND OTRi ONL FIN\u0022",
        "Pragma": "no-cache",
        "Set-Cookie": [
          "fpc=AupsApRYPkdPu3bMQwcQtKwV08hTBwAAAAcs1NgOAAAA; expires=Fri, 15-Oct-2021 18:02:23 GMT; path=/; secure; HttpOnly; SameSite=None",
          "x-ms-gateway-slice=estsfd; path=/; secure; samesite=none; httponly",
          "stsservicecookie=estsfd; path=/; secure; samesite=none; httponly"
        ],
        "Strict-Transport-Security": "max-age=31536000; includeSubDomains",
        "X-Content-Type-Options": "nosniff",
        "x-ms-clitelem": "1,0,0,,",
        "x-ms-ests-server": "2.1.12025.15 - EUS ProdSlices",
        "x-ms-request-id": "c10d0d39-46de-4892-a66a-ea0169139201"
      },
      "ResponseBody": {
        "token_type": "Bearer",
        "expires_in": 86399,
        "ext_expires_in": 86399,
        "access_token": "eyJ0eXAiOiJKV1QiLCJhbGciOiJSUzI1NiIsIng1dCI6Imwzc1EtNTBjQ0g0eEJWWkxIVEd3blNSNzY4MCIsImtpZCI6Imwzc1EtNTBjQ0g0eEJWWkxIVEd3blNSNzY4MCJ9.eyJhdWQiOiJodHRwczovL3N0b3JhZ2UuYXp1cmUuY29tIiwiaXNzIjoiaHR0cHM6Ly9zdHMud2luZG93cy5uZXQvNzJmOTg4YmYtODZmMS00MWFmLTkxYWItMmQ3Y2QwMTFkYjQ3LyIsImlhdCI6MTYzMTcyODY0MywibmJmIjoxNjMxNzI4NjQzLCJleHAiOjE2MzE4MTUzNDMsImFpbyI6IkUyWmdZRWo2OTJaWHVMSHMrWWpnMVBKZHJ6dUxBQT09IiwiYXBwaWQiOiJlNDRkZWUzYi1lN2RhLTQzZmUtOWQ3NS1kOTU5ZmQxMmFhY2UiLCJhcHBpZGFjciI6IjEiLCJpZHAiOiJodHRwczovL3N0cy53aW5kb3dzLm5ldC83MmY5ODhiZi04NmYxLTQxYWYtOTFhYi0yZDdjZDAxMWRiNDcvIiwib2lkIjoiOTFlOWViMmUtMDZjMS00N2QxLWJjNzItYTBiYzgzZjg4ZWRlIiwicmgiOiIwLkFSb0F2NGo1Y3ZHR3IwR1JxeTE4MEJIYlJ6dnVUZVRhNV81RG5YWFpXZjBTcXM0YUFBQS4iLCJzdWIiOiI5MWU5ZWIyZS0wNmMxLTQ3ZDEtYmM3Mi1hMGJjODNmODhlZGUiLCJ0aWQiOiI3MmY5ODhiZi04NmYxLTQxYWYtOTFhYi0yZDdjZDAxMWRiNDciLCJ1dGkiOiJPUTBOd2Q1R2traW1hdW9CYVJPU0FRIiwidmVyIjoiMS4wIn0.GwLt_pSeIfqgQV2bLOTpVt6J6M0yLh016JnxgIIL7YhzwMNjGUIeLV9qqO2_UzSEHCe6jqB76uYX1dJg38f3HuPpvrR26_Ww5O3GqGRRk3yZ_a-R40KOMkOO9DmfuCkgGHUuP1VKnaqNijeEHCVIiBwe4rUT3K6rJ2MSxJYMWfjxP0zrgHgmHr_NPYoJaZcaKDZLSRndVEIrO8EIeT-azisjQ8EN-4S89XtK4pZ03EARWBB9uOBZs3hIg1arBjyTN6XCbRjhkH4JphbYLb9W96YjMyPgTIX-bPwUM3U7Bpq1bksnFb3Ecam-RGPBC5F0E4X0mBY5OGurNeVS68XJWw"
      }
    },
    {
      "RequestUri": "https://yalltablestestsprim.table.core.windows.net/pytablesynca6c728e6?comp=acl",
      "RequestMethod": "GET",
      "RequestHeaders": {
        "Accept": "application/xml",
        "Accept-Encoding": "gzip, deflate",
        "Authorization": "Sanitized",
        "Connection": "keep-alive",
        "Date": "Wed, 15 Sep 2021 18:02:25 GMT",
        "User-Agent": "azsdk-python-data-tables/12.1.1 Python/3.9.2 (Windows-10-10.0.19041-SP0)",
        "x-ms-client-request-id": "14e361ad-164f-11ec-b2a5-5cf37093a909",
        "x-ms-date": "Wed, 15 Sep 2021 18:02:25 GMT",
        "x-ms-version": "2019-02-02"
      },
      "RequestBody": null,
      "StatusCode": 404,
      "ResponseHeaders": {
        "Content-Length": "322",
        "Content-Type": "application/xml",
        "Date": "Wed, 15 Sep 2021 18:02:22 GMT",
        "Server": [
          "Windows-Azure-Table/1.0",
          "Microsoft-HTTPAPI/2.0"
        ],
        "x-ms-client-request-id": "14e361ad-164f-11ec-b2a5-5cf37093a909",
        "x-ms-error-code": "ResourceNotFound",
        "x-ms-request-id": "dd1dcc5f-4002-0085-785b-aab6fe000000",
        "x-ms-version": "2019-02-02"
      },
      "ResponseBody": [
        "\u003C?xml version=\u00221.0\u0022 encoding=\u0022utf-8\u0022?\u003E\u003Cm:error xmlns:m=\u0022http://schemas.microsoft.com/ado/2007/08/dataservices/metadata\u0022\u003E\u003Cm:code\u003EResourceNotFound\u003C/m:code\u003E\u003Cm:message xml:lang=\u0022en-US\u0022\u003EThe specified resource does not exist.\n",
        "RequestId:dd1dcc5f-4002-0085-785b-aab6fe000000\n",
        "Time:2021-09-15T18:02:23.2865941Z\u003C/m:message\u003E\u003C/m:error\u003E"
      ]
    },
    {
      "RequestUri": "https://yalltablestestsprim.table.core.windows.net/pytablesynca6c728e6?comp=acl",
      "RequestMethod": "PUT",
      "RequestHeaders": {
        "Accept": "application/xml",
        "Accept-Encoding": "gzip, deflate",
        "Authorization": "Sanitized",
        "Connection": "keep-alive",
        "Content-Length": "0",
        "Content-Type": "application/xml",
        "Date": "Wed, 15 Sep 2021 18:02:25 GMT",
        "User-Agent": "azsdk-python-data-tables/12.1.1 Python/3.9.2 (Windows-10-10.0.19041-SP0)",
        "x-ms-client-request-id": "1519440d-164f-11ec-ab5d-5cf37093a909",
        "x-ms-date": "Wed, 15 Sep 2021 18:02:25 GMT",
        "x-ms-version": "2019-02-02"
      },
      "RequestBody": null,
      "StatusCode": 404,
      "ResponseHeaders": {
        "Content-Length": "322",
        "Content-Type": "application/xml",
        "Date": "Wed, 15 Sep 2021 18:02:22 GMT",
        "Server": [
          "Windows-Azure-Table/1.0",
          "Microsoft-HTTPAPI/2.0"
        ],
        "x-ms-client-request-id": "1519440d-164f-11ec-ab5d-5cf37093a909",
        "x-ms-error-code": "ResourceNotFound",
        "x-ms-request-id": "dd1dcc64-4002-0085-7b5b-aab6fe000000",
        "x-ms-version": "2019-02-02"
      },
      "ResponseBody": [
        "\u003C?xml version=\u00221.0\u0022 encoding=\u0022utf-8\u0022?\u003E\u003Cm:error xmlns:m=\u0022http://schemas.microsoft.com/ado/2007/08/dataservices/metadata\u0022\u003E\u003Cm:code\u003EResourceNotFound\u003C/m:code\u003E\u003Cm:message xml:lang=\u0022en-US\u0022\u003EThe specified resource does not exist.\n",
        "RequestId:dd1dcc64-4002-0085-7b5b-aab6fe000000\n",
        "Time:2021-09-15T18:02:23.3256210Z\u003C/m:message\u003E\u003C/m:error\u003E"
      ]
    }
  ],
  "Variables": {}
}