interactions:
- request:
    body: '{"TableName": "uttable974c175d"}'
    headers:
      Accept:
      - application/json;odata=minimalmetadata
      Accept-Encoding:
      - gzip, deflate
      Connection:
      - keep-alive
      Content-Length:
      - '32'
      Content-Type:
      - application/json;odata=nometadata
      DataServiceVersion:
      - '3.0'
      Date:
      - Fri, 18 Sep 2020 20:33:48 GMT
      User-Agent:
      - azsdk-python-data-tables/2019-07-07 Python/3.8.4 (Windows-10-10.0.19041-SP0)
      x-ms-date:
      - Fri, 18 Sep 2020 20:33:48 GMT
      x-ms-version:
      - '2019-07-07'
    method: POST
    uri: https://cosmostablescosmosname.table.cosmos.azure.com/Tables
  response:
    body:
      string: '{"TableName":"uttable974c175d","odata.metadata":"https://cosmostablescosmosname.table.cosmos.azure.com/$metadata#Tables/@Element"}'
    headers:
      content-type:
      - application/json;odata=minimalmetadata
      date:
      - Fri, 18 Sep 2020 20:33:49 GMT
      etag:
      - W/"datetime'2020-09-18T20%3A33%3A49.4657031Z'"
      location:
      - https://cosmostablescosmosname.table.cosmos.azure.com/Tables('uttable974c175d')
      server:
      - Microsoft-HTTPAPI/2.0
      transfer-encoding:
      - chunked
    status:
      code: 201
      message: Ok
- request:
    body: '{"PartitionKey": "pk974c175d", "RowKey": "rk974c175d", "age": "abc", "sex":
      "female", "sign": "aquarius", "birthday": "1991-10-04T00:00:00Z", "birthday@odata.type":
      "Edm.DateTime"}'
    headers:
      Accept:
      - '*/*'
      Accept-Encoding:
      - gzip, deflate
      Connection:
      - keep-alive
      Content-Length:
      - '180'
      Content-Type:
      - application/json
      DataServiceVersion:
      - '3.0'
      Date:
      - Fri, 18 Sep 2020 20:33:49 GMT
      If-Match:
      - '*'
      User-Agent:
      - azsdk-python-data-tables/2019-07-07 Python/3.8.4 (Windows-10-10.0.19041-SP0)
      x-ms-date:
      - Fri, 18 Sep 2020 20:33:49 GMT
      x-ms-version:
      - '2019-07-07'
    method: PUT
    uri: https://cosmostablescosmosname.table.cosmos.azure.com/uttable974c175d(PartitionKey='pk974c175d',RowKey='rk974c175d')
  response:
    body:
      string: "{\"odata.error\":{\"code\":\"ResourceNotFound\",\"message\":{\"lang\":\"en-us\",\"value\":\"The
        specified resource does not exist.\\nRequestID:42290e14-f9ee-11ea-9004-58961df361d1\\n\"}}}\r\n"
    headers:
      content-type:
      - application/json;odata=fullmetadata
      date:
      - Fri, 18 Sep 2020 20:33:49 GMT
      server:
      - Microsoft-HTTPAPI/2.0
      transfer-encoding:
      - chunked
    status:
      code: 404
      message: Not Found
- request:
    body: null
    headers:
      Accept:
      - '*/*'
      Accept-Encoding:
      - gzip, deflate
      Connection:
      - keep-alive
      Content-Length:
      - '0'
      Date:
      - Fri, 18 Sep 2020 20:33:49 GMT
      User-Agent:
      - azsdk-python-data-tables/2019-07-07 Python/3.8.4 (Windows-10-10.0.19041-SP0)
      x-ms-date:
      - Fri, 18 Sep 2020 20:33:49 GMT
      x-ms-version:
      - '2019-07-07'
    method: DELETE
    uri: https://cosmostablescosmosname.table.cosmos.azure.com/Tables('uttable974c175d')
  response:
    body:
      string: ''
    headers:
      content-length:
      - '0'
      date:
      - Fri, 18 Sep 2020 20:33:49 GMT
      server:
      - Microsoft-HTTPAPI/2.0
    status:
      code: 204
      message: No Content
- request:
    body: null
    headers:
      Accept:
      - application/json;odata=minimalmetadata
      Accept-Encoding:
      - gzip, deflate
      Connection:
      - keep-alive
      DataServiceVersion:
      - '3.0'
      Date:
      - Fri, 18 Sep 2020 20:33:49 GMT
      User-Agent:
      - azsdk-python-data-tables/2019-07-07 Python/3.8.4 (Windows-10-10.0.19041-SP0)
      x-ms-date:
      - Fri, 18 Sep 2020 20:33:49 GMT
      x-ms-version:
      - '2019-07-07'
    method: GET
    uri: https://cosmostablescosmosname.table.cosmos.azure.com/Tables
  response:
    body:
      string: '{"value":[{"TableName":"querytable2da719db"},{"TableName":"querytable981b173a"},{"TableName":"querytablefe63147d"},{"TableName":"querytablec80b1810"},{"TableName":"querytable5436162b"},{"TableName":"querytable9c05125e"}],"odata.metadata":"https://cosmostablescosmosname.table.cosmos.azure.com/$metadata#Tables"}'
    headers:
      content-type:
      - application/json;odata=minimalmetadata
      date:
      - Fri, 18 Sep 2020 20:33:49 GMT
      server:
      - Microsoft-HTTPAPI/2.0
      transfer-encoding:
      - chunked
    status:
      code: 200
      message: Ok
version: 1
