interactions:
- request:
    body: '{"TableName": "uttable23a30f59"}'
    headers:
      Accept:
      - application/json;odata=minimalmetadata
      Content-Length:
      - '32'
      Content-Type:
      - application/json;odata=nometadata
      DataServiceVersion:
      - '3.0'
      Date:
      - Wed, 02 Sep 2020 02:27:46 GMT
      User-Agent:
      - azsdk-python-data-tables/12.0.0b1 Python/3.8.4 (Windows-10-10.0.19041-SP0)
      x-ms-date:
      - Wed, 02 Sep 2020 02:27:46 GMT
      x-ms-version:
      - '2019-02-02'
    method: POST
    uri: https://storagename.table.core.windows.net/Tables
  response:
    body:
      string: '{"odata.metadata":"https://storagename.table.core.windows.net/$metadata#Tables/@Element","TableName":"uttable23a30f59"}'
    headers:
      cache-control: no-cache
      content-type: application/json;odata=minimalmetadata;streaming=true;charset=utf-8
      date: Wed, 02 Sep 2020 02:27:46 GMT
      location: https://storagename.table.core.windows.net/Tables('uttable23a30f59')
      server: Windows-Azure-Table/1.0 Microsoft-HTTPAPI/2.0
      transfer-encoding: chunked
      x-content-type-options: nosniff
      x-ms-version: '2019-02-02'
    status:
      code: 201
      message: Created
    url: https://pyacrstoragect6543astms7.table.core.windows.net/Tables
- request:
    body: '{"PartitionKey": "pk23a30f59", "RowKey": "rk23a30f59", "date": "2003-09-27T09:52:43Z",
      "date@odata.type": "Edm.DateTime"}'
    headers:
      Accept:
      - application/json;odata=minimalmetadata
      Content-Length:
      - '121'
      Content-Type:
      - application/json;odata=nometadata
      DataServiceVersion:
      - '3.0'
      Date:
      - Wed, 02 Sep 2020 02:27:46 GMT
      User-Agent:
      - azsdk-python-data-tables/12.0.0b1 Python/3.8.4 (Windows-10-10.0.19041-SP0)
      x-ms-date:
      - Wed, 02 Sep 2020 02:27:46 GMT
      x-ms-version:
      - '2019-02-02'
    method: POST
    uri: https://storagename.table.core.windows.net/uttable23a30f59
  response:
    body:
      string: '{"odata.metadata":"https://storagename.table.core.windows.net/$metadata#uttable23a30f59/@Element","odata.etag":"W/\"datetime''2020-09-02T02%3A27%3A46.6179882Z''\"","PartitionKey":"pk23a30f59","RowKey":"rk23a30f59","Timestamp":"2020-09-02T02:27:46.6179882Z","date@odata.type":"Edm.DateTime","date":"2003-09-27T09:52:43Z"}'
    headers:
      cache-control: no-cache
      content-type: application/json;odata=minimalmetadata;streaming=true;charset=utf-8
      date: Wed, 02 Sep 2020 02:27:46 GMT
      etag: W/"datetime'2020-09-02T02%3A27%3A46.6179882Z'"
      location: https://storagename.table.core.windows.net/uttable23a30f59(PartitionKey='pk23a30f59',RowKey='rk23a30f59')
      server: Windows-Azure-Table/1.0 Microsoft-HTTPAPI/2.0
      transfer-encoding: chunked
      x-content-type-options: nosniff
      x-ms-version: '2019-02-02'
    status:
      code: 201
      message: Created
    url: https://pyacrstoragect6543astms7.table.core.windows.net/uttable23a30f59
- request:
    body: null
    headers:
      Accept:
      - application/json;odata=minimalmetadata
      DataServiceVersion:
      - '3.0'
      Date:
      - Wed, 02 Sep 2020 02:27:46 GMT
      User-Agent:
      - azsdk-python-data-tables/12.0.0b1 Python/3.8.4 (Windows-10-10.0.19041-SP0)
      x-ms-date:
      - Wed, 02 Sep 2020 02:27:46 GMT
      x-ms-version:
      - '2019-02-02'
    method: GET
    uri: https://storagename.table.core.windows.net/uttable23a30f59(PartitionKey='pk23a30f59',RowKey='rk23a30f59')
  response:
    body:
      string: '{"odata.metadata":"https://storagename.table.core.windows.net/$metadata#uttable23a30f59/@Element","odata.etag":"W/\"datetime''2020-09-02T02%3A27%3A46.6179882Z''\"","PartitionKey":"pk23a30f59","RowKey":"rk23a30f59","Timestamp":"2020-09-02T02:27:46.6179882Z","date@odata.type":"Edm.DateTime","date":"2003-09-27T09:52:43Z"}'
    headers:
      cache-control: no-cache
      content-type: application/json;odata=minimalmetadata;streaming=true;charset=utf-8
      date: Wed, 02 Sep 2020 02:27:46 GMT
      etag: W/"datetime'2020-09-02T02%3A27%3A46.6179882Z'"
      server: Windows-Azure-Table/1.0 Microsoft-HTTPAPI/2.0
      transfer-encoding: chunked
      x-content-type-options: nosniff
      x-ms-version: '2019-02-02'
    status:
      code: 200
      message: OK
    url: https://pyacrstoragect6543astms7.table.core.windows.net/uttable23a30f59(PartitionKey='pk23a30f59',RowKey='rk23a30f59')
- request:
    body: null
    headers:
      Date:
      - Wed, 02 Sep 2020 02:27:46 GMT
      User-Agent:
      - azsdk-python-data-tables/12.0.0b1 Python/3.8.4 (Windows-10-10.0.19041-SP0)
      x-ms-date:
      - Wed, 02 Sep 2020 02:27:46 GMT
      x-ms-version:
      - '2019-02-02'
    method: DELETE
    uri: https://storagename.table.core.windows.net/Tables('uttable23a30f59')
  response:
    body:
      string: ''
    headers:
      cache-control: no-cache
      content-length: '0'
      date: Wed, 02 Sep 2020 02:27:46 GMT
      server: Windows-Azure-Table/1.0 Microsoft-HTTPAPI/2.0
      x-content-type-options: nosniff
      x-ms-version: '2019-02-02'
    status:
      code: 204
      message: No Content
    url: https://pyacrstoragect6543astms7.table.core.windows.net/Tables('uttable23a30f59')
version: 1
