{
  "Entries": [
    {
      "RequestUri": "https://yalltbtestsprim.table.cosmos.azure.com/Tables",
      "RequestMethod": "POST",
      "RequestHeaders": {
        "Accept": "application/json;odata=minimalmetadata",
        "Accept-Encoding": "gzip, deflate",
        "Authorization": "Sanitized",
        "Content-Length": "32",
        "Content-Type": "application/json;odata=nometadata",
        "DataServiceVersion": "3.0",
        "Date": "Thu, 16 Sep 2021 23:29:45 GMT",
        "User-Agent": "azsdk-python-data-tables/12.1.1 Python/3.9.2 (Windows-10-10.0.19041-SP0)",
        "x-ms-client-request-id": "f9f66144-1745-11ec-a33e-5cf37093a909",
        "x-ms-date": "Thu, 16 Sep 2021 23:29:45 GMT",
        "x-ms-version": "2019-02-02"
      },
      "RequestBody": "{\u0022TableName\u0022: \u0022uttable9c073f0f\u0022}",
      "StatusCode": 201,
      "ResponseHeaders": {
        "Content-Type": "application/json; odata=minimalmetadata",
        "Date": "Thu, 16 Sep 2021 23:29:44 GMT",
        "ETag": "W/\u0022datetime\u00272021-09-16T23%3A29%3A44.4270088Z\u0027\u0022",
        "Location": "https://yalltbtestsprim.table.cosmos.azure.com/Tables(\u0027uttable9c073f0f\u0027)",
        "Transfer-Encoding": "chunked",
        "x-ms-request-id": "bbbea55c-3bca-463f-ad97-17edefc46f8d"
      },
      "ResponseBody": {
        "TableName": "uttable9c073f0f",
        "odata.metadata": "https://yalltbtestsprim.table.cosmos.azure.com/$metadata#Tables/@Element"
      }
    },
    {
      "RequestUri": "https://yalltbtestsprim.table.cosmos.azure.com/uttable9c073f0f(PartitionKey=\u0027pk9c073f0f\u0027,RowKey=\u0027rk9c073f0f\u0027)",
      "RequestMethod": "PUT",
      "RequestHeaders": {
        "Accept": "application/json",
        "Accept-Encoding": "gzip, deflate",
        "Authorization": "Sanitized",
        "Content-Length": "360",
        "Content-Type": "application/json",
        "DataServiceVersion": "3.0",
        "Date": "Thu, 16 Sep 2021 23:29:46 GMT",
        "User-Agent": "azsdk-python-data-tables/12.1.1 Python/3.9.2 (Windows-10-10.0.19041-SP0)",
        "x-ms-client-request-id": "fa50d4a4-1745-11ec-952f-5cf37093a909",
        "x-ms-date": "Thu, 16 Sep 2021 23:29:46 GMT",
        "x-ms-version": "2019-02-02"
      },
      "RequestBody": "{\u0022PartitionKey\u0022: \u0022pk9c073f0f\u0022, \u0022PartitionKey@odata.type\u0022: \u0022Edm.String\u0022, \u0022RowKey\u0022: \u0022rk9c073f0f\u0022, \u0022RowKey@odata.type\u0022: \u0022Edm.String\u0022, \u0022age\u0022: \u0022abc\u0022, \u0022age@odata.type\u0022: \u0022Edm.String\u0022, \u0022sex\u0022: \u0022female\u0022, \u0022sex@odata.type\u0022: \u0022Edm.String\u0022, \u0022sign\u0022: \u0022aquarius\u0022, \u0022sign@odata.type\u0022: \u0022Edm.String\u0022, \u0022birthday\u0022: \u00221991-10-04T00:00:00.000000Z\u0022, \u0022birthday@odata.type\u0022: \u0022Edm.DateTime\u0022}",
      "StatusCode": 204,
      "ResponseHeaders": {
        "Content-Type": "application/json",
        "Date": "Thu, 16 Sep 2021 23:29:44 GMT",
        "ETag": "W/\u0022datetime\u00272021-09-16T23%3A29%3A44.8747016Z\u0027\u0022",
        "x-ms-request-id": "707e94f7-0000-4b27-ad23-83039174ff91"
      },
      "ResponseBody": null
    },
    {
      "RequestUri": "https://yalltbtestsprim.table.cosmos.azure.com/uttable9c073f0f(PartitionKey=\u0027pk9c073f0f\u0027,RowKey=\u0027rk9c073f0f\u0027)",
      "RequestMethod": "GET",
      "RequestHeaders": {
        "Accept": "application/json;odata=minimalmetadata",
        "Accept-Encoding": "gzip, deflate",
        "Authorization": "Sanitized",
        "DataServiceVersion": "3.0",
        "Date": "Thu, 16 Sep 2021 23:29:46 GMT",
        "User-Agent": "azsdk-python-data-tables/12.1.1 Python/3.9.2 (Windows-10-10.0.19041-SP0)",
        "x-ms-client-request-id": "fa5b69e0-1745-11ec-93c5-5cf37093a909",
        "x-ms-date": "Thu, 16 Sep 2021 23:29:46 GMT",
        "x-ms-version": "2019-02-02"
      },
      "RequestBody": null,
      "StatusCode": 200,
      "ResponseHeaders": {
        "Content-Type": "application/json; odata=minimalmetadata",
        "Date": "Thu, 16 Sep 2021 23:29:44 GMT",
        "ETag": "W/\u0022datetime\u00272021-09-16T23%3A29%3A44.8747016Z\u0027\u0022",
        "Transfer-Encoding": "chunked",
        "x-ms-request-id": "21b4a26e-7ddb-4393-ab89-08b7b0bff5f2"
      },
      "ResponseBody": {
        "odata.metadata": "https://yalltbtestsprim.table.cosmos.azure.com/uttable9c073f0f/$metadata#uttable9c073f0f/@Element",
        "odata.etag": "W/\u0022datetime\u00272021-09-16T23%3A29%3A44.8747016Z\u0027\u0022",
        "PartitionKey": "pk9c073f0f",
        "RowKey": "rk9c073f0f",
        "age": "abc",
        "sex": "female",
        "sign": "aquarius",
        "birthday@odata.type": "Edm.DateTime",
        "birthday": "1991-10-04T00:00:00.0000000Z",
        "Timestamp": "2021-09-16T23:29:44.8747016Z"
      }
    },
    {
      "RequestUri": "https://yalltbtestsprim.table.cosmos.azure.com/Tables",
      "RequestMethod": "GET",
      "RequestHeaders": {
        "Accept": "application/json;odata=minimalmetadata",
        "Accept-Encoding": "gzip, deflate",
        "Authorization": "Sanitized",
        "DataServiceVersion": "3.0",
        "Date": "Thu, 16 Sep 2021 23:29:46 GMT",
        "User-Agent": "azsdk-python-data-tables/12.1.1 Python/3.9.2 (Windows-10-10.0.19041-SP0)",
        "x-ms-client-request-id": "fa611e96-1745-11ec-ae5a-5cf37093a909",
        "x-ms-date": "Thu, 16 Sep 2021 23:29:46 GMT",
        "x-ms-version": "2019-02-02"
      },
      "RequestBody": null,
      "StatusCode": 200,
      "ResponseHeaders": {
        "Content-Type": "application/json; odata=minimalmetadata",
        "Date": "Thu, 16 Sep 2021 23:29:44 GMT",
        "Transfer-Encoding": "chunked",
        "x-ms-request-id": "99b0d54b-77ad-44d8-bbe1-24d23ed568c7"
      },
      "ResponseBody": {
        "value": [
          {
            "TableName": "uttable9c073f0f"
          }
        ],
        "odata.metadata": "https://yalltbtestsprim.table.cosmos.azure.com/$metadata#Tables"
      }
    },
    {
      "RequestUri": "https://yalltbtestsprim.table.cosmos.azure.com/Tables(\u0027uttable9c073f0f\u0027)",
      "RequestMethod": "DELETE",
      "RequestHeaders": {
        "Accept": "application/json",
        "Accept-Encoding": "gzip, deflate",
        "Authorization": "Sanitized",
        "Content-Length": "0",
        "Date": "Thu, 16 Sep 2021 23:29:46 GMT",
        "User-Agent": "azsdk-python-data-tables/12.1.1 Python/3.9.2 (Windows-10-10.0.19041-SP0)",
        "x-ms-client-request-id": "fa64d0b9-1745-11ec-8292-5cf37093a909",
        "x-ms-date": "Thu, 16 Sep 2021 23:29:46 GMT",
        "x-ms-version": "2019-02-02"
      },
      "RequestBody": null,
      "StatusCode": 204,
      "ResponseHeaders": {
        "Date": "Thu, 16 Sep 2021 23:29:44 GMT",
        "x-ms-request-id": "9e550ff9-ee9b-4fe5-82af-da91ebfb4526"
      },
      "ResponseBody": null
    }
  ],
  "Variables": {}
}