interactions:
- request:
    body: '{"TableName": "uttable94c316ff"}'
    headers:
      Accept:
      - application/json;odata=minimalmetadata
      Content-Length:
      - '32'
      Content-Type:
      - application/json;odata=nometadata
      DataServiceVersion:
      - '3.0'
      Date:
      - Wed, 26 May 2021 22:27:27 GMT
      User-Agent:
      - azsdk-python-data-tables/12.0.0b7 Python/3.8.1 (Windows-10-10.0.19041-SP0)
      x-ms-date:
      - Wed, 26 May 2021 22:27:27 GMT
      x-ms-version:
      - '2019-02-02'
    method: POST
    uri: https://fake_cosmos_account.table.cosmos.azure.com/Tables
  response:
    body:
      string: '{"TableName":"uttable94c316ff","odata.metadata":"https://fake_cosmos_account.table.cosmos.azure.com/$metadata#Tables/@Element"}'
    headers:
      content-type: application/json;odata=minimalmetadata
      date: Wed, 26 May 2021 22:27:27 GMT
      etag: W/"datetime'2021-05-26T22%3A27%3A27.9599624Z'"
      location: https://fake_cosmos_account.table.cosmos.azure.com/Tables('uttable94c316ff')
      server: Microsoft-HTTPAPI/2.0
      transfer-encoding: chunked
    status:
      code: 201
      message: Ok
    url: https://seankaneprim.table.cosmos.azure.com/Tables
- request:
    body: '{"PartitionKey": "pk94c316ff", "PartitionKey@odata.type": "Edm.String",
      "RowKey": "rk94c316ff", "RowKey@odata.type": "Edm.String", "etag": "bar", "etag@odata.type":
      "Edm.String", "Etag": "baz", "Etag@odata.type": "Edm.String"}'
    headers:
      Accept:
      - application/json;odata=minimalmetadata
      Content-Length:
      - '226'
      Content-Type:
      - application/json;odata=nometadata
      DataServiceVersion:
      - '3.0'
      Date:
      - Wed, 26 May 2021 22:27:28 GMT
      User-Agent:
      - azsdk-python-data-tables/12.0.0b7 Python/3.8.1 (Windows-10-10.0.19041-SP0)
      x-ms-date:
      - Wed, 26 May 2021 22:27:28 GMT
      x-ms-version:
      - '2019-02-02'
    method: POST
    uri: https://fake_cosmos_account.table.cosmos.azure.com/uttable94c316ff
  response:
    body:
      string: '{"odata.metadata":"https://fake_cosmos_account.table.cosmos.azure.com/uttable94c316ff/$metadata#uttable94c316ff/@Element","odata.etag":"W/\"datetime''2021-05-26T22%3A27%3A28.4132872Z''\"","PartitionKey":"pk94c316ff","RowKey":"rk94c316ff","etag":"bar","Timestamp":"2021-05-26T22:27:28.4132872Z"}'
    headers:
      content-type: application/json;odata=minimalmetadata
      date: Wed, 26 May 2021 22:27:27 GMT
      etag: W/"datetime'2021-05-26T22%3A27%3A28.4132872Z'"
      location: https://fake_cosmos_account.table.cosmos.azure.com/uttable94c316ff(PartitionKey='pk94c316ff',RowKey='rk94c316ff')
      server: Microsoft-HTTPAPI/2.0
      transfer-encoding: chunked
    status:
      code: 201
      message: Created
    url: https://seankaneprim.table.cosmos.azure.com/uttable94c316ff
- request:
    body: null
    headers:
      Accept:
      - application/json;odata=minimalmetadata
      DataServiceVersion:
      - '3.0'
      Date:
      - Wed, 26 May 2021 22:27:28 GMT
      User-Agent:
      - azsdk-python-data-tables/12.0.0b7 Python/3.8.1 (Windows-10-10.0.19041-SP0)
      x-ms-date:
      - Wed, 26 May 2021 22:27:28 GMT
      x-ms-version:
      - '2019-02-02'
    method: GET
    uri: https://fake_cosmos_account.table.cosmos.azure.com/uttable94c316ff(PartitionKey='pk94c316ff',RowKey='rk94c316ff')
  response:
    body:
      string: '{"odata.metadata":"https://fake_cosmos_account.table.cosmos.azure.com/uttable94c316ff/$metadata#uttable94c316ff/@Element","odata.etag":"W/\"datetime''2021-05-26T22%3A27%3A28.4132872Z''\"","PartitionKey":"pk94c316ff","RowKey":"rk94c316ff","etag":"bar","Timestamp":"2021-05-26T22:27:28.4132872Z"}'
    headers:
      content-type: application/json;odata=minimalmetadata
      date: Wed, 26 May 2021 22:27:27 GMT
      etag: W/"datetime'2021-05-26T22%3A27%3A28.4132872Z'"
      server: Microsoft-HTTPAPI/2.0
      transfer-encoding: chunked
    status:
      code: 200
      message: Ok
    url: https://seankaneprim.table.cosmos.azure.com/uttable94c316ff(PartitionKey='pk94c316ff',RowKey='rk94c316ff')
- request:
    body: '{"PartitionKey": "pk94c316ff", "PartitionKey@odata.type": "Edm.String",
      "RowKey": "rk94c316ff", "RowKey@odata.type": "Edm.String", "etag": "two", "etag@odata.type":
      "Edm.String", "Etag": "three", "Etag@odata.type": "Edm.String"}'
    headers:
      Accept:
      - application/json
      Content-Length:
      - '228'
      Content-Type:
      - application/json
      DataServiceVersion:
      - '3.0'
      Date:
      - Wed, 26 May 2021 22:27:28 GMT
      If-Match:
      - W/"datetime'2021-05-26T22%3A27%3A28.4132872Z'"
      User-Agent:
      - azsdk-python-data-tables/12.0.0b7 Python/3.8.1 (Windows-10-10.0.19041-SP0)
      X-HTTP-Method:
      - MERGE
      x-ms-date:
      - Wed, 26 May 2021 22:27:28 GMT
      x-ms-version:
      - '2019-02-02'
    method: POST
    uri: https://fake_cosmos_account.table.cosmos.azure.com/uttable94c316ff(PartitionKey='pk94c316ff',RowKey='rk94c316ff')
  response:
    body:
      string: ''
    headers:
      content-length: '0'
      date: Wed, 26 May 2021 22:27:27 GMT
      etag: W/"datetime'2021-05-26T22%3A27%3A28.4777992Z'"
      server: Microsoft-HTTPAPI/2.0
    status:
      code: 204
      message: No Content
    url: https://seankaneprim.table.cosmos.azure.com/uttable94c316ff(PartitionKey='pk94c316ff',RowKey='rk94c316ff')
- request:
    body: null
    headers:
      Accept:
      - application/json;odata=minimalmetadata
      DataServiceVersion:
      - '3.0'
      Date:
      - Wed, 26 May 2021 22:27:28 GMT
      User-Agent:
      - azsdk-python-data-tables/12.0.0b7 Python/3.8.1 (Windows-10-10.0.19041-SP0)
      x-ms-date:
      - Wed, 26 May 2021 22:27:28 GMT
      x-ms-version:
      - '2019-02-02'
    method: GET
    uri: https://fake_cosmos_account.table.cosmos.azure.com/uttable94c316ff(PartitionKey='pk94c316ff',RowKey='rk94c316ff')
  response:
    body:
      string: '{"odata.metadata":"https://fake_cosmos_account.table.cosmos.azure.com/uttable94c316ff/$metadata#uttable94c316ff/@Element","odata.etag":"W/\"datetime''2021-05-26T22%3A27%3A28.4777992Z''\"","PartitionKey":"pk94c316ff","RowKey":"rk94c316ff","etag":"two","Timestamp":"2021-05-26T22:27:28.4777992Z"}'
    headers:
      content-type: application/json;odata=minimalmetadata
      date: Wed, 26 May 2021 22:27:27 GMT
      etag: W/"datetime'2021-05-26T22%3A27%3A28.4777992Z'"
      server: Microsoft-HTTPAPI/2.0
      transfer-encoding: chunked
    status:
      code: 200
      message: Ok
    url: https://seankaneprim.table.cosmos.azure.com/uttable94c316ff(PartitionKey='pk94c316ff',RowKey='rk94c316ff')
- request:
    body: null
    headers:
      Accept:
      - application/json;odata=minimalmetadata
      DataServiceVersion:
      - '3.0'
      Date:
      - Wed, 26 May 2021 22:27:28 GMT
      User-Agent:
      - azsdk-python-data-tables/12.0.0b7 Python/3.8.1 (Windows-10-10.0.19041-SP0)
      x-ms-date:
      - Wed, 26 May 2021 22:27:28 GMT
      x-ms-version:
      - '2019-02-02'
    method: GET
    uri: https://fake_cosmos_account.table.cosmos.azure.com/Tables
  response:
    body:
      string: '{"value":[{"TableName":"uttable94c316ff"}],"odata.metadata":"https://fake_cosmos_account.table.cosmos.azure.com/$metadata#Tables"}'
    headers:
      content-type: application/json;odata=minimalmetadata
      date: Wed, 26 May 2021 22:27:28 GMT
      server: Microsoft-HTTPAPI/2.0
      transfer-encoding: chunked
    status:
      code: 200
      message: Ok
    url: https://seankaneprim.table.cosmos.azure.com/Tables
- request:
    body: null
    headers:
      Accept:
      - application/json
      Date:
      - Wed, 26 May 2021 22:27:28 GMT
      User-Agent:
      - azsdk-python-data-tables/12.0.0b7 Python/3.8.1 (Windows-10-10.0.19041-SP0)
      x-ms-date:
      - Wed, 26 May 2021 22:27:28 GMT
      x-ms-version:
      - '2019-02-02'
    method: DELETE
    uri: https://fake_cosmos_account.table.cosmos.azure.com/Tables('uttable94c316ff')
  response:
    body:
      string: ''
    headers:
      content-length: '0'
      date: Wed, 26 May 2021 22:27:28 GMT
      server: Microsoft-HTTPAPI/2.0
    status:
      code: 204
      message: No Content
    url: https://seankaneprim.table.cosmos.azure.com/Tables('uttable94c316ff')
version: 1
