{
  "Entries": [
    {
      "RequestUri": "https://fakeendpoint.table.core.windows.net/Tables",
      "RequestMethod": "POST",
      "RequestHeaders": {
        "Accept": "application/json;odata=minimalmetadata",
        "Accept-Encoding": "gzip, deflate",
        "Content-Length": "32",
        "Content-Type": "application/json;odata=nometadata",
        "DataServiceVersion": "3.0",
        "Date": "Thu, 20 Oct 2022 01:24:02 GMT",
        "User-Agent": "azsdk-python-data-tables/12.4.2 Python/3.10.7 (Windows-10-10.0.22621-SP0)",
        "x-ms-date": "Thu, 20 Oct 2022 01:24:02 GMT",
        "x-ms-version": "2019-02-02"
      },
      "RequestBody": {
        "TableName": "uttabledb862e33"
      },
      "StatusCode": 201,
      "ResponseHeaders": {
        "Cache-Control": "no-cache",
        "Content-Type": "application/json; odata=minimalmetadata; streaming=true; charset=utf-8",
        "Date": "Thu, 20 Oct 2022 01:23:52 GMT",
        "Location": "https://fakeendpoint.table.core.windows.net/Tables(\u0027uttabledb862e33\u0027)",
        "Server": [
          "Windows-Azure-Table/1.0",
          "Microsoft-HTTPAPI/2.0"
        ],
        "Transfer-Encoding": "chunked",
        "X-Content-Type-Options": "nosniff",
        "x-ms-version": "2019-02-02"
      },
      "ResponseBody": {
        "odata.metadata": "https://fakeendpoint.table.core.windows.net/$metadata#Tables/@Element",
        "TableName": "uttabledb862e33"
      }
    },
    {
      "RequestUri": "https://fakeendpoint.table.core.windows.net/uttabledb862e33",
      "RequestMethod": "POST",
      "RequestHeaders": {
        "Accept": "application/json;odata=minimalmetadata",
        "Accept-Encoding": "gzip, deflate",
        "Content-Length": "67",
        "Content-Type": "application/json;odata=nometadata",
        "DataServiceVersion": "3.0",
        "Date": "Thu, 20 Oct 2022 01:24:03 GMT",
        "User-Agent": "azsdk-python-data-tables/12.4.2 Python/3.10.7 (Windows-10-10.0.22621-SP0)",
        "x-ms-date": "Thu, 20 Oct 2022 01:24:03 GMT",
        "x-ms-version": "2019-02-02"
      },
      "RequestBody": {
        "PartitionKey": "PK",
        "RowKey": "table@storage.com",
        "Value": 100
      },
      "StatusCode": 201,
      "ResponseHeaders": {
        "Cache-Control": "no-cache",
        "Content-Type": "application/json; odata=minimalmetadata; streaming=true; charset=utf-8",
        "Date": "Thu, 20 Oct 2022 01:23:52 GMT",
        "ETag": "W/\u0022datetime\u00272022-10-20T01%3A23%3A53.5117551Z\u0027\u0022",
        "Location": "https://fakeendpoint.table.core.windows.net/uttabledb862e33(PartitionKey=\u0027PK\u0027,RowKey=\u0027table%40storage.com\u0027)",
        "Server": [
          "Windows-Azure-Table/1.0",
          "Microsoft-HTTPAPI/2.0"
        ],
        "Transfer-Encoding": "chunked",
        "X-Content-Type-Options": "nosniff",
        "x-ms-version": "2019-02-02"
      },
      "ResponseBody": {
        "odata.metadata": "https://fakeendpoint.table.core.windows.net/$metadata#uttabledb862e33/@Element",
        "odata.etag": "W/\u0022datetime\u00272022-10-20T01%3A23%3A53.5117551Z\u0027\u0022",
        "PartitionKey": "PK",
        "RowKey": "table@storage.com",
        "Timestamp": "2022-10-20T01:23:53.5117551Z",
        "Value": 100
      }
    },
    {
      "RequestUri": "https://fakeendpoint.table.core.windows.net/uttabledb862e33()?$filter=RowKey%20eq%20\u0027table@storage.com\u0027",
      "RequestMethod": "GET",
      "RequestHeaders": {
        "Accept": "application/json;odata=minimalmetadata",
        "Accept-Encoding": "gzip, deflate",
        "DataServiceVersion": "3.0",
        "Date": "Thu, 20 Oct 2022 01:24:03 GMT",
        "User-Agent": "azsdk-python-data-tables/12.4.2 Python/3.10.7 (Windows-10-10.0.22621-SP0)",
        "x-ms-date": "Thu, 20 Oct 2022 01:24:03 GMT",
        "x-ms-version": "2019-02-02"
      },
      "RequestBody": null,
      "StatusCode": 200,
      "ResponseHeaders": {
        "Cache-Control": "no-cache",
        "Content-Type": "application/json; odata=minimalmetadata; streaming=true; charset=utf-8",
        "Date": "Thu, 20 Oct 2022 01:23:52 GMT",
        "Server": [
          "Windows-Azure-Table/1.0",
          "Microsoft-HTTPAPI/2.0"
        ],
        "Transfer-Encoding": "chunked",
        "X-Content-Type-Options": "nosniff",
        "x-ms-version": "2019-02-02"
      },
      "ResponseBody": {
        "odata.metadata": "https://fakeendpoint.table.core.windows.net/$metadata#uttabledb862e33",
        "value": [
          {
            "odata.etag": "W/\u0022datetime\u00272022-10-20T01%3A23%3A53.5117551Z\u0027\u0022",
            "PartitionKey": "PK",
            "RowKey": "table@storage.com",
            "Timestamp": "2022-10-20T01:23:53.5117551Z",
            "Value": 100
          }
        ]
      }
    },
    {
      "RequestUri": "https://fakeendpoint.table.core.windows.net/uttabledb862e33(PartitionKey=\u0027PK\u0027,RowKey=\u0027table@storage.com\u0027)",
      "RequestMethod": "DELETE",
      "RequestHeaders": {
        "Accept": "application/json;odata=minimalmetadata",
        "Accept-Encoding": "gzip, deflate",
        "Content-Length": "0",
        "DataServiceVersion": "3.0",
        "Date": "Thu, 20 Oct 2022 01:24:03 GMT",
        "If-Match": "*",
        "User-Agent": "azsdk-python-data-tables/12.4.2 Python/3.10.7 (Windows-10-10.0.22621-SP0)",
        "x-ms-date": "Thu, 20 Oct 2022 01:24:03 GMT",
        "x-ms-version": "2019-02-02"
      },
      "RequestBody": null,
      "StatusCode": 204,
      "ResponseHeaders": {
        "Cache-Control": "no-cache",
        "Content-Length": "0",
        "Date": "Thu, 20 Oct 2022 01:23:53 GMT",
        "Server": [
          "Windows-Azure-Table/1.0",
          "Microsoft-HTTPAPI/2.0"
        ],
        "X-Content-Type-Options": "nosniff",
        "x-ms-version": "2019-02-02"
      },
      "ResponseBody": null
    },
    {
      "RequestUri": "https://fakeendpoint.table.core.windows.net/uttabledb862e33()?$filter=RowKey%20eq%20\u0027table@storage.com\u0027",
      "RequestMethod": "GET",
      "RequestHeaders": {
        "Accept": "application/json;odata=minimalmetadata",
        "Accept-Encoding": "gzip, deflate",
        "DataServiceVersion": "3.0",
        "Date": "Thu, 20 Oct 2022 01:24:03 GMT",
        "User-Agent": "azsdk-python-data-tables/12.4.2 Python/3.10.7 (Windows-10-10.0.22621-SP0)",
        "x-ms-date": "Thu, 20 Oct 2022 01:24:03 GMT",
        "x-ms-version": "2019-02-02"
      },
      "RequestBody": null,
      "StatusCode": 200,
      "ResponseHeaders": {
        "Cache-Control": "no-cache",
        "Content-Type": "application/json; odata=minimalmetadata; streaming=true; charset=utf-8",
        "Date": "Thu, 20 Oct 2022 01:23:53 GMT",
        "Server": [
          "Windows-Azure-Table/1.0",
          "Microsoft-HTTPAPI/2.0"
        ],
        "Transfer-Encoding": "chunked",
        "X-Content-Type-Options": "nosniff",
        "x-ms-version": "2019-02-02"
      },
      "ResponseBody": {
        "odata.metadata": "https://fakeendpoint.table.core.windows.net/$metadata#uttabledb862e33",
        "value": []
      }
    },
    {
      "RequestUri": "https://fakeendpoint.table.core.windows.net/Tables",
      "RequestMethod": "GET",
      "RequestHeaders": {
        "Accept": "application/json;odata=minimalmetadata",
        "Accept-Encoding": "gzip, deflate",
        "DataServiceVersion": "3.0",
        "Date": "Thu, 20 Oct 2022 01:24:03 GMT",
        "User-Agent": "azsdk-python-data-tables/12.4.2 Python/3.10.7 (Windows-10-10.0.22621-SP0)",
        "x-ms-date": "Thu, 20 Oct 2022 01:24:03 GMT",
        "x-ms-version": "2019-02-02"
      },
      "RequestBody": null,
      "StatusCode": 200,
      "ResponseHeaders": {
        "Cache-Control": "no-cache",
        "Content-Type": "application/json; odata=minimalmetadata; streaming=true; charset=utf-8",
        "Date": "Thu, 20 Oct 2022 01:23:53 GMT",
        "Server": [
          "Windows-Azure-Table/1.0",
          "Microsoft-HTTPAPI/2.0"
        ],
        "Transfer-Encoding": "chunked",
        "X-Content-Type-Options": "nosniff",
        "x-ms-version": "2019-02-02"
      },
      "ResponseBody": {
        "odata.metadata": "https://fakeendpoint.table.core.windows.net/$metadata#Tables",
        "value": [
          {
            "TableName": "uttabledb862e33"
          }
        ]
      }
    },
    {
      "RequestUri": "https://fakeendpoint.table.core.windows.net/Tables(\u0027uttabledb862e33\u0027)",
      "RequestMethod": "DELETE",
      "RequestHeaders": {
        "Accept": "application/json",
        "Accept-Encoding": "gzip, deflate",
        "Content-Length": "0",
        "Date": "Thu, 20 Oct 2022 01:24:03 GMT",
        "User-Agent": "azsdk-python-data-tables/12.4.2 Python/3.10.7 (Windows-10-10.0.22621-SP0)",
        "x-ms-date": "Thu, 20 Oct 2022 01:24:03 GMT",
        "x-ms-version": "2019-02-02"
      },
      "RequestBody": null,
      "StatusCode": 204,
      "ResponseHeaders": {
        "Cache-Control": "no-cache",
        "Content-Length": "0",
        "Date": "Thu, 20 Oct 2022 01:23:53 GMT",
        "Server": [
          "Windows-Azure-Table/1.0",
          "Microsoft-HTTPAPI/2.0"
        ],
        "X-Content-Type-Options": "nosniff",
        "x-ms-version": "2019-02-02"
      },
      "ResponseBody": null
    }
  ],
  "Variables": {}
}
