{
  "Entries": [
    {
      "RequestUri": "https://fakeendpoint.table.cosmos.azure.com/mytable947633d6/Tables",
      "RequestMethod": "POST",
      "RequestHeaders": {
        "Accept": "application/json;odata=minimalmetadata",
        "Accept-Encoding": "gzip, deflate",
        "Content-Length": "32",
        "Content-Type": "application/json;odata=nometadata",
        "DataServiceVersion": "3.0",
        "Date": "Tue, 27 Sep 2022 07:30:27 GMT",
        "User-Agent": "azsdk-python-data-tables/12.5.0 Python/3.9.2 (Windows-10-10.0.22000-SP0)",
        "x-ms-date": "Tue, 27 Sep 2022 07:30:27 GMT",
        "x-ms-version": "2019-02-02"
      },
      "RequestBody": {
        "TableName": "mytable947633d6"
      },
      "StatusCode": 400,
      "ResponseHeaders": {
        "Content-Type": "application/json; odata=fullmetadata",
        "Date": "Tue, 27 Sep 2022 07:30:24 GMT",
        "Transfer-Encoding": "chunked"
      },
      "ResponseBody": {
        "odata.error": {
          "code": "InvalidInput",
          "message": {
            "lang": "en-us",
            "value": "Request url is invalid.\r\nActivityId: 4580b19e-8949-4e27-b69b-51eae56deb7c, documentdb-dotnet-sdk/2.14.0 Host/64-bit MicrosoftWindowsNT/10.0.19041.0\nRequestID:4580b19e-8949-4e27-b69b-51eae56deb7c\n"
          }
        }
      }
    },
    {
      "RequestUri": "https://fakeendpoint.table.cosmos.azure.com/mytable947633d6/Tables",
      "RequestMethod": "POST",
      "RequestHeaders": {
        "Accept": "application/json;odata=minimalmetadata",
        "Accept-Encoding": "gzip, deflate",
        "Content-Length": "33",
        "Content-Type": "application/json;odata=nometadata",
        "DataServiceVersion": "3.0",
        "Date": "Tue, 27 Sep 2022 07:30:27 GMT",
        "User-Agent": "azsdk-python-data-tables/12.5.0 Python/3.9.2 (Windows-10-10.0.22000-SP0)",
        "x-ms-date": "Tue, 27 Sep 2022 07:30:27 GMT",
        "x-ms-version": "2019-02-02"
      },
      "RequestBody": {
        "TableName": "mytable2947633d6"
      },
      "StatusCode": 400,
      "ResponseHeaders": {
        "Content-Type": "application/json; odata=fullmetadata",
        "Date": "Tue, 27 Sep 2022 07:30:24 GMT",
        "Transfer-Encoding": "chunked"
      },
      "ResponseBody": {
        "odata.error": {
          "code": "InvalidInput",
          "message": {
            "lang": "en-us",
            "value": "Request url is invalid.\r\nActivityId: 12e66836-81e8-48c9-8353-d546cbbf4399, documentdb-dotnet-sdk/2.14.0 Host/64-bit MicrosoftWindowsNT/10.0.19041.0\nRequestID:12e66836-81e8-48c9-8353-d546cbbf4399\n"
          }
        }
      }
    },
    {
      "RequestUri": "https://fakeendpoint.table.cosmos.azure.com/Tables",
      "RequestMethod": "POST",
      "RequestHeaders": {
        "Accept": "application/json;odata=minimalmetadata",
        "Accept-Encoding": "gzip, deflate",
        "Content-Length": "32",
        "Content-Type": "application/json;odata=nometadata",
        "DataServiceVersion": "3.0",
        "Date": "Tue, 27 Sep 2022 07:30:27 GMT",
        "User-Agent": "azsdk-python-data-tables/12.5.0 Python/3.9.2 (Windows-10-10.0.22000-SP0)",
        "x-ms-date": "Tue, 27 Sep 2022 07:30:27 GMT",
        "x-ms-version": "2019-02-02"
      },
      "RequestBody": {
        "TableName": "mytable947633d6"
      },
      "StatusCode": 201,
      "ResponseHeaders": {
        "Content-Type": "application/json; odata=minimalmetadata",
        "Date": "Tue, 27 Sep 2022 07:30:24 GMT",
        "ETag": "W/\u0022datetime\u00272022-09-27T07%3A30%3A25.1276295Z\u0027\u0022",
        "Location": "https://fakeendpoint.table.cosmos.azure.com/Tables(\u0027mytable947633d6\u0027)",
        "Transfer-Encoding": "chunked"
      },
      "ResponseBody": {
        "TableName": "mytable947633d6",
        "odata.metadata": "https://fakeendpoint.table.cosmos.azure.com/$metadata#Tables/@Element"
      }
    },
    {
      "RequestUri": "https://fakeendpoint.table.cosmos.azure.com/mytable947633d6/Tables",
      "RequestMethod": "POST",
      "RequestHeaders": {
        "Accept": "application/json;odata=minimalmetadata",
        "Accept-Encoding": "gzip, deflate",
        "Content-Length": "32",
        "Content-Type": "application/json;odata=nometadata",
        "DataServiceVersion": "3.0",
        "Date": "Tue, 27 Sep 2022 07:30:28 GMT",
        "User-Agent": "azsdk-python-data-tables/12.5.0 Python/3.9.2 (Windows-10-10.0.22000-SP0)",
        "x-ms-date": "Tue, 27 Sep 2022 07:30:28 GMT",
        "x-ms-version": "2019-02-02"
      },
      "RequestBody": {
        "TableName": "mytable947633d6"
      },
      "StatusCode": 400,
      "ResponseHeaders": {
        "Content-Type": "application/json; odata=fullmetadata",
        "Date": "Tue, 27 Sep 2022 07:30:24 GMT",
        "Transfer-Encoding": "chunked"
      },
      "ResponseBody": {
        "odata.error": {
          "code": "InvalidInput",
          "message": {
            "lang": "en-us",
            "value": "Request url is invalid.\r\nActivityId: 7480484b-ea0c-4274-97d7-7f330da9cd24, documentdb-dotnet-sdk/2.14.0 Host/64-bit MicrosoftWindowsNT/10.0.19041.0\nRequestID:7480484b-ea0c-4274-97d7-7f330da9cd24\n"
          }
        }
      }
    },
    {
      "RequestUri": "https://fakeendpoint.table.cosmos.azure.com/mytable947633d6/Tables(\u0027mytable947633d6\u0027)",
      "RequestMethod": "DELETE",
      "RequestHeaders": {
        "Accept": "application/json",
        "Accept-Encoding": "gzip, deflate",
        "Content-Length": "0",
        "Date": "Tue, 27 Sep 2022 07:30:28 GMT",
        "User-Agent": "azsdk-python-data-tables/12.5.0 Python/3.9.2 (Windows-10-10.0.22000-SP0)",
        "x-ms-date": "Tue, 27 Sep 2022 07:30:28 GMT",
        "x-ms-version": "2019-02-02"
      },
      "RequestBody": null,
      "StatusCode": 400,
      "ResponseHeaders": {
        "Content-Type": "application/json; odata=fullmetadata",
        "Date": "Tue, 27 Sep 2022 07:30:24 GMT",
        "Transfer-Encoding": "chunked"
      },
      "ResponseBody": {
        "odata.error": {
          "code": "InvalidInput",
          "message": {
            "lang": "en-us",
            "value": "Request url is invalid.\r\nActivityId: 8480346c-e56a-4580-a84f-e58d0f9111e5, documentdb-dotnet-sdk/2.14.0 Host/64-bit MicrosoftWindowsNT/10.0.19041.0\nRequestID:8480346c-e56a-4580-a84f-e58d0f9111e5\n"
          }
        }
      }
    },
    {
      "RequestUri": "https://fakeendpoint.table.cosmos.azure.com/Tables(\u0027mytable947633d6\u0027)",
      "RequestMethod": "DELETE",
      "RequestHeaders": {
        "Accept": "application/json",
        "Accept-Encoding": "gzip, deflate",
        "Content-Length": "0",
        "Date": "Tue, 27 Sep 2022 07:30:28 GMT",
        "User-Agent": "azsdk-python-data-tables/12.5.0 Python/3.9.2 (Windows-10-10.0.22000-SP0)",
        "x-ms-date": "Tue, 27 Sep 2022 07:30:28 GMT",
        "x-ms-version": "2019-02-02"
      },
      "RequestBody": null,
      "StatusCode": 204,
      "ResponseHeaders": {
        "Content-Type": "application/json",
        "Date": "Tue, 27 Sep 2022 07:30:25 GMT"
      },
      "ResponseBody": null
    }
  ],
  "Variables": {}
}
