{
  "Entries": [
    {
      "RequestUri": "https://fakeendpoint.table.cosmos.azure.com/Tables",
      "RequestMethod": "POST",
      "RequestHeaders": {
        "Accept": "application/json;odata=minimalmetadata",
        "Accept-Encoding": "gzip, deflate",
        "Connection": "keep-alive",
        "Content-Length": "32",
        "Content-Type": "application/json;odata=nometadata",
        "DataServiceVersion": "3.0",
        "Date": "Thu, 03 Nov 2022 18:16:22 GMT",
        "User-Agent": "azsdk-python-data-tables/12.4.2 Python/3.10.7 (Windows-10-10.0.22621-SP0)",
        "x-ms-date": "Thu, 03 Nov 2022 18:16:22 GMT",
        "x-ms-version": "2019-02-02"
      },
      "RequestBody": {
        "TableName": "uttablea3642fe3"
      },
      "StatusCode": 201,
      "ResponseHeaders": {
        "Content-Type": "application/json; odata=minimalmetadata",
        "Date": "Thu, 03 Nov 2022 18:16:20 GMT",
        "ETag": "W/\u0022datetime\u00272022-11-03T18%3A16%3A21.1004423Z\u0027\u0022",
        "Location": "https://fakeendpoint.table.cosmos.azure.com/Tables(\u0027uttablea3642fe3\u0027)",
        "Transfer-Encoding": "chunked"
      },
      "ResponseBody": {
        "TableName": "uttablea3642fe3",
        "odata.metadata": "https://fakeendpoint.table.cosmos.azure.com/$metadata#Tables/@Element"
      }
    },
    {
      "RequestUri": "https://fakeendpoint.table.cosmos.azure.com/uttablea3642fe3",
      "RequestMethod": "POST",
      "RequestHeaders": {
        "Accept": "application/json;odata=minimalmetadata",
        "Accept-Encoding": "gzip, deflate",
        "Connection": "keep-alive",
        "Content-Length": "126",
        "Content-Type": "application/json;odata=nometadata",
        "DataServiceVersion": "3.0",
        "Date": "Thu, 03 Nov 2022 18:16:23 GMT",
        "User-Agent": "azsdk-python-data-tables/12.4.2 Python/3.10.7 (Windows-10-10.0.22621-SP0)",
        "x-ms-date": "Thu, 03 Nov 2022 18:16:23 GMT",
        "x-ms-version": "2019-02-02"
      },
      "RequestBody": {
        "PartitionKey": "pk",
        "PartitionKey@odata.type": "Edm.String",
        "RowKey": "10",
        "RowKey@odata.type": "Edm.String",
        "value": 0
      },
      "StatusCode": 201,
      "ResponseHeaders": {
        "Content-Type": "application/json; odata=minimalmetadata",
        "Date": "Thu, 03 Nov 2022 18:16:21 GMT",
        "ETag": "W/\u0022datetime\u00272022-11-03T18%3A16%3A21.6280071Z\u0027\u0022",
        "Location": "https://fakeendpoint.table.cosmos.azure.com/uttablea3642fe3(PartitionKey=\u0027pk\u0027,RowKey=\u002710\u0027)",
        "Transfer-Encoding": "chunked"
      },
      "ResponseBody": {
        "odata.metadata": "https://fakeendpoint.table.cosmos.azure.com/uttablea3642fe3/$metadata#uttablea3642fe3/@Element",
        "odata.etag": "W/\u0022datetime\u00272022-11-03T18%3A16%3A21.6280071Z\u0027\u0022",
        "PartitionKey": "pk",
        "RowKey": "10",
        "value": 0,
        "Timestamp": "2022-11-03T18:16:21.6280071Z"
      }
    },
    {
      "RequestUri": "https://fakeendpoint.table.cosmos.azure.com/uttablea3642fe3",
      "RequestMethod": "POST",
      "RequestHeaders": {
        "Accept": "application/json;odata=minimalmetadata",
        "Accept-Encoding": "gzip, deflate",
        "Connection": "keep-alive",
        "Content-Length": "127",
        "Content-Type": "application/json;odata=nometadata",
        "DataServiceVersion": "3.0",
        "Date": "Thu, 03 Nov 2022 18:16:23 GMT",
        "User-Agent": "azsdk-python-data-tables/12.4.2 Python/3.10.7 (Windows-10-10.0.22621-SP0)",
        "x-ms-date": "Thu, 03 Nov 2022 18:16:23 GMT",
        "x-ms-version": "2019-02-02"
      },
      "RequestBody": {
        "PartitionKey": "pk",
        "PartitionKey@odata.type": "Edm.String",
        "RowKey": "101",
        "RowKey@odata.type": "Edm.String",
        "value": 1
      },
      "StatusCode": 201,
      "ResponseHeaders": {
        "Content-Type": "application/json; odata=minimalmetadata",
        "Date": "Thu, 03 Nov 2022 18:16:21 GMT",
        "ETag": "W/\u0022datetime\u00272022-11-03T18%3A16%3A21.6670215Z\u0027\u0022",
        "Location": "https://fakeendpoint.table.cosmos.azure.com/uttablea3642fe3(PartitionKey=\u0027pk\u0027,RowKey=\u0027101\u0027)",
        "Transfer-Encoding": "chunked"
      },
      "ResponseBody": {
        "odata.metadata": "https://fakeendpoint.table.cosmos.azure.com/uttablea3642fe3/$metadata#uttablea3642fe3/@Element",
        "odata.etag": "W/\u0022datetime\u00272022-11-03T18%3A16%3A21.6670215Z\u0027\u0022",
        "PartitionKey": "pk",
        "RowKey": "101",
        "value": 1,
        "Timestamp": "2022-11-03T18:16:21.6670215Z"
      }
    },
    {
      "RequestUri": "https://fakeendpoint.table.cosmos.azure.com/uttablea3642fe3",
      "RequestMethod": "POST",
      "RequestHeaders": {
        "Accept": "application/json;odata=minimalmetadata",
        "Accept-Encoding": "gzip, deflate",
        "Connection": "keep-alive",
        "Content-Length": "128",
        "Content-Type": "application/json;odata=nometadata",
        "DataServiceVersion": "3.0",
        "Date": "Thu, 03 Nov 2022 18:16:23 GMT",
        "User-Agent": "azsdk-python-data-tables/12.4.2 Python/3.10.7 (Windows-10-10.0.22621-SP0)",
        "x-ms-date": "Thu, 03 Nov 2022 18:16:23 GMT",
        "x-ms-version": "2019-02-02"
      },
      "RequestBody": {
        "PartitionKey": "pk",
        "PartitionKey@odata.type": "Edm.String",
        "RowKey": "1012",
        "RowKey@odata.type": "Edm.String",
        "value": 2
      },
      "StatusCode": 201,
      "ResponseHeaders": {
        "Content-Type": "application/json; odata=minimalmetadata",
        "Date": "Thu, 03 Nov 2022 18:16:21 GMT",
        "ETag": "W/\u0022datetime\u00272022-11-03T18%3A16%3A21.7124871Z\u0027\u0022",
        "Location": "https://fakeendpoint.table.cosmos.azure.com/uttablea3642fe3(PartitionKey=\u0027pk\u0027,RowKey=\u00271012\u0027)",
        "Transfer-Encoding": "chunked"
      },
      "ResponseBody": {
        "odata.metadata": "https://fakeendpoint.table.cosmos.azure.com/uttablea3642fe3/$metadata#uttablea3642fe3/@Element",
        "odata.etag": "W/\u0022datetime\u00272022-11-03T18%3A16%3A21.7124871Z\u0027\u0022",
        "PartitionKey": "pk",
        "RowKey": "1012",
        "value": 2,
        "Timestamp": "2022-11-03T18:16:21.7124871Z"
      }
    },
    {
      "RequestUri": "https://fakeendpoint.table.cosmos.azure.com/uttablea3642fe3",
      "RequestMethod": "POST",
      "RequestHeaders": {
        "Accept": "application/json;odata=minimalmetadata",
        "Accept-Encoding": "gzip, deflate",
        "Connection": "keep-alive",
        "Content-Length": "129",
        "Content-Type": "application/json;odata=nometadata",
        "DataServiceVersion": "3.0",
        "Date": "Thu, 03 Nov 2022 18:16:23 GMT",
        "User-Agent": "azsdk-python-data-tables/12.4.2 Python/3.10.7 (Windows-10-10.0.22621-SP0)",
        "x-ms-date": "Thu, 03 Nov 2022 18:16:23 GMT",
        "x-ms-version": "2019-02-02"
      },
      "RequestBody": {
        "PartitionKey": "pk",
        "PartitionKey@odata.type": "Edm.String",
        "RowKey": "10123",
        "RowKey@odata.type": "Edm.String",
        "value": 3
      },
      "StatusCode": 201,
      "ResponseHeaders": {
        "Content-Type": "application/json; odata=minimalmetadata",
        "Date": "Thu, 03 Nov 2022 18:16:21 GMT",
        "ETag": "W/\u0022datetime\u00272022-11-03T18%3A16%3A21.7440263Z\u0027\u0022",
        "Location": "https://fakeendpoint.table.cosmos.azure.com/uttablea3642fe3(PartitionKey=\u0027pk\u0027,RowKey=\u002710123\u0027)",
        "Transfer-Encoding": "chunked"
      },
      "ResponseBody": {
        "odata.metadata": "https://fakeendpoint.table.cosmos.azure.com/uttablea3642fe3/$metadata#uttablea3642fe3/@Element",
        "odata.etag": "W/\u0022datetime\u00272022-11-03T18%3A16%3A21.7440263Z\u0027\u0022",
        "PartitionKey": "pk",
        "RowKey": "10123",
        "value": 3,
        "Timestamp": "2022-11-03T18:16:21.7440263Z"
      }
    },
    {
      "RequestUri": "https://fakeendpoint.table.cosmos.azure.com/uttablea3642fe3",
      "RequestMethod": "POST",
      "RequestHeaders": {
        "Accept": "application/json;odata=minimalmetadata",
        "Accept-Encoding": "gzip, deflate",
        "Connection": "keep-alive",
        "Content-Length": "130",
        "Content-Type": "application/json;odata=nometadata",
        "DataServiceVersion": "3.0",
        "Date": "Thu, 03 Nov 2022 18:16:23 GMT",
        "User-Agent": "azsdk-python-data-tables/12.4.2 Python/3.10.7 (Windows-10-10.0.22621-SP0)",
        "x-ms-date": "Thu, 03 Nov 2022 18:16:23 GMT",
        "x-ms-version": "2019-02-02"
      },
      "RequestBody": {
        "PartitionKey": "pk",
        "PartitionKey@odata.type": "Edm.String",
        "RowKey": "101234",
        "RowKey@odata.type": "Edm.String",
        "value": 4
      },
      "StatusCode": 201,
      "ResponseHeaders": {
        "Content-Type": "application/json; odata=minimalmetadata",
        "Date": "Thu, 03 Nov 2022 18:16:21 GMT",
        "ETag": "W/\u0022datetime\u00272022-11-03T18%3A16%3A21.7807879Z\u0027\u0022",
        "Location": "https://fakeendpoint.table.cosmos.azure.com/uttablea3642fe3(PartitionKey=\u0027pk\u0027,RowKey=\u0027101234\u0027)",
        "Transfer-Encoding": "chunked"
      },
      "ResponseBody": {
        "odata.metadata": "https://fakeendpoint.table.cosmos.azure.com/uttablea3642fe3/$metadata#uttablea3642fe3/@Element",
        "odata.etag": "W/\u0022datetime\u00272022-11-03T18%3A16%3A21.7807879Z\u0027\u0022",
        "PartitionKey": "pk",
        "RowKey": "101234",
        "value": 4,
        "Timestamp": "2022-11-03T18:16:21.7807879Z"
      }
    },
    {
      "RequestUri": "https://fakeendpoint.table.cosmos.azure.com/uttablea3642fe3",
      "RequestMethod": "POST",
      "RequestHeaders": {
        "Accept": "application/json;odata=minimalmetadata",
        "Accept-Encoding": "gzip, deflate",
        "Connection": "keep-alive",
        "Content-Length": "131",
        "Content-Type": "application/json;odata=nometadata",
        "DataServiceVersion": "3.0",
        "Date": "Thu, 03 Nov 2022 18:16:23 GMT",
        "User-Agent": "azsdk-python-data-tables/12.4.2 Python/3.10.7 (Windows-10-10.0.22621-SP0)",
        "x-ms-date": "Thu, 03 Nov 2022 18:16:23 GMT",
        "x-ms-version": "2019-02-02"
      },
      "RequestBody": {
        "PartitionKey": "pk",
        "PartitionKey@odata.type": "Edm.String",
        "RowKey": "1012345",
        "RowKey@odata.type": "Edm.String",
        "value": 5
      },
      "StatusCode": 201,
      "ResponseHeaders": {
        "Content-Type": "application/json; odata=minimalmetadata",
        "Date": "Thu, 03 Nov 2022 18:16:21 GMT",
        "ETag": "W/\u0022datetime\u00272022-11-03T18%3A16%3A21.8264583Z\u0027\u0022",
        "Location": "https://fakeendpoint.table.cosmos.azure.com/uttablea3642fe3(PartitionKey=\u0027pk\u0027,RowKey=\u00271012345\u0027)",
        "Transfer-Encoding": "chunked"
      },
      "ResponseBody": {
        "odata.metadata": "https://fakeendpoint.table.cosmos.azure.com/uttablea3642fe3/$metadata#uttablea3642fe3/@Element",
        "odata.etag": "W/\u0022datetime\u00272022-11-03T18%3A16%3A21.8264583Z\u0027\u0022",
        "PartitionKey": "pk",
        "RowKey": "1012345",
        "value": 5,
        "Timestamp": "2022-11-03T18:16:21.8264583Z"
      }
    },
    {
      "RequestUri": "https://fakeendpoint.table.cosmos.azure.com/uttablea3642fe3",
      "RequestMethod": "POST",
      "RequestHeaders": {
        "Accept": "application/json;odata=minimalmetadata",
        "Accept-Encoding": "gzip, deflate",
        "Connection": "keep-alive",
        "Content-Length": "133",
        "Content-Type": "application/json;odata=nometadata",
        "DataServiceVersion": "3.0",
        "Date": "Thu, 03 Nov 2022 18:16:23 GMT",
        "User-Agent": "azsdk-python-data-tables/12.4.2 Python/3.10.7 (Windows-10-10.0.22621-SP0)",
        "x-ms-date": "Thu, 03 Nov 2022 18:16:23 GMT",
        "x-ms-version": "2019-02-02"
      },
      "RequestBody": {
        "PartitionKey": "pk6",
        "PartitionKey@odata.type": "Edm.String",
        "RowKey": "10123456",
        "RowKey@odata.type": "Edm.String",
        "value": 6
      },
      "StatusCode": 201,
      "ResponseHeaders": {
        "Content-Type": "application/json; odata=minimalmetadata",
        "Date": "Thu, 03 Nov 2022 18:16:21 GMT",
        "ETag": "W/\u0022datetime\u00272022-11-03T18%3A16%3A21.9011079Z\u0027\u0022",
        "Location": "https://fakeendpoint.table.cosmos.azure.com/uttablea3642fe3(PartitionKey=\u0027pk6\u0027,RowKey=\u002710123456\u0027)",
        "Transfer-Encoding": "chunked"
      },
      "ResponseBody": {
        "odata.metadata": "https://fakeendpoint.table.cosmos.azure.com/uttablea3642fe3/$metadata#uttablea3642fe3/@Element",
        "odata.etag": "W/\u0022datetime\u00272022-11-03T18%3A16%3A21.9011079Z\u0027\u0022",
        "PartitionKey": "pk6",
        "RowKey": "10123456",
        "value": 6,
        "Timestamp": "2022-11-03T18:16:21.9011079Z"
      }
    },
    {
      "RequestUri": "https://fakeendpoint.table.cosmos.azure.com/uttablea3642fe3",
      "RequestMethod": "POST",
      "RequestHeaders": {
        "Accept": "application/json;odata=minimalmetadata",
        "Accept-Encoding": "gzip, deflate",
        "Connection": "keep-alive",
        "Content-Length": "135",
        "Content-Type": "application/json;odata=nometadata",
        "DataServiceVersion": "3.0",
        "Date": "Thu, 03 Nov 2022 18:16:23 GMT",
        "User-Agent": "azsdk-python-data-tables/12.4.2 Python/3.10.7 (Windows-10-10.0.22621-SP0)",
        "x-ms-date": "Thu, 03 Nov 2022 18:16:23 GMT",
        "x-ms-version": "2019-02-02"
      },
      "RequestBody": {
        "PartitionKey": "pk67",
        "PartitionKey@odata.type": "Edm.String",
        "RowKey": "101234567",
        "RowKey@odata.type": "Edm.String",
        "value": 7
      },
      "StatusCode": 201,
      "ResponseHeaders": {
        "Content-Type": "application/json; odata=minimalmetadata",
        "Date": "Thu, 03 Nov 2022 18:16:21 GMT",
        "ETag": "W/\u0022datetime\u00272022-11-03T18%3A16%3A21.9817991Z\u0027\u0022",
        "Location": "https://fakeendpoint.table.cosmos.azure.com/uttablea3642fe3(PartitionKey=\u0027pk67\u0027,RowKey=\u0027101234567\u0027)",
        "Transfer-Encoding": "chunked"
      },
      "ResponseBody": {
        "odata.metadata": "https://fakeendpoint.table.cosmos.azure.com/uttablea3642fe3/$metadata#uttablea3642fe3/@Element",
        "odata.etag": "W/\u0022datetime\u00272022-11-03T18%3A16%3A21.9817991Z\u0027\u0022",
        "PartitionKey": "pk67",
        "RowKey": "101234567",
        "value": 7,
        "Timestamp": "2022-11-03T18:16:21.9817991Z"
      }
    },
    {
      "RequestUri": "https://fakeendpoint.table.cosmos.azure.com/uttablea3642fe3",
      "RequestMethod": "POST",
      "RequestHeaders": {
        "Accept": "application/json;odata=minimalmetadata",
        "Accept-Encoding": "gzip, deflate",
        "Connection": "keep-alive",
        "Content-Length": "137",
        "Content-Type": "application/json;odata=nometadata",
        "DataServiceVersion": "3.0",
        "Date": "Thu, 03 Nov 2022 18:16:24 GMT",
        "User-Agent": "azsdk-python-data-tables/12.4.2 Python/3.10.7 (Windows-10-10.0.22621-SP0)",
        "x-ms-date": "Thu, 03 Nov 2022 18:16:24 GMT",
        "x-ms-version": "2019-02-02"
      },
      "RequestBody": {
        "PartitionKey": "pk678",
        "PartitionKey@odata.type": "Edm.String",
        "RowKey": "1012345678",
        "RowKey@odata.type": "Edm.String",
        "value": 8
      },
      "StatusCode": 201,
      "ResponseHeaders": {
        "Content-Type": "application/json; odata=minimalmetadata",
        "Date": "Thu, 03 Nov 2022 18:16:21 GMT",
        "ETag": "W/\u0022datetime\u00272022-11-03T18%3A16%3A22.0644359Z\u0027\u0022",
        "Location": "https://fakeendpoint.table.cosmos.azure.com/uttablea3642fe3(PartitionKey=\u0027pk678\u0027,RowKey=\u00271012345678\u0027)",
        "Transfer-Encoding": "chunked"
      },
      "ResponseBody": {
        "odata.metadata": "https://fakeendpoint.table.cosmos.azure.com/uttablea3642fe3/$metadata#uttablea3642fe3/@Element",
        "odata.etag": "W/\u0022datetime\u00272022-11-03T18%3A16%3A22.0644359Z\u0027\u0022",
        "PartitionKey": "pk678",
        "RowKey": "1012345678",
        "value": 8,
        "Timestamp": "2022-11-03T18:16:22.0644359Z"
      }
    },
    {
      "RequestUri": "https://fakeendpoint.table.cosmos.azure.com/uttablea3642fe3",
      "RequestMethod": "POST",
      "RequestHeaders": {
        "Accept": "application/json;odata=minimalmetadata",
        "Accept-Encoding": "gzip, deflate",
        "Connection": "keep-alive",
        "Content-Length": "139",
        "Content-Type": "application/json;odata=nometadata",
        "DataServiceVersion": "3.0",
        "Date": "Thu, 03 Nov 2022 18:16:24 GMT",
        "User-Agent": "azsdk-python-data-tables/12.4.2 Python/3.10.7 (Windows-10-10.0.22621-SP0)",
        "x-ms-date": "Thu, 03 Nov 2022 18:16:24 GMT",
        "x-ms-version": "2019-02-02"
      },
      "RequestBody": {
        "PartitionKey": "pk6789",
        "PartitionKey@odata.type": "Edm.String",
        "RowKey": "10123456789",
        "RowKey@odata.type": "Edm.String",
        "value": 9
      },
      "StatusCode": 201,
      "ResponseHeaders": {
        "Content-Type": "application/json; odata=minimalmetadata",
        "Date": "Thu, 03 Nov 2022 18:16:21 GMT",
        "ETag": "W/\u0022datetime\u00272022-11-03T18%3A16%3A22.1409287Z\u0027\u0022",
        "Location": "https://fakeendpoint.table.cosmos.azure.com/uttablea3642fe3(PartitionKey=\u0027pk6789\u0027,RowKey=\u002710123456789\u0027)",
        "Transfer-Encoding": "chunked"
      },
      "ResponseBody": {
        "odata.metadata": "https://fakeendpoint.table.cosmos.azure.com/uttablea3642fe3/$metadata#uttablea3642fe3/@Element",
        "odata.etag": "W/\u0022datetime\u00272022-11-03T18%3A16%3A22.1409287Z\u0027\u0022",
        "PartitionKey": "pk6789",
        "RowKey": "10123456789",
        "value": 9,
        "Timestamp": "2022-11-03T18:16:22.1409287Z"
      }
    },
    {
      "RequestUri": "https://fakeendpoint.table.cosmos.azure.com/uttablea3642fe3()?$top=2\u0026$filter=PartitionKey%20eq%20%27pk%27",
      "RequestMethod": "GET",
      "RequestHeaders": {
        "Accept": "application/json;odata=minimalmetadata",
        "Accept-Encoding": "gzip, deflate",
        "Connection": "keep-alive",
        "DataServiceVersion": "3.0",
        "Date": "Thu, 03 Nov 2022 18:16:24 GMT",
        "User-Agent": "azsdk-python-data-tables/12.4.2 Python/3.10.7 (Windows-10-10.0.22621-SP0)",
        "x-ms-date": "Thu, 03 Nov 2022 18:16:24 GMT",
        "x-ms-version": "2019-02-02"
      },
      "RequestBody": null,
      "StatusCode": 200,
      "ResponseHeaders": {
        "Content-Type": "application/json; odata=minimalmetadata",
        "Date": "Thu, 03 Nov 2022 18:16:21 GMT",
        "Transfer-Encoding": "chunked",
        "x-ms-continuation-NextPartitionKey": "{\u0022token\u0022:\u0022\u002BRID:~jHoxAPXy\u002BD4CAAAAAAAAAA==#RT:1#TRC:2#ISV:2#IEO:65567#QCF:8#FPC:AQIAAAAAAAAABgAAAAAAAAA=\u0022,\u0022range\u0022:{\u0022min\u0022:\u0022\u0022,\u0022max\u0022:\u0022FF\u0022}}",
        "x-ms-continuation-NextRowKey": "NA"
      },
      "ResponseBody": {
        "value": [
          {
            "odata.etag": "W/\u0022datetime\u00272022-11-03T18%3A16%3A21.6280071Z\u0027\u0022",
            "PartitionKey": "pk",
            "RowKey": "10",
            "value": 0,
            "Timestamp": "2022-11-03T18:16:21.6280071Z"
          },
          {
            "odata.etag": "W/\u0022datetime\u00272022-11-03T18%3A16%3A21.6670215Z\u0027\u0022",
            "PartitionKey": "pk",
            "RowKey": "101",
            "value": 1,
            "Timestamp": "2022-11-03T18:16:21.6670215Z"
          }
        ],
        "odata.metadata": "https://fakeendpoint.table.cosmos.azure.com/$metadata#uttablea3642fe3"
      }
    },
    {
      "RequestUri": "https://fakeendpoint.table.cosmos.azure.com/uttablea3642fe3()?$top=2\u0026$filter=PartitionKey%20eq%20%27pk%27\u0026NextPartitionKey=%7B%22token%22%3A%22%2BRID%3A~jHoxAPXy%2BD4CAAAAAAAAAA%3D%3D%23RT%3A1%23TRC%3A2%23ISV%3A2%23IEO%3A65567%23QCF%3A8%23FPC%3AAQIAAAAAAAAABgAAAAAAAAA%3D%22%2C%22range%22%3A%7B%22min%22%3A%22%22%2C%22max%22%3A%22FF%22%7D%7D\u0026NextRowKey=NA",
      "RequestMethod": "GET",
      "RequestHeaders": {
        "Accept": "application/json;odata=minimalmetadata",
        "Accept-Encoding": "gzip, deflate",
        "Connection": "keep-alive",
        "DataServiceVersion": "3.0",
        "Date": "Thu, 03 Nov 2022 18:16:24 GMT",
        "User-Agent": "azsdk-python-data-tables/12.4.2 Python/3.10.7 (Windows-10-10.0.22621-SP0)",
        "x-ms-date": "Thu, 03 Nov 2022 18:16:24 GMT",
        "x-ms-version": "2019-02-02"
      },
      "RequestBody": null,
      "StatusCode": 200,
      "ResponseHeaders": {
        "Content-Type": "application/json; odata=minimalmetadata",
        "Date": "Thu, 03 Nov 2022 18:16:21 GMT",
        "Transfer-Encoding": "chunked",
        "x-ms-continuation-NextPartitionKey": "[{\u0022token\u0022:\u0022\u002BRID:~jHoxAPXy\u002BD4EAAAAAAAAAA==#RT:2#TRC:4#ISV:2#IEO:65567#QCF:8#FPC:AQQAAAAAAAAABgAAAAAAAAA=\u0022,\u0022range\u0022:{\u0022min\u0022:\u0022\u0022,\u0022max\u0022:\u0022FF\u0022}}]",
        "x-ms-continuation-NextRowKey": "NA"
      },
      "ResponseBody": {
        "value": [
          {
            "odata.etag": "W/\u0022datetime\u00272022-11-03T18%3A16%3A21.7124871Z\u0027\u0022",
            "PartitionKey": "pk",
            "RowKey": "1012",
            "value": 2,
            "Timestamp": "2022-11-03T18:16:21.7124871Z"
          },
          {
            "odata.etag": "W/\u0022datetime\u00272022-11-03T18%3A16%3A21.7440263Z\u0027\u0022",
            "PartitionKey": "pk",
            "RowKey": "10123",
            "value": 3,
            "Timestamp": "2022-11-03T18:16:21.7440263Z"
          }
        ],
        "odata.metadata": "https://fakeendpoint.table.cosmos.azure.com/$metadata#uttablea3642fe3"
      }
    },
    {
      "RequestUri": "https://fakeendpoint.table.cosmos.azure.com/uttablea3642fe3()?$top=2\u0026$filter=PartitionKey%20eq%20%27pk%27\u0026NextPartitionKey=%5B%7B%22token%22%3A%22%2BRID%3A~jHoxAPXy%2BD4EAAAAAAAAAA%3D%3D%23RT%3A2%23TRC%3A4%23ISV%3A2%23IEO%3A65567%23QCF%3A8%23FPC%3AAQQAAAAAAAAABgAAAAAAAAA%3D%22%2C%22range%22%3A%7B%22min%22%3A%22%22%2C%22max%22%3A%22FF%22%7D%7D%5D\u0026NextRowKey=NA",
      "RequestMethod": "GET",
      "RequestHeaders": {
        "Accept": "application/json;odata=minimalmetadata",
        "Accept-Encoding": "gzip, deflate",
        "Connection": "keep-alive",
        "DataServiceVersion": "3.0",
        "Date": "Thu, 03 Nov 2022 18:16:24 GMT",
        "User-Agent": "azsdk-python-data-tables/12.4.2 Python/3.10.7 (Windows-10-10.0.22621-SP0)",
        "x-ms-date": "Thu, 03 Nov 2022 18:16:24 GMT",
        "x-ms-version": "2019-02-02"
      },
      "RequestBody": null,
      "StatusCode": 200,
      "ResponseHeaders": {
        "Content-Type": "application/json; odata=minimalmetadata",
        "Date": "Thu, 03 Nov 2022 18:16:21 GMT",
        "Transfer-Encoding": "chunked"
      },
      "ResponseBody": {
        "value": [
          {
            "odata.etag": "W/\u0022datetime\u00272022-11-03T18%3A16%3A21.7807879Z\u0027\u0022",
            "PartitionKey": "pk",
            "RowKey": "101234",
            "value": 4,
            "Timestamp": "2022-11-03T18:16:21.7807879Z"
          },
          {
            "odata.etag": "W/\u0022datetime\u00272022-11-03T18%3A16%3A21.8264583Z\u0027\u0022",
            "PartitionKey": "pk",
            "RowKey": "1012345",
            "value": 5,
            "Timestamp": "2022-11-03T18:16:21.8264583Z"
          }
        ],
        "odata.metadata": "https://fakeendpoint.table.cosmos.azure.com/$metadata#uttablea3642fe3"
      }
    },
    {
      "RequestUri": "https://fakeendpoint.table.cosmos.azure.com/Tables",
      "RequestMethod": "GET",
      "RequestHeaders": {
        "Accept": "application/json;odata=minimalmetadata",
        "Accept-Encoding": "gzip, deflate",
        "Connection": "keep-alive",
        "DataServiceVersion": "3.0",
        "Date": "Thu, 03 Nov 2022 18:16:24 GMT",
        "User-Agent": "azsdk-python-data-tables/12.4.2 Python/3.10.7 (Windows-10-10.0.22621-SP0)",
        "x-ms-date": "Thu, 03 Nov 2022 18:16:24 GMT",
        "x-ms-version": "2019-02-02"
      },
      "RequestBody": null,
      "StatusCode": 200,
      "ResponseHeaders": {
        "Content-Type": "application/json; odata=minimalmetadata",
        "Date": "Thu, 03 Nov 2022 18:16:21 GMT",
        "Transfer-Encoding": "chunked"
      },
      "ResponseBody": {
        "value": [
          {
            "TableName": "uttablea3642fe3"
          }
        ],
        "odata.metadata": "https://fakeendpoint.table.cosmos.azure.com/$metadata#Tables"
      }
    },
    {
      "RequestUri": "https://fakeendpoint.table.cosmos.azure.com/Tables(\u0027uttablea3642fe3\u0027)",
      "RequestMethod": "DELETE",
      "RequestHeaders": {
        "Accept": "application/json",
        "Accept-Encoding": "gzip, deflate",
        "Connection": "keep-alive",
        "Content-Length": "0",
        "Date": "Thu, 03 Nov 2022 18:16:24 GMT",
        "User-Agent": "azsdk-python-data-tables/12.4.2 Python/3.10.7 (Windows-10-10.0.22621-SP0)",
        "x-ms-date": "Thu, 03 Nov 2022 18:16:24 GMT",
        "x-ms-version": "2019-02-02"
      },
      "RequestBody": null,
      "StatusCode": 204,
      "ResponseHeaders": {
        "Content-Type": "application/json",
        "Date": "Thu, 03 Nov 2022 18:16:21 GMT"
      },
      "ResponseBody": null
    }
  ],
  "Variables": {}
}
