{
  "Entries": [
    {
      "RequestUri": "https://yalltbtestsprim.table.cosmos.azure.com/Tables",
      "RequestMethod": "POST",
      "RequestHeaders": {
        "Accept": "application/json;odata=minimalmetadata",
        "Accept-Encoding": "gzip, deflate",
        "Authorization": "Sanitized",
        "Content-Length": "32",
        "Content-Type": "application/json;odata=nometadata",
        "DataServiceVersion": "3.0",
        "Date": "Wed, 22 Sep 2021 01:06:54 GMT",
        "User-Agent": "azsdk-python-data-tables/12.1.1 Python/3.9.2 (Windows-10-10.0.19041-SP0)",
        "x-ms-client-request-id": "607c9002-1b41-11ec-86a4-5cf37093a909",
        "x-ms-date": "Wed, 22 Sep 2021 01:06:54 GMT",
        "x-ms-version": "2019-02-02"
      },
      "RequestBody": "{\u0022TableName\u0022: \u0022uttable47ca3561\u0022}",
      "StatusCode": 201,
      "ResponseHeaders": {
        "Content-Type": "application/json; odata=minimalmetadata",
        "Date": "Wed, 22 Sep 2021 01:06:52 GMT",
        "ETag": "W/\u0022datetime\u00272021-09-22T01%3A06%3A52.7835144Z\u0027\u0022",
        "Location": "https://yalltbtestsprim.table.cosmos.azure.com/Tables(\u0027uttable47ca3561\u0027)",
        "Transfer-Encoding": "chunked",
        "x-ms-request-id": "510d1716-c702-44f8-9777-88fdd8f4a3f6"
      },
      "ResponseBody": {
        "TableName": "uttable47ca3561",
        "odata.metadata": "https://yalltbtestsprim.table.cosmos.azure.com/$metadata#Tables/@Element"
      }
    },
    {
      "RequestUri": "https://yalltbtestsprim.table.cosmos.azure.com/uttable47ca3561(PartitionKey=\u0027pk47ca3561\u0027,RowKey=\u0027rk47ca3561\u0027)",
      "RequestMethod": "DELETE",
      "RequestHeaders": {
        "Accept": "application/json;odata=minimalmetadata",
        "Accept-Encoding": "gzip, deflate",
        "Authorization": "Sanitized",
        "Content-Length": "0",
        "DataServiceVersion": "3.0",
        "Date": "Wed, 22 Sep 2021 01:06:55 GMT",
        "If-Match": "*",
        "User-Agent": "azsdk-python-data-tables/12.1.1 Python/3.9.2 (Windows-10-10.0.19041-SP0)",
        "x-ms-client-request-id": "60d9e456-1b41-11ec-9921-5cf37093a909",
        "x-ms-date": "Wed, 22 Sep 2021 01:06:55 GMT",
        "x-ms-version": "2019-02-02"
      },
      "RequestBody": null,
      "StatusCode": 404,
      "ResponseHeaders": {
        "Content-Type": "application/json; odata=fullmetadata",
        "Date": "Wed, 22 Sep 2021 01:06:52 GMT",
        "Transfer-Encoding": "chunked",
        "x-ms-request-id": "1f1bc2eb-2a49-44b1-896d-a83116425509"
      },
      "ResponseBody": [
        "{\u0022odata.error\u0022:{\u0022code\u0022:\u0022ResourceNotFound\u0022,\u0022message\u0022:{\u0022lang\u0022:\u0022en-us\u0022,\u0022value\u0022:\u0022The specified resource does not exist.\\nRequestID:1f1bc2eb-2a49-44b1-896d-a83116425509\\n\u0022}}}\r\n"
      ]
    },
    {
      "RequestUri": "https://yalltbtestsprim.table.cosmos.azure.com/Tables",
      "RequestMethod": "GET",
      "RequestHeaders": {
        "Accept": "application/json;odata=minimalmetadata",
        "Accept-Encoding": "gzip, deflate",
        "Authorization": "Sanitized",
        "DataServiceVersion": "3.0",
        "Date": "Wed, 22 Sep 2021 01:06:55 GMT",
        "User-Agent": "azsdk-python-data-tables/12.1.1 Python/3.9.2 (Windows-10-10.0.19041-SP0)",
        "x-ms-client-request-id": "60e37d5f-1b41-11ec-9cba-5cf37093a909",
        "x-ms-date": "Wed, 22 Sep 2021 01:06:55 GMT",
        "x-ms-version": "2019-02-02"
      },
      "RequestBody": null,
      "StatusCode": 200,
      "ResponseHeaders": {
        "Content-Type": "application/json; odata=minimalmetadata",
        "Date": "Wed, 22 Sep 2021 01:06:52 GMT",
        "Transfer-Encoding": "chunked",
        "x-ms-request-id": "e23d05c6-bc5f-4f6d-a289-56a6e7cad07d"
      },
      "ResponseBody": {
        "value": [
          {
            "TableName": "uttable47ca3561"
          }
        ],
        "odata.metadata": "https://yalltbtestsprim.table.cosmos.azure.com/$metadata#Tables"
      }
    },
    {
      "RequestUri": "https://yalltbtestsprim.table.cosmos.azure.com/Tables(\u0027uttable47ca3561\u0027)",
      "RequestMethod": "DELETE",
      "RequestHeaders": {
        "Accept": "application/json",
        "Accept-Encoding": "gzip, deflate",
        "Authorization": "Sanitized",
        "Content-Length": "0",
        "Date": "Wed, 22 Sep 2021 01:06:55 GMT",
        "User-Agent": "azsdk-python-data-tables/12.1.1 Python/3.9.2 (Windows-10-10.0.19041-SP0)",
        "x-ms-client-request-id": "60e74c18-1b41-11ec-b47d-5cf37093a909",
        "x-ms-date": "Wed, 22 Sep 2021 01:06:55 GMT",
        "x-ms-version": "2019-02-02"
      },
      "RequestBody": null,
      "StatusCode": 204,
      "ResponseHeaders": {
        "Date": "Wed, 22 Sep 2021 01:06:52 GMT",
        "x-ms-request-id": "7fd9b508-0b56-4c32-a12c-dcf212e8a960"
      },
      "ResponseBody": null
    }
  ],
  "Variables": {}
}
