interactions:
- request:
    body: '{"TableName": "uttable1172194c"}'
    headers:
      Accept:
      - application/json;odata=minimalmetadata
      Content-Length:
      - '32'
      Content-Type:
      - application/json;odata=nometadata
      DataServiceVersion:
      - '3.0'
      Date:
      - Wed, 26 May 2021 22:20:53 GMT
      User-Agent:
      - azsdk-python-data-tables/12.0.0b7 Python/3.8.1 (Windows-10-10.0.19041-SP0)
      x-ms-date:
      - Wed, 26 May 2021 22:20:53 GMT
      x-ms-version:
      - '2019-02-02'
    method: POST
    uri: https://fake_table_account.table.core.windows.net/Tables
  response:
    body:
      string: '{"odata.metadata":"https://fake_table_account.table.core.windows.net/$metadata#Tables/@Element","TableName":"uttable1172194c"}'
    headers:
      cache-control: no-cache
      content-type: application/json;odata=minimalmetadata;streaming=true;charset=utf-8
      date: Wed, 26 May 2021 22:20:53 GMT
      location: https://fake_table_account.table.core.windows.net/Tables('uttable1172194c')
      server: Windows-Azure-Table/1.0 Microsoft-HTTPAPI/2.0
      transfer-encoding: chunked
      x-content-type-options: nosniff
      x-ms-version: '2019-02-02'
    status:
      code: 201
      message: Created
    url: https://seankaneprim.table.core.windows.net/Tables
- request:
    body: '{"PartitionKey": "pk1172194c", "PartitionKey@odata.type": "Edm.String",
      "RowKey": "rk1172194c", "RowKey@odata.type": "Edm.String", "age": 39, "sex":
      "male", "sex@odata.type": "Edm.String", "married": true, "deceased": false,
      "ratio": 3.1, "ratio@odata.type": "Edm.Double", "evenratio": 3.0, "evenratio@odata.type":
      "Edm.Double", "double": 5, "double@odata.type": "Edm.Double", "large": 933311100,
      "Birthday": "1973-10-04T00:00:00.000000Z", "Birthday@odata.type": "Edm.DateTime",
      "birthday": "1970-10-04T00:00:00.000000Z", "birthday@odata.type": "Edm.DateTime",
      "binary": "YmluYXJ5", "binary@odata.type": "Edm.Binary", "other": 20, "clsid":
      "c9da6455-213d-42c9-9a79-3e9149a57833", "clsid@odata.type": "Edm.Guid"}'
    headers:
      Accept:
      - application/json;odata=fullmetadata
      Content-Length:
      - '711'
      Content-Type:
      - application/json;odata=nometadata
      DataServiceVersion:
      - '3.0'
      Date:
      - Wed, 26 May 2021 22:20:53 GMT
      User-Agent:
      - azsdk-python-data-tables/12.0.0b7 Python/3.8.1 (Windows-10-10.0.19041-SP0)
      x-ms-date:
      - Wed, 26 May 2021 22:20:53 GMT
      x-ms-version:
      - '2019-02-02'
    method: POST
    uri: https://fake_table_account.table.core.windows.net/uttable1172194c
  response:
    body:
      string: '{"odata.metadata":"https://fake_table_account.table.core.windows.net/$metadata#uttable1172194c/@Element","odata.type":"fake_table_account.uttable1172194c","odata.id":"https://fake_table_account.table.core.windows.net/uttable1172194c(PartitionKey=''pk1172194c'',RowKey=''rk1172194c'')","odata.etag":"W/\"datetime''2021-05-26T22%3A20%3A53.5526699Z''\"","odata.editLink":"uttable1172194c(PartitionKey=''pk1172194c'',RowKey=''rk1172194c'')","PartitionKey":"pk1172194c","RowKey":"rk1172194c","Timestamp@odata.type":"Edm.DateTime","Timestamp":"2021-05-26T22:20:53.5526699Z","age":39,"sex":"male","married":true,"deceased":false,"ratio":3.1,"evenratio":3.0,"double":5.0,"large":933311100,"Birthday@odata.type":"Edm.DateTime","Birthday":"1973-10-04T00:00:00Z","birthday@odata.type":"Edm.DateTime","birthday":"1970-10-04T00:00:00Z","binary@odata.type":"Edm.Binary","binary":"YmluYXJ5","other":20,"clsid@odata.type":"Edm.Guid","clsid":"c9da6455-213d-42c9-9a79-3e9149a57833"}'
    headers:
      cache-control: no-cache
      content-type: application/json;odata=fullmetadata;streaming=true;charset=utf-8
      date: Wed, 26 May 2021 22:20:53 GMT
      etag: W/"datetime'2021-05-26T22%3A20%3A53.5526699Z'"
      location: https://fake_table_account.table.core.windows.net/uttable1172194c(PartitionKey='pk1172194c',RowKey='rk1172194c')
      server: Windows-Azure-Table/1.0 Microsoft-HTTPAPI/2.0
      transfer-encoding: chunked
      x-content-type-options: nosniff
      x-ms-version: '2019-02-02'
    status:
      code: 201
      message: Created
    url: https://seankaneprim.table.core.windows.net/uttable1172194c
- request:
    body: null
    headers:
      Accept:
      - application/json;odata=fullmetadata
      DataServiceVersion:
      - '3.0'
      Date:
      - Wed, 26 May 2021 22:20:53 GMT
      User-Agent:
      - azsdk-python-data-tables/12.0.0b7 Python/3.8.1 (Windows-10-10.0.19041-SP0)
      x-ms-date:
      - Wed, 26 May 2021 22:20:53 GMT
      x-ms-version:
      - '2019-02-02'
    method: GET
    uri: https://fake_table_account.table.core.windows.net/uttable1172194c(PartitionKey='pk1172194c',RowKey='rk1172194c')
  response:
    body:
      string: '{"odata.metadata":"https://fake_table_account.table.core.windows.net/$metadata#uttable1172194c/@Element","odata.type":"fake_table_account.uttable1172194c","odata.id":"https://fake_table_account.table.core.windows.net/uttable1172194c(PartitionKey=''pk1172194c'',RowKey=''rk1172194c'')","odata.etag":"W/\"datetime''2021-05-26T22%3A20%3A53.5526699Z''\"","odata.editLink":"uttable1172194c(PartitionKey=''pk1172194c'',RowKey=''rk1172194c'')","PartitionKey":"pk1172194c","RowKey":"rk1172194c","Timestamp@odata.type":"Edm.DateTime","Timestamp":"2021-05-26T22:20:53.5526699Z","age":39,"sex":"male","married":true,"deceased":false,"ratio":3.1,"evenratio":3.0,"double":5.0,"large":933311100,"Birthday@odata.type":"Edm.DateTime","Birthday":"1973-10-04T00:00:00Z","birthday@odata.type":"Edm.DateTime","birthday":"1970-10-04T00:00:00Z","binary@odata.type":"Edm.Binary","binary":"YmluYXJ5","other":20,"clsid@odata.type":"Edm.Guid","clsid":"c9da6455-213d-42c9-9a79-3e9149a57833"}'
    headers:
      cache-control: no-cache
      content-type: application/json;odata=fullmetadata;streaming=true;charset=utf-8
      date: Wed, 26 May 2021 22:20:53 GMT
      etag: W/"datetime'2021-05-26T22%3A20%3A53.5526699Z'"
      server: Windows-Azure-Table/1.0 Microsoft-HTTPAPI/2.0
      transfer-encoding: chunked
      vary: Origin
      x-content-type-options: nosniff
      x-ms-version: '2019-02-02'
    status:
      code: 200
      message: OK
    url: https://seankaneprim.table.core.windows.net/uttable1172194c(PartitionKey='pk1172194c',RowKey='rk1172194c')
- request:
    body: null
    headers:
      Accept:
      - application/json;odata=minimalmetadata
      DataServiceVersion:
      - '3.0'
      Date:
      - Wed, 26 May 2021 22:20:53 GMT
      User-Agent:
      - azsdk-python-data-tables/12.0.0b7 Python/3.8.1 (Windows-10-10.0.19041-SP0)
      x-ms-date:
      - Wed, 26 May 2021 22:20:53 GMT
      x-ms-version:
      - '2019-02-02'
    method: GET
    uri: https://fake_table_account.table.core.windows.net/Tables
  response:
    body:
      string: '{"odata.metadata":"https://fake_table_account.table.core.windows.net/$metadata#Tables","value":[{"TableName":"uttable1172194c"}]}'
    headers:
      cache-control: no-cache
      content-type: application/json;odata=minimalmetadata;streaming=true;charset=utf-8
      date: Wed, 26 May 2021 22:20:53 GMT
      server: Windows-Azure-Table/1.0 Microsoft-HTTPAPI/2.0
      transfer-encoding: chunked
      vary: Origin
      x-content-type-options: nosniff
      x-ms-version: '2019-02-02'
    status:
      code: 200
      message: OK
    url: https://seankaneprim.table.core.windows.net/Tables
- request:
    body: null
    headers:
      Accept:
      - application/json
      Date:
      - Wed, 26 May 2021 22:20:53 GMT
      User-Agent:
      - azsdk-python-data-tables/12.0.0b7 Python/3.8.1 (Windows-10-10.0.19041-SP0)
      x-ms-date:
      - Wed, 26 May 2021 22:20:53 GMT
      x-ms-version:
      - '2019-02-02'
    method: DELETE
    uri: https://fake_table_account.table.core.windows.net/Tables('uttable1172194c')
  response:
    body:
      string: ''
    headers:
      cache-control: no-cache
      content-length: '0'
      date: Wed, 26 May 2021 22:20:53 GMT
      server: Windows-Azure-Table/1.0 Microsoft-HTTPAPI/2.0
      x-content-type-options: nosniff
      x-ms-version: '2019-02-02'
    status:
      code: 204
      message: No Content
    url: https://seankaneprim.table.core.windows.net/Tables('uttable1172194c')
version: 1
