interactions:
- request:
    body: '{"TableName": "uttable2c5919f0"}'
    headers:
      Accept:
      - application/json;odata=minimalmetadata
      Content-Length:
      - '32'
      Content-Type:
      - application/json;odata=nometadata
      DataServiceVersion:
      - '3.0'
      Date:
      - Fri, 18 Dec 2020 17:10:18 GMT
      User-Agent:
      - azsdk-python-data-tables/12.0.0b4 Python/3.9.0rc1 (Windows-10-10.0.19041-SP0)
      x-ms-date:
      - Fri, 18 Dec 2020 17:10:18 GMT
      x-ms-version:
      - '2019-02-02'
    method: POST
    uri: https://fake_table_account.table.core.windows.net/Tables
  response:
    body:
      string: '{"odata.metadata":"https://fake_table_account.table.core.windows.net/$metadata#Tables/@Element","TableName":"uttable2c5919f0"}'
    headers:
      cache-control: no-cache
      content-type: application/json;odata=minimalmetadata;streaming=true;charset=utf-8
      date: Fri, 18 Dec 2020 17:10:19 GMT
      location: https://fake_table_account.table.core.windows.net/Tables('uttable2c5919f0')
      server: Windows-Azure-Table/1.0 Microsoft-HTTPAPI/2.0
      transfer-encoding: chunked
      x-content-type-options: nosniff
      x-ms-version: '2019-02-02'
    status:
      code: 201
      message: Created
    url: https://seankaneprim.table.core.windows.net/Tables
- request:
    body: '{"PartitionKey": "pk2c5919f0", "PartitionKey@odata.type": "Edm.String",
      "RowKey": "rk2c5919f0", "RowKey@odata.type": "Edm.String", "key0": "value0",
      "key0@odata.type": "Edm.String", "key1": "value1", "key1@odata.type": "Edm.String",
      "key2": "value2", "key2@odata.type": "Edm.String", "key3": "value3", "key3@odata.type":
      "Edm.String", "key4": "value4", "key4@odata.type": "Edm.String", "key5": "value5",
      "key5@odata.type": "Edm.String", "key6": "value6", "key6@odata.type": "Edm.String",
      "key7": "value7", "key7@odata.type": "Edm.String", "key8": "value8", "key8@odata.type":
      "Edm.String", "key9": "value9", "key9@odata.type": "Edm.String", "key10": "value10",
      "key10@odata.type": "Edm.String", "key11": "value11", "key11@odata.type": "Edm.String",
      "key12": "value12", "key12@odata.type": "Edm.String", "key13": "value13", "key13@odata.type":
      "Edm.String", "key14": "value14", "key14@odata.type": "Edm.String", "key15":
      "value15", "key15@odata.type": "Edm.String", "key16": "value16", "key16@odata.type":
      "Edm.String", "key17": "value17", "key17@odata.type": "Edm.String", "key18":
      "value18", "key18@odata.type": "Edm.String", "key19": "value19", "key19@odata.type":
      "Edm.String", "key20": "value20", "key20@odata.type": "Edm.String", "key21":
      "value21", "key21@odata.type": "Edm.String", "key22": "value22", "key22@odata.type":
      "Edm.String", "key23": "value23", "key23@odata.type": "Edm.String", "key24":
      "value24", "key24@odata.type": "Edm.String", "key25": "value25", "key25@odata.type":
      "Edm.String", "key26": "value26", "key26@odata.type": "Edm.String", "key27":
      "value27", "key27@odata.type": "Edm.String", "key28": "value28", "key28@odata.type":
      "Edm.String", "key29": "value29", "key29@odata.type": "Edm.String", "key30":
      "value30", "key30@odata.type": "Edm.String", "key31": "value31", "key31@odata.type":
      "Edm.String", "key32": "value32", "key32@odata.type": "Edm.String", "key33":
      "value33", "key33@odata.type": "Edm.String", "key34": "value34", "key34@odata.type":
      "Edm.String", "key35": "value35", "key35@odata.type": "Edm.String", "key36":
      "value36", "key36@odata.type": "Edm.String", "key37": "value37", "key37@odata.type":
      "Edm.String", "key38": "value38", "key38@odata.type": "Edm.String", "key39":
      "value39", "key39@odata.type": "Edm.String", "key40": "value40", "key40@odata.type":
      "Edm.String", "key41": "value41", "key41@odata.type": "Edm.String", "key42":
      "value42", "key42@odata.type": "Edm.String", "key43": "value43", "key43@odata.type":
      "Edm.String", "key44": "value44", "key44@odata.type": "Edm.String", "key45":
      "value45", "key45@odata.type": "Edm.String", "key46": "value46", "key46@odata.type":
      "Edm.String", "key47": "value47", "key47@odata.type": "Edm.String", "key48":
      "value48", "key48@odata.type": "Edm.String", "key49": "value49", "key49@odata.type":
      "Edm.String", "key50": "value50", "key50@odata.type": "Edm.String", "key51":
      "value51", "key51@odata.type": "Edm.String", "key52": "value52", "key52@odata.type":
      "Edm.String", "key53": "value53", "key53@odata.type": "Edm.String", "key54":
      "value54", "key54@odata.type": "Edm.String", "key55": "value55", "key55@odata.type":
      "Edm.String", "key56": "value56", "key56@odata.type": "Edm.String", "key57":
      "value57", "key57@odata.type": "Edm.String", "key58": "value58", "key58@odata.type":
      "Edm.String", "key59": "value59", "key59@odata.type": "Edm.String", "key60":
      "value60", "key60@odata.type": "Edm.String", "key61": "value61", "key61@odata.type":
      "Edm.String", "key62": "value62", "key62@odata.type": "Edm.String", "key63":
      "value63", "key63@odata.type": "Edm.String", "key64": "value64", "key64@odata.type":
      "Edm.String", "key65": "value65", "key65@odata.type": "Edm.String", "key66":
      "value66", "key66@odata.type": "Edm.String", "key67": "value67", "key67@odata.type":
      "Edm.String", "key68": "value68", "key68@odata.type": "Edm.String", "key69":
      "value69", "key69@odata.type": "Edm.String", "key70": "value70", "key70@odata.type":
      "Edm.String", "key71": "value71", "key71@odata.type": "Edm.String", "key72":
      "value72", "key72@odata.type": "Edm.String", "key73": "value73", "key73@odata.type":
      "Edm.String", "key74": "value74", "key74@odata.type": "Edm.String", "key75":
      "value75", "key75@odata.type": "Edm.String", "key76": "value76", "key76@odata.type":
      "Edm.String", "key77": "value77", "key77@odata.type": "Edm.String", "key78":
      "value78", "key78@odata.type": "Edm.String", "key79": "value79", "key79@odata.type":
      "Edm.String", "key80": "value80", "key80@odata.type": "Edm.String", "key81":
      "value81", "key81@odata.type": "Edm.String", "key82": "value82", "key82@odata.type":
      "Edm.String", "key83": "value83", "key83@odata.type": "Edm.String", "key84":
      "value84", "key84@odata.type": "Edm.String", "key85": "value85", "key85@odata.type":
      "Edm.String", "key86": "value86", "key86@odata.type": "Edm.String", "key87":
      "value87", "key87@odata.type": "Edm.String", "key88": "value88", "key88@odata.type":
      "Edm.String", "key89": "value89", "key89@odata.type": "Edm.String", "key90":
      "value90", "key90@odata.type": "Edm.String", "key91": "value91", "key91@odata.type":
      "Edm.String", "key92": "value92", "key92@odata.type": "Edm.String", "key93":
      "value93", "key93@odata.type": "Edm.String", "key94": "value94", "key94@odata.type":
      "Edm.String", "key95": "value95", "key95@odata.type": "Edm.String", "key96":
      "value96", "key96@odata.type": "Edm.String", "key97": "value97", "key97@odata.type":
      "Edm.String", "key98": "value98", "key98@odata.type": "Edm.String", "key99":
      "value99", "key99@odata.type": "Edm.String", "key100": "value100", "key100@odata.type":
      "Edm.String", "key101": "value101", "key101@odata.type": "Edm.String", "key102":
      "value102", "key102@odata.type": "Edm.String", "key103": "value103", "key103@odata.type":
      "Edm.String", "key104": "value104", "key104@odata.type": "Edm.String", "key105":
      "value105", "key105@odata.type": "Edm.String", "key106": "value106", "key106@odata.type":
      "Edm.String", "key107": "value107", "key107@odata.type": "Edm.String", "key108":
      "value108", "key108@odata.type": "Edm.String", "key109": "value109", "key109@odata.type":
      "Edm.String", "key110": "value110", "key110@odata.type": "Edm.String", "key111":
      "value111", "key111@odata.type": "Edm.String", "key112": "value112", "key112@odata.type":
      "Edm.String", "key113": "value113", "key113@odata.type": "Edm.String", "key114":
      "value114", "key114@odata.type": "Edm.String", "key115": "value115", "key115@odata.type":
      "Edm.String", "key116": "value116", "key116@odata.type": "Edm.String", "key117":
      "value117", "key117@odata.type": "Edm.String", "key118": "value118", "key118@odata.type":
      "Edm.String", "key119": "value119", "key119@odata.type": "Edm.String", "key120":
      "value120", "key120@odata.type": "Edm.String", "key121": "value121", "key121@odata.type":
      "Edm.String", "key122": "value122", "key122@odata.type": "Edm.String", "key123":
      "value123", "key123@odata.type": "Edm.String", "key124": "value124", "key124@odata.type":
      "Edm.String", "key125": "value125", "key125@odata.type": "Edm.String", "key126":
      "value126", "key126@odata.type": "Edm.String", "key127": "value127", "key127@odata.type":
      "Edm.String", "key128": "value128", "key128@odata.type": "Edm.String", "key129":
      "value129", "key129@odata.type": "Edm.String", "key130": "value130", "key130@odata.type":
      "Edm.String", "key131": "value131", "key131@odata.type": "Edm.String", "key132":
      "value132", "key132@odata.type": "Edm.String", "key133": "value133", "key133@odata.type":
      "Edm.String", "key134": "value134", "key134@odata.type": "Edm.String", "key135":
      "value135", "key135@odata.type": "Edm.String", "key136": "value136", "key136@odata.type":
      "Edm.String", "key137": "value137", "key137@odata.type": "Edm.String", "key138":
      "value138", "key138@odata.type": "Edm.String", "key139": "value139", "key139@odata.type":
      "Edm.String", "key140": "value140", "key140@odata.type": "Edm.String", "key141":
      "value141", "key141@odata.type": "Edm.String", "key142": "value142", "key142@odata.type":
      "Edm.String", "key143": "value143", "key143@odata.type": "Edm.String", "key144":
      "value144", "key144@odata.type": "Edm.String", "key145": "value145", "key145@odata.type":
      "Edm.String", "key146": "value146", "key146@odata.type": "Edm.String", "key147":
      "value147", "key147@odata.type": "Edm.String", "key148": "value148", "key148@odata.type":
      "Edm.String", "key149": "value149", "key149@odata.type": "Edm.String", "key150":
      "value150", "key150@odata.type": "Edm.String", "key151": "value151", "key151@odata.type":
      "Edm.String", "key152": "value152", "key152@odata.type": "Edm.String", "key153":
      "value153", "key153@odata.type": "Edm.String", "key154": "value154", "key154@odata.type":
      "Edm.String", "key155": "value155", "key155@odata.type": "Edm.String", "key156":
      "value156", "key156@odata.type": "Edm.String", "key157": "value157", "key157@odata.type":
      "Edm.String", "key158": "value158", "key158@odata.type": "Edm.String", "key159":
      "value159", "key159@odata.type": "Edm.String", "key160": "value160", "key160@odata.type":
      "Edm.String", "key161": "value161", "key161@odata.type": "Edm.String", "key162":
      "value162", "key162@odata.type": "Edm.String", "key163": "value163", "key163@odata.type":
      "Edm.String", "key164": "value164", "key164@odata.type": "Edm.String", "key165":
      "value165", "key165@odata.type": "Edm.String", "key166": "value166", "key166@odata.type":
      "Edm.String", "key167": "value167", "key167@odata.type": "Edm.String", "key168":
      "value168", "key168@odata.type": "Edm.String", "key169": "value169", "key169@odata.type":
      "Edm.String", "key170": "value170", "key170@odata.type": "Edm.String", "key171":
      "value171", "key171@odata.type": "Edm.String", "key172": "value172", "key172@odata.type":
      "Edm.String", "key173": "value173", "key173@odata.type": "Edm.String", "key174":
      "value174", "key174@odata.type": "Edm.String", "key175": "value175", "key175@odata.type":
      "Edm.String", "key176": "value176", "key176@odata.type": "Edm.String", "key177":
      "value177", "key177@odata.type": "Edm.String", "key178": "value178", "key178@odata.type":
      "Edm.String", "key179": "value179", "key179@odata.type": "Edm.String", "key180":
      "value180", "key180@odata.type": "Edm.String", "key181": "value181", "key181@odata.type":
      "Edm.String", "key182": "value182", "key182@odata.type": "Edm.String", "key183":
      "value183", "key183@odata.type": "Edm.String", "key184": "value184", "key184@odata.type":
      "Edm.String", "key185": "value185", "key185@odata.type": "Edm.String", "key186":
      "value186", "key186@odata.type": "Edm.String", "key187": "value187", "key187@odata.type":
      "Edm.String", "key188": "value188", "key188@odata.type": "Edm.String", "key189":
      "value189", "key189@odata.type": "Edm.String", "key190": "value190", "key190@odata.type":
      "Edm.String", "key191": "value191", "key191@odata.type": "Edm.String", "key192":
      "value192", "key192@odata.type": "Edm.String", "key193": "value193", "key193@odata.type":
      "Edm.String", "key194": "value194", "key194@odata.type": "Edm.String", "key195":
      "value195", "key195@odata.type": "Edm.String", "key196": "value196", "key196@odata.type":
      "Edm.String", "key197": "value197", "key197@odata.type": "Edm.String", "key198":
      "value198", "key198@odata.type": "Edm.String", "key199": "value199", "key199@odata.type":
      "Edm.String", "key200": "value200", "key200@odata.type": "Edm.String", "key201":
      "value201", "key201@odata.type": "Edm.String", "key202": "value202", "key202@odata.type":
      "Edm.String", "key203": "value203", "key203@odata.type": "Edm.String", "key204":
      "value204", "key204@odata.type": "Edm.String", "key205": "value205", "key205@odata.type":
      "Edm.String", "key206": "value206", "key206@odata.type": "Edm.String", "key207":
      "value207", "key207@odata.type": "Edm.String", "key208": "value208", "key208@odata.type":
      "Edm.String", "key209": "value209", "key209@odata.type": "Edm.String", "key210":
      "value210", "key210@odata.type": "Edm.String", "key211": "value211", "key211@odata.type":
      "Edm.String", "key212": "value212", "key212@odata.type": "Edm.String", "key213":
      "value213", "key213@odata.type": "Edm.String", "key214": "value214", "key214@odata.type":
      "Edm.String", "key215": "value215", "key215@odata.type": "Edm.String", "key216":
      "value216", "key216@odata.type": "Edm.String", "key217": "value217", "key217@odata.type":
      "Edm.String", "key218": "value218", "key218@odata.type": "Edm.String", "key219":
      "value219", "key219@odata.type": "Edm.String", "key220": "value220", "key220@odata.type":
      "Edm.String", "key221": "value221", "key221@odata.type": "Edm.String", "key222":
      "value222", "key222@odata.type": "Edm.String", "key223": "value223", "key223@odata.type":
      "Edm.String", "key224": "value224", "key224@odata.type": "Edm.String", "key225":
      "value225", "key225@odata.type": "Edm.String", "key226": "value226", "key226@odata.type":
      "Edm.String", "key227": "value227", "key227@odata.type": "Edm.String", "key228":
      "value228", "key228@odata.type": "Edm.String", "key229": "value229", "key229@odata.type":
      "Edm.String", "key230": "value230", "key230@odata.type": "Edm.String", "key231":
      "value231", "key231@odata.type": "Edm.String", "key232": "value232", "key232@odata.type":
      "Edm.String", "key233": "value233", "key233@odata.type": "Edm.String", "key234":
      "value234", "key234@odata.type": "Edm.String", "key235": "value235", "key235@odata.type":
      "Edm.String", "key236": "value236", "key236@odata.type": "Edm.String", "key237":
      "value237", "key237@odata.type": "Edm.String", "key238": "value238", "key238@odata.type":
      "Edm.String", "key239": "value239", "key239@odata.type": "Edm.String", "key240":
      "value240", "key240@odata.type": "Edm.String", "key241": "value241", "key241@odata.type":
      "Edm.String", "key242": "value242", "key242@odata.type": "Edm.String", "key243":
      "value243", "key243@odata.type": "Edm.String", "key244": "value244", "key244@odata.type":
      "Edm.String", "key245": "value245", "key245@odata.type": "Edm.String", "key246":
      "value246", "key246@odata.type": "Edm.String", "key247": "value247", "key247@odata.type":
      "Edm.String", "key248": "value248", "key248@odata.type": "Edm.String", "key249":
      "value249", "key249@odata.type": "Edm.String", "key250": "value250", "key250@odata.type":
      "Edm.String", "key251": "value251", "key251@odata.type": "Edm.String", "key252":
      "value252", "key252@odata.type": "Edm.String", "key253": "value253", "key253@odata.type":
      "Edm.String", "key254": "value254", "key254@odata.type": "Edm.String"}'
    headers:
      Accept:
      - application/json;odata=minimalmetadata
      Content-Length:
      - '14335'
      Content-Type:
      - application/json;odata=nometadata
      DataServiceVersion:
      - '3.0'
      Date:
      - Fri, 18 Dec 2020 17:10:19 GMT
      User-Agent:
      - azsdk-python-data-tables/12.0.0b4 Python/3.9.0rc1 (Windows-10-10.0.19041-SP0)
      x-ms-date:
      - Fri, 18 Dec 2020 17:10:19 GMT
      x-ms-version:
      - '2019-02-02'
    method: POST
    uri: https://fake_table_account.table.core.windows.net/uttable2c5919f0
  response:
    body:
      string: '{"odata.error":{"code":"TooManyProperties","message":{"lang":"en-US","value":"The
        entity contains more properties than allowed. Each entity can include up to
        252 properties to store data. Each entity also has 3 system properties.\nRequestId:4a6a6a8f-4002-0032-5960-d5a36e000000\nTime:2020-12-18T17:10:19.9725486Z"}}}'
    headers:
      cache-control: no-cache
      content-type: application/json;odata=minimalmetadata;streaming=true;charset=utf-8
      date: Fri, 18 Dec 2020 17:10:19 GMT
      server: Windows-Azure-Table/1.0 Microsoft-HTTPAPI/2.0
      transfer-encoding: chunked
      x-content-type-options: nosniff
      x-ms-version: '2019-02-02'
    status:
      code: 400
      message: Bad Request
    url: https://seankaneprim.table.core.windows.net/uttable2c5919f0
- request:
    body: null
    headers:
      Accept:
      - application/json
      Date:
      - Fri, 18 Dec 2020 17:10:19 GMT
      User-Agent:
      - azsdk-python-data-tables/12.0.0b4 Python/3.9.0rc1 (Windows-10-10.0.19041-SP0)
      x-ms-date:
      - Fri, 18 Dec 2020 17:10:19 GMT
      x-ms-version:
      - '2019-02-02'
    method: DELETE
    uri: https://fake_table_account.table.core.windows.net/Tables('uttable2c5919f0')
  response:
    body:
      string: ''
    headers:
      cache-control: no-cache
      content-length: '0'
      date: Fri, 18 Dec 2020 17:10:19 GMT
      server: Windows-Azure-Table/1.0 Microsoft-HTTPAPI/2.0
      x-content-type-options: nosniff
      x-ms-version: '2019-02-02'
    status:
      code: 204
      message: No Content
    url: https://seankaneprim.table.core.windows.net/Tables('uttable2c5919f0')
version: 1
