{
  "Entries": [
    {
      "RequestUri": "https://yalltbtestsprim.table.cosmos.azure.com/Tables",
      "RequestMethod": "POST",
      "RequestHeaders": {
        "Accept": "application/json;odata=minimalmetadata",
        "Accept-Encoding": "gzip, deflate",
        "Authorization": "Sanitized",
        "Connection": "keep-alive",
        "Content-Length": "32",
        "Content-Type": "application/json;odata=nometadata",
        "DataServiceVersion": "3.0",
        "Date": "Mon, 20 Sep 2021 22:11:42 GMT",
        "User-Agent": "azsdk-python-data-tables/12.1.1 Python/3.9.2 (Windows-10-10.0.19041-SP0)",
        "x-ms-client-request-id": "bc8a1a38-1a5f-11ec-9641-5cf37093a909",
        "x-ms-date": "Mon, 20 Sep 2021 22:11:42 GMT",
        "x-ms-version": "2019-02-02"
      },
      "RequestBody": "{\u0022TableName\u0022: \u0022uttable74192b09\u0022}",
      "StatusCode": 201,
      "ResponseHeaders": {
        "Content-Type": "application/json; odata=minimalmetadata",
        "Date": "Mon, 20 Sep 2021 22:11:42 GMT",
        "ETag": "W/\u0022datetime\u00272021-09-20T22%3A11%3A43.0857736Z\u0027\u0022",
        "Location": "https://yalltbtestsprim.table.cosmos.azure.com/Tables(\u0027uttable74192b09\u0027)",
        "Transfer-Encoding": "chunked",
        "x-ms-request-id": "681e1f98-e56b-488d-b0c3-2094c2bacef0"
      },
      "ResponseBody": {
        "TableName": "uttable74192b09",
        "odata.metadata": "https://yalltbtestsprim.table.cosmos.azure.com/$metadata#Tables/@Element"
      }
    },
    {
      "RequestUri": "https://yalltbtestsprim.table.cosmos.azure.com/uttable74192b09",
      "RequestMethod": "POST",
      "RequestHeaders": {
        "Accept": "application/json;odata=minimalmetadata",
        "Accept-Encoding": "gzip, deflate",
        "Authorization": "Sanitized",
        "Connection": "keep-alive",
        "Content-Length": "711",
        "Content-Type": "application/json;odata=nometadata",
        "DataServiceVersion": "3.0",
        "Date": "Mon, 20 Sep 2021 22:11:43 GMT",
        "User-Agent": "azsdk-python-data-tables/12.1.1 Python/3.9.2 (Windows-10-10.0.19041-SP0)",
        "x-ms-client-request-id": "bcdd0dbb-1a5f-11ec-898b-5cf37093a909",
        "x-ms-date": "Mon, 20 Sep 2021 22:11:43 GMT",
        "x-ms-version": "2019-02-02"
      },
      "RequestBody": "{\u0022PartitionKey\u0022: \u0022pk74192b09\u0022, \u0022PartitionKey@odata.type\u0022: \u0022Edm.String\u0022, \u0022RowKey\u0022: \u0022rk74192b09\u0022, \u0022RowKey@odata.type\u0022: \u0022Edm.String\u0022, \u0022age\u0022: 39, \u0022sex\u0022: \u0022male\u0022, \u0022sex@odata.type\u0022: \u0022Edm.String\u0022, \u0022married\u0022: true, \u0022deceased\u0022: false, \u0022ratio\u0022: 3.1, \u0022ratio@odata.type\u0022: \u0022Edm.Double\u0022, \u0022evenratio\u0022: 3.0, \u0022evenratio@odata.type\u0022: \u0022Edm.Double\u0022, \u0022double\u0022: 5, \u0022double@odata.type\u0022: \u0022Edm.Double\u0022, \u0022large\u0022: 933311100, \u0022Birthday\u0022: \u00221973-10-04T00:00:00.000000Z\u0022, \u0022Birthday@odata.type\u0022: \u0022Edm.DateTime\u0022, \u0022birthday\u0022: \u00221970-10-04T00:00:00.000000Z\u0022, \u0022birthday@odata.type\u0022: \u0022Edm.DateTime\u0022, \u0022binary\u0022: \u0022YmluYXJ5\u0022, \u0022binary@odata.type\u0022: \u0022Edm.Binary\u0022, \u0022other\u0022: 20, \u0022clsid\u0022: \u0022c9da6455-213d-42c9-9a79-3e9149a57833\u0022, \u0022clsid@odata.type\u0022: \u0022Edm.Guid\u0022}",
      "StatusCode": 201,
      "ResponseHeaders": {
        "Content-Type": "application/json; odata=minimalmetadata",
        "Date": "Mon, 20 Sep 2021 22:11:42 GMT",
        "ETag": "W/\u0022datetime\u00272021-09-20T22%3A11%3A43.4229768Z\u0027\u0022",
        "Location": "https://yalltbtestsprim.table.cosmos.azure.com/uttable74192b09(PartitionKey=\u0027pk74192b09\u0027,RowKey=\u0027rk74192b09\u0027)",
        "Transfer-Encoding": "chunked",
        "x-ms-request-id": "b7cdccf8-6d44-430e-9c98-35dedfdb6d31"
      },
      "ResponseBody": {
        "odata.metadata": "https://yalltbtestsprim.table.cosmos.azure.com/uttable74192b09/$metadata#uttable74192b09/@Element",
        "odata.etag": "W/\u0022datetime\u00272021-09-20T22%3A11%3A43.4229768Z\u0027\u0022",
        "PartitionKey": "pk74192b09",
        "RowKey": "rk74192b09",
        "age": 39,
        "sex": "male",
        "married": true,
        "deceased": false,
        "ratio": 3.1,
        "evenratio": 3.0,
        "double": 5.0,
        "large": 933311100,
        "Birthday@odata.type": "Edm.DateTime",
        "Birthday": "1973-10-04T00:00:00.0000000Z",
        "birthday@odata.type": "Edm.DateTime",
        "birthday": "1970-10-04T00:00:00.0000000Z",
        "binary@odata.type": "Edm.Binary",
        "binary": "YmluYXJ5",
        "other": 20,
        "clsid@odata.type": "Edm.Guid",
        "clsid": "c9da6455-213d-42c9-9a79-3e9149a57833",
        "Timestamp": "2021-09-20T22:11:43.4229768Z"
      }
    },
    {
      "RequestUri": "https://yalltbtestsprim.table.cosmos.azure.com/uttable74192b09(PartitionKey=\u0027pk74192b09\u0027,RowKey=\u0027rk74192b09\u0027)",
      "RequestMethod": "POST",
      "RequestHeaders": {
        "Accept": "application/json",
        "Accept-Encoding": "gzip, deflate",
        "Authorization": "Sanitized",
        "Connection": "keep-alive",
        "Content-Length": "360",
        "Content-Type": "application/json",
        "DataServiceVersion": "3.0",
        "Date": "Mon, 20 Sep 2021 22:11:43 GMT",
        "If-Match": "*",
        "User-Agent": "azsdk-python-data-tables/12.1.1 Python/3.9.2 (Windows-10-10.0.19041-SP0)",
        "X-HTTP-Method": "MERGE",
        "x-ms-client-request-id": "bce5e2e6-1a5f-11ec-a14c-5cf37093a909",
        "x-ms-date": "Mon, 20 Sep 2021 22:11:43 GMT",
        "x-ms-version": "2019-02-02"
      },
      "RequestBody": "{\u0022PartitionKey\u0022: \u0022pk74192b09\u0022, \u0022PartitionKey@odata.type\u0022: \u0022Edm.String\u0022, \u0022RowKey\u0022: \u0022rk74192b09\u0022, \u0022RowKey@odata.type\u0022: \u0022Edm.String\u0022, \u0022age\u0022: \u0022abc\u0022, \u0022age@odata.type\u0022: \u0022Edm.String\u0022, \u0022sex\u0022: \u0022female\u0022, \u0022sex@odata.type\u0022: \u0022Edm.String\u0022, \u0022sign\u0022: \u0022aquarius\u0022, \u0022sign@odata.type\u0022: \u0022Edm.String\u0022, \u0022birthday\u0022: \u00221991-10-04T00:00:00.000000Z\u0022, \u0022birthday@odata.type\u0022: \u0022Edm.DateTime\u0022}",
      "StatusCode": 204,
      "ResponseHeaders": {
        "Date": "Mon, 20 Sep 2021 22:11:42 GMT",
        "ETag": "W/\u0022datetime\u00272021-09-20T22%3A11%3A43.4515464Z\u0027\u0022",
        "x-ms-request-id": "db808b67-ff4a-4345-8ddc-6b671479745a"
      },
      "ResponseBody": null
    },
    {
      "RequestUri": "https://yalltbtestsprim.table.cosmos.azure.com/uttable74192b09(PartitionKey=\u0027pk74192b09\u0027,RowKey=\u0027rk74192b09\u0027)",
      "RequestMethod": "GET",
      "RequestHeaders": {
        "Accept": "application/json;odata=minimalmetadata",
        "Accept-Encoding": "gzip, deflate",
        "Authorization": "Sanitized",
        "Connection": "keep-alive",
        "DataServiceVersion": "3.0",
        "Date": "Mon, 20 Sep 2021 22:11:43 GMT",
        "User-Agent": "azsdk-python-data-tables/12.1.1 Python/3.9.2 (Windows-10-10.0.19041-SP0)",
        "x-ms-client-request-id": "bcea5abe-1a5f-11ec-a11c-5cf37093a909",
        "x-ms-date": "Mon, 20 Sep 2021 22:11:43 GMT",
        "x-ms-version": "2019-02-02"
      },
      "RequestBody": null,
      "StatusCode": 200,
      "ResponseHeaders": {
        "Content-Type": "application/json; odata=minimalmetadata",
        "Date": "Mon, 20 Sep 2021 22:11:42 GMT",
        "ETag": "W/\u0022datetime\u00272021-09-20T22%3A11%3A43.4515464Z\u0027\u0022",
        "Transfer-Encoding": "chunked",
        "x-ms-request-id": "232fb3cf-87f2-4e21-a5d4-fda9ed087f3f"
      },
      "ResponseBody": {
        "odata.metadata": "https://yalltbtestsprim.table.cosmos.azure.com/uttable74192b09/$metadata#uttable74192b09/@Element",
        "odata.etag": "W/\u0022datetime\u00272021-09-20T22%3A11%3A43.4515464Z\u0027\u0022",
        "PartitionKey": "pk74192b09",
        "RowKey": "rk74192b09",
        "age": "abc",
        "sex": "female",
        "married": true,
        "deceased": false,
        "ratio": 3.1,
        "evenratio": 3.0,
        "double": 5.0,
        "large": 933311100,
        "Birthday@odata.type": "Edm.DateTime",
        "Birthday": "1973-10-04T00:00:00.0000000Z",
        "birthday@odata.type": "Edm.DateTime",
        "birthday": "1991-10-04T00:00:00.0000000Z",
        "binary@odata.type": "Edm.Binary",
        "binary": "YmluYXJ5",
        "other": 20,
        "clsid@odata.type": "Edm.Guid",
        "clsid": "c9da6455-213d-42c9-9a79-3e9149a57833",
        "sign": "aquarius",
        "Timestamp": "2021-09-20T22:11:43.4515464Z"
      }
    },
    {
      "RequestUri": "https://yalltbtestsprim.table.cosmos.azure.com/Tables",
      "RequestMethod": "GET",
      "RequestHeaders": {
        "Accept": "application/json;odata=minimalmetadata",
        "Accept-Encoding": "gzip, deflate",
        "Authorization": "Sanitized",
        "Connection": "keep-alive",
        "DataServiceVersion": "3.0",
        "Date": "Mon, 20 Sep 2021 22:11:43 GMT",
        "User-Agent": "azsdk-python-data-tables/12.1.1 Python/3.9.2 (Windows-10-10.0.19041-SP0)",
        "x-ms-client-request-id": "bced5d18-1a5f-11ec-88e0-5cf37093a909",
        "x-ms-date": "Mon, 20 Sep 2021 22:11:43 GMT",
        "x-ms-version": "2019-02-02"
      },
      "RequestBody": null,
      "StatusCode": 200,
      "ResponseHeaders": {
        "Content-Type": "application/json; odata=minimalmetadata",
        "Date": "Mon, 20 Sep 2021 22:11:42 GMT",
        "Transfer-Encoding": "chunked",
        "x-ms-request-id": "0150c501-825b-4347-8e34-84105852d787"
      },
      "ResponseBody": {
        "value": [
          {
            "TableName": "uttable74192b09"
          }
        ],
        "odata.metadata": "https://yalltbtestsprim.table.cosmos.azure.com/$metadata#Tables"
      }
    },
    {
      "RequestUri": "https://yalltbtestsprim.table.cosmos.azure.com/Tables(\u0027uttable74192b09\u0027)",
      "RequestMethod": "DELETE",
      "RequestHeaders": {
        "Accept": "application/json",
        "Accept-Encoding": "gzip, deflate",
        "Authorization": "Sanitized",
        "Connection": "keep-alive",
        "Content-Length": "0",
        "Date": "Mon, 20 Sep 2021 22:11:43 GMT",
        "User-Agent": "azsdk-python-data-tables/12.1.1 Python/3.9.2 (Windows-10-10.0.19041-SP0)",
        "x-ms-client-request-id": "bcf0ede2-1a5f-11ec-a948-5cf37093a909",
        "x-ms-date": "Mon, 20 Sep 2021 22:11:43 GMT",
        "x-ms-version": "2019-02-02"
      },
      "RequestBody": null,
      "StatusCode": 204,
      "ResponseHeaders": {
        "Date": "Mon, 20 Sep 2021 22:11:42 GMT",
        "x-ms-request-id": "7fd27953-6dc2-4d9d-87a7-4e5184acf3a9"
      },
      "ResponseBody": null
    }
  ],
  "Variables": {}
}
