{
  "Entries": [
    {
      "RequestUri": "https://fakeendpoint.table.cosmos.azure.com/Tables",
      "RequestMethod": "POST",
      "RequestHeaders": {
        "Accept": "application/json;odata=minimalmetadata",
        "Accept-Encoding": "gzip, deflate",
        "Connection": "keep-alive",
        "Content-Length": "32",
        "Content-Type": "application/json;odata=nometadata",
        "DataServiceVersion": "3.0",
        "Date": "Fri, 06 May 2022 00:48:56 GMT",
        "User-Agent": "azsdk-python-data-tables/12.3.0 Python/3.10.0 (Windows-10-10.0.22000-SP0)",
        "x-ms-date": "Fri, 06 May 2022 00:48:56 GMT",
        "x-ms-version": "2019-02-02"
      },
      "RequestBody": {
        "TableName": "uttablea6253023"
      },
      "StatusCode": 201,
      "ResponseHeaders": {
        "Content-Type": "application/json; odata=minimalmetadata",
        "Date": "Fri, 06 May 2022 00:48:54 GMT",
        "ETag": "W/\u0022datetime\u00272022-05-06T00%3A48%3A55.6323848Z\u0027\u0022",
        "Location": "https://fakeendpoint.table.cosmos.azure.com/Tables(\u0027uttablea6253023\u0027)",
        "Transfer-Encoding": "chunked"
      },
      "ResponseBody": {
        "TableName": "uttablea6253023",
        "odata.metadata": "https://fakeendpoint.table.cosmos.azure.com/$metadata#Tables/@Element"
      }
    },
    {
      "RequestUri": "https://fakeendpoint.table.cosmos.azure.com/uttablea6253023",
      "RequestMethod": "POST",
      "RequestHeaders": {
        "Accept": "application/json;odata=minimalmetadata",
        "Accept-Encoding": "gzip, deflate",
        "Connection": "keep-alive",
        "Content-Length": "63",
        "Content-Type": "application/json;odata=nometadata",
        "DataServiceVersion": "3.0",
        "Date": "Fri, 06 May 2022 00:48:56 GMT",
        "User-Agent": "azsdk-python-data-tables/12.3.0 Python/3.10.0 (Windows-10-10.0.22000-SP0)",
        "x-ms-date": "Fri, 06 May 2022 00:48:56 GMT",
        "x-ms-version": "2019-02-02"
      },
      "RequestBody": {
        "PartitionKey": "pk",
        "PartitionKey@odata.type": "Edm.String"
      },
      "StatusCode": 400,
      "ResponseHeaders": {
        "Content-Type": "application/json; odata=fullmetadata",
        "Date": "Fri, 06 May 2022 00:48:55 GMT",
        "Transfer-Encoding": "chunked"
      },
      "ResponseBody": {
        "odata.error": {
          "code": "PropertiesNeedValue",
          "message": {
            "lang": "en-us",
            "value": "PartitionKey/RowKey cannot be empty\r\nActivityId: 3896c1da-3bb3-461c-8fa7-4e538beef894, documentdb-dotnet-sdk/2.14.0 Host/64-bit MicrosoftWindowsNT/10.0.19041.0\nRequestID:3896c1da-3bb3-461c-8fa7-4e538beef894\n"
          }
        }
      }
    },
    {
      "RequestUri": "https://fakeendpoint.table.cosmos.azure.com/Tables",
      "RequestMethod": "GET",
      "RequestHeaders": {
        "Accept": "application/json;odata=minimalmetadata",
        "Accept-Encoding": "gzip, deflate",
        "Connection": "keep-alive",
        "DataServiceVersion": "3.0",
        "Date": "Fri, 06 May 2022 00:48:56 GMT",
        "User-Agent": "azsdk-python-data-tables/12.3.0 Python/3.10.0 (Windows-10-10.0.22000-SP0)",
        "x-ms-date": "Fri, 06 May 2022 00:48:56 GMT",
        "x-ms-version": "2019-02-02"
      },
      "RequestBody": null,
      "StatusCode": 200,
      "ResponseHeaders": {
        "Content-Type": "application/json; odata=minimalmetadata",
        "Date": "Fri, 06 May 2022 00:48:55 GMT",
        "Transfer-Encoding": "chunked"
      },
      "ResponseBody": {
        "value": [
          {
            "TableName": "uttablea6253023"
          }
        ],
        "odata.metadata": "https://fakeendpoint.table.cosmos.azure.com/$metadata#Tables"
      }
    },
    {
      "RequestUri": "https://fakeendpoint.table.cosmos.azure.com/Tables(\u0027uttablea6253023\u0027)",
      "RequestMethod": "DELETE",
      "RequestHeaders": {
        "Accept": "application/json",
        "Accept-Encoding": "gzip, deflate",
        "Connection": "keep-alive",
        "Content-Length": "0",
        "Date": "Fri, 06 May 2022 00:48:56 GMT",
        "User-Agent": "azsdk-python-data-tables/12.3.0 Python/3.10.0 (Windows-10-10.0.22000-SP0)",
        "x-ms-date": "Fri, 06 May 2022 00:48:56 GMT",
        "x-ms-version": "2019-02-02"
      },
      "RequestBody": null,
      "StatusCode": 204,
      "ResponseHeaders": {
        "Content-Type": "application/json",
        "Date": "Fri, 06 May 2022 00:48:55 GMT"
      },
      "ResponseBody": null
    }
  ],
  "Variables": {}
}
