interactions:
- request:
    body: '{"TableName": "uttable87d916bd"}'
    headers:
      Accept:
      - application/json;odata=minimalmetadata
      Content-Length:
      - '32'
      Content-Type:
      - application/json;odata=nometadata
      DataServiceVersion:
      - '3.0'
      Date:
      - Thu, 08 Apr 2021 14:34:35 GMT
      User-Agent:
      - azsdk-python-data-tables/12.0.0b7 Python/3.9.0rc1 (Windows-10-10.0.19041-SP0)
      x-ms-date:
      - Thu, 08 Apr 2021 14:34:35 GMT
      x-ms-version:
      - '2019-02-02'
    method: POST
    uri: https://fake_table_account.table.core.windows.net/Tables
  response:
    body:
      string: '{"odata.metadata":"https://fake_table_account.table.core.windows.net/$metadata#Tables/@Element","TableName":"uttable87d916bd"}'
    headers:
      cache-control: no-cache
      content-type: application/json;odata=minimalmetadata;streaming=true;charset=utf-8
      date: Thu, 08 Apr 2021 14:34:34 GMT
      location: https://fake_table_account.table.core.windows.net/Tables('uttable87d916bd')
      server: Windows-Azure-Table/1.0 Microsoft-HTTPAPI/2.0
      transfer-encoding: chunked
      x-content-type-options: nosniff
      x-ms-version: '2019-02-02'
    status:
      code: 201
      message: Created
    url: https://seankaneprim.table.core.windows.net/Tables
- request:
    body: '{"PartitionKey": "pk87d916bd", "PartitionKey@odata.type": "Edm.String",
      "RowKey": "rk87d916bd", "RowKey@odata.type": "Edm.String", "age": 39, "sex":
      "male", "sex@odata.type": "Edm.String", "married": true, "deceased": false,
      "ratio": 3.1, "evenratio": 3.0, "large": 933311100, "Birthday": "1973-10-04T00:00:00.000000Z",
      "Birthday@odata.type": "Edm.DateTime", "birthday": "1970-10-04T00:00:00.000000Z",
      "birthday@odata.type": "Edm.DateTime", "binary": "YmluYXJ5", "binary@odata.type":
      "Edm.Binary", "other": 20, "clsid": "c9da6455-213d-42c9-9a79-3e9149a57833",
      "clsid@odata.type": "Edm.Guid"}'
    headers:
      Accept:
      - application/json;odata=minimalmetadata
      Content-Length:
      - '591'
      Content-Type:
      - application/json;odata=nometadata
      DataServiceVersion:
      - '3.0'
      Date:
      - Thu, 08 Apr 2021 14:34:35 GMT
      User-Agent:
      - azsdk-python-data-tables/12.0.0b7 Python/3.9.0rc1 (Windows-10-10.0.19041-SP0)
      x-ms-date:
      - Thu, 08 Apr 2021 14:34:35 GMT
      x-ms-version:
      - '2019-02-02'
    method: POST
    uri: https://fake_table_account.table.core.windows.net/uttable87d916bd
  response:
    body:
      string: '{"odata.metadata":"https://fake_table_account.table.core.windows.net/$metadata#uttable87d916bd/@Element","odata.etag":"W/\"datetime''2021-04-08T14%3A34%3A36.0151999Z''\"","PartitionKey":"pk87d916bd","RowKey":"rk87d916bd","Timestamp":"2021-04-08T14:34:36.0151999Z","age":39,"sex":"male","married":true,"deceased":false,"ratio":3.1,"evenratio":3.0,"large":933311100,"Birthday@odata.type":"Edm.DateTime","Birthday":"1973-10-04T00:00:00Z","birthday@odata.type":"Edm.DateTime","birthday":"1970-10-04T00:00:00Z","binary@odata.type":"Edm.Binary","binary":"YmluYXJ5","other":20,"clsid@odata.type":"Edm.Guid","clsid":"c9da6455-213d-42c9-9a79-3e9149a57833"}'
    headers:
      cache-control: no-cache
      content-type: application/json;odata=minimalmetadata;streaming=true;charset=utf-8
      date: Thu, 08 Apr 2021 14:34:35 GMT
      etag: W/"datetime'2021-04-08T14%3A34%3A36.0151999Z'"
      location: https://fake_table_account.table.core.windows.net/uttable87d916bd(PartitionKey='pk87d916bd',RowKey='rk87d916bd')
      server: Windows-Azure-Table/1.0 Microsoft-HTTPAPI/2.0
      transfer-encoding: chunked
      x-content-type-options: nosniff
      x-ms-version: '2019-02-02'
    status:
      code: 201
      message: Created
    url: https://seankaneprim.table.core.windows.net/uttable87d916bd
- request:
    body: "--batch_5f66f1a0-4a10-43d1-826d-82971a59d314\r\nContent-Type: multipart/mixed;\
      \ boundary=changeset_66df7c3b-1ca4-4121-8138-b8685f3b355b\r\n\r\n--changeset_66df7c3b-1ca4-4121-8138-b8685f3b355b\r\
      \nContent-Type: application/http\r\nContent-Transfer-Encoding: binary\r\nContent-ID:\
      \ 0\r\n\r\nPATCH https://seankaneprim.table.core.windows.net/uttable87d916bd(PartitionKey='pk87d916bd',RowKey='rk87d916bd')\
      \ HTTP/1.1\r\nx-ms-version: 2019-02-02\r\nDataServiceVersion: 3.0\r\nIf-Match:\
      \ W/\"datetime'2012-06-15T22%3A51%3A44.9662825Z'\"\r\nContent-Type: application/json\r\
      \nAccept: application/json\r\nContent-Length: 360\r\nx-ms-date: Thu, 08 Apr\
      \ 2021 14:34:35 GMT\r\nDate: Thu, 08 Apr 2021 14:34:35 GMT\r\nx-ms-client-request-id:\
      \ 8a8355e0-9877-11eb-b190-58961df361ce\r\n\r\n{\"PartitionKey\": \"pk87d916bd\"\
      , \"PartitionKey@odata.type\": \"Edm.String\", \"RowKey\": \"rk87d916bd\", \"\
      RowKey@odata.type\": \"Edm.String\", \"age\": \"abc\", \"age@odata.type\": \"\
      Edm.String\", \"sex\": \"female\", \"sex@odata.type\": \"Edm.String\", \"sign\"\
      : \"aquarius\", \"sign@odata.type\": \"Edm.String\", \"birthday\": \"1991-10-04T00:00:00.000000Z\"\
      , \"birthday@odata.type\": \"Edm.DateTime\"}\r\n--changeset_66df7c3b-1ca4-4121-8138-b8685f3b355b--\r\
      \n\r\n--batch_5f66f1a0-4a10-43d1-826d-82971a59d314--\r\n"
    headers:
      Content-Length:
      - '1188'
      Content-Type:
      - multipart/mixed; boundary=batch_5f66f1a0-4a10-43d1-826d-82971a59d314
      DataServiceVersion:
      - '3.0'
      Date:
      - Thu, 08 Apr 2021 14:34:35 GMT
      MaxDataServiceVersion:
      - 3.0;NetFx
      User-Agent:
      - azsdk-python-data-tables/12.0.0b7 Python/3.9.0rc1 (Windows-10-10.0.19041-SP0)
      x-ms-date:
      - Thu, 08 Apr 2021 14:34:35 GMT
      x-ms-version:
      - '2019-02-02'
    method: POST
    uri: https://fake_table_account.table.core.windows.net/$batch
  response:
    body:
      string: "--batchresponse_cebe2ec4-7e0f-464d-adc1-8bf05217841f\r\nContent-Type:\
        \ multipart/mixed; boundary=changesetresponse_7ed0f974-daa5-43dd-8270-49500664de4f\r\
        \n\r\n--changesetresponse_7ed0f974-daa5-43dd-8270-49500664de4f\r\nContent-Type:\
        \ application/http\r\nContent-Transfer-Encoding: binary\r\n\r\nHTTP/1.1 412\
        \ Precondition Failed\r\nX-Content-Type-Options: nosniff\r\nCache-Control:\
        \ no-cache\r\nDataServiceVersion: 3.0;\r\nContent-Type: application/json;odata=minimalmetadata;streaming=true;charset=utf-8\r\
        \n\r\n{\"odata.error\":{\"code\":\"UpdateConditionNotSatisfied\",\"message\"\
        :{\"lang\":\"en-US\",\"value\":\"The update condition specified in the request\
        \ was not satisfied.\\nRequestId:1be03e57-0002-000c-4684-2c4d2c000000\\nTime:2021-04-08T14:34:36.1613016Z\"\
        }}}\r\n--changesetresponse_7ed0f974-daa5-43dd-8270-49500664de4f--\r\n--batchresponse_cebe2ec4-7e0f-464d-adc1-8bf05217841f--\r\
        \n"
    headers:
      cache-control: no-cache
      content-type: multipart/mixed; boundary=batchresponse_cebe2ec4-7e0f-464d-adc1-8bf05217841f
      date: Thu, 08 Apr 2021 14:34:35 GMT
      server: Windows-Azure-Table/1.0 Microsoft-HTTPAPI/2.0
      transfer-encoding: chunked
      x-content-type-options: nosniff
      x-ms-version: '2019-02-02'
    status:
      code: 202
      message: Accepted
    url: https://seankaneprim.table.core.windows.net/$batch
- request:
    body: null
    headers:
      Accept:
      - application/json;odata=minimalmetadata
      DataServiceVersion:
      - '3.0'
      Date:
      - Thu, 08 Apr 2021 14:34:35 GMT
      User-Agent:
      - azsdk-python-data-tables/12.0.0b7 Python/3.9.0rc1 (Windows-10-10.0.19041-SP0)
      x-ms-date:
      - Thu, 08 Apr 2021 14:34:35 GMT
      x-ms-version:
      - '2019-02-02'
    method: GET
    uri: https://fake_table_account.table.core.windows.net/uttable87d916bd(PartitionKey='pk87d916bd',RowKey='rk87d916bd')
  response:
    body:
      string: '{"odata.metadata":"https://fake_table_account.table.core.windows.net/$metadata#uttable87d916bd/@Element","odata.etag":"W/\"datetime''2021-04-08T14%3A34%3A36.0151999Z''\"","PartitionKey":"pk87d916bd","RowKey":"rk87d916bd","Timestamp":"2021-04-08T14:34:36.0151999Z","age":39,"sex":"male","married":true,"deceased":false,"ratio":3.1,"evenratio":3.0,"large":933311100,"Birthday@odata.type":"Edm.DateTime","Birthday":"1973-10-04T00:00:00Z","birthday@odata.type":"Edm.DateTime","birthday":"1970-10-04T00:00:00Z","binary@odata.type":"Edm.Binary","binary":"YmluYXJ5","other":20,"clsid@odata.type":"Edm.Guid","clsid":"c9da6455-213d-42c9-9a79-3e9149a57833"}'
    headers:
      cache-control: no-cache
      content-type: application/json;odata=minimalmetadata;streaming=true;charset=utf-8
      date: Thu, 08 Apr 2021 14:34:35 GMT
      etag: W/"datetime'2021-04-08T14%3A34%3A36.0151999Z'"
      server: Windows-Azure-Table/1.0 Microsoft-HTTPAPI/2.0
      transfer-encoding: chunked
      x-content-type-options: nosniff
      x-ms-version: '2019-02-02'
    status:
      code: 200
      message: OK
    url: https://seankaneprim.table.core.windows.net/uttable87d916bd(PartitionKey='pk87d916bd',RowKey='rk87d916bd')
- request:
    body: null
    headers:
      Accept:
      - application/json
      Date:
      - Thu, 08 Apr 2021 14:34:36 GMT
      User-Agent:
      - azsdk-python-data-tables/12.0.0b7 Python/3.9.0rc1 (Windows-10-10.0.19041-SP0)
      x-ms-date:
      - Thu, 08 Apr 2021 14:34:36 GMT
      x-ms-version:
      - '2019-02-02'
    method: DELETE
    uri: https://fake_table_account.table.core.windows.net/Tables('uttable87d916bd')
  response:
    body:
      string: ''
    headers:
      cache-control: no-cache
      content-length: '0'
      date: Thu, 08 Apr 2021 14:34:35 GMT
      server: Windows-Azure-Table/1.0 Microsoft-HTTPAPI/2.0
      x-content-type-options: nosniff
      x-ms-version: '2019-02-02'
    status:
      code: 204
      message: No Content
    url: https://seankaneprim.table.core.windows.net/Tables('uttable87d916bd')
version: 1
