interactions:
- request:
    body: '{"TableName": "uttable800416e8"}'
    headers:
      Accept:
      - application/json;odata=minimalmetadata
      Content-Length:
      - '32'
      Content-Type:
      - application/json;odata=nometadata
      DataServiceVersion:
      - '3.0'
      Date:
      - Wed, 02 Sep 2020 02:27:40 GMT
      User-Agent:
      - azsdk-python-data-tables/12.0.0b1 Python/3.8.4 (Windows-10-10.0.19041-SP0)
      x-ms-date:
      - Wed, 02 Sep 2020 02:27:40 GMT
      x-ms-version:
      - '2019-02-02'
    method: POST
    uri: https://storagename.table.core.windows.net/Tables
  response:
    body:
      string: '{"odata.metadata":"https://storagename.table.core.windows.net/$metadata#Tables/@Element","TableName":"uttable800416e8"}'
    headers:
      cache-control: no-cache
      content-type: application/json;odata=minimalmetadata;streaming=true;charset=utf-8
      date: Wed, 02 Sep 2020 02:27:40 GMT
      location: https://storagename.table.core.windows.net/Tables('uttable800416e8')
      server: Windows-Azure-Table/1.0 Microsoft-HTTPAPI/2.0
      transfer-encoding: chunked
      x-content-type-options: nosniff
      x-ms-version: '2019-02-02'
    status:
      code: 201
      message: Created
    url: https://pyacrstoragect6543astms7.table.core.windows.net/Tables
- request:
    body: '{"PartitionKey": "pk800416e8", "RowKey": "rk800416e8", "age": 39, "sex":
      "male", "married": true, "deceased": false, "ratio": 3.1, "evenratio": 3.0,
      "large": 933311100, "Birthday": "1973-10-04T00:00:00Z", "Birthday@odata.type":
      "Edm.DateTime", "birthday": "1970-10-04T00:00:00Z", "birthday@odata.type": "Edm.DateTime",
      "binary": "YmluYXJ5", "binary@odata.type": "Edm.Binary", "other": 20, "clsid":
      "c9da6455-213d-42c9-9a79-3e9149a57833", "clsid@odata.type": "Edm.Guid"}'
    headers:
      Accept:
      - application/json;odata=minimalmetadata
      Content-Length:
      - '469'
      Content-Type:
      - application/json;odata=nometadata
      DataServiceVersion:
      - '3.0'
      Date:
      - Wed, 02 Sep 2020 02:27:40 GMT
      User-Agent:
      - azsdk-python-data-tables/12.0.0b1 Python/3.8.4 (Windows-10-10.0.19041-SP0)
      x-ms-date:
      - Wed, 02 Sep 2020 02:27:40 GMT
      x-ms-version:
      - '2019-02-02'
    method: POST
    uri: https://storagename.table.core.windows.net/uttable800416e8
  response:
    body:
      string: '{"odata.metadata":"https://storagename.table.core.windows.net/$metadata#uttable800416e8/@Element","odata.etag":"W/\"datetime''2020-09-02T02%3A27%3A40.5676883Z''\"","PartitionKey":"pk800416e8","RowKey":"rk800416e8","Timestamp":"2020-09-02T02:27:40.5676883Z","age":39,"sex":"male","married":true,"deceased":false,"ratio":3.1,"evenratio":3.0,"large":933311100,"Birthday@odata.type":"Edm.DateTime","Birthday":"1973-10-04T00:00:00Z","birthday@odata.type":"Edm.DateTime","birthday":"1970-10-04T00:00:00Z","binary@odata.type":"Edm.Binary","binary":"YmluYXJ5","other":20,"clsid@odata.type":"Edm.Guid","clsid":"c9da6455-213d-42c9-9a79-3e9149a57833"}'
    headers:
      cache-control: no-cache
      content-type: application/json;odata=minimalmetadata;streaming=true;charset=utf-8
      date: Wed, 02 Sep 2020 02:27:40 GMT
      etag: W/"datetime'2020-09-02T02%3A27%3A40.5676883Z'"
      location: https://storagename.table.core.windows.net/uttable800416e8(PartitionKey='pk800416e8',RowKey='rk800416e8')
      server: Windows-Azure-Table/1.0 Microsoft-HTTPAPI/2.0
      transfer-encoding: chunked
      x-content-type-options: nosniff
      x-ms-version: '2019-02-02'
    status:
      code: 201
      message: Created
    url: https://pyacrstoragect6543astms7.table.core.windows.net/uttable800416e8
- request:
    body: null
    headers:
      Accept:
      - application/json;odata=minimalmetadata
      DataServiceVersion:
      - '3.0'
      Date:
      - Wed, 02 Sep 2020 02:27:40 GMT
      User-Agent:
      - azsdk-python-data-tables/12.0.0b1 Python/3.8.4 (Windows-10-10.0.19041-SP0)
      x-ms-date:
      - Wed, 02 Sep 2020 02:27:40 GMT
      x-ms-version:
      - '2019-02-02'
    method: GET
    uri: https://storagename.table.core.windows.net/uttable800416e8()
  response:
    body:
      string: '{"odata.metadata":"https://storagename.table.core.windows.net/$metadata#uttable800416e8","value":[{"odata.etag":"W/\"datetime''2020-09-02T02%3A27%3A40.5676883Z''\"","PartitionKey":"pk800416e8","RowKey":"rk800416e8","Timestamp":"2020-09-02T02:27:40.5676883Z","age":39,"sex":"male","married":true,"deceased":false,"ratio":3.1,"evenratio":3.0,"large":933311100,"Birthday@odata.type":"Edm.DateTime","Birthday":"1973-10-04T00:00:00Z","birthday@odata.type":"Edm.DateTime","birthday":"1970-10-04T00:00:00Z","binary@odata.type":"Edm.Binary","binary":"YmluYXJ5","other":20,"clsid@odata.type":"Edm.Guid","clsid":"c9da6455-213d-42c9-9a79-3e9149a57833"}]}'
    headers:
      cache-control: no-cache
      content-type: application/json;odata=minimalmetadata;streaming=true;charset=utf-8
      date: Wed, 02 Sep 2020 02:27:40 GMT
      server: Windows-Azure-Table/1.0 Microsoft-HTTPAPI/2.0
      transfer-encoding: chunked
      x-content-type-options: nosniff
      x-ms-version: '2019-02-02'
    status:
      code: 200
      message: OK
    url: https://pyacrstoragect6543astms7.table.core.windows.net/uttable800416e8()
- request:
    body: null
    headers:
      Date:
      - Wed, 02 Sep 2020 02:27:40 GMT
      User-Agent:
      - azsdk-python-data-tables/12.0.0b1 Python/3.8.4 (Windows-10-10.0.19041-SP0)
      x-ms-date:
      - Wed, 02 Sep 2020 02:27:40 GMT
      x-ms-version:
      - '2019-02-02'
    method: DELETE
    uri: https://storagename.table.core.windows.net/Tables('uttable800416e8')
  response:
    body:
      string: ''
    headers:
      cache-control: no-cache
      content-length: '0'
      date: Wed, 02 Sep 2020 02:27:40 GMT
      server: Windows-Azure-Table/1.0 Microsoft-HTTPAPI/2.0
      x-content-type-options: nosniff
      x-ms-version: '2019-02-02'
    status:
      code: 204
      message: No Content
    url: https://pyacrstoragect6543astms7.table.core.windows.net/Tables('uttable800416e8')
version: 1
