interactions:
- request:
    body: '{"TableName": "uttable409e19fe"}'
    headers:
      Accept:
      - application/json;odata=minimalmetadata
      Content-Length:
      - '32'
      Content-Type:
      - application/json;odata=nometadata
      DataServiceVersion:
      - '3.0'
      Date:
      - Wed, 23 Sep 2020 23:16:27 GMT
      User-Agent:
      - azsdk-python-data-tables/2019-07-07 Python/3.8.4 (Windows-10-10.0.19041-SP0)
      x-ms-date:
      - Wed, 23 Sep 2020 23:16:27 GMT
      x-ms-version:
      - '2019-07-07'
    method: POST
    uri: https://tablesteststorname.table.core.windows.net/Tables
  response:
    body:
      string: '{"odata.metadata":"https://tablesteststorname.table.core.windows.net/$metadata#Tables/@Element","TableName":"uttable409e19fe"}'
    headers:
      cache-control: no-cache
      content-type: application/json;odata=minimalmetadata;streaming=true;charset=utf-8
      date: Wed, 23 Sep 2020 23:16:26 GMT
      location: https://tablesteststorname.table.core.windows.net/Tables('uttable409e19fe')
      server: Windows-Azure-Table/1.0 Microsoft-HTTPAPI/2.0
      transfer-encoding: chunked
      x-content-type-options: nosniff
      x-ms-version: '2019-07-07'
    status:
      code: 201
      message: Created
    url: https://tablestesthqucsobaj5c3zh.table.core.windows.net/Tables
- request:
    body: '{"PartitionKey": "pk409e19fe", "RowKey": "rk409e19fe", "age": "39", "age@odata.type":
      "Edm.Int64", "sex": "male", "married": true, "deceased": false, "ratio": 3.1,
      "evenratio": 3.0, "large": "933311100", "large@odata.type": "Edm.Int64", "Birthday":
      "1973-10-04T00:00:00Z", "Birthday@odata.type": "Edm.DateTime", "birthday": "1970-10-04T00:00:00Z",
      "birthday@odata.type": "Edm.DateTime", "binary": "YmluYXJ5", "binary@odata.type":
      "Edm.Binary", "other": 20, "clsid": "c9da6455-213d-42c9-9a79-3e9149a57833",
      "clsid@odata.type": "Edm.Guid"}'
    headers:
      Accept:
      - application/json;odata=minimalmetadata
      Content-Length:
      - '537'
      Content-Type:
      - application/json;odata=nometadata
      DataServiceVersion:
      - '3.0'
      Date:
      - Wed, 23 Sep 2020 23:16:27 GMT
      User-Agent:
      - azsdk-python-data-tables/2019-07-07 Python/3.8.4 (Windows-10-10.0.19041-SP0)
      x-ms-date:
      - Wed, 23 Sep 2020 23:16:27 GMT
      x-ms-version:
      - '2019-07-07'
    method: POST
    uri: https://tablesteststorname.table.core.windows.net/uttable409e19fe
  response:
    body:
      string: '{"odata.metadata":"https://tablesteststorname.table.core.windows.net/$metadata#uttable409e19fe/@Element","odata.etag":"W/\"datetime''2020-09-23T23%3A16%3A27.4113768Z''\"","PartitionKey":"pk409e19fe","RowKey":"rk409e19fe","Timestamp":"2020-09-23T23:16:27.4113768Z","age@odata.type":"Edm.Int64","age":"39","sex":"male","married":true,"deceased":false,"ratio":3.1,"evenratio":3.0,"large@odata.type":"Edm.Int64","large":"933311100","Birthday@odata.type":"Edm.DateTime","Birthday":"1973-10-04T00:00:00Z","birthday@odata.type":"Edm.DateTime","birthday":"1970-10-04T00:00:00Z","binary@odata.type":"Edm.Binary","binary":"YmluYXJ5","other":20,"clsid@odata.type":"Edm.Guid","clsid":"c9da6455-213d-42c9-9a79-3e9149a57833"}'
    headers:
      cache-control: no-cache
      content-type: application/json;odata=minimalmetadata;streaming=true;charset=utf-8
      date: Wed, 23 Sep 2020 23:16:26 GMT
      etag: W/"datetime'2020-09-23T23%3A16%3A27.4113768Z'"
      location: https://tablesteststorname.table.core.windows.net/uttable409e19fe(PartitionKey='pk409e19fe',RowKey='rk409e19fe')
      server: Windows-Azure-Table/1.0 Microsoft-HTTPAPI/2.0
      transfer-encoding: chunked
      x-content-type-options: nosniff
      x-ms-version: '2019-07-07'
    status:
      code: 201
      message: Created
    url: https://tablestesthqucsobaj5c3zh.table.core.windows.net/uttable409e19fe
- request:
    body: null
    headers:
      DataServiceVersion:
      - '3.0'
      Date:
      - Wed, 23 Sep 2020 23:16:27 GMT
      If-Match:
      - W/"datetime'2012-06-15T22%3A51%3A44.9662825Z'"
      User-Agent:
      - azsdk-python-data-tables/2019-07-07 Python/3.8.4 (Windows-10-10.0.19041-SP0)
      x-ms-date:
      - Wed, 23 Sep 2020 23:16:27 GMT
      x-ms-version:
      - '2019-07-07'
    method: DELETE
    uri: https://tablesteststorname.table.core.windows.net/uttable409e19fe(PartitionKey='pk409e19fe',RowKey='rk409e19fe')
  response:
    body:
      string: '<?xml version="1.0" encoding="utf-8"?><error xmlns="http://schemas.microsoft.com/ado/2007/08/dataservices/metadata"><code>UpdateConditionNotSatisfied</code><message
        xml:lang="en-US">The update condition specified in the request was not satisfied.

        RequestId:19c09dcb-d002-0012-0cff-91b111000000

        Time:2020-09-23T23:16:27.4433994Z</message></error>'
    headers:
      cache-control: no-cache
      content-type: application/xml;charset=utf-8
      date: Wed, 23 Sep 2020 23:16:26 GMT
      server: Windows-Azure-Table/1.0 Microsoft-HTTPAPI/2.0
      transfer-encoding: chunked
      x-content-type-options: nosniff
      x-ms-version: '2019-07-07'
    status:
      code: 412
      message: Precondition Failed
    url: https://tablestesthqucsobaj5c3zh.table.core.windows.net/uttable409e19fe(PartitionKey='pk409e19fe',RowKey='rk409e19fe')
- request:
    body: null
    headers:
      Date:
      - Wed, 23 Sep 2020 23:16:27 GMT
      User-Agent:
      - azsdk-python-data-tables/2019-07-07 Python/3.8.4 (Windows-10-10.0.19041-SP0)
      x-ms-date:
      - Wed, 23 Sep 2020 23:16:27 GMT
      x-ms-version:
      - '2019-07-07'
    method: DELETE
    uri: https://tablesteststorname.table.core.windows.net/Tables('uttable409e19fe')
  response:
    body:
      string: ''
    headers:
      cache-control: no-cache
      content-length: '0'
      date: Wed, 23 Sep 2020 23:16:26 GMT
      server: Windows-Azure-Table/1.0 Microsoft-HTTPAPI/2.0
      x-content-type-options: nosniff
      x-ms-version: '2019-07-07'
    status:
      code: 204
      message: No Content
    url: https://tablestesthqucsobaj5c3zh.table.core.windows.net/Tables('uttable409e19fe')
version: 1
