interactions:
- request:
    body: '{"TableName": "uttable371919b0"}'
    headers:
      Accept:
      - application/json;odata=minimalmetadata
      Content-Length:
      - '32'
      Content-Type:
      - application/json;odata=nometadata
      DataServiceVersion:
      - '3.0'
      Date:
      - Mon, 26 Oct 2020 22:24:30 GMT
      User-Agent:
      - azsdk-python-data-tables/12.0.0b3 Python/3.9.0rc1 (Windows-10-10.0.19041-SP0)
      x-ms-date:
      - Mon, 26 Oct 2020 22:24:30 GMT
      x-ms-version:
      - '2019-02-02'
    method: POST
    uri: https://tablestestcosmosname.table.cosmos.azure.com/Tables
  response:
    body:
      string: '{"TableName":"uttable371919b0","odata.metadata":"https://tablestestcosmosname.table.cosmos.azure.com/$metadata#Tables/@Element"}'
    headers:
      content-type: application/json;odata=minimalmetadata
      date: Mon, 26 Oct 2020 22:24:26 GMT
      etag: W/"datetime'2020-10-26T22%3A24%3A26.6024967Z'"
      location: https://tablestestcosmosname.table.cosmos.azure.com/Tables('uttable371919b0')
      server: Microsoft-HTTPAPI/2.0
      transfer-encoding: chunked
    status:
      code: 201
      message: Ok
    url: https://tablestest6slpbij4mcunun.table.cosmos.azure.com/Tables
- request:
    body: '{"PartitionKey": "pk371919b0", "PartitionKey@odata.type": "Edm.String",
      "RowKey": "rk371919b0", "RowKey@odata.type": "Edm.String", "age": 39, "sex":
      "male", "sex@odata.type": "Edm.String", "married": true, "deceased": false,
      "ratio": 3.1, "evenratio": 3.0, "large": 933311100, "Birthday": "1973-10-04T00:00:00Z",
      "Birthday@odata.type": "Edm.DateTime", "birthday": "1970-10-04T00:00:00Z", "birthday@odata.type":
      "Edm.DateTime", "binary": "YmluYXJ5", "binary@odata.type": "Edm.Binary", "other":
      20, "clsid": "c9da6455-213d-42c9-9a79-3e9149a57833", "clsid@odata.type": "Edm.Guid"}'
    headers:
      Accept:
      - application/json;odata=minimalmetadata
      Content-Length:
      - '577'
      Content-Type:
      - application/json;odata=nometadata
      DataServiceVersion:
      - '3.0'
      Date:
      - Mon, 26 Oct 2020 22:24:31 GMT
      User-Agent:
      - azsdk-python-data-tables/12.0.0b3 Python/3.9.0rc1 (Windows-10-10.0.19041-SP0)
      x-ms-date:
      - Mon, 26 Oct 2020 22:24:31 GMT
      x-ms-version:
      - '2019-02-02'
    method: POST
    uri: https://tablestestcosmosname.table.cosmos.azure.com/uttable371919b0
  response:
    body:
      string: '{"odata.metadata":"https://tablestestcosmosname.table.cosmos.azure.com/uttable371919b0/$metadata#uttable371919b0/@Element","odata.etag":"W/\"datetime''2020-10-26T22%3A24%3A27.1268871Z''\"","PartitionKey":"pk371919b0","RowKey":"rk371919b0","age":39,"sex":"male","married":true,"deceased":false,"ratio":3.1,"evenratio":3.0,"large":933311100,"Birthday@odata.type":"Edm.DateTime","Birthday":"1973-10-04T00:00:00.0000000Z","birthday@odata.type":"Edm.DateTime","birthday":"1970-10-04T00:00:00.0000000Z","binary@odata.type":"Edm.Binary","binary":"YmluYXJ5","other":20,"clsid@odata.type":"Edm.Guid","clsid":"c9da6455-213d-42c9-9a79-3e9149a57833","Timestamp":"2020-10-26T22:24:27.1268871Z"}'
    headers:
      content-type: application/json;odata=minimalmetadata
      date: Mon, 26 Oct 2020 22:24:26 GMT
      etag: W/"datetime'2020-10-26T22%3A24%3A27.1268871Z'"
      location: https://tablestestcosmosname.table.cosmos.azure.com/uttable371919b0(PartitionKey='pk371919b0',RowKey='rk371919b0')
      server: Microsoft-HTTPAPI/2.0
      transfer-encoding: chunked
    status:
      code: 201
      message: Created
    url: https://tablestest6slpbij4mcunun.table.cosmos.azure.com/uttable371919b0
- request:
    body: "--batch_45746d2c-3be0-4244-a4fb-aae1179f9d7f\r\nContent-Type: multipart/mixed;\
      \ boundary=changeset_d8709a25-7046-48c8-8555-cdebfb6ad5de\r\n\r\n--changeset_d8709a25-7046-48c8-8555-cdebfb6ad5de\r\
      \nContent-Type: application/http\r\nContent-Transfer-Encoding: binary\r\nContent-ID:\
      \ 0\r\n\r\nPATCH https://tablestest6slpbij4mcunun.table.cosmos.azure.com/uttable371919b0(PartitionKey='pk371919b0',RowKey='rk371919b0')\
      \ HTTP/1.1\r\nx-ms-version: 2019-02-02\r\nDataServiceVersion: 3.0\r\nIf-Match:\
      \ W/\"datetime'2012-06-15T22%3A51%3A44.9662825Z'\"\r\nContent-Type: application/json\r\
      \nAccept: application/json\r\nContent-Length: 353\r\nx-ms-date: Mon, 26 Oct\
      \ 2020 22:24:31 GMT\r\nDate: Mon, 26 Oct 2020 22:24:31 GMT\r\nx-ms-client-request-id:\
      \ 04986722-17da-11eb-8b1f-58961df361d1\r\n\r\n{\"PartitionKey\": \"pk371919b0\"\
      , \"PartitionKey@odata.type\": \"Edm.String\", \"RowKey\": \"rk371919b0\", \"\
      RowKey@odata.type\": \"Edm.String\", \"age\": \"abc\", \"age@odata.type\": \"\
      Edm.String\", \"sex\": \"female\", \"sex@odata.type\": \"Edm.String\", \"sign\"\
      : \"aquarius\", \"sign@odata.type\": \"Edm.String\", \"birthday\": \"1991-10-04T00:00:00Z\"\
      , \"birthday@odata.type\": \"Edm.DateTime\"}\r\n--changeset_d8709a25-7046-48c8-8555-cdebfb6ad5de--\r\
      \n\r\n--batch_45746d2c-3be0-4244-a4fb-aae1179f9d7f--\r\n"
    headers:
      Content-Length:
      - '1193'
      Content-Type:
      - multipart/mixed; boundary=batch_45746d2c-3be0-4244-a4fb-aae1179f9d7f
      DataServiceVersion:
      - '3.0'
      Date:
      - Mon, 26 Oct 2020 22:24:31 GMT
      MaxDataServiceVersion:
      - 3.0;NetFx
      User-Agent:
      - azsdk-python-data-tables/12.0.0b3 Python/3.9.0rc1 (Windows-10-10.0.19041-SP0)
      x-ms-date:
      - Mon, 26 Oct 2020 22:24:31 GMT
      x-ms-version:
      - '2019-02-02'
    method: POST
    uri: https://tablestestcosmosname.table.cosmos.azure.com/$batch
  response:
    body:
      string: "{\"odata.error\":{\"code\":\"InvalidInput\",\"message\":{\"lang\":\"\
        en-us\",\"value\":\"One of the input values is invalid.\\r\\nActivityId: 04988e0f-17da-11eb-9b27-58961df361d1,\
        \ documentdb-dotnet-sdk/2.11.0 Host/64-bit MicrosoftWindowsNT/6.2.9200.0\\\
        nRequestID:04988e0f-17da-11eb-9b27-58961df361d1\\n\"}}}\r\n"
    headers:
      content-type: application/json;odata=fullmetadata
      date: Mon, 26 Oct 2020 22:24:26 GMT
      server: Microsoft-HTTPAPI/2.0
      transfer-encoding: chunked
    status:
      code: 400
      message: Bad Request
    url: https://tablestest6slpbij4mcunun.table.cosmos.azure.com/$batch
- request:
    body: null
    headers:
      Accept:
      - application/json;odata=minimalmetadata
      DataServiceVersion:
      - '3.0'
      Date:
      - Mon, 26 Oct 2020 22:24:31 GMT
      User-Agent:
      - azsdk-python-data-tables/12.0.0b3 Python/3.9.0rc1 (Windows-10-10.0.19041-SP0)
      x-ms-date:
      - Mon, 26 Oct 2020 22:24:31 GMT
      x-ms-version:
      - '2019-02-02'
    method: GET
    uri: https://tablestestcosmosname.table.cosmos.azure.com/uttable371919b0(PartitionKey='pk371919b0',RowKey='rk371919b0')
  response:
    body:
      string: '{"odata.metadata":"https://tablestestcosmosname.table.cosmos.azure.com/uttable371919b0/$metadata#uttable371919b0/@Element","odata.etag":"W/\"datetime''2020-10-26T22%3A24%3A27.1268871Z''\"","PartitionKey":"pk371919b0","RowKey":"rk371919b0","age":39,"sex":"male","married":true,"deceased":false,"ratio":3.1,"evenratio":3.0,"large":933311100,"Birthday@odata.type":"Edm.DateTime","Birthday":"1973-10-04T00:00:00.0000000Z","birthday@odata.type":"Edm.DateTime","birthday":"1970-10-04T00:00:00.0000000Z","binary@odata.type":"Edm.Binary","binary":"YmluYXJ5","other":20,"clsid@odata.type":"Edm.Guid","clsid":"c9da6455-213d-42c9-9a79-3e9149a57833","Timestamp":"2020-10-26T22:24:27.1268871Z"}'
    headers:
      content-type: application/json;odata=minimalmetadata
      date: Mon, 26 Oct 2020 22:24:27 GMT
      etag: W/"datetime'2020-10-26T22%3A24%3A27.1268871Z'"
      server: Microsoft-HTTPAPI/2.0
      transfer-encoding: chunked
    status:
      code: 200
      message: Ok
    url: https://tablestest6slpbij4mcunun.table.cosmos.azure.com/uttable371919b0(PartitionKey='pk371919b0',RowKey='rk371919b0')
- request:
    body: null
    headers:
      Accept:
      - application/json
      Date:
      - Mon, 26 Oct 2020 22:24:31 GMT
      User-Agent:
      - azsdk-python-data-tables/12.0.0b3 Python/3.9.0rc1 (Windows-10-10.0.19041-SP0)
      x-ms-date:
      - Mon, 26 Oct 2020 22:24:31 GMT
      x-ms-version:
      - '2019-02-02'
    method: DELETE
    uri: https://tablestestcosmosname.table.cosmos.azure.com/Tables('uttable371919b0')
  response:
    body:
      string: ''
    headers:
      content-length: '0'
      date: Mon, 26 Oct 2020 22:24:27 GMT
      server: Microsoft-HTTPAPI/2.0
    status:
      code: 204
      message: No Content
    url: https://tablestest6slpbij4mcunun.table.cosmos.azure.com/Tables('uttable371919b0')
version: 1
