interactions:
- request:
    body: '{"TableName": "uttablede71485"}'
    headers:
      Accept:
      - application/json;odata=minimalmetadata
      Content-Length:
      - '31'
      Content-Type:
      - application/json;odata=nometadata
      DataServiceVersion:
      - '3.0'
      Date:
      - Fri, 04 Sep 2020 23:54:17 GMT
      User-Agent:
      - azsdk-python-data-tables/12.0.0b1 Python/3.8.4 (Windows-10-10.0.19041-SP0)
      x-ms-date:
      - Fri, 04 Sep 2020 23:54:17 GMT
      x-ms-version:
      - '2019-02-02'
    method: POST
    uri: https://storagename.table.core.windows.net/Tables
  response:
    body:
      string: '{"odata.metadata":"https://storagename.table.core.windows.net/$metadata#Tables/@Element","TableName":"uttablede71485"}'
    headers:
      cache-control: no-cache
      content-type: application/json;odata=minimalmetadata;streaming=true;charset=utf-8
      date: Fri, 04 Sep 2020 23:54:17 GMT
      location: https://storagename.table.core.windows.net/Tables('uttablede71485')
      server: Windows-Azure-Table/1.0 Microsoft-HTTPAPI/2.0
      transfer-encoding: chunked
      x-content-type-options: nosniff
      x-ms-version: '2019-02-02'
    status:
      code: 201
      message: Created
    url: https://pyacrstorageok324lpz7akw.table.core.windows.net/Tables
- request:
    body: '{"PartitionKey": "pkde71485", "PartitionKey@odata.type": "Edm.String",
      "RowKey": "rkde71485", "RowKey@odata.type": "Edm.String", "age": 39, "sex":
      "male", "sex@odata.type": "Edm.String", "married": true, "deceased": false,
      "ratio": 3.1, "evenratio": 3.0, "large": 933311100, "Birthday": "1973-10-04T00:00:00Z",
      "Birthday@odata.type": "Edm.DateTime", "birthday": "1970-10-04T00:00:00Z", "birthday@odata.type":
      "Edm.DateTime", "binary": "YmluYXJ5", "binary@odata.type": "Edm.Binary", "other":
      20, "clsid": "c9da6455-213d-42c9-9a79-3e9149a57833", "clsid@odata.type": "Edm.Guid"}'
    headers:
      Accept:
      - application/json;odata=minimalmetadata
      Content-Length:
      - '575'
      Content-Type:
      - application/json;odata=nometadata
      DataServiceVersion:
      - '3.0'
      Date:
      - Fri, 04 Sep 2020 23:54:17 GMT
      User-Agent:
      - azsdk-python-data-tables/12.0.0b1 Python/3.8.4 (Windows-10-10.0.19041-SP0)
      x-ms-date:
      - Fri, 04 Sep 2020 23:54:17 GMT
      x-ms-version:
      - '2019-02-02'
    method: POST
    uri: https://storagename.table.core.windows.net/uttablede71485?se=2020-09-05T00:54:17Z&sp=a&sv=2019-02-02&tn=uttablede71485&spk=test&srk=test1&epk=test&erk=test1&sig=jPi77SBRkfSfjBk5/qVBK91SD8Ia8TMsAGmJwbNNc7M%3D
  response:
    body:
      string: '{"odata.error":{"code":"AuthorizationFailure","message":{"lang":"en-US","value":"This
        request is not authorized to perform this operation.\nRequestId:a0057cdc-4002-0013-1e16-83168a000000\nTime:2020-09-04T23:54:18.0984470Z"}}}'
    headers:
      cache-control: no-cache
      content-type: application/json;odata=minimalmetadata;streaming=true;charset=utf-8
      date: Fri, 04 Sep 2020 23:54:17 GMT
      server: Windows-Azure-Table/1.0 Microsoft-HTTPAPI/2.0
      transfer-encoding: chunked
      x-content-type-options: nosniff
      x-ms-version: '2019-02-02'
    status:
      code: 403
      message: Forbidden
    url: https://pyacrstorageok324lpz7akw.table.core.windows.net/uttablede71485?se=2020-09-05T00:54:17Z&sp=a&sv=2019-02-02&tn=uttablede71485&spk=test&srk=test1&epk=test&erk=test1&sig=jPi77SBRkfSfjBk5/qVBK91SD8Ia8TMsAGmJwbNNc7M%3D
- request:
    body: null
    headers:
      Accept:
      - application/json
      Date:
      - Fri, 04 Sep 2020 23:54:18 GMT
      User-Agent:
      - azsdk-python-data-tables/12.0.0b1 Python/3.8.4 (Windows-10-10.0.19041-SP0)
      x-ms-date:
      - Fri, 04 Sep 2020 23:54:18 GMT
      x-ms-version:
      - '2019-02-02'
    method: DELETE
    uri: https://storagename.table.core.windows.net/Tables('uttablede71485')
  response:
    body:
      string: ''
    headers:
      cache-control: no-cache
      content-length: '0'
      date: Fri, 04 Sep 2020 23:54:17 GMT
      server: Windows-Azure-Table/1.0 Microsoft-HTTPAPI/2.0
      x-content-type-options: nosniff
      x-ms-version: '2019-02-02'
    status:
      code: 204
      message: No Content
    url: https://pyacrstorageok324lpz7akw.table.core.windows.net/Tables('uttablede71485')
version: 1
