{
  "Entries": [
    {
      "RequestUri": "https://yalltbtestsprim.table.core.windows.net/Tables",
      "RequestMethod": "POST",
      "RequestHeaders": {
        "Accept": "application/json;odata=minimalmetadata",
        "Accept-Encoding": "gzip, deflate",
        "Authorization": "Sanitized",
        "Content-Length": "32",
        "Content-Type": "application/json;odata=nometadata",
        "DataServiceVersion": "3.0",
        "Date": "Mon, 20 Sep 2021 22:04:05 GMT",
        "User-Agent": "azsdk-python-data-tables/12.1.1 Python/3.9.2 (Windows-10-10.0.19041-SP0)",
        "x-ms-client-request-id": "abf1d3b5-1a5e-11ec-80fb-5cf37093a909",
        "x-ms-date": "Mon, 20 Sep 2021 22:04:05 GMT",
        "x-ms-version": "2019-02-02"
      },
      "RequestBody": "{\u0022TableName\u0022: \u0022uttable3cc12f2d\u0022}",
      "StatusCode": 201,
      "ResponseHeaders": {
        "Cache-Control": "no-cache",
        "Content-Type": "application/json; odata=minimalmetadata; streaming=true; charset=utf-8",
        "Date": "Mon, 20 Sep 2021 22:04:04 GMT",
        "Location": "https://yalltbtestsprim.table.core.windows.net/Tables(\u0027uttable3cc12f2d\u0027)",
        "Server": [
          "Windows-Azure-Table/1.0",
          "Microsoft-HTTPAPI/2.0"
        ],
        "Transfer-Encoding": "chunked",
        "X-Content-Type-Options": "nosniff",
        "x-ms-client-request-id": "abf1d3b5-1a5e-11ec-80fb-5cf37093a909",
        "x-ms-request-id": "413831bf-2002-004e-426b-ae8313000000",
        "x-ms-version": "2019-02-02"
      },
      "ResponseBody": {
        "odata.metadata": "https://yalltbtestsprim.table.core.windows.net/$metadata#Tables/@Element",
        "TableName": "uttable3cc12f2d"
      }
    },
    {
      "RequestUri": "https://yalltbtestsprim.table.core.windows.net/uttable3cc12f2d",
      "RequestMethod": "POST",
      "RequestHeaders": {
        "Accept": "application/json;odata=minimalmetadata",
        "Accept-Encoding": "gzip, deflate",
        "Authorization": "Sanitized",
        "Content-Length": "215",
        "Content-Type": "application/json;odata=nometadata",
        "DataServiceVersion": "3.0",
        "Date": "Mon, 20 Sep 2021 22:04:05 GMT",
        "User-Agent": "azsdk-python-data-tables/12.1.1 Python/3.9.2 (Windows-10-10.0.19041-SP0)",
        "x-ms-client-request-id": "abf6820d-1a5e-11ec-97d9-5cf37093a909",
        "x-ms-date": "Mon, 20 Sep 2021 22:04:05 GMT",
        "x-ms-version": "2019-02-02"
      },
      "RequestBody": "{\u0022PartitionKey\u0022: \u0022pk3cc12f2d\u0022, \u0022PartitionKey@odata.type\u0022: \u0022Edm.String\u0022, \u0022RowKey\u0022: \u0022rk3cc12f2d\u0022, \u0022RowKey@odata.type\u0022: \u0022Edm.String\u0022, \u0022datetime1\u0022: \u00222013-08-22T01:12:06.2608595Z\u0022, \u0022datetime1@odata.type\u0022: \u0022Edm.DateTime\u0022}",
      "StatusCode": 201,
      "ResponseHeaders": {
        "Cache-Control": "no-cache",
        "Content-Type": "application/json; odata=minimalmetadata; streaming=true; charset=utf-8",
        "Date": "Mon, 20 Sep 2021 22:04:04 GMT",
        "ETag": "W/\u0022datetime\u00272021-09-20T22%3A04%3A05.5419056Z\u0027\u0022",
        "Location": "https://yalltbtestsprim.table.core.windows.net/uttable3cc12f2d(PartitionKey=\u0027pk3cc12f2d\u0027,RowKey=\u0027rk3cc12f2d\u0027)",
        "Server": [
          "Windows-Azure-Table/1.0",
          "Microsoft-HTTPAPI/2.0"
        ],
        "Transfer-Encoding": "chunked",
        "X-Content-Type-Options": "nosniff",
        "x-ms-client-request-id": "abf6820d-1a5e-11ec-97d9-5cf37093a909",
        "x-ms-request-id": "413831c4-2002-004e-466b-ae8313000000",
        "x-ms-version": "2019-02-02"
      },
      "ResponseBody": {
        "odata.metadata": "https://yalltbtestsprim.table.core.windows.net/$metadata#uttable3cc12f2d/@Element",
        "odata.etag": "W/\u0022datetime\u00272021-09-20T22%3A04%3A05.5419056Z\u0027\u0022",
        "PartitionKey": "pk3cc12f2d",
        "RowKey": "rk3cc12f2d",
        "Timestamp": "2021-09-20T22:04:05.5419056Z",
        "datetime1@odata.type": "Edm.DateTime",
        "datetime1": "2013-08-22T01:12:06.2608595Z"
      }
    },
    {
      "RequestUri": "https://yalltbtestsprim.table.core.windows.net/uttable3cc12f2d(PartitionKey=\u0027pk3cc12f2d\u0027,RowKey=\u0027rk3cc12f2d\u0027)",
      "RequestMethod": "GET",
      "RequestHeaders": {
        "Accept": "application/json;odata=minimalmetadata",
        "Accept-Encoding": "gzip, deflate",
        "Authorization": "Sanitized",
        "DataServiceVersion": "3.0",
        "Date": "Mon, 20 Sep 2021 22:04:05 GMT",
        "User-Agent": "azsdk-python-data-tables/12.1.1 Python/3.9.2 (Windows-10-10.0.19041-SP0)",
        "x-ms-client-request-id": "abf9ff71-1a5e-11ec-a39e-5cf37093a909",
        "x-ms-date": "Mon, 20 Sep 2021 22:04:05 GMT",
        "x-ms-version": "2019-02-02"
      },
      "RequestBody": null,
      "StatusCode": 200,
      "ResponseHeaders": {
        "Cache-Control": "no-cache",
        "Content-Type": "application/json; odata=minimalmetadata; streaming=true; charset=utf-8",
        "Date": "Mon, 20 Sep 2021 22:04:04 GMT",
        "ETag": "W/\u0022datetime\u00272021-09-20T22%3A04%3A05.5419056Z\u0027\u0022",
        "Server": [
          "Windows-Azure-Table/1.0",
          "Microsoft-HTTPAPI/2.0"
        ],
        "Transfer-Encoding": "chunked",
        "Vary": "Origin",
        "X-Content-Type-Options": "nosniff",
        "x-ms-client-request-id": "abf9ff71-1a5e-11ec-a39e-5cf37093a909",
        "x-ms-request-id": "413831c5-2002-004e-476b-ae8313000000",
        "x-ms-version": "2019-02-02"
      },
      "ResponseBody": {
        "odata.metadata": "https://yalltbtestsprim.table.core.windows.net/$metadata#uttable3cc12f2d/@Element",
        "odata.etag": "W/\u0022datetime\u00272021-09-20T22%3A04%3A05.5419056Z\u0027\u0022",
        "PartitionKey": "pk3cc12f2d",
        "RowKey": "rk3cc12f2d",
        "Timestamp": "2021-09-20T22:04:05.5419056Z",
        "datetime1@odata.type": "Edm.DateTime",
        "datetime1": "2013-08-22T01:12:06.2608595Z"
      }
    },
    {
      "RequestUri": "https://yalltbtestsprim.table.core.windows.net/uttable3cc12f2d(PartitionKey=\u0027pk3cc12f2d\u0027,RowKey=\u0027rk3cc12f2d\u0027)",
      "RequestMethod": "PATCH",
      "RequestHeaders": {
        "Accept": "application/json",
        "Accept-Encoding": "gzip, deflate",
        "Authorization": "Sanitized",
        "Content-Length": "299",
        "Content-Type": "application/json",
        "DataServiceVersion": "3.0",
        "Date": "Mon, 20 Sep 2021 22:04:05 GMT",
        "If-Match": "*",
        "User-Agent": "azsdk-python-data-tables/12.1.1 Python/3.9.2 (Windows-10-10.0.19041-SP0)",
        "x-ms-client-request-id": "abfce1d6-1a5e-11ec-b224-5cf37093a909",
        "x-ms-date": "Mon, 20 Sep 2021 22:04:05 GMT",
        "x-ms-version": "2019-02-02"
      },
      "RequestBody": "{\u0022PartitionKey\u0022: \u0022pk3cc12f2d\u0022, \u0022PartitionKey@odata.type\u0022: \u0022Edm.String\u0022, \u0022RowKey\u0022: \u0022rk3cc12f2d\u0022, \u0022RowKey@odata.type\u0022: \u0022Edm.String\u0022, \u0022datetime1\u0022: \u00222013-08-22T01:12:06.2608595Z\u0022, \u0022datetime1@odata.type\u0022: \u0022Edm.DateTime\u0022, \u0022datetime2\u0022: \u00222020-08-22T01:12:06.260859Z\u0022, \u0022datetime2@odata.type\u0022: \u0022Edm.DateTime\u0022}",
      "StatusCode": 204,
      "ResponseHeaders": {
        "Cache-Control": "no-cache",
        "Content-Length": "0",
        "Date": "Mon, 20 Sep 2021 22:04:04 GMT",
        "ETag": "W/\u0022datetime\u00272021-09-20T22%3A04%3A05.5835611Z\u0027\u0022",
        "Server": [
          "Windows-Azure-Table/1.0",
          "Microsoft-HTTPAPI/2.0"
        ],
        "X-Content-Type-Options": "nosniff",
        "x-ms-client-request-id": "abfce1d6-1a5e-11ec-b224-5cf37093a909",
        "x-ms-request-id": "413831c6-2002-004e-486b-ae8313000000",
        "x-ms-version": "2019-02-02"
      },
      "ResponseBody": null
    },
    {
      "RequestUri": "https://yalltbtestsprim.table.core.windows.net/uttable3cc12f2d(PartitionKey=\u0027pk3cc12f2d\u0027,RowKey=\u0027rk3cc12f2d\u0027)",
      "RequestMethod": "GET",
      "RequestHeaders": {
        "Accept": "application/json;odata=minimalmetadata",
        "Accept-Encoding": "gzip, deflate",
        "Authorization": "Sanitized",
        "DataServiceVersion": "3.0",
        "Date": "Mon, 20 Sep 2021 22:04:05 GMT",
        "User-Agent": "azsdk-python-data-tables/12.1.1 Python/3.9.2 (Windows-10-10.0.19041-SP0)",
        "x-ms-client-request-id": "ac001d44-1a5e-11ec-bb6f-5cf37093a909",
        "x-ms-date": "Mon, 20 Sep 2021 22:04:05 GMT",
        "x-ms-version": "2019-02-02"
      },
      "RequestBody": null,
      "StatusCode": 200,
      "ResponseHeaders": {
        "Cache-Control": "no-cache",
        "Content-Type": "application/json; odata=minimalmetadata; streaming=true; charset=utf-8",
        "Date": "Mon, 20 Sep 2021 22:04:04 GMT",
        "ETag": "W/\u0022datetime\u00272021-09-20T22%3A04%3A05.5835611Z\u0027\u0022",
        "Server": [
          "Windows-Azure-Table/1.0",
          "Microsoft-HTTPAPI/2.0"
        ],
        "Transfer-Encoding": "chunked",
        "Vary": "Origin",
        "X-Content-Type-Options": "nosniff",
        "x-ms-client-request-id": "ac001d44-1a5e-11ec-bb6f-5cf37093a909",
        "x-ms-request-id": "413831c7-2002-004e-496b-ae8313000000",
        "x-ms-version": "2019-02-02"
      },
      "ResponseBody": {
        "odata.metadata": "https://yalltbtestsprim.table.core.windows.net/$metadata#uttable3cc12f2d/@Element",
        "odata.etag": "W/\u0022datetime\u00272021-09-20T22%3A04%3A05.5835611Z\u0027\u0022",
        "PartitionKey": "pk3cc12f2d",
        "RowKey": "rk3cc12f2d",
        "Timestamp": "2021-09-20T22:04:05.5835611Z",
        "datetime1@odata.type": "Edm.DateTime",
        "datetime1": "2013-08-22T01:12:06.2608595Z",
        "datetime2@odata.type": "Edm.DateTime",
        "datetime2": "2020-08-22T01:12:06.260859Z"
      }
    },
    {
      "RequestUri": "https://yalltbtestsprim.table.core.windows.net/Tables",
      "RequestMethod": "GET",
      "RequestHeaders": {
        "Accept": "application/json;odata=minimalmetadata",
        "Accept-Encoding": "gzip, deflate",
        "Authorization": "Sanitized",
        "DataServiceVersion": "3.0",
        "Date": "Mon, 20 Sep 2021 22:04:05 GMT",
        "User-Agent": "azsdk-python-data-tables/12.1.1 Python/3.9.2 (Windows-10-10.0.19041-SP0)",
        "x-ms-client-request-id": "ac0301fe-1a5e-11ec-a01d-5cf37093a909",
        "x-ms-date": "Mon, 20 Sep 2021 22:04:05 GMT",
        "x-ms-version": "2019-02-02"
      },
      "RequestBody": null,
      "StatusCode": 200,
      "ResponseHeaders": {
        "Cache-Control": "no-cache",
        "Content-Type": "application/json; odata=minimalmetadata; streaming=true; charset=utf-8",
        "Date": "Mon, 20 Sep 2021 22:04:04 GMT",
        "Server": [
          "Windows-Azure-Table/1.0",
          "Microsoft-HTTPAPI/2.0"
        ],
        "Transfer-Encoding": "chunked",
        "Vary": "Origin",
        "X-Content-Type-Options": "nosniff",
        "x-ms-client-request-id": "ac0301fe-1a5e-11ec-a01d-5cf37093a909",
        "x-ms-request-id": "413831c8-2002-004e-4a6b-ae8313000000",
        "x-ms-version": "2019-02-02"
      },
      "ResponseBody": {
        "odata.metadata": "https://yalltbtestsprim.table.core.windows.net/$metadata#Tables",
        "value": [
          {
            "TableName": "uttable3cc12f2d"
          }
        ]
      }
    },
    {
      "RequestUri": "https://yalltbtestsprim.table.core.windows.net/Tables(\u0027uttable3cc12f2d\u0027)",
      "RequestMethod": "DELETE",
      "RequestHeaders": {
        "Accept": "application/json",
        "Accept-Encoding": "gzip, deflate",
        "Authorization": "Sanitized",
        "Content-Length": "0",
        "Date": "Mon, 20 Sep 2021 22:04:05 GMT",
        "User-Agent": "azsdk-python-data-tables/12.1.1 Python/3.9.2 (Windows-10-10.0.19041-SP0)",
        "x-ms-client-request-id": "ac05e71c-1a5e-11ec-96cf-5cf37093a909",
        "x-ms-date": "Mon, 20 Sep 2021 22:04:05 GMT",
        "x-ms-version": "2019-02-02"
      },
      "RequestBody": null,
      "StatusCode": 204,
      "ResponseHeaders": {
        "Cache-Control": "no-cache",
        "Content-Length": "0",
        "Date": "Mon, 20 Sep 2021 22:04:04 GMT",
        "Server": [
          "Windows-Azure-Table/1.0",
          "Microsoft-HTTPAPI/2.0"
        ],
        "X-Content-Type-Options": "nosniff",
        "x-ms-client-request-id": "ac05e71c-1a5e-11ec-96cf-5cf37093a909",
        "x-ms-request-id": "413831c9-2002-004e-4b6b-ae8313000000",
        "x-ms-version": "2019-02-02"
      },
      "ResponseBody": null
    }
  ],
  "Variables": {}
}
