interactions:
- request:
    body: '{"TableName": "uttablecd66132a"}'
    headers:
      Accept:
      - application/json;odata=minimalmetadata
      Content-Length:
      - '32'
      Content-Type:
      - application/json;odata=nometadata
      DataServiceVersion:
      - '3.0'
      Date:
      - Wed, 07 Apr 2021 20:41:39 GMT
      User-Agent:
      - azsdk-python-data-tables/12.0.0b7 Python/3.9.0rc1 (Windows-10-10.0.19041-SP0)
      x-ms-date:
      - Wed, 07 Apr 2021 20:41:39 GMT
      x-ms-version:
      - '2019-02-02'
    method: POST
    uri: https://fake_cosmos_account.table.cosmos.azure.com/Tables
  response:
    body:
      string: '{"TableName":"uttablecd66132a","odata.metadata":"https://fake_cosmos_account.table.cosmos.azure.com/$metadata#Tables/@Element"}'
    headers:
      content-type: application/json;odata=minimalmetadata
      date: Wed, 07 Apr 2021 20:41:40 GMT
      etag: W/"datetime'2021-04-07T20%3A41%3A40.4305416Z'"
      location: https://fake_cosmos_account.table.cosmos.azure.com/Tables('uttablecd66132a')
      server: Microsoft-HTTPAPI/2.0
      transfer-encoding: chunked
    status:
      code: 201
      message: Ok
    url: https://seankaneprim.table.cosmos.azure.com/Tables
- request:
    body: '{"PartitionKey": "001", "PartitionKey@odata.type": "Edm.String", "RowKey":
      "batch_update", "RowKey@odata.type": "Edm.String", "test": true, "test2": "value",
      "test2@odata.type": "Edm.String", "test3": 3, "test4": 1234567890, "test5":
      "2021-04-08T00:41:40.682378Z", "test5@odata.type": "Edm.DateTime"}'
    headers:
      Accept:
      - application/json;odata=minimalmetadata
      Content-Length:
      - '300'
      Content-Type:
      - application/json;odata=nometadata
      DataServiceVersion:
      - '3.0'
      Date:
      - Wed, 07 Apr 2021 20:41:40 GMT
      User-Agent:
      - azsdk-python-data-tables/12.0.0b7 Python/3.9.0rc1 (Windows-10-10.0.19041-SP0)
      x-ms-date:
      - Wed, 07 Apr 2021 20:41:40 GMT
      x-ms-version:
      - '2019-02-02'
    method: POST
    uri: https://fake_cosmos_account.table.cosmos.azure.com/uttablecd66132a
  response:
    body:
      string: '{"odata.metadata":"https://fake_cosmos_account.table.cosmos.azure.com/uttablecd66132a/$metadata#uttablecd66132a/@Element","odata.etag":"W/\"datetime''2021-04-07T20%3A41%3A41.0457608Z''\"","PartitionKey":"001","RowKey":"batch_update","test":true,"test2":"value","test3":3,"test4":1234567890,"test5@odata.type":"Edm.DateTime","test5":"2021-04-08T00:41:40.6823780Z","Timestamp":"2021-04-07T20:41:41.0457608Z"}'
    headers:
      content-type: application/json;odata=minimalmetadata
      date: Wed, 07 Apr 2021 20:41:40 GMT
      etag: W/"datetime'2021-04-07T20%3A41%3A41.0457608Z'"
      location: https://fake_cosmos_account.table.cosmos.azure.com/uttablecd66132a(PartitionKey='001',RowKey='batch_update')
      server: Microsoft-HTTPAPI/2.0
      transfer-encoding: chunked
    status:
      code: 201
      message: Created
    url: https://seankaneprim.table.cosmos.azure.com/uttablecd66132a
- request:
    body: null
    headers:
      Accept:
      - application/json;odata=minimalmetadata
      DataServiceVersion:
      - '3.0'
      Date:
      - Wed, 07 Apr 2021 20:41:40 GMT
      User-Agent:
      - azsdk-python-data-tables/12.0.0b7 Python/3.9.0rc1 (Windows-10-10.0.19041-SP0)
      x-ms-date:
      - Wed, 07 Apr 2021 20:41:40 GMT
      x-ms-version:
      - '2019-02-02'
    method: GET
    uri: https://fake_cosmos_account.table.cosmos.azure.com/uttablecd66132a(PartitionKey='001',RowKey='batch_update')
  response:
    body:
      string: '{"odata.metadata":"https://fake_cosmos_account.table.cosmos.azure.com/uttablecd66132a/$metadata#uttablecd66132a/@Element","odata.etag":"W/\"datetime''2021-04-07T20%3A41%3A41.0457608Z''\"","PartitionKey":"001","RowKey":"batch_update","test":true,"test2":"value","test3":3,"test4":1234567890,"test5@odata.type":"Edm.DateTime","test5":"2021-04-08T00:41:40.6823780Z","Timestamp":"2021-04-07T20:41:41.0457608Z"}'
    headers:
      content-type: application/json;odata=minimalmetadata
      date: Wed, 07 Apr 2021 20:41:40 GMT
      etag: W/"datetime'2021-04-07T20%3A41%3A41.0457608Z'"
      server: Microsoft-HTTPAPI/2.0
      transfer-encoding: chunked
    status:
      code: 200
      message: Ok
    url: https://seankaneprim.table.cosmos.azure.com/uttablecd66132a(PartitionKey='001',RowKey='batch_update')
- request:
    body: "--batch_93ad8da7-bb2c-4477-80be-a458a7814de0\r\nContent-Type: multipart/mixed;\
      \ boundary=changeset_38a5942f-b2ff-4511-8f99-e2c7410b0087\r\n\r\n--changeset_38a5942f-b2ff-4511-8f99-e2c7410b0087\r\
      \nContent-Type: application/http\r\nContent-Transfer-Encoding: binary\r\nContent-ID:\
      \ 0\r\n\r\nPOST https://seankaneprim.table.cosmos.azure.com/uttablecd66132a(PartitionKey='001',RowKey='batch_update')\
      \ HTTP/1.1\r\nx-ms-version: 2019-02-02\r\nDataServiceVersion: 3.0\r\nIf-Match:\
      \ *\r\nContent-Type: application/json\r\nAccept: application/json\r\nContent-Length:\
      \ 302\r\nX-HTTP-Method: MERGE\r\nx-ms-date: Wed, 07 Apr 2021 20:41:41 GMT\r\n\
      Date: Wed, 07 Apr 2021 20:41:41 GMT\r\nx-ms-client-request-id: a83cf06a-97e1-11eb-8b01-58961df361ce\r\
      \n\r\n{\"PartitionKey\": \"001\", \"PartitionKey@odata.type\": \"Edm.String\"\
      , \"RowKey\": \"batch_update\", \"RowKey@odata.type\": \"Edm.String\", \"test\"\
      : true, \"test2\": \"value1\", \"test2@odata.type\": \"Edm.String\", \"test3\"\
      : 3, \"test4\": 1234567890, \"test5\": \"2021-04-08T00:41:40.6823780Z\", \"\
      test5@odata.type\": \"Edm.DateTime\"}\r\n--changeset_38a5942f-b2ff-4511-8f99-e2c7410b0087--\r\
      \n\r\n--batch_93ad8da7-bb2c-4477-80be-a458a7814de0--\r\n"
    headers:
      Content-Length:
      - '1101'
      Content-Type:
      - multipart/mixed; boundary=batch_93ad8da7-bb2c-4477-80be-a458a7814de0
      DataServiceVersion:
      - '3.0'
      Date:
      - Wed, 07 Apr 2021 20:41:41 GMT
      MaxDataServiceVersion:
      - 3.0;NetFx
      User-Agent:
      - azsdk-python-data-tables/12.0.0b7 Python/3.9.0rc1 (Windows-10-10.0.19041-SP0)
      x-ms-date:
      - Wed, 07 Apr 2021 20:41:41 GMT
      x-ms-version:
      - '2019-02-02'
    method: POST
    uri: https://fake_cosmos_account.table.cosmos.azure.com/$batch
  response:
    body:
      string: "--batchresponse_9b8d8119-0854-4537-b7cd-63a5dca681e0\nContent-Type:\
        \ multipart/mixed; boundary=changesetresponse_ffd663d2-61c3-4921-8b7d-56214fdaa55a\r\
        \n\r\n--changesetresponse_ffd663d2-61c3-4921-8b7d-56214fdaa55a\nContent-Type:\
        \ application/http\nContent-Transfer-Encoding: binary\n\nHTTP/1.1 204 No Content\r\
        \nETag: W/\"datetime'2021-04-07T20%3A41%3A41.4185992Z'\"\r\nContent-ID: 1\r\
        \n\r\n\r\n--changesetresponse_ffd663d2-61c3-4921-8b7d-56214fdaa55a--\n--batchresponse_9b8d8119-0854-4537-b7cd-63a5dca681e0--\r\
        \n"
    headers:
      content-type: multipart/mixed; boundary=batchresponse_9b8d8119-0854-4537-b7cd-63a5dca681e0
      date: Wed, 07 Apr 2021 20:41:40 GMT
      server: Microsoft-HTTPAPI/2.0
      transfer-encoding: chunked
    status:
      code: 202
      message: Accepted
    url: https://seankaneprim.table.cosmos.azure.com/$batch
- request:
    body: null
    headers:
      Accept:
      - application/json;odata=minimalmetadata
      DataServiceVersion:
      - '3.0'
      Date:
      - Wed, 07 Apr 2021 20:41:41 GMT
      User-Agent:
      - azsdk-python-data-tables/12.0.0b7 Python/3.9.0rc1 (Windows-10-10.0.19041-SP0)
      x-ms-date:
      - Wed, 07 Apr 2021 20:41:41 GMT
      x-ms-version:
      - '2019-02-02'
    method: GET
    uri: https://fake_cosmos_account.table.cosmos.azure.com/uttablecd66132a(PartitionKey='001',RowKey='batch_update')
  response:
    body:
      string: '{"odata.metadata":"https://fake_cosmos_account.table.cosmos.azure.com/uttablecd66132a/$metadata#uttablecd66132a/@Element","odata.etag":"W/\"datetime''2021-04-07T20%3A41%3A41.4185992Z''\"","PartitionKey":"001","RowKey":"batch_update","test":true,"test2":"value1","test3":3,"test4":1234567890,"test5@odata.type":"Edm.DateTime","test5":"2021-04-08T00:41:40.6823780Z","Timestamp":"2021-04-07T20:41:41.4185992Z"}'
    headers:
      content-type: application/json;odata=minimalmetadata
      date: Wed, 07 Apr 2021 20:41:40 GMT
      etag: W/"datetime'2021-04-07T20%3A41%3A41.4185992Z'"
      server: Microsoft-HTTPAPI/2.0
      transfer-encoding: chunked
    status:
      code: 200
      message: Ok
    url: https://seankaneprim.table.cosmos.azure.com/uttablecd66132a(PartitionKey='001',RowKey='batch_update')
- request:
    body: null
    headers:
      Accept:
      - application/json
      Date:
      - Wed, 07 Apr 2021 20:41:41 GMT
      User-Agent:
      - azsdk-python-data-tables/12.0.0b7 Python/3.9.0rc1 (Windows-10-10.0.19041-SP0)
      x-ms-date:
      - Wed, 07 Apr 2021 20:41:41 GMT
      x-ms-version:
      - '2019-02-02'
    method: DELETE
    uri: https://fake_cosmos_account.table.cosmos.azure.com/Tables('uttablecd66132a')
  response:
    body:
      string: ''
    headers:
      content-length: '0'
      date: Wed, 07 Apr 2021 20:41:42 GMT
      server: Microsoft-HTTPAPI/2.0
    status:
      code: 204
      message: No Content
    url: https://seankaneprim.table.cosmos.azure.com/Tables('uttablecd66132a')
- request:
    body: null
    headers:
      Accept:
      - application/json
      Date:
      - Wed, 07 Apr 2021 20:41:41 GMT
      User-Agent:
      - azsdk-python-data-tables/12.0.0b7 Python/3.9.0rc1 (Windows-10-10.0.19041-SP0)
      x-ms-date:
      - Wed, 07 Apr 2021 20:41:41 GMT
      x-ms-version:
      - '2019-02-02'
    method: DELETE
    uri: https://fake_cosmos_account.table.cosmos.azure.com/Tables('uttablecd66132a')
  response:
    body:
      string: "{\"odata.error\":{\"code\":\"ResourceNotFound\",\"message\":{\"lang\"\
        :\"en-us\",\"value\":\"The specified resource does not exist.\\nRequestID:a8b170b4-97e1-11eb-a7e9-58961df361ce\\\
        n\"}}}\r\n"
    headers:
      content-type: application/json;odata=fullmetadata
      date: Wed, 07 Apr 2021 20:41:42 GMT
      server: Microsoft-HTTPAPI/2.0
      transfer-encoding: chunked
    status:
      code: 404
      message: Not Found
    url: https://seankaneprim.table.cosmos.azure.com/Tables('uttablecd66132a')
version: 1
