{
  "Entries": [
    {
      "RequestUri": "https://fakeendpoint.table.cosmos.azure.com/Tables",
      "RequestMethod": "POST",
      "RequestHeaders": {
        "Accept": "application/json;odata=minimalmetadata",
        "Accept-Encoding": "gzip, deflate",
        "Content-Length": "32",
        "Content-Type": "application/json;odata=nometadata",
        "DataServiceVersion": "3.0",
        "Date": "Fri, 06 May 2022 01:00:37 GMT",
        "User-Agent": "azsdk-python-data-tables/12.3.0 Python/3.10.0 (Windows-10-10.0.22000-SP0)",
        "x-ms-date": "Fri, 06 May 2022 01:00:37 GMT",
        "x-ms-version": "2019-02-02"
      },
      "RequestBody": {
        "TableName": "uttable1c163c24"
      },
      "StatusCode": 201,
      "ResponseHeaders": {
        "Content-Type": "application/json; odata=minimalmetadata",
        "Date": "Fri, 06 May 2022 01:00:37 GMT",
        "ETag": "W/\u0022datetime\u00272022-05-06T01%3A00%3A37.2559880Z\u0027\u0022",
        "Location": "https://fakeendpoint.table.cosmos.azure.com/Tables(\u0027uttable1c163c24\u0027)",
        "Transfer-Encoding": "chunked"
      },
      "ResponseBody": {
        "TableName": "uttable1c163c24",
        "odata.metadata": "https://fakeendpoint.table.cosmos.azure.com/$metadata#Tables/@Element"
      }
    },
    {
      "RequestUri": "https://fakeendpoint.table.cosmos.azure.com/Tables",
      "RequestMethod": "GET",
      "RequestHeaders": {
        "Accept": "application/json;odata=minimalmetadata",
        "Accept-Encoding": "gzip, deflate",
        "DataServiceVersion": "3.0",
        "Date": "Fri, 06 May 2022 01:00:38 GMT",
        "User-Agent": "azsdk-python-data-tables/12.3.0 Python/3.10.0 (Windows-10-10.0.22000-SP0)",
        "x-ms-date": "Fri, 06 May 2022 01:00:38 GMT",
        "x-ms-version": "2019-02-02"
      },
      "RequestBody": null,
      "StatusCode": 200,
      "ResponseHeaders": {
        "Content-Type": "application/json; odata=minimalmetadata",
        "Date": "Fri, 06 May 2022 01:00:37 GMT",
        "Transfer-Encoding": "chunked"
      },
      "ResponseBody": {
        "value": [
          {
            "TableName": "uttable1c163c24"
          }
        ],
        "odata.metadata": "https://fakeendpoint.table.cosmos.azure.com/$metadata#Tables"
      }
    },
    {
      "RequestUri": "https://fakeendpoint.table.cosmos.azure.com/Tables(\u0027uttable1c163c24\u0027)",
      "RequestMethod": "DELETE",
      "RequestHeaders": {
        "Accept": "application/json",
        "Accept-Encoding": "gzip, deflate",
        "Content-Length": "0",
        "Date": "Fri, 06 May 2022 01:00:38 GMT",
        "User-Agent": "azsdk-python-data-tables/12.3.0 Python/3.10.0 (Windows-10-10.0.22000-SP0)",
        "x-ms-date": "Fri, 06 May 2022 01:00:38 GMT",
        "x-ms-version": "2019-02-02"
      },
      "RequestBody": null,
      "StatusCode": 204,
      "ResponseHeaders": {
        "Content-Type": "application/json",
        "Date": "Fri, 06 May 2022 01:00:37 GMT"
      },
      "ResponseBody": null
    }
  ],
  "Variables": {}
}
