interactions:
- request:
    body: '{"TableName": "uttable20991d4d"}'
    headers:
      Accept:
      - application/json;odata=minimalmetadata
      Content-Length:
      - '32'
      Content-Type:
      - application/json;odata=nometadata
      DataServiceVersion:
      - '3.0'
      Date:
      - Wed, 26 May 2021 21:42:11 GMT
      User-Agent:
      - azsdk-python-data-tables/12.0.0b7 Python/3.9.0rc1 (Windows-10-10.0.19041-SP0)
      x-ms-date:
      - Wed, 26 May 2021 21:42:11 GMT
      x-ms-version:
      - '2019-02-02'
    method: POST
    uri: https://fake_cosmos_account.table.cosmos.azure.com/Tables
  response:
    body:
      string: '{"TableName":"uttable20991d4d","odata.metadata":"https://fake_cosmos_account.table.cosmos.azure.com/$metadata#Tables/@Element"}'
    headers:
      content-type: application/json;odata=minimalmetadata
      date: Wed, 26 May 2021 21:42:13 GMT
      etag: W/"datetime'2021-05-26T21%3A42%3A13.0371592Z'"
      location: https://fake_cosmos_account.table.cosmos.azure.com/Tables('uttable20991d4d')
      server: Microsoft-HTTPAPI/2.0
      transfer-encoding: chunked
    status:
      code: 201
      message: Ok
    url: https://seankaneprim.table.cosmos.azure.com/Tables
- request:
    body: '{"PartitionKey": "pk20991d4d", "PartitionKey@odata.type": "Edm.String",
      "RowKey": "rk20991d4d", "RowKey@odata.type": "Edm.String", "age": 39, "sex":
      "male", "sex@odata.type": "Edm.String", "married": true, "deceased": false,
      "ratio": 3.1, "evenratio": 3.0, "large": 933311100, "Birthday": "1973-10-04T00:00:00.000000Z",
      "Birthday@odata.type": "Edm.DateTime", "birthday": "1970-10-04T00:00:00.000000Z",
      "birthday@odata.type": "Edm.DateTime", "binary": "YmluYXJ5", "binary@odata.type":
      "Edm.Binary", "other": 20, "clsid": "c9da6455-213d-42c9-9a79-3e9149a57833",
      "clsid@odata.type": "Edm.Guid"}'
    headers:
      Accept:
      - application/json;odata=minimalmetadata
      Content-Length:
      - '591'
      Content-Type:
      - application/json;odata=nometadata
      DataServiceVersion:
      - '3.0'
      Date:
      - Wed, 26 May 2021 21:42:12 GMT
      User-Agent:
      - azsdk-python-data-tables/12.0.0b7 Python/3.9.0rc1 (Windows-10-10.0.19041-SP0)
      x-ms-date:
      - Wed, 26 May 2021 21:42:12 GMT
      x-ms-version:
      - '2019-02-02'
    method: POST
    uri: https://fake_cosmos_account.table.cosmos.azure.com/uttable20991d4d
  response:
    body:
      string: '{"odata.metadata":"https://fake_cosmos_account.table.cosmos.azure.com/uttable20991d4d/$metadata#uttable20991d4d/@Element","odata.etag":"W/\"datetime''2021-05-26T21%3A42%3A13.6892424Z''\"","PartitionKey":"pk20991d4d","RowKey":"rk20991d4d","age":39,"sex":"male","married":true,"deceased":false,"ratio":3.1,"evenratio":3.0,"large":933311100,"Birthday@odata.type":"Edm.DateTime","Birthday":"1973-10-04T00:00:00.0000000Z","birthday@odata.type":"Edm.DateTime","birthday":"1970-10-04T00:00:00.0000000Z","binary@odata.type":"Edm.Binary","binary":"YmluYXJ5","other":20,"clsid@odata.type":"Edm.Guid","clsid":"c9da6455-213d-42c9-9a79-3e9149a57833","Timestamp":"2021-05-26T21:42:13.6892424Z"}'
    headers:
      content-type: application/json;odata=minimalmetadata
      date: Wed, 26 May 2021 21:42:13 GMT
      etag: W/"datetime'2021-05-26T21%3A42%3A13.6892424Z'"
      location: https://fake_cosmos_account.table.cosmos.azure.com/uttable20991d4d(PartitionKey='pk20991d4d',RowKey='rk20991d4d')
      server: Microsoft-HTTPAPI/2.0
      transfer-encoding: chunked
    status:
      code: 201
      message: Created
    url: https://seankaneprim.table.cosmos.azure.com/uttable20991d4d
- request:
    body: null
    headers:
      Accept:
      - application/json;odata=minimalmetadata
      DataServiceVersion:
      - '3.0'
      Date:
      - Wed, 26 May 2021 21:42:12 GMT
      User-Agent:
      - azsdk-python-data-tables/12.0.0b7 Python/3.9.0rc1 (Windows-10-10.0.19041-SP0)
      x-ms-date:
      - Wed, 26 May 2021 21:42:12 GMT
      x-ms-version:
      - '2019-02-02'
    method: GET
    uri: https://fake_cosmos_account.table.cosmos.azure.com/uttable20991d4d(PartitionKey='pk20991d4d',RowKey='rk20991d4d')
  response:
    body:
      string: '{"odata.metadata":"https://fake_cosmos_account.table.cosmos.azure.com/uttable20991d4d/$metadata#uttable20991d4d/@Element","odata.etag":"W/\"datetime''2021-05-26T21%3A42%3A13.6892424Z''\"","PartitionKey":"pk20991d4d","RowKey":"rk20991d4d","age":39,"sex":"male","married":true,"deceased":false,"ratio":3.1,"evenratio":3.0,"large":933311100,"Birthday@odata.type":"Edm.DateTime","Birthday":"1973-10-04T00:00:00.0000000Z","birthday@odata.type":"Edm.DateTime","birthday":"1970-10-04T00:00:00.0000000Z","binary@odata.type":"Edm.Binary","binary":"YmluYXJ5","other":20,"clsid@odata.type":"Edm.Guid","clsid":"c9da6455-213d-42c9-9a79-3e9149a57833","Timestamp":"2021-05-26T21:42:13.6892424Z"}'
    headers:
      content-type: application/json;odata=minimalmetadata
      date: Wed, 26 May 2021 21:42:13 GMT
      etag: W/"datetime'2021-05-26T21%3A42%3A13.6892424Z'"
      server: Microsoft-HTTPAPI/2.0
      transfer-encoding: chunked
    status:
      code: 200
      message: Ok
    url: https://seankaneprim.table.cosmos.azure.com/uttable20991d4d(PartitionKey='pk20991d4d',RowKey='rk20991d4d')
- request:
    body: null
    headers:
      Accept:
      - application/json;odata=minimalmetadata
      DataServiceVersion:
      - '3.0'
      Date:
      - Wed, 26 May 2021 21:42:13 GMT
      If-Match:
      - W/"datetime'2021-05-26T21%3A42%3A13.6892424Z'"
      User-Agent:
      - azsdk-python-data-tables/12.0.0b7 Python/3.9.0rc1 (Windows-10-10.0.19041-SP0)
      x-ms-date:
      - Wed, 26 May 2021 21:42:13 GMT
      x-ms-version:
      - '2019-02-02'
    method: DELETE
    uri: https://fake_cosmos_account.table.cosmos.azure.com/uttable20991d4d(PartitionKey='pk20991d4d',RowKey='rk20991d4d')
  response:
    body:
      string: ''
    headers:
      content-length: '0'
      date: Wed, 26 May 2021 21:42:13 GMT
      server: Microsoft-HTTPAPI/2.0
    status:
      code: 204
      message: No Content
    url: https://seankaneprim.table.cosmos.azure.com/uttable20991d4d(PartitionKey='pk20991d4d',RowKey='rk20991d4d')
- request:
    body: null
    headers:
      Accept:
      - application/json;odata=minimalmetadata
      DataServiceVersion:
      - '3.0'
      Date:
      - Wed, 26 May 2021 21:42:13 GMT
      User-Agent:
      - azsdk-python-data-tables/12.0.0b7 Python/3.9.0rc1 (Windows-10-10.0.19041-SP0)
      x-ms-date:
      - Wed, 26 May 2021 21:42:13 GMT
      x-ms-version:
      - '2019-02-02'
    method: GET
    uri: https://fake_cosmos_account.table.cosmos.azure.com/uttable20991d4d(PartitionKey='pk20991d4d',RowKey='rk20991d4d')
  response:
    body:
      string: "{\"odata.error\":{\"code\":\"ResourceNotFound\",\"message\":{\"lang\"\
        :\"en-us\",\"value\":\"The specified resource does not exist.\\nRequestID:3b62ced7-be6b-11eb-b818-002b67128e4c\\\
        n\"}}}\r\n"
    headers:
      content-type: application/json;odata=minimalmetadata
      date: Wed, 26 May 2021 21:42:13 GMT
      server: Microsoft-HTTPAPI/2.0
      transfer-encoding: chunked
    status:
      code: 404
      message: Not Found
    url: https://seankaneprim.table.cosmos.azure.com/uttable20991d4d(PartitionKey='pk20991d4d',RowKey='rk20991d4d')
version: 1
