interactions:
- request:
    body: '{"TableName": "uttable979d1213"}'
    headers:
      Accept:
      - application/json;odata=minimalmetadata
      Accept-Encoding:
      - gzip, deflate
      Connection:
      - keep-alive
      Content-Length:
      - '32'
      Content-Type:
      - application/json;odata=nometadata
      DataServiceVersion:
      - '3.0'
      Date:
      - Wed, 04 Nov 2020 17:28:33 GMT
      User-Agent:
      - azsdk-python-data-tables/12.0.0b3 Python/3.9.0rc1 (Windows-10-10.0.19041-SP0)
      x-ms-date:
      - Wed, 04 Nov 2020 17:28:33 GMT
      x-ms-version:
      - '2019-02-02'
    method: POST
    uri: https://tablesteststorname.table.core.windows.net/Tables
  response:
    body:
      string: '{"odata.metadata":"https://tablesteststorname.table.core.windows.net/$metadata#Tables/@Element","TableName":"uttable979d1213"}'
    headers:
      cache-control:
      - no-cache
      content-type:
      - application/json;odata=minimalmetadata;streaming=true;charset=utf-8
      date:
      - Wed, 04 Nov 2020 17:28:34 GMT
      location:
      - https://tablesteststorname.table.core.windows.net/Tables('uttable979d1213')
      server:
      - Windows-Azure-Table/1.0 Microsoft-HTTPAPI/2.0
      transfer-encoding:
      - chunked
      x-content-type-options:
      - nosniff
      x-ms-version:
      - '2019-02-02'
    status:
      code: 201
      message: Created
- request:
    body: '{"PartitionKey": "pk979d1213", "PartitionKey@odata.type": "Edm.String",
      "RowKey": "rk979d1213", "RowKey@odata.type": "Edm.String", "age": 39, "sex":
      "male", "sex@odata.type": "Edm.String", "married": true, "deceased": false,
      "ratio": 3.1, "evenratio": 3.0, "large": 933311100, "Birthday": "1973-10-04T00:00:00Z",
      "Birthday@odata.type": "Edm.DateTime", "birthday": "1970-10-04T00:00:00Z", "birthday@odata.type":
      "Edm.DateTime", "binary": "YmluYXJ5", "binary@odata.type": "Edm.Binary", "other":
      20, "clsid": "c9da6455-213d-42c9-9a79-3e9149a57833", "clsid@odata.type": "Edm.Guid"}'
    headers:
      Accept:
      - application/json;odata=minimalmetadata
      Accept-Encoding:
      - gzip, deflate
      Connection:
      - keep-alive
      Content-Length:
      - '577'
      Content-Type:
      - application/json;odata=nometadata
      DataServiceVersion:
      - '3.0'
      Date:
      - Wed, 04 Nov 2020 17:28:34 GMT
      User-Agent:
      - azsdk-python-data-tables/12.0.0b3 Python/3.9.0rc1 (Windows-10-10.0.19041-SP0)
      x-ms-date:
      - Wed, 04 Nov 2020 17:28:34 GMT
      x-ms-version:
      - '2019-02-02'
    method: POST
    uri: https://tablesteststorname.table.core.windows.net/uttable979d1213
  response:
    body:
      string: '{"odata.metadata":"https://tablesteststorname.table.core.windows.net/$metadata#uttable979d1213/@Element","odata.etag":"W/\"datetime''2020-11-04T17%3A28%3A35.0646003Z''\"","PartitionKey":"pk979d1213","RowKey":"rk979d1213","Timestamp":"2020-11-04T17:28:35.0646003Z","age":39,"sex":"male","married":true,"deceased":false,"ratio":3.1,"evenratio":3.0,"large":933311100,"Birthday@odata.type":"Edm.DateTime","Birthday":"1973-10-04T00:00:00Z","birthday@odata.type":"Edm.DateTime","birthday":"1970-10-04T00:00:00Z","binary@odata.type":"Edm.Binary","binary":"YmluYXJ5","other":20,"clsid@odata.type":"Edm.Guid","clsid":"c9da6455-213d-42c9-9a79-3e9149a57833"}'
    headers:
      cache-control:
      - no-cache
      content-type:
      - application/json;odata=minimalmetadata;streaming=true;charset=utf-8
      date:
      - Wed, 04 Nov 2020 17:28:34 GMT
      etag:
      - W/"datetime'2020-11-04T17%3A28%3A35.0646003Z'"
      location:
      - https://tablesteststorname.table.core.windows.net/uttable979d1213(PartitionKey='pk979d1213',RowKey='rk979d1213')
      server:
      - Windows-Azure-Table/1.0 Microsoft-HTTPAPI/2.0
      transfer-encoding:
      - chunked
      x-content-type-options:
      - nosniff
      x-ms-version:
      - '2019-02-02'
    status:
      code: 201
      message: Created
- request:
    body: '<?xml version=''1.0'' encoding=''utf-8''?>

      <SignedIdentifiers><SignedIdentifier><Id>testid</Id><AccessPolicy><Start>2011-10-11T00:00:00Z</Start><Expiry>2020-10-12T00:00:00Z</Expiry><Permission>r</Permission></AccessPolicy></SignedIdentifier></SignedIdentifiers>'
    headers:
      Accept:
      - application/xml
      Accept-Encoding:
      - gzip, deflate
      Connection:
      - keep-alive
      Content-Length:
      - '257'
      Content-Type:
      - application/xml
      Date:
      - Wed, 04 Nov 2020 17:28:35 GMT
      User-Agent:
      - azsdk-python-data-tables/12.0.0b3 Python/3.9.0rc1 (Windows-10-10.0.19041-SP0)
      x-ms-date:
      - Wed, 04 Nov 2020 17:28:35 GMT
      x-ms-version:
      - '2019-02-02'
    method: PUT
    uri: https://tablesteststorname.table.core.windows.net/uttable979d1213?comp=acl
  response:
    body:
      string: ''
    headers:
      content-length:
      - '0'
      date:
      - Wed, 04 Nov 2020 17:28:34 GMT
      server:
      - Windows-Azure-Table/1.0 Microsoft-HTTPAPI/2.0
      x-ms-version:
      - '2019-02-02'
    status:
      code: 204
      message: No Content
- request:
    body: null
    headers:
      Accept:
      - application/json;odata=minimalmetadata
      Accept-Encoding:
      - gzip, deflate
      Connection:
      - keep-alive
      DataServiceVersion:
      - '3.0'
      Date:
      - Wed, 04 Nov 2020 17:28:35 GMT
      User-Agent:
      - azsdk-python-data-tables/12.0.0b3 Python/3.9.0rc1 (Windows-10-10.0.19041-SP0)
      x-ms-date:
      - Wed, 04 Nov 2020 17:28:35 GMT
      x-ms-version:
      - '2019-02-02'
    method: GET
    uri: https://tablesteststorname.table.core.windows.net/uttable979d1213()?sv=2019-02-02&si=testid&tn=uttable979d1213&sig=cJLMxL7C3xrVUfgaE6fjscbYztLcsJWL8btnCSp%2BVUI%3D
  response:
    body:
      string: '{"odata.error":{"code":"AuthenticationFailed","message":{"lang":"en-US","value":"Server
        failed to authenticate the request. Make sure the value of Authorization header
        is formed correctly including the signature.\nRequestId:4c888ea2-f002-0019-4ccf-b234e8000000\nTime:2020-11-04T17:28:35.3390529Z"}}}'
    headers:
      content-length:
      - '299'
      content-type:
      - application/json
      date:
      - Wed, 04 Nov 2020 17:28:35 GMT
      server:
      - Microsoft-HTTPAPI/2.0
      x-ms-error-code:
      - AuthenticationFailed
    status:
      code: 403
      message: Server failed to authenticate the request. Make sure the value of Authorization
        header is formed correctly including the signature.
- request:
    body: null
    headers:
      Accept:
      - application/json
      Accept-Encoding:
      - gzip, deflate
      Connection:
      - keep-alive
      Content-Length:
      - '0'
      Date:
      - Wed, 04 Nov 2020 17:28:35 GMT
      User-Agent:
      - azsdk-python-data-tables/12.0.0b3 Python/3.9.0rc1 (Windows-10-10.0.19041-SP0)
      x-ms-date:
      - Wed, 04 Nov 2020 17:28:35 GMT
      x-ms-version:
      - '2019-02-02'
    method: DELETE
    uri: https://tablesteststorname.table.core.windows.net/Tables('uttable979d1213')
  response:
    body:
      string: ''
    headers:
      cache-control:
      - no-cache
      content-length:
      - '0'
      date:
      - Wed, 04 Nov 2020 17:28:34 GMT
      server:
      - Windows-Azure-Table/1.0 Microsoft-HTTPAPI/2.0
      x-content-type-options:
      - nosniff
      x-ms-version:
      - '2019-02-02'
    status:
      code: 204
      message: No Content
version: 1
