interactions:
- request:
    body: '{"TableName": "uttableb1d31bc5"}'
    headers:
      Accept:
      - application/json;odata=minimalmetadata
      Content-Length:
      - '32'
      Content-Type:
      - application/json;odata=nometadata
      DataServiceVersion:
      - '3.0'
      Date:
      - Fri, 18 Dec 2020 16:40:10 GMT
      User-Agent:
      - azsdk-python-data-tables/12.0.0b4 Python/3.9.0rc1 (Windows-10-10.0.19041-SP0)
      x-ms-date:
      - Fri, 18 Dec 2020 16:40:10 GMT
      x-ms-version:
      - '2019-02-02'
    method: POST
    uri: https://fake_cosmos_account.table.cosmos.azure.com/Tables
  response:
    body:
      string: '{"TableName":"uttableb1d31bc5","odata.metadata":"https://fake_cosmos_account.table.cosmos.azure.com/$metadata#Tables/@Element"}'
    headers:
      content-type: application/json;odata=minimalmetadata
      date: Fri, 18 Dec 2020 16:40:12 GMT
      etag: W/"datetime'2020-12-18T16%3A40%3A11.8899720Z'"
      location: https://fake_cosmos_account.table.cosmos.azure.com/Tables('uttableb1d31bc5')
      server: Microsoft-HTTPAPI/2.0
      transfer-encoding: chunked
    status:
      code: 201
      message: Ok
    url: https://seankaneprim.table.cosmos.azure.com/Tables
- request:
    body: '{"PartitionKey": "pkb1d31bc5", "PartitionKey@odata.type": "Edm.String",
      "RowKey": "rkb1d31bc5", "RowKey@odata.type": "Edm.String", "inf": "Infinity",
      "inf@odata.type": "Edm.Double", "negativeinf": "-Infinity", "negativeinf@odata.type":
      "Edm.Double", "nan": "NaN", "nan@odata.type": "Edm.Double"}'
    headers:
      Accept:
      - application/json;odata=minimalmetadata
      Content-Length:
      - '295'
      Content-Type:
      - application/json;odata=nometadata
      DataServiceVersion:
      - '3.0'
      Date:
      - Fri, 18 Dec 2020 16:40:11 GMT
      User-Agent:
      - azsdk-python-data-tables/12.0.0b4 Python/3.9.0rc1 (Windows-10-10.0.19041-SP0)
      x-ms-date:
      - Fri, 18 Dec 2020 16:40:11 GMT
      x-ms-version:
      - '2019-02-02'
    method: POST
    uri: https://fake_cosmos_account.table.cosmos.azure.com/uttableb1d31bc5
  response:
    body:
      string: '{"odata.metadata":"https://fake_cosmos_account.table.cosmos.azure.com/uttableb1d31bc5/$metadata#uttableb1d31bc5/@Element","odata.etag":"W/\"datetime''2020-12-18T16%3A40%3A12.4410888Z''\"","PartitionKey":"pkb1d31bc5","RowKey":"rkb1d31bc5","inf@odata.type":"Edm.Double","inf":"Infinity","negativeinf@odata.type":"Edm.Double","negativeinf":"-Infinity","nan@odata.type":"Edm.Double","nan":"NaN","Timestamp":"2020-12-18T16:40:12.4410888Z"}'
    headers:
      content-type: application/json;odata=minimalmetadata
      date: Fri, 18 Dec 2020 16:40:12 GMT
      etag: W/"datetime'2020-12-18T16%3A40%3A12.4410888Z'"
      location: https://fake_cosmos_account.table.cosmos.azure.com/uttableb1d31bc5(PartitionKey='pkb1d31bc5',RowKey='rkb1d31bc5')
      server: Microsoft-HTTPAPI/2.0
      transfer-encoding: chunked
    status:
      code: 201
      message: Created
    url: https://seankaneprim.table.cosmos.azure.com/uttableb1d31bc5
- request:
    body: null
    headers:
      Accept:
      - application/json;odata=minimalmetadata
      DataServiceVersion:
      - '3.0'
      Date:
      - Fri, 18 Dec 2020 16:40:12 GMT
      User-Agent:
      - azsdk-python-data-tables/12.0.0b4 Python/3.9.0rc1 (Windows-10-10.0.19041-SP0)
      x-ms-date:
      - Fri, 18 Dec 2020 16:40:12 GMT
      x-ms-version:
      - '2019-02-02'
    method: GET
    uri: https://fake_cosmos_account.table.cosmos.azure.com/uttableb1d31bc5(PartitionKey='pkb1d31bc5',RowKey='rkb1d31bc5')
  response:
    body:
      string: '{"odata.metadata":"https://fake_cosmos_account.table.cosmos.azure.com/uttableb1d31bc5/$metadata#uttableb1d31bc5/@Element","odata.etag":"W/\"datetime''2020-12-18T16%3A40%3A12.4410888Z''\"","PartitionKey":"pkb1d31bc5","RowKey":"rkb1d31bc5","inf@odata.type":"Edm.Double","inf":"Infinity","negativeinf@odata.type":"Edm.Double","negativeinf":"-Infinity","nan@odata.type":"Edm.Double","nan":"NaN","Timestamp":"2020-12-18T16:40:12.4410888Z"}'
    headers:
      content-type: application/json;odata=minimalmetadata
      date: Fri, 18 Dec 2020 16:40:12 GMT
      etag: W/"datetime'2020-12-18T16%3A40%3A12.4410888Z'"
      server: Microsoft-HTTPAPI/2.0
      transfer-encoding: chunked
    status:
      code: 200
      message: Ok
    url: https://seankaneprim.table.cosmos.azure.com/uttableb1d31bc5(PartitionKey='pkb1d31bc5',RowKey='rkb1d31bc5')
- request:
    body: null
    headers:
      Accept:
      - application/json
      Date:
      - Fri, 18 Dec 2020 16:40:12 GMT
      User-Agent:
      - azsdk-python-data-tables/12.0.0b4 Python/3.9.0rc1 (Windows-10-10.0.19041-SP0)
      x-ms-date:
      - Fri, 18 Dec 2020 16:40:12 GMT
      x-ms-version:
      - '2019-02-02'
    method: DELETE
    uri: https://fake_cosmos_account.table.cosmos.azure.com/Tables('uttableb1d31bc5')
  response:
    body:
      string: ''
    headers:
      content-length: '0'
      date: Fri, 18 Dec 2020 16:40:12 GMT
      server: Microsoft-HTTPAPI/2.0
    status:
      code: 204
      message: No Content
    url: https://seankaneprim.table.cosmos.azure.com/Tables('uttableb1d31bc5')
version: 1
