{
  "Entries": [
    {
      "RequestUri": "https://yalltbtestsprim.table.cosmos.azure.com/Tables",
      "RequestMethod": "POST",
      "RequestHeaders": {
        "Accept": "application/json;odata=minimalmetadata",
        "Accept-Encoding": "gzip, deflate",
        "Authorization": "Sanitized",
        "Connection": "keep-alive",
        "Content-Length": "32",
        "Content-Type": "application/json;odata=nometadata",
        "DataServiceVersion": "3.0",
        "Date": "Mon, 18 Oct 2021 23:18:32 GMT",
        "User-Agent": "azsdk-python-data-tables/12.1.1 Python/3.9.2 (Windows-10-10.0.19041-SP0)",
        "x-ms-client-request-id": "b6180fe6-3069-11ec-97c8-5cf37093a909",
        "x-ms-date": "Mon, 18 Oct 2021 23:18:32 GMT",
        "x-ms-version": "2019-02-02"
      },
      "RequestBody": "{\u0022TableName\u0022: \u0022uttablea5f5301a\u0022}",
      "StatusCode": 201,
      "ResponseHeaders": {
        "Content-Type": "application/json; odata=minimalmetadata",
        "Date": "Mon, 18 Oct 2021 23:18:27 GMT",
        "ETag": "W/\u0022datetime\u00272021-10-18T23%3A18%3A27.1801352Z\u0027\u0022",
        "Location": "https://yalltbtestsprim.table.cosmos.azure.com/Tables(\u0027uttablea5f5301a\u0027)",
        "Transfer-Encoding": "chunked",
        "x-ms-request-id": "9d48b7bd-3b10-4ea2-847a-d2f0251a9d24"
      },
      "ResponseBody": {
        "TableName": "uttablea5f5301a",
        "odata.metadata": "https://yalltbtestsprim.table.cosmos.azure.com/$metadata#Tables/@Element"
      }
    },
    {
      "RequestUri": "https://yalltbtestsprim.table.cosmos.azure.com/uttablea5f5301a",
      "RequestMethod": "POST",
      "RequestHeaders": {
        "Accept": "application/json;odata=minimalmetadata",
        "Accept-Encoding": "gzip, deflate",
        "Authorization": "Sanitized",
        "Connection": "keep-alive",
        "Content-Length": "711",
        "Content-Type": "application/json;odata=nometadata",
        "DataServiceVersion": "3.0",
        "Date": "Mon, 18 Oct 2021 23:18:33 GMT",
        "User-Agent": "azsdk-python-data-tables/12.1.1 Python/3.9.2 (Windows-10-10.0.19041-SP0)",
        "x-ms-client-request-id": "b69c9d82-3069-11ec-b7b1-5cf37093a909",
        "x-ms-date": "Mon, 18 Oct 2021 23:18:33 GMT",
        "x-ms-version": "2019-02-02"
      },
      "RequestBody": "{\u0022PartitionKey\u0022: \u0022pka5f5301a\u0022, \u0022PartitionKey@odata.type\u0022: \u0022Edm.String\u0022, \u0022RowKey\u0022: \u0022rka5f5301a\u0022, \u0022RowKey@odata.type\u0022: \u0022Edm.String\u0022, \u0022age\u0022: 39, \u0022sex\u0022: \u0022male\u0022, \u0022sex@odata.type\u0022: \u0022Edm.String\u0022, \u0022married\u0022: true, \u0022deceased\u0022: false, \u0022ratio\u0022: 3.1, \u0022ratio@odata.type\u0022: \u0022Edm.Double\u0022, \u0022evenratio\u0022: 3.0, \u0022evenratio@odata.type\u0022: \u0022Edm.Double\u0022, \u0022double\u0022: 5, \u0022double@odata.type\u0022: \u0022Edm.Double\u0022, \u0022large\u0022: 933311100, \u0022Birthday\u0022: \u00221973-10-04T00:00:00.000000Z\u0022, \u0022Birthday@odata.type\u0022: \u0022Edm.DateTime\u0022, \u0022birthday\u0022: \u00221970-10-04T00:00:00.000000Z\u0022, \u0022birthday@odata.type\u0022: \u0022Edm.DateTime\u0022, \u0022binary\u0022: \u0022YmluYXJ5\u0022, \u0022binary@odata.type\u0022: \u0022Edm.Binary\u0022, \u0022other\u0022: 20, \u0022clsid\u0022: \u0022c9da6455-213d-42c9-9a79-3e9149a57833\u0022, \u0022clsid@odata.type\u0022: \u0022Edm.Guid\u0022}",
      "StatusCode": 201,
      "ResponseHeaders": {
        "Content-Type": "application/json; odata=minimalmetadata",
        "Date": "Mon, 18 Oct 2021 23:18:27 GMT",
        "ETag": "W/\u0022datetime\u00272021-10-18T23%3A18%3A27.8163464Z\u0027\u0022",
        "Location": "https://yalltbtestsprim.table.cosmos.azure.com/uttablea5f5301a(PartitionKey=\u0027pka5f5301a\u0027,RowKey=\u0027rka5f5301a\u0027)",
        "Transfer-Encoding": "chunked",
        "x-ms-request-id": "cd52281b-3135-43fe-ae1f-4f4842c71d04"
      },
      "ResponseBody": {
        "odata.metadata": "https://yalltbtestsprim.table.cosmos.azure.com/uttablea5f5301a/$metadata#uttablea5f5301a/@Element",
        "odata.etag": "W/\u0022datetime\u00272021-10-18T23%3A18%3A27.8163464Z\u0027\u0022",
        "PartitionKey": "pka5f5301a",
        "RowKey": "rka5f5301a",
        "age": 39,
        "sex": "male",
        "married": true,
        "deceased": false,
        "ratio": 3.1,
        "evenratio": 3.0,
        "double": 5.0,
        "large": 933311100,
        "Birthday@odata.type": "Edm.DateTime",
        "Birthday": "1973-10-04T00:00:00.0000000Z",
        "birthday@odata.type": "Edm.DateTime",
        "birthday": "1970-10-04T00:00:00.0000000Z",
        "binary@odata.type": "Edm.Binary",
        "binary": "YmluYXJ5",
        "other": 20,
        "clsid@odata.type": "Edm.Guid",
        "clsid": "c9da6455-213d-42c9-9a79-3e9149a57833",
        "Timestamp": "2021-10-18T23:18:27.8163464Z"
      }
    },
    {
      "RequestUri": "https://yalltbtestsprim.table.cosmos.azure.com/uttablea5f5301a",
      "RequestMethod": "POST",
      "RequestHeaders": {
        "Accept": "application/json;odata=minimalmetadata",
        "Accept-Encoding": "gzip, deflate",
        "Authorization": "Sanitized",
        "Connection": "keep-alive",
        "Content-Length": "678",
        "Content-Type": "application/json;odata=nometadata",
        "DataServiceVersion": "3.0",
        "Date": "Mon, 18 Oct 2021 23:18:33 GMT",
        "User-Agent": "azsdk-python-data-tables/12.1.1 Python/3.9.2 (Windows-10-10.0.19041-SP0)",
        "x-ms-client-request-id": "b6aad38c-3069-11ec-9309-5cf37093a909",
        "x-ms-date": "Mon, 18 Oct 2021 23:18:33 GMT",
        "x-ms-version": "2019-02-02"
      },
      "RequestBody": "{\u0022PartitionKey\u0022: \u0022pka5f5301a1\u0022, \u0022PartitionKey@odata.type\u0022: \u0022Edm.String\u0022, \u0022RowKey\u0022: \u0022rka5f5301a1\u0022, \u0022RowKey@odata.type\u0022: \u0022Edm.String\u0022, \u0022age\u0022: 49, \u0022sex\u0022: \u0022female\u0022, \u0022sex@odata.type\u0022: \u0022Edm.String\u0022, \u0022married\u0022: false, \u0022deceased\u0022: true, \u0022ratio\u0022: 5.2, \u0022ratio@odata.type\u0022: \u0022Edm.Double\u0022, \u0022evenratio\u0022: 6.0, \u0022evenratio@odata.type\u0022: \u0022Edm.Double\u0022, \u0022large\u0022: 39999011, \u0022Birthday\u0022: \u00221993-04-01T00:00:00.000000Z\u0022, \u0022Birthday@odata.type\u0022: \u0022Edm.DateTime\u0022, \u0022birthday\u0022: \u00221990-04-01T00:00:00.000000Z\u0022, \u0022birthday@odata.type\u0022: \u0022Edm.DateTime\u0022, \u0022binary\u0022: \u0022YmluYXJ5LWJpbmFyeQ==\u0022, \u0022binary@odata.type\u0022: \u0022Edm.Binary\u0022, \u0022other\u0022: 40, \u0022clsid\u0022: \u0022c8da6455-213e-42d9-9b79-3f9149a57833\u0022, \u0022clsid@odata.type\u0022: \u0022Edm.Guid\u0022}",
      "StatusCode": 201,
      "ResponseHeaders": {
        "Content-Type": "application/json; odata=minimalmetadata",
        "Date": "Mon, 18 Oct 2021 23:18:27 GMT",
        "ETag": "W/\u0022datetime\u00272021-10-18T23%3A18%3A27.8392840Z\u0027\u0022",
        "Location": "https://yalltbtestsprim.table.cosmos.azure.com/uttablea5f5301a(PartitionKey=\u0027pka5f5301a1\u0027,RowKey=\u0027rka5f5301a1\u0027)",
        "Transfer-Encoding": "chunked",
        "x-ms-request-id": "792f3785-52e3-4901-a6bf-2c48f28b7cd1"
      },
      "ResponseBody": {
        "odata.metadata": "https://yalltbtestsprim.table.cosmos.azure.com/uttablea5f5301a/$metadata#uttablea5f5301a/@Element",
        "odata.etag": "W/\u0022datetime\u00272021-10-18T23%3A18%3A27.8392840Z\u0027\u0022",
        "PartitionKey": "pka5f5301a1",
        "RowKey": "rka5f5301a1",
        "age": 49,
        "sex": "female",
        "married": false,
        "deceased": true,
        "ratio": 5.2,
        "evenratio": 6.0,
        "large": 39999011,
        "Birthday@odata.type": "Edm.DateTime",
        "Birthday": "1993-04-01T00:00:00.0000000Z",
        "birthday@odata.type": "Edm.DateTime",
        "birthday": "1990-04-01T00:00:00.0000000Z",
        "binary@odata.type": "Edm.Binary",
        "binary": "YmluYXJ5LWJpbmFyeQ==",
        "other": 40,
        "clsid@odata.type": "Edm.Guid",
        "clsid": "c8da6455-213e-42d9-9b79-3f9149a57833",
        "Timestamp": "2021-10-18T23:18:27.8392840Z"
      }
    },
    {
      "RequestUri": "https://yalltbtestsprim.table.cosmos.azure.com/uttablea5f5301a()?$filter=binary eq X%2762696e617279%27",
      "RequestMethod": "GET",
      "RequestHeaders": {
        "Accept": "application/json;odata=minimalmetadata",
        "Accept-Encoding": "gzip, deflate",
        "Authorization": "Sanitized",
        "Connection": "keep-alive",
        "DataServiceVersion": "3.0",
        "Date": "Mon, 18 Oct 2021 23:18:33 GMT",
        "User-Agent": "azsdk-python-data-tables/12.1.1 Python/3.9.2 (Windows-10-10.0.19041-SP0)",
        "x-ms-client-request-id": "b6ae5ede-3069-11ec-9740-5cf37093a909",
        "x-ms-date": "Mon, 18 Oct 2021 23:18:33 GMT",
        "x-ms-version": "2019-02-02"
      },
      "RequestBody": null,
      "StatusCode": 200,
      "ResponseHeaders": {
        "Content-Type": "application/json; odata=minimalmetadata",
        "Date": "Mon, 18 Oct 2021 23:18:27 GMT",
        "Transfer-Encoding": "chunked",
        "x-ms-request-id": "d72fe1bd-3fd9-4cf9-979c-74b2b5c96d44"
      },
      "ResponseBody": {
        "value": [
          {
            "odata.etag": "W/\u0022datetime\u00272021-10-18T23%3A18%3A27.8163464Z\u0027\u0022",
            "PartitionKey": "pka5f5301a",
            "RowKey": "rka5f5301a",
            "age": 39,
            "sex": "male",
            "married": true,
            "deceased": false,
            "ratio": 3.1,
            "evenratio": 3.0,
            "double": 5.0,
            "large": 933311100,
            "Birthday@odata.type": "Edm.DateTime",
            "Birthday": "1973-10-04T00:00:00.0000000Z",
            "birthday@odata.type": "Edm.DateTime",
            "birthday": "1970-10-04T00:00:00.0000000Z",
            "binary@odata.type": "Edm.Binary",
            "binary": "YmluYXJ5",
            "other": 20,
            "clsid@odata.type": "Edm.Guid",
            "clsid": "c9da6455-213d-42c9-9a79-3e9149a57833",
            "Timestamp": "2021-10-18T23:18:27.8163464Z"
          }
        ],
        "odata.metadata": "https://yalltbtestsprim.table.cosmos.azure.com/$metadata#uttablea5f5301a"
      }
    },
    {
      "RequestUri": "https://yalltbtestsprim.table.cosmos.azure.com/Tables",
      "RequestMethod": "GET",
      "RequestHeaders": {
        "Accept": "application/json;odata=minimalmetadata",
        "Accept-Encoding": "gzip, deflate",
        "Authorization": "Sanitized",
        "Connection": "keep-alive",
        "DataServiceVersion": "3.0",
        "Date": "Mon, 18 Oct 2021 23:18:33 GMT",
        "User-Agent": "azsdk-python-data-tables/12.1.1 Python/3.9.2 (Windows-10-10.0.19041-SP0)",
        "x-ms-client-request-id": "b6b536f0-3069-11ec-993f-5cf37093a909",
        "x-ms-date": "Mon, 18 Oct 2021 23:18:33 GMT",
        "x-ms-version": "2019-02-02"
      },
      "RequestBody": null,
      "StatusCode": 200,
      "ResponseHeaders": {
        "Content-Type": "application/json; odata=minimalmetadata",
        "Date": "Mon, 18 Oct 2021 23:18:27 GMT",
        "Transfer-Encoding": "chunked",
        "x-ms-request-id": "05d58a71-f031-4b51-9677-87fa6810da82"
      },
      "ResponseBody": {
        "value": [
          {
            "TableName": "uttablea5f5301a"
          }
        ],
        "odata.metadata": "https://yalltbtestsprim.table.cosmos.azure.com/$metadata#Tables"
      }
    },
    {
      "RequestUri": "https://yalltbtestsprim.table.cosmos.azure.com/Tables(\u0027uttablea5f5301a\u0027)",
      "RequestMethod": "DELETE",
      "RequestHeaders": {
        "Accept": "application/json",
        "Accept-Encoding": "gzip, deflate",
        "Authorization": "Sanitized",
        "Connection": "keep-alive",
        "Content-Length": "0",
        "Date": "Mon, 18 Oct 2021 23:18:33 GMT",
        "User-Agent": "azsdk-python-data-tables/12.1.1 Python/3.9.2 (Windows-10-10.0.19041-SP0)",
        "x-ms-client-request-id": "b6b82649-3069-11ec-abd1-5cf37093a909",
        "x-ms-date": "Mon, 18 Oct 2021 23:18:33 GMT",
        "x-ms-version": "2019-02-02"
      },
      "RequestBody": null,
      "StatusCode": 204,
      "ResponseHeaders": {
        "Date": "Mon, 18 Oct 2021 23:18:27 GMT",
        "x-ms-request-id": "c58f9b50-aa4a-44f7-a929-397aeee1ad3b"
      },
      "ResponseBody": null
    }
  ],
  "Variables": {}
}
