{
  "Entries": [
    {
      "RequestUri": "https://fakeendpoint.table.core.windows.net/Tables",
      "RequestMethod": "POST",
      "RequestHeaders": {
        "Accept": "application/json;odata=minimalmetadata",
        "Accept-Encoding": "gzip, deflate",
        "Authorization": "Sanitized",
        "Connection": "keep-alive",
        "Content-Length": "25",
        "Content-Type": "application/json;odata=nometadata",
        "DataServiceVersion": "3.0",
        "Date": "Wed, 22 Sep 2021 00:23:07 GMT",
        "User-Agent": "azsdk-python-data-tables/12.1.1 Python/3.9.2 (Windows-10-10.0.19041-SP0)",
        "x-ms-client-request-id": "426b9bdd-1b3b-11ec-a1c4-5cf37093a909",
        "x-ms-date": "Wed, 22 Sep 2021 00:23:07 GMT",
        "x-ms-version": "2019-02-02"
      },
      "RequestBody": "{\u0022TableName\u0022: \u0022mytable0\u0022}",
      "StatusCode": 201,
      "ResponseHeaders": {
        "Cache-Control": "no-cache",
        "Content-Type": "application/json; odata=minimalmetadata; streaming=true; charset=utf-8",
        "Date": "Wed, 22 Sep 2021 00:23:04 GMT",
        "Location": "https://yalltbtestsprim.table.core.windows.net/Tables(\u0027mytable0\u0027)",
        "Server": [
          "Windows-Azure-Table/1.0",
          "Microsoft-HTTPAPI/2.0"
        ],
        "Transfer-Encoding": "chunked",
        "X-Content-Type-Options": "nosniff",
        "x-ms-client-request-id": "426b9bdd-1b3b-11ec-a1c4-5cf37093a909",
        "x-ms-request-id": "b6245754-f002-004b-2048-af8d8e000000",
        "x-ms-version": "2019-02-02"
      },
      "ResponseBody": {
        "odata.metadata": "https://yalltbtestsprim.table.core.windows.net/$metadata#Tables/@Element",
        "TableName": "mytable0"
      }
    },
    {
      "RequestUri": "https://fakeendpoint.table.core.windows.net/Tables",
      "RequestMethod": "POST",
      "RequestHeaders": {
        "Accept": "application/json;odata=minimalmetadata",
        "Accept-Encoding": "gzip, deflate",
        "Authorization": "Sanitized",
        "Connection": "keep-alive",
        "Content-Length": "25",
        "Content-Type": "application/json;odata=nometadata",
        "DataServiceVersion": "3.0",
        "Date": "Wed, 22 Sep 2021 00:23:07 GMT",
        "User-Agent": "azsdk-python-data-tables/12.1.1 Python/3.9.2 (Windows-10-10.0.19041-SP0)",
        "x-ms-client-request-id": "42739a20-1b3b-11ec-a41f-5cf37093a909",
        "x-ms-date": "Wed, 22 Sep 2021 00:23:07 GMT",
        "x-ms-version": "2019-02-02"
      },
      "RequestBody": "{\u0022TableName\u0022: \u0022mytable1\u0022}",
      "StatusCode": 201,
      "ResponseHeaders": {
        "Cache-Control": "no-cache",
        "Content-Type": "application/json; odata=minimalmetadata; streaming=true; charset=utf-8",
        "Date": "Wed, 22 Sep 2021 00:23:04 GMT",
        "Location": "https://yalltbtestsprim.table.core.windows.net/Tables(\u0027mytable1\u0027)",
        "Server": [
          "Windows-Azure-Table/1.0",
          "Microsoft-HTTPAPI/2.0"
        ],
        "Transfer-Encoding": "chunked",
        "X-Content-Type-Options": "nosniff",
        "x-ms-client-request-id": "42739a20-1b3b-11ec-a41f-5cf37093a909",
        "x-ms-request-id": "b624575e-f002-004b-2948-af8d8e000000",
        "x-ms-version": "2019-02-02"
      },
      "ResponseBody": {
        "odata.metadata": "https://yalltbtestsprim.table.core.windows.net/$metadata#Tables/@Element",
        "TableName": "mytable1"
      }
    },
    {
      "RequestUri": "https://fakeendpoint.table.core.windows.net/Tables",
      "RequestMethod": "POST",
      "RequestHeaders": {
        "Accept": "application/json;odata=minimalmetadata",
        "Accept-Encoding": "gzip, deflate",
        "Authorization": "Sanitized",
        "Connection": "keep-alive",
        "Content-Length": "25",
        "Content-Type": "application/json;odata=nometadata",
        "DataServiceVersion": "3.0",
        "Date": "Wed, 22 Sep 2021 00:23:07 GMT",
        "User-Agent": "azsdk-python-data-tables/12.1.1 Python/3.9.2 (Windows-10-10.0.19041-SP0)",
        "x-ms-client-request-id": "4278679d-1b3b-11ec-94af-5cf37093a909",
        "x-ms-date": "Wed, 22 Sep 2021 00:23:07 GMT",
        "x-ms-version": "2019-02-02"
      },
      "RequestBody": "{\u0022TableName\u0022: \u0022mytable2\u0022}",
      "StatusCode": 201,
      "ResponseHeaders": {
        "Cache-Control": "no-cache",
        "Content-Type": "application/json; odata=minimalmetadata; streaming=true; charset=utf-8",
        "Date": "Wed, 22 Sep 2021 00:23:04 GMT",
        "Location": "https://yalltbtestsprim.table.core.windows.net/Tables(\u0027mytable2\u0027)",
        "Server": [
          "Windows-Azure-Table/1.0",
          "Microsoft-HTTPAPI/2.0"
        ],
        "Transfer-Encoding": "chunked",
        "X-Content-Type-Options": "nosniff",
        "x-ms-client-request-id": "4278679d-1b3b-11ec-94af-5cf37093a909",
        "x-ms-request-id": "b6245771-f002-004b-3b48-af8d8e000000",
        "x-ms-version": "2019-02-02"
      },
      "ResponseBody": {
        "odata.metadata": "https://yalltbtestsprim.table.core.windows.net/$metadata#Tables/@Element",
        "TableName": "mytable2"
      }
    },
    {
      "RequestUri": "https://fakeendpoint.table.core.windows.net/Tables",
      "RequestMethod": "POST",
      "RequestHeaders": {
        "Accept": "application/json;odata=minimalmetadata",
        "Accept-Encoding": "gzip, deflate",
        "Authorization": "Sanitized",
        "Connection": "keep-alive",
        "Content-Length": "25",
        "Content-Type": "application/json;odata=nometadata",
        "DataServiceVersion": "3.0",
        "Date": "Wed, 22 Sep 2021 00:23:07 GMT",
        "User-Agent": "azsdk-python-data-tables/12.1.1 Python/3.9.2 (Windows-10-10.0.19041-SP0)",
        "x-ms-client-request-id": "427e23bb-1b3b-11ec-bc69-5cf37093a909",
        "x-ms-date": "Wed, 22 Sep 2021 00:23:07 GMT",
        "x-ms-version": "2019-02-02"
      },
      "RequestBody": "{\u0022TableName\u0022: \u0022mytable3\u0022}",
      "StatusCode": 201,
      "ResponseHeaders": {
        "Cache-Control": "no-cache",
        "Content-Type": "application/json; odata=minimalmetadata; streaming=true; charset=utf-8",
        "Date": "Wed, 22 Sep 2021 00:23:04 GMT",
        "Location": "https://yalltbtestsprim.table.core.windows.net/Tables(\u0027mytable3\u0027)",
        "Server": [
          "Windows-Azure-Table/1.0",
          "Microsoft-HTTPAPI/2.0"
        ],
        "Transfer-Encoding": "chunked",
        "X-Content-Type-Options": "nosniff",
        "x-ms-client-request-id": "427e23bb-1b3b-11ec-bc69-5cf37093a909",
        "x-ms-request-id": "b624578e-f002-004b-5648-af8d8e000000",
        "x-ms-version": "2019-02-02"
      },
      "ResponseBody": {
        "odata.metadata": "https://yalltbtestsprim.table.core.windows.net/$metadata#Tables/@Element",
        "TableName": "mytable3"
      }
    },
    {
      "RequestUri": "https://fakeendpoint.table.core.windows.net/Tables",
      "RequestMethod": "POST",
      "RequestHeaders": {
        "Accept": "application/json;odata=minimalmetadata",
        "Accept-Encoding": "gzip, deflate",
        "Authorization": "Sanitized",
        "Connection": "keep-alive",
        "Content-Length": "25",
        "Content-Type": "application/json;odata=nometadata",
        "DataServiceVersion": "3.0",
        "Date": "Wed, 22 Sep 2021 00:23:07 GMT",
        "User-Agent": "azsdk-python-data-tables/12.1.1 Python/3.9.2 (Windows-10-10.0.19041-SP0)",
        "x-ms-client-request-id": "4284a764-1b3b-11ec-8724-5cf37093a909",
        "x-ms-date": "Wed, 22 Sep 2021 00:23:07 GMT",
        "x-ms-version": "2019-02-02"
      },
      "RequestBody": "{\u0022TableName\u0022: \u0022mytable4\u0022}",
      "StatusCode": 201,
      "ResponseHeaders": {
        "Cache-Control": "no-cache",
        "Content-Type": "application/json; odata=minimalmetadata; streaming=true; charset=utf-8",
        "Date": "Wed, 22 Sep 2021 00:23:04 GMT",
        "Location": "https://yalltbtestsprim.table.core.windows.net/Tables(\u0027mytable4\u0027)",
        "Server": [
          "Windows-Azure-Table/1.0",
          "Microsoft-HTTPAPI/2.0"
        ],
        "Transfer-Encoding": "chunked",
        "X-Content-Type-Options": "nosniff",
        "x-ms-client-request-id": "4284a764-1b3b-11ec-8724-5cf37093a909",
        "x-ms-request-id": "b62457b0-f002-004b-7748-af8d8e000000",
        "x-ms-version": "2019-02-02"
      },
      "ResponseBody": {
        "odata.metadata": "https://yalltbtestsprim.table.core.windows.net/$metadata#Tables/@Element",
        "TableName": "mytable4"
      }
    },
    {
      "RequestUri": "https://fakeendpoint.table.core.windows.net/Tables?$top=2\u0026$filter=TableName eq %27mytable0%27 or TableName eq %27mytable1%27 or TableName eq %27mytable2%27",
      "RequestMethod": "GET",
      "RequestHeaders": {
        "Accept": "application/json;odata=minimalmetadata",
        "Accept-Encoding": "gzip, deflate",
        "Authorization": "Sanitized",
        "Connection": "keep-alive",
        "DataServiceVersion": "3.0",
        "Date": "Wed, 22 Sep 2021 00:23:07 GMT",
        "User-Agent": "azsdk-python-data-tables/12.1.1 Python/3.9.2 (Windows-10-10.0.19041-SP0)",
        "x-ms-client-request-id": "428f497e-1b3b-11ec-b59d-5cf37093a909",
        "x-ms-date": "Wed, 22 Sep 2021 00:23:07 GMT",
        "x-ms-version": "2019-02-02"
      },
      "RequestBody": null,
      "StatusCode": 200,
      "ResponseHeaders": {
        "Cache-Control": "no-cache",
        "Content-Type": "application/json; odata=minimalmetadata; streaming=true; charset=utf-8",
        "Date": "Wed, 22 Sep 2021 00:23:04 GMT",
        "Server": [
          "Windows-Azure-Table/1.0",
          "Microsoft-HTTPAPI/2.0"
        ],
        "Transfer-Encoding": "chunked",
        "X-Content-Type-Options": "nosniff",
        "x-ms-client-request-id": "428f497e-1b3b-11ec-b59d-5cf37093a909",
        "x-ms-continuation-NextTableName": "1!36!bXl0YWJsZTIBMDFkN2FmNDgwMmVkYzgwYw--",
        "x-ms-request-id": "b62457c7-f002-004b-0d48-af8d8e000000",
        "x-ms-version": "2019-02-02"
      },
      "ResponseBody": {
        "odata.metadata": "https://yalltbtestsprim.table.core.windows.net/$metadata#Tables",
        "value": [
          {
            "TableName": "mytable0"
          },
          {
            "TableName": "mytable1"
          }
        ]
      }
    },
    {
      "RequestUri": "https://fakeendpoint.table.core.windows.net/Tables?$top=2\u0026$filter=TableName eq %27mytable0%27 or TableName eq %27mytable1%27 or TableName eq %27mytable2%27\u0026NextTableName=1%2136%21bXl0YWJsZTIBMDFkN2FmNDgwMmVkYzgwYw--",
      "RequestMethod": "GET",
      "RequestHeaders": {
        "Accept": "application/json;odata=minimalmetadata",
        "Accept-Encoding": "gzip, deflate",
        "Authorization": "Sanitized",
        "Connection": "keep-alive",
        "DataServiceVersion": "3.0",
        "Date": "Wed, 22 Sep 2021 00:23:07 GMT",
        "User-Agent": "azsdk-python-data-tables/12.1.1 Python/3.9.2 (Windows-10-10.0.19041-SP0)",
        "x-ms-client-request-id": "429262f2-1b3b-11ec-a1db-5cf37093a909",
        "x-ms-date": "Wed, 22 Sep 2021 00:23:07 GMT",
        "x-ms-version": "2019-02-02"
      },
      "RequestBody": null,
      "StatusCode": 200,
      "ResponseHeaders": {
        "Cache-Control": "no-cache",
        "Content-Type": "application/json; odata=minimalmetadata; streaming=true; charset=utf-8",
        "Date": "Wed, 22 Sep 2021 00:23:04 GMT",
        "Server": [
          "Windows-Azure-Table/1.0",
          "Microsoft-HTTPAPI/2.0"
        ],
        "Transfer-Encoding": "chunked",
        "X-Content-Type-Options": "nosniff",
        "x-ms-client-request-id": "429262f2-1b3b-11ec-a1db-5cf37093a909",
        "x-ms-request-id": "b62457cc-f002-004b-1248-af8d8e000000",
        "x-ms-version": "2019-02-02"
      },
      "ResponseBody": {
        "odata.metadata": "https://yalltbtestsprim.table.core.windows.net/$metadata#Tables",
        "value": [
          {
            "TableName": "mytable2"
          }
        ]
      }
    },
    {
      "RequestUri": "https://fakeendpoint.table.core.windows.net/Tables",
      "RequestMethod": "GET",
      "RequestHeaders": {
        "Accept": "application/json;odata=minimalmetadata",
        "Accept-Encoding": "gzip, deflate",
        "Authorization": "Sanitized",
        "Connection": "keep-alive",
        "DataServiceVersion": "3.0",
        "Date": "Wed, 22 Sep 2021 00:23:07 GMT",
        "User-Agent": "azsdk-python-data-tables/12.1.1 Python/3.9.2 (Windows-10-10.0.19041-SP0)",
        "x-ms-client-request-id": "42957082-1b3b-11ec-b696-5cf37093a909",
        "x-ms-date": "Wed, 22 Sep 2021 00:23:07 GMT",
        "x-ms-version": "2019-02-02"
      },
      "RequestBody": null,
      "StatusCode": 200,
      "ResponseHeaders": {
        "Cache-Control": "no-cache",
        "Content-Type": "application/json; odata=minimalmetadata; streaming=true; charset=utf-8",
        "Date": "Wed, 22 Sep 2021 00:23:04 GMT",
        "Server": [
          "Windows-Azure-Table/1.0",
          "Microsoft-HTTPAPI/2.0"
        ],
        "Transfer-Encoding": "chunked",
        "X-Content-Type-Options": "nosniff",
        "x-ms-client-request-id": "42957082-1b3b-11ec-b696-5cf37093a909",
        "x-ms-request-id": "b62457d6-f002-004b-1c48-af8d8e000000",
        "x-ms-version": "2019-02-02"
      },
      "ResponseBody": {
        "odata.metadata": "https://yalltbtestsprim.table.core.windows.net/$metadata#Tables",
        "value": [
          {
            "TableName": "mytable0"
          },
          {
            "TableName": "mytable1"
          },
          {
            "TableName": "mytable2"
          },
          {
            "TableName": "mytable3"
          },
          {
            "TableName": "mytable4"
          }
        ]
      }
    },
    {
      "RequestUri": "https://fakeendpoint.table.core.windows.net/Tables(\u0027mytable0\u0027)",
      "RequestMethod": "DELETE",
      "RequestHeaders": {
        "Accept": "application/json",
        "Accept-Encoding": "gzip, deflate",
        "Authorization": "Sanitized",
        "Connection": "keep-alive",
        "Content-Length": "0",
        "Date": "Wed, 22 Sep 2021 00:23:07 GMT",
        "User-Agent": "azsdk-python-data-tables/12.1.1 Python/3.9.2 (Windows-10-10.0.19041-SP0)",
        "x-ms-client-request-id": "42987547-1b3b-11ec-b3a7-5cf37093a909",
        "x-ms-date": "Wed, 22 Sep 2021 00:23:07 GMT",
        "x-ms-version": "2019-02-02"
      },
      "RequestBody": null,
      "StatusCode": 204,
      "ResponseHeaders": {
        "Cache-Control": "no-cache",
        "Content-Length": "0",
        "Date": "Wed, 22 Sep 2021 00:23:04 GMT",
        "Server": [
          "Windows-Azure-Table/1.0",
          "Microsoft-HTTPAPI/2.0"
        ],
        "X-Content-Type-Options": "nosniff",
        "x-ms-client-request-id": "42987547-1b3b-11ec-b3a7-5cf37093a909",
        "x-ms-request-id": "b62457de-f002-004b-2448-af8d8e000000",
        "x-ms-version": "2019-02-02"
      },
      "ResponseBody": null
    },
    {
      "RequestUri": "https://fakeendpoint.table.core.windows.net/Tables(\u0027mytable1\u0027)",
      "RequestMethod": "DELETE",
      "RequestHeaders": {
        "Accept": "application/json",
        "Accept-Encoding": "gzip, deflate",
        "Authorization": "Sanitized",
        "Connection": "keep-alive",
        "Content-Length": "0",
        "Date": "Wed, 22 Sep 2021 00:23:07 GMT",
        "User-Agent": "azsdk-python-data-tables/12.1.1 Python/3.9.2 (Windows-10-10.0.19041-SP0)",
        "x-ms-client-request-id": "429c42ac-1b3b-11ec-9157-5cf37093a909",
        "x-ms-date": "Wed, 22 Sep 2021 00:23:07 GMT",
        "x-ms-version": "2019-02-02"
      },
      "RequestBody": null,
      "StatusCode": 204,
      "ResponseHeaders": {
        "Cache-Control": "no-cache",
        "Content-Length": "0",
        "Date": "Wed, 22 Sep 2021 00:23:04 GMT",
        "Server": [
          "Windows-Azure-Table/1.0",
          "Microsoft-HTTPAPI/2.0"
        ],
        "X-Content-Type-Options": "nosniff",
        "x-ms-client-request-id": "429c42ac-1b3b-11ec-9157-5cf37093a909",
        "x-ms-request-id": "b62457ec-f002-004b-3248-af8d8e000000",
        "x-ms-version": "2019-02-02"
      },
      "ResponseBody": null
    },
    {
      "RequestUri": "https://fakeendpoint.table.core.windows.net/Tables(\u0027mytable2\u0027)",
      "RequestMethod": "DELETE",
      "RequestHeaders": {
        "Accept": "application/json",
        "Accept-Encoding": "gzip, deflate",
        "Authorization": "Sanitized",
        "Connection": "keep-alive",
        "Content-Length": "0",
        "Date": "Wed, 22 Sep 2021 00:23:07 GMT",
        "User-Agent": "azsdk-python-data-tables/12.1.1 Python/3.9.2 (Windows-10-10.0.19041-SP0)",
        "x-ms-client-request-id": "42a02f3d-1b3b-11ec-8526-5cf37093a909",
        "x-ms-date": "Wed, 22 Sep 2021 00:23:07 GMT",
        "x-ms-version": "2019-02-02"
      },
      "RequestBody": null,
      "StatusCode": 204,
      "ResponseHeaders": {
        "Cache-Control": "no-cache",
        "Content-Length": "0",
        "Date": "Wed, 22 Sep 2021 00:23:04 GMT",
        "Server": [
          "Windows-Azure-Table/1.0",
          "Microsoft-HTTPAPI/2.0"
        ],
        "X-Content-Type-Options": "nosniff",
        "x-ms-client-request-id": "42a02f3d-1b3b-11ec-8526-5cf37093a909",
        "x-ms-request-id": "b62457f9-f002-004b-3f48-af8d8e000000",
        "x-ms-version": "2019-02-02"
      },
      "ResponseBody": null
    },
    {
      "RequestUri": "https://fakeendpoint.table.core.windows.net/Tables(\u0027mytable3\u0027)",
      "RequestMethod": "DELETE",
      "RequestHeaders": {
        "Accept": "application/json",
        "Accept-Encoding": "gzip, deflate",
        "Authorization": "Sanitized",
        "Connection": "keep-alive",
        "Content-Length": "0",
        "Date": "Wed, 22 Sep 2021 00:23:07 GMT",
        "User-Agent": "azsdk-python-data-tables/12.1.1 Python/3.9.2 (Windows-10-10.0.19041-SP0)",
        "x-ms-client-request-id": "42a4433b-1b3b-11ec-ac8f-5cf37093a909",
        "x-ms-date": "Wed, 22 Sep 2021 00:23:07 GMT",
        "x-ms-version": "2019-02-02"
      },
      "RequestBody": null,
      "StatusCode": 204,
      "ResponseHeaders": {
        "Cache-Control": "no-cache",
        "Content-Length": "0",
        "Date": "Wed, 22 Sep 2021 00:23:04 GMT",
        "Server": [
          "Windows-Azure-Table/1.0",
          "Microsoft-HTTPAPI/2.0"
        ],
        "X-Content-Type-Options": "nosniff",
        "x-ms-client-request-id": "42a4433b-1b3b-11ec-ac8f-5cf37093a909",
        "x-ms-request-id": "b6245806-f002-004b-4b48-af8d8e000000",
        "x-ms-version": "2019-02-02"
      },
      "ResponseBody": null
    },
    {
      "RequestUri": "https://fakeendpoint.table.core.windows.net/Tables(\u0027mytable4\u0027)",
      "RequestMethod": "DELETE",
      "RequestHeaders": {
        "Accept": "application/json",
        "Accept-Encoding": "gzip, deflate",
        "Authorization": "Sanitized",
        "Connection": "keep-alive",
        "Content-Length": "0",
        "Date": "Wed, 22 Sep 2021 00:23:07 GMT",
        "User-Agent": "azsdk-python-data-tables/12.1.1 Python/3.9.2 (Windows-10-10.0.19041-SP0)",
        "x-ms-client-request-id": "42a7d2a0-1b3b-11ec-9282-5cf37093a909",
        "x-ms-date": "Wed, 22 Sep 2021 00:23:07 GMT",
        "x-ms-version": "2019-02-02"
      },
      "RequestBody": null,
      "StatusCode": 204,
      "ResponseHeaders": {
        "Cache-Control": "no-cache",
        "Content-Length": "0",
        "Date": "Wed, 22 Sep 2021 00:23:04 GMT",
        "Server": [
          "Windows-Azure-Table/1.0",
          "Microsoft-HTTPAPI/2.0"
        ],
        "X-Content-Type-Options": "nosniff",
        "x-ms-client-request-id": "42a7d2a0-1b3b-11ec-9282-5cf37093a909",
        "x-ms-request-id": "b6245813-f002-004b-5748-af8d8e000000",
        "x-ms-version": "2019-02-02"
      },
      "ResponseBody": null
    }
  ],
  "Variables": {}
}
