{
  "Entries": [
    {
      "RequestUri": "https://fakeendpoint.table.cosmos.azure.com/Tables",
      "RequestMethod": "POST",
      "RequestHeaders": {
        "Accept": "application/json;odata=minimalmetadata",
        "Accept-Encoding": "gzip, deflate",
        "Authorization": "Sanitized",
        "Content-Length": "37",
        "Content-Type": "application/json;odata=nometadata",
        "DataServiceVersion": "3.0",
        "Date": "Tue, 22 Mar 2022 15:28:59 GMT",
        "User-Agent": "azsdk-python-data-tables/12.2.1 Python/3.9.2 (Windows-10-10.0.22000-SP0)",
        "x-ms-client-request-id": "cba9d954-a9f4-11ec-bfaa-5cf37093a909",
        "x-ms-date": "Tue, 22 Mar 2022 15:28:59 GMT",
        "x-ms-version": "2019-02-02"
      },
      "RequestBody": {
        "TableName": "mytableasync92b32f9d"
      },
      "StatusCode": 201,
      "ResponseHeaders": {
        "Content-Type": "application/json; odata=minimalmetadata",
        "Date": "Tue, 22 Mar 2022 15:28:58 GMT",
        "ETag": "W/\u0022datetime\u00272022-03-22T15%3A28%3A59.2598024Z\u0027\u0022",
        "Location": "https://fakeendpoint.table.cosmos.azure.com/Tables(\u0027mytableasync92b32f9d\u0027)",
        "Transfer-Encoding": "chunked",
        "x-ms-request-id": "b4bd616c-e90b-46a8-9f54-bc3dead296ed"
      },
      "ResponseBody": {
        "TableName": "mytableasync92b32f9d",
        "odata.metadata": "https://fakeendpoint.table.cosmos.azure.com/$metadata#Tables/@Element"
      }
    },
    {
      "RequestUri": "https://fakeendpoint.table.cosmos.azure.com/Tables",
      "RequestMethod": "POST",
      "RequestHeaders": {
        "Accept": "application/json;odata=minimalmetadata",
        "Accept-Encoding": "gzip, deflate",
        "Authorization": "Sanitized",
        "Content-Length": "37",
        "Content-Type": "application/json;odata=nometadata",
        "DataServiceVersion": "3.0",
        "Date": "Tue, 22 Mar 2022 15:29:00 GMT",
        "User-Agent": "azsdk-python-data-tables/12.2.1 Python/3.9.2 (Windows-10-10.0.22000-SP0)",
        "x-ms-client-request-id": "cc1649db-a9f4-11ec-8a93-5cf37093a909",
        "x-ms-date": "Tue, 22 Mar 2022 15:29:00 GMT",
        "x-ms-version": "2019-02-02"
      },
      "RequestBody": {
        "TableName": "mytableasync92b32f9d"
      },
      "StatusCode": 409,
      "ResponseHeaders": {
        "Content-Type": "application/json; odata=minimalmetadata",
        "Date": "Tue, 22 Mar 2022 15:28:58 GMT",
        "Transfer-Encoding": "chunked",
        "x-ms-request-id": "12bab534-08cd-4ea2-954f-d5ff7ca0ed2f"
      },
      "ResponseBody": {
        "odata.error": {
          "code": "TableAlreadyExists",
          "message": {
            "lang": "en-us",
            "value": "The specified table already exists.\nRequestID:12bab534-08cd-4ea2-954f-d5ff7ca0ed2f\n"
          }
        }
      }
    },
    {
      "RequestUri": "https://fakeendpoint.table.cosmos.azure.com/Tables(\u0027mytableasync92b32f9d\u0027)",
      "RequestMethod": "DELETE",
      "RequestHeaders": {
        "Accept": "application/json",
        "Accept-Encoding": "gzip, deflate",
        "Authorization": "Sanitized",
        "Content-Length": "0",
        "Date": "Tue, 22 Mar 2022 15:29:00 GMT",
        "User-Agent": "azsdk-python-data-tables/12.2.1 Python/3.9.2 (Windows-10-10.0.22000-SP0)",
        "x-ms-client-request-id": "cc1feaf0-a9f4-11ec-87fc-5cf37093a909",
        "x-ms-date": "Tue, 22 Mar 2022 15:29:00 GMT",
        "x-ms-version": "2019-02-02"
      },
      "RequestBody": null,
      "StatusCode": 204,
      "ResponseHeaders": {
        "Content-Type": "application/json",
        "Date": "Tue, 22 Mar 2022 15:28:59 GMT",
        "x-ms-request-id": "5d6df1d1-09fb-4afb-8282-853283221695"
      },
      "ResponseBody": null
    }
  ],
  "Variables": {}
}
