{
  "Entries": [
    {
      "RequestUri": "https://yalltbtestsprim.table.cosmos.azure.com/Tables",
      "RequestMethod": "POST",
      "RequestHeaders": {
        "Accept": "application/json;odata=minimalmetadata",
        "Accept-Encoding": "gzip, deflate",
        "Authorization": "Sanitized",
        "Connection": "keep-alive",
        "Content-Length": "31",
        "Content-Type": "application/json;odata=nometadata",
        "DataServiceVersion": "3.0",
        "Date": "Thu, 16 Sep 2021 23:43:17 GMT",
        "User-Agent": "azsdk-python-data-tables/12.1.1 Python/3.9.2 (Windows-10-10.0.19041-SP0)",
        "x-ms-client-request-id": "de1e8ab3-1747-11ec-9967-5cf37093a909",
        "x-ms-date": "Thu, 16 Sep 2021 23:43:17 GMT",
        "x-ms-version": "2019-02-02"
      },
      "RequestBody": "{\u0022TableName\u0022: \u0022uttable81530d3\u0022}",
      "StatusCode": 201,
      "ResponseHeaders": {
        "Content-Type": "application/json; odata=minimalmetadata",
        "Date": "Thu, 16 Sep 2021 23:43:16 GMT",
        "ETag": "W/\u0022datetime\u00272021-09-16T23%3A43%3A16.7397896Z\u0027\u0022",
        "Location": "https://yalltbtestsprim.table.cosmos.azure.com/Tables(\u0027uttable81530d3\u0027)",
        "Transfer-Encoding": "chunked",
        "x-ms-request-id": "8fb85c3a-8638-4221-90c5-a471aa2c6e69"
      },
      "ResponseBody": {
        "TableName": "uttable81530d3",
        "odata.metadata": "https://yalltbtestsprim.table.cosmos.azure.com/$metadata#Tables/@Element"
      }
    },
    {
      "RequestUri": "https://yalltbtestsprim.table.cosmos.azure.com/Tables",
      "RequestMethod": "POST",
      "RequestHeaders": {
        "Accept": "application/json;odata=minimalmetadata",
        "Accept-Encoding": "gzip, deflate",
        "Authorization": "Sanitized",
        "Connection": "keep-alive",
        "Content-Length": "34",
        "Content-Type": "application/json;odata=nometadata",
        "DataServiceVersion": "3.0",
        "Date": "Thu, 16 Sep 2021 23:43:18 GMT",
        "User-Agent": "azsdk-python-data-tables/12.1.1 Python/3.9.2 (Windows-10-10.0.19041-SP0)",
        "x-ms-client-request-id": "de7ff701-1747-11ec-af11-5cf37093a909",
        "x-ms-date": "Thu, 16 Sep 2021 23:43:18 GMT",
        "x-ms-version": "2019-02-02"
      },
      "RequestBody": "{\u0022TableName\u0022: \u0022querytable81530d3\u0022}",
      "StatusCode": 201,
      "ResponseHeaders": {
        "Content-Type": "application/json; odata=minimalmetadata",
        "Date": "Thu, 16 Sep 2021 23:43:16 GMT",
        "ETag": "W/\u0022datetime\u00272021-09-16T23%3A43%3A17.3225480Z\u0027\u0022",
        "Location": "https://yalltbtestsprim.table.cosmos.azure.com/Tables(\u0027querytable81530d3\u0027)",
        "Transfer-Encoding": "chunked",
        "x-ms-request-id": "010bc376-3bab-4a5b-9478-7457bc9b855a"
      },
      "ResponseBody": {
        "TableName": "querytable81530d3",
        "odata.metadata": "https://yalltbtestsprim.table.cosmos.azure.com/$metadata#Tables/@Element"
      }
    },
    {
      "RequestUri": "https://yalltbtestsprim.table.cosmos.azure.com/querytable81530d3",
      "RequestMethod": "POST",
      "RequestHeaders": {
        "Accept": "application/json;odata=minimalmetadata",
        "Accept-Encoding": "gzip, deflate",
        "Authorization": "Sanitized",
        "Connection": "keep-alive",
        "Content-Length": "710",
        "Content-Type": "application/json;odata=nometadata",
        "DataServiceVersion": "3.0",
        "Date": "Thu, 16 Sep 2021 23:43:19 GMT",
        "User-Agent": "azsdk-python-data-tables/12.1.1 Python/3.9.2 (Windows-10-10.0.19041-SP0)",
        "x-ms-client-request-id": "ded8c9a7-1747-11ec-8aa4-5cf37093a909",
        "x-ms-date": "Thu, 16 Sep 2021 23:43:19 GMT",
        "x-ms-version": "2019-02-02"
      },
      "RequestBody": "{\u0022PartitionKey\u0022: \u0022pk81530d3\u0022, \u0022PartitionKey@odata.type\u0022: \u0022Edm.String\u0022, \u0022RowKey\u0022: \u0022rk81530d31\u0022, \u0022RowKey@odata.type\u0022: \u0022Edm.String\u0022, \u0022age\u0022: 39, \u0022sex\u0022: \u0022male\u0022, \u0022sex@odata.type\u0022: \u0022Edm.String\u0022, \u0022married\u0022: true, \u0022deceased\u0022: false, \u0022ratio\u0022: 3.1, \u0022ratio@odata.type\u0022: \u0022Edm.Double\u0022, \u0022evenratio\u0022: 3.0, \u0022evenratio@odata.type\u0022: \u0022Edm.Double\u0022, \u0022double\u0022: 5, \u0022double@odata.type\u0022: \u0022Edm.Double\u0022, \u0022large\u0022: 933311100, \u0022Birthday\u0022: \u00221973-10-04T00:00:00.000000Z\u0022, \u0022Birthday@odata.type\u0022: \u0022Edm.DateTime\u0022, \u0022birthday\u0022: \u00221970-10-04T00:00:00.000000Z\u0022, \u0022birthday@odata.type\u0022: \u0022Edm.DateTime\u0022, \u0022binary\u0022: \u0022YmluYXJ5\u0022, \u0022binary@odata.type\u0022: \u0022Edm.Binary\u0022, \u0022other\u0022: 20, \u0022clsid\u0022: \u0022c9da6455-213d-42c9-9a79-3e9149a57833\u0022, \u0022clsid@odata.type\u0022: \u0022Edm.Guid\u0022}",
      "StatusCode": 201,
      "ResponseHeaders": {
        "Content-Type": "application/json; odata=minimalmetadata",
        "Date": "Thu, 16 Sep 2021 23:43:16 GMT",
        "ETag": "W/\u0022datetime\u00272021-09-16T23%3A43%3A17.7578504Z\u0027\u0022",
        "Location": "https://yalltbtestsprim.table.cosmos.azure.com/querytable81530d3(PartitionKey=\u0027pk81530d3\u0027,RowKey=\u0027rk81530d31\u0027)",
        "Transfer-Encoding": "chunked",
        "x-ms-request-id": "9da9d139-2395-4568-a14a-bd4b0e70d720"
      },
      "ResponseBody": {
        "odata.metadata": "https://yalltbtestsprim.table.cosmos.azure.com/querytable81530d3/$metadata#querytable81530d3/@Element",
        "odata.etag": "W/\u0022datetime\u00272021-09-16T23%3A43%3A17.7578504Z\u0027\u0022",
        "PartitionKey": "pk81530d3",
        "RowKey": "rk81530d31",
        "age": 39,
        "sex": "male",
        "married": true,
        "deceased": false,
        "ratio": 3.1,
        "evenratio": 3.0,
        "double": 5.0,
        "large": 933311100,
        "Birthday@odata.type": "Edm.DateTime",
        "Birthday": "1973-10-04T00:00:00.0000000Z",
        "birthday@odata.type": "Edm.DateTime",
        "birthday": "1970-10-04T00:00:00.0000000Z",
        "binary@odata.type": "Edm.Binary",
        "binary": "YmluYXJ5",
        "other": 20,
        "clsid@odata.type": "Edm.Guid",
        "clsid": "c9da6455-213d-42c9-9a79-3e9149a57833",
        "Timestamp": "2021-09-16T23:43:17.7578504Z"
      }
    },
    {
      "RequestUri": "https://yalltbtestsprim.table.cosmos.azure.com/querytable81530d3",
      "RequestMethod": "POST",
      "RequestHeaders": {
        "Accept": "application/json;odata=minimalmetadata",
        "Accept-Encoding": "gzip, deflate",
        "Authorization": "Sanitized",
        "Connection": "keep-alive",
        "Content-Length": "711",
        "Content-Type": "application/json;odata=nometadata",
        "DataServiceVersion": "3.0",
        "Date": "Thu, 16 Sep 2021 23:43:19 GMT",
        "User-Agent": "azsdk-python-data-tables/12.1.1 Python/3.9.2 (Windows-10-10.0.19041-SP0)",
        "x-ms-client-request-id": "dee026df-1747-11ec-a3a1-5cf37093a909",
        "x-ms-date": "Thu, 16 Sep 2021 23:43:19 GMT",
        "x-ms-version": "2019-02-02"
      },
      "RequestBody": "{\u0022PartitionKey\u0022: \u0022pk81530d3\u0022, \u0022PartitionKey@odata.type\u0022: \u0022Edm.String\u0022, \u0022RowKey\u0022: \u0022rk81530d312\u0022, \u0022RowKey@odata.type\u0022: \u0022Edm.String\u0022, \u0022age\u0022: 39, \u0022sex\u0022: \u0022male\u0022, \u0022sex@odata.type\u0022: \u0022Edm.String\u0022, \u0022married\u0022: true, \u0022deceased\u0022: false, \u0022ratio\u0022: 3.1, \u0022ratio@odata.type\u0022: \u0022Edm.Double\u0022, \u0022evenratio\u0022: 3.0, \u0022evenratio@odata.type\u0022: \u0022Edm.Double\u0022, \u0022double\u0022: 5, \u0022double@odata.type\u0022: \u0022Edm.Double\u0022, \u0022large\u0022: 933311100, \u0022Birthday\u0022: \u00221973-10-04T00:00:00.000000Z\u0022, \u0022Birthday@odata.type\u0022: \u0022Edm.DateTime\u0022, \u0022birthday\u0022: \u00221970-10-04T00:00:00.000000Z\u0022, \u0022birthday@odata.type\u0022: \u0022Edm.DateTime\u0022, \u0022binary\u0022: \u0022YmluYXJ5\u0022, \u0022binary@odata.type\u0022: \u0022Edm.Binary\u0022, \u0022other\u0022: 20, \u0022clsid\u0022: \u0022c9da6455-213d-42c9-9a79-3e9149a57833\u0022, \u0022clsid@odata.type\u0022: \u0022Edm.Guid\u0022}",
      "StatusCode": 201,
      "ResponseHeaders": {
        "Content-Type": "application/json; odata=minimalmetadata",
        "Date": "Thu, 16 Sep 2021 23:43:17 GMT",
        "ETag": "W/\u0022datetime\u00272021-09-16T23%3A43%3A17.7827336Z\u0027\u0022",
        "Location": "https://yalltbtestsprim.table.cosmos.azure.com/querytable81530d3(PartitionKey=\u0027pk81530d3\u0027,RowKey=\u0027rk81530d312\u0027)",
        "Transfer-Encoding": "chunked",
        "x-ms-request-id": "d50c16cd-5fdf-4e56-8bf7-10c32e239422"
      },
      "ResponseBody": {
        "odata.metadata": "https://yalltbtestsprim.table.cosmos.azure.com/querytable81530d3/$metadata#querytable81530d3/@Element",
        "odata.etag": "W/\u0022datetime\u00272021-09-16T23%3A43%3A17.7827336Z\u0027\u0022",
        "PartitionKey": "pk81530d3",
        "RowKey": "rk81530d312",
        "age": 39,
        "sex": "male",
        "married": true,
        "deceased": false,
        "ratio": 3.1,
        "evenratio": 3.0,
        "double": 5.0,
        "large": 933311100,
        "Birthday@odata.type": "Edm.DateTime",
        "Birthday": "1973-10-04T00:00:00.0000000Z",
        "birthday@odata.type": "Edm.DateTime",
        "birthday": "1970-10-04T00:00:00.0000000Z",
        "binary@odata.type": "Edm.Binary",
        "binary": "YmluYXJ5",
        "other": 20,
        "clsid@odata.type": "Edm.Guid",
        "clsid": "c9da6455-213d-42c9-9a79-3e9149a57833",
        "Timestamp": "2021-09-16T23:43:17.7827336Z"
      }
    },
    {
      "RequestUri": "https://yalltbtestsprim.table.cosmos.azure.com/querytable81530d3()",
      "RequestMethod": "GET",
      "RequestHeaders": {
        "Accept": "application/json;odata=nometadata",
        "Accept-Encoding": "gzip, deflate",
        "Authorization": "Sanitized",
        "Connection": "keep-alive",
        "DataServiceVersion": "3.0",
        "Date": "Thu, 16 Sep 2021 23:43:19 GMT",
        "User-Agent": "azsdk-python-data-tables/12.1.1 Python/3.9.2 (Windows-10-10.0.19041-SP0)",
        "x-ms-client-request-id": "dee3e2ef-1747-11ec-af5e-5cf37093a909",
        "x-ms-date": "Thu, 16 Sep 2021 23:43:19 GMT",
        "x-ms-version": "2019-02-02"
      },
      "RequestBody": null,
      "StatusCode": 200,
      "ResponseHeaders": {
        "Content-Type": "application/json; odata=nometadata",
        "Date": "Thu, 16 Sep 2021 23:43:17 GMT",
        "Transfer-Encoding": "chunked",
        "x-ms-request-id": "27d6ad94-657b-4e6b-98bd-f90f1fa1fea0"
      },
      "ResponseBody": {
        "value": [
          {
            "PartitionKey": "pk81530d3",
            "RowKey": "rk81530d31",
            "age": 39,
            "sex": "male",
            "married": true,
            "deceased": false,
            "ratio": 3.1,
            "evenratio": 3.0,
            "double": 5.0,
            "large": 933311100,
            "Birthday": "1973-10-04T00:00:00.0000000Z",
            "birthday": "1970-10-04T00:00:00.0000000Z",
            "binary": "YmluYXJ5",
            "other": 20,
            "clsid": "c9da6455-213d-42c9-9a79-3e9149a57833",
            "Timestamp": "2021-09-16T23:43:17.7578504Z"
          },
          {
            "PartitionKey": "pk81530d3",
            "RowKey": "rk81530d312",
            "age": 39,
            "sex": "male",
            "married": true,
            "deceased": false,
            "ratio": 3.1,
            "evenratio": 3.0,
            "double": 5.0,
            "large": 933311100,
            "Birthday": "1973-10-04T00:00:00.0000000Z",
            "birthday": "1970-10-04T00:00:00.0000000Z",
            "binary": "YmluYXJ5",
            "other": 20,
            "clsid": "c9da6455-213d-42c9-9a79-3e9149a57833",
            "Timestamp": "2021-09-16T23:43:17.7827336Z"
          }
        ]
      }
    },
    {
      "RequestUri": "https://yalltbtestsprim.table.cosmos.azure.com/Tables",
      "RequestMethod": "GET",
      "RequestHeaders": {
        "Accept": "application/json;odata=minimalmetadata",
        "Accept-Encoding": "gzip, deflate",
        "Authorization": "Sanitized",
        "Connection": "keep-alive",
        "DataServiceVersion": "3.0",
        "Date": "Thu, 16 Sep 2021 23:43:19 GMT",
        "User-Agent": "azsdk-python-data-tables/12.1.1 Python/3.9.2 (Windows-10-10.0.19041-SP0)",
        "x-ms-client-request-id": "dee6ef00-1747-11ec-826a-5cf37093a909",
        "x-ms-date": "Thu, 16 Sep 2021 23:43:19 GMT",
        "x-ms-version": "2019-02-02"
      },
      "RequestBody": null,
      "StatusCode": 200,
      "ResponseHeaders": {
        "Content-Type": "application/json; odata=minimalmetadata",
        "Date": "Thu, 16 Sep 2021 23:43:17 GMT",
        "Transfer-Encoding": "chunked",
        "x-ms-request-id": "680fc2f0-fa73-4a6a-97e0-b8edf25eb8e0"
      },
      "ResponseBody": {
        "value": [
          {
            "TableName": "uttable81530d3"
          },
          {
            "TableName": "querytable81530d3"
          }
        ],
        "odata.metadata": "https://yalltbtestsprim.table.cosmos.azure.com/$metadata#Tables"
      }
    },
    {
      "RequestUri": "https://yalltbtestsprim.table.cosmos.azure.com/Tables(\u0027uttable81530d3\u0027)",
      "RequestMethod": "DELETE",
      "RequestHeaders": {
        "Accept": "application/json",
        "Accept-Encoding": "gzip, deflate",
        "Authorization": "Sanitized",
        "Connection": "keep-alive",
        "Content-Length": "0",
        "Date": "Thu, 16 Sep 2021 23:43:19 GMT",
        "User-Agent": "azsdk-python-data-tables/12.1.1 Python/3.9.2 (Windows-10-10.0.19041-SP0)",
        "x-ms-client-request-id": "deeb26ae-1747-11ec-a38a-5cf37093a909",
        "x-ms-date": "Thu, 16 Sep 2021 23:43:19 GMT",
        "x-ms-version": "2019-02-02"
      },
      "RequestBody": null,
      "StatusCode": 204,
      "ResponseHeaders": {
        "Date": "Thu, 16 Sep 2021 23:43:17 GMT",
        "x-ms-request-id": "e7337041-24d0-45d6-bdc8-df835b6e6b22"
      },
      "ResponseBody": null
    },
    {
      "RequestUri": "https://yalltbtestsprim.table.cosmos.azure.com/Tables(\u0027querytable81530d3\u0027)",
      "RequestMethod": "DELETE",
      "RequestHeaders": {
        "Accept": "application/json",
        "Accept-Encoding": "gzip, deflate",
        "Authorization": "Sanitized",
        "Connection": "keep-alive",
        "Content-Length": "0",
        "Date": "Thu, 16 Sep 2021 23:43:19 GMT",
        "User-Agent": "azsdk-python-data-tables/12.1.1 Python/3.9.2 (Windows-10-10.0.19041-SP0)",
        "x-ms-client-request-id": "df100444-1747-11ec-b890-5cf37093a909",
        "x-ms-date": "Thu, 16 Sep 2021 23:43:19 GMT",
        "x-ms-version": "2019-02-02"
      },
      "RequestBody": null,
      "StatusCode": 204,
      "ResponseHeaders": {
        "Date": "Thu, 16 Sep 2021 23:43:17 GMT",
        "x-ms-request-id": "0b2f3196-e7e7-4c11-8148-36076cad3978"
      },
      "ResponseBody": null
    }
  ],
  "Variables": {}
}