{
  "Entries": [
    {
      "RequestUri": "https://yalltbtestsprim.table.core.windows.net/Tables",
      "RequestMethod": "POST",
      "RequestHeaders": {
        "Accept": "application/json;odata=minimalmetadata",
        "Accept-Encoding": "gzip, deflate",
        "Authorization": "Sanitized",
        "Content-Length": "32",
        "Content-Type": "application/json;odata=nometadata",
        "DataServiceVersion": "3.0",
        "Date": "Mon, 20 Sep 2021 22:03:47 GMT",
        "User-Agent": "azsdk-python-data-tables/12.1.1 Python/3.9.2 (Windows-10-10.0.19041-SP0)",
        "x-ms-client-request-id": "a0e9bc54-1a5e-11ec-9c91-5cf37093a909",
        "x-ms-date": "Mon, 20 Sep 2021 22:03:47 GMT",
        "x-ms-version": "2019-02-02"
      },
      "RequestBody": "{\u0022TableName\u0022: \u0022uttable37003162\u0022}",
      "StatusCode": 201,
      "ResponseHeaders": {
        "Cache-Control": "no-cache",
        "Content-Type": "application/json; odata=minimalmetadata; streaming=true; charset=utf-8",
        "Date": "Mon, 20 Sep 2021 22:03:46 GMT",
        "Location": "https://yalltbtestsprim.table.core.windows.net/Tables(\u0027uttable37003162\u0027)",
        "Server": [
          "Windows-Azure-Table/1.0",
          "Microsoft-HTTPAPI/2.0"
        ],
        "Transfer-Encoding": "chunked",
        "X-Content-Type-Options": "nosniff",
        "x-ms-client-request-id": "a0e9bc54-1a5e-11ec-9c91-5cf37093a909",
        "x-ms-request-id": "41382b29-2002-004e-176b-ae8313000000",
        "x-ms-version": "2019-02-02"
      },
      "ResponseBody": {
        "odata.metadata": "https://yalltbtestsprim.table.core.windows.net/$metadata#Tables/@Element",
        "TableName": "uttable37003162"
      }
    },
    {
      "RequestUri": "https://yalltbtestsprim.table.core.windows.net/uttable37003162",
      "RequestMethod": "POST",
      "RequestHeaders": {
        "Accept": "application/json;odata=minimalmetadata",
        "Accept-Encoding": "gzip, deflate",
        "Authorization": "Sanitized",
        "Content-Length": "112",
        "Content-Type": "application/json;odata=nometadata",
        "DataServiceVersion": "3.0",
        "Date": "Mon, 20 Sep 2021 22:03:47 GMT",
        "User-Agent": "azsdk-python-data-tables/12.1.1 Python/3.9.2 (Windows-10-10.0.19041-SP0)",
        "x-ms-client-request-id": "a0ee8a12-1a5e-11ec-9d1d-5cf37093a909",
        "x-ms-date": "Mon, 20 Sep 2021 22:03:47 GMT",
        "x-ms-version": "2019-02-02"
      },
      "RequestBody": "{\u0022PartitionKey\u0022: \u0022pk\u0022, \u0022PartitionKey@odata.type\u0022: \u0022Edm.String\u0022, \u0022RowKey\u0022: \u0022\u0022, \u0022RowKey@odata.type\u0022: \u0022Edm.String\u0022}",
      "StatusCode": 201,
      "ResponseHeaders": {
        "Cache-Control": "no-cache",
        "Content-Type": "application/json; odata=minimalmetadata; streaming=true; charset=utf-8",
        "Date": "Mon, 20 Sep 2021 22:03:46 GMT",
        "ETag": "W/\u0022datetime\u00272021-09-20T22%3A03%3A47.0328031Z\u0027\u0022",
        "Location": "https://yalltbtestsprim.table.core.windows.net/uttable37003162(PartitionKey=\u0027pk\u0027,RowKey=\u0027\u0027)",
        "Server": [
          "Windows-Azure-Table/1.0",
          "Microsoft-HTTPAPI/2.0"
        ],
        "Transfer-Encoding": "chunked",
        "X-Content-Type-Options": "nosniff",
        "x-ms-client-request-id": "a0ee8a12-1a5e-11ec-9d1d-5cf37093a909",
        "x-ms-request-id": "41382b2c-2002-004e-196b-ae8313000000",
        "x-ms-version": "2019-02-02"
      },
      "ResponseBody": {
        "odata.metadata": "https://yalltbtestsprim.table.core.windows.net/$metadata#uttable37003162/@Element",
        "odata.etag": "W/\u0022datetime\u00272021-09-20T22%3A03%3A47.0328031Z\u0027\u0022",
        "PartitionKey": "pk",
        "RowKey": "",
        "Timestamp": "2021-09-20T22:03:47.0328031Z"
      }
    },
    {
      "RequestUri": "https://yalltbtestsprim.table.core.windows.net/Tables",
      "RequestMethod": "GET",
      "RequestHeaders": {
        "Accept": "application/json;odata=minimalmetadata",
        "Accept-Encoding": "gzip, deflate",
        "Authorization": "Sanitized",
        "DataServiceVersion": "3.0",
        "Date": "Mon, 20 Sep 2021 22:03:47 GMT",
        "User-Agent": "azsdk-python-data-tables/12.1.1 Python/3.9.2 (Windows-10-10.0.19041-SP0)",
        "x-ms-client-request-id": "a0f28225-1a5e-11ec-bfcf-5cf37093a909",
        "x-ms-date": "Mon, 20 Sep 2021 22:03:47 GMT",
        "x-ms-version": "2019-02-02"
      },
      "RequestBody": null,
      "StatusCode": 200,
      "ResponseHeaders": {
        "Cache-Control": "no-cache",
        "Content-Type": "application/json; odata=minimalmetadata; streaming=true; charset=utf-8",
        "Date": "Mon, 20 Sep 2021 22:03:46 GMT",
        "Server": [
          "Windows-Azure-Table/1.0",
          "Microsoft-HTTPAPI/2.0"
        ],
        "Transfer-Encoding": "chunked",
        "Vary": "Origin",
        "X-Content-Type-Options": "nosniff",
        "x-ms-client-request-id": "a0f28225-1a5e-11ec-bfcf-5cf37093a909",
        "x-ms-request-id": "41382b2e-2002-004e-1b6b-ae8313000000",
        "x-ms-version": "2019-02-02"
      },
      "ResponseBody": {
        "odata.metadata": "https://yalltbtestsprim.table.core.windows.net/$metadata#Tables",
        "value": [
          {
            "TableName": "uttable37003162"
          }
        ]
      }
    },
    {
      "RequestUri": "https://yalltbtestsprim.table.core.windows.net/Tables(\u0027uttable37003162\u0027)",
      "RequestMethod": "DELETE",
      "RequestHeaders": {
        "Accept": "application/json",
        "Accept-Encoding": "gzip, deflate",
        "Authorization": "Sanitized",
        "Content-Length": "0",
        "Date": "Mon, 20 Sep 2021 22:03:47 GMT",
        "User-Agent": "azsdk-python-data-tables/12.1.1 Python/3.9.2 (Windows-10-10.0.19041-SP0)",
        "x-ms-client-request-id": "a0f54d4e-1a5e-11ec-b4c2-5cf37093a909",
        "x-ms-date": "Mon, 20 Sep 2021 22:03:47 GMT",
        "x-ms-version": "2019-02-02"
      },
      "RequestBody": null,
      "StatusCode": 204,
      "ResponseHeaders": {
        "Cache-Control": "no-cache",
        "Content-Length": "0",
        "Date": "Mon, 20 Sep 2021 22:03:46 GMT",
        "Server": [
          "Windows-Azure-Table/1.0",
          "Microsoft-HTTPAPI/2.0"
        ],
        "X-Content-Type-Options": "nosniff",
        "x-ms-client-request-id": "a0f54d4e-1a5e-11ec-b4c2-5cf37093a909",
        "x-ms-request-id": "41382b31-2002-004e-1e6b-ae8313000000",
        "x-ms-version": "2019-02-02"
      },
      "ResponseBody": null
    }
  ],
  "Variables": {}
}
