{
  "Entries": [
    {
      "RequestUri": "https://login.microsoftonline.com/72f988bf-86f1-41af-91ab-2d7cd011db47/oauth2/v2.0/token",
      "RequestMethod": "POST",
      "RequestHeaders": {
        "Accept": "*/*",
        "Accept-Encoding": "gzip, deflate",
        "Content-Length": "176",
        "Content-Type": "application/x-www-form-urlencoded",
        "User-Agent": "azsdk-python-identity/1.6.1 Python/3.9.2 (Windows-10-10.0.19041-SP0)"
      },
      "RequestBody": "client_id=7487dade-412c-4c06-82b8-cf7366baab60\u0026client_secret=61a2f52b-e9c8-4512-9864-4e10d20f2d00\u0026grant_type=client_credentials\u0026scope=https%3A%2F%2Fstorage.azure.com%2F.default",
      "StatusCode": 200,
      "ResponseHeaders": {
        "Cache-Control": "no-store, no-cache",
        "Content-Length": "1318",
        "Content-Type": "application/json; charset=utf-8",
        "Date": "Tue, 21 Sep 2021 00:51:40 GMT",
        "Expires": "-1",
        "P3P": "CP=\u0022DSP CUR OTPi IND OTRi ONL FIN\u0022",
        "Pragma": "no-cache",
        "Set-Cookie": [
          "fpc=AiE6T8QQj2JEnSugveQVA0PWGGmRDgAAAE8j29gOAAAA; expires=Thu, 21-Oct-2021 00:51:40 GMT; path=/; secure; HttpOnly; SameSite=None",
          "x-ms-gateway-slice=estsfd; path=/; secure; samesite=none; httponly",
          "stsservicecookie=estsfd; path=/; secure; samesite=none; httponly"
        ],
        "Strict-Transport-Security": "max-age=31536000; includeSubDomains",
        "X-Content-Type-Options": "nosniff",
        "x-ms-ests-server": "2.1.12071.7 - NCUS ProdSlices",
        "x-ms-request-id": "823fb144-e144-453e-bb58-b0aaf7888800"
      },
      "ResponseBody": {
        "token_type": "Bearer",
        "expires_in": 86399,
        "ext_expires_in": 86399,
        "access_token": "eyJ0eXAiOiJKV1QiLCJhbGciOiJSUzI1NiIsIng1dCI6Imwzc1EtNTBjQ0g0eEJWWkxIVEd3blNSNzY4MCIsImtpZCI6Imwzc1EtNTBjQ0g0eEJWWkxIVEd3blNSNzY4MCJ9.eyJhdWQiOiJodHRwczovL3N0b3JhZ2UuYXp1cmUuY29tIiwiaXNzIjoiaHR0cHM6Ly9zdHMud2luZG93cy5uZXQvNzJmOTg4YmYtODZmMS00MWFmLTkxYWItMmQ3Y2QwMTFkYjQ3LyIsImlhdCI6MTYzMjE4NTIwMCwibmJmIjoxNjMyMTg1MjAwLCJleHAiOjE2MzIyNzE5MDAsImFpbyI6IkUyWmdZRWc0cHliZThualpwUVF6dFZ5eFBhOTFBQT09IiwiYXBwaWQiOiI3NDg3ZGFkZS00MTJjLTRjMDYtODJiOC1jZjczNjZiYWFiNjAiLCJhcHBpZGFjciI6IjEiLCJpZHAiOiJodHRwczovL3N0cy53aW5kb3dzLm5ldC83MmY5ODhiZi04NmYxLTQxYWYtOTFhYi0yZDdjZDAxMWRiNDcvIiwib2lkIjoiNjdmNmZiY2QtNmMxMC00OWVmLTkwNjQtOGQ1M2EzMzc2NDkwIiwicmgiOiIwLkFSb0F2NGo1Y3ZHR3IwR1JxeTE4MEJIYlI5N2FoM1FzUVFaTWdyalBjMmE2cTJBYUFBQS4iLCJzdWIiOiI2N2Y2ZmJjZC02YzEwLTQ5ZWYtOTA2NC04ZDUzYTMzNzY0OTAiLCJ0aWQiOiI3MmY5ODhiZi04NmYxLTQxYWYtOTFhYi0yZDdjZDAxMWRiNDciLCJ1dGkiOiJSTEVfZ2tUaFBrVzdXTENxOTRpSUFBIiwidmVyIjoiMS4wIn0.UTNwKR7XMTMO9FF5DYw8_agauMq-A8-Yzw6c5U_XBCToe5-DqZZYl92msDjXnCs-ihzZ1L3wHCqmiT8E6HLQZEarVMtJ5gMFiBYSj8m9JHsEKRDdgO80iL4mdlTdn6OWNg-ruKqMLyzXcJNdJOSoTz0HFTfPlbv8UoMy4t55w5lzBM0HSF1SPlyJHoQDKRn4ccvfWJMDZmdflVbWEGi7ELrMl6ZIQCvuk6uCyxmdTzBVrR-DA-NTk2zhX_99NlqrjFCh1PlmyWRkbBIbyGQaM0X3pS4c2Ylj-ppngT6Ulr9XrpdLJf6hvqEXJJpsH9UjQlZX0rd6iLqIp2TbovNQ5Q"
      }
    },
    {
      "RequestUri": "https://fakeendpoint.table.core.windows.net/Tables",
      "RequestMethod": "POST",
      "RequestHeaders": {
        "Accept": "application/json;odata=minimalmetadata",
        "Accept-Encoding": "gzip, deflate",
        "Authorization": "Sanitized",
        "Content-Length": "32",
        "Content-Type": "application/json;odata=nometadata",
        "DataServiceVersion": "3.0",
        "Date": "Tue, 21 Sep 2021 00:51:39 GMT",
        "User-Agent": "azsdk-python-data-tables/12.1.1 Python/3.9.2 (Windows-10-10.0.19041-SP0)",
        "x-ms-client-request-id": "14cc1ecd-1a76-11ec-bb9e-5cf37093a909",
        "x-ms-date": "Tue, 21 Sep 2021 00:51:39 GMT",
        "x-ms-version": "2019-02-02"
      },
      "RequestBody": "{\u0022TableName\u0022: \u0022uttable74882aa1\u0022}",
      "StatusCode": 201,
      "ResponseHeaders": {
        "Cache-Control": "no-cache",
        "Content-Type": "application/json; odata=minimalmetadata; streaming=true; charset=utf-8",
        "Date": "Tue, 21 Sep 2021 00:51:39 GMT",
        "Location": "https://yalltbtestsprim.table.core.windows.net/Tables(\u0027uttable74882aa1\u0027)",
        "Server": [
          "Windows-Azure-Table/1.0",
          "Microsoft-HTTPAPI/2.0"
        ],
        "Transfer-Encoding": "chunked",
        "X-Content-Type-Options": "nosniff",
        "x-ms-client-request-id": "14cc1ecd-1a76-11ec-bb9e-5cf37093a909",
        "x-ms-request-id": "f60fd19e-b002-003e-4482-ae3ae4000000",
        "x-ms-version": "2019-02-02"
      },
      "ResponseBody": {
        "odata.metadata": "https://yalltbtestsprim.table.core.windows.net/$metadata#Tables/@Element",
        "TableName": "uttable74882aa1"
      }
    },
    {
      "RequestUri": "https://fakeendpoint.table.core.windows.net/uttable74882aa1",
      "RequestMethod": "POST",
      "RequestHeaders": {
        "Accept": "application/json;odata=minimalmetadata",
        "Accept-Encoding": "gzip, deflate",
        "Authorization": "Sanitized",
        "Content-Length": "711",
        "Content-Type": "application/json;odata=nometadata",
        "DataServiceVersion": "3.0",
        "Date": "Tue, 21 Sep 2021 00:51:40 GMT",
        "User-Agent": "azsdk-python-data-tables/12.1.1 Python/3.9.2 (Windows-10-10.0.19041-SP0)",
        "x-ms-client-request-id": "14ee8838-1a76-11ec-bf65-5cf37093a909",
        "x-ms-date": "Tue, 21 Sep 2021 00:51:40 GMT",
        "x-ms-version": "2019-02-02"
      },
      "RequestBody": "{\u0022PartitionKey\u0022: \u0022pk74882aa1\u0022, \u0022PartitionKey@odata.type\u0022: \u0022Edm.String\u0022, \u0022RowKey\u0022: \u0022rk74882aa1\u0022, \u0022RowKey@odata.type\u0022: \u0022Edm.String\u0022, \u0022age\u0022: 39, \u0022sex\u0022: \u0022male\u0022, \u0022sex@odata.type\u0022: \u0022Edm.String\u0022, \u0022married\u0022: true, \u0022deceased\u0022: false, \u0022ratio\u0022: 3.1, \u0022ratio@odata.type\u0022: \u0022Edm.Double\u0022, \u0022evenratio\u0022: 3.0, \u0022evenratio@odata.type\u0022: \u0022Edm.Double\u0022, \u0022double\u0022: 5, \u0022double@odata.type\u0022: \u0022Edm.Double\u0022, \u0022large\u0022: 933311100, \u0022Birthday\u0022: \u00221973-10-04T00:00:00.000000Z\u0022, \u0022Birthday@odata.type\u0022: \u0022Edm.DateTime\u0022, \u0022birthday\u0022: \u00221970-10-04T00:00:00.000000Z\u0022, \u0022birthday@odata.type\u0022: \u0022Edm.DateTime\u0022, \u0022binary\u0022: \u0022YmluYXJ5\u0022, \u0022binary@odata.type\u0022: \u0022Edm.Binary\u0022, \u0022other\u0022: 20, \u0022clsid\u0022: \u0022c9da6455-213d-42c9-9a79-3e9149a57833\u0022, \u0022clsid@odata.type\u0022: \u0022Edm.Guid\u0022}",
      "StatusCode": 201,
      "ResponseHeaders": {
        "Cache-Control": "no-cache",
        "Content-Type": "application/json; odata=minimalmetadata; streaming=true; charset=utf-8",
        "Date": "Tue, 21 Sep 2021 00:51:39 GMT",
        "ETag": "W/\u0022datetime\u00272021-09-21T00%3A51%3A40.3366323Z\u0027\u0022",
        "Location": "https://yalltbtestsprim.table.core.windows.net/uttable74882aa1(PartitionKey=\u0027pk74882aa1\u0027,RowKey=\u0027rk74882aa1\u0027)",
        "Server": [
          "Windows-Azure-Table/1.0",
          "Microsoft-HTTPAPI/2.0"
        ],
        "Transfer-Encoding": "chunked",
        "X-Content-Type-Options": "nosniff",
        "x-ms-client-request-id": "14ee8838-1a76-11ec-bf65-5cf37093a909",
        "x-ms-request-id": "f60fd1a3-b002-003e-4682-ae3ae4000000",
        "x-ms-version": "2019-02-02"
      },
      "ResponseBody": {
        "odata.metadata": "https://yalltbtestsprim.table.core.windows.net/$metadata#uttable74882aa1/@Element",
        "odata.etag": "W/\u0022datetime\u00272021-09-21T00%3A51%3A40.3366323Z\u0027\u0022",
        "PartitionKey": "pk74882aa1",
        "RowKey": "rk74882aa1",
        "Timestamp": "2021-09-21T00:51:40.3366323Z",
        "age": 39,
        "sex": "male",
        "married": true,
        "deceased": false,
        "ratio": 3.1,
        "evenratio": 3.0,
        "double": 5.0,
        "large": 933311100,
        "Birthday@odata.type": "Edm.DateTime",
        "Birthday": "1973-10-04T00:00:00Z",
        "birthday@odata.type": "Edm.DateTime",
        "birthday": "1970-10-04T00:00:00Z",
        "binary@odata.type": "Edm.Binary",
        "binary": "YmluYXJ5",
        "other": 20,
        "clsid@odata.type": "Edm.Guid",
        "clsid": "c9da6455-213d-42c9-9a79-3e9149a57833"
      }
    },
    {
      "RequestUri": "https://fakeendpoint.table.core.windows.net/uttable74882aa1",
      "RequestMethod": "POST",
      "RequestHeaders": {
        "Accept": "application/json;odata=minimalmetadata",
        "Accept-Encoding": "gzip, deflate",
        "Authorization": "Sanitized",
        "Content-Length": "678",
        "Content-Type": "application/json;odata=nometadata",
        "DataServiceVersion": "3.0",
        "Date": "Tue, 21 Sep 2021 00:51:40 GMT",
        "User-Agent": "azsdk-python-data-tables/12.1.1 Python/3.9.2 (Windows-10-10.0.19041-SP0)",
        "x-ms-client-request-id": "14f320c8-1a76-11ec-b839-5cf37093a909",
        "x-ms-date": "Tue, 21 Sep 2021 00:51:40 GMT",
        "x-ms-version": "2019-02-02"
      },
      "RequestBody": "{\u0022PartitionKey\u0022: \u0022pk74882aa11\u0022, \u0022PartitionKey@odata.type\u0022: \u0022Edm.String\u0022, \u0022RowKey\u0022: \u0022rk74882aa11\u0022, \u0022RowKey@odata.type\u0022: \u0022Edm.String\u0022, \u0022age\u0022: 49, \u0022sex\u0022: \u0022female\u0022, \u0022sex@odata.type\u0022: \u0022Edm.String\u0022, \u0022married\u0022: false, \u0022deceased\u0022: true, \u0022ratio\u0022: 5.2, \u0022ratio@odata.type\u0022: \u0022Edm.Double\u0022, \u0022evenratio\u0022: 6.0, \u0022evenratio@odata.type\u0022: \u0022Edm.Double\u0022, \u0022large\u0022: 39999011, \u0022Birthday\u0022: \u00221993-04-01T00:00:00.000000Z\u0022, \u0022Birthday@odata.type\u0022: \u0022Edm.DateTime\u0022, \u0022birthday\u0022: \u00221990-04-01T00:00:00.000000Z\u0022, \u0022birthday@odata.type\u0022: \u0022Edm.DateTime\u0022, \u0022binary\u0022: \u0022YmluYXJ5LWJpbmFyeQ==\u0022, \u0022binary@odata.type\u0022: \u0022Edm.Binary\u0022, \u0022other\u0022: 40, \u0022clsid\u0022: \u0022c8da6455-213e-42d9-9b79-3f9149a57833\u0022, \u0022clsid@odata.type\u0022: \u0022Edm.Guid\u0022}",
      "StatusCode": 201,
      "ResponseHeaders": {
        "Cache-Control": "no-cache",
        "Content-Type": "application/json; odata=minimalmetadata; streaming=true; charset=utf-8",
        "Date": "Tue, 21 Sep 2021 00:51:39 GMT",
        "ETag": "W/\u0022datetime\u00272021-09-21T00%3A51%3A40.3646515Z\u0027\u0022",
        "Location": "https://yalltbtestsprim.table.core.windows.net/uttable74882aa1(PartitionKey=\u0027pk74882aa11\u0027,RowKey=\u0027rk74882aa11\u0027)",
        "Server": [
          "Windows-Azure-Table/1.0",
          "Microsoft-HTTPAPI/2.0"
        ],
        "Transfer-Encoding": "chunked",
        "X-Content-Type-Options": "nosniff",
        "x-ms-client-request-id": "14f320c8-1a76-11ec-b839-5cf37093a909",
        "x-ms-request-id": "f60fd1a6-b002-003e-4982-ae3ae4000000",
        "x-ms-version": "2019-02-02"
      },
      "ResponseBody": {
        "odata.metadata": "https://yalltbtestsprim.table.core.windows.net/$metadata#uttable74882aa1/@Element",
        "odata.etag": "W/\u0022datetime\u00272021-09-21T00%3A51%3A40.3646515Z\u0027\u0022",
        "PartitionKey": "pk74882aa11",
        "RowKey": "rk74882aa11",
        "Timestamp": "2021-09-21T00:51:40.3646515Z",
        "age": 49,
        "sex": "female",
        "married": false,
        "deceased": true,
        "ratio": 5.2,
        "evenratio": 6.0,
        "large": 39999011,
        "Birthday@odata.type": "Edm.DateTime",
        "Birthday": "1993-04-01T00:00:00Z",
        "birthday@odata.type": "Edm.DateTime",
        "birthday": "1990-04-01T00:00:00Z",
        "binary@odata.type": "Edm.Binary",
        "binary": "YmluYXJ5LWJpbmFyeQ==",
        "other": 40,
        "clsid@odata.type": "Edm.Guid",
        "clsid": "c8da6455-213e-42d9-9b79-3f9149a57833"
      }
    },
    {
      "RequestUri": "https://fakeendpoint.table.core.windows.net/uttable74882aa1()?$filter=married eq true",
      "RequestMethod": "GET",
      "RequestHeaders": {
        "Accept": "application/json;odata=minimalmetadata",
        "Accept-Encoding": "gzip, deflate",
        "Authorization": "Sanitized",
        "DataServiceVersion": "3.0",
        "Date": "Tue, 21 Sep 2021 00:51:40 GMT",
        "User-Agent": "azsdk-python-data-tables/12.1.1 Python/3.9.2 (Windows-10-10.0.19041-SP0)",
        "x-ms-client-request-id": "14f76f02-1a76-11ec-b3ee-5cf37093a909",
        "x-ms-date": "Tue, 21 Sep 2021 00:51:40 GMT",
        "x-ms-version": "2019-02-02"
      },
      "RequestBody": null,
      "StatusCode": 200,
      "ResponseHeaders": {
        "Cache-Control": "no-cache",
        "Content-Type": "application/json; odata=minimalmetadata; streaming=true; charset=utf-8",
        "Date": "Tue, 21 Sep 2021 00:51:39 GMT",
        "Server": [
          "Windows-Azure-Table/1.0",
          "Microsoft-HTTPAPI/2.0"
        ],
        "Transfer-Encoding": "chunked",
        "Vary": "Origin",
        "X-Content-Type-Options": "nosniff",
        "x-ms-client-request-id": "14f76f02-1a76-11ec-b3ee-5cf37093a909",
        "x-ms-request-id": "f60fd1a9-b002-003e-4c82-ae3ae4000000",
        "x-ms-version": "2019-02-02"
      },
      "ResponseBody": {
        "odata.metadata": "https://yalltbtestsprim.table.core.windows.net/$metadata#uttable74882aa1",
        "value": [
          {
            "odata.etag": "W/\u0022datetime\u00272021-09-21T00%3A51%3A40.3366323Z\u0027\u0022",
            "PartitionKey": "pk74882aa1",
            "RowKey": "rk74882aa1",
            "Timestamp": "2021-09-21T00:51:40.3366323Z",
            "age": 39,
            "sex": "male",
            "married": true,
            "deceased": false,
            "ratio": 3.1,
            "evenratio": 3.0,
            "double": 5.0,
            "large": 933311100,
            "Birthday@odata.type": "Edm.DateTime",
            "Birthday": "1973-10-04T00:00:00Z",
            "birthday@odata.type": "Edm.DateTime",
            "birthday": "1970-10-04T00:00:00Z",
            "binary@odata.type": "Edm.Binary",
            "binary": "YmluYXJ5",
            "other": 20,
            "clsid@odata.type": "Edm.Guid",
            "clsid": "c9da6455-213d-42c9-9a79-3e9149a57833"
          }
        ]
      }
    },
    {
      "RequestUri": "https://fakeendpoint.table.core.windows.net/Tables",
      "RequestMethod": "GET",
      "RequestHeaders": {
        "Accept": "application/json;odata=minimalmetadata",
        "Accept-Encoding": "gzip, deflate",
        "Authorization": "Sanitized",
        "DataServiceVersion": "3.0",
        "Date": "Tue, 21 Sep 2021 00:51:40 GMT",
        "User-Agent": "azsdk-python-data-tables/12.1.1 Python/3.9.2 (Windows-10-10.0.19041-SP0)",
        "x-ms-client-request-id": "14fb611c-1a76-11ec-b93b-5cf37093a909",
        "x-ms-date": "Tue, 21 Sep 2021 00:51:40 GMT",
        "x-ms-version": "2019-02-02"
      },
      "RequestBody": null,
      "StatusCode": 200,
      "ResponseHeaders": {
        "Cache-Control": "no-cache",
        "Content-Type": "application/json; odata=minimalmetadata; streaming=true; charset=utf-8",
        "Date": "Tue, 21 Sep 2021 00:51:39 GMT",
        "Server": [
          "Windows-Azure-Table/1.0",
          "Microsoft-HTTPAPI/2.0"
        ],
        "Transfer-Encoding": "chunked",
        "Vary": "Origin",
        "X-Content-Type-Options": "nosniff",
        "x-ms-client-request-id": "14fb611c-1a76-11ec-b93b-5cf37093a909",
        "x-ms-request-id": "f60fd1ab-b002-003e-4e82-ae3ae4000000",
        "x-ms-version": "2019-02-02"
      },
      "ResponseBody": {
        "odata.metadata": "https://yalltbtestsprim.table.core.windows.net/$metadata#Tables",
        "value": [
          {
            "TableName": "uttable74882aa1"
          }
        ]
      }
    },
    {
      "RequestUri": "https://fakeendpoint.table.core.windows.net/Tables(\u0027uttable74882aa1\u0027)",
      "RequestMethod": "DELETE",
      "RequestHeaders": {
        "Accept": "application/json",
        "Accept-Encoding": "gzip, deflate",
        "Authorization": "Sanitized",
        "Content-Length": "0",
        "Date": "Tue, 21 Sep 2021 00:51:40 GMT",
        "User-Agent": "azsdk-python-data-tables/12.1.1 Python/3.9.2 (Windows-10-10.0.19041-SP0)",
        "x-ms-client-request-id": "15004515-1a76-11ec-8cfa-5cf37093a909",
        "x-ms-date": "Tue, 21 Sep 2021 00:51:40 GMT",
        "x-ms-version": "2019-02-02"
      },
      "RequestBody": null,
      "StatusCode": 204,
      "ResponseHeaders": {
        "Cache-Control": "no-cache",
        "Content-Length": "0",
        "Date": "Tue, 21 Sep 2021 00:51:39 GMT",
        "Server": [
          "Windows-Azure-Table/1.0",
          "Microsoft-HTTPAPI/2.0"
        ],
        "X-Content-Type-Options": "nosniff",
        "x-ms-client-request-id": "15004515-1a76-11ec-8cfa-5cf37093a909",
        "x-ms-request-id": "f60fd1b3-b002-003e-5482-ae3ae4000000",
        "x-ms-version": "2019-02-02"
      },
      "ResponseBody": null
    }
  ],
  "Variables": {}
}
