interactions:
- request:
    body: '{"TableName": "uttable3741440"}'
    headers:
      Accept:
      - application/json;odata=minimalmetadata
      Accept-Encoding:
      - gzip, deflate
      Connection:
      - keep-alive
      Content-Length:
      - '31'
      Content-Type:
      - application/json;odata=nometadata
      DataServiceVersion:
      - '3.0'
      Date:
      - Thu, 10 Sep 2020 17:10:26 GMT
      User-Agent:
      - azsdk-python-data-tables/2019-07-07 Python/3.8.4 (Windows-10-10.0.19041-SP0)
      x-ms-date:
      - Thu, 10 Sep 2020 17:10:26 GMT
      x-ms-version:
      - '2019-02-02'
    method: POST
    uri: https://storagename.table.core.windows.net/Tables
  response:
    body:
      string: '{"odata.metadata":"https://storagename.table.core.windows.net/$metadata#Tables/@Element","TableName":"uttable3741440"}'
    headers:
      cache-control:
      - no-cache
      content-type:
      - application/json;odata=minimalmetadata;streaming=true;charset=utf-8
      date:
      - Thu, 10 Sep 2020 17:10:23 GMT
      location:
      - https://storagename.table.core.windows.net/Tables('uttable3741440')
      server:
      - Windows-Azure-Table/1.0 Microsoft-HTTPAPI/2.0
      transfer-encoding:
      - chunked
      x-content-type-options:
      - nosniff
      x-ms-version:
      - '2019-02-02'
    status:
      code: 201
      message: Created
- request:
    body: '{"PartitionKey": "pk3741440", "PartitionKey@odata.type": "Edm.String",
      "RowKey": "rk3741440", "RowKey@odata.type": "Edm.String", "age": 39, "sex":
      "male", "sex@odata.type": "Edm.String", "married": true, "deceased": false,
      "ratio": 3.1, "evenratio": 3.0, "large": 933311100, "Birthday": "1973-10-04T00:00:00Z",
      "Birthday@odata.type": "Edm.DateTime", "birthday": "1970-10-04T00:00:00Z", "birthday@odata.type":
      "Edm.DateTime", "binary": "YmluYXJ5", "binary@odata.type": "Edm.Binary", "other":
      20, "clsid": "c9da6455-213d-42c9-9a79-3e9149a57833", "clsid@odata.type": "Edm.Guid"}'
    headers:
      Accept:
      - application/json;odata=minimalmetadata
      Accept-Encoding:
      - gzip, deflate
      Connection:
      - keep-alive
      Content-Length:
      - '575'
      Content-Type:
      - application/json;odata=nometadata
      DataServiceVersion:
      - '3.0'
      Date:
      - Thu, 10 Sep 2020 17:10:26 GMT
      User-Agent:
      - azsdk-python-data-tables/2019-07-07 Python/3.8.4 (Windows-10-10.0.19041-SP0)
      x-ms-date:
      - Thu, 10 Sep 2020 17:10:26 GMT
      x-ms-version:
      - '2019-02-02'
    method: POST
    uri: https://storagename.table.core.windows.net/uttable3741440
  response:
    body:
      string: '{"odata.metadata":"https://storagename.table.core.windows.net/$metadata#uttable3741440/@Element","odata.etag":"W/\"datetime''2020-09-10T17%3A10%3A24.4282844Z''\"","PartitionKey":"pk3741440","RowKey":"rk3741440","Timestamp":"2020-09-10T17:10:24.4282844Z","age":39,"sex":"male","married":true,"deceased":false,"ratio":3.1,"evenratio":3.0,"large":933311100,"Birthday@odata.type":"Edm.DateTime","Birthday":"1973-10-04T00:00:00Z","birthday@odata.type":"Edm.DateTime","birthday":"1970-10-04T00:00:00Z","binary@odata.type":"Edm.Binary","binary":"YmluYXJ5","other":20,"clsid@odata.type":"Edm.Guid","clsid":"c9da6455-213d-42c9-9a79-3e9149a57833"}'
    headers:
      cache-control:
      - no-cache
      content-type:
      - application/json;odata=minimalmetadata;streaming=true;charset=utf-8
      date:
      - Thu, 10 Sep 2020 17:10:23 GMT
      etag:
      - W/"datetime'2020-09-10T17%3A10%3A24.4282844Z'"
      location:
      - https://storagename.table.core.windows.net/uttable3741440(PartitionKey='pk3741440',RowKey='rk3741440')
      server:
      - Windows-Azure-Table/1.0 Microsoft-HTTPAPI/2.0
      transfer-encoding:
      - chunked
      x-content-type-options:
      - nosniff
      x-ms-version:
      - '2019-02-02'
    status:
      code: 201
      message: Created
- request:
    body: "--batch_519c2f7e-8843-408d-ad6d-202065b90a7d\r\nContent-Type: multipart/mixed;
      boundary=changeset_f6990708-b3b8-4f81-90c5-85010873f07a\r\n\r\n--changeset_f6990708-b3b8-4f81-90c5-85010873f07a\r\nContent-Type:
      application/http\r\nContent-Transfer-Encoding: binary\r\nContent-ID: 0\r\n\r\nPATCH
      https://pyacrstorage6wtanekkk27p.table.core.windows.net/uttable3741440(PartitionKey='pk3741440',RowKey='rk3741440')
      HTTP/1.1\r\nx-ms-version: 2019-02-02\r\nDataServiceVersion: 3.0\r\nIf-Match:
      W/\"datetime'2012-06-15T22%3A51%3A44.9662825Z'\"\r\nContent-Type: application/json\r\nAccept:
      application/json\r\nContent-Length: 351\r\nx-ms-date: Thu, 10 Sep 2020 17:10:26
      GMT\r\nDate: Thu, 10 Sep 2020 17:10:26 GMT\r\nx-ms-client-request-id: 8556dba0-f388-11ea-baa5-58961df361d1\r\n\r\n{\"PartitionKey\":
      \"pk3741440\", \"PartitionKey@odata.type\": \"Edm.String\", \"RowKey\": \"rk3741440\",
      \"RowKey@odata.type\": \"Edm.String\", \"age\": \"abc\", \"age@odata.type\":
      \"Edm.String\", \"sex\": \"female\", \"sex@odata.type\": \"Edm.String\", \"sign\":
      \"aquarius\", \"sign@odata.type\": \"Edm.String\", \"birthday\": \"1991-10-04T00:00:00Z\",
      \"birthday@odata.type\": \"Edm.DateTime\"}\r\n--changeset_f6990708-b3b8-4f81-90c5-85010873f07a--\r\n\r\n--batch_519c2f7e-8843-408d-ad6d-202065b90a7d--\r\n"
    headers:
      Accept:
      - '*/*'
      Accept-Encoding:
      - gzip, deflate
      Connection:
      - keep-alive
      Content-Length:
      - '1188'
      Content-Type:
      - multipart/mixed; boundary=batch_519c2f7e-8843-408d-ad6d-202065b90a7d
      DataServiceVersion:
      - '3.0'
      Date:
      - Thu, 10 Sep 2020 17:10:26 GMT
      MaxDataServiceVersion:
      - 3.0;NetFx
      User-Agent:
      - azsdk-python-data-tables/2019-07-07 Python/3.8.4 (Windows-10-10.0.19041-SP0)
      x-ms-date:
      - Thu, 10 Sep 2020 17:10:26 GMT
      x-ms-version:
      - '2019-02-02'
    method: POST
    uri: https://storagename.table.core.windows.net/$batch
  response:
    body:
      string: "--batchresponse_0f8accdf-9185-457f-887a-a4cf399cba7d\r\nContent-Type:
        multipart/mixed; boundary=changesetresponse_a37bd2d4-7f20-4cde-b2bd-d09116699c97\r\n\r\n--changesetresponse_a37bd2d4-7f20-4cde-b2bd-d09116699c97\r\nContent-Type:
        application/http\r\nContent-Transfer-Encoding: binary\r\n\r\nHTTP/1.1 412
        Precondition Failed\r\nX-Content-Type-Options: nosniff\r\nCache-Control: no-cache\r\nDataServiceVersion:
        3.0;\r\nContent-Type: application/json;odata=minimalmetadata;streaming=true;charset=utf-8\r\n\r\n{\"odata.error\":{\"code\":\"UpdateConditionNotSatisfied\",\"message\":{\"lang\":\"en-US\",\"value\":\"The
        update condition specified in the request was not satisfied.\\nRequestId:f1de0b2f-e002-0020-1e95-87383f000000\\nTime:2020-09-10T17:10:24.4683129Z\"}}}\r\n--changesetresponse_a37bd2d4-7f20-4cde-b2bd-d09116699c97--\r\n--batchresponse_0f8accdf-9185-457f-887a-a4cf399cba7d--\r\n"
    headers:
      cache-control:
      - no-cache
      content-type:
      - multipart/mixed; boundary=batchresponse_0f8accdf-9185-457f-887a-a4cf399cba7d
      date:
      - Thu, 10 Sep 2020 17:10:23 GMT
      server:
      - Windows-Azure-Table/1.0 Microsoft-HTTPAPI/2.0
      transfer-encoding:
      - chunked
      x-content-type-options:
      - nosniff
      x-ms-version:
      - '2019-02-02'
    status:
      code: 202
      message: Accepted
- request:
    body: null
    headers:
      Accept:
      - application/json;odata=minimalmetadata
      Accept-Encoding:
      - gzip, deflate
      Connection:
      - keep-alive
      DataServiceVersion:
      - '3.0'
      Date:
      - Thu, 10 Sep 2020 17:10:26 GMT
      User-Agent:
      - azsdk-python-data-tables/2019-07-07 Python/3.8.4 (Windows-10-10.0.19041-SP0)
      x-ms-date:
      - Thu, 10 Sep 2020 17:10:26 GMT
      x-ms-version:
      - '2019-02-02'
    method: GET
    uri: https://storagename.table.core.windows.net/uttable3741440(PartitionKey='pk3741440',RowKey='rk3741440')
  response:
    body:
      string: '{"odata.metadata":"https://storagename.table.core.windows.net/$metadata#uttable3741440/@Element","odata.etag":"W/\"datetime''2020-09-10T17%3A10%3A24.4282844Z''\"","PartitionKey":"pk3741440","RowKey":"rk3741440","Timestamp":"2020-09-10T17:10:24.4282844Z","age":39,"sex":"male","married":true,"deceased":false,"ratio":3.1,"evenratio":3.0,"large":933311100,"Birthday@odata.type":"Edm.DateTime","Birthday":"1973-10-04T00:00:00Z","birthday@odata.type":"Edm.DateTime","birthday":"1970-10-04T00:00:00Z","binary@odata.type":"Edm.Binary","binary":"YmluYXJ5","other":20,"clsid@odata.type":"Edm.Guid","clsid":"c9da6455-213d-42c9-9a79-3e9149a57833"}'
    headers:
      cache-control:
      - no-cache
      content-type:
      - application/json;odata=minimalmetadata;streaming=true;charset=utf-8
      date:
      - Thu, 10 Sep 2020 17:10:23 GMT
      etag:
      - W/"datetime'2020-09-10T17%3A10%3A24.4282844Z'"
      server:
      - Windows-Azure-Table/1.0 Microsoft-HTTPAPI/2.0
      transfer-encoding:
      - chunked
      x-content-type-options:
      - nosniff
      x-ms-version:
      - '2019-02-02'
    status:
      code: 200
      message: OK
- request:
    body: null
    headers:
      Accept:
      - application/json
      Accept-Encoding:
      - gzip, deflate
      Connection:
      - keep-alive
      Content-Length:
      - '0'
      Date:
      - Thu, 10 Sep 2020 17:10:26 GMT
      User-Agent:
      - azsdk-python-data-tables/2019-07-07 Python/3.8.4 (Windows-10-10.0.19041-SP0)
      x-ms-date:
      - Thu, 10 Sep 2020 17:10:26 GMT
      x-ms-version:
      - '2019-02-02'
    method: DELETE
    uri: https://storagename.table.core.windows.net/Tables('uttable3741440')
  response:
    body:
      string: ''
    headers:
      cache-control:
      - no-cache
      content-length:
      - '0'
      date:
      - Thu, 10 Sep 2020 17:10:23 GMT
      server:
      - Windows-Azure-Table/1.0 Microsoft-HTTPAPI/2.0
      x-content-type-options:
      - nosniff
      x-ms-version:
      - '2019-02-02'
    status:
      code: 204
      message: No Content
version: 1
