{
  "Entries": [
    {
      "RequestUri": "https://login.microsoftonline.com/72f988bf-86f1-41af-91ab-2d7cd011db47/oauth2/v2.0/token",
      "RequestMethod": "POST",
      "RequestHeaders": {
        "Accept": "*/*",
        "Accept-Encoding": "gzip, deflate",
        "Content-Length": "176",
        "Content-Type": "application/x-www-form-urlencoded",
        "User-Agent": "azsdk-python-identity/1.8.0b2 Python/3.9.2 (Windows-10-10.0.22000-SP0)"
      },
      "RequestBody": "client_id=9211dd93-dbb5-4e68-a07f-a764436e805b\u0026client_secret=1581dba4-4942-4f9b-99eb-24b5fe641fa1\u0026grant_type=client_credentials\u0026scope=https%3A%2F%2Fstorage.azure.com%2F.default",
      "StatusCode": 200,
      "ResponseHeaders": {
        "Cache-Control": "no-store, no-cache",
        "Content-Length": "1318",
        "Content-Type": "application/json; charset=utf-8",
        "Date": "Tue, 22 Mar 2022 15:21:36 GMT",
        "Expires": "-1",
        "P3P": "CP=\u0022DSP CUR OTPi IND OTRi ONL FIN\u0022",
        "Pragma": "no-cache",
        "Set-Cookie": [
          "fpc=AmkoeS6NjFNCqdL2E2RVkQiCPG-UDAAAAHbgy9kOAAAA; expires=Thu, 21-Apr-2022 15:21:36 GMT; path=/; secure; HttpOnly; SameSite=None",
          "x-ms-gateway-slice=estsfd; path=/; secure; samesite=none; httponly",
          "stsservicecookie=estsfd; path=/; secure; samesite=none; httponly"
        ],
        "Strict-Transport-Security": "max-age=31536000; includeSubDomains",
        "X-Content-Type-Options": "nosniff",
        "x-ms-ests-server": "2.1.12559.10 - WUS2 ProdSlices",
        "x-ms-request-id": "33b1d907-8679-4b4f-9d0f-139cc25d1500"
      },
      "ResponseBody": {
        "token_type": "Bearer",
        "expires_in": 86399,
        "ext_expires_in": 86399,
        "access_token": "eyJ0eXAiOiJKV1QiLCJhbGciOiJSUzI1NiIsIng1dCI6ImpTMVhvMU9XRGpfNTJ2YndHTmd2UU8yVnpNYyIsImtpZCI6ImpTMVhvMU9XRGpfNTJ2YndHTmd2UU8yVnpNYyJ9.eyJhdWQiOiJodHRwczovL3N0b3JhZ2UuYXp1cmUuY29tIiwiaXNzIjoiaHR0cHM6Ly9zdHMud2luZG93cy5uZXQvNzJmOTg4YmYtODZmMS00MWFmLTkxYWItMmQ3Y2QwMTFkYjQ3LyIsImlhdCI6MTY0Nzk2MjE5NiwibmJmIjoxNjQ3OTYyMTk2LCJleHAiOjE2NDgwNDg4OTYsImFpbyI6IkUyWmdZUEE5VTIzd0t5L0tTVk5MNGVJaldmM05BQT09IiwiYXBwaWQiOiI5MjExZGQ5My1kYmI1LTRlNjgtYTA3Zi1hNzY0NDM2ZTgwNWIiLCJhcHBpZGFjciI6IjEiLCJpZHAiOiJodHRwczovL3N0cy53aW5kb3dzLm5ldC83MmY5ODhiZi04NmYxLTQxYWYtOTFhYi0yZDdjZDAxMWRiNDcvIiwib2lkIjoiYzg2ZThmZGEtYjQwYy00MzZjLTgwMTQtYjlkZTliZWIwYmFlIiwicmgiOiIwLkFRRUF2NGo1Y3ZHR3IwR1JxeTE4MEJIYlI0R21CdVRVODZoQ2tMYkNzQ2xKZXZFYUFBQS4iLCJzdWIiOiJjODZlOGZkYS1iNDBjLTQzNmMtODAxNC1iOWRlOWJlYjBiYWUiLCJ0aWQiOiI3MmY5ODhiZi04NmYxLTQxYWYtOTFhYi0yZDdjZDAxMWRiNDciLCJ1dGkiOiJCOW14TTNtR1QwdWREeE9jd2wwVkFBIiwidmVyIjoiMS4wIn0.WWSO3bBLdcwLbgUx6K8tfUx1iRDuMW7XAXcdaIOk4newA_qpuzePoHqD1ABUIwPhq-TP2Zlvk1jg5zclAVHKJbH_8IjAGPQqnx8XzmX0dPEp9nyyYXDUpF1zK7YbBcGCIYAVrYZ3pqUN0mVaOeOeaVlZGdUPeQzFdfFXZM1A7biWulROXRS7HeWulT2D7MU8HBn7yjri8ZY57zwR_o3C8_EqcyEHKQIz6ktLVvSk6fvP6DgQlNMib-RmpBnjzxExEUjW-v4WKHEJbiMqpIfeHAI_GMbQ0iIc47JRrPaRZ3XKHP5g4FIG2zLOq7rk6igvGTzzMNCNF0cIBaIL9-GhFQ"
      }
    },
    {
      "RequestUri": "https://fakeendpoint.table.core.windows.net/Tables",
      "RequestMethod": "POST",
      "RequestHeaders": {
        "Accept": "application/json;odata=minimalmetadata",
        "Accept-Encoding": "gzip, deflate",
        "Authorization": "Sanitized",
        "Content-Length": "32",
        "Content-Type": "application/json;odata=nometadata",
        "DataServiceVersion": "3.0",
        "Date": "Tue, 22 Mar 2022 15:21:37 GMT",
        "User-Agent": "azsdk-python-data-tables/12.2.1 Python/3.9.2 (Windows-10-10.0.22000-SP0)",
        "x-ms-client-request-id": "c42e1a86-a9f3-11ec-b0a0-5cf37093a909",
        "x-ms-date": "Tue, 22 Mar 2022 15:21:37 GMT",
        "x-ms-version": "2019-02-02"
      },
      "RequestBody": {
        "TableName": "uttablec7e828e8"
      },
      "StatusCode": 201,
      "ResponseHeaders": {
        "Cache-Control": "no-cache",
        "Content-Type": "application/json; odata=minimalmetadata; streaming=true; charset=utf-8",
        "Date": "Tue, 22 Mar 2022 15:21:36 GMT",
        "Location": "https://fakeendpoint.table.core.windows.net/Tables(\u0027uttablec7e828e8\u0027)",
        "Server": [
          "Windows-Azure-Table/1.0",
          "Microsoft-HTTPAPI/2.0"
        ],
        "Transfer-Encoding": "chunked",
        "X-Content-Type-Options": "nosniff",
        "x-ms-client-request-id": "c42e1a86-a9f3-11ec-b0a0-5cf37093a909",
        "x-ms-request-id": "b3d464aa-0002-0052-5800-3e0e8e000000",
        "x-ms-version": "2019-02-02"
      },
      "ResponseBody": {
        "odata.metadata": "https://fakeendpoint.table.core.windows.net/$metadata#Tables/@Element",
        "TableName": "uttablec7e828e8"
      }
    },
    {
      "RequestUri": "https://fakeendpoint.table.core.windows.net/Tables",
      "RequestMethod": "POST",
      "RequestHeaders": {
        "Accept": "application/json;odata=minimalmetadata",
        "Accept-Encoding": "gzip, deflate",
        "Authorization": "Sanitized",
        "Content-Length": "35",
        "Content-Type": "application/json;odata=nometadata",
        "DataServiceVersion": "3.0",
        "Date": "Tue, 22 Mar 2022 15:21:37 GMT",
        "User-Agent": "azsdk-python-data-tables/12.2.1 Python/3.9.2 (Windows-10-10.0.22000-SP0)",
        "x-ms-client-request-id": "c4416213-a9f3-11ec-8b54-5cf37093a909",
        "x-ms-date": "Tue, 22 Mar 2022 15:21:37 GMT",
        "x-ms-version": "2019-02-02"
      },
      "RequestBody": {
        "TableName": "querytablec7e828e8"
      },
      "StatusCode": 201,
      "ResponseHeaders": {
        "Cache-Control": "no-cache",
        "Content-Type": "application/json; odata=minimalmetadata; streaming=true; charset=utf-8",
        "Date": "Tue, 22 Mar 2022 15:21:36 GMT",
        "Location": "https://fakeendpoint.table.core.windows.net/Tables(\u0027querytablec7e828e8\u0027)",
        "Server": [
          "Windows-Azure-Table/1.0",
          "Microsoft-HTTPAPI/2.0"
        ],
        "Transfer-Encoding": "chunked",
        "X-Content-Type-Options": "nosniff",
        "x-ms-client-request-id": "c4416213-a9f3-11ec-8b54-5cf37093a909",
        "x-ms-request-id": "b3d464b5-0002-0052-6200-3e0e8e000000",
        "x-ms-version": "2019-02-02"
      },
      "ResponseBody": {
        "odata.metadata": "https://fakeendpoint.table.core.windows.net/$metadata#Tables/@Element",
        "TableName": "querytablec7e828e8"
      }
    },
    {
      "RequestUri": "https://fakeendpoint.table.core.windows.net/querytablec7e828e8",
      "RequestMethod": "POST",
      "RequestHeaders": {
        "Accept": "application/json;odata=minimalmetadata",
        "Accept-Encoding": "gzip, deflate",
        "Authorization": "Sanitized",
        "Content-Length": "712",
        "Content-Type": "application/json;odata=nometadata",
        "DataServiceVersion": "3.0",
        "Date": "Tue, 22 Mar 2022 15:21:37 GMT",
        "User-Agent": "azsdk-python-data-tables/12.2.1 Python/3.9.2 (Windows-10-10.0.22000-SP0)",
        "x-ms-client-request-id": "c4459c49-a9f3-11ec-8019-5cf37093a909",
        "x-ms-date": "Tue, 22 Mar 2022 15:21:37 GMT",
        "x-ms-version": "2019-02-02"
      },
      "RequestBody": {
        "PartitionKey": "pkc7e828e8",
        "PartitionKey@odata.type": "Edm.String",
        "RowKey": "rkc7e828e81",
        "RowKey@odata.type": "Edm.String",
        "age": 39,
        "sex": "male",
        "sex@odata.type": "Edm.String",
        "married": true,
        "deceased": false,
        "ratio": 3.1,
        "ratio@odata.type": "Edm.Double",
        "evenratio": 3.0,
        "evenratio@odata.type": "Edm.Double",
        "double": 5,
        "double@odata.type": "Edm.Double",
        "large": 933311100,
        "Birthday": "1973-10-04T00:00:00.000000Z",
        "Birthday@odata.type": "Edm.DateTime",
        "birthday": "1970-10-04T00:00:00.000000Z",
        "birthday@odata.type": "Edm.DateTime",
        "binary": "YmluYXJ5",
        "binary@odata.type": "Edm.Binary",
        "other": 20,
        "clsid": "c9da6455-213d-42c9-9a79-3e9149a57833",
        "clsid@odata.type": "Edm.Guid"
      },
      "StatusCode": 201,
      "ResponseHeaders": {
        "Cache-Control": "no-cache",
        "Content-Type": "application/json; odata=minimalmetadata; streaming=true; charset=utf-8",
        "Date": "Tue, 22 Mar 2022 15:21:36 GMT",
        "ETag": "W/\u0022datetime\u00272022-03-22T15%3A21%3A37.068599Z\u0027\u0022",
        "Location": "https://fakeendpoint.table.core.windows.net/querytablec7e828e8(PartitionKey=\u0027pkc7e828e8\u0027,RowKey=\u0027rkc7e828e81\u0027)",
        "Server": [
          "Windows-Azure-Table/1.0",
          "Microsoft-HTTPAPI/2.0"
        ],
        "Transfer-Encoding": "chunked",
        "X-Content-Type-Options": "nosniff",
        "x-ms-client-request-id": "c4459c49-a9f3-11ec-8019-5cf37093a909",
        "x-ms-request-id": "b3d464ba-0002-0052-6600-3e0e8e000000",
        "x-ms-version": "2019-02-02"
      },
      "ResponseBody": {
        "odata.metadata": "https://fakeendpoint.table.core.windows.net/$metadata#querytablec7e828e8/@Element",
        "odata.etag": "W/\u0022datetime\u00272022-03-22T15%3A21%3A37.068599Z\u0027\u0022",
        "PartitionKey": "pkc7e828e8",
        "RowKey": "rkc7e828e81",
        "Timestamp": "2022-03-22T15:21:37.068599Z",
        "age": 39,
        "sex": "male",
        "married": true,
        "deceased": false,
        "ratio": 3.1,
        "evenratio": 3.0,
        "double": 5.0,
        "large": 933311100,
        "Birthday@odata.type": "Edm.DateTime",
        "Birthday": "1973-10-04T00:00:00Z",
        "birthday@odata.type": "Edm.DateTime",
        "birthday": "1970-10-04T00:00:00Z",
        "binary@odata.type": "Edm.Binary",
        "binary": "YmluYXJ5",
        "other": 20,
        "clsid@odata.type": "Edm.Guid",
        "clsid": "c9da6455-213d-42c9-9a79-3e9149a57833"
      }
    },
    {
      "RequestUri": "https://fakeendpoint.table.core.windows.net/querytablec7e828e8",
      "RequestMethod": "POST",
      "RequestHeaders": {
        "Accept": "application/json;odata=minimalmetadata",
        "Accept-Encoding": "gzip, deflate",
        "Authorization": "Sanitized",
        "Content-Length": "713",
        "Content-Type": "application/json;odata=nometadata",
        "DataServiceVersion": "3.0",
        "Date": "Tue, 22 Mar 2022 15:21:37 GMT",
        "User-Agent": "azsdk-python-data-tables/12.2.1 Python/3.9.2 (Windows-10-10.0.22000-SP0)",
        "x-ms-client-request-id": "c4496c64-a9f3-11ec-9001-5cf37093a909",
        "x-ms-date": "Tue, 22 Mar 2022 15:21:37 GMT",
        "x-ms-version": "2019-02-02"
      },
      "RequestBody": {
        "PartitionKey": "pkc7e828e8",
        "PartitionKey@odata.type": "Edm.String",
        "RowKey": "rkc7e828e812",
        "RowKey@odata.type": "Edm.String",
        "age": 39,
        "sex": "male",
        "sex@odata.type": "Edm.String",
        "married": true,
        "deceased": false,
        "ratio": 3.1,
        "ratio@odata.type": "Edm.Double",
        "evenratio": 3.0,
        "evenratio@odata.type": "Edm.Double",
        "double": 5,
        "double@odata.type": "Edm.Double",
        "large": 933311100,
        "Birthday": "1973-10-04T00:00:00.000000Z",
        "Birthday@odata.type": "Edm.DateTime",
        "birthday": "1970-10-04T00:00:00.000000Z",
        "birthday@odata.type": "Edm.DateTime",
        "binary": "YmluYXJ5",
        "binary@odata.type": "Edm.Binary",
        "other": 20,
        "clsid": "c9da6455-213d-42c9-9a79-3e9149a57833",
        "clsid@odata.type": "Edm.Guid"
      },
      "StatusCode": 201,
      "ResponseHeaders": {
        "Cache-Control": "no-cache",
        "Content-Type": "application/json; odata=minimalmetadata; streaming=true; charset=utf-8",
        "Date": "Tue, 22 Mar 2022 15:21:36 GMT",
        "ETag": "W/\u0022datetime\u00272022-03-22T15%3A21%3A37.0895861Z\u0027\u0022",
        "Location": "https://fakeendpoint.table.core.windows.net/querytablec7e828e8(PartitionKey=\u0027pkc7e828e8\u0027,RowKey=\u0027rkc7e828e812\u0027)",
        "Server": [
          "Windows-Azure-Table/1.0",
          "Microsoft-HTTPAPI/2.0"
        ],
        "Transfer-Encoding": "chunked",
        "X-Content-Type-Options": "nosniff",
        "x-ms-client-request-id": "c4496c64-a9f3-11ec-9001-5cf37093a909",
        "x-ms-request-id": "b3d464c1-0002-0052-6c00-3e0e8e000000",
        "x-ms-version": "2019-02-02"
      },
      "ResponseBody": {
        "odata.metadata": "https://fakeendpoint.table.core.windows.net/$metadata#querytablec7e828e8/@Element",
        "odata.etag": "W/\u0022datetime\u00272022-03-22T15%3A21%3A37.0895861Z\u0027\u0022",
        "PartitionKey": "pkc7e828e8",
        "RowKey": "rkc7e828e812",
        "Timestamp": "2022-03-22T15:21:37.0895861Z",
        "age": 39,
        "sex": "male",
        "married": true,
        "deceased": false,
        "ratio": 3.1,
        "evenratio": 3.0,
        "double": 5.0,
        "large": 933311100,
        "Birthday@odata.type": "Edm.DateTime",
        "Birthday": "1973-10-04T00:00:00Z",
        "birthday@odata.type": "Edm.DateTime",
        "birthday": "1970-10-04T00:00:00Z",
        "binary@odata.type": "Edm.Binary",
        "binary": "YmluYXJ5",
        "other": 20,
        "clsid@odata.type": "Edm.Guid",
        "clsid": "c9da6455-213d-42c9-9a79-3e9149a57833"
      }
    },
    {
      "RequestUri": "https://fakeendpoint.table.core.windows.net/querytablec7e828e8()",
      "RequestMethod": "GET",
      "RequestHeaders": {
        "Accept": "application/json;odata=minimalmetadata",
        "Accept-Encoding": "gzip, deflate",
        "Authorization": "Sanitized",
        "DataServiceVersion": "3.0",
        "Date": "Tue, 22 Mar 2022 15:21:37 GMT",
        "User-Agent": "azsdk-python-data-tables/12.2.1 Python/3.9.2 (Windows-10-10.0.22000-SP0)",
        "x-ms-client-request-id": "c44c5174-a9f3-11ec-b2a4-5cf37093a909",
        "x-ms-date": "Tue, 22 Mar 2022 15:21:37 GMT",
        "x-ms-version": "2019-02-02"
      },
      "RequestBody": null,
      "StatusCode": 200,
      "ResponseHeaders": {
        "Cache-Control": "no-cache",
        "Content-Type": "application/json; odata=minimalmetadata; streaming=true; charset=utf-8",
        "Date": "Tue, 22 Mar 2022 15:21:36 GMT",
        "Server": [
          "Windows-Azure-Table/1.0",
          "Microsoft-HTTPAPI/2.0"
        ],
        "Transfer-Encoding": "chunked",
        "Vary": "Origin",
        "X-Content-Type-Options": "nosniff",
        "x-ms-client-request-id": "c44c5174-a9f3-11ec-b2a4-5cf37093a909",
        "x-ms-request-id": "b3d464c5-0002-0052-7000-3e0e8e000000",
        "x-ms-version": "2019-02-02"
      },
      "ResponseBody": {
        "odata.metadata": "https://fakeendpoint.table.core.windows.net/$metadata#querytablec7e828e8",
        "value": [
          {
            "odata.etag": "W/\u0022datetime\u00272022-03-22T15%3A21%3A37.068599Z\u0027\u0022",
            "PartitionKey": "pkc7e828e8",
            "RowKey": "rkc7e828e81",
            "Timestamp": "2022-03-22T15:21:37.068599Z",
            "age": 39,
            "sex": "male",
            "married": true,
            "deceased": false,
            "ratio": 3.1,
            "evenratio": 3.0,
            "double": 5.0,
            "large": 933311100,
            "Birthday@odata.type": "Edm.DateTime",
            "Birthday": "1973-10-04T00:00:00Z",
            "birthday@odata.type": "Edm.DateTime",
            "birthday": "1970-10-04T00:00:00Z",
            "binary@odata.type": "Edm.Binary",
            "binary": "YmluYXJ5",
            "other": 20,
            "clsid@odata.type": "Edm.Guid",
            "clsid": "c9da6455-213d-42c9-9a79-3e9149a57833"
          },
          {
            "odata.etag": "W/\u0022datetime\u00272022-03-22T15%3A21%3A37.0895861Z\u0027\u0022",
            "PartitionKey": "pkc7e828e8",
            "RowKey": "rkc7e828e812",
            "Timestamp": "2022-03-22T15:21:37.0895861Z",
            "age": 39,
            "sex": "male",
            "married": true,
            "deceased": false,
            "ratio": 3.1,
            "evenratio": 3.0,
            "double": 5.0,
            "large": 933311100,
            "Birthday@odata.type": "Edm.DateTime",
            "Birthday": "1973-10-04T00:00:00Z",
            "birthday@odata.type": "Edm.DateTime",
            "birthday": "1970-10-04T00:00:00Z",
            "binary@odata.type": "Edm.Binary",
            "binary": "YmluYXJ5",
            "other": 20,
            "clsid@odata.type": "Edm.Guid",
            "clsid": "c9da6455-213d-42c9-9a79-3e9149a57833"
          }
        ]
      }
    },
    {
      "RequestUri": "https://fakeendpoint.table.core.windows.net/Tables",
      "RequestMethod": "GET",
      "RequestHeaders": {
        "Accept": "application/json;odata=minimalmetadata",
        "Accept-Encoding": "gzip, deflate",
        "Authorization": "Sanitized",
        "DataServiceVersion": "3.0",
        "Date": "Tue, 22 Mar 2022 15:21:37 GMT",
        "User-Agent": "azsdk-python-data-tables/12.2.1 Python/3.9.2 (Windows-10-10.0.22000-SP0)",
        "x-ms-client-request-id": "c45066e7-a9f3-11ec-bdd7-5cf37093a909",
        "x-ms-date": "Tue, 22 Mar 2022 15:21:37 GMT",
        "x-ms-version": "2019-02-02"
      },
      "RequestBody": null,
      "StatusCode": 200,
      "ResponseHeaders": {
        "Cache-Control": "no-cache",
        "Content-Type": "application/json; odata=minimalmetadata; streaming=true; charset=utf-8",
        "Date": "Tue, 22 Mar 2022 15:21:36 GMT",
        "Server": [
          "Windows-Azure-Table/1.0",
          "Microsoft-HTTPAPI/2.0"
        ],
        "Transfer-Encoding": "chunked",
        "Vary": "Origin",
        "X-Content-Type-Options": "nosniff",
        "x-ms-client-request-id": "c45066e7-a9f3-11ec-bdd7-5cf37093a909",
        "x-ms-request-id": "b3d464cd-0002-0052-7800-3e0e8e000000",
        "x-ms-version": "2019-02-02"
      },
      "ResponseBody": {
        "odata.metadata": "https://fakeendpoint.table.core.windows.net/$metadata#Tables",
        "value": [
          {
            "TableName": "querytablec7e828e8"
          },
          {
            "TableName": "uttablec7e828e8"
          }
        ]
      }
    },
    {
      "RequestUri": "https://fakeendpoint.table.core.windows.net/Tables(\u0027querytablec7e828e8\u0027)",
      "RequestMethod": "DELETE",
      "RequestHeaders": {
        "Accept": "application/json",
        "Accept-Encoding": "gzip, deflate",
        "Authorization": "Sanitized",
        "Content-Length": "0",
        "Date": "Tue, 22 Mar 2022 15:21:37 GMT",
        "User-Agent": "azsdk-python-data-tables/12.2.1 Python/3.9.2 (Windows-10-10.0.22000-SP0)",
        "x-ms-client-request-id": "c4539df3-a9f3-11ec-84ea-5cf37093a909",
        "x-ms-date": "Tue, 22 Mar 2022 15:21:37 GMT",
        "x-ms-version": "2019-02-02"
      },
      "RequestBody": null,
      "StatusCode": 204,
      "ResponseHeaders": {
        "Cache-Control": "no-cache",
        "Content-Length": "0",
        "Date": "Tue, 22 Mar 2022 15:21:36 GMT",
        "Server": [
          "Windows-Azure-Table/1.0",
          "Microsoft-HTTPAPI/2.0"
        ],
        "X-Content-Type-Options": "nosniff",
        "x-ms-client-request-id": "c4539df3-a9f3-11ec-84ea-5cf37093a909",
        "x-ms-request-id": "b3d464d8-0002-0052-0300-3e0e8e000000",
        "x-ms-version": "2019-02-02"
      },
      "ResponseBody": null
    },
    {
      "RequestUri": "https://fakeendpoint.table.core.windows.net/Tables(\u0027uttablec7e828e8\u0027)",
      "RequestMethod": "DELETE",
      "RequestHeaders": {
        "Accept": "application/json",
        "Accept-Encoding": "gzip, deflate",
        "Authorization": "Sanitized",
        "Content-Length": "0",
        "Date": "Tue, 22 Mar 2022 15:21:37 GMT",
        "User-Agent": "azsdk-python-data-tables/12.2.1 Python/3.9.2 (Windows-10-10.0.22000-SP0)",
        "x-ms-client-request-id": "c4592170-a9f3-11ec-8d6f-5cf37093a909",
        "x-ms-date": "Tue, 22 Mar 2022 15:21:37 GMT",
        "x-ms-version": "2019-02-02"
      },
      "RequestBody": null,
      "StatusCode": 204,
      "ResponseHeaders": {
        "Cache-Control": "no-cache",
        "Content-Length": "0",
        "Date": "Tue, 22 Mar 2022 15:21:37 GMT",
        "Server": [
          "Windows-Azure-Table/1.0",
          "Microsoft-HTTPAPI/2.0"
        ],
        "X-Content-Type-Options": "nosniff",
        "x-ms-client-request-id": "c4592170-a9f3-11ec-8d6f-5cf37093a909",
        "x-ms-request-id": "b3d464e2-0002-0052-0c00-3e0e8e000000",
        "x-ms-version": "2019-02-02"
      },
      "ResponseBody": null
    }
  ],
  "Variables": {}
}
