{
  "Entries": [
    {
      "RequestUri": "https://yalltbtestsprim.table.cosmos.azure.com/Tables",
      "RequestMethod": "POST",
      "RequestHeaders": {
        "Accept": "application/json;odata=minimalmetadata",
        "Accept-Encoding": "gzip, deflate",
        "Authorization": "Sanitized",
        "Connection": "keep-alive",
        "Content-Length": "32",
        "Content-Type": "application/json;odata=nometadata",
        "DataServiceVersion": "3.0",
        "Date": "Thu, 16 Sep 2021 23:46:33 GMT",
        "User-Agent": "azsdk-python-data-tables/12.1.1 Python/3.9.2 (Windows-10-10.0.19041-SP0)",
        "x-ms-client-request-id": "52a0bc12-1748-11ec-ac5b-5cf37093a909",
        "x-ms-date": "Thu, 16 Sep 2021 23:46:33 GMT",
        "x-ms-version": "2019-02-02"
      },
      "RequestBody": "{\u0022TableName\u0022: \u0022uttable11f42eb2\u0022}",
      "StatusCode": 201,
      "ResponseHeaders": {
        "Content-Type": "application/json; odata=minimalmetadata",
        "Date": "Thu, 16 Sep 2021 23:46:31 GMT",
        "ETag": "W/\u0022datetime\u00272021-09-16T23%3A46%3A32.1671176Z\u0027\u0022",
        "Location": "https://yalltbtestsprim.table.cosmos.azure.com/Tables(\u0027uttable11f42eb2\u0027)",
        "Transfer-Encoding": "chunked",
        "x-ms-request-id": "97e1e661-038e-4155-9293-dde068b997fe"
      },
      "ResponseBody": {
        "TableName": "uttable11f42eb2",
        "odata.metadata": "https://yalltbtestsprim.table.cosmos.azure.com/$metadata#Tables/@Element"
      }
    },
    {
      "RequestUri": "https://yalltbtestsprim.table.cosmos.azure.com/Tables",
      "RequestMethod": "POST",
      "RequestHeaders": {
        "Accept": "application/json;odata=minimalmetadata",
        "Accept-Encoding": "gzip, deflate",
        "Authorization": "Sanitized",
        "Connection": "keep-alive",
        "Content-Length": "31",
        "Content-Type": "application/json;odata=nometadata",
        "DataServiceVersion": "3.0",
        "Date": "Thu, 16 Sep 2021 23:46:33 GMT",
        "User-Agent": "azsdk-python-data-tables/12.1.1 Python/3.9.2 (Windows-10-10.0.19041-SP0)",
        "x-ms-client-request-id": "52f61ec5-1748-11ec-aec8-5cf37093a909",
        "x-ms-date": "Thu, 16 Sep 2021 23:46:33 GMT",
        "x-ms-version": "2019-02-02"
      },
      "RequestBody": "{\u0022TableName\u0022: \u0022table211f42eb2\u0022}",
      "StatusCode": 201,
      "ResponseHeaders": {
        "Content-Type": "application/json; odata=minimalmetadata",
        "Date": "Thu, 16 Sep 2021 23:46:32 GMT",
        "ETag": "W/\u0022datetime\u00272021-09-16T23%3A46%3A32.6937608Z\u0027\u0022",
        "Location": "https://yalltbtestsprim.table.cosmos.azure.com/Tables(\u0027table211f42eb2\u0027)",
        "Transfer-Encoding": "chunked",
        "x-ms-request-id": "e484a82d-6763-44f7-af7b-0313c56506f2"
      },
      "ResponseBody": {
        "TableName": "table211f42eb2",
        "odata.metadata": "https://yalltbtestsprim.table.cosmos.azure.com/$metadata#Tables/@Element"
      }
    },
    {
      "RequestUri": "https://yalltbtestsprim.table.cosmos.azure.com/uttable11f42eb2",
      "RequestMethod": "POST",
      "RequestHeaders": {
        "Accept": "application/json;odata=minimalmetadata",
        "Accept-Encoding": "gzip, deflate",
        "Authorization": "Sanitized",
        "Connection": "keep-alive",
        "Content-Length": "198",
        "Content-Type": "application/json;odata=nometadata",
        "DataServiceVersion": "3.0",
        "Date": "Thu, 16 Sep 2021 23:46:34 GMT",
        "User-Agent": "azsdk-python-data-tables/12.1.1 Python/3.9.2 (Windows-10-10.0.19041-SP0)",
        "x-ms-client-request-id": "5348bbce-1748-11ec-867b-5cf37093a909",
        "x-ms-date": "Thu, 16 Sep 2021 23:46:34 GMT",
        "x-ms-version": "2019-02-02"
      },
      "RequestBody": "{\u0022PartitionKey\u0022: \u0022A\u0027aaa\\\u0022_bbbb2\u0022, \u0022PartitionKey@odata.type\u0022: \u0022Edm.String\u0022, \u0022RowKey\u0022: \u0022\\\u0022A\u0027aaa\\\u0022_bbbb2\u0022, \u0022RowKey@odata.type\u0022: \u0022Edm.String\u0022, \u0022test\u0022: \u0022\\\u0022A\u0027aaa\\\u0022_bbbb2\u0022, \u0022test@odata.type\u0022: \u0022Edm.String\u0022}",
      "StatusCode": 201,
      "ResponseHeaders": {
        "Content-Type": "application/json; odata=minimalmetadata",
        "Date": "Thu, 16 Sep 2021 23:46:32 GMT",
        "ETag": "W/\u0022datetime\u00272021-09-16T23%3A46%3A33.1184136Z\u0027\u0022",
        "Location": "https://yalltbtestsprim.table.cosmos.azure.com/uttable11f42eb2(PartitionKey=\u0027A\u0027\u0027aaa%22_bbbb2\u0027,RowKey=\u0027%22A\u0027\u0027aaa%22_bbbb2\u0027)",
        "Transfer-Encoding": "chunked",
        "x-ms-request-id": "03e402f2-9fd4-43ee-bc95-4970db620e6a"
      },
      "ResponseBody": {
        "odata.metadata": "https://yalltbtestsprim.table.cosmos.azure.com/uttable11f42eb2/$metadata#uttable11f42eb2/@Element",
        "odata.etag": "W/\u0022datetime\u00272021-09-16T23%3A46%3A33.1184136Z\u0027\u0022",
        "PartitionKey": "A\u0027aaa\u0022_bbbb2",
        "RowKey": "\u0022A\u0027aaa\u0022_bbbb2",
        "test": "\u0022A\u0027aaa\u0022_bbbb2",
        "Timestamp": "2021-09-16T23:46:33.1184136Z"
      }
    },
    {
      "RequestUri": "https://yalltbtestsprim.table.cosmos.azure.com/uttable11f42eb2(PartitionKey=\u0027A\u0027\u0027aaa\u0022_bbbb2\u0027,RowKey=\u0027\u0022A\u0027\u0027aaa\u0022_bbbb2\u0027)",
      "RequestMethod": "GET",
      "RequestHeaders": {
        "Accept": "application/json;odata=minimalmetadata",
        "Accept-Encoding": "gzip, deflate",
        "Authorization": "Sanitized",
        "Connection": "keep-alive",
        "DataServiceVersion": "3.0",
        "Date": "Thu, 16 Sep 2021 23:46:34 GMT",
        "User-Agent": "azsdk-python-data-tables/12.1.1 Python/3.9.2 (Windows-10-10.0.19041-SP0)",
        "x-ms-client-request-id": "5352ea33-1748-11ec-ad9a-5cf37093a909",
        "x-ms-date": "Thu, 16 Sep 2021 23:46:34 GMT",
        "x-ms-version": "2019-02-02"
      },
      "RequestBody": null,
      "StatusCode": 403,
      "ResponseHeaders": {
        "Content-Type": "application/json; odata=minimalmetadata",
        "Date": "Thu, 16 Sep 2021 23:46:32 GMT",
        "Transfer-Encoding": "chunked",
        "x-ms-request-id": "a1788695-a4bf-4cde-bf1b-1cc60b73ae04"
      },
      "ResponseBody": [
        "{\u0022odata.error\u0022:{\u0022code\u0022:\u0022Forbidden\u0022,\u0022message\u0022:{\u0022lang\u0022:\u0022en-us\u0022,\u0022value\u0022:\u0022The input authorization token can\u0027t serve the request. Please check that the expected payload is built as per the protocol, and check the key being used. Server used the following payload to sign: \u0027GET\\n\\n\\nThu, 16 Sep 2021 23:46:34 GMT\\n/yalltbtestsprim/uttable11f42eb2(PartitionKey=\u0027A\u0027\u0027aaa%22_bbbb2\u0027,RowKey=\u0027%22A\u0027\u0027aaa%22_bbbb2\u0027)\u0027\\r\\nActivityId: a1788695-a4bf-4cde-bf1b-1cc60b73ae04, documentdb-dotnet-sdk/2.14.0 Host/64-bit MicrosoftWindowsNT/6.2.9200.0\\nRequestID:a1788695-a4bf-4cde-bf1b-1cc60b73ae04\\n\u0022}}}\r\n"
      ]
    },
    {
      "RequestUri": "https://yalltbtestsprim.table.cosmos.azure.com/Tables",
      "RequestMethod": "GET",
      "RequestHeaders": {
        "Accept": "application/json;odata=minimalmetadata",
        "Accept-Encoding": "gzip, deflate",
        "Authorization": "Sanitized",
        "Connection": "keep-alive",
        "DataServiceVersion": "3.0",
        "Date": "Thu, 16 Sep 2021 23:46:34 GMT",
        "User-Agent": "azsdk-python-data-tables/12.1.1 Python/3.9.2 (Windows-10-10.0.19041-SP0)",
        "x-ms-client-request-id": "53571e52-1748-11ec-b8bd-5cf37093a909",
        "x-ms-date": "Thu, 16 Sep 2021 23:46:34 GMT",
        "x-ms-version": "2019-02-02"
      },
      "RequestBody": null,
      "StatusCode": 200,
      "ResponseHeaders": {
        "Content-Type": "application/json; odata=minimalmetadata",
        "Date": "Thu, 16 Sep 2021 23:46:32 GMT",
        "Transfer-Encoding": "chunked",
        "x-ms-request-id": "042e0622-ec4e-430a-bac6-71ec3fe1c944"
      },
      "ResponseBody": {
        "value": [
          {
            "TableName": "table211f42eb2"
          },
          {
            "TableName": "uttable11f42eb2"
          }
        ],
        "odata.metadata": "https://yalltbtestsprim.table.cosmos.azure.com/$metadata#Tables"
      }
    },
    {
      "RequestUri": "https://yalltbtestsprim.table.cosmos.azure.com/Tables(\u0027table211f42eb2\u0027)",
      "RequestMethod": "DELETE",
      "RequestHeaders": {
        "Accept": "application/json",
        "Accept-Encoding": "gzip, deflate",
        "Authorization": "Sanitized",
        "Connection": "keep-alive",
        "Content-Length": "0",
        "Date": "Thu, 16 Sep 2021 23:46:34 GMT",
        "User-Agent": "azsdk-python-data-tables/12.1.1 Python/3.9.2 (Windows-10-10.0.19041-SP0)",
        "x-ms-client-request-id": "535a7ff2-1748-11ec-bafb-5cf37093a909",
        "x-ms-date": "Thu, 16 Sep 2021 23:46:34 GMT",
        "x-ms-version": "2019-02-02"
      },
      "RequestBody": null,
      "StatusCode": 204,
      "ResponseHeaders": {
        "Date": "Thu, 16 Sep 2021 23:46:32 GMT",
        "x-ms-request-id": "c0ec4ab3-b23f-4463-a55e-c5f5c273eacf"
      },
      "ResponseBody": null
    },
    {
      "RequestUri": "https://yalltbtestsprim.table.cosmos.azure.com/Tables(\u0027uttable11f42eb2\u0027)",
      "RequestMethod": "DELETE",
      "RequestHeaders": {
        "Accept": "application/json",
        "Accept-Encoding": "gzip, deflate",
        "Authorization": "Sanitized",
        "Connection": "keep-alive",
        "Content-Length": "0",
        "Date": "Thu, 16 Sep 2021 23:46:34 GMT",
        "User-Agent": "azsdk-python-data-tables/12.1.1 Python/3.9.2 (Windows-10-10.0.19041-SP0)",
        "x-ms-client-request-id": "53a0786b-1748-11ec-8ee6-5cf37093a909",
        "x-ms-date": "Thu, 16 Sep 2021 23:46:34 GMT",
        "x-ms-version": "2019-02-02"
      },
      "RequestBody": null,
      "StatusCode": 204,
      "ResponseHeaders": {
        "Date": "Thu, 16 Sep 2021 23:46:33 GMT",
        "x-ms-request-id": "d80260ab-05e0-4a75-9ffb-a1a0555305ea"
      },
      "ResponseBody": null
    }
  ],
  "Variables": {}
}