{
  "Entries": [
    {
      "RequestUri": "https://fakeendpoint.table.cosmos.azure.com/Tables",
      "RequestMethod": "POST",
      "RequestHeaders": {
        "Accept": "application/json;odata=minimalmetadata",
        "Accept-Encoding": "gzip, deflate",
        "Authorization": "Sanitized",
        "Content-Length": "32",
        "Content-Type": "application/json;odata=nometadata",
        "DataServiceVersion": "3.0",
        "Date": "Thu, 09 Dec 2021 02:33:00 GMT",
        "User-Agent": "azsdk-python-data-tables/12.2.1 Python/3.10.0 (Windows-10-10.0.22000-SP0)",
        "x-ms-client-request-id": "53f78b51-5898-11ec-932f-c8348e51ab51",
        "x-ms-date": "Thu, 09 Dec 2021 02:33:00 GMT",
        "x-ms-version": "2019-02-02"
      },
      "RequestBody": "{\u0022TableName\u0022: \u0022uttablea8742ff7\u0022}",
      "StatusCode": 201,
      "ResponseHeaders": {
        "Content-Type": "application/json; odata=minimalmetadata",
        "Date": "Thu, 09 Dec 2021 02:33:01 GMT",
        "ETag": "W/\u0022datetime\u00272021-12-09T02%3A33%3A00.8471047Z\u0027\u0022",
        "Location": "https://fakeendpoint.table.cosmos.azure.com/Tables(\u0027uttablea8742ff7\u0027)",
        "Transfer-Encoding": "chunked",
        "x-ms-request-id": "22eaf515-ea96-40b2-a1f3-c3821f236e26"
      },
      "ResponseBody": {
        "TableName": "uttablea8742ff7",
        "odata.metadata": "https://fakeendpoint.table.cosmos.azure.com/$metadata#Tables/@Element"
      }
    },
    {
      "RequestUri": "https://fakeendpoint.table.cosmos.azure.com/uttablea8742ff7",
      "RequestMethod": "POST",
      "RequestHeaders": {
        "Accept": "application/json;odata=minimalmetadata",
        "Accept-Encoding": "gzip, deflate",
        "Authorization": "Sanitized",
        "Content-Length": "711",
        "Content-Type": "application/json;odata=nometadata",
        "DataServiceVersion": "3.0",
        "Date": "Thu, 09 Dec 2021 02:33:01 GMT",
        "User-Agent": "azsdk-python-data-tables/12.2.1 Python/3.10.0 (Windows-10-10.0.22000-SP0)",
        "x-ms-client-request-id": "54a3ece6-5898-11ec-8e6a-c8348e51ab51",
        "x-ms-date": "Thu, 09 Dec 2021 02:33:01 GMT",
        "x-ms-version": "2019-02-02"
      },
      "RequestBody": "{\u0022PartitionKey\u0022: \u0022pka8742ff7\u0022, \u0022PartitionKey@odata.type\u0022: \u0022Edm.String\u0022, \u0022RowKey\u0022: \u0022rka8742ff7\u0022, \u0022RowKey@odata.type\u0022: \u0022Edm.String\u0022, \u0022age\u0022: 39, \u0022sex\u0022: \u0022male\u0022, \u0022sex@odata.type\u0022: \u0022Edm.String\u0022, \u0022married\u0022: true, \u0022deceased\u0022: false, \u0022ratio\u0022: 3.1, \u0022ratio@odata.type\u0022: \u0022Edm.Double\u0022, \u0022evenratio\u0022: 3.0, \u0022evenratio@odata.type\u0022: \u0022Edm.Double\u0022, \u0022double\u0022: 5, \u0022double@odata.type\u0022: \u0022Edm.Double\u0022, \u0022large\u0022: 933311100, \u0022Birthday\u0022: \u00221973-10-04T00:00:00.000000Z\u0022, \u0022Birthday@odata.type\u0022: \u0022Edm.DateTime\u0022, \u0022birthday\u0022: \u00221970-10-04T00:00:00.000000Z\u0022, \u0022birthday@odata.type\u0022: \u0022Edm.DateTime\u0022, \u0022binary\u0022: \u0022YmluYXJ5\u0022, \u0022binary@odata.type\u0022: \u0022Edm.Binary\u0022, \u0022other\u0022: 20, \u0022clsid\u0022: \u0022c9da6455-213d-42c9-9a79-3e9149a57833\u0022, \u0022clsid@odata.type\u0022: \u0022Edm.Guid\u0022}",
      "StatusCode": 201,
      "ResponseHeaders": {
        "Content-Type": "application/json; odata=minimalmetadata",
        "Date": "Thu, 09 Dec 2021 02:33:01 GMT",
        "ETag": "W/\u0022datetime\u00272021-12-09T02%3A33%3A01.3829639Z\u0027\u0022",
        "Location": "https://fakeendpoint.table.cosmos.azure.com/uttablea8742ff7(PartitionKey=\u0027pka8742ff7\u0027,RowKey=\u0027rka8742ff7\u0027)",
        "Transfer-Encoding": "chunked",
        "x-ms-request-id": "3237e500-e1ad-4b91-a338-5c77c4974950"
      },
      "ResponseBody": {
        "odata.metadata": "https://fakeendpoint.table.cosmos.azure.com/uttablea8742ff7/$metadata#uttablea8742ff7/@Element",
        "odata.etag": "W/\u0022datetime\u00272021-12-09T02%3A33%3A01.3829639Z\u0027\u0022",
        "PartitionKey": "pka8742ff7",
        "RowKey": "rka8742ff7",
        "age": 39,
        "sex": "male",
        "married": true,
        "deceased": false,
        "ratio": 3.1,
        "evenratio": 3.0,
        "double": 5.0,
        "large": 933311100,
        "Birthday@odata.type": "Edm.DateTime",
        "Birthday": "1973-10-04T00:00:00.0000000Z",
        "birthday@odata.type": "Edm.DateTime",
        "birthday": "1970-10-04T00:00:00.0000000Z",
        "binary@odata.type": "Edm.Binary",
        "binary": "YmluYXJ5",
        "other": 20,
        "clsid@odata.type": "Edm.Guid",
        "clsid": "c9da6455-213d-42c9-9a79-3e9149a57833",
        "Timestamp": "2021-12-09T02:33:01.3829639Z"
      }
    },
    {
      "RequestUri": "https://fakeendpoint.table.cosmos.azure.com/uttablea8742ff7(PartitionKey=\u0027pka8742ff7\u0027,RowKey=\u0027rka8742ff7\u0027)",
      "RequestMethod": "PUT",
      "RequestHeaders": {
        "Accept": "application/json",
        "Accept-Encoding": "gzip, deflate",
        "Authorization": "Sanitized",
        "Content-Length": "360",
        "Content-Type": "application/json",
        "DataServiceVersion": "3.0",
        "Date": "Thu, 09 Dec 2021 02:33:02 GMT",
        "If-Match": "*",
        "User-Agent": "azsdk-python-data-tables/12.2.1 Python/3.10.0 (Windows-10-10.0.22000-SP0)",
        "x-ms-client-request-id": "54b138ad-5898-11ec-b256-c8348e51ab51",
        "x-ms-date": "Thu, 09 Dec 2021 02:33:02 GMT",
        "x-ms-version": "2019-02-02"
      },
      "RequestBody": "{\u0022PartitionKey\u0022: \u0022pka8742ff7\u0022, \u0022PartitionKey@odata.type\u0022: \u0022Edm.String\u0022, \u0022RowKey\u0022: \u0022rka8742ff7\u0022, \u0022RowKey@odata.type\u0022: \u0022Edm.String\u0022, \u0022age\u0022: \u0022abc\u0022, \u0022age@odata.type\u0022: \u0022Edm.String\u0022, \u0022sex\u0022: \u0022female\u0022, \u0022sex@odata.type\u0022: \u0022Edm.String\u0022, \u0022sign\u0022: \u0022aquarius\u0022, \u0022sign@odata.type\u0022: \u0022Edm.String\u0022, \u0022birthday\u0022: \u00221991-10-04T00:00:00.000000Z\u0022, \u0022birthday@odata.type\u0022: \u0022Edm.DateTime\u0022}",
      "StatusCode": 204,
      "ResponseHeaders": {
        "Date": "Thu, 09 Dec 2021 02:33:01 GMT",
        "ETag": "W/\u0022datetime\u00272021-12-09T02%3A33%3A01.4251527Z\u0027\u0022",
        "x-ms-request-id": "3a317863-cd38-443f-9a97-caa2b11d0495"
      },
      "ResponseBody": null
    },
    {
      "RequestUri": "https://fakeendpoint.table.cosmos.azure.com/uttablea8742ff7(PartitionKey=\u0027pka8742ff7\u0027,RowKey=\u0027rka8742ff7\u0027)",
      "RequestMethod": "GET",
      "RequestHeaders": {
        "Accept": "application/json;odata=minimalmetadata",
        "Accept-Encoding": "gzip, deflate",
        "Authorization": "Sanitized",
        "DataServiceVersion": "3.0",
        "Date": "Thu, 09 Dec 2021 02:33:02 GMT",
        "User-Agent": "azsdk-python-data-tables/12.2.1 Python/3.10.0 (Windows-10-10.0.22000-SP0)",
        "x-ms-client-request-id": "54b77d8c-5898-11ec-9ec0-c8348e51ab51",
        "x-ms-date": "Thu, 09 Dec 2021 02:33:02 GMT",
        "x-ms-version": "2019-02-02"
      },
      "RequestBody": null,
      "StatusCode": 200,
      "ResponseHeaders": {
        "Content-Type": "application/json; odata=minimalmetadata",
        "Date": "Thu, 09 Dec 2021 02:33:01 GMT",
        "ETag": "W/\u0022datetime\u00272021-12-09T02%3A33%3A01.4251527Z\u0027\u0022",
        "Transfer-Encoding": "chunked",
        "x-ms-request-id": "866cb189-1dc9-4e4b-9367-ad4da4c8f2cd"
      },
      "ResponseBody": {
        "odata.metadata": "https://fakeendpoint.table.cosmos.azure.com/uttablea8742ff7/$metadata#uttablea8742ff7/@Element",
        "odata.etag": "W/\u0022datetime\u00272021-12-09T02%3A33%3A01.4251527Z\u0027\u0022",
        "PartitionKey": "pka8742ff7",
        "RowKey": "rka8742ff7",
        "age": "abc",
        "sex": "female",
        "sign": "aquarius",
        "birthday@odata.type": "Edm.DateTime",
        "birthday": "1991-10-04T00:00:00.0000000Z",
        "Timestamp": "2021-12-09T02:33:01.4251527Z"
      }
    },
    {
      "RequestUri": "https://fakeendpoint.table.cosmos.azure.com/Tables",
      "RequestMethod": "GET",
      "RequestHeaders": {
        "Accept": "application/json;odata=minimalmetadata",
        "Accept-Encoding": "gzip, deflate",
        "Authorization": "Sanitized",
        "DataServiceVersion": "3.0",
        "Date": "Thu, 09 Dec 2021 02:33:02 GMT",
        "User-Agent": "azsdk-python-data-tables/12.2.1 Python/3.10.0 (Windows-10-10.0.22000-SP0)",
        "x-ms-client-request-id": "54c2dc26-5898-11ec-a869-c8348e51ab51",
        "x-ms-date": "Thu, 09 Dec 2021 02:33:02 GMT",
        "x-ms-version": "2019-02-02"
      },
      "RequestBody": null,
      "StatusCode": 200,
      "ResponseHeaders": {
        "Content-Type": "application/json; odata=minimalmetadata",
        "Date": "Thu, 09 Dec 2021 02:33:01 GMT",
        "Transfer-Encoding": "chunked",
        "x-ms-request-id": "28db7f62-bc2c-48a0-a40f-4de8abcaf651"
      },
      "ResponseBody": {
        "value": [
          {
            "TableName": "uttablea8742ff7"
          }
        ],
        "odata.metadata": "https://fakeendpoint.table.cosmos.azure.com/$metadata#Tables"
      }
    },
    {
      "RequestUri": "https://fakeendpoint.table.cosmos.azure.com/Tables(\u0027uttablea8742ff7\u0027)",
      "RequestMethod": "DELETE",
      "RequestHeaders": {
        "Accept": "application/json",
        "Accept-Encoding": "gzip, deflate",
        "Authorization": "Sanitized",
        "Content-Length": "0",
        "Date": "Thu, 09 Dec 2021 02:33:02 GMT",
        "User-Agent": "azsdk-python-data-tables/12.2.1 Python/3.10.0 (Windows-10-10.0.22000-SP0)",
        "x-ms-client-request-id": "54c80120-5898-11ec-a2c9-c8348e51ab51",
        "x-ms-date": "Thu, 09 Dec 2021 02:33:02 GMT",
        "x-ms-version": "2019-02-02"
      },
      "RequestBody": null,
      "StatusCode": 204,
      "ResponseHeaders": {
        "Date": "Thu, 09 Dec 2021 02:33:01 GMT",
        "x-ms-request-id": "aa59f6f2-089f-40eb-8ebd-c503a4b59502"
      },
      "ResponseBody": null
    }
  ],
  "Variables": {}
}
