{
  "Entries": [
    {
      "RequestUri": "https://fakeendpoint.table.cosmos.azure.com/Tables",
      "RequestMethod": "POST",
      "RequestHeaders": {
        "Accept": "application/json;odata=minimalmetadata",
        "Accept-Encoding": "gzip, deflate",
        "Authorization": "Sanitized",
        "Content-Length": "32",
        "Content-Type": "application/json;odata=nometadata",
        "DataServiceVersion": "3.0",
        "Date": "Thu, 09 Dec 2021 02:33:18 GMT",
        "User-Agent": "azsdk-python-data-tables/12.2.1 Python/3.10.0 (Windows-10-10.0.22000-SP0)",
        "x-ms-client-request-id": "5e2f27d3-5898-11ec-bc1b-c8348e51ab51",
        "x-ms-date": "Thu, 09 Dec 2021 02:33:18 GMT",
        "x-ms-version": "2019-02-02"
      },
      "RequestBody": "{\u0022TableName\u0022: \u0022uttableb4353611\u0022}",
      "StatusCode": 201,
      "ResponseHeaders": {
        "Content-Type": "application/json; odata=minimalmetadata",
        "Date": "Thu, 09 Dec 2021 02:33:18 GMT",
        "ETag": "W/\u0022datetime\u00272021-12-09T02%3A33%3A17.9703303Z\u0027\u0022",
        "Location": "https://fakeendpoint.table.cosmos.azure.com/Tables(\u0027uttableb4353611\u0027)",
        "Transfer-Encoding": "chunked",
        "x-ms-request-id": "1555c32e-4a18-4f72-8b04-575505b95c19"
      },
      "ResponseBody": {
        "TableName": "uttableb4353611",
        "odata.metadata": "https://fakeendpoint.table.cosmos.azure.com/$metadata#Tables/@Element"
      }
    },
    {
      "RequestUri": "https://fakeendpoint.table.cosmos.azure.com/uttableb4353611",
      "RequestMethod": "POST",
      "RequestHeaders": {
        "Accept": "application/json;odata=minimalmetadata",
        "Accept-Encoding": "gzip, deflate",
        "Authorization": "Sanitized",
        "Content-Length": "711",
        "Content-Type": "application/json;odata=nometadata",
        "DataServiceVersion": "3.0",
        "Date": "Thu, 09 Dec 2021 02:33:19 GMT",
        "User-Agent": "azsdk-python-data-tables/12.2.1 Python/3.10.0 (Windows-10-10.0.22000-SP0)",
        "x-ms-client-request-id": "5edc6923-5898-11ec-895e-c8348e51ab51",
        "x-ms-date": "Thu, 09 Dec 2021 02:33:19 GMT",
        "x-ms-version": "2019-02-02"
      },
      "RequestBody": "{\u0022PartitionKey\u0022: \u0022pkb4353611\u0022, \u0022PartitionKey@odata.type\u0022: \u0022Edm.String\u0022, \u0022RowKey\u0022: \u0022rkb4353611\u0022, \u0022RowKey@odata.type\u0022: \u0022Edm.String\u0022, \u0022age\u0022: 39, \u0022sex\u0022: \u0022male\u0022, \u0022sex@odata.type\u0022: \u0022Edm.String\u0022, \u0022married\u0022: true, \u0022deceased\u0022: false, \u0022ratio\u0022: 3.1, \u0022ratio@odata.type\u0022: \u0022Edm.Double\u0022, \u0022evenratio\u0022: 3.0, \u0022evenratio@odata.type\u0022: \u0022Edm.Double\u0022, \u0022double\u0022: 5, \u0022double@odata.type\u0022: \u0022Edm.Double\u0022, \u0022large\u0022: 933311100, \u0022Birthday\u0022: \u00221973-10-04T00:00:00.000000Z\u0022, \u0022Birthday@odata.type\u0022: \u0022Edm.DateTime\u0022, \u0022birthday\u0022: \u00221970-10-04T00:00:00.000000Z\u0022, \u0022birthday@odata.type\u0022: \u0022Edm.DateTime\u0022, \u0022binary\u0022: \u0022YmluYXJ5\u0022, \u0022binary@odata.type\u0022: \u0022Edm.Binary\u0022, \u0022other\u0022: 20, \u0022clsid\u0022: \u0022c9da6455-213d-42c9-9a79-3e9149a57833\u0022, \u0022clsid@odata.type\u0022: \u0022Edm.Guid\u0022}",
      "StatusCode": 201,
      "ResponseHeaders": {
        "Content-Type": "application/json; odata=minimalmetadata",
        "Date": "Thu, 09 Dec 2021 02:33:18 GMT",
        "ETag": "W/\u0022datetime\u00272021-12-09T02%3A33%3A18.5363975Z\u0027\u0022",
        "Location": "https://fakeendpoint.table.cosmos.azure.com/uttableb4353611(PartitionKey=\u0027pkb4353611\u0027,RowKey=\u0027rkb4353611\u0027)",
        "Transfer-Encoding": "chunked",
        "x-ms-request-id": "3751ff5d-6e5f-496b-b1a1-025bf1642e27"
      },
      "ResponseBody": {
        "odata.metadata": "https://fakeendpoint.table.cosmos.azure.com/uttableb4353611/$metadata#uttableb4353611/@Element",
        "odata.etag": "W/\u0022datetime\u00272021-12-09T02%3A33%3A18.5363975Z\u0027\u0022",
        "PartitionKey": "pkb4353611",
        "RowKey": "rkb4353611",
        "age": 39,
        "sex": "male",
        "married": true,
        "deceased": false,
        "ratio": 3.1,
        "evenratio": 3.0,
        "double": 5.0,
        "large": 933311100,
        "Birthday@odata.type": "Edm.DateTime",
        "Birthday": "1973-10-04T00:00:00.0000000Z",
        "birthday@odata.type": "Edm.DateTime",
        "birthday": "1970-10-04T00:00:00.0000000Z",
        "binary@odata.type": "Edm.Binary",
        "binary": "YmluYXJ5",
        "other": 20,
        "clsid@odata.type": "Edm.Guid",
        "clsid": "c9da6455-213d-42c9-9a79-3e9149a57833",
        "Timestamp": "2021-12-09T02:33:18.5363975Z"
      }
    },
    {
      "RequestUri": "https://fakeendpoint.table.cosmos.azure.com/uttableb4353611(PartitionKey=\u0027pkb4353611\u0027,RowKey=\u0027rkb4353611\u0027)",
      "RequestMethod": "POST",
      "RequestHeaders": {
        "Accept": "application/json",
        "Accept-Encoding": "gzip, deflate",
        "Authorization": "Sanitized",
        "Content-Length": "360",
        "Content-Type": "application/json",
        "DataServiceVersion": "3.0",
        "Date": "Thu, 09 Dec 2021 02:33:19 GMT",
        "If-Match": "W/\u0022datetime\u00272021-12-09T02%3A33%3A18.5363975Z\u0027\u0022",
        "User-Agent": "azsdk-python-data-tables/12.2.1 Python/3.10.0 (Windows-10-10.0.22000-SP0)",
        "X-HTTP-Method": "MERGE",
        "x-ms-client-request-id": "5eeaa75f-5898-11ec-8ad3-c8348e51ab51",
        "x-ms-date": "Thu, 09 Dec 2021 02:33:19 GMT",
        "x-ms-version": "2019-02-02"
      },
      "RequestBody": "{\u0022PartitionKey\u0022: \u0022pkb4353611\u0022, \u0022PartitionKey@odata.type\u0022: \u0022Edm.String\u0022, \u0022RowKey\u0022: \u0022rkb4353611\u0022, \u0022RowKey@odata.type\u0022: \u0022Edm.String\u0022, \u0022age\u0022: \u0022abc\u0022, \u0022age@odata.type\u0022: \u0022Edm.String\u0022, \u0022sex\u0022: \u0022female\u0022, \u0022sex@odata.type\u0022: \u0022Edm.String\u0022, \u0022sign\u0022: \u0022aquarius\u0022, \u0022sign@odata.type\u0022: \u0022Edm.String\u0022, \u0022birthday\u0022: \u00221991-10-04T00:00:00.000000Z\u0022, \u0022birthday@odata.type\u0022: \u0022Edm.DateTime\u0022}",
      "StatusCode": 204,
      "ResponseHeaders": {
        "Date": "Thu, 09 Dec 2021 02:33:18 GMT",
        "ETag": "W/\u0022datetime\u00272021-12-09T02%3A33%3A18.5860615Z\u0027\u0022",
        "x-ms-request-id": "84e9f1ed-f668-450f-aa5d-daac3d345a3e"
      },
      "ResponseBody": null
    },
    {
      "RequestUri": "https://fakeendpoint.table.cosmos.azure.com/uttableb4353611(PartitionKey=\u0027pkb4353611\u0027,RowKey=\u0027rkb4353611\u0027)",
      "RequestMethod": "GET",
      "RequestHeaders": {
        "Accept": "application/json;odata=minimalmetadata",
        "Accept-Encoding": "gzip, deflate",
        "Authorization": "Sanitized",
        "DataServiceVersion": "3.0",
        "Date": "Thu, 09 Dec 2021 02:33:19 GMT",
        "User-Agent": "azsdk-python-data-tables/12.2.1 Python/3.10.0 (Windows-10-10.0.22000-SP0)",
        "x-ms-client-request-id": "5ef22278-5898-11ec-a3f2-c8348e51ab51",
        "x-ms-date": "Thu, 09 Dec 2021 02:33:19 GMT",
        "x-ms-version": "2019-02-02"
      },
      "RequestBody": null,
      "StatusCode": 200,
      "ResponseHeaders": {
        "Content-Type": "application/json; odata=minimalmetadata",
        "Date": "Thu, 09 Dec 2021 02:33:18 GMT",
        "ETag": "W/\u0022datetime\u00272021-12-09T02%3A33%3A18.5860615Z\u0027\u0022",
        "Transfer-Encoding": "chunked",
        "x-ms-request-id": "0e3e259f-e88e-4019-a389-8bbaac0a873e"
      },
      "ResponseBody": {
        "odata.metadata": "https://fakeendpoint.table.cosmos.azure.com/uttableb4353611/$metadata#uttableb4353611/@Element",
        "odata.etag": "W/\u0022datetime\u00272021-12-09T02%3A33%3A18.5860615Z\u0027\u0022",
        "PartitionKey": "pkb4353611",
        "RowKey": "rkb4353611",
        "age": "abc",
        "sex": "female",
        "married": true,
        "deceased": false,
        "ratio": 3.1,
        "evenratio": 3.0,
        "double": 5.0,
        "large": 933311100,
        "Birthday@odata.type": "Edm.DateTime",
        "Birthday": "1973-10-04T00:00:00.0000000Z",
        "birthday@odata.type": "Edm.DateTime",
        "birthday": "1991-10-04T00:00:00.0000000Z",
        "binary@odata.type": "Edm.Binary",
        "binary": "YmluYXJ5",
        "other": 20,
        "clsid@odata.type": "Edm.Guid",
        "clsid": "c9da6455-213d-42c9-9a79-3e9149a57833",
        "sign": "aquarius",
        "Timestamp": "2021-12-09T02:33:18.5860615Z"
      }
    },
    {
      "RequestUri": "https://fakeendpoint.table.cosmos.azure.com/Tables",
      "RequestMethod": "GET",
      "RequestHeaders": {
        "Accept": "application/json;odata=minimalmetadata",
        "Accept-Encoding": "gzip, deflate",
        "Authorization": "Sanitized",
        "DataServiceVersion": "3.0",
        "Date": "Thu, 09 Dec 2021 02:33:19 GMT",
        "User-Agent": "azsdk-python-data-tables/12.2.1 Python/3.10.0 (Windows-10-10.0.22000-SP0)",
        "x-ms-client-request-id": "5efd7cb1-5898-11ec-91d6-c8348e51ab51",
        "x-ms-date": "Thu, 09 Dec 2021 02:33:19 GMT",
        "x-ms-version": "2019-02-02"
      },
      "RequestBody": null,
      "StatusCode": 200,
      "ResponseHeaders": {
        "Content-Type": "application/json; odata=minimalmetadata",
        "Date": "Thu, 09 Dec 2021 02:33:18 GMT",
        "Transfer-Encoding": "chunked",
        "x-ms-request-id": "8c2ede91-ed41-4b85-89b1-e3339e24b282"
      },
      "ResponseBody": {
        "value": [
          {
            "TableName": "uttableb4353611"
          }
        ],
        "odata.metadata": "https://fakeendpoint.table.cosmos.azure.com/$metadata#Tables"
      }
    },
    {
      "RequestUri": "https://fakeendpoint.table.cosmos.azure.com/Tables(\u0027uttableb4353611\u0027)",
      "RequestMethod": "DELETE",
      "RequestHeaders": {
        "Accept": "application/json",
        "Accept-Encoding": "gzip, deflate",
        "Authorization": "Sanitized",
        "Content-Length": "0",
        "Date": "Thu, 09 Dec 2021 02:33:19 GMT",
        "User-Agent": "azsdk-python-data-tables/12.2.1 Python/3.10.0 (Windows-10-10.0.22000-SP0)",
        "x-ms-client-request-id": "5f037061-5898-11ec-9842-c8348e51ab51",
        "x-ms-date": "Thu, 09 Dec 2021 02:33:19 GMT",
        "x-ms-version": "2019-02-02"
      },
      "RequestBody": null,
      "StatusCode": 204,
      "ResponseHeaders": {
        "Date": "Thu, 09 Dec 2021 02:33:18 GMT",
        "x-ms-request-id": "d105d9d6-a27c-4297-825a-7432a6c5e4c9"
      },
      "ResponseBody": null
    }
  ],
  "Variables": {}
}
