interactions:
- request:
    body: '{"TableName": "uttable371919b0"}'
    headers:
      Accept:
      - application/json;odata=minimalmetadata
      Content-Length:
      - '32'
      Content-Type:
      - application/json;odata=nometadata
      DataServiceVersion:
      - '3.0'
      Date:
      - Thu, 08 Apr 2021 14:35:09 GMT
      User-Agent:
      - azsdk-python-data-tables/12.0.0b7 Python/3.9.0rc1 (Windows-10-10.0.19041-SP0)
      x-ms-date:
      - Thu, 08 Apr 2021 14:35:09 GMT
      x-ms-version:
      - '2019-02-02'
    method: POST
    uri: https://fake_cosmos_account.table.cosmos.azure.com/Tables
  response:
    body:
      string: '{"TableName":"uttable371919b0","odata.metadata":"https://fake_cosmos_account.table.cosmos.azure.com/$metadata#Tables/@Element"}'
    headers:
      content-type: application/json;odata=minimalmetadata
      date: Thu, 08 Apr 2021 14:35:10 GMT
      etag: W/"datetime'2021-04-08T14%3A35%3A10.4793608Z'"
      location: https://fake_cosmos_account.table.cosmos.azure.com/Tables('uttable371919b0')
      server: Microsoft-HTTPAPI/2.0
      transfer-encoding: chunked
    status:
      code: 201
      message: Ok
    url: https://seankaneprim.table.cosmos.azure.com/Tables
- request:
    body: '{"PartitionKey": "pk371919b0", "PartitionKey@odata.type": "Edm.String",
      "RowKey": "rk371919b0", "RowKey@odata.type": "Edm.String", "age": 39, "sex":
      "male", "sex@odata.type": "Edm.String", "married": true, "deceased": false,
      "ratio": 3.1, "evenratio": 3.0, "large": 933311100, "Birthday": "1973-10-04T00:00:00.000000Z",
      "Birthday@odata.type": "Edm.DateTime", "birthday": "1970-10-04T00:00:00.000000Z",
      "birthday@odata.type": "Edm.DateTime", "binary": "YmluYXJ5", "binary@odata.type":
      "Edm.Binary", "other": 20, "clsid": "c9da6455-213d-42c9-9a79-3e9149a57833",
      "clsid@odata.type": "Edm.Guid"}'
    headers:
      Accept:
      - application/json;odata=minimalmetadata
      Content-Length:
      - '591'
      Content-Type:
      - application/json;odata=nometadata
      DataServiceVersion:
      - '3.0'
      Date:
      - Thu, 08 Apr 2021 14:35:10 GMT
      User-Agent:
      - azsdk-python-data-tables/12.0.0b7 Python/3.9.0rc1 (Windows-10-10.0.19041-SP0)
      x-ms-date:
      - Thu, 08 Apr 2021 14:35:10 GMT
      x-ms-version:
      - '2019-02-02'
    method: POST
    uri: https://fake_cosmos_account.table.cosmos.azure.com/uttable371919b0
  response:
    body:
      string: '{"odata.metadata":"https://fake_cosmos_account.table.cosmos.azure.com/uttable371919b0/$metadata#uttable371919b0/@Element","odata.etag":"W/\"datetime''2021-04-08T14%3A35%3A11.1103496Z''\"","PartitionKey":"pk371919b0","RowKey":"rk371919b0","age":39,"sex":"male","married":true,"deceased":false,"ratio":3.1,"evenratio":3.0,"large":933311100,"Birthday@odata.type":"Edm.DateTime","Birthday":"1973-10-04T00:00:00.0000000Z","birthday@odata.type":"Edm.DateTime","birthday":"1970-10-04T00:00:00.0000000Z","binary@odata.type":"Edm.Binary","binary":"YmluYXJ5","other":20,"clsid@odata.type":"Edm.Guid","clsid":"c9da6455-213d-42c9-9a79-3e9149a57833","Timestamp":"2021-04-08T14:35:11.1103496Z"}'
    headers:
      content-type: application/json;odata=minimalmetadata
      date: Thu, 08 Apr 2021 14:35:10 GMT
      etag: W/"datetime'2021-04-08T14%3A35%3A11.1103496Z'"
      location: https://fake_cosmos_account.table.cosmos.azure.com/uttable371919b0(PartitionKey='pk371919b0',RowKey='rk371919b0')
      server: Microsoft-HTTPAPI/2.0
      transfer-encoding: chunked
    status:
      code: 201
      message: Created
    url: https://seankaneprim.table.cosmos.azure.com/uttable371919b0
- request:
    body: "--batch_b1db3e2a-a600-4710-b27b-b8c1f82aaffc\r\nContent-Type: multipart/mixed;\
      \ boundary=changeset_ed15d026-f313-4dbb-9952-5355e6b75ed3\r\n\r\n--changeset_ed15d026-f313-4dbb-9952-5355e6b75ed3\r\
      \nContent-Type: application/http\r\nContent-Transfer-Encoding: binary\r\nContent-ID:\
      \ 0\r\n\r\nPOST https://seankaneprim.table.cosmos.azure.com/uttable371919b0(PartitionKey='pk371919b0',RowKey='rk371919b0')\
      \ HTTP/1.1\r\nx-ms-version: 2019-02-02\r\nDataServiceVersion: 3.0\r\nIf-Match:\
      \ W/\"datetime'2012-06-15T22%3A51%3A44.9662825Z'\"\r\nContent-Type: application/json\r\
      \nAccept: application/json\r\nContent-Length: 360\r\nX-HTTP-Method: MERGE\r\n\
      x-ms-date: Thu, 08 Apr 2021 14:35:10 GMT\r\nDate: Thu, 08 Apr 2021 14:35:10\
      \ GMT\r\nx-ms-client-request-id: 9f6c63c1-9877-11eb-be9f-58961df361ce\r\n\r\n\
      {\"PartitionKey\": \"pk371919b0\", \"PartitionKey@odata.type\": \"Edm.String\"\
      , \"RowKey\": \"rk371919b0\", \"RowKey@odata.type\": \"Edm.String\", \"age\"\
      : \"abc\", \"age@odata.type\": \"Edm.String\", \"sex\": \"female\", \"sex@odata.type\"\
      : \"Edm.String\", \"sign\": \"aquarius\", \"sign@odata.type\": \"Edm.String\"\
      , \"birthday\": \"1991-10-04T00:00:00.000000Z\", \"birthday@odata.type\": \"\
      Edm.DateTime\"}\r\n--changeset_ed15d026-f313-4dbb-9952-5355e6b75ed3--\r\n\r\n\
      --batch_b1db3e2a-a600-4710-b27b-b8c1f82aaffc--\r\n"
    headers:
      Content-Length:
      - '1209'
      Content-Type:
      - multipart/mixed; boundary=batch_b1db3e2a-a600-4710-b27b-b8c1f82aaffc
      DataServiceVersion:
      - '3.0'
      Date:
      - Thu, 08 Apr 2021 14:35:10 GMT
      MaxDataServiceVersion:
      - 3.0;NetFx
      User-Agent:
      - azsdk-python-data-tables/12.0.0b7 Python/3.9.0rc1 (Windows-10-10.0.19041-SP0)
      x-ms-date:
      - Thu, 08 Apr 2021 14:35:10 GMT
      x-ms-version:
      - '2019-02-02'
    method: POST
    uri: https://fake_cosmos_account.table.cosmos.azure.com/$batch
  response:
    body:
      string: "--batchresponse_3899ffa8-af38-47e2-98a1-57afcb932c3d\nContent-Type:\
        \ multipart/mixed; boundary=changesetresponse_47d937e6-22c9-465d-b1e2-231a519ad859\r\
        \n\r\n--changesetresponse_47d937e6-22c9-465d-b1e2-231a519ad859\nContent-Type:\
        \ application/http\nContent-Transfer-Encoding: binary\n\nHTTP/1.1 412 Precondition\
        \ Failed\r\nContent-Type: application/json;odata=fullmetadata\r\n\r\n{\"odata.error\"\
        :{\"code\":\"UpdateConditionNotSatisfied\",\"message\":{\"lang\":\"en-us\"\
        ,\"value\":\"0:The update condition specified in the request was not satisfied.\\\
        n\\nRequestID:9f6cb1da-9877-11eb-80e9-58961df361ce\\n\"}}}\r\n--changesetresponse_47d937e6-22c9-465d-b1e2-231a519ad859--\n\
        --batchresponse_3899ffa8-af38-47e2-98a1-57afcb932c3d--\r\n"
    headers:
      content-type: multipart/mixed; boundary=batchresponse_3899ffa8-af38-47e2-98a1-57afcb932c3d
      date: Thu, 08 Apr 2021 14:35:10 GMT
      server: Microsoft-HTTPAPI/2.0
      transfer-encoding: chunked
    status:
      code: 202
      message: Accepted
    url: https://seankaneprim.table.cosmos.azure.com/$batch
- request:
    body: null
    headers:
      Accept:
      - application/json;odata=minimalmetadata
      DataServiceVersion:
      - '3.0'
      Date:
      - Thu, 08 Apr 2021 14:35:10 GMT
      User-Agent:
      - azsdk-python-data-tables/12.0.0b7 Python/3.9.0rc1 (Windows-10-10.0.19041-SP0)
      x-ms-date:
      - Thu, 08 Apr 2021 14:35:10 GMT
      x-ms-version:
      - '2019-02-02'
    method: GET
    uri: https://fake_cosmos_account.table.cosmos.azure.com/uttable371919b0(PartitionKey='pk371919b0',RowKey='rk371919b0')
  response:
    body:
      string: '{"odata.metadata":"https://fake_cosmos_account.table.cosmos.azure.com/uttable371919b0/$metadata#uttable371919b0/@Element","odata.etag":"W/\"datetime''2021-04-08T14%3A35%3A11.1103496Z''\"","PartitionKey":"pk371919b0","RowKey":"rk371919b0","age":39,"sex":"male","married":true,"deceased":false,"ratio":3.1,"evenratio":3.0,"large":933311100,"Birthday@odata.type":"Edm.DateTime","Birthday":"1973-10-04T00:00:00.0000000Z","birthday@odata.type":"Edm.DateTime","birthday":"1970-10-04T00:00:00.0000000Z","binary@odata.type":"Edm.Binary","binary":"YmluYXJ5","other":20,"clsid@odata.type":"Edm.Guid","clsid":"c9da6455-213d-42c9-9a79-3e9149a57833","Timestamp":"2021-04-08T14:35:11.1103496Z"}'
    headers:
      content-type: application/json;odata=minimalmetadata
      date: Thu, 08 Apr 2021 14:35:10 GMT
      etag: W/"datetime'2021-04-08T14%3A35%3A11.1103496Z'"
      server: Microsoft-HTTPAPI/2.0
      transfer-encoding: chunked
    status:
      code: 200
      message: Ok
    url: https://seankaneprim.table.cosmos.azure.com/uttable371919b0(PartitionKey='pk371919b0',RowKey='rk371919b0')
- request:
    body: null
    headers:
      Accept:
      - application/json
      Date:
      - Thu, 08 Apr 2021 14:35:11 GMT
      User-Agent:
      - azsdk-python-data-tables/12.0.0b7 Python/3.9.0rc1 (Windows-10-10.0.19041-SP0)
      x-ms-date:
      - Thu, 08 Apr 2021 14:35:11 GMT
      x-ms-version:
      - '2019-02-02'
    method: DELETE
    uri: https://fake_cosmos_account.table.cosmos.azure.com/Tables('uttable371919b0')
  response:
    body:
      string: ''
    headers:
      content-length: '0'
      date: Thu, 08 Apr 2021 14:35:11 GMT
      server: Microsoft-HTTPAPI/2.0
    status:
      code: 204
      message: No Content
    url: https://seankaneprim.table.cosmos.azure.com/Tables('uttable371919b0')
- request:
    body: null
    headers:
      Accept:
      - application/json
      Date:
      - Thu, 08 Apr 2021 14:35:11 GMT
      User-Agent:
      - azsdk-python-data-tables/12.0.0b7 Python/3.9.0rc1 (Windows-10-10.0.19041-SP0)
      x-ms-date:
      - Thu, 08 Apr 2021 14:35:11 GMT
      x-ms-version:
      - '2019-02-02'
    method: DELETE
    uri: https://fake_cosmos_account.table.cosmos.azure.com/Tables('uttable371919b0')
  response:
    body:
      string: "{\"odata.error\":{\"code\":\"ResourceNotFound\",\"message\":{\"lang\"\
        :\"en-us\",\"value\":\"The specified resource does not exist.\\nRequestID:9feef0fa-9877-11eb-b3be-58961df361ce\\\
        n\"}}}\r\n"
    headers:
      content-type: application/json;odata=fullmetadata
      date: Thu, 08 Apr 2021 14:35:11 GMT
      server: Microsoft-HTTPAPI/2.0
      transfer-encoding: chunked
    status:
      code: 404
      message: Not Found
    url: https://seankaneprim.table.cosmos.azure.com/Tables('uttable371919b0')
version: 1
