interactions:
- request:
    body: '{"TableName": "uttablec19d1802"}'
    headers:
      Accept:
      - application/json;odata=minimalmetadata
      Accept-Encoding:
      - gzip, deflate
      Connection:
      - keep-alive
      Content-Length:
      - '32'
      Content-Type:
      - application/json;odata=nometadata
      DataServiceVersion:
      - '3.0'
      Date:
      - Thu, 20 Aug 2020 21:12:30 GMT
      User-Agent:
      - azsdk-python-data-tables/2019-07-07 Python/3.8.4 (Windows-10-10.0.19041-SP0)
      x-ms-date:
      - Thu, 20 Aug 2020 21:12:30 GMT
      x-ms-version:
      - '2019-07-07'
    method: POST
    uri: https://storagename.table.core.windows.net/Tables
  response:
    body:
      string: '{"odata.metadata":"https://storagename.table.core.windows.net/$metadata#Tables/@Element","TableName":"uttablec19d1802"}'
    headers:
      cache-control:
      - no-cache
      content-type:
      - application/json;odata=minimalmetadata;streaming=true;charset=utf-8
      date:
      - Thu, 20 Aug 2020 21:12:30 GMT
      location:
      - https://storagename.table.core.windows.net/Tables('uttablec19d1802')
      server:
      - Windows-Azure-Table/1.0 Microsoft-HTTPAPI/2.0
      transfer-encoding:
      - chunked
      x-content-type-options:
      - nosniff
      x-ms-version:
      - '2019-07-07'
    status:
      code: 201
      message: Created
- request:
    body: '{"PartitionKey": "pkc19d1802", "RowKey": "rkc19d1802", "age": "39", "age@odata.type":
      "Edm.Int64", "sex": "male", "married": true, "deceased": false, "ratio": 3.1,
      "evenratio": 3.0, "large": "933311100", "large@odata.type": "Edm.Int64", "Birthday":
      "1973-10-04T00:00:00Z", "Birthday@odata.type": "Edm.DateTime", "birthday": "1970-10-04T00:00:00Z",
      "birthday@odata.type": "Edm.DateTime", "binary": "YmluYXJ5", "binary@odata.type":
      "Edm.Binary", "other": 20, "clsid": "c9da6455-213d-42c9-9a79-3e9149a57833",
      "clsid@odata.type": "Edm.Guid"}'
    headers:
      Accept:
      - application/json;odata=minimalmetadata
      Accept-Encoding:
      - gzip, deflate
      Connection:
      - keep-alive
      Content-Length:
      - '537'
      Content-Type:
      - application/json;odata=nometadata
      DataServiceVersion:
      - '3.0'
      Date:
      - Thu, 20 Aug 2020 21:12:30 GMT
      User-Agent:
      - azsdk-python-data-tables/2019-07-07 Python/3.8.4 (Windows-10-10.0.19041-SP0)
      x-ms-date:
      - Thu, 20 Aug 2020 21:12:30 GMT
      x-ms-version:
      - '2019-07-07'
    method: POST
    uri: https://storagename.table.core.windows.net/uttablec19d1802
  response:
    body:
      string: '{"odata.metadata":"https://storagename.table.core.windows.net/$metadata#uttablec19d1802/@Element","odata.etag":"W/\"datetime''2020-08-20T21%3A12%3A30.6764582Z''\"","PartitionKey":"pkc19d1802","RowKey":"rkc19d1802","Timestamp":"2020-08-20T21:12:30.6764582Z","age@odata.type":"Edm.Int64","age":"39","sex":"male","married":true,"deceased":false,"ratio":3.1,"evenratio":3.0,"large@odata.type":"Edm.Int64","large":"933311100","Birthday@odata.type":"Edm.DateTime","Birthday":"1973-10-04T00:00:00Z","birthday@odata.type":"Edm.DateTime","birthday":"1970-10-04T00:00:00Z","binary@odata.type":"Edm.Binary","binary":"YmluYXJ5","other":20,"clsid@odata.type":"Edm.Guid","clsid":"c9da6455-213d-42c9-9a79-3e9149a57833"}'
    headers:
      cache-control:
      - no-cache
      content-type:
      - application/json;odata=minimalmetadata;streaming=true;charset=utf-8
      date:
      - Thu, 20 Aug 2020 21:12:30 GMT
      etag:
      - W/"datetime'2020-08-20T21%3A12%3A30.6764582Z'"
      location:
      - https://storagename.table.core.windows.net/uttablec19d1802(PartitionKey='pkc19d1802',RowKey='rkc19d1802')
      server:
      - Windows-Azure-Table/1.0 Microsoft-HTTPAPI/2.0
      transfer-encoding:
      - chunked
      x-content-type-options:
      - nosniff
      x-ms-version:
      - '2019-07-07'
    status:
      code: 201
      message: Created
- request:
    body: '{"TableName": "querytablec19d1802"}'
    headers:
      Accept:
      - application/json;odata=minimalmetadata
      Accept-Encoding:
      - gzip, deflate
      Connection:
      - keep-alive
      Content-Length:
      - '35'
      Content-Type:
      - application/json;odata=nometadata
      DataServiceVersion:
      - '3.0'
      Date:
      - Thu, 20 Aug 2020 21:12:30 GMT
      User-Agent:
      - azsdk-python-data-tables/2019-07-07 Python/3.8.4 (Windows-10-10.0.19041-SP0)
      x-ms-date:
      - Thu, 20 Aug 2020 21:12:30 GMT
      x-ms-version:
      - '2019-07-07'
    method: POST
    uri: https://storagename.table.core.windows.net/Tables
  response:
    body:
      string: '{"odata.metadata":"https://storagename.table.core.windows.net/$metadata#Tables/@Element","TableName":"querytablec19d1802"}'
    headers:
      cache-control:
      - no-cache
      content-type:
      - application/json;odata=minimalmetadata;streaming=true;charset=utf-8
      date:
      - Thu, 20 Aug 2020 21:12:30 GMT
      location:
      - https://storagename.table.core.windows.net/Tables('querytablec19d1802')
      server:
      - Windows-Azure-Table/1.0 Microsoft-HTTPAPI/2.0
      transfer-encoding:
      - chunked
      x-content-type-options:
      - nosniff
      x-ms-version:
      - '2019-07-07'
    status:
      code: 201
      message: Created
- request:
    body: '{"PartitionKey": "pkc19d1802", "RowKey": "rkc19d18021", "age": "39", "age@odata.type":
      "Edm.Int64", "sex": "male", "married": true, "deceased": false, "ratio": 3.1,
      "evenratio": 3.0, "large": "933311100", "large@odata.type": "Edm.Int64", "Birthday":
      "1973-10-04T00:00:00Z", "Birthday@odata.type": "Edm.DateTime", "birthday": "1970-10-04T00:00:00Z",
      "birthday@odata.type": "Edm.DateTime", "binary": "YmluYXJ5", "binary@odata.type":
      "Edm.Binary", "other": 20, "clsid": "c9da6455-213d-42c9-9a79-3e9149a57833",
      "clsid@odata.type": "Edm.Guid"}'
    headers:
      Accept:
      - application/json;odata=minimalmetadata
      Accept-Encoding:
      - gzip, deflate
      Connection:
      - keep-alive
      Content-Length:
      - '538'
      Content-Type:
      - application/json;odata=nometadata
      DataServiceVersion:
      - '3.0'
      Date:
      - Thu, 20 Aug 2020 21:12:30 GMT
      User-Agent:
      - azsdk-python-data-tables/2019-07-07 Python/3.8.4 (Windows-10-10.0.19041-SP0)
      x-ms-date:
      - Thu, 20 Aug 2020 21:12:30 GMT
      x-ms-version:
      - '2019-07-07'
    method: POST
    uri: https://storagename.table.core.windows.net/querytablec19d1802
  response:
    body:
      string: '{"odata.metadata":"https://storagename.table.core.windows.net/$metadata#querytablec19d1802/@Element","odata.etag":"W/\"datetime''2020-08-20T21%3A12%3A30.854584Z''\"","PartitionKey":"pkc19d1802","RowKey":"rkc19d18021","Timestamp":"2020-08-20T21:12:30.854584Z","age@odata.type":"Edm.Int64","age":"39","sex":"male","married":true,"deceased":false,"ratio":3.1,"evenratio":3.0,"large@odata.type":"Edm.Int64","large":"933311100","Birthday@odata.type":"Edm.DateTime","Birthday":"1973-10-04T00:00:00Z","birthday@odata.type":"Edm.DateTime","birthday":"1970-10-04T00:00:00Z","binary@odata.type":"Edm.Binary","binary":"YmluYXJ5","other":20,"clsid@odata.type":"Edm.Guid","clsid":"c9da6455-213d-42c9-9a79-3e9149a57833"}'
    headers:
      cache-control:
      - no-cache
      content-type:
      - application/json;odata=minimalmetadata;streaming=true;charset=utf-8
      date:
      - Thu, 20 Aug 2020 21:12:30 GMT
      etag:
      - W/"datetime'2020-08-20T21%3A12%3A30.854584Z'"
      location:
      - https://storagename.table.core.windows.net/querytablec19d1802(PartitionKey='pkc19d1802',RowKey='rkc19d18021')
      server:
      - Windows-Azure-Table/1.0 Microsoft-HTTPAPI/2.0
      transfer-encoding:
      - chunked
      x-content-type-options:
      - nosniff
      x-ms-version:
      - '2019-07-07'
    status:
      code: 201
      message: Created
- request:
    body: null
    headers:
      Accept:
      - application/json;odata=minimalmetadata
      Accept-Encoding:
      - gzip, deflate
      Connection:
      - keep-alive
      DataServiceVersion:
      - '3.0'
      Date:
      - Thu, 20 Aug 2020 21:12:30 GMT
      User-Agent:
      - azsdk-python-data-tables/2019-07-07 Python/3.8.4 (Windows-10-10.0.19041-SP0)
      x-ms-date:
      - Thu, 20 Aug 2020 21:12:30 GMT
      x-ms-version:
      - '2019-07-07'
    method: GET
    uri: https://storagename.table.core.windows.net/uttablec19d1802(PartitionKey='pkc19d1802',RowKey='rkc19d1802')
  response:
    body:
      string: '{"odata.metadata":"https://storagename.table.core.windows.net/$metadata#uttablec19d1802/@Element","odata.etag":"W/\"datetime''2020-08-20T21%3A12%3A30.6764582Z''\"","PartitionKey":"pkc19d1802","RowKey":"rkc19d1802","Timestamp":"2020-08-20T21:12:30.6764582Z","age@odata.type":"Edm.Int64","age":"39","sex":"male","married":true,"deceased":false,"ratio":3.1,"evenratio":3.0,"large@odata.type":"Edm.Int64","large":"933311100","Birthday@odata.type":"Edm.DateTime","Birthday":"1973-10-04T00:00:00Z","birthday@odata.type":"Edm.DateTime","birthday":"1970-10-04T00:00:00Z","binary@odata.type":"Edm.Binary","binary":"YmluYXJ5","other":20,"clsid@odata.type":"Edm.Guid","clsid":"c9da6455-213d-42c9-9a79-3e9149a57833"}'
    headers:
      cache-control:
      - no-cache
      content-type:
      - application/json;odata=minimalmetadata;streaming=true;charset=utf-8
      date:
      - Thu, 20 Aug 2020 21:12:30 GMT
      etag:
      - W/"datetime'2020-08-20T21%3A12%3A30.6764582Z'"
      server:
      - Windows-Azure-Table/1.0 Microsoft-HTTPAPI/2.0
      transfer-encoding:
      - chunked
      x-content-type-options:
      - nosniff
      x-ms-version:
      - '2019-07-07'
    status:
      code: 200
      message: OK
- request:
    body: null
    headers:
      Accept:
      - '*/*'
      Accept-Encoding:
      - gzip, deflate
      Connection:
      - keep-alive
      Content-Length:
      - '0'
      DataServiceVersion:
      - '3.0'
      Date:
      - Thu, 20 Aug 2020 21:12:30 GMT
      If-Match:
      - '*'
      User-Agent:
      - azsdk-python-data-tables/2019-07-07 Python/3.8.4 (Windows-10-10.0.19041-SP0)
      x-ms-date:
      - Thu, 20 Aug 2020 21:12:30 GMT
      x-ms-version:
      - '2019-07-07'
    method: DELETE
    uri: https://storagename.table.core.windows.net/uttablec19d1802(PartitionKey='pkc19d1802',RowKey='rkc19d1802')
  response:
    body:
      string: ''
    headers:
      cache-control:
      - no-cache
      content-length:
      - '0'
      date:
      - Thu, 20 Aug 2020 21:12:30 GMT
      server:
      - Windows-Azure-Table/1.0 Microsoft-HTTPAPI/2.0
      x-content-type-options:
      - nosniff
      x-ms-version:
      - '2019-07-07'
    status:
      code: 204
      message: No Content
- request:
    body: null
    headers:
      Accept:
      - application/json;odata=minimalmetadata
      Accept-Encoding:
      - gzip, deflate
      Connection:
      - keep-alive
      DataServiceVersion:
      - '3.0'
      Date:
      - Thu, 20 Aug 2020 21:12:30 GMT
      User-Agent:
      - azsdk-python-data-tables/2019-07-07 Python/3.8.4 (Windows-10-10.0.19041-SP0)
      x-ms-date:
      - Thu, 20 Aug 2020 21:12:30 GMT
      x-ms-version:
      - '2019-07-07'
    method: GET
    uri: https://storagename.table.core.windows.net/uttablec19d1802(PartitionKey='pkc19d1802',RowKey='rkc19d1802')
  response:
    body:
      string: '{"odata.error":{"code":"ResourceNotFound","message":{"lang":"en-US","value":"The
        specified resource does not exist.\nRequestId:c03ed79d-f002-0059-5236-77dde0000000\nTime:2020-08-20T21:12:31.1097636Z"}}}'
    headers:
      cache-control:
      - no-cache
      content-type:
      - application/json;odata=minimalmetadata;streaming=true;charset=utf-8
      date:
      - Thu, 20 Aug 2020 21:12:31 GMT
      server:
      - Windows-Azure-Table/1.0 Microsoft-HTTPAPI/2.0
      transfer-encoding:
      - chunked
      x-content-type-options:
      - nosniff
      x-ms-version:
      - '2019-07-07'
    status:
      code: 404
      message: Not Found
- request:
    body: null
    headers:
      Accept:
      - '*/*'
      Accept-Encoding:
      - gzip, deflate
      Connection:
      - keep-alive
      Content-Length:
      - '0'
      Date:
      - Thu, 20 Aug 2020 21:12:30 GMT
      User-Agent:
      - azsdk-python-data-tables/2019-07-07 Python/3.8.4 (Windows-10-10.0.19041-SP0)
      x-ms-date:
      - Thu, 20 Aug 2020 21:12:30 GMT
      x-ms-version:
      - '2019-07-07'
    method: DELETE
    uri: https://storagename.table.core.windows.net/Tables('uttablec19d1802')
  response:
    body:
      string: ''
    headers:
      cache-control:
      - no-cache
      content-length:
      - '0'
      date:
      - Thu, 20 Aug 2020 21:12:31 GMT
      server:
      - Windows-Azure-Table/1.0 Microsoft-HTTPAPI/2.0
      x-content-type-options:
      - nosniff
      x-ms-version:
      - '2019-07-07'
    status:
      code: 204
      message: No Content
- request:
    body: null
    headers:
      Accept:
      - '*/*'
      Accept-Encoding:
      - gzip, deflate
      Connection:
      - keep-alive
      Content-Length:
      - '0'
      Date:
      - Thu, 20 Aug 2020 21:12:31 GMT
      User-Agent:
      - azsdk-python-data-tables/2019-07-07 Python/3.8.4 (Windows-10-10.0.19041-SP0)
      x-ms-date:
      - Thu, 20 Aug 2020 21:12:31 GMT
      x-ms-version:
      - '2019-07-07'
    method: DELETE
    uri: https://storagename.table.core.windows.net/Tables('querytablec19d1802')
  response:
    body:
      string: ''
    headers:
      cache-control:
      - no-cache
      content-length:
      - '0'
      date:
      - Thu, 20 Aug 2020 21:12:31 GMT
      server:
      - Windows-Azure-Table/1.0 Microsoft-HTTPAPI/2.0
      x-content-type-options:
      - nosniff
      x-ms-version:
      - '2019-07-07'
    status:
      code: 204
      message: No Content
version: 1
