interactions:
- request:
    body: '{"TableName": "pytableasyncdea11390"}'
    headers:
      Accept:
      - application/json;odata=minimalmetadata
      Content-Length:
      - '37'
      Content-Type:
      - application/json;odata=nometadata
      DataServiceVersion:
      - '3.0'
      Date:
      - Thu, 23 Jul 2020 16:43:24 GMT
      User-Agent:
      - azsdk-python-storage-table/2019-07-07 Python/3.8.4 (Windows-10-10.0.19041-SP0)
      x-ms-date:
      - Thu, 23 Jul 2020 16:43:24 GMT
      x-ms-version:
      - '2019-07-07'
    method: POST
    uri: https://storagename.table.core.windows.net/Tables
  response:
    body:
      string: '{"odata.metadata":"https://storagename.table.core.windows.net/$metadata#Tables/@Element","TableName":"pytableasyncdea11390"}'
    headers:
      cache-control: no-cache
      content-type: application/json;odata=minimalmetadata;streaming=true;charset=utf-8
      date: Thu, 23 Jul 2020 16:43:24 GMT
      location: https://storagename.table.core.windows.net/Tables('pytableasyncdea11390')
      server: Windows-Azure-Table/1.0 Microsoft-HTTPAPI/2.0
      transfer-encoding: chunked
      x-content-type-options: nosniff
      x-ms-version: '2019-07-07'
    status:
      code: 201
      message: Created
    url: https://pyacrstorageda7cvftmbq3r.table.core.windows.net/Tables
- request:
    body: '{"TableName": "pytableasyncdea11390"}'
    headers:
      Accept:
      - application/json;odata=minimalmetadata
      Content-Length:
      - '37'
      Content-Type:
      - application/json;odata=nometadata
      DataServiceVersion:
      - '3.0'
      Date:
      - Thu, 23 Jul 2020 16:43:24 GMT
      User-Agent:
      - azsdk-python-storage-table/2019-07-07 Python/3.8.4 (Windows-10-10.0.19041-SP0)
      x-ms-date:
      - Thu, 23 Jul 2020 16:43:24 GMT
      x-ms-version:
      - '2019-07-07'
    method: POST
    uri: https://storagename.table.core.windows.net/Tables
  response:
    body:
      string: '{"odata.error":{"code":"TableAlreadyExists","message":{"lang":"en-US","value":"The
        table specified already exists.\nRequestId:be194749-0002-005e-2010-612d62000000\nTime:2020-07-23T16:43:24.7270765Z"}}}'
    headers:
      cache-control: no-cache
      content-type: application/json;odata=minimalmetadata;streaming=true;charset=utf-8
      date: Thu, 23 Jul 2020 16:43:24 GMT
      server: Windows-Azure-Table/1.0 Microsoft-HTTPAPI/2.0
      transfer-encoding: chunked
      x-content-type-options: nosniff
      x-ms-version: '2019-07-07'
    status:
      code: 409
      message: Conflict
    url: https://pyacrstorageda7cvftmbq3r.table.core.windows.net/Tables
- request:
    body: null
    headers:
      Date:
      - Thu, 23 Jul 2020 16:43:24 GMT
      User-Agent:
      - azsdk-python-storage-table/2019-07-07 Python/3.8.4 (Windows-10-10.0.19041-SP0)
      x-ms-date:
      - Thu, 23 Jul 2020 16:43:24 GMT
      x-ms-version:
      - '2019-07-07'
    method: DELETE
    uri: https://storagename.table.core.windows.net/Tables('pytableasyncdea11390')
  response:
    body:
      string: ''
    headers:
      cache-control: no-cache
      content-length: '0'
      date: Thu, 23 Jul 2020 16:43:24 GMT
      server: Windows-Azure-Table/1.0 Microsoft-HTTPAPI/2.0
      x-content-type-options: nosniff
      x-ms-version: '2019-07-07'
    status:
      code: 204
      message: No Content
    url: https://pyacrstorageda7cvftmbq3r.table.core.windows.net/Tables('pytableasyncdea11390')
version: 1
