interactions:
- request:
    body: '{"TableName": "uttableb1d31bc5"}'
    headers:
      Accept:
      - application/json;odata=minimalmetadata
      Content-Length:
      - '32'
      Content-Type:
      - application/json;odata=nometadata
      DataServiceVersion:
      - '3.0'
      Date:
      - Thu, 17 Sep 2020 22:39:48 GMT
      User-Agent:
      - azsdk-python-data-tables/2019-07-07 Python/3.8.4 (Windows-10-10.0.19041-SP0)
      x-ms-date:
      - Thu, 17 Sep 2020 22:39:48 GMT
      x-ms-version:
      - '2019-07-07'
    method: POST
    uri: https://cosmostestcosmosname.table.cosmos.azure.com/Tables
  response:
    body:
      string: '{"TableName":"uttableb1d31bc5","odata.metadata":"https://cosmostestcosmosname.table.cosmos.azure.com/$metadata#Tables/@Element"}'
    headers:
      content-type: application/json;odata=minimalmetadata
      date: Thu, 17 Sep 2020 22:39:49 GMT
      etag: W/"datetime'2020-09-17T22%3A39%3A49.5875591Z'"
      location: https://cosmostestcosmosname.table.cosmos.azure.com/Tables('uttableb1d31bc5')
      server: Microsoft-HTTPAPI/2.0
      transfer-encoding: chunked
    status:
      code: 201
      message: Ok
    url: https://cosmostableswmnfqcvpsy56.table.cosmos.azure.com/Tables
- request:
    body: '{"PartitionKey": "pkb1d31bc5", "RowKey": "rkb1d31bc5", "inf": "Infinity",
      "inf@odata.type": "Edm.Double", "negativeinf": "-Infinity", "negativeinf@odata.type":
      "Edm.Double", "nan": "NaN", "nan@odata.type": "Edm.Double"}'
    headers:
      Accept:
      - application/json;odata=minimalmetadata
      Content-Length:
      - '219'
      Content-Type:
      - application/json;odata=nometadata
      DataServiceVersion:
      - '3.0'
      Date:
      - Thu, 17 Sep 2020 22:39:49 GMT
      User-Agent:
      - azsdk-python-data-tables/2019-07-07 Python/3.8.4 (Windows-10-10.0.19041-SP0)
      x-ms-date:
      - Thu, 17 Sep 2020 22:39:49 GMT
      x-ms-version:
      - '2019-07-07'
    method: POST
    uri: https://cosmostestcosmosname.table.cosmos.azure.com/uttableb1d31bc5
  response:
    body:
      string: '{"odata.metadata":"https://cosmostestcosmosname.table.cosmos.azure.com/uttableb1d31bc5/$metadata#uttableb1d31bc5/@Element","odata.etag":"W/\"datetime''2020-09-17T22%3A39%3A50.0992519Z''\"","PartitionKey":"pkb1d31bc5","RowKey":"rkb1d31bc5","inf@odata.type":"Edm.Double","inf":"Infinity","negativeinf@odata.type":"Edm.Double","negativeinf":"-Infinity","nan@odata.type":"Edm.Double","nan":"NaN","Timestamp":"2020-09-17T22:39:50.0992519Z"}'
    headers:
      content-type: application/json;odata=minimalmetadata
      date: Thu, 17 Sep 2020 22:39:49 GMT
      etag: W/"datetime'2020-09-17T22%3A39%3A50.0992519Z'"
      location: https://cosmostestcosmosname.table.cosmos.azure.com/uttableb1d31bc5(PartitionKey='pkb1d31bc5',RowKey='rkb1d31bc5')
      server: Microsoft-HTTPAPI/2.0
      transfer-encoding: chunked
    status:
      code: 201
      message: Created
    url: https://cosmostableswmnfqcvpsy56.table.cosmos.azure.com/uttableb1d31bc5
- request:
    body: null
    headers:
      Accept:
      - application/json;odata=minimalmetadata
      DataServiceVersion:
      - '3.0'
      Date:
      - Thu, 17 Sep 2020 22:39:49 GMT
      User-Agent:
      - azsdk-python-data-tables/2019-07-07 Python/3.8.4 (Windows-10-10.0.19041-SP0)
      x-ms-date:
      - Thu, 17 Sep 2020 22:39:49 GMT
      x-ms-version:
      - '2019-07-07'
    method: GET
    uri: https://cosmostestcosmosname.table.cosmos.azure.com/uttableb1d31bc5(PartitionKey='pkb1d31bc5',RowKey='rkb1d31bc5')
  response:
    body:
      string: '{"odata.metadata":"https://cosmostestcosmosname.table.cosmos.azure.com/uttableb1d31bc5/$metadata#uttableb1d31bc5/@Element","odata.etag":"W/\"datetime''2020-09-17T22%3A39%3A50.0992519Z''\"","PartitionKey":"pkb1d31bc5","RowKey":"rkb1d31bc5","inf@odata.type":"Edm.Double","inf":"Infinity","negativeinf@odata.type":"Edm.Double","negativeinf":"-Infinity","nan@odata.type":"Edm.Double","nan":"NaN","Timestamp":"2020-09-17T22:39:50.0992519Z"}'
    headers:
      content-type: application/json;odata=minimalmetadata
      date: Thu, 17 Sep 2020 22:39:49 GMT
      etag: W/"datetime'2020-09-17T22%3A39%3A50.0992519Z'"
      server: Microsoft-HTTPAPI/2.0
      transfer-encoding: chunked
    status:
      code: 200
      message: Ok
    url: https://cosmostableswmnfqcvpsy56.table.cosmos.azure.com/uttableb1d31bc5(PartitionKey='pkb1d31bc5',RowKey='rkb1d31bc5')
- request:
    body: null
    headers:
      Date:
      - Thu, 17 Sep 2020 22:39:50 GMT
      User-Agent:
      - azsdk-python-data-tables/2019-07-07 Python/3.8.4 (Windows-10-10.0.19041-SP0)
      x-ms-date:
      - Thu, 17 Sep 2020 22:39:50 GMT
      x-ms-version:
      - '2019-07-07'
    method: DELETE
    uri: https://cosmostestcosmosname.table.cosmos.azure.com/Tables('uttableb1d31bc5')
  response:
    body:
      string: ''
    headers:
      content-length: '0'
      date: Thu, 17 Sep 2020 22:39:49 GMT
      server: Microsoft-HTTPAPI/2.0
    status:
      code: 204
      message: No Content
    url: https://cosmostableswmnfqcvpsy56.table.cosmos.azure.com/Tables('uttableb1d31bc5')
version: 1
