interactions:
- request:
    body: '{"TableName": "uttable371919b0"}'
    headers:
      Accept:
      - application/json;odata=minimalmetadata
      Content-Length:
      - '32'
      Content-Type:
      - application/json;odata=nometadata
      DataServiceVersion:
      - '3.0'
      Date:
      - Fri, 18 Dec 2020 15:49:49 GMT
      User-Agent:
      - azsdk-python-data-tables/12.0.0b4 Python/3.9.0rc1 (Windows-10-10.0.19041-SP0)
      x-ms-date:
      - Fri, 18 Dec 2020 15:49:49 GMT
      x-ms-version:
      - '2019-02-02'
    method: POST
    uri: https://fake_cosmos_account.table.cosmos.azure.com/Tables
  response:
    body:
      string: '{"TableName":"uttable371919b0","odata.metadata":"https://fake_cosmos_account.table.cosmos.azure.com/$metadata#Tables/@Element"}'
    headers:
      content-type: application/json;odata=minimalmetadata
      date: Fri, 18 Dec 2020 15:49:50 GMT
      etag: W/"datetime'2020-12-18T15%3A49%3A50.4940040Z'"
      location: https://fake_cosmos_account.table.cosmos.azure.com/Tables('uttable371919b0')
      server: Microsoft-HTTPAPI/2.0
      transfer-encoding: chunked
    status:
      code: 201
      message: Ok
    url: https://seankaneprim.table.cosmos.azure.com/Tables
- request:
    body: '{"PartitionKey": "pk371919b0", "PartitionKey@odata.type": "Edm.String",
      "RowKey": "rk371919b0", "RowKey@odata.type": "Edm.String", "age": 39, "sex":
      "male", "sex@odata.type": "Edm.String", "married": true, "deceased": false,
      "ratio": 3.1, "evenratio": 3.0, "large": 933311100, "Birthday": "1973-10-04T00:00:00Z",
      "Birthday@odata.type": "Edm.DateTime", "birthday": "1970-10-04T00:00:00Z", "birthday@odata.type":
      "Edm.DateTime", "binary": "YmluYXJ5", "binary@odata.type": "Edm.Binary", "other":
      20, "clsid": "c9da6455-213d-42c9-9a79-3e9149a57833", "clsid@odata.type": "Edm.Guid"}'
    headers:
      Accept:
      - application/json;odata=minimalmetadata
      Content-Length:
      - '577'
      Content-Type:
      - application/json;odata=nometadata
      DataServiceVersion:
      - '3.0'
      Date:
      - Fri, 18 Dec 2020 15:49:50 GMT
      User-Agent:
      - azsdk-python-data-tables/12.0.0b4 Python/3.9.0rc1 (Windows-10-10.0.19041-SP0)
      x-ms-date:
      - Fri, 18 Dec 2020 15:49:50 GMT
      x-ms-version:
      - '2019-02-02'
    method: POST
    uri: https://fake_cosmos_account.table.cosmos.azure.com/uttable371919b0
  response:
    body:
      string: '{"odata.metadata":"https://fake_cosmos_account.table.cosmos.azure.com/uttable371919b0/$metadata#uttable371919b0/@Element","odata.etag":"W/\"datetime''2020-12-18T15%3A49%3A51.2727560Z''\"","PartitionKey":"pk371919b0","RowKey":"rk371919b0","age":39,"sex":"male","married":true,"deceased":false,"ratio":3.1,"evenratio":3.0,"large":933311100,"Birthday@odata.type":"Edm.DateTime","Birthday":"1973-10-04T00:00:00.0000000Z","birthday@odata.type":"Edm.DateTime","birthday":"1970-10-04T00:00:00.0000000Z","binary@odata.type":"Edm.Binary","binary":"YmluYXJ5","other":20,"clsid@odata.type":"Edm.Guid","clsid":"c9da6455-213d-42c9-9a79-3e9149a57833","Timestamp":"2020-12-18T15:49:51.2727560Z"}'
    headers:
      content-type: application/json;odata=minimalmetadata
      date: Fri, 18 Dec 2020 15:49:50 GMT
      etag: W/"datetime'2020-12-18T15%3A49%3A51.2727560Z'"
      location: https://fake_cosmos_account.table.cosmos.azure.com/uttable371919b0(PartitionKey='pk371919b0',RowKey='rk371919b0')
      server: Microsoft-HTTPAPI/2.0
      transfer-encoding: chunked
    status:
      code: 201
      message: Created
    url: https://seankaneprim.table.cosmos.azure.com/uttable371919b0
- request:
    body: "--batch_04906e81-5b58-447d-899d-a0c6d8617377\r\nContent-Type: multipart/mixed;\
      \ boundary=changeset_ff144407-1e22-4fff-b965-5946bd0632da\r\n\r\n--changeset_ff144407-1e22-4fff-b965-5946bd0632da\r\
      \nContent-Type: application/http\r\nContent-Transfer-Encoding: binary\r\nContent-ID:\
      \ 0\r\n\r\nPATCH https://seankaneprim.table.cosmos.azure.com/uttable371919b0(PartitionKey='pk371919b0',RowKey='rk371919b0')\
      \ HTTP/1.1\r\nx-ms-version: 2019-02-02\r\nDataServiceVersion: 3.0\r\nIf-Match:\
      \ W/\"datetime'2012-06-15T22%3A51%3A44.9662825Z'\"\r\nContent-Type: application/json\r\
      \nAccept: application/json\r\nContent-Length: 353\r\nx-ms-date: Fri, 18 Dec\
      \ 2020 15:49:50 GMT\r\nDate: Fri, 18 Dec 2020 15:49:50 GMT\r\nx-ms-client-request-id:\
      \ a9f70f88-4148-11eb-8922-58961df361d1\r\n\r\n{\"PartitionKey\": \"pk371919b0\"\
      , \"PartitionKey@odata.type\": \"Edm.String\", \"RowKey\": \"rk371919b0\", \"\
      RowKey@odata.type\": \"Edm.String\", \"age\": \"abc\", \"age@odata.type\": \"\
      Edm.String\", \"sex\": \"female\", \"sex@odata.type\": \"Edm.String\", \"sign\"\
      : \"aquarius\", \"sign@odata.type\": \"Edm.String\", \"birthday\": \"1991-10-04T00:00:00Z\"\
      , \"birthday@odata.type\": \"Edm.DateTime\"}\r\n--changeset_ff144407-1e22-4fff-b965-5946bd0632da--\r\
      \n\r\n--batch_04906e81-5b58-447d-899d-a0c6d8617377--\r\n"
    headers:
      Content-Length:
      - '1181'
      Content-Type:
      - multipart/mixed; boundary=batch_04906e81-5b58-447d-899d-a0c6d8617377
      DataServiceVersion:
      - '3.0'
      Date:
      - Fri, 18 Dec 2020 15:49:50 GMT
      MaxDataServiceVersion:
      - 3.0;NetFx
      User-Agent:
      - azsdk-python-data-tables/12.0.0b4 Python/3.9.0rc1 (Windows-10-10.0.19041-SP0)
      x-ms-date:
      - Fri, 18 Dec 2020 15:49:50 GMT
      x-ms-version:
      - '2019-02-02'
    method: POST
    uri: https://fake_cosmos_account.table.cosmos.azure.com/$batch
  response:
    body:
      string: "{\"odata.error\":{\"code\":\"InvalidInput\",\"message\":{\"lang\":\"\
        en-us\",\"value\":\"One of the input values is invalid.\\r\\nActivityId: a9f75ca0-4148-11eb-a1d9-58961df361d1,\
        \ documentdb-dotnet-sdk/2.11.0 Host/64-bit MicrosoftWindowsNT/6.2.9200.0\\\
        nRequestID:a9f75ca0-4148-11eb-a1d9-58961df361d1\\n\"}}}\r\n"
    headers:
      content-type: application/json;odata=fullmetadata
      date: Fri, 18 Dec 2020 15:49:50 GMT
      server: Microsoft-HTTPAPI/2.0
      transfer-encoding: chunked
    status:
      code: 400
      message: Bad Request
    url: https://seankaneprim.table.cosmos.azure.com/$batch
- request:
    body: null
    headers:
      Accept:
      - application/json;odata=minimalmetadata
      DataServiceVersion:
      - '3.0'
      Date:
      - Fri, 18 Dec 2020 15:49:51 GMT
      User-Agent:
      - azsdk-python-data-tables/12.0.0b4 Python/3.9.0rc1 (Windows-10-10.0.19041-SP0)
      x-ms-date:
      - Fri, 18 Dec 2020 15:49:51 GMT
      x-ms-version:
      - '2019-02-02'
    method: GET
    uri: https://fake_cosmos_account.table.cosmos.azure.com/uttable371919b0(PartitionKey='pk371919b0',RowKey='rk371919b0')
  response:
    body:
      string: '{"odata.metadata":"https://fake_cosmos_account.table.cosmos.azure.com/uttable371919b0/$metadata#uttable371919b0/@Element","odata.etag":"W/\"datetime''2020-12-18T15%3A49%3A51.2727560Z''\"","PartitionKey":"pk371919b0","RowKey":"rk371919b0","age":39,"sex":"male","married":true,"deceased":false,"ratio":3.1,"evenratio":3.0,"large":933311100,"Birthday@odata.type":"Edm.DateTime","Birthday":"1973-10-04T00:00:00.0000000Z","birthday@odata.type":"Edm.DateTime","birthday":"1970-10-04T00:00:00.0000000Z","binary@odata.type":"Edm.Binary","binary":"YmluYXJ5","other":20,"clsid@odata.type":"Edm.Guid","clsid":"c9da6455-213d-42c9-9a79-3e9149a57833","Timestamp":"2020-12-18T15:49:51.2727560Z"}'
    headers:
      content-type: application/json;odata=minimalmetadata
      date: Fri, 18 Dec 2020 15:49:50 GMT
      etag: W/"datetime'2020-12-18T15%3A49%3A51.2727560Z'"
      server: Microsoft-HTTPAPI/2.0
      transfer-encoding: chunked
    status:
      code: 200
      message: Ok
    url: https://seankaneprim.table.cosmos.azure.com/uttable371919b0(PartitionKey='pk371919b0',RowKey='rk371919b0')
- request:
    body: null
    headers:
      Accept:
      - application/json
      Date:
      - Fri, 18 Dec 2020 15:49:51 GMT
      User-Agent:
      - azsdk-python-data-tables/12.0.0b4 Python/3.9.0rc1 (Windows-10-10.0.19041-SP0)
      x-ms-date:
      - Fri, 18 Dec 2020 15:49:51 GMT
      x-ms-version:
      - '2019-02-02'
    method: DELETE
    uri: https://fake_cosmos_account.table.cosmos.azure.com/Tables('uttable371919b0')
  response:
    body:
      string: ''
    headers:
      content-length: '0'
      date: Fri, 18 Dec 2020 15:49:50 GMT
      server: Microsoft-HTTPAPI/2.0
    status:
      code: 204
      message: No Content
    url: https://seankaneprim.table.cosmos.azure.com/Tables('uttable371919b0')
version: 1
