interactions:
- request:
    body: '{"TableName": "pytablesync4450e78"}'
    headers:
      Accept:
      - application/json;odata=minimalmetadata
      Accept-Encoding:
      - gzip, deflate
      Connection:
      - keep-alive
      Content-Length:
      - '35'
      Content-Type:
      - application/json;odata=nometadata
      DataServiceVersion:
      - '3.0'
      Date:
      - Tue, 17 Nov 2020 01:35:32 GMT
      User-Agent:
      - azsdk-python-data-tables/12.0.0a20201110001 Python/3.9.0rc1 (Windows-10-10.0.19041-SP0)
      x-ms-date:
      - Tue, 17 Nov 2020 01:35:32 GMT
      x-ms-version:
      - '2019-02-02'
    method: POST
    uri: https://tablestestcosmosname.table.cosmos.azure.com/Tables
  response:
    body:
      string: '{"TableName":"pytablesync4450e78","odata.metadata":"https://tablestestcosmosname.table.cosmos.azure.com/$metadata#Tables/@Element"}'
    headers:
      content-type:
      - application/json;odata=minimalmetadata
      date:
      - Tue, 17 Nov 2020 01:35:34 GMT
      etag:
      - W/"datetime'2020-11-17T01%3A35%3A33.7582599Z'"
      location:
      - https://tablestestcosmosname.table.cosmos.azure.com/Tables('pytablesync4450e78')
      server:
      - Microsoft-HTTPAPI/2.0
      transfer-encoding:
      - chunked
    status:
      code: 201
      message: Ok
- request:
    body: null
    headers:
      Accept:
      - application/json;odata=minimalmetadata
      Accept-Encoding:
      - gzip, deflate
      Connection:
      - keep-alive
      DataServiceVersion:
      - '3.0'
      Date:
      - Tue, 17 Nov 2020 01:35:33 GMT
      User-Agent:
      - azsdk-python-data-tables/12.0.0a20201110001 Python/3.9.0rc1 (Windows-10-10.0.19041-SP0)
      x-ms-date:
      - Tue, 17 Nov 2020 01:35:33 GMT
      x-ms-version:
      - '2019-02-02'
    method: GET
    uri: https://tablestestcosmosname.table.cosmos.azure.com/Tables
  response:
    body:
      string: '{"value":[{"TableName":"pytablesync4450e78"}],"odata.metadata":"https://tablestestcosmosname.table.cosmos.azure.com/$metadata#Tables"}'
    headers:
      content-type:
      - application/json;odata=minimalmetadata
      date:
      - Tue, 17 Nov 2020 01:35:34 GMT
      server:
      - Microsoft-HTTPAPI/2.0
      transfer-encoding:
      - chunked
    status:
      code: 200
      message: Ok
- request:
    body: null
    headers:
      Accept:
      - application/json
      Accept-Encoding:
      - gzip, deflate
      Connection:
      - keep-alive
      Content-Length:
      - '0'
      Date:
      - Tue, 17 Nov 2020 01:35:33 GMT
      User-Agent:
      - azsdk-python-data-tables/12.0.0a20201110001 Python/3.9.0rc1 (Windows-10-10.0.19041-SP0)
      x-ms-date:
      - Tue, 17 Nov 2020 01:35:33 GMT
      x-ms-version:
      - '2019-02-02'
    method: DELETE
    uri: https://tablestestcosmosname.table.cosmos.azure.com/Tables('pytablesync4450e78')
  response:
    body:
      string: ''
    headers:
      content-length:
      - '0'
      date:
      - Tue, 17 Nov 2020 01:35:34 GMT
      server:
      - Microsoft-HTTPAPI/2.0
    status:
      code: 204
      message: No Content
version: 1
