interactions:
- request:
    body: '{"TableName": "uttable279d199b"}'
    headers:
      Accept:
      - application/json;odata=minimalmetadata
      Content-Length:
      - '32'
      Content-Type:
      - application/json;odata=nometadata
      DataServiceVersion:
      - '3.0'
      Date:
      - Mon, 27 Jul 2020 18:24:28 GMT
      User-Agent:
      - azsdk-python-storage-table/2019-07-07 Python/3.8.3 (Windows-10-10.0.19041-SP0)
      x-ms-date:
      - Mon, 27 Jul 2020 18:24:28 GMT
      x-ms-version:
      - '2019-07-07'
    method: POST
    uri: https://storagename.table.core.windows.net/Tables
  response:
    body:
      string: '{"odata.metadata":"https://storagename.table.core.windows.net/$metadata#Tables/@Element","TableName":"uttable279d199b"}'
    headers:
      cache-control: no-cache
      content-type: application/json;odata=minimalmetadata;streaming=true;charset=utf-8
      date: Mon, 27 Jul 2020 18:24:28 GMT
      location: https://storagename.table.core.windows.net/Tables('uttable279d199b')
      server: Windows-Azure-Table/1.0 Microsoft-HTTPAPI/2.0
      transfer-encoding: chunked
      x-content-type-options: nosniff
      x-ms-version: '2019-07-07'
    status:
      code: 201
      message: Created
    url: https://pyacrstorage3eh42cem4rrh.table.core.windows.net/Tables
- request:
    body: '{"PartitionKey": "pk279d199b", "RowKey": "rk279d199b", "age": "39", "age@odata.type":
      "Edm.Int64", "sex": "male", "married": true, "deceased": false, "ratio": 3.1,
      "evenratio": 3.0, "large": "933311100", "large@odata.type": "Edm.Int64", "Birthday":
      "1973-10-04T00:00:00Z", "Birthday@odata.type": "Edm.DateTime", "birthday": "1970-10-04T00:00:00Z",
      "birthday@odata.type": "Edm.DateTime", "binary": "YmluYXJ5", "binary@odata.type":
      "Edm.Binary", "other": 20, "clsid": "c9da6455-213d-42c9-9a79-3e9149a57833",
      "clsid@odata.type": "Edm.Guid"}'
    headers:
      Accept:
      - application/json;odata=minimalmetadata
      Content-Length:
      - '537'
      Content-Type:
      - application/json;odata=nometadata
      DataServiceVersion:
      - '3.0'
      Date:
      - Mon, 27 Jul 2020 18:24:29 GMT
      User-Agent:
      - azsdk-python-storage-table/2019-07-07 Python/3.8.3 (Windows-10-10.0.19041-SP0)
      x-ms-date:
      - Mon, 27 Jul 2020 18:24:29 GMT
      x-ms-version:
      - '2019-07-07'
    method: POST
    uri: https://storagename.table.core.windows.net/uttable279d199b
  response:
    body:
      string: '{"odata.metadata":"https://storagename.table.core.windows.net/$metadata#uttable279d199b/@Element","odata.etag":"W/\"datetime''2020-07-27T18%3A24%3A29.5142334Z''\"","PartitionKey":"pk279d199b","RowKey":"rk279d199b","Timestamp":"2020-07-27T18:24:29.5142334Z","age@odata.type":"Edm.Int64","age":"39","sex":"male","married":true,"deceased":false,"ratio":3.1,"evenratio":3.0,"large@odata.type":"Edm.Int64","large":"933311100","Birthday@odata.type":"Edm.DateTime","Birthday":"1973-10-04T00:00:00Z","birthday@odata.type":"Edm.DateTime","birthday":"1970-10-04T00:00:00Z","binary@odata.type":"Edm.Binary","binary":"YmluYXJ5","other":20,"clsid@odata.type":"Edm.Guid","clsid":"c9da6455-213d-42c9-9a79-3e9149a57833"}'
    headers:
      cache-control: no-cache
      content-type: application/json;odata=minimalmetadata;streaming=true;charset=utf-8
      date: Mon, 27 Jul 2020 18:24:28 GMT
      etag: W/"datetime'2020-07-27T18%3A24%3A29.5142334Z'"
      location: https://storagename.table.core.windows.net/uttable279d199b(PartitionKey='pk279d199b',RowKey='rk279d199b')
      server: Windows-Azure-Table/1.0 Microsoft-HTTPAPI/2.0
      transfer-encoding: chunked
      x-content-type-options: nosniff
      x-ms-version: '2019-07-07'
    status:
      code: 201
      message: Created
    url: https://pyacrstorage3eh42cem4rrh.table.core.windows.net/uttable279d199b
- request:
    body: '{"PartitionKey": "pk279d199b", "RowKey": "rk279d199b", "age": "abc", "sex":
      "female", "sign": "aquarius", "birthday": "1991-10-04T00:00:00Z", "birthday@odata.type":
      "Edm.DateTime"}'
    headers:
      Content-Length:
      - '180'
      Content-Type:
      - application/json
      DataServiceVersion:
      - '3.0'
      Date:
      - Mon, 27 Jul 2020 18:24:29 GMT
      If-Match:
      - W/"datetime'2012-06-15T22%3A51%3A44.9662825Z'"
      User-Agent:
      - azsdk-python-storage-table/2019-07-07 Python/3.8.3 (Windows-10-10.0.19041-SP0)
      x-ms-date:
      - Mon, 27 Jul 2020 18:24:29 GMT
      x-ms-version:
      - '2019-07-07'
    method: PATCH
    uri: https://storagename.table.core.windows.net/uttable279d199b(PartitionKey='pk279d199b',RowKey='rk279d199b')
  response:
    body:
      string: '<?xml version="1.0" encoding="utf-8"?><error xmlns="http://schemas.microsoft.com/ado/2007/08/dataservices/metadata"><code>UpdateConditionNotSatisfied</code><message
        xml:lang="en-US">The update condition specified in the request was not satisfied.

        RequestId:3b9296cb-6002-0010-6c43-643cec000000

        Time:2020-07-27T18:24:29.5942897Z</message></error>'
    headers:
      cache-control: no-cache
      content-type: application/xml;charset=utf-8
      date: Mon, 27 Jul 2020 18:24:28 GMT
      server: Windows-Azure-Table/1.0 Microsoft-HTTPAPI/2.0
      transfer-encoding: chunked
      x-content-type-options: nosniff
      x-ms-version: '2019-07-07'
    status:
      code: 412
      message: Precondition Failed
    url: https://pyacrstorage3eh42cem4rrh.table.core.windows.net/uttable279d199b(PartitionKey='pk279d199b',RowKey='rk279d199b')
- request:
    body: null
    headers:
      Date:
      - Mon, 27 Jul 2020 18:24:29 GMT
      User-Agent:
      - azsdk-python-storage-table/2019-07-07 Python/3.8.3 (Windows-10-10.0.19041-SP0)
      x-ms-date:
      - Mon, 27 Jul 2020 18:24:29 GMT
      x-ms-version:
      - '2019-07-07'
    method: DELETE
    uri: https://storagename.table.core.windows.net/Tables('uttable279d199b')
  response:
    body:
      string: ''
    headers:
      cache-control: no-cache
      content-length: '0'
      date: Mon, 27 Jul 2020 18:24:29 GMT
      server: Windows-Azure-Table/1.0 Microsoft-HTTPAPI/2.0
      x-content-type-options: nosniff
      x-ms-version: '2019-07-07'
    status:
      code: 204
      message: No Content
    url: https://pyacrstorage3eh42cem4rrh.table.core.windows.net/Tables('uttable279d199b')
version: 1
