interactions:
- request:
    body: '{"TableName": "pytablesync7784168e"}'
    headers:
      Accept:
      - application/json;odata=minimalmetadata
      Accept-Encoding:
      - gzip, deflate
      Connection:
      - keep-alive
      Content-Length:
      - '36'
      Content-Type:
      - application/json;odata=nometadata
      DataServiceVersion:
      - '3.0'
      Date:
      - Mon, 02 Nov 2020 22:43:23 GMT
      User-Agent:
      - azsdk-python-data-tables/12.0.0b3 Python/3.9.0rc1 (Windows-10-10.0.19041-SP0)
      x-ms-date:
      - Mon, 02 Nov 2020 22:43:23 GMT
      x-ms-version:
      - '2019-02-02'
    method: POST
    uri: https://tablestestcosmosname.table.cosmos.azure.com/Tables
  response:
    body:
      string: '{"TableName":"pytablesync7784168e","odata.metadata":"https://tablestestcosmosname.table.cosmos.azure.com/$metadata#Tables/@Element"}'
    headers:
      content-type:
      - application/json;odata=minimalmetadata
      date:
      - Mon, 02 Nov 2020 22:43:24 GMT
      etag:
      - W/"datetime'2020-11-02T22%3A43%3A23.9149575Z'"
      location:
      - https://tablestestcosmosname.table.cosmos.azure.com/Tables('pytablesync7784168e')
      server:
      - Microsoft-HTTPAPI/2.0
      transfer-encoding:
      - chunked
    status:
      code: 201
      message: Ok
- request:
    body: null
    headers:
      Accept:
      - application/json
      Accept-Encoding:
      - gzip, deflate
      Connection:
      - keep-alive
      Content-Length:
      - '0'
      Date:
      - Mon, 02 Nov 2020 22:43:24 GMT
      User-Agent:
      - azsdk-python-data-tables/12.0.0b3 Python/3.9.0rc1 (Windows-10-10.0.19041-SP0)
      x-ms-date:
      - Mon, 02 Nov 2020 22:43:24 GMT
      x-ms-version:
      - '2019-02-02'
    method: DELETE
    uri: https://tablestestcosmosname.table.cosmos.azure.com/Tables('pytablesync7784168e')
  response:
    body:
      string: ''
    headers:
      content-length:
      - '0'
      date:
      - Mon, 02 Nov 2020 22:43:24 GMT
      server:
      - Microsoft-HTTPAPI/2.0
    status:
      code: 204
      message: No Content
- request:
    body: null
    headers:
      Accept:
      - application/json;odata=minimalmetadata
      Accept-Encoding:
      - gzip, deflate
      Connection:
      - keep-alive
      DataServiceVersion:
      - '3.0'
      Date:
      - Mon, 02 Nov 2020 22:43:24 GMT
      User-Agent:
      - azsdk-python-data-tables/12.0.0b3 Python/3.9.0rc1 (Windows-10-10.0.19041-SP0)
      x-ms-date:
      - Mon, 02 Nov 2020 22:43:24 GMT
      x-ms-version:
      - '2019-02-02'
    method: GET
    uri: https://tablestestcosmosname.table.cosmos.azure.com/Tables?$filter=TableName%20eq%20%27pytablesync7784168e%27
  response:
    body:
      string: '{"value":[],"odata.metadata":"https://tablestestcosmosname.table.cosmos.azure.com/$metadata#Tables"}'
    headers:
      content-type:
      - application/json;odata=minimalmetadata
      date:
      - Mon, 02 Nov 2020 22:43:24 GMT
      server:
      - Microsoft-HTTPAPI/2.0
      transfer-encoding:
      - chunked
    status:
      code: 200
      message: Ok
version: 1
