interactions:
- request:
    body: !!python/unicode '{"TableName": "uttablef99c18ec"}'
    headers:
      Accept:
      - application/json;odata=minimalmetadata
      Accept-Encoding:
      - gzip, deflate
      Connection:
      - keep-alive
      Content-Length:
      - '32'
      Content-Type:
      - application/json;odata=nometadata
      DataServiceVersion:
      - '3.0'
      Date:
      - Fri, 02 Oct 2020 20:05:03 GMT
      User-Agent:
      - azsdk-python-data-tables/12.0.0b2 Python/2.7.18 (Windows-10-10.0.19041)
      x-ms-date:
      - Fri, 02 Oct 2020 20:05:03 GMT
      x-ms-version:
      - '2019-02-02'
    method: POST
    uri: https://tablestestcosmosname.table.cosmos.azure.com/Tables
  response:
    body:
      string: !!python/unicode '{"TableName":"uttablef99c18ec","odata.metadata":"https://tablestestcosmosname.table.cosmos.azure.com/$metadata#Tables/@Element"}'
    headers:
      content-type:
      - application/json;odata=minimalmetadata
      date:
      - Fri, 02 Oct 2020 20:05:04 GMT
      etag:
      - W/"datetime'2020-10-02T20%3A05%3A04.5035015Z'"
      location:
      - https://tablestestcosmosname.table.cosmos.azure.com/Tables('uttablef99c18ec')
      server:
      - Microsoft-HTTPAPI/2.0
      transfer-encoding:
      - chunked
    status:
      code: 201
      message: Ok
- request:
    body: !!python/unicode '{"binary": "YmluYXJ5", "binary@odata.type": "Edm.Binary",
      "PartitionKey": "pkf99c18ec", "ratio": 3.1, "RowKey@odata.type": "Edm.String",
      "sex@odata.type": "Edm.String", "PartitionKey@odata.type": "Edm.String", "age":
      39, "married": true, "sex": "male", "large": 933311100, "Birthday@odata.type":
      "Edm.DateTime", "birthday": "1970-10-04T00:00:00Z", "evenratio": 3.0, "clsid":
      "c9da6455-213d-42c9-9a79-3e9149a57833", "RowKey": "rkf99c18ec", "Birthday":
      "1973-10-04T00:00:00Z", "clsid@odata.type": "Edm.Guid", "other": 20, "birthday@odata.type":
      "Edm.DateTime", "deceased": false}'
    headers:
      Accept:
      - application/json;odata=nometadata
      Accept-Encoding:
      - gzip, deflate
      Connection:
      - keep-alive
      Content-Length:
      - '577'
      Content-Type:
      - application/json;odata=nometadata
      DataServiceVersion:
      - '3.0'
      Date:
      - Fri, 02 Oct 2020 20:05:04 GMT
      User-Agent:
      - azsdk-python-data-tables/12.0.0b2 Python/2.7.18 (Windows-10-10.0.19041)
      x-ms-date:
      - Fri, 02 Oct 2020 20:05:04 GMT
      x-ms-version:
      - '2019-02-02'
    method: POST
    uri: https://tablestestcosmosname.table.cosmos.azure.com/uttablef99c18ec
  response:
    body:
      string: !!python/unicode '{"binary":"YmluYXJ5","PartitionKey":"pkf99c18ec","ratio":3.1,"age":39,"married":true,"sex":"male","large":933311100,"birthday":"1970-10-04T00:00:00.0000000Z","evenratio":3.0,"clsid":"c9da6455-213d-42c9-9a79-3e9149a57833","RowKey":"rkf99c18ec","Birthday":"1973-10-04T00:00:00.0000000Z","other":20,"deceased":false,"Timestamp":"2020-10-02T20:05:05.0368007Z"}'
    headers:
      content-type:
      - application/json;odata=nometadata
      date:
      - Fri, 02 Oct 2020 20:05:04 GMT
      etag:
      - W/"datetime'2020-10-02T20%3A05%3A05.0368007Z'"
      location:
      - https://tablestestcosmosname.table.cosmos.azure.com/uttablef99c18ec(PartitionKey='pkf99c18ec',RowKey='rkf99c18ec')
      server:
      - Microsoft-HTTPAPI/2.0
      transfer-encoding:
      - chunked
    status:
      code: 201
      message: Created
- request:
    body: null
    headers:
      Accept:
      - application/json;odata=nometadata
      Accept-Encoding:
      - gzip, deflate
      Connection:
      - keep-alive
      DataServiceVersion:
      - '3.0'
      Date:
      - Fri, 02 Oct 2020 20:05:04 GMT
      User-Agent:
      - azsdk-python-data-tables/12.0.0b2 Python/2.7.18 (Windows-10-10.0.19041)
      x-ms-date:
      - Fri, 02 Oct 2020 20:05:04 GMT
      x-ms-version:
      - '2019-02-02'
    method: GET
    uri: https://tablestestcosmosname.table.cosmos.azure.com/uttablef99c18ec(PartitionKey='pkf99c18ec',RowKey='rkf99c18ec')
  response:
    body:
      string: !!python/unicode '{"binary":"YmluYXJ5","PartitionKey":"pkf99c18ec","ratio":3.1,"age":39,"married":true,"sex":"male","large":933311100,"birthday":"1970-10-04T00:00:00.0000000Z","evenratio":3.0,"clsid":"c9da6455-213d-42c9-9a79-3e9149a57833","RowKey":"rkf99c18ec","Birthday":"1973-10-04T00:00:00.0000000Z","other":20,"deceased":false,"Timestamp":"2020-10-02T20:05:05.0368007Z"}'
    headers:
      content-type:
      - application/json;odata=nometadata
      date:
      - Fri, 02 Oct 2020 20:05:04 GMT
      etag:
      - W/"datetime'2020-10-02T20%3A05%3A05.0368007Z'"
      server:
      - Microsoft-HTTPAPI/2.0
      transfer-encoding:
      - chunked
    status:
      code: 200
      message: Ok
- request:
    body: null
    headers:
      Accept:
      - application/json
      Accept-Encoding:
      - gzip, deflate
      Connection:
      - keep-alive
      Content-Length:
      - '0'
      Date:
      - Fri, 02 Oct 2020 20:05:04 GMT
      User-Agent:
      - azsdk-python-data-tables/12.0.0b2 Python/2.7.18 (Windows-10-10.0.19041)
      x-ms-date:
      - Fri, 02 Oct 2020 20:05:04 GMT
      x-ms-version:
      - '2019-02-02'
    method: DELETE
    uri: https://tablestestcosmosname.table.cosmos.azure.com/Tables('uttablef99c18ec')
  response:
    body:
      string: !!python/unicode 
    headers:
      content-length:
      - '0'
      date:
      - Fri, 02 Oct 2020 20:05:04 GMT
      server:
      - Microsoft-HTTPAPI/2.0
    status:
      code: 204
      message: No Content
- request:
    body: null
    headers:
      Accept:
      - application/json;odata=minimalmetadata
      Accept-Encoding:
      - gzip, deflate
      Connection:
      - keep-alive
      DataServiceVersion:
      - '3.0'
      Date:
      - Fri, 02 Oct 2020 20:05:05 GMT
      User-Agent:
      - azsdk-python-data-tables/12.0.0b2 Python/2.7.18 (Windows-10-10.0.19041)
      x-ms-date:
      - Fri, 02 Oct 2020 20:05:05 GMT
      x-ms-version:
      - '2019-02-02'
    method: GET
    uri: https://tablestestcosmosname.table.cosmos.azure.com/Tables
  response:
    body:
      string: !!python/unicode '{"value":[],"odata.metadata":"https://tablestestcosmosname.table.cosmos.azure.com/$metadata#Tables"}'
    headers:
      content-type:
      - application/json;odata=minimalmetadata
      date:
      - Fri, 02 Oct 2020 20:05:04 GMT
      server:
      - Microsoft-HTTPAPI/2.0
      transfer-encoding:
      - chunked
    status:
      code: 200
      message: Ok
version: 1
