{
  "Entries": [
    {
      "RequestUri": "https://yalltbtestsprim.table.cosmos.azure.com/Tables",
      "RequestMethod": "POST",
      "RequestHeaders": {
        "Accept": "application/json;odata=minimalmetadata",
        "Accept-Encoding": "gzip, deflate",
        "Authorization": "Sanitized",
        "Content-Length": "32",
        "Content-Type": "application/json;odata=nometadata",
        "DataServiceVersion": "3.0",
        "Date": "Thu, 16 Sep 2021 23:29:30 GMT",
        "User-Agent": "azsdk-python-data-tables/12.1.1 Python/3.9.2 (Windows-10-10.0.19041-SP0)",
        "x-ms-client-request-id": "f0faae3c-1745-11ec-8f82-5cf37093a909",
        "x-ms-date": "Thu, 16 Sep 2021 23:29:30 GMT",
        "x-ms-version": "2019-02-02"
      },
      "RequestBody": "{\u0022TableName\u0022: \u0022uttabled404324e\u0022}",
      "StatusCode": 201,
      "ResponseHeaders": {
        "Content-Type": "application/json; odata=minimalmetadata",
        "Date": "Thu, 16 Sep 2021 23:29:28 GMT",
        "ETag": "W/\u0022datetime\u00272021-09-16T23%3A29%3A29.3300744Z\u0027\u0022",
        "Location": "https://yalltbtestsprim.table.cosmos.azure.com/Tables(\u0027uttabled404324e\u0027)",
        "Transfer-Encoding": "chunked",
        "x-ms-request-id": "1e3bfb78-0e2a-4619-b76d-0d0f15386741"
      },
      "ResponseBody": {
        "TableName": "uttabled404324e",
        "odata.metadata": "https://yalltbtestsprim.table.cosmos.azure.com/$metadata#Tables/@Element"
      }
    },
    {
      "RequestUri": "https://yalltbtestsprim.table.cosmos.azure.com/uttabled404324e",
      "RequestMethod": "POST",
      "RequestHeaders": {
        "Accept": "application/json;odata=minimalmetadata",
        "Accept-Encoding": "gzip, deflate",
        "Authorization": "Sanitized",
        "Content-Length": "711",
        "Content-Type": "application/json;odata=nometadata",
        "DataServiceVersion": "3.0",
        "Date": "Thu, 16 Sep 2021 23:29:31 GMT",
        "User-Agent": "azsdk-python-data-tables/12.1.1 Python/3.9.2 (Windows-10-10.0.19041-SP0)",
        "x-ms-client-request-id": "f152cce7-1745-11ec-bba0-5cf37093a909",
        "x-ms-date": "Thu, 16 Sep 2021 23:29:31 GMT",
        "x-ms-version": "2019-02-02"
      },
      "RequestBody": "{\u0022PartitionKey\u0022: \u0022pkd404324e\u0022, \u0022PartitionKey@odata.type\u0022: \u0022Edm.String\u0022, \u0022RowKey\u0022: \u0022rkd404324e\u0022, \u0022RowKey@odata.type\u0022: \u0022Edm.String\u0022, \u0022age\u0022: 39, \u0022sex\u0022: \u0022male\u0022, \u0022sex@odata.type\u0022: \u0022Edm.String\u0022, \u0022married\u0022: true, \u0022deceased\u0022: false, \u0022ratio\u0022: 3.1, \u0022ratio@odata.type\u0022: \u0022Edm.Double\u0022, \u0022evenratio\u0022: 3.0, \u0022evenratio@odata.type\u0022: \u0022Edm.Double\u0022, \u0022double\u0022: 5, \u0022double@odata.type\u0022: \u0022Edm.Double\u0022, \u0022large\u0022: 933311100, \u0022Birthday\u0022: \u00221973-10-04T00:00:00.000000Z\u0022, \u0022Birthday@odata.type\u0022: \u0022Edm.DateTime\u0022, \u0022birthday\u0022: \u00221970-10-04T00:00:00.000000Z\u0022, \u0022birthday@odata.type\u0022: \u0022Edm.DateTime\u0022, \u0022binary\u0022: \u0022YmluYXJ5\u0022, \u0022binary@odata.type\u0022: \u0022Edm.Binary\u0022, \u0022other\u0022: 20, \u0022clsid\u0022: \u0022c9da6455-213d-42c9-9a79-3e9149a57833\u0022, \u0022clsid@odata.type\u0022: \u0022Edm.Guid\u0022}",
      "StatusCode": 201,
      "ResponseHeaders": {
        "Content-Type": "application/json; odata=minimalmetadata",
        "Date": "Thu, 16 Sep 2021 23:29:29 GMT",
        "ETag": "W/\u0022datetime\u00272021-09-16T23%3A29%3A29.7797128Z\u0027\u0022",
        "Location": "https://yalltbtestsprim.table.cosmos.azure.com/uttabled404324e(PartitionKey=\u0027pkd404324e\u0027,RowKey=\u0027rkd404324e\u0027)",
        "Transfer-Encoding": "chunked",
        "x-ms-request-id": "74850354-0f0b-4fe0-9c09-4c8d3d634263"
      },
      "ResponseBody": {
        "odata.metadata": "https://yalltbtestsprim.table.cosmos.azure.com/uttabled404324e/$metadata#uttabled404324e/@Element",
        "odata.etag": "W/\u0022datetime\u00272021-09-16T23%3A29%3A29.7797128Z\u0027\u0022",
        "PartitionKey": "pkd404324e",
        "RowKey": "rkd404324e",
        "age": 39,
        "sex": "male",
        "married": true,
        "deceased": false,
        "ratio": 3.1,
        "evenratio": 3.0,
        "double": 5.0,
        "large": 933311100,
        "Birthday@odata.type": "Edm.DateTime",
        "Birthday": "1973-10-04T00:00:00.0000000Z",
        "birthday@odata.type": "Edm.DateTime",
        "birthday": "1970-10-04T00:00:00.0000000Z",
        "binary@odata.type": "Edm.Binary",
        "binary": "YmluYXJ5",
        "other": 20,
        "clsid@odata.type": "Edm.Guid",
        "clsid": "c9da6455-213d-42c9-9a79-3e9149a57833",
        "Timestamp": "2021-09-16T23:29:29.7797128Z"
      }
    },
    {
      "RequestUri": "https://yalltbtestsprim.table.cosmos.azure.com/uttabled404324e(PartitionKey=\u0027pkd404324e\u0027,RowKey=\u0027rkd404324e\u0027)",
      "RequestMethod": "GET",
      "RequestHeaders": {
        "Accept": "application/json;odata=minimalmetadata",
        "Accept-Encoding": "gzip, deflate",
        "Authorization": "Sanitized",
        "DataServiceVersion": "3.0",
        "Date": "Thu, 16 Sep 2021 23:29:31 GMT",
        "User-Agent": "azsdk-python-data-tables/12.1.1 Python/3.9.2 (Windows-10-10.0.19041-SP0)",
        "x-ms-client-request-id": "f15d7228-1745-11ec-8bda-5cf37093a909",
        "x-ms-date": "Thu, 16 Sep 2021 23:29:31 GMT",
        "x-ms-version": "2019-02-02"
      },
      "RequestBody": null,
      "StatusCode": 200,
      "ResponseHeaders": {
        "Content-Type": "application/json; odata=minimalmetadata",
        "Date": "Thu, 16 Sep 2021 23:29:29 GMT",
        "ETag": "W/\u0022datetime\u00272021-09-16T23%3A29%3A29.7797128Z\u0027\u0022",
        "Transfer-Encoding": "chunked",
        "x-ms-request-id": "a35aeac1-1e5c-4196-9b3e-3b494b3c02d1"
      },
      "ResponseBody": {
        "odata.metadata": "https://yalltbtestsprim.table.cosmos.azure.com/uttabled404324e/$metadata#uttabled404324e/@Element",
        "odata.etag": "W/\u0022datetime\u00272021-09-16T23%3A29%3A29.7797128Z\u0027\u0022",
        "PartitionKey": "pkd404324e",
        "RowKey": "rkd404324e",
        "age": 39,
        "sex": "male",
        "married": true,
        "deceased": false,
        "ratio": 3.1,
        "evenratio": 3.0,
        "double": 5.0,
        "large": 933311100,
        "Birthday@odata.type": "Edm.DateTime",
        "Birthday": "1973-10-04T00:00:00.0000000Z",
        "birthday@odata.type": "Edm.DateTime",
        "birthday": "1970-10-04T00:00:00.0000000Z",
        "binary@odata.type": "Edm.Binary",
        "binary": "YmluYXJ5",
        "other": 20,
        "clsid@odata.type": "Edm.Guid",
        "clsid": "c9da6455-213d-42c9-9a79-3e9149a57833",
        "Timestamp": "2021-09-16T23:29:29.7797128Z"
      }
    },
    {
      "RequestUri": "https://yalltbtestsprim.table.cosmos.azure.com/uttabled404324e(PartitionKey=\u0027pkd404324e\u0027,RowKey=\u0027rkd404324e\u0027)",
      "RequestMethod": "DELETE",
      "RequestHeaders": {
        "Accept": "application/json;odata=minimalmetadata",
        "Accept-Encoding": "gzip, deflate",
        "Authorization": "Sanitized",
        "Content-Length": "0",
        "DataServiceVersion": "3.0",
        "Date": "Thu, 16 Sep 2021 23:29:31 GMT",
        "If-Match": "W/\u0022datetime\u00272021-09-16T23%3A29%3A29.7797128Z\u0027\u0022",
        "User-Agent": "azsdk-python-data-tables/12.1.1 Python/3.9.2 (Windows-10-10.0.19041-SP0)",
        "x-ms-client-request-id": "f164c7dc-1745-11ec-b5d9-5cf37093a909",
        "x-ms-date": "Thu, 16 Sep 2021 23:29:31 GMT",
        "x-ms-version": "2019-02-02"
      },
      "RequestBody": null,
      "StatusCode": 204,
      "ResponseHeaders": {
        "Date": "Thu, 16 Sep 2021 23:29:29 GMT",
        "x-ms-request-id": "cc21cc98-9e15-418c-bf81-b339710e3672"
      },
      "ResponseBody": null
    },
    {
      "RequestUri": "https://yalltbtestsprim.table.cosmos.azure.com/uttabled404324e(PartitionKey=\u0027pkd404324e\u0027,RowKey=\u0027rkd404324e\u0027)",
      "RequestMethod": "GET",
      "RequestHeaders": {
        "Accept": "application/json;odata=minimalmetadata",
        "Accept-Encoding": "gzip, deflate",
        "Authorization": "Sanitized",
        "DataServiceVersion": "3.0",
        "Date": "Thu, 16 Sep 2021 23:29:31 GMT",
        "User-Agent": "azsdk-python-data-tables/12.1.1 Python/3.9.2 (Windows-10-10.0.19041-SP0)",
        "x-ms-client-request-id": "f16a3ce0-1745-11ec-b15e-5cf37093a909",
        "x-ms-date": "Thu, 16 Sep 2021 23:29:31 GMT",
        "x-ms-version": "2019-02-02"
      },
      "RequestBody": null,
      "StatusCode": 404,
      "ResponseHeaders": {
        "Content-Type": "application/json; odata=minimalmetadata",
        "Date": "Thu, 16 Sep 2021 23:29:29 GMT",
        "Transfer-Encoding": "chunked",
        "x-ms-request-id": "bea293a8-51b9-4304-8a4a-bdce8b20ef83"
      },
      "ResponseBody": [
        "{\u0022odata.error\u0022:{\u0022code\u0022:\u0022ResourceNotFound\u0022,\u0022message\u0022:{\u0022lang\u0022:\u0022en-us\u0022,\u0022value\u0022:\u0022The specified resource does not exist.\\nRequestID:bea293a8-51b9-4304-8a4a-bdce8b20ef83\\n\u0022}}}\r\n"
      ]
    },
    {
      "RequestUri": "https://yalltbtestsprim.table.cosmos.azure.com/Tables",
      "RequestMethod": "GET",
      "RequestHeaders": {
        "Accept": "application/json;odata=minimalmetadata",
        "Accept-Encoding": "gzip, deflate",
        "Authorization": "Sanitized",
        "DataServiceVersion": "3.0",
        "Date": "Thu, 16 Sep 2021 23:29:31 GMT",
        "User-Agent": "azsdk-python-data-tables/12.1.1 Python/3.9.2 (Windows-10-10.0.19041-SP0)",
        "x-ms-client-request-id": "f16f6ea6-1745-11ec-95c4-5cf37093a909",
        "x-ms-date": "Thu, 16 Sep 2021 23:29:31 GMT",
        "x-ms-version": "2019-02-02"
      },
      "RequestBody": null,
      "StatusCode": 200,
      "ResponseHeaders": {
        "Content-Type": "application/json; odata=minimalmetadata",
        "Date": "Thu, 16 Sep 2021 23:29:29 GMT",
        "Transfer-Encoding": "chunked",
        "x-ms-request-id": "6ff2a35f-13ec-4db3-92ef-a21d15fdf2a8"
      },
      "ResponseBody": {
        "value": [
          {
            "TableName": "uttabled404324e"
          }
        ],
        "odata.metadata": "https://yalltbtestsprim.table.cosmos.azure.com/$metadata#Tables"
      }
    },
    {
      "RequestUri": "https://yalltbtestsprim.table.cosmos.azure.com/Tables(\u0027uttabled404324e\u0027)",
      "RequestMethod": "DELETE",
      "RequestHeaders": {
        "Accept": "application/json",
        "Accept-Encoding": "gzip, deflate",
        "Authorization": "Sanitized",
        "Content-Length": "0",
        "Date": "Thu, 16 Sep 2021 23:29:31 GMT",
        "User-Agent": "azsdk-python-data-tables/12.1.1 Python/3.9.2 (Windows-10-10.0.19041-SP0)",
        "x-ms-client-request-id": "f1725dfe-1745-11ec-80ad-5cf37093a909",
        "x-ms-date": "Thu, 16 Sep 2021 23:29:31 GMT",
        "x-ms-version": "2019-02-02"
      },
      "RequestBody": null,
      "StatusCode": 204,
      "ResponseHeaders": {
        "Date": "Thu, 16 Sep 2021 23:29:29 GMT",
        "x-ms-request-id": "b6ee8270-0da0-4f78-b214-54ab87c61afe"
      },
      "ResponseBody": null
    }
  ],
  "Variables": {}
}