{
  "Entries": [
    {
      "RequestUri": "https://yalltbtestsprim.table.cosmos.azure.com/Tables",
      "RequestMethod": "POST",
      "RequestHeaders": {
        "Accept": "application/json;odata=minimalmetadata",
        "Accept-Encoding": "gzip, deflate",
        "Authorization": "Sanitized",
        "Connection": "keep-alive",
        "Content-Length": "32",
        "Content-Type": "application/json;odata=nometadata",
        "DataServiceVersion": "3.0",
        "Date": "Mon, 18 Oct 2021 23:20:39 GMT",
        "User-Agent": "azsdk-python-data-tables/12.1.1 Python/3.9.2 (Windows-10-10.0.19041-SP0)",
        "x-ms-client-request-id": "01ece8f1-306a-11ec-b4e9-5cf37093a909",
        "x-ms-date": "Mon, 18 Oct 2021 23:20:39 GMT",
        "x-ms-version": "2019-02-02"
      },
      "RequestBody": "{\u0022TableName\u0022: \u0022uttablea6133021\u0022}",
      "StatusCode": 201,
      "ResponseHeaders": {
        "Content-Type": "application/json; odata=minimalmetadata",
        "Date": "Mon, 18 Oct 2021 23:20:34 GMT",
        "ETag": "W/\u0022datetime\u00272021-10-18T23%3A20%3A34.4165384Z\u0027\u0022",
        "Location": "https://yalltbtestsprim.table.cosmos.azure.com/Tables(\u0027uttablea6133021\u0027)",
        "Transfer-Encoding": "chunked",
        "x-ms-request-id": "c4d4ddf8-7d3c-4444-ae8e-72a5738c7018"
      },
      "ResponseBody": {
        "TableName": "uttablea6133021",
        "odata.metadata": "https://yalltbtestsprim.table.cosmos.azure.com/$metadata#Tables/@Element"
      }
    },
    {
      "RequestUri": "https://yalltbtestsprim.table.cosmos.azure.com/uttablea6133021",
      "RequestMethod": "POST",
      "RequestHeaders": {
        "Accept": "application/json;odata=minimalmetadata",
        "Accept-Encoding": "gzip, deflate",
        "Authorization": "Sanitized",
        "Connection": "keep-alive",
        "Content-Length": "51",
        "Content-Type": "application/json;odata=nometadata",
        "DataServiceVersion": "3.0",
        "Date": "Mon, 18 Oct 2021 23:20:40 GMT",
        "User-Agent": "azsdk-python-data-tables/12.1.1 Python/3.9.2 (Windows-10-10.0.19041-SP0)",
        "x-ms-client-request-id": "0282ed79-306a-11ec-8d89-5cf37093a909",
        "x-ms-date": "Mon, 18 Oct 2021 23:20:40 GMT",
        "x-ms-version": "2019-02-02"
      },
      "RequestBody": "{\u0022RowKey\u0022: \u0022rk\u0022, \u0022RowKey@odata.type\u0022: \u0022Edm.String\u0022}",
      "StatusCode": 400,
      "ResponseHeaders": {
        "Content-Type": "application/json; odata=fullmetadata",
        "Date": "Mon, 18 Oct 2021 23:20:34 GMT",
        "Transfer-Encoding": "chunked",
        "x-ms-request-id": "9a1785a6-c6c1-446d-b369-c0e62bab6f09"
      },
      "ResponseBody": [
        "{\u0022odata.error\u0022:{\u0022code\u0022:\u0022PropertiesNeedValue\u0022,\u0022message\u0022:{\u0022lang\u0022:\u0022en-us\u0022,\u0022value\u0022:\u0022PartitionKey/RowKey cannot be empty\\r\\nActivityId: 9a1785a6-c6c1-446d-b369-c0e62bab6f09, documentdb-dotnet-sdk/2.14.0 Host/64-bit MicrosoftWindowsNT/6.2.9200.0\\nRequestID:9a1785a6-c6c1-446d-b369-c0e62bab6f09\\n\u0022}}}\r\n"
      ]
    },
    {
      "RequestUri": "https://yalltbtestsprim.table.cosmos.azure.com/Tables",
      "RequestMethod": "GET",
      "RequestHeaders": {
        "Accept": "application/json;odata=minimalmetadata",
        "Accept-Encoding": "gzip, deflate",
        "Authorization": "Sanitized",
        "Connection": "keep-alive",
        "DataServiceVersion": "3.0",
        "Date": "Mon, 18 Oct 2021 23:20:40 GMT",
        "User-Agent": "azsdk-python-data-tables/12.1.1 Python/3.9.2 (Windows-10-10.0.19041-SP0)",
        "x-ms-client-request-id": "028610ba-306a-11ec-8cd9-5cf37093a909",
        "x-ms-date": "Mon, 18 Oct 2021 23:20:40 GMT",
        "x-ms-version": "2019-02-02"
      },
      "RequestBody": null,
      "StatusCode": 200,
      "ResponseHeaders": {
        "Content-Type": "application/json; odata=minimalmetadata",
        "Date": "Mon, 18 Oct 2021 23:20:34 GMT",
        "Transfer-Encoding": "chunked",
        "x-ms-request-id": "57626343-95bc-409e-8ce2-668a862f2657"
      },
      "ResponseBody": {
        "value": [
          {
            "TableName": "uttablea6133021"
          }
        ],
        "odata.metadata": "https://yalltbtestsprim.table.cosmos.azure.com/$metadata#Tables"
      }
    },
    {
      "RequestUri": "https://yalltbtestsprim.table.cosmos.azure.com/Tables(\u0027uttablea6133021\u0027)",
      "RequestMethod": "DELETE",
      "RequestHeaders": {
        "Accept": "application/json",
        "Accept-Encoding": "gzip, deflate",
        "Authorization": "Sanitized",
        "Connection": "keep-alive",
        "Content-Length": "0",
        "Date": "Mon, 18 Oct 2021 23:20:40 GMT",
        "User-Agent": "azsdk-python-data-tables/12.1.1 Python/3.9.2 (Windows-10-10.0.19041-SP0)",
        "x-ms-client-request-id": "0288ed3a-306a-11ec-932b-5cf37093a909",
        "x-ms-date": "Mon, 18 Oct 2021 23:20:40 GMT",
        "x-ms-version": "2019-02-02"
      },
      "RequestBody": null,
      "StatusCode": 204,
      "ResponseHeaders": {
        "Date": "Mon, 18 Oct 2021 23:20:34 GMT",
        "x-ms-request-id": "9f19f2fb-be0f-4cf1-bc2c-28409862c87c"
      },
      "ResponseBody": null
    }
  ],
  "Variables": {}
}
