interactions:
- request:
    body: '{"TableName": "uttable4c2a104e"}'
    headers:
      Accept:
      - application/json;odata=minimalmetadata
      Accept-Encoding:
      - gzip, deflate
      Connection:
      - keep-alive
      Content-Length:
      - '32'
      Content-Type:
      - application/json;odata=nometadata
      DataServiceVersion:
      - '3.0'
      Date:
      - Tue, 22 Sep 2020 20:03:46 GMT
      User-Agent:
      - azsdk-python-data-tables/12.0.0b2 Python/3.8.4 (Windows-10-10.0.19041-SP0)
      x-ms-date:
      - Tue, 22 Sep 2020 20:03:46 GMT
      x-ms-version:
      - '2019-02-02'
    method: POST
    uri: https://storagename.table.core.windows.net/Tables
  response:
    body:
      string: '{"odata.metadata":"https://storagename.table.core.windows.net/$metadata#Tables/@Element","TableName":"uttable4c2a104e"}'
    headers:
      cache-control:
      - no-cache
      content-type:
      - application/json;odata=minimalmetadata;streaming=true;charset=utf-8
      date:
      - Tue, 22 Sep 2020 20:03:46 GMT
      location:
      - https://storagename.table.core.windows.net/Tables('uttable4c2a104e')
      server:
      - Windows-Azure-Table/1.0 Microsoft-HTTPAPI/2.0
      transfer-encoding:
      - chunked
      x-content-type-options:
      - nosniff
      x-ms-version:
      - '2019-02-02'
    status:
      code: 201
      message: Created
- request:
    body: '{"PartitionKey": "001", "PartitionKey@odata.type": "Edm.String", "RowKey":
      "batch_negative_1", "RowKey@odata.type": "Edm.String", "age": 39, "sex": "male",
      "sex@odata.type": "Edm.String", "married": true, "deceased": false, "ratio":
      3.1, "evenratio": 3.0, "large": 933311100, "Birthday": "1973-10-04T00:00:00Z",
      "Birthday@odata.type": "Edm.DateTime", "birthday": "1970-10-04T00:00:00Z", "birthday@odata.type":
      "Edm.DateTime", "binary": "YmluYXJ5", "binary@odata.type": "Edm.Binary", "other":
      20, "clsid": "c9da6455-213d-42c9-9a79-3e9149a57833", "clsid@odata.type": "Edm.Guid"}'
    headers:
      Accept:
      - application/json;odata=minimalmetadata
      Accept-Encoding:
      - gzip, deflate
      Connection:
      - keep-alive
      Content-Length:
      - '576'
      Content-Type:
      - application/json;odata=nometadata
      DataServiceVersion:
      - '3.0'
      Date:
      - Tue, 22 Sep 2020 20:03:46 GMT
      User-Agent:
      - azsdk-python-data-tables/12.0.0b2 Python/3.8.4 (Windows-10-10.0.19041-SP0)
      x-ms-date:
      - Tue, 22 Sep 2020 20:03:46 GMT
      x-ms-version:
      - '2019-02-02'
    method: POST
    uri: https://storagename.table.core.windows.net/uttable4c2a104e
  response:
    body:
      string: '{"odata.metadata":"https://storagename.table.core.windows.net/$metadata#uttable4c2a104e/@Element","odata.etag":"W/\"datetime''2020-09-22T20%3A03%3A46.4667789Z''\"","PartitionKey":"001","RowKey":"batch_negative_1","Timestamp":"2020-09-22T20:03:46.4667789Z","age":39,"sex":"male","married":true,"deceased":false,"ratio":3.1,"evenratio":3.0,"large":933311100,"Birthday@odata.type":"Edm.DateTime","Birthday":"1973-10-04T00:00:00Z","birthday@odata.type":"Edm.DateTime","birthday":"1970-10-04T00:00:00Z","binary@odata.type":"Edm.Binary","binary":"YmluYXJ5","other":20,"clsid@odata.type":"Edm.Guid","clsid":"c9da6455-213d-42c9-9a79-3e9149a57833"}'
    headers:
      cache-control:
      - no-cache
      content-type:
      - application/json;odata=minimalmetadata;streaming=true;charset=utf-8
      date:
      - Tue, 22 Sep 2020 20:03:46 GMT
      etag:
      - W/"datetime'2020-09-22T20%3A03%3A46.4667789Z'"
      location:
      - https://storagename.table.core.windows.net/uttable4c2a104e(PartitionKey='001',RowKey='batch_negative_1')
      server:
      - Windows-Azure-Table/1.0 Microsoft-HTTPAPI/2.0
      transfer-encoding:
      - chunked
      x-content-type-options:
      - nosniff
      x-ms-version:
      - '2019-02-02'
    status:
      code: 201
      message: Created
- request:
    body: "--batch_4bb2340a-436b-4b06-978a-c427132c8dce\r\nContent-Type: multipart/mixed;
      boundary=changeset_5b39a642-40e1-4c3a-80b0-bcd7190e50a3\r\n\r\n--changeset_5b39a642-40e1-4c3a-80b0-bcd7190e50a3\r\nContent-Type:
      application/http\r\nContent-Transfer-Encoding: binary\r\nContent-ID: 0\r\n\r\nPOST
      https://pyacrstoragecy5edjajxvth.table.core.windows.net/uttable4c2a104e HTTP/1.1\r\nx-ms-version:
      2019-02-02\r\nDataServiceVersion: 3.0\r\nPrefer: return-no-content\r\nContent-Type:
      application/json;odata=nometadata\r\nAccept: application/json;odata=minimalmetadata\r\nContent-Length:
      218\r\nx-ms-date: Tue, 22 Sep 2020 20:03:46 GMT\r\nDate: Tue, 22 Sep 2020 20:03:46
      GMT\r\nx-ms-client-request-id: b92a29e1-fd0e-11ea-9c14-58961df361d1\r\n\r\n{\"PartitionKey\":
      \"large\", \"PartitionKey@odata.type\": \"Edm.String\", \"PartitionKey@odata.type@odata.type\":
      \"Edm.String\", \"RowKey\": \"item0\", \"RowKey@odata.type\": \"Edm.String\",
      \"RowKey@odata.type@odata.type\": \"Edm.String\"}\r\n--changeset_5b39a642-40e1-4c3a-80b0-bcd7190e50a3\r\nContent-Type:
      application/http\r\nContent-Transfer-Encoding: binary\r\nContent-ID: 1\r\n\r\nPOST
      https://pyacrstoragecy5edjajxvth.table.core.windows.net/uttable4c2a104e HTTP/1.1\r\nx-ms-version:
      2019-02-02\r\nDataServiceVersion: 3.0\r\nPrefer: return-no-content\r\nContent-Type:
      application/json;odata=nometadata\r\nAccept: application/json;odata=minimalmetadata\r\nContent-Length:
      218\r\nx-ms-date: Tue, 22 Sep 2020 20:03:46 GMT\r\nDate: Tue, 22 Sep 2020 20:03:46
      GMT\r\nx-ms-client-request-id: b92a29e2-fd0e-11ea-8290-58961df361d1\r\n\r\n{\"PartitionKey\":
      \"large\", \"PartitionKey@odata.type\": \"Edm.String\", \"PartitionKey@odata.type@odata.type\":
      \"Edm.String\", \"RowKey\": \"item1\", \"RowKey@odata.type\": \"Edm.String\",
      \"RowKey@odata.type@odata.type\": \"Edm.String\"}\r\n--changeset_5b39a642-40e1-4c3a-80b0-bcd7190e50a3\r\nContent-Type:
      application/http\r\nContent-Transfer-Encoding: binary\r\nContent-ID: 2\r\n\r\nPOST
      https://pyacrstoragecy5edjajxvth.table.core.windows.net/uttable4c2a104e HTTP/1.1\r\nx-ms-version:
      2019-02-02\r\nDataServiceVersion: 3.0\r\nPrefer: return-no-content\r\nContent-Type:
      application/json;odata=nometadata\r\nAccept: application/json;odata=minimalmetadata\r\nContent-Length:
      218\r\nx-ms-date: Tue, 22 Sep 2020 20:03:46 GMT\r\nDate: Tue, 22 Sep 2020 20:03:46
      GMT\r\nx-ms-client-request-id: b92a50cb-fd0e-11ea-9745-58961df361d1\r\n\r\n{\"PartitionKey\":
      \"large\", \"PartitionKey@odata.type\": \"Edm.String\", \"PartitionKey@odata.type@odata.type\":
      \"Edm.String\", \"RowKey\": \"item2\", \"RowKey@odata.type\": \"Edm.String\",
      \"RowKey@odata.type@odata.type\": \"Edm.String\"}\r\n--changeset_5b39a642-40e1-4c3a-80b0-bcd7190e50a3\r\nContent-Type:
      application/http\r\nContent-Transfer-Encoding: binary\r\nContent-ID: 3\r\n\r\nPOST
      https://pyacrstoragecy5edjajxvth.table.core.windows.net/uttable4c2a104e HTTP/1.1\r\nx-ms-version:
      2019-02-02\r\nDataServiceVersion: 3.0\r\nPrefer: return-no-content\r\nContent-Type:
      application/json;odata=nometadata\r\nAccept: application/json;odata=minimalmetadata\r\nContent-Length:
      218\r\nx-ms-date: Tue, 22 Sep 2020 20:03:46 GMT\r\nDate: Tue, 22 Sep 2020 20:03:46
      GMT\r\nx-ms-client-request-id: b92a50cc-fd0e-11ea-a8c9-58961df361d1\r\n\r\n{\"PartitionKey\":
      \"large\", \"PartitionKey@odata.type\": \"Edm.String\", \"PartitionKey@odata.type@odata.type\":
      \"Edm.String\", \"RowKey\": \"item3\", \"RowKey@odata.type\": \"Edm.String\",
      \"RowKey@odata.type@odata.type\": \"Edm.String\"}\r\n--changeset_5b39a642-40e1-4c3a-80b0-bcd7190e50a3\r\nContent-Type:
      application/http\r\nContent-Transfer-Encoding: binary\r\nContent-ID: 4\r\n\r\nPOST
      https://pyacrstoragecy5edjajxvth.table.core.windows.net/uttable4c2a104e HTTP/1.1\r\nx-ms-version:
      2019-02-02\r\nDataServiceVersion: 3.0\r\nPrefer: return-no-content\r\nContent-Type:
      application/json;odata=nometadata\r\nAccept: application/json;odata=minimalmetadata\r\nContent-Length:
      218\r\nx-ms-date: Tue, 22 Sep 2020 20:03:46 GMT\r\nDate: Tue, 22 Sep 2020 20:03:46
      GMT\r\nx-ms-client-request-id: b92a50cd-fd0e-11ea-bce0-58961df361d1\r\n\r\n{\"PartitionKey\":
      \"large\", \"PartitionKey@odata.type\": \"Edm.String\", \"PartitionKey@odata.type@odata.type\":
      \"Edm.String\", \"RowKey\": \"item4\", \"RowKey@odata.type\": \"Edm.String\",
      \"RowKey@odata.type@odata.type\": \"Edm.String\"}\r\n--changeset_5b39a642-40e1-4c3a-80b0-bcd7190e50a3\r\nContent-Type:
      application/http\r\nContent-Transfer-Encoding: binary\r\nContent-ID: 5\r\n\r\nPOST
      https://pyacrstoragecy5edjajxvth.table.core.windows.net/uttable4c2a104e HTTP/1.1\r\nx-ms-version:
      2019-02-02\r\nDataServiceVersion: 3.0\r\nPrefer: return-no-content\r\nContent-Type:
      application/json;odata=nometadata\r\nAccept: application/json;odata=minimalmetadata\r\nContent-Length:
      218\r\nx-ms-date: Tue, 22 Sep 2020 20:03:46 GMT\r\nDate: Tue, 22 Sep 2020 20:03:46
      GMT\r\nx-ms-client-request-id: b92a50ce-fd0e-11ea-86d4-58961df361d1\r\n\r\n{\"PartitionKey\":
      \"large\", \"PartitionKey@odata.type\": \"Edm.String\", \"PartitionKey@odata.type@odata.type\":
      \"Edm.String\", \"RowKey\": \"item5\", \"RowKey@odata.type\": \"Edm.String\",
      \"RowKey@odata.type@odata.type\": \"Edm.String\"}\r\n--changeset_5b39a642-40e1-4c3a-80b0-bcd7190e50a3\r\nContent-Type:
      application/http\r\nContent-Transfer-Encoding: binary\r\nContent-ID: 6\r\n\r\nPOST
      https://pyacrstoragecy5edjajxvth.table.core.windows.net/uttable4c2a104e HTTP/1.1\r\nx-ms-version:
      2019-02-02\r\nDataServiceVersion: 3.0\r\nPrefer: return-no-content\r\nContent-Type:
      application/json;odata=nometadata\r\nAccept: application/json;odata=minimalmetadata\r\nContent-Length:
      218\r\nx-ms-date: Tue, 22 Sep 2020 20:03:46 GMT\r\nDate: Tue, 22 Sep 2020 20:03:46
      GMT\r\nx-ms-client-request-id: b92a50cf-fd0e-11ea-be02-58961df361d1\r\n\r\n{\"PartitionKey\":
      \"large\", \"PartitionKey@odata.type\": \"Edm.String\", \"PartitionKey@odata.type@odata.type\":
      \"Edm.String\", \"RowKey\": \"item6\", \"RowKey@odata.type\": \"Edm.String\",
      \"RowKey@odata.type@odata.type\": \"Edm.String\"}\r\n--changeset_5b39a642-40e1-4c3a-80b0-bcd7190e50a3\r\nContent-Type:
      application/http\r\nContent-Transfer-Encoding: binary\r\nContent-ID: 7\r\n\r\nPOST
      https://pyacrstoragecy5edjajxvth.table.core.windows.net/uttable4c2a104e HTTP/1.1\r\nx-ms-version:
      2019-02-02\r\nDataServiceVersion: 3.0\r\nPrefer: return-no-content\r\nContent-Type:
      application/json;odata=nometadata\r\nAccept: application/json;odata=minimalmetadata\r\nContent-Length:
      218\r\nx-ms-date: Tue, 22 Sep 2020 20:03:46 GMT\r\nDate: Tue, 22 Sep 2020 20:03:46
      GMT\r\nx-ms-client-request-id: b92a50d0-fd0e-11ea-ba09-58961df361d1\r\n\r\n{\"PartitionKey\":
      \"large\", \"PartitionKey@odata.type\": \"Edm.String\", \"PartitionKey@odata.type@odata.type\":
      \"Edm.String\", \"RowKey\": \"item7\", \"RowKey@odata.type\": \"Edm.String\",
      \"RowKey@odata.type@odata.type\": \"Edm.String\"}\r\n--changeset_5b39a642-40e1-4c3a-80b0-bcd7190e50a3\r\nContent-Type:
      application/http\r\nContent-Transfer-Encoding: binary\r\nContent-ID: 8\r\n\r\nPOST
      https://pyacrstoragecy5edjajxvth.table.core.windows.net/uttable4c2a104e HTTP/1.1\r\nx-ms-version:
      2019-02-02\r\nDataServiceVersion: 3.0\r\nPrefer: return-no-content\r\nContent-Type:
      application/json;odata=nometadata\r\nAccept: application/json;odata=minimalmetadata\r\nContent-Length:
      218\r\nx-ms-date: Tue, 22 Sep 2020 20:03:46 GMT\r\nDate: Tue, 22 Sep 2020 20:03:46
      GMT\r\nx-ms-client-request-id: b92a50d1-fd0e-11ea-a28b-58961df361d1\r\n\r\n{\"PartitionKey\":
      \"large\", \"PartitionKey@odata.type\": \"Edm.String\", \"PartitionKey@odata.type@odata.type\":
      \"Edm.String\", \"RowKey\": \"item8\", \"RowKey@odata.type\": \"Edm.String\",
      \"RowKey@odata.type@odata.type\": \"Edm.String\"}\r\n--changeset_5b39a642-40e1-4c3a-80b0-bcd7190e50a3\r\nContent-Type:
      application/http\r\nContent-Transfer-Encoding: binary\r\nContent-ID: 9\r\n\r\nPOST
      https://pyacrstoragecy5edjajxvth.table.core.windows.net/uttable4c2a104e HTTP/1.1\r\nx-ms-version:
      2019-02-02\r\nDataServiceVersion: 3.0\r\nPrefer: return-no-content\r\nContent-Type:
      application/json;odata=nometadata\r\nAccept: application/json;odata=minimalmetadata\r\nContent-Length:
      218\r\nx-ms-date: Tue, 22 Sep 2020 20:03:46 GMT\r\nDate: Tue, 22 Sep 2020 20:03:46
      GMT\r\nx-ms-client-request-id: b92a50d2-fd0e-11ea-8aeb-58961df361d1\r\n\r\n{\"PartitionKey\":
      \"large\", \"PartitionKey@odata.type\": \"Edm.String\", \"PartitionKey@odata.type@odata.type\":
      \"Edm.String\", \"RowKey\": \"item9\", \"RowKey@odata.type\": \"Edm.String\",
      \"RowKey@odata.type@odata.type\": \"Edm.String\"}\r\n--changeset_5b39a642-40e1-4c3a-80b0-bcd7190e50a3\r\nContent-Type:
      application/http\r\nContent-Transfer-Encoding: binary\r\nContent-ID: 10\r\n\r\nPOST
      https://pyacrstoragecy5edjajxvth.table.core.windows.net/uttable4c2a104e HTTP/1.1\r\nx-ms-version:
      2019-02-02\r\nDataServiceVersion: 3.0\r\nPrefer: return-no-content\r\nContent-Type:
      application/json;odata=nometadata\r\nAccept: application/json;odata=minimalmetadata\r\nContent-Length:
      219\r\nx-ms-date: Tue, 22 Sep 2020 20:03:46 GMT\r\nDate: Tue, 22 Sep 2020 20:03:46
      GMT\r\nx-ms-client-request-id: b92a77d4-fd0e-11ea-a5f1-58961df361d1\r\n\r\n{\"PartitionKey\":
      \"large\", \"PartitionKey@odata.type\": \"Edm.String\", \"PartitionKey@odata.type@odata.type\":
      \"Edm.String\", \"RowKey\": \"item10\", \"RowKey@odata.type\": \"Edm.String\",
      \"RowKey@odata.type@odata.type\": \"Edm.String\"}\r\n--changeset_5b39a642-40e1-4c3a-80b0-bcd7190e50a3\r\nContent-Type:
      application/http\r\nContent-Transfer-Encoding: binary\r\nContent-ID: 11\r\n\r\nPOST
      https://pyacrstoragecy5edjajxvth.table.core.windows.net/uttable4c2a104e HTTP/1.1\r\nx-ms-version:
      2019-02-02\r\nDataServiceVersion: 3.0\r\nPrefer: return-no-content\r\nContent-Type:
      application/json;odata=nometadata\r\nAccept: application/json;odata=minimalmetadata\r\nContent-Length:
      219\r\nx-ms-date: Tue, 22 Sep 2020 20:03:46 GMT\r\nDate: Tue, 22 Sep 2020 20:03:46
      GMT\r\nx-ms-client-request-id: b92a77d5-fd0e-11ea-bdae-58961df361d1\r\n\r\n{\"PartitionKey\":
      \"large\", \"PartitionKey@odata.type\": \"Edm.String\", \"PartitionKey@odata.type@odata.type\":
      \"Edm.String\", \"RowKey\": \"item11\", \"RowKey@odata.type\": \"Edm.String\",
      \"RowKey@odata.type@odata.type\": \"Edm.String\"}\r\n--changeset_5b39a642-40e1-4c3a-80b0-bcd7190e50a3\r\nContent-Type:
      application/http\r\nContent-Transfer-Encoding: binary\r\nContent-ID: 12\r\n\r\nPOST
      https://pyacrstoragecy5edjajxvth.table.core.windows.net/uttable4c2a104e HTTP/1.1\r\nx-ms-version:
      2019-02-02\r\nDataServiceVersion: 3.0\r\nPrefer: return-no-content\r\nContent-Type:
      application/json;odata=nometadata\r\nAccept: application/json;odata=minimalmetadata\r\nContent-Length:
      219\r\nx-ms-date: Tue, 22 Sep 2020 20:03:46 GMT\r\nDate: Tue, 22 Sep 2020 20:03:46
      GMT\r\nx-ms-client-request-id: b92a77d6-fd0e-11ea-b4c6-58961df361d1\r\n\r\n{\"PartitionKey\":
      \"large\", \"PartitionKey@odata.type\": \"Edm.String\", \"PartitionKey@odata.type@odata.type\":
      \"Edm.String\", \"RowKey\": \"item12\", \"RowKey@odata.type\": \"Edm.String\",
      \"RowKey@odata.type@odata.type\": \"Edm.String\"}\r\n--changeset_5b39a642-40e1-4c3a-80b0-bcd7190e50a3\r\nContent-Type:
      application/http\r\nContent-Transfer-Encoding: binary\r\nContent-ID: 13\r\n\r\nPOST
      https://pyacrstoragecy5edjajxvth.table.core.windows.net/uttable4c2a104e HTTP/1.1\r\nx-ms-version:
      2019-02-02\r\nDataServiceVersion: 3.0\r\nPrefer: return-no-content\r\nContent-Type:
      application/json;odata=nometadata\r\nAccept: application/json;odata=minimalmetadata\r\nContent-Length:
      219\r\nx-ms-date: Tue, 22 Sep 2020 20:03:46 GMT\r\nDate: Tue, 22 Sep 2020 20:03:46
      GMT\r\nx-ms-client-request-id: b92a77d7-fd0e-11ea-8b63-58961df361d1\r\n\r\n{\"PartitionKey\":
      \"large\", \"PartitionKey@odata.type\": \"Edm.String\", \"PartitionKey@odata.type@odata.type\":
      \"Edm.String\", \"RowKey\": \"item13\", \"RowKey@odata.type\": \"Edm.String\",
      \"RowKey@odata.type@odata.type\": \"Edm.String\"}\r\n--changeset_5b39a642-40e1-4c3a-80b0-bcd7190e50a3\r\nContent-Type:
      application/http\r\nContent-Transfer-Encoding: binary\r\nContent-ID: 14\r\n\r\nPOST
      https://pyacrstoragecy5edjajxvth.table.core.windows.net/uttable4c2a104e HTTP/1.1\r\nx-ms-version:
      2019-02-02\r\nDataServiceVersion: 3.0\r\nPrefer: return-no-content\r\nContent-Type:
      application/json;odata=nometadata\r\nAccept: application/json;odata=minimalmetadata\r\nContent-Length:
      219\r\nx-ms-date: Tue, 22 Sep 2020 20:03:46 GMT\r\nDate: Tue, 22 Sep 2020 20:03:46
      GMT\r\nx-ms-client-request-id: b92a77d8-fd0e-11ea-a1d2-58961df361d1\r\n\r\n{\"PartitionKey\":
      \"large\", \"PartitionKey@odata.type\": \"Edm.String\", \"PartitionKey@odata.type@odata.type\":
      \"Edm.String\", \"RowKey\": \"item14\", \"RowKey@odata.type\": \"Edm.String\",
      \"RowKey@odata.type@odata.type\": \"Edm.String\"}\r\n--changeset_5b39a642-40e1-4c3a-80b0-bcd7190e50a3\r\nContent-Type:
      application/http\r\nContent-Transfer-Encoding: binary\r\nContent-ID: 15\r\n\r\nPOST
      https://pyacrstoragecy5edjajxvth.table.core.windows.net/uttable4c2a104e HTTP/1.1\r\nx-ms-version:
      2019-02-02\r\nDataServiceVersion: 3.0\r\nPrefer: return-no-content\r\nContent-Type:
      application/json;odata=nometadata\r\nAccept: application/json;odata=minimalmetadata\r\nContent-Length:
      219\r\nx-ms-date: Tue, 22 Sep 2020 20:03:46 GMT\r\nDate: Tue, 22 Sep 2020 20:03:46
      GMT\r\nx-ms-client-request-id: b92a77d9-fd0e-11ea-884d-58961df361d1\r\n\r\n{\"PartitionKey\":
      \"large\", \"PartitionKey@odata.type\": \"Edm.String\", \"PartitionKey@odata.type@odata.type\":
      \"Edm.String\", \"RowKey\": \"item15\", \"RowKey@odata.type\": \"Edm.String\",
      \"RowKey@odata.type@odata.type\": \"Edm.String\"}\r\n--changeset_5b39a642-40e1-4c3a-80b0-bcd7190e50a3\r\nContent-Type:
      application/http\r\nContent-Transfer-Encoding: binary\r\nContent-ID: 16\r\n\r\nPOST
      https://pyacrstoragecy5edjajxvth.table.core.windows.net/uttable4c2a104e HTTP/1.1\r\nx-ms-version:
      2019-02-02\r\nDataServiceVersion: 3.0\r\nPrefer: return-no-content\r\nContent-Type:
      application/json;odata=nometadata\r\nAccept: application/json;odata=minimalmetadata\r\nContent-Length:
      219\r\nx-ms-date: Tue, 22 Sep 2020 20:03:46 GMT\r\nDate: Tue, 22 Sep 2020 20:03:46
      GMT\r\nx-ms-client-request-id: b92a77da-fd0e-11ea-bedb-58961df361d1\r\n\r\n{\"PartitionKey\":
      \"large\", \"PartitionKey@odata.type\": \"Edm.String\", \"PartitionKey@odata.type@odata.type\":
      \"Edm.String\", \"RowKey\": \"item16\", \"RowKey@odata.type\": \"Edm.String\",
      \"RowKey@odata.type@odata.type\": \"Edm.String\"}\r\n--changeset_5b39a642-40e1-4c3a-80b0-bcd7190e50a3\r\nContent-Type:
      application/http\r\nContent-Transfer-Encoding: binary\r\nContent-ID: 17\r\n\r\nPOST
      https://pyacrstoragecy5edjajxvth.table.core.windows.net/uttable4c2a104e HTTP/1.1\r\nx-ms-version:
      2019-02-02\r\nDataServiceVersion: 3.0\r\nPrefer: return-no-content\r\nContent-Type:
      application/json;odata=nometadata\r\nAccept: application/json;odata=minimalmetadata\r\nContent-Length:
      219\r\nx-ms-date: Tue, 22 Sep 2020 20:03:46 GMT\r\nDate: Tue, 22 Sep 2020 20:03:46
      GMT\r\nx-ms-client-request-id: b92a77db-fd0e-11ea-b352-58961df361d1\r\n\r\n{\"PartitionKey\":
      \"large\", \"PartitionKey@odata.type\": \"Edm.String\", \"PartitionKey@odata.type@odata.type\":
      \"Edm.String\", \"RowKey\": \"item17\", \"RowKey@odata.type\": \"Edm.String\",
      \"RowKey@odata.type@odata.type\": \"Edm.String\"}\r\n--changeset_5b39a642-40e1-4c3a-80b0-bcd7190e50a3\r\nContent-Type:
      application/http\r\nContent-Transfer-Encoding: binary\r\nContent-ID: 18\r\n\r\nPOST
      https://pyacrstoragecy5edjajxvth.table.core.windows.net/uttable4c2a104e HTTP/1.1\r\nx-ms-version:
      2019-02-02\r\nDataServiceVersion: 3.0\r\nPrefer: return-no-content\r\nContent-Type:
      application/json;odata=nometadata\r\nAccept: application/json;odata=minimalmetadata\r\nContent-Length:
      219\r\nx-ms-date: Tue, 22 Sep 2020 20:03:46 GMT\r\nDate: Tue, 22 Sep 2020 20:03:46
      GMT\r\nx-ms-client-request-id: b92a77dc-fd0e-11ea-82f5-58961df361d1\r\n\r\n{\"PartitionKey\":
      \"large\", \"PartitionKey@odata.type\": \"Edm.String\", \"PartitionKey@odata.type@odata.type\":
      \"Edm.String\", \"RowKey\": \"item18\", \"RowKey@odata.type\": \"Edm.String\",
      \"RowKey@odata.type@odata.type\": \"Edm.String\"}\r\n--changeset_5b39a642-40e1-4c3a-80b0-bcd7190e50a3\r\nContent-Type:
      application/http\r\nContent-Transfer-Encoding: binary\r\nContent-ID: 19\r\n\r\nPOST
      https://pyacrstoragecy5edjajxvth.table.core.windows.net/uttable4c2a104e HTTP/1.1\r\nx-ms-version:
      2019-02-02\r\nDataServiceVersion: 3.0\r\nPrefer: return-no-content\r\nContent-Type:
      application/json;odata=nometadata\r\nAccept: application/json;odata=minimalmetadata\r\nContent-Length:
      219\r\nx-ms-date: Tue, 22 Sep 2020 20:03:46 GMT\r\nDate: Tue, 22 Sep 2020 20:03:46
      GMT\r\nx-ms-client-request-id: b92a77dd-fd0e-11ea-938d-58961df361d1\r\n\r\n{\"PartitionKey\":
      \"large\", \"PartitionKey@odata.type\": \"Edm.String\", \"PartitionKey@odata.type@odata.type\":
      \"Edm.String\", \"RowKey\": \"item19\", \"RowKey@odata.type\": \"Edm.String\",
      \"RowKey@odata.type@odata.type\": \"Edm.String\"}\r\n--changeset_5b39a642-40e1-4c3a-80b0-bcd7190e50a3\r\nContent-Type:
      application/http\r\nContent-Transfer-Encoding: binary\r\nContent-ID: 20\r\n\r\nPOST
      https://pyacrstoragecy5edjajxvth.table.core.windows.net/uttable4c2a104e HTTP/1.1\r\nx-ms-version:
      2019-02-02\r\nDataServiceVersion: 3.0\r\nPrefer: return-no-content\r\nContent-Type:
      application/json;odata=nometadata\r\nAccept: application/json;odata=minimalmetadata\r\nContent-Length:
      219\r\nx-ms-date: Tue, 22 Sep 2020 20:03:46 GMT\r\nDate: Tue, 22 Sep 2020 20:03:46
      GMT\r\nx-ms-client-request-id: b92a77de-fd0e-11ea-ba01-58961df361d1\r\n\r\n{\"PartitionKey\":
      \"large\", \"PartitionKey@odata.type\": \"Edm.String\", \"PartitionKey@odata.type@odata.type\":
      \"Edm.String\", \"RowKey\": \"item20\", \"RowKey@odata.type\": \"Edm.String\",
      \"RowKey@odata.type@odata.type\": \"Edm.String\"}\r\n--changeset_5b39a642-40e1-4c3a-80b0-bcd7190e50a3\r\nContent-Type:
      application/http\r\nContent-Transfer-Encoding: binary\r\nContent-ID: 21\r\n\r\nPOST
      https://pyacrstoragecy5edjajxvth.table.core.windows.net/uttable4c2a104e HTTP/1.1\r\nx-ms-version:
      2019-02-02\r\nDataServiceVersion: 3.0\r\nPrefer: return-no-content\r\nContent-Type:
      application/json;odata=nometadata\r\nAccept: application/json;odata=minimalmetadata\r\nContent-Length:
      219\r\nx-ms-date: Tue, 22 Sep 2020 20:03:46 GMT\r\nDate: Tue, 22 Sep 2020 20:03:46
      GMT\r\nx-ms-client-request-id: b92aa043-fd0e-11ea-927a-58961df361d1\r\n\r\n{\"PartitionKey\":
      \"large\", \"PartitionKey@odata.type\": \"Edm.String\", \"PartitionKey@odata.type@odata.type\":
      \"Edm.String\", \"RowKey\": \"item21\", \"RowKey@odata.type\": \"Edm.String\",
      \"RowKey@odata.type@odata.type\": \"Edm.String\"}\r\n--changeset_5b39a642-40e1-4c3a-80b0-bcd7190e50a3\r\nContent-Type:
      application/http\r\nContent-Transfer-Encoding: binary\r\nContent-ID: 22\r\n\r\nPOST
      https://pyacrstoragecy5edjajxvth.table.core.windows.net/uttable4c2a104e HTTP/1.1\r\nx-ms-version:
      2019-02-02\r\nDataServiceVersion: 3.0\r\nPrefer: return-no-content\r\nContent-Type:
      application/json;odata=nometadata\r\nAccept: application/json;odata=minimalmetadata\r\nContent-Length:
      219\r\nx-ms-date: Tue, 22 Sep 2020 20:03:46 GMT\r\nDate: Tue, 22 Sep 2020 20:03:46
      GMT\r\nx-ms-client-request-id: b92aa044-fd0e-11ea-a31d-58961df361d1\r\n\r\n{\"PartitionKey\":
      \"large\", \"PartitionKey@odata.type\": \"Edm.String\", \"PartitionKey@odata.type@odata.type\":
      \"Edm.String\", \"RowKey\": \"item22\", \"RowKey@odata.type\": \"Edm.String\",
      \"RowKey@odata.type@odata.type\": \"Edm.String\"}\r\n--changeset_5b39a642-40e1-4c3a-80b0-bcd7190e50a3\r\nContent-Type:
      application/http\r\nContent-Transfer-Encoding: binary\r\nContent-ID: 23\r\n\r\nPOST
      https://pyacrstoragecy5edjajxvth.table.core.windows.net/uttable4c2a104e HTTP/1.1\r\nx-ms-version:
      2019-02-02\r\nDataServiceVersion: 3.0\r\nPrefer: return-no-content\r\nContent-Type:
      application/json;odata=nometadata\r\nAccept: application/json;odata=minimalmetadata\r\nContent-Length:
      219\r\nx-ms-date: Tue, 22 Sep 2020 20:03:46 GMT\r\nDate: Tue, 22 Sep 2020 20:03:46
      GMT\r\nx-ms-client-request-id: b92aa045-fd0e-11ea-b03f-58961df361d1\r\n\r\n{\"PartitionKey\":
      \"large\", \"PartitionKey@odata.type\": \"Edm.String\", \"PartitionKey@odata.type@odata.type\":
      \"Edm.String\", \"RowKey\": \"item23\", \"RowKey@odata.type\": \"Edm.String\",
      \"RowKey@odata.type@odata.type\": \"Edm.String\"}\r\n--changeset_5b39a642-40e1-4c3a-80b0-bcd7190e50a3\r\nContent-Type:
      application/http\r\nContent-Transfer-Encoding: binary\r\nContent-ID: 24\r\n\r\nPOST
      https://pyacrstoragecy5edjajxvth.table.core.windows.net/uttable4c2a104e HTTP/1.1\r\nx-ms-version:
      2019-02-02\r\nDataServiceVersion: 3.0\r\nPrefer: return-no-content\r\nContent-Type:
      application/json;odata=nometadata\r\nAccept: application/json;odata=minimalmetadata\r\nContent-Length:
      219\r\nx-ms-date: Tue, 22 Sep 2020 20:03:46 GMT\r\nDate: Tue, 22 Sep 2020 20:03:46
      GMT\r\nx-ms-client-request-id: b92aa046-fd0e-11ea-b8a2-58961df361d1\r\n\r\n{\"PartitionKey\":
      \"large\", \"PartitionKey@odata.type\": \"Edm.String\", \"PartitionKey@odata.type@odata.type\":
      \"Edm.String\", \"RowKey\": \"item24\", \"RowKey@odata.type\": \"Edm.String\",
      \"RowKey@odata.type@odata.type\": \"Edm.String\"}\r\n--changeset_5b39a642-40e1-4c3a-80b0-bcd7190e50a3\r\nContent-Type:
      application/http\r\nContent-Transfer-Encoding: binary\r\nContent-ID: 25\r\n\r\nPOST
      https://pyacrstoragecy5edjajxvth.table.core.windows.net/uttable4c2a104e HTTP/1.1\r\nx-ms-version:
      2019-02-02\r\nDataServiceVersion: 3.0\r\nPrefer: return-no-content\r\nContent-Type:
      application/json;odata=nometadata\r\nAccept: application/json;odata=minimalmetadata\r\nContent-Length:
      219\r\nx-ms-date: Tue, 22 Sep 2020 20:03:46 GMT\r\nDate: Tue, 22 Sep 2020 20:03:46
      GMT\r\nx-ms-client-request-id: b92aa047-fd0e-11ea-b2ec-58961df361d1\r\n\r\n{\"PartitionKey\":
      \"large\", \"PartitionKey@odata.type\": \"Edm.String\", \"PartitionKey@odata.type@odata.type\":
      \"Edm.String\", \"RowKey\": \"item25\", \"RowKey@odata.type\": \"Edm.String\",
      \"RowKey@odata.type@odata.type\": \"Edm.String\"}\r\n--changeset_5b39a642-40e1-4c3a-80b0-bcd7190e50a3\r\nContent-Type:
      application/http\r\nContent-Transfer-Encoding: binary\r\nContent-ID: 26\r\n\r\nPOST
      https://pyacrstoragecy5edjajxvth.table.core.windows.net/uttable4c2a104e HTTP/1.1\r\nx-ms-version:
      2019-02-02\r\nDataServiceVersion: 3.0\r\nPrefer: return-no-content\r\nContent-Type:
      application/json;odata=nometadata\r\nAccept: application/json;odata=minimalmetadata\r\nContent-Length:
      219\r\nx-ms-date: Tue, 22 Sep 2020 20:03:46 GMT\r\nDate: Tue, 22 Sep 2020 20:03:46
      GMT\r\nx-ms-client-request-id: b92aa048-fd0e-11ea-ae3f-58961df361d1\r\n\r\n{\"PartitionKey\":
      \"large\", \"PartitionKey@odata.type\": \"Edm.String\", \"PartitionKey@odata.type@odata.type\":
      \"Edm.String\", \"RowKey\": \"item26\", \"RowKey@odata.type\": \"Edm.String\",
      \"RowKey@odata.type@odata.type\": \"Edm.String\"}\r\n--changeset_5b39a642-40e1-4c3a-80b0-bcd7190e50a3\r\nContent-Type:
      application/http\r\nContent-Transfer-Encoding: binary\r\nContent-ID: 27\r\n\r\nPOST
      https://pyacrstoragecy5edjajxvth.table.core.windows.net/uttable4c2a104e HTTP/1.1\r\nx-ms-version:
      2019-02-02\r\nDataServiceVersion: 3.0\r\nPrefer: return-no-content\r\nContent-Type:
      application/json;odata=nometadata\r\nAccept: application/json;odata=minimalmetadata\r\nContent-Length:
      219\r\nx-ms-date: Tue, 22 Sep 2020 20:03:46 GMT\r\nDate: Tue, 22 Sep 2020 20:03:46
      GMT\r\nx-ms-client-request-id: b92aa049-fd0e-11ea-8d9f-58961df361d1\r\n\r\n{\"PartitionKey\":
      \"large\", \"PartitionKey@odata.type\": \"Edm.String\", \"PartitionKey@odata.type@odata.type\":
      \"Edm.String\", \"RowKey\": \"item27\", \"RowKey@odata.type\": \"Edm.String\",
      \"RowKey@odata.type@odata.type\": \"Edm.String\"}\r\n--changeset_5b39a642-40e1-4c3a-80b0-bcd7190e50a3\r\nContent-Type:
      application/http\r\nContent-Transfer-Encoding: binary\r\nContent-ID: 28\r\n\r\nPOST
      https://pyacrstoragecy5edjajxvth.table.core.windows.net/uttable4c2a104e HTTP/1.1\r\nx-ms-version:
      2019-02-02\r\nDataServiceVersion: 3.0\r\nPrefer: return-no-content\r\nContent-Type:
      application/json;odata=nometadata\r\nAccept: application/json;odata=minimalmetadata\r\nContent-Length:
      219\r\nx-ms-date: Tue, 22 Sep 2020 20:03:46 GMT\r\nDate: Tue, 22 Sep 2020 20:03:46
      GMT\r\nx-ms-client-request-id: b92aa04a-fd0e-11ea-90f6-58961df361d1\r\n\r\n{\"PartitionKey\":
      \"large\", \"PartitionKey@odata.type\": \"Edm.String\", \"PartitionKey@odata.type@odata.type\":
      \"Edm.String\", \"RowKey\": \"item28\", \"RowKey@odata.type\": \"Edm.String\",
      \"RowKey@odata.type@odata.type\": \"Edm.String\"}\r\n--changeset_5b39a642-40e1-4c3a-80b0-bcd7190e50a3\r\nContent-Type:
      application/http\r\nContent-Transfer-Encoding: binary\r\nContent-ID: 29\r\n\r\nPOST
      https://pyacrstoragecy5edjajxvth.table.core.windows.net/uttable4c2a104e HTTP/1.1\r\nx-ms-version:
      2019-02-02\r\nDataServiceVersion: 3.0\r\nPrefer: return-no-content\r\nContent-Type:
      application/json;odata=nometadata\r\nAccept: application/json;odata=minimalmetadata\r\nContent-Length:
      219\r\nx-ms-date: Tue, 22 Sep 2020 20:03:46 GMT\r\nDate: Tue, 22 Sep 2020 20:03:46
      GMT\r\nx-ms-client-request-id: b92aa04b-fd0e-11ea-a3a1-58961df361d1\r\n\r\n{\"PartitionKey\":
      \"large\", \"PartitionKey@odata.type\": \"Edm.String\", \"PartitionKey@odata.type@odata.type\":
      \"Edm.String\", \"RowKey\": \"item29\", \"RowKey@odata.type\": \"Edm.String\",
      \"RowKey@odata.type@odata.type\": \"Edm.String\"}\r\n--changeset_5b39a642-40e1-4c3a-80b0-bcd7190e50a3\r\nContent-Type:
      application/http\r\nContent-Transfer-Encoding: binary\r\nContent-ID: 30\r\n\r\nPOST
      https://pyacrstoragecy5edjajxvth.table.core.windows.net/uttable4c2a104e HTTP/1.1\r\nx-ms-version:
      2019-02-02\r\nDataServiceVersion: 3.0\r\nPrefer: return-no-content\r\nContent-Type:
      application/json;odata=nometadata\r\nAccept: application/json;odata=minimalmetadata\r\nContent-Length:
      219\r\nx-ms-date: Tue, 22 Sep 2020 20:03:46 GMT\r\nDate: Tue, 22 Sep 2020 20:03:46
      GMT\r\nx-ms-client-request-id: b92aa04c-fd0e-11ea-a9b3-58961df361d1\r\n\r\n{\"PartitionKey\":
      \"large\", \"PartitionKey@odata.type\": \"Edm.String\", \"PartitionKey@odata.type@odata.type\":
      \"Edm.String\", \"RowKey\": \"item30\", \"RowKey@odata.type\": \"Edm.String\",
      \"RowKey@odata.type@odata.type\": \"Edm.String\"}\r\n--changeset_5b39a642-40e1-4c3a-80b0-bcd7190e50a3\r\nContent-Type:
      application/http\r\nContent-Transfer-Encoding: binary\r\nContent-ID: 31\r\n\r\nPOST
      https://pyacrstoragecy5edjajxvth.table.core.windows.net/uttable4c2a104e HTTP/1.1\r\nx-ms-version:
      2019-02-02\r\nDataServiceVersion: 3.0\r\nPrefer: return-no-content\r\nContent-Type:
      application/json;odata=nometadata\r\nAccept: application/json;odata=minimalmetadata\r\nContent-Length:
      219\r\nx-ms-date: Tue, 22 Sep 2020 20:03:46 GMT\r\nDate: Tue, 22 Sep 2020 20:03:46
      GMT\r\nx-ms-client-request-id: b92aa04d-fd0e-11ea-a264-58961df361d1\r\n\r\n{\"PartitionKey\":
      \"large\", \"PartitionKey@odata.type\": \"Edm.String\", \"PartitionKey@odata.type@odata.type\":
      \"Edm.String\", \"RowKey\": \"item31\", \"RowKey@odata.type\": \"Edm.String\",
      \"RowKey@odata.type@odata.type\": \"Edm.String\"}\r\n--changeset_5b39a642-40e1-4c3a-80b0-bcd7190e50a3\r\nContent-Type:
      application/http\r\nContent-Transfer-Encoding: binary\r\nContent-ID: 32\r\n\r\nPOST
      https://pyacrstoragecy5edjajxvth.table.core.windows.net/uttable4c2a104e HTTP/1.1\r\nx-ms-version:
      2019-02-02\r\nDataServiceVersion: 3.0\r\nPrefer: return-no-content\r\nContent-Type:
      application/json;odata=nometadata\r\nAccept: application/json;odata=minimalmetadata\r\nContent-Length:
      219\r\nx-ms-date: Tue, 22 Sep 2020 20:03:46 GMT\r\nDate: Tue, 22 Sep 2020 20:03:46
      GMT\r\nx-ms-client-request-id: b92aa04e-fd0e-11ea-ac9c-58961df361d1\r\n\r\n{\"PartitionKey\":
      \"large\", \"PartitionKey@odata.type\": \"Edm.String\", \"PartitionKey@odata.type@odata.type\":
      \"Edm.String\", \"RowKey\": \"item32\", \"RowKey@odata.type\": \"Edm.String\",
      \"RowKey@odata.type@odata.type\": \"Edm.String\"}\r\n--changeset_5b39a642-40e1-4c3a-80b0-bcd7190e50a3\r\nContent-Type:
      application/http\r\nContent-Transfer-Encoding: binary\r\nContent-ID: 33\r\n\r\nPOST
      https://pyacrstoragecy5edjajxvth.table.core.windows.net/uttable4c2a104e HTTP/1.1\r\nx-ms-version:
      2019-02-02\r\nDataServiceVersion: 3.0\r\nPrefer: return-no-content\r\nContent-Type:
      application/json;odata=nometadata\r\nAccept: application/json;odata=minimalmetadata\r\nContent-Length:
      219\r\nx-ms-date: Tue, 22 Sep 2020 20:03:46 GMT\r\nDate: Tue, 22 Sep 2020 20:03:46
      GMT\r\nx-ms-client-request-id: b92aa04f-fd0e-11ea-979e-58961df361d1\r\n\r\n{\"PartitionKey\":
      \"large\", \"PartitionKey@odata.type\": \"Edm.String\", \"PartitionKey@odata.type@odata.type\":
      \"Edm.String\", \"RowKey\": \"item33\", \"RowKey@odata.type\": \"Edm.String\",
      \"RowKey@odata.type@odata.type\": \"Edm.String\"}\r\n--changeset_5b39a642-40e1-4c3a-80b0-bcd7190e50a3\r\nContent-Type:
      application/http\r\nContent-Transfer-Encoding: binary\r\nContent-ID: 34\r\n\r\nPOST
      https://pyacrstoragecy5edjajxvth.table.core.windows.net/uttable4c2a104e HTTP/1.1\r\nx-ms-version:
      2019-02-02\r\nDataServiceVersion: 3.0\r\nPrefer: return-no-content\r\nContent-Type:
      application/json;odata=nometadata\r\nAccept: application/json;odata=minimalmetadata\r\nContent-Length:
      219\r\nx-ms-date: Tue, 22 Sep 2020 20:03:46 GMT\r\nDate: Tue, 22 Sep 2020 20:03:46
      GMT\r\nx-ms-client-request-id: b92ac59d-fd0e-11ea-9627-58961df361d1\r\n\r\n{\"PartitionKey\":
      \"large\", \"PartitionKey@odata.type\": \"Edm.String\", \"PartitionKey@odata.type@odata.type\":
      \"Edm.String\", \"RowKey\": \"item34\", \"RowKey@odata.type\": \"Edm.String\",
      \"RowKey@odata.type@odata.type\": \"Edm.String\"}\r\n--changeset_5b39a642-40e1-4c3a-80b0-bcd7190e50a3\r\nContent-Type:
      application/http\r\nContent-Transfer-Encoding: binary\r\nContent-ID: 35\r\n\r\nPOST
      https://pyacrstoragecy5edjajxvth.table.core.windows.net/uttable4c2a104e HTTP/1.1\r\nx-ms-version:
      2019-02-02\r\nDataServiceVersion: 3.0\r\nPrefer: return-no-content\r\nContent-Type:
      application/json;odata=nometadata\r\nAccept: application/json;odata=minimalmetadata\r\nContent-Length:
      219\r\nx-ms-date: Tue, 22 Sep 2020 20:03:46 GMT\r\nDate: Tue, 22 Sep 2020 20:03:46
      GMT\r\nx-ms-client-request-id: b92ac59e-fd0e-11ea-bc1c-58961df361d1\r\n\r\n{\"PartitionKey\":
      \"large\", \"PartitionKey@odata.type\": \"Edm.String\", \"PartitionKey@odata.type@odata.type\":
      \"Edm.String\", \"RowKey\": \"item35\", \"RowKey@odata.type\": \"Edm.String\",
      \"RowKey@odata.type@odata.type\": \"Edm.String\"}\r\n--changeset_5b39a642-40e1-4c3a-80b0-bcd7190e50a3\r\nContent-Type:
      application/http\r\nContent-Transfer-Encoding: binary\r\nContent-ID: 36\r\n\r\nPOST
      https://pyacrstoragecy5edjajxvth.table.core.windows.net/uttable4c2a104e HTTP/1.1\r\nx-ms-version:
      2019-02-02\r\nDataServiceVersion: 3.0\r\nPrefer: return-no-content\r\nContent-Type:
      application/json;odata=nometadata\r\nAccept: application/json;odata=minimalmetadata\r\nContent-Length:
      219\r\nx-ms-date: Tue, 22 Sep 2020 20:03:46 GMT\r\nDate: Tue, 22 Sep 2020 20:03:46
      GMT\r\nx-ms-client-request-id: b92ac59f-fd0e-11ea-9ab3-58961df361d1\r\n\r\n{\"PartitionKey\":
      \"large\", \"PartitionKey@odata.type\": \"Edm.String\", \"PartitionKey@odata.type@odata.type\":
      \"Edm.String\", \"RowKey\": \"item36\", \"RowKey@odata.type\": \"Edm.String\",
      \"RowKey@odata.type@odata.type\": \"Edm.String\"}\r\n--changeset_5b39a642-40e1-4c3a-80b0-bcd7190e50a3\r\nContent-Type:
      application/http\r\nContent-Transfer-Encoding: binary\r\nContent-ID: 37\r\n\r\nPOST
      https://pyacrstoragecy5edjajxvth.table.core.windows.net/uttable4c2a104e HTTP/1.1\r\nx-ms-version:
      2019-02-02\r\nDataServiceVersion: 3.0\r\nPrefer: return-no-content\r\nContent-Type:
      application/json;odata=nometadata\r\nAccept: application/json;odata=minimalmetadata\r\nContent-Length:
      219\r\nx-ms-date: Tue, 22 Sep 2020 20:03:46 GMT\r\nDate: Tue, 22 Sep 2020 20:03:46
      GMT\r\nx-ms-client-request-id: b92ac5a0-fd0e-11ea-916f-58961df361d1\r\n\r\n{\"PartitionKey\":
      \"large\", \"PartitionKey@odata.type\": \"Edm.String\", \"PartitionKey@odata.type@odata.type\":
      \"Edm.String\", \"RowKey\": \"item37\", \"RowKey@odata.type\": \"Edm.String\",
      \"RowKey@odata.type@odata.type\": \"Edm.String\"}\r\n--changeset_5b39a642-40e1-4c3a-80b0-bcd7190e50a3\r\nContent-Type:
      application/http\r\nContent-Transfer-Encoding: binary\r\nContent-ID: 38\r\n\r\nPOST
      https://pyacrstoragecy5edjajxvth.table.core.windows.net/uttable4c2a104e HTTP/1.1\r\nx-ms-version:
      2019-02-02\r\nDataServiceVersion: 3.0\r\nPrefer: return-no-content\r\nContent-Type:
      application/json;odata=nometadata\r\nAccept: application/json;odata=minimalmetadata\r\nContent-Length:
      219\r\nx-ms-date: Tue, 22 Sep 2020 20:03:46 GMT\r\nDate: Tue, 22 Sep 2020 20:03:46
      GMT\r\nx-ms-client-request-id: b92ac5a1-fd0e-11ea-8200-58961df361d1\r\n\r\n{\"PartitionKey\":
      \"large\", \"PartitionKey@odata.type\": \"Edm.String\", \"PartitionKey@odata.type@odata.type\":
      \"Edm.String\", \"RowKey\": \"item38\", \"RowKey@odata.type\": \"Edm.String\",
      \"RowKey@odata.type@odata.type\": \"Edm.String\"}\r\n--changeset_5b39a642-40e1-4c3a-80b0-bcd7190e50a3\r\nContent-Type:
      application/http\r\nContent-Transfer-Encoding: binary\r\nContent-ID: 39\r\n\r\nPOST
      https://pyacrstoragecy5edjajxvth.table.core.windows.net/uttable4c2a104e HTTP/1.1\r\nx-ms-version:
      2019-02-02\r\nDataServiceVersion: 3.0\r\nPrefer: return-no-content\r\nContent-Type:
      application/json;odata=nometadata\r\nAccept: application/json;odata=minimalmetadata\r\nContent-Length:
      219\r\nx-ms-date: Tue, 22 Sep 2020 20:03:46 GMT\r\nDate: Tue, 22 Sep 2020 20:03:46
      GMT\r\nx-ms-client-request-id: b92ac5a2-fd0e-11ea-bfe5-58961df361d1\r\n\r\n{\"PartitionKey\":
      \"large\", \"PartitionKey@odata.type\": \"Edm.String\", \"PartitionKey@odata.type@odata.type\":
      \"Edm.String\", \"RowKey\": \"item39\", \"RowKey@odata.type\": \"Edm.String\",
      \"RowKey@odata.type@odata.type\": \"Edm.String\"}\r\n--changeset_5b39a642-40e1-4c3a-80b0-bcd7190e50a3\r\nContent-Type:
      application/http\r\nContent-Transfer-Encoding: binary\r\nContent-ID: 40\r\n\r\nPOST
      https://pyacrstoragecy5edjajxvth.table.core.windows.net/uttable4c2a104e HTTP/1.1\r\nx-ms-version:
      2019-02-02\r\nDataServiceVersion: 3.0\r\nPrefer: return-no-content\r\nContent-Type:
      application/json;odata=nometadata\r\nAccept: application/json;odata=minimalmetadata\r\nContent-Length:
      219\r\nx-ms-date: Tue, 22 Sep 2020 20:03:46 GMT\r\nDate: Tue, 22 Sep 2020 20:03:46
      GMT\r\nx-ms-client-request-id: b92ac5a3-fd0e-11ea-82c8-58961df361d1\r\n\r\n{\"PartitionKey\":
      \"large\", \"PartitionKey@odata.type\": \"Edm.String\", \"PartitionKey@odata.type@odata.type\":
      \"Edm.String\", \"RowKey\": \"item40\", \"RowKey@odata.type\": \"Edm.String\",
      \"RowKey@odata.type@odata.type\": \"Edm.String\"}\r\n--changeset_5b39a642-40e1-4c3a-80b0-bcd7190e50a3\r\nContent-Type:
      application/http\r\nContent-Transfer-Encoding: binary\r\nContent-ID: 41\r\n\r\nPOST
      https://pyacrstoragecy5edjajxvth.table.core.windows.net/uttable4c2a104e HTTP/1.1\r\nx-ms-version:
      2019-02-02\r\nDataServiceVersion: 3.0\r\nPrefer: return-no-content\r\nContent-Type:
      application/json;odata=nometadata\r\nAccept: application/json;odata=minimalmetadata\r\nContent-Length:
      219\r\nx-ms-date: Tue, 22 Sep 2020 20:03:46 GMT\r\nDate: Tue, 22 Sep 2020 20:03:46
      GMT\r\nx-ms-client-request-id: b92ac5a4-fd0e-11ea-95f8-58961df361d1\r\n\r\n{\"PartitionKey\":
      \"large\", \"PartitionKey@odata.type\": \"Edm.String\", \"PartitionKey@odata.type@odata.type\":
      \"Edm.String\", \"RowKey\": \"item41\", \"RowKey@odata.type\": \"Edm.String\",
      \"RowKey@odata.type@odata.type\": \"Edm.String\"}\r\n--changeset_5b39a642-40e1-4c3a-80b0-bcd7190e50a3\r\nContent-Type:
      application/http\r\nContent-Transfer-Encoding: binary\r\nContent-ID: 42\r\n\r\nPOST
      https://pyacrstoragecy5edjajxvth.table.core.windows.net/uttable4c2a104e HTTP/1.1\r\nx-ms-version:
      2019-02-02\r\nDataServiceVersion: 3.0\r\nPrefer: return-no-content\r\nContent-Type:
      application/json;odata=nometadata\r\nAccept: application/json;odata=minimalmetadata\r\nContent-Length:
      219\r\nx-ms-date: Tue, 22 Sep 2020 20:03:46 GMT\r\nDate: Tue, 22 Sep 2020 20:03:46
      GMT\r\nx-ms-client-request-id: b92ac5a5-fd0e-11ea-b0f0-58961df361d1\r\n\r\n{\"PartitionKey\":
      \"large\", \"PartitionKey@odata.type\": \"Edm.String\", \"PartitionKey@odata.type@odata.type\":
      \"Edm.String\", \"RowKey\": \"item42\", \"RowKey@odata.type\": \"Edm.String\",
      \"RowKey@odata.type@odata.type\": \"Edm.String\"}\r\n--changeset_5b39a642-40e1-4c3a-80b0-bcd7190e50a3\r\nContent-Type:
      application/http\r\nContent-Transfer-Encoding: binary\r\nContent-ID: 43\r\n\r\nPOST
      https://pyacrstoragecy5edjajxvth.table.core.windows.net/uttable4c2a104e HTTP/1.1\r\nx-ms-version:
      2019-02-02\r\nDataServiceVersion: 3.0\r\nPrefer: return-no-content\r\nContent-Type:
      application/json;odata=nometadata\r\nAccept: application/json;odata=minimalmetadata\r\nContent-Length:
      219\r\nx-ms-date: Tue, 22 Sep 2020 20:03:46 GMT\r\nDate: Tue, 22 Sep 2020 20:03:46
      GMT\r\nx-ms-client-request-id: b92ac5a6-fd0e-11ea-8cf8-58961df361d1\r\n\r\n{\"PartitionKey\":
      \"large\", \"PartitionKey@odata.type\": \"Edm.String\", \"PartitionKey@odata.type@odata.type\":
      \"Edm.String\", \"RowKey\": \"item43\", \"RowKey@odata.type\": \"Edm.String\",
      \"RowKey@odata.type@odata.type\": \"Edm.String\"}\r\n--changeset_5b39a642-40e1-4c3a-80b0-bcd7190e50a3\r\nContent-Type:
      application/http\r\nContent-Transfer-Encoding: binary\r\nContent-ID: 44\r\n\r\nPOST
      https://pyacrstoragecy5edjajxvth.table.core.windows.net/uttable4c2a104e HTTP/1.1\r\nx-ms-version:
      2019-02-02\r\nDataServiceVersion: 3.0\r\nPrefer: return-no-content\r\nContent-Type:
      application/json;odata=nometadata\r\nAccept: application/json;odata=minimalmetadata\r\nContent-Length:
      219\r\nx-ms-date: Tue, 22 Sep 2020 20:03:46 GMT\r\nDate: Tue, 22 Sep 2020 20:03:46
      GMT\r\nx-ms-client-request-id: b92ac5a7-fd0e-11ea-bc61-58961df361d1\r\n\r\n{\"PartitionKey\":
      \"large\", \"PartitionKey@odata.type\": \"Edm.String\", \"PartitionKey@odata.type@odata.type\":
      \"Edm.String\", \"RowKey\": \"item44\", \"RowKey@odata.type\": \"Edm.String\",
      \"RowKey@odata.type@odata.type\": \"Edm.String\"}\r\n--changeset_5b39a642-40e1-4c3a-80b0-bcd7190e50a3\r\nContent-Type:
      application/http\r\nContent-Transfer-Encoding: binary\r\nContent-ID: 45\r\n\r\nPOST
      https://pyacrstoragecy5edjajxvth.table.core.windows.net/uttable4c2a104e HTTP/1.1\r\nx-ms-version:
      2019-02-02\r\nDataServiceVersion: 3.0\r\nPrefer: return-no-content\r\nContent-Type:
      application/json;odata=nometadata\r\nAccept: application/json;odata=minimalmetadata\r\nContent-Length:
      219\r\nx-ms-date: Tue, 22 Sep 2020 20:03:46 GMT\r\nDate: Tue, 22 Sep 2020 20:03:46
      GMT\r\nx-ms-client-request-id: b92aec97-fd0e-11ea-8e43-58961df361d1\r\n\r\n{\"PartitionKey\":
      \"large\", \"PartitionKey@odata.type\": \"Edm.String\", \"PartitionKey@odata.type@odata.type\":
      \"Edm.String\", \"RowKey\": \"item45\", \"RowKey@odata.type\": \"Edm.String\",
      \"RowKey@odata.type@odata.type\": \"Edm.String\"}\r\n--changeset_5b39a642-40e1-4c3a-80b0-bcd7190e50a3\r\nContent-Type:
      application/http\r\nContent-Transfer-Encoding: binary\r\nContent-ID: 46\r\n\r\nPOST
      https://pyacrstoragecy5edjajxvth.table.core.windows.net/uttable4c2a104e HTTP/1.1\r\nx-ms-version:
      2019-02-02\r\nDataServiceVersion: 3.0\r\nPrefer: return-no-content\r\nContent-Type:
      application/json;odata=nometadata\r\nAccept: application/json;odata=minimalmetadata\r\nContent-Length:
      219\r\nx-ms-date: Tue, 22 Sep 2020 20:03:46 GMT\r\nDate: Tue, 22 Sep 2020 20:03:46
      GMT\r\nx-ms-client-request-id: b92aec98-fd0e-11ea-82d0-58961df361d1\r\n\r\n{\"PartitionKey\":
      \"large\", \"PartitionKey@odata.type\": \"Edm.String\", \"PartitionKey@odata.type@odata.type\":
      \"Edm.String\", \"RowKey\": \"item46\", \"RowKey@odata.type\": \"Edm.String\",
      \"RowKey@odata.type@odata.type\": \"Edm.String\"}\r\n--changeset_5b39a642-40e1-4c3a-80b0-bcd7190e50a3\r\nContent-Type:
      application/http\r\nContent-Transfer-Encoding: binary\r\nContent-ID: 47\r\n\r\nPOST
      https://pyacrstoragecy5edjajxvth.table.core.windows.net/uttable4c2a104e HTTP/1.1\r\nx-ms-version:
      2019-02-02\r\nDataServiceVersion: 3.0\r\nPrefer: return-no-content\r\nContent-Type:
      application/json;odata=nometadata\r\nAccept: application/json;odata=minimalmetadata\r\nContent-Length:
      219\r\nx-ms-date: Tue, 22 Sep 2020 20:03:46 GMT\r\nDate: Tue, 22 Sep 2020 20:03:46
      GMT\r\nx-ms-client-request-id: b92aec99-fd0e-11ea-bf7a-58961df361d1\r\n\r\n{\"PartitionKey\":
      \"large\", \"PartitionKey@odata.type\": \"Edm.String\", \"PartitionKey@odata.type@odata.type\":
      \"Edm.String\", \"RowKey\": \"item47\", \"RowKey@odata.type\": \"Edm.String\",
      \"RowKey@odata.type@odata.type\": \"Edm.String\"}\r\n--changeset_5b39a642-40e1-4c3a-80b0-bcd7190e50a3\r\nContent-Type:
      application/http\r\nContent-Transfer-Encoding: binary\r\nContent-ID: 48\r\n\r\nPOST
      https://pyacrstoragecy5edjajxvth.table.core.windows.net/uttable4c2a104e HTTP/1.1\r\nx-ms-version:
      2019-02-02\r\nDataServiceVersion: 3.0\r\nPrefer: return-no-content\r\nContent-Type:
      application/json;odata=nometadata\r\nAccept: application/json;odata=minimalmetadata\r\nContent-Length:
      219\r\nx-ms-date: Tue, 22 Sep 2020 20:03:46 GMT\r\nDate: Tue, 22 Sep 2020 20:03:46
      GMT\r\nx-ms-client-request-id: b92aec9a-fd0e-11ea-890d-58961df361d1\r\n\r\n{\"PartitionKey\":
      \"large\", \"PartitionKey@odata.type\": \"Edm.String\", \"PartitionKey@odata.type@odata.type\":
      \"Edm.String\", \"RowKey\": \"item48\", \"RowKey@odata.type\": \"Edm.String\",
      \"RowKey@odata.type@odata.type\": \"Edm.String\"}\r\n--changeset_5b39a642-40e1-4c3a-80b0-bcd7190e50a3\r\nContent-Type:
      application/http\r\nContent-Transfer-Encoding: binary\r\nContent-ID: 49\r\n\r\nPOST
      https://pyacrstoragecy5edjajxvth.table.core.windows.net/uttable4c2a104e HTTP/1.1\r\nx-ms-version:
      2019-02-02\r\nDataServiceVersion: 3.0\r\nPrefer: return-no-content\r\nContent-Type:
      application/json;odata=nometadata\r\nAccept: application/json;odata=minimalmetadata\r\nContent-Length:
      219\r\nx-ms-date: Tue, 22 Sep 2020 20:03:46 GMT\r\nDate: Tue, 22 Sep 2020 20:03:46
      GMT\r\nx-ms-client-request-id: b92aec9b-fd0e-11ea-9969-58961df361d1\r\n\r\n{\"PartitionKey\":
      \"large\", \"PartitionKey@odata.type\": \"Edm.String\", \"PartitionKey@odata.type@odata.type\":
      \"Edm.String\", \"RowKey\": \"item49\", \"RowKey@odata.type\": \"Edm.String\",
      \"RowKey@odata.type@odata.type\": \"Edm.String\"}\r\n--changeset_5b39a642-40e1-4c3a-80b0-bcd7190e50a3\r\nContent-Type:
      application/http\r\nContent-Transfer-Encoding: binary\r\nContent-ID: 50\r\n\r\nPOST
      https://pyacrstoragecy5edjajxvth.table.core.windows.net/uttable4c2a104e HTTP/1.1\r\nx-ms-version:
      2019-02-02\r\nDataServiceVersion: 3.0\r\nPrefer: return-no-content\r\nContent-Type:
      application/json;odata=nometadata\r\nAccept: application/json;odata=minimalmetadata\r\nContent-Length:
      219\r\nx-ms-date: Tue, 22 Sep 2020 20:03:46 GMT\r\nDate: Tue, 22 Sep 2020 20:03:46
      GMT\r\nx-ms-client-request-id: b92aec9c-fd0e-11ea-ad3a-58961df361d1\r\n\r\n{\"PartitionKey\":
      \"large\", \"PartitionKey@odata.type\": \"Edm.String\", \"PartitionKey@odata.type@odata.type\":
      \"Edm.String\", \"RowKey\": \"item50\", \"RowKey@odata.type\": \"Edm.String\",
      \"RowKey@odata.type@odata.type\": \"Edm.String\"}\r\n--changeset_5b39a642-40e1-4c3a-80b0-bcd7190e50a3\r\nContent-Type:
      application/http\r\nContent-Transfer-Encoding: binary\r\nContent-ID: 51\r\n\r\nPOST
      https://pyacrstoragecy5edjajxvth.table.core.windows.net/uttable4c2a104e HTTP/1.1\r\nx-ms-version:
      2019-02-02\r\nDataServiceVersion: 3.0\r\nPrefer: return-no-content\r\nContent-Type:
      application/json;odata=nometadata\r\nAccept: application/json;odata=minimalmetadata\r\nContent-Length:
      219\r\nx-ms-date: Tue, 22 Sep 2020 20:03:46 GMT\r\nDate: Tue, 22 Sep 2020 20:03:46
      GMT\r\nx-ms-client-request-id: b92aec9d-fd0e-11ea-813f-58961df361d1\r\n\r\n{\"PartitionKey\":
      \"large\", \"PartitionKey@odata.type\": \"Edm.String\", \"PartitionKey@odata.type@odata.type\":
      \"Edm.String\", \"RowKey\": \"item51\", \"RowKey@odata.type\": \"Edm.String\",
      \"RowKey@odata.type@odata.type\": \"Edm.String\"}\r\n--changeset_5b39a642-40e1-4c3a-80b0-bcd7190e50a3\r\nContent-Type:
      application/http\r\nContent-Transfer-Encoding: binary\r\nContent-ID: 52\r\n\r\nPOST
      https://pyacrstoragecy5edjajxvth.table.core.windows.net/uttable4c2a104e HTTP/1.1\r\nx-ms-version:
      2019-02-02\r\nDataServiceVersion: 3.0\r\nPrefer: return-no-content\r\nContent-Type:
      application/json;odata=nometadata\r\nAccept: application/json;odata=minimalmetadata\r\nContent-Length:
      219\r\nx-ms-date: Tue, 22 Sep 2020 20:03:46 GMT\r\nDate: Tue, 22 Sep 2020 20:03:46
      GMT\r\nx-ms-client-request-id: b92aec9e-fd0e-11ea-bd18-58961df361d1\r\n\r\n{\"PartitionKey\":
      \"large\", \"PartitionKey@odata.type\": \"Edm.String\", \"PartitionKey@odata.type@odata.type\":
      \"Edm.String\", \"RowKey\": \"item52\", \"RowKey@odata.type\": \"Edm.String\",
      \"RowKey@odata.type@odata.type\": \"Edm.String\"}\r\n--changeset_5b39a642-40e1-4c3a-80b0-bcd7190e50a3\r\nContent-Type:
      application/http\r\nContent-Transfer-Encoding: binary\r\nContent-ID: 53\r\n\r\nPOST
      https://pyacrstoragecy5edjajxvth.table.core.windows.net/uttable4c2a104e HTTP/1.1\r\nx-ms-version:
      2019-02-02\r\nDataServiceVersion: 3.0\r\nPrefer: return-no-content\r\nContent-Type:
      application/json;odata=nometadata\r\nAccept: application/json;odata=minimalmetadata\r\nContent-Length:
      219\r\nx-ms-date: Tue, 22 Sep 2020 20:03:46 GMT\r\nDate: Tue, 22 Sep 2020 20:03:46
      GMT\r\nx-ms-client-request-id: b92aec9f-fd0e-11ea-84f5-58961df361d1\r\n\r\n{\"PartitionKey\":
      \"large\", \"PartitionKey@odata.type\": \"Edm.String\", \"PartitionKey@odata.type@odata.type\":
      \"Edm.String\", \"RowKey\": \"item53\", \"RowKey@odata.type\": \"Edm.String\",
      \"RowKey@odata.type@odata.type\": \"Edm.String\"}\r\n--changeset_5b39a642-40e1-4c3a-80b0-bcd7190e50a3\r\nContent-Type:
      application/http\r\nContent-Transfer-Encoding: binary\r\nContent-ID: 54\r\n\r\nPOST
      https://pyacrstoragecy5edjajxvth.table.core.windows.net/uttable4c2a104e HTTP/1.1\r\nx-ms-version:
      2019-02-02\r\nDataServiceVersion: 3.0\r\nPrefer: return-no-content\r\nContent-Type:
      application/json;odata=nometadata\r\nAccept: application/json;odata=minimalmetadata\r\nContent-Length:
      219\r\nx-ms-date: Tue, 22 Sep 2020 20:03:46 GMT\r\nDate: Tue, 22 Sep 2020 20:03:46
      GMT\r\nx-ms-client-request-id: b92aeca0-fd0e-11ea-be85-58961df361d1\r\n\r\n{\"PartitionKey\":
      \"large\", \"PartitionKey@odata.type\": \"Edm.String\", \"PartitionKey@odata.type@odata.type\":
      \"Edm.String\", \"RowKey\": \"item54\", \"RowKey@odata.type\": \"Edm.String\",
      \"RowKey@odata.type@odata.type\": \"Edm.String\"}\r\n--changeset_5b39a642-40e1-4c3a-80b0-bcd7190e50a3\r\nContent-Type:
      application/http\r\nContent-Transfer-Encoding: binary\r\nContent-ID: 55\r\n\r\nPOST
      https://pyacrstoragecy5edjajxvth.table.core.windows.net/uttable4c2a104e HTTP/1.1\r\nx-ms-version:
      2019-02-02\r\nDataServiceVersion: 3.0\r\nPrefer: return-no-content\r\nContent-Type:
      application/json;odata=nometadata\r\nAccept: application/json;odata=minimalmetadata\r\nContent-Length:
      219\r\nx-ms-date: Tue, 22 Sep 2020 20:03:46 GMT\r\nDate: Tue, 22 Sep 2020 20:03:46
      GMT\r\nx-ms-client-request-id: b92aeca1-fd0e-11ea-916e-58961df361d1\r\n\r\n{\"PartitionKey\":
      \"large\", \"PartitionKey@odata.type\": \"Edm.String\", \"PartitionKey@odata.type@odata.type\":
      \"Edm.String\", \"RowKey\": \"item55\", \"RowKey@odata.type\": \"Edm.String\",
      \"RowKey@odata.type@odata.type\": \"Edm.String\"}\r\n--changeset_5b39a642-40e1-4c3a-80b0-bcd7190e50a3\r\nContent-Type:
      application/http\r\nContent-Transfer-Encoding: binary\r\nContent-ID: 56\r\n\r\nPOST
      https://pyacrstoragecy5edjajxvth.table.core.windows.net/uttable4c2a104e HTTP/1.1\r\nx-ms-version:
      2019-02-02\r\nDataServiceVersion: 3.0\r\nPrefer: return-no-content\r\nContent-Type:
      application/json;odata=nometadata\r\nAccept: application/json;odata=minimalmetadata\r\nContent-Length:
      219\r\nx-ms-date: Tue, 22 Sep 2020 20:03:46 GMT\r\nDate: Tue, 22 Sep 2020 20:03:46
      GMT\r\nx-ms-client-request-id: b92aeca2-fd0e-11ea-af28-58961df361d1\r\n\r\n{\"PartitionKey\":
      \"large\", \"PartitionKey@odata.type\": \"Edm.String\", \"PartitionKey@odata.type@odata.type\":
      \"Edm.String\", \"RowKey\": \"item56\", \"RowKey@odata.type\": \"Edm.String\",
      \"RowKey@odata.type@odata.type\": \"Edm.String\"}\r\n--changeset_5b39a642-40e1-4c3a-80b0-bcd7190e50a3\r\nContent-Type:
      application/http\r\nContent-Transfer-Encoding: binary\r\nContent-ID: 57\r\n\r\nPOST
      https://pyacrstoragecy5edjajxvth.table.core.windows.net/uttable4c2a104e HTTP/1.1\r\nx-ms-version:
      2019-02-02\r\nDataServiceVersion: 3.0\r\nPrefer: return-no-content\r\nContent-Type:
      application/json;odata=nometadata\r\nAccept: application/json;odata=minimalmetadata\r\nContent-Length:
      219\r\nx-ms-date: Tue, 22 Sep 2020 20:03:46 GMT\r\nDate: Tue, 22 Sep 2020 20:03:46
      GMT\r\nx-ms-client-request-id: b92aeca3-fd0e-11ea-a538-58961df361d1\r\n\r\n{\"PartitionKey\":
      \"large\", \"PartitionKey@odata.type\": \"Edm.String\", \"PartitionKey@odata.type@odata.type\":
      \"Edm.String\", \"RowKey\": \"item57\", \"RowKey@odata.type\": \"Edm.String\",
      \"RowKey@odata.type@odata.type\": \"Edm.String\"}\r\n--changeset_5b39a642-40e1-4c3a-80b0-bcd7190e50a3\r\nContent-Type:
      application/http\r\nContent-Transfer-Encoding: binary\r\nContent-ID: 58\r\n\r\nPOST
      https://pyacrstoragecy5edjajxvth.table.core.windows.net/uttable4c2a104e HTTP/1.1\r\nx-ms-version:
      2019-02-02\r\nDataServiceVersion: 3.0\r\nPrefer: return-no-content\r\nContent-Type:
      application/json;odata=nometadata\r\nAccept: application/json;odata=minimalmetadata\r\nContent-Length:
      219\r\nx-ms-date: Tue, 22 Sep 2020 20:03:46 GMT\r\nDate: Tue, 22 Sep 2020 20:03:46
      GMT\r\nx-ms-client-request-id: b92aeca4-fd0e-11ea-855f-58961df361d1\r\n\r\n{\"PartitionKey\":
      \"large\", \"PartitionKey@odata.type\": \"Edm.String\", \"PartitionKey@odata.type@odata.type\":
      \"Edm.String\", \"RowKey\": \"item58\", \"RowKey@odata.type\": \"Edm.String\",
      \"RowKey@odata.type@odata.type\": \"Edm.String\"}\r\n--changeset_5b39a642-40e1-4c3a-80b0-bcd7190e50a3\r\nContent-Type:
      application/http\r\nContent-Transfer-Encoding: binary\r\nContent-ID: 59\r\n\r\nPOST
      https://pyacrstoragecy5edjajxvth.table.core.windows.net/uttable4c2a104e HTTP/1.1\r\nx-ms-version:
      2019-02-02\r\nDataServiceVersion: 3.0\r\nPrefer: return-no-content\r\nContent-Type:
      application/json;odata=nometadata\r\nAccept: application/json;odata=minimalmetadata\r\nContent-Length:
      219\r\nx-ms-date: Tue, 22 Sep 2020 20:03:46 GMT\r\nDate: Tue, 22 Sep 2020 20:03:46
      GMT\r\nx-ms-client-request-id: b92aeca5-fd0e-11ea-ba3c-58961df361d1\r\n\r\n{\"PartitionKey\":
      \"large\", \"PartitionKey@odata.type\": \"Edm.String\", \"PartitionKey@odata.type@odata.type\":
      \"Edm.String\", \"RowKey\": \"item59\", \"RowKey@odata.type\": \"Edm.String\",
      \"RowKey@odata.type@odata.type\": \"Edm.String\"}\r\n--changeset_5b39a642-40e1-4c3a-80b0-bcd7190e50a3\r\nContent-Type:
      application/http\r\nContent-Transfer-Encoding: binary\r\nContent-ID: 60\r\n\r\nPOST
      https://pyacrstoragecy5edjajxvth.table.core.windows.net/uttable4c2a104e HTTP/1.1\r\nx-ms-version:
      2019-02-02\r\nDataServiceVersion: 3.0\r\nPrefer: return-no-content\r\nContent-Type:
      application/json;odata=nometadata\r\nAccept: application/json;odata=minimalmetadata\r\nContent-Length:
      219\r\nx-ms-date: Tue, 22 Sep 2020 20:03:46 GMT\r\nDate: Tue, 22 Sep 2020 20:03:46
      GMT\r\nx-ms-client-request-id: b92aeca6-fd0e-11ea-8611-58961df361d1\r\n\r\n{\"PartitionKey\":
      \"large\", \"PartitionKey@odata.type\": \"Edm.String\", \"PartitionKey@odata.type@odata.type\":
      \"Edm.String\", \"RowKey\": \"item60\", \"RowKey@odata.type\": \"Edm.String\",
      \"RowKey@odata.type@odata.type\": \"Edm.String\"}\r\n--changeset_5b39a642-40e1-4c3a-80b0-bcd7190e50a3\r\nContent-Type:
      application/http\r\nContent-Transfer-Encoding: binary\r\nContent-ID: 61\r\n\r\nPOST
      https://pyacrstoragecy5edjajxvth.table.core.windows.net/uttable4c2a104e HTTP/1.1\r\nx-ms-version:
      2019-02-02\r\nDataServiceVersion: 3.0\r\nPrefer: return-no-content\r\nContent-Type:
      application/json;odata=nometadata\r\nAccept: application/json;odata=minimalmetadata\r\nContent-Length:
      219\r\nx-ms-date: Tue, 22 Sep 2020 20:03:46 GMT\r\nDate: Tue, 22 Sep 2020 20:03:46
      GMT\r\nx-ms-client-request-id: b92aeca7-fd0e-11ea-b719-58961df361d1\r\n\r\n{\"PartitionKey\":
      \"large\", \"PartitionKey@odata.type\": \"Edm.String\", \"PartitionKey@odata.type@odata.type\":
      \"Edm.String\", \"RowKey\": \"item61\", \"RowKey@odata.type\": \"Edm.String\",
      \"RowKey@odata.type@odata.type\": \"Edm.String\"}\r\n--changeset_5b39a642-40e1-4c3a-80b0-bcd7190e50a3\r\nContent-Type:
      application/http\r\nContent-Transfer-Encoding: binary\r\nContent-ID: 62\r\n\r\nPOST
      https://pyacrstoragecy5edjajxvth.table.core.windows.net/uttable4c2a104e HTTP/1.1\r\nx-ms-version:
      2019-02-02\r\nDataServiceVersion: 3.0\r\nPrefer: return-no-content\r\nContent-Type:
      application/json;odata=nometadata\r\nAccept: application/json;odata=minimalmetadata\r\nContent-Length:
      219\r\nx-ms-date: Tue, 22 Sep 2020 20:03:46 GMT\r\nDate: Tue, 22 Sep 2020 20:03:46
      GMT\r\nx-ms-client-request-id: b92aeca8-fd0e-11ea-ba71-58961df361d1\r\n\r\n{\"PartitionKey\":
      \"large\", \"PartitionKey@odata.type\": \"Edm.String\", \"PartitionKey@odata.type@odata.type\":
      \"Edm.String\", \"RowKey\": \"item62\", \"RowKey@odata.type\": \"Edm.String\",
      \"RowKey@odata.type@odata.type\": \"Edm.String\"}\r\n--changeset_5b39a642-40e1-4c3a-80b0-bcd7190e50a3\r\nContent-Type:
      application/http\r\nContent-Transfer-Encoding: binary\r\nContent-ID: 63\r\n\r\nPOST
      https://pyacrstoragecy5edjajxvth.table.core.windows.net/uttable4c2a104e HTTP/1.1\r\nx-ms-version:
      2019-02-02\r\nDataServiceVersion: 3.0\r\nPrefer: return-no-content\r\nContent-Type:
      application/json;odata=nometadata\r\nAccept: application/json;odata=minimalmetadata\r\nContent-Length:
      219\r\nx-ms-date: Tue, 22 Sep 2020 20:03:46 GMT\r\nDate: Tue, 22 Sep 2020 20:03:46
      GMT\r\nx-ms-client-request-id: b92aeca9-fd0e-11ea-817d-58961df361d1\r\n\r\n{\"PartitionKey\":
      \"large\", \"PartitionKey@odata.type\": \"Edm.String\", \"PartitionKey@odata.type@odata.type\":
      \"Edm.String\", \"RowKey\": \"item63\", \"RowKey@odata.type\": \"Edm.String\",
      \"RowKey@odata.type@odata.type\": \"Edm.String\"}\r\n--changeset_5b39a642-40e1-4c3a-80b0-bcd7190e50a3\r\nContent-Type:
      application/http\r\nContent-Transfer-Encoding: binary\r\nContent-ID: 64\r\n\r\nPOST
      https://pyacrstoragecy5edjajxvth.table.core.windows.net/uttable4c2a104e HTTP/1.1\r\nx-ms-version:
      2019-02-02\r\nDataServiceVersion: 3.0\r\nPrefer: return-no-content\r\nContent-Type:
      application/json;odata=nometadata\r\nAccept: application/json;odata=minimalmetadata\r\nContent-Length:
      219\r\nx-ms-date: Tue, 22 Sep 2020 20:03:46 GMT\r\nDate: Tue, 22 Sep 2020 20:03:46
      GMT\r\nx-ms-client-request-id: b92aecaa-fd0e-11ea-a054-58961df361d1\r\n\r\n{\"PartitionKey\":
      \"large\", \"PartitionKey@odata.type\": \"Edm.String\", \"PartitionKey@odata.type@odata.type\":
      \"Edm.String\", \"RowKey\": \"item64\", \"RowKey@odata.type\": \"Edm.String\",
      \"RowKey@odata.type@odata.type\": \"Edm.String\"}\r\n--changeset_5b39a642-40e1-4c3a-80b0-bcd7190e50a3\r\nContent-Type:
      application/http\r\nContent-Transfer-Encoding: binary\r\nContent-ID: 65\r\n\r\nPOST
      https://pyacrstoragecy5edjajxvth.table.core.windows.net/uttable4c2a104e HTTP/1.1\r\nx-ms-version:
      2019-02-02\r\nDataServiceVersion: 3.0\r\nPrefer: return-no-content\r\nContent-Type:
      application/json;odata=nometadata\r\nAccept: application/json;odata=minimalmetadata\r\nContent-Length:
      219\r\nx-ms-date: Tue, 22 Sep 2020 20:03:46 GMT\r\nDate: Tue, 22 Sep 2020 20:03:46
      GMT\r\nx-ms-client-request-id: b92b148e-fd0e-11ea-a943-58961df361d1\r\n\r\n{\"PartitionKey\":
      \"large\", \"PartitionKey@odata.type\": \"Edm.String\", \"PartitionKey@odata.type@odata.type\":
      \"Edm.String\", \"RowKey\": \"item65\", \"RowKey@odata.type\": \"Edm.String\",
      \"RowKey@odata.type@odata.type\": \"Edm.String\"}\r\n--changeset_5b39a642-40e1-4c3a-80b0-bcd7190e50a3\r\nContent-Type:
      application/http\r\nContent-Transfer-Encoding: binary\r\nContent-ID: 66\r\n\r\nPOST
      https://pyacrstoragecy5edjajxvth.table.core.windows.net/uttable4c2a104e HTTP/1.1\r\nx-ms-version:
      2019-02-02\r\nDataServiceVersion: 3.0\r\nPrefer: return-no-content\r\nContent-Type:
      application/json;odata=nometadata\r\nAccept: application/json;odata=minimalmetadata\r\nContent-Length:
      219\r\nx-ms-date: Tue, 22 Sep 2020 20:03:46 GMT\r\nDate: Tue, 22 Sep 2020 20:03:46
      GMT\r\nx-ms-client-request-id: b92b148f-fd0e-11ea-83f1-58961df361d1\r\n\r\n{\"PartitionKey\":
      \"large\", \"PartitionKey@odata.type\": \"Edm.String\", \"PartitionKey@odata.type@odata.type\":
      \"Edm.String\", \"RowKey\": \"item66\", \"RowKey@odata.type\": \"Edm.String\",
      \"RowKey@odata.type@odata.type\": \"Edm.String\"}\r\n--changeset_5b39a642-40e1-4c3a-80b0-bcd7190e50a3\r\nContent-Type:
      application/http\r\nContent-Transfer-Encoding: binary\r\nContent-ID: 67\r\n\r\nPOST
      https://pyacrstoragecy5edjajxvth.table.core.windows.net/uttable4c2a104e HTTP/1.1\r\nx-ms-version:
      2019-02-02\r\nDataServiceVersion: 3.0\r\nPrefer: return-no-content\r\nContent-Type:
      application/json;odata=nometadata\r\nAccept: application/json;odata=minimalmetadata\r\nContent-Length:
      219\r\nx-ms-date: Tue, 22 Sep 2020 20:03:46 GMT\r\nDate: Tue, 22 Sep 2020 20:03:46
      GMT\r\nx-ms-client-request-id: b92b1490-fd0e-11ea-9807-58961df361d1\r\n\r\n{\"PartitionKey\":
      \"large\", \"PartitionKey@odata.type\": \"Edm.String\", \"PartitionKey@odata.type@odata.type\":
      \"Edm.String\", \"RowKey\": \"item67\", \"RowKey@odata.type\": \"Edm.String\",
      \"RowKey@odata.type@odata.type\": \"Edm.String\"}\r\n--changeset_5b39a642-40e1-4c3a-80b0-bcd7190e50a3\r\nContent-Type:
      application/http\r\nContent-Transfer-Encoding: binary\r\nContent-ID: 68\r\n\r\nPOST
      https://pyacrstoragecy5edjajxvth.table.core.windows.net/uttable4c2a104e HTTP/1.1\r\nx-ms-version:
      2019-02-02\r\nDataServiceVersion: 3.0\r\nPrefer: return-no-content\r\nContent-Type:
      application/json;odata=nometadata\r\nAccept: application/json;odata=minimalmetadata\r\nContent-Length:
      219\r\nx-ms-date: Tue, 22 Sep 2020 20:03:46 GMT\r\nDate: Tue, 22 Sep 2020 20:03:46
      GMT\r\nx-ms-client-request-id: b92b1491-fd0e-11ea-ad0d-58961df361d1\r\n\r\n{\"PartitionKey\":
      \"large\", \"PartitionKey@odata.type\": \"Edm.String\", \"PartitionKey@odata.type@odata.type\":
      \"Edm.String\", \"RowKey\": \"item68\", \"RowKey@odata.type\": \"Edm.String\",
      \"RowKey@odata.type@odata.type\": \"Edm.String\"}\r\n--changeset_5b39a642-40e1-4c3a-80b0-bcd7190e50a3\r\nContent-Type:
      application/http\r\nContent-Transfer-Encoding: binary\r\nContent-ID: 69\r\n\r\nPOST
      https://pyacrstoragecy5edjajxvth.table.core.windows.net/uttable4c2a104e HTTP/1.1\r\nx-ms-version:
      2019-02-02\r\nDataServiceVersion: 3.0\r\nPrefer: return-no-content\r\nContent-Type:
      application/json;odata=nometadata\r\nAccept: application/json;odata=minimalmetadata\r\nContent-Length:
      219\r\nx-ms-date: Tue, 22 Sep 2020 20:03:46 GMT\r\nDate: Tue, 22 Sep 2020 20:03:46
      GMT\r\nx-ms-client-request-id: b92b1492-fd0e-11ea-9a49-58961df361d1\r\n\r\n{\"PartitionKey\":
      \"large\", \"PartitionKey@odata.type\": \"Edm.String\", \"PartitionKey@odata.type@odata.type\":
      \"Edm.String\", \"RowKey\": \"item69\", \"RowKey@odata.type\": \"Edm.String\",
      \"RowKey@odata.type@odata.type\": \"Edm.String\"}\r\n--changeset_5b39a642-40e1-4c3a-80b0-bcd7190e50a3\r\nContent-Type:
      application/http\r\nContent-Transfer-Encoding: binary\r\nContent-ID: 70\r\n\r\nPOST
      https://pyacrstoragecy5edjajxvth.table.core.windows.net/uttable4c2a104e HTTP/1.1\r\nx-ms-version:
      2019-02-02\r\nDataServiceVersion: 3.0\r\nPrefer: return-no-content\r\nContent-Type:
      application/json;odata=nometadata\r\nAccept: application/json;odata=minimalmetadata\r\nContent-Length:
      219\r\nx-ms-date: Tue, 22 Sep 2020 20:03:46 GMT\r\nDate: Tue, 22 Sep 2020 20:03:46
      GMT\r\nx-ms-client-request-id: b92b1493-fd0e-11ea-8340-58961df361d1\r\n\r\n{\"PartitionKey\":
      \"large\", \"PartitionKey@odata.type\": \"Edm.String\", \"PartitionKey@odata.type@odata.type\":
      \"Edm.String\", \"RowKey\": \"item70\", \"RowKey@odata.type\": \"Edm.String\",
      \"RowKey@odata.type@odata.type\": \"Edm.String\"}\r\n--changeset_5b39a642-40e1-4c3a-80b0-bcd7190e50a3\r\nContent-Type:
      application/http\r\nContent-Transfer-Encoding: binary\r\nContent-ID: 71\r\n\r\nPOST
      https://pyacrstoragecy5edjajxvth.table.core.windows.net/uttable4c2a104e HTTP/1.1\r\nx-ms-version:
      2019-02-02\r\nDataServiceVersion: 3.0\r\nPrefer: return-no-content\r\nContent-Type:
      application/json;odata=nometadata\r\nAccept: application/json;odata=minimalmetadata\r\nContent-Length:
      219\r\nx-ms-date: Tue, 22 Sep 2020 20:03:46 GMT\r\nDate: Tue, 22 Sep 2020 20:03:46
      GMT\r\nx-ms-client-request-id: b92b1494-fd0e-11ea-bc69-58961df361d1\r\n\r\n{\"PartitionKey\":
      \"large\", \"PartitionKey@odata.type\": \"Edm.String\", \"PartitionKey@odata.type@odata.type\":
      \"Edm.String\", \"RowKey\": \"item71\", \"RowKey@odata.type\": \"Edm.String\",
      \"RowKey@odata.type@odata.type\": \"Edm.String\"}\r\n--changeset_5b39a642-40e1-4c3a-80b0-bcd7190e50a3\r\nContent-Type:
      application/http\r\nContent-Transfer-Encoding: binary\r\nContent-ID: 72\r\n\r\nPOST
      https://pyacrstoragecy5edjajxvth.table.core.windows.net/uttable4c2a104e HTTP/1.1\r\nx-ms-version:
      2019-02-02\r\nDataServiceVersion: 3.0\r\nPrefer: return-no-content\r\nContent-Type:
      application/json;odata=nometadata\r\nAccept: application/json;odata=minimalmetadata\r\nContent-Length:
      219\r\nx-ms-date: Tue, 22 Sep 2020 20:03:46 GMT\r\nDate: Tue, 22 Sep 2020 20:03:46
      GMT\r\nx-ms-client-request-id: b92b1495-fd0e-11ea-865c-58961df361d1\r\n\r\n{\"PartitionKey\":
      \"large\", \"PartitionKey@odata.type\": \"Edm.String\", \"PartitionKey@odata.type@odata.type\":
      \"Edm.String\", \"RowKey\": \"item72\", \"RowKey@odata.type\": \"Edm.String\",
      \"RowKey@odata.type@odata.type\": \"Edm.String\"}\r\n--changeset_5b39a642-40e1-4c3a-80b0-bcd7190e50a3\r\nContent-Type:
      application/http\r\nContent-Transfer-Encoding: binary\r\nContent-ID: 73\r\n\r\nPOST
      https://pyacrstoragecy5edjajxvth.table.core.windows.net/uttable4c2a104e HTTP/1.1\r\nx-ms-version:
      2019-02-02\r\nDataServiceVersion: 3.0\r\nPrefer: return-no-content\r\nContent-Type:
      application/json;odata=nometadata\r\nAccept: application/json;odata=minimalmetadata\r\nContent-Length:
      219\r\nx-ms-date: Tue, 22 Sep 2020 20:03:46 GMT\r\nDate: Tue, 22 Sep 2020 20:03:46
      GMT\r\nx-ms-client-request-id: b92b1496-fd0e-11ea-992a-58961df361d1\r\n\r\n{\"PartitionKey\":
      \"large\", \"PartitionKey@odata.type\": \"Edm.String\", \"PartitionKey@odata.type@odata.type\":
      \"Edm.String\", \"RowKey\": \"item73\", \"RowKey@odata.type\": \"Edm.String\",
      \"RowKey@odata.type@odata.type\": \"Edm.String\"}\r\n--changeset_5b39a642-40e1-4c3a-80b0-bcd7190e50a3\r\nContent-Type:
      application/http\r\nContent-Transfer-Encoding: binary\r\nContent-ID: 74\r\n\r\nPOST
      https://pyacrstoragecy5edjajxvth.table.core.windows.net/uttable4c2a104e HTTP/1.1\r\nx-ms-version:
      2019-02-02\r\nDataServiceVersion: 3.0\r\nPrefer: return-no-content\r\nContent-Type:
      application/json;odata=nometadata\r\nAccept: application/json;odata=minimalmetadata\r\nContent-Length:
      219\r\nx-ms-date: Tue, 22 Sep 2020 20:03:46 GMT\r\nDate: Tue, 22 Sep 2020 20:03:46
      GMT\r\nx-ms-client-request-id: b92b1497-fd0e-11ea-b150-58961df361d1\r\n\r\n{\"PartitionKey\":
      \"large\", \"PartitionKey@odata.type\": \"Edm.String\", \"PartitionKey@odata.type@odata.type\":
      \"Edm.String\", \"RowKey\": \"item74\", \"RowKey@odata.type\": \"Edm.String\",
      \"RowKey@odata.type@odata.type\": \"Edm.String\"}\r\n--changeset_5b39a642-40e1-4c3a-80b0-bcd7190e50a3\r\nContent-Type:
      application/http\r\nContent-Transfer-Encoding: binary\r\nContent-ID: 75\r\n\r\nPOST
      https://pyacrstoragecy5edjajxvth.table.core.windows.net/uttable4c2a104e HTTP/1.1\r\nx-ms-version:
      2019-02-02\r\nDataServiceVersion: 3.0\r\nPrefer: return-no-content\r\nContent-Type:
      application/json;odata=nometadata\r\nAccept: application/json;odata=minimalmetadata\r\nContent-Length:
      219\r\nx-ms-date: Tue, 22 Sep 2020 20:03:46 GMT\r\nDate: Tue, 22 Sep 2020 20:03:46
      GMT\r\nx-ms-client-request-id: b92b1498-fd0e-11ea-b189-58961df361d1\r\n\r\n{\"PartitionKey\":
      \"large\", \"PartitionKey@odata.type\": \"Edm.String\", \"PartitionKey@odata.type@odata.type\":
      \"Edm.String\", \"RowKey\": \"item75\", \"RowKey@odata.type\": \"Edm.String\",
      \"RowKey@odata.type@odata.type\": \"Edm.String\"}\r\n--changeset_5b39a642-40e1-4c3a-80b0-bcd7190e50a3\r\nContent-Type:
      application/http\r\nContent-Transfer-Encoding: binary\r\nContent-ID: 76\r\n\r\nPOST
      https://pyacrstoragecy5edjajxvth.table.core.windows.net/uttable4c2a104e HTTP/1.1\r\nx-ms-version:
      2019-02-02\r\nDataServiceVersion: 3.0\r\nPrefer: return-no-content\r\nContent-Type:
      application/json;odata=nometadata\r\nAccept: application/json;odata=minimalmetadata\r\nContent-Length:
      219\r\nx-ms-date: Tue, 22 Sep 2020 20:03:46 GMT\r\nDate: Tue, 22 Sep 2020 20:03:46
      GMT\r\nx-ms-client-request-id: b92b1499-fd0e-11ea-ae28-58961df361d1\r\n\r\n{\"PartitionKey\":
      \"large\", \"PartitionKey@odata.type\": \"Edm.String\", \"PartitionKey@odata.type@odata.type\":
      \"Edm.String\", \"RowKey\": \"item76\", \"RowKey@odata.type\": \"Edm.String\",
      \"RowKey@odata.type@odata.type\": \"Edm.String\"}\r\n--changeset_5b39a642-40e1-4c3a-80b0-bcd7190e50a3\r\nContent-Type:
      application/http\r\nContent-Transfer-Encoding: binary\r\nContent-ID: 77\r\n\r\nPOST
      https://pyacrstoragecy5edjajxvth.table.core.windows.net/uttable4c2a104e HTTP/1.1\r\nx-ms-version:
      2019-02-02\r\nDataServiceVersion: 3.0\r\nPrefer: return-no-content\r\nContent-Type:
      application/json;odata=nometadata\r\nAccept: application/json;odata=minimalmetadata\r\nContent-Length:
      219\r\nx-ms-date: Tue, 22 Sep 2020 20:03:46 GMT\r\nDate: Tue, 22 Sep 2020 20:03:46
      GMT\r\nx-ms-client-request-id: b92b149a-fd0e-11ea-9afb-58961df361d1\r\n\r\n{\"PartitionKey\":
      \"large\", \"PartitionKey@odata.type\": \"Edm.String\", \"PartitionKey@odata.type@odata.type\":
      \"Edm.String\", \"RowKey\": \"item77\", \"RowKey@odata.type\": \"Edm.String\",
      \"RowKey@odata.type@odata.type\": \"Edm.String\"}\r\n--changeset_5b39a642-40e1-4c3a-80b0-bcd7190e50a3\r\nContent-Type:
      application/http\r\nContent-Transfer-Encoding: binary\r\nContent-ID: 78\r\n\r\nPOST
      https://pyacrstoragecy5edjajxvth.table.core.windows.net/uttable4c2a104e HTTP/1.1\r\nx-ms-version:
      2019-02-02\r\nDataServiceVersion: 3.0\r\nPrefer: return-no-content\r\nContent-Type:
      application/json;odata=nometadata\r\nAccept: application/json;odata=minimalmetadata\r\nContent-Length:
      219\r\nx-ms-date: Tue, 22 Sep 2020 20:03:46 GMT\r\nDate: Tue, 22 Sep 2020 20:03:46
      GMT\r\nx-ms-client-request-id: b92b3b82-fd0e-11ea-b66e-58961df361d1\r\n\r\n{\"PartitionKey\":
      \"large\", \"PartitionKey@odata.type\": \"Edm.String\", \"PartitionKey@odata.type@odata.type\":
      \"Edm.String\", \"RowKey\": \"item78\", \"RowKey@odata.type\": \"Edm.String\",
      \"RowKey@odata.type@odata.type\": \"Edm.String\"}\r\n--changeset_5b39a642-40e1-4c3a-80b0-bcd7190e50a3\r\nContent-Type:
      application/http\r\nContent-Transfer-Encoding: binary\r\nContent-ID: 79\r\n\r\nPOST
      https://pyacrstoragecy5edjajxvth.table.core.windows.net/uttable4c2a104e HTTP/1.1\r\nx-ms-version:
      2019-02-02\r\nDataServiceVersion: 3.0\r\nPrefer: return-no-content\r\nContent-Type:
      application/json;odata=nometadata\r\nAccept: application/json;odata=minimalmetadata\r\nContent-Length:
      219\r\nx-ms-date: Tue, 22 Sep 2020 20:03:46 GMT\r\nDate: Tue, 22 Sep 2020 20:03:46
      GMT\r\nx-ms-client-request-id: b92b3b83-fd0e-11ea-83ec-58961df361d1\r\n\r\n{\"PartitionKey\":
      \"large\", \"PartitionKey@odata.type\": \"Edm.String\", \"PartitionKey@odata.type@odata.type\":
      \"Edm.String\", \"RowKey\": \"item79\", \"RowKey@odata.type\": \"Edm.String\",
      \"RowKey@odata.type@odata.type\": \"Edm.String\"}\r\n--changeset_5b39a642-40e1-4c3a-80b0-bcd7190e50a3\r\nContent-Type:
      application/http\r\nContent-Transfer-Encoding: binary\r\nContent-ID: 80\r\n\r\nPOST
      https://pyacrstoragecy5edjajxvth.table.core.windows.net/uttable4c2a104e HTTP/1.1\r\nx-ms-version:
      2019-02-02\r\nDataServiceVersion: 3.0\r\nPrefer: return-no-content\r\nContent-Type:
      application/json;odata=nometadata\r\nAccept: application/json;odata=minimalmetadata\r\nContent-Length:
      219\r\nx-ms-date: Tue, 22 Sep 2020 20:03:46 GMT\r\nDate: Tue, 22 Sep 2020 20:03:46
      GMT\r\nx-ms-client-request-id: b92b3b84-fd0e-11ea-8aa5-58961df361d1\r\n\r\n{\"PartitionKey\":
      \"large\", \"PartitionKey@odata.type\": \"Edm.String\", \"PartitionKey@odata.type@odata.type\":
      \"Edm.String\", \"RowKey\": \"item80\", \"RowKey@odata.type\": \"Edm.String\",
      \"RowKey@odata.type@odata.type\": \"Edm.String\"}\r\n--changeset_5b39a642-40e1-4c3a-80b0-bcd7190e50a3\r\nContent-Type:
      application/http\r\nContent-Transfer-Encoding: binary\r\nContent-ID: 81\r\n\r\nPOST
      https://pyacrstoragecy5edjajxvth.table.core.windows.net/uttable4c2a104e HTTP/1.1\r\nx-ms-version:
      2019-02-02\r\nDataServiceVersion: 3.0\r\nPrefer: return-no-content\r\nContent-Type:
      application/json;odata=nometadata\r\nAccept: application/json;odata=minimalmetadata\r\nContent-Length:
      219\r\nx-ms-date: Tue, 22 Sep 2020 20:03:46 GMT\r\nDate: Tue, 22 Sep 2020 20:03:46
      GMT\r\nx-ms-client-request-id: b92b3b85-fd0e-11ea-a373-58961df361d1\r\n\r\n{\"PartitionKey\":
      \"large\", \"PartitionKey@odata.type\": \"Edm.String\", \"PartitionKey@odata.type@odata.type\":
      \"Edm.String\", \"RowKey\": \"item81\", \"RowKey@odata.type\": \"Edm.String\",
      \"RowKey@odata.type@odata.type\": \"Edm.String\"}\r\n--changeset_5b39a642-40e1-4c3a-80b0-bcd7190e50a3\r\nContent-Type:
      application/http\r\nContent-Transfer-Encoding: binary\r\nContent-ID: 82\r\n\r\nPOST
      https://pyacrstoragecy5edjajxvth.table.core.windows.net/uttable4c2a104e HTTP/1.1\r\nx-ms-version:
      2019-02-02\r\nDataServiceVersion: 3.0\r\nPrefer: return-no-content\r\nContent-Type:
      application/json;odata=nometadata\r\nAccept: application/json;odata=minimalmetadata\r\nContent-Length:
      219\r\nx-ms-date: Tue, 22 Sep 2020 20:03:46 GMT\r\nDate: Tue, 22 Sep 2020 20:03:46
      GMT\r\nx-ms-client-request-id: b92b3b86-fd0e-11ea-bdce-58961df361d1\r\n\r\n{\"PartitionKey\":
      \"large\", \"PartitionKey@odata.type\": \"Edm.String\", \"PartitionKey@odata.type@odata.type\":
      \"Edm.String\", \"RowKey\": \"item82\", \"RowKey@odata.type\": \"Edm.String\",
      \"RowKey@odata.type@odata.type\": \"Edm.String\"}\r\n--changeset_5b39a642-40e1-4c3a-80b0-bcd7190e50a3\r\nContent-Type:
      application/http\r\nContent-Transfer-Encoding: binary\r\nContent-ID: 83\r\n\r\nPOST
      https://pyacrstoragecy5edjajxvth.table.core.windows.net/uttable4c2a104e HTTP/1.1\r\nx-ms-version:
      2019-02-02\r\nDataServiceVersion: 3.0\r\nPrefer: return-no-content\r\nContent-Type:
      application/json;odata=nometadata\r\nAccept: application/json;odata=minimalmetadata\r\nContent-Length:
      219\r\nx-ms-date: Tue, 22 Sep 2020 20:03:46 GMT\r\nDate: Tue, 22 Sep 2020 20:03:46
      GMT\r\nx-ms-client-request-id: b92b3b87-fd0e-11ea-b5c8-58961df361d1\r\n\r\n{\"PartitionKey\":
      \"large\", \"PartitionKey@odata.type\": \"Edm.String\", \"PartitionKey@odata.type@odata.type\":
      \"Edm.String\", \"RowKey\": \"item83\", \"RowKey@odata.type\": \"Edm.String\",
      \"RowKey@odata.type@odata.type\": \"Edm.String\"}\r\n--changeset_5b39a642-40e1-4c3a-80b0-bcd7190e50a3\r\nContent-Type:
      application/http\r\nContent-Transfer-Encoding: binary\r\nContent-ID: 84\r\n\r\nPOST
      https://pyacrstoragecy5edjajxvth.table.core.windows.net/uttable4c2a104e HTTP/1.1\r\nx-ms-version:
      2019-02-02\r\nDataServiceVersion: 3.0\r\nPrefer: return-no-content\r\nContent-Type:
      application/json;odata=nometadata\r\nAccept: application/json;odata=minimalmetadata\r\nContent-Length:
      219\r\nx-ms-date: Tue, 22 Sep 2020 20:03:46 GMT\r\nDate: Tue, 22 Sep 2020 20:03:46
      GMT\r\nx-ms-client-request-id: b92b3b88-fd0e-11ea-9bcd-58961df361d1\r\n\r\n{\"PartitionKey\":
      \"large\", \"PartitionKey@odata.type\": \"Edm.String\", \"PartitionKey@odata.type@odata.type\":
      \"Edm.String\", \"RowKey\": \"item84\", \"RowKey@odata.type\": \"Edm.String\",
      \"RowKey@odata.type@odata.type\": \"Edm.String\"}\r\n--changeset_5b39a642-40e1-4c3a-80b0-bcd7190e50a3\r\nContent-Type:
      application/http\r\nContent-Transfer-Encoding: binary\r\nContent-ID: 85\r\n\r\nPOST
      https://pyacrstoragecy5edjajxvth.table.core.windows.net/uttable4c2a104e HTTP/1.1\r\nx-ms-version:
      2019-02-02\r\nDataServiceVersion: 3.0\r\nPrefer: return-no-content\r\nContent-Type:
      application/json;odata=nometadata\r\nAccept: application/json;odata=minimalmetadata\r\nContent-Length:
      219\r\nx-ms-date: Tue, 22 Sep 2020 20:03:46 GMT\r\nDate: Tue, 22 Sep 2020 20:03:46
      GMT\r\nx-ms-client-request-id: b92b3b89-fd0e-11ea-96ba-58961df361d1\r\n\r\n{\"PartitionKey\":
      \"large\", \"PartitionKey@odata.type\": \"Edm.String\", \"PartitionKey@odata.type@odata.type\":
      \"Edm.String\", \"RowKey\": \"item85\", \"RowKey@odata.type\": \"Edm.String\",
      \"RowKey@odata.type@odata.type\": \"Edm.String\"}\r\n--changeset_5b39a642-40e1-4c3a-80b0-bcd7190e50a3\r\nContent-Type:
      application/http\r\nContent-Transfer-Encoding: binary\r\nContent-ID: 86\r\n\r\nPOST
      https://pyacrstoragecy5edjajxvth.table.core.windows.net/uttable4c2a104e HTTP/1.1\r\nx-ms-version:
      2019-02-02\r\nDataServiceVersion: 3.0\r\nPrefer: return-no-content\r\nContent-Type:
      application/json;odata=nometadata\r\nAccept: application/json;odata=minimalmetadata\r\nContent-Length:
      219\r\nx-ms-date: Tue, 22 Sep 2020 20:03:46 GMT\r\nDate: Tue, 22 Sep 2020 20:03:46
      GMT\r\nx-ms-client-request-id: b92b3b8a-fd0e-11ea-946c-58961df361d1\r\n\r\n{\"PartitionKey\":
      \"large\", \"PartitionKey@odata.type\": \"Edm.String\", \"PartitionKey@odata.type@odata.type\":
      \"Edm.String\", \"RowKey\": \"item86\", \"RowKey@odata.type\": \"Edm.String\",
      \"RowKey@odata.type@odata.type\": \"Edm.String\"}\r\n--changeset_5b39a642-40e1-4c3a-80b0-bcd7190e50a3\r\nContent-Type:
      application/http\r\nContent-Transfer-Encoding: binary\r\nContent-ID: 87\r\n\r\nPOST
      https://pyacrstoragecy5edjajxvth.table.core.windows.net/uttable4c2a104e HTTP/1.1\r\nx-ms-version:
      2019-02-02\r\nDataServiceVersion: 3.0\r\nPrefer: return-no-content\r\nContent-Type:
      application/json;odata=nometadata\r\nAccept: application/json;odata=minimalmetadata\r\nContent-Length:
      219\r\nx-ms-date: Tue, 22 Sep 2020 20:03:46 GMT\r\nDate: Tue, 22 Sep 2020 20:03:46
      GMT\r\nx-ms-client-request-id: b92b3b8b-fd0e-11ea-9bda-58961df361d1\r\n\r\n{\"PartitionKey\":
      \"large\", \"PartitionKey@odata.type\": \"Edm.String\", \"PartitionKey@odata.type@odata.type\":
      \"Edm.String\", \"RowKey\": \"item87\", \"RowKey@odata.type\": \"Edm.String\",
      \"RowKey@odata.type@odata.type\": \"Edm.String\"}\r\n--changeset_5b39a642-40e1-4c3a-80b0-bcd7190e50a3\r\nContent-Type:
      application/http\r\nContent-Transfer-Encoding: binary\r\nContent-ID: 88\r\n\r\nPOST
      https://pyacrstoragecy5edjajxvth.table.core.windows.net/uttable4c2a104e HTTP/1.1\r\nx-ms-version:
      2019-02-02\r\nDataServiceVersion: 3.0\r\nPrefer: return-no-content\r\nContent-Type:
      application/json;odata=nometadata\r\nAccept: application/json;odata=minimalmetadata\r\nContent-Length:
      219\r\nx-ms-date: Tue, 22 Sep 2020 20:03:46 GMT\r\nDate: Tue, 22 Sep 2020 20:03:46
      GMT\r\nx-ms-client-request-id: b92b3b8c-fd0e-11ea-a071-58961df361d1\r\n\r\n{\"PartitionKey\":
      \"large\", \"PartitionKey@odata.type\": \"Edm.String\", \"PartitionKey@odata.type@odata.type\":
      \"Edm.String\", \"RowKey\": \"item88\", \"RowKey@odata.type\": \"Edm.String\",
      \"RowKey@odata.type@odata.type\": \"Edm.String\"}\r\n--changeset_5b39a642-40e1-4c3a-80b0-bcd7190e50a3\r\nContent-Type:
      application/http\r\nContent-Transfer-Encoding: binary\r\nContent-ID: 89\r\n\r\nPOST
      https://pyacrstoragecy5edjajxvth.table.core.windows.net/uttable4c2a104e HTTP/1.1\r\nx-ms-version:
      2019-02-02\r\nDataServiceVersion: 3.0\r\nPrefer: return-no-content\r\nContent-Type:
      application/json;odata=nometadata\r\nAccept: application/json;odata=minimalmetadata\r\nContent-Length:
      219\r\nx-ms-date: Tue, 22 Sep 2020 20:03:46 GMT\r\nDate: Tue, 22 Sep 2020 20:03:46
      GMT\r\nx-ms-client-request-id: b92b3b8d-fd0e-11ea-bd77-58961df361d1\r\n\r\n{\"PartitionKey\":
      \"large\", \"PartitionKey@odata.type\": \"Edm.String\", \"PartitionKey@odata.type@odata.type\":
      \"Edm.String\", \"RowKey\": \"item89\", \"RowKey@odata.type\": \"Edm.String\",
      \"RowKey@odata.type@odata.type\": \"Edm.String\"}\r\n--changeset_5b39a642-40e1-4c3a-80b0-bcd7190e50a3\r\nContent-Type:
      application/http\r\nContent-Transfer-Encoding: binary\r\nContent-ID: 90\r\n\r\nPOST
      https://pyacrstoragecy5edjajxvth.table.core.windows.net/uttable4c2a104e HTTP/1.1\r\nx-ms-version:
      2019-02-02\r\nDataServiceVersion: 3.0\r\nPrefer: return-no-content\r\nContent-Type:
      application/json;odata=nometadata\r\nAccept: application/json;odata=minimalmetadata\r\nContent-Length:
      219\r\nx-ms-date: Tue, 22 Sep 2020 20:03:46 GMT\r\nDate: Tue, 22 Sep 2020 20:03:46
      GMT\r\nx-ms-client-request-id: b92b3b8e-fd0e-11ea-98ff-58961df361d1\r\n\r\n{\"PartitionKey\":
      \"large\", \"PartitionKey@odata.type\": \"Edm.String\", \"PartitionKey@odata.type@odata.type\":
      \"Edm.String\", \"RowKey\": \"item90\", \"RowKey@odata.type\": \"Edm.String\",
      \"RowKey@odata.type@odata.type\": \"Edm.String\"}\r\n--changeset_5b39a642-40e1-4c3a-80b0-bcd7190e50a3\r\nContent-Type:
      application/http\r\nContent-Transfer-Encoding: binary\r\nContent-ID: 91\r\n\r\nPOST
      https://pyacrstoragecy5edjajxvth.table.core.windows.net/uttable4c2a104e HTTP/1.1\r\nx-ms-version:
      2019-02-02\r\nDataServiceVersion: 3.0\r\nPrefer: return-no-content\r\nContent-Type:
      application/json;odata=nometadata\r\nAccept: application/json;odata=minimalmetadata\r\nContent-Length:
      219\r\nx-ms-date: Tue, 22 Sep 2020 20:03:46 GMT\r\nDate: Tue, 22 Sep 2020 20:03:46
      GMT\r\nx-ms-client-request-id: b92b3b8f-fd0e-11ea-9454-58961df361d1\r\n\r\n{\"PartitionKey\":
      \"large\", \"PartitionKey@odata.type\": \"Edm.String\", \"PartitionKey@odata.type@odata.type\":
      \"Edm.String\", \"RowKey\": \"item91\", \"RowKey@odata.type\": \"Edm.String\",
      \"RowKey@odata.type@odata.type\": \"Edm.String\"}\r\n--changeset_5b39a642-40e1-4c3a-80b0-bcd7190e50a3\r\nContent-Type:
      application/http\r\nContent-Transfer-Encoding: binary\r\nContent-ID: 92\r\n\r\nPOST
      https://pyacrstoragecy5edjajxvth.table.core.windows.net/uttable4c2a104e HTTP/1.1\r\nx-ms-version:
      2019-02-02\r\nDataServiceVersion: 3.0\r\nPrefer: return-no-content\r\nContent-Type:
      application/json;odata=nometadata\r\nAccept: application/json;odata=minimalmetadata\r\nContent-Length:
      219\r\nx-ms-date: Tue, 22 Sep 2020 20:03:46 GMT\r\nDate: Tue, 22 Sep 2020 20:03:46
      GMT\r\nx-ms-client-request-id: b92b3b90-fd0e-11ea-bd66-58961df361d1\r\n\r\n{\"PartitionKey\":
      \"large\", \"PartitionKey@odata.type\": \"Edm.String\", \"PartitionKey@odata.type@odata.type\":
      \"Edm.String\", \"RowKey\": \"item92\", \"RowKey@odata.type\": \"Edm.String\",
      \"RowKey@odata.type@odata.type\": \"Edm.String\"}\r\n--changeset_5b39a642-40e1-4c3a-80b0-bcd7190e50a3\r\nContent-Type:
      application/http\r\nContent-Transfer-Encoding: binary\r\nContent-ID: 93\r\n\r\nPOST
      https://pyacrstoragecy5edjajxvth.table.core.windows.net/uttable4c2a104e HTTP/1.1\r\nx-ms-version:
      2019-02-02\r\nDataServiceVersion: 3.0\r\nPrefer: return-no-content\r\nContent-Type:
      application/json;odata=nometadata\r\nAccept: application/json;odata=minimalmetadata\r\nContent-Length:
      219\r\nx-ms-date: Tue, 22 Sep 2020 20:03:46 GMT\r\nDate: Tue, 22 Sep 2020 20:03:46
      GMT\r\nx-ms-client-request-id: b92b3b91-fd0e-11ea-b9a3-58961df361d1\r\n\r\n{\"PartitionKey\":
      \"large\", \"PartitionKey@odata.type\": \"Edm.String\", \"PartitionKey@odata.type@odata.type\":
      \"Edm.String\", \"RowKey\": \"item93\", \"RowKey@odata.type\": \"Edm.String\",
      \"RowKey@odata.type@odata.type\": \"Edm.String\"}\r\n--changeset_5b39a642-40e1-4c3a-80b0-bcd7190e50a3\r\nContent-Type:
      application/http\r\nContent-Transfer-Encoding: binary\r\nContent-ID: 94\r\n\r\nPOST
      https://pyacrstoragecy5edjajxvth.table.core.windows.net/uttable4c2a104e HTTP/1.1\r\nx-ms-version:
      2019-02-02\r\nDataServiceVersion: 3.0\r\nPrefer: return-no-content\r\nContent-Type:
      application/json;odata=nometadata\r\nAccept: application/json;odata=minimalmetadata\r\nContent-Length:
      219\r\nx-ms-date: Tue, 22 Sep 2020 20:03:46 GMT\r\nDate: Tue, 22 Sep 2020 20:03:46
      GMT\r\nx-ms-client-request-id: b92b3b92-fd0e-11ea-8f03-58961df361d1\r\n\r\n{\"PartitionKey\":
      \"large\", \"PartitionKey@odata.type\": \"Edm.String\", \"PartitionKey@odata.type@odata.type\":
      \"Edm.String\", \"RowKey\": \"item94\", \"RowKey@odata.type\": \"Edm.String\",
      \"RowKey@odata.type@odata.type\": \"Edm.String\"}\r\n--changeset_5b39a642-40e1-4c3a-80b0-bcd7190e50a3\r\nContent-Type:
      application/http\r\nContent-Transfer-Encoding: binary\r\nContent-ID: 95\r\n\r\nPOST
      https://pyacrstoragecy5edjajxvth.table.core.windows.net/uttable4c2a104e HTTP/1.1\r\nx-ms-version:
      2019-02-02\r\nDataServiceVersion: 3.0\r\nPrefer: return-no-content\r\nContent-Type:
      application/json;odata=nometadata\r\nAccept: application/json;odata=minimalmetadata\r\nContent-Length:
      219\r\nx-ms-date: Tue, 22 Sep 2020 20:03:46 GMT\r\nDate: Tue, 22 Sep 2020 20:03:46
      GMT\r\nx-ms-client-request-id: b92b3b93-fd0e-11ea-a94c-58961df361d1\r\n\r\n{\"PartitionKey\":
      \"large\", \"PartitionKey@odata.type\": \"Edm.String\", \"PartitionKey@odata.type@odata.type\":
      \"Edm.String\", \"RowKey\": \"item95\", \"RowKey@odata.type\": \"Edm.String\",
      \"RowKey@odata.type@odata.type\": \"Edm.String\"}\r\n--changeset_5b39a642-40e1-4c3a-80b0-bcd7190e50a3\r\nContent-Type:
      application/http\r\nContent-Transfer-Encoding: binary\r\nContent-ID: 96\r\n\r\nPOST
      https://pyacrstoragecy5edjajxvth.table.core.windows.net/uttable4c2a104e HTTP/1.1\r\nx-ms-version:
      2019-02-02\r\nDataServiceVersion: 3.0\r\nPrefer: return-no-content\r\nContent-Type:
      application/json;odata=nometadata\r\nAccept: application/json;odata=minimalmetadata\r\nContent-Length:
      219\r\nx-ms-date: Tue, 22 Sep 2020 20:03:46 GMT\r\nDate: Tue, 22 Sep 2020 20:03:46
      GMT\r\nx-ms-client-request-id: b92b3b94-fd0e-11ea-aeb7-58961df361d1\r\n\r\n{\"PartitionKey\":
      \"large\", \"PartitionKey@odata.type\": \"Edm.String\", \"PartitionKey@odata.type@odata.type\":
      \"Edm.String\", \"RowKey\": \"item96\", \"RowKey@odata.type\": \"Edm.String\",
      \"RowKey@odata.type@odata.type\": \"Edm.String\"}\r\n--changeset_5b39a642-40e1-4c3a-80b0-bcd7190e50a3\r\nContent-Type:
      application/http\r\nContent-Transfer-Encoding: binary\r\nContent-ID: 97\r\n\r\nPOST
      https://pyacrstoragecy5edjajxvth.table.core.windows.net/uttable4c2a104e HTTP/1.1\r\nx-ms-version:
      2019-02-02\r\nDataServiceVersion: 3.0\r\nPrefer: return-no-content\r\nContent-Type:
      application/json;odata=nometadata\r\nAccept: application/json;odata=minimalmetadata\r\nContent-Length:
      219\r\nx-ms-date: Tue, 22 Sep 2020 20:03:46 GMT\r\nDate: Tue, 22 Sep 2020 20:03:46
      GMT\r\nx-ms-client-request-id: b92b3b95-fd0e-11ea-8324-58961df361d1\r\n\r\n{\"PartitionKey\":
      \"large\", \"PartitionKey@odata.type\": \"Edm.String\", \"PartitionKey@odata.type@odata.type\":
      \"Edm.String\", \"RowKey\": \"item97\", \"RowKey@odata.type\": \"Edm.String\",
      \"RowKey@odata.type@odata.type\": \"Edm.String\"}\r\n--changeset_5b39a642-40e1-4c3a-80b0-bcd7190e50a3\r\nContent-Type:
      application/http\r\nContent-Transfer-Encoding: binary\r\nContent-ID: 98\r\n\r\nPOST
      https://pyacrstoragecy5edjajxvth.table.core.windows.net/uttable4c2a104e HTTP/1.1\r\nx-ms-version:
      2019-02-02\r\nDataServiceVersion: 3.0\r\nPrefer: return-no-content\r\nContent-Type:
      application/json;odata=nometadata\r\nAccept: application/json;odata=minimalmetadata\r\nContent-Length:
      219\r\nx-ms-date: Tue, 22 Sep 2020 20:03:46 GMT\r\nDate: Tue, 22 Sep 2020 20:03:46
      GMT\r\nx-ms-client-request-id: b92b3b96-fd0e-11ea-a827-58961df361d1\r\n\r\n{\"PartitionKey\":
      \"large\", \"PartitionKey@odata.type\": \"Edm.String\", \"PartitionKey@odata.type@odata.type\":
      \"Edm.String\", \"RowKey\": \"item98\", \"RowKey@odata.type\": \"Edm.String\",
      \"RowKey@odata.type@odata.type\": \"Edm.String\"}\r\n--changeset_5b39a642-40e1-4c3a-80b0-bcd7190e50a3\r\nContent-Type:
      application/http\r\nContent-Transfer-Encoding: binary\r\nContent-ID: 99\r\n\r\nPOST
      https://pyacrstoragecy5edjajxvth.table.core.windows.net/uttable4c2a104e HTTP/1.1\r\nx-ms-version:
      2019-02-02\r\nDataServiceVersion: 3.0\r\nPrefer: return-no-content\r\nContent-Type:
      application/json;odata=nometadata\r\nAccept: application/json;odata=minimalmetadata\r\nContent-Length:
      219\r\nx-ms-date: Tue, 22 Sep 2020 20:03:46 GMT\r\nDate: Tue, 22 Sep 2020 20:03:46
      GMT\r\nx-ms-client-request-id: b92b3b97-fd0e-11ea-81fa-58961df361d1\r\n\r\n{\"PartitionKey\":
      \"large\", \"PartitionKey@odata.type\": \"Edm.String\", \"PartitionKey@odata.type@odata.type\":
      \"Edm.String\", \"RowKey\": \"item99\", \"RowKey@odata.type\": \"Edm.String\",
      \"RowKey@odata.type@odata.type\": \"Edm.String\"}\r\n--changeset_5b39a642-40e1-4c3a-80b0-bcd7190e50a3\r\nContent-Type:
      application/http\r\nContent-Transfer-Encoding: binary\r\nContent-ID: 100\r\n\r\nPOST
      https://pyacrstoragecy5edjajxvth.table.core.windows.net/uttable4c2a104e HTTP/1.1\r\nx-ms-version:
      2019-02-02\r\nDataServiceVersion: 3.0\r\nPrefer: return-no-content\r\nContent-Type:
      application/json;odata=nometadata\r\nAccept: application/json;odata=minimalmetadata\r\nContent-Length:
      220\r\nx-ms-date: Tue, 22 Sep 2020 20:03:46 GMT\r\nDate: Tue, 22 Sep 2020 20:03:46
      GMT\r\nx-ms-client-request-id: b92b3b98-fd0e-11ea-88ea-58961df361d1\r\n\r\n{\"PartitionKey\":
      \"large\", \"PartitionKey@odata.type\": \"Edm.String\", \"PartitionKey@odata.type@odata.type\":
      \"Edm.String\", \"RowKey\": \"item100\", \"RowKey@odata.type\": \"Edm.String\",
      \"RowKey@odata.type@odata.type\": \"Edm.String\"}\r\n--changeset_5b39a642-40e1-4c3a-80b0-bcd7190e50a3--\r\n\r\n--batch_4bb2340a-436b-4b06-978a-c427132c8dce--\r\n"
    headers:
      Accept:
      - '*/*'
      Accept-Encoding:
      - gzip, deflate
      Connection:
      - keep-alive
      Content-Length:
      - '79202'
      Content-Type:
      - multipart/mixed; boundary=batch_4bb2340a-436b-4b06-978a-c427132c8dce
      DataServiceVersion:
      - '3.0'
      Date:
      - Tue, 22 Sep 2020 20:03:46 GMT
      MaxDataServiceVersion:
      - 3.0;NetFx
      User-Agent:
      - azsdk-python-data-tables/12.0.0b2 Python/3.8.4 (Windows-10-10.0.19041-SP0)
      x-ms-date:
      - Tue, 22 Sep 2020 20:03:46 GMT
      x-ms-version:
      - '2019-02-02'
    method: POST
    uri: https://storagename.table.core.windows.net/$batch
  response:
    body:
      string: "--batchresponse_a9a30526-d066-4dbe-9f47-deef58b6d1c4\r\nContent-Type:
        multipart/mixed; boundary=changesetresponse_3f28015a-1386-4622-b9bc-4af96b3f7cf7\r\n\r\n--changesetresponse_3f28015a-1386-4622-b9bc-4af96b3f7cf7\r\nContent-Type:
        application/http\r\nContent-Transfer-Encoding: binary\r\n\r\nHTTP/1.1 400
        Bad Request\r\nX-Content-Type-Options: nosniff\r\nCache-Control: no-cache\r\nPreference-Applied:
        return-no-content\r\nDataServiceVersion: 3.0;\r\nContent-Type: application/json;odata=minimalmetadata;streaming=true;charset=utf-8\r\n\r\n{\"odata.error\":{\"code\":\"InvalidInput\",\"message\":{\"lang\":\"en-US\",\"value\":\"99:The
        batch request operation exceeds the maximum 100 changes per change set.\\nRequestId:a4e81836-9002-0054-771b-911c3e000000\\nTime:2020-09-22T20:03:46.6889342Z\"}}}\r\n--changesetresponse_3f28015a-1386-4622-b9bc-4af96b3f7cf7--\r\n--batchresponse_a9a30526-d066-4dbe-9f47-deef58b6d1c4--\r\n"
    headers:
      cache-control:
      - no-cache
      content-type:
      - multipart/mixed; boundary=batchresponse_a9a30526-d066-4dbe-9f47-deef58b6d1c4
      date:
      - Tue, 22 Sep 2020 20:03:46 GMT
      server:
      - Windows-Azure-Table/1.0 Microsoft-HTTPAPI/2.0
      transfer-encoding:
      - chunked
      x-content-type-options:
      - nosniff
      x-ms-version:
      - '2019-02-02'
    status:
      code: 202
      message: Accepted
- request:
    body: null
    headers:
      Accept:
      - application/json
      Accept-Encoding:
      - gzip, deflate
      Connection:
      - keep-alive
      Content-Length:
      - '0'
      Date:
      - Tue, 22 Sep 2020 20:03:46 GMT
      User-Agent:
      - azsdk-python-data-tables/12.0.0b2 Python/3.8.4 (Windows-10-10.0.19041-SP0)
      x-ms-date:
      - Tue, 22 Sep 2020 20:03:46 GMT
      x-ms-version:
      - '2019-02-02'
    method: DELETE
    uri: https://storagename.table.core.windows.net/Tables('uttable4c2a104e')
  response:
    body:
      string: ''
    headers:
      cache-control:
      - no-cache
      content-length:
      - '0'
      date:
      - Tue, 22 Sep 2020 20:03:46 GMT
      server:
      - Windows-Azure-Table/1.0 Microsoft-HTTPAPI/2.0
      x-content-type-options:
      - nosniff
      x-ms-version:
      - '2019-02-02'
    status:
      code: 204
      message: No Content
version: 1
