interactions:
- request:
    body: '{"TableName": "uttable99fe1256"}'
    headers:
      Accept:
      - application/json;odata=minimalmetadata
      Accept-Encoding:
      - gzip, deflate
      Connection:
      - keep-alive
      Content-Length:
      - '32'
      Content-Type:
      - application/json;odata=nometadata
      DataServiceVersion:
      - '3.0'
      Date:
      - Sat, 07 Nov 2020 01:09:53 GMT
      User-Agent:
      - azsdk-python-data-tables/12.0.0b3 Python/3.5.3 (Windows-10-10.0.19041-SP0)
      x-ms-date:
      - Sat, 07 Nov 2020 01:09:53 GMT
      x-ms-version:
      - '2019-02-02'
    method: POST
    uri: https://tablesteststorname.table.core.windows.net/Tables
  response:
    body:
      string: '{"odata.metadata":"https://tablesteststorname.table.core.windows.net/$metadata#Tables/@Element","TableName":"uttable99fe1256"}'
    headers:
      cache-control:
      - no-cache
      content-type:
      - application/json;odata=minimalmetadata;streaming=true;charset=utf-8
      date:
      - Sat, 07 Nov 2020 01:09:55 GMT
      location:
      - https://tablesteststorname.table.core.windows.net/Tables('uttable99fe1256')
      server:
      - Windows-Azure-Table/1.0 Microsoft-HTTPAPI/2.0
      transfer-encoding:
      - chunked
      x-content-type-options:
      - nosniff
      x-ms-version:
      - '2019-02-02'
    status:
      code: 201
      message: Created
- request:
    body: '{"RowKey@odata.type": "Edm.String", "PartitionKey": "pk99fe1256", "RowKey":
      "rk99fe1256", "binary": "AQIDBAUGBwgJCg==", "binary@odata.type": "Edm.Binary",
      "PartitionKey@odata.type": "Edm.String"}'
    headers:
      Accept:
      - application/json;odata=minimalmetadata
      Accept-Encoding:
      - gzip, deflate
      Connection:
      - keep-alive
      Content-Length:
      - '195'
      Content-Type:
      - application/json;odata=nometadata
      DataServiceVersion:
      - '3.0'
      Date:
      - Sat, 07 Nov 2020 01:09:54 GMT
      User-Agent:
      - azsdk-python-data-tables/12.0.0b3 Python/3.5.3 (Windows-10-10.0.19041-SP0)
      x-ms-date:
      - Sat, 07 Nov 2020 01:09:54 GMT
      x-ms-version:
      - '2019-02-02'
    method: POST
    uri: https://tablesteststorname.table.core.windows.net/uttable99fe1256
  response:
    body:
      string: '{"odata.metadata":"https://tablesteststorname.table.core.windows.net/$metadata#uttable99fe1256/@Element","odata.etag":"W/\"datetime''2020-11-07T01%3A09%3A55.5620913Z''\"","PartitionKey":"pk99fe1256","RowKey":"rk99fe1256","Timestamp":"2020-11-07T01:09:55.5620913Z","binary@odata.type":"Edm.Binary","binary":"AQIDBAUGBwgJCg=="}'
    headers:
      cache-control:
      - no-cache
      content-type:
      - application/json;odata=minimalmetadata;streaming=true;charset=utf-8
      date:
      - Sat, 07 Nov 2020 01:09:55 GMT
      etag:
      - W/"datetime'2020-11-07T01%3A09%3A55.5620913Z'"
      location:
      - https://tablesteststorname.table.core.windows.net/uttable99fe1256(PartitionKey='pk99fe1256',RowKey='rk99fe1256')
      server:
      - Windows-Azure-Table/1.0 Microsoft-HTTPAPI/2.0
      transfer-encoding:
      - chunked
      x-content-type-options:
      - nosniff
      x-ms-version:
      - '2019-02-02'
    status:
      code: 201
      message: Created
- request:
    body: null
    headers:
      Accept:
      - application/json;odata=minimalmetadata
      Accept-Encoding:
      - gzip, deflate
      Connection:
      - keep-alive
      DataServiceVersion:
      - '3.0'
      Date:
      - Sat, 07 Nov 2020 01:09:54 GMT
      User-Agent:
      - azsdk-python-data-tables/12.0.0b3 Python/3.5.3 (Windows-10-10.0.19041-SP0)
      x-ms-date:
      - Sat, 07 Nov 2020 01:09:54 GMT
      x-ms-version:
      - '2019-02-02'
    method: GET
    uri: https://tablesteststorname.table.core.windows.net/uttable99fe1256(PartitionKey='pk99fe1256',RowKey='rk99fe1256')
  response:
    body:
      string: '{"odata.metadata":"https://tablesteststorname.table.core.windows.net/$metadata#uttable99fe1256/@Element","odata.etag":"W/\"datetime''2020-11-07T01%3A09%3A55.5620913Z''\"","PartitionKey":"pk99fe1256","RowKey":"rk99fe1256","Timestamp":"2020-11-07T01:09:55.5620913Z","binary@odata.type":"Edm.Binary","binary":"AQIDBAUGBwgJCg=="}'
    headers:
      cache-control:
      - no-cache
      content-type:
      - application/json;odata=minimalmetadata;streaming=true;charset=utf-8
      date:
      - Sat, 07 Nov 2020 01:09:55 GMT
      etag:
      - W/"datetime'2020-11-07T01%3A09%3A55.5620913Z'"
      server:
      - Windows-Azure-Table/1.0 Microsoft-HTTPAPI/2.0
      transfer-encoding:
      - chunked
      x-content-type-options:
      - nosniff
      x-ms-version:
      - '2019-02-02'
    status:
      code: 200
      message: OK
- request:
    body: null
    headers:
      Accept:
      - application/json
      Accept-Encoding:
      - gzip, deflate
      Connection:
      - keep-alive
      Content-Length:
      - '0'
      Date:
      - Sat, 07 Nov 2020 01:09:54 GMT
      User-Agent:
      - azsdk-python-data-tables/12.0.0b3 Python/3.5.3 (Windows-10-10.0.19041-SP0)
      x-ms-date:
      - Sat, 07 Nov 2020 01:09:54 GMT
      x-ms-version:
      - '2019-02-02'
    method: DELETE
    uri: https://tablesteststorname.table.core.windows.net/Tables('uttable99fe1256')
  response:
    body:
      string: ''
    headers:
      cache-control:
      - no-cache
      content-length:
      - '0'
      date:
      - Sat, 07 Nov 2020 01:09:55 GMT
      server:
      - Windows-Azure-Table/1.0 Microsoft-HTTPAPI/2.0
      x-content-type-options:
      - nosniff
      x-ms-version:
      - '2019-02-02'
    status:
      code: 204
      message: No Content
version: 1
