interactions:
- request:
    body: '{"TableName": "pytableasync5ef31618"}'
    headers:
      Accept:
      - application/json;odata=minimalmetadata
      Content-Length:
      - '37'
      Content-Type:
      - application/json;odata=nometadata
      DataServiceVersion:
      - '3.0'
      Date:
<<<<<<< HEAD
      - Mon, 28 Sep 2020 17:02:26 GMT
      User-Agent:
      - azsdk-python-data-tables/2019-07-07 Python/3.8.4 (Windows-10-10.0.19041-SP0)
      x-ms-date:
      - Mon, 28 Sep 2020 17:02:26 GMT
=======
      - Mon, 21 Sep 2020 22:27:15 GMT
      User-Agent:
      - azsdk-python-data-tables/12.0.0b2 Python/3.8.4 (Windows-10-10.0.19041-SP0)
      x-ms-date:
      - Mon, 21 Sep 2020 22:27:15 GMT
>>>>>>> 40774230c02233ce98169513320c19ccc2184174
      x-ms-version:
      - '2019-02-02'
    method: POST
    uri: https://tablesteststorname.table.core.windows.net/Tables
  response:
    body:
      string: '{"odata.metadata":"https://tablesteststorname.table.core.windows.net/$metadata#Tables/@Element","TableName":"pytableasync5ef31618"}'
    headers:
      cache-control: no-cache
      content-type: application/json;odata=minimalmetadata;streaming=true;charset=utf-8
<<<<<<< HEAD
      date: Mon, 28 Sep 2020 17:02:25 GMT
      location: https://tablesteststorname.table.core.windows.net/Tables('pytableasync5ef31618')
=======
      date: Mon, 21 Sep 2020 22:27:15 GMT
      location: https://storagename.table.core.windows.net/Tables('pytableasync5ef31618')
>>>>>>> 40774230c02233ce98169513320c19ccc2184174
      server: Windows-Azure-Table/1.0 Microsoft-HTTPAPI/2.0
      transfer-encoding: chunked
      x-content-type-options: nosniff
      x-ms-version: '2019-02-02'
    status:
      code: 201
      message: Created
<<<<<<< HEAD
    url: https://tablestestbluanwepmj6h4i.table.core.windows.net/Tables
=======
    url: https://pyacrstorageghacaclki5ok.table.core.windows.net/Tables
>>>>>>> 40774230c02233ce98169513320c19ccc2184174
- request:
    body: null
    headers:
      Accept:
      - application/json
      Date:
<<<<<<< HEAD
      - Mon, 28 Sep 2020 17:02:26 GMT
      User-Agent:
      - azsdk-python-data-tables/2019-07-07 Python/3.8.4 (Windows-10-10.0.19041-SP0)
      x-ms-date:
      - Mon, 28 Sep 2020 17:02:26 GMT
=======
      - Mon, 21 Sep 2020 22:27:15 GMT
      User-Agent:
      - azsdk-python-data-tables/12.0.0b2 Python/3.8.4 (Windows-10-10.0.19041-SP0)
      x-ms-date:
      - Mon, 21 Sep 2020 22:27:15 GMT
>>>>>>> 40774230c02233ce98169513320c19ccc2184174
      x-ms-version:
      - '2019-02-02'
    method: DELETE
    uri: https://tablesteststorname.table.core.windows.net/Tables('pytableasync5ef31618')
  response:
    body:
      string: ''
    headers:
      cache-control: no-cache
      content-length: '0'
<<<<<<< HEAD
      date: Mon, 28 Sep 2020 17:02:25 GMT
=======
      date: Mon, 21 Sep 2020 22:27:15 GMT
>>>>>>> 40774230c02233ce98169513320c19ccc2184174
      server: Windows-Azure-Table/1.0 Microsoft-HTTPAPI/2.0
      x-content-type-options: nosniff
      x-ms-version: '2019-02-02'
    status:
      code: 204
      message: No Content
<<<<<<< HEAD
    url: https://tablestestbluanwepmj6h4i.table.core.windows.net/Tables('pytableasync5ef31618')
=======
    url: https://pyacrstorageghacaclki5ok.table.core.windows.net/Tables('pytableasync5ef31618')
- request:
    body: null
    headers:
      Accept:
      - application/json;odata=minimalmetadata
      DataServiceVersion:
      - '3.0'
      Date:
      - Mon, 21 Sep 2020 22:27:15 GMT
      User-Agent:
      - azsdk-python-data-tables/12.0.0b2 Python/3.8.4 (Windows-10-10.0.19041-SP0)
      x-ms-date:
      - Mon, 21 Sep 2020 22:27:15 GMT
      x-ms-version:
      - '2019-02-02'
    method: GET
    uri: https://storagename.table.core.windows.net/Tables?$filter=TableName%20eq%20'pytableasync5ef31618'
  response:
    body:
      string: '{"odata.metadata":"https://storagename.table.core.windows.net/$metadata#Tables","value":[]}'
    headers:
      cache-control: no-cache
      content-type: application/json;odata=minimalmetadata;streaming=true;charset=utf-8
      date: Mon, 21 Sep 2020 22:27:15 GMT
      server: Windows-Azure-Table/1.0 Microsoft-HTTPAPI/2.0
      transfer-encoding: chunked
      x-content-type-options: nosniff
      x-ms-version: '2019-02-02'
    status:
      code: 200
      message: OK
    url: https://pyacrstorageghacaclki5ok.table.core.windows.net/Tables?$filter=TableName%20eq%20'pytableasync5ef31618'
>>>>>>> 40774230c02233ce98169513320c19ccc2184174
version: 1
