interactions:
- request:
    body: '{"TableName": "uttable5db41e0b"}'
    headers:
      Accept:
      - application/json;odata=minimalmetadata
      Accept-Encoding:
      - gzip, deflate
      Connection:
      - keep-alive
      Content-Length:
      - '32'
      Content-Type:
      - application/json;odata=nometadata
      DataServiceVersion:
      - '3.0'
      Date:
      - Fri, 18 Sep 2020 20:29:40 GMT
      User-Agent:
      - azsdk-python-data-tables/2019-07-07 Python/3.8.4 (Windows-10-10.0.19041-SP0)
      x-ms-date:
      - Fri, 18 Sep 2020 20:29:40 GMT
      x-ms-version:
      - '2019-07-07'
    method: POST
    uri: https://cosmostablescosmosname.table.cosmos.azure.com/Tables
  response:
    body:
      string: '{"TableName":"uttable5db41e0b","odata.metadata":"https://cosmostablescosmosname.table.cosmos.azure.com/$metadata#Tables/@Element"}'
    headers:
      content-type:
      - application/json;odata=minimalmetadata
      date:
      - Fri, 18 Sep 2020 20:29:41 GMT
      etag:
      - W/"datetime'2020-09-18T20%3A29%3A40.8904199Z'"
      location:
      - https://cosmostablescosmosname.table.cosmos.azure.com/Tables('uttable5db41e0b')
      server:
      - Microsoft-HTTPAPI/2.0
      transfer-encoding:
      - chunked
    status:
      code: 201
      message: Ok
- request:
    body: null
    headers:
      Accept:
      - '*/*'
      Accept-Encoding:
      - gzip, deflate
      Connection:
      - keep-alive
      Content-Length:
      - '0'
      Date:
      - Fri, 18 Sep 2020 20:29:41 GMT
      User-Agent:
      - azsdk-python-data-tables/2019-07-07 Python/3.8.4 (Windows-10-10.0.19041-SP0)
      x-ms-date:
      - Fri, 18 Sep 2020 20:29:41 GMT
      x-ms-version:
      - '2019-07-07'
    method: DELETE
    uri: https://cosmostablescosmosname.table.cosmos.azure.com/Tables('uttable5db41e0b')
  response:
    body:
      string: ''
    headers:
      content-length:
      - '0'
      date:
      - Fri, 18 Sep 2020 20:29:41 GMT
      server:
      - Microsoft-HTTPAPI/2.0
    status:
      code: 204
      message: No Content
- request:
    body: null
    headers:
      Accept:
      - application/json;odata=minimalmetadata
      Accept-Encoding:
      - gzip, deflate
      Connection:
      - keep-alive
      DataServiceVersion:
      - '3.0'
      Date:
      - Fri, 18 Sep 2020 20:29:41 GMT
      User-Agent:
      - azsdk-python-data-tables/2019-07-07 Python/3.8.4 (Windows-10-10.0.19041-SP0)
      x-ms-date:
      - Fri, 18 Sep 2020 20:29:41 GMT
      x-ms-version:
      - '2019-07-07'
    method: GET
    uri: https://cosmostablescosmosname.table.cosmos.azure.com/Tables
  response:
    body:
      string: '{"value":[],"odata.metadata":"https://cosmostablescosmosname.table.cosmos.azure.com/$metadata#Tables"}'
    headers:
      content-type:
      - application/json;odata=minimalmetadata
      date:
      - Fri, 18 Sep 2020 20:29:41 GMT
      server:
      - Microsoft-HTTPAPI/2.0
      transfer-encoding:
      - chunked
    status:
      code: 200
      message: Ok
version: 1
