{
  "Entries": [
    {
      "RequestUri": "https://fakeendpoint.table.core.windows.net/Tables",
      "RequestMethod": "POST",
      "RequestHeaders": {
        "Accept": "application/json;odata=minimalmetadata",
        "Accept-Encoding": "gzip, deflate",
        "Authorization": "Sanitized",
        "Content-Length": "35",
        "Content-Type": "application/json;odata=nometadata",
        "DataServiceVersion": "3.0",
        "Date": "Tue, 22 Mar 2022 15:08:49 GMT",
        "User-Agent": "azsdk-python-data-tables/12.2.1 Python/3.9.2 (Windows-10-10.0.22000-SP0)",
        "x-ms-client-request-id": "faa4df3a-a9f1-11ec-9f56-5cf37093a909",
        "x-ms-date": "Tue, 22 Mar 2022 15:08:49 GMT",
        "x-ms-version": "2019-02-02"
      },
      "RequestBody": {
        "TableName": "listtable0b4a4292a"
      },
      "StatusCode": 201,
      "ResponseHeaders": {
        "Cache-Control": "no-cache",
        "Content-Type": "application/json; odata=minimalmetadata; streaming=true; charset=utf-8",
        "Date": "Tue, 22 Mar 2022 15:08:48 GMT",
        "Location": "https://fakeendpoint.table.core.windows.net/Tables(\u0027listtable0b4a4292a\u0027)",
        "Server": [
          "Windows-Azure-Table/1.0",
          "Microsoft-HTTPAPI/2.0"
        ],
        "Transfer-Encoding": "chunked",
        "X-Content-Type-Options": "nosniff",
        "x-ms-client-request-id": "faa4df3a-a9f1-11ec-9f56-5cf37093a909",
        "x-ms-request-id": "9155ead3-9002-0022-1dfe-3db779000000",
        "x-ms-version": "2019-02-02"
      },
      "ResponseBody": {
        "odata.metadata": "https://fakeendpoint.table.core.windows.net/$metadata#Tables/@Element",
        "TableName": "listtable0b4a4292a"
      }
    },
    {
      "RequestUri": "https://fakeendpoint.table.core.windows.net/Tables",
      "RequestMethod": "POST",
      "RequestHeaders": {
        "Accept": "application/json;odata=minimalmetadata",
        "Accept-Encoding": "gzip, deflate",
        "Authorization": "Sanitized",
        "Content-Length": "35",
        "Content-Type": "application/json;odata=nometadata",
        "DataServiceVersion": "3.0",
        "Date": "Tue, 22 Mar 2022 15:08:49 GMT",
        "User-Agent": "azsdk-python-data-tables/12.2.1 Python/3.9.2 (Windows-10-10.0.22000-SP0)",
        "x-ms-client-request-id": "faaa33ab-a9f1-11ec-91f4-5cf37093a909",
        "x-ms-date": "Tue, 22 Mar 2022 15:08:49 GMT",
        "x-ms-version": "2019-02-02"
      },
      "RequestBody": {
        "TableName": "listtable1b4a4292a"
      },
      "StatusCode": 201,
      "ResponseHeaders": {
        "Cache-Control": "no-cache",
        "Content-Type": "application/json; odata=minimalmetadata; streaming=true; charset=utf-8",
        "Date": "Tue, 22 Mar 2022 15:08:48 GMT",
        "Location": "https://fakeendpoint.table.core.windows.net/Tables(\u0027listtable1b4a4292a\u0027)",
        "Server": [
          "Windows-Azure-Table/1.0",
          "Microsoft-HTTPAPI/2.0"
        ],
        "Transfer-Encoding": "chunked",
        "X-Content-Type-Options": "nosniff",
        "x-ms-client-request-id": "faaa33ab-a9f1-11ec-91f4-5cf37093a909",
        "x-ms-request-id": "9155eadb-9002-0022-22fe-3db779000000",
        "x-ms-version": "2019-02-02"
      },
      "ResponseBody": {
        "odata.metadata": "https://fakeendpoint.table.core.windows.net/$metadata#Tables/@Element",
        "TableName": "listtable1b4a4292a"
      }
    },
    {
      "RequestUri": "https://fakeendpoint.table.core.windows.net/Tables",
      "RequestMethod": "POST",
      "RequestHeaders": {
        "Accept": "application/json;odata=minimalmetadata",
        "Accept-Encoding": "gzip, deflate",
        "Authorization": "Sanitized",
        "Content-Length": "35",
        "Content-Type": "application/json;odata=nometadata",
        "DataServiceVersion": "3.0",
        "Date": "Tue, 22 Mar 2022 15:08:49 GMT",
        "User-Agent": "azsdk-python-data-tables/12.2.1 Python/3.9.2 (Windows-10-10.0.22000-SP0)",
        "x-ms-client-request-id": "faad0f16-a9f1-11ec-b4a3-5cf37093a909",
        "x-ms-date": "Tue, 22 Mar 2022 15:08:49 GMT",
        "x-ms-version": "2019-02-02"
      },
      "RequestBody": {
        "TableName": "listtable2b4a4292a"
      },
      "StatusCode": 201,
      "ResponseHeaders": {
        "Cache-Control": "no-cache",
        "Content-Type": "application/json; odata=minimalmetadata; streaming=true; charset=utf-8",
        "Date": "Tue, 22 Mar 2022 15:08:49 GMT",
        "Location": "https://fakeendpoint.table.core.windows.net/Tables(\u0027listtable2b4a4292a\u0027)",
        "Server": [
          "Windows-Azure-Table/1.0",
          "Microsoft-HTTPAPI/2.0"
        ],
        "Transfer-Encoding": "chunked",
        "X-Content-Type-Options": "nosniff",
        "x-ms-client-request-id": "faad0f16-a9f1-11ec-b4a3-5cf37093a909",
        "x-ms-request-id": "9155eae3-9002-0022-26fe-3db779000000",
        "x-ms-version": "2019-02-02"
      },
      "ResponseBody": {
        "odata.metadata": "https://fakeendpoint.table.core.windows.net/$metadata#Tables/@Element",
        "TableName": "listtable2b4a4292a"
      }
    },
    {
      "RequestUri": "https://fakeendpoint.table.core.windows.net/Tables",
      "RequestMethod": "POST",
      "RequestHeaders": {
        "Accept": "application/json;odata=minimalmetadata",
        "Accept-Encoding": "gzip, deflate",
        "Authorization": "Sanitized",
        "Content-Length": "35",
        "Content-Type": "application/json;odata=nometadata",
        "DataServiceVersion": "3.0",
        "Date": "Tue, 22 Mar 2022 15:08:49 GMT",
        "User-Agent": "azsdk-python-data-tables/12.2.1 Python/3.9.2 (Windows-10-10.0.22000-SP0)",
        "x-ms-client-request-id": "fab08f74-a9f1-11ec-a589-5cf37093a909",
        "x-ms-date": "Tue, 22 Mar 2022 15:08:49 GMT",
        "x-ms-version": "2019-02-02"
      },
      "RequestBody": {
        "TableName": "listtable3b4a4292a"
      },
      "StatusCode": 201,
      "ResponseHeaders": {
        "Cache-Control": "no-cache",
        "Content-Type": "application/json; odata=minimalmetadata; streaming=true; charset=utf-8",
        "Date": "Tue, 22 Mar 2022 15:08:49 GMT",
        "Location": "https://fakeendpoint.table.core.windows.net/Tables(\u0027listtable3b4a4292a\u0027)",
        "Server": [
          "Windows-Azure-Table/1.0",
          "Microsoft-HTTPAPI/2.0"
        ],
        "Transfer-Encoding": "chunked",
        "X-Content-Type-Options": "nosniff",
        "x-ms-client-request-id": "fab08f74-a9f1-11ec-a589-5cf37093a909",
        "x-ms-request-id": "9155eaed-9002-0022-2bfe-3db779000000",
        "x-ms-version": "2019-02-02"
      },
      "ResponseBody": {
        "odata.metadata": "https://fakeendpoint.table.core.windows.net/$metadata#Tables/@Element",
        "TableName": "listtable3b4a4292a"
      }
    },
    {
      "RequestUri": "https://fakeendpoint.table.core.windows.net/Tables?$top=2",
      "RequestMethod": "GET",
      "RequestHeaders": {
        "Accept": "application/json;odata=minimalmetadata",
        "Accept-Encoding": "gzip, deflate",
        "Authorization": "Sanitized",
        "DataServiceVersion": "3.0",
        "Date": "Tue, 22 Mar 2022 15:08:49 GMT",
        "User-Agent": "azsdk-python-data-tables/12.2.1 Python/3.9.2 (Windows-10-10.0.22000-SP0)",
        "x-ms-client-request-id": "fab3b51f-a9f1-11ec-8af9-5cf37093a909",
        "x-ms-date": "Tue, 22 Mar 2022 15:08:49 GMT",
        "x-ms-version": "2019-02-02"
      },
      "RequestBody": null,
      "StatusCode": 200,
      "ResponseHeaders": {
        "Cache-Control": "no-cache",
        "Content-Type": "application/json; odata=minimalmetadata; streaming=true; charset=utf-8",
        "Date": "Tue, 22 Mar 2022 15:08:49 GMT",
        "Server": [
          "Windows-Azure-Table/1.0",
          "Microsoft-HTTPAPI/2.0"
        ],
        "Transfer-Encoding": "chunked",
        "Vary": "Origin",
        "X-Content-Type-Options": "nosniff",
        "x-ms-client-request-id": "fab3b51f-a9f1-11ec-8af9-5cf37093a909",
        "x-ms-continuation-NextTableName": "1!48!bGlzdHRhYmxlMThmMDIyYjY5ATAxZDgzZGZlYmJlMjg1Y2U-",
        "x-ms-request-id": "9155eaf4-9002-0022-2ffe-3db779000000",
        "x-ms-version": "2019-02-02"
      },
      "ResponseBody": {
        "odata.metadata": "https://fakeendpoint.table.core.windows.net/$metadata#Tables",
        "value": [
          {
            "TableName": "listtable08f022b69"
          },
          {
            "TableName": "listtable0b4a4292a"
          }
        ]
      }
    },
    {
      "RequestUri": "https://fakeendpoint.table.core.windows.net/Tables?$top=2\u0026NextTableName=1!48!bGlzdHRhYmxlMThmMDIyYjY5ATAxZDgzZGZlYmJlMjg1Y2U-",
      "RequestMethod": "GET",
      "RequestHeaders": {
        "Accept": "application/json;odata=minimalmetadata",
        "Accept-Encoding": "gzip, deflate",
        "Authorization": "Sanitized",
        "DataServiceVersion": "3.0",
        "Date": "Tue, 22 Mar 2022 15:08:50 GMT",
        "User-Agent": "azsdk-python-data-tables/12.2.1 Python/3.9.2 (Windows-10-10.0.22000-SP0)",
        "x-ms-client-request-id": "fab5b532-a9f1-11ec-aaec-5cf37093a909",
        "x-ms-date": "Tue, 22 Mar 2022 15:08:50 GMT",
        "x-ms-version": "2019-02-02"
      },
      "RequestBody": null,
      "StatusCode": 200,
      "ResponseHeaders": {
        "Cache-Control": "no-cache",
        "Content-Type": "application/json; odata=minimalmetadata; streaming=true; charset=utf-8",
        "Date": "Tue, 22 Mar 2022 15:08:49 GMT",
        "Server": [
          "Windows-Azure-Table/1.0",
          "Microsoft-HTTPAPI/2.0"
        ],
        "Transfer-Encoding": "chunked",
        "Vary": "Origin",
        "X-Content-Type-Options": "nosniff",
        "x-ms-client-request-id": "fab5b532-a9f1-11ec-aaec-5cf37093a909",
        "x-ms-continuation-NextTableName": "1!48!bGlzdHRhYmxlMjhmMDIyYjY5ATAxZDgzZGZlYmJlNjU1ZDE-",
        "x-ms-request-id": "9155eaf9-9002-0022-33fe-3db779000000",
        "x-ms-version": "2019-02-02"
      },
      "ResponseBody": {
        "odata.metadata": "https://fakeendpoint.table.core.windows.net/$metadata#Tables",
        "value": [
          {
            "TableName": "listtable18f022b69"
          },
          {
            "TableName": "listtable1b4a4292a"
          }
        ]
      }
    }
  ],
  "Variables": {}
}
