{
  "Entries": [
    {
      "RequestUri": "https://fakeendpoint.table.core.windows.net/Tables",
      "RequestMethod": "POST",
      "RequestHeaders": {
        "Accept": "application/json;odata=minimalmetadata",
        "Accept-Encoding": "gzip, deflate",
        "Authorization": "Sanitized",
        "Connection": "keep-alive",
        "Content-Length": "32",
        "Content-Type": "application/json;odata=nometadata",
        "DataServiceVersion": "3.0",
        "Date": "Thu, 09 Dec 2021 00:59:43 GMT",
        "User-Agent": "azsdk-python-data-tables/12.2.1 Python/3.10.0 (Windows-10-10.0.22000-SP0)",
        "x-ms-client-request-id": "4b6dad74-588b-11ec-a679-c8348e51ab51",
        "x-ms-date": "Thu, 09 Dec 2021 00:59:43 GMT",
        "x-ms-version": "2019-02-02"
      },
      "RequestBody": "{\u0022TableName\u0022: \u0022uttablee76529b8\u0022}",
      "StatusCode": 201,
      "ResponseHeaders": {
        "Cache-Control": "no-cache",
        "Content-Type": "application/json; odata=minimalmetadata; streaming=true; charset=utf-8",
        "Date": "Thu, 09 Dec 2021 00:59:42 GMT",
        "Location": "https://fakeendpoint.table.core.windows.net/Tables(\u0027uttablee76529b8\u0027)",
        "Server": [
          "Windows-Azure-Table/1.0",
          "Microsoft-HTTPAPI/2.0"
        ],
        "Transfer-Encoding": "chunked",
        "X-Content-Type-Options": "nosniff",
        "x-ms-client-request-id": "4b6dad74-588b-11ec-a679-c8348e51ab51",
        "x-ms-request-id": "f03dbbf1-d002-0066-5f98-ec5dd8000000",
        "x-ms-version": "2019-02-02"
      },
      "ResponseBody": {
        "odata.metadata": "https://fakeendpoint.table.core.windows.net/$metadata#Tables/@Element",
        "TableName": "uttablee76529b8"
      }
    },
    {
      "RequestUri": "https://fakeendpoint.table.core.windows.net/uttablee76529b8",
      "RequestMethod": "POST",
      "RequestHeaders": {
        "Accept": "application/json;odata=minimalmetadata",
        "Accept-Encoding": "gzip, deflate",
        "Authorization": "Sanitized",
        "Connection": "keep-alive",
        "Content-Length": "144",
        "Content-Type": "application/json;odata=nometadata",
        "DataServiceVersion": "3.0",
        "Date": "Thu, 09 Dec 2021 00:59:43 GMT",
        "User-Agent": "azsdk-python-data-tables/12.2.1 Python/3.10.0 (Windows-10-10.0.22000-SP0)",
        "x-ms-client-request-id": "4ba088c3-588b-11ec-aa8e-c8348e51ab51",
        "x-ms-date": "Thu, 09 Dec 2021 00:59:43 GMT",
        "x-ms-version": "2019-02-02"
      },
      "RequestBody": "{\u0022PartitionKey\u0022: \u0022PK\u0022, \u0022PartitionKey@odata.type\u0022: \u0022Edm.String\u0022, \u0022RowKey\u0022: \u0022table@storage.com0\u0022, \u0022RowKey@odata.type\u0022: \u0022Edm.String\u0022, \u0022Value\u0022: 100}",
      "StatusCode": 201,
      "ResponseHeaders": {
        "Cache-Control": "no-cache",
        "Content-Type": "application/json; odata=minimalmetadata; streaming=true; charset=utf-8",
        "Date": "Thu, 09 Dec 2021 00:59:42 GMT",
        "ETag": "W/\u0022datetime\u00272021-12-09T00%3A59%3A42.790723Z\u0027\u0022",
        "Location": "https://fakeendpoint.table.core.windows.net/uttablee76529b8(PartitionKey=\u0027PK\u0027,RowKey=\u0027table%40storage.com0\u0027)",
        "Server": [
          "Windows-Azure-Table/1.0",
          "Microsoft-HTTPAPI/2.0"
        ],
        "Transfer-Encoding": "chunked",
        "X-Content-Type-Options": "nosniff",
        "x-ms-client-request-id": "4ba088c3-588b-11ec-aa8e-c8348e51ab51",
        "x-ms-request-id": "f03dbbf4-d002-0066-6098-ec5dd8000000",
        "x-ms-version": "2019-02-02"
      },
      "ResponseBody": {
        "odata.metadata": "https://fakeendpoint.table.core.windows.net/$metadata#uttablee76529b8/@Element",
        "odata.etag": "W/\u0022datetime\u00272021-12-09T00%3A59%3A42.790723Z\u0027\u0022",
        "PartitionKey": "PK",
        "RowKey": "table@storage.com0",
        "Timestamp": "2021-12-09T00:59:42.790723Z",
        "Value": 100
      }
    },
    {
      "RequestUri": "https://fakeendpoint.table.core.windows.net/uttablee76529b8",
      "RequestMethod": "POST",
      "RequestHeaders": {
        "Accept": "application/json;odata=minimalmetadata",
        "Accept-Encoding": "gzip, deflate",
        "Authorization": "Sanitized",
        "Connection": "keep-alive",
        "Content-Length": "145",
        "Content-Type": "application/json;odata=nometadata",
        "DataServiceVersion": "3.0",
        "Date": "Thu, 09 Dec 2021 00:59:43 GMT",
        "User-Agent": "azsdk-python-data-tables/12.2.1 Python/3.10.0 (Windows-10-10.0.22000-SP0)",
        "x-ms-client-request-id": "4bab85ea-588b-11ec-8ee7-c8348e51ab51",
        "x-ms-date": "Thu, 09 Dec 2021 00:59:43 GMT",
        "x-ms-version": "2019-02-02"
      },
      "RequestBody": "{\u0022PartitionKey\u0022: \u0022PK\u0022, \u0022PartitionKey@odata.type\u0022: \u0022Edm.String\u0022, \u0022RowKey\u0022: \u0022table@storage.com01\u0022, \u0022RowKey@odata.type\u0022: \u0022Edm.String\u0022, \u0022Value\u0022: 101}",
      "StatusCode": 201,
      "ResponseHeaders": {
        "Cache-Control": "no-cache",
        "Content-Type": "application/json; odata=minimalmetadata; streaming=true; charset=utf-8",
        "Date": "Thu, 09 Dec 2021 00:59:42 GMT",
        "ETag": "W/\u0022datetime\u00272021-12-09T00%3A59%3A42.8576845Z\u0027\u0022",
        "Location": "https://fakeendpoint.table.core.windows.net/uttablee76529b8(PartitionKey=\u0027PK\u0027,RowKey=\u0027table%40storage.com01\u0027)",
        "Server": [
          "Windows-Azure-Table/1.0",
          "Microsoft-HTTPAPI/2.0"
        ],
        "Transfer-Encoding": "chunked",
        "X-Content-Type-Options": "nosniff",
        "x-ms-client-request-id": "4bab85ea-588b-11ec-8ee7-c8348e51ab51",
        "x-ms-request-id": "f03dbbf6-d002-0066-6298-ec5dd8000000",
        "x-ms-version": "2019-02-02"
      },
      "ResponseBody": {
        "odata.metadata": "https://fakeendpoint.table.core.windows.net/$metadata#uttablee76529b8/@Element",
        "odata.etag": "W/\u0022datetime\u00272021-12-09T00%3A59%3A42.8576845Z\u0027\u0022",
        "PartitionKey": "PK",
        "RowKey": "table@storage.com01",
        "Timestamp": "2021-12-09T00:59:42.8576845Z",
        "Value": 101
      }
    },
    {
      "RequestUri": "https://fakeendpoint.table.core.windows.net/uttablee76529b8",
      "RequestMethod": "POST",
      "RequestHeaders": {
        "Accept": "application/json;odata=minimalmetadata",
        "Accept-Encoding": "gzip, deflate",
        "Authorization": "Sanitized",
        "Connection": "keep-alive",
        "Content-Length": "146",
        "Content-Type": "application/json;odata=nometadata",
        "DataServiceVersion": "3.0",
        "Date": "Thu, 09 Dec 2021 00:59:43 GMT",
        "User-Agent": "azsdk-python-data-tables/12.2.1 Python/3.10.0 (Windows-10-10.0.22000-SP0)",
        "x-ms-client-request-id": "4bb15709-588b-11ec-a1fd-c8348e51ab51",
        "x-ms-date": "Thu, 09 Dec 2021 00:59:43 GMT",
        "x-ms-version": "2019-02-02"
      },
      "RequestBody": "{\u0022PartitionKey\u0022: \u0022PK\u0022, \u0022PartitionKey@odata.type\u0022: \u0022Edm.String\u0022, \u0022RowKey\u0022: \u0022table@storage.com012\u0022, \u0022RowKey@odata.type\u0022: \u0022Edm.String\u0022, \u0022Value\u0022: 103}",
      "StatusCode": 201,
      "ResponseHeaders": {
        "Cache-Control": "no-cache",
        "Content-Type": "application/json; odata=minimalmetadata; streaming=true; charset=utf-8",
        "Date": "Thu, 09 Dec 2021 00:59:42 GMT",
        "ETag": "W/\u0022datetime\u00272021-12-09T00%3A59%3A42.9006601Z\u0027\u0022",
        "Location": "https://fakeendpoint.table.core.windows.net/uttablee76529b8(PartitionKey=\u0027PK\u0027,RowKey=\u0027table%40storage.com012\u0027)",
        "Server": [
          "Windows-Azure-Table/1.0",
          "Microsoft-HTTPAPI/2.0"
        ],
        "Transfer-Encoding": "chunked",
        "X-Content-Type-Options": "nosniff",
        "x-ms-client-request-id": "4bb15709-588b-11ec-a1fd-c8348e51ab51",
        "x-ms-request-id": "f03dbbf8-d002-0066-6498-ec5dd8000000",
        "x-ms-version": "2019-02-02"
      },
      "ResponseBody": {
        "odata.metadata": "https://fakeendpoint.table.core.windows.net/$metadata#uttablee76529b8/@Element",
        "odata.etag": "W/\u0022datetime\u00272021-12-09T00%3A59%3A42.9006601Z\u0027\u0022",
        "PartitionKey": "PK",
        "RowKey": "table@storage.com012",
        "Timestamp": "2021-12-09T00:59:42.9006601Z",
        "Value": 103
      }
    },
    {
      "RequestUri": "https://fakeendpoint.table.core.windows.net/uttablee76529b8",
      "RequestMethod": "POST",
      "RequestHeaders": {
        "Accept": "application/json;odata=minimalmetadata",
        "Accept-Encoding": "gzip, deflate",
        "Authorization": "Sanitized",
        "Connection": "keep-alive",
        "Content-Length": "147",
        "Content-Type": "application/json;odata=nometadata",
        "DataServiceVersion": "3.0",
        "Date": "Thu, 09 Dec 2021 00:59:43 GMT",
        "User-Agent": "azsdk-python-data-tables/12.2.1 Python/3.10.0 (Windows-10-10.0.22000-SP0)",
        "x-ms-client-request-id": "4bb7f094-588b-11ec-b9ea-c8348e51ab51",
        "x-ms-date": "Thu, 09 Dec 2021 00:59:43 GMT",
        "x-ms-version": "2019-02-02"
      },
      "RequestBody": "{\u0022PartitionKey\u0022: \u0022PK\u0022, \u0022PartitionKey@odata.type\u0022: \u0022Edm.String\u0022, \u0022RowKey\u0022: \u0022table@storage.com0123\u0022, \u0022RowKey@odata.type\u0022: \u0022Edm.String\u0022, \u0022Value\u0022: 106}",
      "StatusCode": 201,
      "ResponseHeaders": {
        "Cache-Control": "no-cache",
        "Content-Type": "application/json; odata=minimalmetadata; streaming=true; charset=utf-8",
        "Date": "Thu, 09 Dec 2021 00:59:42 GMT",
        "ETag": "W/\u0022datetime\u00272021-12-09T00%3A59%3A42.9456339Z\u0027\u0022",
        "Location": "https://fakeendpoint.table.core.windows.net/uttablee76529b8(PartitionKey=\u0027PK\u0027,RowKey=\u0027table%40storage.com0123\u0027)",
        "Server": [
          "Windows-Azure-Table/1.0",
          "Microsoft-HTTPAPI/2.0"
        ],
        "Transfer-Encoding": "chunked",
        "X-Content-Type-Options": "nosniff",
        "x-ms-client-request-id": "4bb7f094-588b-11ec-b9ea-c8348e51ab51",
        "x-ms-request-id": "f03dbbfb-d002-0066-6798-ec5dd8000000",
        "x-ms-version": "2019-02-02"
      },
      "ResponseBody": {
        "odata.metadata": "https://fakeendpoint.table.core.windows.net/$metadata#uttablee76529b8/@Element",
        "odata.etag": "W/\u0022datetime\u00272021-12-09T00%3A59%3A42.9456339Z\u0027\u0022",
        "PartitionKey": "PK",
        "RowKey": "table@storage.com0123",
        "Timestamp": "2021-12-09T00:59:42.9456339Z",
        "Value": 106
      }
    },
    {
      "RequestUri": "https://fakeendpoint.table.core.windows.net/uttablee76529b8",
      "RequestMethod": "POST",
      "RequestHeaders": {
        "Accept": "application/json;odata=minimalmetadata",
        "Accept-Encoding": "gzip, deflate",
        "Authorization": "Sanitized",
        "Connection": "keep-alive",
        "Content-Length": "148",
        "Content-Type": "application/json;odata=nometadata",
        "DataServiceVersion": "3.0",
        "Date": "Thu, 09 Dec 2021 00:59:43 GMT",
        "User-Agent": "azsdk-python-data-tables/12.2.1 Python/3.10.0 (Windows-10-10.0.22000-SP0)",
        "x-ms-client-request-id": "4bbee01d-588b-11ec-94dd-c8348e51ab51",
        "x-ms-date": "Thu, 09 Dec 2021 00:59:43 GMT",
        "x-ms-version": "2019-02-02"
      },
      "RequestBody": "{\u0022PartitionKey\u0022: \u0022PK\u0022, \u0022PartitionKey@odata.type\u0022: \u0022Edm.String\u0022, \u0022RowKey\u0022: \u0022table@storage.com01234\u0022, \u0022RowKey@odata.type\u0022: \u0022Edm.String\u0022, \u0022Value\u0022: 110}",
      "StatusCode": 201,
      "ResponseHeaders": {
        "Cache-Control": "no-cache",
        "Content-Type": "application/json; odata=minimalmetadata; streaming=true; charset=utf-8",
        "Date": "Thu, 09 Dec 2021 00:59:42 GMT",
        "ETag": "W/\u0022datetime\u00272021-12-09T00%3A59%3A42.9836114Z\u0027\u0022",
        "Location": "https://fakeendpoint.table.core.windows.net/uttablee76529b8(PartitionKey=\u0027PK\u0027,RowKey=\u0027table%40storage.com01234\u0027)",
        "Server": [
          "Windows-Azure-Table/1.0",
          "Microsoft-HTTPAPI/2.0"
        ],
        "Transfer-Encoding": "chunked",
        "X-Content-Type-Options": "nosniff",
        "x-ms-client-request-id": "4bbee01d-588b-11ec-94dd-c8348e51ab51",
        "x-ms-request-id": "f03dbbfe-d002-0066-6a98-ec5dd8000000",
        "x-ms-version": "2019-02-02"
      },
      "ResponseBody": {
        "odata.metadata": "https://fakeendpoint.table.core.windows.net/$metadata#uttablee76529b8/@Element",
        "odata.etag": "W/\u0022datetime\u00272021-12-09T00%3A59%3A42.9836114Z\u0027\u0022",
        "PartitionKey": "PK",
        "RowKey": "table@storage.com01234",
        "Timestamp": "2021-12-09T00:59:42.9836114Z",
        "Value": 110
      }
    },
    {
      "RequestUri": "https://fakeendpoint.table.core.windows.net/uttablee76529b8",
      "RequestMethod": "POST",
      "RequestHeaders": {
        "Accept": "application/json;odata=minimalmetadata",
        "Accept-Encoding": "gzip, deflate",
        "Authorization": "Sanitized",
        "Connection": "keep-alive",
        "Content-Length": "149",
        "Content-Type": "application/json;odata=nometadata",
        "DataServiceVersion": "3.0",
        "Date": "Thu, 09 Dec 2021 00:59:43 GMT",
        "User-Agent": "azsdk-python-data-tables/12.2.1 Python/3.10.0 (Windows-10-10.0.22000-SP0)",
        "x-ms-client-request-id": "4bc46d59-588b-11ec-81b9-c8348e51ab51",
        "x-ms-date": "Thu, 09 Dec 2021 00:59:43 GMT",
        "x-ms-version": "2019-02-02"
      },
      "RequestBody": "{\u0022PartitionKey\u0022: \u0022PK\u0022, \u0022PartitionKey@odata.type\u0022: \u0022Edm.String\u0022, \u0022RowKey\u0022: \u0022table@storage.com012345\u0022, \u0022RowKey@odata.type\u0022: \u0022Edm.String\u0022, \u0022Value\u0022: 115}",
      "StatusCode": 201,
      "ResponseHeaders": {
        "Cache-Control": "no-cache",
        "Content-Type": "application/json; odata=minimalmetadata; streaming=true; charset=utf-8",
        "Date": "Thu, 09 Dec 2021 00:59:42 GMT",
        "ETag": "W/\u0022datetime\u00272021-12-09T00%3A59%3A43.0265868Z\u0027\u0022",
        "Location": "https://fakeendpoint.table.core.windows.net/uttablee76529b8(PartitionKey=\u0027PK\u0027,RowKey=\u0027table%40storage.com012345\u0027)",
        "Server": [
          "Windows-Azure-Table/1.0",
          "Microsoft-HTTPAPI/2.0"
        ],
        "Transfer-Encoding": "chunked",
        "X-Content-Type-Options": "nosniff",
        "x-ms-client-request-id": "4bc46d59-588b-11ec-81b9-c8348e51ab51",
        "x-ms-request-id": "f03dbc00-d002-0066-6c98-ec5dd8000000",
        "x-ms-version": "2019-02-02"
      },
      "ResponseBody": {
        "odata.metadata": "https://fakeendpoint.table.core.windows.net/$metadata#uttablee76529b8/@Element",
        "odata.etag": "W/\u0022datetime\u00272021-12-09T00%3A59%3A43.0265868Z\u0027\u0022",
        "PartitionKey": "PK",
        "RowKey": "table@storage.com012345",
        "Timestamp": "2021-12-09T00:59:43.0265868Z",
        "Value": 115
      }
    },
    {
      "RequestUri": "https://fakeendpoint.table.core.windows.net/uttablee76529b8",
      "RequestMethod": "POST",
      "RequestHeaders": {
        "Accept": "application/json;odata=minimalmetadata",
        "Accept-Encoding": "gzip, deflate",
        "Authorization": "Sanitized",
        "Connection": "keep-alive",
        "Content-Length": "150",
        "Content-Type": "application/json;odata=nometadata",
        "DataServiceVersion": "3.0",
        "Date": "Thu, 09 Dec 2021 00:59:43 GMT",
        "User-Agent": "azsdk-python-data-tables/12.2.1 Python/3.10.0 (Windows-10-10.0.22000-SP0)",
        "x-ms-client-request-id": "4bcd6f0d-588b-11ec-b95e-c8348e51ab51",
        "x-ms-date": "Thu, 09 Dec 2021 00:59:43 GMT",
        "x-ms-version": "2019-02-02"
      },
      "RequestBody": "{\u0022PartitionKey\u0022: \u0022PK\u0022, \u0022PartitionKey@odata.type\u0022: \u0022Edm.String\u0022, \u0022RowKey\u0022: \u0022table@storage.com0123456\u0022, \u0022RowKey@odata.type\u0022: \u0022Edm.String\u0022, \u0022Value\u0022: 121}",
      "StatusCode": 201,
      "ResponseHeaders": {
        "Cache-Control": "no-cache",
        "Content-Type": "application/json; odata=minimalmetadata; streaming=true; charset=utf-8",
        "Date": "Thu, 09 Dec 2021 00:59:42 GMT",
        "ETag": "W/\u0022datetime\u00272021-12-09T00%3A59%3A43.1345242Z\u0027\u0022",
        "Location": "https://fakeendpoint.table.core.windows.net/uttablee76529b8(PartitionKey=\u0027PK\u0027,RowKey=\u0027table%40storage.com0123456\u0027)",
        "Server": [
          "Windows-Azure-Table/1.0",
          "Microsoft-HTTPAPI/2.0"
        ],
        "Transfer-Encoding": "chunked",
        "X-Content-Type-Options": "nosniff",
        "x-ms-client-request-id": "4bcd6f0d-588b-11ec-b95e-c8348e51ab51",
        "x-ms-request-id": "f03dbc02-d002-0066-6e98-ec5dd8000000",
        "x-ms-version": "2019-02-02"
      },
      "ResponseBody": {
        "odata.metadata": "https://fakeendpoint.table.core.windows.net/$metadata#uttablee76529b8/@Element",
        "odata.etag": "W/\u0022datetime\u00272021-12-09T00%3A59%3A43.1345242Z\u0027\u0022",
        "PartitionKey": "PK",
        "RowKey": "table@storage.com0123456",
        "Timestamp": "2021-12-09T00:59:43.1345242Z",
        "Value": 121
      }
    },
    {
      "RequestUri": "https://fakeendpoint.table.core.windows.net/uttablee76529b8",
      "RequestMethod": "POST",
      "RequestHeaders": {
        "Accept": "application/json;odata=minimalmetadata",
        "Accept-Encoding": "gzip, deflate",
        "Authorization": "Sanitized",
        "Connection": "keep-alive",
        "Content-Length": "151",
        "Content-Type": "application/json;odata=nometadata",
        "DataServiceVersion": "3.0",
        "Date": "Thu, 09 Dec 2021 00:59:43 GMT",
        "User-Agent": "azsdk-python-data-tables/12.2.1 Python/3.10.0 (Windows-10-10.0.22000-SP0)",
        "x-ms-client-request-id": "4bdb6bce-588b-11ec-b8cb-c8348e51ab51",
        "x-ms-date": "Thu, 09 Dec 2021 00:59:43 GMT",
        "x-ms-version": "2019-02-02"
      },
      "RequestBody": "{\u0022PartitionKey\u0022: \u0022PK\u0022, \u0022PartitionKey@odata.type\u0022: \u0022Edm.String\u0022, \u0022RowKey\u0022: \u0022table@storage.com01234567\u0022, \u0022RowKey@odata.type\u0022: \u0022Edm.String\u0022, \u0022Value\u0022: 128}",
      "StatusCode": 201,
      "ResponseHeaders": {
        "Cache-Control": "no-cache",
        "Content-Type": "application/json; odata=minimalmetadata; streaming=true; charset=utf-8",
        "Date": "Thu, 09 Dec 2021 00:59:42 GMT",
        "ETag": "W/\u0022datetime\u00272021-12-09T00%3A59%3A43.2194756Z\u0027\u0022",
        "Location": "https://fakeendpoint.table.core.windows.net/uttablee76529b8(PartitionKey=\u0027PK\u0027,RowKey=\u0027table%40storage.com01234567\u0027)",
        "Server": [
          "Windows-Azure-Table/1.0",
          "Microsoft-HTTPAPI/2.0"
        ],
        "Transfer-Encoding": "chunked",
        "X-Content-Type-Options": "nosniff",
        "x-ms-client-request-id": "4bdb6bce-588b-11ec-b8cb-c8348e51ab51",
        "x-ms-request-id": "f03dbc04-d002-0066-7098-ec5dd8000000",
        "x-ms-version": "2019-02-02"
      },
      "ResponseBody": {
        "odata.metadata": "https://fakeendpoint.table.core.windows.net/$metadata#uttablee76529b8/@Element",
        "odata.etag": "W/\u0022datetime\u00272021-12-09T00%3A59%3A43.2194756Z\u0027\u0022",
        "PartitionKey": "PK",
        "RowKey": "table@storage.com01234567",
        "Timestamp": "2021-12-09T00:59:43.2194756Z",
        "Value": 128
      }
    },
    {
      "RequestUri": "https://fakeendpoint.table.core.windows.net/uttablee76529b8",
      "RequestMethod": "POST",
      "RequestHeaders": {
        "Accept": "application/json;odata=minimalmetadata",
        "Accept-Encoding": "gzip, deflate",
        "Authorization": "Sanitized",
        "Connection": "keep-alive",
        "Content-Length": "152",
        "Content-Type": "application/json;odata=nometadata",
        "DataServiceVersion": "3.0",
        "Date": "Thu, 09 Dec 2021 00:59:43 GMT",
        "User-Agent": "azsdk-python-data-tables/12.2.1 Python/3.10.0 (Windows-10-10.0.22000-SP0)",
        "x-ms-client-request-id": "4be8aed7-588b-11ec-8a8f-c8348e51ab51",
        "x-ms-date": "Thu, 09 Dec 2021 00:59:43 GMT",
        "x-ms-version": "2019-02-02"
      },
      "RequestBody": "{\u0022PartitionKey\u0022: \u0022PK\u0022, \u0022PartitionKey@odata.type\u0022: \u0022Edm.String\u0022, \u0022RowKey\u0022: \u0022table@storage.com012345678\u0022, \u0022RowKey@odata.type\u0022: \u0022Edm.String\u0022, \u0022Value\u0022: 136}",
      "StatusCode": 201,
      "ResponseHeaders": {
        "Cache-Control": "no-cache",
        "Content-Type": "application/json; odata=minimalmetadata; streaming=true; charset=utf-8",
        "Date": "Thu, 09 Dec 2021 00:59:42 GMT",
        "ETag": "W/\u0022datetime\u00272021-12-09T00%3A59%3A43.3074245Z\u0027\u0022",
        "Location": "https://fakeendpoint.table.core.windows.net/uttablee76529b8(PartitionKey=\u0027PK\u0027,RowKey=\u0027table%40storage.com012345678\u0027)",
        "Server": [
          "Windows-Azure-Table/1.0",
          "Microsoft-HTTPAPI/2.0"
        ],
        "Transfer-Encoding": "chunked",
        "X-Content-Type-Options": "nosniff",
        "x-ms-client-request-id": "4be8aed7-588b-11ec-8a8f-c8348e51ab51",
        "x-ms-request-id": "f03dbc07-d002-0066-7398-ec5dd8000000",
        "x-ms-version": "2019-02-02"
      },
      "ResponseBody": {
        "odata.metadata": "https://fakeendpoint.table.core.windows.net/$metadata#uttablee76529b8/@Element",
        "odata.etag": "W/\u0022datetime\u00272021-12-09T00%3A59%3A43.3074245Z\u0027\u0022",
        "PartitionKey": "PK",
        "RowKey": "table@storage.com012345678",
        "Timestamp": "2021-12-09T00:59:43.3074245Z",
        "Value": 136
      }
    },
    {
      "RequestUri": "https://fakeendpoint.table.core.windows.net/uttablee76529b8",
      "RequestMethod": "POST",
      "RequestHeaders": {
        "Accept": "application/json;odata=minimalmetadata",
        "Accept-Encoding": "gzip, deflate",
        "Authorization": "Sanitized",
        "Connection": "keep-alive",
        "Content-Length": "153",
        "Content-Type": "application/json;odata=nometadata",
        "DataServiceVersion": "3.0",
        "Date": "Thu, 09 Dec 2021 00:59:43 GMT",
        "User-Agent": "azsdk-python-data-tables/12.2.1 Python/3.10.0 (Windows-10-10.0.22000-SP0)",
        "x-ms-client-request-id": "4bf556e2-588b-11ec-a22d-c8348e51ab51",
        "x-ms-date": "Thu, 09 Dec 2021 00:59:43 GMT",
        "x-ms-version": "2019-02-02"
      },
      "RequestBody": "{\u0022PartitionKey\u0022: \u0022PK\u0022, \u0022PartitionKey@odata.type\u0022: \u0022Edm.String\u0022, \u0022RowKey\u0022: \u0022table@storage.com0123456789\u0022, \u0022RowKey@odata.type\u0022: \u0022Edm.String\u0022, \u0022Value\u0022: 145}",
      "StatusCode": 201,
      "ResponseHeaders": {
        "Cache-Control": "no-cache",
        "Content-Type": "application/json; odata=minimalmetadata; streaming=true; charset=utf-8",
        "Date": "Thu, 09 Dec 2021 00:59:42 GMT",
        "ETag": "W/\u0022datetime\u00272021-12-09T00%3A59%3A43.387378Z\u0027\u0022",
        "Location": "https://fakeendpoint.table.core.windows.net/uttablee76529b8(PartitionKey=\u0027PK\u0027,RowKey=\u0027table%40storage.com0123456789\u0027)",
        "Server": [
          "Windows-Azure-Table/1.0",
          "Microsoft-HTTPAPI/2.0"
        ],
        "Transfer-Encoding": "chunked",
        "X-Content-Type-Options": "nosniff",
        "x-ms-client-request-id": "4bf556e2-588b-11ec-a22d-c8348e51ab51",
        "x-ms-request-id": "f03dbc09-d002-0066-7598-ec5dd8000000",
        "x-ms-version": "2019-02-02"
      },
      "ResponseBody": {
        "odata.metadata": "https://fakeendpoint.table.core.windows.net/$metadata#uttablee76529b8/@Element",
        "odata.etag": "W/\u0022datetime\u00272021-12-09T00%3A59%3A43.387378Z\u0027\u0022",
        "PartitionKey": "PK",
        "RowKey": "table@storage.com0123456789",
        "Timestamp": "2021-12-09T00:59:43.387378Z",
        "Value": 145
      }
    },
    {
      "RequestUri": "https://fakeendpoint.table.core.windows.net/uttablee76529b8()?$filter=RowKey eq %27table%40storage.com0123456789%27",
      "RequestMethod": "GET",
      "RequestHeaders": {
        "Accept": "application/json;odata=minimalmetadata",
        "Accept-Encoding": "gzip, deflate",
        "Authorization": "Sanitized",
        "Connection": "keep-alive",
        "DataServiceVersion": "3.0",
        "Date": "Thu, 09 Dec 2021 00:59:44 GMT",
        "User-Agent": "azsdk-python-data-tables/12.2.1 Python/3.10.0 (Windows-10-10.0.22000-SP0)",
        "x-ms-client-request-id": "4c01add5-588b-11ec-9f69-c8348e51ab51",
        "x-ms-date": "Thu, 09 Dec 2021 00:59:44 GMT",
        "x-ms-version": "2019-02-02"
      },
      "RequestBody": null,
      "StatusCode": 200,
      "ResponseHeaders": {
        "Cache-Control": "no-cache",
        "Content-Type": "application/json; odata=minimalmetadata; streaming=true; charset=utf-8",
        "Date": "Thu, 09 Dec 2021 00:59:42 GMT",
        "Server": [
          "Windows-Azure-Table/1.0",
          "Microsoft-HTTPAPI/2.0"
        ],
        "Transfer-Encoding": "chunked",
        "X-Content-Type-Options": "nosniff",
        "x-ms-client-request-id": "4c01add5-588b-11ec-9f69-c8348e51ab51",
        "x-ms-request-id": "f03dbc0a-d002-0066-7698-ec5dd8000000",
        "x-ms-version": "2019-02-02"
      },
      "ResponseBody": {
        "odata.metadata": "https://fakeendpoint.table.core.windows.net/$metadata#uttablee76529b8",
        "value": [
          {
            "odata.etag": "W/\u0022datetime\u00272021-12-09T00%3A59%3A43.387378Z\u0027\u0022",
            "PartitionKey": "PK",
            "RowKey": "table@storage.com0123456789",
            "Timestamp": "2021-12-09T00:59:43.387378Z",
            "Value": 145
          }
        ]
      }
    },
    {
      "RequestUri": "https://fakeendpoint.table.core.windows.net/uttablee76529b8(PartitionKey=\u0027PK\u0027,RowKey=\u0027table%40storage.com0123456789\u0027)",
      "RequestMethod": "DELETE",
      "RequestHeaders": {
        "Accept": "application/json;odata=minimalmetadata",
        "Accept-Encoding": "gzip, deflate",
        "Authorization": "Sanitized",
        "Connection": "keep-alive",
        "Content-Length": "0",
        "DataServiceVersion": "3.0",
        "Date": "Thu, 09 Dec 2021 00:59:44 GMT",
        "If-Match": "*",
        "User-Agent": "azsdk-python-data-tables/12.2.1 Python/3.10.0 (Windows-10-10.0.22000-SP0)",
        "x-ms-client-request-id": "4c074d91-588b-11ec-8455-c8348e51ab51",
        "x-ms-date": "Thu, 09 Dec 2021 00:59:44 GMT",
        "x-ms-version": "2019-02-02"
      },
      "RequestBody": null,
      "StatusCode": 204,
      "ResponseHeaders": {
        "Cache-Control": "no-cache",
        "Content-Length": "0",
        "Date": "Thu, 09 Dec 2021 00:59:43 GMT",
        "Server": [
          "Windows-Azure-Table/1.0",
          "Microsoft-HTTPAPI/2.0"
        ],
        "X-Content-Type-Options": "nosniff",
        "x-ms-client-request-id": "4c074d91-588b-11ec-8455-c8348e51ab51",
        "x-ms-request-id": "f03dbc0c-d002-0066-7898-ec5dd8000000",
        "x-ms-version": "2019-02-02"
      },
      "ResponseBody": null
    },
    {
      "RequestUri": "https://fakeendpoint.table.core.windows.net/uttablee76529b8()?$filter=RowKey eq %27table%40storage.com0123456789%27",
      "RequestMethod": "GET",
      "RequestHeaders": {
        "Accept": "application/json;odata=minimalmetadata",
        "Accept-Encoding": "gzip, deflate",
        "Authorization": "Sanitized",
        "Connection": "keep-alive",
        "DataServiceVersion": "3.0",
        "Date": "Thu, 09 Dec 2021 00:59:44 GMT",
        "User-Agent": "azsdk-python-data-tables/12.2.1 Python/3.10.0 (Windows-10-10.0.22000-SP0)",
        "x-ms-client-request-id": "4c0da9a1-588b-11ec-86c9-c8348e51ab51",
        "x-ms-date": "Thu, 09 Dec 2021 00:59:44 GMT",
        "x-ms-version": "2019-02-02"
      },
      "RequestBody": null,
      "StatusCode": 200,
      "ResponseHeaders": {
        "Cache-Control": "no-cache",
        "Content-Type": "application/json; odata=minimalmetadata; streaming=true; charset=utf-8",
        "Date": "Thu, 09 Dec 2021 00:59:43 GMT",
        "Server": [
          "Windows-Azure-Table/1.0",
          "Microsoft-HTTPAPI/2.0"
        ],
        "Transfer-Encoding": "chunked",
        "X-Content-Type-Options": "nosniff",
        "x-ms-client-request-id": "4c0da9a1-588b-11ec-86c9-c8348e51ab51",
        "x-ms-request-id": "f03dbc0d-d002-0066-7998-ec5dd8000000",
        "x-ms-version": "2019-02-02"
      },
      "ResponseBody": {
        "odata.metadata": "https://fakeendpoint.table.core.windows.net/$metadata#uttablee76529b8",
        "value": []
      }
    },
    {
      "RequestUri": "https://fakeendpoint.table.core.windows.net/Tables",
      "RequestMethod": "GET",
      "RequestHeaders": {
        "Accept": "application/json;odata=minimalmetadata",
        "Accept-Encoding": "gzip, deflate",
        "Authorization": "Sanitized",
        "Connection": "keep-alive",
        "DataServiceVersion": "3.0",
        "Date": "Thu, 09 Dec 2021 00:59:44 GMT",
        "User-Agent": "azsdk-python-data-tables/12.2.1 Python/3.10.0 (Windows-10-10.0.22000-SP0)",
        "x-ms-client-request-id": "4c14520d-588b-11ec-bf4c-c8348e51ab51",
        "x-ms-date": "Thu, 09 Dec 2021 00:59:44 GMT",
        "x-ms-version": "2019-02-02"
      },
      "RequestBody": null,
      "StatusCode": 200,
      "ResponseHeaders": {
        "Cache-Control": "no-cache",
        "Content-Type": "application/json; odata=minimalmetadata; streaming=true; charset=utf-8",
        "Date": "Thu, 09 Dec 2021 00:59:43 GMT",
        "Server": [
          "Windows-Azure-Table/1.0",
          "Microsoft-HTTPAPI/2.0"
        ],
        "Transfer-Encoding": "chunked",
        "X-Content-Type-Options": "nosniff",
        "x-ms-client-request-id": "4c14520d-588b-11ec-bf4c-c8348e51ab51",
        "x-ms-request-id": "f03dbc14-d002-0066-8098-ec5dd8000000",
        "x-ms-version": "2019-02-02"
      },
      "ResponseBody": {
        "odata.metadata": "https://fakeendpoint.table.core.windows.net/$metadata#Tables",
        "value": [
          {
            "TableName": "uttablee76529b8"
          }
        ]
      }
    },
    {
      "RequestUri": "https://fakeendpoint.table.core.windows.net/Tables(\u0027uttablee76529b8\u0027)",
      "RequestMethod": "DELETE",
      "RequestHeaders": {
        "Accept": "application/json",
        "Accept-Encoding": "gzip, deflate",
        "Authorization": "Sanitized",
        "Connection": "keep-alive",
        "Content-Length": "0",
        "Date": "Thu, 09 Dec 2021 00:59:44 GMT",
        "User-Agent": "azsdk-python-data-tables/12.2.1 Python/3.10.0 (Windows-10-10.0.22000-SP0)",
        "x-ms-client-request-id": "4c1acde7-588b-11ec-b0c0-c8348e51ab51",
        "x-ms-date": "Thu, 09 Dec 2021 00:59:44 GMT",
        "x-ms-version": "2019-02-02"
      },
      "RequestBody": null,
      "StatusCode": 204,
      "ResponseHeaders": {
        "Cache-Control": "no-cache",
        "Content-Length": "0",
        "Date": "Thu, 09 Dec 2021 00:59:43 GMT",
        "Server": [
          "Windows-Azure-Table/1.0",
          "Microsoft-HTTPAPI/2.0"
        ],
        "X-Content-Type-Options": "nosniff",
        "x-ms-client-request-id": "4c1acde7-588b-11ec-b0c0-c8348e51ab51",
        "x-ms-request-id": "f03dbc19-d002-0066-0598-ec5dd8000000",
        "x-ms-version": "2019-02-02"
      },
      "ResponseBody": null
    }
  ],
  "Variables": {}
}
