interactions:
- request:
    body: '{"TableName": "uttablebf5d1327"}'
    headers:
      Accept:
      - application/json;odata=minimalmetadata
      Accept-Encoding:
      - gzip, deflate
      Connection:
      - keep-alive
      Content-Length:
      - '32'
      Content-Type:
      - application/json;odata=nometadata
      DataServiceVersion:
      - '3.0'
      Date:
      - Sat, 05 Sep 2020 00:18:00 GMT
      User-Agent:
      - azsdk-python-data-tables/12.0.0b1 Python/3.8.4 (Windows-10-10.0.19041-SP0)
      x-ms-date:
      - Sat, 05 Sep 2020 00:18:00 GMT
      x-ms-version:
      - '2019-02-02'
    method: POST
    uri: https://storagename.table.core.windows.net/Tables
  response:
    body:
      string: '{"odata.metadata":"https://storagename.table.core.windows.net/$metadata#Tables/@Element","TableName":"uttablebf5d1327"}'
    headers:
      cache-control:
      - no-cache
      content-type:
      - application/json;odata=minimalmetadata;streaming=true;charset=utf-8
      date:
      - Sat, 05 Sep 2020 00:18:00 GMT
      location:
      - https://storagename.table.core.windows.net/Tables('uttablebf5d1327')
      server:
      - Windows-Azure-Table/1.0 Microsoft-HTTPAPI/2.0
      transfer-encoding:
      - chunked
      x-content-type-options:
      - nosniff
      x-ms-version:
      - '2019-02-02'
    status:
      code: 201
      message: Created
- request:
    body: null
    headers:
      Accept:
      - application/json;odata=minimalmetadata
      Accept-Encoding:
      - gzip, deflate
      Connection:
      - keep-alive
      DataServiceVersion:
      - '3.0'
      Date:
      - Sat, 05 Sep 2020 00:18:00 GMT
      User-Agent:
      - azsdk-python-data-tables/12.0.0b1 Python/3.8.4 (Windows-10-10.0.19041-SP0)
      x-ms-date:
      - Sat, 05 Sep 2020 00:18:00 GMT
      x-ms-version:
      - '2019-02-02'
    method: GET
    uri: https://storagename.table.core.windows.net/uttablebf5d1327(PartitionKey='pkbf5d1327',RowKey='rkbf5d1327')
  response:
    body:
      string: '{"odata.error":{"code":"ResourceNotFound","message":{"lang":"en-US","value":"The
        specified resource does not exist.\nRequestId:fe309e10-d002-0054-141a-836cbd000000\nTime:2020-09-05T00:18:00.7865736Z"}}}'
    headers:
      cache-control:
      - no-cache
      content-type:
      - application/json;odata=minimalmetadata;streaming=true;charset=utf-8
      date:
      - Sat, 05 Sep 2020 00:18:00 GMT
      server:
      - Windows-Azure-Table/1.0 Microsoft-HTTPAPI/2.0
      transfer-encoding:
      - chunked
      x-content-type-options:
      - nosniff
      x-ms-version:
      - '2019-02-02'
    status:
      code: 404
      message: Not Found
- request:
    body: null
    headers:
      Accept:
      - application/json
      Accept-Encoding:
      - gzip, deflate
      Connection:
      - keep-alive
      Content-Length:
      - '0'
      Date:
      - Sat, 05 Sep 2020 00:18:00 GMT
      User-Agent:
      - azsdk-python-data-tables/12.0.0b1 Python/3.8.4 (Windows-10-10.0.19041-SP0)
      x-ms-date:
      - Sat, 05 Sep 2020 00:18:00 GMT
      x-ms-version:
      - '2019-02-02'
    method: DELETE
    uri: https://storagename.table.core.windows.net/Tables('uttablebf5d1327')
  response:
    body:
      string: ''
    headers:
      cache-control:
      - no-cache
      content-length:
      - '0'
      date:
      - Sat, 05 Sep 2020 00:18:00 GMT
      server:
      - Windows-Azure-Table/1.0 Microsoft-HTTPAPI/2.0
      x-content-type-options:
      - nosniff
      x-ms-version:
      - '2019-02-02'
    status:
      code: 204
      message: No Content
version: 1
