interactions:
- request:
    body: '{"TableName": "uttablefd871474"}'
    headers:
      Accept:
      - application/json;odata=minimalmetadata
      Accept-Encoding:
      - gzip, deflate
      Connection:
      - keep-alive
      Content-Length:
      - '32'
      Content-Type:
      - application/json;odata=nometadata
      DataServiceVersion:
      - '3.0'
      Date:
      - Thu, 17 Sep 2020 22:33:00 GMT
      User-Agent:
      - azsdk-python-data-tables/2019-07-07 Python/3.8.4 (Windows-10-10.0.19041-SP0)
      x-ms-date:
      - Thu, 17 Sep 2020 22:33:00 GMT
      x-ms-version:
      - '2019-07-07'
    method: POST
    uri: https://cosmostablescosmosname.table.cosmos.azure.com/Tables
  response:
    body:
      string: '{"TableName":"uttablefd871474","odata.metadata":"https://cosmostablescosmosname.table.cosmos.azure.com/$metadata#Tables/@Element"}'
    headers:
      content-type:
      - application/json;odata=minimalmetadata
      date:
      - Thu, 17 Sep 2020 22:33:00 GMT
      etag:
      - W/"datetime'2020-09-17T22%3A33%3A01.3062663Z'"
      location:
      - https://cosmostablescosmosname.table.cosmos.azure.com/Tables('uttablefd871474')
      server:
      - Microsoft-HTTPAPI/2.0
      transfer-encoding:
      - chunked
    status:
      code: 201
      message: Ok
- request:
    body: '{"PartitionKey": "pkfd871474", "RowKey": "rkfd871474"}'
    headers:
      Accept:
      - application/json;odata=minimalmetadata
      Accept-Encoding:
      - gzip, deflate
      Connection:
      - keep-alive
      Content-Length:
      - '54'
      Content-Type:
      - application/json;odata=nometadata
      DataServiceVersion:
      - '3.0'
      Date:
      - Thu, 17 Sep 2020 22:33:01 GMT
      User-Agent:
      - azsdk-python-data-tables/2019-07-07 Python/3.8.4 (Windows-10-10.0.19041-SP0)
      x-ms-date:
      - Thu, 17 Sep 2020 22:33:01 GMT
      x-ms-version:
      - '2019-07-07'
    method: POST
    uri: https://cosmostablescosmosname.table.cosmos.azure.com/uttablefd871474
  response:
    body:
      string: '{"odata.metadata":"https://cosmostablescosmosname.table.cosmos.azure.com/uttablefd871474/$metadata#uttablefd871474/@Element","odata.etag":"W/\"datetime''2020-09-17T22%3A33%3A01.7054215Z''\"","PartitionKey":"pkfd871474","RowKey":"rkfd871474","Timestamp":"2020-09-17T22:33:01.7054215Z"}'
    headers:
      content-type:
      - application/json;odata=minimalmetadata
      date:
      - Thu, 17 Sep 2020 22:33:01 GMT
      etag:
      - W/"datetime'2020-09-17T22%3A33%3A01.7054215Z'"
      location:
      - https://cosmostablescosmosname.table.cosmos.azure.com/uttablefd871474(PartitionKey='pkfd871474',RowKey='rkfd871474')
      server:
      - Microsoft-HTTPAPI/2.0
      transfer-encoding:
      - chunked
    status:
      code: 201
      message: Created
- request:
    body: null
    headers:
      Accept:
      - application/json;odata=minimalmetadata
      Accept-Encoding:
      - gzip, deflate
      Connection:
      - keep-alive
      DataServiceVersion:
      - '3.0'
      Date:
      - Thu, 17 Sep 2020 22:33:01 GMT
      User-Agent:
      - azsdk-python-data-tables/2019-07-07 Python/3.8.4 (Windows-10-10.0.19041-SP0)
      x-ms-date:
      - Thu, 17 Sep 2020 22:33:01 GMT
      x-ms-version:
      - '2019-07-07'
    method: GET
    uri: https://cosmostablescosmosname.table.cosmos.azure.com/uttablefd871474(PartitionKey='pkfd871474',RowKey='rkfd871474')
  response:
    body:
      string: '{"odata.metadata":"https://cosmostablescosmosname.table.cosmos.azure.com/uttablefd871474/$metadata#uttablefd871474/@Element","odata.etag":"W/\"datetime''2020-09-17T22%3A33%3A01.7054215Z''\"","PartitionKey":"pkfd871474","RowKey":"rkfd871474","Timestamp":"2020-09-17T22:33:01.7054215Z"}'
    headers:
      content-type:
      - application/json;odata=minimalmetadata
      date:
      - Thu, 17 Sep 2020 22:33:01 GMT
      etag:
      - W/"datetime'2020-09-17T22%3A33%3A01.7054215Z'"
      server:
      - Microsoft-HTTPAPI/2.0
      transfer-encoding:
      - chunked
    status:
      code: 200
      message: Ok
- request:
    body: null
    headers:
      Accept:
      - '*/*'
      Accept-Encoding:
      - gzip, deflate
      Connection:
      - keep-alive
      Content-Length:
      - '0'
      Date:
      - Thu, 17 Sep 2020 22:33:01 GMT
      User-Agent:
      - azsdk-python-data-tables/2019-07-07 Python/3.8.4 (Windows-10-10.0.19041-SP0)
      x-ms-date:
      - Thu, 17 Sep 2020 22:33:01 GMT
      x-ms-version:
      - '2019-07-07'
    method: DELETE
    uri: https://cosmostablescosmosname.table.cosmos.azure.com/Tables('uttablefd871474')
  response:
    body:
      string: ''
    headers:
      content-length:
      - '0'
      date:
      - Thu, 17 Sep 2020 22:33:01 GMT
      server:
      - Microsoft-HTTPAPI/2.0
    status:
      code: 204
      message: No Content
- request:
    body: null
    headers:
      Accept:
      - application/json;odata=minimalmetadata
      Accept-Encoding:
      - gzip, deflate
      Connection:
      - keep-alive
      DataServiceVersion:
      - '3.0'
      Date:
      - Thu, 17 Sep 2020 22:33:01 GMT
      User-Agent:
      - azsdk-python-data-tables/2019-07-07 Python/3.8.4 (Windows-10-10.0.19041-SP0)
      x-ms-date:
      - Thu, 17 Sep 2020 22:33:01 GMT
      x-ms-version:
      - '2019-07-07'
    method: GET
    uri: https://cosmostablescosmosname.table.cosmos.azure.com/Tables
  response:
    body:
      string: '{"value":[],"odata.metadata":"https://cosmostablescosmosname.table.cosmos.azure.com/$metadata#Tables"}'
    headers:
      content-type:
      - application/json;odata=minimalmetadata
      date:
      - Thu, 17 Sep 2020 22:33:01 GMT
      server:
      - Microsoft-HTTPAPI/2.0
      transfer-encoding:
      - chunked
    status:
      code: 200
      message: Ok
version: 1
