interactions:
- request:
    body: '{"TableName": "uttable2c1a19da"}'
    headers:
      Accept:
      - application/json;odata=minimalmetadata
      Content-Length:
      - '32'
      Content-Type:
      - application/json;odata=nometadata
      DataServiceVersion:
      - '3.0'
      Date:
      - Wed, 23 Sep 2020 23:36:32 GMT
      User-Agent:
      - azsdk-python-data-tables/2019-07-07 Python/3.8.4 (Windows-10-10.0.19041-SP0)
      x-ms-date:
      - Wed, 23 Sep 2020 23:36:32 GMT
      x-ms-version:
      - '2019-07-07'
    method: POST
    uri: https://cosmostest.table.cosmos.azure.com/Tables
  response:
    body:
      string: '{"TableName":"uttable2c1a19da","odata.metadata":"https://cosmostest.table.cosmos.azure.com/$metadata#Tables/@Element"}'
    headers:
      content-type: application/json;odata=minimalmetadata
      date: Wed, 23 Sep 2020 23:36:32 GMT
      etag: W/"datetime'2020-09-23T23%3A36%3A32.3855367Z'"
      location: https://cosmostest.table.cosmos.azure.com/Tables('uttable2c1a19da')
      server: Microsoft-HTTPAPI/2.0
      transfer-encoding: chunked
    status:
      code: 201
      message: Ok
    url: https://cosmostables4c3215c8.table.cosmos.azure.com/Tables
- request:
    body: '{"PartitionKey": "pk2c1a19da", "RowKey": "rk2c1a19da", "age": "abc", "sex":
      "female", "sign": "aquarius", "birthday": "1991-10-04T00:00:00Z", "birthday@odata.type":
      "Edm.DateTime"}'
    headers:
      Content-Length:
      - '180'
      Content-Type:
      - application/json
      DataServiceVersion:
      - '3.0'
      Date:
      - Wed, 23 Sep 2020 23:36:32 GMT
      If-Match:
      - '*'
      User-Agent:
      - azsdk-python-data-tables/2019-07-07 Python/3.8.4 (Windows-10-10.0.19041-SP0)
      x-ms-date:
      - Wed, 23 Sep 2020 23:36:32 GMT
      x-ms-version:
      - '2019-07-07'
    method: PUT
    uri: https://cosmostest.table.cosmos.azure.com/uttable2c1a19da(PartitionKey='pk2c1a19da',RowKey='rk2c1a19da')
  response:
    body:
      string: "{\"odata.error\":{\"code\":\"ResourceNotFound\",\"message\":{\"lang\":\"en-us\",\"value\":\"The
        specified resource does not exist.\\nRequestID:9ce17d6b-fdf5-11ea-a9c0-58961df361d1\\n\"}}}\r\n"
    headers:
      content-type: application/json;odata=fullmetadata
      date: Wed, 23 Sep 2020 23:36:32 GMT
      server: Microsoft-HTTPAPI/2.0
      transfer-encoding: chunked
    status:
      code: 404
      message: Not Found
    url: https://cosmostables4c3215c8.table.cosmos.azure.com/uttable2c1a19da(PartitionKey='pk2c1a19da',RowKey='rk2c1a19da')
- request:
    body: null
    headers:
      Date:
      - Wed, 23 Sep 2020 23:36:33 GMT
      User-Agent:
      - azsdk-python-data-tables/2019-07-07 Python/3.8.4 (Windows-10-10.0.19041-SP0)
      x-ms-date:
      - Wed, 23 Sep 2020 23:36:33 GMT
      x-ms-version:
      - '2019-07-07'
    method: DELETE
    uri: https://cosmostest.table.cosmos.azure.com/Tables('uttable2c1a19da')
  response:
    body:
      string: ''
    headers:
      content-length: '0'
      date: Wed, 23 Sep 2020 23:36:32 GMT
      server: Microsoft-HTTPAPI/2.0
    status:
      code: 204
      message: No Content
    url: https://cosmostables4c3215c8.table.cosmos.azure.com/Tables('uttable2c1a19da')
version: 1
