interactions:
- request:
    body: '{"TableName": "uttablebeb51fb9"}'
    headers:
      Accept:
      - application/json;odata=minimalmetadata
      Content-Length:
      - '32'
      Content-Type:
      - application/json;odata=nometadata
      DataServiceVersion:
      - '3.0'
      Date:
      - Wed, 02 Sep 2020 21:17:22 GMT
      User-Agent:
      - azsdk-python-data-tables/12.0.0b1 Python/3.8.4 (Windows-10-10.0.19041-SP0)
      x-ms-date:
      - Wed, 02 Sep 2020 21:17:22 GMT
      x-ms-version:
      - '2019-02-02'
    method: POST
    uri: https://storagename.table.core.windows.net/Tables
  response:
    body:
      string: '{"odata.metadata":"https://storagename.table.core.windows.net/$metadata#Tables/@Element","TableName":"uttablebeb51fb9"}'
    headers:
      cache-control: no-cache
      content-type: application/json;odata=minimalmetadata;streaming=true;charset=utf-8
      date: Wed, 02 Sep 2020 21:17:23 GMT
      location: https://storagename.table.core.windows.net/Tables('uttablebeb51fb9')
      server: Windows-Azure-Table/1.0 Microsoft-HTTPAPI/2.0
      transfer-encoding: chunked
      x-content-type-options: nosniff
      x-ms-version: '2019-02-02'
    status:
      code: 201
      message: Created
    url: https://pyacrstoragewfzwusgqqhrx.table.core.windows.net/Tables
- request:
    body: '{"PartitionKey": "pkbeb51fb9", "RowKey": "rkbeb51fb9", "age": "abc", "sex":
      "female", "sign": "aquarius", "birthday": "1991-10-04T00:00:00Z", "birthday@odata.type":
      "Edm.DateTime"}'
    headers:
      Accept:
      - application/json
      Content-Length:
      - '180'
      Content-Type:
      - application/json
      DataServiceVersion:
      - '3.0'
      Date:
      - Wed, 02 Sep 2020 21:17:22 GMT
      User-Agent:
      - azsdk-python-data-tables/12.0.0b1 Python/3.8.4 (Windows-10-10.0.19041-SP0)
      x-ms-date:
      - Wed, 02 Sep 2020 21:17:22 GMT
      x-ms-version:
      - '2019-02-02'
    method: PATCH
    uri: https://storagename.table.core.windows.net/uttablebeb51fb9(PartitionKey='pkbeb51fb9',RowKey='rkbeb51fb9')
  response:
    body:
      string: ''
    headers:
      cache-control: no-cache
      content-length: '0'
      date: Wed, 02 Sep 2020 21:17:23 GMT
      etag: W/"datetime'2020-09-02T21%3A17%3A23.2981553Z'"
      server: Windows-Azure-Table/1.0 Microsoft-HTTPAPI/2.0
      x-content-type-options: nosniff
      x-ms-version: '2019-02-02'
    status:
      code: 204
      message: No Content
    url: https://pyacrstoragewfzwusgqqhrx.table.core.windows.net/uttablebeb51fb9(PartitionKey='pkbeb51fb9',RowKey='rkbeb51fb9')
- request:
    body: null
    headers:
      Accept:
      - application/json;odata=minimalmetadata
      DataServiceVersion:
      - '3.0'
      Date:
      - Wed, 02 Sep 2020 21:17:22 GMT
      User-Agent:
      - azsdk-python-data-tables/12.0.0b1 Python/3.8.4 (Windows-10-10.0.19041-SP0)
      x-ms-date:
      - Wed, 02 Sep 2020 21:17:22 GMT
      x-ms-version:
      - '2019-02-02'
    method: GET
    uri: https://storagename.table.core.windows.net/uttablebeb51fb9(PartitionKey='pkbeb51fb9',RowKey='rkbeb51fb9')
  response:
    body:
      string: '{"odata.metadata":"https://storagename.table.core.windows.net/$metadata#uttablebeb51fb9/@Element","odata.etag":"W/\"datetime''2020-09-02T21%3A17%3A23.2981553Z''\"","PartitionKey":"pkbeb51fb9","RowKey":"rkbeb51fb9","Timestamp":"2020-09-02T21:17:23.2981553Z","age":"abc","birthday@odata.type":"Edm.DateTime","birthday":"1991-10-04T00:00:00Z","sex":"female","sign":"aquarius"}'
    headers:
      cache-control: no-cache
      content-type: application/json;odata=minimalmetadata;streaming=true;charset=utf-8
      date: Wed, 02 Sep 2020 21:17:23 GMT
      etag: W/"datetime'2020-09-02T21%3A17%3A23.2981553Z'"
      server: Windows-Azure-Table/1.0 Microsoft-HTTPAPI/2.0
      transfer-encoding: chunked
      x-content-type-options: nosniff
      x-ms-version: '2019-02-02'
    status:
      code: 200
      message: OK
    url: https://pyacrstoragewfzwusgqqhrx.table.core.windows.net/uttablebeb51fb9(PartitionKey='pkbeb51fb9',RowKey='rkbeb51fb9')
- request:
    body: null
    headers:
      Accept:
      - application/json
      Date:
      - Wed, 02 Sep 2020 21:17:22 GMT
      User-Agent:
      - azsdk-python-data-tables/12.0.0b1 Python/3.8.4 (Windows-10-10.0.19041-SP0)
      x-ms-date:
      - Wed, 02 Sep 2020 21:17:22 GMT
      x-ms-version:
      - '2019-02-02'
    method: DELETE
    uri: https://storagename.table.core.windows.net/Tables('uttablebeb51fb9')
  response:
    body:
      string: ''
    headers:
      cache-control: no-cache
      content-length: '0'
      date: Wed, 02 Sep 2020 21:17:23 GMT
      server: Windows-Azure-Table/1.0 Microsoft-HTTPAPI/2.0
      x-content-type-options: nosniff
      x-ms-version: '2019-02-02'
    status:
      code: 204
      message: No Content
    url: https://pyacrstoragewfzwusgqqhrx.table.core.windows.net/Tables('uttablebeb51fb9')
version: 1
