interactions:
- request:
    body: '{"TableName": "uttable84281187"}'
    headers:
      Accept:
      - application/json;odata=minimalmetadata
      Accept-Encoding:
      - gzip, deflate
      Connection:
      - keep-alive
      Content-Length:
      - '32'
      Content-Type:
      - application/json;odata=nometadata
      DataServiceVersion:
      - '3.0'
      Date:
      - Thu, 01 Oct 2020 01:07:07 GMT
      User-Agent:
      - azsdk-python-data-tables/12.0.0b2 Python/3.8.4 (Windows-10-10.0.19041-SP0)
      x-ms-date:
      - Thu, 01 Oct 2020 01:07:07 GMT
      x-ms-version:
      - '2019-02-02'
    method: POST
    uri: https://tablesteststorname.table.core.windows.net/Tables
  response:
    body:
      string: '{"odata.metadata":"https://tablesteststorname.table.core.windows.net/$metadata#Tables/@Element","TableName":"uttable84281187"}'
    headers:
      cache-control:
      - no-cache
      content-type:
      - application/json;odata=minimalmetadata;streaming=true;charset=utf-8
      date:
      - Thu, 01 Oct 2020 01:07:07 GMT
      location:
      - https://tablesteststorname.table.core.windows.net/Tables('uttable84281187')
      server:
      - Windows-Azure-Table/1.0 Microsoft-HTTPAPI/2.0
      transfer-encoding:
      - chunked
      x-content-type-options:
      - nosniff
      x-ms-version:
      - '2019-02-02'
    status:
      code: 201
      message: Created
- request:
    body: '{"PartitionKey": "test", "PartitionKey@odata.type": "Edm.String", "RowKey":
      "test1", "RowKey@odata.type": "Edm.String", "age": 39, "sex": "male", "sex@odata.type":
      "Edm.String", "married": true, "deceased": false, "ratio": 3.1, "evenratio":
      3.0, "large": 933311100, "Birthday": "1973-10-04T00:00:00Z", "Birthday@odata.type":
      "Edm.DateTime", "birthday": "1970-10-04T00:00:00Z", "birthday@odata.type": "Edm.DateTime",
      "binary": "YmluYXJ5", "binary@odata.type": "Edm.Binary", "other": 20, "clsid":
      "c9da6455-213d-42c9-9a79-3e9149a57833", "clsid@odata.type": "Edm.Guid"}'
    headers:
      Accept:
      - application/json;odata=minimalmetadata
      Accept-Encoding:
      - gzip, deflate
      Connection:
      - keep-alive
      Content-Length:
      - '566'
      Content-Type:
      - application/json;odata=nometadata
      DataServiceVersion:
      - '3.0'
      Date:
      - Thu, 01 Oct 2020 01:07:07 GMT
      User-Agent:
      - azsdk-python-data-tables/12.0.0b2 Python/3.8.4 (Windows-10-10.0.19041-SP0)
      x-ms-date:
      - Thu, 01 Oct 2020 01:07:07 GMT
      x-ms-version:
      - '2019-02-02'
    method: POST
    uri: https://tablesteststorname.table.core.windows.net/uttable84281187?se=2020-10-01T02%3A07%3A07Z&sp=a&sv=2019-02-02&tn=uttable84281187&spk=test&srk=test1&epk=test&erk=test1&sig=RCLYMaPF0QhiOZA29U%2BlpESBOX%2BnEGkYF5jN4JHlE%2FE%3D
  response:
    body:
      string: '{"odata.metadata":"https://tablesteststorname.table.core.windows.net/$metadata#uttable84281187/@Element","odata.etag":"W/\"datetime''2020-10-01T01%3A07%3A07.8104384Z''\"","PartitionKey":"test","RowKey":"test1","Timestamp":"2020-10-01T01:07:07.8104384Z","age":39,"sex":"male","married":true,"deceased":false,"ratio":3.1,"evenratio":3.0,"large":933311100,"Birthday@odata.type":"Edm.DateTime","Birthday":"1973-10-04T00:00:00Z","birthday@odata.type":"Edm.DateTime","birthday":"1970-10-04T00:00:00Z","binary@odata.type":"Edm.Binary","binary":"YmluYXJ5","other":20,"clsid@odata.type":"Edm.Guid","clsid":"c9da6455-213d-42c9-9a79-3e9149a57833"}'
    headers:
      cache-control:
      - no-cache
      content-type:
      - application/json;odata=minimalmetadata;streaming=true;charset=utf-8
      date:
      - Thu, 01 Oct 2020 01:07:07 GMT
      etag:
      - W/"datetime'2020-10-01T01%3A07%3A07.8104384Z'"
      location:
      - https://tablesteststorname.table.core.windows.net/uttable84281187(PartitionKey='test',RowKey='test1')
      server:
      - Windows-Azure-Table/1.0 Microsoft-HTTPAPI/2.0
      transfer-encoding:
      - chunked
      x-content-type-options:
      - nosniff
      x-ms-version:
      - '2019-02-02'
    status:
      code: 201
      message: Created
- request:
    body: null
    headers:
      Accept:
      - application/json;odata=minimalmetadata
      Accept-Encoding:
      - gzip, deflate
      Connection:
      - keep-alive
      DataServiceVersion:
      - '3.0'
      Date:
      - Thu, 01 Oct 2020 01:07:07 GMT
      User-Agent:
      - azsdk-python-data-tables/12.0.0b2 Python/3.8.4 (Windows-10-10.0.19041-SP0)
      x-ms-date:
      - Thu, 01 Oct 2020 01:07:07 GMT
      x-ms-version:
      - '2019-02-02'
    method: GET
    uri: https://tablesteststorname.table.core.windows.net/uttable84281187(PartitionKey='test',RowKey='test1')
  response:
    body:
      string: '{"odata.metadata":"https://tablesteststorname.table.core.windows.net/$metadata#uttable84281187/@Element","odata.etag":"W/\"datetime''2020-10-01T01%3A07%3A07.8104384Z''\"","PartitionKey":"test","RowKey":"test1","Timestamp":"2020-10-01T01:07:07.8104384Z","age":39,"sex":"male","married":true,"deceased":false,"ratio":3.1,"evenratio":3.0,"large":933311100,"Birthday@odata.type":"Edm.DateTime","Birthday":"1973-10-04T00:00:00Z","birthday@odata.type":"Edm.DateTime","birthday":"1970-10-04T00:00:00Z","binary@odata.type":"Edm.Binary","binary":"YmluYXJ5","other":20,"clsid@odata.type":"Edm.Guid","clsid":"c9da6455-213d-42c9-9a79-3e9149a57833"}'
    headers:
      cache-control:
      - no-cache
      content-type:
      - application/json;odata=minimalmetadata;streaming=true;charset=utf-8
      date:
      - Thu, 01 Oct 2020 01:07:07 GMT
      etag:
      - W/"datetime'2020-10-01T01%3A07%3A07.8104384Z'"
      server:
      - Windows-Azure-Table/1.0 Microsoft-HTTPAPI/2.0
      transfer-encoding:
      - chunked
      x-content-type-options:
      - nosniff
      x-ms-version:
      - '2019-02-02'
    status:
      code: 200
      message: OK
- request:
    body: null
    headers:
      Accept:
      - application/json
      Accept-Encoding:
      - gzip, deflate
      Connection:
      - keep-alive
      Content-Length:
      - '0'
      Date:
      - Thu, 01 Oct 2020 01:07:07 GMT
      User-Agent:
      - azsdk-python-data-tables/12.0.0b2 Python/3.8.4 (Windows-10-10.0.19041-SP0)
      x-ms-date:
      - Thu, 01 Oct 2020 01:07:07 GMT
      x-ms-version:
      - '2019-02-02'
    method: DELETE
    uri: https://tablesteststorname.table.core.windows.net/Tables('uttable84281187')
  response:
    body:
      string: ''
    headers:
      cache-control:
      - no-cache
      content-length:
      - '0'
      date:
      - Thu, 01 Oct 2020 01:07:07 GMT
      server:
      - Windows-Azure-Table/1.0 Microsoft-HTTPAPI/2.0
      x-content-type-options:
      - nosniff
      x-ms-version:
      - '2019-02-02'
    status:
      code: 204
      message: No Content
version: 1
