{
  "Entries": [
    {
      "RequestUri": "https://fakeendpoint.table.core.windows.net/Tables",
      "RequestMethod": "POST",
      "RequestHeaders": {
        "Accept": "application/json;odata=minimalmetadata",
        "Accept-Encoding": "gzip, deflate",
        "Authorization": "Sanitized",
        "Connection": "keep-alive",
        "Content-Length": "32",
        "Content-Type": "application/json;odata=nometadata",
        "DataServiceVersion": "3.0",
        "Date": "Thu, 09 Dec 2021 01:10:18 GMT",
        "User-Agent": "azsdk-python-data-tables/12.2.1 Python/3.10.0 (Windows-10-10.0.22000-SP0)",
        "x-ms-client-request-id": "c66f7977-588c-11ec-b286-c8348e51ab51",
        "x-ms-date": "Thu, 09 Dec 2021 01:10:18 GMT",
        "x-ms-version": "2019-02-02"
      },
      "RequestBody": "{\u0022TableName\u0022: \u0022uttablea1142690\u0022}",
      "StatusCode": 201,
      "ResponseHeaders": {
        "Cache-Control": "no-cache",
        "Content-Type": "application/json; odata=minimalmetadata; streaming=true; charset=utf-8",
        "Date": "Thu, 09 Dec 2021 01:10:18 GMT",
        "Location": "https://fakeendpoint.table.core.windows.net/Tables(\u0027uttablea1142690\u0027)",
        "Server": [
          "Windows-Azure-Table/1.0",
          "Microsoft-HTTPAPI/2.0"
        ],
        "Transfer-Encoding": "chunked",
        "X-Content-Type-Options": "nosniff",
        "x-ms-client-request-id": "c66f7977-588c-11ec-b286-c8348e51ab51",
        "x-ms-request-id": "f03e2ff4-d002-0066-6399-ec5dd8000000",
        "x-ms-version": "2019-02-02"
      },
      "ResponseBody": {
        "odata.metadata": "https://fakeendpoint.table.core.windows.net/$metadata#Tables/@Element",
        "TableName": "uttablea1142690"
      }
    },
    {
      "RequestUri": "https://fakeendpoint.table.core.windows.net/Tables",
      "RequestMethod": "POST",
      "RequestHeaders": {
        "Accept": "application/json;odata=minimalmetadata",
        "Accept-Encoding": "gzip, deflate",
        "Authorization": "Sanitized",
        "Connection": "keep-alive",
        "Content-Length": "35",
        "Content-Type": "application/json;odata=nometadata",
        "DataServiceVersion": "3.0",
        "Date": "Thu, 09 Dec 2021 01:10:19 GMT",
        "User-Agent": "azsdk-python-data-tables/12.2.1 Python/3.10.0 (Windows-10-10.0.22000-SP0)",
        "x-ms-client-request-id": "c67773d4-588c-11ec-8db9-c8348e51ab51",
        "x-ms-date": "Thu, 09 Dec 2021 01:10:19 GMT",
        "x-ms-version": "2019-02-02"
      },
      "RequestBody": "{\u0022TableName\u0022: \u0022querytablea1142690\u0022}",
      "StatusCode": 201,
      "ResponseHeaders": {
        "Cache-Control": "no-cache",
        "Content-Type": "application/json; odata=minimalmetadata; streaming=true; charset=utf-8",
        "Date": "Thu, 09 Dec 2021 01:10:18 GMT",
        "Location": "https://fakeendpoint.table.core.windows.net/Tables(\u0027querytablea1142690\u0027)",
        "Server": [
          "Windows-Azure-Table/1.0",
          "Microsoft-HTTPAPI/2.0"
        ],
        "Transfer-Encoding": "chunked",
        "X-Content-Type-Options": "nosniff",
        "x-ms-client-request-id": "c67773d4-588c-11ec-8db9-c8348e51ab51",
        "x-ms-request-id": "f03e2fff-d002-0066-6b99-ec5dd8000000",
        "x-ms-version": "2019-02-02"
      },
      "ResponseBody": {
        "odata.metadata": "https://fakeendpoint.table.core.windows.net/$metadata#Tables/@Element",
        "TableName": "querytablea1142690"
      }
    },
    {
      "RequestUri": "https://fakeendpoint.table.core.windows.net/querytablea1142690",
      "RequestMethod": "POST",
      "RequestHeaders": {
        "Accept": "application/json;odata=minimalmetadata",
        "Accept-Encoding": "gzip, deflate",
        "Authorization": "Sanitized",
        "Connection": "keep-alive",
        "Content-Length": "712",
        "Content-Type": "application/json;odata=nometadata",
        "DataServiceVersion": "3.0",
        "Date": "Thu, 09 Dec 2021 01:10:19 GMT",
        "User-Agent": "azsdk-python-data-tables/12.2.1 Python/3.10.0 (Windows-10-10.0.22000-SP0)",
        "x-ms-client-request-id": "c67dff5e-588c-11ec-8fd4-c8348e51ab51",
        "x-ms-date": "Thu, 09 Dec 2021 01:10:19 GMT",
        "x-ms-version": "2019-02-02"
      },
      "RequestBody": "{\u0022PartitionKey\u0022: \u0022pka1142690\u0022, \u0022PartitionKey@odata.type\u0022: \u0022Edm.String\u0022, \u0022RowKey\u0022: \u0022rka11426901\u0022, \u0022RowKey@odata.type\u0022: \u0022Edm.String\u0022, \u0022age\u0022: 39, \u0022sex\u0022: \u0022male\u0022, \u0022sex@odata.type\u0022: \u0022Edm.String\u0022, \u0022married\u0022: true, \u0022deceased\u0022: false, \u0022ratio\u0022: 3.1, \u0022ratio@odata.type\u0022: \u0022Edm.Double\u0022, \u0022evenratio\u0022: 3.0, \u0022evenratio@odata.type\u0022: \u0022Edm.Double\u0022, \u0022double\u0022: 5, \u0022double@odata.type\u0022: \u0022Edm.Double\u0022, \u0022large\u0022: 933311100, \u0022Birthday\u0022: \u00221973-10-04T00:00:00.000000Z\u0022, \u0022Birthday@odata.type\u0022: \u0022Edm.DateTime\u0022, \u0022birthday\u0022: \u00221970-10-04T00:00:00.000000Z\u0022, \u0022birthday@odata.type\u0022: \u0022Edm.DateTime\u0022, \u0022binary\u0022: \u0022YmluYXJ5\u0022, \u0022binary@odata.type\u0022: \u0022Edm.Binary\u0022, \u0022other\u0022: 20, \u0022clsid\u0022: \u0022c9da6455-213d-42c9-9a79-3e9149a57833\u0022, \u0022clsid@odata.type\u0022: \u0022Edm.Guid\u0022}",
      "StatusCode": 201,
      "ResponseHeaders": {
        "Cache-Control": "no-cache",
        "Content-Type": "application/json; odata=minimalmetadata; streaming=true; charset=utf-8",
        "Date": "Thu, 09 Dec 2021 01:10:18 GMT",
        "ETag": "W/\u0022datetime\u00272021-12-09T01%3A10%3A18.4137198Z\u0027\u0022",
        "Location": "https://fakeendpoint.table.core.windows.net/querytablea1142690(PartitionKey=\u0027pka1142690\u0027,RowKey=\u0027rka11426901\u0027)",
        "Server": [
          "Windows-Azure-Table/1.0",
          "Microsoft-HTTPAPI/2.0"
        ],
        "Transfer-Encoding": "chunked",
        "X-Content-Type-Options": "nosniff",
        "x-ms-client-request-id": "c67dff5e-588c-11ec-8fd4-c8348e51ab51",
        "x-ms-request-id": "f03e3003-d002-0066-6e99-ec5dd8000000",
        "x-ms-version": "2019-02-02"
      },
      "ResponseBody": {
        "odata.metadata": "https://fakeendpoint.table.core.windows.net/$metadata#querytablea1142690/@Element",
        "odata.etag": "W/\u0022datetime\u00272021-12-09T01%3A10%3A18.4137198Z\u0027\u0022",
        "PartitionKey": "pka1142690",
        "RowKey": "rka11426901",
        "Timestamp": "2021-12-09T01:10:18.4137198Z",
        "age": 39,
        "sex": "male",
        "married": true,
        "deceased": false,
        "ratio": 3.1,
        "evenratio": 3.0,
        "double": 5.0,
        "large": 933311100,
        "Birthday@odata.type": "Edm.DateTime",
        "Birthday": "1973-10-04T00:00:00Z",
        "birthday@odata.type": "Edm.DateTime",
        "birthday": "1970-10-04T00:00:00Z",
        "binary@odata.type": "Edm.Binary",
        "binary": "YmluYXJ5",
        "other": 20,
        "clsid@odata.type": "Edm.Guid",
        "clsid": "c9da6455-213d-42c9-9a79-3e9149a57833"
      }
    },
    {
      "RequestUri": "https://fakeendpoint.table.core.windows.net/querytablea1142690",
      "RequestMethod": "POST",
      "RequestHeaders": {
        "Accept": "application/json;odata=minimalmetadata",
        "Accept-Encoding": "gzip, deflate",
        "Authorization": "Sanitized",
        "Connection": "keep-alive",
        "Content-Length": "713",
        "Content-Type": "application/json;odata=nometadata",
        "DataServiceVersion": "3.0",
        "Date": "Thu, 09 Dec 2021 01:10:19 GMT",
        "User-Agent": "azsdk-python-data-tables/12.2.1 Python/3.10.0 (Windows-10-10.0.22000-SP0)",
        "x-ms-client-request-id": "c683e994-588c-11ec-bd09-c8348e51ab51",
        "x-ms-date": "Thu, 09 Dec 2021 01:10:19 GMT",
        "x-ms-version": "2019-02-02"
      },
      "RequestBody": "{\u0022PartitionKey\u0022: \u0022pka1142690\u0022, \u0022PartitionKey@odata.type\u0022: \u0022Edm.String\u0022, \u0022RowKey\u0022: \u0022rka114269012\u0022, \u0022RowKey@odata.type\u0022: \u0022Edm.String\u0022, \u0022age\u0022: 39, \u0022sex\u0022: \u0022male\u0022, \u0022sex@odata.type\u0022: \u0022Edm.String\u0022, \u0022married\u0022: true, \u0022deceased\u0022: false, \u0022ratio\u0022: 3.1, \u0022ratio@odata.type\u0022: \u0022Edm.Double\u0022, \u0022evenratio\u0022: 3.0, \u0022evenratio@odata.type\u0022: \u0022Edm.Double\u0022, \u0022double\u0022: 5, \u0022double@odata.type\u0022: \u0022Edm.Double\u0022, \u0022large\u0022: 933311100, \u0022Birthday\u0022: \u00221973-10-04T00:00:00.000000Z\u0022, \u0022Birthday@odata.type\u0022: \u0022Edm.DateTime\u0022, \u0022birthday\u0022: \u00221970-10-04T00:00:00.000000Z\u0022, \u0022birthday@odata.type\u0022: \u0022Edm.DateTime\u0022, \u0022binary\u0022: \u0022YmluYXJ5\u0022, \u0022binary@odata.type\u0022: \u0022Edm.Binary\u0022, \u0022other\u0022: 20, \u0022clsid\u0022: \u0022c9da6455-213d-42c9-9a79-3e9149a57833\u0022, \u0022clsid@odata.type\u0022: \u0022Edm.Guid\u0022}",
      "StatusCode": 201,
      "ResponseHeaders": {
        "Cache-Control": "no-cache",
        "Content-Type": "application/json; odata=minimalmetadata; streaming=true; charset=utf-8",
        "Date": "Thu, 09 Dec 2021 01:10:18 GMT",
        "ETag": "W/\u0022datetime\u00272021-12-09T01%3A10%3A18.4566951Z\u0027\u0022",
        "Location": "https://fakeendpoint.table.core.windows.net/querytablea1142690(PartitionKey=\u0027pka1142690\u0027,RowKey=\u0027rka114269012\u0027)",
        "Server": [
          "Windows-Azure-Table/1.0",
          "Microsoft-HTTPAPI/2.0"
        ],
        "Transfer-Encoding": "chunked",
        "X-Content-Type-Options": "nosniff",
        "x-ms-client-request-id": "c683e994-588c-11ec-bd09-c8348e51ab51",
        "x-ms-request-id": "f03e3007-d002-0066-7299-ec5dd8000000",
        "x-ms-version": "2019-02-02"
      },
      "ResponseBody": {
        "odata.metadata": "https://fakeendpoint.table.core.windows.net/$metadata#querytablea1142690/@Element",
        "odata.etag": "W/\u0022datetime\u00272021-12-09T01%3A10%3A18.4566951Z\u0027\u0022",
        "PartitionKey": "pka1142690",
        "RowKey": "rka114269012",
        "Timestamp": "2021-12-09T01:10:18.4566951Z",
        "age": 39,
        "sex": "male",
        "married": true,
        "deceased": false,
        "ratio": 3.1,
        "evenratio": 3.0,
        "double": 5.0,
        "large": 933311100,
        "Birthday@odata.type": "Edm.DateTime",
        "Birthday": "1973-10-04T00:00:00Z",
        "birthday@odata.type": "Edm.DateTime",
        "birthday": "1970-10-04T00:00:00Z",
        "binary@odata.type": "Edm.Binary",
        "binary": "YmluYXJ5",
        "other": 20,
        "clsid@odata.type": "Edm.Guid",
        "clsid": "c9da6455-213d-42c9-9a79-3e9149a57833"
      }
    },
    {
      "RequestUri": "https://fakeendpoint.table.core.windows.net/querytablea1142690()",
      "RequestMethod": "GET",
      "RequestHeaders": {
        "Accept": "application/json;odata=minimalmetadata",
        "Accept-Encoding": "gzip, deflate",
        "Authorization": "Sanitized",
        "Connection": "keep-alive",
        "DataServiceVersion": "3.0",
        "Date": "Thu, 09 Dec 2021 01:10:19 GMT",
        "User-Agent": "azsdk-python-data-tables/12.2.1 Python/3.10.0 (Windows-10-10.0.22000-SP0)",
        "x-ms-client-request-id": "c68a5e67-588c-11ec-938c-c8348e51ab51",
        "x-ms-date": "Thu, 09 Dec 2021 01:10:19 GMT",
        "x-ms-version": "2019-02-02"
      },
      "RequestBody": null,
      "StatusCode": 200,
      "ResponseHeaders": {
        "Cache-Control": "no-cache",
        "Content-Type": "application/json; odata=minimalmetadata; streaming=true; charset=utf-8",
        "Date": "Thu, 09 Dec 2021 01:10:18 GMT",
        "Server": [
          "Windows-Azure-Table/1.0",
          "Microsoft-HTTPAPI/2.0"
        ],
        "Transfer-Encoding": "chunked",
        "X-Content-Type-Options": "nosniff",
        "x-ms-client-request-id": "c68a5e67-588c-11ec-938c-c8348e51ab51",
        "x-ms-request-id": "f03e3008-d002-0066-7399-ec5dd8000000",
        "x-ms-version": "2019-02-02"
      },
      "ResponseBody": {
        "odata.metadata": "https://fakeendpoint.table.core.windows.net/$metadata#querytablea1142690",
        "value": [
          {
            "odata.etag": "W/\u0022datetime\u00272021-12-09T01%3A10%3A18.4137198Z\u0027\u0022",
            "PartitionKey": "pka1142690",
            "RowKey": "rka11426901",
            "Timestamp": "2021-12-09T01:10:18.4137198Z",
            "age": 39,
            "sex": "male",
            "married": true,
            "deceased": false,
            "ratio": 3.1,
            "evenratio": 3.0,
            "double": 5.0,
            "large": 933311100,
            "Birthday@odata.type": "Edm.DateTime",
            "Birthday": "1973-10-04T00:00:00Z",
            "birthday@odata.type": "Edm.DateTime",
            "birthday": "1970-10-04T00:00:00Z",
            "binary@odata.type": "Edm.Binary",
            "binary": "YmluYXJ5",
            "other": 20,
            "clsid@odata.type": "Edm.Guid",
            "clsid": "c9da6455-213d-42c9-9a79-3e9149a57833"
          },
          {
            "odata.etag": "W/\u0022datetime\u00272021-12-09T01%3A10%3A18.4566951Z\u0027\u0022",
            "PartitionKey": "pka1142690",
            "RowKey": "rka114269012",
            "Timestamp": "2021-12-09T01:10:18.4566951Z",
            "age": 39,
            "sex": "male",
            "married": true,
            "deceased": false,
            "ratio": 3.1,
            "evenratio": 3.0,
            "double": 5.0,
            "large": 933311100,
            "Birthday@odata.type": "Edm.DateTime",
            "Birthday": "1973-10-04T00:00:00Z",
            "birthday@odata.type": "Edm.DateTime",
            "birthday": "1970-10-04T00:00:00Z",
            "binary@odata.type": "Edm.Binary",
            "binary": "YmluYXJ5",
            "other": 20,
            "clsid@odata.type": "Edm.Guid",
            "clsid": "c9da6455-213d-42c9-9a79-3e9149a57833"
          }
        ]
      }
    },
    {
      "RequestUri": "https://fakeendpoint.table.core.windows.net/Tables",
      "RequestMethod": "GET",
      "RequestHeaders": {
        "Accept": "application/json;odata=minimalmetadata",
        "Accept-Encoding": "gzip, deflate",
        "Authorization": "Sanitized",
        "Connection": "keep-alive",
        "DataServiceVersion": "3.0",
        "Date": "Thu, 09 Dec 2021 01:10:19 GMT",
        "User-Agent": "azsdk-python-data-tables/12.2.1 Python/3.10.0 (Windows-10-10.0.22000-SP0)",
        "x-ms-client-request-id": "c690c19b-588c-11ec-875f-c8348e51ab51",
        "x-ms-date": "Thu, 09 Dec 2021 01:10:19 GMT",
        "x-ms-version": "2019-02-02"
      },
      "RequestBody": null,
      "StatusCode": 200,
      "ResponseHeaders": {
        "Cache-Control": "no-cache",
        "Content-Type": "application/json; odata=minimalmetadata; streaming=true; charset=utf-8",
        "Date": "Thu, 09 Dec 2021 01:10:18 GMT",
        "Server": [
          "Windows-Azure-Table/1.0",
          "Microsoft-HTTPAPI/2.0"
        ],
        "Transfer-Encoding": "chunked",
        "X-Content-Type-Options": "nosniff",
        "x-ms-client-request-id": "c690c19b-588c-11ec-875f-c8348e51ab51",
        "x-ms-request-id": "f03e300c-d002-0066-7699-ec5dd8000000",
        "x-ms-version": "2019-02-02"
      },
      "ResponseBody": {
        "odata.metadata": "https://fakeendpoint.table.core.windows.net/$metadata#Tables",
        "value": [
          {
            "TableName": "querytablea1142690"
          },
          {
            "TableName": "uttablea1142690"
          }
        ]
      }
    },
    {
      "RequestUri": "https://fakeendpoint.table.core.windows.net/Tables(\u0027querytablea1142690\u0027)",
      "RequestMethod": "DELETE",
      "RequestHeaders": {
        "Accept": "application/json",
        "Accept-Encoding": "gzip, deflate",
        "Authorization": "Sanitized",
        "Connection": "keep-alive",
        "Content-Length": "0",
        "Date": "Thu, 09 Dec 2021 01:10:19 GMT",
        "User-Agent": "azsdk-python-data-tables/12.2.1 Python/3.10.0 (Windows-10-10.0.22000-SP0)",
        "x-ms-client-request-id": "c6964824-588c-11ec-8cb6-c8348e51ab51",
        "x-ms-date": "Thu, 09 Dec 2021 01:10:19 GMT",
        "x-ms-version": "2019-02-02"
      },
      "RequestBody": null,
      "StatusCode": 204,
      "ResponseHeaders": {
        "Cache-Control": "no-cache",
        "Content-Length": "0",
        "Date": "Thu, 09 Dec 2021 01:10:18 GMT",
        "Server": [
          "Windows-Azure-Table/1.0",
          "Microsoft-HTTPAPI/2.0"
        ],
        "X-Content-Type-Options": "nosniff",
        "x-ms-client-request-id": "c6964824-588c-11ec-8cb6-c8348e51ab51",
        "x-ms-request-id": "f03e300f-d002-0066-7999-ec5dd8000000",
        "x-ms-version": "2019-02-02"
      },
      "ResponseBody": null
    },
    {
      "RequestUri": "https://fakeendpoint.table.core.windows.net/Tables(\u0027uttablea1142690\u0027)",
      "RequestMethod": "DELETE",
      "RequestHeaders": {
        "Accept": "application/json",
        "Accept-Encoding": "gzip, deflate",
        "Authorization": "Sanitized",
        "Connection": "keep-alive",
        "Content-Length": "0",
        "Date": "Thu, 09 Dec 2021 01:10:19 GMT",
        "User-Agent": "azsdk-python-data-tables/12.2.1 Python/3.10.0 (Windows-10-10.0.22000-SP0)",
        "x-ms-client-request-id": "c69d4331-588c-11ec-9dc2-c8348e51ab51",
        "x-ms-date": "Thu, 09 Dec 2021 01:10:19 GMT",
        "x-ms-version": "2019-02-02"
      },
      "RequestBody": null,
      "StatusCode": 204,
      "ResponseHeaders": {
        "Cache-Control": "no-cache",
        "Content-Length": "0",
        "Date": "Thu, 09 Dec 2021 01:10:18 GMT",
        "Server": [
          "Windows-Azure-Table/1.0",
          "Microsoft-HTTPAPI/2.0"
        ],
        "X-Content-Type-Options": "nosniff",
        "x-ms-client-request-id": "c69d4331-588c-11ec-9dc2-c8348e51ab51",
        "x-ms-request-id": "f03e3010-d002-0066-7a99-ec5dd8000000",
        "x-ms-version": "2019-02-02"
      },
      "ResponseBody": null
    }
  ],
  "Variables": {}
}
