interactions:
- request:
    body: '{"TableName": "uttablea3561789"}'
    headers:
      Accept:
      - application/json;odata=minimalmetadata
      Content-Length:
      - '32'
      Content-Type:
      - application/json;odata=nometadata
      DataServiceVersion:
      - '3.0'
      Date:
      - Fri, 18 Dec 2020 17:51:51 GMT
      User-Agent:
      - azsdk-python-data-tables/12.0.0b4 Python/3.9.0rc1 (Windows-10-10.0.19041-SP0)
      x-ms-date:
      - Fri, 18 Dec 2020 17:51:51 GMT
      x-ms-version:
      - '2019-02-02'
    method: POST
    uri: https://fake_table_account.table.core.windows.net/Tables
  response:
    body:
      string: '{"odata.metadata":"https://fake_table_account.table.core.windows.net/$metadata#Tables/@Element","TableName":"uttablea3561789"}'
    headers:
      cache-control: no-cache
      content-type: application/json;odata=minimalmetadata;streaming=true;charset=utf-8
      date: Fri, 18 Dec 2020 17:51:52 GMT
      location: https://fake_table_account.table.core.windows.net/Tables('uttablea3561789')
      server: Windows-Azure-Table/1.0 Microsoft-HTTPAPI/2.0
      transfer-encoding: chunked
      x-content-type-options: nosniff
      x-ms-version: '2019-02-02'
    status:
      code: 201
      message: Created
    url: https://seankaneprim.table.core.windows.net/Tables
- request:
    body: "--batch_7d729c74-806b-451b-98be-3c63a66edab5\r\nContent-Type: multipart/mixed;\
      \ boundary=changeset_4029bcfd-611a-46b8-b63c-a688c268a3e7\r\n\r\n--changeset_4029bcfd-611a-46b8-b63c-a688c268a3e7\r\
      \nContent-Type: application/http\r\nContent-Transfer-Encoding: binary\r\nContent-ID:\
      \ 0\r\n\r\nDELETE https://seankaneprim.table.core.windows.net/uttablea3561789(PartitionKey='001',RowKey='batch_negative_1')\
      \ HTTP/1.1\r\nx-ms-version: 2019-02-02\r\nDataServiceVersion: 3.0\r\nIf-Match:\
      \ *\r\nAccept: application/json;odata=minimalmetadata\r\nx-ms-date: Fri, 18\
      \ Dec 2020 17:51:52 GMT\r\nDate: Fri, 18 Dec 2020 17:51:52 GMT\r\nx-ms-client-request-id:\
      \ b5d85a52-4159-11eb-aefe-58961df361d1\r\n\r\n\r\n--changeset_4029bcfd-611a-46b8-b63c-a688c268a3e7--\r\
      \n\r\n--batch_7d729c74-806b-451b-98be-3c63a66edab5--\r\n"
    headers:
      Content-Length:
      - '752'
      Content-Type:
      - multipart/mixed; boundary=batch_7d729c74-806b-451b-98be-3c63a66edab5
      DataServiceVersion:
      - '3.0'
      Date:
      - Fri, 18 Dec 2020 17:51:52 GMT
      MaxDataServiceVersion:
      - 3.0;NetFx
      User-Agent:
      - azsdk-python-data-tables/12.0.0b4 Python/3.9.0rc1 (Windows-10-10.0.19041-SP0)
      x-ms-date:
      - Fri, 18 Dec 2020 17:51:52 GMT
      x-ms-version:
      - '2019-02-02'
    method: POST
    uri: https://fake_table_account.table.core.windows.net/$batch
  response:
    body:
      string: "--batchresponse_c04d41c8-8c2f-4808-9f53-b760c269f0b1\r\nContent-Type:\
        \ multipart/mixed; boundary=changesetresponse_09847c46-1a71-4129-9e43-3da0d895c1e4\r\
        \n\r\n--changesetresponse_09847c46-1a71-4129-9e43-3da0d895c1e4\r\nContent-Type:\
        \ application/http\r\nContent-Transfer-Encoding: binary\r\n\r\nHTTP/1.1 404\
        \ Not Found\r\nX-Content-Type-Options: nosniff\r\nCache-Control: no-cache\r\
        \nDataServiceVersion: 3.0;\r\nContent-Type: application/json;odata=minimalmetadata;streaming=true;charset=utf-8\r\
        \n\r\n{\"odata.error\":{\"code\":\"ResourceNotFound\",\"message\":{\"lang\"\
        :\"en-US\",\"value\":\"The specified resource does not exist.\\nRequestId:caa7dee9-a002-0083-7f66-d5bd7b000000\\\
        nTime:2020-12-18T17:51:52.8401915Z\"}}}\r\n--changesetresponse_09847c46-1a71-4129-9e43-3da0d895c1e4--\r\
        \n--batchresponse_c04d41c8-8c2f-4808-9f53-b760c269f0b1--\r\n"
    headers:
      cache-control: no-cache
      content-type: multipart/mixed; boundary=batchresponse_c04d41c8-8c2f-4808-9f53-b760c269f0b1
      date: Fri, 18 Dec 2020 17:51:52 GMT
      server: Windows-Azure-Table/1.0 Microsoft-HTTPAPI/2.0
      transfer-encoding: chunked
      x-content-type-options: nosniff
      x-ms-version: '2019-02-02'
    status:
      code: 202
      message: Accepted
    url: https://seankaneprim.table.core.windows.net/$batch
- request:
    body: null
    headers:
      Accept:
      - application/json
      Date:
      - Fri, 18 Dec 2020 17:51:52 GMT
      User-Agent:
      - azsdk-python-data-tables/12.0.0b4 Python/3.9.0rc1 (Windows-10-10.0.19041-SP0)
      x-ms-date:
      - Fri, 18 Dec 2020 17:51:52 GMT
      x-ms-version:
      - '2019-02-02'
    method: DELETE
    uri: https://fake_table_account.table.core.windows.net/Tables('uttablea3561789')
  response:
    body:
      string: ''
    headers:
      cache-control: no-cache
      content-length: '0'
      date: Fri, 18 Dec 2020 17:51:52 GMT
      server: Windows-Azure-Table/1.0 Microsoft-HTTPAPI/2.0
      x-content-type-options: nosniff
      x-ms-version: '2019-02-02'
    status:
      code: 204
      message: No Content
    url: https://seankaneprim.table.core.windows.net/Tables('uttablea3561789')
version: 1
