interactions:
- request:
    body: '{"TableName": "uttable539e1620"}'
    headers:
      Accept:
      - application/json;odata=minimalmetadata
      Accept-Encoding:
      - gzip, deflate
      Connection:
      - keep-alive
      Content-Length:
      - '32'
      Content-Type:
      - application/json;odata=nometadata
      DataServiceVersion:
      - '3.0'
      Date:
      - Wed, 26 May 2021 16:59:56 GMT
      User-Agent:
      - azsdk-python-data-tables/12.0.0b7 Python/3.7.4 (Windows-10-10.0.19041-SP0)
      x-ms-date:
      - Wed, 26 May 2021 16:59:56 GMT
      x-ms-version:
      - '2019-02-02'
    method: POST
    uri: https://fake_cosmos_account.table.cosmos.azure.com/Tables
  response:
    body:
      string: '{"TableName":"uttable539e1620","odata.metadata":"https://fake_cosmos_account.table.cosmos.azure.com/$metadata#Tables/@Element"}'
    headers:
      content-type:
      - application/json;odata=minimalmetadata
      date:
      - Wed, 26 May 2021 16:59:57 GMT
      etag:
      - W/"datetime'2021-05-26T16%3A59%3A56.9026056Z'"
      location:
      - https://fake_cosmos_account.table.cosmos.azure.com/Tables('uttable539e1620')
      server:
      - Microsoft-HTTPAPI/2.0
      transfer-encoding:
      - chunked
    status:
      code: 201
      message: Ok
- request:
    body: '{"PartitionKey": "pk539e1620", "PartitionKey@odata.type": "Edm.String",
      "RowKey": "rk539e1620", "RowKey@odata.type": "Edm.String", "age": 39, "sex":
      "male", "sex@odata.type": "Edm.String", "married": true, "deceased": false,
      "ratio": 3.1, "ratio@odata.type": "Edm.Double", "evenratio": 3.0, "evenratio@odata.type":
      "Edm.Double", "double": 5, "double@odata.type": "Edm.Double", "large": 933311100,
      "Birthday": "1973-10-04T00:00:00.000000Z", "Birthday@odata.type": "Edm.DateTime",
      "birthday": "1970-10-04T00:00:00.000000Z", "birthday@odata.type": "Edm.DateTime",
      "binary": "YmluYXJ5", "binary@odata.type": "Edm.Binary", "other": 20, "clsid":
      "c9da6455-213d-42c9-9a79-3e9149a57833", "clsid@odata.type": "Edm.Guid"}'
    headers:
      Accept:
      - application/json;odata=minimalmetadata
      Accept-Encoding:
      - gzip, deflate
      Connection:
      - keep-alive
      Content-Length:
      - '711'
      Content-Type:
      - application/json;odata=nometadata
      DataServiceVersion:
      - '3.0'
      Date:
      - Wed, 26 May 2021 16:59:57 GMT
      User-Agent:
      - azsdk-python-data-tables/12.0.0b7 Python/3.7.4 (Windows-10-10.0.19041-SP0)
      x-ms-date:
      - Wed, 26 May 2021 16:59:57 GMT
      x-ms-version:
      - '2019-02-02'
    method: POST
    uri: https://fake_cosmos_account.table.cosmos.azure.com/uttable539e1620
  response:
    body:
      string: '{"odata.metadata":"https://fake_cosmos_account.table.cosmos.azure.com/uttable539e1620/$metadata#uttable539e1620/@Element","odata.etag":"W/\"datetime''2021-05-26T16%3A59%3A57.4120456Z''\"","PartitionKey":"pk539e1620","RowKey":"rk539e1620","age":39,"sex":"male","married":true,"deceased":false,"ratio":3.1,"evenratio":3.0,"double":5.0,"large":933311100,"Birthday@odata.type":"Edm.DateTime","Birthday":"1973-10-04T00:00:00.0000000Z","birthday@odata.type":"Edm.DateTime","birthday":"1970-10-04T00:00:00.0000000Z","binary@odata.type":"Edm.Binary","binary":"YmluYXJ5","other":20,"clsid@odata.type":"Edm.Guid","clsid":"c9da6455-213d-42c9-9a79-3e9149a57833","Timestamp":"2021-05-26T16:59:57.4120456Z"}'
    headers:
      content-type:
      - application/json;odata=minimalmetadata
      date:
      - Wed, 26 May 2021 16:59:57 GMT
      etag:
      - W/"datetime'2021-05-26T16%3A59%3A57.4120456Z'"
      location:
      - https://fake_cosmos_account.table.cosmos.azure.com/uttable539e1620(PartitionKey='pk539e1620',RowKey='rk539e1620')
      server:
      - Microsoft-HTTPAPI/2.0
      transfer-encoding:
      - chunked
    status:
      code: 201
      message: Created
- request:
    body: null
    headers:
      Accept:
      - application/json;odata=minimalmetadata
      Accept-Encoding:
      - gzip, deflate
      Connection:
      - keep-alive
      DataServiceVersion:
      - '3.0'
      Date:
      - Wed, 26 May 2021 16:59:57 GMT
      User-Agent:
      - azsdk-python-data-tables/12.0.0b7 Python/3.7.4 (Windows-10-10.0.19041-SP0)
      x-ms-date:
      - Wed, 26 May 2021 16:59:57 GMT
      x-ms-version:
      - '2019-02-02'
    method: GET
    uri: https://fake_cosmos_account.table.cosmos.azure.com/uttable539e1620(PartitionKey='pk539e1620',RowKey='rk539e1620')
  response:
    body:
      string: '{"odata.metadata":"https://fake_cosmos_account.table.cosmos.azure.com/uttable539e1620/$metadata#uttable539e1620/@Element","odata.etag":"W/\"datetime''2021-05-26T16%3A59%3A57.4120456Z''\"","PartitionKey":"pk539e1620","RowKey":"rk539e1620","age":39,"sex":"male","married":true,"deceased":false,"ratio":3.1,"evenratio":3.0,"double":5.0,"large":933311100,"Birthday@odata.type":"Edm.DateTime","Birthday":"1973-10-04T00:00:00.0000000Z","birthday@odata.type":"Edm.DateTime","birthday":"1970-10-04T00:00:00.0000000Z","binary@odata.type":"Edm.Binary","binary":"YmluYXJ5","other":20,"clsid@odata.type":"Edm.Guid","clsid":"c9da6455-213d-42c9-9a79-3e9149a57833","Timestamp":"2021-05-26T16:59:57.4120456Z"}'
    headers:
      content-type:
      - application/json;odata=minimalmetadata
      date:
      - Wed, 26 May 2021 16:59:57 GMT
      etag:
      - W/"datetime'2021-05-26T16%3A59%3A57.4120456Z'"
      server:
      - Microsoft-HTTPAPI/2.0
      transfer-encoding:
      - chunked
    status:
      code: 200
      message: Ok
- request:
    body: null
    headers:
      Accept:
      - application/json;odata=minimalmetadata
      Accept-Encoding:
      - gzip, deflate
      Connection:
      - keep-alive
      DataServiceVersion:
      - '3.0'
      Date:
      - Wed, 26 May 2021 16:59:57 GMT
      User-Agent:
      - azsdk-python-data-tables/12.0.0b7 Python/3.7.4 (Windows-10-10.0.19041-SP0)
      x-ms-date:
      - Wed, 26 May 2021 16:59:57 GMT
      x-ms-version:
      - '2019-02-02'
    method: GET
    uri: https://fake_cosmos_account.table.cosmos.azure.com/Tables
  response:
    body:
      string: '{"value":[{"TableName":"uttable539e1620"}],"odata.metadata":"https://fake_cosmos_account.table.cosmos.azure.com/$metadata#Tables"}'
    headers:
      content-type:
      - application/json;odata=minimalmetadata
      date:
      - Wed, 26 May 2021 16:59:57 GMT
      server:
      - Microsoft-HTTPAPI/2.0
      transfer-encoding:
      - chunked
    status:
      code: 200
      message: Ok
- request:
    body: null
    headers:
      Accept:
      - application/json
      Accept-Encoding:
      - gzip, deflate
      Connection:
      - keep-alive
      Content-Length:
      - '0'
      Date:
      - Wed, 26 May 2021 16:59:57 GMT
      User-Agent:
      - azsdk-python-data-tables/12.0.0b7 Python/3.7.4 (Windows-10-10.0.19041-SP0)
      x-ms-date:
      - Wed, 26 May 2021 16:59:57 GMT
      x-ms-version:
      - '2019-02-02'
    method: DELETE
    uri: https://fake_cosmos_account.table.cosmos.azure.com/Tables('uttable539e1620')
  response:
    body:
      string: ''
    headers:
      content-length:
      - '0'
      date:
      - Wed, 26 May 2021 16:59:57 GMT
      server:
      - Microsoft-HTTPAPI/2.0
    status:
      code: 204
      message: No Content
version: 1
