interactions:
- request:
    body: '{"TableName": "uttable348419d0"}'
    headers:
      Accept:
      - application/json;odata=minimalmetadata
      Content-Length:
      - '32'
      Content-Type:
      - application/json;odata=nometadata
      DataServiceVersion:
      - '3.0'
      Date:
      - Mon, 23 Aug 2021 18:44:15 GMT
      User-Agent:
      - azsdk-python-data-tables/12.1.1 Python/3.7.4 (Windows-10-10.0.19041-SP0)
      x-ms-date:
      - Mon, 23 Aug 2021 18:44:15 GMT
      x-ms-version:
      - '2019-02-02'
    method: POST
    uri: https://fake_table_account.table.core.windows.net/Tables
  response:
    body:
      string: '{"odata.metadata":"https://fake_table_account.table.core.windows.net/$metadata#Tables/@Element","TableName":"uttable348419d0"}'
    headers:
      cache-control: no-cache
      content-type: application/json;odata=minimalmetadata;streaming=true;charset=utf-8
      date: Mon, 23 Aug 2021 18:44:14 GMT
      location: https://fake_table_account.table.core.windows.net/Tables('uttable348419d0')
      server: Windows-Azure-Table/1.0 Microsoft-HTTPAPI/2.0
      transfer-encoding: chunked
      x-content-type-options: nosniff
      x-ms-version: '2019-02-02'
    status:
      code: 201
      message: Created
    url: https://pytestremote.table.core.windows.net/Tables
- request:
    body: '{"TableName": "table2348419d0"}'
    headers:
      Accept:
      - application/json;odata=minimalmetadata
      Content-Length:
      - '31'
      Content-Type:
      - application/json;odata=nometadata
      DataServiceVersion:
      - '3.0'
      Date:
      - Mon, 23 Aug 2021 18:44:15 GMT
      User-Agent:
      - azsdk-python-data-tables/12.1.1 Python/3.7.4 (Windows-10-10.0.19041-SP0)
      x-ms-date:
      - Mon, 23 Aug 2021 18:44:15 GMT
      x-ms-version:
      - '2019-02-02'
    method: POST
    uri: https://fake_table_account.table.core.windows.net/Tables
  response:
    body:
      string: '{"odata.metadata":"https://fake_table_account.table.core.windows.net/$metadata#Tables/@Element","TableName":"table2348419d0"}'
    headers:
      cache-control: no-cache
      content-type: application/json;odata=minimalmetadata;streaming=true;charset=utf-8
      date: Mon, 23 Aug 2021 18:44:15 GMT
      location: https://fake_table_account.table.core.windows.net/Tables('table2348419d0')
      server: Windows-Azure-Table/1.0 Microsoft-HTTPAPI/2.0
      transfer-encoding: chunked
      x-content-type-options: nosniff
      x-ms-version: '2019-02-02'
    status:
      code: 201
      message: Created
    url: https://pytestremote.table.core.windows.net/Tables
- request:
    body: "--batch_84b98cce-1d73-4411-8c31-9e4ffda32fba\r\nContent-Type: multipart/mixed;
      boundary=changeset_ca9d1918-c9a8-4ca9-aa1c-a54842fe5d3b\r\n\r\n--changeset_ca9d1918-c9a8-4ca9-aa1c-a54842fe5d3b\r\nContent-Type:
      application/http\r\nContent-Transfer-Encoding: binary\r\nContent-ID: 0\r\n\r\nPOST
      https://pytestremote.table.core.windows.net/uttable348419d0 HTTP/1.1\r\nx-ms-version:
      2019-02-02\r\nDataServiceVersion: 3.0\r\nPrefer: return-no-content\r\nContent-Type:
      application/json;odata=nometadata\r\nAccept: application/json;odata=minimalmetadata\r\nContent-Length:
      198\r\nx-ms-date: Mon, 23 Aug 2021 18:44:15 GMT\r\nDate: Mon, 23 Aug 2021 18:44:15
      GMT\r\n\r\n{\"PartitionKey\": \"A'aaa\\\"_bbbb2\", \"PartitionKey@odata.type\":
      \"Edm.String\", \"RowKey\": \"\\\"A'aaa\\\"_bbbb2\", \"RowKey@odata.type\":
      \"Edm.String\", \"test\": \"\\\"A'aaa\\\"_bbbb2\", \"test@odata.type\": \"Edm.String\"}\r\n--changeset_ca9d1918-c9a8-4ca9-aa1c-a54842fe5d3b--\r\n\r\n--batch_84b98cce-1d73-4411-8c31-9e4ffda32fba--\r\n"
    headers:
      Accept:
      - application/json
      Content-Length:
      - '924'
      Content-Type:
      - multipart/mixed; boundary=batch_84b98cce-1d73-4411-8c31-9e4ffda32fba
      DataServiceVersion:
      - '3.0'
      Date:
      - Mon, 23 Aug 2021 18:44:15 GMT
      MaxDataServiceVersion:
      - 3.0;NetFx
      User-Agent:
      - azsdk-python-data-tables/12.1.1 Python/3.7.4 (Windows-10-10.0.19041-SP0)
      x-ms-date:
      - Mon, 23 Aug 2021 18:44:15 GMT
      x-ms-version:
      - '2019-02-02'
    method: POST
    uri: https://fake_table_account.table.core.windows.net/$batch
  response:
    body:
      string: "--batchresponse_e4407fd2-e906-4cb1-abb9-a4b43a41b917\r\nContent-Type:
        multipart/mixed; boundary=changesetresponse_85d3ad1b-2040-4a11-bd7e-1d88a9fb98dd\r\n\r\n--changesetresponse_85d3ad1b-2040-4a11-bd7e-1d88a9fb98dd\r\nContent-Type:
        application/http\r\nContent-Transfer-Encoding: binary\r\n\r\nHTTP/1.1 204
        No Content\r\nX-Content-Type-Options: nosniff\r\nCache-Control: no-cache\r\nPreference-Applied:
        return-no-content\r\nDataServiceVersion: 3.0;\r\nLocation: https://pytestremote.table.core.windows.net/uttable348419d0(PartitionKey='A''aaa%22_bbbb2',RowKey='%22A''aaa%22_bbbb2')\r\nDataServiceId:
        https://pytestremote.table.core.windows.net/uttable348419d0(PartitionKey='A''aaa%22_bbbb2',RowKey='%22A''aaa%22_bbbb2')\r\nETag:
        W/\"datetime'2021-08-23T18%3A44%3A15.6648793Z'\"\r\n\r\n\r\n--changesetresponse_85d3ad1b-2040-4a11-bd7e-1d88a9fb98dd--\r\n--batchresponse_e4407fd2-e906-4cb1-abb9-a4b43a41b917--\r\n"
    headers:
      cache-control: no-cache
      content-type: multipart/mixed; boundary=batchresponse_e4407fd2-e906-4cb1-abb9-a4b43a41b917
      date: Mon, 23 Aug 2021 18:44:15 GMT
      server: Windows-Azure-Table/1.0 Microsoft-HTTPAPI/2.0
      transfer-encoding: chunked
      x-content-type-options: nosniff
      x-ms-version: '2019-02-02'
    status:
      code: 202
      message: Accepted
    url: https://pytestremote.table.core.windows.net/$batch
- request:
    body: null
    headers:
      Accept:
      - application/json;odata=minimalmetadata
      DataServiceVersion:
      - '3.0'
      Date:
      - Mon, 23 Aug 2021 18:44:15 GMT
      User-Agent:
      - azsdk-python-data-tables/12.1.1 Python/3.7.4 (Windows-10-10.0.19041-SP0)
      x-ms-date:
      - Mon, 23 Aug 2021 18:44:15 GMT
      x-ms-version:
      - '2019-02-02'
    method: GET
    uri: https://fake_table_account.table.core.windows.net/uttable348419d0(PartitionKey='A''aaa%22_bbbb2',RowKey='%22A''aaa%22_bbbb2')
  response:
    body:
      string: '{"odata.metadata":"https://fake_table_account.table.core.windows.net/$metadata#uttable348419d0/@Element","odata.etag":"W/\"datetime''2021-08-23T18%3A44%3A15.6648793Z''\"","PartitionKey":"A''aaa\"_bbbb2","RowKey":"\"A''aaa\"_bbbb2","Timestamp":"2021-08-23T18:44:15.6648793Z","test":"\"A''aaa\"_bbbb2"}'
    headers:
      cache-control: no-cache
      content-type: application/json;odata=minimalmetadata;streaming=true;charset=utf-8
      date: Mon, 23 Aug 2021 18:44:15 GMT
      etag: W/"datetime'2021-08-23T18%3A44%3A15.6648793Z'"
      server: Windows-Azure-Table/1.0 Microsoft-HTTPAPI/2.0
      transfer-encoding: chunked
      x-content-type-options: nosniff
      x-ms-version: '2019-02-02'
    status:
      code: 200
      message: OK
    url: https://pytestremote.table.core.windows.net/uttable348419d0(PartitionKey='A''aaa%22_bbbb2',RowKey='%22A''aaa%22_bbbb2')
- request:
    body: "--batch_68e8afae-21c6-4ec5-934e-474225bdd4a4\r\nContent-Type: multipart/mixed;
      boundary=changeset_4266c4c9-857c-4a51-9302-951c32fc06da\r\n\r\n--changeset_4266c4c9-857c-4a51-9302-951c32fc06da\r\nContent-Type:
      application/http\r\nContent-Transfer-Encoding: binary\r\nContent-ID: 0\r\n\r\nPATCH
      https://pytestremote.table.core.windows.net/uttable348419d0(PartitionKey='A%27%27aaa%22_bbbb2',RowKey='%22A%27%27aaa%22_bbbb2')
      HTTP/1.1\r\nx-ms-version: 2019-02-02\r\nDataServiceVersion: 3.0\r\nContent-Type:
      application/json\r\nAccept: application/json\r\nContent-Length: 198\r\nx-ms-date:
      Mon, 23 Aug 2021 18:44:15 GMT\r\nDate: Mon, 23 Aug 2021 18:44:15 GMT\r\n\r\n{\"PartitionKey\":
      \"A'aaa\\\"_bbbb2\", \"PartitionKey@odata.type\": \"Edm.String\", \"RowKey\":
      \"\\\"A'aaa\\\"_bbbb2\", \"RowKey@odata.type\": \"Edm.String\", \"test\": \"\\\"A'aaa\\\"_bbbb2\",
      \"test@odata.type\": \"Edm.String\"}\r\n--changeset_4266c4c9-857c-4a51-9302-951c32fc06da--\r\n\r\n--batch_68e8afae-21c6-4ec5-934e-474225bdd4a4--\r\n"
    headers:
      Accept:
      - application/json
      Content-Length:
      - '927'
      Content-Type:
      - multipart/mixed; boundary=batch_68e8afae-21c6-4ec5-934e-474225bdd4a4
      DataServiceVersion:
      - '3.0'
      Date:
      - Mon, 23 Aug 2021 18:44:15 GMT
      MaxDataServiceVersion:
      - 3.0;NetFx
      User-Agent:
      - azsdk-python-data-tables/12.1.1 Python/3.7.4 (Windows-10-10.0.19041-SP0)
      x-ms-date:
      - Mon, 23 Aug 2021 18:44:15 GMT
      x-ms-version:
      - '2019-02-02'
    method: POST
    uri: https://fake_table_account.table.core.windows.net/$batch
  response:
    body:
      string: "--batchresponse_70d8c995-9dca-4771-a7e0-96f20a565f45\r\nContent-Type:
        multipart/mixed; boundary=changesetresponse_53fb859d-aac5-46dc-a51e-81090a42782a\r\n\r\n--changesetresponse_53fb859d-aac5-46dc-a51e-81090a42782a\r\nContent-Type:
        application/http\r\nContent-Transfer-Encoding: binary\r\n\r\nHTTP/1.1 204
        No Content\r\nX-Content-Type-Options: nosniff\r\nCache-Control: no-cache\r\nDataServiceVersion:
        1.0;\r\nETag: W/\"datetime'2021-08-23T18%3A44%3A15.7554035Z'\"\r\n\r\n\r\n--changesetresponse_53fb859d-aac5-46dc-a51e-81090a42782a--\r\n--batchresponse_70d8c995-9dca-4771-a7e0-96f20a565f45--\r\n"
    headers:
      cache-control: no-cache
      content-type: multipart/mixed; boundary=batchresponse_70d8c995-9dca-4771-a7e0-96f20a565f45
      date: Mon, 23 Aug 2021 18:44:15 GMT
      server: Windows-Azure-Table/1.0 Microsoft-HTTPAPI/2.0
      transfer-encoding: chunked
      x-content-type-options: nosniff
      x-ms-version: '2019-02-02'
    status:
      code: 202
      message: Accepted
    url: https://pytestremote.table.core.windows.net/$batch
- request:
    body: null
    headers:
      Accept:
      - application/json;odata=minimalmetadata
      DataServiceVersion:
      - '3.0'
      Date:
      - Mon, 23 Aug 2021 18:44:15 GMT
      User-Agent:
      - azsdk-python-data-tables/12.1.1 Python/3.7.4 (Windows-10-10.0.19041-SP0)
      x-ms-date:
      - Mon, 23 Aug 2021 18:44:15 GMT
      x-ms-version:
      - '2019-02-02'
    method: GET
    uri: https://fake_table_account.table.core.windows.net/uttable348419d0(PartitionKey='A''aaa%22_bbbb2',RowKey='%22A''aaa%22_bbbb2')
  response:
    body:
      string: '{"odata.metadata":"https://fake_table_account.table.core.windows.net/$metadata#uttable348419d0/@Element","odata.etag":"W/\"datetime''2021-08-23T18%3A44%3A15.7554035Z''\"","PartitionKey":"A''aaa\"_bbbb2","RowKey":"\"A''aaa\"_bbbb2","Timestamp":"2021-08-23T18:44:15.7554035Z","test":"\"A''aaa\"_bbbb2"}'
    headers:
      cache-control: no-cache
      content-type: application/json;odata=minimalmetadata;streaming=true;charset=utf-8
      date: Mon, 23 Aug 2021 18:44:15 GMT
      etag: W/"datetime'2021-08-23T18%3A44%3A15.7554035Z'"
      server: Windows-Azure-Table/1.0 Microsoft-HTTPAPI/2.0
      transfer-encoding: chunked
      x-content-type-options: nosniff
      x-ms-version: '2019-02-02'
    status:
      code: 200
      message: OK
    url: https://pytestremote.table.core.windows.net/uttable348419d0(PartitionKey='A''aaa%22_bbbb2',RowKey='%22A''aaa%22_bbbb2')
- request:
    body: "--batch_a0cefbb7-bad1-4998-bd0e-54bf1036a0ec\r\nContent-Type: multipart/mixed;
      boundary=changeset_0c0a8060-b3e1-499d-958d-b94e89c77ec7\r\n\r\n--changeset_0c0a8060-b3e1-499d-958d-b94e89c77ec7\r\nContent-Type:
      application/http\r\nContent-Transfer-Encoding: binary\r\nContent-ID: 0\r\n\r\nPUT
      https://pytestremote.table.core.windows.net/uttable348419d0(PartitionKey='A%27%27aaa%22_bbbb2',RowKey='%22A%27%27aaa%22_bbbb2')
      HTTP/1.1\r\nx-ms-version: 2019-02-02\r\nDataServiceVersion: 3.0\r\nContent-Type:
      application/json\r\nAccept: application/json\r\nContent-Length: 198\r\nx-ms-date:
      Mon, 23 Aug 2021 18:44:15 GMT\r\nDate: Mon, 23 Aug 2021 18:44:15 GMT\r\n\r\n{\"PartitionKey\":
      \"A'aaa\\\"_bbbb2\", \"PartitionKey@odata.type\": \"Edm.String\", \"RowKey\":
      \"\\\"A'aaa\\\"_bbbb2\", \"RowKey@odata.type\": \"Edm.String\", \"test\": \"\\\"A'aaa\\\"_bbbb2\",
      \"test@odata.type\": \"Edm.String\"}\r\n--changeset_0c0a8060-b3e1-499d-958d-b94e89c77ec7--\r\n\r\n--batch_a0cefbb7-bad1-4998-bd0e-54bf1036a0ec--\r\n"
    headers:
      Accept:
      - application/json
      Content-Length:
      - '925'
      Content-Type:
      - multipart/mixed; boundary=batch_a0cefbb7-bad1-4998-bd0e-54bf1036a0ec
      DataServiceVersion:
      - '3.0'
      Date:
      - Mon, 23 Aug 2021 18:44:15 GMT
      MaxDataServiceVersion:
      - 3.0;NetFx
      User-Agent:
      - azsdk-python-data-tables/12.1.1 Python/3.7.4 (Windows-10-10.0.19041-SP0)
      x-ms-date:
      - Mon, 23 Aug 2021 18:44:15 GMT
      x-ms-version:
      - '2019-02-02'
    method: POST
    uri: https://fake_table_account.table.core.windows.net/$batch
  response:
    body:
      string: "--batchresponse_1d86605c-a513-44b6-8ce1-bd8432e5ea0b\r\nContent-Type:
        multipart/mixed; boundary=changesetresponse_5f91eaa9-3528-46c3-a8f7-5c4e3bba8526\r\n\r\n--changesetresponse_5f91eaa9-3528-46c3-a8f7-5c4e3bba8526\r\nContent-Type:
        application/http\r\nContent-Transfer-Encoding: binary\r\n\r\nHTTP/1.1 204
        No Content\r\nX-Content-Type-Options: nosniff\r\nCache-Control: no-cache\r\nDataServiceVersion:
        1.0;\r\nETag: W/\"datetime'2021-08-23T18%3A44%3A15.9255219Z'\"\r\n\r\n\r\n--changesetresponse_5f91eaa9-3528-46c3-a8f7-5c4e3bba8526--\r\n--batchresponse_1d86605c-a513-44b6-8ce1-bd8432e5ea0b--\r\n"
    headers:
      cache-control: no-cache
      content-type: multipart/mixed; boundary=batchresponse_1d86605c-a513-44b6-8ce1-bd8432e5ea0b
      date: Mon, 23 Aug 2021 18:44:15 GMT
      server: Windows-Azure-Table/1.0 Microsoft-HTTPAPI/2.0
      transfer-encoding: chunked
      x-content-type-options: nosniff
      x-ms-version: '2019-02-02'
    status:
      code: 202
      message: Accepted
    url: https://pytestremote.table.core.windows.net/$batch
- request:
    body: null
    headers:
      Accept:
      - application/json;odata=minimalmetadata
      DataServiceVersion:
      - '3.0'
      Date:
      - Mon, 23 Aug 2021 18:44:15 GMT
      User-Agent:
      - azsdk-python-data-tables/12.1.1 Python/3.7.4 (Windows-10-10.0.19041-SP0)
      x-ms-date:
      - Mon, 23 Aug 2021 18:44:15 GMT
      x-ms-version:
      - '2019-02-02'
    method: GET
    uri: https://fake_table_account.table.core.windows.net/uttable348419d0(PartitionKey='A''aaa%22_bbbb2',RowKey='%22A''aaa%22_bbbb2')
  response:
    body:
      string: '{"odata.metadata":"https://fake_table_account.table.core.windows.net/$metadata#uttable348419d0/@Element","odata.etag":"W/\"datetime''2021-08-23T18%3A44%3A15.9255219Z''\"","PartitionKey":"A''aaa\"_bbbb2","RowKey":"\"A''aaa\"_bbbb2","Timestamp":"2021-08-23T18:44:15.9255219Z","test":"\"A''aaa\"_bbbb2"}'
    headers:
      cache-control: no-cache
      content-type: application/json;odata=minimalmetadata;streaming=true;charset=utf-8
      date: Mon, 23 Aug 2021 18:44:15 GMT
      etag: W/"datetime'2021-08-23T18%3A44%3A15.9255219Z'"
      server: Windows-Azure-Table/1.0 Microsoft-HTTPAPI/2.0
      transfer-encoding: chunked
      x-content-type-options: nosniff
      x-ms-version: '2019-02-02'
    status:
      code: 200
      message: OK
    url: https://pytestremote.table.core.windows.net/uttable348419d0(PartitionKey='A''aaa%22_bbbb2',RowKey='%22A''aaa%22_bbbb2')
- request:
    body: "--batch_1c0d80eb-461a-4111-8ac1-5f7036eee980\r\nContent-Type: multipart/mixed;
      boundary=changeset_e9cea0c5-de75-423a-bd99-bfa7439d20a8\r\n\r\n--changeset_e9cea0c5-de75-423a-bd99-bfa7439d20a8\r\nContent-Type:
      application/http\r\nContent-Transfer-Encoding: binary\r\nContent-ID: 0\r\n\r\nPATCH
      https://pytestremote.table.core.windows.net/uttable348419d0(PartitionKey='A%27%27aaa%22_bbbb2',RowKey='%22A%27%27aaa%22_bbbb2')
      HTTP/1.1\r\nx-ms-version: 2019-02-02\r\nDataServiceVersion: 3.0\r\nIf-Match:
      *\r\nContent-Type: application/json\r\nAccept: application/json\r\nContent-Length:
      198\r\nx-ms-date: Mon, 23 Aug 2021 18:44:15 GMT\r\nDate: Mon, 23 Aug 2021 18:44:15
      GMT\r\n\r\n{\"PartitionKey\": \"A'aaa\\\"_bbbb2\", \"PartitionKey@odata.type\":
      \"Edm.String\", \"RowKey\": \"\\\"A'aaa\\\"_bbbb2\", \"RowKey@odata.type\":
      \"Edm.String\", \"test\": \"\\\"A'aaa\\\"_bbbb2\", \"test@odata.type\": \"Edm.String\"}\r\n--changeset_e9cea0c5-de75-423a-bd99-bfa7439d20a8--\r\n\r\n--batch_1c0d80eb-461a-4111-8ac1-5f7036eee980--\r\n"
    headers:
      Accept:
      - application/json
      Content-Length:
      - '940'
      Content-Type:
      - multipart/mixed; boundary=batch_1c0d80eb-461a-4111-8ac1-5f7036eee980
      DataServiceVersion:
      - '3.0'
      Date:
      - Mon, 23 Aug 2021 18:44:16 GMT
      MaxDataServiceVersion:
      - 3.0;NetFx
      User-Agent:
      - azsdk-python-data-tables/12.1.1 Python/3.7.4 (Windows-10-10.0.19041-SP0)
      x-ms-date:
      - Mon, 23 Aug 2021 18:44:16 GMT
      x-ms-version:
      - '2019-02-02'
    method: POST
    uri: https://fake_table_account.table.core.windows.net/$batch
  response:
    body:
      string: "--batchresponse_a7c995fa-ed50-463e-af63-8f58df3fac09\r\nContent-Type:
        multipart/mixed; boundary=changesetresponse_9558f49d-89d4-42cb-8ff1-1e26612595a8\r\n\r\n--changesetresponse_9558f49d-89d4-42cb-8ff1-1e26612595a8\r\nContent-Type:
        application/http\r\nContent-Transfer-Encoding: binary\r\n\r\nHTTP/1.1 204
        No Content\r\nX-Content-Type-Options: nosniff\r\nCache-Control: no-cache\r\nDataServiceVersion:
        1.0;\r\nETag: W/\"datetime'2021-08-23T18%3A44%3A16.0365995Z'\"\r\n\r\n\r\n--changesetresponse_9558f49d-89d4-42cb-8ff1-1e26612595a8--\r\n--batchresponse_a7c995fa-ed50-463e-af63-8f58df3fac09--\r\n"
    headers:
      cache-control: no-cache
      content-type: multipart/mixed; boundary=batchresponse_a7c995fa-ed50-463e-af63-8f58df3fac09
      date: Mon, 23 Aug 2021 18:44:15 GMT
      server: Windows-Azure-Table/1.0 Microsoft-HTTPAPI/2.0
      transfer-encoding: chunked
      x-content-type-options: nosniff
      x-ms-version: '2019-02-02'
    status:
      code: 202
      message: Accepted
    url: https://pytestremote.table.core.windows.net/$batch
- request:
    body: null
    headers:
      Accept:
      - application/json;odata=minimalmetadata
      DataServiceVersion:
      - '3.0'
      Date:
      - Mon, 23 Aug 2021 18:44:16 GMT
      User-Agent:
      - azsdk-python-data-tables/12.1.1 Python/3.7.4 (Windows-10-10.0.19041-SP0)
      x-ms-date:
      - Mon, 23 Aug 2021 18:44:16 GMT
      x-ms-version:
      - '2019-02-02'
    method: GET
    uri: https://fake_table_account.table.core.windows.net/uttable348419d0(PartitionKey='A''aaa%22_bbbb2',RowKey='%22A''aaa%22_bbbb2')
  response:
    body:
      string: '{"odata.metadata":"https://fake_table_account.table.core.windows.net/$metadata#uttable348419d0/@Element","odata.etag":"W/\"datetime''2021-08-23T18%3A44%3A16.0365995Z''\"","PartitionKey":"A''aaa\"_bbbb2","RowKey":"\"A''aaa\"_bbbb2","Timestamp":"2021-08-23T18:44:16.0365995Z","test":"\"A''aaa\"_bbbb2"}'
    headers:
      cache-control: no-cache
      content-type: application/json;odata=minimalmetadata;streaming=true;charset=utf-8
      date: Mon, 23 Aug 2021 18:44:15 GMT
      etag: W/"datetime'2021-08-23T18%3A44%3A16.0365995Z'"
      server: Windows-Azure-Table/1.0 Microsoft-HTTPAPI/2.0
      transfer-encoding: chunked
      x-content-type-options: nosniff
      x-ms-version: '2019-02-02'
    status:
      code: 200
      message: OK
    url: https://pytestremote.table.core.windows.net/uttable348419d0(PartitionKey='A''aaa%22_bbbb2',RowKey='%22A''aaa%22_bbbb2')
- request:
    body: "--batch_a4f8f330-c75e-4938-86f7-e7cc2d109364\r\nContent-Type: multipart/mixed;
      boundary=changeset_bf23ab9d-02db-444e-a28a-a5f7eefe7bb4\r\n\r\n--changeset_bf23ab9d-02db-444e-a28a-a5f7eefe7bb4\r\nContent-Type:
      application/http\r\nContent-Transfer-Encoding: binary\r\nContent-ID: 0\r\n\r\nPUT
      https://pytestremote.table.core.windows.net/uttable348419d0(PartitionKey='A%27%27aaa%22_bbbb2',RowKey='%22A%27%27aaa%22_bbbb2')
      HTTP/1.1\r\nx-ms-version: 2019-02-02\r\nDataServiceVersion: 3.0\r\nIf-Match:
      *\r\nContent-Type: application/json\r\nAccept: application/json\r\nContent-Length:
      198\r\nx-ms-date: Mon, 23 Aug 2021 18:44:16 GMT\r\nDate: Mon, 23 Aug 2021 18:44:16
      GMT\r\n\r\n{\"PartitionKey\": \"A'aaa\\\"_bbbb2\", \"PartitionKey@odata.type\":
      \"Edm.String\", \"RowKey\": \"\\\"A'aaa\\\"_bbbb2\", \"RowKey@odata.type\":
      \"Edm.String\", \"test\": \"\\\"A'aaa\\\"_bbbb2\", \"test@odata.type\": \"Edm.String\"}\r\n--changeset_bf23ab9d-02db-444e-a28a-a5f7eefe7bb4--\r\n\r\n--batch_a4f8f330-c75e-4938-86f7-e7cc2d109364--\r\n"
    headers:
      Accept:
      - application/json
      Content-Length:
      - '938'
      Content-Type:
      - multipart/mixed; boundary=batch_a4f8f330-c75e-4938-86f7-e7cc2d109364
      DataServiceVersion:
      - '3.0'
      Date:
      - Mon, 23 Aug 2021 18:44:16 GMT
      MaxDataServiceVersion:
      - 3.0;NetFx
      User-Agent:
      - azsdk-python-data-tables/12.1.1 Python/3.7.4 (Windows-10-10.0.19041-SP0)
      x-ms-date:
      - Mon, 23 Aug 2021 18:44:16 GMT
      x-ms-version:
      - '2019-02-02'
    method: POST
    uri: https://fake_table_account.table.core.windows.net/$batch
  response:
    body:
      string: "--batchresponse_31cf8bf2-d27f-4fc1-8753-ce75bb6e77bd\r\nContent-Type:
        multipart/mixed; boundary=changesetresponse_34ac34be-f4b8-4246-9ff5-89eff3a7045e\r\n\r\n--changesetresponse_34ac34be-f4b8-4246-9ff5-89eff3a7045e\r\nContent-Type:
        application/http\r\nContent-Transfer-Encoding: binary\r\n\r\nHTTP/1.1 204
        No Content\r\nX-Content-Type-Options: nosniff\r\nCache-Control: no-cache\r\nDataServiceVersion:
        1.0;\r\nETag: W/\"datetime'2021-08-23T18%3A44%3A16.1276636Z'\"\r\n\r\n\r\n--changesetresponse_34ac34be-f4b8-4246-9ff5-89eff3a7045e--\r\n--batchresponse_31cf8bf2-d27f-4fc1-8753-ce75bb6e77bd--\r\n"
    headers:
      cache-control: no-cache
      content-type: multipart/mixed; boundary=batchresponse_31cf8bf2-d27f-4fc1-8753-ce75bb6e77bd
      date: Mon, 23 Aug 2021 18:44:15 GMT
      server: Windows-Azure-Table/1.0 Microsoft-HTTPAPI/2.0
      transfer-encoding: chunked
      x-content-type-options: nosniff
      x-ms-version: '2019-02-02'
    status:
      code: 202
      message: Accepted
    url: https://pytestremote.table.core.windows.net/$batch
- request:
    body: null
    headers:
      Accept:
      - application/json;odata=minimalmetadata
      DataServiceVersion:
      - '3.0'
      Date:
      - Mon, 23 Aug 2021 18:44:16 GMT
      User-Agent:
      - azsdk-python-data-tables/12.1.1 Python/3.7.4 (Windows-10-10.0.19041-SP0)
      x-ms-date:
      - Mon, 23 Aug 2021 18:44:16 GMT
      x-ms-version:
      - '2019-02-02'
    method: GET
    uri: https://fake_table_account.table.core.windows.net/uttable348419d0(PartitionKey='A''aaa%22_bbbb2',RowKey='%22A''aaa%22_bbbb2')
  response:
    body:
      string: '{"odata.metadata":"https://fake_table_account.table.core.windows.net/$metadata#uttable348419d0/@Element","odata.etag":"W/\"datetime''2021-08-23T18%3A44%3A16.1276636Z''\"","PartitionKey":"A''aaa\"_bbbb2","RowKey":"\"A''aaa\"_bbbb2","Timestamp":"2021-08-23T18:44:16.1276636Z","test":"\"A''aaa\"_bbbb2"}'
    headers:
      cache-control: no-cache
      content-type: application/json;odata=minimalmetadata;streaming=true;charset=utf-8
      date: Mon, 23 Aug 2021 18:44:15 GMT
      etag: W/"datetime'2021-08-23T18%3A44%3A16.1276636Z'"
      server: Windows-Azure-Table/1.0 Microsoft-HTTPAPI/2.0
      transfer-encoding: chunked
      x-content-type-options: nosniff
      x-ms-version: '2019-02-02'
    status:
      code: 200
      message: OK
    url: https://pytestremote.table.core.windows.net/uttable348419d0(PartitionKey='A''aaa%22_bbbb2',RowKey='%22A''aaa%22_bbbb2')
- request:
    body: null
    headers:
      Accept:
      - application/json;odata=minimalmetadata
      DataServiceVersion:
      - '3.0'
      Date:
      - Mon, 23 Aug 2021 18:44:16 GMT
      User-Agent:
      - azsdk-python-data-tables/12.1.1 Python/3.7.4 (Windows-10-10.0.19041-SP0)
      x-ms-date:
      - Mon, 23 Aug 2021 18:44:16 GMT
      x-ms-version:
      - '2019-02-02'
    method: GET
    uri: https://fake_table_account.table.core.windows.net/uttable348419d0()
  response:
    body:
      string: '{"odata.metadata":"https://fake_table_account.table.core.windows.net/$metadata#uttable348419d0","value":[{"odata.etag":"W/\"datetime''2021-08-23T18%3A44%3A16.1276636Z''\"","PartitionKey":"A''aaa\"_bbbb2","RowKey":"\"A''aaa\"_bbbb2","Timestamp":"2021-08-23T18:44:16.1276636Z","test":"\"A''aaa\"_bbbb2"}]}'
    headers:
      cache-control: no-cache
      content-type: application/json;odata=minimalmetadata;streaming=true;charset=utf-8
      date: Mon, 23 Aug 2021 18:44:15 GMT
      server: Windows-Azure-Table/1.0 Microsoft-HTTPAPI/2.0
      transfer-encoding: chunked
      x-content-type-options: nosniff
      x-ms-version: '2019-02-02'
    status:
      code: 200
      message: OK
    url: https://pytestremote.table.core.windows.net/uttable348419d0()
- request:
    body: null
    headers:
      Accept:
      - application/json;odata=minimalmetadata
      DataServiceVersion:
      - '3.0'
      Date:
      - Mon, 23 Aug 2021 18:44:16 GMT
      User-Agent:
      - azsdk-python-data-tables/12.1.1 Python/3.7.4 (Windows-10-10.0.19041-SP0)
      x-ms-date:
      - Mon, 23 Aug 2021 18:44:16 GMT
      x-ms-version:
      - '2019-02-02'
    method: GET
    uri: https://fake_table_account.table.core.windows.net/uttable348419d0(PartitionKey='A''aaa%22_bbbb2',RowKey='%22A''aaa%22_bbbb2')
  response:
    body:
      string: '{"odata.metadata":"https://fake_table_account.table.core.windows.net/$metadata#uttable348419d0/@Element","odata.etag":"W/\"datetime''2021-08-23T18%3A44%3A16.1276636Z''\"","PartitionKey":"A''aaa\"_bbbb2","RowKey":"\"A''aaa\"_bbbb2","Timestamp":"2021-08-23T18:44:16.1276636Z","test":"\"A''aaa\"_bbbb2"}'
    headers:
      cache-control: no-cache
      content-type: application/json;odata=minimalmetadata;streaming=true;charset=utf-8
      date: Mon, 23 Aug 2021 18:44:15 GMT
      etag: W/"datetime'2021-08-23T18%3A44%3A16.1276636Z'"
      server: Windows-Azure-Table/1.0 Microsoft-HTTPAPI/2.0
      transfer-encoding: chunked
      x-content-type-options: nosniff
      x-ms-version: '2019-02-02'
    status:
      code: 200
      message: OK
    url: https://pytestremote.table.core.windows.net/uttable348419d0(PartitionKey='A''aaa%22_bbbb2',RowKey='%22A''aaa%22_bbbb2')
- request:
    body: "--batch_b374fe50-103f-406b-adbd-25ac1ba50d5a\r\nContent-Type: multipart/mixed;
      boundary=changeset_412869f5-cd4f-4f83-bdab-73cc149f513c\r\n\r\n--changeset_412869f5-cd4f-4f83-bdab-73cc149f513c\r\nContent-Type:
      application/http\r\nContent-Transfer-Encoding: binary\r\nContent-ID: 0\r\n\r\nDELETE
      https://pytestremote.table.core.windows.net/uttable348419d0(PartitionKey='A%27%27aaa%22_bbbb2',RowKey='%22A%27%27aaa%22_bbbb2')
      HTTP/1.1\r\nx-ms-version: 2019-02-02\r\nDataServiceVersion: 3.0\r\nIf-Match:
      *\r\nAccept: application/json;odata=minimalmetadata\r\nx-ms-date: Mon, 23 Aug
      2021 18:44:16 GMT\r\nDate: Mon, 23 Aug 2021 18:44:16 GMT\r\n\r\n\r\n--changeset_412869f5-cd4f-4f83-bdab-73cc149f513c--\r\n\r\n--batch_b374fe50-103f-406b-adbd-25ac1ba50d5a--\r\n"
    headers:
      Accept:
      - application/json
      Content-Length:
      - '712'
      Content-Type:
      - multipart/mixed; boundary=batch_b374fe50-103f-406b-adbd-25ac1ba50d5a
      DataServiceVersion:
      - '3.0'
      Date:
      - Mon, 23 Aug 2021 18:44:16 GMT
      MaxDataServiceVersion:
      - 3.0;NetFx
      User-Agent:
      - azsdk-python-data-tables/12.1.1 Python/3.7.4 (Windows-10-10.0.19041-SP0)
      x-ms-date:
      - Mon, 23 Aug 2021 18:44:16 GMT
      x-ms-version:
      - '2019-02-02'
    method: POST
    uri: https://fake_table_account.table.core.windows.net/$batch
  response:
    body:
      string: "--batchresponse_cef62a74-2251-47fe-85a1-c7702e3f3b9e\r\nContent-Type:
        multipart/mixed; boundary=changesetresponse_e2c285ab-3386-4f90-8f09-f0652502eae3\r\n\r\n--changesetresponse_e2c285ab-3386-4f90-8f09-f0652502eae3\r\nContent-Type:
        application/http\r\nContent-Transfer-Encoding: binary\r\n\r\nHTTP/1.1 204
        No Content\r\nX-Content-Type-Options: nosniff\r\nCache-Control: no-cache\r\nDataServiceVersion:
        1.0;\r\n\r\n\r\n--changesetresponse_e2c285ab-3386-4f90-8f09-f0652502eae3--\r\n--batchresponse_cef62a74-2251-47fe-85a1-c7702e3f3b9e--\r\n"
    headers:
      cache-control: no-cache
      content-type: multipart/mixed; boundary=batchresponse_cef62a74-2251-47fe-85a1-c7702e3f3b9e
      date: Mon, 23 Aug 2021 18:44:15 GMT
      server: Windows-Azure-Table/1.0 Microsoft-HTTPAPI/2.0
      transfer-encoding: chunked
      x-content-type-options: nosniff
      x-ms-version: '2019-02-02'
    status:
      code: 202
      message: Accepted
    url: https://pytestremote.table.core.windows.net/$batch
- request:
    body: null
    headers:
      Accept:
      - application/json;odata=minimalmetadata
      DataServiceVersion:
      - '3.0'
      Date:
      - Mon, 23 Aug 2021 18:44:16 GMT
      User-Agent:
      - azsdk-python-data-tables/12.1.1 Python/3.7.4 (Windows-10-10.0.19041-SP0)
      x-ms-date:
      - Mon, 23 Aug 2021 18:44:16 GMT
      x-ms-version:
      - '2019-02-02'
    method: GET
    uri: https://fake_table_account.table.core.windows.net/Tables
  response:
    body:
      string: '{"odata.metadata":"https://fake_table_account.table.core.windows.net/$metadata#Tables","value":[{"TableName":"table2348419d0"},{"TableName":"uttable348419d0"}]}'
    headers:
      cache-control: no-cache
      content-type: application/json;odata=minimalmetadata;streaming=true;charset=utf-8
      date: Mon, 23 Aug 2021 18:44:15 GMT
      server: Windows-Azure-Table/1.0 Microsoft-HTTPAPI/2.0
      transfer-encoding: chunked
      x-content-type-options: nosniff
      x-ms-version: '2019-02-02'
    status:
      code: 200
      message: OK
    url: https://pytestremote.table.core.windows.net/Tables
- request:
    body: null
    headers:
      Accept:
      - application/json
      Date:
      - Mon, 23 Aug 2021 18:44:16 GMT
      User-Agent:
      - azsdk-python-data-tables/12.1.1 Python/3.7.4 (Windows-10-10.0.19041-SP0)
      x-ms-date:
      - Mon, 23 Aug 2021 18:44:16 GMT
      x-ms-version:
      - '2019-02-02'
    method: DELETE
    uri: https://fake_table_account.table.core.windows.net/Tables('table2348419d0')
  response:
    body:
      string: ''
    headers:
      cache-control: no-cache
      content-length: '0'
      date: Mon, 23 Aug 2021 18:44:15 GMT
      server: Windows-Azure-Table/1.0 Microsoft-HTTPAPI/2.0
      x-content-type-options: nosniff
      x-ms-version: '2019-02-02'
    status:
      code: 204
      message: No Content
    url: https://pytestremote.table.core.windows.net/Tables('table2348419d0')
- request:
    body: null
    headers:
      Accept:
      - application/json
      Date:
      - Mon, 23 Aug 2021 18:44:16 GMT
      User-Agent:
      - azsdk-python-data-tables/12.1.1 Python/3.7.4 (Windows-10-10.0.19041-SP0)
      x-ms-date:
      - Mon, 23 Aug 2021 18:44:16 GMT
      x-ms-version:
      - '2019-02-02'
    method: DELETE
    uri: https://fake_table_account.table.core.windows.net/Tables('uttable348419d0')
  response:
    body:
      string: ''
    headers:
      cache-control: no-cache
      content-length: '0'
      date: Mon, 23 Aug 2021 18:44:16 GMT
      server: Windows-Azure-Table/1.0 Microsoft-HTTPAPI/2.0
      x-content-type-options: nosniff
      x-ms-version: '2019-02-02'
    status:
      code: 204
      message: No Content
    url: https://pytestremote.table.core.windows.net/Tables('uttable348419d0')
version: 1
