interactions:
- request:
    body: '{"TableName": "listtable0cac14c3"}'
    headers:
      Accept:
      - application/json;odata=minimalmetadata
      Content-Length:
      - '34'
      Content-Type:
      - application/json;odata=nometadata
      DataServiceVersion:
      - '3.0'
      Date:
      - Thu, 23 Jul 2020 16:28:23 GMT
      User-Agent:
      - azsdk-python-storage-table/2019-07-07 Python/3.8.4 (Windows-10-10.0.19041-SP0)
      x-ms-date:
      - Thu, 23 Jul 2020 16:28:23 GMT
      x-ms-version:
      - '2019-07-07'
    method: POST
    uri: https://storagename.table.core.windows.net/Tables
  response:
    body:
      string: '{"odata.metadata":"https://storagename.table.core.windows.net/$metadata#Tables/@Element","TableName":"listtable0cac14c3"}'
    headers:
      cache-control: no-cache
      content-type: application/json;odata=minimalmetadata;streaming=true;charset=utf-8
      date: Thu, 23 Jul 2020 16:28:23 GMT
      location: https://storagename.table.core.windows.net/Tables('listtable0cac14c3')
      server: Windows-Azure-Table/1.0 Microsoft-HTTPAPI/2.0
      transfer-encoding: chunked
      x-content-type-options: nosniff
      x-ms-version: '2019-07-07'
    status:
      code: 201
      message: Created
    url: https://pyacrstoragevwbkpqx4mzj2.table.core.windows.net/Tables
- request:
    body: '{"TableName": "listtable1cac14c3"}'
    headers:
      Accept:
      - application/json;odata=minimalmetadata
      Content-Length:
      - '34'
      Content-Type:
      - application/json;odata=nometadata
      DataServiceVersion:
      - '3.0'
      Date:
      - Thu, 23 Jul 2020 16:28:23 GMT
      User-Agent:
      - azsdk-python-storage-table/2019-07-07 Python/3.8.4 (Windows-10-10.0.19041-SP0)
      x-ms-date:
      - Thu, 23 Jul 2020 16:28:23 GMT
      x-ms-version:
      - '2019-07-07'
    method: POST
    uri: https://storagename.table.core.windows.net/Tables
  response:
    body:
      string: '{"odata.metadata":"https://storagename.table.core.windows.net/$metadata#Tables/@Element","TableName":"listtable1cac14c3"}'
    headers:
      cache-control: no-cache
      content-type: application/json;odata=minimalmetadata;streaming=true;charset=utf-8
      date: Thu, 23 Jul 2020 16:28:23 GMT
      location: https://storagename.table.core.windows.net/Tables('listtable1cac14c3')
      server: Windows-Azure-Table/1.0 Microsoft-HTTPAPI/2.0
      transfer-encoding: chunked
      x-content-type-options: nosniff
      x-ms-version: '2019-07-07'
    status:
      code: 201
      message: Created
    url: https://pyacrstoragevwbkpqx4mzj2.table.core.windows.net/Tables
- request:
    body: '{"TableName": "listtable2cac14c3"}'
    headers:
      Accept:
      - application/json;odata=minimalmetadata
      Content-Length:
      - '34'
      Content-Type:
      - application/json;odata=nometadata
      DataServiceVersion:
      - '3.0'
      Date:
      - Thu, 23 Jul 2020 16:28:24 GMT
      User-Agent:
      - azsdk-python-storage-table/2019-07-07 Python/3.8.4 (Windows-10-10.0.19041-SP0)
      x-ms-date:
      - Thu, 23 Jul 2020 16:28:24 GMT
      x-ms-version:
      - '2019-07-07'
    method: POST
    uri: https://storagename.table.core.windows.net/Tables
  response:
    body:
      string: '{"odata.metadata":"https://storagename.table.core.windows.net/$metadata#Tables/@Element","TableName":"listtable2cac14c3"}'
    headers:
      cache-control: no-cache
      content-type: application/json;odata=minimalmetadata;streaming=true;charset=utf-8
      date: Thu, 23 Jul 2020 16:28:23 GMT
      location: https://storagename.table.core.windows.net/Tables('listtable2cac14c3')
      server: Windows-Azure-Table/1.0 Microsoft-HTTPAPI/2.0
      transfer-encoding: chunked
      x-content-type-options: nosniff
      x-ms-version: '2019-07-07'
    status:
      code: 201
      message: Created
    url: https://pyacrstoragevwbkpqx4mzj2.table.core.windows.net/Tables
- request:
    body: '{"TableName": "listtable3cac14c3"}'
    headers:
      Accept:
      - application/json;odata=minimalmetadata
      Content-Length:
      - '34'
      Content-Type:
      - application/json;odata=nometadata
      DataServiceVersion:
      - '3.0'
      Date:
      - Thu, 23 Jul 2020 16:28:24 GMT
      User-Agent:
      - azsdk-python-storage-table/2019-07-07 Python/3.8.4 (Windows-10-10.0.19041-SP0)
      x-ms-date:
      - Thu, 23 Jul 2020 16:28:24 GMT
      x-ms-version:
      - '2019-07-07'
    method: POST
    uri: https://storagename.table.core.windows.net/Tables
  response:
    body:
      string: '{"odata.metadata":"https://storagename.table.core.windows.net/$metadata#Tables/@Element","TableName":"listtable3cac14c3"}'
    headers:
      cache-control: no-cache
      content-type: application/json;odata=minimalmetadata;streaming=true;charset=utf-8
      date: Thu, 23 Jul 2020 16:28:24 GMT
      location: https://storagename.table.core.windows.net/Tables('listtable3cac14c3')
      server: Windows-Azure-Table/1.0 Microsoft-HTTPAPI/2.0
      transfer-encoding: chunked
      x-content-type-options: nosniff
      x-ms-version: '2019-07-07'
    status:
      code: 201
      message: Created
    url: https://pyacrstoragevwbkpqx4mzj2.table.core.windows.net/Tables
- request:
    body: null
    headers:
      Accept:
      - application/json;odata=minimalmetadata
      DataServiceVersion:
      - '3.0'
      Date:
      - Thu, 23 Jul 2020 16:28:24 GMT
      User-Agent:
      - azsdk-python-storage-table/2019-07-07 Python/3.8.4 (Windows-10-10.0.19041-SP0)
      x-ms-date:
      - Thu, 23 Jul 2020 16:28:24 GMT
      x-ms-version:
      - '2019-07-07'
    method: GET
    uri: https://storagename.table.core.windows.net/Tables
  response:
    body:
      string: '{"odata.metadata":"https://storagename.table.core.windows.net/$metadata#Tables","value":[{"TableName":"listtable051291081"},{"TableName":"listtable0aab312c0"},{"TableName":"listtable0cac14c3"},{"TableName":"listtable151291081"},{"TableName":"listtable1aab312c0"},{"TableName":"listtable1cac14c3"},{"TableName":"listtable251291081"},{"TableName":"listtable2aab312c0"},{"TableName":"listtable2cac14c3"},{"TableName":"listtable351291081"},{"TableName":"listtable3aab312c0"},{"TableName":"listtable3cac14c3"}]}'
    headers:
      cache-control: no-cache
      content-type: application/json;odata=minimalmetadata;streaming=true;charset=utf-8
      date: Thu, 23 Jul 2020 16:28:24 GMT
      server: Windows-Azure-Table/1.0 Microsoft-HTTPAPI/2.0
      transfer-encoding: chunked
      x-content-type-options: nosniff
      x-ms-version: '2019-07-07'
    status:
      code: 200
      message: OK
    url: https://pyacrstoragevwbkpqx4mzj2.table.core.windows.net/Tables
- request:
    body: null
    headers:
      Accept:
      - application/json;odata=minimalmetadata
      DataServiceVersion:
      - '3.0'
      Date:
      - Thu, 23 Jul 2020 16:28:24 GMT
      User-Agent:
      - azsdk-python-storage-table/2019-07-07 Python/3.8.4 (Windows-10-10.0.19041-SP0)
      x-ms-date:
      - Thu, 23 Jul 2020 16:28:24 GMT
      x-ms-version:
      - '2019-07-07'
    method: GET
    uri: https://storagename.table.core.windows.net/Tables?$top=3
  response:
    body:
      string: '{"odata.metadata":"https://storagename.table.core.windows.net/$metadata#Tables","value":[{"TableName":"listtable051291081"},{"TableName":"listtable0aab312c0"},{"TableName":"listtable0cac14c3"}]}'
    headers:
      cache-control: no-cache
      content-type: application/json;odata=minimalmetadata;streaming=true;charset=utf-8
      date: Thu, 23 Jul 2020 16:28:24 GMT
      server: Windows-Azure-Table/1.0 Microsoft-HTTPAPI/2.0
      transfer-encoding: chunked
      x-content-type-options: nosniff
      x-ms-continuation-nexttablename: 1!48!bGlzdHRhYmxlMTUxMjkxMDgxATAxZDY2MTBlNDU1YmUxNDk-
      x-ms-version: '2019-07-07'
    status:
      code: 200
      message: OK
    url: https://pyacrstoragevwbkpqx4mzj2.table.core.windows.net/Tables?$top=3
- request:
    body: null
    headers:
      Accept:
      - application/json;odata=minimalmetadata
      DataServiceVersion:
      - '3.0'
      Date:
      - Thu, 23 Jul 2020 16:28:24 GMT
      User-Agent:
      - azsdk-python-storage-table/2019-07-07 Python/3.8.4 (Windows-10-10.0.19041-SP0)
      x-ms-date:
      - Thu, 23 Jul 2020 16:28:24 GMT
      x-ms-version:
      - '2019-07-07'
    method: GET
    uri: https://storagename.table.core.windows.net/Tables?$top=3&NextTableName=1!48!bGlzdHRhYmxlMTUxMjkxMDgxATAxZDY2MTBlNDU1YmUxNDk-
  response:
    body:
      string: '{"odata.metadata":"https://storagename.table.core.windows.net/$metadata#Tables","value":[{"TableName":"listtable151291081"},{"TableName":"listtable1aab312c0"},{"TableName":"listtable1cac14c3"}]}'
    headers:
      cache-control: no-cache
      content-type: application/json;odata=minimalmetadata;streaming=true;charset=utf-8
      date: Thu, 23 Jul 2020 16:28:24 GMT
      server: Windows-Azure-Table/1.0 Microsoft-HTTPAPI/2.0
      transfer-encoding: chunked
      x-content-type-options: nosniff
      x-ms-continuation-nexttablename: 1!48!bGlzdHRhYmxlMjUxMjkxMDgxATAxZDY2MTBlNDU2OGRiZjQ-
      x-ms-version: '2019-07-07'
    status:
      code: 200
      message: OK
    url: https://pyacrstoragevwbkpqx4mzj2.table.core.windows.net/Tables?$top=3&NextTableName=1!48!bGlzdHRhYmxlMTUxMjkxMDgxATAxZDY2MTBlNDU1YmUxNDk-
- request:
    body: null
    headers:
      Accept:
      - application/json;odata=minimalmetadata
      DataServiceVersion:
      - '3.0'
      Date:
      - Thu, 23 Jul 2020 16:28:24 GMT
      User-Agent:
      - azsdk-python-storage-table/2019-07-07 Python/3.8.4 (Windows-10-10.0.19041-SP0)
      x-ms-date:
      - Thu, 23 Jul 2020 16:28:24 GMT
      x-ms-version:
      - '2019-07-07'
    method: GET
    uri: https://storagename.table.core.windows.net/Tables?$top=3&NextTableName=1!48!bGlzdHRhYmxlMjUxMjkxMDgxATAxZDY2MTBlNDU2OGRiZjQ-
  response:
    body:
      string: '{"odata.metadata":"https://storagename.table.core.windows.net/$metadata#Tables","value":[{"TableName":"listtable251291081"},{"TableName":"listtable2aab312c0"},{"TableName":"listtable2cac14c3"}]}'
    headers:
      cache-control: no-cache
      content-type: application/json;odata=minimalmetadata;streaming=true;charset=utf-8
      date: Thu, 23 Jul 2020 16:28:24 GMT
      server: Windows-Azure-Table/1.0 Microsoft-HTTPAPI/2.0
      transfer-encoding: chunked
      x-content-type-options: nosniff
      x-ms-continuation-nexttablename: 1!48!bGlzdHRhYmxlMzUxMjkxMDgxATAxZDY2MTBlNDU3YTFkMjc-
      x-ms-version: '2019-07-07'
    status:
      code: 200
      message: OK
    url: https://pyacrstoragevwbkpqx4mzj2.table.core.windows.net/Tables?$top=3&NextTableName=1!48!bGlzdHRhYmxlMjUxMjkxMDgxATAxZDY2MTBlNDU2OGRiZjQ-
- request:
    body: null
    headers:
      Accept:
      - application/json;odata=minimalmetadata
      DataServiceVersion:
      - '3.0'
      Date:
      - Thu, 23 Jul 2020 16:28:24 GMT
      User-Agent:
      - azsdk-python-storage-table/2019-07-07 Python/3.8.4 (Windows-10-10.0.19041-SP0)
      x-ms-date:
      - Thu, 23 Jul 2020 16:28:24 GMT
      x-ms-version:
      - '2019-07-07'
    method: GET
    uri: https://storagename.table.core.windows.net/Tables?$top=3&NextTableName=1!48!bGlzdHRhYmxlMzUxMjkxMDgxATAxZDY2MTBlNDU3YTFkMjc-
  response:
    body:
      string: '{"odata.metadata":"https://storagename.table.core.windows.net/$metadata#Tables","value":[{"TableName":"listtable351291081"},{"TableName":"listtable3aab312c0"},{"TableName":"listtable3cac14c3"}]}'
    headers:
      cache-control: no-cache
      content-type: application/json;odata=minimalmetadata;streaming=true;charset=utf-8
      date: Thu, 23 Jul 2020 16:28:24 GMT
      server: Windows-Azure-Table/1.0 Microsoft-HTTPAPI/2.0
      transfer-encoding: chunked
      x-content-type-options: nosniff
      x-ms-continuation-nexttablename: 1!48!cHl0YWJsZWFzeW5jMTU1MGUyOAEwMWQ2NjEwZTQ4YjNlNTlm
      x-ms-version: '2019-07-07'
    status:
      code: 200
      message: OK
    url: https://pyacrstoragevwbkpqx4mzj2.table.core.windows.net/Tables?$top=3&NextTableName=1!48!bGlzdHRhYmxlMzUxMjkxMDgxATAxZDY2MTBlNDU3YTFkMjc-
- request:
    body: null
    headers:
      Accept:
      - application/json;odata=minimalmetadata
      DataServiceVersion:
      - '3.0'
      Date:
      - Thu, 23 Jul 2020 16:28:24 GMT
      User-Agent:
      - azsdk-python-storage-table/2019-07-07 Python/3.8.4 (Windows-10-10.0.19041-SP0)
      x-ms-date:
      - Thu, 23 Jul 2020 16:28:24 GMT
      x-ms-version:
      - '2019-07-07'
    method: GET
    uri: https://storagename.table.core.windows.net/Tables?$top=3&NextTableName=1!48!cHl0YWJsZWFzeW5jMTU1MGUyOAEwMWQ2NjEwZTQ4YjNlNTlm
  response:
    body:
      string: '{"odata.metadata":"https://storagename.table.core.windows.net/$metadata#Tables","value":[]}'
    headers:
      cache-control: no-cache
      content-type: application/json;odata=minimalmetadata;streaming=true;charset=utf-8
      date: Thu, 23 Jul 2020 16:28:24 GMT
      server: Windows-Azure-Table/1.0 Microsoft-HTTPAPI/2.0
      transfer-encoding: chunked
      x-content-type-options: nosniff
      x-ms-version: '2019-07-07'
    status:
      code: 200
      message: OK
    url: https://pyacrstoragevwbkpqx4mzj2.table.core.windows.net/Tables?$top=3&NextTableName=1!48!cHl0YWJsZWFzeW5jMTU1MGUyOAEwMWQ2NjEwZTQ4YjNlNTlm
version: 1
