interactions:
- request:
    body: !!python/unicode '{"TableName": "pytablesync6d7c1113"}'
    headers:
      Accept:
      - application/json;odata=minimalmetadata
      Accept-Encoding:
      - gzip, deflate
      Connection:
      - keep-alive
      Content-Length:
      - '36'
      Content-Type:
      - application/json;odata=nometadata
      DataServiceVersion:
      - '3.0'
      Date:
      - Fri, 04 Sep 2020 23:53:32 GMT
      User-Agent:
      - azsdk-python-data-tables/12.0.0b1 Python/2.7.18 (Windows-10-10.0.19041)
      x-ms-date:
      - Fri, 04 Sep 2020 23:53:32 GMT
      x-ms-version:
      - '2019-02-02'
    method: POST
    uri: !!python/unicode https://storagename.table.core.windows.net/Tables
  response:
    body:
      string: !!python/unicode '{"odata.metadata":"https://storagename.table.core.windows.net/$metadata#Tables/@Element","TableName":"pytablesync6d7c1113"}'
    headers:
      cache-control:
      - no-cache
      content-type:
      - application/json;odata=minimalmetadata;streaming=true;charset=utf-8
      date:
      - Fri, 04 Sep 2020 23:53:32 GMT
      location:
      - !!python/unicode https://storagename.table.core.windows.net/Tables('pytablesync6d7c1113')
      server:
      - Windows-Azure-Table/1.0 Microsoft-HTTPAPI/2.0
      transfer-encoding:
      - chunked
      x-content-type-options:
      - nosniff
      x-ms-version:
      - '2019-02-02'
    status:
      code: 201
      message: Created
- request:
    body: !!python/unicode '{"TableName": "pytablesync6d7c1113"}'
    headers:
      Accept:
      - application/json;odata=minimalmetadata
      Accept-Encoding:
      - gzip, deflate
      Connection:
      - keep-alive
      Content-Length:
      - '36'
      Content-Type:
      - application/json;odata=nometadata
      DataServiceVersion:
      - '3.0'
      Date:
      - Fri, 04 Sep 2020 23:53:32 GMT
      User-Agent:
      - azsdk-python-data-tables/12.0.0b1 Python/2.7.18 (Windows-10-10.0.19041)
      x-ms-date:
      - Fri, 04 Sep 2020 23:53:32 GMT
      x-ms-version:
      - '2019-02-02'
    method: POST
    uri: !!python/unicode https://storagename.table.core.windows.net/Tables
  response:
    body:
      string: !!python/unicode '{"odata.error":{"code":"TableAlreadyExists","message":{"lang":"en-US","value":"The
        table specified already exists.\nRequestId:084ffdf6-4002-004a-7316-832857000000\nTime:2020-09-04T23:53:32.9194058Z"}}}'
    headers:
      cache-control:
      - no-cache
      content-type:
      - application/json;odata=minimalmetadata;streaming=true;charset=utf-8
      date:
      - Fri, 04 Sep 2020 23:53:32 GMT
      server:
      - Windows-Azure-Table/1.0 Microsoft-HTTPAPI/2.0
      transfer-encoding:
      - chunked
      x-content-type-options:
      - nosniff
      x-ms-version:
      - '2019-02-02'
    status:
      code: 409
      message: Conflict
- request:
    body: null
    headers:
      Accept:
      - application/json;odata=minimalmetadata
      Accept-Encoding:
      - gzip, deflate
      Connection:
      - keep-alive
      DataServiceVersion:
      - '3.0'
      Date:
      - Fri, 04 Sep 2020 23:53:32 GMT
      User-Agent:
      - azsdk-python-data-tables/12.0.0b1 Python/2.7.18 (Windows-10-10.0.19041)
      x-ms-date:
      - Fri, 04 Sep 2020 23:53:32 GMT
      x-ms-version:
      - '2019-02-02'
    method: GET
    uri: !!python/unicode https://storagename.table.core.windows.net/Tables?$filter=TableName%20eq%20%27pytablesync6d7c1113%27
  response:
    body:
      string: !!python/unicode '{"odata.metadata":"https://storagename.table.core.windows.net/$metadata#Tables","value":[{"TableName":"pytablesync6d7c1113"}]}'
    headers:
      cache-control:
      - no-cache
      content-type:
      - application/json;odata=minimalmetadata;streaming=true;charset=utf-8
      date:
      - Fri, 04 Sep 2020 23:53:32 GMT
      server:
      - Windows-Azure-Table/1.0 Microsoft-HTTPAPI/2.0
      transfer-encoding:
      - chunked
      x-content-type-options:
      - nosniff
      x-ms-version:
      - '2019-02-02'
    status:
      code: 200
      message: OK
- request:
    body: null
    headers:
      Accept:
      - application/json
      Accept-Encoding:
      - gzip, deflate
      Connection:
      - keep-alive
      Content-Length:
      - '0'
      Date:
      - Fri, 04 Sep 2020 23:53:32 GMT
      User-Agent:
      - azsdk-python-data-tables/12.0.0b1 Python/2.7.18 (Windows-10-10.0.19041)
      x-ms-date:
      - Fri, 04 Sep 2020 23:53:32 GMT
      x-ms-version:
      - '2019-02-02'
    method: DELETE
    uri: !!python/unicode https://storagename.table.core.windows.net/Tables('pytablesync6d7c1113')
  response:
    body:
      string: !!python/unicode 
    headers:
      cache-control:
      - no-cache
      content-length:
      - '0'
      date:
      - Fri, 04 Sep 2020 23:53:32 GMT
      server:
      - Windows-Azure-Table/1.0 Microsoft-HTTPAPI/2.0
      x-content-type-options:
      - nosniff
      x-ms-version:
      - '2019-02-02'
    status:
      code: 204
      message: No Content
version: 1
