{
  "Entries": [
    {
      "RequestUri": "https://yalltablestestsprim.table.core.windows.net/Tables",
      "RequestMethod": "POST",
      "RequestHeaders": {
        "Accept": "application/json;odata=minimalmetadata",
        "Accept-Encoding": "gzip, deflate",
        "Authorization": "Sanitized",
        "Content-Length": "32",
        "Content-Type": "application/json;odata=nometadata",
        "DataServiceVersion": "3.0",
        "Date": "Thu, 16 Sep 2021 09:50:08 GMT",
        "User-Agent": "azsdk-python-data-tables/12.1.1 Python/3.9.2 (Windows-10-10.0.19041-SP0)",
        "x-ms-client-request-id": "79e8f46a-16d3-11ec-84f9-5cf37093a909",
        "x-ms-date": "Thu, 16 Sep 2021 09:50:08 GMT",
        "x-ms-version": "2019-02-02"
      },
      "RequestBody": "{\u0022TableName\u0022: \u0022uttableaba32dc3\u0022}",
      "StatusCode": 201,
      "ResponseHeaders": {
        "Cache-Control": "no-cache",
        "Content-Type": "application/json; odata=minimalmetadata; streaming=true; charset=utf-8",
        "Date": "Thu, 16 Sep 2021 09:50:06 GMT",
        "Location": "https://yalltablestestsprim.table.core.windows.net/Tables(\u0027uttableaba32dc3\u0027)",
        "Server": [
          "Windows-Azure-Table/1.0",
          "Microsoft-HTTPAPI/2.0"
        ],
        "Transfer-Encoding": "chunked",
        "X-Content-Type-Options": "nosniff",
        "x-ms-client-request-id": "79e8f46a-16d3-11ec-84f9-5cf37093a909",
        "x-ms-request-id": "b1cffdb0-c002-00db-08e0-aa45fd000000",
        "x-ms-version": "2019-02-02"
      },
      "ResponseBody": {
        "odata.metadata": "https://yalltablestestsprim.table.core.windows.net/$metadata#Tables/@Element",
        "TableName": "uttableaba32dc3"
      }
    },
    {
      "RequestUri": "https://yalltablestestsprim.table.core.windows.net/uttableaba32dc3",
      "RequestMethod": "POST",
      "RequestHeaders": {
        "Accept": "application/json;odata=minimalmetadata",
        "Accept-Encoding": "gzip, deflate",
        "Authorization": "Sanitized",
        "Content-Length": "801",
        "Content-Type": "application/json;odata=nometadata",
        "DataServiceVersion": "3.0",
        "Date": "Thu, 16 Sep 2021 09:50:08 GMT",
        "User-Agent": "azsdk-python-data-tables/12.1.1 Python/3.9.2 (Windows-10-10.0.19041-SP0)",
        "x-ms-client-request-id": "79ef3f72-16d3-11ec-8a0d-5cf37093a909",
        "x-ms-date": "Thu, 16 Sep 2021 09:50:08 GMT",
        "x-ms-version": "2019-02-02"
      },
      "RequestBody": "{\u0022PartitionKey\u0022: \u0022pkaba32dc3\u0022, \u0022PartitionKey@odata.type\u0022: \u0022Edm.String\u0022, \u0022RowKey\u0022: \u0022rkaba32dc3\u0022, \u0022RowKey@odata.type\u0022: \u0022Edm.String\u0022, \u0022age\u0022: 39, \u0022sex\u0022: \u0022male\u0022, \u0022sex@odata.type\u0022: \u0022Edm.String\u0022, \u0022married\u0022: true, \u0022deceased\u0022: false, \u0022ratio\u0022: 3.1, \u0022ratio@odata.type\u0022: \u0022Edm.Double\u0022, \u0022evenratio\u0022: 3.0, \u0022evenratio@odata.type\u0022: \u0022Edm.Double\u0022, \u0022double\u0022: 5, \u0022double@odata.type\u0022: \u0022Edm.Double\u0022, \u0022large\u0022: 933311100, \u0022Birthday\u0022: \u00221973-10-04T00:00:00.000000Z\u0022, \u0022Birthday@odata.type\u0022: \u0022Edm.DateTime\u0022, \u0022birthday\u0022: \u00221970-10-04T00:00:00.000000Z\u0022, \u0022birthday@odata.type\u0022: \u0022Edm.DateTime\u0022, \u0022binary\u0022: \u0022YmluYXJ5\u0022, \u0022binary@odata.type\u0022: \u0022Edm.Binary\u0022, \u0022other\u0022: 20, \u0022clsid\u0022: \u0022c9da6455-213d-42c9-9a79-3e9149a57833\u0022, \u0022clsid@odata.type\u0022: \u0022Edm.Guid\u0022, \u0022milliseconds\u0022: \u00222011-11-04T00:05:23.283000Z\u0022, \u0022milliseconds@odata.type\u0022: \u0022Edm.DateTime\u0022}",
      "StatusCode": 201,
      "ResponseHeaders": {
        "Cache-Control": "no-cache",
        "Content-Type": "application/json; odata=minimalmetadata; streaming=true; charset=utf-8",
        "Date": "Thu, 16 Sep 2021 09:50:06 GMT",
        "ETag": "W/\u0022datetime\u00272021-09-16T09%3A50%3A07.0896946Z\u0027\u0022",
        "Location": "https://yalltablestestsprim.table.core.windows.net/uttableaba32dc3(PartitionKey=\u0027pkaba32dc3\u0027,RowKey=\u0027rkaba32dc3\u0027)",
        "Server": [
          "Windows-Azure-Table/1.0",
          "Microsoft-HTTPAPI/2.0"
        ],
        "Transfer-Encoding": "chunked",
        "X-Content-Type-Options": "nosniff",
        "x-ms-client-request-id": "79ef3f72-16d3-11ec-8a0d-5cf37093a909",
        "x-ms-request-id": "b1cffdba-c002-00db-11e0-aa45fd000000",
        "x-ms-version": "2019-02-02"
      },
      "ResponseBody": {
        "odata.metadata": "https://yalltablestestsprim.table.core.windows.net/$metadata#uttableaba32dc3/@Element",
        "odata.etag": "W/\u0022datetime\u00272021-09-16T09%3A50%3A07.0896946Z\u0027\u0022",
        "PartitionKey": "pkaba32dc3",
        "RowKey": "rkaba32dc3",
        "Timestamp": "2021-09-16T09:50:07.0896946Z",
        "age": 39,
        "sex": "male",
        "married": true,
        "deceased": false,
        "ratio": 3.1,
        "evenratio": 3.0,
        "double": 5.0,
        "large": 933311100,
        "Birthday@odata.type": "Edm.DateTime",
        "Birthday": "1973-10-04T00:00:00Z",
        "birthday@odata.type": "Edm.DateTime",
        "birthday": "1970-10-04T00:00:00Z",
        "binary@odata.type": "Edm.Binary",
        "binary": "YmluYXJ5",
        "other": 20,
        "clsid@odata.type": "Edm.Guid",
        "clsid": "c9da6455-213d-42c9-9a79-3e9149a57833",
        "milliseconds@odata.type": "Edm.DateTime",
        "milliseconds": "2011-11-04T00:05:23.283Z"
      }
    },
    {
      "RequestUri": "https://yalltablestestsprim.table.core.windows.net/uttableaba32dc3(PartitionKey=\u0027pkaba32dc3\u0027,RowKey=\u0027rkaba32dc3\u0027)",
      "RequestMethod": "GET",
      "RequestHeaders": {
        "Accept": "application/json;odata=minimalmetadata",
        "Accept-Encoding": "gzip, deflate",
        "Authorization": "Sanitized",
        "DataServiceVersion": "3.0",
        "Date": "Thu, 16 Sep 2021 09:50:08 GMT",
        "User-Agent": "azsdk-python-data-tables/12.1.1 Python/3.9.2 (Windows-10-10.0.19041-SP0)",
        "x-ms-client-request-id": "79f33612-16d3-11ec-ac3d-5cf37093a909",
        "x-ms-date": "Thu, 16 Sep 2021 09:50:08 GMT",
        "x-ms-version": "2019-02-02"
      },
      "RequestBody": null,
      "StatusCode": 200,
      "ResponseHeaders": {
        "Cache-Control": "no-cache",
        "Content-Type": "application/json; odata=minimalmetadata; streaming=true; charset=utf-8",
        "Date": "Thu, 16 Sep 2021 09:50:06 GMT",
        "ETag": "W/\u0022datetime\u00272021-09-16T09%3A50%3A07.0896946Z\u0027\u0022",
        "Server": [
          "Windows-Azure-Table/1.0",
          "Microsoft-HTTPAPI/2.0"
        ],
        "Transfer-Encoding": "chunked",
        "X-Content-Type-Options": "nosniff",
        "x-ms-client-request-id": "79f33612-16d3-11ec-ac3d-5cf37093a909",
        "x-ms-request-id": "b1cffdc0-c002-00db-17e0-aa45fd000000",
        "x-ms-version": "2019-02-02"
      },
      "ResponseBody": {
        "odata.metadata": "https://yalltablestestsprim.table.core.windows.net/$metadata#uttableaba32dc3/@Element",
        "odata.etag": "W/\u0022datetime\u00272021-09-16T09%3A50%3A07.0896946Z\u0027\u0022",
        "PartitionKey": "pkaba32dc3",
        "RowKey": "rkaba32dc3",
        "Timestamp": "2021-09-16T09:50:07.0896946Z",
        "age": 39,
        "sex": "male",
        "married": true,
        "deceased": false,
        "ratio": 3.1,
        "evenratio": 3.0,
        "double": 5.0,
        "large": 933311100,
        "Birthday@odata.type": "Edm.DateTime",
        "Birthday": "1973-10-04T00:00:00Z",
        "birthday@odata.type": "Edm.DateTime",
        "birthday": "1970-10-04T00:00:00Z",
        "binary@odata.type": "Edm.Binary",
        "binary": "YmluYXJ5",
        "other": 20,
        "clsid@odata.type": "Edm.Guid",
        "clsid": "c9da6455-213d-42c9-9a79-3e9149a57833",
        "milliseconds@odata.type": "Edm.DateTime",
        "milliseconds": "2011-11-04T00:05:23.283Z"
      }
    },
    {
      "RequestUri": "https://yalltablestestsprim.table.core.windows.net/Tables",
      "RequestMethod": "GET",
      "RequestHeaders": {
        "Accept": "application/json;odata=minimalmetadata",
        "Accept-Encoding": "gzip, deflate",
        "Authorization": "Sanitized",
        "DataServiceVersion": "3.0",
        "Date": "Thu, 16 Sep 2021 09:50:08 GMT",
        "User-Agent": "azsdk-python-data-tables/12.1.1 Python/3.9.2 (Windows-10-10.0.19041-SP0)",
        "x-ms-client-request-id": "79f6e211-16d3-11ec-bf31-5cf37093a909",
        "x-ms-date": "Thu, 16 Sep 2021 09:50:08 GMT",
        "x-ms-version": "2019-02-02"
      },
      "RequestBody": null,
      "StatusCode": 200,
      "ResponseHeaders": {
        "Cache-Control": "no-cache",
        "Content-Type": "application/json; odata=minimalmetadata; streaming=true; charset=utf-8",
        "Date": "Thu, 16 Sep 2021 09:50:06 GMT",
        "Server": [
          "Windows-Azure-Table/1.0",
          "Microsoft-HTTPAPI/2.0"
        ],
        "Transfer-Encoding": "chunked",
        "X-Content-Type-Options": "nosniff",
        "x-ms-client-request-id": "79f6e211-16d3-11ec-bf31-5cf37093a909",
        "x-ms-request-id": "b1cffdc6-c002-00db-1de0-aa45fd000000",
        "x-ms-version": "2019-02-02"
      },
      "ResponseBody": {
        "odata.metadata": "https://yalltablestestsprim.table.core.windows.net/$metadata#Tables",
        "value": [
          {
            "TableName": "uttableaba32dc3"
          }
        ]
      }
    },
    {
      "RequestUri": "https://yalltablestestsprim.table.core.windows.net/Tables(\u0027uttableaba32dc3\u0027)",
      "RequestMethod": "DELETE",
      "RequestHeaders": {
        "Accept": "application/json",
        "Accept-Encoding": "gzip, deflate",
        "Authorization": "Sanitized",
        "Content-Length": "0",
        "Date": "Thu, 16 Sep 2021 09:50:08 GMT",
        "User-Agent": "azsdk-python-data-tables/12.1.1 Python/3.9.2 (Windows-10-10.0.19041-SP0)",
        "x-ms-client-request-id": "79f9cc0e-16d3-11ec-b002-5cf37093a909",
        "x-ms-date": "Thu, 16 Sep 2021 09:50:08 GMT",
        "x-ms-version": "2019-02-02"
      },
      "RequestBody": null,
      "StatusCode": 204,
      "ResponseHeaders": {
        "Cache-Control": "no-cache",
        "Content-Length": "0",
        "Date": "Thu, 16 Sep 2021 09:50:06 GMT",
        "Server": [
          "Windows-Azure-Table/1.0",
          "Microsoft-HTTPAPI/2.0"
        ],
        "X-Content-Type-Options": "nosniff",
        "x-ms-client-request-id": "79f9cc0e-16d3-11ec-b002-5cf37093a909",
        "x-ms-request-id": "b1cffdcb-c002-00db-22e0-aa45fd000000",
        "x-ms-version": "2019-02-02"
      },
      "ResponseBody": null
    }
  ],
  "Variables": {}
}