interactions:
- request:
    body: '{"TableName": "uttablee12c202f"}'
    headers:
      Accept:
      - application/json;odata=minimalmetadata
      Accept-Encoding:
      - gzip, deflate
      Connection:
      - keep-alive
      Content-Length:
      - '32'
      Content-Type:
      - application/json;odata=nometadata
      DataServiceVersion:
      - '3.0'
      Date:
      - Thu, 17 Sep 2020 16:51:43 GMT
      User-Agent:
      - azsdk-python-data-tables/2019-07-07 Python/3.8.4 (Windows-10-10.0.19041-SP0)
      x-ms-date:
      - Thu, 17 Sep 2020 16:51:43 GMT
      x-ms-version:
      - '2019-07-07'
    method: POST
    uri: https://seankanecosmos.table.cosmos.azure.com/Tables
  response:
    body:
      string: '{"TableName":"uttablee12c202f","odata.metadata":"https://seankanecosmos.table.cosmos.azure.com/$metadata#Tables/@Element"}'
    headers:
      content-type:
      - application/json;odata=minimalmetadata
      date:
      - Thu, 17 Sep 2020 16:51:43 GMT
      etag:
      - W/"datetime'2020-09-17T16%3A51%3A44.2829319Z'"
      location:
      - https://seankanecosmos.table.cosmos.azure.com/Tables('uttablee12c202f')
      server:
      - Microsoft-HTTPAPI/2.0
      transfer-encoding:
      - chunked
    status:
      code: 201
      message: Ok
- request:
    body: '{"PartitionKey": "pke12c202f", "RowKey": "rke12c202f", "age": "abc", "sex":
      "female", "sign": "aquarius", "birthday": "1991-10-04T00:00:00Z", "birthday@odata.type":
      "Edm.DateTime"}'
    headers:
      Accept:
      - '*/*'
      Accept-Encoding:
      - gzip, deflate
      Connection:
      - keep-alive
      Content-Length:
      - '180'
      Content-Type:
      - application/json
      DataServiceVersion:
      - '3.0'
      Date:
      - Thu, 17 Sep 2020 16:51:44 GMT
      User-Agent:
      - azsdk-python-data-tables/2019-07-07 Python/3.8.4 (Windows-10-10.0.19041-SP0)
      x-ms-date:
      - Thu, 17 Sep 2020 16:51:44 GMT
      x-ms-version:
      - '2019-07-07'
    method: PATCH
    uri: https://seankanecosmos.table.cosmos.azure.com/uttablee12c202f(PartitionKey='pke12c202f',RowKey='rke12c202f')
  response:
    body:
      string: "{\"odata.error\":{\"code\":\"InvalidInput\",\"message\":{\"lang\":\"en-us\",\"value\":\"One
        of the input values is invalid.\\r\\nActivityId: 11769a0b-f906-11ea-ab19-58961df361d1,
        documentdb-dotnet-sdk/2.11.0 Host/64-bit MicrosoftWindowsNT/6.2.9200.0\\nRequestID:11769a0b-f906-11ea-ab19-58961df361d1\\n\"}}}\r\n"
    headers:
      content-type:
      - application/json;odata=fullmetadata
      date:
      - Thu, 17 Sep 2020 16:51:43 GMT
      server:
      - Microsoft-HTTPAPI/2.0
      transfer-encoding:
      - chunked
    status:
      code: 400
      message: Bad Request
- request:
    body: null
    headers:
      Accept:
      - '*/*'
      Accept-Encoding:
      - gzip, deflate
      Connection:
      - keep-alive
      Content-Length:
      - '0'
      Date:
      - Thu, 17 Sep 2020 16:51:44 GMT
      User-Agent:
      - azsdk-python-data-tables/2019-07-07 Python/3.8.4 (Windows-10-10.0.19041-SP0)
      x-ms-date:
      - Thu, 17 Sep 2020 16:51:44 GMT
      x-ms-version:
      - '2019-07-07'
    method: DELETE
    uri: https://seankanecosmos.table.cosmos.azure.com/Tables('uttablee12c202f')
  response:
    body:
      string: ''
    headers:
      content-length:
      - '0'
      date:
      - Thu, 17 Sep 2020 16:51:45 GMT
      server:
      - Microsoft-HTTPAPI/2.0
    status:
      code: 204
      message: No Content
- request:
    body: null
    headers:
      Accept:
      - application/json;odata=minimalmetadata
      Accept-Encoding:
      - gzip, deflate
      Connection:
      - keep-alive
      DataServiceVersion:
      - '3.0'
      Date:
      - Thu, 17 Sep 2020 16:51:44 GMT
      User-Agent:
      - azsdk-python-data-tables/2019-07-07 Python/3.8.4 (Windows-10-10.0.19041-SP0)
      x-ms-date:
      - Thu, 17 Sep 2020 16:51:44 GMT
      x-ms-version:
      - '2019-07-07'
    method: GET
    uri: https://seankanecosmos.table.cosmos.azure.com/Tables
  response:
    body:
      string: "{\"value\":[{\"TableName\":\"mytable\"},{\"TableName\":\"uttable659c10f9\"},{\"TableName\":\"\u554A\u9F44\u4E02\u72DB\u72DC\"},{\"TableName\":\"querytable98d81758\"}],\"odata.metadata\":\"https://seankanecosmos.table.cosmos.azure.com/$metadata#Tables\"}"
    headers:
      content-type:
      - application/json;odata=minimalmetadata
      date:
      - Thu, 17 Sep 2020 16:51:45 GMT
      server:
      - Microsoft-HTTPAPI/2.0
      transfer-encoding:
      - chunked
    status:
      code: 200
      message: Ok
version: 1
