interactions:
- request:
    body: '{"TableName": "uttableb1e51be0"}'
    headers:
      Accept:
      - application/json;odata=minimalmetadata
      Content-Length:
      - '32'
      Content-Type:
      - application/json;odata=nometadata
      DataServiceVersion:
      - '3.0'
      Date:
      - Sat, 07 Nov 2020 02:02:28 GMT
      User-Agent:
      - azsdk-python-data-tables/12.0.0b3 Python/3.5.3 (Windows-10-10.0.19041-SP0)
      x-ms-date:
      - Sat, 07 Nov 2020 02:02:28 GMT
      x-ms-version:
      - '2019-02-02'
    method: POST
    uri: https://tablestestcosmosname.table.cosmos.azure.com/Tables
  response:
    body:
      string: '{"TableName":"uttableb1e51be0","odata.metadata":"https://tablestestcosmosname.table.cosmos.azure.com/$metadata#Tables/@Element"}'
    headers:
      content-type: application/json;odata=minimalmetadata
      date: Sat, 07 Nov 2020 02:02:29 GMT
      etag: W/"datetime'2020-11-07T02%3A02%3A29.5028743Z'"
      location: https://tablestestcosmosname.table.cosmos.azure.com/Tables('uttableb1e51be0')
      server: Microsoft-HTTPAPI/2.0
      transfer-encoding: chunked
    status:
      code: 201
      message: Ok
    url: https://tablestestussw52mubjcwms.table.cosmos.azure.com/Tables
- request:
    body: '{"PartitionKey": "pkb1e51be0", "SpacesOnlyUnicode": "   ", "SpacesBeforeByte":
      "   Text", "SpacesBeforeUnicode@odata.type": "Edm.String", "SpacesAfterByte":
      "Text   ", "RowKey": "rkb1e51be0", "SpacesAfterUnicode@odata.type": "Edm.String",
      "SpacesBeforeAndAfterUnicode@odata.type": "Edm.String", "SpacesBeforeAndAfterUnicode":
      "   Text   ", "SpacesOnlyByte": "   ", "SpacesAfterByte@odata.type": "Edm.String",
      "SpacesBeforeAndAfterByte": "   Text   ", "SpacesBeforeAndAfterByte@odata.type":
      "Edm.String", "EmptyByte@odata.type": "Edm.String", "EmptyUnicode@odata.type":
      "Edm.String", "SpacesAfterUnicode": "Text   ", "EmptyUnicode": "", "RowKey@odata.type":
      "Edm.String", "SpacesOnlyUnicode@odata.type": "Edm.String", "SpacesOnlyByte@odata.type":
      "Edm.String", "EmptyByte": "", "PartitionKey@odata.type": "Edm.String", "SpacesBeforeUnicode":
      "   Text", "SpacesBeforeByte@odata.type": "Edm.String"}'
    headers:
      Accept:
      - application/json;odata=minimalmetadata
      Content-Length:
      - '896'
      Content-Type:
      - application/json;odata=nometadata
      DataServiceVersion:
      - '3.0'
      Date:
      - Sat, 07 Nov 2020 02:02:29 GMT
      User-Agent:
      - azsdk-python-data-tables/12.0.0b3 Python/3.5.3 (Windows-10-10.0.19041-SP0)
      x-ms-date:
      - Sat, 07 Nov 2020 02:02:29 GMT
      x-ms-version:
      - '2019-02-02'
    method: POST
    uri: https://tablestestcosmosname.table.cosmos.azure.com/uttableb1e51be0
  response:
    body:
      string: '{"odata.metadata":"https://tablestestcosmosname.table.cosmos.azure.com/uttableb1e51be0/$metadata#uttableb1e51be0/@Element","odata.etag":"W/\"datetime''2020-11-07T02%3A02%3A29.9384839Z''\"","PartitionKey":"pkb1e51be0","SpacesOnlyUnicode":"   ","SpacesBeforeByte":"   Text","SpacesAfterByte":"Text   ","RowKey":"rkb1e51be0","SpacesBeforeAndAfterUnicode":"   Text   ","SpacesOnlyByte":"   ","SpacesBeforeAndAfterByte":"   Text   ","SpacesAfterUnicode":"Text   ","EmptyUnicode":"","EmptyByte":"","SpacesBeforeUnicode":"   Text","Timestamp":"2020-11-07T02:02:29.9384839Z"}'
    headers:
      content-type: application/json;odata=minimalmetadata
      date: Sat, 07 Nov 2020 02:02:29 GMT
      etag: W/"datetime'2020-11-07T02%3A02%3A29.9384839Z'"
      location: https://tablestestcosmosname.table.cosmos.azure.com/uttableb1e51be0(PartitionKey='pkb1e51be0',RowKey='rkb1e51be0')
      server: Microsoft-HTTPAPI/2.0
      transfer-encoding: chunked
    status:
      code: 201
      message: Created
    url: https://tablestestussw52mubjcwms.table.cosmos.azure.com/uttableb1e51be0
- request:
    body: null
    headers:
      Accept:
      - application/json;odata=minimalmetadata
      DataServiceVersion:
      - '3.0'
      Date:
      - Sat, 07 Nov 2020 02:02:29 GMT
      User-Agent:
      - azsdk-python-data-tables/12.0.0b3 Python/3.5.3 (Windows-10-10.0.19041-SP0)
      x-ms-date:
      - Sat, 07 Nov 2020 02:02:29 GMT
      x-ms-version:
      - '2019-02-02'
    method: GET
    uri: https://tablestestcosmosname.table.cosmos.azure.com/uttableb1e51be0(PartitionKey='pkb1e51be0',RowKey='rkb1e51be0')
  response:
    body:
      string: '{"odata.metadata":"https://tablestestcosmosname.table.cosmos.azure.com/uttableb1e51be0/$metadata#uttableb1e51be0/@Element","odata.etag":"W/\"datetime''2020-11-07T02%3A02%3A29.9384839Z''\"","PartitionKey":"pkb1e51be0","SpacesOnlyUnicode":"   ","SpacesBeforeByte":"   Text","SpacesAfterByte":"Text   ","RowKey":"rkb1e51be0","SpacesBeforeAndAfterUnicode":"   Text   ","SpacesOnlyByte":"   ","SpacesBeforeAndAfterByte":"   Text   ","SpacesAfterUnicode":"Text   ","EmptyUnicode":"","EmptyByte":"","SpacesBeforeUnicode":"   Text","Timestamp":"2020-11-07T02:02:29.9384839Z"}'
    headers:
      content-type: application/json;odata=minimalmetadata
      date: Sat, 07 Nov 2020 02:02:29 GMT
      etag: W/"datetime'2020-11-07T02%3A02%3A29.9384839Z'"
      server: Microsoft-HTTPAPI/2.0
      transfer-encoding: chunked
    status:
      code: 200
      message: Ok
    url: https://tablestestussw52mubjcwms.table.cosmos.azure.com/uttableb1e51be0(PartitionKey='pkb1e51be0',RowKey='rkb1e51be0')
- request:
    body: null
    headers:
      Accept:
      - application/json
      Date:
      - Sat, 07 Nov 2020 02:02:29 GMT
      User-Agent:
      - azsdk-python-data-tables/12.0.0b3 Python/3.5.3 (Windows-10-10.0.19041-SP0)
      x-ms-date:
      - Sat, 07 Nov 2020 02:02:29 GMT
      x-ms-version:
      - '2019-02-02'
    method: DELETE
    uri: https://tablestestcosmosname.table.cosmos.azure.com/Tables('uttableb1e51be0')
  response:
    body:
      string: ''
    headers:
      content-length: '0'
      date: Sat, 07 Nov 2020 02:02:29 GMT
      server: Microsoft-HTTPAPI/2.0
    status:
      code: 204
      message: No Content
    url: https://tablestestussw52mubjcwms.table.cosmos.azure.com/Tables('uttableb1e51be0')
version: 1
