{
  "Entries": [
    {
      "RequestUri": "https://yalltablestestsprim.table.core.windows.net/Tables",
      "RequestMethod": "POST",
      "RequestHeaders": {
        "Accept": "application/json;odata=minimalmetadata",
        "Accept-Encoding": "gzip, deflate",
        "Authorization": "Sanitized",
        "Connection": "keep-alive",
        "Content-Length": "32",
        "Content-Type": "application/json;odata=nometadata",
        "DataServiceVersion": "3.0",
        "Date": "Thu, 16 Sep 2021 10:01:59 GMT",
        "User-Agent": "azsdk-python-data-tables/12.1.1 Python/3.9.2 (Windows-10-10.0.19041-SP0)",
        "x-ms-client-request-id": "21af681b-16d5-11ec-b169-5cf37093a909",
        "x-ms-date": "Thu, 16 Sep 2021 10:01:59 GMT",
        "x-ms-version": "2019-02-02"
      },
      "RequestBody": "{\u0022TableName\u0022: \u0022uttable6c292fae\u0022}",
      "StatusCode": 201,
      "ResponseHeaders": {
        "Cache-Control": "no-cache",
        "Content-Type": "application/json; odata=minimalmetadata; streaming=true; charset=utf-8",
        "Date": "Thu, 16 Sep 2021 10:01:58 GMT",
        "Location": "https://yalltablestestsprim.table.core.windows.net/Tables(\u0027uttable6c292fae\u0027)",
        "Server": [
          "Windows-Azure-Table/1.0",
          "Microsoft-HTTPAPI/2.0"
        ],
        "Transfer-Encoding": "chunked",
        "X-Content-Type-Options": "nosniff",
        "x-ms-client-request-id": "21af681b-16d5-11ec-b169-5cf37093a909",
        "x-ms-request-id": "ae8df058-8002-00b1-50e1-aa1956000000",
        "x-ms-version": "2019-02-02"
      },
      "ResponseBody": {
        "odata.metadata": "https://yalltablestestsprim.table.core.windows.net/$metadata#Tables/@Element",
        "TableName": "uttable6c292fae"
      }
    },
    {
      "RequestUri": "https://yalltablestestsprim.table.core.windows.net/uttable6c292fae",
      "RequestMethod": "POST",
      "RequestHeaders": {
        "Accept": "application/json;odata=minimalmetadata",
        "Accept-Encoding": "gzip, deflate",
        "Authorization": "Sanitized",
        "Connection": "keep-alive",
        "Content-Length": "192",
        "Content-Type": "application/json;odata=nometadata",
        "DataServiceVersion": "3.0",
        "Date": "Thu, 16 Sep 2021 10:01:59 GMT",
        "User-Agent": "azsdk-python-data-tables/12.1.1 Python/3.9.2 (Windows-10-10.0.19041-SP0)",
        "x-ms-client-request-id": "21f22544-16d5-11ec-a679-5cf37093a909",
        "x-ms-date": "Thu, 16 Sep 2021 10:01:59 GMT",
        "x-ms-version": "2019-02-02"
      },
      "RequestBody": "{\u0022PartitionKey\u0022: \u0022pk6c292fae\u0022, \u0022PartitionKey@odata.type\u0022: \u0022Edm.String\u0022, \u0022RowKey\u0022: \u0022rk6c292fae\u0022, \u0022RowKey@odata.type\u0022: \u0022Edm.String\u0022, \u0022large\u0022: \u00221125899906842624\u0022, \u0022large@odata.type\u0022: \u0022Edm.Int64\u0022}",
      "StatusCode": 201,
      "ResponseHeaders": {
        "Cache-Control": "no-cache",
        "Content-Type": "application/json; odata=minimalmetadata; streaming=true; charset=utf-8",
        "Date": "Thu, 16 Sep 2021 10:01:58 GMT",
        "ETag": "W/\u0022datetime\u00272021-09-16T10%3A01%3A58.4609056Z\u0027\u0022",
        "Location": "https://yalltablestestsprim.table.core.windows.net/uttable6c292fae(PartitionKey=\u0027pk6c292fae\u0027,RowKey=\u0027rk6c292fae\u0027)",
        "Server": [
          "Windows-Azure-Table/1.0",
          "Microsoft-HTTPAPI/2.0"
        ],
        "Transfer-Encoding": "chunked",
        "X-Content-Type-Options": "nosniff",
        "x-ms-client-request-id": "21f22544-16d5-11ec-a679-5cf37093a909",
        "x-ms-request-id": "ae8df05d-8002-00b1-53e1-aa1956000000",
        "x-ms-version": "2019-02-02"
      },
      "ResponseBody": {
        "odata.metadata": "https://yalltablestestsprim.table.core.windows.net/$metadata#uttable6c292fae/@Element",
        "odata.etag": "W/\u0022datetime\u00272021-09-16T10%3A01%3A58.4609056Z\u0027\u0022",
        "PartitionKey": "pk6c292fae",
        "RowKey": "rk6c292fae",
        "Timestamp": "2021-09-16T10:01:58.4609056Z",
        "large@odata.type": "Edm.Int64",
        "large": "1125899906842624"
      }
    },
    {
      "RequestUri": "https://yalltablestestsprim.table.core.windows.net/uttable6c292fae(PartitionKey=\u0027pk6c292fae\u0027,RowKey=\u0027rk6c292fae\u0027)",
      "RequestMethod": "GET",
      "RequestHeaders": {
        "Accept": "application/json;odata=minimalmetadata",
        "Accept-Encoding": "gzip, deflate",
        "Authorization": "Sanitized",
        "Connection": "keep-alive",
        "DataServiceVersion": "3.0",
        "Date": "Thu, 16 Sep 2021 10:01:59 GMT",
        "User-Agent": "azsdk-python-data-tables/12.1.1 Python/3.9.2 (Windows-10-10.0.19041-SP0)",
        "x-ms-client-request-id": "21f835db-16d5-11ec-815d-5cf37093a909",
        "x-ms-date": "Thu, 16 Sep 2021 10:01:59 GMT",
        "x-ms-version": "2019-02-02"
      },
      "RequestBody": null,
      "StatusCode": 200,
      "ResponseHeaders": {
        "Cache-Control": "no-cache",
        "Content-Type": "application/json; odata=minimalmetadata; streaming=true; charset=utf-8",
        "Date": "Thu, 16 Sep 2021 10:01:58 GMT",
        "ETag": "W/\u0022datetime\u00272021-09-16T10%3A01%3A58.4609056Z\u0027\u0022",
        "Server": [
          "Windows-Azure-Table/1.0",
          "Microsoft-HTTPAPI/2.0"
        ],
        "Transfer-Encoding": "chunked",
        "X-Content-Type-Options": "nosniff",
        "x-ms-client-request-id": "21f835db-16d5-11ec-815d-5cf37093a909",
        "x-ms-request-id": "ae8df060-8002-00b1-55e1-aa1956000000",
        "x-ms-version": "2019-02-02"
      },
      "ResponseBody": {
        "odata.metadata": "https://yalltablestestsprim.table.core.windows.net/$metadata#uttable6c292fae/@Element",
        "odata.etag": "W/\u0022datetime\u00272021-09-16T10%3A01%3A58.4609056Z\u0027\u0022",
        "PartitionKey": "pk6c292fae",
        "RowKey": "rk6c292fae",
        "Timestamp": "2021-09-16T10:01:58.4609056Z",
        "large@odata.type": "Edm.Int64",
        "large": "1125899906842624"
      }
    },
    {
      "RequestUri": "https://yalltablestestsprim.table.core.windows.net/uttable6c292fae",
      "RequestMethod": "POST",
      "RequestHeaders": {
        "Accept": "application/json;odata=minimalmetadata",
        "Accept-Encoding": "gzip, deflate",
        "Authorization": "Sanitized",
        "Connection": "keep-alive",
        "Content-Length": "191",
        "Content-Type": "application/json;odata=nometadata",
        "DataServiceVersion": "3.0",
        "Date": "Thu, 16 Sep 2021 10:01:59 GMT",
        "User-Agent": "azsdk-python-data-tables/12.1.1 Python/3.9.2 (Windows-10-10.0.19041-SP0)",
        "x-ms-client-request-id": "21fbec05-16d5-11ec-aa53-5cf37093a909",
        "x-ms-date": "Thu, 16 Sep 2021 10:01:59 GMT",
        "x-ms-version": "2019-02-02"
      },
      "RequestBody": "{\u0022PartitionKey\u0022: \u0022pk6c292fae\u0022, \u0022PartitionKey@odata.type\u0022: \u0022Edm.String\u0022, \u0022RowKey\u0022: \u0022negative\u0022, \u0022RowKey@odata.type\u0022: \u0022Edm.String\u0022, \u0022large\u0022: \u0022-1125899906842625\u0022, \u0022large@odata.type\u0022: \u0022Edm.Int64\u0022}",
      "StatusCode": 201,
      "ResponseHeaders": {
        "Cache-Control": "no-cache",
        "Content-Type": "application/json; odata=minimalmetadata; streaming=true; charset=utf-8",
        "Date": "Thu, 16 Sep 2021 10:01:58 GMT",
        "ETag": "W/\u0022datetime\u00272021-09-16T10%3A01%3A58.5229493Z\u0027\u0022",
        "Location": "https://yalltablestestsprim.table.core.windows.net/uttable6c292fae(PartitionKey=\u0027pk6c292fae\u0027,RowKey=\u0027negative\u0027)",
        "Server": [
          "Windows-Azure-Table/1.0",
          "Microsoft-HTTPAPI/2.0"
        ],
        "Transfer-Encoding": "chunked",
        "X-Content-Type-Options": "nosniff",
        "x-ms-client-request-id": "21fbec05-16d5-11ec-aa53-5cf37093a909",
        "x-ms-request-id": "ae8df062-8002-00b1-57e1-aa1956000000",
        "x-ms-version": "2019-02-02"
      },
      "ResponseBody": {
        "odata.metadata": "https://yalltablestestsprim.table.core.windows.net/$metadata#uttable6c292fae/@Element",
        "odata.etag": "W/\u0022datetime\u00272021-09-16T10%3A01%3A58.5229493Z\u0027\u0022",
        "PartitionKey": "pk6c292fae",
        "RowKey": "negative",
        "Timestamp": "2021-09-16T10:01:58.5229493Z",
        "large@odata.type": "Edm.Int64",
        "large": "-1125899906842625"
      }
    },
    {
      "RequestUri": "https://yalltablestestsprim.table.core.windows.net/uttable6c292fae(PartitionKey=\u0027pk6c292fae\u0027,RowKey=\u0027negative\u0027)",
      "RequestMethod": "GET",
      "RequestHeaders": {
        "Accept": "application/json;odata=minimalmetadata",
        "Accept-Encoding": "gzip, deflate",
        "Authorization": "Sanitized",
        "Connection": "keep-alive",
        "DataServiceVersion": "3.0",
        "Date": "Thu, 16 Sep 2021 10:01:59 GMT",
        "User-Agent": "azsdk-python-data-tables/12.1.1 Python/3.9.2 (Windows-10-10.0.19041-SP0)",
        "x-ms-client-request-id": "21ff4fca-16d5-11ec-9079-5cf37093a909",
        "x-ms-date": "Thu, 16 Sep 2021 10:01:59 GMT",
        "x-ms-version": "2019-02-02"
      },
      "RequestBody": null,
      "StatusCode": 200,
      "ResponseHeaders": {
        "Cache-Control": "no-cache",
        "Content-Type": "application/json; odata=minimalmetadata; streaming=true; charset=utf-8",
        "Date": "Thu, 16 Sep 2021 10:01:58 GMT",
        "ETag": "W/\u0022datetime\u00272021-09-16T10%3A01%3A58.5229493Z\u0027\u0022",
        "Server": [
          "Windows-Azure-Table/1.0",
          "Microsoft-HTTPAPI/2.0"
        ],
        "Transfer-Encoding": "chunked",
        "X-Content-Type-Options": "nosniff",
        "x-ms-client-request-id": "21ff4fca-16d5-11ec-9079-5cf37093a909",
        "x-ms-request-id": "ae8df066-8002-00b1-5be1-aa1956000000",
        "x-ms-version": "2019-02-02"
      },
      "ResponseBody": {
        "odata.metadata": "https://yalltablestestsprim.table.core.windows.net/$metadata#uttable6c292fae/@Element",
        "odata.etag": "W/\u0022datetime\u00272021-09-16T10%3A01%3A58.5229493Z\u0027\u0022",
        "PartitionKey": "pk6c292fae",
        "RowKey": "negative",
        "Timestamp": "2021-09-16T10:01:58.5229493Z",
        "large@odata.type": "Edm.Int64",
        "large": "-1125899906842625"
      }
    },
    {
      "RequestUri": "https://yalltablestestsprim.table.core.windows.net/Tables",
      "RequestMethod": "GET",
      "RequestHeaders": {
        "Accept": "application/json;odata=minimalmetadata",
        "Accept-Encoding": "gzip, deflate",
        "Authorization": "Sanitized",
        "Connection": "keep-alive",
        "DataServiceVersion": "3.0",
        "Date": "Thu, 16 Sep 2021 10:01:59 GMT",
        "User-Agent": "azsdk-python-data-tables/12.1.1 Python/3.9.2 (Windows-10-10.0.19041-SP0)",
        "x-ms-client-request-id": "2202701e-16d5-11ec-b8cb-5cf37093a909",
        "x-ms-date": "Thu, 16 Sep 2021 10:01:59 GMT",
        "x-ms-version": "2019-02-02"
      },
      "RequestBody": null,
      "StatusCode": 200,
      "ResponseHeaders": {
        "Cache-Control": "no-cache",
        "Content-Type": "application/json; odata=minimalmetadata; streaming=true; charset=utf-8",
        "Date": "Thu, 16 Sep 2021 10:01:58 GMT",
        "Server": [
          "Windows-Azure-Table/1.0",
          "Microsoft-HTTPAPI/2.0"
        ],
        "Transfer-Encoding": "chunked",
        "X-Content-Type-Options": "nosniff",
        "x-ms-client-request-id": "2202701e-16d5-11ec-b8cb-5cf37093a909",
        "x-ms-request-id": "ae8df067-8002-00b1-5ce1-aa1956000000",
        "x-ms-version": "2019-02-02"
      },
      "ResponseBody": {
        "odata.metadata": "https://yalltablestestsprim.table.core.windows.net/$metadata#Tables",
        "value": [
          {
            "TableName": "uttable6c292fae"
          }
        ]
      }
    },
    {
      "RequestUri": "https://yalltablestestsprim.table.core.windows.net/Tables(\u0027uttable6c292fae\u0027)",
      "RequestMethod": "DELETE",
      "RequestHeaders": {
        "Accept": "application/json",
        "Accept-Encoding": "gzip, deflate",
        "Authorization": "Sanitized",
        "Connection": "keep-alive",
        "Content-Length": "0",
        "Date": "Thu, 16 Sep 2021 10:01:59 GMT",
        "User-Agent": "azsdk-python-data-tables/12.1.1 Python/3.9.2 (Windows-10-10.0.19041-SP0)",
        "x-ms-client-request-id": "2205f6ed-16d5-11ec-9db2-5cf37093a909",
        "x-ms-date": "Thu, 16 Sep 2021 10:01:59 GMT",
        "x-ms-version": "2019-02-02"
      },
      "RequestBody": null,
      "StatusCode": 204,
      "ResponseHeaders": {
        "Cache-Control": "no-cache",
        "Content-Length": "0",
        "Date": "Thu, 16 Sep 2021 10:01:58 GMT",
        "Server": [
          "Windows-Azure-Table/1.0",
          "Microsoft-HTTPAPI/2.0"
        ],
        "X-Content-Type-Options": "nosniff",
        "x-ms-client-request-id": "2205f6ed-16d5-11ec-9db2-5cf37093a909",
        "x-ms-request-id": "ae8df069-8002-00b1-5ee1-aa1956000000",
        "x-ms-version": "2019-02-02"
      },
      "ResponseBody": null
    }
  ],
  "Variables": {}
}