interactions:
- request:
    body: '{"TableName": "uttable5d171a74"}'
    headers:
      Accept:
      - application/json;odata=minimalmetadata
      Accept-Encoding:
      - gzip, deflate
      Connection:
      - keep-alive
      Content-Length:
      - '32'
      Content-Type:
      - application/json;odata=nometadata
      DataServiceVersion:
      - '3.0'
      Date:
      - Fri, 18 Sep 2020 20:24:43 GMT
      User-Agent:
      - azsdk-python-data-tables/2019-07-07 Python/3.8.4 (Windows-10-10.0.19041-SP0)
      x-ms-date:
      - Fri, 18 Sep 2020 20:24:43 GMT
      x-ms-version:
      - '2019-07-07'
    method: POST
    uri: https://cosmostablescosmosname.table.cosmos.azure.com/Tables
  response:
    body:
      string: '{"TableName":"uttable5d171a74","odata.metadata":"https://cosmostablescosmosname.table.cosmos.azure.com/$metadata#Tables/@Element"}'
    headers:
      content-type:
      - application/json;odata=minimalmetadata
      date:
      - Fri, 18 Sep 2020 20:24:44 GMT
      etag:
      - W/"datetime'2020-09-18T20%3A24%3A44.6779399Z'"
      location:
      - https://cosmostablescosmosname.table.cosmos.azure.com/Tables('uttable5d171a74')
      server:
      - Microsoft-HTTPAPI/2.0
      transfer-encoding:
      - chunked
    status:
      code: 201
      message: Ok
- request:
    body: '{"PartitionKey": "pk5d171a74", "RowKey": "rk5d171a74", "age": "39", "age@odata.type":
      "Edm.Int64", "sex": "male", "married": true, "deceased": false, "ratio": 3.1,
      "evenratio": 3.0, "large": "933311100", "large@odata.type": "Edm.Int64", "Birthday":
      "1973-10-04T00:00:00Z", "Birthday@odata.type": "Edm.DateTime", "birthday": "1970-10-04T00:00:00Z",
      "birthday@odata.type": "Edm.DateTime", "binary": "YmluYXJ5", "binary@odata.type":
      "Edm.Binary", "other": 20, "clsid": "c9da6455-213d-42c9-9a79-3e9149a57833",
      "clsid@odata.type": "Edm.Guid"}'
    headers:
      Accept:
      - application/json;odata=minimalmetadata
      Accept-Encoding:
      - gzip, deflate
      Connection:
      - keep-alive
      Content-Length:
      - '537'
      Content-Type:
      - application/json;odata=nometadata
      DataServiceVersion:
      - '3.0'
      Date:
      - Fri, 18 Sep 2020 20:24:44 GMT
      User-Agent:
      - azsdk-python-data-tables/2019-07-07 Python/3.8.4 (Windows-10-10.0.19041-SP0)
      x-ms-date:
      - Fri, 18 Sep 2020 20:24:44 GMT
      x-ms-version:
      - '2019-07-07'
    method: POST
    uri: https://cosmostablescosmosname.table.cosmos.azure.com/uttable5d171a74
  response:
    body:
      string: '{"odata.metadata":"https://cosmostablescosmosname.table.cosmos.azure.com/uttable5d171a74/$metadata#uttable5d171a74/@Element","odata.etag":"W/\"datetime''2020-09-18T20%3A24%3A45.0800647Z''\"","PartitionKey":"pk5d171a74","RowKey":"rk5d171a74","age@odata.type":"Edm.Int64","age":"39","sex":"male","married":true,"deceased":false,"ratio":3.1,"evenratio":3.0,"large@odata.type":"Edm.Int64","large":"933311100","Birthday@odata.type":"Edm.DateTime","Birthday":"1973-10-04T00:00:00.0000000Z","birthday@odata.type":"Edm.DateTime","birthday":"1970-10-04T00:00:00.0000000Z","binary@odata.type":"Edm.Binary","binary":"YmluYXJ5","other":20,"clsid@odata.type":"Edm.Guid","clsid":"c9da6455-213d-42c9-9a79-3e9149a57833","Timestamp":"2020-09-18T20:24:45.0800647Z"}'
    headers:
      content-type:
      - application/json;odata=minimalmetadata
      date:
      - Fri, 18 Sep 2020 20:24:44 GMT
      etag:
      - W/"datetime'2020-09-18T20%3A24%3A45.0800647Z'"
      location:
      - https://cosmostablescosmosname.table.cosmos.azure.com/uttable5d171a74(PartitionKey='pk5d171a74',RowKey='rk5d171a74')
      server:
      - Microsoft-HTTPAPI/2.0
      transfer-encoding:
      - chunked
    status:
      code: 201
      message: Created
- request:
    body: null
    headers:
      Accept:
      - '*/*'
      Accept-Encoding:
      - gzip, deflate
      Connection:
      - keep-alive
      Content-Length:
      - '0'
      DataServiceVersion:
      - '3.0'
      Date:
      - Fri, 18 Sep 2020 20:24:44 GMT
      If-Match:
      - W/"datetime'2012-06-15T22%3A51%3A44.9662825Z'"
      User-Agent:
      - azsdk-python-data-tables/2019-07-07 Python/3.8.4 (Windows-10-10.0.19041-SP0)
      x-ms-date:
      - Fri, 18 Sep 2020 20:24:44 GMT
      x-ms-version:
      - '2019-07-07'
    method: DELETE
    uri: https://cosmostablescosmosname.table.cosmos.azure.com/uttable5d171a74(PartitionKey='pk5d171a74',RowKey='rk5d171a74')
  response:
    body:
      string: "{\"odata.error\":{\"code\":\"UpdateConditionNotSatisfied\",\"message\":{\"lang\":\"en-us\",\"value\":\"The
        update condition specified in the request was not satisfied.\\nRequestID:fd7c18db-f9ec-11ea-9a5a-58961df361d1\\n\"}}}\r\n"
    headers:
      content-type:
      - application/json;odata=fullmetadata
      date:
      - Fri, 18 Sep 2020 20:24:44 GMT
      server:
      - Microsoft-HTTPAPI/2.0
      transfer-encoding:
      - chunked
    status:
      code: 412
      message: Precondition Failed
- request:
    body: null
    headers:
      Accept:
      - '*/*'
      Accept-Encoding:
      - gzip, deflate
      Connection:
      - keep-alive
      Content-Length:
      - '0'
      Date:
      - Fri, 18 Sep 2020 20:24:44 GMT
      User-Agent:
      - azsdk-python-data-tables/2019-07-07 Python/3.8.4 (Windows-10-10.0.19041-SP0)
      x-ms-date:
      - Fri, 18 Sep 2020 20:24:44 GMT
      x-ms-version:
      - '2019-07-07'
    method: DELETE
    uri: https://cosmostablescosmosname.table.cosmos.azure.com/Tables('uttable5d171a74')
  response:
    body:
      string: ''
    headers:
      content-length:
      - '0'
      date:
      - Fri, 18 Sep 2020 20:24:44 GMT
      server:
      - Microsoft-HTTPAPI/2.0
    status:
      code: 204
      message: No Content
- request:
    body: null
    headers:
      Accept:
      - application/json;odata=minimalmetadata
      Accept-Encoding:
      - gzip, deflate
      Connection:
      - keep-alive
      DataServiceVersion:
      - '3.0'
      Date:
      - Fri, 18 Sep 2020 20:24:45 GMT
      User-Agent:
      - azsdk-python-data-tables/2019-07-07 Python/3.8.4 (Windows-10-10.0.19041-SP0)
      x-ms-date:
      - Fri, 18 Sep 2020 20:24:45 GMT
      x-ms-version:
      - '2019-07-07'
    method: GET
    uri: https://cosmostablescosmosname.table.cosmos.azure.com/Tables
  response:
    body:
      string: '{"value":[],"odata.metadata":"https://cosmostablescosmosname.table.cosmos.azure.com/$metadata#Tables"}'
    headers:
      content-type:
      - application/json;odata=minimalmetadata
      date:
      - Fri, 18 Sep 2020 20:24:44 GMT
      server:
      - Microsoft-HTTPAPI/2.0
      transfer-encoding:
      - chunked
    status:
      code: 200
      message: Ok
version: 1
