interactions:
- request:
    body: '{"TableName": "uttable43091017"}'
    headers:
      Accept:
      - application/json;odata=minimalmetadata
      Content-Length:
      - '32'
      Content-Type:
      - application/json;odata=nometadata
      DataServiceVersion:
      - '3.0'
      Date:
      - Sat, 07 Nov 2020 01:38:28 GMT
      User-Agent:
      - azsdk-python-data-tables/12.0.0b3 Python/3.5.3 (Windows-10-10.0.19041-SP0)
      x-ms-date:
      - Sat, 07 Nov 2020 01:38:28 GMT
      x-ms-version:
      - '2019-02-02'
    method: POST
    uri: https://tablesteststorname.table.core.windows.net/Tables
  response:
    body:
      string: '{"odata.metadata":"https://tablesteststorname.table.core.windows.net/$metadata#Tables/@Element","TableName":"uttable43091017"}'
    headers:
      cache-control: no-cache
      content-type: application/json;odata=minimalmetadata;streaming=true;charset=utf-8
      date: Sat, 07 Nov 2020 01:38:28 GMT
      location: https://tablesteststorname.table.core.windows.net/Tables('uttable43091017')
      server: Windows-Azure-Table/1.0 Microsoft-HTTPAPI/2.0
      transfer-encoding: chunked
      x-content-type-options: nosniff
      x-ms-version: '2019-02-02'
    status:
      code: 201
      message: Created
    url: https://tablestestxjz4vq7ewcdgud.table.core.windows.net/Tables
- request:
    body: '{"birthday": "1970-10-04T00:00:00Z", "age": 39, "sex@odata.type": "Edm.String",
      "other": 20, "binary": "YmluYXJ5", "Birthday": "1973-10-04T00:00:00Z", "RowKey@odata.type":
      "Edm.String", "binary@odata.type": "Edm.Binary", "RowKey": "rk43091017", "married":
      true, "sex": "male", "clsid": "c9da6455-213d-42c9-9a79-3e9149a57833", "Birthday@odata.type":
      "Edm.DateTime", "ratio": 3.1, "large": 933311100, "clsid@odata.type": "Edm.Guid",
      "evenratio": 3.0, "PartitionKey": "pk43091017", "deceased": false, "birthday@odata.type":
      "Edm.DateTime", "PartitionKey@odata.type": "Edm.String"}'
    headers:
      Accept:
      - application/json;odata=minimalmetadata
      Content-Length:
      - '577'
      Content-Type:
      - application/json;odata=nometadata
      DataServiceVersion:
      - '3.0'
      Date:
      - Sat, 07 Nov 2020 01:38:28 GMT
      User-Agent:
      - azsdk-python-data-tables/12.0.0b3 Python/3.5.3 (Windows-10-10.0.19041-SP0)
      x-ms-date:
      - Sat, 07 Nov 2020 01:38:28 GMT
      x-ms-version:
      - '2019-02-02'
    method: POST
    uri: https://tablesteststorname.table.core.windows.net/uttable43091017
  response:
    body:
      string: '{"odata.metadata":"https://tablesteststorname.table.core.windows.net/$metadata#uttable43091017/@Element","odata.etag":"W/\"datetime''2020-11-07T01%3A38%3A29.57661Z''\"","PartitionKey":"pk43091017","RowKey":"rk43091017","Timestamp":"2020-11-07T01:38:29.57661Z","birthday@odata.type":"Edm.DateTime","birthday":"1970-10-04T00:00:00Z","age":39,"other":20,"binary@odata.type":"Edm.Binary","binary":"YmluYXJ5","Birthday@odata.type":"Edm.DateTime","Birthday":"1973-10-04T00:00:00Z","married":true,"sex":"male","clsid@odata.type":"Edm.Guid","clsid":"c9da6455-213d-42c9-9a79-3e9149a57833","ratio":3.1,"large":933311100,"evenratio":3.0,"deceased":false}'
    headers:
      cache-control: no-cache
      content-type: application/json;odata=minimalmetadata;streaming=true;charset=utf-8
      date: Sat, 07 Nov 2020 01:38:28 GMT
      etag: W/"datetime'2020-11-07T01%3A38%3A29.57661Z'"
      location: https://tablesteststorname.table.core.windows.net/uttable43091017(PartitionKey='pk43091017',RowKey='rk43091017')
      server: Windows-Azure-Table/1.0 Microsoft-HTTPAPI/2.0
      transfer-encoding: chunked
      x-content-type-options: nosniff
      x-ms-version: '2019-02-02'
    status:
      code: 201
      message: Created
    url: https://tablestestxjz4vq7ewcdgud.table.core.windows.net/uttable43091017
- request:
    body: '{"PartitionKey@odata.type": "Edm.String", "sign": "aquarius", "sex@odata.type":
      "Edm.String", "birthday@odata.type": "Edm.DateTime", "RowKey@odata.type": "Edm.String",
      "RowKey": "rk43091017", "sex": "female", "PartitionKey": "pk43091017", "sign@odata.type":
      "Edm.String", "age@odata.type": "Edm.String", "birthday": "1991-10-04T00:00:00Z",
      "age": "abc"}'
    headers:
      Accept:
      - application/json
      Content-Length:
      - '353'
      Content-Type:
      - application/json
      DataServiceVersion:
      - '3.0'
      Date:
      - Sat, 07 Nov 2020 01:38:28 GMT
      If-Match:
      - '*'
      User-Agent:
      - azsdk-python-data-tables/12.0.0b3 Python/3.5.3 (Windows-10-10.0.19041-SP0)
      x-ms-date:
      - Sat, 07 Nov 2020 01:38:28 GMT
      x-ms-version:
      - '2019-02-02'
    method: PUT
    uri: https://tablesteststorname.table.core.windows.net/uttable43091017(PartitionKey='pk43091017',RowKey='rk43091017')?sig=fFAt94fuWna1lc54te8qRJp6XTazMl%2BW0Ha3UsMmMkc%3D&se=2020-11-07T02:38:28Z&tn=uttable43091017&sv=2019-02-02&sp=u
  response:
    body:
      string: ''
    headers:
      cache-control: no-cache
      content-length: '0'
      date: Sat, 07 Nov 2020 01:38:29 GMT
      etag: W/"datetime'2020-11-07T01%3A38%3A29.7532763Z'"
      server: Windows-Azure-Table/1.0 Microsoft-HTTPAPI/2.0
      x-content-type-options: nosniff
      x-ms-version: '2019-02-02'
    status:
      code: 204
      message: No Content
    url: https://tablestestxjz4vq7ewcdgud.table.core.windows.net/uttable43091017(PartitionKey='pk43091017',RowKey='rk43091017')?sig=fFAt94fuWna1lc54te8qRJp6XTazMl%2BW0Ha3UsMmMkc%3D&se=2020-11-07T02:38:28Z&tn=uttable43091017&sv=2019-02-02&sp=u
- request:
    body: null
    headers:
      Accept:
      - application/json;odata=minimalmetadata
      DataServiceVersion:
      - '3.0'
      Date:
      - Sat, 07 Nov 2020 01:38:28 GMT
      User-Agent:
      - azsdk-python-data-tables/12.0.0b3 Python/3.5.3 (Windows-10-10.0.19041-SP0)
      x-ms-date:
      - Sat, 07 Nov 2020 01:38:28 GMT
      x-ms-version:
      - '2019-02-02'
    method: GET
    uri: https://tablesteststorname.table.core.windows.net/uttable43091017(PartitionKey='pk43091017',RowKey='rk43091017')
  response:
    body:
      string: '{"odata.metadata":"https://tablesteststorname.table.core.windows.net/$metadata#uttable43091017/@Element","odata.etag":"W/\"datetime''2020-11-07T01%3A38%3A29.7532763Z''\"","PartitionKey":"pk43091017","RowKey":"rk43091017","Timestamp":"2020-11-07T01:38:29.7532763Z","age":"abc","birthday@odata.type":"Edm.DateTime","birthday":"1991-10-04T00:00:00Z","sex":"female","sign":"aquarius"}'
    headers:
      cache-control: no-cache
      content-type: application/json;odata=minimalmetadata;streaming=true;charset=utf-8
      date: Sat, 07 Nov 2020 01:38:29 GMT
      etag: W/"datetime'2020-11-07T01%3A38%3A29.7532763Z'"
      server: Windows-Azure-Table/1.0 Microsoft-HTTPAPI/2.0
      transfer-encoding: chunked
      x-content-type-options: nosniff
      x-ms-version: '2019-02-02'
    status:
      code: 200
      message: OK
    url: https://tablestestxjz4vq7ewcdgud.table.core.windows.net/uttable43091017(PartitionKey='pk43091017',RowKey='rk43091017')
- request:
    body: null
    headers:
      Accept:
      - application/json
      Date:
      - Sat, 07 Nov 2020 01:38:29 GMT
      User-Agent:
      - azsdk-python-data-tables/12.0.0b3 Python/3.5.3 (Windows-10-10.0.19041-SP0)
      x-ms-date:
      - Sat, 07 Nov 2020 01:38:29 GMT
      x-ms-version:
      - '2019-02-02'
    method: DELETE
    uri: https://tablesteststorname.table.core.windows.net/Tables('uttable43091017')
  response:
    body:
      string: ''
    headers:
      cache-control: no-cache
      content-length: '0'
      date: Sat, 07 Nov 2020 01:38:29 GMT
      server: Windows-Azure-Table/1.0 Microsoft-HTTPAPI/2.0
      x-content-type-options: nosniff
      x-ms-version: '2019-02-02'
    status:
      code: 204
      message: No Content
    url: https://tablestestxjz4vq7ewcdgud.table.core.windows.net/Tables('uttable43091017')
version: 1
