{
  "Entries": [
    {
      "RequestUri": "https://yalltablestestsprim.table.core.windows.net/Tables",
      "RequestMethod": "POST",
      "RequestHeaders": {
        "Accept": "application/json;odata=minimalmetadata",
        "Accept-Encoding": "gzip, deflate",
        "Authorization": "Sanitized",
        "Content-Length": "32",
        "Content-Type": "application/json;odata=nometadata",
        "DataServiceVersion": "3.0",
        "Date": "Thu, 16 Sep 2021 09:50:09 GMT",
        "User-Agent": "azsdk-python-data-tables/12.1.1 Python/3.9.2 (Windows-10-10.0.19041-SP0)",
        "x-ms-client-request-id": "7a826a5e-16d3-11ec-a343-5cf37093a909",
        "x-ms-date": "Thu, 16 Sep 2021 09:50:09 GMT",
        "x-ms-version": "2019-02-02"
      },
      "RequestBody": "{\u0022TableName\u0022: \u0022uttableceb2304d\u0022}",
      "StatusCode": 201,
      "ResponseHeaders": {
        "Cache-Control": "no-cache",
        "Content-Type": "application/json; odata=minimalmetadata; streaming=true; charset=utf-8",
        "Date": "Thu, 16 Sep 2021 09:50:07 GMT",
        "Location": "https://yalltablestestsprim.table.core.windows.net/Tables(\u0027uttableceb2304d\u0027)",
        "Server": [
          "Windows-Azure-Table/1.0",
          "Microsoft-HTTPAPI/2.0"
        ],
        "Transfer-Encoding": "chunked",
        "X-Content-Type-Options": "nosniff",
        "x-ms-client-request-id": "7a826a5e-16d3-11ec-a343-5cf37093a909",
        "x-ms-request-id": "b1cffe47-c002-00db-16e0-aa45fd000000",
        "x-ms-version": "2019-02-02"
      },
      "ResponseBody": {
        "odata.metadata": "https://yalltablestestsprim.table.core.windows.net/$metadata#Tables/@Element",
        "TableName": "uttableceb2304d"
      }
    },
    {
      "RequestUri": "https://yalltablestestsprim.table.core.windows.net/uttableceb2304d",
      "RequestMethod": "POST",
      "RequestHeaders": {
        "Accept": "application/json;odata=minimalmetadata",
        "Accept-Encoding": "gzip, deflate",
        "Authorization": "Sanitized",
        "Content-Length": "197",
        "Content-Type": "application/json;odata=nometadata",
        "DataServiceVersion": "3.0",
        "Date": "Thu, 16 Sep 2021 09:50:09 GMT",
        "User-Agent": "azsdk-python-data-tables/12.1.1 Python/3.9.2 (Windows-10-10.0.19041-SP0)",
        "x-ms-client-request-id": "7a87d2fe-16d3-11ec-a9a3-5cf37093a909",
        "x-ms-date": "Thu, 16 Sep 2021 09:50:09 GMT",
        "x-ms-version": "2019-02-02"
      },
      "RequestBody": "{\u0022PartitionKey\u0022: \u0022pkceb2304d\u0022, \u0022PartitionKey@odata.type\u0022: \u0022Edm.String\u0022, \u0022RowKey\u0022: \u0022rkceb2304d\u0022, \u0022RowKey@odata.type\u0022: \u0022Edm.String\u0022, \u0022Value\u0022: \u0022foobar\u0022, \u0022Value@odata.type\u0022: \u0022Edm.String\u0022, \u0022Answer\u0022: 42}",
      "StatusCode": 201,
      "ResponseHeaders": {
        "Cache-Control": "no-cache",
        "Content-Type": "application/json; odata=minimalmetadata; streaming=true; charset=utf-8",
        "Date": "Thu, 16 Sep 2021 09:50:07 GMT",
        "ETag": "W/\u0022datetime\u00272021-09-16T09%3A50%3A08.0883675Z\u0027\u0022",
        "Location": "https://yalltablestestsprim.table.core.windows.net/uttableceb2304d(PartitionKey=\u0027pkceb2304d\u0027,RowKey=\u0027rkceb2304d\u0027)",
        "Server": [
          "Windows-Azure-Table/1.0",
          "Microsoft-HTTPAPI/2.0"
        ],
        "Transfer-Encoding": "chunked",
        "X-Content-Type-Options": "nosniff",
        "x-ms-client-request-id": "7a87d2fe-16d3-11ec-a9a3-5cf37093a909",
        "x-ms-request-id": "b1cffe52-c002-00db-1de0-aa45fd000000",
        "x-ms-version": "2019-02-02"
      },
      "ResponseBody": {
        "odata.metadata": "https://yalltablestestsprim.table.core.windows.net/$metadata#uttableceb2304d/@Element",
        "odata.etag": "W/\u0022datetime\u00272021-09-16T09%3A50%3A08.0883675Z\u0027\u0022",
        "PartitionKey": "pkceb2304d",
        "RowKey": "rkceb2304d",
        "Timestamp": "2021-09-16T09:50:08.0883675Z",
        "Value": "foobar",
        "Answer": 42
      }
    },
    {
      "RequestUri": "https://yalltablestestsprim.table.core.windows.net/uttableceb2304d(PartitionKey=\u0027pkceb2304d\u0027,RowKey=\u0027rkceb2304d\u0027)",
      "RequestMethod": "DELETE",
      "RequestHeaders": {
        "Accept": "application/json;odata=minimalmetadata",
        "Accept-Encoding": "gzip, deflate",
        "Authorization": "Sanitized",
        "Content-Length": "0",
        "DataServiceVersion": "3.0",
        "Date": "Thu, 16 Sep 2021 09:50:09 GMT",
        "If-Match": "*",
        "User-Agent": "azsdk-python-data-tables/12.1.1 Python/3.9.2 (Windows-10-10.0.19041-SP0)",
        "x-ms-client-request-id": "7a8b2b5c-16d3-11ec-82da-5cf37093a909",
        "x-ms-date": "Thu, 16 Sep 2021 09:50:09 GMT",
        "x-ms-version": "2019-02-02"
      },
      "RequestBody": null,
      "StatusCode": 204,
      "ResponseHeaders": {
        "Cache-Control": "no-cache",
        "Content-Length": "0",
        "Date": "Thu, 16 Sep 2021 09:50:07 GMT",
        "Server": [
          "Windows-Azure-Table/1.0",
          "Microsoft-HTTPAPI/2.0"
        ],
        "X-Content-Type-Options": "nosniff",
        "x-ms-client-request-id": "7a8b2b5c-16d3-11ec-82da-5cf37093a909",
        "x-ms-request-id": "b1cffe54-c002-00db-1fe0-aa45fd000000",
        "x-ms-version": "2019-02-02"
      },
      "ResponseBody": null
    },
    {
      "RequestUri": "https://yalltablestestsprim.table.core.windows.net/uttableceb2304d",
      "RequestMethod": "POST",
      "RequestHeaders": {
        "Accept": "application/json;odata=minimalmetadata",
        "Accept-Encoding": "gzip, deflate",
        "Authorization": "Sanitized",
        "Content-Length": "197",
        "Content-Type": "application/json;odata=nometadata",
        "DataServiceVersion": "3.0",
        "Date": "Thu, 16 Sep 2021 09:50:09 GMT",
        "Prefer": "return-no-content",
        "User-Agent": "azsdk-python-data-tables/12.1.1 Python/3.9.2 (Windows-10-10.0.19041-SP0)",
        "x-ms-client-request-id": "7a8e9bc7-16d3-11ec-aca3-5cf37093a909",
        "x-ms-date": "Thu, 16 Sep 2021 09:50:09 GMT",
        "x-ms-version": "2019-02-02"
      },
      "RequestBody": "{\u0022PartitionKey\u0022: \u0022pkceb2304d\u0022, \u0022PartitionKey@odata.type\u0022: \u0022Edm.String\u0022, \u0022RowKey\u0022: \u0022rkceb2304d\u0022, \u0022RowKey@odata.type\u0022: \u0022Edm.String\u0022, \u0022Value\u0022: \u0022foobar\u0022, \u0022Value@odata.type\u0022: \u0022Edm.String\u0022, \u0022Answer\u0022: 42}",
      "StatusCode": 204,
      "ResponseHeaders": {
        "Cache-Control": "no-cache",
        "Content-Length": "0",
        "DataServiceId": "https://yalltablestestsprim.table.core.windows.net/uttableceb2304d(PartitionKey=\u0027pkceb2304d\u0027,RowKey=\u0027rkceb2304d\u0027)",
        "Date": "Thu, 16 Sep 2021 09:50:07 GMT",
        "ETag": "W/\u0022datetime\u00272021-09-16T09%3A50%3A08.1313963Z\u0027\u0022",
        "Location": "https://yalltablestestsprim.table.core.windows.net/uttableceb2304d(PartitionKey=\u0027pkceb2304d\u0027,RowKey=\u0027rkceb2304d\u0027)",
        "Preference-Applied": "return-no-content",
        "Server": [
          "Windows-Azure-Table/1.0",
          "Microsoft-HTTPAPI/2.0"
        ],
        "X-Content-Type-Options": "nosniff",
        "x-ms-client-request-id": "7a8e9bc7-16d3-11ec-aca3-5cf37093a909",
        "x-ms-request-id": "b1cffe57-c002-00db-22e0-aa45fd000000",
        "x-ms-version": "2019-02-02"
      },
      "ResponseBody": null
    },
    {
      "RequestUri": "https://yalltablestestsprim.table.core.windows.net/uttableceb2304d(PartitionKey=\u0027pkceb2304d\u0027,RowKey=\u0027rkceb2304d\u0027)",
      "RequestMethod": "DELETE",
      "RequestHeaders": {
        "Accept": "application/json;odata=minimalmetadata",
        "Accept-Encoding": "gzip, deflate",
        "Authorization": "Sanitized",
        "Content-Length": "0",
        "DataServiceVersion": "3.0",
        "Date": "Thu, 16 Sep 2021 09:50:09 GMT",
        "If-Match": "*",
        "User-Agent": "azsdk-python-data-tables/12.1.1 Python/3.9.2 (Windows-10-10.0.19041-SP0)",
        "x-ms-client-request-id": "7a9189ee-16d3-11ec-8c28-5cf37093a909",
        "x-ms-date": "Thu, 16 Sep 2021 09:50:09 GMT",
        "x-ms-version": "2019-02-02"
      },
      "RequestBody": null,
      "StatusCode": 204,
      "ResponseHeaders": {
        "Cache-Control": "no-cache",
        "Content-Length": "0",
        "Date": "Thu, 16 Sep 2021 09:50:07 GMT",
        "Server": [
          "Windows-Azure-Table/1.0",
          "Microsoft-HTTPAPI/2.0"
        ],
        "X-Content-Type-Options": "nosniff",
        "x-ms-client-request-id": "7a9189ee-16d3-11ec-8c28-5cf37093a909",
        "x-ms-request-id": "b1cffe5b-c002-00db-26e0-aa45fd000000",
        "x-ms-version": "2019-02-02"
      },
      "ResponseBody": null
    },
    {
      "RequestUri": "https://yalltablestestsprim.table.core.windows.net/uttableceb2304d",
      "RequestMethod": "POST",
      "RequestHeaders": {
        "Accept": "application/json;odata=minimalmetadata",
        "Accept-Encoding": "gzip, deflate",
        "Authorization": "Sanitized",
        "Content-Length": "197",
        "Content-Type": "application/json;odata=nometadata",
        "DataServiceVersion": "3.0",
        "Date": "Thu, 16 Sep 2021 09:50:09 GMT",
        "Prefer": "return-content",
        "User-Agent": "azsdk-python-data-tables/12.1.1 Python/3.9.2 (Windows-10-10.0.19041-SP0)",
        "x-ms-client-request-id": "7a9461f9-16d3-11ec-89ee-5cf37093a909",
        "x-ms-date": "Thu, 16 Sep 2021 09:50:09 GMT",
        "x-ms-version": "2019-02-02"
      },
      "RequestBody": "{\u0022PartitionKey\u0022: \u0022pkceb2304d\u0022, \u0022PartitionKey@odata.type\u0022: \u0022Edm.String\u0022, \u0022RowKey\u0022: \u0022rkceb2304d\u0022, \u0022RowKey@odata.type\u0022: \u0022Edm.String\u0022, \u0022Value\u0022: \u0022foobar\u0022, \u0022Value@odata.type\u0022: \u0022Edm.String\u0022, \u0022Answer\u0022: 42}",
      "StatusCode": 201,
      "ResponseHeaders": {
        "Cache-Control": "no-cache",
        "Content-Type": "application/json; odata=minimalmetadata; streaming=true; charset=utf-8",
        "Date": "Thu, 16 Sep 2021 09:50:07 GMT",
        "ETag": "W/\u0022datetime\u00272021-09-16T09%3A50%3A08.1704219Z\u0027\u0022",
        "Location": "https://yalltablestestsprim.table.core.windows.net/uttableceb2304d(PartitionKey=\u0027pkceb2304d\u0027,RowKey=\u0027rkceb2304d\u0027)",
        "Preference-Applied": "return-content",
        "Server": [
          "Windows-Azure-Table/1.0",
          "Microsoft-HTTPAPI/2.0"
        ],
        "Transfer-Encoding": "chunked",
        "X-Content-Type-Options": "nosniff",
        "x-ms-client-request-id": "7a9461f9-16d3-11ec-89ee-5cf37093a909",
        "x-ms-request-id": "b1cffe61-c002-00db-2ce0-aa45fd000000",
        "x-ms-version": "2019-02-02"
      },
      "ResponseBody": {
        "odata.metadata": "https://yalltablestestsprim.table.core.windows.net/$metadata#uttableceb2304d/@Element",
        "odata.etag": "W/\u0022datetime\u00272021-09-16T09%3A50%3A08.1704219Z\u0027\u0022",
        "PartitionKey": "pkceb2304d",
        "RowKey": "rkceb2304d",
        "Timestamp": "2021-09-16T09:50:08.1704219Z",
        "Value": "foobar",
        "Answer": 42
      }
    },
    {
      "RequestUri": "https://yalltablestestsprim.table.core.windows.net/Tables",
      "RequestMethod": "GET",
      "RequestHeaders": {
        "Accept": "application/json;odata=minimalmetadata",
        "Accept-Encoding": "gzip, deflate",
        "Authorization": "Sanitized",
        "DataServiceVersion": "3.0",
        "Date": "Thu, 16 Sep 2021 09:50:09 GMT",
        "User-Agent": "azsdk-python-data-tables/12.1.1 Python/3.9.2 (Windows-10-10.0.19041-SP0)",
        "x-ms-client-request-id": "7a97999a-16d3-11ec-bd38-5cf37093a909",
        "x-ms-date": "Thu, 16 Sep 2021 09:50:09 GMT",
        "x-ms-version": "2019-02-02"
      },
      "RequestBody": null,
      "StatusCode": 200,
      "ResponseHeaders": {
        "Cache-Control": "no-cache",
        "Content-Type": "application/json; odata=minimalmetadata; streaming=true; charset=utf-8",
        "Date": "Thu, 16 Sep 2021 09:50:07 GMT",
        "Server": [
          "Windows-Azure-Table/1.0",
          "Microsoft-HTTPAPI/2.0"
        ],
        "Transfer-Encoding": "chunked",
        "X-Content-Type-Options": "nosniff",
        "x-ms-client-request-id": "7a97999a-16d3-11ec-bd38-5cf37093a909",
        "x-ms-request-id": "b1cffe66-c002-00db-31e0-aa45fd000000",
        "x-ms-version": "2019-02-02"
      },
      "ResponseBody": {
        "odata.metadata": "https://yalltablestestsprim.table.core.windows.net/$metadata#Tables",
        "value": [
          {
            "TableName": "uttableceb2304d"
          }
        ]
      }
    },
    {
      "RequestUri": "https://yalltablestestsprim.table.core.windows.net/Tables(\u0027uttableceb2304d\u0027)",
      "RequestMethod": "DELETE",
      "RequestHeaders": {
        "Accept": "application/json",
        "Accept-Encoding": "gzip, deflate",
        "Authorization": "Sanitized",
        "Content-Length": "0",
        "Date": "Thu, 16 Sep 2021 09:50:09 GMT",
        "User-Agent": "azsdk-python-data-tables/12.1.1 Python/3.9.2 (Windows-10-10.0.19041-SP0)",
        "x-ms-client-request-id": "7a9a691b-16d3-11ec-a31c-5cf37093a909",
        "x-ms-date": "Thu, 16 Sep 2021 09:50:09 GMT",
        "x-ms-version": "2019-02-02"
      },
      "RequestBody": null,
      "StatusCode": 204,
      "ResponseHeaders": {
        "Cache-Control": "no-cache",
        "Content-Length": "0",
        "Date": "Thu, 16 Sep 2021 09:50:07 GMT",
        "Server": [
          "Windows-Azure-Table/1.0",
          "Microsoft-HTTPAPI/2.0"
        ],
        "X-Content-Type-Options": "nosniff",
        "x-ms-client-request-id": "7a9a691b-16d3-11ec-a31c-5cf37093a909",
        "x-ms-request-id": "b1cffe69-c002-00db-34e0-aa45fd000000",
        "x-ms-version": "2019-02-02"
      },
      "ResponseBody": null
    }
  ],
  "Variables": {}
}