interactions:
- request:
    body: '{"TableName": "uttablee75e13f0"}'
    headers:
      Accept:
      - application/json;odata=minimalmetadata
      Accept-Encoding:
      - gzip, deflate
      Connection:
      - keep-alive
      Content-Length:
      - '32'
      Content-Type:
      - application/json;odata=nometadata
      DataServiceVersion:
      - '3.0'
      Date:
      - Mon, 05 Apr 2021 20:52:56 GMT
      User-Agent:
      - azsdk-python-data-tables/12.0.0b6 Python/3.7.4 (Windows-10-10.0.19041-SP0)
      x-ms-date:
      - Mon, 05 Apr 2021 20:52:56 GMT
      x-ms-version:
      - '2019-02-02'
    method: POST
    uri: https://fake_table_account.table.core.windows.net/Tables
  response:
    body:
      string: '{"odata.metadata":"https://fake_table_account.table.core.windows.net/$metadata#Tables/@Element","TableName":"uttablee75e13f0"}'
    headers:
      cache-control:
      - no-cache
      content-type:
      - application/json;odata=minimalmetadata;streaming=true;charset=utf-8
      date:
      - Mon, 05 Apr 2021 20:52:59 GMT
      location:
      - https://fake_table_account.table.core.windows.net/Tables('uttablee75e13f0')
      server:
      - Windows-Azure-Table/1.0 Microsoft-HTTPAPI/2.0
      transfer-encoding:
      - chunked
      x-content-type-options:
      - nosniff
      x-ms-version:
      - '2019-02-02'
    status:
      code: 201
      message: Created
- request:
    body: '{"TableName": "uttablee75e13f0"}'
    headers:
      Accept:
      - application/json;odata=minimalmetadata
      Accept-Encoding:
      - gzip, deflate
      Connection:
      - keep-alive
      Content-Length:
      - '32'
      Content-Type:
      - application/json;odata=nometadata
      DataServiceVersion:
      - '3.0'
      Date:
      - Mon, 05 Apr 2021 20:52:56 GMT
      User-Agent:
      - azsdk-python-data-tables/12.0.0b6 Python/3.7.4 (Windows-10-10.0.19041-SP0)
      x-ms-date:
      - Mon, 05 Apr 2021 20:52:56 GMT
      x-ms-version:
      - '2019-02-02'
    method: POST
    uri: https://fake_table_account.table.core.windows.net/Tables
  response:
    body:
      string: '{"odata.error":{"code":"TableAlreadyExists","message":{"lang":"en-US","value":"The
        table specified already exists.\nRequestId:3a9bd1f0-0002-000c-7e5d-2a4d2c000000\nTime:2021-04-05T20:53:02.8814645Z"}}}'
    headers:
      cache-control:
      - no-cache
      content-type:
      - application/json;odata=minimalmetadata;streaming=true;charset=utf-8
      date:
      - Mon, 05 Apr 2021 20:53:02 GMT
      server:
      - Windows-Azure-Table/1.0 Microsoft-HTTPAPI/2.0
      transfer-encoding:
      - chunked
      x-content-type-options:
      - nosniff
      x-ms-version:
      - '2019-02-02'
    status:
      code: 409
      message: Conflict
- request:
    body: null
    headers:
      Accept:
      - application/json
      Accept-Encoding:
      - gzip, deflate
      Connection:
      - keep-alive
      Content-Length:
      - '0'
      Date:
      - Mon, 05 Apr 2021 20:53:03 GMT
      User-Agent:
      - azsdk-python-data-tables/12.0.0b6 Python/3.7.4 (Windows-10-10.0.19041-SP0)
      x-ms-date:
      - Mon, 05 Apr 2021 20:53:03 GMT
      x-ms-version:
      - '2019-02-02'
    method: DELETE
    uri: https://fake_table_account.table.core.windows.net/Tables('uttablee75e13f0')
  response:
    body:
      string: ''
    headers:
      cache-control:
      - no-cache
      content-length:
      - '0'
      date:
      - Mon, 05 Apr 2021 20:53:03 GMT
      server:
      - Windows-Azure-Table/1.0 Microsoft-HTTPAPI/2.0
      x-content-type-options:
      - nosniff
      x-ms-version:
      - '2019-02-02'
    status:
      code: 204
      message: No Content
- request:
    body: null
    headers:
      Accept:
      - application/json
      Accept-Encoding:
      - gzip, deflate
      Connection:
      - keep-alive
      Content-Length:
      - '0'
      Date:
      - Mon, 05 Apr 2021 20:53:03 GMT
      User-Agent:
      - azsdk-python-data-tables/12.0.0b6 Python/3.7.4 (Windows-10-10.0.19041-SP0)
      x-ms-date:
      - Mon, 05 Apr 2021 20:53:03 GMT
      x-ms-version:
      - '2019-02-02'
    method: DELETE
    uri: https://fake_table_account.table.core.windows.net/Tables('uttablee75e13f0')
  response:
    body:
      string: '{"odata.error":{"code":"ResourceNotFound","message":{"lang":"en-US","value":"The
        specified resource does not exist.\nRequestId:3a9bd24c-0002-000c-4e5d-2a4d2c000000\nTime:2021-04-05T20:53:03.7921084Z"}}}'
    headers:
      cache-control:
      - no-cache
      content-type:
      - application/json;odata=minimalmetadata;streaming=true;charset=utf-8
      date:
      - Mon, 05 Apr 2021 20:53:03 GMT
      server:
      - Windows-Azure-Table/1.0 Microsoft-HTTPAPI/2.0
      transfer-encoding:
      - chunked
      x-content-type-options:
      - nosniff
      x-ms-version:
      - '2019-02-02'
    status:
      code: 404
      message: Not Found
version: 1
