interactions:
- request:
    body: '{"TableName": "pytableasynce5ae0d85"}'
    headers:
      Accept:
      - application/json;odata=minimalmetadata
      Content-Length:
      - '37'
      Content-Type:
      - application/json;odata=nometadata
      DataServiceVersion:
      - '3.0'
      Date:
      - Wed, 16 Sep 2020 21:51:22 GMT
      User-Agent:
      - azsdk-python-data-tables/12.0.0b2 Python/3.8.4 (Windows-10-10.0.19041-SP0)
      x-ms-date:
      - Wed, 16 Sep 2020 21:51:22 GMT
      x-ms-version:
      - '2019-02-02'
    method: POST
    uri: https://storagename.table.core.windows.net/Tables
  response:
    body:
      string: '{"odata.metadata":"https://storagename.table.core.windows.net/$metadata#Tables/@Element","TableName":"pytableasynce5ae0d85"}'
    headers:
      cache-control: no-cache
      content-type: application/json;odata=minimalmetadata;streaming=true;charset=utf-8
      date: Wed, 16 Sep 2020 21:51:21 GMT
      location: https://storagename.table.core.windows.net/Tables('pytableasynce5ae0d85')
      server: Windows-Azure-Table/1.0 Microsoft-HTTPAPI/2.0
      transfer-encoding: chunked
      x-content-type-options: nosniff
      x-ms-version: '2019-02-02'
    status:
      code: 201
      message: Created
    url: https://pyacrstoragewrla36mtikyp.table.core.windows.net/Tables
- request:
    body: '{"PartitionKey": "test", "PartitionKey@odata.type": "Edm.String", "RowKey":
      "test1", "RowKey@odata.type": "Edm.String", "text": "hello", "text@odata.type":
      "Edm.String"}'
    headers:
      Accept:
      - application/json
      Content-Length:
      - '169'
      Content-Type:
      - application/json
      DataServiceVersion:
      - '3.0'
      Date:
      - Wed, 16 Sep 2020 21:51:22 GMT
      User-Agent:
      - azsdk-python-data-tables/12.0.0b2 Python/3.8.4 (Windows-10-10.0.19041-SP0)
      x-ms-date:
      - Wed, 16 Sep 2020 21:51:22 GMT
      x-ms-version:
      - '2019-02-02'
    method: PATCH
    uri: https://storagename.table.core.windows.net/pytableasynce5ae0d85(PartitionKey='test',RowKey='test1')
  response:
    body:
      string: ''
    headers:
      cache-control: no-cache
      content-length: '0'
      date: Wed, 16 Sep 2020 21:51:21 GMT
      etag: W/"datetime'2020-09-16T21%3A51%3A22.3992646Z'"
      server: Windows-Azure-Table/1.0 Microsoft-HTTPAPI/2.0
      x-content-type-options: nosniff
      x-ms-version: '2019-02-02'
    status:
      code: 204
      message: No Content
    url: https://pyacrstoragewrla36mtikyp.table.core.windows.net/pytableasynce5ae0d85(PartitionKey='test',RowKey='test1')
- request:
    body: '{"PartitionKey": "test", "PartitionKey@odata.type": "Edm.String", "RowKey":
      "test2", "RowKey@odata.type": "Edm.String", "text": "hello", "text@odata.type":
      "Edm.String"}'
    headers:
      Accept:
      - application/json
      Content-Length:
      - '169'
      Content-Type:
      - application/json
      DataServiceVersion:
      - '3.0'
      Date:
      - Wed, 16 Sep 2020 21:51:22 GMT
      User-Agent:
      - azsdk-python-data-tables/12.0.0b2 Python/3.8.4 (Windows-10-10.0.19041-SP0)
      x-ms-date:
      - Wed, 16 Sep 2020 21:51:22 GMT
      x-ms-version:
      - '2019-02-02'
    method: PATCH
    uri: https://storagename.table.core.windows.net/pytableasynce5ae0d85(PartitionKey='test',RowKey='test2')
  response:
    body:
      string: ''
    headers:
      cache-control: no-cache
      content-length: '0'
      date: Wed, 16 Sep 2020 21:51:21 GMT
      etag: W/"datetime'2020-09-16T21%3A51%3A22.4332879Z'"
      server: Windows-Azure-Table/1.0 Microsoft-HTTPAPI/2.0
      x-content-type-options: nosniff
      x-ms-version: '2019-02-02'
    status:
      code: 204
      message: No Content
    url: https://pyacrstoragewrla36mtikyp.table.core.windows.net/pytableasynce5ae0d85(PartitionKey='test',RowKey='test2')
- request:
    body: null
    headers:
      Accept:
      - application/json;odata=minimalmetadata
      DataServiceVersion:
      - '3.0'
      Date:
      - Wed, 16 Sep 2020 21:51:22 GMT
      User-Agent:
      - azsdk-python-data-tables/12.0.0b2 Python/3.8.4 (Windows-10-10.0.19041-SP0)
      x-ms-date:
      - Wed, 16 Sep 2020 21:51:22 GMT
      x-ms-version:
      - '2019-02-02'
    method: GET
    uri: https://storagename.table.core.windows.net/pytableasynce5ae0d85()?st=2020-09-16T21:50:22Z&se=2020-09-16T22:51:22Z&sp=r&sv=2019-02-02&ss=t&srt=o&sig=0ZmqKYEpgKoVnjA4%2Bg98L6uwqBuxHcFunhmdKJPtlZI%3D
  response:
    body:
      string: '{"odata.metadata":"https://storagename.table.core.windows.net/$metadata#pytableasynce5ae0d85","value":[{"odata.etag":"W/\"datetime''2020-09-16T21%3A51%3A22.3992646Z''\"","PartitionKey":"test","RowKey":"test1","Timestamp":"2020-09-16T21:51:22.3992646Z","text":"hello"},{"odata.etag":"W/\"datetime''2020-09-16T21%3A51%3A22.4332879Z''\"","PartitionKey":"test","RowKey":"test2","Timestamp":"2020-09-16T21:51:22.4332879Z","text":"hello"}]}'
    headers:
      cache-control: no-cache
      content-type: application/json;odata=minimalmetadata;streaming=true;charset=utf-8
      date: Wed, 16 Sep 2020 21:51:22 GMT
      server: Windows-Azure-Table/1.0 Microsoft-HTTPAPI/2.0
      transfer-encoding: chunked
      x-content-type-options: nosniff
      x-ms-version: '2019-02-02'
    status:
      code: 200
      message: OK
    url: https://pyacrstoragewrla36mtikyp.table.core.windows.net/pytableasynce5ae0d85()?st=2020-09-16T21:50:22Z&se=2020-09-16T22:51:22Z&sp=r&sv=2019-02-02&ss=t&srt=o&sig=0ZmqKYEpgKoVnjA4%2Bg98L6uwqBuxHcFunhmdKJPtlZI%3D
- request:
    body: null
    headers:
      Accept:
      - application/json
      Date:
      - Wed, 16 Sep 2020 21:51:22 GMT
      User-Agent:
      - azsdk-python-data-tables/12.0.0b2 Python/3.8.4 (Windows-10-10.0.19041-SP0)
      x-ms-date:
      - Wed, 16 Sep 2020 21:51:22 GMT
      x-ms-version:
      - '2019-02-02'
    method: DELETE
    uri: https://storagename.table.core.windows.net/Tables('pytableasynce5ae0d85')
  response:
    body:
      string: ''
    headers:
      cache-control: no-cache
      content-length: '0'
      date: Wed, 16 Sep 2020 21:51:21 GMT
      server: Windows-Azure-Table/1.0 Microsoft-HTTPAPI/2.0
      x-content-type-options: nosniff
      x-ms-version: '2019-02-02'
    status:
      code: 204
      message: No Content
    url: https://pyacrstoragewrla36mtikyp.table.core.windows.net/Tables('pytableasynce5ae0d85')
version: 1
