interactions:
- request:
    body: '{"TableName": "uttablef99c18ec"}'
    headers:
      Accept:
      - application/json;odata=minimalmetadata
      Accept-Encoding:
      - gzip, deflate
      Connection:
      - keep-alive
      Content-Length:
      - '32'
      Content-Type:
      - application/json;odata=nometadata
      DataServiceVersion:
      - '3.0'
      Date:
      - Tue, 29 Sep 2020 18:36:03 GMT
      User-Agent:
      - azsdk-python-data-tables/12.0.0b2 Python/3.8.4 (Windows-10-10.0.19041-SP0)
      x-ms-date:
      - Tue, 29 Sep 2020 18:36:03 GMT
      x-ms-version:
      - '2019-02-02'
    method: POST
    uri: https://tablestestcosmosname.table.cosmos.azure.com/Tables
  response:
    body:
      string: '{"TableName":"uttablef99c18ec","odata.metadata":"https://tablestestcosmosname.table.cosmos.azure.com/$metadata#Tables/@Element"}'
    headers:
      content-type:
      - application/json;odata=minimalmetadata
      date:
      - Tue, 29 Sep 2020 18:36:04 GMT
      etag:
      - W/"datetime'2020-09-29T18%3A36%3A04.8680967Z'"
      location:
      - https://tablestestcosmosname.table.cosmos.azure.com/Tables('uttablef99c18ec')
      server:
      - Microsoft-HTTPAPI/2.0
      transfer-encoding:
      - chunked
    status:
      code: 201
      message: Ok
- request:
    body: '{"PartitionKey": "pkf99c18ec", "PartitionKey@odata.type": "Edm.String",
      "RowKey": "rkf99c18ec", "RowKey@odata.type": "Edm.String", "age": 39, "sex":
      "male", "sex@odata.type": "Edm.String", "married": true, "deceased": false,
      "ratio": 3.1, "evenratio": 3.0, "large": 933311100, "Birthday": "1973-10-04T00:00:00Z",
      "Birthday@odata.type": "Edm.DateTime", "birthday": "1970-10-04T00:00:00Z", "birthday@odata.type":
      "Edm.DateTime", "binary": "YmluYXJ5", "binary@odata.type": "Edm.Binary", "other":
      20, "clsid": "c9da6455-213d-42c9-9a79-3e9149a57833", "clsid@odata.type": "Edm.Guid"}'
    headers:
      Accept:
      - application/json;odata=nometadata
      Accept-Encoding:
      - gzip, deflate
      Connection:
      - keep-alive
      Content-Length:
      - '577'
      Content-Type:
      - application/json;odata=nometadata
      DataServiceVersion:
      - '3.0'
      Date:
      - Tue, 29 Sep 2020 18:36:05 GMT
      User-Agent:
      - azsdk-python-data-tables/12.0.0b2 Python/3.8.4 (Windows-10-10.0.19041-SP0)
      x-ms-date:
      - Tue, 29 Sep 2020 18:36:05 GMT
      x-ms-version:
      - '2019-02-02'
    method: POST
    uri: https://tablestestcosmosname.table.cosmos.azure.com/uttablef99c18ec
  response:
    body:
      string: '{"PartitionKey":"pkf99c18ec","RowKey":"rkf99c18ec","age":39,"sex":"male","married":true,"deceased":false,"ratio":3.1,"evenratio":3.0,"large":933311100,"Birthday":"1973-10-04T00:00:00.0000000Z","birthday":"1970-10-04T00:00:00.0000000Z","binary":"YmluYXJ5","other":20,"clsid":"c9da6455-213d-42c9-9a79-3e9149a57833","Timestamp":"2020-09-29T18:36:05.3032967Z"}'
    headers:
      content-type:
      - application/json;odata=nometadata
      date:
      - Tue, 29 Sep 2020 18:36:04 GMT
      etag:
      - W/"datetime'2020-09-29T18%3A36%3A05.3032967Z'"
      location:
      - https://tablestestcosmosname.table.cosmos.azure.com/uttablef99c18ec(PartitionKey='pkf99c18ec',RowKey='rkf99c18ec')
      server:
      - Microsoft-HTTPAPI/2.0
      transfer-encoding:
      - chunked
    status:
      code: 201
      message: Created
- request:
    body: null
    headers:
      Accept:
      - application/json;odata=nometadata
      Accept-Encoding:
      - gzip, deflate
      Connection:
      - keep-alive
      DataServiceVersion:
      - '3.0'
      Date:
      - Tue, 29 Sep 2020 18:36:05 GMT
      User-Agent:
      - azsdk-python-data-tables/12.0.0b2 Python/3.8.4 (Windows-10-10.0.19041-SP0)
      x-ms-date:
      - Tue, 29 Sep 2020 18:36:05 GMT
      x-ms-version:
      - '2019-02-02'
    method: GET
    uri: https://tablestestcosmosname.table.cosmos.azure.com/uttablef99c18ec(PartitionKey='pkf99c18ec',RowKey='rkf99c18ec')
  response:
    body:
      string: '{"PartitionKey":"pkf99c18ec","RowKey":"rkf99c18ec","age":39,"sex":"male","married":true,"deceased":false,"ratio":3.1,"evenratio":3.0,"large":933311100,"Birthday":"1973-10-04T00:00:00.0000000Z","birthday":"1970-10-04T00:00:00.0000000Z","binary":"YmluYXJ5","other":20,"clsid":"c9da6455-213d-42c9-9a79-3e9149a57833","Timestamp":"2020-09-29T18:36:05.3032967Z"}'
    headers:
      content-type:
      - application/json;odata=nometadata
      date:
      - Tue, 29 Sep 2020 18:36:04 GMT
      etag:
      - W/"datetime'2020-09-29T18%3A36%3A05.3032967Z'"
      server:
      - Microsoft-HTTPAPI/2.0
      transfer-encoding:
      - chunked
    status:
      code: 200
      message: Ok
- request:
    body: null
    headers:
      Accept:
      - application/json
      Accept-Encoding:
      - gzip, deflate
      Connection:
      - keep-alive
      Content-Length:
      - '0'
      Date:
      - Tue, 29 Sep 2020 18:36:05 GMT
      User-Agent:
      - azsdk-python-data-tables/12.0.0b2 Python/3.8.4 (Windows-10-10.0.19041-SP0)
      x-ms-date:
      - Tue, 29 Sep 2020 18:36:05 GMT
      x-ms-version:
      - '2019-02-02'
    method: DELETE
    uri: https://tablestestcosmosname.table.cosmos.azure.com/Tables('uttablef99c18ec')
  response:
    body:
      string: ''
    headers:
      content-length:
      - '0'
      date:
      - Tue, 29 Sep 2020 18:36:04 GMT
      server:
      - Microsoft-HTTPAPI/2.0
    status:
      code: 204
      message: No Content
- request:
    body: null
    headers:
      Accept:
      - application/json;odata=minimalmetadata
      Accept-Encoding:
      - gzip, deflate
      Connection:
      - keep-alive
      DataServiceVersion:
      - '3.0'
      Date:
      - Tue, 29 Sep 2020 18:36:05 GMT
      User-Agent:
      - azsdk-python-data-tables/12.0.0b2 Python/3.8.4 (Windows-10-10.0.19041-SP0)
      x-ms-date:
      - Tue, 29 Sep 2020 18:36:05 GMT
      x-ms-version:
      - '2019-02-02'
    method: GET
    uri: https://tablestestcosmosname.table.cosmos.azure.com/Tables
  response:
    body:
      string: '{"value":[],"odata.metadata":"https://tablestestcosmosname.table.cosmos.azure.com/$metadata#Tables"}'
    headers:
      content-type:
      - application/json;odata=minimalmetadata
      date:
      - Tue, 29 Sep 2020 18:36:05 GMT
      server:
      - Microsoft-HTTPAPI/2.0
      transfer-encoding:
      - chunked
    status:
      code: 200
      message: Ok
version: 1
