{
  "Entries": [
    {
      "RequestUri": "https://yalltbtestsprim.table.core.windows.net/Tables",
      "RequestMethod": "POST",
      "RequestHeaders": {
        "Accept": "application/json;odata=minimalmetadata",
        "Accept-Encoding": "gzip, deflate",
        "Authorization": "Sanitized",
        "Content-Length": "32",
        "Content-Type": "application/json;odata=nometadata",
        "DataServiceVersion": "3.0",
        "Date": "Mon, 20 Sep 2021 22:03:45 GMT",
        "User-Agent": "azsdk-python-data-tables/12.1.1 Python/3.9.2 (Windows-10-10.0.19041-SP0)",
        "x-ms-client-request-id": "a0221db8-1a5e-11ec-8b25-5cf37093a909",
        "x-ms-date": "Mon, 20 Sep 2021 22:03:45 GMT",
        "x-ms-version": "2019-02-02"
      },
      "RequestBody": "{\u0022TableName\u0022: \u0022uttable151436b8\u0022}",
      "StatusCode": 201,
      "ResponseHeaders": {
        "Cache-Control": "no-cache",
        "Content-Type": "application/json; odata=minimalmetadata; streaming=true; charset=utf-8",
        "Date": "Mon, 20 Sep 2021 22:03:44 GMT",
        "Location": "https://yalltbtestsprim.table.core.windows.net/Tables(\u0027uttable151436b8\u0027)",
        "Server": [
          "Windows-Azure-Table/1.0",
          "Microsoft-HTTPAPI/2.0"
        ],
        "Transfer-Encoding": "chunked",
        "X-Content-Type-Options": "nosniff",
        "x-ms-client-request-id": "a0221db8-1a5e-11ec-8b25-5cf37093a909",
        "x-ms-request-id": "41382aa9-2002-004e-2e6b-ae8313000000",
        "x-ms-version": "2019-02-02"
      },
      "ResponseBody": {
        "odata.metadata": "https://yalltbtestsprim.table.core.windows.net/$metadata#Tables/@Element",
        "TableName": "uttable151436b8"
      }
    },
    {
      "RequestUri": "https://yalltbtestsprim.table.core.windows.net/Tables",
      "RequestMethod": "GET",
      "RequestHeaders": {
        "Accept": "application/json;odata=minimalmetadata",
        "Accept-Encoding": "gzip, deflate",
        "Authorization": "Sanitized",
        "DataServiceVersion": "3.0",
        "Date": "Mon, 20 Sep 2021 22:03:45 GMT",
        "User-Agent": "azsdk-python-data-tables/12.1.1 Python/3.9.2 (Windows-10-10.0.19041-SP0)",
        "x-ms-client-request-id": "a0273103-1a5e-11ec-83b7-5cf37093a909",
        "x-ms-date": "Mon, 20 Sep 2021 22:03:45 GMT",
        "x-ms-version": "2019-02-02"
      },
      "RequestBody": null,
      "StatusCode": 200,
      "ResponseHeaders": {
        "Cache-Control": "no-cache",
        "Content-Type": "application/json; odata=minimalmetadata; streaming=true; charset=utf-8",
        "Date": "Mon, 20 Sep 2021 22:03:44 GMT",
        "Server": [
          "Windows-Azure-Table/1.0",
          "Microsoft-HTTPAPI/2.0"
        ],
        "Transfer-Encoding": "chunked",
        "Vary": "Origin",
        "X-Content-Type-Options": "nosniff",
        "x-ms-client-request-id": "a0273103-1a5e-11ec-83b7-5cf37093a909",
        "x-ms-request-id": "41382aac-2002-004e-306b-ae8313000000",
        "x-ms-version": "2019-02-02"
      },
      "ResponseBody": {
        "odata.metadata": "https://yalltbtestsprim.table.core.windows.net/$metadata#Tables",
        "value": [
          {
            "TableName": "uttable151436b8"
          }
        ]
      }
    },
    {
      "RequestUri": "https://yalltbtestsprim.table.core.windows.net/Tables(\u0027uttable151436b8\u0027)",
      "RequestMethod": "DELETE",
      "RequestHeaders": {
        "Accept": "application/json",
        "Accept-Encoding": "gzip, deflate",
        "Authorization": "Sanitized",
        "Content-Length": "0",
        "Date": "Mon, 20 Sep 2021 22:03:45 GMT",
        "User-Agent": "azsdk-python-data-tables/12.1.1 Python/3.9.2 (Windows-10-10.0.19041-SP0)",
        "x-ms-client-request-id": "a02a2774-1a5e-11ec-a514-5cf37093a909",
        "x-ms-date": "Mon, 20 Sep 2021 22:03:45 GMT",
        "x-ms-version": "2019-02-02"
      },
      "RequestBody": null,
      "StatusCode": 204,
      "ResponseHeaders": {
        "Cache-Control": "no-cache",
        "Content-Length": "0",
        "Date": "Mon, 20 Sep 2021 22:03:44 GMT",
        "Server": [
          "Windows-Azure-Table/1.0",
          "Microsoft-HTTPAPI/2.0"
        ],
        "X-Content-Type-Options": "nosniff",
        "x-ms-client-request-id": "a02a2774-1a5e-11ec-a514-5cf37093a909",
        "x-ms-request-id": "41382aad-2002-004e-316b-ae8313000000",
        "x-ms-version": "2019-02-02"
      },
      "ResponseBody": null
    }
  ],
  "Variables": {}
}
