interactions:
- request:
    body: '{"TableName": "uttablec28517ea"}'
    headers:
      Accept:
      - application/json;odata=minimalmetadata
      Content-Length:
      - '32'
      Content-Type:
      - application/json;odata=nometadata
      DataServiceVersion:
      - '3.0'
      Date:
      - Wed, 02 Sep 2020 21:17:17 GMT
      User-Agent:
      - azsdk-python-data-tables/12.0.0b1 Python/3.8.4 (Windows-10-10.0.19041-SP0)
      x-ms-date:
      - Wed, 02 Sep 2020 21:17:17 GMT
      x-ms-version:
      - '2019-02-02'
    method: POST
    uri: https://storagename.table.core.windows.net/Tables
  response:
    body:
      string: '{"odata.metadata":"https://storagename.table.core.windows.net/$metadata#Tables/@Element","TableName":"uttablec28517ea"}'
    headers:
      cache-control: no-cache
      content-type: application/json;odata=minimalmetadata;streaming=true;charset=utf-8
      date: Wed, 02 Sep 2020 21:17:17 GMT
      location: https://storagename.table.core.windows.net/Tables('uttablec28517ea')
      server: Windows-Azure-Table/1.0 Microsoft-HTTPAPI/2.0
      transfer-encoding: chunked
      x-content-type-options: nosniff
      x-ms-version: '2019-02-02'
    status:
      code: 201
      message: Created
    url: https://pyacrstoragewfzwusgqqhrx.table.core.windows.net/Tables
- request:
    body: '{"PartitionKey": "pkc28517ea", "RowKey": "rkc28517ea", "age": 39, "sex":
      "male", "married": true, "deceased": false, "ratio": 3.1, "evenratio": 3.0,
      "large": 933311100, "Birthday": "1973-10-04T00:00:00Z", "Birthday@odata.type":
      "Edm.DateTime", "birthday": "1970-10-04T00:00:00Z", "birthday@odata.type": "Edm.DateTime",
      "binary": "YmluYXJ5", "binary@odata.type": "Edm.Binary", "other": 20, "clsid":
      "c9da6455-213d-42c9-9a79-3e9149a57833", "clsid@odata.type": "Edm.Guid"}'
    headers:
      Accept:
      - application/json;odata=minimalmetadata
      Content-Length:
      - '469'
      Content-Type:
      - application/json;odata=nometadata
      DataServiceVersion:
      - '3.0'
      Date:
      - Wed, 02 Sep 2020 21:17:17 GMT
      User-Agent:
      - azsdk-python-data-tables/12.0.0b1 Python/3.8.4 (Windows-10-10.0.19041-SP0)
      x-ms-date:
      - Wed, 02 Sep 2020 21:17:17 GMT
      x-ms-version:
      - '2019-02-02'
    method: POST
    uri: https://storagename.table.core.windows.net/uttablec28517ea
  response:
    body:
      string: '{"odata.metadata":"https://storagename.table.core.windows.net/$metadata#uttablec28517ea/@Element","odata.etag":"W/\"datetime''2020-09-02T21%3A17%3A17.8519281Z''\"","PartitionKey":"pkc28517ea","RowKey":"rkc28517ea","Timestamp":"2020-09-02T21:17:17.8519281Z","age":39,"sex":"male","married":true,"deceased":false,"ratio":3.1,"evenratio":3.0,"large":933311100,"Birthday@odata.type":"Edm.DateTime","Birthday":"1973-10-04T00:00:00Z","birthday@odata.type":"Edm.DateTime","birthday":"1970-10-04T00:00:00Z","binary@odata.type":"Edm.Binary","binary":"YmluYXJ5","other":20,"clsid@odata.type":"Edm.Guid","clsid":"c9da6455-213d-42c9-9a79-3e9149a57833"}'
    headers:
      cache-control: no-cache
      content-type: application/json;odata=minimalmetadata;streaming=true;charset=utf-8
      date: Wed, 02 Sep 2020 21:17:17 GMT
      etag: W/"datetime'2020-09-02T21%3A17%3A17.8519281Z'"
      location: https://storagename.table.core.windows.net/uttablec28517ea(PartitionKey='pkc28517ea',RowKey='rkc28517ea')
      server: Windows-Azure-Table/1.0 Microsoft-HTTPAPI/2.0
      transfer-encoding: chunked
      x-content-type-options: nosniff
      x-ms-version: '2019-02-02'
    status:
      code: 201
      message: Created
    url: https://pyacrstoragewfzwusgqqhrx.table.core.windows.net/uttablec28517ea
- request:
    body: null
    headers:
      Accept:
      - application/json;odata=minimalmetadata
      DataServiceVersion:
      - '3.0'
      Date:
      - Wed, 02 Sep 2020 21:17:17 GMT
      If-Match:
      - W/"datetime'2020-09-02T21%3A17%3A17.8519281Z'"
      User-Agent:
      - azsdk-python-data-tables/12.0.0b1 Python/3.8.4 (Windows-10-10.0.19041-SP0)
      x-ms-date:
      - Wed, 02 Sep 2020 21:17:17 GMT
      x-ms-version:
      - '2019-02-02'
    method: DELETE
    uri: https://storagename.table.core.windows.net/uttablec28517ea(PartitionKey='pkc28517ea',RowKey='rkc28517ea')
  response:
    body:
      string: ''
    headers:
      cache-control: no-cache
      content-length: '0'
      date: Wed, 02 Sep 2020 21:17:17 GMT
      server: Windows-Azure-Table/1.0 Microsoft-HTTPAPI/2.0
      x-content-type-options: nosniff
      x-ms-version: '2019-02-02'
    status:
      code: 204
      message: No Content
    url: https://pyacrstoragewfzwusgqqhrx.table.core.windows.net/uttablec28517ea(PartitionKey='pkc28517ea',RowKey='rkc28517ea')
- request:
    body: null
    headers:
      Accept:
      - application/json;odata=minimalmetadata
      DataServiceVersion:
      - '3.0'
      Date:
      - Wed, 02 Sep 2020 21:17:17 GMT
      User-Agent:
      - azsdk-python-data-tables/12.0.0b1 Python/3.8.4 (Windows-10-10.0.19041-SP0)
      x-ms-date:
      - Wed, 02 Sep 2020 21:17:17 GMT
      x-ms-version:
      - '2019-02-02'
    method: GET
    uri: https://storagename.table.core.windows.net/uttablec28517ea(PartitionKey='pkc28517ea',RowKey='rkc28517ea')
  response:
    body:
      string: '{"odata.error":{"code":"ResourceNotFound","message":{"lang":"en-US","value":"The
        specified resource does not exist.\nRequestId:a1931673-9002-0072-7c6e-81af5f000000\nTime:2020-09-02T21:17:17.9199738Z"}}}'
    headers:
      cache-control: no-cache
      content-type: application/json;odata=minimalmetadata;streaming=true;charset=utf-8
      date: Wed, 02 Sep 2020 21:17:17 GMT
      server: Windows-Azure-Table/1.0 Microsoft-HTTPAPI/2.0
      transfer-encoding: chunked
      x-content-type-options: nosniff
      x-ms-version: '2019-02-02'
    status:
      code: 404
      message: Not Found
    url: https://pyacrstoragewfzwusgqqhrx.table.core.windows.net/uttablec28517ea(PartitionKey='pkc28517ea',RowKey='rkc28517ea')
- request:
    body: null
    headers:
      Accept:
      - application/json
      Date:
      - Wed, 02 Sep 2020 21:17:17 GMT
      User-Agent:
      - azsdk-python-data-tables/12.0.0b1 Python/3.8.4 (Windows-10-10.0.19041-SP0)
      x-ms-date:
      - Wed, 02 Sep 2020 21:17:17 GMT
      x-ms-version:
      - '2019-02-02'
    method: DELETE
    uri: https://storagename.table.core.windows.net/Tables('uttablec28517ea')
  response:
    body:
      string: ''
    headers:
      cache-control: no-cache
      content-length: '0'
      date: Wed, 02 Sep 2020 21:17:17 GMT
      server: Windows-Azure-Table/1.0 Microsoft-HTTPAPI/2.0
      x-content-type-options: nosniff
      x-ms-version: '2019-02-02'
    status:
      code: 204
      message: No Content
    url: https://pyacrstoragewfzwusgqqhrx.table.core.windows.net/Tables('uttablec28517ea')
version: 1
