interactions:
- request:
    body: '{"location": "eastus", "sku": {"name": "Premium"}, "properties": {"adminUserEnabled":
      false}}'
    headers:
      Accept:
      - application/json
      Accept-Encoding:
      - gzip, deflate
      Connection:
      - keep-alive
      Content-Length:
      - '93'
      Content-Type:
      - application/json; charset=utf-8
      User-Agent:
      - python/3.6.9 (Linux-4.19.76-linuxkit-x86_64-with-Ubuntu-18.04-bionic) msrest/0.6.10
        msrest_azure/0.6.2 azure-mgmt-containerregistry/3.0.0rc15 Azure-SDK-For-Python
      accept-language:
      - en-US
    method: PUT
    uri: https://management.azure.com/subscriptions/00000000-0000-0000-0000-000000000000/resourceGroups/test_mgmt_containerregistry_2018_02_01_preview_test_build86c515d9/providers/Microsoft.ContainerRegistry/registries/pyacr86c515d9?api-version=2017-10-01
  response:
    body:
      string: '{"sku":{"name":"Premium","tier":"Premium"},"type":"Microsoft.ContainerRegistry/registries","id":"/subscriptions/00000000-0000-0000-0000-000000000000/resourceGroups/test_mgmt_containerregistry_2018_02_01_preview_test_build86c515d9/providers/Microsoft.ContainerRegistry/registries/pyacr86c515d9","name":"pyacr86c515d9","location":"eastus","tags":{},"properties":{"loginServer":"pyacr86c515d9.azurecr.io","creationDate":"2020-09-17T06:18:02.0551788Z","provisioningState":"Succeeded","adminUserEnabled":false,"networkRuleSet":{"defaultAction":"Allow","virtualNetworkRules":[],"ipRules":[]}}}'
    headers:
      cache-control:
      - no-cache
      content-length:
      - '587'
      content-type:
      - application/json; charset=utf-8
      date:
      - Thu, 17 Sep 2020 06:18:05 GMT
      expires:
      - '-1'
      pragma:
      - no-cache
      server:
      - Microsoft-HTTPAPI/2.0
      strict-transport-security:
      - max-age=31536000; includeSubDomains
      transfer-encoding:
      - chunked
      vary:
      - Accept-Encoding
      x-content-type-options:
      - nosniff
      x-ms-ratelimit-remaining-subscription-writes:
      - '1199'
    status:
      code: 200
      message: OK
- request:
    body: null
    headers:
      Accept:
      - application/json
      Accept-Encoding:
      - gzip, deflate
      Connection:
      - keep-alive
      Content-Length:
      - '0'
      User-Agent:
      - python/3.6.9 (Linux-4.19.76-linuxkit-x86_64-with-Ubuntu-18.04-bionic) msrest/0.6.10
        msrest_azure/0.6.2 azure-mgmt-containerregistry/3.0.0rc15 Azure-SDK-For-Python
      accept-language:
      - en-US
    method: POST
    uri: https://management.azure.com/subscriptions/00000000-0000-0000-0000-000000000000/resourceGroups/test_mgmt_containerregistry_2018_02_01_preview_test_build86c515d9/providers/Microsoft.ContainerRegistry/registries/pyacr86c515d9/getBuildSourceUploadUrl?api-version=2018-02-01-preview
  response:
    body:
      string: '{"uploadUrl":"https://eusmanaged193.blob.core.windows.net/c957eda7ad2a4a5491e687b2ae654dce-wfbrgfnf9s/source/202009170000/40eb3cfb-3374-44ef-b919-0ca1912b5c00.tar.gz?sv=2018-03-28&sr=b&sig=9cmE7280tZ1R2FTfXPHkX5Xa1ylmcETj5z2AFXdsgwA%3D&se=2020-09-17T07%3A18%3A07Z&sp=cw","relativePath":"source/202009170000/40eb3cfb-3374-44ef-b919-0ca1912b5c00.tar.gz"}'
    headers:
      cache-control:
      - no-cache
      content-length:
      - '352'
      content-type:
      - application/json; charset=utf-8
      date:
      - Thu, 17 Sep 2020 06:18:06 GMT
      expires:
      - '-1'
      pragma:
      - no-cache
      server:
      - nginx/1.15.10
      strict-transport-security:
      - max-age=31536000; includeSubDomains
      transfer-encoding:
      - chunked
      vary:
      - Accept-Encoding,Accept-Encoding
      x-content-type-options:
      - nosniff
      x-ms-ratelimit-remaining-subscription-writes:
      - '1199'
    status:
      code: 200
      message: OK
- request:
    body: '{"type": "QuickBuild", "imageNames": ["repo:tag"], "sourceLocation": "https://github.com/djyou/BuildTest",
      "buildArguments": [], "isPushEnabled": true, "noCache": false, "timeout": 3600,
      "platform": {"osType": "Linux"}, "dockerFilePath": "Dockerfile"}'
    headers:
      Accept:
      - application/json
      Accept-Encoding:
      - gzip, deflate
      Connection:
      - keep-alive
      Content-Length:
      - '251'
      Content-Type:
      - application/json; charset=utf-8
      User-Agent:
      - python/3.6.9 (Linux-4.19.76-linuxkit-x86_64-with-Ubuntu-18.04-bionic) msrest/0.6.10
        msrest_azure/0.6.2 azure-mgmt-containerregistry/3.0.0rc15 Azure-SDK-For-Python
      accept-language:
      - en-US
    method: POST
    uri: https://management.azure.com/subscriptions/00000000-0000-0000-0000-000000000000/resourceGroups/test_mgmt_containerregistry_2018_02_01_preview_test_build86c515d9/providers/Microsoft.ContainerRegistry/registries/pyacr86c515d9/queueBuild?api-version=2018-02-01-preview
  response:
    body:
      string: '{"type":"Microsoft.ContainerRegistry/registries/builds","properties":{"buildId":"aa1","status":"Queued","lastUpdatedTime":"2020-09-17T06:18:07+00:00","isArchiveEnabled":false,"provisioningState":"Succeeded"},"id":"/subscriptions/00000000-0000-0000-0000-000000000000/resourceGroups/test_mgmt_containerregistry_2018_02_01_preview_test_build86c515d9/providers/Microsoft.ContainerRegistry/registries/pyacr86c515d9/builds/aa1","name":"aa1"}'
    headers:
      cache-control:
      - no-cache
      content-length:
      - '435'
      content-type:
      - application/json; charset=utf-8
      date:
      - Thu, 17 Sep 2020 06:18:07 GMT
      expires:
      - '-1'
      pragma:
      - no-cache
      server:
      - nginx/1.15.10
      strict-transport-security:
      - max-age=31536000; includeSubDomains
      transfer-encoding:
      - chunked
      vary:
      - Accept-Encoding,Accept-Encoding
      x-content-type-options:
      - nosniff
      x-ms-ratelimit-remaining-subscription-writes:
      - '1198'
    status:
      code: 200
      message: OK
- request:
    body: null
    headers:
      Accept:
      - application/json
      Accept-Encoding:
      - gzip, deflate
      Connection:
      - keep-alive
      User-Agent:
      - python/3.6.9 (Linux-4.19.76-linuxkit-x86_64-with-Ubuntu-18.04-bionic) msrest/0.6.10
        msrest_azure/0.6.2 azure-mgmt-containerregistry/3.0.0rc15 Azure-SDK-For-Python
      accept-language:
      - en-US
    method: GET
    uri: https://management.azure.com/subscriptions/00000000-0000-0000-0000-000000000000/resourceGroups/test_mgmt_containerregistry_2018_02_01_preview_test_build86c515d9/providers/Microsoft.ContainerRegistry/registries/pyacr86c515d9/builds?api-version=2018-02-01-preview
  response:
    body:
      string: '{"value":[{"type":"Microsoft.ContainerRegistry/registries/builds","properties":{"buildId":"aa1","status":"Queued","lastUpdatedTime":"2020-09-17T06:18:08+00:00","buildType":"QuickBuild","createTime":"2020-09-17T06:18:07.9673256+00:00","isArchiveEnabled":false,"platform":{"osType":"Linux","cpu":2},"provisioningState":"Succeeded"},"id":"/subscriptions/00000000-0000-0000-0000-000000000000/resourceGroups/test_mgmt_containerregistry_2018_02_01_preview_test_build86c515d9/providers/Microsoft.ContainerRegistry/registries/pyacr86c515d9/builds/aa1","name":"aa1"}]}'
    headers:
      cache-control:
      - no-cache
      content-length:
      - '559'
      content-type:
      - application/json; charset=utf-8
      date:
      - Thu, 17 Sep 2020 06:18:07 GMT
      expires:
      - '-1'
      pragma:
      - no-cache
      server:
      - nginx/1.15.10
      strict-transport-security:
      - max-age=31536000; includeSubDomains
      transfer-encoding:
      - chunked
      vary:
      - Accept-Encoding,Accept-Encoding
      x-content-type-options:
      - nosniff
    status:
      code: 200
      message: OK
- request:
    body: null
    headers:
      Accept:
      - application/json
      Accept-Encoding:
      - gzip, deflate
      Connection:
      - keep-alive
      User-Agent:
      - python/3.6.9 (Linux-4.19.76-linuxkit-x86_64-with-Ubuntu-18.04-bionic) msrest/0.6.10
        msrest_azure/0.6.2 azure-mgmt-containerregistry/3.0.0rc15 Azure-SDK-For-Python
      accept-language:
      - en-US
    method: GET
    uri: https://management.azure.com/subscriptions/00000000-0000-0000-0000-000000000000/resourceGroups/test_mgmt_containerregistry_2018_02_01_preview_test_build86c515d9/providers/Microsoft.ContainerRegistry/registries/pyacr86c515d9/builds/aa1?api-version=2018-02-01-preview
  response:
    body:
      string: '{"type":"Microsoft.ContainerRegistry/registries/builds","properties":{"buildId":"aa1","status":"Running","lastUpdatedTime":"2020-09-17T06:18:08+00:00","buildType":"QuickBuild","createTime":"2020-09-17T06:18:07.9673256+00:00","startTime":"2020-09-17T06:18:08.7474398+00:00","isArchiveEnabled":false,"platform":{"osType":"Linux","cpu":2},"provisioningState":"Succeeded"},"id":"/subscriptions/00000000-0000-0000-0000-000000000000/resourceGroups/test_mgmt_containerregistry_2018_02_01_preview_test_build86c515d9/providers/Microsoft.ContainerRegistry/registries/pyacr86c515d9/builds/aa1","name":"aa1"}'
    headers:
      cache-control:
      - no-cache
      content-length:
      - '596'
      content-type:
      - application/json; charset=utf-8
      date:
      - Thu, 17 Sep 2020 06:18:08 GMT
      expires:
      - '-1'
      pragma:
      - no-cache
      server:
      - nginx/1.15.10
      strict-transport-security:
      - max-age=31536000; includeSubDomains
      transfer-encoding:
      - chunked
      vary:
      - Accept-Encoding,Accept-Encoding
      x-content-type-options:
      - nosniff
    status:
      code: 200
      message: OK
- request:
    body: '{"isArchiveEnabled": true}'
    headers:
      Accept:
      - application/json
      Accept-Encoding:
      - gzip, deflate
      Connection:
      - keep-alive
      Content-Length:
      - '26'
      Content-Type:
      - application/json; charset=utf-8
      User-Agent:
      - python/3.6.9 (Linux-4.19.76-linuxkit-x86_64-with-Ubuntu-18.04-bionic) msrest/0.6.10
        msrest_azure/0.6.2 azure-mgmt-containerregistry/3.0.0rc15 Azure-SDK-For-Python
      accept-language:
      - en-US
    method: PATCH
    uri: https://management.azure.com/subscriptions/00000000-0000-0000-0000-000000000000/resourceGroups/test_mgmt_containerregistry_2018_02_01_preview_test_build86c515d9/providers/Microsoft.ContainerRegistry/registries/pyacr86c515d9/builds/aa1?api-version=2018-02-01-preview
  response:
    body:
      string: '{"type":"Microsoft.ContainerRegistry/registries/builds","properties":{"buildId":"aa1","status":"Running","lastUpdatedTime":"2020-09-17T06:18:09+00:00","buildType":"QuickBuild","createTime":"2020-09-17T06:18:07.9673256+00:00","startTime":"2020-09-17T06:18:08.7474398+00:00","isArchiveEnabled":true,"platform":{"osType":"Linux","cpu":2},"provisioningState":"Succeeded"},"id":"/subscriptions/00000000-0000-0000-0000-000000000000/resourceGroups/test_mgmt_containerregistry_2018_02_01_preview_test_build86c515d9/providers/Microsoft.ContainerRegistry/registries/pyacr86c515d9/builds/aa1","name":"aa1"}'
    headers:
      cache-control:
      - no-cache
      content-length:
      - '595'
      content-type:
      - application/json; charset=utf-8
      date:
      - Thu, 17 Sep 2020 06:18:08 GMT
      expires:
      - '-1'
      pragma:
      - no-cache
      server:
      - nginx/1.15.10
      strict-transport-security:
      - max-age=31536000; includeSubDomains
      transfer-encoding:
      - chunked
      vary:
      - Accept-Encoding,Accept-Encoding
      x-content-type-options:
      - nosniff
      x-ms-ratelimit-remaining-subscription-writes:
      - '1198'
    status:
      code: 200
      message: OK
- request:
    body: null
    headers:
      Accept:
      - application/json
      Accept-Encoding:
      - gzip, deflate
      Connection:
      - keep-alive
      Content-Length:
      - '0'
      User-Agent:
      - python/3.6.9 (Linux-4.19.76-linuxkit-x86_64-with-Ubuntu-18.04-bionic) msrest/0.6.10
        msrest_azure/0.6.2 azure-mgmt-containerregistry/3.0.0rc15 Azure-SDK-For-Python
      accept-language:
      - en-US
    method: POST
    uri: https://management.azure.com/subscriptions/00000000-0000-0000-0000-000000000000/resourceGroups/test_mgmt_containerregistry_2018_02_01_preview_test_build86c515d9/providers/Microsoft.ContainerRegistry/registries/pyacr86c515d9/builds/aa1/getLogLink?api-version=2018-02-01-preview
  response:
    body:
      string: '{"logLink":"https://eusmanaged193.blob.core.windows.net/c957eda7ad2a4a5491e687b2ae654dce-wfbrgfnf9s/logs/aa1/rawtext.log?sv=2018-03-28&sr=b&sig=McHuTvyAufBa1G1yY3qu2SdPELVdaZFGd95YguIzkHw%3D&se=2020-09-17T07%3A28%3A09Z&sp=r"}'
    headers:
      cache-control:
      - no-cache
      content-length:
      - '225'
      content-type:
      - application/json; charset=utf-8
      date:
      - Thu, 17 Sep 2020 06:18:09 GMT
      expires:
      - '-1'
      pragma:
      - no-cache
      server:
      - nginx/1.15.10
      strict-transport-security:
      - max-age=31536000; includeSubDomains
      transfer-encoding:
      - chunked
      vary:
      - Accept-Encoding,Accept-Encoding
      x-content-type-options:
      - nosniff
      x-ms-ratelimit-remaining-subscription-writes:
      - '1197'
    status:
      code: 200
      message: OK
- request:
    body: null
    headers:
      Accept:
      - application/json
      Accept-Encoding:
      - gzip, deflate
      Connection:
      - keep-alive
      Content-Length:
      - '0'
      User-Agent:
      - python/3.6.9 (Linux-4.19.76-linuxkit-x86_64-with-Ubuntu-18.04-bionic) msrest/0.6.10
        msrest_azure/0.6.2 azure-mgmt-containerregistry/3.0.0rc15 Azure-SDK-For-Python
      accept-language:
      - en-US
    method: POST
    uri: https://management.azure.com/subscriptions/00000000-0000-0000-0000-000000000000/resourceGroups/test_mgmt_containerregistry_2018_02_01_preview_test_build86c515d9/providers/Microsoft.ContainerRegistry/registries/pyacr86c515d9/builds/aa1/cancel?api-version=2018-02-01-preview
  response:
    body:
      string: ''
    headers:
      cache-control:
      - no-cache
      content-length:
      - '0'
      date:
      - Thu, 17 Sep 2020 06:18:09 GMT
      expires:
      - '-1'
      pragma:
      - no-cache
      server:
      - nginx/1.15.10
      strict-transport-security:
      - max-age=31536000; includeSubDomains
      x-content-type-options:
      - nosniff
      x-ms-ratelimit-remaining-subscription-writes:
      - '1196'
    status:
      code: 200
      message: OK
- request:
    body: null
    headers:
      Accept:
      - application/json
      Accept-Encoding:
      - gzip, deflate
      Connection:
      - keep-alive
      Content-Length:
      - '0'
      User-Agent:
      - python/3.6.9 (Linux-4.19.76-linuxkit-x86_64-with-Ubuntu-18.04-bionic) msrest/0.6.10
        msrest_azure/0.6.2 azure-mgmt-containerregistry/3.0.0rc15 Azure-SDK-For-Python
      accept-language:
      - en-US
    method: DELETE
    uri: https://management.azure.com/subscriptions/00000000-0000-0000-0000-000000000000/resourceGroups/test_mgmt_containerregistry_2018_02_01_preview_test_build86c515d9/providers/Microsoft.ContainerRegistry/registries/pyacr86c515d9?api-version=2017-10-01
  response:
    body:
      string: ''
    headers:
      cache-control:
      - no-cache
      content-length:
      - '0'
      date:
      - Thu, 17 Sep 2020 06:18:15 GMT
      expires:
      - '-1'
      pragma:
      - no-cache
      server:
      - Microsoft-HTTPAPI/2.0
      strict-transport-security:
      - max-age=31536000; includeSubDomains
      x-content-type-options:
      - nosniff
      x-ms-ratelimit-remaining-subscription-deletes:
      - '14999'
    status:
      code: 200
      message: OK
version: 1
