{
  "Entries": [
    {
      "RequestUri": "https://managedhsmvaultname.vault.azure.net/backup?api-version=7.2",
      "RequestMethod": "POST",
      "RequestHeaders": {
        "Accept": "application/json",
        "Accept-Encoding": "gzip, deflate",
        "Content-Length": "0",
        "Content-Type": "application/json",
        "User-Agent": "azsdk-python-keyvault-administration/4.1.1 Python/3.9.9 (Windows-10-10.0.22000-SP0)"
      },
      "RequestBody": null,
      "StatusCode": 401,
      "ResponseHeaders": {
        "Cache-Control": "no-cache",
        "Content-Length": "0",
        "Content-Security-Policy": "default-src \u0027self\u0027",
        "Content-Type": "application/json; charset=utf-8",
        "Strict-Transport-Security": "max-age=31536000; includeSubDomains",
        "WWW-Authenticate": "Bearer authorization=\u0022https://login.microsoftonline.com/00000000-0000-0000-0000-000000000000\u0022, resource=\u0022https://managedhsm.azure.net\u0022",
        "X-Content-Type-Options": "nosniff",
        "X-Frame-Options": "SAMEORIGIN",
        "x-ms-server-latency": "4"
      },
      "ResponseBody": null
    },
    {
      "RequestUri": "https://managedhsmvaultname.vault.azure.net/backup?api-version=7.2",
      "RequestMethod": "POST",
      "RequestHeaders": {
        "Accept": "application/json",
        "Accept-Encoding": "gzip, deflate",
        "Content-Length": "117",
        "Content-Type": "application/json",
        "User-Agent": "azsdk-python-keyvault-administration/4.1.1 Python/3.9.9 (Windows-10-10.0.22000-SP0)"
      },
      "RequestBody": {
        "storageResourceUri": "https://blob_storage_account_name.blob.keyvault_endpoint_suffix/backup",
        "token": "fake-sas"
      },
      "StatusCode": 202,
      "ResponseHeaders": {
        "api-supported-versions": "20180927, 20211111",
        "azure-asyncoperation": "https://managedhsmvaultname.vault.azure.net/backup/959516022380493db0b3cacc965ca550/pending",
        "Cache-Control": "no-cache",
        "Content-Length": "174",
        "Content-Security-Policy": "default-src \u0027self\u0027",
        "Content-Type": "application/json; charset=utf-8",
        "Date": "Mon, 09 May 2022 21:38:01 GMT",
        "Retry-After": "10",
        "Server": "Kestrel",
        "Strict-Transport-Security": "max-age=31536000; includeSubDomains",
        "X-Content-Type-Options": "nosniff",
        "X-Frame-Options": "SAMEORIGIN",
        "x-ms-keyvault-network-info": "conn_type=Ipv4;addr=73.232.137.144;act_addr_fam=Ipv4;",
        "x-ms-keyvault-region": "westus3",
        "x-ms-server-latency": "1719"
      },
      "ResponseBody": {
        "status": "InProgress",
        "statusDetails": null,
        "error": null,
        "startTime": 1652132282,
        "endTime": null,
        "jobId": "959516022380493db0b3cacc965ca550",
        "azureStorageBlobContainerUri": null
      }
    },
    {
      "RequestUri": "https://managedhsmvaultname.vault.azure.net/backup/959516022380493db0b3cacc965ca550/pending",
      "RequestMethod": "GET",
      "RequestHeaders": {
        "Accept": "*/*",
        "Accept-Encoding": "gzip, deflate",
        "User-Agent": "azsdk-python-keyvault-administration/4.1.1 Python/3.9.9 (Windows-10-10.0.22000-SP0)"
      },
      "RequestBody": null,
      "StatusCode": 200,
      "ResponseHeaders": {
        "api-supported-versions": "20180927, 20211111",
        "Cache-Control": "no-cache",
        "Content-Length": "291",
        "Content-Security-Policy": "default-src \u0027self\u0027",
        "Content-Type": "application/json; charset=utf-8",
        "Date": "Mon, 09 May 2022 21:38:14 GMT",
        "Server": "Kestrel",
        "Strict-Transport-Security": "max-age=31536000; includeSubDomains",
        "X-Content-Type-Options": "nosniff",
        "X-Frame-Options": "SAMEORIGIN",
        "x-ms-build-version": "1.0.20220503-3-e1430fa9-1.0.20220430-1-f02155ab-pre-openssl",
        "x-ms-keyvault-network-info": "conn_type=Ipv4;addr=73.232.137.144;act_addr_fam=Ipv4;",
        "x-ms-keyvault-region": "westus3",
        "x-ms-server-latency": "1559"
      },
      "ResponseBody": {
        "azureStorageBlobContainerUri": "https://blob_storage_account_name.blob.keyvault_endpoint_suffix/backup/mhsm-kashifkhankeyvaulthsm-2022050921380261",
        "endTime": 1652132290,
        "error": null,
        "jobId": "959516022380493db0b3cacc965ca550",
        "startTime": 1652132282,
        "status": "Succeeded",
        "statusDetails": null
      }
    },
    {
      "RequestUri": "https://managedhsmvaultname.vault.azure.net/restore?api-version=7.2",
      "RequestMethod": "PUT",
      "RequestHeaders": {
        "Accept": "application/json",
        "Accept-Encoding": "gzip, deflate",
        "Content-Length": "207",
        "Content-Type": "application/json",
        "User-Agent": "azsdk-python-keyvault-administration/4.1.1 Python/3.9.9 (Windows-10-10.0.22000-SP0)"
      },
      "RequestBody": {
        "sasTokenParameters": {
          "storageResourceUri": "https://blob_storage_account_name.blob.keyvault_endpoint_suffix/backup",
          "token": "fake-sas"
        },
        "folderToRestore": "mhsm-kashifkhankeyvaulthsm-2022050921380261"
      },
      "StatusCode": 202,
      "ResponseHeaders": {
        "api-supported-versions": "20180927, 20211111",
        "azure-asyncoperation": "https://managedhsmvaultname.vault.azure.net/restore/ef110df9ce75482fb1e3299c85edeb18/pending",
        "Cache-Control": "no-cache",
        "Content-Length": "138",
        "Content-Security-Policy": "default-src \u0027self\u0027",
        "Content-Type": "application/json; charset=utf-8",
        "Date": "Mon, 09 May 2022 21:38:15 GMT",
        "Retry-After": "10",
        "Server": "Kestrel",
        "Strict-Transport-Security": "max-age=31536000; includeSubDomains",
        "X-Content-Type-Options": "nosniff",
        "X-Frame-Options": "SAMEORIGIN",
        "x-ms-keyvault-network-info": "conn_type=Ipv4;addr=73.232.137.144;act_addr_fam=Ipv4;",
        "x-ms-keyvault-region": "westus3",
        "x-ms-server-latency": "1764"
      },
      "ResponseBody": {
        "endTime": null,
        "error": null,
        "jobId": "ef110df9ce75482fb1e3299c85edeb18",
        "startTime": 1652132295,
        "status": "InProgress",
        "statusDetails": null
      }
    },
    {
      "RequestUri": "https://managedhsmvaultname.vault.azure.net/restore/ef110df9ce75482fb1e3299c85edeb18/pending",
      "RequestMethod": "GET",
      "RequestHeaders": {
        "Accept": "*/*",
        "Accept-Encoding": "gzip, deflate",
        "User-Agent": "azsdk-python-keyvault-administration/4.1.1 Python/3.9.9 (Windows-10-10.0.22000-SP0)"
      },
      "RequestBody": null,
      "StatusCode": 200,
      "ResponseHeaders": {
        "api-supported-versions": "20180927, 20211111",
        "Cache-Control": "no-cache",
        "Content-Length": "143",
        "Content-Security-Policy": "default-src \u0027self\u0027",
        "Content-Type": "application/json; charset=utf-8",
        "Date": "Mon, 09 May 2022 21:38:28 GMT",
        "Server": "Kestrel",
        "Strict-Transport-Security": "max-age=31536000; includeSubDomains",
        "X-Content-Type-Options": "nosniff",
        "X-Frame-Options": "SAMEORIGIN",
        "x-ms-build-version": "1.0.20220503-3-e1430fa9-1.0.20220430-1-f02155ab-pre-openssl",
        "x-ms-keyvault-network-info": "conn_type=Ipv4;addr=73.232.137.144;act_addr_fam=Ipv4;",
        "x-ms-keyvault-region": "westus3",
        "x-ms-server-latency": "2343"
      },
      "ResponseBody": {
        "endTime": 1652132307,
        "error": null,
        "jobId": "ef110df9ce75482fb1e3299c85edeb18",
        "startTime": 1652132295,
        "status": "Succeeded",
        "statusDetails": null
      }
    }
  ],
  "Variables": {}
}
