interactions:
- request:
    body: null
    headers:
      Accept:
      - application/json
      Content-Length:
      - '0'
      Content-Type:
      - application/json
      User-Agent:
      - azsdk-python-keyvault-keys/4.3.2 Python/3.5.3 (Windows-10-10.0.19041-SP0)
    method: POST
    uri: https://managedhsm/keys/selective-restore-test-key20e5150d/create?api-version=7.2-preview
  response:
    body:
      string: ''
    headers:
      cache-control: no-cache
      content-length: '0'
      content-security-policy: default-src 'self'
      content-type: application/json; charset=utf-8
      strict-transport-security: max-age=31536000; includeSubDomains
      www-authenticate: Bearer authorization="https://login.microsoftonline.com/72f988bf-86f1-41af-91ab-2d7cd011db47",
        resource="https://managedhsm.azure.net"
      x-content-type-options: nosniff
      x-frame-options: SAMEORIGIN
      x-ms-server-latency: '2'
    status:
      code: 401
      message: Unauthorized
    url: https://mcpatinotesthsm.managedhsm.azure.net/keys/selective-restore-test-key20e5150d/create?api-version=7.2-preview
- request:
    body: '{"kty": "RSA"}'
    headers:
      Accept:
      - application/json
      Content-Length:
      - '14'
      Content-Type:
      - application/json
      User-Agent:
      - azsdk-python-keyvault-keys/4.3.2 Python/3.5.3 (Windows-10-10.0.19041-SP0)
    method: POST
    uri: https://managedhsm/keys/selective-restore-test-key20e5150d/create?api-version=7.2-preview
  response:
    body:
      string: '{"attributes":{"created":1612829541,"enabled":true,"exportable":false,"recoverableDays":90,"recoveryLevel":"Recoverable+Purgeable","updated":1612829541},"key":{"e":"AQAB","key_ops":["wrapKey","decrypt","encrypt","unwrapKey","sign","verify"],"kid":"https://managedhsm/keys/selective-restore-test-key20e5150d/a649e5b2c7e646ba062f308cc4736f3c","kty":"RSA-HSM","n":"oHCH2OW-TG9B0pSwDQzO-ZgNZ1mKw_pWTkXt7CdEv_VOb9qJSfaczurdEgen9wKLM8oQPdOEhZzgHZHoQW7zXVISjgTm2JADHH29aYxzu_h8EKvA6kO4eWzN_KphSr3TIn2NqtTo7QeCeTKx4bGbZejGElVmPJhq8srqq53XhuX7xZVb6-Du5Pjm1J-mlpfZR1C2r1hx049BUdz1bPBjwcVhCqXIqUwxbPex80Von26ULxHJk3TVzogSwjTreKG2NqmJBoDzAA51id4C0JxrC7bu2tHCC1OuhWcE-JN67bBtd9Vn2O1ePda2eGsdyM3_6D_aBYtAVEK-7ksEiYyFYQ"}}'
    headers:
      cache-control: no-cache
      content-length: '733'
      content-security-policy: default-src 'self'
      content-type: application/json; charset=utf-8
      strict-transport-security: max-age=31536000; includeSubDomains
      x-content-type-options: nosniff
      x-frame-options: SAMEORIGIN
      x-ms-keyvault-network-info: addr=174.127.232.53
      x-ms-keyvault-region: northeurope
      x-ms-server-latency: '602'
    status:
      code: 200
      message: OK
    url: https://mcpatinotesthsm.managedhsm.azure.net/keys/selective-restore-test-key20e5150d/create?api-version=7.2-preview
- request:
    body: null
    headers:
      Accept:
      - application/json
      Content-Length:
      - '0'
      Content-Type:
      - application/json
      User-Agent:
      - azsdk-python-keyvault-administration/4.0.0b3 Python/3.5.3 (Windows-10-10.0.19041-SP0)
    method: POST
    uri: https://managedhsm/backup?api-version=7.2-preview
  response:
    body:
      string: ''
    headers:
      cache-control: no-cache
      content-length: '0'
      content-security-policy: default-src 'self'
      content-type: application/json; charset=utf-8
      strict-transport-security: max-age=31536000; includeSubDomains
      www-authenticate: Bearer authorization="https://login.microsoftonline.com/72f988bf-86f1-41af-91ab-2d7cd011db47",
        resource="https://managedhsm.azure.net"
      x-content-type-options: nosniff
      x-frame-options: SAMEORIGIN
      x-ms-server-latency: '2'
    status:
      code: 401
      message: Unauthorized
    url: https://mcpatinotesthsm.managedhsm.azure.net/backup?api-version=7.2-preview
- request:
    body: '{"token": "redacted", "storageResourceUri": "https://storname.blob.core.windows.net/containergydsziryhy2p3el"}'
    headers:
      Accept:
      - application/json
      Content-Length:
      - '235'
      Content-Type:
      - application/json
      User-Agent:
      - azsdk-python-keyvault-administration/4.0.0b3 Python/3.5.3 (Windows-10-10.0.19041-SP0)
    method: POST
    uri: https://managedhsm/backup?api-version=7.2-preview
  response:
    body:
      string: '{"status":"InProgress","statusDetails":null,"error":{"code":null,"message":null,"innererror":null},"startTime":1612829545,"endTime":null,"jobId":"ddb205beeffa4ede935168d12ffb06ed","azureStorageBlobContainerUri":null}'
    headers:
      azure-asyncoperation: https://managedhsm/backup/ddb205beeffa4ede935168d12ffb06ed/pending
      cache-control: no-cache
      content-length: '216'
      content-security-policy: default-src 'self'
      content-type: application/json; charset=utf-8
      date: Tue, 09 Feb 2021 00:12:24 GMT
      server: Kestrel
      strict-transport-security: max-age=31536000; includeSubDomains
      x-content-type-options: nosniff
      x-frame-options: SAMEORIGIN
      x-ms-keyvault-network-info: addr=174.127.232.53
      x-ms-keyvault-region: northeurope
      x-ms-server-latency: '1745'
    status:
      code: 202
      message: ''
    url: https://mcpatinotesthsm.managedhsm.azure.net/backup?api-version=7.2-preview
- request:
    body: null
    headers:
      Accept:
      - application/json
      User-Agent:
      - azsdk-python-keyvault-administration/4.0.0b3 Python/3.5.3 (Windows-10-10.0.19041-SP0)
    method: GET
    uri: https://managedhsm/backup/ddb205beeffa4ede935168d12ffb06ed/pending?api-version=7.2-preview
  response:
    body:
      string: '{"azureStorageBlobContainerUri":null,"endTime":null,"error":{"code":null,"innererror":null,"message":null},"jobId":"ddb205beeffa4ede935168d12ffb06ed","startTime":1612829545,"status":"InProgress","statusDetails":null}'
    headers:
      cache-control: no-cache
      content-length: '216'
      content-security-policy: default-src 'self'
      content-type: application/json; charset=utf-8
      date: Tue, 09 Feb 2021 00:12:26 GMT
      server: Kestrel
      strict-transport-security: max-age=31536000; includeSubDomains
      x-content-type-options: nosniff
      x-frame-options: SAMEORIGIN
      x-ms-build-version: 1.0.20210204-1-c9f88df4-develop
      x-ms-keyvault-network-info: addr=174.127.232.53
      x-ms-keyvault-region: northeurope
      x-ms-server-latency: '1397'
    status:
      code: 200
      message: OK
    url: https://mcpatinotesthsm.managedhsm.azure.net/backup/ddb205beeffa4ede935168d12ffb06ed/pending?api-version=7.2-preview
- request:
    body: null
    headers:
      User-Agent:
      - azsdk-python-keyvault-administration/4.0.0b3 Python/3.5.3 (Windows-10-10.0.19041-SP0)
    method: GET
    uri: https://managedhsm/backup/ddb205beeffa4ede935168d12ffb06ed/pending
  response:
    body:
      string: '{"azureStorageBlobContainerUri":"https://storname.blob.core.windows.net/containergydsziryhy2p3el/mhsm-mcpatinotesthsm-2021020900122543","endTime":1612829556,"error":null,"jobId":"ddb205beeffa4ede935168d12ffb06ed","startTime":1612829545,"status":"Succeeded","statusDetails":null}'
    headers:
      cache-control: no-cache
      content-length: '294'
      content-security-policy: default-src 'self'
      content-type: application/json; charset=utf-8
      date: Tue, 09 Feb 2021 00:12:37 GMT
      server: Kestrel
      strict-transport-security: max-age=31536000; includeSubDomains
      x-content-type-options: nosniff
      x-frame-options: SAMEORIGIN
      x-ms-build-version: 1.0.20210204-1-c9f88df4-develop
      x-ms-keyvault-network-info: addr=174.127.232.53
      x-ms-keyvault-region: northeurope
      x-ms-server-latency: '1545'
    status:
      code: 200
      message: OK
    url: https://mcpatinotesthsm.managedhsm.azure.net/backup/ddb205beeffa4ede935168d12ffb06ed/pending
- request:
    body: null
    headers:
      Accept:
      - application/json
      User-Agent:
      - azsdk-python-keyvault-administration/4.0.0b3 Python/3.5.3 (Windows-10-10.0.19041-SP0)
    method: GET
    uri: https://managedhsm/backup/ddb205beeffa4ede935168d12ffb06ed/pending?api-version=7.2-preview
  response:
    body:
      string: '{"azureStorageBlobContainerUri":"https://storname.blob.core.windows.net/containergydsziryhy2p3el/mhsm-mcpatinotesthsm-2021020900122543","endTime":1612829556,"error":null,"jobId":"ddb205beeffa4ede935168d12ffb06ed","startTime":1612829545,"status":"Succeeded","statusDetails":null}'
    headers:
      cache-control: no-cache
      content-length: '294'
      content-security-policy: default-src 'self'
      content-type: application/json; charset=utf-8
      date: Tue, 09 Feb 2021 00:12:39 GMT
      server: Kestrel
      strict-transport-security: max-age=31536000; includeSubDomains
      x-content-type-options: nosniff
      x-frame-options: SAMEORIGIN
      x-ms-build-version: 1.0.20210204-1-c9f88df4-develop
      x-ms-keyvault-network-info: addr=174.127.232.53
      x-ms-keyvault-region: northeurope
      x-ms-server-latency: '1503'
    status:
      code: 200
      message: OK
    url: https://mcpatinotesthsm.managedhsm.azure.net/backup/ddb205beeffa4ede935168d12ffb06ed/pending?api-version=7.2-preview
- request:
    body: '{"folder": "mhsm-mcpatinotesthsm-2021020900122543", "sasTokenParameters":
      {"token": "redacted", "storageResourceUri": "https://storname.blob.core.windows.net/containergydsziryhy2p3el"}}'
    headers:
      Accept:
      - application/json
      Content-Length:
      - '310'
      Content-Type:
      - application/json
      User-Agent:
      - azsdk-python-keyvault-administration/4.0.0b3 Python/3.5.3 (Windows-10-10.0.19041-SP0)
    method: PUT
    uri: https://managedhsm/keys/selective-restore-test-key20e5150d/restore?api-version=7.2-preview
  response:
    body:
      string: '{"endTime":null,"error":{"code":null,"innererror":null,"message":null},"jobId":"80afbc629642437a90b92044041b5310","startTime":1612829562,"status":"InProgress","statusDetails":null}'
    headers:
      azure-asyncoperation: https://managedhsm/restore/80afbc629642437a90b92044041b5310/pending
      cache-control: no-cache
      content-length: '180'
      content-security-policy: default-src 'self'
      content-type: application/json; charset=utf-8
      date: Tue, 09 Feb 2021 00:12:41 GMT
      server: Kestrel
      strict-transport-security: max-age=31536000; includeSubDomains
      x-content-type-options: nosniff
      x-frame-options: SAMEORIGIN
      x-ms-keyvault-network-info: addr=174.127.232.53
      x-ms-keyvault-region: northeurope
      x-ms-server-latency: '1763'
    status:
      code: 202
      message: ''
    url: https://mcpatinotesthsm.managedhsm.azure.net/keys/selective-restore-test-key20e5150d/restore?api-version=7.2-preview
- request:
    body: null
    headers:
      Accept:
      - application/json
      User-Agent:
      - azsdk-python-keyvault-administration/4.0.0b3 Python/3.5.3 (Windows-10-10.0.19041-SP0)
    method: GET
    uri: https://managedhsm/restore/80afbc629642437a90b92044041b5310/pending?api-version=7.2-preview
  response:
    body:
      string: '{"endTime":null,"error":{"code":null,"innererror":null,"message":null},"jobId":"80afbc629642437a90b92044041b5310","startTime":1612829562,"status":"InProgress","statusDetails":null}'
    headers:
      cache-control: no-cache
      content-length: '180'
      content-security-policy: default-src 'self'
      content-type: application/json; charset=utf-8
      date: Tue, 09 Feb 2021 00:12:43 GMT
      server: Kestrel
      strict-transport-security: max-age=31536000; includeSubDomains
      x-content-type-options: nosniff
      x-frame-options: SAMEORIGIN
      x-ms-build-version: 1.0.20210204-1-c9f88df4-develop
      x-ms-keyvault-network-info: addr=174.127.232.53
      x-ms-keyvault-region: northeurope
      x-ms-server-latency: '1581'
    status:
      code: 200
      message: OK
    url: https://mcpatinotesthsm.managedhsm.azure.net/restore/80afbc629642437a90b92044041b5310/pending?api-version=7.2-preview
- request:
    body: null
    headers:
      User-Agent:
      - azsdk-python-keyvault-administration/4.0.0b3 Python/3.5.3 (Windows-10-10.0.19041-SP0)
    method: GET
    uri: https://managedhsm/restore/80afbc629642437a90b92044041b5310/pending
  response:
    body:
      string: '{"endTime":null,"error":{"code":null,"innererror":null,"message":null},"jobId":"80afbc629642437a90b92044041b5310","startTime":1612829562,"status":"InProgress","statusDetails":null}'
    headers:
      cache-control: no-cache
      content-length: '180'
      content-security-policy: default-src 'self'
      content-type: application/json; charset=utf-8
      date: Tue, 09 Feb 2021 00:12:54 GMT
      server: Kestrel
      strict-transport-security: max-age=31536000; includeSubDomains
      x-content-type-options: nosniff
      x-frame-options: SAMEORIGIN
      x-ms-build-version: 1.0.20210204-1-c9f88df4-develop
      x-ms-keyvault-network-info: addr=174.127.232.53
      x-ms-keyvault-region: northeurope
      x-ms-server-latency: '1360'
    status:
      code: 200
      message: OK
    url: https://mcpatinotesthsm.managedhsm.azure.net/restore/80afbc629642437a90b92044041b5310/pending
- request:
    body: null
    headers:
      User-Agent:
      - azsdk-python-keyvault-administration/4.0.0b3 Python/3.5.3 (Windows-10-10.0.19041-SP0)
    method: GET
    uri: https://managedhsm/restore/80afbc629642437a90b92044041b5310/pending
  response:
    body:
      string: '{"endTime":1612829580,"error":null,"jobId":"80afbc629642437a90b92044041b5310","startTime":1612829562,"status":"Succeeded","statusDetails":"Number
        of successful key versions restored: 0, Number of key versions could not overwrite:
        2"}'
    headers:
      cache-control: no-cache
      content-length: '233'
      content-security-policy: default-src 'self'
      content-type: application/json; charset=utf-8
      date: Tue, 09 Feb 2021 00:13:02 GMT
      server: Kestrel
      strict-transport-security: max-age=31536000; includeSubDomains
      x-content-type-options: nosniff
      x-frame-options: SAMEORIGIN
      x-ms-build-version: 1.0.20210204-1-c9f88df4-develop
      x-ms-keyvault-network-info: addr=174.127.232.53
      x-ms-keyvault-region: northeurope
      x-ms-server-latency: '1373'
    status:
      code: 200
      message: OK
    url: https://mcpatinotesthsm.managedhsm.azure.net/restore/80afbc629642437a90b92044041b5310/pending
- request:
    body: null
    headers:
      Accept:
      - application/json
      User-Agent:
      - azsdk-python-keyvault-administration/4.0.0b3 Python/3.5.3 (Windows-10-10.0.19041-SP0)
    method: GET
    uri: https://managedhsm/restore/80afbc629642437a90b92044041b5310/pending?api-version=7.2-preview
  response:
    body:
      string: '{"endTime":1612829580,"error":null,"jobId":"80afbc629642437a90b92044041b5310","startTime":1612829562,"status":"Succeeded","statusDetails":"Number
        of successful key versions restored: 0, Number of key versions could not overwrite:
        2"}'
    headers:
      cache-control: no-cache
      content-length: '233'
      content-security-policy: default-src 'self'
      content-type: application/json; charset=utf-8
      date: Tue, 09 Feb 2021 00:13:03 GMT
      server: Kestrel
      strict-transport-security: max-age=31536000; includeSubDomains
      x-content-type-options: nosniff
      x-frame-options: SAMEORIGIN
      x-ms-build-version: 1.0.20210204-1-c9f88df4-develop
      x-ms-keyvault-network-info: addr=174.127.232.53
      x-ms-keyvault-region: northeurope
      x-ms-server-latency: '1423'
    status:
      code: 200
      message: OK
    url: https://mcpatinotesthsm.managedhsm.azure.net/restore/80afbc629642437a90b92044041b5310/pending?api-version=7.2-preview
- request:
    body: null
    headers:
      Accept:
      - application/json
      User-Agent:
      - azsdk-python-keyvault-keys/4.3.2 Python/3.5.3 (Windows-10-10.0.19041-SP0)
    method: DELETE
    uri: https://managedhsm/keys/selective-restore-test-key20e5150d?api-version=7.2-preview
  response:
    body:
      string: '{"attributes":{"created":1612829541,"enabled":true,"exportable":false,"recoverableDays":90,"recoveryLevel":"Recoverable+Purgeable","updated":1612829541},"deletedDate":1612829584,"key":{"e":"AQAB","key_ops":["wrapKey","encrypt","decrypt","unwrapKey","sign","verify"],"kid":"https://managedhsm/keys/selective-restore-test-key20e5150d/a649e5b2c7e646ba062f308cc4736f3c","kty":"RSA-HSM","n":"oHCH2OW-TG9B0pSwDQzO-ZgNZ1mKw_pWTkXt7CdEv_VOb9qJSfaczurdEgen9wKLM8oQPdOEhZzgHZHoQW7zXVISjgTm2JADHH29aYxzu_h8EKvA6kO4eWzN_KphSr3TIn2NqtTo7QeCeTKx4bGbZejGElVmPJhq8srqq53XhuX7xZVb6-Du5Pjm1J-mlpfZR1C2r1hx049BUdz1bPBjwcVhCqXIqUwxbPex80Von26ULxHJk3TVzogSwjTreKG2NqmJBoDzAA51id4C0JxrC7bu2tHCC1OuhWcE-JN67bBtd9Vn2O1ePda2eGsdyM3_6D_aBYtAVEK-7ksEiYyFYQ"},"recoveryId":"https://managedhsm/deletedkeys/selective-restore-test-key20e5150d","scheduledPurgeDate":1620605584}'
    headers:
      cache-control: no-cache
      content-length: '897'
      content-security-policy: default-src 'self'
      content-type: application/json; charset=utf-8
      strict-transport-security: max-age=31536000; includeSubDomains
      x-content-type-options: nosniff
      x-frame-options: SAMEORIGIN
      x-ms-keyvault-network-info: addr=174.127.232.53
      x-ms-keyvault-region: northeurope
      x-ms-server-latency: '218'
    status:
      code: 200
      message: OK
    url: https://mcpatinotesthsm.managedhsm.azure.net/keys/selective-restore-test-key20e5150d?api-version=7.2-preview
- request:
    body: null
    headers:
      Accept:
      - application/json
      User-Agent:
      - azsdk-python-keyvault-keys/4.3.2 Python/3.5.3 (Windows-10-10.0.19041-SP0)
    method: GET
    uri: https://managedhsm/deletedkeys/selective-restore-test-key20e5150d?api-version=7.2-preview
  response:
    body:
      string: '{"attributes":{"created":1612829541,"enabled":true,"exportable":false,"recoverableDays":90,"recoveryLevel":"Recoverable+Purgeable","updated":1612829541},"deletedDate":1612829584,"key":{"e":"AQAB","key_ops":["verify","sign","unwrapKey","encrypt","decrypt","wrapKey"],"kid":"https://managedhsm/keys/selective-restore-test-key20e5150d/a649e5b2c7e646ba062f308cc4736f3c","kty":"RSA-HSM","n":"oHCH2OW-TG9B0pSwDQzO-ZgNZ1mKw_pWTkXt7CdEv_VOb9qJSfaczurdEgen9wKLM8oQPdOEhZzgHZHoQW7zXVISjgTm2JADHH29aYxzu_h8EKvA6kO4eWzN_KphSr3TIn2NqtTo7QeCeTKx4bGbZejGElVmPJhq8srqq53XhuX7xZVb6-Du5Pjm1J-mlpfZR1C2r1hx049BUdz1bPBjwcVhCqXIqUwxbPex80Von26ULxHJk3TVzogSwjTreKG2NqmJBoDzAA51id4C0JxrC7bu2tHCC1OuhWcE-JN67bBtd9Vn2O1ePda2eGsdyM3_6D_aBYtAVEK-7ksEiYyFYQ"},"recoveryId":"https://managedhsm/deletedkeys/selective-restore-test-key20e5150d","scheduledPurgeDate":1620605584}'
    headers:
      cache-control: no-cache
      content-length: '897'
      content-security-policy: default-src 'self'
      content-type: application/json; charset=utf-8
      strict-transport-security: max-age=31536000; includeSubDomains
      x-content-type-options: nosniff
      x-frame-options: SAMEORIGIN
      x-ms-build-version: 1.0.20210204-1-c9f88df4-develop
      x-ms-keyvault-network-info: addr=174.127.232.53
      x-ms-keyvault-region: northeurope
      x-ms-server-latency: '35'
    status:
      code: 200
      message: OK
    url: https://mcpatinotesthsm.managedhsm.azure.net/deletedkeys/selective-restore-test-key20e5150d?api-version=7.2-preview
- request:
    body: null
    headers:
      Accept:
      - application/json
      User-Agent:
      - azsdk-python-keyvault-keys/4.3.2 Python/3.5.3 (Windows-10-10.0.19041-SP0)
    method: DELETE
    uri: https://managedhsm/deletedkeys/selective-restore-test-key20e5150d?api-version=7.2-preview
  response:
    body:
      string: ''
    headers:
      cache-control: no-cache
      content-length: '0'
      content-security-policy: default-src 'self'
      content-type: application/json; charset=utf-8
      strict-transport-security: max-age=31536000; includeSubDomains
      x-content-type-options: nosniff
      x-frame-options: SAMEORIGIN
      x-ms-keyvault-network-info: addr=174.127.232.53
      x-ms-keyvault-region: northeurope
      x-ms-server-latency: '156'
    status:
      code: 204
      message: ''
    url: https://mcpatinotesthsm.managedhsm.azure.net/deletedkeys/selective-restore-test-key20e5150d?api-version=7.2-preview
version: 1
