{
  "Entries": [
    {
      "RequestUri": "https://managedhsmvaultname.vault.azure.net/keys/selective-restore-test-key1bbb3625/create?api-version=7.3",
      "RequestMethod": "POST",
      "RequestHeaders": {
        "Accept": "application/json",
        "Accept-Encoding": "gzip, deflate",
        "Content-Length": "0",
        "Content-Type": "application/json",
        "User-Agent": "azsdk-python-keyvault-keys/4.5.2 Python/3.9.9 (Windows-10-10.0.22000-SP0)"
      },
      "RequestBody": null,
      "StatusCode": 401,
      "ResponseHeaders": {
        "Cache-Control": "no-cache",
        "Content-Length": "0",
        "Content-Security-Policy": "default-src \u0027self\u0027",
        "Content-Type": "application/json; charset=utf-8",
        "Strict-Transport-Security": "max-age=31536000; includeSubDomains",
        "WWW-Authenticate": "Bearer authorization=\u0022https://login.microsoftonline.com/00000000-0000-0000-0000-000000000000\u0022, resource=\u0022https://managedhsm.azure.net\u0022",
        "X-Content-Type-Options": "nosniff",
        "X-Frame-Options": "SAMEORIGIN",
        "x-ms-server-latency": "3"
      },
      "ResponseBody": null
    },
    {
      "RequestUri": "https://managedhsmvaultname.vault.azure.net/keys/selective-restore-test-key1bbb3625/create?api-version=7.3",
      "RequestMethod": "POST",
      "RequestHeaders": {
        "Accept": "application/json",
        "Accept-Encoding": "gzip, deflate",
        "Content-Length": "14",
        "Content-Type": "application/json",
        "User-Agent": "azsdk-python-keyvault-keys/4.5.2 Python/3.9.9 (Windows-10-10.0.22000-SP0)"
      },
      "RequestBody": {
        "kty": "RSA"
      },
      "StatusCode": 200,
      "ResponseHeaders": {
        "Cache-Control": "no-cache",
        "Content-Length": "741",
        "Content-Security-Policy": "default-src \u0027self\u0027",
        "Content-Type": "application/json; charset=utf-8",
        "Strict-Transport-Security": "max-age=31536000; includeSubDomains",
        "X-Content-Type-Options": "nosniff",
        "X-Frame-Options": "SAMEORIGIN",
        "x-ms-keyvault-network-info": "conn_type=Ipv4;addr=73.232.137.144;act_addr_fam=Ipv4;",
        "x-ms-keyvault-region": "westus3",
        "x-ms-server-latency": "334"
      },
      "ResponseBody": {
        "attributes": {
          "created": 1651863170,
          "enabled": true,
          "exportable": false,
          "recoverableDays": 7,
          "recoveryLevel": "CustomizedRecoverable\u002BPurgeable",
          "updated": 1651863170
        },
        "key": {
          "e": "AQAB",
          "key_ops": [
            "wrapKey",
            "decrypt",
            "encrypt",
            "unwrapKey",
            "sign",
            "verify"
          ],
          "kid": "https://managedhsmvaultname.vault.azure.net/keys/selective-restore-test-key1bbb3625/6da3eabb59bd0b7e9143d6224126046a",
          "kty": "RSA-HSM",
          "n": "s22Gxkq4VXbQdkauesEu2C9I3F-9xvR5jQyRnYfSwaoAj-FDNk6CBRXjXXjHPyBelxproVeaqPqDq5iYDm7Id2Ii4T2xjNnkA4CMY2a4bh6KqenK9YIQOJ_h5jdvVO2XH3LzEdhEL2nYmxF7zhcjLNq0Kpn3KvKvUABA363SFj_nF0c8mu1Q5-DxcmgjPMgnOMgttmh-HAUDhF2x-JkFXUTBVxIGc89zGH21RrR1LS1DXABDJAtqj3_DR0tk7wquh8hXNJvQIsJc02nTYV8T6o_1fxs_xr_lVh7NlZTK35ogBzddFN516y61hUQvtqt5t4vCksPwjM88-G7uEDF4_w"
        }
      }
    },
    {
      "RequestUri": "https://managedhsmvaultname.vault.azure.net/blob_container_name?api-version=7.3",
      "RequestMethod": "POST",
      "RequestHeaders": {
        "Accept": "application/json",
        "Accept-Encoding": "gzip, deflate",
        "Content-Length": "0",
        "Content-Type": "application/json",
        "User-Agent": "azsdk-python-keyvault-administration/4.1.1 Python/3.9.9 (Windows-10-10.0.22000-SP0)"
      },
      "RequestBody": null,
      "StatusCode": 401,
      "ResponseHeaders": {
        "Cache-Control": "no-cache",
        "Content-Length": "0",
        "Content-Security-Policy": "default-src \u0027self\u0027",
        "Content-Type": "application/json; charset=utf-8",
        "Strict-Transport-Security": "max-age=31536000; includeSubDomains",
        "WWW-Authenticate": "Bearer authorization=\u0022https://login.microsoftonline.com/00000000-0000-0000-0000-000000000000\u0022, resource=\u0022https://managedhsm.azure.net\u0022",
        "X-Content-Type-Options": "nosniff",
        "X-Frame-Options": "SAMEORIGIN",
        "x-ms-server-latency": "1"
      },
      "ResponseBody": null
    },
    {
      "RequestUri": "https://managedhsmvaultname.vault.azure.net/blob_container_name?api-version=7.3",
      "RequestMethod": "POST",
      "RequestHeaders": {
        "Accept": "application/json",
        "Accept-Encoding": "gzip, deflate",
        "Content-Length": "256",
        "Content-Type": "application/json",
        "User-Agent": "azsdk-python-keyvault-administration/4.1.1 Python/3.9.9 (Windows-10-10.0.22000-SP0)"
      },
      "RequestBody": {
        "storageResourceUri": "https://blob_storage_account_name.blob.keyvault_endpoint_suffix/blob_container_name",
        "token": "sv=2015-04-05\u0026ss=b\u0026srt=sco\u0026sp=rwdlacu\u0026se=2022-05-06T22%3A07%3A09.0000000Z\u0026spr=https\u0026sig=igZezdTGmuIb8WG6Lf9c3dYqwehCPoAomyXw4uqjyAk%3D"
      },
      "StatusCode": 202,
      "ResponseHeaders": {
        "api-supported-versions": "20180927, 20211111",
        "azure-asyncoperation": "https://managedhsmvaultname.vault.azure.net/blob_container_name/56871a4e2a4340238846f7970263a664/pending",
        "Cache-Control": "no-cache",
        "Content-Length": "174",
        "Content-Security-Policy": "default-src \u0027self\u0027",
        "Content-Type": "application/json; charset=utf-8",
        "Date": "Fri, 06 May 2022 18:52:52 GMT",
        "Retry-After": "10",
        "Server": "Kestrel",
        "Strict-Transport-Security": "max-age=31536000; includeSubDomains",
        "X-Content-Type-Options": "nosniff",
        "X-Frame-Options": "SAMEORIGIN",
        "x-ms-keyvault-network-info": "conn_type=Ipv4;addr=73.232.137.144;act_addr_fam=Ipv4;",
        "x-ms-keyvault-region": "westus3",
        "x-ms-server-latency": "1816"
      },
      "ResponseBody": {
        "status": "InProgress",
        "statusDetails": null,
        "error": null,
        "startTime": 1651863172,
        "endTime": null,
        "jobId": "56871a4e2a4340238846f7970263a664",
        "azureStorageBlobContainerUri": null
      }
    },
    {
      "RequestUri": "https://managedhsmvaultname.vault.azure.net/blob_container_name/56871a4e2a4340238846f7970263a664/pending",
      "RequestMethod": "GET",
      "RequestHeaders": {
        "Accept": "*/*",
        "Accept-Encoding": "gzip, deflate",
        "User-Agent": "azsdk-python-keyvault-administration/4.1.1 Python/3.9.9 (Windows-10-10.0.22000-SP0)"
      },
      "RequestBody": null,
      "StatusCode": 200,
      "ResponseHeaders": {
        "api-supported-versions": "20180927, 20211111",
        "Cache-Control": "no-cache",
        "Content-Length": "304",
        "Content-Security-Policy": "default-src \u0027self\u0027",
        "Content-Type": "application/json; charset=utf-8",
        "Date": "Fri, 06 May 2022 18:53:03 GMT",
        "Server": "Kestrel",
        "Strict-Transport-Security": "max-age=31536000; includeSubDomains",
        "X-Content-Type-Options": "nosniff",
        "X-Frame-Options": "SAMEORIGIN",
        "x-ms-build-version": "1.0.20220422-1-08f4685d-1.0.20220404-2-da0eff37-pre-openssl",
        "x-ms-keyvault-network-info": "conn_type=Ipv4;addr=73.232.137.144;act_addr_fam=Ipv4;",
        "x-ms-keyvault-region": "westus3",
        "x-ms-server-latency": "1442"
      },
      "ResponseBody": {
        "azureStorageBlobContainerUri": "https://blob_storage_account_name.blob.keyvault_endpoint_suffix/blob_container_name/mhsm-kashifkhankeyvaulthsm-2022050618525254",
        "endTime": 1651863181,
        "error": null,
        "jobId": "56871a4e2a4340238846f7970263a664",
        "startTime": 1651863172,
        "status": "Succeeded",
        "statusDetails": null
      }
    },
    {
      "RequestUri": "https://managedhsmvaultname.vault.azure.net/keys/selective-restore-test-key1bbb3625/restore?api-version=7.3",
      "RequestMethod": "PUT",
      "RequestHeaders": {
        "Accept": "application/json",
        "Accept-Encoding": "gzip, deflate",
        "Content-Length": "337",
        "Content-Type": "application/json",
        "User-Agent": "azsdk-python-keyvault-administration/4.1.1 Python/3.9.9 (Windows-10-10.0.22000-SP0)"
      },
      "RequestBody": {
        "sasTokenParameters": {
          "storageResourceUri": "https://blob_storage_account_name.blob.keyvault_endpoint_suffix/blob_container_name",
          "token": "sv=2015-04-05\u0026ss=b\u0026srt=sco\u0026sp=rwdlacu\u0026se=2022-05-06T22%3A07%3A09.0000000Z\u0026spr=https\u0026sig=igZezdTGmuIb8WG6Lf9c3dYqwehCPoAomyXw4uqjyAk%3D"
        },
        "folder": "mhsm-kashifkhankeyvaulthsm-2022050618525254"
      },
      "StatusCode": 202,
      "ResponseHeaders": {
        "api-supported-versions": "20180927, 20211111",
        "azure-asyncoperation": "https://managedhsmvaultname.vault.azure.net/restore/56ba973bbb50481d87d175d6ce9d6dba/pending",
        "Cache-Control": "no-cache",
        "Content-Length": "138",
        "Content-Security-Policy": "default-src \u0027self\u0027",
        "Content-Type": "application/json; charset=utf-8",
        "Date": "Fri, 06 May 2022 18:53:05 GMT",
        "Retry-After": "10",
        "Server": "Kestrel",
        "Strict-Transport-Security": "max-age=31536000; includeSubDomains",
        "X-Content-Type-Options": "nosniff",
        "X-Frame-Options": "SAMEORIGIN",
        "x-ms-keyvault-network-info": "conn_type=Ipv4;addr=73.232.137.144;act_addr_fam=Ipv4;",
        "x-ms-keyvault-region": "westus3",
        "x-ms-server-latency": "1551"
      },
      "ResponseBody": {
        "endTime": null,
        "error": null,
        "jobId": "56ba973bbb50481d87d175d6ce9d6dba",
        "startTime": 1651863185,
        "status": "InProgress",
        "statusDetails": null
      }
    },
    {
      "RequestUri": "https://managedhsmvaultname.vault.azure.net/restore/56ba973bbb50481d87d175d6ce9d6dba/pending",
      "RequestMethod": "GET",
      "RequestHeaders": {
        "Accept": "*/*",
        "Accept-Encoding": "gzip, deflate",
        "User-Agent": "azsdk-python-keyvault-administration/4.1.1 Python/3.9.9 (Windows-10-10.0.22000-SP0)"
      },
      "RequestBody": null,
      "StatusCode": 200,
      "ResponseHeaders": {
        "api-supported-versions": "20180927, 20211111",
        "Cache-Control": "no-cache",
        "Content-Length": "233",
        "Content-Security-Policy": "default-src \u0027self\u0027",
        "Content-Type": "application/json; charset=utf-8",
        "Date": "Fri, 06 May 2022 18:53:16 GMT",
        "Server": "Kestrel",
        "Strict-Transport-Security": "max-age=31536000; includeSubDomains",
        "X-Content-Type-Options": "nosniff",
        "X-Frame-Options": "SAMEORIGIN",
        "x-ms-build-version": "1.0.20220422-1-08f4685d-1.0.20220404-2-da0eff37-pre-openssl",
        "x-ms-keyvault-network-info": "conn_type=Ipv4;addr=73.232.137.144;act_addr_fam=Ipv4;",
        "x-ms-keyvault-region": "westus3",
        "x-ms-server-latency": "1374"
      },
      "ResponseBody": {
        "endTime": 1651863197,
        "error": null,
        "jobId": "56ba973bbb50481d87d175d6ce9d6dba",
        "startTime": 1651863185,
        "status": "Succeeded",
        "statusDetails": "Number of successful key versions restored: 0, Number of key versions could not overwrite: 2"
      }
    },
    {
      "RequestUri": "https://managedhsmvaultname.vault.azure.net/keys/selective-restore-test-key1bbb3625?api-version=7.3",
      "RequestMethod": "DELETE",
      "RequestHeaders": {
        "Accept": "application/json",
        "Accept-Encoding": "gzip, deflate",
        "Content-Length": "0",
        "User-Agent": "azsdk-python-keyvault-keys/4.5.2 Python/3.9.9 (Windows-10-10.0.22000-SP0)"
      },
      "RequestBody": null,
      "StatusCode": 409,
      "ResponseHeaders": {
        "Cache-Control": "no-cache",
        "Content-Length": "176",
        "Content-Security-Policy": "default-src \u0027self\u0027",
        "Content-Type": "application/json; charset=utf-8",
        "Strict-Transport-Security": "max-age=31536000; includeSubDomains",
        "X-Content-Type-Options": "nosniff",
        "X-Frame-Options": "SAMEORIGIN",
        "x-ms-server-latency": "2"
      },
      "ResponseBody": {
        "error": {
          "code": "Conflict",
          "message": "User triggered Restore operation is in progress. Retry after the restore operation (Activity ID: ca6dafd0-cd6d-11ec-8d0a-6045bda2a4e6)"
        }
      }
    },
    {
      "RequestUri": "https://managedhsmvaultname.vault.azure.net/keys/selective-restore-test-key1bbb3625?api-version=7.3",
      "RequestMethod": "DELETE",
      "RequestHeaders": {
        "Accept": "application/json",
        "Accept-Encoding": "gzip, deflate",
        "Content-Length": "0",
        "User-Agent": "azsdk-python-keyvault-keys/4.5.2 Python/3.9.9 (Windows-10-10.0.22000-SP0)"
      },
      "RequestBody": null,
      "StatusCode": 409,
      "ResponseHeaders": {
        "Cache-Control": "no-cache",
        "Content-Length": "176",
        "Content-Security-Policy": "default-src \u0027self\u0027",
        "Content-Type": "application/json; charset=utf-8",
        "Strict-Transport-Security": "max-age=31536000; includeSubDomains",
        "X-Content-Type-Options": "nosniff",
        "X-Frame-Options": "SAMEORIGIN",
        "x-ms-server-latency": "1"
      },
      "ResponseBody": {
        "error": {
          "code": "Conflict",
          "message": "User triggered Restore operation is in progress. Retry after the restore operation (Activity ID: cc4300d0-cd6d-11ec-8d0a-6045bda2a4e6)"
        }
      }
    },
    {
      "RequestUri": "https://managedhsmvaultname.vault.azure.net/keys/selective-restore-test-key1bbb3625?api-version=7.3",
      "RequestMethod": "DELETE",
      "RequestHeaders": {
        "Accept": "application/json",
        "Accept-Encoding": "gzip, deflate",
        "Content-Length": "0",
        "User-Agent": "azsdk-python-keyvault-keys/4.5.2 Python/3.9.9 (Windows-10-10.0.22000-SP0)"
      },
      "RequestBody": null,
      "StatusCode": 200,
      "ResponseHeaders": {
        "Cache-Control": "no-cache",
        "Content-Length": "904",
        "Content-Security-Policy": "default-src \u0027self\u0027",
        "Content-Type": "application/json; charset=utf-8",
        "Strict-Transport-Security": "max-age=31536000; includeSubDomains",
        "X-Content-Type-Options": "nosniff",
        "X-Frame-Options": "SAMEORIGIN",
        "x-ms-keyvault-network-info": "conn_type=Ipv4;addr=73.232.137.144;act_addr_fam=Ipv4;",
        "x-ms-keyvault-region": "westus3",
        "x-ms-server-latency": "245"
      },
      "ResponseBody": {
        "attributes": {
          "created": 1651863170,
          "enabled": true,
          "exportable": false,
          "recoverableDays": 7,
          "recoveryLevel": "CustomizedRecoverable\u002BPurgeable",
          "updated": 1651863170
        },
        "deletedDate": 1651863203,
        "key": {
          "e": "AQAB",
          "key_ops": [
            "wrapKey",
            "encrypt",
            "decrypt",
            "unwrapKey",
            "sign",
            "verify"
          ],
          "kid": "https://managedhsmvaultname.vault.azure.net/keys/selective-restore-test-key1bbb3625/6da3eabb59bd0b7e9143d6224126046a",
          "kty": "RSA-HSM",
          "n": "s22Gxkq4VXbQdkauesEu2C9I3F-9xvR5jQyRnYfSwaoAj-FDNk6CBRXjXXjHPyBelxproVeaqPqDq5iYDm7Id2Ii4T2xjNnkA4CMY2a4bh6KqenK9YIQOJ_h5jdvVO2XH3LzEdhEL2nYmxF7zhcjLNq0Kpn3KvKvUABA363SFj_nF0c8mu1Q5-DxcmgjPMgnOMgttmh-HAUDhF2x-JkFXUTBVxIGc89zGH21RrR1LS1DXABDJAtqj3_DR0tk7wquh8hXNJvQIsJc02nTYV8T6o_1fxs_xr_lVh7NlZTK35ogBzddFN516y61hUQvtqt5t4vCksPwjM88-G7uEDF4_w"
        },
        "recoveryId": "https://managedhsmvaultname.vault.azure.net/deletedkeys/selective-restore-test-key1bbb3625",
        "scheduledPurgeDate": 1652468003
      }
    },
    {
      "RequestUri": "https://managedhsmvaultname.vault.azure.net/deletedkeys/selective-restore-test-key1bbb3625?api-version=7.3",
      "RequestMethod": "GET",
      "RequestHeaders": {
        "Accept": "application/json",
        "Accept-Encoding": "gzip, deflate",
        "User-Agent": "azsdk-python-keyvault-keys/4.5.2 Python/3.9.9 (Windows-10-10.0.22000-SP0)"
      },
      "RequestBody": null,
      "StatusCode": 200,
      "ResponseHeaders": {
        "Cache-Control": "no-cache",
        "Content-Length": "904",
        "Content-Security-Policy": "default-src \u0027self\u0027",
        "Content-Type": "application/json; charset=utf-8",
        "Strict-Transport-Security": "max-age=31536000; includeSubDomains",
        "X-Content-Type-Options": "nosniff",
        "X-Frame-Options": "SAMEORIGIN",
        "x-ms-build-version": "1.0.20220422-1-08f4685d-1.0.20220404-2-da0eff37-pre-openssl",
        "x-ms-keyvault-network-info": "conn_type=Ipv4;addr=73.232.137.144;act_addr_fam=Ipv4;",
        "x-ms-keyvault-region": "westus3",
        "x-ms-server-latency": "47"
      },
      "ResponseBody": {
        "attributes": {
          "created": 1651863170,
          "enabled": true,
          "exportable": false,
          "recoverableDays": 7,
          "recoveryLevel": "CustomizedRecoverable\u002BPurgeable",
          "updated": 1651863170
        },
        "deletedDate": 1651863203,
        "key": {
          "e": "AQAB",
          "key_ops": [
            "verify",
            "sign",
            "unwrapKey",
            "encrypt",
            "decrypt",
            "wrapKey"
          ],
          "kid": "https://managedhsmvaultname.vault.azure.net/keys/selective-restore-test-key1bbb3625/6da3eabb59bd0b7e9143d6224126046a",
          "kty": "RSA-HSM",
          "n": "s22Gxkq4VXbQdkauesEu2C9I3F-9xvR5jQyRnYfSwaoAj-FDNk6CBRXjXXjHPyBelxproVeaqPqDq5iYDm7Id2Ii4T2xjNnkA4CMY2a4bh6KqenK9YIQOJ_h5jdvVO2XH3LzEdhEL2nYmxF7zhcjLNq0Kpn3KvKvUABA363SFj_nF0c8mu1Q5-DxcmgjPMgnOMgttmh-HAUDhF2x-JkFXUTBVxIGc89zGH21RrR1LS1DXABDJAtqj3_DR0tk7wquh8hXNJvQIsJc02nTYV8T6o_1fxs_xr_lVh7NlZTK35ogBzddFN516y61hUQvtqt5t4vCksPwjM88-G7uEDF4_w"
        },
        "recoveryId": "https://managedhsmvaultname.vault.azure.net/deletedkeys/selective-restore-test-key1bbb3625",
        "scheduledPurgeDate": 1652468003
      }
    },
    {
      "RequestUri": "https://managedhsmvaultname.vault.azure.net/deletedkeys/selective-restore-test-key1bbb3625?api-version=7.3",
      "RequestMethod": "DELETE",
      "RequestHeaders": {
        "Accept": "application/json",
        "Accept-Encoding": "gzip, deflate",
        "Content-Length": "0",
        "User-Agent": "azsdk-python-keyvault-keys/4.5.2 Python/3.9.9 (Windows-10-10.0.22000-SP0)"
      },
      "RequestBody": null,
      "StatusCode": 204,
      "ResponseHeaders": {
        "Cache-Control": "no-cache",
        "Content-Length": "0",
        "Content-Security-Policy": "default-src \u0027self\u0027",
        "Content-Type": "application/json; charset=utf-8",
        "Strict-Transport-Security": "max-age=31536000; includeSubDomains",
        "X-Content-Type-Options": "nosniff",
        "X-Frame-Options": "SAMEORIGIN",
        "x-ms-keyvault-network-info": "conn_type=Ipv4;addr=73.232.137.144;act_addr_fam=Ipv4;",
        "x-ms-keyvault-region": "westus3",
        "x-ms-server-latency": "150"
      },
      "ResponseBody": null
    }
  ],
  "Variables": {}
}
