interactions:
- request:
    body: null
    headers:
      Accept:
      - application/json
      Content-Length:
      - '0'
      Content-Type:
      - application/json
      User-Agent:
      - azsdk-python-keyvault-administration/4.0.0b4 Python/3.5.3 (Windows-10-10.0.19041-SP0)
    method: POST
    uri: https://managedhsm/backup?api-version=7.2
  response:
    body:
      string: ''
    headers:
      cache-control: no-cache
      content-length: '0'
      content-security-policy: default-src 'self'
      content-type: application/json; charset=utf-8
      strict-transport-security: max-age=31536000; includeSubDomains
      www-authenticate: Bearer authorization="https://login.microsoftonline.com/00000000-0000-0000-0000-000000000000",
        resource="https://managedhsm.azure.net"
      x-content-type-options: nosniff
      x-frame-options: SAMEORIGIN
      x-ms-server-latency: '0'
    status:
      code: 401
      message: Unauthorized
    url: https://mcpatinotesthsm.managedhsm.azure.net/backup?api-version=7.2
- request:
    body: '{"token": "redacted", "storageResourceUri": "https://storname.blob.core.windows.net/containertpuij7qwbd5ryzl"}'
    headers:
      Accept:
      - application/json
      Content-Length:
      - '235'
      Content-Type:
      - application/json
      User-Agent:
      - azsdk-python-keyvault-administration/4.0.0b4 Python/3.5.3 (Windows-10-10.0.19041-SP0)
    method: POST
    uri: https://managedhsm/backup?api-version=7.2
  response:
    body:
      string: '{"status":"InProgress","statusDetails":null,"error":null,"startTime":1623789496,"endTime":null,"jobId":"3561286085204770977885ced9a31fb5","azureStorageBlobContainerUri":null}'
    headers:
      azure-asyncoperation: https://managedhsm/backup/3561286085204770977885ced9a31fb5/pending
      cache-control: no-cache
      content-length: '174'
      content-security-policy: default-src 'self'
      content-type: application/json; charset=utf-8
      date: Tue, 15 Jun 2021 20:38:16 GMT
      server: Kestrel
      strict-transport-security: max-age=31536000; includeSubDomains
      x-content-type-options: nosniff
      x-frame-options: SAMEORIGIN
      x-ms-keyvault-network-info: conn_type=Ipv4;addr=172.92.159.124;act_addr_fam=Ipv4;
      x-ms-keyvault-region: canadacentral
      x-ms-server-latency: '2590'
    status:
      code: 202
      message: ''
    url: https://mcpatinotesthsm.managedhsm.azure.net/backup?api-version=7.2
- request:
    body: null
    headers:
      User-Agent:
      - azsdk-python-keyvault-administration/4.0.0b4 Python/3.5.3 (Windows-10-10.0.19041-SP0)
    method: GET
    uri: https://managedhsm/backup/3561286085204770977885ced9a31fb5/pending
  response:
    body:
      string: '{"azureStorageBlobContainerUri":"https://storname.blob.core.windows.net/containertpuij7qwbd5ryzl/mhsm-mcpatinotesthsm-2021061520381674","endTime":1623789505,"error":null,"jobId":"3561286085204770977885ced9a31fb5","startTime":1623789496,"status":"Succeeded","statusDetails":null}'
    headers:
      cache-control: no-cache
      content-length: '294'
      content-security-policy: default-src 'self'
      content-type: application/json; charset=utf-8
      date: Tue, 15 Jun 2021 20:38:29 GMT
      server: Kestrel
      strict-transport-security: max-age=31536000; includeSubDomains
      x-content-type-options: nosniff
      x-frame-options: SAMEORIGIN
      x-ms-build-version: 1.0.20210520-1-d6634624-develop
      x-ms-keyvault-network-info: conn_type=Ipv4;addr=172.92.159.124;act_addr_fam=Ipv4;
      x-ms-keyvault-region: canadacentral
      x-ms-server-latency: '2567'
    status:
      code: 200
      message: OK
    url: https://mcpatinotesthsm.managedhsm.azure.net/backup/3561286085204770977885ced9a31fb5/pending
- request:
    body: '{"folderToRestore": "mhsm-mcpatinotesthsm-2021061520381674", "sasTokenParameters":
      {"token": "redacted", "storageResourceUri": "https://storname.blob.core.windows.net/containertpuij7qwbd5ryzl"}}'
    headers:
      Accept:
      - application/json
      Content-Length:
      - '319'
      Content-Type:
      - application/json
      User-Agent:
      - azsdk-python-keyvault-administration/4.0.0b4 Python/3.5.3 (Windows-10-10.0.19041-SP0)
    method: PUT
    uri: https://managedhsm/restore?api-version=7.2
  response:
    body:
      string: '{"endTime":null,"error":null,"jobId":"5d26d34875964b1c9d400c25b82a5bf4","startTime":1623789511,"status":"InProgress","statusDetails":null}'
    headers:
      azure-asyncoperation: https://managedhsm/restore/5d26d34875964b1c9d400c25b82a5bf4/pending
      cache-control: no-cache
      content-length: '138'
      content-security-policy: default-src 'self'
      content-type: application/json; charset=utf-8
      date: Tue, 15 Jun 2021 20:38:31 GMT
      server: Kestrel
      strict-transport-security: max-age=31536000; includeSubDomains
      x-content-type-options: nosniff
      x-frame-options: SAMEORIGIN
      x-ms-keyvault-network-info: conn_type=Ipv4;addr=172.92.159.124;act_addr_fam=Ipv4;
      x-ms-keyvault-region: canadacentral
      x-ms-server-latency: '2564'
    status:
      code: 202
      message: ''
    url: https://mcpatinotesthsm.managedhsm.azure.net/restore?api-version=7.2
- request:
    body: null
    headers:
      User-Agent:
      - azsdk-python-keyvault-administration/4.0.0b4 Python/3.5.3 (Windows-10-10.0.19041-SP0)
    method: GET
    uri: https://managedhsm/restore/5d26d34875964b1c9d400c25b82a5bf4/pending
  response:
    body:
      string: '{"endTime":null,"error":null,"jobId":"5d26d34875964b1c9d400c25b82a5bf4","startTime":1623789511,"status":"InProgress","statusDetails":null}'
    headers:
      cache-control: no-cache
      content-length: '138'
      content-security-policy: default-src 'self'
      content-type: application/json; charset=utf-8
      date: Tue, 15 Jun 2021 20:38:43 GMT
      server: Kestrel
      strict-transport-security: max-age=31536000; includeSubDomains
      x-content-type-options: nosniff
      x-frame-options: SAMEORIGIN
      x-ms-build-version: 1.0.20210520-1-d6634624-develop
      x-ms-keyvault-network-info: conn_type=Ipv4;addr=172.92.159.124;act_addr_fam=Ipv4;
      x-ms-keyvault-region: canadacentral
      x-ms-server-latency: '2203'
    status:
      code: 200
      message: OK
    url: https://mcpatinotesthsm.managedhsm.azure.net/restore/5d26d34875964b1c9d400c25b82a5bf4/pending
- request:
    body: null
    headers:
      User-Agent:
      - azsdk-python-keyvault-administration/4.0.0b4 Python/3.5.3 (Windows-10-10.0.19041-SP0)
    method: GET
    uri: https://managedhsm/restore/5d26d34875964b1c9d400c25b82a5bf4/pending
  response:
    body:
      string: '{"endTime":1623789528,"error":null,"jobId":"5d26d34875964b1c9d400c25b82a5bf4","startTime":1623789511,"status":"Succeeded","statusDetails":null}'
    headers:
      cache-control: no-cache
      content-length: '143'
      content-security-policy: default-src 'self'
      content-type: application/json; charset=utf-8
      date: Tue, 15 Jun 2021 20:38:53 GMT
      server: Kestrel
      strict-transport-security: max-age=31536000; includeSubDomains
      x-content-type-options: nosniff
      x-frame-options: SAMEORIGIN
      x-ms-build-version: 1.0.20210520-1-d6634624-develop
      x-ms-keyvault-network-info: conn_type=Ipv4;addr=172.92.159.124;act_addr_fam=Ipv4;
      x-ms-keyvault-region: canadacentral
      x-ms-server-latency: '3838'
    status:
      code: 200
      message: OK
    url: https://mcpatinotesthsm.managedhsm.azure.net/restore/5d26d34875964b1c9d400c25b82a5bf4/pending
version: 1
