{
  "Entries": [
    {
      "RequestUri": "https://managedhsmvaultname.managedhsm.azure.net/backup?api-version=7.3",
      "RequestMethod": "POST",
      "RequestHeaders": {
        "Accept": "application/json",
        "Accept-Encoding": "gzip, deflate",
        "Content-Length": "0",
        "Content-Type": "application/json",
        "User-Agent": "azsdk-python-keyvault-administration/4.1.1 Python/3.9.9 (Windows-10-10.0.22000-SP0)"
      },
      "RequestBody": null,
      "StatusCode": 401,
      "ResponseHeaders": {
        "Cache-Control": "no-cache",
        "Content-Length": "0",
        "Content-Security-Policy": "default-src \u0027self\u0027",
        "Content-Type": "application/json; charset=utf-8",
        "Strict-Transport-Security": "max-age=31536000; includeSubDomains",
        "WWW-Authenticate": "Bearer authorization=\u0022https://login.microsoftonline.com/00000000-0000-0000-0000-000000000000\u0022, resource=\u0022https://managedhsm.azure.net\u0022",
        "X-Content-Type-Options": "nosniff",
        "X-Frame-Options": "SAMEORIGIN",
        "x-ms-server-latency": "3"
      },
      "ResponseBody": null
    },
    {
      "RequestUri": "https://managedhsmvaultname.managedhsm.azure.net/backup?api-version=7.3",
      "RequestMethod": "POST",
      "RequestHeaders": {
        "Accept": "application/json",
        "Accept-Encoding": "gzip, deflate",
        "Content-Length": "117",
        "Content-Type": "application/json",
        "User-Agent": "azsdk-python-keyvault-administration/4.1.1 Python/3.9.9 (Windows-10-10.0.22000-SP0)"
      },
      "RequestBody": {
        "storageResourceUri": "https://blob_storage_account_name.blob.keyvault_endpoint_suffix/backup",
        "token": "fake-sas"
      },
      "StatusCode": 202,
      "ResponseHeaders": {
        "api-supported-versions": "20180927, 20211111",
        "azure-asyncoperation": "https://managedhsmvaultname.managedhsm.azure.net/backup/719de6e18cc54d4f87be8645906d07f0/pending",
        "Cache-Control": "no-cache",
        "Content-Length": "174",
        "Content-Security-Policy": "default-src \u0027self\u0027",
        "Content-Type": "application/json; charset=utf-8",
        "Date": "Mon, 09 May 2022 21:46:19 GMT",
        "Retry-After": "10",
        "Server": "Kestrel",
        "Strict-Transport-Security": "max-age=31536000; includeSubDomains",
        "X-Content-Type-Options": "nosniff",
        "X-Frame-Options": "SAMEORIGIN",
        "x-ms-keyvault-network-info": "conn_type=Ipv4;addr=73.232.137.144;act_addr_fam=Ipv4;",
        "x-ms-keyvault-region": "westus3",
        "x-ms-server-latency": "1731"
      },
      "ResponseBody": {
        "status": "InProgress",
        "statusDetails": null,
        "error": null,
        "startTime": 1652132780,
        "endTime": null,
        "jobId": "719de6e18cc54d4f87be8645906d07f0",
        "azureStorageBlobContainerUri": null
      }
    },
    {
      "RequestUri": "https://managedhsmvaultname.managedhsm.azure.net/backup/719de6e18cc54d4f87be8645906d07f0/pending?api-version=7.3",
      "RequestMethod": "GET",
      "RequestHeaders": {
        "Accept": "application/json",
        "Accept-Encoding": "gzip, deflate",
        "User-Agent": "azsdk-python-keyvault-administration/4.1.1 Python/3.9.9 (Windows-10-10.0.22000-SP0)"
      },
      "RequestBody": null,
      "StatusCode": 200,
      "ResponseHeaders": {
        "api-supported-versions": "20180927, 20211111",
        "Cache-Control": "no-cache",
        "Content-Length": "174",
        "Content-Security-Policy": "default-src \u0027self\u0027",
        "Content-Type": "application/json; charset=utf-8",
        "Date": "Mon, 09 May 2022 21:46:21 GMT",
        "Server": "Kestrel",
        "Strict-Transport-Security": "max-age=31536000; includeSubDomains",
        "X-Content-Type-Options": "nosniff",
        "X-Frame-Options": "SAMEORIGIN",
        "x-ms-build-version": "1.0.20220503-3-e1430fa9-1.0.20220430-1-f02155ab-pre-openssl",
        "x-ms-keyvault-network-info": "conn_type=Ipv4;addr=73.232.137.144;act_addr_fam=Ipv4;",
        "x-ms-keyvault-region": "westus3",
        "x-ms-server-latency": "1350"
      },
      "ResponseBody": {
        "azureStorageBlobContainerUri": null,
        "endTime": null,
        "error": null,
        "jobId": "719de6e18cc54d4f87be8645906d07f0",
        "startTime": 1652132780,
        "status": "InProgress",
        "statusDetails": null
      }
    },
    {
      "RequestUri": "https://managedhsmvaultname.managedhsm.azure.net/backup/719de6e18cc54d4f87be8645906d07f0/pending",
      "RequestMethod": "GET",
      "RequestHeaders": {
        "Accept": "*/*",
        "Accept-Encoding": "gzip, deflate",
        "User-Agent": "azsdk-python-keyvault-administration/4.1.1 Python/3.9.9 (Windows-10-10.0.22000-SP0)"
      },
      "RequestBody": null,
      "StatusCode": 200,
      "ResponseHeaders": {
        "api-supported-versions": "20180927, 20211111",
        "Cache-Control": "no-cache",
        "Content-Length": "291",
        "Content-Security-Policy": "default-src \u0027self\u0027",
        "Content-Type": "application/json; charset=utf-8",
        "Date": "Mon, 09 May 2022 21:46:33 GMT",
        "Server": "Kestrel",
        "Strict-Transport-Security": "max-age=31536000; includeSubDomains",
        "X-Content-Type-Options": "nosniff",
        "X-Frame-Options": "SAMEORIGIN",
        "x-ms-build-version": "1.0.20220503-3-e1430fa9-1.0.20220430-1-f02155ab-pre-openssl",
        "x-ms-keyvault-network-info": "conn_type=Ipv4;addr=73.232.137.144;act_addr_fam=Ipv4;",
        "x-ms-keyvault-region": "westus3",
        "x-ms-server-latency": "1345"
      },
      "ResponseBody": {
        "azureStorageBlobContainerUri": "https://blob_storage_account_name.blob.keyvault_endpoint_suffix/backup/mhsm-kashifkhankeyvaulthsm-2022050921462014",
        "endTime": 1652132788,
        "error": null,
        "jobId": "719de6e18cc54d4f87be8645906d07f0",
        "startTime": 1652132780,
        "status": "Succeeded",
        "statusDetails": null
      }
    },
    {
      "RequestUri": "https://managedhsmvaultname.managedhsm.azure.net/backup/719de6e18cc54d4f87be8645906d07f0/pending",
      "RequestMethod": "GET",
      "RequestHeaders": {
        "Accept": "*/*",
        "Accept-Encoding": "gzip, deflate",
        "User-Agent": "azsdk-python-keyvault-administration/4.1.1 Python/3.9.9 (Windows-10-10.0.22000-SP0)"
      },
      "RequestBody": null,
      "StatusCode": 200,
      "ResponseHeaders": {
        "api-supported-versions": "20180927, 20211111",
        "Cache-Control": "no-cache",
        "Content-Length": "291",
        "Content-Security-Policy": "default-src \u0027self\u0027",
        "Content-Type": "application/json; charset=utf-8",
        "Date": "Mon, 09 May 2022 21:46:39 GMT",
        "Server": "Kestrel",
        "Strict-Transport-Security": "max-age=31536000; includeSubDomains",
        "X-Content-Type-Options": "nosniff",
        "X-Frame-Options": "SAMEORIGIN",
        "x-ms-build-version": "1.0.20220503-3-e1430fa9-1.0.20220430-1-f02155ab-pre-openssl",
        "x-ms-keyvault-network-info": "conn_type=Ipv4;addr=73.232.137.144;act_addr_fam=Ipv4;",
        "x-ms-keyvault-region": "westus3",
        "x-ms-server-latency": "1407"
      },
      "ResponseBody": {
        "azureStorageBlobContainerUri": "https://blob_storage_account_name.blob.keyvault_endpoint_suffix/backup/mhsm-kashifkhankeyvaulthsm-2022050921462014",
        "endTime": 1652132788,
        "error": null,
        "jobId": "719de6e18cc54d4f87be8645906d07f0",
        "startTime": 1652132780,
        "status": "Succeeded",
        "statusDetails": null
      }
    },
    {
      "RequestUri": "https://managedhsmvaultname.managedhsm.azure.net/backup/719de6e18cc54d4f87be8645906d07f0/pending?api-version=7.3",
      "RequestMethod": "GET",
      "RequestHeaders": {
        "Accept": "application/json",
        "Accept-Encoding": "gzip, deflate",
        "User-Agent": "azsdk-python-keyvault-administration/4.1.1 Python/3.9.9 (Windows-10-10.0.22000-SP0)"
      },
      "RequestBody": null,
      "StatusCode": 200,
      "ResponseHeaders": {
        "api-supported-versions": "20180927, 20211111",
        "Cache-Control": "no-cache",
        "Content-Length": "291",
        "Content-Security-Policy": "default-src \u0027self\u0027",
        "Content-Type": "application/json; charset=utf-8",
        "Date": "Mon, 09 May 2022 21:46:40 GMT",
        "Server": "Kestrel",
        "Strict-Transport-Security": "max-age=31536000; includeSubDomains",
        "X-Content-Type-Options": "nosniff",
        "X-Frame-Options": "SAMEORIGIN",
        "x-ms-build-version": "1.0.20220503-3-e1430fa9-1.0.20220430-1-f02155ab-pre-openssl",
        "x-ms-keyvault-network-info": "conn_type=Ipv4;addr=73.232.137.144;act_addr_fam=Ipv4;",
        "x-ms-keyvault-region": "westus3",
        "x-ms-server-latency": "1414"
      },
      "ResponseBody": {
        "azureStorageBlobContainerUri": "https://blob_storage_account_name.blob.keyvault_endpoint_suffix/backup/mhsm-kashifkhankeyvaulthsm-2022050921462014",
        "endTime": 1652132788,
        "error": null,
        "jobId": "719de6e18cc54d4f87be8645906d07f0",
        "startTime": 1652132780,
        "status": "Succeeded",
        "statusDetails": null
      }
    },
    {
      "RequestUri": "https://managedhsmvaultname.managedhsm.azure.net/restore?api-version=7.3",
      "RequestMethod": "PUT",
      "RequestHeaders": {
        "Accept": "application/json",
        "Accept-Encoding": "gzip, deflate",
        "Content-Length": "207",
        "Content-Type": "application/json",
        "User-Agent": "azsdk-python-keyvault-administration/4.1.1 Python/3.9.9 (Windows-10-10.0.22000-SP0)"
      },
      "RequestBody": {
        "sasTokenParameters": {
          "storageResourceUri": "https://blob_storage_account_name.blob.keyvault_endpoint_suffix/backup",
          "token": "fake-sas"
        },
        "folderToRestore": "mhsm-kashifkhankeyvaulthsm-2022050921462014"
      },
      "StatusCode": 202,
      "ResponseHeaders": {
        "api-supported-versions": "20180927, 20211111",
        "azure-asyncoperation": "https://managedhsmvaultname.managedhsm.azure.net/restore/867bcf61b56b4317a979ce79cd6e310d/pending",
        "Cache-Control": "no-cache",
        "Content-Length": "138",
        "Content-Security-Policy": "default-src \u0027self\u0027",
        "Content-Type": "application/json; charset=utf-8",
        "Date": "Mon, 09 May 2022 21:46:41 GMT",
        "Retry-After": "10",
        "Server": "Kestrel",
        "Strict-Transport-Security": "max-age=31536000; includeSubDomains",
        "X-Content-Type-Options": "nosniff",
        "X-Frame-Options": "SAMEORIGIN",
        "x-ms-keyvault-network-info": "conn_type=Ipv4;addr=73.232.137.144;act_addr_fam=Ipv4;",
        "x-ms-keyvault-region": "westus3",
        "x-ms-server-latency": "1624"
      },
      "ResponseBody": {
        "endTime": null,
        "error": null,
        "jobId": "867bcf61b56b4317a979ce79cd6e310d",
        "startTime": 1652132802,
        "status": "InProgress",
        "statusDetails": null
      }
    },
    {
      "RequestUri": "https://managedhsmvaultname.managedhsm.azure.net/restore/867bcf61b56b4317a979ce79cd6e310d/pending?api-version=7.3",
      "RequestMethod": "GET",
      "RequestHeaders": {
        "Accept": "application/json",
        "Accept-Encoding": "gzip, deflate",
        "User-Agent": "azsdk-python-keyvault-administration/4.1.1 Python/3.9.9 (Windows-10-10.0.22000-SP0)"
      },
      "RequestBody": null,
      "StatusCode": 200,
      "ResponseHeaders": {
        "api-supported-versions": "20180927, 20211111",
        "Cache-Control": "no-cache",
        "Content-Length": "138",
        "Content-Security-Policy": "default-src \u0027self\u0027",
        "Content-Type": "application/json; charset=utf-8",
        "Date": "Mon, 09 May 2022 21:46:44 GMT",
        "Server": "Kestrel",
        "Strict-Transport-Security": "max-age=31536000; includeSubDomains",
        "X-Content-Type-Options": "nosniff",
        "X-Frame-Options": "SAMEORIGIN",
        "x-ms-build-version": "1.0.20220503-3-e1430fa9-1.0.20220430-1-f02155ab-pre-openssl",
        "x-ms-keyvault-network-info": "conn_type=Ipv4;addr=73.232.137.144;act_addr_fam=Ipv4;",
        "x-ms-keyvault-region": "westus3",
        "x-ms-server-latency": "1405"
      },
      "ResponseBody": {
        "endTime": null,
        "error": null,
        "jobId": "867bcf61b56b4317a979ce79cd6e310d",
        "startTime": 1652132802,
        "status": "InProgress",
        "statusDetails": null
      }
    },
    {
      "RequestUri": "https://managedhsmvaultname.managedhsm.azure.net/restore/867bcf61b56b4317a979ce79cd6e310d/pending",
      "RequestMethod": "GET",
      "RequestHeaders": {
        "Accept": "*/*",
        "Accept-Encoding": "gzip, deflate",
        "User-Agent": "azsdk-python-keyvault-administration/4.1.1 Python/3.9.9 (Windows-10-10.0.22000-SP0)"
      },
      "RequestBody": null,
      "StatusCode": 200,
      "ResponseHeaders": {
        "api-supported-versions": "20180927, 20211111",
        "Cache-Control": "no-cache",
        "Content-Length": "138",
        "Content-Security-Policy": "default-src \u0027self\u0027",
        "Content-Type": "application/json; charset=utf-8",
        "Date": "Mon, 09 May 2022 21:46:51 GMT",
        "Server": "Kestrel",
        "Strict-Transport-Security": "max-age=31536000; includeSubDomains",
        "X-Content-Type-Options": "nosniff",
        "X-Frame-Options": "SAMEORIGIN",
        "x-ms-build-version": "1.0.20220503-3-e1430fa9-1.0.20220430-1-f02155ab-pre-openssl",
        "x-ms-keyvault-network-info": "conn_type=Ipv4;addr=73.232.137.144;act_addr_fam=Ipv4;",
        "x-ms-keyvault-region": "westus3",
        "x-ms-server-latency": "2591"
      },
      "ResponseBody": {
        "endTime": null,
        "error": null,
        "jobId": "867bcf61b56b4317a979ce79cd6e310d",
        "startTime": 1652132802,
        "status": "InProgress",
        "statusDetails": null
      }
    },
    {
      "RequestUri": "https://managedhsmvaultname.managedhsm.azure.net/restore/867bcf61b56b4317a979ce79cd6e310d/pending",
      "RequestMethod": "GET",
      "RequestHeaders": {
        "Accept": "*/*",
        "Accept-Encoding": "gzip, deflate",
        "User-Agent": "azsdk-python-keyvault-administration/4.1.1 Python/3.9.9 (Windows-10-10.0.22000-SP0)"
      },
      "RequestBody": null,
      "StatusCode": 200,
      "ResponseHeaders": {
        "api-supported-versions": "20180927, 20211111",
        "Cache-Control": "no-cache",
        "Content-Length": "143",
        "Content-Security-Policy": "default-src \u0027self\u0027",
        "Content-Type": "application/json; charset=utf-8",
        "Date": "Mon, 09 May 2022 21:46:58 GMT",
        "Server": "Kestrel",
        "Strict-Transport-Security": "max-age=31536000; includeSubDomains",
        "X-Content-Type-Options": "nosniff",
        "X-Frame-Options": "SAMEORIGIN",
        "x-ms-build-version": "1.0.20220503-3-e1430fa9-1.0.20220430-1-f02155ab-pre-openssl",
        "x-ms-keyvault-network-info": "conn_type=Ipv4;addr=73.232.137.144;act_addr_fam=Ipv4;",
        "x-ms-keyvault-region": "westus3",
        "x-ms-server-latency": "2188"
      },
      "ResponseBody": {
        "endTime": 1652132813,
        "error": null,
        "jobId": "867bcf61b56b4317a979ce79cd6e310d",
        "startTime": 1652132802,
        "status": "Succeeded",
        "statusDetails": null
      }
    },
    {
      "RequestUri": "https://managedhsmvaultname.managedhsm.azure.net/restore/867bcf61b56b4317a979ce79cd6e310d/pending",
      "RequestMethod": "GET",
      "RequestHeaders": {
        "Accept": "*/*",
        "Accept-Encoding": "gzip, deflate",
        "User-Agent": "azsdk-python-keyvault-administration/4.1.1 Python/3.9.9 (Windows-10-10.0.22000-SP0)"
      },
      "RequestBody": null,
      "StatusCode": 200,
      "ResponseHeaders": {
        "api-supported-versions": "20180927, 20211111",
        "Cache-Control": "no-cache",
        "Content-Length": "143",
        "Content-Security-Policy": "default-src \u0027self\u0027",
        "Content-Type": "application/json; charset=utf-8",
        "Date": "Mon, 09 May 2022 21:47:10 GMT",
        "Server": "Kestrel",
        "Strict-Transport-Security": "max-age=31536000; includeSubDomains",
        "X-Content-Type-Options": "nosniff",
        "X-Frame-Options": "SAMEORIGIN",
        "x-ms-build-version": "1.0.20220503-3-e1430fa9-1.0.20220430-1-f02155ab-pre-openssl",
        "x-ms-keyvault-network-info": "conn_type=Ipv4;addr=73.232.137.144;act_addr_fam=Ipv4;",
        "x-ms-keyvault-region": "westus3",
        "x-ms-server-latency": "1353"
      },
      "ResponseBody": {
        "endTime": 1652132813,
        "error": null,
        "jobId": "867bcf61b56b4317a979ce79cd6e310d",
        "startTime": 1652132802,
        "status": "Succeeded",
        "statusDetails": null
      }
    }
  ],
  "Variables": {}
}
