{
  "Entries": [
    {
      "RequestUri": "https://fake-endpoint.azconfig.io/kv/message?label=%00\u0026api-version=1.0",
      "RequestMethod": "PUT",
      "RequestHeaders": {
        "Accept": "application/vnd.microsoft.appconfig.kv\u002Bjson, application/json, application/problem\u002Bjson",
        "Accept-Encoding": "gzip, deflate",
        "Content-Length": "94",
        "Content-Type": "application/json",
        "User-Agent": "azsdk-python-appconfiguration/1.4.0 Python/3.10.9 (Windows-10-10.0.22621-SP0)",
        "x-ms-content-sha256": "sO17\u002B9LRBGRK6Jc1aomgtjKe6Q6xOKfaGzzF\u002BAgFzgI=",
        "x-ms-date": "Jul, 31 2023 21:22:21.829531 GMT"
      },
      "RequestBody": {
        "key": "message",
        "label": "\u0000",
        "content_type": "text/plain",
        "value": "hi",
        "tags": {}
      },
      "StatusCode": 200,
      "ResponseHeaders": {
        "Access-Control-Allow-Credentials": "true",
        "Access-Control-Allow-Headers": "DNT, X-CustomHeader, Keep-Alive, User-Agent, X-Requested-With, If-Modified-Since, Cache-Control, Content-Type, Authorization, x-ms-client-request-id, x-ms-useragent, x-ms-content-sha256, x-ms-date, host, Accept, Accept-Datetime, Date, If-Match, If-None-Match, Sync-Token, x-ms-return-client-request-id, ETag, Last-Modified, Link, Memento-Datetime, retry-after-ms, x-ms-request-id, x-ms-client-session-id, x-ms-effective-locale, WWW-Authenticate, traceparent, tracestate",
        "Access-Control-Allow-Methods": "GET, PUT, POST, DELETE, PATCH, OPTIONS",
        "Access-Control-Allow-Origin": "*",
        "Access-Control-Expose-Headers": "DNT, X-CustomHeader, Keep-Alive, User-Agent, X-Requested-With, If-Modified-Since, Cache-Control, Content-Type, Authorization, x-ms-client-request-id, x-ms-useragent, x-ms-content-sha256, x-ms-date, host, Accept, Accept-Datetime, Date, If-Match, If-None-Match, Sync-Token, x-ms-return-client-request-id, ETag, Last-Modified, Link, Memento-Datetime, retry-after-ms, x-ms-request-id, x-ms-client-session-id, x-ms-effective-locale, WWW-Authenticate, traceparent, tracestate",
        "Access-Control-Max-Age": "1728000",
        "Connection": "keep-alive",
        "Content-Type": "application/vnd.microsoft.appconfig.kv\u002Bjson; charset=utf-8",
        "Date": "Mon, 31 Jul 2023 21:22:22 GMT",
        "ETag": "\u0022rjl1rw0Dbssg3Z_7BsCM_xFig-C_zWtgEAnLR30-WEs\u0022",
        "Last-Modified": "Mon, 31 Jul 2023 21:22:22 GMT",
        "Strict-Transport-Security": "max-age=15724800; includeSubDomains",
        "Sync-Token": "zAJw6V16=Njo1IzE3NzY2OTYw;sn=17766960",
        "Transfer-Encoding": "chunked",
        "x-ms-correlation-request-id": "28e7be90-3e9e-469a-9c80-4d4d1d78acb4",
        "x-ms-resource-group": "rg-appconfigtests4",
        "x-ms-subscription-id": "77d5ab06-7edd-4eec-bce9-52c11b75bb37",
        "x-ms-tenant-name": "appconfigtests4-azconfig-python"
      },
      "ResponseBody": {
        "etag": "rjl1rw0Dbssg3Z_7BsCM_xFig-C_zWtgEAnLR30-WEs",
        "key": "message",
        "label": null,
        "content_type": "text/plain",
        "value": "hi",
        "tags": {},
        "locked": false,
        "last_modified": "2023-07-31T21:22:22\u002B00:00"
      }
    },
    {
      "RequestUri": "https://fake-endpoint.azconfig.io/kv/message?label=dev\u0026api-version=1.0",
      "RequestMethod": "PUT",
      "RequestHeaders": {
        "Accept": "application/vnd.microsoft.appconfig.kv\u002Bjson, application/json, application/problem\u002Bjson",
        "Accept-Encoding": "gzip, deflate",
        "Content-Length": "93",
        "Content-Type": "application/json",
        "Sync-Token": "zAJw6V16=Njo1IzE3NzY2OTYw",
        "User-Agent": "azsdk-python-appconfiguration/1.4.0 Python/3.10.9 (Windows-10-10.0.22621-SP0)",
        "x-ms-content-sha256": "ldGB\u002ByUbceFogwKdiFLhKcjPyA4zVY7Rq2L/lmgPr/8=",
        "x-ms-date": "Jul, 31 2023 21:22:22.192846 GMT"
      },
      "RequestBody": {
        "key": "message",
        "label": "dev",
        "content_type": "text/plain",
        "value": "test",
        "tags": {}
      },
      "StatusCode": 200,
      "ResponseHeaders": {
        "Access-Control-Allow-Credentials": "true",
        "Access-Control-Allow-Headers": "DNT, X-CustomHeader, Keep-Alive, User-Agent, X-Requested-With, If-Modified-Since, Cache-Control, Content-Type, Authorization, x-ms-client-request-id, x-ms-useragent, x-ms-content-sha256, x-ms-date, host, Accept, Accept-Datetime, Date, If-Match, If-None-Match, Sync-Token, x-ms-return-client-request-id, ETag, Last-Modified, Link, Memento-Datetime, retry-after-ms, x-ms-request-id, x-ms-client-session-id, x-ms-effective-locale, WWW-Authenticate, traceparent, tracestate",
        "Access-Control-Allow-Methods": "GET, PUT, POST, DELETE, PATCH, OPTIONS",
        "Access-Control-Allow-Origin": "*",
        "Access-Control-Expose-Headers": "DNT, X-CustomHeader, Keep-Alive, User-Agent, X-Requested-With, If-Modified-Since, Cache-Control, Content-Type, Authorization, x-ms-client-request-id, x-ms-useragent, x-ms-content-sha256, x-ms-date, host, Accept, Accept-Datetime, Date, If-Match, If-None-Match, Sync-Token, x-ms-return-client-request-id, ETag, Last-Modified, Link, Memento-Datetime, retry-after-ms, x-ms-request-id, x-ms-client-session-id, x-ms-effective-locale, WWW-Authenticate, traceparent, tracestate",
        "Access-Control-Max-Age": "1728000",
        "Connection": "keep-alive",
        "Content-Type": "application/vnd.microsoft.appconfig.kv\u002Bjson; charset=utf-8",
        "Date": "Mon, 31 Jul 2023 21:22:22 GMT",
        "ETag": "\u0022k6IZ2WdWxP4Nz_h9onL1GgZXpRzjD6KaGI4L2XkO2s8\u0022",
        "Last-Modified": "Mon, 31 Jul 2023 21:22:22 GMT",
        "Strict-Transport-Security": "max-age=15724800; includeSubDomains",
        "Sync-Token": "zAJw6V16=Njo1IzE3NzY2OTYy;sn=17766962",
        "Transfer-Encoding": "chunked",
        "x-ms-correlation-request-id": "acd13bc0-4252-4022-a4c2-cdf3d73f9ad2",
        "x-ms-resource-group": "rg-appconfigtests4",
        "x-ms-subscription-id": "77d5ab06-7edd-4eec-bce9-52c11b75bb37",
        "x-ms-tenant-name": "appconfigtests4-azconfig-python"
      },
      "ResponseBody": {
        "etag": "k6IZ2WdWxP4Nz_h9onL1GgZXpRzjD6KaGI4L2XkO2s8",
        "key": "message",
        "label": "dev",
        "content_type": "text/plain",
        "value": "test",
        "tags": {},
        "locked": false,
        "last_modified": "2023-07-31T21:22:22\u002B00:00"
      }
    },
    {
      "RequestUri": "https://fake-endpoint.azconfig.io/kv/my_json?label=%00\u0026api-version=1.0",
      "RequestMethod": "PUT",
      "RequestHeaders": {
        "Accept": "application/vnd.microsoft.appconfig.kv\u002Bjson, application/json, application/problem\u002Bjson",
        "Accept-Encoding": "gzip, deflate",
        "Content-Length": "118",
        "Content-Type": "application/json",
        "Sync-Token": "zAJw6V16=Njo1IzE3NzY2OTYy",
        "User-Agent": "azsdk-python-appconfiguration/1.4.0 Python/3.10.9 (Windows-10-10.0.22621-SP0)",
        "x-ms-content-sha256": "hCwkkESt4FMkocISzVr\u002Bsa5KgTtCgv2\u002B3ps1kcPne0Y=",
        "x-ms-date": "Jul, 31 2023 21:22:22.240117 GMT"
      },
      "RequestBody": {
        "key": "my_json",
        "label": "\u0000",
        "content_type": "application/json",
        "value": "{\u0022key\u0022: \u0022value\u0022}",
        "tags": {}
      },
      "StatusCode": 200,
      "ResponseHeaders": {
        "Access-Control-Allow-Credentials": "true",
        "Access-Control-Allow-Headers": "DNT, X-CustomHeader, Keep-Alive, User-Agent, X-Requested-With, If-Modified-Since, Cache-Control, Content-Type, Authorization, x-ms-client-request-id, x-ms-useragent, x-ms-content-sha256, x-ms-date, host, Accept, Accept-Datetime, Date, If-Match, If-None-Match, Sync-Token, x-ms-return-client-request-id, ETag, Last-Modified, Link, Memento-Datetime, retry-after-ms, x-ms-request-id, x-ms-client-session-id, x-ms-effective-locale, WWW-Authenticate, traceparent, tracestate",
        "Access-Control-Allow-Methods": "GET, PUT, POST, DELETE, PATCH, OPTIONS",
        "Access-Control-Allow-Origin": "*",
        "Access-Control-Expose-Headers": "DNT, X-CustomHeader, Keep-Alive, User-Agent, X-Requested-With, If-Modified-Since, Cache-Control, Content-Type, Authorization, x-ms-client-request-id, x-ms-useragent, x-ms-content-sha256, x-ms-date, host, Accept, Accept-Datetime, Date, If-Match, If-None-Match, Sync-Token, x-ms-return-client-request-id, ETag, Last-Modified, Link, Memento-Datetime, retry-after-ms, x-ms-request-id, x-ms-client-session-id, x-ms-effective-locale, WWW-Authenticate, traceparent, tracestate",
        "Access-Control-Max-Age": "1728000",
        "Connection": "keep-alive",
        "Content-Type": "application/vnd.microsoft.appconfig.kv\u002Bjson; charset=utf-8",
        "Date": "Mon, 31 Jul 2023 21:22:22 GMT",
        "ETag": "\u00220BlJtJySbW9DQeGd5k4VWWGnM41r3gx1yGL3CvVejyA\u0022",
        "Last-Modified": "Mon, 31 Jul 2023 21:22:22 GMT",
        "Strict-Transport-Security": "max-age=15724800; includeSubDomains",
        "Sync-Token": "zAJw6V16=Njo1IzE3NzY2OTY0;sn=17766964",
        "Transfer-Encoding": "chunked",
        "x-ms-correlation-request-id": "19523731-8fdf-4ba3-b218-1956e81fecd8",
        "x-ms-resource-group": "rg-appconfigtests4",
        "x-ms-subscription-id": "77d5ab06-7edd-4eec-bce9-52c11b75bb37",
        "x-ms-tenant-name": "appconfigtests4-azconfig-python"
      },
      "ResponseBody": {
        "etag": "0BlJtJySbW9DQeGd5k4VWWGnM41r3gx1yGL3CvVejyA",
        "key": "my_json",
        "label": null,
        "content_type": "application/json",
        "value": "{\u0022key\u0022: \u0022value\u0022}",
        "tags": {},
        "locked": false,
        "last_modified": "2023-07-31T21:22:22\u002B00:00"
      }
    },
    {
      "RequestUri": "https://fake-endpoint.azconfig.io/kv/test.trimmed?label=%00\u0026api-version=1.0",
      "RequestMethod": "PUT",
      "RequestHeaders": {
        "Accept": "application/vnd.microsoft.appconfig.kv\u002Bjson, application/json, application/problem\u002Bjson",
        "Accept-Encoding": "gzip, deflate",
        "Content-Length": "100",
        "Content-Type": "application/json",
        "Sync-Token": "zAJw6V16=Njo1IzE3NzY2OTY0",
        "User-Agent": "azsdk-python-appconfiguration/1.4.0 Python/3.10.9 (Windows-10-10.0.22621-SP0)",
        "x-ms-content-sha256": "Ywo75Z4ndghuA5lejndpeBTNSici7Vx8O0CCZLlhiAU=",
        "x-ms-date": "Jul, 31 2023 21:22:22.288547 GMT"
      },
      "RequestBody": {
        "key": "test.trimmed",
        "label": "\u0000",
        "content_type": "text/plain",
        "value": "key",
        "tags": {}
      },
      "StatusCode": 200,
      "ResponseHeaders": {
        "Access-Control-Allow-Credentials": "true",
        "Access-Control-Allow-Headers": "DNT, X-CustomHeader, Keep-Alive, User-Agent, X-Requested-With, If-Modified-Since, Cache-Control, Content-Type, Authorization, x-ms-client-request-id, x-ms-useragent, x-ms-content-sha256, x-ms-date, host, Accept, Accept-Datetime, Date, If-Match, If-None-Match, Sync-Token, x-ms-return-client-request-id, ETag, Last-Modified, Link, Memento-Datetime, retry-after-ms, x-ms-request-id, x-ms-client-session-id, x-ms-effective-locale, WWW-Authenticate, traceparent, tracestate",
        "Access-Control-Allow-Methods": "GET, PUT, POST, DELETE, PATCH, OPTIONS",
        "Access-Control-Allow-Origin": "*",
        "Access-Control-Expose-Headers": "DNT, X-CustomHeader, Keep-Alive, User-Agent, X-Requested-With, If-Modified-Since, Cache-Control, Content-Type, Authorization, x-ms-client-request-id, x-ms-useragent, x-ms-content-sha256, x-ms-date, host, Accept, Accept-Datetime, Date, If-Match, If-None-Match, Sync-Token, x-ms-return-client-request-id, ETag, Last-Modified, Link, Memento-Datetime, retry-after-ms, x-ms-request-id, x-ms-client-session-id, x-ms-effective-locale, WWW-Authenticate, traceparent, tracestate",
        "Access-Control-Max-Age": "1728000",
        "Connection": "keep-alive",
        "Content-Type": "application/vnd.microsoft.appconfig.kv\u002Bjson; charset=utf-8",
        "Date": "Mon, 31 Jul 2023 21:22:22 GMT",
        "ETag": "\u0022PBsn7CB17Mh1bqKXwTStTW5tz9DSk2pF6TJMN4WkMGY\u0022",
        "Last-Modified": "Mon, 31 Jul 2023 21:22:22 GMT",
        "Strict-Transport-Security": "max-age=15724800; includeSubDomains",
        "Sync-Token": "zAJw6V16=Njo1IzE3NzY2OTY2;sn=17766966",
        "Transfer-Encoding": "chunked",
        "x-ms-correlation-request-id": "0a1bf5ad-017e-4669-b3bd-512bf31c9d60",
        "x-ms-resource-group": "rg-appconfigtests4",
        "x-ms-subscription-id": "77d5ab06-7edd-4eec-bce9-52c11b75bb37",
        "x-ms-tenant-name": "appconfigtests4-azconfig-python"
      },
      "ResponseBody": {
        "etag": "PBsn7CB17Mh1bqKXwTStTW5tz9DSk2pF6TJMN4WkMGY",
        "key": "test.trimmed",
        "label": null,
        "content_type": "text/plain",
        "value": "key",
        "tags": {},
        "locked": false,
        "last_modified": "2023-07-31T21:22:22\u002B00:00"
      }
    },
    {
      "RequestUri": "https://fake-endpoint.azconfig.io/kv/refresh_message?label=%00\u0026api-version=1.0",
      "RequestMethod": "PUT",
      "RequestHeaders": {
        "Accept": "application/vnd.microsoft.appconfig.kv\u002Bjson, application/json, application/problem\u002Bjson",
        "Accept-Encoding": "gzip, deflate",
        "Content-Length": "114",
        "Content-Type": "application/json",
        "Sync-Token": "zAJw6V16=Njo1IzE3NzY2OTY2",
        "User-Agent": "azsdk-python-appconfiguration/1.4.0 Python/3.10.9 (Windows-10-10.0.22621-SP0)",
        "x-ms-content-sha256": "4EMTpW5DNMgb2ILWshR8NZeWRRkMcPLFDtd0erEayyY=",
        "x-ms-date": "Jul, 31 2023 21:22:22.336770 GMT"
      },
      "RequestBody": {
        "key": "refresh_message",
        "label": "\u0000",
        "content_type": "text/plain",
        "value": "original value",
        "tags": {}
      },
      "StatusCode": 200,
      "ResponseHeaders": {
        "Access-Control-Allow-Credentials": "true",
        "Access-Control-Allow-Headers": "DNT, X-CustomHeader, Keep-Alive, User-Agent, X-Requested-With, If-Modified-Since, Cache-Control, Content-Type, Authorization, x-ms-client-request-id, x-ms-useragent, x-ms-content-sha256, x-ms-date, host, Accept, Accept-Datetime, Date, If-Match, If-None-Match, Sync-Token, x-ms-return-client-request-id, ETag, Last-Modified, Link, Memento-Datetime, retry-after-ms, x-ms-request-id, x-ms-client-session-id, x-ms-effective-locale, WWW-Authenticate, traceparent, tracestate",
        "Access-Control-Allow-Methods": "GET, PUT, POST, DELETE, PATCH, OPTIONS",
        "Access-Control-Allow-Origin": "*",
        "Access-Control-Expose-Headers": "DNT, X-CustomHeader, Keep-Alive, User-Agent, X-Requested-With, If-Modified-Since, Cache-Control, Content-Type, Authorization, x-ms-client-request-id, x-ms-useragent, x-ms-content-sha256, x-ms-date, host, Accept, Accept-Datetime, Date, If-Match, If-None-Match, Sync-Token, x-ms-return-client-request-id, ETag, Last-Modified, Link, Memento-Datetime, retry-after-ms, x-ms-request-id, x-ms-client-session-id, x-ms-effective-locale, WWW-Authenticate, traceparent, tracestate",
        "Access-Control-Max-Age": "1728000",
        "Connection": "keep-alive",
        "Content-Type": "application/vnd.microsoft.appconfig.kv\u002Bjson; charset=utf-8",
        "Date": "Mon, 31 Jul 2023 21:22:22 GMT",
        "ETag": "\u00225U-iDsBtxAgNVsaDa3-9ORCNu1Dp6rXesuUH0tdewoE\u0022",
        "Last-Modified": "Mon, 31 Jul 2023 21:22:22 GMT",
        "Strict-Transport-Security": "max-age=15724800; includeSubDomains",
        "Sync-Token": "zAJw6V16=Njo1IzE3NzY2OTY4;sn=17766968",
        "Transfer-Encoding": "chunked",
        "x-ms-correlation-request-id": "15bd5ba9-a832-4163-9715-7576b6eb2dd0",
        "x-ms-resource-group": "rg-appconfigtests4",
        "x-ms-subscription-id": "77d5ab06-7edd-4eec-bce9-52c11b75bb37",
        "x-ms-tenant-name": "appconfigtests4-azconfig-python"
      },
      "ResponseBody": {
        "etag": "5U-iDsBtxAgNVsaDa3-9ORCNu1Dp6rXesuUH0tdewoE",
        "key": "refresh_message",
        "label": null,
        "content_type": "text/plain",
        "value": "original value",
        "tags": {},
        "locked": false,
        "last_modified": "2023-07-31T21:22:22\u002B00:00"
      }
    },
    {
      "RequestUri": "https://fake-endpoint.azconfig.io/kv/non_refreshed_message?label=%00\u0026api-version=1.0",
      "RequestMethod": "PUT",
      "RequestHeaders": {
        "Accept": "application/vnd.microsoft.appconfig.kv\u002Bjson, application/json, application/problem\u002Bjson",
        "Accept-Encoding": "gzip, deflate",
        "Content-Length": "112",
        "Content-Type": "application/json",
        "Sync-Token": "zAJw6V16=Njo1IzE3NzY2OTY4",
        "User-Agent": "azsdk-python-appconfiguration/1.4.0 Python/3.10.9 (Windows-10-10.0.22621-SP0)",
        "x-ms-content-sha256": "3h8i3k16yOCNVm4UxG/aSBBCn2CiyBhO4M3AdIWkWFI=",
        "x-ms-date": "Jul, 31 2023 21:22:22.389105 GMT"
      },
      "RequestBody": {
        "key": "non_refreshed_message",
        "label": "\u0000",
        "content_type": "text/plain",
        "value": "Static",
        "tags": {}
      },
      "StatusCode": 200,
      "ResponseHeaders": {
        "Access-Control-Allow-Credentials": "true",
        "Access-Control-Allow-Headers": "DNT, X-CustomHeader, Keep-Alive, User-Agent, X-Requested-With, If-Modified-Since, Cache-Control, Content-Type, Authorization, x-ms-client-request-id, x-ms-useragent, x-ms-content-sha256, x-ms-date, host, Accept, Accept-Datetime, Date, If-Match, If-None-Match, Sync-Token, x-ms-return-client-request-id, ETag, Last-Modified, Link, Memento-Datetime, retry-after-ms, x-ms-request-id, x-ms-client-session-id, x-ms-effective-locale, WWW-Authenticate, traceparent, tracestate",
        "Access-Control-Allow-Methods": "GET, PUT, POST, DELETE, PATCH, OPTIONS",
        "Access-Control-Allow-Origin": "*",
        "Access-Control-Expose-Headers": "DNT, X-CustomHeader, Keep-Alive, User-Agent, X-Requested-With, If-Modified-Since, Cache-Control, Content-Type, Authorization, x-ms-client-request-id, x-ms-useragent, x-ms-content-sha256, x-ms-date, host, Accept, Accept-Datetime, Date, If-Match, If-None-Match, Sync-Token, x-ms-return-client-request-id, ETag, Last-Modified, Link, Memento-Datetime, retry-after-ms, x-ms-request-id, x-ms-client-session-id, x-ms-effective-locale, WWW-Authenticate, traceparent, tracestate",
        "Access-Control-Max-Age": "1728000",
        "Connection": "keep-alive",
        "Content-Type": "application/vnd.microsoft.appconfig.kv\u002Bjson; charset=utf-8",
        "Date": "Mon, 31 Jul 2023 21:22:22 GMT",
        "ETag": "\u002207HdG6TcCEW4l0ghRIovUZaldRh4qFWVR4ieBDUS_g0\u0022",
        "Last-Modified": "Mon, 31 Jul 2023 21:22:22 GMT",
        "Strict-Transport-Security": "max-age=15724800; includeSubDomains",
        "Sync-Token": "zAJw6V16=Njo1IzE3NzY2OTcw;sn=17766970",
        "Transfer-Encoding": "chunked",
        "x-ms-correlation-request-id": "99536f2d-a358-472a-84ac-925d8b15019a",
        "x-ms-resource-group": "rg-appconfigtests4",
        "x-ms-subscription-id": "77d5ab06-7edd-4eec-bce9-52c11b75bb37",
        "x-ms-tenant-name": "appconfigtests4-azconfig-python"
      },
      "ResponseBody": {
        "etag": "07HdG6TcCEW4l0ghRIovUZaldRh4qFWVR4ieBDUS_g0",
        "key": "non_refreshed_message",
        "label": null,
        "content_type": "text/plain",
        "value": "Static",
        "tags": {},
        "locked": false,
        "last_modified": "2023-07-31T21:22:22\u002B00:00"
      }
    },
    {
      "RequestUri": "https://fake-endpoint.azconfig.io/kv/.appconfig.featureflag%2FAlpha?label=%00\u0026api-version=1.0",
      "RequestMethod": "PUT",
      "RequestHeaders": {
        "Accept": "application/vnd.microsoft.appconfig.kv\u002Bjson, application/json, application/problem\u002Bjson",
        "Accept-Encoding": "gzip, deflate",
        "Content-Length": "270",
        "Content-Type": "application/json",
        "Sync-Token": "zAJw6V16=Njo1IzE3NzY2OTcw",
        "User-Agent": "azsdk-python-appconfiguration/1.4.0 Python/3.10.9 (Windows-10-10.0.22621-SP0)",
        "x-ms-content-sha256": "QWMqQVTb3OEmcET/A5jVHXJXI1TrzC7h6cMDRt4ePeA=",
        "x-ms-date": "Jul, 31 2023 21:22:22.437611 GMT"
      },
      "RequestBody": {
        "key": ".appconfig.featureflag/Alpha",
        "label": "\u0000",
        "content_type": "application/vnd.microsoft.appconfig.ff\u002Bjson;charset=utf-8",
        "value": "{\t\u0022id\u0022: \u0022Alpha\u0022, \u0022description\u0022: \u0022\u0022, \u0022enabled\u0022: false, \u0022conditions\u0022: {\t\u0022client_filters\u0022: []\t}}",
        "tags": {}
      },
      "StatusCode": 200,
      "ResponseHeaders": {
        "Access-Control-Allow-Credentials": "true",
        "Access-Control-Allow-Headers": "DNT, X-CustomHeader, Keep-Alive, User-Agent, X-Requested-With, If-Modified-Since, Cache-Control, Content-Type, Authorization, x-ms-client-request-id, x-ms-useragent, x-ms-content-sha256, x-ms-date, host, Accept, Accept-Datetime, Date, If-Match, If-None-Match, Sync-Token, x-ms-return-client-request-id, ETag, Last-Modified, Link, Memento-Datetime, retry-after-ms, x-ms-request-id, x-ms-client-session-id, x-ms-effective-locale, WWW-Authenticate, traceparent, tracestate",
        "Access-Control-Allow-Methods": "GET, PUT, POST, DELETE, PATCH, OPTIONS",
        "Access-Control-Allow-Origin": "*",
        "Access-Control-Expose-Headers": "DNT, X-CustomHeader, Keep-Alive, User-Agent, X-Requested-With, If-Modified-Since, Cache-Control, Content-Type, Authorization, x-ms-client-request-id, x-ms-useragent, x-ms-content-sha256, x-ms-date, host, Accept, Accept-Datetime, Date, If-Match, If-None-Match, Sync-Token, x-ms-return-client-request-id, ETag, Last-Modified, Link, Memento-Datetime, retry-after-ms, x-ms-request-id, x-ms-client-session-id, x-ms-effective-locale, WWW-Authenticate, traceparent, tracestate",
        "Access-Control-Max-Age": "1728000",
        "Connection": "keep-alive",
        "Content-Type": "application/vnd.microsoft.appconfig.kv\u002Bjson; charset=utf-8",
        "Date": "Mon, 31 Jul 2023 21:22:22 GMT",
        "ETag": "\u0022VcAOf2b2H5T09HS4vKKqTae5P-elSoC2ZmYbuhiiqeQ\u0022",
        "Last-Modified": "Mon, 31 Jul 2023 21:22:22 GMT",
        "Strict-Transport-Security": "max-age=15724800; includeSubDomains",
        "Sync-Token": "zAJw6V16=Njo1IzE3NzY2OTcy;sn=17766972",
        "Transfer-Encoding": "chunked",
        "x-ms-correlation-request-id": "ecd96d32-e342-40c7-a4a9-dbd44f1feabb",
        "x-ms-resource-group": "rg-appconfigtests4",
        "x-ms-subscription-id": "77d5ab06-7edd-4eec-bce9-52c11b75bb37",
        "x-ms-tenant-name": "appconfigtests4-azconfig-python"
      },
      "ResponseBody": {
        "etag": "VcAOf2b2H5T09HS4vKKqTae5P-elSoC2ZmYbuhiiqeQ",
        "key": ".appconfig.featureflag/Alpha",
        "label": null,
        "content_type": "application/vnd.microsoft.appconfig.ff\u002Bjson;charset=utf-8",
        "value": "{\t\u0022id\u0022: \u0022Alpha\u0022, \u0022description\u0022: \u0022\u0022, \u0022enabled\u0022: false, \u0022conditions\u0022: {\t\u0022client_filters\u0022: []\t}}",
        "tags": {},
        "locked": false,
        "last_modified": "2023-07-31T21:22:22\u002B00:00"
      }
    },
    {
      "RequestUri": "https://fake-endpoint.azconfig.io/kv/secret?label=prod\u0026api-version=1.0",
      "RequestMethod": "PUT",
      "RequestHeaders": {
        "Accept": "application/vnd.microsoft.appconfig.kv\u002Bjson, application/json, application/problem\u002Bjson",
        "Accept-Encoding": "gzip, deflate",
        "Content-Length": "217",
        "Content-Type": "application/json",
        "Sync-Token": "zAJw6V16=Njo1IzE3NzY2OTcy",
        "User-Agent": "azsdk-python-appconfiguration/1.4.0 Python/3.10.9 (Windows-10-10.0.22621-SP0)",
        "x-ms-content-sha256": "xsCtzPjG6higDUmnWQcO6PgBAIH4GiWaG/2JuuJoJCc=",
        "x-ms-date": "Jul, 31 2023 21:22:22.487885 GMT"
      },
      "RequestBody": {
        "key": "secret",
        "label": "prod",
        "content_type": "application/vnd.microsoft.appconfig.keyvaultref\u002Bjson;charset=utf-8",
        "value": "{\u0022uri\u0022:\u0022https://fake-keyvault.vault.azure.net/secrets/fake-secret/\u0022}",
        "tags": {}
      },
      "StatusCode": 200,
      "ResponseHeaders": {
        "Access-Control-Allow-Credentials": "true",
        "Access-Control-Allow-Headers": "DNT, X-CustomHeader, Keep-Alive, User-Agent, X-Requested-With, If-Modified-Since, Cache-Control, Content-Type, Authorization, x-ms-client-request-id, x-ms-useragent, x-ms-content-sha256, x-ms-date, host, Accept, Accept-Datetime, Date, If-Match, If-None-Match, Sync-Token, x-ms-return-client-request-id, ETag, Last-Modified, Link, Memento-Datetime, retry-after-ms, x-ms-request-id, x-ms-client-session-id, x-ms-effective-locale, WWW-Authenticate, traceparent, tracestate",
        "Access-Control-Allow-Methods": "GET, PUT, POST, DELETE, PATCH, OPTIONS",
        "Access-Control-Allow-Origin": "*",
        "Access-Control-Expose-Headers": "DNT, X-CustomHeader, Keep-Alive, User-Agent, X-Requested-With, If-Modified-Since, Cache-Control, Content-Type, Authorization, x-ms-client-request-id, x-ms-useragent, x-ms-content-sha256, x-ms-date, host, Accept, Accept-Datetime, Date, If-Match, If-None-Match, Sync-Token, x-ms-return-client-request-id, ETag, Last-Modified, Link, Memento-Datetime, retry-after-ms, x-ms-request-id, x-ms-client-session-id, x-ms-effective-locale, WWW-Authenticate, traceparent, tracestate",
        "Access-Control-Max-Age": "1728000",
        "Connection": "keep-alive",
        "Content-Type": "application/vnd.microsoft.appconfig.kv\u002Bjson; charset=utf-8",
        "Date": "Mon, 31 Jul 2023 21:22:22 GMT",
        "ETag": "\u0022cL05dYu8_2UcudJ-0zEtuLLyeAEehCyxDEL5jCLsOWs\u0022",
        "Last-Modified": "Mon, 31 Jul 2023 21:22:22 GMT",
        "Strict-Transport-Security": "max-age=15724800; includeSubDomains",
        "Sync-Token": "zAJw6V16=Njo1IzE3NzY2OTc0;sn=17766974",
        "Transfer-Encoding": "chunked",
        "x-ms-correlation-request-id": "c6d7de13-3cb3-41e8-9134-238904118443",
        "x-ms-resource-group": "rg-appconfigtests4",
        "x-ms-subscription-id": "77d5ab06-7edd-4eec-bce9-52c11b75bb37",
        "x-ms-tenant-name": "appconfigtests4-azconfig-python"
      },
      "ResponseBody": {
        "etag": "cL05dYu8_2UcudJ-0zEtuLLyeAEehCyxDEL5jCLsOWs",
        "key": "secret",
        "label": "prod",
        "content_type": "application/vnd.microsoft.appconfig.keyvaultref\u002Bjson;charset=utf-8",
        "value": "{\u0022uri\u0022:\u0022https://fake-keyvault.vault.azure.net/secrets/fake-secret/\u0022}",
        "tags": {},
        "locked": false,
        "last_modified": "2023-07-31T21:22:22\u002B00:00"
      }
    },
    {
      "RequestUri": "https://fake-endpoint.azconfig.io/kv?key=*\u0026label=%00\u0026api-version=1.0",
      "RequestMethod": "GET",
      "RequestHeaders": {
        "Accept": "application/vnd.microsoft.appconfig.kvset\u002Bjson, application/json, application/problem\u002Bjson",
        "Accept-Encoding": "gzip, deflate",
        "Content-Length": "0",
        "Correlation-Context": "RequestType=Startup",
        "User-Agent": "python-appconfiguration-provider/1.0.1 azsdk-python-appconfiguration/1.4.0 Python/3.10.9 (Windows-10-10.0.22621-SP0)",
        "x-ms-content-sha256": "47DEQpj8HBSa\u002B/TImW\u002B5JCeuQeRkm5NMpJWZG3hSuFU=",
        "x-ms-date": "Jul, 31 2023 21:22:22.542958 GMT"
      },
      "RequestBody": null,
      "StatusCode": 200,
      "ResponseHeaders": {
        "Access-Control-Allow-Credentials": "true",
        "Access-Control-Allow-Headers": "DNT, X-CustomHeader, Keep-Alive, User-Agent, X-Requested-With, If-Modified-Since, Cache-Control, Content-Type, Authorization, x-ms-client-request-id, x-ms-useragent, x-ms-content-sha256, x-ms-date, host, Accept, Accept-Datetime, Date, If-Match, If-None-Match, Sync-Token, x-ms-return-client-request-id, ETag, Last-Modified, Link, Memento-Datetime, retry-after-ms, x-ms-request-id, x-ms-client-session-id, x-ms-effective-locale, WWW-Authenticate, traceparent, tracestate",
        "Access-Control-Allow-Methods": "GET, PUT, POST, DELETE, PATCH, OPTIONS",
        "Access-Control-Allow-Origin": "*",
        "Access-Control-Expose-Headers": "DNT, X-CustomHeader, Keep-Alive, User-Agent, X-Requested-With, If-Modified-Since, Cache-Control, Content-Type, Authorization, x-ms-client-request-id, x-ms-useragent, x-ms-content-sha256, x-ms-date, host, Accept, Accept-Datetime, Date, If-Match, If-None-Match, Sync-Token, x-ms-return-client-request-id, ETag, Last-Modified, Link, Memento-Datetime, retry-after-ms, x-ms-request-id, x-ms-client-session-id, x-ms-effective-locale, WWW-Authenticate, traceparent, tracestate",
        "Access-Control-Max-Age": "1728000",
        "Connection": "keep-alive",
        "Content-Type": "application/vnd.microsoft.appconfig.kvset\u002Bjson; charset=utf-8",
        "Date": "Mon, 31 Jul 2023 21:22:22 GMT",
        "Strict-Transport-Security": "max-age=15724800; includeSubDomains",
        "Sync-Token": "zAJw6V16=Njo1IzE3NzY2OTc1;sn=17766975",
        "Transfer-Encoding": "chunked",
        "x-ms-correlation-request-id": "cdede5ef-8b1d-48fb-8c56-de0a9ca3ba6c",
        "x-ms-resource-group": "rg-appconfigtests4",
        "x-ms-subscription-id": "77d5ab06-7edd-4eec-bce9-52c11b75bb37",
        "x-ms-tenant-name": "appconfigtests4-azconfig-python"
      },
      "ResponseBody": {
        "items": [
          {
            "etag": "VcAOf2b2H5T09HS4vKKqTae5P-elSoC2ZmYbuhiiqeQ",
            "key": ".appconfig.featureflag/Alpha",
            "label": null,
            "content_type": "application/vnd.microsoft.appconfig.ff\u002Bjson;charset=utf-8",
            "value": "{\t\u0022id\u0022: \u0022Alpha\u0022, \u0022description\u0022: \u0022\u0022, \u0022enabled\u0022: false, \u0022conditions\u0022: {\t\u0022client_filters\u0022: []\t}}",
            "tags": {},
            "locked": false,
            "last_modified": "2023-07-31T21:22:22\u002B00:00"
          },
          {
            "etag": "rjl1rw0Dbssg3Z_7BsCM_xFig-C_zWtgEAnLR30-WEs",
            "key": "message",
            "label": null,
            "content_type": "text/plain",
            "value": "hi",
            "tags": {},
            "locked": false,
            "last_modified": "2023-07-31T21:22:22\u002B00:00"
          },
          {
            "etag": "0BlJtJySbW9DQeGd5k4VWWGnM41r3gx1yGL3CvVejyA",
            "key": "my_json",
            "label": null,
            "content_type": "application/json",
            "value": "{\u0022key\u0022: \u0022value\u0022}",
            "tags": {},
            "locked": false,
            "last_modified": "2023-07-31T21:22:22\u002B00:00"
          },
          {
            "etag": "07HdG6TcCEW4l0ghRIovUZaldRh4qFWVR4ieBDUS_g0",
            "key": "non_refreshed_message",
            "label": null,
            "content_type": "text/plain",
            "value": "Static",
            "tags": {},
            "locked": false,
            "last_modified": "2023-07-31T21:22:22\u002B00:00"
          },
          {
            "etag": "5U-iDsBtxAgNVsaDa3-9ORCNu1Dp6rXesuUH0tdewoE",
            "key": "refresh_message",
            "label": null,
            "content_type": "text/plain",
            "value": "original value",
            "tags": {},
            "locked": false,
            "last_modified": "2023-07-31T21:22:22\u002B00:00"
          },
          {
            "etag": "PBsn7CB17Mh1bqKXwTStTW5tz9DSk2pF6TJMN4WkMGY",
            "key": "test.trimmed",
            "label": null,
            "content_type": "text/plain",
            "value": "key",
            "tags": {},
            "locked": false,
            "last_modified": "2023-07-31T21:22:22\u002B00:00"
          }
        ]
      }
    }
  ],
  "Variables": {}
}
