{
  "Entries": [
    {
      "RequestUri": "https://login.microsoftonline.com/fake-tenant-id/v2.0/.well-known/openid-configuration",
      "RequestMethod": "GET",
      "RequestHeaders": {
        "Accept": "*/*",
        "Accept-Encoding": "gzip, deflate",
        "Connection": "keep-alive",
        "User-Agent": "azsdk-python-identity/1.12.0 Python/3.10.7 (Windows-10-10.0.22621-SP0)"
      },
      "RequestBody": null,
      "StatusCode": 200,
      "ResponseHeaders": {
        "Access-Control-Allow-Methods": "GET, OPTIONS",
        "Access-Control-Allow-Origin": "*",
        "Cache-Control": "max-age=86400, private",
        "Content-Length": "1599",
        "Content-Type": "application/json; charset=utf-8",
        "Date": "Tue, 13 Jun 2023 21:46:28 GMT",
        "P3P": "CP=\u0022DSP CUR OTPi IND OTRi ONL FIN\u0022",
        "Set-Cookie": [
          "fpc=AipKcWIk0N1Dg-METgR4TMvi05sNAgAAAKXaGtwOAAAA; expires=Thu, 13-Jul-2023 21:46:28 GMT; path=/; secure; HttpOnly; SameSite=None",
          "x-ms-gateway-slice=estsfd; path=/; secure; samesite=none; httponly"
        ],
        "Strict-Transport-Security": "max-age=31536000; includeSubDomains",
        "X-Content-Type-Options": "nosniff",
        "x-ms-ests-server": "2.1.15620.8 - EUS ProdSlices",
        "X-XSS-Protection": "0"
      },
      "ResponseBody": {
        "token_endpoint": "https://login.microsoftonline.com/fake-tenant-id/oauth2/v2.0/token",
        "token_endpoint_auth_methods_supported": [
          "client_secret_post",
          "private_key_jwt",
          "client_secret_basic"
        ],
        "jwks_uri": "https://login.microsoftonline.com/fake-tenant-id/discovery/v2.0/keys",
        "response_modes_supported": [
          "query",
          "fragment",
          "form_post"
        ],
        "subject_types_supported": [
          "pairwise"
        ],
        "id_token_signing_alg_values_supported": [
          "RS256"
        ],
        "response_types_supported": [
          "code",
          "id_token",
          "code id_token",
          "id_token token"
        ],
        "scopes_supported": [
          "openid",
          "profile",
          "email",
          "offline_access"
        ],
        "issuer": "https://login.microsoftonline.com/fake-tenant-id/v2.0",
        "request_uri_parameter_supported": false,
        "userinfo_endpoint": "https://graph.microsoft.com/oidc/userinfo",
        "authorization_endpoint": "https://login.microsoftonline.com/fake-tenant-id/oauth2/v2.0/authorize",
        "device_authorization_endpoint": "https://login.microsoftonline.com/fake-tenant-id/oauth2/v2.0/devicecode",
        "http_logout_supported": true,
        "frontchannel_logout_supported": true,
        "end_session_endpoint": "https://login.microsoftonline.com/fake-tenant-id/oauth2/v2.0/logout",
        "claims_supported": [
          "sub",
          "iss",
          "cloud_instance_name",
          "cloud_instance_host_name",
          "cloud_graph_host_name",
          "msgraph_host",
          "aud",
          "exp",
          "iat",
          "auth_time",
          "acr",
          "nonce",
          "preferred_username",
          "name",
          "tid",
          "ver",
          "at_hash",
          "c_hash",
          "email"
        ],
        "kerberos_endpoint": "https://login.microsoftonline.com/fake-tenant-id/kerberos",
        "tenant_region_scope": "WW",
        "cloud_instance_name": "microsoftonline.com",
        "cloud_graph_host_name": "graph.windows.net",
        "msgraph_host": "graph.microsoft.com",
        "rbac_url": "https://pas.windows.net"
      }
    },
    {
      "RequestUri": "https://login.microsoftonline.com/common/discovery/instance?api-version=1.1\u0026authorization_endpoint=https://login.microsoftonline.com/common/oauth2/authorize",
      "RequestMethod": "GET",
      "RequestHeaders": {
        "Accept": "application/json",
        "Accept-Encoding": "gzip, deflate",
        "Connection": "keep-alive",
        "Cookie": "fpc=AipKcWIk0N1Dg-METgR4TMvi05sNAgAAAKXaGtwOAAAA; x-ms-gateway-slice=estsfd",
        "User-Agent": "azsdk-python-identity/1.12.0 Python/3.10.7 (Windows-10-10.0.22621-SP0)"
      },
      "RequestBody": null,
      "StatusCode": 200,
      "ResponseHeaders": {
        "Access-Control-Allow-Methods": "GET, OPTIONS",
        "Access-Control-Allow-Origin": "*",
        "Cache-Control": "max-age=86400, private",
        "Content-Length": "945",
        "Content-Type": "application/json; charset=utf-8",
        "Date": "Tue, 13 Jun 2023 21:46:28 GMT",
        "P3P": "CP=\u0022DSP CUR OTPi IND OTRi ONL FIN\u0022",
        "Set-Cookie": [
          "fpc=AipKcWIk0N1Dg-METgR4TMvi05sNAgAAAKXaGtwOAAAA; expires=Thu, 13-Jul-2023 21:46:28 GMT; path=/; secure; HttpOnly; SameSite=None",
          "x-ms-gateway-slice=estsfd; path=/; secure; samesite=none; httponly"
        ],
        "Strict-Transport-Security": "max-age=31536000; includeSubDomains",
        "X-Content-Type-Options": "nosniff",
        "x-ms-ests-server": "2.1.15587.7 - WUS2 ProdSlices",
        "X-XSS-Protection": "0"
      },
      "ResponseBody": {
        "tenant_discovery_endpoint": "https://login.microsoftonline.com/common/.well-known/openid-configuration",
        "api-version": "1.1",
        "metadata": [
          {
            "preferred_network": "login.microsoftonline.com",
            "preferred_cache": "login.windows.net",
            "aliases": [
              "login.microsoftonline.com",
              "login.windows.net",
              "login.microsoft.com",
              "sts.windows.net"
            ]
          },
          {
            "preferred_network": "login.partner.microsoftonline.cn",
            "preferred_cache": "login.partner.microsoftonline.cn",
            "aliases": [
              "login.partner.microsoftonline.cn",
              "login.chinacloudapi.cn"
            ]
          },
          {
            "preferred_network": "login.microsoftonline.de",
            "preferred_cache": "login.microsoftonline.de",
            "aliases": [
              "login.microsoftonline.de"
            ]
          },
          {
            "preferred_network": "login.microsoftonline.us",
            "preferred_cache": "login.microsoftonline.us",
            "aliases": [
              "login.microsoftonline.us",
              "login.usgovcloudapi.net"
            ]
          },
          {
            "preferred_network": "login-us.microsoftonline.com",
            "preferred_cache": "login-us.microsoftonline.com",
            "aliases": [
              "login-us.microsoftonline.com"
            ]
          }
        ]
      }
    },
    {
      "RequestUri": "https://fake-endpoint.azconfig.io/kv?key=%2A\u0026label=%00\u0026api-version=1.0",
      "RequestMethod": "GET",
      "RequestHeaders": {
        "Accept": "application/vnd.microsoft.appconfig.kvset\u002Bjson, application/json, application/problem\u002Bjson",
        "Accept-Encoding": "gzip, deflate",
        "Connection": "keep-alive",
        "Correlation-Context": "RequestType=Startup",
        "User-Agent": "python-appconfiguration-provider/1.0.1 azsdk-python-appconfiguration/1.4.0 Python/3.10.7 (Windows-10-10.0.22621-SP0)"
      },
      "RequestBody": null,
      "StatusCode": 200,
      "ResponseHeaders": {
        "Access-Control-Allow-Credentials": "true",
        "Access-Control-Allow-Origin": "*",
        "Access-Control-Expose-Headers": "DNT, X-CustomHeader, Keep-Alive, User-Agent, X-Requested-With, If-Modified-Since, Cache-Control, Content-Type, Authorization, x-ms-client-request-id, x-ms-useragent, x-ms-content-sha256, x-ms-date, host, Accept, Accept-Datetime, Date, If-Match, If-None-Match, Sync-Token, x-ms-return-client-request-id, ETag, Last-Modified, Link, Memento-Datetime, retry-after-ms, x-ms-request-id, x-ms-client-session-id, x-ms-effective-locale, WWW-Authenticate, traceparent, tracestate, Operation-Location, Retry-After",
        "Connection": "keep-alive",
        "Content-Type": "application/vnd.microsoft.appconfig.kvset\u002Bjson; charset=utf-8",
        "Date": "Tue, 13 Jun 2023 21:46:29 GMT",
        "Server": "openresty/1.21.4.1",
        "Strict-Transport-Security": "max-age=15724800; includeSubDomains",
        "Sync-Token": "zAJw6V16=NzoxNyMyMjgwMjkyMw==;sn=22802923",
        "Transfer-Encoding": "chunked",
        "x-ms-correlation-request-id": "0668ca0b-7536-496d-9ced-084eebe39b77"
      },
      "ResponseBody": {
        "items": [
          {
            "etag": "5l-CzldxczbRRnDjgiWcnuL__i--zHCffz7xO8ngGos",
            "key": ".appconfig.featureflag/Alpha",
            "label": null,
            "content_type": "application/vnd.microsoft.appconfig.ff\u002Bjson;charset=utf-8",
            "value": "{\u0022id\u0022:\u0022Alpha\u0022,\u0022description\u0022:\u0022\u0022,\u0022enabled\u0022:false,\u0022conditions\u0022:{\u0022client_filters\u0022:[]}}",
            "tags": {},
            "locked": false,
            "last_modified": "2023-01-30T20:25:07\u002B00:00"
          },
          {
            "etag": "uOKsqJe97xmSxeDluuKbYr1cBINZ5sqw4IaOYiLjtlI",
            "key": "message",
            "label": null,
            "content_type": "",
            "value": "hi",
            "tags": {},
            "locked": false,
            "last_modified": "2023-06-08T17:14:33\u002B00:00"
          },
          {
            "etag": "lO0_bzj8OQZOAMw2U2Ydzd4NJtYpXyQ5CbXktXLRhMs",
            "key": "messageVal",
            "label": null,
            "content_type": null,
            "value": "hi",
            "tags": {},
            "locked": false,
            "last_modified": "2023-01-23T19:14:32\u002B00:00"
          },
          {
            "etag": "dYgyN_oxYWzXEQN8K8d2q-4rKQJwftuzR75Jagqq_pw",
            "key": "my_json",
            "label": null,
            "content_type": "application/json",
            "value": "{\u0022key\u0022:\u0022value\u0022}",
            "tags": {},
            "locked": false,
            "last_modified": "2022-09-27T20:35:17\u002B00:00"
          },
          {
            "etag": "mXIM2N3WXzON00mSWyTXB13o0SUvJtSvansNf5QI4ao",
            "key": "non_refreshed_message",
            "label": null,
            "content_type": "",
            "value": "Static",
            "tags": {},
            "locked": false,
            "last_modified": "2023-06-13T21:46:26\u002B00:00"
          },
          {
            "etag": "hOe0HrI691fW9Q5-Yzk77srWDIKAQ8lNK2aTGuHgwsc",
            "key": "refresh_all_message",
            "label": null,
            "content_type": "",
            "value": "original value",
            "tags": {},
            "locked": false,
            "last_modified": "2023-06-13T21:46:23\u002B00:00"
          },
          {
            "etag": "SGjZZDQDwRDvSbiq-UhjEiSLKeiRyOwuvgDtluj-S6A",
            "key": "refresh_message",
            "label": null,
            "content_type": "",
            "value": "original value",
            "tags": {},
            "locked": false,
            "last_modified": "2023-06-13T21:46:26\u002B00:00"
          },
          {
            "etag": "7vw5ma2Cc0-eE1cnRaaCv2_VtAS8BQ5jbHP9eNS_MFA",
            "key": "test.trimmed",
            "label": null,
            "content_type": "key",
            "value": "key",
            "tags": {},
            "locked": false,
            "last_modified": "2022-09-27T19:58:41\u002B00:00"
          }
        ]
      }
    },
    {
      "RequestUri": "https://fake-endpoint.azconfig.io/kv/refresh_all_message?label=%00\u0026api-version=1.0",
      "RequestMethod": "GET",
      "RequestHeaders": {
        "Accept": "application/vnd.microsoft.appconfig.kv\u002Bjson, application/json, application/problem\u002Bjson",
        "Accept-Encoding": "gzip, deflate",
        "Connection": "keep-alive",
        "Correlation-Context": "RequestType=Startup",
        "Sync-Token": "zAJw6V16=NzoxNyMyMjgwMjkyMw==",
        "User-Agent": "python-appconfiguration-provider/1.0.1 azsdk-python-appconfiguration/1.4.0 Python/3.10.7 (Windows-10-10.0.22621-SP0)"
      },
      "RequestBody": null,
      "StatusCode": 200,
      "ResponseHeaders": {
        "Access-Control-Allow-Credentials": "true",
        "Access-Control-Allow-Origin": "*",
        "Access-Control-Expose-Headers": "DNT, X-CustomHeader, Keep-Alive, User-Agent, X-Requested-With, If-Modified-Since, Cache-Control, Content-Type, Authorization, x-ms-client-request-id, x-ms-useragent, x-ms-content-sha256, x-ms-date, host, Accept, Accept-Datetime, Date, If-Match, If-None-Match, Sync-Token, x-ms-return-client-request-id, ETag, Last-Modified, Link, Memento-Datetime, retry-after-ms, x-ms-request-id, x-ms-client-session-id, x-ms-effective-locale, WWW-Authenticate, traceparent, tracestate, Operation-Location, Retry-After",
        "Connection": "keep-alive",
        "Content-Type": "application/vnd.microsoft.appconfig.kv\u002Bjson; charset=utf-8",
        "Date": "Tue, 13 Jun 2023 21:46:29 GMT",
        "ETag": "\u0022hOe0HrI691fW9Q5-Yzk77srWDIKAQ8lNK2aTGuHgwsc\u0022",
        "Last-Modified": "Tue, 13 Jun 2023 21:46:23 GMT",
        "Server": "openresty/1.21.4.1",
        "Strict-Transport-Security": "max-age=15724800; includeSubDomains",
        "Sync-Token": "zAJw6V16=NzoxNyMyMjgwMjkyMw==;sn=22802923",
        "Transfer-Encoding": "chunked",
        "x-ms-correlation-request-id": "da094f64-4e1e-404c-b3ac-15cd4b114de9"
      },
      "ResponseBody": {
        "etag": "hOe0HrI691fW9Q5-Yzk77srWDIKAQ8lNK2aTGuHgwsc",
        "key": "refresh_all_message",
        "label": null,
        "content_type": "",
        "value": "original value",
        "tags": {},
        "locked": false,
        "last_modified": "2023-06-13T21:46:23\u002B00:00"
      }
    },
    {
      "RequestUri": "https://fake-endpoint.azconfig.io/kv/refresh_all_message?api-version=1.0",
      "RequestMethod": "GET",
      "RequestHeaders": {
        "Accept": "application/vnd.microsoft.appconfig.kv\u002Bjson, application/json, application/problem\u002Bjson",
        "Accept-Encoding": "gzip, deflate",
        "Connection": "keep-alive",
        "Correlation-Context": "RequestType=Startup",
        "Sync-Token": "zAJw6V16=NzoxNyMyMjgwMjkyMw==",
        "User-Agent": "python-appconfiguration-provider/1.0.1 azsdk-python-appconfiguration/1.4.0 Python/3.10.7 (Windows-10-10.0.22621-SP0)"
      },
      "RequestBody": null,
      "StatusCode": 200,
      "ResponseHeaders": {
        "Access-Control-Allow-Credentials": "true",
        "Access-Control-Allow-Origin": "*",
        "Access-Control-Expose-Headers": "DNT, X-CustomHeader, Keep-Alive, User-Agent, X-Requested-With, If-Modified-Since, Cache-Control, Content-Type, Authorization, x-ms-client-request-id, x-ms-useragent, x-ms-content-sha256, x-ms-date, host, Accept, Accept-Datetime, Date, If-Match, If-None-Match, Sync-Token, x-ms-return-client-request-id, ETag, Last-Modified, Link, Memento-Datetime, retry-after-ms, x-ms-request-id, x-ms-client-session-id, x-ms-effective-locale, WWW-Authenticate, traceparent, tracestate, Operation-Location, Retry-After",
        "Connection": "keep-alive",
        "Content-Type": "application/vnd.microsoft.appconfig.kv\u002Bjson; charset=utf-8",
        "Date": "Tue, 13 Jun 2023 21:46:29 GMT",
        "ETag": "\u0022hOe0HrI691fW9Q5-Yzk77srWDIKAQ8lNK2aTGuHgwsc\u0022",
        "Last-Modified": "Tue, 13 Jun 2023 21:46:23 GMT",
        "Server": "openresty/1.21.4.1",
        "Strict-Transport-Security": "max-age=15724800; includeSubDomains",
        "Sync-Token": "zAJw6V16=NzoxNyMyMjgwMjkyMw==;sn=22802923",
        "Transfer-Encoding": "chunked",
        "x-ms-correlation-request-id": "b1c0c089-229f-4235-9932-1a779c8adfa8"
      },
      "ResponseBody": {
        "etag": "hOe0HrI691fW9Q5-Yzk77srWDIKAQ8lNK2aTGuHgwsc",
        "key": "refresh_all_message",
        "label": null,
        "content_type": "",
        "value": "original value",
        "tags": {},
        "locked": false,
        "last_modified": "2023-06-13T21:46:23\u002B00:00"
      }
    },
    {
      "RequestUri": "https://fake-endpoint.azconfig.io/kv/refresh_all_message?api-version=1.0",
      "RequestMethod": "PUT",
      "RequestHeaders": {
        "Accept": "application/vnd.microsoft.appconfig.kv\u002Bjson, application/json, application/problem\u002Bjson",
        "Accept-Encoding": "gzip, deflate",
        "Connection": "keep-alive",
        "Content-Length": "205",
        "Content-Type": "application/json",
        "Correlation-Context": "RequestType=Startup",
        "Sync-Token": "zAJw6V16=NzoxNyMyMjgwMjkyMw==",
        "User-Agent": "python-appconfiguration-provider/1.0.1 azsdk-python-appconfiguration/1.4.0 Python/3.10.7 (Windows-10-10.0.22621-SP0)"
      },
      "RequestBody": {
        "key": "refresh_all_message",
        "content_type": "",
        "value": "updated value",
        "last_modified": "2023-06-13T21:46:23.000Z",
        "tags": {},
        "locked": false,
        "etag": "hOe0HrI691fW9Q5-Yzk77srWDIKAQ8lNK2aTGuHgwsc"
      },
      "StatusCode": 200,
      "ResponseHeaders": {
        "Access-Control-Allow-Credentials": "true",
        "Access-Control-Allow-Origin": "*",
        "Access-Control-Expose-Headers": "DNT, X-CustomHeader, Keep-Alive, User-Agent, X-Requested-With, If-Modified-Since, Cache-Control, Content-Type, Authorization, x-ms-client-request-id, x-ms-useragent, x-ms-content-sha256, x-ms-date, host, Accept, Accept-Datetime, Date, If-Match, If-None-Match, Sync-Token, x-ms-return-client-request-id, ETag, Last-Modified, Link, Memento-Datetime, retry-after-ms, x-ms-request-id, x-ms-client-session-id, x-ms-effective-locale, WWW-Authenticate, traceparent, tracestate, Operation-Location, Retry-After",
        "Connection": "keep-alive",
        "Content-Type": "application/vnd.microsoft.appconfig.kv\u002Bjson; charset=utf-8",
        "Date": "Tue, 13 Jun 2023 21:46:29 GMT",
        "ETag": "\u00223TgQBSn6IVFK7XASw6uhkwkkexoWAX8C62j-ze1J4HY\u0022",
        "Last-Modified": "Tue, 13 Jun 2023 21:46:29 GMT",
        "Server": "openresty/1.21.4.1",
        "Strict-Transport-Security": "max-age=15724800; includeSubDomains",
        "Sync-Token": "zAJw6V16=NzoxNyMyMjgwMjkyNA==;sn=22802924",
        "Transfer-Encoding": "chunked",
        "x-ms-correlation-request-id": "96a07eb1-bb18-4e60-8d00-5eada4a36f5f"
      },
      "ResponseBody": {
        "etag": "3TgQBSn6IVFK7XASw6uhkwkkexoWAX8C62j-ze1J4HY",
        "key": "refresh_all_message",
        "label": null,
        "content_type": "",
        "value": "updated value",
        "tags": {},
        "locked": false,
        "last_modified": "2023-06-13T21:46:29\u002B00:00"
      }
    },
    {
      "RequestUri": "https://fake-endpoint.azconfig.io/kv/refresh_all_message?label=%00\u0026api-version=1.0",
      "RequestMethod": "GET",
      "RequestHeaders": {
        "Accept": "application/vnd.microsoft.appconfig.kv\u002Bjson, application/json, application/problem\u002Bjson",
        "Accept-Encoding": "gzip, deflate",
        "Connection": "keep-alive",
        "Correlation-Context": "RequestType=Startup",
        "Sync-Token": "zAJw6V16=NzoxNyMyMjgwMjkyNA==",
        "User-Agent": "python-appconfiguration-provider/1.0.1 azsdk-python-appconfiguration/1.4.0 Python/3.10.7 (Windows-10-10.0.22621-SP0)"
      },
      "RequestBody": null,
      "StatusCode": 200,
      "ResponseHeaders": {
        "Access-Control-Allow-Credentials": "true",
        "Access-Control-Allow-Origin": "*",
        "Access-Control-Expose-Headers": "DNT, X-CustomHeader, Keep-Alive, User-Agent, X-Requested-With, If-Modified-Since, Cache-Control, Content-Type, Authorization, x-ms-client-request-id, x-ms-useragent, x-ms-content-sha256, x-ms-date, host, Accept, Accept-Datetime, Date, If-Match, If-None-Match, Sync-Token, x-ms-return-client-request-id, ETag, Last-Modified, Link, Memento-Datetime, retry-after-ms, x-ms-request-id, x-ms-client-session-id, x-ms-effective-locale, WWW-Authenticate, traceparent, tracestate, Operation-Location, Retry-After",
        "Connection": "keep-alive",
        "Content-Type": "application/vnd.microsoft.appconfig.kv\u002Bjson; charset=utf-8",
        "Date": "Tue, 13 Jun 2023 21:46:31 GMT",
        "ETag": "\u00223TgQBSn6IVFK7XASw6uhkwkkexoWAX8C62j-ze1J4HY\u0022",
        "Last-Modified": "Tue, 13 Jun 2023 21:46:29 GMT",
        "Server": "openresty/1.21.4.1",
        "Strict-Transport-Security": "max-age=15724800; includeSubDomains",
        "Sync-Token": "zAJw6V16=NzoxNyMyMjgwMjkyNg==;sn=22802926",
        "Transfer-Encoding": "chunked",
        "x-ms-correlation-request-id": "43efb961-4776-49c5-bd80-dc9e2753748f"
      },
      "ResponseBody": {
        "etag": "3TgQBSn6IVFK7XASw6uhkwkkexoWAX8C62j-ze1J4HY",
        "key": "refresh_all_message",
        "label": null,
        "content_type": "",
        "value": "updated value",
        "tags": {},
        "locked": false,
        "last_modified": "2023-06-13T21:46:29\u002B00:00"
      }
    },
    {
      "RequestUri": "https://fake-endpoint.azconfig.io/kv?key=%2A\u0026label=%00\u0026api-version=1.0",
      "RequestMethod": "GET",
      "RequestHeaders": {
        "Accept": "application/vnd.microsoft.appconfig.kvset\u002Bjson, application/json, application/problem\u002Bjson",
        "Accept-Encoding": "gzip, deflate",
        "Connection": "keep-alive",
        "Correlation-Context": "RequestType=Startup",
        "Sync-Token": "zAJw6V16=NzoxNyMyMjgwMjkyNg==",
        "User-Agent": "python-appconfiguration-provider/1.0.1 azsdk-python-appconfiguration/1.4.0 Python/3.10.7 (Windows-10-10.0.22621-SP0)"
      },
      "RequestBody": null,
      "StatusCode": 200,
      "ResponseHeaders": {
        "Access-Control-Allow-Credentials": "true",
        "Access-Control-Allow-Origin": "*",
        "Access-Control-Expose-Headers": "DNT, X-CustomHeader, Keep-Alive, User-Agent, X-Requested-With, If-Modified-Since, Cache-Control, Content-Type, Authorization, x-ms-client-request-id, x-ms-useragent, x-ms-content-sha256, x-ms-date, host, Accept, Accept-Datetime, Date, If-Match, If-None-Match, Sync-Token, x-ms-return-client-request-id, ETag, Last-Modified, Link, Memento-Datetime, retry-after-ms, x-ms-request-id, x-ms-client-session-id, x-ms-effective-locale, WWW-Authenticate, traceparent, tracestate, Operation-Location, Retry-After",
        "Connection": "keep-alive",
        "Content-Type": "application/vnd.microsoft.appconfig.kvset\u002Bjson; charset=utf-8",
        "Date": "Tue, 13 Jun 2023 21:46:31 GMT",
        "Server": "openresty/1.21.4.1",
        "Strict-Transport-Security": "max-age=15724800; includeSubDomains",
        "Sync-Token": "zAJw6V16=NzoxNyMyMjgwMjkyNg==;sn=22802926",
        "Transfer-Encoding": "chunked",
        "x-ms-correlation-request-id": "230a39d4-4eb4-490c-a932-d966db3b8ebc"
      },
      "ResponseBody": {
        "items": [
          {
            "etag": "5l-CzldxczbRRnDjgiWcnuL__i--zHCffz7xO8ngGos",
            "key": ".appconfig.featureflag/Alpha",
            "label": null,
            "content_type": "application/vnd.microsoft.appconfig.ff\u002Bjson;charset=utf-8",
            "value": "{\u0022id\u0022:\u0022Alpha\u0022,\u0022description\u0022:\u0022\u0022,\u0022enabled\u0022:false,\u0022conditions\u0022:{\u0022client_filters\u0022:[]}}",
            "tags": {},
            "locked": false,
            "last_modified": "2023-01-30T20:25:07\u002B00:00"
          },
          {
            "etag": "uOKsqJe97xmSxeDluuKbYr1cBINZ5sqw4IaOYiLjtlI",
            "key": "message",
            "label": null,
            "content_type": "",
            "value": "hi",
            "tags": {},
            "locked": false,
            "last_modified": "2023-06-08T17:14:33\u002B00:00"
          },
          {
            "etag": "lO0_bzj8OQZOAMw2U2Ydzd4NJtYpXyQ5CbXktXLRhMs",
            "key": "messageVal",
            "label": null,
            "content_type": null,
            "value": "hi",
            "tags": {},
            "locked": false,
            "last_modified": "2023-01-23T19:14:32\u002B00:00"
          },
          {
            "etag": "dYgyN_oxYWzXEQN8K8d2q-4rKQJwftuzR75Jagqq_pw",
            "key": "my_json",
            "label": null,
            "content_type": "application/json",
            "value": "{\u0022key\u0022:\u0022value\u0022}",
            "tags": {},
            "locked": false,
            "last_modified": "2022-09-27T20:35:17\u002B00:00"
          },
          {
            "etag": "mXIM2N3WXzON00mSWyTXB13o0SUvJtSvansNf5QI4ao",
            "key": "non_refreshed_message",
            "label": null,
            "content_type": "",
            "value": "Static",
            "tags": {},
            "locked": false,
            "last_modified": "2023-06-13T21:46:26\u002B00:00"
          },
          {
            "etag": "3TgQBSn6IVFK7XASw6uhkwkkexoWAX8C62j-ze1J4HY",
            "key": "refresh_all_message",
            "label": null,
            "content_type": "",
            "value": "updated value",
            "tags": {},
            "locked": false,
            "last_modified": "2023-06-13T21:46:29\u002B00:00"
          },
          {
            "etag": "SGjZZDQDwRDvSbiq-UhjEiSLKeiRyOwuvgDtluj-S6A",
            "key": "refresh_message",
            "label": null,
            "content_type": "",
            "value": "original value",
            "tags": {},
            "locked": false,
            "last_modified": "2023-06-13T21:46:26\u002B00:00"
          },
          {
            "etag": "7vw5ma2Cc0-eE1cnRaaCv2_VtAS8BQ5jbHP9eNS_MFA",
            "key": "test.trimmed",
            "label": null,
            "content_type": "key",
            "value": "key",
            "tags": {},
            "locked": false,
            "last_modified": "2022-09-27T19:58:41\u002B00:00"
          }
        ]
      }
    },
    {
      "RequestUri": "https://fake-endpoint.azconfig.io/kv/refresh_all_message?api-version=1.0",
      "RequestMethod": "PUT",
      "RequestHeaders": {
        "Accept": "application/vnd.microsoft.appconfig.kv\u002Bjson, application/json, application/problem\u002Bjson",
        "Accept-Encoding": "gzip, deflate",
        "Connection": "keep-alive",
        "Content-Length": "206",
        "Content-Type": "application/json",
        "Correlation-Context": "RequestType=Startup",
        "Sync-Token": "zAJw6V16=NzoxNyMyMjgwMjkyNg==",
        "User-Agent": "python-appconfiguration-provider/1.0.1 azsdk-python-appconfiguration/1.4.0 Python/3.10.7 (Windows-10-10.0.22621-SP0)"
      },
      "RequestBody": {
        "key": "refresh_all_message",
        "content_type": "",
        "value": "original value",
        "last_modified": "2023-06-13T21:46:23.000Z",
        "tags": {},
        "locked": false,
        "etag": "hOe0HrI691fW9Q5-Yzk77srWDIKAQ8lNK2aTGuHgwsc"
      },
      "StatusCode": 200,
      "ResponseHeaders": {
        "Access-Control-Allow-Credentials": "true",
        "Access-Control-Allow-Origin": "*",
        "Access-Control-Expose-Headers": "DNT, X-CustomHeader, Keep-Alive, User-Agent, X-Requested-With, If-Modified-Since, Cache-Control, Content-Type, Authorization, x-ms-client-request-id, x-ms-useragent, x-ms-content-sha256, x-ms-date, host, Accept, Accept-Datetime, Date, If-Match, If-None-Match, Sync-Token, x-ms-return-client-request-id, ETag, Last-Modified, Link, Memento-Datetime, retry-after-ms, x-ms-request-id, x-ms-client-session-id, x-ms-effective-locale, WWW-Authenticate, traceparent, tracestate, Operation-Location, Retry-After",
        "Connection": "keep-alive",
        "Content-Type": "application/vnd.microsoft.appconfig.kv\u002Bjson; charset=utf-8",
        "Date": "Tue, 13 Jun 2023 21:46:31 GMT",
        "ETag": "\u00228Jpy2WcoC7sLOEatbQvIHGyXRlNk9w9wwg7tw0hd_A0\u0022",
        "Last-Modified": "Tue, 13 Jun 2023 21:46:31 GMT",
        "Server": "openresty/1.21.4.1",
        "Strict-Transport-Security": "max-age=15724800; includeSubDomains",
        "Sync-Token": "zAJw6V16=NzoxNyMyMjgwMjkyNw==;sn=22802927",
        "Transfer-Encoding": "chunked",
        "x-ms-correlation-request-id": "2a21b9f2-e561-4e09-941c-b52ed78f8f03"
      },
      "ResponseBody": {
        "etag": "8Jpy2WcoC7sLOEatbQvIHGyXRlNk9w9wwg7tw0hd_A0",
        "key": "refresh_all_message",
        "label": null,
        "content_type": "",
        "value": "original value",
        "tags": {},
        "locked": false,
        "last_modified": "2023-06-13T21:46:31\u002B00:00"
      }
    },
    {
      "RequestUri": "https://fake-endpoint.azconfig.io/kv/refresh_all_message?label=%00\u0026api-version=1.0",
      "RequestMethod": "GET",
      "RequestHeaders": {
        "Accept": "application/vnd.microsoft.appconfig.kv\u002Bjson, application/json, application/problem\u002Bjson",
        "Accept-Encoding": "gzip, deflate",
        "Connection": "keep-alive",
        "Correlation-Context": "RequestType=Startup",
        "Sync-Token": "zAJw6V16=NzoxNyMyMjgwMjkyNw==",
        "User-Agent": "python-appconfiguration-provider/1.0.1 azsdk-python-appconfiguration/1.4.0 Python/3.10.7 (Windows-10-10.0.22621-SP0)"
      },
      "RequestBody": null,
      "StatusCode": 200,
      "ResponseHeaders": {
        "Access-Control-Allow-Credentials": "true",
        "Access-Control-Allow-Origin": "*",
        "Access-Control-Expose-Headers": "DNT, X-CustomHeader, Keep-Alive, User-Agent, X-Requested-With, If-Modified-Since, Cache-Control, Content-Type, Authorization, x-ms-client-request-id, x-ms-useragent, x-ms-content-sha256, x-ms-date, host, Accept, Accept-Datetime, Date, If-Match, If-None-Match, Sync-Token, x-ms-return-client-request-id, ETag, Last-Modified, Link, Memento-Datetime, retry-after-ms, x-ms-request-id, x-ms-client-session-id, x-ms-effective-locale, WWW-Authenticate, traceparent, tracestate, Operation-Location, Retry-After",
        "Connection": "keep-alive",
        "Content-Type": "application/vnd.microsoft.appconfig.kv\u002Bjson; charset=utf-8",
        "Date": "Tue, 13 Jun 2023 21:46:33 GMT",
        "ETag": "\u00228Jpy2WcoC7sLOEatbQvIHGyXRlNk9w9wwg7tw0hd_A0\u0022",
        "Last-Modified": "Tue, 13 Jun 2023 21:46:31 GMT",
        "Server": "openresty/1.21.4.1",
        "Strict-Transport-Security": "max-age=15724800; includeSubDomains",
        "Sync-Token": "zAJw6V16=NzoxNyMyMjgwMjkyOQ==;sn=22802929",
        "Transfer-Encoding": "chunked",
        "x-ms-correlation-request-id": "f7336eb3-607f-49ac-8e27-1f54109bf561"
      },
      "ResponseBody": {
        "etag": "8Jpy2WcoC7sLOEatbQvIHGyXRlNk9w9wwg7tw0hd_A0",
        "key": "refresh_all_message",
        "label": null,
        "content_type": "",
        "value": "original value",
        "tags": {},
        "locked": false,
        "last_modified": "2023-06-13T21:46:31\u002B00:00"
      }
    },
    {
      "RequestUri": "https://fake-endpoint.azconfig.io/kv?key=%2A\u0026label=%00\u0026api-version=1.0",
      "RequestMethod": "GET",
      "RequestHeaders": {
        "Accept": "application/vnd.microsoft.appconfig.kvset\u002Bjson, application/json, application/problem\u002Bjson",
        "Accept-Encoding": "gzip, deflate",
        "Connection": "keep-alive",
        "Correlation-Context": "RequestType=Startup",
        "Sync-Token": "zAJw6V16=NzoxNyMyMjgwMjkyOQ==",
        "User-Agent": "python-appconfiguration-provider/1.0.1 azsdk-python-appconfiguration/1.4.0 Python/3.10.7 (Windows-10-10.0.22621-SP0)"
      },
      "RequestBody": null,
      "StatusCode": 200,
      "ResponseHeaders": {
        "Access-Control-Allow-Credentials": "true",
        "Access-Control-Allow-Origin": "*",
        "Access-Control-Expose-Headers": "DNT, X-CustomHeader, Keep-Alive, User-Agent, X-Requested-With, If-Modified-Since, Cache-Control, Content-Type, Authorization, x-ms-client-request-id, x-ms-useragent, x-ms-content-sha256, x-ms-date, host, Accept, Accept-Datetime, Date, If-Match, If-None-Match, Sync-Token, x-ms-return-client-request-id, ETag, Last-Modified, Link, Memento-Datetime, retry-after-ms, x-ms-request-id, x-ms-client-session-id, x-ms-effective-locale, WWW-Authenticate, traceparent, tracestate, Operation-Location, Retry-After",
        "Connection": "keep-alive",
        "Content-Type": "application/vnd.microsoft.appconfig.kvset\u002Bjson; charset=utf-8",
        "Date": "Tue, 13 Jun 2023 21:46:33 GMT",
        "Server": "openresty/1.21.4.1",
        "Strict-Transport-Security": "max-age=15724800; includeSubDomains",
        "Sync-Token": "zAJw6V16=NzoxNyMyMjgwMjkyOQ==;sn=22802929",
        "Transfer-Encoding": "chunked",
        "x-ms-correlation-request-id": "dd9d9027-39fe-4f45-b1f5-d17dc1cf20be"
      },
      "ResponseBody": {
        "items": [
          {
            "etag": "5l-CzldxczbRRnDjgiWcnuL__i--zHCffz7xO8ngGos",
            "key": ".appconfig.featureflag/Alpha",
            "label": null,
            "content_type": "application/vnd.microsoft.appconfig.ff\u002Bjson;charset=utf-8",
            "value": "{\u0022id\u0022:\u0022Alpha\u0022,\u0022description\u0022:\u0022\u0022,\u0022enabled\u0022:false,\u0022conditions\u0022:{\u0022client_filters\u0022:[]}}",
            "tags": {},
            "locked": false,
            "last_modified": "2023-01-30T20:25:07\u002B00:00"
          },
          {
            "etag": "uOKsqJe97xmSxeDluuKbYr1cBINZ5sqw4IaOYiLjtlI",
            "key": "message",
            "label": null,
            "content_type": "",
            "value": "hi",
            "tags": {},
            "locked": false,
            "last_modified": "2023-06-08T17:14:33\u002B00:00"
          },
          {
            "etag": "lO0_bzj8OQZOAMw2U2Ydzd4NJtYpXyQ5CbXktXLRhMs",
            "key": "messageVal",
            "label": null,
            "content_type": null,
            "value": "hi",
            "tags": {},
            "locked": false,
            "last_modified": "2023-01-23T19:14:32\u002B00:00"
          },
          {
            "etag": "dYgyN_oxYWzXEQN8K8d2q-4rKQJwftuzR75Jagqq_pw",
            "key": "my_json",
            "label": null,
            "content_type": "application/json",
            "value": "{\u0022key\u0022:\u0022value\u0022}",
            "tags": {},
            "locked": false,
            "last_modified": "2022-09-27T20:35:17\u002B00:00"
          },
          {
            "etag": "mXIM2N3WXzON00mSWyTXB13o0SUvJtSvansNf5QI4ao",
            "key": "non_refreshed_message",
            "label": null,
            "content_type": "",
            "value": "Static",
            "tags": {},
            "locked": false,
            "last_modified": "2023-06-13T21:46:26\u002B00:00"
          },
          {
            "etag": "8Jpy2WcoC7sLOEatbQvIHGyXRlNk9w9wwg7tw0hd_A0",
            "key": "refresh_all_message",
            "label": null,
            "content_type": "",
            "value": "original value",
            "tags": {},
            "locked": false,
            "last_modified": "2023-06-13T21:46:31\u002B00:00"
          },
          {
            "etag": "SGjZZDQDwRDvSbiq-UhjEiSLKeiRyOwuvgDtluj-S6A",
            "key": "refresh_message",
            "label": null,
            "content_type": "",
            "value": "original value",
            "tags": {},
            "locked": false,
            "last_modified": "2023-06-13T21:46:26\u002B00:00"
          },
          {
            "etag": "7vw5ma2Cc0-eE1cnRaaCv2_VtAS8BQ5jbHP9eNS_MFA",
            "key": "test.trimmed",
            "label": null,
            "content_type": "key",
            "value": "key",
            "tags": {},
            "locked": false,
            "last_modified": "2022-09-27T19:58:41\u002B00:00"
          }
        ]
      }
    }
  ],
  "Variables": {}
}
