{
  "Entries": [
    {
      "RequestUri": "https://login.microsoftonline.com/00000000-0000-0000-0000-000000000000/v2.0/.well-known/openid-configuration",
      "RequestMethod": "GET",
      "RequestHeaders": {
        "Accept": "*/*",
        "Accept-Encoding": "gzip, deflate",
        "Connection": "keep-alive",
        "User-Agent": "azsdk-python-identity/1.13.0b3 Python/3.11.2 (Windows-10-10.0.22000-SP0)"
      },
      "RequestBody": null,
      "StatusCode": 200,
      "ResponseHeaders": {
        "Access-Control-Allow-Methods": "GET, OPTIONS",
        "Access-Control-Allow-Origin": "*",
        "Cache-Control": "max-age=86400, private",
        "Content-Length": "1753",
        "Content-Type": "application/json; charset=utf-8",
        "Date": "Thu, 30 Mar 2023 11:19:20 GMT",
        "P3P": "CP=\u0022DSP CUR OTPi IND OTRi ONL FIN\u0022",
        "Set-Cookie": "[set-cookie;]",
        "Strict-Transport-Security": "max-age=31536000; includeSubDomains",
        "X-Content-Type-Options": "nosniff",
        "x-ms-ests-server": "2.1.14990.5 - NEULR1 ProdSlices",
        "X-XSS-Protection": "0"
      },
      "ResponseBody": {
        "token_endpoint": "https://login.microsoftonline.com/00000000-0000-0000-0000-000000000000/oauth2/v2.0/token",
        "token_endpoint_auth_methods_supported": [
          "client_secret_post",
          "private_key_jwt",
          "client_secret_basic"
        ],
        "jwks_uri": "https://login.microsoftonline.com/00000000-0000-0000-0000-000000000000/discovery/v2.0/keys",
        "response_modes_supported": [
          "query",
          "fragment",
          "form_post"
        ],
        "subject_types_supported": [
          "pairwise"
        ],
        "id_token_signing_alg_values_supported": [
          "RS256"
        ],
        "response_types_supported": [
          "code",
          "id_token",
          "code id_token",
          "id_token token"
        ],
        "scopes_supported": [
          "openid",
          "profile",
          "email",
          "offline_access"
        ],
        "issuer": "https://login.microsoftonline.com/00000000-0000-0000-0000-000000000000/v2.0",
        "request_uri_parameter_supported": false,
        "userinfo_endpoint": "https://graph.microsoft.com/oidc/userinfo",
        "authorization_endpoint": "https://login.microsoftonline.com/00000000-0000-0000-0000-000000000000/oauth2/v2.0/authorize",
        "device_authorization_endpoint": "https://login.microsoftonline.com/00000000-0000-0000-0000-000000000000/oauth2/v2.0/devicecode",
        "http_logout_supported": true,
        "frontchannel_logout_supported": true,
        "end_session_endpoint": "https://login.microsoftonline.com/00000000-0000-0000-0000-000000000000/oauth2/v2.0/logout",
        "claims_supported": [
          "sub",
          "iss",
          "cloud_instance_name",
          "cloud_instance_host_name",
          "cloud_graph_host_name",
          "msgraph_host",
          "aud",
          "exp",
          "iat",
          "auth_time",
          "acr",
          "nonce",
          "preferred_username",
          "name",
          "tid",
          "ver",
          "at_hash",
          "c_hash",
          "email"
        ],
        "kerberos_endpoint": "https://login.microsoftonline.com/00000000-0000-0000-0000-000000000000/kerberos",
        "tenant_region_scope": "WW",
        "cloud_instance_name": "microsoftonline.com",
        "cloud_graph_host_name": "graph.windows.net",
        "msgraph_host": "graph.microsoft.com",
        "rbac_url": "https://pas.windows.net"
      }
    },
    {
      "RequestUri": "https://login.microsoftonline.com/common/discovery/instance?api-version=1.1\u0026authorization_endpoint=https://login.microsoftonline.com/common/oauth2/authorize",
      "RequestMethod": "GET",
      "RequestHeaders": {
        "Accept": "application/json",
        "Accept-Encoding": "gzip, deflate",
        "Connection": "keep-alive",
        "Cookie": "cookie;",
        "User-Agent": "azsdk-python-identity/1.13.0b3 Python/3.11.2 (Windows-10-10.0.22000-SP0)"
      },
      "RequestBody": null,
      "StatusCode": 200,
      "ResponseHeaders": {
        "Access-Control-Allow-Methods": "GET, OPTIONS",
        "Access-Control-Allow-Origin": "*",
        "Cache-Control": "max-age=86400, private",
        "Content-Length": "945",
        "Content-Type": "application/json; charset=utf-8",
        "Date": "Thu, 30 Mar 2023 11:19:20 GMT",
        "P3P": "CP=\u0022DSP CUR OTPi IND OTRi ONL FIN\u0022",
        "Set-Cookie": "[set-cookie;]",
        "Strict-Transport-Security": "max-age=31536000; includeSubDomains",
        "X-Content-Type-Options": "nosniff",
        "x-ms-ests-server": "2.1.14990.5 - WEULR1 ProdSlices",
        "X-XSS-Protection": "0"
      },
      "ResponseBody": {
        "tenant_discovery_endpoint": "https://login.microsoftonline.com/common/.well-known/openid-configuration",
        "api-version": "1.1",
        "metadata": [
          {
            "preferred_network": "login.microsoftonline.com",
            "preferred_cache": "login.windows.net",
            "aliases": [
              "login.microsoftonline.com",
              "login.windows.net",
              "login.microsoft.com",
              "sts.windows.net"
            ]
          },
          {
            "preferred_network": "login.partner.microsoftonline.cn",
            "preferred_cache": "login.partner.microsoftonline.cn",
            "aliases": [
              "login.partner.microsoftonline.cn",
              "login.chinacloudapi.cn"
            ]
          },
          {
            "preferred_network": "login.microsoftonline.de",
            "preferred_cache": "login.microsoftonline.de",
            "aliases": [
              "login.microsoftonline.de"
            ]
          },
          {
            "preferred_network": "login.microsoftonline.us",
            "preferred_cache": "login.microsoftonline.us",
            "aliases": [
              "login.microsoftonline.us",
              "login.usgovcloudapi.net"
            ]
          },
          {
            "preferred_network": "login-us.microsoftonline.com",
            "preferred_cache": "login-us.microsoftonline.com",
            "aliases": [
              "login-us.microsoftonline.com"
            ]
          }
        ]
      }
    },
    {
      "RequestUri": "https://login.microsoftonline.com/00000000-0000-0000-0000-000000000000/oauth2/v2.0/token",
      "RequestMethod": "POST",
      "RequestHeaders": {
        "Accept": "application/json",
        "Accept-Encoding": "gzip, deflate",
        "client-request-id": "49be3cfb-7281-4113-abfb-b2a73ee2364a",
        "Connection": "keep-alive",
        "Content-Length": "288",
        "Content-Type": "application/x-www-form-urlencoded",
        "Cookie": "cookie;",
        "User-Agent": "azsdk-python-identity/1.13.0b3 Python/3.11.2 (Windows-10-10.0.22000-SP0)",
        "x-client-cpu": "x64",
        "x-client-current-telemetry": "4|730,0|",
        "x-client-last-telemetry": "4|0|||",
        "x-client-os": "win32",
        "x-client-sku": "MSAL.Python",
        "x-client-ver": "1.21.0",
        "x-ms-lib-capability": "retry-after, h429"
      },
      "RequestBody": "client_id=00000000-0000-0000-0000-000000000000\u0026grant_type=client_credentials\u0026client_info=1\u0026client_secret=00000000-0000-0000-0000-000000000000\u0026claims=%7B%22access_token%22%3A\u002B%7B%22xms_cc%22%3A\u002B%7B%22values%22%3A\u002B%5B%22CP1%22%5D%7D%7D%7D\u0026scope=https%3A%2F%2Fmanagement.azure.com%2F.default",
      "StatusCode": 200,
      "ResponseHeaders": {
        "Cache-Control": "no-store, no-cache",
        "client-request-id": "49be3cfb-7281-4113-abfb-b2a73ee2364a",
        "Content-Length": "114",
        "Content-Type": "application/json; charset=utf-8",
        "Date": "Thu, 30 Mar 2023 11:19:21 GMT",
        "Expires": "-1",
        "P3P": "CP=\u0022DSP CUR OTPi IND OTRi ONL FIN\u0022",
        "Pragma": "no-cache",
        "Set-Cookie": "[set-cookie;]",
        "Strict-Transport-Security": "max-age=31536000; includeSubDomains",
        "X-Content-Type-Options": "nosniff",
        "x-ms-clitelem": "1,0,0,,",
        "x-ms-ests-server": "2.1.14990.5 - NEULR1 ProdSlices",
        "X-XSS-Protection": "0"
      },
      "ResponseBody": {
        "token_type": "Bearer",
        "expires_in": 86399,
        "ext_expires_in": 86399,
        "refresh_in": 43199,
        "access_token": "access_token"
      }
    },
    {
      "RequestUri": "https://management.azure.com/subscriptions/00000000-0000-0000-0000-000000000000/resourceGroups/sdk-python-tests-rg-tmp/providers/Microsoft.NetApp/netAppAccounts/sdk-py-tests-acc-1-cdf2e74?api-version=2022-09-01",
      "RequestMethod": "PUT",
      "RequestHeaders": {
        "Accept": "application/json",
        "Accept-Encoding": "gzip, deflate",
        "Connection": "keep-alive",
        "Content-Length": "23",
        "Content-Type": "application/json",
        "User-Agent": "azsdk-python-mgmt-netapp/9.1.0 Python/3.11.2 (Windows-10-10.0.22000-SP0)"
      },
      "RequestBody": {
        "location": "westus2"
      },
      "StatusCode": 201,
      "ResponseHeaders": {
        "Azure-AsyncOperation": "https://management.azure.com/subscriptions/00000000-0000-0000-0000-000000000000/providers/Microsoft.NetApp/locations/westus2/operationResults/1d91331c-48df-481d-a4dd-f8c01942e9f8?api-version=2022-09-01",
        "Cache-Control": "no-cache",
        "Content-Length": "704",
        "Content-Type": "application/json; charset=utf-8",
        "Date": "Thu, 30 Mar 2023 11:19:23 GMT",
        "ETag": "W/\u0022datetime\u00272023-03-30T11%3A19%3A23.2262398Z\u0027\u0022",
        "Expires": "-1",
        "Pragma": "no-cache",
        "Server": "Microsoft-IIS/10.0",
        "Strict-Transport-Security": "max-age=31536000; includeSubDomains",
        "X-Content-Type-Options": "nosniff",
        "x-ms-correlation-request-id": "e0ae9a6a-4745-49e3-9897-33ec4ffbd615",
        "x-ms-ratelimit-remaining-subscription-writes": "1147",
        "x-ms-routing-request-id": "WESTEUROPE:20230330T111924Z:e0ae9a6a-4745-49e3-9897-33ec4ffbd615",
        "X-Powered-By": "ASP.NET"
      },
      "ResponseBody": {
        "id": "/subscriptions/00000000-0000-0000-0000-000000000000/resourceGroups/sdk-python-tests-rg-tmp/providers/Microsoft.NetApp/netAppAccounts/sdk-py-tests-acc-1-cdf2e74",
        "name": "sdk-py-tests-acc-1-cdf2e74",
        "type": "Microsoft.NetApp/netAppAccounts",
        "etag": "W/\u0022datetime\u00272023-03-30T11%3A19%3A23.2262398Z\u0027\u0022",
        "location": "westus2",
        "tags": {
          "CreatedOnDate": "2023-03-30T11:19:22.0104550Z"
        },
        "properties": {
          "provisioningState": "Creating"
        },
        "systemData": {
          "createdBy": "00000000-0000-0000-0000-000000000000",
          "createdByType": "Application",
          "createdAt": "2023-03-30T11:19:23.0849134Z",
          "lastModifiedBy": "00000000-0000-0000-0000-000000000000",
          "lastModifiedByType": "Application",
          "lastModifiedAt": "2023-03-30T11:19:23.0849134Z"
        }
      }
    },
    {
      "RequestUri": "https://management.azure.com/subscriptions/00000000-0000-0000-0000-000000000000/providers/Microsoft.NetApp/locations/westus2/operationResults/1d91331c-48df-481d-a4dd-f8c01942e9f8?api-version=2022-09-01",
      "RequestMethod": "GET",
      "RequestHeaders": {
        "Accept": "*/*",
        "Accept-Encoding": "gzip, deflate",
        "Connection": "keep-alive",
        "User-Agent": "azsdk-python-mgmt-netapp/9.1.0 Python/3.11.2 (Windows-10-10.0.22000-SP0)"
      },
      "RequestBody": null,
      "StatusCode": 200,
      "ResponseHeaders": {
        "Cache-Control": "no-cache",
        "Content-Encoding": "gzip",
        "Content-Type": "application/json; charset=utf-8",
        "Date": "Thu, 30 Mar 2023 11:19:23 GMT",
        "Expires": "-1",
        "Pragma": "no-cache",
        "Server": "Microsoft-IIS/10.0",
        "Strict-Transport-Security": "max-age=31536000; includeSubDomains",
        "Transfer-Encoding": "chunked",
        "Vary": "Accept-Encoding",
        "X-Content-Type-Options": "nosniff",
        "x-ms-correlation-request-id": "ff9e4aee-b445-4672-92c4-84520095b851",
        "x-ms-ratelimit-remaining-subscription-reads": "11551",
        "x-ms-routing-request-id": "WESTEUROPE:20230330T111924Z:ff9e4aee-b445-4672-92c4-84520095b851",
        "X-Powered-By": "ASP.NET"
      },
      "ResponseBody": {
        "id": "/subscriptions/00000000-0000-0000-0000-000000000000/providers/Microsoft.NetApp/locations/westus2/operationResults/1d91331c-48df-481d-a4dd-f8c01942e9f8",
        "name": "1d91331c-48df-481d-a4dd-f8c01942e9f8",
        "status": "Succeeded",
        "startTime": "2023-03-30T11:19:23.2302725Z",
        "endTime": "2023-03-30T11:19:23.2654465Z",
        "percentComplete": 100.0,
        "properties": {
          "resourceName": "/subscriptions/00000000-0000-0000-0000-000000000000/resourceGroups/sdk-python-tests-rg-tmp/providers/Microsoft.NetApp/netAppAccounts/sdk-py-tests-acc-1-cdf2e74",
          "action": "CREATE"
        }
      }
    },
    {
      "RequestUri": "https://management.azure.com/subscriptions/00000000-0000-0000-0000-000000000000/resourceGroups/sdk-python-tests-rg-tmp/providers/Microsoft.NetApp/netAppAccounts/sdk-py-tests-acc-1-cdf2e74?api-version=2022-09-01",
      "RequestMethod": "GET",
      "RequestHeaders": {
        "Accept": "*/*",
        "Accept-Encoding": "gzip, deflate",
        "Connection": "keep-alive",
        "User-Agent": "azsdk-python-mgmt-netapp/9.1.0 Python/3.11.2 (Windows-10-10.0.22000-SP0)"
      },
      "RequestBody": null,
      "StatusCode": 200,
      "ResponseHeaders": {
        "Cache-Control": "no-cache",
        "Content-Encoding": "gzip",
        "Content-Type": "application/json; charset=utf-8",
        "Date": "Thu, 30 Mar 2023 11:19:24 GMT",
        "ETag": "W/\u0022datetime\u00272023-03-30T11%3A19%3A23.2597173Z\u0027\u0022",
        "Expires": "-1",
        "Pragma": "no-cache",
        "Server": "Microsoft-IIS/10.0",
        "Strict-Transport-Security": "max-age=31536000; includeSubDomains",
        "Transfer-Encoding": "chunked",
        "Vary": "Accept-Encoding",
        "X-Content-Type-Options": "nosniff",
        "x-ms-correlation-request-id": "37b1fabd-6d88-4ddb-9bdd-926d6a70b686",
        "x-ms-ratelimit-remaining-subscription-reads": "11550",
        "x-ms-routing-request-id": "WESTEUROPE:20230330T111924Z:37b1fabd-6d88-4ddb-9bdd-926d6a70b686",
        "X-Powered-By": "ASP.NET"
      },
      "ResponseBody": {
        "id": "/subscriptions/00000000-0000-0000-0000-000000000000/resourceGroups/sdk-python-tests-rg-tmp/providers/Microsoft.NetApp/netAppAccounts/sdk-py-tests-acc-1-cdf2e74",
        "name": "sdk-py-tests-acc-1-cdf2e74",
        "type": "Microsoft.NetApp/netAppAccounts",
        "etag": "W/\u0022datetime\u00272023-03-30T11%3A19%3A23.2597173Z\u0027\u0022",
        "location": "westus2",
        "tags": {
          "CreatedOnDate": "2023-03-30T11:19:22.0104550Z"
        },
        "properties": {
          "activeDirectories": [
            {
              "activeDirectoryId": "09ef3da0-c3dd-8e10-a69c-04a84d8ebc85",
              "username": "sdkuser",
              "password": "****************",
              "domain": "sdkdomain",
              "dns": "192.0.2.2",
              "status": "Created",
              "smbServerName": "PSSMBSName",
              "organizationalUnit": "CN=Computers",
              "adName": "ps1792",
              "aesEncryption": false,
              "ldapSigning": false,
              "ldapOverTLS": false,
              "allowLocalNfsUsersWithLdap": false,
              "encryptDCConnections": false,
              "ldapSearchScope": {}
            }
          ],
          "encryption": {
            "keySource": "Microsoft.NetApp"
          },
          "provisioningState": "Succeeded"
        },
        "systemData": {
          "createdBy": "00000000-0000-0000-0000-000000000000",
          "createdByType": "Application",
          "createdAt": "2023-03-30T11:19:23.0849134Z",
          "lastModifiedBy": "00000000-0000-0000-0000-000000000000",
          "lastModifiedByType": "Application",
          "lastModifiedAt": "2023-03-30T11:19:23.0849134Z"
        }
      }
    },
    {
      "RequestUri": "https://management.azure.com/subscriptions/00000000-0000-0000-0000-000000000000/resourceGroups/sdk-python-tests-rg-tmp/providers/Microsoft.NetApp/netAppAccounts/sdk-py-tests-acc-1-cdf2e74?api-version=2022-09-01",
      "RequestMethod": "GET",
      "RequestHeaders": {
        "Accept": "application/json",
        "Accept-Encoding": "gzip, deflate",
        "Connection": "keep-alive",
        "User-Agent": "azsdk-python-mgmt-netapp/9.1.0 Python/3.11.2 (Windows-10-10.0.22000-SP0)"
      },
      "RequestBody": null,
      "StatusCode": 200,
      "ResponseHeaders": {
        "Cache-Control": "no-cache",
        "Content-Encoding": "gzip",
        "Content-Type": "application/json; charset=utf-8",
        "Date": "Thu, 30 Mar 2023 11:19:24 GMT",
        "ETag": "W/\u0022datetime\u00272023-03-30T11%3A19%3A23.2597173Z\u0027\u0022",
        "Expires": "-1",
        "Pragma": "no-cache",
        "Server": "Microsoft-IIS/10.0",
        "Strict-Transport-Security": "max-age=31536000; includeSubDomains",
        "Transfer-Encoding": "chunked",
        "Vary": "Accept-Encoding",
        "X-Content-Type-Options": "nosniff",
        "x-ms-correlation-request-id": "26c0c57c-d258-4ab5-958a-dadbf4c58a4b",
        "x-ms-ratelimit-remaining-subscription-reads": "11549",
        "x-ms-routing-request-id": "WESTEUROPE:20230330T111925Z:26c0c57c-d258-4ab5-958a-dadbf4c58a4b",
        "X-Powered-By": "ASP.NET"
      },
      "ResponseBody": {
        "id": "/subscriptions/00000000-0000-0000-0000-000000000000/resourceGroups/sdk-python-tests-rg-tmp/providers/Microsoft.NetApp/netAppAccounts/sdk-py-tests-acc-1-cdf2e74",
        "name": "sdk-py-tests-acc-1-cdf2e74",
        "type": "Microsoft.NetApp/netAppAccounts",
        "etag": "W/\u0022datetime\u00272023-03-30T11%3A19%3A23.2597173Z\u0027\u0022",
        "location": "westus2",
        "tags": {
          "CreatedOnDate": "2023-03-30T11:19:22.0104550Z"
        },
        "properties": {
          "activeDirectories": [
            {
              "activeDirectoryId": "09ef3da0-c3dd-8e10-a69c-04a84d8ebc85",
              "username": "sdkuser",
              "password": "****************",
              "domain": "sdkdomain",
              "dns": "192.0.2.2",
              "status": "Created",
              "smbServerName": "PSSMBSName",
              "organizationalUnit": "CN=Computers",
              "adName": "ps1792",
              "aesEncryption": false,
              "ldapSigning": false,
              "ldapOverTLS": false,
              "allowLocalNfsUsersWithLdap": false,
              "encryptDCConnections": false,
              "ldapSearchScope": {}
            }
          ],
          "encryption": {
            "keySource": "Microsoft.NetApp"
          },
          "provisioningState": "Succeeded"
        },
        "systemData": {
          "createdBy": "00000000-0000-0000-0000-000000000000",
          "createdByType": "Application",
          "createdAt": "2023-03-30T11:19:23.0849134Z",
          "lastModifiedBy": "00000000-0000-0000-0000-000000000000",
          "lastModifiedByType": "Application",
          "lastModifiedAt": "2023-03-30T11:19:23.0849134Z"
        }
      }
    },
    {
      "RequestUri": "https://management.azure.com/subscriptions/00000000-0000-0000-0000-000000000000/resourceGroups/sdk-python-tests-rg-tmp/providers/Microsoft.NetApp/netAppAccounts/sdk-py-tests-acc-1-cdf2e74/backupPolicies/sdk-py-tests-backup-policy-1?api-version=2022-09-01",
      "RequestMethod": "PUT",
      "RequestHeaders": {
        "Accept": "application/json",
        "Accept-Encoding": "gzip, deflate",
        "Connection": "keep-alive",
        "Content-Length": "134",
        "Content-Type": "application/json",
        "User-Agent": "azsdk-python-mgmt-netapp/9.1.0 Python/3.11.2 (Windows-10-10.0.22000-SP0)"
      },
      "RequestBody": {
        "location": "westus2",
        "properties": {
          "dailyBackupsToKeep": 2,
          "weeklyBackupsToKeep": 0,
          "monthlyBackupsToKeep": 0,
          "enabled": true
        }
      },
      "StatusCode": 201,
      "ResponseHeaders": {
        "Azure-AsyncOperation": "https://management.azure.com/subscriptions/00000000-0000-0000-0000-000000000000/providers/Microsoft.NetApp/locations/westus2/operationResults/bf5cb8b8-70a5-456e-926b-4ac0e5707e55?api-version=2022-09-01",
        "Cache-Control": "no-cache",
        "Content-Length": "879",
        "Content-Type": "application/json; charset=utf-8",
        "Date": "Thu, 30 Mar 2023 11:19:27 GMT",
        "ETag": "W/\u0022datetime\u00272023-03-30T11%3A19%3A26.9770621Z\u0027\u0022",
        "Expires": "-1",
        "Pragma": "no-cache",
        "Server": "Microsoft-IIS/10.0",
        "Strict-Transport-Security": "max-age=31536000; includeSubDomains",
        "X-Content-Type-Options": "nosniff",
        "x-ms-correlation-request-id": "70c5d111-ca41-452e-979c-3dce58a09e57",
        "x-ms-ratelimit-remaining-subscription-writes": "1146",
        "x-ms-routing-request-id": "WESTEUROPE:20230330T111927Z:70c5d111-ca41-452e-979c-3dce58a09e57",
        "X-Powered-By": "ASP.NET"
      },
      "ResponseBody": {
        "id": "/subscriptions/00000000-0000-0000-0000-000000000000/resourceGroups/sdk-python-tests-rg-tmp/providers/Microsoft.NetApp/netAppAccounts/sdk-py-tests-acc-1-cdf2e74/backupPolicies/sdk-py-tests-backup-policy-1",
        "name": "sdk-py-tests-acc-1-cdf2e74/sdk-py-tests-backup-policy-1",
        "type": "Microsoft.NetApp/netAppAccounts/backupPolicies",
        "etag": "W/\u0022datetime\u00272023-03-30T11%3A19%3A26.9770621Z\u0027\u0022",
        "location": "westus2",
        "tags": {
          "CreatedOnDate": "2023-03-30T11:19:25.4101205Z"
        },
        "properties": {
          "enabled": true,
          "dailyBackupsToKeep": 2,
          "weeklyBackupsToKeep": 0,
          "monthlyBackupsToKeep": 0,
          "provisioningState": "Creating"
        },
        "systemData": {
          "createdBy": "00000000-0000-0000-0000-000000000000",
          "createdByType": "Application",
          "createdAt": "2023-03-30T11:19:26.8505724Z",
          "lastModifiedBy": "00000000-0000-0000-0000-000000000000",
          "lastModifiedByType": "Application",
          "lastModifiedAt": "2023-03-30T11:19:26.8505724Z"
        }
      }
    },
    {
      "RequestUri": "https://management.azure.com/subscriptions/00000000-0000-0000-0000-000000000000/providers/Microsoft.NetApp/locations/westus2/operationResults/bf5cb8b8-70a5-456e-926b-4ac0e5707e55?api-version=2022-09-01",
      "RequestMethod": "GET",
      "RequestHeaders": {
        "Accept": "*/*",
        "Accept-Encoding": "gzip, deflate",
        "Connection": "keep-alive",
        "User-Agent": "azsdk-python-mgmt-netapp/9.1.0 Python/3.11.2 (Windows-10-10.0.22000-SP0)"
      },
      "RequestBody": null,
      "StatusCode": 200,
      "ResponseHeaders": {
        "Cache-Control": "no-cache",
        "Content-Encoding": "gzip",
        "Content-Type": "application/json; charset=utf-8",
        "Date": "Thu, 30 Mar 2023 11:19:27 GMT",
        "Expires": "-1",
        "Pragma": "no-cache",
        "Server": "Microsoft-IIS/10.0",
        "Strict-Transport-Security": "max-age=31536000; includeSubDomains",
        "Transfer-Encoding": "chunked",
        "Vary": "Accept-Encoding",
        "X-Content-Type-Options": "nosniff",
        "x-ms-correlation-request-id": "63775fd0-e6b5-4089-a460-4ba8dfa97b5c",
        "x-ms-ratelimit-remaining-subscription-reads": "11548",
        "x-ms-routing-request-id": "WESTEUROPE:20230330T111928Z:63775fd0-e6b5-4089-a460-4ba8dfa97b5c",
        "X-Powered-By": "ASP.NET"
      },
      "ResponseBody": {
        "id": "/subscriptions/00000000-0000-0000-0000-000000000000/providers/Microsoft.NetApp/locations/westus2/operationResults/bf5cb8b8-70a5-456e-926b-4ac0e5707e55",
        "name": "bf5cb8b8-70a5-456e-926b-4ac0e5707e55",
        "status": "Succeeded",
        "startTime": "2023-03-30T11:19:26.980197Z",
        "endTime": "2023-03-30T11:19:27.2066178Z",
        "percentComplete": 100.0,
        "properties": {
          "resourceName": "/subscriptions/00000000-0000-0000-0000-000000000000/resourceGroups/sdk-python-tests-rg-tmp/providers/Microsoft.NetApp/netAppAccounts/sdk-py-tests-acc-1-cdf2e74/backupPolicies/sdk-py-tests-backup-policy-1",
          "action": "CREATE"
        }
      }
    },
    {
      "RequestUri": "https://management.azure.com/subscriptions/00000000-0000-0000-0000-000000000000/resourceGroups/sdk-python-tests-rg-tmp/providers/Microsoft.NetApp/netAppAccounts/sdk-py-tests-acc-1-cdf2e74/backupPolicies/sdk-py-tests-backup-policy-1?api-version=2022-09-01",
      "RequestMethod": "GET",
      "RequestHeaders": {
        "Accept": "*/*",
        "Accept-Encoding": "gzip, deflate",
        "Connection": "keep-alive",
        "User-Agent": "azsdk-python-mgmt-netapp/9.1.0 Python/3.11.2 (Windows-10-10.0.22000-SP0)"
      },
      "RequestBody": null,
      "StatusCode": 200,
      "ResponseHeaders": {
        "Cache-Control": "no-cache",
        "Content-Encoding": "gzip",
        "Content-Type": "application/json; charset=utf-8",
        "Date": "Thu, 30 Mar 2023 11:19:27 GMT",
        "ETag": "W/\u0022datetime\u00272023-03-30T11%3A19%3A27.1994842Z\u0027\u0022",
        "Expires": "-1",
        "Pragma": "no-cache",
        "Server": "Microsoft-IIS/10.0",
        "Strict-Transport-Security": "max-age=31536000; includeSubDomains",
        "Transfer-Encoding": "chunked",
        "Vary": "Accept-Encoding",
        "X-Content-Type-Options": "nosniff",
        "x-ms-correlation-request-id": "4d1ae887-b1c8-4f5c-b232-41240f7c487e",
        "x-ms-ratelimit-remaining-subscription-reads": "11547",
        "x-ms-routing-request-id": "WESTEUROPE:20230330T111928Z:4d1ae887-b1c8-4f5c-b232-41240f7c487e",
        "X-Powered-By": "ASP.NET"
      },
      "ResponseBody": {
        "id": "/subscriptions/00000000-0000-0000-0000-000000000000/resourceGroups/sdk-python-tests-rg-tmp/providers/Microsoft.NetApp/netAppAccounts/sdk-py-tests-acc-1-cdf2e74/backupPolicies/sdk-py-tests-backup-policy-1",
        "name": "sdk-py-tests-acc-1-cdf2e74/sdk-py-tests-backup-policy-1",
        "type": "Microsoft.NetApp/netAppAccounts/backupPolicies",
        "etag": "W/\u0022datetime\u00272023-03-30T11%3A19%3A27.1994842Z\u0027\u0022",
        "location": "westus2",
        "tags": {
          "CreatedOnDate": "2023-03-30T11:19:25.4101205Z"
        },
        "properties": {
          "enabled": true,
          "backupPolicyId": "bb82c7a8-ceec-11ed-8d94-7e50517a9432",
          "dailyBackupsToKeep": 2,
          "weeklyBackupsToKeep": 0,
          "monthlyBackupsToKeep": 0,
          "volumesAssigned": 0,
          "provisioningState": "Succeeded"
        },
        "systemData": {
          "createdBy": "00000000-0000-0000-0000-000000000000",
          "createdByType": "Application",
          "createdAt": "2023-03-30T11:19:26.8505724Z",
          "lastModifiedBy": "00000000-0000-0000-0000-000000000000",
          "lastModifiedByType": "Application",
          "lastModifiedAt": "2023-03-30T11:19:26.8505724Z"
        }
      }
    },
    {
      "RequestUri": "https://management.azure.com/subscriptions/00000000-0000-0000-0000-000000000000/resourceGroups/sdk-python-tests-rg-tmp/providers/Microsoft.NetApp/netAppAccounts/sdk-py-tests-acc-1-cdf2e74/backupPolicies/sdk-py-tests-backup-policy-1?api-version=2022-09-01",
      "RequestMethod": "GET",
      "RequestHeaders": {
        "Accept": "application/json",
        "Accept-Encoding": "gzip, deflate",
        "Connection": "keep-alive",
        "User-Agent": "azsdk-python-mgmt-netapp/9.1.0 Python/3.11.2 (Windows-10-10.0.22000-SP0)"
      },
      "RequestBody": null,
      "StatusCode": 200,
      "ResponseHeaders": {
        "Cache-Control": "no-cache",
        "Content-Encoding": "gzip",
        "Content-Type": "application/json; charset=utf-8",
        "Date": "Thu, 30 Mar 2023 11:19:28 GMT",
        "ETag": "W/\u0022datetime\u00272023-03-30T11%3A19%3A27.1994842Z\u0027\u0022",
        "Expires": "-1",
        "Pragma": "no-cache",
        "Server": "Microsoft-IIS/10.0",
        "Strict-Transport-Security": "max-age=31536000; includeSubDomains",
        "Transfer-Encoding": "chunked",
        "Vary": "Accept-Encoding",
        "X-Content-Type-Options": "nosniff",
        "x-ms-correlation-request-id": "eb92c6e8-0f99-4090-bdbd-757177dc193b",
        "x-ms-ratelimit-remaining-subscription-reads": "11546",
        "x-ms-routing-request-id": "WESTEUROPE:20230330T111928Z:eb92c6e8-0f99-4090-bdbd-757177dc193b",
        "X-Powered-By": "ASP.NET"
      },
      "ResponseBody": {
        "id": "/subscriptions/00000000-0000-0000-0000-000000000000/resourceGroups/sdk-python-tests-rg-tmp/providers/Microsoft.NetApp/netAppAccounts/sdk-py-tests-acc-1-cdf2e74/backupPolicies/sdk-py-tests-backup-policy-1",
        "name": "sdk-py-tests-acc-1-cdf2e74/sdk-py-tests-backup-policy-1",
        "type": "Microsoft.NetApp/netAppAccounts/backupPolicies",
        "etag": "W/\u0022datetime\u00272023-03-30T11%3A19%3A27.1994842Z\u0027\u0022",
        "location": "westus2",
        "tags": {
          "CreatedOnDate": "2023-03-30T11:19:25.4101205Z"
        },
        "properties": {
          "enabled": true,
          "backupPolicyId": "bb82c7a8-ceec-11ed-8d94-7e50517a9432",
          "dailyBackupsToKeep": 2,
          "weeklyBackupsToKeep": 0,
          "monthlyBackupsToKeep": 0,
          "volumesAssigned": 0,
          "provisioningState": "Succeeded"
        },
        "systemData": {
          "createdBy": "00000000-0000-0000-0000-000000000000",
          "createdByType": "Application",
          "createdAt": "2023-03-30T11:19:26.8505724Z",
          "lastModifiedBy": "00000000-0000-0000-0000-000000000000",
          "lastModifiedByType": "Application",
          "lastModifiedAt": "2023-03-30T11:19:26.8505724Z"
        }
      }
    },
    {
      "RequestUri": "https://management.azure.com/subscriptions/00000000-0000-0000-0000-000000000000/resourceGroups/sdk-python-tests-rg-tmp/providers/Microsoft.NetApp/netAppAccounts/sdk-py-tests-acc-1-cdf2e74/backupPolicies/sdk-py-tests-backup-policy-1?api-version=2022-09-01",
      "RequestMethod": "PATCH",
      "RequestHeaders": {
        "Accept": "application/json",
        "Accept-Encoding": "gzip, deflate",
        "Connection": "keep-alive",
        "Content-Length": "134",
        "Content-Type": "application/json",
        "User-Agent": "azsdk-python-mgmt-netapp/9.1.0 Python/3.11.2 (Windows-10-10.0.22000-SP0)"
      },
      "RequestBody": {
        "location": "westus2",
        "properties": {
          "dailyBackupsToKeep": 0,
          "weeklyBackupsToKeep": 1,
          "monthlyBackupsToKeep": 0,
          "enabled": true
        }
      },
      "StatusCode": 202,
      "ResponseHeaders": {
        "Azure-AsyncOperation": "https://management.azure.com/subscriptions/00000000-0000-0000-0000-000000000000/providers/Microsoft.NetApp/locations/westus2/operationResults/8dca6875-5a0d-400b-a3fc-14db6924c3cf?api-version=2022-09-01",
        "Cache-Control": "no-cache",
        "Content-Length": "955",
        "Content-Type": "application/json; charset=utf-8",
        "Date": "Thu, 30 Mar 2023 11:19:28 GMT",
        "ETag": "W/\u0022datetime\u00272023-03-30T11%3A19%3A29.4102308Z\u0027\u0022",
        "Expires": "-1",
        "Location": "https://management.azure.com/subscriptions/00000000-0000-0000-0000-000000000000/providers/Microsoft.NetApp/locations/westus2/operationResults/8dca6875-5a0d-400b-a3fc-14db6924c3cf?api-version=2022-09-01\u0026operationResultResponseType=Location",
        "Pragma": "no-cache",
        "Server": "Microsoft-IIS/10.0",
        "Strict-Transport-Security": "max-age=31536000; includeSubDomains",
        "X-Content-Type-Options": "nosniff",
        "x-ms-correlation-request-id": "c5c8571b-fc07-4b09-9d55-2824298282f6",
        "x-ms-ratelimit-remaining-subscription-writes": "1145",
        "x-ms-routing-request-id": "WESTEUROPE:20230330T111929Z:c5c8571b-fc07-4b09-9d55-2824298282f6",
        "X-Powered-By": "ASP.NET"
      },
      "ResponseBody": {
        "id": "/subscriptions/00000000-0000-0000-0000-000000000000/resourceGroups/sdk-python-tests-rg-tmp/providers/Microsoft.NetApp/netAppAccounts/sdk-py-tests-acc-1-cdf2e74/backupPolicies/sdk-py-tests-backup-policy-1",
        "name": "sdk-py-tests-acc-1-cdf2e74/sdk-py-tests-backup-policy-1",
        "type": "Microsoft.NetApp/netAppAccounts/backupPolicies",
        "etag": "W/\u0022datetime\u00272023-03-30T11%3A19%3A29.4102308Z\u0027\u0022",
        "location": "westus2",
        "tags": {
          "CreatedOnDate": "2023-03-30T11:19:25.4101205Z"
        },
        "properties": {
          "provisioningState": "Patching",
          "enabled": true,
          "backupPolicyId": "bb82c7a8-ceec-11ed-8d94-7e50517a9432",
          "dailyBackupsToKeep": 0,
          "weeklyBackupsToKeep": 1,
          "monthlyBackupsToKeep": 0,
          "volumesAssigned": 0
        },
        "systemData": {
          "createdBy": "00000000-0000-0000-0000-000000000000",
          "createdByType": "Application",
          "createdAt": "2023-03-30T11:19:26.8505724Z",
          "lastModifiedBy": "00000000-0000-0000-0000-000000000000",
          "lastModifiedByType": "Application",
          "lastModifiedAt": "2023-03-30T11:19:26.8505724Z"
        }
      }
    },
    {
      "RequestUri": "https://management.azure.com/subscriptions/00000000-0000-0000-0000-000000000000/providers/Microsoft.NetApp/locations/westus2/operationResults/8dca6875-5a0d-400b-a3fc-14db6924c3cf?api-version=2022-09-01",
      "RequestMethod": "GET",
      "RequestHeaders": {
        "Accept": "*/*",
        "Accept-Encoding": "gzip, deflate",
        "Connection": "keep-alive",
        "User-Agent": "azsdk-python-mgmt-netapp/9.1.0 Python/3.11.2 (Windows-10-10.0.22000-SP0)"
      },
      "RequestBody": null,
      "StatusCode": 200,
      "ResponseHeaders": {
        "Cache-Control": "no-cache",
        "Content-Encoding": "gzip",
        "Content-Type": "application/json; charset=utf-8",
        "Date": "Thu, 30 Mar 2023 11:19:29 GMT",
        "Expires": "-1",
        "Pragma": "no-cache",
        "Server": "Microsoft-IIS/10.0",
        "Strict-Transport-Security": "max-age=31536000; includeSubDomains",
        "Transfer-Encoding": "chunked",
        "Vary": "Accept-Encoding",
        "X-Content-Type-Options": "nosniff",
        "x-ms-correlation-request-id": "1986c5ff-a00b-4d9c-862d-876e14bfffd1",
        "x-ms-ratelimit-remaining-subscription-reads": "11545",
        "x-ms-routing-request-id": "WESTEUROPE:20230330T111929Z:1986c5ff-a00b-4d9c-862d-876e14bfffd1",
        "X-Powered-By": "ASP.NET"
      },
      "ResponseBody": {
        "id": "/subscriptions/00000000-0000-0000-0000-000000000000/providers/Microsoft.NetApp/locations/westus2/operationResults/8dca6875-5a0d-400b-a3fc-14db6924c3cf",
        "name": "8dca6875-5a0d-400b-a3fc-14db6924c3cf",
        "status": "Succeeded",
        "startTime": "2023-03-30T11:19:29.4165002Z",
        "endTime": "2023-03-30T11:19:29.548969Z",
        "percentComplete": 100.0,
        "properties": {
          "resourceName": "/subscriptions/00000000-0000-0000-0000-000000000000/resourceGroups/sdk-python-tests-rg-tmp/providers/Microsoft.NetApp/netAppAccounts/sdk-py-tests-acc-1-cdf2e74/backupPolicies/sdk-py-tests-backup-policy-1",
          "action": "PATCH"
        }
      }
    },
    {
      "RequestUri": "https://management.azure.com/subscriptions/00000000-0000-0000-0000-000000000000/resourceGroups/sdk-python-tests-rg-tmp/providers/Microsoft.NetApp/netAppAccounts/sdk-py-tests-acc-1-cdf2e74/backupPolicies/sdk-py-tests-backup-policy-1?api-version=2022-09-01",
      "RequestMethod": "GET",
      "RequestHeaders": {
        "Accept": "*/*",
        "Accept-Encoding": "gzip, deflate",
        "Connection": "keep-alive",
        "User-Agent": "azsdk-python-mgmt-netapp/9.1.0 Python/3.11.2 (Windows-10-10.0.22000-SP0)"
      },
      "RequestBody": null,
      "StatusCode": 200,
      "ResponseHeaders": {
        "Cache-Control": "no-cache",
        "Content-Encoding": "gzip",
        "Content-Type": "application/json; charset=utf-8",
        "Date": "Thu, 30 Mar 2023 11:19:29 GMT",
        "ETag": "W/\u0022datetime\u00272023-03-30T11%3A19%3A29.5431558Z\u0027\u0022",
        "Expires": "-1",
        "Pragma": "no-cache",
        "Server": "Microsoft-IIS/10.0",
        "Strict-Transport-Security": "max-age=31536000; includeSubDomains",
        "Transfer-Encoding": "chunked",
        "Vary": "Accept-Encoding",
        "X-Content-Type-Options": "nosniff",
        "x-ms-correlation-request-id": "aaf09de0-a2cc-4263-8a94-a28eb5162f33",
        "x-ms-ratelimit-remaining-subscription-reads": "11544",
        "x-ms-routing-request-id": "WESTEUROPE:20230330T111930Z:aaf09de0-a2cc-4263-8a94-a28eb5162f33",
        "X-Powered-By": "ASP.NET"
      },
      "ResponseBody": {
        "id": "/subscriptions/00000000-0000-0000-0000-000000000000/resourceGroups/sdk-python-tests-rg-tmp/providers/Microsoft.NetApp/netAppAccounts/sdk-py-tests-acc-1-cdf2e74/backupPolicies/sdk-py-tests-backup-policy-1",
        "name": "sdk-py-tests-acc-1-cdf2e74/sdk-py-tests-backup-policy-1",
        "type": "Microsoft.NetApp/netAppAccounts/backupPolicies",
        "etag": "W/\u0022datetime\u00272023-03-30T11%3A19%3A29.5431558Z\u0027\u0022",
        "location": "westus2",
        "tags": {
          "CreatedOnDate": "2023-03-30T11:19:25.4101205Z"
        },
        "properties": {
          "provisioningState": "Succeeded",
          "enabled": true,
          "backupPolicyId": "bb82c7a8-ceec-11ed-8d94-7e50517a9432",
          "dailyBackupsToKeep": 0,
          "weeklyBackupsToKeep": 1,
          "monthlyBackupsToKeep": 0,
          "volumesAssigned": 0
        },
        "systemData": {
          "createdBy": "00000000-0000-0000-0000-000000000000",
          "createdByType": "Application",
          "createdAt": "2023-03-30T11:19:26.8505724Z",
          "lastModifiedBy": "00000000-0000-0000-0000-000000000000",
          "lastModifiedByType": "Application",
          "lastModifiedAt": "2023-03-30T11:19:29.303725Z"
        }
      }
    },
    {
      "RequestUri": "https://management.azure.com/subscriptions/00000000-0000-0000-0000-000000000000/resourceGroups/sdk-python-tests-rg-tmp/providers/Microsoft.NetApp/netAppAccounts/sdk-py-tests-acc-1-cdf2e74/backupPolicies/sdk-py-tests-backup-policy-1?api-version=2022-09-01",
      "RequestMethod": "DELETE",
      "RequestHeaders": {
        "Accept": "*/*",
        "Accept-Encoding": "gzip, deflate",
        "Connection": "keep-alive",
        "Content-Length": "0",
        "User-Agent": "azsdk-python-mgmt-netapp/9.1.0 Python/3.11.2 (Windows-10-10.0.22000-SP0)"
      },
      "RequestBody": null,
      "StatusCode": 202,
      "ResponseHeaders": {
        "Azure-AsyncOperation": "https://management.azure.com/subscriptions/00000000-0000-0000-0000-000000000000/providers/Microsoft.NetApp/locations/westus2/operationResults/359b2d70-94cd-44f5-aa08-22215bc024f1?api-version=2022-09-01",
        "Cache-Control": "no-cache",
        "Content-Length": "0",
        "Date": "Thu, 30 Mar 2023 11:19:30 GMT",
        "Expires": "-1",
        "Location": "https://management.azure.com/subscriptions/00000000-0000-0000-0000-000000000000/providers/Microsoft.NetApp/locations/westus2/operationResults/359b2d70-94cd-44f5-aa08-22215bc024f1?api-version=2022-09-01\u0026operationResultResponseType=Location",
        "Pragma": "no-cache",
        "Server": "Microsoft-IIS/10.0",
        "Strict-Transport-Security": "max-age=31536000; includeSubDomains",
        "X-Content-Type-Options": "nosniff",
        "x-ms-correlation-request-id": "a0404d3e-7a7b-4f0e-9900-0223fdc37b05",
        "x-ms-ratelimit-remaining-subscription-deletes": "14971",
        "x-ms-routing-request-id": "WESTEUROPE:20230330T111930Z:a0404d3e-7a7b-4f0e-9900-0223fdc37b05",
        "X-Powered-By": "ASP.NET"
      },
      "ResponseBody": null
    },
    {
      "RequestUri": "https://management.azure.com/subscriptions/00000000-0000-0000-0000-000000000000/providers/Microsoft.NetApp/locations/westus2/operationResults/359b2d70-94cd-44f5-aa08-22215bc024f1?api-version=2022-09-01",
      "RequestMethod": "GET",
      "RequestHeaders": {
        "Accept": "*/*",
        "Accept-Encoding": "gzip, deflate",
        "Connection": "keep-alive",
        "User-Agent": "azsdk-python-mgmt-netapp/9.1.0 Python/3.11.2 (Windows-10-10.0.22000-SP0)"
      },
      "RequestBody": null,
      "StatusCode": 200,
      "ResponseHeaders": {
        "Cache-Control": "no-cache",
        "Content-Encoding": "gzip",
        "Content-Type": "application/json; charset=utf-8",
        "Date": "Thu, 30 Mar 2023 11:19:30 GMT",
        "Expires": "-1",
        "Pragma": "no-cache",
        "Server": "Microsoft-IIS/10.0",
        "Strict-Transport-Security": "max-age=31536000; includeSubDomains",
        "Transfer-Encoding": "chunked",
        "Vary": "Accept-Encoding",
        "X-Content-Type-Options": "nosniff",
        "x-ms-correlation-request-id": "7810da76-f806-4edd-b128-659828b6ae48",
        "x-ms-ratelimit-remaining-subscription-reads": "11543",
        "x-ms-routing-request-id": "WESTEUROPE:20230330T111931Z:7810da76-f806-4edd-b128-659828b6ae48",
        "X-Powered-By": "ASP.NET"
      },
      "ResponseBody": {
        "id": "/subscriptions/00000000-0000-0000-0000-000000000000/providers/Microsoft.NetApp/locations/westus2/operationResults/359b2d70-94cd-44f5-aa08-22215bc024f1",
        "name": "359b2d70-94cd-44f5-aa08-22215bc024f1",
        "status": "Succeeded",
        "startTime": "2023-03-30T11:19:30.7391234Z",
        "endTime": "2023-03-30T11:19:30.8547131Z",
        "percentComplete": 100.0,
        "properties": {
          "resourceName": "/subscriptions/00000000-0000-0000-0000-000000000000/resourceGroups/sdk-python-tests-rg-tmp/providers/Microsoft.NetApp/netAppAccounts/sdk-py-tests-acc-1-cdf2e74/backupPolicies/sdk-py-tests-backup-policy-1",
          "action": "DELETE"
        }
      }
    },
    {
      "RequestUri": "https://management.azure.com/subscriptions/00000000-0000-0000-0000-000000000000/providers/Microsoft.NetApp/locations/westus2/operationResults/359b2d70-94cd-44f5-aa08-22215bc024f1?api-version=2022-09-01\u0026operationResultResponseType=Location",
      "RequestMethod": "GET",
      "RequestHeaders": {
        "Accept": "*/*",
        "Accept-Encoding": "gzip, deflate",
        "Connection": "keep-alive",
        "User-Agent": "azsdk-python-mgmt-netapp/9.1.0 Python/3.11.2 (Windows-10-10.0.22000-SP0)"
      },
      "RequestBody": null,
      "StatusCode": 200,
      "ResponseHeaders": {
        "Cache-Control": "no-cache",
        "Content-Encoding": "gzip",
        "Content-Type": "application/json; charset=utf-8",
        "Date": "Thu, 30 Mar 2023 11:19:30 GMT",
        "Expires": "-1",
        "Pragma": "no-cache",
        "Server": "Microsoft-IIS/10.0",
        "Strict-Transport-Security": "max-age=31536000; includeSubDomains",
        "Transfer-Encoding": "chunked",
        "Vary": "Accept-Encoding",
        "X-Content-Type-Options": "nosniff",
        "x-ms-correlation-request-id": "8bbbbe18-c43b-4026-a471-7e84a9ca3c86",
        "x-ms-ratelimit-remaining-subscription-reads": "11542",
        "x-ms-routing-request-id": "WESTEUROPE:20230330T111931Z:8bbbbe18-c43b-4026-a471-7e84a9ca3c86",
        "X-Powered-By": "ASP.NET"
      },
      "ResponseBody": {
        "id": "/subscriptions/00000000-0000-0000-0000-000000000000/resourceGroups/sdk-python-tests-rg-tmp/providers/Microsoft.NetApp/netAppAccounts/sdk-py-tests-acc-1-cdf2e74/backupPolicies/sdk-py-tests-backup-policy-1",
        "name": "sdk-py-tests-acc-1-cdf2e74/sdk-py-tests-backup-policy-1",
        "type": "Microsoft.NetApp/netAppAccounts/backupPolicies",
        "etag": "W/\u0022datetime\u00272023-03-30T11%3A19%3A30.7344806Z\u0027\u0022",
        "location": "westus2",
        "tags": {
          "CreatedOnDate": "2023-03-30T11:19:25.4101205Z"
        },
        "properties": {
          "enabled": true,
          "backupPolicyId": "bb82c7a8-ceec-11ed-8d94-7e50517a9432",
          "dailyBackupsToKeep": 0,
          "weeklyBackupsToKeep": 1,
          "monthlyBackupsToKeep": 0,
          "yearlyBackupsToKeep": 0,
          "volumesAssigned": 0,
          "provisioningState": "Deleting"
        },
        "systemData": {
          "createdBy": "00000000-0000-0000-0000-000000000000",
          "createdByType": "Application",
          "createdAt": "2023-03-30T11:19:26.8505724Z",
          "lastModifiedBy": "00000000-0000-0000-0000-000000000000",
          "lastModifiedByType": "Application",
          "lastModifiedAt": "2023-03-30T11:19:29.303725Z"
        }
      }
    },
    {
      "RequestUri": "https://management.azure.com/subscriptions/00000000-0000-0000-0000-000000000000/resourceGroups/sdk-python-tests-rg-tmp/providers/Microsoft.NetApp/netAppAccounts/sdk-py-tests-acc-1-cdf2e74/backupPolicies/sdk-py-tests-backup-policy-1?api-version=2022-09-01",
      "RequestMethod": "GET",
      "RequestHeaders": {
        "Accept": "application/json",
        "Accept-Encoding": "gzip, deflate",
        "Connection": "keep-alive",
        "User-Agent": "azsdk-python-mgmt-netapp/9.1.0 Python/3.11.2 (Windows-10-10.0.22000-SP0)"
      },
      "RequestBody": null,
      "StatusCode": 404,
      "ResponseHeaders": {
        "Cache-Control": "no-cache",
        "Content-Length": "298",
        "Content-Type": "application/json; charset=utf-8",
        "Date": "Thu, 30 Mar 2023 11:19:31 GMT",
        "Expires": "-1",
        "Pragma": "no-cache",
        "Server": "Microsoft-IIS/10.0",
        "Strict-Transport-Security": "max-age=31536000; includeSubDomains",
        "X-Content-Type-Options": "nosniff",
        "x-ms-correlation-request-id": "80a9b716-e998-4a6d-9859-4ca15686cf43",
        "x-ms-ratelimit-remaining-subscription-reads": "11541",
        "x-ms-routing-request-id": "WESTEUROPE:20230330T111931Z:80a9b716-e998-4a6d-9859-4ca15686cf43",
        "X-Powered-By": "ASP.NET"
      },
      "ResponseBody": {
        "error": {
          "code": "ResourceNotFound",
          "message": "The resource with identifier \u0027/subscriptions/00000000-0000-0000-0000-000000000000/resourceGroups/sdk-python-tests-rg-tmp/providers/Microsoft.NetApp/netAppAccounts/sdk-py-tests-acc-1-cdf2e74/backupPolicies/sdk-py-tests-backup-policy-1\u0027 is not found."
        }
      }
    },
    {
      "RequestUri": "https://management.azure.com/subscriptions/00000000-0000-0000-0000-000000000000/resourceGroups/sdk-python-tests-rg-tmp/providers/Microsoft.NetApp/netAppAccounts/sdk-py-tests-acc-1-cdf2e74?api-version=2022-09-01",
      "RequestMethod": "DELETE",
      "RequestHeaders": {
        "Accept": "*/*",
        "Accept-Encoding": "gzip, deflate",
        "Connection": "keep-alive",
        "Content-Length": "0",
        "User-Agent": "azsdk-python-mgmt-netapp/9.1.0 Python/3.11.2 (Windows-10-10.0.22000-SP0)"
      },
      "RequestBody": null,
      "StatusCode": 409,
      "ResponseHeaders": {
        "Cache-Control": "no-cache",
        "Content-Length": "114",
        "Content-Type": "application/json; charset=utf-8",
        "Date": "Thu, 30 Mar 2023 11:19:31 GMT",
        "Expires": "-1",
        "Pragma": "no-cache",
        "Strict-Transport-Security": "max-age=31536000; includeSubDomains",
        "X-Content-Type-Options": "nosniff",
        "x-ms-correlation-request-id": "46ec1b10-4c8b-4cb6-a48e-9d3604865e31",
        "x-ms-failure-cause": "gateway",
        "x-ms-routing-request-id": "WESTEUROPE:20230330T111932Z:46ec1b10-4c8b-4cb6-a48e-9d3604865e31"
      },
      "ResponseBody": {
        "error": {
          "code": "CannotDeleteResource",
          "message": "Can not delete resource before nested resources are deleted."
        }
      }
    },
    {
      "RequestUri": "https://management.azure.com/subscriptions/00000000-0000-0000-0000-000000000000/resourceGroups/sdk-python-tests-rg-tmp/providers/Microsoft.NetApp/netAppAccounts/sdk-py-tests-acc-1-cdf2e74?api-version=2022-09-01",
      "RequestMethod": "DELETE",
      "RequestHeaders": {
        "Accept": "*/*",
        "Accept-Encoding": "gzip, deflate",
        "Connection": "keep-alive",
        "Content-Length": "0",
        "User-Agent": "azsdk-python-mgmt-netapp/9.1.0 Python/3.11.2 (Windows-10-10.0.22000-SP0)"
      },
      "RequestBody": null,
      "StatusCode": 409,
      "ResponseHeaders": {
        "Cache-Control": "no-cache",
        "Content-Length": "114",
        "Content-Type": "application/json; charset=utf-8",
        "Date": "Thu, 30 Mar 2023 11:19:41 GMT",
        "Expires": "-1",
        "Pragma": "no-cache",
        "Strict-Transport-Security": "max-age=31536000; includeSubDomains",
        "X-Content-Type-Options": "nosniff",
        "x-ms-correlation-request-id": "80875627-22b7-4e62-b89e-70980f16c1e8",
        "x-ms-failure-cause": "gateway",
        "x-ms-routing-request-id": "WESTEUROPE:20230330T111942Z:80875627-22b7-4e62-b89e-70980f16c1e8"
      },
      "ResponseBody": {
        "error": {
          "code": "CannotDeleteResource",
          "message": "Can not delete resource before nested resources are deleted."
        }
      }
    },
    {
      "RequestUri": "https://management.azure.com/subscriptions/00000000-0000-0000-0000-000000000000/resourceGroups/sdk-python-tests-rg-tmp/providers/Microsoft.NetApp/netAppAccounts/sdk-py-tests-acc-1-cdf2e74?api-version=2022-09-01",
      "RequestMethod": "DELETE",
      "RequestHeaders": {
        "Accept": "*/*",
        "Accept-Encoding": "gzip, deflate",
        "Connection": "keep-alive",
        "Content-Length": "0",
        "User-Agent": "azsdk-python-mgmt-netapp/9.1.0 Python/3.11.2 (Windows-10-10.0.22000-SP0)"
      },
      "RequestBody": null,
      "StatusCode": 202,
      "ResponseHeaders": {
        "Azure-AsyncOperation": "https://management.azure.com/subscriptions/00000000-0000-0000-0000-000000000000/providers/Microsoft.NetApp/locations/westus2/operationResults/dbcaa225-2905-44e4-9025-fc8c87ada200?api-version=2022-09-01",
        "Cache-Control": "no-cache",
        "Content-Length": "0",
        "Date": "Thu, 30 Mar 2023 11:19:52 GMT",
        "Expires": "-1",
        "Location": "https://management.azure.com/subscriptions/00000000-0000-0000-0000-000000000000/providers/Microsoft.NetApp/locations/westus2/operationResults/dbcaa225-2905-44e4-9025-fc8c87ada200?api-version=2022-09-01\u0026operationResultResponseType=Location",
        "Pragma": "no-cache",
        "Server": "Microsoft-IIS/10.0",
        "Strict-Transport-Security": "max-age=31536000; includeSubDomains",
        "X-Content-Type-Options": "nosniff",
        "x-ms-correlation-request-id": "5471a451-9e7d-4f26-9ea1-6f303e80297e",
        "x-ms-ratelimit-remaining-subscription-deletes": "14968",
        "x-ms-routing-request-id": "WESTEUROPE:20230330T111953Z:5471a451-9e7d-4f26-9ea1-6f303e80297e",
        "X-Powered-By": "ASP.NET"
      },
      "ResponseBody": null
    },
    {
      "RequestUri": "https://management.azure.com/subscriptions/00000000-0000-0000-0000-000000000000/providers/Microsoft.NetApp/locations/westus2/operationResults/dbcaa225-2905-44e4-9025-fc8c87ada200?api-version=2022-09-01",
      "RequestMethod": "GET",
      "RequestHeaders": {
        "Accept": "*/*",
        "Accept-Encoding": "gzip, deflate",
        "Connection": "keep-alive",
        "User-Agent": "azsdk-python-mgmt-netapp/9.1.0 Python/3.11.2 (Windows-10-10.0.22000-SP0)"
      },
      "RequestBody": null,
      "StatusCode": 200,
      "ResponseHeaders": {
        "Cache-Control": "no-cache",
        "Content-Encoding": "gzip",
        "Content-Type": "application/json; charset=utf-8",
        "Date": "Thu, 30 Mar 2023 11:19:52 GMT",
        "Expires": "-1",
        "Pragma": "no-cache",
        "Server": "Microsoft-IIS/10.0",
        "Strict-Transport-Security": "max-age=31536000; includeSubDomains",
        "Transfer-Encoding": "chunked",
        "Vary": "Accept-Encoding",
        "X-Content-Type-Options": "nosniff",
        "x-ms-correlation-request-id": "546174a0-5e3f-4f44-a001-74b4993892fd",
        "x-ms-ratelimit-remaining-subscription-reads": "11540",
        "x-ms-routing-request-id": "WESTEUROPE:20230330T111953Z:546174a0-5e3f-4f44-a001-74b4993892fd",
        "X-Powered-By": "ASP.NET"
      },
      "ResponseBody": {
        "id": "/subscriptions/00000000-0000-0000-0000-000000000000/providers/Microsoft.NetApp/locations/westus2/operationResults/dbcaa225-2905-44e4-9025-fc8c87ada200",
        "name": "dbcaa225-2905-44e4-9025-fc8c87ada200",
        "status": "Succeeded",
        "startTime": "2023-03-30T11:19:53.1757478Z",
        "endTime": "2023-03-30T11:19:53.2156293Z",
        "percentComplete": 100.0,
        "properties": {
          "resourceName": "/subscriptions/00000000-0000-0000-0000-000000000000/resourceGroups/sdk-python-tests-rg-tmp/providers/Microsoft.NetApp/netAppAccounts/sdk-py-tests-acc-1-cdf2e74",
          "action": "DELETE"
        }
      }
    },
    {
      "RequestUri": "https://management.azure.com/subscriptions/00000000-0000-0000-0000-000000000000/providers/Microsoft.NetApp/locations/westus2/operationResults/dbcaa225-2905-44e4-9025-fc8c87ada200?api-version=2022-09-01\u0026operationResultResponseType=Location",
      "RequestMethod": "GET",
      "RequestHeaders": {
        "Accept": "*/*",
        "Accept-Encoding": "gzip, deflate",
        "Connection": "keep-alive",
        "User-Agent": "azsdk-python-mgmt-netapp/9.1.0 Python/3.11.2 (Windows-10-10.0.22000-SP0)"
      },
      "RequestBody": null,
      "StatusCode": 200,
      "ResponseHeaders": {
        "Cache-Control": "no-cache",
        "Content-Encoding": "gzip",
        "Content-Type": "application/json; charset=utf-8",
        "Date": "Thu, 30 Mar 2023 11:19:53 GMT",
        "Expires": "-1",
        "Pragma": "no-cache",
        "Server": "Microsoft-IIS/10.0",
        "Strict-Transport-Security": "max-age=31536000; includeSubDomains",
        "Transfer-Encoding": "chunked",
        "Vary": "Accept-Encoding",
        "X-Content-Type-Options": "nosniff",
        "x-ms-correlation-request-id": "1aa0d791-a3f5-490d-8bc6-ef7ecf182a76",
        "x-ms-ratelimit-remaining-subscription-reads": "11539",
        "x-ms-routing-request-id": "WESTEUROPE:20230330T111953Z:1aa0d791-a3f5-490d-8bc6-ef7ecf182a76",
        "X-Powered-By": "ASP.NET"
      },
      "ResponseBody": {
        "id": "/subscriptions/00000000-0000-0000-0000-000000000000/resourceGroups/sdk-python-tests-rg-tmp/providers/Microsoft.NetApp/netAppAccounts/sdk-py-tests-acc-1-cdf2e74",
        "name": "sdk-py-tests-acc-1-cdf2e74",
        "type": "Microsoft.NetApp/netAppAccounts",
        "etag": "W/\u0022datetime\u00272023-03-30T11%3A19%3A53.1297855Z\u0027\u0022",
        "location": "westus2",
        "tags": {
          "CreatedOnDate": "2023-03-30T11:19:22.0104550Z"
        },
        "properties": {
          "encryption": {
            "keySource": "Microsoft.NetApp"
          },
          "provisioningState": "Deleting"
        },
        "systemData": {
          "createdBy": "00000000-0000-0000-0000-000000000000",
          "createdByType": "Application",
          "createdAt": "2023-03-30T11:19:23.0849134Z",
          "lastModifiedBy": "00000000-0000-0000-0000-000000000000",
          "lastModifiedByType": "Application",
          "lastModifiedAt": "2023-03-30T11:19:23.0849134Z"
        }
      }
    },
    {
      "RequestUri": "https://management.azure.com/subscriptions/00000000-0000-0000-0000-000000000000/resourceGroups/sdk-python-tests-rg-tmp/providers/Microsoft.NetApp/netAppAccounts/sdk-py-tests-acc-1-cdf2e74?api-version=2022-09-01",
      "RequestMethod": "GET",
      "RequestHeaders": {
        "Accept": "application/json",
        "Accept-Encoding": "gzip, deflate",
        "Connection": "keep-alive",
        "User-Agent": "azsdk-python-mgmt-netapp/9.1.0 Python/3.11.2 (Windows-10-10.0.22000-SP0)"
      },
      "RequestBody": null,
      "StatusCode": 404,
      "ResponseHeaders": {
        "Cache-Control": "no-cache",
        "Content-Length": "254",
        "Content-Type": "application/json; charset=utf-8",
        "Date": "Thu, 30 Mar 2023 11:19:53 GMT",
        "Expires": "-1",
        "Pragma": "no-cache",
        "Server": "Microsoft-IIS/10.0",
        "Strict-Transport-Security": "max-age=31536000; includeSubDomains",
        "X-Content-Type-Options": "nosniff",
        "x-ms-correlation-request-id": "23861bf3-443e-496f-b25c-6e556dd9de6a",
        "x-ms-ratelimit-remaining-subscription-reads": "11538",
        "x-ms-routing-request-id": "WESTEUROPE:20230330T111954Z:23861bf3-443e-496f-b25c-6e556dd9de6a",
        "X-Powered-By": "ASP.NET"
      },
      "ResponseBody": {
        "error": {
          "code": "ResourceNotFound",
          "message": "The resource with identifier \u0027/subscriptions/00000000-0000-0000-0000-000000000000/resourceGroups/sdk-python-tests-rg-tmp/providers/Microsoft.NetApp/netAppAccounts/sdk-py-tests-acc-1-cdf2e74\u0027 is not found."
        }
      }
    }
  ],
  "Variables": {}
}
