interactions:
- request:
    body: '{"location": "southcentralus"}'
    headers:
      Accept:
      - application/json
      Accept-Encoding:
      - gzip, deflate
      Connection:
      - keep-alive
      Content-Length:
      - '35'
      Content-Type:
      - application/json
      User-Agent:
      - azsdk-python-mgmt-netapp/3.0.0 Python/3.8.7 (macOS-11.2.3-x86_64-i386-64bit)
    method: PUT
    uri: https://management.azure.com/subscriptions/00000000-0000-0000-0000-000000000000/resourceGroups/sdk-python-tests-rg/providers/Microsoft.NetApp/netAppAccounts/sdk-py-tests-acc-1?api-version=2021-04-01
  response:
    body:
      string: '{"id":"/subscriptions/00000000-0000-0000-0000-000000000000/resourceGroups/sdk-python-tests-rg/providers/Microsoft.NetApp/netAppAccounts/sdk-py-tests-acc-1","name":"sdk-py-tests-acc-1","type":"Microsoft.NetApp/netAppAccounts","etag":"W/\"datetime''2021-05-17T09%3A03%3A28.2231291Z''\"","location":"southcentralus","properties":{"provisioningState":"Creating"}}'
    headers:
      azure-asyncoperation:
      - https://management.azure.com/subscriptions/00000000-0000-0000-0000-000000000000/providers/Microsoft.NetApp/locations/southcentralus/operationResults/86fa3a1f-c0f1-4408-bdae-22939c8107e7?api-version=2021-04-01
      cache-control:
      - no-cache
      content-length:
      - '364'
      content-type:
      - application/json; charset=utf-8
      date:
      - Mon, 17 May 2021 09:03:28 GMT
      etag:
      - W/"datetime'2021-05-17T09%3A03%3A28.2231291Z'"
      expires:
      - '-1'
      pragma:
      - no-cache
      server:
      - Microsoft-IIS/10.0
      strict-transport-security:
      - max-age=31536000; includeSubDomains
      x-content-type-options:
      - nosniff
      x-ms-ratelimit-remaining-subscription-writes:
      - '1199'
      x-powered-by:
      - ASP.NET
    status:
      code: 201
      message: Created
- request:
    body: null
    headers:
      Accept:
      - '*/*'
      Accept-Encoding:
      - gzip, deflate
      Connection:
      - keep-alive
      User-Agent:
      - azsdk-python-mgmt-netapp/3.0.0 Python/3.8.7 (macOS-11.2.3-x86_64-i386-64bit)
    method: GET
    uri: https://management.azure.com/subscriptions/00000000-0000-0000-0000-000000000000/providers/Microsoft.NetApp/locations/southcentralus/operationResults/86fa3a1f-c0f1-4408-bdae-22939c8107e7?api-version=2021-04-01
  response:
    body:
      string: '{"id":"/subscriptions/00000000-0000-0000-0000-000000000000/providers/Microsoft.NetApp/locations/southcentralus/operationResults/86fa3a1f-c0f1-4408-bdae-22939c8107e7","name":"86fa3a1f-c0f1-4408-bdae-22939c8107e7","status":"Succeeded","startTime":"2021-05-17T09:03:28.2246896Z","endTime":"2021-05-17T09:03:28.3046957Z","percentComplete":100.0,"properties":{"resourceName":"/subscriptions/00000000-0000-0000-0000-000000000000/resourceGroups/sdk-python-tests-rg/providers/Microsoft.NetApp/netAppAccounts/sdk-py-tests-acc-1"}}'
    headers:
      cache-control:
      - no-cache
      content-length:
      - '528'
      content-type:
      - application/json; charset=utf-8
      date:
      - Mon, 17 May 2021 09:03:58 GMT
      expires:
      - '-1'
      pragma:
      - no-cache
      server:
      - Microsoft-IIS/10.0
      strict-transport-security:
      - max-age=31536000; includeSubDomains
      transfer-encoding:
      - chunked
      vary:
      - Accept-Encoding
      x-content-type-options:
      - nosniff
      x-powered-by:
      - ASP.NET
    status:
      code: 200
      message: OK
- request:
    body: null
    headers:
      Accept:
      - '*/*'
      Accept-Encoding:
      - gzip, deflate
      Connection:
      - keep-alive
      User-Agent:
      - azsdk-python-mgmt-netapp/3.0.0 Python/3.8.7 (macOS-11.2.3-x86_64-i386-64bit)
    method: GET
    uri: https://management.azure.com/subscriptions/00000000-0000-0000-0000-000000000000/resourceGroups/sdk-python-tests-rg/providers/Microsoft.NetApp/netAppAccounts/sdk-py-tests-acc-1?api-version=2021-04-01
  response:
    body:
      string: '{"id":"/subscriptions/00000000-0000-0000-0000-000000000000/resourceGroups/sdk-python-tests-rg/providers/Microsoft.NetApp/netAppAccounts/sdk-py-tests-acc-1","name":"sdk-py-tests-acc-1","type":"Microsoft.NetApp/netAppAccounts","etag":"W/\"datetime''2021-05-17T09%3A03%3A28.3038522Z''\"","location":"southcentralus","properties":{"encryption":{"keySource":"Microsoft.NetApp"},"provisioningState":"Succeeded"}}'
    headers:
      cache-control:
      - no-cache
      content-length:
      - '411'
      content-type:
      - application/json; charset=utf-8
      date:
      - Mon, 17 May 2021 09:03:58 GMT
      etag:
      - W/"datetime'2021-05-17T09%3A03%3A28.3038522Z'"
      expires:
      - '-1'
      pragma:
      - no-cache
      server:
      - Microsoft-IIS/10.0
      strict-transport-security:
      - max-age=31536000; includeSubDomains
      transfer-encoding:
      - chunked
      vary:
      - Accept-Encoding
      x-content-type-options:
      - nosniff
      x-powered-by:
      - ASP.NET
    status:
      code: 200
      message: OK
- request:
    body: '{"location": "southcentralus", "properties": {"size": 4398046511104,
      "serviceLevel": "Premium"}}'
    headers:
      Accept:
      - application/json
      Accept-Encoding:
      - gzip, deflate
      Connection:
      - keep-alive
      Content-Length:
      - '101'
      Content-Type:
      - application/json
      User-Agent:
      - azsdk-python-mgmt-netapp/3.0.0 Python/3.8.7 (macOS-11.2.3-x86_64-i386-64bit)
    method: PUT
    uri: https://management.azure.com/subscriptions/00000000-0000-0000-0000-000000000000/resourceGroups/sdk-python-tests-rg/providers/Microsoft.NetApp/netAppAccounts/sdk-py-tests-acc-1/capacityPools/sdk-py-tests-pool-1?api-version=2021-04-01
  response:
    body:
      string: '{"id":"/subscriptions/00000000-0000-0000-0000-000000000000/resourceGroups/sdk-python-tests-rg/providers/Microsoft.NetApp/netAppAccounts/sdk-py-tests-acc-1/capacityPools/sdk-py-tests-pool-1","name":"sdk-py-tests-acc-1/sdk-py-tests-pool-1","type":"Microsoft.NetApp/netAppAccounts/capacityPools","etag":"W/\"datetime''2021-05-17T09%3A04%3A01.7677447Z''\"","location":"southcentralus","properties":{"serviceLevel":"Premium","size":4398046511104,"totalThroughputMibps":0.0,"utilizedThroughputMibps":0.0,"provisioningState":"Creating"}}'
    headers:
      azure-asyncoperation:
      - https://management.azure.com/subscriptions/00000000-0000-0000-0000-000000000000/providers/Microsoft.NetApp/locations/southcentralus/operationResults/a2065c08-3c8d-4ed8-8833-126117ca7e20?api-version=2021-04-01
      cache-control:
      - no-cache
      content-length:
      - '535'
      content-type:
      - application/json; charset=utf-8
      date:
      - Mon, 17 May 2021 09:04:01 GMT
      etag:
      - W/"datetime'2021-05-17T09%3A04%3A01.7677447Z'"
      expires:
      - '-1'
      pragma:
      - no-cache
      server:
      - Microsoft-IIS/10.0
      strict-transport-security:
      - max-age=31536000; includeSubDomains
      x-content-type-options:
      - nosniff
      x-ms-ratelimit-remaining-subscription-writes:
      - '1198'
      x-powered-by:
      - ASP.NET
    status:
      code: 201
      message: Created
- request:
    body: null
    headers:
      Accept:
      - '*/*'
      Accept-Encoding:
      - gzip, deflate
      Connection:
      - keep-alive
      User-Agent:
      - azsdk-python-mgmt-netapp/3.0.0 Python/3.8.7 (macOS-11.2.3-x86_64-i386-64bit)
    method: GET
    uri: https://management.azure.com/subscriptions/00000000-0000-0000-0000-000000000000/providers/Microsoft.NetApp/locations/southcentralus/operationResults/a2065c08-3c8d-4ed8-8833-126117ca7e20?api-version=2021-04-01
  response:
    body:
      string: '{"id":"/subscriptions/00000000-0000-0000-0000-000000000000/providers/Microsoft.NetApp/locations/southcentralus/operationResults/a2065c08-3c8d-4ed8-8833-126117ca7e20","name":"a2065c08-3c8d-4ed8-8833-126117ca7e20","status":"Succeeded","startTime":"2021-05-17T09:04:01.7691276Z","endTime":"2021-05-17T09:04:01.8377415Z","percentComplete":100.0,"properties":{"resourceName":"/subscriptions/00000000-0000-0000-0000-000000000000/resourceGroups/sdk-python-tests-rg/providers/Microsoft.NetApp/netAppAccounts/sdk-py-tests-acc-1/capacityPools/sdk-py-tests-pool-1"}}'
    headers:
      cache-control:
      - no-cache
      content-length:
      - '562'
      content-type:
      - application/json; charset=utf-8
      date:
      - Mon, 17 May 2021 09:04:32 GMT
      expires:
      - '-1'
      pragma:
      - no-cache
      server:
      - Microsoft-IIS/10.0
      strict-transport-security:
      - max-age=31536000; includeSubDomains
      transfer-encoding:
      - chunked
      vary:
      - Accept-Encoding
      x-content-type-options:
      - nosniff
      x-powered-by:
      - ASP.NET
    status:
      code: 200
      message: OK
- request:
    body: null
    headers:
      Accept:
      - '*/*'
      Accept-Encoding:
      - gzip, deflate
      Connection:
      - keep-alive
      User-Agent:
      - azsdk-python-mgmt-netapp/3.0.0 Python/3.8.7 (macOS-11.2.3-x86_64-i386-64bit)
    method: GET
    uri: https://management.azure.com/subscriptions/00000000-0000-0000-0000-000000000000/resourceGroups/sdk-python-tests-rg/providers/Microsoft.NetApp/netAppAccounts/sdk-py-tests-acc-1/capacityPools/sdk-py-tests-pool-1?api-version=2021-04-01
  response:
    body:
      string: '{"id":"/subscriptions/00000000-0000-0000-0000-000000000000/resourceGroups/sdk-python-tests-rg/providers/Microsoft.NetApp/netAppAccounts/sdk-py-tests-acc-1/capacityPools/sdk-py-tests-pool-1","name":"sdk-py-tests-acc-1/sdk-py-tests-pool-1","type":"Microsoft.NetApp/netAppAccounts/capacityPools","etag":"W/\"datetime''2021-05-17T09%3A04%3A01.8350215Z''\"","location":"southcentralus","properties":{"poolId":"873bec70-a316-de1e-f035-7af6b1117416","serviceLevel":"Premium","size":4398046511104,"qosType":"Auto","totalThroughputMibps":262.144,"utilizedThroughputMibps":0.0,"encryptionType":"Single","provisioningState":"Succeeded"}}'
    headers:
      cache-control:
      - no-cache
      content-length:
      - '631'
      content-type:
      - application/json; charset=utf-8
      date:
      - Mon, 17 May 2021 09:04:33 GMT
      etag:
      - W/"datetime'2021-05-17T09%3A04%3A01.8350215Z'"
      expires:
      - '-1'
      pragma:
      - no-cache
      server:
      - Microsoft-IIS/10.0
      strict-transport-security:
      - max-age=31536000; includeSubDomains
      transfer-encoding:
      - chunked
      vary:
      - Accept-Encoding
      x-content-type-options:
      - nosniff
      x-powered-by:
      - ASP.NET
    status:
      code: 200
      message: OK
- request:
    body: '{"location": "southcentralus", "properties": {"creationToken": "sdk-py-tests-vol-1",
      "serviceLevel": "Premium", "usageThreshold": 107374182400, "protocolTypes":
      ["NFSv3"], "subnetId": "/subscriptions/00000000-0000-0000-0000-000000000000/resourceGroups/sdk-python-tests-rg/providers/Microsoft.Network/virtualNetworks/bprgpythonsdktestvnet464/subnets/default",
      "snapshotDirectoryVisible": true, "kerberosEnabled": false, "securityStyle":
      "unix", "smbEncryption": false, "smbContinuouslyAvailable": false, "throughputMibps":
      0.0, "ldapEnabled": false}}'
    headers:
      Accept:
      - application/json
      Accept-Encoding:
      - gzip, deflate
      Connection:
      - keep-alive
      Content-Length:
      - '556'
      Content-Type:
      - application/json
      User-Agent:
      - azsdk-python-mgmt-netapp/3.0.0 Python/3.8.7 (macOS-11.2.3-x86_64-i386-64bit)
    method: PUT
    uri: https://management.azure.com/subscriptions/00000000-0000-0000-0000-000000000000/resourceGroups/sdk-python-tests-rg/providers/Microsoft.NetApp/netAppAccounts/sdk-py-tests-acc-1/capacityPools/sdk-py-tests-pool-1/volumes/sdk-py-tests-vol-1?api-version=2021-04-01
  response:
    body:
      string: '{"id":"/subscriptions/00000000-0000-0000-0000-000000000000/resourceGroups/sdk-python-tests-rg/providers/Microsoft.NetApp/netAppAccounts/sdk-py-tests-acc-1/capacityPools/sdk-py-tests-pool-1/volumes/sdk-py-tests-vol-1","name":"sdk-py-tests-acc-1/sdk-py-tests-pool-1/sdk-py-tests-vol-1","type":"Microsoft.NetApp/netAppAccounts/capacityPools/volumes","etag":"W/\"datetime''2021-05-17T09%3A04%3A45.0141894Z''\"","location":"southcentralus","properties":{"throughputMibps":0.0,"serviceLevel":"Premium","creationToken":"sdk-py-tests-vol-1","usageThreshold":107374182400,"protocolTypes":["NFSv3"],"subnetId":"/subscriptions/00000000-0000-0000-0000-000000000000/resourceGroups/sdk-python-tests-rg/providers/Microsoft.Network/virtualNetworks/bprgpythonsdktestvnet464/subnets/default","snapshotDirectoryVisible":true,"kerberosEnabled":false,"securityStyle":"unix","smbEncryption":false,"smbContinuouslyAvailable":false,"ldapEnabled":false,"provisioningState":"Creating"}}'
    headers:
      azure-asyncoperation:
      - https://management.azure.com/subscriptions/00000000-0000-0000-0000-000000000000/providers/Microsoft.NetApp/locations/southcentralus/operationResults/6b9e0fcb-1f34-4b19-9eca-f43af4bda835?api-version=2021-04-01
      cache-control:
      - no-cache
      content-length:
      - '967'
      content-type:
      - application/json; charset=utf-8
      date:
      - Mon, 17 May 2021 09:04:45 GMT
      etag:
      - W/"datetime'2021-05-17T09%3A04%3A45.0141894Z'"
      expires:
      - '-1'
      pragma:
      - no-cache
      server:
      - Microsoft-IIS/10.0
      strict-transport-security:
      - max-age=31536000; includeSubDomains
      x-content-type-options:
      - nosniff
      x-ms-ratelimit-remaining-subscription-writes:
      - '1197'
      x-powered-by:
      - ASP.NET
    status:
      code: 201
      message: Created
- request:
    body: null
    headers:
      Accept:
      - '*/*'
      Accept-Encoding:
      - gzip, deflate
      Connection:
      - keep-alive
      User-Agent:
      - azsdk-python-mgmt-netapp/3.0.0 Python/3.8.7 (macOS-11.2.3-x86_64-i386-64bit)
    method: GET
    uri: https://management.azure.com/subscriptions/00000000-0000-0000-0000-000000000000/providers/Microsoft.NetApp/locations/southcentralus/operationResults/6b9e0fcb-1f34-4b19-9eca-f43af4bda835?api-version=2021-04-01
  response:
    body:
      string: '{"id":"/subscriptions/00000000-0000-0000-0000-000000000000/providers/Microsoft.NetApp/locations/southcentralus/operationResults/6b9e0fcb-1f34-4b19-9eca-f43af4bda835","name":"6b9e0fcb-1f34-4b19-9eca-f43af4bda835","status":"Creating","startTime":"2021-05-17T09:04:45.0181134Z","endTime":"0001-01-01T00:00:00Z","percentComplete":0.0,"properties":{"resourceName":"/subscriptions/00000000-0000-0000-0000-000000000000/resourceGroups/sdk-python-tests-rg/providers/Microsoft.NetApp/netAppAccounts/sdk-py-tests-acc-1/capacityPools/sdk-py-tests-pool-1/volumes/sdk-py-tests-vol-1"}}'
    headers:
      cache-control:
      - no-cache
      content-length:
      - '578'
      content-type:
      - application/json; charset=utf-8
      date:
      - Mon, 17 May 2021 09:05:15 GMT
      expires:
      - '-1'
      pragma:
      - no-cache
      server:
      - Microsoft-IIS/10.0
      strict-transport-security:
      - max-age=31536000; includeSubDomains
      transfer-encoding:
      - chunked
      vary:
      - Accept-Encoding
      x-content-type-options:
      - nosniff
      x-powered-by:
      - ASP.NET
    status:
      code: 200
      message: OK
- request:
    body: null
    headers:
      Accept:
      - '*/*'
      Accept-Encoding:
      - gzip, deflate
      Connection:
      - keep-alive
      User-Agent:
      - azsdk-python-mgmt-netapp/3.0.0 Python/3.8.7 (macOS-11.2.3-x86_64-i386-64bit)
    method: GET
    uri: https://management.azure.com/subscriptions/00000000-0000-0000-0000-000000000000/providers/Microsoft.NetApp/locations/southcentralus/operationResults/6b9e0fcb-1f34-4b19-9eca-f43af4bda835?api-version=2021-04-01
  response:
    body:
      string: '{"id":"/subscriptions/00000000-0000-0000-0000-000000000000/providers/Microsoft.NetApp/locations/southcentralus/operationResults/6b9e0fcb-1f34-4b19-9eca-f43af4bda835","name":"6b9e0fcb-1f34-4b19-9eca-f43af4bda835","status":"Creating","startTime":"2021-05-17T09:04:45.0181134Z","endTime":"0001-01-01T00:00:00Z","percentComplete":0.0,"properties":{"resourceName":"/subscriptions/00000000-0000-0000-0000-000000000000/resourceGroups/sdk-python-tests-rg/providers/Microsoft.NetApp/netAppAccounts/sdk-py-tests-acc-1/capacityPools/sdk-py-tests-pool-1/volumes/sdk-py-tests-vol-1"}}'
    headers:
      cache-control:
      - no-cache
      content-length:
      - '578'
      content-type:
      - application/json; charset=utf-8
      date:
      - Mon, 17 May 2021 09:05:45 GMT
      expires:
      - '-1'
      pragma:
      - no-cache
      server:
      - Microsoft-IIS/10.0
      strict-transport-security:
      - max-age=31536000; includeSubDomains
      transfer-encoding:
      - chunked
      vary:
      - Accept-Encoding
      x-content-type-options:
      - nosniff
      x-powered-by:
      - ASP.NET
    status:
      code: 200
      message: OK
- request:
    body: null
    headers:
      Accept:
      - '*/*'
      Accept-Encoding:
      - gzip, deflate
      Connection:
      - keep-alive
      User-Agent:
      - azsdk-python-mgmt-netapp/3.0.0 Python/3.8.7 (macOS-11.2.3-x86_64-i386-64bit)
    method: GET
    uri: https://management.azure.com/subscriptions/00000000-0000-0000-0000-000000000000/providers/Microsoft.NetApp/locations/southcentralus/operationResults/6b9e0fcb-1f34-4b19-9eca-f43af4bda835?api-version=2021-04-01
  response:
    body:
      string: '{"id":"/subscriptions/00000000-0000-0000-0000-000000000000/providers/Microsoft.NetApp/locations/southcentralus/operationResults/6b9e0fcb-1f34-4b19-9eca-f43af4bda835","name":"6b9e0fcb-1f34-4b19-9eca-f43af4bda835","status":"Creating","startTime":"2021-05-17T09:04:45.0181134Z","endTime":"0001-01-01T00:00:00Z","percentComplete":0.0,"properties":{"resourceName":"/subscriptions/00000000-0000-0000-0000-000000000000/resourceGroups/sdk-python-tests-rg/providers/Microsoft.NetApp/netAppAccounts/sdk-py-tests-acc-1/capacityPools/sdk-py-tests-pool-1/volumes/sdk-py-tests-vol-1"}}'
    headers:
      cache-control:
      - no-cache
      content-length:
      - '578'
      content-type:
      - application/json; charset=utf-8
      date:
      - Mon, 17 May 2021 09:06:16 GMT
      expires:
      - '-1'
      pragma:
      - no-cache
      server:
      - Microsoft-IIS/10.0
      strict-transport-security:
      - max-age=31536000; includeSubDomains
      transfer-encoding:
      - chunked
      vary:
      - Accept-Encoding
      x-content-type-options:
      - nosniff
      x-powered-by:
      - ASP.NET
    status:
      code: 200
      message: OK
- request:
    body: null
    headers:
      Accept:
      - '*/*'
      Accept-Encoding:
      - gzip, deflate
      Connection:
      - keep-alive
      User-Agent:
      - azsdk-python-mgmt-netapp/3.0.0 Python/3.8.7 (macOS-11.2.3-x86_64-i386-64bit)
    method: GET
    uri: https://management.azure.com/subscriptions/00000000-0000-0000-0000-000000000000/providers/Microsoft.NetApp/locations/southcentralus/operationResults/6b9e0fcb-1f34-4b19-9eca-f43af4bda835?api-version=2021-04-01
  response:
    body:
      string: '{"id":"/subscriptions/00000000-0000-0000-0000-000000000000/providers/Microsoft.NetApp/locations/southcentralus/operationResults/6b9e0fcb-1f34-4b19-9eca-f43af4bda835","name":"6b9e0fcb-1f34-4b19-9eca-f43af4bda835","status":"Creating","startTime":"2021-05-17T09:04:45.0181134Z","endTime":"0001-01-01T00:00:00Z","percentComplete":0.0,"properties":{"resourceName":"/subscriptions/00000000-0000-0000-0000-000000000000/resourceGroups/sdk-python-tests-rg/providers/Microsoft.NetApp/netAppAccounts/sdk-py-tests-acc-1/capacityPools/sdk-py-tests-pool-1/volumes/sdk-py-tests-vol-1"}}'
    headers:
      cache-control:
      - no-cache
      content-length:
      - '578'
      content-type:
      - application/json; charset=utf-8
      date:
      - Mon, 17 May 2021 09:06:46 GMT
      expires:
      - '-1'
      pragma:
      - no-cache
      server:
      - Microsoft-IIS/10.0
      strict-transport-security:
      - max-age=31536000; includeSubDomains
      transfer-encoding:
      - chunked
      vary:
      - Accept-Encoding
      x-content-type-options:
      - nosniff
      x-powered-by:
      - ASP.NET
    status:
      code: 200
      message: OK
- request:
    body: null
    headers:
      Accept:
      - '*/*'
      Accept-Encoding:
      - gzip, deflate
      Connection:
      - keep-alive
      User-Agent:
      - azsdk-python-mgmt-netapp/3.0.0 Python/3.8.7 (macOS-11.2.3-x86_64-i386-64bit)
    method: GET
    uri: https://management.azure.com/subscriptions/00000000-0000-0000-0000-000000000000/providers/Microsoft.NetApp/locations/southcentralus/operationResults/6b9e0fcb-1f34-4b19-9eca-f43af4bda835?api-version=2021-04-01
  response:
    body:
      string: '{"id":"/subscriptions/00000000-0000-0000-0000-000000000000/providers/Microsoft.NetApp/locations/southcentralus/operationResults/6b9e0fcb-1f34-4b19-9eca-f43af4bda835","name":"6b9e0fcb-1f34-4b19-9eca-f43af4bda835","status":"Creating","startTime":"2021-05-17T09:04:45.0181134Z","endTime":"0001-01-01T00:00:00Z","percentComplete":0.0,"properties":{"resourceName":"/subscriptions/00000000-0000-0000-0000-000000000000/resourceGroups/sdk-python-tests-rg/providers/Microsoft.NetApp/netAppAccounts/sdk-py-tests-acc-1/capacityPools/sdk-py-tests-pool-1/volumes/sdk-py-tests-vol-1"}}'
    headers:
      cache-control:
      - no-cache
      content-length:
      - '578'
      content-type:
      - application/json; charset=utf-8
      date:
      - Mon, 17 May 2021 09:07:16 GMT
      expires:
      - '-1'
      pragma:
      - no-cache
      server:
      - Microsoft-IIS/10.0
      strict-transport-security:
      - max-age=31536000; includeSubDomains
      transfer-encoding:
      - chunked
      vary:
      - Accept-Encoding
      x-content-type-options:
      - nosniff
      x-powered-by:
      - ASP.NET
    status:
      code: 200
      message: OK
- request:
    body: null
    headers:
      Accept:
      - '*/*'
      Accept-Encoding:
      - gzip, deflate
      Connection:
      - keep-alive
      User-Agent:
      - azsdk-python-mgmt-netapp/3.0.0 Python/3.8.7 (macOS-11.2.3-x86_64-i386-64bit)
    method: GET
    uri: https://management.azure.com/subscriptions/00000000-0000-0000-0000-000000000000/providers/Microsoft.NetApp/locations/southcentralus/operationResults/6b9e0fcb-1f34-4b19-9eca-f43af4bda835?api-version=2021-04-01
  response:
    body:
      string: '{"id":"/subscriptions/00000000-0000-0000-0000-000000000000/providers/Microsoft.NetApp/locations/southcentralus/operationResults/6b9e0fcb-1f34-4b19-9eca-f43af4bda835","name":"6b9e0fcb-1f34-4b19-9eca-f43af4bda835","status":"Creating","startTime":"2021-05-17T09:04:45.0181134Z","endTime":"0001-01-01T00:00:00Z","percentComplete":0.0,"properties":{"resourceName":"/subscriptions/00000000-0000-0000-0000-000000000000/resourceGroups/sdk-python-tests-rg/providers/Microsoft.NetApp/netAppAccounts/sdk-py-tests-acc-1/capacityPools/sdk-py-tests-pool-1/volumes/sdk-py-tests-vol-1"}}'
    headers:
      cache-control:
      - no-cache
      content-length:
      - '578'
      content-type:
      - application/json; charset=utf-8
      date:
      - Mon, 17 May 2021 09:07:47 GMT
      expires:
      - '-1'
      pragma:
      - no-cache
      server:
      - Microsoft-IIS/10.0
      strict-transport-security:
      - max-age=31536000; includeSubDomains
      transfer-encoding:
      - chunked
      vary:
      - Accept-Encoding
      x-content-type-options:
      - nosniff
      x-powered-by:
      - ASP.NET
    status:
      code: 200
      message: OK
- request:
    body: null
    headers:
      Accept:
      - '*/*'
      Accept-Encoding:
      - gzip, deflate
      Connection:
      - keep-alive
      User-Agent:
      - azsdk-python-mgmt-netapp/3.0.0 Python/3.8.7 (macOS-11.2.3-x86_64-i386-64bit)
    method: GET
    uri: https://management.azure.com/subscriptions/00000000-0000-0000-0000-000000000000/providers/Microsoft.NetApp/locations/southcentralus/operationResults/6b9e0fcb-1f34-4b19-9eca-f43af4bda835?api-version=2021-04-01
  response:
    body:
      string: '{"id":"/subscriptions/00000000-0000-0000-0000-000000000000/providers/Microsoft.NetApp/locations/southcentralus/operationResults/6b9e0fcb-1f34-4b19-9eca-f43af4bda835","name":"6b9e0fcb-1f34-4b19-9eca-f43af4bda835","status":"Succeeded","startTime":"2021-05-17T09:04:45.0181134Z","endTime":"2021-05-17T09:07:50.2147767Z","percentComplete":100.0,"properties":{"resourceName":"/subscriptions/00000000-0000-0000-0000-000000000000/resourceGroups/sdk-python-tests-rg/providers/Microsoft.NetApp/netAppAccounts/sdk-py-tests-acc-1/capacityPools/sdk-py-tests-pool-1/volumes/sdk-py-tests-vol-1"}}'
    headers:
      cache-control:
      - no-cache
      content-length:
      - '589'
      content-type:
      - application/json; charset=utf-8
      date:
      - Mon, 17 May 2021 09:08:18 GMT
      expires:
      - '-1'
      pragma:
      - no-cache
      server:
      - Microsoft-IIS/10.0
      strict-transport-security:
      - max-age=31536000; includeSubDomains
      transfer-encoding:
      - chunked
      vary:
      - Accept-Encoding
      x-content-type-options:
      - nosniff
      x-powered-by:
      - ASP.NET
    status:
      code: 200
      message: OK
- request:
    body: null
    headers:
      Accept:
      - '*/*'
      Accept-Encoding:
      - gzip, deflate
      Connection:
      - keep-alive
      User-Agent:
      - azsdk-python-mgmt-netapp/3.0.0 Python/3.8.7 (macOS-11.2.3-x86_64-i386-64bit)
    method: GET
    uri: https://management.azure.com/subscriptions/00000000-0000-0000-0000-000000000000/resourceGroups/sdk-python-tests-rg/providers/Microsoft.NetApp/netAppAccounts/sdk-py-tests-acc-1/capacityPools/sdk-py-tests-pool-1/volumes/sdk-py-tests-vol-1?api-version=2021-04-01
  response:
    body:
      string: '{"id":"/subscriptions/00000000-0000-0000-0000-000000000000/resourceGroups/sdk-python-tests-rg/providers/Microsoft.NetApp/netAppAccounts/sdk-py-tests-acc-1/capacityPools/sdk-py-tests-pool-1/volumes/sdk-py-tests-vol-1","name":"sdk-py-tests-acc-1/sdk-py-tests-pool-1/sdk-py-tests-vol-1","type":"Microsoft.NetApp/netAppAccounts/capacityPools/volumes","etag":"W/\"datetime''2021-05-17T09%3A07%3A50.2088642Z''\"","location":"southcentralus","properties":{"mountTargets":[{"mountTargetId":"6129249f-04bf-5fb4-4be5-37ba3dd0525e","fileSystemId":"6129249f-04bf-5fb4-4be5-37ba3dd0525e","ipAddress":"10.7.0.4"}],"throughputMibps":6.4,"volumeSpecName":"generic","provisioningState":"Succeeded","fileSystemId":"6129249f-04bf-5fb4-4be5-37ba3dd0525e","serviceLevel":"Premium","creationToken":"sdk-py-tests-vol-1","usageThreshold":107374182400,"exportPolicy":{"rules":[{"ruleIndex":1,"unixReadOnly":false,"unixReadWrite":true,"cifs":false,"nfsv3":true,"nfsv41":false,"allowedClients":"0.0.0.0/0","kerberos5ReadOnly":false,"kerberos5ReadWrite":false,"kerberos5iReadOnly":false,"kerberos5iReadWrite":false,"kerberos5pReadOnly":false,"kerberos5pReadWrite":false,"hasRootAccess":true}]},"protocolTypes":["NFSv3"],"baremetalTenantId":"baremetalTenant_svm_93ade68ee53011e9a696c27beff6b5ea_af5a1264","subnetId":"/subscriptions/00000000-0000-0000-0000-000000000000/resourceGroups/sdk-python-tests-rg/providers/Microsoft.Network/virtualNetworks/bprgpythonsdktestvnet464/subnets/default","snapshotDirectoryVisible":true,"kerberosEnabled":false,"securityStyle":"Unix","smbEncryption":false,"smbContinuouslyAvailable":false,"encryptionKeySource":"Microsoft.NetApp","ldapEnabled":false}}'
    headers:
      cache-control:
      - no-cache
      content-length:
      - '1664'
      content-type:
      - application/json; charset=utf-8
      date:
      - Mon, 17 May 2021 09:08:18 GMT
      etag:
      - W/"datetime'2021-05-17T09%3A07%3A50.2088642Z'"
      expires:
      - '-1'
      pragma:
      - no-cache
      server:
      - Microsoft-IIS/10.0
      strict-transport-security:
      - max-age=31536000; includeSubDomains
      transfer-encoding:
      - chunked
      vary:
      - Accept-Encoding
      x-content-type-options:
      - nosniff
      x-powered-by:
      - ASP.NET
    status:
      code: 200
      message: OK
- request:
    body: null
    headers:
      Accept:
      - application/json
      Accept-Encoding:
      - gzip, deflate
      Connection:
      - keep-alive
      User-Agent:
      - azsdk-python-mgmt-netapp/3.0.0 Python/3.8.7 (macOS-11.2.3-x86_64-i386-64bit)
    method: GET
    uri: https://management.azure.com/subscriptions/00000000-0000-0000-0000-000000000000/resourceGroups/sdk-python-tests-rg/providers/Microsoft.NetApp/netAppAccounts/sdk-py-tests-acc-1/capacityPools/sdk-py-tests-pool-1/volumes/sdk-py-tests-vol-1?api-version=2021-04-01
  response:
    body:
      string: '{"id":"/subscriptions/00000000-0000-0000-0000-000000000000/resourceGroups/sdk-python-tests-rg/providers/Microsoft.NetApp/netAppAccounts/sdk-py-tests-acc-1/capacityPools/sdk-py-tests-pool-1/volumes/sdk-py-tests-vol-1","name":"sdk-py-tests-acc-1/sdk-py-tests-pool-1/sdk-py-tests-vol-1","type":"Microsoft.NetApp/netAppAccounts/capacityPools/volumes","etag":"W/\"datetime''2021-05-17T09%3A07%3A50.2088642Z''\"","location":"southcentralus","properties":{"mountTargets":[{"mountTargetId":"6129249f-04bf-5fb4-4be5-37ba3dd0525e","fileSystemId":"6129249f-04bf-5fb4-4be5-37ba3dd0525e","ipAddress":"10.7.0.4"}],"throughputMibps":6.4,"volumeSpecName":"generic","provisioningState":"Succeeded","fileSystemId":"6129249f-04bf-5fb4-4be5-37ba3dd0525e","serviceLevel":"Premium","creationToken":"sdk-py-tests-vol-1","usageThreshold":107374182400,"exportPolicy":{"rules":[{"ruleIndex":1,"unixReadOnly":false,"unixReadWrite":true,"cifs":false,"nfsv3":true,"nfsv41":false,"allowedClients":"0.0.0.0/0","kerberos5ReadOnly":false,"kerberos5ReadWrite":false,"kerberos5iReadOnly":false,"kerberos5iReadWrite":false,"kerberos5pReadOnly":false,"kerberos5pReadWrite":false,"hasRootAccess":true}]},"protocolTypes":["NFSv3"],"baremetalTenantId":"baremetalTenant_svm_93ade68ee53011e9a696c27beff6b5ea_af5a1264","subnetId":"/subscriptions/00000000-0000-0000-0000-000000000000/resourceGroups/sdk-python-tests-rg/providers/Microsoft.Network/virtualNetworks/bprgpythonsdktestvnet464/subnets/default","snapshotDirectoryVisible":true,"kerberosEnabled":false,"securityStyle":"Unix","smbEncryption":false,"smbContinuouslyAvailable":false,"encryptionKeySource":"Microsoft.NetApp","ldapEnabled":false}}'
    headers:
      cache-control:
      - no-cache
      content-length:
      - '1664'
      content-type:
      - application/json; charset=utf-8
      date:
      - Mon, 17 May 2021 09:08:28 GMT
      etag:
      - W/"datetime'2021-05-17T09%3A07%3A50.2088642Z'"
      expires:
      - '-1'
      pragma:
      - no-cache
      server:
      - Microsoft-IIS/10.0
      strict-transport-security:
      - max-age=31536000; includeSubDomains
      transfer-encoding:
      - chunked
      vary:
      - Accept-Encoding
      x-content-type-options:
      - nosniff
      x-powered-by:
      - ASP.NET
    status:
      code: 200
      message: OK
- request:
    body: null
    headers:
      Accept:
      - application/json
      Accept-Encoding:
      - gzip, deflate
      Connection:
      - keep-alive
      User-Agent:
      - azsdk-python-mgmt-netapp/3.0.0 Python/3.8.7 (macOS-11.2.3-x86_64-i386-64bit)
    method: GET
    uri: https://management.azure.com/subscriptions/00000000-0000-0000-0000-000000000000/resourceGroups/sdk-python-tests-rg/providers/Microsoft.NetApp/netAppAccounts/sdk-py-tests-acc-1/vaults?api-version=2021-04-01
  response:
    body:
      string: '{"value":[{"id":"/subscriptions/00000000-0000-0000-0000-000000000000/resourceGroups/sdk-python-tests-rg/providers/Microsoft.NetApp/netAppAccounts/sdk-py-tests-acc-1/vaults/cbsvault","name":"sdk-py-tests-acc-1/cbsvault","type":"Microsoft.NetApp/netAppAccounts/vaults","properties":{"enabled":true,"vaultId":"33f2107c-2278-11eb-978e-ca9f38216a58"}}]}'
    headers:
      cache-control:
      - no-cache
      content-length:
      - '350'
      content-type:
      - application/json; charset=utf-8
      date:
      - Mon, 17 May 2021 09:08:28 GMT
      expires:
      - '-1'
      pragma:
      - no-cache
      server:
      - Microsoft-IIS/10.0
      strict-transport-security:
      - max-age=31536000; includeSubDomains
      transfer-encoding:
      - chunked
      vary:
      - Accept-Encoding
      x-content-type-options:
      - nosniff
      x-powered-by:
      - ASP.NET
    status:
      code: 200
      message: OK
- request:
    body: '{"properties": {"usageThreshold": 107374182400, "dataProtection": {"backup":
      {"vaultId": "/subscriptions/00000000-0000-0000-0000-000000000000/resourceGroups/sdk-python-tests-rg/providers/Microsoft.NetApp/netAppAccounts/sdk-py-tests-acc-1/vaults/cbsvault",
      "backupEnabled": true}}}}'
    headers:
      Accept:
      - application/json
      Accept-Encoding:
      - gzip, deflate
      Connection:
      - keep-alive
      Content-Length:
      - '283'
      Content-Type:
      - application/json
      User-Agent:
      - azsdk-python-mgmt-netapp/3.0.0 Python/3.8.7 (macOS-11.2.3-x86_64-i386-64bit)
    method: PATCH
    uri: https://management.azure.com/subscriptions/00000000-0000-0000-0000-000000000000/resourceGroups/sdk-python-tests-rg/providers/Microsoft.NetApp/netAppAccounts/sdk-py-tests-acc-1/capacityPools/sdk-py-tests-pool-1/volumes/sdk-py-tests-vol-1?api-version=2021-04-01
  response:
    body:
      string: '{"id":"/subscriptions/00000000-0000-0000-0000-000000000000/resourceGroups/sdk-python-tests-rg/providers/Microsoft.NetApp/netAppAccounts/sdk-py-tests-acc-1/capacityPools/sdk-py-tests-pool-1/volumes/sdk-py-tests-vol-1","name":"sdk-py-tests-acc-1/sdk-py-tests-pool-1/sdk-py-tests-vol-1","type":"Microsoft.NetApp/netAppAccounts/capacityPools/volumes","etag":"W/\"datetime''2021-05-17T09%3A08%3A29.6249264Z''\"","location":"southcentralus","properties":{"mountTargets":[{"mountTargetId":"6129249f-04bf-5fb4-4be5-37ba3dd0525e","fileSystemId":"6129249f-04bf-5fb4-4be5-37ba3dd0525e","ipAddress":"10.7.0.4"}],"throughputMibps":6.4,"volumeSpecName":"generic","provisioningState":"Patching","fileSystemId":"6129249f-04bf-5fb4-4be5-37ba3dd0525e","serviceLevel":"Premium","creationToken":"sdk-py-tests-vol-1","usageThreshold":107374182400,"exportPolicy":{"rules":[{"ruleIndex":1,"unixReadOnly":false,"unixReadWrite":true,"cifs":false,"nfsv3":true,"nfsv41":false,"allowedClients":"0.0.0.0/0","kerberos5ReadOnly":false,"kerberos5ReadWrite":false,"kerberos5iReadOnly":false,"kerberos5iReadWrite":false,"kerberos5pReadOnly":false,"kerberos5pReadWrite":false,"hasRootAccess":true}]},"protocolTypes":["NFSv3"],"baremetalTenantId":"baremetalTenant_svm_93ade68ee53011e9a696c27beff6b5ea_af5a1264","subnetId":"/subscriptions/00000000-0000-0000-0000-000000000000/resourceGroups/sdk-python-tests-rg/providers/Microsoft.Network/virtualNetworks/bprgpythonsdktestvnet464/subnets/default","snapshotDirectoryVisible":true,"kerberosEnabled":false,"securityStyle":"Unix","smbEncryption":false,"smbContinuouslyAvailable":false,"encryptionKeySource":"Microsoft.NetApp","ldapEnabled":false}}'
    headers:
      azure-asyncoperation:
      - https://management.azure.com/subscriptions/00000000-0000-0000-0000-000000000000/providers/Microsoft.NetApp/locations/southcentralus/operationResults/800fc9c2-adc8-4870-acc5-af6528e6f704?api-version=2021-04-01
      cache-control:
      - no-cache
      content-length:
      - '1663'
      content-type:
      - application/json; charset=utf-8
      date:
      - Mon, 17 May 2021 09:08:29 GMT
      etag:
      - W/"datetime'2021-05-17T09%3A08%3A29.6249264Z'"
      expires:
      - '-1'
      location:
      - https://management.azure.com/subscriptions/00000000-0000-0000-0000-000000000000/providers/Microsoft.NetApp/locations/southcentralus/operationResults/800fc9c2-adc8-4870-acc5-af6528e6f704?api-version=2021-04-01&operationResultResponseType=Location
      pragma:
      - no-cache
      server:
      - Microsoft-IIS/10.0
      strict-transport-security:
      - max-age=31536000; includeSubDomains
      x-content-type-options:
      - nosniff
      x-ms-ratelimit-remaining-subscription-writes:
      - '1196'
      x-powered-by:
      - ASP.NET
    status:
      code: 202
      message: Accepted
- request:
    body: null
    headers:
      Accept:
      - '*/*'
      Accept-Encoding:
      - gzip, deflate
      Connection:
      - keep-alive
      User-Agent:
      - azsdk-python-mgmt-netapp/3.0.0 Python/3.8.7 (macOS-11.2.3-x86_64-i386-64bit)
    method: GET
    uri: https://management.azure.com/subscriptions/00000000-0000-0000-0000-000000000000/providers/Microsoft.NetApp/locations/southcentralus/operationResults/800fc9c2-adc8-4870-acc5-af6528e6f704?api-version=2021-04-01
  response:
    body:
      string: '{"id":"/subscriptions/00000000-0000-0000-0000-000000000000/providers/Microsoft.NetApp/locations/southcentralus/operationResults/800fc9c2-adc8-4870-acc5-af6528e6f704","name":"800fc9c2-adc8-4870-acc5-af6528e6f704","status":"Succeeded","startTime":"2021-05-17T09:08:29.62936Z","endTime":"2021-05-17T09:08:39.3103222Z","percentComplete":100.0,"properties":{"resourceName":"/subscriptions/00000000-0000-0000-0000-000000000000/resourceGroups/sdk-python-tests-rg/providers/Microsoft.NetApp/netAppAccounts/sdk-py-tests-acc-1/capacityPools/sdk-py-tests-pool-1/volumes/sdk-py-tests-vol-1"}}'
    headers:
      cache-control:
      - no-cache
      content-length:
      - '587'
      content-type:
      - application/json; charset=utf-8
      date:
      - Mon, 17 May 2021 09:08:59 GMT
      expires:
      - '-1'
      pragma:
      - no-cache
      server:
      - Microsoft-IIS/10.0
      strict-transport-security:
      - max-age=31536000; includeSubDomains
      transfer-encoding:
      - chunked
      vary:
      - Accept-Encoding
      x-content-type-options:
      - nosniff
      x-powered-by:
      - ASP.NET
    status:
      code: 200
      message: OK
- request:
    body: null
    headers:
      Accept:
      - '*/*'
      Accept-Encoding:
      - gzip, deflate
      Connection:
      - keep-alive
      User-Agent:
      - azsdk-python-mgmt-netapp/3.0.0 Python/3.8.7 (macOS-11.2.3-x86_64-i386-64bit)
    method: GET
    uri: https://management.azure.com/subscriptions/00000000-0000-0000-0000-000000000000/resourceGroups/sdk-python-tests-rg/providers/Microsoft.NetApp/netAppAccounts/sdk-py-tests-acc-1/capacityPools/sdk-py-tests-pool-1/volumes/sdk-py-tests-vol-1?api-version=2021-04-01
  response:
    body:
      string: '{"id":"/subscriptions/00000000-0000-0000-0000-000000000000/resourceGroups/sdk-python-tests-rg/providers/Microsoft.NetApp/netAppAccounts/sdk-py-tests-acc-1/capacityPools/sdk-py-tests-pool-1/volumes/sdk-py-tests-vol-1","name":"sdk-py-tests-acc-1/sdk-py-tests-pool-1/sdk-py-tests-vol-1","type":"Microsoft.NetApp/netAppAccounts/capacityPools/volumes","etag":"W/\"datetime''2021-05-17T09%3A08%3A39.3083285Z''\"","location":"southcentralus","properties":{"mountTargets":[{"mountTargetId":"6129249f-04bf-5fb4-4be5-37ba3dd0525e","fileSystemId":"6129249f-04bf-5fb4-4be5-37ba3dd0525e","ipAddress":"10.7.0.4"}],"throughputMibps":6.4,"volumeSpecName":"generic","dataProtection":{"backup":{"backupEnabled":true,"policyEnforced":false,"vaultId":"/subscriptions/00000000-0000-0000-0000-000000000000/resourceGroups/sdk-python-tests-rg/providers/Microsoft.NetApp/netAppAccounts/sdk-py-tests-acc-1/vaults/cbsvault"}},"provisioningState":"Succeeded","fileSystemId":"6129249f-04bf-5fb4-4be5-37ba3dd0525e","serviceLevel":"Premium","creationToken":"sdk-py-tests-vol-1","usageThreshold":107374182400,"exportPolicy":{"rules":[{"ruleIndex":1,"unixReadOnly":false,"unixReadWrite":true,"cifs":false,"nfsv3":true,"nfsv41":false,"allowedClients":"0.0.0.0/0","kerberos5ReadOnly":false,"kerberos5ReadWrite":false,"kerberos5iReadOnly":false,"kerberos5iReadWrite":false,"kerberos5pReadOnly":false,"kerberos5pReadWrite":false,"hasRootAccess":true}]},"protocolTypes":["NFSv3"],"baremetalTenantId":"baremetalTenant_svm_93ade68ee53011e9a696c27beff6b5ea_af5a1264","subnetId":"/subscriptions/00000000-0000-0000-0000-000000000000/resourceGroups/sdk-python-tests-rg/providers/Microsoft.Network/virtualNetworks/bprgpythonsdktestvnet464/subnets/default","snapshotDirectoryVisible":true,"kerberosEnabled":false,"securityStyle":"Unix","smbEncryption":false,"smbContinuouslyAvailable":false,"encryptionKeySource":"Microsoft.NetApp","ldapEnabled":false}}'
    headers:
      cache-control:
      - no-cache
      content-length:
      - '1916'
      content-type:
      - application/json; charset=utf-8
      date:
      - Mon, 17 May 2021 09:08:59 GMT
      etag:
      - W/"datetime'2021-05-17T09%3A08%3A39.3083285Z'"
      expires:
      - '-1'
      pragma:
      - no-cache
      server:
      - Microsoft-IIS/10.0
      strict-transport-security:
      - max-age=31536000; includeSubDomains
      transfer-encoding:
      - chunked
      vary:
      - Accept-Encoding
      x-content-type-options:
      - nosniff
      x-powered-by:
      - ASP.NET
    status:
      code: 200
      message: OK
- request:
    body: '{"location": "southcentralus", "properties": {"useExistingSnapshot":
      false}}'
    headers:
      Accept:
      - application/json
      Accept-Encoding:
      - gzip, deflate
      Connection:
      - keep-alive
      Content-Length:
      - '81'
      Content-Type:
      - application/json
      User-Agent:
      - azsdk-python-mgmt-netapp/3.0.0 Python/3.8.7 (macOS-11.2.3-x86_64-i386-64bit)
    method: PUT
    uri: https://management.azure.com/subscriptions/00000000-0000-0000-0000-000000000000/resourceGroups/sdk-python-tests-rg/providers/Microsoft.NetApp/netAppAccounts/sdk-py-tests-acc-1/capacityPools/sdk-py-tests-pool-1/volumes/sdk-py-tests-vol-1/backups/sdk-py-tests-backup-1?api-version=2021-04-01
  response:
    body:
      string: '{"id":"/subscriptions/00000000-0000-0000-0000-000000000000/resourceGroups/sdk-python-tests-rg/providers/Microsoft.NetApp/netAppAccounts/sdk-py-tests-acc-1/capacityPools/sdk-py-tests-pool-1/volumes/sdk-py-tests-vol-1/backups/sdk-py-tests-backup-1","name":"sdk-py-tests-acc-1/sdk-py-tests-pool-1/sdk-py-tests-vol-1/sdk-py-tests-backup-1","type":"Microsoft.NetApp/netAppAccounts/capacityPools/volumes/backups","location":"southcentralus","properties":{"provisioningState":"Creating","useExistingSnapshot":false}}'
    headers:
      azure-asyncoperation:
      - https://management.azure.com/subscriptions/00000000-0000-0000-0000-000000000000/providers/Microsoft.NetApp/locations/southcentralus/operationResults/37394440-eb3a-441d-bcb1-b61ac6c0fdeb?api-version=2021-04-01
      cache-control:
      - no-cache
      content-length:
      - '516'
      content-type:
      - application/json; charset=utf-8
      date:
      - Mon, 17 May 2021 09:09:00 GMT
      expires:
      - '-1'
      location:
      - https://management.azure.com/subscriptions/00000000-0000-0000-0000-000000000000/providers/Microsoft.NetApp/locations/southcentralus/operationResults/37394440-eb3a-441d-bcb1-b61ac6c0fdeb?api-version=2021-04-01&operationResultResponseType=Location
      pragma:
      - no-cache
      server:
      - Microsoft-IIS/10.0
      strict-transport-security:
      - max-age=31536000; includeSubDomains
      x-content-type-options:
      - nosniff
      x-ms-ratelimit-remaining-subscription-writes:
      - '1195'
      x-powered-by:
      - ASP.NET
    status:
      code: 201
      message: Created
- request:
    body: null
    headers:
      Accept:
      - '*/*'
      Accept-Encoding:
      - gzip, deflate
      Connection:
      - keep-alive
      User-Agent:
      - azsdk-python-mgmt-netapp/3.0.0 Python/3.8.7 (macOS-11.2.3-x86_64-i386-64bit)
    method: GET
    uri: https://management.azure.com/subscriptions/00000000-0000-0000-0000-000000000000/providers/Microsoft.NetApp/locations/southcentralus/operationResults/37394440-eb3a-441d-bcb1-b61ac6c0fdeb?api-version=2021-04-01
  response:
    body:
      string: '{"id":"/subscriptions/00000000-0000-0000-0000-000000000000/providers/Microsoft.NetApp/locations/southcentralus/operationResults/37394440-eb3a-441d-bcb1-b61ac6c0fdeb","name":"37394440-eb3a-441d-bcb1-b61ac6c0fdeb","status":"Succeeded","startTime":"2021-05-17T09:09:00.6810122Z","endTime":"2021-05-17T09:09:01.0567191Z","percentComplete":100.0,"properties":{"resourceName":"/subscriptions/00000000-0000-0000-0000-000000000000/resourceGroups/sdk-python-tests-rg/providers/Microsoft.NetApp/netAppAccounts/sdk-py-tests-acc-1/capacityPools/sdk-py-tests-pool-1/volumes/sdk-py-tests-vol-1/backups/sdk-py-tests-backup-1"}}'
    headers:
      cache-control:
      - no-cache
      content-length:
      - '619'
      content-type:
      - application/json; charset=utf-8
      date:
      - Mon, 17 May 2021 09:09:30 GMT
      expires:
      - '-1'
      pragma:
      - no-cache
      server:
      - Microsoft-IIS/10.0
      strict-transport-security:
      - max-age=31536000; includeSubDomains
      transfer-encoding:
      - chunked
      vary:
      - Accept-Encoding
      x-content-type-options:
      - nosniff
      x-powered-by:
      - ASP.NET
    status:
      code: 200
      message: OK
- request:
    body: null
    headers:
      Accept:
      - '*/*'
      Accept-Encoding:
      - gzip, deflate
      Connection:
      - keep-alive
      User-Agent:
      - azsdk-python-mgmt-netapp/3.0.0 Python/3.8.7 (macOS-11.2.3-x86_64-i386-64bit)
    method: GET
    uri: https://management.azure.com/subscriptions/00000000-0000-0000-0000-000000000000/resourceGroups/sdk-python-tests-rg/providers/Microsoft.NetApp/netAppAccounts/sdk-py-tests-acc-1/capacityPools/sdk-py-tests-pool-1/volumes/sdk-py-tests-vol-1/backups/sdk-py-tests-backup-1?api-version=2021-04-01
  response:
    body:
      string: '{"id":"/subscriptions/00000000-0000-0000-0000-000000000000/resourceGroups/sdk-python-tests-rg/providers/Microsoft.NetApp/netAppAccounts/sdk-py-tests-acc-1/capacityPools/sdk-py-tests-pool-1/volumes/sdk-py-tests-vol-1/backups/sdk-py-tests-backup-1","name":"sdk-py-tests-acc-1/sdk-py-tests-pool-1/sdk-py-tests-vol-1/sdk-py-tests-backup-1","type":"Microsoft.NetApp/netAppAccounts/capacityPools/volumes/backups","location":"southcentralus","properties":{"creationDate":"2021-05-17T09:09:01Z","backupId":"cbc11167-b8a7-e046-d442-b1320a612a49","size":0,"backupType":"Manual","provisioningState":"Creating","failureReason":"None","volumeName":"sdk-py-tests-vol-1","useExistingSnapshot":false}}'
    headers:
      cache-control:
      - no-cache
      content-length:
      - '692'
      content-type:
      - application/json; charset=utf-8
      date:
      - Mon, 17 May 2021 09:09:30 GMT
      expires:
      - '-1'
      pragma:
      - no-cache
      server:
      - Microsoft-IIS/10.0
      strict-transport-security:
      - max-age=31536000; includeSubDomains
      transfer-encoding:
      - chunked
      vary:
      - Accept-Encoding
      x-content-type-options:
      - nosniff
      x-powered-by:
      - ASP.NET
    status:
      code: 200
      message: OK
- request:
    body: null
    headers:
      Accept:
      - application/json
      Accept-Encoding:
      - gzip, deflate
      Connection:
      - keep-alive
      User-Agent:
      - azsdk-python-mgmt-netapp/3.0.0 Python/3.8.7 (macOS-11.2.3-x86_64-i386-64bit)
    method: GET
    uri: https://management.azure.com/subscriptions/00000000-0000-0000-0000-000000000000/resourceGroups/sdk-python-tests-rg/providers/Microsoft.NetApp/netAppAccounts/sdk-py-tests-acc-1/capacityPools/sdk-py-tests-pool-1/volumes/sdk-py-tests-vol-1/backups/sdk-py-tests-backup-1?api-version=2021-04-01
  response:
    body:
      string: '{"id":"/subscriptions/00000000-0000-0000-0000-000000000000/resourceGroups/sdk-python-tests-rg/providers/Microsoft.NetApp/netAppAccounts/sdk-py-tests-acc-1/capacityPools/sdk-py-tests-pool-1/volumes/sdk-py-tests-vol-1/backups/sdk-py-tests-backup-1","name":"sdk-py-tests-acc-1/sdk-py-tests-pool-1/sdk-py-tests-vol-1/sdk-py-tests-backup-1","type":"Microsoft.NetApp/netAppAccounts/capacityPools/volumes/backups","location":"southcentralus","properties":{"creationDate":"2021-05-17T09:09:01Z","backupId":"cbc11167-b8a7-e046-d442-b1320a612a49","size":0,"backupType":"Manual","provisioningState":"Creating","failureReason":"None","volumeName":"sdk-py-tests-vol-1","useExistingSnapshot":false}}'
    headers:
      cache-control:
      - no-cache
      content-length:
      - '692'
      content-type:
      - application/json; charset=utf-8
      date:
      - Mon, 17 May 2021 09:09:41 GMT
      expires:
      - '-1'
      pragma:
      - no-cache
      server:
      - Microsoft-IIS/10.0
      strict-transport-security:
      - max-age=31536000; includeSubDomains
      transfer-encoding:
      - chunked
      vary:
      - Accept-Encoding
      x-content-type-options:
      - nosniff
      x-powered-by:
      - ASP.NET
    status:
      code: 200
      message: OK
- request:
    body: null
    headers:
      Accept:
      - application/json
      Accept-Encoding:
      - gzip, deflate
      Connection:
      - keep-alive
      User-Agent:
      - azsdk-python-mgmt-netapp/3.0.0 Python/3.8.7 (macOS-11.2.3-x86_64-i386-64bit)
    method: GET
    uri: https://management.azure.com/subscriptions/00000000-0000-0000-0000-000000000000/resourceGroups/sdk-python-tests-rg/providers/Microsoft.NetApp/netAppAccounts/sdk-py-tests-acc-1/capacityPools/sdk-py-tests-pool-1/volumes/sdk-py-tests-vol-1/backups/sdk-py-tests-backup-1?api-version=2021-04-01
  response:
    body:
      string: '{"id":"/subscriptions/00000000-0000-0000-0000-000000000000/resourceGroups/sdk-python-tests-rg/providers/Microsoft.NetApp/netAppAccounts/sdk-py-tests-acc-1/capacityPools/sdk-py-tests-pool-1/volumes/sdk-py-tests-vol-1/backups/sdk-py-tests-backup-1","name":"sdk-py-tests-acc-1/sdk-py-tests-pool-1/sdk-py-tests-vol-1/sdk-py-tests-backup-1","type":"Microsoft.NetApp/netAppAccounts/capacityPools/volumes/backups","location":"southcentralus","properties":{"creationDate":"2021-05-17T09:09:01Z","backupId":"cbc11167-b8a7-e046-d442-b1320a612a49","size":0,"backupType":"Manual","provisioningState":"Creating","failureReason":"None","volumeName":"sdk-py-tests-vol-1","useExistingSnapshot":false}}'
    headers:
      cache-control:
      - no-cache
      content-length:
      - '692'
      content-type:
      - application/json; charset=utf-8
      date:
      - Mon, 17 May 2021 09:09:51 GMT
      expires:
      - '-1'
      pragma:
      - no-cache
      server:
      - Microsoft-IIS/10.0
      strict-transport-security:
      - max-age=31536000; includeSubDomains
      transfer-encoding:
      - chunked
      vary:
      - Accept-Encoding
      x-content-type-options:
      - nosniff
      x-powered-by:
      - ASP.NET
    status:
      code: 200
      message: OK
- request:
    body: null
    headers:
      Accept:
      - application/json
      Accept-Encoding:
      - gzip, deflate
      Connection:
      - keep-alive
      User-Agent:
      - azsdk-python-mgmt-netapp/3.0.0 Python/3.8.7 (macOS-11.2.3-x86_64-i386-64bit)
    method: GET
    uri: https://management.azure.com/subscriptions/00000000-0000-0000-0000-000000000000/resourceGroups/sdk-python-tests-rg/providers/Microsoft.NetApp/netAppAccounts/sdk-py-tests-acc-1/capacityPools/sdk-py-tests-pool-1/volumes/sdk-py-tests-vol-1/backups/sdk-py-tests-backup-1?api-version=2021-04-01
  response:
    body:
      string: '{"id":"/subscriptions/00000000-0000-0000-0000-000000000000/resourceGroups/sdk-python-tests-rg/providers/Microsoft.NetApp/netAppAccounts/sdk-py-tests-acc-1/capacityPools/sdk-py-tests-pool-1/volumes/sdk-py-tests-vol-1/backups/sdk-py-tests-backup-1","name":"sdk-py-tests-acc-1/sdk-py-tests-pool-1/sdk-py-tests-vol-1/sdk-py-tests-backup-1","type":"Microsoft.NetApp/netAppAccounts/capacityPools/volumes/backups","location":"southcentralus","properties":{"creationDate":"2021-05-17T09:09:01Z","backupId":"cbc11167-b8a7-e046-d442-b1320a612a49","size":0,"backupType":"Manual","provisioningState":"Creating","failureReason":"None","volumeName":"sdk-py-tests-vol-1","useExistingSnapshot":false}}'
    headers:
      cache-control:
      - no-cache
      content-length:
      - '692'
      content-type:
      - application/json; charset=utf-8
      date:
      - Mon, 17 May 2021 09:10:01 GMT
      expires:
      - '-1'
      pragma:
      - no-cache
      server:
      - Microsoft-IIS/10.0
      strict-transport-security:
      - max-age=31536000; includeSubDomains
      transfer-encoding:
      - chunked
      vary:
      - Accept-Encoding
      x-content-type-options:
      - nosniff
      x-powered-by:
      - ASP.NET
    status:
      code: 200
      message: OK
- request:
    body: null
    headers:
      Accept:
      - application/json
      Accept-Encoding:
      - gzip, deflate
      Connection:
      - keep-alive
      User-Agent:
      - azsdk-python-mgmt-netapp/3.0.0 Python/3.8.7 (macOS-11.2.3-x86_64-i386-64bit)
    method: GET
    uri: https://management.azure.com/subscriptions/00000000-0000-0000-0000-000000000000/resourceGroups/sdk-python-tests-rg/providers/Microsoft.NetApp/netAppAccounts/sdk-py-tests-acc-1/capacityPools/sdk-py-tests-pool-1/volumes/sdk-py-tests-vol-1/backups/sdk-py-tests-backup-1?api-version=2021-04-01
  response:
    body:
      string: '{"id":"/subscriptions/00000000-0000-0000-0000-000000000000/resourceGroups/sdk-python-tests-rg/providers/Microsoft.NetApp/netAppAccounts/sdk-py-tests-acc-1/capacityPools/sdk-py-tests-pool-1/volumes/sdk-py-tests-vol-1/backups/sdk-py-tests-backup-1","name":"sdk-py-tests-acc-1/sdk-py-tests-pool-1/sdk-py-tests-vol-1/sdk-py-tests-backup-1","type":"Microsoft.NetApp/netAppAccounts/capacityPools/volumes/backups","location":"southcentralus","properties":{"creationDate":"2021-05-17T09:09:01Z","backupId":"cbc11167-b8a7-e046-d442-b1320a612a49","size":0,"backupType":"Manual","provisioningState":"Creating","failureReason":"None","volumeName":"sdk-py-tests-vol-1","useExistingSnapshot":false}}'
    headers:
      cache-control:
      - no-cache
      content-length:
      - '692'
      content-type:
      - application/json; charset=utf-8
      date:
      - Mon, 17 May 2021 09:10:12 GMT
      expires:
      - '-1'
      pragma:
      - no-cache
      server:
      - Microsoft-IIS/10.0
      strict-transport-security:
      - max-age=31536000; includeSubDomains
      transfer-encoding:
      - chunked
      vary:
      - Accept-Encoding
      x-content-type-options:
      - nosniff
      x-powered-by:
      - ASP.NET
    status:
      code: 200
      message: OK
- request:
    body: null
    headers:
      Accept:
      - application/json
      Accept-Encoding:
      - gzip, deflate
      Connection:
      - keep-alive
      User-Agent:
      - azsdk-python-mgmt-netapp/3.0.0 Python/3.8.7 (macOS-11.2.3-x86_64-i386-64bit)
    method: GET
    uri: https://management.azure.com/subscriptions/00000000-0000-0000-0000-000000000000/resourceGroups/sdk-python-tests-rg/providers/Microsoft.NetApp/netAppAccounts/sdk-py-tests-acc-1/capacityPools/sdk-py-tests-pool-1/volumes/sdk-py-tests-vol-1/backups/sdk-py-tests-backup-1?api-version=2021-04-01
  response:
    body:
      string: '{"id":"/subscriptions/00000000-0000-0000-0000-000000000000/resourceGroups/sdk-python-tests-rg/providers/Microsoft.NetApp/netAppAccounts/sdk-py-tests-acc-1/capacityPools/sdk-py-tests-pool-1/volumes/sdk-py-tests-vol-1/backups/sdk-py-tests-backup-1","name":"sdk-py-tests-acc-1/sdk-py-tests-pool-1/sdk-py-tests-vol-1/sdk-py-tests-backup-1","type":"Microsoft.NetApp/netAppAccounts/capacityPools/volumes/backups","location":"southcentralus","properties":{"creationDate":"2021-05-17T09:09:01Z","backupId":"cbc11167-b8a7-e046-d442-b1320a612a49","size":0,"backupType":"Manual","provisioningState":"Creating","failureReason":"None","volumeName":"sdk-py-tests-vol-1","useExistingSnapshot":false}}'
    headers:
      cache-control:
      - no-cache
      content-length:
      - '692'
      content-type:
      - application/json; charset=utf-8
      date:
      - Mon, 17 May 2021 09:10:23 GMT
      expires:
      - '-1'
      pragma:
      - no-cache
      server:
      - Microsoft-IIS/10.0
      strict-transport-security:
      - max-age=31536000; includeSubDomains
      transfer-encoding:
      - chunked
      vary:
      - Accept-Encoding
      x-content-type-options:
      - nosniff
      x-powered-by:
      - ASP.NET
    status:
      code: 200
      message: OK
- request:
    body: null
    headers:
      Accept:
      - application/json
      Accept-Encoding:
      - gzip, deflate
      Connection:
      - keep-alive
      User-Agent:
      - azsdk-python-mgmt-netapp/3.0.0 Python/3.8.7 (macOS-11.2.3-x86_64-i386-64bit)
    method: GET
    uri: https://management.azure.com/subscriptions/00000000-0000-0000-0000-000000000000/resourceGroups/sdk-python-tests-rg/providers/Microsoft.NetApp/netAppAccounts/sdk-py-tests-acc-1/capacityPools/sdk-py-tests-pool-1/volumes/sdk-py-tests-vol-1/backups/sdk-py-tests-backup-1?api-version=2021-04-01
  response:
    body:
      string: '{"id":"/subscriptions/00000000-0000-0000-0000-000000000000/resourceGroups/sdk-python-tests-rg/providers/Microsoft.NetApp/netAppAccounts/sdk-py-tests-acc-1/capacityPools/sdk-py-tests-pool-1/volumes/sdk-py-tests-vol-1/backups/sdk-py-tests-backup-1","name":"sdk-py-tests-acc-1/sdk-py-tests-pool-1/sdk-py-tests-vol-1/sdk-py-tests-backup-1","type":"Microsoft.NetApp/netAppAccounts/capacityPools/volumes/backups","location":"southcentralus","properties":{"creationDate":"2021-05-17T09:09:01Z","backupId":"cbc11167-b8a7-e046-d442-b1320a612a49","size":0,"backupType":"Manual","provisioningState":"Creating","failureReason":"None","volumeName":"sdk-py-tests-vol-1","useExistingSnapshot":false}}'
    headers:
      cache-control:
      - no-cache
      content-length:
      - '692'
      content-type:
      - application/json; charset=utf-8
      date:
      - Mon, 17 May 2021 09:10:34 GMT
      expires:
      - '-1'
      pragma:
      - no-cache
      server:
      - Microsoft-IIS/10.0
      strict-transport-security:
      - max-age=31536000; includeSubDomains
      transfer-encoding:
      - chunked
      vary:
      - Accept-Encoding
      x-content-type-options:
      - nosniff
      x-powered-by:
      - ASP.NET
    status:
      code: 200
      message: OK
- request:
    body: null
    headers:
      Accept:
      - application/json
      Accept-Encoding:
      - gzip, deflate
      Connection:
      - keep-alive
      User-Agent:
      - azsdk-python-mgmt-netapp/3.0.0 Python/3.8.7 (macOS-11.2.3-x86_64-i386-64bit)
    method: GET
    uri: https://management.azure.com/subscriptions/00000000-0000-0000-0000-000000000000/resourceGroups/sdk-python-tests-rg/providers/Microsoft.NetApp/netAppAccounts/sdk-py-tests-acc-1/capacityPools/sdk-py-tests-pool-1/volumes/sdk-py-tests-vol-1/backups/sdk-py-tests-backup-1?api-version=2021-04-01
  response:
    body:
      string: '{"id":"/subscriptions/00000000-0000-0000-0000-000000000000/resourceGroups/sdk-python-tests-rg/providers/Microsoft.NetApp/netAppAccounts/sdk-py-tests-acc-1/capacityPools/sdk-py-tests-pool-1/volumes/sdk-py-tests-vol-1/backups/sdk-py-tests-backup-1","name":"sdk-py-tests-acc-1/sdk-py-tests-pool-1/sdk-py-tests-vol-1/sdk-py-tests-backup-1","type":"Microsoft.NetApp/netAppAccounts/capacityPools/volumes/backups","location":"southcentralus","properties":{"creationDate":"2021-05-17T09:09:01Z","backupId":"cbc11167-b8a7-e046-d442-b1320a612a49","size":0,"backupType":"Manual","provisioningState":"Creating","failureReason":"None","volumeName":"sdk-py-tests-vol-1","useExistingSnapshot":false}}'
    headers:
      cache-control:
      - no-cache
      content-length:
      - '692'
      content-type:
      - application/json; charset=utf-8
      date:
      - Mon, 17 May 2021 09:10:44 GMT
      expires:
      - '-1'
      pragma:
      - no-cache
      server:
      - Microsoft-IIS/10.0
      strict-transport-security:
      - max-age=31536000; includeSubDomains
      transfer-encoding:
      - chunked
      vary:
      - Accept-Encoding
      x-content-type-options:
      - nosniff
      x-powered-by:
      - ASP.NET
    status:
      code: 200
      message: OK
- request:
    body: null
    headers:
      Accept:
      - application/json
      Accept-Encoding:
      - gzip, deflate
      Connection:
      - keep-alive
      User-Agent:
      - azsdk-python-mgmt-netapp/3.0.0 Python/3.8.7 (macOS-11.2.3-x86_64-i386-64bit)
    method: GET
    uri: https://management.azure.com/subscriptions/00000000-0000-0000-0000-000000000000/resourceGroups/sdk-python-tests-rg/providers/Microsoft.NetApp/netAppAccounts/sdk-py-tests-acc-1/capacityPools/sdk-py-tests-pool-1/volumes/sdk-py-tests-vol-1/backups/sdk-py-tests-backup-1?api-version=2021-04-01
  response:
    body:
      string: '{"id":"/subscriptions/00000000-0000-0000-0000-000000000000/resourceGroups/sdk-python-tests-rg/providers/Microsoft.NetApp/netAppAccounts/sdk-py-tests-acc-1/capacityPools/sdk-py-tests-pool-1/volumes/sdk-py-tests-vol-1/backups/sdk-py-tests-backup-1","name":"sdk-py-tests-acc-1/sdk-py-tests-pool-1/sdk-py-tests-vol-1/sdk-py-tests-backup-1","type":"Microsoft.NetApp/netAppAccounts/capacityPools/volumes/backups","location":"southcentralus","properties":{"creationDate":"2021-05-17T09:09:01Z","backupId":"cbc11167-b8a7-e046-d442-b1320a612a49","size":0,"backupType":"Manual","provisioningState":"Creating","failureReason":"None","volumeName":"sdk-py-tests-vol-1","useExistingSnapshot":false}}'
    headers:
      cache-control:
      - no-cache
      content-length:
      - '692'
      content-type:
      - application/json; charset=utf-8
      date:
      - Mon, 17 May 2021 09:10:54 GMT
      expires:
      - '-1'
      pragma:
      - no-cache
      server:
      - Microsoft-IIS/10.0
      strict-transport-security:
      - max-age=31536000; includeSubDomains
      transfer-encoding:
      - chunked
      vary:
      - Accept-Encoding
      x-content-type-options:
      - nosniff
      x-powered-by:
      - ASP.NET
    status:
      code: 200
      message: OK
- request:
    body: null
    headers:
      Accept:
      - application/json
      Accept-Encoding:
      - gzip, deflate
      Connection:
      - keep-alive
      User-Agent:
      - azsdk-python-mgmt-netapp/3.0.0 Python/3.8.7 (macOS-11.2.3-x86_64-i386-64bit)
    method: GET
    uri: https://management.azure.com/subscriptions/00000000-0000-0000-0000-000000000000/resourceGroups/sdk-python-tests-rg/providers/Microsoft.NetApp/netAppAccounts/sdk-py-tests-acc-1/capacityPools/sdk-py-tests-pool-1/volumes/sdk-py-tests-vol-1/backups/sdk-py-tests-backup-1?api-version=2021-04-01
  response:
    body:
      string: '{"id":"/subscriptions/00000000-0000-0000-0000-000000000000/resourceGroups/sdk-python-tests-rg/providers/Microsoft.NetApp/netAppAccounts/sdk-py-tests-acc-1/capacityPools/sdk-py-tests-pool-1/volumes/sdk-py-tests-vol-1/backups/sdk-py-tests-backup-1","name":"sdk-py-tests-acc-1/sdk-py-tests-pool-1/sdk-py-tests-vol-1/sdk-py-tests-backup-1","type":"Microsoft.NetApp/netAppAccounts/capacityPools/volumes/backups","location":"southcentralus","properties":{"creationDate":"2021-05-17T09:09:01Z","backupId":"cbc11167-b8a7-e046-d442-b1320a612a49","size":0,"backupType":"Manual","provisioningState":"Creating","failureReason":"None","volumeName":"sdk-py-tests-vol-1","useExistingSnapshot":false}}'
    headers:
      cache-control:
      - no-cache
      content-length:
      - '692'
      content-type:
      - application/json; charset=utf-8
      date:
      - Mon, 17 May 2021 09:11:04 GMT
      expires:
      - '-1'
      pragma:
      - no-cache
      server:
      - Microsoft-IIS/10.0
      strict-transport-security:
      - max-age=31536000; includeSubDomains
      transfer-encoding:
      - chunked
      vary:
      - Accept-Encoding
      x-content-type-options:
      - nosniff
      x-powered-by:
      - ASP.NET
    status:
      code: 200
      message: OK
- request:
    body: null
    headers:
      Accept:
      - application/json
      Accept-Encoding:
      - gzip, deflate
      Connection:
      - keep-alive
      User-Agent:
      - azsdk-python-mgmt-netapp/3.0.0 Python/3.8.7 (macOS-11.2.3-x86_64-i386-64bit)
    method: GET
    uri: https://management.azure.com/subscriptions/00000000-0000-0000-0000-000000000000/resourceGroups/sdk-python-tests-rg/providers/Microsoft.NetApp/netAppAccounts/sdk-py-tests-acc-1/capacityPools/sdk-py-tests-pool-1/volumes/sdk-py-tests-vol-1/backups/sdk-py-tests-backup-1?api-version=2021-04-01
  response:
    body:
      string: '{"id":"/subscriptions/00000000-0000-0000-0000-000000000000/resourceGroups/sdk-python-tests-rg/providers/Microsoft.NetApp/netAppAccounts/sdk-py-tests-acc-1/capacityPools/sdk-py-tests-pool-1/volumes/sdk-py-tests-vol-1/backups/sdk-py-tests-backup-1","name":"sdk-py-tests-acc-1/sdk-py-tests-pool-1/sdk-py-tests-vol-1/sdk-py-tests-backup-1","type":"Microsoft.NetApp/netAppAccounts/capacityPools/volumes/backups","location":"southcentralus","properties":{"creationDate":"2021-05-17T09:09:01Z","backupId":"cbc11167-b8a7-e046-d442-b1320a612a49","size":0,"backupType":"Manual","provisioningState":"Creating","failureReason":"None","volumeName":"sdk-py-tests-vol-1","useExistingSnapshot":false}}'
    headers:
      cache-control:
      - no-cache
      content-length:
      - '692'
      content-type:
      - application/json; charset=utf-8
      date:
      - Mon, 17 May 2021 09:11:15 GMT
      expires:
      - '-1'
      pragma:
      - no-cache
      server:
      - Microsoft-IIS/10.0
      strict-transport-security:
      - max-age=31536000; includeSubDomains
      transfer-encoding:
      - chunked
      vary:
      - Accept-Encoding
      x-content-type-options:
      - nosniff
      x-powered-by:
      - ASP.NET
    status:
      code: 200
      message: OK
- request:
    body: null
    headers:
      Accept:
      - application/json
      Accept-Encoding:
      - gzip, deflate
      Connection:
      - keep-alive
      User-Agent:
      - azsdk-python-mgmt-netapp/3.0.0 Python/3.8.7 (macOS-11.2.3-x86_64-i386-64bit)
    method: GET
    uri: https://management.azure.com/subscriptions/00000000-0000-0000-0000-000000000000/resourceGroups/sdk-python-tests-rg/providers/Microsoft.NetApp/netAppAccounts/sdk-py-tests-acc-1/capacityPools/sdk-py-tests-pool-1/volumes/sdk-py-tests-vol-1/backups/sdk-py-tests-backup-1?api-version=2021-04-01
  response:
    body:
      string: '{"id":"/subscriptions/00000000-0000-0000-0000-000000000000/resourceGroups/sdk-python-tests-rg/providers/Microsoft.NetApp/netAppAccounts/sdk-py-tests-acc-1/capacityPools/sdk-py-tests-pool-1/volumes/sdk-py-tests-vol-1/backups/sdk-py-tests-backup-1","name":"sdk-py-tests-acc-1/sdk-py-tests-pool-1/sdk-py-tests-vol-1/sdk-py-tests-backup-1","type":"Microsoft.NetApp/netAppAccounts/capacityPools/volumes/backups","location":"southcentralus","properties":{"creationDate":"2021-05-17T09:09:01Z","backupId":"cbc11167-b8a7-e046-d442-b1320a612a49","size":0,"backupType":"Manual","provisioningState":"Creating","failureReason":"None","volumeName":"sdk-py-tests-vol-1","useExistingSnapshot":false}}'
    headers:
      cache-control:
      - no-cache
      content-length:
      - '692'
      content-type:
      - application/json; charset=utf-8
      date:
      - Mon, 17 May 2021 09:11:25 GMT
      expires:
      - '-1'
      pragma:
      - no-cache
      server:
      - Microsoft-IIS/10.0
      strict-transport-security:
      - max-age=31536000; includeSubDomains
      transfer-encoding:
      - chunked
      vary:
      - Accept-Encoding
      x-content-type-options:
      - nosniff
      x-powered-by:
      - ASP.NET
    status:
      code: 200
      message: OK
- request:
    body: null
    headers:
      Accept:
      - application/json
      Accept-Encoding:
      - gzip, deflate
      Connection:
      - keep-alive
      User-Agent:
      - azsdk-python-mgmt-netapp/3.0.0 Python/3.8.7 (macOS-11.2.3-x86_64-i386-64bit)
    method: GET
    uri: https://management.azure.com/subscriptions/00000000-0000-0000-0000-000000000000/resourceGroups/sdk-python-tests-rg/providers/Microsoft.NetApp/netAppAccounts/sdk-py-tests-acc-1/capacityPools/sdk-py-tests-pool-1/volumes/sdk-py-tests-vol-1/backups/sdk-py-tests-backup-1?api-version=2021-04-01
  response:
    body:
      string: '{"id":"/subscriptions/00000000-0000-0000-0000-000000000000/resourceGroups/sdk-python-tests-rg/providers/Microsoft.NetApp/netAppAccounts/sdk-py-tests-acc-1/capacityPools/sdk-py-tests-pool-1/volumes/sdk-py-tests-vol-1/backups/sdk-py-tests-backup-1","name":"sdk-py-tests-acc-1/sdk-py-tests-pool-1/sdk-py-tests-vol-1/sdk-py-tests-backup-1","type":"Microsoft.NetApp/netAppAccounts/capacityPools/volumes/backups","location":"southcentralus","properties":{"creationDate":"2021-05-17T09:09:01Z","backupId":"cbc11167-b8a7-e046-d442-b1320a612a49","size":0,"backupType":"Manual","provisioningState":"Creating","failureReason":"None","volumeName":"sdk-py-tests-vol-1","useExistingSnapshot":false}}'
    headers:
      cache-control:
      - no-cache
      content-length:
      - '692'
      content-type:
      - application/json; charset=utf-8
      date:
      - Mon, 17 May 2021 09:11:35 GMT
      expires:
      - '-1'
      pragma:
      - no-cache
      server:
      - Microsoft-IIS/10.0
      strict-transport-security:
      - max-age=31536000; includeSubDomains
      transfer-encoding:
      - chunked
      vary:
      - Accept-Encoding
      x-content-type-options:
      - nosniff
      x-powered-by:
      - ASP.NET
    status:
      code: 200
      message: OK
- request:
    body: null
    headers:
      Accept:
      - application/json
      Accept-Encoding:
      - gzip, deflate
      Connection:
      - keep-alive
      User-Agent:
      - azsdk-python-mgmt-netapp/3.0.0 Python/3.8.7 (macOS-11.2.3-x86_64-i386-64bit)
    method: GET
    uri: https://management.azure.com/subscriptions/00000000-0000-0000-0000-000000000000/resourceGroups/sdk-python-tests-rg/providers/Microsoft.NetApp/netAppAccounts/sdk-py-tests-acc-1/capacityPools/sdk-py-tests-pool-1/volumes/sdk-py-tests-vol-1/backups/sdk-py-tests-backup-1?api-version=2021-04-01
  response:
    body:
      string: '{"id":"/subscriptions/00000000-0000-0000-0000-000000000000/resourceGroups/sdk-python-tests-rg/providers/Microsoft.NetApp/netAppAccounts/sdk-py-tests-acc-1/capacityPools/sdk-py-tests-pool-1/volumes/sdk-py-tests-vol-1/backups/sdk-py-tests-backup-1","name":"sdk-py-tests-acc-1/sdk-py-tests-pool-1/sdk-py-tests-vol-1/sdk-py-tests-backup-1","type":"Microsoft.NetApp/netAppAccounts/capacityPools/volumes/backups","location":"southcentralus","properties":{"creationDate":"2021-05-17T09:09:01Z","backupId":"cbc11167-b8a7-e046-d442-b1320a612a49","size":0,"backupType":"Manual","provisioningState":"Creating","failureReason":"None","volumeName":"sdk-py-tests-vol-1","useExistingSnapshot":false}}'
    headers:
      cache-control:
      - no-cache
      content-length:
      - '692'
      content-type:
      - application/json; charset=utf-8
      date:
      - Mon, 17 May 2021 09:11:45 GMT
      expires:
      - '-1'
      pragma:
      - no-cache
      server:
      - Microsoft-IIS/10.0
      strict-transport-security:
      - max-age=31536000; includeSubDomains
      transfer-encoding:
      - chunked
      vary:
      - Accept-Encoding
      x-content-type-options:
      - nosniff
      x-powered-by:
      - ASP.NET
    status:
      code: 200
      message: OK
- request:
    body: null
    headers:
      Accept:
      - application/json
      Accept-Encoding:
      - gzip, deflate
      Connection:
      - keep-alive
      User-Agent:
      - azsdk-python-mgmt-netapp/3.0.0 Python/3.8.7 (macOS-11.2.3-x86_64-i386-64bit)
    method: GET
    uri: https://management.azure.com/subscriptions/00000000-0000-0000-0000-000000000000/resourceGroups/sdk-python-tests-rg/providers/Microsoft.NetApp/netAppAccounts/sdk-py-tests-acc-1/capacityPools/sdk-py-tests-pool-1/volumes/sdk-py-tests-vol-1/backups/sdk-py-tests-backup-1?api-version=2021-04-01
  response:
    body:
      string: '{"id":"/subscriptions/00000000-0000-0000-0000-000000000000/resourceGroups/sdk-python-tests-rg/providers/Microsoft.NetApp/netAppAccounts/sdk-py-tests-acc-1/capacityPools/sdk-py-tests-pool-1/volumes/sdk-py-tests-vol-1/backups/sdk-py-tests-backup-1","name":"sdk-py-tests-acc-1/sdk-py-tests-pool-1/sdk-py-tests-vol-1/sdk-py-tests-backup-1","type":"Microsoft.NetApp/netAppAccounts/capacityPools/volumes/backups","location":"southcentralus","properties":{"creationDate":"2021-05-17T09:09:01Z","backupId":"cbc11167-b8a7-e046-d442-b1320a612a49","size":0,"backupType":"Manual","provisioningState":"Creating","failureReason":"None","volumeName":"sdk-py-tests-vol-1","useExistingSnapshot":false}}'
    headers:
      cache-control:
      - no-cache
      content-length:
      - '692'
      content-type:
      - application/json; charset=utf-8
      date:
      - Mon, 17 May 2021 09:11:56 GMT
      expires:
      - '-1'
      pragma:
      - no-cache
      server:
      - Microsoft-IIS/10.0
      strict-transport-security:
      - max-age=31536000; includeSubDomains
      transfer-encoding:
      - chunked
      vary:
      - Accept-Encoding
      x-content-type-options:
      - nosniff
      x-powered-by:
      - ASP.NET
    status:
      code: 200
      message: OK
- request:
    body: null
    headers:
      Accept:
      - application/json
      Accept-Encoding:
      - gzip, deflate
      Connection:
      - keep-alive
      User-Agent:
      - azsdk-python-mgmt-netapp/3.0.0 Python/3.8.7 (macOS-11.2.3-x86_64-i386-64bit)
    method: GET
    uri: https://management.azure.com/subscriptions/00000000-0000-0000-0000-000000000000/resourceGroups/sdk-python-tests-rg/providers/Microsoft.NetApp/netAppAccounts/sdk-py-tests-acc-1/capacityPools/sdk-py-tests-pool-1/volumes/sdk-py-tests-vol-1/backups/sdk-py-tests-backup-1?api-version=2021-04-01
  response:
    body:
      string: '{"id":"/subscriptions/00000000-0000-0000-0000-000000000000/resourceGroups/sdk-python-tests-rg/providers/Microsoft.NetApp/netAppAccounts/sdk-py-tests-acc-1/capacityPools/sdk-py-tests-pool-1/volumes/sdk-py-tests-vol-1/backups/sdk-py-tests-backup-1","name":"sdk-py-tests-acc-1/sdk-py-tests-pool-1/sdk-py-tests-vol-1/sdk-py-tests-backup-1","type":"Microsoft.NetApp/netAppAccounts/capacityPools/volumes/backups","location":"southcentralus","properties":{"creationDate":"2021-05-17T09:09:01Z","backupId":"cbc11167-b8a7-e046-d442-b1320a612a49","size":0,"backupType":"Manual","provisioningState":"Creating","failureReason":"None","volumeName":"sdk-py-tests-vol-1","useExistingSnapshot":false}}'
    headers:
      cache-control:
      - no-cache
      content-length:
      - '692'
      content-type:
      - application/json; charset=utf-8
      date:
      - Mon, 17 May 2021 09:12:06 GMT
      expires:
      - '-1'
      pragma:
      - no-cache
      server:
      - Microsoft-IIS/10.0
      strict-transport-security:
      - max-age=31536000; includeSubDomains
      transfer-encoding:
      - chunked
      vary:
      - Accept-Encoding
      x-content-type-options:
      - nosniff
      x-powered-by:
      - ASP.NET
    status:
      code: 200
      message: OK
- request:
    body: null
    headers:
      Accept:
      - application/json
      Accept-Encoding:
      - gzip, deflate
      Connection:
      - keep-alive
      User-Agent:
      - azsdk-python-mgmt-netapp/3.0.0 Python/3.8.7 (macOS-11.2.3-x86_64-i386-64bit)
    method: GET
    uri: https://management.azure.com/subscriptions/00000000-0000-0000-0000-000000000000/resourceGroups/sdk-python-tests-rg/providers/Microsoft.NetApp/netAppAccounts/sdk-py-tests-acc-1/capacityPools/sdk-py-tests-pool-1/volumes/sdk-py-tests-vol-1/backups/sdk-py-tests-backup-1?api-version=2021-04-01
  response:
    body:
      string: '{"id":"/subscriptions/00000000-0000-0000-0000-000000000000/resourceGroups/sdk-python-tests-rg/providers/Microsoft.NetApp/netAppAccounts/sdk-py-tests-acc-1/capacityPools/sdk-py-tests-pool-1/volumes/sdk-py-tests-vol-1/backups/sdk-py-tests-backup-1","name":"sdk-py-tests-acc-1/sdk-py-tests-pool-1/sdk-py-tests-vol-1/sdk-py-tests-backup-1","type":"Microsoft.NetApp/netAppAccounts/capacityPools/volumes/backups","location":"southcentralus","properties":{"creationDate":"2021-05-17T09:09:01Z","backupId":"cbc11167-b8a7-e046-d442-b1320a612a49","size":0,"backupType":"Manual","provisioningState":"Creating","failureReason":"None","volumeName":"sdk-py-tests-vol-1","useExistingSnapshot":false}}'
    headers:
      cache-control:
      - no-cache
      content-length:
      - '692'
      content-type:
      - application/json; charset=utf-8
      date:
      - Mon, 17 May 2021 09:12:16 GMT
      expires:
      - '-1'
      pragma:
      - no-cache
      server:
      - Microsoft-IIS/10.0
      strict-transport-security:
      - max-age=31536000; includeSubDomains
      transfer-encoding:
      - chunked
      vary:
      - Accept-Encoding
      x-content-type-options:
      - nosniff
      x-powered-by:
      - ASP.NET
    status:
      code: 200
      message: OK
- request:
    body: null
    headers:
      Accept:
      - application/json
      Accept-Encoding:
      - gzip, deflate
      Connection:
      - keep-alive
      User-Agent:
      - azsdk-python-mgmt-netapp/3.0.0 Python/3.8.7 (macOS-11.2.3-x86_64-i386-64bit)
    method: GET
    uri: https://management.azure.com/subscriptions/00000000-0000-0000-0000-000000000000/resourceGroups/sdk-python-tests-rg/providers/Microsoft.NetApp/netAppAccounts/sdk-py-tests-acc-1/capacityPools/sdk-py-tests-pool-1/volumes/sdk-py-tests-vol-1/backups/sdk-py-tests-backup-1?api-version=2021-04-01
  response:
    body:
      string: '{"id":"/subscriptions/00000000-0000-0000-0000-000000000000/resourceGroups/sdk-python-tests-rg/providers/Microsoft.NetApp/netAppAccounts/sdk-py-tests-acc-1/capacityPools/sdk-py-tests-pool-1/volumes/sdk-py-tests-vol-1/backups/sdk-py-tests-backup-1","name":"sdk-py-tests-acc-1/sdk-py-tests-pool-1/sdk-py-tests-vol-1/sdk-py-tests-backup-1","type":"Microsoft.NetApp/netAppAccounts/capacityPools/volumes/backups","location":"southcentralus","properties":{"creationDate":"2021-05-17T09:09:01Z","backupId":"cbc11167-b8a7-e046-d442-b1320a612a49","size":323584,"backupType":"Manual","provisioningState":"Succeeded","failureReason":"None","volumeName":"sdk-py-tests-vol-1","useExistingSnapshot":false}}'
    headers:
      cache-control:
      - no-cache
      content-length:
      - '698'
      content-type:
      - application/json; charset=utf-8
      date:
      - Mon, 17 May 2021 09:12:27 GMT
      expires:
      - '-1'
      pragma:
      - no-cache
      server:
      - Microsoft-IIS/10.0
      strict-transport-security:
      - max-age=31536000; includeSubDomains
      transfer-encoding:
      - chunked
      vary:
      - Accept-Encoding
      x-content-type-options:
      - nosniff
      x-powered-by:
      - ASP.NET
    status:
      code: 200
      message: OK
- request:
    body: null
    headers:
      Accept:
      - application/json
      Accept-Encoding:
      - gzip, deflate
      Connection:
      - keep-alive
      User-Agent:
      - azsdk-python-mgmt-netapp/3.0.0 Python/3.8.7 (macOS-11.2.3-x86_64-i386-64bit)
    method: GET
    uri: https://management.azure.com/subscriptions/00000000-0000-0000-0000-000000000000/resourceGroups/sdk-python-tests-rg/providers/Microsoft.NetApp/netAppAccounts/sdk-py-tests-acc-1/capacityPools/sdk-py-tests-pool-1/volumes/sdk-py-tests-vol-1/backupStatus?api-version=2021-04-01
  response:
    body:
      string: '{"error":{"code":"VolumeBackupStatusNotAvailable","message":"Backup
        status is not yet available for volume"}}'
    headers:
      cache-control:
      - no-cache
      content-length:
      - '109'
      content-type:
      - application/json; charset=utf-8
      date:
      - Mon, 17 May 2021 09:12:28 GMT
      expires:
      - '-1'
      pragma:
      - no-cache
      server:
      - Microsoft-IIS/10.0
      strict-transport-security:
      - max-age=31536000; includeSubDomains
      x-content-type-options:
      - nosniff
      x-powered-by:
      - ASP.NET
    status:
      code: 409
      message: Conflict
version: 1
