{
  "Entries": [
    {
      "RequestUri": "https://login.microsoftonline.com/00000000-0000-0000-0000-000000000000/v2.0/.well-known/openid-configuration",
      "RequestMethod": "GET",
      "RequestHeaders": {
        "Accept": "*/*",
        "Accept-Encoding": "gzip, deflate",
        "Connection": "keep-alive",
        "User-Agent": "azsdk-python-identity/1.11.0b3 Python/3.9.5 (Windows-10-10.0.19044-SP0)"
      },
      "RequestBody": null,
      "StatusCode": 200,
      "ResponseHeaders": {
        "Access-Control-Allow-Methods": "GET, OPTIONS",
        "Access-Control-Allow-Origin": "*",
        "Cache-Control": "max-age=86400, private",
        "Content-Length": "1753",
        "Content-Type": "application/json; charset=utf-8",
        "Date": "Tue, 26 Jul 2022 12:51:02 GMT",
        "P3P": "CP=\u0022DSP CUR OTPi IND OTRi ONL FIN\u0022",
        "Set-Cookie": "[set-cookie;]",
        "Strict-Transport-Security": "max-age=31536000; includeSubDomains",
        "X-Content-Type-Options": "nosniff",
        "x-ms-ests-server": "2.1.13355.6 - NEULR1 ProdSlices",
        "X-XSS-Protection": "0"
      },
      "ResponseBody": {
        "token_endpoint": "https://login.microsoftonline.com/00000000-0000-0000-0000-000000000000/oauth2/v2.0/token",
        "token_endpoint_auth_methods_supported": [
          "client_secret_post",
          "private_key_jwt",
          "client_secret_basic"
        ],
        "jwks_uri": "https://login.microsoftonline.com/00000000-0000-0000-0000-000000000000/discovery/v2.0/keys",
        "response_modes_supported": [
          "query",
          "fragment",
          "form_post"
        ],
        "subject_types_supported": [
          "pairwise"
        ],
        "id_token_signing_alg_values_supported": [
          "RS256"
        ],
        "response_types_supported": [
          "code",
          "id_token",
          "code id_token",
          "id_token token"
        ],
        "scopes_supported": [
          "openid",
          "profile",
          "email",
          "offline_access"
        ],
        "issuer": "https://login.microsoftonline.com/00000000-0000-0000-0000-000000000000/v2.0",
        "request_uri_parameter_supported": false,
        "userinfo_endpoint": "https://graph.microsoft.com/oidc/userinfo",
        "authorization_endpoint": "https://login.microsoftonline.com/00000000-0000-0000-0000-000000000000/oauth2/v2.0/authorize",
        "device_authorization_endpoint": "https://login.microsoftonline.com/00000000-0000-0000-0000-000000000000/oauth2/v2.0/devicecode",
        "http_logout_supported": true,
        "frontchannel_logout_supported": true,
        "end_session_endpoint": "https://login.microsoftonline.com/00000000-0000-0000-0000-000000000000/oauth2/v2.0/logout",
        "claims_supported": [
          "sub",
          "iss",
          "cloud_instance_name",
          "cloud_instance_host_name",
          "cloud_graph_host_name",
          "msgraph_host",
          "aud",
          "exp",
          "iat",
          "auth_time",
          "acr",
          "nonce",
          "preferred_username",
          "name",
          "tid",
          "ver",
          "at_hash",
          "c_hash",
          "email"
        ],
        "kerberos_endpoint": "https://login.microsoftonline.com/00000000-0000-0000-0000-000000000000/kerberos",
        "tenant_region_scope": "WW",
        "cloud_instance_name": "microsoftonline.com",
        "cloud_graph_host_name": "graph.windows.net",
        "msgraph_host": "graph.microsoft.com",
        "rbac_url": "https://pas.windows.net"
      }
    },
    {
      "RequestUri": "https://login.microsoftonline.com/common/discovery/instance?api-version=1.1\u0026authorization_endpoint=https://login.microsoftonline.com/common/oauth2/authorize",
      "RequestMethod": "GET",
      "RequestHeaders": {
        "Accept": "application/json",
        "Accept-Encoding": "gzip, deflate",
        "Connection": "keep-alive",
        "Cookie": "cookie;",
        "User-Agent": "azsdk-python-identity/1.11.0b3 Python/3.9.5 (Windows-10-10.0.19044-SP0)"
      },
      "RequestBody": null,
      "StatusCode": 200,
      "ResponseHeaders": {
        "Access-Control-Allow-Methods": "GET, OPTIONS",
        "Access-Control-Allow-Origin": "*",
        "Cache-Control": "max-age=86400, private",
        "Content-Length": "945",
        "Content-Type": "application/json; charset=utf-8",
        "Date": "Tue, 26 Jul 2022 12:51:02 GMT",
        "P3P": "CP=\u0022DSP CUR OTPi IND OTRi ONL FIN\u0022",
        "Set-Cookie": "[set-cookie;]",
        "Strict-Transport-Security": "max-age=31536000; includeSubDomains",
        "X-Content-Type-Options": "nosniff",
        "x-ms-ests-server": "2.1.13355.6 - NEULR2 ProdSlices",
        "X-XSS-Protection": "0"
      },
      "ResponseBody": {
        "tenant_discovery_endpoint": "https://login.microsoftonline.com/common/.well-known/openid-configuration",
        "api-version": "1.1",
        "metadata": [
          {
            "preferred_network": "login.microsoftonline.com",
            "preferred_cache": "login.windows.net",
            "aliases": [
              "login.microsoftonline.com",
              "login.windows.net",
              "login.microsoft.com",
              "sts.windows.net"
            ]
          },
          {
            "preferred_network": "login.partner.microsoftonline.cn",
            "preferred_cache": "login.partner.microsoftonline.cn",
            "aliases": [
              "login.partner.microsoftonline.cn",
              "login.chinacloudapi.cn"
            ]
          },
          {
            "preferred_network": "login.microsoftonline.de",
            "preferred_cache": "login.microsoftonline.de",
            "aliases": [
              "login.microsoftonline.de"
            ]
          },
          {
            "preferred_network": "login.microsoftonline.us",
            "preferred_cache": "login.microsoftonline.us",
            "aliases": [
              "login.microsoftonline.us",
              "login.usgovcloudapi.net"
            ]
          },
          {
            "preferred_network": "login-us.microsoftonline.com",
            "preferred_cache": "login-us.microsoftonline.com",
            "aliases": [
              "login-us.microsoftonline.com"
            ]
          }
        ]
      }
    },
    {
      "RequestUri": "https://login.microsoftonline.com/00000000-0000-0000-0000-000000000000/oauth2/v2.0/token",
      "RequestMethod": "POST",
      "RequestHeaders": {
        "Accept": "application/json",
        "Accept-Encoding": "gzip, deflate",
        "client-request-id": "58aea752-131b-4260-9e62-c6b9f066b564",
        "Connection": "keep-alive",
        "Content-Length": "281",
        "Content-Type": "application/x-www-form-urlencoded",
        "Cookie": "cookie;",
        "User-Agent": "azsdk-python-identity/1.11.0b3 Python/3.9.5 (Windows-10-10.0.19044-SP0)",
        "x-client-cpu": "x64",
        "x-client-current-telemetry": "4|730,0|",
        "x-client-last-telemetry": "4|0|||",
        "x-client-os": "win32",
        "x-client-sku": "MSAL.Python",
        "x-client-ver": "1.18.0",
        "x-ms-lib-capability": "retry-after, h429"
      },
      "RequestBody": "client_id=c6c4faba-2b22-44d9-80a4-71ff5b71f811\u0026grant_type=client_credentials\u0026client_info=1\u0026client_secret=%7BQR%5B%2B%40avhE%2B3qiyY1Xf\u0026claims=%7B%22access_token%22%3A\u002B%7B%22xms_cc%22%3A\u002B%7B%22values%22%3A\u002B%5B%22CP1%22%5D%7D%7D%7D\u0026scope=https%3A%2F%2Fmanagement.azure.com%2F.default",
      "StatusCode": 200,
      "ResponseHeaders": {
        "Cache-Control": "no-store, no-cache",
        "client-request-id": "58aea752-131b-4260-9e62-c6b9f066b564",
        "Content-Length": "114",
        "Content-Type": "application/json; charset=utf-8",
        "Date": "Tue, 26 Jul 2022 12:51:03 GMT",
        "Expires": "-1",
        "P3P": "CP=\u0022DSP CUR OTPi IND OTRi ONL FIN\u0022",
        "Pragma": "no-cache",
        "Set-Cookie": "[set-cookie;]",
        "Strict-Transport-Security": "max-age=31536000; includeSubDomains",
        "X-Content-Type-Options": "nosniff",
        "x-ms-clitelem": "1,0,0,,",
        "x-ms-ests-server": "2.1.13355.6 - WEULR1 ProdSlices",
        "X-XSS-Protection": "0"
      },
      "ResponseBody": {
        "token_type": "Bearer",
        "expires_in": 86399,
        "ext_expires_in": 86399,
        "refresh_in": 43199,
        "access_token": "access_token"
      }
    },
    {
      "RequestUri": "https://management.azure.com/subscriptions/00000000-0000-0000-0000-000000000000/resourceGroups/sdk-python-tests-rg/providers/Microsoft.Network/virtualNetworks/sdk-python-tests-vnet-westus2-74e025c5?api-version=2021-08-01",
      "RequestMethod": "PUT",
      "RequestHeaders": {
        "Accept": "application/json",
        "Accept-Encoding": "gzip, deflate",
        "Connection": "keep-alive",
        "Content-Length": "93",
        "Content-Type": "application/json",
        "User-Agent": "azsdk-python-azure-mgmt-network/20.0.0 Python/3.9.5 (Windows-10-10.0.19044-SP0)"
      },
      "RequestBody": {
        "location": "westus2",
        "properties": {
          "addressSpace": {
            "addressPrefixes": [
              "10.0.0.0/16"
            ]
          }
        }
      },
      "StatusCode": 201,
      "ResponseHeaders": {
        "Azure-AsyncNotification": "Enabled",
        "Azure-AsyncOperation": "https://management.azure.com/subscriptions/00000000-0000-0000-0000-000000000000/providers/Microsoft.Network/locations/westus2/operations/2763545e-b0cb-457f-bef2-83473f710276?api-version=2021-08-01",
        "Cache-Control": "no-cache",
        "Content-Length": "746",
        "Content-Type": "application/json; charset=utf-8",
        "Date": "Tue, 26 Jul 2022 12:51:10 GMT",
        "Expires": "-1",
        "Pragma": "no-cache",
        "Retry-After": "3",
        "Server": [
          "Microsoft-HTTPAPI/2.0",
          "Microsoft-HTTPAPI/2.0"
        ],
        "Strict-Transport-Security": "max-age=31536000; includeSubDomains",
        "X-Content-Type-Options": "nosniff",
        "x-ms-arm-service-request-id": "c6e3102c-fd3f-4829-b310-ed1165bba5cd",
        "x-ms-correlation-request-id": "4271136e-3431-40dc-bd47-5e4fe0a500bf",
        "x-ms-ratelimit-remaining-subscription-writes": "1199",
        "x-ms-routing-request-id": "FRANCESOUTH:20220726T125110Z:4271136e-3431-40dc-bd47-5e4fe0a500bf"
      },
      "ResponseBody": {
        "name": "sdk-python-tests-vnet-westus2-74e025c5",
        "id": "/subscriptions/00000000-0000-0000-0000-000000000000/resourceGroups/sdk-python-tests-rg/providers/Microsoft.Network/virtualNetworks/sdk-python-tests-vnet-westus2-74e025c5",
        "etag": "W/\u002229f8dc67-1c42-4452-b6dc-bf2938dda5d6\u0022",
        "type": "Microsoft.Network/virtualNetworks",
        "location": "westus2",
        "tags": {
          "CreatedOnDate": "2022-07-26T12:51:04.3945861Z"
        },
        "properties": {
          "provisioningState": "Updating",
          "resourceGuid": "bb0485a9-c59a-4d60-a25a-9b2db6ca7269",
          "addressSpace": {
            "addressPrefixes": [
              "10.0.0.0/16"
            ]
          },
          "subnets": [],
          "virtualNetworkPeerings": [],
          "enableDdosProtection": false
        }
      }
    },
    {
      "RequestUri": "https://management.azure.com/subscriptions/00000000-0000-0000-0000-000000000000/providers/Microsoft.Network/locations/westus2/operations/feec68d6-a7d5-4d6b-b719-3263bee8723f?api-version=2021-08-01",
      "RequestMethod": "GET",
      "RequestHeaders": {
        "Accept": "*/*",
        "Accept-Encoding": "gzip, deflate",
        "Connection": "keep-alive",
        "User-Agent": "azsdk-python-azure-mgmt-network/20.0.0 Python/3.9.5 (Windows-10-10.0.19044-SP0)"
      },
      "RequestBody": null,
      "StatusCode": 200,
      "ResponseHeaders": {
        "Cache-Control": "no-cache",
        "Content-Encoding": "gzip",
        "Content-Type": "application/json; charset=utf-8",
        "Date": "Tue, 26 Jul 2022 12:51:12 GMT",
        "Expires": "-1",
        "Pragma": "no-cache",
        "Server": [
          "Microsoft-HTTPAPI/2.0",
          "Microsoft-HTTPAPI/2.0"
        ],
        "Strict-Transport-Security": "max-age=31536000; includeSubDomains",
        "Transfer-Encoding": "chunked",
        "Vary": "Accept-Encoding",
        "X-Content-Type-Options": "nosniff",
        "x-ms-arm-service-request-id": "30a43482-cfa5-4274-b9c6-408d87a4bfc7",
        "x-ms-correlation-request-id": "7b690068-881b-4e3b-be13-9a9303c6d66e",
        "x-ms-ratelimit-remaining-subscription-reads": "11992",
        "x-ms-routing-request-id": "FRANCESOUTH:20220726T125112Z:7b690068-881b-4e3b-be13-9a9303c6d66e"
      },
      "ResponseBody": {
        "status": "Succeeded"
      }
    },
    {
      "RequestUri": "https://management.azure.com/subscriptions/00000000-0000-0000-0000-000000000000/providers/Microsoft.Network/locations/westus2/operationResults/feec68d6-a7d5-4d6b-b719-3263bee8723f?api-version=2021-08-01",
      "RequestMethod": "GET",
      "RequestHeaders": {
        "Accept": "*/*",
        "Accept-Encoding": "gzip, deflate",
        "Connection": "keep-alive",
        "User-Agent": "azsdk-python-azure-mgmt-network/20.0.0 Python/3.9.5 (Windows-10-10.0.19044-SP0)"
      },
      "RequestBody": null,
      "StatusCode": 204,
      "ResponseHeaders": {
        "Azure-AsyncNotification": "Enabled",
        "Azure-AsyncOperation": "https://management.azure.com/subscriptions/00000000-0000-0000-0000-000000000000/providers/Microsoft.Network/locations/westus2/operations/feec68d6-a7d5-4d6b-b719-3263bee8723f?api-version=2021-08-01",
        "Cache-Control": "no-cache",
        "Content-Type": "application/json; charset=utf-8",
        "Date": "Tue, 26 Jul 2022 12:51:12 GMT",
        "Expires": "-1",
        "Location": "https://management.azure.com/subscriptions/00000000-0000-0000-0000-000000000000/providers/Microsoft.Network/locations/westus2/operationResults/feec68d6-a7d5-4d6b-b719-3263bee8723f?api-version=2021-08-01",
        "Pragma": "no-cache",
        "Server": [
          "Microsoft-HTTPAPI/2.0",
          "Microsoft-HTTPAPI/2.0"
        ],
        "Strict-Transport-Security": "max-age=31536000; includeSubDomains",
        "X-Content-Type-Options": "nosniff",
        "x-ms-arm-service-request-id": "176ad923-598c-41bb-b036-7918ecc36cc2",
        "x-ms-correlation-request-id": "c10d40e6-898d-4ffe-870e-a8e23923e704",
        "x-ms-ratelimit-remaining-subscription-reads": "11991",
        "x-ms-routing-request-id": "FRANCESOUTH:20220726T125113Z:3c89020e-ec89-4cb4-8751-c9adf2810880"
      },
      "ResponseBody": null
    },
    {
      "RequestUri": "https://management.azure.com/subscriptions/00000000-0000-0000-0000-000000000000/providers/Microsoft.Network/locations/westus2/operations/2763545e-b0cb-457f-bef2-83473f710276?api-version=2021-08-01",
      "RequestMethod": "GET",
      "RequestHeaders": {
        "Accept": "*/*",
        "Accept-Encoding": "gzip, deflate",
        "Connection": "keep-alive",
        "User-Agent": "azsdk-python-azure-mgmt-network/20.0.0 Python/3.9.5 (Windows-10-10.0.19044-SP0)"
      },
      "RequestBody": null,
      "StatusCode": 200,
      "ResponseHeaders": {
        "Cache-Control": "no-cache",
        "Content-Encoding": "gzip",
        "Content-Type": "application/json; charset=utf-8",
        "Date": "Tue, 26 Jul 2022 12:51:13 GMT",
        "Expires": "-1",
        "Pragma": "no-cache",
        "Server": [
          "Microsoft-HTTPAPI/2.0",
          "Microsoft-HTTPAPI/2.0"
        ],
        "Strict-Transport-Security": "max-age=31536000; includeSubDomains",
        "Transfer-Encoding": "chunked",
        "Vary": "Accept-Encoding",
        "X-Content-Type-Options": "nosniff",
        "x-ms-arm-service-request-id": "843dffc7-54bc-4e74-ace1-6e6842e54389",
        "x-ms-correlation-request-id": "90c1404d-4493-40d6-9bfe-1da1cf702431",
        "x-ms-ratelimit-remaining-subscription-reads": "11990",
        "x-ms-routing-request-id": "FRANCESOUTH:20220726T125113Z:90c1404d-4493-40d6-9bfe-1da1cf702431"
      },
      "ResponseBody": {
        "status": "Succeeded"
      }
    },
    {
      "RequestUri": "https://management.azure.com/subscriptions/00000000-0000-0000-0000-000000000000/resourceGroups/sdk-python-tests-rg/providers/Microsoft.Network/virtualNetworks/sdk-python-tests-vnet-westus2-74e025c5?api-version=2021-08-01",
      "RequestMethod": "GET",
      "RequestHeaders": {
        "Accept": "*/*",
        "Accept-Encoding": "gzip, deflate",
        "Connection": "keep-alive",
        "User-Agent": "azsdk-python-azure-mgmt-network/20.0.0 Python/3.9.5 (Windows-10-10.0.19044-SP0)"
      },
      "RequestBody": null,
      "StatusCode": 200,
      "ResponseHeaders": {
        "Cache-Control": "no-cache",
        "Content-Encoding": "gzip",
        "Content-Type": "application/json; charset=utf-8",
        "Date": "Tue, 26 Jul 2022 12:51:13 GMT",
        "ETag": "W/\u002240c85969-6197-499a-b22a-9c047c4f3027\u0022",
        "Expires": "-1",
        "Pragma": "no-cache",
        "Server": [
          "Microsoft-HTTPAPI/2.0",
          "Microsoft-HTTPAPI/2.0"
        ],
        "Strict-Transport-Security": "max-age=31536000; includeSubDomains",
        "Transfer-Encoding": "chunked",
        "Vary": "Accept-Encoding",
        "X-Content-Type-Options": "nosniff",
        "x-ms-arm-service-request-id": "485e021f-e615-4cd2-b258-0049758b2d32",
        "x-ms-correlation-request-id": "9d5d2572-a7da-4159-a42f-4f781c27573d",
        "x-ms-ratelimit-remaining-subscription-reads": "11989",
        "x-ms-routing-request-id": "FRANCESOUTH:20220726T125114Z:9d5d2572-a7da-4159-a42f-4f781c27573d"
      },
      "ResponseBody": {
        "name": "sdk-python-tests-vnet-westus2-74e025c5",
        "id": "/subscriptions/00000000-0000-0000-0000-000000000000/resourceGroups/sdk-python-tests-rg/providers/Microsoft.Network/virtualNetworks/sdk-python-tests-vnet-westus2-74e025c5",
        "etag": "W/\u002240c85969-6197-499a-b22a-9c047c4f3027\u0022",
        "type": "Microsoft.Network/virtualNetworks",
        "location": "westus2",
        "tags": {
          "CreatedOnDate": "2022-07-26T12:51:04.3945861Z"
        },
        "properties": {
          "provisioningState": "Succeeded",
          "resourceGuid": "bb0485a9-c59a-4d60-a25a-9b2db6ca7269",
          "addressSpace": {
            "addressPrefixes": [
              "10.0.0.0/16"
            ]
          },
          "subnets": [],
          "virtualNetworkPeerings": [],
          "enableDdosProtection": false
        }
      }
    },
    {
      "RequestUri": "https://management.azure.com/subscriptions/00000000-0000-0000-0000-000000000000/resourceGroups/sdk-python-tests-rg/providers/Microsoft.Network/virtualNetworks/sdk-python-tests-vnet-westus2-74e025c5/subnets/default?api-version=2021-08-01",
      "RequestMethod": "PUT",
      "RequestHeaders": {
        "Accept": "application/json",
        "Accept-Encoding": "gzip, deflate",
        "Connection": "keep-alive",
        "Content-Length": "151",
        "Content-Type": "application/json",
        "User-Agent": "azsdk-python-azure-mgmt-network/20.0.0 Python/3.9.5 (Windows-10-10.0.19044-SP0)"
      },
      "RequestBody": {
        "properties": {
          "addressPrefix": "10.0.0.0/24",
          "delegations": [
            {
              "name": "netAppVolumes",
              "properties": {
                "serviceName": "Microsoft.Netapp/volumes"
              }
            }
          ]
        }
      },
      "StatusCode": 201,
      "ResponseHeaders": {
        "Azure-AsyncOperation": "https://management.azure.com/subscriptions/00000000-0000-0000-0000-000000000000/providers/Microsoft.Network/locations/westus2/operations/81078cb2-042d-4ea0-a3fb-a48c5f6e0051?api-version=2021-08-01",
        "Cache-Control": "no-cache",
        "Content-Length": "1318",
        "Content-Type": "application/json; charset=utf-8",
        "Date": "Tue, 26 Jul 2022 12:51:14 GMT",
        "Expires": "-1",
        "Pragma": "no-cache",
        "Retry-After": "3",
        "Server": [
          "Microsoft-HTTPAPI/2.0",
          "Microsoft-HTTPAPI/2.0"
        ],
        "Strict-Transport-Security": "max-age=31536000; includeSubDomains",
        "X-Content-Type-Options": "nosniff",
        "x-ms-arm-service-request-id": "cb564050-dcdf-439d-a111-9ddcd9c9af2c",
        "x-ms-correlation-request-id": "e2f046fc-0d28-4898-a29a-3ad4afee2153",
        "x-ms-ratelimit-remaining-subscription-writes": "1198",
        "x-ms-routing-request-id": "FRANCESOUTH:20220726T125114Z:e2f046fc-0d28-4898-a29a-3ad4afee2153"
      },
      "ResponseBody": {
        "name": "default",
        "id": "/subscriptions/00000000-0000-0000-0000-000000000000/resourceGroups/sdk-python-tests-rg/providers/Microsoft.Network/virtualNetworks/sdk-python-tests-vnet-westus2-74e025c5/subnets/default",
        "etag": "W/\u0022a0499a42-c9bf-4c60-94d8-18f7d2a4790c\u0022",
        "properties": {
          "provisioningState": "Updating",
          "addressPrefix": "10.0.0.0/24",
          "delegations": [
            {
              "name": "netAppVolumes",
              "id": "/subscriptions/00000000-0000-0000-0000-000000000000/resourceGroups/sdk-python-tests-rg/providers/Microsoft.Network/virtualNetworks/sdk-python-tests-vnet-westus2-74e025c5/subnets/default/delegations/netAppVolumes",
              "etag": "W/\u0022a0499a42-c9bf-4c60-94d8-18f7d2a4790c\u0022",
              "properties": {
                "provisioningState": "Succeeded",
                "serviceName": "Microsoft.Netapp/volumes",
                "actions": [
                  "Microsoft.Network/networkinterfaces/*",
                  "Microsoft.Network/virtualNetworks/subnets/join/action"
                ]
              },
              "type": "Microsoft.Network/virtualNetworks/subnets/delegations"
            }
          ],
          "purpose": "HostedWorkloads",
          "privateEndpointNetworkPolicies": "Disabled",
          "privateLinkServiceNetworkPolicies": "Enabled"
        },
        "type": "Microsoft.Network/virtualNetworks/subnets"
      }
    },
    {
      "RequestUri": "https://management.azure.com/subscriptions/00000000-0000-0000-0000-000000000000/providers/Microsoft.Network/locations/westus2/operations/81078cb2-042d-4ea0-a3fb-a48c5f6e0051?api-version=2021-08-01",
      "RequestMethod": "GET",
      "RequestHeaders": {
        "Accept": "*/*",
        "Accept-Encoding": "gzip, deflate",
        "Connection": "keep-alive",
        "User-Agent": "azsdk-python-azure-mgmt-network/20.0.0 Python/3.9.5 (Windows-10-10.0.19044-SP0)"
      },
      "RequestBody": null,
      "StatusCode": 200,
      "ResponseHeaders": {
        "Cache-Control": "no-cache",
        "Content-Encoding": "gzip",
        "Content-Type": "application/json; charset=utf-8",
        "Date": "Tue, 26 Jul 2022 12:51:17 GMT",
        "Expires": "-1",
        "Pragma": "no-cache",
        "Server": [
          "Microsoft-HTTPAPI/2.0",
          "Microsoft-HTTPAPI/2.0"
        ],
        "Strict-Transport-Security": "max-age=31536000; includeSubDomains",
        "Transfer-Encoding": "chunked",
        "Vary": "Accept-Encoding",
        "X-Content-Type-Options": "nosniff",
        "x-ms-arm-service-request-id": "4a2e2f26-283a-4a83-be56-d13b46ef0c10",
        "x-ms-correlation-request-id": "3153fe16-cfe3-4359-8417-33cef23b3b5a",
        "x-ms-ratelimit-remaining-subscription-reads": "11988",
        "x-ms-routing-request-id": "FRANCESOUTH:20220726T125118Z:3153fe16-cfe3-4359-8417-33cef23b3b5a"
      },
      "ResponseBody": {
        "status": "Succeeded"
      }
    },
    {
      "RequestUri": "https://management.azure.com/subscriptions/00000000-0000-0000-0000-000000000000/resourceGroups/sdk-python-tests-rg/providers/Microsoft.Network/virtualNetworks/sdk-python-tests-vnet-westus2-74e025c5/subnets/default?api-version=2021-08-01",
      "RequestMethod": "GET",
      "RequestHeaders": {
        "Accept": "*/*",
        "Accept-Encoding": "gzip, deflate",
        "Connection": "keep-alive",
        "User-Agent": "azsdk-python-azure-mgmt-network/20.0.0 Python/3.9.5 (Windows-10-10.0.19044-SP0)"
      },
      "RequestBody": null,
      "StatusCode": 200,
      "ResponseHeaders": {
        "Cache-Control": "no-cache",
        "Content-Encoding": "gzip",
        "Content-Type": "application/json; charset=utf-8",
        "Date": "Tue, 26 Jul 2022 12:51:17 GMT",
        "ETag": "W/\u00228414ab67-eab0-46c7-9d4b-fa9d12331083\u0022",
        "Expires": "-1",
        "Pragma": "no-cache",
        "Server": [
          "Microsoft-HTTPAPI/2.0",
          "Microsoft-HTTPAPI/2.0"
        ],
        "Strict-Transport-Security": "max-age=31536000; includeSubDomains",
        "Transfer-Encoding": "chunked",
        "Vary": "Accept-Encoding",
        "X-Content-Type-Options": "nosniff",
        "x-ms-arm-service-request-id": "4ee0d1ed-3f09-46dd-83b5-a78b5da0b987",
        "x-ms-correlation-request-id": "02ca4382-65e9-4675-a395-35daf0c3d2b2",
        "x-ms-ratelimit-remaining-subscription-reads": "11987",
        "x-ms-routing-request-id": "FRANCESOUTH:20220726T125118Z:02ca4382-65e9-4675-a395-35daf0c3d2b2"
      },
      "ResponseBody": {
        "name": "default",
        "id": "/subscriptions/00000000-0000-0000-0000-000000000000/resourceGroups/sdk-python-tests-rg/providers/Microsoft.Network/virtualNetworks/sdk-python-tests-vnet-westus2-74e025c5/subnets/default",
        "etag": "W/\u00228414ab67-eab0-46c7-9d4b-fa9d12331083\u0022",
        "properties": {
          "provisioningState": "Succeeded",
          "addressPrefix": "10.0.0.0/24",
          "delegations": [
            {
              "name": "netAppVolumes",
              "id": "/subscriptions/00000000-0000-0000-0000-000000000000/resourceGroups/sdk-python-tests-rg/providers/Microsoft.Network/virtualNetworks/sdk-python-tests-vnet-westus2-74e025c5/subnets/default/delegations/netAppVolumes",
              "etag": "W/\u00228414ab67-eab0-46c7-9d4b-fa9d12331083\u0022",
              "properties": {
                "provisioningState": "Succeeded",
                "serviceName": "Microsoft.Netapp/volumes",
                "actions": [
                  "Microsoft.Network/networkinterfaces/*",
                  "Microsoft.Network/virtualNetworks/subnets/join/action"
                ]
              },
              "type": "Microsoft.Network/virtualNetworks/subnets/delegations"
            }
          ],
          "purpose": "HostedWorkloads",
          "privateEndpointNetworkPolicies": "Disabled",
          "privateLinkServiceNetworkPolicies": "Enabled"
        },
        "type": "Microsoft.Network/virtualNetworks/subnets"
      }
    },
    {
      "RequestUri": "https://login.microsoftonline.com/00000000-0000-0000-0000-000000000000/v2.0/.well-known/openid-configuration",
      "RequestMethod": "GET",
      "RequestHeaders": {
        "Accept": "*/*",
        "Accept-Encoding": "gzip, deflate",
        "Connection": "keep-alive",
        "User-Agent": "azsdk-python-identity/1.11.0b3 Python/3.9.5 (Windows-10-10.0.19044-SP0)"
      },
      "RequestBody": null,
      "StatusCode": 200,
      "ResponseHeaders": {
        "Access-Control-Allow-Methods": "GET, OPTIONS",
        "Access-Control-Allow-Origin": "*",
        "Cache-Control": "max-age=86400, private",
        "Content-Length": "1753",
        "Content-Type": "application/json; charset=utf-8",
        "Date": "Tue, 26 Jul 2022 12:51:18 GMT",
        "P3P": "CP=\u0022DSP CUR OTPi IND OTRi ONL FIN\u0022",
        "Set-Cookie": "[set-cookie;]",
        "Strict-Transport-Security": "max-age=31536000; includeSubDomains",
        "X-Content-Type-Options": "nosniff",
        "x-ms-ests-server": "2.1.13355.6 - WEULR1 ProdSlices",
        "X-XSS-Protection": "0"
      },
      "ResponseBody": {
        "token_endpoint": "https://login.microsoftonline.com/00000000-0000-0000-0000-000000000000/oauth2/v2.0/token",
        "token_endpoint_auth_methods_supported": [
          "client_secret_post",
          "private_key_jwt",
          "client_secret_basic"
        ],
        "jwks_uri": "https://login.microsoftonline.com/00000000-0000-0000-0000-000000000000/discovery/v2.0/keys",
        "response_modes_supported": [
          "query",
          "fragment",
          "form_post"
        ],
        "subject_types_supported": [
          "pairwise"
        ],
        "id_token_signing_alg_values_supported": [
          "RS256"
        ],
        "response_types_supported": [
          "code",
          "id_token",
          "code id_token",
          "id_token token"
        ],
        "scopes_supported": [
          "openid",
          "profile",
          "email",
          "offline_access"
        ],
        "issuer": "https://login.microsoftonline.com/00000000-0000-0000-0000-000000000000/v2.0",
        "request_uri_parameter_supported": false,
        "userinfo_endpoint": "https://graph.microsoft.com/oidc/userinfo",
        "authorization_endpoint": "https://login.microsoftonline.com/00000000-0000-0000-0000-000000000000/oauth2/v2.0/authorize",
        "device_authorization_endpoint": "https://login.microsoftonline.com/00000000-0000-0000-0000-000000000000/oauth2/v2.0/devicecode",
        "http_logout_supported": true,
        "frontchannel_logout_supported": true,
        "end_session_endpoint": "https://login.microsoftonline.com/00000000-0000-0000-0000-000000000000/oauth2/v2.0/logout",
        "claims_supported": [
          "sub",
          "iss",
          "cloud_instance_name",
          "cloud_instance_host_name",
          "cloud_graph_host_name",
          "msgraph_host",
          "aud",
          "exp",
          "iat",
          "auth_time",
          "acr",
          "nonce",
          "preferred_username",
          "name",
          "tid",
          "ver",
          "at_hash",
          "c_hash",
          "email"
        ],
        "kerberos_endpoint": "https://login.microsoftonline.com/00000000-0000-0000-0000-000000000000/kerberos",
        "tenant_region_scope": "WW",
        "cloud_instance_name": "microsoftonline.com",
        "cloud_graph_host_name": "graph.windows.net",
        "msgraph_host": "graph.microsoft.com",
        "rbac_url": "https://pas.windows.net"
      }
    },
    {
      "RequestUri": "https://login.microsoftonline.com/common/discovery/instance?api-version=1.1\u0026authorization_endpoint=https://login.microsoftonline.com/common/oauth2/authorize",
      "RequestMethod": "GET",
      "RequestHeaders": {
        "Accept": "application/json",
        "Accept-Encoding": "gzip, deflate",
        "Connection": "keep-alive",
        "Cookie": "cookie;",
        "User-Agent": "azsdk-python-identity/1.11.0b3 Python/3.9.5 (Windows-10-10.0.19044-SP0)"
      },
      "RequestBody": null,
      "StatusCode": 200,
      "ResponseHeaders": {
        "Access-Control-Allow-Methods": "GET, OPTIONS",
        "Access-Control-Allow-Origin": "*",
        "Cache-Control": "max-age=86400, private",
        "Content-Length": "945",
        "Content-Type": "application/json; charset=utf-8",
        "Date": "Tue, 26 Jul 2022 12:51:18 GMT",
        "P3P": "CP=\u0022DSP CUR OTPi IND OTRi ONL FIN\u0022",
        "Set-Cookie": "[set-cookie;]",
        "Strict-Transport-Security": "max-age=31536000; includeSubDomains",
        "X-Content-Type-Options": "nosniff",
        "x-ms-ests-server": "2.1.13315.8 - NEULR2 ProdSlices",
        "X-XSS-Protection": "0"
      },
      "ResponseBody": {
        "tenant_discovery_endpoint": "https://login.microsoftonline.com/common/.well-known/openid-configuration",
        "api-version": "1.1",
        "metadata": [
          {
            "preferred_network": "login.microsoftonline.com",
            "preferred_cache": "login.windows.net",
            "aliases": [
              "login.microsoftonline.com",
              "login.windows.net",
              "login.microsoft.com",
              "sts.windows.net"
            ]
          },
          {
            "preferred_network": "login.partner.microsoftonline.cn",
            "preferred_cache": "login.partner.microsoftonline.cn",
            "aliases": [
              "login.partner.microsoftonline.cn",
              "login.chinacloudapi.cn"
            ]
          },
          {
            "preferred_network": "login.microsoftonline.de",
            "preferred_cache": "login.microsoftonline.de",
            "aliases": [
              "login.microsoftonline.de"
            ]
          },
          {
            "preferred_network": "login.microsoftonline.us",
            "preferred_cache": "login.microsoftonline.us",
            "aliases": [
              "login.microsoftonline.us",
              "login.usgovcloudapi.net"
            ]
          },
          {
            "preferred_network": "login-us.microsoftonline.com",
            "preferred_cache": "login-us.microsoftonline.com",
            "aliases": [
              "login-us.microsoftonline.com"
            ]
          }
        ]
      }
    },
    {
      "RequestUri": "https://login.microsoftonline.com/00000000-0000-0000-0000-000000000000/oauth2/v2.0/token",
      "RequestMethod": "POST",
      "RequestHeaders": {
        "Accept": "application/json",
        "Accept-Encoding": "gzip, deflate",
        "client-request-id": "d0a072fc-fcfb-477a-8331-2e33b63ebaaa",
        "Connection": "keep-alive",
        "Content-Length": "281",
        "Content-Type": "application/x-www-form-urlencoded",
        "Cookie": "cookie;",
        "User-Agent": "azsdk-python-identity/1.11.0b3 Python/3.9.5 (Windows-10-10.0.19044-SP0)",
        "x-client-cpu": "x64",
        "x-client-current-telemetry": "4|730,0|",
        "x-client-last-telemetry": "4|0|||",
        "x-client-os": "win32",
        "x-client-sku": "MSAL.Python",
        "x-client-ver": "1.18.0",
        "x-ms-lib-capability": "retry-after, h429"
      },
      "RequestBody": "client_id=c6c4faba-2b22-44d9-80a4-71ff5b71f811\u0026grant_type=client_credentials\u0026client_info=1\u0026client_secret=%7BQR%5B%2B%40avhE%2B3qiyY1Xf\u0026claims=%7B%22access_token%22%3A\u002B%7B%22xms_cc%22%3A\u002B%7B%22values%22%3A\u002B%5B%22CP1%22%5D%7D%7D%7D\u0026scope=https%3A%2F%2Fmanagement.azure.com%2F.default",
      "StatusCode": 200,
      "ResponseHeaders": {
        "Cache-Control": "no-store, no-cache",
        "client-request-id": "d0a072fc-fcfb-477a-8331-2e33b63ebaaa",
        "Content-Length": "114",
        "Content-Type": "application/json; charset=utf-8",
        "Date": "Tue, 26 Jul 2022 12:51:18 GMT",
        "Expires": "-1",
        "P3P": "CP=\u0022DSP CUR OTPi IND OTRi ONL FIN\u0022",
        "Pragma": "no-cache",
        "Set-Cookie": "[set-cookie;]",
        "Strict-Transport-Security": "max-age=31536000; includeSubDomains",
        "X-Content-Type-Options": "nosniff",
        "x-ms-clitelem": "1,0,0,,",
        "x-ms-ests-server": "2.1.13355.6 - WEULR1 ProdSlices",
        "X-XSS-Protection": "0"
      },
      "ResponseBody": {
        "token_type": "Bearer",
        "expires_in": 86399,
        "ext_expires_in": 86399,
        "refresh_in": 43199,
        "access_token": "access_token"
      }
    },
    {
      "RequestUri": "https://management.azure.com/subscriptions/00000000-0000-0000-0000-000000000000/resourceGroups/sdk-python-tests-rg/providers/Microsoft.NetApp/netAppAccounts/sdk-py-tests-acc-1-74e025c5?api-version=2022-03-01",
      "RequestMethod": "PUT",
      "RequestHeaders": {
        "Accept": "application/json",
        "Accept-Encoding": "gzip, deflate",
        "Connection": "keep-alive",
        "Content-Length": "23",
        "Content-Type": "application/json",
        "User-Agent": "azsdk-python-mgmt-netapp/5.1.0 Python/3.9.5 (Windows-10-10.0.19044-SP0)"
      },
      "RequestBody": {
        "location": "westus2"
      },
      "StatusCode": 201,
      "ResponseHeaders": {
        "Azure-AsyncOperation": "https://management.azure.com/subscriptions/00000000-0000-0000-0000-000000000000/providers/Microsoft.NetApp/locations/westus2/operationResults/50b6ab77-480c-4e7a-b38e-a8a0e16d5174?api-version=2022-03-01",
        "Cache-Control": "no-cache",
        "Content-Length": "702",
        "Content-Type": "application/json; charset=utf-8",
        "Date": "Tue, 26 Jul 2022 12:51:21 GMT",
        "ETag": "W/\u0022datetime\u00272022-07-26T12%3A51%3A21.1287521Z\u0027\u0022",
        "Expires": "-1",
        "Pragma": "no-cache",
        "Server": "Microsoft-IIS/10.0",
        "Strict-Transport-Security": "max-age=31536000; includeSubDomains",
        "X-Content-Type-Options": "nosniff",
        "x-ms-correlation-request-id": "12f9a324-f252-410f-a89d-c18e7c77b8b4",
        "x-ms-ratelimit-remaining-subscription-writes": "1197",
        "x-ms-routing-request-id": "FRANCESOUTH:20220726T125122Z:12f9a324-f252-410f-a89d-c18e7c77b8b4",
        "X-Powered-By": "ASP.NET"
      },
      "ResponseBody": {
        "id": "/subscriptions/00000000-0000-0000-0000-000000000000/resourceGroups/sdk-python-tests-rg/providers/Microsoft.NetApp/netAppAccounts/sdk-py-tests-acc-1-74e025c5",
        "name": "sdk-py-tests-acc-1-74e025c5",
        "type": "Microsoft.NetApp/netAppAccounts",
        "etag": "W/\u0022datetime\u00272022-07-26T12%3A51%3A21.1287521Z\u0027\u0022",
        "location": "westus2",
        "tags": {
          "CreatedOnDate": "2022-07-26T12:51:19.8902575Z"
        },
        "properties": {
          "provisioningState": "Creating"
        },
        "systemData": {
          "createdBy": "c6c4faba-2b22-44d9-80a4-71ff5b71f811",
          "createdByType": "Application",
          "createdAt": "2022-07-26T12:51:20.9581683Z",
          "lastModifiedBy": "c6c4faba-2b22-44d9-80a4-71ff5b71f811",
          "lastModifiedByType": "Application",
          "lastModifiedAt": "2022-07-26T12:51:20.9581683Z"
        }
      }
    },
    {
      "RequestUri": "https://management.azure.com/subscriptions/00000000-0000-0000-0000-000000000000/providers/Microsoft.NetApp/locations/westus2/operationResults/50b6ab77-480c-4e7a-b38e-a8a0e16d5174?api-version=2022-03-01",
      "RequestMethod": "GET",
      "RequestHeaders": {
        "Accept": "*/*",
        "Accept-Encoding": "gzip, deflate",
        "Connection": "keep-alive",
        "User-Agent": "azsdk-python-mgmt-netapp/5.1.0 Python/3.9.5 (Windows-10-10.0.19044-SP0)"
      },
      "RequestBody": null,
      "StatusCode": 200,
      "ResponseHeaders": {
        "Cache-Control": "no-cache",
        "Content-Encoding": "gzip",
        "Content-Type": "application/json; charset=utf-8",
        "Date": "Tue, 26 Jul 2022 12:51:52 GMT",
        "Expires": "-1",
        "Pragma": "no-cache",
        "Server": "Microsoft-IIS/10.0",
        "Strict-Transport-Security": "max-age=31536000; includeSubDomains",
        "Transfer-Encoding": "chunked",
        "Vary": "Accept-Encoding",
        "X-Content-Type-Options": "nosniff",
        "x-ms-correlation-request-id": "abca9959-42b8-4f81-a3ae-9d7b7d1193ba",
        "x-ms-ratelimit-remaining-subscription-reads": "11986",
        "x-ms-routing-request-id": "FRANCESOUTH:20220726T125152Z:abca9959-42b8-4f81-a3ae-9d7b7d1193ba",
        "X-Powered-By": "ASP.NET"
      },
      "ResponseBody": {
        "id": "/subscriptions/00000000-0000-0000-0000-000000000000/providers/Microsoft.NetApp/locations/westus2/operationResults/50b6ab77-480c-4e7a-b38e-a8a0e16d5174",
        "name": "50b6ab77-480c-4e7a-b38e-a8a0e16d5174",
        "status": "Succeeded",
        "startTime": "2022-07-26T12:51:21.1260414Z",
        "endTime": "2022-07-26T12:51:21.1729646Z",
        "percentComplete": 100.0,
        "properties": {
          "resourceName": "/subscriptions/00000000-0000-0000-0000-000000000000/resourceGroups/sdk-python-tests-rg/providers/Microsoft.NetApp/netAppAccounts/sdk-py-tests-acc-1-74e025c5"
        }
      }
    },
    {
      "RequestUri": "https://management.azure.com/subscriptions/00000000-0000-0000-0000-000000000000/resourceGroups/sdk-python-tests-rg/providers/Microsoft.NetApp/netAppAccounts/sdk-py-tests-acc-1-74e025c5?api-version=2022-03-01",
      "RequestMethod": "GET",
      "RequestHeaders": {
        "Accept": "*/*",
        "Accept-Encoding": "gzip, deflate",
        "Connection": "keep-alive",
        "User-Agent": "azsdk-python-mgmt-netapp/5.1.0 Python/3.9.5 (Windows-10-10.0.19044-SP0)"
      },
      "RequestBody": null,
      "StatusCode": 200,
      "ResponseHeaders": {
        "Cache-Control": "no-cache",
        "Content-Encoding": "gzip",
        "Content-Type": "application/json; charset=utf-8",
        "Date": "Tue, 26 Jul 2022 12:51:52 GMT",
        "ETag": "W/\u0022datetime\u00272022-07-26T12%3A51%3A21.1773379Z\u0027\u0022",
        "Expires": "-1",
        "Pragma": "no-cache",
        "Server": "Microsoft-IIS/10.0",
        "Strict-Transport-Security": "max-age=31536000; includeSubDomains",
        "Transfer-Encoding": "chunked",
        "Vary": "Accept-Encoding",
        "X-Content-Type-Options": "nosniff",
        "x-ms-correlation-request-id": "b858ff23-47ff-47bd-bb4d-0fa84a95163e",
        "x-ms-ratelimit-remaining-subscription-reads": "11985",
        "x-ms-routing-request-id": "FRANCESOUTH:20220726T125153Z:b858ff23-47ff-47bd-bb4d-0fa84a95163e",
        "X-Powered-By": "ASP.NET"
      },
      "ResponseBody": {
        "id": "/subscriptions/00000000-0000-0000-0000-000000000000/resourceGroups/sdk-python-tests-rg/providers/Microsoft.NetApp/netAppAccounts/sdk-py-tests-acc-1-74e025c5",
        "name": "sdk-py-tests-acc-1-74e025c5",
        "type": "Microsoft.NetApp/netAppAccounts",
        "etag": "W/\u0022datetime\u00272022-07-26T12%3A51%3A21.1773379Z\u0027\u0022",
        "location": "westus2",
        "tags": {
          "CreatedOnDate": "2022-07-26T12:51:19.8902575Z"
        },
        "properties": {
          "activeDirectories": [
            {
              "activeDirectoryId": "503d38f9-f17c-f92d-ef26-b0d46374534b",
              "username": "sdkuser",
              "password": "****************",
              "domain": "sdkdomain",
              "dns": "192.0.2.2",
              "status": "Created",
              "smbServerName": "SDKSMBSeNa",
              "organizationalUnit": "CN=Computers",
              "aesEncryption": false,
              "ldapSigning": false,
              "ldapOverTLS": false,
              "allowLocalNFSUsersWithLdap": false,
              "encryptDCConnections": false,
              "ldapSearchScope": {}
            }
          ],
          "encryption": {
            "keySource": "Microsoft.NetApp"
          },
          "provisioningState": "Succeeded"
        },
        "systemData": {
          "createdBy": "c6c4faba-2b22-44d9-80a4-71ff5b71f811",
          "createdByType": "Application",
          "createdAt": "2022-07-26T12:51:20.9581683Z",
          "lastModifiedBy": "c6c4faba-2b22-44d9-80a4-71ff5b71f811",
          "lastModifiedByType": "Application",
          "lastModifiedAt": "2022-07-26T12:51:20.9581683Z"
        }
      }
    },
    {
      "RequestUri": "https://management.azure.com/subscriptions/00000000-0000-0000-0000-000000000000/resourceGroups/sdk-python-tests-rg/providers/Microsoft.NetApp/netAppAccounts/sdk-py-tests-acc-1-74e025c5/capacityPools/sdk-py-tests-pool-1?api-version=2022-03-01",
      "RequestMethod": "PUT",
      "RequestHeaders": {
        "Accept": "application/json",
        "Accept-Encoding": "gzip, deflate",
        "Connection": "keep-alive",
        "Content-Length": "138",
        "Content-Type": "application/json",
        "User-Agent": "azsdk-python-mgmt-netapp/5.1.0 Python/3.9.5 (Windows-10-10.0.19044-SP0)"
      },
      "RequestBody": {
        "location": "westus2",
        "properties": {
          "size": 4398046511104,
          "serviceLevel": "Premium",
          "coolAccess": false,
          "encryptionType": "Single"
        }
      },
      "StatusCode": 201,
      "ResponseHeaders": {
        "Azure-AsyncOperation": "https://management.azure.com/subscriptions/00000000-0000-0000-0000-000000000000/providers/Microsoft.NetApp/locations/westus2/operationResults/ad70dace-5cd6-4f35-a890-2acb42bd8882?api-version=2022-03-01",
        "Cache-Control": "no-cache",
        "Content-Length": "918",
        "Content-Type": "application/json; charset=utf-8",
        "Date": "Tue, 26 Jul 2022 12:51:56 GMT",
        "ETag": "W/\u0022datetime\u00272022-07-26T12%3A51%3A55.4680572Z\u0027\u0022",
        "Expires": "-1",
        "Pragma": "no-cache",
        "Server": "Microsoft-IIS/10.0",
        "Strict-Transport-Security": "max-age=31536000; includeSubDomains",
        "X-Content-Type-Options": "nosniff",
        "x-ms-correlation-request-id": "1e02525e-bd7a-43ab-8d48-287b64b7681c",
        "x-ms-ratelimit-remaining-subscription-writes": "1196",
        "x-ms-routing-request-id": "FRANCESOUTH:20220726T125156Z:1e02525e-bd7a-43ab-8d48-287b64b7681c",
        "X-Powered-By": "ASP.NET"
      },
      "ResponseBody": {
        "id": "/subscriptions/00000000-0000-0000-0000-000000000000/resourceGroups/sdk-python-tests-rg/providers/Microsoft.NetApp/netAppAccounts/sdk-py-tests-acc-1-74e025c5/capacityPools/sdk-py-tests-pool-1",
        "name": "sdk-py-tests-acc-1-74e025c5/sdk-py-tests-pool-1",
        "type": "Microsoft.NetApp/netAppAccounts/capacityPools",
        "etag": "W/\u0022datetime\u00272022-07-26T12%3A51%3A55.4680572Z\u0027\u0022",
        "location": "westus2",
        "tags": {
          "CreatedOnDate": "2022-07-26T12:51:53.4959802Z"
        },
        "properties": {
          "serviceLevel": "Premium",
          "size": 4398046511104,
          "totalThroughputMibps": 0.0,
          "utilizedThroughputMibps": 0.0,
          "encryptionType": "Single",
          "coolAccess": false,
          "provisioningState": "Creating"
        },
        "systemData": {
          "createdBy": "c6c4faba-2b22-44d9-80a4-71ff5b71f811",
          "createdByType": "Application",
          "createdAt": "2022-07-26T12:51:55.2901805Z",
          "lastModifiedBy": "c6c4faba-2b22-44d9-80a4-71ff5b71f811",
          "lastModifiedByType": "Application",
          "lastModifiedAt": "2022-07-26T12:51:55.2901805Z"
        }
      }
    },
    {
      "RequestUri": "https://management.azure.com/subscriptions/00000000-0000-0000-0000-000000000000/providers/Microsoft.NetApp/locations/westus2/operationResults/ad70dace-5cd6-4f35-a890-2acb42bd8882?api-version=2022-03-01",
      "RequestMethod": "GET",
      "RequestHeaders": {
        "Accept": "*/*",
        "Accept-Encoding": "gzip, deflate",
        "Connection": "keep-alive",
        "User-Agent": "azsdk-python-mgmt-netapp/5.1.0 Python/3.9.5 (Windows-10-10.0.19044-SP0)"
      },
      "RequestBody": null,
      "StatusCode": 200,
      "ResponseHeaders": {
        "Cache-Control": "no-cache",
        "Content-Encoding": "gzip",
        "Content-Type": "application/json; charset=utf-8",
        "Date": "Tue, 26 Jul 2022 12:52:26 GMT",
        "Expires": "-1",
        "Pragma": "no-cache",
        "Server": "Microsoft-IIS/10.0",
        "Strict-Transport-Security": "max-age=31536000; includeSubDomains",
        "Transfer-Encoding": "chunked",
        "Vary": "Accept-Encoding",
        "X-Content-Type-Options": "nosniff",
        "x-ms-correlation-request-id": "3c7fa5e6-f272-4444-abe6-deaab445ed9b",
        "x-ms-ratelimit-remaining-subscription-reads": "11984",
        "x-ms-routing-request-id": "FRANCESOUTH:20220726T125226Z:3c7fa5e6-f272-4444-abe6-deaab445ed9b",
        "X-Powered-By": "ASP.NET"
      },
      "ResponseBody": {
        "id": "/subscriptions/00000000-0000-0000-0000-000000000000/providers/Microsoft.NetApp/locations/westus2/operationResults/ad70dace-5cd6-4f35-a890-2acb42bd8882",
        "name": "ad70dace-5cd6-4f35-a890-2acb42bd8882",
        "status": "Succeeded",
        "startTime": "2022-07-26T12:51:55.4604644Z",
        "endTime": "2022-07-26T12:51:55.6947907Z",
        "percentComplete": 100.0,
        "properties": {
          "resourceName": "/subscriptions/00000000-0000-0000-0000-000000000000/resourceGroups/sdk-python-tests-rg/providers/Microsoft.NetApp/netAppAccounts/sdk-py-tests-acc-1-74e025c5/capacityPools/sdk-py-tests-pool-1"
        }
      }
    },
    {
      "RequestUri": "https://management.azure.com/subscriptions/00000000-0000-0000-0000-000000000000/resourceGroups/sdk-python-tests-rg/providers/Microsoft.NetApp/netAppAccounts/sdk-py-tests-acc-1-74e025c5/capacityPools/sdk-py-tests-pool-1?api-version=2022-03-01",
      "RequestMethod": "GET",
      "RequestHeaders": {
        "Accept": "*/*",
        "Accept-Encoding": "gzip, deflate",
        "Connection": "keep-alive",
        "User-Agent": "azsdk-python-mgmt-netapp/5.1.0 Python/3.9.5 (Windows-10-10.0.19044-SP0)"
      },
      "RequestBody": null,
      "StatusCode": 200,
      "ResponseHeaders": {
        "Cache-Control": "no-cache",
        "Content-Encoding": "gzip",
        "Content-Type": "application/json; charset=utf-8",
        "Date": "Tue, 26 Jul 2022 12:52:26 GMT",
        "ETag": "W/\u0022datetime\u00272022-07-26T12%3A51%3A55.6888697Z\u0027\u0022",
        "Expires": "-1",
        "Pragma": "no-cache",
        "Server": "Microsoft-IIS/10.0",
        "Strict-Transport-Security": "max-age=31536000; includeSubDomains",
        "Transfer-Encoding": "chunked",
        "Vary": "Accept-Encoding",
        "X-Content-Type-Options": "nosniff",
        "x-ms-correlation-request-id": "50281333-c687-4b6e-846b-340d68b32974",
        "x-ms-ratelimit-remaining-subscription-reads": "11983",
        "x-ms-routing-request-id": "FRANCESOUTH:20220726T125227Z:50281333-c687-4b6e-846b-340d68b32974",
        "X-Powered-By": "ASP.NET"
      },
      "ResponseBody": {
        "id": "/subscriptions/00000000-0000-0000-0000-000000000000/resourceGroups/sdk-python-tests-rg/providers/Microsoft.NetApp/netAppAccounts/sdk-py-tests-acc-1-74e025c5/capacityPools/sdk-py-tests-pool-1",
        "name": "sdk-py-tests-acc-1-74e025c5/sdk-py-tests-pool-1",
        "type": "Microsoft.NetApp/netAppAccounts/capacityPools",
        "etag": "W/\u0022datetime\u00272022-07-26T12%3A51%3A55.6888697Z\u0027\u0022",
        "location": "westus2",
        "tags": {
          "CreatedOnDate": "2022-07-26T12:51:53.4959802Z"
        },
        "properties": {
          "poolId": "8eb17a77-ebbd-13eb-a71e-3cec7a0eda91",
          "serviceLevel": "Premium",
          "size": 4398046511104,
          "qosType": "Auto",
          "totalThroughputMibps": 256.0,
          "utilizedThroughputMibps": 0.0,
          "encryptionType": "Single",
          "coolAccess": false,
          "provisioningState": "Succeeded"
        }
      }
    },
    {
      "RequestUri": "https://management.azure.com/subscriptions/00000000-0000-0000-0000-000000000000/resourceGroups/sdk-python-tests-rg/providers/Microsoft.NetApp/netAppAccounts/sdk-py-tests-acc-1-74e025c5/capacityPools/sdk-py-tests-pool-1/volumes/sdk-py-tests-vol-3-74e025c5?api-version=2022-03-01",
      "RequestMethod": "PUT",
      "RequestHeaders": {
        "Accept": "application/json",
        "Accept-Encoding": "gzip, deflate",
        "Connection": "keep-alive",
        "Content-Length": "779",
        "Content-Type": "application/json",
        "User-Agent": "azsdk-python-mgmt-netapp/5.1.0 Python/3.9.5 (Windows-10-10.0.19044-SP0)"
      },
      "RequestBody": {
        "location": "westus2",
        "properties": {
          "creationToken": "sdk-py-tests-vol-3-74e025c5",
          "serviceLevel": "Premium",
          "usageThreshold": 107374182400,
          "protocolTypes": [
            "NFSv3"
          ],
          "subnetId": "/subscriptions/00000000-0000-0000-0000-000000000000/resourceGroups/sdk-python-tests-rg/providers/Microsoft.Network/virtualNetworks/sdk-python-tests-vnet-westus2-74e025c5/subnets/default",
          "networkFeatures": "Basic",
          "snapshotDirectoryVisible": true,
          "kerberosEnabled": false,
          "securityStyle": "unix",
          "smbEncryption": false,
          "smbContinuouslyAvailable": false,
          "encryptionKeySource": "Microsoft.NetApp",
          "ldapEnabled": false,
          "coolAccess": false,
          "unixPermissions": "0770",
          "avsDataStore": "Disabled",
          "isDefaultQuotaEnabled": false,
          "defaultUserQuotaInKiBs": 0,
          "defaultGroupQuotaInKiBs": 0
        }
      },
      "StatusCode": 201,
      "ResponseHeaders": {
        "Azure-AsyncOperation": "https://management.azure.com/subscriptions/00000000-0000-0000-0000-000000000000/providers/Microsoft.NetApp/locations/westus2/operationResults/09bcacfd-c60c-4ec6-87d0-5ce07b81384c?api-version=2022-03-01",
        "Cache-Control": "no-cache",
        "Content-Length": "1577",
        "Content-Type": "application/json; charset=utf-8",
        "Date": "Tue, 26 Jul 2022 12:52:40 GMT",
        "ETag": "W/\u0022datetime\u00272022-07-26T12%3A52%3A39.0590553Z\u0027\u0022",
        "Expires": "-1",
        "Pragma": "no-cache",
        "Server": "Microsoft-IIS/10.0",
        "Strict-Transport-Security": "max-age=31536000; includeSubDomains",
        "X-Content-Type-Options": "nosniff",
        "x-ms-correlation-request-id": "3c07b444-6f4d-4f63-a57c-70891d04751b",
        "x-ms-ratelimit-remaining-subscription-writes": "1195",
        "x-ms-routing-request-id": "FRANCESOUTH:20220726T125240Z:3c07b444-6f4d-4f63-a57c-70891d04751b",
        "X-Powered-By": "ASP.NET"
      },
      "ResponseBody": {
        "id": "/subscriptions/00000000-0000-0000-0000-000000000000/resourceGroups/sdk-python-tests-rg/providers/Microsoft.NetApp/netAppAccounts/sdk-py-tests-acc-1-74e025c5/capacityPools/sdk-py-tests-pool-1/volumes/sdk-py-tests-vol-3-74e025c5",
        "name": "sdk-py-tests-acc-1-74e025c5/sdk-py-tests-pool-1/sdk-py-tests-vol-3-74e025c5",
        "type": "Microsoft.NetApp/netAppAccounts/capacityPools/volumes",
        "etag": "W/\u0022datetime\u00272022-07-26T12%3A52%3A39.0590553Z\u0027\u0022",
        "location": "westus2",
        "tags": {
          "CreatedOnDate": "2022-07-26T12:52:37.5733592Z"
        },
        "properties": {
          "serviceLevel": "Premium",
          "creationToken": "sdk-py-tests-vol-3-74e025c5",
          "usageThreshold": 107374182400,
          "protocolTypes": [
            "NFSv3"
          ],
          "subnetId": "/subscriptions/00000000-0000-0000-0000-000000000000/resourceGroups/sdk-python-tests-rg/providers/Microsoft.Network/virtualNetworks/sdk-python-tests-vnet-westus2-74e025c5/subnets/default",
          "networkFeatures": "Basic",
          "snapshotDirectoryVisible": true,
          "kerberosEnabled": false,
          "securityStyle": "unix",
          "smbEncryption": false,
          "smbContinuouslyAvailable": false,
          "encryptionKeySource": "Microsoft.NetApp",
          "ldapEnabled": false,
          "unixPermissions": "0770",
          "coolAccess": false,
          "avsDataStore": "Disabled",
          "isDefaultQuotaEnabled": false,
          "defaultUserQuotaInKiBs": 0,
          "defaultGroupQuotaInKiBs": 0,
          "maximumNumberOfFiles": 100000000,
          "provisioningState": "Creating"
        },
        "systemData": {
          "createdBy": "c6c4faba-2b22-44d9-80a4-71ff5b71f811",
          "createdByType": "Application",
          "createdAt": "2022-07-26T12:52:38.7679293Z",
          "lastModifiedBy": "c6c4faba-2b22-44d9-80a4-71ff5b71f811",
          "lastModifiedByType": "Application",
          "lastModifiedAt": "2022-07-26T12:52:38.7679293Z"
        }
      }
    },
    {
      "RequestUri": "https://management.azure.com/subscriptions/00000000-0000-0000-0000-000000000000/providers/Microsoft.NetApp/locations/westus2/operationResults/09bcacfd-c60c-4ec6-87d0-5ce07b81384c?api-version=2022-03-01",
      "RequestMethod": "GET",
      "RequestHeaders": {
        "Accept": "*/*",
        "Accept-Encoding": "gzip, deflate",
        "Connection": "keep-alive",
        "User-Agent": "azsdk-python-mgmt-netapp/5.1.0 Python/3.9.5 (Windows-10-10.0.19044-SP0)"
      },
      "RequestBody": null,
      "StatusCode": 200,
      "ResponseHeaders": {
        "Cache-Control": "no-cache",
        "Content-Encoding": "gzip",
        "Content-Type": "application/json; charset=utf-8",
        "Date": "Tue, 26 Jul 2022 12:53:09 GMT",
        "Expires": "-1",
        "Pragma": "no-cache",
        "Server": "Microsoft-IIS/10.0",
        "Strict-Transport-Security": "max-age=31536000; includeSubDomains",
        "Transfer-Encoding": "chunked",
        "Vary": "Accept-Encoding",
        "X-Content-Type-Options": "nosniff",
        "x-ms-correlation-request-id": "f8dd70d7-d014-4596-9fd4-ae8cbedb237b",
        "x-ms-ratelimit-remaining-subscription-reads": "11982",
        "x-ms-routing-request-id": "FRANCESOUTH:20220726T125310Z:f8dd70d7-d014-4596-9fd4-ae8cbedb237b",
        "X-Powered-By": "ASP.NET"
      },
      "ResponseBody": {
        "id": "/subscriptions/00000000-0000-0000-0000-000000000000/providers/Microsoft.NetApp/locations/westus2/operationResults/09bcacfd-c60c-4ec6-87d0-5ce07b81384c",
        "name": "09bcacfd-c60c-4ec6-87d0-5ce07b81384c",
        "status": "Creating",
        "startTime": "2022-07-26T12:52:39.0610825Z",
        "endTime": "0001-01-01T00:00:00Z",
        "percentComplete": 0.0,
        "properties": {
          "resourceName": "/subscriptions/00000000-0000-0000-0000-000000000000/resourceGroups/sdk-python-tests-rg/providers/Microsoft.NetApp/netAppAccounts/sdk-py-tests-acc-1-74e025c5/capacityPools/sdk-py-tests-pool-1/volumes/sdk-py-tests-vol-3-74e025c5"
        }
      }
    },
    {
      "RequestUri": "https://management.azure.com/subscriptions/00000000-0000-0000-0000-000000000000/providers/Microsoft.NetApp/locations/westus2/operationResults/09bcacfd-c60c-4ec6-87d0-5ce07b81384c?api-version=2022-03-01",
      "RequestMethod": "GET",
      "RequestHeaders": {
        "Accept": "*/*",
        "Accept-Encoding": "gzip, deflate",
        "Connection": "keep-alive",
        "User-Agent": "azsdk-python-mgmt-netapp/5.1.0 Python/3.9.5 (Windows-10-10.0.19044-SP0)"
      },
      "RequestBody": null,
      "StatusCode": 200,
      "ResponseHeaders": {
        "Cache-Control": "no-cache",
        "Content-Encoding": "gzip",
        "Content-Type": "application/json; charset=utf-8",
        "Date": "Tue, 26 Jul 2022 12:53:39 GMT",
        "Expires": "-1",
        "Pragma": "no-cache",
        "Server": "Microsoft-IIS/10.0",
        "Strict-Transport-Security": "max-age=31536000; includeSubDomains",
        "Transfer-Encoding": "chunked",
        "Vary": "Accept-Encoding",
        "X-Content-Type-Options": "nosniff",
        "x-ms-correlation-request-id": "05dbd5f9-46af-4a1a-9558-25e3ecafa718",
        "x-ms-ratelimit-remaining-subscription-reads": "11981",
        "x-ms-routing-request-id": "FRANCESOUTH:20220726T125340Z:05dbd5f9-46af-4a1a-9558-25e3ecafa718",
        "X-Powered-By": "ASP.NET"
      },
      "ResponseBody": {
        "id": "/subscriptions/00000000-0000-0000-0000-000000000000/providers/Microsoft.NetApp/locations/westus2/operationResults/09bcacfd-c60c-4ec6-87d0-5ce07b81384c",
        "name": "09bcacfd-c60c-4ec6-87d0-5ce07b81384c",
        "status": "Creating",
        "startTime": "2022-07-26T12:52:39.0610825Z",
        "endTime": "0001-01-01T00:00:00Z",
        "percentComplete": 0.0,
        "properties": {
          "resourceName": "/subscriptions/00000000-0000-0000-0000-000000000000/resourceGroups/sdk-python-tests-rg/providers/Microsoft.NetApp/netAppAccounts/sdk-py-tests-acc-1-74e025c5/capacityPools/sdk-py-tests-pool-1/volumes/sdk-py-tests-vol-3-74e025c5"
        }
      }
    },
    {
      "RequestUri": "https://management.azure.com/subscriptions/00000000-0000-0000-0000-000000000000/providers/Microsoft.NetApp/locations/westus2/operationResults/09bcacfd-c60c-4ec6-87d0-5ce07b81384c?api-version=2022-03-01",
      "RequestMethod": "GET",
      "RequestHeaders": {
        "Accept": "*/*",
        "Accept-Encoding": "gzip, deflate",
        "Connection": "keep-alive",
        "User-Agent": "azsdk-python-mgmt-netapp/5.1.0 Python/3.9.5 (Windows-10-10.0.19044-SP0)"
      },
      "RequestBody": null,
      "StatusCode": 200,
      "ResponseHeaders": {
        "Cache-Control": "no-cache",
        "Content-Encoding": "gzip",
        "Content-Type": "application/json; charset=utf-8",
        "Date": "Tue, 26 Jul 2022 12:54:10 GMT",
        "Expires": "-1",
        "Pragma": "no-cache",
        "Server": "Microsoft-IIS/10.0",
        "Strict-Transport-Security": "max-age=31536000; includeSubDomains",
        "Transfer-Encoding": "chunked",
        "Vary": "Accept-Encoding",
        "X-Content-Type-Options": "nosniff",
        "x-ms-correlation-request-id": "86e33cc1-308c-4c9c-9842-2f07dc4d7ca4",
        "x-ms-ratelimit-remaining-subscription-reads": "11980",
        "x-ms-routing-request-id": "FRANCESOUTH:20220726T125410Z:86e33cc1-308c-4c9c-9842-2f07dc4d7ca4",
        "X-Powered-By": "ASP.NET"
      },
      "ResponseBody": {
        "id": "/subscriptions/00000000-0000-0000-0000-000000000000/providers/Microsoft.NetApp/locations/westus2/operationResults/09bcacfd-c60c-4ec6-87d0-5ce07b81384c",
        "name": "09bcacfd-c60c-4ec6-87d0-5ce07b81384c",
        "status": "Creating",
        "startTime": "2022-07-26T12:52:39.0610825Z",
        "endTime": "0001-01-01T00:00:00Z",
        "percentComplete": 0.0,
        "properties": {
          "resourceName": "/subscriptions/00000000-0000-0000-0000-000000000000/resourceGroups/sdk-python-tests-rg/providers/Microsoft.NetApp/netAppAccounts/sdk-py-tests-acc-1-74e025c5/capacityPools/sdk-py-tests-pool-1/volumes/sdk-py-tests-vol-3-74e025c5"
        }
      }
    },
    {
      "RequestUri": "https://management.azure.com/subscriptions/00000000-0000-0000-0000-000000000000/providers/Microsoft.NetApp/locations/westus2/operationResults/09bcacfd-c60c-4ec6-87d0-5ce07b81384c?api-version=2022-03-01",
      "RequestMethod": "GET",
      "RequestHeaders": {
        "Accept": "*/*",
        "Accept-Encoding": "gzip, deflate",
        "Connection": "keep-alive",
        "User-Agent": "azsdk-python-mgmt-netapp/5.1.0 Python/3.9.5 (Windows-10-10.0.19044-SP0)"
      },
      "RequestBody": null,
      "StatusCode": 200,
      "ResponseHeaders": {
        "Cache-Control": "no-cache",
        "Content-Encoding": "gzip",
        "Content-Type": "application/json; charset=utf-8",
        "Date": "Tue, 26 Jul 2022 12:54:40 GMT",
        "Expires": "-1",
        "Pragma": "no-cache",
        "Server": "Microsoft-IIS/10.0",
        "Strict-Transport-Security": "max-age=31536000; includeSubDomains",
        "Transfer-Encoding": "chunked",
        "Vary": "Accept-Encoding",
        "X-Content-Type-Options": "nosniff",
        "x-ms-correlation-request-id": "c9131823-a2a3-47e2-bad1-931426189982",
        "x-ms-ratelimit-remaining-subscription-reads": "11979",
        "x-ms-routing-request-id": "FRANCESOUTH:20220726T125441Z:c9131823-a2a3-47e2-bad1-931426189982",
        "X-Powered-By": "ASP.NET"
      },
      "ResponseBody": {
        "id": "/subscriptions/00000000-0000-0000-0000-000000000000/providers/Microsoft.NetApp/locations/westus2/operationResults/09bcacfd-c60c-4ec6-87d0-5ce07b81384c",
        "name": "09bcacfd-c60c-4ec6-87d0-5ce07b81384c",
        "status": "Creating",
        "startTime": "2022-07-26T12:52:39.0610825Z",
        "endTime": "0001-01-01T00:00:00Z",
        "percentComplete": 0.0,
        "properties": {
          "resourceName": "/subscriptions/00000000-0000-0000-0000-000000000000/resourceGroups/sdk-python-tests-rg/providers/Microsoft.NetApp/netAppAccounts/sdk-py-tests-acc-1-74e025c5/capacityPools/sdk-py-tests-pool-1/volumes/sdk-py-tests-vol-3-74e025c5"
        }
      }
    },
    {
      "RequestUri": "https://management.azure.com/subscriptions/00000000-0000-0000-0000-000000000000/providers/Microsoft.NetApp/locations/westus2/operationResults/09bcacfd-c60c-4ec6-87d0-5ce07b81384c?api-version=2022-03-01",
      "RequestMethod": "GET",
      "RequestHeaders": {
        "Accept": "*/*",
        "Accept-Encoding": "gzip, deflate",
        "Connection": "keep-alive",
        "User-Agent": "azsdk-python-mgmt-netapp/5.1.0 Python/3.9.5 (Windows-10-10.0.19044-SP0)"
      },
      "RequestBody": null,
      "StatusCode": 200,
      "ResponseHeaders": {
        "Cache-Control": "no-cache",
        "Content-Encoding": "gzip",
        "Content-Type": "application/json; charset=utf-8",
        "Date": "Tue, 26 Jul 2022 12:55:11 GMT",
        "Expires": "-1",
        "Pragma": "no-cache",
        "Server": "Microsoft-IIS/10.0",
        "Strict-Transport-Security": "max-age=31536000; includeSubDomains",
        "Transfer-Encoding": "chunked",
        "Vary": "Accept-Encoding",
        "X-Content-Type-Options": "nosniff",
        "x-ms-correlation-request-id": "baa524cd-6f0f-4a76-b6cb-6bbb4637166a",
        "x-ms-ratelimit-remaining-subscription-reads": "11978",
        "x-ms-routing-request-id": "FRANCESOUTH:20220726T125511Z:baa524cd-6f0f-4a76-b6cb-6bbb4637166a",
        "X-Powered-By": "ASP.NET"
      },
      "ResponseBody": {
        "id": "/subscriptions/00000000-0000-0000-0000-000000000000/providers/Microsoft.NetApp/locations/westus2/operationResults/09bcacfd-c60c-4ec6-87d0-5ce07b81384c",
        "name": "09bcacfd-c60c-4ec6-87d0-5ce07b81384c",
        "status": "Creating",
        "startTime": "2022-07-26T12:52:39.0610825Z",
        "endTime": "0001-01-01T00:00:00Z",
        "percentComplete": 0.0,
        "properties": {
          "resourceName": "/subscriptions/00000000-0000-0000-0000-000000000000/resourceGroups/sdk-python-tests-rg/providers/Microsoft.NetApp/netAppAccounts/sdk-py-tests-acc-1-74e025c5/capacityPools/sdk-py-tests-pool-1/volumes/sdk-py-tests-vol-3-74e025c5"
        }
      }
    },
    {
      "RequestUri": "https://management.azure.com/subscriptions/00000000-0000-0000-0000-000000000000/providers/Microsoft.NetApp/locations/westus2/operationResults/09bcacfd-c60c-4ec6-87d0-5ce07b81384c?api-version=2022-03-01",
      "RequestMethod": "GET",
      "RequestHeaders": {
        "Accept": "*/*",
        "Accept-Encoding": "gzip, deflate",
        "Connection": "keep-alive",
        "User-Agent": "azsdk-python-mgmt-netapp/5.1.0 Python/3.9.5 (Windows-10-10.0.19044-SP0)"
      },
      "RequestBody": null,
      "StatusCode": 200,
      "ResponseHeaders": {
        "Cache-Control": "no-cache",
        "Content-Encoding": "gzip",
        "Content-Type": "application/json; charset=utf-8",
        "Date": "Tue, 26 Jul 2022 12:55:42 GMT",
        "Expires": "-1",
        "Pragma": "no-cache",
        "Server": "Microsoft-IIS/10.0",
        "Strict-Transport-Security": "max-age=31536000; includeSubDomains",
        "Transfer-Encoding": "chunked",
        "Vary": "Accept-Encoding",
        "X-Content-Type-Options": "nosniff",
        "x-ms-correlation-request-id": "44f418ff-9afa-46d6-a824-978a2c71a4f6",
        "x-ms-ratelimit-remaining-subscription-reads": "11977",
        "x-ms-routing-request-id": "FRANCESOUTH:20220726T125542Z:44f418ff-9afa-46d6-a824-978a2c71a4f6",
        "X-Powered-By": "ASP.NET"
      },
      "ResponseBody": {
        "id": "/subscriptions/00000000-0000-0000-0000-000000000000/providers/Microsoft.NetApp/locations/westus2/operationResults/09bcacfd-c60c-4ec6-87d0-5ce07b81384c",
        "name": "09bcacfd-c60c-4ec6-87d0-5ce07b81384c",
        "status": "Creating",
        "startTime": "2022-07-26T12:52:39.0610825Z",
        "endTime": "0001-01-01T00:00:00Z",
        "percentComplete": 0.0,
        "properties": {
          "resourceName": "/subscriptions/00000000-0000-0000-0000-000000000000/resourceGroups/sdk-python-tests-rg/providers/Microsoft.NetApp/netAppAccounts/sdk-py-tests-acc-1-74e025c5/capacityPools/sdk-py-tests-pool-1/volumes/sdk-py-tests-vol-3-74e025c5"
        }
      }
    },
    {
      "RequestUri": "https://management.azure.com/subscriptions/00000000-0000-0000-0000-000000000000/providers/Microsoft.NetApp/locations/westus2/operationResults/09bcacfd-c60c-4ec6-87d0-5ce07b81384c?api-version=2022-03-01",
      "RequestMethod": "GET",
      "RequestHeaders": {
        "Accept": "*/*",
        "Accept-Encoding": "gzip, deflate",
        "Connection": "keep-alive",
        "User-Agent": "azsdk-python-mgmt-netapp/5.1.0 Python/3.9.5 (Windows-10-10.0.19044-SP0)"
      },
      "RequestBody": null,
      "StatusCode": 200,
      "ResponseHeaders": {
        "Cache-Control": "no-cache",
        "Content-Encoding": "gzip",
        "Content-Type": "application/json; charset=utf-8",
        "Date": "Tue, 26 Jul 2022 12:56:12 GMT",
        "Expires": "-1",
        "Pragma": "no-cache",
        "Server": "Microsoft-IIS/10.0",
        "Strict-Transport-Security": "max-age=31536000; includeSubDomains",
        "Transfer-Encoding": "chunked",
        "Vary": "Accept-Encoding",
        "X-Content-Type-Options": "nosniff",
        "x-ms-correlation-request-id": "a52f3a13-4a3e-4e6c-acc6-fcdf14091a81",
        "x-ms-ratelimit-remaining-subscription-reads": "11976",
        "x-ms-routing-request-id": "FRANCESOUTH:20220726T125612Z:a52f3a13-4a3e-4e6c-acc6-fcdf14091a81",
        "X-Powered-By": "ASP.NET"
      },
      "ResponseBody": {
        "id": "/subscriptions/00000000-0000-0000-0000-000000000000/providers/Microsoft.NetApp/locations/westus2/operationResults/09bcacfd-c60c-4ec6-87d0-5ce07b81384c",
        "name": "09bcacfd-c60c-4ec6-87d0-5ce07b81384c",
        "status": "Creating",
        "startTime": "2022-07-26T12:52:39.0610825Z",
        "endTime": "0001-01-01T00:00:00Z",
        "percentComplete": 0.0,
        "properties": {
          "resourceName": "/subscriptions/00000000-0000-0000-0000-000000000000/resourceGroups/sdk-python-tests-rg/providers/Microsoft.NetApp/netAppAccounts/sdk-py-tests-acc-1-74e025c5/capacityPools/sdk-py-tests-pool-1/volumes/sdk-py-tests-vol-3-74e025c5"
        }
      }
    },
    {
      "RequestUri": "https://management.azure.com/subscriptions/00000000-0000-0000-0000-000000000000/providers/Microsoft.NetApp/locations/westus2/operationResults/09bcacfd-c60c-4ec6-87d0-5ce07b81384c?api-version=2022-03-01",
      "RequestMethod": "GET",
      "RequestHeaders": {
        "Accept": "*/*",
        "Accept-Encoding": "gzip, deflate",
        "Connection": "keep-alive",
        "User-Agent": "azsdk-python-mgmt-netapp/5.1.0 Python/3.9.5 (Windows-10-10.0.19044-SP0)"
      },
      "RequestBody": null,
      "StatusCode": 200,
      "ResponseHeaders": {
        "Cache-Control": "no-cache",
        "Content-Encoding": "gzip",
        "Content-Type": "application/json; charset=utf-8",
        "Date": "Tue, 26 Jul 2022 12:56:42 GMT",
        "Expires": "-1",
        "Pragma": "no-cache",
        "Server": "Microsoft-IIS/10.0",
        "Strict-Transport-Security": "max-age=31536000; includeSubDomains",
        "Transfer-Encoding": "chunked",
        "Vary": "Accept-Encoding",
        "X-Content-Type-Options": "nosniff",
        "x-ms-correlation-request-id": "8da79251-439f-4884-9d38-ea2a9c20c03a",
        "x-ms-ratelimit-remaining-subscription-reads": "11975",
        "x-ms-routing-request-id": "FRANCESOUTH:20220726T125643Z:8da79251-439f-4884-9d38-ea2a9c20c03a",
        "X-Powered-By": "ASP.NET"
      },
      "ResponseBody": {
        "id": "/subscriptions/00000000-0000-0000-0000-000000000000/providers/Microsoft.NetApp/locations/westus2/operationResults/09bcacfd-c60c-4ec6-87d0-5ce07b81384c",
        "name": "09bcacfd-c60c-4ec6-87d0-5ce07b81384c",
        "status": "Creating",
        "startTime": "2022-07-26T12:52:39.0610825Z",
        "endTime": "0001-01-01T00:00:00Z",
        "percentComplete": 0.0,
        "properties": {
          "resourceName": "/subscriptions/00000000-0000-0000-0000-000000000000/resourceGroups/sdk-python-tests-rg/providers/Microsoft.NetApp/netAppAccounts/sdk-py-tests-acc-1-74e025c5/capacityPools/sdk-py-tests-pool-1/volumes/sdk-py-tests-vol-3-74e025c5"
        }
      }
    },
    {
      "RequestUri": "https://management.azure.com/subscriptions/00000000-0000-0000-0000-000000000000/providers/Microsoft.NetApp/locations/westus2/operationResults/09bcacfd-c60c-4ec6-87d0-5ce07b81384c?api-version=2022-03-01",
      "RequestMethod": "GET",
      "RequestHeaders": {
        "Accept": "*/*",
        "Accept-Encoding": "gzip, deflate",
        "Connection": "keep-alive",
        "User-Agent": "azsdk-python-mgmt-netapp/5.1.0 Python/3.9.5 (Windows-10-10.0.19044-SP0)"
      },
      "RequestBody": null,
      "StatusCode": 200,
      "ResponseHeaders": {
        "Cache-Control": "no-cache",
        "Content-Encoding": "gzip",
        "Content-Type": "application/json; charset=utf-8",
        "Date": "Tue, 26 Jul 2022 12:57:12 GMT",
        "Expires": "-1",
        "Pragma": "no-cache",
        "Server": "Microsoft-IIS/10.0",
        "Strict-Transport-Security": "max-age=31536000; includeSubDomains",
        "Transfer-Encoding": "chunked",
        "Vary": "Accept-Encoding",
        "X-Content-Type-Options": "nosniff",
        "x-ms-correlation-request-id": "bcc9c489-7395-4edf-aa5e-a1b4527b3db7",
        "x-ms-ratelimit-remaining-subscription-reads": "11974",
        "x-ms-routing-request-id": "FRANCESOUTH:20220726T125713Z:bcc9c489-7395-4edf-aa5e-a1b4527b3db7",
        "X-Powered-By": "ASP.NET"
      },
      "ResponseBody": {
        "id": "/subscriptions/00000000-0000-0000-0000-000000000000/providers/Microsoft.NetApp/locations/westus2/operationResults/09bcacfd-c60c-4ec6-87d0-5ce07b81384c",
        "name": "09bcacfd-c60c-4ec6-87d0-5ce07b81384c",
        "status": "Succeeded",
        "startTime": "2022-07-26T12:52:39.0610825Z",
        "endTime": "2022-07-26T12:57:05.7809932Z",
        "percentComplete": 100.0,
        "properties": {
          "resourceName": "/subscriptions/00000000-0000-0000-0000-000000000000/resourceGroups/sdk-python-tests-rg/providers/Microsoft.NetApp/netAppAccounts/sdk-py-tests-acc-1-74e025c5/capacityPools/sdk-py-tests-pool-1/volumes/sdk-py-tests-vol-3-74e025c5"
        }
      }
    },
    {
      "RequestUri": "https://management.azure.com/subscriptions/00000000-0000-0000-0000-000000000000/resourceGroups/sdk-python-tests-rg/providers/Microsoft.NetApp/netAppAccounts/sdk-py-tests-acc-1-74e025c5/capacityPools/sdk-py-tests-pool-1/volumes/sdk-py-tests-vol-3-74e025c5?api-version=2022-03-01",
      "RequestMethod": "GET",
      "RequestHeaders": {
        "Accept": "*/*",
        "Accept-Encoding": "gzip, deflate",
        "Connection": "keep-alive",
        "User-Agent": "azsdk-python-mgmt-netapp/5.1.0 Python/3.9.5 (Windows-10-10.0.19044-SP0)"
      },
      "RequestBody": null,
      "StatusCode": 200,
      "ResponseHeaders": {
        "Cache-Control": "no-cache",
        "Content-Encoding": "gzip",
        "Content-Type": "application/json; charset=utf-8",
        "Date": "Tue, 26 Jul 2022 12:57:13 GMT",
        "ETag": "W/\u0022datetime\u00272022-07-26T12%3A57%3A05.7769931Z\u0027\u0022",
        "Expires": "-1",
        "Pragma": "no-cache",
        "Server": "Microsoft-IIS/10.0",
        "Strict-Transport-Security": "max-age=31536000; includeSubDomains",
        "Transfer-Encoding": "chunked",
        "Vary": "Accept-Encoding",
        "X-Content-Type-Options": "nosniff",
        "x-ms-correlation-request-id": "367c3818-8e06-460c-95df-c788ca42ef87",
        "x-ms-ratelimit-remaining-subscription-reads": "11973",
        "x-ms-routing-request-id": "FRANCESOUTH:20220726T125714Z:367c3818-8e06-460c-95df-c788ca42ef87",
        "X-Powered-By": "ASP.NET"
      },
      "ResponseBody": {
        "id": "/subscriptions/00000000-0000-0000-0000-000000000000/resourceGroups/sdk-python-tests-rg/providers/Microsoft.NetApp/netAppAccounts/sdk-py-tests-acc-1-74e025c5/capacityPools/sdk-py-tests-pool-1/volumes/sdk-py-tests-vol-3-74e025c5",
        "name": "sdk-py-tests-acc-1-74e025c5/sdk-py-tests-pool-1/sdk-py-tests-vol-3-74e025c5",
        "type": "Microsoft.NetApp/netAppAccounts/capacityPools/volumes",
        "etag": "W/\u0022datetime\u00272022-07-26T12%3A57%3A05.7769931Z\u0027\u0022",
        "location": "westus2",
        "tags": {
          "CreatedOnDate": "2022-07-26T12:52:37.5733592Z"
        },
        "properties": {
          "fileSystemId": "303a9cad-b5cc-b7e9-7060-721728ef11a1",
          "serviceLevel": "Premium",
          "creationToken": "sdk-py-tests-vol-3-74e025c5",
          "usageThreshold": 107374182400,
          "exportPolicy": {
            "rules": [
              {
                "ruleIndex": 1,
                "unixReadOnly": false,
                "unixReadWrite": true,
                "cifs": false,
                "nfsv3": true,
                "nfsv41": false,
                "allowedClients": "0.0.0.0/0",
                "kerberos5ReadOnly": false,
                "kerberos5ReadWrite": false,
                "kerberos5iReadOnly": false,
                "kerberos5iReadWrite": false,
                "kerberos5pReadOnly": false,
                "kerberos5pReadWrite": false,
                "hasRootAccess": true,
                "chownMode": "Restricted"
              }
            ]
          },
          "protocolTypes": [
            "NFSv3"
          ],
          "baremetalTenantId": "baremetalTenant_svm_8f82c7b40509489d9e97d719b9b955b4_82eab1b1",
          "subnetId": "/subscriptions/00000000-0000-0000-0000-000000000000/resourceGroups/sdk-python-tests-rg/providers/Microsoft.Network/virtualNetworks/sdk-python-tests-vnet-westus2-74e025c5/subnets/default",
          "networkFeatures": "Basic",
          "networkSiblingSetId": "964a1b1c-ce1a-475e-3b4c-4f01b1c8c366",
          "storageToNetworkProximity": "Default",
          "snapshotDirectoryVisible": true,
          "kerberosEnabled": false,
          "securityStyle": "Unix",
          "smbEncryption": false,
          "smbContinuouslyAvailable": false,
          "encryptionKeySource": "Microsoft.NetApp",
          "ldapEnabled": false,
          "unixPermissions": "0770",
          "mountTargets": [
            {
              "mountTargetId": "303a9cad-b5cc-b7e9-7060-721728ef11a1",
              "fileSystemId": "303a9cad-b5cc-b7e9-7060-721728ef11a1",
              "ipAddress": "10.0.0.4"
            }
          ],
          "throughputMibps": 6.25,
          "volumeSpecName": "generic",
          "coolAccess": false,
          "avsDataStore": "Disabled",
          "isDefaultQuotaEnabled": false,
          "defaultUserQuotaInKiBs": 0,
          "defaultGroupQuotaInKiBs": 0,
          "enableSubvolumes": "Disabled",
          "maximumNumberOfFiles": 100000000,
          "provisioningState": "Succeeded"
        }
      }
    },
    {
      "RequestUri": "https://management.azure.com/subscriptions/00000000-0000-0000-0000-000000000000/resourceGroups/sdk-python-tests-rg/providers/Microsoft.NetApp/netAppAccounts/sdk-py-tests-acc-1-74e025c5/capacityPools/sdk-py-tests-pool-1/volumes/sdk-py-tests-vol-3-74e025c5?api-version=2022-03-01",
      "RequestMethod": "GET",
      "RequestHeaders": {
        "Accept": "application/json",
        "Accept-Encoding": "gzip, deflate",
        "Connection": "keep-alive",
        "User-Agent": "azsdk-python-mgmt-netapp/5.1.0 Python/3.9.5 (Windows-10-10.0.19044-SP0)"
      },
      "RequestBody": null,
      "StatusCode": 200,
      "ResponseHeaders": {
        "Cache-Control": "no-cache",
        "Content-Encoding": "gzip",
        "Content-Type": "application/json; charset=utf-8",
        "Date": "Tue, 26 Jul 2022 12:57:23 GMT",
        "ETag": "W/\u0022datetime\u00272022-07-26T12%3A57%3A05.7769931Z\u0027\u0022",
        "Expires": "-1",
        "Pragma": "no-cache",
        "Server": "Microsoft-IIS/10.0",
        "Strict-Transport-Security": "max-age=31536000; includeSubDomains",
        "Transfer-Encoding": "chunked",
        "Vary": "Accept-Encoding",
        "X-Content-Type-Options": "nosniff",
        "x-ms-correlation-request-id": "c375bbbc-e065-40e9-9d8a-f42be2b22950",
        "x-ms-ratelimit-remaining-subscription-reads": "11972",
        "x-ms-routing-request-id": "FRANCESOUTH:20220726T125724Z:c375bbbc-e065-40e9-9d8a-f42be2b22950",
        "X-Powered-By": "ASP.NET"
      },
      "ResponseBody": {
        "id": "/subscriptions/00000000-0000-0000-0000-000000000000/resourceGroups/sdk-python-tests-rg/providers/Microsoft.NetApp/netAppAccounts/sdk-py-tests-acc-1-74e025c5/capacityPools/sdk-py-tests-pool-1/volumes/sdk-py-tests-vol-3-74e025c5",
        "name": "sdk-py-tests-acc-1-74e025c5/sdk-py-tests-pool-1/sdk-py-tests-vol-3-74e025c5",
        "type": "Microsoft.NetApp/netAppAccounts/capacityPools/volumes",
        "etag": "W/\u0022datetime\u00272022-07-26T12%3A57%3A05.7769931Z\u0027\u0022",
        "location": "westus2",
        "tags": {
          "CreatedOnDate": "2022-07-26T12:52:37.5733592Z"
        },
        "properties": {
          "fileSystemId": "303a9cad-b5cc-b7e9-7060-721728ef11a1",
          "serviceLevel": "Premium",
          "creationToken": "sdk-py-tests-vol-3-74e025c5",
          "usageThreshold": 107374182400,
          "exportPolicy": {
            "rules": [
              {
                "ruleIndex": 1,
                "unixReadOnly": false,
                "unixReadWrite": true,
                "cifs": false,
                "nfsv3": true,
                "nfsv41": false,
                "allowedClients": "0.0.0.0/0",
                "kerberos5ReadOnly": false,
                "kerberos5ReadWrite": false,
                "kerberos5iReadOnly": false,
                "kerberos5iReadWrite": false,
                "kerberos5pReadOnly": false,
                "kerberos5pReadWrite": false,
                "hasRootAccess": true,
                "chownMode": "Restricted"
              }
            ]
          },
          "protocolTypes": [
            "NFSv3"
          ],
          "baremetalTenantId": "baremetalTenant_svm_8f82c7b40509489d9e97d719b9b955b4_82eab1b1",
          "subnetId": "/subscriptions/00000000-0000-0000-0000-000000000000/resourceGroups/sdk-python-tests-rg/providers/Microsoft.Network/virtualNetworks/sdk-python-tests-vnet-westus2-74e025c5/subnets/default",
          "networkFeatures": "Basic",
          "networkSiblingSetId": "964a1b1c-ce1a-475e-3b4c-4f01b1c8c366",
          "storageToNetworkProximity": "Default",
          "snapshotDirectoryVisible": true,
          "kerberosEnabled": false,
          "securityStyle": "Unix",
          "smbEncryption": false,
          "smbContinuouslyAvailable": false,
          "encryptionKeySource": "Microsoft.NetApp",
          "ldapEnabled": false,
          "unixPermissions": "0770",
          "mountTargets": [
            {
              "mountTargetId": "303a9cad-b5cc-b7e9-7060-721728ef11a1",
              "fileSystemId": "303a9cad-b5cc-b7e9-7060-721728ef11a1",
              "ipAddress": "10.0.0.4"
            }
          ],
          "throughputMibps": 6.25,
          "volumeSpecName": "generic",
          "coolAccess": false,
          "avsDataStore": "Disabled",
          "isDefaultQuotaEnabled": false,
          "defaultUserQuotaInKiBs": 0,
          "defaultGroupQuotaInKiBs": 0,
          "enableSubvolumes": "Disabled",
          "maximumNumberOfFiles": 100000000,
          "provisioningState": "Succeeded"
        }
      }
    },
    {
      "RequestUri": "https://management.azure.com/subscriptions/00000000-0000-0000-0000-000000000000/resourceGroups/sdk-python-tests-rg/providers/Microsoft.NetApp/netAppAccounts/sdk-py-tests-acc-1-74e025c5/vaults?api-version=2022-03-01",
      "RequestMethod": "GET",
      "RequestHeaders": {
        "Accept": "application/json",
        "Accept-Encoding": "gzip, deflate",
        "Connection": "keep-alive",
        "User-Agent": "azsdk-python-mgmt-netapp/5.1.0 Python/3.9.5 (Windows-10-10.0.19044-SP0)"
      },
      "RequestBody": null,
      "StatusCode": 200,
      "ResponseHeaders": {
        "Cache-Control": "no-cache",
        "Content-Encoding": "gzip",
        "Content-Type": "application/json; charset=utf-8",
        "Date": "Tue, 26 Jul 2022 12:57:23 GMT",
        "Expires": "-1",
        "Pragma": "no-cache",
        "Server": "Microsoft-IIS/10.0",
        "Strict-Transport-Security": "max-age=31536000; includeSubDomains",
        "Transfer-Encoding": "chunked",
        "Vary": "Accept-Encoding",
        "X-Content-Type-Options": "nosniff",
        "x-ms-correlation-request-id": "e79e3bca-c256-4d33-9339-a041ad6e29a4",
        "x-ms-ratelimit-remaining-subscription-reads": "11971",
        "x-ms-routing-request-id": "FRANCESOUTH:20220726T125724Z:e79e3bca-c256-4d33-9339-a041ad6e29a4",
        "X-Powered-By": "ASP.NET"
      },
      "ResponseBody": {
        "value": [
          {
            "id": "/subscriptions/00000000-0000-0000-0000-000000000000/resourceGroups/sdk-python-tests-rg/providers/Microsoft.NetApp/netAppAccounts/sdk-py-tests-acc-1-74e025c5/vaults/cbsvault",
            "name": "sdk-py-tests-acc-1-74e025c5/cbsvault",
            "type": "Microsoft.NetApp/netAppAccounts/vaults",
            "properties": {
              "enabled": true,
              "vaultId": "6130fdad-3bac-11eb-aba9-0e6a0f269857"
            }
          }
        ]
      }
    },
    {
      "RequestUri": "https://management.azure.com/subscriptions/00000000-0000-0000-0000-000000000000/resourceGroups/sdk-python-tests-rg/providers/Microsoft.NetApp/netAppAccounts/sdk-py-tests-acc-1-74e025c5/capacityPools/sdk-py-tests-pool-1/volumes/sdk-py-tests-vol-3-74e025c5?api-version=2022-03-01",
      "RequestMethod": "PATCH",
      "RequestHeaders": {
        "Accept": "application/json",
        "Accept-Encoding": "gzip, deflate",
        "Connection": "keep-alive",
        "Content-Length": "408",
        "Content-Type": "application/json",
        "User-Agent": "azsdk-python-mgmt-netapp/5.1.0 Python/3.9.5 (Windows-10-10.0.19044-SP0)"
      },
      "RequestBody": {
        "properties": {
          "serviceLevel": "Premium",
          "usageThreshold": 107374182400,
          "dataProtection": {
            "backup": {
              "vaultId": "/subscriptions/00000000-0000-0000-0000-000000000000/resourceGroups/sdk-python-tests-rg/providers/Microsoft.NetApp/netAppAccounts/sdk-py-tests-acc-1-74e025c5/vaults/cbsvault",
              "backupEnabled": true
            }
          },
          "isDefaultQuotaEnabled": false,
          "defaultUserQuotaInKiBs": 0,
          "defaultGroupQuotaInKiBs": 0
        }
      },
      "StatusCode": 202,
      "ResponseHeaders": {
        "Azure-AsyncOperation": "https://management.azure.com/subscriptions/00000000-0000-0000-0000-000000000000/providers/Microsoft.NetApp/locations/westus2/operationResults/9229d301-afd2-4304-9abd-1dc6b93a51e6?api-version=2022-03-01",
        "Cache-Control": "no-cache",
        "Content-Length": "2131",
        "Content-Type": "application/json; charset=utf-8",
        "Date": "Tue, 26 Jul 2022 12:57:24 GMT",
        "ETag": "W/\u0022datetime\u00272022-07-26T12%3A57%3A25.3164066Z\u0027\u0022",
        "Expires": "-1",
        "Location": "https://management.azure.com/subscriptions/00000000-0000-0000-0000-000000000000/providers/Microsoft.NetApp/locations/westus2/operationResults/9229d301-afd2-4304-9abd-1dc6b93a51e6?api-version=2022-03-01\u0026operationResultResponseType=Location",
        "Pragma": "no-cache",
        "Server": "Microsoft-IIS/10.0",
        "Strict-Transport-Security": "max-age=31536000; includeSubDomains",
        "X-Content-Type-Options": "nosniff",
        "x-ms-correlation-request-id": "317460b9-c404-4da8-b03f-e1add7a13255",
        "x-ms-ratelimit-remaining-subscription-writes": "1194",
        "x-ms-routing-request-id": "FRANCESOUTH:20220726T125725Z:317460b9-c404-4da8-b03f-e1add7a13255",
        "X-Powered-By": "ASP.NET"
      },
      "ResponseBody": {
        "id": "/subscriptions/00000000-0000-0000-0000-000000000000/resourceGroups/sdk-python-tests-rg/providers/Microsoft.NetApp/netAppAccounts/sdk-py-tests-acc-1-74e025c5/capacityPools/sdk-py-tests-pool-1/volumes/sdk-py-tests-vol-3-74e025c5",
        "name": "sdk-py-tests-acc-1-74e025c5/sdk-py-tests-pool-1/sdk-py-tests-vol-3-74e025c5",
        "type": "Microsoft.NetApp/netAppAccounts/capacityPools/volumes",
        "etag": "W/\u0022datetime\u00272022-07-26T12%3A57%3A25.3164066Z\u0027\u0022",
        "location": "westus2",
        "tags": {
          "CreatedOnDate": "2022-07-26T12:52:37.5733592Z"
        },
        "properties": {
          "provisioningState": "Patching",
          "fileSystemId": "303a9cad-b5cc-b7e9-7060-721728ef11a1",
          "serviceLevel": "Premium",
          "creationToken": "sdk-py-tests-vol-3-74e025c5",
          "usageThreshold": 107374182400,
          "exportPolicy": {
            "rules": [
              {
                "ruleIndex": 1,
                "unixReadOnly": false,
                "unixReadWrite": true,
                "cifs": false,
                "nfsv3": true,
                "nfsv41": false,
                "allowedClients": "0.0.0.0/0",
                "kerberos5ReadOnly": false,
                "kerberos5ReadWrite": false,
                "kerberos5iReadOnly": false,
                "kerberos5iReadWrite": false,
                "kerberos5pReadOnly": false,
                "kerberos5pReadWrite": false,
                "hasRootAccess": true,
                "chownMode": "Restricted"
              }
            ]
          },
          "protocolTypes": [
            "NFSv3"
          ],
          "baremetalTenantId": "baremetalTenant_svm_8f82c7b40509489d9e97d719b9b955b4_82eab1b1",
          "subnetId": "/subscriptions/00000000-0000-0000-0000-000000000000/resourceGroups/sdk-python-tests-rg/providers/Microsoft.Network/virtualNetworks/sdk-python-tests-vnet-westus2-74e025c5/subnets/default",
          "networkFeatures": "Basic",
          "networkSiblingSetId": "964a1b1c-ce1a-475e-3b4c-4f01b1c8c366",
          "storageToNetworkProximity": "Default",
          "snapshotDirectoryVisible": true,
          "kerberosEnabled": false,
          "securityStyle": "Unix",
          "smbEncryption": false,
          "smbContinuouslyAvailable": false,
          "encryptionKeySource": "Microsoft.NetApp",
          "ldapEnabled": false,
          "unixPermissions": "0770",
          "mountTargets": [
            {
              "mountTargetId": "303a9cad-b5cc-b7e9-7060-721728ef11a1",
              "fileSystemId": "303a9cad-b5cc-b7e9-7060-721728ef11a1",
              "ipAddress": "10.0.0.4"
            }
          ],
          "throughputMibps": 6.25,
          "volumeSpecName": "generic",
          "coolAccess": false,
          "avsDataStore": "Disabled",
          "isDefaultQuotaEnabled": false,
          "defaultUserQuotaInKiBs": 0,
          "defaultGroupQuotaInKiBs": 0,
          "enableSubvolumes": "Disabled",
          "maximumNumberOfFiles": 100000000
        }
      }
    },
    {
      "RequestUri": "https://management.azure.com/subscriptions/00000000-0000-0000-0000-000000000000/providers/Microsoft.NetApp/locations/westus2/operationResults/9229d301-afd2-4304-9abd-1dc6b93a51e6?api-version=2022-03-01",
      "RequestMethod": "GET",
      "RequestHeaders": {
        "Accept": "*/*",
        "Accept-Encoding": "gzip, deflate",
        "Connection": "keep-alive",
        "User-Agent": "azsdk-python-mgmt-netapp/5.1.0 Python/3.9.5 (Windows-10-10.0.19044-SP0)"
      },
      "RequestBody": null,
      "StatusCode": 200,
      "ResponseHeaders": {
        "Cache-Control": "no-cache",
        "Content-Encoding": "gzip",
        "Content-Type": "application/json; charset=utf-8",
        "Date": "Tue, 26 Jul 2022 12:57:55 GMT",
        "Expires": "-1",
        "Pragma": "no-cache",
        "Server": "Microsoft-IIS/10.0",
        "Strict-Transport-Security": "max-age=31536000; includeSubDomains",
        "Transfer-Encoding": "chunked",
        "Vary": "Accept-Encoding",
        "X-Content-Type-Options": "nosniff",
        "x-ms-correlation-request-id": "031b2a95-5111-4eeb-85a3-34b2ec99bf49",
        "x-ms-ratelimit-remaining-subscription-reads": "11970",
        "x-ms-routing-request-id": "FRANCESOUTH:20220726T125755Z:031b2a95-5111-4eeb-85a3-34b2ec99bf49",
        "X-Powered-By": "ASP.NET"
      },
      "ResponseBody": {
        "id": "/subscriptions/00000000-0000-0000-0000-000000000000/providers/Microsoft.NetApp/locations/westus2/operationResults/9229d301-afd2-4304-9abd-1dc6b93a51e6",
        "name": "9229d301-afd2-4304-9abd-1dc6b93a51e6",
        "status": "Succeeded",
        "startTime": "2022-07-26T12:57:25.311183Z",
        "endTime": "2022-07-26T12:57:28.6468885Z",
        "percentComplete": 100.0,
        "properties": {
          "resourceName": "/subscriptions/00000000-0000-0000-0000-000000000000/resourceGroups/sdk-python-tests-rg/providers/Microsoft.NetApp/netAppAccounts/sdk-py-tests-acc-1-74e025c5/capacityPools/sdk-py-tests-pool-1/volumes/sdk-py-tests-vol-3-74e025c5"
        }
      }
    },
    {
      "RequestUri": "https://management.azure.com/subscriptions/00000000-0000-0000-0000-000000000000/providers/Microsoft.NetApp/locations/westus2/operationResults/9229d301-afd2-4304-9abd-1dc6b93a51e6?api-version=2022-03-01\u0026operationResultResponseType=Location",
      "RequestMethod": "GET",
      "RequestHeaders": {
        "Accept": "*/*",
        "Accept-Encoding": "gzip, deflate",
        "Connection": "keep-alive",
        "User-Agent": "azsdk-python-mgmt-netapp/5.1.0 Python/3.9.5 (Windows-10-10.0.19044-SP0)"
      },
      "RequestBody": null,
      "StatusCode": 200,
      "ResponseHeaders": {
        "Cache-Control": "no-cache",
        "Content-Encoding": "gzip",
        "Content-Type": "application/json; charset=utf-8",
        "Date": "Tue, 26 Jul 2022 12:57:55 GMT",
        "Expires": "-1",
        "Pragma": "no-cache",
        "Server": "Microsoft-IIS/10.0",
        "Strict-Transport-Security": "max-age=31536000; includeSubDomains",
        "Transfer-Encoding": "chunked",
        "Vary": "Accept-Encoding",
        "X-Content-Type-Options": "nosniff",
        "x-ms-correlation-request-id": "71e2ae0f-5d9e-4ad7-bf80-21fb118a94cd",
        "x-ms-ratelimit-remaining-subscription-reads": "11969",
        "x-ms-routing-request-id": "FRANCESOUTH:20220726T125756Z:71e2ae0f-5d9e-4ad7-bf80-21fb118a94cd",
        "X-Powered-By": "ASP.NET"
      },
      "ResponseBody": {
        "id": "/subscriptions/00000000-0000-0000-0000-000000000000/resourceGroups/sdk-python-tests-rg/providers/Microsoft.NetApp/netAppAccounts/sdk-py-tests-acc-1-74e025c5/capacityPools/sdk-py-tests-pool-1/volumes/sdk-py-tests-vol-3-74e025c5",
        "name": "sdk-py-tests-acc-1-74e025c5/sdk-py-tests-pool-1/sdk-py-tests-vol-3-74e025c5",
        "type": "Microsoft.NetApp/netAppAccounts/capacityPools/volumes",
        "etag": "W/\u0022datetime\u00272022-07-26T12%3A57%3A28.6524285Z\u0027\u0022",
        "location": "westus2",
        "tags": {
          "CreatedOnDate": "2022-07-26T12:57:25.0193093Z"
        },
        "properties": {
          "dataProtection": {
            "backup": {
              "backupEnabled": true,
              "policyEnforced": false,
              "vaultId": "/subscriptions/00000000-0000-0000-0000-000000000000/resourceGroups/sdk-python-tests-rg/providers/Microsoft.NetApp/netAppAccounts/sdk-py-tests-acc-1-74e025c5/vaults/cbsvault"
            }
          },
          "fileSystemId": "303a9cad-b5cc-b7e9-7060-721728ef11a1",
          "serviceLevel": "Premium",
          "creationToken": "sdk-py-tests-vol-3-74e025c5",
          "ownerId": "8f82c7b4-0509-489d-9e97-d719b9b955b4",
          "usageThreshold": 107374182400,
          "usedBytes": 0,
          "exportPolicy": {
            "rules": [
              {
                "ruleIndex": 1,
                "unixReadOnly": false,
                "unixReadWrite": true,
                "cifs": false,
                "nfsv3": true,
                "nfsv4": false,
                "nfsv41": false,
                "allowedClients": "0.0.0.0/0",
                "kerberos5ReadOnly": false,
                "kerberos5ReadWrite": false,
                "kerberos5iReadOnly": false,
                "kerberos5iReadWrite": false,
                "kerberos5pReadOnly": false,
                "kerberos5pReadWrite": false,
                "hasRootAccess": true,
                "chownMode": "Restricted"
              }
            ]
          },
          "protocolTypes": [
            "NFSv3"
          ],
          "baremetalTenantId": "baremetalTenant_svm_8f82c7b40509489d9e97d719b9b955b4_82eab1b1",
          "subnetId": "/subscriptions/00000000-0000-0000-0000-000000000000/resourceGroups/sdk-python-tests-rg/providers/Microsoft.Network/virtualNetworks/sdk-python-tests-vnet-westus2-74e025c5/subnets/default",
          "networkFeatures": "Basic",
          "networkSiblingSetId": "964a1b1c-ce1a-475e-3b4c-4f01b1c8c366",
          "storageToNetworkProximity": "Default",
          "snapshotDirectoryVisible": true,
          "vendorID": "/subscriptions/00000000-0000-0000-0000-000000000000/resourceGroups/sdk-python-tests-rg/providers/Microsoft.NetApp/netAppAccounts/sdk-py-tests-acc-1-74e025c5/capacityPools/sdk-py-tests-pool-1/volumes/sdk-py-tests-vol-3-74e025c5",
          "poolId": "8eb17a77-ebbd-13eb-a71e-3cec7a0eda91",
          "mountTargets": [
            {
              "provisioningState": "",
              "mountTargetId": "303a9cad-b5cc-b7e9-7060-721728ef11a1",
              "fileSystemId": "303a9cad-b5cc-b7e9-7060-721728ef11a1",
              "startIp": "",
              "endIp": "",
              "gateway": "",
              "netmask": "",
              "subnet": "",
              "ipAddress": "10.0.0.4"
            }
          ],
          "throughputMibps": 6.25,
          "kerberosEnabled": false,
          "securityStyle": "Unix",
          "smbEncryption": false,
          "smbContinuouslyAvailable": false,
          "ldapEnabled": false,
          "unixPermissions": "0770",
          "encryptionKeySource": "Microsoft.NetApp",
          "volumeSpecName": "generic",
          "coolAccess": false,
          "avsDataStore": "Disabled",
          "isDefaultQuotaEnabled": false,
          "defaultUserQuotaInKiBs": 0,
          "defaultGroupQuotaInKiBs": 0,
          "enableSubvolumes": "Disabled",
          "encrypted": true,
          "provisioningState": "Succeeded"
        },
        "systemData": {
          "lastModifiedBy": "c6c4faba-2b22-44d9-80a4-71ff5b71f811",
          "lastModifiedByType": "Application",
          "lastModifiedAt": "2022-07-26T12:57:25.1710838Z"
        }
      }
    },
    {
      "RequestUri": "https://management.azure.com/subscriptions/00000000-0000-0000-0000-000000000000/resourceGroups/sdk-python-tests-rg/providers/Microsoft.NetApp/netAppAccounts/sdk-py-tests-acc-1-74e025c5/capacityPools/sdk-py-tests-pool-1/volumes/sdk-py-tests-vol-3-74e025c5/backups/sdk-py-tests-backup-1?api-version=2022-03-01",
      "RequestMethod": "PUT",
      "RequestHeaders": {
        "Accept": "application/json",
        "Accept-Encoding": "gzip, deflate",
        "Connection": "keep-alive",
        "Content-Length": "69",
        "Content-Type": "application/json",
        "User-Agent": "azsdk-python-mgmt-netapp/5.1.0 Python/3.9.5 (Windows-10-10.0.19044-SP0)"
      },
      "RequestBody": {
        "location": "westus2",
        "properties": {
          "useExistingSnapshot": false
        }
      },
      "StatusCode": 201,
      "ResponseHeaders": {
        "Azure-AsyncOperation": "https://management.azure.com/subscriptions/00000000-0000-0000-0000-000000000000/providers/Microsoft.NetApp/locations/westus2/operationResults/cc3068e3-3653-4e2f-b4f7-32d62748a3f2?api-version=2022-03-01",
        "Cache-Control": "no-cache",
        "Content-Length": "538",
        "Content-Type": "application/json; charset=utf-8",
        "Date": "Tue, 26 Jul 2022 12:57:56 GMT",
        "Expires": "-1",
        "Location": "https://management.azure.com/subscriptions/00000000-0000-0000-0000-000000000000/providers/Microsoft.NetApp/locations/westus2/operationResults/cc3068e3-3653-4e2f-b4f7-32d62748a3f2?api-version=2022-03-01\u0026operationResultResponseType=Location",
        "Pragma": "no-cache",
        "Server": "Microsoft-IIS/10.0",
        "Strict-Transport-Security": "max-age=31536000; includeSubDomains",
        "X-Content-Type-Options": "nosniff",
        "x-ms-correlation-request-id": "356f18a9-5608-4f55-a68e-d516bfc8d09a",
        "x-ms-ratelimit-remaining-subscription-writes": "1193",
        "x-ms-routing-request-id": "FRANCESOUTH:20220726T125756Z:356f18a9-5608-4f55-a68e-d516bfc8d09a",
        "X-Powered-By": "ASP.NET"
      },
      "ResponseBody": {
        "id": "/subscriptions/00000000-0000-0000-0000-000000000000/resourceGroups/sdk-python-tests-rg/providers/Microsoft.NetApp/netAppAccounts/sdk-py-tests-acc-1-74e025c5/capacityPools/sdk-py-tests-pool-1/volumes/sdk-py-tests-vol-3-74e025c5/backups/sdk-py-tests-backup-1",
        "name": "sdk-py-tests-acc-1-74e025c5/sdk-py-tests-pool-1/sdk-py-tests-vol-3-74e025c5/sdk-py-tests-backup-1",
        "type": "Microsoft.NetApp/netAppAccounts/capacityPools/volumes/backups",
        "location": "westus2",
        "properties": {
          "provisioningState": "Creating",
          "useExistingSnapshot": false
        }
      }
    },
    {
      "RequestUri": "https://management.azure.com/subscriptions/00000000-0000-0000-0000-000000000000/providers/Microsoft.NetApp/locations/westus2/operationResults/cc3068e3-3653-4e2f-b4f7-32d62748a3f2?api-version=2022-03-01",
      "RequestMethod": "GET",
      "RequestHeaders": {
        "Accept": "*/*",
        "Accept-Encoding": "gzip, deflate",
        "Connection": "keep-alive",
        "User-Agent": "azsdk-python-mgmt-netapp/5.1.0 Python/3.9.5 (Windows-10-10.0.19044-SP0)"
      },
      "RequestBody": null,
      "StatusCode": 200,
      "ResponseHeaders": {
        "Cache-Control": "no-cache",
        "Content-Encoding": "gzip",
        "Content-Type": "application/json; charset=utf-8",
        "Date": "Tue, 26 Jul 2022 12:58:26 GMT",
        "Expires": "-1",
        "Pragma": "no-cache",
        "Server": "Microsoft-IIS/10.0",
        "Strict-Transport-Security": "max-age=31536000; includeSubDomains",
        "Transfer-Encoding": "chunked",
        "Vary": "Accept-Encoding",
        "X-Content-Type-Options": "nosniff",
        "x-ms-correlation-request-id": "7b91f1c5-b8df-4da2-8111-7717fca785eb",
        "x-ms-ratelimit-remaining-subscription-reads": "11968",
        "x-ms-routing-request-id": "FRANCESOUTH:20220726T125826Z:7b91f1c5-b8df-4da2-8111-7717fca785eb",
        "X-Powered-By": "ASP.NET"
      },
      "ResponseBody": {
        "id": "/subscriptions/00000000-0000-0000-0000-000000000000/providers/Microsoft.NetApp/locations/westus2/operationResults/cc3068e3-3653-4e2f-b4f7-32d62748a3f2",
        "name": "cc3068e3-3653-4e2f-b4f7-32d62748a3f2",
        "status": "Succeeded",
        "startTime": "2022-07-26T12:57:56.4350507Z",
        "endTime": "2022-07-26T12:57:56.6694665Z",
        "percentComplete": 100.0,
        "properties": {
          "resourceName": "/subscriptions/00000000-0000-0000-0000-000000000000/resourceGroups/sdk-python-tests-rg/providers/Microsoft.NetApp/netAppAccounts/sdk-py-tests-acc-1-74e025c5/capacityPools/sdk-py-tests-pool-1/volumes/sdk-py-tests-vol-3-74e025c5/backups/sdk-py-tests-backup-1"
        }
      }
    },
    {
      "RequestUri": "https://management.azure.com/subscriptions/00000000-0000-0000-0000-000000000000/providers/Microsoft.NetApp/locations/westus2/operationResults/cc3068e3-3653-4e2f-b4f7-32d62748a3f2?api-version=2022-03-01\u0026operationResultResponseType=Location",
      "RequestMethod": "GET",
      "RequestHeaders": {
        "Accept": "*/*",
        "Accept-Encoding": "gzip, deflate",
        "Connection": "keep-alive",
        "User-Agent": "azsdk-python-mgmt-netapp/5.1.0 Python/3.9.5 (Windows-10-10.0.19044-SP0)"
      },
      "RequestBody": null,
      "StatusCode": 201,
      "ResponseHeaders": {
        "Cache-Control": "no-cache",
        "Content-Length": "758",
        "Content-Type": "application/json; charset=utf-8",
        "Date": "Tue, 26 Jul 2022 12:58:26 GMT",
        "Expires": "-1",
        "Pragma": "no-cache",
        "Server": "Microsoft-IIS/10.0",
        "Strict-Transport-Security": "max-age=31536000; includeSubDomains",
        "X-Content-Type-Options": "nosniff",
        "x-ms-correlation-request-id": "91a0eae6-cdbf-4478-88ea-9750825f3e68",
        "x-ms-ratelimit-remaining-subscription-reads": "11967",
        "x-ms-routing-request-id": "FRANCESOUTH:20220726T125827Z:91a0eae6-cdbf-4478-88ea-9750825f3e68",
        "X-Powered-By": "ASP.NET"
      },
      "ResponseBody": {
        "id": "/subscriptions/00000000-0000-0000-0000-000000000000/resourceGroups/sdk-python-tests-rg/providers/Microsoft.NetApp/netAppAccounts/sdk-py-tests-acc-1-74e025c5/capacityPools/sdk-py-tests-pool-1/volumes/sdk-py-tests-vol-3-74e025c5/backups/sdk-py-tests-backup-1",
        "name": "sdk-py-tests-acc-1-74e025c5/sdk-py-tests-pool-1/sdk-py-tests-vol-3-74e025c5/sdk-py-tests-backup-1",
        "type": "Microsoft.NetApp/netAppAccounts/capacityPools/volumes/backups",
        "etag": "7/26/2022 12:57:56 PM",
        "location": "",
        "properties": {
          "fileSystemId": "303a9cad-b5cc-b7e9-7060-721728ef11a1",
          "creationDate": "0001-01-01T00:00:00Z",
          "backupId": "61ba45db-c4b0-d167-7593-5ea3b8bae711",
          "size": 0,
          "backupType": "Manual",
          "failureReason": "None",
          "useExistingSnapshot": false,
          "provisioningState": "Creating"
        }
      }
    },
    {
      "RequestUri": "https://management.azure.com/subscriptions/00000000-0000-0000-0000-000000000000/resourceGroups/sdk-python-tests-rg/providers/Microsoft.NetApp/netAppAccounts/sdk-py-tests-acc-1-74e025c5/capacityPools/sdk-py-tests-pool-1/volumes/sdk-py-tests-vol-3-74e025c5/backups/sdk-py-tests-backup-1?api-version=2022-03-01",
      "RequestMethod": "GET",
      "RequestHeaders": {
        "Accept": "application/json",
        "Accept-Encoding": "gzip, deflate",
        "Connection": "keep-alive",
        "User-Agent": "azsdk-python-mgmt-netapp/5.1.0 Python/3.9.5 (Windows-10-10.0.19044-SP0)"
      },
      "RequestBody": null,
      "StatusCode": 200,
      "ResponseHeaders": {
        "Cache-Control": "no-cache",
        "Content-Encoding": "gzip",
        "Content-Type": "application/json; charset=utf-8",
        "Date": "Tue, 26 Jul 2022 12:58:36 GMT",
        "Expires": "-1",
        "Pragma": "no-cache",
        "Server": "Microsoft-IIS/10.0",
        "Strict-Transport-Security": "max-age=31536000; includeSubDomains",
        "Transfer-Encoding": "chunked",
        "Vary": "Accept-Encoding",
        "X-Content-Type-Options": "nosniff",
        "x-ms-correlation-request-id": "1bdfddb7-b3b0-424e-98ac-5025ee1ccb8b",
        "x-ms-ratelimit-remaining-subscription-reads": "11966",
        "x-ms-routing-request-id": "FRANCESOUTH:20220726T125837Z:1bdfddb7-b3b0-424e-98ac-5025ee1ccb8b",
        "X-Powered-By": "ASP.NET"
      },
      "ResponseBody": {
        "id": "/subscriptions/00000000-0000-0000-0000-000000000000/resourceGroups/sdk-python-tests-rg/providers/Microsoft.NetApp/netAppAccounts/sdk-py-tests-acc-1-74e025c5/capacityPools/sdk-py-tests-pool-1/volumes/sdk-py-tests-vol-3-74e025c5/backups/sdk-py-tests-backup-1",
        "name": "sdk-py-tests-acc-1-74e025c5/sdk-py-tests-pool-1/sdk-py-tests-vol-3-74e025c5/sdk-py-tests-backup-1",
        "type": "Microsoft.NetApp/netAppAccounts/capacityPools/volumes/backups",
        "location": "westus2",
        "properties": {
          "creationDate": "2022-07-26T12:57:56Z",
          "backupId": "61ba45db-c4b0-d167-7593-5ea3b8bae711",
          "size": 0,
          "backupType": "Manual",
          "provisioningState": "Creating",
          "failureReason": "None",
          "volumeName": "sdk-py-tests-vol-3-74e025c5",
          "useExistingSnapshot": false
        }
      }
    },
    {
      "RequestUri": "https://management.azure.com/subscriptions/00000000-0000-0000-0000-000000000000/resourceGroups/sdk-python-tests-rg/providers/Microsoft.NetApp/netAppAccounts/sdk-py-tests-acc-1-74e025c5/capacityPools/sdk-py-tests-pool-1/volumes/sdk-py-tests-vol-3-74e025c5/backups/sdk-py-tests-backup-1?api-version=2022-03-01",
      "RequestMethod": "GET",
      "RequestHeaders": {
        "Accept": "application/json",
        "Accept-Encoding": "gzip, deflate",
        "Connection": "keep-alive",
        "User-Agent": "azsdk-python-mgmt-netapp/5.1.0 Python/3.9.5 (Windows-10-10.0.19044-SP0)"
      },
      "RequestBody": null,
      "StatusCode": 200,
      "ResponseHeaders": {
        "Cache-Control": "no-cache",
        "Content-Encoding": "gzip",
        "Content-Type": "application/json; charset=utf-8",
        "Date": "Tue, 26 Jul 2022 12:58:48 GMT",
        "Expires": "-1",
        "Pragma": "no-cache",
        "Server": "Microsoft-IIS/10.0",
        "Strict-Transport-Security": "max-age=31536000; includeSubDomains",
        "Transfer-Encoding": "chunked",
        "Vary": "Accept-Encoding",
        "X-Content-Type-Options": "nosniff",
        "x-ms-correlation-request-id": "65431225-eff6-4214-bb36-8791af07898e",
        "x-ms-ratelimit-remaining-subscription-reads": "11965",
        "x-ms-routing-request-id": "FRANCESOUTH:20220726T125848Z:65431225-eff6-4214-bb36-8791af07898e",
        "X-Powered-By": "ASP.NET"
      },
      "ResponseBody": {
        "id": "/subscriptions/00000000-0000-0000-0000-000000000000/resourceGroups/sdk-python-tests-rg/providers/Microsoft.NetApp/netAppAccounts/sdk-py-tests-acc-1-74e025c5/capacityPools/sdk-py-tests-pool-1/volumes/sdk-py-tests-vol-3-74e025c5/backups/sdk-py-tests-backup-1",
        "name": "sdk-py-tests-acc-1-74e025c5/sdk-py-tests-pool-1/sdk-py-tests-vol-3-74e025c5/sdk-py-tests-backup-1",
        "type": "Microsoft.NetApp/netAppAccounts/capacityPools/volumes/backups",
        "location": "westus2",
        "properties": {
          "creationDate": "2022-07-26T12:57:56Z",
          "backupId": "61ba45db-c4b0-d167-7593-5ea3b8bae711",
          "size": 0,
          "backupType": "Manual",
          "provisioningState": "Creating",
          "failureReason": "None",
          "volumeName": "sdk-py-tests-vol-3-74e025c5",
          "useExistingSnapshot": false
        }
      }
    },
    {
      "RequestUri": "https://management.azure.com/subscriptions/00000000-0000-0000-0000-000000000000/resourceGroups/sdk-python-tests-rg/providers/Microsoft.NetApp/netAppAccounts/sdk-py-tests-acc-1-74e025c5/capacityPools/sdk-py-tests-pool-1/volumes/sdk-py-tests-vol-3-74e025c5/backups/sdk-py-tests-backup-1?api-version=2022-03-01",
      "RequestMethod": "GET",
      "RequestHeaders": {
        "Accept": "application/json",
        "Accept-Encoding": "gzip, deflate",
        "Connection": "keep-alive",
        "User-Agent": "azsdk-python-mgmt-netapp/5.1.0 Python/3.9.5 (Windows-10-10.0.19044-SP0)"
      },
      "RequestBody": null,
      "StatusCode": 200,
      "ResponseHeaders": {
        "Cache-Control": "no-cache",
        "Content-Encoding": "gzip",
        "Content-Type": "application/json; charset=utf-8",
        "Date": "Tue, 26 Jul 2022 12:58:58 GMT",
        "Expires": "-1",
        "Pragma": "no-cache",
        "Server": "Microsoft-IIS/10.0",
        "Strict-Transport-Security": "max-age=31536000; includeSubDomains",
        "Transfer-Encoding": "chunked",
        "Vary": "Accept-Encoding",
        "X-Content-Type-Options": "nosniff",
        "x-ms-correlation-request-id": "b50aeff6-2f7c-4880-837b-6c4370ff775f",
        "x-ms-ratelimit-remaining-subscription-reads": "11964",
        "x-ms-routing-request-id": "FRANCESOUTH:20220726T125858Z:b50aeff6-2f7c-4880-837b-6c4370ff775f",
        "X-Powered-By": "ASP.NET"
      },
      "ResponseBody": {
        "id": "/subscriptions/00000000-0000-0000-0000-000000000000/resourceGroups/sdk-python-tests-rg/providers/Microsoft.NetApp/netAppAccounts/sdk-py-tests-acc-1-74e025c5/capacityPools/sdk-py-tests-pool-1/volumes/sdk-py-tests-vol-3-74e025c5/backups/sdk-py-tests-backup-1",
        "name": "sdk-py-tests-acc-1-74e025c5/sdk-py-tests-pool-1/sdk-py-tests-vol-3-74e025c5/sdk-py-tests-backup-1",
        "type": "Microsoft.NetApp/netAppAccounts/capacityPools/volumes/backups",
        "location": "westus2",
        "properties": {
          "creationDate": "2022-07-26T12:57:56Z",
          "backupId": "61ba45db-c4b0-d167-7593-5ea3b8bae711",
          "size": 0,
          "backupType": "Manual",
          "provisioningState": "Creating",
          "failureReason": "None",
          "volumeName": "sdk-py-tests-vol-3-74e025c5",
          "useExistingSnapshot": false
        }
      }
    },
    {
      "RequestUri": "https://management.azure.com/subscriptions/00000000-0000-0000-0000-000000000000/resourceGroups/sdk-python-tests-rg/providers/Microsoft.NetApp/netAppAccounts/sdk-py-tests-acc-1-74e025c5/capacityPools/sdk-py-tests-pool-1/volumes/sdk-py-tests-vol-3-74e025c5/backups/sdk-py-tests-backup-1?api-version=2022-03-01",
      "RequestMethod": "GET",
      "RequestHeaders": {
        "Accept": "application/json",
        "Accept-Encoding": "gzip, deflate",
        "Connection": "keep-alive",
        "User-Agent": "azsdk-python-mgmt-netapp/5.1.0 Python/3.9.5 (Windows-10-10.0.19044-SP0)"
      },
      "RequestBody": null,
      "StatusCode": 200,
      "ResponseHeaders": {
        "Cache-Control": "no-cache",
        "Content-Encoding": "gzip",
        "Content-Type": "application/json; charset=utf-8",
        "Date": "Tue, 26 Jul 2022 12:59:08 GMT",
        "Expires": "-1",
        "Pragma": "no-cache",
        "Server": "Microsoft-IIS/10.0",
        "Strict-Transport-Security": "max-age=31536000; includeSubDomains",
        "Transfer-Encoding": "chunked",
        "Vary": "Accept-Encoding",
        "X-Content-Type-Options": "nosniff",
        "x-ms-correlation-request-id": "7acffaaa-5657-4816-a249-20d2e1beee3a",
        "x-ms-ratelimit-remaining-subscription-reads": "11963",
        "x-ms-routing-request-id": "FRANCESOUTH:20220726T125909Z:7acffaaa-5657-4816-a249-20d2e1beee3a",
        "X-Powered-By": "ASP.NET"
      },
      "ResponseBody": {
        "id": "/subscriptions/00000000-0000-0000-0000-000000000000/resourceGroups/sdk-python-tests-rg/providers/Microsoft.NetApp/netAppAccounts/sdk-py-tests-acc-1-74e025c5/capacityPools/sdk-py-tests-pool-1/volumes/sdk-py-tests-vol-3-74e025c5/backups/sdk-py-tests-backup-1",
        "name": "sdk-py-tests-acc-1-74e025c5/sdk-py-tests-pool-1/sdk-py-tests-vol-3-74e025c5/sdk-py-tests-backup-1",
        "type": "Microsoft.NetApp/netAppAccounts/capacityPools/volumes/backups",
        "location": "westus2",
        "properties": {
          "creationDate": "2022-07-26T12:58:00Z",
          "backupId": "61ba45db-c4b0-d167-7593-5ea3b8bae711",
          "size": 331776,
          "backupType": "Manual",
          "provisioningState": "Succeeded",
          "failureReason": "None",
          "volumeName": "sdk-py-tests-vol-3-74e025c5",
          "useExistingSnapshot": false
        }
      }
    },
    {
      "RequestUri": "https://management.azure.com/subscriptions/00000000-0000-0000-0000-000000000000/resourceGroups/sdk-python-tests-rg/providers/Microsoft.NetApp/netAppAccounts/sdk-py-tests-acc-1-74e025c5/capacityPools/sdk-py-tests-pool-1/volumes/sdk-py-tests-acc-1-74e025c5/backups/sdk-py-tests-backup-1?api-version=2022-03-01",
      "RequestMethod": "GET",
      "RequestHeaders": {
        "Accept": "application/json",
        "Accept-Encoding": "gzip, deflate",
        "Connection": "keep-alive",
        "User-Agent": "azsdk-python-mgmt-netapp/5.1.0 Python/3.9.5 (Windows-10-10.0.19044-SP0)"
      },
      "RequestBody": null,
      "StatusCode": 404,
      "ResponseHeaders": {
        "Cache-Control": "no-cache",
        "Content-Length": "216",
        "Content-Type": "application/json; charset=utf-8",
        "Date": "Tue, 26 Jul 2022 12:59:09 GMT",
        "Expires": "-1",
        "Pragma": "no-cache",
        "Strict-Transport-Security": "max-age=31536000; includeSubDomains",
        "X-Content-Type-Options": "nosniff",
        "x-ms-correlation-request-id": "a5c9eec9-4a4d-4512-b4ec-d6bb86f06a1e",
        "x-ms-failure-cause": "gateway",
        "x-ms-routing-request-id": "FRANCESOUTH:20220726T125909Z:a5c9eec9-4a4d-4512-b4ec-d6bb86f06a1e"
      },
      "ResponseBody": {
        "error": {
          "code": "ParentResourceNotFound",
          "message": "Can not perform requested operation on nested resource. Parent resource \u0027sdk-py-tests-acc-1-74e025c5/sdk-py-tests-pool-1/sdk-py-tests-acc-1-74e025c5\u0027 not found."
        }
      }
    }
  ],
  "Variables": {}
}
