{
  "Entries": [
    {
      "RequestUri": "https://login.microsoftonline.com/00000000-0000-0000-0000-000000000000/v2.0/.well-known/openid-configuration",
      "RequestMethod": "GET",
      "RequestHeaders": {
        "Accept": "*/*",
        "Accept-Encoding": "gzip, deflate",
        "Connection": "keep-alive",
        "User-Agent": "azsdk-python-identity/1.14.0b2 Python/3.11.2 (Windows-10-10.0.22621-SP0)"
      },
      "RequestBody": null,
      "StatusCode": 200,
      "ResponseHeaders": {
        "Access-Control-Allow-Methods": "GET, OPTIONS",
        "Access-Control-Allow-Origin": "*",
        "Cache-Control": "max-age=86400, private",
        "Content-Length": "1753",
        "Content-Type": "application/json; charset=utf-8",
        "Date": "Wed, 28 Jun 2023 12:34:52 GMT",
        "P3P": "CP=\u0022DSP CUR OTPi IND OTRi ONL FIN\u0022",
        "Set-Cookie": "[set-cookie;]",
        "Strict-Transport-Security": "max-age=31536000; includeSubDomains",
        "X-Content-Type-Options": "nosniff",
        "x-ms-ests-server": "2.1.15723.3 - SEC ProdSlices",
        "X-XSS-Protection": "0"
      },
      "ResponseBody": {
        "token_endpoint": "https://login.microsoftonline.com/00000000-0000-0000-0000-000000000000/oauth2/v2.0/token",
        "token_endpoint_auth_methods_supported": [
          "client_secret_post",
          "private_key_jwt",
          "client_secret_basic"
        ],
        "jwks_uri": "https://login.microsoftonline.com/00000000-0000-0000-0000-000000000000/discovery/v2.0/keys",
        "response_modes_supported": [
          "query",
          "fragment",
          "form_post"
        ],
        "subject_types_supported": [
          "pairwise"
        ],
        "id_token_signing_alg_values_supported": [
          "RS256"
        ],
        "response_types_supported": [
          "code",
          "id_token",
          "code id_token",
          "id_token token"
        ],
        "scopes_supported": [
          "openid",
          "profile",
          "email",
          "offline_access"
        ],
        "issuer": "https://login.microsoftonline.com/00000000-0000-0000-0000-000000000000/v2.0",
        "request_uri_parameter_supported": false,
        "userinfo_endpoint": "https://graph.microsoft.com/oidc/userinfo",
        "authorization_endpoint": "https://login.microsoftonline.com/00000000-0000-0000-0000-000000000000/oauth2/v2.0/authorize",
        "device_authorization_endpoint": "https://login.microsoftonline.com/00000000-0000-0000-0000-000000000000/oauth2/v2.0/devicecode",
        "http_logout_supported": true,
        "frontchannel_logout_supported": true,
        "end_session_endpoint": "https://login.microsoftonline.com/00000000-0000-0000-0000-000000000000/oauth2/v2.0/logout",
        "claims_supported": [
          "sub",
          "iss",
          "cloud_instance_name",
          "cloud_instance_host_name",
          "cloud_graph_host_name",
          "msgraph_host",
          "aud",
          "exp",
          "iat",
          "auth_time",
          "acr",
          "nonce",
          "preferred_username",
          "name",
          "tid",
          "ver",
          "at_hash",
          "c_hash",
          "email"
        ],
        "kerberos_endpoint": "https://login.microsoftonline.com/00000000-0000-0000-0000-000000000000/kerberos",
        "tenant_region_scope": "WW",
        "cloud_instance_name": "microsoftonline.com",
        "cloud_graph_host_name": "graph.windows.net",
        "msgraph_host": "graph.microsoft.com",
        "rbac_url": "https://pas.windows.net"
      }
    },
    {
      "RequestUri": "https://login.microsoftonline.com/common/discovery/instance?api-version=1.1\u0026authorization_endpoint=https://login.microsoftonline.com/common/oauth2/authorize",
      "RequestMethod": "GET",
      "RequestHeaders": {
        "Accept": "application/json",
        "Accept-Encoding": "gzip, deflate",
        "Connection": "keep-alive",
        "Cookie": "cookie;",
        "User-Agent": "azsdk-python-identity/1.14.0b2 Python/3.11.2 (Windows-10-10.0.22621-SP0)"
      },
      "RequestBody": null,
      "StatusCode": 200,
      "ResponseHeaders": {
        "Access-Control-Allow-Methods": "GET, OPTIONS",
        "Access-Control-Allow-Origin": "*",
        "Cache-Control": "max-age=86400, private",
        "Content-Length": "945",
        "Content-Type": "application/json; charset=utf-8",
        "Date": "Wed, 28 Jun 2023 12:34:53 GMT",
        "P3P": "CP=\u0022DSP CUR OTPi IND OTRi ONL FIN\u0022",
        "Set-Cookie": "[set-cookie;]",
        "Strict-Transport-Security": "max-age=31536000; includeSubDomains",
        "X-Content-Type-Options": "nosniff",
        "x-ms-ests-server": "2.1.15673.4 - WEULR2 ProdSlices",
        "X-XSS-Protection": "0"
      },
      "ResponseBody": {
        "tenant_discovery_endpoint": "https://login.microsoftonline.com/common/.well-known/openid-configuration",
        "api-version": "1.1",
        "metadata": [
          {
            "preferred_network": "login.microsoftonline.com",
            "preferred_cache": "login.windows.net",
            "aliases": [
              "login.microsoftonline.com",
              "login.windows.net",
              "login.microsoft.com",
              "sts.windows.net"
            ]
          },
          {
            "preferred_network": "login.partner.microsoftonline.cn",
            "preferred_cache": "login.partner.microsoftonline.cn",
            "aliases": [
              "login.partner.microsoftonline.cn",
              "login.chinacloudapi.cn"
            ]
          },
          {
            "preferred_network": "login.microsoftonline.de",
            "preferred_cache": "login.microsoftonline.de",
            "aliases": [
              "login.microsoftonline.de"
            ]
          },
          {
            "preferred_network": "login.microsoftonline.us",
            "preferred_cache": "login.microsoftonline.us",
            "aliases": [
              "login.microsoftonline.us",
              "login.usgovcloudapi.net"
            ]
          },
          {
            "preferred_network": "login-us.microsoftonline.com",
            "preferred_cache": "login-us.microsoftonline.com",
            "aliases": [
              "login-us.microsoftonline.com"
            ]
          }
        ]
      }
    },
    {
      "RequestUri": "https://login.microsoftonline.com/00000000-0000-0000-0000-000000000000/oauth2/v2.0/token",
      "RequestMethod": "POST",
      "RequestHeaders": {
        "Accept": "application/json",
        "Accept-Encoding": "gzip, deflate",
        "client-request-id": "8e75c2f6-c1eb-4e94-97bd-6121a4fa1974",
        "Connection": "keep-alive",
        "Content-Length": "288",
        "Content-Type": "application/x-www-form-urlencoded",
        "Cookie": "cookie;",
        "User-Agent": "azsdk-python-identity/1.14.0b2 Python/3.11.2 (Windows-10-10.0.22621-SP0)",
        "x-client-cpu": "x64",
        "x-client-current-telemetry": "4|730,0|",
        "x-client-last-telemetry": "4|0|||",
        "x-client-os": "win32",
        "x-client-sku": "MSAL.Python",
        "x-client-ver": "1.22.0",
        "x-ms-lib-capability": "retry-after, h429"
      },
      "RequestBody": "client_id=00000000-0000-0000-0000-000000000000\u0026grant_type=client_credentials\u0026client_info=1\u0026client_secret=00000000-0000-0000-0000-000000000000\u0026claims=%7B%22access_token%22%3A\u002B%7B%22xms_cc%22%3A\u002B%7B%22values%22%3A\u002B%5B%22CP1%22%5D%7D%7D%7D\u0026scope=https%3A%2F%2Fmanagement.azure.com%2F.default",
      "StatusCode": 200,
      "ResponseHeaders": {
        "Cache-Control": "no-store, no-cache",
        "client-request-id": "8e75c2f6-c1eb-4e94-97bd-6121a4fa1974",
        "Content-Length": "114",
        "Content-Type": "application/json; charset=utf-8",
        "Date": "Wed, 28 Jun 2023 12:34:53 GMT",
        "Expires": "-1",
        "P3P": "CP=\u0022DSP CUR OTPi IND OTRi ONL FIN\u0022",
        "Pragma": "no-cache",
        "Set-Cookie": "[set-cookie;]",
        "Strict-Transport-Security": "max-age=31536000; includeSubDomains",
        "X-Content-Type-Options": "nosniff",
        "x-ms-clitelem": "1,0,0,,",
        "x-ms-ests-server": "2.1.15723.3 - NEULR1 ProdSlices",
        "X-XSS-Protection": "0"
      },
      "ResponseBody": {
        "token_type": "Bearer",
        "expires_in": 86399,
        "ext_expires_in": 86399,
        "refresh_in": 43199,
        "access_token": "access_token"
      }
    },
    {
      "RequestUri": "https://management.azure.com/subscriptions/00000000-0000-0000-0000-000000000000/resourceGroups/sdk-python-tests-rg-tmp/providers/Microsoft.NetApp/netAppAccounts/sdk-python-perma-account/capacityPools/sdk-python-perma-pool/volumes/sdk-py-tests-vol-3-8a942668?api-version=2022-11-01",
      "RequestMethod": "PUT",
      "RequestHeaders": {
        "Accept": "application/json",
        "Accept-Encoding": "gzip, deflate",
        "Connection": "keep-alive",
        "Content-Length": "815",
        "Content-Type": "application/json",
        "User-Agent": "azsdk-python-mgmt-netapp/10.1.0 Python/3.11.2 (Windows-10-10.0.22621-SP0)"
      },
      "RequestBody": {
        "location": "westus2",
        "properties": {
          "creationToken": "sdk-py-tests-vol-3-8a942668",
          "serviceLevel": "Premium",
          "usageThreshold": 107374182400,
          "protocolTypes": [
            "NFSv3"
          ],
          "subnetId": "/subscriptions/00000000-0000-0000-0000-000000000000/resourceGroups/sdk-python-tests-rg-tmp/providers/Microsoft.Network/virtualNetworks/sdk-python-tests-perma-VNET/subnets/sdk-python-tests-subnet",
          "networkFeatures": "Standard",
          "snapshotDirectoryVisible": true,
          "kerberosEnabled": false,
          "securityStyle": "unix",
          "smbEncryption": false,
          "smbContinuouslyAvailable": false,
          "encryptionKeySource": "Microsoft.NetApp",
          "ldapEnabled": false,
          "coolAccess": false,
          "unixPermissions": "0770",
          "avsDataStore": "Disabled",
          "isDefaultQuotaEnabled": false,
          "defaultUserQuotaInKiBs": 0,
          "defaultGroupQuotaInKiBs": 0,
          "isLargeVolume": false
        }
      },
      "StatusCode": 201,
      "ResponseHeaders": {
        "Azure-AsyncOperation": "https://management.azure.com/subscriptions/00000000-0000-0000-0000-000000000000/providers/Microsoft.NetApp/locations/westus2/operationResults/f3a6e4f6-3c85-4721-a844-d799d8b2b951?api-version=2022-11-01",
        "Cache-Control": "no-cache",
        "Content-Length": "1613",
        "Content-Type": "application/json; charset=utf-8",
        "Date": "Wed, 28 Jun 2023 12:34:56 GMT",
        "ETag": "W/\u0022datetime\u00272023-06-28T12%3A34%3A56.0740816Z\u0027\u0022",
        "Expires": "-1",
        "Pragma": "no-cache",
        "Server": "Microsoft-IIS/10.0",
        "Strict-Transport-Security": "max-age=31536000; includeSubDomains",
        "X-Content-Type-Options": "nosniff",
        "x-ms-correlation-request-id": "79271142-5372-48ce-be7e-4a1457928f0c",
        "x-ms-ratelimit-remaining-subscription-writes": "1197",
        "x-ms-routing-request-id": "WESTEUROPE:20230628T123457Z:79271142-5372-48ce-be7e-4a1457928f0c",
        "X-Powered-By": "ASP.NET"
      },
      "ResponseBody": {
        "id": "/subscriptions/00000000-0000-0000-0000-000000000000/resourceGroups/sdk-python-tests-rg-tmp/providers/Microsoft.NetApp/netAppAccounts/sdk-python-perma-account/capacityPools/sdk-python-perma-pool/volumes/sdk-py-tests-vol-3-8a942668",
        "name": "sdk-python-perma-account/sdk-python-perma-pool/sdk-py-tests-vol-3-8a942668",
        "type": "Microsoft.NetApp/netAppAccounts/capacityPools/volumes",
        "etag": "W/\u0022datetime\u00272023-06-28T12%3A34%3A56.0740816Z\u0027\u0022",
        "location": "westus2",
        "tags": {
          "CreatedOnDate": "2023-06-28T12:34:53.7015620Z"
        },
        "properties": {
          "serviceLevel": "Premium",
          "creationToken": "sdk-py-tests-vol-3-8a942668",
          "usageThreshold": 107374182400,
          "protocolTypes": [
            "NFSv3"
          ],
          "subnetId": "/subscriptions/00000000-0000-0000-0000-000000000000/resourceGroups/sdk-python-tests-rg-tmp/providers/Microsoft.Network/virtualNetworks/sdk-python-tests-perma-VNET/subnets/sdk-python-tests-subnet",
          "networkFeatures": "Standard",
          "snapshotDirectoryVisible": true,
          "kerberosEnabled": false,
          "securityStyle": "unix",
          "smbEncryption": false,
          "smbContinuouslyAvailable": false,
          "encryptionKeySource": "Microsoft.NetApp",
          "ldapEnabled": false,
          "unixPermissions": "0770",
          "coolAccess": false,
          "avsDataStore": "Disabled",
          "isDefaultQuotaEnabled": false,
          "defaultUserQuotaInKiBs": 0,
          "defaultGroupQuotaInKiBs": 0,
          "maximumNumberOfFiles": 100000000,
          "isLargeVolume": false,
          "provisioningState": "Creating"
        },
        "systemData": {
          "createdBy": "00000000-0000-0000-0000-000000000000",
          "createdByType": "Application",
          "createdAt": "2023-06-28T12:34:55.6201083Z",
          "lastModifiedBy": "00000000-0000-0000-0000-000000000000",
          "lastModifiedByType": "Application",
          "lastModifiedAt": "2023-06-28T12:34:55.6201083Z"
        }
      }
    },
    {
      "RequestUri": "https://management.azure.com/subscriptions/00000000-0000-0000-0000-000000000000/providers/Microsoft.NetApp/locations/westus2/operationResults/f3a6e4f6-3c85-4721-a844-d799d8b2b951?api-version=2022-11-01",
      "RequestMethod": "GET",
      "RequestHeaders": {
        "Accept": "*/*",
        "Accept-Encoding": "gzip, deflate",
        "Connection": "keep-alive",
        "User-Agent": "azsdk-python-mgmt-netapp/10.1.0 Python/3.11.2 (Windows-10-10.0.22621-SP0)"
      },
      "RequestBody": null,
      "StatusCode": 200,
      "ResponseHeaders": {
        "Cache-Control": "no-cache",
        "Content-Encoding": "gzip",
        "Content-Type": "application/json; charset=utf-8",
        "Date": "Wed, 28 Jun 2023 12:34:56 GMT",
        "Expires": "-1",
        "Pragma": "no-cache",
        "Server": "Microsoft-IIS/10.0",
        "Strict-Transport-Security": "max-age=31536000; includeSubDomains",
        "Transfer-Encoding": "chunked",
        "Vary": "Accept-Encoding",
        "X-Content-Type-Options": "nosniff",
        "x-ms-correlation-request-id": "5f08aefd-a848-4a84-8af1-6a260ac56bc0",
        "x-ms-ratelimit-remaining-subscription-reads": "11981",
        "x-ms-routing-request-id": "WESTEUROPE:20230628T123457Z:5f08aefd-a848-4a84-8af1-6a260ac56bc0",
        "X-Powered-By": "ASP.NET"
      },
      "ResponseBody": {
        "id": "/subscriptions/00000000-0000-0000-0000-000000000000/providers/Microsoft.NetApp/locations/westus2/operationResults/f3a6e4f6-3c85-4721-a844-d799d8b2b951",
        "name": "f3a6e4f6-3c85-4721-a844-d799d8b2b951",
        "status": "Creating",
        "startTime": "2023-06-28T12:34:56.0759621Z",
        "endTime": "0001-01-01T00:00:00Z",
        "percentComplete": 0.0,
        "properties": {
          "resourceName": "/subscriptions/00000000-0000-0000-0000-000000000000/resourceGroups/sdk-python-tests-rg-tmp/providers/Microsoft.NetApp/netAppAccounts/sdk-python-perma-account/capacityPools/sdk-python-perma-pool/volumes/sdk-py-tests-vol-3-8a942668",
          "action": "CREATE"
        }
      }
    },
    {
      "RequestUri": "https://management.azure.com/subscriptions/00000000-0000-0000-0000-000000000000/providers/Microsoft.NetApp/locations/westus2/operationResults/f3a6e4f6-3c85-4721-a844-d799d8b2b951?api-version=2022-11-01",
      "RequestMethod": "GET",
      "RequestHeaders": {
        "Accept": "*/*",
        "Accept-Encoding": "gzip, deflate",
        "Connection": "keep-alive",
        "User-Agent": "azsdk-python-mgmt-netapp/10.1.0 Python/3.11.2 (Windows-10-10.0.22621-SP0)"
      },
      "RequestBody": null,
      "StatusCode": 200,
      "ResponseHeaders": {
        "Cache-Control": "no-cache",
        "Content-Encoding": "gzip",
        "Content-Type": "application/json; charset=utf-8",
        "Date": "Wed, 28 Jun 2023 12:35:26 GMT",
        "Expires": "-1",
        "Pragma": "no-cache",
        "Server": "Microsoft-IIS/10.0",
        "Strict-Transport-Security": "max-age=31536000; includeSubDomains",
        "Transfer-Encoding": "chunked",
        "Vary": "Accept-Encoding",
        "X-Content-Type-Options": "nosniff",
        "x-ms-correlation-request-id": "0c008bef-5e2d-49f6-b89f-d0ef854387c0",
        "x-ms-ratelimit-remaining-subscription-reads": "11980",
        "x-ms-routing-request-id": "WESTEUROPE:20230628T123527Z:0c008bef-5e2d-49f6-b89f-d0ef854387c0",
        "X-Powered-By": "ASP.NET"
      },
      "ResponseBody": {
        "id": "/subscriptions/00000000-0000-0000-0000-000000000000/providers/Microsoft.NetApp/locations/westus2/operationResults/f3a6e4f6-3c85-4721-a844-d799d8b2b951",
        "name": "f3a6e4f6-3c85-4721-a844-d799d8b2b951",
        "status": "Succeeded",
        "startTime": "2023-06-28T12:34:56.0759621Z",
        "endTime": "2023-06-28T12:35:09.8719796Z",
        "percentComplete": 100.0,
        "properties": {
          "resourceName": "/subscriptions/00000000-0000-0000-0000-000000000000/resourceGroups/sdk-python-tests-rg-tmp/providers/Microsoft.NetApp/netAppAccounts/sdk-python-perma-account/capacityPools/sdk-python-perma-pool/volumes/sdk-py-tests-vol-3-8a942668",
          "action": "CREATE"
        }
      }
    },
    {
      "RequestUri": "https://management.azure.com/subscriptions/00000000-0000-0000-0000-000000000000/resourceGroups/sdk-python-tests-rg-tmp/providers/Microsoft.NetApp/netAppAccounts/sdk-python-perma-account/capacityPools/sdk-python-perma-pool/volumes/sdk-py-tests-vol-3-8a942668?api-version=2022-11-01",
      "RequestMethod": "GET",
      "RequestHeaders": {
        "Accept": "*/*",
        "Accept-Encoding": "gzip, deflate",
        "Connection": "keep-alive",
        "User-Agent": "azsdk-python-mgmt-netapp/10.1.0 Python/3.11.2 (Windows-10-10.0.22621-SP0)"
      },
      "RequestBody": null,
      "StatusCode": 200,
      "ResponseHeaders": {
        "Cache-Control": "no-cache",
        "Content-Encoding": "gzip",
        "Content-Type": "application/json; charset=utf-8",
        "Date": "Wed, 28 Jun 2023 12:35:27 GMT",
        "ETag": "W/\u0022datetime\u00272023-06-28T12%3A35%3A09.8679371Z\u0027\u0022",
        "Expires": "-1",
        "Pragma": "no-cache",
        "Server": "Microsoft-IIS/10.0",
        "Strict-Transport-Security": "max-age=31536000; includeSubDomains",
        "Transfer-Encoding": "chunked",
        "Vary": "Accept-Encoding",
        "X-Content-Type-Options": "nosniff",
        "x-ms-correlation-request-id": "4437df9b-f75a-4494-aab6-b1df3b3189cf",
        "x-ms-ratelimit-remaining-subscription-reads": "11979",
        "x-ms-routing-request-id": "WESTEUROPE:20230628T123528Z:4437df9b-f75a-4494-aab6-b1df3b3189cf",
        "X-Powered-By": "ASP.NET"
      },
      "ResponseBody": {
        "id": "/subscriptions/00000000-0000-0000-0000-000000000000/resourceGroups/sdk-python-tests-rg-tmp/providers/Microsoft.NetApp/netAppAccounts/sdk-python-perma-account/capacityPools/sdk-python-perma-pool/volumes/sdk-py-tests-vol-3-8a942668",
        "name": "sdk-python-perma-account/sdk-python-perma-pool/sdk-py-tests-vol-3-8a942668",
        "type": "Microsoft.NetApp/netAppAccounts/capacityPools/volumes",
        "etag": "W/\u0022datetime\u00272023-06-28T12%3A35%3A09.8679371Z\u0027\u0022",
        "location": "westus2",
        "tags": {
          "CreatedOnDate": "2023-06-28T12:34:53.7015620Z"
        },
        "properties": {
          "fileSystemId": "c569b8d8-ff41-8a64-8d7c-71b210f73b92",
          "serviceLevel": "Premium",
          "creationToken": "sdk-py-tests-vol-3-8a942668",
          "usageThreshold": 107374182400,
          "exportPolicy": {
            "rules": [
              {
                "ruleIndex": 1,
                "unixReadOnly": false,
                "unixReadWrite": true,
                "cifs": false,
                "nfsv3": true,
                "nfsv41": false,
                "allowedClients": "0.0.0.0/0",
                "kerberos5ReadOnly": false,
                "kerberos5ReadWrite": false,
                "kerberos5iReadOnly": false,
                "kerberos5iReadWrite": false,
                "kerberos5pReadOnly": false,
                "kerberos5pReadWrite": false,
                "hasRootAccess": true,
                "chownMode": "Restricted"
              }
            ]
          },
          "protocolTypes": [
            "NFSv3"
          ],
          "baremetalTenantId": "baremetalTenant_svm_8f82c7b40509489d9e97d719b9b955b4_42cab48b",
          "subnetId": "/subscriptions/00000000-0000-0000-0000-000000000000/resourceGroups/sdk-python-tests-rg-tmp/providers/Microsoft.Network/virtualNetworks/sdk-python-tests-perma-VNET/subnets/sdk-python-tests-subnet",
          "networkFeatures": "Standard",
          "networkSiblingSetId": "8dd1978e-584b-5087-bfc6-c261b926b7ba",
          "storageToNetworkProximity": "T2",
          "snapshotDirectoryVisible": true,
          "kerberosEnabled": false,
          "securityStyle": "Unix",
          "smbEncryption": false,
          "smbContinuouslyAvailable": false,
          "encryptionKeySource": "Microsoft.NetApp",
          "ldapEnabled": false,
          "unixPermissions": "0770",
          "mountTargets": [
            {
              "mountTargetId": "c569b8d8-ff41-8a64-8d7c-71b210f73b92",
              "fileSystemId": "c569b8d8-ff41-8a64-8d7c-71b210f73b92",
              "ipAddress": "10.0.0.4"
            }
          ],
          "throughputMibps": 0.0,
          "coolAccess": false,
          "avsDataStore": "Disabled",
          "isDefaultQuotaEnabled": false,
          "defaultUserQuotaInKiBs": 0,
          "defaultGroupQuotaInKiBs": 0,
          "enableSubvolumes": "Disabled",
          "maximumNumberOfFiles": 100000000,
          "smbNonBrowsable": "Disabled",
          "smbAccessBasedEnumeration": "Disabled",
          "isLargeVolume": false,
          "provisionedAvailabilityZone": "1",
          "actualThroughputMibps": 6.25,
          "provisioningState": "Succeeded"
        },
        "systemData": {
          "createdBy": "00000000-0000-0000-0000-000000000000",
          "createdByType": "Application",
          "createdAt": "2023-06-28T12:34:55.6201083Z",
          "lastModifiedBy": "00000000-0000-0000-0000-000000000000",
          "lastModifiedByType": "Application",
          "lastModifiedAt": "2023-06-28T12:34:55.6201083Z"
        }
      }
    },
    {
      "RequestUri": "https://management.azure.com/subscriptions/00000000-0000-0000-0000-000000000000/resourceGroups/sdk-python-tests-rg-tmp/providers/Microsoft.NetApp/netAppAccounts/sdk-python-perma-account/capacityPools/sdk-python-perma-pool/volumes/sdk-py-tests-vol-3-8a942668?api-version=2022-11-01",
      "RequestMethod": "GET",
      "RequestHeaders": {
        "Accept": "application/json",
        "Accept-Encoding": "gzip, deflate",
        "Connection": "keep-alive",
        "User-Agent": "azsdk-python-mgmt-netapp/10.1.0 Python/3.11.2 (Windows-10-10.0.22621-SP0)"
      },
      "RequestBody": null,
      "StatusCode": 200,
      "ResponseHeaders": {
        "Cache-Control": "no-cache",
        "Content-Encoding": "gzip",
        "Content-Type": "application/json; charset=utf-8",
        "Date": "Wed, 28 Jun 2023 12:35:27 GMT",
        "ETag": "W/\u0022datetime\u00272023-06-28T12%3A35%3A09.8679371Z\u0027\u0022",
        "Expires": "-1",
        "Pragma": "no-cache",
        "Server": "Microsoft-IIS/10.0",
        "Strict-Transport-Security": "max-age=31536000; includeSubDomains",
        "Transfer-Encoding": "chunked",
        "Vary": "Accept-Encoding",
        "X-Content-Type-Options": "nosniff",
        "x-ms-correlation-request-id": "fe247050-88ec-485b-be84-e8c7481dde5d",
        "x-ms-ratelimit-remaining-subscription-reads": "11978",
        "x-ms-routing-request-id": "WESTEUROPE:20230628T123528Z:fe247050-88ec-485b-be84-e8c7481dde5d",
        "X-Powered-By": "ASP.NET"
      },
      "ResponseBody": {
        "id": "/subscriptions/00000000-0000-0000-0000-000000000000/resourceGroups/sdk-python-tests-rg-tmp/providers/Microsoft.NetApp/netAppAccounts/sdk-python-perma-account/capacityPools/sdk-python-perma-pool/volumes/sdk-py-tests-vol-3-8a942668",
        "name": "sdk-python-perma-account/sdk-python-perma-pool/sdk-py-tests-vol-3-8a942668",
        "type": "Microsoft.NetApp/netAppAccounts/capacityPools/volumes",
        "etag": "W/\u0022datetime\u00272023-06-28T12%3A35%3A09.8679371Z\u0027\u0022",
        "location": "westus2",
        "tags": {
          "CreatedOnDate": "2023-06-28T12:34:53.7015620Z"
        },
        "properties": {
          "fileSystemId": "c569b8d8-ff41-8a64-8d7c-71b210f73b92",
          "serviceLevel": "Premium",
          "creationToken": "sdk-py-tests-vol-3-8a942668",
          "usageThreshold": 107374182400,
          "exportPolicy": {
            "rules": [
              {
                "ruleIndex": 1,
                "unixReadOnly": false,
                "unixReadWrite": true,
                "cifs": false,
                "nfsv3": true,
                "nfsv41": false,
                "allowedClients": "0.0.0.0/0",
                "kerberos5ReadOnly": false,
                "kerberos5ReadWrite": false,
                "kerberos5iReadOnly": false,
                "kerberos5iReadWrite": false,
                "kerberos5pReadOnly": false,
                "kerberos5pReadWrite": false,
                "hasRootAccess": true,
                "chownMode": "Restricted"
              }
            ]
          },
          "protocolTypes": [
            "NFSv3"
          ],
          "baremetalTenantId": "baremetalTenant_svm_8f82c7b40509489d9e97d719b9b955b4_42cab48b",
          "subnetId": "/subscriptions/00000000-0000-0000-0000-000000000000/resourceGroups/sdk-python-tests-rg-tmp/providers/Microsoft.Network/virtualNetworks/sdk-python-tests-perma-VNET/subnets/sdk-python-tests-subnet",
          "networkFeatures": "Standard",
          "networkSiblingSetId": "8dd1978e-584b-5087-bfc6-c261b926b7ba",
          "storageToNetworkProximity": "T2",
          "snapshotDirectoryVisible": true,
          "kerberosEnabled": false,
          "securityStyle": "Unix",
          "smbEncryption": false,
          "smbContinuouslyAvailable": false,
          "encryptionKeySource": "Microsoft.NetApp",
          "ldapEnabled": false,
          "unixPermissions": "0770",
          "mountTargets": [
            {
              "mountTargetId": "c569b8d8-ff41-8a64-8d7c-71b210f73b92",
              "fileSystemId": "c569b8d8-ff41-8a64-8d7c-71b210f73b92",
              "ipAddress": "10.0.0.4"
            }
          ],
          "throughputMibps": 0.0,
          "coolAccess": false,
          "avsDataStore": "Disabled",
          "isDefaultQuotaEnabled": false,
          "defaultUserQuotaInKiBs": 0,
          "defaultGroupQuotaInKiBs": 0,
          "enableSubvolumes": "Disabled",
          "maximumNumberOfFiles": 100000000,
          "smbNonBrowsable": "Disabled",
          "smbAccessBasedEnumeration": "Disabled",
          "isLargeVolume": false,
          "provisionedAvailabilityZone": "1",
          "actualThroughputMibps": 6.25,
          "provisioningState": "Succeeded"
        },
        "systemData": {
          "createdBy": "00000000-0000-0000-0000-000000000000",
          "createdByType": "Application",
          "createdAt": "2023-06-28T12:34:55.6201083Z",
          "lastModifiedBy": "00000000-0000-0000-0000-000000000000",
          "lastModifiedByType": "Application",
          "lastModifiedAt": "2023-06-28T12:34:55.6201083Z"
        }
      }
    },
    {
      "RequestUri": "https://management.azure.com/subscriptions/00000000-0000-0000-0000-000000000000/resourceGroups/sdk-python-tests-rg-tmp/providers/Microsoft.NetApp/netAppAccounts/sdk-python-perma-account/capacityPools/sdk-python-perma-pool/volumes/sdk-py-tests-vol-3-8a942668/snapshots/sdk-py-tests-snapshot-1-8a942668?api-version=2022-11-01",
      "RequestMethod": "PUT",
      "RequestHeaders": {
        "Accept": "application/json",
        "Accept-Encoding": "gzip, deflate",
        "Connection": "keep-alive",
        "Content-Length": "23",
        "Content-Type": "application/json",
        "User-Agent": "azsdk-python-mgmt-netapp/10.1.0 Python/3.11.2 (Windows-10-10.0.22621-SP0)"
      },
      "RequestBody": {
        "location": "westus2"
      },
      "StatusCode": 201,
      "ResponseHeaders": {
        "Azure-AsyncOperation": "https://management.azure.com/subscriptions/00000000-0000-0000-0000-000000000000/providers/Microsoft.NetApp/locations/westus2/operationResults/6a2f3afa-4c2d-4aa9-ba44-9e7358bfe266?api-version=2022-11-01",
        "Cache-Control": "no-cache",
        "Content-Length": "538",
        "Content-Type": "application/json; charset=utf-8",
        "Date": "Wed, 28 Jun 2023 12:35:28 GMT",
        "Expires": "-1",
        "Location": "https://management.azure.com/subscriptions/00000000-0000-0000-0000-000000000000/providers/Microsoft.NetApp/locations/westus2/operationResults/6a2f3afa-4c2d-4aa9-ba44-9e7358bfe266?api-version=2022-11-01\u0026operationResultResponseType=Location",
        "Pragma": "no-cache",
        "Server": "Microsoft-IIS/10.0",
        "Strict-Transport-Security": "max-age=31536000; includeSubDomains",
        "X-Content-Type-Options": "nosniff",
        "x-ms-correlation-request-id": "5aa799e0-c71e-4a8d-8783-761fdbd5d0cd",
        "x-ms-ratelimit-remaining-subscription-writes": "1196",
        "x-ms-routing-request-id": "WESTEUROPE:20230628T123529Z:5aa799e0-c71e-4a8d-8783-761fdbd5d0cd",
        "X-Powered-By": "ASP.NET"
      },
      "ResponseBody": {
        "id": "/subscriptions/00000000-0000-0000-0000-000000000000/resourceGroups/sdk-python-tests-rg-tmp/providers/Microsoft.NetApp/netAppAccounts/sdk-python-perma-account/capacityPools/sdk-python-perma-pool/volumes/sdk-py-tests-vol-3-8a942668/snapshots/sdk-py-tests-snapshot-1-8a942668",
        "name": "sdk-python-perma-account/sdk-python-perma-pool/sdk-py-tests-vol-3-8a942668/sdk-py-tests-snapshot-1-8a942668",
        "type": "Microsoft.NetApp/netAppAccounts/capacityPools/volumes/snapshots",
        "location": "westus2",
        "properties": {
          "provisioningState": "Creating"
        }
      }
    },
    {
      "RequestUri": "https://management.azure.com/subscriptions/00000000-0000-0000-0000-000000000000/providers/Microsoft.NetApp/locations/westus2/operationResults/6a2f3afa-4c2d-4aa9-ba44-9e7358bfe266?api-version=2022-11-01",
      "RequestMethod": "GET",
      "RequestHeaders": {
        "Accept": "*/*",
        "Accept-Encoding": "gzip, deflate",
        "Connection": "keep-alive",
        "User-Agent": "azsdk-python-mgmt-netapp/10.1.0 Python/3.11.2 (Windows-10-10.0.22621-SP0)"
      },
      "RequestBody": null,
      "StatusCode": 200,
      "ResponseHeaders": {
        "Cache-Control": "no-cache",
        "Content-Encoding": "gzip",
        "Content-Type": "application/json; charset=utf-8",
        "Date": "Wed, 28 Jun 2023 12:35:28 GMT",
        "Expires": "-1",
        "Pragma": "no-cache",
        "Server": "Microsoft-IIS/10.0",
        "Strict-Transport-Security": "max-age=31536000; includeSubDomains",
        "Transfer-Encoding": "chunked",
        "Vary": "Accept-Encoding",
        "X-Content-Type-Options": "nosniff",
        "x-ms-correlation-request-id": "ce00e0b5-db30-4456-88ce-b79ebcb2c8e0",
        "x-ms-ratelimit-remaining-subscription-reads": "11977",
        "x-ms-routing-request-id": "WESTEUROPE:20230628T123529Z:ce00e0b5-db30-4456-88ce-b79ebcb2c8e0",
        "X-Powered-By": "ASP.NET"
      },
      "ResponseBody": {
        "id": "/subscriptions/00000000-0000-0000-0000-000000000000/providers/Microsoft.NetApp/locations/westus2/operationResults/6a2f3afa-4c2d-4aa9-ba44-9e7358bfe266",
        "name": "6a2f3afa-4c2d-4aa9-ba44-9e7358bfe266",
        "status": "Creating",
        "startTime": "2023-06-28T12:35:28.9504584Z",
        "endTime": "0001-01-01T00:00:00Z",
        "percentComplete": 0.0,
        "properties": {
          "resourceName": "/subscriptions/00000000-0000-0000-0000-000000000000/resourceGroups/sdk-python-tests-rg-tmp/providers/Microsoft.NetApp/netAppAccounts/sdk-python-perma-account/capacityPools/sdk-python-perma-pool/volumes/sdk-py-tests-vol-3-8a942668/snapshots/sdk-py-tests-snapshot-1-8a942668",
          "action": "CREATE"
        }
      }
    },
    {
      "RequestUri": "https://management.azure.com/subscriptions/00000000-0000-0000-0000-000000000000/providers/Microsoft.NetApp/locations/westus2/operationResults/6a2f3afa-4c2d-4aa9-ba44-9e7358bfe266?api-version=2022-11-01",
      "RequestMethod": "GET",
      "RequestHeaders": {
        "Accept": "*/*",
        "Accept-Encoding": "gzip, deflate",
        "Connection": "keep-alive",
        "User-Agent": "azsdk-python-mgmt-netapp/10.1.0 Python/3.11.2 (Windows-10-10.0.22621-SP0)"
      },
      "RequestBody": null,
      "StatusCode": 200,
      "ResponseHeaders": {
        "Cache-Control": "no-cache",
        "Content-Encoding": "gzip",
        "Content-Type": "application/json; charset=utf-8",
        "Date": "Wed, 28 Jun 2023 12:35:59 GMT",
        "Expires": "-1",
        "Pragma": "no-cache",
        "Server": "Microsoft-IIS/10.0",
        "Strict-Transport-Security": "max-age=31536000; includeSubDomains",
        "Transfer-Encoding": "chunked",
        "Vary": "Accept-Encoding",
        "X-Content-Type-Options": "nosniff",
        "x-ms-correlation-request-id": "72d3ee1e-50a3-46a6-868c-d7f02b44357c",
        "x-ms-ratelimit-remaining-subscription-reads": "11976",
        "x-ms-routing-request-id": "WESTEUROPE:20230628T123559Z:72d3ee1e-50a3-46a6-868c-d7f02b44357c",
        "X-Powered-By": "ASP.NET"
      },
      "ResponseBody": {
        "id": "/subscriptions/00000000-0000-0000-0000-000000000000/providers/Microsoft.NetApp/locations/westus2/operationResults/6a2f3afa-4c2d-4aa9-ba44-9e7358bfe266",
        "name": "6a2f3afa-4c2d-4aa9-ba44-9e7358bfe266",
        "status": "Succeeded",
        "startTime": "2023-06-28T12:35:28.9504584Z",
        "endTime": "2023-06-28T12:35:31.0527042Z",
        "percentComplete": 100.0,
        "properties": {
          "resourceName": "/subscriptions/00000000-0000-0000-0000-000000000000/resourceGroups/sdk-python-tests-rg-tmp/providers/Microsoft.NetApp/netAppAccounts/sdk-python-perma-account/capacityPools/sdk-python-perma-pool/volumes/sdk-py-tests-vol-3-8a942668/snapshots/sdk-py-tests-snapshot-1-8a942668",
          "action": "CREATE"
        }
      }
    },
    {
      "RequestUri": "https://management.azure.com/subscriptions/00000000-0000-0000-0000-000000000000/providers/Microsoft.NetApp/locations/westus2/operationResults/6a2f3afa-4c2d-4aa9-ba44-9e7358bfe266?api-version=2022-11-01\u0026operationResultResponseType=Location",
      "RequestMethod": "GET",
      "RequestHeaders": {
        "Accept": "*/*",
        "Accept-Encoding": "gzip, deflate",
        "Connection": "keep-alive",
        "User-Agent": "azsdk-python-mgmt-netapp/10.1.0 Python/3.11.2 (Windows-10-10.0.22621-SP0)"
      },
      "RequestBody": null,
      "StatusCode": 201,
      "ResponseHeaders": {
        "Cache-Control": "no-cache",
        "Content-Length": "658",
        "Content-Type": "application/json; charset=utf-8",
        "Date": "Wed, 28 Jun 2023 12:35:59 GMT",
        "Expires": "-1",
        "Pragma": "no-cache",
        "Server": "Microsoft-IIS/10.0",
        "Strict-Transport-Security": "max-age=31536000; includeSubDomains",
        "X-Content-Type-Options": "nosniff",
        "x-ms-correlation-request-id": "52542dae-3130-4517-9451-674bedd63fe2",
        "x-ms-ratelimit-remaining-subscription-reads": "11975",
        "x-ms-routing-request-id": "WESTEUROPE:20230628T123559Z:52542dae-3130-4517-9451-674bedd63fe2",
        "X-Powered-By": "ASP.NET"
      },
      "ResponseBody": {
        "id": "/subscriptions/00000000-0000-0000-0000-000000000000/resourceGroups/sdk-python-tests-rg-tmp/providers/Microsoft.NetApp/netAppAccounts/sdk-python-perma-account/capacityPools/sdk-python-perma-pool/volumes/sdk-py-tests-vol-3-8a942668/snapshots/sdk-py-tests-snapshot-1-8a942668",
        "name": "sdk-python-perma-account/sdk-python-perma-pool/sdk-py-tests-vol-3-8a942668/sdk-py-tests-snapshot-1-8a942668",
        "type": "Microsoft.NetApp/netAppAccounts/capacityPools/volumes/snapshots",
        "etag": "6/28/2023 12:35:31 PM",
        "location": "westus2",
        "properties": {
          "provisioningState": "Succeeded",
          "snapshotId": "7419515d-23d6-2c4f-cb06-9d36f7db75ef",
          "created": "2023-06-28T12:35:29.29Z"
        }
      }
    },
    {
      "RequestUri": "https://management.azure.com/subscriptions/00000000-0000-0000-0000-000000000000/resourceGroups/sdk-python-tests-rg-tmp/providers/Microsoft.NetApp/netAppAccounts/sdk-python-perma-account/capacityPools/sdk-python-perma-pool/volumes/sdk-py-tests-vol-3-8a942668/snapshots/sdk-py-tests-snapshot-1-8a942668?api-version=2022-11-01",
      "RequestMethod": "GET",
      "RequestHeaders": {
        "Accept": "application/json",
        "Accept-Encoding": "gzip, deflate",
        "Connection": "keep-alive",
        "User-Agent": "azsdk-python-mgmt-netapp/10.1.0 Python/3.11.2 (Windows-10-10.0.22621-SP0)"
      },
      "RequestBody": null,
      "StatusCode": 200,
      "ResponseHeaders": {
        "Cache-Control": "no-cache",
        "Content-Encoding": "gzip",
        "Content-Type": "application/json; charset=utf-8",
        "Date": "Wed, 28 Jun 2023 12:36:00 GMT",
        "Expires": "-1",
        "Pragma": "no-cache",
        "Server": "Microsoft-IIS/10.0",
        "Strict-Transport-Security": "max-age=31536000; includeSubDomains",
        "Transfer-Encoding": "chunked",
        "Vary": "Accept-Encoding",
        "X-Content-Type-Options": "nosniff",
        "x-ms-correlation-request-id": "40111d1b-8094-4965-b287-bafdbe4aa2be",
        "x-ms-ratelimit-remaining-subscription-reads": "11974",
        "x-ms-routing-request-id": "WESTEUROPE:20230628T123600Z:40111d1b-8094-4965-b287-bafdbe4aa2be",
        "X-Powered-By": "ASP.NET"
      },
      "ResponseBody": {
        "id": "/subscriptions/00000000-0000-0000-0000-000000000000/resourceGroups/sdk-python-tests-rg-tmp/providers/Microsoft.NetApp/netAppAccounts/sdk-python-perma-account/capacityPools/sdk-python-perma-pool/volumes/sdk-py-tests-vol-3-8a942668/snapshots/sdk-py-tests-snapshot-1-8a942668",
        "name": "sdk-python-perma-account/sdk-python-perma-pool/sdk-py-tests-vol-3-8a942668/sdk-py-tests-snapshot-1-8a942668",
        "type": "Microsoft.NetApp/netAppAccounts/capacityPools/volumes/snapshots",
        "location": "westus2",
        "properties": {
          "provisioningState": "Succeeded",
          "snapshotId": "7419515d-23d6-2c4f-cb06-9d36f7db75ef",
          "created": "2023-06-28T12:35:29.29Z"
        }
      }
    },
    {
      "RequestUri": "https://management.azure.com/subscriptions/00000000-0000-0000-0000-000000000000/resourceGroups/sdk-python-tests-rg-tmp/providers/Microsoft.NetApp/netAppAccounts/sdk-python-perma-account/capacityPools/sdk-python-perma-pool/volumes/sdk-py-tests-vol-3-8a942668?api-version=2022-11-01",
      "RequestMethod": "GET",
      "RequestHeaders": {
        "Accept": "application/json",
        "Accept-Encoding": "gzip, deflate",
        "Connection": "keep-alive",
        "User-Agent": "azsdk-python-mgmt-netapp/10.1.0 Python/3.11.2 (Windows-10-10.0.22621-SP0)"
      },
      "RequestBody": null,
      "StatusCode": 200,
      "ResponseHeaders": {
        "Cache-Control": "no-cache",
        "Content-Encoding": "gzip",
        "Content-Type": "application/json; charset=utf-8",
        "Date": "Wed, 28 Jun 2023 12:36:01 GMT",
        "ETag": "W/\u0022datetime\u00272023-06-28T12%3A35%3A09.8679371Z\u0027\u0022",
        "Expires": "-1",
        "Pragma": "no-cache",
        "Server": "Microsoft-IIS/10.0",
        "Strict-Transport-Security": "max-age=31536000; includeSubDomains",
        "Transfer-Encoding": "chunked",
        "Vary": "Accept-Encoding",
        "X-Content-Type-Options": "nosniff",
        "x-ms-correlation-request-id": "09ec7b4f-b0b0-47ea-a31b-6f16d9480a8e",
        "x-ms-ratelimit-remaining-subscription-reads": "11973",
        "x-ms-routing-request-id": "WESTEUROPE:20230628T123601Z:09ec7b4f-b0b0-47ea-a31b-6f16d9480a8e",
        "X-Powered-By": "ASP.NET"
      },
      "ResponseBody": {
        "id": "/subscriptions/00000000-0000-0000-0000-000000000000/resourceGroups/sdk-python-tests-rg-tmp/providers/Microsoft.NetApp/netAppAccounts/sdk-python-perma-account/capacityPools/sdk-python-perma-pool/volumes/sdk-py-tests-vol-3-8a942668",
        "name": "sdk-python-perma-account/sdk-python-perma-pool/sdk-py-tests-vol-3-8a942668",
        "type": "Microsoft.NetApp/netAppAccounts/capacityPools/volumes",
        "etag": "W/\u0022datetime\u00272023-06-28T12%3A35%3A09.8679371Z\u0027\u0022",
        "location": "westus2",
        "tags": {
          "CreatedOnDate": "2023-06-28T12:34:53.7015620Z"
        },
        "properties": {
          "fileSystemId": "c569b8d8-ff41-8a64-8d7c-71b210f73b92",
          "serviceLevel": "Premium",
          "creationToken": "sdk-py-tests-vol-3-8a942668",
          "usageThreshold": 107374182400,
          "exportPolicy": {
            "rules": [
              {
                "ruleIndex": 1,
                "unixReadOnly": false,
                "unixReadWrite": true,
                "cifs": false,
                "nfsv3": true,
                "nfsv41": false,
                "allowedClients": "0.0.0.0/0",
                "kerberos5ReadOnly": false,
                "kerberos5ReadWrite": false,
                "kerberos5iReadOnly": false,
                "kerberos5iReadWrite": false,
                "kerberos5pReadOnly": false,
                "kerberos5pReadWrite": false,
                "hasRootAccess": true,
                "chownMode": "Restricted"
              }
            ]
          },
          "protocolTypes": [
            "NFSv3"
          ],
          "baremetalTenantId": "baremetalTenant_svm_8f82c7b40509489d9e97d719b9b955b4_42cab48b",
          "subnetId": "/subscriptions/00000000-0000-0000-0000-000000000000/resourceGroups/sdk-python-tests-rg-tmp/providers/Microsoft.Network/virtualNetworks/sdk-python-tests-perma-VNET/subnets/sdk-python-tests-subnet",
          "networkFeatures": "Standard",
          "networkSiblingSetId": "8dd1978e-584b-5087-bfc6-c261b926b7ba",
          "storageToNetworkProximity": "T2",
          "snapshotDirectoryVisible": true,
          "kerberosEnabled": false,
          "securityStyle": "Unix",
          "smbEncryption": false,
          "smbContinuouslyAvailable": false,
          "encryptionKeySource": "Microsoft.NetApp",
          "ldapEnabled": false,
          "unixPermissions": "0770",
          "mountTargets": [
            {
              "mountTargetId": "c569b8d8-ff41-8a64-8d7c-71b210f73b92",
              "fileSystemId": "c569b8d8-ff41-8a64-8d7c-71b210f73b92",
              "ipAddress": "10.0.0.4"
            }
          ],
          "throughputMibps": 0.0,
          "coolAccess": false,
          "avsDataStore": "Disabled",
          "isDefaultQuotaEnabled": false,
          "defaultUserQuotaInKiBs": 0,
          "defaultGroupQuotaInKiBs": 0,
          "enableSubvolumes": "Disabled",
          "maximumNumberOfFiles": 100000000,
          "smbNonBrowsable": "Disabled",
          "smbAccessBasedEnumeration": "Disabled",
          "isLargeVolume": false,
          "provisionedAvailabilityZone": "1",
          "actualThroughputMibps": 6.25,
          "provisioningState": "Succeeded"
        },
        "systemData": {
          "createdBy": "00000000-0000-0000-0000-000000000000",
          "createdByType": "Application",
          "createdAt": "2023-06-28T12:34:55.6201083Z",
          "lastModifiedBy": "00000000-0000-0000-0000-000000000000",
          "lastModifiedByType": "Application",
          "lastModifiedAt": "2023-06-28T12:34:55.6201083Z"
        }
      }
    },
    {
      "RequestUri": "https://management.azure.com/subscriptions/00000000-0000-0000-0000-000000000000/resourceGroups/sdk-python-tests-rg-tmp/providers/Microsoft.NetApp/netAppAccounts/sdk-python-perma-account/capacityPools/sdk-python-perma-pool/volumes/sdk-py-tests-vol-3-8a942668/snapshots/sdk-py-tests-snapshot-2-8a942668?api-version=2022-11-01",
      "RequestMethod": "PUT",
      "RequestHeaders": {
        "Accept": "application/json",
        "Accept-Encoding": "gzip, deflate",
        "Connection": "keep-alive",
        "Content-Length": "23",
        "Content-Type": "application/json",
        "User-Agent": "azsdk-python-mgmt-netapp/10.1.0 Python/3.11.2 (Windows-10-10.0.22621-SP0)"
      },
      "RequestBody": {
        "location": "westus2"
      },
      "StatusCode": 201,
      "ResponseHeaders": {
        "Azure-AsyncOperation": "https://management.azure.com/subscriptions/00000000-0000-0000-0000-000000000000/providers/Microsoft.NetApp/locations/westus2/operationResults/d24b39f2-6c4f-4fee-b696-33439bd416f0?api-version=2022-11-01",
        "Cache-Control": "no-cache",
        "Content-Length": "538",
        "Content-Type": "application/json; charset=utf-8",
        "Date": "Wed, 28 Jun 2023 12:36:01 GMT",
        "Expires": "-1",
        "Location": "https://management.azure.com/subscriptions/00000000-0000-0000-0000-000000000000/providers/Microsoft.NetApp/locations/westus2/operationResults/d24b39f2-6c4f-4fee-b696-33439bd416f0?api-version=2022-11-01\u0026operationResultResponseType=Location",
        "Pragma": "no-cache",
        "Server": "Microsoft-IIS/10.0",
        "Strict-Transport-Security": "max-age=31536000; includeSubDomains",
        "X-Content-Type-Options": "nosniff",
        "x-ms-correlation-request-id": "ca618e92-04d8-4c9a-b9b8-0aee688cc0c5",
        "x-ms-ratelimit-remaining-subscription-writes": "1195",
        "x-ms-routing-request-id": "WESTEUROPE:20230628T123601Z:ca618e92-04d8-4c9a-b9b8-0aee688cc0c5",
        "X-Powered-By": "ASP.NET"
      },
      "ResponseBody": {
        "id": "/subscriptions/00000000-0000-0000-0000-000000000000/resourceGroups/sdk-python-tests-rg-tmp/providers/Microsoft.NetApp/netAppAccounts/sdk-python-perma-account/capacityPools/sdk-python-perma-pool/volumes/sdk-py-tests-vol-3-8a942668/snapshots/sdk-py-tests-snapshot-2-8a942668",
        "name": "sdk-python-perma-account/sdk-python-perma-pool/sdk-py-tests-vol-3-8a942668/sdk-py-tests-snapshot-2-8a942668",
        "type": "Microsoft.NetApp/netAppAccounts/capacityPools/volumes/snapshots",
        "location": "westus2",
        "properties": {
          "provisioningState": "Creating"
        }
      }
    },
    {
      "RequestUri": "https://management.azure.com/subscriptions/00000000-0000-0000-0000-000000000000/providers/Microsoft.NetApp/locations/westus2/operationResults/d24b39f2-6c4f-4fee-b696-33439bd416f0?api-version=2022-11-01",
      "RequestMethod": "GET",
      "RequestHeaders": {
        "Accept": "*/*",
        "Accept-Encoding": "gzip, deflate",
        "Connection": "keep-alive",
        "User-Agent": "azsdk-python-mgmt-netapp/10.1.0 Python/3.11.2 (Windows-10-10.0.22621-SP0)"
      },
      "RequestBody": null,
      "StatusCode": 200,
      "ResponseHeaders": {
        "Cache-Control": "no-cache",
        "Content-Encoding": "gzip",
        "Content-Type": "application/json; charset=utf-8",
        "Date": "Wed, 28 Jun 2023 12:36:01 GMT",
        "Expires": "-1",
        "Pragma": "no-cache",
        "Server": "Microsoft-IIS/10.0",
        "Strict-Transport-Security": "max-age=31536000; includeSubDomains",
        "Transfer-Encoding": "chunked",
        "Vary": "Accept-Encoding",
        "X-Content-Type-Options": "nosniff",
        "x-ms-correlation-request-id": "3f5ca82b-bd3d-4788-bbd0-73e5ad20f776",
        "x-ms-ratelimit-remaining-subscription-reads": "11972",
        "x-ms-routing-request-id": "WESTEUROPE:20230628T123602Z:3f5ca82b-bd3d-4788-bbd0-73e5ad20f776",
        "X-Powered-By": "ASP.NET"
      },
      "ResponseBody": {
        "id": "/subscriptions/00000000-0000-0000-0000-000000000000/providers/Microsoft.NetApp/locations/westus2/operationResults/d24b39f2-6c4f-4fee-b696-33439bd416f0",
        "name": "d24b39f2-6c4f-4fee-b696-33439bd416f0",
        "status": "Creating",
        "startTime": "2023-06-28T12:36:01.6794485Z",
        "endTime": "0001-01-01T00:00:00Z",
        "percentComplete": 0.0,
        "properties": {
          "resourceName": "/subscriptions/00000000-0000-0000-0000-000000000000/resourceGroups/sdk-python-tests-rg-tmp/providers/Microsoft.NetApp/netAppAccounts/sdk-python-perma-account/capacityPools/sdk-python-perma-pool/volumes/sdk-py-tests-vol-3-8a942668/snapshots/sdk-py-tests-snapshot-2-8a942668",
          "action": "CREATE"
        }
      }
    },
    {
      "RequestUri": "https://management.azure.com/subscriptions/00000000-0000-0000-0000-000000000000/providers/Microsoft.NetApp/locations/westus2/operationResults/d24b39f2-6c4f-4fee-b696-33439bd416f0?api-version=2022-11-01",
      "RequestMethod": "GET",
      "RequestHeaders": {
        "Accept": "*/*",
        "Accept-Encoding": "gzip, deflate",
        "Connection": "keep-alive",
        "User-Agent": "azsdk-python-mgmt-netapp/10.1.0 Python/3.11.2 (Windows-10-10.0.22621-SP0)"
      },
      "RequestBody": null,
      "StatusCode": 200,
      "ResponseHeaders": {
        "Cache-Control": "no-cache",
        "Content-Encoding": "gzip",
        "Content-Type": "application/json; charset=utf-8",
        "Date": "Wed, 28 Jun 2023 12:36:31 GMT",
        "Expires": "-1",
        "Pragma": "no-cache",
        "Server": "Microsoft-IIS/10.0",
        "Strict-Transport-Security": "max-age=31536000; includeSubDomains",
        "Transfer-Encoding": "chunked",
        "Vary": "Accept-Encoding",
        "X-Content-Type-Options": "nosniff",
        "x-ms-correlation-request-id": "a2174488-4648-4978-91cb-703f1cd38d2d",
        "x-ms-ratelimit-remaining-subscription-reads": "11971",
        "x-ms-routing-request-id": "WESTEUROPE:20230628T123632Z:a2174488-4648-4978-91cb-703f1cd38d2d",
        "X-Powered-By": "ASP.NET"
      },
      "ResponseBody": {
        "id": "/subscriptions/00000000-0000-0000-0000-000000000000/providers/Microsoft.NetApp/locations/westus2/operationResults/d24b39f2-6c4f-4fee-b696-33439bd416f0",
        "name": "d24b39f2-6c4f-4fee-b696-33439bd416f0",
        "status": "Succeeded",
        "startTime": "2023-06-28T12:36:01.6794485Z",
        "endTime": "2023-06-28T12:36:04.1977096Z",
        "percentComplete": 100.0,
        "properties": {
          "resourceName": "/subscriptions/00000000-0000-0000-0000-000000000000/resourceGroups/sdk-python-tests-rg-tmp/providers/Microsoft.NetApp/netAppAccounts/sdk-python-perma-account/capacityPools/sdk-python-perma-pool/volumes/sdk-py-tests-vol-3-8a942668/snapshots/sdk-py-tests-snapshot-2-8a942668",
          "action": "CREATE"
        }
      }
    },
    {
      "RequestUri": "https://management.azure.com/subscriptions/00000000-0000-0000-0000-000000000000/providers/Microsoft.NetApp/locations/westus2/operationResults/d24b39f2-6c4f-4fee-b696-33439bd416f0?api-version=2022-11-01\u0026operationResultResponseType=Location",
      "RequestMethod": "GET",
      "RequestHeaders": {
        "Accept": "*/*",
        "Accept-Encoding": "gzip, deflate",
        "Connection": "keep-alive",
        "User-Agent": "azsdk-python-mgmt-netapp/10.1.0 Python/3.11.2 (Windows-10-10.0.22621-SP0)"
      },
      "RequestBody": null,
      "StatusCode": 201,
      "ResponseHeaders": {
        "Cache-Control": "no-cache",
        "Content-Length": "659",
        "Content-Type": "application/json; charset=utf-8",
        "Date": "Wed, 28 Jun 2023 12:36:32 GMT",
        "Expires": "-1",
        "Pragma": "no-cache",
        "Server": "Microsoft-IIS/10.0",
        "Strict-Transport-Security": "max-age=31536000; includeSubDomains",
        "X-Content-Type-Options": "nosniff",
        "x-ms-correlation-request-id": "9561630c-10b5-4242-bc0b-a5f339f4563e",
        "x-ms-ratelimit-remaining-subscription-reads": "11970",
        "x-ms-routing-request-id": "WESTEUROPE:20230628T123632Z:9561630c-10b5-4242-bc0b-a5f339f4563e",
        "X-Powered-By": "ASP.NET"
      },
      "ResponseBody": {
        "id": "/subscriptions/00000000-0000-0000-0000-000000000000/resourceGroups/sdk-python-tests-rg-tmp/providers/Microsoft.NetApp/netAppAccounts/sdk-python-perma-account/capacityPools/sdk-python-perma-pool/volumes/sdk-py-tests-vol-3-8a942668/snapshots/sdk-py-tests-snapshot-2-8a942668",
        "name": "sdk-python-perma-account/sdk-python-perma-pool/sdk-py-tests-vol-3-8a942668/sdk-py-tests-snapshot-2-8a942668",
        "type": "Microsoft.NetApp/netAppAccounts/capacityPools/volumes/snapshots",
        "etag": "6/28/2023 12:36:04 PM",
        "location": "westus2",
        "properties": {
          "provisioningState": "Succeeded",
          "snapshotId": "fc72e9f2-8c57-9e7f-7c4d-e2d67475b75a",
          "created": "2023-06-28T12:36:02.146Z"
        }
      }
    },
    {
      "RequestUri": "https://management.azure.com/subscriptions/00000000-0000-0000-0000-000000000000/resourceGroups/sdk-python-tests-rg-tmp/providers/Microsoft.NetApp/netAppAccounts/sdk-python-perma-account/capacityPools/sdk-python-perma-pool/volumes/sdk-py-tests-vol-3-8a942668/snapshots/sdk-py-tests-snapshot-2-8a942668?api-version=2022-11-01",
      "RequestMethod": "GET",
      "RequestHeaders": {
        "Accept": "application/json",
        "Accept-Encoding": "gzip, deflate",
        "Connection": "keep-alive",
        "User-Agent": "azsdk-python-mgmt-netapp/10.1.0 Python/3.11.2 (Windows-10-10.0.22621-SP0)"
      },
      "RequestBody": null,
      "StatusCode": 200,
      "ResponseHeaders": {
        "Cache-Control": "no-cache",
        "Content-Encoding": "gzip",
        "Content-Type": "application/json; charset=utf-8",
        "Date": "Wed, 28 Jun 2023 12:36:32 GMT",
        "Expires": "-1",
        "Pragma": "no-cache",
        "Server": "Microsoft-IIS/10.0",
        "Strict-Transport-Security": "max-age=31536000; includeSubDomains",
        "Transfer-Encoding": "chunked",
        "Vary": "Accept-Encoding",
        "X-Content-Type-Options": "nosniff",
        "x-ms-correlation-request-id": "e2a802f2-7ecf-4b9e-a956-773105802396",
        "x-ms-ratelimit-remaining-subscription-reads": "11969",
        "x-ms-routing-request-id": "WESTEUROPE:20230628T123632Z:e2a802f2-7ecf-4b9e-a956-773105802396",
        "X-Powered-By": "ASP.NET"
      },
      "ResponseBody": {
        "id": "/subscriptions/00000000-0000-0000-0000-000000000000/resourceGroups/sdk-python-tests-rg-tmp/providers/Microsoft.NetApp/netAppAccounts/sdk-python-perma-account/capacityPools/sdk-python-perma-pool/volumes/sdk-py-tests-vol-3-8a942668/snapshots/sdk-py-tests-snapshot-2-8a942668",
        "name": "sdk-python-perma-account/sdk-python-perma-pool/sdk-py-tests-vol-3-8a942668/sdk-py-tests-snapshot-2-8a942668",
        "type": "Microsoft.NetApp/netAppAccounts/capacityPools/volumes/snapshots",
        "location": "westus2",
        "properties": {
          "provisioningState": "Succeeded",
          "snapshotId": "fc72e9f2-8c57-9e7f-7c4d-e2d67475b75a",
          "created": "2023-06-28T12:36:02.146Z"
        }
      }
    },
    {
      "RequestUri": "https://management.azure.com/subscriptions/00000000-0000-0000-0000-000000000000/resourceGroups/sdk-python-tests-rg-tmp/providers/Microsoft.NetApp/netAppAccounts/sdk-python-perma-account/capacityPools/sdk-python-perma-pool/volumes/sdk-py-tests-vol-3-8a942668/snapshots?api-version=2022-11-01",
      "RequestMethod": "GET",
      "RequestHeaders": {
        "Accept": "application/json",
        "Accept-Encoding": "gzip, deflate",
        "Connection": "keep-alive",
        "User-Agent": "azsdk-python-mgmt-netapp/10.1.0 Python/3.11.2 (Windows-10-10.0.22621-SP0)"
      },
      "RequestBody": null,
      "StatusCode": 200,
      "ResponseHeaders": {
        "Cache-Control": "no-cache",
        "Content-Encoding": "gzip",
        "Content-Type": "application/json; charset=utf-8",
        "Date": "Wed, 28 Jun 2023 12:36:33 GMT",
        "Expires": "-1",
        "Pragma": "no-cache",
        "Server": "Microsoft-IIS/10.0",
        "Strict-Transport-Security": "max-age=31536000; includeSubDomains",
        "Transfer-Encoding": "chunked",
        "Vary": "Accept-Encoding",
        "X-Content-Type-Options": "nosniff",
        "x-ms-correlation-request-id": "82f6b2aa-6758-4beb-94f3-67f72f224598",
        "x-ms-ratelimit-remaining-subscription-reads": "11968",
        "x-ms-routing-request-id": "WESTEUROPE:20230628T123633Z:82f6b2aa-6758-4beb-94f3-67f72f224598",
        "X-Powered-By": "ASP.NET"
      },
      "ResponseBody": {
        "value": [
          {
            "id": "/subscriptions/00000000-0000-0000-0000-000000000000/resourceGroups/sdk-python-tests-rg-tmp/providers/Microsoft.NetApp/netAppAccounts/sdk-python-perma-account/capacityPools/sdk-python-perma-pool/volumes/sdk-py-tests-vol-3-8a942668/snapshots/sdk-py-tests-snapshot-1-8a942668",
            "name": "sdk-python-perma-account/sdk-python-perma-pool/sdk-py-tests-vol-3-8a942668/sdk-py-tests-snapshot-1-8a942668",
            "type": "Microsoft.NetApp/netAppAccounts/capacityPools/volumes/snapshots",
            "location": "westus2",
            "properties": {
              "provisioningState": "Succeeded",
              "snapshotId": "7419515d-23d6-2c4f-cb06-9d36f7db75ef",
              "created": "2023-06-28T12:35:29.29Z"
            }
          },
          {
            "id": "/subscriptions/00000000-0000-0000-0000-000000000000/resourceGroups/sdk-python-tests-rg-tmp/providers/Microsoft.NetApp/netAppAccounts/sdk-python-perma-account/capacityPools/sdk-python-perma-pool/volumes/sdk-py-tests-vol-3-8a942668/snapshots/sdk-py-tests-snapshot-2-8a942668",
            "name": "sdk-python-perma-account/sdk-python-perma-pool/sdk-py-tests-vol-3-8a942668/sdk-py-tests-snapshot-2-8a942668",
            "type": "Microsoft.NetApp/netAppAccounts/capacityPools/volumes/snapshots",
            "location": "westus2",
            "properties": {
              "provisioningState": "Succeeded",
              "snapshotId": "fc72e9f2-8c57-9e7f-7c4d-e2d67475b75a",
              "created": "2023-06-28T12:36:02.146Z"
            }
          }
        ]
      }
    },
    {
      "RequestUri": "https://management.azure.com/subscriptions/00000000-0000-0000-0000-000000000000/resourceGroups/sdk-python-tests-rg-tmp/providers/Microsoft.NetApp/netAppAccounts/sdk-python-perma-account/capacityPools/sdk-python-perma-pool/volumes/sdk-py-tests-vol-3-8a942668/snapshots/sdk-py-tests-snapshot-1-8a942668?api-version=2022-11-01",
      "RequestMethod": "DELETE",
      "RequestHeaders": {
        "Accept": "*/*",
        "Accept-Encoding": "gzip, deflate",
        "Connection": "keep-alive",
        "Content-Length": "0",
        "User-Agent": "azsdk-python-mgmt-netapp/10.1.0 Python/3.11.2 (Windows-10-10.0.22621-SP0)"
      },
      "RequestBody": null,
      "StatusCode": 202,
      "ResponseHeaders": {
        "Azure-AsyncOperation": "https://management.azure.com/subscriptions/00000000-0000-0000-0000-000000000000/providers/Microsoft.NetApp/locations/westus2/operationResults/65b1327e-33f7-4c89-b829-e619e65488ea?api-version=2022-11-01",
        "Cache-Control": "no-cache",
        "Content-Length": "0",
        "Date": "Wed, 28 Jun 2023 12:36:33 GMT",
        "Expires": "-1",
        "Location": "https://management.azure.com/subscriptions/00000000-0000-0000-0000-000000000000/providers/Microsoft.NetApp/locations/westus2/operationResults/65b1327e-33f7-4c89-b829-e619e65488ea?api-version=2022-11-01\u0026operationResultResponseType=Location",
        "Pragma": "no-cache",
        "Server": "Microsoft-IIS/10.0",
        "Strict-Transport-Security": "max-age=31536000; includeSubDomains",
        "X-Content-Type-Options": "nosniff",
        "x-ms-correlation-request-id": "58decae0-6fb5-4c73-aec5-e47728ec0a3b",
        "x-ms-ratelimit-remaining-subscription-deletes": "14997",
        "x-ms-routing-request-id": "WESTEUROPE:20230628T123634Z:58decae0-6fb5-4c73-aec5-e47728ec0a3b",
        "X-Powered-By": "ASP.NET"
      },
      "ResponseBody": null
    },
    {
      "RequestUri": "https://management.azure.com/subscriptions/00000000-0000-0000-0000-000000000000/providers/Microsoft.NetApp/locations/westus2/operationResults/65b1327e-33f7-4c89-b829-e619e65488ea?api-version=2022-11-01",
      "RequestMethod": "GET",
      "RequestHeaders": {
        "Accept": "*/*",
        "Accept-Encoding": "gzip, deflate",
        "Connection": "keep-alive",
        "User-Agent": "azsdk-python-mgmt-netapp/10.1.0 Python/3.11.2 (Windows-10-10.0.22621-SP0)"
      },
      "RequestBody": null,
      "StatusCode": 200,
      "ResponseHeaders": {
        "Cache-Control": "no-cache",
        "Content-Encoding": "gzip",
        "Content-Type": "application/json; charset=utf-8",
        "Date": "Wed, 28 Jun 2023 12:36:33 GMT",
        "Expires": "-1",
        "Pragma": "no-cache",
        "Server": "Microsoft-IIS/10.0",
        "Strict-Transport-Security": "max-age=31536000; includeSubDomains",
        "Transfer-Encoding": "chunked",
        "Vary": "Accept-Encoding",
        "X-Content-Type-Options": "nosniff",
        "x-ms-correlation-request-id": "99cbfc96-bc36-477c-b950-49707d8e5ecc",
        "x-ms-ratelimit-remaining-subscription-reads": "11967",
        "x-ms-routing-request-id": "WESTEUROPE:20230628T123634Z:99cbfc96-bc36-477c-b950-49707d8e5ecc",
        "X-Powered-By": "ASP.NET"
      },
      "ResponseBody": {
        "id": "/subscriptions/00000000-0000-0000-0000-000000000000/providers/Microsoft.NetApp/locations/westus2/operationResults/65b1327e-33f7-4c89-b829-e619e65488ea",
        "name": "65b1327e-33f7-4c89-b829-e619e65488ea",
        "status": "Deleting",
        "startTime": "2023-06-28T12:36:33.8368964Z",
        "endTime": "0001-01-01T00:00:00Z",
        "percentComplete": 0.0,
        "properties": {
          "resourceName": "/subscriptions/00000000-0000-0000-0000-000000000000/resourceGroups/sdk-python-tests-rg-tmp/providers/Microsoft.NetApp/netAppAccounts/sdk-python-perma-account/capacityPools/sdk-python-perma-pool/volumes/sdk-py-tests-vol-3-8a942668/snapshots/sdk-py-tests-snapshot-1-8a942668",
          "action": "DELETE"
        }
      }
    },
    {
      "RequestUri": "https://management.azure.com/subscriptions/00000000-0000-0000-0000-000000000000/providers/Microsoft.NetApp/locations/westus2/operationResults/65b1327e-33f7-4c89-b829-e619e65488ea?api-version=2022-11-01",
      "RequestMethod": "GET",
      "RequestHeaders": {
        "Accept": "*/*",
        "Accept-Encoding": "gzip, deflate",
        "Connection": "keep-alive",
        "User-Agent": "azsdk-python-mgmt-netapp/10.1.0 Python/3.11.2 (Windows-10-10.0.22621-SP0)"
      },
      "RequestBody": null,
      "StatusCode": 200,
      "ResponseHeaders": {
        "Cache-Control": "no-cache",
        "Content-Encoding": "gzip",
        "Content-Type": "application/json; charset=utf-8",
        "Date": "Wed, 28 Jun 2023 12:37:03 GMT",
        "Expires": "-1",
        "Pragma": "no-cache",
        "Server": "Microsoft-IIS/10.0",
        "Strict-Transport-Security": "max-age=31536000; includeSubDomains",
        "Transfer-Encoding": "chunked",
        "Vary": "Accept-Encoding",
        "X-Content-Type-Options": "nosniff",
        "x-ms-correlation-request-id": "5d9e0dfa-00c0-44b7-9c03-48357b3210ed",
        "x-ms-ratelimit-remaining-subscription-reads": "11966",
        "x-ms-routing-request-id": "WESTEUROPE:20230628T123704Z:5d9e0dfa-00c0-44b7-9c03-48357b3210ed",
        "X-Powered-By": "ASP.NET"
      },
      "ResponseBody": {
        "id": "/subscriptions/00000000-0000-0000-0000-000000000000/providers/Microsoft.NetApp/locations/westus2/operationResults/65b1327e-33f7-4c89-b829-e619e65488ea",
        "name": "65b1327e-33f7-4c89-b829-e619e65488ea",
        "status": "Succeeded",
        "startTime": "2023-06-28T12:36:33.8368964Z",
        "endTime": "2023-06-28T12:36:36.2468321Z",
        "percentComplete": 100.0,
        "properties": {
          "resourceName": "/subscriptions/00000000-0000-0000-0000-000000000000/resourceGroups/sdk-python-tests-rg-tmp/providers/Microsoft.NetApp/netAppAccounts/sdk-python-perma-account/capacityPools/sdk-python-perma-pool/volumes/sdk-py-tests-vol-3-8a942668/snapshots/sdk-py-tests-snapshot-1-8a942668",
          "action": "DELETE"
        }
      }
    },
    {
      "RequestUri": "https://management.azure.com/subscriptions/00000000-0000-0000-0000-000000000000/providers/Microsoft.NetApp/locations/westus2/operationResults/65b1327e-33f7-4c89-b829-e619e65488ea?api-version=2022-11-01\u0026operationResultResponseType=Location",
      "RequestMethod": "GET",
      "RequestHeaders": {
        "Accept": "*/*",
        "Accept-Encoding": "gzip, deflate",
        "Connection": "keep-alive",
        "User-Agent": "azsdk-python-mgmt-netapp/10.1.0 Python/3.11.2 (Windows-10-10.0.22621-SP0)"
      },
      "RequestBody": null,
      "StatusCode": 200,
      "ResponseHeaders": {
        "Cache-Control": "no-cache",
        "Content-Encoding": "gzip",
        "Content-Type": "application/json; charset=utf-8",
        "Date": "Wed, 28 Jun 2023 12:37:04 GMT",
        "Expires": "-1",
        "Pragma": "no-cache",
        "Server": "Microsoft-IIS/10.0",
        "Strict-Transport-Security": "max-age=31536000; includeSubDomains",
        "Transfer-Encoding": "chunked",
        "Vary": "Accept-Encoding",
        "X-Content-Type-Options": "nosniff",
        "x-ms-correlation-request-id": "5135af19-ad74-40c2-9442-cb6b6bc94e7f",
        "x-ms-ratelimit-remaining-subscription-reads": "11965",
        "x-ms-routing-request-id": "WESTEUROPE:20230628T123705Z:5135af19-ad74-40c2-9442-cb6b6bc94e7f",
        "X-Powered-By": "ASP.NET"
      },
      "ResponseBody": {
        "id": "/subscriptions/00000000-0000-0000-0000-000000000000/resourceGroups/sdk-python-tests-rg-tmp/providers/Microsoft.NetApp/netAppAccounts/sdk-python-perma-account/capacityPools/sdk-python-perma-pool/volumes/sdk-py-tests-vol-3-8a942668/snapshots/sdk-py-tests-snapshot-1-8a942668",
        "name": "sdk-python-perma-account/sdk-python-perma-pool/sdk-py-tests-vol-3-8a942668/sdk-py-tests-snapshot-1-8a942668",
        "type": "Microsoft.NetApp/netAppAccounts/capacityPools/volumes/snapshots",
        "location": "westus2"
      }
    },
    {
      "RequestUri": "https://management.azure.com/subscriptions/00000000-0000-0000-0000-000000000000/resourceGroups/sdk-python-tests-rg-tmp/providers/Microsoft.NetApp/netAppAccounts/sdk-python-perma-account/capacityPools/sdk-python-perma-pool/volumes/sdk-py-tests-vol-3-8a942668/snapshots/sdk-py-tests-snapshot-1-8a942668?api-version=2022-11-01",
      "RequestMethod": "GET",
      "RequestHeaders": {
        "Accept": "application/json",
        "Accept-Encoding": "gzip, deflate",
        "Connection": "keep-alive",
        "User-Agent": "azsdk-python-mgmt-netapp/10.1.0 Python/3.11.2 (Windows-10-10.0.22621-SP0)"
      },
      "RequestBody": null,
      "StatusCode": 404,
      "ResponseHeaders": {
        "Cache-Control": "no-cache",
        "Content-Length": "334",
        "Content-Type": "application/json; charset=utf-8",
        "Date": "Wed, 28 Jun 2023 12:37:05 GMT",
        "Expires": "-1",
        "Pragma": "no-cache",
        "Server": "Microsoft-IIS/10.0",
        "Strict-Transport-Security": "max-age=31536000; includeSubDomains",
        "X-Content-Type-Options": "nosniff",
        "x-ms-correlation-request-id": "f82002fe-b12e-46af-b42e-aae435e194a4",
        "x-ms-ratelimit-remaining-subscription-reads": "11964",
        "x-ms-routing-request-id": "WESTEUROPE:20230628T123706Z:f82002fe-b12e-46af-b42e-aae435e194a4",
        "X-Powered-By": "ASP.NET"
      },
      "ResponseBody": {
        "error": {
          "code": "NotFound",
          "message": "The requested snapshot \u0027sdk-py-tests-snapshot-1-8a942668\u0027 was not found on the volume \u0027sdk-python-perma-account/sdk-python-perma-pool/sdk-py-tests-vol-3-8a942668\u0027. Please check the requested snapshot. Please note: The snapshot may no longer be available based on configured snapshot policies."
        }
      }
    },
    {
      "RequestUri": "https://management.azure.com/subscriptions/00000000-0000-0000-0000-000000000000/resourceGroups/sdk-python-tests-rg-tmp/providers/Microsoft.NetApp/netAppAccounts/sdk-python-perma-account/capacityPools/sdk-python-perma-pool/volumes/sdk-py-tests-vol-3-8a942668/snapshots/sdk-py-tests-snapshot-2-8a942668?api-version=2022-11-01",
      "RequestMethod": "DELETE",
      "RequestHeaders": {
        "Accept": "*/*",
        "Accept-Encoding": "gzip, deflate",
        "Connection": "keep-alive",
        "Content-Length": "0",
        "User-Agent": "azsdk-python-mgmt-netapp/10.1.0 Python/3.11.2 (Windows-10-10.0.22621-SP0)"
      },
      "RequestBody": null,
      "StatusCode": 202,
      "ResponseHeaders": {
        "Azure-AsyncOperation": "https://management.azure.com/subscriptions/00000000-0000-0000-0000-000000000000/providers/Microsoft.NetApp/locations/westus2/operationResults/fe0a9d9b-69ed-41d1-89d9-59972c46b080?api-version=2022-11-01",
        "Cache-Control": "no-cache",
        "Content-Length": "0",
        "Date": "Wed, 28 Jun 2023 12:37:06 GMT",
        "Expires": "-1",
        "Location": "https://management.azure.com/subscriptions/00000000-0000-0000-0000-000000000000/providers/Microsoft.NetApp/locations/westus2/operationResults/fe0a9d9b-69ed-41d1-89d9-59972c46b080?api-version=2022-11-01\u0026operationResultResponseType=Location",
        "Pragma": "no-cache",
        "Server": "Microsoft-IIS/10.0",
        "Strict-Transport-Security": "max-age=31536000; includeSubDomains",
        "X-Content-Type-Options": "nosniff",
        "x-ms-correlation-request-id": "6a0b7121-dbd9-4f0d-b612-69e5ddab6a00",
        "x-ms-ratelimit-remaining-subscription-deletes": "14996",
        "x-ms-routing-request-id": "WESTEUROPE:20230628T123706Z:6a0b7121-dbd9-4f0d-b612-69e5ddab6a00",
        "X-Powered-By": "ASP.NET"
      },
      "ResponseBody": null
    },
    {
      "RequestUri": "https://management.azure.com/subscriptions/00000000-0000-0000-0000-000000000000/providers/Microsoft.NetApp/locations/westus2/operationResults/fe0a9d9b-69ed-41d1-89d9-59972c46b080?api-version=2022-11-01",
      "RequestMethod": "GET",
      "RequestHeaders": {
        "Accept": "*/*",
        "Accept-Encoding": "gzip, deflate",
        "Connection": "keep-alive",
        "User-Agent": "azsdk-python-mgmt-netapp/10.1.0 Python/3.11.2 (Windows-10-10.0.22621-SP0)"
      },
      "RequestBody": null,
      "StatusCode": 200,
      "ResponseHeaders": {
        "Cache-Control": "no-cache",
        "Content-Encoding": "gzip",
        "Content-Type": "application/json; charset=utf-8",
        "Date": "Wed, 28 Jun 2023 12:37:06 GMT",
        "Expires": "-1",
        "Pragma": "no-cache",
        "Server": "Microsoft-IIS/10.0",
        "Strict-Transport-Security": "max-age=31536000; includeSubDomains",
        "Transfer-Encoding": "chunked",
        "Vary": "Accept-Encoding",
        "X-Content-Type-Options": "nosniff",
        "x-ms-correlation-request-id": "8fd7065d-3b4e-42d5-949f-cef0d36a5e09",
        "x-ms-ratelimit-remaining-subscription-reads": "11963",
        "x-ms-routing-request-id": "WESTEUROPE:20230628T123707Z:8fd7065d-3b4e-42d5-949f-cef0d36a5e09",
        "X-Powered-By": "ASP.NET"
      },
      "ResponseBody": {
        "id": "/subscriptions/00000000-0000-0000-0000-000000000000/providers/Microsoft.NetApp/locations/westus2/operationResults/fe0a9d9b-69ed-41d1-89d9-59972c46b080",
        "name": "fe0a9d9b-69ed-41d1-89d9-59972c46b080",
        "status": "Deleting",
        "startTime": "2023-06-28T12:37:06.5560837Z",
        "endTime": "0001-01-01T00:00:00Z",
        "percentComplete": 0.0,
        "properties": {
          "resourceName": "/subscriptions/00000000-0000-0000-0000-000000000000/resourceGroups/sdk-python-tests-rg-tmp/providers/Microsoft.NetApp/netAppAccounts/sdk-python-perma-account/capacityPools/sdk-python-perma-pool/volumes/sdk-py-tests-vol-3-8a942668/snapshots/sdk-py-tests-snapshot-2-8a942668",
          "action": "DELETE"
        }
      }
    },
    {
      "RequestUri": "https://management.azure.com/subscriptions/00000000-0000-0000-0000-000000000000/providers/Microsoft.NetApp/locations/westus2/operationResults/fe0a9d9b-69ed-41d1-89d9-59972c46b080?api-version=2022-11-01",
      "RequestMethod": "GET",
      "RequestHeaders": {
        "Accept": "*/*",
        "Accept-Encoding": "gzip, deflate",
        "Connection": "keep-alive",
        "User-Agent": "azsdk-python-mgmt-netapp/10.1.0 Python/3.11.2 (Windows-10-10.0.22621-SP0)"
      },
      "RequestBody": null,
      "StatusCode": 200,
      "ResponseHeaders": {
        "Cache-Control": "no-cache",
        "Content-Encoding": "gzip",
        "Content-Type": "application/json; charset=utf-8",
        "Date": "Wed, 28 Jun 2023 12:37:36 GMT",
        "Expires": "-1",
        "Pragma": "no-cache",
        "Server": "Microsoft-IIS/10.0",
        "Strict-Transport-Security": "max-age=31536000; includeSubDomains",
        "Transfer-Encoding": "chunked",
        "Vary": "Accept-Encoding",
        "X-Content-Type-Options": "nosniff",
        "x-ms-correlation-request-id": "b363f754-7390-484f-827a-9b45e3d0f2ca",
        "x-ms-ratelimit-remaining-subscription-reads": "11962",
        "x-ms-routing-request-id": "WESTEUROPE:20230628T123737Z:b363f754-7390-484f-827a-9b45e3d0f2ca",
        "X-Powered-By": "ASP.NET"
      },
      "ResponseBody": {
        "id": "/subscriptions/00000000-0000-0000-0000-000000000000/providers/Microsoft.NetApp/locations/westus2/operationResults/fe0a9d9b-69ed-41d1-89d9-59972c46b080",
        "name": "fe0a9d9b-69ed-41d1-89d9-59972c46b080",
        "status": "Succeeded",
        "startTime": "2023-06-28T12:37:06.5560837Z",
        "endTime": "2023-06-28T12:37:08.624465Z",
        "percentComplete": 100.0,
        "properties": {
          "resourceName": "/subscriptions/00000000-0000-0000-0000-000000000000/resourceGroups/sdk-python-tests-rg-tmp/providers/Microsoft.NetApp/netAppAccounts/sdk-python-perma-account/capacityPools/sdk-python-perma-pool/volumes/sdk-py-tests-vol-3-8a942668/snapshots/sdk-py-tests-snapshot-2-8a942668",
          "action": "DELETE"
        }
      }
    },
    {
      "RequestUri": "https://management.azure.com/subscriptions/00000000-0000-0000-0000-000000000000/providers/Microsoft.NetApp/locations/westus2/operationResults/fe0a9d9b-69ed-41d1-89d9-59972c46b080?api-version=2022-11-01\u0026operationResultResponseType=Location",
      "RequestMethod": "GET",
      "RequestHeaders": {
        "Accept": "*/*",
        "Accept-Encoding": "gzip, deflate",
        "Connection": "keep-alive",
        "User-Agent": "azsdk-python-mgmt-netapp/10.1.0 Python/3.11.2 (Windows-10-10.0.22621-SP0)"
      },
      "RequestBody": null,
      "StatusCode": 200,
      "ResponseHeaders": {
        "Cache-Control": "no-cache",
        "Content-Encoding": "gzip",
        "Content-Type": "application/json; charset=utf-8",
        "Date": "Wed, 28 Jun 2023 12:37:36 GMT",
        "Expires": "-1",
        "Pragma": "no-cache",
        "Server": "Microsoft-IIS/10.0",
        "Strict-Transport-Security": "max-age=31536000; includeSubDomains",
        "Transfer-Encoding": "chunked",
        "Vary": "Accept-Encoding",
        "X-Content-Type-Options": "nosniff",
        "x-ms-correlation-request-id": "4a55480e-221f-416e-b62a-1b7b91bc7a1c",
        "x-ms-ratelimit-remaining-subscription-reads": "11961",
        "x-ms-routing-request-id": "WESTEUROPE:20230628T123737Z:4a55480e-221f-416e-b62a-1b7b91bc7a1c",
        "X-Powered-By": "ASP.NET"
      },
      "ResponseBody": {
        "id": "/subscriptions/00000000-0000-0000-0000-000000000000/resourceGroups/sdk-python-tests-rg-tmp/providers/Microsoft.NetApp/netAppAccounts/sdk-python-perma-account/capacityPools/sdk-python-perma-pool/volumes/sdk-py-tests-vol-3-8a942668/snapshots/sdk-py-tests-snapshot-2-8a942668",
        "name": "sdk-python-perma-account/sdk-python-perma-pool/sdk-py-tests-vol-3-8a942668/sdk-py-tests-snapshot-2-8a942668",
        "type": "Microsoft.NetApp/netAppAccounts/capacityPools/volumes/snapshots",
        "location": "westus2"
      }
    },
    {
      "RequestUri": "https://management.azure.com/subscriptions/00000000-0000-0000-0000-000000000000/resourceGroups/sdk-python-tests-rg-tmp/providers/Microsoft.NetApp/netAppAccounts/sdk-python-perma-account/capacityPools/sdk-python-perma-pool/volumes/sdk-py-tests-vol-3-8a942668/snapshots/sdk-py-tests-snapshot-2-8a942668?api-version=2022-11-01",
      "RequestMethod": "GET",
      "RequestHeaders": {
        "Accept": "application/json",
        "Accept-Encoding": "gzip, deflate",
        "Connection": "keep-alive",
        "User-Agent": "azsdk-python-mgmt-netapp/10.1.0 Python/3.11.2 (Windows-10-10.0.22621-SP0)"
      },
      "RequestBody": null,
      "StatusCode": 404,
      "ResponseHeaders": {
        "Cache-Control": "no-cache",
        "Content-Length": "334",
        "Content-Type": "application/json; charset=utf-8",
        "Date": "Wed, 28 Jun 2023 12:37:37 GMT",
        "Expires": "-1",
        "Pragma": "no-cache",
        "Server": "Microsoft-IIS/10.0",
        "Strict-Transport-Security": "max-age=31536000; includeSubDomains",
        "X-Content-Type-Options": "nosniff",
        "x-ms-correlation-request-id": "265ad084-bd6c-424b-b82d-16b2a4885bd3",
        "x-ms-ratelimit-remaining-subscription-reads": "11960",
        "x-ms-routing-request-id": "WESTEUROPE:20230628T123737Z:265ad084-bd6c-424b-b82d-16b2a4885bd3",
        "X-Powered-By": "ASP.NET"
      },
      "ResponseBody": {
        "error": {
          "code": "NotFound",
          "message": "The requested snapshot \u0027sdk-py-tests-snapshot-2-8a942668\u0027 was not found on the volume \u0027sdk-python-perma-account/sdk-python-perma-pool/sdk-py-tests-vol-3-8a942668\u0027. Please check the requested snapshot. Please note: The snapshot may no longer be available based on configured snapshot policies."
        }
      }
    },
    {
      "RequestUri": "https://management.azure.com/subscriptions/00000000-0000-0000-0000-000000000000/resourceGroups/sdk-python-tests-rg-tmp/providers/Microsoft.NetApp/netAppAccounts/sdk-python-perma-account/capacityPools/sdk-python-perma-pool/volumes/sdk-py-tests-vol-3-8a942668?api-version=2022-11-01",
      "RequestMethod": "DELETE",
      "RequestHeaders": {
        "Accept": "*/*",
        "Accept-Encoding": "gzip, deflate",
        "Connection": "keep-alive",
        "Content-Length": "0",
        "User-Agent": "azsdk-python-mgmt-netapp/10.1.0 Python/3.11.2 (Windows-10-10.0.22621-SP0)"
      },
      "RequestBody": null,
      "StatusCode": 202,
      "ResponseHeaders": {
        "Azure-AsyncOperation": "https://management.azure.com/subscriptions/00000000-0000-0000-0000-000000000000/providers/Microsoft.NetApp/locations/westus2/operationResults/02bcf8e3-2c27-47e4-9a26-e3353a7c2bb3?api-version=2022-11-01",
        "Cache-Control": "no-cache",
        "Content-Length": "0",
        "Date": "Wed, 28 Jun 2023 12:37:37 GMT",
        "Expires": "-1",
        "Location": "https://management.azure.com/subscriptions/00000000-0000-0000-0000-000000000000/providers/Microsoft.NetApp/locations/westus2/operationResults/02bcf8e3-2c27-47e4-9a26-e3353a7c2bb3?api-version=2022-11-01\u0026operationResultResponseType=Location",
        "Pragma": "no-cache",
        "Server": "Microsoft-IIS/10.0",
        "Strict-Transport-Security": "max-age=31536000; includeSubDomains",
        "X-Content-Type-Options": "nosniff",
        "x-ms-correlation-request-id": "8430498a-d92f-4a3a-a7b1-8bf439d28ade",
        "x-ms-ratelimit-remaining-subscription-deletes": "14995",
        "x-ms-routing-request-id": "WESTEUROPE:20230628T123738Z:8430498a-d92f-4a3a-a7b1-8bf439d28ade",
        "X-Powered-By": "ASP.NET"
      },
      "ResponseBody": null
    },
    {
      "RequestUri": "https://management.azure.com/subscriptions/00000000-0000-0000-0000-000000000000/providers/Microsoft.NetApp/locations/westus2/operationResults/02bcf8e3-2c27-47e4-9a26-e3353a7c2bb3?api-version=2022-11-01",
      "RequestMethod": "GET",
      "RequestHeaders": {
        "Accept": "*/*",
        "Accept-Encoding": "gzip, deflate",
        "Connection": "keep-alive",
        "User-Agent": "azsdk-python-mgmt-netapp/10.1.0 Python/3.11.2 (Windows-10-10.0.22621-SP0)"
      },
      "RequestBody": null,
      "StatusCode": 200,
      "ResponseHeaders": {
        "Cache-Control": "no-cache",
        "Content-Encoding": "gzip",
        "Content-Type": "application/json; charset=utf-8",
        "Date": "Wed, 28 Jun 2023 12:37:38 GMT",
        "Expires": "-1",
        "Pragma": "no-cache",
        "Server": "Microsoft-IIS/10.0",
        "Strict-Transport-Security": "max-age=31536000; includeSubDomains",
        "Transfer-Encoding": "chunked",
        "Vary": "Accept-Encoding",
        "X-Content-Type-Options": "nosniff",
        "x-ms-correlation-request-id": "35697cb5-7da6-4b29-85c5-6ad347b2dd4d",
        "x-ms-ratelimit-remaining-subscription-reads": "11959",
        "x-ms-routing-request-id": "WESTEUROPE:20230628T123738Z:35697cb5-7da6-4b29-85c5-6ad347b2dd4d",
        "X-Powered-By": "ASP.NET"
      },
      "ResponseBody": {
        "id": "/subscriptions/00000000-0000-0000-0000-000000000000/providers/Microsoft.NetApp/locations/westus2/operationResults/02bcf8e3-2c27-47e4-9a26-e3353a7c2bb3",
        "name": "02bcf8e3-2c27-47e4-9a26-e3353a7c2bb3",
        "status": "Deleting",
        "startTime": "2023-06-28T12:37:38.4319777Z",
        "endTime": "0001-01-01T00:00:00Z",
        "percentComplete": 0.0,
        "properties": {
          "resourceName": "/subscriptions/00000000-0000-0000-0000-000000000000/resourceGroups/sdk-python-tests-rg-tmp/providers/Microsoft.NetApp/netAppAccounts/sdk-python-perma-account/capacityPools/sdk-python-perma-pool/volumes/sdk-py-tests-vol-3-8a942668",
          "action": "DELETE"
        }
      }
    },
    {
      "RequestUri": "https://management.azure.com/subscriptions/00000000-0000-0000-0000-000000000000/providers/Microsoft.NetApp/locations/westus2/operationResults/02bcf8e3-2c27-47e4-9a26-e3353a7c2bb3?api-version=2022-11-01",
      "RequestMethod": "GET",
      "RequestHeaders": {
        "Accept": "*/*",
        "Accept-Encoding": "gzip, deflate",
        "Connection": "keep-alive",
        "User-Agent": "azsdk-python-mgmt-netapp/10.1.0 Python/3.11.2 (Windows-10-10.0.22621-SP0)"
      },
      "RequestBody": null,
      "StatusCode": 200,
      "ResponseHeaders": {
        "Cache-Control": "no-cache",
        "Content-Encoding": "gzip",
        "Content-Type": "application/json; charset=utf-8",
        "Date": "Wed, 28 Jun 2023 12:38:08 GMT",
        "Expires": "-1",
        "Pragma": "no-cache",
        "Server": "Microsoft-IIS/10.0",
        "Strict-Transport-Security": "max-age=31536000; includeSubDomains",
        "Transfer-Encoding": "chunked",
        "Vary": "Accept-Encoding",
        "X-Content-Type-Options": "nosniff",
        "x-ms-correlation-request-id": "99854fef-afc3-43c6-9bc4-83d5eb3d0130",
        "x-ms-ratelimit-remaining-subscription-reads": "11958",
        "x-ms-routing-request-id": "WESTEUROPE:20230628T123809Z:99854fef-afc3-43c6-9bc4-83d5eb3d0130",
        "X-Powered-By": "ASP.NET"
      },
      "ResponseBody": {
        "id": "/subscriptions/00000000-0000-0000-0000-000000000000/providers/Microsoft.NetApp/locations/westus2/operationResults/02bcf8e3-2c27-47e4-9a26-e3353a7c2bb3",
        "name": "02bcf8e3-2c27-47e4-9a26-e3353a7c2bb3",
        "status": "Succeeded",
        "startTime": "2023-06-28T12:37:38.4319777Z",
        "endTime": "2023-06-28T12:37:45.3139949Z",
        "percentComplete": 100.0,
        "properties": {
          "resourceName": "/subscriptions/00000000-0000-0000-0000-000000000000/resourceGroups/sdk-python-tests-rg-tmp/providers/Microsoft.NetApp/netAppAccounts/sdk-python-perma-account/capacityPools/sdk-python-perma-pool/volumes/sdk-py-tests-vol-3-8a942668",
          "action": "DELETE"
        }
      }
    },
    {
      "RequestUri": "https://management.azure.com/subscriptions/00000000-0000-0000-0000-000000000000/providers/Microsoft.NetApp/locations/westus2/operationResults/02bcf8e3-2c27-47e4-9a26-e3353a7c2bb3?api-version=2022-11-01\u0026operationResultResponseType=Location",
      "RequestMethod": "GET",
      "RequestHeaders": {
        "Accept": "*/*",
        "Accept-Encoding": "gzip, deflate",
        "Connection": "keep-alive",
        "User-Agent": "azsdk-python-mgmt-netapp/10.1.0 Python/3.11.2 (Windows-10-10.0.22621-SP0)"
      },
      "RequestBody": null,
      "StatusCode": 200,
      "ResponseHeaders": {
        "Cache-Control": "no-cache",
        "Content-Encoding": "gzip",
        "Content-Type": "application/json; charset=utf-8",
        "Date": "Wed, 28 Jun 2023 12:38:08 GMT",
        "Expires": "-1",
        "Pragma": "no-cache",
        "Server": "Microsoft-IIS/10.0",
        "Strict-Transport-Security": "max-age=31536000; includeSubDomains",
        "Transfer-Encoding": "chunked",
        "Vary": "Accept-Encoding",
        "X-Content-Type-Options": "nosniff",
        "x-ms-correlation-request-id": "f62fb0cd-f079-4203-9b0a-31269de5915c",
        "x-ms-ratelimit-remaining-subscription-reads": "11957",
        "x-ms-routing-request-id": "WESTEUROPE:20230628T123809Z:f62fb0cd-f079-4203-9b0a-31269de5915c",
        "X-Powered-By": "ASP.NET"
      },
      "ResponseBody": {
        "id": "/subscriptions/00000000-0000-0000-0000-000000000000/resourceGroups/sdk-python-tests-rg-tmp/providers/Microsoft.NetApp/netAppAccounts/sdk-python-perma-account/capacityPools/sdk-python-perma-pool/volumes/sdk-py-tests-vol-3-8a942668",
        "name": "sdk-python-perma-account/sdk-python-perma-pool/sdk-py-tests-vol-3-8a942668",
        "type": "Microsoft.NetApp/netAppAccounts/capacityPools/volumes",
        "etag": "W/\u0022datetime\u00272023-06-28T12%3A37%3A38.4405829Z\u0027\u0022",
        "location": "westus2",
        "tags": {
          "CreatedOnDate": "2023-06-28T12:34:53.7015620Z"
        },
        "properties": {
          "fileSystemId": "c569b8d8-ff41-8a64-8d7c-71b210f73b92",
          "serviceLevel": "Premium",
          "creationToken": "sdk-py-tests-vol-3-8a942668",
          "ownerId": "8f82c7b4-0509-489d-9e97-d719b9b955b4",
          "usageThreshold": 107374182400,
          "usedBytes": 0,
          "exportPolicy": {
            "rules": [
              {
                "ruleIndex": 1,
                "unixReadOnly": false,
                "unixReadWrite": true,
                "cifs": false,
                "nfsv3": true,
                "nfsv4": false,
                "nfsv41": false,
                "allowedClients": "0.0.0.0/0",
                "kerberos5ReadOnly": false,
                "kerberos5ReadWrite": false,
                "kerberos5iReadOnly": false,
                "kerberos5iReadWrite": false,
                "kerberos5pReadOnly": false,
                "kerberos5pReadWrite": false,
                "hasRootAccess": true,
                "chownMode": "Restricted"
              }
            ]
          },
          "protocolTypes": [
            "NFSv3"
          ],
          "baremetalTenantId": "baremetalTenant_svm_8f82c7b40509489d9e97d719b9b955b4_42cab48b",
          "subnetId": "/subscriptions/00000000-0000-0000-0000-000000000000/resourceGroups/sdk-python-tests-rg-tmp/providers/Microsoft.Network/virtualNetworks/sdk-python-tests-perma-VNET/subnets/sdk-python-tests-subnet",
          "networkFeatures": "Standard",
          "networkSiblingSetId": "8dd1978e-584b-5087-bfc6-c261b926b7ba",
          "storageToNetworkProximity": "T2",
          "snapshotDirectoryVisible": true,
          "provisionedAvailabilityZone": "1",
          "vendorID": "/subscriptions/00000000-0000-0000-0000-000000000000/resourceGroups/sdk-python-tests-rg-tmp/providers/Microsoft.NetApp/netAppAccounts/sdk-python-perma-account/capacityPools/sdk-python-perma-pool/volumes/sdk-py-tests-vol-3-8a942668",
          "poolId": "89596580-0d7e-f9cd-4146-2c8a74d18641",
          "mountTargets": [
            {
              "provisioningState": "",
              "mountTargetId": "c569b8d8-ff41-8a64-8d7c-71b210f73b92",
              "fileSystemId": "c569b8d8-ff41-8a64-8d7c-71b210f73b92",
              "startIp": "",
              "endIp": "",
              "gateway": "",
              "netmask": "",
              "subnet": "",
              "ipAddress": "10.0.0.4"
            }
          ],
          "throughputMibps": 0.0,
          "kerberosEnabled": false,
          "securityStyle": "Unix",
          "smbEncryption": false,
          "smbContinuouslyAvailable": false,
          "ldapEnabled": false,
          "unixPermissions": "0770",
          "encryptionKeySource": "Microsoft.NetApp",
          "coolAccess": false,
          "avsDataStore": "Disabled",
          "isDefaultQuotaEnabled": false,
          "defaultUserQuotaInKiBs": 0,
          "defaultGroupQuotaInKiBs": 0,
          "enableSubvolumes": "Disabled",
          "encrypted": true,
          "smbAccessBasedEnumeration": "Disabled",
          "smbNonBrowsable": "Disabled",
          "isLargeVolume": false,
          "actualThroughputMibps": 6.25,
          "provisioningState": "Deleting"
        },
        "systemData": {
          "createdBy": "00000000-0000-0000-0000-000000000000",
          "createdByType": "Application",
          "createdAt": "2023-06-28T12:34:55.6201083Z",
          "lastModifiedBy": "00000000-0000-0000-0000-000000000000",
          "lastModifiedByType": "Application",
          "lastModifiedAt": "2023-06-28T12:34:55.6201083Z"
        }
      }
    },
    {
      "RequestUri": "https://management.azure.com/subscriptions/00000000-0000-0000-0000-000000000000/resourceGroups/sdk-python-tests-rg-tmp/providers/Microsoft.NetApp/netAppAccounts/sdk-python-perma-account/capacityPools/sdk-python-perma-pool/volumes/sdk-py-tests-vol-3-8a942668?api-version=2022-11-01",
      "RequestMethod": "GET",
      "RequestHeaders": {
        "Accept": "application/json",
        "Accept-Encoding": "gzip, deflate",
        "Connection": "keep-alive",
        "User-Agent": "azsdk-python-mgmt-netapp/10.1.0 Python/3.11.2 (Windows-10-10.0.22621-SP0)"
      },
      "RequestBody": null,
      "StatusCode": 404,
      "ResponseHeaders": {
        "Cache-Control": "no-cache",
        "Content-Length": "323",
        "Content-Type": "application/json; charset=utf-8",
        "Date": "Wed, 28 Jun 2023 12:38:08 GMT",
        "Expires": "-1",
        "Pragma": "no-cache",
        "Strict-Transport-Security": "max-age=31536000; includeSubDomains",
        "X-Content-Type-Options": "nosniff",
        "x-ms-correlation-request-id": "bfaafff8-4450-451b-a033-663533d01653",
        "x-ms-failure-cause": "gateway",
        "x-ms-routing-request-id": "WESTEUROPE:20230628T123809Z:bfaafff8-4450-451b-a033-663533d01653"
      },
      "ResponseBody": {
        "error": {
          "code": "ResourceNotFound",
          "message": "The Resource \u0027Microsoft.NetApp/netAppAccounts/sdk-python-perma-account/capacityPools/sdk-python-perma-pool/volumes/sdk-py-tests-vol-3-8a942668\u0027 under resource group \u0027sdk-python-tests-rg-tmp\u0027 was not found. For more details please go to https://aka.ms/ARMResourceNotFoundFix"
        }
      }
    }
  ],
  "Variables": {}
}
