interactions:
- request:
    body: '{"location": "southcentralusstage"}'
    headers:
      Accept:
      - application/json
      Accept-Encoding:
      - gzip, deflate
      Connection:
      - keep-alive
      Content-Length:
      - '35'
      Content-Type:
      - application/json
      User-Agent:
      - azsdk-python-mgmt-netapp/1.0.0b1 Python/3.8.10 (macOS-11.6-x86_64-i386-64bit)
    method: PUT
    uri: https://management.azure.com/subscriptions/00000000-0000-0000-0000-000000000000/resourceGroups/sdk-python-tests-rg/providers/Microsoft.NetApp/netAppAccounts/sdk-py-tests-acc-1?api-version=2021-06-01
  response:
    body:
      string: '{"id":"/subscriptions/00000000-0000-0000-0000-000000000000/resourceGroups/sdk-python-tests-rg/providers/Microsoft.NetApp/netAppAccounts/sdk-py-tests-acc-1","name":"sdk-py-tests-acc-1","type":"Microsoft.NetApp/netAppAccounts","etag":"W/\"datetime''2021-09-24T14%3A47%3A24.1475935Z''\"","location":"southcentralusstage","properties":{"provisioningState":"Creating"}}'
    headers:
      azure-asyncoperation:
      - https://management.azure.com/subscriptions/00000000-0000-0000-0000-000000000000/providers/Microsoft.NetApp/locations/southcentralusstage/operationResults/e11aae4e-a899-4eb8-b47b-2836a46a3945?api-version=2021-06-01
      cache-control:
      - no-cache
      content-length:
      - '362'
      content-type:
      - application/json; charset=utf-8
      date:
      - Fri, 24 Sep 2021 14:47:24 GMT
      etag:
      - W/"datetime'2021-09-24T14%3A47%3A24.1475935Z'"
      expires:
      - '-1'
      pragma:
      - no-cache
      server:
      - Microsoft-IIS/10.0
      strict-transport-security:
      - max-age=31536000; includeSubDomains
      x-content-type-options:
      - nosniff
      x-ms-ratelimit-remaining-subscription-writes:
      - '1199'
      x-powered-by:
      - ASP.NET
    status:
      code: 201
      message: Created
- request:
    body: null
    headers:
      Accept:
      - '*/*'
      Accept-Encoding:
      - gzip, deflate
      Connection:
      - keep-alive
      User-Agent:
      - azsdk-python-mgmt-netapp/1.0.0b1 Python/3.8.10 (macOS-11.6-x86_64-i386-64bit)
    method: GET
    uri: https://management.azure.com/subscriptions/00000000-0000-0000-0000-000000000000/providers/Microsoft.NetApp/locations/southcentralusstage/operationResults/e11aae4e-a899-4eb8-b47b-2836a46a3945?api-version=2021-06-01
  response:
    body:
      string: '{"id":"/subscriptions/00000000-0000-0000-0000-000000000000/providers/Microsoft.NetApp/locations/southcentralusstage/operationResults/e11aae4e-a899-4eb8-b47b-2836a46a3945","name":"e11aae4e-a899-4eb8-b47b-2836a46a3945","status":"Succeeded","startTime":"2021-09-24T14:47:24.154184Z","endTime":"2021-09-24T14:47:24.2261998Z","percentComplete":100.0,"properties":{"resourceName":"/subscriptions/00000000-0000-0000-0000-000000000000/resourceGroups/sdk-python-tests-rg/providers/Microsoft.NetApp/netAppAccounts/sdk-py-tests-acc-1"}}'
    headers:
      cache-control:
      - no-cache
      content-length:
      - '525'
      content-type:
      - application/json; charset=utf-8
      date:
      - Fri, 24 Sep 2021 14:47:55 GMT
      expires:
      - '-1'
      pragma:
      - no-cache
      server:
      - Microsoft-IIS/10.0
      strict-transport-security:
      - max-age=31536000; includeSubDomains
      transfer-encoding:
      - chunked
      vary:
      - Accept-Encoding
      x-content-type-options:
      - nosniff
      x-powered-by:
      - ASP.NET
    status:
      code: 200
      message: OK
- request:
    body: null
    headers:
      Accept:
      - '*/*'
      Accept-Encoding:
      - gzip, deflate
      Connection:
      - keep-alive
      User-Agent:
      - azsdk-python-mgmt-netapp/1.0.0b1 Python/3.8.10 (macOS-11.6-x86_64-i386-64bit)
    method: GET
    uri: https://management.azure.com/subscriptions/00000000-0000-0000-0000-000000000000/resourceGroups/sdk-python-tests-rg/providers/Microsoft.NetApp/netAppAccounts/sdk-py-tests-acc-1?api-version=2021-06-01
  response:
    body:
      string: '{"id":"/subscriptions/00000000-0000-0000-0000-000000000000/resourceGroups/sdk-python-tests-rg/providers/Microsoft.NetApp/netAppAccounts/sdk-py-tests-acc-1","name":"sdk-py-tests-acc-1","type":"Microsoft.NetApp/netAppAccounts","etag":"W/\"datetime''2021-09-24T14%3A47%3A24.2242095Z''\"","location":"southcentralusstage","properties":{"activeDirectories":[{"activeDirectoryId":"6411f198-b5fc-ad07-113d-56dd4da0e462","username":"testadmin","password":"****************","domain":"testdomain.local","dns":"10.0.2.4,10.0.2.5","status":"Created","smbServerName":"testsmb","organizationalUnit":"CN=Computers","aesEncryption":false,"ldapSigning":false,"ldapOverTLS":false,"allowLocalNFSUsersWithLdap":false,"encryptDCConnections":false}],"encryption":{"keySource":"Microsoft.NetApp"},"provisioningState":"Succeeded"}}'
    headers:
      cache-control:
      - no-cache
      content-length:
      - '806'
      content-type:
      - application/json; charset=utf-8
      date:
      - Fri, 24 Sep 2021 14:47:55 GMT
      etag:
      - W/"datetime'2021-09-24T14%3A47%3A24.2242095Z'"
      expires:
      - '-1'
      pragma:
      - no-cache
      server:
      - Microsoft-IIS/10.0
      strict-transport-security:
      - max-age=31536000; includeSubDomains
      transfer-encoding:
      - chunked
      vary:
      - Accept-Encoding
      x-content-type-options:
      - nosniff
      x-powered-by:
      - ASP.NET
    status:
      code: 200
      message: OK
- request:
    body: '{"location": "southcentralusstage", "properties": {"size": 4398046511104,
      "serviceLevel": "Premium", "coolAccess": false, "encryptionType": "Single"}}'
    headers:
      Accept:
      - application/json
      Accept-Encoding:
      - gzip, deflate
      Connection:
      - keep-alive
      Content-Length:
      - '150'
      Content-Type:
      - application/json
      User-Agent:
      - azsdk-python-mgmt-netapp/1.0.0b1 Python/3.8.10 (macOS-11.6-x86_64-i386-64bit)
    method: PUT
    uri: https://management.azure.com/subscriptions/00000000-0000-0000-0000-000000000000/resourceGroups/sdk-python-tests-rg/providers/Microsoft.NetApp/netAppAccounts/sdk-py-tests-acc-1/capacityPools/sdk-py-tests-pool-1?api-version=2021-06-01
  response:
    body:
      string: '{"id":"/subscriptions/00000000-0000-0000-0000-000000000000/resourceGroups/sdk-python-tests-rg/providers/Microsoft.NetApp/netAppAccounts/sdk-py-tests-acc-1/capacityPools/sdk-py-tests-pool-1","name":"sdk-py-tests-acc-1/sdk-py-tests-pool-1","type":"Microsoft.NetApp/netAppAccounts/capacityPools","etag":"W/\"datetime''2021-09-24T14%3A47%3A57.5080852Z''\"","location":"southcentralusstage","properties":{"serviceLevel":"Premium","size":4398046511104,"totalThroughputMibps":0.0,"utilizedThroughputMibps":0.0,"encryptionType":"Single","coolAccess":false,"provisioningState":"Creating"}}'
    headers:
      azure-asyncoperation:
      - https://management.azure.com/subscriptions/00000000-0000-0000-0000-000000000000/providers/Microsoft.NetApp/locations/southcentralusstage/operationResults/5039036b-68d1-4e34-8e50-abd8bc56a1b2?api-version=2021-06-01
      cache-control:
      - no-cache
      content-length:
      - '578'
      content-type:
      - application/json; charset=utf-8
      date:
      - Fri, 24 Sep 2021 14:47:58 GMT
      etag:
      - W/"datetime'2021-09-24T14%3A47%3A57.5080852Z'"
      expires:
      - '-1'
      pragma:
      - no-cache
      server:
      - Microsoft-IIS/10.0
      strict-transport-security:
      - max-age=31536000; includeSubDomains
      x-content-type-options:
      - nosniff
      x-ms-ratelimit-remaining-subscription-writes:
      - '1198'
      x-powered-by:
      - ASP.NET
    status:
      code: 201
      message: Created
- request:
    body: null
    headers:
      Accept:
      - '*/*'
      Accept-Encoding:
      - gzip, deflate
      Connection:
      - keep-alive
      User-Agent:
      - azsdk-python-mgmt-netapp/1.0.0b1 Python/3.8.10 (macOS-11.6-x86_64-i386-64bit)
    method: GET
    uri: https://management.azure.com/subscriptions/00000000-0000-0000-0000-000000000000/providers/Microsoft.NetApp/locations/southcentralusstage/operationResults/5039036b-68d1-4e34-8e50-abd8bc56a1b2?api-version=2021-06-01
  response:
    body:
      string: '{"id":"/subscriptions/00000000-0000-0000-0000-000000000000/providers/Microsoft.NetApp/locations/southcentralusstage/operationResults/5039036b-68d1-4e34-8e50-abd8bc56a1b2","name":"5039036b-68d1-4e34-8e50-abd8bc56a1b2","status":"Succeeded","startTime":"2021-09-24T14:47:57.5147564Z","endTime":"2021-09-24T14:47:57.8242578Z","percentComplete":100.0,"properties":{"resourceName":"/subscriptions/00000000-0000-0000-0000-000000000000/resourceGroups/sdk-python-tests-rg/providers/Microsoft.NetApp/netAppAccounts/sdk-py-tests-acc-1/capacityPools/sdk-py-tests-pool-1"}}'
    headers:
      cache-control:
      - no-cache
      content-length:
      - '560'
      content-type:
      - application/json; charset=utf-8
      date:
      - Fri, 24 Sep 2021 14:48:28 GMT
      expires:
      - '-1'
      pragma:
      - no-cache
      server:
      - Microsoft-IIS/10.0
      strict-transport-security:
      - max-age=31536000; includeSubDomains
      transfer-encoding:
      - chunked
      vary:
      - Accept-Encoding
      x-content-type-options:
      - nosniff
      x-powered-by:
      - ASP.NET
    status:
      code: 200
      message: OK
- request:
    body: null
    headers:
      Accept:
      - '*/*'
      Accept-Encoding:
      - gzip, deflate
      Connection:
      - keep-alive
      User-Agent:
      - azsdk-python-mgmt-netapp/1.0.0b1 Python/3.8.10 (macOS-11.6-x86_64-i386-64bit)
    method: GET
    uri: https://management.azure.com/subscriptions/00000000-0000-0000-0000-000000000000/resourceGroups/sdk-python-tests-rg/providers/Microsoft.NetApp/netAppAccounts/sdk-py-tests-acc-1/capacityPools/sdk-py-tests-pool-1?api-version=2021-06-01
  response:
    body:
      string: '{"id":"/subscriptions/00000000-0000-0000-0000-000000000000/resourceGroups/sdk-python-tests-rg/providers/Microsoft.NetApp/netAppAccounts/sdk-py-tests-acc-1/capacityPools/sdk-py-tests-pool-1","name":"sdk-py-tests-acc-1/sdk-py-tests-pool-1","type":"Microsoft.NetApp/netAppAccounts/capacityPools","etag":"W/\"datetime''2021-09-24T14%3A47%3A57.8178474Z''\"","location":"southcentralusstage","properties":{"poolId":"779d7918-8017-6ada-2943-a20ed77fb0f3","serviceLevel":"Premium","size":4398046511104,"qosType":"Auto","totalThroughputMibps":262.144,"utilizedThroughputMibps":0.0,"encryptionType":"Single","coolAccess":false,"provisioningState":"Succeeded"}}'
    headers:
      cache-control:
      - no-cache
      content-length:
      - '648'
      content-type:
      - application/json; charset=utf-8
      date:
      - Fri, 24 Sep 2021 14:48:28 GMT
      etag:
      - W/"datetime'2021-09-24T14%3A47%3A57.8178474Z'"
      expires:
      - '-1'
      pragma:
      - no-cache
      server:
      - Microsoft-IIS/10.0
      strict-transport-security:
      - max-age=31536000; includeSubDomains
      transfer-encoding:
      - chunked
      vary:
      - Accept-Encoding
      x-content-type-options:
      - nosniff
      x-powered-by:
      - ASP.NET
    status:
      code: 200
      message: OK
- request:
    body: '{"location": "southcentralusstage", "properties": {"creationToken": "sdk-py-tests-vol-1",
      "serviceLevel": "Premium", "usageThreshold": 107374182400, "protocolTypes":
      ["NFSv3"], "subnetId": "/subscriptions/00000000-0000-0000-0000-000000000000/resourceGroups/sdk-python-tests-rg/providers/Microsoft.Network/virtualNetworks/sdk-python-tests-vnet/subnets/default",
      "networkFeatures": "Basic", "snapshotDirectoryVisible": true, "kerberosEnabled":
      false, "securityStyle": "unix", "smbEncryption": false, "smbContinuouslyAvailable":
      false, "throughputMibps": 0.0, "ldapEnabled": false, "coolAccess": false, "unixPermissions":
      "0770", "avsDataStore": "Disabled", "isDefaultQuotaEnabled": false, "defaultUserQuotaInKiBs":
      0, "defaultGroupQuotaInKiBs": 0}}'
    headers:
      Accept:
      - application/json
      Accept-Encoding:
      - gzip, deflate
      Connection:
      - keep-alive
      Content-Length:
      - '746'
      Content-Type:
      - application/json
      User-Agent:
      - azsdk-python-mgmt-netapp/1.0.0b1 Python/3.8.10 (macOS-11.6-x86_64-i386-64bit)
    method: PUT
    uri: https://management.azure.com/subscriptions/00000000-0000-0000-0000-000000000000/resourceGroups/sdk-python-tests-rg/providers/Microsoft.NetApp/netAppAccounts/sdk-py-tests-acc-1/capacityPools/sdk-py-tests-pool-1/volumes/sdk-py-tests-vol-1?api-version=2021-06-01
  response:
    body:
      string: '{"id":"/subscriptions/00000000-0000-0000-0000-000000000000/resourceGroups/sdk-python-tests-rg/providers/Microsoft.NetApp/netAppAccounts/sdk-py-tests-acc-1/capacityPools/sdk-py-tests-pool-1/volumes/sdk-py-tests-vol-1","name":"sdk-py-tests-acc-1/sdk-py-tests-pool-1/sdk-py-tests-vol-1","type":"Microsoft.NetApp/netAppAccounts/capacityPools/volumes","etag":"W/\"datetime''2021-09-24T14%3A48%3A42.0064185Z''\"","location":"southcentralusstage","properties":{"serviceLevel":"Premium","creationToken":"sdk-py-tests-vol-1","usageThreshold":107374182400,"protocolTypes":["NFSv3"],"subnetId":"/subscriptions/00000000-0000-0000-0000-000000000000/resourceGroups/sdk-python-tests-rg/providers/Microsoft.Network/virtualNetworks/sdk-python-tests-vnet/subnets/default","networkFeatures":"Basic","snapshotDirectoryVisible":true,"kerberosEnabled":false,"securityStyle":"unix","smbEncryption":false,"smbContinuouslyAvailable":false,"ldapEnabled":false,"unixPermissions":"0770","throughputMibps":0.0,"coolAccess":false,"avsDataStore":"Disabled","isDefaultQuotaEnabled":false,"defaultUserQuotaInKiBs":0,"defaultGroupQuotaInKiBs":0,"provisioningState":"Creating"}}'
    headers:
      azure-asyncoperation:
      - https://management.azure.com/subscriptions/00000000-0000-0000-0000-000000000000/providers/Microsoft.NetApp/locations/southcentralusstage/operationResults/cca4447e-8e52-4708-9682-6838926f6411?api-version=2021-06-01
      cache-control:
      - no-cache
      content-length:
      - '1141'
      content-type:
      - application/json; charset=utf-8
      date:
      - Fri, 24 Sep 2021 14:48:42 GMT
      etag:
      - W/"datetime'2021-09-24T14%3A48%3A42.0064185Z'"
      expires:
      - '-1'
      pragma:
      - no-cache
      server:
      - Microsoft-IIS/10.0
      strict-transport-security:
      - max-age=31536000; includeSubDomains
      x-content-type-options:
      - nosniff
      x-ms-ratelimit-remaining-subscription-writes:
      - '1197'
      x-powered-by:
      - ASP.NET
    status:
      code: 201
      message: Created
- request:
    body: null
    headers:
      Accept:
      - '*/*'
      Accept-Encoding:
      - gzip, deflate
      Connection:
      - keep-alive
      User-Agent:
      - azsdk-python-mgmt-netapp/1.0.0b1 Python/3.8.10 (macOS-11.6-x86_64-i386-64bit)
    method: GET
    uri: https://management.azure.com/subscriptions/00000000-0000-0000-0000-000000000000/providers/Microsoft.NetApp/locations/southcentralusstage/operationResults/cca4447e-8e52-4708-9682-6838926f6411?api-version=2021-06-01
  response:
    body:
      string: '{"id":"/subscriptions/00000000-0000-0000-0000-000000000000/providers/Microsoft.NetApp/locations/southcentralusstage/operationResults/cca4447e-8e52-4708-9682-6838926f6411","name":"cca4447e-8e52-4708-9682-6838926f6411","status":"Creating","startTime":"2021-09-24T14:48:42.0232613Z","endTime":"0001-01-01T00:00:00Z","percentComplete":0.0,"properties":{"resourceName":"/subscriptions/00000000-0000-0000-0000-000000000000/resourceGroups/sdk-python-tests-rg/providers/Microsoft.NetApp/netAppAccounts/sdk-py-tests-acc-1/capacityPools/sdk-py-tests-pool-1/volumes/sdk-py-tests-vol-1"}}'
    headers:
      cache-control:
      - no-cache
      content-length:
      - '576'
      content-type:
      - application/json; charset=utf-8
      date:
      - Fri, 24 Sep 2021 14:49:12 GMT
      expires:
      - '-1'
      pragma:
      - no-cache
      server:
      - Microsoft-IIS/10.0
      strict-transport-security:
      - max-age=31536000; includeSubDomains
      transfer-encoding:
      - chunked
      vary:
      - Accept-Encoding
      x-content-type-options:
      - nosniff
      x-powered-by:
      - ASP.NET
    status:
      code: 200
      message: OK
- request:
    body: null
    headers:
      Accept:
      - '*/*'
      Accept-Encoding:
      - gzip, deflate
      Connection:
      - keep-alive
      User-Agent:
      - azsdk-python-mgmt-netapp/1.0.0b1 Python/3.8.10 (macOS-11.6-x86_64-i386-64bit)
    method: GET
    uri: https://management.azure.com/subscriptions/00000000-0000-0000-0000-000000000000/providers/Microsoft.NetApp/locations/southcentralusstage/operationResults/cca4447e-8e52-4708-9682-6838926f6411?api-version=2021-06-01
  response:
    body:
      string: '{"id":"/subscriptions/00000000-0000-0000-0000-000000000000/providers/Microsoft.NetApp/locations/southcentralusstage/operationResults/cca4447e-8e52-4708-9682-6838926f6411","name":"cca4447e-8e52-4708-9682-6838926f6411","status":"Creating","startTime":"2021-09-24T14:48:42.0232613Z","endTime":"0001-01-01T00:00:00Z","percentComplete":0.0,"properties":{"resourceName":"/subscriptions/00000000-0000-0000-0000-000000000000/resourceGroups/sdk-python-tests-rg/providers/Microsoft.NetApp/netAppAccounts/sdk-py-tests-acc-1/capacityPools/sdk-py-tests-pool-1/volumes/sdk-py-tests-vol-1"}}'
    headers:
      cache-control:
      - no-cache
      content-length:
      - '576'
      content-type:
      - application/json; charset=utf-8
      date:
      - Fri, 24 Sep 2021 14:49:42 GMT
      expires:
      - '-1'
      pragma:
      - no-cache
      server:
      - Microsoft-IIS/10.0
      strict-transport-security:
      - max-age=31536000; includeSubDomains
      transfer-encoding:
      - chunked
      vary:
      - Accept-Encoding
      x-content-type-options:
      - nosniff
      x-powered-by:
      - ASP.NET
    status:
      code: 200
      message: OK
- request:
    body: null
    headers:
      Accept:
      - '*/*'
      Accept-Encoding:
      - gzip, deflate
      Connection:
      - keep-alive
      User-Agent:
      - azsdk-python-mgmt-netapp/1.0.0b1 Python/3.8.10 (macOS-11.6-x86_64-i386-64bit)
    method: GET
    uri: https://management.azure.com/subscriptions/00000000-0000-0000-0000-000000000000/providers/Microsoft.NetApp/locations/southcentralusstage/operationResults/cca4447e-8e52-4708-9682-6838926f6411?api-version=2021-06-01
  response:
    body:
      string: '{"id":"/subscriptions/00000000-0000-0000-0000-000000000000/providers/Microsoft.NetApp/locations/southcentralusstage/operationResults/cca4447e-8e52-4708-9682-6838926f6411","name":"cca4447e-8e52-4708-9682-6838926f6411","status":"Creating","startTime":"2021-09-24T14:48:42.0232613Z","endTime":"0001-01-01T00:00:00Z","percentComplete":0.0,"properties":{"resourceName":"/subscriptions/00000000-0000-0000-0000-000000000000/resourceGroups/sdk-python-tests-rg/providers/Microsoft.NetApp/netAppAccounts/sdk-py-tests-acc-1/capacityPools/sdk-py-tests-pool-1/volumes/sdk-py-tests-vol-1"}}'
    headers:
      cache-control:
      - no-cache
      content-length:
      - '576'
      content-type:
      - application/json; charset=utf-8
      date:
      - Fri, 24 Sep 2021 14:50:13 GMT
      expires:
      - '-1'
      pragma:
      - no-cache
      server:
      - Microsoft-IIS/10.0
      strict-transport-security:
      - max-age=31536000; includeSubDomains
      transfer-encoding:
      - chunked
      vary:
      - Accept-Encoding
      x-content-type-options:
      - nosniff
      x-powered-by:
      - ASP.NET
    status:
      code: 200
      message: OK
- request:
    body: null
    headers:
      Accept:
      - '*/*'
      Accept-Encoding:
      - gzip, deflate
      Connection:
      - keep-alive
      User-Agent:
      - azsdk-python-mgmt-netapp/1.0.0b1 Python/3.8.10 (macOS-11.6-x86_64-i386-64bit)
    method: GET
    uri: https://management.azure.com/subscriptions/00000000-0000-0000-0000-000000000000/providers/Microsoft.NetApp/locations/southcentralusstage/operationResults/cca4447e-8e52-4708-9682-6838926f6411?api-version=2021-06-01
  response:
    body:
      string: '{"id":"/subscriptions/00000000-0000-0000-0000-000000000000/providers/Microsoft.NetApp/locations/southcentralusstage/operationResults/cca4447e-8e52-4708-9682-6838926f6411","name":"cca4447e-8e52-4708-9682-6838926f6411","status":"Creating","startTime":"2021-09-24T14:48:42.0232613Z","endTime":"0001-01-01T00:00:00Z","percentComplete":0.0,"properties":{"resourceName":"/subscriptions/00000000-0000-0000-0000-000000000000/resourceGroups/sdk-python-tests-rg/providers/Microsoft.NetApp/netAppAccounts/sdk-py-tests-acc-1/capacityPools/sdk-py-tests-pool-1/volumes/sdk-py-tests-vol-1"}}'
    headers:
      cache-control:
      - no-cache
      content-length:
      - '576'
      content-type:
      - application/json; charset=utf-8
      date:
      - Fri, 24 Sep 2021 14:50:43 GMT
      expires:
      - '-1'
      pragma:
      - no-cache
      server:
      - Microsoft-IIS/10.0
      strict-transport-security:
      - max-age=31536000; includeSubDomains
      transfer-encoding:
      - chunked
      vary:
      - Accept-Encoding
      x-content-type-options:
      - nosniff
      x-powered-by:
      - ASP.NET
    status:
      code: 200
      message: OK
- request:
    body: null
    headers:
      Accept:
      - '*/*'
      Accept-Encoding:
      - gzip, deflate
      Connection:
      - keep-alive
      User-Agent:
      - azsdk-python-mgmt-netapp/1.0.0b1 Python/3.8.10 (macOS-11.6-x86_64-i386-64bit)
    method: GET
    uri: https://management.azure.com/subscriptions/00000000-0000-0000-0000-000000000000/providers/Microsoft.NetApp/locations/southcentralusstage/operationResults/cca4447e-8e52-4708-9682-6838926f6411?api-version=2021-06-01
  response:
    body:
      string: '{"id":"/subscriptions/00000000-0000-0000-0000-000000000000/providers/Microsoft.NetApp/locations/southcentralusstage/operationResults/cca4447e-8e52-4708-9682-6838926f6411","name":"cca4447e-8e52-4708-9682-6838926f6411","status":"Creating","startTime":"2021-09-24T14:48:42.0232613Z","endTime":"0001-01-01T00:00:00Z","percentComplete":0.0,"properties":{"resourceName":"/subscriptions/00000000-0000-0000-0000-000000000000/resourceGroups/sdk-python-tests-rg/providers/Microsoft.NetApp/netAppAccounts/sdk-py-tests-acc-1/capacityPools/sdk-py-tests-pool-1/volumes/sdk-py-tests-vol-1"}}'
    headers:
      cache-control:
      - no-cache
      content-length:
      - '576'
      content-type:
      - application/json; charset=utf-8
      date:
      - Fri, 24 Sep 2021 14:51:13 GMT
      expires:
      - '-1'
      pragma:
      - no-cache
      server:
      - Microsoft-IIS/10.0
      strict-transport-security:
      - max-age=31536000; includeSubDomains
      transfer-encoding:
      - chunked
      vary:
      - Accept-Encoding
      x-content-type-options:
      - nosniff
      x-powered-by:
      - ASP.NET
    status:
      code: 200
      message: OK
- request:
    body: null
    headers:
      Accept:
      - '*/*'
      Accept-Encoding:
      - gzip, deflate
      Connection:
      - keep-alive
      User-Agent:
      - azsdk-python-mgmt-netapp/1.0.0b1 Python/3.8.10 (macOS-11.6-x86_64-i386-64bit)
    method: GET
    uri: https://management.azure.com/subscriptions/00000000-0000-0000-0000-000000000000/providers/Microsoft.NetApp/locations/southcentralusstage/operationResults/cca4447e-8e52-4708-9682-6838926f6411?api-version=2021-06-01
  response:
    body:
      string: '{"id":"/subscriptions/00000000-0000-0000-0000-000000000000/providers/Microsoft.NetApp/locations/southcentralusstage/operationResults/cca4447e-8e52-4708-9682-6838926f6411","name":"cca4447e-8e52-4708-9682-6838926f6411","status":"Creating","startTime":"2021-09-24T14:48:42.0232613Z","endTime":"0001-01-01T00:00:00Z","percentComplete":0.0,"properties":{"resourceName":"/subscriptions/00000000-0000-0000-0000-000000000000/resourceGroups/sdk-python-tests-rg/providers/Microsoft.NetApp/netAppAccounts/sdk-py-tests-acc-1/capacityPools/sdk-py-tests-pool-1/volumes/sdk-py-tests-vol-1"}}'
    headers:
      cache-control:
      - no-cache
      content-length:
      - '576'
      content-type:
      - application/json; charset=utf-8
      date:
      - Fri, 24 Sep 2021 14:51:43 GMT
      expires:
      - '-1'
      pragma:
      - no-cache
      server:
      - Microsoft-IIS/10.0
      strict-transport-security:
      - max-age=31536000; includeSubDomains
      transfer-encoding:
      - chunked
      vary:
      - Accept-Encoding
      x-content-type-options:
      - nosniff
      x-powered-by:
      - ASP.NET
    status:
      code: 200
      message: OK
- request:
    body: null
    headers:
      Accept:
      - '*/*'
      Accept-Encoding:
      - gzip, deflate
      Connection:
      - keep-alive
      User-Agent:
      - azsdk-python-mgmt-netapp/1.0.0b1 Python/3.8.10 (macOS-11.6-x86_64-i386-64bit)
    method: GET
    uri: https://management.azure.com/subscriptions/00000000-0000-0000-0000-000000000000/providers/Microsoft.NetApp/locations/southcentralusstage/operationResults/cca4447e-8e52-4708-9682-6838926f6411?api-version=2021-06-01
  response:
    body:
      string: '{"id":"/subscriptions/00000000-0000-0000-0000-000000000000/providers/Microsoft.NetApp/locations/southcentralusstage/operationResults/cca4447e-8e52-4708-9682-6838926f6411","name":"cca4447e-8e52-4708-9682-6838926f6411","status":"Creating","startTime":"2021-09-24T14:48:42.0232613Z","endTime":"0001-01-01T00:00:00Z","percentComplete":0.0,"properties":{"resourceName":"/subscriptions/00000000-0000-0000-0000-000000000000/resourceGroups/sdk-python-tests-rg/providers/Microsoft.NetApp/netAppAccounts/sdk-py-tests-acc-1/capacityPools/sdk-py-tests-pool-1/volumes/sdk-py-tests-vol-1"}}'
    headers:
      cache-control:
      - no-cache
      content-length:
      - '576'
      content-type:
      - application/json; charset=utf-8
      date:
      - Fri, 24 Sep 2021 14:52:13 GMT
      expires:
      - '-1'
      pragma:
      - no-cache
      server:
      - Microsoft-IIS/10.0
      strict-transport-security:
      - max-age=31536000; includeSubDomains
      transfer-encoding:
      - chunked
      vary:
      - Accept-Encoding
      x-content-type-options:
      - nosniff
      x-powered-by:
      - ASP.NET
    status:
      code: 200
      message: OK
- request:
    body: null
    headers:
      Accept:
      - '*/*'
      Accept-Encoding:
      - gzip, deflate
      Connection:
      - keep-alive
      User-Agent:
      - azsdk-python-mgmt-netapp/1.0.0b1 Python/3.8.10 (macOS-11.6-x86_64-i386-64bit)
    method: GET
    uri: https://management.azure.com/subscriptions/00000000-0000-0000-0000-000000000000/providers/Microsoft.NetApp/locations/southcentralusstage/operationResults/cca4447e-8e52-4708-9682-6838926f6411?api-version=2021-06-01
  response:
    body:
      string: '{"id":"/subscriptions/00000000-0000-0000-0000-000000000000/providers/Microsoft.NetApp/locations/southcentralusstage/operationResults/cca4447e-8e52-4708-9682-6838926f6411","name":"cca4447e-8e52-4708-9682-6838926f6411","status":"Creating","startTime":"2021-09-24T14:48:42.0232613Z","endTime":"0001-01-01T00:00:00Z","percentComplete":0.0,"properties":{"resourceName":"/subscriptions/00000000-0000-0000-0000-000000000000/resourceGroups/sdk-python-tests-rg/providers/Microsoft.NetApp/netAppAccounts/sdk-py-tests-acc-1/capacityPools/sdk-py-tests-pool-1/volumes/sdk-py-tests-vol-1"}}'
    headers:
      cache-control:
      - no-cache
      content-length:
      - '576'
      content-type:
      - application/json; charset=utf-8
      date:
      - Fri, 24 Sep 2021 14:52:45 GMT
      expires:
      - '-1'
      pragma:
      - no-cache
      server:
      - Microsoft-IIS/10.0
      strict-transport-security:
      - max-age=31536000; includeSubDomains
      transfer-encoding:
      - chunked
      vary:
      - Accept-Encoding
      x-content-type-options:
      - nosniff
      x-powered-by:
      - ASP.NET
    status:
      code: 200
      message: OK
- request:
    body: null
    headers:
      Accept:
      - '*/*'
      Accept-Encoding:
      - gzip, deflate
      Connection:
      - keep-alive
      User-Agent:
      - azsdk-python-mgmt-netapp/1.0.0b1 Python/3.8.10 (macOS-11.6-x86_64-i386-64bit)
    method: GET
    uri: https://management.azure.com/subscriptions/00000000-0000-0000-0000-000000000000/providers/Microsoft.NetApp/locations/southcentralusstage/operationResults/cca4447e-8e52-4708-9682-6838926f6411?api-version=2021-06-01
  response:
    body:
      string: '{"id":"/subscriptions/00000000-0000-0000-0000-000000000000/providers/Microsoft.NetApp/locations/southcentralusstage/operationResults/cca4447e-8e52-4708-9682-6838926f6411","name":"cca4447e-8e52-4708-9682-6838926f6411","status":"Succeeded","startTime":"2021-09-24T14:48:42.0232613Z","endTime":"2021-09-24T14:52:48.1615475Z","percentComplete":100.0,"properties":{"resourceName":"/subscriptions/00000000-0000-0000-0000-000000000000/resourceGroups/sdk-python-tests-rg/providers/Microsoft.NetApp/netAppAccounts/sdk-py-tests-acc-1/capacityPools/sdk-py-tests-pool-1/volumes/sdk-py-tests-vol-1"}}'
    headers:
      cache-control:
      - no-cache
      content-length:
      - '587'
      content-type:
      - application/json; charset=utf-8
      date:
      - Fri, 24 Sep 2021 14:53:15 GMT
      expires:
      - '-1'
      pragma:
      - no-cache
      server:
      - Microsoft-IIS/10.0
      strict-transport-security:
      - max-age=31536000; includeSubDomains
      transfer-encoding:
      - chunked
      vary:
      - Accept-Encoding
      x-content-type-options:
      - nosniff
      x-powered-by:
      - ASP.NET
    status:
      code: 200
      message: OK
- request:
    body: null
    headers:
      Accept:
      - '*/*'
      Accept-Encoding:
      - gzip, deflate
      Connection:
      - keep-alive
      User-Agent:
      - azsdk-python-mgmt-netapp/1.0.0b1 Python/3.8.10 (macOS-11.6-x86_64-i386-64bit)
    method: GET
    uri: https://management.azure.com/subscriptions/00000000-0000-0000-0000-000000000000/resourceGroups/sdk-python-tests-rg/providers/Microsoft.NetApp/netAppAccounts/sdk-py-tests-acc-1/capacityPools/sdk-py-tests-pool-1/volumes/sdk-py-tests-vol-1?api-version=2021-06-01
  response:
    body:
      string: '{"id":"/subscriptions/00000000-0000-0000-0000-000000000000/resourceGroups/sdk-python-tests-rg/providers/Microsoft.NetApp/netAppAccounts/sdk-py-tests-acc-1/capacityPools/sdk-py-tests-pool-1/volumes/sdk-py-tests-vol-1","name":"sdk-py-tests-acc-1/sdk-py-tests-pool-1/sdk-py-tests-vol-1","type":"Microsoft.NetApp/netAppAccounts/capacityPools/volumes","etag":"W/\"datetime''2021-09-24T14%3A52%3A48.1561422Z''\"","location":"southcentralusstage","properties":{"fileSystemId":"92a6d4d0-1ea5-69fd-b4ec-18693f84a642","serviceLevel":"Premium","creationToken":"sdk-py-tests-vol-1","usageThreshold":107374182400,"exportPolicy":{"rules":[{"ruleIndex":1,"unixReadOnly":false,"unixReadWrite":true,"cifs":false,"nfsv3":true,"nfsv41":false,"allowedClients":"0.0.0.0/0","kerberos5ReadOnly":false,"kerberos5ReadWrite":false,"kerberos5iReadOnly":false,"kerberos5iReadWrite":false,"kerberos5pReadOnly":false,"kerberos5pReadWrite":false,"hasRootAccess":true,"chownMode":"Restricted"}]},"protocolTypes":["NFSv3"],"baremetalTenantId":"baremetalTenant_svm_93ade68ee53011e9a696c27beff6b5ea_1febb3f8","subnetId":"/subscriptions/00000000-0000-0000-0000-000000000000/resourceGroups/sdk-python-tests-rg/providers/Microsoft.Network/virtualNetworks/sdk-python-tests-vnet/subnets/default","networkFeatures":"Basic","networkSiblingSetId":"1e262fad-81a1-a9ec-63fd-348b870cf1c3","storageToNetworkProximity":"Default","snapshotDirectoryVisible":true,"kerberosEnabled":false,"securityStyle":"Unix","smbEncryption":false,"smbContinuouslyAvailable":false,"encryptionKeySource":"Microsoft.NetApp","ldapEnabled":false,"unixPermissions":"0770","mountTargets":[{"mountTargetId":"92a6d4d0-1ea5-69fd-b4ec-18693f84a642","fileSystemId":"92a6d4d0-1ea5-69fd-b4ec-18693f84a642","ipAddress":"10.7.0.4"}],"throughputMibps":6.4,"volumeSpecName":"generic","coolAccess":false,"avsDataStore":"Disabled","isDefaultQuotaEnabled":false,"defaultUserQuotaInKiBs":0,"defaultGroupQuotaInKiBs":0,"provisioningState":"Succeeded"}}'
    headers:
      cache-control:
      - no-cache
      content-length:
      - '1962'
      content-type:
      - application/json; charset=utf-8
      date:
      - Fri, 24 Sep 2021 14:53:15 GMT
      etag:
      - W/"datetime'2021-09-24T14%3A52%3A48.1561422Z'"
      expires:
      - '-1'
      pragma:
      - no-cache
      server:
      - Microsoft-IIS/10.0
      strict-transport-security:
      - max-age=31536000; includeSubDomains
      transfer-encoding:
      - chunked
      vary:
      - Accept-Encoding
      x-content-type-options:
      - nosniff
      x-powered-by:
      - ASP.NET
    status:
      code: 200
      message: OK
- request:
    body: null
    headers:
      Accept:
      - application/json
      Accept-Encoding:
      - gzip, deflate
      Connection:
      - keep-alive
      User-Agent:
      - azsdk-python-mgmt-netapp/1.0.0b1 Python/3.8.10 (macOS-11.6-x86_64-i386-64bit)
    method: GET
    uri: https://management.azure.com/subscriptions/00000000-0000-0000-0000-000000000000/resourceGroups/sdk-python-tests-rg/providers/Microsoft.NetApp/netAppAccounts/sdk-py-tests-acc-1/capacityPools/sdk-py-tests-pool-1/volumes/sdk-py-tests-vol-1?api-version=2021-06-01
  response:
    body:
      string: '{"id":"/subscriptions/00000000-0000-0000-0000-000000000000/resourceGroups/sdk-python-tests-rg/providers/Microsoft.NetApp/netAppAccounts/sdk-py-tests-acc-1/capacityPools/sdk-py-tests-pool-1/volumes/sdk-py-tests-vol-1","name":"sdk-py-tests-acc-1/sdk-py-tests-pool-1/sdk-py-tests-vol-1","type":"Microsoft.NetApp/netAppAccounts/capacityPools/volumes","etag":"W/\"datetime''2021-09-24T14%3A52%3A48.1561422Z''\"","location":"southcentralusstage","properties":{"fileSystemId":"92a6d4d0-1ea5-69fd-b4ec-18693f84a642","serviceLevel":"Premium","creationToken":"sdk-py-tests-vol-1","usageThreshold":107374182400,"exportPolicy":{"rules":[{"ruleIndex":1,"unixReadOnly":false,"unixReadWrite":true,"cifs":false,"nfsv3":true,"nfsv41":false,"allowedClients":"0.0.0.0/0","kerberos5ReadOnly":false,"kerberos5ReadWrite":false,"kerberos5iReadOnly":false,"kerberos5iReadWrite":false,"kerberos5pReadOnly":false,"kerberos5pReadWrite":false,"hasRootAccess":true,"chownMode":"Restricted"}]},"protocolTypes":["NFSv3"],"baremetalTenantId":"baremetalTenant_svm_93ade68ee53011e9a696c27beff6b5ea_1febb3f8","subnetId":"/subscriptions/00000000-0000-0000-0000-000000000000/resourceGroups/sdk-python-tests-rg/providers/Microsoft.Network/virtualNetworks/sdk-python-tests-vnet/subnets/default","networkFeatures":"Basic","networkSiblingSetId":"1e262fad-81a1-a9ec-63fd-348b870cf1c3","storageToNetworkProximity":"Default","snapshotDirectoryVisible":true,"kerberosEnabled":false,"securityStyle":"Unix","smbEncryption":false,"smbContinuouslyAvailable":false,"encryptionKeySource":"Microsoft.NetApp","ldapEnabled":false,"unixPermissions":"0770","mountTargets":[{"mountTargetId":"92a6d4d0-1ea5-69fd-b4ec-18693f84a642","fileSystemId":"92a6d4d0-1ea5-69fd-b4ec-18693f84a642","ipAddress":"10.7.0.4"}],"throughputMibps":6.4,"volumeSpecName":"generic","coolAccess":false,"avsDataStore":"Disabled","isDefaultQuotaEnabled":false,"defaultUserQuotaInKiBs":0,"defaultGroupQuotaInKiBs":0,"provisioningState":"Succeeded"}}'
    headers:
      cache-control:
      - no-cache
      content-length:
      - '1962'
      content-type:
      - application/json; charset=utf-8
      date:
      - Fri, 24 Sep 2021 14:53:26 GMT
      etag:
      - W/"datetime'2021-09-24T14%3A52%3A48.1561422Z'"
      expires:
      - '-1'
      pragma:
      - no-cache
      server:
      - Microsoft-IIS/10.0
      strict-transport-security:
      - max-age=31536000; includeSubDomains
      transfer-encoding:
      - chunked
      vary:
      - Accept-Encoding
      x-content-type-options:
      - nosniff
      x-powered-by:
      - ASP.NET
    status:
      code: 200
      message: OK
- request:
    body: null
    headers:
      Accept:
      - application/json
      Accept-Encoding:
      - gzip, deflate
      Connection:
      - keep-alive
      User-Agent:
      - azsdk-python-mgmt-netapp/1.0.0b1 Python/3.8.10 (macOS-11.6-x86_64-i386-64bit)
    method: GET
    uri: https://management.azure.com/subscriptions/00000000-0000-0000-0000-000000000000/resourceGroups/sdk-python-tests-rg/providers/Microsoft.NetApp/netAppAccounts/sdk-py-tests-acc-1/vaults?api-version=2021-06-01
  response:
    body:
      string: '{"value":[{"id":"/subscriptions/00000000-0000-0000-0000-000000000000/resourceGroups/sdk-python-tests-rg/providers/Microsoft.NetApp/netAppAccounts/sdk-py-tests-acc-1/vaults/cbsvault","name":"sdk-py-tests-acc-1/cbsvault","type":"Microsoft.NetApp/netAppAccounts/vaults","properties":{"enabled":true,"vaultId":"33f2107c-2278-11eb-978e-ca9f38216a58"}}]}'
    headers:
      cache-control:
      - no-cache
      content-length:
      - '348'
      content-type:
      - application/json; charset=utf-8
      date:
      - Fri, 24 Sep 2021 14:53:26 GMT
      expires:
      - '-1'
      pragma:
      - no-cache
      server:
      - Microsoft-IIS/10.0
      strict-transport-security:
      - max-age=31536000; includeSubDomains
      transfer-encoding:
      - chunked
      vary:
      - Accept-Encoding
      x-content-type-options:
      - nosniff
      x-powered-by:
      - ASP.NET
    status:
      code: 200
      message: OK
- request:
    body: '{"properties": {"serviceLevel": "Premium", "usageThreshold": 107374182400,
      "dataProtection": {"backup": {"vaultId": "/subscriptions/00000000-0000-0000-0000-000000000000/resourceGroups/sdk-python-tests-rg/providers/Microsoft.NetApp/netAppAccounts/sdk-py-tests-acc-1/vaults/cbsvault",
      "backupEnabled": true}}, "isDefaultQuotaEnabled": false, "defaultUserQuotaInKiBs":
      0, "defaultGroupQuotaInKiBs": 0}}'
    headers:
      Accept:
      - application/json
      Accept-Encoding:
      - gzip, deflate
      Connection:
      - keep-alive
      Content-Length:
      - '399'
      Content-Type:
      - application/json
      User-Agent:
      - azsdk-python-mgmt-netapp/1.0.0b1 Python/3.8.10 (macOS-11.6-x86_64-i386-64bit)
    method: PATCH
    uri: https://management.azure.com/subscriptions/00000000-0000-0000-0000-000000000000/resourceGroups/sdk-python-tests-rg/providers/Microsoft.NetApp/netAppAccounts/sdk-py-tests-acc-1/capacityPools/sdk-py-tests-pool-1/volumes/sdk-py-tests-vol-1?api-version=2021-06-01
  response:
    body:
      string: '{"id":"/subscriptions/00000000-0000-0000-0000-000000000000/resourceGroups/sdk-python-tests-rg/providers/Microsoft.NetApp/netAppAccounts/sdk-py-tests-acc-1/capacityPools/sdk-py-tests-pool-1/volumes/sdk-py-tests-vol-1","name":"sdk-py-tests-acc-1/sdk-py-tests-pool-1/sdk-py-tests-vol-1","type":"Microsoft.NetApp/netAppAccounts/capacityPools/volumes","etag":"W/\"datetime''2021-09-24T14%3A53%3A26.7823211Z''\"","location":"southcentralusstage","properties":{"provisioningState":"Patching","fileSystemId":"92a6d4d0-1ea5-69fd-b4ec-18693f84a642","serviceLevel":"Premium","creationToken":"sdk-py-tests-vol-1","usageThreshold":107374182400,"exportPolicy":{"rules":[{"ruleIndex":1,"unixReadOnly":false,"unixReadWrite":true,"cifs":false,"nfsv3":true,"nfsv41":false,"allowedClients":"0.0.0.0/0","kerberos5ReadOnly":false,"kerberos5ReadWrite":false,"kerberos5iReadOnly":false,"kerberos5iReadWrite":false,"kerberos5pReadOnly":false,"kerberos5pReadWrite":false,"hasRootAccess":true,"chownMode":"Restricted"}]},"protocolTypes":["NFSv3"],"baremetalTenantId":"baremetalTenant_svm_93ade68ee53011e9a696c27beff6b5ea_1febb3f8","subnetId":"/subscriptions/00000000-0000-0000-0000-000000000000/resourceGroups/sdk-python-tests-rg/providers/Microsoft.Network/virtualNetworks/sdk-python-tests-vnet/subnets/default","networkFeatures":"Basic","networkSiblingSetId":"1e262fad-81a1-a9ec-63fd-348b870cf1c3","storageToNetworkProximity":"Default","snapshotDirectoryVisible":true,"kerberosEnabled":false,"securityStyle":"Unix","smbEncryption":false,"smbContinuouslyAvailable":false,"encryptionKeySource":"Microsoft.NetApp","ldapEnabled":false,"unixPermissions":"0770","mountTargets":[{"mountTargetId":"92a6d4d0-1ea5-69fd-b4ec-18693f84a642","fileSystemId":"92a6d4d0-1ea5-69fd-b4ec-18693f84a642","ipAddress":"10.7.0.4"}],"throughputMibps":6.4,"volumeSpecName":"generic","coolAccess":false,"avsDataStore":"Disabled","isDefaultQuotaEnabled":false,"defaultUserQuotaInKiBs":0,"defaultGroupQuotaInKiBs":0}}'
    headers:
      azure-asyncoperation:
      - https://management.azure.com/subscriptions/00000000-0000-0000-0000-000000000000/providers/Microsoft.NetApp/locations/southcentralusstage/operationResults/40e2aba3-75f0-4290-aed8-d3b776762b0f?api-version=2021-06-01
      cache-control:
      - no-cache
      content-length:
      - '1961'
      content-type:
      - application/json; charset=utf-8
      date:
      - Fri, 24 Sep 2021 14:53:26 GMT
      etag:
      - W/"datetime'2021-09-24T14%3A53%3A26.7823211Z'"
      expires:
      - '-1'
      location:
      - https://management.azure.com/subscriptions/00000000-0000-0000-0000-000000000000/providers/Microsoft.NetApp/locations/southcentralusstage/operationResults/40e2aba3-75f0-4290-aed8-d3b776762b0f?api-version=2021-06-01&operationResultResponseType=Location
      pragma:
      - no-cache
      server:
      - Microsoft-IIS/10.0
      strict-transport-security:
      - max-age=31536000; includeSubDomains
      x-content-type-options:
      - nosniff
      x-ms-ratelimit-remaining-subscription-writes:
      - '1196'
      x-powered-by:
      - ASP.NET
    status:
      code: 202
      message: Accepted
- request:
    body: null
    headers:
      Accept:
      - '*/*'
      Accept-Encoding:
      - gzip, deflate
      Connection:
      - keep-alive
      User-Agent:
      - azsdk-python-mgmt-netapp/1.0.0b1 Python/3.8.10 (macOS-11.6-x86_64-i386-64bit)
    method: GET
    uri: https://management.azure.com/subscriptions/00000000-0000-0000-0000-000000000000/providers/Microsoft.NetApp/locations/southcentralusstage/operationResults/40e2aba3-75f0-4290-aed8-d3b776762b0f?api-version=2021-06-01
  response:
    body:
      string: '{"id":"/subscriptions/00000000-0000-0000-0000-000000000000/providers/Microsoft.NetApp/locations/southcentralusstage/operationResults/40e2aba3-75f0-4290-aed8-d3b776762b0f","name":"40e2aba3-75f0-4290-aed8-d3b776762b0f","status":"Succeeded","startTime":"2021-09-24T14:53:26.7864877Z","endTime":"2021-09-24T14:53:32.6180406Z","percentComplete":100.0,"properties":{"resourceName":"/subscriptions/00000000-0000-0000-0000-000000000000/resourceGroups/sdk-python-tests-rg/providers/Microsoft.NetApp/netAppAccounts/sdk-py-tests-acc-1/capacityPools/sdk-py-tests-pool-1/volumes/sdk-py-tests-vol-1"}}'
    headers:
      cache-control:
      - no-cache
      content-length:
      - '587'
      content-type:
      - application/json; charset=utf-8
      date:
      - Fri, 24 Sep 2021 14:53:57 GMT
      expires:
      - '-1'
      pragma:
      - no-cache
      server:
      - Microsoft-IIS/10.0
      strict-transport-security:
      - max-age=31536000; includeSubDomains
      transfer-encoding:
      - chunked
      vary:
      - Accept-Encoding
      x-content-type-options:
      - nosniff
      x-powered-by:
      - ASP.NET
    status:
      code: 200
      message: OK
- request:
    body: null
    headers:
      Accept:
      - '*/*'
      Accept-Encoding:
      - gzip, deflate
      Connection:
      - keep-alive
      User-Agent:
      - azsdk-python-mgmt-netapp/1.0.0b1 Python/3.8.10 (macOS-11.6-x86_64-i386-64bit)
    method: GET
    uri: https://management.azure.com/subscriptions/00000000-0000-0000-0000-000000000000/resourceGroups/sdk-python-tests-rg/providers/Microsoft.NetApp/netAppAccounts/sdk-py-tests-acc-1/capacityPools/sdk-py-tests-pool-1/volumes/sdk-py-tests-vol-1?api-version=2021-06-01
  response:
    body:
      string: '{"id":"/subscriptions/00000000-0000-0000-0000-000000000000/resourceGroups/sdk-python-tests-rg/providers/Microsoft.NetApp/netAppAccounts/sdk-py-tests-acc-1/capacityPools/sdk-py-tests-pool-1/volumes/sdk-py-tests-vol-1","name":"sdk-py-tests-acc-1/sdk-py-tests-pool-1/sdk-py-tests-vol-1","type":"Microsoft.NetApp/netAppAccounts/capacityPools/volumes","etag":"W/\"datetime''2021-09-24T14%3A53%3A32.6154298Z''\"","location":"southcentralusstage","properties":{"dataProtection":{"backup":{"backupEnabled":true,"policyEnforced":false,"vaultId":"/subscriptions/00000000-0000-0000-0000-000000000000/resourceGroups/sdk-python-tests-rg/providers/Microsoft.NetApp/netAppAccounts/sdk-py-tests-acc-1/vaults/cbsvault"}},"provisioningState":"Succeeded","fileSystemId":"92a6d4d0-1ea5-69fd-b4ec-18693f84a642","serviceLevel":"Premium","creationToken":"sdk-py-tests-vol-1","usageThreshold":107374182400,"exportPolicy":{"rules":[{"ruleIndex":1,"unixReadOnly":false,"unixReadWrite":true,"cifs":false,"nfsv3":true,"nfsv41":false,"allowedClients":"0.0.0.0/0","kerberos5ReadOnly":false,"kerberos5ReadWrite":false,"kerberos5iReadOnly":false,"kerberos5iReadWrite":false,"kerberos5pReadOnly":false,"kerberos5pReadWrite":false,"hasRootAccess":true,"chownMode":"Restricted"}]},"protocolTypes":["NFSv3"],"baremetalTenantId":"baremetalTenant_svm_93ade68ee53011e9a696c27beff6b5ea_1febb3f8","subnetId":"/subscriptions/00000000-0000-0000-0000-000000000000/resourceGroups/sdk-python-tests-rg/providers/Microsoft.Network/virtualNetworks/sdk-python-tests-vnet/subnets/default","networkFeatures":"Basic","networkSiblingSetId":"1e262fad-81a1-a9ec-63fd-348b870cf1c3","storageToNetworkProximity":"Default","snapshotDirectoryVisible":true,"kerberosEnabled":false,"securityStyle":"Unix","smbEncryption":false,"smbContinuouslyAvailable":false,"encryptionKeySource":"Microsoft.NetApp","ldapEnabled":false,"unixPermissions":"0770","mountTargets":[{"mountTargetId":"92a6d4d0-1ea5-69fd-b4ec-18693f84a642","fileSystemId":"92a6d4d0-1ea5-69fd-b4ec-18693f84a642","ipAddress":"10.7.0.4"}],"throughputMibps":6.4,"volumeSpecName":"generic","coolAccess":false,"avsDataStore":"Disabled","isDefaultQuotaEnabled":false,"defaultUserQuotaInKiBs":0,"defaultGroupQuotaInKiBs":0}}'
    headers:
      cache-control:
      - no-cache
      content-length:
      - '2212'
      content-type:
      - application/json; charset=utf-8
      date:
      - Fri, 24 Sep 2021 14:53:57 GMT
      etag:
      - W/"datetime'2021-09-24T14%3A53%3A32.6154298Z'"
      expires:
      - '-1'
      pragma:
      - no-cache
      server:
      - Microsoft-IIS/10.0
      strict-transport-security:
      - max-age=31536000; includeSubDomains
      transfer-encoding:
      - chunked
      vary:
      - Accept-Encoding
      x-content-type-options:
      - nosniff
      x-powered-by:
      - ASP.NET
    status:
      code: 200
      message: OK
- request:
    body: '{"location": "southcentralusstage", "properties": {"useExistingSnapshot":
      false}}'
    headers:
      Accept:
      - application/json
      Accept-Encoding:
      - gzip, deflate
      Connection:
      - keep-alive
      Content-Length:
      - '81'
      Content-Type:
      - application/json
      User-Agent:
      - azsdk-python-mgmt-netapp/1.0.0b1 Python/3.8.10 (macOS-11.6-x86_64-i386-64bit)
    method: PUT
    uri: https://management.azure.com/subscriptions/00000000-0000-0000-0000-000000000000/resourceGroups/sdk-python-tests-rg/providers/Microsoft.NetApp/netAppAccounts/sdk-py-tests-acc-1/capacityPools/sdk-py-tests-pool-1/volumes/sdk-py-tests-vol-1/backups/sdk-py-tests-backup-1?api-version=2021-06-01
  response:
    body:
      string: '{"id":"/subscriptions/00000000-0000-0000-0000-000000000000/resourceGroups/sdk-python-tests-rg/providers/Microsoft.NetApp/netAppAccounts/sdk-py-tests-acc-1/capacityPools/sdk-py-tests-pool-1/volumes/sdk-py-tests-vol-1/backups/sdk-py-tests-backup-1","name":"sdk-py-tests-acc-1/sdk-py-tests-pool-1/sdk-py-tests-vol-1/sdk-py-tests-backup-1","type":"Microsoft.NetApp/netAppAccounts/capacityPools/volumes/backups","location":"southcentralusstage","properties":{"provisioningState":"Creating","useExistingSnapshot":false}}'
    headers:
      azure-asyncoperation:
      - https://management.azure.com/subscriptions/00000000-0000-0000-0000-000000000000/providers/Microsoft.NetApp/locations/southcentralusstage/operationResults/a6ccf878-6982-4436-a145-4e0a1a1bc32b?api-version=2021-06-01
      cache-control:
      - no-cache
      content-length:
      - '514'
      content-type:
      - application/json; charset=utf-8
      date:
      - Fri, 24 Sep 2021 14:53:57 GMT
      expires:
      - '-1'
      location:
      - https://management.azure.com/subscriptions/00000000-0000-0000-0000-000000000000/providers/Microsoft.NetApp/locations/southcentralusstage/operationResults/a6ccf878-6982-4436-a145-4e0a1a1bc32b?api-version=2021-06-01&operationResultResponseType=Location
      pragma:
      - no-cache
      server:
      - Microsoft-IIS/10.0
      strict-transport-security:
      - max-age=31536000; includeSubDomains
      x-content-type-options:
      - nosniff
      x-ms-ratelimit-remaining-subscription-writes:
      - '1195'
      x-powered-by:
      - ASP.NET
    status:
      code: 201
      message: Created
- request:
    body: null
    headers:
      Accept:
      - '*/*'
      Accept-Encoding:
      - gzip, deflate
      Connection:
      - keep-alive
      User-Agent:
      - azsdk-python-mgmt-netapp/1.0.0b1 Python/3.8.10 (macOS-11.6-x86_64-i386-64bit)
    method: GET
    uri: https://management.azure.com/subscriptions/00000000-0000-0000-0000-000000000000/providers/Microsoft.NetApp/locations/southcentralusstage/operationResults/a6ccf878-6982-4436-a145-4e0a1a1bc32b?api-version=2021-06-01
  response:
    body:
      string: '{"id":"/subscriptions/00000000-0000-0000-0000-000000000000/providers/Microsoft.NetApp/locations/southcentralusstage/operationResults/a6ccf878-6982-4436-a145-4e0a1a1bc32b","name":"a6ccf878-6982-4436-a145-4e0a1a1bc32b","status":"Succeeded","startTime":"2021-09-24T14:53:57.8097238Z","endTime":"2021-09-24T14:53:58.219187Z","percentComplete":100.0,"properties":{"resourceName":"/subscriptions/00000000-0000-0000-0000-000000000000/resourceGroups/sdk-python-tests-rg/providers/Microsoft.NetApp/netAppAccounts/sdk-py-tests-acc-1/capacityPools/sdk-py-tests-pool-1/volumes/sdk-py-tests-vol-1/backups/sdk-py-tests-backup-1"}}'
    headers:
      cache-control:
      - no-cache
      content-length:
      - '616'
      content-type:
      - application/json; charset=utf-8
      date:
      - Fri, 24 Sep 2021 14:54:27 GMT
      expires:
      - '-1'
      pragma:
      - no-cache
      server:
      - Microsoft-IIS/10.0
      strict-transport-security:
      - max-age=31536000; includeSubDomains
      transfer-encoding:
      - chunked
      vary:
      - Accept-Encoding
      x-content-type-options:
      - nosniff
      x-powered-by:
      - ASP.NET
    status:
      code: 200
      message: OK
- request:
    body: null
    headers:
      Accept:
      - '*/*'
      Accept-Encoding:
      - gzip, deflate
      Connection:
      - keep-alive
      User-Agent:
      - azsdk-python-mgmt-netapp/1.0.0b1 Python/3.8.10 (macOS-11.6-x86_64-i386-64bit)
    method: GET
    uri: https://management.azure.com/subscriptions/00000000-0000-0000-0000-000000000000/resourceGroups/sdk-python-tests-rg/providers/Microsoft.NetApp/netAppAccounts/sdk-py-tests-acc-1/capacityPools/sdk-py-tests-pool-1/volumes/sdk-py-tests-vol-1/backups/sdk-py-tests-backup-1?api-version=2021-06-01
  response:
    body:
      string: '{"id":"/subscriptions/00000000-0000-0000-0000-000000000000/resourceGroups/sdk-python-tests-rg/providers/Microsoft.NetApp/netAppAccounts/sdk-py-tests-acc-1/capacityPools/sdk-py-tests-pool-1/volumes/sdk-py-tests-vol-1/backups/sdk-py-tests-backup-1","name":"sdk-py-tests-acc-1/sdk-py-tests-pool-1/sdk-py-tests-vol-1/sdk-py-tests-backup-1","type":"Microsoft.NetApp/netAppAccounts/capacityPools/volumes/backups","location":"southcentralusstage","properties":{"creationDate":"2021-09-24T14:53:58Z","backupId":"b46e2980-2133-cb59-0396-6fa9d7604b1b","size":0,"backupType":"Manual","provisioningState":"Creating","failureReason":"None","volumeName":"sdk-py-tests-vol-1","useExistingSnapshot":false}}'
    headers:
      cache-control:
      - no-cache
      content-length:
      - '690'
      content-type:
      - application/json; charset=utf-8
      date:
      - Fri, 24 Sep 2021 14:54:28 GMT
      expires:
      - '-1'
      pragma:
      - no-cache
      server:
      - Microsoft-IIS/10.0
      strict-transport-security:
      - max-age=31536000; includeSubDomains
      transfer-encoding:
      - chunked
      vary:
      - Accept-Encoding
      x-content-type-options:
      - nosniff
      x-powered-by:
      - ASP.NET
    status:
      code: 200
      message: OK
- request:
    body: null
    headers:
      Accept:
      - application/json
      Accept-Encoding:
      - gzip, deflate
      Connection:
      - keep-alive
      User-Agent:
      - azsdk-python-mgmt-netapp/1.0.0b1 Python/3.8.10 (macOS-11.6-x86_64-i386-64bit)
    method: GET
    uri: https://management.azure.com/subscriptions/00000000-0000-0000-0000-000000000000/resourceGroups/sdk-python-tests-rg/providers/Microsoft.NetApp/netAppAccounts/sdk-py-tests-acc-1/capacityPools/sdk-py-tests-pool-1/volumes/sdk-py-tests-vol-1/backups/sdk-py-tests-backup-1?api-version=2021-06-01
  response:
    body:
      string: '{"id":"/subscriptions/00000000-0000-0000-0000-000000000000/resourceGroups/sdk-python-tests-rg/providers/Microsoft.NetApp/netAppAccounts/sdk-py-tests-acc-1/capacityPools/sdk-py-tests-pool-1/volumes/sdk-py-tests-vol-1/backups/sdk-py-tests-backup-1","name":"sdk-py-tests-acc-1/sdk-py-tests-pool-1/sdk-py-tests-vol-1/sdk-py-tests-backup-1","type":"Microsoft.NetApp/netAppAccounts/capacityPools/volumes/backups","location":"southcentralusstage","properties":{"creationDate":"2021-09-24T14:53:58Z","backupId":"b46e2980-2133-cb59-0396-6fa9d7604b1b","size":0,"backupType":"Manual","provisioningState":"Creating","failureReason":"None","volumeName":"sdk-py-tests-vol-1","useExistingSnapshot":false}}'
    headers:
      cache-control:
      - no-cache
      content-length:
      - '690'
      content-type:
      - application/json; charset=utf-8
      date:
      - Fri, 24 Sep 2021 14:54:38 GMT
      expires:
      - '-1'
      pragma:
      - no-cache
      server:
      - Microsoft-IIS/10.0
      strict-transport-security:
      - max-age=31536000; includeSubDomains
      transfer-encoding:
      - chunked
      vary:
      - Accept-Encoding
      x-content-type-options:
      - nosniff
      x-powered-by:
      - ASP.NET
    status:
      code: 200
      message: OK
- request:
    body: null
    headers:
      Accept:
      - application/json
      Accept-Encoding:
      - gzip, deflate
      Connection:
      - keep-alive
      User-Agent:
      - azsdk-python-mgmt-netapp/1.0.0b1 Python/3.8.10 (macOS-11.6-x86_64-i386-64bit)
    method: GET
    uri: https://management.azure.com/subscriptions/00000000-0000-0000-0000-000000000000/resourceGroups/sdk-python-tests-rg/providers/Microsoft.NetApp/netAppAccounts/sdk-py-tests-acc-1/capacityPools/sdk-py-tests-pool-1/volumes/sdk-py-tests-vol-1/backups/sdk-py-tests-backup-1?api-version=2021-06-01
  response:
    body:
      string: '{"id":"/subscriptions/00000000-0000-0000-0000-000000000000/resourceGroups/sdk-python-tests-rg/providers/Microsoft.NetApp/netAppAccounts/sdk-py-tests-acc-1/capacityPools/sdk-py-tests-pool-1/volumes/sdk-py-tests-vol-1/backups/sdk-py-tests-backup-1","name":"sdk-py-tests-acc-1/sdk-py-tests-pool-1/sdk-py-tests-vol-1/sdk-py-tests-backup-1","type":"Microsoft.NetApp/netAppAccounts/capacityPools/volumes/backups","location":"southcentralusstage","properties":{"creationDate":"2021-09-24T14:53:58Z","backupId":"b46e2980-2133-cb59-0396-6fa9d7604b1b","size":0,"backupType":"Manual","provisioningState":"Creating","failureReason":"None","volumeName":"sdk-py-tests-vol-1","useExistingSnapshot":false}}'
    headers:
      cache-control:
      - no-cache
      content-length:
      - '690'
      content-type:
      - application/json; charset=utf-8
      date:
      - Fri, 24 Sep 2021 14:54:48 GMT
      expires:
      - '-1'
      pragma:
      - no-cache
      server:
      - Microsoft-IIS/10.0
      strict-transport-security:
      - max-age=31536000; includeSubDomains
      transfer-encoding:
      - chunked
      vary:
      - Accept-Encoding
      x-content-type-options:
      - nosniff
      x-powered-by:
      - ASP.NET
    status:
      code: 200
      message: OK
- request:
    body: null
    headers:
      Accept:
      - application/json
      Accept-Encoding:
      - gzip, deflate
      Connection:
      - keep-alive
      User-Agent:
      - azsdk-python-mgmt-netapp/1.0.0b1 Python/3.8.10 (macOS-11.6-x86_64-i386-64bit)
    method: GET
    uri: https://management.azure.com/subscriptions/00000000-0000-0000-0000-000000000000/resourceGroups/sdk-python-tests-rg/providers/Microsoft.NetApp/netAppAccounts/sdk-py-tests-acc-1/capacityPools/sdk-py-tests-pool-1/volumes/sdk-py-tests-vol-1/backups/sdk-py-tests-backup-1?api-version=2021-06-01
  response:
    body:
      string: '{"id":"/subscriptions/00000000-0000-0000-0000-000000000000/resourceGroups/sdk-python-tests-rg/providers/Microsoft.NetApp/netAppAccounts/sdk-py-tests-acc-1/capacityPools/sdk-py-tests-pool-1/volumes/sdk-py-tests-vol-1/backups/sdk-py-tests-backup-1","name":"sdk-py-tests-acc-1/sdk-py-tests-pool-1/sdk-py-tests-vol-1/sdk-py-tests-backup-1","type":"Microsoft.NetApp/netAppAccounts/capacityPools/volumes/backups","location":"southcentralusstage","properties":{"creationDate":"2021-09-24T14:53:58Z","backupId":"b46e2980-2133-cb59-0396-6fa9d7604b1b","size":0,"backupType":"Manual","provisioningState":"Creating","failureReason":"None","volumeName":"sdk-py-tests-vol-1","useExistingSnapshot":false}}'
    headers:
      cache-control:
      - no-cache
      content-length:
      - '690'
      content-type:
      - application/json; charset=utf-8
      date:
      - Fri, 24 Sep 2021 14:54:59 GMT
      expires:
      - '-1'
      pragma:
      - no-cache
      server:
      - Microsoft-IIS/10.0
      strict-transport-security:
      - max-age=31536000; includeSubDomains
      transfer-encoding:
      - chunked
      vary:
      - Accept-Encoding
      x-content-type-options:
      - nosniff
      x-powered-by:
      - ASP.NET
    status:
      code: 200
      message: OK
- request:
    body: null
    headers:
      Accept:
      - application/json
      Accept-Encoding:
      - gzip, deflate
      Connection:
      - keep-alive
      User-Agent:
      - azsdk-python-mgmt-netapp/1.0.0b1 Python/3.8.10 (macOS-11.6-x86_64-i386-64bit)
    method: GET
    uri: https://management.azure.com/subscriptions/00000000-0000-0000-0000-000000000000/resourceGroups/sdk-python-tests-rg/providers/Microsoft.NetApp/netAppAccounts/sdk-py-tests-acc-1/capacityPools/sdk-py-tests-pool-1/volumes/sdk-py-tests-vol-1/backups/sdk-py-tests-backup-1?api-version=2021-06-01
  response:
    body:
      string: '{"id":"/subscriptions/00000000-0000-0000-0000-000000000000/resourceGroups/sdk-python-tests-rg/providers/Microsoft.NetApp/netAppAccounts/sdk-py-tests-acc-1/capacityPools/sdk-py-tests-pool-1/volumes/sdk-py-tests-vol-1/backups/sdk-py-tests-backup-1","name":"sdk-py-tests-acc-1/sdk-py-tests-pool-1/sdk-py-tests-vol-1/sdk-py-tests-backup-1","type":"Microsoft.NetApp/netAppAccounts/capacityPools/volumes/backups","location":"southcentralusstage","properties":{"creationDate":"2021-09-24T14:53:58Z","backupId":"b46e2980-2133-cb59-0396-6fa9d7604b1b","size":0,"backupType":"Manual","provisioningState":"Creating","failureReason":"None","volumeName":"sdk-py-tests-vol-1","useExistingSnapshot":false}}'
    headers:
      cache-control:
      - no-cache
      content-length:
      - '690'
      content-type:
      - application/json; charset=utf-8
      date:
      - Fri, 24 Sep 2021 14:55:09 GMT
      expires:
      - '-1'
      pragma:
      - no-cache
      server:
      - Microsoft-IIS/10.0
      strict-transport-security:
      - max-age=31536000; includeSubDomains
      transfer-encoding:
      - chunked
      vary:
      - Accept-Encoding
      x-content-type-options:
      - nosniff
      x-powered-by:
      - ASP.NET
    status:
      code: 200
      message: OK
- request:
    body: null
    headers:
      Accept:
      - application/json
      Accept-Encoding:
      - gzip, deflate
      Connection:
      - keep-alive
      User-Agent:
      - azsdk-python-mgmt-netapp/1.0.0b1 Python/3.8.10 (macOS-11.6-x86_64-i386-64bit)
    method: GET
    uri: https://management.azure.com/subscriptions/00000000-0000-0000-0000-000000000000/resourceGroups/sdk-python-tests-rg/providers/Microsoft.NetApp/netAppAccounts/sdk-py-tests-acc-1/capacityPools/sdk-py-tests-pool-1/volumes/sdk-py-tests-vol-1/backups/sdk-py-tests-backup-1?api-version=2021-06-01
  response:
    body:
      string: '{"id":"/subscriptions/00000000-0000-0000-0000-000000000000/resourceGroups/sdk-python-tests-rg/providers/Microsoft.NetApp/netAppAccounts/sdk-py-tests-acc-1/capacityPools/sdk-py-tests-pool-1/volumes/sdk-py-tests-vol-1/backups/sdk-py-tests-backup-1","name":"sdk-py-tests-acc-1/sdk-py-tests-pool-1/sdk-py-tests-vol-1/sdk-py-tests-backup-1","type":"Microsoft.NetApp/netAppAccounts/capacityPools/volumes/backups","location":"southcentralusstage","properties":{"creationDate":"2021-09-24T14:53:58Z","backupId":"b46e2980-2133-cb59-0396-6fa9d7604b1b","size":0,"backupType":"Manual","provisioningState":"Creating","failureReason":"None","volumeName":"sdk-py-tests-vol-1","useExistingSnapshot":false}}'
    headers:
      cache-control:
      - no-cache
      content-length:
      - '690'
      content-type:
      - application/json; charset=utf-8
      date:
      - Fri, 24 Sep 2021 14:55:19 GMT
      expires:
      - '-1'
      pragma:
      - no-cache
      server:
      - Microsoft-IIS/10.0
      strict-transport-security:
      - max-age=31536000; includeSubDomains
      transfer-encoding:
      - chunked
      vary:
      - Accept-Encoding
      x-content-type-options:
      - nosniff
      x-powered-by:
      - ASP.NET
    status:
      code: 200
      message: OK
- request:
    body: null
    headers:
      Accept:
      - application/json
      Accept-Encoding:
      - gzip, deflate
      Connection:
      - keep-alive
      User-Agent:
      - azsdk-python-mgmt-netapp/1.0.0b1 Python/3.8.10 (macOS-11.6-x86_64-i386-64bit)
    method: GET
    uri: https://management.azure.com/subscriptions/00000000-0000-0000-0000-000000000000/resourceGroups/sdk-python-tests-rg/providers/Microsoft.NetApp/netAppAccounts/sdk-py-tests-acc-1/capacityPools/sdk-py-tests-pool-1/volumes/sdk-py-tests-vol-1/backups/sdk-py-tests-backup-1?api-version=2021-06-01
  response:
    body:
      string: '{"id":"/subscriptions/00000000-0000-0000-0000-000000000000/resourceGroups/sdk-python-tests-rg/providers/Microsoft.NetApp/netAppAccounts/sdk-py-tests-acc-1/capacityPools/sdk-py-tests-pool-1/volumes/sdk-py-tests-vol-1/backups/sdk-py-tests-backup-1","name":"sdk-py-tests-acc-1/sdk-py-tests-pool-1/sdk-py-tests-vol-1/sdk-py-tests-backup-1","type":"Microsoft.NetApp/netAppAccounts/capacityPools/volumes/backups","location":"southcentralusstage","properties":{"creationDate":"2021-09-24T14:53:58Z","backupId":"b46e2980-2133-cb59-0396-6fa9d7604b1b","size":0,"backupType":"Manual","provisioningState":"Creating","failureReason":"None","volumeName":"sdk-py-tests-vol-1","useExistingSnapshot":false}}'
    headers:
      cache-control:
      - no-cache
      content-length:
      - '690'
      content-type:
      - application/json; charset=utf-8
      date:
      - Fri, 24 Sep 2021 14:55:30 GMT
      expires:
      - '-1'
      pragma:
      - no-cache
      server:
      - Microsoft-IIS/10.0
      strict-transport-security:
      - max-age=31536000; includeSubDomains
      transfer-encoding:
      - chunked
      vary:
      - Accept-Encoding
      x-content-type-options:
      - nosniff
      x-powered-by:
      - ASP.NET
    status:
      code: 200
      message: OK
- request:
    body: null
    headers:
      Accept:
      - application/json
      Accept-Encoding:
      - gzip, deflate
      Connection:
      - keep-alive
      User-Agent:
      - azsdk-python-mgmt-netapp/1.0.0b1 Python/3.8.10 (macOS-11.6-x86_64-i386-64bit)
    method: GET
    uri: https://management.azure.com/subscriptions/00000000-0000-0000-0000-000000000000/resourceGroups/sdk-python-tests-rg/providers/Microsoft.NetApp/netAppAccounts/sdk-py-tests-acc-1/capacityPools/sdk-py-tests-pool-1/volumes/sdk-py-tests-vol-1/backups/sdk-py-tests-backup-1?api-version=2021-06-01
  response:
    body:
      string: '{"id":"/subscriptions/00000000-0000-0000-0000-000000000000/resourceGroups/sdk-python-tests-rg/providers/Microsoft.NetApp/netAppAccounts/sdk-py-tests-acc-1/capacityPools/sdk-py-tests-pool-1/volumes/sdk-py-tests-vol-1/backups/sdk-py-tests-backup-1","name":"sdk-py-tests-acc-1/sdk-py-tests-pool-1/sdk-py-tests-vol-1/sdk-py-tests-backup-1","type":"Microsoft.NetApp/netAppAccounts/capacityPools/volumes/backups","location":"southcentralusstage","properties":{"creationDate":"2021-09-24T14:53:58Z","backupId":"b46e2980-2133-cb59-0396-6fa9d7604b1b","size":0,"backupType":"Manual","provisioningState":"Creating","failureReason":"None","volumeName":"sdk-py-tests-vol-1","useExistingSnapshot":false}}'
    headers:
      cache-control:
      - no-cache
      content-length:
      - '690'
      content-type:
      - application/json; charset=utf-8
      date:
      - Fri, 24 Sep 2021 14:55:40 GMT
      expires:
      - '-1'
      pragma:
      - no-cache
      server:
      - Microsoft-IIS/10.0
      strict-transport-security:
      - max-age=31536000; includeSubDomains
      transfer-encoding:
      - chunked
      vary:
      - Accept-Encoding
      x-content-type-options:
      - nosniff
      x-powered-by:
      - ASP.NET
    status:
      code: 200
      message: OK
- request:
    body: null
    headers:
      Accept:
      - application/json
      Accept-Encoding:
      - gzip, deflate
      Connection:
      - keep-alive
      User-Agent:
      - azsdk-python-mgmt-netapp/1.0.0b1 Python/3.8.10 (macOS-11.6-x86_64-i386-64bit)
    method: GET
    uri: https://management.azure.com/subscriptions/00000000-0000-0000-0000-000000000000/resourceGroups/sdk-python-tests-rg/providers/Microsoft.NetApp/netAppAccounts/sdk-py-tests-acc-1/capacityPools/sdk-py-tests-pool-1/volumes/sdk-py-tests-vol-1/backups/sdk-py-tests-backup-1?api-version=2021-06-01
  response:
    body:
      string: '{"id":"/subscriptions/00000000-0000-0000-0000-000000000000/resourceGroups/sdk-python-tests-rg/providers/Microsoft.NetApp/netAppAccounts/sdk-py-tests-acc-1/capacityPools/sdk-py-tests-pool-1/volumes/sdk-py-tests-vol-1/backups/sdk-py-tests-backup-1","name":"sdk-py-tests-acc-1/sdk-py-tests-pool-1/sdk-py-tests-vol-1/sdk-py-tests-backup-1","type":"Microsoft.NetApp/netAppAccounts/capacityPools/volumes/backups","location":"southcentralusstage","properties":{"creationDate":"2021-09-24T14:53:58Z","backupId":"b46e2980-2133-cb59-0396-6fa9d7604b1b","size":0,"backupType":"Manual","provisioningState":"Creating","failureReason":"None","volumeName":"sdk-py-tests-vol-1","useExistingSnapshot":false}}'
    headers:
      cache-control:
      - no-cache
      content-length:
      - '690'
      content-type:
      - application/json; charset=utf-8
      date:
      - Fri, 24 Sep 2021 14:55:50 GMT
      expires:
      - '-1'
      pragma:
      - no-cache
      server:
      - Microsoft-IIS/10.0
      strict-transport-security:
      - max-age=31536000; includeSubDomains
      transfer-encoding:
      - chunked
      vary:
      - Accept-Encoding
      x-content-type-options:
      - nosniff
      x-powered-by:
      - ASP.NET
    status:
      code: 200
      message: OK
- request:
    body: null
    headers:
      Accept:
      - application/json
      Accept-Encoding:
      - gzip, deflate
      Connection:
      - keep-alive
      User-Agent:
      - azsdk-python-mgmt-netapp/1.0.0b1 Python/3.8.10 (macOS-11.6-x86_64-i386-64bit)
    method: GET
    uri: https://management.azure.com/subscriptions/00000000-0000-0000-0000-000000000000/resourceGroups/sdk-python-tests-rg/providers/Microsoft.NetApp/netAppAccounts/sdk-py-tests-acc-1/capacityPools/sdk-py-tests-pool-1/volumes/sdk-py-tests-vol-1/backups/sdk-py-tests-backup-1?api-version=2021-06-01
  response:
    body:
      string: '{"id":"/subscriptions/00000000-0000-0000-0000-000000000000/resourceGroups/sdk-python-tests-rg/providers/Microsoft.NetApp/netAppAccounts/sdk-py-tests-acc-1/capacityPools/sdk-py-tests-pool-1/volumes/sdk-py-tests-vol-1/backups/sdk-py-tests-backup-1","name":"sdk-py-tests-acc-1/sdk-py-tests-pool-1/sdk-py-tests-vol-1/sdk-py-tests-backup-1","type":"Microsoft.NetApp/netAppAccounts/capacityPools/volumes/backups","location":"southcentralusstage","properties":{"creationDate":"2021-09-24T14:53:58Z","backupId":"b46e2980-2133-cb59-0396-6fa9d7604b1b","size":0,"backupType":"Manual","provisioningState":"Creating","failureReason":"None","volumeName":"sdk-py-tests-vol-1","useExistingSnapshot":false}}'
    headers:
      cache-control:
      - no-cache
      content-length:
      - '690'
      content-type:
      - application/json; charset=utf-8
      date:
      - Fri, 24 Sep 2021 14:56:01 GMT
      expires:
      - '-1'
      pragma:
      - no-cache
      server:
      - Microsoft-IIS/10.0
      strict-transport-security:
      - max-age=31536000; includeSubDomains
      transfer-encoding:
      - chunked
      vary:
      - Accept-Encoding
      x-content-type-options:
      - nosniff
      x-powered-by:
      - ASP.NET
    status:
      code: 200
      message: OK
- request:
    body: null
    headers:
      Accept:
      - application/json
      Accept-Encoding:
      - gzip, deflate
      Connection:
      - keep-alive
      User-Agent:
      - azsdk-python-mgmt-netapp/1.0.0b1 Python/3.8.10 (macOS-11.6-x86_64-i386-64bit)
    method: GET
    uri: https://management.azure.com/subscriptions/00000000-0000-0000-0000-000000000000/resourceGroups/sdk-python-tests-rg/providers/Microsoft.NetApp/netAppAccounts/sdk-py-tests-acc-1/capacityPools/sdk-py-tests-pool-1/volumes/sdk-py-tests-vol-1/backups/sdk-py-tests-backup-1?api-version=2021-06-01
  response:
    body:
      string: '{"id":"/subscriptions/00000000-0000-0000-0000-000000000000/resourceGroups/sdk-python-tests-rg/providers/Microsoft.NetApp/netAppAccounts/sdk-py-tests-acc-1/capacityPools/sdk-py-tests-pool-1/volumes/sdk-py-tests-vol-1/backups/sdk-py-tests-backup-1","name":"sdk-py-tests-acc-1/sdk-py-tests-pool-1/sdk-py-tests-vol-1/sdk-py-tests-backup-1","type":"Microsoft.NetApp/netAppAccounts/capacityPools/volumes/backups","location":"southcentralusstage","properties":{"creationDate":"2021-09-24T14:54:02Z","backupId":"b46e2980-2133-cb59-0396-6fa9d7604b1b","size":331776,"backupType":"Manual","provisioningState":"Succeeded","failureReason":"None","volumeName":"sdk-py-tests-vol-1","useExistingSnapshot":false}}'
    headers:
      cache-control:
      - no-cache
      content-length:
      - '696'
      content-type:
      - application/json; charset=utf-8
      date:
      - Fri, 24 Sep 2021 14:56:11 GMT
      expires:
      - '-1'
      pragma:
      - no-cache
      server:
      - Microsoft-IIS/10.0
      strict-transport-security:
      - max-age=31536000; includeSubDomains
      transfer-encoding:
      - chunked
      vary:
      - Accept-Encoding
      x-content-type-options:
      - nosniff
      x-powered-by:
      - ASP.NET
    status:
      code: 200
      message: OK
- request:
    body: null
    headers:
      Accept:
      - application/json
      Accept-Encoding:
      - gzip, deflate
      Connection:
      - keep-alive
      User-Agent:
      - azsdk-python-mgmt-netapp/1.0.0b1 Python/3.8.10 (macOS-11.6-x86_64-i386-64bit)
    method: GET
    uri: https://management.azure.com/subscriptions/00000000-0000-0000-0000-000000000000/resourceGroups/sdk-python-tests-rg/providers/Microsoft.NetApp/netAppAccounts/sdk-py-tests-acc-1/accountBackups?api-version=2021-06-01
  response:
    body:
      string: '{"value":[{"id":"/subscriptions/00000000-0000-0000-0000-000000000000/resourceGroups/sdk-python-tests-rg/providers/Microsoft.NetApp/netAppAccounts/sdk-py-tests-acc-1/accountBackups/ps266","name":"sdk-py-tests-acc-1/ps266","type":"Microsoft.NetApp/netAppAccounts/accountBackups","location":"southcentralusstage","properties":{"fileSystemId":"e3c3771d-4596-1c77-a785-5fc8ad501129","creationDate":"2021-07-13T16:11:20Z","backupId":"750af0a8-7223-5c69-2e7a-00a629bb92a9","size":0,"backupType":"Manual","label":"powershellBackupTest2","provisioningState":"Failed","failureReason":"Error
        when creating - Could not spawn additional jobs for volume backup. Please
        wait for the ongoing jobs to finish and try again.","volumeName":"ps7841","useExistingSnapshot":false}},{"id":"/subscriptions/00000000-0000-0000-0000-000000000000/resourceGroups/sdk-python-tests-rg/providers/Microsoft.NetApp/netAppAccounts/sdk-py-tests-acc-1/accountBackups/ps4177","name":"sdk-py-tests-acc-1/ps4177","type":"Microsoft.NetApp/netAppAccounts/accountBackups","location":"southcentralusstage","properties":{"fileSystemId":"e3c3771d-4596-1c77-a785-5fc8ad501129","creationDate":"2021-07-13T16:11:06Z","backupId":"2067f25e-8196-a565-1925-dad7bc499fcd","size":331776,"backupType":"Manual","provisioningState":"Succeeded","failureReason":"None","volumeName":"ps7841","useExistingSnapshot":false}},{"id":"/subscriptions/00000000-0000-0000-0000-000000000000/resourceGroups/sdk-python-tests-rg/providers/Microsoft.NetApp/netAppAccounts/sdk-py-tests-acc-1/accountBackups/ps2088","name":"sdk-py-tests-acc-1/ps2088","type":"Microsoft.NetApp/netAppAccounts/accountBackups","location":"southcentralusstage","properties":{"fileSystemId":"87d8dedc-db59-f167-0f9d-c5d037a37437","creationDate":"2021-07-13T16:38:44Z","backupId":"6a4f0ab3-dd7a-f7fa-363a-9f2cbaecb70d","size":331776,"backupType":"Manual","provisioningState":"Succeeded","failureReason":"None","volumeName":"ps5378","useExistingSnapshot":false}},{"id":"/subscriptions/00000000-0000-0000-0000-000000000000/resourceGroups/sdk-python-tests-rg/providers/Microsoft.NetApp/netAppAccounts/sdk-py-tests-acc-1/accountBackups/cli-backup-uzmz4lrcygk7i","name":"sdk-py-tests-acc-1/cli-backup-uzmz4lrcygk7i","type":"Microsoft.NetApp/netAppAccounts/accountBackups","location":"southcentralusstage","properties":{"fileSystemId":"a23456fd-18ed-747f-1252-faf4f279a9e7","creationDate":"2021-09-02T08:23:46Z","backupId":"a8940d64-0120-976e-03f7-58facea67a65","size":331776,"backupType":"Manual","provisioningState":"Succeeded","failureReason":"None","volumeName":"cli-vol-4x3scquh6so3aslw","useExistingSnapshot":false}},{"id":"/subscriptions/00000000-0000-0000-0000-000000000000/resourceGroups/sdk-python-tests-rg/providers/Microsoft.NetApp/netAppAccounts/sdk-py-tests-acc-1/accountBackups/sdk-py-tests-backup-1","name":"sdk-py-tests-acc-1/sdk-py-tests-backup-1","type":"Microsoft.NetApp/netAppAccounts/accountBackups","location":"southcentralusstage","properties":{"fileSystemId":"92a6d4d0-1ea5-69fd-b4ec-18693f84a642","creationDate":"2021-09-24T14:54:02Z","backupId":"b46e2980-2133-cb59-0396-6fa9d7604b1b","size":331776,"backupType":"Manual","provisioningState":"Succeeded","failureReason":"None","volumeName":"sdk-py-tests-vol-1","useExistingSnapshot":false}}]}'
    headers:
      cache-control:
      - no-cache
      content-length:
      - '3260'
      content-type:
      - application/json; charset=utf-8
      date:
      - Fri, 24 Sep 2021 14:56:11 GMT
      expires:
      - '-1'
      pragma:
      - no-cache
      server:
      - Microsoft-IIS/10.0
      strict-transport-security:
      - max-age=31536000; includeSubDomains
      transfer-encoding:
      - chunked
      vary:
      - Accept-Encoding
      x-content-type-options:
      - nosniff
      x-powered-by:
      - ASP.NET
    status:
      code: 200
      message: OK
- request:
    body: null
    headers:
      Accept:
      - '*/*'
      Accept-Encoding:
      - gzip, deflate
      Connection:
      - keep-alive
      Content-Length:
      - '0'
      User-Agent:
      - azsdk-python-mgmt-netapp/1.0.0b1 Python/3.8.10 (macOS-11.6-x86_64-i386-64bit)
    method: DELETE
    uri: https://management.azure.com/subscriptions/00000000-0000-0000-0000-000000000000/resourceGroups/sdk-python-tests-rg/providers/Microsoft.NetApp/netAppAccounts/sdk-py-tests-acc-1/capacityPools/sdk-py-tests-pool-1/volumes/sdk-py-tests-vol-1?api-version=2021-06-01
  response:
    body:
      string: ''
    headers:
      azure-asyncoperation:
      - https://management.azure.com/subscriptions/00000000-0000-0000-0000-000000000000/providers/Microsoft.NetApp/locations/southcentralusstage/operationResults/e1cd433c-f377-4f30-90c2-a30fad3a2167?api-version=2021-06-01
      cache-control:
      - no-cache
      content-length:
      - '0'
      date:
      - Fri, 24 Sep 2021 14:56:12 GMT
      expires:
      - '-1'
      location:
      - https://management.azure.com/subscriptions/00000000-0000-0000-0000-000000000000/providers/Microsoft.NetApp/locations/southcentralusstage/operationResults/e1cd433c-f377-4f30-90c2-a30fad3a2167?api-version=2021-06-01&operationResultResponseType=Location
      pragma:
      - no-cache
      server:
      - Microsoft-IIS/10.0
      strict-transport-security:
      - max-age=31536000; includeSubDomains
      x-content-type-options:
      - nosniff
      x-ms-ratelimit-remaining-subscription-deletes:
      - '14999'
      x-powered-by:
      - ASP.NET
    status:
      code: 202
      message: Accepted
- request:
    body: null
    headers:
      Accept:
      - '*/*'
      Accept-Encoding:
      - gzip, deflate
      Connection:
      - keep-alive
      User-Agent:
      - azsdk-python-mgmt-netapp/1.0.0b1 Python/3.8.10 (macOS-11.6-x86_64-i386-64bit)
    method: GET
    uri: https://management.azure.com/subscriptions/00000000-0000-0000-0000-000000000000/providers/Microsoft.NetApp/locations/southcentralusstage/operationResults/e1cd433c-f377-4f30-90c2-a30fad3a2167?api-version=2021-06-01
  response:
    body:
      string: '{"id":"/subscriptions/00000000-0000-0000-0000-000000000000/providers/Microsoft.NetApp/locations/southcentralusstage/operationResults/e1cd433c-f377-4f30-90c2-a30fad3a2167","name":"e1cd433c-f377-4f30-90c2-a30fad3a2167","status":"Deleting","startTime":"2021-09-24T14:56:13.1907047Z","endTime":"0001-01-01T00:00:00Z","percentComplete":0.0,"properties":{"resourceName":"/subscriptions/00000000-0000-0000-0000-000000000000/resourceGroups/sdk-python-tests-rg/providers/Microsoft.NetApp/netAppAccounts/sdk-py-tests-acc-1/capacityPools/sdk-py-tests-pool-1/volumes/sdk-py-tests-vol-1"}}'
    headers:
      cache-control:
      - no-cache
      content-length:
      - '576'
      content-type:
      - application/json; charset=utf-8
      date:
      - Fri, 24 Sep 2021 14:56:42 GMT
      expires:
      - '-1'
      pragma:
      - no-cache
      server:
      - Microsoft-IIS/10.0
      strict-transport-security:
      - max-age=31536000; includeSubDomains
      transfer-encoding:
      - chunked
      vary:
      - Accept-Encoding
      x-content-type-options:
      - nosniff
      x-powered-by:
      - ASP.NET
    status:
      code: 200
      message: OK
- request:
    body: null
    headers:
      Accept:
      - '*/*'
      Accept-Encoding:
      - gzip, deflate
      Connection:
      - keep-alive
      User-Agent:
      - azsdk-python-mgmt-netapp/1.0.0b1 Python/3.8.10 (macOS-11.6-x86_64-i386-64bit)
    method: GET
    uri: https://management.azure.com/subscriptions/00000000-0000-0000-0000-000000000000/providers/Microsoft.NetApp/locations/southcentralusstage/operationResults/e1cd433c-f377-4f30-90c2-a30fad3a2167?api-version=2021-06-01
  response:
    body:
      string: '{"id":"/subscriptions/00000000-0000-0000-0000-000000000000/providers/Microsoft.NetApp/locations/southcentralusstage/operationResults/e1cd433c-f377-4f30-90c2-a30fad3a2167","name":"e1cd433c-f377-4f30-90c2-a30fad3a2167","status":"Deleting","startTime":"2021-09-24T14:56:13.1907047Z","endTime":"0001-01-01T00:00:00Z","percentComplete":0.0,"properties":{"resourceName":"/subscriptions/00000000-0000-0000-0000-000000000000/resourceGroups/sdk-python-tests-rg/providers/Microsoft.NetApp/netAppAccounts/sdk-py-tests-acc-1/capacityPools/sdk-py-tests-pool-1/volumes/sdk-py-tests-vol-1"}}'
    headers:
      cache-control:
      - no-cache
      content-length:
      - '576'
      content-type:
      - application/json; charset=utf-8
      date:
      - Fri, 24 Sep 2021 14:57:13 GMT
      expires:
      - '-1'
      pragma:
      - no-cache
      server:
      - Microsoft-IIS/10.0
      strict-transport-security:
      - max-age=31536000; includeSubDomains
      transfer-encoding:
      - chunked
      vary:
      - Accept-Encoding
      x-content-type-options:
      - nosniff
      x-powered-by:
      - ASP.NET
    status:
      code: 200
      message: OK
- request:
    body: null
    headers:
      Accept:
      - '*/*'
      Accept-Encoding:
      - gzip, deflate
      Connection:
      - keep-alive
      User-Agent:
      - azsdk-python-mgmt-netapp/1.0.0b1 Python/3.8.10 (macOS-11.6-x86_64-i386-64bit)
    method: GET
    uri: https://management.azure.com/subscriptions/00000000-0000-0000-0000-000000000000/providers/Microsoft.NetApp/locations/southcentralusstage/operationResults/e1cd433c-f377-4f30-90c2-a30fad3a2167?api-version=2021-06-01
  response:
    body:
      string: '{"id":"/subscriptions/00000000-0000-0000-0000-000000000000/providers/Microsoft.NetApp/locations/southcentralusstage/operationResults/e1cd433c-f377-4f30-90c2-a30fad3a2167","name":"e1cd433c-f377-4f30-90c2-a30fad3a2167","status":"Succeeded","startTime":"2021-09-24T14:56:13.1907047Z","endTime":"2021-09-24T14:57:17.119977Z","percentComplete":100.0,"properties":{"resourceName":"/subscriptions/00000000-0000-0000-0000-000000000000/resourceGroups/sdk-python-tests-rg/providers/Microsoft.NetApp/netAppAccounts/sdk-py-tests-acc-1/capacityPools/sdk-py-tests-pool-1/volumes/sdk-py-tests-vol-1"}}'
    headers:
      cache-control:
      - no-cache
      content-length:
      - '586'
      content-type:
      - application/json; charset=utf-8
      date:
      - Fri, 24 Sep 2021 14:57:44 GMT
      expires:
      - '-1'
      pragma:
      - no-cache
      server:
      - Microsoft-IIS/10.0
      strict-transport-security:
      - max-age=31536000; includeSubDomains
      transfer-encoding:
      - chunked
      vary:
      - Accept-Encoding
      x-content-type-options:
      - nosniff
      x-powered-by:
      - ASP.NET
    status:
      code: 200
      message: OK
- request:
    body: null
    headers:
      Accept:
      - application/json
      Accept-Encoding:
      - gzip, deflate
      Connection:
      - keep-alive
      User-Agent:
      - azsdk-python-mgmt-netapp/1.0.0b1 Python/3.8.10 (macOS-11.6-x86_64-i386-64bit)
    method: GET
    uri: https://management.azure.com/subscriptions/00000000-0000-0000-0000-000000000000/resourceGroups/sdk-python-tests-rg/providers/Microsoft.NetApp/netAppAccounts/sdk-py-tests-acc-1/capacityPools/sdk-py-tests-pool-1/volumes/sdk-py-tests-vol-1?api-version=2021-06-01
  response:
    body:
      string: '{"error":{"code":"ResourceNotFound","message":"The Resource ''Microsoft.NetApp/netAppAccounts/sdk-py-tests-acc-1/capacityPools/sdk-py-tests-pool-1/volumes/sdk-py-tests-vol-1''
        under resource group ''sdk-python-tests-rg'' was not found. For more details
        please go to https://aka.ms/ARMResourceNotFoundFix"}}'
    headers:
      cache-control:
      - no-cache
      content-length:
      - '302'
      content-type:
      - application/json; charset=utf-8
      date:
      - Fri, 24 Sep 2021 15:01:05 GMT
      expires:
      - '-1'
      pragma:
      - no-cache
      strict-transport-security:
      - max-age=31536000; includeSubDomains
      x-content-type-options:
      - nosniff
      x-ms-failure-cause:
      - gateway
    status:
      code: 404
      message: Not Found
- request:
    body: null
    headers:
      Accept:
      - '*/*'
      Accept-Encoding:
      - gzip, deflate
      Connection:
      - keep-alive
      Content-Length:
      - '0'
      User-Agent:
      - azsdk-python-mgmt-netapp/1.0.0b1 Python/3.8.10 (macOS-11.6-x86_64-i386-64bit)
    method: DELETE
    uri: https://management.azure.com/subscriptions/00000000-0000-0000-0000-000000000000/resourceGroups/sdk-python-tests-rg/providers/Microsoft.NetApp/netAppAccounts/sdk-py-tests-acc-1/accountBackups/sdk-py-tests-backup-1?api-version=2021-06-01
  response:
    body:
      string: ''
    headers:
      azure-asyncoperation:
      - https://management.azure.com/subscriptions/00000000-0000-0000-0000-000000000000/providers/Microsoft.NetApp/locations/southcentralusstage/operationResults/6a1bc22a-00cf-403b-a68b-7248ffc7f073?api-version=2021-06-01
      cache-control:
      - no-cache
      content-length:
      - '0'
      date:
      - Fri, 24 Sep 2021 15:01:06 GMT
      expires:
      - '-1'
      location:
      - https://management.azure.com/subscriptions/00000000-0000-0000-0000-000000000000/providers/Microsoft.NetApp/locations/southcentralusstage/operationResults/6a1bc22a-00cf-403b-a68b-7248ffc7f073?api-version=2021-06-01&operationResultResponseType=Location
      pragma:
      - no-cache
      server:
      - Microsoft-IIS/10.0
      strict-transport-security:
      - max-age=31536000; includeSubDomains
      x-content-type-options:
      - nosniff
      x-ms-ratelimit-remaining-subscription-deletes:
      - '14999'
      x-powered-by:
      - ASP.NET
    status:
      code: 202
      message: Accepted
- request:
    body: null
    headers:
      Accept:
      - '*/*'
      Accept-Encoding:
      - gzip, deflate
      Connection:
      - keep-alive
      User-Agent:
      - azsdk-python-mgmt-netapp/1.0.0b1 Python/3.8.10 (macOS-11.6-x86_64-i386-64bit)
    method: GET
    uri: https://management.azure.com/subscriptions/00000000-0000-0000-0000-000000000000/providers/Microsoft.NetApp/locations/southcentralusstage/operationResults/6a1bc22a-00cf-403b-a68b-7248ffc7f073?api-version=2021-06-01
  response:
    body:
      string: '{"id":"/subscriptions/00000000-0000-0000-0000-000000000000/providers/Microsoft.NetApp/locations/southcentralusstage/operationResults/6a1bc22a-00cf-403b-a68b-7248ffc7f073","name":"6a1bc22a-00cf-403b-a68b-7248ffc7f073","status":"Deleting","startTime":"2021-09-24T15:01:06.6782013Z","endTime":"0001-01-01T00:00:00Z","percentComplete":0.0,"properties":{"resourceName":"/subscriptions/00000000-0000-0000-0000-000000000000/resourceGroups/sdk-python-tests-rg/providers/Microsoft.NetApp/netAppAccounts/sdk-py-tests-acc-1/accountBackups/sdk-py-tests-backup-1"}}'
    headers:
      cache-control:
      - no-cache
      content-length:
      - '552'
      content-type:
      - application/json; charset=utf-8
      date:
      - Fri, 24 Sep 2021 15:01:36 GMT
      expires:
      - '-1'
      pragma:
      - no-cache
      server:
      - Microsoft-IIS/10.0
      strict-transport-security:
      - max-age=31536000; includeSubDomains
      transfer-encoding:
      - chunked
      vary:
      - Accept-Encoding
      x-content-type-options:
      - nosniff
      x-powered-by:
      - ASP.NET
    status:
      code: 200
      message: OK
- request:
    body: null
    headers:
      Accept:
      - '*/*'
      Accept-Encoding:
      - gzip, deflate
      Connection:
      - keep-alive
      User-Agent:
      - azsdk-python-mgmt-netapp/1.0.0b1 Python/3.8.10 (macOS-11.6-x86_64-i386-64bit)
    method: GET
    uri: https://management.azure.com/subscriptions/00000000-0000-0000-0000-000000000000/providers/Microsoft.NetApp/locations/southcentralusstage/operationResults/6a1bc22a-00cf-403b-a68b-7248ffc7f073?api-version=2021-06-01
  response:
    body:
      string: '{"id":"/subscriptions/00000000-0000-0000-0000-000000000000/providers/Microsoft.NetApp/locations/southcentralusstage/operationResults/6a1bc22a-00cf-403b-a68b-7248ffc7f073","name":"6a1bc22a-00cf-403b-a68b-7248ffc7f073","status":"Deleting","startTime":"2021-09-24T15:01:06.6782013Z","endTime":"0001-01-01T00:00:00Z","percentComplete":0.0,"properties":{"resourceName":"/subscriptions/00000000-0000-0000-0000-000000000000/resourceGroups/sdk-python-tests-rg/providers/Microsoft.NetApp/netAppAccounts/sdk-py-tests-acc-1/accountBackups/sdk-py-tests-backup-1"}}'
    headers:
      cache-control:
      - no-cache
      content-length:
      - '552'
      content-type:
      - application/json; charset=utf-8
      date:
      - Fri, 24 Sep 2021 15:02:06 GMT
      expires:
      - '-1'
      pragma:
      - no-cache
      server:
      - Microsoft-IIS/10.0
      strict-transport-security:
      - max-age=31536000; includeSubDomains
      transfer-encoding:
      - chunked
      vary:
      - Accept-Encoding
      x-content-type-options:
      - nosniff
      x-powered-by:
      - ASP.NET
    status:
      code: 200
      message: OK
- request:
    body: null
    headers:
      Accept:
      - '*/*'
      Accept-Encoding:
      - gzip, deflate
      Connection:
      - keep-alive
      User-Agent:
      - azsdk-python-mgmt-netapp/1.0.0b1 Python/3.8.10 (macOS-11.6-x86_64-i386-64bit)
    method: GET
    uri: https://management.azure.com/subscriptions/00000000-0000-0000-0000-000000000000/providers/Microsoft.NetApp/locations/southcentralusstage/operationResults/6a1bc22a-00cf-403b-a68b-7248ffc7f073?api-version=2021-06-01
  response:
    body:
      string: '{"id":"/subscriptions/00000000-0000-0000-0000-000000000000/providers/Microsoft.NetApp/locations/southcentralusstage/operationResults/6a1bc22a-00cf-403b-a68b-7248ffc7f073","name":"6a1bc22a-00cf-403b-a68b-7248ffc7f073","status":"Succeeded","startTime":"2021-09-24T15:01:06.6782013Z","endTime":"2021-09-24T15:02:13.4779155Z","percentComplete":100.0,"properties":{"resourceName":"/subscriptions/00000000-0000-0000-0000-000000000000/resourceGroups/sdk-python-tests-rg/providers/Microsoft.NetApp/netAppAccounts/sdk-py-tests-acc-1/accountBackups/sdk-py-tests-backup-1"}}'
    headers:
      cache-control:
      - no-cache
      content-length:
      - '563'
      content-type:
      - application/json; charset=utf-8
      date:
      - Fri, 24 Sep 2021 15:02:37 GMT
      expires:
      - '-1'
      pragma:
      - no-cache
      server:
      - Microsoft-IIS/10.0
      strict-transport-security:
      - max-age=31536000; includeSubDomains
      transfer-encoding:
      - chunked
      vary:
      - Accept-Encoding
      x-content-type-options:
      - nosniff
      x-powered-by:
      - ASP.NET
    status:
      code: 200
      message: OK
- request:
    body: null
    headers:
      Accept:
      - application/json
      Accept-Encoding:
      - gzip, deflate
      Connection:
      - keep-alive
      User-Agent:
      - azsdk-python-mgmt-netapp/1.0.0b1 Python/3.8.10 (macOS-11.6-x86_64-i386-64bit)
    method: GET
    uri: https://management.azure.com/subscriptions/00000000-0000-0000-0000-000000000000/resourceGroups/sdk-python-tests-rg/providers/Microsoft.NetApp/netAppAccounts/sdk-py-tests-acc-1/accountBackups?api-version=2021-06-01
  response:
    body:
      string: '{"value":[{"id":"/subscriptions/00000000-0000-0000-0000-000000000000/resourceGroups/sdk-python-tests-rg/providers/Microsoft.NetApp/netAppAccounts/sdk-py-tests-acc-1/accountBackups/ps266","name":"sdk-py-tests-acc-1/ps266","type":"Microsoft.NetApp/netAppAccounts/accountBackups","location":"southcentralusstage","properties":{"fileSystemId":"e3c3771d-4596-1c77-a785-5fc8ad501129","creationDate":"2021-07-13T16:11:20Z","backupId":"750af0a8-7223-5c69-2e7a-00a629bb92a9","size":0,"backupType":"Manual","label":"powershellBackupTest2","provisioningState":"Failed","failureReason":"Error
        when creating - Could not spawn additional jobs for volume backup. Please
        wait for the ongoing jobs to finish and try again.","volumeName":"ps7841","useExistingSnapshot":false}},{"id":"/subscriptions/00000000-0000-0000-0000-000000000000/resourceGroups/sdk-python-tests-rg/providers/Microsoft.NetApp/netAppAccounts/sdk-py-tests-acc-1/accountBackups/ps4177","name":"sdk-py-tests-acc-1/ps4177","type":"Microsoft.NetApp/netAppAccounts/accountBackups","location":"southcentralusstage","properties":{"fileSystemId":"e3c3771d-4596-1c77-a785-5fc8ad501129","creationDate":"2021-07-13T16:11:06Z","backupId":"2067f25e-8196-a565-1925-dad7bc499fcd","size":331776,"backupType":"Manual","provisioningState":"Succeeded","failureReason":"None","volumeName":"ps7841","useExistingSnapshot":false}},{"id":"/subscriptions/00000000-0000-0000-0000-000000000000/resourceGroups/sdk-python-tests-rg/providers/Microsoft.NetApp/netAppAccounts/sdk-py-tests-acc-1/accountBackups/ps2088","name":"sdk-py-tests-acc-1/ps2088","type":"Microsoft.NetApp/netAppAccounts/accountBackups","location":"southcentralusstage","properties":{"fileSystemId":"87d8dedc-db59-f167-0f9d-c5d037a37437","creationDate":"2021-07-13T16:38:44Z","backupId":"6a4f0ab3-dd7a-f7fa-363a-9f2cbaecb70d","size":331776,"backupType":"Manual","provisioningState":"Succeeded","failureReason":"None","volumeName":"ps5378","useExistingSnapshot":false}},{"id":"/subscriptions/00000000-0000-0000-0000-000000000000/resourceGroups/sdk-python-tests-rg/providers/Microsoft.NetApp/netAppAccounts/sdk-py-tests-acc-1/accountBackups/cli-backup-uzmz4lrcygk7i","name":"sdk-py-tests-acc-1/cli-backup-uzmz4lrcygk7i","type":"Microsoft.NetApp/netAppAccounts/accountBackups","location":"southcentralusstage","properties":{"fileSystemId":"a23456fd-18ed-747f-1252-faf4f279a9e7","creationDate":"2021-09-02T08:23:46Z","backupId":"a8940d64-0120-976e-03f7-58facea67a65","size":331776,"backupType":"Manual","provisioningState":"Succeeded","failureReason":"None","volumeName":"cli-vol-4x3scquh6so3aslw","useExistingSnapshot":false}}]}'
    headers:
      cache-control:
      - no-cache
      content-length:
      - '2617'
      content-type:
      - application/json; charset=utf-8
      date:
      - Fri, 24 Sep 2021 15:02:37 GMT
      expires:
      - '-1'
      pragma:
      - no-cache
      server:
      - Microsoft-IIS/10.0
      strict-transport-security:
      - max-age=31536000; includeSubDomains
      transfer-encoding:
      - chunked
      vary:
      - Accept-Encoding
      x-content-type-options:
      - nosniff
      x-powered-by:
      - ASP.NET
    status:
      code: 200
      message: OK
- request:
    body: null
    headers:
      Accept:
      - '*/*'
      Accept-Encoding:
      - gzip, deflate
      Connection:
      - keep-alive
      Content-Length:
      - '0'
      User-Agent:
      - azsdk-python-mgmt-netapp/1.0.0b1 Python/3.8.10 (macOS-11.6-x86_64-i386-64bit)
    method: DELETE
    uri: https://management.azure.com/subscriptions/00000000-0000-0000-0000-000000000000/resourceGroups/sdk-python-tests-rg/providers/Microsoft.NetApp/netAppAccounts/sdk-py-tests-acc-1/capacityPools/sdk-py-tests-pool-1?api-version=2021-06-01
  response:
    body:
      string: ''
    headers:
      azure-asyncoperation:
      - https://management.azure.com/subscriptions/00000000-0000-0000-0000-000000000000/providers/Microsoft.NetApp/locations/southcentralusstage/operationResults/d70d166a-7789-4872-9086-bc7aa3059f2c?api-version=2021-06-01
      cache-control:
      - no-cache
      content-length:
      - '0'
      date:
      - Fri, 24 Sep 2021 15:02:48 GMT
      expires:
      - '-1'
      location:
      - https://management.azure.com/subscriptions/00000000-0000-0000-0000-000000000000/providers/Microsoft.NetApp/locations/southcentralusstage/operationResults/d70d166a-7789-4872-9086-bc7aa3059f2c?api-version=2021-06-01&operationResultResponseType=Location
      pragma:
      - no-cache
      server:
      - Microsoft-IIS/10.0
      strict-transport-security:
      - max-age=31536000; includeSubDomains
      x-content-type-options:
      - nosniff
      x-ms-ratelimit-remaining-subscription-deletes:
      - '14998'
      x-powered-by:
      - ASP.NET
    status:
      code: 202
      message: Accepted
- request:
    body: null
    headers:
      Accept:
      - '*/*'
      Accept-Encoding:
      - gzip, deflate
      Connection:
      - keep-alive
      User-Agent:
      - azsdk-python-mgmt-netapp/1.0.0b1 Python/3.8.10 (macOS-11.6-x86_64-i386-64bit)
    method: GET
    uri: https://management.azure.com/subscriptions/00000000-0000-0000-0000-000000000000/providers/Microsoft.NetApp/locations/southcentralusstage/operationResults/d70d166a-7789-4872-9086-bc7aa3059f2c?api-version=2021-06-01
  response:
    body:
      string: '{"id":"/subscriptions/00000000-0000-0000-0000-000000000000/providers/Microsoft.NetApp/locations/southcentralusstage/operationResults/d70d166a-7789-4872-9086-bc7aa3059f2c","name":"d70d166a-7789-4872-9086-bc7aa3059f2c","status":"Succeeded","startTime":"2021-09-24T15:02:49.0174362Z","endTime":"2021-09-24T15:02:51.0647002Z","percentComplete":100.0,"properties":{"resourceName":"/subscriptions/00000000-0000-0000-0000-000000000000/resourceGroups/sdk-python-tests-rg/providers/Microsoft.NetApp/netAppAccounts/sdk-py-tests-acc-1/capacityPools/sdk-py-tests-pool-1"}}'
    headers:
      cache-control:
      - no-cache
      content-length:
      - '560'
      content-type:
      - application/json; charset=utf-8
      date:
      - Fri, 24 Sep 2021 15:03:18 GMT
      expires:
      - '-1'
      pragma:
      - no-cache
      server:
      - Microsoft-IIS/10.0
      strict-transport-security:
      - max-age=31536000; includeSubDomains
      transfer-encoding:
      - chunked
      vary:
      - Accept-Encoding
      x-content-type-options:
      - nosniff
      x-powered-by:
      - ASP.NET
    status:
      code: 200
      message: OK
- request:
    body: null
    headers:
      Accept:
      - '*/*'
      Accept-Encoding:
      - gzip, deflate
      Connection:
      - keep-alive
      Content-Length:
      - '0'
      User-Agent:
      - azsdk-python-mgmt-netapp/1.0.0b1 Python/3.8.10 (macOS-11.6-x86_64-i386-64bit)
    method: DELETE
    uri: https://management.azure.com/subscriptions/00000000-0000-0000-0000-000000000000/resourceGroups/sdk-python-tests-rg/providers/Microsoft.NetApp/netAppAccounts/sdk-py-tests-acc-1/capacityPools/sdk-py-tests-pool-1?api-version=2021-06-01
  response:
    body:
      string: ''
    headers:
      cache-control:
      - no-cache
      date:
      - Fri, 24 Sep 2021 15:03:29 GMT
      expires:
      - '-1'
      pragma:
      - no-cache
      strict-transport-security:
      - max-age=31536000; includeSubDomains
      x-content-type-options:
      - nosniff
      x-ms-ratelimit-remaining-subscription-deletes:
      - '14997'
    status:
      code: 204
      message: No Content
- request:
    body: null
    headers:
      Accept:
      - '*/*'
      Accept-Encoding:
      - gzip, deflate
      Connection:
      - keep-alive
      Content-Length:
      - '0'
      User-Agent:
      - azsdk-python-mgmt-netapp/1.0.0b1 Python/3.8.10 (macOS-11.6-x86_64-i386-64bit)
    method: DELETE
    uri: https://management.azure.com/subscriptions/00000000-0000-0000-0000-000000000000/resourceGroups/sdk-python-tests-rg/providers/Microsoft.NetApp/netAppAccounts/sdk-py-tests-acc-1/capacityPools/sdk-py-tests-pool-1?api-version=2021-06-01
  response:
    body:
      string: ''
    headers:
      cache-control:
      - no-cache
      date:
      - Fri, 24 Sep 2021 15:03:39 GMT
      expires:
      - '-1'
      pragma:
      - no-cache
      strict-transport-security:
      - max-age=31536000; includeSubDomains
      x-content-type-options:
      - nosniff
      x-ms-ratelimit-remaining-subscription-deletes:
      - '14996'
    status:
      code: 204
      message: No Content
- request:
    body: null
    headers:
      Accept:
      - '*/*'
      Accept-Encoding:
      - gzip, deflate
      Connection:
      - keep-alive
      Content-Length:
      - '0'
      User-Agent:
      - azsdk-python-mgmt-netapp/1.0.0b1 Python/3.8.10 (macOS-11.6-x86_64-i386-64bit)
    method: DELETE
    uri: https://management.azure.com/subscriptions/00000000-0000-0000-0000-000000000000/resourceGroups/sdk-python-tests-rg/providers/Microsoft.NetApp/netAppAccounts/sdk-py-tests-acc-1/capacityPools/sdk-py-tests-pool-1?api-version=2021-06-01
  response:
    body:
      string: ''
    headers:
      cache-control:
      - no-cache
      date:
      - Fri, 24 Sep 2021 15:03:50 GMT
      expires:
      - '-1'
      pragma:
      - no-cache
      strict-transport-security:
      - max-age=31536000; includeSubDomains
      x-content-type-options:
      - nosniff
      x-ms-ratelimit-remaining-subscription-deletes:
      - '14995'
    status:
      code: 204
      message: No Content
- request:
    body: null
    headers:
      Accept:
      - '*/*'
      Accept-Encoding:
      - gzip, deflate
      Connection:
      - keep-alive
      Content-Length:
      - '0'
      User-Agent:
      - azsdk-python-mgmt-netapp/1.0.0b1 Python/3.8.10 (macOS-11.6-x86_64-i386-64bit)
    method: DELETE
    uri: https://management.azure.com/subscriptions/00000000-0000-0000-0000-000000000000/resourceGroups/sdk-python-tests-rg/providers/Microsoft.NetApp/netAppAccounts/sdk-py-tests-acc-1/capacityPools/sdk-py-tests-pool-1?api-version=2021-06-01
  response:
    body:
      string: ''
    headers:
      cache-control:
      - no-cache
      date:
      - Fri, 24 Sep 2021 15:04:00 GMT
      expires:
      - '-1'
      pragma:
      - no-cache
      strict-transport-security:
      - max-age=31536000; includeSubDomains
      x-content-type-options:
      - nosniff
      x-ms-ratelimit-remaining-subscription-deletes:
      - '14994'
    status:
      code: 204
      message: No Content
- request:
    body: null
    headers:
      Accept:
      - application/json
      Accept-Encoding:
      - gzip, deflate
      Connection:
      - keep-alive
      User-Agent:
      - azsdk-python-mgmt-netapp/1.0.0b1 Python/3.8.10 (macOS-11.6-x86_64-i386-64bit)
    method: GET
    uri: https://management.azure.com/subscriptions/00000000-0000-0000-0000-000000000000/resourceGroups/sdk-python-tests-rg/providers/Microsoft.NetApp/netAppAccounts/sdk-py-tests-acc-1/capacityPools/sdk-py-tests-pool-1?api-version=2021-06-01
  response:
    body:
      string: '{"error":{"code":"ResourceNotFound","message":"The Resource ''Microsoft.NetApp/netAppAccounts/sdk-py-tests-acc-1/capacityPools/sdk-py-tests-pool-1''
        under resource group ''sdk-python-tests-rg'' was not found. For more details
        please go to https://aka.ms/ARMResourceNotFoundFix"}}'
    headers:
      cache-control:
      - no-cache
      content-length:
      - '275'
      content-type:
      - application/json; charset=utf-8
      date:
      - Fri, 24 Sep 2021 15:04:10 GMT
      expires:
      - '-1'
      pragma:
      - no-cache
      strict-transport-security:
      - max-age=31536000; includeSubDomains
      x-content-type-options:
      - nosniff
      x-ms-failure-cause:
      - gateway
    status:
      code: 404
      message: Not Found
- request:
    body: null
    headers:
      Accept:
      - '*/*'
      Accept-Encoding:
      - gzip, deflate
      Connection:
      - keep-alive
      Content-Length:
      - '0'
      User-Agent:
      - azsdk-python-mgmt-netapp/1.0.0b1 Python/3.8.10 (macOS-11.6-x86_64-i386-64bit)
    method: DELETE
    uri: https://management.azure.com/subscriptions/00000000-0000-0000-0000-000000000000/resourceGroups/sdk-python-tests-rg/providers/Microsoft.NetApp/netAppAccounts/sdk-py-tests-acc-1?api-version=2021-06-01
  response:
    body:
      string: ''
    headers:
      azure-asyncoperation:
      - https://management.azure.com/subscriptions/00000000-0000-0000-0000-000000000000/providers/Microsoft.NetApp/locations/southcentralusstage/operationResults/680e94e5-6459-4439-82db-70110b407d78?api-version=2021-06-01
      cache-control:
      - no-cache
      content-length:
      - '0'
      date:
      - Fri, 24 Sep 2021 15:04:12 GMT
      expires:
      - '-1'
      location:
      - https://management.azure.com/subscriptions/00000000-0000-0000-0000-000000000000/providers/Microsoft.NetApp/locations/southcentralusstage/operationResults/680e94e5-6459-4439-82db-70110b407d78?api-version=2021-06-01&operationResultResponseType=Location
      pragma:
      - no-cache
      server:
      - Microsoft-IIS/10.0
      strict-transport-security:
      - max-age=31536000; includeSubDomains
      x-content-type-options:
      - nosniff
      x-ms-ratelimit-remaining-subscription-deletes:
      - '14993'
      x-powered-by:
      - ASP.NET
    status:
      code: 202
      message: Accepted
- request:
    body: null
    headers:
      Accept:
      - '*/*'
      Accept-Encoding:
      - gzip, deflate
      Connection:
      - keep-alive
      User-Agent:
      - azsdk-python-mgmt-netapp/1.0.0b1 Python/3.8.10 (macOS-11.6-x86_64-i386-64bit)
    method: GET
    uri: https://management.azure.com/subscriptions/00000000-0000-0000-0000-000000000000/providers/Microsoft.NetApp/locations/southcentralusstage/operationResults/680e94e5-6459-4439-82db-70110b407d78?api-version=2021-06-01
  response:
    body:
      string: '{"id":"/subscriptions/00000000-0000-0000-0000-000000000000/providers/Microsoft.NetApp/locations/southcentralusstage/operationResults/680e94e5-6459-4439-82db-70110b407d78","name":"680e94e5-6459-4439-82db-70110b407d78","status":"Succeeded","startTime":"2021-09-24T15:04:12.1897967Z","endTime":"2021-09-24T15:04:12.2298028Z","percentComplete":100.0,"properties":{"resourceName":"/subscriptions/00000000-0000-0000-0000-000000000000/resourceGroups/sdk-python-tests-rg/providers/Microsoft.NetApp/netAppAccounts/sdk-py-tests-acc-1"}}'
    headers:
      cache-control:
      - no-cache
      content-length:
      - '526'
      content-type:
      - application/json; charset=utf-8
      date:
      - Fri, 24 Sep 2021 15:04:42 GMT
      expires:
      - '-1'
      pragma:
      - no-cache
      server:
      - Microsoft-IIS/10.0
      strict-transport-security:
      - max-age=31536000; includeSubDomains
      transfer-encoding:
      - chunked
      vary:
      - Accept-Encoding
      x-content-type-options:
      - nosniff
      x-powered-by:
      - ASP.NET
    status:
      code: 200
      message: OK
- request:
    body: null
    headers:
      Accept:
      - application/json
      Accept-Encoding:
      - gzip, deflate
      Connection:
      - keep-alive
      User-Agent:
      - azsdk-python-mgmt-netapp/1.0.0b1 Python/3.8.10 (macOS-11.6-x86_64-i386-64bit)
    method: GET
    uri: https://management.azure.com/subscriptions/00000000-0000-0000-0000-000000000000/resourceGroups/sdk-python-tests-rg/providers/Microsoft.NetApp/netAppAccounts/sdk-py-tests-acc-1?api-version=2021-06-01
  response:
    body:
      string: '{"error":{"code":"ResourceNotFound","message":"The Resource ''Microsoft.NetApp/netAppAccounts/sdk-py-tests-acc-1''
        under resource group ''sdk-python-tests-rg'' was not found. For more details
        please go to https://aka.ms/ARMResourceNotFoundFix"}}'
    headers:
      cache-control:
      - no-cache
      content-length:
      - '241'
      content-type:
      - application/json; charset=utf-8
      date:
      - Fri, 24 Sep 2021 15:04:44 GMT
      expires:
      - '-1'
      pragma:
      - no-cache
      strict-transport-security:
      - max-age=31536000; includeSubDomains
      x-content-type-options:
      - nosniff
      x-ms-failure-cause:
      - gateway
    status:
      code: 404
      message: Not Found
version: 1
