{
  "Entries": [
    {
      "RequestUri": "https://login.microsoftonline.com/00000000-0000-0000-0000-000000000000/v2.0/.well-known/openid-configuration",
      "RequestMethod": "GET",
      "RequestHeaders": {
        "Accept": "*/*",
        "Accept-Encoding": "gzip, deflate",
        "Connection": "keep-alive",
        "User-Agent": "azsdk-python-identity/1.12.0b3 Python/3.9.5 (Windows-10-10.0.19044-SP0)"
      },
      "RequestBody": null,
      "StatusCode": 200,
      "ResponseHeaders": {
        "Access-Control-Allow-Methods": "GET, OPTIONS",
        "Access-Control-Allow-Origin": "*",
        "Cache-Control": "max-age=86400, private",
        "Content-Length": "1753",
        "Content-Type": "application/json; charset=utf-8",
        "Date": "Thu, 20 Oct 2022 11:10:21 GMT",
        "P3P": "CP=\u0022DSP CUR OTPi IND OTRi ONL FIN\u0022",
        "Set-Cookie": "[set-cookie;]",
        "Strict-Transport-Security": "max-age=31536000; includeSubDomains",
        "X-Content-Type-Options": "nosniff",
        "x-ms-ests-server": "2.1.13943.8 - WEULR2 ProdSlices",
        "X-XSS-Protection": "0"
      },
      "ResponseBody": {
        "token_endpoint": "https://login.microsoftonline.com/00000000-0000-0000-0000-000000000000/oauth2/v2.0/token",
        "token_endpoint_auth_methods_supported": [
          "client_secret_post",
          "private_key_jwt",
          "client_secret_basic"
        ],
        "jwks_uri": "https://login.microsoftonline.com/00000000-0000-0000-0000-000000000000/discovery/v2.0/keys",
        "response_modes_supported": [
          "query",
          "fragment",
          "form_post"
        ],
        "subject_types_supported": [
          "pairwise"
        ],
        "id_token_signing_alg_values_supported": [
          "RS256"
        ],
        "response_types_supported": [
          "code",
          "id_token",
          "code id_token",
          "id_token token"
        ],
        "scopes_supported": [
          "openid",
          "profile",
          "email",
          "offline_access"
        ],
        "issuer": "https://login.microsoftonline.com/00000000-0000-0000-0000-000000000000/v2.0",
        "request_uri_parameter_supported": false,
        "userinfo_endpoint": "https://graph.microsoft.com/oidc/userinfo",
        "authorization_endpoint": "https://login.microsoftonline.com/00000000-0000-0000-0000-000000000000/oauth2/v2.0/authorize",
        "device_authorization_endpoint": "https://login.microsoftonline.com/00000000-0000-0000-0000-000000000000/oauth2/v2.0/devicecode",
        "http_logout_supported": true,
        "frontchannel_logout_supported": true,
        "end_session_endpoint": "https://login.microsoftonline.com/00000000-0000-0000-0000-000000000000/oauth2/v2.0/logout",
        "claims_supported": [
          "sub",
          "iss",
          "cloud_instance_name",
          "cloud_instance_host_name",
          "cloud_graph_host_name",
          "msgraph_host",
          "aud",
          "exp",
          "iat",
          "auth_time",
          "acr",
          "nonce",
          "preferred_username",
          "name",
          "tid",
          "ver",
          "at_hash",
          "c_hash",
          "email"
        ],
        "kerberos_endpoint": "https://login.microsoftonline.com/00000000-0000-0000-0000-000000000000/kerberos",
        "tenant_region_scope": "WW",
        "cloud_instance_name": "microsoftonline.com",
        "cloud_graph_host_name": "graph.windows.net",
        "msgraph_host": "graph.microsoft.com",
        "rbac_url": "https://pas.windows.net"
      }
    },
    {
      "RequestUri": "https://login.microsoftonline.com/common/discovery/instance?api-version=1.1\u0026authorization_endpoint=https://login.microsoftonline.com/common/oauth2/authorize",
      "RequestMethod": "GET",
      "RequestHeaders": {
        "Accept": "application/json",
        "Accept-Encoding": "gzip, deflate",
        "Connection": "keep-alive",
        "Cookie": "cookie;",
        "User-Agent": "azsdk-python-identity/1.12.0b3 Python/3.9.5 (Windows-10-10.0.19044-SP0)"
      },
      "RequestBody": null,
      "StatusCode": 200,
      "ResponseHeaders": {
        "Access-Control-Allow-Methods": "GET, OPTIONS",
        "Access-Control-Allow-Origin": "*",
        "Cache-Control": "max-age=86400, private",
        "Content-Length": "945",
        "Content-Type": "application/json; charset=utf-8",
        "Date": "Thu, 20 Oct 2022 11:10:21 GMT",
        "P3P": "CP=\u0022DSP CUR OTPi IND OTRi ONL FIN\u0022",
        "Set-Cookie": "[set-cookie;]",
        "Strict-Transport-Security": "max-age=31536000; includeSubDomains",
        "X-Content-Type-Options": "nosniff",
        "x-ms-ests-server": "2.1.13845.10 - NEULR2 ProdSlices",
        "X-XSS-Protection": "0"
      },
      "ResponseBody": {
        "tenant_discovery_endpoint": "https://login.microsoftonline.com/common/.well-known/openid-configuration",
        "api-version": "1.1",
        "metadata": [
          {
            "preferred_network": "login.microsoftonline.com",
            "preferred_cache": "login.windows.net",
            "aliases": [
              "login.microsoftonline.com",
              "login.windows.net",
              "login.microsoft.com",
              "sts.windows.net"
            ]
          },
          {
            "preferred_network": "login.partner.microsoftonline.cn",
            "preferred_cache": "login.partner.microsoftonline.cn",
            "aliases": [
              "login.partner.microsoftonline.cn",
              "login.chinacloudapi.cn"
            ]
          },
          {
            "preferred_network": "login.microsoftonline.de",
            "preferred_cache": "login.microsoftonline.de",
            "aliases": [
              "login.microsoftonline.de"
            ]
          },
          {
            "preferred_network": "login.microsoftonline.us",
            "preferred_cache": "login.microsoftonline.us",
            "aliases": [
              "login.microsoftonline.us",
              "login.usgovcloudapi.net"
            ]
          },
          {
            "preferred_network": "login-us.microsoftonline.com",
            "preferred_cache": "login-us.microsoftonline.com",
            "aliases": [
              "login-us.microsoftonline.com"
            ]
          }
        ]
      }
    },
    {
      "RequestUri": "https://login.microsoftonline.com/00000000-0000-0000-0000-000000000000/oauth2/v2.0/token",
      "RequestMethod": "POST",
      "RequestHeaders": {
        "Accept": "application/json",
        "Accept-Encoding": "gzip, deflate",
        "client-request-id": "00ca1b82-9bbe-4c34-9250-00745a917e2f",
        "Connection": "keep-alive",
        "Content-Length": "281",
        "Content-Type": "application/x-www-form-urlencoded",
        "Cookie": "cookie;",
        "User-Agent": "azsdk-python-identity/1.12.0b3 Python/3.9.5 (Windows-10-10.0.19044-SP0)",
        "x-client-cpu": "x64",
        "x-client-current-telemetry": "4|730,0|",
        "x-client-last-telemetry": "4|0|||",
        "x-client-os": "win32",
        "x-client-sku": "MSAL.Python",
        "x-client-ver": "1.20.0",
        "x-ms-lib-capability": "retry-after, h429"
      },
      "RequestBody": "client_id=00000000-0000-0000-0000-000000000000\u0026grant_type=client_credentials\u0026client_info=1\u0026client_secret=%7BQR%5B%2B%40avhE%2B3qiyY1Xf\u0026claims=%7B%22access_token%22%3A\u002B%7B%22xms_cc%22%3A\u002B%7B%22values%22%3A\u002B%5B%22CP1%22%5D%7D%7D%7D\u0026scope=https%3A%2F%2Fmanagement.azure.com%2F.default",
      "StatusCode": 200,
      "ResponseHeaders": {
        "Cache-Control": "no-store, no-cache",
        "client-request-id": "00ca1b82-9bbe-4c34-9250-00745a917e2f",
        "Content-Length": "114",
        "Content-Type": "application/json; charset=utf-8",
        "Date": "Thu, 20 Oct 2022 11:10:21 GMT",
        "Expires": "-1",
        "P3P": "CP=\u0022DSP CUR OTPi IND OTRi ONL FIN\u0022",
        "Pragma": "no-cache",
        "Set-Cookie": "[set-cookie;]",
        "Strict-Transport-Security": "max-age=31536000; includeSubDomains",
        "X-Content-Type-Options": "nosniff",
        "x-ms-clitelem": "1,0,0,,",
        "x-ms-ests-server": "2.1.13943.8 - WEULR1 ProdSlices",
        "X-XSS-Protection": "0"
      },
      "ResponseBody": {
        "token_type": "Bearer",
        "expires_in": 86399,
        "ext_expires_in": 86399,
        "refresh_in": 43199,
        "access_token": "access_token"
      }
    },
    {
      "RequestUri": "https://management.azure.com/subscriptions/00000000-0000-0000-0000-000000000000/resourceGroups/sdk-python-tests-rg-tmp/providers/Microsoft.NetApp/netAppAccounts/sdk-py-tests-acc-1-18a4278b?api-version=2022-05-01",
      "RequestMethod": "PUT",
      "RequestHeaders": {
        "Accept": "application/json",
        "Accept-Encoding": "gzip, deflate",
        "Connection": "keep-alive",
        "Content-Length": "23",
        "Content-Type": "application/json",
        "User-Agent": "azsdk-python-mgmt-netapp/9.0.1 Python/3.9.5 (Windows-10-10.0.19044-SP0)"
      },
      "RequestBody": {
        "location": "westus2"
      },
      "StatusCode": 201,
      "ResponseHeaders": {
        "Azure-AsyncOperation": "https://management.azure.com/subscriptions/00000000-0000-0000-0000-000000000000/providers/Microsoft.NetApp/locations/westus2/operationResults/7f7cfcd8-318b-4c31-a187-0d46507ab350?api-version=2022-05-01",
        "Cache-Control": "no-cache",
        "Content-Length": "706",
        "Content-Type": "application/json; charset=utf-8",
        "Date": "Thu, 20 Oct 2022 11:10:28 GMT",
        "ETag": "W/\u0022datetime\u00272022-10-20T11%3A10%3A27.7737046Z\u0027\u0022",
        "Expires": "-1",
        "Pragma": "no-cache",
        "Server": "Microsoft-IIS/10.0",
        "Strict-Transport-Security": "max-age=31536000; includeSubDomains",
        "X-Content-Type-Options": "nosniff",
        "x-ms-correlation-request-id": "44478246-f592-40da-9b46-70dc0e86b2ca",
        "x-ms-ratelimit-remaining-subscription-writes": "1199",
        "x-ms-routing-request-id": "WESTEUROPE:20221020T111029Z:44478246-f592-40da-9b46-70dc0e86b2ca",
        "X-Powered-By": "ASP.NET"
      },
      "ResponseBody": {
        "id": "/subscriptions/00000000-0000-0000-0000-000000000000/resourceGroups/sdk-python-tests-rg-tmp/providers/Microsoft.NetApp/netAppAccounts/sdk-py-tests-acc-1-18a4278b",
        "name": "sdk-py-tests-acc-1-18a4278b",
        "type": "Microsoft.NetApp/netAppAccounts",
        "etag": "W/\u0022datetime\u00272022-10-20T11%3A10%3A27.7737046Z\u0027\u0022",
        "location": "westus2",
        "tags": {
          "CreatedOnDate": "2022-10-20T11:10:24.8252949Z"
        },
        "properties": {
          "provisioningState": "Creating"
        },
        "systemData": {
          "createdBy": "00000000-0000-0000-0000-000000000000",
          "createdByType": "Application",
          "createdAt": "2022-10-20T11:10:26.8106227Z",
          "lastModifiedBy": "00000000-0000-0000-0000-000000000000",
          "lastModifiedByType": "Application",
          "lastModifiedAt": "2022-10-20T11:10:26.8106227Z"
        }
      }
    },
    {
      "RequestUri": "https://management.azure.com/subscriptions/00000000-0000-0000-0000-000000000000/providers/Microsoft.NetApp/locations/westus2/operationResults/7f7cfcd8-318b-4c31-a187-0d46507ab350?api-version=2022-05-01",
      "RequestMethod": "GET",
      "RequestHeaders": {
        "Accept": "*/*",
        "Accept-Encoding": "gzip, deflate",
        "Connection": "keep-alive",
        "User-Agent": "azsdk-python-mgmt-netapp/9.0.1 Python/3.9.5 (Windows-10-10.0.19044-SP0)"
      },
      "RequestBody": null,
      "StatusCode": 200,
      "ResponseHeaders": {
        "Cache-Control": "no-cache",
        "Content-Encoding": "gzip",
        "Content-Type": "application/json; charset=utf-8",
        "Date": "Thu, 20 Oct 2022 11:10:28 GMT",
        "Expires": "-1",
        "Pragma": "no-cache",
        "Server": "Microsoft-IIS/10.0",
        "Strict-Transport-Security": "max-age=31536000; includeSubDomains",
        "Transfer-Encoding": "chunked",
        "Vary": "Accept-Encoding",
        "X-Content-Type-Options": "nosniff",
        "x-ms-correlation-request-id": "d9628f0f-8c03-4ad1-b894-61eaa4c010c9",
        "x-ms-ratelimit-remaining-subscription-reads": "11999",
        "x-ms-routing-request-id": "WESTEUROPE:20221020T111029Z:d9628f0f-8c03-4ad1-b894-61eaa4c010c9",
        "X-Powered-By": "ASP.NET"
      },
      "ResponseBody": {
        "id": "/subscriptions/00000000-0000-0000-0000-000000000000/providers/Microsoft.NetApp/locations/westus2/operationResults/7f7cfcd8-318b-4c31-a187-0d46507ab350",
        "name": "7f7cfcd8-318b-4c31-a187-0d46507ab350",
        "status": "Succeeded",
        "startTime": "2022-10-20T11:10:27.7582379Z",
        "endTime": "2022-10-20T11:10:27.8520373Z",
        "percentComplete": 100.0,
        "properties": {
          "resourceName": "/subscriptions/00000000-0000-0000-0000-000000000000/resourceGroups/sdk-python-tests-rg-tmp/providers/Microsoft.NetApp/netAppAccounts/sdk-py-tests-acc-1-18a4278b"
        }
      }
    },
    {
      "RequestUri": "https://management.azure.com/subscriptions/00000000-0000-0000-0000-000000000000/resourceGroups/sdk-python-tests-rg-tmp/providers/Microsoft.NetApp/netAppAccounts/sdk-py-tests-acc-1-18a4278b?api-version=2022-05-01",
      "RequestMethod": "GET",
      "RequestHeaders": {
        "Accept": "*/*",
        "Accept-Encoding": "gzip, deflate",
        "Connection": "keep-alive",
        "User-Agent": "azsdk-python-mgmt-netapp/9.0.1 Python/3.9.5 (Windows-10-10.0.19044-SP0)"
      },
      "RequestBody": null,
      "StatusCode": 200,
      "ResponseHeaders": {
        "Cache-Control": "no-cache",
        "Content-Encoding": "gzip",
        "Content-Type": "application/json; charset=utf-8",
        "Date": "Thu, 20 Oct 2022 11:10:29 GMT",
        "ETag": "W/\u0022datetime\u00272022-10-20T11%3A10%3A27.8512024Z\u0027\u0022",
        "Expires": "-1",
        "Pragma": "no-cache",
        "Server": "Microsoft-IIS/10.0",
        "Strict-Transport-Security": "max-age=31536000; includeSubDomains",
        "Transfer-Encoding": "chunked",
        "Vary": "Accept-Encoding",
        "X-Content-Type-Options": "nosniff",
        "x-ms-correlation-request-id": "fa0c1fa9-da81-4124-a449-fc17886908a1",
        "x-ms-ratelimit-remaining-subscription-reads": "11998",
        "x-ms-routing-request-id": "WESTEUROPE:20221020T111029Z:fa0c1fa9-da81-4124-a449-fc17886908a1",
        "X-Powered-By": "ASP.NET"
      },
      "ResponseBody": {
        "id": "/subscriptions/00000000-0000-0000-0000-000000000000/resourceGroups/sdk-python-tests-rg-tmp/providers/Microsoft.NetApp/netAppAccounts/sdk-py-tests-acc-1-18a4278b",
        "name": "sdk-py-tests-acc-1-18a4278b",
        "type": "Microsoft.NetApp/netAppAccounts",
        "etag": "W/\u0022datetime\u00272022-10-20T11%3A10%3A27.8512024Z\u0027\u0022",
        "location": "westus2",
        "tags": {
          "CreatedOnDate": "2022-10-20T11:10:24.8252949Z"
        },
        "properties": {
          "activeDirectories": [
            {
              "activeDirectoryId": "503d38f9-f17c-f92d-ef26-b0d46374534b",
              "username": "sdkuser",
              "password": "****************",
              "domain": "sdkdomain",
              "dns": "192.0.2.2",
              "status": "Created",
              "smbServerName": "SDKSMBSeNa",
              "organizationalUnit": "CN=Computers",
              "aesEncryption": false,
              "ldapSigning": false,
              "ldapOverTLS": false,
              "allowLocalNfsUsersWithLdap": false,
              "encryptDCConnections": false,
              "ldapSearchScope": {}
            }
          ],
          "encryption": {
            "keySource": "Microsoft.NetApp"
          },
          "provisioningState": "Succeeded"
        },
        "systemData": {
          "createdBy": "00000000-0000-0000-0000-000000000000",
          "createdByType": "Application",
          "createdAt": "2022-10-20T11:10:26.8106227Z",
          "lastModifiedBy": "00000000-0000-0000-0000-000000000000",
          "lastModifiedByType": "Application",
          "lastModifiedAt": "2022-10-20T11:10:26.8106227Z"
        }
      }
    },
    {
      "RequestUri": "https://management.azure.com/subscriptions/00000000-0000-0000-0000-000000000000/resourceGroups/sdk-python-tests-rg-tmp/providers/Microsoft.NetApp/netAppAccounts/sdk-py-tests-acc-1-18a4278b/capacityPools/sdk-py-tests-pool-1?api-version=2022-05-01",
      "RequestMethod": "PUT",
      "RequestHeaders": {
        "Accept": "application/json",
        "Accept-Encoding": "gzip, deflate",
        "Connection": "keep-alive",
        "Content-Length": "138",
        "Content-Type": "application/json",
        "User-Agent": "azsdk-python-mgmt-netapp/9.0.1 Python/3.9.5 (Windows-10-10.0.19044-SP0)"
      },
      "RequestBody": {
        "location": "westus2",
        "properties": {
          "size": 4398046511104,
          "serviceLevel": "Premium",
          "coolAccess": false,
          "encryptionType": "Single"
        }
      },
      "StatusCode": 201,
      "ResponseHeaders": {
        "Azure-AsyncOperation": "https://management.azure.com/subscriptions/00000000-0000-0000-0000-000000000000/providers/Microsoft.NetApp/locations/westus2/operationResults/7410bb9f-47b1-4d16-afbe-fd5904df44c8?api-version=2022-05-01",
        "Cache-Control": "no-cache",
        "Content-Length": "922",
        "Content-Type": "application/json; charset=utf-8",
        "Date": "Thu, 20 Oct 2022 11:10:31 GMT",
        "ETag": "W/\u0022datetime\u00272022-10-20T11%3A10%3A31.4016198Z\u0027\u0022",
        "Expires": "-1",
        "Pragma": "no-cache",
        "Server": "Microsoft-IIS/10.0",
        "Strict-Transport-Security": "max-age=31536000; includeSubDomains",
        "X-Content-Type-Options": "nosniff",
        "x-ms-correlation-request-id": "fa364108-c095-41d6-a9db-bea802c71f02",
        "x-ms-ratelimit-remaining-subscription-writes": "1198",
        "x-ms-routing-request-id": "WESTEUROPE:20221020T111032Z:fa364108-c095-41d6-a9db-bea802c71f02",
        "X-Powered-By": "ASP.NET"
      },
      "ResponseBody": {
        "id": "/subscriptions/00000000-0000-0000-0000-000000000000/resourceGroups/sdk-python-tests-rg-tmp/providers/Microsoft.NetApp/netAppAccounts/sdk-py-tests-acc-1-18a4278b/capacityPools/sdk-py-tests-pool-1",
        "name": "sdk-py-tests-acc-1-18a4278b/sdk-py-tests-pool-1",
        "type": "Microsoft.NetApp/netAppAccounts/capacityPools",
        "etag": "W/\u0022datetime\u00272022-10-20T11%3A10%3A31.4016198Z\u0027\u0022",
        "location": "westus2",
        "tags": {
          "CreatedOnDate": "2022-10-20T11:10:30.2260170Z"
        },
        "properties": {
          "serviceLevel": "Premium",
          "size": 4398046511104,
          "totalThroughputMibps": 0.0,
          "utilizedThroughputMibps": 0.0,
          "encryptionType": "Single",
          "coolAccess": false,
          "provisioningState": "Creating"
        },
        "systemData": {
          "createdBy": "00000000-0000-0000-0000-000000000000",
          "createdByType": "Application",
          "createdAt": "2022-10-20T11:10:31.1700455Z",
          "lastModifiedBy": "00000000-0000-0000-0000-000000000000",
          "lastModifiedByType": "Application",
          "lastModifiedAt": "2022-10-20T11:10:31.1700455Z"
        }
      }
    },
    {
      "RequestUri": "https://management.azure.com/subscriptions/00000000-0000-0000-0000-000000000000/providers/Microsoft.NetApp/locations/westus2/operationResults/7410bb9f-47b1-4d16-afbe-fd5904df44c8?api-version=2022-05-01",
      "RequestMethod": "GET",
      "RequestHeaders": {
        "Accept": "*/*",
        "Accept-Encoding": "gzip, deflate",
        "Connection": "keep-alive",
        "User-Agent": "azsdk-python-mgmt-netapp/9.0.1 Python/3.9.5 (Windows-10-10.0.19044-SP0)"
      },
      "RequestBody": null,
      "StatusCode": 200,
      "ResponseHeaders": {
        "Cache-Control": "no-cache",
        "Content-Encoding": "gzip",
        "Content-Type": "application/json; charset=utf-8",
        "Date": "Thu, 20 Oct 2022 11:10:31 GMT",
        "Expires": "-1",
        "Pragma": "no-cache",
        "Server": "Microsoft-IIS/10.0",
        "Strict-Transport-Security": "max-age=31536000; includeSubDomains",
        "Transfer-Encoding": "chunked",
        "Vary": "Accept-Encoding",
        "X-Content-Type-Options": "nosniff",
        "x-ms-correlation-request-id": "7d8f9fd8-2d26-475f-a837-4321a8221cdf",
        "x-ms-ratelimit-remaining-subscription-reads": "11997",
        "x-ms-routing-request-id": "WESTEUROPE:20221020T111032Z:7d8f9fd8-2d26-475f-a837-4321a8221cdf",
        "X-Powered-By": "ASP.NET"
      },
      "ResponseBody": {
        "id": "/subscriptions/00000000-0000-0000-0000-000000000000/providers/Microsoft.NetApp/locations/westus2/operationResults/7410bb9f-47b1-4d16-afbe-fd5904df44c8",
        "name": "7410bb9f-47b1-4d16-afbe-fd5904df44c8",
        "status": "Succeeded",
        "startTime": "2022-10-20T11:10:31.3931745Z",
        "endTime": "2022-10-20T11:10:32.3191967Z",
        "percentComplete": 100.0,
        "properties": {
          "resourceName": "/subscriptions/00000000-0000-0000-0000-000000000000/resourceGroups/sdk-python-tests-rg-tmp/providers/Microsoft.NetApp/netAppAccounts/sdk-py-tests-acc-1-18a4278b/capacityPools/sdk-py-tests-pool-1"
        }
      }
    },
    {
      "RequestUri": "https://management.azure.com/subscriptions/00000000-0000-0000-0000-000000000000/resourceGroups/sdk-python-tests-rg-tmp/providers/Microsoft.NetApp/netAppAccounts/sdk-py-tests-acc-1-18a4278b/capacityPools/sdk-py-tests-pool-1?api-version=2022-05-01",
      "RequestMethod": "GET",
      "RequestHeaders": {
        "Accept": "*/*",
        "Accept-Encoding": "gzip, deflate",
        "Connection": "keep-alive",
        "User-Agent": "azsdk-python-mgmt-netapp/9.0.1 Python/3.9.5 (Windows-10-10.0.19044-SP0)"
      },
      "RequestBody": null,
      "StatusCode": 200,
      "ResponseHeaders": {
        "Cache-Control": "no-cache",
        "Content-Encoding": "gzip",
        "Content-Type": "application/json; charset=utf-8",
        "Date": "Thu, 20 Oct 2022 11:10:32 GMT",
        "ETag": "W/\u0022datetime\u00272022-10-20T11%3A10%3A32.2787209Z\u0027\u0022",
        "Expires": "-1",
        "Pragma": "no-cache",
        "Server": "Microsoft-IIS/10.0",
        "Strict-Transport-Security": "max-age=31536000; includeSubDomains",
        "Transfer-Encoding": "chunked",
        "Vary": "Accept-Encoding",
        "X-Content-Type-Options": "nosniff",
        "x-ms-correlation-request-id": "9ba6855f-689c-49e1-94ff-5e414cf88913",
        "x-ms-ratelimit-remaining-subscription-reads": "11996",
        "x-ms-routing-request-id": "WESTEUROPE:20221020T111033Z:9ba6855f-689c-49e1-94ff-5e414cf88913",
        "X-Powered-By": "ASP.NET"
      },
      "ResponseBody": {
        "id": "/subscriptions/00000000-0000-0000-0000-000000000000/resourceGroups/sdk-python-tests-rg-tmp/providers/Microsoft.NetApp/netAppAccounts/sdk-py-tests-acc-1-18a4278b/capacityPools/sdk-py-tests-pool-1",
        "name": "sdk-py-tests-acc-1-18a4278b/sdk-py-tests-pool-1",
        "type": "Microsoft.NetApp/netAppAccounts/capacityPools",
        "etag": "W/\u0022datetime\u00272022-10-20T11%3A10%3A32.2787209Z\u0027\u0022",
        "location": "westus2",
        "tags": {
          "CreatedOnDate": "2022-10-20T11:10:30.2260170Z"
        },
        "properties": {
          "poolId": "2c408710-1aa5-f857-e830-5b44822fc1bd",
          "serviceLevel": "Premium",
          "size": 4398046511104,
          "qosType": "Auto",
          "totalThroughputMibps": 256.0,
          "utilizedThroughputMibps": 0.0,
          "encryptionType": "Single",
          "coolAccess": false,
          "provisioningState": "Succeeded"
        },
        "systemData": {
          "createdBy": "00000000-0000-0000-0000-000000000000",
          "createdByType": "Application",
          "createdAt": "2022-10-20T11:10:31.1700455Z",
          "lastModifiedBy": "00000000-0000-0000-0000-000000000000",
          "lastModifiedByType": "Application",
          "lastModifiedAt": "2022-10-20T11:10:31.1700455Z"
        }
      }
    },
    {
      "RequestUri": "https://management.azure.com/subscriptions/00000000-0000-0000-0000-000000000000/resourceGroups/sdk-python-tests-rg-tmp/providers/Microsoft.NetApp/netAppAccounts/sdk-py-tests-acc-1-18a4278b/capacityPools?api-version=2022-05-01",
      "RequestMethod": "GET",
      "RequestHeaders": {
        "Accept": "application/json",
        "Accept-Encoding": "gzip, deflate",
        "Connection": "keep-alive",
        "User-Agent": "azsdk-python-mgmt-netapp/9.0.1 Python/3.9.5 (Windows-10-10.0.19044-SP0)"
      },
      "RequestBody": null,
      "StatusCode": 200,
      "ResponseHeaders": {
        "Cache-Control": "no-cache",
        "Content-Encoding": "gzip",
        "Content-Type": "application/json; charset=utf-8",
        "Date": "Thu, 20 Oct 2022 11:10:32 GMT",
        "Expires": "-1",
        "Pragma": "no-cache",
        "Server": "Microsoft-IIS/10.0",
        "Strict-Transport-Security": "max-age=31536000; includeSubDomains",
        "Transfer-Encoding": "chunked",
        "Vary": "Accept-Encoding",
        "X-Content-Type-Options": "nosniff",
        "x-ms-correlation-request-id": "0ee1934d-37a1-4f28-bcee-9c2e31cb8141",
        "x-ms-ratelimit-remaining-subscription-reads": "11995",
        "x-ms-routing-request-id": "WESTEUROPE:20221020T111033Z:0ee1934d-37a1-4f28-bcee-9c2e31cb8141",
        "X-Powered-By": "ASP.NET"
      },
      "ResponseBody": {
        "value": [
          {
            "id": "/subscriptions/00000000-0000-0000-0000-000000000000/resourceGroups/sdk-python-tests-rg-tmp/providers/Microsoft.NetApp/netAppAccounts/sdk-py-tests-acc-1-18a4278b/capacityPools/sdk-py-tests-pool-1",
            "name": "sdk-py-tests-acc-1-18a4278b/sdk-py-tests-pool-1",
            "type": "Microsoft.NetApp/netAppAccounts/capacityPools",
            "etag": "W/\u0022datetime\u00272022-10-20T11%3A10%3A32.2787209Z\u0027\u0022",
            "location": "westus2",
            "tags": {
              "CreatedOnDate": "2022-10-20T11:10:30.2260170Z"
            },
            "properties": {
              "poolId": "2c408710-1aa5-f857-e830-5b44822fc1bd",
              "serviceLevel": "Premium",
              "size": 4398046511104,
              "qosType": "Auto",
              "totalThroughputMibps": 256.0,
              "utilizedThroughputMibps": 0.0,
              "encryptionType": "Single",
              "coolAccess": false,
              "provisioningState": "Succeeded"
            },
            "systemData": {
              "createdBy": "00000000-0000-0000-0000-000000000000",
              "createdByType": "Application",
              "createdAt": "2022-10-20T11:10:31.1700455Z",
              "lastModifiedBy": "00000000-0000-0000-0000-000000000000",
              "lastModifiedByType": "Application",
              "lastModifiedAt": "2022-10-20T11:10:31.1700455Z"
            }
          }
        ]
      }
    },
    {
      "RequestUri": "https://management.azure.com/subscriptions/00000000-0000-0000-0000-000000000000/resourceGroups/sdk-python-tests-rg-tmp/providers/Microsoft.NetApp/netAppAccounts/sdk-py-tests-acc-1-18a4278b/capacityPools/sdk-py-tests-pool-1?api-version=2022-05-01",
      "RequestMethod": "DELETE",
      "RequestHeaders": {
        "Accept": "*/*",
        "Accept-Encoding": "gzip, deflate",
        "Connection": "keep-alive",
        "Content-Length": "0",
        "User-Agent": "azsdk-python-mgmt-netapp/9.0.1 Python/3.9.5 (Windows-10-10.0.19044-SP0)"
      },
      "RequestBody": null,
      "StatusCode": 202,
      "ResponseHeaders": {
        "Azure-AsyncOperation": "https://management.azure.com/subscriptions/00000000-0000-0000-0000-000000000000/providers/Microsoft.NetApp/locations/westus2/operationResults/815776b6-77bb-4ec2-81d3-07cafc4aa97d?api-version=2022-05-01",
        "Cache-Control": "no-cache",
        "Content-Length": "0",
        "Date": "Thu, 20 Oct 2022 11:10:43 GMT",
        "Expires": "-1",
        "Location": "https://management.azure.com/subscriptions/00000000-0000-0000-0000-000000000000/providers/Microsoft.NetApp/locations/westus2/operationResults/815776b6-77bb-4ec2-81d3-07cafc4aa97d?api-version=2022-05-01\u0026operationResultResponseType=Location",
        "Pragma": "no-cache",
        "Server": "Microsoft-IIS/10.0",
        "Strict-Transport-Security": "max-age=31536000; includeSubDomains",
        "X-Content-Type-Options": "nosniff",
        "x-ms-correlation-request-id": "dd8d5e4d-4913-4480-89d1-a36fae7a9a70",
        "x-ms-ratelimit-remaining-subscription-deletes": "14999",
        "x-ms-routing-request-id": "WESTEUROPE:20221020T111044Z:dd8d5e4d-4913-4480-89d1-a36fae7a9a70",
        "X-Powered-By": "ASP.NET"
      },
      "ResponseBody": null
    },
    {
      "RequestUri": "https://management.azure.com/subscriptions/00000000-0000-0000-0000-000000000000/providers/Microsoft.NetApp/locations/westus2/operationResults/815776b6-77bb-4ec2-81d3-07cafc4aa97d?api-version=2022-05-01",
      "RequestMethod": "GET",
      "RequestHeaders": {
        "Accept": "*/*",
        "Accept-Encoding": "gzip, deflate",
        "Connection": "keep-alive",
        "User-Agent": "azsdk-python-mgmt-netapp/9.0.1 Python/3.9.5 (Windows-10-10.0.19044-SP0)"
      },
      "RequestBody": null,
      "StatusCode": 200,
      "ResponseHeaders": {
        "Cache-Control": "no-cache",
        "Content-Encoding": "gzip",
        "Content-Type": "application/json; charset=utf-8",
        "Date": "Thu, 20 Oct 2022 11:10:43 GMT",
        "Expires": "-1",
        "Pragma": "no-cache",
        "Server": "Microsoft-IIS/10.0",
        "Strict-Transport-Security": "max-age=31536000; includeSubDomains",
        "Transfer-Encoding": "chunked",
        "Vary": "Accept-Encoding",
        "X-Content-Type-Options": "nosniff",
        "x-ms-correlation-request-id": "119aa43f-a2df-4f37-9785-3a6d895545b7",
        "x-ms-ratelimit-remaining-subscription-reads": "11994",
        "x-ms-routing-request-id": "WESTEUROPE:20221020T111044Z:119aa43f-a2df-4f37-9785-3a6d895545b7",
        "X-Powered-By": "ASP.NET"
      },
      "ResponseBody": {
        "id": "/subscriptions/00000000-0000-0000-0000-000000000000/providers/Microsoft.NetApp/locations/westus2/operationResults/815776b6-77bb-4ec2-81d3-07cafc4aa97d",
        "name": "815776b6-77bb-4ec2-81d3-07cafc4aa97d",
        "status": "Succeeded",
        "startTime": "2022-10-20T11:10:44.3441634Z",
        "endTime": "2022-10-20T11:10:44.5950997Z",
        "percentComplete": 100.0,
        "properties": {
          "resourceName": "/subscriptions/00000000-0000-0000-0000-000000000000/resourceGroups/sdk-python-tests-rg-tmp/providers/Microsoft.NetApp/netAppAccounts/sdk-py-tests-acc-1-18a4278b/capacityPools/sdk-py-tests-pool-1"
        }
      }
    },
    {
      "RequestUri": "https://management.azure.com/subscriptions/00000000-0000-0000-0000-000000000000/providers/Microsoft.NetApp/locations/westus2/operationResults/815776b6-77bb-4ec2-81d3-07cafc4aa97d?api-version=2022-05-01\u0026operationResultResponseType=Location",
      "RequestMethod": "GET",
      "RequestHeaders": {
        "Accept": "*/*",
        "Accept-Encoding": "gzip, deflate",
        "Connection": "keep-alive",
        "User-Agent": "azsdk-python-mgmt-netapp/9.0.1 Python/3.9.5 (Windows-10-10.0.19044-SP0)"
      },
      "RequestBody": null,
      "StatusCode": 200,
      "ResponseHeaders": {
        "Cache-Control": "no-cache",
        "Content-Encoding": "gzip",
        "Content-Type": "application/json; charset=utf-8",
        "Date": "Thu, 20 Oct 2022 11:10:44 GMT",
        "Expires": "-1",
        "Pragma": "no-cache",
        "Server": "Microsoft-IIS/10.0",
        "Strict-Transport-Security": "max-age=31536000; includeSubDomains",
        "Transfer-Encoding": "chunked",
        "Vary": "Accept-Encoding",
        "X-Content-Type-Options": "nosniff",
        "x-ms-correlation-request-id": "8b8f95ee-3495-46a7-a803-ca4d9aa2e7bd",
        "x-ms-ratelimit-remaining-subscription-reads": "11993",
        "x-ms-routing-request-id": "WESTEUROPE:20221020T111044Z:8b8f95ee-3495-46a7-a803-ca4d9aa2e7bd",
        "X-Powered-By": "ASP.NET"
      },
      "ResponseBody": {
        "id": "/subscriptions/00000000-0000-0000-0000-000000000000/resourceGroups/sdk-python-tests-rg-tmp/providers/Microsoft.NetApp/netAppAccounts/sdk-py-tests-acc-1-18a4278b/capacityPools/sdk-py-tests-pool-1",
        "name": "sdk-py-tests-acc-1-18a4278b/sdk-py-tests-pool-1",
        "type": "Microsoft.NetApp/netAppAccounts/capacityPools",
        "etag": "W/\u0022datetime\u00272022-10-20T11%3A10%3A44.3319623Z\u0027\u0022",
        "location": "westus2",
        "tags": {
          "CreatedOnDate": "2022-10-20T11:10:30.2260170Z"
        },
        "properties": {
          "poolId": "2c408710-1aa5-f857-e830-5b44822fc1bd",
          "serviceLevel": "Premium",
          "size": 4398046511104,
          "vendorID": "/subscriptions/00000000-0000-0000-0000-000000000000/resourceGroups/sdk-python-tests-rg-tmp/providers/Microsoft.NetApp/netAppAccounts/sdk-py-tests-acc-1-18a4278b/capacityPools/sdk-py-tests-pool-1",
          "qosType": "Auto",
          "totalThroughputMibps": 256.0,
          "utilizedThroughputMibps": 0.0,
          "encryptionType": "Single",
          "coolAccess": false,
          "provisioningState": "Deleting"
        },
        "systemData": {
          "createdBy": "00000000-0000-0000-0000-000000000000",
          "createdByType": "Application",
          "createdAt": "2022-10-20T11:10:31.1700455Z",
          "lastModifiedBy": "00000000-0000-0000-0000-000000000000",
          "lastModifiedByType": "Application",
          "lastModifiedAt": "2022-10-20T11:10:31.1700455Z"
        }
      }
    },
    {
      "RequestUri": "https://management.azure.com/subscriptions/00000000-0000-0000-0000-000000000000/resourceGroups/sdk-python-tests-rg-tmp/providers/Microsoft.NetApp/netAppAccounts/sdk-py-tests-acc-1-18a4278b/capacityPools/sdk-py-tests-pool-1?api-version=2022-05-01",
      "RequestMethod": "DELETE",
      "RequestHeaders": {
        "Accept": "*/*",
        "Accept-Encoding": "gzip, deflate",
        "Connection": "keep-alive",
        "Content-Length": "0",
        "User-Agent": "azsdk-python-mgmt-netapp/9.0.1 Python/3.9.5 (Windows-10-10.0.19044-SP0)"
      },
      "RequestBody": null,
      "StatusCode": 204,
      "ResponseHeaders": {
        "Cache-Control": "no-cache",
        "Date": "Thu, 20 Oct 2022 11:10:56 GMT",
        "Expires": "-1",
        "Pragma": "no-cache",
        "Server": "Microsoft-IIS/10.0",
        "Strict-Transport-Security": "max-age=31536000; includeSubDomains",
        "X-Content-Type-Options": "nosniff",
        "x-ms-correlation-request-id": "aeefb1c3-96f3-4b49-af49-2f0055e3e697",
        "x-ms-ratelimit-remaining-subscription-deletes": "14998",
        "x-ms-routing-request-id": "WESTEUROPE:20221020T111057Z:aeefb1c3-96f3-4b49-af49-2f0055e3e697",
        "X-Powered-By": "ASP.NET"
      },
      "ResponseBody": null
    },
    {
      "RequestUri": "https://management.azure.com/subscriptions/00000000-0000-0000-0000-000000000000/resourceGroups/sdk-python-tests-rg-tmp/providers/Microsoft.NetApp/netAppAccounts/sdk-py-tests-acc-1-18a4278b/capacityPools/sdk-py-tests-pool-1?api-version=2022-05-01",
      "RequestMethod": "DELETE",
      "RequestHeaders": {
        "Accept": "*/*",
        "Accept-Encoding": "gzip, deflate",
        "Connection": "keep-alive",
        "Content-Length": "0",
        "User-Agent": "azsdk-python-mgmt-netapp/9.0.1 Python/3.9.5 (Windows-10-10.0.19044-SP0)"
      },
      "RequestBody": null,
      "StatusCode": 204,
      "ResponseHeaders": {
        "Cache-Control": "no-cache",
        "Date": "Thu, 20 Oct 2022 11:11:07 GMT",
        "Expires": "-1",
        "Pragma": "no-cache",
        "Strict-Transport-Security": "max-age=31536000; includeSubDomains",
        "X-Content-Type-Options": "nosniff",
        "x-ms-correlation-request-id": "5b3860b3-1bc8-4ea4-9a37-d11533de4862",
        "x-ms-ratelimit-remaining-subscription-deletes": "14997",
        "x-ms-routing-request-id": "WESTEUROPE:20221020T111108Z:5b3860b3-1bc8-4ea4-9a37-d11533de4862"
      },
      "ResponseBody": null
    },
    {
      "RequestUri": "https://management.azure.com/subscriptions/00000000-0000-0000-0000-000000000000/resourceGroups/sdk-python-tests-rg-tmp/providers/Microsoft.NetApp/netAppAccounts/sdk-py-tests-acc-1-18a4278b/capacityPools/sdk-py-tests-pool-1?api-version=2022-05-01",
      "RequestMethod": "DELETE",
      "RequestHeaders": {
        "Accept": "*/*",
        "Accept-Encoding": "gzip, deflate",
        "Connection": "keep-alive",
        "Content-Length": "0",
        "User-Agent": "azsdk-python-mgmt-netapp/9.0.1 Python/3.9.5 (Windows-10-10.0.19044-SP0)"
      },
      "RequestBody": null,
      "StatusCode": 204,
      "ResponseHeaders": {
        "Cache-Control": "no-cache",
        "Date": "Thu, 20 Oct 2022 11:11:18 GMT",
        "Expires": "-1",
        "Pragma": "no-cache",
        "Strict-Transport-Security": "max-age=31536000; includeSubDomains",
        "X-Content-Type-Options": "nosniff",
        "x-ms-correlation-request-id": "b69678cd-1303-44c1-aff7-647aeccf52cd",
        "x-ms-ratelimit-remaining-subscription-deletes": "14996",
        "x-ms-routing-request-id": "WESTEUROPE:20221020T111118Z:b69678cd-1303-44c1-aff7-647aeccf52cd"
      },
      "ResponseBody": null
    },
    {
      "RequestUri": "https://management.azure.com/subscriptions/00000000-0000-0000-0000-000000000000/resourceGroups/sdk-python-tests-rg-tmp/providers/Microsoft.NetApp/netAppAccounts/sdk-py-tests-acc-1-18a4278b/capacityPools/sdk-py-tests-pool-1?api-version=2022-05-01",
      "RequestMethod": "DELETE",
      "RequestHeaders": {
        "Accept": "*/*",
        "Accept-Encoding": "gzip, deflate",
        "Connection": "keep-alive",
        "Content-Length": "0",
        "User-Agent": "azsdk-python-mgmt-netapp/9.0.1 Python/3.9.5 (Windows-10-10.0.19044-SP0)"
      },
      "RequestBody": null,
      "StatusCode": 204,
      "ResponseHeaders": {
        "Cache-Control": "no-cache",
        "Date": "Thu, 20 Oct 2022 11:11:28 GMT",
        "Expires": "-1",
        "Pragma": "no-cache",
        "Strict-Transport-Security": "max-age=31536000; includeSubDomains",
        "X-Content-Type-Options": "nosniff",
        "x-ms-correlation-request-id": "de0a9070-690b-476b-86e7-2f7dbf6b3b7e",
        "x-ms-ratelimit-remaining-subscription-deletes": "14995",
        "x-ms-routing-request-id": "WESTEUROPE:20221020T111128Z:de0a9070-690b-476b-86e7-2f7dbf6b3b7e"
      },
      "ResponseBody": null
    },
    {
      "RequestUri": "https://management.azure.com/subscriptions/00000000-0000-0000-0000-000000000000/resourceGroups/sdk-python-tests-rg-tmp/providers/Microsoft.NetApp/netAppAccounts/sdk-py-tests-acc-1-18a4278b/capacityPools/sdk-py-tests-pool-1?api-version=2022-05-01",
      "RequestMethod": "GET",
      "RequestHeaders": {
        "Accept": "application/json",
        "Accept-Encoding": "gzip, deflate",
        "Connection": "keep-alive",
        "User-Agent": "azsdk-python-mgmt-netapp/9.0.1 Python/3.9.5 (Windows-10-10.0.19044-SP0)"
      },
      "RequestBody": null,
      "StatusCode": 404,
      "ResponseHeaders": {
        "Cache-Control": "no-cache",
        "Content-Length": "288",
        "Content-Type": "application/json; charset=utf-8",
        "Date": "Thu, 20 Oct 2022 11:11:38 GMT",
        "Expires": "-1",
        "Pragma": "no-cache",
        "Strict-Transport-Security": "max-age=31536000; includeSubDomains",
        "X-Content-Type-Options": "nosniff",
        "x-ms-correlation-request-id": "256a493b-794c-4a19-8dac-8d35bdfeadc2",
        "x-ms-failure-cause": "gateway",
        "x-ms-routing-request-id": "WESTEUROPE:20221020T111138Z:256a493b-794c-4a19-8dac-8d35bdfeadc2"
      },
      "ResponseBody": {
        "error": {
          "code": "ResourceNotFound",
          "message": "The Resource \u0027Microsoft.NetApp/netAppAccounts/sdk-py-tests-acc-1-18a4278b/capacityPools/sdk-py-tests-pool-1\u0027 under resource group \u0027sdk-python-tests-rg-tmp\u0027 was not found. For more details please go to https://aka.ms/ARMResourceNotFoundFix"
        }
      }
    },
    {
      "RequestUri": "https://management.azure.com/subscriptions/00000000-0000-0000-0000-000000000000/resourceGroups/sdk-python-tests-rg-tmp/providers/Microsoft.NetApp/netAppAccounts/sdk-py-tests-acc-1-18a4278b/capacityPools?api-version=2022-05-01",
      "RequestMethod": "GET",
      "RequestHeaders": {
        "Accept": "application/json",
        "Accept-Encoding": "gzip, deflate",
        "Connection": "keep-alive",
        "User-Agent": "azsdk-python-mgmt-netapp/9.0.1 Python/3.9.5 (Windows-10-10.0.19044-SP0)"
      },
      "RequestBody": null,
      "StatusCode": 200,
      "ResponseHeaders": {
        "Cache-Control": "no-cache",
        "Content-Encoding": "gzip",
        "Content-Type": "application/json; charset=utf-8",
        "Date": "Thu, 20 Oct 2022 11:11:39 GMT",
        "Expires": "-1",
        "Pragma": "no-cache",
        "Server": "Microsoft-IIS/10.0",
        "Strict-Transport-Security": "max-age=31536000; includeSubDomains",
        "Transfer-Encoding": "chunked",
        "Vary": "Accept-Encoding",
        "X-Content-Type-Options": "nosniff",
        "x-ms-correlation-request-id": "5cc5abf6-c728-4e77-b686-49b4c540ca46",
        "x-ms-ratelimit-remaining-subscription-reads": "11991",
        "x-ms-routing-request-id": "WESTEUROPE:20221020T111139Z:5cc5abf6-c728-4e77-b686-49b4c540ca46",
        "X-Powered-By": "ASP.NET"
      },
      "ResponseBody": {
        "value": []
      }
    },
    {
      "RequestUri": "https://management.azure.com/subscriptions/00000000-0000-0000-0000-000000000000/resourceGroups/sdk-python-tests-rg-tmp/providers/Microsoft.NetApp/netAppAccounts/sdk-py-tests-acc-1-18a4278b?api-version=2022-05-01",
      "RequestMethod": "DELETE",
      "RequestHeaders": {
        "Accept": "*/*",
        "Accept-Encoding": "gzip, deflate",
        "Connection": "keep-alive",
        "Content-Length": "0",
        "User-Agent": "azsdk-python-mgmt-netapp/9.0.1 Python/3.9.5 (Windows-10-10.0.19044-SP0)"
      },
      "RequestBody": null,
      "StatusCode": 202,
      "ResponseHeaders": {
        "Azure-AsyncOperation": "https://management.azure.com/subscriptions/00000000-0000-0000-0000-000000000000/providers/Microsoft.NetApp/locations/westus2/operationResults/284352d8-944c-4667-a30d-dc93b009afbf?api-version=2022-05-01",
        "Cache-Control": "no-cache",
        "Content-Length": "0",
        "Date": "Thu, 20 Oct 2022 11:11:39 GMT",
        "Expires": "-1",
        "Location": "https://management.azure.com/subscriptions/00000000-0000-0000-0000-000000000000/providers/Microsoft.NetApp/locations/westus2/operationResults/284352d8-944c-4667-a30d-dc93b009afbf?api-version=2022-05-01\u0026operationResultResponseType=Location",
        "Pragma": "no-cache",
        "Server": "Microsoft-IIS/10.0",
        "Strict-Transport-Security": "max-age=31536000; includeSubDomains",
        "X-Content-Type-Options": "nosniff",
        "x-ms-correlation-request-id": "7529bf68-e24e-4242-9ed2-06369ae0d579",
        "x-ms-ratelimit-remaining-subscription-deletes": "14994",
        "x-ms-routing-request-id": "WESTEUROPE:20221020T111140Z:7529bf68-e24e-4242-9ed2-06369ae0d579",
        "X-Powered-By": "ASP.NET"
      },
      "ResponseBody": null
    },
    {
      "RequestUri": "https://management.azure.com/subscriptions/00000000-0000-0000-0000-000000000000/providers/Microsoft.NetApp/locations/westus2/operationResults/284352d8-944c-4667-a30d-dc93b009afbf?api-version=2022-05-01",
      "RequestMethod": "GET",
      "RequestHeaders": {
        "Accept": "*/*",
        "Accept-Encoding": "gzip, deflate",
        "Connection": "keep-alive",
        "User-Agent": "azsdk-python-mgmt-netapp/9.0.1 Python/3.9.5 (Windows-10-10.0.19044-SP0)"
      },
      "RequestBody": null,
      "StatusCode": 200,
      "ResponseHeaders": {
        "Cache-Control": "no-cache",
        "Content-Encoding": "gzip",
        "Content-Type": "application/json; charset=utf-8",
        "Date": "Thu, 20 Oct 2022 11:11:40 GMT",
        "Expires": "-1",
        "Pragma": "no-cache",
        "Server": "Microsoft-IIS/10.0",
        "Strict-Transport-Security": "max-age=31536000; includeSubDomains",
        "Transfer-Encoding": "chunked",
        "Vary": "Accept-Encoding",
        "X-Content-Type-Options": "nosniff",
        "x-ms-correlation-request-id": "a642630f-7c2b-4fe6-a2b2-f358a03b8017",
        "x-ms-ratelimit-remaining-subscription-reads": "11990",
        "x-ms-routing-request-id": "WESTEUROPE:20221020T111140Z:a642630f-7c2b-4fe6-a2b2-f358a03b8017",
        "X-Powered-By": "ASP.NET"
      },
      "ResponseBody": {
        "id": "/subscriptions/00000000-0000-0000-0000-000000000000/providers/Microsoft.NetApp/locations/westus2/operationResults/284352d8-944c-4667-a30d-dc93b009afbf",
        "name": "284352d8-944c-4667-a30d-dc93b009afbf",
        "status": "Succeeded",
        "startTime": "2022-10-20T11:11:39.8029209Z",
        "endTime": "2022-10-20T11:11:39.8497538Z",
        "percentComplete": 100.0,
        "properties": {
          "resourceName": "/subscriptions/00000000-0000-0000-0000-000000000000/resourceGroups/sdk-python-tests-rg-tmp/providers/Microsoft.NetApp/netAppAccounts/sdk-py-tests-acc-1-18a4278b"
        }
      }
    },
    {
      "RequestUri": "https://management.azure.com/subscriptions/00000000-0000-0000-0000-000000000000/providers/Microsoft.NetApp/locations/westus2/operationResults/284352d8-944c-4667-a30d-dc93b009afbf?api-version=2022-05-01\u0026operationResultResponseType=Location",
      "RequestMethod": "GET",
      "RequestHeaders": {
        "Accept": "*/*",
        "Accept-Encoding": "gzip, deflate",
        "Connection": "keep-alive",
        "User-Agent": "azsdk-python-mgmt-netapp/9.0.1 Python/3.9.5 (Windows-10-10.0.19044-SP0)"
      },
      "RequestBody": null,
      "StatusCode": 200,
      "ResponseHeaders": {
        "Cache-Control": "no-cache",
        "Content-Encoding": "gzip",
        "Content-Type": "application/json; charset=utf-8",
        "Date": "Thu, 20 Oct 2022 11:11:40 GMT",
        "Expires": "-1",
        "Pragma": "no-cache",
        "Server": "Microsoft-IIS/10.0",
        "Strict-Transport-Security": "max-age=31536000; includeSubDomains",
        "Transfer-Encoding": "chunked",
        "Vary": "Accept-Encoding",
        "X-Content-Type-Options": "nosniff",
        "x-ms-correlation-request-id": "89aa36ed-7110-4adb-881c-a120a9fed85c",
        "x-ms-ratelimit-remaining-subscription-reads": "11989",
        "x-ms-routing-request-id": "WESTEUROPE:20221020T111140Z:89aa36ed-7110-4adb-881c-a120a9fed85c",
        "X-Powered-By": "ASP.NET"
      },
      "ResponseBody": {
        "id": "/subscriptions/00000000-0000-0000-0000-000000000000/resourceGroups/sdk-python-tests-rg-tmp/providers/Microsoft.NetApp/netAppAccounts/sdk-py-tests-acc-1-18a4278b",
        "name": "sdk-py-tests-acc-1-18a4278b",
        "type": "Microsoft.NetApp/netAppAccounts",
        "etag": "W/\u0022datetime\u00272022-10-20T11%3A11%3A39.7698405Z\u0027\u0022",
        "location": "westus2",
        "tags": {
          "CreatedOnDate": "2022-10-20T11:10:24.8252949Z"
        },
        "properties": {
          "encryption": {
            "keySource": "Microsoft.NetApp"
          },
          "provisioningState": "Deleting"
        },
        "systemData": {
          "createdBy": "00000000-0000-0000-0000-000000000000",
          "createdByType": "Application",
          "createdAt": "2022-10-20T11:10:26.8106227Z",
          "lastModifiedBy": "00000000-0000-0000-0000-000000000000",
          "lastModifiedByType": "Application",
          "lastModifiedAt": "2022-10-20T11:10:26.8106227Z"
        }
      }
    },
    {
      "RequestUri": "https://management.azure.com/subscriptions/00000000-0000-0000-0000-000000000000/resourceGroups/sdk-python-tests-rg-tmp/providers/Microsoft.NetApp/netAppAccounts/sdk-py-tests-acc-1-18a4278b?api-version=2022-05-01",
      "RequestMethod": "GET",
      "RequestHeaders": {
        "Accept": "application/json",
        "Accept-Encoding": "gzip, deflate",
        "Connection": "keep-alive",
        "User-Agent": "azsdk-python-mgmt-netapp/9.0.1 Python/3.9.5 (Windows-10-10.0.19044-SP0)"
      },
      "RequestBody": null,
      "StatusCode": 404,
      "ResponseHeaders": {
        "Cache-Control": "no-cache",
        "Content-Length": "255",
        "Content-Type": "application/json; charset=utf-8",
        "Date": "Thu, 20 Oct 2022 11:11:40 GMT",
        "Expires": "-1",
        "Pragma": "no-cache",
        "Server": "Microsoft-IIS/10.0",
        "Strict-Transport-Security": "max-age=31536000; includeSubDomains",
        "X-Content-Type-Options": "nosniff",
        "x-ms-correlation-request-id": "99a137b9-1298-4919-9383-689c69dc88b3",
        "x-ms-ratelimit-remaining-subscription-reads": "11988",
        "x-ms-routing-request-id": "WESTEUROPE:20221020T111140Z:99a137b9-1298-4919-9383-689c69dc88b3",
        "X-Powered-By": "ASP.NET"
      },
      "ResponseBody": {
        "error": {
          "code": "ResourceNotFound",
          "message": "The resource with identifier \u0027/subscriptions/00000000-0000-0000-0000-000000000000/resourceGroups/sdk-python-tests-rg-tmp/providers/Microsoft.NetApp/netAppAccounts/sdk-py-tests-acc-1-18a4278b\u0027 is not found."
        }
      }
    }
  ],
  "Variables": {}
}
