{
  "Entries": [
    {
      "RequestUri": "https://login.microsoftonline.com/00000000-0000-0000-0000-000000000000/v2.0/.well-known/openid-configuration",
      "RequestMethod": "GET",
      "RequestHeaders": {
        "Accept": "*/*",
        "Accept-Encoding": "gzip, deflate",
        "Connection": "keep-alive",
        "User-Agent": "azsdk-python-identity/1.11.0b3 Python/3.9.5 (Windows-10-10.0.19044-SP0)"
      },
      "RequestBody": null,
      "StatusCode": 200,
      "ResponseHeaders": {
        "Access-Control-Allow-Methods": "GET, OPTIONS",
        "Access-Control-Allow-Origin": "*",
        "Cache-Control": "max-age=86400, private",
        "Content-Length": "1753",
        "Content-Type": "application/json; charset=utf-8",
        "Date": "Fri, 22 Jul 2022 13:43:42 GMT",
        "P3P": "CP=\u0022DSP CUR OTPi IND OTRi ONL FIN\u0022",
        "Set-Cookie": "[set-cookie;]",
        "Strict-Transport-Security": "max-age=31536000; includeSubDomains",
        "X-Content-Type-Options": "nosniff",
        "x-ms-ests-server": "2.1.13315.8 - WEULR1 ProdSlices",
        "X-XSS-Protection": "0"
      },
      "ResponseBody": {
        "token_endpoint": "https://login.microsoftonline.com/00000000-0000-0000-0000-000000000000/oauth2/v2.0/token",
        "token_endpoint_auth_methods_supported": [
          "client_secret_post",
          "private_key_jwt",
          "client_secret_basic"
        ],
        "jwks_uri": "https://login.microsoftonline.com/00000000-0000-0000-0000-000000000000/discovery/v2.0/keys",
        "response_modes_supported": [
          "query",
          "fragment",
          "form_post"
        ],
        "subject_types_supported": [
          "pairwise"
        ],
        "id_token_signing_alg_values_supported": [
          "RS256"
        ],
        "response_types_supported": [
          "code",
          "id_token",
          "code id_token",
          "id_token token"
        ],
        "scopes_supported": [
          "openid",
          "profile",
          "email",
          "offline_access"
        ],
        "issuer": "https://login.microsoftonline.com/00000000-0000-0000-0000-000000000000/v2.0",
        "request_uri_parameter_supported": false,
        "userinfo_endpoint": "https://graph.microsoft.com/oidc/userinfo",
        "authorization_endpoint": "https://login.microsoftonline.com/00000000-0000-0000-0000-000000000000/oauth2/v2.0/authorize",
        "device_authorization_endpoint": "https://login.microsoftonline.com/00000000-0000-0000-0000-000000000000/oauth2/v2.0/devicecode",
        "http_logout_supported": true,
        "frontchannel_logout_supported": true,
        "end_session_endpoint": "https://login.microsoftonline.com/00000000-0000-0000-0000-000000000000/oauth2/v2.0/logout",
        "claims_supported": [
          "sub",
          "iss",
          "cloud_instance_name",
          "cloud_instance_host_name",
          "cloud_graph_host_name",
          "msgraph_host",
          "aud",
          "exp",
          "iat",
          "auth_time",
          "acr",
          "nonce",
          "preferred_username",
          "name",
          "tid",
          "ver",
          "at_hash",
          "c_hash",
          "email"
        ],
        "kerberos_endpoint": "https://login.microsoftonline.com/00000000-0000-0000-0000-000000000000/kerberos",
        "tenant_region_scope": "WW",
        "cloud_instance_name": "microsoftonline.com",
        "cloud_graph_host_name": "graph.windows.net",
        "msgraph_host": "graph.microsoft.com",
        "rbac_url": "https://pas.windows.net"
      }
    },
    {
      "RequestUri": "https://login.microsoftonline.com/common/discovery/instance?api-version=1.1\u0026authorization_endpoint=https://login.microsoftonline.com/common/oauth2/authorize",
      "RequestMethod": "GET",
      "RequestHeaders": {
        "Accept": "application/json",
        "Accept-Encoding": "gzip, deflate",
        "Connection": "keep-alive",
        "Cookie": "cookie;",
        "User-Agent": "azsdk-python-identity/1.11.0b3 Python/3.9.5 (Windows-10-10.0.19044-SP0)"
      },
      "RequestBody": null,
      "StatusCode": 200,
      "ResponseHeaders": {
        "Access-Control-Allow-Methods": "GET, OPTIONS",
        "Access-Control-Allow-Origin": "*",
        "Cache-Control": "max-age=86400, private",
        "Content-Length": "945",
        "Content-Type": "application/json; charset=utf-8",
        "Date": "Fri, 22 Jul 2022 13:43:42 GMT",
        "P3P": "CP=\u0022DSP CUR OTPi IND OTRi ONL FIN\u0022",
        "Set-Cookie": "[set-cookie;]",
        "Strict-Transport-Security": "max-age=31536000; includeSubDomains",
        "X-Content-Type-Options": "nosniff",
        "x-ms-ests-server": "2.1.13201.7 - NEULR1 ProdSlices",
        "X-XSS-Protection": "0"
      },
      "ResponseBody": {
        "tenant_discovery_endpoint": "https://login.microsoftonline.com/common/.well-known/openid-configuration",
        "api-version": "1.1",
        "metadata": [
          {
            "preferred_network": "login.microsoftonline.com",
            "preferred_cache": "login.windows.net",
            "aliases": [
              "login.microsoftonline.com",
              "login.windows.net",
              "login.microsoft.com",
              "sts.windows.net"
            ]
          },
          {
            "preferred_network": "login.partner.microsoftonline.cn",
            "preferred_cache": "login.partner.microsoftonline.cn",
            "aliases": [
              "login.partner.microsoftonline.cn",
              "login.chinacloudapi.cn"
            ]
          },
          {
            "preferred_network": "login.microsoftonline.de",
            "preferred_cache": "login.microsoftonline.de",
            "aliases": [
              "login.microsoftonline.de"
            ]
          },
          {
            "preferred_network": "login.microsoftonline.us",
            "preferred_cache": "login.microsoftonline.us",
            "aliases": [
              "login.microsoftonline.us",
              "login.usgovcloudapi.net"
            ]
          },
          {
            "preferred_network": "login-us.microsoftonline.com",
            "preferred_cache": "login-us.microsoftonline.com",
            "aliases": [
              "login-us.microsoftonline.com"
            ]
          }
        ]
      }
    },
    {
      "RequestUri": "https://login.microsoftonline.com/00000000-0000-0000-0000-000000000000/oauth2/v2.0/token",
      "RequestMethod": "POST",
      "RequestHeaders": {
        "Accept": "application/json",
        "Accept-Encoding": "gzip, deflate",
        "client-request-id": "982a2e12-0ac4-4707-aa82-e6db9a36b3d0",
        "Connection": "keep-alive",
        "Content-Length": "281",
        "Content-Type": "application/x-www-form-urlencoded",
        "Cookie": "cookie;",
        "User-Agent": "azsdk-python-identity/1.11.0b3 Python/3.9.5 (Windows-10-10.0.19044-SP0)",
        "x-client-cpu": "x64",
        "x-client-current-telemetry": "4|730,0|",
        "x-client-last-telemetry": "4|0|||",
        "x-client-os": "win32",
        "x-client-sku": "MSAL.Python",
        "x-client-ver": "1.18.0",
        "x-ms-lib-capability": "retry-after, h429"
      },
      "RequestBody": "client_id=c6c4faba-2b22-44d9-80a4-71ff5b71f811\u0026grant_type=client_credentials\u0026client_info=1\u0026client_secret=%7BQR%5B%2B%40avhE%2B3qiyY1Xf\u0026claims=%7B%22access_token%22%3A\u002B%7B%22xms_cc%22%3A\u002B%7B%22values%22%3A\u002B%5B%22CP1%22%5D%7D%7D%7D\u0026scope=https%3A%2F%2Fmanagement.azure.com%2F.default",
      "StatusCode": 200,
      "ResponseHeaders": {
        "Cache-Control": "no-store, no-cache",
        "client-request-id": "982a2e12-0ac4-4707-aa82-e6db9a36b3d0",
        "Content-Length": "114",
        "Content-Type": "application/json; charset=utf-8",
        "Date": "Fri, 22 Jul 2022 13:43:42 GMT",
        "Expires": "-1",
        "P3P": "CP=\u0022DSP CUR OTPi IND OTRi ONL FIN\u0022",
        "Pragma": "no-cache",
        "Set-Cookie": "[set-cookie;]",
        "Strict-Transport-Security": "max-age=31536000; includeSubDomains",
        "X-Content-Type-Options": "nosniff",
        "x-ms-clitelem": "1,0,0,,",
        "x-ms-ests-server": "2.1.13315.8 - NEULR1 ProdSlices",
        "X-XSS-Protection": "0"
      },
      "ResponseBody": {
        "token_type": "Bearer",
        "expires_in": 86399,
        "ext_expires_in": 86399,
        "refresh_in": 43199,
        "access_token": "access_token"
      }
    },
    {
      "RequestUri": "https://management.azure.com/subscriptions/00000000-0000-0000-0000-000000000000/resourceGroups/sdk-python-tests-rg/providers/Microsoft.NetApp/netAppAccounts/sdk-py-tests-acc-1-8b424c8?api-version=2022-03-01",
      "RequestMethod": "PUT",
      "RequestHeaders": {
        "Accept": "application/json",
        "Accept-Encoding": "gzip, deflate",
        "Connection": "keep-alive",
        "Content-Length": "35",
        "Content-Type": "application/json",
        "User-Agent": "azsdk-python-mgmt-netapp/5.1.0 Python/3.9.5 (Windows-10-10.0.19044-SP0)"
      },
      "RequestBody": {
        "location": "southcentralusstage"
      },
      "StatusCode": 201,
      "ResponseHeaders": {
        "Azure-AsyncOperation": "https://management.azure.com/subscriptions/00000000-0000-0000-0000-000000000000/providers/Microsoft.NetApp/locations/southcentralusstage/operationResults/c75329fb-ef6c-4959-8860-6b02a9486bed?api-version=2022-03-01",
        "Cache-Control": "no-cache",
        "Content-Length": "710",
        "Content-Type": "application/json; charset=utf-8",
        "Date": "Fri, 22 Jul 2022 13:43:45 GMT",
        "ETag": "W/\u0022datetime\u00272022-07-22T13%3A43%3A45.2048552Z\u0027\u0022",
        "Expires": "-1",
        "Pragma": "no-cache",
        "Server": "Microsoft-IIS/10.0",
        "Strict-Transport-Security": "max-age=31536000; includeSubDomains",
        "X-Content-Type-Options": "nosniff",
        "x-ms-correlation-request-id": "d83f357a-1b0c-4a4d-84b7-9d92813b6da8",
        "x-ms-ratelimit-remaining-subscription-writes": "1192",
        "x-ms-routing-request-id": "FRANCESOUTH:20220722T134346Z:d83f357a-1b0c-4a4d-84b7-9d92813b6da8",
        "X-Powered-By": "ASP.NET"
      },
      "ResponseBody": {
        "id": "/subscriptions/00000000-0000-0000-0000-000000000000/resourceGroups/sdk-python-tests-rg/providers/Microsoft.NetApp/netAppAccounts/sdk-py-tests-acc-1-8b424c8",
        "name": "sdk-py-tests-acc-1-8b424c8",
        "type": "Microsoft.NetApp/netAppAccounts",
        "etag": "W/\u0022datetime\u00272022-07-22T13%3A43%3A45.2048552Z\u0027\u0022",
        "location": "southcentralusstage",
        "tags": {
          "CreatedOnDate": "2022-07-22T13:43:43.1760059Z"
        },
        "properties": {
          "provisioningState": "Creating"
        },
        "systemData": {
          "createdBy": "c6c4faba-2b22-44d9-80a4-71ff5b71f811",
          "createdByType": "Application",
          "createdAt": "2022-07-22T13:43:45.050147Z",
          "lastModifiedBy": "c6c4faba-2b22-44d9-80a4-71ff5b71f811",
          "lastModifiedByType": "Application",
          "lastModifiedAt": "2022-07-22T13:43:45.050147Z"
        }
      }
    },
    {
      "RequestUri": "https://management.azure.com/subscriptions/00000000-0000-0000-0000-000000000000/providers/Microsoft.NetApp/locations/southcentralusstage/operationResults/c75329fb-ef6c-4959-8860-6b02a9486bed?api-version=2022-03-01",
      "RequestMethod": "GET",
      "RequestHeaders": {
        "Accept": "*/*",
        "Accept-Encoding": "gzip, deflate",
        "Connection": "keep-alive",
        "User-Agent": "azsdk-python-mgmt-netapp/5.1.0 Python/3.9.5 (Windows-10-10.0.19044-SP0)"
      },
      "RequestBody": null,
      "StatusCode": 200,
      "ResponseHeaders": {
        "Cache-Control": "no-cache",
        "Content-Encoding": "gzip",
        "Content-Type": "application/json; charset=utf-8",
        "Date": "Fri, 22 Jul 2022 13:44:16 GMT",
        "Expires": "-1",
        "Pragma": "no-cache",
        "Server": "Microsoft-IIS/10.0",
        "Strict-Transport-Security": "max-age=31536000; includeSubDomains",
        "Transfer-Encoding": "chunked",
        "Vary": "Accept-Encoding",
        "X-Content-Type-Options": "nosniff",
        "x-ms-correlation-request-id": "6ebc9fe5-413a-455e-95d4-4ff0c18d00df",
        "x-ms-ratelimit-remaining-subscription-reads": "11960",
        "x-ms-routing-request-id": "FRANCESOUTH:20220722T134416Z:6ebc9fe5-413a-455e-95d4-4ff0c18d00df",
        "X-Powered-By": "ASP.NET"
      },
      "ResponseBody": {
        "id": "/subscriptions/00000000-0000-0000-0000-000000000000/providers/Microsoft.NetApp/locations/southcentralusstage/operationResults/c75329fb-ef6c-4959-8860-6b02a9486bed",
        "name": "c75329fb-ef6c-4959-8860-6b02a9486bed",
        "status": "Succeeded",
        "startTime": "2022-07-22T13:43:45.2123764Z",
        "endTime": "2022-07-22T13:43:45.2363903Z",
        "percentComplete": 100.0,
        "properties": {
          "resourceName": "/subscriptions/00000000-0000-0000-0000-000000000000/resourceGroups/sdk-python-tests-rg/providers/Microsoft.NetApp/netAppAccounts/sdk-py-tests-acc-1-8b424c8",
          "action": "CREATE"
        }
      }
    },
    {
      "RequestUri": "https://management.azure.com/subscriptions/00000000-0000-0000-0000-000000000000/resourceGroups/sdk-python-tests-rg/providers/Microsoft.NetApp/netAppAccounts/sdk-py-tests-acc-1-8b424c8?api-version=2022-03-01",
      "RequestMethod": "GET",
      "RequestHeaders": {
        "Accept": "*/*",
        "Accept-Encoding": "gzip, deflate",
        "Connection": "keep-alive",
        "User-Agent": "azsdk-python-mgmt-netapp/5.1.0 Python/3.9.5 (Windows-10-10.0.19044-SP0)"
      },
      "RequestBody": null,
      "StatusCode": 200,
      "ResponseHeaders": {
        "Cache-Control": "no-cache",
        "Content-Encoding": "gzip",
        "Content-Type": "application/json; charset=utf-8",
        "Date": "Fri, 22 Jul 2022 13:44:16 GMT",
        "ETag": "W/\u0022datetime\u00272022-07-22T13%3A43%3A45.2303552Z\u0027\u0022",
        "Expires": "-1",
        "Pragma": "no-cache",
        "Server": "Microsoft-IIS/10.0",
        "Strict-Transport-Security": "max-age=31536000; includeSubDomains",
        "Transfer-Encoding": "chunked",
        "Vary": "Accept-Encoding",
        "X-Content-Type-Options": "nosniff",
        "x-ms-correlation-request-id": "aa3a5574-62bc-4a6e-b391-ce0e6d7d86ee",
        "x-ms-ratelimit-remaining-subscription-reads": "11959",
        "x-ms-routing-request-id": "FRANCESOUTH:20220722T134416Z:aa3a5574-62bc-4a6e-b391-ce0e6d7d86ee",
        "X-Powered-By": "ASP.NET"
      },
      "ResponseBody": {
        "id": "/subscriptions/00000000-0000-0000-0000-000000000000/resourceGroups/sdk-python-tests-rg/providers/Microsoft.NetApp/netAppAccounts/sdk-py-tests-acc-1-8b424c8",
        "name": "sdk-py-tests-acc-1-8b424c8",
        "type": "Microsoft.NetApp/netAppAccounts",
        "etag": "W/\u0022datetime\u00272022-07-22T13%3A43%3A45.2303552Z\u0027\u0022",
        "location": "southcentralusstage",
        "tags": {
          "CreatedOnDate": "2022-07-22T13:43:43.1760059Z"
        },
        "properties": {
          "encryption": {
            "keySource": "Microsoft.NetApp"
          },
          "provisioningState": "Succeeded"
        },
        "systemData": {
          "createdBy": "c6c4faba-2b22-44d9-80a4-71ff5b71f811",
          "createdByType": "Application",
          "createdAt": "2022-07-22T13:43:45.050147Z",
          "lastModifiedBy": "c6c4faba-2b22-44d9-80a4-71ff5b71f811",
          "lastModifiedByType": "Application",
          "lastModifiedAt": "2022-07-22T13:43:45.050147Z"
        }
      }
    },
    {
      "RequestUri": "https://management.azure.com/subscriptions/00000000-0000-0000-0000-000000000000/resourceGroups/sdk-python-tests-rg/providers/Microsoft.NetApp/netAppAccounts/sdk-py-tests-acc-1-8b424c8/capacityPools/sdk-py-tests-pool-1?api-version=2022-03-01",
      "RequestMethod": "PUT",
      "RequestHeaders": {
        "Accept": "application/json",
        "Accept-Encoding": "gzip, deflate",
        "Connection": "keep-alive",
        "Content-Length": "150",
        "Content-Type": "application/json",
        "User-Agent": "azsdk-python-mgmt-netapp/5.1.0 Python/3.9.5 (Windows-10-10.0.19044-SP0)"
      },
      "RequestBody": {
        "location": "southcentralusstage",
        "properties": {
          "size": 4398046511104,
          "serviceLevel": "Premium",
          "coolAccess": false,
          "encryptionType": "Single"
        }
      },
      "StatusCode": 201,
      "ResponseHeaders": {
        "Azure-AsyncOperation": "https://management.azure.com/subscriptions/00000000-0000-0000-0000-000000000000/providers/Microsoft.NetApp/locations/southcentralusstage/operationResults/9e8ef3b0-1c06-42fa-81cb-1e3b732280ba?api-version=2022-03-01",
        "Cache-Control": "no-cache",
        "Content-Length": "928",
        "Content-Type": "application/json; charset=utf-8",
        "Date": "Fri, 22 Jul 2022 13:44:19 GMT",
        "ETag": "W/\u0022datetime\u00272022-07-22T13%3A44%3A18.6594368Z\u0027\u0022",
        "Expires": "-1",
        "Pragma": "no-cache",
        "Server": "Microsoft-IIS/10.0",
        "Strict-Transport-Security": "max-age=31536000; includeSubDomains",
        "X-Content-Type-Options": "nosniff",
        "x-ms-correlation-request-id": "e9101f62-3df0-45d0-b583-26659bbde773",
        "x-ms-ratelimit-remaining-subscription-writes": "1191",
        "x-ms-routing-request-id": "FRANCESOUTH:20220722T134419Z:e9101f62-3df0-45d0-b583-26659bbde773",
        "X-Powered-By": "ASP.NET"
      },
      "ResponseBody": {
        "id": "/subscriptions/00000000-0000-0000-0000-000000000000/resourceGroups/sdk-python-tests-rg/providers/Microsoft.NetApp/netAppAccounts/sdk-py-tests-acc-1-8b424c8/capacityPools/sdk-py-tests-pool-1",
        "name": "sdk-py-tests-acc-1-8b424c8/sdk-py-tests-pool-1",
        "type": "Microsoft.NetApp/netAppAccounts/capacityPools",
        "etag": "W/\u0022datetime\u00272022-07-22T13%3A44%3A18.6594368Z\u0027\u0022",
        "location": "southcentralusstage",
        "tags": {
          "CreatedOnDate": "2022-07-22T13:44:17.1870295Z"
        },
        "properties": {
          "serviceLevel": "Premium",
          "size": 4398046511104,
          "totalThroughputMibps": 0.0,
          "utilizedThroughputMibps": 0.0,
          "encryptionType": "Single",
          "coolAccess": false,
          "provisioningState": "Creating"
        },
        "systemData": {
          "createdBy": "c6c4faba-2b22-44d9-80a4-71ff5b71f811",
          "createdByType": "Application",
          "createdAt": "2022-07-22T13:44:18.2615762Z",
          "lastModifiedBy": "c6c4faba-2b22-44d9-80a4-71ff5b71f811",
          "lastModifiedByType": "Application",
          "lastModifiedAt": "2022-07-22T13:44:18.2615762Z"
        }
      }
    },
    {
      "RequestUri": "https://management.azure.com/subscriptions/00000000-0000-0000-0000-000000000000/providers/Microsoft.NetApp/locations/southcentralusstage/operationResults/9e8ef3b0-1c06-42fa-81cb-1e3b732280ba?api-version=2022-03-01",
      "RequestMethod": "GET",
      "RequestHeaders": {
        "Accept": "*/*",
        "Accept-Encoding": "gzip, deflate",
        "Connection": "keep-alive",
        "User-Agent": "azsdk-python-mgmt-netapp/5.1.0 Python/3.9.5 (Windows-10-10.0.19044-SP0)"
      },
      "RequestBody": null,
      "StatusCode": 200,
      "ResponseHeaders": {
        "Cache-Control": "no-cache",
        "Content-Encoding": "gzip",
        "Content-Type": "application/json; charset=utf-8",
        "Date": "Fri, 22 Jul 2022 13:44:49 GMT",
        "Expires": "-1",
        "Pragma": "no-cache",
        "Server": "Microsoft-IIS/10.0",
        "Strict-Transport-Security": "max-age=31536000; includeSubDomains",
        "Transfer-Encoding": "chunked",
        "Vary": "Accept-Encoding",
        "X-Content-Type-Options": "nosniff",
        "x-ms-correlation-request-id": "2084f9ed-1ff5-4aef-a1b4-348ac688da3e",
        "x-ms-ratelimit-remaining-subscription-reads": "11958",
        "x-ms-routing-request-id": "FRANCESOUTH:20220722T134449Z:2084f9ed-1ff5-4aef-a1b4-348ac688da3e",
        "X-Powered-By": "ASP.NET"
      },
      "ResponseBody": {
        "id": "/subscriptions/00000000-0000-0000-0000-000000000000/providers/Microsoft.NetApp/locations/southcentralusstage/operationResults/9e8ef3b0-1c06-42fa-81cb-1e3b732280ba",
        "name": "9e8ef3b0-1c06-42fa-81cb-1e3b732280ba",
        "status": "Succeeded",
        "startTime": "2022-07-22T13:44:18.6674186Z",
        "endTime": "2022-07-22T13:44:19.3349837Z",
        "percentComplete": 100.0,
        "properties": {
          "resourceName": "/subscriptions/00000000-0000-0000-0000-000000000000/resourceGroups/sdk-python-tests-rg/providers/Microsoft.NetApp/netAppAccounts/sdk-py-tests-acc-1-8b424c8/capacityPools/sdk-py-tests-pool-1",
          "action": "CREATE"
        }
      }
    },
    {
      "RequestUri": "https://management.azure.com/subscriptions/00000000-0000-0000-0000-000000000000/resourceGroups/sdk-python-tests-rg/providers/Microsoft.NetApp/netAppAccounts/sdk-py-tests-acc-1-8b424c8/capacityPools/sdk-py-tests-pool-1?api-version=2022-03-01",
      "RequestMethod": "GET",
      "RequestHeaders": {
        "Accept": "*/*",
        "Accept-Encoding": "gzip, deflate",
        "Connection": "keep-alive",
        "User-Agent": "azsdk-python-mgmt-netapp/5.1.0 Python/3.9.5 (Windows-10-10.0.19044-SP0)"
      },
      "RequestBody": null,
      "StatusCode": 200,
      "ResponseHeaders": {
        "Cache-Control": "no-cache",
        "Content-Encoding": "gzip",
        "Content-Type": "application/json; charset=utf-8",
        "Date": "Fri, 22 Jul 2022 13:44:50 GMT",
        "ETag": "W/\u0022datetime\u00272022-07-22T13%3A44%3A19.3257539Z\u0027\u0022",
        "Expires": "-1",
        "Pragma": "no-cache",
        "Server": "Microsoft-IIS/10.0",
        "Strict-Transport-Security": "max-age=31536000; includeSubDomains",
        "Transfer-Encoding": "chunked",
        "Vary": "Accept-Encoding",
        "X-Content-Type-Options": "nosniff",
        "x-ms-correlation-request-id": "14af894c-de9c-475f-9129-e77e810c2342",
        "x-ms-ratelimit-remaining-subscription-reads": "11957",
        "x-ms-routing-request-id": "FRANCESOUTH:20220722T134450Z:14af894c-de9c-475f-9129-e77e810c2342",
        "X-Powered-By": "ASP.NET"
      },
      "ResponseBody": {
        "id": "/subscriptions/00000000-0000-0000-0000-000000000000/resourceGroups/sdk-python-tests-rg/providers/Microsoft.NetApp/netAppAccounts/sdk-py-tests-acc-1-8b424c8/capacityPools/sdk-py-tests-pool-1",
        "name": "sdk-py-tests-acc-1-8b424c8/sdk-py-tests-pool-1",
        "type": "Microsoft.NetApp/netAppAccounts/capacityPools",
        "etag": "W/\u0022datetime\u00272022-07-22T13%3A44%3A19.3257539Z\u0027\u0022",
        "location": "southcentralusstage",
        "tags": {
          "CreatedOnDate": "2022-07-22T13:44:17.1870295Z"
        },
        "properties": {
          "poolId": "ca921ba1-f1f7-69a3-4228-b76bb1bb6629",
          "serviceLevel": "Premium",
          "size": 4398046511104,
          "qosType": "Auto",
          "totalThroughputMibps": 256.0,
          "utilizedThroughputMibps": 0.0,
          "encryptionType": "Single",
          "coolAccess": false,
          "provisioningState": "Succeeded"
        },
        "systemData": {
          "createdBy": "c6c4faba-2b22-44d9-80a4-71ff5b71f811",
          "createdByType": "Application",
          "createdAt": "2022-07-22T13:44:18.2615762Z",
          "lastModifiedBy": "c6c4faba-2b22-44d9-80a4-71ff5b71f811",
          "lastModifiedByType": "Application",
          "lastModifiedAt": "2022-07-22T13:44:18.2615762Z"
        }
      }
    },
    {
      "RequestUri": "https://management.azure.com/subscriptions/00000000-0000-0000-0000-000000000000/resourceGroups/sdk-python-tests-rg/providers/Microsoft.NetApp/netAppAccounts/sdk-py-tests-acc-1-8b424c8/capacityPools/sdk-py-tests-pool-1?api-version=2022-03-01",
      "RequestMethod": "PUT",
      "RequestHeaders": {
        "Accept": "application/json",
        "Accept-Encoding": "gzip, deflate",
        "Connection": "keep-alive",
        "Content-Length": "95",
        "Content-Type": "application/json",
        "User-Agent": "azsdk-python-mgmt-netapp/5.1.0 Python/3.9.5 (Windows-10-10.0.19044-SP0)"
      },
      "RequestBody": {
        "location": "southcentralusstage",
        "properties": {
          "size": 4398046511104,
          "qosType": "Manual"
        }
      },
      "StatusCode": 200,
      "ResponseHeaders": {
        "Azure-AsyncOperation": "https://management.azure.com/subscriptions/00000000-0000-0000-0000-000000000000/providers/Microsoft.NetApp/locations/southcentralusstage/operationResults/f71eb528-a82e-4aae-852b-b4086f8d73c5?api-version=2022-03-01",
        "Cache-Control": "no-cache",
        "Content-Encoding": "gzip",
        "Content-Type": "application/json; charset=utf-8",
        "Date": "Fri, 22 Jul 2022 13:44:51 GMT",
        "ETag": "W/\u0022datetime\u00272022-07-22T13%3A44%3A50.7466953Z\u0027\u0022",
        "Expires": "-1",
        "Pragma": "no-cache",
        "Server": "Microsoft-IIS/10.0",
        "Strict-Transport-Security": "max-age=31536000; includeSubDomains",
        "Transfer-Encoding": "chunked",
        "Vary": "Accept-Encoding",
        "X-Content-Type-Options": "nosniff",
        "x-ms-correlation-request-id": "db61830f-a4ff-4e19-8318-ae63ad7bc689",
        "x-ms-ratelimit-remaining-subscription-writes": "1190",
        "x-ms-routing-request-id": "FRANCESOUTH:20220722T134451Z:db61830f-a4ff-4e19-8318-ae63ad7bc689",
        "X-Powered-By": "ASP.NET"
      },
      "ResponseBody": {
        "id": "/subscriptions/00000000-0000-0000-0000-000000000000/resourceGroups/sdk-python-tests-rg/providers/Microsoft.NetApp/netAppAccounts/sdk-py-tests-acc-1-8b424c8/capacityPools/sdk-py-tests-pool-1",
        "name": "sdk-py-tests-acc-1-8b424c8/sdk-py-tests-pool-1",
        "type": "Microsoft.NetApp/netAppAccounts/capacityPools",
        "etag": "W/\u0022datetime\u00272022-07-22T13%3A44%3A50.7466953Z\u0027\u0022",
        "location": "southcentralusstage",
        "tags": {
          "CreatedOnDate": "2022-07-22T13:44:17.1870295Z"
        },
        "properties": {
          "provisioningState": "Updating",
          "poolId": "ca921ba1-f1f7-69a3-4228-b76bb1bb6629",
          "serviceLevel": "Premium",
          "size": 4398046511104,
          "qosType": "Auto",
          "totalThroughputMibps": 256.0,
          "utilizedThroughputMibps": 0.0,
          "encryptionType": "Single",
          "coolAccess": false
        },
        "systemData": {
          "createdBy": "c6c4faba-2b22-44d9-80a4-71ff5b71f811",
          "createdByType": "Application",
          "createdAt": "2022-07-22T13:44:18.2615762Z",
          "lastModifiedBy": "c6c4faba-2b22-44d9-80a4-71ff5b71f811",
          "lastModifiedByType": "Application",
          "lastModifiedAt": "2022-07-22T13:44:18.2615762Z"
        }
      }
    },
    {
      "RequestUri": "https://management.azure.com/subscriptions/00000000-0000-0000-0000-000000000000/providers/Microsoft.NetApp/locations/southcentralusstage/operationResults/f71eb528-a82e-4aae-852b-b4086f8d73c5?api-version=2022-03-01",
      "RequestMethod": "GET",
      "RequestHeaders": {
        "Accept": "*/*",
        "Accept-Encoding": "gzip, deflate",
        "Connection": "keep-alive",
        "User-Agent": "azsdk-python-mgmt-netapp/5.1.0 Python/3.9.5 (Windows-10-10.0.19044-SP0)"
      },
      "RequestBody": null,
      "StatusCode": 200,
      "ResponseHeaders": {
        "Cache-Control": "no-cache",
        "Content-Encoding": "gzip",
        "Content-Type": "application/json; charset=utf-8",
        "Date": "Fri, 22 Jul 2022 13:45:21 GMT",
        "Expires": "-1",
        "Pragma": "no-cache",
        "Server": "Microsoft-IIS/10.0",
        "Strict-Transport-Security": "max-age=31536000; includeSubDomains",
        "Transfer-Encoding": "chunked",
        "Vary": "Accept-Encoding",
        "X-Content-Type-Options": "nosniff",
        "x-ms-correlation-request-id": "e7aa15a6-d999-40b3-b654-fd3532ef9328",
        "x-ms-ratelimit-remaining-subscription-reads": "11956",
        "x-ms-routing-request-id": "FRANCESOUTH:20220722T134521Z:e7aa15a6-d999-40b3-b654-fd3532ef9328",
        "X-Powered-By": "ASP.NET"
      },
      "ResponseBody": {
        "id": "/subscriptions/00000000-0000-0000-0000-000000000000/providers/Microsoft.NetApp/locations/southcentralusstage/operationResults/f71eb528-a82e-4aae-852b-b4086f8d73c5",
        "name": "f71eb528-a82e-4aae-852b-b4086f8d73c5",
        "status": "Succeeded",
        "startTime": "2022-07-22T13:44:50.7531608Z",
        "endTime": "2022-07-22T13:44:53.6816217Z",
        "percentComplete": 100.0,
        "properties": {
          "resourceName": "/subscriptions/00000000-0000-0000-0000-000000000000/resourceGroups/sdk-python-tests-rg/providers/Microsoft.NetApp/netAppAccounts/sdk-py-tests-acc-1-8b424c8/capacityPools/sdk-py-tests-pool-1",
          "action": "UPDATE"
        }
      }
    },
    {
      "RequestUri": "https://management.azure.com/subscriptions/00000000-0000-0000-0000-000000000000/resourceGroups/sdk-python-tests-rg/providers/Microsoft.NetApp/netAppAccounts/sdk-py-tests-acc-1-8b424c8/capacityPools/sdk-py-tests-pool-1?api-version=2022-03-01",
      "RequestMethod": "GET",
      "RequestHeaders": {
        "Accept": "*/*",
        "Accept-Encoding": "gzip, deflate",
        "Connection": "keep-alive",
        "User-Agent": "azsdk-python-mgmt-netapp/5.1.0 Python/3.9.5 (Windows-10-10.0.19044-SP0)"
      },
      "RequestBody": null,
      "StatusCode": 200,
      "ResponseHeaders": {
        "Cache-Control": "no-cache",
        "Content-Encoding": "gzip",
        "Content-Type": "application/json; charset=utf-8",
        "Date": "Fri, 22 Jul 2022 13:45:21 GMT",
        "ETag": "W/\u0022datetime\u00272022-07-22T13%3A44%3A53.6720142Z\u0027\u0022",
        "Expires": "-1",
        "Pragma": "no-cache",
        "Server": "Microsoft-IIS/10.0",
        "Strict-Transport-Security": "max-age=31536000; includeSubDomains",
        "Transfer-Encoding": "chunked",
        "Vary": "Accept-Encoding",
        "X-Content-Type-Options": "nosniff",
        "x-ms-correlation-request-id": "c60f886c-7600-4d60-88ba-a11f30c9d7f3",
        "x-ms-ratelimit-remaining-subscription-reads": "11955",
        "x-ms-routing-request-id": "FRANCESOUTH:20220722T134522Z:c60f886c-7600-4d60-88ba-a11f30c9d7f3",
        "X-Powered-By": "ASP.NET"
      },
      "ResponseBody": {
        "id": "/subscriptions/00000000-0000-0000-0000-000000000000/resourceGroups/sdk-python-tests-rg/providers/Microsoft.NetApp/netAppAccounts/sdk-py-tests-acc-1-8b424c8/capacityPools/sdk-py-tests-pool-1",
        "name": "sdk-py-tests-acc-1-8b424c8/sdk-py-tests-pool-1",
        "type": "Microsoft.NetApp/netAppAccounts/capacityPools",
        "etag": "W/\u0022datetime\u00272022-07-22T13%3A44%3A53.6720142Z\u0027\u0022",
        "location": "southcentralusstage",
        "tags": {
          "CreatedOnDate": "2022-07-22T13:44:50.4792363Z"
        },
        "properties": {
          "poolId": "ca921ba1-f1f7-69a3-4228-b76bb1bb6629",
          "serviceLevel": "Premium",
          "size": 4398046511104,
          "qosType": "Manual",
          "totalThroughputMibps": 256.0,
          "utilizedThroughputMibps": 0.0,
          "encryptionType": "Single",
          "coolAccess": false,
          "provisioningState": "Succeeded"
        },
        "systemData": {
          "createdBy": "c6c4faba-2b22-44d9-80a4-71ff5b71f811",
          "createdByType": "Application",
          "createdAt": "2022-07-22T13:44:18.2615762Z",
          "lastModifiedBy": "c6c4faba-2b22-44d9-80a4-71ff5b71f811",
          "lastModifiedByType": "Application",
          "lastModifiedAt": "2022-07-22T13:44:50.6440242Z"
        }
      }
    },
    {
      "RequestUri": "https://management.azure.com/subscriptions/00000000-0000-0000-0000-000000000000/resourceGroups/sdk-python-tests-rg/providers/Microsoft.NetApp/netAppAccounts/sdk-py-tests-acc-1-8b424c8/capacityPools/sdk-py-tests-pool-1?api-version=2022-03-01",
      "RequestMethod": "DELETE",
      "RequestHeaders": {
        "Accept": "*/*",
        "Accept-Encoding": "gzip, deflate",
        "Connection": "keep-alive",
        "Content-Length": "0",
        "User-Agent": "azsdk-python-mgmt-netapp/5.1.0 Python/3.9.5 (Windows-10-10.0.19044-SP0)"
      },
      "RequestBody": null,
      "StatusCode": 202,
      "ResponseHeaders": {
        "Azure-AsyncOperation": "https://management.azure.com/subscriptions/00000000-0000-0000-0000-000000000000/providers/Microsoft.NetApp/locations/southcentralusstage/operationResults/fc5aa582-8f9f-4828-af5a-df401e27002d?api-version=2022-03-01",
        "Cache-Control": "no-cache",
        "Content-Length": "0",
        "Date": "Fri, 22 Jul 2022 13:45:32 GMT",
        "Expires": "-1",
        "Location": "https://management.azure.com/subscriptions/00000000-0000-0000-0000-000000000000/providers/Microsoft.NetApp/locations/southcentralusstage/operationResults/fc5aa582-8f9f-4828-af5a-df401e27002d?api-version=2022-03-01\u0026operationResultResponseType=Location",
        "Pragma": "no-cache",
        "Server": "Microsoft-IIS/10.0",
        "Strict-Transport-Security": "max-age=31536000; includeSubDomains",
        "X-Content-Type-Options": "nosniff",
        "x-ms-correlation-request-id": "b66f9c2f-0b3b-4e2d-9615-52b51d23da1e",
        "x-ms-ratelimit-remaining-subscription-deletes": "14976",
        "x-ms-routing-request-id": "FRANCESOUTH:20220722T134532Z:b66f9c2f-0b3b-4e2d-9615-52b51d23da1e",
        "X-Powered-By": "ASP.NET"
      },
      "ResponseBody": null
    },
    {
      "RequestUri": "https://management.azure.com/subscriptions/00000000-0000-0000-0000-000000000000/providers/Microsoft.NetApp/locations/southcentralusstage/operationResults/fc5aa582-8f9f-4828-af5a-df401e27002d?api-version=2022-03-01",
      "RequestMethod": "GET",
      "RequestHeaders": {
        "Accept": "*/*",
        "Accept-Encoding": "gzip, deflate",
        "Connection": "keep-alive",
        "User-Agent": "azsdk-python-mgmt-netapp/5.1.0 Python/3.9.5 (Windows-10-10.0.19044-SP0)"
      },
      "RequestBody": null,
      "StatusCode": 200,
      "ResponseHeaders": {
        "Cache-Control": "no-cache",
        "Content-Encoding": "gzip",
        "Content-Type": "application/json; charset=utf-8",
        "Date": "Fri, 22 Jul 2022 13:46:02 GMT",
        "Expires": "-1",
        "Pragma": "no-cache",
        "Server": "Microsoft-IIS/10.0",
        "Strict-Transport-Security": "max-age=31536000; includeSubDomains",
        "Transfer-Encoding": "chunked",
        "Vary": "Accept-Encoding",
        "X-Content-Type-Options": "nosniff",
        "x-ms-correlation-request-id": "cd3787f5-78f6-4bf6-aaa7-4356a3c5925c",
        "x-ms-ratelimit-remaining-subscription-reads": "11954",
        "x-ms-routing-request-id": "FRANCESOUTH:20220722T134603Z:cd3787f5-78f6-4bf6-aaa7-4356a3c5925c",
        "X-Powered-By": "ASP.NET"
      },
      "ResponseBody": {
        "id": "/subscriptions/00000000-0000-0000-0000-000000000000/providers/Microsoft.NetApp/locations/southcentralusstage/operationResults/fc5aa582-8f9f-4828-af5a-df401e27002d",
        "name": "fc5aa582-8f9f-4828-af5a-df401e27002d",
        "status": "Succeeded",
        "startTime": "2022-07-22T13:45:32.7634104Z",
        "endTime": "2022-07-22T13:45:36.4504419Z",
        "percentComplete": 100.0,
        "properties": {
          "resourceName": "/subscriptions/00000000-0000-0000-0000-000000000000/resourceGroups/sdk-python-tests-rg/providers/Microsoft.NetApp/netAppAccounts/sdk-py-tests-acc-1-8b424c8/capacityPools/sdk-py-tests-pool-1",
          "action": "DELETE"
        }
      }
    },
    {
      "RequestUri": "https://management.azure.com/subscriptions/00000000-0000-0000-0000-000000000000/providers/Microsoft.NetApp/locations/southcentralusstage/operationResults/fc5aa582-8f9f-4828-af5a-df401e27002d?api-version=2022-03-01\u0026operationResultResponseType=Location",
      "RequestMethod": "GET",
      "RequestHeaders": {
        "Accept": "*/*",
        "Accept-Encoding": "gzip, deflate",
        "Connection": "keep-alive",
        "User-Agent": "azsdk-python-mgmt-netapp/5.1.0 Python/3.9.5 (Windows-10-10.0.19044-SP0)"
      },
      "RequestBody": null,
      "StatusCode": 200,
      "ResponseHeaders": {
        "Cache-Control": "no-cache",
        "Content-Encoding": "gzip",
        "Content-Type": "application/json; charset=utf-8",
        "Date": "Fri, 22 Jul 2022 13:46:03 GMT",
        "Expires": "-1",
        "Pragma": "no-cache",
        "Server": "Microsoft-IIS/10.0",
        "Strict-Transport-Security": "max-age=31536000; includeSubDomains",
        "Transfer-Encoding": "chunked",
        "Vary": "Accept-Encoding",
        "X-Content-Type-Options": "nosniff",
        "x-ms-correlation-request-id": "acf1af94-b42d-40b0-8969-44dc657bd3c6",
        "x-ms-ratelimit-remaining-subscription-reads": "11953",
        "x-ms-routing-request-id": "FRANCESOUTH:20220722T134603Z:acf1af94-b42d-40b0-8969-44dc657bd3c6",
        "X-Powered-By": "ASP.NET"
      },
      "ResponseBody": {
        "id": "/subscriptions/00000000-0000-0000-0000-000000000000/resourceGroups/sdk-python-tests-rg/providers/Microsoft.NetApp/netAppAccounts/sdk-py-tests-acc-1-8b424c8/capacityPools/sdk-py-tests-pool-1",
        "name": "sdk-py-tests-acc-1-8b424c8/sdk-py-tests-pool-1",
        "type": "Microsoft.NetApp/netAppAccounts/capacityPools",
        "etag": "W/\u0022datetime\u00272022-07-22T13%3A45%3A32.7565554Z\u0027\u0022",
        "location": "southcentralusstage",
        "tags": {
          "CreatedOnDate": "2022-07-22T13:44:50.4792363Z"
        },
        "properties": {
          "poolId": "ca921ba1-f1f7-69a3-4228-b76bb1bb6629",
          "serviceLevel": "Premium",
          "size": 4398046511104,
          "vendorID": "/subscriptions/00000000-0000-0000-0000-000000000000/resourceGroups/sdk-python-tests-rg/providers/Microsoft.NetApp/netAppAccounts/sdk-py-tests-acc-1-8b424c8/capacityPools/sdk-py-tests-pool-1",
          "qosType": "Manual",
          "totalThroughputMibps": 256.0,
          "utilizedThroughputMibps": 0.0,
          "encryptionType": "Single",
          "coolAccess": false,
          "provisioningState": "Deleting"
        },
        "systemData": {
          "createdBy": "c6c4faba-2b22-44d9-80a4-71ff5b71f811",
          "createdByType": "Application",
          "createdAt": "2022-07-22T13:44:18.2615762Z",
          "lastModifiedBy": "c6c4faba-2b22-44d9-80a4-71ff5b71f811",
          "lastModifiedByType": "Application",
          "lastModifiedAt": "2022-07-22T13:44:50.6440242Z"
        }
      }
    },
    {
      "RequestUri": "https://management.azure.com/subscriptions/00000000-0000-0000-0000-000000000000/resourceGroups/sdk-python-tests-rg/providers/Microsoft.NetApp/netAppAccounts/sdk-py-tests-acc-1-8b424c8/capacityPools/sdk-py-tests-pool-1?api-version=2022-03-01",
      "RequestMethod": "DELETE",
      "RequestHeaders": {
        "Accept": "*/*",
        "Accept-Encoding": "gzip, deflate",
        "Connection": "keep-alive",
        "Content-Length": "0",
        "User-Agent": "azsdk-python-mgmt-netapp/5.1.0 Python/3.9.5 (Windows-10-10.0.19044-SP0)"
      },
      "RequestBody": null,
      "StatusCode": 204,
      "ResponseHeaders": {
        "Cache-Control": "no-cache",
        "Date": "Fri, 22 Jul 2022 13:46:13 GMT",
        "Expires": "-1",
        "Pragma": "no-cache",
        "Strict-Transport-Security": "max-age=31536000; includeSubDomains",
        "X-Content-Type-Options": "nosniff",
        "x-ms-correlation-request-id": "58e3d1a5-0c6b-4352-a4cf-c26422be50a8",
        "x-ms-ratelimit-remaining-subscription-deletes": "14975",
        "x-ms-routing-request-id": "FRANCESOUTH:20220722T134613Z:58e3d1a5-0c6b-4352-a4cf-c26422be50a8"
      },
      "ResponseBody": null
    },
    {
      "RequestUri": "https://management.azure.com/subscriptions/00000000-0000-0000-0000-000000000000/resourceGroups/sdk-python-tests-rg/providers/Microsoft.NetApp/netAppAccounts/sdk-py-tests-acc-1-8b424c8/capacityPools/sdk-py-tests-pool-1?api-version=2022-03-01",
      "RequestMethod": "DELETE",
      "RequestHeaders": {
        "Accept": "*/*",
        "Accept-Encoding": "gzip, deflate",
        "Connection": "keep-alive",
        "Content-Length": "0",
        "User-Agent": "azsdk-python-mgmt-netapp/5.1.0 Python/3.9.5 (Windows-10-10.0.19044-SP0)"
      },
      "RequestBody": null,
      "StatusCode": 204,
      "ResponseHeaders": {
        "Cache-Control": "no-cache",
        "Date": "Fri, 22 Jul 2022 13:46:23 GMT",
        "Expires": "-1",
        "Pragma": "no-cache",
        "Strict-Transport-Security": "max-age=31536000; includeSubDomains",
        "X-Content-Type-Options": "nosniff",
        "x-ms-correlation-request-id": "37a99e16-308c-4cc4-a69b-dc6d3b50b85b",
        "x-ms-ratelimit-remaining-subscription-deletes": "14974",
        "x-ms-routing-request-id": "FRANCESOUTH:20220722T134623Z:37a99e16-308c-4cc4-a69b-dc6d3b50b85b"
      },
      "ResponseBody": null
    },
    {
      "RequestUri": "https://management.azure.com/subscriptions/00000000-0000-0000-0000-000000000000/resourceGroups/sdk-python-tests-rg/providers/Microsoft.NetApp/netAppAccounts/sdk-py-tests-acc-1-8b424c8/capacityPools/sdk-py-tests-pool-1?api-version=2022-03-01",
      "RequestMethod": "DELETE",
      "RequestHeaders": {
        "Accept": "*/*",
        "Accept-Encoding": "gzip, deflate",
        "Connection": "keep-alive",
        "Content-Length": "0",
        "User-Agent": "azsdk-python-mgmt-netapp/5.1.0 Python/3.9.5 (Windows-10-10.0.19044-SP0)"
      },
      "RequestBody": null,
      "StatusCode": 204,
      "ResponseHeaders": {
        "Cache-Control": "no-cache",
        "Date": "Fri, 22 Jul 2022 13:46:33 GMT",
        "Expires": "-1",
        "Pragma": "no-cache",
        "Strict-Transport-Security": "max-age=31536000; includeSubDomains",
        "X-Content-Type-Options": "nosniff",
        "x-ms-correlation-request-id": "37fadd4c-340d-40e0-b765-8e7d3794238a",
        "x-ms-ratelimit-remaining-subscription-deletes": "14973",
        "x-ms-routing-request-id": "FRANCESOUTH:20220722T134634Z:37fadd4c-340d-40e0-b765-8e7d3794238a"
      },
      "ResponseBody": null
    },
    {
      "RequestUri": "https://management.azure.com/subscriptions/00000000-0000-0000-0000-000000000000/resourceGroups/sdk-python-tests-rg/providers/Microsoft.NetApp/netAppAccounts/sdk-py-tests-acc-1-8b424c8/capacityPools/sdk-py-tests-pool-1?api-version=2022-03-01",
      "RequestMethod": "DELETE",
      "RequestHeaders": {
        "Accept": "*/*",
        "Accept-Encoding": "gzip, deflate",
        "Connection": "keep-alive",
        "Content-Length": "0",
        "User-Agent": "azsdk-python-mgmt-netapp/5.1.0 Python/3.9.5 (Windows-10-10.0.19044-SP0)"
      },
      "RequestBody": null,
      "StatusCode": 204,
      "ResponseHeaders": {
        "Cache-Control": "no-cache",
        "Date": "Fri, 22 Jul 2022 13:46:43 GMT",
        "Expires": "-1",
        "Pragma": "no-cache",
        "Strict-Transport-Security": "max-age=31536000; includeSubDomains",
        "X-Content-Type-Options": "nosniff",
        "x-ms-correlation-request-id": "1bfdd51f-682d-476d-80f4-99b56e932560",
        "x-ms-ratelimit-remaining-subscription-deletes": "14972",
        "x-ms-routing-request-id": "FRANCESOUTH:20220722T134644Z:1bfdd51f-682d-476d-80f4-99b56e932560"
      },
      "ResponseBody": null
    },
    {
      "RequestUri": "https://management.azure.com/subscriptions/00000000-0000-0000-0000-000000000000/resourceGroups/sdk-python-tests-rg/providers/Microsoft.NetApp/netAppAccounts/sdk-py-tests-acc-1-8b424c8/capacityPools/sdk-py-tests-pool-1?api-version=2022-03-01",
      "RequestMethod": "GET",
      "RequestHeaders": {
        "Accept": "application/json",
        "Accept-Encoding": "gzip, deflate",
        "Connection": "keep-alive",
        "User-Agent": "azsdk-python-mgmt-netapp/5.1.0 Python/3.9.5 (Windows-10-10.0.19044-SP0)"
      },
      "RequestBody": null,
      "StatusCode": 404,
      "ResponseHeaders": {
        "Cache-Control": "no-cache",
        "Content-Length": "283",
        "Content-Type": "application/json; charset=utf-8",
        "Date": "Fri, 22 Jul 2022 13:46:53 GMT",
        "Expires": "-1",
        "Pragma": "no-cache",
        "Strict-Transport-Security": "max-age=31536000; includeSubDomains",
        "X-Content-Type-Options": "nosniff",
        "x-ms-correlation-request-id": "886a55d4-c1f4-4b01-81a5-d70d23852b01",
        "x-ms-failure-cause": "gateway",
        "x-ms-routing-request-id": "FRANCESOUTH:20220722T134654Z:886a55d4-c1f4-4b01-81a5-d70d23852b01"
      },
      "ResponseBody": {
        "error": {
          "code": "ResourceNotFound",
          "message": "The Resource \u0027Microsoft.NetApp/netAppAccounts/sdk-py-tests-acc-1-8b424c8/capacityPools/sdk-py-tests-pool-1\u0027 under resource group \u0027sdk-python-tests-rg\u0027 was not found. For more details please go to https://aka.ms/ARMResourceNotFoundFix"
        }
      }
    },
    {
      "RequestUri": "https://management.azure.com/subscriptions/00000000-0000-0000-0000-000000000000/resourceGroups/sdk-python-tests-rg/providers/Microsoft.NetApp/netAppAccounts/sdk-py-tests-acc-1-8b424c8?api-version=2022-03-01",
      "RequestMethod": "DELETE",
      "RequestHeaders": {
        "Accept": "*/*",
        "Accept-Encoding": "gzip, deflate",
        "Connection": "keep-alive",
        "Content-Length": "0",
        "User-Agent": "azsdk-python-mgmt-netapp/5.1.0 Python/3.9.5 (Windows-10-10.0.19044-SP0)"
      },
      "RequestBody": null,
      "StatusCode": 202,
      "ResponseHeaders": {
        "Azure-AsyncOperation": "https://management.azure.com/subscriptions/00000000-0000-0000-0000-000000000000/providers/Microsoft.NetApp/locations/southcentralusstage/operationResults/2875b938-2587-4dc3-90f8-d4ced18ff16e?api-version=2022-03-01",
        "Cache-Control": "no-cache",
        "Content-Length": "0",
        "Date": "Fri, 22 Jul 2022 13:46:54 GMT",
        "Expires": "-1",
        "Location": "https://management.azure.com/subscriptions/00000000-0000-0000-0000-000000000000/providers/Microsoft.NetApp/locations/southcentralusstage/operationResults/2875b938-2587-4dc3-90f8-d4ced18ff16e?api-version=2022-03-01\u0026operationResultResponseType=Location",
        "Pragma": "no-cache",
        "Server": "Microsoft-IIS/10.0",
        "Strict-Transport-Security": "max-age=31536000; includeSubDomains",
        "X-Content-Type-Options": "nosniff",
        "x-ms-correlation-request-id": "78b6913e-a2ec-43c4-9aa0-aabbb7dbc4e9",
        "x-ms-ratelimit-remaining-subscription-deletes": "14971",
        "x-ms-routing-request-id": "FRANCESOUTH:20220722T134655Z:78b6913e-a2ec-43c4-9aa0-aabbb7dbc4e9",
        "X-Powered-By": "ASP.NET"
      },
      "ResponseBody": null
    },
    {
      "RequestUri": "https://management.azure.com/subscriptions/00000000-0000-0000-0000-000000000000/providers/Microsoft.NetApp/locations/southcentralusstage/operationResults/2875b938-2587-4dc3-90f8-d4ced18ff16e?api-version=2022-03-01",
      "RequestMethod": "GET",
      "RequestHeaders": {
        "Accept": "*/*",
        "Accept-Encoding": "gzip, deflate",
        "Connection": "keep-alive",
        "User-Agent": "azsdk-python-mgmt-netapp/5.1.0 Python/3.9.5 (Windows-10-10.0.19044-SP0)"
      },
      "RequestBody": null,
      "StatusCode": 200,
      "ResponseHeaders": {
        "Cache-Control": "no-cache",
        "Content-Encoding": "gzip",
        "Content-Type": "application/json; charset=utf-8",
        "Date": "Fri, 22 Jul 2022 13:47:25 GMT",
        "Expires": "-1",
        "Pragma": "no-cache",
        "Server": "Microsoft-IIS/10.0",
        "Strict-Transport-Security": "max-age=31536000; includeSubDomains",
        "Transfer-Encoding": "chunked",
        "Vary": "Accept-Encoding",
        "X-Content-Type-Options": "nosniff",
        "x-ms-correlation-request-id": "2e9e84f5-3e89-46c1-9a7b-899ff86c1e83",
        "x-ms-ratelimit-remaining-subscription-reads": "11951",
        "x-ms-routing-request-id": "FRANCESOUTH:20220722T134726Z:2e9e84f5-3e89-46c1-9a7b-899ff86c1e83",
        "X-Powered-By": "ASP.NET"
      },
      "ResponseBody": {
        "id": "/subscriptions/00000000-0000-0000-0000-000000000000/providers/Microsoft.NetApp/locations/southcentralusstage/operationResults/2875b938-2587-4dc3-90f8-d4ced18ff16e",
        "name": "2875b938-2587-4dc3-90f8-d4ced18ff16e",
        "status": "Succeeded",
        "startTime": "2022-07-22T13:46:55.68313Z",
        "endTime": "2022-07-22T13:46:55.7114214Z",
        "percentComplete": 100.0,
        "properties": {
          "resourceName": "/subscriptions/00000000-0000-0000-0000-000000000000/resourceGroups/sdk-python-tests-rg/providers/Microsoft.NetApp/netAppAccounts/sdk-py-tests-acc-1-8b424c8",
          "action": "DELETE"
        }
      }
    },
    {
      "RequestUri": "https://management.azure.com/subscriptions/00000000-0000-0000-0000-000000000000/providers/Microsoft.NetApp/locations/southcentralusstage/operationResults/2875b938-2587-4dc3-90f8-d4ced18ff16e?api-version=2022-03-01\u0026operationResultResponseType=Location",
      "RequestMethod": "GET",
      "RequestHeaders": {
        "Accept": "*/*",
        "Accept-Encoding": "gzip, deflate",
        "Connection": "keep-alive",
        "User-Agent": "azsdk-python-mgmt-netapp/5.1.0 Python/3.9.5 (Windows-10-10.0.19044-SP0)"
      },
      "RequestBody": null,
      "StatusCode": 200,
      "ResponseHeaders": {
        "Cache-Control": "no-cache",
        "Content-Encoding": "gzip",
        "Content-Type": "application/json; charset=utf-8",
        "Date": "Fri, 22 Jul 2022 13:47:25 GMT",
        "Expires": "-1",
        "Pragma": "no-cache",
        "Server": "Microsoft-IIS/10.0",
        "Strict-Transport-Security": "max-age=31536000; includeSubDomains",
        "Transfer-Encoding": "chunked",
        "Vary": "Accept-Encoding",
        "X-Content-Type-Options": "nosniff",
        "x-ms-correlation-request-id": "534f03ab-85b4-4459-910e-e6e927d636c4",
        "x-ms-ratelimit-remaining-subscription-reads": "11950",
        "x-ms-routing-request-id": "FRANCESOUTH:20220722T134726Z:534f03ab-85b4-4459-910e-e6e927d636c4",
        "X-Powered-By": "ASP.NET"
      },
      "ResponseBody": {
        "id": "/subscriptions/00000000-0000-0000-0000-000000000000/resourceGroups/sdk-python-tests-rg/providers/Microsoft.NetApp/netAppAccounts/sdk-py-tests-acc-1-8b424c8",
        "name": "sdk-py-tests-acc-1-8b424c8",
        "type": "Microsoft.NetApp/netAppAccounts",
        "etag": "W/\u0022datetime\u00272022-07-22T13%3A46%3A55.6779208Z\u0027\u0022",
        "location": "southcentralusstage",
        "tags": {
          "CreatedOnDate": "2022-07-22T13:43:43.1760059Z"
        },
        "properties": {
          "encryption": {
            "keySource": "Microsoft.NetApp"
          },
          "provisioningState": "Deleting"
        },
        "systemData": {
          "createdBy": "c6c4faba-2b22-44d9-80a4-71ff5b71f811",
          "createdByType": "Application",
          "createdAt": "2022-07-22T13:43:45.050147Z",
          "lastModifiedBy": "c6c4faba-2b22-44d9-80a4-71ff5b71f811",
          "lastModifiedByType": "Application",
          "lastModifiedAt": "2022-07-22T13:43:45.050147Z"
        }
      }
    },
    {
      "RequestUri": "https://management.azure.com/subscriptions/00000000-0000-0000-0000-000000000000/resourceGroups/sdk-python-tests-rg/providers/Microsoft.NetApp/netAppAccounts/sdk-py-tests-acc-1-8b424c8?api-version=2022-03-01",
      "RequestMethod": "GET",
      "RequestHeaders": {
        "Accept": "application/json",
        "Accept-Encoding": "gzip, deflate",
        "Connection": "keep-alive",
        "User-Agent": "azsdk-python-mgmt-netapp/5.1.0 Python/3.9.5 (Windows-10-10.0.19044-SP0)"
      },
      "RequestBody": null,
      "StatusCode": 404,
      "ResponseHeaders": {
        "Cache-Control": "no-cache",
        "Content-Length": "249",
        "Content-Type": "application/json; charset=utf-8",
        "Date": "Fri, 22 Jul 2022 13:47:25 GMT",
        "Expires": "-1",
        "Pragma": "no-cache",
        "Strict-Transport-Security": "max-age=31536000; includeSubDomains",
        "X-Content-Type-Options": "nosniff",
        "x-ms-correlation-request-id": "208ee272-fb23-4f9e-9009-8c86888cd0ed",
        "x-ms-failure-cause": "gateway",
        "x-ms-routing-request-id": "FRANCESOUTH:20220722T134726Z:208ee272-fb23-4f9e-9009-8c86888cd0ed"
      },
      "ResponseBody": {
        "error": {
          "code": "ResourceNotFound",
          "message": "The Resource \u0027Microsoft.NetApp/netAppAccounts/sdk-py-tests-acc-1-8b424c8\u0027 under resource group \u0027sdk-python-tests-rg\u0027 was not found. For more details please go to https://aka.ms/ARMResourceNotFoundFix"
        }
      }
    }
  ],
  "Variables": {}
}
