interactions:
  - request:
      body: '{"location": "eastus2"}'
      headers:
        Accept:
          - application/json
        Accept-Encoding:
          - gzip, deflate
        Connection:
          - keep-alive
        Content-Length:
          - '23'
        Content-Type:
          - application/json; charset=utf-8
        User-Agent:
          - python/3.7.3 (Darwin-19.6.0-x86_64-i386-64bit) msrest/0.6.19 msrest_azure/0.6.4
            azure-mgmt-netapp/0.15.0 Azure-SDK-For-Python
        accept-language:
          - en-US
      method: PUT
      uri: https://management.azure.com/subscriptions/00000000-0000-0000-0000-000000000000/resourceGroups/sdk-net-test-qa7/providers/Microsoft.NetApp/netAppAccounts/sdk-py-tests-acc-10?api-version=2020-09-01
    response:
      body:
        string: '{"id":"/subscriptions/00000000-0000-0000-0000-000000000000/resourceGroups/sdk-net-test-qa7/providers/Microsoft.NetApp/netAppAccounts/sdk-py-tests-acc-10","name":"sdk-py-tests-acc-10","type":"Microsoft.NetApp/netAppAccounts","etag":"W/\"datetime''2020-12-16T09%3A56%3A25.5248558Z''\"","location":"eastus2","properties":{"provisioningState":"Creating"}}'
      headers:
        access-control-expose-headers:
          - Request-Context
        azure-asyncoperation:
          - https://management.azure.com/subscriptions/00000000-0000-0000-0000-000000000000/providers/Microsoft.NetApp/locations/eastus2/operationResults/76dfe26f-ea6b-4214-a401-7e27a427f1bf?api-version=2020-09-01
        cache-control:
          - no-cache
        content-length:
          - '349'
        content-type:
          - application/json; charset=utf-8
        date:
          - Wed, 16 Dec 2020 09:56:26 GMT
        etag:
          - W/"datetime'2020-12-16T09%3A56%3A25.5248558Z'"
        expires:
          - '-1'
        pragma:
          - no-cache
        request-context:
          - appId=cid-v1:2c4cb680-0a1f-424d-bb8d-8e650ba68d53
        server:
          - Microsoft-IIS/10.0
        strict-transport-security:
          - max-age=31536000; includeSubDomains
        x-content-type-options:
          - nosniff
        x-ms-ratelimit-remaining-subscription-writes:
          - '1199'
        x-powered-by:
          - ASP.NET
      status:
        code: 201
        message: Created
  - request:
      body: null
      headers:
        Accept:
          - application/json
        Accept-Encoding:
          - gzip, deflate
        Connection:
          - keep-alive
        User-Agent:
          - python/3.7.3 (Darwin-19.6.0-x86_64-i386-64bit) msrest/0.6.19 msrest_azure/0.6.4
            azure-mgmt-netapp/0.15.0 Azure-SDK-For-Python
      method: GET
      uri: https://management.azure.com/subscriptions/00000000-0000-0000-0000-000000000000/providers/Microsoft.NetApp/locations/eastus2/operationResults/76dfe26f-ea6b-4214-a401-7e27a427f1bf?api-version=2020-09-01
    response:
      body:
        string: '{"id":"/subscriptions/00000000-0000-0000-0000-000000000000/providers/Microsoft.NetApp/locations/eastus2/operationResults/76dfe26f-ea6b-4214-a401-7e27a427f1bf","name":"76dfe26f-ea6b-4214-a401-7e27a427f1bf","status":"Succeeded","startTime":"2020-12-16T09:56:25.4581154Z","endTime":"2020-12-16T09:56:25.5924669Z","percentComplete":100.0,"properties":{"resourceName":"/subscriptions/00000000-0000-0000-0000-000000000000/resourceGroups/sdk-net-test-qa7/providers/Microsoft.NetApp/netAppAccounts/sdk-py-tests-acc-10"}}'
      headers:
        access-control-expose-headers:
          - Request-Context
        cache-control:
          - no-cache
        content-length:
          - '512'
        content-type:
          - application/json; charset=utf-8
        date:
          - Wed, 16 Dec 2020 09:56:57 GMT
        expires:
          - '-1'
        pragma:
          - no-cache
        request-context:
          - appId=cid-v1:2c4cb680-0a1f-424d-bb8d-8e650ba68d53
        server:
          - Microsoft-IIS/10.0
        strict-transport-security:
          - max-age=31536000; includeSubDomains
        transfer-encoding:
          - chunked
        vary:
          - Accept-Encoding
        x-content-type-options:
          - nosniff
        x-powered-by:
          - ASP.NET
      status:
        code: 200
        message: OK
  - request:
      body: null
      headers:
        Accept:
          - application/json
        Accept-Encoding:
          - gzip, deflate
        Connection:
          - keep-alive
        User-Agent:
          - python/3.7.3 (Darwin-19.6.0-x86_64-i386-64bit) msrest/0.6.19 msrest_azure/0.6.4
            azure-mgmt-netapp/0.15.0 Azure-SDK-For-Python
      method: GET
      uri: https://management.azure.com/subscriptions/00000000-0000-0000-0000-000000000000/resourceGroups/sdk-net-test-qa7/providers/Microsoft.NetApp/netAppAccounts/sdk-py-tests-acc-10?api-version=2020-09-01
    response:
      body:
        string: '{"id":"/subscriptions/00000000-0000-0000-0000-000000000000/resourceGroups/sdk-net-test-qa7/providers/Microsoft.NetApp/netAppAccounts/sdk-py-tests-acc-10","name":"sdk-py-tests-acc-10","type":"Microsoft.NetApp/netAppAccounts","etag":"W/\"datetime''2020-12-16T09%3A56%3A25.5839124Z''\"","location":"eastus2","properties":{"provisioningState":"Succeeded"}}'
      headers:
        access-control-expose-headers:
          - Request-Context
        cache-control:
          - no-cache
        content-length:
          - '350'
        content-type:
          - application/json; charset=utf-8
        date:
          - Wed, 16 Dec 2020 09:56:57 GMT
        etag:
          - W/"datetime'2020-12-16T09%3A56%3A25.5839124Z'"
        expires:
          - '-1'
        pragma:
          - no-cache
        request-context:
          - appId=cid-v1:2c4cb680-0a1f-424d-bb8d-8e650ba68d53
        server:
          - Microsoft-IIS/10.0
        strict-transport-security:
          - max-age=31536000; includeSubDomains
        transfer-encoding:
          - chunked
        vary:
          - Accept-Encoding
        x-content-type-options:
          - nosniff
        x-powered-by:
          - ASP.NET
      status:
        code: 200
        message: OK
  - request:
      body: '{"location": "eastus2", "properties": {"size": 4398046511104, "serviceLevel":
      "Premium", "qosType": "Auto"}}'
      headers:
        Accept:
          - application/json
        Accept-Encoding:
          - gzip, deflate
        Connection:
          - keep-alive
        Content-Length:
          - '108'
        Content-Type:
          - application/json; charset=utf-8
        User-Agent:
          - python/3.7.3 (Darwin-19.6.0-x86_64-i386-64bit) msrest/0.6.19 msrest_azure/0.6.4
            azure-mgmt-netapp/0.15.0 Azure-SDK-For-Python
        accept-language:
          - en-US
        location:
          - eastus2
      method: PUT
      uri: https://management.azure.com/subscriptions/00000000-0000-0000-0000-000000000000/resourceGroups/sdk-net-test-qa7/providers/Microsoft.NetApp/netAppAccounts/sdk-py-tests-acc-10/capacityPools/sdk-py-tests-pool-1?api-version=2020-09-01
    response:
      body:
        string: '{"id":"/subscriptions/00000000-0000-0000-0000-000000000000/resourceGroups/sdk-net-test-qa7/providers/Microsoft.NetApp/netAppAccounts/sdk-py-tests-acc-10/capacityPools/sdk-py-tests-pool-1","name":"sdk-py-tests-acc-10/sdk-py-tests-pool-1","type":"Microsoft.NetApp/netAppAccounts/capacityPools","etag":"W/\"datetime''2020-12-16T09%3A57%3A00.1537813Z''\"","location":"eastus2","properties":{"serviceLevel":"Premium","size":4398046511104,"qosType":"Auto","totalThroughputMibps":0.0,"utilizedThroughputMibps":0.0,"provisioningState":"Creating"}}'
      headers:
        access-control-expose-headers:
          - Request-Context
        azure-asyncoperation:
          - https://management.azure.com/subscriptions/00000000-0000-0000-0000-000000000000/providers/Microsoft.NetApp/locations/eastus2/operationResults/2af32680-8ac0-4d46-915d-c2f51710da65?api-version=2020-09-01
        cache-control:
          - no-cache
        content-length:
          - '537'
        content-type:
          - application/json; charset=utf-8
        date:
          - Wed, 16 Dec 2020 09:57:00 GMT
        etag:
          - W/"datetime'2020-12-16T09%3A57%3A00.1537813Z'"
        expires:
          - '-1'
        pragma:
          - no-cache
        request-context:
          - appId=cid-v1:2c4cb680-0a1f-424d-bb8d-8e650ba68d53
        server:
          - Microsoft-IIS/10.0
        strict-transport-security:
          - max-age=31536000; includeSubDomains
        x-content-type-options:
          - nosniff
        x-ms-ratelimit-remaining-subscription-writes:
          - '1198'
        x-powered-by:
          - ASP.NET
      status:
        code: 201
        message: Created
  - request:
      body: null
      headers:
        Accept:
          - application/json
        Accept-Encoding:
          - gzip, deflate
        Connection:
          - keep-alive
        User-Agent:
          - python/3.7.3 (Darwin-19.6.0-x86_64-i386-64bit) msrest/0.6.19 msrest_azure/0.6.4
            azure-mgmt-netapp/0.15.0 Azure-SDK-For-Python
      method: GET
      uri: https://management.azure.com/subscriptions/00000000-0000-0000-0000-000000000000/providers/Microsoft.NetApp/locations/eastus2/operationResults/2af32680-8ac0-4d46-915d-c2f51710da65?api-version=2020-09-01
    response:
      body:
        string: '{"id":"/subscriptions/00000000-0000-0000-0000-000000000000/providers/Microsoft.NetApp/locations/eastus2/operationResults/2af32680-8ac0-4d46-915d-c2f51710da65","name":"2af32680-8ac0-4d46-915d-c2f51710da65","status":"Succeeded","startTime":"2020-12-16T09:57:00.0416954Z","endTime":"2020-12-16T09:57:00.3542021Z","percentComplete":100.0,"properties":{"resourceName":"/subscriptions/00000000-0000-0000-0000-000000000000/resourceGroups/sdk-net-test-qa7/providers/Microsoft.NetApp/netAppAccounts/sdk-py-tests-acc-10/capacityPools/sdk-py-tests-pool-1"}}'
      headers:
        access-control-expose-headers:
          - Request-Context
        cache-control:
          - no-cache
        content-length:
          - '546'
        content-type:
          - application/json; charset=utf-8
        date:
          - Wed, 16 Dec 2020 09:57:31 GMT
        expires:
          - '-1'
        pragma:
          - no-cache
        request-context:
          - appId=cid-v1:2c4cb680-0a1f-424d-bb8d-8e650ba68d53
        server:
          - Microsoft-IIS/10.0
        strict-transport-security:
          - max-age=31536000; includeSubDomains
        transfer-encoding:
          - chunked
        vary:
          - Accept-Encoding
        x-content-type-options:
          - nosniff
        x-powered-by:
          - ASP.NET
      status:
        code: 200
        message: OK
  - request:
      body: null
      headers:
        Accept:
          - application/json
        Accept-Encoding:
          - gzip, deflate
        Connection:
          - keep-alive
        User-Agent:
          - python/3.7.3 (Darwin-19.6.0-x86_64-i386-64bit) msrest/0.6.19 msrest_azure/0.6.4
            azure-mgmt-netapp/0.15.0 Azure-SDK-For-Python
      method: GET
      uri: https://management.azure.com/subscriptions/00000000-0000-0000-0000-000000000000/resourceGroups/sdk-net-test-qa7/providers/Microsoft.NetApp/netAppAccounts/sdk-py-tests-acc-10/capacityPools/sdk-py-tests-pool-1?api-version=2020-09-01
    response:
      body:
        string: '{"id":"/subscriptions/00000000-0000-0000-0000-000000000000/resourceGroups/sdk-net-test-qa7/providers/Microsoft.NetApp/netAppAccounts/sdk-py-tests-acc-10/capacityPools/sdk-py-tests-pool-1","name":"sdk-py-tests-acc-10/sdk-py-tests-pool-1","type":"Microsoft.NetApp/netAppAccounts/capacityPools","etag":"W/\"datetime''2020-12-16T09%3A57%3A03.2006784Z''\"","location":"eastus2","properties":{"poolId":"02814433-62e5-0c8c-c870-145b9576b4c8","serviceLevel":"Premium","size":4398046511104,"qosType":"Auto","totalThroughputMibps":262.144,"utilizedThroughputMibps":0.0,"encryptionType":"Single","provisioningState":"Succeeded"}}'
      headers:
        access-control-expose-headers:
          - Request-Context
        cache-control:
          - no-cache
        content-length:
          - '616'
        content-type:
          - application/json; charset=utf-8
        date:
          - Wed, 16 Dec 2020 09:57:31 GMT
        etag:
          - W/"datetime'2020-12-16T09%3A57%3A03.2006784Z'"
        expires:
          - '-1'
        pragma:
          - no-cache
        request-context:
          - appId=cid-v1:2c4cb680-0a1f-424d-bb8d-8e650ba68d53
        server:
          - Microsoft-IIS/10.0
        strict-transport-security:
          - max-age=31536000; includeSubDomains
        transfer-encoding:
          - chunked
        vary:
          - Accept-Encoding
        x-content-type-options:
          - nosniff
        x-powered-by:
          - ASP.NET
      status:
        code: 200
        message: OK
  - request:
      body: '{"tags": {"Tag2": "Value1"}, "properties": {"size": 4398046511104, "qosType":
      "Manual"}}'
      headers:
        Accept:
          - application/json
        Accept-Encoding:
          - gzip, deflate
        Connection:
          - keep-alive
        Content-Length:
          - '88'
        Content-Type:
          - application/json; charset=utf-8
        User-Agent:
          - python/3.7.3 (Darwin-19.6.0-x86_64-i386-64bit) msrest/0.6.19 msrest_azure/0.6.4
            azure-mgmt-netapp/0.15.0 Azure-SDK-For-Python
        accept-language:
          - en-US
      method: PATCH
      uri: https://management.azure.com/subscriptions/00000000-0000-0000-0000-000000000000/resourceGroups/sdk-net-test-qa7/providers/Microsoft.NetApp/netAppAccounts/sdk-py-tests-acc-10/capacityPools/sdk-py-tests-pool-1?api-version=2020-09-01
    response:
      body:
        string: '{"id":"/subscriptions/00000000-0000-0000-0000-000000000000/resourceGroups/sdk-net-test-qa7/providers/Microsoft.NetApp/netAppAccounts/sdk-py-tests-acc-10/capacityPools/sdk-py-tests-pool-1","name":"sdk-py-tests-acc-10/sdk-py-tests-pool-1","type":"Microsoft.NetApp/netAppAccounts/capacityPools","etag":"W/\"datetime''2020-12-16T09%3A57%3A33.0100205Z''\"","location":"eastus2","tags":{"Tag2":"Value1"},"properties":{"provisioningState":"Succeeded","poolId":"02814433-62e5-0c8c-c870-145b9576b4c8","name":"sdk-py-tests-acc-10/sdk-py-tests-pool-1","serviceLevel":"Premium","size":4398046511104,"vendorID":"/subscriptions/00000000-0000-0000-0000-000000000000/resourceGroups/sdk-net-test-qa7/providers/Microsoft.NetApp/netAppAccounts/sdk-py-tests-acc-10/capacityPools/sdk-py-tests-pool-1","qosType":"Manual","totalThroughputMibps":262.144,"encryptionType":"Single"}}'
      headers:
        access-control-expose-headers:
          - Request-Context
        cache-control:
          - no-cache
        content-length:
          - '855'
        content-type:
          - application/json; charset=utf-8
        date:
          - Wed, 16 Dec 2020 09:57:33 GMT
        etag:
          - W/"datetime'2020-12-16T09%3A57%3A33.0100205Z'"
        expires:
          - '-1'
        pragma:
          - no-cache
        request-context:
          - appId=cid-v1:2c4cb680-0a1f-424d-bb8d-8e650ba68d53
        server:
          - Microsoft-IIS/10.0
        strict-transport-security:
          - max-age=31536000; includeSubDomains
        transfer-encoding:
          - chunked
        vary:
          - Accept-Encoding
        x-content-type-options:
          - nosniff
        x-ms-ratelimit-remaining-subscription-writes:
          - '1197'
        x-powered-by:
          - ASP.NET
      status:
        code: 200
        message: OK
  - request:
      body: null
      headers:
        Accept:
          - application/json
        Accept-Encoding:
          - gzip, deflate
        Connection:
          - keep-alive
        Content-Length:
          - '0'
        User-Agent:
          - python/3.7.3 (Darwin-19.6.0-x86_64-i386-64bit) msrest/0.6.19 msrest_azure/0.6.4
            azure-mgmt-netapp/0.15.0 Azure-SDK-For-Python
        accept-language:
          - en-US
      method: DELETE
      uri: https://management.azure.com/subscriptions/00000000-0000-0000-0000-000000000000/resourceGroups/sdk-net-test-qa7/providers/Microsoft.NetApp/netAppAccounts/sdk-py-tests-acc-10/capacityPools/sdk-py-tests-pool-1?api-version=2020-09-01
    response:
      body:
        string: ''
      headers:
        access-control-expose-headers:
          - Request-Context
        azure-asyncoperation:
          - https://management.azure.com/subscriptions/00000000-0000-0000-0000-000000000000/providers/Microsoft.NetApp/locations/eastus2/operationResults/22d84506-e198-4fcb-823b-3492a85b5cdf?api-version=2020-09-01
        cache-control:
          - no-cache
        content-length:
          - '0'
        date:
          - Wed, 16 Dec 2020 09:57:35 GMT
        expires:
          - '-1'
        location:
          - https://management.azure.com/subscriptions/00000000-0000-0000-0000-000000000000/providers/Microsoft.NetApp/locations/eastus2/operationResults/22d84506-e198-4fcb-823b-3492a85b5cdf?api-version=2020-09-01&operationResultResponseType=Location
        pragma:
          - no-cache
        request-context:
          - appId=cid-v1:2c4cb680-0a1f-424d-bb8d-8e650ba68d53
        server:
          - Microsoft-IIS/10.0
        strict-transport-security:
          - max-age=31536000; includeSubDomains
        x-content-type-options:
          - nosniff
        x-ms-ratelimit-remaining-subscription-deletes:
          - '14999'
        x-powered-by:
          - ASP.NET
      status:
        code: 202
        message: Accepted
  - request:
      body: null
      headers:
        Accept:
          - application/json
        Accept-Encoding:
          - gzip, deflate
        Connection:
          - keep-alive
        User-Agent:
          - python/3.7.3 (Darwin-19.6.0-x86_64-i386-64bit) msrest/0.6.19 msrest_azure/0.6.4
            azure-mgmt-netapp/0.15.0 Azure-SDK-For-Python
      method: GET
      uri: https://management.azure.com/subscriptions/00000000-0000-0000-0000-000000000000/providers/Microsoft.NetApp/locations/eastus2/operationResults/22d84506-e198-4fcb-823b-3492a85b5cdf?api-version=2020-09-01
    response:
      body:
        string: '{"id":"/subscriptions/00000000-0000-0000-0000-000000000000/providers/Microsoft.NetApp/locations/eastus2/operationResults/22d84506-e198-4fcb-823b-3492a85b5cdf","name":"22d84506-e198-4fcb-823b-3492a85b5cdf","status":"Succeeded","startTime":"2020-12-16T09:57:35.0477763Z","endTime":"2020-12-16T09:57:35.4071207Z","percentComplete":100.0,"properties":{"resourceName":"/subscriptions/00000000-0000-0000-0000-000000000000/resourceGroups/sdk-net-test-qa7/providers/Microsoft.NetApp/netAppAccounts/sdk-py-tests-acc-10/capacityPools/sdk-py-tests-pool-1"}}'
      headers:
        access-control-expose-headers:
          - Request-Context
        cache-control:
          - no-cache
        content-length:
          - '546'
        content-type:
          - application/json; charset=utf-8
        date:
          - Wed, 16 Dec 2020 09:58:05 GMT
        expires:
          - '-1'
        pragma:
          - no-cache
        request-context:
          - appId=cid-v1:2c4cb680-0a1f-424d-bb8d-8e650ba68d53
        server:
          - Microsoft-IIS/10.0
        strict-transport-security:
          - max-age=31536000; includeSubDomains
        transfer-encoding:
          - chunked
        vary:
          - Accept-Encoding
        x-content-type-options:
          - nosniff
        x-powered-by:
          - ASP.NET
      status:
        code: 200
        message: OK
  - request:
      body: null
      headers:
        Accept:
          - application/json
        Accept-Encoding:
          - gzip, deflate
        Connection:
          - keep-alive
        User-Agent:
          - python/3.7.3 (Darwin-19.6.0-x86_64-i386-64bit) msrest/0.6.19 msrest_azure/0.6.4
            azure-mgmt-netapp/0.15.0 Azure-SDK-For-Python
        accept-language:
          - en-US
      method: GET
      uri: https://management.azure.com/subscriptions/00000000-0000-0000-0000-000000000000/resourceGroups/sdk-net-test-qa7/providers/Microsoft.NetApp/netAppAccounts/sdk-py-tests-acc-10/capacityPools/sdk-py-tests-pool-1?api-version=2020-09-01
    response:
      body:
        string: '{"error":{"code":"ResourceNotFound","message":"The Resource ''Microsoft.NetApp/netAppAccounts/sdk-py-tests-acc-10/capacityPools/sdk-py-tests-pool-1''
        under resource group ''sdk-net-test-qa7'' was not found. For more details
        please go to https://aka.ms/ARMResourceNotFoundFix"}}'
      headers:
        cache-control:
          - no-cache
        content-length:
          - '273'
        content-type:
          - application/json; charset=utf-8
        date:
          - Wed, 16 Dec 2020 09:58:15 GMT
        expires:
          - '-1'
        pragma:
          - no-cache
        strict-transport-security:
          - max-age=31536000; includeSubDomains
        x-content-type-options:
          - nosniff
        x-ms-failure-cause:
          - gateway
      status:
        code: 404
        message: Not Found
  - request:
      body: null
      headers:
        Accept:
          - application/json
        Accept-Encoding:
          - gzip, deflate
        Connection:
          - keep-alive
        Content-Length:
          - '0'
        User-Agent:
          - python/3.7.3 (Darwin-19.6.0-x86_64-i386-64bit) msrest/0.6.19 msrest_azure/0.6.4
            azure-mgmt-netapp/0.15.0 Azure-SDK-For-Python
        accept-language:
          - en-US
      method: DELETE
      uri: https://management.azure.com/subscriptions/00000000-0000-0000-0000-000000000000/resourceGroups/sdk-net-test-qa7/providers/Microsoft.NetApp/netAppAccounts/sdk-py-tests-acc-10?api-version=2020-09-01
    response:
      body:
        string: ''
      headers:
        access-control-expose-headers:
          - Request-Context
        azure-asyncoperation:
          - https://management.azure.com/subscriptions/00000000-0000-0000-0000-000000000000/providers/Microsoft.NetApp/locations/eastus2/operationResults/c8864517-93a0-4c64-8d16-1dad2f8a0f3e?api-version=2020-09-01
        cache-control:
          - no-cache
        content-length:
          - '0'
        date:
          - Wed, 16 Dec 2020 09:58:16 GMT
        expires:
          - '-1'
        location:
          - https://management.azure.com/subscriptions/00000000-0000-0000-0000-000000000000/providers/Microsoft.NetApp/locations/eastus2/operationResults/c8864517-93a0-4c64-8d16-1dad2f8a0f3e?api-version=2020-09-01&operationResultResponseType=Location
        pragma:
          - no-cache
        request-context:
          - appId=cid-v1:2c4cb680-0a1f-424d-bb8d-8e650ba68d53
        server:
          - Microsoft-IIS/10.0
        strict-transport-security:
          - max-age=31536000; includeSubDomains
        x-content-type-options:
          - nosniff
        x-ms-ratelimit-remaining-subscription-deletes:
          - '14998'
        x-powered-by:
          - ASP.NET
      status:
        code: 202
        message: Accepted
  - request:
      body: null
      headers:
        Accept:
          - application/json
        Accept-Encoding:
          - gzip, deflate
        Connection:
          - keep-alive
        User-Agent:
          - python/3.7.3 (Darwin-19.6.0-x86_64-i386-64bit) msrest/0.6.19 msrest_azure/0.6.4
            azure-mgmt-netapp/0.15.0 Azure-SDK-For-Python
      method: GET
      uri: https://management.azure.com/subscriptions/00000000-0000-0000-0000-000000000000/providers/Microsoft.NetApp/locations/eastus2/operationResults/c8864517-93a0-4c64-8d16-1dad2f8a0f3e?api-version=2020-09-01
    response:
      body:
        string: '{"id":"/subscriptions/00000000-0000-0000-0000-000000000000/providers/Microsoft.NetApp/locations/eastus2/operationResults/c8864517-93a0-4c64-8d16-1dad2f8a0f3e","name":"c8864517-93a0-4c64-8d16-1dad2f8a0f3e","status":"Succeeded","startTime":"2020-12-16T09:58:16.8209355Z","endTime":"2020-12-16T09:58:16.9458673Z","percentComplete":100.0,"properties":{"resourceName":"/subscriptions/00000000-0000-0000-0000-000000000000/resourceGroups/sdk-net-test-qa7/providers/Microsoft.NetApp/netAppAccounts/sdk-py-tests-acc-10"}}'
      headers:
        access-control-expose-headers:
          - Request-Context
        cache-control:
          - no-cache
        content-length:
          - '512'
        content-type:
          - application/json; charset=utf-8
        date:
          - Wed, 16 Dec 2020 09:58:47 GMT
        expires:
          - '-1'
        pragma:
          - no-cache
        request-context:
          - appId=cid-v1:2c4cb680-0a1f-424d-bb8d-8e650ba68d53
        server:
          - Microsoft-IIS/10.0
        strict-transport-security:
          - max-age=31536000; includeSubDomains
        transfer-encoding:
          - chunked
        vary:
          - Accept-Encoding
        x-content-type-options:
          - nosniff
        x-powered-by:
          - ASP.NET
      status:
        code: 200
        message: OK
  - request:
      body: null
      headers:
        Accept:
          - application/json
        Accept-Encoding:
          - gzip, deflate
        Connection:
          - keep-alive
        User-Agent:
          - python/3.7.3 (Darwin-19.6.0-x86_64-i386-64bit) msrest/0.6.19 msrest_azure/0.6.4
            azure-mgmt-netapp/0.15.0 Azure-SDK-For-Python
        accept-language:
          - en-US
      method: GET
      uri: https://management.azure.com/subscriptions/00000000-0000-0000-0000-000000000000/resourceGroups/sdk-net-test-qa7/providers/Microsoft.NetApp/netAppAccounts/sdk-py-tests-acc-10?api-version=2020-09-01
    response:
      body:
        string: '{"error":{"code":"ResourceNotFound","message":"The Resource ''Microsoft.NetApp/netAppAccounts/sdk-py-tests-acc-10''
        under resource group ''sdk-net-test-qa7'' was not found. For more details
        please go to https://aka.ms/ARMResourceNotFoundFix"}}'
      headers:
        cache-control:
          - no-cache
        content-length:
          - '239'
        content-type:
          - application/json; charset=utf-8
        date:
          - Wed, 16 Dec 2020 09:58:49 GMT
        expires:
          - '-1'
        pragma:
          - no-cache
        strict-transport-security:
          - max-age=31536000; includeSubDomains
        x-content-type-options:
          - nosniff
        x-ms-failure-cause:
          - gateway
      status:
        code: 404
        message: Not Found
version: 1
