interactions:
- request:
    body: '{"location": "eastus"}'
    headers:
      Accept:
      - application/json
      Accept-Encoding:
      - gzip, deflate
      Connection:
      - keep-alive
      Content-Length:
      - '22'
      Content-Type:
      - application/json; charset=utf-8
      User-Agent:
      - python/3.8.1 (Windows-10-10.0.18362-SP0) msrest/0.6.13 msrest_azure/0.6.3
        azure-mgmt-netapp/0.10.0 Azure-SDK-For-Python
      accept-language:
      - en-US
    method: PUT
    uri: https://management.azure.com/subscriptions/00000000-0000-0000-0000-000000000000/resourceGroups/sdk-net-test-qa2/providers/Microsoft.NetApp/netAppAccounts/sdk-py-tests-acc-1?api-version=2019-11-01
  response:
    body:
      string: '{"id":"/subscriptions/00000000-0000-0000-0000-000000000000/resourceGroups/sdk-net-test-qa2/providers/Microsoft.NetApp/netAppAccounts/sdk-py-tests-acc-1","name":"sdk-py-tests-acc-1","type":"Microsoft.NetApp/netAppAccounts","etag":"W/\"datetime''2020-05-27T13%3A48%3A51.0738202Z''\"","location":"eastus","properties":{"name":"sdk-py-tests-acc-1","provisioningState":"Creating"}}'
    headers:
      access-control-expose-headers:
      - Request-Context
      azure-asyncoperation:
      - https://management.azure.com/subscriptions/00000000-0000-0000-0000-000000000000/providers/Microsoft.NetApp/locations/eastus/operationResults/f326b2ed-d173-48aa-8eb5-09007ed07304?api-version=2019-11-01
      cache-control:
      - no-cache
      content-length:
      - '374'
      content-type:
      - application/json; charset=utf-8
      date:
      - Wed, 27 May 2020 13:48:52 GMT
      etag:
      - W/"datetime'2020-05-27T13%3A48%3A51.0738202Z'"
      expires:
      - '-1'
      pragma:
      - no-cache
      request-context:
      - appId=cid-v1:2c4cb680-0a1f-424d-bb8d-8e650ba68d53
      server:
      - Microsoft-IIS/10.0
      strict-transport-security:
      - max-age=31536000; includeSubDomains
      x-content-type-options:
      - nosniff
      x-ms-ratelimit-remaining-subscription-writes:
      - '1199'
      x-powered-by:
      - ASP.NET
    status:
      code: 201
      message: Created
- request:
    body: null
    headers:
      Accept:
      - application/json
      Accept-Encoding:
      - gzip, deflate
      Connection:
      - keep-alive
      User-Agent:
      - python/3.8.1 (Windows-10-10.0.18362-SP0) msrest/0.6.13 msrest_azure/0.6.3
        azure-mgmt-netapp/0.10.0 Azure-SDK-For-Python
    method: GET
    uri: https://management.azure.com/subscriptions/00000000-0000-0000-0000-000000000000/providers/Microsoft.NetApp/locations/eastus/operationResults/f326b2ed-d173-48aa-8eb5-09007ed07304?api-version=2019-11-01
  response:
    body:
      string: '{"id":"/subscriptions/00000000-0000-0000-0000-000000000000/providers/Microsoft.NetApp/locations/eastus/operationResults/f326b2ed-d173-48aa-8eb5-09007ed07304","name":"f326b2ed-d173-48aa-8eb5-09007ed07304","status":"Succeeded","startTime":"2020-05-27T13:48:51.004397Z","endTime":"2020-05-27T13:48:51.1293659Z","percentComplete":100.0,"properties":{"resourceName":"/subscriptions/00000000-0000-0000-0000-000000000000/resourceGroups/sdk-net-test-qa2/providers/Microsoft.NetApp/netAppAccounts/sdk-py-tests-acc-1"}}'
    headers:
      access-control-expose-headers:
      - Request-Context
      cache-control:
      - no-cache
      content-length:
      - '509'
      content-type:
      - application/json; charset=utf-8
      date:
      - Wed, 27 May 2020 13:49:23 GMT
      expires:
      - '-1'
      pragma:
      - no-cache
      request-context:
      - appId=cid-v1:2c4cb680-0a1f-424d-bb8d-8e650ba68d53
      server:
      - Microsoft-IIS/10.0
      strict-transport-security:
      - max-age=31536000; includeSubDomains
      transfer-encoding:
      - chunked
      vary:
      - Accept-Encoding
      x-content-type-options:
      - nosniff
      x-powered-by:
      - ASP.NET
    status:
      code: 200
      message: OK
- request:
    body: null
    headers:
      Accept:
      - application/json
      Accept-Encoding:
      - gzip, deflate
      Connection:
      - keep-alive
      User-Agent:
      - python/3.8.1 (Windows-10-10.0.18362-SP0) msrest/0.6.13 msrest_azure/0.6.3
        azure-mgmt-netapp/0.10.0 Azure-SDK-For-Python
    method: GET
    uri: https://management.azure.com/subscriptions/00000000-0000-0000-0000-000000000000/resourceGroups/sdk-net-test-qa2/providers/Microsoft.NetApp/netAppAccounts/sdk-py-tests-acc-1?api-version=2019-11-01
  response:
    body:
      string: '{"id":"/subscriptions/00000000-0000-0000-0000-000000000000/resourceGroups/sdk-net-test-qa2/providers/Microsoft.NetApp/netAppAccounts/sdk-py-tests-acc-1","name":"sdk-py-tests-acc-1","type":"Microsoft.NetApp/netAppAccounts","etag":"W/\"datetime''2020-05-27T13%3A48%3A51.1468921Z''\"","location":"eastus","properties":{"name":"sdk-py-tests-acc-1","provisioningState":"Succeeded"}}'
    headers:
      access-control-expose-headers:
      - Request-Context
      cache-control:
      - no-cache
      content-length:
      - '375'
      content-type:
      - application/json; charset=utf-8
      date:
      - Wed, 27 May 2020 13:49:26 GMT
      etag:
      - W/"datetime'2020-05-27T13%3A48%3A51.1468921Z'"
      expires:
      - '-1'
      pragma:
      - no-cache
      request-context:
      - appId=cid-v1:2c4cb680-0a1f-424d-bb8d-8e650ba68d53
      server:
      - Microsoft-IIS/10.0
      strict-transport-security:
      - max-age=31536000; includeSubDomains
      transfer-encoding:
      - chunked
      vary:
      - Accept-Encoding
      x-content-type-options:
      - nosniff
      x-powered-by:
      - ASP.NET
    status:
      code: 200
      message: OK
- request:
    body: '{"location": "eastus", "properties": {"size": 4398046511104, "serviceLevel":
      "Premium"}}'
    headers:
      Accept:
      - application/json
      Accept-Encoding:
      - gzip, deflate
      Connection:
      - keep-alive
      Content-Length:
      - '88'
      Content-Type:
      - application/json; charset=utf-8
      User-Agent:
      - python/3.8.1 (Windows-10-10.0.18362-SP0) msrest/0.6.13 msrest_azure/0.6.3
        azure-mgmt-netapp/0.10.0 Azure-SDK-For-Python
      accept-language:
      - en-US
      location:
      - eastus
    method: PUT
    uri: https://management.azure.com/subscriptions/00000000-0000-0000-0000-000000000000/resourceGroups/sdk-net-test-qa2/providers/Microsoft.NetApp/netAppAccounts/sdk-py-tests-acc-1/capacityPools/sdk-py-tests-pool-1?api-version=2019-11-01
  response:
    body:
      string: '{"id":"/subscriptions/00000000-0000-0000-0000-000000000000/resourceGroups/sdk-net-test-qa2/providers/Microsoft.NetApp/netAppAccounts/sdk-py-tests-acc-1/capacityPools/sdk-py-tests-pool-1","name":"sdk-py-tests-acc-1/sdk-py-tests-pool-1","type":"Microsoft.NetApp/netAppAccounts/capacityPools","etag":"W/\"datetime''2020-05-27T13%3A49%3A30.5124396Z''\"","location":"eastus","properties":{"serviceLevel":"Premium","size":4398046511104,"provisioningState":"Creating"}}'
    headers:
      access-control-expose-headers:
      - Request-Context
      azure-asyncoperation:
      - https://management.azure.com/subscriptions/00000000-0000-0000-0000-000000000000/providers/Microsoft.NetApp/locations/eastus/operationResults/453fc6f5-3735-4588-81eb-5220daf59d70?api-version=2019-11-01
      cache-control:
      - no-cache
      content-length:
      - '460'
      content-type:
      - application/json; charset=utf-8
      date:
      - Wed, 27 May 2020 13:49:32 GMT
      etag:
      - W/"datetime'2020-05-27T13%3A49%3A30.5124396Z'"
      expires:
      - '-1'
      pragma:
      - no-cache
      request-context:
      - appId=cid-v1:2c4cb680-0a1f-424d-bb8d-8e650ba68d53
      server:
      - Microsoft-IIS/10.0
      strict-transport-security:
      - max-age=31536000; includeSubDomains
      x-content-type-options:
      - nosniff
      x-ms-ratelimit-remaining-subscription-writes:
      - '1198'
      x-powered-by:
      - ASP.NET
    status:
      code: 201
      message: Created
- request:
    body: null
    headers:
      Accept:
      - application/json
      Accept-Encoding:
      - gzip, deflate
      Connection:
      - keep-alive
      User-Agent:
      - python/3.8.1 (Windows-10-10.0.18362-SP0) msrest/0.6.13 msrest_azure/0.6.3
        azure-mgmt-netapp/0.10.0 Azure-SDK-For-Python
    method: GET
    uri: https://management.azure.com/subscriptions/00000000-0000-0000-0000-000000000000/providers/Microsoft.NetApp/locations/eastus/operationResults/453fc6f5-3735-4588-81eb-5220daf59d70?api-version=2019-11-01
  response:
    body:
      string: '{"id":"/subscriptions/00000000-0000-0000-0000-000000000000/providers/Microsoft.NetApp/locations/eastus/operationResults/453fc6f5-3735-4588-81eb-5220daf59d70","name":"453fc6f5-3735-4588-81eb-5220daf59d70","status":"Succeeded","startTime":"2020-05-27T13:49:30.3882751Z","endTime":"2020-05-27T13:49:30.7788843Z","percentComplete":100.0,"properties":{"resourceName":"/subscriptions/00000000-0000-0000-0000-000000000000/resourceGroups/sdk-net-test-qa2/providers/Microsoft.NetApp/netAppAccounts/sdk-py-tests-acc-1/capacityPools/sdk-py-tests-pool-1"}}'
    headers:
      access-control-expose-headers:
      - Request-Context
      cache-control:
      - no-cache
      content-length:
      - '544'
      content-type:
      - application/json; charset=utf-8
      date:
      - Wed, 27 May 2020 13:50:04 GMT
      expires:
      - '-1'
      pragma:
      - no-cache
      request-context:
      - appId=cid-v1:2c4cb680-0a1f-424d-bb8d-8e650ba68d53
      server:
      - Microsoft-IIS/10.0
      strict-transport-security:
      - max-age=31536000; includeSubDomains
      transfer-encoding:
      - chunked
      vary:
      - Accept-Encoding
      x-content-type-options:
      - nosniff
      x-powered-by:
      - ASP.NET
    status:
      code: 200
      message: OK
- request:
    body: null
    headers:
      Accept:
      - application/json
      Accept-Encoding:
      - gzip, deflate
      Connection:
      - keep-alive
      User-Agent:
      - python/3.8.1 (Windows-10-10.0.18362-SP0) msrest/0.6.13 msrest_azure/0.6.3
        azure-mgmt-netapp/0.10.0 Azure-SDK-For-Python
    method: GET
    uri: https://management.azure.com/subscriptions/00000000-0000-0000-0000-000000000000/resourceGroups/sdk-net-test-qa2/providers/Microsoft.NetApp/netAppAccounts/sdk-py-tests-acc-1/capacityPools/sdk-py-tests-pool-1?api-version=2019-11-01
  response:
    body:
      string: '{"id":"/subscriptions/00000000-0000-0000-0000-000000000000/resourceGroups/sdk-net-test-qa2/providers/Microsoft.NetApp/netAppAccounts/sdk-py-tests-acc-1/capacityPools/sdk-py-tests-pool-1","name":"sdk-py-tests-acc-1/sdk-py-tests-pool-1","type":"Microsoft.NetApp/netAppAccounts/capacityPools","etag":"W/\"datetime''2020-05-27T13%3A49%3A30.7957102Z''\"","location":"eastus","properties":{"poolId":"a049018e-1e9c-764e-1cf1-13ff0cafe34e","name":"sdk-py-tests-acc-1/sdk-py-tests-pool-1","serviceLevel":"Premium","size":4398046511104,"provisioningState":"Succeeded"}}'
    headers:
      access-control-expose-headers:
      - Request-Context
      cache-control:
      - no-cache
      content-length:
      - '557'
      content-type:
      - application/json; charset=utf-8
      date:
      - Wed, 27 May 2020 13:50:05 GMT
      etag:
      - W/"datetime'2020-05-27T13%3A49%3A30.7957102Z'"
      expires:
      - '-1'
      pragma:
      - no-cache
      request-context:
      - appId=cid-v1:2c4cb680-0a1f-424d-bb8d-8e650ba68d53
      server:
      - Microsoft-IIS/10.0
      strict-transport-security:
      - max-age=31536000; includeSubDomains
      transfer-encoding:
      - chunked
      vary:
      - Accept-Encoding
      x-content-type-options:
      - nosniff
      x-powered-by:
      - ASP.NET
    status:
      code: 200
      message: OK
- request:
    body: 'b''b\''{"location": "eastus", "properties": {"creationToken": "sdk-py-tests-vol-1",
      "serviceLevel": "Premium", "usageThreshold": 107374182400, "protocolTypes":
      ["NFSv3"], "subnetId": "/subscriptions/00000000-0000-0000-0000-000000000000/resourceGroups/sdk-net-test-qa2/providers/Microsoft.Network/virtualNetworks/sdknettestqa2vnet464/subnets/default"}}\'''''
    headers:
      Accept:
      - application/json
      Accept-Encoding:
      - gzip, deflate
      Connection:
      - keep-alive
      Content-Length:
      - '344'
      Content-Type:
      - application/json; charset=utf-8
      User-Agent:
      - python/3.8.1 (Windows-10-10.0.18362-SP0) msrest/0.6.13 msrest_azure/0.6.3
        azure-mgmt-netapp/0.10.0 Azure-SDK-For-Python
      accept-language:
      - en-US
    method: PUT
    uri: https://management.azure.com/subscriptions/00000000-0000-0000-0000-000000000000/resourceGroups/sdk-net-test-qa2/providers/Microsoft.NetApp/netAppAccounts/sdk-py-tests-acc-1/capacityPools/sdk-py-tests-pool-1/volumes/sdk-py-tests-vol-1?api-version=2019-11-01
  response:
    body:
      string: '{"id":"/subscriptions/00000000-0000-0000-0000-000000000000/resourceGroups/sdk-net-test-qa2/providers/Microsoft.NetApp/netAppAccounts/sdk-py-tests-acc-1/capacityPools/sdk-py-tests-pool-1/volumes/sdk-py-tests-vol-1","name":"sdk-py-tests-acc-1/sdk-py-tests-pool-1/sdk-py-tests-vol-1","type":"Microsoft.NetApp/netAppAccounts/capacityPools/volumes","etag":"W/\"datetime''2020-05-27T13%3A50%3A18.5332487Z''\"","location":"eastus","properties":{"serviceLevel":"Premium","creationToken":"sdk-py-tests-vol-1","usageThreshold":107374182400,"protocolTypes":["NFSv3"],"subnetId":"/subscriptions/00000000-0000-0000-0000-000000000000/resourceGroups/sdk-net-test-qa2/providers/Microsoft.Network/virtualNetworks/sdknettestqa2vnet464/subnets/default","provisioningState":"Creating"}}'
    headers:
      access-control-expose-headers:
      - Request-Context
      azure-asyncoperation:
      - https://management.azure.com/subscriptions/00000000-0000-0000-0000-000000000000/providers/Microsoft.NetApp/locations/eastus/operationResults/99a44842-304d-4615-ab07-dac0166824b6?api-version=2019-11-01
      cache-control:
      - no-cache
      content-length:
      - '764'
      content-type:
      - application/json; charset=utf-8
      date:
      - Wed, 27 May 2020 13:50:19 GMT
      etag:
      - W/"datetime'2020-05-27T13%3A50%3A18.5332487Z'"
      expires:
      - '-1'
      pragma:
      - no-cache
      request-context:
      - appId=cid-v1:2c4cb680-0a1f-424d-bb8d-8e650ba68d53
      server:
      - Microsoft-IIS/10.0
      strict-transport-security:
      - max-age=31536000; includeSubDomains
      x-content-type-options:
      - nosniff
      x-ms-ratelimit-remaining-subscription-writes:
      - '1197'
      x-powered-by:
      - ASP.NET
    status:
      code: 201
      message: Created
- request:
    body: null
    headers:
      Accept:
      - application/json
      Accept-Encoding:
      - gzip, deflate
      Connection:
      - keep-alive
      User-Agent:
      - python/3.8.1 (Windows-10-10.0.18362-SP0) msrest/0.6.13 msrest_azure/0.6.3
        azure-mgmt-netapp/0.10.0 Azure-SDK-For-Python
    method: GET
    uri: https://management.azure.com/subscriptions/00000000-0000-0000-0000-000000000000/providers/Microsoft.NetApp/locations/eastus/operationResults/99a44842-304d-4615-ab07-dac0166824b6?api-version=2019-11-01
  response:
    body:
      string: '{"id":"/subscriptions/00000000-0000-0000-0000-000000000000/providers/Microsoft.NetApp/locations/eastus/operationResults/99a44842-304d-4615-ab07-dac0166824b6","name":"99a44842-304d-4615-ab07-dac0166824b6","status":"Creating","startTime":"2020-05-27T13:50:18.4215349Z","endTime":"0001-01-01T00:00:00Z","percentComplete":0.0,"properties":{"resourceName":"/subscriptions/00000000-0000-0000-0000-000000000000/resourceGroups/sdk-net-test-qa2/providers/Microsoft.NetApp/netAppAccounts/sdk-py-tests-acc-1/capacityPools/sdk-py-tests-pool-1/volumes/sdk-py-tests-vol-1"}}'
    headers:
      access-control-expose-headers:
      - Request-Context
      cache-control:
      - no-cache
      content-length:
      - '560'
      content-type:
      - application/json; charset=utf-8
      date:
      - Wed, 27 May 2020 13:50:52 GMT
      expires:
      - '-1'
      pragma:
      - no-cache
      request-context:
      - appId=cid-v1:2c4cb680-0a1f-424d-bb8d-8e650ba68d53
      server:
      - Microsoft-IIS/10.0
      strict-transport-security:
      - max-age=31536000; includeSubDomains
      transfer-encoding:
      - chunked
      vary:
      - Accept-Encoding
      x-content-type-options:
      - nosniff
      x-powered-by:
      - ASP.NET
    status:
      code: 200
      message: OK
- request:
    body: null
    headers:
      Accept:
      - application/json
      Accept-Encoding:
      - gzip, deflate
      Connection:
      - keep-alive
      User-Agent:
      - python/3.8.1 (Windows-10-10.0.18362-SP0) msrest/0.6.13 msrest_azure/0.6.3
        azure-mgmt-netapp/0.10.0 Azure-SDK-For-Python
    method: GET
    uri: https://management.azure.com/subscriptions/00000000-0000-0000-0000-000000000000/providers/Microsoft.NetApp/locations/eastus/operationResults/99a44842-304d-4615-ab07-dac0166824b6?api-version=2019-11-01
  response:
    body:
      string: '{"id":"/subscriptions/00000000-0000-0000-0000-000000000000/providers/Microsoft.NetApp/locations/eastus/operationResults/99a44842-304d-4615-ab07-dac0166824b6","name":"99a44842-304d-4615-ab07-dac0166824b6","status":"Creating","startTime":"2020-05-27T13:50:18.4215349Z","endTime":"0001-01-01T00:00:00Z","percentComplete":0.0,"properties":{"resourceName":"/subscriptions/00000000-0000-0000-0000-000000000000/resourceGroups/sdk-net-test-qa2/providers/Microsoft.NetApp/netAppAccounts/sdk-py-tests-acc-1/capacityPools/sdk-py-tests-pool-1/volumes/sdk-py-tests-vol-1"}}'
    headers:
      access-control-expose-headers:
      - Request-Context
      cache-control:
      - no-cache
      content-length:
      - '560'
      content-type:
      - application/json; charset=utf-8
      date:
      - Wed, 27 May 2020 13:51:22 GMT
      expires:
      - '-1'
      pragma:
      - no-cache
      request-context:
      - appId=cid-v1:2c4cb680-0a1f-424d-bb8d-8e650ba68d53
      server:
      - Microsoft-IIS/10.0
      strict-transport-security:
      - max-age=31536000; includeSubDomains
      transfer-encoding:
      - chunked
      vary:
      - Accept-Encoding
      x-content-type-options:
      - nosniff
      x-powered-by:
      - ASP.NET
    status:
      code: 200
      message: OK
- request:
    body: null
    headers:
      Accept:
      - application/json
      Accept-Encoding:
      - gzip, deflate
      Connection:
      - keep-alive
      User-Agent:
      - python/3.8.1 (Windows-10-10.0.18362-SP0) msrest/0.6.13 msrest_azure/0.6.3
        azure-mgmt-netapp/0.10.0 Azure-SDK-For-Python
    method: GET
    uri: https://management.azure.com/subscriptions/00000000-0000-0000-0000-000000000000/providers/Microsoft.NetApp/locations/eastus/operationResults/99a44842-304d-4615-ab07-dac0166824b6?api-version=2019-11-01
  response:
    body:
      string: '{"id":"/subscriptions/00000000-0000-0000-0000-000000000000/providers/Microsoft.NetApp/locations/eastus/operationResults/99a44842-304d-4615-ab07-dac0166824b6","name":"99a44842-304d-4615-ab07-dac0166824b6","status":"Creating","startTime":"2020-05-27T13:50:18.4215349Z","endTime":"0001-01-01T00:00:00Z","percentComplete":0.0,"properties":{"resourceName":"/subscriptions/00000000-0000-0000-0000-000000000000/resourceGroups/sdk-net-test-qa2/providers/Microsoft.NetApp/netAppAccounts/sdk-py-tests-acc-1/capacityPools/sdk-py-tests-pool-1/volumes/sdk-py-tests-vol-1"}}'
    headers:
      access-control-expose-headers:
      - Request-Context
      cache-control:
      - no-cache
      content-length:
      - '560'
      content-type:
      - application/json; charset=utf-8
      date:
      - Wed, 27 May 2020 13:51:53 GMT
      expires:
      - '-1'
      pragma:
      - no-cache
      request-context:
      - appId=cid-v1:2c4cb680-0a1f-424d-bb8d-8e650ba68d53
      server:
      - Microsoft-IIS/10.0
      strict-transport-security:
      - max-age=31536000; includeSubDomains
      transfer-encoding:
      - chunked
      vary:
      - Accept-Encoding
      x-content-type-options:
      - nosniff
      x-powered-by:
      - ASP.NET
    status:
      code: 200
      message: OK
- request:
    body: null
    headers:
      Accept:
      - application/json
      Accept-Encoding:
      - gzip, deflate
      Connection:
      - keep-alive
      User-Agent:
      - python/3.8.1 (Windows-10-10.0.18362-SP0) msrest/0.6.13 msrest_azure/0.6.3
        azure-mgmt-netapp/0.10.0 Azure-SDK-For-Python
    method: GET
    uri: https://management.azure.com/subscriptions/00000000-0000-0000-0000-000000000000/providers/Microsoft.NetApp/locations/eastus/operationResults/99a44842-304d-4615-ab07-dac0166824b6?api-version=2019-11-01
  response:
    body:
      string: '{"id":"/subscriptions/00000000-0000-0000-0000-000000000000/providers/Microsoft.NetApp/locations/eastus/operationResults/99a44842-304d-4615-ab07-dac0166824b6","name":"99a44842-304d-4615-ab07-dac0166824b6","status":"Creating","startTime":"2020-05-27T13:50:18.4215349Z","endTime":"0001-01-01T00:00:00Z","percentComplete":0.0,"properties":{"resourceName":"/subscriptions/00000000-0000-0000-0000-000000000000/resourceGroups/sdk-net-test-qa2/providers/Microsoft.NetApp/netAppAccounts/sdk-py-tests-acc-1/capacityPools/sdk-py-tests-pool-1/volumes/sdk-py-tests-vol-1"}}'
    headers:
      access-control-expose-headers:
      - Request-Context
      cache-control:
      - no-cache
      content-length:
      - '560'
      content-type:
      - application/json; charset=utf-8
      date:
      - Wed, 27 May 2020 13:52:24 GMT
      expires:
      - '-1'
      pragma:
      - no-cache
      request-context:
      - appId=cid-v1:2c4cb680-0a1f-424d-bb8d-8e650ba68d53
      server:
      - Microsoft-IIS/10.0
      strict-transport-security:
      - max-age=31536000; includeSubDomains
      transfer-encoding:
      - chunked
      vary:
      - Accept-Encoding
      x-content-type-options:
      - nosniff
      x-powered-by:
      - ASP.NET
    status:
      code: 200
      message: OK
- request:
    body: null
    headers:
      Accept:
      - application/json
      Accept-Encoding:
      - gzip, deflate
      Connection:
      - keep-alive
      User-Agent:
      - python/3.8.1 (Windows-10-10.0.18362-SP0) msrest/0.6.13 msrest_azure/0.6.3
        azure-mgmt-netapp/0.10.0 Azure-SDK-For-Python
    method: GET
    uri: https://management.azure.com/subscriptions/00000000-0000-0000-0000-000000000000/providers/Microsoft.NetApp/locations/eastus/operationResults/99a44842-304d-4615-ab07-dac0166824b6?api-version=2019-11-01
  response:
    body:
      string: '{"id":"/subscriptions/00000000-0000-0000-0000-000000000000/providers/Microsoft.NetApp/locations/eastus/operationResults/99a44842-304d-4615-ab07-dac0166824b6","name":"99a44842-304d-4615-ab07-dac0166824b6","status":"Creating","startTime":"2020-05-27T13:50:18.4215349Z","endTime":"0001-01-01T00:00:00Z","percentComplete":0.0,"properties":{"resourceName":"/subscriptions/00000000-0000-0000-0000-000000000000/resourceGroups/sdk-net-test-qa2/providers/Microsoft.NetApp/netAppAccounts/sdk-py-tests-acc-1/capacityPools/sdk-py-tests-pool-1/volumes/sdk-py-tests-vol-1"}}'
    headers:
      access-control-expose-headers:
      - Request-Context
      cache-control:
      - no-cache
      content-length:
      - '560'
      content-type:
      - application/json; charset=utf-8
      date:
      - Wed, 27 May 2020 13:52:54 GMT
      expires:
      - '-1'
      pragma:
      - no-cache
      request-context:
      - appId=cid-v1:2c4cb680-0a1f-424d-bb8d-8e650ba68d53
      server:
      - Microsoft-IIS/10.0
      strict-transport-security:
      - max-age=31536000; includeSubDomains
      transfer-encoding:
      - chunked
      vary:
      - Accept-Encoding
      x-content-type-options:
      - nosniff
      x-powered-by:
      - ASP.NET
    status:
      code: 200
      message: OK
- request:
    body: null
    headers:
      Accept:
      - application/json
      Accept-Encoding:
      - gzip, deflate
      Connection:
      - keep-alive
      User-Agent:
      - python/3.8.1 (Windows-10-10.0.18362-SP0) msrest/0.6.13 msrest_azure/0.6.3
        azure-mgmt-netapp/0.10.0 Azure-SDK-For-Python
    method: GET
    uri: https://management.azure.com/subscriptions/00000000-0000-0000-0000-000000000000/providers/Microsoft.NetApp/locations/eastus/operationResults/99a44842-304d-4615-ab07-dac0166824b6?api-version=2019-11-01
  response:
    body:
      string: '{"id":"/subscriptions/00000000-0000-0000-0000-000000000000/providers/Microsoft.NetApp/locations/eastus/operationResults/99a44842-304d-4615-ab07-dac0166824b6","name":"99a44842-304d-4615-ab07-dac0166824b6","status":"Creating","startTime":"2020-05-27T13:50:18.4215349Z","endTime":"0001-01-01T00:00:00Z","percentComplete":0.0,"properties":{"resourceName":"/subscriptions/00000000-0000-0000-0000-000000000000/resourceGroups/sdk-net-test-qa2/providers/Microsoft.NetApp/netAppAccounts/sdk-py-tests-acc-1/capacityPools/sdk-py-tests-pool-1/volumes/sdk-py-tests-vol-1"}}'
    headers:
      access-control-expose-headers:
      - Request-Context
      cache-control:
      - no-cache
      content-length:
      - '560'
      content-type:
      - application/json; charset=utf-8
      date:
      - Wed, 27 May 2020 13:53:25 GMT
      expires:
      - '-1'
      pragma:
      - no-cache
      request-context:
      - appId=cid-v1:2c4cb680-0a1f-424d-bb8d-8e650ba68d53
      server:
      - Microsoft-IIS/10.0
      strict-transport-security:
      - max-age=31536000; includeSubDomains
      transfer-encoding:
      - chunked
      vary:
      - Accept-Encoding
      x-content-type-options:
      - nosniff
      x-powered-by:
      - ASP.NET
    status:
      code: 200
      message: OK
- request:
    body: null
    headers:
      Accept:
      - application/json
      Accept-Encoding:
      - gzip, deflate
      Connection:
      - keep-alive
      User-Agent:
      - python/3.8.1 (Windows-10-10.0.18362-SP0) msrest/0.6.13 msrest_azure/0.6.3
        azure-mgmt-netapp/0.10.0 Azure-SDK-For-Python
    method: GET
    uri: https://management.azure.com/subscriptions/00000000-0000-0000-0000-000000000000/providers/Microsoft.NetApp/locations/eastus/operationResults/99a44842-304d-4615-ab07-dac0166824b6?api-version=2019-11-01
  response:
    body:
      string: '{"id":"/subscriptions/00000000-0000-0000-0000-000000000000/providers/Microsoft.NetApp/locations/eastus/operationResults/99a44842-304d-4615-ab07-dac0166824b6","name":"99a44842-304d-4615-ab07-dac0166824b6","status":"Creating","startTime":"2020-05-27T13:50:18.4215349Z","endTime":"0001-01-01T00:00:00Z","percentComplete":0.0,"properties":{"resourceName":"/subscriptions/00000000-0000-0000-0000-000000000000/resourceGroups/sdk-net-test-qa2/providers/Microsoft.NetApp/netAppAccounts/sdk-py-tests-acc-1/capacityPools/sdk-py-tests-pool-1/volumes/sdk-py-tests-vol-1"}}'
    headers:
      access-control-expose-headers:
      - Request-Context
      cache-control:
      - no-cache
      content-length:
      - '560'
      content-type:
      - application/json; charset=utf-8
      date:
      - Wed, 27 May 2020 13:53:56 GMT
      expires:
      - '-1'
      pragma:
      - no-cache
      request-context:
      - appId=cid-v1:2c4cb680-0a1f-424d-bb8d-8e650ba68d53
      server:
      - Microsoft-IIS/10.0
      strict-transport-security:
      - max-age=31536000; includeSubDomains
      transfer-encoding:
      - chunked
      vary:
      - Accept-Encoding
      x-content-type-options:
      - nosniff
      x-powered-by:
      - ASP.NET
    status:
      code: 200
      message: OK
- request:
    body: null
    headers:
      Accept:
      - application/json
      Accept-Encoding:
      - gzip, deflate
      Connection:
      - keep-alive
      User-Agent:
      - python/3.8.1 (Windows-10-10.0.18362-SP0) msrest/0.6.13 msrest_azure/0.6.3
        azure-mgmt-netapp/0.10.0 Azure-SDK-For-Python
    method: GET
    uri: https://management.azure.com/subscriptions/00000000-0000-0000-0000-000000000000/providers/Microsoft.NetApp/locations/eastus/operationResults/99a44842-304d-4615-ab07-dac0166824b6?api-version=2019-11-01
  response:
    body:
      string: '{"id":"/subscriptions/00000000-0000-0000-0000-000000000000/providers/Microsoft.NetApp/locations/eastus/operationResults/99a44842-304d-4615-ab07-dac0166824b6","name":"99a44842-304d-4615-ab07-dac0166824b6","status":"Succeeded","startTime":"2020-05-27T13:50:18.4215349Z","endTime":"2020-05-27T13:54:16.6398995Z","percentComplete":100.0,"properties":{"resourceName":"/subscriptions/00000000-0000-0000-0000-000000000000/resourceGroups/sdk-net-test-qa2/providers/Microsoft.NetApp/netAppAccounts/sdk-py-tests-acc-1/capacityPools/sdk-py-tests-pool-1/volumes/sdk-py-tests-vol-1"}}'
    headers:
      access-control-expose-headers:
      - Request-Context
      cache-control:
      - no-cache
      content-length:
      - '571'
      content-type:
      - application/json; charset=utf-8
      date:
      - Wed, 27 May 2020 13:54:27 GMT
      expires:
      - '-1'
      pragma:
      - no-cache
      request-context:
      - appId=cid-v1:2c4cb680-0a1f-424d-bb8d-8e650ba68d53
      server:
      - Microsoft-IIS/10.0
      strict-transport-security:
      - max-age=31536000; includeSubDomains
      transfer-encoding:
      - chunked
      vary:
      - Accept-Encoding
      x-content-type-options:
      - nosniff
      x-powered-by:
      - ASP.NET
    status:
      code: 200
      message: OK
- request:
    body: null
    headers:
      Accept:
      - application/json
      Accept-Encoding:
      - gzip, deflate
      Connection:
      - keep-alive
      User-Agent:
      - python/3.8.1 (Windows-10-10.0.18362-SP0) msrest/0.6.13 msrest_azure/0.6.3
        azure-mgmt-netapp/0.10.0 Azure-SDK-For-Python
    method: GET
    uri: https://management.azure.com/subscriptions/00000000-0000-0000-0000-000000000000/resourceGroups/sdk-net-test-qa2/providers/Microsoft.NetApp/netAppAccounts/sdk-py-tests-acc-1/capacityPools/sdk-py-tests-pool-1/volumes/sdk-py-tests-vol-1?api-version=2019-11-01
  response:
    body:
      string: '{"id":"/subscriptions/00000000-0000-0000-0000-000000000000/resourceGroups/sdk-net-test-qa2/providers/Microsoft.NetApp/netAppAccounts/sdk-py-tests-acc-1/capacityPools/sdk-py-tests-pool-1/volumes/sdk-py-tests-vol-1","name":"sdk-py-tests-acc-1/sdk-py-tests-pool-1/sdk-py-tests-vol-1","type":"Microsoft.NetApp/netAppAccounts/capacityPools/volumes","etag":"W/\"datetime''2020-05-27T13%3A54%3A16.6553129Z''\"","location":"eastus","properties":{"mountTargets":[{"provisioningState":"","mountTargetId":"16b63e8e-c203-3d8e-1c6c-e4f1de0f2cda","fileSystemId":"16b63e8e-c203-3d8e-1c6c-e4f1de0f2cda","startIp":"","endIp":"","gateway":"","netmask":"","subnet":"","ipAddress":"10.1.0.5"}],"provisioningState":"Succeeded","fileSystemId":"16b63e8e-c203-3d8e-1c6c-e4f1de0f2cda","name":"sdk-py-tests-vol-1","serviceLevel":"Premium","creationToken":"sdk-py-tests-vol-1","usageThreshold":107374182400,"usedBytes":0,"exportPolicy":{"rules":[{"ruleIndex":1,"unixReadOnly":false,"unixReadWrite":true,"cifs":false,"nfsv3":true,"nfsv4":false,"nfsv41":false,"allowedClients":"0.0.0.0/0"}]},"protocolTypes":["NFSv3"],"baremetalTenantId":"baremetalTenant_svm_6eaf3ac7796611eaabddda649d9a0383_b7b9181e","subnetId":"/subscriptions/00000000-0000-0000-0000-000000000000/resourceGroups/sdk-net-test-qa2/providers/Microsoft.Network/virtualNetworks/sdknettestqa2vnet464/subnets/default"}}'
    headers:
      access-control-expose-headers:
      - Request-Context
      cache-control:
      - no-cache
      content-length:
      - '1350'
      content-type:
      - application/json; charset=utf-8
      date:
      - Wed, 27 May 2020 13:54:27 GMT
      etag:
      - W/"datetime'2020-05-27T13%3A54%3A16.6553129Z'"
      expires:
      - '-1'
      pragma:
      - no-cache
      request-context:
      - appId=cid-v1:2c4cb680-0a1f-424d-bb8d-8e650ba68d53
      server:
      - Microsoft-IIS/10.0
      strict-transport-security:
      - max-age=31536000; includeSubDomains
      transfer-encoding:
      - chunked
      vary:
      - Accept-Encoding
      x-content-type-options:
      - nosniff
      x-powered-by:
      - ASP.NET
    status:
      code: 200
      message: OK
- request:
    body: '{"properties": {"serviceLevel": "Premium", "usageThreshold": 214748364800}}'
    headers:
      Accept:
      - application/json
      Accept-Encoding:
      - gzip, deflate
      Connection:
      - keep-alive
      Content-Length:
      - '75'
      Content-Type:
      - application/json; charset=utf-8
      User-Agent:
      - python/3.8.1 (Windows-10-10.0.18362-SP0) msrest/0.6.13 msrest_azure/0.6.3
        azure-mgmt-netapp/0.10.0 Azure-SDK-For-Python
      accept-language:
      - en-US
    method: PATCH
    uri: https://management.azure.com/subscriptions/00000000-0000-0000-0000-000000000000/resourceGroups/sdk-net-test-qa2/providers/Microsoft.NetApp/netAppAccounts/sdk-py-tests-acc-1/capacityPools/sdk-py-tests-pool-1/volumes/sdk-py-tests-vol-1?api-version=2019-11-01
  response:
    body:
      string: '{"id":"/subscriptions/00000000-0000-0000-0000-000000000000/resourceGroups/sdk-net-test-qa2/providers/Microsoft.NetApp/netAppAccounts/sdk-py-tests-acc-1/capacityPools/sdk-py-tests-pool-1/volumes/sdk-py-tests-vol-1","name":"sdk-py-tests-acc-1/sdk-py-tests-pool-1/sdk-py-tests-vol-1","type":"Microsoft.NetApp/netAppAccounts/capacityPools/volumes","etag":"W/\"datetime''2020-05-27T13%3A54%3A32.2151542Z''\"","location":"eastus","properties":{"mountTargets":[{"provisioningState":"","mountTargetId":"16b63e8e-c203-3d8e-1c6c-e4f1de0f2cda","fileSystemId":"16b63e8e-c203-3d8e-1c6c-e4f1de0f2cda","startIp":"","endIp":"","gateway":"","netmask":"","subnet":"","ipAddress":"10.1.0.5"}],"provisioningState":"Succeeded","fileSystemId":"16b63e8e-c203-3d8e-1c6c-e4f1de0f2cda","name":"sdk-py-tests-vol-1","serviceLevel":"Premium","creationToken":"sdk-py-tests-vol-1","usageThreshold":214748364800,"usedBytes":0,"exportPolicy":{"rules":[{"ruleIndex":1,"unixReadOnly":false,"unixReadWrite":true,"cifs":false,"nfsv3":true,"nfsv4":false,"nfsv41":false,"allowedClients":"0.0.0.0/0"}]},"protocolTypes":["NFSv3"],"baremetalTenantId":"baremetalTenant_svm_6eaf3ac7796611eaabddda649d9a0383_b7b9181e","subnetId":"/subscriptions/00000000-0000-0000-0000-000000000000/resourceGroups/sdk-net-test-qa2/providers/Microsoft.Network/virtualNetworks/sdknettestqa2vnet464/subnets/default"}}'
    headers:
      access-control-expose-headers:
      - Request-Context
      cache-control:
      - no-cache
      content-length:
      - '1350'
      content-type:
      - application/json; charset=utf-8
      date:
      - Wed, 27 May 2020 13:54:39 GMT
      etag:
      - W/"datetime'2020-05-27T13%3A54%3A32.2151542Z'"
      expires:
      - '-1'
      pragma:
      - no-cache
      request-context:
      - appId=cid-v1:2c4cb680-0a1f-424d-bb8d-8e650ba68d53
      server:
      - Microsoft-IIS/10.0
      strict-transport-security:
      - max-age=31536000; includeSubDomains
      transfer-encoding:
      - chunked
      vary:
      - Accept-Encoding
      x-content-type-options:
      - nosniff
      x-ms-ratelimit-remaining-subscription-writes:
      - '1199'
      x-powered-by:
      - ASP.NET
    status:
      code: 200
      message: OK
- request:
    body: null
    headers:
      Accept:
      - application/json
      Accept-Encoding:
      - gzip, deflate
      Connection:
      - keep-alive
      Content-Length:
      - '0'
      User-Agent:
      - python/3.8.1 (Windows-10-10.0.18362-SP0) msrest/0.6.13 msrest_azure/0.6.3
        azure-mgmt-netapp/0.10.0 Azure-SDK-For-Python
      accept-language:
      - en-US
    method: DELETE
    uri: https://management.azure.com/subscriptions/00000000-0000-0000-0000-000000000000/resourceGroups/sdk-net-test-qa2/providers/Microsoft.NetApp/netAppAccounts/sdk-py-tests-acc-1/capacityPools/sdk-py-tests-pool-1/volumes/sdk-py-tests-vol-1?api-version=2019-11-01
  response:
    body:
      string: ''
    headers:
      access-control-expose-headers:
      - Request-Context
      azure-asyncoperation:
      - https://management.azure.com/subscriptions/00000000-0000-0000-0000-000000000000/providers/Microsoft.NetApp/locations/eastus/operationResults/d1877b43-0c95-445d-9b14-3d36a0f1b1ae?api-version=2019-11-01
      cache-control:
      - no-cache
      content-length:
      - '0'
      date:
      - Wed, 27 May 2020 13:54:41 GMT
      expires:
      - '-1'
      location:
      - https://management.azure.com/subscriptions/00000000-0000-0000-0000-000000000000/providers/Microsoft.NetApp/locations/eastus/operationResults/d1877b43-0c95-445d-9b14-3d36a0f1b1ae?api-version=2019-11-01&operationResultResponseType=Location
      pragma:
      - no-cache
      request-context:
      - appId=cid-v1:2c4cb680-0a1f-424d-bb8d-8e650ba68d53
      server:
      - Microsoft-IIS/10.0
      strict-transport-security:
      - max-age=31536000; includeSubDomains
      x-content-type-options:
      - nosniff
      x-ms-ratelimit-remaining-subscription-deletes:
      - '14998'
      x-powered-by:
      - ASP.NET
    status:
      code: 202
      message: Accepted
- request:
    body: null
    headers:
      Accept:
      - application/json
      Accept-Encoding:
      - gzip, deflate
      Connection:
      - keep-alive
      User-Agent:
      - python/3.8.1 (Windows-10-10.0.18362-SP0) msrest/0.6.13 msrest_azure/0.6.3
        azure-mgmt-netapp/0.10.0 Azure-SDK-For-Python
    method: GET
    uri: https://management.azure.com/subscriptions/00000000-0000-0000-0000-000000000000/providers/Microsoft.NetApp/locations/eastus/operationResults/d1877b43-0c95-445d-9b14-3d36a0f1b1ae?api-version=2019-11-01
  response:
    body:
      string: '{"id":"/subscriptions/00000000-0000-0000-0000-000000000000/providers/Microsoft.NetApp/locations/eastus/operationResults/d1877b43-0c95-445d-9b14-3d36a0f1b1ae","name":"d1877b43-0c95-445d-9b14-3d36a0f1b1ae","status":"Deleting","startTime":"2020-05-27T13:54:41.9569578Z","endTime":"0001-01-01T00:00:00Z","percentComplete":0.0,"properties":{"resourceName":"/subscriptions/00000000-0000-0000-0000-000000000000/resourceGroups/sdk-net-test-qa2/providers/Microsoft.NetApp/netAppAccounts/sdk-py-tests-acc-1/capacityPools/sdk-py-tests-pool-1/volumes/sdk-py-tests-vol-1"}}'
    headers:
      access-control-expose-headers:
      - Request-Context
      cache-control:
      - no-cache
      content-length:
      - '560'
      content-type:
      - application/json; charset=utf-8
      date:
      - Wed, 27 May 2020 13:55:12 GMT
      expires:
      - '-1'
      pragma:
      - no-cache
      request-context:
      - appId=cid-v1:2c4cb680-0a1f-424d-bb8d-8e650ba68d53
      server:
      - Microsoft-IIS/10.0
      strict-transport-security:
      - max-age=31536000; includeSubDomains
      transfer-encoding:
      - chunked
      vary:
      - Accept-Encoding
      x-content-type-options:
      - nosniff
      x-powered-by:
      - ASP.NET
    status:
      code: 200
      message: OK
- request:
    body: null
    headers:
      Accept:
      - application/json
      Accept-Encoding:
      - gzip, deflate
      Connection:
      - keep-alive
      User-Agent:
      - python/3.8.1 (Windows-10-10.0.18362-SP0) msrest/0.6.13 msrest_azure/0.6.3
        azure-mgmt-netapp/0.10.0 Azure-SDK-For-Python
    method: GET
    uri: https://management.azure.com/subscriptions/00000000-0000-0000-0000-000000000000/providers/Microsoft.NetApp/locations/eastus/operationResults/d1877b43-0c95-445d-9b14-3d36a0f1b1ae?api-version=2019-11-01
  response:
    body:
      string: '{"id":"/subscriptions/00000000-0000-0000-0000-000000000000/providers/Microsoft.NetApp/locations/eastus/operationResults/d1877b43-0c95-445d-9b14-3d36a0f1b1ae","name":"d1877b43-0c95-445d-9b14-3d36a0f1b1ae","status":"Deleting","startTime":"2020-05-27T13:54:41.9569578Z","endTime":"0001-01-01T00:00:00Z","percentComplete":0.0,"properties":{"resourceName":"/subscriptions/00000000-0000-0000-0000-000000000000/resourceGroups/sdk-net-test-qa2/providers/Microsoft.NetApp/netAppAccounts/sdk-py-tests-acc-1/capacityPools/sdk-py-tests-pool-1/volumes/sdk-py-tests-vol-1"}}'
    headers:
      access-control-expose-headers:
      - Request-Context
      cache-control:
      - no-cache
      content-length:
      - '560'
      content-type:
      - application/json; charset=utf-8
      date:
      - Wed, 27 May 2020 13:55:43 GMT
      expires:
      - '-1'
      pragma:
      - no-cache
      request-context:
      - appId=cid-v1:2c4cb680-0a1f-424d-bb8d-8e650ba68d53
      server:
      - Microsoft-IIS/10.0
      strict-transport-security:
      - max-age=31536000; includeSubDomains
      transfer-encoding:
      - chunked
      vary:
      - Accept-Encoding
      x-content-type-options:
      - nosniff
      x-powered-by:
      - ASP.NET
    status:
      code: 200
      message: OK
- request:
    body: null
    headers:
      Accept:
      - application/json
      Accept-Encoding:
      - gzip, deflate
      Connection:
      - keep-alive
      User-Agent:
      - python/3.8.1 (Windows-10-10.0.18362-SP0) msrest/0.6.13 msrest_azure/0.6.3
        azure-mgmt-netapp/0.10.0 Azure-SDK-For-Python
    method: GET
    uri: https://management.azure.com/subscriptions/00000000-0000-0000-0000-000000000000/providers/Microsoft.NetApp/locations/eastus/operationResults/d1877b43-0c95-445d-9b14-3d36a0f1b1ae?api-version=2019-11-01
  response:
    body:
      string: '{"id":"/subscriptions/00000000-0000-0000-0000-000000000000/providers/Microsoft.NetApp/locations/eastus/operationResults/d1877b43-0c95-445d-9b14-3d36a0f1b1ae","name":"d1877b43-0c95-445d-9b14-3d36a0f1b1ae","status":"Succeeded","startTime":"2020-05-27T13:54:41.9569578Z","endTime":"2020-05-27T13:55:55.9196462Z","percentComplete":100.0,"properties":{"resourceName":"/subscriptions/00000000-0000-0000-0000-000000000000/resourceGroups/sdk-net-test-qa2/providers/Microsoft.NetApp/netAppAccounts/sdk-py-tests-acc-1/capacityPools/sdk-py-tests-pool-1/volumes/sdk-py-tests-vol-1"}}'
    headers:
      access-control-expose-headers:
      - Request-Context
      cache-control:
      - no-cache
      content-length:
      - '571'
      content-type:
      - application/json; charset=utf-8
      date:
      - Wed, 27 May 2020 13:56:13 GMT
      expires:
      - '-1'
      pragma:
      - no-cache
      request-context:
      - appId=cid-v1:2c4cb680-0a1f-424d-bb8d-8e650ba68d53
      server:
      - Microsoft-IIS/10.0
      strict-transport-security:
      - max-age=31536000; includeSubDomains
      transfer-encoding:
      - chunked
      vary:
      - Accept-Encoding
      x-content-type-options:
      - nosniff
      x-powered-by:
      - ASP.NET
    status:
      code: 200
      message: OK
- request:
    body: null
    headers:
      Accept:
      - application/json
      Accept-Encoding:
      - gzip, deflate
      Connection:
      - keep-alive
      User-Agent:
      - python/3.8.1 (Windows-10-10.0.18362-SP0) msrest/0.6.13 msrest_azure/0.6.3
        azure-mgmt-netapp/0.10.0 Azure-SDK-For-Python
      accept-language:
      - en-US
    method: GET
    uri: https://management.azure.com/subscriptions/00000000-0000-0000-0000-000000000000/resourceGroups/sdk-net-test-qa2/providers/Microsoft.NetApp/netAppAccounts/sdk-py-tests-acc-1/capacityPools/sdk-py-tests-pool-1/volumes/sdk-py-tests-vol-1?api-version=2019-11-01
  response:
    body:
      string: '{"error":{"code":"ResourceNotFound","message":"The Resource ''Microsoft.NetApp/netAppAccounts/sdk-py-tests-acc-1/capacityPools/sdk-py-tests-pool-1/volumes/sdk-py-tests-vol-1''
        under resource group ''sdk-net-test-qa2'' was not found."}}'
    headers:
      cache-control:
      - no-cache
      content-length:
      - '231'
      content-type:
      - application/json; charset=utf-8
      date:
      - Wed, 27 May 2020 13:59:35 GMT
      expires:
      - '-1'
      pragma:
      - no-cache
      strict-transport-security:
      - max-age=31536000; includeSubDomains
      x-content-type-options:
      - nosniff
      x-ms-failure-cause:
      - gateway
    status:
      code: 404
      message: Not Found
- request:
    body: null
    headers:
      Accept:
      - application/json
      Accept-Encoding:
      - gzip, deflate
      Connection:
      - keep-alive
      Content-Length:
      - '0'
      User-Agent:
      - python/3.8.1 (Windows-10-10.0.18362-SP0) msrest/0.6.13 msrest_azure/0.6.3
        azure-mgmt-netapp/0.10.0 Azure-SDK-For-Python
      accept-language:
      - en-US
    method: DELETE
    uri: https://management.azure.com/subscriptions/00000000-0000-0000-0000-000000000000/resourceGroups/sdk-net-test-qa2/providers/Microsoft.NetApp/netAppAccounts/sdk-py-tests-acc-1/capacityPools/sdk-py-tests-pool-1?api-version=2019-11-01
  response:
    body:
      string: ''
    headers:
      access-control-expose-headers:
      - Request-Context
      azure-asyncoperation:
      - https://management.azure.com/subscriptions/00000000-0000-0000-0000-000000000000/providers/Microsoft.NetApp/locations/eastus/operationResults/46937acc-fbc8-41ce-97db-dd24f00eb5cf?api-version=2019-11-01
      cache-control:
      - no-cache
      content-length:
      - '0'
      date:
      - Wed, 27 May 2020 13:59:47 GMT
      expires:
      - '-1'
      location:
      - https://management.azure.com/subscriptions/00000000-0000-0000-0000-000000000000/providers/Microsoft.NetApp/locations/eastus/operationResults/46937acc-fbc8-41ce-97db-dd24f00eb5cf?api-version=2019-11-01&operationResultResponseType=Location
      pragma:
      - no-cache
      request-context:
      - appId=cid-v1:2c4cb680-0a1f-424d-bb8d-8e650ba68d53
      server:
      - Microsoft-IIS/10.0
      strict-transport-security:
      - max-age=31536000; includeSubDomains
      x-content-type-options:
      - nosniff
      x-ms-ratelimit-remaining-subscription-deletes:
      - '14999'
      x-powered-by:
      - ASP.NET
    status:
      code: 202
      message: Accepted
- request:
    body: null
    headers:
      Accept:
      - application/json
      Accept-Encoding:
      - gzip, deflate
      Connection:
      - keep-alive
      User-Agent:
      - python/3.8.1 (Windows-10-10.0.18362-SP0) msrest/0.6.13 msrest_azure/0.6.3
        azure-mgmt-netapp/0.10.0 Azure-SDK-For-Python
    method: GET
    uri: https://management.azure.com/subscriptions/00000000-0000-0000-0000-000000000000/providers/Microsoft.NetApp/locations/eastus/operationResults/46937acc-fbc8-41ce-97db-dd24f00eb5cf?api-version=2019-11-01
  response:
    body:
      string: '{"id":"/subscriptions/00000000-0000-0000-0000-000000000000/providers/Microsoft.NetApp/locations/eastus/operationResults/46937acc-fbc8-41ce-97db-dd24f00eb5cf","name":"46937acc-fbc8-41ce-97db-dd24f00eb5cf","status":"Succeeded","startTime":"2020-05-27T13:59:48.0649058Z","endTime":"2020-05-27T13:59:48.5180899Z","percentComplete":100.0,"properties":{"resourceName":"/subscriptions/00000000-0000-0000-0000-000000000000/resourceGroups/sdk-net-test-qa2/providers/Microsoft.NetApp/netAppAccounts/sdk-py-tests-acc-1/capacityPools/sdk-py-tests-pool-1"}}'
    headers:
      access-control-expose-headers:
      - Request-Context
      cache-control:
      - no-cache
      content-length:
      - '544'
      content-type:
      - application/json; charset=utf-8
      date:
      - Wed, 27 May 2020 14:00:19 GMT
      expires:
      - '-1'
      pragma:
      - no-cache
      request-context:
      - appId=cid-v1:2c4cb680-0a1f-424d-bb8d-8e650ba68d53
      server:
      - Microsoft-IIS/10.0
      strict-transport-security:
      - max-age=31536000; includeSubDomains
      transfer-encoding:
      - chunked
      vary:
      - Accept-Encoding
      x-content-type-options:
      - nosniff
      x-powered-by:
      - ASP.NET
    status:
      code: 200
      message: OK
- request:
    body: null
    headers:
      Accept:
      - application/json
      Accept-Encoding:
      - gzip, deflate
      Connection:
      - keep-alive
      Content-Length:
      - '0'
      User-Agent:
      - python/3.8.1 (Windows-10-10.0.18362-SP0) msrest/0.6.13 msrest_azure/0.6.3
        azure-mgmt-netapp/0.10.0 Azure-SDK-For-Python
      accept-language:
      - en-US
    method: DELETE
    uri: https://management.azure.com/subscriptions/00000000-0000-0000-0000-000000000000/resourceGroups/sdk-net-test-qa2/providers/Microsoft.NetApp/netAppAccounts/sdk-py-tests-acc-1/capacityPools/sdk-py-tests-pool-1?api-version=2019-11-01
  response:
    body:
      string: ''
    headers:
      cache-control:
      - no-cache
      date:
      - Wed, 27 May 2020 14:00:30 GMT
      expires:
      - '-1'
      pragma:
      - no-cache
      strict-transport-security:
      - max-age=31536000; includeSubDomains
      x-content-type-options:
      - nosniff
      x-ms-ratelimit-remaining-subscription-deletes:
      - '14998'
    status:
      code: 204
      message: No Content
- request:
    body: null
    headers:
      Accept:
      - application/json
      Accept-Encoding:
      - gzip, deflate
      Connection:
      - keep-alive
      Content-Length:
      - '0'
      User-Agent:
      - python/3.8.1 (Windows-10-10.0.18362-SP0) msrest/0.6.13 msrest_azure/0.6.3
        azure-mgmt-netapp/0.10.0 Azure-SDK-For-Python
      accept-language:
      - en-US
    method: DELETE
    uri: https://management.azure.com/subscriptions/00000000-0000-0000-0000-000000000000/resourceGroups/sdk-net-test-qa2/providers/Microsoft.NetApp/netAppAccounts/sdk-py-tests-acc-1/capacityPools/sdk-py-tests-pool-1?api-version=2019-11-01
  response:
    body:
      string: ''
    headers:
      cache-control:
      - no-cache
      date:
      - Wed, 27 May 2020 14:00:40 GMT
      expires:
      - '-1'
      pragma:
      - no-cache
      strict-transport-security:
      - max-age=31536000; includeSubDomains
      x-content-type-options:
      - nosniff
      x-ms-ratelimit-remaining-subscription-deletes:
      - '14997'
    status:
      code: 204
      message: No Content
- request:
    body: null
    headers:
      Accept:
      - application/json
      Accept-Encoding:
      - gzip, deflate
      Connection:
      - keep-alive
      Content-Length:
      - '0'
      User-Agent:
      - python/3.8.1 (Windows-10-10.0.18362-SP0) msrest/0.6.13 msrest_azure/0.6.3
        azure-mgmt-netapp/0.10.0 Azure-SDK-For-Python
      accept-language:
      - en-US
    method: DELETE
    uri: https://management.azure.com/subscriptions/00000000-0000-0000-0000-000000000000/resourceGroups/sdk-net-test-qa2/providers/Microsoft.NetApp/netAppAccounts/sdk-py-tests-acc-1/capacityPools/sdk-py-tests-pool-1?api-version=2019-11-01
  response:
    body:
      string: ''
    headers:
      cache-control:
      - no-cache
      date:
      - Wed, 27 May 2020 14:00:51 GMT
      expires:
      - '-1'
      pragma:
      - no-cache
      strict-transport-security:
      - max-age=31536000; includeSubDomains
      x-content-type-options:
      - nosniff
      x-ms-ratelimit-remaining-subscription-deletes:
      - '14996'
    status:
      code: 204
      message: No Content
- request:
    body: null
    headers:
      Accept:
      - application/json
      Accept-Encoding:
      - gzip, deflate
      Connection:
      - keep-alive
      Content-Length:
      - '0'
      User-Agent:
      - python/3.8.1 (Windows-10-10.0.18362-SP0) msrest/0.6.13 msrest_azure/0.6.3
        azure-mgmt-netapp/0.10.0 Azure-SDK-For-Python
      accept-language:
      - en-US
    method: DELETE
    uri: https://management.azure.com/subscriptions/00000000-0000-0000-0000-000000000000/resourceGroups/sdk-net-test-qa2/providers/Microsoft.NetApp/netAppAccounts/sdk-py-tests-acc-1/capacityPools/sdk-py-tests-pool-1?api-version=2019-11-01
  response:
    body:
      string: ''
    headers:
      cache-control:
      - no-cache
      date:
      - Wed, 27 May 2020 14:01:02 GMT
      expires:
      - '-1'
      pragma:
      - no-cache
      strict-transport-security:
      - max-age=31536000; includeSubDomains
      x-content-type-options:
      - nosniff
      x-ms-ratelimit-remaining-subscription-deletes:
      - '14995'
    status:
      code: 204
      message: No Content
- request:
    body: null
    headers:
      Accept:
      - application/json
      Accept-Encoding:
      - gzip, deflate
      Connection:
      - keep-alive
      User-Agent:
      - python/3.8.1 (Windows-10-10.0.18362-SP0) msrest/0.6.13 msrest_azure/0.6.3
        azure-mgmt-netapp/0.10.0 Azure-SDK-For-Python
      accept-language:
      - en-US
    method: GET
    uri: https://management.azure.com/subscriptions/00000000-0000-0000-0000-000000000000/resourceGroups/sdk-net-test-qa2/providers/Microsoft.NetApp/netAppAccounts/sdk-py-tests-acc-1/capacityPools/sdk-py-tests-pool-1?api-version=2019-11-01
  response:
    body:
      string: '{"error":{"code":"ResourceNotFound","message":"The Resource ''Microsoft.NetApp/netAppAccounts/sdk-py-tests-acc-1/capacityPools/sdk-py-tests-pool-1''
        under resource group ''sdk-net-test-qa2'' was not found."}}'
    headers:
      cache-control:
      - no-cache
      content-length:
      - '204'
      content-type:
      - application/json; charset=utf-8
      date:
      - Wed, 27 May 2020 14:01:12 GMT
      expires:
      - '-1'
      pragma:
      - no-cache
      strict-transport-security:
      - max-age=31536000; includeSubDomains
      x-content-type-options:
      - nosniff
      x-ms-failure-cause:
      - gateway
    status:
      code: 404
      message: Not Found
- request:
    body: null
    headers:
      Accept:
      - application/json
      Accept-Encoding:
      - gzip, deflate
      Connection:
      - keep-alive
      Content-Length:
      - '0'
      User-Agent:
      - python/3.8.1 (Windows-10-10.0.18362-SP0) msrest/0.6.13 msrest_azure/0.6.3
        azure-mgmt-netapp/0.10.0 Azure-SDK-For-Python
      accept-language:
      - en-US
    method: DELETE
    uri: https://management.azure.com/subscriptions/00000000-0000-0000-0000-000000000000/resourceGroups/sdk-net-test-qa2/providers/Microsoft.NetApp/netAppAccounts/sdk-py-tests-acc-1?api-version=2019-11-01
  response:
    body:
      string: ''
    headers:
      access-control-expose-headers:
      - Request-Context
      azure-asyncoperation:
      - https://management.azure.com/subscriptions/00000000-0000-0000-0000-000000000000/providers/Microsoft.NetApp/locations/eastus/operationResults/68195ab8-6083-4b95-934c-68e0b9acc571?api-version=2019-11-01
      cache-control:
      - no-cache
      content-length:
      - '0'
      date:
      - Wed, 27 May 2020 14:01:15 GMT
      expires:
      - '-1'
      location:
      - https://management.azure.com/subscriptions/00000000-0000-0000-0000-000000000000/providers/Microsoft.NetApp/locations/eastus/operationResults/68195ab8-6083-4b95-934c-68e0b9acc571?api-version=2019-11-01&operationResultResponseType=Location
      pragma:
      - no-cache
      request-context:
      - appId=cid-v1:2c4cb680-0a1f-424d-bb8d-8e650ba68d53
      server:
      - Microsoft-IIS/10.0
      strict-transport-security:
      - max-age=31536000; includeSubDomains
      x-content-type-options:
      - nosniff
      x-ms-ratelimit-remaining-subscription-deletes:
      - '14994'
      x-powered-by:
      - ASP.NET
    status:
      code: 202
      message: Accepted
- request:
    body: null
    headers:
      Accept:
      - application/json
      Accept-Encoding:
      - gzip, deflate
      Connection:
      - keep-alive
      User-Agent:
      - python/3.8.1 (Windows-10-10.0.18362-SP0) msrest/0.6.13 msrest_azure/0.6.3
        azure-mgmt-netapp/0.10.0 Azure-SDK-For-Python
    method: GET
    uri: https://management.azure.com/subscriptions/00000000-0000-0000-0000-000000000000/providers/Microsoft.NetApp/locations/eastus/operationResults/68195ab8-6083-4b95-934c-68e0b9acc571?api-version=2019-11-01
  response:
    body:
      string: '{"id":"/subscriptions/00000000-0000-0000-0000-000000000000/providers/Microsoft.NetApp/locations/eastus/operationResults/68195ab8-6083-4b95-934c-68e0b9acc571","name":"68195ab8-6083-4b95-934c-68e0b9acc571","status":"Succeeded","startTime":"2020-05-27T14:01:15.8858856Z","endTime":"2020-05-27T14:01:16.2608585Z","percentComplete":100.0,"properties":{"resourceName":"/subscriptions/00000000-0000-0000-0000-000000000000/resourceGroups/sdk-net-test-qa2/providers/Microsoft.NetApp/netAppAccounts/sdk-py-tests-acc-1"}}'
    headers:
      access-control-expose-headers:
      - Request-Context
      cache-control:
      - no-cache
      content-length:
      - '510'
      content-type:
      - application/json; charset=utf-8
      date:
      - Wed, 27 May 2020 14:01:47 GMT
      expires:
      - '-1'
      pragma:
      - no-cache
      request-context:
      - appId=cid-v1:2c4cb680-0a1f-424d-bb8d-8e650ba68d53
      server:
      - Microsoft-IIS/10.0
      strict-transport-security:
      - max-age=31536000; includeSubDomains
      transfer-encoding:
      - chunked
      vary:
      - Accept-Encoding
      x-content-type-options:
      - nosniff
      x-powered-by:
      - ASP.NET
    status:
      code: 200
      message: OK
- request:
    body: null
    headers:
      Accept:
      - application/json
      Accept-Encoding:
      - gzip, deflate
      Connection:
      - keep-alive
      User-Agent:
      - python/3.8.1 (Windows-10-10.0.18362-SP0) msrest/0.6.13 msrest_azure/0.6.3
        azure-mgmt-netapp/0.10.0 Azure-SDK-For-Python
      accept-language:
      - en-US
    method: GET
    uri: https://management.azure.com/subscriptions/00000000-0000-0000-0000-000000000000/resourceGroups/sdk-net-test-qa2/providers/Microsoft.NetApp/netAppAccounts/sdk-py-tests-acc-1?api-version=2019-11-01
  response:
    body:
      string: '{"error":{"code":"ResourceNotFound","message":"The Resource ''Microsoft.NetApp/netAppAccounts/sdk-py-tests-acc-1''
        under resource group ''sdk-net-test-qa2'' was not found."}}'
    headers:
      cache-control:
      - no-cache
      content-length:
      - '170'
      content-type:
      - application/json; charset=utf-8
      date:
      - Wed, 27 May 2020 14:01:49 GMT
      expires:
      - '-1'
      pragma:
      - no-cache
      strict-transport-security:
      - max-age=31536000; includeSubDomains
      x-content-type-options:
      - nosniff
      x-ms-failure-cause:
      - gateway
    status:
      code: 404
      message: Not Found
version: 1
