interactions:
- request:
    body: '{"location": "southcentralusstage"}'
    headers:
      Accept:
      - application/json
      Accept-Encoding:
      - gzip, deflate
      Connection:
      - keep-alive
      Content-Length:
      - '35'
      Content-Type:
      - application/json
      User-Agent:
      - azsdk-python-mgmt-netapp/5.0.0 Python/3.8.10 (macOS-11.5-x86_64-i386-64bit)
    method: PUT
    uri: https://management.azure.com/subscriptions/00000000-0000-0000-0000-000000000000/resourceGroups/sdk-python-tests-rg/providers/Microsoft.NetApp/netAppAccounts/sdk-py-tests-acc-1?api-version=2021-06-01
  response:
    body:
      string: '{"id":"/subscriptions/00000000-0000-0000-0000-000000000000/resourceGroups/sdk-python-tests-rg/providers/Microsoft.NetApp/netAppAccounts/sdk-py-tests-acc-1","name":"sdk-py-tests-acc-1","type":"Microsoft.NetApp/netAppAccounts","etag":"W/\"datetime''2021-08-23T11%3A55%3A19.7099078Z''\"","location":"southcentralusstage","properties":{"provisioningState":"Creating"}}'
    headers:
      azure-asyncoperation:
      - https://management.azure.com/subscriptions/00000000-0000-0000-0000-000000000000/providers/Microsoft.NetApp/locations/southcentralusstage/operationResults/39834f9f-4dd9-4908-89ba-7953829d2c9c?api-version=2021-06-01
      cache-control:
      - no-cache
      content-length:
      - '362'
      content-type:
      - application/json; charset=utf-8
      date:
      - Mon, 23 Aug 2021 11:55:20 GMT
      etag:
      - W/"datetime'2021-08-23T11%3A55%3A19.7099078Z'"
      expires:
      - '-1'
      pragma:
      - no-cache
      server:
      - Microsoft-IIS/10.0
      strict-transport-security:
      - max-age=31536000; includeSubDomains
      x-content-type-options:
      - nosniff
      x-ms-ratelimit-remaining-subscription-writes:
      - '1199'
      x-powered-by:
      - ASP.NET
    status:
      code: 201
      message: Created
- request:
    body: null
    headers:
      Accept:
      - '*/*'
      Accept-Encoding:
      - gzip, deflate
      Connection:
      - keep-alive
      User-Agent:
      - azsdk-python-mgmt-netapp/5.0.0 Python/3.8.10 (macOS-11.5-x86_64-i386-64bit)
    method: GET
    uri: https://management.azure.com/subscriptions/00000000-0000-0000-0000-000000000000/providers/Microsoft.NetApp/locations/southcentralusstage/operationResults/39834f9f-4dd9-4908-89ba-7953829d2c9c?api-version=2021-06-01
  response:
    body:
      string: '{"id":"/subscriptions/00000000-0000-0000-0000-000000000000/providers/Microsoft.NetApp/locations/southcentralusstage/operationResults/39834f9f-4dd9-4908-89ba-7953829d2c9c","name":"39834f9f-4dd9-4908-89ba-7953829d2c9c","status":"Succeeded","startTime":"2021-08-23T11:55:19.7140013Z","endTime":"2021-08-23T11:55:19.7340082Z","percentComplete":100.0,"properties":{"resourceName":"/subscriptions/00000000-0000-0000-0000-000000000000/resourceGroups/sdk-python-tests-rg/providers/Microsoft.NetApp/netAppAccounts/sdk-py-tests-acc-1"}}'
    headers:
      cache-control:
      - no-cache
      content-length:
      - '526'
      content-type:
      - application/json; charset=utf-8
      date:
      - Mon, 23 Aug 2021 11:55:50 GMT
      expires:
      - '-1'
      pragma:
      - no-cache
      server:
      - Microsoft-IIS/10.0
      strict-transport-security:
      - max-age=31536000; includeSubDomains
      transfer-encoding:
      - chunked
      vary:
      - Accept-Encoding
      x-content-type-options:
      - nosniff
      x-powered-by:
      - ASP.NET
    status:
      code: 200
      message: OK
- request:
    body: null
    headers:
      Accept:
      - '*/*'
      Accept-Encoding:
      - gzip, deflate
      Connection:
      - keep-alive
      User-Agent:
      - azsdk-python-mgmt-netapp/5.0.0 Python/3.8.10 (macOS-11.5-x86_64-i386-64bit)
    method: GET
    uri: https://management.azure.com/subscriptions/00000000-0000-0000-0000-000000000000/resourceGroups/sdk-python-tests-rg/providers/Microsoft.NetApp/netAppAccounts/sdk-py-tests-acc-1?api-version=2021-06-01
  response:
    body:
      string: '{"id":"/subscriptions/00000000-0000-0000-0000-000000000000/resourceGroups/sdk-python-tests-rg/providers/Microsoft.NetApp/netAppAccounts/sdk-py-tests-acc-1","name":"sdk-py-tests-acc-1","type":"Microsoft.NetApp/netAppAccounts","etag":"W/\"datetime''2021-08-23T11%3A55%3A19.731011Z''\"","location":"southcentralusstage","properties":{"encryption":{"keySource":"Microsoft.NetApp"},"provisioningState":"Succeeded"}}'
    headers:
      cache-control:
      - no-cache
      content-length:
      - '408'
      content-type:
      - application/json; charset=utf-8
      date:
      - Mon, 23 Aug 2021 11:55:50 GMT
      etag:
      - W/"datetime'2021-08-23T11%3A55%3A19.731011Z'"
      expires:
      - '-1'
      pragma:
      - no-cache
      server:
      - Microsoft-IIS/10.0
      strict-transport-security:
      - max-age=31536000; includeSubDomains
      transfer-encoding:
      - chunked
      vary:
      - Accept-Encoding
      x-content-type-options:
      - nosniff
      x-powered-by:
      - ASP.NET
    status:
      code: 200
      message: OK
- request:
    body: null
    headers:
      Accept:
      - application/json
      Accept-Encoding:
      - gzip, deflate
      Connection:
      - keep-alive
      User-Agent:
      - azsdk-python-mgmt-netapp/5.0.0 Python/3.8.10 (macOS-11.5-x86_64-i386-64bit)
    method: GET
    uri: https://management.azure.com/subscriptions/00000000-0000-0000-0000-000000000000/resourceGroups/sdk-python-tests-rg/providers/Microsoft.NetApp/netAppAccounts/sdk-py-tests-acc-1?api-version=2021-06-01
  response:
    body:
      string: '{"id":"/subscriptions/00000000-0000-0000-0000-000000000000/resourceGroups/sdk-python-tests-rg/providers/Microsoft.NetApp/netAppAccounts/sdk-py-tests-acc-1","name":"sdk-py-tests-acc-1","type":"Microsoft.NetApp/netAppAccounts","etag":"W/\"datetime''2021-08-23T11%3A55%3A19.731011Z''\"","location":"southcentralusstage","properties":{"encryption":{"keySource":"Microsoft.NetApp"},"provisioningState":"Succeeded"}}'
    headers:
      cache-control:
      - no-cache
      content-length:
      - '408'
      content-type:
      - application/json; charset=utf-8
      date:
      - Mon, 23 Aug 2021 11:55:51 GMT
      etag:
      - W/"datetime'2021-08-23T11%3A55%3A19.731011Z'"
      expires:
      - '-1'
      pragma:
      - no-cache
      server:
      - Microsoft-IIS/10.0
      strict-transport-security:
      - max-age=31536000; includeSubDomains
      transfer-encoding:
      - chunked
      vary:
      - Accept-Encoding
      x-content-type-options:
      - nosniff
      x-powered-by:
      - ASP.NET
    status:
      code: 200
      message: OK
- request:
    body: null
    headers:
      Accept:
      - '*/*'
      Accept-Encoding:
      - gzip, deflate
      Connection:
      - keep-alive
      Content-Length:
      - '0'
      User-Agent:
      - azsdk-python-mgmt-netapp/5.0.0 Python/3.8.10 (macOS-11.5-x86_64-i386-64bit)
    method: DELETE
    uri: https://management.azure.com/subscriptions/00000000-0000-0000-0000-000000000000/resourceGroups/sdk-python-tests-rg/providers/Microsoft.NetApp/netAppAccounts/sdk-py-tests-acc-1?api-version=2021-06-01
  response:
    body:
      string: ''
    headers:
      azure-asyncoperation:
      - https://management.azure.com/subscriptions/00000000-0000-0000-0000-000000000000/providers/Microsoft.NetApp/locations/southcentralusstage/operationResults/f0715d83-f1e3-4b30-9d5b-7327f01d8c0d?api-version=2021-06-01
      cache-control:
      - no-cache
      content-length:
      - '0'
      date:
      - Mon, 23 Aug 2021 11:55:51 GMT
      expires:
      - '-1'
      location:
      - https://management.azure.com/subscriptions/00000000-0000-0000-0000-000000000000/providers/Microsoft.NetApp/locations/southcentralusstage/operationResults/f0715d83-f1e3-4b30-9d5b-7327f01d8c0d?api-version=2021-06-01&operationResultResponseType=Location
      pragma:
      - no-cache
      server:
      - Microsoft-IIS/10.0
      strict-transport-security:
      - max-age=31536000; includeSubDomains
      x-content-type-options:
      - nosniff
      x-ms-ratelimit-remaining-subscription-deletes:
      - '14999'
      x-powered-by:
      - ASP.NET
    status:
      code: 202
      message: Accepted
- request:
    body: null
    headers:
      Accept:
      - '*/*'
      Accept-Encoding:
      - gzip, deflate
      Connection:
      - keep-alive
      User-Agent:
      - azsdk-python-mgmt-netapp/5.0.0 Python/3.8.10 (macOS-11.5-x86_64-i386-64bit)
    method: GET
    uri: https://management.azure.com/subscriptions/00000000-0000-0000-0000-000000000000/providers/Microsoft.NetApp/locations/southcentralusstage/operationResults/f0715d83-f1e3-4b30-9d5b-7327f01d8c0d?api-version=2021-06-01
  response:
    body:
      string: '{"id":"/subscriptions/00000000-0000-0000-0000-000000000000/providers/Microsoft.NetApp/locations/southcentralusstage/operationResults/f0715d83-f1e3-4b30-9d5b-7327f01d8c0d","name":"f0715d83-f1e3-4b30-9d5b-7327f01d8c0d","status":"Succeeded","startTime":"2021-08-23T11:55:51.7601621Z","endTime":"2021-08-23T11:55:51.7901616Z","percentComplete":100.0,"properties":{"resourceName":"/subscriptions/00000000-0000-0000-0000-000000000000/resourceGroups/sdk-python-tests-rg/providers/Microsoft.NetApp/netAppAccounts/sdk-py-tests-acc-1"}}'
    headers:
      cache-control:
      - no-cache
      content-length:
      - '526'
      content-type:
      - application/json; charset=utf-8
      date:
      - Mon, 23 Aug 2021 11:56:21 GMT
      expires:
      - '-1'
      pragma:
      - no-cache
      server:
      - Microsoft-IIS/10.0
      strict-transport-security:
      - max-age=31536000; includeSubDomains
      transfer-encoding:
      - chunked
      vary:
      - Accept-Encoding
      x-content-type-options:
      - nosniff
      x-powered-by:
      - ASP.NET
    status:
      code: 200
      message: OK
- request:
    body: null
    headers:
      Accept:
      - application/json
      Accept-Encoding:
      - gzip, deflate
      Connection:
      - keep-alive
      User-Agent:
      - azsdk-python-mgmt-netapp/5.0.0 Python/3.8.10 (macOS-11.5-x86_64-i386-64bit)
    method: GET
    uri: https://management.azure.com/subscriptions/00000000-0000-0000-0000-000000000000/resourceGroups/sdk-python-tests-rg/providers/Microsoft.NetApp/netAppAccounts/sdk-py-tests-acc-1?api-version=2021-06-01
  response:
    body:
      string: '{"error":{"code":"ResourceNotFound","message":"The Resource ''Microsoft.NetApp/netAppAccounts/sdk-py-tests-acc-1''
        under resource group ''sdk-python-tests-rg'' was not found. For more details
        please go to https://aka.ms/ARMResourceNotFoundFix"}}'
    headers:
      cache-control:
      - no-cache
      content-length:
      - '241'
      content-type:
      - application/json; charset=utf-8
      date:
      - Mon, 23 Aug 2021 11:56:22 GMT
      expires:
      - '-1'
      pragma:
      - no-cache
      strict-transport-security:
      - max-age=31536000; includeSubDomains
      x-content-type-options:
      - nosniff
      x-ms-failure-cause:
      - gateway
    status:
      code: 404
      message: Not Found
version: 1
