{
  "Entries": [
    {
      "RequestUri": "https://login.microsoftonline.com/00000000-0000-0000-0000-000000000000/v2.0/.well-known/openid-configuration",
      "RequestMethod": "GET",
      "RequestHeaders": {
        "Accept": "*/*",
        "Accept-Encoding": "gzip, deflate",
        "Connection": "keep-alive",
        "User-Agent": "azsdk-python-identity/1.8.0b2 Python/3.8.10 (macOS-12.2-x86_64-i386-64bit)"
      },
      "RequestBody": null,
      "StatusCode": 200,
      "ResponseHeaders": {
        "Access-Control-Allow-Methods": "GET, OPTIONS",
        "Access-Control-Allow-Origin": "*",
        "Cache-Control": "max-age=86400, private",
        "Content-Length": "1753",
        "Content-Type": "application/json; charset=utf-8",
        "Date": "Thu, 24 Feb 2022 15:21:27 GMT",
        "P3P": "CP=\u0022DSP CUR OTPi IND OTRi ONL FIN\u0022",
        "Set-Cookie": [
          "fpc=As7ymsB0V_ZHkqz0V5WihgA; expires=Sat, 26-Mar-2022 15:21:27 GMT; path=/; secure; HttpOnly; SameSite=None",
          "esctx=AQABAAAAAAD--DLA3VO7QrddgJg7WevrUfjd-6d3wwS5kONkKk-wUxHaxD0KkMriRuYLR8RKO4Ofhrmo4ZrijKagaeG-9MG86kDAUQ95PjR24ANDR-S3lCueuSzrRd7QpYM937faxNsKrTE5vX5_rfPRRWFiWXIc9r35339MAa3fz2Vu1hWdYZBl9WSz86qPenkuBcfeRswgAA; domain=.login.microsoftonline.com; path=/; secure; HttpOnly; SameSite=None",
          "x-ms-gateway-slice=estsfd; path=/; secure; samesite=none; httponly",
          "stsservicecookie=estsfd; path=/; secure; samesite=none; httponly"
        ],
        "Strict-Transport-Security": "max-age=31536000; includeSubDomains",
        "X-Content-Type-Options": "nosniff",
        "x-ms-ests-server": "2.1.12470.13 - WEULR2 ProdSlices",
        "x-ms-request-id": "3752c190-1a10-4ce3-9213-d2e9295c2400"
      },
      "ResponseBody": {
        "token_endpoint": "https://login.microsoftonline.com/00000000-0000-0000-0000-000000000000/oauth2/v2.0/token",
        "token_endpoint_auth_methods_supported": [
          "client_secret_post",
          "private_key_jwt",
          "client_secret_basic"
        ],
        "jwks_uri": "https://login.microsoftonline.com/00000000-0000-0000-0000-000000000000/discovery/v2.0/keys",
        "response_modes_supported": [
          "query",
          "fragment",
          "form_post"
        ],
        "subject_types_supported": [
          "pairwise"
        ],
        "id_token_signing_alg_values_supported": [
          "RS256"
        ],
        "response_types_supported": [
          "code",
          "id_token",
          "code id_token",
          "id_token token"
        ],
        "scopes_supported": [
          "openid",
          "profile",
          "email",
          "offline_access"
        ],
        "issuer": "https://login.microsoftonline.com/00000000-0000-0000-0000-000000000000/v2.0",
        "request_uri_parameter_supported": false,
        "userinfo_endpoint": "https://graph.microsoft.com/oidc/userinfo",
        "authorization_endpoint": "https://login.microsoftonline.com/00000000-0000-0000-0000-000000000000/oauth2/v2.0/authorize",
        "device_authorization_endpoint": "https://login.microsoftonline.com/00000000-0000-0000-0000-000000000000/oauth2/v2.0/devicecode",
        "http_logout_supported": true,
        "frontchannel_logout_supported": true,
        "end_session_endpoint": "https://login.microsoftonline.com/00000000-0000-0000-0000-000000000000/oauth2/v2.0/logout",
        "claims_supported": [
          "sub",
          "iss",
          "cloud_instance_name",
          "cloud_instance_host_name",
          "cloud_graph_host_name",
          "msgraph_host",
          "aud",
          "exp",
          "iat",
          "auth_time",
          "acr",
          "nonce",
          "preferred_username",
          "name",
          "tid",
          "ver",
          "at_hash",
          "c_hash",
          "email"
        ],
        "kerberos_endpoint": "https://login.microsoftonline.com/00000000-0000-0000-0000-000000000000/kerberos",
        "tenant_region_scope": "WW",
        "cloud_instance_name": "microsoftonline.com",
        "cloud_graph_host_name": "graph.windows.net",
        "msgraph_host": "graph.microsoft.com",
        "rbac_url": "https://pas.windows.net"
      }
    },
    {
      "RequestUri": "https://login.microsoftonline.com/common/discovery/instance?api-version=1.1\u0026authorization_endpoint=https://login.microsoftonline.com/common/oauth2/authorize",
      "RequestMethod": "GET",
      "RequestHeaders": {
        "Accept": "application/json",
        "Accept-Encoding": "gzip, deflate",
        "Connection": "keep-alive",
        "Cookie": "fpc=As7ymsB0V_ZHkqz0V5WihgA; stsservicecookie=estsfd; x-ms-gateway-slice=estsfd",
        "User-Agent": "azsdk-python-identity/1.8.0b2 Python/3.8.10 (macOS-12.2-x86_64-i386-64bit)"
      },
      "RequestBody": null,
      "StatusCode": 200,
      "ResponseHeaders": {
        "Access-Control-Allow-Methods": "GET, OPTIONS",
        "Access-Control-Allow-Origin": "*",
        "Cache-Control": "max-age=86400, private",
        "Content-Length": "945",
        "Content-Type": "application/json; charset=utf-8",
        "Date": "Thu, 24 Feb 2022 15:21:27 GMT",
        "P3P": "CP=\u0022DSP CUR OTPi IND OTRi ONL FIN\u0022",
        "Set-Cookie": [
          "fpc=As7ymsB0V_ZHkqz0V5WihgA; expires=Sat, 26-Mar-2022 15:21:27 GMT; path=/; secure; HttpOnly; SameSite=None",
          "x-ms-gateway-slice=estsfd; path=/; secure; samesite=none; httponly",
          "stsservicecookie=estsfd; path=/; secure; samesite=none; httponly"
        ],
        "Strict-Transport-Security": "max-age=31536000; includeSubDomains",
        "X-Content-Type-Options": "nosniff",
        "x-ms-ests-server": "2.1.12470.13 - WEULR2 ProdSlices",
        "x-ms-request-id": "0f5aacfc-20d6-472d-8558-cc4ef9861f00"
      },
      "ResponseBody": {
        "tenant_discovery_endpoint": "https://login.microsoftonline.com/common/.well-known/openid-configuration",
        "api-version": "1.1",
        "metadata": [
          {
            "preferred_network": "login.microsoftonline.com",
            "preferred_cache": "login.windows.net",
            "aliases": [
              "login.microsoftonline.com",
              "login.windows.net",
              "login.microsoft.com",
              "sts.windows.net"
            ]
          },
          {
            "preferred_network": "login.partner.microsoftonline.cn",
            "preferred_cache": "login.partner.microsoftonline.cn",
            "aliases": [
              "login.partner.microsoftonline.cn",
              "login.chinacloudapi.cn"
            ]
          },
          {
            "preferred_network": "login.microsoftonline.de",
            "preferred_cache": "login.microsoftonline.de",
            "aliases": [
              "login.microsoftonline.de"
            ]
          },
          {
            "preferred_network": "login.microsoftonline.us",
            "preferred_cache": "login.microsoftonline.us",
            "aliases": [
              "login.microsoftonline.us",
              "login.usgovcloudapi.net"
            ]
          },
          {
            "preferred_network": "login-us.microsoftonline.com",
            "preferred_cache": "login-us.microsoftonline.com",
            "aliases": [
              "login-us.microsoftonline.com"
            ]
          }
        ]
      }
    },
    {
      "RequestUri": "https://login.microsoftonline.com/00000000-0000-0000-0000-000000000000/oauth2/v2.0/token",
      "RequestMethod": "POST",
      "RequestHeaders": {
        "Accept": "application/json",
        "Accept-Encoding": "gzip, deflate",
        "client-request-id": "e76c8998-bfd3-445b-aa3f-39ae08f73797",
        "Connection": "keep-alive",
        "Content-Length": "281",
        "Content-Type": "application/x-www-form-urlencoded",
        "Cookie": "fpc=As7ymsB0V_ZHkqz0V5WihgA; stsservicecookie=estsfd; x-ms-gateway-slice=estsfd",
        "User-Agent": "azsdk-python-identity/1.8.0b2 Python/3.8.10 (macOS-12.2-x86_64-i386-64bit)",
        "x-client-cpu": "x64",
        "x-client-current-telemetry": "4|730,0|",
        "x-client-last-telemetry": "4|0|||",
        "x-client-os": "darwin",
        "x-client-sku": "MSAL.Python",
        "x-client-ver": "1.13.0"
      },
      "RequestBody": "client_id=c6c4faba-2b22-44d9-80a4-71ff5b71f811\u0026grant_type=client_credentials\u0026client_info=1\u0026client_secret=%7BQR%5B%2B%40avhE%2B3qiyY1Xf\u0026claims=%7B%22access_token%22%3A\u002B%7B%22xms_cc%22%3A\u002B%7B%22values%22%3A\u002B%5B%22CP1%22%5D%7D%7D%7D\u0026scope=https%3A%2F%2Fmanagement.azure.com%2F.default",
      "StatusCode": 200,
      "ResponseHeaders": {
        "Cache-Control": "no-store, no-cache",
        "client-request-id": "e76c8998-bfd3-445b-aa3f-39ae08f73797",
        "Content-Length": "1412",
        "Content-Type": "application/json; charset=utf-8",
        "Date": "Thu, 24 Feb 2022 15:21:27 GMT",
        "Expires": "-1",
        "P3P": "CP=\u0022DSP CUR OTPi IND OTRi ONL FIN\u0022",
        "Pragma": "no-cache",
        "Set-Cookie": [
          "fpc=As7ymsB0V_ZHkqz0V5WihgD7QncyAQAAAHeZqdkOAAAA; expires=Sat, 26-Mar-2022 15:21:28 GMT; path=/; secure; HttpOnly; SameSite=None",
          "x-ms-gateway-slice=estsfd; path=/; secure; samesite=none; httponly",
          "stsservicecookie=estsfd; path=/; secure; samesite=none; httponly"
        ],
        "Strict-Transport-Security": "max-age=31536000; includeSubDomains",
        "X-Content-Type-Options": "nosniff",
        "x-ms-clitelem": "1,0,0,,",
        "x-ms-ests-server": "2.1.12470.13 - WEULR1 ProdSlices",
        "x-ms-request-id": "b47c54bd-91e0-4726-ac95-a11631ce2400"
      },
      "ResponseBody": {
        "token_type": "Bearer",
        "expires_in": 86399,
        "ext_expires_in": 86399,
        "refresh_in": 43199,
        "access_token": "access_token"
      }
    },
    {
      "RequestUri": "https://management.azure.com/subscriptions/00000000-0000-0000-0000-000000000000/resourceGroups/sdk-python-tests-rg/providers/Microsoft.NetApp/netAppAccounts/sdk-py-tests-acc-1?api-version=2021-10-01",
      "RequestMethod": "PUT",
      "RequestHeaders": {
        "Accept": "application/json",
        "Accept-Encoding": "gzip, deflate",
        "Authorization": "Sanitized",
        "Connection": "keep-alive",
        "Content-Length": "35",
        "Content-Type": "application/json",
        "User-Agent": "azsdk-python-mgmt-netapp/7.0.0 Python/3.8.10 (macOS-12.2-x86_64-i386-64bit)",
        "x-ms-client-request-id": "6f2fd5f0-9585-11ec-92dd-faffc24ca865"
      },
      "RequestBody": {
        "location": "southcentralusstage"
      },
      "StatusCode": 201,
      "ResponseHeaders": {
        "Azure-AsyncOperation": "https://management.azure.com/subscriptions/00000000-0000-0000-0000-000000000000/providers/Microsoft.NetApp/locations/southcentralusstage/operationResults/91620949-470f-4b91-a3be-fbe32118ce5b?api-version=2021-10-01",
        "Cache-Control": "no-cache",
        "Content-Length": "696",
        "Content-Type": "application/json; charset=utf-8",
        "Date": "Thu, 24 Feb 2022 15:21:35 GMT",
        "ETag": "W/\u0022datetime\u00272022-02-24T15%3A21%3A35.3897225Z\u0027\u0022",
        "Expires": "-1",
        "Pragma": "no-cache",
        "Server": "Microsoft-IIS/10.0",
        "Strict-Transport-Security": "max-age=31536000; includeSubDomains",
        "X-Content-Type-Options": "nosniff",
        "x-ms-correlation-request-id": "514f3380-de9e-4718-8c1d-571d56938ead",
        "x-ms-ratelimit-remaining-subscription-writes": "1199",
        "x-ms-request-id": "d0695017-930e-4623-9ec4-a791b8c3e807",
        "x-ms-routing-request-id": "WESTEUROPE:20220224T152136Z:514f3380-de9e-4718-8c1d-571d56938ead",
        "X-Powered-By": "ASP.NET"
      },
      "ResponseBody": {
        "id": "/subscriptions/00000000-0000-0000-0000-000000000000/resourceGroups/sdk-python-tests-rg/providers/Microsoft.NetApp/netAppAccounts/sdk-py-tests-acc-1",
        "name": "sdk-py-tests-acc-1",
        "type": "Microsoft.NetApp/netAppAccounts",
        "etag": "W/\u0022datetime\u00272022-02-24T15%3A21%3A35.3897225Z\u0027\u0022",
        "location": "southcentralusstage",
        "tags": {
          "CreatedOnDate": "2022-02-24T15:21:31.3823728Z"
        },
        "properties": {
          "provisioningState": "Creating"
        },
        "systemData": {
          "createdBy": "c6c4faba-2b22-44d9-80a4-71ff5b71f811",
          "createdByType": "Application",
          "createdAt": "2022-02-24T15:21:34.5811205Z",
          "lastModifiedBy": "c6c4faba-2b22-44d9-80a4-71ff5b71f811",
          "lastModifiedByType": "Application",
          "lastModifiedAt": "2022-02-24T15:21:34.5811205Z"
        }
      }
    },
    {
      "RequestUri": "https://management.azure.com/subscriptions/00000000-0000-0000-0000-000000000000/providers/Microsoft.NetApp/locations/southcentralusstage/operationResults/91620949-470f-4b91-a3be-fbe32118ce5b?api-version=2021-10-01",
      "RequestMethod": "GET",
      "RequestHeaders": {
        "Accept": "*/*",
        "Accept-Encoding": "gzip, deflate",
        "Authorization": "Sanitized",
        "Connection": "keep-alive",
        "User-Agent": "azsdk-python-mgmt-netapp/7.0.0 Python/3.8.10 (macOS-12.2-x86_64-i386-64bit)",
        "x-ms-client-request-id": "6f2fd5f0-9585-11ec-92dd-faffc24ca865"
      },
      "RequestBody": null,
      "StatusCode": 200,
      "ResponseHeaders": {
        "Cache-Control": "no-cache",
        "Content-Length": "526",
        "Content-Type": "application/json; charset=utf-8",
        "Date": "Thu, 24 Feb 2022 15:22:06 GMT",
        "Expires": "-1",
        "Pragma": "no-cache",
        "Server": "Microsoft-IIS/10.0",
        "Strict-Transport-Security": "max-age=31536000; includeSubDomains",
        "X-Content-Type-Options": "nosniff",
        "x-ms-correlation-request-id": "9d762870-aee2-47f4-a68d-fb86fa776526",
        "x-ms-ratelimit-remaining-subscription-reads": "11999",
        "x-ms-request-id": "be14088b-ed55-4108-bd52-8bd2e1f68a1d",
        "x-ms-routing-request-id": "WESTEUROPE:20220224T152206Z:9d762870-aee2-47f4-a68d-fb86fa776526",
        "X-Powered-By": "ASP.NET"
      },
      "ResponseBody": {
        "id": "/subscriptions/00000000-0000-0000-0000-000000000000/providers/Microsoft.NetApp/locations/southcentralusstage/operationResults/91620949-470f-4b91-a3be-fbe32118ce5b",
        "name": "91620949-470f-4b91-a3be-fbe32118ce5b",
        "status": "Succeeded",
        "startTime": "2022-02-24T15:21:35.3930661Z",
        "endTime": "2022-02-24T15:21:35.4280554Z",
        "percentComplete": 100.0,
        "properties": {
          "resourceName": "/subscriptions/00000000-0000-0000-0000-000000000000/resourceGroups/sdk-python-tests-rg/providers/Microsoft.NetApp/netAppAccounts/sdk-py-tests-acc-1"
        }
      }
    },
    {
      "RequestUri": "https://management.azure.com/subscriptions/00000000-0000-0000-0000-000000000000/resourceGroups/sdk-python-tests-rg/providers/Microsoft.NetApp/netAppAccounts/sdk-py-tests-acc-1?api-version=2021-10-01",
      "RequestMethod": "GET",
      "RequestHeaders": {
        "Accept": "*/*",
        "Accept-Encoding": "gzip, deflate",
        "Authorization": "Sanitized",
        "Connection": "keep-alive",
        "User-Agent": "azsdk-python-mgmt-netapp/7.0.0 Python/3.8.10 (macOS-12.2-x86_64-i386-64bit)",
        "x-ms-client-request-id": "6f2fd5f0-9585-11ec-92dd-faffc24ca865"
      },
      "RequestBody": null,
      "StatusCode": 200,
      "ResponseHeaders": {
        "Cache-Control": "no-cache",
        "Content-Length": "1161",
        "Content-Type": "application/json; charset=utf-8",
        "Date": "Thu, 24 Feb 2022 15:22:06 GMT",
        "ETag": "W/\u0022datetime\u00272022-02-24T15%3A21%3A35.4196214Z\u0027\u0022",
        "Expires": "-1",
        "Pragma": "no-cache",
        "Server": "Microsoft-IIS/10.0",
        "Strict-Transport-Security": "max-age=31536000; includeSubDomains",
        "X-Content-Type-Options": "nosniff",
        "x-ms-correlation-request-id": "705569b8-5b2d-4a4c-a726-7410564cf82c",
        "x-ms-ratelimit-remaining-subscription-reads": "11998",
        "x-ms-request-id": "ba8af7b4-4129-4f76-82d0-00cbbe903e2a",
        "x-ms-routing-request-id": "WESTEUROPE:20220224T152207Z:705569b8-5b2d-4a4c-a726-7410564cf82c",
        "X-Powered-By": "ASP.NET"
      },
      "ResponseBody": {
        "id": "/subscriptions/00000000-0000-0000-0000-000000000000/resourceGroups/sdk-python-tests-rg/providers/Microsoft.NetApp/netAppAccounts/sdk-py-tests-acc-1",
        "name": "sdk-py-tests-acc-1",
        "type": "Microsoft.NetApp/netAppAccounts",
        "etag": "W/\u0022datetime\u00272022-02-24T15%3A21%3A35.4196214Z\u0027\u0022",
        "location": "southcentralusstage",
        "tags": {
          "CreatedOnDate": "2022-02-24T15:21:31.3823728Z"
        },
        "properties": {
          "activeDirectories": [
            {
              "activeDirectoryId": "6411f198-b5fc-ad07-113d-56dd4da0e462",
              "username": "testadmin",
              "password": "****************",
              "domain": "testdomain.local",
              "dns": "10.0.2.4,10.0.2.5",
              "status": "Created",
              "smbServerName": "testsmb",
              "organizationalUnit": "CN=Computers",
              "aesEncryption": false,
              "ldapSigning": false,
              "ldapOverTLS": false,
              "allowLocalNFSUsersWithLdap": false,
              "encryptDCConnections": false,
              "ldapSearchScope": {}
            }
          ],
          "encryption": {
            "keySource": "Microsoft.NetApp"
          },
          "provisioningState": "Succeeded"
        },
        "systemData": {
          "createdBy": "c6c4faba-2b22-44d9-80a4-71ff5b71f811",
          "createdByType": "Application",
          "createdAt": "2022-02-24T15:21:34.5811205Z",
          "lastModifiedBy": "c6c4faba-2b22-44d9-80a4-71ff5b71f811",
          "lastModifiedByType": "Application",
          "lastModifiedAt": "2022-02-24T15:21:34.5811205Z"
        }
      }
    },
    {
      "RequestUri": "https://management.azure.com/subscriptions/00000000-0000-0000-0000-000000000000/resourceGroups/sdk-python-tests-rg/providers/Microsoft.NetApp/netAppAccounts/sdk-py-tests-acc-1/backupPolicies/sdk-py-tests-backup-policy-1?api-version=2021-10-01",
      "RequestMethod": "PUT",
      "RequestHeaders": {
        "Accept": "application/json",
        "Accept-Encoding": "gzip, deflate",
        "Authorization": "Sanitized",
        "Connection": "keep-alive",
        "Content-Length": "146",
        "Content-Type": "application/json",
        "User-Agent": "azsdk-python-mgmt-netapp/7.0.0 Python/3.8.10 (macOS-12.2-x86_64-i386-64bit)",
        "x-ms-client-request-id": "871240a4-9585-11ec-92dd-faffc24ca865"
      },
      "RequestBody": {
        "location": "southcentralusstage",
        "properties": {
          "dailyBackupsToKeep": 1,
          "weeklyBackupsToKeep": 0,
          "monthlyBackupsToKeep": 0,
          "enabled": true
        }
      },
      "StatusCode": 201,
      "ResponseHeaders": {
        "Azure-AsyncOperation": "https://management.azure.com/subscriptions/00000000-0000-0000-0000-000000000000/providers/Microsoft.NetApp/locations/southcentralusstage/operationResults/99c85337-89ec-4b68-b59f-40621925e799?api-version=2021-10-01",
        "Cache-Control": "no-cache",
        "Content-Length": "871",
        "Content-Type": "application/json; charset=utf-8",
        "Date": "Thu, 24 Feb 2022 15:22:09 GMT",
        "ETag": "W/\u0022datetime\u00272022-02-24T15%3A22%3A09.3093384Z\u0027\u0022",
        "Expires": "-1",
        "Pragma": "no-cache",
        "Server": "Microsoft-IIS/10.0",
        "Strict-Transport-Security": "max-age=31536000; includeSubDomains",
        "X-Content-Type-Options": "nosniff",
        "x-ms-correlation-request-id": "ec5a0f8d-188c-4ead-9027-020fe479c892",
        "x-ms-ratelimit-remaining-subscription-writes": "1198",
        "x-ms-request-id": "68ecf5c4-3d9b-457a-a278-e9592e845e53",
        "x-ms-routing-request-id": "WESTEUROPE:20220224T152210Z:ec5a0f8d-188c-4ead-9027-020fe479c892",
        "X-Powered-By": "ASP.NET"
      },
      "ResponseBody": {
        "id": "/subscriptions/00000000-0000-0000-0000-000000000000/resourceGroups/sdk-python-tests-rg/providers/Microsoft.NetApp/netAppAccounts/sdk-py-tests-acc-1/backupPolicies/sdk-py-tests-backup-policy-1",
        "name": "sdk-py-tests-acc-1/sdk-py-tests-backup-policy-1",
        "type": "Microsoft.NetApp/netAppAccounts/backupPolicies",
        "etag": "W/\u0022datetime\u00272022-02-24T15%3A22%3A09.3093384Z\u0027\u0022",
        "location": "southcentralusstage",
        "tags": {
          "CreatedOnDate": "2022-02-24T15:22:07.4946801Z"
        },
        "properties": {
          "enabled": true,
          "dailyBackupsToKeep": 1,
          "weeklyBackupsToKeep": 0,
          "monthlyBackupsToKeep": 0,
          "provisioningState": "Creating"
        },
        "systemData": {
          "createdBy": "c6c4faba-2b22-44d9-80a4-71ff5b71f811",
          "createdByType": "Application",
          "createdAt": "2022-02-24T15:22:09.1814634Z",
          "lastModifiedBy": "c6c4faba-2b22-44d9-80a4-71ff5b71f811",
          "lastModifiedByType": "Application",
          "lastModifiedAt": "2022-02-24T15:22:09.1814634Z"
        }
      }
    },
    {
      "RequestUri": "https://management.azure.com/subscriptions/00000000-0000-0000-0000-000000000000/providers/Microsoft.NetApp/locations/southcentralusstage/operationResults/99c85337-89ec-4b68-b59f-40621925e799?api-version=2021-10-01",
      "RequestMethod": "GET",
      "RequestHeaders": {
        "Accept": "*/*",
        "Accept-Encoding": "gzip, deflate",
        "Authorization": "Sanitized",
        "Connection": "keep-alive",
        "User-Agent": "azsdk-python-mgmt-netapp/7.0.0 Python/3.8.10 (macOS-12.2-x86_64-i386-64bit)",
        "x-ms-client-request-id": "871240a4-9585-11ec-92dd-faffc24ca865"
      },
      "RequestBody": null,
      "StatusCode": 200,
      "ResponseHeaders": {
        "Cache-Control": "no-cache",
        "Content-Length": "570",
        "Content-Type": "application/json; charset=utf-8",
        "Date": "Thu, 24 Feb 2022 15:22:39 GMT",
        "Expires": "-1",
        "Pragma": "no-cache",
        "Server": "Microsoft-IIS/10.0",
        "Strict-Transport-Security": "max-age=31536000; includeSubDomains",
        "X-Content-Type-Options": "nosniff",
        "x-ms-correlation-request-id": "b1d65bc5-9049-4a58-aca6-a922a2635c75",
        "x-ms-ratelimit-remaining-subscription-reads": "11997",
        "x-ms-request-id": "58a5c810-563e-4ff3-becb-c5384156283d",
        "x-ms-routing-request-id": "WESTEUROPE:20220224T152240Z:b1d65bc5-9049-4a58-aca6-a922a2635c75",
        "X-Powered-By": "ASP.NET"
      },
      "ResponseBody": {
        "id": "/subscriptions/00000000-0000-0000-0000-000000000000/providers/Microsoft.NetApp/locations/southcentralusstage/operationResults/99c85337-89ec-4b68-b59f-40621925e799",
        "name": "99c85337-89ec-4b68-b59f-40621925e799",
        "status": "Succeeded",
        "startTime": "2022-02-24T15:22:09.3156008Z",
        "endTime": "2022-02-24T15:22:09.6590426Z",
        "percentComplete": 100.0,
        "properties": {
          "resourceName": "/subscriptions/00000000-0000-0000-0000-000000000000/resourceGroups/sdk-python-tests-rg/providers/Microsoft.NetApp/netAppAccounts/sdk-py-tests-acc-1/backupPolicies/sdk-py-tests-backup-policy-1"
        }
      }
    },
    {
      "RequestUri": "https://management.azure.com/subscriptions/00000000-0000-0000-0000-000000000000/resourceGroups/sdk-python-tests-rg/providers/Microsoft.NetApp/netAppAccounts/sdk-py-tests-acc-1/backupPolicies/sdk-py-tests-backup-policy-1?api-version=2021-10-01",
      "RequestMethod": "GET",
      "RequestHeaders": {
        "Accept": "*/*",
        "Accept-Encoding": "gzip, deflate",
        "Authorization": "Sanitized",
        "Connection": "keep-alive",
        "User-Agent": "azsdk-python-mgmt-netapp/7.0.0 Python/3.8.10 (macOS-12.2-x86_64-i386-64bit)",
        "x-ms-client-request-id": "871240a4-9585-11ec-92dd-faffc24ca865"
      },
      "RequestBody": null,
      "StatusCode": 200,
      "ResponseHeaders": {
        "Cache-Control": "no-cache",
        "Content-Length": "948",
        "Content-Type": "application/json; charset=utf-8",
        "Date": "Thu, 24 Feb 2022 15:22:40 GMT",
        "ETag": "W/\u0022datetime\u00272022-02-24T15%3A22%3A09.6531771Z\u0027\u0022",
        "Expires": "-1",
        "Pragma": "no-cache",
        "Server": "Microsoft-IIS/10.0",
        "Strict-Transport-Security": "max-age=31536000; includeSubDomains",
        "X-Content-Type-Options": "nosniff",
        "x-ms-correlation-request-id": "ba69984b-89df-45e1-928e-ba02dfc469bf",
        "x-ms-ratelimit-remaining-subscription-reads": "11996",
        "x-ms-request-id": "80ebf656-ae27-47c9-af68-346778aed45b",
        "x-ms-routing-request-id": "WESTEUROPE:20220224T152241Z:ba69984b-89df-45e1-928e-ba02dfc469bf",
        "X-Powered-By": "ASP.NET"
      },
      "ResponseBody": {
        "id": "/subscriptions/00000000-0000-0000-0000-000000000000/resourceGroups/sdk-python-tests-rg/providers/Microsoft.NetApp/netAppAccounts/sdk-py-tests-acc-1/backupPolicies/sdk-py-tests-backup-policy-1",
        "name": "sdk-py-tests-acc-1/sdk-py-tests-backup-policy-1",
        "type": "Microsoft.NetApp/netAppAccounts/backupPolicies",
        "etag": "W/\u0022datetime\u00272022-02-24T15%3A22%3A09.6531771Z\u0027\u0022",
        "location": "southcentralusstage",
        "tags": {
          "CreatedOnDate": "2022-02-24T15:22:07.4946801Z"
        },
        "properties": {
          "enabled": true,
          "backupPolicyId": "88965d95-9585-11ec-bf5d-0e830efabeb7",
          "dailyBackupsToKeep": 1,
          "weeklyBackupsToKeep": 0,
          "monthlyBackupsToKeep": 0,
          "volumesAssigned": 0,
          "provisioningState": "Succeeded"
        },
        "systemData": {
          "createdBy": "c6c4faba-2b22-44d9-80a4-71ff5b71f811",
          "createdByType": "Application",
          "createdAt": "2022-02-24T15:22:09.1814634Z",
          "lastModifiedBy": "c6c4faba-2b22-44d9-80a4-71ff5b71f811",
          "lastModifiedByType": "Application",
          "lastModifiedAt": "2022-02-24T15:22:09.1814634Z"
        }
      }
    },
    {
      "RequestUri": "https://management.azure.com/subscriptions/00000000-0000-0000-0000-000000000000/resourceGroups/sdk-python-tests-rg/providers/Microsoft.NetApp/netAppAccounts/sdk-py-tests-acc-1/backupPolicies/sdk-py-tests-backup-policy-1?api-version=2021-10-01",
      "RequestMethod": "GET",
      "RequestHeaders": {
        "Accept": "application/json",
        "Accept-Encoding": "gzip, deflate",
        "Authorization": "Sanitized",
        "Connection": "keep-alive",
        "User-Agent": "azsdk-python-mgmt-netapp/7.0.0 Python/3.8.10 (macOS-12.2-x86_64-i386-64bit)",
        "x-ms-client-request-id": "9b3df8ca-9585-11ec-92dd-faffc24ca865"
      },
      "RequestBody": null,
      "StatusCode": 200,
      "ResponseHeaders": {
        "Cache-Control": "no-cache",
        "Content-Length": "948",
        "Content-Type": "application/json; charset=utf-8",
        "Date": "Thu, 24 Feb 2022 15:22:40 GMT",
        "ETag": "W/\u0022datetime\u00272022-02-24T15%3A22%3A09.6531771Z\u0027\u0022",
        "Expires": "-1",
        "Pragma": "no-cache",
        "Server": "Microsoft-IIS/10.0",
        "Strict-Transport-Security": "max-age=31536000; includeSubDomains",
        "X-Content-Type-Options": "nosniff",
        "x-ms-correlation-request-id": "73e2eb3f-8adb-4f13-9307-1261ad13ceb6",
        "x-ms-ratelimit-remaining-subscription-reads": "11995",
        "x-ms-request-id": "a680a53d-fb6e-4b7a-9f00-e5f61d8927e5",
        "x-ms-routing-request-id": "WESTEUROPE:20220224T152241Z:73e2eb3f-8adb-4f13-9307-1261ad13ceb6",
        "X-Powered-By": "ASP.NET"
      },
      "ResponseBody": {
        "id": "/subscriptions/00000000-0000-0000-0000-000000000000/resourceGroups/sdk-python-tests-rg/providers/Microsoft.NetApp/netAppAccounts/sdk-py-tests-acc-1/backupPolicies/sdk-py-tests-backup-policy-1",
        "name": "sdk-py-tests-acc-1/sdk-py-tests-backup-policy-1",
        "type": "Microsoft.NetApp/netAppAccounts/backupPolicies",
        "etag": "W/\u0022datetime\u00272022-02-24T15%3A22%3A09.6531771Z\u0027\u0022",
        "location": "southcentralusstage",
        "tags": {
          "CreatedOnDate": "2022-02-24T15:22:07.4946801Z"
        },
        "properties": {
          "enabled": true,
          "backupPolicyId": "88965d95-9585-11ec-bf5d-0e830efabeb7",
          "dailyBackupsToKeep": 1,
          "weeklyBackupsToKeep": 0,
          "monthlyBackupsToKeep": 0,
          "volumesAssigned": 0,
          "provisioningState": "Succeeded"
        },
        "systemData": {
          "createdBy": "c6c4faba-2b22-44d9-80a4-71ff5b71f811",
          "createdByType": "Application",
          "createdAt": "2022-02-24T15:22:09.1814634Z",
          "lastModifiedBy": "c6c4faba-2b22-44d9-80a4-71ff5b71f811",
          "lastModifiedByType": "Application",
          "lastModifiedAt": "2022-02-24T15:22:09.1814634Z"
        }
      }
    },
    {
      "RequestUri": "https://management.azure.com/subscriptions/00000000-0000-0000-0000-000000000000/resourceGroups/sdk-python-tests-rg/providers/Microsoft.NetApp/netAppAccounts/sdk-py-tests-acc-1/backupPolicies/sdk-py-tests-backup-policy-1?api-version=2021-10-01",
      "RequestMethod": "DELETE",
      "RequestHeaders": {
        "Accept": "*/*",
        "Accept-Encoding": "gzip, deflate",
        "Authorization": "Sanitized",
        "Connection": "keep-alive",
        "Content-Length": "0",
        "User-Agent": "azsdk-python-mgmt-netapp/7.0.0 Python/3.8.10 (macOS-12.2-x86_64-i386-64bit)",
        "x-ms-client-request-id": "9b5e41c0-9585-11ec-92dd-faffc24ca865"
      },
      "RequestBody": null,
      "StatusCode": 202,
      "ResponseHeaders": {
        "Azure-AsyncOperation": "https://management.azure.com/subscriptions/00000000-0000-0000-0000-000000000000/providers/Microsoft.NetApp/locations/southcentralusstage/operationResults/876b458d-a61d-4fe2-8fdf-da2dd3523337?api-version=2021-10-01",
        "Cache-Control": "no-cache",
        "Content-Length": "0",
        "Date": "Thu, 24 Feb 2022 15:22:41 GMT",
        "Expires": "-1",
        "Location": "https://management.azure.com/subscriptions/00000000-0000-0000-0000-000000000000/providers/Microsoft.NetApp/locations/southcentralusstage/operationResults/876b458d-a61d-4fe2-8fdf-da2dd3523337?api-version=2021-10-01\u0026operationResultResponseType=Location",
        "Pragma": "no-cache",
        "Server": "Microsoft-IIS/10.0",
        "Strict-Transport-Security": "max-age=31536000; includeSubDomains",
        "X-Content-Type-Options": "nosniff",
        "x-ms-correlation-request-id": "619646f7-997f-4557-b1a2-3b1f5719868e",
        "x-ms-ratelimit-remaining-subscription-deletes": "14999",
        "x-ms-request-id": "619646f7-997f-4557-b1a2-3b1f5719868e",
        "x-ms-routing-request-id": "WESTEUROPE:20220224T152241Z:619646f7-997f-4557-b1a2-3b1f5719868e",
        "X-Powered-By": "ASP.NET"
      },
      "ResponseBody": null
    },
    {
      "RequestUri": "https://management.azure.com/subscriptions/00000000-0000-0000-0000-000000000000/providers/Microsoft.NetApp/locations/southcentralusstage/operationResults/876b458d-a61d-4fe2-8fdf-da2dd3523337?api-version=2021-10-01",
      "RequestMethod": "GET",
      "RequestHeaders": {
        "Accept": "*/*",
        "Accept-Encoding": "gzip, deflate",
        "Authorization": "Sanitized",
        "Connection": "keep-alive",
        "User-Agent": "azsdk-python-mgmt-netapp/7.0.0 Python/3.8.10 (macOS-12.2-x86_64-i386-64bit)",
        "x-ms-client-request-id": "9b5e41c0-9585-11ec-92dd-faffc24ca865"
      },
      "RequestBody": null,
      "StatusCode": 200,
      "ResponseHeaders": {
        "Cache-Control": "no-cache",
        "Content-Length": "570",
        "Content-Type": "application/json; charset=utf-8",
        "Date": "Thu, 24 Feb 2022 15:23:11 GMT",
        "Expires": "-1",
        "Pragma": "no-cache",
        "Server": "Microsoft-IIS/10.0",
        "Strict-Transport-Security": "max-age=31536000; includeSubDomains",
        "X-Content-Type-Options": "nosniff",
        "x-ms-correlation-request-id": "8ec3eafc-178a-43e4-9462-e2b83dd4db4d",
        "x-ms-ratelimit-remaining-subscription-reads": "11994",
        "x-ms-request-id": "9c014d4e-cca7-49e8-91c7-f5aaa85e7219",
        "x-ms-routing-request-id": "WESTEUROPE:20220224T152312Z:8ec3eafc-178a-43e4-9462-e2b83dd4db4d",
        "X-Powered-By": "ASP.NET"
      },
      "ResponseBody": {
        "id": "/subscriptions/00000000-0000-0000-0000-000000000000/providers/Microsoft.NetApp/locations/southcentralusstage/operationResults/876b458d-a61d-4fe2-8fdf-da2dd3523337",
        "name": "876b458d-a61d-4fe2-8fdf-da2dd3523337",
        "status": "Succeeded",
        "startTime": "2022-02-24T15:22:41.7966998Z",
        "endTime": "2022-02-24T15:22:42.4406647Z",
        "percentComplete": 100.0,
        "properties": {
          "resourceName": "/subscriptions/00000000-0000-0000-0000-000000000000/resourceGroups/sdk-python-tests-rg/providers/Microsoft.NetApp/netAppAccounts/sdk-py-tests-acc-1/backupPolicies/sdk-py-tests-backup-policy-1"
        }
      }
    },
    {
      "RequestUri": "https://management.azure.com/subscriptions/00000000-0000-0000-0000-000000000000/providers/Microsoft.NetApp/locations/southcentralusstage/operationResults/876b458d-a61d-4fe2-8fdf-da2dd3523337?api-version=2021-10-01\u0026operationResultResponseType=Location",
      "RequestMethod": "GET",
      "RequestHeaders": {
        "Accept": "*/*",
        "Accept-Encoding": "gzip, deflate",
        "Authorization": "Sanitized",
        "Connection": "keep-alive",
        "User-Agent": "azsdk-python-mgmt-netapp/7.0.0 Python/3.8.10 (macOS-12.2-x86_64-i386-64bit)",
        "x-ms-client-request-id": "9b5e41c0-9585-11ec-92dd-faffc24ca865"
      },
      "RequestBody": null,
      "StatusCode": 200,
      "ResponseHeaders": {
        "Cache-Control": "no-cache",
        "Content-Length": "971",
        "Content-Type": "application/json; charset=utf-8",
        "Date": "Thu, 24 Feb 2022 15:23:11 GMT",
        "Expires": "-1",
        "Pragma": "no-cache",
        "Server": "Microsoft-IIS/10.0",
        "Strict-Transport-Security": "max-age=31536000; includeSubDomains",
        "X-Content-Type-Options": "nosniff",
        "x-ms-correlation-request-id": "e8ecd068-a9ab-45df-ba9f-fcd211f26dfb",
        "x-ms-ratelimit-remaining-subscription-reads": "11993",
        "x-ms-request-id": "a0d30135-05f0-4bbc-89a4-31621cfea4e9",
        "x-ms-routing-request-id": "WESTEUROPE:20220224T152312Z:e8ecd068-a9ab-45df-ba9f-fcd211f26dfb",
        "X-Powered-By": "ASP.NET"
      },
      "ResponseBody": {
        "id": "/subscriptions/00000000-0000-0000-0000-000000000000/resourceGroups/sdk-python-tests-rg/providers/Microsoft.NetApp/netAppAccounts/sdk-py-tests-acc-1/backupPolicies/sdk-py-tests-backup-policy-1",
        "name": "sdk-py-tests-acc-1/sdk-py-tests-backup-policy-1",
        "type": "Microsoft.NetApp/netAppAccounts/backupPolicies",
        "etag": "W/\u0022datetime\u00272022-02-24T15%3A22%3A41.7829206Z\u0027\u0022",
        "location": "southcentralusstage",
        "tags": {
          "CreatedOnDate": "2022-02-24T15:22:07.4946801Z"
        },
        "properties": {
          "enabled": true,
          "backupPolicyId": "88965d95-9585-11ec-bf5d-0e830efabeb7",
          "dailyBackupsToKeep": 1,
          "weeklyBackupsToKeep": 0,
          "monthlyBackupsToKeep": 0,
          "yearlyBackupsToKeep": 0,
          "volumesAssigned": 0,
          "provisioningState": "Deleting"
        },
        "systemData": {
          "createdBy": "c6c4faba-2b22-44d9-80a4-71ff5b71f811",
          "createdByType": "Application",
          "createdAt": "2022-02-24T15:22:09.1814634Z",
          "lastModifiedBy": "c6c4faba-2b22-44d9-80a4-71ff5b71f811",
          "lastModifiedByType": "Application",
          "lastModifiedAt": "2022-02-24T15:22:09.1814634Z"
        }
      }
    },
    {
      "RequestUri": "https://management.azure.com/subscriptions/00000000-0000-0000-0000-000000000000/resourceGroups/sdk-python-tests-rg/providers/Microsoft.NetApp/netAppAccounts/sdk-py-tests-acc-1/backupPolicies/sdk-py-tests-backup-policy-1?api-version=2021-10-01",
      "RequestMethod": "GET",
      "RequestHeaders": {
        "Accept": "application/json",
        "Accept-Encoding": "gzip, deflate",
        "Authorization": "Sanitized",
        "Connection": "keep-alive",
        "User-Agent": "azsdk-python-mgmt-netapp/7.0.0 Python/3.8.10 (macOS-12.2-x86_64-i386-64bit)",
        "x-ms-client-request-id": "af13967a-9585-11ec-92dd-faffc24ca865"
      },
      "RequestBody": null,
      "StatusCode": 404,
      "ResponseHeaders": {
        "Cache-Control": "no-cache",
        "Content-Length": "285",
        "Content-Type": "application/json; charset=utf-8",
        "Date": "Thu, 24 Feb 2022 15:23:13 GMT",
        "Expires": "-1",
        "Pragma": "no-cache",
        "Strict-Transport-Security": "max-age=31536000; includeSubDomains",
        "X-Content-Type-Options": "nosniff",
        "x-ms-correlation-request-id": "ac668466-41b6-456a-a1b8-836cb872e98b",
        "x-ms-failure-cause": "gateway",
        "x-ms-request-id": "ac668466-41b6-456a-a1b8-836cb872e98b",
        "x-ms-routing-request-id": "WESTEUROPE:20220224T152314Z:ac668466-41b6-456a-a1b8-836cb872e98b"
      },
      "ResponseBody": {
        "error": {
          "code": "ResourceNotFound",
          "message": "The Resource \u0027Microsoft.NetApp/netAppAccounts/sdk-py-tests-acc-1/backupPolicies/sdk-py-tests-backup-policy-1\u0027 under resource group \u0027sdk-python-tests-rg\u0027 was not found. For more details please go to https://aka.ms/ARMResourceNotFoundFix"
        }
      }
    },
    {
      "RequestUri": "https://management.azure.com/subscriptions/00000000-0000-0000-0000-000000000000/resourceGroups/sdk-python-tests-rg/providers/Microsoft.NetApp/netAppAccounts/sdk-py-tests-acc-1?api-version=2021-10-01",
      "RequestMethod": "DELETE",
      "RequestHeaders": {
        "Accept": "*/*",
        "Accept-Encoding": "gzip, deflate",
        "Authorization": "Sanitized",
        "Connection": "keep-alive",
        "Content-Length": "0",
        "User-Agent": "azsdk-python-mgmt-netapp/7.0.0 Python/3.8.10 (macOS-12.2-x86_64-i386-64bit)",
        "x-ms-client-request-id": "af32688e-9585-11ec-92dd-faffc24ca865"
      },
      "RequestBody": null,
      "StatusCode": 202,
      "ResponseHeaders": {
        "Azure-AsyncOperation": "https://management.azure.com/subscriptions/00000000-0000-0000-0000-000000000000/providers/Microsoft.NetApp/locations/southcentralusstage/operationResults/0e9a8c0e-b000-4632-af79-e9cb4be7a5f4?api-version=2021-10-01",
        "Cache-Control": "no-cache",
        "Content-Length": "0",
        "Date": "Thu, 24 Feb 2022 15:23:14 GMT",
        "Expires": "-1",
        "Location": "https://management.azure.com/subscriptions/00000000-0000-0000-0000-000000000000/providers/Microsoft.NetApp/locations/southcentralusstage/operationResults/0e9a8c0e-b000-4632-af79-e9cb4be7a5f4?api-version=2021-10-01\u0026operationResultResponseType=Location",
        "Pragma": "no-cache",
        "Server": "Microsoft-IIS/10.0",
        "Strict-Transport-Security": "max-age=31536000; includeSubDomains",
        "X-Content-Type-Options": "nosniff",
        "x-ms-correlation-request-id": "befc96c0-46d6-428b-aea2-0e7227cd0c79",
        "x-ms-ratelimit-remaining-subscription-deletes": "14998",
        "x-ms-request-id": "befc96c0-46d6-428b-aea2-0e7227cd0c79",
        "x-ms-routing-request-id": "WESTEUROPE:20220224T152315Z:befc96c0-46d6-428b-aea2-0e7227cd0c79",
        "X-Powered-By": "ASP.NET"
      },
      "ResponseBody": null
    },
    {
      "RequestUri": "https://management.azure.com/subscriptions/00000000-0000-0000-0000-000000000000/providers/Microsoft.NetApp/locations/southcentralusstage/operationResults/0e9a8c0e-b000-4632-af79-e9cb4be7a5f4?api-version=2021-10-01",
      "RequestMethod": "GET",
      "RequestHeaders": {
        "Accept": "*/*",
        "Accept-Encoding": "gzip, deflate",
        "Authorization": "Sanitized",
        "Connection": "keep-alive",
        "User-Agent": "azsdk-python-mgmt-netapp/7.0.0 Python/3.8.10 (macOS-12.2-x86_64-i386-64bit)",
        "x-ms-client-request-id": "af32688e-9585-11ec-92dd-faffc24ca865"
      },
      "RequestBody": null,
      "StatusCode": 200,
      "ResponseHeaders": {
        "Cache-Control": "no-cache",
        "Content-Length": "526",
        "Content-Type": "application/json; charset=utf-8",
        "Date": "Thu, 24 Feb 2022 15:23:45 GMT",
        "Expires": "-1",
        "Pragma": "no-cache",
        "Server": "Microsoft-IIS/10.0",
        "Strict-Transport-Security": "max-age=31536000; includeSubDomains",
        "X-Content-Type-Options": "nosniff",
        "x-ms-correlation-request-id": "063edad0-b98c-4a11-b6ea-dffc535fbd79",
        "x-ms-ratelimit-remaining-subscription-reads": "11991",
        "x-ms-request-id": "7d304b22-4730-4ed8-a795-cf573456c947",
        "x-ms-routing-request-id": "WESTEUROPE:20220224T152345Z:063edad0-b98c-4a11-b6ea-dffc535fbd79",
        "X-Powered-By": "ASP.NET"
      },
      "ResponseBody": {
        "id": "/subscriptions/00000000-0000-0000-0000-000000000000/providers/Microsoft.NetApp/locations/southcentralusstage/operationResults/0e9a8c0e-b000-4632-af79-e9cb4be7a5f4",
        "name": "0e9a8c0e-b000-4632-af79-e9cb4be7a5f4",
        "status": "Succeeded",
        "startTime": "2022-02-24T15:23:15.0103017Z",
        "endTime": "2022-02-24T15:23:15.0753071Z",
        "percentComplete": 100.0,
        "properties": {
          "resourceName": "/subscriptions/00000000-0000-0000-0000-000000000000/resourceGroups/sdk-python-tests-rg/providers/Microsoft.NetApp/netAppAccounts/sdk-py-tests-acc-1"
        }
      }
    },
    {
      "RequestUri": "https://management.azure.com/subscriptions/00000000-0000-0000-0000-000000000000/providers/Microsoft.NetApp/locations/southcentralusstage/operationResults/0e9a8c0e-b000-4632-af79-e9cb4be7a5f4?api-version=2021-10-01\u0026operationResultResponseType=Location",
      "RequestMethod": "GET",
      "RequestHeaders": {
        "Accept": "*/*",
        "Accept-Encoding": "gzip, deflate",
        "Authorization": "Sanitized",
        "Connection": "keep-alive",
        "User-Agent": "azsdk-python-mgmt-netapp/7.0.0 Python/3.8.10 (macOS-12.2-x86_64-i386-64bit)",
        "x-ms-client-request-id": "af32688e-9585-11ec-92dd-faffc24ca865"
      },
      "RequestBody": null,
      "StatusCode": 200,
      "ResponseHeaders": {
        "Cache-Control": "no-cache",
        "Content-Length": "742",
        "Content-Type": "application/json; charset=utf-8",
        "Date": "Thu, 24 Feb 2022 15:23:45 GMT",
        "Expires": "-1",
        "Pragma": "no-cache",
        "Server": "Microsoft-IIS/10.0",
        "Strict-Transport-Security": "max-age=31536000; includeSubDomains",
        "X-Content-Type-Options": "nosniff",
        "x-ms-correlation-request-id": "535022b6-d6af-40f1-b460-a03b4140a78d",
        "x-ms-ratelimit-remaining-subscription-reads": "11990",
        "x-ms-request-id": "b90d4a54-7ec0-445f-a14a-ddabce4bbb72",
        "x-ms-routing-request-id": "WESTEUROPE:20220224T152345Z:535022b6-d6af-40f1-b460-a03b4140a78d",
        "X-Powered-By": "ASP.NET"
      },
      "ResponseBody": {
        "id": "/subscriptions/00000000-0000-0000-0000-000000000000/resourceGroups/sdk-python-tests-rg/providers/Microsoft.NetApp/netAppAccounts/sdk-py-tests-acc-1",
        "name": "sdk-py-tests-acc-1",
        "type": "Microsoft.NetApp/netAppAccounts",
        "etag": "W/\u0022datetime\u00272022-02-24T15%3A23%3A14.9990392Z\u0027\u0022",
        "location": "southcentralusstage",
        "tags": {
          "CreatedOnDate": "2022-02-24T15:21:31.3823728Z"
        },
        "properties": {
          "encryption": {
            "keySource": "Microsoft.NetApp"
          },
          "provisioningState": "Deleting"
        },
        "systemData": {
          "createdBy": "c6c4faba-2b22-44d9-80a4-71ff5b71f811",
          "createdByType": "Application",
          "createdAt": "2022-02-24T15:21:34.5811205Z",
          "lastModifiedBy": "c6c4faba-2b22-44d9-80a4-71ff5b71f811",
          "lastModifiedByType": "Application",
          "lastModifiedAt": "2022-02-24T15:21:34.5811205Z"
        }
      }
    },
    {
      "RequestUri": "https://management.azure.com/subscriptions/00000000-0000-0000-0000-000000000000/resourceGroups/sdk-python-tests-rg/providers/Microsoft.NetApp/netAppAccounts/sdk-py-tests-acc-1?api-version=2021-10-01",
      "RequestMethod": "GET",
      "RequestHeaders": {
        "Accept": "application/json",
        "Accept-Encoding": "gzip, deflate",
        "Authorization": "Sanitized",
        "Connection": "keep-alive",
        "User-Agent": "azsdk-python-mgmt-netapp/7.0.0 Python/3.8.10 (macOS-12.2-x86_64-i386-64bit)",
        "x-ms-client-request-id": "c1c7d29a-9585-11ec-92dd-faffc24ca865"
      },
      "RequestBody": null,
      "StatusCode": 404,
      "ResponseHeaders": {
        "Cache-Control": "no-cache",
        "Content-Length": "241",
        "Content-Type": "application/json; charset=utf-8",
        "Date": "Thu, 24 Feb 2022 15:23:45 GMT",
        "Expires": "-1",
        "Pragma": "no-cache",
        "Strict-Transport-Security": "max-age=31536000; includeSubDomains",
        "X-Content-Type-Options": "nosniff",
        "x-ms-correlation-request-id": "c03d4af1-e022-4065-9495-0cb0b1a6cfc7",
        "x-ms-failure-cause": "gateway",
        "x-ms-request-id": "c03d4af1-e022-4065-9495-0cb0b1a6cfc7",
        "x-ms-routing-request-id": "WESTEUROPE:20220224T152345Z:c03d4af1-e022-4065-9495-0cb0b1a6cfc7"
      },
      "ResponseBody": {
        "error": {
          "code": "ResourceNotFound",
          "message": "The Resource \u0027Microsoft.NetApp/netAppAccounts/sdk-py-tests-acc-1\u0027 under resource group \u0027sdk-python-tests-rg\u0027 was not found. For more details please go to https://aka.ms/ARMResourceNotFoundFix"
        }
      }
    }
  ],
  "Variables": {}
}
