interactions:
- request:
    body: '{"location": "southcentralus"}'
    headers:
      Accept:
      - application/json
      Accept-Encoding:
      - gzip, deflate
      Connection:
      - keep-alive
      Content-Length:
      - '30'
      Content-Type:
      - application/json
      User-Agent:
      - azsdk-python-mgmt-netapp/1.0.0 Python/3.8.10 (macOS-11.3.1-x86_64-i386-64bit)
    method: PUT
    uri: https://management.azure.com/subscriptions/00000000-0000-0000-0000-000000000000/resourceGroups/sdk-python-tests-rg/providers/Microsoft.NetApp/netAppAccounts/sdk-py-tests-acc-1?api-version=2021-04-01
  response:
    body:
      string: '{"id":"/subscriptions/00000000-0000-0000-0000-000000000000/resourceGroups/sdk-python-tests-rg/providers/Microsoft.NetApp/netAppAccounts/sdk-py-tests-acc-1","name":"sdk-py-tests-acc-1","type":"Microsoft.NetApp/netAppAccounts","etag":"W/\"datetime''2021-06-09T13%3A16%3A16.9128564Z''\"","location":"southcentralus","properties":{"provisioningState":"Creating"}}'
    headers:
      azure-asyncoperation:
      - https://management.azure.com/subscriptions/00000000-0000-0000-0000-000000000000/providers/Microsoft.NetApp/locations/southcentralus/operationResults/8dd1fe20-0537-4066-8df5-9ba8a75642a7?api-version=2021-04-01
      cache-control:
      - no-cache
      content-length:
      - '357'
      content-type:
      - application/json; charset=utf-8
      date:
      - Wed, 09 Jun 2021 13:16:17 GMT
      etag:
      - W/"datetime'2021-06-09T13%3A16%3A16.9128564Z'"
      expires:
      - '-1'
      pragma:
      - no-cache
      server:
      - Microsoft-IIS/10.0
      strict-transport-security:
      - max-age=31536000; includeSubDomains
      x-content-type-options:
      - nosniff
      x-ms-ratelimit-remaining-subscription-writes:
      - '1199'
      x-powered-by:
      - ASP.NET
    status:
      code: 201
      message: Created
- request:
    body: null
    headers:
      Accept:
      - '*/*'
      Accept-Encoding:
      - gzip, deflate
      Connection:
      - keep-alive
      User-Agent:
      - azsdk-python-mgmt-netapp/1.0.0 Python/3.8.10 (macOS-11.3.1-x86_64-i386-64bit)
    method: GET
    uri: https://management.azure.com/subscriptions/00000000-0000-0000-0000-000000000000/providers/Microsoft.NetApp/locations/southcentralus/operationResults/8dd1fe20-0537-4066-8df5-9ba8a75642a7?api-version=2021-04-01
  response:
    body:
      string: '{"id":"/subscriptions/00000000-0000-0000-0000-000000000000/providers/Microsoft.NetApp/locations/southcentralus/operationResults/8dd1fe20-0537-4066-8df5-9ba8a75642a7","name":"8dd1fe20-0537-4066-8df5-9ba8a75642a7","status":"Succeeded","startTime":"2021-06-09T13:16:16.9182916Z","endTime":"2021-06-09T13:16:16.9682894Z","percentComplete":100.0,"properties":{"resourceName":"/subscriptions/00000000-0000-0000-0000-000000000000/resourceGroups/sdk-python-tests-rg/providers/Microsoft.NetApp/netAppAccounts/sdk-py-tests-acc-1"}}'
    headers:
      cache-control:
      - no-cache
      content-length:
      - '521'
      content-type:
      - application/json; charset=utf-8
      date:
      - Wed, 09 Jun 2021 13:16:47 GMT
      expires:
      - '-1'
      pragma:
      - no-cache
      server:
      - Microsoft-IIS/10.0
      strict-transport-security:
      - max-age=31536000; includeSubDomains
      transfer-encoding:
      - chunked
      vary:
      - Accept-Encoding
      x-content-type-options:
      - nosniff
      x-powered-by:
      - ASP.NET
    status:
      code: 200
      message: OK
- request:
    body: null
    headers:
      Accept:
      - '*/*'
      Accept-Encoding:
      - gzip, deflate
      Connection:
      - keep-alive
      User-Agent:
      - azsdk-python-mgmt-netapp/1.0.0 Python/3.8.10 (macOS-11.3.1-x86_64-i386-64bit)
    method: GET
    uri: https://management.azure.com/subscriptions/00000000-0000-0000-0000-000000000000/resourceGroups/sdk-python-tests-rg/providers/Microsoft.NetApp/netAppAccounts/sdk-py-tests-acc-1?api-version=2021-04-01
  response:
    body:
      string: '{"id":"/subscriptions/00000000-0000-0000-0000-000000000000/resourceGroups/sdk-python-tests-rg/providers/Microsoft.NetApp/netAppAccounts/sdk-py-tests-acc-1","name":"sdk-py-tests-acc-1","type":"Microsoft.NetApp/netAppAccounts","etag":"W/\"datetime''2021-06-09T13%3A16%3A16.9651143Z''\"","location":"southcentralus","properties":{"provisioningState":"Succeeded","encryption":{"keySource":"Microsoft.NetApp"}}}'
    headers:
      cache-control:
      - no-cache
      content-length:
      - '404'
      content-type:
      - application/json; charset=utf-8
      date:
      - Wed, 09 Jun 2021 13:16:47 GMT
      etag:
      - W/"datetime'2021-06-09T13%3A16%3A16.9651143Z'"
      expires:
      - '-1'
      pragma:
      - no-cache
      server:
      - Microsoft-IIS/10.0
      strict-transport-security:
      - max-age=31536000; includeSubDomains
      transfer-encoding:
      - chunked
      vary:
      - Accept-Encoding
      x-content-type-options:
      - nosniff
      x-powered-by:
      - ASP.NET
    status:
      code: 200
      message: OK
- request:
    body: '{"location": "southcentralus", "properties": {"size": 4398046511104, "serviceLevel":
      "Premium", "coolAccess": false}}'
    headers:
      Accept:
      - application/json
      Accept-Encoding:
      - gzip, deflate
      Connection:
      - keep-alive
      Content-Length:
      - '117'
      Content-Type:
      - application/json
      User-Agent:
      - azsdk-python-mgmt-netapp/1.0.0 Python/3.8.10 (macOS-11.3.1-x86_64-i386-64bit)
    method: PUT
    uri: https://management.azure.com/subscriptions/00000000-0000-0000-0000-000000000000/resourceGroups/sdk-python-tests-rg/providers/Microsoft.NetApp/netAppAccounts/sdk-py-tests-acc-1/capacityPools/sdk-py-tests-pool-1?api-version=2021-04-01
  response:
    body:
      string: '{"id":"/subscriptions/00000000-0000-0000-0000-000000000000/resourceGroups/sdk-python-tests-rg/providers/Microsoft.NetApp/netAppAccounts/sdk-py-tests-acc-1/capacityPools/sdk-py-tests-pool-1","name":"sdk-py-tests-acc-1/sdk-py-tests-pool-1","type":"Microsoft.NetApp/netAppAccounts/capacityPools","etag":"W/\"datetime''2021-06-09T13%3A16%3A50.4607632Z''\"","location":"southcentralus","properties":{"serviceLevel":"Premium","size":4398046511104,"totalThroughputMibps":0.0,"utilizedThroughputMibps":0.0,"coolAccess":false,"provisioningState":"Creating"}}'
    headers:
      azure-asyncoperation:
      - https://management.azure.com/subscriptions/00000000-0000-0000-0000-000000000000/providers/Microsoft.NetApp/locations/southcentralus/operationResults/d41dd612-82b0-4815-8eef-2da87a076aef?api-version=2021-04-01
      cache-control:
      - no-cache
      content-length:
      - '547'
      content-type:
      - application/json; charset=utf-8
      date:
      - Wed, 09 Jun 2021 13:16:50 GMT
      etag:
      - W/"datetime'2021-06-09T13%3A16%3A50.4607632Z'"
      expires:
      - '-1'
      pragma:
      - no-cache
      server:
      - Microsoft-IIS/10.0
      strict-transport-security:
      - max-age=31536000; includeSubDomains
      x-content-type-options:
      - nosniff
      x-ms-ratelimit-remaining-subscription-writes:
      - '1198'
      x-powered-by:
      - ASP.NET
    status:
      code: 201
      message: Created
- request:
    body: null
    headers:
      Accept:
      - '*/*'
      Accept-Encoding:
      - gzip, deflate
      Connection:
      - keep-alive
      User-Agent:
      - azsdk-python-mgmt-netapp/1.0.0 Python/3.8.10 (macOS-11.3.1-x86_64-i386-64bit)
    method: GET
    uri: https://management.azure.com/subscriptions/00000000-0000-0000-0000-000000000000/providers/Microsoft.NetApp/locations/southcentralus/operationResults/d41dd612-82b0-4815-8eef-2da87a076aef?api-version=2021-04-01
  response:
    body:
      string: '{"id":"/subscriptions/00000000-0000-0000-0000-000000000000/providers/Microsoft.NetApp/locations/southcentralus/operationResults/d41dd612-82b0-4815-8eef-2da87a076aef","name":"d41dd612-82b0-4815-8eef-2da87a076aef","status":"Succeeded","startTime":"2021-06-09T13:16:50.4652579Z","endTime":"2021-06-09T13:16:50.6202898Z","percentComplete":100.0,"properties":{"resourceName":"/subscriptions/00000000-0000-0000-0000-000000000000/resourceGroups/sdk-python-tests-rg/providers/Microsoft.NetApp/netAppAccounts/sdk-py-tests-acc-1/capacityPools/sdk-py-tests-pool-1"}}'
    headers:
      cache-control:
      - no-cache
      content-length:
      - '555'
      content-type:
      - application/json; charset=utf-8
      date:
      - Wed, 09 Jun 2021 13:17:21 GMT
      expires:
      - '-1'
      pragma:
      - no-cache
      server:
      - Microsoft-IIS/10.0
      strict-transport-security:
      - max-age=31536000; includeSubDomains
      transfer-encoding:
      - chunked
      vary:
      - Accept-Encoding
      x-content-type-options:
      - nosniff
      x-powered-by:
      - ASP.NET
    status:
      code: 200
      message: OK
- request:
    body: null
    headers:
      Accept:
      - '*/*'
      Accept-Encoding:
      - gzip, deflate
      Connection:
      - keep-alive
      User-Agent:
      - azsdk-python-mgmt-netapp/1.0.0 Python/3.8.10 (macOS-11.3.1-x86_64-i386-64bit)
    method: GET
    uri: https://management.azure.com/subscriptions/00000000-0000-0000-0000-000000000000/resourceGroups/sdk-python-tests-rg/providers/Microsoft.NetApp/netAppAccounts/sdk-py-tests-acc-1/capacityPools/sdk-py-tests-pool-1?api-version=2021-04-01
  response:
    body:
      string: '{"id":"/subscriptions/00000000-0000-0000-0000-000000000000/resourceGroups/sdk-python-tests-rg/providers/Microsoft.NetApp/netAppAccounts/sdk-py-tests-acc-1/capacityPools/sdk-py-tests-pool-1","name":"sdk-py-tests-acc-1/sdk-py-tests-pool-1","type":"Microsoft.NetApp/netAppAccounts/capacityPools","etag":"W/\"datetime''2021-06-09T13%3A16%3A50.6188135Z''\"","location":"southcentralus","properties":{"poolId":"b0e4b975-d099-6c90-5ea7-fe0180bdfb7d","serviceLevel":"Premium","size":4398046511104,"qosType":"Auto","totalThroughputMibps":262.144,"utilizedThroughputMibps":0.0,"encryptionType":"Single","coolAccess":false,"provisioningState":"Succeeded"}}'
    headers:
      cache-control:
      - no-cache
      content-length:
      - '643'
      content-type:
      - application/json; charset=utf-8
      date:
      - Wed, 09 Jun 2021 13:17:21 GMT
      etag:
      - W/"datetime'2021-06-09T13%3A16%3A50.6188135Z'"
      expires:
      - '-1'
      pragma:
      - no-cache
      server:
      - Microsoft-IIS/10.0
      strict-transport-security:
      - max-age=31536000; includeSubDomains
      transfer-encoding:
      - chunked
      vary:
      - Accept-Encoding
      x-content-type-options:
      - nosniff
      x-powered-by:
      - ASP.NET
    status:
      code: 200
      message: OK
- request:
    body: '{"location": "southcentralus", "properties": {"creationToken": "sdk-py-tests-vol-1",
      "serviceLevel": "Premium", "usageThreshold": 107374182400, "protocolTypes":
      ["NFSv3"], "subnetId": "/subscriptions/00000000-0000-0000-0000-000000000000/resourceGroups/sdk-python-tests-rg/providers/Microsoft.Network/virtualNetworks/sdk-python-tests-vnet/subnets/default",
      "snapshotDirectoryVisible": true, "kerberosEnabled": false, "securityStyle":
      "unix", "smbEncryption": false, "smbContinuouslyAvailable": false, "throughputMibps":
      0.0, "ldapEnabled": false, "coolAccess": false}}'
    headers:
      Accept:
      - application/json
      Accept-Encoding:
      - gzip, deflate
      Connection:
      - keep-alive
      Content-Length:
      - '567'
      Content-Type:
      - application/json
      User-Agent:
      - azsdk-python-mgmt-netapp/1.0.0 Python/3.8.10 (macOS-11.3.1-x86_64-i386-64bit)
    method: PUT
    uri: https://management.azure.com/subscriptions/00000000-0000-0000-0000-000000000000/resourceGroups/sdk-python-tests-rg/providers/Microsoft.NetApp/netAppAccounts/sdk-py-tests-acc-1/capacityPools/sdk-py-tests-pool-1/volumes/sdk-py-tests-vol-1?api-version=2021-04-01
  response:
    body:
      string: '{"id":"/subscriptions/00000000-0000-0000-0000-000000000000/resourceGroups/sdk-python-tests-rg/providers/Microsoft.NetApp/netAppAccounts/sdk-py-tests-acc-1/capacityPools/sdk-py-tests-pool-1/volumes/sdk-py-tests-vol-1","name":"sdk-py-tests-acc-1/sdk-py-tests-pool-1/sdk-py-tests-vol-1","type":"Microsoft.NetApp/netAppAccounts/capacityPools/volumes","etag":"W/\"datetime''2021-06-09T13%3A17%3A34.6052233Z''\"","location":"southcentralus","properties":{"throughputMibps":0.0,"coolAccess":false,"serviceLevel":"Premium","creationToken":"sdk-py-tests-vol-1","usageThreshold":107374182400,"protocolTypes":["NFSv3"],"subnetId":"/subscriptions/00000000-0000-0000-0000-000000000000/resourceGroups/sdk-python-tests-rg/providers/Microsoft.Network/virtualNetworks/sdk-python-tests-vnet/subnets/default","snapshotDirectoryVisible":true,"kerberosEnabled":false,"securityStyle":"unix","smbEncryption":false,"smbContinuouslyAvailable":false,"ldapEnabled":false,"provisioningState":"Creating"}}'
    headers:
      azure-asyncoperation:
      - https://management.azure.com/subscriptions/00000000-0000-0000-0000-000000000000/providers/Microsoft.NetApp/locations/southcentralus/operationResults/dcf12a27-0754-49f3-b842-8b7bfcbe225e?api-version=2021-04-01
      cache-control:
      - no-cache
      content-length:
      - '974'
      content-type:
      - application/json; charset=utf-8
      date:
      - Wed, 09 Jun 2021 13:17:34 GMT
      etag:
      - W/"datetime'2021-06-09T13%3A17%3A34.6052233Z'"
      expires:
      - '-1'
      pragma:
      - no-cache
      server:
      - Microsoft-IIS/10.0
      strict-transport-security:
      - max-age=31536000; includeSubDomains
      x-content-type-options:
      - nosniff
      x-ms-ratelimit-remaining-subscription-writes:
      - '1197'
      x-powered-by:
      - ASP.NET
    status:
      code: 201
      message: Created
- request:
    body: null
    headers:
      Accept:
      - '*/*'
      Accept-Encoding:
      - gzip, deflate
      Connection:
      - keep-alive
      User-Agent:
      - azsdk-python-mgmt-netapp/1.0.0 Python/3.8.10 (macOS-11.3.1-x86_64-i386-64bit)
    method: GET
    uri: https://management.azure.com/subscriptions/00000000-0000-0000-0000-000000000000/providers/Microsoft.NetApp/locations/southcentralus/operationResults/dcf12a27-0754-49f3-b842-8b7bfcbe225e?api-version=2021-04-01
  response:
    body:
      string: '{"id":"/subscriptions/00000000-0000-0000-0000-000000000000/providers/Microsoft.NetApp/locations/southcentralus/operationResults/dcf12a27-0754-49f3-b842-8b7bfcbe225e","name":"dcf12a27-0754-49f3-b842-8b7bfcbe225e","status":"Creating","startTime":"2021-06-09T13:17:34.6116448Z","endTime":"0001-01-01T00:00:00Z","percentComplete":0.0,"properties":{"resourceName":"/subscriptions/00000000-0000-0000-0000-000000000000/resourceGroups/sdk-python-tests-rg/providers/Microsoft.NetApp/netAppAccounts/sdk-py-tests-acc-1/capacityPools/sdk-py-tests-pool-1/volumes/sdk-py-tests-vol-1"}}'
    headers:
      cache-control:
      - no-cache
      content-length:
      - '571'
      content-type:
      - application/json; charset=utf-8
      date:
      - Wed, 09 Jun 2021 13:18:05 GMT
      expires:
      - '-1'
      pragma:
      - no-cache
      server:
      - Microsoft-IIS/10.0
      strict-transport-security:
      - max-age=31536000; includeSubDomains
      transfer-encoding:
      - chunked
      vary:
      - Accept-Encoding
      x-content-type-options:
      - nosniff
      x-powered-by:
      - ASP.NET
    status:
      code: 200
      message: OK
- request:
    body: null
    headers:
      Accept:
      - '*/*'
      Accept-Encoding:
      - gzip, deflate
      Connection:
      - keep-alive
      User-Agent:
      - azsdk-python-mgmt-netapp/1.0.0 Python/3.8.10 (macOS-11.3.1-x86_64-i386-64bit)
    method: GET
    uri: https://management.azure.com/subscriptions/00000000-0000-0000-0000-000000000000/providers/Microsoft.NetApp/locations/southcentralus/operationResults/dcf12a27-0754-49f3-b842-8b7bfcbe225e?api-version=2021-04-01
  response:
    body:
      string: '{"id":"/subscriptions/00000000-0000-0000-0000-000000000000/providers/Microsoft.NetApp/locations/southcentralus/operationResults/dcf12a27-0754-49f3-b842-8b7bfcbe225e","name":"dcf12a27-0754-49f3-b842-8b7bfcbe225e","status":"Creating","startTime":"2021-06-09T13:17:34.6116448Z","endTime":"0001-01-01T00:00:00Z","percentComplete":0.0,"properties":{"resourceName":"/subscriptions/00000000-0000-0000-0000-000000000000/resourceGroups/sdk-python-tests-rg/providers/Microsoft.NetApp/netAppAccounts/sdk-py-tests-acc-1/capacityPools/sdk-py-tests-pool-1/volumes/sdk-py-tests-vol-1"}}'
    headers:
      cache-control:
      - no-cache
      content-length:
      - '571'
      content-type:
      - application/json; charset=utf-8
      date:
      - Wed, 09 Jun 2021 13:18:35 GMT
      expires:
      - '-1'
      pragma:
      - no-cache
      server:
      - Microsoft-IIS/10.0
      strict-transport-security:
      - max-age=31536000; includeSubDomains
      transfer-encoding:
      - chunked
      vary:
      - Accept-Encoding
      x-content-type-options:
      - nosniff
      x-powered-by:
      - ASP.NET
    status:
      code: 200
      message: OK
- request:
    body: null
    headers:
      Accept:
      - '*/*'
      Accept-Encoding:
      - gzip, deflate
      Connection:
      - keep-alive
      User-Agent:
      - azsdk-python-mgmt-netapp/1.0.0 Python/3.8.10 (macOS-11.3.1-x86_64-i386-64bit)
    method: GET
    uri: https://management.azure.com/subscriptions/00000000-0000-0000-0000-000000000000/providers/Microsoft.NetApp/locations/southcentralus/operationResults/dcf12a27-0754-49f3-b842-8b7bfcbe225e?api-version=2021-04-01
  response:
    body:
      string: '{"id":"/subscriptions/00000000-0000-0000-0000-000000000000/providers/Microsoft.NetApp/locations/southcentralus/operationResults/dcf12a27-0754-49f3-b842-8b7bfcbe225e","name":"dcf12a27-0754-49f3-b842-8b7bfcbe225e","status":"Creating","startTime":"2021-06-09T13:17:34.6116448Z","endTime":"0001-01-01T00:00:00Z","percentComplete":0.0,"properties":{"resourceName":"/subscriptions/00000000-0000-0000-0000-000000000000/resourceGroups/sdk-python-tests-rg/providers/Microsoft.NetApp/netAppAccounts/sdk-py-tests-acc-1/capacityPools/sdk-py-tests-pool-1/volumes/sdk-py-tests-vol-1"}}'
    headers:
      cache-control:
      - no-cache
      content-length:
      - '571'
      content-type:
      - application/json; charset=utf-8
      date:
      - Wed, 09 Jun 2021 13:19:06 GMT
      expires:
      - '-1'
      pragma:
      - no-cache
      server:
      - Microsoft-IIS/10.0
      strict-transport-security:
      - max-age=31536000; includeSubDomains
      transfer-encoding:
      - chunked
      vary:
      - Accept-Encoding
      x-content-type-options:
      - nosniff
      x-powered-by:
      - ASP.NET
    status:
      code: 200
      message: OK
- request:
    body: null
    headers:
      Accept:
      - '*/*'
      Accept-Encoding:
      - gzip, deflate
      Connection:
      - keep-alive
      User-Agent:
      - azsdk-python-mgmt-netapp/1.0.0 Python/3.8.10 (macOS-11.3.1-x86_64-i386-64bit)
    method: GET
    uri: https://management.azure.com/subscriptions/00000000-0000-0000-0000-000000000000/providers/Microsoft.NetApp/locations/southcentralus/operationResults/dcf12a27-0754-49f3-b842-8b7bfcbe225e?api-version=2021-04-01
  response:
    body:
      string: '{"id":"/subscriptions/00000000-0000-0000-0000-000000000000/providers/Microsoft.NetApp/locations/southcentralus/operationResults/dcf12a27-0754-49f3-b842-8b7bfcbe225e","name":"dcf12a27-0754-49f3-b842-8b7bfcbe225e","status":"Creating","startTime":"2021-06-09T13:17:34.6116448Z","endTime":"0001-01-01T00:00:00Z","percentComplete":0.0,"properties":{"resourceName":"/subscriptions/00000000-0000-0000-0000-000000000000/resourceGroups/sdk-python-tests-rg/providers/Microsoft.NetApp/netAppAccounts/sdk-py-tests-acc-1/capacityPools/sdk-py-tests-pool-1/volumes/sdk-py-tests-vol-1"}}'
    headers:
      cache-control:
      - no-cache
      content-length:
      - '571'
      content-type:
      - application/json; charset=utf-8
      date:
      - Wed, 09 Jun 2021 13:19:35 GMT
      expires:
      - '-1'
      pragma:
      - no-cache
      server:
      - Microsoft-IIS/10.0
      strict-transport-security:
      - max-age=31536000; includeSubDomains
      transfer-encoding:
      - chunked
      vary:
      - Accept-Encoding
      x-content-type-options:
      - nosniff
      x-powered-by:
      - ASP.NET
    status:
      code: 200
      message: OK
- request:
    body: null
    headers:
      Accept:
      - '*/*'
      Accept-Encoding:
      - gzip, deflate
      Connection:
      - keep-alive
      User-Agent:
      - azsdk-python-mgmt-netapp/1.0.0 Python/3.8.10 (macOS-11.3.1-x86_64-i386-64bit)
    method: GET
    uri: https://management.azure.com/subscriptions/00000000-0000-0000-0000-000000000000/providers/Microsoft.NetApp/locations/southcentralus/operationResults/dcf12a27-0754-49f3-b842-8b7bfcbe225e?api-version=2021-04-01
  response:
    body:
      string: '{"id":"/subscriptions/00000000-0000-0000-0000-000000000000/providers/Microsoft.NetApp/locations/southcentralus/operationResults/dcf12a27-0754-49f3-b842-8b7bfcbe225e","name":"dcf12a27-0754-49f3-b842-8b7bfcbe225e","status":"Creating","startTime":"2021-06-09T13:17:34.6116448Z","endTime":"0001-01-01T00:00:00Z","percentComplete":0.0,"properties":{"resourceName":"/subscriptions/00000000-0000-0000-0000-000000000000/resourceGroups/sdk-python-tests-rg/providers/Microsoft.NetApp/netAppAccounts/sdk-py-tests-acc-1/capacityPools/sdk-py-tests-pool-1/volumes/sdk-py-tests-vol-1"}}'
    headers:
      cache-control:
      - no-cache
      content-length:
      - '571'
      content-type:
      - application/json; charset=utf-8
      date:
      - Wed, 09 Jun 2021 13:20:06 GMT
      expires:
      - '-1'
      pragma:
      - no-cache
      server:
      - Microsoft-IIS/10.0
      strict-transport-security:
      - max-age=31536000; includeSubDomains
      transfer-encoding:
      - chunked
      vary:
      - Accept-Encoding
      x-content-type-options:
      - nosniff
      x-powered-by:
      - ASP.NET
    status:
      code: 200
      message: OK
- request:
    body: null
    headers:
      Accept:
      - '*/*'
      Accept-Encoding:
      - gzip, deflate
      Connection:
      - keep-alive
      User-Agent:
      - azsdk-python-mgmt-netapp/1.0.0 Python/3.8.10 (macOS-11.3.1-x86_64-i386-64bit)
    method: GET
    uri: https://management.azure.com/subscriptions/00000000-0000-0000-0000-000000000000/providers/Microsoft.NetApp/locations/southcentralus/operationResults/dcf12a27-0754-49f3-b842-8b7bfcbe225e?api-version=2021-04-01
  response:
    body:
      string: '{"id":"/subscriptions/00000000-0000-0000-0000-000000000000/providers/Microsoft.NetApp/locations/southcentralus/operationResults/dcf12a27-0754-49f3-b842-8b7bfcbe225e","name":"dcf12a27-0754-49f3-b842-8b7bfcbe225e","status":"Creating","startTime":"2021-06-09T13:17:34.6116448Z","endTime":"0001-01-01T00:00:00Z","percentComplete":0.0,"properties":{"resourceName":"/subscriptions/00000000-0000-0000-0000-000000000000/resourceGroups/sdk-python-tests-rg/providers/Microsoft.NetApp/netAppAccounts/sdk-py-tests-acc-1/capacityPools/sdk-py-tests-pool-1/volumes/sdk-py-tests-vol-1"}}'
    headers:
      cache-control:
      - no-cache
      content-length:
      - '571'
      content-type:
      - application/json; charset=utf-8
      date:
      - Wed, 09 Jun 2021 13:20:36 GMT
      expires:
      - '-1'
      pragma:
      - no-cache
      server:
      - Microsoft-IIS/10.0
      strict-transport-security:
      - max-age=31536000; includeSubDomains
      transfer-encoding:
      - chunked
      vary:
      - Accept-Encoding
      x-content-type-options:
      - nosniff
      x-powered-by:
      - ASP.NET
    status:
      code: 200
      message: OK
- request:
    body: null
    headers:
      Accept:
      - '*/*'
      Accept-Encoding:
      - gzip, deflate
      Connection:
      - keep-alive
      User-Agent:
      - azsdk-python-mgmt-netapp/1.0.0 Python/3.8.10 (macOS-11.3.1-x86_64-i386-64bit)
    method: GET
    uri: https://management.azure.com/subscriptions/00000000-0000-0000-0000-000000000000/providers/Microsoft.NetApp/locations/southcentralus/operationResults/dcf12a27-0754-49f3-b842-8b7bfcbe225e?api-version=2021-04-01
  response:
    body:
      string: '{"id":"/subscriptions/00000000-0000-0000-0000-000000000000/providers/Microsoft.NetApp/locations/southcentralus/operationResults/dcf12a27-0754-49f3-b842-8b7bfcbe225e","name":"dcf12a27-0754-49f3-b842-8b7bfcbe225e","status":"Creating","startTime":"2021-06-09T13:17:34.6116448Z","endTime":"0001-01-01T00:00:00Z","percentComplete":0.0,"properties":{"resourceName":"/subscriptions/00000000-0000-0000-0000-000000000000/resourceGroups/sdk-python-tests-rg/providers/Microsoft.NetApp/netAppAccounts/sdk-py-tests-acc-1/capacityPools/sdk-py-tests-pool-1/volumes/sdk-py-tests-vol-1"}}'
    headers:
      cache-control:
      - no-cache
      content-length:
      - '571'
      content-type:
      - application/json; charset=utf-8
      date:
      - Wed, 09 Jun 2021 13:21:07 GMT
      expires:
      - '-1'
      pragma:
      - no-cache
      server:
      - Microsoft-IIS/10.0
      strict-transport-security:
      - max-age=31536000; includeSubDomains
      transfer-encoding:
      - chunked
      vary:
      - Accept-Encoding
      x-content-type-options:
      - nosniff
      x-powered-by:
      - ASP.NET
    status:
      code: 200
      message: OK
- request:
    body: null
    headers:
      Accept:
      - '*/*'
      Accept-Encoding:
      - gzip, deflate
      Connection:
      - keep-alive
      User-Agent:
      - azsdk-python-mgmt-netapp/1.0.0 Python/3.8.10 (macOS-11.3.1-x86_64-i386-64bit)
    method: GET
    uri: https://management.azure.com/subscriptions/00000000-0000-0000-0000-000000000000/providers/Microsoft.NetApp/locations/southcentralus/operationResults/dcf12a27-0754-49f3-b842-8b7bfcbe225e?api-version=2021-04-01
  response:
    body:
      string: '{"id":"/subscriptions/00000000-0000-0000-0000-000000000000/providers/Microsoft.NetApp/locations/southcentralus/operationResults/dcf12a27-0754-49f3-b842-8b7bfcbe225e","name":"dcf12a27-0754-49f3-b842-8b7bfcbe225e","status":"Creating","startTime":"2021-06-09T13:17:34.6116448Z","endTime":"0001-01-01T00:00:00Z","percentComplete":0.0,"properties":{"resourceName":"/subscriptions/00000000-0000-0000-0000-000000000000/resourceGroups/sdk-python-tests-rg/providers/Microsoft.NetApp/netAppAccounts/sdk-py-tests-acc-1/capacityPools/sdk-py-tests-pool-1/volumes/sdk-py-tests-vol-1"}}'
    headers:
      cache-control:
      - no-cache
      content-length:
      - '571'
      content-type:
      - application/json; charset=utf-8
      date:
      - Wed, 09 Jun 2021 13:21:38 GMT
      expires:
      - '-1'
      pragma:
      - no-cache
      server:
      - Microsoft-IIS/10.0
      strict-transport-security:
      - max-age=31536000; includeSubDomains
      transfer-encoding:
      - chunked
      vary:
      - Accept-Encoding
      x-content-type-options:
      - nosniff
      x-powered-by:
      - ASP.NET
    status:
      code: 200
      message: OK
- request:
    body: null
    headers:
      Accept:
      - '*/*'
      Accept-Encoding:
      - gzip, deflate
      Connection:
      - keep-alive
      User-Agent:
      - azsdk-python-mgmt-netapp/1.0.0 Python/3.8.10 (macOS-11.3.1-x86_64-i386-64bit)
    method: GET
    uri: https://management.azure.com/subscriptions/00000000-0000-0000-0000-000000000000/providers/Microsoft.NetApp/locations/southcentralus/operationResults/dcf12a27-0754-49f3-b842-8b7bfcbe225e?api-version=2021-04-01
  response:
    body:
      string: '{"id":"/subscriptions/00000000-0000-0000-0000-000000000000/providers/Microsoft.NetApp/locations/southcentralus/operationResults/dcf12a27-0754-49f3-b842-8b7bfcbe225e","name":"dcf12a27-0754-49f3-b842-8b7bfcbe225e","status":"Succeeded","startTime":"2021-06-09T13:17:34.6116448Z","endTime":"2021-06-09T13:21:49.0190482Z","percentComplete":100.0,"properties":{"resourceName":"/subscriptions/00000000-0000-0000-0000-000000000000/resourceGroups/sdk-python-tests-rg/providers/Microsoft.NetApp/netAppAccounts/sdk-py-tests-acc-1/capacityPools/sdk-py-tests-pool-1/volumes/sdk-py-tests-vol-1"}}'
    headers:
      cache-control:
      - no-cache
      content-length:
      - '582'
      content-type:
      - application/json; charset=utf-8
      date:
      - Wed, 09 Jun 2021 13:22:08 GMT
      expires:
      - '-1'
      pragma:
      - no-cache
      server:
      - Microsoft-IIS/10.0
      strict-transport-security:
      - max-age=31536000; includeSubDomains
      transfer-encoding:
      - chunked
      vary:
      - Accept-Encoding
      x-content-type-options:
      - nosniff
      x-powered-by:
      - ASP.NET
    status:
      code: 200
      message: OK
- request:
    body: null
    headers:
      Accept:
      - '*/*'
      Accept-Encoding:
      - gzip, deflate
      Connection:
      - keep-alive
      User-Agent:
      - azsdk-python-mgmt-netapp/1.0.0 Python/3.8.10 (macOS-11.3.1-x86_64-i386-64bit)
    method: GET
    uri: https://management.azure.com/subscriptions/00000000-0000-0000-0000-000000000000/resourceGroups/sdk-python-tests-rg/providers/Microsoft.NetApp/netAppAccounts/sdk-py-tests-acc-1/capacityPools/sdk-py-tests-pool-1/volumes/sdk-py-tests-vol-1?api-version=2021-04-01
  response:
    body:
      string: '{"id":"/subscriptions/00000000-0000-0000-0000-000000000000/resourceGroups/sdk-python-tests-rg/providers/Microsoft.NetApp/netAppAccounts/sdk-py-tests-acc-1/capacityPools/sdk-py-tests-pool-1/volumes/sdk-py-tests-vol-1","name":"sdk-py-tests-acc-1/sdk-py-tests-pool-1/sdk-py-tests-vol-1","type":"Microsoft.NetApp/netAppAccounts/capacityPools/volumes","etag":"W/\"datetime''2021-06-09T13%3A21%3A49.0169463Z''\"","location":"southcentralus","properties":{"mountTargets":[{"mountTargetId":"b652f9ab-b63a-c66d-6a2f-81ceddf9f3b3","fileSystemId":"b652f9ab-b63a-c66d-6a2f-81ceddf9f3b3","ipAddress":"10.7.0.4","smbServerFQDN":""}],"throughputMibps":6.4,"volumeSpecName":"generic","coolAccess":false,"provisioningState":"Succeeded","fileSystemId":"b652f9ab-b63a-c66d-6a2f-81ceddf9f3b3","serviceLevel":"Premium","creationToken":"sdk-py-tests-vol-1","usageThreshold":107374182400,"exportPolicy":{"rules":[{"ruleIndex":1,"unixReadOnly":false,"unixReadWrite":true,"cifs":false,"nfsv3":true,"nfsv41":false,"allowedClients":"0.0.0.0/0","kerberos5ReadOnly":false,"kerberos5ReadWrite":false,"kerberos5iReadOnly":false,"kerberos5iReadWrite":false,"kerberos5pReadOnly":false,"kerberos5pReadWrite":false,"hasRootAccess":true,"chownMode":"Restricted"}]},"protocolTypes":["NFSv3"],"baremetalTenantId":"baremetalTenant_svm_f78e3b96807a11e9adbb3283d4934d27_e7bc0cb2","subnetId":"/subscriptions/00000000-0000-0000-0000-000000000000/resourceGroups/sdk-python-tests-rg/providers/Microsoft.Network/virtualNetworks/sdk-python-tests-vnet/subnets/default","snapshotDirectoryVisible":true,"kerberosEnabled":false,"securityStyle":"Unix","smbEncryption":false,"smbContinuouslyAvailable":false,"encryptionKeySource":"Microsoft.NetApp","ldapEnabled":false,"unixPermissions":"0770"}}'
    headers:
      cache-control:
      - no-cache
      content-length:
      - '1740'
      content-type:
      - application/json; charset=utf-8
      date:
      - Wed, 09 Jun 2021 13:22:09 GMT
      etag:
      - W/"datetime'2021-06-09T13%3A21%3A49.0169463Z'"
      expires:
      - '-1'
      pragma:
      - no-cache
      server:
      - Microsoft-IIS/10.0
      strict-transport-security:
      - max-age=31536000; includeSubDomains
      transfer-encoding:
      - chunked
      vary:
      - Accept-Encoding
      x-content-type-options:
      - nosniff
      x-powered-by:
      - ASP.NET
    status:
      code: 200
      message: OK
- request:
    body: null
    headers:
      Accept:
      - application/json
      Accept-Encoding:
      - gzip, deflate
      Connection:
      - keep-alive
      User-Agent:
      - azsdk-python-mgmt-netapp/1.0.0 Python/3.8.10 (macOS-11.3.1-x86_64-i386-64bit)
    method: GET
    uri: https://management.azure.com/subscriptions/00000000-0000-0000-0000-000000000000/resourceGroups/sdk-python-tests-rg/providers/Microsoft.NetApp/netAppAccounts/sdk-py-tests-acc-1/capacityPools/sdk-py-tests-pool-1/volumes?api-version=2021-04-01
  response:
    body:
      string: '{"value":[{"id":"/subscriptions/00000000-0000-0000-0000-000000000000/resourceGroups/sdk-python-tests-rg/providers/Microsoft.NetApp/netAppAccounts/sdk-py-tests-acc-1/capacityPools/sdk-py-tests-pool-1/volumes/sdk-py-tests-vol-1","name":"sdk-py-tests-acc-1/sdk-py-tests-pool-1/sdk-py-tests-vol-1","type":"Microsoft.NetApp/netAppAccounts/capacityPools/volumes","etag":"W/\"datetime''2021-06-09T13%3A21%3A49.0169463Z''\"","location":"southcentralus","properties":{"mountTargets":[{"mountTargetId":"b652f9ab-b63a-c66d-6a2f-81ceddf9f3b3","fileSystemId":"b652f9ab-b63a-c66d-6a2f-81ceddf9f3b3","ipAddress":"10.7.0.4","smbServerFQDN":""}],"throughputMibps":6.4,"volumeSpecName":"generic","coolAccess":false,"provisioningState":"Succeeded","fileSystemId":"b652f9ab-b63a-c66d-6a2f-81ceddf9f3b3","serviceLevel":"Premium","creationToken":"sdk-py-tests-vol-1","usageThreshold":107374182400,"exportPolicy":{"rules":[{"ruleIndex":1,"unixReadOnly":false,"unixReadWrite":true,"cifs":false,"nfsv3":true,"nfsv41":false,"allowedClients":"0.0.0.0/0","kerberos5ReadOnly":false,"kerberos5ReadWrite":false,"kerberos5iReadOnly":false,"kerberos5iReadWrite":false,"kerberos5pReadOnly":false,"kerberos5pReadWrite":false,"hasRootAccess":true,"chownMode":"Restricted"}]},"protocolTypes":["NFSv3"],"baremetalTenantId":"baremetalTenant_svm_f78e3b96807a11e9adbb3283d4934d27_e7bc0cb2","subnetId":"/subscriptions/00000000-0000-0000-0000-000000000000/resourceGroups/sdk-python-tests-rg/providers/Microsoft.Network/virtualNetworks/sdk-python-tests-vnet/subnets/default","snapshotDirectoryVisible":true,"kerberosEnabled":false,"securityStyle":"Unix","smbEncryption":false,"smbContinuouslyAvailable":false,"encryptionKeySource":"Microsoft.NetApp","ldapEnabled":false,"unixPermissions":"0770"}}]}'
    headers:
      cache-control:
      - no-cache
      content-length:
      - '1752'
      content-type:
      - application/json; charset=utf-8
      date:
      - Wed, 09 Jun 2021 13:22:09 GMT
      expires:
      - '-1'
      pragma:
      - no-cache
      server:
      - Microsoft-IIS/10.0
      strict-transport-security:
      - max-age=31536000; includeSubDomains
      transfer-encoding:
      - chunked
      vary:
      - Accept-Encoding
      x-content-type-options:
      - nosniff
      x-powered-by:
      - ASP.NET
    status:
      code: 200
      message: OK
- request:
    body: null
    headers:
      Accept:
      - '*/*'
      Accept-Encoding:
      - gzip, deflate
      Connection:
      - keep-alive
      Content-Length:
      - '0'
      User-Agent:
      - azsdk-python-mgmt-netapp/1.0.0 Python/3.8.10 (macOS-11.3.1-x86_64-i386-64bit)
    method: DELETE
    uri: https://management.azure.com/subscriptions/00000000-0000-0000-0000-000000000000/resourceGroups/sdk-python-tests-rg/providers/Microsoft.NetApp/netAppAccounts/sdk-py-tests-acc-1/capacityPools/sdk-py-tests-pool-1/volumes/sdk-py-tests-vol-1?api-version=2021-04-01
  response:
    body:
      string: ''
    headers:
      azure-asyncoperation:
      - https://management.azure.com/subscriptions/00000000-0000-0000-0000-000000000000/providers/Microsoft.NetApp/locations/southcentralus/operationResults/8b61a189-1fd2-4374-ac4f-59f6b5d6cad2?api-version=2021-04-01
      cache-control:
      - no-cache
      content-length:
      - '0'
      date:
      - Wed, 09 Jun 2021 13:22:11 GMT
      expires:
      - '-1'
      location:
      - https://management.azure.com/subscriptions/00000000-0000-0000-0000-000000000000/providers/Microsoft.NetApp/locations/southcentralus/operationResults/8b61a189-1fd2-4374-ac4f-59f6b5d6cad2?api-version=2021-04-01&operationResultResponseType=Location
      pragma:
      - no-cache
      server:
      - Microsoft-IIS/10.0
      strict-transport-security:
      - max-age=31536000; includeSubDomains
      x-content-type-options:
      - nosniff
      x-ms-ratelimit-remaining-subscription-deletes:
      - '14999'
      x-powered-by:
      - ASP.NET
    status:
      code: 202
      message: Accepted
- request:
    body: null
    headers:
      Accept:
      - '*/*'
      Accept-Encoding:
      - gzip, deflate
      Connection:
      - keep-alive
      User-Agent:
      - azsdk-python-mgmt-netapp/1.0.0 Python/3.8.10 (macOS-11.3.1-x86_64-i386-64bit)
    method: GET
    uri: https://management.azure.com/subscriptions/00000000-0000-0000-0000-000000000000/providers/Microsoft.NetApp/locations/southcentralus/operationResults/8b61a189-1fd2-4374-ac4f-59f6b5d6cad2?api-version=2021-04-01
  response:
    body:
      string: '{"id":"/subscriptions/00000000-0000-0000-0000-000000000000/providers/Microsoft.NetApp/locations/southcentralus/operationResults/8b61a189-1fd2-4374-ac4f-59f6b5d6cad2","name":"8b61a189-1fd2-4374-ac4f-59f6b5d6cad2","status":"Deleting","startTime":"2021-06-09T13:22:11.4440308Z","endTime":"0001-01-01T00:00:00Z","percentComplete":0.0,"properties":{"resourceName":"/subscriptions/00000000-0000-0000-0000-000000000000/resourceGroups/sdk-python-tests-rg/providers/Microsoft.NetApp/netAppAccounts/sdk-py-tests-acc-1/capacityPools/sdk-py-tests-pool-1/volumes/sdk-py-tests-vol-1"}}'
    headers:
      cache-control:
      - no-cache
      content-length:
      - '571'
      content-type:
      - application/json; charset=utf-8
      date:
      - Wed, 09 Jun 2021 13:22:41 GMT
      expires:
      - '-1'
      pragma:
      - no-cache
      server:
      - Microsoft-IIS/10.0
      strict-transport-security:
      - max-age=31536000; includeSubDomains
      transfer-encoding:
      - chunked
      vary:
      - Accept-Encoding
      x-content-type-options:
      - nosniff
      x-powered-by:
      - ASP.NET
    status:
      code: 200
      message: OK
- request:
    body: null
    headers:
      Accept:
      - '*/*'
      Accept-Encoding:
      - gzip, deflate
      Connection:
      - keep-alive
      User-Agent:
      - azsdk-python-mgmt-netapp/1.0.0 Python/3.8.10 (macOS-11.3.1-x86_64-i386-64bit)
    method: GET
    uri: https://management.azure.com/subscriptions/00000000-0000-0000-0000-000000000000/providers/Microsoft.NetApp/locations/southcentralus/operationResults/8b61a189-1fd2-4374-ac4f-59f6b5d6cad2?api-version=2021-04-01
  response:
    body:
      string: '{"id":"/subscriptions/00000000-0000-0000-0000-000000000000/providers/Microsoft.NetApp/locations/southcentralus/operationResults/8b61a189-1fd2-4374-ac4f-59f6b5d6cad2","name":"8b61a189-1fd2-4374-ac4f-59f6b5d6cad2","status":"Succeeded","startTime":"2021-06-09T13:22:11.4440308Z","endTime":"2021-06-09T13:23:00.8012925Z","percentComplete":100.0,"properties":{"resourceName":"/subscriptions/00000000-0000-0000-0000-000000000000/resourceGroups/sdk-python-tests-rg/providers/Microsoft.NetApp/netAppAccounts/sdk-py-tests-acc-1/capacityPools/sdk-py-tests-pool-1/volumes/sdk-py-tests-vol-1"}}'
    headers:
      cache-control:
      - no-cache
      content-length:
      - '582'
      content-type:
      - application/json; charset=utf-8
      date:
      - Wed, 09 Jun 2021 13:23:11 GMT
      expires:
      - '-1'
      pragma:
      - no-cache
      server:
      - Microsoft-IIS/10.0
      strict-transport-security:
      - max-age=31536000; includeSubDomains
      transfer-encoding:
      - chunked
      vary:
      - Accept-Encoding
      x-content-type-options:
      - nosniff
      x-powered-by:
      - ASP.NET
    status:
      code: 200
      message: OK
- request:
    body: null
    headers:
      Accept:
      - application/json
      Accept-Encoding:
      - gzip, deflate
      Connection:
      - keep-alive
      User-Agent:
      - azsdk-python-mgmt-netapp/1.0.0 Python/3.8.10 (macOS-11.3.1-x86_64-i386-64bit)
    method: GET
    uri: https://management.azure.com/subscriptions/00000000-0000-0000-0000-000000000000/resourceGroups/sdk-python-tests-rg/providers/Microsoft.NetApp/netAppAccounts/sdk-py-tests-acc-1/capacityPools/sdk-py-tests-pool-1/volumes/sdk-py-tests-vol-1?api-version=2021-04-01
  response:
    body:
      string: '{"error":{"code":"ResourceNotFound","message":"The Resource ''Microsoft.NetApp/netAppAccounts/sdk-py-tests-acc-1/capacityPools/sdk-py-tests-pool-1/volumes/sdk-py-tests-vol-1''
        under resource group ''sdk-python-tests-rg'' was not found. For more details
        please go to https://aka.ms/ARMResourceNotFoundFix"}}'
    headers:
      cache-control:
      - no-cache
      content-length:
      - '302'
      content-type:
      - application/json; charset=utf-8
      date:
      - Wed, 09 Jun 2021 13:26:33 GMT
      expires:
      - '-1'
      pragma:
      - no-cache
      strict-transport-security:
      - max-age=31536000; includeSubDomains
      x-content-type-options:
      - nosniff
      x-ms-failure-cause:
      - gateway
    status:
      code: 404
      message: Not Found
- request:
    body: null
    headers:
      Accept:
      - application/json
      Accept-Encoding:
      - gzip, deflate
      Connection:
      - keep-alive
      User-Agent:
      - azsdk-python-mgmt-netapp/1.0.0 Python/3.8.10 (macOS-11.3.1-x86_64-i386-64bit)
    method: GET
    uri: https://management.azure.com/subscriptions/00000000-0000-0000-0000-000000000000/resourceGroups/sdk-python-tests-rg/providers/Microsoft.NetApp/netAppAccounts/sdk-py-tests-acc-1/capacityPools/sdk-py-tests-pool-1/volumes?api-version=2021-04-01
  response:
    body:
      string: '{"value":[]}'
    headers:
      cache-control:
      - no-cache
      content-length:
      - '12'
      content-type:
      - application/json; charset=utf-8
      date:
      - Wed, 09 Jun 2021 13:26:34 GMT
      expires:
      - '-1'
      pragma:
      - no-cache
      server:
      - Microsoft-IIS/10.0
      strict-transport-security:
      - max-age=31536000; includeSubDomains
      transfer-encoding:
      - chunked
      vary:
      - Accept-Encoding
      x-content-type-options:
      - nosniff
      x-powered-by:
      - ASP.NET
    status:
      code: 200
      message: OK
- request:
    body: null
    headers:
      Accept:
      - application/json
      Accept-Encoding:
      - gzip, deflate
      Connection:
      - keep-alive
      User-Agent:
      - azsdk-python-mgmt-netapp/1.0.0 Python/3.8.10 (macOS-11.3.1-x86_64-i386-64bit)
    method: GET
    uri: https://management.azure.com/subscriptions/00000000-0000-0000-0000-000000000000/resourceGroups/sdk-python-tests-rg/providers/Microsoft.NetApp/netAppAccounts/sdk-py-tests-acc-1/capacityPools/sdk-py-tests-pool-1/volumes/sdk-py-tests-vol-1?api-version=2021-04-01
  response:
    body:
      string: '{"error":{"code":"ResourceNotFound","message":"The Resource ''Microsoft.NetApp/netAppAccounts/sdk-py-tests-acc-1/capacityPools/sdk-py-tests-pool-1/volumes/sdk-py-tests-vol-1''
        under resource group ''sdk-python-tests-rg'' was not found. For more details
        please go to https://aka.ms/ARMResourceNotFoundFix"}}'
    headers:
      cache-control:
      - no-cache
      content-length:
      - '302'
      content-type:
      - application/json; charset=utf-8
      date:
      - Wed, 09 Jun 2021 13:29:55 GMT
      expires:
      - '-1'
      pragma:
      - no-cache
      strict-transport-security:
      - max-age=31536000; includeSubDomains
      x-content-type-options:
      - nosniff
      x-ms-failure-cause:
      - gateway
    status:
      code: 404
      message: Not Found
- request:
    body: null
    headers:
      Accept:
      - '*/*'
      Accept-Encoding:
      - gzip, deflate
      Connection:
      - keep-alive
      Content-Length:
      - '0'
      User-Agent:
      - azsdk-python-mgmt-netapp/1.0.0 Python/3.8.10 (macOS-11.3.1-x86_64-i386-64bit)
    method: DELETE
    uri: https://management.azure.com/subscriptions/00000000-0000-0000-0000-000000000000/resourceGroups/sdk-python-tests-rg/providers/Microsoft.NetApp/netAppAccounts/sdk-py-tests-acc-1/capacityPools/sdk-py-tests-pool-1?api-version=2021-04-01
  response:
    body:
      string: ''
    headers:
      azure-asyncoperation:
      - https://management.azure.com/subscriptions/00000000-0000-0000-0000-000000000000/providers/Microsoft.NetApp/locations/southcentralus/operationResults/2a01efff-032b-4b3a-9c2d-a67d29663928?api-version=2021-04-01
      cache-control:
      - no-cache
      content-length:
      - '0'
      date:
      - Wed, 09 Jun 2021 13:30:07 GMT
      expires:
      - '-1'
      location:
      - https://management.azure.com/subscriptions/00000000-0000-0000-0000-000000000000/providers/Microsoft.NetApp/locations/southcentralus/operationResults/2a01efff-032b-4b3a-9c2d-a67d29663928?api-version=2021-04-01&operationResultResponseType=Location
      pragma:
      - no-cache
      server:
      - Microsoft-IIS/10.0
      strict-transport-security:
      - max-age=31536000; includeSubDomains
      x-content-type-options:
      - nosniff
      x-ms-ratelimit-remaining-subscription-deletes:
      - '14999'
      x-powered-by:
      - ASP.NET
    status:
      code: 202
      message: Accepted
- request:
    body: null
    headers:
      Accept:
      - '*/*'
      Accept-Encoding:
      - gzip, deflate
      Connection:
      - keep-alive
      User-Agent:
      - azsdk-python-mgmt-netapp/1.0.0 Python/3.8.10 (macOS-11.3.1-x86_64-i386-64bit)
    method: GET
    uri: https://management.azure.com/subscriptions/00000000-0000-0000-0000-000000000000/providers/Microsoft.NetApp/locations/southcentralus/operationResults/2a01efff-032b-4b3a-9c2d-a67d29663928?api-version=2021-04-01
  response:
    body:
      string: '{"id":"/subscriptions/00000000-0000-0000-0000-000000000000/providers/Microsoft.NetApp/locations/southcentralus/operationResults/2a01efff-032b-4b3a-9c2d-a67d29663928","name":"2a01efff-032b-4b3a-9c2d-a67d29663928","status":"Succeeded","startTime":"2021-06-09T13:30:07.1771174Z","endTime":"2021-06-09T13:30:07.4721107Z","percentComplete":100.0,"properties":{"resourceName":"/subscriptions/00000000-0000-0000-0000-000000000000/resourceGroups/sdk-python-tests-rg/providers/Microsoft.NetApp/netAppAccounts/sdk-py-tests-acc-1/capacityPools/sdk-py-tests-pool-1"}}'
    headers:
      cache-control:
      - no-cache
      content-length:
      - '555'
      content-type:
      - application/json; charset=utf-8
      date:
      - Wed, 09 Jun 2021 13:30:37 GMT
      expires:
      - '-1'
      pragma:
      - no-cache
      server:
      - Microsoft-IIS/10.0
      strict-transport-security:
      - max-age=31536000; includeSubDomains
      transfer-encoding:
      - chunked
      vary:
      - Accept-Encoding
      x-content-type-options:
      - nosniff
      x-powered-by:
      - ASP.NET
    status:
      code: 200
      message: OK
- request:
    body: null
    headers:
      Accept:
      - '*/*'
      Accept-Encoding:
      - gzip, deflate
      Connection:
      - keep-alive
      Content-Length:
      - '0'
      User-Agent:
      - azsdk-python-mgmt-netapp/1.0.0 Python/3.8.10 (macOS-11.3.1-x86_64-i386-64bit)
    method: DELETE
    uri: https://management.azure.com/subscriptions/00000000-0000-0000-0000-000000000000/resourceGroups/sdk-python-tests-rg/providers/Microsoft.NetApp/netAppAccounts/sdk-py-tests-acc-1/capacityPools/sdk-py-tests-pool-1?api-version=2021-04-01
  response:
    body:
      string: ''
    headers:
      cache-control:
      - no-cache
      date:
      - Wed, 09 Jun 2021 13:30:47 GMT
      expires:
      - '-1'
      pragma:
      - no-cache
      strict-transport-security:
      - max-age=31536000; includeSubDomains
      x-content-type-options:
      - nosniff
      x-ms-ratelimit-remaining-subscription-deletes:
      - '14998'
    status:
      code: 204
      message: No Content
- request:
    body: null
    headers:
      Accept:
      - '*/*'
      Accept-Encoding:
      - gzip, deflate
      Connection:
      - keep-alive
      Content-Length:
      - '0'
      User-Agent:
      - azsdk-python-mgmt-netapp/1.0.0 Python/3.8.10 (macOS-11.3.1-x86_64-i386-64bit)
    method: DELETE
    uri: https://management.azure.com/subscriptions/00000000-0000-0000-0000-000000000000/resourceGroups/sdk-python-tests-rg/providers/Microsoft.NetApp/netAppAccounts/sdk-py-tests-acc-1/capacityPools/sdk-py-tests-pool-1?api-version=2021-04-01
  response:
    body:
      string: ''
    headers:
      cache-control:
      - no-cache
      date:
      - Wed, 09 Jun 2021 13:30:57 GMT
      expires:
      - '-1'
      pragma:
      - no-cache
      strict-transport-security:
      - max-age=31536000; includeSubDomains
      x-content-type-options:
      - nosniff
      x-ms-ratelimit-remaining-subscription-deletes:
      - '14997'
    status:
      code: 204
      message: No Content
- request:
    body: null
    headers:
      Accept:
      - '*/*'
      Accept-Encoding:
      - gzip, deflate
      Connection:
      - keep-alive
      Content-Length:
      - '0'
      User-Agent:
      - azsdk-python-mgmt-netapp/1.0.0 Python/3.8.10 (macOS-11.3.1-x86_64-i386-64bit)
    method: DELETE
    uri: https://management.azure.com/subscriptions/00000000-0000-0000-0000-000000000000/resourceGroups/sdk-python-tests-rg/providers/Microsoft.NetApp/netAppAccounts/sdk-py-tests-acc-1/capacityPools/sdk-py-tests-pool-1?api-version=2021-04-01
  response:
    body:
      string: ''
    headers:
      cache-control:
      - no-cache
      date:
      - Wed, 09 Jun 2021 13:31:08 GMT
      expires:
      - '-1'
      pragma:
      - no-cache
      strict-transport-security:
      - max-age=31536000; includeSubDomains
      x-content-type-options:
      - nosniff
      x-ms-ratelimit-remaining-subscription-deletes:
      - '14996'
    status:
      code: 204
      message: No Content
- request:
    body: null
    headers:
      Accept:
      - '*/*'
      Accept-Encoding:
      - gzip, deflate
      Connection:
      - keep-alive
      Content-Length:
      - '0'
      User-Agent:
      - azsdk-python-mgmt-netapp/1.0.0 Python/3.8.10 (macOS-11.3.1-x86_64-i386-64bit)
    method: DELETE
    uri: https://management.azure.com/subscriptions/00000000-0000-0000-0000-000000000000/resourceGroups/sdk-python-tests-rg/providers/Microsoft.NetApp/netAppAccounts/sdk-py-tests-acc-1/capacityPools/sdk-py-tests-pool-1?api-version=2021-04-01
  response:
    body:
      string: ''
    headers:
      cache-control:
      - no-cache
      date:
      - Wed, 09 Jun 2021 13:31:19 GMT
      expires:
      - '-1'
      pragma:
      - no-cache
      strict-transport-security:
      - max-age=31536000; includeSubDomains
      x-content-type-options:
      - nosniff
      x-ms-ratelimit-remaining-subscription-deletes:
      - '14995'
    status:
      code: 204
      message: No Content
- request:
    body: null
    headers:
      Accept:
      - application/json
      Accept-Encoding:
      - gzip, deflate
      Connection:
      - keep-alive
      User-Agent:
      - azsdk-python-mgmt-netapp/1.0.0 Python/3.8.10 (macOS-11.3.1-x86_64-i386-64bit)
    method: GET
    uri: https://management.azure.com/subscriptions/00000000-0000-0000-0000-000000000000/resourceGroups/sdk-python-tests-rg/providers/Microsoft.NetApp/netAppAccounts/sdk-py-tests-acc-1/capacityPools/sdk-py-tests-pool-1?api-version=2021-04-01
  response:
    body:
      string: '{"error":{"code":"ResourceNotFound","message":"The Resource ''Microsoft.NetApp/netAppAccounts/sdk-py-tests-acc-1/capacityPools/sdk-py-tests-pool-1''
        under resource group ''sdk-python-tests-rg'' was not found. For more details
        please go to https://aka.ms/ARMResourceNotFoundFix"}}'
    headers:
      cache-control:
      - no-cache
      content-length:
      - '275'
      content-type:
      - application/json; charset=utf-8
      date:
      - Wed, 09 Jun 2021 13:31:29 GMT
      expires:
      - '-1'
      pragma:
      - no-cache
      strict-transport-security:
      - max-age=31536000; includeSubDomains
      x-content-type-options:
      - nosniff
      x-ms-failure-cause:
      - gateway
    status:
      code: 404
      message: Not Found
- request:
    body: null
    headers:
      Accept:
      - '*/*'
      Accept-Encoding:
      - gzip, deflate
      Connection:
      - keep-alive
      Content-Length:
      - '0'
      User-Agent:
      - azsdk-python-mgmt-netapp/1.0.0 Python/3.8.10 (macOS-11.3.1-x86_64-i386-64bit)
    method: DELETE
    uri: https://management.azure.com/subscriptions/00000000-0000-0000-0000-000000000000/resourceGroups/sdk-python-tests-rg/providers/Microsoft.NetApp/netAppAccounts/sdk-py-tests-acc-1?api-version=2021-04-01
  response:
    body:
      string: ''
    headers:
      azure-asyncoperation:
      - https://management.azure.com/subscriptions/00000000-0000-0000-0000-000000000000/providers/Microsoft.NetApp/locations/southcentralus/operationResults/e123e9a7-eaab-4be9-b0fe-310fee534d25?api-version=2021-04-01
      cache-control:
      - no-cache
      content-length:
      - '0'
      date:
      - Wed, 09 Jun 2021 13:31:31 GMT
      expires:
      - '-1'
      location:
      - https://management.azure.com/subscriptions/00000000-0000-0000-0000-000000000000/providers/Microsoft.NetApp/locations/southcentralus/operationResults/e123e9a7-eaab-4be9-b0fe-310fee534d25?api-version=2021-04-01&operationResultResponseType=Location
      pragma:
      - no-cache
      server:
      - Microsoft-IIS/10.0
      strict-transport-security:
      - max-age=31536000; includeSubDomains
      x-content-type-options:
      - nosniff
      x-ms-ratelimit-remaining-subscription-deletes:
      - '14994'
      x-powered-by:
      - ASP.NET
    status:
      code: 202
      message: Accepted
- request:
    body: null
    headers:
      Accept:
      - '*/*'
      Accept-Encoding:
      - gzip, deflate
      Connection:
      - keep-alive
      User-Agent:
      - azsdk-python-mgmt-netapp/1.0.0 Python/3.8.10 (macOS-11.3.1-x86_64-i386-64bit)
    method: GET
    uri: https://management.azure.com/subscriptions/00000000-0000-0000-0000-000000000000/providers/Microsoft.NetApp/locations/southcentralus/operationResults/e123e9a7-eaab-4be9-b0fe-310fee534d25?api-version=2021-04-01
  response:
    body:
      string: '{"id":"/subscriptions/00000000-0000-0000-0000-000000000000/providers/Microsoft.NetApp/locations/southcentralus/operationResults/e123e9a7-eaab-4be9-b0fe-310fee534d25","name":"e123e9a7-eaab-4be9-b0fe-310fee534d25","status":"Succeeded","startTime":"2021-06-09T13:31:31.574037Z","endTime":"2021-06-09T13:31:31.6140411Z","percentComplete":100.0,"properties":{"resourceName":"/subscriptions/00000000-0000-0000-0000-000000000000/resourceGroups/sdk-python-tests-rg/providers/Microsoft.NetApp/netAppAccounts/sdk-py-tests-acc-1"}}'
    headers:
      cache-control:
      - no-cache
      content-length:
      - '520'
      content-type:
      - application/json; charset=utf-8
      date:
      - Wed, 09 Jun 2021 13:32:01 GMT
      expires:
      - '-1'
      pragma:
      - no-cache
      server:
      - Microsoft-IIS/10.0
      strict-transport-security:
      - max-age=31536000; includeSubDomains
      transfer-encoding:
      - chunked
      vary:
      - Accept-Encoding
      x-content-type-options:
      - nosniff
      x-powered-by:
      - ASP.NET
    status:
      code: 200
      message: OK
- request:
    body: null
    headers:
      Accept:
      - application/json
      Accept-Encoding:
      - gzip, deflate
      Connection:
      - keep-alive
      User-Agent:
      - azsdk-python-mgmt-netapp/1.0.0 Python/3.8.10 (macOS-11.3.1-x86_64-i386-64bit)
    method: GET
    uri: https://management.azure.com/subscriptions/00000000-0000-0000-0000-000000000000/resourceGroups/sdk-python-tests-rg/providers/Microsoft.NetApp/netAppAccounts/sdk-py-tests-acc-1?api-version=2021-04-01
  response:
    body:
      string: '{"error":{"code":"ResourceNotFound","message":"The Resource ''Microsoft.NetApp/netAppAccounts/sdk-py-tests-acc-1''
        under resource group ''sdk-python-tests-rg'' was not found. For more details
        please go to https://aka.ms/ARMResourceNotFoundFix"}}'
    headers:
      cache-control:
      - no-cache
      content-length:
      - '241'
      content-type:
      - application/json; charset=utf-8
      date:
      - Wed, 09 Jun 2021 13:32:03 GMT
      expires:
      - '-1'
      pragma:
      - no-cache
      strict-transport-security:
      - max-age=31536000; includeSubDomains
      x-content-type-options:
      - nosniff
      x-ms-failure-cause:
      - gateway
    status:
      code: 404
      message: Not Found
version: 1
