{
  "Entries": [
    {
      "RequestUri": "https://login.microsoftonline.com/00000000-0000-0000-0000-000000000000/v2.0/.well-known/openid-configuration",
      "RequestMethod": "GET",
      "RequestHeaders": {
        "Accept": "*/*",
        "Accept-Encoding": "gzip, deflate",
        "Connection": "keep-alive",
        "User-Agent": "azsdk-python-identity/1.11.0b4 Python/3.8.10 (macOS-12.5.1-x86_64-i386-64bit)"
      },
      "RequestBody": null,
      "StatusCode": 200,
      "ResponseHeaders": {
        "Access-Control-Allow-Methods": "GET, OPTIONS",
        "Access-Control-Allow-Origin": "*",
        "Cache-Control": "max-age=86400, private",
        "Content-Length": "1753",
        "Content-Type": "application/json; charset=utf-8",
        "Date": "Mon, 19 Sep 2022 12:31:03 GMT",
        "P3P": "CP=\u0022DSP CUR OTPi IND OTRi ONL FIN\u0022",
        "Set-Cookie": "[set-cookie;]",
        "Strict-Transport-Security": "max-age=31536000; includeSubDomains",
        "X-Content-Type-Options": "nosniff",
        "x-ms-ests-server": "2.1.13672.7 - WEULR2 ProdSlices",
        "X-XSS-Protection": "0"
      },
      "ResponseBody": {
        "token_endpoint": "https://login.microsoftonline.com/00000000-0000-0000-0000-000000000000/oauth2/v2.0/token",
        "token_endpoint_auth_methods_supported": [
          "client_secret_post",
          "private_key_jwt",
          "client_secret_basic"
        ],
        "jwks_uri": "https://login.microsoftonline.com/00000000-0000-0000-0000-000000000000/discovery/v2.0/keys",
        "response_modes_supported": [
          "query",
          "fragment",
          "form_post"
        ],
        "subject_types_supported": [
          "pairwise"
        ],
        "id_token_signing_alg_values_supported": [
          "RS256"
        ],
        "response_types_supported": [
          "code",
          "id_token",
          "code id_token",
          "id_token token"
        ],
        "scopes_supported": [
          "openid",
          "profile",
          "email",
          "offline_access"
        ],
        "issuer": "https://login.microsoftonline.com/00000000-0000-0000-0000-000000000000/v2.0",
        "request_uri_parameter_supported": false,
        "userinfo_endpoint": "https://graph.microsoft.com/oidc/userinfo",
        "authorization_endpoint": "https://login.microsoftonline.com/00000000-0000-0000-0000-000000000000/oauth2/v2.0/authorize",
        "device_authorization_endpoint": "https://login.microsoftonline.com/00000000-0000-0000-0000-000000000000/oauth2/v2.0/devicecode",
        "http_logout_supported": true,
        "frontchannel_logout_supported": true,
        "end_session_endpoint": "https://login.microsoftonline.com/00000000-0000-0000-0000-000000000000/oauth2/v2.0/logout",
        "claims_supported": [
          "sub",
          "iss",
          "cloud_instance_name",
          "cloud_instance_host_name",
          "cloud_graph_host_name",
          "msgraph_host",
          "aud",
          "exp",
          "iat",
          "auth_time",
          "acr",
          "nonce",
          "preferred_username",
          "name",
          "tid",
          "ver",
          "at_hash",
          "c_hash",
          "email"
        ],
        "kerberos_endpoint": "https://login.microsoftonline.com/00000000-0000-0000-0000-000000000000/kerberos",
        "tenant_region_scope": "WW",
        "cloud_instance_name": "microsoftonline.com",
        "cloud_graph_host_name": "graph.windows.net",
        "msgraph_host": "graph.microsoft.com",
        "rbac_url": "https://pas.windows.net"
      }
    },
    {
      "RequestUri": "https://login.microsoftonline.com/common/discovery/instance?api-version=1.1\u0026authorization_endpoint=https://login.microsoftonline.com/common/oauth2/authorize",
      "RequestMethod": "GET",
      "RequestHeaders": {
        "Accept": "application/json",
        "Accept-Encoding": "gzip, deflate",
        "Connection": "keep-alive",
        "Cookie": "cookie;",
        "User-Agent": "azsdk-python-identity/1.11.0b4 Python/3.8.10 (macOS-12.5.1-x86_64-i386-64bit)"
      },
      "RequestBody": null,
      "StatusCode": 200,
      "ResponseHeaders": {
        "Access-Control-Allow-Methods": "GET, OPTIONS",
        "Access-Control-Allow-Origin": "*",
        "Cache-Control": "max-age=86400, private",
        "Content-Length": "945",
        "Content-Type": "application/json; charset=utf-8",
        "Date": "Mon, 19 Sep 2022 12:31:03 GMT",
        "P3P": "CP=\u0022DSP CUR OTPi IND OTRi ONL FIN\u0022",
        "Set-Cookie": "[set-cookie;]",
        "Strict-Transport-Security": "max-age=31536000; includeSubDomains",
        "X-Content-Type-Options": "nosniff",
        "x-ms-ests-server": "2.1.13622.7 - WEULR2 ProdSlices",
        "X-XSS-Protection": "0"
      },
      "ResponseBody": {
        "tenant_discovery_endpoint": "https://login.microsoftonline.com/common/.well-known/openid-configuration",
        "api-version": "1.1",
        "metadata": [
          {
            "preferred_network": "login.microsoftonline.com",
            "preferred_cache": "login.windows.net",
            "aliases": [
              "login.microsoftonline.com",
              "login.windows.net",
              "login.microsoft.com",
              "sts.windows.net"
            ]
          },
          {
            "preferred_network": "login.partner.microsoftonline.cn",
            "preferred_cache": "login.partner.microsoftonline.cn",
            "aliases": [
              "login.partner.microsoftonline.cn",
              "login.chinacloudapi.cn"
            ]
          },
          {
            "preferred_network": "login.microsoftonline.de",
            "preferred_cache": "login.microsoftonline.de",
            "aliases": [
              "login.microsoftonline.de"
            ]
          },
          {
            "preferred_network": "login.microsoftonline.us",
            "preferred_cache": "login.microsoftonline.us",
            "aliases": [
              "login.microsoftonline.us",
              "login.usgovcloudapi.net"
            ]
          },
          {
            "preferred_network": "login-us.microsoftonline.com",
            "preferred_cache": "login-us.microsoftonline.com",
            "aliases": [
              "login-us.microsoftonline.com"
            ]
          }
        ]
      }
    },
    {
      "RequestUri": "https://login.microsoftonline.com/00000000-0000-0000-0000-000000000000/oauth2/v2.0/token",
      "RequestMethod": "POST",
      "RequestHeaders": {
        "Accept": "application/json",
        "Accept-Encoding": "gzip, deflate",
        "client-request-id": "d3b06750-73d2-46a0-bec9-dd46684988f2",
        "Connection": "keep-alive",
        "Content-Length": "281",
        "Content-Type": "application/x-www-form-urlencoded",
        "Cookie": "cookie;",
        "User-Agent": "azsdk-python-identity/1.11.0b4 Python/3.8.10 (macOS-12.5.1-x86_64-i386-64bit)",
        "x-client-cpu": "x64",
        "x-client-current-telemetry": "4|730,0|",
        "x-client-last-telemetry": "4|0|||",
        "x-client-os": "darwin",
        "x-client-sku": "MSAL.Python",
        "x-client-ver": "1.18.0",
        "x-ms-lib-capability": "retry-after, h429"
      },
      "RequestBody": "client_id=00000000-0000-0000-0000-000000000000\u0026grant_type=client_credentials\u0026client_info=1\u0026client_secret=00000000-0000-0000-0000-000000000000\u0026claims=%7B%22access_token%22%3A\u002B%7B%22xms_cc%22%3A\u002B%7B%22values%22%3A\u002B%5B%22CP1%22%5D%7D%7D%7D\u0026scope=https%3A%2F%2Fmanagement.azure.com%2F.default",
      "StatusCode": 200,
      "ResponseHeaders": {
        "Cache-Control": "no-store, no-cache",
        "client-request-id": "d3b06750-73d2-46a0-bec9-dd46684988f2",
        "Content-Length": "114",
        "Content-Type": "application/json; charset=utf-8",
        "Date": "Mon, 19 Sep 2022 12:31:06 GMT",
        "Expires": "-1",
        "P3P": "CP=\u0022DSP CUR OTPi IND OTRi ONL FIN\u0022",
        "Pragma": "no-cache",
        "Set-Cookie": "[set-cookie;]",
        "Strict-Transport-Security": "max-age=31536000; includeSubDomains",
        "X-Content-Type-Options": "nosniff",
        "x-ms-clitelem": "1,0,0,,",
        "x-ms-ests-server": "2.1.13672.7 - WEULR2 ProdSlices",
        "X-XSS-Protection": "0"
      },
      "ResponseBody": {
        "token_type": "Bearer",
        "expires_in": 86399,
        "ext_expires_in": 86399,
        "refresh_in": 43199,
        "access_token": "access_token"
      }
    },
    {
      "RequestUri": "https://management.azure.com/subscriptions/00000000-0000-0000-0000-000000000000/resourceGroups/sdk-python-tests-rg-tmp/providers/Microsoft.Network/virtualNetworks/sdk-python-tests-vnet-westus2-c6cd2434?api-version=2022-01-01",
      "RequestMethod": "PUT",
      "RequestHeaders": {
        "Accept": "application/json",
        "Accept-Encoding": "gzip, deflate",
        "Connection": "keep-alive",
        "Content-Length": "93",
        "Content-Type": "application/json",
        "User-Agent": "azsdk-python-azure-mgmt-network/21.0.1 Python/3.8.10 (macOS-12.5.1-x86_64-i386-64bit)"
      },
      "RequestBody": {
        "location": "westus2",
        "properties": {
          "addressSpace": {
            "addressPrefixes": [
              "10.0.0.0/16"
            ]
          }
        }
      },
      "StatusCode": 201,
      "ResponseHeaders": {
        "Azure-AsyncNotification": "Enabled",
        "Azure-AsyncOperation": "https://management.azure.com/subscriptions/00000000-0000-0000-0000-000000000000/providers/Microsoft.Network/locations/westus2/operations/c9db3a53-3adc-4acc-ad19-3a01cb2d8ad9?api-version=2022-01-01",
        "Cache-Control": "no-cache",
        "Content-Length": "750",
        "Content-Type": "application/json; charset=utf-8",
        "Date": "Mon, 19 Sep 2022 12:31:13 GMT",
        "Expires": "-1",
        "Pragma": "no-cache",
        "Retry-After": "3",
        "Server": [
          "Microsoft-HTTPAPI/2.0",
          "Microsoft-HTTPAPI/2.0"
        ],
        "Strict-Transport-Security": "max-age=31536000; includeSubDomains",
        "X-Content-Type-Options": "nosniff",
        "x-ms-arm-service-request-id": "13930084-1a5c-428f-b90c-e9d4de327c43",
        "x-ms-correlation-request-id": "7b1197fb-0193-4e66-a62a-fb3828d2a40d",
        "x-ms-ratelimit-remaining-subscription-writes": "1199",
        "x-ms-routing-request-id": "WESTEUROPE:20220919T123114Z:7b1197fb-0193-4e66-a62a-fb3828d2a40d"
      },
      "ResponseBody": {
        "name": "sdk-python-tests-vnet-westus2-c6cd2434",
        "id": "/subscriptions/00000000-0000-0000-0000-000000000000/resourceGroups/sdk-python-tests-rg-tmp/providers/Microsoft.Network/virtualNetworks/sdk-python-tests-vnet-westus2-c6cd2434",
        "etag": "W/\u0022b5bef198-b3a5-4c19-87fb-f70fa1178223\u0022",
        "type": "Microsoft.Network/virtualNetworks",
        "location": "westus2",
        "tags": {
          "CreatedOnDate": "2022-09-19T12:31:07.8269580Z"
        },
        "properties": {
          "provisioningState": "Updating",
          "resourceGuid": "eef8e155-5c8a-4540-84b4-44cffd0f88d6",
          "addressSpace": {
            "addressPrefixes": [
              "10.0.0.0/16"
            ]
          },
          "subnets": [],
          "virtualNetworkPeerings": [],
          "enableDdosProtection": false
        }
      }
    },
    {
      "RequestUri": "https://management.azure.com/subscriptions/00000000-0000-0000-0000-000000000000/providers/Microsoft.Network/locations/westus2/operations/c9db3a53-3adc-4acc-ad19-3a01cb2d8ad9?api-version=2022-01-01",
      "RequestMethod": "GET",
      "RequestHeaders": {
        "Accept": "*/*",
        "Accept-Encoding": "gzip, deflate",
        "Connection": "keep-alive",
        "User-Agent": "azsdk-python-azure-mgmt-network/21.0.1 Python/3.8.10 (macOS-12.5.1-x86_64-i386-64bit)"
      },
      "RequestBody": null,
      "StatusCode": 200,
      "ResponseHeaders": {
        "Cache-Control": "no-cache",
        "Content-Encoding": "gzip",
        "Content-Type": "application/json; charset=utf-8",
        "Date": "Mon, 19 Sep 2022 12:31:16 GMT",
        "Expires": "-1",
        "Pragma": "no-cache",
        "Server": [
          "Microsoft-HTTPAPI/2.0",
          "Microsoft-HTTPAPI/2.0"
        ],
        "Strict-Transport-Security": "max-age=31536000; includeSubDomains",
        "Transfer-Encoding": "chunked",
        "Vary": "Accept-Encoding",
        "X-Content-Type-Options": "nosniff",
        "x-ms-arm-service-request-id": "78d2d7d7-ee65-44dd-8cc2-2942fb2e629e",
        "x-ms-correlation-request-id": "6e81fa74-cff1-4bd7-8f60-eb826e6906f9",
        "x-ms-ratelimit-remaining-subscription-reads": "11999",
        "x-ms-routing-request-id": "WESTEUROPE:20220919T123117Z:6e81fa74-cff1-4bd7-8f60-eb826e6906f9"
      },
      "ResponseBody": {
        "status": "Succeeded"
      }
    },
    {
      "RequestUri": "https://management.azure.com/subscriptions/00000000-0000-0000-0000-000000000000/resourceGroups/sdk-python-tests-rg-tmp/providers/Microsoft.Network/virtualNetworks/sdk-python-tests-vnet-westus2-c6cd2434?api-version=2022-01-01",
      "RequestMethod": "GET",
      "RequestHeaders": {
        "Accept": "*/*",
        "Accept-Encoding": "gzip, deflate",
        "Connection": "keep-alive",
        "User-Agent": "azsdk-python-azure-mgmt-network/21.0.1 Python/3.8.10 (macOS-12.5.1-x86_64-i386-64bit)"
      },
      "RequestBody": null,
      "StatusCode": 200,
      "ResponseHeaders": {
        "Cache-Control": "no-cache",
        "Content-Encoding": "gzip",
        "Content-Type": "application/json; charset=utf-8",
        "Date": "Mon, 19 Sep 2022 12:31:16 GMT",
        "ETag": "W/\u0022bf21c712-758c-405f-b96e-c1a898e8e075\u0022",
        "Expires": "-1",
        "Pragma": "no-cache",
        "Server": [
          "Microsoft-HTTPAPI/2.0",
          "Microsoft-HTTPAPI/2.0"
        ],
        "Strict-Transport-Security": "max-age=31536000; includeSubDomains",
        "Transfer-Encoding": "chunked",
        "Vary": "Accept-Encoding",
        "X-Content-Type-Options": "nosniff",
        "x-ms-arm-service-request-id": "4b91c2dd-c6ac-4489-8a7b-b17203ef5f06",
        "x-ms-correlation-request-id": "c9ce0c66-95a0-4dc2-bbb1-d7cf64031ebf",
        "x-ms-ratelimit-remaining-subscription-reads": "11998",
        "x-ms-routing-request-id": "WESTEUROPE:20220919T123117Z:c9ce0c66-95a0-4dc2-bbb1-d7cf64031ebf"
      },
      "ResponseBody": {
        "name": "sdk-python-tests-vnet-westus2-c6cd2434",
        "id": "/subscriptions/00000000-0000-0000-0000-000000000000/resourceGroups/sdk-python-tests-rg-tmp/providers/Microsoft.Network/virtualNetworks/sdk-python-tests-vnet-westus2-c6cd2434",
        "etag": "W/\u0022bf21c712-758c-405f-b96e-c1a898e8e075\u0022",
        "type": "Microsoft.Network/virtualNetworks",
        "location": "westus2",
        "tags": {
          "CreatedOnDate": "2022-09-19T12:31:07.8269580Z"
        },
        "properties": {
          "provisioningState": "Succeeded",
          "resourceGuid": "eef8e155-5c8a-4540-84b4-44cffd0f88d6",
          "addressSpace": {
            "addressPrefixes": [
              "10.0.0.0/16"
            ]
          },
          "subnets": [],
          "virtualNetworkPeerings": [],
          "enableDdosProtection": false
        }
      }
    },
    {
      "RequestUri": "https://management.azure.com/subscriptions/00000000-0000-0000-0000-000000000000/resourceGroups/sdk-python-tests-rg-tmp/providers/Microsoft.Network/virtualNetworks/sdk-python-tests-vnet-westus2-c6cd2434/subnets/default?api-version=2022-01-01",
      "RequestMethod": "PUT",
      "RequestHeaders": {
        "Accept": "application/json",
        "Accept-Encoding": "gzip, deflate",
        "Connection": "keep-alive",
        "Content-Length": "151",
        "Content-Type": "application/json",
        "User-Agent": "azsdk-python-azure-mgmt-network/21.0.1 Python/3.8.10 (macOS-12.5.1-x86_64-i386-64bit)"
      },
      "RequestBody": {
        "properties": {
          "addressPrefix": "10.0.0.0/24",
          "delegations": [
            {
              "name": "netAppVolumes",
              "properties": {
                "serviceName": "Microsoft.Netapp/volumes"
              }
            }
          ]
        }
      },
      "StatusCode": 201,
      "ResponseHeaders": {
        "Azure-AsyncOperation": "https://management.azure.com/subscriptions/00000000-0000-0000-0000-000000000000/providers/Microsoft.Network/locations/westus2/operations/80b8c07c-284c-4cd9-8b89-bd61163ff8a7?api-version=2022-01-01",
        "Cache-Control": "no-cache",
        "Content-Length": "1326",
        "Content-Type": "application/json; charset=utf-8",
        "Date": "Mon, 19 Sep 2022 12:31:17 GMT",
        "Expires": "-1",
        "Pragma": "no-cache",
        "Retry-After": "3",
        "Server": [
          "Microsoft-HTTPAPI/2.0",
          "Microsoft-HTTPAPI/2.0"
        ],
        "Strict-Transport-Security": "max-age=31536000; includeSubDomains",
        "X-Content-Type-Options": "nosniff",
        "x-ms-arm-service-request-id": "11736a70-5928-4efa-9b4f-68653fe23e83",
        "x-ms-correlation-request-id": "6a2b7c19-f83b-4f37-8e37-61c33a703887",
        "x-ms-ratelimit-remaining-subscription-writes": "1198",
        "x-ms-routing-request-id": "WESTEUROPE:20220919T123118Z:6a2b7c19-f83b-4f37-8e37-61c33a703887"
      },
      "ResponseBody": {
        "name": "default",
        "id": "/subscriptions/00000000-0000-0000-0000-000000000000/resourceGroups/sdk-python-tests-rg-tmp/providers/Microsoft.Network/virtualNetworks/sdk-python-tests-vnet-westus2-c6cd2434/subnets/default",
        "etag": "W/\u0022b9958866-e5e1-4dcb-95cb-5db3ba921c43\u0022",
        "properties": {
          "provisioningState": "Updating",
          "addressPrefix": "10.0.0.0/24",
          "delegations": [
            {
              "name": "netAppVolumes",
              "id": "/subscriptions/00000000-0000-0000-0000-000000000000/resourceGroups/sdk-python-tests-rg-tmp/providers/Microsoft.Network/virtualNetworks/sdk-python-tests-vnet-westus2-c6cd2434/subnets/default/delegations/netAppVolumes",
              "etag": "W/\u0022b9958866-e5e1-4dcb-95cb-5db3ba921c43\u0022",
              "properties": {
                "provisioningState": "Succeeded",
                "serviceName": "Microsoft.Netapp/volumes",
                "actions": [
                  "Microsoft.Network/networkinterfaces/*",
                  "Microsoft.Network/virtualNetworks/subnets/join/action"
                ]
              },
              "type": "Microsoft.Network/virtualNetworks/subnets/delegations"
            }
          ],
          "purpose": "HostedWorkloads",
          "privateEndpointNetworkPolicies": "Disabled",
          "privateLinkServiceNetworkPolicies": "Enabled"
        },
        "type": "Microsoft.Network/virtualNetworks/subnets"
      }
    },
    {
      "RequestUri": "https://management.azure.com/subscriptions/00000000-0000-0000-0000-000000000000/providers/Microsoft.Network/locations/westus2/operations/80b8c07c-284c-4cd9-8b89-bd61163ff8a7?api-version=2022-01-01",
      "RequestMethod": "GET",
      "RequestHeaders": {
        "Accept": "*/*",
        "Accept-Encoding": "gzip, deflate",
        "Connection": "keep-alive",
        "User-Agent": "azsdk-python-azure-mgmt-network/21.0.1 Python/3.8.10 (macOS-12.5.1-x86_64-i386-64bit)"
      },
      "RequestBody": null,
      "StatusCode": 200,
      "ResponseHeaders": {
        "Cache-Control": "no-cache",
        "Content-Encoding": "gzip",
        "Content-Type": "application/json; charset=utf-8",
        "Date": "Mon, 19 Sep 2022 12:31:20 GMT",
        "Expires": "-1",
        "Pragma": "no-cache",
        "Server": [
          "Microsoft-HTTPAPI/2.0",
          "Microsoft-HTTPAPI/2.0"
        ],
        "Strict-Transport-Security": "max-age=31536000; includeSubDomains",
        "Transfer-Encoding": "chunked",
        "Vary": "Accept-Encoding",
        "X-Content-Type-Options": "nosniff",
        "x-ms-arm-service-request-id": "fbcd41cd-ba54-4bff-b3d4-005104326cf1",
        "x-ms-correlation-request-id": "c6232e55-9416-49be-a324-6ff69458467c",
        "x-ms-ratelimit-remaining-subscription-reads": "11997",
        "x-ms-routing-request-id": "WESTEUROPE:20220919T123121Z:c6232e55-9416-49be-a324-6ff69458467c"
      },
      "ResponseBody": {
        "status": "Succeeded"
      }
    },
    {
      "RequestUri": "https://management.azure.com/subscriptions/00000000-0000-0000-0000-000000000000/resourceGroups/sdk-python-tests-rg-tmp/providers/Microsoft.Network/virtualNetworks/sdk-python-tests-vnet-westus2-c6cd2434/subnets/default?api-version=2022-01-01",
      "RequestMethod": "GET",
      "RequestHeaders": {
        "Accept": "*/*",
        "Accept-Encoding": "gzip, deflate",
        "Connection": "keep-alive",
        "User-Agent": "azsdk-python-azure-mgmt-network/21.0.1 Python/3.8.10 (macOS-12.5.1-x86_64-i386-64bit)"
      },
      "RequestBody": null,
      "StatusCode": 200,
      "ResponseHeaders": {
        "Cache-Control": "no-cache",
        "Content-Encoding": "gzip",
        "Content-Type": "application/json; charset=utf-8",
        "Date": "Mon, 19 Sep 2022 12:31:21 GMT",
        "ETag": "W/\u0022977f3478-e268-4a10-9026-42d9ee51c395\u0022",
        "Expires": "-1",
        "Pragma": "no-cache",
        "Server": [
          "Microsoft-HTTPAPI/2.0",
          "Microsoft-HTTPAPI/2.0"
        ],
        "Strict-Transport-Security": "max-age=31536000; includeSubDomains",
        "Transfer-Encoding": "chunked",
        "Vary": "Accept-Encoding",
        "X-Content-Type-Options": "nosniff",
        "x-ms-arm-service-request-id": "767bd528-1f5c-40f4-878f-227cb7dd370d",
        "x-ms-correlation-request-id": "bd0608fb-bccb-40c0-866e-ed947a1d547e",
        "x-ms-ratelimit-remaining-subscription-reads": "11996",
        "x-ms-routing-request-id": "WESTEUROPE:20220919T123122Z:bd0608fb-bccb-40c0-866e-ed947a1d547e"
      },
      "ResponseBody": {
        "name": "default",
        "id": "/subscriptions/00000000-0000-0000-0000-000000000000/resourceGroups/sdk-python-tests-rg-tmp/providers/Microsoft.Network/virtualNetworks/sdk-python-tests-vnet-westus2-c6cd2434/subnets/default",
        "etag": "W/\u0022977f3478-e268-4a10-9026-42d9ee51c395\u0022",
        "properties": {
          "provisioningState": "Succeeded",
          "addressPrefix": "10.0.0.0/24",
          "delegations": [
            {
              "name": "netAppVolumes",
              "id": "/subscriptions/00000000-0000-0000-0000-000000000000/resourceGroups/sdk-python-tests-rg-tmp/providers/Microsoft.Network/virtualNetworks/sdk-python-tests-vnet-westus2-c6cd2434/subnets/default/delegations/netAppVolumes",
              "etag": "W/\u0022977f3478-e268-4a10-9026-42d9ee51c395\u0022",
              "properties": {
                "provisioningState": "Succeeded",
                "serviceName": "Microsoft.Netapp/volumes",
                "actions": [
                  "Microsoft.Network/networkinterfaces/*",
                  "Microsoft.Network/virtualNetworks/subnets/join/action"
                ]
              },
              "type": "Microsoft.Network/virtualNetworks/subnets/delegations"
            }
          ],
          "purpose": "HostedWorkloads",
          "privateEndpointNetworkPolicies": "Disabled",
          "privateLinkServiceNetworkPolicies": "Enabled"
        },
        "type": "Microsoft.Network/virtualNetworks/subnets"
      }
    },
    {
      "RequestUri": "https://login.microsoftonline.com/00000000-0000-0000-0000-000000000000/v2.0/.well-known/openid-configuration",
      "RequestMethod": "GET",
      "RequestHeaders": {
        "Accept": "*/*",
        "Accept-Encoding": "gzip, deflate",
        "Connection": "keep-alive",
        "User-Agent": "azsdk-python-identity/1.11.0b4 Python/3.8.10 (macOS-12.5.1-x86_64-i386-64bit)"
      },
      "RequestBody": null,
      "StatusCode": 200,
      "ResponseHeaders": {
        "Access-Control-Allow-Methods": "GET, OPTIONS",
        "Access-Control-Allow-Origin": "*",
        "Cache-Control": "max-age=86400, private",
        "Content-Length": "1753",
        "Content-Type": "application/json; charset=utf-8",
        "Date": "Mon, 19 Sep 2022 12:31:21 GMT",
        "P3P": "CP=\u0022DSP CUR OTPi IND OTRi ONL FIN\u0022",
        "Set-Cookie": "[set-cookie;]",
        "Strict-Transport-Security": "max-age=31536000; includeSubDomains",
        "X-Content-Type-Options": "nosniff",
        "x-ms-ests-server": "2.1.13672.7 - NEULR2 ProdSlices",
        "X-XSS-Protection": "0"
      },
      "ResponseBody": {
        "token_endpoint": "https://login.microsoftonline.com/00000000-0000-0000-0000-000000000000/oauth2/v2.0/token",
        "token_endpoint_auth_methods_supported": [
          "client_secret_post",
          "private_key_jwt",
          "client_secret_basic"
        ],
        "jwks_uri": "https://login.microsoftonline.com/00000000-0000-0000-0000-000000000000/discovery/v2.0/keys",
        "response_modes_supported": [
          "query",
          "fragment",
          "form_post"
        ],
        "subject_types_supported": [
          "pairwise"
        ],
        "id_token_signing_alg_values_supported": [
          "RS256"
        ],
        "response_types_supported": [
          "code",
          "id_token",
          "code id_token",
          "id_token token"
        ],
        "scopes_supported": [
          "openid",
          "profile",
          "email",
          "offline_access"
        ],
        "issuer": "https://login.microsoftonline.com/00000000-0000-0000-0000-000000000000/v2.0",
        "request_uri_parameter_supported": false,
        "userinfo_endpoint": "https://graph.microsoft.com/oidc/userinfo",
        "authorization_endpoint": "https://login.microsoftonline.com/00000000-0000-0000-0000-000000000000/oauth2/v2.0/authorize",
        "device_authorization_endpoint": "https://login.microsoftonline.com/00000000-0000-0000-0000-000000000000/oauth2/v2.0/devicecode",
        "http_logout_supported": true,
        "frontchannel_logout_supported": true,
        "end_session_endpoint": "https://login.microsoftonline.com/00000000-0000-0000-0000-000000000000/oauth2/v2.0/logout",
        "claims_supported": [
          "sub",
          "iss",
          "cloud_instance_name",
          "cloud_instance_host_name",
          "cloud_graph_host_name",
          "msgraph_host",
          "aud",
          "exp",
          "iat",
          "auth_time",
          "acr",
          "nonce",
          "preferred_username",
          "name",
          "tid",
          "ver",
          "at_hash",
          "c_hash",
          "email"
        ],
        "kerberos_endpoint": "https://login.microsoftonline.com/00000000-0000-0000-0000-000000000000/kerberos",
        "tenant_region_scope": "WW",
        "cloud_instance_name": "microsoftonline.com",
        "cloud_graph_host_name": "graph.windows.net",
        "msgraph_host": "graph.microsoft.com",
        "rbac_url": "https://pas.windows.net"
      }
    },
    {
      "RequestUri": "https://login.microsoftonline.com/common/discovery/instance?api-version=1.1\u0026authorization_endpoint=https://login.microsoftonline.com/common/oauth2/authorize",
      "RequestMethod": "GET",
      "RequestHeaders": {
        "Accept": "application/json",
        "Accept-Encoding": "gzip, deflate",
        "Connection": "keep-alive",
        "Cookie": "cookie;",
        "User-Agent": "azsdk-python-identity/1.11.0b4 Python/3.8.10 (macOS-12.5.1-x86_64-i386-64bit)"
      },
      "RequestBody": null,
      "StatusCode": 200,
      "ResponseHeaders": {
        "Access-Control-Allow-Methods": "GET, OPTIONS",
        "Access-Control-Allow-Origin": "*",
        "Cache-Control": "max-age=86400, private",
        "Content-Length": "945",
        "Content-Type": "application/json; charset=utf-8",
        "Date": "Mon, 19 Sep 2022 12:31:21 GMT",
        "P3P": "CP=\u0022DSP CUR OTPi IND OTRi ONL FIN\u0022",
        "Set-Cookie": "[set-cookie;]",
        "Strict-Transport-Security": "max-age=31536000; includeSubDomains",
        "X-Content-Type-Options": "nosniff",
        "x-ms-ests-server": "2.1.13622.7 - WEULR1 ProdSlices",
        "X-XSS-Protection": "0"
      },
      "ResponseBody": {
        "tenant_discovery_endpoint": "https://login.microsoftonline.com/common/.well-known/openid-configuration",
        "api-version": "1.1",
        "metadata": [
          {
            "preferred_network": "login.microsoftonline.com",
            "preferred_cache": "login.windows.net",
            "aliases": [
              "login.microsoftonline.com",
              "login.windows.net",
              "login.microsoft.com",
              "sts.windows.net"
            ]
          },
          {
            "preferred_network": "login.partner.microsoftonline.cn",
            "preferred_cache": "login.partner.microsoftonline.cn",
            "aliases": [
              "login.partner.microsoftonline.cn",
              "login.chinacloudapi.cn"
            ]
          },
          {
            "preferred_network": "login.microsoftonline.de",
            "preferred_cache": "login.microsoftonline.de",
            "aliases": [
              "login.microsoftonline.de"
            ]
          },
          {
            "preferred_network": "login.microsoftonline.us",
            "preferred_cache": "login.microsoftonline.us",
            "aliases": [
              "login.microsoftonline.us",
              "login.usgovcloudapi.net"
            ]
          },
          {
            "preferred_network": "login-us.microsoftonline.com",
            "preferred_cache": "login-us.microsoftonline.com",
            "aliases": [
              "login-us.microsoftonline.com"
            ]
          }
        ]
      }
    },
    {
      "RequestUri": "https://login.microsoftonline.com/00000000-0000-0000-0000-000000000000/oauth2/v2.0/token",
      "RequestMethod": "POST",
      "RequestHeaders": {
        "Accept": "application/json",
        "Accept-Encoding": "gzip, deflate",
        "client-request-id": "49d8e66a-ad6a-4450-af8e-b81b5a260f52",
        "Connection": "keep-alive",
        "Content-Length": "281",
        "Content-Type": "application/x-www-form-urlencoded",
        "Cookie": "cookie;",
        "User-Agent": "azsdk-python-identity/1.11.0b4 Python/3.8.10 (macOS-12.5.1-x86_64-i386-64bit)",
        "x-client-cpu": "x64",
        "x-client-current-telemetry": "4|730,0|",
        "x-client-last-telemetry": "4|0|||",
        "x-client-os": "darwin",
        "x-client-sku": "MSAL.Python",
        "x-client-ver": "1.18.0",
        "x-ms-lib-capability": "retry-after, h429"
      },
      "RequestBody": "client_id=00000000-0000-0000-0000-000000000000\u0026grant_type=client_credentials\u0026client_info=1\u0026client_secret=00000000-0000-0000-0000-000000000000\u0026claims=%7B%22access_token%22%3A\u002B%7B%22xms_cc%22%3A\u002B%7B%22values%22%3A\u002B%5B%22CP1%22%5D%7D%7D%7D\u0026scope=https%3A%2F%2Fmanagement.azure.com%2F.default",
      "StatusCode": 200,
      "ResponseHeaders": {
        "Cache-Control": "no-store, no-cache",
        "client-request-id": "49d8e66a-ad6a-4450-af8e-b81b5a260f52",
        "Content-Length": "114",
        "Content-Type": "application/json; charset=utf-8",
        "Date": "Mon, 19 Sep 2022 12:31:22 GMT",
        "Expires": "-1",
        "P3P": "CP=\u0022DSP CUR OTPi IND OTRi ONL FIN\u0022",
        "Pragma": "no-cache",
        "Set-Cookie": "[set-cookie;]",
        "Strict-Transport-Security": "max-age=31536000; includeSubDomains",
        "X-Content-Type-Options": "nosniff",
        "x-ms-clitelem": "1,0,0,,",
        "x-ms-ests-server": "2.1.13672.7 - WEULR2 ProdSlices",
        "X-XSS-Protection": "0"
      },
      "ResponseBody": {
        "token_type": "Bearer",
        "expires_in": 86399,
        "ext_expires_in": 86399,
        "refresh_in": 43199,
        "access_token": "access_token"
      }
    },
    {
      "RequestUri": "https://management.azure.com/subscriptions/00000000-0000-0000-0000-000000000000/resourceGroups/sdk-python-tests-rg-tmp/providers/Microsoft.NetApp/netAppAccounts/sdk-py-tests-acc-1-c6cd2434?api-version=2022-05-01",
      "RequestMethod": "PUT",
      "RequestHeaders": {
        "Accept": "application/json",
        "Accept-Encoding": "gzip, deflate",
        "Connection": "keep-alive",
        "Content-Length": "23",
        "Content-Type": "application/json",
        "User-Agent": "azsdk-python-mgmt-netapp/9.0.0 Python/3.8.10 (macOS-12.5.1-x86_64-i386-64bit)"
      },
      "RequestBody": {
        "location": "westus2"
      },
      "StatusCode": 201,
      "ResponseHeaders": {
        "Azure-AsyncOperation": "https://management.azure.com/subscriptions/00000000-0000-0000-0000-000000000000/providers/Microsoft.NetApp/locations/westus2/operationResults/80102a00-5cf5-4d14-9933-79adeb98075f?api-version=2022-05-01",
        "Cache-Control": "no-cache",
        "Content-Length": "706",
        "Content-Type": "application/json; charset=utf-8",
        "Date": "Mon, 19 Sep 2022 12:31:26 GMT",
        "ETag": "W/\u0022datetime\u00272022-09-19T12%3A31%3A25.5868257Z\u0027\u0022",
        "Expires": "-1",
        "Pragma": "no-cache",
        "Server": "Microsoft-IIS/10.0",
        "Strict-Transport-Security": "max-age=31536000; includeSubDomains",
        "X-Content-Type-Options": "nosniff",
        "x-ms-correlation-request-id": "20b94f0e-f96a-4bc7-b206-978a9f591b23",
        "x-ms-ratelimit-remaining-subscription-writes": "1197",
        "x-ms-routing-request-id": "WESTEUROPE:20220919T123127Z:20b94f0e-f96a-4bc7-b206-978a9f591b23",
        "X-Powered-By": "ASP.NET"
      },
      "ResponseBody": {
        "id": "/subscriptions/00000000-0000-0000-0000-000000000000/resourceGroups/sdk-python-tests-rg-tmp/providers/Microsoft.NetApp/netAppAccounts/sdk-py-tests-acc-1-c6cd2434",
        "name": "sdk-py-tests-acc-1-c6cd2434",
        "type": "Microsoft.NetApp/netAppAccounts",
        "etag": "W/\u0022datetime\u00272022-09-19T12%3A31%3A25.5868257Z\u0027\u0022",
        "location": "westus2",
        "tags": {
          "CreatedOnDate": "2022-09-19T12:31:23.5794679Z"
        },
        "properties": {
          "provisioningState": "Creating"
        },
        "systemData": {
          "createdBy": "00000000-0000-0000-0000-000000000000",
          "createdByType": "Application",
          "createdAt": "2022-09-19T12:31:24.5435634Z",
          "lastModifiedBy": "00000000-0000-0000-0000-000000000000",
          "lastModifiedByType": "Application",
          "lastModifiedAt": "2022-09-19T12:31:24.5435634Z"
        }
      }
    },
    {
      "RequestUri": "https://management.azure.com/subscriptions/00000000-0000-0000-0000-000000000000/providers/Microsoft.NetApp/locations/westus2/operationResults/80102a00-5cf5-4d14-9933-79adeb98075f?api-version=2022-05-01",
      "RequestMethod": "GET",
      "RequestHeaders": {
        "Accept": "*/*",
        "Accept-Encoding": "gzip, deflate",
        "Connection": "keep-alive",
        "User-Agent": "azsdk-python-mgmt-netapp/9.0.0 Python/3.8.10 (macOS-12.5.1-x86_64-i386-64bit)"
      },
      "RequestBody": null,
      "StatusCode": 200,
      "ResponseHeaders": {
        "Cache-Control": "no-cache",
        "Content-Encoding": "gzip",
        "Content-Type": "application/json; charset=utf-8",
        "Date": "Mon, 19 Sep 2022 12:31:57 GMT",
        "Expires": "-1",
        "Pragma": "no-cache",
        "Server": "Microsoft-IIS/10.0",
        "Strict-Transport-Security": "max-age=31536000; includeSubDomains",
        "Transfer-Encoding": "chunked",
        "Vary": "Accept-Encoding",
        "X-Content-Type-Options": "nosniff",
        "x-ms-correlation-request-id": "404eed5b-5b6e-4e80-9b76-e7266b9da387",
        "x-ms-ratelimit-remaining-subscription-reads": "11995",
        "x-ms-routing-request-id": "WESTEUROPE:20220919T123157Z:404eed5b-5b6e-4e80-9b76-e7266b9da387",
        "X-Powered-By": "ASP.NET"
      },
      "ResponseBody": {
        "id": "/subscriptions/00000000-0000-0000-0000-000000000000/providers/Microsoft.NetApp/locations/westus2/operationResults/80102a00-5cf5-4d14-9933-79adeb98075f",
        "name": "80102a00-5cf5-4d14-9933-79adeb98075f",
        "status": "Succeeded",
        "startTime": "2022-09-19T12:31:25.5818685Z",
        "endTime": "2022-09-19T12:31:25.6444678Z",
        "percentComplete": 100.0,
        "properties": {
          "resourceName": "/subscriptions/00000000-0000-0000-0000-000000000000/resourceGroups/sdk-python-tests-rg-tmp/providers/Microsoft.NetApp/netAppAccounts/sdk-py-tests-acc-1-c6cd2434"
        }
      }
    },
    {
      "RequestUri": "https://management.azure.com/subscriptions/00000000-0000-0000-0000-000000000000/resourceGroups/sdk-python-tests-rg-tmp/providers/Microsoft.NetApp/netAppAccounts/sdk-py-tests-acc-1-c6cd2434?api-version=2022-05-01",
      "RequestMethod": "GET",
      "RequestHeaders": {
        "Accept": "*/*",
        "Accept-Encoding": "gzip, deflate",
        "Connection": "keep-alive",
        "User-Agent": "azsdk-python-mgmt-netapp/9.0.0 Python/3.8.10 (macOS-12.5.1-x86_64-i386-64bit)"
      },
      "RequestBody": null,
      "StatusCode": 200,
      "ResponseHeaders": {
        "Cache-Control": "no-cache",
        "Content-Encoding": "gzip",
        "Content-Type": "application/json; charset=utf-8",
        "Date": "Mon, 19 Sep 2022 12:31:57 GMT",
        "ETag": "W/\u0022datetime\u00272022-09-19T12%3A31%3A25.6506813Z\u0027\u0022",
        "Expires": "-1",
        "Pragma": "no-cache",
        "Server": "Microsoft-IIS/10.0",
        "Strict-Transport-Security": "max-age=31536000; includeSubDomains",
        "Transfer-Encoding": "chunked",
        "Vary": "Accept-Encoding",
        "X-Content-Type-Options": "nosniff",
        "x-ms-correlation-request-id": "f1d33bae-eb01-4597-aae0-5d84d8b57902",
        "x-ms-ratelimit-remaining-subscription-reads": "11994",
        "x-ms-routing-request-id": "WESTEUROPE:20220919T123157Z:f1d33bae-eb01-4597-aae0-5d84d8b57902",
        "X-Powered-By": "ASP.NET"
      },
      "ResponseBody": {
        "id": "/subscriptions/00000000-0000-0000-0000-000000000000/resourceGroups/sdk-python-tests-rg-tmp/providers/Microsoft.NetApp/netAppAccounts/sdk-py-tests-acc-1-c6cd2434",
        "name": "sdk-py-tests-acc-1-c6cd2434",
        "type": "Microsoft.NetApp/netAppAccounts",
        "etag": "W/\u0022datetime\u00272022-09-19T12%3A31%3A25.6506813Z\u0027\u0022",
        "location": "westus2",
        "tags": {
          "CreatedOnDate": "2022-09-19T12:31:23.5794679Z"
        },
        "properties": {
          "activeDirectories": [
            {
              "activeDirectoryId": "503d38f9-f17c-f92d-ef26-b0d46374534b",
              "username": "sdkuser",
              "password": "****************",
              "domain": "sdkdomain",
              "dns": "192.0.2.2",
              "status": "Created",
              "smbServerName": "SDKSMBSeNa",
              "organizationalUnit": "CN=Computers",
              "aesEncryption": false,
              "ldapSigning": false,
              "ldapOverTLS": false,
              "allowLocalNfsUsersWithLdap": false,
              "encryptDCConnections": false,
              "ldapSearchScope": {}
            }
          ],
          "encryption": {
            "keySource": "Microsoft.NetApp"
          },
          "provisioningState": "Succeeded"
        },
        "systemData": {
          "createdBy": "00000000-0000-0000-0000-000000000000",
          "createdByType": "Application",
          "createdAt": "2022-09-19T12:31:24.5435634Z",
          "lastModifiedBy": "00000000-0000-0000-0000-000000000000",
          "lastModifiedByType": "Application",
          "lastModifiedAt": "2022-09-19T12:31:24.5435634Z"
        }
      }
    },
    {
      "RequestUri": "https://management.azure.com/subscriptions/00000000-0000-0000-0000-000000000000/resourceGroups/sdk-python-tests-rg-tmp/providers/Microsoft.NetApp/netAppAccounts/sdk-py-tests-acc-1-c6cd2434/capacityPools/sdk-py-tests-pool-1?api-version=2022-05-01",
      "RequestMethod": "PUT",
      "RequestHeaders": {
        "Accept": "application/json",
        "Accept-Encoding": "gzip, deflate",
        "Connection": "keep-alive",
        "Content-Length": "138",
        "Content-Type": "application/json",
        "User-Agent": "azsdk-python-mgmt-netapp/9.0.0 Python/3.8.10 (macOS-12.5.1-x86_64-i386-64bit)"
      },
      "RequestBody": {
        "location": "westus2",
        "properties": {
          "size": 4398046511104,
          "serviceLevel": "Premium",
          "coolAccess": false,
          "encryptionType": "Single"
        }
      },
      "StatusCode": 201,
      "ResponseHeaders": {
        "Azure-AsyncOperation": "https://management.azure.com/subscriptions/00000000-0000-0000-0000-000000000000/providers/Microsoft.NetApp/locations/westus2/operationResults/8b6c6cd9-b61c-47de-ba41-b572e1be5734?api-version=2022-05-01",
        "Cache-Control": "no-cache",
        "Content-Length": "922",
        "Content-Type": "application/json; charset=utf-8",
        "Date": "Mon, 19 Sep 2022 12:32:00 GMT",
        "ETag": "W/\u0022datetime\u00272022-09-19T12%3A31%3A59.6153169Z\u0027\u0022",
        "Expires": "-1",
        "Pragma": "no-cache",
        "Server": "Microsoft-IIS/10.0",
        "Strict-Transport-Security": "max-age=31536000; includeSubDomains",
        "X-Content-Type-Options": "nosniff",
        "x-ms-correlation-request-id": "af2efab5-f4c9-4ace-8bec-e5feb9021511",
        "x-ms-ratelimit-remaining-subscription-writes": "1196",
        "x-ms-routing-request-id": "WESTEUROPE:20220919T123200Z:af2efab5-f4c9-4ace-8bec-e5feb9021511",
        "X-Powered-By": "ASP.NET"
      },
      "ResponseBody": {
        "id": "/subscriptions/00000000-0000-0000-0000-000000000000/resourceGroups/sdk-python-tests-rg-tmp/providers/Microsoft.NetApp/netAppAccounts/sdk-py-tests-acc-1-c6cd2434/capacityPools/sdk-py-tests-pool-1",
        "name": "sdk-py-tests-acc-1-c6cd2434/sdk-py-tests-pool-1",
        "type": "Microsoft.NetApp/netAppAccounts/capacityPools",
        "etag": "W/\u0022datetime\u00272022-09-19T12%3A31%3A59.6153169Z\u0027\u0022",
        "location": "westus2",
        "tags": {
          "CreatedOnDate": "2022-09-19T12:31:58.1067737Z"
        },
        "properties": {
          "serviceLevel": "Premium",
          "size": 4398046511104,
          "totalThroughputMibps": 0.0,
          "utilizedThroughputMibps": 0.0,
          "encryptionType": "Single",
          "coolAccess": false,
          "provisioningState": "Creating"
        },
        "systemData": {
          "createdBy": "00000000-0000-0000-0000-000000000000",
          "createdByType": "Application",
          "createdAt": "2022-09-19T12:31:59.4158539Z",
          "lastModifiedBy": "00000000-0000-0000-0000-000000000000",
          "lastModifiedByType": "Application",
          "lastModifiedAt": "2022-09-19T12:31:59.4158539Z"
        }
      }
    },
    {
      "RequestUri": "https://management.azure.com/subscriptions/00000000-0000-0000-0000-000000000000/providers/Microsoft.NetApp/locations/westus2/operationResults/8b6c6cd9-b61c-47de-ba41-b572e1be5734?api-version=2022-05-01",
      "RequestMethod": "GET",
      "RequestHeaders": {
        "Accept": "*/*",
        "Accept-Encoding": "gzip, deflate",
        "Connection": "keep-alive",
        "User-Agent": "azsdk-python-mgmt-netapp/9.0.0 Python/3.8.10 (macOS-12.5.1-x86_64-i386-64bit)"
      },
      "RequestBody": null,
      "StatusCode": 200,
      "ResponseHeaders": {
        "Cache-Control": "no-cache",
        "Content-Encoding": "gzip",
        "Content-Type": "application/json; charset=utf-8",
        "Date": "Mon, 19 Sep 2022 12:32:30 GMT",
        "Expires": "-1",
        "Pragma": "no-cache",
        "Server": "Microsoft-IIS/10.0",
        "Strict-Transport-Security": "max-age=31536000; includeSubDomains",
        "Transfer-Encoding": "chunked",
        "Vary": "Accept-Encoding",
        "X-Content-Type-Options": "nosniff",
        "x-ms-correlation-request-id": "c8f08773-c0cc-4dce-9931-b55e6a35ac50",
        "x-ms-ratelimit-remaining-subscription-reads": "11993",
        "x-ms-routing-request-id": "WESTEUROPE:20220919T123230Z:c8f08773-c0cc-4dce-9931-b55e6a35ac50",
        "X-Powered-By": "ASP.NET"
      },
      "ResponseBody": {
        "id": "/subscriptions/00000000-0000-0000-0000-000000000000/providers/Microsoft.NetApp/locations/westus2/operationResults/8b6c6cd9-b61c-47de-ba41-b572e1be5734",
        "name": "8b6c6cd9-b61c-47de-ba41-b572e1be5734",
        "status": "Succeeded",
        "startTime": "2022-09-19T12:31:59.6108275Z",
        "endTime": "2022-09-19T12:32:00.6734219Z",
        "percentComplete": 100.0,
        "properties": {
          "resourceName": "/subscriptions/00000000-0000-0000-0000-000000000000/resourceGroups/sdk-python-tests-rg-tmp/providers/Microsoft.NetApp/netAppAccounts/sdk-py-tests-acc-1-c6cd2434/capacityPools/sdk-py-tests-pool-1"
        }
      }
    },
    {
      "RequestUri": "https://management.azure.com/subscriptions/00000000-0000-0000-0000-000000000000/resourceGroups/sdk-python-tests-rg-tmp/providers/Microsoft.NetApp/netAppAccounts/sdk-py-tests-acc-1-c6cd2434/capacityPools/sdk-py-tests-pool-1?api-version=2022-05-01",
      "RequestMethod": "GET",
      "RequestHeaders": {
        "Accept": "*/*",
        "Accept-Encoding": "gzip, deflate",
        "Connection": "keep-alive",
        "User-Agent": "azsdk-python-mgmt-netapp/9.0.0 Python/3.8.10 (macOS-12.5.1-x86_64-i386-64bit)"
      },
      "RequestBody": null,
      "StatusCode": 200,
      "ResponseHeaders": {
        "Cache-Control": "no-cache",
        "Content-Encoding": "gzip",
        "Content-Type": "application/json; charset=utf-8",
        "Date": "Mon, 19 Sep 2022 12:32:30 GMT",
        "ETag": "W/\u0022datetime\u00272022-09-19T12%3A32%3A00.6696795Z\u0027\u0022",
        "Expires": "-1",
        "Pragma": "no-cache",
        "Server": "Microsoft-IIS/10.0",
        "Strict-Transport-Security": "max-age=31536000; includeSubDomains",
        "Transfer-Encoding": "chunked",
        "Vary": "Accept-Encoding",
        "X-Content-Type-Options": "nosniff",
        "x-ms-correlation-request-id": "04271bd1-6f55-4087-b43a-324523af2a97",
        "x-ms-ratelimit-remaining-subscription-reads": "11992",
        "x-ms-routing-request-id": "WESTEUROPE:20220919T123231Z:04271bd1-6f55-4087-b43a-324523af2a97",
        "X-Powered-By": "ASP.NET"
      },
      "ResponseBody": {
        "id": "/subscriptions/00000000-0000-0000-0000-000000000000/resourceGroups/sdk-python-tests-rg-tmp/providers/Microsoft.NetApp/netAppAccounts/sdk-py-tests-acc-1-c6cd2434/capacityPools/sdk-py-tests-pool-1",
        "name": "sdk-py-tests-acc-1-c6cd2434/sdk-py-tests-pool-1",
        "type": "Microsoft.NetApp/netAppAccounts/capacityPools",
        "etag": "W/\u0022datetime\u00272022-09-19T12%3A32%3A00.6696795Z\u0027\u0022",
        "location": "westus2",
        "tags": {
          "CreatedOnDate": "2022-09-19T12:31:58.1067737Z"
        },
        "properties": {
          "poolId": "a62d3230-cf6d-758d-943f-c921d4e54591",
          "serviceLevel": "Premium",
          "size": 4398046511104,
          "qosType": "Auto",
          "totalThroughputMibps": 256.0,
          "utilizedThroughputMibps": 0.0,
          "encryptionType": "Single",
          "coolAccess": false,
          "provisioningState": "Succeeded"
        },
        "systemData": {
          "createdBy": "00000000-0000-0000-0000-000000000000",
          "createdByType": "Application",
          "createdAt": "2022-09-19T12:31:59.4158539Z",
          "lastModifiedBy": "00000000-0000-0000-0000-000000000000",
          "lastModifiedByType": "Application",
          "lastModifiedAt": "2022-09-19T12:31:59.4158539Z"
        }
      }
    },
    {
      "RequestUri": "https://management.azure.com/subscriptions/00000000-0000-0000-0000-000000000000/resourceGroups/sdk-python-tests-rg-tmp/providers/Microsoft.NetApp/netAppAccounts/sdk-py-tests-acc-1-c6cd2434/capacityPools/sdk-py-tests-pool-1/volumes/sdk-py-tests-vol-3-c6cd2434?api-version=2022-05-01",
      "RequestMethod": "PUT",
      "RequestHeaders": {
        "Accept": "application/json",
        "Accept-Encoding": "gzip, deflate",
        "Connection": "keep-alive",
        "Content-Length": "783",
        "Content-Type": "application/json",
        "User-Agent": "azsdk-python-mgmt-netapp/9.0.0 Python/3.8.10 (macOS-12.5.1-x86_64-i386-64bit)"
      },
      "RequestBody": {
        "location": "westus2",
        "properties": {
          "creationToken": "sdk-py-tests-vol-3-c6cd2434",
          "serviceLevel": "Premium",
          "usageThreshold": 107374182400,
          "protocolTypes": [
            "NFSv3"
          ],
          "subnetId": "/subscriptions/00000000-0000-0000-0000-000000000000/resourceGroups/sdk-python-tests-rg-tmp/providers/Microsoft.Network/virtualNetworks/sdk-python-tests-vnet-westus2-c6cd2434/subnets/default",
          "networkFeatures": "Basic",
          "snapshotDirectoryVisible": true,
          "kerberosEnabled": false,
          "securityStyle": "unix",
          "smbEncryption": false,
          "smbContinuouslyAvailable": false,
          "encryptionKeySource": "Microsoft.NetApp",
          "ldapEnabled": false,
          "coolAccess": false,
          "unixPermissions": "0770",
          "avsDataStore": "Disabled",
          "isDefaultQuotaEnabled": false,
          "defaultUserQuotaInKiBs": 0,
          "defaultGroupQuotaInKiBs": 0
        }
      },
      "StatusCode": 201,
      "ResponseHeaders": {
        "Azure-AsyncOperation": "https://management.azure.com/subscriptions/00000000-0000-0000-0000-000000000000/providers/Microsoft.NetApp/locations/westus2/operationResults/85381f9d-b53b-4b0b-a30e-b5658c5031cf?api-version=2022-05-01",
        "Cache-Control": "no-cache",
        "Content-Length": "1585",
        "Content-Type": "application/json; charset=utf-8",
        "Date": "Mon, 19 Sep 2022 12:32:44 GMT",
        "ETag": "W/\u0022datetime\u00272022-09-19T12%3A32%3A43.4601834Z\u0027\u0022",
        "Expires": "-1",
        "Pragma": "no-cache",
        "Server": "Microsoft-IIS/10.0",
        "Strict-Transport-Security": "max-age=31536000; includeSubDomains",
        "X-Content-Type-Options": "nosniff",
        "x-ms-correlation-request-id": "af43ddc4-364b-4511-82fd-ac233e3d2e2b",
        "x-ms-ratelimit-remaining-subscription-writes": "1195",
        "x-ms-routing-request-id": "WESTEUROPE:20220919T123244Z:af43ddc4-364b-4511-82fd-ac233e3d2e2b",
        "X-Powered-By": "ASP.NET"
      },
      "ResponseBody": {
        "id": "/subscriptions/00000000-0000-0000-0000-000000000000/resourceGroups/sdk-python-tests-rg-tmp/providers/Microsoft.NetApp/netAppAccounts/sdk-py-tests-acc-1-c6cd2434/capacityPools/sdk-py-tests-pool-1/volumes/sdk-py-tests-vol-3-c6cd2434",
        "name": "sdk-py-tests-acc-1-c6cd2434/sdk-py-tests-pool-1/sdk-py-tests-vol-3-c6cd2434",
        "type": "Microsoft.NetApp/netAppAccounts/capacityPools/volumes",
        "etag": "W/\u0022datetime\u00272022-09-19T12%3A32%3A43.4601834Z\u0027\u0022",
        "location": "westus2",
        "tags": {
          "CreatedOnDate": "2022-09-19T12:32:41.4640845Z"
        },
        "properties": {
          "serviceLevel": "Premium",
          "creationToken": "sdk-py-tests-vol-3-c6cd2434",
          "usageThreshold": 107374182400,
          "protocolTypes": [
            "NFSv3"
          ],
          "subnetId": "/subscriptions/00000000-0000-0000-0000-000000000000/resourceGroups/sdk-python-tests-rg-tmp/providers/Microsoft.Network/virtualNetworks/sdk-python-tests-vnet-westus2-c6cd2434/subnets/default",
          "networkFeatures": "Basic",
          "snapshotDirectoryVisible": true,
          "kerberosEnabled": false,
          "securityStyle": "unix",
          "smbEncryption": false,
          "smbContinuouslyAvailable": false,
          "encryptionKeySource": "Microsoft.NetApp",
          "ldapEnabled": false,
          "unixPermissions": "0770",
          "coolAccess": false,
          "avsDataStore": "Disabled",
          "isDefaultQuotaEnabled": false,
          "defaultUserQuotaInKiBs": 0,
          "defaultGroupQuotaInKiBs": 0,
          "maximumNumberOfFiles": 100000000,
          "provisioningState": "Creating"
        },
        "systemData": {
          "createdBy": "00000000-0000-0000-0000-000000000000",
          "createdByType": "Application",
          "createdAt": "2022-09-19T12:32:42.5722524Z",
          "lastModifiedBy": "00000000-0000-0000-0000-000000000000",
          "lastModifiedByType": "Application",
          "lastModifiedAt": "2022-09-19T12:32:42.5722524Z"
        }
      }
    },
    {
      "RequestUri": "https://management.azure.com/subscriptions/00000000-0000-0000-0000-000000000000/providers/Microsoft.NetApp/locations/westus2/operationResults/85381f9d-b53b-4b0b-a30e-b5658c5031cf?api-version=2022-05-01",
      "RequestMethod": "GET",
      "RequestHeaders": {
        "Accept": "*/*",
        "Accept-Encoding": "gzip, deflate",
        "Connection": "keep-alive",
        "User-Agent": "azsdk-python-mgmt-netapp/9.0.0 Python/3.8.10 (macOS-12.5.1-x86_64-i386-64bit)"
      },
      "RequestBody": null,
      "StatusCode": 200,
      "ResponseHeaders": {
        "Cache-Control": "no-cache",
        "Content-Encoding": "gzip",
        "Content-Type": "application/json; charset=utf-8",
        "Date": "Mon, 19 Sep 2022 12:33:14 GMT",
        "Expires": "-1",
        "Pragma": "no-cache",
        "Server": "Microsoft-IIS/10.0",
        "Strict-Transport-Security": "max-age=31536000; includeSubDomains",
        "Transfer-Encoding": "chunked",
        "Vary": "Accept-Encoding",
        "X-Content-Type-Options": "nosniff",
        "x-ms-correlation-request-id": "38f880e4-9e48-4342-b4cb-73b70e0292f0",
        "x-ms-ratelimit-remaining-subscription-reads": "11991",
        "x-ms-routing-request-id": "WESTEUROPE:20220919T123314Z:38f880e4-9e48-4342-b4cb-73b70e0292f0",
        "X-Powered-By": "ASP.NET"
      },
      "ResponseBody": {
        "id": "/subscriptions/00000000-0000-0000-0000-000000000000/providers/Microsoft.NetApp/locations/westus2/operationResults/85381f9d-b53b-4b0b-a30e-b5658c5031cf",
        "name": "85381f9d-b53b-4b0b-a30e-b5658c5031cf",
        "status": "Creating",
        "startTime": "2022-09-19T12:32:43.4542507Z",
        "endTime": "0001-01-01T00:00:00Z",
        "percentComplete": 0.0,
        "properties": {
          "resourceName": "/subscriptions/00000000-0000-0000-0000-000000000000/resourceGroups/sdk-python-tests-rg-tmp/providers/Microsoft.NetApp/netAppAccounts/sdk-py-tests-acc-1-c6cd2434/capacityPools/sdk-py-tests-pool-1/volumes/sdk-py-tests-vol-3-c6cd2434"
        }
      }
    },
    {
      "RequestUri": "https://management.azure.com/subscriptions/00000000-0000-0000-0000-000000000000/providers/Microsoft.NetApp/locations/westus2/operationResults/85381f9d-b53b-4b0b-a30e-b5658c5031cf?api-version=2022-05-01",
      "RequestMethod": "GET",
      "RequestHeaders": {
        "Accept": "*/*",
        "Accept-Encoding": "gzip, deflate",
        "Connection": "keep-alive",
        "User-Agent": "azsdk-python-mgmt-netapp/9.0.0 Python/3.8.10 (macOS-12.5.1-x86_64-i386-64bit)"
      },
      "RequestBody": null,
      "StatusCode": 200,
      "ResponseHeaders": {
        "Cache-Control": "no-cache",
        "Content-Encoding": "gzip",
        "Content-Type": "application/json; charset=utf-8",
        "Date": "Mon, 19 Sep 2022 12:33:44 GMT",
        "Expires": "-1",
        "Pragma": "no-cache",
        "Server": "Microsoft-IIS/10.0",
        "Strict-Transport-Security": "max-age=31536000; includeSubDomains",
        "Transfer-Encoding": "chunked",
        "Vary": "Accept-Encoding",
        "X-Content-Type-Options": "nosniff",
        "x-ms-correlation-request-id": "fb9c2642-0e30-4dd9-b882-bd6e6508801a",
        "x-ms-ratelimit-remaining-subscription-reads": "11990",
        "x-ms-routing-request-id": "WESTEUROPE:20220919T123345Z:fb9c2642-0e30-4dd9-b882-bd6e6508801a",
        "X-Powered-By": "ASP.NET"
      },
      "ResponseBody": {
        "id": "/subscriptions/00000000-0000-0000-0000-000000000000/providers/Microsoft.NetApp/locations/westus2/operationResults/85381f9d-b53b-4b0b-a30e-b5658c5031cf",
        "name": "85381f9d-b53b-4b0b-a30e-b5658c5031cf",
        "status": "Creating",
        "startTime": "2022-09-19T12:32:43.4542507Z",
        "endTime": "0001-01-01T00:00:00Z",
        "percentComplete": 0.0,
        "properties": {
          "resourceName": "/subscriptions/00000000-0000-0000-0000-000000000000/resourceGroups/sdk-python-tests-rg-tmp/providers/Microsoft.NetApp/netAppAccounts/sdk-py-tests-acc-1-c6cd2434/capacityPools/sdk-py-tests-pool-1/volumes/sdk-py-tests-vol-3-c6cd2434"
        }
      }
    },
    {
      "RequestUri": "https://management.azure.com/subscriptions/00000000-0000-0000-0000-000000000000/providers/Microsoft.NetApp/locations/westus2/operationResults/85381f9d-b53b-4b0b-a30e-b5658c5031cf?api-version=2022-05-01",
      "RequestMethod": "GET",
      "RequestHeaders": {
        "Accept": "*/*",
        "Accept-Encoding": "gzip, deflate",
        "Connection": "keep-alive",
        "User-Agent": "azsdk-python-mgmt-netapp/9.0.0 Python/3.8.10 (macOS-12.5.1-x86_64-i386-64bit)"
      },
      "RequestBody": null,
      "StatusCode": 200,
      "ResponseHeaders": {
        "Cache-Control": "no-cache",
        "Content-Encoding": "gzip",
        "Content-Type": "application/json; charset=utf-8",
        "Date": "Mon, 19 Sep 2022 12:34:15 GMT",
        "Expires": "-1",
        "Pragma": "no-cache",
        "Server": "Microsoft-IIS/10.0",
        "Strict-Transport-Security": "max-age=31536000; includeSubDomains",
        "Transfer-Encoding": "chunked",
        "Vary": "Accept-Encoding",
        "X-Content-Type-Options": "nosniff",
        "x-ms-correlation-request-id": "c41f9dbf-8118-4ff1-9616-9dbaeafae4d4",
        "x-ms-ratelimit-remaining-subscription-reads": "11989",
        "x-ms-routing-request-id": "WESTEUROPE:20220919T123415Z:c41f9dbf-8118-4ff1-9616-9dbaeafae4d4",
        "X-Powered-By": "ASP.NET"
      },
      "ResponseBody": {
        "id": "/subscriptions/00000000-0000-0000-0000-000000000000/providers/Microsoft.NetApp/locations/westus2/operationResults/85381f9d-b53b-4b0b-a30e-b5658c5031cf",
        "name": "85381f9d-b53b-4b0b-a30e-b5658c5031cf",
        "status": "Creating",
        "startTime": "2022-09-19T12:32:43.4542507Z",
        "endTime": "0001-01-01T00:00:00Z",
        "percentComplete": 0.0,
        "properties": {
          "resourceName": "/subscriptions/00000000-0000-0000-0000-000000000000/resourceGroups/sdk-python-tests-rg-tmp/providers/Microsoft.NetApp/netAppAccounts/sdk-py-tests-acc-1-c6cd2434/capacityPools/sdk-py-tests-pool-1/volumes/sdk-py-tests-vol-3-c6cd2434"
        }
      }
    },
    {
      "RequestUri": "https://management.azure.com/subscriptions/00000000-0000-0000-0000-000000000000/providers/Microsoft.NetApp/locations/westus2/operationResults/85381f9d-b53b-4b0b-a30e-b5658c5031cf?api-version=2022-05-01",
      "RequestMethod": "GET",
      "RequestHeaders": {
        "Accept": "*/*",
        "Accept-Encoding": "gzip, deflate",
        "Connection": "keep-alive",
        "User-Agent": "azsdk-python-mgmt-netapp/9.0.0 Python/3.8.10 (macOS-12.5.1-x86_64-i386-64bit)"
      },
      "RequestBody": null,
      "StatusCode": 200,
      "ResponseHeaders": {
        "Cache-Control": "no-cache",
        "Content-Encoding": "gzip",
        "Content-Type": "application/json; charset=utf-8",
        "Date": "Mon, 19 Sep 2022 12:34:45 GMT",
        "Expires": "-1",
        "Pragma": "no-cache",
        "Server": "Microsoft-IIS/10.0",
        "Strict-Transport-Security": "max-age=31536000; includeSubDomains",
        "Transfer-Encoding": "chunked",
        "Vary": "Accept-Encoding",
        "X-Content-Type-Options": "nosniff",
        "x-ms-correlation-request-id": "c77c3a27-1442-4d53-96f5-ae368830c856",
        "x-ms-ratelimit-remaining-subscription-reads": "11988",
        "x-ms-routing-request-id": "WESTEUROPE:20220919T123445Z:c77c3a27-1442-4d53-96f5-ae368830c856",
        "X-Powered-By": "ASP.NET"
      },
      "ResponseBody": {
        "id": "/subscriptions/00000000-0000-0000-0000-000000000000/providers/Microsoft.NetApp/locations/westus2/operationResults/85381f9d-b53b-4b0b-a30e-b5658c5031cf",
        "name": "85381f9d-b53b-4b0b-a30e-b5658c5031cf",
        "status": "Creating",
        "startTime": "2022-09-19T12:32:43.4542507Z",
        "endTime": "0001-01-01T00:00:00Z",
        "percentComplete": 0.0,
        "properties": {
          "resourceName": "/subscriptions/00000000-0000-0000-0000-000000000000/resourceGroups/sdk-python-tests-rg-tmp/providers/Microsoft.NetApp/netAppAccounts/sdk-py-tests-acc-1-c6cd2434/capacityPools/sdk-py-tests-pool-1/volumes/sdk-py-tests-vol-3-c6cd2434"
        }
      }
    },
    {
      "RequestUri": "https://management.azure.com/subscriptions/00000000-0000-0000-0000-000000000000/providers/Microsoft.NetApp/locations/westus2/operationResults/85381f9d-b53b-4b0b-a30e-b5658c5031cf?api-version=2022-05-01",
      "RequestMethod": "GET",
      "RequestHeaders": {
        "Accept": "*/*",
        "Accept-Encoding": "gzip, deflate",
        "Connection": "keep-alive",
        "User-Agent": "azsdk-python-mgmt-netapp/9.0.0 Python/3.8.10 (macOS-12.5.1-x86_64-i386-64bit)"
      },
      "RequestBody": null,
      "StatusCode": 200,
      "ResponseHeaders": {
        "Cache-Control": "no-cache",
        "Content-Encoding": "gzip",
        "Content-Type": "application/json; charset=utf-8",
        "Date": "Mon, 19 Sep 2022 12:35:15 GMT",
        "Expires": "-1",
        "Pragma": "no-cache",
        "Server": "Microsoft-IIS/10.0",
        "Strict-Transport-Security": "max-age=31536000; includeSubDomains",
        "Transfer-Encoding": "chunked",
        "Vary": "Accept-Encoding",
        "X-Content-Type-Options": "nosniff",
        "x-ms-correlation-request-id": "9e1c4053-5efc-4ac4-b1e7-dc38514eaf95",
        "x-ms-ratelimit-remaining-subscription-reads": "11987",
        "x-ms-routing-request-id": "WESTEUROPE:20220919T123516Z:9e1c4053-5efc-4ac4-b1e7-dc38514eaf95",
        "X-Powered-By": "ASP.NET"
      },
      "ResponseBody": {
        "id": "/subscriptions/00000000-0000-0000-0000-000000000000/providers/Microsoft.NetApp/locations/westus2/operationResults/85381f9d-b53b-4b0b-a30e-b5658c5031cf",
        "name": "85381f9d-b53b-4b0b-a30e-b5658c5031cf",
        "status": "Creating",
        "startTime": "2022-09-19T12:32:43.4542507Z",
        "endTime": "0001-01-01T00:00:00Z",
        "percentComplete": 0.0,
        "properties": {
          "resourceName": "/subscriptions/00000000-0000-0000-0000-000000000000/resourceGroups/sdk-python-tests-rg-tmp/providers/Microsoft.NetApp/netAppAccounts/sdk-py-tests-acc-1-c6cd2434/capacityPools/sdk-py-tests-pool-1/volumes/sdk-py-tests-vol-3-c6cd2434"
        }
      }
    },
    {
      "RequestUri": "https://management.azure.com/subscriptions/00000000-0000-0000-0000-000000000000/providers/Microsoft.NetApp/locations/westus2/operationResults/85381f9d-b53b-4b0b-a30e-b5658c5031cf?api-version=2022-05-01",
      "RequestMethod": "GET",
      "RequestHeaders": {
        "Accept": "*/*",
        "Accept-Encoding": "gzip, deflate",
        "Connection": "keep-alive",
        "User-Agent": "azsdk-python-mgmt-netapp/9.0.0 Python/3.8.10 (macOS-12.5.1-x86_64-i386-64bit)"
      },
      "RequestBody": null,
      "StatusCode": 200,
      "ResponseHeaders": {
        "Cache-Control": "no-cache",
        "Content-Encoding": "gzip",
        "Content-Type": "application/json; charset=utf-8",
        "Date": "Mon, 19 Sep 2022 12:35:46 GMT",
        "Expires": "-1",
        "Pragma": "no-cache",
        "Server": "Microsoft-IIS/10.0",
        "Strict-Transport-Security": "max-age=31536000; includeSubDomains",
        "Transfer-Encoding": "chunked",
        "Vary": "Accept-Encoding",
        "X-Content-Type-Options": "nosniff",
        "x-ms-correlation-request-id": "14b8f12d-c9f1-4932-9ac0-7519abc8a6c1",
        "x-ms-ratelimit-remaining-subscription-reads": "11986",
        "x-ms-routing-request-id": "WESTEUROPE:20220919T123546Z:14b8f12d-c9f1-4932-9ac0-7519abc8a6c1",
        "X-Powered-By": "ASP.NET"
      },
      "ResponseBody": {
        "id": "/subscriptions/00000000-0000-0000-0000-000000000000/providers/Microsoft.NetApp/locations/westus2/operationResults/85381f9d-b53b-4b0b-a30e-b5658c5031cf",
        "name": "85381f9d-b53b-4b0b-a30e-b5658c5031cf",
        "status": "Creating",
        "startTime": "2022-09-19T12:32:43.4542507Z",
        "endTime": "0001-01-01T00:00:00Z",
        "percentComplete": 0.0,
        "properties": {
          "resourceName": "/subscriptions/00000000-0000-0000-0000-000000000000/resourceGroups/sdk-python-tests-rg-tmp/providers/Microsoft.NetApp/netAppAccounts/sdk-py-tests-acc-1-c6cd2434/capacityPools/sdk-py-tests-pool-1/volumes/sdk-py-tests-vol-3-c6cd2434"
        }
      }
    },
    {
      "RequestUri": "https://management.azure.com/subscriptions/00000000-0000-0000-0000-000000000000/providers/Microsoft.NetApp/locations/westus2/operationResults/85381f9d-b53b-4b0b-a30e-b5658c5031cf?api-version=2022-05-01",
      "RequestMethod": "GET",
      "RequestHeaders": {
        "Accept": "*/*",
        "Accept-Encoding": "gzip, deflate",
        "Connection": "keep-alive",
        "User-Agent": "azsdk-python-mgmt-netapp/9.0.0 Python/3.8.10 (macOS-12.5.1-x86_64-i386-64bit)"
      },
      "RequestBody": null,
      "StatusCode": 200,
      "ResponseHeaders": {
        "Cache-Control": "no-cache",
        "Content-Encoding": "gzip",
        "Content-Type": "application/json; charset=utf-8",
        "Date": "Mon, 19 Sep 2022 12:36:16 GMT",
        "Expires": "-1",
        "Pragma": "no-cache",
        "Server": "Microsoft-IIS/10.0",
        "Strict-Transport-Security": "max-age=31536000; includeSubDomains",
        "Transfer-Encoding": "chunked",
        "Vary": "Accept-Encoding",
        "X-Content-Type-Options": "nosniff",
        "x-ms-correlation-request-id": "4fe59274-a824-4711-a03e-9cfe81e9ce1f",
        "x-ms-ratelimit-remaining-subscription-reads": "11985",
        "x-ms-routing-request-id": "WESTEUROPE:20220919T123616Z:4fe59274-a824-4711-a03e-9cfe81e9ce1f",
        "X-Powered-By": "ASP.NET"
      },
      "ResponseBody": {
        "id": "/subscriptions/00000000-0000-0000-0000-000000000000/providers/Microsoft.NetApp/locations/westus2/operationResults/85381f9d-b53b-4b0b-a30e-b5658c5031cf",
        "name": "85381f9d-b53b-4b0b-a30e-b5658c5031cf",
        "status": "Creating",
        "startTime": "2022-09-19T12:32:43.4542507Z",
        "endTime": "0001-01-01T00:00:00Z",
        "percentComplete": 0.0,
        "properties": {
          "resourceName": "/subscriptions/00000000-0000-0000-0000-000000000000/resourceGroups/sdk-python-tests-rg-tmp/providers/Microsoft.NetApp/netAppAccounts/sdk-py-tests-acc-1-c6cd2434/capacityPools/sdk-py-tests-pool-1/volumes/sdk-py-tests-vol-3-c6cd2434"
        }
      }
    },
    {
      "RequestUri": "https://management.azure.com/subscriptions/00000000-0000-0000-0000-000000000000/providers/Microsoft.NetApp/locations/westus2/operationResults/85381f9d-b53b-4b0b-a30e-b5658c5031cf?api-version=2022-05-01",
      "RequestMethod": "GET",
      "RequestHeaders": {
        "Accept": "*/*",
        "Accept-Encoding": "gzip, deflate",
        "Connection": "keep-alive",
        "User-Agent": "azsdk-python-mgmt-netapp/9.0.0 Python/3.8.10 (macOS-12.5.1-x86_64-i386-64bit)"
      },
      "RequestBody": null,
      "StatusCode": 200,
      "ResponseHeaders": {
        "Cache-Control": "no-cache",
        "Content-Encoding": "gzip",
        "Content-Type": "application/json; charset=utf-8",
        "Date": "Mon, 19 Sep 2022 12:36:46 GMT",
        "Expires": "-1",
        "Pragma": "no-cache",
        "Server": "Microsoft-IIS/10.0",
        "Strict-Transport-Security": "max-age=31536000; includeSubDomains",
        "Transfer-Encoding": "chunked",
        "Vary": "Accept-Encoding",
        "X-Content-Type-Options": "nosniff",
        "x-ms-correlation-request-id": "14f9b2d2-bdee-41dd-95ee-03781642ec44",
        "x-ms-ratelimit-remaining-subscription-reads": "11984",
        "x-ms-routing-request-id": "WESTEUROPE:20220919T123646Z:14f9b2d2-bdee-41dd-95ee-03781642ec44",
        "X-Powered-By": "ASP.NET"
      },
      "ResponseBody": {
        "id": "/subscriptions/00000000-0000-0000-0000-000000000000/providers/Microsoft.NetApp/locations/westus2/operationResults/85381f9d-b53b-4b0b-a30e-b5658c5031cf",
        "name": "85381f9d-b53b-4b0b-a30e-b5658c5031cf",
        "status": "Succeeded",
        "startTime": "2022-09-19T12:32:43.4542507Z",
        "endTime": "2022-09-19T12:36:32.8782879Z",
        "percentComplete": 100.0,
        "properties": {
          "resourceName": "/subscriptions/00000000-0000-0000-0000-000000000000/resourceGroups/sdk-python-tests-rg-tmp/providers/Microsoft.NetApp/netAppAccounts/sdk-py-tests-acc-1-c6cd2434/capacityPools/sdk-py-tests-pool-1/volumes/sdk-py-tests-vol-3-c6cd2434"
        }
      }
    },
    {
      "RequestUri": "https://management.azure.com/subscriptions/00000000-0000-0000-0000-000000000000/resourceGroups/sdk-python-tests-rg-tmp/providers/Microsoft.NetApp/netAppAccounts/sdk-py-tests-acc-1-c6cd2434/capacityPools/sdk-py-tests-pool-1/volumes/sdk-py-tests-vol-3-c6cd2434?api-version=2022-05-01",
      "RequestMethod": "GET",
      "RequestHeaders": {
        "Accept": "*/*",
        "Accept-Encoding": "gzip, deflate",
        "Connection": "keep-alive",
        "User-Agent": "azsdk-python-mgmt-netapp/9.0.0 Python/3.8.10 (macOS-12.5.1-x86_64-i386-64bit)"
      },
      "RequestBody": null,
      "StatusCode": 200,
      "ResponseHeaders": {
        "Cache-Control": "no-cache",
        "Content-Encoding": "gzip",
        "Content-Type": "application/json; charset=utf-8",
        "Date": "Mon, 19 Sep 2022 12:36:47 GMT",
        "ETag": "W/\u0022datetime\u00272022-09-19T12%3A36%3A32.877929Z\u0027\u0022",
        "Expires": "-1",
        "Pragma": "no-cache",
        "Server": "Microsoft-IIS/10.0",
        "Strict-Transport-Security": "max-age=31536000; includeSubDomains",
        "Transfer-Encoding": "chunked",
        "Vary": "Accept-Encoding",
        "X-Content-Type-Options": "nosniff",
        "x-ms-correlation-request-id": "f2dd82f3-09c5-405c-9f95-4231343b98cd",
        "x-ms-ratelimit-remaining-subscription-reads": "11983",
        "x-ms-routing-request-id": "WESTEUROPE:20220919T123647Z:f2dd82f3-09c5-405c-9f95-4231343b98cd",
        "X-Powered-By": "ASP.NET"
      },
      "ResponseBody": {
        "id": "/subscriptions/00000000-0000-0000-0000-000000000000/resourceGroups/sdk-python-tests-rg-tmp/providers/Microsoft.NetApp/netAppAccounts/sdk-py-tests-acc-1-c6cd2434/capacityPools/sdk-py-tests-pool-1/volumes/sdk-py-tests-vol-3-c6cd2434",
        "name": "sdk-py-tests-acc-1-c6cd2434/sdk-py-tests-pool-1/sdk-py-tests-vol-3-c6cd2434",
        "type": "Microsoft.NetApp/netAppAccounts/capacityPools/volumes",
        "etag": "W/\u0022datetime\u00272022-09-19T12%3A36%3A32.877929Z\u0027\u0022",
        "location": "westus2",
        "tags": {
          "CreatedOnDate": "2022-09-19T12:32:41.4640845Z"
        },
        "properties": {
          "fileSystemId": "ca2bd3bc-bc0a-3f69-9891-703e29c93c9e",
          "serviceLevel": "Premium",
          "creationToken": "sdk-py-tests-vol-3-c6cd2434",
          "usageThreshold": 107374182400,
          "exportPolicy": {
            "rules": [
              {
                "ruleIndex": 1,
                "unixReadOnly": false,
                "unixReadWrite": true,
                "cifs": false,
                "nfsv3": true,
                "nfsv41": false,
                "allowedClients": "0.0.0.0/0",
                "kerberos5ReadOnly": false,
                "kerberos5ReadWrite": false,
                "kerberos5iReadOnly": false,
                "kerberos5iReadWrite": false,
                "kerberos5pReadOnly": false,
                "kerberos5pReadWrite": false,
                "hasRootAccess": true,
                "chownMode": "Restricted"
              }
            ]
          },
          "protocolTypes": [
            "NFSv3"
          ],
          "baremetalTenantId": "baremetalTenant_svm_8f82c7b40509489d9e97d719b9b955b4_6d3d56d2",
          "subnetId": "/subscriptions/00000000-0000-0000-0000-000000000000/resourceGroups/sdk-python-tests-rg-tmp/providers/Microsoft.Network/virtualNetworks/sdk-python-tests-vnet-westus2-c6cd2434/subnets/default",
          "networkFeatures": "Basic",
          "networkSiblingSetId": "8dd1978e-584b-5087-bfc6-c261b926b7ba",
          "storageToNetworkProximity": "T2",
          "snapshotDirectoryVisible": true,
          "kerberosEnabled": false,
          "securityStyle": "Unix",
          "smbEncryption": false,
          "smbContinuouslyAvailable": false,
          "encryptionKeySource": "Microsoft.NetApp",
          "ldapEnabled": false,
          "unixPermissions": "0770",
          "mountTargets": [
            {
              "mountTargetId": "ca2bd3bc-bc0a-3f69-9891-703e29c93c9e",
              "fileSystemId": "ca2bd3bc-bc0a-3f69-9891-703e29c93c9e",
              "ipAddress": "10.0.0.4"
            }
          ],
          "throughputMibps": 6.25,
          "volumeSpecName": "generic",
          "coolAccess": false,
          "avsDataStore": "Disabled",
          "isDefaultQuotaEnabled": false,
          "defaultUserQuotaInKiBs": 0,
          "defaultGroupQuotaInKiBs": 0,
          "enableSubvolumes": "Disabled",
          "maximumNumberOfFiles": 100000000,
          "smbNonBrowsable": "Disabled",
          "smbAccessBasedEnumeration": "Disabled",
          "provisioningState": "Succeeded"
        },
        "systemData": {
          "createdBy": "00000000-0000-0000-0000-000000000000",
          "createdByType": "Application",
          "createdAt": "2022-09-19T12:32:42.5722524Z",
          "lastModifiedBy": "00000000-0000-0000-0000-000000000000",
          "lastModifiedByType": "Application",
          "lastModifiedAt": "2022-09-19T12:32:42.5722524Z"
        }
      }
    },
    {
      "RequestUri": "https://management.azure.com/subscriptions/00000000-0000-0000-0000-000000000000/resourceGroups/sdk-python-tests-rg-tmp/providers/Microsoft.NetApp/netAppAccounts/sdk-py-tests-acc-1-c6cd2434/capacityPools/sdk-py-tests-pool-1/volumes/sdk-py-tests-vol-3-c6cd2434?api-version=2022-05-01",
      "RequestMethod": "PUT",
      "RequestHeaders": {
        "Accept": "application/json",
        "Accept-Encoding": "gzip, deflate",
        "Connection": "keep-alive",
        "Content-Length": "787",
        "Content-Type": "application/json",
        "User-Agent": "azsdk-python-mgmt-netapp/9.0.0 Python/3.8.10 (macOS-12.5.1-x86_64-i386-64bit)"
      },
      "RequestBody": {
        "location": "westus2",
        "properties": {
          "creationToken": "sdk-py-tests-vol-3-c6cd2434",
          "serviceLevel": "Premium",
          "usageThreshold": 214748364800,
          "subnetId": "/subscriptions/00000000-0000-0000-0000-000000000000/resourceGroups/sdk-python-tests-rg-tmp/providers/Microsoft.Network/virtualNetworks/sdk-python-tests-vnet-westus2-c6cd2434/subnets/default",
          "networkFeatures": "Basic",
          "snapshotDirectoryVisible": true,
          "kerberosEnabled": false,
          "securityStyle": "unix",
          "smbEncryption": false,
          "smbContinuouslyAvailable": false,
          "encryptionKeySource": "Microsoft.NetApp",
          "ldapEnabled": false,
          "coolAccess": false,
          "unixPermissions": "0770",
          "avsDataStore": "Disabled",
          "isDefaultQuotaEnabled": false,
          "defaultUserQuotaInKiBs": 0,
          "defaultGroupQuotaInKiBs": 0,
          "enableSubvolumes": "Disabled"
        }
      },
      "StatusCode": 200,
      "ResponseHeaders": {
        "Azure-AsyncOperation": "https://management.azure.com/subscriptions/00000000-0000-0000-0000-000000000000/providers/Microsoft.NetApp/locations/westus2/operationResults/ddb22653-1f2c-4bcf-9777-3bd3a76c7eb6?api-version=2022-05-01",
        "Cache-Control": "no-cache",
        "Content-Encoding": "gzip",
        "Content-Type": "application/json; charset=utf-8",
        "Date": "Mon, 19 Sep 2022 12:36:49 GMT",
        "ETag": "W/\u0022datetime\u00272022-09-19T12%3A36%3A48.4606095Z\u0027\u0022",
        "Expires": "-1",
        "Pragma": "no-cache",
        "Server": "Microsoft-IIS/10.0",
        "Strict-Transport-Security": "max-age=31536000; includeSubDomains",
        "Transfer-Encoding": "chunked",
        "Vary": "Accept-Encoding",
        "X-Content-Type-Options": "nosniff",
        "x-ms-correlation-request-id": "b431efca-26a5-458d-89a7-a4cd3ecc5dae",
        "x-ms-ratelimit-remaining-subscription-writes": "1194",
        "x-ms-routing-request-id": "WESTEUROPE:20220919T123650Z:b431efca-26a5-458d-89a7-a4cd3ecc5dae",
        "X-Powered-By": "ASP.NET"
      },
      "ResponseBody": {
        "id": "/subscriptions/00000000-0000-0000-0000-000000000000/resourceGroups/sdk-python-tests-rg-tmp/providers/Microsoft.NetApp/netAppAccounts/sdk-py-tests-acc-1-c6cd2434/capacityPools/sdk-py-tests-pool-1/volumes/sdk-py-tests-vol-3-c6cd2434",
        "name": "sdk-py-tests-acc-1-c6cd2434/sdk-py-tests-pool-1/sdk-py-tests-vol-3-c6cd2434",
        "type": "Microsoft.NetApp/netAppAccounts/capacityPools/volumes",
        "etag": "W/\u0022datetime\u00272022-09-19T12%3A36%3A48.4606095Z\u0027\u0022",
        "location": "westus2",
        "tags": {
          "CreatedOnDate": "2022-09-19T12:32:41.4640845Z"
        },
        "properties": {
          "provisioningState": "Updating",
          "fileSystemId": "ca2bd3bc-bc0a-3f69-9891-703e29c93c9e",
          "serviceLevel": "Premium",
          "creationToken": "sdk-py-tests-vol-3-c6cd2434",
          "usageThreshold": 107374182400,
          "exportPolicy": {
            "rules": [
              {
                "ruleIndex": 1,
                "unixReadOnly": false,
                "unixReadWrite": true,
                "cifs": false,
                "nfsv3": true,
                "nfsv41": false,
                "allowedClients": "0.0.0.0/0",
                "kerberos5ReadOnly": false,
                "kerberos5ReadWrite": false,
                "kerberos5iReadOnly": false,
                "kerberos5iReadWrite": false,
                "kerberos5pReadOnly": false,
                "kerberos5pReadWrite": false,
                "hasRootAccess": true,
                "chownMode": "Restricted"
              }
            ]
          },
          "protocolTypes": [
            "NFSv3"
          ],
          "baremetalTenantId": "baremetalTenant_svm_8f82c7b40509489d9e97d719b9b955b4_6d3d56d2",
          "subnetId": "/subscriptions/00000000-0000-0000-0000-000000000000/resourceGroups/sdk-python-tests-rg-tmp/providers/Microsoft.Network/virtualNetworks/sdk-python-tests-vnet-westus2-c6cd2434/subnets/default",
          "networkFeatures": "Basic",
          "networkSiblingSetId": "8dd1978e-584b-5087-bfc6-c261b926b7ba",
          "storageToNetworkProximity": "T2",
          "snapshotDirectoryVisible": true,
          "kerberosEnabled": false,
          "securityStyle": "Unix",
          "smbEncryption": false,
          "smbContinuouslyAvailable": false,
          "encryptionKeySource": "Microsoft.NetApp",
          "ldapEnabled": false,
          "unixPermissions": "0770",
          "mountTargets": [
            {
              "mountTargetId": "ca2bd3bc-bc0a-3f69-9891-703e29c93c9e",
              "fileSystemId": "ca2bd3bc-bc0a-3f69-9891-703e29c93c9e",
              "ipAddress": "10.0.0.4"
            }
          ],
          "throughputMibps": 6.25,
          "volumeSpecName": "generic",
          "coolAccess": false,
          "avsDataStore": "Disabled",
          "isDefaultQuotaEnabled": false,
          "defaultUserQuotaInKiBs": 0,
          "defaultGroupQuotaInKiBs": 0,
          "enableSubvolumes": "Disabled",
          "maximumNumberOfFiles": 100000000,
          "smbNonBrowsable": "Disabled",
          "smbAccessBasedEnumeration": "Disabled"
        },
        "systemData": {
          "createdBy": "00000000-0000-0000-0000-000000000000",
          "createdByType": "Application",
          "createdAt": "2022-09-19T12:32:42.5722524Z",
          "lastModifiedBy": "00000000-0000-0000-0000-000000000000",
          "lastModifiedByType": "Application",
          "lastModifiedAt": "2022-09-19T12:32:42.5722524Z"
        }
      }
    },
    {
      "RequestUri": "https://management.azure.com/subscriptions/00000000-0000-0000-0000-000000000000/providers/Microsoft.NetApp/locations/westus2/operationResults/ddb22653-1f2c-4bcf-9777-3bd3a76c7eb6?api-version=2022-05-01",
      "RequestMethod": "GET",
      "RequestHeaders": {
        "Accept": "*/*",
        "Accept-Encoding": "gzip, deflate",
        "Connection": "keep-alive",
        "User-Agent": "azsdk-python-mgmt-netapp/9.0.0 Python/3.8.10 (macOS-12.5.1-x86_64-i386-64bit)"
      },
      "RequestBody": null,
      "StatusCode": 200,
      "ResponseHeaders": {
        "Cache-Control": "no-cache",
        "Content-Encoding": "gzip",
        "Content-Type": "application/json; charset=utf-8",
        "Date": "Mon, 19 Sep 2022 12:37:19 GMT",
        "Expires": "-1",
        "Pragma": "no-cache",
        "Server": "Microsoft-IIS/10.0",
        "Strict-Transport-Security": "max-age=31536000; includeSubDomains",
        "Transfer-Encoding": "chunked",
        "Vary": "Accept-Encoding",
        "X-Content-Type-Options": "nosniff",
        "x-ms-correlation-request-id": "bd20573d-faae-4e2e-a7c6-87981956e316",
        "x-ms-ratelimit-remaining-subscription-reads": "11982",
        "x-ms-routing-request-id": "WESTEUROPE:20220919T123720Z:bd20573d-faae-4e2e-a7c6-87981956e316",
        "X-Powered-By": "ASP.NET"
      },
      "ResponseBody": {
        "id": "/subscriptions/00000000-0000-0000-0000-000000000000/providers/Microsoft.NetApp/locations/westus2/operationResults/ddb22653-1f2c-4bcf-9777-3bd3a76c7eb6",
        "name": "ddb22653-1f2c-4bcf-9777-3bd3a76c7eb6",
        "status": "Succeeded",
        "startTime": "2022-09-19T12:36:48.465788Z",
        "endTime": "2022-09-19T12:36:55.3681165Z",
        "percentComplete": 100.0,
        "properties": {
          "resourceName": "/subscriptions/00000000-0000-0000-0000-000000000000/resourceGroups/sdk-python-tests-rg-tmp/providers/Microsoft.NetApp/netAppAccounts/sdk-py-tests-acc-1-c6cd2434/capacityPools/sdk-py-tests-pool-1/volumes/sdk-py-tests-vol-3-c6cd2434"
        }
      }
    },
    {
      "RequestUri": "https://management.azure.com/subscriptions/00000000-0000-0000-0000-000000000000/resourceGroups/sdk-python-tests-rg-tmp/providers/Microsoft.NetApp/netAppAccounts/sdk-py-tests-acc-1-c6cd2434/capacityPools/sdk-py-tests-pool-1/volumes/sdk-py-tests-vol-3-c6cd2434?api-version=2022-05-01",
      "RequestMethod": "GET",
      "RequestHeaders": {
        "Accept": "*/*",
        "Accept-Encoding": "gzip, deflate",
        "Connection": "keep-alive",
        "User-Agent": "azsdk-python-mgmt-netapp/9.0.0 Python/3.8.10 (macOS-12.5.1-x86_64-i386-64bit)"
      },
      "RequestBody": null,
      "StatusCode": 200,
      "ResponseHeaders": {
        "Cache-Control": "no-cache",
        "Content-Encoding": "gzip",
        "Content-Type": "application/json; charset=utf-8",
        "Date": "Mon, 19 Sep 2022 12:37:20 GMT",
        "ETag": "W/\u0022datetime\u00272022-09-19T12%3A36%3A55.3744756Z\u0027\u0022",
        "Expires": "-1",
        "Pragma": "no-cache",
        "Server": "Microsoft-IIS/10.0",
        "Strict-Transport-Security": "max-age=31536000; includeSubDomains",
        "Transfer-Encoding": "chunked",
        "Vary": "Accept-Encoding",
        "X-Content-Type-Options": "nosniff",
        "x-ms-correlation-request-id": "0be5e208-892c-43b5-a8c6-a6f4cf484740",
        "x-ms-ratelimit-remaining-subscription-reads": "11981",
        "x-ms-routing-request-id": "WESTEUROPE:20220919T123721Z:0be5e208-892c-43b5-a8c6-a6f4cf484740",
        "X-Powered-By": "ASP.NET"
      },
      "ResponseBody": {
        "id": "/subscriptions/00000000-0000-0000-0000-000000000000/resourceGroups/sdk-python-tests-rg-tmp/providers/Microsoft.NetApp/netAppAccounts/sdk-py-tests-acc-1-c6cd2434/capacityPools/sdk-py-tests-pool-1/volumes/sdk-py-tests-vol-3-c6cd2434",
        "name": "sdk-py-tests-acc-1-c6cd2434/sdk-py-tests-pool-1/sdk-py-tests-vol-3-c6cd2434",
        "type": "Microsoft.NetApp/netAppAccounts/capacityPools/volumes",
        "etag": "W/\u0022datetime\u00272022-09-19T12%3A36%3A55.3744756Z\u0027\u0022",
        "location": "westus2",
        "tags": {
          "CreatedOnDate": "2022-09-19T12:36:48.0804276Z"
        },
        "properties": {
          "provisioningState": "Succeeded",
          "fileSystemId": "ca2bd3bc-bc0a-3f69-9891-703e29c93c9e",
          "serviceLevel": "Premium",
          "creationToken": "sdk-py-tests-vol-3-c6cd2434",
          "usageThreshold": 214748364800,
          "protocolTypes": [
            "NFSv3"
          ],
          "baremetalTenantId": "baremetalTenant_svm_8f82c7b40509489d9e97d719b9b955b4_6d3d56d2",
          "subnetId": "/subscriptions/00000000-0000-0000-0000-000000000000/resourceGroups/sdk-python-tests-rg-tmp/providers/Microsoft.Network/virtualNetworks/sdk-python-tests-vnet-westus2-c6cd2434/subnets/default",
          "networkFeatures": "Basic",
          "snapshotDirectoryVisible": true,
          "kerberosEnabled": false,
          "securityStyle": "unix",
          "smbEncryption": false,
          "smbContinuouslyAvailable": false,
          "encryptionKeySource": "Microsoft.NetApp",
          "ldapEnabled": false,
          "unixPermissions": "0770",
          "mountTargets": [
            {
              "mountTargetId": "ca2bd3bc-bc0a-3f69-9891-703e29c93c9e",
              "fileSystemId": "ca2bd3bc-bc0a-3f69-9891-703e29c93c9e",
              "ipAddress": "10.0.0.4"
            }
          ],
          "throughputMibps": 12.5,
          "coolAccess": false,
          "avsDataStore": "Disabled",
          "isDefaultQuotaEnabled": false,
          "defaultUserQuotaInKiBs": 0,
          "defaultGroupQuotaInKiBs": 0,
          "enableSubvolumes": "Disabled",
          "maximumNumberOfFiles": 100000000,
          "smbNonBrowsable": "Disabled",
          "smbAccessBasedEnumeration": "Disabled"
        },
        "systemData": {
          "createdBy": "00000000-0000-0000-0000-000000000000",
          "createdByType": "Application",
          "createdAt": "2022-09-19T12:32:42.5722524Z",
          "lastModifiedBy": "00000000-0000-0000-0000-000000000000",
          "lastModifiedByType": "Application",
          "lastModifiedAt": "2022-09-19T12:36:48.2515159Z"
        }
      }
    },
    {
      "RequestUri": "https://management.azure.com/subscriptions/00000000-0000-0000-0000-000000000000/resourceGroups/sdk-python-tests-rg-tmp/providers/Microsoft.NetApp/netAppAccounts/sdk-py-tests-acc-1-c6cd2434/capacityPools/sdk-py-tests-pool-1/volumes/sdk-py-tests-vol-3-c6cd2434?api-version=2022-05-01",
      "RequestMethod": "DELETE",
      "RequestHeaders": {
        "Accept": "*/*",
        "Accept-Encoding": "gzip, deflate",
        "Connection": "keep-alive",
        "Content-Length": "0",
        "User-Agent": "azsdk-python-mgmt-netapp/9.0.0 Python/3.8.10 (macOS-12.5.1-x86_64-i386-64bit)"
      },
      "RequestBody": null,
      "StatusCode": 202,
      "ResponseHeaders": {
        "Azure-AsyncOperation": "https://management.azure.com/subscriptions/00000000-0000-0000-0000-000000000000/providers/Microsoft.NetApp/locations/westus2/operationResults/43fbb95e-8380-4285-9f20-222ef732fe73?api-version=2022-05-01",
        "Cache-Control": "no-cache",
        "Content-Length": "0",
        "Date": "Mon, 19 Sep 2022 12:37:21 GMT",
        "Expires": "-1",
        "Location": "https://management.azure.com/subscriptions/00000000-0000-0000-0000-000000000000/providers/Microsoft.NetApp/locations/westus2/operationResults/43fbb95e-8380-4285-9f20-222ef732fe73?api-version=2022-05-01\u0026operationResultResponseType=Location",
        "Pragma": "no-cache",
        "Server": "Microsoft-IIS/10.0",
        "Strict-Transport-Security": "max-age=31536000; includeSubDomains",
        "X-Content-Type-Options": "nosniff",
        "x-ms-correlation-request-id": "d53e1dc8-1bf0-4024-a8cb-1093982efe11",
        "x-ms-ratelimit-remaining-subscription-deletes": "14999",
        "x-ms-routing-request-id": "WESTEUROPE:20220919T123721Z:d53e1dc8-1bf0-4024-a8cb-1093982efe11",
        "X-Powered-By": "ASP.NET"
      },
      "ResponseBody": null
    },
    {
      "RequestUri": "https://management.azure.com/subscriptions/00000000-0000-0000-0000-000000000000/providers/Microsoft.NetApp/locations/westus2/operationResults/43fbb95e-8380-4285-9f20-222ef732fe73?api-version=2022-05-01",
      "RequestMethod": "GET",
      "RequestHeaders": {
        "Accept": "*/*",
        "Accept-Encoding": "gzip, deflate",
        "Connection": "keep-alive",
        "User-Agent": "azsdk-python-mgmt-netapp/9.0.0 Python/3.8.10 (macOS-12.5.1-x86_64-i386-64bit)"
      },
      "RequestBody": null,
      "StatusCode": 200,
      "ResponseHeaders": {
        "Cache-Control": "no-cache",
        "Content-Encoding": "gzip",
        "Content-Type": "application/json; charset=utf-8",
        "Date": "Mon, 19 Sep 2022 12:37:51 GMT",
        "Expires": "-1",
        "Pragma": "no-cache",
        "Server": "Microsoft-IIS/10.0",
        "Strict-Transport-Security": "max-age=31536000; includeSubDomains",
        "Transfer-Encoding": "chunked",
        "Vary": "Accept-Encoding",
        "X-Content-Type-Options": "nosniff",
        "x-ms-correlation-request-id": "83943de3-9dc7-4ac7-8f32-c9384c84c491",
        "x-ms-ratelimit-remaining-subscription-reads": "11980",
        "x-ms-routing-request-id": "WESTEUROPE:20220919T123751Z:83943de3-9dc7-4ac7-8f32-c9384c84c491",
        "X-Powered-By": "ASP.NET"
      },
      "ResponseBody": {
        "id": "/subscriptions/00000000-0000-0000-0000-000000000000/providers/Microsoft.NetApp/locations/westus2/operationResults/43fbb95e-8380-4285-9f20-222ef732fe73",
        "name": "43fbb95e-8380-4285-9f20-222ef732fe73",
        "status": "Deleting",
        "startTime": "2022-09-19T12:37:21.5779605Z",
        "endTime": "0001-01-01T00:00:00Z",
        "percentComplete": 0.0,
        "properties": {
          "resourceName": "/subscriptions/00000000-0000-0000-0000-000000000000/resourceGroups/sdk-python-tests-rg-tmp/providers/Microsoft.NetApp/netAppAccounts/sdk-py-tests-acc-1-c6cd2434/capacityPools/sdk-py-tests-pool-1/volumes/sdk-py-tests-vol-3-c6cd2434"
        }
      }
    },
    {
      "RequestUri": "https://management.azure.com/subscriptions/00000000-0000-0000-0000-000000000000/providers/Microsoft.NetApp/locations/westus2/operationResults/43fbb95e-8380-4285-9f20-222ef732fe73?api-version=2022-05-01",
      "RequestMethod": "GET",
      "RequestHeaders": {
        "Accept": "*/*",
        "Accept-Encoding": "gzip, deflate",
        "Connection": "keep-alive",
        "User-Agent": "azsdk-python-mgmt-netapp/9.0.0 Python/3.8.10 (macOS-12.5.1-x86_64-i386-64bit)"
      },
      "RequestBody": null,
      "StatusCode": 200,
      "ResponseHeaders": {
        "Cache-Control": "no-cache",
        "Content-Encoding": "gzip",
        "Content-Type": "application/json; charset=utf-8",
        "Date": "Mon, 19 Sep 2022 12:38:22 GMT",
        "Expires": "-1",
        "Pragma": "no-cache",
        "Server": "Microsoft-IIS/10.0",
        "Strict-Transport-Security": "max-age=31536000; includeSubDomains",
        "Transfer-Encoding": "chunked",
        "Vary": "Accept-Encoding",
        "X-Content-Type-Options": "nosniff",
        "x-ms-correlation-request-id": "e64cd100-8ffd-4018-a3d7-d90d24cba465",
        "x-ms-ratelimit-remaining-subscription-reads": "11979",
        "x-ms-routing-request-id": "WESTEUROPE:20220919T123822Z:e64cd100-8ffd-4018-a3d7-d90d24cba465",
        "X-Powered-By": "ASP.NET"
      },
      "ResponseBody": {
        "id": "/subscriptions/00000000-0000-0000-0000-000000000000/providers/Microsoft.NetApp/locations/westus2/operationResults/43fbb95e-8380-4285-9f20-222ef732fe73",
        "name": "43fbb95e-8380-4285-9f20-222ef732fe73",
        "status": "Succeeded",
        "startTime": "2022-09-19T12:37:21.5779605Z",
        "endTime": "2022-09-19T12:38:08.9502293Z",
        "percentComplete": 100.0,
        "properties": {
          "resourceName": "/subscriptions/00000000-0000-0000-0000-000000000000/resourceGroups/sdk-python-tests-rg-tmp/providers/Microsoft.NetApp/netAppAccounts/sdk-py-tests-acc-1-c6cd2434/capacityPools/sdk-py-tests-pool-1/volumes/sdk-py-tests-vol-3-c6cd2434"
        }
      }
    },
    {
      "RequestUri": "https://management.azure.com/subscriptions/00000000-0000-0000-0000-000000000000/providers/Microsoft.NetApp/locations/westus2/operationResults/43fbb95e-8380-4285-9f20-222ef732fe73?api-version=2022-05-01\u0026operationResultResponseType=Location",
      "RequestMethod": "GET",
      "RequestHeaders": {
        "Accept": "*/*",
        "Accept-Encoding": "gzip, deflate",
        "Connection": "keep-alive",
        "User-Agent": "azsdk-python-mgmt-netapp/9.0.0 Python/3.8.10 (macOS-12.5.1-x86_64-i386-64bit)"
      },
      "RequestBody": null,
      "StatusCode": 200,
      "ResponseHeaders": {
        "Cache-Control": "no-cache",
        "Content-Encoding": "gzip",
        "Content-Type": "application/json; charset=utf-8",
        "Date": "Mon, 19 Sep 2022 12:38:22 GMT",
        "Expires": "-1",
        "Pragma": "no-cache",
        "Server": "Microsoft-IIS/10.0",
        "Strict-Transport-Security": "max-age=31536000; includeSubDomains",
        "Transfer-Encoding": "chunked",
        "Vary": "Accept-Encoding",
        "X-Content-Type-Options": "nosniff",
        "x-ms-correlation-request-id": "669a39e9-c072-4792-977b-1b799141b186",
        "x-ms-ratelimit-remaining-subscription-reads": "11978",
        "x-ms-routing-request-id": "WESTEUROPE:20220919T123822Z:669a39e9-c072-4792-977b-1b799141b186",
        "X-Powered-By": "ASP.NET"
      },
      "ResponseBody": {
        "id": "/subscriptions/00000000-0000-0000-0000-000000000000/resourceGroups/sdk-python-tests-rg-tmp/providers/Microsoft.NetApp/netAppAccounts/sdk-py-tests-acc-1-c6cd2434/capacityPools/sdk-py-tests-pool-1/volumes/sdk-py-tests-vol-3-c6cd2434",
        "name": "sdk-py-tests-acc-1-c6cd2434/sdk-py-tests-pool-1/sdk-py-tests-vol-3-c6cd2434",
        "type": "Microsoft.NetApp/netAppAccounts/capacityPools/volumes",
        "etag": "W/\u0022datetime\u00272022-09-19T12%3A37%3A59.8469521Z\u0027\u0022",
        "location": "westus2",
        "tags": {
          "CreatedOnDate": "2022-09-19T12:36:48.0804276Z"
        },
        "properties": {
          "fileSystemId": "ca2bd3bc-bc0a-3f69-9891-703e29c93c9e",
          "serviceLevel": "Premium",
          "creationToken": "sdk-py-tests-vol-3-c6cd2434",
          "ownerId": "8f82c7b4-0509-489d-9e97-d719b9b955b4",
          "usageThreshold": 214748364800,
          "protocolTypes": [
            "NFSv3"
          ],
          "baremetalTenantId": "DELETED_baremetalTenant_svm_8f82c7b40509489d9e97d719b9b955b4_6d3d56d2",
          "subnetId": "/subscriptions/00000000-0000-0000-0000-000000000000/resourceGroups/sdk-python-tests-rg-tmp/providers/Microsoft.Network/virtualNetworks/sdk-python-tests-vnet-westus2-c6cd2434/subnets/default",
          "networkFeatures": "Basic",
          "snapshotDirectoryVisible": true,
          "vendorID": "/subscriptions/00000000-0000-0000-0000-000000000000/resourceGroups/sdk-python-tests-rg-tmp/providers/Microsoft.NetApp/netAppAccounts/sdk-py-tests-acc-1-c6cd2434/capacityPools/sdk-py-tests-pool-1/volumes/sdk-py-tests-vol-3-c6cd2434",
          "poolId": "a62d3230-cf6d-758d-943f-c921d4e54591",
          "mountTargets": [
            {
              "provisioningState": "",
              "mountTargetId": "ca2bd3bc-bc0a-3f69-9891-703e29c93c9e",
              "fileSystemId": "ca2bd3bc-bc0a-3f69-9891-703e29c93c9e",
              "startIp": "",
              "endIp": "",
              "gateway": "",
              "netmask": "",
              "subnet": "",
              "ipAddress": "10.0.0.4"
            }
          ],
          "throughputMibps": 12.5,
          "kerberosEnabled": false,
          "securityStyle": "unix",
          "smbEncryption": false,
          "smbContinuouslyAvailable": false,
          "ldapEnabled": false,
          "unixPermissions": "0770",
          "encryptionKeySource": "Microsoft.NetApp",
          "coolAccess": false,
          "avsDataStore": "Disabled",
          "isDefaultQuotaEnabled": false,
          "defaultUserQuotaInKiBs": 0,
          "defaultGroupQuotaInKiBs": 0,
          "enableSubvolumes": "Disabled",
          "encrypted": true,
          "smbAccessBasedEnumeration": "Disabled",
          "smbNonBrowsable": "Disabled",
          "provisioningState": "Deleting"
        },
        "systemData": {
          "createdBy": "00000000-0000-0000-0000-000000000000",
          "createdByType": "Application",
          "createdAt": "2022-09-19T12:32:42.5722524Z",
          "lastModifiedBy": "00000000-0000-0000-0000-000000000000",
          "lastModifiedByType": "Application",
          "lastModifiedAt": "2022-09-19T12:36:48.2515159Z"
        }
      }
    },
    {
      "RequestUri": "https://management.azure.com/subscriptions/00000000-0000-0000-0000-000000000000/resourceGroups/sdk-python-tests-rg-tmp/providers/Microsoft.NetApp/netAppAccounts/sdk-py-tests-acc-1-c6cd2434/capacityPools/sdk-py-tests-pool-1/volumes/sdk-py-tests-vol-3-c6cd2434?api-version=2022-05-01",
      "RequestMethod": "GET",
      "RequestHeaders": {
        "Accept": "application/json",
        "Accept-Encoding": "gzip, deflate",
        "Connection": "keep-alive",
        "User-Agent": "azsdk-python-mgmt-netapp/9.0.0 Python/3.8.10 (macOS-12.5.1-x86_64-i386-64bit)"
      },
      "RequestBody": null,
      "StatusCode": 404,
      "ResponseHeaders": {
        "Cache-Control": "no-cache",
        "Content-Length": "324",
        "Content-Type": "application/json; charset=utf-8",
        "Date": "Mon, 19 Sep 2022 12:41:43 GMT",
        "Expires": "-1",
        "Pragma": "no-cache",
        "Strict-Transport-Security": "max-age=31536000; includeSubDomains",
        "X-Content-Type-Options": "nosniff",
        "x-ms-correlation-request-id": "03fa48d0-d2ef-4210-a12d-d1a9d55c7de4",
        "x-ms-failure-cause": "gateway",
        "x-ms-routing-request-id": "WESTEUROPE:20220919T124144Z:03fa48d0-d2ef-4210-a12d-d1a9d55c7de4"
      },
      "ResponseBody": {
        "error": {
          "code": "ResourceNotFound",
          "message": "The Resource \u0027Microsoft.NetApp/netAppAccounts/sdk-py-tests-acc-1-c6cd2434/capacityPools/sdk-py-tests-pool-1/volumes/sdk-py-tests-vol-3-c6cd2434\u0027 under resource group \u0027sdk-python-tests-rg-tmp\u0027 was not found. For more details please go to https://aka.ms/ARMResourceNotFoundFix"
        }
      }
    },
    {
      "RequestUri": "https://management.azure.com/subscriptions/00000000-0000-0000-0000-000000000000/resourceGroups/sdk-python-tests-rg-tmp/providers/Microsoft.NetApp/netAppAccounts/sdk-py-tests-vol-3-c6cd2434/capacityPools/sdk-py-tests-pool-1?api-version=2022-05-01",
      "RequestMethod": "DELETE",
      "RequestHeaders": {
        "Accept": "*/*",
        "Accept-Encoding": "gzip, deflate",
        "Connection": "keep-alive",
        "Content-Length": "0",
        "User-Agent": "azsdk-python-mgmt-netapp/9.0.0 Python/3.8.10 (macOS-12.5.1-x86_64-i386-64bit)"
      },
      "RequestBody": null,
      "StatusCode": 204,
      "ResponseHeaders": {
        "Cache-Control": "no-cache",
        "Date": "Mon, 19 Sep 2022 12:41:54 GMT",
        "Expires": "-1",
        "Pragma": "no-cache",
        "Strict-Transport-Security": "max-age=31536000; includeSubDomains",
        "X-Content-Type-Options": "nosniff",
        "x-ms-correlation-request-id": "4582b628-b205-4e5c-b22b-d3f6d21a88a2",
        "x-ms-ratelimit-remaining-subscription-deletes": "14999",
        "x-ms-routing-request-id": "WESTEUROPE:20220919T124155Z:4582b628-b205-4e5c-b22b-d3f6d21a88a2"
      },
      "ResponseBody": null
    },
    {
      "RequestUri": "https://management.azure.com/subscriptions/00000000-0000-0000-0000-000000000000/resourceGroups/sdk-python-tests-rg-tmp/providers/Microsoft.NetApp/netAppAccounts/sdk-py-tests-vol-3-c6cd2434/capacityPools/sdk-py-tests-pool-1?api-version=2022-05-01",
      "RequestMethod": "DELETE",
      "RequestHeaders": {
        "Accept": "*/*",
        "Accept-Encoding": "gzip, deflate",
        "Connection": "keep-alive",
        "Content-Length": "0",
        "User-Agent": "azsdk-python-mgmt-netapp/9.0.0 Python/3.8.10 (macOS-12.5.1-x86_64-i386-64bit)"
      },
      "RequestBody": null,
      "StatusCode": 204,
      "ResponseHeaders": {
        "Cache-Control": "no-cache",
        "Date": "Mon, 19 Sep 2022 12:42:04 GMT",
        "Expires": "-1",
        "Pragma": "no-cache",
        "Strict-Transport-Security": "max-age=31536000; includeSubDomains",
        "X-Content-Type-Options": "nosniff",
        "x-ms-correlation-request-id": "d1ad92ed-c284-4d1d-ae69-8e12f1555a3a",
        "x-ms-ratelimit-remaining-subscription-deletes": "14998",
        "x-ms-routing-request-id": "WESTEUROPE:20220919T124205Z:d1ad92ed-c284-4d1d-ae69-8e12f1555a3a"
      },
      "ResponseBody": null
    },
    {
      "RequestUri": "https://management.azure.com/subscriptions/00000000-0000-0000-0000-000000000000/resourceGroups/sdk-python-tests-rg-tmp/providers/Microsoft.NetApp/netAppAccounts/sdk-py-tests-vol-3-c6cd2434/capacityPools/sdk-py-tests-pool-1?api-version=2022-05-01",
      "RequestMethod": "DELETE",
      "RequestHeaders": {
        "Accept": "*/*",
        "Accept-Encoding": "gzip, deflate",
        "Connection": "keep-alive",
        "Content-Length": "0",
        "User-Agent": "azsdk-python-mgmt-netapp/9.0.0 Python/3.8.10 (macOS-12.5.1-x86_64-i386-64bit)"
      },
      "RequestBody": null,
      "StatusCode": 204,
      "ResponseHeaders": {
        "Cache-Control": "no-cache",
        "Date": "Mon, 19 Sep 2022 12:42:15 GMT",
        "Expires": "-1",
        "Pragma": "no-cache",
        "Strict-Transport-Security": "max-age=31536000; includeSubDomains",
        "X-Content-Type-Options": "nosniff",
        "x-ms-correlation-request-id": "9e2ad833-cc32-417e-8fac-31ee2c8ad329",
        "x-ms-ratelimit-remaining-subscription-deletes": "14997",
        "x-ms-routing-request-id": "WESTEUROPE:20220919T124216Z:9e2ad833-cc32-417e-8fac-31ee2c8ad329"
      },
      "ResponseBody": null
    },
    {
      "RequestUri": "https://management.azure.com/subscriptions/00000000-0000-0000-0000-000000000000/resourceGroups/sdk-python-tests-rg-tmp/providers/Microsoft.NetApp/netAppAccounts/sdk-py-tests-vol-3-c6cd2434/capacityPools/sdk-py-tests-pool-1?api-version=2022-05-01",
      "RequestMethod": "DELETE",
      "RequestHeaders": {
        "Accept": "*/*",
        "Accept-Encoding": "gzip, deflate",
        "Connection": "keep-alive",
        "Content-Length": "0",
        "User-Agent": "azsdk-python-mgmt-netapp/9.0.0 Python/3.8.10 (macOS-12.5.1-x86_64-i386-64bit)"
      },
      "RequestBody": null,
      "StatusCode": 204,
      "ResponseHeaders": {
        "Cache-Control": "no-cache",
        "Date": "Mon, 19 Sep 2022 12:42:25 GMT",
        "Expires": "-1",
        "Pragma": "no-cache",
        "Strict-Transport-Security": "max-age=31536000; includeSubDomains",
        "X-Content-Type-Options": "nosniff",
        "x-ms-correlation-request-id": "48c6442e-4945-47b7-b554-a1c7f95b12e6",
        "x-ms-ratelimit-remaining-subscription-deletes": "14996",
        "x-ms-routing-request-id": "WESTEUROPE:20220919T124226Z:48c6442e-4945-47b7-b554-a1c7f95b12e6"
      },
      "ResponseBody": null
    },
    {
      "RequestUri": "https://management.azure.com/subscriptions/00000000-0000-0000-0000-000000000000/resourceGroups/sdk-python-tests-rg-tmp/providers/Microsoft.NetApp/netAppAccounts/sdk-py-tests-vol-3-c6cd2434/capacityPools/sdk-py-tests-pool-1?api-version=2022-05-01",
      "RequestMethod": "DELETE",
      "RequestHeaders": {
        "Accept": "*/*",
        "Accept-Encoding": "gzip, deflate",
        "Connection": "keep-alive",
        "Content-Length": "0",
        "User-Agent": "azsdk-python-mgmt-netapp/9.0.0 Python/3.8.10 (macOS-12.5.1-x86_64-i386-64bit)"
      },
      "RequestBody": null,
      "StatusCode": 204,
      "ResponseHeaders": {
        "Cache-Control": "no-cache",
        "Date": "Mon, 19 Sep 2022 12:42:35 GMT",
        "Expires": "-1",
        "Pragma": "no-cache",
        "Strict-Transport-Security": "max-age=31536000; includeSubDomains",
        "X-Content-Type-Options": "nosniff",
        "x-ms-correlation-request-id": "ee7652d3-b415-4400-836e-bb42f2c53255",
        "x-ms-ratelimit-remaining-subscription-deletes": "14995",
        "x-ms-routing-request-id": "WESTEUROPE:20220919T124236Z:ee7652d3-b415-4400-836e-bb42f2c53255"
      },
      "ResponseBody": null
    },
    {
      "RequestUri": "https://management.azure.com/subscriptions/00000000-0000-0000-0000-000000000000/resourceGroups/sdk-python-tests-rg-tmp/providers/Microsoft.NetApp/netAppAccounts/sdk-py-tests-vol-3-c6cd2434/capacityPools/sdk-py-tests-pool-1?api-version=2022-05-01",
      "RequestMethod": "GET",
      "RequestHeaders": {
        "Accept": "application/json",
        "Accept-Encoding": "gzip, deflate",
        "Connection": "keep-alive",
        "User-Agent": "azsdk-python-mgmt-netapp/9.0.0 Python/3.8.10 (macOS-12.5.1-x86_64-i386-64bit)"
      },
      "RequestBody": null,
      "StatusCode": 404,
      "ResponseHeaders": {
        "Cache-Control": "no-cache",
        "Content-Length": "288",
        "Content-Type": "application/json; charset=utf-8",
        "Date": "Mon, 19 Sep 2022 12:42:47 GMT",
        "Expires": "-1",
        "Pragma": "no-cache",
        "Strict-Transport-Security": "max-age=31536000; includeSubDomains",
        "X-Content-Type-Options": "nosniff",
        "x-ms-correlation-request-id": "076895b2-3998-4cfe-845a-98980c8b54fd",
        "x-ms-failure-cause": "gateway",
        "x-ms-routing-request-id": "WESTEUROPE:20220919T124247Z:076895b2-3998-4cfe-845a-98980c8b54fd"
      },
      "ResponseBody": {
        "error": {
          "code": "ResourceNotFound",
          "message": "The Resource \u0027Microsoft.NetApp/netAppAccounts/sdk-py-tests-vol-3-c6cd2434/capacityPools/sdk-py-tests-pool-1\u0027 under resource group \u0027sdk-python-tests-rg-tmp\u0027 was not found. For more details please go to https://aka.ms/ARMResourceNotFoundFix"
        }
      }
    },
    {
      "RequestUri": "https://management.azure.com/subscriptions/00000000-0000-0000-0000-000000000000/resourceGroups/sdk-python-tests-rg-tmp/providers/Microsoft.NetApp/netAppAccounts/sdk-py-tests-vol-3-c6cd2434?api-version=2022-05-01",
      "RequestMethod": "DELETE",
      "RequestHeaders": {
        "Accept": "*/*",
        "Accept-Encoding": "gzip, deflate",
        "Connection": "keep-alive",
        "Content-Length": "0",
        "User-Agent": "azsdk-python-mgmt-netapp/9.0.0 Python/3.8.10 (macOS-12.5.1-x86_64-i386-64bit)"
      },
      "RequestBody": null,
      "StatusCode": 204,
      "ResponseHeaders": {
        "Cache-Control": "no-cache",
        "Date": "Mon, 19 Sep 2022 12:42:47 GMT",
        "Expires": "-1",
        "Pragma": "no-cache",
        "Strict-Transport-Security": "max-age=31536000; includeSubDomains",
        "X-Content-Type-Options": "nosniff",
        "x-ms-correlation-request-id": "82532115-0733-4c76-a4a9-4b746e70bcda",
        "x-ms-ratelimit-remaining-subscription-deletes": "14994",
        "x-ms-routing-request-id": "WESTEUROPE:20220919T124247Z:82532115-0733-4c76-a4a9-4b746e70bcda"
      },
      "ResponseBody": null
    },
    {
      "RequestUri": "https://management.azure.com/subscriptions/00000000-0000-0000-0000-000000000000/resourceGroups/sdk-python-tests-rg-tmp/providers/Microsoft.NetApp/netAppAccounts/sdk-py-tests-vol-3-c6cd2434?api-version=2022-05-01",
      "RequestMethod": "GET",
      "RequestHeaders": {
        "Accept": "application/json",
        "Accept-Encoding": "gzip, deflate",
        "Connection": "keep-alive",
        "User-Agent": "azsdk-python-mgmt-netapp/9.0.0 Python/3.8.10 (macOS-12.5.1-x86_64-i386-64bit)"
      },
      "RequestBody": null,
      "StatusCode": 404,
      "ResponseHeaders": {
        "Cache-Control": "no-cache",
        "Content-Length": "254",
        "Content-Type": "application/json; charset=utf-8",
        "Date": "Mon, 19 Sep 2022 12:42:47 GMT",
        "Expires": "-1",
        "Pragma": "no-cache",
        "Strict-Transport-Security": "max-age=31536000; includeSubDomains",
        "X-Content-Type-Options": "nosniff",
        "x-ms-correlation-request-id": "02cc83d4-aa67-43f4-8f49-3cbb5b752067",
        "x-ms-failure-cause": "gateway",
        "x-ms-routing-request-id": "WESTEUROPE:20220919T124247Z:02cc83d4-aa67-43f4-8f49-3cbb5b752067"
      },
      "ResponseBody": {
        "error": {
          "code": "ResourceNotFound",
          "message": "The Resource \u0027Microsoft.NetApp/netAppAccounts/sdk-py-tests-vol-3-c6cd2434\u0027 under resource group \u0027sdk-python-tests-rg-tmp\u0027 was not found. For more details please go to https://aka.ms/ARMResourceNotFoundFix"
        }
      }
    },
    {
      "RequestUri": "https://management.azure.com/subscriptions/00000000-0000-0000-0000-000000000000/resourceGroups/sdk-python-tests-rg-tmp/providers/Microsoft.Network/virtualNetworks/sdk-python-tests-vnet-westus2-c6cd2434?api-version=2022-01-01",
      "RequestMethod": "DELETE",
      "RequestHeaders": {
        "Accept": "application/json",
        "Accept-Encoding": "gzip, deflate",
        "Connection": "keep-alive",
        "Content-Length": "0",
        "User-Agent": "azsdk-python-azure-mgmt-network/21.0.1 Python/3.8.10 (macOS-12.5.1-x86_64-i386-64bit)"
      },
      "RequestBody": null,
      "StatusCode": 202,
      "ResponseHeaders": {
        "Azure-AsyncNotification": "Enabled",
        "Azure-AsyncOperation": "https://management.azure.com/subscriptions/00000000-0000-0000-0000-000000000000/providers/Microsoft.Network/locations/westus2/operations/6676672b-d6e8-4f10-bb33-b9379173b135?api-version=2022-01-01",
        "Cache-Control": "no-cache",
        "Content-Length": "0",
        "Date": "Mon, 19 Sep 2022 12:42:48 GMT",
        "Expires": "-1",
        "Location": "https://management.azure.com/subscriptions/00000000-0000-0000-0000-000000000000/providers/Microsoft.Network/locations/westus2/operationResults/6676672b-d6e8-4f10-bb33-b9379173b135?api-version=2022-01-01",
        "Pragma": "no-cache",
        "Retry-After": "10",
        "Server": [
          "Microsoft-HTTPAPI/2.0",
          "Microsoft-HTTPAPI/2.0"
        ],
        "Strict-Transport-Security": "max-age=31536000; includeSubDomains",
        "X-Content-Type-Options": "nosniff",
        "x-ms-arm-service-request-id": "5e09e19b-9b51-4310-b6f1-6281edaa7c5a",
        "x-ms-correlation-request-id": "c18f9dc4-7ce1-42be-881d-320775cabe14",
        "x-ms-ratelimit-remaining-subscription-deletes": "14993",
        "x-ms-routing-request-id": "WESTEUROPE:20220919T124248Z:c18f9dc4-7ce1-42be-881d-320775cabe14"
      },
      "ResponseBody": null
    }
  ],
  "Variables": {}
}
