{
  "Entries": [
    {
      "RequestUri": "https://login.microsoftonline.com/00000000-0000-0000-0000-000000000000/v2.0/.well-known/openid-configuration",
      "RequestMethod": "GET",
      "RequestHeaders": {
        "Accept": "*/*",
        "Accept-Encoding": "gzip, deflate",
        "Connection": "keep-alive",
        "User-Agent": "azsdk-python-identity/1.11.0b4 Python/3.8.10 (macOS-12.5.1-x86_64-i386-64bit)"
      },
      "RequestBody": null,
      "StatusCode": 200,
      "ResponseHeaders": {
        "Access-Control-Allow-Methods": "GET, OPTIONS",
        "Access-Control-Allow-Origin": "*",
        "Cache-Control": "max-age=86400, private",
        "Content-Length": "1753",
        "Content-Type": "application/json; charset=utf-8",
        "Date": "Fri, 16 Sep 2022 14:24:49 GMT",
        "P3P": "CP=\u0022DSP CUR OTPi IND OTRi ONL FIN\u0022",
        "Set-Cookie": "[set-cookie;]",
        "Strict-Transport-Security": "max-age=31536000; includeSubDomains",
        "X-Content-Type-Options": "nosniff",
        "x-ms-ests-server": "2.1.13672.7 - NEULR1 ProdSlices",
        "X-XSS-Protection": "0"
      },
      "ResponseBody": {
        "token_endpoint": "https://login.microsoftonline.com/00000000-0000-0000-0000-000000000000/oauth2/v2.0/token",
        "token_endpoint_auth_methods_supported": [
          "client_secret_post",
          "private_key_jwt",
          "client_secret_basic"
        ],
        "jwks_uri": "https://login.microsoftonline.com/00000000-0000-0000-0000-000000000000/discovery/v2.0/keys",
        "response_modes_supported": [
          "query",
          "fragment",
          "form_post"
        ],
        "subject_types_supported": [
          "pairwise"
        ],
        "id_token_signing_alg_values_supported": [
          "RS256"
        ],
        "response_types_supported": [
          "code",
          "id_token",
          "code id_token",
          "id_token token"
        ],
        "scopes_supported": [
          "openid",
          "profile",
          "email",
          "offline_access"
        ],
        "issuer": "https://login.microsoftonline.com/00000000-0000-0000-0000-000000000000/v2.0",
        "request_uri_parameter_supported": false,
        "userinfo_endpoint": "https://graph.microsoft.com/oidc/userinfo",
        "authorization_endpoint": "https://login.microsoftonline.com/00000000-0000-0000-0000-000000000000/oauth2/v2.0/authorize",
        "device_authorization_endpoint": "https://login.microsoftonline.com/00000000-0000-0000-0000-000000000000/oauth2/v2.0/devicecode",
        "http_logout_supported": true,
        "frontchannel_logout_supported": true,
        "end_session_endpoint": "https://login.microsoftonline.com/00000000-0000-0000-0000-000000000000/oauth2/v2.0/logout",
        "claims_supported": [
          "sub",
          "iss",
          "cloud_instance_name",
          "cloud_instance_host_name",
          "cloud_graph_host_name",
          "msgraph_host",
          "aud",
          "exp",
          "iat",
          "auth_time",
          "acr",
          "nonce",
          "preferred_username",
          "name",
          "tid",
          "ver",
          "at_hash",
          "c_hash",
          "email"
        ],
        "kerberos_endpoint": "https://login.microsoftonline.com/00000000-0000-0000-0000-000000000000/kerberos",
        "tenant_region_scope": "WW",
        "cloud_instance_name": "microsoftonline.com",
        "cloud_graph_host_name": "graph.windows.net",
        "msgraph_host": "graph.microsoft.com",
        "rbac_url": "https://pas.windows.net"
      }
    },
    {
      "RequestUri": "https://login.microsoftonline.com/common/discovery/instance?api-version=1.1\u0026authorization_endpoint=https://login.microsoftonline.com/common/oauth2/authorize",
      "RequestMethod": "GET",
      "RequestHeaders": {
        "Accept": "application/json",
        "Accept-Encoding": "gzip, deflate",
        "Connection": "keep-alive",
        "Cookie": "cookie;",
        "User-Agent": "azsdk-python-identity/1.11.0b4 Python/3.8.10 (macOS-12.5.1-x86_64-i386-64bit)"
      },
      "RequestBody": null,
      "StatusCode": 200,
      "ResponseHeaders": {
        "Access-Control-Allow-Methods": "GET, OPTIONS",
        "Access-Control-Allow-Origin": "*",
        "Cache-Control": "max-age=86400, private",
        "Content-Length": "945",
        "Content-Type": "application/json; charset=utf-8",
        "Date": "Fri, 16 Sep 2022 14:24:49 GMT",
        "P3P": "CP=\u0022DSP CUR OTPi IND OTRi ONL FIN\u0022",
        "Set-Cookie": "[set-cookie;]",
        "Strict-Transport-Security": "max-age=31536000; includeSubDomains",
        "X-Content-Type-Options": "nosniff",
        "x-ms-ests-server": "2.1.13622.7 - WEULR2 ProdSlices",
        "X-XSS-Protection": "0"
      },
      "ResponseBody": {
        "tenant_discovery_endpoint": "https://login.microsoftonline.com/common/.well-known/openid-configuration",
        "api-version": "1.1",
        "metadata": [
          {
            "preferred_network": "login.microsoftonline.com",
            "preferred_cache": "login.windows.net",
            "aliases": [
              "login.microsoftonline.com",
              "login.windows.net",
              "login.microsoft.com",
              "sts.windows.net"
            ]
          },
          {
            "preferred_network": "login.partner.microsoftonline.cn",
            "preferred_cache": "login.partner.microsoftonline.cn",
            "aliases": [
              "login.partner.microsoftonline.cn",
              "login.chinacloudapi.cn"
            ]
          },
          {
            "preferred_network": "login.microsoftonline.de",
            "preferred_cache": "login.microsoftonline.de",
            "aliases": [
              "login.microsoftonline.de"
            ]
          },
          {
            "preferred_network": "login.microsoftonline.us",
            "preferred_cache": "login.microsoftonline.us",
            "aliases": [
              "login.microsoftonline.us",
              "login.usgovcloudapi.net"
            ]
          },
          {
            "preferred_network": "login-us.microsoftonline.com",
            "preferred_cache": "login-us.microsoftonline.com",
            "aliases": [
              "login-us.microsoftonline.com"
            ]
          }
        ]
      }
    },
    {
      "RequestUri": "https://login.microsoftonline.com/00000000-0000-0000-0000-000000000000/oauth2/v2.0/token",
      "RequestMethod": "POST",
      "RequestHeaders": {
        "Accept": "application/json",
        "Accept-Encoding": "gzip, deflate",
        "client-request-id": "0ff53ac2-6c62-4270-ba64-36c332b7948b",
        "Connection": "keep-alive",
        "Content-Length": "281",
        "Content-Type": "application/x-www-form-urlencoded",
        "Cookie": "cookie;",
        "User-Agent": "azsdk-python-identity/1.11.0b4 Python/3.8.10 (macOS-12.5.1-x86_64-i386-64bit)",
        "x-client-cpu": "x64",
        "x-client-current-telemetry": "4|730,0|",
        "x-client-last-telemetry": "4|0|||",
        "x-client-os": "darwin",
        "x-client-sku": "MSAL.Python",
        "x-client-ver": "1.18.0",
        "x-ms-lib-capability": "retry-after, h429"
      },
      "RequestBody": "client_id=00000000-0000-0000-0000-000000000000\u0026grant_type=client_credentials\u0026client_info=1\u0026client_secret=00000000-0000-0000-0000-000000000000\u0026claims=%7B%22access_token%22%3A\u002B%7B%22xms_cc%22%3A\u002B%7B%22values%22%3A\u002B%5B%22CP1%22%5D%7D%7D%7D\u0026scope=https%3A%2F%2Fmanagement.azure.com%2F.default",
      "StatusCode": 200,
      "ResponseHeaders": {
        "Cache-Control": "no-store, no-cache",
        "client-request-id": "0ff53ac2-6c62-4270-ba64-36c332b7948b",
        "Content-Length": "114",
        "Content-Type": "application/json; charset=utf-8",
        "Date": "Fri, 16 Sep 2022 14:24:50 GMT",
        "Expires": "-1",
        "P3P": "CP=\u0022DSP CUR OTPi IND OTRi ONL FIN\u0022",
        "Pragma": "no-cache",
        "Set-Cookie": "[set-cookie;]",
        "Strict-Transport-Security": "max-age=31536000; includeSubDomains",
        "X-Content-Type-Options": "nosniff",
        "x-ms-clitelem": "1,0,0,,",
        "x-ms-ests-server": "2.1.13734.8 - WEULR1 ProdSlices",
        "X-XSS-Protection": "0"
      },
      "ResponseBody": {
        "token_type": "Bearer",
        "expires_in": 86399,
        "ext_expires_in": 86399,
        "refresh_in": 43199,
        "access_token": "access_token"
      }
    },
    {
      "RequestUri": "https://management.azure.com/subscriptions/00000000-0000-0000-0000-000000000000/resourceGroups/sdk-python-tests-rg-tmp/providers/Microsoft.NetApp/netAppAccounts/sdk-py-tests-acc-1-c97f26bf?api-version=2022-05-01",
      "RequestMethod": "PUT",
      "RequestHeaders": {
        "Accept": "application/json",
        "Accept-Encoding": "gzip, deflate",
        "Connection": "keep-alive",
        "Content-Length": "23",
        "Content-Type": "application/json",
        "User-Agent": "azsdk-python-mgmt-netapp/9.0.0 Python/3.8.10 (macOS-12.5.1-x86_64-i386-64bit)"
      },
      "RequestBody": {
        "location": "westus2"
      },
      "StatusCode": 201,
      "ResponseHeaders": {
        "Azure-AsyncOperation": "https://management.azure.com/subscriptions/00000000-0000-0000-0000-000000000000/providers/Microsoft.NetApp/locations/westus2/operationResults/752b896b-f52f-4242-a0e1-61a034586a1c?api-version=2022-05-01",
        "Cache-Control": "no-cache",
        "Content-Length": "706",
        "Content-Type": "application/json; charset=utf-8",
        "Date": "Fri, 16 Sep 2022 14:24:58 GMT",
        "ETag": "W/\u0022datetime\u00272022-09-16T14%3A24%3A57.2874605Z\u0027\u0022",
        "Expires": "-1",
        "Pragma": "no-cache",
        "Server": "Microsoft-IIS/10.0",
        "Strict-Transport-Security": "max-age=31536000; includeSubDomains",
        "X-Content-Type-Options": "nosniff",
        "x-ms-correlation-request-id": "c29c8c67-fbe9-40ac-adf3-6131315e272d",
        "x-ms-ratelimit-remaining-subscription-writes": "1199",
        "x-ms-routing-request-id": "WESTEUROPE:20220916T142458Z:c29c8c67-fbe9-40ac-adf3-6131315e272d",
        "X-Powered-By": "ASP.NET"
      },
      "ResponseBody": {
        "id": "/subscriptions/00000000-0000-0000-0000-000000000000/resourceGroups/sdk-python-tests-rg-tmp/providers/Microsoft.NetApp/netAppAccounts/sdk-py-tests-acc-1-c97f26bf",
        "name": "sdk-py-tests-acc-1-c97f26bf",
        "type": "Microsoft.NetApp/netAppAccounts",
        "etag": "W/\u0022datetime\u00272022-09-16T14%3A24%3A57.2874605Z\u0027\u0022",
        "location": "westus2",
        "tags": {
          "CreatedOnDate": "2022-09-16T14:24:53.8780531Z"
        },
        "properties": {
          "provisioningState": "Creating"
        },
        "systemData": {
          "createdBy": "00000000-0000-0000-0000-000000000000",
          "createdByType": "Application",
          "createdAt": "2022-09-16T14:24:56.3521114Z",
          "lastModifiedBy": "00000000-0000-0000-0000-000000000000",
          "lastModifiedByType": "Application",
          "lastModifiedAt": "2022-09-16T14:24:56.3521114Z"
        }
      }
    },
    {
      "RequestUri": "https://management.azure.com/subscriptions/00000000-0000-0000-0000-000000000000/providers/Microsoft.NetApp/locations/westus2/operationResults/752b896b-f52f-4242-a0e1-61a034586a1c?api-version=2022-05-01",
      "RequestMethod": "GET",
      "RequestHeaders": {
        "Accept": "*/*",
        "Accept-Encoding": "gzip, deflate",
        "Connection": "keep-alive",
        "User-Agent": "azsdk-python-mgmt-netapp/9.0.0 Python/3.8.10 (macOS-12.5.1-x86_64-i386-64bit)"
      },
      "RequestBody": null,
      "StatusCode": 200,
      "ResponseHeaders": {
        "Cache-Control": "no-cache",
        "Content-Encoding": "gzip",
        "Content-Type": "application/json; charset=utf-8",
        "Date": "Fri, 16 Sep 2022 14:25:28 GMT",
        "Expires": "-1",
        "Pragma": "no-cache",
        "Server": "Microsoft-IIS/10.0",
        "Strict-Transport-Security": "max-age=31536000; includeSubDomains",
        "Transfer-Encoding": "chunked",
        "Vary": "Accept-Encoding",
        "X-Content-Type-Options": "nosniff",
        "x-ms-correlation-request-id": "f04f57e2-9089-4eb9-9d89-90be8456bda6",
        "x-ms-ratelimit-remaining-subscription-reads": "11999",
        "x-ms-routing-request-id": "WESTEUROPE:20220916T142528Z:f04f57e2-9089-4eb9-9d89-90be8456bda6",
        "X-Powered-By": "ASP.NET"
      },
      "ResponseBody": {
        "id": "/subscriptions/00000000-0000-0000-0000-000000000000/providers/Microsoft.NetApp/locations/westus2/operationResults/752b896b-f52f-4242-a0e1-61a034586a1c",
        "name": "752b896b-f52f-4242-a0e1-61a034586a1c",
        "status": "Succeeded",
        "startTime": "2022-09-16T14:24:57.2848468Z",
        "endTime": "2022-09-16T14:24:57.3473669Z",
        "percentComplete": 100.0,
        "properties": {
          "resourceName": "/subscriptions/00000000-0000-0000-0000-000000000000/resourceGroups/sdk-python-tests-rg-tmp/providers/Microsoft.NetApp/netAppAccounts/sdk-py-tests-acc-1-c97f26bf"
        }
      }
    },
    {
      "RequestUri": "https://management.azure.com/subscriptions/00000000-0000-0000-0000-000000000000/resourceGroups/sdk-python-tests-rg-tmp/providers/Microsoft.NetApp/netAppAccounts/sdk-py-tests-acc-1-c97f26bf?api-version=2022-05-01",
      "RequestMethod": "GET",
      "RequestHeaders": {
        "Accept": "*/*",
        "Accept-Encoding": "gzip, deflate",
        "Connection": "keep-alive",
        "User-Agent": "azsdk-python-mgmt-netapp/9.0.0 Python/3.8.10 (macOS-12.5.1-x86_64-i386-64bit)"
      },
      "RequestBody": null,
      "StatusCode": 200,
      "ResponseHeaders": {
        "Cache-Control": "no-cache",
        "Content-Encoding": "gzip",
        "Content-Type": "application/json; charset=utf-8",
        "Date": "Fri, 16 Sep 2022 14:25:28 GMT",
        "ETag": "W/\u0022datetime\u00272022-09-16T14%3A24%3A57.3599039Z\u0027\u0022",
        "Expires": "-1",
        "Pragma": "no-cache",
        "Server": "Microsoft-IIS/10.0",
        "Strict-Transport-Security": "max-age=31536000; includeSubDomains",
        "Transfer-Encoding": "chunked",
        "Vary": "Accept-Encoding",
        "X-Content-Type-Options": "nosniff",
        "x-ms-correlation-request-id": "17459c52-44fe-4c1f-8e34-b9d09caf70d7",
        "x-ms-ratelimit-remaining-subscription-reads": "11998",
        "x-ms-routing-request-id": "WESTEUROPE:20220916T142528Z:17459c52-44fe-4c1f-8e34-b9d09caf70d7",
        "X-Powered-By": "ASP.NET"
      },
      "ResponseBody": {
        "id": "/subscriptions/00000000-0000-0000-0000-000000000000/resourceGroups/sdk-python-tests-rg-tmp/providers/Microsoft.NetApp/netAppAccounts/sdk-py-tests-acc-1-c97f26bf",
        "name": "sdk-py-tests-acc-1-c97f26bf",
        "type": "Microsoft.NetApp/netAppAccounts",
        "etag": "W/\u0022datetime\u00272022-09-16T14%3A24%3A57.3599039Z\u0027\u0022",
        "location": "westus2",
        "tags": {
          "CreatedOnDate": "2022-09-16T14:24:53.8780531Z"
        },
        "properties": {
          "activeDirectories": [
            {
              "activeDirectoryId": "503d38f9-f17c-f92d-ef26-b0d46374534b",
              "username": "sdkuser",
              "password": "****************",
              "domain": "sdkdomain",
              "dns": "192.0.2.2",
              "status": "Created",
              "smbServerName": "SDKSMBSeNa",
              "organizationalUnit": "CN=Computers",
              "aesEncryption": false,
              "ldapSigning": false,
              "ldapOverTLS": false,
              "allowLocalNfsUsersWithLdap": false,
              "encryptDCConnections": false,
              "ldapSearchScope": {}
            }
          ],
          "encryption": {
            "keySource": "Microsoft.NetApp"
          },
          "provisioningState": "Succeeded"
        },
        "systemData": {
          "createdBy": "00000000-0000-0000-0000-000000000000",
          "createdByType": "Application",
          "createdAt": "2022-09-16T14:24:56.3521114Z",
          "lastModifiedBy": "00000000-0000-0000-0000-000000000000",
          "lastModifiedByType": "Application",
          "lastModifiedAt": "2022-09-16T14:24:56.3521114Z"
        }
      }
    },
    {
      "RequestUri": "https://management.azure.com/subscriptions/00000000-0000-0000-0000-000000000000/resourceGroups/sdk-python-tests-rg-tmp/providers/Microsoft.NetApp/netAppAccounts/sdk-py-tests-acc-1-c97f26bf/capacityPools/sdk-py-tests-pool-1?api-version=2022-05-01",
      "RequestMethod": "PUT",
      "RequestHeaders": {
        "Accept": "application/json",
        "Accept-Encoding": "gzip, deflate",
        "Connection": "keep-alive",
        "Content-Length": "138",
        "Content-Type": "application/json",
        "User-Agent": "azsdk-python-mgmt-netapp/9.0.0 Python/3.8.10 (macOS-12.5.1-x86_64-i386-64bit)"
      },
      "RequestBody": {
        "location": "westus2",
        "properties": {
          "size": 4398046511104,
          "serviceLevel": "Premium",
          "coolAccess": false,
          "encryptionType": "Single"
        }
      },
      "StatusCode": 201,
      "ResponseHeaders": {
        "Azure-AsyncOperation": "https://management.azure.com/subscriptions/00000000-0000-0000-0000-000000000000/providers/Microsoft.NetApp/locations/westus2/operationResults/475194e0-f818-4dde-ab64-779e57a2cb0a?api-version=2022-05-01",
        "Cache-Control": "no-cache",
        "Content-Length": "922",
        "Content-Type": "application/json; charset=utf-8",
        "Date": "Fri, 16 Sep 2022 14:25:31 GMT",
        "ETag": "W/\u0022datetime\u00272022-09-16T14%3A25%3A30.7345036Z\u0027\u0022",
        "Expires": "-1",
        "Pragma": "no-cache",
        "Server": "Microsoft-IIS/10.0",
        "Strict-Transport-Security": "max-age=31536000; includeSubDomains",
        "X-Content-Type-Options": "nosniff",
        "x-ms-correlation-request-id": "692920aa-2f33-4002-9b49-8c6ad910d950",
        "x-ms-ratelimit-remaining-subscription-writes": "1198",
        "x-ms-routing-request-id": "WESTEUROPE:20220916T142532Z:692920aa-2f33-4002-9b49-8c6ad910d950",
        "X-Powered-By": "ASP.NET"
      },
      "ResponseBody": {
        "id": "/subscriptions/00000000-0000-0000-0000-000000000000/resourceGroups/sdk-python-tests-rg-tmp/providers/Microsoft.NetApp/netAppAccounts/sdk-py-tests-acc-1-c97f26bf/capacityPools/sdk-py-tests-pool-1",
        "name": "sdk-py-tests-acc-1-c97f26bf/sdk-py-tests-pool-1",
        "type": "Microsoft.NetApp/netAppAccounts/capacityPools",
        "etag": "W/\u0022datetime\u00272022-09-16T14%3A25%3A30.7345036Z\u0027\u0022",
        "location": "westus2",
        "tags": {
          "CreatedOnDate": "2022-09-16T14:25:29.3068888Z"
        },
        "properties": {
          "serviceLevel": "Premium",
          "size": 4398046511104,
          "totalThroughputMibps": 0.0,
          "utilizedThroughputMibps": 0.0,
          "encryptionType": "Single",
          "coolAccess": false,
          "provisioningState": "Creating"
        },
        "systemData": {
          "createdBy": "00000000-0000-0000-0000-000000000000",
          "createdByType": "Application",
          "createdAt": "2022-09-16T14:25:30.5246447Z",
          "lastModifiedBy": "00000000-0000-0000-0000-000000000000",
          "lastModifiedByType": "Application",
          "lastModifiedAt": "2022-09-16T14:25:30.5246447Z"
        }
      }
    },
    {
      "RequestUri": "https://management.azure.com/subscriptions/00000000-0000-0000-0000-000000000000/providers/Microsoft.NetApp/locations/westus2/operationResults/475194e0-f818-4dde-ab64-779e57a2cb0a?api-version=2022-05-01",
      "RequestMethod": "GET",
      "RequestHeaders": {
        "Accept": "*/*",
        "Accept-Encoding": "gzip, deflate",
        "Connection": "keep-alive",
        "User-Agent": "azsdk-python-mgmt-netapp/9.0.0 Python/3.8.10 (macOS-12.5.1-x86_64-i386-64bit)"
      },
      "RequestBody": null,
      "StatusCode": 200,
      "ResponseHeaders": {
        "Cache-Control": "no-cache",
        "Content-Encoding": "gzip",
        "Content-Type": "application/json; charset=utf-8",
        "Date": "Fri, 16 Sep 2022 14:26:01 GMT",
        "Expires": "-1",
        "Pragma": "no-cache",
        "Server": "Microsoft-IIS/10.0",
        "Strict-Transport-Security": "max-age=31536000; includeSubDomains",
        "Transfer-Encoding": "chunked",
        "Vary": "Accept-Encoding",
        "X-Content-Type-Options": "nosniff",
        "x-ms-correlation-request-id": "218e1933-9b3a-47f0-bb25-75fcda1375f2",
        "x-ms-ratelimit-remaining-subscription-reads": "11997",
        "x-ms-routing-request-id": "WESTEUROPE:20220916T142602Z:218e1933-9b3a-47f0-bb25-75fcda1375f2",
        "X-Powered-By": "ASP.NET"
      },
      "ResponseBody": {
        "id": "/subscriptions/00000000-0000-0000-0000-000000000000/providers/Microsoft.NetApp/locations/westus2/operationResults/475194e0-f818-4dde-ab64-779e57a2cb0a",
        "name": "475194e0-f818-4dde-ab64-779e57a2cb0a",
        "status": "Succeeded",
        "startTime": "2022-09-16T14:25:30.7410108Z",
        "endTime": "2022-09-16T14:25:31.5696361Z",
        "percentComplete": 100.0,
        "properties": {
          "resourceName": "/subscriptions/00000000-0000-0000-0000-000000000000/resourceGroups/sdk-python-tests-rg-tmp/providers/Microsoft.NetApp/netAppAccounts/sdk-py-tests-acc-1-c97f26bf/capacityPools/sdk-py-tests-pool-1"
        }
      }
    },
    {
      "RequestUri": "https://management.azure.com/subscriptions/00000000-0000-0000-0000-000000000000/resourceGroups/sdk-python-tests-rg-tmp/providers/Microsoft.NetApp/netAppAccounts/sdk-py-tests-acc-1-c97f26bf/capacityPools/sdk-py-tests-pool-1?api-version=2022-05-01",
      "RequestMethod": "GET",
      "RequestHeaders": {
        "Accept": "*/*",
        "Accept-Encoding": "gzip, deflate",
        "Connection": "keep-alive",
        "User-Agent": "azsdk-python-mgmt-netapp/9.0.0 Python/3.8.10 (macOS-12.5.1-x86_64-i386-64bit)"
      },
      "RequestBody": null,
      "StatusCode": 200,
      "ResponseHeaders": {
        "Cache-Control": "no-cache",
        "Content-Encoding": "gzip",
        "Content-Type": "application/json; charset=utf-8",
        "Date": "Fri, 16 Sep 2022 14:26:02 GMT",
        "ETag": "W/\u0022datetime\u00272022-09-16T14%3A25%3A31.5725029Z\u0027\u0022",
        "Expires": "-1",
        "Pragma": "no-cache",
        "Server": "Microsoft-IIS/10.0",
        "Strict-Transport-Security": "max-age=31536000; includeSubDomains",
        "Transfer-Encoding": "chunked",
        "Vary": "Accept-Encoding",
        "X-Content-Type-Options": "nosniff",
        "x-ms-correlation-request-id": "d11da639-c118-425e-8aec-5e1c8d61dd6f",
        "x-ms-ratelimit-remaining-subscription-reads": "11996",
        "x-ms-routing-request-id": "WESTEUROPE:20220916T142602Z:d11da639-c118-425e-8aec-5e1c8d61dd6f",
        "X-Powered-By": "ASP.NET"
      },
      "ResponseBody": {
        "id": "/subscriptions/00000000-0000-0000-0000-000000000000/resourceGroups/sdk-python-tests-rg-tmp/providers/Microsoft.NetApp/netAppAccounts/sdk-py-tests-acc-1-c97f26bf/capacityPools/sdk-py-tests-pool-1",
        "name": "sdk-py-tests-acc-1-c97f26bf/sdk-py-tests-pool-1",
        "type": "Microsoft.NetApp/netAppAccounts/capacityPools",
        "etag": "W/\u0022datetime\u00272022-09-16T14%3A25%3A31.5725029Z\u0027\u0022",
        "location": "westus2",
        "tags": {
          "CreatedOnDate": "2022-09-16T14:25:29.3068888Z"
        },
        "properties": {
          "poolId": "0f96561b-c4ef-9afc-6adf-0dcc31546453",
          "serviceLevel": "Premium",
          "size": 4398046511104,
          "qosType": "Auto",
          "totalThroughputMibps": 256.0,
          "utilizedThroughputMibps": 0.0,
          "encryptionType": "Single",
          "coolAccess": false,
          "provisioningState": "Succeeded"
        },
        "systemData": {
          "createdBy": "00000000-0000-0000-0000-000000000000",
          "createdByType": "Application",
          "createdAt": "2022-09-16T14:25:30.5246447Z",
          "lastModifiedBy": "00000000-0000-0000-0000-000000000000",
          "lastModifiedByType": "Application",
          "lastModifiedAt": "2022-09-16T14:25:30.5246447Z"
        }
      }
    },
    {
      "RequestUri": "https://management.azure.com/subscriptions/00000000-0000-0000-0000-000000000000/resourceGroups/sdk-python-tests-rg-tmp/providers/Microsoft.NetApp/netAppAccounts/sdk-py-tests-acc-1-c97f26bf/capacityPools/sdk-py-tests-pool-1?api-version=2022-05-01",
      "RequestMethod": "GET",
      "RequestHeaders": {
        "Accept": "application/json",
        "Accept-Encoding": "gzip, deflate",
        "Connection": "keep-alive",
        "User-Agent": "azsdk-python-mgmt-netapp/9.0.0 Python/3.8.10 (macOS-12.5.1-x86_64-i386-64bit)"
      },
      "RequestBody": null,
      "StatusCode": 200,
      "ResponseHeaders": {
        "Cache-Control": "no-cache",
        "Content-Encoding": "gzip",
        "Content-Type": "application/json; charset=utf-8",
        "Date": "Fri, 16 Sep 2022 14:26:02 GMT",
        "ETag": "W/\u0022datetime\u00272022-09-16T14%3A25%3A31.5725029Z\u0027\u0022",
        "Expires": "-1",
        "Pragma": "no-cache",
        "Server": "Microsoft-IIS/10.0",
        "Strict-Transport-Security": "max-age=31536000; includeSubDomains",
        "Transfer-Encoding": "chunked",
        "Vary": "Accept-Encoding",
        "X-Content-Type-Options": "nosniff",
        "x-ms-correlation-request-id": "f70ab053-3e6a-4485-8e98-8201846d3141",
        "x-ms-ratelimit-remaining-subscription-reads": "11995",
        "x-ms-routing-request-id": "WESTEUROPE:20220916T142603Z:f70ab053-3e6a-4485-8e98-8201846d3141",
        "X-Powered-By": "ASP.NET"
      },
      "ResponseBody": {
        "id": "/subscriptions/00000000-0000-0000-0000-000000000000/resourceGroups/sdk-python-tests-rg-tmp/providers/Microsoft.NetApp/netAppAccounts/sdk-py-tests-acc-1-c97f26bf/capacityPools/sdk-py-tests-pool-1",
        "name": "sdk-py-tests-acc-1-c97f26bf/sdk-py-tests-pool-1",
        "type": "Microsoft.NetApp/netAppAccounts/capacityPools",
        "etag": "W/\u0022datetime\u00272022-09-16T14%3A25%3A31.5725029Z\u0027\u0022",
        "location": "westus2",
        "tags": {
          "CreatedOnDate": "2022-09-16T14:25:29.3068888Z"
        },
        "properties": {
          "poolId": "0f96561b-c4ef-9afc-6adf-0dcc31546453",
          "serviceLevel": "Premium",
          "size": 4398046511104,
          "qosType": "Auto",
          "totalThroughputMibps": 256.0,
          "utilizedThroughputMibps": 0.0,
          "encryptionType": "Single",
          "coolAccess": false,
          "provisioningState": "Succeeded"
        },
        "systemData": {
          "createdBy": "00000000-0000-0000-0000-000000000000",
          "createdByType": "Application",
          "createdAt": "2022-09-16T14:25:30.5246447Z",
          "lastModifiedBy": "00000000-0000-0000-0000-000000000000",
          "lastModifiedByType": "Application",
          "lastModifiedAt": "2022-09-16T14:25:30.5246447Z"
        }
      }
    },
    {
      "RequestUri": "https://management.azure.com/subscriptions/00000000-0000-0000-0000-000000000000/resourceGroups/sdk-python-tests-rg-tmp/providers/Microsoft.NetApp/netAppAccounts/sdk-py-tests-acc-1-c97f26bf/capacityPools/sdk-py-tests-pool-1?api-version=2022-05-01",
      "RequestMethod": "DELETE",
      "RequestHeaders": {
        "Accept": "*/*",
        "Accept-Encoding": "gzip, deflate",
        "Connection": "keep-alive",
        "Content-Length": "0",
        "User-Agent": "azsdk-python-mgmt-netapp/9.0.0 Python/3.8.10 (macOS-12.5.1-x86_64-i386-64bit)"
      },
      "RequestBody": null,
      "StatusCode": 202,
      "ResponseHeaders": {
        "Azure-AsyncOperation": "https://management.azure.com/subscriptions/00000000-0000-0000-0000-000000000000/providers/Microsoft.NetApp/locations/westus2/operationResults/3277aac7-9d0b-4363-a422-d49109ef56eb?api-version=2022-05-01",
        "Cache-Control": "no-cache",
        "Content-Length": "0",
        "Date": "Fri, 16 Sep 2022 14:26:13 GMT",
        "Expires": "-1",
        "Location": "https://management.azure.com/subscriptions/00000000-0000-0000-0000-000000000000/providers/Microsoft.NetApp/locations/westus2/operationResults/3277aac7-9d0b-4363-a422-d49109ef56eb?api-version=2022-05-01\u0026operationResultResponseType=Location",
        "Pragma": "no-cache",
        "Server": "Microsoft-IIS/10.0",
        "Strict-Transport-Security": "max-age=31536000; includeSubDomains",
        "X-Content-Type-Options": "nosniff",
        "x-ms-correlation-request-id": "c526b492-1a5c-4d64-9324-77d34c5a90b8",
        "x-ms-ratelimit-remaining-subscription-deletes": "14999",
        "x-ms-routing-request-id": "WESTEUROPE:20220916T142613Z:c526b492-1a5c-4d64-9324-77d34c5a90b8",
        "X-Powered-By": "ASP.NET"
      },
      "ResponseBody": null
    },
    {
      "RequestUri": "https://management.azure.com/subscriptions/00000000-0000-0000-0000-000000000000/providers/Microsoft.NetApp/locations/westus2/operationResults/3277aac7-9d0b-4363-a422-d49109ef56eb?api-version=2022-05-01",
      "RequestMethod": "GET",
      "RequestHeaders": {
        "Accept": "*/*",
        "Accept-Encoding": "gzip, deflate",
        "Connection": "keep-alive",
        "User-Agent": "azsdk-python-mgmt-netapp/9.0.0 Python/3.8.10 (macOS-12.5.1-x86_64-i386-64bit)"
      },
      "RequestBody": null,
      "StatusCode": 200,
      "ResponseHeaders": {
        "Cache-Control": "no-cache",
        "Content-Encoding": "gzip",
        "Content-Type": "application/json; charset=utf-8",
        "Date": "Fri, 16 Sep 2022 14:26:43 GMT",
        "Expires": "-1",
        "Pragma": "no-cache",
        "Server": "Microsoft-IIS/10.0",
        "Strict-Transport-Security": "max-age=31536000; includeSubDomains",
        "Transfer-Encoding": "chunked",
        "Vary": "Accept-Encoding",
        "X-Content-Type-Options": "nosniff",
        "x-ms-correlation-request-id": "dcff1204-a5c8-463e-b942-5e28edf15030",
        "x-ms-ratelimit-remaining-subscription-reads": "11994",
        "x-ms-routing-request-id": "WESTEUROPE:20220916T142644Z:dcff1204-a5c8-463e-b942-5e28edf15030",
        "X-Powered-By": "ASP.NET"
      },
      "ResponseBody": {
        "id": "/subscriptions/00000000-0000-0000-0000-000000000000/providers/Microsoft.NetApp/locations/westus2/operationResults/3277aac7-9d0b-4363-a422-d49109ef56eb",
        "name": "3277aac7-9d0b-4363-a422-d49109ef56eb",
        "status": "Succeeded",
        "startTime": "2022-09-16T14:26:13.8091754Z",
        "endTime": "2022-09-16T14:26:14.7779754Z",
        "percentComplete": 100.0,
        "properties": {
          "resourceName": "/subscriptions/00000000-0000-0000-0000-000000000000/resourceGroups/sdk-python-tests-rg-tmp/providers/Microsoft.NetApp/netAppAccounts/sdk-py-tests-acc-1-c97f26bf/capacityPools/sdk-py-tests-pool-1"
        }
      }
    },
    {
      "RequestUri": "https://management.azure.com/subscriptions/00000000-0000-0000-0000-000000000000/providers/Microsoft.NetApp/locations/westus2/operationResults/3277aac7-9d0b-4363-a422-d49109ef56eb?api-version=2022-05-01\u0026operationResultResponseType=Location",
      "RequestMethod": "GET",
      "RequestHeaders": {
        "Accept": "*/*",
        "Accept-Encoding": "gzip, deflate",
        "Connection": "keep-alive",
        "User-Agent": "azsdk-python-mgmt-netapp/9.0.0 Python/3.8.10 (macOS-12.5.1-x86_64-i386-64bit)"
      },
      "RequestBody": null,
      "StatusCode": 200,
      "ResponseHeaders": {
        "Cache-Control": "no-cache",
        "Content-Encoding": "gzip",
        "Content-Type": "application/json; charset=utf-8",
        "Date": "Fri, 16 Sep 2022 14:26:43 GMT",
        "Expires": "-1",
        "Pragma": "no-cache",
        "Server": "Microsoft-IIS/10.0",
        "Strict-Transport-Security": "max-age=31536000; includeSubDomains",
        "Transfer-Encoding": "chunked",
        "Vary": "Accept-Encoding",
        "X-Content-Type-Options": "nosniff",
        "x-ms-correlation-request-id": "30e998e3-d31c-4e65-bb51-452395030441",
        "x-ms-ratelimit-remaining-subscription-reads": "11993",
        "x-ms-routing-request-id": "WESTEUROPE:20220916T142644Z:30e998e3-d31c-4e65-bb51-452395030441",
        "X-Powered-By": "ASP.NET"
      },
      "ResponseBody": {
        "id": "/subscriptions/00000000-0000-0000-0000-000000000000/resourceGroups/sdk-python-tests-rg-tmp/providers/Microsoft.NetApp/netAppAccounts/sdk-py-tests-acc-1-c97f26bf/capacityPools/sdk-py-tests-pool-1",
        "name": "sdk-py-tests-acc-1-c97f26bf/sdk-py-tests-pool-1",
        "type": "Microsoft.NetApp/netAppAccounts/capacityPools",
        "etag": "W/\u0022datetime\u00272022-09-16T14%3A26%3A13.8153768Z\u0027\u0022",
        "location": "westus2",
        "tags": {
          "CreatedOnDate": "2022-09-16T14:25:29.3068888Z"
        },
        "properties": {
          "poolId": "0f96561b-c4ef-9afc-6adf-0dcc31546453",
          "serviceLevel": "Premium",
          "size": 4398046511104,
          "vendorID": "/subscriptions/00000000-0000-0000-0000-000000000000/resourceGroups/sdk-python-tests-rg-tmp/providers/Microsoft.NetApp/netAppAccounts/sdk-py-tests-acc-1-c97f26bf/capacityPools/sdk-py-tests-pool-1",
          "qosType": "Auto",
          "totalThroughputMibps": 256.0,
          "utilizedThroughputMibps": 0.0,
          "encryptionType": "Single",
          "coolAccess": false,
          "provisioningState": "Deleting"
        },
        "systemData": {
          "createdBy": "00000000-0000-0000-0000-000000000000",
          "createdByType": "Application",
          "createdAt": "2022-09-16T14:25:30.5246447Z",
          "lastModifiedBy": "00000000-0000-0000-0000-000000000000",
          "lastModifiedByType": "Application",
          "lastModifiedAt": "2022-09-16T14:25:30.5246447Z"
        }
      }
    },
    {
      "RequestUri": "https://management.azure.com/subscriptions/00000000-0000-0000-0000-000000000000/resourceGroups/sdk-python-tests-rg-tmp/providers/Microsoft.NetApp/netAppAccounts/sdk-py-tests-acc-1-c97f26bf/capacityPools/sdk-py-tests-pool-1?api-version=2022-05-01",
      "RequestMethod": "DELETE",
      "RequestHeaders": {
        "Accept": "*/*",
        "Accept-Encoding": "gzip, deflate",
        "Connection": "keep-alive",
        "Content-Length": "0",
        "User-Agent": "azsdk-python-mgmt-netapp/9.0.0 Python/3.8.10 (macOS-12.5.1-x86_64-i386-64bit)"
      },
      "RequestBody": null,
      "StatusCode": 204,
      "ResponseHeaders": {
        "Cache-Control": "no-cache",
        "Date": "Fri, 16 Sep 2022 14:26:54 GMT",
        "Expires": "-1",
        "Pragma": "no-cache",
        "Strict-Transport-Security": "max-age=31536000; includeSubDomains",
        "X-Content-Type-Options": "nosniff",
        "x-ms-correlation-request-id": "a4eed0ff-8b33-4f15-b85b-82d79b722135",
        "x-ms-ratelimit-remaining-subscription-deletes": "14998",
        "x-ms-routing-request-id": "WESTEUROPE:20220916T142654Z:a4eed0ff-8b33-4f15-b85b-82d79b722135"
      },
      "ResponseBody": null
    },
    {
      "RequestUri": "https://management.azure.com/subscriptions/00000000-0000-0000-0000-000000000000/resourceGroups/sdk-python-tests-rg-tmp/providers/Microsoft.NetApp/netAppAccounts/sdk-py-tests-acc-1-c97f26bf/capacityPools/sdk-py-tests-pool-1?api-version=2022-05-01",
      "RequestMethod": "DELETE",
      "RequestHeaders": {
        "Accept": "*/*",
        "Accept-Encoding": "gzip, deflate",
        "Connection": "keep-alive",
        "Content-Length": "0",
        "User-Agent": "azsdk-python-mgmt-netapp/9.0.0 Python/3.8.10 (macOS-12.5.1-x86_64-i386-64bit)"
      },
      "RequestBody": null,
      "StatusCode": 204,
      "ResponseHeaders": {
        "Cache-Control": "no-cache",
        "Date": "Fri, 16 Sep 2022 14:27:04 GMT",
        "Expires": "-1",
        "Pragma": "no-cache",
        "Strict-Transport-Security": "max-age=31536000; includeSubDomains",
        "X-Content-Type-Options": "nosniff",
        "x-ms-correlation-request-id": "e294ac22-aab7-4067-881f-ff573ac0d4e5",
        "x-ms-ratelimit-remaining-subscription-deletes": "14997",
        "x-ms-routing-request-id": "WESTEUROPE:20220916T142705Z:e294ac22-aab7-4067-881f-ff573ac0d4e5"
      },
      "ResponseBody": null
    },
    {
      "RequestUri": "https://management.azure.com/subscriptions/00000000-0000-0000-0000-000000000000/resourceGroups/sdk-python-tests-rg-tmp/providers/Microsoft.NetApp/netAppAccounts/sdk-py-tests-acc-1-c97f26bf/capacityPools/sdk-py-tests-pool-1?api-version=2022-05-01",
      "RequestMethod": "DELETE",
      "RequestHeaders": {
        "Accept": "*/*",
        "Accept-Encoding": "gzip, deflate",
        "Connection": "keep-alive",
        "Content-Length": "0",
        "User-Agent": "azsdk-python-mgmt-netapp/9.0.0 Python/3.8.10 (macOS-12.5.1-x86_64-i386-64bit)"
      },
      "RequestBody": null,
      "StatusCode": 204,
      "ResponseHeaders": {
        "Cache-Control": "no-cache",
        "Date": "Fri, 16 Sep 2022 14:27:15 GMT",
        "Expires": "-1",
        "Pragma": "no-cache",
        "Strict-Transport-Security": "max-age=31536000; includeSubDomains",
        "X-Content-Type-Options": "nosniff",
        "x-ms-correlation-request-id": "f173267a-ccb1-40fc-bbf6-7dbff521b653",
        "x-ms-ratelimit-remaining-subscription-deletes": "14996",
        "x-ms-routing-request-id": "WESTEUROPE:20220916T142715Z:f173267a-ccb1-40fc-bbf6-7dbff521b653"
      },
      "ResponseBody": null
    },
    {
      "RequestUri": "https://management.azure.com/subscriptions/00000000-0000-0000-0000-000000000000/resourceGroups/sdk-python-tests-rg-tmp/providers/Microsoft.NetApp/netAppAccounts/sdk-py-tests-acc-1-c97f26bf/capacityPools/sdk-py-tests-pool-1?api-version=2022-05-01",
      "RequestMethod": "DELETE",
      "RequestHeaders": {
        "Accept": "*/*",
        "Accept-Encoding": "gzip, deflate",
        "Connection": "keep-alive",
        "Content-Length": "0",
        "User-Agent": "azsdk-python-mgmt-netapp/9.0.0 Python/3.8.10 (macOS-12.5.1-x86_64-i386-64bit)"
      },
      "RequestBody": null,
      "StatusCode": 204,
      "ResponseHeaders": {
        "Cache-Control": "no-cache",
        "Date": "Fri, 16 Sep 2022 14:27:25 GMT",
        "Expires": "-1",
        "Pragma": "no-cache",
        "Strict-Transport-Security": "max-age=31536000; includeSubDomains",
        "X-Content-Type-Options": "nosniff",
        "x-ms-correlation-request-id": "029e4a69-3d2e-4adf-a6ef-baea4c9f814c",
        "x-ms-ratelimit-remaining-subscription-deletes": "14995",
        "x-ms-routing-request-id": "WESTEUROPE:20220916T142725Z:029e4a69-3d2e-4adf-a6ef-baea4c9f814c"
      },
      "ResponseBody": null
    },
    {
      "RequestUri": "https://management.azure.com/subscriptions/00000000-0000-0000-0000-000000000000/resourceGroups/sdk-python-tests-rg-tmp/providers/Microsoft.NetApp/netAppAccounts/sdk-py-tests-acc-1-c97f26bf/capacityPools/sdk-py-tests-pool-1?api-version=2022-05-01",
      "RequestMethod": "GET",
      "RequestHeaders": {
        "Accept": "application/json",
        "Accept-Encoding": "gzip, deflate",
        "Connection": "keep-alive",
        "User-Agent": "azsdk-python-mgmt-netapp/9.0.0 Python/3.8.10 (macOS-12.5.1-x86_64-i386-64bit)"
      },
      "RequestBody": null,
      "StatusCode": 404,
      "ResponseHeaders": {
        "Cache-Control": "no-cache",
        "Content-Length": "288",
        "Content-Type": "application/json; charset=utf-8",
        "Date": "Fri, 16 Sep 2022 14:27:35 GMT",
        "Expires": "-1",
        "Pragma": "no-cache",
        "Strict-Transport-Security": "max-age=31536000; includeSubDomains",
        "X-Content-Type-Options": "nosniff",
        "x-ms-correlation-request-id": "2121c71f-ead0-4e36-b5c1-2e4bb1c416cd",
        "x-ms-failure-cause": "gateway",
        "x-ms-routing-request-id": "WESTEUROPE:20220916T142735Z:2121c71f-ead0-4e36-b5c1-2e4bb1c416cd"
      },
      "ResponseBody": {
        "error": {
          "code": "ResourceNotFound",
          "message": "The Resource \u0027Microsoft.NetApp/netAppAccounts/sdk-py-tests-acc-1-c97f26bf/capacityPools/sdk-py-tests-pool-1\u0027 under resource group \u0027sdk-python-tests-rg-tmp\u0027 was not found. For more details please go to https://aka.ms/ARMResourceNotFoundFix"
        }
      }
    },
    {
      "RequestUri": "https://management.azure.com/subscriptions/00000000-0000-0000-0000-000000000000/resourceGroups/sdk-python-tests-rg-tmp/providers/Microsoft.NetApp/netAppAccounts/sdk-py-tests-acc-1-c97f26bf?api-version=2022-05-01",
      "RequestMethod": "DELETE",
      "RequestHeaders": {
        "Accept": "*/*",
        "Accept-Encoding": "gzip, deflate",
        "Connection": "keep-alive",
        "Content-Length": "0",
        "User-Agent": "azsdk-python-mgmt-netapp/9.0.0 Python/3.8.10 (macOS-12.5.1-x86_64-i386-64bit)"
      },
      "RequestBody": null,
      "StatusCode": 202,
      "ResponseHeaders": {
        "Azure-AsyncOperation": "https://management.azure.com/subscriptions/00000000-0000-0000-0000-000000000000/providers/Microsoft.NetApp/locations/westus2/operationResults/731235b1-8c71-45df-9274-ea58adcbe114?api-version=2022-05-01",
        "Cache-Control": "no-cache",
        "Content-Length": "0",
        "Date": "Fri, 16 Sep 2022 14:27:36 GMT",
        "Expires": "-1",
        "Location": "https://management.azure.com/subscriptions/00000000-0000-0000-0000-000000000000/providers/Microsoft.NetApp/locations/westus2/operationResults/731235b1-8c71-45df-9274-ea58adcbe114?api-version=2022-05-01\u0026operationResultResponseType=Location",
        "Pragma": "no-cache",
        "Server": "Microsoft-IIS/10.0",
        "Strict-Transport-Security": "max-age=31536000; includeSubDomains",
        "X-Content-Type-Options": "nosniff",
        "x-ms-correlation-request-id": "77ae8fb6-d867-4673-ace8-db10bba997ae",
        "x-ms-ratelimit-remaining-subscription-deletes": "14994",
        "x-ms-routing-request-id": "WESTEUROPE:20220916T142737Z:77ae8fb6-d867-4673-ace8-db10bba997ae",
        "X-Powered-By": "ASP.NET"
      },
      "ResponseBody": null
    },
    {
      "RequestUri": "https://management.azure.com/subscriptions/00000000-0000-0000-0000-000000000000/providers/Microsoft.NetApp/locations/westus2/operationResults/731235b1-8c71-45df-9274-ea58adcbe114?api-version=2022-05-01",
      "RequestMethod": "GET",
      "RequestHeaders": {
        "Accept": "*/*",
        "Accept-Encoding": "gzip, deflate",
        "Connection": "keep-alive",
        "User-Agent": "azsdk-python-mgmt-netapp/9.0.0 Python/3.8.10 (macOS-12.5.1-x86_64-i386-64bit)"
      },
      "RequestBody": null,
      "StatusCode": 200,
      "ResponseHeaders": {
        "Cache-Control": "no-cache",
        "Content-Encoding": "gzip",
        "Content-Type": "application/json; charset=utf-8",
        "Date": "Fri, 16 Sep 2022 14:28:06 GMT",
        "Expires": "-1",
        "Pragma": "no-cache",
        "Server": "Microsoft-IIS/10.0",
        "Strict-Transport-Security": "max-age=31536000; includeSubDomains",
        "Transfer-Encoding": "chunked",
        "Vary": "Accept-Encoding",
        "X-Content-Type-Options": "nosniff",
        "x-ms-correlation-request-id": "3676868c-0b49-41fe-b077-5a2a8af3b01c",
        "x-ms-ratelimit-remaining-subscription-reads": "11991",
        "x-ms-routing-request-id": "WESTEUROPE:20220916T142807Z:3676868c-0b49-41fe-b077-5a2a8af3b01c",
        "X-Powered-By": "ASP.NET"
      },
      "ResponseBody": {
        "id": "/subscriptions/00000000-0000-0000-0000-000000000000/providers/Microsoft.NetApp/locations/westus2/operationResults/731235b1-8c71-45df-9274-ea58adcbe114",
        "name": "731235b1-8c71-45df-9274-ea58adcbe114",
        "status": "Succeeded",
        "startTime": "2022-09-16T14:27:37.1949841Z",
        "endTime": "2022-09-16T14:27:37.2418235Z",
        "percentComplete": 100.0,
        "properties": {
          "resourceName": "/subscriptions/00000000-0000-0000-0000-000000000000/resourceGroups/sdk-python-tests-rg-tmp/providers/Microsoft.NetApp/netAppAccounts/sdk-py-tests-acc-1-c97f26bf"
        }
      }
    },
    {
      "RequestUri": "https://management.azure.com/subscriptions/00000000-0000-0000-0000-000000000000/providers/Microsoft.NetApp/locations/westus2/operationResults/731235b1-8c71-45df-9274-ea58adcbe114?api-version=2022-05-01\u0026operationResultResponseType=Location",
      "RequestMethod": "GET",
      "RequestHeaders": {
        "Accept": "*/*",
        "Accept-Encoding": "gzip, deflate",
        "Connection": "keep-alive",
        "User-Agent": "azsdk-python-mgmt-netapp/9.0.0 Python/3.8.10 (macOS-12.5.1-x86_64-i386-64bit)"
      },
      "RequestBody": null,
      "StatusCode": 200,
      "ResponseHeaders": {
        "Cache-Control": "no-cache",
        "Content-Encoding": "gzip",
        "Content-Type": "application/json; charset=utf-8",
        "Date": "Fri, 16 Sep 2022 14:28:07 GMT",
        "Expires": "-1",
        "Pragma": "no-cache",
        "Server": "Microsoft-IIS/10.0",
        "Strict-Transport-Security": "max-age=31536000; includeSubDomains",
        "Transfer-Encoding": "chunked",
        "Vary": "Accept-Encoding",
        "X-Content-Type-Options": "nosniff",
        "x-ms-correlation-request-id": "574c2df3-3592-43fc-a083-bfe38f672c08",
        "x-ms-ratelimit-remaining-subscription-reads": "11990",
        "x-ms-routing-request-id": "WESTEUROPE:20220916T142807Z:574c2df3-3592-43fc-a083-bfe38f672c08",
        "X-Powered-By": "ASP.NET"
      },
      "ResponseBody": {
        "id": "/subscriptions/00000000-0000-0000-0000-000000000000/resourceGroups/sdk-python-tests-rg-tmp/providers/Microsoft.NetApp/netAppAccounts/sdk-py-tests-acc-1-c97f26bf",
        "name": "sdk-py-tests-acc-1-c97f26bf",
        "type": "Microsoft.NetApp/netAppAccounts",
        "etag": "W/\u0022datetime\u00272022-09-16T14%3A27%3A37.1999443Z\u0027\u0022",
        "location": "westus2",
        "tags": {
          "CreatedOnDate": "2022-09-16T14:24:53.8780531Z"
        },
        "properties": {
          "encryption": {
            "keySource": "Microsoft.NetApp"
          },
          "provisioningState": "Deleting"
        },
        "systemData": {
          "createdBy": "00000000-0000-0000-0000-000000000000",
          "createdByType": "Application",
          "createdAt": "2022-09-16T14:24:56.3521114Z",
          "lastModifiedBy": "00000000-0000-0000-0000-000000000000",
          "lastModifiedByType": "Application",
          "lastModifiedAt": "2022-09-16T14:24:56.3521114Z"
        }
      }
    },
    {
      "RequestUri": "https://management.azure.com/subscriptions/00000000-0000-0000-0000-000000000000/resourceGroups/sdk-python-tests-rg-tmp/providers/Microsoft.NetApp/netAppAccounts/sdk-py-tests-acc-1-c97f26bf?api-version=2022-05-01",
      "RequestMethod": "GET",
      "RequestHeaders": {
        "Accept": "application/json",
        "Accept-Encoding": "gzip, deflate",
        "Connection": "keep-alive",
        "User-Agent": "azsdk-python-mgmt-netapp/9.0.0 Python/3.8.10 (macOS-12.5.1-x86_64-i386-64bit)"
      },
      "RequestBody": null,
      "StatusCode": 404,
      "ResponseHeaders": {
        "Cache-Control": "no-cache",
        "Content-Length": "254",
        "Content-Type": "application/json; charset=utf-8",
        "Date": "Fri, 16 Sep 2022 14:28:07 GMT",
        "Expires": "-1",
        "Pragma": "no-cache",
        "Strict-Transport-Security": "max-age=31536000; includeSubDomains",
        "X-Content-Type-Options": "nosniff",
        "x-ms-correlation-request-id": "6eecb8ac-0b7c-42ce-9298-d7a1ca8c7062",
        "x-ms-failure-cause": "gateway",
        "x-ms-routing-request-id": "WESTEUROPE:20220916T142808Z:6eecb8ac-0b7c-42ce-9298-d7a1ca8c7062"
      },
      "ResponseBody": {
        "error": {
          "code": "ResourceNotFound",
          "message": "The Resource \u0027Microsoft.NetApp/netAppAccounts/sdk-py-tests-acc-1-c97f26bf\u0027 under resource group \u0027sdk-python-tests-rg-tmp\u0027 was not found. For more details please go to https://aka.ms/ARMResourceNotFoundFix"
        }
      }
    }
  ],
  "Variables": {}
}
