interactions:
- request:
    body: '{"location": "westus2stage"}'
    headers:
      Accept:
      - application/json
      Accept-Encoding:
      - gzip, deflate
      Connection:
      - keep-alive
      Content-Length:
      - '28'
      Content-Type:
      - application/json; charset=utf-8
      User-Agent:
      - python/3.6.4 (Darwin-18.7.0-x86_64-i386-64bit) msrest/0.6.10 msrest_azure/0.4.34
        azure-mgmt-netapp/0.8.0 Azure-SDK-For-Python
      accept-language:
      - en-US
    method: PUT
    uri: https://management.azure.com/subscriptions/00000000-0000-0000-0000-000000000000/resourceGroups/sdk-net-test-qa2/providers/Microsoft.NetApp/netAppAccounts/sdk-py-tests-acc-1?api-version=2019-10-01
  response:
    body:
      string: '{"id":"/subscriptions/00000000-0000-0000-0000-000000000000/resourceGroups/sdk-net-test-qa2/providers/Microsoft.NetApp/netAppAccounts/sdk-py-tests-acc-1","name":"sdk-py-tests-acc-1","type":"Microsoft.NetApp/netAppAccounts","etag":"W/\"datetime''2020-01-13T14%3A56%3A26.4610577Z''\"","location":"westus2stage","properties":{"name":"sdk-py-tests-acc-1","provisioningState":"Creating"}}'
    headers:
      access-control-expose-headers:
      - Request-Context
      azure-asyncoperation:
      - https://management.azure.com/subscriptions/00000000-0000-0000-0000-000000000000/providers/Microsoft.NetApp/locations/westus2stage/operationResults/47793e6a-48ca-4f4d-860b-1bf704af97ff?api-version=2019-10-01
      cache-control:
      - no-cache
      content-length:
      - '380'
      content-type:
      - application/json; charset=utf-8
      date:
      - Mon, 13 Jan 2020 14:56:26 GMT
      etag:
      - W/"datetime'2020-01-13T14%3A56%3A26.4610577Z'"
      expires:
      - '-1'
      pragma:
      - no-cache
      request-context:
      - appId=cid-v1:2c4cb680-0a1f-424d-bb8d-8e650ba68d53
      server:
      - Microsoft-IIS/10.0
      strict-transport-security:
      - max-age=31536000; includeSubDomains
      x-content-type-options:
      - nosniff
      x-ms-ratelimit-remaining-subscription-writes:
      - '1199'
      x-powered-by:
      - ASP.NET
    status:
      code: 201
      message: Created
- request:
    body: null
    headers:
      Accept:
      - application/json
      Accept-Encoding:
      - gzip, deflate
      Connection:
      - keep-alive
      User-Agent:
      - python/3.6.4 (Darwin-18.7.0-x86_64-i386-64bit) msrest/0.6.10 msrest_azure/0.4.34
        azure-mgmt-netapp/0.8.0 Azure-SDK-For-Python
    method: GET
    uri: https://management.azure.com/subscriptions/00000000-0000-0000-0000-000000000000/providers/Microsoft.NetApp/locations/westus2stage/operationResults/47793e6a-48ca-4f4d-860b-1bf704af97ff?api-version=2019-10-01
  response:
    body:
      string: '{"id":"/subscriptions/00000000-0000-0000-0000-000000000000/providers/Microsoft.NetApp/locations/westus2stage/operationResults/47793e6a-48ca-4f4d-860b-1bf704af97ff","name":"47793e6a-48ca-4f4d-860b-1bf704af97ff","status":"Succeeded","startTime":"2020-01-13T14:56:25.9344352Z","endTime":"2020-01-13T14:56:27.3719838Z","percentComplete":100.0,"properties":{"resourceName":"/subscriptions/00000000-0000-0000-0000-000000000000/resourceGroups/sdk-net-test-qa2/providers/Microsoft.NetApp/netAppAccounts/sdk-py-tests-acc-1"}}'
    headers:
      access-control-expose-headers:
      - Request-Context
      cache-control:
      - no-cache
      content-length:
      - '516'
      content-type:
      - application/json; charset=utf-8
      date:
      - Mon, 13 Jan 2020 14:56:57 GMT
      expires:
      - '-1'
      pragma:
      - no-cache
      request-context:
      - appId=cid-v1:2c4cb680-0a1f-424d-bb8d-8e650ba68d53
      server:
      - Microsoft-IIS/10.0
      strict-transport-security:
      - max-age=31536000; includeSubDomains
      transfer-encoding:
      - chunked
      vary:
      - Accept-Encoding
      x-content-type-options:
      - nosniff
      x-powered-by:
      - ASP.NET
    status:
      code: 200
      message: OK
- request:
    body: null
    headers:
      Accept:
      - application/json
      Accept-Encoding:
      - gzip, deflate
      Connection:
      - keep-alive
      User-Agent:
      - python/3.6.4 (Darwin-18.7.0-x86_64-i386-64bit) msrest/0.6.10 msrest_azure/0.4.34
        azure-mgmt-netapp/0.8.0 Azure-SDK-For-Python
    method: GET
    uri: https://management.azure.com/subscriptions/00000000-0000-0000-0000-000000000000/resourceGroups/sdk-net-test-qa2/providers/Microsoft.NetApp/netAppAccounts/sdk-py-tests-acc-1?api-version=2019-10-01
  response:
    body:
      string: '{"id":"/subscriptions/00000000-0000-0000-0000-000000000000/resourceGroups/sdk-net-test-qa2/providers/Microsoft.NetApp/netAppAccounts/sdk-py-tests-acc-1","name":"sdk-py-tests-acc-1","type":"Microsoft.NetApp/netAppAccounts","etag":"W/\"datetime''2020-01-13T14%3A56%3A27.2448034Z''\"","location":"westus2stage","properties":{"name":"sdk-py-tests-acc-1","provisioningState":"Succeeded"}}'
    headers:
      access-control-expose-headers:
      - Request-Context
      cache-control:
      - no-cache
      content-length:
      - '381'
      content-type:
      - application/json; charset=utf-8
      date:
      - Mon, 13 Jan 2020 14:56:57 GMT
      etag:
      - W/"datetime'2020-01-13T14%3A56%3A27.2448034Z'"
      expires:
      - '-1'
      pragma:
      - no-cache
      request-context:
      - appId=cid-v1:2c4cb680-0a1f-424d-bb8d-8e650ba68d53
      server:
      - Microsoft-IIS/10.0
      strict-transport-security:
      - max-age=31536000; includeSubDomains
      transfer-encoding:
      - chunked
      vary:
      - Accept-Encoding
      x-content-type-options:
      - nosniff
      x-powered-by:
      - ASP.NET
    status:
      code: 200
      message: OK
- request:
    body: '{"location": "westus2stage", "properties": {"size": 4398046511104, "serviceLevel":
      "Premium"}}'
    headers:
      Accept:
      - application/json
      Accept-Encoding:
      - gzip, deflate
      Connection:
      - keep-alive
      Content-Length:
      - '94'
      Content-Type:
      - application/json; charset=utf-8
      User-Agent:
      - python/3.6.4 (Darwin-18.7.0-x86_64-i386-64bit) msrest/0.6.10 msrest_azure/0.4.34
        azure-mgmt-netapp/0.8.0 Azure-SDK-For-Python
      accept-language:
      - en-US
      location:
      - westus2stage
    method: PUT
    uri: https://management.azure.com/subscriptions/00000000-0000-0000-0000-000000000000/resourceGroups/sdk-net-test-qa2/providers/Microsoft.NetApp/netAppAccounts/sdk-py-tests-acc-1/capacityPools/sdk-py-tests-pool-1?api-version=2019-10-01
  response:
    body:
      string: '{"id":"/subscriptions/00000000-0000-0000-0000-000000000000/resourceGroups/sdk-net-test-qa2/providers/Microsoft.NetApp/netAppAccounts/sdk-py-tests-acc-1/capacityPools/sdk-py-tests-pool-1","name":"sdk-py-tests-acc-1/sdk-py-tests-pool-1","type":"Microsoft.NetApp/netAppAccounts/capacityPools","etag":"W/\"datetime''2020-01-13T14%3A57%3A00.7688362Z''\"","location":"westus2stage","properties":{"serviceLevel":"Premium","size":4398046511104,"provisioningState":"Creating"}}'
    headers:
      access-control-expose-headers:
      - Request-Context
      azure-asyncoperation:
      - https://management.azure.com/subscriptions/00000000-0000-0000-0000-000000000000/providers/Microsoft.NetApp/locations/westus2stage/operationResults/8248b3aa-2768-495a-84b9-50c75d562f79?api-version=2019-10-01
      cache-control:
      - no-cache
      content-length:
      - '466'
      content-type:
      - application/json; charset=utf-8
      date:
      - Mon, 13 Jan 2020 14:57:00 GMT
      etag:
      - W/"datetime'2020-01-13T14%3A57%3A00.7688362Z'"
      expires:
      - '-1'
      pragma:
      - no-cache
      request-context:
      - appId=cid-v1:2c4cb680-0a1f-424d-bb8d-8e650ba68d53
      server:
      - Microsoft-IIS/10.0
      strict-transport-security:
      - max-age=31536000; includeSubDomains
      x-content-type-options:
      - nosniff
      x-ms-ratelimit-remaining-subscription-writes:
      - '1198'
      x-powered-by:
      - ASP.NET
    status:
      code: 201
      message: Created
- request:
    body: null
    headers:
      Accept:
      - application/json
      Accept-Encoding:
      - gzip, deflate
      Connection:
      - keep-alive
      User-Agent:
      - python/3.6.4 (Darwin-18.7.0-x86_64-i386-64bit) msrest/0.6.10 msrest_azure/0.4.34
        azure-mgmt-netapp/0.8.0 Azure-SDK-For-Python
    method: GET
    uri: https://management.azure.com/subscriptions/00000000-0000-0000-0000-000000000000/providers/Microsoft.NetApp/locations/westus2stage/operationResults/8248b3aa-2768-495a-84b9-50c75d562f79?api-version=2019-10-01
  response:
    body:
      string: '{"id":"/subscriptions/00000000-0000-0000-0000-000000000000/providers/Microsoft.NetApp/locations/westus2stage/operationResults/8248b3aa-2768-495a-84b9-50c75d562f79","name":"8248b3aa-2768-495a-84b9-50c75d562f79","status":"Succeeded","startTime":"2020-01-13T14:57:00.2644084Z","endTime":"2020-01-13T14:57:01.8268943Z","percentComplete":100.0,"properties":{"resourceName":"/subscriptions/00000000-0000-0000-0000-000000000000/resourceGroups/sdk-net-test-qa2/providers/Microsoft.NetApp/netAppAccounts/sdk-py-tests-acc-1/capacityPools/sdk-py-tests-pool-1"}}'
    headers:
      access-control-expose-headers:
      - Request-Context
      cache-control:
      - no-cache
      content-length:
      - '550'
      content-type:
      - application/json; charset=utf-8
      date:
      - Mon, 13 Jan 2020 14:57:51 GMT
      expires:
      - '-1'
      pragma:
      - no-cache
      request-context:
      - appId=cid-v1:2c4cb680-0a1f-424d-bb8d-8e650ba68d53
      server:
      - Microsoft-IIS/10.0
      strict-transport-security:
      - max-age=31536000; includeSubDomains
      transfer-encoding:
      - chunked
      vary:
      - Accept-Encoding
      x-content-type-options:
      - nosniff
      x-powered-by:
      - ASP.NET
    status:
      code: 200
      message: OK
- request:
    body: null
    headers:
      Accept:
      - application/json
      Accept-Encoding:
      - gzip, deflate
      Connection:
      - keep-alive
      User-Agent:
      - python/3.6.4 (Darwin-18.7.0-x86_64-i386-64bit) msrest/0.6.10 msrest_azure/0.4.34
        azure-mgmt-netapp/0.8.0 Azure-SDK-For-Python
    method: GET
    uri: https://management.azure.com/subscriptions/00000000-0000-0000-0000-000000000000/resourceGroups/sdk-net-test-qa2/providers/Microsoft.NetApp/netAppAccounts/sdk-py-tests-acc-1/capacityPools/sdk-py-tests-pool-1?api-version=2019-10-01
  response:
    body:
      string: '{"id":"/subscriptions/00000000-0000-0000-0000-000000000000/resourceGroups/sdk-net-test-qa2/providers/Microsoft.NetApp/netAppAccounts/sdk-py-tests-acc-1/capacityPools/sdk-py-tests-pool-1","name":"sdk-py-tests-acc-1/sdk-py-tests-pool-1","type":"Microsoft.NetApp/netAppAccounts/capacityPools","etag":"W/\"datetime''2020-01-13T14%3A57%3A01.6967214Z''\"","location":"westus2stage","properties":{"poolId":"53065f80-d85b-221d-2201-0bf3c2ff4a93","name":"sdk-py-tests-acc-1/sdk-py-tests-pool-1","serviceLevel":"Premium","size":4398046511104,"provisioningState":"Succeeded"}}'
    headers:
      access-control-expose-headers:
      - Request-Context
      cache-control:
      - no-cache
      content-length:
      - '563'
      content-type:
      - application/json; charset=utf-8
      date:
      - Mon, 13 Jan 2020 14:57:52 GMT
      etag:
      - W/"datetime'2020-01-13T14%3A57%3A01.6967214Z'"
      expires:
      - '-1'
      pragma:
      - no-cache
      request-context:
      - appId=cid-v1:2c4cb680-0a1f-424d-bb8d-8e650ba68d53
      server:
      - Microsoft-IIS/10.0
      strict-transport-security:
      - max-age=31536000; includeSubDomains
      transfer-encoding:
      - chunked
      vary:
      - Accept-Encoding
      x-content-type-options:
      - nosniff
      x-powered-by:
      - ASP.NET
    status:
      code: 200
      message: OK
- request:
    body: 'b''b\''{"location": "westus2stage", "properties": {"creationToken": "sdk-py-tests-vol-1",
      "serviceLevel": "Premium", "usageThreshold": 107374182400, "subnetId": "/subscriptions/00000000-0000-0000-0000-000000000000/resourceGroups/sdk-net-test-qa2/providers/Microsoft.Network/virtualNetworks/sdknettestqa2vnet464/subnets/default"}}\'''''
    headers:
      Accept:
      - application/json
      Accept-Encoding:
      - gzip, deflate
      Connection:
      - keep-alive
      Content-Length:
      - '322'
      Content-Type:
      - application/json; charset=utf-8
      User-Agent:
      - python/3.6.4 (Darwin-18.7.0-x86_64-i386-64bit) msrest/0.6.10 msrest_azure/0.4.34
        azure-mgmt-netapp/0.8.0 Azure-SDK-For-Python
      accept-language:
      - en-US
    method: PUT
    uri: https://management.azure.com/subscriptions/00000000-0000-0000-0000-000000000000/resourceGroups/sdk-net-test-qa2/providers/Microsoft.NetApp/netAppAccounts/sdk-py-tests-acc-1/capacityPools/sdk-py-tests-pool-1/volumes/sdk-py-tests-vol-1?api-version=2019-10-01
  response:
    body:
      string: '{"id":"/subscriptions/00000000-0000-0000-0000-000000000000/resourceGroups/sdk-net-test-qa2/providers/Microsoft.NetApp/netAppAccounts/sdk-py-tests-acc-1/capacityPools/sdk-py-tests-pool-1/volumes/sdk-py-tests-vol-1","name":"sdk-py-tests-acc-1/sdk-py-tests-pool-1/sdk-py-tests-vol-1","type":"Microsoft.NetApp/netAppAccounts/capacityPools/volumes","etag":"W/\"datetime''2020-01-13T14%3A57%3A55.9694001Z''\"","location":"westus2stage","properties":{"serviceLevel":"Premium","creationToken":"sdk-py-tests-vol-1","usageThreshold":107374182400,"subnetId":"/subscriptions/00000000-0000-0000-0000-000000000000/resourceGroups/sdk-net-test-qa2/providers/Microsoft.Network/virtualNetworks/sdknettestqa2vnet464/subnets/default","provisioningState":"Creating"}}'
    headers:
      access-control-expose-headers:
      - Request-Context
      azure-asyncoperation:
      - https://management.azure.com/subscriptions/00000000-0000-0000-0000-000000000000/providers/Microsoft.NetApp/locations/westus2stage/operationResults/e39c4cfc-3c18-4794-b346-566a65cf7701?api-version=2019-10-01
      cache-control:
      - no-cache
      content-length:
      - '744'
      content-type:
      - application/json; charset=utf-8
      date:
      - Mon, 13 Jan 2020 14:57:56 GMT
      etag:
      - W/"datetime'2020-01-13T14%3A57%3A55.9694001Z'"
      expires:
      - '-1'
      pragma:
      - no-cache
      request-context:
      - appId=cid-v1:2c4cb680-0a1f-424d-bb8d-8e650ba68d53
      server:
      - Microsoft-IIS/10.0
      strict-transport-security:
      - max-age=31536000; includeSubDomains
      x-content-type-options:
      - nosniff
      x-ms-ratelimit-remaining-subscription-writes:
      - '1197'
      x-powered-by:
      - ASP.NET
    status:
      code: 201
      message: Created
- request:
    body: null
    headers:
      Accept:
      - application/json
      Accept-Encoding:
      - gzip, deflate
      Connection:
      - keep-alive
      User-Agent:
      - python/3.6.4 (Darwin-18.7.0-x86_64-i386-64bit) msrest/0.6.10 msrest_azure/0.4.34
        azure-mgmt-netapp/0.8.0 Azure-SDK-For-Python
    method: GET
    uri: https://management.azure.com/subscriptions/00000000-0000-0000-0000-000000000000/providers/Microsoft.NetApp/locations/westus2stage/operationResults/e39c4cfc-3c18-4794-b346-566a65cf7701?api-version=2019-10-01
  response:
    body:
      string: '{"id":"/subscriptions/00000000-0000-0000-0000-000000000000/providers/Microsoft.NetApp/locations/westus2stage/operationResults/e39c4cfc-3c18-4794-b346-566a65cf7701","name":"e39c4cfc-3c18-4794-b346-566a65cf7701","status":"Creating","startTime":"2020-01-13T14:57:55.3916826Z","endTime":"0001-01-01T00:00:00Z","percentComplete":0.0,"properties":{"resourceName":"/subscriptions/00000000-0000-0000-0000-000000000000/resourceGroups/sdk-net-test-qa2/providers/Microsoft.NetApp/netAppAccounts/sdk-py-tests-acc-1/capacityPools/sdk-py-tests-pool-1/volumes/sdk-py-tests-vol-1"}}'
    headers:
      access-control-expose-headers:
      - Request-Context
      cache-control:
      - no-cache
      content-length:
      - '566'
      content-type:
      - application/json; charset=utf-8
      date:
      - Mon, 13 Jan 2020 14:58:27 GMT
      expires:
      - '-1'
      pragma:
      - no-cache
      request-context:
      - appId=cid-v1:2c4cb680-0a1f-424d-bb8d-8e650ba68d53
      server:
      - Microsoft-IIS/10.0
      strict-transport-security:
      - max-age=31536000; includeSubDomains
      transfer-encoding:
      - chunked
      vary:
      - Accept-Encoding
      x-content-type-options:
      - nosniff
      x-powered-by:
      - ASP.NET
    status:
      code: 200
      message: OK
- request:
    body: null
    headers:
      Accept:
      - application/json
      Accept-Encoding:
      - gzip, deflate
      Connection:
      - keep-alive
      User-Agent:
      - python/3.6.4 (Darwin-18.7.0-x86_64-i386-64bit) msrest/0.6.10 msrest_azure/0.4.34
        azure-mgmt-netapp/0.8.0 Azure-SDK-For-Python
    method: GET
    uri: https://management.azure.com/subscriptions/00000000-0000-0000-0000-000000000000/providers/Microsoft.NetApp/locations/westus2stage/operationResults/e39c4cfc-3c18-4794-b346-566a65cf7701?api-version=2019-10-01
  response:
    body:
      string: '{"id":"/subscriptions/00000000-0000-0000-0000-000000000000/providers/Microsoft.NetApp/locations/westus2stage/operationResults/e39c4cfc-3c18-4794-b346-566a65cf7701","name":"e39c4cfc-3c18-4794-b346-566a65cf7701","status":"Creating","startTime":"2020-01-13T14:57:55.3916826Z","endTime":"0001-01-01T00:00:00Z","percentComplete":0.0,"properties":{"resourceName":"/subscriptions/00000000-0000-0000-0000-000000000000/resourceGroups/sdk-net-test-qa2/providers/Microsoft.NetApp/netAppAccounts/sdk-py-tests-acc-1/capacityPools/sdk-py-tests-pool-1/volumes/sdk-py-tests-vol-1"}}'
    headers:
      access-control-expose-headers:
      - Request-Context
      cache-control:
      - no-cache
      content-length:
      - '566'
      content-type:
      - application/json; charset=utf-8
      date:
      - Mon, 13 Jan 2020 14:58:57 GMT
      expires:
      - '-1'
      pragma:
      - no-cache
      request-context:
      - appId=cid-v1:2c4cb680-0a1f-424d-bb8d-8e650ba68d53
      server:
      - Microsoft-IIS/10.0
      strict-transport-security:
      - max-age=31536000; includeSubDomains
      transfer-encoding:
      - chunked
      vary:
      - Accept-Encoding
      x-content-type-options:
      - nosniff
      x-powered-by:
      - ASP.NET
    status:
      code: 200
      message: OK
- request:
    body: null
    headers:
      Accept:
      - application/json
      Accept-Encoding:
      - gzip, deflate
      Connection:
      - keep-alive
      User-Agent:
      - python/3.6.4 (Darwin-18.7.0-x86_64-i386-64bit) msrest/0.6.10 msrest_azure/0.4.34
        azure-mgmt-netapp/0.8.0 Azure-SDK-For-Python
    method: GET
    uri: https://management.azure.com/subscriptions/00000000-0000-0000-0000-000000000000/providers/Microsoft.NetApp/locations/westus2stage/operationResults/e39c4cfc-3c18-4794-b346-566a65cf7701?api-version=2019-10-01
  response:
    body:
      string: '{"id":"/subscriptions/00000000-0000-0000-0000-000000000000/providers/Microsoft.NetApp/locations/westus2stage/operationResults/e39c4cfc-3c18-4794-b346-566a65cf7701","name":"e39c4cfc-3c18-4794-b346-566a65cf7701","status":"Creating","startTime":"2020-01-13T14:57:55.3916826Z","endTime":"0001-01-01T00:00:00Z","percentComplete":0.0,"properties":{"resourceName":"/subscriptions/00000000-0000-0000-0000-000000000000/resourceGroups/sdk-net-test-qa2/providers/Microsoft.NetApp/netAppAccounts/sdk-py-tests-acc-1/capacityPools/sdk-py-tests-pool-1/volumes/sdk-py-tests-vol-1"}}'
    headers:
      access-control-expose-headers:
      - Request-Context
      cache-control:
      - no-cache
      content-length:
      - '566'
      content-type:
      - application/json; charset=utf-8
      date:
      - Mon, 13 Jan 2020 14:59:28 GMT
      expires:
      - '-1'
      pragma:
      - no-cache
      request-context:
      - appId=cid-v1:2c4cb680-0a1f-424d-bb8d-8e650ba68d53
      server:
      - Microsoft-IIS/10.0
      strict-transport-security:
      - max-age=31536000; includeSubDomains
      transfer-encoding:
      - chunked
      vary:
      - Accept-Encoding
      x-content-type-options:
      - nosniff
      x-powered-by:
      - ASP.NET
    status:
      code: 200
      message: OK
- request:
    body: null
    headers:
      Accept:
      - application/json
      Accept-Encoding:
      - gzip, deflate
      Connection:
      - keep-alive
      User-Agent:
      - python/3.6.4 (Darwin-18.7.0-x86_64-i386-64bit) msrest/0.6.10 msrest_azure/0.4.34
        azure-mgmt-netapp/0.8.0 Azure-SDK-For-Python
    method: GET
    uri: https://management.azure.com/subscriptions/00000000-0000-0000-0000-000000000000/providers/Microsoft.NetApp/locations/westus2stage/operationResults/e39c4cfc-3c18-4794-b346-566a65cf7701?api-version=2019-10-01
  response:
    body:
      string: '{"id":"/subscriptions/00000000-0000-0000-0000-000000000000/providers/Microsoft.NetApp/locations/westus2stage/operationResults/e39c4cfc-3c18-4794-b346-566a65cf7701","name":"e39c4cfc-3c18-4794-b346-566a65cf7701","status":"Creating","startTime":"2020-01-13T14:57:55.3916826Z","endTime":"0001-01-01T00:00:00Z","percentComplete":0.0,"properties":{"resourceName":"/subscriptions/00000000-0000-0000-0000-000000000000/resourceGroups/sdk-net-test-qa2/providers/Microsoft.NetApp/netAppAccounts/sdk-py-tests-acc-1/capacityPools/sdk-py-tests-pool-1/volumes/sdk-py-tests-vol-1"}}'
    headers:
      access-control-expose-headers:
      - Request-Context
      cache-control:
      - no-cache
      content-length:
      - '566'
      content-type:
      - application/json; charset=utf-8
      date:
      - Mon, 13 Jan 2020 14:59:59 GMT
      expires:
      - '-1'
      pragma:
      - no-cache
      request-context:
      - appId=cid-v1:2c4cb680-0a1f-424d-bb8d-8e650ba68d53
      server:
      - Microsoft-IIS/10.0
      strict-transport-security:
      - max-age=31536000; includeSubDomains
      transfer-encoding:
      - chunked
      vary:
      - Accept-Encoding
      x-content-type-options:
      - nosniff
      x-powered-by:
      - ASP.NET
    status:
      code: 200
      message: OK
- request:
    body: null
    headers:
      Accept:
      - application/json
      Accept-Encoding:
      - gzip, deflate
      Connection:
      - keep-alive
      User-Agent:
      - python/3.6.4 (Darwin-18.7.0-x86_64-i386-64bit) msrest/0.6.10 msrest_azure/0.4.34
        azure-mgmt-netapp/0.8.0 Azure-SDK-For-Python
    method: GET
    uri: https://management.azure.com/subscriptions/00000000-0000-0000-0000-000000000000/providers/Microsoft.NetApp/locations/westus2stage/operationResults/e39c4cfc-3c18-4794-b346-566a65cf7701?api-version=2019-10-01
  response:
    body:
      string: '{"id":"/subscriptions/00000000-0000-0000-0000-000000000000/providers/Microsoft.NetApp/locations/westus2stage/operationResults/e39c4cfc-3c18-4794-b346-566a65cf7701","name":"e39c4cfc-3c18-4794-b346-566a65cf7701","status":"Succeeded","startTime":"2020-01-13T14:57:55.3916826Z","endTime":"2020-01-13T15:00:26.7490402Z","percentComplete":100.0,"properties":{"resourceName":"/subscriptions/00000000-0000-0000-0000-000000000000/resourceGroups/sdk-net-test-qa2/providers/Microsoft.NetApp/netAppAccounts/sdk-py-tests-acc-1/capacityPools/sdk-py-tests-pool-1/volumes/sdk-py-tests-vol-1"}}'
    headers:
      access-control-expose-headers:
      - Request-Context
      cache-control:
      - no-cache
      content-length:
      - '577'
      content-type:
      - application/json; charset=utf-8
      date:
      - Mon, 13 Jan 2020 15:00:29 GMT
      expires:
      - '-1'
      pragma:
      - no-cache
      request-context:
      - appId=cid-v1:2c4cb680-0a1f-424d-bb8d-8e650ba68d53
      server:
      - Microsoft-IIS/10.0
      strict-transport-security:
      - max-age=31536000; includeSubDomains
      transfer-encoding:
      - chunked
      vary:
      - Accept-Encoding
      x-content-type-options:
      - nosniff
      x-powered-by:
      - ASP.NET
    status:
      code: 200
      message: OK
- request:
    body: null
    headers:
      Accept:
      - application/json
      Accept-Encoding:
      - gzip, deflate
      Connection:
      - keep-alive
      User-Agent:
      - python/3.6.4 (Darwin-18.7.0-x86_64-i386-64bit) msrest/0.6.10 msrest_azure/0.4.34
        azure-mgmt-netapp/0.8.0 Azure-SDK-For-Python
    method: GET
    uri: https://management.azure.com/subscriptions/00000000-0000-0000-0000-000000000000/resourceGroups/sdk-net-test-qa2/providers/Microsoft.NetApp/netAppAccounts/sdk-py-tests-acc-1/capacityPools/sdk-py-tests-pool-1/volumes/sdk-py-tests-vol-1?api-version=2019-10-01
  response:
    body:
      string: '{"id":"/subscriptions/00000000-0000-0000-0000-000000000000/resourceGroups/sdk-net-test-qa2/providers/Microsoft.NetApp/netAppAccounts/sdk-py-tests-acc-1/capacityPools/sdk-py-tests-pool-1/volumes/sdk-py-tests-vol-1","name":"sdk-py-tests-acc-1/sdk-py-tests-pool-1/sdk-py-tests-vol-1","type":"Microsoft.NetApp/netAppAccounts/capacityPools/volumes","etag":"W/\"datetime''2020-01-13T15%3A00%3A26.6307818Z''\"","location":"westus2stage","properties":{"provisioningState":"Succeeded","fileSystemId":"30b72da2-61f8-0048-0a9e-c6431873f820","name":"sdk-py-tests-vol-1","serviceLevel":"Premium","creationToken":"sdk-py-tests-vol-1","usageThreshold":107374182400,"usedBytes":0,"exportPolicy":{"rules":[{"ruleIndex":1,"unixReadOnly":false,"unixReadWrite":true,"cifs":false,"nfsv3":true,"nfsv4":false,"nfsv41":false,"allowedClients":"0.0.0.0/0"}]},"protocolTypes":["NFSv3"],"baremetalTenantId":"baremetalTenant_svm_307950bbb92a11e9a7f006ddec9cd511_440772f2","subnetId":"/subscriptions/00000000-0000-0000-0000-000000000000/resourceGroups/sdk-net-test-qa2/providers/Microsoft.Network/virtualNetworks/sdknettestqa2vnet464/subnets/default","mountTargets":[{"provisioningState":"Succeeded","mountTargetId":"30b72da2-61f8-0048-0a9e-c6431873f820","fileSystemId":"30b72da2-61f8-0048-0a9e-c6431873f820","startIp":"10.1.8.4","endIp":"10.1.8.4","gateway":"","netmask":"","subnet":"","ipAddress":"10.1.8.4"}]}}'
    headers:
      access-control-expose-headers:
      - Request-Context
      cache-control:
      - no-cache
      content-length:
      - '1381'
      content-type:
      - application/json; charset=utf-8
      date:
      - Mon, 13 Jan 2020 15:00:30 GMT
      etag:
      - W/"datetime'2020-01-13T15%3A00%3A26.6307818Z'"
      expires:
      - '-1'
      pragma:
      - no-cache
      request-context:
      - appId=cid-v1:2c4cb680-0a1f-424d-bb8d-8e650ba68d53
      server:
      - Microsoft-IIS/10.0
      strict-transport-security:
      - max-age=31536000; includeSubDomains
      transfer-encoding:
      - chunked
      vary:
      - Accept-Encoding
      x-content-type-options:
      - nosniff
      x-powered-by:
      - ASP.NET
    status:
      code: 200
      message: OK
- request:
    body: null
    headers:
      Accept:
      - application/json
      Accept-Encoding:
      - gzip, deflate
      Connection:
      - keep-alive
      User-Agent:
      - python/3.6.4 (Darwin-18.7.0-x86_64-i386-64bit) msrest/0.6.10 msrest_azure/0.4.34
        azure-mgmt-netapp/0.8.0 Azure-SDK-For-Python
      accept-language:
      - en-US
    method: GET
    uri: https://management.azure.com/subscriptions/00000000-0000-0000-0000-000000000000/resourceGroups/sdk-net-test-qa2/providers/Microsoft.NetApp/netAppAccounts/sdk-py-tests-acc-1/capacityPools/sdk-py-tests-pool-1/volumes/sdk-py-tests-vol-1?api-version=2019-10-01
  response:
    body:
      string: '{"id":"/subscriptions/00000000-0000-0000-0000-000000000000/resourceGroups/sdk-net-test-qa2/providers/Microsoft.NetApp/netAppAccounts/sdk-py-tests-acc-1/capacityPools/sdk-py-tests-pool-1/volumes/sdk-py-tests-vol-1","name":"sdk-py-tests-acc-1/sdk-py-tests-pool-1/sdk-py-tests-vol-1","type":"Microsoft.NetApp/netAppAccounts/capacityPools/volumes","etag":"W/\"datetime''2020-01-13T15%3A00%3A26.6307818Z''\"","location":"westus2stage","properties":{"provisioningState":"Succeeded","fileSystemId":"30b72da2-61f8-0048-0a9e-c6431873f820","name":"sdk-py-tests-vol-1","serviceLevel":"Premium","creationToken":"sdk-py-tests-vol-1","usageThreshold":107374182400,"usedBytes":0,"exportPolicy":{"rules":[{"ruleIndex":1,"unixReadOnly":false,"unixReadWrite":true,"cifs":false,"nfsv3":true,"nfsv4":false,"nfsv41":false,"allowedClients":"0.0.0.0/0"}]},"protocolTypes":["NFSv3"],"baremetalTenantId":"baremetalTenant_svm_307950bbb92a11e9a7f006ddec9cd511_440772f2","subnetId":"/subscriptions/00000000-0000-0000-0000-000000000000/resourceGroups/sdk-net-test-qa2/providers/Microsoft.Network/virtualNetworks/sdknettestqa2vnet464/subnets/default","mountTargets":[{"provisioningState":"Succeeded","mountTargetId":"30b72da2-61f8-0048-0a9e-c6431873f820","fileSystemId":"30b72da2-61f8-0048-0a9e-c6431873f820","startIp":"10.1.8.4","endIp":"10.1.8.4","gateway":"","netmask":"","subnet":"","ipAddress":"10.1.8.4"}]}}'
    headers:
      access-control-expose-headers:
      - Request-Context
      cache-control:
      - no-cache
      content-length:
      - '1381'
      content-type:
      - application/json; charset=utf-8
      date:
      - Mon, 13 Jan 2020 15:00:32 GMT
      etag:
      - W/"datetime'2020-01-13T15%3A00%3A26.6307818Z'"
      expires:
      - '-1'
      pragma:
      - no-cache
      request-context:
      - appId=cid-v1:2c4cb680-0a1f-424d-bb8d-8e650ba68d53
      server:
      - Microsoft-IIS/10.0
      strict-transport-security:
      - max-age=31536000; includeSubDomains
      transfer-encoding:
      - chunked
      vary:
      - Accept-Encoding
      x-content-type-options:
      - nosniff
      x-powered-by:
      - ASP.NET
    status:
      code: 200
      message: OK
- request:
    body: '{"location": "westus2stage", "properties": {"fileSystemId": "30b72da2-61f8-0048-0a9e-c6431873f820"}}'
    headers:
      Accept:
      - application/json
      Accept-Encoding:
      - gzip, deflate
      Connection:
      - keep-alive
      Content-Length:
      - '100'
      Content-Type:
      - application/json; charset=utf-8
      User-Agent:
      - python/3.6.4 (Darwin-18.7.0-x86_64-i386-64bit) msrest/0.6.10 msrest_azure/0.4.34
        azure-mgmt-netapp/0.8.0 Azure-SDK-For-Python
      accept-language:
      - en-US
    method: PUT
    uri: https://management.azure.com/subscriptions/00000000-0000-0000-0000-000000000000/resourceGroups/sdk-net-test-qa2/providers/Microsoft.NetApp/netAppAccounts/sdk-py-tests-acc-1/capacityPools/sdk-py-tests-pool-1/volumes/sdk-py-tests-vol-1/snapshots/sdk-py-tests-snapshot-1?api-version=2019-10-01
  response:
    body:
      string: '{"id":"/subscriptions/00000000-0000-0000-0000-000000000000/resourceGroups/sdk-net-test-qa2/providers/Microsoft.NetApp/netAppAccounts/sdk-py-tests-acc-1/capacityPools/sdk-py-tests-pool-1/volumes/sdk-py-tests-vol-1/snapshots/sdk-py-tests-snapshot-1","name":"sdk-py-tests-acc-1/sdk-py-tests-pool-1/sdk-py-tests-vol-1/sdk-py-tests-snapshot-1","type":"Microsoft.NetApp/netAppAccounts/capacityPools/volumes/snapshots","location":"westus2stage","properties":{"provisioningState":"Creating","fileSystemId":"30b72da2-61f8-0048-0a9e-c6431873f820","name":"sdk-py-tests-snapshot-1"}}'
    headers:
      access-control-expose-headers:
      - Request-Context
      azure-asyncoperation:
      - https://management.azure.com/subscriptions/00000000-0000-0000-0000-000000000000/providers/Microsoft.NetApp/locations/westus2stage/operationResults/45f4fc11-f7dc-444a-a0d3-dd0ed57edbc7?api-version=2019-10-01
      cache-control:
      - no-cache
      content-length:
      - '571'
      content-type:
      - application/json; charset=utf-8
      date:
      - Mon, 13 Jan 2020 15:00:35 GMT
      expires:
      - '-1'
      location:
      - https://management.azure.com/subscriptions/00000000-0000-0000-0000-000000000000/providers/Microsoft.NetApp/locations/westus2stage/operationResults/45f4fc11-f7dc-444a-a0d3-dd0ed57edbc7?api-version=2019-10-01&operationResultResponseType=Location
      pragma:
      - no-cache
      request-context:
      - appId=cid-v1:2c4cb680-0a1f-424d-bb8d-8e650ba68d53
      server:
      - Microsoft-IIS/10.0
      strict-transport-security:
      - max-age=31536000; includeSubDomains
      x-content-type-options:
      - nosniff
      x-ms-ratelimit-remaining-subscription-writes:
      - '1199'
      x-powered-by:
      - ASP.NET
    status:
      code: 201
      message: Created
- request:
    body: null
    headers:
      Accept:
      - application/json
      Accept-Encoding:
      - gzip, deflate
      Connection:
      - keep-alive
      User-Agent:
      - python/3.6.4 (Darwin-18.7.0-x86_64-i386-64bit) msrest/0.6.10 msrest_azure/0.4.34
        azure-mgmt-netapp/0.8.0 Azure-SDK-For-Python
    method: GET
    uri: https://management.azure.com/subscriptions/00000000-0000-0000-0000-000000000000/providers/Microsoft.NetApp/locations/westus2stage/operationResults/45f4fc11-f7dc-444a-a0d3-dd0ed57edbc7?api-version=2019-10-01
  response:
    body:
      string: '{"id":"/subscriptions/00000000-0000-0000-0000-000000000000/providers/Microsoft.NetApp/locations/westus2stage/operationResults/45f4fc11-f7dc-444a-a0d3-dd0ed57edbc7","name":"45f4fc11-f7dc-444a-a0d3-dd0ed57edbc7","status":"Succeeded","startTime":"2020-01-13T15:00:34.6553133Z","endTime":"2020-01-13T15:00:37.1240477Z","percentComplete":100.0,"properties":{"resourceName":"/subscriptions/00000000-0000-0000-0000-000000000000/resourceGroups/sdk-net-test-qa2/providers/Microsoft.NetApp/netAppAccounts/sdk-py-tests-acc-1/capacityPools/sdk-py-tests-pool-1/volumes/sdk-py-tests-vol-1/snapshots/sdk-py-tests-snapshot-1"}}'
    headers:
      access-control-expose-headers:
      - Request-Context
      cache-control:
      - no-cache
      content-length:
      - '611'
      content-type:
      - application/json; charset=utf-8
      date:
      - Mon, 13 Jan 2020 15:01:06 GMT
      expires:
      - '-1'
      pragma:
      - no-cache
      request-context:
      - appId=cid-v1:2c4cb680-0a1f-424d-bb8d-8e650ba68d53
      server:
      - Microsoft-IIS/10.0
      strict-transport-security:
      - max-age=31536000; includeSubDomains
      transfer-encoding:
      - chunked
      vary:
      - Accept-Encoding
      x-content-type-options:
      - nosniff
      x-powered-by:
      - ASP.NET
    status:
      code: 200
      message: OK
- request:
    body: null
    headers:
      Accept:
      - application/json
      Accept-Encoding:
      - gzip, deflate
      Connection:
      - keep-alive
      User-Agent:
      - python/3.6.4 (Darwin-18.7.0-x86_64-i386-64bit) msrest/0.6.10 msrest_azure/0.4.34
        azure-mgmt-netapp/0.8.0 Azure-SDK-For-Python
    method: GET
    uri: https://management.azure.com/subscriptions/00000000-0000-0000-0000-000000000000/resourceGroups/sdk-net-test-qa2/providers/Microsoft.NetApp/netAppAccounts/sdk-py-tests-acc-1/capacityPools/sdk-py-tests-pool-1/volumes/sdk-py-tests-vol-1/snapshots/sdk-py-tests-snapshot-1?api-version=2019-10-01
  response:
    body:
      string: '{"id":"/subscriptions/00000000-0000-0000-0000-000000000000/resourceGroups/sdk-net-test-qa2/providers/Microsoft.NetApp/netAppAccounts/sdk-py-tests-acc-1/capacityPools/sdk-py-tests-pool-1/volumes/sdk-py-tests-vol-1/snapshots/sdk-py-tests-snapshot-1","name":"sdk-py-tests-acc-1/sdk-py-tests-pool-1/sdk-py-tests-vol-1/sdk-py-tests-snapshot-1","type":"Microsoft.NetApp/netAppAccounts/capacityPools/volumes/snapshots","location":"westus2stage","properties":{"provisioningState":"Succeeded","snapshotId":"8f3e5a8c-8b44-1952-9f5e-9ef086e7a630","fileSystemId":"30b72da2-61f8-0048-0a9e-c6431873f820","name":"sdk-py-tests-snapshot-1","created":"2020-01-13T15:00:35Z"}}'
    headers:
      access-control-expose-headers:
      - Request-Context
      cache-control:
      - no-cache
      content-length:
      - '657'
      content-type:
      - application/json; charset=utf-8
      date:
      - Mon, 13 Jan 2020 15:01:07 GMT
      expires:
      - '-1'
      pragma:
      - no-cache
      request-context:
      - appId=cid-v1:2c4cb680-0a1f-424d-bb8d-8e650ba68d53
      server:
      - Microsoft-IIS/10.0
      strict-transport-security:
      - max-age=31536000; includeSubDomains
      transfer-encoding:
      - chunked
      vary:
      - Accept-Encoding
      x-content-type-options:
      - nosniff
      x-powered-by:
      - ASP.NET
    status:
      code: 200
      message: OK
- request:
    body: null
    headers:
      Accept:
      - application/json
      Accept-Encoding:
      - gzip, deflate
      Connection:
      - keep-alive
      User-Agent:
      - python/3.6.4 (Darwin-18.7.0-x86_64-i386-64bit) msrest/0.6.10 msrest_azure/0.4.34
        azure-mgmt-netapp/0.8.0 Azure-SDK-For-Python
      accept-language:
      - en-US
    method: GET
    uri: https://management.azure.com/subscriptions/00000000-0000-0000-0000-000000000000/resourceGroups/sdk-net-test-qa2/providers/Microsoft.NetApp/netAppAccounts/sdk-py-tests-acc-1/capacityPools/sdk-py-tests-pool-1/volumes/sdk-py-tests-vol-1/snapshots/sdk-py-tests-snapshot-1?api-version=2019-10-01
  response:
    body:
      string: '{"id":"/subscriptions/00000000-0000-0000-0000-000000000000/resourceGroups/sdk-net-test-qa2/providers/Microsoft.NetApp/netAppAccounts/sdk-py-tests-acc-1/capacityPools/sdk-py-tests-pool-1/volumes/sdk-py-tests-vol-1/snapshots/sdk-py-tests-snapshot-1","name":"sdk-py-tests-acc-1/sdk-py-tests-pool-1/sdk-py-tests-vol-1/sdk-py-tests-snapshot-1","type":"Microsoft.NetApp/netAppAccounts/capacityPools/volumes/snapshots","location":"westus2stage","properties":{"provisioningState":"Succeeded","snapshotId":"8f3e5a8c-8b44-1952-9f5e-9ef086e7a630","fileSystemId":"30b72da2-61f8-0048-0a9e-c6431873f820","name":"sdk-py-tests-snapshot-1","created":"2020-01-13T15:00:35Z"}}'
    headers:
      access-control-expose-headers:
      - Request-Context
      cache-control:
      - no-cache
      content-length:
      - '657'
      content-type:
      - application/json; charset=utf-8
      date:
      - Mon, 13 Jan 2020 15:01:08 GMT
      expires:
      - '-1'
      pragma:
      - no-cache
      request-context:
      - appId=cid-v1:2c4cb680-0a1f-424d-bb8d-8e650ba68d53
      server:
      - Microsoft-IIS/10.0
      strict-transport-security:
      - max-age=31536000; includeSubDomains
      transfer-encoding:
      - chunked
      vary:
      - Accept-Encoding
      x-content-type-options:
      - nosniff
      x-powered-by:
      - ASP.NET
    status:
      code: 200
      message: OK
- request:
    body: null
    headers:
      Accept:
      - application/json
      Accept-Encoding:
      - gzip, deflate
      Connection:
      - keep-alive
      Content-Length:
      - '0'
      User-Agent:
      - python/3.6.4 (Darwin-18.7.0-x86_64-i386-64bit) msrest/0.6.10 msrest_azure/0.4.34
        azure-mgmt-netapp/0.8.0 Azure-SDK-For-Python
      accept-language:
      - en-US
    method: DELETE
    uri: https://management.azure.com/subscriptions/00000000-0000-0000-0000-000000000000/resourceGroups/sdk-net-test-qa2/providers/Microsoft.NetApp/netAppAccounts/sdk-py-tests-acc-1/capacityPools/sdk-py-tests-pool-1/volumes/sdk-py-tests-vol-1/snapshots/sdk-py-tests-snapshot-1?api-version=2019-10-01
  response:
    body:
      string: ''
    headers:
      access-control-expose-headers:
      - Request-Context
      azure-asyncoperation:
      - https://management.azure.com/subscriptions/00000000-0000-0000-0000-000000000000/providers/Microsoft.NetApp/locations/westus2stage/operationResults/89da71d0-bbd9-4f7c-8469-7c4a034bf2f6?api-version=2019-10-01
      cache-control:
      - no-cache
      content-length:
      - '0'
      date:
      - Mon, 13 Jan 2020 15:01:09 GMT
      expires:
      - '-1'
      location:
      - https://management.azure.com/subscriptions/00000000-0000-0000-0000-000000000000/providers/Microsoft.NetApp/locations/westus2stage/operationResults/89da71d0-bbd9-4f7c-8469-7c4a034bf2f6?api-version=2019-10-01&operationResultResponseType=Location
      pragma:
      - no-cache
      request-context:
      - appId=cid-v1:2c4cb680-0a1f-424d-bb8d-8e650ba68d53
      server:
      - Microsoft-IIS/10.0
      strict-transport-security:
      - max-age=31536000; includeSubDomains
      x-content-type-options:
      - nosniff
      x-ms-ratelimit-remaining-subscription-deletes:
      - '14999'
      x-powered-by:
      - ASP.NET
    status:
      code: 202
      message: Accepted
- request:
    body: null
    headers:
      Accept:
      - application/json
      Accept-Encoding:
      - gzip, deflate
      Connection:
      - keep-alive
      User-Agent:
      - python/3.6.4 (Darwin-18.7.0-x86_64-i386-64bit) msrest/0.6.10 msrest_azure/0.4.34
        azure-mgmt-netapp/0.8.0 Azure-SDK-For-Python
    method: GET
    uri: https://management.azure.com/subscriptions/00000000-0000-0000-0000-000000000000/providers/Microsoft.NetApp/locations/westus2stage/operationResults/89da71d0-bbd9-4f7c-8469-7c4a034bf2f6?api-version=2019-10-01
  response:
    body:
      string: '{"id":"/subscriptions/00000000-0000-0000-0000-000000000000/providers/Microsoft.NetApp/locations/westus2stage/operationResults/89da71d0-bbd9-4f7c-8469-7c4a034bf2f6","name":"89da71d0-bbd9-4f7c-8469-7c4a034bf2f6","status":"Succeeded","startTime":"2020-01-13T15:01:09.3917306Z","endTime":"2020-01-13T15:01:12.829231Z","percentComplete":100.0,"properties":{"resourceName":"/subscriptions/00000000-0000-0000-0000-000000000000/resourceGroups/sdk-net-test-qa2/providers/Microsoft.NetApp/netAppAccounts/sdk-py-tests-acc-1/capacityPools/sdk-py-tests-pool-1/volumes/sdk-py-tests-vol-1/snapshots/sdk-py-tests-snapshot-1"}}'
    headers:
      access-control-expose-headers:
      - Request-Context
      cache-control:
      - no-cache
      content-length:
      - '610'
      content-type:
      - application/json; charset=utf-8
      date:
      - Mon, 13 Jan 2020 15:01:40 GMT
      expires:
      - '-1'
      pragma:
      - no-cache
      request-context:
      - appId=cid-v1:2c4cb680-0a1f-424d-bb8d-8e650ba68d53
      server:
      - Microsoft-IIS/10.0
      strict-transport-security:
      - max-age=31536000; includeSubDomains
      transfer-encoding:
      - chunked
      vary:
      - Accept-Encoding
      x-content-type-options:
      - nosniff
      x-powered-by:
      - ASP.NET
    status:
      code: 200
      message: OK
- request:
    body: null
    headers:
      Accept:
      - application/json
      Accept-Encoding:
      - gzip, deflate
      Connection:
      - keep-alive
      Content-Length:
      - '0'
      User-Agent:
      - python/3.6.4 (Darwin-18.7.0-x86_64-i386-64bit) msrest/0.6.10 msrest_azure/0.4.34
        azure-mgmt-netapp/0.8.0 Azure-SDK-For-Python
      accept-language:
      - en-US
    method: DELETE
    uri: https://management.azure.com/subscriptions/00000000-0000-0000-0000-000000000000/resourceGroups/sdk-net-test-qa2/providers/Microsoft.NetApp/netAppAccounts/sdk-py-tests-acc-1/capacityPools/sdk-py-tests-pool-1/volumes/sdk-py-tests-vol-1?api-version=2019-10-01
  response:
    body:
      string: ''
    headers:
      access-control-expose-headers:
      - Request-Context
      azure-asyncoperation:
      - https://management.azure.com/subscriptions/00000000-0000-0000-0000-000000000000/providers/Microsoft.NetApp/locations/westus2stage/operationResults/522da452-2727-4a37-aab4-bc2b710f8d1c?api-version=2019-10-01
      cache-control:
      - no-cache
      content-length:
      - '0'
      date:
      - Mon, 13 Jan 2020 15:01:41 GMT
      expires:
      - '-1'
      location:
      - https://management.azure.com/subscriptions/00000000-0000-0000-0000-000000000000/providers/Microsoft.NetApp/locations/westus2stage/operationResults/522da452-2727-4a37-aab4-bc2b710f8d1c?api-version=2019-10-01&operationResultResponseType=Location
      pragma:
      - no-cache
      request-context:
      - appId=cid-v1:2c4cb680-0a1f-424d-bb8d-8e650ba68d53
      server:
      - Microsoft-IIS/10.0
      strict-transport-security:
      - max-age=31536000; includeSubDomains
      x-content-type-options:
      - nosniff
      x-ms-ratelimit-remaining-subscription-deletes:
      - '14998'
      x-powered-by:
      - ASP.NET
    status:
      code: 202
      message: Accepted
- request:
    body: null
    headers:
      Accept:
      - application/json
      Accept-Encoding:
      - gzip, deflate
      Connection:
      - keep-alive
      User-Agent:
      - python/3.6.4 (Darwin-18.7.0-x86_64-i386-64bit) msrest/0.6.10 msrest_azure/0.4.34
        azure-mgmt-netapp/0.8.0 Azure-SDK-For-Python
    method: GET
    uri: https://management.azure.com/subscriptions/00000000-0000-0000-0000-000000000000/providers/Microsoft.NetApp/locations/westus2stage/operationResults/522da452-2727-4a37-aab4-bc2b710f8d1c?api-version=2019-10-01
  response:
    body:
      string: '{"id":"/subscriptions/00000000-0000-0000-0000-000000000000/providers/Microsoft.NetApp/locations/westus2stage/operationResults/522da452-2727-4a37-aab4-bc2b710f8d1c","name":"522da452-2727-4a37-aab4-bc2b710f8d1c","status":"Deleting","startTime":"2020-01-13T15:01:42.2565557Z","endTime":"0001-01-01T00:00:00Z","percentComplete":0.0,"properties":{"resourceName":"/subscriptions/00000000-0000-0000-0000-000000000000/resourceGroups/sdk-net-test-qa2/providers/Microsoft.NetApp/netAppAccounts/sdk-py-tests-acc-1/capacityPools/sdk-py-tests-pool-1/volumes/sdk-py-tests-vol-1"}}'
    headers:
      access-control-expose-headers:
      - Request-Context
      cache-control:
      - no-cache
      content-length:
      - '566'
      content-type:
      - application/json; charset=utf-8
      date:
      - Mon, 13 Jan 2020 15:02:13 GMT
      expires:
      - '-1'
      pragma:
      - no-cache
      request-context:
      - appId=cid-v1:2c4cb680-0a1f-424d-bb8d-8e650ba68d53
      server:
      - Microsoft-IIS/10.0
      strict-transport-security:
      - max-age=31536000; includeSubDomains
      transfer-encoding:
      - chunked
      vary:
      - Accept-Encoding
      x-content-type-options:
      - nosniff
      x-powered-by:
      - ASP.NET
    status:
      code: 200
      message: OK
- request:
    body: null
    headers:
      Accept:
      - application/json
      Accept-Encoding:
      - gzip, deflate
      Connection:
      - keep-alive
      User-Agent:
      - python/3.6.4 (Darwin-18.7.0-x86_64-i386-64bit) msrest/0.6.10 msrest_azure/0.4.34
        azure-mgmt-netapp/0.8.0 Azure-SDK-For-Python
    method: GET
    uri: https://management.azure.com/subscriptions/00000000-0000-0000-0000-000000000000/providers/Microsoft.NetApp/locations/westus2stage/operationResults/522da452-2727-4a37-aab4-bc2b710f8d1c?api-version=2019-10-01
  response:
    body:
      string: '{"id":"/subscriptions/00000000-0000-0000-0000-000000000000/providers/Microsoft.NetApp/locations/westus2stage/operationResults/522da452-2727-4a37-aab4-bc2b710f8d1c","name":"522da452-2727-4a37-aab4-bc2b710f8d1c","status":"Deleting","startTime":"2020-01-13T15:01:42.2565557Z","endTime":"0001-01-01T00:00:00Z","percentComplete":0.0,"properties":{"resourceName":"/subscriptions/00000000-0000-0000-0000-000000000000/resourceGroups/sdk-net-test-qa2/providers/Microsoft.NetApp/netAppAccounts/sdk-py-tests-acc-1/capacityPools/sdk-py-tests-pool-1/volumes/sdk-py-tests-vol-1"}}'
    headers:
      access-control-expose-headers:
      - Request-Context
      cache-control:
      - no-cache
      content-length:
      - '566'
      content-type:
      - application/json; charset=utf-8
      date:
      - Mon, 13 Jan 2020 15:02:43 GMT
      expires:
      - '-1'
      pragma:
      - no-cache
      request-context:
      - appId=cid-v1:2c4cb680-0a1f-424d-bb8d-8e650ba68d53
      server:
      - Microsoft-IIS/10.0
      strict-transport-security:
      - max-age=31536000; includeSubDomains
      transfer-encoding:
      - chunked
      vary:
      - Accept-Encoding
      x-content-type-options:
      - nosniff
      x-powered-by:
      - ASP.NET
    status:
      code: 200
      message: OK
- request:
    body: null
    headers:
      Accept:
      - application/json
      Accept-Encoding:
      - gzip, deflate
      Connection:
      - keep-alive
      User-Agent:
      - python/3.6.4 (Darwin-18.7.0-x86_64-i386-64bit) msrest/0.6.10 msrest_azure/0.4.34
        azure-mgmt-netapp/0.8.0 Azure-SDK-For-Python
    method: GET
    uri: https://management.azure.com/subscriptions/00000000-0000-0000-0000-000000000000/providers/Microsoft.NetApp/locations/westus2stage/operationResults/522da452-2727-4a37-aab4-bc2b710f8d1c?api-version=2019-10-01
  response:
    body:
      string: '{"id":"/subscriptions/00000000-0000-0000-0000-000000000000/providers/Microsoft.NetApp/locations/westus2stage/operationResults/522da452-2727-4a37-aab4-bc2b710f8d1c","name":"522da452-2727-4a37-aab4-bc2b710f8d1c","status":"Succeeded","startTime":"2020-01-13T15:01:42.2565557Z","endTime":"2020-01-13T15:02:45.2487931Z","percentComplete":100.0,"properties":{"resourceName":"/subscriptions/00000000-0000-0000-0000-000000000000/resourceGroups/sdk-net-test-qa2/providers/Microsoft.NetApp/netAppAccounts/sdk-py-tests-acc-1/capacityPools/sdk-py-tests-pool-1/volumes/sdk-py-tests-vol-1"}}'
    headers:
      access-control-expose-headers:
      - Request-Context
      cache-control:
      - no-cache
      content-length:
      - '577'
      content-type:
      - application/json; charset=utf-8
      date:
      - Mon, 13 Jan 2020 15:03:15 GMT
      expires:
      - '-1'
      pragma:
      - no-cache
      request-context:
      - appId=cid-v1:2c4cb680-0a1f-424d-bb8d-8e650ba68d53
      server:
      - Microsoft-IIS/10.0
      strict-transport-security:
      - max-age=31536000; includeSubDomains
      transfer-encoding:
      - chunked
      vary:
      - Accept-Encoding
      x-content-type-options:
      - nosniff
      x-powered-by:
      - ASP.NET
    status:
      code: 200
      message: OK
- request:
    body: null
    headers:
      Accept:
      - application/json
      Accept-Encoding:
      - gzip, deflate
      Connection:
      - keep-alive
      User-Agent:
      - python/3.6.4 (Darwin-18.7.0-x86_64-i386-64bit) msrest/0.6.10 msrest_azure/0.4.34
        azure-mgmt-netapp/0.8.0 Azure-SDK-For-Python
      accept-language:
      - en-US
    method: GET
    uri: https://management.azure.com/subscriptions/00000000-0000-0000-0000-000000000000/resourceGroups/sdk-net-test-qa2/providers/Microsoft.NetApp/netAppAccounts/sdk-py-tests-acc-1/capacityPools/sdk-py-tests-pool-1/volumes/sdk-py-tests-vol-1?api-version=2019-10-01
  response:
    body:
      string: '{"error":{"code":"ResourceNotFound","message":"The Resource ''Microsoft.NetApp/netAppAccounts/sdk-py-tests-acc-1/capacityPools/sdk-py-tests-pool-1/volumes/sdk-py-tests-vol-1''
        under resource group ''sdk-net-test-qa2'' was not found."}}'
    headers:
      cache-control:
      - no-cache
      content-length:
      - '231'
      content-type:
      - application/json; charset=utf-8
      date:
      - Mon, 13 Jan 2020 15:03:15 GMT
      expires:
      - '-1'
      pragma:
      - no-cache
      strict-transport-security:
      - max-age=31536000; includeSubDomains
      x-content-type-options:
      - nosniff
      x-ms-failure-cause:
      - gateway
    status:
      code: 404
      message: Not Found
- request:
    body: null
    headers:
      Accept:
      - application/json
      Accept-Encoding:
      - gzip, deflate
      Connection:
      - keep-alive
      Content-Length:
      - '0'
      User-Agent:
      - python/3.6.4 (Darwin-18.7.0-x86_64-i386-64bit) msrest/0.6.10 msrest_azure/0.4.34
        azure-mgmt-netapp/0.8.0 Azure-SDK-For-Python
      accept-language:
      - en-US
    method: DELETE
    uri: https://management.azure.com/subscriptions/00000000-0000-0000-0000-000000000000/resourceGroups/sdk-net-test-qa2/providers/Microsoft.NetApp/netAppAccounts/sdk-py-tests-acc-1/capacityPools/sdk-py-tests-pool-1?api-version=2019-10-01
  response:
    body:
      string: ''
    headers:
      access-control-expose-headers:
      - Request-Context
      azure-asyncoperation:
      - https://management.azure.com/subscriptions/00000000-0000-0000-0000-000000000000/providers/Microsoft.NetApp/locations/westus2stage/operationResults/27904cf6-2aaa-48f7-9d9f-bcc9aa7a6982?api-version=2019-10-01
      cache-control:
      - no-cache
      content-length:
      - '0'
      date:
      - Mon, 13 Jan 2020 15:03:17 GMT
      expires:
      - '-1'
      location:
      - https://management.azure.com/subscriptions/00000000-0000-0000-0000-000000000000/providers/Microsoft.NetApp/locations/westus2stage/operationResults/27904cf6-2aaa-48f7-9d9f-bcc9aa7a6982?api-version=2019-10-01&operationResultResponseType=Location
      pragma:
      - no-cache
      request-context:
      - appId=cid-v1:2c4cb680-0a1f-424d-bb8d-8e650ba68d53
      server:
      - Microsoft-IIS/10.0
      strict-transport-security:
      - max-age=31536000; includeSubDomains
      x-content-type-options:
      - nosniff
      x-ms-ratelimit-remaining-subscription-deletes:
      - '14997'
      x-powered-by:
      - ASP.NET
    status:
      code: 202
      message: Accepted
- request:
    body: null
    headers:
      Accept:
      - application/json
      Accept-Encoding:
      - gzip, deflate
      Connection:
      - keep-alive
      User-Agent:
      - python/3.6.4 (Darwin-18.7.0-x86_64-i386-64bit) msrest/0.6.10 msrest_azure/0.4.34
        azure-mgmt-netapp/0.8.0 Azure-SDK-For-Python
    method: GET
    uri: https://management.azure.com/subscriptions/00000000-0000-0000-0000-000000000000/providers/Microsoft.NetApp/locations/westus2stage/operationResults/27904cf6-2aaa-48f7-9d9f-bcc9aa7a6982?api-version=2019-10-01
  response:
    body:
      string: '{"id":"/subscriptions/00000000-0000-0000-0000-000000000000/providers/Microsoft.NetApp/locations/westus2stage/operationResults/27904cf6-2aaa-48f7-9d9f-bcc9aa7a6982","name":"27904cf6-2aaa-48f7-9d9f-bcc9aa7a6982","status":"Succeeded","startTime":"2020-01-13T15:03:17.5266161Z","endTime":"2020-01-13T15:03:18.733513Z","percentComplete":100.0,"properties":{"resourceName":"/subscriptions/00000000-0000-0000-0000-000000000000/resourceGroups/sdk-net-test-qa2/providers/Microsoft.NetApp/netAppAccounts/sdk-py-tests-acc-1/capacityPools/sdk-py-tests-pool-1"}}'
    headers:
      access-control-expose-headers:
      - Request-Context
      cache-control:
      - no-cache
      content-length:
      - '549'
      content-type:
      - application/json; charset=utf-8
      date:
      - Mon, 13 Jan 2020 15:03:48 GMT
      expires:
      - '-1'
      pragma:
      - no-cache
      request-context:
      - appId=cid-v1:2c4cb680-0a1f-424d-bb8d-8e650ba68d53
      server:
      - Microsoft-IIS/10.0
      strict-transport-security:
      - max-age=31536000; includeSubDomains
      transfer-encoding:
      - chunked
      vary:
      - Accept-Encoding
      x-content-type-options:
      - nosniff
      x-powered-by:
      - ASP.NET
    status:
      code: 200
      message: OK
- request:
    body: null
    headers:
      Accept:
      - application/json
      Accept-Encoding:
      - gzip, deflate
      Connection:
      - keep-alive
      Content-Length:
      - '0'
      User-Agent:
      - python/3.6.4 (Darwin-18.7.0-x86_64-i386-64bit) msrest/0.6.10 msrest_azure/0.4.34
        azure-mgmt-netapp/0.8.0 Azure-SDK-For-Python
      accept-language:
      - en-US
    method: DELETE
    uri: https://management.azure.com/subscriptions/00000000-0000-0000-0000-000000000000/resourceGroups/sdk-net-test-qa2/providers/Microsoft.NetApp/netAppAccounts/sdk-py-tests-acc-1/capacityPools/sdk-py-tests-pool-1?api-version=2019-10-01
  response:
    body:
      string: ''
    headers:
      access-control-expose-headers:
      - Request-Context
      cache-control:
      - no-cache
      date:
      - Mon, 13 Jan 2020 15:03:51 GMT
      expires:
      - '-1'
      pragma:
      - no-cache
      request-context:
      - appId=cid-v1:2c4cb680-0a1f-424d-bb8d-8e650ba68d53
      server:
      - Microsoft-IIS/10.0
      strict-transport-security:
      - max-age=31536000; includeSubDomains
      x-content-type-options:
      - nosniff
      x-ms-ratelimit-remaining-subscription-deletes:
      - '14996'
      x-powered-by:
      - ASP.NET
    status:
      code: 204
      message: No Content
- request:
    body: null
    headers:
      Accept:
      - application/json
      Accept-Encoding:
      - gzip, deflate
      Connection:
      - keep-alive
      Content-Length:
      - '0'
      User-Agent:
      - python/3.6.4 (Darwin-18.7.0-x86_64-i386-64bit) msrest/0.6.10 msrest_azure/0.4.34
        azure-mgmt-netapp/0.8.0 Azure-SDK-For-Python
      accept-language:
      - en-US
    method: DELETE
    uri: https://management.azure.com/subscriptions/00000000-0000-0000-0000-000000000000/resourceGroups/sdk-net-test-qa2/providers/Microsoft.NetApp/netAppAccounts/sdk-py-tests-acc-1/capacityPools/sdk-py-tests-pool-1?api-version=2019-10-01
  response:
    body:
      string: ''
    headers:
      cache-control:
      - no-cache
      date:
      - Mon, 13 Jan 2020 15:03:51 GMT
      expires:
      - '-1'
      pragma:
      - no-cache
      strict-transport-security:
      - max-age=31536000; includeSubDomains
      x-content-type-options:
      - nosniff
      x-ms-ratelimit-remaining-subscription-deletes:
      - '14995'
    status:
      code: 204
      message: No Content
- request:
    body: null
    headers:
      Accept:
      - application/json
      Accept-Encoding:
      - gzip, deflate
      Connection:
      - keep-alive
      Content-Length:
      - '0'
      User-Agent:
      - python/3.6.4 (Darwin-18.7.0-x86_64-i386-64bit) msrest/0.6.10 msrest_azure/0.4.34
        azure-mgmt-netapp/0.8.0 Azure-SDK-For-Python
      accept-language:
      - en-US
    method: DELETE
    uri: https://management.azure.com/subscriptions/00000000-0000-0000-0000-000000000000/resourceGroups/sdk-net-test-qa2/providers/Microsoft.NetApp/netAppAccounts/sdk-py-tests-acc-1/capacityPools/sdk-py-tests-pool-1?api-version=2019-10-01
  response:
    body:
      string: ''
    headers:
      cache-control:
      - no-cache
      date:
      - Mon, 13 Jan 2020 15:03:51 GMT
      expires:
      - '-1'
      pragma:
      - no-cache
      strict-transport-security:
      - max-age=31536000; includeSubDomains
      x-content-type-options:
      - nosniff
      x-ms-ratelimit-remaining-subscription-deletes:
      - '14994'
    status:
      code: 204
      message: No Content
- request:
    body: null
    headers:
      Accept:
      - application/json
      Accept-Encoding:
      - gzip, deflate
      Connection:
      - keep-alive
      Content-Length:
      - '0'
      User-Agent:
      - python/3.6.4 (Darwin-18.7.0-x86_64-i386-64bit) msrest/0.6.10 msrest_azure/0.4.34
        azure-mgmt-netapp/0.8.0 Azure-SDK-For-Python
      accept-language:
      - en-US
    method: DELETE
    uri: https://management.azure.com/subscriptions/00000000-0000-0000-0000-000000000000/resourceGroups/sdk-net-test-qa2/providers/Microsoft.NetApp/netAppAccounts/sdk-py-tests-acc-1/capacityPools/sdk-py-tests-pool-1?api-version=2019-10-01
  response:
    body:
      string: ''
    headers:
      cache-control:
      - no-cache
      date:
      - Mon, 13 Jan 2020 15:03:52 GMT
      expires:
      - '-1'
      pragma:
      - no-cache
      strict-transport-security:
      - max-age=31536000; includeSubDomains
      x-content-type-options:
      - nosniff
      x-ms-ratelimit-remaining-subscription-deletes:
      - '14993'
    status:
      code: 204
      message: No Content
- request:
    body: null
    headers:
      Accept:
      - application/json
      Accept-Encoding:
      - gzip, deflate
      Connection:
      - keep-alive
      User-Agent:
      - python/3.6.4 (Darwin-18.7.0-x86_64-i386-64bit) msrest/0.6.10 msrest_azure/0.4.34
        azure-mgmt-netapp/0.8.0 Azure-SDK-For-Python
      accept-language:
      - en-US
    method: GET
    uri: https://management.azure.com/subscriptions/00000000-0000-0000-0000-000000000000/resourceGroups/sdk-net-test-qa2/providers/Microsoft.NetApp/netAppAccounts/sdk-py-tests-acc-1/capacityPools/sdk-py-tests-pool-1?api-version=2019-10-01
  response:
    body:
      string: '{"error":{"code":"ResourceNotFound","message":"The Resource ''Microsoft.NetApp/netAppAccounts/sdk-py-tests-acc-1/capacityPools/sdk-py-tests-pool-1''
        under resource group ''sdk-net-test-qa2'' was not found."}}'
    headers:
      cache-control:
      - no-cache
      content-length:
      - '204'
      content-type:
      - application/json; charset=utf-8
      date:
      - Mon, 13 Jan 2020 15:03:52 GMT
      expires:
      - '-1'
      pragma:
      - no-cache
      strict-transport-security:
      - max-age=31536000; includeSubDomains
      x-content-type-options:
      - nosniff
      x-ms-failure-cause:
      - gateway
    status:
      code: 404
      message: Not Found
- request:
    body: null
    headers:
      Accept:
      - application/json
      Accept-Encoding:
      - gzip, deflate
      Connection:
      - keep-alive
      Content-Length:
      - '0'
      User-Agent:
      - python/3.6.4 (Darwin-18.7.0-x86_64-i386-64bit) msrest/0.6.10 msrest_azure/0.4.34
        azure-mgmt-netapp/0.8.0 Azure-SDK-For-Python
      accept-language:
      - en-US
    method: DELETE
    uri: https://management.azure.com/subscriptions/00000000-0000-0000-0000-000000000000/resourceGroups/sdk-net-test-qa2/providers/Microsoft.NetApp/netAppAccounts/sdk-py-tests-acc-1?api-version=2019-10-01
  response:
    body:
      string: ''
    headers:
      access-control-expose-headers:
      - Request-Context
      azure-asyncoperation:
      - https://management.azure.com/subscriptions/00000000-0000-0000-0000-000000000000/providers/Microsoft.NetApp/locations/westus2stage/operationResults/412cf32a-5169-4cd9-9e9b-90275308c4d6?api-version=2019-10-01
      cache-control:
      - no-cache
      content-length:
      - '0'
      date:
      - Mon, 13 Jan 2020 15:03:54 GMT
      expires:
      - '-1'
      location:
      - https://management.azure.com/subscriptions/00000000-0000-0000-0000-000000000000/providers/Microsoft.NetApp/locations/westus2stage/operationResults/412cf32a-5169-4cd9-9e9b-90275308c4d6?api-version=2019-10-01&operationResultResponseType=Location
      pragma:
      - no-cache
      request-context:
      - appId=cid-v1:2c4cb680-0a1f-424d-bb8d-8e650ba68d53
      server:
      - Microsoft-IIS/10.0
      strict-transport-security:
      - max-age=31536000; includeSubDomains
      x-content-type-options:
      - nosniff
      x-ms-ratelimit-remaining-subscription-deletes:
      - '14992'
      x-powered-by:
      - ASP.NET
    status:
      code: 202
      message: Accepted
- request:
    body: null
    headers:
      Accept:
      - application/json
      Accept-Encoding:
      - gzip, deflate
      Connection:
      - keep-alive
      User-Agent:
      - python/3.6.4 (Darwin-18.7.0-x86_64-i386-64bit) msrest/0.6.10 msrest_azure/0.4.34
        azure-mgmt-netapp/0.8.0 Azure-SDK-For-Python
    method: GET
    uri: https://management.azure.com/subscriptions/00000000-0000-0000-0000-000000000000/providers/Microsoft.NetApp/locations/westus2stage/operationResults/412cf32a-5169-4cd9-9e9b-90275308c4d6?api-version=2019-10-01
  response:
    body:
      string: '{"id":"/subscriptions/00000000-0000-0000-0000-000000000000/providers/Microsoft.NetApp/locations/westus2stage/operationResults/412cf32a-5169-4cd9-9e9b-90275308c4d6","name":"412cf32a-5169-4cd9-9e9b-90275308c4d6","status":"Succeeded","startTime":"2020-01-13T15:03:53.7102974Z","endTime":"2020-01-13T15:03:54.6634299Z","percentComplete":100.0,"properties":{"resourceName":"/subscriptions/00000000-0000-0000-0000-000000000000/resourceGroups/sdk-net-test-qa2/providers/Microsoft.NetApp/netAppAccounts/sdk-py-tests-acc-1"}}'
    headers:
      access-control-expose-headers:
      - Request-Context
      cache-control:
      - no-cache
      content-length:
      - '516'
      content-type:
      - application/json; charset=utf-8
      date:
      - Mon, 13 Jan 2020 15:04:24 GMT
      expires:
      - '-1'
      pragma:
      - no-cache
      request-context:
      - appId=cid-v1:2c4cb680-0a1f-424d-bb8d-8e650ba68d53
      server:
      - Microsoft-IIS/10.0
      strict-transport-security:
      - max-age=31536000; includeSubDomains
      transfer-encoding:
      - chunked
      vary:
      - Accept-Encoding
      x-content-type-options:
      - nosniff
      x-powered-by:
      - ASP.NET
    status:
      code: 200
      message: OK
- request:
    body: null
    headers:
      Accept:
      - application/json
      Accept-Encoding:
      - gzip, deflate
      Connection:
      - keep-alive
      User-Agent:
      - python/3.6.4 (Darwin-18.7.0-x86_64-i386-64bit) msrest/0.6.10 msrest_azure/0.4.34
        azure-mgmt-netapp/0.8.0 Azure-SDK-For-Python
      accept-language:
      - en-US
    method: GET
    uri: https://management.azure.com/subscriptions/00000000-0000-0000-0000-000000000000/resourceGroups/sdk-net-test-qa2/providers/Microsoft.NetApp/netAppAccounts/sdk-py-tests-acc-1?api-version=2019-10-01
  response:
    body:
      string: '{"error":{"code":"ResourceNotFound","message":"The Resource ''Microsoft.NetApp/netAppAccounts/sdk-py-tests-acc-1''
        under resource group ''sdk-net-test-qa2'' was not found."}}'
    headers:
      cache-control:
      - no-cache
      content-length:
      - '170'
      content-type:
      - application/json; charset=utf-8
      date:
      - Mon, 13 Jan 2020 15:04:25 GMT
      expires:
      - '-1'
      pragma:
      - no-cache
      strict-transport-security:
      - max-age=31536000; includeSubDomains
      x-content-type-options:
      - nosniff
      x-ms-failure-cause:
      - gateway
    status:
      code: 404
      message: Not Found
version: 1
