interactions:
  - request:
      body: '{"location": "eastus2"}'
      headers:
        Accept:
          - application/json
        Accept-Encoding:
          - gzip, deflate
        Connection:
          - keep-alive
        Content-Length:
          - '23'
        Content-Type:
          - application/json; charset=utf-8
        User-Agent:
          - python/3.7.3 (Darwin-19.6.0-x86_64-i386-64bit) msrest/0.6.19 msrest_azure/0.6.4
            azure-mgmt-netapp/0.15.0 Azure-SDK-For-Python
        accept-language:
          - en-US
      method: PUT
      uri: https://management.azure.com/subscriptions/00000000-0000-0000-0000-000000000000/resourceGroups/sdk-net-test-qa7/providers/Microsoft.NetApp/netAppAccounts/sdk-py-tests-acc-10?api-version=2020-09-01
    response:
      body:
        string: '{"id":"/subscriptions/00000000-0000-0000-0000-000000000000/resourceGroups/sdk-net-test-qa7/providers/Microsoft.NetApp/netAppAccounts/sdk-py-tests-acc-10","name":"sdk-py-tests-acc-10","type":"Microsoft.NetApp/netAppAccounts","etag":"W/\"datetime''2020-12-15T16%3A21%3A17.0583893Z''\"","location":"eastus2","properties":{"provisioningState":"Creating"}}'
      headers:
        access-control-expose-headers:
          - Request-Context
        azure-asyncoperation:
          - https://management.azure.com/subscriptions/00000000-0000-0000-0000-000000000000/providers/Microsoft.NetApp/locations/eastus2/operationResults/c001b248-61f4-4683-b04a-d01877b17451?api-version=2020-09-01
        cache-control:
          - no-cache
        content-length:
          - '349'
        content-type:
          - application/json; charset=utf-8
        date:
          - Tue, 15 Dec 2020 16:21:17 GMT
        etag:
          - W/"datetime'2020-12-15T16%3A21%3A17.0583893Z'"
        expires:
          - '-1'
        pragma:
          - no-cache
        request-context:
          - appId=cid-v1:2c4cb680-0a1f-424d-bb8d-8e650ba68d53
        server:
          - Microsoft-IIS/10.0
        strict-transport-security:
          - max-age=31536000; includeSubDomains
        x-content-type-options:
          - nosniff
        x-ms-ratelimit-remaining-subscription-writes:
          - '1199'
        x-powered-by:
          - ASP.NET
      status:
        code: 201
        message: Created
  - request:
      body: null
      headers:
        Accept:
          - application/json
        Accept-Encoding:
          - gzip, deflate
        Connection:
          - keep-alive
        User-Agent:
          - python/3.7.3 (Darwin-19.6.0-x86_64-i386-64bit) msrest/0.6.19 msrest_azure/0.6.4
            azure-mgmt-netapp/0.15.0 Azure-SDK-For-Python
      method: GET
      uri: https://management.azure.com/subscriptions/00000000-0000-0000-0000-000000000000/providers/Microsoft.NetApp/locations/eastus2/operationResults/c001b248-61f4-4683-b04a-d01877b17451?api-version=2020-09-01
    response:
      body:
        string: '{"id":"/subscriptions/00000000-0000-0000-0000-000000000000/providers/Microsoft.NetApp/locations/eastus2/operationResults/c001b248-61f4-4683-b04a-d01877b17451","name":"c001b248-61f4-4683-b04a-d01877b17451","status":"Succeeded","startTime":"2020-12-15T16:21:16.9970065Z","endTime":"2020-12-15T16:21:17.1376523Z","percentComplete":100.0,"properties":{"resourceName":"/subscriptions/00000000-0000-0000-0000-000000000000/resourceGroups/sdk-net-test-qa7/providers/Microsoft.NetApp/netAppAccounts/sdk-py-tests-acc-10"}}'
      headers:
        access-control-expose-headers:
          - Request-Context
        cache-control:
          - no-cache
        content-length:
          - '512'
        content-type:
          - application/json; charset=utf-8
        date:
          - Tue, 15 Dec 2020 16:21:48 GMT
        expires:
          - '-1'
        pragma:
          - no-cache
        request-context:
          - appId=cid-v1:2c4cb680-0a1f-424d-bb8d-8e650ba68d53
        server:
          - Microsoft-IIS/10.0
        strict-transport-security:
          - max-age=31536000; includeSubDomains
        transfer-encoding:
          - chunked
        vary:
          - Accept-Encoding
        x-content-type-options:
          - nosniff
        x-powered-by:
          - ASP.NET
      status:
        code: 200
        message: OK
  - request:
      body: null
      headers:
        Accept:
          - application/json
        Accept-Encoding:
          - gzip, deflate
        Connection:
          - keep-alive
        User-Agent:
          - python/3.7.3 (Darwin-19.6.0-x86_64-i386-64bit) msrest/0.6.19 msrest_azure/0.6.4
            azure-mgmt-netapp/0.15.0 Azure-SDK-For-Python
      method: GET
      uri: https://management.azure.com/subscriptions/00000000-0000-0000-0000-000000000000/resourceGroups/sdk-net-test-qa7/providers/Microsoft.NetApp/netAppAccounts/sdk-py-tests-acc-10?api-version=2020-09-01
    response:
      body:
        string: '{"id":"/subscriptions/00000000-0000-0000-0000-000000000000/resourceGroups/sdk-net-test-qa7/providers/Microsoft.NetApp/netAppAccounts/sdk-py-tests-acc-10","name":"sdk-py-tests-acc-10","type":"Microsoft.NetApp/netAppAccounts","etag":"W/\"datetime''2020-12-15T16%3A21%3A17.1354626Z''\"","location":"eastus2","properties":{"provisioningState":"Succeeded"}}'
      headers:
        access-control-expose-headers:
          - Request-Context
        cache-control:
          - no-cache
        content-length:
          - '350'
        content-type:
          - application/json; charset=utf-8
        date:
          - Tue, 15 Dec 2020 16:21:48 GMT
        etag:
          - W/"datetime'2020-12-15T16%3A21%3A17.1354626Z'"
        expires:
          - '-1'
        pragma:
          - no-cache
        request-context:
          - appId=cid-v1:2c4cb680-0a1f-424d-bb8d-8e650ba68d53
        server:
          - Microsoft-IIS/10.0
        strict-transport-security:
          - max-age=31536000; includeSubDomains
        transfer-encoding:
          - chunked
        vary:
          - Accept-Encoding
        x-content-type-options:
          - nosniff
        x-powered-by:
          - ASP.NET
      status:
        code: 200
        message: OK
  - request:
      body: '{"tags": {"Tag1": "Value2"}}'
      headers:
        Accept:
          - application/json
        Accept-Encoding:
          - gzip, deflate
        Connection:
          - keep-alive
        Content-Length:
          - '28'
        Content-Type:
          - application/json; charset=utf-8
        User-Agent:
          - python/3.7.3 (Darwin-19.6.0-x86_64-i386-64bit) msrest/0.6.19 msrest_azure/0.6.4
            azure-mgmt-netapp/0.15.0 Azure-SDK-For-Python
        accept-language:
          - en-US
      method: PATCH
      uri: https://management.azure.com/subscriptions/00000000-0000-0000-0000-000000000000/resourceGroups/sdk-net-test-qa7/providers/Microsoft.NetApp/netAppAccounts/sdk-py-tests-acc-10?api-version=2020-09-01
    response:
      body:
        string: '{"id":"/subscriptions/00000000-0000-0000-0000-000000000000/resourceGroups/sdk-net-test-qa7/providers/Microsoft.NetApp/netAppAccounts/sdk-py-tests-acc-10","name":"sdk-py-tests-acc-10","type":"Microsoft.NetApp/netAppAccounts","etag":"W/\"datetime''2020-12-15T16%3A21%3A49.5853149Z''\"","location":"eastus2","tags":{"Tag1":"Value2"},"properties":{"provisioningState":"Succeeded"}}'
      headers:
        access-control-expose-headers:
          - Request-Context
        cache-control:
          - no-cache
        content-length:
          - '375'
        content-type:
          - application/json; charset=utf-8
        date:
          - Tue, 15 Dec 2020 16:21:50 GMT
        etag:
          - W/"datetime'2020-12-15T16%3A21%3A49.5853149Z'"
        expires:
          - '-1'
        pragma:
          - no-cache
        request-context:
          - appId=cid-v1:2c4cb680-0a1f-424d-bb8d-8e650ba68d53
        server:
          - Microsoft-IIS/10.0
        strict-transport-security:
          - max-age=31536000; includeSubDomains
        transfer-encoding:
          - chunked
        vary:
          - Accept-Encoding
        x-content-type-options:
          - nosniff
        x-ms-ratelimit-remaining-subscription-writes:
          - '1198'
        x-powered-by:
          - ASP.NET
      status:
        code: 200
        message: OK
  - request:
      body: null
      headers:
        Accept:
          - application/json
        Accept-Encoding:
          - gzip, deflate
        Connection:
          - keep-alive
        Content-Length:
          - '0'
        User-Agent:
          - python/3.7.3 (Darwin-19.6.0-x86_64-i386-64bit) msrest/0.6.19 msrest_azure/0.6.4
            azure-mgmt-netapp/0.15.0 Azure-SDK-For-Python
        accept-language:
          - en-US
      method: DELETE
      uri: https://management.azure.com/subscriptions/00000000-0000-0000-0000-000000000000/resourceGroups/sdk-net-test-qa7/providers/Microsoft.NetApp/netAppAccounts/sdk-py-tests-acc-10?api-version=2020-09-01
    response:
      body:
        string: ''
      headers:
        access-control-expose-headers:
          - Request-Context
        azure-asyncoperation:
          - https://management.azure.com/subscriptions/00000000-0000-0000-0000-000000000000/providers/Microsoft.NetApp/locations/eastus2/operationResults/dd678f9f-9303-46dc-afdb-8aa3968a410d?api-version=2020-09-01
        cache-control:
          - no-cache
        content-length:
          - '0'
        date:
          - Tue, 15 Dec 2020 16:21:50 GMT
        expires:
          - '-1'
        location:
          - https://management.azure.com/subscriptions/00000000-0000-0000-0000-000000000000/providers/Microsoft.NetApp/locations/eastus2/operationResults/dd678f9f-9303-46dc-afdb-8aa3968a410d?api-version=2020-09-01&operationResultResponseType=Location
        pragma:
          - no-cache
        request-context:
          - appId=cid-v1:2c4cb680-0a1f-424d-bb8d-8e650ba68d53
        server:
          - Microsoft-IIS/10.0
        strict-transport-security:
          - max-age=31536000; includeSubDomains
        x-content-type-options:
          - nosniff
        x-ms-ratelimit-remaining-subscription-deletes:
          - '14999'
        x-powered-by:
          - ASP.NET
      status:
        code: 202
        message: Accepted
  - request:
      body: null
      headers:
        Accept:
          - application/json
        Accept-Encoding:
          - gzip, deflate
        Connection:
          - keep-alive
        User-Agent:
          - python/3.7.3 (Darwin-19.6.0-x86_64-i386-64bit) msrest/0.6.19 msrest_azure/0.6.4
            azure-mgmt-netapp/0.15.0 Azure-SDK-For-Python
      method: GET
      uri: https://management.azure.com/subscriptions/00000000-0000-0000-0000-000000000000/providers/Microsoft.NetApp/locations/eastus2/operationResults/dd678f9f-9303-46dc-afdb-8aa3968a410d?api-version=2020-09-01
    response:
      body:
        string: '{"id":"/subscriptions/00000000-0000-0000-0000-000000000000/providers/Microsoft.NetApp/locations/eastus2/operationResults/dd678f9f-9303-46dc-afdb-8aa3968a410d","name":"dd678f9f-9303-46dc-afdb-8aa3968a410d","status":"Succeeded","startTime":"2020-12-15T16:21:51.3035024Z","endTime":"2020-12-15T16:21:51.3973246Z","percentComplete":100.0,"properties":{"resourceName":"/subscriptions/00000000-0000-0000-0000-000000000000/resourceGroups/sdk-net-test-qa7/providers/Microsoft.NetApp/netAppAccounts/sdk-py-tests-acc-10"}}'
      headers:
        access-control-expose-headers:
          - Request-Context
        cache-control:
          - no-cache
        content-length:
          - '512'
        content-type:
          - application/json; charset=utf-8
        date:
          - Tue, 15 Dec 2020 16:22:21 GMT
        expires:
          - '-1'
        pragma:
          - no-cache
        request-context:
          - appId=cid-v1:2c4cb680-0a1f-424d-bb8d-8e650ba68d53
        server:
          - Microsoft-IIS/10.0
        strict-transport-security:
          - max-age=31536000; includeSubDomains
        transfer-encoding:
          - chunked
        vary:
          - Accept-Encoding
        x-content-type-options:
          - nosniff
        x-powered-by:
          - ASP.NET
      status:
        code: 200
        message: OK
  - request:
      body: null
      headers:
        Accept:
          - application/json
        Accept-Encoding:
          - gzip, deflate
        Connection:
          - keep-alive
        User-Agent:
          - python/3.7.3 (Darwin-19.6.0-x86_64-i386-64bit) msrest/0.6.19 msrest_azure/0.6.4
            azure-mgmt-netapp/0.15.0 Azure-SDK-For-Python
        accept-language:
          - en-US
      method: GET
      uri: https://management.azure.com/subscriptions/00000000-0000-0000-0000-000000000000/resourceGroups/sdk-net-test-qa7/providers/Microsoft.NetApp/netAppAccounts/sdk-py-tests-acc-10?api-version=2020-09-01
    response:
      body:
        string: '{"error":{"code":"ResourceNotFound","message":"The resource with identifier
        ''/subscriptions/00000000-0000-0000-0000-000000000000/resourceGroups/sdk-net-test-qa7/providers/Microsoft.NetApp/netAppAccounts/sdk-py-tests-acc-10''
        is not found."}}'
      headers:
        access-control-expose-headers:
          - Request-Context
        cache-control:
          - no-cache
        content-length:
          - '240'
        content-type:
          - application/json; charset=utf-8
        date:
          - Tue, 15 Dec 2020 16:22:21 GMT
        expires:
          - '-1'
        pragma:
          - no-cache
        request-context:
          - appId=cid-v1:2c4cb680-0a1f-424d-bb8d-8e650ba68d53
        server:
          - Microsoft-IIS/10.0
        strict-transport-security:
          - max-age=31536000; includeSubDomains
        x-content-type-options:
          - nosniff
        x-powered-by:
          - ASP.NET
      status:
        code: 404
        message: Not Found
version: 1
