interactions:
  - request:
      body: '{"location": "eastus2"}'
      headers:
        Accept:
          - application/json
        Accept-Encoding:
          - gzip, deflate
        Connection:
          - keep-alive
        Content-Length:
          - '23'
        Content-Type:
          - application/json; charset=utf-8
        User-Agent:
          - python/3.7.3 (Darwin-19.6.0-x86_64-i386-64bit) msrest/0.6.19 msrest_azure/0.6.4
            azure-mgmt-netapp/0.15.0 Azure-SDK-For-Python
        accept-language:
          - en-US
      method: PUT
      uri: https://management.azure.com/subscriptions/00000000-0000-0000-0000-000000000000/resourceGroups/sdk-net-test-qa7/providers/Microsoft.NetApp/netAppAccounts/sdk-py-tests-acc-10?api-version=2020-09-01
    response:
      body:
        string: '{"id":"/subscriptions/00000000-0000-0000-0000-000000000000/resourceGroups/sdk-net-test-qa7/providers/Microsoft.NetApp/netAppAccounts/sdk-py-tests-acc-10","name":"sdk-py-tests-acc-10","type":"Microsoft.NetApp/netAppAccounts","etag":"W/\"datetime''2020-12-15T16%3A35%3A06.6340235Z''\"","location":"eastus2","properties":{"provisioningState":"Creating"}}'
      headers:
        access-control-expose-headers:
          - Request-Context
        azure-asyncoperation:
          - https://management.azure.com/subscriptions/00000000-0000-0000-0000-000000000000/providers/Microsoft.NetApp/locations/eastus2/operationResults/eca70e05-9599-4a4b-827e-abdb2c16596b?api-version=2020-09-01
        cache-control:
          - no-cache
        content-length:
          - '349'
        content-type:
          - application/json; charset=utf-8
        date:
          - Tue, 15 Dec 2020 16:35:06 GMT
        etag:
          - W/"datetime'2020-12-15T16%3A35%3A06.6340235Z'"
        expires:
          - '-1'
        pragma:
          - no-cache
        request-context:
          - appId=cid-v1:2c4cb680-0a1f-424d-bb8d-8e650ba68d53
        server:
          - Microsoft-IIS/10.0
        strict-transport-security:
          - max-age=31536000; includeSubDomains
        x-content-type-options:
          - nosniff
        x-ms-ratelimit-remaining-subscription-writes:
          - '1199'
        x-powered-by:
          - ASP.NET
      status:
        code: 201
        message: Created
  - request:
      body: null
      headers:
        Accept:
          - application/json
        Accept-Encoding:
          - gzip, deflate
        Connection:
          - keep-alive
        User-Agent:
          - python/3.7.3 (Darwin-19.6.0-x86_64-i386-64bit) msrest/0.6.19 msrest_azure/0.6.4
            azure-mgmt-netapp/0.15.0 Azure-SDK-For-Python
      method: GET
      uri: https://management.azure.com/subscriptions/00000000-0000-0000-0000-000000000000/providers/Microsoft.NetApp/locations/eastus2/operationResults/eca70e05-9599-4a4b-827e-abdb2c16596b?api-version=2020-09-01
    response:
      body:
        string: '{"id":"/subscriptions/00000000-0000-0000-0000-000000000000/providers/Microsoft.NetApp/locations/eastus2/operationResults/eca70e05-9599-4a4b-827e-abdb2c16596b","name":"eca70e05-9599-4a4b-827e-abdb2c16596b","status":"Succeeded","startTime":"2020-12-15T16:35:06.5801483Z","endTime":"2020-12-15T16:35:06.7052262Z","percentComplete":100.0,"properties":{"resourceName":"/subscriptions/00000000-0000-0000-0000-000000000000/resourceGroups/sdk-net-test-qa7/providers/Microsoft.NetApp/netAppAccounts/sdk-py-tests-acc-10"}}'
      headers:
        access-control-expose-headers:
          - Request-Context
        cache-control:
          - no-cache
        content-length:
          - '512'
        content-type:
          - application/json; charset=utf-8
        date:
          - Tue, 15 Dec 2020 16:35:36 GMT
        expires:
          - '-1'
        pragma:
          - no-cache
        request-context:
          - appId=cid-v1:2c4cb680-0a1f-424d-bb8d-8e650ba68d53
        server:
          - Microsoft-IIS/10.0
        strict-transport-security:
          - max-age=31536000; includeSubDomains
        transfer-encoding:
          - chunked
        vary:
          - Accept-Encoding
        x-content-type-options:
          - nosniff
        x-powered-by:
          - ASP.NET
      status:
        code: 200
        message: OK
  - request:
      body: null
      headers:
        Accept:
          - application/json
        Accept-Encoding:
          - gzip, deflate
        Connection:
          - keep-alive
        User-Agent:
          - python/3.7.3 (Darwin-19.6.0-x86_64-i386-64bit) msrest/0.6.19 msrest_azure/0.6.4
            azure-mgmt-netapp/0.15.0 Azure-SDK-For-Python
      method: GET
      uri: https://management.azure.com/subscriptions/00000000-0000-0000-0000-000000000000/resourceGroups/sdk-net-test-qa7/providers/Microsoft.NetApp/netAppAccounts/sdk-py-tests-acc-10?api-version=2020-09-01
    response:
      body:
        string: '{"id":"/subscriptions/00000000-0000-0000-0000-000000000000/resourceGroups/sdk-net-test-qa7/providers/Microsoft.NetApp/netAppAccounts/sdk-py-tests-acc-10","name":"sdk-py-tests-acc-10","type":"Microsoft.NetApp/netAppAccounts","etag":"W/\"datetime''2020-12-15T16%3A35%3A06.7040905Z''\"","location":"eastus2","properties":{"provisioningState":"Succeeded"}}'
      headers:
        access-control-expose-headers:
          - Request-Context
        cache-control:
          - no-cache
        content-length:
          - '350'
        content-type:
          - application/json; charset=utf-8
        date:
          - Tue, 15 Dec 2020 16:35:37 GMT
        etag:
          - W/"datetime'2020-12-15T16%3A35%3A06.7040905Z'"
        expires:
          - '-1'
        pragma:
          - no-cache
        request-context:
          - appId=cid-v1:2c4cb680-0a1f-424d-bb8d-8e650ba68d53
        server:
          - Microsoft-IIS/10.0
        strict-transport-security:
          - max-age=31536000; includeSubDomains
        transfer-encoding:
          - chunked
        vary:
          - Accept-Encoding
        x-content-type-options:
          - nosniff
        x-powered-by:
          - ASP.NET
      status:
        code: 200
        message: OK
  - request:
      body: '{"location": "eastus2", "properties": {"size": 4398046511104, "serviceLevel":
      "Premium", "qosType": "Auto"}}'
      headers:
        Accept:
          - application/json
        Accept-Encoding:
          - gzip, deflate
        Connection:
          - keep-alive
        Content-Length:
          - '108'
        Content-Type:
          - application/json; charset=utf-8
        User-Agent:
          - python/3.7.3 (Darwin-19.6.0-x86_64-i386-64bit) msrest/0.6.19 msrest_azure/0.6.4
            azure-mgmt-netapp/0.15.0 Azure-SDK-For-Python
        accept-language:
          - en-US
        location:
          - eastus2
      method: PUT
      uri: https://management.azure.com/subscriptions/00000000-0000-0000-0000-000000000000/resourceGroups/sdk-net-test-qa7/providers/Microsoft.NetApp/netAppAccounts/sdk-py-tests-acc-10/capacityPools/sdk-py-tests-pool-1?api-version=2020-09-01
    response:
      body:
        string: '{"id":"/subscriptions/00000000-0000-0000-0000-000000000000/resourceGroups/sdk-net-test-qa7/providers/Microsoft.NetApp/netAppAccounts/sdk-py-tests-acc-10/capacityPools/sdk-py-tests-pool-1","name":"sdk-py-tests-acc-10/sdk-py-tests-pool-1","type":"Microsoft.NetApp/netAppAccounts/capacityPools","etag":"W/\"datetime''2020-12-15T16%3A35%3A39.3841622Z''\"","location":"eastus2","properties":{"serviceLevel":"Premium","size":4398046511104,"qosType":"Auto","totalThroughputMibps":0.0,"utilizedThroughputMibps":0.0,"provisioningState":"Creating"}}'
      headers:
        access-control-expose-headers:
          - Request-Context
        azure-asyncoperation:
          - https://management.azure.com/subscriptions/00000000-0000-0000-0000-000000000000/providers/Microsoft.NetApp/locations/eastus2/operationResults/f169bd22-2dcd-4ac8-bdff-0035ca130b9d?api-version=2020-09-01
        cache-control:
          - no-cache
        content-length:
          - '537'
        content-type:
          - application/json; charset=utf-8
        date:
          - Tue, 15 Dec 2020 16:35:39 GMT
        etag:
          - W/"datetime'2020-12-15T16%3A35%3A39.3841622Z'"
        expires:
          - '-1'
        pragma:
          - no-cache
        request-context:
          - appId=cid-v1:2c4cb680-0a1f-424d-bb8d-8e650ba68d53
        server:
          - Microsoft-IIS/10.0
        strict-transport-security:
          - max-age=31536000; includeSubDomains
        x-content-type-options:
          - nosniff
        x-ms-ratelimit-remaining-subscription-writes:
          - '1198'
        x-powered-by:
          - ASP.NET
      status:
        code: 201
        message: Created
  - request:
      body: null
      headers:
        Accept:
          - application/json
        Accept-Encoding:
          - gzip, deflate
        Connection:
          - keep-alive
        User-Agent:
          - python/3.7.3 (Darwin-19.6.0-x86_64-i386-64bit) msrest/0.6.19 msrest_azure/0.6.4
            azure-mgmt-netapp/0.15.0 Azure-SDK-For-Python
      method: GET
      uri: https://management.azure.com/subscriptions/00000000-0000-0000-0000-000000000000/providers/Microsoft.NetApp/locations/eastus2/operationResults/f169bd22-2dcd-4ac8-bdff-0035ca130b9d?api-version=2020-09-01
    response:
      body:
        string: '{"id":"/subscriptions/00000000-0000-0000-0000-000000000000/providers/Microsoft.NetApp/locations/eastus2/operationResults/f169bd22-2dcd-4ac8-bdff-0035ca130b9d","name":"f169bd22-2dcd-4ac8-bdff-0035ca130b9d","status":"Succeeded","startTime":"2020-12-15T16:35:39.2843639Z","endTime":"2020-12-15T16:35:39.612533Z","percentComplete":100.0,"properties":{"resourceName":"/subscriptions/00000000-0000-0000-0000-000000000000/resourceGroups/sdk-net-test-qa7/providers/Microsoft.NetApp/netAppAccounts/sdk-py-tests-acc-10/capacityPools/sdk-py-tests-pool-1"}}'
      headers:
        access-control-expose-headers:
          - Request-Context
        cache-control:
          - no-cache
        content-length:
          - '545'
        content-type:
          - application/json; charset=utf-8
        date:
          - Tue, 15 Dec 2020 16:36:10 GMT
        expires:
          - '-1'
        pragma:
          - no-cache
        request-context:
          - appId=cid-v1:2c4cb680-0a1f-424d-bb8d-8e650ba68d53
        server:
          - Microsoft-IIS/10.0
        strict-transport-security:
          - max-age=31536000; includeSubDomains
        transfer-encoding:
          - chunked
        vary:
          - Accept-Encoding
        x-content-type-options:
          - nosniff
        x-powered-by:
          - ASP.NET
      status:
        code: 200
        message: OK
  - request:
      body: null
      headers:
        Accept:
          - application/json
        Accept-Encoding:
          - gzip, deflate
        Connection:
          - keep-alive
        User-Agent:
          - python/3.7.3 (Darwin-19.6.0-x86_64-i386-64bit) msrest/0.6.19 msrest_azure/0.6.4
            azure-mgmt-netapp/0.15.0 Azure-SDK-For-Python
      method: GET
      uri: https://management.azure.com/subscriptions/00000000-0000-0000-0000-000000000000/resourceGroups/sdk-net-test-qa7/providers/Microsoft.NetApp/netAppAccounts/sdk-py-tests-acc-10/capacityPools/sdk-py-tests-pool-1?api-version=2020-09-01
    response:
      body:
        string: '{"id":"/subscriptions/00000000-0000-0000-0000-000000000000/resourceGroups/sdk-net-test-qa7/providers/Microsoft.NetApp/netAppAccounts/sdk-py-tests-acc-10/capacityPools/sdk-py-tests-pool-1","name":"sdk-py-tests-acc-10/sdk-py-tests-pool-1","type":"Microsoft.NetApp/netAppAccounts/capacityPools","etag":"W/\"datetime''2020-12-15T16%3A35%3A42.7073225Z''\"","location":"eastus2","properties":{"poolId":"be4320db-e0d8-1301-63c4-f8c3909a8424","serviceLevel":"Premium","size":4398046511104,"qosType":"Auto","totalThroughputMibps":262.144,"utilizedThroughputMibps":0.0,"encryptionType":"Single","provisioningState":"Succeeded"}}'
      headers:
        access-control-expose-headers:
          - Request-Context
        cache-control:
          - no-cache
        content-length:
          - '616'
        content-type:
          - application/json; charset=utf-8
        date:
          - Tue, 15 Dec 2020 16:36:10 GMT
        etag:
          - W/"datetime'2020-12-15T16%3A35%3A42.7073225Z'"
        expires:
          - '-1'
        pragma:
          - no-cache
        request-context:
          - appId=cid-v1:2c4cb680-0a1f-424d-bb8d-8e650ba68d53
        server:
          - Microsoft-IIS/10.0
        strict-transport-security:
          - max-age=31536000; includeSubDomains
        transfer-encoding:
          - chunked
        vary:
          - Accept-Encoding
        x-content-type-options:
          - nosniff
        x-powered-by:
          - ASP.NET
      status:
        code: 200
        message: OK
  - request:
      body: 'b''b\''{"location": "eastus2", "properties": {"creationToken": "sdk-py-tests-vol-1",
      "serviceLevel": "Premium", "usageThreshold": 107374182400, "protocolTypes":
      ["NFSv3"], "subnetId": "/subscriptions/00000000-0000-0000-0000-000000000000/resourceGroups/sdk-net-test-qa7/providers/Microsoft.Network/virtualNetworks/sdknettestqa7vnet464/subnets/default",
      "kerberosEnabled": false, "smbEncryption": false, "smbContinuouslyAvailable":
      false}}\'''''
      headers:
        Accept:
          - application/json
        Accept-Encoding:
          - gzip, deflate
        Connection:
          - keep-alive
        Content-Length:
          - '430'
        Content-Type:
          - application/json; charset=utf-8
        User-Agent:
          - python/3.7.3 (Darwin-19.6.0-x86_64-i386-64bit) msrest/0.6.19 msrest_azure/0.6.4
            azure-mgmt-netapp/0.15.0 Azure-SDK-For-Python
        accept-language:
          - en-US
      method: PUT
      uri: https://management.azure.com/subscriptions/00000000-0000-0000-0000-000000000000/resourceGroups/sdk-net-test-qa7/providers/Microsoft.NetApp/netAppAccounts/sdk-py-tests-acc-10/capacityPools/sdk-py-tests-pool-1/volumes/sdk-py-tests-vol-1?api-version=2020-09-01
    response:
      body:
        string: '{"id":"/subscriptions/00000000-0000-0000-0000-000000000000/resourceGroups/sdk-net-test-qa7/providers/Microsoft.NetApp/netAppAccounts/sdk-py-tests-acc-10/capacityPools/sdk-py-tests-pool-1/volumes/sdk-py-tests-vol-1","name":"sdk-py-tests-acc-10/sdk-py-tests-pool-1/sdk-py-tests-vol-1","type":"Microsoft.NetApp/netAppAccounts/capacityPools/volumes","etag":"W/\"datetime''2020-12-15T16%3A36%3A13.0481696Z''\"","location":"eastus2","properties":{"serviceLevel":"Premium","creationToken":"sdk-py-tests-vol-1","usageThreshold":107374182400,"protocolTypes":["NFSv3"],"subnetId":"/subscriptions/00000000-0000-0000-0000-000000000000/resourceGroups/sdk-net-test-qa7/providers/Microsoft.Network/virtualNetworks/sdknettestqa7vnet464/subnets/default","kerberosEnabled":false,"smbEncryption":false,"smbContinuouslyAvailable":false,"provisioningState":"Creating"}}'
      headers:
        access-control-expose-headers:
          - Request-Context
        azure-asyncoperation:
          - https://management.azure.com/subscriptions/00000000-0000-0000-0000-000000000000/providers/Microsoft.NetApp/locations/eastus2/operationResults/d904c04e-998d-4ad6-ad91-6de01f3eca29?api-version=2020-09-01
        cache-control:
          - no-cache
        content-length:
          - '846'
        content-type:
          - application/json; charset=utf-8
        date:
          - Tue, 15 Dec 2020 16:36:13 GMT
        etag:
          - W/"datetime'2020-12-15T16%3A36%3A13.0481696Z'"
        expires:
          - '-1'
        pragma:
          - no-cache
        request-context:
          - appId=cid-v1:2c4cb680-0a1f-424d-bb8d-8e650ba68d53
        server:
          - Microsoft-IIS/10.0
        strict-transport-security:
          - max-age=31536000; includeSubDomains
        x-content-type-options:
          - nosniff
        x-ms-ratelimit-remaining-subscription-writes:
          - '1197'
        x-powered-by:
          - ASP.NET
      status:
        code: 201
        message: Created
  - request:
      body: null
      headers:
        Accept:
          - application/json
        Accept-Encoding:
          - gzip, deflate
        Connection:
          - keep-alive
        User-Agent:
          - python/3.7.3 (Darwin-19.6.0-x86_64-i386-64bit) msrest/0.6.19 msrest_azure/0.6.4
            azure-mgmt-netapp/0.15.0 Azure-SDK-For-Python
      method: GET
      uri: https://management.azure.com/subscriptions/00000000-0000-0000-0000-000000000000/providers/Microsoft.NetApp/locations/eastus2/operationResults/d904c04e-998d-4ad6-ad91-6de01f3eca29?api-version=2020-09-01
    response:
      body:
        string: '{"id":"/subscriptions/00000000-0000-0000-0000-000000000000/providers/Microsoft.NetApp/locations/eastus2/operationResults/d904c04e-998d-4ad6-ad91-6de01f3eca29","name":"d904c04e-998d-4ad6-ad91-6de01f3eca29","status":"Creating","startTime":"2020-12-15T16:36:12.9625247Z","endTime":"0001-01-01T00:00:00Z","percentComplete":0.0,"properties":{"resourceName":"/subscriptions/00000000-0000-0000-0000-000000000000/resourceGroups/sdk-net-test-qa7/providers/Microsoft.NetApp/netAppAccounts/sdk-py-tests-acc-10/capacityPools/sdk-py-tests-pool-1/volumes/sdk-py-tests-vol-1"}}'
      headers:
        access-control-expose-headers:
          - Request-Context
        cache-control:
          - no-cache
        content-length:
          - '562'
        content-type:
          - application/json; charset=utf-8
        date:
          - Tue, 15 Dec 2020 16:36:44 GMT
        expires:
          - '-1'
        pragma:
          - no-cache
        request-context:
          - appId=cid-v1:2c4cb680-0a1f-424d-bb8d-8e650ba68d53
        server:
          - Microsoft-IIS/10.0
        strict-transport-security:
          - max-age=31536000; includeSubDomains
        transfer-encoding:
          - chunked
        vary:
          - Accept-Encoding
        x-content-type-options:
          - nosniff
        x-powered-by:
          - ASP.NET
      status:
        code: 200
        message: OK
  - request:
      body: null
      headers:
        Accept:
          - application/json
        Accept-Encoding:
          - gzip, deflate
        Connection:
          - keep-alive
        User-Agent:
          - python/3.7.3 (Darwin-19.6.0-x86_64-i386-64bit) msrest/0.6.19 msrest_azure/0.6.4
            azure-mgmt-netapp/0.15.0 Azure-SDK-For-Python
      method: GET
      uri: https://management.azure.com/subscriptions/00000000-0000-0000-0000-000000000000/providers/Microsoft.NetApp/locations/eastus2/operationResults/d904c04e-998d-4ad6-ad91-6de01f3eca29?api-version=2020-09-01
    response:
      body:
        string: '{"id":"/subscriptions/00000000-0000-0000-0000-000000000000/providers/Microsoft.NetApp/locations/eastus2/operationResults/d904c04e-998d-4ad6-ad91-6de01f3eca29","name":"d904c04e-998d-4ad6-ad91-6de01f3eca29","status":"Creating","startTime":"2020-12-15T16:36:12.9625247Z","endTime":"0001-01-01T00:00:00Z","percentComplete":0.0,"properties":{"resourceName":"/subscriptions/00000000-0000-0000-0000-000000000000/resourceGroups/sdk-net-test-qa7/providers/Microsoft.NetApp/netAppAccounts/sdk-py-tests-acc-10/capacityPools/sdk-py-tests-pool-1/volumes/sdk-py-tests-vol-1"}}'
      headers:
        access-control-expose-headers:
          - Request-Context
        cache-control:
          - no-cache
        content-length:
          - '562'
        content-type:
          - application/json; charset=utf-8
        date:
          - Tue, 15 Dec 2020 16:37:14 GMT
        expires:
          - '-1'
        pragma:
          - no-cache
        request-context:
          - appId=cid-v1:2c4cb680-0a1f-424d-bb8d-8e650ba68d53
        server:
          - Microsoft-IIS/10.0
        strict-transport-security:
          - max-age=31536000; includeSubDomains
        transfer-encoding:
          - chunked
        vary:
          - Accept-Encoding
        x-content-type-options:
          - nosniff
        x-powered-by:
          - ASP.NET
      status:
        code: 200
        message: OK
  - request:
      body: null
      headers:
        Accept:
          - application/json
        Accept-Encoding:
          - gzip, deflate
        Connection:
          - keep-alive
        User-Agent:
          - python/3.7.3 (Darwin-19.6.0-x86_64-i386-64bit) msrest/0.6.19 msrest_azure/0.6.4
            azure-mgmt-netapp/0.15.0 Azure-SDK-For-Python
      method: GET
      uri: https://management.azure.com/subscriptions/00000000-0000-0000-0000-000000000000/providers/Microsoft.NetApp/locations/eastus2/operationResults/d904c04e-998d-4ad6-ad91-6de01f3eca29?api-version=2020-09-01
    response:
      body:
        string: '{"id":"/subscriptions/00000000-0000-0000-0000-000000000000/providers/Microsoft.NetApp/locations/eastus2/operationResults/d904c04e-998d-4ad6-ad91-6de01f3eca29","name":"d904c04e-998d-4ad6-ad91-6de01f3eca29","status":"Creating","startTime":"2020-12-15T16:36:12.9625247Z","endTime":"0001-01-01T00:00:00Z","percentComplete":0.0,"properties":{"resourceName":"/subscriptions/00000000-0000-0000-0000-000000000000/resourceGroups/sdk-net-test-qa7/providers/Microsoft.NetApp/netAppAccounts/sdk-py-tests-acc-10/capacityPools/sdk-py-tests-pool-1/volumes/sdk-py-tests-vol-1"}}'
      headers:
        access-control-expose-headers:
          - Request-Context
        cache-control:
          - no-cache
        content-length:
          - '562'
        content-type:
          - application/json; charset=utf-8
        date:
          - Tue, 15 Dec 2020 16:37:45 GMT
        expires:
          - '-1'
        pragma:
          - no-cache
        request-context:
          - appId=cid-v1:2c4cb680-0a1f-424d-bb8d-8e650ba68d53
        server:
          - Microsoft-IIS/10.0
        strict-transport-security:
          - max-age=31536000; includeSubDomains
        transfer-encoding:
          - chunked
        vary:
          - Accept-Encoding
        x-content-type-options:
          - nosniff
        x-powered-by:
          - ASP.NET
      status:
        code: 200
        message: OK
  - request:
      body: null
      headers:
        Accept:
          - application/json
        Accept-Encoding:
          - gzip, deflate
        Connection:
          - keep-alive
        User-Agent:
          - python/3.7.3 (Darwin-19.6.0-x86_64-i386-64bit) msrest/0.6.19 msrest_azure/0.6.4
            azure-mgmt-netapp/0.15.0 Azure-SDK-For-Python
      method: GET
      uri: https://management.azure.com/subscriptions/00000000-0000-0000-0000-000000000000/providers/Microsoft.NetApp/locations/eastus2/operationResults/d904c04e-998d-4ad6-ad91-6de01f3eca29?api-version=2020-09-01
    response:
      body:
        string: '{"id":"/subscriptions/00000000-0000-0000-0000-000000000000/providers/Microsoft.NetApp/locations/eastus2/operationResults/d904c04e-998d-4ad6-ad91-6de01f3eca29","name":"d904c04e-998d-4ad6-ad91-6de01f3eca29","status":"Creating","startTime":"2020-12-15T16:36:12.9625247Z","endTime":"0001-01-01T00:00:00Z","percentComplete":0.0,"properties":{"resourceName":"/subscriptions/00000000-0000-0000-0000-000000000000/resourceGroups/sdk-net-test-qa7/providers/Microsoft.NetApp/netAppAccounts/sdk-py-tests-acc-10/capacityPools/sdk-py-tests-pool-1/volumes/sdk-py-tests-vol-1"}}'
      headers:
        access-control-expose-headers:
          - Request-Context
        cache-control:
          - no-cache
        content-length:
          - '562'
        content-type:
          - application/json; charset=utf-8
        date:
          - Tue, 15 Dec 2020 16:38:14 GMT
        expires:
          - '-1'
        pragma:
          - no-cache
        request-context:
          - appId=cid-v1:2c4cb680-0a1f-424d-bb8d-8e650ba68d53
        server:
          - Microsoft-IIS/10.0
        strict-transport-security:
          - max-age=31536000; includeSubDomains
        transfer-encoding:
          - chunked
        vary:
          - Accept-Encoding
        x-content-type-options:
          - nosniff
        x-powered-by:
          - ASP.NET
      status:
        code: 200
        message: OK
  - request:
      body: null
      headers:
        Accept:
          - application/json
        Accept-Encoding:
          - gzip, deflate
        Connection:
          - keep-alive
        User-Agent:
          - python/3.7.3 (Darwin-19.6.0-x86_64-i386-64bit) msrest/0.6.19 msrest_azure/0.6.4
            azure-mgmt-netapp/0.15.0 Azure-SDK-For-Python
      method: GET
      uri: https://management.azure.com/subscriptions/00000000-0000-0000-0000-000000000000/providers/Microsoft.NetApp/locations/eastus2/operationResults/d904c04e-998d-4ad6-ad91-6de01f3eca29?api-version=2020-09-01
    response:
      body:
        string: '{"id":"/subscriptions/00000000-0000-0000-0000-000000000000/providers/Microsoft.NetApp/locations/eastus2/operationResults/d904c04e-998d-4ad6-ad91-6de01f3eca29","name":"d904c04e-998d-4ad6-ad91-6de01f3eca29","status":"Creating","startTime":"2020-12-15T16:36:12.9625247Z","endTime":"0001-01-01T00:00:00Z","percentComplete":0.0,"properties":{"resourceName":"/subscriptions/00000000-0000-0000-0000-000000000000/resourceGroups/sdk-net-test-qa7/providers/Microsoft.NetApp/netAppAccounts/sdk-py-tests-acc-10/capacityPools/sdk-py-tests-pool-1/volumes/sdk-py-tests-vol-1"}}'
      headers:
        access-control-expose-headers:
          - Request-Context
        cache-control:
          - no-cache
        content-length:
          - '562'
        content-type:
          - application/json; charset=utf-8
        date:
          - Tue, 15 Dec 2020 16:38:45 GMT
        expires:
          - '-1'
        pragma:
          - no-cache
        request-context:
          - appId=cid-v1:2c4cb680-0a1f-424d-bb8d-8e650ba68d53
        server:
          - Microsoft-IIS/10.0
        strict-transport-security:
          - max-age=31536000; includeSubDomains
        transfer-encoding:
          - chunked
        vary:
          - Accept-Encoding
        x-content-type-options:
          - nosniff
        x-powered-by:
          - ASP.NET
      status:
        code: 200
        message: OK
  - request:
      body: null
      headers:
        Accept:
          - application/json
        Accept-Encoding:
          - gzip, deflate
        Connection:
          - keep-alive
        User-Agent:
          - python/3.7.3 (Darwin-19.6.0-x86_64-i386-64bit) msrest/0.6.19 msrest_azure/0.6.4
            azure-mgmt-netapp/0.15.0 Azure-SDK-For-Python
      method: GET
      uri: https://management.azure.com/subscriptions/00000000-0000-0000-0000-000000000000/providers/Microsoft.NetApp/locations/eastus2/operationResults/d904c04e-998d-4ad6-ad91-6de01f3eca29?api-version=2020-09-01
    response:
      body:
        string: '{"id":"/subscriptions/00000000-0000-0000-0000-000000000000/providers/Microsoft.NetApp/locations/eastus2/operationResults/d904c04e-998d-4ad6-ad91-6de01f3eca29","name":"d904c04e-998d-4ad6-ad91-6de01f3eca29","status":"Creating","startTime":"2020-12-15T16:36:12.9625247Z","endTime":"0001-01-01T00:00:00Z","percentComplete":0.0,"properties":{"resourceName":"/subscriptions/00000000-0000-0000-0000-000000000000/resourceGroups/sdk-net-test-qa7/providers/Microsoft.NetApp/netAppAccounts/sdk-py-tests-acc-10/capacityPools/sdk-py-tests-pool-1/volumes/sdk-py-tests-vol-1"}}'
      headers:
        access-control-expose-headers:
          - Request-Context
        cache-control:
          - no-cache
        content-length:
          - '562'
        content-type:
          - application/json; charset=utf-8
        date:
          - Tue, 15 Dec 2020 16:39:15 GMT
        expires:
          - '-1'
        pragma:
          - no-cache
        request-context:
          - appId=cid-v1:2c4cb680-0a1f-424d-bb8d-8e650ba68d53
        server:
          - Microsoft-IIS/10.0
        strict-transport-security:
          - max-age=31536000; includeSubDomains
        transfer-encoding:
          - chunked
        vary:
          - Accept-Encoding
        x-content-type-options:
          - nosniff
        x-powered-by:
          - ASP.NET
      status:
        code: 200
        message: OK
  - request:
      body: null
      headers:
        Accept:
          - application/json
        Accept-Encoding:
          - gzip, deflate
        Connection:
          - keep-alive
        User-Agent:
          - python/3.7.3 (Darwin-19.6.0-x86_64-i386-64bit) msrest/0.6.19 msrest_azure/0.6.4
            azure-mgmt-netapp/0.15.0 Azure-SDK-For-Python
      method: GET
      uri: https://management.azure.com/subscriptions/00000000-0000-0000-0000-000000000000/providers/Microsoft.NetApp/locations/eastus2/operationResults/d904c04e-998d-4ad6-ad91-6de01f3eca29?api-version=2020-09-01
    response:
      body:
        string: '{"id":"/subscriptions/00000000-0000-0000-0000-000000000000/providers/Microsoft.NetApp/locations/eastus2/operationResults/d904c04e-998d-4ad6-ad91-6de01f3eca29","name":"d904c04e-998d-4ad6-ad91-6de01f3eca29","status":"Succeeded","startTime":"2020-12-15T16:36:12.9625247Z","endTime":"2020-12-15T16:39:22.1977805Z","percentComplete":100.0,"properties":{"resourceName":"/subscriptions/00000000-0000-0000-0000-000000000000/resourceGroups/sdk-net-test-qa7/providers/Microsoft.NetApp/netAppAccounts/sdk-py-tests-acc-10/capacityPools/sdk-py-tests-pool-1/volumes/sdk-py-tests-vol-1"}}'
      headers:
        access-control-expose-headers:
          - Request-Context
        cache-control:
          - no-cache
        content-length:
          - '573'
        content-type:
          - application/json; charset=utf-8
        date:
          - Tue, 15 Dec 2020 16:39:45 GMT
        expires:
          - '-1'
        pragma:
          - no-cache
        request-context:
          - appId=cid-v1:2c4cb680-0a1f-424d-bb8d-8e650ba68d53
        server:
          - Microsoft-IIS/10.0
        strict-transport-security:
          - max-age=31536000; includeSubDomains
        transfer-encoding:
          - chunked
        vary:
          - Accept-Encoding
        x-content-type-options:
          - nosniff
        x-powered-by:
          - ASP.NET
      status:
        code: 200
        message: OK
  - request:
      body: null
      headers:
        Accept:
          - application/json
        Accept-Encoding:
          - gzip, deflate
        Connection:
          - keep-alive
        User-Agent:
          - python/3.7.3 (Darwin-19.6.0-x86_64-i386-64bit) msrest/0.6.19 msrest_azure/0.6.4
            azure-mgmt-netapp/0.15.0 Azure-SDK-For-Python
      method: GET
      uri: https://management.azure.com/subscriptions/00000000-0000-0000-0000-000000000000/resourceGroups/sdk-net-test-qa7/providers/Microsoft.NetApp/netAppAccounts/sdk-py-tests-acc-10/capacityPools/sdk-py-tests-pool-1/volumes/sdk-py-tests-vol-1?api-version=2020-09-01
    response:
      body:
        string: '{"id":"/subscriptions/00000000-0000-0000-0000-000000000000/resourceGroups/sdk-net-test-qa7/providers/Microsoft.NetApp/netAppAccounts/sdk-py-tests-acc-10/capacityPools/sdk-py-tests-pool-1/volumes/sdk-py-tests-vol-1","name":"sdk-py-tests-acc-10/sdk-py-tests-pool-1/sdk-py-tests-vol-1","type":"Microsoft.NetApp/netAppAccounts/capacityPools/volumes","etag":"W/\"datetime''2020-12-15T16%3A39%3A22.1759821Z''\"","location":"eastus2","properties":{"mountTargets":[{"mountTargetId":"e011d59d-c5ad-ddd8-6364-75837bf5ca22","fileSystemId":"e011d59d-c5ad-ddd8-6364-75837bf5ca22","ipAddress":"10.7.0.4","smbServerFQDN":""}],"throughputMibps":0.0,"provisioningState":"Succeeded","fileSystemId":"e011d59d-c5ad-ddd8-6364-75837bf5ca22","name":"sdk-py-tests-vol-1","serviceLevel":"Premium","creationToken":"sdk-py-tests-vol-1","usageThreshold":107374182400,"exportPolicy":{"rules":[{"ruleIndex":1,"unixReadOnly":false,"unixReadWrite":true,"cifs":false,"nfsv3":true,"nfsv41":false,"allowedClients":"0.0.0.0/0","kerberos5ReadOnly":false,"kerberos5ReadWrite":false,"kerberos5iReadOnly":false,"kerberos5iReadWrite":false,"kerberos5pReadOnly":false,"kerberos5pReadWrite":false,"hasRootAccess":true}]},"protocolTypes":["NFSv3"],"baremetalTenantId":"baremetalTenant_svm_1a1854d05b8211e99e4a3a8c013b5748_1e3ca616","subnetId":"/subscriptions/00000000-0000-0000-0000-000000000000/resourceGroups/sdk-net-test-qa7/providers/Microsoft.Network/virtualNetworks/sdknettestqa7vnet464/subnets/default","snapshotDirectoryVisible":true,"kerberosEnabled":false,"securityStyle":"Unix","smbEncryption":false,"smbContinuouslyAvailable":false}}'
      headers:
        access-control-expose-headers:
          - Request-Context
        cache-control:
          - no-cache
        content-length:
          - '1599'
        content-type:
          - application/json; charset=utf-8
        date:
          - Tue, 15 Dec 2020 16:39:45 GMT
        etag:
          - W/"datetime'2020-12-15T16%3A39%3A22.1759821Z'"
        expires:
          - '-1'
        pragma:
          - no-cache
        request-context:
          - appId=cid-v1:2c4cb680-0a1f-424d-bb8d-8e650ba68d53
        server:
          - Microsoft-IIS/10.0
        strict-transport-security:
          - max-age=31536000; includeSubDomains
        transfer-encoding:
          - chunked
        vary:
          - Accept-Encoding
        x-content-type-options:
          - nosniff
        x-powered-by:
          - ASP.NET
      status:
        code: 200
        message: OK
  - request:
      body: null
      headers:
        Accept:
          - application/json
        Accept-Encoding:
          - gzip, deflate
        Connection:
          - keep-alive
        User-Agent:
          - python/3.7.3 (Darwin-19.6.0-x86_64-i386-64bit) msrest/0.6.19 msrest_azure/0.6.4
            azure-mgmt-netapp/0.15.0 Azure-SDK-For-Python
        accept-language:
          - en-US
      method: GET
      uri: https://management.azure.com/subscriptions/00000000-0000-0000-0000-000000000000/resourceGroups/sdk-net-test-qa7/providers/Microsoft.NetApp/netAppAccounts/sdk-py-tests-acc-10/capacityPools/sdk-py-tests-pool-1/volumes/sdk-py-tests-vol-1?api-version=2020-09-01
    response:
      body:
        string: '{"id":"/subscriptions/00000000-0000-0000-0000-000000000000/resourceGroups/sdk-net-test-qa7/providers/Microsoft.NetApp/netAppAccounts/sdk-py-tests-acc-10/capacityPools/sdk-py-tests-pool-1/volumes/sdk-py-tests-vol-1","name":"sdk-py-tests-acc-10/sdk-py-tests-pool-1/sdk-py-tests-vol-1","type":"Microsoft.NetApp/netAppAccounts/capacityPools/volumes","etag":"W/\"datetime''2020-12-15T16%3A39%3A22.1759821Z''\"","location":"eastus2","properties":{"mountTargets":[{"mountTargetId":"e011d59d-c5ad-ddd8-6364-75837bf5ca22","fileSystemId":"e011d59d-c5ad-ddd8-6364-75837bf5ca22","ipAddress":"10.7.0.4","smbServerFQDN":""}],"throughputMibps":0.0,"provisioningState":"Succeeded","fileSystemId":"e011d59d-c5ad-ddd8-6364-75837bf5ca22","name":"sdk-py-tests-vol-1","serviceLevel":"Premium","creationToken":"sdk-py-tests-vol-1","usageThreshold":107374182400,"exportPolicy":{"rules":[{"ruleIndex":1,"unixReadOnly":false,"unixReadWrite":true,"cifs":false,"nfsv3":true,"nfsv41":false,"allowedClients":"0.0.0.0/0","kerberos5ReadOnly":false,"kerberos5ReadWrite":false,"kerberos5iReadOnly":false,"kerberos5iReadWrite":false,"kerberos5pReadOnly":false,"kerberos5pReadWrite":false,"hasRootAccess":true}]},"protocolTypes":["NFSv3"],"baremetalTenantId":"baremetalTenant_svm_1a1854d05b8211e99e4a3a8c013b5748_1e3ca616","subnetId":"/subscriptions/00000000-0000-0000-0000-000000000000/resourceGroups/sdk-net-test-qa7/providers/Microsoft.Network/virtualNetworks/sdknettestqa7vnet464/subnets/default","snapshotDirectoryVisible":true,"kerberosEnabled":false,"securityStyle":"Unix","smbEncryption":false,"smbContinuouslyAvailable":false}}'
      headers:
        access-control-expose-headers:
          - Request-Context
        cache-control:
          - no-cache
        content-length:
          - '1599'
        content-type:
          - application/json; charset=utf-8
        date:
          - Tue, 15 Dec 2020 16:39:46 GMT
        etag:
          - W/"datetime'2020-12-15T16%3A39%3A22.1759821Z'"
        expires:
          - '-1'
        pragma:
          - no-cache
        request-context:
          - appId=cid-v1:2c4cb680-0a1f-424d-bb8d-8e650ba68d53
        server:
          - Microsoft-IIS/10.0
        strict-transport-security:
          - max-age=31536000; includeSubDomains
        transfer-encoding:
          - chunked
        vary:
          - Accept-Encoding
        x-content-type-options:
          - nosniff
        x-powered-by:
          - ASP.NET
      status:
        code: 200
        message: OK
  - request:
      body: '{"location": "eastus2"}'
      headers:
        Accept:
          - application/json
        Accept-Encoding:
          - gzip, deflate
        Connection:
          - keep-alive
        Content-Length:
          - '23'
        Content-Type:
          - application/json; charset=utf-8
        User-Agent:
          - python/3.7.3 (Darwin-19.6.0-x86_64-i386-64bit) msrest/0.6.19 msrest_azure/0.6.4
            azure-mgmt-netapp/0.15.0 Azure-SDK-For-Python
        accept-language:
          - en-US
      method: PUT
      uri: https://management.azure.com/subscriptions/00000000-0000-0000-0000-000000000000/resourceGroups/sdk-net-test-qa7/providers/Microsoft.NetApp/netAppAccounts/sdk-py-tests-acc-10/capacityPools/sdk-py-tests-pool-1/volumes/sdk-py-tests-vol-1/snapshots/sdk-py-tests-snapshot-1?api-version=2020-09-01
    response:
      body:
        string: '{"id":"/subscriptions/00000000-0000-0000-0000-000000000000/resourceGroups/sdk-net-test-qa7/providers/Microsoft.NetApp/netAppAccounts/sdk-py-tests-acc-10/capacityPools/sdk-py-tests-pool-1/volumes/sdk-py-tests-vol-1/snapshots/sdk-py-tests-snapshot-1","name":"sdk-py-tests-acc-10/sdk-py-tests-pool-1/sdk-py-tests-vol-1/sdk-py-tests-snapshot-1","type":"Microsoft.NetApp/netAppAccounts/capacityPools/volumes/snapshots","location":"eastus2","properties":{"provisioningState":"Creating","name":"sdk-py-tests-snapshot-1"}}'
      headers:
        access-control-expose-headers:
          - Request-Context
        azure-asyncoperation:
          - https://management.azure.com/subscriptions/00000000-0000-0000-0000-000000000000/providers/Microsoft.NetApp/locations/eastus2/operationResults/8ab285aa-171d-4637-943e-cfeaff3dee5a?api-version=2020-09-01
        cache-control:
          - no-cache
        content-length:
          - '514'
        content-type:
          - application/json; charset=utf-8
        date:
          - Tue, 15 Dec 2020 16:39:47 GMT
        expires:
          - '-1'
        location:
          - https://management.azure.com/subscriptions/00000000-0000-0000-0000-000000000000/providers/Microsoft.NetApp/locations/eastus2/operationResults/8ab285aa-171d-4637-943e-cfeaff3dee5a?api-version=2020-09-01&operationResultResponseType=Location
        pragma:
          - no-cache
        request-context:
          - appId=cid-v1:2c4cb680-0a1f-424d-bb8d-8e650ba68d53
        server:
          - Microsoft-IIS/10.0
        strict-transport-security:
          - max-age=31536000; includeSubDomains
        x-content-type-options:
          - nosniff
        x-ms-ratelimit-remaining-subscription-writes:
          - '1199'
        x-powered-by:
          - ASP.NET
      status:
        code: 201
        message: Created
  - request:
      body: null
      headers:
        Accept:
          - application/json
        Accept-Encoding:
          - gzip, deflate
        Connection:
          - keep-alive
        User-Agent:
          - python/3.7.3 (Darwin-19.6.0-x86_64-i386-64bit) msrest/0.6.19 msrest_azure/0.6.4
            azure-mgmt-netapp/0.15.0 Azure-SDK-For-Python
      method: GET
      uri: https://management.azure.com/subscriptions/00000000-0000-0000-0000-000000000000/providers/Microsoft.NetApp/locations/eastus2/operationResults/8ab285aa-171d-4637-943e-cfeaff3dee5a?api-version=2020-09-01
    response:
      body:
        string: '{"id":"/subscriptions/00000000-0000-0000-0000-000000000000/providers/Microsoft.NetApp/locations/eastus2/operationResults/8ab285aa-171d-4637-943e-cfeaff3dee5a","name":"8ab285aa-171d-4637-943e-cfeaff3dee5a","status":"Succeeded","startTime":"2020-12-15T16:39:47.2502999Z","endTime":"2020-12-15T16:39:50.5163749Z","percentComplete":100.0,"properties":{"resourceName":"/subscriptions/00000000-0000-0000-0000-000000000000/resourceGroups/sdk-net-test-qa7/providers/Microsoft.NetApp/netAppAccounts/sdk-py-tests-acc-10/capacityPools/sdk-py-tests-pool-1/volumes/sdk-py-tests-vol-1/snapshots/sdk-py-tests-snapshot-1"}}'
      headers:
        access-control-expose-headers:
          - Request-Context
        cache-control:
          - no-cache
        content-length:
          - '607'
        content-type:
          - application/json; charset=utf-8
        date:
          - Tue, 15 Dec 2020 16:40:18 GMT
        expires:
          - '-1'
        pragma:
          - no-cache
        request-context:
          - appId=cid-v1:2c4cb680-0a1f-424d-bb8d-8e650ba68d53
        server:
          - Microsoft-IIS/10.0
        strict-transport-security:
          - max-age=31536000; includeSubDomains
        transfer-encoding:
          - chunked
        vary:
          - Accept-Encoding
        x-content-type-options:
          - nosniff
        x-powered-by:
          - ASP.NET
      status:
        code: 200
        message: OK
  - request:
      body: null
      headers:
        Accept:
          - application/json
        Accept-Encoding:
          - gzip, deflate
        Connection:
          - keep-alive
        User-Agent:
          - python/3.7.3 (Darwin-19.6.0-x86_64-i386-64bit) msrest/0.6.19 msrest_azure/0.6.4
            azure-mgmt-netapp/0.15.0 Azure-SDK-For-Python
      method: GET
      uri: https://management.azure.com/subscriptions/00000000-0000-0000-0000-000000000000/resourceGroups/sdk-net-test-qa7/providers/Microsoft.NetApp/netAppAccounts/sdk-py-tests-acc-10/capacityPools/sdk-py-tests-pool-1/volumes/sdk-py-tests-vol-1/snapshots/sdk-py-tests-snapshot-1?api-version=2020-09-01
    response:
      body:
        string: '{"id":"/subscriptions/00000000-0000-0000-0000-000000000000/resourceGroups/sdk-net-test-qa7/providers/Microsoft.NetApp/netAppAccounts/sdk-py-tests-acc-10/capacityPools/sdk-py-tests-pool-1/volumes/sdk-py-tests-vol-1/snapshots/sdk-py-tests-snapshot-1","name":"sdk-py-tests-acc-10/sdk-py-tests-pool-1/sdk-py-tests-vol-1/sdk-py-tests-snapshot-1","type":"Microsoft.NetApp/netAppAccounts/capacityPools/volumes/snapshots","location":"eastus2","properties":{"provisioningState":"Succeeded","snapshotId":"e23d1b6f-efa4-5caf-1159-a4ca0879215b","name":"sdk-py-tests-snapshot-1","created":"2020-12-15T16:39:38Z"}}'
      headers:
        access-control-expose-headers:
          - Request-Context
        cache-control:
          - no-cache
        content-length:
          - '600'
        content-type:
          - application/json; charset=utf-8
        date:
          - Tue, 15 Dec 2020 16:40:18 GMT
        expires:
          - '-1'
        pragma:
          - no-cache
        request-context:
          - appId=cid-v1:2c4cb680-0a1f-424d-bb8d-8e650ba68d53
        server:
          - Microsoft-IIS/10.0
        strict-transport-security:
          - max-age=31536000; includeSubDomains
        transfer-encoding:
          - chunked
        vary:
          - Accept-Encoding
        x-content-type-options:
          - nosniff
        x-powered-by:
          - ASP.NET
      status:
        code: 200
        message: OK
  - request:
      body: null
      headers:
        Accept:
          - application/json
        Accept-Encoding:
          - gzip, deflate
        Connection:
          - keep-alive
        User-Agent:
          - python/3.7.3 (Darwin-19.6.0-x86_64-i386-64bit) msrest/0.6.19 msrest_azure/0.6.4
            azure-mgmt-netapp/0.15.0 Azure-SDK-For-Python
        accept-language:
          - en-US
      method: GET
      uri: https://management.azure.com/subscriptions/00000000-0000-0000-0000-000000000000/resourceGroups/sdk-net-test-qa7/providers/Microsoft.NetApp/netAppAccounts/sdk-py-tests-acc-10/capacityPools/sdk-py-tests-pool-1/volumes/sdk-py-tests-vol-1?api-version=2020-09-01
    response:
      body:
        string: '{"id":"/subscriptions/00000000-0000-0000-0000-000000000000/resourceGroups/sdk-net-test-qa7/providers/Microsoft.NetApp/netAppAccounts/sdk-py-tests-acc-10/capacityPools/sdk-py-tests-pool-1/volumes/sdk-py-tests-vol-1","name":"sdk-py-tests-acc-10/sdk-py-tests-pool-1/sdk-py-tests-vol-1","type":"Microsoft.NetApp/netAppAccounts/capacityPools/volumes","etag":"W/\"datetime''2020-12-15T16%3A39%3A22.1759821Z''\"","location":"eastus2","properties":{"mountTargets":[{"mountTargetId":"e011d59d-c5ad-ddd8-6364-75837bf5ca22","fileSystemId":"e011d59d-c5ad-ddd8-6364-75837bf5ca22","ipAddress":"10.7.0.4","smbServerFQDN":""}],"throughputMibps":0.0,"provisioningState":"Succeeded","fileSystemId":"e011d59d-c5ad-ddd8-6364-75837bf5ca22","name":"sdk-py-tests-vol-1","serviceLevel":"Premium","creationToken":"sdk-py-tests-vol-1","usageThreshold":107374182400,"exportPolicy":{"rules":[{"ruleIndex":1,"unixReadOnly":false,"unixReadWrite":true,"cifs":false,"nfsv3":true,"nfsv41":false,"allowedClients":"0.0.0.0/0","kerberos5ReadOnly":false,"kerberos5ReadWrite":false,"kerberos5iReadOnly":false,"kerberos5iReadWrite":false,"kerberos5pReadOnly":false,"kerberos5pReadWrite":false,"hasRootAccess":true}]},"protocolTypes":["NFSv3"],"baremetalTenantId":"baremetalTenant_svm_1a1854d05b8211e99e4a3a8c013b5748_1e3ca616","subnetId":"/subscriptions/00000000-0000-0000-0000-000000000000/resourceGroups/sdk-net-test-qa7/providers/Microsoft.Network/virtualNetworks/sdknettestqa7vnet464/subnets/default","snapshotDirectoryVisible":true,"kerberosEnabled":false,"securityStyle":"Unix","smbEncryption":false,"smbContinuouslyAvailable":false}}'
      headers:
        access-control-expose-headers:
          - Request-Context
        cache-control:
          - no-cache
        content-length:
          - '1599'
        content-type:
          - application/json; charset=utf-8
        date:
          - Tue, 15 Dec 2020 16:40:18 GMT
        etag:
          - W/"datetime'2020-12-15T16%3A39%3A22.1759821Z'"
        expires:
          - '-1'
        pragma:
          - no-cache
        request-context:
          - appId=cid-v1:2c4cb680-0a1f-424d-bb8d-8e650ba68d53
        server:
          - Microsoft-IIS/10.0
        strict-transport-security:
          - max-age=31536000; includeSubDomains
        transfer-encoding:
          - chunked
        vary:
          - Accept-Encoding
        x-content-type-options:
          - nosniff
        x-powered-by:
          - ASP.NET
      status:
        code: 200
        message: OK
  - request:
      body: '{"location": "eastus2"}'
      headers:
        Accept:
          - application/json
        Accept-Encoding:
          - gzip, deflate
        Connection:
          - keep-alive
        Content-Length:
          - '23'
        Content-Type:
          - application/json; charset=utf-8
        User-Agent:
          - python/3.7.3 (Darwin-19.6.0-x86_64-i386-64bit) msrest/0.6.19 msrest_azure/0.6.4
            azure-mgmt-netapp/0.15.0 Azure-SDK-For-Python
        accept-language:
          - en-US
      method: PUT
      uri: https://management.azure.com/subscriptions/00000000-0000-0000-0000-000000000000/resourceGroups/sdk-net-test-qa7/providers/Microsoft.NetApp/netAppAccounts/sdk-py-tests-acc-10/capacityPools/sdk-py-tests-pool-1/volumes/sdk-py-tests-vol-1/snapshots/sdk-py-tests-snapshot-2?api-version=2020-09-01
    response:
      body:
        string: '{"id":"/subscriptions/00000000-0000-0000-0000-000000000000/resourceGroups/sdk-net-test-qa7/providers/Microsoft.NetApp/netAppAccounts/sdk-py-tests-acc-10/capacityPools/sdk-py-tests-pool-1/volumes/sdk-py-tests-vol-1/snapshots/sdk-py-tests-snapshot-2","name":"sdk-py-tests-acc-10/sdk-py-tests-pool-1/sdk-py-tests-vol-1/sdk-py-tests-snapshot-2","type":"Microsoft.NetApp/netAppAccounts/capacityPools/volumes/snapshots","location":"eastus2","properties":{"provisioningState":"Creating","name":"sdk-py-tests-snapshot-2"}}'
      headers:
        access-control-expose-headers:
          - Request-Context
        azure-asyncoperation:
          - https://management.azure.com/subscriptions/00000000-0000-0000-0000-000000000000/providers/Microsoft.NetApp/locations/eastus2/operationResults/048cb00b-9b95-4e49-b8f3-6af073c057e5?api-version=2020-09-01
        cache-control:
          - no-cache
        content-length:
          - '514'
        content-type:
          - application/json; charset=utf-8
        date:
          - Tue, 15 Dec 2020 16:40:19 GMT
        expires:
          - '-1'
        location:
          - https://management.azure.com/subscriptions/00000000-0000-0000-0000-000000000000/providers/Microsoft.NetApp/locations/eastus2/operationResults/048cb00b-9b95-4e49-b8f3-6af073c057e5?api-version=2020-09-01&operationResultResponseType=Location
        pragma:
          - no-cache
        request-context:
          - appId=cid-v1:2c4cb680-0a1f-424d-bb8d-8e650ba68d53
        server:
          - Microsoft-IIS/10.0
        strict-transport-security:
          - max-age=31536000; includeSubDomains
        x-content-type-options:
          - nosniff
        x-ms-ratelimit-remaining-subscription-writes:
          - '1198'
        x-powered-by:
          - ASP.NET
      status:
        code: 201
        message: Created
  - request:
      body: null
      headers:
        Accept:
          - application/json
        Accept-Encoding:
          - gzip, deflate
        Connection:
          - keep-alive
        User-Agent:
          - python/3.7.3 (Darwin-19.6.0-x86_64-i386-64bit) msrest/0.6.19 msrest_azure/0.6.4
            azure-mgmt-netapp/0.15.0 Azure-SDK-For-Python
      method: GET
      uri: https://management.azure.com/subscriptions/00000000-0000-0000-0000-000000000000/providers/Microsoft.NetApp/locations/eastus2/operationResults/048cb00b-9b95-4e49-b8f3-6af073c057e5?api-version=2020-09-01
    response:
      body:
        string: '{"id":"/subscriptions/00000000-0000-0000-0000-000000000000/providers/Microsoft.NetApp/locations/eastus2/operationResults/048cb00b-9b95-4e49-b8f3-6af073c057e5","name":"048cb00b-9b95-4e49-b8f3-6af073c057e5","status":"Succeeded","startTime":"2020-12-15T16:40:19.1224955Z","endTime":"2020-12-15T16:40:21.7851396Z","percentComplete":100.0,"properties":{"resourceName":"/subscriptions/00000000-0000-0000-0000-000000000000/resourceGroups/sdk-net-test-qa7/providers/Microsoft.NetApp/netAppAccounts/sdk-py-tests-acc-10/capacityPools/sdk-py-tests-pool-1/volumes/sdk-py-tests-vol-1/snapshots/sdk-py-tests-snapshot-2"}}'
      headers:
        access-control-expose-headers:
          - Request-Context
        cache-control:
          - no-cache
        content-length:
          - '607'
        content-type:
          - application/json; charset=utf-8
        date:
          - Tue, 15 Dec 2020 16:40:49 GMT
        expires:
          - '-1'
        pragma:
          - no-cache
        request-context:
          - appId=cid-v1:2c4cb680-0a1f-424d-bb8d-8e650ba68d53
        server:
          - Microsoft-IIS/10.0
        strict-transport-security:
          - max-age=31536000; includeSubDomains
        transfer-encoding:
          - chunked
        vary:
          - Accept-Encoding
        x-content-type-options:
          - nosniff
        x-powered-by:
          - ASP.NET
      status:
        code: 200
        message: OK
  - request:
      body: null
      headers:
        Accept:
          - application/json
        Accept-Encoding:
          - gzip, deflate
        Connection:
          - keep-alive
        User-Agent:
          - python/3.7.3 (Darwin-19.6.0-x86_64-i386-64bit) msrest/0.6.19 msrest_azure/0.6.4
            azure-mgmt-netapp/0.15.0 Azure-SDK-For-Python
      method: GET
      uri: https://management.azure.com/subscriptions/00000000-0000-0000-0000-000000000000/resourceGroups/sdk-net-test-qa7/providers/Microsoft.NetApp/netAppAccounts/sdk-py-tests-acc-10/capacityPools/sdk-py-tests-pool-1/volumes/sdk-py-tests-vol-1/snapshots/sdk-py-tests-snapshot-2?api-version=2020-09-01
    response:
      body:
        string: '{"id":"/subscriptions/00000000-0000-0000-0000-000000000000/resourceGroups/sdk-net-test-qa7/providers/Microsoft.NetApp/netAppAccounts/sdk-py-tests-acc-10/capacityPools/sdk-py-tests-pool-1/volumes/sdk-py-tests-vol-1/snapshots/sdk-py-tests-snapshot-2","name":"sdk-py-tests-acc-10/sdk-py-tests-pool-1/sdk-py-tests-vol-1/sdk-py-tests-snapshot-2","type":"Microsoft.NetApp/netAppAccounts/capacityPools/volumes/snapshots","location":"eastus2","properties":{"provisioningState":"Succeeded","snapshotId":"631b6792-6236-1134-bcef-35660090f976","name":"sdk-py-tests-snapshot-2","created":"2020-12-15T16:40:09Z"}}'
      headers:
        access-control-expose-headers:
          - Request-Context
        cache-control:
          - no-cache
        content-length:
          - '600'
        content-type:
          - application/json; charset=utf-8
        date:
          - Tue, 15 Dec 2020 16:40:49 GMT
        expires:
          - '-1'
        pragma:
          - no-cache
        request-context:
          - appId=cid-v1:2c4cb680-0a1f-424d-bb8d-8e650ba68d53
        server:
          - Microsoft-IIS/10.0
        strict-transport-security:
          - max-age=31536000; includeSubDomains
        transfer-encoding:
          - chunked
        vary:
          - Accept-Encoding
        x-content-type-options:
          - nosniff
        x-powered-by:
          - ASP.NET
      status:
        code: 200
        message: OK
  - request:
      body: null
      headers:
        Accept:
          - application/json
        Accept-Encoding:
          - gzip, deflate
        Connection:
          - keep-alive
        User-Agent:
          - python/3.7.3 (Darwin-19.6.0-x86_64-i386-64bit) msrest/0.6.19 msrest_azure/0.6.4
            azure-mgmt-netapp/0.15.0 Azure-SDK-For-Python
        accept-language:
          - en-US
      method: GET
      uri: https://management.azure.com/subscriptions/00000000-0000-0000-0000-000000000000/resourceGroups/sdk-net-test-qa7/providers/Microsoft.NetApp/netAppAccounts/sdk-py-tests-acc-10/capacityPools/sdk-py-tests-pool-1/volumes/sdk-py-tests-vol-1/snapshots?api-version=2020-09-01
    response:
      body:
        string: '{"value":[{"id":"/subscriptions/00000000-0000-0000-0000-000000000000/resourceGroups/sdk-net-test-qa7/providers/Microsoft.NetApp/netAppAccounts/sdk-py-tests-acc-10/capacityPools/sdk-py-tests-pool-1/volumes/sdk-py-tests-vol-1/snapshots/sdk-py-tests-snapshot-1","name":"sdk-py-tests-acc-10/sdk-py-tests-pool-1/sdk-py-tests-vol-1/sdk-py-tests-snapshot-1","type":"Microsoft.NetApp/netAppAccounts/capacityPools/volumes/snapshots","location":"eastus2","properties":{"provisioningState":"Succeeded","snapshotId":"e23d1b6f-efa4-5caf-1159-a4ca0879215b","fileSystemId":"e011d59d-c5ad-ddd8-6364-75837bf5ca22","name":"sdk-py-tests-snapshot-1","created":"2020-12-15T16:39:38Z"}},{"id":"/subscriptions/00000000-0000-0000-0000-000000000000/resourceGroups/sdk-net-test-qa7/providers/Microsoft.NetApp/netAppAccounts/sdk-py-tests-acc-10/capacityPools/sdk-py-tests-pool-1/volumes/sdk-py-tests-vol-1/snapshots/sdk-py-tests-snapshot-2","name":"sdk-py-tests-acc-10/sdk-py-tests-pool-1/sdk-py-tests-vol-1/sdk-py-tests-snapshot-2","type":"Microsoft.NetApp/netAppAccounts/capacityPools/volumes/snapshots","location":"eastus2","properties":{"provisioningState":"Succeeded","snapshotId":"631b6792-6236-1134-bcef-35660090f976","fileSystemId":"e011d59d-c5ad-ddd8-6364-75837bf5ca22","name":"sdk-py-tests-snapshot-2","created":"2020-12-15T16:40:09Z"}}]}'
      headers:
        access-control-expose-headers:
          - Request-Context
        cache-control:
          - no-cache
        content-length:
          - '1321'
        content-type:
          - application/json; charset=utf-8
        date:
          - Tue, 15 Dec 2020 16:40:50 GMT
        expires:
          - '-1'
        pragma:
          - no-cache
        request-context:
          - appId=cid-v1:2c4cb680-0a1f-424d-bb8d-8e650ba68d53
        server:
          - Microsoft-IIS/10.0
        strict-transport-security:
          - max-age=31536000; includeSubDomains
        transfer-encoding:
          - chunked
        vary:
          - Accept-Encoding
        x-content-type-options:
          - nosniff
        x-powered-by:
          - ASP.NET
      status:
        code: 200
        message: OK
  - request:
      body: null
      headers:
        Accept:
          - application/json
        Accept-Encoding:
          - gzip, deflate
        Connection:
          - keep-alive
        Content-Length:
          - '0'
        User-Agent:
          - python/3.7.3 (Darwin-19.6.0-x86_64-i386-64bit) msrest/0.6.19 msrest_azure/0.6.4
            azure-mgmt-netapp/0.15.0 Azure-SDK-For-Python
        accept-language:
          - en-US
      method: DELETE
      uri: https://management.azure.com/subscriptions/00000000-0000-0000-0000-000000000000/resourceGroups/sdk-net-test-qa7/providers/Microsoft.NetApp/netAppAccounts/sdk-py-tests-acc-10/capacityPools/sdk-py-tests-pool-1/volumes/sdk-py-tests-vol-1/snapshots/sdk-py-tests-snapshot-1?api-version=2020-09-01
    response:
      body:
        string: ''
      headers:
        access-control-expose-headers:
          - Request-Context
        azure-asyncoperation:
          - https://management.azure.com/subscriptions/00000000-0000-0000-0000-000000000000/providers/Microsoft.NetApp/locations/eastus2/operationResults/0642a622-729b-4da0-a5f1-513d2aaba6a1?api-version=2020-09-01
        cache-control:
          - no-cache
        content-length:
          - '0'
        date:
          - Tue, 15 Dec 2020 16:40:50 GMT
        expires:
          - '-1'
        location:
          - https://management.azure.com/subscriptions/00000000-0000-0000-0000-000000000000/providers/Microsoft.NetApp/locations/eastus2/operationResults/0642a622-729b-4da0-a5f1-513d2aaba6a1?api-version=2020-09-01&operationResultResponseType=Location
        pragma:
          - no-cache
        request-context:
          - appId=cid-v1:2c4cb680-0a1f-424d-bb8d-8e650ba68d53
        server:
          - Microsoft-IIS/10.0
        strict-transport-security:
          - max-age=31536000; includeSubDomains
        x-content-type-options:
          - nosniff
        x-ms-ratelimit-remaining-subscription-deletes:
          - '14999'
        x-powered-by:
          - ASP.NET
      status:
        code: 202
        message: Accepted
  - request:
      body: null
      headers:
        Accept:
          - application/json
        Accept-Encoding:
          - gzip, deflate
        Connection:
          - keep-alive
        User-Agent:
          - python/3.7.3 (Darwin-19.6.0-x86_64-i386-64bit) msrest/0.6.19 msrest_azure/0.6.4
            azure-mgmt-netapp/0.15.0 Azure-SDK-For-Python
      method: GET
      uri: https://management.azure.com/subscriptions/00000000-0000-0000-0000-000000000000/providers/Microsoft.NetApp/locations/eastus2/operationResults/0642a622-729b-4da0-a5f1-513d2aaba6a1?api-version=2020-09-01
    response:
      body:
        string: '{"id":"/subscriptions/00000000-0000-0000-0000-000000000000/providers/Microsoft.NetApp/locations/eastus2/operationResults/0642a622-729b-4da0-a5f1-513d2aaba6a1","name":"0642a622-729b-4da0-a5f1-513d2aaba6a1","status":"Succeeded","startTime":"2020-12-15T16:40:51.0510539Z","endTime":"2020-12-15T16:40:53.8642715Z","percentComplete":100.0,"properties":{"resourceName":"/subscriptions/00000000-0000-0000-0000-000000000000/resourceGroups/sdk-net-test-qa7/providers/Microsoft.NetApp/netAppAccounts/sdk-py-tests-acc-10/capacityPools/sdk-py-tests-pool-1/volumes/sdk-py-tests-vol-1/snapshots/sdk-py-tests-snapshot-1"}}'
      headers:
        access-control-expose-headers:
          - Request-Context
        cache-control:
          - no-cache
        content-length:
          - '607'
        content-type:
          - application/json; charset=utf-8
        date:
          - Tue, 15 Dec 2020 16:41:21 GMT
        expires:
          - '-1'
        pragma:
          - no-cache
        request-context:
          - appId=cid-v1:2c4cb680-0a1f-424d-bb8d-8e650ba68d53
        server:
          - Microsoft-IIS/10.0
        strict-transport-security:
          - max-age=31536000; includeSubDomains
        transfer-encoding:
          - chunked
        vary:
          - Accept-Encoding
        x-content-type-options:
          - nosniff
        x-powered-by:
          - ASP.NET
      status:
        code: 200
        message: OK
  - request:
      body: null
      headers:
        Accept:
          - application/json
        Accept-Encoding:
          - gzip, deflate
        Connection:
          - keep-alive
        User-Agent:
          - python/3.7.3 (Darwin-19.6.0-x86_64-i386-64bit) msrest/0.6.19 msrest_azure/0.6.4
            azure-mgmt-netapp/0.15.0 Azure-SDK-For-Python
        accept-language:
          - en-US
      method: GET
      uri: https://management.azure.com/subscriptions/00000000-0000-0000-0000-000000000000/resourceGroups/sdk-net-test-qa7/providers/Microsoft.NetApp/netAppAccounts/sdk-py-tests-acc-10/capacityPools/sdk-py-tests-pool-1/volumes/sdk-py-tests-vol-1/snapshots/sdk-py-tests-snapshot-1?api-version=2020-09-01
    response:
      body:
        string: '{"error":{"code":"NotFound","message":"The requested Snapshot was not
        found."}}'
      headers:
        access-control-expose-headers:
          - Request-Context
        cache-control:
          - no-cache
        content-length:
          - '79'
        content-type:
          - application/json; charset=utf-8
        date:
          - Tue, 15 Dec 2020 16:41:21 GMT
        expires:
          - '-1'
        pragma:
          - no-cache
        request-context:
          - appId=cid-v1:2c4cb680-0a1f-424d-bb8d-8e650ba68d53
        server:
          - Microsoft-IIS/10.0
        strict-transport-security:
          - max-age=31536000; includeSubDomains
        x-content-type-options:
          - nosniff
        x-powered-by:
          - ASP.NET
      status:
        code: 404
        message: Not Found
  - request:
      body: null
      headers:
        Accept:
          - application/json
        Accept-Encoding:
          - gzip, deflate
        Connection:
          - keep-alive
        Content-Length:
          - '0'
        User-Agent:
          - python/3.7.3 (Darwin-19.6.0-x86_64-i386-64bit) msrest/0.6.19 msrest_azure/0.6.4
            azure-mgmt-netapp/0.15.0 Azure-SDK-For-Python
        accept-language:
          - en-US
      method: DELETE
      uri: https://management.azure.com/subscriptions/00000000-0000-0000-0000-000000000000/resourceGroups/sdk-net-test-qa7/providers/Microsoft.NetApp/netAppAccounts/sdk-py-tests-acc-10/capacityPools/sdk-py-tests-pool-1/volumes/sdk-py-tests-vol-1/snapshots/sdk-py-tests-snapshot-2?api-version=2020-09-01
    response:
      body:
        string: ''
      headers:
        access-control-expose-headers:
          - Request-Context
        azure-asyncoperation:
          - https://management.azure.com/subscriptions/00000000-0000-0000-0000-000000000000/providers/Microsoft.NetApp/locations/eastus2/operationResults/592b8af2-8962-40a2-82dd-bbe969000db6?api-version=2020-09-01
        cache-control:
          - no-cache
        content-length:
          - '0'
        date:
          - Tue, 15 Dec 2020 16:41:22 GMT
        expires:
          - '-1'
        location:
          - https://management.azure.com/subscriptions/00000000-0000-0000-0000-000000000000/providers/Microsoft.NetApp/locations/eastus2/operationResults/592b8af2-8962-40a2-82dd-bbe969000db6?api-version=2020-09-01&operationResultResponseType=Location
        pragma:
          - no-cache
        request-context:
          - appId=cid-v1:2c4cb680-0a1f-424d-bb8d-8e650ba68d53
        server:
          - Microsoft-IIS/10.0
        strict-transport-security:
          - max-age=31536000; includeSubDomains
        x-content-type-options:
          - nosniff
        x-ms-ratelimit-remaining-subscription-deletes:
          - '14998'
        x-powered-by:
          - ASP.NET
      status:
        code: 202
        message: Accepted
  - request:
      body: null
      headers:
        Accept:
          - application/json
        Accept-Encoding:
          - gzip, deflate
        Connection:
          - keep-alive
        User-Agent:
          - python/3.7.3 (Darwin-19.6.0-x86_64-i386-64bit) msrest/0.6.19 msrest_azure/0.6.4
            azure-mgmt-netapp/0.15.0 Azure-SDK-For-Python
      method: GET
      uri: https://management.azure.com/subscriptions/00000000-0000-0000-0000-000000000000/providers/Microsoft.NetApp/locations/eastus2/operationResults/592b8af2-8962-40a2-82dd-bbe969000db6?api-version=2020-09-01
    response:
      body:
        string: '{"id":"/subscriptions/00000000-0000-0000-0000-000000000000/providers/Microsoft.NetApp/locations/eastus2/operationResults/592b8af2-8962-40a2-82dd-bbe969000db6","name":"592b8af2-8962-40a2-82dd-bbe969000db6","status":"Succeeded","startTime":"2020-12-15T16:41:22.6086414Z","endTime":"2020-12-15T16:41:24.8485543Z","percentComplete":100.0,"properties":{"resourceName":"/subscriptions/00000000-0000-0000-0000-000000000000/resourceGroups/sdk-net-test-qa7/providers/Microsoft.NetApp/netAppAccounts/sdk-py-tests-acc-10/capacityPools/sdk-py-tests-pool-1/volumes/sdk-py-tests-vol-1/snapshots/sdk-py-tests-snapshot-2"}}'
      headers:
        access-control-expose-headers:
          - Request-Context
        cache-control:
          - no-cache
        content-length:
          - '607'
        content-type:
          - application/json; charset=utf-8
        date:
          - Tue, 15 Dec 2020 16:41:53 GMT
        expires:
          - '-1'
        pragma:
          - no-cache
        request-context:
          - appId=cid-v1:2c4cb680-0a1f-424d-bb8d-8e650ba68d53
        server:
          - Microsoft-IIS/10.0
        strict-transport-security:
          - max-age=31536000; includeSubDomains
        transfer-encoding:
          - chunked
        vary:
          - Accept-Encoding
        x-content-type-options:
          - nosniff
        x-powered-by:
          - ASP.NET
      status:
        code: 200
        message: OK
  - request:
      body: null
      headers:
        Accept:
          - application/json
        Accept-Encoding:
          - gzip, deflate
        Connection:
          - keep-alive
        User-Agent:
          - python/3.7.3 (Darwin-19.6.0-x86_64-i386-64bit) msrest/0.6.19 msrest_azure/0.6.4
            azure-mgmt-netapp/0.15.0 Azure-SDK-For-Python
        accept-language:
          - en-US
      method: GET
      uri: https://management.azure.com/subscriptions/00000000-0000-0000-0000-000000000000/resourceGroups/sdk-net-test-qa7/providers/Microsoft.NetApp/netAppAccounts/sdk-py-tests-acc-10/capacityPools/sdk-py-tests-pool-1/volumes/sdk-py-tests-vol-1/snapshots/sdk-py-tests-snapshot-2?api-version=2020-09-01
    response:
      body:
        string: '{"error":{"code":"NotFound","message":"The requested Snapshot was not
        found."}}'
      headers:
        access-control-expose-headers:
          - Request-Context
        cache-control:
          - no-cache
        content-length:
          - '79'
        content-type:
          - application/json; charset=utf-8
        date:
          - Tue, 15 Dec 2020 16:41:53 GMT
        expires:
          - '-1'
        pragma:
          - no-cache
        request-context:
          - appId=cid-v1:2c4cb680-0a1f-424d-bb8d-8e650ba68d53
        server:
          - Microsoft-IIS/10.0
        strict-transport-security:
          - max-age=31536000; includeSubDomains
        x-content-type-options:
          - nosniff
        x-powered-by:
          - ASP.NET
      status:
        code: 404
        message: Not Found
  - request:
      body: null
      headers:
        Accept:
          - application/json
        Accept-Encoding:
          - gzip, deflate
        Connection:
          - keep-alive
        Content-Length:
          - '0'
        User-Agent:
          - python/3.7.3 (Darwin-19.6.0-x86_64-i386-64bit) msrest/0.6.19 msrest_azure/0.6.4
            azure-mgmt-netapp/0.15.0 Azure-SDK-For-Python
        accept-language:
          - en-US
      method: DELETE
      uri: https://management.azure.com/subscriptions/00000000-0000-0000-0000-000000000000/resourceGroups/sdk-net-test-qa7/providers/Microsoft.NetApp/netAppAccounts/sdk-py-tests-acc-10/capacityPools/sdk-py-tests-pool-1/volumes/sdk-py-tests-vol-1?api-version=2020-09-01
    response:
      body:
        string: ''
      headers:
        access-control-expose-headers:
          - Request-Context
        azure-asyncoperation:
          - https://management.azure.com/subscriptions/00000000-0000-0000-0000-000000000000/providers/Microsoft.NetApp/locations/eastus2/operationResults/91c8189a-2f4b-4014-a46b-5b1cdf80278c?api-version=2020-09-01
        cache-control:
          - no-cache
        content-length:
          - '0'
        date:
          - Tue, 15 Dec 2020 16:41:53 GMT
        expires:
          - '-1'
        location:
          - https://management.azure.com/subscriptions/00000000-0000-0000-0000-000000000000/providers/Microsoft.NetApp/locations/eastus2/operationResults/91c8189a-2f4b-4014-a46b-5b1cdf80278c?api-version=2020-09-01&operationResultResponseType=Location
        pragma:
          - no-cache
        request-context:
          - appId=cid-v1:2c4cb680-0a1f-424d-bb8d-8e650ba68d53
        server:
          - Microsoft-IIS/10.0
        strict-transport-security:
          - max-age=31536000; includeSubDomains
        x-content-type-options:
          - nosniff
        x-ms-ratelimit-remaining-subscription-deletes:
          - '14997'
        x-powered-by:
          - ASP.NET
      status:
        code: 202
        message: Accepted
  - request:
      body: null
      headers:
        Accept:
          - application/json
        Accept-Encoding:
          - gzip, deflate
        Connection:
          - keep-alive
        User-Agent:
          - python/3.7.3 (Darwin-19.6.0-x86_64-i386-64bit) msrest/0.6.19 msrest_azure/0.6.4
            azure-mgmt-netapp/0.15.0 Azure-SDK-For-Python
      method: GET
      uri: https://management.azure.com/subscriptions/00000000-0000-0000-0000-000000000000/providers/Microsoft.NetApp/locations/eastus2/operationResults/91c8189a-2f4b-4014-a46b-5b1cdf80278c?api-version=2020-09-01
    response:
      body:
        string: '{"id":"/subscriptions/00000000-0000-0000-0000-000000000000/providers/Microsoft.NetApp/locations/eastus2/operationResults/91c8189a-2f4b-4014-a46b-5b1cdf80278c","name":"91c8189a-2f4b-4014-a46b-5b1cdf80278c","status":"Deleting","startTime":"2020-12-15T16:41:54.5509597Z","endTime":"0001-01-01T00:00:00Z","percentComplete":0.0,"properties":{"resourceName":"/subscriptions/00000000-0000-0000-0000-000000000000/resourceGroups/sdk-net-test-qa7/providers/Microsoft.NetApp/netAppAccounts/sdk-py-tests-acc-10/capacityPools/sdk-py-tests-pool-1/volumes/sdk-py-tests-vol-1"}}'
      headers:
        access-control-expose-headers:
          - Request-Context
        cache-control:
          - no-cache
        content-length:
          - '562'
        content-type:
          - application/json; charset=utf-8
        date:
          - Tue, 15 Dec 2020 16:42:25 GMT
        expires:
          - '-1'
        pragma:
          - no-cache
        request-context:
          - appId=cid-v1:2c4cb680-0a1f-424d-bb8d-8e650ba68d53
        server:
          - Microsoft-IIS/10.0
        strict-transport-security:
          - max-age=31536000; includeSubDomains
        transfer-encoding:
          - chunked
        vary:
          - Accept-Encoding
        x-content-type-options:
          - nosniff
        x-powered-by:
          - ASP.NET
      status:
        code: 200
        message: OK
  - request:
      body: null
      headers:
        Accept:
          - application/json
        Accept-Encoding:
          - gzip, deflate
        Connection:
          - keep-alive
        User-Agent:
          - python/3.7.3 (Darwin-19.6.0-x86_64-i386-64bit) msrest/0.6.19 msrest_azure/0.6.4
            azure-mgmt-netapp/0.15.0 Azure-SDK-For-Python
      method: GET
      uri: https://management.azure.com/subscriptions/00000000-0000-0000-0000-000000000000/providers/Microsoft.NetApp/locations/eastus2/operationResults/91c8189a-2f4b-4014-a46b-5b1cdf80278c?api-version=2020-09-01
    response:
      body:
        string: '{"id":"/subscriptions/00000000-0000-0000-0000-000000000000/providers/Microsoft.NetApp/locations/eastus2/operationResults/91c8189a-2f4b-4014-a46b-5b1cdf80278c","name":"91c8189a-2f4b-4014-a46b-5b1cdf80278c","status":"Deleting","startTime":"2020-12-15T16:41:54.5509597Z","endTime":"0001-01-01T00:00:00Z","percentComplete":0.0,"properties":{"resourceName":"/subscriptions/00000000-0000-0000-0000-000000000000/resourceGroups/sdk-net-test-qa7/providers/Microsoft.NetApp/netAppAccounts/sdk-py-tests-acc-10/capacityPools/sdk-py-tests-pool-1/volumes/sdk-py-tests-vol-1"}}'
      headers:
        access-control-expose-headers:
          - Request-Context
        cache-control:
          - no-cache
        content-length:
          - '562'
        content-type:
          - application/json; charset=utf-8
        date:
          - Tue, 15 Dec 2020 16:42:55 GMT
        expires:
          - '-1'
        pragma:
          - no-cache
        request-context:
          - appId=cid-v1:2c4cb680-0a1f-424d-bb8d-8e650ba68d53
        server:
          - Microsoft-IIS/10.0
        strict-transport-security:
          - max-age=31536000; includeSubDomains
        transfer-encoding:
          - chunked
        vary:
          - Accept-Encoding
        x-content-type-options:
          - nosniff
        x-powered-by:
          - ASP.NET
      status:
        code: 200
        message: OK
  - request:
      body: null
      headers:
        Accept:
          - application/json
        Accept-Encoding:
          - gzip, deflate
        Connection:
          - keep-alive
        User-Agent:
          - python/3.7.3 (Darwin-19.6.0-x86_64-i386-64bit) msrest/0.6.19 msrest_azure/0.6.4
            azure-mgmt-netapp/0.15.0 Azure-SDK-For-Python
      method: GET
      uri: https://management.azure.com/subscriptions/00000000-0000-0000-0000-000000000000/providers/Microsoft.NetApp/locations/eastus2/operationResults/91c8189a-2f4b-4014-a46b-5b1cdf80278c?api-version=2020-09-01
    response:
      body:
        string: '{"id":"/subscriptions/00000000-0000-0000-0000-000000000000/providers/Microsoft.NetApp/locations/eastus2/operationResults/91c8189a-2f4b-4014-a46b-5b1cdf80278c","name":"91c8189a-2f4b-4014-a46b-5b1cdf80278c","status":"Deleting","startTime":"2020-12-15T16:41:54.5509597Z","endTime":"0001-01-01T00:00:00Z","percentComplete":0.0,"properties":{"resourceName":"/subscriptions/00000000-0000-0000-0000-000000000000/resourceGroups/sdk-net-test-qa7/providers/Microsoft.NetApp/netAppAccounts/sdk-py-tests-acc-10/capacityPools/sdk-py-tests-pool-1/volumes/sdk-py-tests-vol-1"}}'
      headers:
        access-control-expose-headers:
          - Request-Context
        cache-control:
          - no-cache
        content-length:
          - '562'
        content-type:
          - application/json; charset=utf-8
        date:
          - Tue, 15 Dec 2020 16:43:25 GMT
        expires:
          - '-1'
        pragma:
          - no-cache
        request-context:
          - appId=cid-v1:2c4cb680-0a1f-424d-bb8d-8e650ba68d53
        server:
          - Microsoft-IIS/10.0
        strict-transport-security:
          - max-age=31536000; includeSubDomains
        transfer-encoding:
          - chunked
        vary:
          - Accept-Encoding
        x-content-type-options:
          - nosniff
        x-powered-by:
          - ASP.NET
      status:
        code: 200
        message: OK
  - request:
      body: null
      headers:
        Accept:
          - application/json
        Accept-Encoding:
          - gzip, deflate
        Connection:
          - keep-alive
        User-Agent:
          - python/3.7.3 (Darwin-19.6.0-x86_64-i386-64bit) msrest/0.6.19 msrest_azure/0.6.4
            azure-mgmt-netapp/0.15.0 Azure-SDK-For-Python
      method: GET
      uri: https://management.azure.com/subscriptions/00000000-0000-0000-0000-000000000000/providers/Microsoft.NetApp/locations/eastus2/operationResults/91c8189a-2f4b-4014-a46b-5b1cdf80278c?api-version=2020-09-01
    response:
      body:
        string: '{"id":"/subscriptions/00000000-0000-0000-0000-000000000000/providers/Microsoft.NetApp/locations/eastus2/operationResults/91c8189a-2f4b-4014-a46b-5b1cdf80278c","name":"91c8189a-2f4b-4014-a46b-5b1cdf80278c","status":"Succeeded","startTime":"2020-12-15T16:41:54.5509597Z","endTime":"2020-12-15T16:43:41.9613935Z","percentComplete":100.0,"properties":{"resourceName":"/subscriptions/00000000-0000-0000-0000-000000000000/resourceGroups/sdk-net-test-qa7/providers/Microsoft.NetApp/netAppAccounts/sdk-py-tests-acc-10/capacityPools/sdk-py-tests-pool-1/volumes/sdk-py-tests-vol-1"}}'
      headers:
        access-control-expose-headers:
          - Request-Context
        cache-control:
          - no-cache
        content-length:
          - '573'
        content-type:
          - application/json; charset=utf-8
        date:
          - Tue, 15 Dec 2020 16:43:55 GMT
        expires:
          - '-1'
        pragma:
          - no-cache
        request-context:
          - appId=cid-v1:2c4cb680-0a1f-424d-bb8d-8e650ba68d53
        server:
          - Microsoft-IIS/10.0
        strict-transport-security:
          - max-age=31536000; includeSubDomains
        transfer-encoding:
          - chunked
        vary:
          - Accept-Encoding
        x-content-type-options:
          - nosniff
        x-powered-by:
          - ASP.NET
      status:
        code: 200
        message: OK
  - request:
      body: null
      headers:
        Accept:
          - application/json
        Accept-Encoding:
          - gzip, deflate
        Connection:
          - keep-alive
        User-Agent:
          - python/3.7.3 (Darwin-19.6.0-x86_64-i386-64bit) msrest/0.6.19 msrest_azure/0.6.4
            azure-mgmt-netapp/0.15.0 Azure-SDK-For-Python
        accept-language:
          - en-US
      method: GET
      uri: https://management.azure.com/subscriptions/00000000-0000-0000-0000-000000000000/resourceGroups/sdk-net-test-qa7/providers/Microsoft.NetApp/netAppAccounts/sdk-py-tests-acc-10/capacityPools/sdk-py-tests-pool-1/volumes/sdk-py-tests-vol-1?api-version=2020-09-01
    response:
      body:
        string: '{"error":{"code":"ResourceNotFound","message":"The Resource ''Microsoft.NetApp/netAppAccounts/sdk-py-tests-acc-10/capacityPools/sdk-py-tests-pool-1/volumes/sdk-py-tests-vol-1''
        under resource group ''sdk-net-test-qa7'' was not found. For more details
        please go to https://aka.ms/ARMResourceNotFoundFix"}}'
      headers:
        cache-control:
          - no-cache
        content-length:
          - '300'
        content-type:
          - application/json; charset=utf-8
        date:
          - Tue, 15 Dec 2020 16:43:55 GMT
        expires:
          - '-1'
        pragma:
          - no-cache
        strict-transport-security:
          - max-age=31536000; includeSubDomains
        x-content-type-options:
          - nosniff
        x-ms-failure-cause:
          - gateway
      status:
        code: 404
        message: Not Found
  - request:
      body: null
      headers:
        Accept:
          - application/json
        Accept-Encoding:
          - gzip, deflate
        Connection:
          - keep-alive
        Content-Length:
          - '0'
        User-Agent:
          - python/3.7.3 (Darwin-19.6.0-x86_64-i386-64bit) msrest/0.6.19 msrest_azure/0.6.4
            azure-mgmt-netapp/0.15.0 Azure-SDK-For-Python
        accept-language:
          - en-US
      method: DELETE
      uri: https://management.azure.com/subscriptions/00000000-0000-0000-0000-000000000000/resourceGroups/sdk-net-test-qa7/providers/Microsoft.NetApp/netAppAccounts/sdk-py-tests-acc-10/capacityPools/sdk-py-tests-pool-1?api-version=2020-09-01
    response:
      body:
        string: ''
      headers:
        access-control-expose-headers:
          - Request-Context
        azure-asyncoperation:
          - https://management.azure.com/subscriptions/00000000-0000-0000-0000-000000000000/providers/Microsoft.NetApp/locations/eastus2/operationResults/89167f3b-dfae-40a4-8e88-1a14692f0345?api-version=2020-09-01
        cache-control:
          - no-cache
        content-length:
          - '0'
        date:
          - Tue, 15 Dec 2020 16:43:56 GMT
        expires:
          - '-1'
        location:
          - https://management.azure.com/subscriptions/00000000-0000-0000-0000-000000000000/providers/Microsoft.NetApp/locations/eastus2/operationResults/89167f3b-dfae-40a4-8e88-1a14692f0345?api-version=2020-09-01&operationResultResponseType=Location
        pragma:
          - no-cache
        request-context:
          - appId=cid-v1:2c4cb680-0a1f-424d-bb8d-8e650ba68d53
        server:
          - Microsoft-IIS/10.0
        strict-transport-security:
          - max-age=31536000; includeSubDomains
        x-content-type-options:
          - nosniff
        x-ms-ratelimit-remaining-subscription-deletes:
          - '14996'
        x-powered-by:
          - ASP.NET
      status:
        code: 202
        message: Accepted
  - request:
      body: null
      headers:
        Accept:
          - application/json
        Accept-Encoding:
          - gzip, deflate
        Connection:
          - keep-alive
        User-Agent:
          - python/3.7.3 (Darwin-19.6.0-x86_64-i386-64bit) msrest/0.6.19 msrest_azure/0.6.4
            azure-mgmt-netapp/0.15.0 Azure-SDK-For-Python
      method: GET
      uri: https://management.azure.com/subscriptions/00000000-0000-0000-0000-000000000000/providers/Microsoft.NetApp/locations/eastus2/operationResults/89167f3b-dfae-40a4-8e88-1a14692f0345?api-version=2020-09-01
    response:
      body:
        string: '{"id":"/subscriptions/00000000-0000-0000-0000-000000000000/providers/Microsoft.NetApp/locations/eastus2/operationResults/89167f3b-dfae-40a4-8e88-1a14692f0345","name":"89167f3b-dfae-40a4-8e88-1a14692f0345","status":"Succeeded","startTime":"2020-12-15T16:43:57.3179474Z","endTime":"2020-12-15T16:43:57.6460499Z","percentComplete":100.0,"properties":{"resourceName":"/subscriptions/00000000-0000-0000-0000-000000000000/resourceGroups/sdk-net-test-qa7/providers/Microsoft.NetApp/netAppAccounts/sdk-py-tests-acc-10/capacityPools/sdk-py-tests-pool-1"}}'
      headers:
        access-control-expose-headers:
          - Request-Context
        cache-control:
          - no-cache
        content-length:
          - '546'
        content-type:
          - application/json; charset=utf-8
        date:
          - Tue, 15 Dec 2020 16:44:27 GMT
        expires:
          - '-1'
        pragma:
          - no-cache
        request-context:
          - appId=cid-v1:2c4cb680-0a1f-424d-bb8d-8e650ba68d53
        server:
          - Microsoft-IIS/10.0
        strict-transport-security:
          - max-age=31536000; includeSubDomains
        transfer-encoding:
          - chunked
        vary:
          - Accept-Encoding
        x-content-type-options:
          - nosniff
        x-powered-by:
          - ASP.NET
      status:
        code: 200
        message: OK
  - request:
      body: null
      headers:
        Accept:
          - application/json
        Accept-Encoding:
          - gzip, deflate
        Connection:
          - keep-alive
        Content-Length:
          - '0'
        User-Agent:
          - python/3.7.3 (Darwin-19.6.0-x86_64-i386-64bit) msrest/0.6.19 msrest_azure/0.6.4
            azure-mgmt-netapp/0.15.0 Azure-SDK-For-Python
        accept-language:
          - en-US
      method: DELETE
      uri: https://management.azure.com/subscriptions/00000000-0000-0000-0000-000000000000/resourceGroups/sdk-net-test-qa7/providers/Microsoft.NetApp/netAppAccounts/sdk-py-tests-acc-10/capacityPools/sdk-py-tests-pool-1?api-version=2020-09-01
    response:
      body:
        string: ''
      headers:
        cache-control:
          - no-cache
        date:
          - Tue, 15 Dec 2020 16:44:27 GMT
        expires:
          - '-1'
        pragma:
          - no-cache
        strict-transport-security:
          - max-age=31536000; includeSubDomains
        x-content-type-options:
          - nosniff
        x-ms-ratelimit-remaining-subscription-deletes:
          - '14995'
      status:
        code: 204
        message: No Content
  - request:
      body: null
      headers:
        Accept:
          - application/json
        Accept-Encoding:
          - gzip, deflate
        Connection:
          - keep-alive
        Content-Length:
          - '0'
        User-Agent:
          - python/3.7.3 (Darwin-19.6.0-x86_64-i386-64bit) msrest/0.6.19 msrest_azure/0.6.4
            azure-mgmt-netapp/0.15.0 Azure-SDK-For-Python
        accept-language:
          - en-US
      method: DELETE
      uri: https://management.azure.com/subscriptions/00000000-0000-0000-0000-000000000000/resourceGroups/sdk-net-test-qa7/providers/Microsoft.NetApp/netAppAccounts/sdk-py-tests-acc-10/capacityPools/sdk-py-tests-pool-1?api-version=2020-09-01
    response:
      body:
        string: ''
      headers:
        cache-control:
          - no-cache
        date:
          - Tue, 15 Dec 2020 16:44:28 GMT
        expires:
          - '-1'
        pragma:
          - no-cache
        strict-transport-security:
          - max-age=31536000; includeSubDomains
        x-content-type-options:
          - nosniff
        x-ms-ratelimit-remaining-subscription-deletes:
          - '14994'
      status:
        code: 204
        message: No Content
  - request:
      body: null
      headers:
        Accept:
          - application/json
        Accept-Encoding:
          - gzip, deflate
        Connection:
          - keep-alive
        Content-Length:
          - '0'
        User-Agent:
          - python/3.7.3 (Darwin-19.6.0-x86_64-i386-64bit) msrest/0.6.19 msrest_azure/0.6.4
            azure-mgmt-netapp/0.15.0 Azure-SDK-For-Python
        accept-language:
          - en-US
      method: DELETE
      uri: https://management.azure.com/subscriptions/00000000-0000-0000-0000-000000000000/resourceGroups/sdk-net-test-qa7/providers/Microsoft.NetApp/netAppAccounts/sdk-py-tests-acc-10/capacityPools/sdk-py-tests-pool-1?api-version=2020-09-01
    response:
      body:
        string: ''
      headers:
        cache-control:
          - no-cache
        date:
          - Tue, 15 Dec 2020 16:44:28 GMT
        expires:
          - '-1'
        pragma:
          - no-cache
        strict-transport-security:
          - max-age=31536000; includeSubDomains
        x-content-type-options:
          - nosniff
        x-ms-ratelimit-remaining-subscription-deletes:
          - '14993'
      status:
        code: 204
        message: No Content
  - request:
      body: null
      headers:
        Accept:
          - application/json
        Accept-Encoding:
          - gzip, deflate
        Connection:
          - keep-alive
        Content-Length:
          - '0'
        User-Agent:
          - python/3.7.3 (Darwin-19.6.0-x86_64-i386-64bit) msrest/0.6.19 msrest_azure/0.6.4
            azure-mgmt-netapp/0.15.0 Azure-SDK-For-Python
        accept-language:
          - en-US
      method: DELETE
      uri: https://management.azure.com/subscriptions/00000000-0000-0000-0000-000000000000/resourceGroups/sdk-net-test-qa7/providers/Microsoft.NetApp/netAppAccounts/sdk-py-tests-acc-10/capacityPools/sdk-py-tests-pool-1?api-version=2020-09-01
    response:
      body:
        string: ''
      headers:
        cache-control:
          - no-cache
        date:
          - Tue, 15 Dec 2020 16:44:28 GMT
        expires:
          - '-1'
        pragma:
          - no-cache
        strict-transport-security:
          - max-age=31536000; includeSubDomains
        x-content-type-options:
          - nosniff
        x-ms-ratelimit-remaining-subscription-deletes:
          - '14992'
      status:
        code: 204
        message: No Content
  - request:
      body: null
      headers:
        Accept:
          - application/json
        Accept-Encoding:
          - gzip, deflate
        Connection:
          - keep-alive
        User-Agent:
          - python/3.7.3 (Darwin-19.6.0-x86_64-i386-64bit) msrest/0.6.19 msrest_azure/0.6.4
            azure-mgmt-netapp/0.15.0 Azure-SDK-For-Python
        accept-language:
          - en-US
      method: GET
      uri: https://management.azure.com/subscriptions/00000000-0000-0000-0000-000000000000/resourceGroups/sdk-net-test-qa7/providers/Microsoft.NetApp/netAppAccounts/sdk-py-tests-acc-10/capacityPools/sdk-py-tests-pool-1?api-version=2020-09-01
    response:
      body:
        string: '{"error":{"code":"ResourceNotFound","message":"The Resource ''Microsoft.NetApp/netAppAccounts/sdk-py-tests-acc-10/capacityPools/sdk-py-tests-pool-1''
        under resource group ''sdk-net-test-qa7'' was not found. For more details
        please go to https://aka.ms/ARMResourceNotFoundFix"}}'
      headers:
        cache-control:
          - no-cache
        content-length:
          - '273'
        content-type:
          - application/json; charset=utf-8
        date:
          - Tue, 15 Dec 2020 16:44:28 GMT
        expires:
          - '-1'
        pragma:
          - no-cache
        strict-transport-security:
          - max-age=31536000; includeSubDomains
        x-content-type-options:
          - nosniff
        x-ms-failure-cause:
          - gateway
      status:
        code: 404
        message: Not Found
  - request:
      body: null
      headers:
        Accept:
          - application/json
        Accept-Encoding:
          - gzip, deflate
        Connection:
          - keep-alive
        Content-Length:
          - '0'
        User-Agent:
          - python/3.7.3 (Darwin-19.6.0-x86_64-i386-64bit) msrest/0.6.19 msrest_azure/0.6.4
            azure-mgmt-netapp/0.15.0 Azure-SDK-For-Python
        accept-language:
          - en-US
      method: DELETE
      uri: https://management.azure.com/subscriptions/00000000-0000-0000-0000-000000000000/resourceGroups/sdk-net-test-qa7/providers/Microsoft.NetApp/netAppAccounts/sdk-py-tests-acc-10?api-version=2020-09-01
    response:
      body:
        string: ''
      headers:
        access-control-expose-headers:
          - Request-Context
        azure-asyncoperation:
          - https://management.azure.com/subscriptions/00000000-0000-0000-0000-000000000000/providers/Microsoft.NetApp/locations/eastus2/operationResults/fde76645-2aa8-4a9c-9837-303d2928f167?api-version=2020-09-01
        cache-control:
          - no-cache
        content-length:
          - '0'
        date:
          - Tue, 15 Dec 2020 16:44:29 GMT
        expires:
          - '-1'
        location:
          - https://management.azure.com/subscriptions/00000000-0000-0000-0000-000000000000/providers/Microsoft.NetApp/locations/eastus2/operationResults/fde76645-2aa8-4a9c-9837-303d2928f167?api-version=2020-09-01&operationResultResponseType=Location
        pragma:
          - no-cache
        request-context:
          - appId=cid-v1:2c4cb680-0a1f-424d-bb8d-8e650ba68d53
        server:
          - Microsoft-IIS/10.0
        strict-transport-security:
          - max-age=31536000; includeSubDomains
        x-content-type-options:
          - nosniff
        x-ms-ratelimit-remaining-subscription-deletes:
          - '14991'
        x-powered-by:
          - ASP.NET
      status:
        code: 202
        message: Accepted
  - request:
      body: null
      headers:
        Accept:
          - application/json
        Accept-Encoding:
          - gzip, deflate
        Connection:
          - keep-alive
        User-Agent:
          - python/3.7.3 (Darwin-19.6.0-x86_64-i386-64bit) msrest/0.6.19 msrest_azure/0.6.4
            azure-mgmt-netapp/0.15.0 Azure-SDK-For-Python
      method: GET
      uri: https://management.azure.com/subscriptions/00000000-0000-0000-0000-000000000000/providers/Microsoft.NetApp/locations/eastus2/operationResults/fde76645-2aa8-4a9c-9837-303d2928f167?api-version=2020-09-01
    response:
      body:
        string: '{"id":"/subscriptions/00000000-0000-0000-0000-000000000000/providers/Microsoft.NetApp/locations/eastus2/operationResults/fde76645-2aa8-4a9c-9837-303d2928f167","name":"fde76645-2aa8-4a9c-9837-303d2928f167","status":"Succeeded","startTime":"2020-12-15T16:44:29.8055605Z","endTime":"2020-12-15T16:44:29.9462003Z","percentComplete":100.0,"properties":{"resourceName":"/subscriptions/00000000-0000-0000-0000-000000000000/resourceGroups/sdk-net-test-qa7/providers/Microsoft.NetApp/netAppAccounts/sdk-py-tests-acc-10"}}'
      headers:
        access-control-expose-headers:
          - Request-Context
        cache-control:
          - no-cache
        content-length:
          - '512'
        content-type:
          - application/json; charset=utf-8
        date:
          - Tue, 15 Dec 2020 16:45:00 GMT
        expires:
          - '-1'
        pragma:
          - no-cache
        request-context:
          - appId=cid-v1:2c4cb680-0a1f-424d-bb8d-8e650ba68d53
        server:
          - Microsoft-IIS/10.0
        strict-transport-security:
          - max-age=31536000; includeSubDomains
        transfer-encoding:
          - chunked
        vary:
          - Accept-Encoding
        x-content-type-options:
          - nosniff
        x-powered-by:
          - ASP.NET
      status:
        code: 200
        message: OK
  - request:
      body: null
      headers:
        Accept:
          - application/json
        Accept-Encoding:
          - gzip, deflate
        Connection:
          - keep-alive
        User-Agent:
          - python/3.7.3 (Darwin-19.6.0-x86_64-i386-64bit) msrest/0.6.19 msrest_azure/0.6.4
            azure-mgmt-netapp/0.15.0 Azure-SDK-For-Python
        accept-language:
          - en-US
      method: GET
      uri: https://management.azure.com/subscriptions/00000000-0000-0000-0000-000000000000/resourceGroups/sdk-net-test-qa7/providers/Microsoft.NetApp/netAppAccounts/sdk-py-tests-acc-10?api-version=2020-09-01
    response:
      body:
        string: '{"error":{"code":"ResourceNotFound","message":"The Resource ''Microsoft.NetApp/netAppAccounts/sdk-py-tests-acc-10''
        under resource group ''sdk-net-test-qa7'' was not found. For more details
        please go to https://aka.ms/ARMResourceNotFoundFix"}}'
      headers:
        cache-control:
          - no-cache
        content-length:
          - '239'
        content-type:
          - application/json; charset=utf-8
        date:
          - Tue, 15 Dec 2020 16:45:00 GMT
        expires:
          - '-1'
        pragma:
          - no-cache
        strict-transport-security:
          - max-age=31536000; includeSubDomains
        x-content-type-options:
          - nosniff
        x-ms-failure-cause:
          - gateway
      status:
        code: 404
        message: Not Found
version: 1
