{
  "Entries": [
    {
      "RequestUri": "https://login.microsoftonline.com/00000000-0000-0000-0000-000000000000/v2.0/.well-known/openid-configuration",
      "RequestMethod": "GET",
      "RequestHeaders": {
        "Accept": "*/*",
        "Accept-Encoding": "gzip, deflate",
        "Connection": "keep-alive",
        "User-Agent": "azsdk-python-identity/1.13.0b3 Python/3.11.2 (Windows-10-10.0.22000-SP0)"
      },
      "RequestBody": null,
      "StatusCode": 200,
      "ResponseHeaders": {
        "Access-Control-Allow-Methods": "GET, OPTIONS",
        "Access-Control-Allow-Origin": "*",
        "Cache-Control": "max-age=86400, private",
        "Content-Length": "1753",
        "Content-Type": "application/json; charset=utf-8",
        "Date": "Thu, 30 Mar 2023 11:40:51 GMT",
        "P3P": "CP=\u0022DSP CUR OTPi IND OTRi ONL FIN\u0022",
        "Set-Cookie": "[set-cookie;]",
        "Strict-Transport-Security": "max-age=31536000; includeSubDomains",
        "X-Content-Type-Options": "nosniff",
        "x-ms-ests-server": "2.1.14990.5 - WEULR2 ProdSlices",
        "X-XSS-Protection": "0"
      },
      "ResponseBody": {
        "token_endpoint": "https://login.microsoftonline.com/00000000-0000-0000-0000-000000000000/oauth2/v2.0/token",
        "token_endpoint_auth_methods_supported": [
          "client_secret_post",
          "private_key_jwt",
          "client_secret_basic"
        ],
        "jwks_uri": "https://login.microsoftonline.com/00000000-0000-0000-0000-000000000000/discovery/v2.0/keys",
        "response_modes_supported": [
          "query",
          "fragment",
          "form_post"
        ],
        "subject_types_supported": [
          "pairwise"
        ],
        "id_token_signing_alg_values_supported": [
          "RS256"
        ],
        "response_types_supported": [
          "code",
          "id_token",
          "code id_token",
          "id_token token"
        ],
        "scopes_supported": [
          "openid",
          "profile",
          "email",
          "offline_access"
        ],
        "issuer": "https://login.microsoftonline.com/00000000-0000-0000-0000-000000000000/v2.0",
        "request_uri_parameter_supported": false,
        "userinfo_endpoint": "https://graph.microsoft.com/oidc/userinfo",
        "authorization_endpoint": "https://login.microsoftonline.com/00000000-0000-0000-0000-000000000000/oauth2/v2.0/authorize",
        "device_authorization_endpoint": "https://login.microsoftonline.com/00000000-0000-0000-0000-000000000000/oauth2/v2.0/devicecode",
        "http_logout_supported": true,
        "frontchannel_logout_supported": true,
        "end_session_endpoint": "https://login.microsoftonline.com/00000000-0000-0000-0000-000000000000/oauth2/v2.0/logout",
        "claims_supported": [
          "sub",
          "iss",
          "cloud_instance_name",
          "cloud_instance_host_name",
          "cloud_graph_host_name",
          "msgraph_host",
          "aud",
          "exp",
          "iat",
          "auth_time",
          "acr",
          "nonce",
          "preferred_username",
          "name",
          "tid",
          "ver",
          "at_hash",
          "c_hash",
          "email"
        ],
        "kerberos_endpoint": "https://login.microsoftonline.com/00000000-0000-0000-0000-000000000000/kerberos",
        "tenant_region_scope": "WW",
        "cloud_instance_name": "microsoftonline.com",
        "cloud_graph_host_name": "graph.windows.net",
        "msgraph_host": "graph.microsoft.com",
        "rbac_url": "https://pas.windows.net"
      }
    },
    {
      "RequestUri": "https://login.microsoftonline.com/common/discovery/instance?api-version=1.1\u0026authorization_endpoint=https://login.microsoftonline.com/common/oauth2/authorize",
      "RequestMethod": "GET",
      "RequestHeaders": {
        "Accept": "application/json",
        "Accept-Encoding": "gzip, deflate",
        "Connection": "keep-alive",
        "Cookie": "cookie;",
        "User-Agent": "azsdk-python-identity/1.13.0b3 Python/3.11.2 (Windows-10-10.0.22000-SP0)"
      },
      "RequestBody": null,
      "StatusCode": 200,
      "ResponseHeaders": {
        "Access-Control-Allow-Methods": "GET, OPTIONS",
        "Access-Control-Allow-Origin": "*",
        "Cache-Control": "max-age=86400, private",
        "Content-Length": "945",
        "Content-Type": "application/json; charset=utf-8",
        "Date": "Thu, 30 Mar 2023 11:40:51 GMT",
        "P3P": "CP=\u0022DSP CUR OTPi IND OTRi ONL FIN\u0022",
        "Set-Cookie": "[set-cookie;]",
        "Strict-Transport-Security": "max-age=31536000; includeSubDomains",
        "X-Content-Type-Options": "nosniff",
        "x-ms-ests-server": "2.1.14939.4 - WEULR1 ProdSlices",
        "X-XSS-Protection": "0"
      },
      "ResponseBody": {
        "tenant_discovery_endpoint": "https://login.microsoftonline.com/common/.well-known/openid-configuration",
        "api-version": "1.1",
        "metadata": [
          {
            "preferred_network": "login.microsoftonline.com",
            "preferred_cache": "login.windows.net",
            "aliases": [
              "login.microsoftonline.com",
              "login.windows.net",
              "login.microsoft.com",
              "sts.windows.net"
            ]
          },
          {
            "preferred_network": "login.partner.microsoftonline.cn",
            "preferred_cache": "login.partner.microsoftonline.cn",
            "aliases": [
              "login.partner.microsoftonline.cn",
              "login.chinacloudapi.cn"
            ]
          },
          {
            "preferred_network": "login.microsoftonline.de",
            "preferred_cache": "login.microsoftonline.de",
            "aliases": [
              "login.microsoftonline.de"
            ]
          },
          {
            "preferred_network": "login.microsoftonline.us",
            "preferred_cache": "login.microsoftonline.us",
            "aliases": [
              "login.microsoftonline.us",
              "login.usgovcloudapi.net"
            ]
          },
          {
            "preferred_network": "login-us.microsoftonline.com",
            "preferred_cache": "login-us.microsoftonline.com",
            "aliases": [
              "login-us.microsoftonline.com"
            ]
          }
        ]
      }
    },
    {
      "RequestUri": "https://login.microsoftonline.com/00000000-0000-0000-0000-000000000000/oauth2/v2.0/token",
      "RequestMethod": "POST",
      "RequestHeaders": {
        "Accept": "application/json",
        "Accept-Encoding": "gzip, deflate",
        "client-request-id": "2e4f742c-4a2a-4bfa-8a52-36299ea2a1a3",
        "Connection": "keep-alive",
        "Content-Length": "288",
        "Content-Type": "application/x-www-form-urlencoded",
        "Cookie": "cookie;",
        "User-Agent": "azsdk-python-identity/1.13.0b3 Python/3.11.2 (Windows-10-10.0.22000-SP0)",
        "x-client-cpu": "x64",
        "x-client-current-telemetry": "4|730,0|",
        "x-client-last-telemetry": "4|0|||",
        "x-client-os": "win32",
        "x-client-sku": "MSAL.Python",
        "x-client-ver": "1.21.0",
        "x-ms-lib-capability": "retry-after, h429"
      },
      "RequestBody": "client_id=00000000-0000-0000-0000-000000000000\u0026grant_type=client_credentials\u0026client_info=1\u0026client_secret=00000000-0000-0000-0000-000000000000\u0026claims=%7B%22access_token%22%3A\u002B%7B%22xms_cc%22%3A\u002B%7B%22values%22%3A\u002B%5B%22CP1%22%5D%7D%7D%7D\u0026scope=https%3A%2F%2Fmanagement.azure.com%2F.default",
      "StatusCode": 200,
      "ResponseHeaders": {
        "Cache-Control": "no-store, no-cache",
        "client-request-id": "2e4f742c-4a2a-4bfa-8a52-36299ea2a1a3",
        "Content-Length": "114",
        "Content-Type": "application/json; charset=utf-8",
        "Date": "Thu, 30 Mar 2023 11:40:51 GMT",
        "Expires": "-1",
        "P3P": "CP=\u0022DSP CUR OTPi IND OTRi ONL FIN\u0022",
        "Pragma": "no-cache",
        "Set-Cookie": "[set-cookie;]",
        "Strict-Transport-Security": "max-age=31536000; includeSubDomains",
        "X-Content-Type-Options": "nosniff",
        "x-ms-clitelem": "1,0,0,,",
        "x-ms-ests-server": "2.1.14990.5 - WEULR2 ProdSlices",
        "X-XSS-Protection": "0"
      },
      "ResponseBody": {
        "token_type": "Bearer",
        "expires_in": 86399,
        "ext_expires_in": 86399,
        "refresh_in": 43199,
        "access_token": "access_token"
      }
    },
    {
      "RequestUri": "https://management.azure.com/subscriptions/00000000-0000-0000-0000-000000000000/resourceGroups/sdk-python-tests-rg-tmp/providers/Microsoft.NetApp/netAppAccounts/sdk-python-perma-account/capacityPools/sdk-python-perma-pool/volumes/sdk-py-tests-vol-3-6b727b0?api-version=2022-09-01",
      "RequestMethod": "PUT",
      "RequestHeaders": {
        "Accept": "application/json",
        "Accept-Encoding": "gzip, deflate",
        "Connection": "keep-alive",
        "Content-Length": "845",
        "Content-Type": "application/json",
        "User-Agent": "azsdk-python-mgmt-netapp/9.1.0 Python/3.11.2 (Windows-10-10.0.22000-SP0)"
      },
      "RequestBody": {
        "location": "westus2",
        "properties": {
          "creationToken": "sdk-py-tests-vol-3-6b727b0",
          "serviceLevel": "Premium",
          "usageThreshold": 107374182400,
          "protocolTypes": [
            "NFSv3"
          ],
          "subnetId": "/subscriptions/00000000-0000-0000-0000-000000000000/resourceGroups/sdk-python-tests-rg-tmp/providers/Microsoft.Network/virtualNetworks/sdk-python-tests-perma-vnet/subnets/sdk-python-tests-subnet",
          "networkFeatures": "Standard",
          "snapshotDirectoryVisible": true,
          "kerberosEnabled": false,
          "securityStyle": "unix",
          "smbEncryption": false,
          "smbContinuouslyAvailable": false,
          "encryptionKeySource": "Microsoft.NetApp",
          "ldapEnabled": false,
          "coolAccess": false,
          "unixPermissions": "0770",
          "avsDataStore": "Disabled",
          "isDefaultQuotaEnabled": false,
          "defaultUserQuotaInKiBs": 0,
          "defaultGroupQuotaInKiBs": 0,
          "enableSubvolumes": "Enabled",
          "isLargeVolume": false
        }
      },
      "StatusCode": 201,
      "ResponseHeaders": {
        "Azure-AsyncOperation": "https://management.azure.com/subscriptions/00000000-0000-0000-0000-000000000000/providers/Microsoft.NetApp/locations/westus2/operationResults/aed05962-e07b-480c-8f6a-851ec4a1c45e?api-version=2022-09-01",
        "Cache-Control": "no-cache",
        "Content-Length": "1638",
        "Content-Type": "application/json; charset=utf-8",
        "Date": "Thu, 30 Mar 2023 11:40:55 GMT",
        "ETag": "W/\u0022datetime\u00272023-03-30T11%3A40%3A54.109304Z\u0027\u0022",
        "Expires": "-1",
        "Pragma": "no-cache",
        "Server": "Microsoft-IIS/10.0",
        "Strict-Transport-Security": "max-age=31536000; includeSubDomains",
        "X-Content-Type-Options": "nosniff",
        "x-ms-correlation-request-id": "ed02f54d-b16a-4ba0-86d0-bb0b36b05710",
        "x-ms-ratelimit-remaining-subscription-writes": "1128",
        "x-ms-routing-request-id": "WESTEUROPE:20230330T114055Z:ed02f54d-b16a-4ba0-86d0-bb0b36b05710",
        "X-Powered-By": "ASP.NET"
      },
      "ResponseBody": {
        "id": "/subscriptions/00000000-0000-0000-0000-000000000000/resourceGroups/sdk-python-tests-rg-tmp/providers/Microsoft.NetApp/netAppAccounts/sdk-python-perma-account/capacityPools/sdk-python-perma-pool/volumes/sdk-py-tests-vol-3-6b727b0",
        "name": "sdk-python-perma-account/sdk-python-perma-pool/sdk-py-tests-vol-3-6b727b0",
        "type": "Microsoft.NetApp/netAppAccounts/capacityPools/volumes",
        "etag": "W/\u0022datetime\u00272023-03-30T11%3A40%3A54.109304Z\u0027\u0022",
        "location": "westus2",
        "tags": {
          "CreatedOnDate": "2023-03-30T11:40:52.1333174Z"
        },
        "properties": {
          "serviceLevel": "Premium",
          "creationToken": "sdk-py-tests-vol-3-6b727b0",
          "usageThreshold": 107374182400,
          "protocolTypes": [
            "NFSv3"
          ],
          "subnetId": "/subscriptions/00000000-0000-0000-0000-000000000000/resourceGroups/sdk-python-tests-rg-tmp/providers/Microsoft.Network/virtualNetworks/sdk-python-tests-perma-vnet/subnets/sdk-python-tests-subnet",
          "networkFeatures": "Standard",
          "snapshotDirectoryVisible": true,
          "kerberosEnabled": false,
          "securityStyle": "unix",
          "smbEncryption": false,
          "smbContinuouslyAvailable": false,
          "encryptionKeySource": "Microsoft.NetApp",
          "ldapEnabled": false,
          "unixPermissions": "0770",
          "coolAccess": false,
          "avsDataStore": "Disabled",
          "isDefaultQuotaEnabled": false,
          "defaultUserQuotaInKiBs": 0,
          "defaultGroupQuotaInKiBs": 0,
          "enableSubvolumes": "Enabled",
          "maximumNumberOfFiles": 100000000,
          "isLargeVolume": false,
          "provisioningState": "Creating"
        },
        "systemData": {
          "createdBy": "00000000-0000-0000-0000-000000000000",
          "createdByType": "Application",
          "createdAt": "2023-03-30T11:40:53.8013463Z",
          "lastModifiedBy": "00000000-0000-0000-0000-000000000000",
          "lastModifiedByType": "Application",
          "lastModifiedAt": "2023-03-30T11:40:53.8013463Z"
        }
      }
    },
    {
      "RequestUri": "https://management.azure.com/subscriptions/00000000-0000-0000-0000-000000000000/providers/Microsoft.NetApp/locations/westus2/operationResults/aed05962-e07b-480c-8f6a-851ec4a1c45e?api-version=2022-09-01",
      "RequestMethod": "GET",
      "RequestHeaders": {
        "Accept": "*/*",
        "Accept-Encoding": "gzip, deflate",
        "Connection": "keep-alive",
        "User-Agent": "azsdk-python-mgmt-netapp/9.1.0 Python/3.11.2 (Windows-10-10.0.22000-SP0)"
      },
      "RequestBody": null,
      "StatusCode": 200,
      "ResponseHeaders": {
        "Cache-Control": "no-cache",
        "Content-Encoding": "gzip",
        "Content-Type": "application/json; charset=utf-8",
        "Date": "Thu, 30 Mar 2023 11:40:55 GMT",
        "Expires": "-1",
        "Pragma": "no-cache",
        "Server": "Microsoft-IIS/10.0",
        "Strict-Transport-Security": "max-age=31536000; includeSubDomains",
        "Transfer-Encoding": "chunked",
        "Vary": "Accept-Encoding",
        "X-Content-Type-Options": "nosniff",
        "x-ms-correlation-request-id": "e5004a7a-2eb9-4010-aa4c-9e598dca1f46",
        "x-ms-ratelimit-remaining-subscription-reads": "11469",
        "x-ms-routing-request-id": "WESTEUROPE:20230330T114055Z:e5004a7a-2eb9-4010-aa4c-9e598dca1f46",
        "X-Powered-By": "ASP.NET"
      },
      "ResponseBody": {
        "id": "/subscriptions/00000000-0000-0000-0000-000000000000/providers/Microsoft.NetApp/locations/westus2/operationResults/aed05962-e07b-480c-8f6a-851ec4a1c45e",
        "name": "aed05962-e07b-480c-8f6a-851ec4a1c45e",
        "status": "Creating",
        "startTime": "2023-03-30T11:40:54.1219528Z",
        "endTime": "0001-01-01T00:00:00Z",
        "percentComplete": 0.0,
        "properties": {
          "resourceName": "/subscriptions/00000000-0000-0000-0000-000000000000/resourceGroups/sdk-python-tests-rg-tmp/providers/Microsoft.NetApp/netAppAccounts/sdk-python-perma-account/capacityPools/sdk-python-perma-pool/volumes/sdk-py-tests-vol-3-6b727b0",
          "action": "CREATE"
        }
      }
    },
    {
      "RequestUri": "https://management.azure.com/subscriptions/00000000-0000-0000-0000-000000000000/providers/Microsoft.NetApp/locations/westus2/operationResults/aed05962-e07b-480c-8f6a-851ec4a1c45e?api-version=2022-09-01",
      "RequestMethod": "GET",
      "RequestHeaders": {
        "Accept": "*/*",
        "Accept-Encoding": "gzip, deflate",
        "Connection": "keep-alive",
        "User-Agent": "azsdk-python-mgmt-netapp/9.1.0 Python/3.11.2 (Windows-10-10.0.22000-SP0)"
      },
      "RequestBody": null,
      "StatusCode": 200,
      "ResponseHeaders": {
        "Cache-Control": "no-cache",
        "Content-Encoding": "gzip",
        "Content-Type": "application/json; charset=utf-8",
        "Date": "Thu, 30 Mar 2023 11:41:25 GMT",
        "Expires": "-1",
        "Pragma": "no-cache",
        "Server": "Microsoft-IIS/10.0",
        "Strict-Transport-Security": "max-age=31536000; includeSubDomains",
        "Transfer-Encoding": "chunked",
        "Vary": "Accept-Encoding",
        "X-Content-Type-Options": "nosniff",
        "x-ms-correlation-request-id": "df1913c1-8e0c-44d5-8cf8-35b7637586e3",
        "x-ms-ratelimit-remaining-subscription-reads": "11468",
        "x-ms-routing-request-id": "WESTEUROPE:20230330T114125Z:df1913c1-8e0c-44d5-8cf8-35b7637586e3",
        "X-Powered-By": "ASP.NET"
      },
      "ResponseBody": {
        "id": "/subscriptions/00000000-0000-0000-0000-000000000000/providers/Microsoft.NetApp/locations/westus2/operationResults/aed05962-e07b-480c-8f6a-851ec4a1c45e",
        "name": "aed05962-e07b-480c-8f6a-851ec4a1c45e",
        "status": "Succeeded",
        "startTime": "2023-03-30T11:40:54.1219528Z",
        "endTime": "2023-03-30T11:41:08.1486632Z",
        "percentComplete": 100.0,
        "properties": {
          "resourceName": "/subscriptions/00000000-0000-0000-0000-000000000000/resourceGroups/sdk-python-tests-rg-tmp/providers/Microsoft.NetApp/netAppAccounts/sdk-python-perma-account/capacityPools/sdk-python-perma-pool/volumes/sdk-py-tests-vol-3-6b727b0",
          "action": "CREATE"
        }
      }
    },
    {
      "RequestUri": "https://management.azure.com/subscriptions/00000000-0000-0000-0000-000000000000/resourceGroups/sdk-python-tests-rg-tmp/providers/Microsoft.NetApp/netAppAccounts/sdk-python-perma-account/capacityPools/sdk-python-perma-pool/volumes/sdk-py-tests-vol-3-6b727b0?api-version=2022-09-01",
      "RequestMethod": "GET",
      "RequestHeaders": {
        "Accept": "*/*",
        "Accept-Encoding": "gzip, deflate",
        "Connection": "keep-alive",
        "User-Agent": "azsdk-python-mgmt-netapp/9.1.0 Python/3.11.2 (Windows-10-10.0.22000-SP0)"
      },
      "RequestBody": null,
      "StatusCode": 200,
      "ResponseHeaders": {
        "Cache-Control": "no-cache",
        "Content-Encoding": "gzip",
        "Content-Type": "application/json; charset=utf-8",
        "Date": "Thu, 30 Mar 2023 11:41:25 GMT",
        "ETag": "W/\u0022datetime\u00272023-03-30T11%3A41%3A08.1385905Z\u0027\u0022",
        "Expires": "-1",
        "Pragma": "no-cache",
        "Server": "Microsoft-IIS/10.0",
        "Strict-Transport-Security": "max-age=31536000; includeSubDomains",
        "Transfer-Encoding": "chunked",
        "Vary": "Accept-Encoding",
        "X-Content-Type-Options": "nosniff",
        "x-ms-correlation-request-id": "40972667-89bf-4322-8c66-26cb798a5c06",
        "x-ms-ratelimit-remaining-subscription-reads": "11467",
        "x-ms-routing-request-id": "WESTEUROPE:20230330T114126Z:40972667-89bf-4322-8c66-26cb798a5c06",
        "X-Powered-By": "ASP.NET"
      },
      "ResponseBody": {
        "id": "/subscriptions/00000000-0000-0000-0000-000000000000/resourceGroups/sdk-python-tests-rg-tmp/providers/Microsoft.NetApp/netAppAccounts/sdk-python-perma-account/capacityPools/sdk-python-perma-pool/volumes/sdk-py-tests-vol-3-6b727b0",
        "name": "sdk-python-perma-account/sdk-python-perma-pool/sdk-py-tests-vol-3-6b727b0",
        "type": "Microsoft.NetApp/netAppAccounts/capacityPools/volumes",
        "etag": "W/\u0022datetime\u00272023-03-30T11%3A41%3A08.1385905Z\u0027\u0022",
        "location": "westus2",
        "tags": {
          "CreatedOnDate": "2023-03-30T11:40:52.1333174Z"
        },
        "properties": {
          "fileSystemId": "ccb77a1b-cf95-932a-fd4e-acb4e4cb021f",
          "serviceLevel": "Premium",
          "creationToken": "sdk-py-tests-vol-3-6b727b0",
          "usageThreshold": 107374182400,
          "exportPolicy": {
            "rules": [
              {
                "ruleIndex": 1,
                "unixReadOnly": false,
                "unixReadWrite": true,
                "cifs": false,
                "nfsv3": true,
                "nfsv41": false,
                "allowedClients": "0.0.0.0/0",
                "kerberos5ReadOnly": false,
                "kerberos5ReadWrite": false,
                "kerberos5iReadOnly": false,
                "kerberos5iReadWrite": false,
                "kerberos5pReadOnly": false,
                "kerberos5pReadWrite": false,
                "hasRootAccess": true,
                "chownMode": "Restricted"
              }
            ]
          },
          "protocolTypes": [
            "NFSv3"
          ],
          "baremetalTenantId": "baremetalTenant_svm_8f82c7b40509489d9e97d719b9b955b4_42cab48b",
          "subnetId": "/subscriptions/00000000-0000-0000-0000-000000000000/resourceGroups/sdk-python-tests-rg-tmp/providers/Microsoft.Network/virtualNetworks/sdk-python-tests-perma-vnet/subnets/sdk-python-tests-subnet",
          "networkFeatures": "Standard",
          "networkSiblingSetId": "8dd1978e-584b-5087-bfc6-c261b926b7ba",
          "storageToNetworkProximity": "T2",
          "snapshotDirectoryVisible": true,
          "kerberosEnabled": false,
          "securityStyle": "Unix",
          "smbEncryption": false,
          "smbContinuouslyAvailable": false,
          "encryptionKeySource": "Microsoft.NetApp",
          "ldapEnabled": false,
          "unixPermissions": "0770",
          "mountTargets": [
            {
              "mountTargetId": "ccb77a1b-cf95-932a-fd4e-acb4e4cb021f",
              "fileSystemId": "ccb77a1b-cf95-932a-fd4e-acb4e4cb021f",
              "ipAddress": "10.0.0.4"
            }
          ],
          "throughputMibps": 6.25,
          "coolAccess": false,
          "avsDataStore": "Disabled",
          "isDefaultQuotaEnabled": false,
          "defaultUserQuotaInKiBs": 0,
          "defaultGroupQuotaInKiBs": 0,
          "enableSubvolumes": "Enabled",
          "maximumNumberOfFiles": 100000000,
          "smbNonBrowsable": "Disabled",
          "smbAccessBasedEnumeration": "Disabled",
          "isLargeVolume": false,
          "provisionedAvailabilityZone": "1",
          "provisioningState": "Succeeded"
        },
        "systemData": {
          "createdBy": "00000000-0000-0000-0000-000000000000",
          "createdByType": "Application",
          "createdAt": "2023-03-30T11:40:53.8013463Z",
          "lastModifiedBy": "00000000-0000-0000-0000-000000000000",
          "lastModifiedByType": "Application",
          "lastModifiedAt": "2023-03-30T11:40:53.8013463Z"
        }
      }
    },
    {
      "RequestUri": "https://management.azure.com/subscriptions/00000000-0000-0000-0000-000000000000/resourceGroups/sdk-python-tests-rg-tmp/providers/Microsoft.NetApp/netAppAccounts/sdk-python-perma-account/capacityPools/sdk-python-perma-pool/volumes/sdk-py-tests-vol-3-6b727b0?api-version=2022-09-01",
      "RequestMethod": "GET",
      "RequestHeaders": {
        "Accept": "application/json",
        "Accept-Encoding": "gzip, deflate",
        "Connection": "keep-alive",
        "User-Agent": "azsdk-python-mgmt-netapp/9.1.0 Python/3.11.2 (Windows-10-10.0.22000-SP0)"
      },
      "RequestBody": null,
      "StatusCode": 200,
      "ResponseHeaders": {
        "Cache-Control": "no-cache",
        "Content-Encoding": "gzip",
        "Content-Type": "application/json; charset=utf-8",
        "Date": "Thu, 30 Mar 2023 11:41:26 GMT",
        "ETag": "W/\u0022datetime\u00272023-03-30T11%3A41%3A08.1385905Z\u0027\u0022",
        "Expires": "-1",
        "Pragma": "no-cache",
        "Server": "Microsoft-IIS/10.0",
        "Strict-Transport-Security": "max-age=31536000; includeSubDomains",
        "Transfer-Encoding": "chunked",
        "Vary": "Accept-Encoding",
        "X-Content-Type-Options": "nosniff",
        "x-ms-correlation-request-id": "fa0cdf97-d81a-4348-ac95-9590029c9549",
        "x-ms-ratelimit-remaining-subscription-reads": "11466",
        "x-ms-routing-request-id": "WESTEUROPE:20230330T114126Z:fa0cdf97-d81a-4348-ac95-9590029c9549",
        "X-Powered-By": "ASP.NET"
      },
      "ResponseBody": {
        "id": "/subscriptions/00000000-0000-0000-0000-000000000000/resourceGroups/sdk-python-tests-rg-tmp/providers/Microsoft.NetApp/netAppAccounts/sdk-python-perma-account/capacityPools/sdk-python-perma-pool/volumes/sdk-py-tests-vol-3-6b727b0",
        "name": "sdk-python-perma-account/sdk-python-perma-pool/sdk-py-tests-vol-3-6b727b0",
        "type": "Microsoft.NetApp/netAppAccounts/capacityPools/volumes",
        "etag": "W/\u0022datetime\u00272023-03-30T11%3A41%3A08.1385905Z\u0027\u0022",
        "location": "westus2",
        "tags": {
          "CreatedOnDate": "2023-03-30T11:40:52.1333174Z"
        },
        "properties": {
          "fileSystemId": "ccb77a1b-cf95-932a-fd4e-acb4e4cb021f",
          "serviceLevel": "Premium",
          "creationToken": "sdk-py-tests-vol-3-6b727b0",
          "usageThreshold": 107374182400,
          "exportPolicy": {
            "rules": [
              {
                "ruleIndex": 1,
                "unixReadOnly": false,
                "unixReadWrite": true,
                "cifs": false,
                "nfsv3": true,
                "nfsv41": false,
                "allowedClients": "0.0.0.0/0",
                "kerberos5ReadOnly": false,
                "kerberos5ReadWrite": false,
                "kerberos5iReadOnly": false,
                "kerberos5iReadWrite": false,
                "kerberos5pReadOnly": false,
                "kerberos5pReadWrite": false,
                "hasRootAccess": true,
                "chownMode": "Restricted"
              }
            ]
          },
          "protocolTypes": [
            "NFSv3"
          ],
          "baremetalTenantId": "baremetalTenant_svm_8f82c7b40509489d9e97d719b9b955b4_42cab48b",
          "subnetId": "/subscriptions/00000000-0000-0000-0000-000000000000/resourceGroups/sdk-python-tests-rg-tmp/providers/Microsoft.Network/virtualNetworks/sdk-python-tests-perma-vnet/subnets/sdk-python-tests-subnet",
          "networkFeatures": "Standard",
          "networkSiblingSetId": "8dd1978e-584b-5087-bfc6-c261b926b7ba",
          "storageToNetworkProximity": "T2",
          "snapshotDirectoryVisible": true,
          "kerberosEnabled": false,
          "securityStyle": "Unix",
          "smbEncryption": false,
          "smbContinuouslyAvailable": false,
          "encryptionKeySource": "Microsoft.NetApp",
          "ldapEnabled": false,
          "unixPermissions": "0770",
          "mountTargets": [
            {
              "mountTargetId": "ccb77a1b-cf95-932a-fd4e-acb4e4cb021f",
              "fileSystemId": "ccb77a1b-cf95-932a-fd4e-acb4e4cb021f",
              "ipAddress": "10.0.0.4"
            }
          ],
          "throughputMibps": 6.25,
          "coolAccess": false,
          "avsDataStore": "Disabled",
          "isDefaultQuotaEnabled": false,
          "defaultUserQuotaInKiBs": 0,
          "defaultGroupQuotaInKiBs": 0,
          "enableSubvolumes": "Enabled",
          "maximumNumberOfFiles": 100000000,
          "smbNonBrowsable": "Disabled",
          "smbAccessBasedEnumeration": "Disabled",
          "isLargeVolume": false,
          "provisionedAvailabilityZone": "1",
          "provisioningState": "Succeeded"
        },
        "systemData": {
          "createdBy": "00000000-0000-0000-0000-000000000000",
          "createdByType": "Application",
          "createdAt": "2023-03-30T11:40:53.8013463Z",
          "lastModifiedBy": "00000000-0000-0000-0000-000000000000",
          "lastModifiedByType": "Application",
          "lastModifiedAt": "2023-03-30T11:40:53.8013463Z"
        }
      }
    },
    {
      "RequestUri": "https://management.azure.com/subscriptions/00000000-0000-0000-0000-000000000000/resourceGroups/sdk-python-tests-rg-tmp/providers/Microsoft.NetApp/netAppAccounts/sdk-python-perma-account/capacityPools/sdk-python-perma-pool/volumes/sdk-py-tests-vol-3-6b727b0/subvolumes/sdk-py-tests-subvolume-1-6b727b0?api-version=2022-09-01",
      "RequestMethod": "PUT",
      "RequestHeaders": {
        "Accept": "application/json",
        "Accept-Encoding": "gzip, deflate",
        "Connection": "keep-alive",
        "Content-Length": "59",
        "Content-Type": "application/json",
        "User-Agent": "azsdk-python-mgmt-netapp/9.1.0 Python/3.11.2 (Windows-10-10.0.22000-SP0)"
      },
      "RequestBody": {
        "properties": {
          "path": "/sub_vol_1.txt",
          "size": 1000000
        }
      },
      "StatusCode": 201,
      "ResponseHeaders": {
        "Azure-AsyncOperation": "https://management.azure.com/subscriptions/00000000-0000-0000-0000-000000000000/providers/Microsoft.NetApp/locations/westus2/operationResults/78ddf2d9-70c8-4b65-a25d-caafc4f82578?api-version=2022-09-01",
        "Cache-Control": "no-cache",
        "Content-Length": "556",
        "Content-Type": "application/json; charset=utf-8",
        "Date": "Thu, 30 Mar 2023 11:41:26 GMT",
        "Expires": "-1",
        "Location": "https://management.azure.com/subscriptions/00000000-0000-0000-0000-000000000000/providers/Microsoft.NetApp/locations/westus2/operationResults/78ddf2d9-70c8-4b65-a25d-caafc4f82578?api-version=2022-09-01\u0026operationResultResponseType=Location",
        "Pragma": "no-cache",
        "Server": "Microsoft-IIS/10.0",
        "Strict-Transport-Security": "max-age=31536000; includeSubDomains",
        "X-Content-Type-Options": "nosniff",
        "x-ms-correlation-request-id": "826a9cf8-2e3b-450c-9ba5-702206abfa39",
        "x-ms-ratelimit-remaining-subscription-writes": "1127",
        "x-ms-routing-request-id": "WESTEUROPE:20230330T114127Z:826a9cf8-2e3b-450c-9ba5-702206abfa39",
        "X-Powered-By": "ASP.NET"
      },
      "ResponseBody": {
        "id": "/subscriptions/00000000-0000-0000-0000-000000000000/resourceGroups/sdk-python-tests-rg-tmp/providers/Microsoft.NetApp/netAppAccounts/sdk-python-perma-account/capacityPools/sdk-python-perma-pool/volumes/sdk-py-tests-vol-3-6b727b0/subvolumes/sdk-py-tests-subvolume-1-6b727b0",
        "name": "sdk-python-perma-account/sdk-python-perma-pool/sdk-py-tests-vol-3-6b727b0/sdk-py-tests-subvolume-1-6b727b0",
        "type": "Microsoft.NetApp/netAppAccounts/capacityPools/volumes/subvolumes",
        "properties": {
          "path": "/sub_vol_1.txt",
          "provisioningState": "Creating",
          "size": 1000000
        }
      }
    },
    {
      "RequestUri": "https://management.azure.com/subscriptions/00000000-0000-0000-0000-000000000000/providers/Microsoft.NetApp/locations/westus2/operationResults/78ddf2d9-70c8-4b65-a25d-caafc4f82578?api-version=2022-09-01",
      "RequestMethod": "GET",
      "RequestHeaders": {
        "Accept": "*/*",
        "Accept-Encoding": "gzip, deflate",
        "Connection": "keep-alive",
        "User-Agent": "azsdk-python-mgmt-netapp/9.1.0 Python/3.11.2 (Windows-10-10.0.22000-SP0)"
      },
      "RequestBody": null,
      "StatusCode": 200,
      "ResponseHeaders": {
        "Cache-Control": "no-cache",
        "Content-Encoding": "gzip",
        "Content-Type": "application/json; charset=utf-8",
        "Date": "Thu, 30 Mar 2023 11:41:27 GMT",
        "Expires": "-1",
        "Pragma": "no-cache",
        "Server": "Microsoft-IIS/10.0",
        "Strict-Transport-Security": "max-age=31536000; includeSubDomains",
        "Transfer-Encoding": "chunked",
        "Vary": "Accept-Encoding",
        "X-Content-Type-Options": "nosniff",
        "x-ms-correlation-request-id": "5bf8cfb2-d81a-458b-958a-94c8e072ec92",
        "x-ms-ratelimit-remaining-subscription-reads": "11465",
        "x-ms-routing-request-id": "WESTEUROPE:20230330T114127Z:5bf8cfb2-d81a-458b-958a-94c8e072ec92",
        "X-Powered-By": "ASP.NET"
      },
      "ResponseBody": {
        "id": "/subscriptions/00000000-0000-0000-0000-000000000000/providers/Microsoft.NetApp/locations/westus2/operationResults/78ddf2d9-70c8-4b65-a25d-caafc4f82578",
        "name": "78ddf2d9-70c8-4b65-a25d-caafc4f82578",
        "status": "Creating",
        "startTime": "2023-03-30T11:41:27.0262105Z",
        "endTime": "0001-01-01T00:00:00Z",
        "percentComplete": 0.0,
        "properties": {
          "resourceName": "/subscriptions/00000000-0000-0000-0000-000000000000/resourceGroups/sdk-python-tests-rg-tmp/providers/Microsoft.NetApp/netAppAccounts/sdk-python-perma-account/capacityPools/sdk-python-perma-pool/volumes/sdk-py-tests-vol-3-6b727b0/subvolumes/sdk-py-tests-subvolume-1-6b727b0",
          "action": "CREATE"
        }
      }
    },
    {
      "RequestUri": "https://management.azure.com/subscriptions/00000000-0000-0000-0000-000000000000/providers/Microsoft.NetApp/locations/westus2/operationResults/78ddf2d9-70c8-4b65-a25d-caafc4f82578?api-version=2022-09-01",
      "RequestMethod": "GET",
      "RequestHeaders": {
        "Accept": "*/*",
        "Accept-Encoding": "gzip, deflate",
        "Connection": "keep-alive",
        "User-Agent": "azsdk-python-mgmt-netapp/9.1.0 Python/3.11.2 (Windows-10-10.0.22000-SP0)"
      },
      "RequestBody": null,
      "StatusCode": 200,
      "ResponseHeaders": {
        "Cache-Control": "no-cache",
        "Content-Encoding": "gzip",
        "Content-Type": "application/json; charset=utf-8",
        "Date": "Thu, 30 Mar 2023 11:41:57 GMT",
        "Expires": "-1",
        "Pragma": "no-cache",
        "Server": "Microsoft-IIS/10.0",
        "Strict-Transport-Security": "max-age=31536000; includeSubDomains",
        "Transfer-Encoding": "chunked",
        "Vary": "Accept-Encoding",
        "X-Content-Type-Options": "nosniff",
        "x-ms-correlation-request-id": "c04ddeea-81d3-4591-84a7-839a368d179b",
        "x-ms-ratelimit-remaining-subscription-reads": "11464",
        "x-ms-routing-request-id": "WESTEUROPE:20230330T114157Z:c04ddeea-81d3-4591-84a7-839a368d179b",
        "X-Powered-By": "ASP.NET"
      },
      "ResponseBody": {
        "id": "/subscriptions/00000000-0000-0000-0000-000000000000/providers/Microsoft.NetApp/locations/westus2/operationResults/78ddf2d9-70c8-4b65-a25d-caafc4f82578",
        "name": "78ddf2d9-70c8-4b65-a25d-caafc4f82578",
        "status": "Succeeded",
        "startTime": "2023-03-30T11:41:27.0262105Z",
        "endTime": "2023-03-30T11:41:27.9019519Z",
        "percentComplete": 100.0,
        "properties": {
          "resourceName": "/subscriptions/00000000-0000-0000-0000-000000000000/resourceGroups/sdk-python-tests-rg-tmp/providers/Microsoft.NetApp/netAppAccounts/sdk-python-perma-account/capacityPools/sdk-python-perma-pool/volumes/sdk-py-tests-vol-3-6b727b0/subvolumes/sdk-py-tests-subvolume-1-6b727b0",
          "action": "CREATE"
        }
      }
    },
    {
      "RequestUri": "https://management.azure.com/subscriptions/00000000-0000-0000-0000-000000000000/resourceGroups/sdk-python-tests-rg-tmp/providers/Microsoft.NetApp/netAppAccounts/sdk-python-perma-account/capacityPools/sdk-python-perma-pool/volumes/sdk-py-tests-vol-3-6b727b0/subvolumes/sdk-py-tests-subvolume-1-6b727b0?api-version=2022-09-01",
      "RequestMethod": "GET",
      "RequestHeaders": {
        "Accept": "*/*",
        "Accept-Encoding": "gzip, deflate",
        "Connection": "keep-alive",
        "User-Agent": "azsdk-python-mgmt-netapp/9.1.0 Python/3.11.2 (Windows-10-10.0.22000-SP0)"
      },
      "RequestBody": null,
      "StatusCode": 200,
      "ResponseHeaders": {
        "Cache-Control": "no-cache",
        "Content-Encoding": "gzip",
        "Content-Type": "application/json; charset=utf-8",
        "Date": "Thu, 30 Mar 2023 11:41:57 GMT",
        "Expires": "-1",
        "Pragma": "no-cache",
        "Server": "Microsoft-IIS/10.0",
        "Strict-Transport-Security": "max-age=31536000; includeSubDomains",
        "Transfer-Encoding": "chunked",
        "Vary": "Accept-Encoding",
        "X-Content-Type-Options": "nosniff",
        "x-ms-correlation-request-id": "8024b762-7b66-439e-8d18-50c1ff9d0225",
        "x-ms-ratelimit-remaining-subscription-reads": "11463",
        "x-ms-routing-request-id": "WESTEUROPE:20230330T114158Z:8024b762-7b66-439e-8d18-50c1ff9d0225",
        "X-Powered-By": "ASP.NET"
      },
      "ResponseBody": {
        "id": "/subscriptions/00000000-0000-0000-0000-000000000000/resourceGroups/sdk-python-tests-rg-tmp/providers/Microsoft.NetApp/netAppAccounts/sdk-python-perma-account/capacityPools/sdk-python-perma-pool/volumes/sdk-py-tests-vol-3-6b727b0/subvolumes/sdk-py-tests-subvolume-1-6b727b0",
        "name": "sdk-python-perma-account/sdk-python-perma-pool/sdk-py-tests-vol-3-6b727b0/sdk-py-tests-subvolume-1-6b727b0",
        "type": "Microsoft.NetApp/netAppAccounts/capacityPools/volumes/subvolumes",
        "properties": {
          "path": "/sub_vol_1.txt",
          "provisioningState": "Succeeded"
        }
      }
    },
    {
      "RequestUri": "https://management.azure.com/subscriptions/00000000-0000-0000-0000-000000000000/resourceGroups/sdk-python-tests-rg-tmp/providers/Microsoft.NetApp/netAppAccounts/sdk-python-perma-account/capacityPools/sdk-python-perma-pool/volumes/sdk-py-tests-vol-3-6b727b0/subvolumes/sdk-py-tests-subvolume-1-6b727b0?api-version=2022-09-01",
      "RequestMethod": "GET",
      "RequestHeaders": {
        "Accept": "application/json",
        "Accept-Encoding": "gzip, deflate",
        "Connection": "keep-alive",
        "User-Agent": "azsdk-python-mgmt-netapp/9.1.0 Python/3.11.2 (Windows-10-10.0.22000-SP0)"
      },
      "RequestBody": null,
      "StatusCode": 200,
      "ResponseHeaders": {
        "Cache-Control": "no-cache",
        "Content-Encoding": "gzip",
        "Content-Type": "application/json; charset=utf-8",
        "Date": "Thu, 30 Mar 2023 11:41:58 GMT",
        "Expires": "-1",
        "Pragma": "no-cache",
        "Server": "Microsoft-IIS/10.0",
        "Strict-Transport-Security": "max-age=31536000; includeSubDomains",
        "Transfer-Encoding": "chunked",
        "Vary": "Accept-Encoding",
        "X-Content-Type-Options": "nosniff",
        "x-ms-correlation-request-id": "2f3ab4eb-7399-455f-abdd-a8336eaa98e0",
        "x-ms-ratelimit-remaining-subscription-reads": "11462",
        "x-ms-routing-request-id": "WESTEUROPE:20230330T114158Z:2f3ab4eb-7399-455f-abdd-a8336eaa98e0",
        "X-Powered-By": "ASP.NET"
      },
      "ResponseBody": {
        "id": "/subscriptions/00000000-0000-0000-0000-000000000000/resourceGroups/sdk-python-tests-rg-tmp/providers/Microsoft.NetApp/netAppAccounts/sdk-python-perma-account/capacityPools/sdk-python-perma-pool/volumes/sdk-py-tests-vol-3-6b727b0/subvolumes/sdk-py-tests-subvolume-1-6b727b0",
        "name": "sdk-python-perma-account/sdk-python-perma-pool/sdk-py-tests-vol-3-6b727b0/sdk-py-tests-subvolume-1-6b727b0",
        "type": "Microsoft.NetApp/netAppAccounts/capacityPools/volumes/subvolumes",
        "properties": {
          "path": "/sub_vol_1.txt",
          "provisioningState": "Succeeded"
        }
      }
    },
    {
      "RequestUri": "https://management.azure.com/subscriptions/00000000-0000-0000-0000-000000000000/resourceGroups/sdk-python-tests-rg-tmp/providers/Microsoft.NetApp/netAppAccounts/sdk-python-perma-account/capacityPools/sdk-python-perma-pool/volumes/sdk-py-tests-vol-3-6b727b0/subvolumes/sdk-py-tests-subvolume-1-6b727b0?api-version=2022-09-01",
      "RequestMethod": "PATCH",
      "RequestHeaders": {
        "Accept": "application/json",
        "Accept-Encoding": "gzip, deflate",
        "Connection": "keep-alive",
        "Content-Length": "64",
        "Content-Type": "application/json",
        "User-Agent": "azsdk-python-mgmt-netapp/9.1.0 Python/3.11.2 (Windows-10-10.0.22000-SP0)"
      },
      "RequestBody": {
        "properties": {
          "size": 2000000,
          "path": "/sub_vol_update.txt"
        }
      },
      "StatusCode": 202,
      "ResponseHeaders": {
        "Azure-AsyncOperation": "https://management.azure.com/subscriptions/00000000-0000-0000-0000-000000000000/providers/Microsoft.NetApp/locations/westus2/operationResults/4ff1385b-8809-47a6-8629-549b01439ab1?api-version=2022-09-01",
        "Cache-Control": "no-cache",
        "Content-Length": "561",
        "Content-Type": "application/json; charset=utf-8",
        "Date": "Thu, 30 Mar 2023 11:41:58 GMT",
        "Expires": "-1",
        "Location": "https://management.azure.com/subscriptions/00000000-0000-0000-0000-000000000000/providers/Microsoft.NetApp/locations/westus2/operationResults/4ff1385b-8809-47a6-8629-549b01439ab1?api-version=2022-09-01\u0026operationResultResponseType=Location",
        "Pragma": "no-cache",
        "Server": "Microsoft-IIS/10.0",
        "Strict-Transport-Security": "max-age=31536000; includeSubDomains",
        "X-Content-Type-Options": "nosniff",
        "x-ms-correlation-request-id": "16cca880-f5a7-4700-85de-70e6f5d3bfd0",
        "x-ms-ratelimit-remaining-subscription-writes": "1126",
        "x-ms-routing-request-id": "WESTEUROPE:20230330T114159Z:16cca880-f5a7-4700-85de-70e6f5d3bfd0",
        "X-Powered-By": "ASP.NET"
      },
      "ResponseBody": {
        "id": "/subscriptions/00000000-0000-0000-0000-000000000000/resourceGroups/sdk-python-tests-rg-tmp/providers/Microsoft.NetApp/netAppAccounts/sdk-python-perma-account/capacityPools/sdk-python-perma-pool/volumes/sdk-py-tests-vol-3-6b727b0/subvolumes/sdk-py-tests-subvolume-1-6b727b0",
        "name": "sdk-python-perma-account/sdk-python-perma-pool/sdk-py-tests-vol-3-6b727b0/sdk-py-tests-subvolume-1-6b727b0",
        "type": "Microsoft.NetApp/netAppAccounts/capacityPools/volumes/subvolumes",
        "properties": {
          "path": "/sub_vol_update.txt",
          "size": 2000000,
          "provisioningState": "Accepted"
        }
      }
    },
    {
      "RequestUri": "https://management.azure.com/subscriptions/00000000-0000-0000-0000-000000000000/providers/Microsoft.NetApp/locations/westus2/operationResults/4ff1385b-8809-47a6-8629-549b01439ab1?api-version=2022-09-01",
      "RequestMethod": "GET",
      "RequestHeaders": {
        "Accept": "*/*",
        "Accept-Encoding": "gzip, deflate",
        "Connection": "keep-alive",
        "User-Agent": "azsdk-python-mgmt-netapp/9.1.0 Python/3.11.2 (Windows-10-10.0.22000-SP0)"
      },
      "RequestBody": null,
      "StatusCode": 200,
      "ResponseHeaders": {
        "Cache-Control": "no-cache",
        "Content-Encoding": "gzip",
        "Content-Type": "application/json; charset=utf-8",
        "Date": "Thu, 30 Mar 2023 11:41:58 GMT",
        "Expires": "-1",
        "Pragma": "no-cache",
        "Server": "Microsoft-IIS/10.0",
        "Strict-Transport-Security": "max-age=31536000; includeSubDomains",
        "Transfer-Encoding": "chunked",
        "Vary": "Accept-Encoding",
        "X-Content-Type-Options": "nosniff",
        "x-ms-correlation-request-id": "de8c75b1-fedb-4d9f-9079-a4070e9ad39a",
        "x-ms-ratelimit-remaining-subscription-reads": "11461",
        "x-ms-routing-request-id": "WESTEUROPE:20230330T114159Z:de8c75b1-fedb-4d9f-9079-a4070e9ad39a",
        "X-Powered-By": "ASP.NET"
      },
      "ResponseBody": {
        "id": "/subscriptions/00000000-0000-0000-0000-000000000000/providers/Microsoft.NetApp/locations/westus2/operationResults/4ff1385b-8809-47a6-8629-549b01439ab1",
        "name": "4ff1385b-8809-47a6-8629-549b01439ab1",
        "status": "Patching",
        "startTime": "2023-03-30T11:41:58.8899832Z",
        "endTime": "0001-01-01T00:00:00Z",
        "percentComplete": 0.0,
        "properties": {
          "resourceName": "/subscriptions/00000000-0000-0000-0000-000000000000/resourceGroups/sdk-python-tests-rg-tmp/providers/Microsoft.NetApp/netAppAccounts/sdk-python-perma-account/capacityPools/sdk-python-perma-pool/volumes/sdk-py-tests-vol-3-6b727b0/subvolumes/sdk-py-tests-subvolume-1-6b727b0",
          "action": "PATCH"
        }
      }
    },
    {
      "RequestUri": "https://management.azure.com/subscriptions/00000000-0000-0000-0000-000000000000/providers/Microsoft.NetApp/locations/westus2/operationResults/4ff1385b-8809-47a6-8629-549b01439ab1?api-version=2022-09-01",
      "RequestMethod": "GET",
      "RequestHeaders": {
        "Accept": "*/*",
        "Accept-Encoding": "gzip, deflate",
        "Connection": "keep-alive",
        "User-Agent": "azsdk-python-mgmt-netapp/9.1.0 Python/3.11.2 (Windows-10-10.0.22000-SP0)"
      },
      "RequestBody": null,
      "StatusCode": 200,
      "ResponseHeaders": {
        "Cache-Control": "no-cache",
        "Content-Encoding": "gzip",
        "Content-Type": "application/json; charset=utf-8",
        "Date": "Thu, 30 Mar 2023 11:42:28 GMT",
        "Expires": "-1",
        "Pragma": "no-cache",
        "Server": "Microsoft-IIS/10.0",
        "Strict-Transport-Security": "max-age=31536000; includeSubDomains",
        "Transfer-Encoding": "chunked",
        "Vary": "Accept-Encoding",
        "X-Content-Type-Options": "nosniff",
        "x-ms-correlation-request-id": "a094ce69-2af5-4fa8-b45a-78ce1c62a1d3",
        "x-ms-ratelimit-remaining-subscription-reads": "11460",
        "x-ms-routing-request-id": "WESTEUROPE:20230330T114229Z:a094ce69-2af5-4fa8-b45a-78ce1c62a1d3",
        "X-Powered-By": "ASP.NET"
      },
      "ResponseBody": {
        "id": "/subscriptions/00000000-0000-0000-0000-000000000000/providers/Microsoft.NetApp/locations/westus2/operationResults/4ff1385b-8809-47a6-8629-549b01439ab1",
        "name": "4ff1385b-8809-47a6-8629-549b01439ab1",
        "status": "Succeeded",
        "startTime": "2023-03-30T11:41:58.8899832Z",
        "endTime": "2023-03-30T11:41:59.5450085Z",
        "percentComplete": 100.0,
        "properties": {
          "resourceName": "/subscriptions/00000000-0000-0000-0000-000000000000/resourceGroups/sdk-python-tests-rg-tmp/providers/Microsoft.NetApp/netAppAccounts/sdk-python-perma-account/capacityPools/sdk-python-perma-pool/volumes/sdk-py-tests-vol-3-6b727b0/subvolumes/sdk-py-tests-subvolume-1-6b727b0",
          "action": "PATCH"
        }
      }
    },
    {
      "RequestUri": "https://management.azure.com/subscriptions/00000000-0000-0000-0000-000000000000/resourceGroups/sdk-python-tests-rg-tmp/providers/Microsoft.NetApp/netAppAccounts/sdk-python-perma-account/capacityPools/sdk-python-perma-pool/volumes/sdk-py-tests-vol-3-6b727b0/subvolumes/sdk-py-tests-subvolume-1-6b727b0?api-version=2022-09-01",
      "RequestMethod": "GET",
      "RequestHeaders": {
        "Accept": "*/*",
        "Accept-Encoding": "gzip, deflate",
        "Connection": "keep-alive",
        "User-Agent": "azsdk-python-mgmt-netapp/9.1.0 Python/3.11.2 (Windows-10-10.0.22000-SP0)"
      },
      "RequestBody": null,
      "StatusCode": 200,
      "ResponseHeaders": {
        "Cache-Control": "no-cache",
        "Content-Encoding": "gzip",
        "Content-Type": "application/json; charset=utf-8",
        "Date": "Thu, 30 Mar 2023 11:42:29 GMT",
        "Expires": "-1",
        "Pragma": "no-cache",
        "Server": "Microsoft-IIS/10.0",
        "Strict-Transport-Security": "max-age=31536000; includeSubDomains",
        "Transfer-Encoding": "chunked",
        "Vary": "Accept-Encoding",
        "X-Content-Type-Options": "nosniff",
        "x-ms-correlation-request-id": "841cddb9-160e-4916-b49b-e92a1e089575",
        "x-ms-ratelimit-remaining-subscription-reads": "11459",
        "x-ms-routing-request-id": "WESTEUROPE:20230330T114230Z:841cddb9-160e-4916-b49b-e92a1e089575",
        "X-Powered-By": "ASP.NET"
      },
      "ResponseBody": {
        "id": "/subscriptions/00000000-0000-0000-0000-000000000000/resourceGroups/sdk-python-tests-rg-tmp/providers/Microsoft.NetApp/netAppAccounts/sdk-python-perma-account/capacityPools/sdk-python-perma-pool/volumes/sdk-py-tests-vol-3-6b727b0/subvolumes/sdk-py-tests-subvolume-1-6b727b0",
        "name": "sdk-python-perma-account/sdk-python-perma-pool/sdk-py-tests-vol-3-6b727b0/sdk-py-tests-subvolume-1-6b727b0",
        "type": "Microsoft.NetApp/netAppAccounts/capacityPools/volumes/subvolumes",
        "properties": {
          "path": "/sub_vol_update.txt",
          "provisioningState": "Succeeded"
        }
      }
    },
    {
      "RequestUri": "https://management.azure.com/subscriptions/00000000-0000-0000-0000-000000000000/resourceGroups/sdk-python-tests-rg-tmp/providers/Microsoft.NetApp/netAppAccounts/sdk-python-perma-account/capacityPools/sdk-python-perma-pool/volumes/sdk-py-tests-vol-3-6b727b0/subvolumes/sdk-py-tests-subvolume-1-6b727b0?api-version=2022-09-01",
      "RequestMethod": "GET",
      "RequestHeaders": {
        "Accept": "application/json",
        "Accept-Encoding": "gzip, deflate",
        "Connection": "keep-alive",
        "User-Agent": "azsdk-python-mgmt-netapp/9.1.0 Python/3.11.2 (Windows-10-10.0.22000-SP0)"
      },
      "RequestBody": null,
      "StatusCode": 200,
      "ResponseHeaders": {
        "Cache-Control": "no-cache",
        "Content-Encoding": "gzip",
        "Content-Type": "application/json; charset=utf-8",
        "Date": "Thu, 30 Mar 2023 11:42:29 GMT",
        "Expires": "-1",
        "Pragma": "no-cache",
        "Server": "Microsoft-IIS/10.0",
        "Strict-Transport-Security": "max-age=31536000; includeSubDomains",
        "Transfer-Encoding": "chunked",
        "Vary": "Accept-Encoding",
        "X-Content-Type-Options": "nosniff",
        "x-ms-correlation-request-id": "b4104cd7-1d4c-4f2c-8938-a124ece8a54c",
        "x-ms-ratelimit-remaining-subscription-reads": "11458",
        "x-ms-routing-request-id": "WESTEUROPE:20230330T114230Z:b4104cd7-1d4c-4f2c-8938-a124ece8a54c",
        "X-Powered-By": "ASP.NET"
      },
      "ResponseBody": {
        "id": "/subscriptions/00000000-0000-0000-0000-000000000000/resourceGroups/sdk-python-tests-rg-tmp/providers/Microsoft.NetApp/netAppAccounts/sdk-python-perma-account/capacityPools/sdk-python-perma-pool/volumes/sdk-py-tests-vol-3-6b727b0/subvolumes/sdk-py-tests-subvolume-1-6b727b0",
        "name": "sdk-python-perma-account/sdk-python-perma-pool/sdk-py-tests-vol-3-6b727b0/sdk-py-tests-subvolume-1-6b727b0",
        "type": "Microsoft.NetApp/netAppAccounts/capacityPools/volumes/subvolumes",
        "properties": {
          "path": "/sub_vol_update.txt",
          "provisioningState": "Succeeded"
        }
      }
    },
    {
      "RequestUri": "https://management.azure.com/subscriptions/00000000-0000-0000-0000-000000000000/resourceGroups/sdk-python-tests-rg-tmp/providers/Microsoft.NetApp/netAppAccounts/sdk-python-perma-account/capacityPools/sdk-python-perma-pool/volumes/sdk-py-tests-vol-3-6b727b0?api-version=2022-09-01",
      "RequestMethod": "GET",
      "RequestHeaders": {
        "Accept": "application/json",
        "Accept-Encoding": "gzip, deflate",
        "Connection": "keep-alive",
        "User-Agent": "azsdk-python-mgmt-netapp/9.1.0 Python/3.11.2 (Windows-10-10.0.22000-SP0)"
      },
      "RequestBody": null,
      "StatusCode": 200,
      "ResponseHeaders": {
        "Cache-Control": "no-cache",
        "Content-Encoding": "gzip",
        "Content-Type": "application/json; charset=utf-8",
        "Date": "Thu, 30 Mar 2023 11:42:30 GMT",
        "ETag": "W/\u0022datetime\u00272023-03-30T11%3A41%3A08.1385905Z\u0027\u0022",
        "Expires": "-1",
        "Pragma": "no-cache",
        "Server": "Microsoft-IIS/10.0",
        "Strict-Transport-Security": "max-age=31536000; includeSubDomains",
        "Transfer-Encoding": "chunked",
        "Vary": "Accept-Encoding",
        "X-Content-Type-Options": "nosniff",
        "x-ms-correlation-request-id": "098d89a8-b686-432c-bec0-7f7a7beeffd4",
        "x-ms-ratelimit-remaining-subscription-reads": "11457",
        "x-ms-routing-request-id": "WESTEUROPE:20230330T114231Z:098d89a8-b686-432c-bec0-7f7a7beeffd4",
        "X-Powered-By": "ASP.NET"
      },
      "ResponseBody": {
        "id": "/subscriptions/00000000-0000-0000-0000-000000000000/resourceGroups/sdk-python-tests-rg-tmp/providers/Microsoft.NetApp/netAppAccounts/sdk-python-perma-account/capacityPools/sdk-python-perma-pool/volumes/sdk-py-tests-vol-3-6b727b0",
        "name": "sdk-python-perma-account/sdk-python-perma-pool/sdk-py-tests-vol-3-6b727b0",
        "type": "Microsoft.NetApp/netAppAccounts/capacityPools/volumes",
        "etag": "W/\u0022datetime\u00272023-03-30T11%3A41%3A08.1385905Z\u0027\u0022",
        "location": "westus2",
        "tags": {
          "CreatedOnDate": "2023-03-30T11:40:52.1333174Z"
        },
        "properties": {
          "fileSystemId": "ccb77a1b-cf95-932a-fd4e-acb4e4cb021f",
          "serviceLevel": "Premium",
          "creationToken": "sdk-py-tests-vol-3-6b727b0",
          "usageThreshold": 107374182400,
          "exportPolicy": {
            "rules": [
              {
                "ruleIndex": 1,
                "unixReadOnly": false,
                "unixReadWrite": true,
                "cifs": false,
                "nfsv3": true,
                "nfsv41": false,
                "allowedClients": "0.0.0.0/0",
                "kerberos5ReadOnly": false,
                "kerberos5ReadWrite": false,
                "kerberos5iReadOnly": false,
                "kerberos5iReadWrite": false,
                "kerberos5pReadOnly": false,
                "kerberos5pReadWrite": false,
                "hasRootAccess": true,
                "chownMode": "Restricted"
              }
            ]
          },
          "protocolTypes": [
            "NFSv3"
          ],
          "baremetalTenantId": "baremetalTenant_svm_8f82c7b40509489d9e97d719b9b955b4_42cab48b",
          "subnetId": "/subscriptions/00000000-0000-0000-0000-000000000000/resourceGroups/sdk-python-tests-rg-tmp/providers/Microsoft.Network/virtualNetworks/sdk-python-tests-perma-vnet/subnets/sdk-python-tests-subnet",
          "networkFeatures": "Standard",
          "networkSiblingSetId": "8dd1978e-584b-5087-bfc6-c261b926b7ba",
          "storageToNetworkProximity": "T2",
          "snapshotDirectoryVisible": true,
          "kerberosEnabled": false,
          "securityStyle": "Unix",
          "smbEncryption": false,
          "smbContinuouslyAvailable": false,
          "encryptionKeySource": "Microsoft.NetApp",
          "ldapEnabled": false,
          "unixPermissions": "0770",
          "mountTargets": [
            {
              "mountTargetId": "ccb77a1b-cf95-932a-fd4e-acb4e4cb021f",
              "fileSystemId": "ccb77a1b-cf95-932a-fd4e-acb4e4cb021f",
              "ipAddress": "10.0.0.4"
            }
          ],
          "throughputMibps": 6.25,
          "coolAccess": false,
          "avsDataStore": "Disabled",
          "isDefaultQuotaEnabled": false,
          "defaultUserQuotaInKiBs": 0,
          "defaultGroupQuotaInKiBs": 0,
          "enableSubvolumes": "Enabled",
          "maximumNumberOfFiles": 100000000,
          "smbNonBrowsable": "Disabled",
          "smbAccessBasedEnumeration": "Disabled",
          "isLargeVolume": false,
          "provisionedAvailabilityZone": "1",
          "provisioningState": "Succeeded"
        },
        "systemData": {
          "createdBy": "00000000-0000-0000-0000-000000000000",
          "createdByType": "Application",
          "createdAt": "2023-03-30T11:40:53.8013463Z",
          "lastModifiedBy": "00000000-0000-0000-0000-000000000000",
          "lastModifiedByType": "Application",
          "lastModifiedAt": "2023-03-30T11:40:53.8013463Z"
        }
      }
    },
    {
      "RequestUri": "https://management.azure.com/subscriptions/00000000-0000-0000-0000-000000000000/resourceGroups/sdk-python-tests-rg-tmp/providers/Microsoft.NetApp/netAppAccounts/sdk-python-perma-account/capacityPools/sdk-python-perma-pool/volumes/sdk-py-tests-vol-3-6b727b0/subvolumes/sdk-py-tests-subvolume-1-6b727b0?api-version=2022-09-01",
      "RequestMethod": "GET",
      "RequestHeaders": {
        "Accept": "application/json",
        "Accept-Encoding": "gzip, deflate",
        "Connection": "keep-alive",
        "User-Agent": "azsdk-python-mgmt-netapp/9.1.0 Python/3.11.2 (Windows-10-10.0.22000-SP0)"
      },
      "RequestBody": null,
      "StatusCode": 200,
      "ResponseHeaders": {
        "Cache-Control": "no-cache",
        "Content-Encoding": "gzip",
        "Content-Type": "application/json; charset=utf-8",
        "Date": "Thu, 30 Mar 2023 11:42:30 GMT",
        "Expires": "-1",
        "Pragma": "no-cache",
        "Server": "Microsoft-IIS/10.0",
        "Strict-Transport-Security": "max-age=31536000; includeSubDomains",
        "Transfer-Encoding": "chunked",
        "Vary": "Accept-Encoding",
        "X-Content-Type-Options": "nosniff",
        "x-ms-correlation-request-id": "83ebb3e7-a833-4ae8-9edd-83f137d0a029",
        "x-ms-ratelimit-remaining-subscription-reads": "11456",
        "x-ms-routing-request-id": "WESTEUROPE:20230330T114231Z:83ebb3e7-a833-4ae8-9edd-83f137d0a029",
        "X-Powered-By": "ASP.NET"
      },
      "ResponseBody": {
        "id": "/subscriptions/00000000-0000-0000-0000-000000000000/resourceGroups/sdk-python-tests-rg-tmp/providers/Microsoft.NetApp/netAppAccounts/sdk-python-perma-account/capacityPools/sdk-python-perma-pool/volumes/sdk-py-tests-vol-3-6b727b0/subvolumes/sdk-py-tests-subvolume-1-6b727b0",
        "name": "sdk-python-perma-account/sdk-python-perma-pool/sdk-py-tests-vol-3-6b727b0/sdk-py-tests-subvolume-1-6b727b0",
        "type": "Microsoft.NetApp/netAppAccounts/capacityPools/volumes/subvolumes",
        "properties": {
          "path": "/sub_vol_update.txt",
          "provisioningState": "Succeeded"
        }
      }
    },
    {
      "RequestUri": "https://management.azure.com/subscriptions/00000000-0000-0000-0000-000000000000/resourceGroups/sdk-python-tests-rg-tmp/providers/Microsoft.NetApp/netAppAccounts/sdk-python-perma-account/capacityPools/sdk-python-perma-pool/volumes/sdk-py-tests-vol-3-6b727b0/subvolumes/sdk-py-tests-subvolume-1-6b727b0?api-version=2022-09-01",
      "RequestMethod": "DELETE",
      "RequestHeaders": {
        "Accept": "*/*",
        "Accept-Encoding": "gzip, deflate",
        "Connection": "keep-alive",
        "Content-Length": "0",
        "User-Agent": "azsdk-python-mgmt-netapp/9.1.0 Python/3.11.2 (Windows-10-10.0.22000-SP0)"
      },
      "RequestBody": null,
      "StatusCode": 202,
      "ResponseHeaders": {
        "Azure-AsyncOperation": "https://management.azure.com/subscriptions/00000000-0000-0000-0000-000000000000/providers/Microsoft.NetApp/locations/westus2/operationResults/07f41bc4-e2b7-4d17-ac5a-9bc92d25e539?api-version=2022-09-01",
        "Cache-Control": "no-cache",
        "Content-Length": "0",
        "Date": "Thu, 30 Mar 2023 11:42:31 GMT",
        "Expires": "-1",
        "Location": "https://management.azure.com/subscriptions/00000000-0000-0000-0000-000000000000/providers/Microsoft.NetApp/locations/westus2/operationResults/07f41bc4-e2b7-4d17-ac5a-9bc92d25e539?api-version=2022-09-01\u0026operationResultResponseType=Location",
        "Pragma": "no-cache",
        "Server": "Microsoft-IIS/10.0",
        "Strict-Transport-Security": "max-age=31536000; includeSubDomains",
        "X-Content-Type-Options": "nosniff",
        "x-ms-correlation-request-id": "272978ee-a5b6-45ad-99e1-d3b782506210",
        "x-ms-ratelimit-remaining-subscription-deletes": "14925",
        "x-ms-routing-request-id": "WESTEUROPE:20230330T114232Z:272978ee-a5b6-45ad-99e1-d3b782506210",
        "X-Powered-By": "ASP.NET"
      },
      "ResponseBody": null
    },
    {
      "RequestUri": "https://management.azure.com/subscriptions/00000000-0000-0000-0000-000000000000/providers/Microsoft.NetApp/locations/westus2/operationResults/07f41bc4-e2b7-4d17-ac5a-9bc92d25e539?api-version=2022-09-01",
      "RequestMethod": "GET",
      "RequestHeaders": {
        "Accept": "*/*",
        "Accept-Encoding": "gzip, deflate",
        "Connection": "keep-alive",
        "User-Agent": "azsdk-python-mgmt-netapp/9.1.0 Python/3.11.2 (Windows-10-10.0.22000-SP0)"
      },
      "RequestBody": null,
      "StatusCode": 200,
      "ResponseHeaders": {
        "Cache-Control": "no-cache",
        "Content-Encoding": "gzip",
        "Content-Type": "application/json; charset=utf-8",
        "Date": "Thu, 30 Mar 2023 11:42:31 GMT",
        "Expires": "-1",
        "Pragma": "no-cache",
        "Server": "Microsoft-IIS/10.0",
        "Strict-Transport-Security": "max-age=31536000; includeSubDomains",
        "Transfer-Encoding": "chunked",
        "Vary": "Accept-Encoding",
        "X-Content-Type-Options": "nosniff",
        "x-ms-correlation-request-id": "571b225d-62b5-4ed7-86a3-e0063c18d684",
        "x-ms-ratelimit-remaining-subscription-reads": "11455",
        "x-ms-routing-request-id": "WESTEUROPE:20230330T114232Z:571b225d-62b5-4ed7-86a3-e0063c18d684",
        "X-Powered-By": "ASP.NET"
      },
      "ResponseBody": {
        "id": "/subscriptions/00000000-0000-0000-0000-000000000000/providers/Microsoft.NetApp/locations/westus2/operationResults/07f41bc4-e2b7-4d17-ac5a-9bc92d25e539",
        "name": "07f41bc4-e2b7-4d17-ac5a-9bc92d25e539",
        "status": "Deleting",
        "startTime": "2023-03-30T11:42:31.8378059Z",
        "endTime": "0001-01-01T00:00:00Z",
        "percentComplete": 0.0,
        "properties": {
          "resourceName": "/subscriptions/00000000-0000-0000-0000-000000000000/resourceGroups/sdk-python-tests-rg-tmp/providers/Microsoft.NetApp/netAppAccounts/sdk-python-perma-account/capacityPools/sdk-python-perma-pool/volumes/sdk-py-tests-vol-3-6b727b0/subvolumes/sdk-py-tests-subvolume-1-6b727b0",
          "action": "DELETE"
        }
      }
    },
    {
      "RequestUri": "https://management.azure.com/subscriptions/00000000-0000-0000-0000-000000000000/providers/Microsoft.NetApp/locations/westus2/operationResults/07f41bc4-e2b7-4d17-ac5a-9bc92d25e539?api-version=2022-09-01",
      "RequestMethod": "GET",
      "RequestHeaders": {
        "Accept": "*/*",
        "Accept-Encoding": "gzip, deflate",
        "Connection": "keep-alive",
        "User-Agent": "azsdk-python-mgmt-netapp/9.1.0 Python/3.11.2 (Windows-10-10.0.22000-SP0)"
      },
      "RequestBody": null,
      "StatusCode": 200,
      "ResponseHeaders": {
        "Cache-Control": "no-cache",
        "Content-Encoding": "gzip",
        "Content-Type": "application/json; charset=utf-8",
        "Date": "Thu, 30 Mar 2023 11:43:02 GMT",
        "Expires": "-1",
        "Pragma": "no-cache",
        "Server": "Microsoft-IIS/10.0",
        "Strict-Transport-Security": "max-age=31536000; includeSubDomains",
        "Transfer-Encoding": "chunked",
        "Vary": "Accept-Encoding",
        "X-Content-Type-Options": "nosniff",
        "x-ms-correlation-request-id": "8f898d16-cc8d-46e7-8654-458c2d888ed9",
        "x-ms-ratelimit-remaining-subscription-reads": "11454",
        "x-ms-routing-request-id": "WESTEUROPE:20230330T114302Z:8f898d16-cc8d-46e7-8654-458c2d888ed9",
        "X-Powered-By": "ASP.NET"
      },
      "ResponseBody": {
        "id": "/subscriptions/00000000-0000-0000-0000-000000000000/providers/Microsoft.NetApp/locations/westus2/operationResults/07f41bc4-e2b7-4d17-ac5a-9bc92d25e539",
        "name": "07f41bc4-e2b7-4d17-ac5a-9bc92d25e539",
        "status": "Succeeded",
        "startTime": "2023-03-30T11:42:31.8378059Z",
        "endTime": "2023-03-30T11:42:37.9941434Z",
        "percentComplete": 100.0,
        "properties": {
          "resourceName": "/subscriptions/00000000-0000-0000-0000-000000000000/resourceGroups/sdk-python-tests-rg-tmp/providers/Microsoft.NetApp/netAppAccounts/sdk-python-perma-account/capacityPools/sdk-python-perma-pool/volumes/sdk-py-tests-vol-3-6b727b0/subvolumes/sdk-py-tests-subvolume-1-6b727b0",
          "action": "DELETE"
        }
      }
    },
    {
      "RequestUri": "https://management.azure.com/subscriptions/00000000-0000-0000-0000-000000000000/resourceGroups/sdk-python-tests-rg-tmp/providers/Microsoft.NetApp/netAppAccounts/sdk-python-perma-account/capacityPools/sdk-python-perma-pool/volumes/sdk-py-tests-vol-3-6b727b0/subvolumes/sdk-py-tests-subvolume-1-6b727b0?api-version=2022-09-01",
      "RequestMethod": "GET",
      "RequestHeaders": {
        "Accept": "application/json",
        "Accept-Encoding": "gzip, deflate",
        "Connection": "keep-alive",
        "User-Agent": "azsdk-python-mgmt-netapp/9.1.0 Python/3.11.2 (Windows-10-10.0.22000-SP0)"
      },
      "RequestBody": null,
      "StatusCode": 404,
      "ResponseHeaders": {
        "Cache-Control": "no-cache",
        "Content-Length": "84",
        "Content-Type": "application/json; charset=utf-8",
        "Date": "Thu, 30 Mar 2023 11:43:02 GMT",
        "Expires": "-1",
        "Pragma": "no-cache",
        "Server": "Microsoft-IIS/10.0",
        "Strict-Transport-Security": "max-age=31536000; includeSubDomains",
        "X-Content-Type-Options": "nosniff",
        "x-ms-correlation-request-id": "e4ba77cb-4a9f-4da2-b6a3-e1cad8bd12cf",
        "x-ms-ratelimit-remaining-subscription-reads": "11453",
        "x-ms-routing-request-id": "WESTEUROPE:20230330T114302Z:e4ba77cb-4a9f-4da2-b6a3-e1cad8bd12cf",
        "X-Powered-By": "ASP.NET"
      },
      "ResponseBody": {
        "error": {
          "code": "NotFound",
          "message": "The requested SubvolumeInfo was not found."
        }
      }
    },
    {
      "RequestUri": "https://management.azure.com/subscriptions/00000000-0000-0000-0000-000000000000/resourceGroups/sdk-python-tests-rg-tmp/providers/Microsoft.NetApp/netAppAccounts/sdk-python-perma-account/capacityPools/sdk-python-perma-pool/volumes/sdk-py-tests-vol-3-6b727b0/subvolumes?api-version=2022-09-01",
      "RequestMethod": "GET",
      "RequestHeaders": {
        "Accept": "application/json",
        "Accept-Encoding": "gzip, deflate",
        "Connection": "keep-alive",
        "User-Agent": "azsdk-python-mgmt-netapp/9.1.0 Python/3.11.2 (Windows-10-10.0.22000-SP0)"
      },
      "RequestBody": null,
      "StatusCode": 200,
      "ResponseHeaders": {
        "Cache-Control": "no-cache",
        "Content-Encoding": "gzip",
        "Content-Type": "application/json; charset=utf-8",
        "Date": "Thu, 30 Mar 2023 11:43:03 GMT",
        "Expires": "-1",
        "Pragma": "no-cache",
        "Server": "Microsoft-IIS/10.0",
        "Strict-Transport-Security": "max-age=31536000; includeSubDomains",
        "Transfer-Encoding": "chunked",
        "Vary": "Accept-Encoding",
        "X-Content-Type-Options": "nosniff",
        "x-ms-correlation-request-id": "78186134-e99e-46db-8538-c77b4b8e1650",
        "x-ms-ratelimit-remaining-subscription-reads": "11452",
        "x-ms-routing-request-id": "WESTEUROPE:20230330T114303Z:78186134-e99e-46db-8538-c77b4b8e1650",
        "X-Powered-By": "ASP.NET"
      },
      "ResponseBody": {
        "value": []
      }
    },
    {
      "RequestUri": "https://management.azure.com/subscriptions/00000000-0000-0000-0000-000000000000/resourceGroups/sdk-python-tests-rg-tmp/providers/Microsoft.NetApp/netAppAccounts/sdk-python-perma-account/capacityPools/sdk-python-perma-pool/volumes/sdk-py-tests-vol-3-6b727b0?api-version=2022-09-01",
      "RequestMethod": "DELETE",
      "RequestHeaders": {
        "Accept": "*/*",
        "Accept-Encoding": "gzip, deflate",
        "Connection": "keep-alive",
        "Content-Length": "0",
        "User-Agent": "azsdk-python-mgmt-netapp/9.1.0 Python/3.11.2 (Windows-10-10.0.22000-SP0)"
      },
      "RequestBody": null,
      "StatusCode": 202,
      "ResponseHeaders": {
        "Azure-AsyncOperation": "https://management.azure.com/subscriptions/00000000-0000-0000-0000-000000000000/providers/Microsoft.NetApp/locations/westus2/operationResults/79dbf381-d868-4e5f-9b75-cc5790ce03b1?api-version=2022-09-01",
        "Cache-Control": "no-cache",
        "Content-Length": "0",
        "Date": "Thu, 30 Mar 2023 11:43:04 GMT",
        "Expires": "-1",
        "Location": "https://management.azure.com/subscriptions/00000000-0000-0000-0000-000000000000/providers/Microsoft.NetApp/locations/westus2/operationResults/79dbf381-d868-4e5f-9b75-cc5790ce03b1?api-version=2022-09-01\u0026operationResultResponseType=Location",
        "Pragma": "no-cache",
        "Server": "Microsoft-IIS/10.0",
        "Strict-Transport-Security": "max-age=31536000; includeSubDomains",
        "X-Content-Type-Options": "nosniff",
        "x-ms-correlation-request-id": "14c3c23c-13cb-4c69-a7f7-bee0dc1ffc8d",
        "x-ms-ratelimit-remaining-subscription-deletes": "14924",
        "x-ms-routing-request-id": "WESTEUROPE:20230330T114304Z:14c3c23c-13cb-4c69-a7f7-bee0dc1ffc8d",
        "X-Powered-By": "ASP.NET"
      },
      "ResponseBody": null
    },
    {
      "RequestUri": "https://management.azure.com/subscriptions/00000000-0000-0000-0000-000000000000/providers/Microsoft.NetApp/locations/westus2/operationResults/79dbf381-d868-4e5f-9b75-cc5790ce03b1?api-version=2022-09-01",
      "RequestMethod": "GET",
      "RequestHeaders": {
        "Accept": "*/*",
        "Accept-Encoding": "gzip, deflate",
        "Connection": "keep-alive",
        "User-Agent": "azsdk-python-mgmt-netapp/9.1.0 Python/3.11.2 (Windows-10-10.0.22000-SP0)"
      },
      "RequestBody": null,
      "StatusCode": 200,
      "ResponseHeaders": {
        "Cache-Control": "no-cache",
        "Content-Encoding": "gzip",
        "Content-Type": "application/json; charset=utf-8",
        "Date": "Thu, 30 Mar 2023 11:43:04 GMT",
        "Expires": "-1",
        "Pragma": "no-cache",
        "Server": "Microsoft-IIS/10.0",
        "Strict-Transport-Security": "max-age=31536000; includeSubDomains",
        "Transfer-Encoding": "chunked",
        "Vary": "Accept-Encoding",
        "X-Content-Type-Options": "nosniff",
        "x-ms-correlation-request-id": "dae569ba-1b79-4ce3-a154-b3882a9b2d3a",
        "x-ms-ratelimit-remaining-subscription-reads": "11451",
        "x-ms-routing-request-id": "WESTEUROPE:20230330T114304Z:dae569ba-1b79-4ce3-a154-b3882a9b2d3a",
        "X-Powered-By": "ASP.NET"
      },
      "ResponseBody": {
        "id": "/subscriptions/00000000-0000-0000-0000-000000000000/providers/Microsoft.NetApp/locations/westus2/operationResults/79dbf381-d868-4e5f-9b75-cc5790ce03b1",
        "name": "79dbf381-d868-4e5f-9b75-cc5790ce03b1",
        "status": "Deleting",
        "startTime": "2023-03-30T11:43:04.0543615Z",
        "endTime": "0001-01-01T00:00:00Z",
        "percentComplete": 0.0,
        "properties": {
          "resourceName": "/subscriptions/00000000-0000-0000-0000-000000000000/resourceGroups/sdk-python-tests-rg-tmp/providers/Microsoft.NetApp/netAppAccounts/sdk-python-perma-account/capacityPools/sdk-python-perma-pool/volumes/sdk-py-tests-vol-3-6b727b0",
          "action": "DELETE"
        }
      }
    },
    {
      "RequestUri": "https://management.azure.com/subscriptions/00000000-0000-0000-0000-000000000000/providers/Microsoft.NetApp/locations/westus2/operationResults/79dbf381-d868-4e5f-9b75-cc5790ce03b1?api-version=2022-09-01",
      "RequestMethod": "GET",
      "RequestHeaders": {
        "Accept": "*/*",
        "Accept-Encoding": "gzip, deflate",
        "Connection": "keep-alive",
        "User-Agent": "azsdk-python-mgmt-netapp/9.1.0 Python/3.11.2 (Windows-10-10.0.22000-SP0)"
      },
      "RequestBody": null,
      "StatusCode": 200,
      "ResponseHeaders": {
        "Cache-Control": "no-cache",
        "Content-Encoding": "gzip",
        "Content-Type": "application/json; charset=utf-8",
        "Date": "Thu, 30 Mar 2023 11:43:34 GMT",
        "Expires": "-1",
        "Pragma": "no-cache",
        "Server": "Microsoft-IIS/10.0",
        "Strict-Transport-Security": "max-age=31536000; includeSubDomains",
        "Transfer-Encoding": "chunked",
        "Vary": "Accept-Encoding",
        "X-Content-Type-Options": "nosniff",
        "x-ms-correlation-request-id": "ed15731f-58da-4007-8138-c34a22df3bec",
        "x-ms-ratelimit-remaining-subscription-reads": "11450",
        "x-ms-routing-request-id": "WESTEUROPE:20230330T114334Z:ed15731f-58da-4007-8138-c34a22df3bec",
        "X-Powered-By": "ASP.NET"
      },
      "ResponseBody": {
        "id": "/subscriptions/00000000-0000-0000-0000-000000000000/providers/Microsoft.NetApp/locations/westus2/operationResults/79dbf381-d868-4e5f-9b75-cc5790ce03b1",
        "name": "79dbf381-d868-4e5f-9b75-cc5790ce03b1",
        "status": "Succeeded",
        "startTime": "2023-03-30T11:43:04.0543615Z",
        "endTime": "2023-03-30T11:43:12.2433961Z",
        "percentComplete": 100.0,
        "properties": {
          "resourceName": "/subscriptions/00000000-0000-0000-0000-000000000000/resourceGroups/sdk-python-tests-rg-tmp/providers/Microsoft.NetApp/netAppAccounts/sdk-python-perma-account/capacityPools/sdk-python-perma-pool/volumes/sdk-py-tests-vol-3-6b727b0",
          "action": "DELETE"
        }
      }
    },
    {
      "RequestUri": "https://management.azure.com/subscriptions/00000000-0000-0000-0000-000000000000/providers/Microsoft.NetApp/locations/westus2/operationResults/79dbf381-d868-4e5f-9b75-cc5790ce03b1?api-version=2022-09-01\u0026operationResultResponseType=Location",
      "RequestMethod": "GET",
      "RequestHeaders": {
        "Accept": "*/*",
        "Accept-Encoding": "gzip, deflate",
        "Connection": "keep-alive",
        "User-Agent": "azsdk-python-mgmt-netapp/9.1.0 Python/3.11.2 (Windows-10-10.0.22000-SP0)"
      },
      "RequestBody": null,
      "StatusCode": 200,
      "ResponseHeaders": {
        "Cache-Control": "no-cache",
        "Content-Encoding": "gzip",
        "Content-Type": "application/json; charset=utf-8",
        "Date": "Thu, 30 Mar 2023 11:43:34 GMT",
        "Expires": "-1",
        "Pragma": "no-cache",
        "Server": "Microsoft-IIS/10.0",
        "Strict-Transport-Security": "max-age=31536000; includeSubDomains",
        "Transfer-Encoding": "chunked",
        "Vary": "Accept-Encoding",
        "X-Content-Type-Options": "nosniff",
        "x-ms-correlation-request-id": "985f76d3-11b4-4cd4-8648-d98f4a707ade",
        "x-ms-ratelimit-remaining-subscription-reads": "11449",
        "x-ms-routing-request-id": "WESTEUROPE:20230330T114334Z:985f76d3-11b4-4cd4-8648-d98f4a707ade",
        "X-Powered-By": "ASP.NET"
      },
      "ResponseBody": {
        "id": "/subscriptions/00000000-0000-0000-0000-000000000000/resourceGroups/sdk-python-tests-rg-tmp/providers/Microsoft.NetApp/netAppAccounts/sdk-python-perma-account/capacityPools/sdk-python-perma-pool/volumes/sdk-py-tests-vol-3-6b727b0",
        "name": "sdk-python-perma-account/sdk-python-perma-pool/sdk-py-tests-vol-3-6b727b0",
        "type": "Microsoft.NetApp/netAppAccounts/capacityPools/volumes",
        "etag": "W/\u0022datetime\u00272023-03-30T11%3A43%3A04.0478425Z\u0027\u0022",
        "location": "westus2",
        "tags": {
          "CreatedOnDate": "2023-03-30T11:40:52.1333174Z"
        },
        "properties": {
          "fileSystemId": "ccb77a1b-cf95-932a-fd4e-acb4e4cb021f",
          "serviceLevel": "Premium",
          "creationToken": "sdk-py-tests-vol-3-6b727b0",
          "ownerId": "8f82c7b4-0509-489d-9e97-d719b9b955b4",
          "usageThreshold": 107374182400,
          "usedBytes": 0,
          "exportPolicy": {
            "rules": [
              {
                "ruleIndex": 1,
                "unixReadOnly": false,
                "unixReadWrite": true,
                "cifs": false,
                "nfsv3": true,
                "nfsv4": false,
                "nfsv41": false,
                "allowedClients": "0.0.0.0/0",
                "kerberos5ReadOnly": false,
                "kerberos5ReadWrite": false,
                "kerberos5iReadOnly": false,
                "kerberos5iReadWrite": false,
                "kerberos5pReadOnly": false,
                "kerberos5pReadWrite": false,
                "hasRootAccess": true,
                "chownMode": "Restricted"
              }
            ]
          },
          "protocolTypes": [
            "NFSv3"
          ],
          "baremetalTenantId": "baremetalTenant_svm_8f82c7b40509489d9e97d719b9b955b4_42cab48b",
          "subnetId": "/subscriptions/00000000-0000-0000-0000-000000000000/resourceGroups/sdk-python-tests-rg-tmp/providers/Microsoft.Network/virtualNetworks/sdk-python-tests-perma-vnet/subnets/sdk-python-tests-subnet",
          "networkFeatures": "Standard",
          "networkSiblingSetId": "8dd1978e-584b-5087-bfc6-c261b926b7ba",
          "storageToNetworkProximity": "T2",
          "snapshotDirectoryVisible": true,
          "provisionedAvailabilityZone": "1",
          "vendorID": "/subscriptions/00000000-0000-0000-0000-000000000000/resourceGroups/sdk-python-tests-rg-tmp/providers/Microsoft.NetApp/netAppAccounts/sdk-python-perma-account/capacityPools/sdk-python-perma-pool/volumes/sdk-py-tests-vol-3-6b727b0",
          "poolId": "89596580-0d7e-f9cd-4146-2c8a74d18641",
          "mountTargets": [
            {
              "provisioningState": "",
              "mountTargetId": "ccb77a1b-cf95-932a-fd4e-acb4e4cb021f",
              "fileSystemId": "ccb77a1b-cf95-932a-fd4e-acb4e4cb021f",
              "startIp": "",
              "endIp": "",
              "gateway": "",
              "netmask": "",
              "subnet": "",
              "ipAddress": "10.0.0.4"
            }
          ],
          "throughputMibps": 6.25,
          "kerberosEnabled": false,
          "securityStyle": "Unix",
          "smbEncryption": false,
          "smbContinuouslyAvailable": false,
          "ldapEnabled": false,
          "unixPermissions": "0770",
          "encryptionKeySource": "Microsoft.NetApp",
          "coolAccess": false,
          "avsDataStore": "Disabled",
          "isDefaultQuotaEnabled": false,
          "defaultUserQuotaInKiBs": 0,
          "defaultGroupQuotaInKiBs": 0,
          "enableSubvolumes": "Enabled",
          "encrypted": true,
          "smbAccessBasedEnumeration": "Disabled",
          "smbNonBrowsable": "Disabled",
          "isLargeVolume": false,
          "provisioningState": "Deleting"
        },
        "systemData": {
          "createdBy": "00000000-0000-0000-0000-000000000000",
          "createdByType": "Application",
          "createdAt": "2023-03-30T11:40:53.8013463Z",
          "lastModifiedBy": "00000000-0000-0000-0000-000000000000",
          "lastModifiedByType": "Application",
          "lastModifiedAt": "2023-03-30T11:40:53.8013463Z"
        }
      }
    },
    {
      "RequestUri": "https://management.azure.com/subscriptions/00000000-0000-0000-0000-000000000000/resourceGroups/sdk-python-tests-rg-tmp/providers/Microsoft.NetApp/netAppAccounts/sdk-python-perma-account/capacityPools/sdk-python-perma-pool/volumes/sdk-py-tests-vol-3-6b727b0?api-version=2022-09-01",
      "RequestMethod": "GET",
      "RequestHeaders": {
        "Accept": "application/json",
        "Accept-Encoding": "gzip, deflate",
        "Connection": "keep-alive",
        "User-Agent": "azsdk-python-mgmt-netapp/9.1.0 Python/3.11.2 (Windows-10-10.0.22000-SP0)"
      },
      "RequestBody": null,
      "StatusCode": 404,
      "ResponseHeaders": {
        "Cache-Control": "no-cache",
        "Content-Length": "322",
        "Content-Type": "application/json; charset=utf-8",
        "Date": "Thu, 30 Mar 2023 11:43:34 GMT",
        "Expires": "-1",
        "Pragma": "no-cache",
        "Strict-Transport-Security": "max-age=31536000; includeSubDomains",
        "X-Content-Type-Options": "nosniff",
        "x-ms-correlation-request-id": "f25c2dd4-14bc-419e-922e-e2f749b3ff91",
        "x-ms-failure-cause": "gateway",
        "x-ms-routing-request-id": "WESTEUROPE:20230330T114335Z:f25c2dd4-14bc-419e-922e-e2f749b3ff91"
      },
      "ResponseBody": {
        "error": {
          "code": "ResourceNotFound",
          "message": "The Resource \u0027Microsoft.NetApp/netAppAccounts/sdk-python-perma-account/capacityPools/sdk-python-perma-pool/volumes/sdk-py-tests-vol-3-6b727b0\u0027 under resource group \u0027sdk-python-tests-rg-tmp\u0027 was not found. For more details please go to https://aka.ms/ARMResourceNotFoundFix"
        }
      }
    }
  ],
  "Variables": {}
}
