interactions:
  - request:
      body: '{"location": "eastus2"}'
      headers:
        Accept:
          - application/json
        Accept-Encoding:
          - gzip, deflate
        Connection:
          - keep-alive
        Content-Length:
          - '23'
        Content-Type:
          - application/json; charset=utf-8
        User-Agent:
          - python/3.7.3 (Darwin-19.6.0-x86_64-i386-64bit) msrest/0.6.19 msrest_azure/0.6.4
            azure-mgmt-netapp/0.15.0 Azure-SDK-For-Python
        accept-language:
          - en-US
      method: PUT
      uri: https://management.azure.com/subscriptions/00000000-0000-0000-0000-000000000000/resourceGroups/sdk-net-test-qa7/providers/Microsoft.NetApp/netAppAccounts/sdk-py-tests-acc-10?api-version=2020-09-01
    response:
      body:
        string: '{"id":"/subscriptions/00000000-0000-0000-0000-000000000000/resourceGroups/sdk-net-test-qa7/providers/Microsoft.NetApp/netAppAccounts/sdk-py-tests-acc-10","name":"sdk-py-tests-acc-10","type":"Microsoft.NetApp/netAppAccounts","etag":"W/\"datetime''2020-12-15T16%3A19%3A03.3992889Z''\"","location":"eastus2","properties":{"provisioningState":"Creating"}}'
      headers:
        access-control-expose-headers:
          - Request-Context
        azure-asyncoperation:
          - https://management.azure.com/subscriptions/00000000-0000-0000-0000-000000000000/providers/Microsoft.NetApp/locations/eastus2/operationResults/3ecf4516-f31e-4a36-b8de-fbe9be0916f1?api-version=2020-09-01
        cache-control:
          - no-cache
        content-length:
          - '349'
        content-type:
          - application/json; charset=utf-8
        date:
          - Tue, 15 Dec 2020 16:19:03 GMT
        etag:
          - W/"datetime'2020-12-15T16%3A19%3A03.3992889Z'"
        expires:
          - '-1'
        pragma:
          - no-cache
        request-context:
          - appId=cid-v1:2c4cb680-0a1f-424d-bb8d-8e650ba68d53
        server:
          - Microsoft-IIS/10.0
        strict-transport-security:
          - max-age=31536000; includeSubDomains
        x-content-type-options:
          - nosniff
        x-ms-ratelimit-remaining-subscription-writes:
          - '1199'
        x-powered-by:
          - ASP.NET
      status:
        code: 201
        message: Created
  - request:
      body: null
      headers:
        Accept:
          - application/json
        Accept-Encoding:
          - gzip, deflate
        Connection:
          - keep-alive
        User-Agent:
          - python/3.7.3 (Darwin-19.6.0-x86_64-i386-64bit) msrest/0.6.19 msrest_azure/0.6.4
            azure-mgmt-netapp/0.15.0 Azure-SDK-For-Python
      method: GET
      uri: https://management.azure.com/subscriptions/00000000-0000-0000-0000-000000000000/providers/Microsoft.NetApp/locations/eastus2/operationResults/3ecf4516-f31e-4a36-b8de-fbe9be0916f1?api-version=2020-09-01
    response:
      body:
        string: '{"id":"/subscriptions/00000000-0000-0000-0000-000000000000/providers/Microsoft.NetApp/locations/eastus2/operationResults/3ecf4516-f31e-4a36-b8de-fbe9be0916f1","name":"3ecf4516-f31e-4a36-b8de-fbe9be0916f1","status":"Succeeded","startTime":"2020-12-15T16:19:03.1948221Z","endTime":"2020-12-15T16:19:03.5934888Z","percentComplete":100.0,"properties":{"resourceName":"/subscriptions/00000000-0000-0000-0000-000000000000/resourceGroups/sdk-net-test-qa7/providers/Microsoft.NetApp/netAppAccounts/sdk-py-tests-acc-10"}}'
      headers:
        access-control-expose-headers:
          - Request-Context
        cache-control:
          - no-cache
        content-length:
          - '512'
        content-type:
          - application/json; charset=utf-8
        date:
          - Tue, 15 Dec 2020 16:19:35 GMT
        expires:
          - '-1'
        pragma:
          - no-cache
        request-context:
          - appId=cid-v1:2c4cb680-0a1f-424d-bb8d-8e650ba68d53
        server:
          - Microsoft-IIS/10.0
        strict-transport-security:
          - max-age=31536000; includeSubDomains
        transfer-encoding:
          - chunked
        vary:
          - Accept-Encoding
        x-content-type-options:
          - nosniff
        x-powered-by:
          - ASP.NET
      status:
        code: 200
        message: OK
  - request:
      body: null
      headers:
        Accept:
          - application/json
        Accept-Encoding:
          - gzip, deflate
        Connection:
          - keep-alive
        User-Agent:
          - python/3.7.3 (Darwin-19.6.0-x86_64-i386-64bit) msrest/0.6.19 msrest_azure/0.6.4
            azure-mgmt-netapp/0.15.0 Azure-SDK-For-Python
      method: GET
      uri: https://management.azure.com/subscriptions/00000000-0000-0000-0000-000000000000/resourceGroups/sdk-net-test-qa7/providers/Microsoft.NetApp/netAppAccounts/sdk-py-tests-acc-10?api-version=2020-09-01
    response:
      body:
        string: '{"id":"/subscriptions/00000000-0000-0000-0000-000000000000/resourceGroups/sdk-net-test-qa7/providers/Microsoft.NetApp/netAppAccounts/sdk-py-tests-acc-10","name":"sdk-py-tests-acc-10","type":"Microsoft.NetApp/netAppAccounts","etag":"W/\"datetime''2020-12-15T16%3A19%3A03.596476Z''\"","location":"eastus2","properties":{"provisioningState":"Succeeded"}}'
      headers:
        access-control-expose-headers:
          - Request-Context
        cache-control:
          - no-cache
        content-length:
          - '349'
        content-type:
          - application/json; charset=utf-8
        date:
          - Tue, 15 Dec 2020 16:19:35 GMT
        etag:
          - W/"datetime'2020-12-15T16%3A19%3A03.596476Z'"
        expires:
          - '-1'
        pragma:
          - no-cache
        request-context:
          - appId=cid-v1:2c4cb680-0a1f-424d-bb8d-8e650ba68d53
        server:
          - Microsoft-IIS/10.0
        strict-transport-security:
          - max-age=31536000; includeSubDomains
        transfer-encoding:
          - chunked
        vary:
          - Accept-Encoding
        x-content-type-options:
          - nosniff
        x-powered-by:
          - ASP.NET
      status:
        code: 200
        message: OK
  - request:
      body: '{"location": "eastus2"}'
      headers:
        Accept:
          - application/json
        Accept-Encoding:
          - gzip, deflate
        Connection:
          - keep-alive
        Content-Length:
          - '23'
        Content-Type:
          - application/json; charset=utf-8
        User-Agent:
          - python/3.7.3 (Darwin-19.6.0-x86_64-i386-64bit) msrest/0.6.19 msrest_azure/0.6.4
            azure-mgmt-netapp/0.15.0 Azure-SDK-For-Python
        accept-language:
          - en-US
      method: PUT
      uri: https://management.azure.com/subscriptions/00000000-0000-0000-0000-000000000000/resourceGroups/sdk-net-test-qa7/providers/Microsoft.NetApp/netAppAccounts/sdk-py-tests-acc-20?api-version=2020-09-01
    response:
      body:
        string: '{"id":"/subscriptions/00000000-0000-0000-0000-000000000000/resourceGroups/sdk-net-test-qa7/providers/Microsoft.NetApp/netAppAccounts/sdk-py-tests-acc-20","name":"sdk-py-tests-acc-20","type":"Microsoft.NetApp/netAppAccounts","etag":"W/\"datetime''2020-12-15T16%3A19%3A36.9371751Z''\"","location":"eastus2","properties":{"provisioningState":"Creating"}}'
      headers:
        access-control-expose-headers:
          - Request-Context
        azure-asyncoperation:
          - https://management.azure.com/subscriptions/00000000-0000-0000-0000-000000000000/providers/Microsoft.NetApp/locations/eastus2/operationResults/4b602e89-3366-4a0b-a6fd-821506a1effc?api-version=2020-09-01
        cache-control:
          - no-cache
        content-length:
          - '349'
        content-type:
          - application/json; charset=utf-8
        date:
          - Tue, 15 Dec 2020 16:19:37 GMT
        etag:
          - W/"datetime'2020-12-15T16%3A19%3A36.9371751Z'"
        expires:
          - '-1'
        pragma:
          - no-cache
        request-context:
          - appId=cid-v1:2c4cb680-0a1f-424d-bb8d-8e650ba68d53
        server:
          - Microsoft-IIS/10.0
        strict-transport-security:
          - max-age=31536000; includeSubDomains
        x-content-type-options:
          - nosniff
        x-ms-ratelimit-remaining-subscription-writes:
          - '1198'
        x-powered-by:
          - ASP.NET
      status:
        code: 201
        message: Created
  - request:
      body: null
      headers:
        Accept:
          - application/json
        Accept-Encoding:
          - gzip, deflate
        Connection:
          - keep-alive
        User-Agent:
          - python/3.7.3 (Darwin-19.6.0-x86_64-i386-64bit) msrest/0.6.19 msrest_azure/0.6.4
            azure-mgmt-netapp/0.15.0 Azure-SDK-For-Python
      method: GET
      uri: https://management.azure.com/subscriptions/00000000-0000-0000-0000-000000000000/providers/Microsoft.NetApp/locations/eastus2/operationResults/4b602e89-3366-4a0b-a6fd-821506a1effc?api-version=2020-09-01
    response:
      body:
        string: '{"id":"/subscriptions/00000000-0000-0000-0000-000000000000/providers/Microsoft.NetApp/locations/eastus2/operationResults/4b602e89-3366-4a0b-a6fd-821506a1effc","name":"4b602e89-3366-4a0b-a6fd-821506a1effc","status":"Succeeded","startTime":"2020-12-15T16:19:36.8648718Z","endTime":"2020-12-15T16:19:37.0054939Z","percentComplete":100.0,"properties":{"resourceName":"/subscriptions/00000000-0000-0000-0000-000000000000/resourceGroups/sdk-net-test-qa7/providers/Microsoft.NetApp/netAppAccounts/sdk-py-tests-acc-20"}}'
      headers:
        access-control-expose-headers:
          - Request-Context
        cache-control:
          - no-cache
        content-length:
          - '512'
        content-type:
          - application/json; charset=utf-8
        date:
          - Tue, 15 Dec 2020 16:20:08 GMT
        expires:
          - '-1'
        pragma:
          - no-cache
        request-context:
          - appId=cid-v1:2c4cb680-0a1f-424d-bb8d-8e650ba68d53
        server:
          - Microsoft-IIS/10.0
        strict-transport-security:
          - max-age=31536000; includeSubDomains
        transfer-encoding:
          - chunked
        vary:
          - Accept-Encoding
        x-content-type-options:
          - nosniff
        x-powered-by:
          - ASP.NET
      status:
        code: 200
        message: OK
  - request:
      body: null
      headers:
        Accept:
          - application/json
        Accept-Encoding:
          - gzip, deflate
        Connection:
          - keep-alive
        User-Agent:
          - python/3.7.3 (Darwin-19.6.0-x86_64-i386-64bit) msrest/0.6.19 msrest_azure/0.6.4
            azure-mgmt-netapp/0.15.0 Azure-SDK-For-Python
      method: GET
      uri: https://management.azure.com/subscriptions/00000000-0000-0000-0000-000000000000/resourceGroups/sdk-net-test-qa7/providers/Microsoft.NetApp/netAppAccounts/sdk-py-tests-acc-20?api-version=2020-09-01
    response:
      body:
        string: '{"id":"/subscriptions/00000000-0000-0000-0000-000000000000/resourceGroups/sdk-net-test-qa7/providers/Microsoft.NetApp/netAppAccounts/sdk-py-tests-acc-20","name":"sdk-py-tests-acc-20","type":"Microsoft.NetApp/netAppAccounts","etag":"W/\"datetime''2020-12-15T16%3A19%3A37.0032388Z''\"","location":"eastus2","properties":{"provisioningState":"Succeeded"}}'
      headers:
        access-control-expose-headers:
          - Request-Context
        cache-control:
          - no-cache
        content-length:
          - '350'
        content-type:
          - application/json; charset=utf-8
        date:
          - Tue, 15 Dec 2020 16:20:08 GMT
        etag:
          - W/"datetime'2020-12-15T16%3A19%3A37.0032388Z'"
        expires:
          - '-1'
        pragma:
          - no-cache
        request-context:
          - appId=cid-v1:2c4cb680-0a1f-424d-bb8d-8e650ba68d53
        server:
          - Microsoft-IIS/10.0
        strict-transport-security:
          - max-age=31536000; includeSubDomains
        transfer-encoding:
          - chunked
        vary:
          - Accept-Encoding
        x-content-type-options:
          - nosniff
        x-powered-by:
          - ASP.NET
      status:
        code: 200
        message: OK
  - request:
      body: null
      headers:
        Accept:
          - application/json
        Accept-Encoding:
          - gzip, deflate
        Connection:
          - keep-alive
        User-Agent:
          - python/3.7.3 (Darwin-19.6.0-x86_64-i386-64bit) msrest/0.6.19 msrest_azure/0.6.4
            azure-mgmt-netapp/0.15.0 Azure-SDK-For-Python
        accept-language:
          - en-US
      method: GET
      uri: https://management.azure.com/subscriptions/00000000-0000-0000-0000-000000000000/resourceGroups/sdk-net-test-qa7/providers/Microsoft.NetApp/netAppAccounts?api-version=2020-09-01
    response:
      body:
        string: '{"value":[{"id":"/subscriptions/00000000-0000-0000-0000-000000000000/resourceGroups/sdk-net-test-qa7/providers/Microsoft.NetApp/netAppAccounts/sdk-py-tests-acc-10","name":"sdk-py-tests-acc-10","type":"Microsoft.NetApp/netAppAccounts","etag":"W/\"datetime''2020-12-15T16%3A19%3A03.596476Z''\"","location":"eastus2","properties":{"provisioningState":"Succeeded"}},{"id":"/subscriptions/00000000-0000-0000-0000-000000000000/resourceGroups/sdk-net-test-qa7/providers/Microsoft.NetApp/netAppAccounts/sdk-py-tests-acc-20","name":"sdk-py-tests-acc-20","type":"Microsoft.NetApp/netAppAccounts","etag":"W/\"datetime''2020-12-15T16%3A19%3A37.0032388Z''\"","location":"eastus2","properties":{"provisioningState":"Succeeded"}}]}'
      headers:
        access-control-expose-headers:
          - Request-Context
        cache-control:
          - no-cache
        content-length:
          - '712'
        content-type:
          - application/json; charset=utf-8
        date:
          - Tue, 15 Dec 2020 16:20:08 GMT
        expires:
          - '-1'
        pragma:
          - no-cache
        request-context:
          - appId=cid-v1:2c4cb680-0a1f-424d-bb8d-8e650ba68d53
        server:
          - Microsoft-IIS/10.0
        strict-transport-security:
          - max-age=31536000; includeSubDomains
        transfer-encoding:
          - chunked
        vary:
          - Accept-Encoding
        x-content-type-options:
          - nosniff
        x-powered-by:
          - ASP.NET
      status:
        code: 200
        message: OK
  - request:
      body: null
      headers:
        Accept:
          - application/json
        Accept-Encoding:
          - gzip, deflate
        Connection:
          - keep-alive
        Content-Length:
          - '0'
        User-Agent:
          - python/3.7.3 (Darwin-19.6.0-x86_64-i386-64bit) msrest/0.6.19 msrest_azure/0.6.4
            azure-mgmt-netapp/0.15.0 Azure-SDK-For-Python
        accept-language:
          - en-US
      method: DELETE
      uri: https://management.azure.com/subscriptions/00000000-0000-0000-0000-000000000000/resourceGroups/sdk-net-test-qa7/providers/Microsoft.NetApp/netAppAccounts/sdk-py-tests-acc-10?api-version=2020-09-01
    response:
      body:
        string: ''
      headers:
        access-control-expose-headers:
          - Request-Context
        azure-asyncoperation:
          - https://management.azure.com/subscriptions/00000000-0000-0000-0000-000000000000/providers/Microsoft.NetApp/locations/eastus2/operationResults/74b5c713-f6c7-40f0-bf42-86621feed4bc?api-version=2020-09-01
        cache-control:
          - no-cache
        content-length:
          - '0'
        date:
          - Tue, 15 Dec 2020 16:20:09 GMT
        expires:
          - '-1'
        location:
          - https://management.azure.com/subscriptions/00000000-0000-0000-0000-000000000000/providers/Microsoft.NetApp/locations/eastus2/operationResults/74b5c713-f6c7-40f0-bf42-86621feed4bc?api-version=2020-09-01&operationResultResponseType=Location
        pragma:
          - no-cache
        request-context:
          - appId=cid-v1:2c4cb680-0a1f-424d-bb8d-8e650ba68d53
        server:
          - Microsoft-IIS/10.0
        strict-transport-security:
          - max-age=31536000; includeSubDomains
        x-content-type-options:
          - nosniff
        x-ms-ratelimit-remaining-subscription-deletes:
          - '14999'
        x-powered-by:
          - ASP.NET
      status:
        code: 202
        message: Accepted
  - request:
      body: null
      headers:
        Accept:
          - application/json
        Accept-Encoding:
          - gzip, deflate
        Connection:
          - keep-alive
        User-Agent:
          - python/3.7.3 (Darwin-19.6.0-x86_64-i386-64bit) msrest/0.6.19 msrest_azure/0.6.4
            azure-mgmt-netapp/0.15.0 Azure-SDK-For-Python
      method: GET
      uri: https://management.azure.com/subscriptions/00000000-0000-0000-0000-000000000000/providers/Microsoft.NetApp/locations/eastus2/operationResults/74b5c713-f6c7-40f0-bf42-86621feed4bc?api-version=2020-09-01
    response:
      body:
        string: '{"id":"/subscriptions/00000000-0000-0000-0000-000000000000/providers/Microsoft.NetApp/locations/eastus2/operationResults/74b5c713-f6c7-40f0-bf42-86621feed4bc","name":"74b5c713-f6c7-40f0-bf42-86621feed4bc","status":"Succeeded","startTime":"2020-12-15T16:20:09.5593981Z","endTime":"2020-12-15T16:20:09.6687856Z","percentComplete":100.0,"properties":{"resourceName":"/subscriptions/00000000-0000-0000-0000-000000000000/resourceGroups/sdk-net-test-qa7/providers/Microsoft.NetApp/netAppAccounts/sdk-py-tests-acc-10"}}'
      headers:
        access-control-expose-headers:
          - Request-Context
        cache-control:
          - no-cache
        content-length:
          - '512'
        content-type:
          - application/json; charset=utf-8
        date:
          - Tue, 15 Dec 2020 16:20:39 GMT
        expires:
          - '-1'
        pragma:
          - no-cache
        request-context:
          - appId=cid-v1:2c4cb680-0a1f-424d-bb8d-8e650ba68d53
        server:
          - Microsoft-IIS/10.0
        strict-transport-security:
          - max-age=31536000; includeSubDomains
        transfer-encoding:
          - chunked
        vary:
          - Accept-Encoding
        x-content-type-options:
          - nosniff
        x-powered-by:
          - ASP.NET
      status:
        code: 200
        message: OK
  - request:
      body: null
      headers:
        Accept:
          - application/json
        Accept-Encoding:
          - gzip, deflate
        Connection:
          - keep-alive
        User-Agent:
          - python/3.7.3 (Darwin-19.6.0-x86_64-i386-64bit) msrest/0.6.19 msrest_azure/0.6.4
            azure-mgmt-netapp/0.15.0 Azure-SDK-For-Python
        accept-language:
          - en-US
      method: GET
      uri: https://management.azure.com/subscriptions/00000000-0000-0000-0000-000000000000/resourceGroups/sdk-net-test-qa7/providers/Microsoft.NetApp/netAppAccounts/sdk-py-tests-acc-10?api-version=2020-09-01
    response:
      body:
        string: '{"error":{"code":"ResourceNotFound","message":"The Resource ''Microsoft.NetApp/netAppAccounts/sdk-py-tests-acc-10''
        under resource group ''sdk-net-test-qa7'' was not found. For more details
        please go to https://aka.ms/ARMResourceNotFoundFix"}}'
      headers:
        cache-control:
          - no-cache
        content-length:
          - '239'
        content-type:
          - application/json; charset=utf-8
        date:
          - Tue, 15 Dec 2020 16:20:40 GMT
        expires:
          - '-1'
        pragma:
          - no-cache
        strict-transport-security:
          - max-age=31536000; includeSubDomains
        x-content-type-options:
          - nosniff
        x-ms-failure-cause:
          - gateway
      status:
        code: 404
        message: Not Found
  - request:
      body: null
      headers:
        Accept:
          - application/json
        Accept-Encoding:
          - gzip, deflate
        Connection:
          - keep-alive
        Content-Length:
          - '0'
        User-Agent:
          - python/3.7.3 (Darwin-19.6.0-x86_64-i386-64bit) msrest/0.6.19 msrest_azure/0.6.4
            azure-mgmt-netapp/0.15.0 Azure-SDK-For-Python
        accept-language:
          - en-US
      method: DELETE
      uri: https://management.azure.com/subscriptions/00000000-0000-0000-0000-000000000000/resourceGroups/sdk-net-test-qa7/providers/Microsoft.NetApp/netAppAccounts/sdk-py-tests-acc-20?api-version=2020-09-01
    response:
      body:
        string: ''
      headers:
        access-control-expose-headers:
          - Request-Context
        azure-asyncoperation:
          - https://management.azure.com/subscriptions/00000000-0000-0000-0000-000000000000/providers/Microsoft.NetApp/locations/eastus2/operationResults/ca22ef7e-42b1-4d35-8828-93dea40b11d8?api-version=2020-09-01
        cache-control:
          - no-cache
        content-length:
          - '0'
        date:
          - Tue, 15 Dec 2020 16:20:40 GMT
        expires:
          - '-1'
        location:
          - https://management.azure.com/subscriptions/00000000-0000-0000-0000-000000000000/providers/Microsoft.NetApp/locations/eastus2/operationResults/ca22ef7e-42b1-4d35-8828-93dea40b11d8?api-version=2020-09-01&operationResultResponseType=Location
        pragma:
          - no-cache
        request-context:
          - appId=cid-v1:2c4cb680-0a1f-424d-bb8d-8e650ba68d53
        server:
          - Microsoft-IIS/10.0
        strict-transport-security:
          - max-age=31536000; includeSubDomains
        x-content-type-options:
          - nosniff
        x-ms-ratelimit-remaining-subscription-deletes:
          - '14998'
        x-powered-by:
          - ASP.NET
      status:
        code: 202
        message: Accepted
  - request:
      body: null
      headers:
        Accept:
          - application/json
        Accept-Encoding:
          - gzip, deflate
        Connection:
          - keep-alive
        User-Agent:
          - python/3.7.3 (Darwin-19.6.0-x86_64-i386-64bit) msrest/0.6.19 msrest_azure/0.6.4
            azure-mgmt-netapp/0.15.0 Azure-SDK-For-Python
      method: GET
      uri: https://management.azure.com/subscriptions/00000000-0000-0000-0000-000000000000/providers/Microsoft.NetApp/locations/eastus2/operationResults/ca22ef7e-42b1-4d35-8828-93dea40b11d8?api-version=2020-09-01
    response:
      body:
        string: '{"id":"/subscriptions/00000000-0000-0000-0000-000000000000/providers/Microsoft.NetApp/locations/eastus2/operationResults/ca22ef7e-42b1-4d35-8828-93dea40b11d8","name":"ca22ef7e-42b1-4d35-8828-93dea40b11d8","status":"Succeeded","startTime":"2020-12-15T16:20:41.2220947Z","endTime":"2020-12-15T16:20:41.3782894Z","percentComplete":100.0,"properties":{"resourceName":"/subscriptions/00000000-0000-0000-0000-000000000000/resourceGroups/sdk-net-test-qa7/providers/Microsoft.NetApp/netAppAccounts/sdk-py-tests-acc-20"}}'
      headers:
        access-control-expose-headers:
          - Request-Context
        cache-control:
          - no-cache
        content-length:
          - '512'
        content-type:
          - application/json; charset=utf-8
        date:
          - Tue, 15 Dec 2020 16:21:12 GMT
        expires:
          - '-1'
        pragma:
          - no-cache
        request-context:
          - appId=cid-v1:2c4cb680-0a1f-424d-bb8d-8e650ba68d53
        server:
          - Microsoft-IIS/10.0
        strict-transport-security:
          - max-age=31536000; includeSubDomains
        transfer-encoding:
          - chunked
        vary:
          - Accept-Encoding
        x-content-type-options:
          - nosniff
        x-powered-by:
          - ASP.NET
      status:
        code: 200
        message: OK
  - request:
      body: null
      headers:
        Accept:
          - application/json
        Accept-Encoding:
          - gzip, deflate
        Connection:
          - keep-alive
        User-Agent:
          - python/3.7.3 (Darwin-19.6.0-x86_64-i386-64bit) msrest/0.6.19 msrest_azure/0.6.4
            azure-mgmt-netapp/0.15.0 Azure-SDK-For-Python
        accept-language:
          - en-US
      method: GET
      uri: https://management.azure.com/subscriptions/00000000-0000-0000-0000-000000000000/resourceGroups/sdk-net-test-qa7/providers/Microsoft.NetApp/netAppAccounts/sdk-py-tests-acc-20?api-version=2020-09-01
    response:
      body:
        string: '{"error":{"code":"ResourceNotFound","message":"The Resource ''Microsoft.NetApp/netAppAccounts/sdk-py-tests-acc-20''
        under resource group ''sdk-net-test-qa7'' was not found. For more details
        please go to https://aka.ms/ARMResourceNotFoundFix"}}'
      headers:
        cache-control:
          - no-cache
        content-length:
          - '239'
        content-type:
          - application/json; charset=utf-8
        date:
          - Tue, 15 Dec 2020 16:21:11 GMT
        expires:
          - '-1'
        pragma:
          - no-cache
        strict-transport-security:
          - max-age=31536000; includeSubDomains
        x-content-type-options:
          - nosniff
        x-ms-failure-cause:
          - gateway
      status:
        code: 404
        message: Not Found
version: 1
