interactions:
- request:
    body: '{"location": "westcentralus"}'
    headers:
      Accept:
      - application/json
      Accept-Encoding:
      - gzip, deflate
      Connection:
      - keep-alive
      Content-Length:
      - '29'
      Content-Type:
      - application/json; charset=utf-8
      User-Agent:
      - python/3.6.4 (Darwin-18.7.0-x86_64-i386-64bit) msrest/0.6.10 msrest_azure/0.4.34
        azure-mgmt-netapp/0.5.0 Azure-SDK-For-Python
      accept-language:
      - en-US
    method: PUT
    uri: https://management.azure.com/subscriptions/00000000-0000-0000-0000-000000000000/resourceGroups/sdk-py-tests-cys/providers/Microsoft.NetApp/netAppAccounts/sdk-py-tests-acc-1?api-version=2019-07-01
  response:
    body:
      string: '{"id":"/subscriptions/00000000-0000-0000-0000-000000000000/resourceGroups/sdk-py-tests-cys/providers/Microsoft.NetApp/netAppAccounts/sdk-py-tests-acc-1","name":"sdk-py-tests-acc-1","type":"Microsoft.NetApp/netAppAccounts","etag":"W/\"datetime''2019-09-30T08%3A20%3A23.4265119Z''\"","location":"westcentralus","properties":{"name":"sdk-py-tests-acc-1","provisioningState":"Succeeded"}}'
    headers:
      access-control-expose-headers:
      - Request-Context
      azure-asyncoperation:
      - https://management.azure.com/subscriptions/00000000-0000-0000-0000-000000000000/providers/Microsoft.NetApp/locations/westcentralus/operationResults/15bcdda8-4571-4e62-95c0-b675537e6987?api-version=2019-07-01
      cache-control:
      - no-cache
      content-length:
      - '382'
      content-type:
      - application/json; charset=utf-8
      date:
      - Mon, 30 Sep 2019 08:20:23 GMT
      etag:
      - W/"datetime'2019-09-30T08%3A20%3A23.4265119Z'"
      expires:
      - '-1'
      pragma:
      - no-cache
      request-context:
      - appId=cid-v1:2c4cb680-0a1f-424d-bb8d-8e650ba68d53
      server:
      - Microsoft-IIS/10.0
      strict-transport-security:
      - max-age=31536000; includeSubDomains
      x-content-type-options:
      - nosniff
      x-ms-ratelimit-remaining-subscription-writes:
      - '1199'
      x-powered-by:
      - ASP.NET
    status:
      code: 201
      message: Created
- request:
    body: null
    headers:
      Accept:
      - application/json
      Accept-Encoding:
      - gzip, deflate
      Connection:
      - keep-alive
      User-Agent:
      - python/3.6.4 (Darwin-18.7.0-x86_64-i386-64bit) msrest/0.6.10 msrest_azure/0.4.34
        azure-mgmt-netapp/0.5.0 Azure-SDK-For-Python
    method: GET
    uri: https://management.azure.com/subscriptions/00000000-0000-0000-0000-000000000000/providers/Microsoft.NetApp/locations/westcentralus/operationResults/15bcdda8-4571-4e62-95c0-b675537e6987?api-version=2019-07-01
  response:
    body:
      string: '{"id":"/subscriptions/00000000-0000-0000-0000-000000000000/providers/Microsoft.NetApp/locations/westcentralus/operationResults/15bcdda8-4571-4e62-95c0-b675537e6987","name":"15bcdda8-4571-4e62-95c0-b675537e6987","status":"Succeeded","startTime":"2019-09-30T08:20:23.3748881Z","endTime":"2019-09-30T08:20:23.4826671Z","percentComplete":100.0,"properties":{"resourceName":"/subscriptions/00000000-0000-0000-0000-000000000000/resourceGroups/sdk-py-tests-cys/providers/Microsoft.NetApp/netAppAccounts/sdk-py-tests-acc-1"}}'
    headers:
      access-control-expose-headers:
      - Request-Context
      cache-control:
      - no-cache
      content-length:
      - '517'
      content-type:
      - application/json; charset=utf-8
      date:
      - Mon, 30 Sep 2019 08:20:54 GMT
      expires:
      - '-1'
      pragma:
      - no-cache
      request-context:
      - appId=cid-v1:2c4cb680-0a1f-424d-bb8d-8e650ba68d53
      server:
      - Microsoft-IIS/10.0
      strict-transport-security:
      - max-age=31536000; includeSubDomains
      transfer-encoding:
      - chunked
      vary:
      - Accept-Encoding
      x-content-type-options:
      - nosniff
      x-powered-by:
      - ASP.NET
    status:
      code: 200
      message: OK
- request:
    body: null
    headers:
      Accept:
      - application/json
      Accept-Encoding:
      - gzip, deflate
      Connection:
      - keep-alive
      User-Agent:
      - python/3.6.4 (Darwin-18.7.0-x86_64-i386-64bit) msrest/0.6.10 msrest_azure/0.4.34
        azure-mgmt-netapp/0.5.0 Azure-SDK-For-Python
    method: GET
    uri: https://management.azure.com/subscriptions/00000000-0000-0000-0000-000000000000/resourceGroups/sdk-py-tests-cys/providers/Microsoft.NetApp/netAppAccounts/sdk-py-tests-acc-1?api-version=2019-07-01
  response:
    body:
      string: '{"id":"/subscriptions/00000000-0000-0000-0000-000000000000/resourceGroups/sdk-py-tests-cys/providers/Microsoft.NetApp/netAppAccounts/sdk-py-tests-acc-1","name":"sdk-py-tests-acc-1","type":"Microsoft.NetApp/netAppAccounts","etag":"W/\"datetime''2019-09-30T08%3A20%3A23.4765478Z''\"","location":"westcentralus","properties":{"name":"sdk-py-tests-acc-1","provisioningState":"Succeeded"}}'
    headers:
      access-control-expose-headers:
      - Request-Context
      cache-control:
      - no-cache
      content-length:
      - '382'
      content-type:
      - application/json; charset=utf-8
      date:
      - Mon, 30 Sep 2019 08:20:55 GMT
      etag:
      - W/"datetime'2019-09-30T08%3A20%3A23.4765478Z'"
      expires:
      - '-1'
      pragma:
      - no-cache
      request-context:
      - appId=cid-v1:2c4cb680-0a1f-424d-bb8d-8e650ba68d53
      server:
      - Microsoft-IIS/10.0
      strict-transport-security:
      - max-age=31536000; includeSubDomains
      transfer-encoding:
      - chunked
      vary:
      - Accept-Encoding
      x-content-type-options:
      - nosniff
      x-powered-by:
      - ASP.NET
    status:
      code: 200
      message: OK
- request:
    body: '{"location": "westcentralus", "properties": {"size": 4398046511104, "serviceLevel":
      "Premium"}}'
    headers:
      Accept:
      - application/json
      Accept-Encoding:
      - gzip, deflate
      Connection:
      - keep-alive
      Content-Length:
      - '95'
      Content-Type:
      - application/json; charset=utf-8
      User-Agent:
      - python/3.6.4 (Darwin-18.7.0-x86_64-i386-64bit) msrest/0.6.10 msrest_azure/0.4.34
        azure-mgmt-netapp/0.5.0 Azure-SDK-For-Python
      accept-language:
      - en-US
      location:
      - westcentralus
    method: PUT
    uri: https://management.azure.com/subscriptions/00000000-0000-0000-0000-000000000000/resourceGroups/sdk-py-tests-cys/providers/Microsoft.NetApp/netAppAccounts/sdk-py-tests-acc-1/capacityPools/sdk-py-tests-pool-1?api-version=2019-07-01
  response:
    body:
      string: '{"id":"/subscriptions/00000000-0000-0000-0000-000000000000/resourceGroups/sdk-py-tests-cys/providers/Microsoft.NetApp/netAppAccounts/sdk-py-tests-acc-1/capacityPools/sdk-py-tests-pool-1","name":"sdk-py-tests-acc-1/sdk-py-tests-pool-1","type":"Microsoft.NetApp/netAppAccounts/capacityPools","etag":"W/\"datetime''2019-09-30T08%3A20%3A56.8354835Z''\"","location":"westcentralus","properties":{"serviceLevel":"Premium","size":4398046511104,"provisioningState":"Creating"}}'
    headers:
      access-control-expose-headers:
      - Request-Context
      azure-asyncoperation:
      - https://management.azure.com/subscriptions/00000000-0000-0000-0000-000000000000/providers/Microsoft.NetApp/locations/westcentralus/operationResults/0e4252e4-9d40-4b59-a275-1abd1bac4920?api-version=2019-07-01
      cache-control:
      - no-cache
      content-length:
      - '467'
      content-type:
      - application/json; charset=utf-8
      date:
      - Mon, 30 Sep 2019 08:20:56 GMT
      etag:
      - W/"datetime'2019-09-30T08%3A20%3A56.8354835Z'"
      expires:
      - '-1'
      pragma:
      - no-cache
      request-context:
      - appId=cid-v1:2c4cb680-0a1f-424d-bb8d-8e650ba68d53
      server:
      - Microsoft-IIS/10.0
      strict-transport-security:
      - max-age=31536000; includeSubDomains
      x-content-type-options:
      - nosniff
      x-ms-ratelimit-remaining-subscription-writes:
      - '1198'
      x-powered-by:
      - ASP.NET
    status:
      code: 201
      message: Created
- request:
    body: null
    headers:
      Accept:
      - application/json
      Accept-Encoding:
      - gzip, deflate
      Connection:
      - keep-alive
      User-Agent:
      - python/3.6.4 (Darwin-18.7.0-x86_64-i386-64bit) msrest/0.6.10 msrest_azure/0.4.34
        azure-mgmt-netapp/0.5.0 Azure-SDK-For-Python
    method: GET
    uri: https://management.azure.com/subscriptions/00000000-0000-0000-0000-000000000000/providers/Microsoft.NetApp/locations/westcentralus/operationResults/0e4252e4-9d40-4b59-a275-1abd1bac4920?api-version=2019-07-01
  response:
    body:
      string: '{"id":"/subscriptions/00000000-0000-0000-0000-000000000000/providers/Microsoft.NetApp/locations/westcentralus/operationResults/0e4252e4-9d40-4b59-a275-1abd1bac4920","name":"0e4252e4-9d40-4b59-a275-1abd1bac4920","status":"Succeeded","startTime":"2019-09-30T08:20:56.7376604Z","endTime":"2019-09-30T08:20:57.2532919Z","percentComplete":100.0,"properties":{"resourceName":"/subscriptions/00000000-0000-0000-0000-000000000000/resourceGroups/sdk-py-tests-cys/providers/Microsoft.NetApp/netAppAccounts/sdk-py-tests-acc-1/capacityPools/sdk-py-tests-pool-1"}}'
    headers:
      access-control-expose-headers:
      - Request-Context
      cache-control:
      - no-cache
      content-length:
      - '551'
      content-type:
      - application/json; charset=utf-8
      date:
      - Mon, 30 Sep 2019 08:21:28 GMT
      expires:
      - '-1'
      pragma:
      - no-cache
      request-context:
      - appId=cid-v1:2c4cb680-0a1f-424d-bb8d-8e650ba68d53
      server:
      - Microsoft-IIS/10.0
      strict-transport-security:
      - max-age=31536000; includeSubDomains
      transfer-encoding:
      - chunked
      vary:
      - Accept-Encoding
      x-content-type-options:
      - nosniff
      x-powered-by:
      - ASP.NET
    status:
      code: 200
      message: OK
- request:
    body: null
    headers:
      Accept:
      - application/json
      Accept-Encoding:
      - gzip, deflate
      Connection:
      - keep-alive
      User-Agent:
      - python/3.6.4 (Darwin-18.7.0-x86_64-i386-64bit) msrest/0.6.10 msrest_azure/0.4.34
        azure-mgmt-netapp/0.5.0 Azure-SDK-For-Python
    method: GET
    uri: https://management.azure.com/subscriptions/00000000-0000-0000-0000-000000000000/resourceGroups/sdk-py-tests-cys/providers/Microsoft.NetApp/netAppAccounts/sdk-py-tests-acc-1/capacityPools/sdk-py-tests-pool-1?api-version=2019-07-01
  response:
    body:
      string: '{"id":"/subscriptions/00000000-0000-0000-0000-000000000000/resourceGroups/sdk-py-tests-cys/providers/Microsoft.NetApp/netAppAccounts/sdk-py-tests-acc-1/capacityPools/sdk-py-tests-pool-1","name":"sdk-py-tests-acc-1/sdk-py-tests-pool-1","type":"Microsoft.NetApp/netAppAccounts/capacityPools","etag":"W/\"datetime''2019-09-30T08%3A20%3A57.2057492Z''\"","location":"westcentralus","properties":{"poolId":"aa39613f-4933-7824-d0e8-1637d140caf0","name":"sdk-py-tests-acc-1/sdk-py-tests-pool-1","serviceLevel":"Premium","size":4398046511104,"provisioningState":"Succeeded"}}'
    headers:
      access-control-expose-headers:
      - Request-Context
      cache-control:
      - no-cache
      content-length:
      - '564'
      content-type:
      - application/json; charset=utf-8
      date:
      - Mon, 30 Sep 2019 08:21:28 GMT
      etag:
      - W/"datetime'2019-09-30T08%3A20%3A57.2057492Z'"
      expires:
      - '-1'
      pragma:
      - no-cache
      request-context:
      - appId=cid-v1:2c4cb680-0a1f-424d-bb8d-8e650ba68d53
      server:
      - Microsoft-IIS/10.0
      strict-transport-security:
      - max-age=31536000; includeSubDomains
      transfer-encoding:
      - chunked
      vary:
      - Accept-Encoding
      x-content-type-options:
      - nosniff
      x-powered-by:
      - ASP.NET
    status:
      code: 200
      message: OK
- request:
    body: '{"location": "westcentralus", "properties": {"size": 4398046511104, "serviceLevel":
      "Standard"}}'
    headers:
      Accept:
      - application/json
      Accept-Encoding:
      - gzip, deflate
      Connection:
      - keep-alive
      Content-Length:
      - '96'
      Content-Type:
      - application/json; charset=utf-8
      User-Agent:
      - python/3.6.4 (Darwin-18.7.0-x86_64-i386-64bit) msrest/0.6.10 msrest_azure/0.4.34
        azure-mgmt-netapp/0.5.0 Azure-SDK-For-Python
      accept-language:
      - en-US
      location:
      - westcentralus
    method: PUT
    uri: https://management.azure.com/subscriptions/00000000-0000-0000-0000-000000000000/resourceGroups/sdk-py-tests-cys/providers/Microsoft.NetApp/netAppAccounts/sdk-py-tests-acc-1/capacityPools/sdk-py-tests-pool-1?api-version=2019-07-01
  response:
    body:
      string: '{"id":"/subscriptions/00000000-0000-0000-0000-000000000000/resourceGroups/sdk-py-tests-cys/providers/Microsoft.NetApp/netAppAccounts/sdk-py-tests-acc-1/capacityPools/sdk-py-tests-pool-1","name":"sdk-py-tests-acc-1/sdk-py-tests-pool-1","type":"Microsoft.NetApp/netAppAccounts/capacityPools","etag":"W/\"datetime''2019-09-30T08%3A21%3A29.5670856Z''\"","location":"westcentralus","properties":{"provisioningState":"Updating","poolId":"aa39613f-4933-7824-d0e8-1637d140caf0","name":"sdk-py-tests-acc-1/sdk-py-tests-pool-1","serviceLevel":"Premium","size":4398046511104}}'
    headers:
      access-control-expose-headers:
      - Request-Context
      azure-asyncoperation:
      - https://management.azure.com/subscriptions/00000000-0000-0000-0000-000000000000/providers/Microsoft.NetApp/locations/westcentralus/operationResults/365732ab-23d4-48af-b378-4d7feb2ea8bb?api-version=2019-07-01
      cache-control:
      - no-cache
      content-length:
      - '563'
      content-type:
      - application/json; charset=utf-8
      date:
      - Mon, 30 Sep 2019 08:21:28 GMT
      etag:
      - W/"datetime'2019-09-30T08%3A21%3A29.5670856Z'"
      expires:
      - '-1'
      pragma:
      - no-cache
      request-context:
      - appId=cid-v1:2c4cb680-0a1f-424d-bb8d-8e650ba68d53
      server:
      - Microsoft-IIS/10.0
      strict-transport-security:
      - max-age=31536000; includeSubDomains
      transfer-encoding:
      - chunked
      vary:
      - Accept-Encoding
      x-content-type-options:
      - nosniff
      x-ms-ratelimit-remaining-subscription-writes:
      - '1197'
      x-powered-by:
      - ASP.NET
    status:
      code: 200
      message: OK
- request:
    body: null
    headers:
      Accept:
      - application/json
      Accept-Encoding:
      - gzip, deflate
      Connection:
      - keep-alive
      User-Agent:
      - python/3.6.4 (Darwin-18.7.0-x86_64-i386-64bit) msrest/0.6.10 msrest_azure/0.4.34
        azure-mgmt-netapp/0.5.0 Azure-SDK-For-Python
    method: GET
    uri: https://management.azure.com/subscriptions/00000000-0000-0000-0000-000000000000/providers/Microsoft.NetApp/locations/westcentralus/operationResults/365732ab-23d4-48af-b378-4d7feb2ea8bb?api-version=2019-07-01
  response:
    body:
      string: '{"id":"/subscriptions/00000000-0000-0000-0000-000000000000/providers/Microsoft.NetApp/locations/westcentralus/operationResults/365732ab-23d4-48af-b378-4d7feb2ea8bb","name":"365732ab-23d4-48af-b378-4d7feb2ea8bb","status":"Succeeded","startTime":"2019-09-30T08:21:29.5147332Z","endTime":"2019-09-30T08:21:29.7021988Z","percentComplete":100.0,"properties":{"resourceName":"/subscriptions/00000000-0000-0000-0000-000000000000/resourceGroups/sdk-py-tests-cys/providers/Microsoft.NetApp/netAppAccounts/sdk-py-tests-acc-1/capacityPools/sdk-py-tests-pool-1"}}'
    headers:
      access-control-expose-headers:
      - Request-Context
      cache-control:
      - no-cache
      content-length:
      - '551'
      content-type:
      - application/json; charset=utf-8
      date:
      - Mon, 30 Sep 2019 08:21:59 GMT
      expires:
      - '-1'
      pragma:
      - no-cache
      request-context:
      - appId=cid-v1:2c4cb680-0a1f-424d-bb8d-8e650ba68d53
      server:
      - Microsoft-IIS/10.0
      strict-transport-security:
      - max-age=31536000; includeSubDomains
      transfer-encoding:
      - chunked
      vary:
      - Accept-Encoding
      x-content-type-options:
      - nosniff
      x-powered-by:
      - ASP.NET
    status:
      code: 200
      message: OK
- request:
    body: null
    headers:
      Accept:
      - application/json
      Accept-Encoding:
      - gzip, deflate
      Connection:
      - keep-alive
      User-Agent:
      - python/3.6.4 (Darwin-18.7.0-x86_64-i386-64bit) msrest/0.6.10 msrest_azure/0.4.34
        azure-mgmt-netapp/0.5.0 Azure-SDK-For-Python
    method: GET
    uri: https://management.azure.com/subscriptions/00000000-0000-0000-0000-000000000000/resourceGroups/sdk-py-tests-cys/providers/Microsoft.NetApp/netAppAccounts/sdk-py-tests-acc-1/capacityPools/sdk-py-tests-pool-1?api-version=2019-07-01
  response:
    body:
      string: '{"id":"/subscriptions/00000000-0000-0000-0000-000000000000/resourceGroups/sdk-py-tests-cys/providers/Microsoft.NetApp/netAppAccounts/sdk-py-tests-acc-1/capacityPools/sdk-py-tests-pool-1","name":"sdk-py-tests-acc-1/sdk-py-tests-pool-1","type":"Microsoft.NetApp/netAppAccounts/capacityPools","etag":"W/\"datetime''2019-09-30T08%3A21%3A29.6981809Z''\"","location":"westcentralus","properties":{"poolId":"aa39613f-4933-7824-d0e8-1637d140caf0","name":"sdk-py-tests-acc-1/sdk-py-tests-pool-1","serviceLevel":"Standard","size":4398046511104,"provisioningState":"Succeeded"}}'
    headers:
      access-control-expose-headers:
      - Request-Context
      cache-control:
      - no-cache
      content-length:
      - '565'
      content-type:
      - application/json; charset=utf-8
      date:
      - Mon, 30 Sep 2019 08:21:59 GMT
      etag:
      - W/"datetime'2019-09-30T08%3A21%3A29.6981809Z'"
      expires:
      - '-1'
      pragma:
      - no-cache
      request-context:
      - appId=cid-v1:2c4cb680-0a1f-424d-bb8d-8e650ba68d53
      server:
      - Microsoft-IIS/10.0
      strict-transport-security:
      - max-age=31536000; includeSubDomains
      transfer-encoding:
      - chunked
      vary:
      - Accept-Encoding
      x-content-type-options:
      - nosniff
      x-powered-by:
      - ASP.NET
    status:
      code: 200
      message: OK
- request:
    body: null
    headers:
      Accept:
      - application/json
      Accept-Encoding:
      - gzip, deflate
      Connection:
      - keep-alive
      Content-Length:
      - '0'
      User-Agent:
      - python/3.6.4 (Darwin-18.7.0-x86_64-i386-64bit) msrest/0.6.10 msrest_azure/0.4.34
        azure-mgmt-netapp/0.5.0 Azure-SDK-For-Python
      accept-language:
      - en-US
    method: DELETE
    uri: https://management.azure.com/subscriptions/00000000-0000-0000-0000-000000000000/resourceGroups/sdk-py-tests-cys/providers/Microsoft.NetApp/netAppAccounts/sdk-py-tests-acc-1/capacityPools/sdk-py-tests-pool-1?api-version=2019-07-01
  response:
    body:
      string: ''
    headers:
      access-control-expose-headers:
      - Request-Context
      azure-asyncoperation:
      - https://management.azure.com/subscriptions/00000000-0000-0000-0000-000000000000/providers/Microsoft.NetApp/locations/westcentralus/operationResults/4e087135-8a13-4580-b226-73046a511ae9?api-version=2019-07-01
      cache-control:
      - no-cache
      content-length:
      - '0'
      date:
      - Mon, 30 Sep 2019 08:22:02 GMT
      expires:
      - '-1'
      location:
      - https://management.azure.com/subscriptions/00000000-0000-0000-0000-000000000000/providers/Microsoft.NetApp/locations/westcentralus/operationResults/4e087135-8a13-4580-b226-73046a511ae9?api-version=2019-07-01&operationResultResponseType=Location
      pragma:
      - no-cache
      request-context:
      - appId=cid-v1:2c4cb680-0a1f-424d-bb8d-8e650ba68d53
      server:
      - Microsoft-IIS/10.0
      strict-transport-security:
      - max-age=31536000; includeSubDomains
      x-content-type-options:
      - nosniff
      x-ms-ratelimit-remaining-subscription-deletes:
      - '14999'
      x-powered-by:
      - ASP.NET
    status:
      code: 202
      message: Accepted
- request:
    body: null
    headers:
      Accept:
      - application/json
      Accept-Encoding:
      - gzip, deflate
      Connection:
      - keep-alive
      User-Agent:
      - python/3.6.4 (Darwin-18.7.0-x86_64-i386-64bit) msrest/0.6.10 msrest_azure/0.4.34
        azure-mgmt-netapp/0.5.0 Azure-SDK-For-Python
    method: GET
    uri: https://management.azure.com/subscriptions/00000000-0000-0000-0000-000000000000/providers/Microsoft.NetApp/locations/westcentralus/operationResults/4e087135-8a13-4580-b226-73046a511ae9?api-version=2019-07-01
  response:
    body:
      string: '{"id":"/subscriptions/00000000-0000-0000-0000-000000000000/providers/Microsoft.NetApp/locations/westcentralus/operationResults/4e087135-8a13-4580-b226-73046a511ae9","name":"4e087135-8a13-4580-b226-73046a511ae9","status":"Succeeded","startTime":"2019-09-30T08:22:02.2771213Z","endTime":"2019-09-30T08:22:02.5583774Z","percentComplete":100.0,"properties":{"resourceName":"/subscriptions/00000000-0000-0000-0000-000000000000/resourceGroups/sdk-py-tests-cys/providers/Microsoft.NetApp/netAppAccounts/sdk-py-tests-acc-1/capacityPools/sdk-py-tests-pool-1"}}'
    headers:
      access-control-expose-headers:
      - Request-Context
      cache-control:
      - no-cache
      content-length:
      - '551'
      content-type:
      - application/json; charset=utf-8
      date:
      - Mon, 30 Sep 2019 08:22:33 GMT
      expires:
      - '-1'
      pragma:
      - no-cache
      request-context:
      - appId=cid-v1:2c4cb680-0a1f-424d-bb8d-8e650ba68d53
      server:
      - Microsoft-IIS/10.0
      strict-transport-security:
      - max-age=31536000; includeSubDomains
      transfer-encoding:
      - chunked
      vary:
      - Accept-Encoding
      x-content-type-options:
      - nosniff
      x-powered-by:
      - ASP.NET
    status:
      code: 200
      message: OK
- request:
    body: null
    headers:
      Accept:
      - application/json
      Accept-Encoding:
      - gzip, deflate
      Connection:
      - keep-alive
      User-Agent:
      - python/3.6.4 (Darwin-18.7.0-x86_64-i386-64bit) msrest/0.6.10 msrest_azure/0.4.34
        azure-mgmt-netapp/0.5.0 Azure-SDK-For-Python
      accept-language:
      - en-US
    method: GET
    uri: https://management.azure.com/subscriptions/00000000-0000-0000-0000-000000000000/resourceGroups/sdk-py-tests-cys/providers/Microsoft.NetApp/netAppAccounts/sdk-py-tests-acc-1/capacityPools/sdk-py-tests-pool-1?api-version=2019-07-01
  response:
    body:
      string: '{"error":{"code":"ResourceNotFound","message":"The Resource ''Microsoft.NetApp/netAppAccounts/sdk-py-tests-acc-1/capacityPools/sdk-py-tests-pool-1''
        under resource group ''sdk-py-tests-cys'' was not found."}}'
    headers:
      cache-control:
      - no-cache
      content-length:
      - '204'
      content-type:
      - application/json; charset=utf-8
      date:
      - Mon, 30 Sep 2019 08:22:43 GMT
      expires:
      - '-1'
      pragma:
      - no-cache
      strict-transport-security:
      - max-age=31536000; includeSubDomains
      x-content-type-options:
      - nosniff
      x-ms-failure-cause:
      - gateway
    status:
      code: 404
      message: Not Found
- request:
    body: null
    headers:
      Accept:
      - application/json
      Accept-Encoding:
      - gzip, deflate
      Connection:
      - keep-alive
      Content-Length:
      - '0'
      User-Agent:
      - python/3.6.4 (Darwin-18.7.0-x86_64-i386-64bit) msrest/0.6.10 msrest_azure/0.4.34
        azure-mgmt-netapp/0.5.0 Azure-SDK-For-Python
      accept-language:
      - en-US
    method: DELETE
    uri: https://management.azure.com/subscriptions/00000000-0000-0000-0000-000000000000/resourceGroups/sdk-py-tests-cys/providers/Microsoft.NetApp/netAppAccounts/sdk-py-tests-acc-1?api-version=2019-07-01
  response:
    body:
      string: ''
    headers:
      access-control-expose-headers:
      - Request-Context
      azure-asyncoperation:
      - https://management.azure.com/subscriptions/00000000-0000-0000-0000-000000000000/providers/Microsoft.NetApp/locations/westcentralus/operationResults/fa216c00-1fac-4bfe-a80c-d1fac513973b?api-version=2019-07-01
      cache-control:
      - no-cache
      content-length:
      - '0'
      date:
      - Mon, 30 Sep 2019 08:22:44 GMT
      expires:
      - '-1'
      location:
      - https://management.azure.com/subscriptions/00000000-0000-0000-0000-000000000000/providers/Microsoft.NetApp/locations/westcentralus/operationResults/fa216c00-1fac-4bfe-a80c-d1fac513973b?api-version=2019-07-01&operationResultResponseType=Location
      pragma:
      - no-cache
      request-context:
      - appId=cid-v1:2c4cb680-0a1f-424d-bb8d-8e650ba68d53
      server:
      - Microsoft-IIS/10.0
      strict-transport-security:
      - max-age=31536000; includeSubDomains
      x-content-type-options:
      - nosniff
      x-ms-ratelimit-remaining-subscription-deletes:
      - '14998'
      x-powered-by:
      - ASP.NET
    status:
      code: 202
      message: Accepted
- request:
    body: null
    headers:
      Accept:
      - application/json
      Accept-Encoding:
      - gzip, deflate
      Connection:
      - keep-alive
      User-Agent:
      - python/3.6.4 (Darwin-18.7.0-x86_64-i386-64bit) msrest/0.6.10 msrest_azure/0.4.34
        azure-mgmt-netapp/0.5.0 Azure-SDK-For-Python
    method: GET
    uri: https://management.azure.com/subscriptions/00000000-0000-0000-0000-000000000000/providers/Microsoft.NetApp/locations/westcentralus/operationResults/fa216c00-1fac-4bfe-a80c-d1fac513973b?api-version=2019-07-01
  response:
    body:
      string: '{"id":"/subscriptions/00000000-0000-0000-0000-000000000000/providers/Microsoft.NetApp/locations/westcentralus/operationResults/fa216c00-1fac-4bfe-a80c-d1fac513973b","name":"fa216c00-1fac-4bfe-a80c-d1fac513973b","status":"Succeeded","startTime":"2019-09-30T08:22:44.5638807Z","endTime":"2019-09-30T08:22:44.7045069Z","percentComplete":100.0,"properties":{"resourceName":"/subscriptions/00000000-0000-0000-0000-000000000000/resourceGroups/sdk-py-tests-cys/providers/Microsoft.NetApp/netAppAccounts/sdk-py-tests-acc-1"}}'
    headers:
      access-control-expose-headers:
      - Request-Context
      cache-control:
      - no-cache
      content-length:
      - '517'
      content-type:
      - application/json; charset=utf-8
      date:
      - Mon, 30 Sep 2019 08:23:15 GMT
      expires:
      - '-1'
      pragma:
      - no-cache
      request-context:
      - appId=cid-v1:2c4cb680-0a1f-424d-bb8d-8e650ba68d53
      server:
      - Microsoft-IIS/10.0
      strict-transport-security:
      - max-age=31536000; includeSubDomains
      transfer-encoding:
      - chunked
      vary:
      - Accept-Encoding
      x-content-type-options:
      - nosniff
      x-powered-by:
      - ASP.NET
    status:
      code: 200
      message: OK
- request:
    body: null
    headers:
      Accept:
      - application/json
      Accept-Encoding:
      - gzip, deflate
      Connection:
      - keep-alive
      User-Agent:
      - python/3.6.4 (Darwin-18.7.0-x86_64-i386-64bit) msrest/0.6.10 msrest_azure/0.4.34
        azure-mgmt-netapp/0.5.0 Azure-SDK-For-Python
      accept-language:
      - en-US
    method: GET
    uri: https://management.azure.com/subscriptions/00000000-0000-0000-0000-000000000000/resourceGroups/sdk-py-tests-cys/providers/Microsoft.NetApp/netAppAccounts/sdk-py-tests-acc-1?api-version=2019-07-01
  response:
    body:
      string: '{"error":{"code":"ResourceNotFound","message":"The Resource ''Microsoft.NetApp/netAppAccounts/sdk-py-tests-acc-1''
        under resource group ''sdk-py-tests-cys'' was not found."}}'
    headers:
      cache-control:
      - no-cache
      content-length:
      - '170'
      content-type:
      - application/json; charset=utf-8
      date:
      - Mon, 30 Sep 2019 08:23:17 GMT
      expires:
      - '-1'
      pragma:
      - no-cache
      strict-transport-security:
      - max-age=31536000; includeSubDomains
      x-content-type-options:
      - nosniff
      x-ms-failure-cause:
      - gateway
    status:
      code: 404
      message: Not Found
version: 1
