interactions:
- request:
    body: null
    headers:
      Accept:
      - application/xml
      Accept-Encoding:
      - gzip, deflate
      Connection:
      - keep-alive
      User-Agent:
      - azsdk-python-servicebusmanagementclient/2017-04 Python/3.7.9 (Windows-10-10.0.19041-SP0)
    method: GET
    uri: https://servicebustestsbname.servicebus.windows.net/$Resources/topics?$skip=0&$top=100&api-version=2017-04
  response:
    body:
      string: <feed xmlns="http://www.w3.org/2005/Atom"><title type="text">Topics</title><id>https://servicebustestf27vchuqgf.servicebus.windows.net/$Resources/topics?$skip=0&amp;$top=100&amp;api-version=2017-04</id><updated>2021-04-22T15:04:58Z</updated><link
        rel="self" href="https://servicebustestf27vchuqgf.servicebus.windows.net/$Resources/topics?$skip=0&amp;$top=100&amp;api-version=2017-04"/></feed>
    headers:
      content-type:
      - application/atom+xml;type=feed;charset=utf-8
      date:
      - Thu, 22 Apr 2021 15:04:58 GMT
      server:
      - Microsoft-HTTPAPI/2.0
      transfer-encoding:
      - chunked
    status:
      code: 200
      message: OK
- request:
    body: '<?xml version=''1.0'' encoding=''utf-8''?>

      <ns0:entry xmlns:ns0="http://www.w3.org/2005/Atom" xmlns="http://schemas.microsoft.com/netservices/2010/10/servicebus/connect"><ns0:content
      type="application/xml"><TopicDescription /></ns0:content></ns0:entry>'
    headers:
      Accept:
      - application/xml
      Accept-Encoding:
      - gzip, deflate
      Connection:
      - keep-alive
      Content-Length:
      - '248'
      Content-Type:
      - application/atom+xml
      User-Agent:
      - azsdk-python-servicebusmanagementclient/2017-04 Python/3.7.9 (Windows-10-10.0.19041-SP0)
    method: PUT
    uri: https://servicebustestsbname.servicebus.windows.net/fjruid?api-version=2017-04
  response:
    body:
      string: <entry xmlns="http://www.w3.org/2005/Atom"><id>https://servicebustestf27vchuqgf.servicebus.windows.net/fjruid?api-version=2017-04</id><title
        type="text">fjruid</title><published>2021-04-22T15:04:59Z</published><updated>2021-04-22T15:04:59Z</updated><author><name>servicebustestf27vchuqgf</name></author><link
        rel="self" href="https://servicebustestf27vchuqgf.servicebus.windows.net/fjruid?api-version=2017-04"/><content
        type="application/xml"><TopicDescription xmlns="http://schemas.microsoft.com/netservices/2010/10/servicebus/connect"
        xmlns:i="http://www.w3.org/2001/XMLSchema-instance"><DefaultMessageTimeToLive>P10675199DT2H48M5.4775807S</DefaultMessageTimeToLive><MaxSizeInMegabytes>1024</MaxSizeInMegabytes><RequiresDuplicateDetection>false</RequiresDuplicateDetection><DuplicateDetectionHistoryTimeWindow>PT10M</DuplicateDetectionHistoryTimeWindow><EnableBatchedOperations>true</EnableBatchedOperations><SizeInBytes>0</SizeInBytes><FilteringMessagesBeforePublishing>false</FilteringMessagesBeforePublishing><IsAnonymousAccessible>false</IsAnonymousAccessible><AuthorizationRules></AuthorizationRules><Status>Active</Status><CreatedAt>2021-04-22T15:04:59.14Z</CreatedAt><UpdatedAt>2021-04-22T15:04:59.19Z</UpdatedAt><SupportOrdering>true</SupportOrdering><AutoDeleteOnIdle>P10675199DT2H48M5.4775807S</AutoDeleteOnIdle><EnablePartitioning>false</EnablePartitioning><EntityAvailabilityStatus>Available</EntityAvailabilityStatus><EnableSubscriptionPartitioning>false</EnableSubscriptionPartitioning><EnableExpress>false</EnableExpress></TopicDescription></content></entry>
    headers:
      content-type:
      - application/atom+xml;type=entry;charset=utf-8
      date:
      - Thu, 22 Apr 2021 15:04:59 GMT
      server:
      - Microsoft-HTTPAPI/2.0
      strict-transport-security:
      - max-age=31536000
      transfer-encoding:
      - chunked
    status:
      code: 201
      message: Created
- request:
    body: '<?xml version=''1.0'' encoding=''utf-8''?>

      <ns0:entry xmlns:ns0="http://www.w3.org/2005/Atom" xmlns="http://schemas.microsoft.com/netservices/2010/10/servicebus/connect"><ns0:content
      type="application/xml"><SubscriptionDescription /></ns0:content></ns0:entry>'
    headers:
      Accept:
      - application/xml
      Accept-Encoding:
      - gzip, deflate
      Connection:
      - keep-alive
      Content-Length:
      - '255'
      Content-Type:
      - application/atom+xml
      User-Agent:
      - azsdk-python-servicebusmanagementclient/2017-04 Python/3.7.9 (Windows-10-10.0.19041-SP0)
    method: PUT
    uri: https://servicebustestsbname.servicebus.windows.net/fjruid/subscriptions/eqkovcd?api-version=2017-04
  response:
    body:
      string: <entry xmlns="http://www.w3.org/2005/Atom"><id>https://servicebustestf27vchuqgf.servicebus.windows.net/fjruid/subscriptions/eqkovcd?api-version=2017-04</id><title
        type="text">eqkovcd</title><published>2021-04-22T15:04:59Z</published><updated>2021-04-22T15:04:59Z</updated><link
        rel="self" href="https://servicebustestf27vchuqgf.servicebus.windows.net/fjruid/subscriptions/eqkovcd?api-version=2017-04"/><content
        type="application/xml"><SubscriptionDescription xmlns="http://schemas.microsoft.com/netservices/2010/10/servicebus/connect"
        xmlns:i="http://www.w3.org/2001/XMLSchema-instance"><LockDuration>PT1M</LockDuration><RequiresSession>false</RequiresSession><DefaultMessageTimeToLive>P10675199DT2H48M5.4775807S</DefaultMessageTimeToLive><DeadLetteringOnMessageExpiration>false</DeadLetteringOnMessageExpiration><DeadLetteringOnFilterEvaluationExceptions>true</DeadLetteringOnFilterEvaluationExceptions><MessageCount>0</MessageCount><MaxDeliveryCount>10</MaxDeliveryCount><EnableBatchedOperations>true</EnableBatchedOperations><Status>Active</Status><CreatedAt>2021-04-22T15:04:59.8631553Z</CreatedAt><UpdatedAt>2021-04-22T15:04:59.8631553Z</UpdatedAt><AccessedAt>0001-01-01T00:00:00</AccessedAt><AutoDeleteOnIdle>P10675199DT2H48M5.4775807S</AutoDeleteOnIdle><EntityAvailabilityStatus>Available</EntityAvailabilityStatus></SubscriptionDescription></content></entry>
    headers:
      content-type:
      - application/atom+xml;type=entry;charset=utf-8
      date:
      - Thu, 22 Apr 2021 15:04:59 GMT
      etag:
      - '637547006991900000'
      server:
      - Microsoft-HTTPAPI/2.0
      strict-transport-security:
      - max-age=31536000
      transfer-encoding:
      - chunked
    status:
      code: 201
      message: Created
- request:
    body: '<?xml version=''1.0'' encoding=''utf-8''?>

      <ns0:entry xmlns:ns0="http://www.w3.org/2005/Atom" xmlns="http://schemas.microsoft.com/netservices/2010/10/servicebus/connect"><ns0:content
      type="application/xml"><SubscriptionDescription><LockDuration>PT2M</LockDuration><RequiresSession>false</RequiresSession><DefaultMessageTimeToLive>P10675199DT2H48M5.477539S</DefaultMessageTimeToLive><DeadLetteringOnMessageExpiration>false</DeadLetteringOnMessageExpiration><DeadLetteringOnFilterEvaluationExceptions>true</DeadLetteringOnFilterEvaluationExceptions><MaxDeliveryCount>10</MaxDeliveryCount><EnableBatchedOperations>true</EnableBatchedOperations><Status>Active</Status><AutoDeleteOnIdle>P10675199DT2H48M5.477539S</AutoDeleteOnIdle><EntityAvailabilityStatus>Available</EntityAvailabilityStatus></SubscriptionDescription></ns0:content></ns0:entry>'
    headers:
      Accept:
      - application/xml
      Accept-Encoding:
      - gzip, deflate
      Connection:
      - keep-alive
      Content-Length:
      - '836'
      Content-Type:
      - application/atom+xml
      If-Match:
      - '*'
      User-Agent:
      - azsdk-python-servicebusmanagementclient/2017-04 Python/3.7.9 (Windows-10-10.0.19041-SP0)
    method: PUT
    uri: https://servicebustestsbname.servicebus.windows.net/fjruid/subscriptions/eqkovcd?api-version=2017-04
  response:
    body:
      string: <entry xmlns="http://www.w3.org/2005/Atom"><id>https://servicebustestf27vchuqgf.servicebus.windows.net/fjruid/subscriptions/eqkovcd?api-version=2017-04</id><title
        type="text">eqkovcd</title><published>2021-04-22T15:05:00Z</published><updated>2021-04-22T15:05:00Z</updated><link
        rel="self" href="https://servicebustestf27vchuqgf.servicebus.windows.net/fjruid/subscriptions/eqkovcd?api-version=2017-04"/><content
        type="application/xml"><SubscriptionDescription xmlns="http://schemas.microsoft.com/netservices/2010/10/servicebus/connect"
        xmlns:i="http://www.w3.org/2001/XMLSchema-instance"><LockDuration>PT2M</LockDuration><RequiresSession>false</RequiresSession><DefaultMessageTimeToLive>P10675199DT2H48M5.477539S</DefaultMessageTimeToLive><DeadLetteringOnMessageExpiration>false</DeadLetteringOnMessageExpiration><DeadLetteringOnFilterEvaluationExceptions>true</DeadLetteringOnFilterEvaluationExceptions><MessageCount>0</MessageCount><MaxDeliveryCount>10</MaxDeliveryCount><EnableBatchedOperations>true</EnableBatchedOperations><Status>Active</Status><CreatedAt>2021-04-22T15:05:00.2068751Z</CreatedAt><UpdatedAt>2021-04-22T15:05:00.2068751Z</UpdatedAt><AccessedAt>0001-01-01T00:00:00</AccessedAt><AutoDeleteOnIdle>P10675199DT2H48M5.477539S</AutoDeleteOnIdle><EntityAvailabilityStatus>Available</EntityAvailabilityStatus></SubscriptionDescription></content></entry>
    headers:
      content-type:
      - application/atom+xml;type=entry;charset=utf-8
      date:
      - Thu, 22 Apr 2021 15:04:59 GMT
      etag:
      - '637547006991900000'
      server:
      - Microsoft-HTTPAPI/2.0
      strict-transport-security:
      - max-age=31536000
      transfer-encoding:
      - chunked
    status:
      code: 200
      message: OK
- request:
    body: null
    headers:
      Accept:
      - application/xml
      Accept-Encoding:
      - gzip, deflate
      Connection:
      - keep-alive
      User-Agent:
      - azsdk-python-servicebusmanagementclient/2017-04 Python/3.7.9 (Windows-10-10.0.19041-SP0)
    method: GET
    uri: https://servicebustestsbname.servicebus.windows.net/fjruid/subscriptions/eqkovcd?enrich=false&api-version=2017-04
  response:
    body:
      string: <entry xmlns="http://www.w3.org/2005/Atom"><id>sb://servicebustestf27vchuqgf.servicebus.windows.net/fjruid/subscriptions/eqkovcd?enrich=false&amp;api-version=2017-04</id><title
        type="text">eqkovcd</title><published>2021-04-22T15:04:59Z</published><updated>2021-04-22T15:05:00Z</updated><link
        rel="self" href="sb://servicebustestf27vchuqgf.servicebus.windows.net/fjruid/subscriptions/eqkovcd?enrich=false&amp;api-version=2017-04"/><content
        type="application/xml"><SubscriptionDescription xmlns="http://schemas.microsoft.com/netservices/2010/10/servicebus/connect"
        xmlns:i="http://www.w3.org/2001/XMLSchema-instance"><LockDuration>PT2M</LockDuration><RequiresSession>false</RequiresSession><DefaultMessageTimeToLive>P10675199DT2H48M5.477539S</DefaultMessageTimeToLive><DeadLetteringOnMessageExpiration>false</DeadLetteringOnMessageExpiration><DeadLetteringOnFilterEvaluationExceptions>true</DeadLetteringOnFilterEvaluationExceptions><MessageCount>0</MessageCount><MaxDeliveryCount>10</MaxDeliveryCount><EnableBatchedOperations>true</EnableBatchedOperations><Status>Active</Status><CreatedAt>2021-04-22T15:04:59.8612051Z</CreatedAt><UpdatedAt>2021-04-22T15:05:00.2049828Z</UpdatedAt><AccessedAt>2021-04-22T15:04:59.8612051Z</AccessedAt><CountDetails
        xmlns:d3p1="http://schemas.microsoft.com/netservices/2011/06/servicebus"><d3p1:ActiveMessageCount>0</d3p1:ActiveMessageCount><d3p1:DeadLetterMessageCount>0</d3p1:DeadLetterMessageCount><d3p1:ScheduledMessageCount>0</d3p1:ScheduledMessageCount><d3p1:TransferMessageCount>0</d3p1:TransferMessageCount><d3p1:TransferDeadLetterMessageCount>0</d3p1:TransferDeadLetterMessageCount></CountDetails><AutoDeleteOnIdle>P10675199DT2H48M5.477539S</AutoDeleteOnIdle><EntityAvailabilityStatus>Available</EntityAvailabilityStatus></SubscriptionDescription></content></entry>
    headers:
      content-type:
      - application/atom+xml;type=entry;charset=utf-8
      date:
      - Thu, 22 Apr 2021 15:05:00 GMT
      etag:
      - '637547006991900000'
      server:
      - Microsoft-HTTPAPI/2.0
      strict-transport-security:
      - max-age=31536000
      transfer-encoding:
      - chunked
    status:
      code: 200
      message: OK
- request:
    body: '<?xml version=''1.0'' encoding=''utf-8''?>

      <ns0:entry xmlns:ns0="http://www.w3.org/2005/Atom" xmlns="http://schemas.microsoft.com/netservices/2010/10/servicebus/connect"><ns0:content
      type="application/xml"><SubscriptionDescription><LockDuration>PT12S</LockDuration><RequiresSession>false</RequiresSession><DefaultMessageTimeToLive>PT11M</DefaultMessageTimeToLive><DeadLetteringOnMessageExpiration>true</DeadLetteringOnMessageExpiration><DeadLetteringOnFilterEvaluationExceptions>true</DeadLetteringOnFilterEvaluationExceptions><MaxDeliveryCount>14</MaxDeliveryCount><EnableBatchedOperations>true</EnableBatchedOperations><Status>Active</Status><AutoDeleteOnIdle>PT10M</AutoDeleteOnIdle><EntityAvailabilityStatus>Available</EntityAvailabilityStatus></SubscriptionDescription></ns0:content></ns0:entry>'
    headers:
      Accept:
      - application/xml
      Accept-Encoding:
      - gzip, deflate
      Connection:
      - keep-alive
      Content-Length:
      - '796'
      Content-Type:
      - application/atom+xml
      If-Match:
      - '*'
      User-Agent:
      - azsdk-python-servicebusmanagementclient/2017-04 Python/3.7.9 (Windows-10-10.0.19041-SP0)
    method: PUT
    uri: https://servicebustestsbname.servicebus.windows.net/fjruid/subscriptions/eqkovcd?api-version=2017-04
  response:
    body:
      string: <entry xmlns="http://www.w3.org/2005/Atom"><id>https://servicebustestf27vchuqgf.servicebus.windows.net/fjruid/subscriptions/eqkovcd?api-version=2017-04</id><title
        type="text">eqkovcd</title><published>2021-04-22T15:05:00Z</published><updated>2021-04-22T15:05:00Z</updated><link
        rel="self" href="https://servicebustestf27vchuqgf.servicebus.windows.net/fjruid/subscriptions/eqkovcd?api-version=2017-04"/><content
        type="application/xml"><SubscriptionDescription xmlns="http://schemas.microsoft.com/netservices/2010/10/servicebus/connect"
        xmlns:i="http://www.w3.org/2001/XMLSchema-instance"><LockDuration>PT12S</LockDuration><RequiresSession>false</RequiresSession><DefaultMessageTimeToLive>PT11M</DefaultMessageTimeToLive><DeadLetteringOnMessageExpiration>true</DeadLetteringOnMessageExpiration><DeadLetteringOnFilterEvaluationExceptions>true</DeadLetteringOnFilterEvaluationExceptions><MessageCount>0</MessageCount><MaxDeliveryCount>14</MaxDeliveryCount><EnableBatchedOperations>true</EnableBatchedOperations><Status>Active</Status><CreatedAt>2021-04-22T15:05:00.7589009Z</CreatedAt><UpdatedAt>2021-04-22T15:05:00.7589009Z</UpdatedAt><AccessedAt>0001-01-01T00:00:00</AccessedAt><AutoDeleteOnIdle>PT10M</AutoDeleteOnIdle><EntityAvailabilityStatus>Available</EntityAvailabilityStatus></SubscriptionDescription></content></entry>
    headers:
      content-type:
      - application/atom+xml;type=entry;charset=utf-8
      date:
      - Thu, 22 Apr 2021 15:05:00 GMT
      etag:
      - '637547006991900000'
      server:
      - Microsoft-HTTPAPI/2.0
      strict-transport-security:
      - max-age=31536000
      transfer-encoding:
      - chunked
    status:
      code: 200
      message: OK
- request:
    body: null
    headers:
      Accept:
      - application/xml
      Accept-Encoding:
      - gzip, deflate
      Connection:
      - keep-alive
      User-Agent:
      - azsdk-python-servicebusmanagementclient/2017-04 Python/3.7.9 (Windows-10-10.0.19041-SP0)
    method: GET
    uri: https://servicebustestsbname.servicebus.windows.net/fjruid/subscriptions/eqkovcd?enrich=false&api-version=2017-04
  response:
    body:
      string: <entry xmlns="http://www.w3.org/2005/Atom"><id>sb://servicebustestf27vchuqgf.servicebus.windows.net/fjruid/subscriptions/eqkovcd?enrich=false&amp;api-version=2017-04</id><title
        type="text">eqkovcd</title><published>2021-04-22T15:04:59Z</published><updated>2021-04-22T15:05:00Z</updated><link
        rel="self" href="sb://servicebustestf27vchuqgf.servicebus.windows.net/fjruid/subscriptions/eqkovcd?enrich=false&amp;api-version=2017-04"/><content
        type="application/xml"><SubscriptionDescription xmlns="http://schemas.microsoft.com/netservices/2010/10/servicebus/connect"
        xmlns:i="http://www.w3.org/2001/XMLSchema-instance"><LockDuration>PT12S</LockDuration><RequiresSession>false</RequiresSession><DefaultMessageTimeToLive>PT11M</DefaultMessageTimeToLive><DeadLetteringOnMessageExpiration>true</DeadLetteringOnMessageExpiration><DeadLetteringOnFilterEvaluationExceptions>true</DeadLetteringOnFilterEvaluationExceptions><MessageCount>0</MessageCount><MaxDeliveryCount>14</MaxDeliveryCount><EnableBatchedOperations>true</EnableBatchedOperations><Status>Active</Status><CreatedAt>2021-04-22T15:04:59.8612051Z</CreatedAt><UpdatedAt>2021-04-22T15:05:00.8768405Z</UpdatedAt><AccessedAt>2021-04-22T15:04:59.8612051Z</AccessedAt><CountDetails
        xmlns:d3p1="http://schemas.microsoft.com/netservices/2011/06/servicebus"><d3p1:ActiveMessageCount>0</d3p1:ActiveMessageCount><d3p1:DeadLetterMessageCount>0</d3p1:DeadLetterMessageCount><d3p1:ScheduledMessageCount>0</d3p1:ScheduledMessageCount><d3p1:TransferMessageCount>0</d3p1:TransferMessageCount><d3p1:TransferDeadLetterMessageCount>0</d3p1:TransferDeadLetterMessageCount></CountDetails><AutoDeleteOnIdle>PT10M</AutoDeleteOnIdle><EntityAvailabilityStatus>Available</EntityAvailabilityStatus></SubscriptionDescription></content></entry>
    headers:
      content-type:
      - application/atom+xml;type=entry;charset=utf-8
      date:
      - Thu, 22 Apr 2021 15:05:00 GMT
      etag:
      - '637547006991900000'
      server:
      - Microsoft-HTTPAPI/2.0
      strict-transport-security:
      - max-age=31536000
      transfer-encoding:
      - chunked
    status:
      code: 200
      message: OK
- request:
    body: '<?xml version=''1.0'' encoding=''utf-8''?>

      <ns0:entry xmlns:ns0="http://www.w3.org/2005/Atom" xmlns="http://schemas.microsoft.com/netservices/2010/10/servicebus/connect"><ns0:content
      type="application/xml"><SubscriptionDescription><LockDuration>PT12S</LockDuration><RequiresSession>false</RequiresSession><DefaultMessageTimeToLive>PT11M</DefaultMessageTimeToLive><DeadLetteringOnMessageExpiration>true</DeadLetteringOnMessageExpiration><DeadLetteringOnFilterEvaluationExceptions>true</DeadLetteringOnFilterEvaluationExceptions><MaxDeliveryCount>14</MaxDeliveryCount><EnableBatchedOperations>true</EnableBatchedOperations><Status>Active</Status><ForwardTo>sb://servicebustestf27vchuqgf.servicebus.windows.net/fjruid</ForwardTo><ForwardDeadLetteredMessagesTo>sb://servicebustestf27vchuqgf.servicebus.windows.net/fjruid</ForwardDeadLetteredMessagesTo><AutoDeleteOnIdle>PT10M</AutoDeleteOnIdle><EntityAvailabilityStatus>Available</EntityAvailabilityStatus></SubscriptionDescription></ns0:content></ns0:entry>'
    headers:
      Accept:
      - application/xml
      Accept-Encoding:
      - gzip, deflate
      Connection:
      - keep-alive
      Content-Length:
      - '1000'
      Content-Type:
      - application/atom+xml
      If-Match:
      - '*'
      ServiceBusDlqSupplementaryAuthorization:
      - SharedAccessSignature sr=sb%3A%2F%2Fservicebustestf27vchuqgf.servicebus.windows.net%2Ffjruid&sig=FwaFbEXORavfgL47hbYM5djMQSSvoy4%2bQ6XOjrEujI8%3d&se=1619107501&skn=RootManageSharedAccessKey
      ServiceBusSupplementaryAuthorization:
      - SharedAccessSignature sr=sb%3A%2F%2Fservicebustestf27vchuqgf.servicebus.windows.net%2Ffjruid&sig=FwaFbEXORavfgL47hbYM5djMQSSvoy4%2bQ6XOjrEujI8%3d&se=1619107501&skn=RootManageSharedAccessKey
      User-Agent:
      - azsdk-python-servicebusmanagementclient/2017-04 Python/3.7.9 (Windows-10-10.0.19041-SP0)
    method: PUT
    uri: https://servicebustestsbname.servicebus.windows.net/fjruid/subscriptions/eqkovcd?api-version=2017-04
  response:
    body:
      string: <entry xmlns="http://www.w3.org/2005/Atom"><id>https://servicebustestf27vchuqgf.servicebus.windows.net/fjruid/subscriptions/eqkovcd?api-version=2017-04</id><title
        type="text">eqkovcd</title><published>2021-04-22T15:05:01Z</published><updated>2021-04-22T15:05:01Z</updated><link
        rel="self" href="https://servicebustestf27vchuqgf.servicebus.windows.net/fjruid/subscriptions/eqkovcd?api-version=2017-04"/><content
        type="application/xml"><SubscriptionDescription xmlns="http://schemas.microsoft.com/netservices/2010/10/servicebus/connect"
        xmlns:i="http://www.w3.org/2001/XMLSchema-instance"><LockDuration>PT12S</LockDuration><RequiresSession>false</RequiresSession><DefaultMessageTimeToLive>PT11M</DefaultMessageTimeToLive><DeadLetteringOnMessageExpiration>true</DeadLetteringOnMessageExpiration><DeadLetteringOnFilterEvaluationExceptions>true</DeadLetteringOnFilterEvaluationExceptions><MessageCount>0</MessageCount><MaxDeliveryCount>14</MaxDeliveryCount><EnableBatchedOperations>true</EnableBatchedOperations><Status>Active</Status><ForwardTo>sb://servicebustestf27vchuqgf.servicebus.windows.net/fjruid</ForwardTo><CreatedAt>2021-04-22T15:05:01.4307831Z</CreatedAt><UpdatedAt>2021-04-22T15:05:01.4307831Z</UpdatedAt><AccessedAt>0001-01-01T00:00:00</AccessedAt><ForwardDeadLetteredMessagesTo>sb://servicebustestf27vchuqgf.servicebus.windows.net/fjruid</ForwardDeadLetteredMessagesTo><AutoDeleteOnIdle>P10675199DT2H48M5.4775807S</AutoDeleteOnIdle><EntityAvailabilityStatus>Available</EntityAvailabilityStatus></SubscriptionDescription></content></entry>
    headers:
      content-type:
      - application/atom+xml;type=entry;charset=utf-8
      date:
      - Thu, 22 Apr 2021 15:05:01 GMT
      etag:
      - '637547006991900000'
      server:
      - Microsoft-HTTPAPI/2.0
      strict-transport-security:
      - max-age=31536000
      transfer-encoding:
      - chunked
    status:
      code: 200
      message: OK
- request:
    body: null
    headers:
      Accept:
      - application/xml
      Accept-Encoding:
      - gzip, deflate
      Connection:
      - keep-alive
      User-Agent:
      - azsdk-python-servicebusmanagementclient/2017-04 Python/3.7.9 (Windows-10-10.0.19041-SP0)
    method: GET
    uri: https://servicebustestsbname.servicebus.windows.net/fjruid/subscriptions/eqkovcd?enrich=false&api-version=2017-04
  response:
    body:
      string: <entry xmlns="http://www.w3.org/2005/Atom"><id>sb://servicebustestf27vchuqgf.servicebus.windows.net/fjruid/subscriptions/eqkovcd?enrich=false&amp;api-version=2017-04</id><title
        type="text">eqkovcd</title><published>2021-04-22T15:04:59Z</published><updated>2021-04-22T15:05:01Z</updated><link
        rel="self" href="sb://servicebustestf27vchuqgf.servicebus.windows.net/fjruid/subscriptions/eqkovcd?enrich=false&amp;api-version=2017-04"/><content
        type="application/xml"><SubscriptionDescription xmlns="http://schemas.microsoft.com/netservices/2010/10/servicebus/connect"
        xmlns:i="http://www.w3.org/2001/XMLSchema-instance"><LockDuration>PT12S</LockDuration><RequiresSession>false</RequiresSession><DefaultMessageTimeToLive>PT11M</DefaultMessageTimeToLive><DeadLetteringOnMessageExpiration>true</DeadLetteringOnMessageExpiration><DeadLetteringOnFilterEvaluationExceptions>true</DeadLetteringOnFilterEvaluationExceptions><MessageCount>0</MessageCount><MaxDeliveryCount>14</MaxDeliveryCount><EnableBatchedOperations>true</EnableBatchedOperations><Status>Active</Status><ForwardTo>sb://servicebustestf27vchuqgf.servicebus.windows.net/fjruid</ForwardTo><CreatedAt>2021-04-22T15:04:59.8612051Z</CreatedAt><UpdatedAt>2021-04-22T15:05:01.4393735Z</UpdatedAt><AccessedAt>2021-04-22T15:04:59.8612051Z</AccessedAt><CountDetails
        xmlns:d3p1="http://schemas.microsoft.com/netservices/2011/06/servicebus"><d3p1:ActiveMessageCount>0</d3p1:ActiveMessageCount><d3p1:DeadLetterMessageCount>0</d3p1:DeadLetterMessageCount><d3p1:ScheduledMessageCount>0</d3p1:ScheduledMessageCount><d3p1:TransferMessageCount>0</d3p1:TransferMessageCount><d3p1:TransferDeadLetterMessageCount>0</d3p1:TransferDeadLetterMessageCount></CountDetails><ForwardDeadLetteredMessagesTo>sb://servicebustestf27vchuqgf.servicebus.windows.net/fjruid</ForwardDeadLetteredMessagesTo><AutoDeleteOnIdle>P10675199DT2H48M5.4775807S</AutoDeleteOnIdle><EntityAvailabilityStatus>Available</EntityAvailabilityStatus></SubscriptionDescription></content></entry>
    headers:
      content-type:
      - application/atom+xml;type=entry;charset=utf-8
      date:
      - Thu, 22 Apr 2021 15:05:01 GMT
      etag:
      - '637547006991900000'
      server:
      - Microsoft-HTTPAPI/2.0
      strict-transport-security:
      - max-age=31536000
      transfer-encoding:
      - chunked
    status:
      code: 200
      message: OK
- request:
    body: '<?xml version=''1.0'' encoding=''utf-8''?>

      <ns0:entry xmlns:ns0="http://www.w3.org/2005/Atom" xmlns="http://schemas.microsoft.com/netservices/2010/10/servicebus/connect"><ns0:content
      type="application/xml"><SubscriptionDescription><LockDuration>PT17S</LockDuration><RequiresSession>false</RequiresSession><DefaultMessageTimeToLive>PT16M</DefaultMessageTimeToLive><DeadLetteringOnMessageExpiration>false</DeadLetteringOnMessageExpiration><DeadLetteringOnFilterEvaluationExceptions>true</DeadLetteringOnFilterEvaluationExceptions><MaxDeliveryCount>15</MaxDeliveryCount><EnableBatchedOperations>true</EnableBatchedOperations><Status>Active</Status><AutoDeleteOnIdle>PT15M</AutoDeleteOnIdle><EntityAvailabilityStatus>Available</EntityAvailabilityStatus></SubscriptionDescription></ns0:content></ns0:entry>'
    headers:
      Accept:
      - application/xml
      Accept-Encoding:
      - gzip, deflate
      Connection:
      - keep-alive
      Content-Length:
      - '797'
      Content-Type:
      - application/atom+xml
      If-Match:
      - '*'
      User-Agent:
      - azsdk-python-servicebusmanagementclient/2017-04 Python/3.7.9 (Windows-10-10.0.19041-SP0)
    method: PUT
    uri: https://servicebustestsbname.servicebus.windows.net/fjruid/subscriptions/eqkovcd?api-version=2017-04
  response:
    body:
      string: <entry xmlns="http://www.w3.org/2005/Atom"><id>https://servicebustestf27vchuqgf.servicebus.windows.net/fjruid/subscriptions/eqkovcd?api-version=2017-04</id><title
        type="text">eqkovcd</title><published>2021-04-22T15:05:01Z</published><updated>2021-04-22T15:05:01Z</updated><link
        rel="self" href="https://servicebustestf27vchuqgf.servicebus.windows.net/fjruid/subscriptions/eqkovcd?api-version=2017-04"/><content
        type="application/xml"><SubscriptionDescription xmlns="http://schemas.microsoft.com/netservices/2010/10/servicebus/connect"
        xmlns:i="http://www.w3.org/2001/XMLSchema-instance"><LockDuration>PT17S</LockDuration><RequiresSession>false</RequiresSession><DefaultMessageTimeToLive>PT16M</DefaultMessageTimeToLive><DeadLetteringOnMessageExpiration>false</DeadLetteringOnMessageExpiration><DeadLetteringOnFilterEvaluationExceptions>true</DeadLetteringOnFilterEvaluationExceptions><MessageCount>0</MessageCount><MaxDeliveryCount>15</MaxDeliveryCount><EnableBatchedOperations>true</EnableBatchedOperations><Status>Active</Status><CreatedAt>2021-04-22T15:05:01.9777217Z</CreatedAt><UpdatedAt>2021-04-22T15:05:01.9777217Z</UpdatedAt><AccessedAt>0001-01-01T00:00:00</AccessedAt><AutoDeleteOnIdle>PT15M</AutoDeleteOnIdle><EntityAvailabilityStatus>Available</EntityAvailabilityStatus></SubscriptionDescription></content></entry>
    headers:
      content-type:
      - application/atom+xml;type=entry;charset=utf-8
      date:
      - Thu, 22 Apr 2021 15:05:01 GMT
      etag:
      - '637547006991900000'
      server:
      - Microsoft-HTTPAPI/2.0
      strict-transport-security:
      - max-age=31536000
      transfer-encoding:
      - chunked
    status:
      code: 200
      message: OK
- request:
    body: null
    headers:
      Accept:
      - application/xml
      Accept-Encoding:
      - gzip, deflate
      Connection:
      - keep-alive
      User-Agent:
      - azsdk-python-servicebusmanagementclient/2017-04 Python/3.7.9 (Windows-10-10.0.19041-SP0)
    method: GET
    uri: https://servicebustestsbname.servicebus.windows.net/fjruid/subscriptions/eqkovcd?enrich=false&api-version=2017-04
  response:
    body:
      string: <entry xmlns="http://www.w3.org/2005/Atom"><id>sb://servicebustestf27vchuqgf.servicebus.windows.net/fjruid/subscriptions/eqkovcd?enrich=false&amp;api-version=2017-04</id><title
        type="text">eqkovcd</title><published>2021-04-22T15:04:59Z</published><updated>2021-04-22T15:05:02Z</updated><link
        rel="self" href="sb://servicebustestf27vchuqgf.servicebus.windows.net/fjruid/subscriptions/eqkovcd?enrich=false&amp;api-version=2017-04"/><content
        type="application/xml"><SubscriptionDescription xmlns="http://schemas.microsoft.com/netservices/2010/10/servicebus/connect"
        xmlns:i="http://www.w3.org/2001/XMLSchema-instance"><LockDuration>PT17S</LockDuration><RequiresSession>false</RequiresSession><DefaultMessageTimeToLive>PT16M</DefaultMessageTimeToLive><DeadLetteringOnMessageExpiration>false</DeadLetteringOnMessageExpiration><DeadLetteringOnFilterEvaluationExceptions>true</DeadLetteringOnFilterEvaluationExceptions><MessageCount>0</MessageCount><MaxDeliveryCount>15</MaxDeliveryCount><EnableBatchedOperations>true</EnableBatchedOperations><Status>Active</Status><CreatedAt>2021-04-22T15:04:59.8612051Z</CreatedAt><UpdatedAt>2021-04-22T15:05:02.0018556Z</UpdatedAt><AccessedAt>2021-04-22T15:04:59.8612051Z</AccessedAt><CountDetails
        xmlns:d3p1="http://schemas.microsoft.com/netservices/2011/06/servicebus"><d3p1:ActiveMessageCount>0</d3p1:ActiveMessageCount><d3p1:DeadLetterMessageCount>0</d3p1:DeadLetterMessageCount><d3p1:ScheduledMessageCount>0</d3p1:ScheduledMessageCount><d3p1:TransferMessageCount>0</d3p1:TransferMessageCount><d3p1:TransferDeadLetterMessageCount>0</d3p1:TransferDeadLetterMessageCount></CountDetails><AutoDeleteOnIdle>PT15M</AutoDeleteOnIdle><EntityAvailabilityStatus>Available</EntityAvailabilityStatus></SubscriptionDescription></content></entry>
    headers:
      content-type:
      - application/atom+xml;type=entry;charset=utf-8
      date:
      - Thu, 22 Apr 2021 15:05:01 GMT
      etag:
      - '637547006991900000'
      server:
      - Microsoft-HTTPAPI/2.0
      strict-transport-security:
      - max-age=31536000
      transfer-encoding:
      - chunked
    status:
      code: 200
      message: OK
- request:
    body: null
    headers:
      Accept:
      - application/xml
      Accept-Encoding:
      - gzip, deflate
      Connection:
      - keep-alive
      Content-Length:
      - '0'
      User-Agent:
      - azsdk-python-servicebusmanagementclient/2017-04 Python/3.7.9 (Windows-10-10.0.19041-SP0)
    method: DELETE
    uri: https://servicebustestsbname.servicebus.windows.net/fjruid/subscriptions/eqkovcd?api-version=2017-04
  response:
    body:
      string: ''
    headers:
      content-length:
      - '0'
      date:
      - Thu, 22 Apr 2021 15:05:02 GMT
      etag:
      - '637547006991900000'
      server:
      - Microsoft-HTTPAPI/2.0
      strict-transport-security:
      - max-age=31536000
    status:
      code: 200
      message: OK
- request:
    body: null
    headers:
      Accept:
      - application/xml
      Accept-Encoding:
      - gzip, deflate
      Connection:
      - keep-alive
      Content-Length:
      - '0'
      User-Agent:
      - azsdk-python-servicebusmanagementclient/2017-04 Python/3.7.9 (Windows-10-10.0.19041-SP0)
    method: DELETE
    uri: https://servicebustestsbname.servicebus.windows.net/fjruid?api-version=2017-04
  response:
    body:
      string: ''
    headers:
      content-length:
      - '0'
      date:
      - Thu, 22 Apr 2021 15:05:02 GMT
      etag:
      - '637547006991900000'
      server:
      - Microsoft-HTTPAPI/2.0
      strict-transport-security:
      - max-age=31536000
    status:
      code: 200
      message: OK
version: 1
