interactions:
- request:
    body: null
    headers:
      Accept:
      - application/xml
      Accept-Encoding:
      - gzip, deflate
      Connection:
      - keep-alive
      User-Agent:
      - azsdk-python-servicebusmanagementclient/2017-04 Python/3.9.0 (Windows-10-10.0.19041-SP0)
    method: GET
    uri: https://servicebustestsbname.servicebus.windows.net/$Resources/queues?$skip=0&$top=100&api-version=2017-04
  response:
    body:
      string: <feed xmlns="http://www.w3.org/2005/Atom"><title type="text">Queues</title><id>https://servicebustestpgigjfsnve.servicebus.windows.net/$Resources/queues?$skip=0&amp;$top=100&amp;api-version=2017-04</id><updated>2021-05-24T20:26:33Z</updated><link
        rel="self" href="https://servicebustestpgigjfsnve.servicebus.windows.net/$Resources/queues?$skip=0&amp;$top=100&amp;api-version=2017-04"/></feed>
    headers:
      content-type:
      - application/atom+xml;type=feed;charset=utf-8
      date:
      - Mon, 24 May 2021 20:26:33 GMT
      server:
      - Microsoft-HTTPAPI/2.0
      transfer-encoding:
      - chunked
    status:
      code: 200
      message: OK
- request:
    body: '<?xml version=''1.0'' encoding=''utf-8''?>

      <ns0:entry xmlns:ns0="http://www.w3.org/2005/Atom" xmlns="http://schemas.microsoft.com/netservices/2010/10/servicebus/connect"><ns0:content
      type="application/xml"><QueueDescription /></ns0:content></ns0:entry>'
    headers:
      Accept:
      - application/xml
      Accept-Encoding:
      - gzip, deflate
      Connection:
      - keep-alive
      Content-Length:
      - '248'
      Content-Type:
      - application/atom+xml
      User-Agent:
      - azsdk-python-servicebusmanagementclient/2017-04 Python/3.9.0 (Windows-10-10.0.19041-SP0)
    method: PUT
    uri: https://servicebustestsbname.servicebus.windows.net/fjrui?api-version=2017-04
  response:
    body:
      string: <entry xmlns="http://www.w3.org/2005/Atom"><id>https://servicebustestpgigjfsnve.servicebus.windows.net/fjrui?api-version=2017-04</id><title
        type="text">fjrui</title><published>2021-05-24T20:26:34Z</published><updated>2021-05-24T20:26:34Z</updated><author><name>servicebustestpgigjfsnve</name></author><link
        rel="self" href="https://servicebustestpgigjfsnve.servicebus.windows.net/fjrui?api-version=2017-04"/><content
        type="application/xml"><QueueDescription xmlns="http://schemas.microsoft.com/netservices/2010/10/servicebus/connect"
        xmlns:i="http://www.w3.org/2001/XMLSchema-instance"><LockDuration>PT1M</LockDuration><MaxSizeInMegabytes>1024</MaxSizeInMegabytes><RequiresDuplicateDetection>false</RequiresDuplicateDetection><RequiresSession>false</RequiresSession><DefaultMessageTimeToLive>P10675199DT2H48M5.4775807S</DefaultMessageTimeToLive><DeadLetteringOnMessageExpiration>false</DeadLetteringOnMessageExpiration><DuplicateDetectionHistoryTimeWindow>PT10M</DuplicateDetectionHistoryTimeWindow><MaxDeliveryCount>10</MaxDeliveryCount><EnableBatchedOperations>true</EnableBatchedOperations><SizeInBytes>0</SizeInBytes><MessageCount>0</MessageCount><IsAnonymousAccessible>false</IsAnonymousAccessible><AuthorizationRules></AuthorizationRules><Status>Active</Status><CreatedAt>2021-05-24T20:26:34.32Z</CreatedAt><UpdatedAt>2021-05-24T20:26:34.36Z</UpdatedAt><SupportOrdering>true</SupportOrdering><AutoDeleteOnIdle>P10675199DT2H48M5.4775807S</AutoDeleteOnIdle><EnablePartitioning>false</EnablePartitioning><EntityAvailabilityStatus>Available</EntityAvailabilityStatus><EnableExpress>false</EnableExpress></QueueDescription></content></entry>
    headers:
      content-type:
      - application/atom+xml;type=entry;charset=utf-8
      date:
      - Mon, 24 May 2021 20:26:34 GMT
      server:
      - Microsoft-HTTPAPI/2.0
      strict-transport-security:
      - max-age=31536000
      transfer-encoding:
      - chunked
    status:
      code: 201
      message: Created
- request:
    body: '<?xml version=''1.0'' encoding=''utf-8''?>

      <ns0:entry xmlns:ns0="http://www.w3.org/2005/Atom" xmlns="http://schemas.microsoft.com/netservices/2010/10/servicebus/connect"><ns0:content
      type="application/xml"><TopicDescription /></ns0:content></ns0:entry>'
    headers:
      Accept:
      - application/xml
      Accept-Encoding:
      - gzip, deflate
      Connection:
      - keep-alive
      Content-Length:
      - '248'
      Content-Type:
      - application/atom+xml
      User-Agent:
      - azsdk-python-servicebusmanagementclient/2017-04 Python/3.9.0 (Windows-10-10.0.19041-SP0)
    method: PUT
    uri: https://servicebustestsbname.servicebus.windows.net/sagho?api-version=2017-04
  response:
    body:
      string: <entry xmlns="http://www.w3.org/2005/Atom"><id>https://servicebustestpgigjfsnve.servicebus.windows.net/sagho?api-version=2017-04</id><title
        type="text">sagho</title><published>2021-05-24T20:26:35Z</published><updated>2021-05-24T20:26:35Z</updated><author><name>servicebustestpgigjfsnve</name></author><link
        rel="self" href="https://servicebustestpgigjfsnve.servicebus.windows.net/sagho?api-version=2017-04"/><content
        type="application/xml"><TopicDescription xmlns="http://schemas.microsoft.com/netservices/2010/10/servicebus/connect"
        xmlns:i="http://www.w3.org/2001/XMLSchema-instance"><DefaultMessageTimeToLive>P10675199DT2H48M5.4775807S</DefaultMessageTimeToLive><MaxSizeInMegabytes>1024</MaxSizeInMegabytes><RequiresDuplicateDetection>false</RequiresDuplicateDetection><DuplicateDetectionHistoryTimeWindow>PT10M</DuplicateDetectionHistoryTimeWindow><EnableBatchedOperations>true</EnableBatchedOperations><SizeInBytes>0</SizeInBytes><FilteringMessagesBeforePublishing>false</FilteringMessagesBeforePublishing><IsAnonymousAccessible>false</IsAnonymousAccessible><AuthorizationRules></AuthorizationRules><Status>Active</Status><CreatedAt>2021-05-24T20:26:35.237Z</CreatedAt><UpdatedAt>2021-05-24T20:26:35.29Z</UpdatedAt><SupportOrdering>true</SupportOrdering><AutoDeleteOnIdle>P10675199DT2H48M5.4775807S</AutoDeleteOnIdle><EnablePartitioning>false</EnablePartitioning><EntityAvailabilityStatus>Available</EntityAvailabilityStatus><EnableSubscriptionPartitioning>false</EnableSubscriptionPartitioning><EnableExpress>false</EnableExpress></TopicDescription></content></entry>
    headers:
      content-type:
      - application/atom+xml;type=entry;charset=utf-8
      date:
      - Mon, 24 May 2021 20:26:35 GMT
      server:
      - Microsoft-HTTPAPI/2.0
      strict-transport-security:
      - max-age=31536000
      transfer-encoding:
      - chunked
    status:
      code: 201
      message: Created
- request:
    body: '<?xml version=''1.0'' encoding=''utf-8''?>

      <ns0:entry xmlns:ns0="http://www.w3.org/2005/Atom" xmlns="http://schemas.microsoft.com/netservices/2010/10/servicebus/connect"><ns0:content
      type="application/xml"><QueueDescription><LockDuration>PT2M</LockDuration><MaxSizeInMegabytes>1024</MaxSizeInMegabytes><RequiresDuplicateDetection>false</RequiresDuplicateDetection><RequiresSession>false</RequiresSession><DefaultMessageTimeToLive>P10675199DT2H48M5.477539S</DefaultMessageTimeToLive><DeadLetteringOnMessageExpiration>false</DeadLetteringOnMessageExpiration><DuplicateDetectionHistoryTimeWindow>PT10M</DuplicateDetectionHistoryTimeWindow><MaxDeliveryCount>10</MaxDeliveryCount><EnableBatchedOperations>true</EnableBatchedOperations><SizeInBytes>0</SizeInBytes><MessageCount>0</MessageCount><IsAnonymousAccessible>false</IsAnonymousAccessible><AuthorizationRules
      /><Status>Active</Status><CreatedAt>2021-05-24T20:26:34.320Z</CreatedAt><UpdatedAt>2021-05-24T20:26:34.360Z</UpdatedAt><SupportOrdering>true</SupportOrdering><AutoDeleteOnIdle>P10675199DT2H48M5.477539S</AutoDeleteOnIdle><EnablePartitioning>false</EnablePartitioning><EntityAvailabilityStatus>Available</EntityAvailabilityStatus><EnableExpress>false</EnableExpress></QueueDescription></ns0:content></ns0:entry>'
    headers:
      Accept:
      - application/xml
      Accept-Encoding:
      - gzip, deflate
      Connection:
      - keep-alive
      Content-Length:
      - '1265'
      Content-Type:
      - application/atom+xml
      If-Match:
      - '*'
      User-Agent:
      - azsdk-python-servicebusmanagementclient/2017-04 Python/3.9.0 (Windows-10-10.0.19041-SP0)
    method: PUT
    uri: https://servicebustestsbname.servicebus.windows.net/fjrui?api-version=2017-04
  response:
    body:
      string: <entry xmlns="http://www.w3.org/2005/Atom"><id>https://servicebustestpgigjfsnve.servicebus.windows.net/fjrui?api-version=2017-04</id><title
        type="text">fjrui</title><updated>2021-05-24T20:26:35Z</updated><author><name>servicebustestpgigjfsnve</name></author><link
        rel="self" href="https://servicebustestpgigjfsnve.servicebus.windows.net/fjrui?api-version=2017-04"/><content
        type="application/xml"><QueueDescription xmlns="http://schemas.microsoft.com/netservices/2010/10/servicebus/connect"
        xmlns:i="http://www.w3.org/2001/XMLSchema-instance"><LockDuration>PT2M</LockDuration><MaxSizeInMegabytes>1024</MaxSizeInMegabytes><RequiresDuplicateDetection>false</RequiresDuplicateDetection><RequiresSession>false</RequiresSession><DefaultMessageTimeToLive>P10675199DT2H48M5.477539S</DefaultMessageTimeToLive><DeadLetteringOnMessageExpiration>false</DeadLetteringOnMessageExpiration><DuplicateDetectionHistoryTimeWindow>PT10M</DuplicateDetectionHistoryTimeWindow><MaxDeliveryCount>10</MaxDeliveryCount><EnableBatchedOperations>true</EnableBatchedOperations><SizeInBytes>0</SizeInBytes><MessageCount>0</MessageCount><IsAnonymousAccessible>false</IsAnonymousAccessible><AuthorizationRules></AuthorizationRules><Status>Active</Status><CreatedAt>2021-05-24T20:26:34.32Z</CreatedAt><UpdatedAt>2021-05-24T20:26:34.36Z</UpdatedAt><SupportOrdering>true</SupportOrdering><AutoDeleteOnIdle>P10675199DT2H48M5.477539S</AutoDeleteOnIdle><EnablePartitioning>false</EnablePartitioning><EntityAvailabilityStatus>Available</EntityAvailabilityStatus><EnableExpress>false</EnableExpress></QueueDescription></content></entry>
    headers:
      content-type:
      - application/atom+xml;type=entry;charset=utf-8
      date:
      - Mon, 24 May 2021 20:26:35 GMT
      etag:
      - '637574847943600000'
      server:
      - Microsoft-HTTPAPI/2.0
      strict-transport-security:
      - max-age=31536000
      transfer-encoding:
      - chunked
    status:
      code: 200
      message: OK
- request:
    body: null
    headers:
      Accept:
      - application/xml
      Accept-Encoding:
      - gzip, deflate
      Connection:
      - keep-alive
      User-Agent:
      - azsdk-python-servicebusmanagementclient/2017-04 Python/3.9.0 (Windows-10-10.0.19041-SP0)
    method: GET
    uri: https://servicebustestsbname.servicebus.windows.net/fjrui?enrich=false&api-version=2017-04
  response:
    body:
      string: <entry xmlns="http://www.w3.org/2005/Atom"><id>https://servicebustestpgigjfsnve.servicebus.windows.net/fjrui?enrich=false&amp;api-version=2017-04</id><title
        type="text">fjrui</title><published>2021-05-24T20:26:34Z</published><updated>2021-05-24T20:26:35Z</updated><author><name>servicebustestpgigjfsnve</name></author><link
        rel="self" href="https://servicebustestpgigjfsnve.servicebus.windows.net/fjrui?enrich=false&amp;api-version=2017-04"/><content
        type="application/xml"><QueueDescription xmlns="http://schemas.microsoft.com/netservices/2010/10/servicebus/connect"
        xmlns:i="http://www.w3.org/2001/XMLSchema-instance"><LockDuration>PT2M</LockDuration><MaxSizeInMegabytes>1024</MaxSizeInMegabytes><RequiresDuplicateDetection>false</RequiresDuplicateDetection><RequiresSession>false</RequiresSession><DefaultMessageTimeToLive>P10675199DT2H48M5.477539S</DefaultMessageTimeToLive><DeadLetteringOnMessageExpiration>false</DeadLetteringOnMessageExpiration><DuplicateDetectionHistoryTimeWindow>PT10M</DuplicateDetectionHistoryTimeWindow><MaxDeliveryCount>10</MaxDeliveryCount><EnableBatchedOperations>true</EnableBatchedOperations><SizeInBytes>0</SizeInBytes><MessageCount>0</MessageCount><IsAnonymousAccessible>false</IsAnonymousAccessible><AuthorizationRules></AuthorizationRules><Status>Active</Status><CreatedAt>2021-05-24T20:26:34.32Z</CreatedAt><UpdatedAt>2021-05-24T20:26:35.877Z</UpdatedAt><AccessedAt>0001-01-01T00:00:00Z</AccessedAt><SupportOrdering>true</SupportOrdering><CountDetails
        xmlns:d2p1="http://schemas.microsoft.com/netservices/2011/06/servicebus"><d2p1:ActiveMessageCount>0</d2p1:ActiveMessageCount><d2p1:DeadLetterMessageCount>0</d2p1:DeadLetterMessageCount><d2p1:ScheduledMessageCount>0</d2p1:ScheduledMessageCount><d2p1:TransferMessageCount>0</d2p1:TransferMessageCount><d2p1:TransferDeadLetterMessageCount>0</d2p1:TransferDeadLetterMessageCount></CountDetails><AutoDeleteOnIdle>P10675199DT2H48M5.477539S</AutoDeleteOnIdle><EnablePartitioning>false</EnablePartitioning><EntityAvailabilityStatus>Available</EntityAvailabilityStatus><EnableExpress>false</EnableExpress></QueueDescription></content></entry>
    headers:
      content-type:
      - application/atom+xml;type=entry;charset=utf-8
      date:
      - Mon, 24 May 2021 20:26:35 GMT
      etag:
      - '637574847958770000'
      server:
      - Microsoft-HTTPAPI/2.0
      strict-transport-security:
      - max-age=31536000
      transfer-encoding:
      - chunked
    status:
      code: 200
      message: OK
- request:
    body: '<?xml version=''1.0'' encoding=''utf-8''?>

      <ns0:entry xmlns:d2p1="http://schemas.microsoft.com/netservices/2011/06/servicebus"
      xmlns:ns0="http://www.w3.org/2005/Atom" xmlns="http://schemas.microsoft.com/netservices/2010/10/servicebus/connect"><ns0:content
      type="application/xml"><QueueDescription><LockDuration>PT2M</LockDuration><MaxSizeInMegabytes>1024</MaxSizeInMegabytes><RequiresDuplicateDetection>false</RequiresDuplicateDetection><RequiresSession>false</RequiresSession><DefaultMessageTimeToLive>P10675199DT2H48M5.477539S</DefaultMessageTimeToLive><DeadLetteringOnMessageExpiration>false</DeadLetteringOnMessageExpiration><DuplicateDetectionHistoryTimeWindow>PT10M</DuplicateDetectionHistoryTimeWindow><MaxDeliveryCount>10</MaxDeliveryCount><EnableBatchedOperations>true</EnableBatchedOperations><SizeInBytes>0</SizeInBytes><MessageCount>0</MessageCount><IsAnonymousAccessible>false</IsAnonymousAccessible><AuthorizationRules
      /><Status>Active</Status><CreatedAt>2021-05-24T20:26:34.320Z</CreatedAt><UpdatedAt>2021-05-24T20:26:35.877Z</UpdatedAt><AccessedAt>0001-01-01T00:00:00.000Z</AccessedAt><SupportOrdering>true</SupportOrdering><CountDetails><d2p1:ActiveMessageCount>0</d2p1:ActiveMessageCount><d2p1:DeadLetterMessageCount>0</d2p1:DeadLetterMessageCount><d2p1:ScheduledMessageCount>0</d2p1:ScheduledMessageCount><d2p1:TransferDeadLetterMessageCount>0</d2p1:TransferDeadLetterMessageCount><d2p1:TransferMessageCount>0</d2p1:TransferMessageCount></CountDetails><AutoDeleteOnIdle>P10675199DT2H48M5.477539S</AutoDeleteOnIdle><EnablePartitioning>false</EnablePartitioning><EntityAvailabilityStatus>Available</EntityAvailabilityStatus><EnableExpress>false</EnableExpress><ForwardTo>sb://servicebustestpgigjfsnve.servicebus.windows.net/sagho</ForwardTo><ForwardDeadLetteredMessagesTo>sb://servicebustestpgigjfsnve.servicebus.windows.net/sagho</ForwardDeadLetteredMessagesTo></QueueDescription></ns0:content></ns0:entry>'
    headers:
      Accept:
      - application/xml
      Accept-Encoding:
      - gzip, deflate
      Connection:
      - keep-alive
      Content-Length:
      - '1920'
      Content-Type:
      - application/atom+xml
      If-Match:
      - '*'
      ServiceBusDlqSupplementaryAuthorization:
      - SharedAccessSignature sr=sb%3A%2F%2Fservicebustestpgigjfsnve.servicebus.windows.net%2Fsagho&sig=bPIj%2bgXVBkTntzJo6rgyWuqMw10gAgWS1hcsz0MdRlU%3d&se=1621891595&skn=RootManageSharedAccessKey
      ServiceBusSupplementaryAuthorization:
      - SharedAccessSignature sr=sb%3A%2F%2Fservicebustestpgigjfsnve.servicebus.windows.net%2Fsagho&sig=bPIj%2bgXVBkTntzJo6rgyWuqMw10gAgWS1hcsz0MdRlU%3d&se=1621891595&skn=RootManageSharedAccessKey
      User-Agent:
      - azsdk-python-servicebusmanagementclient/2017-04 Python/3.9.0 (Windows-10-10.0.19041-SP0)
    method: PUT
    uri: https://servicebustestsbname.servicebus.windows.net/fjrui?api-version=2017-04
  response:
    body:
      string: <entry xmlns="http://www.w3.org/2005/Atom"><id>https://servicebustestpgigjfsnve.servicebus.windows.net/fjrui?api-version=2017-04</id><title
        type="text">fjrui</title><updated>2021-05-24T20:26:36Z</updated><author><name>servicebustestpgigjfsnve</name></author><link
        rel="self" href="https://servicebustestpgigjfsnve.servicebus.windows.net/fjrui?api-version=2017-04"/><content
        type="application/xml"><QueueDescription xmlns="http://schemas.microsoft.com/netservices/2010/10/servicebus/connect"
        xmlns:i="http://www.w3.org/2001/XMLSchema-instance"><LockDuration>PT2M</LockDuration><MaxSizeInMegabytes>1024</MaxSizeInMegabytes><RequiresDuplicateDetection>false</RequiresDuplicateDetection><RequiresSession>false</RequiresSession><DefaultMessageTimeToLive>P10675199DT2H48M5.477539S</DefaultMessageTimeToLive><DeadLetteringOnMessageExpiration>false</DeadLetteringOnMessageExpiration><DuplicateDetectionHistoryTimeWindow>PT10M</DuplicateDetectionHistoryTimeWindow><MaxDeliveryCount>10</MaxDeliveryCount><EnableBatchedOperations>true</EnableBatchedOperations><SizeInBytes>0</SizeInBytes><MessageCount>0</MessageCount><IsAnonymousAccessible>false</IsAnonymousAccessible><AuthorizationRules></AuthorizationRules><Status>Active</Status><CreatedAt>2021-05-24T20:26:34.32Z</CreatedAt><UpdatedAt>2021-05-24T20:26:35.877Z</UpdatedAt><AccessedAt>0001-01-01T00:00:00Z</AccessedAt><SupportOrdering>true</SupportOrdering><CountDetails
        xmlns:d2p1="http://schemas.microsoft.com/netservices/2011/06/servicebus"><d2p1:ActiveMessageCount>0</d2p1:ActiveMessageCount><d2p1:DeadLetterMessageCount>0</d2p1:DeadLetterMessageCount><d2p1:ScheduledMessageCount>0</d2p1:ScheduledMessageCount><d2p1:TransferMessageCount>0</d2p1:TransferMessageCount><d2p1:TransferDeadLetterMessageCount>0</d2p1:TransferDeadLetterMessageCount></CountDetails><AutoDeleteOnIdle>P10675199DT2H48M5.477539S</AutoDeleteOnIdle><EnablePartitioning>false</EnablePartitioning><EntityAvailabilityStatus>Available</EntityAvailabilityStatus><EnableExpress>false</EnableExpress><ForwardTo>sb://servicebustestpgigjfsnve.servicebus.windows.net/sagho</ForwardTo><ForwardDeadLetteredMessagesTo>sb://servicebustestpgigjfsnve.servicebus.windows.net/sagho</ForwardDeadLetteredMessagesTo></QueueDescription></content></entry>
    headers:
      content-type:
      - application/atom+xml;type=entry;charset=utf-8
      date:
      - Mon, 24 May 2021 20:26:36 GMT
      etag:
      - '637574847958770000'
      server:
      - Microsoft-HTTPAPI/2.0
      strict-transport-security:
      - max-age=31536000
      transfer-encoding:
      - chunked
    status:
      code: 200
      message: OK
- request:
    body: null
    headers:
      Accept:
      - application/xml
      Accept-Encoding:
      - gzip, deflate
      Connection:
      - keep-alive
      User-Agent:
      - azsdk-python-servicebusmanagementclient/2017-04 Python/3.9.0 (Windows-10-10.0.19041-SP0)
    method: GET
    uri: https://servicebustestsbname.servicebus.windows.net/fjrui?enrich=false&api-version=2017-04
  response:
    body:
      string: <entry xmlns="http://www.w3.org/2005/Atom"><id>https://servicebustestpgigjfsnve.servicebus.windows.net/fjrui?enrich=false&amp;api-version=2017-04</id><title
        type="text">fjrui</title><published>2021-05-24T20:26:34Z</published><updated>2021-05-24T20:26:36Z</updated><author><name>servicebustestpgigjfsnve</name></author><link
        rel="self" href="https://servicebustestpgigjfsnve.servicebus.windows.net/fjrui?enrich=false&amp;api-version=2017-04"/><content
        type="application/xml"><QueueDescription xmlns="http://schemas.microsoft.com/netservices/2010/10/servicebus/connect"
        xmlns:i="http://www.w3.org/2001/XMLSchema-instance"><LockDuration>PT2M</LockDuration><MaxSizeInMegabytes>1024</MaxSizeInMegabytes><RequiresDuplicateDetection>false</RequiresDuplicateDetection><RequiresSession>false</RequiresSession><DefaultMessageTimeToLive>P10675199DT2H48M5.477539S</DefaultMessageTimeToLive><DeadLetteringOnMessageExpiration>false</DeadLetteringOnMessageExpiration><DuplicateDetectionHistoryTimeWindow>PT10M</DuplicateDetectionHistoryTimeWindow><MaxDeliveryCount>10</MaxDeliveryCount><EnableBatchedOperations>true</EnableBatchedOperations><SizeInBytes>0</SizeInBytes><MessageCount>0</MessageCount><IsAnonymousAccessible>false</IsAnonymousAccessible><AuthorizationRules></AuthorizationRules><Status>Active</Status><CreatedAt>2021-05-24T20:26:34.32Z</CreatedAt><UpdatedAt>2021-05-24T20:26:36.12Z</UpdatedAt><AccessedAt>0001-01-01T00:00:00Z</AccessedAt><SupportOrdering>true</SupportOrdering><CountDetails
        xmlns:d2p1="http://schemas.microsoft.com/netservices/2011/06/servicebus"><d2p1:ActiveMessageCount>0</d2p1:ActiveMessageCount><d2p1:DeadLetterMessageCount>0</d2p1:DeadLetterMessageCount><d2p1:ScheduledMessageCount>0</d2p1:ScheduledMessageCount><d2p1:TransferMessageCount>0</d2p1:TransferMessageCount><d2p1:TransferDeadLetterMessageCount>0</d2p1:TransferDeadLetterMessageCount></CountDetails><AutoDeleteOnIdle>P10675199DT2H48M5.477539S</AutoDeleteOnIdle><EnablePartitioning>false</EnablePartitioning><EntityAvailabilityStatus>Available</EntityAvailabilityStatus><EnableExpress>false</EnableExpress><ForwardTo>sb://servicebustestpgigjfsnve.servicebus.windows.net/sagho</ForwardTo><ForwardDeadLetteredMessagesTo>sb://servicebustestpgigjfsnve.servicebus.windows.net/sagho</ForwardDeadLetteredMessagesTo></QueueDescription></content></entry>
    headers:
      content-type:
      - application/atom+xml;type=entry;charset=utf-8
      date:
      - Mon, 24 May 2021 20:26:36 GMT
      etag:
      - '637574847961200000'
      server:
      - Microsoft-HTTPAPI/2.0
      strict-transport-security:
      - max-age=31536000
      transfer-encoding:
      - chunked
    status:
      code: 200
      message: OK
- request:
    body: '<?xml version=''1.0'' encoding=''utf-8''?>

      <ns0:entry xmlns:d2p1="http://schemas.microsoft.com/netservices/2011/06/servicebus"
      xmlns:ns0="http://www.w3.org/2005/Atom" xmlns="http://schemas.microsoft.com/netservices/2010/10/servicebus/connect"><ns0:content
      type="application/xml"><QueueDescription><LockDuration>PT2M</LockDuration><MaxSizeInMegabytes>1024</MaxSizeInMegabytes><RequiresDuplicateDetection>false</RequiresDuplicateDetection><RequiresSession>false</RequiresSession><DefaultMessageTimeToLive>P10675199DT2H48M5.477539S</DefaultMessageTimeToLive><DeadLetteringOnMessageExpiration>false</DeadLetteringOnMessageExpiration><DuplicateDetectionHistoryTimeWindow>PT10M</DuplicateDetectionHistoryTimeWindow><MaxDeliveryCount>10</MaxDeliveryCount><EnableBatchedOperations>true</EnableBatchedOperations><SizeInBytes>0</SizeInBytes><MessageCount>0</MessageCount><IsAnonymousAccessible>false</IsAnonymousAccessible><AuthorizationRules
      /><Status>Active</Status><CreatedAt>2021-05-24T20:26:34.320Z</CreatedAt><UpdatedAt>2021-05-24T20:26:36.120Z</UpdatedAt><AccessedAt>0001-01-01T00:00:00.000Z</AccessedAt><SupportOrdering>true</SupportOrdering><CountDetails><d2p1:ActiveMessageCount>0</d2p1:ActiveMessageCount><d2p1:DeadLetterMessageCount>0</d2p1:DeadLetterMessageCount><d2p1:ScheduledMessageCount>0</d2p1:ScheduledMessageCount><d2p1:TransferDeadLetterMessageCount>0</d2p1:TransferDeadLetterMessageCount><d2p1:TransferMessageCount>0</d2p1:TransferMessageCount></CountDetails><AutoDeleteOnIdle>P10675199DT2H48M5.477539S</AutoDeleteOnIdle><EnablePartitioning>false</EnablePartitioning><EntityAvailabilityStatus>Available</EntityAvailabilityStatus><EnableExpress>false</EnableExpress></QueueDescription></ns0:content></ns0:entry>'
    headers:
      Accept:
      - application/xml
      Accept-Encoding:
      - gzip, deflate
      Connection:
      - keep-alive
      Content-Length:
      - '1718'
      Content-Type:
      - application/atom+xml
      If-Match:
      - '*'
      User-Agent:
      - azsdk-python-servicebusmanagementclient/2017-04 Python/3.9.0 (Windows-10-10.0.19041-SP0)
    method: PUT
    uri: https://servicebustestsbname.servicebus.windows.net/fjrui?api-version=2017-04
  response:
    body:
      string: <entry xmlns="http://www.w3.org/2005/Atom"><id>https://servicebustestpgigjfsnve.servicebus.windows.net/fjrui?api-version=2017-04</id><title
        type="text">fjrui</title><updated>2021-05-24T20:26:36Z</updated><author><name>servicebustestpgigjfsnve</name></author><link
        rel="self" href="https://servicebustestpgigjfsnve.servicebus.windows.net/fjrui?api-version=2017-04"/><content
        type="application/xml"><QueueDescription xmlns="http://schemas.microsoft.com/netservices/2010/10/servicebus/connect"
        xmlns:i="http://www.w3.org/2001/XMLSchema-instance"><LockDuration>PT2M</LockDuration><MaxSizeInMegabytes>1024</MaxSizeInMegabytes><RequiresDuplicateDetection>false</RequiresDuplicateDetection><RequiresSession>false</RequiresSession><DefaultMessageTimeToLive>P10675199DT2H48M5.477539S</DefaultMessageTimeToLive><DeadLetteringOnMessageExpiration>false</DeadLetteringOnMessageExpiration><DuplicateDetectionHistoryTimeWindow>PT10M</DuplicateDetectionHistoryTimeWindow><MaxDeliveryCount>10</MaxDeliveryCount><EnableBatchedOperations>true</EnableBatchedOperations><SizeInBytes>0</SizeInBytes><MessageCount>0</MessageCount><IsAnonymousAccessible>false</IsAnonymousAccessible><AuthorizationRules></AuthorizationRules><Status>Active</Status><CreatedAt>2021-05-24T20:26:34.32Z</CreatedAt><UpdatedAt>2021-05-24T20:26:36.12Z</UpdatedAt><AccessedAt>0001-01-01T00:00:00Z</AccessedAt><SupportOrdering>true</SupportOrdering><CountDetails
        xmlns:d2p1="http://schemas.microsoft.com/netservices/2011/06/servicebus"><d2p1:ActiveMessageCount>0</d2p1:ActiveMessageCount><d2p1:DeadLetterMessageCount>0</d2p1:DeadLetterMessageCount><d2p1:ScheduledMessageCount>0</d2p1:ScheduledMessageCount><d2p1:TransferMessageCount>0</d2p1:TransferMessageCount><d2p1:TransferDeadLetterMessageCount>0</d2p1:TransferDeadLetterMessageCount></CountDetails><AutoDeleteOnIdle>P10675199DT2H48M5.477539S</AutoDeleteOnIdle><EnablePartitioning>false</EnablePartitioning><EntityAvailabilityStatus>Available</EntityAvailabilityStatus><EnableExpress>false</EnableExpress></QueueDescription></content></entry>
    headers:
      content-type:
      - application/atom+xml;type=entry;charset=utf-8
      date:
      - Mon, 24 May 2021 20:26:36 GMT
      etag:
      - '637574847961200000'
      server:
      - Microsoft-HTTPAPI/2.0
      strict-transport-security:
      - max-age=31536000
      transfer-encoding:
      - chunked
    status:
      code: 200
      message: OK
- request:
    body: null
    headers:
      Accept:
      - application/xml
      Accept-Encoding:
      - gzip, deflate
      Connection:
      - keep-alive
      User-Agent:
      - azsdk-python-servicebusmanagementclient/2017-04 Python/3.9.0 (Windows-10-10.0.19041-SP0)
    method: GET
    uri: https://servicebustestsbname.servicebus.windows.net/fjrui?enrich=false&api-version=2017-04
  response:
    body:
      string: <entry xmlns="http://www.w3.org/2005/Atom"><id>https://servicebustestpgigjfsnve.servicebus.windows.net/fjrui?enrich=false&amp;api-version=2017-04</id><title
        type="text">fjrui</title><published>2021-05-24T20:26:34Z</published><updated>2021-05-24T20:26:36Z</updated><author><name>servicebustestpgigjfsnve</name></author><link
        rel="self" href="https://servicebustestpgigjfsnve.servicebus.windows.net/fjrui?enrich=false&amp;api-version=2017-04"/><content
        type="application/xml"><QueueDescription xmlns="http://schemas.microsoft.com/netservices/2010/10/servicebus/connect"
        xmlns:i="http://www.w3.org/2001/XMLSchema-instance"><LockDuration>PT2M</LockDuration><MaxSizeInMegabytes>1024</MaxSizeInMegabytes><RequiresDuplicateDetection>false</RequiresDuplicateDetection><RequiresSession>false</RequiresSession><DefaultMessageTimeToLive>P10675199DT2H48M5.477539S</DefaultMessageTimeToLive><DeadLetteringOnMessageExpiration>false</DeadLetteringOnMessageExpiration><DuplicateDetectionHistoryTimeWindow>PT10M</DuplicateDetectionHistoryTimeWindow><MaxDeliveryCount>10</MaxDeliveryCount><EnableBatchedOperations>true</EnableBatchedOperations><SizeInBytes>0</SizeInBytes><MessageCount>0</MessageCount><IsAnonymousAccessible>false</IsAnonymousAccessible><AuthorizationRules></AuthorizationRules><Status>Active</Status><CreatedAt>2021-05-24T20:26:34.32Z</CreatedAt><UpdatedAt>2021-05-24T20:26:36.407Z</UpdatedAt><AccessedAt>0001-01-01T00:00:00Z</AccessedAt><SupportOrdering>true</SupportOrdering><CountDetails
        xmlns:d2p1="http://schemas.microsoft.com/netservices/2011/06/servicebus"><d2p1:ActiveMessageCount>0</d2p1:ActiveMessageCount><d2p1:DeadLetterMessageCount>0</d2p1:DeadLetterMessageCount><d2p1:ScheduledMessageCount>0</d2p1:ScheduledMessageCount><d2p1:TransferMessageCount>0</d2p1:TransferMessageCount><d2p1:TransferDeadLetterMessageCount>0</d2p1:TransferDeadLetterMessageCount></CountDetails><AutoDeleteOnIdle>P10675199DT2H48M5.477539S</AutoDeleteOnIdle><EnablePartitioning>false</EnablePartitioning><EntityAvailabilityStatus>Available</EntityAvailabilityStatus><EnableExpress>false</EnableExpress></QueueDescription></content></entry>
    headers:
      content-type:
      - application/atom+xml;type=entry;charset=utf-8
      date:
      - Mon, 24 May 2021 20:26:36 GMT
      etag:
      - '637574847964070000'
      server:
      - Microsoft-HTTPAPI/2.0
      strict-transport-security:
      - max-age=31536000
      transfer-encoding:
      - chunked
    status:
      code: 200
      message: OK
- request:
    body: '<?xml version=''1.0'' encoding=''utf-8''?>

      <ns0:entry xmlns:d2p1="http://schemas.microsoft.com/netservices/2011/06/servicebus"
      xmlns:ns0="http://www.w3.org/2005/Atom" xmlns="http://schemas.microsoft.com/netservices/2010/10/servicebus/connect"><ns0:content
      type="application/xml"><QueueDescription><LockDuration>PT13S</LockDuration><MaxSizeInMegabytes>3072</MaxSizeInMegabytes><RequiresDuplicateDetection>false</RequiresDuplicateDetection><RequiresSession>false</RequiresSession><DefaultMessageTimeToLive>PT11M</DefaultMessageTimeToLive><DeadLetteringOnMessageExpiration>true</DeadLetteringOnMessageExpiration><DuplicateDetectionHistoryTimeWindow>PT12M</DuplicateDetectionHistoryTimeWindow><MaxDeliveryCount>14</MaxDeliveryCount><EnableBatchedOperations>true</EnableBatchedOperations><SizeInBytes>0</SizeInBytes><MessageCount>0</MessageCount><IsAnonymousAccessible>false</IsAnonymousAccessible><AuthorizationRules
      /><Status>Active</Status><CreatedAt>2021-05-24T20:26:34.320Z</CreatedAt><UpdatedAt>2021-05-24T20:26:36.407Z</UpdatedAt><AccessedAt>0001-01-01T00:00:00.000Z</AccessedAt><SupportOrdering>true</SupportOrdering><CountDetails><d2p1:ActiveMessageCount>0</d2p1:ActiveMessageCount><d2p1:DeadLetterMessageCount>0</d2p1:DeadLetterMessageCount><d2p1:ScheduledMessageCount>0</d2p1:ScheduledMessageCount><d2p1:TransferDeadLetterMessageCount>0</d2p1:TransferDeadLetterMessageCount><d2p1:TransferMessageCount>0</d2p1:TransferMessageCount></CountDetails><AutoDeleteOnIdle>PT10M</AutoDeleteOnIdle><EnablePartitioning>false</EnablePartitioning><EntityAvailabilityStatus>Available</EntityAvailabilityStatus><EnableExpress>true</EnableExpress><ForwardTo>sb://servicebustestpgigjfsnve.servicebus.windows.net/fjrui</ForwardTo><ForwardDeadLetteredMessagesTo>sb://servicebustestpgigjfsnve.servicebus.windows.net/fjrui</ForwardDeadLetteredMessagesTo></QueueDescription></ns0:content></ns0:entry>'
    headers:
      Accept:
      - application/xml
      Accept-Encoding:
      - gzip, deflate
      Connection:
      - keep-alive
      Content-Length:
      - '1879'
      Content-Type:
      - application/atom+xml
      If-Match:
      - '*'
      ServiceBusDlqSupplementaryAuthorization:
      - SharedAccessSignature sr=sb%3A%2F%2Fservicebustestpgigjfsnve.servicebus.windows.net%2Ffjrui&sig=YfkQNXjZYsFaI9N57Oxwq3Meqp5CeuOnuGJqHfv5aDg%3d&se=1621891596&skn=RootManageSharedAccessKey
      ServiceBusSupplementaryAuthorization:
      - SharedAccessSignature sr=sb%3A%2F%2Fservicebustestpgigjfsnve.servicebus.windows.net%2Ffjrui&sig=YfkQNXjZYsFaI9N57Oxwq3Meqp5CeuOnuGJqHfv5aDg%3d&se=1621891596&skn=RootManageSharedAccessKey
      User-Agent:
      - azsdk-python-servicebusmanagementclient/2017-04 Python/3.9.0 (Windows-10-10.0.19041-SP0)
    method: PUT
    uri: https://servicebustestsbname.servicebus.windows.net/fjrui?api-version=2017-04
  response:
    body:
      string: <entry xmlns="http://www.w3.org/2005/Atom"><id>https://servicebustestpgigjfsnve.servicebus.windows.net/fjrui?api-version=2017-04</id><title
        type="text">fjrui</title><updated>2021-05-24T20:26:36Z</updated><author><name>servicebustestpgigjfsnve</name></author><link
        rel="self" href="https://servicebustestpgigjfsnve.servicebus.windows.net/fjrui?api-version=2017-04"/><content
        type="application/xml"><QueueDescription xmlns="http://schemas.microsoft.com/netservices/2010/10/servicebus/connect"
        xmlns:i="http://www.w3.org/2001/XMLSchema-instance"><LockDuration>PT13S</LockDuration><MaxSizeInMegabytes>3072</MaxSizeInMegabytes><RequiresDuplicateDetection>false</RequiresDuplicateDetection><RequiresSession>false</RequiresSession><DefaultMessageTimeToLive>PT11M</DefaultMessageTimeToLive><DeadLetteringOnMessageExpiration>true</DeadLetteringOnMessageExpiration><DuplicateDetectionHistoryTimeWindow>PT12M</DuplicateDetectionHistoryTimeWindow><MaxDeliveryCount>14</MaxDeliveryCount><EnableBatchedOperations>true</EnableBatchedOperations><SizeInBytes>0</SizeInBytes><MessageCount>0</MessageCount><IsAnonymousAccessible>false</IsAnonymousAccessible><AuthorizationRules></AuthorizationRules><Status>Active</Status><CreatedAt>2021-05-24T20:26:34.32Z</CreatedAt><UpdatedAt>2021-05-24T20:26:36.407Z</UpdatedAt><AccessedAt>0001-01-01T00:00:00Z</AccessedAt><SupportOrdering>true</SupportOrdering><CountDetails
        xmlns:d2p1="http://schemas.microsoft.com/netservices/2011/06/servicebus"><d2p1:ActiveMessageCount>0</d2p1:ActiveMessageCount><d2p1:DeadLetterMessageCount>0</d2p1:DeadLetterMessageCount><d2p1:ScheduledMessageCount>0</d2p1:ScheduledMessageCount><d2p1:TransferMessageCount>0</d2p1:TransferMessageCount><d2p1:TransferDeadLetterMessageCount>0</d2p1:TransferDeadLetterMessageCount></CountDetails><AutoDeleteOnIdle>PT10M</AutoDeleteOnIdle><EnablePartitioning>false</EnablePartitioning><EntityAvailabilityStatus>Available</EntityAvailabilityStatus><EnableExpress>true</EnableExpress><ForwardTo>sb://servicebustestpgigjfsnve.servicebus.windows.net/fjrui</ForwardTo><ForwardDeadLetteredMessagesTo>sb://servicebustestpgigjfsnve.servicebus.windows.net/fjrui</ForwardDeadLetteredMessagesTo></QueueDescription></content></entry>
    headers:
      content-type:
      - application/atom+xml;type=entry;charset=utf-8
      date:
      - Mon, 24 May 2021 20:26:36 GMT
      etag:
      - '637574847964070000'
      server:
      - Microsoft-HTTPAPI/2.0
      strict-transport-security:
      - max-age=31536000
      transfer-encoding:
      - chunked
    status:
      code: 200
      message: OK
- request:
    body: null
    headers:
      Accept:
      - application/xml
      Accept-Encoding:
      - gzip, deflate
      Connection:
      - keep-alive
      User-Agent:
      - azsdk-python-servicebusmanagementclient/2017-04 Python/3.9.0 (Windows-10-10.0.19041-SP0)
    method: GET
    uri: https://servicebustestsbname.servicebus.windows.net/fjrui?enrich=false&api-version=2017-04
  response:
    body:
      string: <entry xmlns="http://www.w3.org/2005/Atom"><id>https://servicebustestpgigjfsnve.servicebus.windows.net/fjrui?enrich=false&amp;api-version=2017-04</id><title
        type="text">fjrui</title><published>2021-05-24T20:26:34Z</published><updated>2021-05-24T20:26:36Z</updated><author><name>servicebustestpgigjfsnve</name></author><link
        rel="self" href="https://servicebustestpgigjfsnve.servicebus.windows.net/fjrui?enrich=false&amp;api-version=2017-04"/><content
        type="application/xml"><QueueDescription xmlns="http://schemas.microsoft.com/netservices/2010/10/servicebus/connect"
        xmlns:i="http://www.w3.org/2001/XMLSchema-instance"><LockDuration>PT13S</LockDuration><MaxSizeInMegabytes>3072</MaxSizeInMegabytes><RequiresDuplicateDetection>false</RequiresDuplicateDetection><RequiresSession>false</RequiresSession><DefaultMessageTimeToLive>PT11M</DefaultMessageTimeToLive><DeadLetteringOnMessageExpiration>true</DeadLetteringOnMessageExpiration><DuplicateDetectionHistoryTimeWindow>PT12M</DuplicateDetectionHistoryTimeWindow><MaxDeliveryCount>14</MaxDeliveryCount><EnableBatchedOperations>true</EnableBatchedOperations><SizeInBytes>0</SizeInBytes><MessageCount>0</MessageCount><IsAnonymousAccessible>false</IsAnonymousAccessible><AuthorizationRules></AuthorizationRules><Status>Active</Status><CreatedAt>2021-05-24T20:26:34.32Z</CreatedAt><UpdatedAt>2021-05-24T20:26:36.903Z</UpdatedAt><AccessedAt>0001-01-01T00:00:00Z</AccessedAt><SupportOrdering>true</SupportOrdering><CountDetails
        xmlns:d2p1="http://schemas.microsoft.com/netservices/2011/06/servicebus"><d2p1:ActiveMessageCount>0</d2p1:ActiveMessageCount><d2p1:DeadLetterMessageCount>0</d2p1:DeadLetterMessageCount><d2p1:ScheduledMessageCount>0</d2p1:ScheduledMessageCount><d2p1:TransferMessageCount>0</d2p1:TransferMessageCount><d2p1:TransferDeadLetterMessageCount>0</d2p1:TransferDeadLetterMessageCount></CountDetails><AutoDeleteOnIdle>PT10M</AutoDeleteOnIdle><EnablePartitioning>false</EnablePartitioning><EntityAvailabilityStatus>Available</EntityAvailabilityStatus><EnableExpress>true</EnableExpress><ForwardTo>sb://servicebustestpgigjfsnve.servicebus.windows.net/fjrui</ForwardTo><ForwardDeadLetteredMessagesTo>sb://servicebustestpgigjfsnve.servicebus.windows.net/fjrui</ForwardDeadLetteredMessagesTo></QueueDescription></content></entry>
    headers:
      content-type:
      - application/atom+xml;type=entry;charset=utf-8
      date:
      - Mon, 24 May 2021 20:26:37 GMT
      etag:
      - '637574847969030000'
      server:
      - Microsoft-HTTPAPI/2.0
      strict-transport-security:
      - max-age=31536000
      transfer-encoding:
      - chunked
    status:
      code: 200
      message: OK
- request:
    body: '<?xml version=''1.0'' encoding=''utf-8''?>

      <ns0:entry xmlns:d2p1="http://schemas.microsoft.com/netservices/2011/06/servicebus"
      xmlns:ns0="http://www.w3.org/2005/Atom" xmlns="http://schemas.microsoft.com/netservices/2010/10/servicebus/connect"><ns0:content
      type="application/xml"><QueueDescription><LockDuration>PT13S</LockDuration><MaxSizeInMegabytes>3072</MaxSizeInMegabytes><RequiresDuplicateDetection>false</RequiresDuplicateDetection><RequiresSession>false</RequiresSession><DefaultMessageTimeToLive>PT11M2S</DefaultMessageTimeToLive><DeadLetteringOnMessageExpiration>true</DeadLetteringOnMessageExpiration><DuplicateDetectionHistoryTimeWindow>PT12M3S</DuplicateDetectionHistoryTimeWindow><MaxDeliveryCount>14</MaxDeliveryCount><EnableBatchedOperations>true</EnableBatchedOperations><SizeInBytes>0</SizeInBytes><MessageCount>0</MessageCount><IsAnonymousAccessible>false</IsAnonymousAccessible><AuthorizationRules
      /><Status>Active</Status><CreatedAt>2021-05-24T20:26:34.320Z</CreatedAt><UpdatedAt>2021-05-24T20:26:36.903Z</UpdatedAt><AccessedAt>0001-01-01T00:00:00.000Z</AccessedAt><SupportOrdering>true</SupportOrdering><CountDetails><d2p1:ActiveMessageCount>0</d2p1:ActiveMessageCount><d2p1:DeadLetterMessageCount>0</d2p1:DeadLetterMessageCount><d2p1:ScheduledMessageCount>0</d2p1:ScheduledMessageCount><d2p1:TransferDeadLetterMessageCount>0</d2p1:TransferDeadLetterMessageCount><d2p1:TransferMessageCount>0</d2p1:TransferMessageCount></CountDetails><AutoDeleteOnIdle>PT10M1S</AutoDeleteOnIdle><EnablePartitioning>false</EnablePartitioning><EntityAvailabilityStatus>Available</EntityAvailabilityStatus><EnableExpress>true</EnableExpress><ForwardTo>sb://servicebustestpgigjfsnve.servicebus.windows.net/fjrui</ForwardTo><ForwardDeadLetteredMessagesTo>sb://servicebustestpgigjfsnve.servicebus.windows.net/fjrui</ForwardDeadLetteredMessagesTo></QueueDescription></ns0:content></ns0:entry>'
    headers:
      Accept:
      - application/xml
      Accept-Encoding:
      - gzip, deflate
      Connection:
      - keep-alive
      Content-Length:
      - '1885'
      Content-Type:
      - application/atom+xml
      If-Match:
      - '*'
      ServiceBusDlqSupplementaryAuthorization:
      - SharedAccessSignature sr=sb%3A%2F%2Fservicebustestpgigjfsnve.servicebus.windows.net%2Ffjrui&sig=YfkQNXjZYsFaI9N57Oxwq3Meqp5CeuOnuGJqHfv5aDg%3d&se=1621891596&skn=RootManageSharedAccessKey
      ServiceBusSupplementaryAuthorization:
      - SharedAccessSignature sr=sb%3A%2F%2Fservicebustestpgigjfsnve.servicebus.windows.net%2Ffjrui&sig=YfkQNXjZYsFaI9N57Oxwq3Meqp5CeuOnuGJqHfv5aDg%3d&se=1621891596&skn=RootManageSharedAccessKey
      User-Agent:
      - azsdk-python-servicebusmanagementclient/2017-04 Python/3.9.0 (Windows-10-10.0.19041-SP0)
    method: PUT
    uri: https://servicebustestsbname.servicebus.windows.net/fjrui?api-version=2017-04
  response:
    body:
      string: <entry xmlns="http://www.w3.org/2005/Atom"><id>https://servicebustestpgigjfsnve.servicebus.windows.net/fjrui?api-version=2017-04</id><title
        type="text">fjrui</title><updated>2021-05-24T20:26:37Z</updated><author><name>servicebustestpgigjfsnve</name></author><link
        rel="self" href="https://servicebustestpgigjfsnve.servicebus.windows.net/fjrui?api-version=2017-04"/><content
        type="application/xml"><QueueDescription xmlns="http://schemas.microsoft.com/netservices/2010/10/servicebus/connect"
        xmlns:i="http://www.w3.org/2001/XMLSchema-instance"><LockDuration>PT13S</LockDuration><MaxSizeInMegabytes>3072</MaxSizeInMegabytes><RequiresDuplicateDetection>false</RequiresDuplicateDetection><RequiresSession>false</RequiresSession><DefaultMessageTimeToLive>PT11M2S</DefaultMessageTimeToLive><DeadLetteringOnMessageExpiration>true</DeadLetteringOnMessageExpiration><DuplicateDetectionHistoryTimeWindow>PT12M3S</DuplicateDetectionHistoryTimeWindow><MaxDeliveryCount>14</MaxDeliveryCount><EnableBatchedOperations>true</EnableBatchedOperations><SizeInBytes>0</SizeInBytes><MessageCount>0</MessageCount><IsAnonymousAccessible>false</IsAnonymousAccessible><AuthorizationRules></AuthorizationRules><Status>Active</Status><CreatedAt>2021-05-24T20:26:34.32Z</CreatedAt><UpdatedAt>2021-05-24T20:26:36.903Z</UpdatedAt><AccessedAt>0001-01-01T00:00:00Z</AccessedAt><SupportOrdering>true</SupportOrdering><CountDetails
        xmlns:d2p1="http://schemas.microsoft.com/netservices/2011/06/servicebus"><d2p1:ActiveMessageCount>0</d2p1:ActiveMessageCount><d2p1:DeadLetterMessageCount>0</d2p1:DeadLetterMessageCount><d2p1:ScheduledMessageCount>0</d2p1:ScheduledMessageCount><d2p1:TransferMessageCount>0</d2p1:TransferMessageCount><d2p1:TransferDeadLetterMessageCount>0</d2p1:TransferDeadLetterMessageCount></CountDetails><AutoDeleteOnIdle>PT10M1S</AutoDeleteOnIdle><EnablePartitioning>false</EnablePartitioning><EntityAvailabilityStatus>Available</EntityAvailabilityStatus><EnableExpress>true</EnableExpress><ForwardTo>sb://servicebustestpgigjfsnve.servicebus.windows.net/fjrui</ForwardTo><ForwardDeadLetteredMessagesTo>sb://servicebustestpgigjfsnve.servicebus.windows.net/fjrui</ForwardDeadLetteredMessagesTo></QueueDescription></content></entry>
    headers:
      content-type:
      - application/atom+xml;type=entry;charset=utf-8
      date:
      - Mon, 24 May 2021 20:26:37 GMT
      etag:
      - '637574847969030000'
      server:
      - Microsoft-HTTPAPI/2.0
      strict-transport-security:
      - max-age=31536000
      transfer-encoding:
      - chunked
    status:
      code: 200
      message: OK
- request:
    body: null
    headers:
      Accept:
      - application/xml
      Accept-Encoding:
      - gzip, deflate
      Connection:
      - keep-alive
      User-Agent:
      - azsdk-python-servicebusmanagementclient/2017-04 Python/3.9.0 (Windows-10-10.0.19041-SP0)
    method: GET
    uri: https://servicebustestsbname.servicebus.windows.net/fjrui?enrich=false&api-version=2017-04
  response:
    body:
      string: <entry xmlns="http://www.w3.org/2005/Atom"><id>https://servicebustestpgigjfsnve.servicebus.windows.net/fjrui?enrich=false&amp;api-version=2017-04</id><title
        type="text">fjrui</title><published>2021-05-24T20:26:34Z</published><updated>2021-05-24T20:26:37Z</updated><author><name>servicebustestpgigjfsnve</name></author><link
        rel="self" href="https://servicebustestpgigjfsnve.servicebus.windows.net/fjrui?enrich=false&amp;api-version=2017-04"/><content
        type="application/xml"><QueueDescription xmlns="http://schemas.microsoft.com/netservices/2010/10/servicebus/connect"
        xmlns:i="http://www.w3.org/2001/XMLSchema-instance"><LockDuration>PT13S</LockDuration><MaxSizeInMegabytes>3072</MaxSizeInMegabytes><RequiresDuplicateDetection>false</RequiresDuplicateDetection><RequiresSession>false</RequiresSession><DefaultMessageTimeToLive>PT11M2S</DefaultMessageTimeToLive><DeadLetteringOnMessageExpiration>true</DeadLetteringOnMessageExpiration><DuplicateDetectionHistoryTimeWindow>PT12M3S</DuplicateDetectionHistoryTimeWindow><MaxDeliveryCount>14</MaxDeliveryCount><EnableBatchedOperations>true</EnableBatchedOperations><SizeInBytes>0</SizeInBytes><MessageCount>0</MessageCount><IsAnonymousAccessible>false</IsAnonymousAccessible><AuthorizationRules></AuthorizationRules><Status>Active</Status><CreatedAt>2021-05-24T20:26:34.32Z</CreatedAt><UpdatedAt>2021-05-24T20:26:37.257Z</UpdatedAt><AccessedAt>0001-01-01T00:00:00Z</AccessedAt><SupportOrdering>true</SupportOrdering><CountDetails
        xmlns:d2p1="http://schemas.microsoft.com/netservices/2011/06/servicebus"><d2p1:ActiveMessageCount>0</d2p1:ActiveMessageCount><d2p1:DeadLetterMessageCount>0</d2p1:DeadLetterMessageCount><d2p1:ScheduledMessageCount>0</d2p1:ScheduledMessageCount><d2p1:TransferMessageCount>0</d2p1:TransferMessageCount><d2p1:TransferDeadLetterMessageCount>0</d2p1:TransferDeadLetterMessageCount></CountDetails><AutoDeleteOnIdle>PT10M1S</AutoDeleteOnIdle><EnablePartitioning>false</EnablePartitioning><EntityAvailabilityStatus>Available</EntityAvailabilityStatus><EnableExpress>true</EnableExpress><ForwardTo>sb://servicebustestpgigjfsnve.servicebus.windows.net/fjrui</ForwardTo><ForwardDeadLetteredMessagesTo>sb://servicebustestpgigjfsnve.servicebus.windows.net/fjrui</ForwardDeadLetteredMessagesTo></QueueDescription></content></entry>
    headers:
      content-type:
      - application/atom+xml;type=entry;charset=utf-8
      date:
      - Mon, 24 May 2021 20:26:37 GMT
      etag:
      - '637574847972570000'
      server:
      - Microsoft-HTTPAPI/2.0
      strict-transport-security:
      - max-age=31536000
      transfer-encoding:
      - chunked
    status:
      code: 200
      message: OK
- request:
    body: '<?xml version=''1.0'' encoding=''utf-8''?>

      <ns0:entry xmlns:d2p1="http://schemas.microsoft.com/netservices/2011/06/servicebus"
      xmlns:ns0="http://www.w3.org/2005/Atom" xmlns="http://schemas.microsoft.com/netservices/2010/10/servicebus/connect"><ns0:content
      type="application/xml"><QueueDescription><LockDuration>PT18S</LockDuration><MaxSizeInMegabytes>2048</MaxSizeInMegabytes><RequiresDuplicateDetection>false</RequiresDuplicateDetection><RequiresSession>false</RequiresSession><DefaultMessageTimeToLive>PT16M</DefaultMessageTimeToLive><DeadLetteringOnMessageExpiration>false</DeadLetteringOnMessageExpiration><DuplicateDetectionHistoryTimeWindow>PT17M</DuplicateDetectionHistoryTimeWindow><MaxDeliveryCount>15</MaxDeliveryCount><EnableBatchedOperations>false</EnableBatchedOperations><SizeInBytes>0</SizeInBytes><MessageCount>0</MessageCount><IsAnonymousAccessible>false</IsAnonymousAccessible><AuthorizationRules
      /><Status>Active</Status><CreatedAt>2021-05-24T20:26:34.320Z</CreatedAt><UpdatedAt>2021-05-24T20:26:37.257Z</UpdatedAt><AccessedAt>0001-01-01T00:00:00.000Z</AccessedAt><SupportOrdering>true</SupportOrdering><CountDetails><d2p1:ActiveMessageCount>0</d2p1:ActiveMessageCount><d2p1:DeadLetterMessageCount>0</d2p1:DeadLetterMessageCount><d2p1:ScheduledMessageCount>0</d2p1:ScheduledMessageCount><d2p1:TransferDeadLetterMessageCount>0</d2p1:TransferDeadLetterMessageCount><d2p1:TransferMessageCount>0</d2p1:TransferMessageCount></CountDetails><AutoDeleteOnIdle>PT15M</AutoDeleteOnIdle><EnablePartitioning>false</EnablePartitioning><EntityAvailabilityStatus>Available</EntityAvailabilityStatus><EnableExpress>false</EnableExpress></QueueDescription></ns0:content></ns0:entry>'
    headers:
      Accept:
      - application/xml
      Accept-Encoding:
      - gzip, deflate
      Connection:
      - keep-alive
      Content-Length:
      - '1680'
      Content-Type:
      - application/atom+xml
      If-Match:
      - '*'
      User-Agent:
      - azsdk-python-servicebusmanagementclient/2017-04 Python/3.9.0 (Windows-10-10.0.19041-SP0)
    method: PUT
    uri: https://servicebustestsbname.servicebus.windows.net/fjrui?api-version=2017-04
  response:
    body:
      string: <entry xmlns="http://www.w3.org/2005/Atom"><id>https://servicebustestpgigjfsnve.servicebus.windows.net/fjrui?api-version=2017-04</id><title
        type="text">fjrui</title><updated>2021-05-24T20:26:37Z</updated><author><name>servicebustestpgigjfsnve</name></author><link
        rel="self" href="https://servicebustestpgigjfsnve.servicebus.windows.net/fjrui?api-version=2017-04"/><content
        type="application/xml"><QueueDescription xmlns="http://schemas.microsoft.com/netservices/2010/10/servicebus/connect"
        xmlns:i="http://www.w3.org/2001/XMLSchema-instance"><LockDuration>PT18S</LockDuration><MaxSizeInMegabytes>2048</MaxSizeInMegabytes><RequiresDuplicateDetection>false</RequiresDuplicateDetection><RequiresSession>false</RequiresSession><DefaultMessageTimeToLive>PT16M</DefaultMessageTimeToLive><DeadLetteringOnMessageExpiration>false</DeadLetteringOnMessageExpiration><DuplicateDetectionHistoryTimeWindow>PT17M</DuplicateDetectionHistoryTimeWindow><MaxDeliveryCount>15</MaxDeliveryCount><EnableBatchedOperations>false</EnableBatchedOperations><SizeInBytes>0</SizeInBytes><MessageCount>0</MessageCount><IsAnonymousAccessible>false</IsAnonymousAccessible><AuthorizationRules></AuthorizationRules><Status>Active</Status><CreatedAt>2021-05-24T20:26:34.32Z</CreatedAt><UpdatedAt>2021-05-24T20:26:37.257Z</UpdatedAt><AccessedAt>0001-01-01T00:00:00Z</AccessedAt><SupportOrdering>true</SupportOrdering><CountDetails
        xmlns:d2p1="http://schemas.microsoft.com/netservices/2011/06/servicebus"><d2p1:ActiveMessageCount>0</d2p1:ActiveMessageCount><d2p1:DeadLetterMessageCount>0</d2p1:DeadLetterMessageCount><d2p1:ScheduledMessageCount>0</d2p1:ScheduledMessageCount><d2p1:TransferMessageCount>0</d2p1:TransferMessageCount><d2p1:TransferDeadLetterMessageCount>0</d2p1:TransferDeadLetterMessageCount></CountDetails><AutoDeleteOnIdle>PT15M</AutoDeleteOnIdle><EnablePartitioning>false</EnablePartitioning><EntityAvailabilityStatus>Available</EntityAvailabilityStatus><EnableExpress>false</EnableExpress></QueueDescription></content></entry>
    headers:
      content-type:
      - application/atom+xml;type=entry;charset=utf-8
      date:
      - Mon, 24 May 2021 20:26:37 GMT
      etag:
      - '637574847972570000'
      server:
      - Microsoft-HTTPAPI/2.0
      strict-transport-security:
      - max-age=31536000
      transfer-encoding:
      - chunked
    status:
      code: 200
      message: OK
- request:
    body: null
    headers:
      Accept:
      - application/xml
      Accept-Encoding:
      - gzip, deflate
      Connection:
      - keep-alive
      User-Agent:
      - azsdk-python-servicebusmanagementclient/2017-04 Python/3.9.0 (Windows-10-10.0.19041-SP0)
    method: GET
    uri: https://servicebustestsbname.servicebus.windows.net/fjrui?enrich=false&api-version=2017-04
  response:
    body:
      string: <entry xmlns="http://www.w3.org/2005/Atom"><id>https://servicebustestpgigjfsnve.servicebus.windows.net/fjrui?enrich=false&amp;api-version=2017-04</id><title
        type="text">fjrui</title><published>2021-05-24T20:26:34Z</published><updated>2021-05-24T20:26:37Z</updated><author><name>servicebustestpgigjfsnve</name></author><link
        rel="self" href="https://servicebustestpgigjfsnve.servicebus.windows.net/fjrui?enrich=false&amp;api-version=2017-04"/><content
        type="application/xml"><QueueDescription xmlns="http://schemas.microsoft.com/netservices/2010/10/servicebus/connect"
        xmlns:i="http://www.w3.org/2001/XMLSchema-instance"><LockDuration>PT18S</LockDuration><MaxSizeInMegabytes>2048</MaxSizeInMegabytes><RequiresDuplicateDetection>false</RequiresDuplicateDetection><RequiresSession>false</RequiresSession><DefaultMessageTimeToLive>PT16M</DefaultMessageTimeToLive><DeadLetteringOnMessageExpiration>false</DeadLetteringOnMessageExpiration><DuplicateDetectionHistoryTimeWindow>PT17M</DuplicateDetectionHistoryTimeWindow><MaxDeliveryCount>15</MaxDeliveryCount><EnableBatchedOperations>false</EnableBatchedOperations><SizeInBytes>0</SizeInBytes><MessageCount>0</MessageCount><IsAnonymousAccessible>false</IsAnonymousAccessible><AuthorizationRules></AuthorizationRules><Status>Active</Status><CreatedAt>2021-05-24T20:26:34.32Z</CreatedAt><UpdatedAt>2021-05-24T20:26:37.733Z</UpdatedAt><AccessedAt>0001-01-01T00:00:00Z</AccessedAt><SupportOrdering>true</SupportOrdering><CountDetails
        xmlns:d2p1="http://schemas.microsoft.com/netservices/2011/06/servicebus"><d2p1:ActiveMessageCount>0</d2p1:ActiveMessageCount><d2p1:DeadLetterMessageCount>0</d2p1:DeadLetterMessageCount><d2p1:ScheduledMessageCount>0</d2p1:ScheduledMessageCount><d2p1:TransferMessageCount>0</d2p1:TransferMessageCount><d2p1:TransferDeadLetterMessageCount>0</d2p1:TransferDeadLetterMessageCount></CountDetails><AutoDeleteOnIdle>PT15M</AutoDeleteOnIdle><EnablePartitioning>false</EnablePartitioning><EntityAvailabilityStatus>Available</EntityAvailabilityStatus><EnableExpress>false</EnableExpress></QueueDescription></content></entry>
    headers:
      content-type:
      - application/atom+xml;type=entry;charset=utf-8
      date:
      - Mon, 24 May 2021 20:26:38 GMT
      etag:
      - '637574847977330000'
      server:
      - Microsoft-HTTPAPI/2.0
      strict-transport-security:
      - max-age=31536000
      transfer-encoding:
      - chunked
    status:
      code: 200
      message: OK
- request:
    body: null
    headers:
      Accept:
      - application/xml
      Accept-Encoding:
      - gzip, deflate
      Connection:
      - keep-alive
      Content-Length:
      - '0'
      User-Agent:
      - azsdk-python-servicebusmanagementclient/2017-04 Python/3.9.0 (Windows-10-10.0.19041-SP0)
    method: DELETE
    uri: https://servicebustestsbname.servicebus.windows.net/fjrui?api-version=2017-04
  response:
    body:
      string: ''
    headers:
      content-length:
      - '0'
      date:
      - Mon, 24 May 2021 20:26:38 GMT
      etag:
      - '637574847977330000'
      server:
      - Microsoft-HTTPAPI/2.0
      strict-transport-security:
      - max-age=31536000
    status:
      code: 200
      message: OK
- request:
    body: null
    headers:
      Accept:
      - application/xml
      Accept-Encoding:
      - gzip, deflate
      Connection:
      - keep-alive
      Content-Length:
      - '0'
      User-Agent:
      - azsdk-python-servicebusmanagementclient/2017-04 Python/3.9.0 (Windows-10-10.0.19041-SP0)
    method: DELETE
    uri: https://servicebustestsbname.servicebus.windows.net/sagho?api-version=2017-04
  response:
    body:
      string: ''
    headers:
      content-length:
      - '0'
      date:
      - Mon, 24 May 2021 20:26:39 GMT
      etag:
      - '637574847952900000'
      server:
      - Microsoft-HTTPAPI/2.0
      strict-transport-security:
      - max-age=31536000
    status:
      code: 200
      message: OK
version: 1
