interactions:
- request:
    body: null
    headers:
      Accept:
      - application/xml
      Accept-Encoding:
      - gzip, deflate
      Connection:
      - keep-alive
      User-Agent:
      - azsdk-python-servicebusmanagementclient/2017-04 Python/3.7.9 (Windows-10-10.0.19041-SP0)
    method: GET
    uri: https://servicebustestsbname.servicebus.windows.net/$Resources/queues?$skip=0&$top=100&api-version=2017-04
  response:
    body:
      string: <feed xmlns="http://www.w3.org/2005/Atom"><title type="text">Queues</title><id>https://servicebustestv5jvbzlsfo.servicebus.windows.net/$Resources/queues?$skip=0&amp;$top=100&amp;api-version=2017-04</id><updated>2021-04-15T16:04:52Z</updated><link
        rel="self" href="https://servicebustestv5jvbzlsfo.servicebus.windows.net/$Resources/queues?$skip=0&amp;$top=100&amp;api-version=2017-04"/></feed>
    headers:
      content-type:
      - application/atom+xml;type=feed;charset=utf-8
      date:
      - Thu, 15 Apr 2021 16:04:51 GMT
      server:
      - Microsoft-HTTPAPI/2.0
      transfer-encoding:
      - chunked
    status:
      code: 200
      message: OK
- request:
    body: '<?xml version=''1.0'' encoding=''utf-8''?>

      <ns0:entry xmlns:ns0="http://www.w3.org/2005/Atom" xmlns="http://schemas.microsoft.com/netservices/2010/10/servicebus/connect"><ns0:content
      type="application/xml"><TopicDescription /></ns0:content></ns0:entry>'
    headers:
      Accept:
      - application/xml
      Accept-Encoding:
      - gzip, deflate
      Connection:
      - keep-alive
      Content-Length:
      - '248'
      Content-Type:
      - application/atom+xml
      User-Agent:
      - azsdk-python-servicebusmanagementclient/2017-04 Python/3.7.9 (Windows-10-10.0.19041-SP0)
    method: PUT
    uri: https://servicebustestsbname.servicebus.windows.net/aghadh?api-version=2017-04
  response:
    body:
      string: <entry xmlns="http://www.w3.org/2005/Atom"><id>https://servicebustestv5jvbzlsfo.servicebus.windows.net/aghadh?api-version=2017-04</id><title
        type="text">aghadh</title><published>2021-04-15T16:04:52Z</published><updated>2021-04-15T16:04:52Z</updated><author><name>servicebustestv5jvbzlsfo</name></author><link
        rel="self" href="https://servicebustestv5jvbzlsfo.servicebus.windows.net/aghadh?api-version=2017-04"/><content
        type="application/xml"><TopicDescription xmlns="http://schemas.microsoft.com/netservices/2010/10/servicebus/connect"
        xmlns:i="http://www.w3.org/2001/XMLSchema-instance"><DefaultMessageTimeToLive>P10675199DT2H48M5.4775807S</DefaultMessageTimeToLive><MaxSizeInMegabytes>1024</MaxSizeInMegabytes><RequiresDuplicateDetection>false</RequiresDuplicateDetection><DuplicateDetectionHistoryTimeWindow>PT10M</DuplicateDetectionHistoryTimeWindow><EnableBatchedOperations>true</EnableBatchedOperations><SizeInBytes>0</SizeInBytes><FilteringMessagesBeforePublishing>false</FilteringMessagesBeforePublishing><IsAnonymousAccessible>false</IsAnonymousAccessible><AuthorizationRules></AuthorizationRules><Status>Active</Status><CreatedAt>2021-04-15T16:04:52.757Z</CreatedAt><UpdatedAt>2021-04-15T16:04:52.823Z</UpdatedAt><SupportOrdering>true</SupportOrdering><AutoDeleteOnIdle>P10675199DT2H48M5.4775807S</AutoDeleteOnIdle><EnablePartitioning>false</EnablePartitioning><EntityAvailabilityStatus>Available</EntityAvailabilityStatus><EnableSubscriptionPartitioning>false</EnableSubscriptionPartitioning><EnableExpress>false</EnableExpress></TopicDescription></content></entry>
    headers:
      content-type:
      - application/atom+xml;type=entry;charset=utf-8
      date:
      - Thu, 15 Apr 2021 16:04:52 GMT
      server:
      - Microsoft-HTTPAPI/2.0
      strict-transport-security:
      - max-age=31536000
      transfer-encoding:
      - chunked
    status:
      code: 201
      message: Created
- request:
    body: '<?xml version=''1.0'' encoding=''utf-8''?>

      <ns0:entry xmlns:ns0="http://www.w3.org/2005/Atom" xmlns="http://schemas.microsoft.com/netservices/2010/10/servicebus/connect"><ns0:content
      type="application/xml"><QueueDescription><LockDuration>PT13S</LockDuration><MaxSizeInMegabytes>3072</MaxSizeInMegabytes><RequiresSession>true</RequiresSession><DefaultMessageTimeToLive>PT11M</DefaultMessageTimeToLive><DeadLetteringOnMessageExpiration>true</DeadLetteringOnMessageExpiration><DuplicateDetectionHistoryTimeWindow>PT12M</DuplicateDetectionHistoryTimeWindow><MaxDeliveryCount>14</MaxDeliveryCount><EnableBatchedOperations>true</EnableBatchedOperations><AutoDeleteOnIdle>PT10M</AutoDeleteOnIdle><EnablePartitioning>true</EnablePartitioning><EnableExpress>true</EnableExpress><ForwardTo>sb://servicebustestv5jvbzlsfo.servicebus.windows.net/aghadh</ForwardTo><ForwardDeadLetteredMessagesTo>sb://servicebustestv5jvbzlsfo.servicebus.windows.net/aghadh</ForwardDeadLetteredMessagesTo></QueueDescription></ns0:content></ns0:entry>'
    headers:
      Accept:
      - application/xml
      Accept-Encoding:
      - gzip, deflate
      Connection:
      - keep-alive
      Content-Length:
      - '1014'
      Content-Type:
      - application/atom+xml
      ServiceBusDlqSupplementaryAuthorization:
      - SharedAccessSignature sr=sb%3A%2F%2Fservicebustestv5jvbzlsfo.servicebus.windows.net%2Faghadh&sig=oHclIRG18cqdqnsupNiZNZYCjG6pIa8smm1AV7YsMBs%3d&se=1618506293&skn=RootManageSharedAccessKey
      ServiceBusSupplementaryAuthorization:
      - SharedAccessSignature sr=sb%3A%2F%2Fservicebustestv5jvbzlsfo.servicebus.windows.net%2Faghadh&sig=oHclIRG18cqdqnsupNiZNZYCjG6pIa8smm1AV7YsMBs%3d&se=1618506293&skn=RootManageSharedAccessKey
      User-Agent:
      - azsdk-python-servicebusmanagementclient/2017-04 Python/3.7.9 (Windows-10-10.0.19041-SP0)
    method: PUT
    uri: https://servicebustestsbname.servicebus.windows.net/iweidk?api-version=2017-04
  response:
    body:
      string: <entry xmlns="http://www.w3.org/2005/Atom"><id>https://servicebustestv5jvbzlsfo.servicebus.windows.net/iweidk?api-version=2017-04</id><title
        type="text">iweidk</title><published>2021-04-15T16:04:53Z</published><updated>2021-04-15T16:04:54Z</updated><author><name>servicebustestv5jvbzlsfo</name></author><link
        rel="self" href="https://servicebustestv5jvbzlsfo.servicebus.windows.net/iweidk?api-version=2017-04"/><content
        type="application/xml"><QueueDescription xmlns="http://schemas.microsoft.com/netservices/2010/10/servicebus/connect"
        xmlns:i="http://www.w3.org/2001/XMLSchema-instance"><LockDuration>PT13S</LockDuration><MaxSizeInMegabytes>49152</MaxSizeInMegabytes><RequiresDuplicateDetection>false</RequiresDuplicateDetection><RequiresSession>true</RequiresSession><DefaultMessageTimeToLive>PT11M</DefaultMessageTimeToLive><DeadLetteringOnMessageExpiration>true</DeadLetteringOnMessageExpiration><DuplicateDetectionHistoryTimeWindow>PT12M</DuplicateDetectionHistoryTimeWindow><MaxDeliveryCount>14</MaxDeliveryCount><EnableBatchedOperations>true</EnableBatchedOperations><SizeInBytes>0</SizeInBytes><MessageCount>0</MessageCount><IsAnonymousAccessible>false</IsAnonymousAccessible><AuthorizationRules></AuthorizationRules><Status>Active</Status><CreatedAt>2021-04-15T16:04:53.867Z</CreatedAt><UpdatedAt>2021-04-15T16:04:54.013Z</UpdatedAt><SupportOrdering>false</SupportOrdering><AutoDeleteOnIdle>PT10M</AutoDeleteOnIdle><EnablePartitioning>true</EnablePartitioning><EntityAvailabilityStatus>Available</EntityAvailabilityStatus><EnableExpress>true</EnableExpress><ForwardTo>sb://servicebustestv5jvbzlsfo.servicebus.windows.net/aghadh</ForwardTo><ForwardDeadLetteredMessagesTo>sb://servicebustestv5jvbzlsfo.servicebus.windows.net/aghadh</ForwardDeadLetteredMessagesTo></QueueDescription></content></entry>
    headers:
      content-type:
      - application/atom+xml;type=entry;charset=utf-8
      date:
      - Thu, 15 Apr 2021 16:04:53 GMT
      server:
      - Microsoft-HTTPAPI/2.0
      strict-transport-security:
      - max-age=31536000
      transfer-encoding:
      - chunked
    status:
      code: 201
      message: Created
- request:
    body: '<?xml version=''1.0'' encoding=''utf-8''?>

      <ns0:entry xmlns:ns0="http://www.w3.org/2005/Atom" xmlns="http://schemas.microsoft.com/netservices/2010/10/servicebus/connect"><ns0:content
      type="application/xml"><QueueDescription><LockDuration>PT13S</LockDuration><MaxSizeInMegabytes>3072</MaxSizeInMegabytes><RequiresSession>true</RequiresSession><DefaultMessageTimeToLive>PT11M2S</DefaultMessageTimeToLive><DeadLetteringOnMessageExpiration>true</DeadLetteringOnMessageExpiration><DuplicateDetectionHistoryTimeWindow>PT12M3S</DuplicateDetectionHistoryTimeWindow><MaxDeliveryCount>14</MaxDeliveryCount><EnableBatchedOperations>true</EnableBatchedOperations><AutoDeleteOnIdle>PT10M1S</AutoDeleteOnIdle><EnablePartitioning>true</EnablePartitioning><EnableExpress>true</EnableExpress><ForwardTo>sb://servicebustestv5jvbzlsfo.servicebus.windows.net/aghadh</ForwardTo><ForwardDeadLetteredMessagesTo>sb://servicebustestv5jvbzlsfo.servicebus.windows.net/aghadh</ForwardDeadLetteredMessagesTo></QueueDescription></ns0:content></ns0:entry>'
    headers:
      Accept:
      - application/xml
      Accept-Encoding:
      - gzip, deflate
      Connection:
      - keep-alive
      Content-Length:
      - '1020'
      Content-Type:
      - application/atom+xml
      ServiceBusDlqSupplementaryAuthorization:
      - SharedAccessSignature sr=sb%3A%2F%2Fservicebustestv5jvbzlsfo.servicebus.windows.net%2Faghadh&sig=vgcPY6G5H3ivZDa%2bwzh%2fJgu0gEZVVMEyttf0MkUA%2fq8%3d&se=1618506294&skn=RootManageSharedAccessKey
      ServiceBusSupplementaryAuthorization:
      - SharedAccessSignature sr=sb%3A%2F%2Fservicebustestv5jvbzlsfo.servicebus.windows.net%2Faghadh&sig=vgcPY6G5H3ivZDa%2bwzh%2fJgu0gEZVVMEyttf0MkUA%2fq8%3d&se=1618506294&skn=RootManageSharedAccessKey
      User-Agent:
      - azsdk-python-servicebusmanagementclient/2017-04 Python/3.7.9 (Windows-10-10.0.19041-SP0)
    method: PUT
    uri: https://servicebustestsbname.servicebus.windows.net/vladsk?api-version=2017-04
  response:
    body:
      string: <entry xmlns="http://www.w3.org/2005/Atom"><id>https://servicebustestv5jvbzlsfo.servicebus.windows.net/vladsk?api-version=2017-04</id><title
        type="text">vladsk</title><published>2021-04-15T16:04:54Z</published><updated>2021-04-15T16:04:55Z</updated><author><name>servicebustestv5jvbzlsfo</name></author><link
        rel="self" href="https://servicebustestv5jvbzlsfo.servicebus.windows.net/vladsk?api-version=2017-04"/><content
        type="application/xml"><QueueDescription xmlns="http://schemas.microsoft.com/netservices/2010/10/servicebus/connect"
        xmlns:i="http://www.w3.org/2001/XMLSchema-instance"><LockDuration>PT13S</LockDuration><MaxSizeInMegabytes>49152</MaxSizeInMegabytes><RequiresDuplicateDetection>false</RequiresDuplicateDetection><RequiresSession>true</RequiresSession><DefaultMessageTimeToLive>PT11M2S</DefaultMessageTimeToLive><DeadLetteringOnMessageExpiration>true</DeadLetteringOnMessageExpiration><DuplicateDetectionHistoryTimeWindow>PT12M3S</DuplicateDetectionHistoryTimeWindow><MaxDeliveryCount>14</MaxDeliveryCount><EnableBatchedOperations>true</EnableBatchedOperations><SizeInBytes>0</SizeInBytes><MessageCount>0</MessageCount><IsAnonymousAccessible>false</IsAnonymousAccessible><AuthorizationRules></AuthorizationRules><Status>Active</Status><CreatedAt>2021-04-15T16:04:54.977Z</CreatedAt><UpdatedAt>2021-04-15T16:04:55.92Z</UpdatedAt><SupportOrdering>false</SupportOrdering><AutoDeleteOnIdle>PT10M1S</AutoDeleteOnIdle><EnablePartitioning>true</EnablePartitioning><EntityAvailabilityStatus>Available</EntityAvailabilityStatus><EnableExpress>true</EnableExpress><ForwardTo>sb://servicebustestv5jvbzlsfo.servicebus.windows.net/aghadh</ForwardTo><ForwardDeadLetteredMessagesTo>sb://servicebustestv5jvbzlsfo.servicebus.windows.net/aghadh</ForwardDeadLetteredMessagesTo></QueueDescription></content></entry>
    headers:
      content-type:
      - application/atom+xml;type=entry;charset=utf-8
      date:
      - Thu, 15 Apr 2021 16:04:55 GMT
      server:
      - Microsoft-HTTPAPI/2.0
      strict-transport-security:
      - max-age=31536000
      transfer-encoding:
      - chunked
    status:
      code: 201
      message: Created
- request:
    body: null
    headers:
      Accept:
      - application/xml
      Accept-Encoding:
      - gzip, deflate
      Connection:
      - keep-alive
      User-Agent:
      - azsdk-python-servicebusmanagementclient/2017-04 Python/3.7.9 (Windows-10-10.0.19041-SP0)
    method: GET
    uri: https://servicebustestsbname.servicebus.windows.net/iweidk?enrich=false&api-version=2017-04
  response:
    body:
      string: <entry xmlns="http://www.w3.org/2005/Atom"><id>https://servicebustestv5jvbzlsfo.servicebus.windows.net/iweidk?enrich=false&amp;api-version=2017-04</id><title
        type="text">iweidk</title><published>2021-04-15T16:04:53Z</published><updated>2021-04-15T16:04:54Z</updated><author><name>servicebustestv5jvbzlsfo</name></author><link
        rel="self" href="https://servicebustestv5jvbzlsfo.servicebus.windows.net/iweidk?enrich=false&amp;api-version=2017-04"/><content
        type="application/xml"><QueueDescription xmlns="http://schemas.microsoft.com/netservices/2010/10/servicebus/connect"
        xmlns:i="http://www.w3.org/2001/XMLSchema-instance"><LockDuration>PT13S</LockDuration><MaxSizeInMegabytes>49152</MaxSizeInMegabytes><RequiresDuplicateDetection>false</RequiresDuplicateDetection><RequiresSession>true</RequiresSession><DefaultMessageTimeToLive>PT11M</DefaultMessageTimeToLive><DeadLetteringOnMessageExpiration>true</DeadLetteringOnMessageExpiration><DuplicateDetectionHistoryTimeWindow>PT12M</DuplicateDetectionHistoryTimeWindow><MaxDeliveryCount>14</MaxDeliveryCount><EnableBatchedOperations>true</EnableBatchedOperations><SizeInBytes>0</SizeInBytes><MessageCount>0</MessageCount><IsAnonymousAccessible>false</IsAnonymousAccessible><AuthorizationRules></AuthorizationRules><Status>Active</Status><CreatedAt>2021-04-15T16:04:53.867Z</CreatedAt><UpdatedAt>2021-04-15T16:04:54.013Z</UpdatedAt><AccessedAt>0001-01-01T00:00:00Z</AccessedAt><SupportOrdering>false</SupportOrdering><CountDetails
        xmlns:d2p1="http://schemas.microsoft.com/netservices/2011/06/servicebus"><d2p1:ActiveMessageCount>0</d2p1:ActiveMessageCount><d2p1:DeadLetterMessageCount>0</d2p1:DeadLetterMessageCount><d2p1:ScheduledMessageCount>0</d2p1:ScheduledMessageCount><d2p1:TransferMessageCount>0</d2p1:TransferMessageCount><d2p1:TransferDeadLetterMessageCount>0</d2p1:TransferDeadLetterMessageCount></CountDetails><AutoDeleteOnIdle>PT10M</AutoDeleteOnIdle><EnablePartitioning>true</EnablePartitioning><EntityAvailabilityStatus>Available</EntityAvailabilityStatus><EnableExpress>true</EnableExpress><ForwardTo>sb://servicebustestv5jvbzlsfo.servicebus.windows.net/aghadh</ForwardTo><ForwardDeadLetteredMessagesTo>sb://servicebustestv5jvbzlsfo.servicebus.windows.net/aghadh</ForwardDeadLetteredMessagesTo></QueueDescription></content></entry>
    headers:
      content-type:
      - application/atom+xml;type=entry;charset=utf-8
      date:
      - Thu, 15 Apr 2021 16:04:56 GMT
      etag:
      - '637540994940130000'
      server:
      - Microsoft-HTTPAPI/2.0
      strict-transport-security:
      - max-age=31536000
      transfer-encoding:
      - chunked
    status:
      code: 200
      message: OK
- request:
    body: null
    headers:
      Accept:
      - application/xml
      Accept-Encoding:
      - gzip, deflate
      Connection:
      - keep-alive
      User-Agent:
      - azsdk-python-servicebusmanagementclient/2017-04 Python/3.7.9 (Windows-10-10.0.19041-SP0)
    method: GET
    uri: https://servicebustestsbname.servicebus.windows.net/vladsk?enrich=false&api-version=2017-04
  response:
    body:
      string: <entry xmlns="http://www.w3.org/2005/Atom"><id>https://servicebustestv5jvbzlsfo.servicebus.windows.net/vladsk?enrich=false&amp;api-version=2017-04</id><title
        type="text">vladsk</title><published>2021-04-15T16:04:54Z</published><updated>2021-04-15T16:04:55Z</updated><author><name>servicebustestv5jvbzlsfo</name></author><link
        rel="self" href="https://servicebustestv5jvbzlsfo.servicebus.windows.net/vladsk?enrich=false&amp;api-version=2017-04"/><content
        type="application/xml"><QueueDescription xmlns="http://schemas.microsoft.com/netservices/2010/10/servicebus/connect"
        xmlns:i="http://www.w3.org/2001/XMLSchema-instance"><LockDuration>PT13S</LockDuration><MaxSizeInMegabytes>49152</MaxSizeInMegabytes><RequiresDuplicateDetection>false</RequiresDuplicateDetection><RequiresSession>true</RequiresSession><DefaultMessageTimeToLive>PT11M2S</DefaultMessageTimeToLive><DeadLetteringOnMessageExpiration>true</DeadLetteringOnMessageExpiration><DuplicateDetectionHistoryTimeWindow>PT12M3S</DuplicateDetectionHistoryTimeWindow><MaxDeliveryCount>14</MaxDeliveryCount><EnableBatchedOperations>true</EnableBatchedOperations><SizeInBytes>0</SizeInBytes><MessageCount>0</MessageCount><IsAnonymousAccessible>false</IsAnonymousAccessible><AuthorizationRules></AuthorizationRules><Status>Active</Status><CreatedAt>2021-04-15T16:04:54.977Z</CreatedAt><UpdatedAt>2021-04-15T16:04:55.92Z</UpdatedAt><AccessedAt>0001-01-01T00:00:00Z</AccessedAt><SupportOrdering>false</SupportOrdering><CountDetails
        xmlns:d2p1="http://schemas.microsoft.com/netservices/2011/06/servicebus"><d2p1:ActiveMessageCount>0</d2p1:ActiveMessageCount><d2p1:DeadLetterMessageCount>0</d2p1:DeadLetterMessageCount><d2p1:ScheduledMessageCount>0</d2p1:ScheduledMessageCount><d2p1:TransferMessageCount>0</d2p1:TransferMessageCount><d2p1:TransferDeadLetterMessageCount>0</d2p1:TransferDeadLetterMessageCount></CountDetails><AutoDeleteOnIdle>PT10M1S</AutoDeleteOnIdle><EnablePartitioning>true</EnablePartitioning><EntityAvailabilityStatus>Available</EntityAvailabilityStatus><EnableExpress>true</EnableExpress><ForwardTo>sb://servicebustestv5jvbzlsfo.servicebus.windows.net/aghadh</ForwardTo><ForwardDeadLetteredMessagesTo>sb://servicebustestv5jvbzlsfo.servicebus.windows.net/aghadh</ForwardDeadLetteredMessagesTo></QueueDescription></content></entry>
    headers:
      content-type:
      - application/atom+xml;type=entry;charset=utf-8
      date:
      - Thu, 15 Apr 2021 16:04:56 GMT
      etag:
      - '637540994959200000'
      server:
      - Microsoft-HTTPAPI/2.0
      strict-transport-security:
      - max-age=31536000
      transfer-encoding:
      - chunked
    status:
      code: 200
      message: OK
- request:
    body: null
    headers:
      Accept:
      - application/xml
      Accept-Encoding:
      - gzip, deflate
      Connection:
      - keep-alive
      Content-Length:
      - '0'
      User-Agent:
      - azsdk-python-servicebusmanagementclient/2017-04 Python/3.7.9 (Windows-10-10.0.19041-SP0)
    method: DELETE
    uri: https://servicebustestsbname.servicebus.windows.net/iweidk?api-version=2017-04
  response:
    body:
      string: ''
    headers:
      content-length:
      - '0'
      date:
      - Thu, 15 Apr 2021 16:04:57 GMT
      etag:
      - '637540994940130000'
      server:
      - Microsoft-HTTPAPI/2.0
      strict-transport-security:
      - max-age=31536000
    status:
      code: 200
      message: OK
- request:
    body: null
    headers:
      Accept:
      - application/xml
      Accept-Encoding:
      - gzip, deflate
      Connection:
      - keep-alive
      Content-Length:
      - '0'
      User-Agent:
      - azsdk-python-servicebusmanagementclient/2017-04 Python/3.7.9 (Windows-10-10.0.19041-SP0)
    method: DELETE
    uri: https://servicebustestsbname.servicebus.windows.net/vladsk?api-version=2017-04
  response:
    body:
      string: ''
    headers:
      content-length:
      - '0'
      date:
      - Thu, 15 Apr 2021 16:04:57 GMT
      etag:
      - '637540994959200000'
      server:
      - Microsoft-HTTPAPI/2.0
      strict-transport-security:
      - max-age=31536000
    status:
      code: 200
      message: OK
- request:
    body: null
    headers:
      Accept:
      - application/xml
      Accept-Encoding:
      - gzip, deflate
      Connection:
      - keep-alive
      Content-Length:
      - '0'
      User-Agent:
      - azsdk-python-servicebusmanagementclient/2017-04 Python/3.7.9 (Windows-10-10.0.19041-SP0)
    method: DELETE
    uri: https://servicebustestsbname.servicebus.windows.net/aghadh?api-version=2017-04
  response:
    body:
      string: ''
    headers:
      content-length:
      - '0'
      date:
      - Thu, 15 Apr 2021 16:04:58 GMT
      etag:
      - '637540994928230000'
      server:
      - Microsoft-HTTPAPI/2.0
      strict-transport-security:
      - max-age=31536000
    status:
      code: 200
      message: OK
version: 1
