interactions:
- request:
    body: '"{\"namespace\":\"example.avro\",\"type\":\"record\",\"name\":\"User\",\"fields\":[{\"name\":\"name\",\"type\":\"string\"},{\"name\":\"favorite_number\",\"type\":[\"int\",\"null\"]},{\"name\":\"favorite_color\",\"type\":[\"string\",\"null\"]}]}"'
    headers:
      Accept:
      - application/json
      Content-Length:
      - '245'
      Content-Type:
      - application/json
      User-Agent:
      - azsdk-python-azureschemaregistry/1.0.0b1 Python/3.9.0rc1 (Windows-10-10.0.19041-SP0)
      X-Schema-Type:
      - Avro
    method: PUT
    uri: https://fake_resource.servicebus.windows.net/$schemagroups/fakegroup/schemas/test-schema-basic-asynce5e1482?api-version=2017-04
  response:
    body:
      string: '{"id":"a8e62268f67e49afb6bcd87537bf2557"}'
    headers:
      content-type: application/json
      date: Thu, 12 Nov 2020 05:59:46 GMT
      location: https://fake_resource.servicebus.windows.net:443/$schemagroups/fakegroup/schemas/test-schema-basic-asynce5e1482/versions/1?api-version=2017-04
      server: Microsoft-HTTPAPI/2.0
      strict-transport-security: max-age=31536000
      transfer-encoding: chunked
      x-schema-id: a8e62268f67e49afb6bcd87537bf2557
      x-schema-id-location: https://seankane.servicebus.windows.net:443/$schemagroups/getschemabyid/a8e62268f67e49afb6bcd87537bf2557?api-version=2017-04
      x-schema-type: Avro
      x-schema-version: '1'
      x-schema-versions-location: https://seankane.servicebus.windows.net:443/$schemagroups/azsdk_net_test_group/schemas/test-schema-basic-asynce5e1482/versions?api-version=2017-04
    status:
      code: 200
      message: OK
    url: https://seankane.servicebus.windows.net/$schemagroups/azsdk_net_test_group/schemas/test-schema-basic-asynce5e1482?api-version=2017-04
- request:
    body: null
    headers:
      Accept:
      - application/json
      User-Agent:
      - azsdk-python-azureschemaregistry/1.0.0b1 Python/3.9.0rc1 (Windows-10-10.0.19041-SP0)
    method: GET
    uri: https://fake_resource.servicebus.windows.net/$schemagroups/getSchemaById/a8e62268f67e49afb6bcd87537bf2557?api-version=2017-04
  response:
    body:
      string: '"{\"namespace\":\"example.avro\",\"type\":\"record\",\"name\":\"User\",\"fields\":[{\"name\":\"name\",\"type\":\"string\"},{\"name\":\"favorite_number\",\"type\":[\"int\",\"null\"]},{\"name\":\"favorite_color\",\"type\":[\"string\",\"null\"]}]}"'
    headers:
      content-type: application/json
      date: Thu, 12 Nov 2020 05:59:47 GMT
      location: https://fake_resource.servicebus.windows.net:443/$schemagroups/fakegroup/schemas/test-schema-basic-asynce5e1482/versions/1?api-version=2017-04
      server: Microsoft-HTTPAPI/2.0
      strict-transport-security: max-age=31536000
      transfer-encoding: chunked
      x-schema-id: a8e62268f67e49afb6bcd87537bf2557
      x-schema-id-location: https://seankane.servicebus.windows.net:443/$schemagroups/getschemabyid/a8e62268f67e49afb6bcd87537bf2557?api-version=2017-04
      x-schema-type: Avro
      x-schema-version: '1'
      x-schema-versions-location: https://seankane.servicebus.windows.net:443/$schemagroups/azsdk_net_test_group/schemas/test-schema-basic-asynce5e1482/versions?api-version=2017-04
    status:
      code: 200
      message: OK
    url: https://seankane.servicebus.windows.net/$schemagroups/getSchemaById/a8e62268f67e49afb6bcd87537bf2557?api-version=2017-04
- request:
    body: '"{\"namespace\":\"example.avro\",\"type\":\"record\",\"name\":\"User\",\"fields\":[{\"name\":\"name\",\"type\":\"string\"},{\"name\":\"favorite_number\",\"type\":[\"int\",\"null\"]},{\"name\":\"favorite_color\",\"type\":[\"string\",\"null\"]}]}"'
    headers:
      Accept:
      - application/json
      Content-Length:
      - '245'
      Content-Type:
      - application/json
      User-Agent:
      - azsdk-python-azureschemaregistry/1.0.0b1 Python/3.9.0rc1 (Windows-10-10.0.19041-SP0)
      X-Schema-Type:
      - Avro
    method: POST
    uri: https://fake_resource.servicebus.windows.net/$schemagroups/fakegroup/schemas/test-schema-basic-asynce5e1482?api-version=2017-04
  response:
    body:
      string: '{"id":"a8e62268f67e49afb6bcd87537bf2557"}'
    headers:
      content-type: application/json
      date: Thu, 12 Nov 2020 05:59:47 GMT
      location: https://fake_resource.servicebus.windows.net:443/$schemagroups/fakegroup/schemas/test-schema-basic-asynce5e1482/versions/1?api-version=2017-04
      server: Microsoft-HTTPAPI/2.0
      strict-transport-security: max-age=31536000
      transfer-encoding: chunked
      x-schema-id: a8e62268f67e49afb6bcd87537bf2557
      x-schema-id-location: https://seankane.servicebus.windows.net:443/$schemagroups/getschemabyid/a8e62268f67e49afb6bcd87537bf2557?api-version=2017-04
      x-schema-type: Avro
      x-schema-version: '1'
      x-schema-versions-location: https://seankane.servicebus.windows.net:443/$schemagroups/azsdk_net_test_group/schemas/test-schema-basic-asynce5e1482/versions?api-version=2017-04
    status:
      code: 200
      message: OK
    url: https://seankane.servicebus.windows.net/$schemagroups/azsdk_net_test_group/schemas/test-schema-basic-asynce5e1482?api-version=2017-04
version: 1
