{
  "Entries": [
    {
      "RequestUri": "https://management.azure.com/subscriptions/00000000-0000-0000-0000-000000000/resourceGroups/00000/providers/Microsoft.MachineLearningServices/workspaces/00000?api-version=2022-10-01",
      "RequestMethod": "GET",
      "RequestHeaders": {
        "Accept": "application/json",
        "Accept-Encoding": "gzip, deflate",
        "Connection": "keep-alive",
        "User-Agent": "azure-ai-ml/1.5.0 azsdk-python-mgmt-machinelearningservices/0.1.0 Python/3.7.9 (Windows-10-10.0.22621-SP0)"
      },
      "RequestBody": null,
      "StatusCode": 200,
      "ResponseHeaders": {
        "Cache-Control": "no-cache",
        "Content-Encoding": "gzip",
        "Content-Type": "application/json; charset=utf-8",
        "Date": "Sun, 05 Mar 2023 05:38:58 GMT",
        "Expires": "-1",
        "Pragma": "no-cache",
        "request-context": "appId=cid-v1:512cc15a-13b5-415b-bfd0-dce7accb6bb1",
        "Server-Timing": "traceparent;desc=\u002200-d2c4f967f57ff16db2848bd74328bc6b-25f7ac61c31192a6-01\u0022",
        "Strict-Transport-Security": "max-age=31536000; includeSubDomains",
        "Transfer-Encoding": "chunked",
        "Vary": [
          "Accept-Encoding",
          "Accept-Encoding"
        ],
        "x-aml-cluster": "vienna-test-westus2-02",
        "X-Content-Type-Options": "nosniff",
        "x-ms-correlation-request-id": "0bd6b48e-f1fb-42e0-add9-fae7d7349ccb",
        "x-ms-ratelimit-remaining-subscription-reads": "11927",
        "x-ms-response-type": "standard",
        "x-ms-routing-request-id": "WESTUS2:20230305T053859Z:0bd6b48e-f1fb-42e0-add9-fae7d7349ccb",
        "x-request-time": "0.012"
      },
      "ResponseBody": {
        "id": "/subscriptions/00000000-0000-0000-0000-000000000/resourceGroups/00000/providers/Microsoft.MachineLearningServices/workspaces/00000",
        "name": "00000",
        "type": "Microsoft.MachineLearningServices/workspaces",
        "location": "centraluseuap",
        "tags": {},
        "etag": null,
        "properties": {
          "friendlyName": "00000",
          "description": "",
          "storageAccount": "/subscriptions/00000000-0000-0000-0000-000000000/resourceGroups/00000/providers/Microsoft.Storage/storageAccounts/sax5mzqu7xztpx4",
          "keyVault": "/subscriptions/00000000-0000-0000-0000-000000000/resourceGroups/00000/providers/Microsoft.Keyvault/vaults/kvtestsgwgquo2dadsi",
          "applicationInsights": "/subscriptions/00000000-0000-0000-0000-000000000/resourceGroups/00000/providers/Microsoft.insights/components/aix5mzqu7xztpx4",
          "hbiWorkspace": false,
          "tenantId": "72f988bf-86f1-41af-91ab-2d7cd011db47",
          "imageBuildCompute": null,
          "provisioningState": "Succeeded",
          "v1LegacyMode": false,
          "softDeleteEnabled": false,
          "containerRegistry": "/subscriptions/00000000-0000-0000-0000-000000000/resourceGroups/00000/providers/Microsoft.ContainerRegistry/registries/crx5mzqu7xztpx4",
          "creationTime": "2023-03-03T20:15:14.9243872Z",
          "notebookInfo": {
            "resourceId": "0000000-0000-0000-0000-000000000000",
            "fqdn": "ml-sdkvnextc-centraluseuap-288fbc99-974d-4a49-b40f-53b041fe40cc.centraluseuap.notebooks.azure.net",
            "isPrivateLinkEnabled": false,
            "notebookPreparationError": null
          },
          "storageHnsEnabled": false,
          "workspaceId": "288fbc99-974d-4a49-b40f-53b041fe40cc",
          "linkedModelInventoryArmId": null,
          "privateLinkCount": 0,
          "publicNetworkAccess": "Enabled",
          "discoveryUrl": "https://master.api.azureml-test.ms/discovery",
          "mlFlowTrackingUri": "azureml://master.api.azureml-test.ms/mlflow/v1.0/subscriptions/00000000-0000-0000-0000-000000000/resourceGroups/00000/providers/Microsoft.MachineLearningServices/workspaces/00000",
          "sdkTelemetryAppInsightsKey": "0000000-0000-0000-0000-000000000000",
          "sasGetterUri": "",
          "enableDataIsolation": false
        },
        "identity": {
          "type": "SystemAssigned",
          "principalId": "0000000-0000-0000-0000-000000000000",
          "tenantId": "72f988bf-86f1-41af-91ab-2d7cd011db47"
        },
        "kind": "Default",
        "sku": {
          "name": "Basic",
          "tier": "Basic"
        },
        "systemData": {
          "createdAt": "2023-03-03T20:15:14.9243872Z",
          "createdBy": "alias@contoso.com",
          "createdByType": "User",
          "lastModifiedAt": "2023-03-03T20:15:14.9243872Z",
          "lastModifiedBy": "alias@contoso.com",
          "lastModifiedByType": "User"
        }
      }
    },
    {
      "RequestUri": "https://master.api.azureml-test.ms/content/v2.0/subscriptions/00000000-0000-0000-0000-000000000/resourceGroups/00000/providers/Microsoft.MachineLearningServices/workspaces/00000/snapshots/getByHash?hash=d3c05b496c685e7e5a204e3cebc689086bd0f622c2975d8090c18968739a464a\u0026hashVersion=202208",
      "RequestMethod": "GET",
      "RequestHeaders": {
        "Accept": "*/*",
        "Accept-Encoding": "gzip, deflate",
        "Connection": "keep-alive",
        "Content-Type": "application/json; charset=UTF-8",
        "User-Agent": "azure-ai-ml/1.5.0 azsdk-python-core/1.26.3 Python/3.7.9 (Windows-10-10.0.22621-SP0)"
      },
      "RequestBody": null,
      "StatusCode": 200,
      "ResponseHeaders": {
        "Connection": "keep-alive",
        "Content-Encoding": "gzip",
        "Content-Type": "application/json; charset=utf-8",
        "Date": "Sun, 05 Mar 2023 05:39:00 GMT",
        "request-context": "appId=cid-v1:512cc15a-13b5-415b-bfd0-dce7accb6bb1",
        "Strict-Transport-Security": "max-age=15724800; includeSubDomains; preload",
        "Transfer-Encoding": "chunked",
        "Vary": "Accept-Encoding",
        "x-aml-cluster": "vienna-test-westus2-01",
        "X-Content-Type-Options": "nosniff",
        "x-ms-response-type": "standard",
        "x-request-time": "0.062"
      },
      "ResponseBody": {
        "snapshotType": "LocalFiles",
        "id": "0a7da1c6-b939-4726-b0d1-1946abc6a154",
        "root": {
          "name": "",
          "hash": null,
          "type": "Directory",
          "timestamp": "0001-01-01T00:00:00\u002B00:00",
          "sasUrl": null,
          "absoluteUrl": null,
          "sizeBytes": 0,
          "sizeSet": false,
          "children": {
            "COMPONENT_PLACEHOLDER": {
              "name": "COMPONENT_PLACEHOLDER",
              "hash": "2FF0E74A91489FE8DA41673EB1441D73",
              "type": "File",
              "timestamp": "0001-01-01T00:00:00\u002B00:00",
              "sasUrl": null,
              "absoluteUrl": null,
              "sizeBytes": 35,
              "sizeSet": true,
              "children": {}
            }
          }
        },
        "tags": {},
        "properties": {
          "hash_sha256": "d3c05b496c685e7e5a204e3cebc689086bd0f622c2975d8090c18968739a464a",
          "hash_version": "202208",
          "azureml.codeUri": "https://sax5mzqu7xztpx4.blob.core.windows.net:443/288fbc99-9-2cabc6a5-9713-532e-8859-6bd6d69e8ce8/"
        },
        "description": null,
        "name": "f1b82144-651f-4f47-bbb4-a6500bc75774",
        "version": "1",
        "createdBy": {
          "userObjectId": "b3a957de-450c-4ca7-b2aa-88dd98c87fef",
          "userPuId": "10037FFEAD05DD5D",
          "userIdp": null,
          "userAltSecId": null,
          "userIss": "https://sts.windows.net/72f988bf-86f1-41af-91ab-2d7cd011db47/",
          "userTenantId": "72f988bf-86f1-41af-91ab-2d7cd011db47",
          "userName": "Firstname Lastname",
          "upn": null
        },
        "createdTime": "2023-03-03T20:24:07.0457611\u002B00:00",
        "modifiedBy": {
          "userObjectId": "b3a957de-450c-4ca7-b2aa-88dd98c87fef",
          "userPuId": "10037FFEAD05DD5D",
          "userIdp": null,
          "userAltSecId": null,
          "userIss": "https://sts.windows.net/72f988bf-86f1-41af-91ab-2d7cd011db47/",
          "userTenantId": "72f988bf-86f1-41af-91ab-2d7cd011db47",
          "userName": "Diondra Peck",
          "upn": null
        },
        "modifiedTime": "2023-03-03T20:24:07.0457611\u002B00:00",
        "gitRepositoryCommit": null,
        "uri": "https://sax5mzqu7xztpx4.blob.core.windows.net:443/288fbc99-9-2cabc6a5-9713-532e-8859-6bd6d69e8ce8/",
        "contentHash": "d3c05b496c685e7e5a204e3cebc689086bd0f622c2975d8090c18968739a464a",
        "hashVersion": "202208",
        "provisioningState": "Succeeded"
      }
    },
    {
      "RequestUri": "https://management.azure.com/subscriptions/00000000-0000-0000-0000-000000000/resourceGroups/00000/providers/Microsoft.MachineLearningServices/workspaces/00000/codes/f1b82144-651f-4f47-bbb4-a6500bc75774/versions/1?api-version=2022-05-01",
      "RequestMethod": "GET",
      "RequestHeaders": {
        "Accept": "application/json",
        "Accept-Encoding": "gzip, deflate",
        "Connection": "keep-alive",
        "User-Agent": "azure-ai-ml/1.5.0 azsdk-python-mgmt-machinelearningservices/0.1.0 Python/3.7.9 (Windows-10-10.0.22621-SP0)"
      },
      "RequestBody": null,
      "StatusCode": 200,
      "ResponseHeaders": {
        "Cache-Control": "no-cache",
        "Content-Encoding": "gzip",
        "Content-Type": "application/json; charset=utf-8",
        "Date": "Sun, 05 Mar 2023 05:39:01 GMT",
        "Expires": "-1",
        "Pragma": "no-cache",
        "request-context": "appId=cid-v1:512cc15a-13b5-415b-bfd0-dce7accb6bb1",
        "Server-Timing": "traceparent;desc=\u002200-7d2e2a7c85cb7462eae3fb129f73e2df-3c02aac99241430f-01\u0022",
        "Strict-Transport-Security": "max-age=31536000; includeSubDomains",
        "Transfer-Encoding": "chunked",
        "Vary": [
          "Accept-Encoding",
          "Accept-Encoding"
        ],
        "x-aml-cluster": "vienna-test-westus2-02",
        "X-Content-Type-Options": "nosniff",
        "x-ms-correlation-request-id": "a8eb8397-60ff-4939-918e-0cb2bcc11478",
        "x-ms-ratelimit-remaining-subscription-reads": "11926",
        "x-ms-response-type": "standard",
        "x-ms-routing-request-id": "WESTUS2:20230305T053901Z:a8eb8397-60ff-4939-918e-0cb2bcc11478",
        "x-request-time": "0.225"
      },
      "ResponseBody": {
        "id": "/subscriptions/00000000-0000-0000-0000-000000000/resourceGroups/00000/providers/Microsoft.MachineLearningServices/workspaces/00000/codes/f1b82144-651f-4f47-bbb4-a6500bc75774/versions/1",
        "name": "1",
        "type": "Microsoft.MachineLearningServices/workspaces/codes/versions",
        "properties": {
          "description": null,
          "tags": {},
          "properties": {
            "hash_sha256": "0000000000000",
            "hash_version": "0000000000000"
          },
          "isArchived": false,
          "isAnonymous": false,
          "codeUri": "https://sax5mzqu7xztpx4.blob.core.windows.net:443/288fbc99-9-2cabc6a5-9713-532e-8859-6bd6d69e8ce8/"
        },
        "systemData": {
          "createdAt": "2023-03-03T20:24:07.0457611\u002B00:00",
          "createdBy": "Firstname Lastname",
          "createdByType": "User",
          "lastModifiedAt": "2023-03-03T20:24:07.0457611\u002B00:00",
          "lastModifiedBy": "Firstname Lastname",
          "lastModifiedByType": "User"
        }
      }
    },
    {
      "RequestUri": "https://management.azure.com/subscriptions/00000000-0000-0000-0000-000000000/resourceGroups/00000/providers/Microsoft.MachineLearningServices/workspaces/00000/components/azureml_anonymous/versions/000000000000000000000?api-version=2022-10-01",
      "RequestMethod": "PUT",
      "RequestHeaders": {
        "Accept": "application/json",
        "Accept-Encoding": "gzip, deflate",
        "Connection": "keep-alive",
        "Content-Length": "685",
        "Content-Type": "application/json",
        "User-Agent": "azure-ai-ml/1.5.0 azsdk-python-mgmt-machinelearningservices/0.1.0 Python/3.7.9 (Windows-10-10.0.22621-SP0)"
      },
      "RequestBody": {
        "properties": {
          "properties": {},
          "tags": {},
          "isAnonymous": true,
          "isArchived": false,
          "componentSpec": {
            "command": "echo Hello World \u0026 echo ${{inputs.component_in_number}}",
            "code": "azureml:/subscriptions/00000000-0000-0000-0000-000000000/resourceGroups/00000/providers/Microsoft.MachineLearningServices/workspaces/00000/codes/f1b82144-651f-4f47-bbb4-a6500bc75774/versions/1",
            "environment": "azureml:AzureML-sklearn-1.0-ubuntu20.04-py38-cpu:33",
            "name": "azureml_anonymous",
            "version": "1",
            "is_deterministic": true,
            "inputs": {
              "component_in_number": {
                "type": "integer",
                "optional": false,
                "default": "10",
                "description": "An integer"
              }
            },
            "type": "command",
            "_source": "YAML.JOB"
          }
        }
      },
      "StatusCode": 201,
      "ResponseHeaders": {
        "Cache-Control": "no-cache",
        "Content-Length": "1385",
        "Content-Type": "application/json; charset=utf-8",
        "Date": "Sun, 05 Mar 2023 05:39:01 GMT",
        "Expires": "-1",
        "Location": "https://management.azure.com/subscriptions/00000000-0000-0000-0000-000000000/resourceGroups/00000/providers/Microsoft.MachineLearningServices/workspaces/00000/components/azureml_anonymous/versions/000000000000000000000?api-version=2022-10-01",
        "Pragma": "no-cache",
        "request-context": "appId=cid-v1:512cc15a-13b5-415b-bfd0-dce7accb6bb1",
        "Server-Timing": "traceparent;desc=\u002200-5fbe6562f903955e0aba6f4d0411cc18-6409360682cc0642-01\u0022",
        "Strict-Transport-Security": "max-age=31536000; includeSubDomains",
        "x-aml-cluster": "vienna-test-westus2-02",
        "X-Content-Type-Options": "nosniff",
        "x-ms-correlation-request-id": "28491570-6201-4374-9703-b150c6090942",
        "x-ms-ratelimit-remaining-subscription-writes": "1173",
        "x-ms-response-type": "standard",
        "x-ms-routing-request-id": "WESTUS2:20230305T053902Z:28491570-6201-4374-9703-b150c6090942",
        "x-request-time": "0.650"
      },
      "ResponseBody": {
        "id": "/subscriptions/00000000-0000-0000-0000-000000000/resourceGroups/00000/providers/Microsoft.MachineLearningServices/workspaces/00000/components/azureml_anonymous/versions/143b4dba-00cb-42d8-8ce3-c9fd2882da5a",
        "name": "143b4dba-00cb-42d8-8ce3-c9fd2882da5a",
        "type": "Microsoft.MachineLearningServices/workspaces/components/versions",
        "properties": {
          "description": null,
          "tags": {},
          "properties": {},
          "isArchived": false,
          "isAnonymous": true,
          "componentSpec": {
            "name": "azureml_anonymous",
            "version": "1",
            "is_deterministic": "True",
            "type": "command",
            "inputs": {
              "component_in_number": {
                "type": "integer",
                "optional": "False",
                "default": "10",
                "description": "An integer"
              }
            },
            "code": "azureml:/subscriptions/00000000-0000-0000-0000-000000000/resourceGroups/00000/providers/Microsoft.MachineLearningServices/workspaces/00000/codes/f1b82144-651f-4f47-bbb4-a6500bc75774/versions/1",
            "environment": "azureml://registries/azureml-dev/environments/AzureML-sklearn-1.0-ubuntu20.04-py38-cpu/versions/33",
            "resources": {
              "instance_count": "1"
            },
            "command": "echo Hello World \u0026 echo ${{inputs.component_in_number}}",
            "$schema": "https://componentsdk.azureedge.net/jsonschema/CommandComponent.json"
          }
        },
        "systemData": {
          "createdAt": "2023-03-04T00:53:13.9361815\u002B00:00",
          "createdBy": "Firstname Lastname",
          "createdByType": "User",
          "lastModifiedAt": "2023-03-04T00:53:14.2972351\u002B00:00",
          "lastModifiedBy": "Firstname Lastname",
          "lastModifiedByType": "User"
        }
      }
    },
    {
      "RequestUri": "https://management.azure.com/subscriptions/00000000-0000-0000-0000-000000000/providers/Microsoft.MachineLearningServices/locations/centraluseuap/mfeOperationsStatus/s:288fbc99-974d-4a49-b40f-53b041fe40cc:yISe61iks_r6gsapTe1eXGEP0N4RC0H64GJXwUfRRwo?api-version=2022-12-01-preview",
      "RequestMethod": "GET",
      "RequestHeaders": {
        "Accept": "*/*",
        "Accept-Encoding": "gzip, deflate",
        "Connection": "keep-alive",
        "User-Agent": "azure-ai-ml/1.5.0 azsdk-python-mgmt-machinelearningservices/0.1.0 Python/3.7.9 (Windows-10-10.0.22621-SP0)"
      },
      "RequestBody": null,
      "StatusCode": 200,
      "ResponseHeaders": {
        "Cache-Control": "no-cache",
        "Content-Encoding": "gzip",
        "Content-Type": "application/json; charset=utf-8",
        "Date": "Sun, 05 Mar 2023 05:39:02 GMT",
        "Expires": "-1",
        "Pragma": "no-cache",
        "request-context": "appId=cid-v1:512cc15a-13b5-415b-bfd0-dce7accb6bb1",
        "Server-Timing": "traceparent;desc=\u002200-a3d927f6b1b8997da03e0d8fa17e5a21-98cfeb8f4d70cd7a-01\u0022",
        "Strict-Transport-Security": "max-age=31536000; includeSubDomains",
        "Transfer-Encoding": "chunked",
        "Vary": [
          "Accept-Encoding",
          "Accept-Encoding"
        ],
        "x-aml-cluster": "vienna-test-westus2-02",
        "X-Content-Type-Options": "nosniff",
        "x-ms-correlation-request-id": "21f322ab-904e-4806-9c17-12edae50483d",
        "x-ms-ratelimit-remaining-subscription-reads": "11999",
        "x-ms-response-type": "standard",
        "x-ms-routing-request-id": "WESTUS2:20230305T053902Z:21f322ab-904e-4806-9c17-12edae50483d",
        "x-request-time": "0.020"
      },
      "ResponseBody": {
        "id": "/subscriptions/00000000-0000-0000-0000-000000000/providers/Microsoft.MachineLearningServices/locations/centraluseuap/mfeOperationResults/s:288fbc99-974d-4a49-b40f-53b041fe40cc:yISe61iks_r6gsapTe1eXGEP0N4RC0H64GJXwUfRRwo",
        "name": "s:288fbc99-974d-4a49-b40f-53b041fe40cc:yISe61iks_r6gsapTe1eXGEP0N4RC0H64GJXwUfRRwo",
        "status": "Succeeded",
        "startTime": "2023-03-05T05:38:56.9312588\u002B00:00",
        "endTime": "2023-03-05T05:38:58\u002B00:00"
      }
    },
    {
      "RequestUri": "https://management.azure.com/subscriptions/00000000-0000-0000-0000-000000000/resourceGroups/00000/providers/Microsoft.MachineLearningServices/workspaces/00000/schedules/weekly_retrain_2022_cron_arm_updates?api-version=2022-12-01-preview",
      "RequestMethod": "GET",
      "RequestHeaders": {
        "Accept": "*/*",
        "Accept-Encoding": "gzip, deflate",
        "Connection": "keep-alive",
        "User-Agent": "azure-ai-ml/1.5.0 azsdk-python-mgmt-machinelearningservices/0.1.0 Python/3.7.9 (Windows-10-10.0.22621-SP0)"
      },
      "RequestBody": null,
      "StatusCode": 200,
      "ResponseHeaders": {
        "Cache-Control": "no-cache",
        "Content-Encoding": "gzip",
        "Content-Type": "application/json; charset=utf-8",
        "Date": "Sun, 05 Mar 2023 05:39:02 GMT",
        "Expires": "-1",
        "Pragma": "no-cache",
        "request-context": "appId=cid-v1:512cc15a-13b5-415b-bfd0-dce7accb6bb1",
        "Server-Timing": "traceparent;desc=\u002200-ed13e47509ad745c255627e8986db85d-608ee317dcf32849-01\u0022",
        "Strict-Transport-Security": "max-age=31536000; includeSubDomains",
        "Transfer-Encoding": "chunked",
        "Vary": [
          "Accept-Encoding",
          "Accept-Encoding"
        ],
        "x-aml-cluster": "vienna-test-westus2-01",
        "X-Content-Type-Options": "nosniff",
        "x-ms-correlation-request-id": "21094e76-8ea1-4916-a222-921a0802b42f",
        "x-ms-ratelimit-remaining-subscription-reads": "11998",
        "x-ms-response-type": "standard",
        "x-ms-routing-request-id": "WESTUS2:20230305T053903Z:21094e76-8ea1-4916-a222-921a0802b42f",
        "x-request-time": "0.161"
      },
      "ResponseBody": {
        "name": "weekly_retrain_2022_cron_arm_updates",
        "properties": {
          "description": null,
          "tags": {},
          "properties": {},
          "displayName": null,
          "isEnabled": false,
          "trigger": {
            "endTime": null,
            "startTime": "2022-03-10 10:15:00",
            "timeZone": "UTC",
            "triggerType": "Cron",
            "expression": "15 10 * * 1"
          },
          "action": {
            "actionType": "CreateJob",
            "jobDefinition": {
              "description": null,
              "tags": {},
              "properties": {},
              "displayName": null,
              "status": "NotStarted",
              "experimentName": "",
              "services": null,
              "computeId": null,
              "isArchived": false,
              "identity": null,
              "componentId": null,
              "jobType": "Pipeline",
              "settings": {
                "_source": "REMOTE.WORKSPACE.JOB"
              },
              "jobs": {},
              "inputs": {},
              "outputs": {},
              "sourceJobId": "/subscriptions/00000000-0000-0000-0000-000000000/resourceGroups/00000/providers/Microsoft.MachineLearningServices/workspaces/00000/jobs/test_431141733951"
            }
          },
          "provisioningState": "Succeeded"
        },
        "systemData": {
          "createdAt": "2023-03-05T05:38:52.4022043\u002B00:00",
          "createdBy": "Firstname Lastname",
          "createdByType": "User",
          "lastModifiedAt": "2023-03-05T05:38:58.6382633\u002B00:00",
          "lastModifiedBy": "Firstname Lastname",
          "lastModifiedByType": "User"
        }
      }
    },
    {
      "RequestUri": "https://management.azure.com/subscriptions/00000000-0000-0000-0000-000000000/resourceGroups/00000/providers/Microsoft.MachineLearningServices/workspaces/00000?api-version=2022-10-01",
      "RequestMethod": "GET",
      "RequestHeaders": {
        "Accept": "application/json",
        "Accept-Encoding": "gzip, deflate",
        "Connection": "keep-alive",
        "User-Agent": "azure-ai-ml/1.5.0 azsdk-python-mgmt-machinelearningservices/0.1.0 Python/3.7.9 (Windows-10-10.0.22621-SP0)"
      },
      "RequestBody": null,
      "StatusCode": 200,
      "ResponseHeaders": {
        "Cache-Control": "no-cache",
        "Content-Encoding": "gzip",
        "Content-Type": "application/json; charset=utf-8",
        "Date": "Sun, 05 Mar 2023 05:39:02 GMT",
        "Expires": "-1",
        "Pragma": "no-cache",
        "request-context": "appId=cid-v1:512cc15a-13b5-415b-bfd0-dce7accb6bb1",
        "Server-Timing": "traceparent;desc=\u002200-2895266c29bae7cd2098ac77dfb4e41c-ce73400f8c459b70-01\u0022",
        "Strict-Transport-Security": "max-age=31536000; includeSubDomains",
        "Transfer-Encoding": "chunked",
        "Vary": [
          "Accept-Encoding",
          "Accept-Encoding"
        ],
        "x-aml-cluster": "vienna-test-westus2-02",
        "X-Content-Type-Options": "nosniff",
        "x-ms-correlation-request-id": "1312bbfb-9a98-4ccd-bf47-526b23798322",
        "x-ms-ratelimit-remaining-subscription-reads": "11997",
        "x-ms-response-type": "standard",
        "x-ms-routing-request-id": "WESTUS2:20230305T053903Z:1312bbfb-9a98-4ccd-bf47-526b23798322",
        "x-request-time": "0.012"
      },
      "ResponseBody": {
        "id": "/subscriptions/00000000-0000-0000-0000-000000000/resourceGroups/00000/providers/Microsoft.MachineLearningServices/workspaces/00000",
        "name": "00000",
        "type": "Microsoft.MachineLearningServices/workspaces",
        "location": "centraluseuap",
        "tags": {},
        "etag": null,
        "properties": {
          "friendlyName": "00000",
          "description": "",
          "storageAccount": "/subscriptions/00000000-0000-0000-0000-000000000/resourceGroups/00000/providers/Microsoft.Storage/storageAccounts/sax5mzqu7xztpx4",
          "keyVault": "/subscriptions/00000000-0000-0000-0000-000000000/resourceGroups/00000/providers/Microsoft.Keyvault/vaults/kvtestsgwgquo2dadsi",
          "applicationInsights": "/subscriptions/00000000-0000-0000-0000-000000000/resourceGroups/00000/providers/Microsoft.insights/components/aix5mzqu7xztpx4",
          "hbiWorkspace": false,
          "tenantId": "72f988bf-86f1-41af-91ab-2d7cd011db47",
          "imageBuildCompute": null,
          "provisioningState": "Succeeded",
          "v1LegacyMode": false,
          "softDeleteEnabled": false,
          "containerRegistry": "/subscriptions/00000000-0000-0000-0000-000000000/resourceGroups/00000/providers/Microsoft.ContainerRegistry/registries/crx5mzqu7xztpx4",
          "creationTime": "2023-03-03T20:15:14.9243872Z",
          "notebookInfo": {
            "resourceId": "0000000-0000-0000-0000-000000000000",
            "fqdn": "ml-sdkvnextc-centraluseuap-288fbc99-974d-4a49-b40f-53b041fe40cc.centraluseuap.notebooks.azure.net",
            "isPrivateLinkEnabled": false,
            "notebookPreparationError": null
          },
          "storageHnsEnabled": false,
          "workspaceId": "288fbc99-974d-4a49-b40f-53b041fe40cc",
          "linkedModelInventoryArmId": null,
          "privateLinkCount": 0,
          "publicNetworkAccess": "Enabled",
          "discoveryUrl": "https://master.api.azureml-test.ms/discovery",
          "mlFlowTrackingUri": "azureml://master.api.azureml-test.ms/mlflow/v1.0/subscriptions/00000000-0000-0000-0000-000000000/resourceGroups/00000/providers/Microsoft.MachineLearningServices/workspaces/00000",
          "sdkTelemetryAppInsightsKey": "0000000-0000-0000-0000-000000000000",
          "sasGetterUri": "",
          "enableDataIsolation": false
        },
        "identity": {
          "type": "SystemAssigned",
          "principalId": "0000000-0000-0000-0000-000000000000",
          "tenantId": "72f988bf-86f1-41af-91ab-2d7cd011db47"
        },
        "kind": "Default",
        "sku": {
          "name": "Basic",
          "tier": "Basic"
        },
        "systemData": {
          "createdAt": "2023-03-03T20:15:14.9243872Z",
          "createdBy": "alias@contoso.com",
          "createdByType": "User",
          "lastModifiedAt": "2023-03-03T20:15:14.9243872Z",
          "lastModifiedBy": "alias@contoso.com",
          "lastModifiedByType": "User"
        }
      }
    },
    {
      "RequestUri": "https://master.api.azureml-test.ms/content/v2.0/subscriptions/00000000-0000-0000-0000-000000000/resourceGroups/00000/providers/Microsoft.MachineLearningServices/workspaces/00000/snapshots/getByHash?hash=5a077c9d88f3fec4a2262852cbb9a31c23925e9ea28d12f5b847d669c409b319\u0026hashVersion=202208",
      "RequestMethod": "GET",
      "RequestHeaders": {
        "Accept": "*/*",
        "Accept-Encoding": "gzip, deflate",
        "Connection": "keep-alive",
        "Content-Type": "application/json; charset=UTF-8",
        "User-Agent": "azure-ai-ml/1.5.0 azsdk-python-core/1.26.3 Python/3.7.9 (Windows-10-10.0.22621-SP0)"
      },
      "RequestBody": null,
      "StatusCode": 200,
      "ResponseHeaders": {
        "Connection": "keep-alive",
        "Content-Encoding": "gzip",
        "Content-Type": "application/json; charset=utf-8",
        "Date": "Sun, 05 Mar 2023 05:39:05 GMT",
        "request-context": "appId=cid-v1:512cc15a-13b5-415b-bfd0-dce7accb6bb1",
        "Strict-Transport-Security": "max-age=15724800; includeSubDomains; preload",
        "Transfer-Encoding": "chunked",
        "Vary": "Accept-Encoding",
        "x-aml-cluster": "vienna-test-westus2-01",
        "X-Content-Type-Options": "nosniff",
        "x-ms-response-type": "standard",
        "x-request-time": "0.262"
      },
      "ResponseBody": {
        "snapshotType": "LocalFiles",
        "id": "2605176e-b501-4ba0-b81e-3b5d7dc79746",
        "root": {
          "name": "",
          "hash": null,
          "type": "Directory",
          "timestamp": "0001-01-01T00:00:00\u002B00:00",
          "sasUrl": null,
          "absoluteUrl": null,
          "sizeBytes": 0,
          "sizeSet": false,
          "children": {
            "1in1out.yaml": {
              "name": "1in1out.yaml",
              "hash": "CF47C4E57FC74D59FCAD224E3D8E671C",
              "type": "File",
              "timestamp": "0001-01-01T00:00:00\u002B00:00",
              "sasUrl": null,
              "absoluteUrl": null,
              "sizeBytes": 375,
              "sizeSet": true,
              "children": {}
            },
            "1in2out.yaml": {
              "name": "1in2out.yaml",
              "hash": "2CEF9759922FBB55792CB5B88A26AFB5",
              "type": "File",
              "timestamp": "0001-01-01T00:00:00\u002B00:00",
              "sasUrl": null,
              "absoluteUrl": null,
              "sizeBytes": 446,
              "sizeSet": true,
              "children": {}
            },
            "automl": {
              "name": "automl",
              "hash": null,
              "type": "Directory",
              "timestamp": "0001-01-01T00:00:00\u002B00:00",
              "sasUrl": null,
              "absoluteUrl": null,
              "sizeBytes": 0,
              "sizeSet": false,
              "children": {
                "classification_rest.json": {
                  "name": "classification_rest.json",
                  "hash": "363DE9CF29D31CC7258D62ABA5679565",
                  "type": "File",
                  "timestamp": "0001-01-01T00:00:00\u002B00:00",
                  "sasUrl": null,
                  "absoluteUrl": null,
                  "sizeBytes": 601,
                  "sizeSet": true,
                  "children": {}
                },
                "classification.yaml": {
                  "name": "classification.yaml",
                  "hash": "92AF44BDCEEA66C0F0807FB8D9E1C554",
                  "type": "File",
                  "timestamp": "0001-01-01T00:00:00\u002B00:00",
                  "sasUrl": null,
                  "absoluteUrl": null,
                  "sizeBytes": 332,
                  "sizeSet": true,
                  "children": {}
                },
                "image_object_detection.yaml": {
                  "name": "image_object_detection.yaml",
                  "hash": "664BDDB0E6D58CF1ABAF3DE0D30B3AB3",
                  "type": "File",
                  "timestamp": "0001-01-01T00:00:00\u002B00:00",
                  "sasUrl": null,
                  "absoluteUrl": null,
                  "sizeBytes": 364,
                  "sizeSet": true,
                  "children": {}
                }
              }
            },
            "basic_component_code_arm_id.yml": {
              "name": "basic_component_code_arm_id.yml",
              "hash": "58427264E77196E378D0B39D07FCC1DD",
              "type": "File",
              "timestamp": "0001-01-01T00:00:00\u002B00:00",
              "sasUrl": null,
              "absoluteUrl": null,
              "sizeBytes": 664,
              "sizeSet": true,
              "children": {}
            },
            "basic_component_code_current_folder.yml": {
              "name": "basic_component_code_current_folder.yml",
              "hash": "1E7A9C89A0C36E11781A668E5176F93E",
              "type": "File",
              "timestamp": "0001-01-01T00:00:00\u002B00:00",
              "sasUrl": null,
              "absoluteUrl": null,
              "sizeBytes": 436,
              "sizeSet": true,
              "children": {}
            },
            "basic_component_code_local_path.yml": {
              "name": "basic_component_code_local_path.yml",
              "hash": "299D5E004B31B1614C9F01EE8C889C95",
              "type": "File",
              "timestamp": "0001-01-01T00:00:00\u002B00:00",
              "sasUrl": null,
              "absoluteUrl": null,
              "sizeBytes": 468,
              "sizeSet": true,
              "children": {}
            },
            "basic_parallel_component_score_rest.json": {
              "name": "basic_parallel_component_score_rest.json",
              "hash": "BF0A08DCC9D4873E007DDD34B44C0228",
              "type": "File",
              "timestamp": "0001-01-01T00:00:00\u002B00:00",
              "sasUrl": null,
              "absoluteUrl": null,
              "sizeBytes": 2879,
              "sizeSet": true,
              "children": {}
            },
            "basic_parallel_component_score.yml": {
              "name": "basic_parallel_component_score.yml",
              "hash": "359FF6EB5C3B70C13F366CE48CE87BB8",
              "type": "File",
              "timestamp": "0001-01-01T00:00:00\u002B00:00",
              "sasUrl": null,
              "absoluteUrl": null,
              "sizeBytes": 1295,
              "sizeSet": true,
              "children": {}
            },
            "component_e2e.yml": {
              "name": "component_e2e.yml",
              "hash": "75BD17317964C47AF7267DF4AB5A96A6",
              "type": "File",
              "timestamp": "0001-01-01T00:00:00\u002B00:00",
              "sasUrl": null,
              "absoluteUrl": null,
              "sizeBytes": 289,
              "sizeSet": true,
              "children": {}
            },
            "component_for_reuse_test": {
              "name": "component_for_reuse_test",
              "hash": null,
              "type": "Directory",
              "timestamp": "0001-01-01T00:00:00\u002B00:00",
              "sasUrl": null,
              "absoluteUrl": null,
              "sizeBytes": 0,
              "sizeSet": false,
              "children": {
                "component.yml": {
                  "name": "component.yml",
                  "hash": "8C1DF367954027E0987A9272795CA6B2",
                  "type": "File",
                  "timestamp": "0001-01-01T00:00:00\u002B00:00",
                  "sasUrl": null,
                  "absoluteUrl": null,
                  "sizeBytes": 269,
                  "sizeSet": true,
                  "children": {}
                }
              }
            },
            "component_git_path.yml": {
              "name": "component_git_path.yml",
              "hash": "5BD686CBF869D2A26D614FBF0065B4B5",
              "type": "File",
              "timestamp": "0001-01-01T00:00:00\u002B00:00",
              "sasUrl": null,
              "absoluteUrl": null,
              "sizeBytes": 342,
              "sizeSet": true,
              "children": {}
            },
            "component_no_version.yml": {
              "name": "component_no_version.yml",
              "hash": "E93BE64E2FCB433A9E2CD1F9AF6AEDAB",
              "type": "File",
              "timestamp": "0001-01-01T00:00:00\u002B00:00",
              "sasUrl": null,
              "absoluteUrl": null,
              "sizeBytes": 252,
              "sizeSet": true,
              "children": {}
            },
            "component_with_conditional_output": {
              "name": "component_with_conditional_output",
              "hash": null,
              "type": "Directory",
              "timestamp": "0001-01-01T00:00:00\u002B00:00",
              "sasUrl": null,
              "absoluteUrl": null,
              "sizeBytes": 0,
              "sizeSet": false,
              "children": {
                "entry.py": {
                  "name": "entry.py",
                  "hash": "01CD70E7C8FEAC166324DA00E106099F",
                  "type": "File",
                  "timestamp": "0001-01-01T00:00:00\u002B00:00",
                  "sasUrl": null,
                  "absoluteUrl": null,
                  "sizeBytes": 518,
                  "sizeSet": true,
                  "children": {}
                },
                "spec.yaml": {
                  "name": "spec.yaml",
                  "hash": "4ACA9059F6139751DFA45382A6FB976C",
                  "type": "File",
                  "timestamp": "0001-01-01T00:00:00\u002B00:00",
                  "sasUrl": null,
                  "absoluteUrl": null,
                  "sizeBytes": 1040,
                  "sizeSet": true,
                  "children": {}
                }
              }
            },
            "data_transfer": {
              "name": "data_transfer",
              "hash": null,
              "type": "Directory",
              "timestamp": "0001-01-01T00:00:00\u002B00:00",
              "sasUrl": null,
              "absoluteUrl": null,
              "sizeBytes": 0,
              "sizeSet": false,
              "children": {
                "copy_files.json": {
                  "name": "copy_files.json",
                  "hash": "D9A3203FC93C55614C1F965ECE823ABA",
                  "type": "File",
                  "timestamp": "0001-01-01T00:00:00\u002B00:00",
                  "sasUrl": null,
                  "absoluteUrl": null,
                  "sizeBytes": 1102,
                  "sizeSet": true,
                  "children": {}
                },
                "copy_files.yaml": {
                  "name": "copy_files.yaml",
                  "hash": "3EEB6382EA3AFD8CC84FA3F9D0621ADD",
                  "type": "File",
                  "timestamp": "0001-01-01T00:00:00\u002B00:00",
                  "sasUrl": null,
                  "absoluteUrl": null,
                  "sizeBytes": 298,
                  "sizeSet": true,
                  "children": {}
                },
                "copy_uri_files.yaml": {
                  "name": "copy_uri_files.yaml",
                  "hash": "32B1D2D7A3852F2FAF684268A4839F09",
                  "type": "File",
                  "timestamp": "0001-01-01T00:00:00\u002B00:00",
                  "sasUrl": null,
                  "absoluteUrl": null,
                  "sizeBytes": 298,
                  "sizeSet": true,
                  "children": {}
                },
                "export_blob_to_database.yaml": {
                  "name": "export_blob_to_database.yaml",
                  "hash": "A8B0A72882E1D6A668FE2B2C8E0FCE52",
                  "type": "File",
                  "timestamp": "0001-01-01T00:00:00\u002B00:00",
                  "sasUrl": null,
                  "absoluteUrl": null,
                  "sizeBytes": 233,
                  "sizeSet": true,
                  "children": {}
                },
                "import_database_to_blob.yaml": {
                  "name": "import_database_to_blob.yaml",
                  "hash": "BEAC92C30812D0ECF79CB4E502A885E1",
                  "type": "File",
                  "timestamp": "0001-01-01T00:00:00\u002B00:00",
                  "sasUrl": null,
                  "absoluteUrl": null,
                  "sizeBytes": 311,
                  "sizeSet": true,
                  "children": {}
                },
                "import_file_to_blob.yaml": {
                  "name": "import_file_to_blob.yaml",
                  "hash": "A10803F6B2980F96EB228C7DD3F5D553",
                  "type": "File",
                  "timestamp": "0001-01-01T00:00:00\u002B00:00",
                  "sasUrl": null,
                  "absoluteUrl": null,
                  "sizeBytes": 227,
                  "sizeSet": true,
                  "children": {}
                },
                "merge_files.json": {
                  "name": "merge_files.json",
                  "hash": "5605BE52130751863FD69BCEF0963880",
                  "type": "File",
                  "timestamp": "0001-01-01T00:00:00\u002B00:00",
                  "sasUrl": null,
                  "absoluteUrl": null,
                  "sizeBytes": 1233,
                  "sizeSet": true,
                  "children": {}
                },
                "merge_files.yaml": {
                  "name": "merge_files.yaml",
                  "hash": "90AF27776407F17657E8D4C4525AB70F",
                  "type": "File",
                  "timestamp": "0001-01-01T00:00:00\u002B00:00",
                  "sasUrl": null,
                  "absoluteUrl": null,
                  "sizeBytes": 332,
                  "sizeSet": true,
                  "children": {}
                },
                "merge_mixtype_files.yaml": {
                  "name": "merge_mixtype_files.yaml",
                  "hash": "58A75C23F6E6E10ED12DB6903664DC44",
                  "type": "File",
                  "timestamp": "0001-01-01T00:00:00\u002B00:00",
                  "sasUrl": null,
                  "absoluteUrl": null,
                  "sizeBytes": 371,
                  "sizeSet": true,
                  "children": {}
                }
              }
            },
            "default_optional_component.yml": {
              "name": "default_optional_component.yml",
              "hash": "3E6465E850B5348DE24A03EB74DB9221",
              "type": "File",
              "timestamp": "0001-01-01T00:00:00\u002B00:00",
              "sasUrl": null,
              "absoluteUrl": null,
              "sizeBytes": 1177,
              "sizeSet": true,
              "children": {}
            },
            "do_while_test": {
              "name": "do_while_test",
              "hash": null,
              "type": "Directory",
              "timestamp": "0001-01-01T00:00:00\u002B00:00",
              "sasUrl": null,
              "absoluteUrl": null,
              "sizeBytes": 0,
              "sizeSet": false,
              "children": {
                "do_while_body_component.yaml": {
                  "name": "do_while_body_component.yaml",
                  "hash": "37DB74A680DD0D4A142172FEA2305AB4",
                  "type": "File",
                  "timestamp": "0001-01-01T00:00:00\u002B00:00",
                  "sasUrl": null,
                  "absoluteUrl": null,
                  "sizeBytes": 1926,
                  "sizeSet": true,
                  "children": {}
                },
                "entry.py": {
                  "name": "entry.py",
                  "hash": "0346EDCEB0CF5E101F8F8B1CED8F12DD",
                  "type": "File",
                  "timestamp": "0001-01-01T00:00:00\u002B00:00",
                  "sasUrl": null,
                  "absoluteUrl": null,
                  "sizeBytes": 4772,
                  "sizeSet": true,
                  "children": {}
                },
                "primitive_component_with_normal_input_output_v2.yaml": {
                  "name": "primitive_component_with_normal_input_output_v2.yaml",
                  "hash": "B1892C2502A0F8A55DF656151EC5A5C3",
                  "type": "File",
                  "timestamp": "0001-01-01T00:00:00\u002B00:00",
                  "sasUrl": null,
                  "absoluteUrl": null,
                  "sizeBytes": 1787,
                  "sizeSet": true,
                  "children": {}
                }
              }
            },
            "echo_string_component.yml": {
              "name": "echo_string_component.yml",
              "hash": "C692987F9F68A38BFB20D95C9EFED662",
              "type": "File",
              "timestamp": "0001-01-01T00:00:00\u002B00:00",
              "sasUrl": null,
              "absoluteUrl": null,
              "sizeBytes": 502,
              "sizeSet": true,
              "children": {}
            },
            "helloworld_component_alt1.yml": {
              "name": "helloworld_component_alt1.yml",
              "hash": "D4BC4D04D65634100F72CC2F052E78EC",
              "type": "File",
              "timestamp": "0001-01-01T00:00:00\u002B00:00",
              "sasUrl": null,
              "absoluteUrl": null,
              "sizeBytes": 699,
              "sizeSet": true,
              "children": {}
            },
            "helloworld_component_for_sweep.yml": {
              "name": "helloworld_component_for_sweep.yml",
              "hash": "6E24E0C31080C0F2B8FD103B5612AD1D",
              "type": "File",
              "timestamp": "0001-01-01T00:00:00\u002B00:00",
              "sasUrl": null,
              "absoluteUrl": null,
              "sizeBytes": 1474,
              "sizeSet": true,
              "children": {}
            },
            "helloworld_component_mpi.yml": {
              "name": "helloworld_component_mpi.yml",
              "hash": "2181427B1A914E0E6ECF97418FB15FE0",
              "type": "File",
              "timestamp": "0001-01-01T00:00:00\u002B00:00",
              "sasUrl": null,
              "absoluteUrl": null,
              "sizeBytes": 812,
              "sizeSet": true,
              "children": {}
            },
            "helloworld_component_multi_outputs.yml": {
              "name": "helloworld_component_multi_outputs.yml",
              "hash": "AEEFADA7401E0B4377D970F09C5F231E",
              "type": "File",
              "timestamp": "0001-01-01T00:00:00\u002B00:00",
              "sasUrl": null,
              "absoluteUrl": null,
              "sizeBytes": 1043,
              "sizeSet": true,
              "children": {}
            },
            "helloworld_component_multiple_data.yml": {
              "name": "helloworld_component_multiple_data.yml",
              "hash": "B1EBB6BF2597833951F944F263545D6E",
              "type": "File",
              "timestamp": "0001-01-01T00:00:00\u002B00:00",
              "sasUrl": null,
              "absoluteUrl": null,
              "sizeBytes": 2350,
              "sizeSet": true,
              "children": {}
            },
            "helloworld_component_no_inputs.yml": {
              "name": "helloworld_component_no_inputs.yml",
              "hash": "15BF9B035D60BA3CA6178937B3A1DBD1",
              "type": "File",
              "timestamp": "0001-01-01T00:00:00\u002B00:00",
              "sasUrl": null,
              "absoluteUrl": null,
              "sizeBytes": 494,
              "sizeSet": true,
              "children": {}
            },
            "helloworld_component_no_paths.yml": {
              "name": "helloworld_component_no_paths.yml",
              "hash": "75A3A28AB4985F183B58195882FC7867",
              "type": "File",
              "timestamp": "0001-01-01T00:00:00\u002B00:00",
              "sasUrl": null,
              "absoluteUrl": null,
              "sizeBytes": 637,
              "sizeSet": true,
              "children": {}
            },
            "helloworld_component_optional_input.yml": {
              "name": "helloworld_component_optional_input.yml",
              "hash": "F98FC754A6C7978B8A5DAD6A4C2A0021",
              "type": "File",
              "timestamp": "0001-01-01T00:00:00\u002B00:00",
              "sasUrl": null,
              "absoluteUrl": null,
              "sizeBytes": 321,
              "sizeSet": true,
              "children": {}
            },
            "helloworld_component_primitive_outputs.yml": {
              "name": "helloworld_component_primitive_outputs.yml",
              "hash": "E3624192E3D8A06855C57AEB8FC9ECCB",
              "type": "File",
              "timestamp": "0001-01-01T00:00:00\u002B00:00",
              "sasUrl": null,
              "absoluteUrl": null,
              "sizeBytes": 894,
              "sizeSet": true,
              "children": {}
            },
            "helloworld_component_pytorch.yml": {
              "name": "helloworld_component_pytorch.yml",
              "hash": "E7E9DDACEBB23C690CDA442E5D5B0F8E",
              "type": "File",
              "timestamp": "0001-01-01T00:00:00\u002B00:00",
              "sasUrl": null,
              "absoluteUrl": null,
              "sizeBytes": 848,
              "sizeSet": true,
              "children": {}
            },
            "helloworld_component_registry_asset.yml": {
              "name": "helloworld_component_registry_asset.yml",
              "hash": "267FF7BC794D3D251F6E87E4009D227D",
              "type": "File",
              "timestamp": "0001-01-01T00:00:00\u002B00:00",
              "sasUrl": null,
              "absoluteUrl": null,
              "sizeBytes": 771,
              "sizeSet": true,
              "children": {}
            },
            "helloworld_component_rest.json": {
              "name": "helloworld_component_rest.json",
              "hash": "D533C07CE50A2BA164D94EC7BC5ACF47",
              "type": "File",
              "timestamp": "0001-01-01T00:00:00\u002B00:00",
              "sasUrl": null,
              "absoluteUrl": null,
              "sizeBytes": 2591,
              "sizeSet": true,
              "children": {}
            },
            "helloworld_component_tensorflow.yml": {
              "name": "helloworld_component_tensorflow.yml",
              "hash": "5221A007860D4FE72437A9D19BA1680E",
              "type": "File",
              "timestamp": "0001-01-01T00:00:00\u002B00:00",
              "sasUrl": null,
              "absoluteUrl": null,
              "sizeBytes": 855,
              "sizeSet": true,
              "children": {}
            },
            "helloworld_component_upper_inputs.yml": {
              "name": "helloworld_component_upper_inputs.yml",
              "hash": "7E517FA4BCA2421A0160230E4F0756B7",
              "type": "File",
              "timestamp": "0001-01-01T00:00:00\u002B00:00",
              "sasUrl": null,
              "absoluteUrl": null,
              "sizeBytes": 828,
              "sizeSet": true,
              "children": {}
            },
            "helloworld_component_with_input_and_output.yml": {
              "name": "helloworld_component_with_input_and_output.yml",
              "hash": "DE47D8DCFACF7BEB0D09ABA6E2D418D1",
              "type": "File",
              "timestamp": "0001-01-01T00:00:00\u002B00:00",
              "sasUrl": null,
              "absoluteUrl": null,
              "sizeBytes": 981,
              "sizeSet": true,
              "children": {}
            },
            "helloworld_component_with_optional_inputs.yml": {
              "name": "helloworld_component_with_optional_inputs.yml",
              "hash": "A42A3D5AA21C925516FEDC2288EA17B8",
              "type": "File",
              "timestamp": "0001-01-01T00:00:00\u002B00:00",
              "sasUrl": null,
              "absoluteUrl": null,
              "sizeBytes": 1096,
              "sizeSet": true,
              "children": {}
            },
            "helloworld_component_with_paths.yml": {
              "name": "helloworld_component_with_paths.yml",
              "hash": "7F2A2F92128A570B6251BA3E597CC938",
              "type": "File",
              "timestamp": "0001-01-01T00:00:00\u002B00:00",
              "sasUrl": null,
              "absoluteUrl": null,
              "sizeBytes": 746,
              "sizeSet": true,
              "children": {}
            },
            "helloworld_component_with_properties.yml": {
              "name": "helloworld_component_with_properties.yml",
              "hash": "C9E325F054484C38EF81B2A5680C75F0",
              "type": "File",
              "timestamp": "0001-01-01T00:00:00\u002B00:00",
              "sasUrl": null,
              "absoluteUrl": null,
              "sizeBytes": 950,
              "sizeSet": true,
              "children": {}
            },
            "helloworld_component_with_uppercase_input.yml": {
              "name": "helloworld_component_with_uppercase_input.yml",
              "hash": "1426CB2469A3BEA8FD066DFF35BF6DCD",
              "type": "File",
              "timestamp": "0001-01-01T00:00:00\u002B00:00",
              "sasUrl": null,
              "absoluteUrl": null,
              "sizeBytes": 901,
              "sizeSet": true,
              "children": {}
            },
            "helloworld_component.yml": {
              "name": "helloworld_component.yml",
              "hash": "19B812A980A741D3ACFC643DE53BCF95",
              "type": "File",
              "timestamp": "0001-01-01T00:00:00\u002B00:00",
              "sasUrl": null,
              "absoluteUrl": null,
              "sizeBytes": 901,
              "sizeSet": true,
              "children": {}
            },
            "helloworld_components_with_env": {
              "name": "helloworld_components_with_env",
              "hash": null,
              "type": "Directory",
              "timestamp": "0001-01-01T00:00:00\u002B00:00",
              "sasUrl": null,
              "absoluteUrl": null,
              "sizeBytes": 0,
              "sizeSet": false,
              "children": {
                ".gitattributes": {
                  "name": ".gitattributes",
                  "hash": "19373440C0D117C03502243E420E6CBB",
                  "type": "File",
                  "timestamp": "0001-01-01T00:00:00\u002B00:00",
                  "sasUrl": null,
                  "absoluteUrl": null,
                  "sizeBytes": 19,
                  "sizeSet": true,
                  "children": {}
                },
                "conda.yml": {
                  "name": "conda.yml",
                  "hash": "3E7B2BD34A77C795D0A1C92BB2CC11CA",
                  "type": "File",
                  "timestamp": "0001-01-01T00:00:00\u002B00:00",
                  "sasUrl": null,
                  "absoluteUrl": null,
                  "sizeBytes": 169,
                  "sizeSet": true,
                  "children": {}
                },
                "env": {
                  "name": "env",
                  "hash": null,
                  "type": "Directory",
                  "timestamp": "0001-01-01T00:00:00\u002B00:00",
                  "sasUrl": null,
                  "absoluteUrl": null,
                  "sizeBytes": 0,
                  "sizeSet": false,
                  "children": {
                    "conda.yml": {
                      "name": "conda.yml",
                      "hash": "3E7B2BD34A77C795D0A1C92BB2CC11CA",
                      "type": "File",
                      "timestamp": "0001-01-01T00:00:00\u002B00:00",
                      "sasUrl": null,
                      "absoluteUrl": null,
                      "sizeBytes": 169,
                      "sizeSet": true,
                      "children": {}
                    }
                  }
                },
                "helloworld_component_env_inline.yml": {
                  "name": "helloworld_component_env_inline.yml",
                  "hash": "3C656D13AE5CC3DC75106C6175B7E9BD",
                  "type": "File",
                  "timestamp": "0001-01-01T00:00:00\u002B00:00",
                  "sasUrl": null,
                  "absoluteUrl": null,
                  "sizeBytes": 1133,
                  "sizeSet": true,
                  "children": {}
                },
                "helloworld_component_env_path_0.yml": {
                  "name": "helloworld_component_env_path_0.yml",
                  "hash": "45104F5B2DE3D0A0F700F706CC6DCA7B",
                  "type": "File",
                  "timestamp": "0001-01-01T00:00:00\u002B00:00",
                  "sasUrl": null,
                  "absoluteUrl": null,
                  "sizeBytes": 924,
                  "sizeSet": true,
                  "children": {}
                },
                "helloworld_component_env_path_1.yml": {
                  "name": "helloworld_component_env_path_1.yml",
                  "hash": "E93C46313D1901B930AD1438B001A62D",
                  "type": "File",
                  "timestamp": "0001-01-01T00:00:00\u002B00:00",
                  "sasUrl": null,
                  "absoluteUrl": null,
                  "sizeBytes": 928,
                  "sizeSet": true,
                  "children": {}
                }
              }
            },
            "helloworld_inline_pipeline_component.yml": {
              "name": "helloworld_inline_pipeline_component.yml",
              "hash": "3A6B55959EE29E11D239AED4DDDD0D5F",
              "type": "File",
              "timestamp": "0001-01-01T00:00:00\u002B00:00",
              "sasUrl": null,
              "absoluteUrl": null,
              "sizeBytes": 789,
              "sizeSet": true,
              "children": {}
            },
            "helloworld_nested_pipeline_component.yml": {
              "name": "helloworld_nested_pipeline_component.yml",
              "hash": "9778BFDDD63EDC0A9AABD36997E3DC1A",
              "type": "File",
              "timestamp": "0001-01-01T00:00:00\u002B00:00",
              "sasUrl": null,
              "absoluteUrl": null,
              "sizeBytes": 844,
              "sizeSet": true,
              "children": {}
            },
            "helloworld_parallel.yml": {
              "name": "helloworld_parallel.yml",
              "hash": "09F2C76F8CFB05433F8DDEA3F6D58F08",
              "type": "File",
              "timestamp": "0001-01-01T00:00:00\u002B00:00",
              "sasUrl": null,
              "absoluteUrl": null,
              "sizeBytes": 904,
              "sizeSet": true,
              "children": {}
            },
            "helloworld_pipeline_component.yml": {
              "name": "helloworld_pipeline_component.yml",
              "hash": "12B6BFBF62FF9E41A083F9655A20B5B8",
              "type": "File",
              "timestamp": "0001-01-01T00:00:00\u002B00:00",
              "sasUrl": null,
              "absoluteUrl": null,
              "sizeBytes": 812,
              "sizeSet": true,
              "children": {}
            },
            "input_types_component_rest.json": {
              "name": "input_types_component_rest.json",
              "hash": "CCF8B07C216C3E3D9091C00D38327A7E",
              "type": "File",
              "timestamp": "0001-01-01T00:00:00\u002B00:00",
              "sasUrl": null,
              "absoluteUrl": null,
              "sizeBytes": 3470,
              "sizeSet": true,
              "children": {}
            },
            "input_types_component.yml": {
              "name": "input_types_component.yml",
              "hash": "DA09167826AAF352C807E8CA7840EA4F",
              "type": "File",
              "timestamp": "0001-01-01T00:00:00\u002B00:00",
              "sasUrl": null,
              "absoluteUrl": null,
              "sizeBytes": 1178,
              "sizeSet": true,
              "children": {}
            },
            "invalid": {
              "name": "invalid",
              "hash": null,
              "type": "Directory",
              "timestamp": "0001-01-01T00:00:00\u002B00:00",
              "sasUrl": null,
              "absoluteUrl": null,
              "sizeBytes": 0,
              "sizeSet": false,
              "children": {
                "combo.yml": {
                  "name": "combo.yml",
                  "hash": "7ABC2D49FE27AE06234565CBFD79976E",
                  "type": "File",
                  "timestamp": "0001-01-01T00:00:00\u002B00:00",
                  "sasUrl": null,
                  "absoluteUrl": null,
                  "sizeBytes": 884,
                  "sizeSet": true,
                  "children": {}
                },
                "empty.yml": {
                  "name": "empty.yml",
                  "hash": "D41D8CD98F00B204E9800998ECF8427E",
                  "type": "File",
                  "timestamp": "0001-01-01T00:00:00\u002B00:00",
                  "sasUrl": null,
                  "absoluteUrl": null,
                  "sizeBytes": 0,
                  "sizeSet": true,
                  "children": {}
                },
                "error_format.yml": {
                  "name": "error_format.yml",
                  "hash": "06A25E44FB54740E8223A18EB17A8320",
                  "type": "File",
                  "timestamp": "0001-01-01T00:00:00\u002B00:00",
                  "sasUrl": null,
                  "absoluteUrl": null,
                  "sizeBytes": 9,
                  "sizeSet": true,
                  "children": {}
                },
                "helloworld_component_conflict_input_names.yml": {
                  "name": "helloworld_component_conflict_input_names.yml",
                  "hash": "AB43E62C6644D0038DC0E1A64D1CB1EB",
                  "type": "File",
                  "timestamp": "0001-01-01T00:00:00\u002B00:00",
                  "sasUrl": null,
                  "absoluteUrl": null,
                  "sizeBytes": 809,
                  "sizeSet": true,
                  "children": {}
                },
                "helloworld_component_early_available_output_not_set_is_control.yml": {
                  "name": "helloworld_component_early_available_output_not_set_is_control.yml",
                  "hash": "E0D881EDB5CFA3CCC8204B3F0E0216F3",
                  "type": "File",
                  "timestamp": "0001-01-01T00:00:00\u002B00:00",
                  "sasUrl": null,
                  "absoluteUrl": null,
                  "sizeBytes": 370,
                  "sizeSet": true,
                  "children": {}
                },
                "helloworld_component_invalid_early_available_output.yml": {
                  "name": "helloworld_component_invalid_early_available_output.yml",
                  "hash": "EE10D0FABA9565E31EA27198F2371A01",
                  "type": "File",
                  "timestamp": "0001-01-01T00:00:00\u002B00:00",
                  "sasUrl": null,
                  "absoluteUrl": null,
                  "sizeBytes": 476,
                  "sizeSet": true,
                  "children": {}
                },
                "helloworld_component_with_blank_input_names.yml": {
                  "name": "helloworld_component_with_blank_input_names.yml",
                  "hash": "B5F47FD0207E34B7B0FD5EADF1805F04",
                  "type": "File",
                  "timestamp": "0001-01-01T00:00:00\u002B00:00",
                  "sasUrl": null,
                  "absoluteUrl": null,
                  "sizeBytes": 1397,
                  "sizeSet": true,
                  "children": {}
                },
                "helloworld_component_with_blank_output_names.yml": {
                  "name": "helloworld_component_with_blank_output_names.yml",
                  "hash": "2A5945B27CD471C62C7099CD33399B5D",
                  "type": "File",
                  "timestamp": "0001-01-01T00:00:00\u002B00:00",
                  "sasUrl": null,
                  "absoluteUrl": null,
                  "sizeBytes": 1239,
                  "sizeSet": true,
                  "children": {}
                },
                "helloworld_component_with_dash_input_names.yml": {
                  "name": "helloworld_component_with_dash_input_names.yml",
                  "hash": "7ED7BDC70B4308FB1F133492DFC8C497",
                  "type": "File",
                  "timestamp": "0001-01-01T00:00:00\u002B00:00",
                  "sasUrl": null,
                  "absoluteUrl": null,
                  "sizeBytes": 1394,
                  "sizeSet": true,
                  "children": {}
                },
                "helloworld_component_with_dash_output_names.yml": {
                  "name": "helloworld_component_with_dash_output_names.yml",
                  "hash": "A3C61C0E0D4D428848D4CDC8878415A8",
                  "type": "File",
                  "timestamp": "0001-01-01T00:00:00\u002B00:00",
                  "sasUrl": null,
                  "absoluteUrl": null,
                  "sizeBytes": 1236,
                  "sizeSet": true,
                  "children": {}
                },
                "helloworld_component_with_special_character_input_names.yml": {
                  "name": "helloworld_component_with_special_character_input_names.yml",
                  "hash": "D9449AB7DAFB29ADCB53CC3C6E6F11C1",
                  "type": "File",
                  "timestamp": "0001-01-01T00:00:00\u002B00:00",
                  "sasUrl": null,
                  "absoluteUrl": null,
                  "sizeBytes": 1442,
                  "sizeSet": true,
                  "children": {}
                },
                "helloworld_component_with_special_character_output_names.yml": {
                  "name": "helloworld_component_with_special_character_output_names.yml",
                  "hash": "0FC1438F9F6585168BE227C26EE99F22",
                  "type": "File",
                  "timestamp": "0001-01-01T00:00:00\u002B00:00",
                  "sasUrl": null,
                  "absoluteUrl": null,
                  "sizeBytes": 1284,
                  "sizeSet": true,
                  "children": {}
                },
                "helloworld_component_with_start_dash_input_names.yml": {
                  "name": "helloworld_component_with_start_dash_input_names.yml",
                  "hash": "4B24C368AAFE0C04EF088DE0640132CE",
                  "type": "File",
                  "timestamp": "0001-01-01T00:00:00\u002B00:00",
                  "sasUrl": null,
                  "absoluteUrl": null,
                  "sizeBytes": 1414,
                  "sizeSet": true,
                  "children": {}
                },
                "helloworld_component_with_start_dash_output_names.yml": {
                  "name": "helloworld_component_with_start_dash_output_names.yml",
                  "hash": "8383A5BF4682A4A2209A51FF353F9121",
                  "type": "File",
                  "timestamp": "0001-01-01T00:00:00\u002B00:00",
                  "sasUrl": null,
                  "absoluteUrl": null,
                  "sizeBytes": 1257,
                  "sizeSet": true,
                  "children": {}
                },
                "helloworld_component_with_start_number_input_names.yml": {
                  "name": "helloworld_component_with_start_number_input_names.yml",
                  "hash": "FC0C28AEE5C5174DBB8D1A29ADF7E440",
                  "type": "File",
                  "timestamp": "0001-01-01T00:00:00\u002B00:00",
                  "sasUrl": null,
                  "absoluteUrl": null,
                  "sizeBytes": 1420,
                  "sizeSet": true,
                  "children": {}
                },
                "helloworld_component_with_start_number_output_names.yml": {
                  "name": "helloworld_component_with_start_number_output_names.yml",
                  "hash": "9C45EEC9077FFA04CB75CB3A7FD8FE04",
                  "type": "File",
                  "timestamp": "0001-01-01T00:00:00\u002B00:00",
                  "sasUrl": null,
                  "absoluteUrl": null,
                  "sizeBytes": 1263,
                  "sizeSet": true,
                  "children": {}
                },
                "invalid_nested_pipeline_component_with_group.yml": {
                  "name": "invalid_nested_pipeline_component_with_group.yml",
                  "hash": "3C9B03B6E5A49C91D81A0C33F3F14E34",
                  "type": "File",
                  "timestamp": "0001-01-01T00:00:00\u002B00:00",
                  "sasUrl": null,
                  "absoluteUrl": null,
                  "sizeBytes": 1034,
                  "sizeSet": true,
                  "children": {}
                },
                "name_none.yml": {
                  "name": "name_none.yml",
                  "hash": "C6E7F23C936F9E1A858F736C0600136B",
                  "type": "File",
                  "timestamp": "0001-01-01T00:00:00\u002B00:00",
                  "sasUrl": null,
                  "absoluteUrl": null,
                  "sizeBytes": 251,
                  "sizeSet": true,
                  "children": {}
                },
                "no_environment.yml": {
                  "name": "no_environment.yml",
                  "hash": "2B4163214367D7A78B8D8AC90431F6EF",
                  "type": "File",
                  "timestamp": "0001-01-01T00:00:00\u002B00:00",
                  "sasUrl": null,
                  "absoluteUrl": null,
                  "sizeBytes": 241,
                  "sizeSet": true,
                  "children": {}
                },
                "non_dict.yml": {
                  "name": "non_dict.yml",
                  "hash": "B0ED85F177E32202C51696378B64198D",
                  "type": "File",
                  "timestamp": "0001-01-01T00:00:00\u002B00:00",
                  "sasUrl": null,
                  "absoluteUrl": null,
                  "sizeBytes": 8,
                  "sizeSet": true,
                  "children": {}
                },
                "unsupported_fields.yml": {
                  "name": "unsupported_fields.yml",
                  "hash": "5D5137E777CA02E34272A971CE2F8BEB",
                  "type": "File",
                  "timestamp": "0001-01-01T00:00:00\u002B00:00",
                  "sasUrl": null,
                  "absoluteUrl": null,
                  "sizeBytes": 314,
                  "sizeSet": true,
                  "children": {}
                }
              }
            },
            "merge_outputs_component.yml": {
              "name": "merge_outputs_component.yml",
              "hash": "55ADDC73C0C2685C9507B872894CD7C8",
              "type": "File",
              "timestamp": "0001-01-01T00:00:00\u002B00:00",
              "sasUrl": null,
              "absoluteUrl": null,
              "sizeBytes": 902,
              "sizeSet": true,
              "children": {}
            },
            "nested_pipeline_component_with_group.yml": {
              "name": "nested_pipeline_component_with_group.yml",
              "hash": "306D812C2BB3C80FBE5825ADB2C599E6",
              "type": "File",
              "timestamp": "0001-01-01T00:00:00\u002B00:00",
              "sasUrl": null,
              "absoluteUrl": null,
              "sizeBytes": 947,
              "sizeSet": true,
              "children": {}
            },
            "parallel_component_with_file_input.yml": {
              "name": "parallel_component_with_file_input.yml",
              "hash": "13299CAA2A79BC45EA50745E4F0805F8",
              "type": "File",
              "timestamp": "0001-01-01T00:00:00\u002B00:00",
              "sasUrl": null,
              "absoluteUrl": null,
              "sizeBytes": 900,
              "sizeSet": true,
              "children": {}
            },
            "parallel_component_with_partition_keys_rest.json": {
              "name": "parallel_component_with_partition_keys_rest.json",
              "hash": "80660C28EC8F742A89675CD1A7CC9E71",
              "type": "File",
              "timestamp": "0001-01-01T00:00:00\u002B00:00",
              "sasUrl": null,
              "absoluteUrl": null,
              "sizeBytes": 2892,
              "sizeSet": true,
              "children": {}
            },
            "parallel_component_with_partition_keys.yml": {
              "name": "parallel_component_with_partition_keys.yml",
              "hash": "8656630F6EC85E4B8F0CE082B11F8F2F",
              "type": "File",
              "timestamp": "0001-01-01T00:00:00\u002B00:00",
              "sasUrl": null,
              "absoluteUrl": null,
              "sizeBytes": 1303,
              "sizeSet": true,
              "children": {}
            },
            "pipeline_component_jobs_rest_data.json": {
              "name": "pipeline_component_jobs_rest_data.json",
              "hash": "BCC1B88AC9C1A06BA0B2B0FDBAD8FEA7",
              "type": "File",
              "timestamp": "0001-01-01T00:00:00\u002B00:00",
              "sasUrl": null,
              "absoluteUrl": null,
              "sizeBytes": 3263,
              "sizeSet": true,
              "children": {}
            },
            "pipeline_component_with_group.yml": {
              "name": "pipeline_component_with_group.yml",
              "hash": "C4C4F7F4DCADC7D0999552B34B4D4713",
              "type": "File",
              "timestamp": "0001-01-01T00:00:00\u002B00:00",
              "sasUrl": null,
              "absoluteUrl": null,
              "sizeBytes": 1029,
              "sizeSet": true,
              "children": {}
            },
            "type_contract": {
              "name": "type_contract",
              "hash": null,
              "type": "Directory",
              "timestamp": "0001-01-01T00:00:00\u002B00:00",
              "sasUrl": null,
              "absoluteUrl": null,
              "sizeBytes": 0,
              "sizeSet": false,
              "children": {
                "custom_model.yml": {
                  "name": "custom_model.yml",
                  "hash": "B344A8C7CFA897537CD5BBE7669D44D4",
                  "type": "File",
                  "timestamp": "0001-01-01T00:00:00\u002B00:00",
                  "sasUrl": null,
                  "absoluteUrl": null,
                  "sizeBytes": 914,
                  "sizeSet": true,
                  "children": {}
                },
                "mlflow_model.yml": {
                  "name": "mlflow_model.yml",
                  "hash": "2F01E5138D3C16E27301050C84810E4F",
                  "type": "File",
                  "timestamp": "0001-01-01T00:00:00\u002B00:00",
                  "sasUrl": null,
                  "absoluteUrl": null,
                  "sizeBytes": 733,
                  "sizeSet": true,
                  "children": {}
                },
                "mltable.yml": {
                  "name": "mltable.yml",
                  "hash": "F86DED12782CB4CEB3D3A47C02A03BE4",
                  "type": "File",
                  "timestamp": "0001-01-01T00:00:00\u002B00:00",
                  "sasUrl": null,
                  "absoluteUrl": null,
                  "sizeBytes": 846,
                  "sizeSet": true,
                  "children": {}
                },
                "object.yml": {
                  "name": "object.yml",
                  "hash": "1A334312352DB151A18B52C113599925",
                  "type": "File",
                  "timestamp": "0001-01-01T00:00:00\u002B00:00",
                  "sasUrl": null,
                  "absoluteUrl": null,
                  "sizeBytes": 2292,
                  "sizeSet": true,
                  "children": {}
                },
                "path.yml": {
                  "name": "path.yml",
                  "hash": "92B226039544A39778EE5CFC32DC70DF",
                  "type": "File",
                  "timestamp": "0001-01-01T00:00:00\u002B00:00",
                  "sasUrl": null,
                  "absoluteUrl": null,
                  "sizeBytes": 879,
                  "sizeSet": true,
                  "children": {}
                }
              }
            },
            "write_jokes": {
              "name": "write_jokes",
              "hash": null,
              "type": "Directory",
              "timestamp": "0001-01-01T00:00:00\u002B00:00",
              "sasUrl": null,
              "absoluteUrl": null,
              "sizeBytes": 0,
              "sizeSet": false,
              "children": {
                "conda.yaml": {
                  "name": "conda.yaml",
                  "hash": "A80215AE99C7B4173B0A03480FD982A9",
                  "type": "File",
                  "timestamp": "0001-01-01T00:00:00\u002B00:00",
                  "sasUrl": null,
                  "absoluteUrl": null,
                  "sizeBytes": 103,
                  "sizeSet": true,
                  "children": {}
                },
                "spec.yaml": {
                  "name": "spec.yaml",
                  "hash": "91DC7A8438E7943C082C667A3FBCC9D6",
                  "type": "File",
                  "timestamp": "0001-01-01T00:00:00\u002B00:00",
                  "sasUrl": null,
                  "absoluteUrl": null,
                  "sizeBytes": 475,
                  "sizeSet": true,
                  "children": {}
                },
                "src": {
                  "name": "src",
                  "hash": null,
                  "type": "Directory",
                  "timestamp": "0001-01-01T00:00:00\u002B00:00",
                  "sasUrl": null,
                  "absoluteUrl": null,
                  "sizeBytes": 0,
                  "sizeSet": false,
                  "children": {
                    "hello.py": {
                      "name": "hello.py",
                      "hash": "1E7B153086533E801042D621D00494D9",
                      "type": "File",
                      "timestamp": "0001-01-01T00:00:00\u002B00:00",
                      "sasUrl": null,
                      "absoluteUrl": null,
                      "sizeBytes": 157,
                      "sizeSet": true,
                      "children": {}
                    }
                  }
                }
              }
            }
          }
        },
        "tags": {},
        "properties": {
          "hash_sha256": "5a077c9d88f3fec4a2262852cbb9a31c23925e9ea28d12f5b847d669c409b319",
          "hash_version": "202208",
          "azureml.codeUri": "https://sax5mzqu7xztpx4.blob.core.windows.net:443/288fbc99-9-5886d97a-a3e9-5591-b4ce-167210b96996/components"
        },
        "description": null,
        "name": "80519ffc-a608-4a5b-b3a1-5d2685120811",
        "version": "1",
        "createdBy": {
          "userObjectId": "b3a957de-450c-4ca7-b2aa-88dd98c87fef",
          "userPuId": "10037FFEAD05DD5D",
          "userIdp": null,
          "userAltSecId": null,
          "userIss": "https://sts.windows.net/72f988bf-86f1-41af-91ab-2d7cd011db47/",
          "userTenantId": "72f988bf-86f1-41af-91ab-2d7cd011db47",
          "userName": "Firstname Lastname",
          "upn": null
        },
        "createdTime": "2023-03-05T02:03:33.9043619\u002B00:00",
        "modifiedBy": {
          "userObjectId": "b3a957de-450c-4ca7-b2aa-88dd98c87fef",
          "userPuId": "10037FFEAD05DD5D",
          "userIdp": null,
          "userAltSecId": null,
          "userIss": "https://sts.windows.net/72f988bf-86f1-41af-91ab-2d7cd011db47/",
          "userTenantId": "72f988bf-86f1-41af-91ab-2d7cd011db47",
          "userName": "Diondra Peck",
          "upn": null
        },
        "modifiedTime": "2023-03-05T02:03:33.9043619\u002B00:00",
        "gitRepositoryCommit": null,
        "uri": "https://sax5mzqu7xztpx4.blob.core.windows.net:443/288fbc99-9-5886d97a-a3e9-5591-b4ce-167210b96996/components",
        "contentHash": "5a077c9d88f3fec4a2262852cbb9a31c23925e9ea28d12f5b847d669c409b319",
        "hashVersion": "202208",
        "provisioningState": "Succeeded"
      }
    },
    {
      "RequestUri": "https://management.azure.com/subscriptions/00000000-0000-0000-0000-000000000/resourceGroups/00000/providers/Microsoft.MachineLearningServices/workspaces/00000/codes/80519ffc-a608-4a5b-b3a1-5d2685120811/versions/1?api-version=2022-05-01",
      "RequestMethod": "GET",
      "RequestHeaders": {
        "Accept": "application/json",
        "Accept-Encoding": "gzip, deflate",
        "Connection": "keep-alive",
        "User-Agent": "azure-ai-ml/1.5.0 azsdk-python-mgmt-machinelearningservices/0.1.0 Python/3.7.9 (Windows-10-10.0.22621-SP0)"
      },
      "RequestBody": null,
      "StatusCode": 200,
      "ResponseHeaders": {
        "Cache-Control": "no-cache",
        "Content-Encoding": "gzip",
        "Content-Type": "application/json; charset=utf-8",
        "Date": "Sun, 05 Mar 2023 05:39:04 GMT",
        "Expires": "-1",
        "Pragma": "no-cache",
        "request-context": "appId=cid-v1:512cc15a-13b5-415b-bfd0-dce7accb6bb1",
        "Server-Timing": "traceparent;desc=\u002200-3f8151c630f75ce04c1f05f594ae461b-ef809e9c1b1e3e65-01\u0022",
        "Strict-Transport-Security": "max-age=31536000; includeSubDomains",
        "Transfer-Encoding": "chunked",
        "Vary": [
          "Accept-Encoding",
          "Accept-Encoding"
        ],
        "x-aml-cluster": "vienna-test-westus2-01",
        "X-Content-Type-Options": "nosniff",
        "x-ms-correlation-request-id": "95e9d2e5-1119-41cc-9dd1-81e2514b3a62",
        "x-ms-ratelimit-remaining-subscription-reads": "11996",
        "x-ms-response-type": "standard",
        "x-ms-routing-request-id": "WESTUS2:20230305T053905Z:95e9d2e5-1119-41cc-9dd1-81e2514b3a62",
        "x-request-time": "0.101"
      },
      "ResponseBody": {
        "id": "/subscriptions/00000000-0000-0000-0000-000000000/resourceGroups/00000/providers/Microsoft.MachineLearningServices/workspaces/00000/codes/80519ffc-a608-4a5b-b3a1-5d2685120811/versions/1",
        "name": "1",
        "type": "Microsoft.MachineLearningServices/workspaces/codes/versions",
        "properties": {
          "description": null,
          "tags": {},
          "properties": {
            "hash_sha256": "0000000000000",
            "hash_version": "0000000000000"
          },
          "isArchived": false,
          "isAnonymous": false,
          "codeUri": "https://sax5mzqu7xztpx4.blob.core.windows.net:443/288fbc99-9-5886d97a-a3e9-5591-b4ce-167210b96996/components"
        },
        "systemData": {
          "createdAt": "2023-03-05T02:03:33.9043619\u002B00:00",
          "createdBy": "Firstname Lastname",
          "createdByType": "User",
          "lastModifiedAt": "2023-03-05T02:03:33.9043619\u002B00:00",
          "lastModifiedBy": "Firstname Lastname",
          "lastModifiedByType": "User"
        }
      }
    },
    {
      "RequestUri": "https://management.azure.com/subscriptions/00000000-0000-0000-0000-000000000/resourceGroups/00000/providers/Microsoft.MachineLearningServices/workspaces/00000/components/azureml_anonymous/versions/000000000000000000000?api-version=2022-10-01",
      "RequestMethod": "PUT",
      "RequestHeaders": {
        "Accept": "application/json",
        "Accept-Encoding": "gzip, deflate",
        "Connection": "keep-alive",
        "Content-Length": "685",
        "Content-Type": "application/json",
        "User-Agent": "azure-ai-ml/1.5.0 azsdk-python-mgmt-machinelearningservices/0.1.0 Python/3.7.9 (Windows-10-10.0.22621-SP0)"
      },
      "RequestBody": {
        "properties": {
          "properties": {},
          "tags": {},
          "isAnonymous": true,
          "isArchived": false,
          "componentSpec": {
            "command": "echo Hello World \u0026 echo ${{inputs.component_in_number}}",
            "code": "azureml:/subscriptions/00000000-0000-0000-0000-000000000/resourceGroups/00000/providers/Microsoft.MachineLearningServices/workspaces/00000/codes/80519ffc-a608-4a5b-b3a1-5d2685120811/versions/1",
            "environment": "azureml:AzureML-sklearn-1.0-ubuntu20.04-py38-cpu:33",
            "name": "azureml_anonymous",
            "version": "1",
            "is_deterministic": true,
            "inputs": {
              "component_in_number": {
                "type": "integer",
                "optional": false,
                "default": "10",
                "description": "Am integer"
              }
            },
            "type": "command",
            "_source": "YAML.JOB"
          }
        }
      },
      "StatusCode": 201,
      "ResponseHeaders": {
        "Cache-Control": "no-cache",
        "Content-Length": "1385",
        "Content-Type": "application/json; charset=utf-8",
        "Date": "Sun, 05 Mar 2023 05:39:05 GMT",
        "Expires": "-1",
        "Location": "https://management.azure.com/subscriptions/00000000-0000-0000-0000-000000000/resourceGroups/00000/providers/Microsoft.MachineLearningServices/workspaces/00000/components/azureml_anonymous/versions/000000000000000000000?api-version=2022-10-01",
        "Pragma": "no-cache",
        "request-context": "appId=cid-v1:512cc15a-13b5-415b-bfd0-dce7accb6bb1",
        "Server-Timing": "traceparent;desc=\u002200-aceb57c997164b09aa1a37bbe255bd27-c157d722d695715a-01\u0022",
        "Strict-Transport-Security": "max-age=31536000; includeSubDomains",
        "x-aml-cluster": "vienna-test-westus2-01",
        "X-Content-Type-Options": "nosniff",
        "x-ms-correlation-request-id": "fbea0a3e-5e49-4190-b62a-66ec845cef5b",
        "x-ms-ratelimit-remaining-subscription-writes": "1199",
        "x-ms-response-type": "standard",
        "x-ms-routing-request-id": "WESTUS2:20230305T053906Z:fbea0a3e-5e49-4190-b62a-66ec845cef5b",
        "x-request-time": "0.958"
      },
      "ResponseBody": {
        "id": "/subscriptions/00000000-0000-0000-0000-000000000/resourceGroups/00000/providers/Microsoft.MachineLearningServices/workspaces/00000/components/azureml_anonymous/versions/2f97c497-2ae7-4bbd-a386-dbcfb4dba6fd",
        "name": "2f97c497-2ae7-4bbd-a386-dbcfb4dba6fd",
        "type": "Microsoft.MachineLearningServices/workspaces/components/versions",
        "properties": {
          "description": null,
          "tags": {},
          "properties": {},
          "isArchived": false,
          "isAnonymous": true,
          "componentSpec": {
            "name": "azureml_anonymous",
            "version": "1",
            "is_deterministic": "True",
            "type": "command",
            "inputs": {
              "component_in_number": {
                "type": "integer",
                "optional": "False",
                "default": "10",
                "description": "Am integer"
              }
            },
            "code": "azureml:/subscriptions/00000000-0000-0000-0000-000000000/resourceGroups/00000/providers/Microsoft.MachineLearningServices/workspaces/00000/codes/80519ffc-a608-4a5b-b3a1-5d2685120811/versions/1",
            "environment": "azureml://registries/azureml-dev/environments/AzureML-sklearn-1.0-ubuntu20.04-py38-cpu/versions/33",
            "resources": {
              "instance_count": "1"
            },
            "command": "echo Hello World \u0026 echo ${{inputs.component_in_number}}",
            "$schema": "https://componentsdk.azureedge.net/jsonschema/CommandComponent.json"
          }
        },
        "systemData": {
          "createdAt": "2023-03-05T02:03:35.4525485\u002B00:00",
          "createdBy": "Firstname Lastname",
          "createdByType": "User",
          "lastModifiedAt": "2023-03-05T02:03:35.8129869\u002B00:00",
          "lastModifiedBy": "Firstname Lastname",
          "lastModifiedByType": "User"
        }
      }
    },
    {
      "RequestUri": "https://management.azure.com/subscriptions/00000000-0000-0000-0000-000000000/resourceGroups/00000/providers/Microsoft.MachineLearningServices/workspaces/00000?api-version=2022-10-01",
      "RequestMethod": "GET",
      "RequestHeaders": {
        "Accept": "application/json",
        "Accept-Encoding": "gzip, deflate",
        "Connection": "keep-alive",
        "User-Agent": "azure-ai-ml/1.5.0 azsdk-python-mgmt-machinelearningservices/0.1.0 Python/3.7.9 (Windows-10-10.0.22621-SP0)"
      },
      "RequestBody": null,
      "StatusCode": 200,
      "ResponseHeaders": {
        "Cache-Control": "no-cache",
        "Content-Encoding": "gzip",
        "Content-Type": "application/json; charset=utf-8",
        "Date": "Sun, 05 Mar 2023 05:39:06 GMT",
        "Expires": "-1",
        "Pragma": "no-cache",
        "request-context": "appId=cid-v1:512cc15a-13b5-415b-bfd0-dce7accb6bb1",
        "Server-Timing": "traceparent;desc=\u002200-3af5763860bda1390a58b5d2027a588c-3fc784c341e04dc7-01\u0022",
        "Strict-Transport-Security": "max-age=31536000; includeSubDomains",
        "Transfer-Encoding": "chunked",
        "Vary": [
          "Accept-Encoding",
          "Accept-Encoding"
        ],
        "x-aml-cluster": "vienna-test-westus2-02",
        "X-Content-Type-Options": "nosniff",
        "x-ms-correlation-request-id": "1a9d61b4-a5cf-45f8-8c60-263e900a1fc8",
        "x-ms-ratelimit-remaining-subscription-reads": "11995",
        "x-ms-response-type": "standard",
        "x-ms-routing-request-id": "WESTUS2:20230305T053906Z:1a9d61b4-a5cf-45f8-8c60-263e900a1fc8",
        "x-request-time": "0.012"
      },
      "ResponseBody": {
        "id": "/subscriptions/00000000-0000-0000-0000-000000000/resourceGroups/00000/providers/Microsoft.MachineLearningServices/workspaces/00000",
        "name": "00000",
        "type": "Microsoft.MachineLearningServices/workspaces",
        "location": "centraluseuap",
        "tags": {},
        "etag": null,
        "properties": {
          "friendlyName": "00000",
          "description": "",
          "storageAccount": "/subscriptions/00000000-0000-0000-0000-000000000/resourceGroups/00000/providers/Microsoft.Storage/storageAccounts/sax5mzqu7xztpx4",
          "keyVault": "/subscriptions/00000000-0000-0000-0000-000000000/resourceGroups/00000/providers/Microsoft.Keyvault/vaults/kvtestsgwgquo2dadsi",
          "applicationInsights": "/subscriptions/00000000-0000-0000-0000-000000000/resourceGroups/00000/providers/Microsoft.insights/components/aix5mzqu7xztpx4",
          "hbiWorkspace": false,
          "tenantId": "72f988bf-86f1-41af-91ab-2d7cd011db47",
          "imageBuildCompute": null,
          "provisioningState": "Succeeded",
          "v1LegacyMode": false,
          "softDeleteEnabled": false,
          "containerRegistry": "/subscriptions/00000000-0000-0000-0000-000000000/resourceGroups/00000/providers/Microsoft.ContainerRegistry/registries/crx5mzqu7xztpx4",
          "creationTime": "2023-03-03T20:15:14.9243872Z",
          "notebookInfo": {
            "resourceId": "0000000-0000-0000-0000-000000000000",
            "fqdn": "ml-sdkvnextc-centraluseuap-288fbc99-974d-4a49-b40f-53b041fe40cc.centraluseuap.notebooks.azure.net",
            "isPrivateLinkEnabled": false,
            "notebookPreparationError": null
          },
          "storageHnsEnabled": false,
          "workspaceId": "288fbc99-974d-4a49-b40f-53b041fe40cc",
          "linkedModelInventoryArmId": null,
          "privateLinkCount": 0,
          "publicNetworkAccess": "Enabled",
          "discoveryUrl": "https://master.api.azureml-test.ms/discovery",
          "mlFlowTrackingUri": "azureml://master.api.azureml-test.ms/mlflow/v1.0/subscriptions/00000000-0000-0000-0000-000000000/resourceGroups/00000/providers/Microsoft.MachineLearningServices/workspaces/00000",
          "sdkTelemetryAppInsightsKey": "0000000-0000-0000-0000-000000000000",
          "sasGetterUri": "",
          "enableDataIsolation": false
        },
        "identity": {
          "type": "SystemAssigned",
          "principalId": "0000000-0000-0000-0000-000000000000",
          "tenantId": "72f988bf-86f1-41af-91ab-2d7cd011db47"
        },
        "kind": "Default",
        "sku": {
          "name": "Basic",
          "tier": "Basic"
        },
        "systemData": {
          "createdAt": "2023-03-03T20:15:14.9243872Z",
          "createdBy": "alias@contoso.com",
          "createdByType": "User",
          "lastModifiedAt": "2023-03-03T20:15:14.9243872Z",
          "lastModifiedBy": "alias@contoso.com",
          "lastModifiedByType": "User"
        }
      }
    },
    {
      "RequestUri": "https://master.api.azureml-test.ms/content/v2.0/subscriptions/00000000-0000-0000-0000-000000000/resourceGroups/00000/providers/Microsoft.MachineLearningServices/workspaces/00000/snapshots/getByHash?hash=d3c05b496c685e7e5a204e3cebc689086bd0f622c2975d8090c18968739a464a\u0026hashVersion=202208",
      "RequestMethod": "GET",
      "RequestHeaders": {
        "Accept": "*/*",
        "Accept-Encoding": "gzip, deflate",
        "Connection": "keep-alive",
        "Content-Type": "application/json; charset=UTF-8",
        "User-Agent": "azure-ai-ml/1.5.0 azsdk-python-core/1.26.3 Python/3.7.9 (Windows-10-10.0.22621-SP0)"
      },
      "RequestBody": null,
      "StatusCode": 200,
      "ResponseHeaders": {
        "Connection": "keep-alive",
        "Content-Encoding": "gzip",
        "Content-Type": "application/json; charset=utf-8",
        "Date": "Sun, 05 Mar 2023 05:39:08 GMT",
        "request-context": "appId=cid-v1:512cc15a-13b5-415b-bfd0-dce7accb6bb1",
        "Strict-Transport-Security": "max-age=15724800; includeSubDomains; preload",
        "Transfer-Encoding": "chunked",
        "Vary": "Accept-Encoding",
        "x-aml-cluster": "vienna-test-westus2-01",
        "X-Content-Type-Options": "nosniff",
        "x-ms-response-type": "standard",
        "x-request-time": "0.064"
      },
      "ResponseBody": {
        "snapshotType": "LocalFiles",
        "id": "0a7da1c6-b939-4726-b0d1-1946abc6a154",
        "root": {
          "name": "",
          "hash": null,
          "type": "Directory",
          "timestamp": "0001-01-01T00:00:00\u002B00:00",
          "sasUrl": null,
          "absoluteUrl": null,
          "sizeBytes": 0,
          "sizeSet": false,
          "children": {
            "COMPONENT_PLACEHOLDER": {
              "name": "COMPONENT_PLACEHOLDER",
              "hash": "2FF0E74A91489FE8DA41673EB1441D73",
              "type": "File",
              "timestamp": "0001-01-01T00:00:00\u002B00:00",
              "sasUrl": null,
              "absoluteUrl": null,
              "sizeBytes": 35,
              "sizeSet": true,
              "children": {}
            }
          }
        },
        "tags": {},
        "properties": {
          "hash_sha256": "d3c05b496c685e7e5a204e3cebc689086bd0f622c2975d8090c18968739a464a",
          "hash_version": "202208",
          "azureml.codeUri": "https://sax5mzqu7xztpx4.blob.core.windows.net:443/288fbc99-9-2cabc6a5-9713-532e-8859-6bd6d69e8ce8/"
        },
        "description": null,
        "name": "f1b82144-651f-4f47-bbb4-a6500bc75774",
        "version": "1",
        "createdBy": {
          "userObjectId": "b3a957de-450c-4ca7-b2aa-88dd98c87fef",
          "userPuId": "10037FFEAD05DD5D",
          "userIdp": null,
          "userAltSecId": null,
          "userIss": "https://sts.windows.net/72f988bf-86f1-41af-91ab-2d7cd011db47/",
          "userTenantId": "72f988bf-86f1-41af-91ab-2d7cd011db47",
          "userName": "Firstname Lastname",
          "upn": null
        },
        "createdTime": "2023-03-03T20:24:07.0457611\u002B00:00",
        "modifiedBy": {
          "userObjectId": "b3a957de-450c-4ca7-b2aa-88dd98c87fef",
          "userPuId": "10037FFEAD05DD5D",
          "userIdp": null,
          "userAltSecId": null,
          "userIss": "https://sts.windows.net/72f988bf-86f1-41af-91ab-2d7cd011db47/",
          "userTenantId": "72f988bf-86f1-41af-91ab-2d7cd011db47",
          "userName": "Diondra Peck",
          "upn": null
        },
        "modifiedTime": "2023-03-03T20:24:07.0457611\u002B00:00",
        "gitRepositoryCommit": null,
        "uri": "https://sax5mzqu7xztpx4.blob.core.windows.net:443/288fbc99-9-2cabc6a5-9713-532e-8859-6bd6d69e8ce8/",
        "contentHash": "d3c05b496c685e7e5a204e3cebc689086bd0f622c2975d8090c18968739a464a",
        "hashVersion": "202208",
        "provisioningState": "Succeeded"
      }
    },
    {
      "RequestUri": "https://management.azure.com/subscriptions/00000000-0000-0000-0000-000000000/resourceGroups/00000/providers/Microsoft.MachineLearningServices/workspaces/00000/codes/f1b82144-651f-4f47-bbb4-a6500bc75774/versions/1?api-version=2022-05-01",
      "RequestMethod": "GET",
      "RequestHeaders": {
        "Accept": "application/json",
        "Accept-Encoding": "gzip, deflate",
        "Connection": "keep-alive",
        "User-Agent": "azure-ai-ml/1.5.0 azsdk-python-mgmt-machinelearningservices/0.1.0 Python/3.7.9 (Windows-10-10.0.22621-SP0)"
      },
      "RequestBody": null,
      "StatusCode": 200,
      "ResponseHeaders": {
        "Cache-Control": "no-cache",
        "Content-Encoding": "gzip",
        "Content-Type": "application/json; charset=utf-8",
        "Date": "Sun, 05 Mar 2023 05:39:07 GMT",
        "Expires": "-1",
        "Pragma": "no-cache",
        "request-context": "appId=cid-v1:512cc15a-13b5-415b-bfd0-dce7accb6bb1",
        "Server-Timing": "traceparent;desc=\u002200-c0f931ac9e98e7cfa17a110845b95ccc-c650657f3992674a-01\u0022",
        "Strict-Transport-Security": "max-age=31536000; includeSubDomains",
        "Transfer-Encoding": "chunked",
        "Vary": [
          "Accept-Encoding",
          "Accept-Encoding"
        ],
        "x-aml-cluster": "vienna-test-westus2-01",
        "X-Content-Type-Options": "nosniff",
        "x-ms-correlation-request-id": "3181448d-ec42-4274-8a49-1bdcbce49c3b",
        "x-ms-ratelimit-remaining-subscription-reads": "11994",
        "x-ms-response-type": "standard",
        "x-ms-routing-request-id": "WESTUS2:20230305T053908Z:3181448d-ec42-4274-8a49-1bdcbce49c3b",
        "x-request-time": "0.074"
      },
      "ResponseBody": {
        "id": "/subscriptions/00000000-0000-0000-0000-000000000/resourceGroups/00000/providers/Microsoft.MachineLearningServices/workspaces/00000/codes/f1b82144-651f-4f47-bbb4-a6500bc75774/versions/1",
        "name": "1",
        "type": "Microsoft.MachineLearningServices/workspaces/codes/versions",
        "properties": {
          "description": null,
          "tags": {},
          "properties": {
            "hash_sha256": "0000000000000",
            "hash_version": "0000000000000"
          },
          "isArchived": false,
          "isAnonymous": false,
          "codeUri": "https://sax5mzqu7xztpx4.blob.core.windows.net:443/288fbc99-9-2cabc6a5-9713-532e-8859-6bd6d69e8ce8/"
        },
        "systemData": {
          "createdAt": "2023-03-03T20:24:07.0457611\u002B00:00",
          "createdBy": "Firstname Lastname",
          "createdByType": "User",
          "lastModifiedAt": "2023-03-03T20:24:07.0457611\u002B00:00",
          "lastModifiedBy": "Firstname Lastname",
          "lastModifiedByType": "User"
        }
      }
    },
    {
      "RequestUri": "https://management.azure.com/subscriptions/00000000-0000-0000-0000-000000000/resourceGroups/00000/providers/Microsoft.MachineLearningServices/workspaces/00000/components/azureml_anonymous/versions/000000000000000000000?api-version=2022-10-01",
      "RequestMethod": "PUT",
      "RequestHeaders": {
        "Accept": "application/json",
        "Accept-Encoding": "gzip, deflate",
        "Connection": "keep-alive",
        "Content-Length": "685",
        "Content-Type": "application/json",
        "User-Agent": "azure-ai-ml/1.5.0 azsdk-python-mgmt-machinelearningservices/0.1.0 Python/3.7.9 (Windows-10-10.0.22621-SP0)"
      },
      "RequestBody": {
        "properties": {
          "properties": {},
          "tags": {},
          "isAnonymous": true,
          "isArchived": false,
          "componentSpec": {
            "command": "echo Hello World \u0026 echo ${{inputs.component_in_number}}",
            "code": "azureml:/subscriptions/00000000-0000-0000-0000-000000000/resourceGroups/00000/providers/Microsoft.MachineLearningServices/workspaces/00000/codes/f1b82144-651f-4f47-bbb4-a6500bc75774/versions/1",
            "environment": "azureml:AzureML-sklearn-1.0-ubuntu20.04-py38-cpu:33",
            "name": "azureml_anonymous",
            "version": "1",
            "is_deterministic": true,
            "inputs": {
              "component_in_number": {
                "type": "integer",
                "optional": false,
                "default": "10",
                "description": "Am integer"
              }
            },
            "type": "command",
            "_source": "YAML.JOB"
          }
        }
      },
      "StatusCode": 201,
      "ResponseHeaders": {
        "Cache-Control": "no-cache",
        "Content-Length": "1385",
        "Content-Type": "application/json; charset=utf-8",
        "Date": "Sun, 05 Mar 2023 05:39:08 GMT",
        "Expires": "-1",
        "Location": "https://management.azure.com/subscriptions/00000000-0000-0000-0000-000000000/resourceGroups/00000/providers/Microsoft.MachineLearningServices/workspaces/00000/components/azureml_anonymous/versions/000000000000000000000?api-version=2022-10-01",
        "Pragma": "no-cache",
        "request-context": "appId=cid-v1:512cc15a-13b5-415b-bfd0-dce7accb6bb1",
        "Server-Timing": "traceparent;desc=\u002200-ff1ce87ea010fe5e05bb3c8f271b7038-6bb98c6e78d40f1d-01\u0022",
        "Strict-Transport-Security": "max-age=31536000; includeSubDomains",
        "x-aml-cluster": "vienna-test-westus2-01",
        "X-Content-Type-Options": "nosniff",
        "x-ms-correlation-request-id": "65551786-2945-426d-b2dd-ae9479269a55",
        "x-ms-ratelimit-remaining-subscription-writes": "1198",
        "x-ms-response-type": "standard",
        "x-ms-routing-request-id": "WESTUS2:20230305T053909Z:65551786-2945-426d-b2dd-ae9479269a55",
        "x-request-time": "0.674"
      },
      "ResponseBody": {
        "id": "/subscriptions/00000000-0000-0000-0000-000000000/resourceGroups/00000/providers/Microsoft.MachineLearningServices/workspaces/00000/components/azureml_anonymous/versions/93d07c0e-9a05-48a4-a1bf-7fe25a198fa3",
        "name": "93d07c0e-9a05-48a4-a1bf-7fe25a198fa3",
        "type": "Microsoft.MachineLearningServices/workspaces/components/versions",
        "properties": {
          "description": null,
          "tags": {},
          "properties": {},
          "isArchived": false,
          "isAnonymous": true,
          "componentSpec": {
            "name": "azureml_anonymous",
            "version": "1",
            "is_deterministic": "True",
            "type": "command",
            "inputs": {
              "component_in_number": {
                "type": "integer",
                "optional": "False",
                "default": "10",
                "description": "Am integer"
              }
            },
            "code": "azureml:/subscriptions/00000000-0000-0000-0000-000000000/resourceGroups/00000/providers/Microsoft.MachineLearningServices/workspaces/00000/codes/f1b82144-651f-4f47-bbb4-a6500bc75774/versions/1",
            "environment": "azureml://registries/azureml-dev/environments/AzureML-sklearn-1.0-ubuntu20.04-py38-cpu/versions/33",
            "resources": {
              "instance_count": "1"
            },
            "command": "echo Hello World \u0026 echo ${{inputs.component_in_number}}",
            "$schema": "https://componentsdk.azureedge.net/jsonschema/CommandComponent.json"
          }
        },
        "systemData": {
          "createdAt": "2023-03-05T02:03:38.8389461\u002B00:00",
          "createdBy": "Firstname Lastname",
          "createdByType": "User",
          "lastModifiedAt": "2023-03-05T02:03:39.2465347\u002B00:00",
          "lastModifiedBy": "Firstname Lastname",
          "lastModifiedByType": "User"
        }
      }
    },
    {
      "RequestUri": "https://management.azure.com/subscriptions/00000000-0000-0000-0000-000000000/resourceGroups/00000/providers/Microsoft.MachineLearningServices/workspaces/00000/schedules/test_467555865689?api-version=2022-12-01-preview",
      "RequestMethod": "PUT",
      "RequestHeaders": {
        "Accept": "application/json",
        "Accept-Encoding": "gzip, deflate",
        "Connection": "keep-alive",
        "Content-Length": "2727",
        "Content-Type": "application/json",
        "User-Agent": "azure-ai-ml/1.5.0 azsdk-python-mgmt-machinelearningservices/0.1.0 Python/3.7.9 (Windows-10-10.0.22621-SP0)"
      },
      "RequestBody": {
        "properties": {
          "description": "a weekly retrain schedule",
          "properties": {},
          "tags": {},
          "action": {
            "actionType": "CreateJob",
            "jobDefinition": {
              "description": "The hello world pipeline job with inline components",
              "properties": {},
              "tags": {
                "tag": "tagvalue",
                "owner": "sdkteam"
              },
              "computeId": "/subscriptions/00000000-0000-0000-0000-000000000/resourceGroups/00000/providers/Microsoft.MachineLearningServices/workspaces/00000/computes/cpu-cluster",
              "isArchived": false,
              "jobType": "Pipeline",
              "inputs": {
                "job_in_number": {
                  "jobInputType": "literal",
                  "value": "10"
                },
                "job_in_other_number": {
                  "jobInputType": "literal",
                  "value": "15"
                }
              },
              "jobs": {
                "hello_world_component_inline_1": {
                  "name": "hello_world_component_inline_1",
                  "type": "command",
                  "inputs": {
                    "component_in_number": {
                      "job_input_type": "literal",
                      "value": "${{parent.inputs.job_in_number}}"
                    }
                  },
                  "_source": "YAML.JOB",
                  "componentId": "/subscriptions/00000000-0000-0000-0000-000000000/resourceGroups/00000/providers/Microsoft.MachineLearningServices/workspaces/00000/components/azureml_anonymous/versions/143b4dba-00cb-42d8-8ce3-c9fd2882da5a"
                },
                "hello_world_component_inline_2": {
                  "name": "hello_world_component_inline_2",
                  "type": "command",
                  "inputs": {
                    "component_in_number": {
                      "job_input_type": "literal",
                      "value": "${{parent.inputs.job_in_number}}"
                    }
                  },
                  "_source": "YAML.JOB",
                  "componentId": "/subscriptions/00000000-0000-0000-0000-000000000/resourceGroups/00000/providers/Microsoft.MachineLearningServices/workspaces/00000/components/azureml_anonymous/versions/2f97c497-2ae7-4bbd-a386-dbcfb4dba6fd"
                },
                "hello_world_component_inline_3": {
                  "name": "hello_world_component_inline_3",
                  "type": "command",
                  "inputs": {
                    "component_in_number": {
                      "job_input_type": "literal",
                      "value": "${{parent.inputs.job_in_number}}"
                    }
                  },
                  "_source": "YAML.JOB",
                  "componentId": "/subscriptions/00000000-0000-0000-0000-000000000/resourceGroups/00000/providers/Microsoft.MachineLearningServices/workspaces/00000/components/azureml_anonymous/versions/93d07c0e-9a05-48a4-a1bf-7fe25a198fa3"
                }
              },
              "outputs": {},
              "settings": {
                "default_compute": "/subscriptions/00000000-0000-0000-0000-000000000/resourceGroups/00000/providers/Microsoft.MachineLearningServices/workspaces/00000/computes/cpu-cluster-1",
                "default_datastore": "/subscriptions/00000000-0000-0000-0000-000000000/resourceGroups/00000/providers/Microsoft.MachineLearningServices/workspaces/00000/datastores/workspacefilestore",
                "continue_on_step_failure": true,
                "_source": "YAML.JOB"
              }
            }
          },
          "displayName": "weekly retrain schedule",
          "trigger": {
            "endTime": "2099-01-01 00:00:00",
            "startTime": "2022-05-10 10:15:00",
            "timeZone": "Pacific Standard Time",
            "triggerType": "Recurrence",
            "frequency": "day",
            "interval": 1,
            "schedule": {
              "hours": [],
              "minutes": []
            }
          }
        }
      },
      "StatusCode": 201,
      "ResponseHeaders": {
        "azure-asyncoperation": "https://management.azure.com/subscriptions/00000000-0000-0000-0000-000000000/providers/Microsoft.MachineLearningServices/locations/centraluseuap/mfeOperationsStatus/s:288fbc99-974d-4a49-b40f-53b041fe40cc:5t-4slxTdDWR7Az4chMTO-_lNkFN6SAqME3u4DC3zOI?api-version=2022-12-01-preview",
        "Cache-Control": "no-cache",
        "Content-Length": "3990",
        "Content-Type": "application/json; charset=utf-8",
        "Date": "Sun, 05 Mar 2023 05:39:09 GMT",
        "Expires": "-1",
        "Location": "https://management.azure.com/subscriptions/00000000-0000-0000-0000-000000000/resourceGroups/00000/providers/Microsoft.MachineLearningServices/workspaces/00000/schedules/test_467555865689?api-version=2022-12-01-preview",
        "Pragma": "no-cache",
        "request-context": "appId=cid-v1:512cc15a-13b5-415b-bfd0-dce7accb6bb1",
        "Server-Timing": "traceparent;desc=\u002200-22130e19133bf4b5a7ade4360f717ab5-9b4331eab8f6c797-01\u0022",
        "Strict-Transport-Security": "max-age=31536000; includeSubDomains",
        "x-aml-cluster": "vienna-test-westus2-01",
        "X-Content-Type-Options": "nosniff",
        "x-ms-async-operation-timeout": "PT30M",
        "x-ms-correlation-request-id": "b68df431-19fb-4ea8-a0e2-8a7865432dab",
        "x-ms-ratelimit-remaining-subscription-writes": "1197",
        "x-ms-response-type": "standard",
        "x-ms-routing-request-id": "WESTUS2:20230305T053910Z:b68df431-19fb-4ea8-a0e2-8a7865432dab",
        "x-request-time": "0.149"
      },
      "ResponseBody": {
        "properties": {
          "description": "a weekly retrain schedule",
          "tags": {},
          "properties": {},
          "displayName": "weekly retrain schedule",
          "isEnabled": true,
          "trigger": {
            "endTime": "2099-01-01 00:00:00",
            "startTime": "2022-05-10 10:15:00",
            "timeZone": "Pacific Standard Time",
            "triggerType": "Recurrence",
            "frequency": "Day",
            "interval": 1,
            "schedule": {
              "hours": [],
              "minutes": [],
              "weekDays": null,
              "monthDays": null
            }
          },
          "action": {
            "actionType": "CreateJob",
            "jobDefinition": {
              "description": "The hello world pipeline job with inline components",
              "tags": {
                "tag": "tagvalue",
                "owner": "sdkteam"
              },
              "properties": {},
              "displayName": null,
              "status": "NotStarted",
              "experimentName": "Default",
              "services": null,
              "computeId": "/subscriptions/00000000-0000-0000-0000-000000000/resourceGroups/00000/providers/Microsoft.MachineLearningServices/workspaces/00000/computes/cpu-cluster",
              "isArchived": false,
              "identity": null,
              "componentId": null,
              "jobType": "Pipeline",
              "settings": {
                "default_compute": "/subscriptions/00000000-0000-0000-0000-000000000/resourceGroups/00000/providers/Microsoft.MachineLearningServices/workspaces/00000/computes/cpu-cluster-1",
                "default_datastore": "/subscriptions/00000000-0000-0000-0000-000000000/resourceGroups/00000/providers/Microsoft.MachineLearningServices/workspaces/00000/datastores/workspacefilestore",
                "continue_on_step_failure": true,
                "_source": "YAML.JOB"
              },
              "jobs": {
                "hello_world_component_inline_1": {
                  "name": "hello_world_component_inline_1",
                  "type": "command",
                  "inputs": {
                    "component_in_number": {
                      "job_input_type": "literal",
                      "value": "${{parent.inputs.job_in_number}}"
                    }
                  },
                  "_source": "YAML.JOB",
                  "componentId": "/subscriptions/00000000-0000-0000-0000-000000000/resourceGroups/00000/providers/Microsoft.MachineLearningServices/workspaces/00000/components/azureml_anonymous/versions/143b4dba-00cb-42d8-8ce3-c9fd2882da5a"
                },
                "hello_world_component_inline_2": {
                  "name": "hello_world_component_inline_2",
                  "type": "command",
                  "inputs": {
                    "component_in_number": {
                      "job_input_type": "literal",
                      "value": "${{parent.inputs.job_in_number}}"
                    }
                  },
                  "_source": "YAML.JOB",
                  "componentId": "/subscriptions/00000000-0000-0000-0000-000000000/resourceGroups/00000/providers/Microsoft.MachineLearningServices/workspaces/00000/components/azureml_anonymous/versions/2f97c497-2ae7-4bbd-a386-dbcfb4dba6fd"
                },
                "hello_world_component_inline_3": {
                  "name": "hello_world_component_inline_3",
                  "type": "command",
                  "inputs": {
                    "component_in_number": {
                      "job_input_type": "literal",
                      "value": "${{parent.inputs.job_in_number}}"
                    }
                  },
                  "_source": "YAML.JOB",
                  "componentId": "/subscriptions/00000000-0000-0000-0000-000000000/resourceGroups/00000/providers/Microsoft.MachineLearningServices/workspaces/00000/components/azureml_anonymous/versions/93d07c0e-9a05-48a4-a1bf-7fe25a198fa3"
                }
              },
              "inputs": {
                "job_in_number": {
                  "description": null,
                  "jobInputType": "literal",
                  "value": "10"
                },
                "job_in_other_number": {
                  "description": null,
                  "jobInputType": "literal",
                  "value": "15"
                }
              },
              "outputs": {},
              "sourceJobId": null
            }
          },
          "provisioningState": "Creating"
        }
      }
    },
    {
      "RequestUri": "https://management.azure.com/subscriptions/00000000-0000-0000-0000-000000000/providers/Microsoft.MachineLearningServices/locations/centraluseuap/mfeOperationsStatus/s:288fbc99-974d-4a49-b40f-53b041fe40cc:5t-4slxTdDWR7Az4chMTO-_lNkFN6SAqME3u4DC3zOI?api-version=2022-12-01-preview",
      "RequestMethod": "GET",
      "RequestHeaders": {
        "Accept": "*/*",
        "Accept-Encoding": "gzip, deflate",
        "Connection": "keep-alive",
        "User-Agent": "azure-ai-ml/1.5.0 azsdk-python-mgmt-machinelearningservices/0.1.0 Python/3.7.9 (Windows-10-10.0.22621-SP0)"
      },
      "RequestBody": null,
      "StatusCode": 200,
      "ResponseHeaders": {
        "Cache-Control": "no-cache",
        "Content-Encoding": "gzip",
        "Content-Type": "application/json; charset=utf-8",
        "Date": "Sun, 05 Mar 2023 05:39:09 GMT",
        "Expires": "-1",
        "Pragma": "no-cache",
        "request-context": "appId=cid-v1:512cc15a-13b5-415b-bfd0-dce7accb6bb1",
        "Server-Timing": "traceparent;desc=\u002200-ceca5912f5127ca37b3154801c4a6a78-e2d963794512bd1b-01\u0022",
        "Strict-Transport-Security": "max-age=31536000; includeSubDomains",
        "Transfer-Encoding": "chunked",
        "Vary": [
          "Accept-Encoding",
          "Accept-Encoding"
        ],
        "x-aml-cluster": "vienna-test-westus2-02",
        "X-Content-Type-Options": "nosniff",
        "x-ms-correlation-request-id": "af109eff-458a-47f8-9ba8-68a4c5fe4973",
        "x-ms-ratelimit-remaining-subscription-reads": "11993",
        "x-ms-response-type": "standard",
        "x-ms-routing-request-id": "WESTUS2:20230305T053910Z:af109eff-458a-47f8-9ba8-68a4c5fe4973",
        "x-request-time": "0.017"
      },
      "ResponseBody": {
        "id": "/subscriptions/00000000-0000-0000-0000-000000000/providers/Microsoft.MachineLearningServices/locations/centraluseuap/mfeOperationResults/s:288fbc99-974d-4a49-b40f-53b041fe40cc:5t-4slxTdDWR7Az4chMTO-_lNkFN6SAqME3u4DC3zOI",
        "name": "s:288fbc99-974d-4a49-b40f-53b041fe40cc:5t-4slxTdDWR7Az4chMTO-_lNkFN6SAqME3u4DC3zOI",
        "status": "Creating"
      }
    },
    {
      "RequestUri": "https://management.azure.com/subscriptions/00000000-0000-0000-0000-000000000/providers/Microsoft.MachineLearningServices/locations/centraluseuap/mfeOperationsStatus/s:288fbc99-974d-4a49-b40f-53b041fe40cc:5t-4slxTdDWR7Az4chMTO-_lNkFN6SAqME3u4DC3zOI?api-version=2022-12-01-preview",
      "RequestMethod": "GET",
      "RequestHeaders": {
        "Accept": "*/*",
        "Accept-Encoding": "gzip, deflate",
        "Connection": "keep-alive",
        "User-Agent": "azure-ai-ml/1.5.0 azsdk-python-mgmt-machinelearningservices/0.1.0 Python/3.7.9 (Windows-10-10.0.22621-SP0)"
      },
      "RequestBody": null,
      "StatusCode": 200,
      "ResponseHeaders": {
        "Cache-Control": "no-cache",
        "Content-Encoding": "gzip",
        "Content-Type": "application/json; charset=utf-8",
        "Date": "Sun, 05 Mar 2023 05:39:14 GMT",
        "Expires": "-1",
        "Pragma": "no-cache",
        "request-context": "appId=cid-v1:512cc15a-13b5-415b-bfd0-dce7accb6bb1",
        "Server-Timing": "traceparent;desc=\u002200-a88600f6440433a957b474e927eca6c8-02da5e0ed5e922ff-01\u0022",
        "Strict-Transport-Security": "max-age=31536000; includeSubDomains",
        "Transfer-Encoding": "chunked",
        "Vary": [
          "Accept-Encoding",
          "Accept-Encoding"
        ],
        "x-aml-cluster": "vienna-test-westus2-02",
        "X-Content-Type-Options": "nosniff",
        "x-ms-correlation-request-id": "1b40563c-cb63-4772-a938-f5989cd4ed3f",
        "x-ms-ratelimit-remaining-subscription-reads": "11992",
        "x-ms-response-type": "standard",
        "x-ms-routing-request-id": "WESTUS2:20230305T053915Z:1b40563c-cb63-4772-a938-f5989cd4ed3f",
        "x-request-time": "0.023"
      },
      "ResponseBody": {
        "id": "/subscriptions/00000000-0000-0000-0000-000000000/providers/Microsoft.MachineLearningServices/locations/centraluseuap/mfeOperationResults/s:288fbc99-974d-4a49-b40f-53b041fe40cc:5t-4slxTdDWR7Az4chMTO-_lNkFN6SAqME3u4DC3zOI",
        "name": "s:288fbc99-974d-4a49-b40f-53b041fe40cc:5t-4slxTdDWR7Az4chMTO-_lNkFN6SAqME3u4DC3zOI",
        "status": "Succeeded",
        "startTime": "2023-03-05T05:39:10.4621291\u002B00:00",
        "endTime": "2023-03-05T05:39:12\u002B00:00"
      }
    },
    {
      "RequestUri": "https://management.azure.com/subscriptions/00000000-0000-0000-0000-000000000/resourceGroups/00000/providers/Microsoft.MachineLearningServices/workspaces/00000/schedules/test_467555865689?api-version=2022-12-01-preview",
      "RequestMethod": "GET",
      "RequestHeaders": {
        "Accept": "*/*",
        "Accept-Encoding": "gzip, deflate",
        "Connection": "keep-alive",
        "User-Agent": "azure-ai-ml/1.5.0 azsdk-python-mgmt-machinelearningservices/0.1.0 Python/3.7.9 (Windows-10-10.0.22621-SP0)"
      },
      "RequestBody": null,
      "StatusCode": 200,
      "ResponseHeaders": {
        "Cache-Control": "no-cache",
        "Content-Encoding": "gzip",
        "Content-Type": "application/json; charset=utf-8",
        "Date": "Sun, 05 Mar 2023 05:39:15 GMT",
        "Expires": "-1",
        "Pragma": "no-cache",
        "request-context": "appId=cid-v1:512cc15a-13b5-415b-bfd0-dce7accb6bb1",
        "Server-Timing": "traceparent;desc=\u002200-6391fc36fd3fff95b27797726fd86f59-4db079fdb40c3927-01\u0022",
        "Strict-Transport-Security": "max-age=31536000; includeSubDomains",
        "Transfer-Encoding": "chunked",
        "Vary": [
          "Accept-Encoding",
          "Accept-Encoding"
        ],
        "x-aml-cluster": "vienna-test-westus2-01",
        "X-Content-Type-Options": "nosniff",
        "x-ms-correlation-request-id": "0ecc9802-4d3d-40e6-a018-739222d708ae",
        "x-ms-ratelimit-remaining-subscription-reads": "11991",
        "x-ms-response-type": "standard",
        "x-ms-routing-request-id": "WESTUS2:20230305T053916Z:0ecc9802-4d3d-40e6-a018-739222d708ae",
        "x-request-time": "0.119"
      },
      "ResponseBody": {
        "name": "test_467555865689",
        "properties": {
          "description": "a weekly retrain schedule",
          "tags": {},
          "properties": {},
          "displayName": "weekly retrain schedule",
          "isEnabled": true,
          "trigger": {
            "endTime": "2099-01-01 00:00:00",
            "startTime": "2022-05-10 10:15:00",
            "timeZone": "Pacific Standard Time",
            "triggerType": "Recurrence",
            "frequency": "Day",
            "interval": 1,
            "schedule": null
          },
          "action": {
            "actionType": "CreateJob",
            "jobDefinition": {
              "description": "The hello world pipeline job with inline components",
              "tags": {
                "tag": "tagvalue",
                "owner": "sdkteam"
              },
              "properties": {},
              "displayName": null,
              "status": "NotStarted",
              "experimentName": "Default",
              "services": null,
              "computeId": "/subscriptions/00000000-0000-0000-0000-000000000/resourceGroups/00000/providers/Microsoft.MachineLearningServices/workspaces/00000/computes/cpu-cluster",
              "isArchived": false,
              "identity": null,
              "componentId": null,
              "jobType": "Pipeline",
              "settings": {
                "default_compute": "/subscriptions/00000000-0000-0000-0000-000000000/resourceGroups/00000/providers/Microsoft.MachineLearningServices/workspaces/00000/computes/cpu-cluster-1",
                "default_datastore": "/subscriptions/00000000-0000-0000-0000-000000000/resourceGroups/00000/providers/Microsoft.MachineLearningServices/workspaces/00000/datastores/workspacefilestore",
                "continue_on_step_failure": true,
                "_source": "YAML.JOB"
              },
              "jobs": {
                "hello_world_component_inline_1": {
                  "name": "hello_world_component_inline_1",
                  "type": "command",
                  "inputs": {
                    "component_in_number": {
                      "job_input_type": "literal",
                      "value": "${{parent.inputs.job_in_number}}"
                    }
                  },
                  "_source": "YAML.JOB",
                  "componentId": "/subscriptions/00000000-0000-0000-0000-000000000/resourceGroups/00000/providers/Microsoft.MachineLearningServices/workspaces/00000/components/azureml_anonymous/versions/143b4dba-00cb-42d8-8ce3-c9fd2882da5a"
                },
                "hello_world_component_inline_2": {
                  "name": "hello_world_component_inline_2",
                  "type": "command",
                  "inputs": {
                    "component_in_number": {
                      "job_input_type": "literal",
                      "value": "${{parent.inputs.job_in_number}}"
                    }
                  },
                  "_source": "YAML.JOB",
                  "componentId": "/subscriptions/00000000-0000-0000-0000-000000000/resourceGroups/00000/providers/Microsoft.MachineLearningServices/workspaces/00000/components/azureml_anonymous/versions/2f97c497-2ae7-4bbd-a386-dbcfb4dba6fd"
                },
                "hello_world_component_inline_3": {
                  "name": "hello_world_component_inline_3",
                  "type": "command",
                  "inputs": {
                    "component_in_number": {
                      "job_input_type": "literal",
                      "value": "${{parent.inputs.job_in_number}}"
                    }
                  },
                  "_source": "YAML.JOB",
                  "componentId": "/subscriptions/00000000-0000-0000-0000-000000000/resourceGroups/00000/providers/Microsoft.MachineLearningServices/workspaces/00000/components/azureml_anonymous/versions/93d07c0e-9a05-48a4-a1bf-7fe25a198fa3"
                }
              },
              "inputs": {
                "job_in_number": {
                  "description": null,
                  "jobInputType": "literal",
                  "value": "10"
                },
                "job_in_other_number": {
                  "description": null,
                  "jobInputType": "literal",
                  "value": "15"
                }
              },
              "outputs": {},
              "sourceJobId": null
            }
          },
          "provisioningState": "Succeeded"
        },
        "systemData": {
          "createdAt": "2023-03-05T05:39:12.6528489\u002B00:00",
          "createdBy": "Firstname Lastname",
          "createdByType": "User",
          "lastModifiedAt": "2023-03-05T05:39:12.6528489\u002B00:00",
          "lastModifiedBy": "Firstname Lastname",
          "lastModifiedByType": "User"
        }
      }
    },
    {
      "RequestUri": "https://management.azure.com/subscriptions/00000000-0000-0000-0000-000000000/resourceGroups/00000/providers/Microsoft.MachineLearningServices/workspaces/00000/schedules/test_467555865689?api-version=2022-12-01-preview",
      "RequestMethod": "GET",
      "RequestHeaders": {
        "Accept": "application/json",
        "Accept-Encoding": "gzip, deflate",
        "Connection": "keep-alive",
        "User-Agent": "azure-ai-ml/1.5.0 azsdk-python-mgmt-machinelearningservices/0.1.0 Python/3.7.9 (Windows-10-10.0.22621-SP0)"
      },
      "RequestBody": null,
      "StatusCode": 200,
      "ResponseHeaders": {
        "Cache-Control": "no-cache",
        "Content-Encoding": "gzip",
        "Content-Type": "application/json; charset=utf-8",
        "Date": "Sun, 05 Mar 2023 05:39:15 GMT",
        "Expires": "-1",
        "Pragma": "no-cache",
        "request-context": "appId=cid-v1:512cc15a-13b5-415b-bfd0-dce7accb6bb1",
        "Server-Timing": "traceparent;desc=\u002200-a4ec048520226455afd675c2ed7454e9-9f3deec4b3d6e198-01\u0022",
        "Strict-Transport-Security": "max-age=31536000; includeSubDomains",
        "Transfer-Encoding": "chunked",
        "Vary": [
          "Accept-Encoding",
          "Accept-Encoding"
        ],
        "x-aml-cluster": "vienna-test-westus2-01",
        "X-Content-Type-Options": "nosniff",
        "x-ms-correlation-request-id": "4c3041bf-ce11-4693-9576-aad77db28ed2",
        "x-ms-ratelimit-remaining-subscription-reads": "11990",
        "x-ms-response-type": "standard",
        "x-ms-routing-request-id": "WESTUS2:20230305T053916Z:4c3041bf-ce11-4693-9576-aad77db28ed2",
        "x-request-time": "0.173"
      },
      "ResponseBody": {
        "name": "test_467555865689",
        "properties": {
          "description": "a weekly retrain schedule",
          "tags": {},
          "properties": {},
          "displayName": "weekly retrain schedule",
          "isEnabled": true,
          "trigger": {
            "endTime": "2099-01-01 00:00:00",
            "startTime": "2022-05-10 10:15:00",
            "timeZone": "Pacific Standard Time",
            "triggerType": "Recurrence",
            "frequency": "Day",
            "interval": 1,
            "schedule": null
          },
          "action": {
            "actionType": "CreateJob",
            "jobDefinition": {
              "description": "The hello world pipeline job with inline components",
              "tags": {
                "tag": "tagvalue",
                "owner": "sdkteam"
              },
              "properties": {},
              "displayName": null,
              "status": "NotStarted",
              "experimentName": "Default",
              "services": null,
              "computeId": "/subscriptions/00000000-0000-0000-0000-000000000/resourceGroups/00000/providers/Microsoft.MachineLearningServices/workspaces/00000/computes/cpu-cluster",
              "isArchived": false,
              "identity": null,
              "componentId": null,
              "jobType": "Pipeline",
              "settings": {
                "default_compute": "/subscriptions/00000000-0000-0000-0000-000000000/resourceGroups/00000/providers/Microsoft.MachineLearningServices/workspaces/00000/computes/cpu-cluster-1",
                "default_datastore": "/subscriptions/00000000-0000-0000-0000-000000000/resourceGroups/00000/providers/Microsoft.MachineLearningServices/workspaces/00000/datastores/workspacefilestore",
                "continue_on_step_failure": true,
                "_source": "YAML.JOB"
              },
              "jobs": {
                "hello_world_component_inline_1": {
                  "name": "hello_world_component_inline_1",
                  "type": "command",
                  "inputs": {
                    "component_in_number": {
                      "job_input_type": "literal",
                      "value": "${{parent.inputs.job_in_number}}"
                    }
                  },
                  "_source": "YAML.JOB",
                  "componentId": "/subscriptions/00000000-0000-0000-0000-000000000/resourceGroups/00000/providers/Microsoft.MachineLearningServices/workspaces/00000/components/azureml_anonymous/versions/143b4dba-00cb-42d8-8ce3-c9fd2882da5a"
                },
                "hello_world_component_inline_2": {
                  "name": "hello_world_component_inline_2",
                  "type": "command",
                  "inputs": {
                    "component_in_number": {
                      "job_input_type": "literal",
                      "value": "${{parent.inputs.job_in_number}}"
                    }
                  },
                  "_source": "YAML.JOB",
                  "componentId": "/subscriptions/00000000-0000-0000-0000-000000000/resourceGroups/00000/providers/Microsoft.MachineLearningServices/workspaces/00000/components/azureml_anonymous/versions/2f97c497-2ae7-4bbd-a386-dbcfb4dba6fd"
                },
                "hello_world_component_inline_3": {
                  "name": "hello_world_component_inline_3",
                  "type": "command",
                  "inputs": {
                    "component_in_number": {
                      "job_input_type": "literal",
                      "value": "${{parent.inputs.job_in_number}}"
                    }
                  },
                  "_source": "YAML.JOB",
                  "componentId": "/subscriptions/00000000-0000-0000-0000-000000000/resourceGroups/00000/providers/Microsoft.MachineLearningServices/workspaces/00000/components/azureml_anonymous/versions/93d07c0e-9a05-48a4-a1bf-7fe25a198fa3"
                }
              },
              "inputs": {
                "job_in_number": {
                  "description": null,
                  "jobInputType": "literal",
                  "value": "10"
                },
                "job_in_other_number": {
                  "description": null,
                  "jobInputType": "literal",
                  "value": "15"
                }
              },
              "outputs": {},
              "sourceJobId": null
            }
          },
          "provisioningState": "Succeeded"
        },
        "systemData": {
          "createdAt": "2023-03-05T05:39:12.6528489\u002B00:00",
          "createdBy": "Firstname Lastname",
          "createdByType": "User",
          "lastModifiedAt": "2023-03-05T05:39:12.6528489\u002B00:00",
          "lastModifiedBy": "Firstname Lastname",
          "lastModifiedByType": "User"
        }
      }
    },
    {
      "RequestUri": "https://management.azure.com/subscriptions/00000000-0000-0000-0000-000000000/resourceGroups/00000/providers/Microsoft.MachineLearningServices/workspaces/00000/schedules/test_467555865689?api-version=2022-12-01-preview",
      "RequestMethod": "PUT",
      "RequestHeaders": {
        "Accept": "application/json",
        "Accept-Encoding": "gzip, deflate",
        "Connection": "keep-alive",
        "Content-Length": "2830",
        "Content-Type": "application/json",
        "User-Agent": "azure-ai-ml/1.5.0 azsdk-python-mgmt-machinelearningservices/0.1.0 Python/3.7.9 (Windows-10-10.0.22621-SP0)"
      },
      "RequestBody": {
        "properties": {
          "description": "a weekly retrain schedule",
          "properties": {},
          "tags": {},
          "action": {
            "actionType": "CreateJob",
            "jobDefinition": {
              "description": "The hello world pipeline job with inline components",
              "properties": {},
              "tags": {
                "tag": "tagvalue",
                "owner": "sdkteam"
              },
              "computeId": "/subscriptions/00000000-0000-0000-0000-000000000/resourceGroups/00000/providers/Microsoft.MachineLearningServices/workspaces/00000/computes/cpu-cluster",
              "experimentName": "Default",
              "isArchived": false,
              "jobType": "Pipeline",
              "inputs": {
                "job_in_number": {
                  "jobInputType": "literal",
                  "value": "10"
                },
                "job_in_other_number": {
                  "jobInputType": "literal",
                  "value": "15"
                }
              },
              "jobs": {
                "hello_world_component_inline_1": {
                  "name": "hello_world_component_inline_1",
                  "type": "command",
                  "inputs": {
                    "component_in_number": {
                      "job_input_type": "literal",
                      "value": "${{parent.inputs.job_in_number}}"
                    }
                  },
                  "_source": "REMOTE.WORKSPACE.COMPONENT",
                  "componentId": "/subscriptions/00000000-0000-0000-0000-000000000/resourceGroups/00000/providers/Microsoft.MachineLearningServices/workspaces/00000/components/azureml_anonymous/versions/143b4dba-00cb-42d8-8ce3-c9fd2882da5a"
                },
                "hello_world_component_inline_2": {
                  "name": "hello_world_component_inline_2",
                  "type": "command",
                  "inputs": {
                    "component_in_number": {
                      "job_input_type": "literal",
                      "value": "${{parent.inputs.job_in_number}}"
                    }
                  },
                  "_source": "REMOTE.WORKSPACE.COMPONENT",
                  "componentId": "/subscriptions/00000000-0000-0000-0000-000000000/resourceGroups/00000/providers/Microsoft.MachineLearningServices/workspaces/00000/components/azureml_anonymous/versions/2f97c497-2ae7-4bbd-a386-dbcfb4dba6fd"
                },
                "hello_world_component_inline_3": {
                  "name": "hello_world_component_inline_3",
                  "type": "command",
                  "inputs": {
                    "component_in_number": {
                      "job_input_type": "literal",
                      "value": "${{parent.inputs.job_in_number}}"
                    }
                  },
                  "_source": "REMOTE.WORKSPACE.COMPONENT",
                  "componentId": "/subscriptions/00000000-0000-0000-0000-000000000/resourceGroups/00000/providers/Microsoft.MachineLearningServices/workspaces/00000/components/azureml_anonymous/versions/93d07c0e-9a05-48a4-a1bf-7fe25a198fa3"
                }
              },
              "outputs": {},
              "settings": {
                "default_compute": "/subscriptions/00000000-0000-0000-0000-000000000/resourceGroups/00000/providers/Microsoft.MachineLearningServices/workspaces/00000/computes/cpu-cluster-1",
                "default_datastore": "/subscriptions/00000000-0000-0000-0000-000000000/resourceGroups/00000/providers/Microsoft.MachineLearningServices/workspaces/00000/datastores/workspacefilestore",
                "continue_on_step_failure": true,
                "_source": "YAML.JOB"
              }
            }
          },
          "displayName": "weekly retrain schedule",
          "isEnabled": false,
          "trigger": {
            "endTime": "2099-01-01 00:00:00",
            "startTime": "2022-05-10 10:15:00",
            "timeZone": "Pacific Standard Time",
            "triggerType": "Recurrence",
            "frequency": "day",
            "interval": 1,
            "schedule": {
              "hours": [],
              "minutes": []
            }
          }
        }
      },
      "StatusCode": 201,
      "ResponseHeaders": {
        "azure-asyncoperation": "https://management.azure.com/subscriptions/00000000-0000-0000-0000-000000000/providers/Microsoft.MachineLearningServices/locations/centraluseuap/mfeOperationsStatus/s:288fbc99-974d-4a49-b40f-53b041fe40cc:7KNPX5u86bQNQbOIuxLMfT7H0sbp7mdo0_xE5R0IfyA?api-version=2022-12-01-preview",
        "Cache-Control": "no-cache",
        "Content-Length": "4045",
        "Content-Type": "application/json; charset=utf-8",
        "Date": "Sun, 05 Mar 2023 05:39:16 GMT",
        "Expires": "-1",
        "Location": "https://management.azure.com/subscriptions/00000000-0000-0000-0000-000000000/resourceGroups/00000/providers/Microsoft.MachineLearningServices/workspaces/00000/schedules/test_467555865689?api-version=2022-12-01-preview",
        "Pragma": "no-cache",
        "request-context": "appId=cid-v1:512cc15a-13b5-415b-bfd0-dce7accb6bb1",
        "Server-Timing": "traceparent;desc=\u002200-035903d9890e6fd90d90dfd2deb91f8b-03c68bf269a4741b-01\u0022",
        "Strict-Transport-Security": "max-age=31536000; includeSubDomains",
        "x-aml-cluster": "vienna-test-westus2-01",
        "X-Content-Type-Options": "nosniff",
        "x-ms-async-operation-timeout": "PT30M",
        "x-ms-correlation-request-id": "a33ce792-8a98-44f8-b9ea-0e157d100461",
        "x-ms-ratelimit-remaining-subscription-writes": "1196",
        "x-ms-response-type": "standard",
        "x-ms-routing-request-id": "WESTUS2:20230305T053916Z:a33ce792-8a98-44f8-b9ea-0e157d100461",
        "x-request-time": "0.049"
      },
      "ResponseBody": {
        "properties": {
          "description": "a weekly retrain schedule",
          "tags": {},
          "properties": {},
          "displayName": "weekly retrain schedule",
          "isEnabled": false,
          "trigger": {
            "endTime": "2099-01-01 00:00:00",
            "startTime": "2022-05-10 10:15:00",
            "timeZone": "Pacific Standard Time",
            "triggerType": "Recurrence",
            "frequency": "Day",
            "interval": 1,
            "schedule": {
              "hours": [],
              "minutes": [],
              "weekDays": null,
              "monthDays": null
            }
          },
          "action": {
            "actionType": "CreateJob",
            "jobDefinition": {
              "description": "The hello world pipeline job with inline components",
              "tags": {
                "tag": "tagvalue",
                "owner": "sdkteam"
              },
              "properties": {},
              "displayName": null,
              "status": "NotStarted",
              "experimentName": "Default",
              "services": null,
              "computeId": "/subscriptions/00000000-0000-0000-0000-000000000/resourceGroups/00000/providers/Microsoft.MachineLearningServices/workspaces/00000/computes/cpu-cluster",
              "isArchived": false,
              "identity": null,
              "componentId": null,
              "jobType": "Pipeline",
              "settings": {
                "default_compute": "/subscriptions/00000000-0000-0000-0000-000000000/resourceGroups/00000/providers/Microsoft.MachineLearningServices/workspaces/00000/computes/cpu-cluster-1",
                "default_datastore": "/subscriptions/00000000-0000-0000-0000-000000000/resourceGroups/00000/providers/Microsoft.MachineLearningServices/workspaces/00000/datastores/workspacefilestore",
                "continue_on_step_failure": true,
                "_source": "YAML.JOB"
              },
              "jobs": {
                "hello_world_component_inline_1": {
                  "name": "hello_world_component_inline_1",
                  "type": "command",
                  "inputs": {
                    "component_in_number": {
                      "job_input_type": "literal",
                      "value": "${{parent.inputs.job_in_number}}"
                    }
                  },
                  "_source": "REMOTE.WORKSPACE.COMPONENT",
                  "componentId": "/subscriptions/00000000-0000-0000-0000-000000000/resourceGroups/00000/providers/Microsoft.MachineLearningServices/workspaces/00000/components/azureml_anonymous/versions/143b4dba-00cb-42d8-8ce3-c9fd2882da5a"
                },
                "hello_world_component_inline_2": {
                  "name": "hello_world_component_inline_2",
                  "type": "command",
                  "inputs": {
                    "component_in_number": {
                      "job_input_type": "literal",
                      "value": "${{parent.inputs.job_in_number}}"
                    }
                  },
                  "_source": "REMOTE.WORKSPACE.COMPONENT",
                  "componentId": "/subscriptions/00000000-0000-0000-0000-000000000/resourceGroups/00000/providers/Microsoft.MachineLearningServices/workspaces/00000/components/azureml_anonymous/versions/2f97c497-2ae7-4bbd-a386-dbcfb4dba6fd"
                },
                "hello_world_component_inline_3": {
                  "name": "hello_world_component_inline_3",
                  "type": "command",
                  "inputs": {
                    "component_in_number": {
                      "job_input_type": "literal",
                      "value": "${{parent.inputs.job_in_number}}"
                    }
                  },
                  "_source": "REMOTE.WORKSPACE.COMPONENT",
                  "componentId": "/subscriptions/00000000-0000-0000-0000-000000000/resourceGroups/00000/providers/Microsoft.MachineLearningServices/workspaces/00000/components/azureml_anonymous/versions/93d07c0e-9a05-48a4-a1bf-7fe25a198fa3"
                }
              },
              "inputs": {
                "job_in_number": {
                  "description": null,
                  "jobInputType": "literal",
                  "value": "10"
                },
                "job_in_other_number": {
                  "description": null,
                  "jobInputType": "literal",
                  "value": "15"
                }
              },
              "outputs": {},
              "sourceJobId": null
            }
          },
          "provisioningState": "Creating"
        }
      }
    },
    {
      "RequestUri": "https://management.azure.com/subscriptions/00000000-0000-0000-0000-000000000/providers/Microsoft.MachineLearningServices/locations/centraluseuap/mfeOperationsStatus/s:288fbc99-974d-4a49-b40f-53b041fe40cc:7KNPX5u86bQNQbOIuxLMfT7H0sbp7mdo0_xE5R0IfyA?api-version=2022-12-01-preview",
      "RequestMethod": "GET",
      "RequestHeaders": {
        "Accept": "*/*",
        "Accept-Encoding": "gzip, deflate",
        "Connection": "keep-alive",
        "User-Agent": "azure-ai-ml/1.5.0 azsdk-python-mgmt-machinelearningservices/0.1.0 Python/3.7.9 (Windows-10-10.0.22621-SP0)",
        "x-ms-client-request-id": "1193fada-bb18-11ed-b10b-f06e0bc19b14"
      },
      "RequestBody": null,
      "StatusCode": 200,
      "ResponseHeaders": {
        "Cache-Control": "no-cache",
        "Content-Encoding": "gzip",
        "Content-Type": "application/json; charset=utf-8",
        "Date": "Sun, 05 Mar 2023 05:39:16 GMT",
        "Expires": "-1",
        "Pragma": "no-cache",
        "request-context": "appId=cid-v1:512cc15a-13b5-415b-bfd0-dce7accb6bb1",
        "Server-Timing": "traceparent;desc=\u002200-6bd44398001be573d55b8b399be91649-214f21da94ccbd87-01\u0022",
        "Strict-Transport-Security": "max-age=31536000; includeSubDomains",
        "Transfer-Encoding": "chunked",
        "Vary": [
          "Accept-Encoding",
          "Accept-Encoding"
        ],
        "x-aml-cluster": "vienna-test-westus2-02",
        "X-Content-Type-Options": "nosniff",
        "x-ms-correlation-request-id": "85a975e1-b4b2-488d-9520-0dd00d2fb25f",
        "x-ms-ratelimit-remaining-subscription-reads": "11989",
        "x-ms-request-id": "85a975e1-b4b2-488d-9520-0dd00d2fb25f",
        "x-ms-response-type": "standard",
        "x-ms-routing-request-id": "WESTUS2:20230305T053917Z:85a975e1-b4b2-488d-9520-0dd00d2fb25f",
        "x-request-time": "0.018"
      },
      "ResponseBody": {
        "id": "/subscriptions/00000000-0000-0000-0000-000000000/providers/Microsoft.MachineLearningServices/locations/centraluseuap/mfeOperationResults/s:288fbc99-974d-4a49-b40f-53b041fe40cc:7KNPX5u86bQNQbOIuxLMfT7H0sbp7mdo0_xE5R0IfyA",
        "name": "s:288fbc99-974d-4a49-b40f-53b041fe40cc:7KNPX5u86bQNQbOIuxLMfT7H0sbp7mdo0_xE5R0IfyA",
        "status": "Creating"
      }
    }
  ],
  "Variables": {
    "name": "test_467555865689"
  }
}
