{
  "Entries": [
    {
      "RequestUri": "https://management.azure.com/subscriptions/00000000-0000-0000-0000-000000000/resourceGroups/00000/providers/Microsoft.MachineLearningServices/workspaces/00000/datastores/workspaceblobstore?api-version=2022-05-01",
      "RequestMethod": "GET",
      "RequestHeaders": {
        "Accept": "application/json",
        "Accept-Encoding": "gzip, deflate",
        "Connection": "keep-alive",
        "User-Agent": "azure-ai-ml/1.3.0 azsdk-python-mgmt-machinelearningservices/0.1.0 Python/3.10.8 (Windows-10-10.0.22621-SP0)"
      },
      "RequestBody": null,
      "StatusCode": 200,
      "ResponseHeaders": {
        "Cache-Control": "no-cache",
        "Content-Encoding": "gzip",
        "Content-Type": "application/json; charset=utf-8",
        "Date": "Wed, 28 Dec 2022 20:50:12 GMT",
        "Expires": "-1",
        "Pragma": "no-cache",
        "Request-Context": "appId=cid-v1:2d2e8e63-272e-4b3c-8598-4ee570a0e70d",
        "Server-Timing": "traceparent;desc=\u002200-1af20e72bb9ede2754d50391e5af4624-6ecc46c8eccd54f8-00\u0022",
        "Strict-Transport-Security": "max-age=31536000; includeSubDomains",
        "Transfer-Encoding": "chunked",
        "Vary": [
          "Accept-Encoding",
          "Accept-Encoding"
        ],
        "x-aml-cluster": "vienna-westus-01",
        "X-Content-Type-Options": "nosniff",
        "x-ms-correlation-request-id": "4ff61aed-d088-433b-b190-dc71c7ad77aa",
        "x-ms-ratelimit-remaining-subscription-reads": "11997",
        "x-ms-response-type": "standard",
        "x-ms-routing-request-id": "CANADACENTRAL:20221228T205013Z:4ff61aed-d088-433b-b190-dc71c7ad77aa",
        "x-request-time": "0.530"
      },
      "ResponseBody": {
        "id": "/subscriptions/00000000-0000-0000-0000-000000000/resourceGroups/00000/providers/Microsoft.MachineLearningServices/workspaces/00000/datastores/workspaceblobstore",
        "name": "workspaceblobstore",
        "type": "Microsoft.MachineLearningServices/workspaces/datastores",
        "properties": {
          "description": null,
          "tags": null,
          "properties": null,
          "isDefault": true,
          "credentials": {
            "credentialsType": "AccountKey"
          },
          "datastoreType": "AzureBlob",
          "accountName": "sauucsxpn24slls",
          "containerName": "azureml-blobstore-55dbca7f-9e65-4feb-8c41-d63789be2717",
          "endpoint": "core.windows.net",
          "protocol": "https",
          "serviceDataAccessAuthIdentity": "WorkspaceSystemAssignedIdentity"
        },
        "systemData": {
          "createdAt": "2022-12-13T16:14:50.1412936\u002B00:00",
          "createdBy": "779301c0-18b2-4cdc-801b-a0a3368fee0a",
          "createdByType": "Application",
          "lastModifiedAt": "2022-12-13T16:14:50.7943244\u002B00:00",
          "lastModifiedBy": "779301c0-18b2-4cdc-801b-a0a3368fee0a",
          "lastModifiedByType": "Application"
        }
      }
    },
    {
      "RequestUri": "https://management.azure.com/subscriptions/00000000-0000-0000-0000-000000000/resourceGroups/00000/providers/Microsoft.MachineLearningServices/workspaces/00000/datastores/workspaceblobstore/listSecrets?api-version=2022-05-01",
      "RequestMethod": "POST",
      "RequestHeaders": {
        "Accept": "application/json",
        "Accept-Encoding": "gzip, deflate",
        "Connection": "keep-alive",
        "Content-Length": "0",
        "User-Agent": "azure-ai-ml/1.3.0 azsdk-python-mgmt-machinelearningservices/0.1.0 Python/3.10.8 (Windows-10-10.0.22621-SP0)"
      },
      "RequestBody": null,
      "StatusCode": 200,
      "ResponseHeaders": {
        "Cache-Control": "no-cache",
        "Content-Encoding": "gzip",
        "Content-Type": "application/json; charset=utf-8",
        "Date": "Wed, 28 Dec 2022 20:50:13 GMT",
        "Expires": "-1",
        "Pragma": "no-cache",
        "Request-Context": "appId=cid-v1:2d2e8e63-272e-4b3c-8598-4ee570a0e70d",
        "Server-Timing": "traceparent;desc=\u002200-20698d7379d9fb0bd93b0e85c2c30ac1-2c94074d85fcec0e-00\u0022",
        "Strict-Transport-Security": "max-age=31536000; includeSubDomains",
        "Transfer-Encoding": "chunked",
        "Vary": "Accept-Encoding",
        "x-aml-cluster": "vienna-westus-01",
        "X-Content-Type-Options": "nosniff",
        "x-ms-correlation-request-id": "6a342cd4-b935-4eae-980b-00eefb912809",
        "x-ms-ratelimit-remaining-subscription-writes": "1199",
        "x-ms-response-type": "standard",
        "x-ms-routing-request-id": "CANADACENTRAL:20221228T205013Z:6a342cd4-b935-4eae-980b-00eefb912809",
        "x-request-time": "0.344"
      },
      "ResponseBody": {
        "secretsType": "AccountKey",
        "key": "dGhpcyBpcyBmYWtlIGtleQ=="
      }
    },
    {
      "RequestUri": "https://sauucsxpn24slls.blob.core.windows.net/azureml-blobstore-55dbca7f-9e65-4feb-8c41-d63789be2717/LocalUpload/00000000000000000000000000000000/COMPONENT_PLACEHOLDER",
      "RequestMethod": "HEAD",
      "RequestHeaders": {
        "Accept": "application/xml",
        "Accept-Encoding": "gzip, deflate",
        "Connection": "keep-alive",
        "User-Agent": "azsdk-python-storage-blob/12.12.0 Python/3.10.8 (Windows-10-10.0.22621-SP0)",
        "x-ms-date": "Wed, 28 Dec 2022 20:50:14 GMT",
        "x-ms-version": "2021-06-08"
      },
      "RequestBody": null,
      "StatusCode": 200,
      "ResponseHeaders": {
        "Accept-Ranges": "bytes",
        "Content-Length": "35",
        "Content-MD5": "L/DnSpFIn\u002BjaQWc\u002BsUQdcw==",
        "Content-Type": "application/octet-stream",
        "Date": "Wed, 28 Dec 2022 20:50:13 GMT",
        "ETag": "\u00220x8DAE4608CD1B8C4\u0022",
        "Last-Modified": "Thu, 22 Dec 2022 21:07:35 GMT",
        "Server": [
          "Windows-Azure-Blob/1.0",
          "Microsoft-HTTPAPI/2.0"
        ],
        "Vary": "Origin",
        "x-ms-access-tier": "Hot",
        "x-ms-access-tier-inferred": "true",
        "x-ms-blob-type": "BlockBlob",
        "x-ms-creation-time": "Thu, 22 Dec 2022 21:07:35 GMT",
        "x-ms-lease-state": "available",
        "x-ms-lease-status": "unlocked",
        "x-ms-meta-name": "e3a2d82d-a800-4284-b7c0-97f8cbc1bf33",
        "x-ms-meta-upload_status": "completed",
        "x-ms-meta-version": "1",
        "x-ms-server-encrypted": "true",
        "x-ms-version": "2021-06-08"
      },
      "ResponseBody": null
    },
    {
      "RequestUri": "https://sauucsxpn24slls.blob.core.windows.net/azureml-blobstore-55dbca7f-9e65-4feb-8c41-d63789be2717/az-ml-artifacts/00000000000000000000000000000000/COMPONENT_PLACEHOLDER",
      "RequestMethod": "HEAD",
      "RequestHeaders": {
        "Accept": "application/xml",
        "Accept-Encoding": "gzip, deflate",
        "Connection": "keep-alive",
        "User-Agent": "azsdk-python-storage-blob/12.12.0 Python/3.10.8 (Windows-10-10.0.22621-SP0)",
        "x-ms-date": "Wed, 28 Dec 2022 20:50:15 GMT",
        "x-ms-version": "2021-06-08"
      },
      "RequestBody": null,
      "StatusCode": 404,
      "ResponseHeaders": {
        "Date": "Wed, 28 Dec 2022 20:50:14 GMT",
        "Server": [
          "Windows-Azure-Blob/1.0",
          "Microsoft-HTTPAPI/2.0"
        ],
        "Transfer-Encoding": "chunked",
        "Vary": "Origin",
        "x-ms-error-code": "BlobNotFound",
        "x-ms-version": "2021-06-08"
      },
      "ResponseBody": null
    },
    {
      "RequestUri": "https://management.azure.com/subscriptions/00000000-0000-0000-0000-000000000/resourceGroups/00000/providers/Microsoft.MachineLearningServices/workspaces/00000/codes/e3a2d82d-a800-4284-b7c0-97f8cbc1bf33/versions/1?api-version=2022-05-01",
      "RequestMethod": "PUT",
      "RequestHeaders": {
        "Accept": "application/json",
        "Accept-Encoding": "gzip, deflate",
        "Connection": "keep-alive",
        "Content-Length": "288",
        "Content-Type": "application/json",
        "User-Agent": "azure-ai-ml/1.3.0 azsdk-python-mgmt-machinelearningservices/0.1.0 Python/3.10.8 (Windows-10-10.0.22621-SP0)"
      },
      "RequestBody": {
        "properties": {
          "properties": {
            "hash_sha256": "0000000000000",
            "hash_version": "0000000000000"
          },
          "isAnonymous": true,
          "isArchived": false,
          "codeUri": "https://sauucsxpn24slls.blob.core.windows.net/azureml-blobstore-55dbca7f-9e65-4feb-8c41-d63789be2717/LocalUpload/00000000000000000000000000000000"
        }
      },
      "StatusCode": 200,
      "ResponseHeaders": {
        "Cache-Control": "no-cache",
        "Content-Encoding": "gzip",
        "Content-Type": "application/json; charset=utf-8",
        "Date": "Wed, 28 Dec 2022 20:50:15 GMT",
        "Expires": "-1",
        "Pragma": "no-cache",
        "Request-Context": "appId=cid-v1:2d2e8e63-272e-4b3c-8598-4ee570a0e70d",
        "Server-Timing": "traceparent;desc=\u002200-6f32cd2d5585885959b88d1cc98d12d0-52cc1073ed8a545f-00\u0022",
        "Strict-Transport-Security": "max-age=31536000; includeSubDomains",
        "Transfer-Encoding": "chunked",
        "Vary": [
          "Accept-Encoding",
          "Accept-Encoding"
        ],
        "x-aml-cluster": "vienna-westus-01",
        "X-Content-Type-Options": "nosniff",
        "x-ms-correlation-request-id": "740ca4db-a982-4661-b31b-868f77fc9f87",
        "x-ms-ratelimit-remaining-subscription-writes": "1199",
        "x-ms-response-type": "standard",
        "x-ms-routing-request-id": "CANADACENTRAL:20221228T205016Z:740ca4db-a982-4661-b31b-868f77fc9f87",
        "x-request-time": "0.554"
      },
      "ResponseBody": {
        "id": "/subscriptions/00000000-0000-0000-0000-000000000/resourceGroups/00000/providers/Microsoft.MachineLearningServices/workspaces/00000/codes/e3a2d82d-a800-4284-b7c0-97f8cbc1bf33/versions/1",
        "name": "1",
        "type": "Microsoft.MachineLearningServices/workspaces/codes/versions",
        "properties": {
          "description": null,
          "tags": {},
          "properties": {
            "hash_sha256": "0000000000000",
            "hash_version": "0000000000000"
          },
          "isArchived": false,
          "isAnonymous": false,
          "codeUri": "https://sauucsxpn24slls.blob.core.windows.net/azureml-blobstore-55dbca7f-9e65-4feb-8c41-d63789be2717/LocalUpload/00000000000000000000000000000000"
        },
        "systemData": {
          "createdAt": "2022-12-22T21:07:37.0966717\u002B00:00",
          "createdBy": "Njuguna Thande",
          "createdByType": "User",
          "lastModifiedAt": "2022-12-28T20:50:16.0004208\u002B00:00",
          "lastModifiedBy": "Njuguna Thande",
          "lastModifiedByType": "User"
        }
      }
    },
    {
      "RequestUri": "https://management.azure.com/subscriptions/00000000-0000-0000-0000-000000000/resourceGroups/00000/providers/Microsoft.MachineLearningServices/workspaces/00000/components/azureml_anonymous/versions/7ad0f4e4-2b7d-acbc-2a4a-96c104387bfa?api-version=2022-05-01",
      "RequestMethod": "PUT",
      "RequestHeaders": {
        "Accept": "application/json",
        "Accept-Encoding": "gzip, deflate",
        "Connection": "keep-alive",
        "Content-Length": "653",
        "Content-Type": "application/json",
        "User-Agent": "azure-ai-ml/1.3.0 azsdk-python-mgmt-machinelearningservices/0.1.0 Python/3.10.8 (Windows-10-10.0.22621-SP0)"
      },
      "RequestBody": {
        "properties": {
          "properties": {},
          "tags": {},
          "isAnonymous": true,
          "isArchived": false,
          "componentSpec": {
            "command": "echo hello ${{inputs.hello_string}}",
            "code": "azureml:/subscriptions/00000000-0000-0000-0000-000000000/resourceGroups/00000/providers/Microsoft.MachineLearningServices/workspaces/00000/codes/e3a2d82d-a800-4284-b7c0-97f8cbc1bf33/versions/1",
            "environment": "azureml:AzureML-sklearn-0.24-ubuntu18.04-py37-cpu@latest",
            "name": "azureml_anonymous",
            "version": "7ad0f4e4-2b7d-acbc-2a4a-96c104387bfa",
            "display_name": "a",
            "is_deterministic": true,
            "inputs": {
              "hello_string": {
                "type": "string"
              }
            },
            "type": "command",
            "_source": "YAML.JOB"
          }
        }
      },
      "StatusCode": 201,
      "ResponseHeaders": {
        "Cache-Control": "no-cache",
        "Content-Length": "1617",
        "Content-Type": "application/json; charset=utf-8",
        "Date": "Wed, 28 Dec 2022 20:50:17 GMT",
        "Expires": "-1",
        "Location": "https://management.azure.com/subscriptions/00000000-0000-0000-0000-000000000/resourceGroups/00000/providers/Microsoft.MachineLearningServices/workspaces/00000/components/azureml_anonymous/versions/7ad0f4e4-2b7d-acbc-2a4a-96c104387bfa?api-version=2022-05-01",
        "Pragma": "no-cache",
        "Request-Context": "appId=cid-v1:2d2e8e63-272e-4b3c-8598-4ee570a0e70d",
        "Server-Timing": "traceparent;desc=\u002200-bad113e892da3830c8d519af2bbc2ec1-62e711613c70ce13-00\u0022",
        "Strict-Transport-Security": "max-age=31536000; includeSubDomains",
        "x-aml-cluster": "vienna-westus-01",
        "X-Content-Type-Options": "nosniff",
        "x-ms-correlation-request-id": "209bad89-790f-4f95-94ce-e5abbc3b9ca5",
        "x-ms-ratelimit-remaining-subscription-writes": "1198",
        "x-ms-response-type": "standard",
        "x-ms-routing-request-id": "CANADACENTRAL:20221228T205018Z:209bad89-790f-4f95-94ce-e5abbc3b9ca5",
        "x-request-time": "1.199"
      },
      "ResponseBody": {
        "id": "/subscriptions/00000000-0000-0000-0000-000000000/resourceGroups/00000/providers/Microsoft.MachineLearningServices/workspaces/00000/components/azureml_anonymous/versions/2f4cc951-e5fc-4be4-9adc-6397c14c29b0",
        "name": "2f4cc951-e5fc-4be4-9adc-6397c14c29b0",
        "type": "Microsoft.MachineLearningServices/workspaces/components/versions",
        "properties": {
          "description": null,
          "tags": {},
          "properties": {},
          "isArchived": false,
          "isAnonymous": true,
          "componentSpec": {
            "name": "azureml_anonymous",
            "version": "2f4cc951-e5fc-4be4-9adc-6397c14c29b0",
            "display_name": "a",
            "is_deterministic": "True",
            "type": "command",
            "inputs": {
              "hello_string": {
                "type": "string",
                "optional": "False"
              }
            },
            "code": "azureml:/subscriptions/00000000-0000-0000-0000-000000000/resourceGroups/00000/providers/Microsoft.MachineLearningServices/workspaces/00000/codes/e3a2d82d-a800-4284-b7c0-97f8cbc1bf33/versions/1",
            "environment": "azureml://registries/azureml/environments/AzureML-sklearn-0.24-ubuntu18.04-py37-cpu/versions/46",
            "resources": {
              "instance_count": "1"
            },
            "command": "echo hello ${{inputs.hello_string}}",
            "$schema": "https://componentsdk.azureedge.net/jsonschema/CommandComponent.json"
          }
        },
        "systemData": {
          "createdAt": "2022-12-22T21:07:39.1064718\u002B00:00",
          "createdBy": "Njuguna Thande",
          "createdByType": "User",
          "lastModifiedAt": "2022-12-22T21:07:39.1504429\u002B00:00",
          "lastModifiedBy": "Njuguna Thande",
          "lastModifiedByType": "User"
        }
      }
    },
    {
      "RequestUri": "https://management.azure.com/subscriptions/00000000-0000-0000-0000-000000000/resourceGroups/00000/providers/Microsoft.MachineLearningServices/workspaces/00000/datastores/workspaceblobstore?api-version=2022-05-01",
      "RequestMethod": "GET",
      "RequestHeaders": {
        "Accept": "application/json",
        "Accept-Encoding": "gzip, deflate",
        "Connection": "keep-alive",
        "User-Agent": "azure-ai-ml/1.3.0 azsdk-python-mgmt-machinelearningservices/0.1.0 Python/3.10.8 (Windows-10-10.0.22621-SP0)"
      },
      "RequestBody": null,
      "StatusCode": 200,
      "ResponseHeaders": {
        "Cache-Control": "no-cache",
        "Content-Encoding": "gzip",
        "Content-Type": "application/json; charset=utf-8",
        "Date": "Wed, 28 Dec 2022 20:50:18 GMT",
        "Expires": "-1",
        "Pragma": "no-cache",
        "Request-Context": "appId=cid-v1:2d2e8e63-272e-4b3c-8598-4ee570a0e70d",
        "Server-Timing": "traceparent;desc=\u002200-6d3e6f7293769b7a6f8b0212e1bde871-35ae117ab652d7ec-00\u0022",
        "Strict-Transport-Security": "max-age=31536000; includeSubDomains",
        "Transfer-Encoding": "chunked",
        "Vary": [
          "Accept-Encoding",
          "Accept-Encoding"
        ],
        "x-aml-cluster": "vienna-westus-01",
        "X-Content-Type-Options": "nosniff",
        "x-ms-correlation-request-id": "5cd4d34b-46ec-4608-8d15-307812a1a5d0",
        "x-ms-ratelimit-remaining-subscription-reads": "11996",
        "x-ms-response-type": "standard",
        "x-ms-routing-request-id": "CANADACENTRAL:20221228T205019Z:5cd4d34b-46ec-4608-8d15-307812a1a5d0",
        "x-request-time": "0.160"
      },
      "ResponseBody": {
        "id": "/subscriptions/00000000-0000-0000-0000-000000000/resourceGroups/00000/providers/Microsoft.MachineLearningServices/workspaces/00000/datastores/workspaceblobstore",
        "name": "workspaceblobstore",
        "type": "Microsoft.MachineLearningServices/workspaces/datastores",
        "properties": {
          "description": null,
          "tags": null,
          "properties": null,
          "isDefault": true,
          "credentials": {
            "credentialsType": "AccountKey"
          },
          "datastoreType": "AzureBlob",
          "accountName": "sauucsxpn24slls",
          "containerName": "azureml-blobstore-55dbca7f-9e65-4feb-8c41-d63789be2717",
          "endpoint": "core.windows.net",
          "protocol": "https",
          "serviceDataAccessAuthIdentity": "WorkspaceSystemAssignedIdentity"
        },
        "systemData": {
          "createdAt": "2022-12-13T16:14:50.1412936\u002B00:00",
          "createdBy": "779301c0-18b2-4cdc-801b-a0a3368fee0a",
          "createdByType": "Application",
          "lastModifiedAt": "2022-12-13T16:14:50.7943244\u002B00:00",
          "lastModifiedBy": "779301c0-18b2-4cdc-801b-a0a3368fee0a",
          "lastModifiedByType": "Application"
        }
      }
    },
    {
      "RequestUri": "https://management.azure.com/subscriptions/00000000-0000-0000-0000-000000000/resourceGroups/00000/providers/Microsoft.MachineLearningServices/workspaces/00000/datastores/workspaceblobstore/listSecrets?api-version=2022-05-01",
      "RequestMethod": "POST",
      "RequestHeaders": {
        "Accept": "application/json",
        "Accept-Encoding": "gzip, deflate",
        "Connection": "keep-alive",
        "Content-Length": "0",
        "User-Agent": "azure-ai-ml/1.3.0 azsdk-python-mgmt-machinelearningservices/0.1.0 Python/3.10.8 (Windows-10-10.0.22621-SP0)"
      },
      "RequestBody": null,
      "StatusCode": 200,
      "ResponseHeaders": {
        "Cache-Control": "no-cache",
        "Content-Encoding": "gzip",
        "Content-Type": "application/json; charset=utf-8",
        "Date": "Wed, 28 Dec 2022 20:50:19 GMT",
        "Expires": "-1",
        "Pragma": "no-cache",
        "Request-Context": "appId=cid-v1:2d2e8e63-272e-4b3c-8598-4ee570a0e70d",
        "Server-Timing": "traceparent;desc=\u002200-f22467a5f39bf95587fad51810806e25-2fcb2502898ed0b5-00\u0022",
        "Strict-Transport-Security": "max-age=31536000; includeSubDomains",
        "Transfer-Encoding": "chunked",
        "Vary": "Accept-Encoding",
        "x-aml-cluster": "vienna-westus-01",
        "X-Content-Type-Options": "nosniff",
        "x-ms-correlation-request-id": "e84ba4b3-d660-4e0c-b84c-8716abcb5f54",
        "x-ms-ratelimit-remaining-subscription-writes": "1198",
        "x-ms-response-type": "standard",
        "x-ms-routing-request-id": "CANADACENTRAL:20221228T205020Z:e84ba4b3-d660-4e0c-b84c-8716abcb5f54",
        "x-request-time": "0.128"
      },
      "ResponseBody": {
        "secretsType": "AccountKey",
        "key": "dGhpcyBpcyBmYWtlIGtleQ=="
      }
    },
    {
      "RequestUri": "https://sauucsxpn24slls.blob.core.windows.net/azureml-blobstore-55dbca7f-9e65-4feb-8c41-d63789be2717/LocalUpload/00000000000000000000000000000000/COMPONENT_PLACEHOLDER",
      "RequestMethod": "HEAD",
      "RequestHeaders": {
        "Accept": "application/xml",
        "Accept-Encoding": "gzip, deflate",
        "Connection": "keep-alive",
        "User-Agent": "azsdk-python-storage-blob/12.12.0 Python/3.10.8 (Windows-10-10.0.22621-SP0)",
        "x-ms-date": "Wed, 28 Dec 2022 20:50:21 GMT",
        "x-ms-version": "2021-06-08"
      },
      "RequestBody": null,
      "StatusCode": 200,
      "ResponseHeaders": {
        "Accept-Ranges": "bytes",
        "Content-Length": "35",
        "Content-MD5": "L/DnSpFIn\u002BjaQWc\u002BsUQdcw==",
        "Content-Type": "application/octet-stream",
        "Date": "Wed, 28 Dec 2022 20:50:21 GMT",
        "ETag": "\u00220x8DAE4608CD1B8C4\u0022",
        "Last-Modified": "Thu, 22 Dec 2022 21:07:35 GMT",
        "Server": [
          "Windows-Azure-Blob/1.0",
          "Microsoft-HTTPAPI/2.0"
        ],
        "Vary": "Origin",
        "x-ms-access-tier": "Hot",
        "x-ms-access-tier-inferred": "true",
        "x-ms-blob-type": "BlockBlob",
        "x-ms-creation-time": "Thu, 22 Dec 2022 21:07:35 GMT",
        "x-ms-lease-state": "available",
        "x-ms-lease-status": "unlocked",
        "x-ms-meta-name": "e3a2d82d-a800-4284-b7c0-97f8cbc1bf33",
        "x-ms-meta-upload_status": "completed",
        "x-ms-meta-version": "1",
        "x-ms-server-encrypted": "true",
        "x-ms-version": "2021-06-08"
      },
      "ResponseBody": null
    },
    {
      "RequestUri": "https://sauucsxpn24slls.blob.core.windows.net/azureml-blobstore-55dbca7f-9e65-4feb-8c41-d63789be2717/az-ml-artifacts/00000000000000000000000000000000/COMPONENT_PLACEHOLDER",
      "RequestMethod": "HEAD",
      "RequestHeaders": {
        "Accept": "application/xml",
        "Accept-Encoding": "gzip, deflate",
        "Connection": "keep-alive",
        "User-Agent": "azsdk-python-storage-blob/12.12.0 Python/3.10.8 (Windows-10-10.0.22621-SP0)",
        "x-ms-date": "Wed, 28 Dec 2022 20:50:22 GMT",
        "x-ms-version": "2021-06-08"
      },
      "RequestBody": null,
      "StatusCode": 404,
      "ResponseHeaders": {
        "Date": "Wed, 28 Dec 2022 20:50:22 GMT",
        "Server": [
          "Windows-Azure-Blob/1.0",
          "Microsoft-HTTPAPI/2.0"
        ],
        "Transfer-Encoding": "chunked",
        "Vary": "Origin",
        "x-ms-error-code": "BlobNotFound",
        "x-ms-version": "2021-06-08"
      },
      "ResponseBody": null
    },
    {
      "RequestUri": "https://management.azure.com/subscriptions/00000000-0000-0000-0000-000000000/resourceGroups/00000/providers/Microsoft.MachineLearningServices/workspaces/00000/codes/e3a2d82d-a800-4284-b7c0-97f8cbc1bf33/versions/1?api-version=2022-05-01",
      "RequestMethod": "PUT",
      "RequestHeaders": {
        "Accept": "application/json",
        "Accept-Encoding": "gzip, deflate",
        "Connection": "keep-alive",
        "Content-Length": "288",
        "Content-Type": "application/json",
        "User-Agent": "azure-ai-ml/1.3.0 azsdk-python-mgmt-machinelearningservices/0.1.0 Python/3.10.8 (Windows-10-10.0.22621-SP0)"
      },
      "RequestBody": {
        "properties": {
          "properties": {
            "hash_sha256": "0000000000000",
            "hash_version": "0000000000000"
          },
          "isAnonymous": true,
          "isArchived": false,
          "codeUri": "https://sauucsxpn24slls.blob.core.windows.net/azureml-blobstore-55dbca7f-9e65-4feb-8c41-d63789be2717/LocalUpload/00000000000000000000000000000000"
        }
      },
      "StatusCode": 200,
      "ResponseHeaders": {
        "Cache-Control": "no-cache",
        "Content-Encoding": "gzip",
        "Content-Type": "application/json; charset=utf-8",
        "Date": "Wed, 28 Dec 2022 20:50:22 GMT",
        "Expires": "-1",
        "Pragma": "no-cache",
        "Request-Context": "appId=cid-v1:2d2e8e63-272e-4b3c-8598-4ee570a0e70d",
        "Server-Timing": "traceparent;desc=\u002200-0306ddeb9a1757c0cb37c7a3b0c3d7d0-27d5c468d1401254-00\u0022",
        "Strict-Transport-Security": "max-age=31536000; includeSubDomains",
        "Transfer-Encoding": "chunked",
        "Vary": [
          "Accept-Encoding",
          "Accept-Encoding"
        ],
        "x-aml-cluster": "vienna-westus-01",
        "X-Content-Type-Options": "nosniff",
        "x-ms-correlation-request-id": "d535bb94-76a6-48d5-9cca-efe6458649f1",
        "x-ms-ratelimit-remaining-subscription-writes": "1197",
        "x-ms-response-type": "standard",
        "x-ms-routing-request-id": "CANADACENTRAL:20221228T205023Z:d535bb94-76a6-48d5-9cca-efe6458649f1",
        "x-request-time": "0.099"
      },
      "ResponseBody": {
        "id": "/subscriptions/00000000-0000-0000-0000-000000000/resourceGroups/00000/providers/Microsoft.MachineLearningServices/workspaces/00000/codes/e3a2d82d-a800-4284-b7c0-97f8cbc1bf33/versions/1",
        "name": "1",
        "type": "Microsoft.MachineLearningServices/workspaces/codes/versions",
        "properties": {
          "description": null,
          "tags": {},
          "properties": {
            "hash_sha256": "0000000000000",
            "hash_version": "0000000000000"
          },
          "isArchived": false,
          "isAnonymous": false,
          "codeUri": "https://sauucsxpn24slls.blob.core.windows.net/azureml-blobstore-55dbca7f-9e65-4feb-8c41-d63789be2717/LocalUpload/00000000000000000000000000000000"
        },
        "systemData": {
          "createdAt": "2022-12-22T21:07:37.0966717\u002B00:00",
          "createdBy": "Njuguna Thande",
          "createdByType": "User",
          "lastModifiedAt": "2022-12-28T20:50:23.2181469\u002B00:00",
          "lastModifiedBy": "Njuguna Thande",
          "lastModifiedByType": "User"
        }
      }
    },
    {
      "RequestUri": "https://management.azure.com/subscriptions/00000000-0000-0000-0000-000000000/resourceGroups/00000/providers/Microsoft.MachineLearningServices/workspaces/00000/components/azureml_anonymous/versions/6d6483e1-9260-b130-8e1b-1fde3c4a9252?api-version=2022-05-01",
      "RequestMethod": "PUT",
      "RequestHeaders": {
        "Accept": "application/json",
        "Accept-Encoding": "gzip, deflate",
        "Connection": "keep-alive",
        "Content-Length": "676",
        "Content-Type": "application/json",
        "User-Agent": "azure-ai-ml/1.3.0 azsdk-python-mgmt-machinelearningservices/0.1.0 Python/3.10.8 (Windows-10-10.0.22621-SP0)"
      },
      "RequestBody": {
        "properties": {
          "properties": {},
          "tags": {},
          "isAnonymous": true,
          "isArchived": false,
          "componentSpec": {
            "command": "echo \u0022world\u0022 \u003E\u003E ${{outputs.world_output}}/world.txt",
            "code": "azureml:/subscriptions/00000000-0000-0000-0000-000000000/resourceGroups/00000/providers/Microsoft.MachineLearningServices/workspaces/00000/codes/e3a2d82d-a800-4284-b7c0-97f8cbc1bf33/versions/1",
            "environment": "azureml:AzureML-sklearn-0.24-ubuntu18.04-py37-cpu@latest",
            "name": "azureml_anonymous",
            "version": "6d6483e1-9260-b130-8e1b-1fde3c4a9252",
            "display_name": "b",
            "is_deterministic": true,
            "outputs": {
              "world_output": {
                "type": "uri_folder"
              }
            },
            "type": "command",
            "_source": "YAML.JOB"
          }
        }
      },
      "StatusCode": 201,
      "ResponseHeaders": {
        "Cache-Control": "no-cache",
        "Content-Length": "1609",
        "Content-Type": "application/json; charset=utf-8",
        "Date": "Wed, 28 Dec 2022 20:50:24 GMT",
        "Expires": "-1",
        "Location": "https://management.azure.com/subscriptions/00000000-0000-0000-0000-000000000/resourceGroups/00000/providers/Microsoft.MachineLearningServices/workspaces/00000/components/azureml_anonymous/versions/6d6483e1-9260-b130-8e1b-1fde3c4a9252?api-version=2022-05-01",
        "Pragma": "no-cache",
        "Request-Context": "appId=cid-v1:2d2e8e63-272e-4b3c-8598-4ee570a0e70d",
        "Server-Timing": "traceparent;desc=\u002200-d15717da4318b2b6ce74aed4658634da-41a3d341deca2139-00\u0022",
        "Strict-Transport-Security": "max-age=31536000; includeSubDomains",
        "x-aml-cluster": "vienna-westus-01",
        "X-Content-Type-Options": "nosniff",
        "x-ms-correlation-request-id": "0220dd93-e6b3-4726-bd99-202b09f81981",
        "x-ms-ratelimit-remaining-subscription-writes": "1196",
        "x-ms-response-type": "standard",
        "x-ms-routing-request-id": "CANADACENTRAL:20221228T205025Z:0220dd93-e6b3-4726-bd99-202b09f81981",
        "x-request-time": "1.716"
      },
      "ResponseBody": {
        "id": "/subscriptions/00000000-0000-0000-0000-000000000/resourceGroups/00000/providers/Microsoft.MachineLearningServices/workspaces/00000/components/azureml_anonymous/versions/399fb5e4-3221-4936-94bb-02c3f8e79ecc",
        "name": "399fb5e4-3221-4936-94bb-02c3f8e79ecc",
        "type": "Microsoft.MachineLearningServices/workspaces/components/versions",
        "properties": {
          "description": null,
          "tags": {},
          "properties": {},
          "isArchived": false,
          "isAnonymous": true,
          "componentSpec": {
            "name": "azureml_anonymous",
            "version": "399fb5e4-3221-4936-94bb-02c3f8e79ecc",
            "display_name": "b",
            "is_deterministic": "True",
            "type": "command",
            "outputs": {
              "world_output": {
                "type": "uri_folder"
              }
            },
            "code": "azureml:/subscriptions/00000000-0000-0000-0000-000000000/resourceGroups/00000/providers/Microsoft.MachineLearningServices/workspaces/00000/codes/e3a2d82d-a800-4284-b7c0-97f8cbc1bf33/versions/1",
            "environment": "azureml://registries/azureml/environments/AzureML-sklearn-0.24-ubuntu18.04-py37-cpu/versions/46",
            "resources": {
              "instance_count": "1"
            },
            "command": "echo \u0022world\u0022 \u003E\u003E ${{outputs.world_output}}/world.txt",
            "$schema": "https://componentsdk.azureedge.net/jsonschema/CommandComponent.json"
          }
        },
        "systemData": {
          "createdAt": "2022-12-22T21:07:41.4232394\u002B00:00",
          "createdBy": "Njuguna Thande",
          "createdByType": "User",
          "lastModifiedAt": "2022-12-22T21:07:41.4777187\u002B00:00",
          "lastModifiedBy": "Njuguna Thande",
          "lastModifiedByType": "User"
        }
      }
    },
    {
      "RequestUri": "https://management.azure.com/subscriptions/00000000-0000-0000-0000-000000000/resourceGroups/00000/providers/Microsoft.MachineLearningServices/workspaces/00000/datastores/workspaceblobstore?api-version=2022-05-01",
      "RequestMethod": "GET",
      "RequestHeaders": {
        "Accept": "application/json",
        "Accept-Encoding": "gzip, deflate",
        "Connection": "keep-alive",
        "User-Agent": "azure-ai-ml/1.3.0 azsdk-python-mgmt-machinelearningservices/0.1.0 Python/3.10.8 (Windows-10-10.0.22621-SP0)"
      },
      "RequestBody": null,
      "StatusCode": 200,
      "ResponseHeaders": {
        "Cache-Control": "no-cache",
        "Content-Encoding": "gzip",
        "Content-Type": "application/json; charset=utf-8",
        "Date": "Wed, 28 Dec 2022 20:50:25 GMT",
        "Expires": "-1",
        "Pragma": "no-cache",
        "Request-Context": "appId=cid-v1:2d2e8e63-272e-4b3c-8598-4ee570a0e70d",
        "Server-Timing": "traceparent;desc=\u002200-6c0cc1a60201fdfa0281bd2522f80a3e-0113a6f718e587c7-00\u0022",
        "Strict-Transport-Security": "max-age=31536000; includeSubDomains",
        "Transfer-Encoding": "chunked",
        "Vary": [
          "Accept-Encoding",
          "Accept-Encoding"
        ],
        "x-aml-cluster": "vienna-westus-01",
        "X-Content-Type-Options": "nosniff",
        "x-ms-correlation-request-id": "2fd8e58b-1f51-44d4-9b1f-17d53e21838c",
        "x-ms-ratelimit-remaining-subscription-reads": "11995",
        "x-ms-response-type": "standard",
        "x-ms-routing-request-id": "CANADACENTRAL:20221228T205025Z:2fd8e58b-1f51-44d4-9b1f-17d53e21838c",
        "x-request-time": "0.109"
      },
      "ResponseBody": {
        "id": "/subscriptions/00000000-0000-0000-0000-000000000/resourceGroups/00000/providers/Microsoft.MachineLearningServices/workspaces/00000/datastores/workspaceblobstore",
        "name": "workspaceblobstore",
        "type": "Microsoft.MachineLearningServices/workspaces/datastores",
        "properties": {
          "description": null,
          "tags": null,
          "properties": null,
          "isDefault": true,
          "credentials": {
            "credentialsType": "AccountKey"
          },
          "datastoreType": "AzureBlob",
          "accountName": "sauucsxpn24slls",
          "containerName": "azureml-blobstore-55dbca7f-9e65-4feb-8c41-d63789be2717",
          "endpoint": "core.windows.net",
          "protocol": "https",
          "serviceDataAccessAuthIdentity": "WorkspaceSystemAssignedIdentity"
        },
        "systemData": {
          "createdAt": "2022-12-13T16:14:50.1412936\u002B00:00",
          "createdBy": "779301c0-18b2-4cdc-801b-a0a3368fee0a",
          "createdByType": "Application",
          "lastModifiedAt": "2022-12-13T16:14:50.7943244\u002B00:00",
          "lastModifiedBy": "779301c0-18b2-4cdc-801b-a0a3368fee0a",
          "lastModifiedByType": "Application"
        }
      }
    },
    {
      "RequestUri": "https://management.azure.com/subscriptions/00000000-0000-0000-0000-000000000/resourceGroups/00000/providers/Microsoft.MachineLearningServices/workspaces/00000/datastores/workspaceblobstore/listSecrets?api-version=2022-05-01",
      "RequestMethod": "POST",
      "RequestHeaders": {
        "Accept": "application/json",
        "Accept-Encoding": "gzip, deflate",
        "Connection": "keep-alive",
        "Content-Length": "0",
        "User-Agent": "azure-ai-ml/1.3.0 azsdk-python-mgmt-machinelearningservices/0.1.0 Python/3.10.8 (Windows-10-10.0.22621-SP0)"
      },
      "RequestBody": null,
      "StatusCode": 200,
      "ResponseHeaders": {
        "Cache-Control": "no-cache",
        "Content-Encoding": "gzip",
        "Content-Type": "application/json; charset=utf-8",
        "Date": "Wed, 28 Dec 2022 20:50:25 GMT",
        "Expires": "-1",
        "Pragma": "no-cache",
        "Request-Context": "appId=cid-v1:2d2e8e63-272e-4b3c-8598-4ee570a0e70d",
        "Server-Timing": "traceparent;desc=\u002200-1f73c628287f226718be67e2fb2e6ec7-f5e0251ba5ff9269-00\u0022",
        "Strict-Transport-Security": "max-age=31536000; includeSubDomains",
        "Transfer-Encoding": "chunked",
        "Vary": "Accept-Encoding",
        "x-aml-cluster": "vienna-westus-01",
        "X-Content-Type-Options": "nosniff",
        "x-ms-correlation-request-id": "b64d1983-3c6d-4232-80c1-4b59cf1c053e",
        "x-ms-ratelimit-remaining-subscription-writes": "1197",
        "x-ms-response-type": "standard",
        "x-ms-routing-request-id": "CANADACENTRAL:20221228T205026Z:b64d1983-3c6d-4232-80c1-4b59cf1c053e",
        "x-request-time": "0.096"
      },
      "ResponseBody": {
        "secretsType": "AccountKey",
        "key": "dGhpcyBpcyBmYWtlIGtleQ=="
      }
    },
    {
      "RequestUri": "https://sauucsxpn24slls.blob.core.windows.net/azureml-blobstore-55dbca7f-9e65-4feb-8c41-d63789be2717/LocalUpload/00000000000000000000000000000000/COMPONENT_PLACEHOLDER",
      "RequestMethod": "HEAD",
      "RequestHeaders": {
        "Accept": "application/xml",
        "Accept-Encoding": "gzip, deflate",
        "Connection": "keep-alive",
        "User-Agent": "azsdk-python-storage-blob/12.12.0 Python/3.10.8 (Windows-10-10.0.22621-SP0)",
        "x-ms-date": "Wed, 28 Dec 2022 20:50:27 GMT",
        "x-ms-version": "2021-06-08"
      },
      "RequestBody": null,
      "StatusCode": 200,
      "ResponseHeaders": {
        "Accept-Ranges": "bytes",
        "Content-Length": "35",
        "Content-MD5": "L/DnSpFIn\u002BjaQWc\u002BsUQdcw==",
        "Content-Type": "application/octet-stream",
        "Date": "Wed, 28 Dec 2022 20:50:26 GMT",
        "ETag": "\u00220x8DAE4608CD1B8C4\u0022",
        "Last-Modified": "Thu, 22 Dec 2022 21:07:35 GMT",
        "Server": [
          "Windows-Azure-Blob/1.0",
          "Microsoft-HTTPAPI/2.0"
        ],
        "Vary": "Origin",
        "x-ms-access-tier": "Hot",
        "x-ms-access-tier-inferred": "true",
        "x-ms-blob-type": "BlockBlob",
        "x-ms-creation-time": "Thu, 22 Dec 2022 21:07:35 GMT",
        "x-ms-lease-state": "available",
        "x-ms-lease-status": "unlocked",
        "x-ms-meta-name": "e3a2d82d-a800-4284-b7c0-97f8cbc1bf33",
        "x-ms-meta-upload_status": "completed",
        "x-ms-meta-version": "1",
        "x-ms-server-encrypted": "true",
        "x-ms-version": "2021-06-08"
      },
      "ResponseBody": null
    },
    {
      "RequestUri": "https://sauucsxpn24slls.blob.core.windows.net/azureml-blobstore-55dbca7f-9e65-4feb-8c41-d63789be2717/az-ml-artifacts/00000000000000000000000000000000/COMPONENT_PLACEHOLDER",
      "RequestMethod": "HEAD",
      "RequestHeaders": {
        "Accept": "application/xml",
        "Accept-Encoding": "gzip, deflate",
        "Connection": "keep-alive",
        "User-Agent": "azsdk-python-storage-blob/12.12.0 Python/3.10.8 (Windows-10-10.0.22621-SP0)",
        "x-ms-date": "Wed, 28 Dec 2022 20:50:27 GMT",
        "x-ms-version": "2021-06-08"
      },
      "RequestBody": null,
      "StatusCode": 404,
      "ResponseHeaders": {
        "Date": "Wed, 28 Dec 2022 20:50:26 GMT",
        "Server": [
          "Windows-Azure-Blob/1.0",
          "Microsoft-HTTPAPI/2.0"
        ],
        "Transfer-Encoding": "chunked",
        "Vary": "Origin",
        "x-ms-error-code": "BlobNotFound",
        "x-ms-version": "2021-06-08"
      },
      "ResponseBody": null
    },
    {
      "RequestUri": "https://management.azure.com/subscriptions/00000000-0000-0000-0000-000000000/resourceGroups/00000/providers/Microsoft.MachineLearningServices/workspaces/00000/codes/e3a2d82d-a800-4284-b7c0-97f8cbc1bf33/versions/1?api-version=2022-05-01",
      "RequestMethod": "PUT",
      "RequestHeaders": {
        "Accept": "application/json",
        "Accept-Encoding": "gzip, deflate",
        "Connection": "keep-alive",
        "Content-Length": "288",
        "Content-Type": "application/json",
        "User-Agent": "azure-ai-ml/1.3.0 azsdk-python-mgmt-machinelearningservices/0.1.0 Python/3.10.8 (Windows-10-10.0.22621-SP0)"
      },
      "RequestBody": {
        "properties": {
          "properties": {
            "hash_sha256": "0000000000000",
            "hash_version": "0000000000000"
          },
          "isAnonymous": true,
          "isArchived": false,
          "codeUri": "https://sauucsxpn24slls.blob.core.windows.net/azureml-blobstore-55dbca7f-9e65-4feb-8c41-d63789be2717/LocalUpload/00000000000000000000000000000000"
        }
      },
      "StatusCode": 200,
      "ResponseHeaders": {
        "Cache-Control": "no-cache",
        "Content-Encoding": "gzip",
        "Content-Type": "application/json; charset=utf-8",
        "Date": "Wed, 28 Dec 2022 20:50:26 GMT",
        "Expires": "-1",
        "Pragma": "no-cache",
        "Request-Context": "appId=cid-v1:2d2e8e63-272e-4b3c-8598-4ee570a0e70d",
        "Server-Timing": "traceparent;desc=\u002200-a02f02c46966e9263ea7a3eca4236e9f-ddf6135eabedde5e-00\u0022",
        "Strict-Transport-Security": "max-age=31536000; includeSubDomains",
        "Transfer-Encoding": "chunked",
        "Vary": [
          "Accept-Encoding",
          "Accept-Encoding"
        ],
        "x-aml-cluster": "vienna-westus-01",
        "X-Content-Type-Options": "nosniff",
        "x-ms-correlation-request-id": "09637294-be58-4ae9-8f96-2560b1fa5ff4",
        "x-ms-ratelimit-remaining-subscription-writes": "1195",
        "x-ms-response-type": "standard",
        "x-ms-routing-request-id": "CANADACENTRAL:20221228T205026Z:09637294-be58-4ae9-8f96-2560b1fa5ff4",
        "x-request-time": "0.101"
      },
      "ResponseBody": {
        "id": "/subscriptions/00000000-0000-0000-0000-000000000/resourceGroups/00000/providers/Microsoft.MachineLearningServices/workspaces/00000/codes/e3a2d82d-a800-4284-b7c0-97f8cbc1bf33/versions/1",
        "name": "1",
        "type": "Microsoft.MachineLearningServices/workspaces/codes/versions",
        "properties": {
          "description": null,
          "tags": {},
          "properties": {
            "hash_sha256": "0000000000000",
            "hash_version": "0000000000000"
          },
          "isArchived": false,
          "isAnonymous": false,
          "codeUri": "https://sauucsxpn24slls.blob.core.windows.net/azureml-blobstore-55dbca7f-9e65-4feb-8c41-d63789be2717/LocalUpload/00000000000000000000000000000000"
        },
        "systemData": {
          "createdAt": "2022-12-22T21:07:37.0966717\u002B00:00",
          "createdBy": "Njuguna Thande",
          "createdByType": "User",
          "lastModifiedAt": "2022-12-28T20:50:26.8417336\u002B00:00",
          "lastModifiedBy": "Njuguna Thande",
          "lastModifiedByType": "User"
        }
      }
    },
    {
      "RequestUri": "https://management.azure.com/subscriptions/00000000-0000-0000-0000-000000000/resourceGroups/00000/providers/Microsoft.MachineLearningServices/workspaces/00000/components/azureml_anonymous/versions/622875c3-1084-6bae-4a78-84c1d46539f4?api-version=2022-05-01",
      "RequestMethod": "PUT",
      "RequestHeaders": {
        "Accept": "application/json",
        "Accept-Encoding": "gzip, deflate",
        "Connection": "keep-alive",
        "Content-Length": "659",
        "Content-Type": "application/json",
        "User-Agent": "azure-ai-ml/1.3.0 azsdk-python-mgmt-machinelearningservices/0.1.0 Python/3.10.8 (Windows-10-10.0.22621-SP0)"
      },
      "RequestBody": {
        "properties": {
          "properties": {},
          "tags": {},
          "isAnonymous": true,
          "isArchived": false,
          "componentSpec": {
            "command": "echo ${{inputs.world_input}}/world.txt",
            "code": "azureml:/subscriptions/00000000-0000-0000-0000-000000000/resourceGroups/00000/providers/Microsoft.MachineLearningServices/workspaces/00000/codes/e3a2d82d-a800-4284-b7c0-97f8cbc1bf33/versions/1",
            "environment": "azureml:AzureML-sklearn-0.24-ubuntu18.04-py37-cpu@latest",
            "name": "azureml_anonymous",
            "version": "622875c3-1084-6bae-4a78-84c1d46539f4",
            "display_name": "c",
            "is_deterministic": true,
            "inputs": {
              "world_input": {
                "type": "uri_folder"
              }
            },
            "type": "command",
            "_source": "YAML.JOB"
          }
        }
      },
      "StatusCode": 201,
      "ResponseHeaders": {
        "Cache-Control": "no-cache",
        "Content-Length": "1621",
        "Content-Type": "application/json; charset=utf-8",
        "Date": "Wed, 28 Dec 2022 20:50:27 GMT",
        "Expires": "-1",
        "Location": "https://management.azure.com/subscriptions/00000000-0000-0000-0000-000000000/resourceGroups/00000/providers/Microsoft.MachineLearningServices/workspaces/00000/components/azureml_anonymous/versions/622875c3-1084-6bae-4a78-84c1d46539f4?api-version=2022-05-01",
        "Pragma": "no-cache",
        "Request-Context": "appId=cid-v1:2d2e8e63-272e-4b3c-8598-4ee570a0e70d",
        "Server-Timing": "traceparent;desc=\u002200-6fa485524dcd6828424418406710fca5-9e771f0dfaff3929-00\u0022",
        "Strict-Transport-Security": "max-age=31536000; includeSubDomains",
        "x-aml-cluster": "vienna-westus-01",
        "X-Content-Type-Options": "nosniff",
        "x-ms-correlation-request-id": "5fdfe692-b048-4274-8fa3-d3d8d69197d6",
        "x-ms-ratelimit-remaining-subscription-writes": "1194",
        "x-ms-response-type": "standard",
        "x-ms-routing-request-id": "CANADACENTRAL:20221228T205027Z:5fdfe692-b048-4274-8fa3-d3d8d69197d6",
        "x-request-time": "0.468"
      },
      "ResponseBody": {
        "id": "/subscriptions/00000000-0000-0000-0000-000000000/resourceGroups/00000/providers/Microsoft.MachineLearningServices/workspaces/00000/components/azureml_anonymous/versions/fe1a9da5-5545-4a35-94ed-bb210c5e58ac",
        "name": "fe1a9da5-5545-4a35-94ed-bb210c5e58ac",
        "type": "Microsoft.MachineLearningServices/workspaces/components/versions",
        "properties": {
          "description": null,
          "tags": {},
          "properties": {},
          "isArchived": false,
          "isAnonymous": true,
          "componentSpec": {
            "name": "azureml_anonymous",
            "version": "fe1a9da5-5545-4a35-94ed-bb210c5e58ac",
            "display_name": "c",
            "is_deterministic": "True",
            "type": "command",
            "inputs": {
              "world_input": {
                "type": "uri_folder",
                "optional": "False"
              }
            },
            "code": "azureml:/subscriptions/00000000-0000-0000-0000-000000000/resourceGroups/00000/providers/Microsoft.MachineLearningServices/workspaces/00000/codes/e3a2d82d-a800-4284-b7c0-97f8cbc1bf33/versions/1",
            "environment": "azureml://registries/azureml/environments/AzureML-sklearn-0.24-ubuntu18.04-py37-cpu/versions/46",
            "resources": {
              "instance_count": "1"
            },
            "command": "echo ${{inputs.world_input}}/world.txt",
            "$schema": "https://componentsdk.azureedge.net/jsonschema/CommandComponent.json"
          }
        },
        "systemData": {
          "createdAt": "2022-12-22T21:07:43.6084772\u002B00:00",
          "createdBy": "Njuguna Thande",
          "createdByType": "User",
          "lastModifiedAt": "2022-12-22T21:07:43.65992\u002B00:00",
          "lastModifiedBy": "Njuguna Thande",
          "lastModifiedByType": "User"
        }
      }
    },
    {
      "RequestUri": "https://management.azure.com/subscriptions/00000000-0000-0000-0000-000000000/resourceGroups/00000/providers/Microsoft.MachineLearningServices/workspaces/00000/schedules/test_850417126231?api-version=2022-10-01-preview",
      "RequestMethod": "PUT",
      "RequestHeaders": {
        "Accept": "application/json",
        "Accept-Encoding": "gzip, deflate",
        "Connection": "keep-alive",
        "Content-Length": "1885",
        "Content-Type": "application/json",
        "User-Agent": "azure-ai-ml/1.3.0 azsdk-python-mgmt-machinelearningservices/0.1.0 Python/3.10.8 (Windows-10-10.0.22621-SP0)"
      },
      "RequestBody": {
        "properties": {
          "description": "a weekly retrain schedule",
          "properties": {},
          "tags": {},
          "action": {
            "actionType": "CreateJob",
            "jobDefinition": {
              "properties": {},
              "tags": {},
              "computeId": "/subscriptions/00000000-0000-0000-0000-000000000/resourceGroups/00000/providers/Microsoft.MachineLearningServices/workspaces/00000/computes/cpu-cluster",
              "displayName": "hello_pipeline_abc",
              "isArchived": false,
              "jobType": "Pipeline",
              "inputs": {
                "hello_string_top_level_input": {
                  "jobInputType": "literal",
                  "value": "${{name}}"
                }
              },
              "jobs": {
                "a": {
                  "name": "a",
                  "type": "command",
                  "inputs": {
                    "hello_string": {
                      "job_input_type": "literal",
                      "value": "${{parent.inputs.hello_string_top_level_input}}"
                    }
                  },
                  "_source": "YAML.JOB",
                  "componentId": "/subscriptions/00000000-0000-0000-0000-000000000/resourceGroups/00000/providers/Microsoft.MachineLearningServices/workspaces/00000/components/azureml_anonymous/versions/2f4cc951-e5fc-4be4-9adc-6397c14c29b0"
                },
                "b": {
                  "name": "b",
                  "type": "command",
                  "_source": "YAML.JOB",
                  "componentId": "/subscriptions/00000000-0000-0000-0000-000000000/resourceGroups/00000/providers/Microsoft.MachineLearningServices/workspaces/00000/components/azureml_anonymous/versions/399fb5e4-3221-4936-94bb-02c3f8e79ecc"
                },
                "c": {
                  "name": "c",
                  "type": "command",
                  "inputs": {
                    "world_input": {
                      "job_input_type": "literal",
                      "value": "${{parent.jobs.b.outputs.world_output}}"
                    }
                  },
                  "_source": "YAML.JOB",
                  "componentId": "/subscriptions/00000000-0000-0000-0000-000000000/resourceGroups/00000/providers/Microsoft.MachineLearningServices/workspaces/00000/components/azureml_anonymous/versions/fe1a9da5-5545-4a35-94ed-bb210c5e58ac"
                }
              },
              "outputs": {},
              "settings": {
                "_source": "YAML.JOB"
              }
            }
          },
          "displayName": "weekly retrain schedule",
          "trigger": {
            "endTime": "2099-01-01 00:00:00",
            "startTime": "2022-03-10 10:15:00",
            "timeZone": "Pacific Standard Time",
            "triggerType": "Cron",
            "expression": "15 10 * * 1"
          }
        }
      },
      "StatusCode": 201,
      "ResponseHeaders": {
        "Azure-AsyncOperation": "https://management.azure.com/subscriptions/00000000-0000-0000-0000-000000000/providers/Microsoft.MachineLearningServices/locations/westus/mfeOperationsStatus/s:55dbca7f-9e65-4feb-8c41-d63789be2717:nQpqefIIMKiRWg6HwbxdmOr00EOhJQtc90FkgdMkjd8?api-version=2022-10-01-preview",
        "Cache-Control": "no-cache",
        "Content-Length": "2832",
        "Content-Type": "application/json; charset=utf-8",
        "Date": "Wed, 28 Dec 2022 20:50:29 GMT",
        "Expires": "-1",
        "Location": "https://management.azure.com/subscriptions/00000000-0000-0000-0000-000000000/resourceGroups/00000/providers/Microsoft.MachineLearningServices/workspaces/00000/schedules/test_850417126231?api-version=2022-10-01-preview",
        "Pragma": "no-cache",
        "Request-Context": "appId=cid-v1:2d2e8e63-272e-4b3c-8598-4ee570a0e70d",
        "Server-Timing": "traceparent;desc=\u002200-b7dda9227bd86fd7833b38d18f8b74db-b80e372d7c8bb0f2-00\u0022",
        "Strict-Transport-Security": "max-age=31536000; includeSubDomains",
        "x-aml-cluster": "vienna-westus-01",
        "X-Content-Type-Options": "nosniff",
        "x-ms-async-operation-timeout": "PT30M",
        "x-ms-correlation-request-id": "b7c2f665-21b8-409b-b503-5fd7c9f13d5d",
        "x-ms-ratelimit-remaining-subscription-writes": "1193",
        "x-ms-response-type": "standard",
        "x-ms-routing-request-id": "CANADACENTRAL:20221228T205030Z:b7c2f665-21b8-409b-b503-5fd7c9f13d5d",
        "x-request-time": "0.338"
      },
      "ResponseBody": {
        "properties": {
          "description": "a weekly retrain schedule",
          "tags": {},
          "properties": {},
          "displayName": "weekly retrain schedule",
          "isEnabled": true,
          "trigger": {
            "endTime": "2099-01-01 00:00:00",
            "startTime": "2022-03-10 10:15:00",
            "timeZone": "Pacific Standard Time",
            "triggerType": "Cron",
            "expression": "15 10 * * 1"
          },
          "action": {
            "actionType": "CreateJob",
            "jobDefinition": {
              "description": null,
              "tags": {},
              "properties": {},
              "displayName": "hello_pipeline_abc",
              "status": "NotStarted",
              "experimentName": "Default",
              "services": null,
              "computeId": "/subscriptions/00000000-0000-0000-0000-000000000/resourceGroups/00000/providers/Microsoft.MachineLearningServices/workspaces/00000/computes/cpu-cluster",
              "isArchived": false,
              "identity": null,
              "componentId": null,
              "jobType": "Pipeline",
              "settings": {
                "_source": "YAML.JOB"
              },
              "jobs": {
                "a": {
                  "name": "a",
                  "type": "command",
                  "inputs": {
                    "hello_string": {
                      "job_input_type": "literal",
                      "value": "${{parent.inputs.hello_string_top_level_input}}"
                    }
                  },
                  "_source": "YAML.JOB",
                  "componentId": "/subscriptions/00000000-0000-0000-0000-000000000/resourceGroups/00000/providers/Microsoft.MachineLearningServices/workspaces/00000/components/azureml_anonymous/versions/2f4cc951-e5fc-4be4-9adc-6397c14c29b0"
                },
                "b": {
                  "name": "b",
                  "type": "command",
                  "_source": "YAML.JOB",
                  "componentId": "/subscriptions/00000000-0000-0000-0000-000000000/resourceGroups/00000/providers/Microsoft.MachineLearningServices/workspaces/00000/components/azureml_anonymous/versions/399fb5e4-3221-4936-94bb-02c3f8e79ecc"
                },
                "c": {
                  "name": "c",
                  "type": "command",
                  "inputs": {
                    "world_input": {
                      "job_input_type": "literal",
                      "value": "${{parent.jobs.b.outputs.world_output}}"
                    }
                  },
                  "_source": "YAML.JOB",
                  "componentId": "/subscriptions/00000000-0000-0000-0000-000000000/resourceGroups/00000/providers/Microsoft.MachineLearningServices/workspaces/00000/components/azureml_anonymous/versions/fe1a9da5-5545-4a35-94ed-bb210c5e58ac"
                }
              },
              "inputs": {
                "hello_string_top_level_input": {
                  "description": null,
                  "jobInputType": "literal",
                  "value": "${{name}}"
                }
              },
              "outputs": {},
              "sourceJobId": null
            }
          },
          "provisioningState": "Creating"
        }
      }
    },
    {
      "RequestUri": "https://management.azure.com/subscriptions/00000000-0000-0000-0000-000000000/providers/Microsoft.MachineLearningServices/locations/westus/mfeOperationsStatus/s:55dbca7f-9e65-4feb-8c41-d63789be2717:nQpqefIIMKiRWg6HwbxdmOr00EOhJQtc90FkgdMkjd8?api-version=2022-10-01-preview",
      "RequestMethod": "GET",
      "RequestHeaders": {
        "Accept": "*/*",
        "Accept-Encoding": "gzip, deflate",
        "Connection": "keep-alive",
        "User-Agent": "azure-ai-ml/1.3.0 azsdk-python-mgmt-machinelearningservices/0.1.0 Python/3.10.8 (Windows-10-10.0.22621-SP0)"
      },
      "RequestBody": null,
      "StatusCode": 200,
      "ResponseHeaders": {
        "Cache-Control": "no-cache",
        "Content-Encoding": "gzip",
        "Content-Type": "application/json; charset=utf-8",
        "Date": "Wed, 28 Dec 2022 20:50:30 GMT",
        "Expires": "-1",
        "Pragma": "no-cache",
        "Request-Context": "appId=cid-v1:2d2e8e63-272e-4b3c-8598-4ee570a0e70d",
        "Server-Timing": "traceparent;desc=\u002200-e6c9feb3cba98a3ac38dc7754f9e643a-09c93eb05abd1724-00\u0022",
        "Strict-Transport-Security": "max-age=31536000; includeSubDomains",
        "Transfer-Encoding": "chunked",
        "Vary": [
          "Accept-Encoding",
          "Accept-Encoding"
        ],
        "x-aml-cluster": "vienna-westus-02",
        "X-Content-Type-Options": "nosniff",
        "x-ms-correlation-request-id": "64b3f9c1-987d-4e68-a8fe-e863f4e57612",
        "x-ms-ratelimit-remaining-subscription-reads": "11994",
        "x-ms-response-type": "standard",
        "x-ms-routing-request-id": "CANADACENTRAL:20221228T205031Z:64b3f9c1-987d-4e68-a8fe-e863f4e57612",
        "x-request-time": "0.071"
      },
      "ResponseBody": {
        "id": "/subscriptions/00000000-0000-0000-0000-000000000/providers/Microsoft.MachineLearningServices/locations/westus/mfeOperationResults/s:55dbca7f-9e65-4feb-8c41-d63789be2717:nQpqefIIMKiRWg6HwbxdmOr00EOhJQtc90FkgdMkjd8",
        "name": "s:55dbca7f-9e65-4feb-8c41-d63789be2717:nQpqefIIMKiRWg6HwbxdmOr00EOhJQtc90FkgdMkjd8",
        "status": "Creating"
      }
    },
    {
      "RequestUri": "https://management.azure.com/subscriptions/00000000-0000-0000-0000-000000000/providers/Microsoft.MachineLearningServices/locations/westus/mfeOperationsStatus/s:55dbca7f-9e65-4feb-8c41-d63789be2717:nQpqefIIMKiRWg6HwbxdmOr00EOhJQtc90FkgdMkjd8?api-version=2022-10-01-preview",
      "RequestMethod": "GET",
      "RequestHeaders": {
        "Accept": "*/*",
        "Accept-Encoding": "gzip, deflate",
        "Connection": "keep-alive",
        "User-Agent": "azure-ai-ml/1.3.0 azsdk-python-mgmt-machinelearningservices/0.1.0 Python/3.10.8 (Windows-10-10.0.22621-SP0)"
      },
      "RequestBody": null,
      "StatusCode": 200,
      "ResponseHeaders": {
        "Cache-Control": "no-cache",
        "Content-Encoding": "gzip",
        "Content-Type": "application/json; charset=utf-8",
        "Date": "Wed, 28 Dec 2022 20:50:36 GMT",
        "Expires": "-1",
        "Pragma": "no-cache",
        "Request-Context": "appId=cid-v1:2d2e8e63-272e-4b3c-8598-4ee570a0e70d",
        "Server-Timing": "traceparent;desc=\u002200-1983071b01e5e541a50eddd5dd93e99a-7cf59ce1a33f469f-00\u0022",
        "Strict-Transport-Security": "max-age=31536000; includeSubDomains",
        "Transfer-Encoding": "chunked",
        "Vary": [
          "Accept-Encoding",
          "Accept-Encoding"
        ],
        "x-aml-cluster": "vienna-westus-02",
        "X-Content-Type-Options": "nosniff",
        "x-ms-correlation-request-id": "7e44807f-44eb-4ee2-85e1-09b71eaf7118",
        "x-ms-ratelimit-remaining-subscription-reads": "11993",
        "x-ms-response-type": "standard",
        "x-ms-routing-request-id": "CANADACENTRAL:20221228T205036Z:7e44807f-44eb-4ee2-85e1-09b71eaf7118",
        "x-request-time": "0.091"
      },
      "ResponseBody": {
        "id": "/subscriptions/00000000-0000-0000-0000-000000000/providers/Microsoft.MachineLearningServices/locations/westus/mfeOperationResults/s:55dbca7f-9e65-4feb-8c41-d63789be2717:nQpqefIIMKiRWg6HwbxdmOr00EOhJQtc90FkgdMkjd8",
        "name": "s:55dbca7f-9e65-4feb-8c41-d63789be2717:nQpqefIIMKiRWg6HwbxdmOr00EOhJQtc90FkgdMkjd8",
        "status": "Succeeded",
        "startTime": "2022-12-28T20:50:30.6223562\u002B00:00",
        "endTime": "2022-12-28T20:50:32\u002B00:00"
      }
    },
    {
      "RequestUri": "https://management.azure.com/subscriptions/00000000-0000-0000-0000-000000000/resourceGroups/00000/providers/Microsoft.MachineLearningServices/workspaces/00000/schedules/test_850417126231?api-version=2022-10-01-preview",
      "RequestMethod": "GET",
      "RequestHeaders": {
        "Accept": "*/*",
        "Accept-Encoding": "gzip, deflate",
        "Connection": "keep-alive",
        "User-Agent": "azure-ai-ml/1.3.0 azsdk-python-mgmt-machinelearningservices/0.1.0 Python/3.10.8 (Windows-10-10.0.22621-SP0)"
      },
      "RequestBody": null,
      "StatusCode": 200,
      "ResponseHeaders": {
        "Cache-Control": "no-cache",
        "Content-Encoding": "gzip",
        "Content-Type": "application/json; charset=utf-8",
        "Date": "Wed, 28 Dec 2022 20:50:36 GMT",
        "Expires": "-1",
        "Pragma": "no-cache",
        "Request-Context": "appId=cid-v1:2d2e8e63-272e-4b3c-8598-4ee570a0e70d",
        "Server-Timing": "traceparent;desc=\u002200-986a31288665e6b6f746cabb62e89764-e1ad9282e13768c3-00\u0022",
        "Strict-Transport-Security": "max-age=31536000; includeSubDomains",
        "Transfer-Encoding": "chunked",
        "Vary": [
          "Accept-Encoding",
          "Accept-Encoding"
        ],
        "x-aml-cluster": "vienna-westus-01",
        "X-Content-Type-Options": "nosniff",
        "x-ms-correlation-request-id": "d3cc05d0-2a16-4dbf-94b1-00cc6d7b494d",
        "x-ms-ratelimit-remaining-subscription-reads": "11992",
        "x-ms-response-type": "standard",
        "x-ms-routing-request-id": "CANADACENTRAL:20221228T205037Z:d3cc05d0-2a16-4dbf-94b1-00cc6d7b494d",
        "x-request-time": "0.342"
      },
      "ResponseBody": {
        "name": "test_850417126231",
        "properties": {
          "description": "a weekly retrain schedule",
          "tags": {},
          "properties": {},
          "displayName": "weekly retrain schedule",
          "isEnabled": true,
          "trigger": {
            "endTime": "2099-01-01 00:00:00",
            "startTime": "2022-03-10 10:15:00",
            "timeZone": "Pacific Standard Time",
            "triggerType": "Cron",
            "expression": "15 10 * * 1"
          },
          "action": {
            "actionType": "CreateJob",
            "jobDefinition": {
              "description": null,
              "tags": {},
              "properties": {},
              "displayName": "hello_pipeline_abc",
              "status": "NotStarted",
              "experimentName": "Default",
              "services": null,
              "computeId": "/subscriptions/00000000-0000-0000-0000-000000000/resourceGroups/00000/providers/Microsoft.MachineLearningServices/workspaces/00000/computes/cpu-cluster",
              "isArchived": false,
              "identity": null,
              "componentId": null,
              "jobType": "Pipeline",
              "settings": {
                "_source": "YAML.JOB"
              },
              "jobs": {
                "a": {
                  "name": "a",
                  "type": "command",
                  "inputs": {
                    "hello_string": {
                      "job_input_type": "literal",
                      "value": "${{parent.inputs.hello_string_top_level_input}}"
                    }
                  },
                  "_source": "YAML.JOB",
                  "componentId": "/subscriptions/00000000-0000-0000-0000-000000000/resourceGroups/00000/providers/Microsoft.MachineLearningServices/workspaces/00000/components/azureml_anonymous/versions/2f4cc951-e5fc-4be4-9adc-6397c14c29b0"
                },
                "b": {
                  "name": "b",
                  "type": "command",
                  "_source": "YAML.JOB",
                  "componentId": "/subscriptions/00000000-0000-0000-0000-000000000/resourceGroups/00000/providers/Microsoft.MachineLearningServices/workspaces/00000/components/azureml_anonymous/versions/399fb5e4-3221-4936-94bb-02c3f8e79ecc"
                },
                "c": {
                  "name": "c",
                  "type": "command",
                  "inputs": {
                    "world_input": {
                      "job_input_type": "literal",
                      "value": "${{parent.jobs.b.outputs.world_output}}"
                    }
                  },
                  "_source": "YAML.JOB",
                  "componentId": "/subscriptions/00000000-0000-0000-0000-000000000/resourceGroups/00000/providers/Microsoft.MachineLearningServices/workspaces/00000/components/azureml_anonymous/versions/fe1a9da5-5545-4a35-94ed-bb210c5e58ac"
                }
              },
              "inputs": {
                "hello_string_top_level_input": {
                  "description": null,
                  "jobInputType": "literal",
                  "value": "${{name}}"
                }
              },
              "outputs": {},
              "sourceJobId": null
            }
          },
          "provisioningState": "Succeeded"
        },
        "systemData": {
          "createdAt": "2022-12-28T20:50:32.5561078\u002B00:00",
          "createdBy": "Njuguna Thande",
          "createdByType": "User",
          "lastModifiedAt": "2022-12-28T20:50:32.5561078\u002B00:00",
          "lastModifiedBy": "Njuguna Thande",
          "lastModifiedByType": "User"
        }
      }
    },
    {
      "RequestUri": "https://management.azure.com/subscriptions/00000000-0000-0000-0000-000000000/resourceGroups/00000/providers/Microsoft.MachineLearningServices/workspaces/00000/schedules?api-version=2022-10-01-preview\u0026listViewType=EnabledOnly",
      "RequestMethod": "GET",
      "RequestHeaders": {
        "Accept": "application/json",
        "Accept-Encoding": "gzip, deflate",
        "Connection": "keep-alive",
        "User-Agent": "azure-ai-ml/1.3.0 azsdk-python-mgmt-machinelearningservices/0.1.0 Python/3.10.8 (Windows-10-10.0.22621-SP0)"
      },
      "RequestBody": null,
      "StatusCode": 200,
      "ResponseHeaders": {
        "Cache-Control": "no-cache",
        "Content-Encoding": "gzip",
        "Content-Type": "application/json; charset=utf-8",
        "Date": "Wed, 28 Dec 2022 20:50:37 GMT",
        "Expires": "-1",
        "Pragma": "no-cache",
        "Request-Context": "appId=cid-v1:2d2e8e63-272e-4b3c-8598-4ee570a0e70d",
        "Server-Timing": "traceparent;desc=\u002200-20cee56e3ba9042a5a456181c1140b8c-05a80dbcff78c937-00\u0022",
        "Strict-Transport-Security": "max-age=31536000; includeSubDomains",
        "Transfer-Encoding": "chunked",
        "Vary": [
          "Accept-Encoding",
          "Accept-Encoding"
        ],
        "x-aml-cluster": "vienna-westus-01",
        "X-Content-Type-Options": "nosniff",
        "x-ms-correlation-request-id": "69b71c8c-207d-4ed1-a4ca-95a4225f6e8e",
        "x-ms-ratelimit-remaining-subscription-reads": "11991",
        "x-ms-response-type": "standard",
        "x-ms-routing-request-id": "CANADACENTRAL:20221228T205038Z:69b71c8c-207d-4ed1-a4ca-95a4225f6e8e",
        "x-request-time": "0.282"
      },
      "ResponseBody": {
        "value": [
          {
            "name": "test_850417126231",
            "properties": {
              "description": "a weekly retrain schedule",
              "tags": {},
              "properties": {},
              "displayName": "weekly retrain schedule",
              "isEnabled": true,
              "trigger": {
                "endTime": "2099-01-01 00:00:00",
                "startTime": "2022-03-10 10:15:00",
                "timeZone": "Pacific Standard Time",
                "triggerType": "Cron",
                "expression": "15 10 * * 1"
              },
              "action": {
                "actionType": "CreateJob",
                "jobDefinition": {
                  "description": null,
                  "tags": {},
                  "properties": {},
                  "displayName": "hello_pipeline_abc",
                  "status": "NotStarted",
                  "experimentName": "Default",
                  "services": null,
                  "computeId": "/subscriptions/00000000-0000-0000-0000-000000000/resourceGroups/00000/providers/Microsoft.MachineLearningServices/workspaces/00000/computes/cpu-cluster",
                  "isArchived": false,
                  "identity": null,
                  "componentId": null,
                  "jobType": "Pipeline",
                  "settings": {
                    "_source": "YAML.JOB"
                  },
                  "jobs": {
                    "a": {
                      "name": "a",
                      "type": "command",
                      "inputs": {
                        "hello_string": {
                          "job_input_type": "literal",
                          "value": "${{parent.inputs.hello_string_top_level_input}}"
                        }
                      },
                      "_source": "YAML.JOB",
                      "componentId": "/subscriptions/00000000-0000-0000-0000-000000000/resourceGroups/00000/providers/Microsoft.MachineLearningServices/workspaces/00000/components/azureml_anonymous/versions/2f4cc951-e5fc-4be4-9adc-6397c14c29b0"
                    },
                    "b": {
                      "name": "b",
                      "type": "command",
                      "_source": "YAML.JOB",
                      "componentId": "/subscriptions/00000000-0000-0000-0000-000000000/resourceGroups/00000/providers/Microsoft.MachineLearningServices/workspaces/00000/components/azureml_anonymous/versions/399fb5e4-3221-4936-94bb-02c3f8e79ecc"
                    },
                    "c": {
                      "name": "c",
                      "type": "command",
                      "inputs": {
                        "world_input": {
                          "job_input_type": "literal",
                          "value": "${{parent.jobs.b.outputs.world_output}}"
                        }
                      },
                      "_source": "YAML.JOB",
                      "componentId": "/subscriptions/00000000-0000-0000-0000-000000000/resourceGroups/00000/providers/Microsoft.MachineLearningServices/workspaces/00000/components/azureml_anonymous/versions/fe1a9da5-5545-4a35-94ed-bb210c5e58ac"
                    }
                  },
                  "inputs": {
                    "hello_string_top_level_input": {
                      "description": null,
                      "jobInputType": "literal",
                      "value": "${{name}}"
                    }
                  },
                  "outputs": {},
                  "sourceJobId": null
                }
              },
              "provisioningState": "Succeeded"
            },
            "systemData": {
              "createdAt": "2022-12-28T20:50:32.5561078\u002B00:00",
              "createdBy": "Njuguna Thande",
              "createdByType": "User",
              "lastModifiedAt": "2022-12-28T20:50:32.5561078\u002B00:00",
              "lastModifiedBy": "Njuguna Thande",
              "lastModifiedByType": "User"
            }
          }
        ]
      }
    },
    {
      "RequestUri": "https://management.azure.com/subscriptions/00000000-0000-0000-0000-000000000/resourceGroups/00000/providers/Microsoft.MachineLearningServices/workspaces/00000/schedules/test_850417126231?api-version=2022-10-01-preview",
      "RequestMethod": "PUT",
      "RequestHeaders": {
        "Accept": "application/json",
        "Accept-Encoding": "gzip, deflate",
        "Connection": "keep-alive",
        "Content-Length": "1966",
        "Content-Type": "application/json",
        "User-Agent": "azure-ai-ml/1.3.0 azsdk-python-mgmt-machinelearningservices/0.1.0 Python/3.10.8 (Windows-10-10.0.22621-SP0)"
      },
      "RequestBody": {
        "properties": {
          "description": "a weekly retrain schedule",
          "properties": {},
          "tags": {},
          "action": {
            "actionType": "CreateJob",
            "jobDefinition": {
              "properties": {},
              "tags": {},
              "computeId": "/subscriptions/00000000-0000-0000-0000-000000000/resourceGroups/00000/providers/Microsoft.MachineLearningServices/workspaces/00000/computes/cpu-cluster",
              "displayName": "hello_pipeline_abc",
              "experimentName": "test_schedule_exp",
              "identity": {
                "identityType": "AMLToken"
              },
              "isArchived": false,
              "jobType": "Pipeline",
              "inputs": {
                "hello_string_top_level_input": {
                  "jobInputType": "literal",
                  "value": "${{name}}"
                }
              },
              "jobs": {
                "a": {
                  "name": "a",
                  "type": "command",
                  "inputs": {
                    "hello_string": {
                      "job_input_type": "literal",
                      "value": "${{parent.inputs.hello_string_top_level_input}}"
                    }
                  },
                  "_source": "YAML.JOB",
                  "componentId": "/subscriptions/00000000-0000-0000-0000-000000000/resourceGroups/00000/providers/Microsoft.MachineLearningServices/workspaces/00000/components/azureml_anonymous/versions/2f4cc951-e5fc-4be4-9adc-6397c14c29b0"
                },
                "b": {
                  "name": "b",
                  "type": "command",
                  "_source": "YAML.JOB",
                  "componentId": "/subscriptions/00000000-0000-0000-0000-000000000/resourceGroups/00000/providers/Microsoft.MachineLearningServices/workspaces/00000/components/azureml_anonymous/versions/399fb5e4-3221-4936-94bb-02c3f8e79ecc"
                },
                "c": {
                  "name": "c",
                  "type": "command",
                  "inputs": {
                    "world_input": {
                      "job_input_type": "literal",
                      "value": "${{parent.jobs.b.outputs.world_output}}"
                    }
                  },
                  "_source": "YAML.JOB",
                  "componentId": "/subscriptions/00000000-0000-0000-0000-000000000/resourceGroups/00000/providers/Microsoft.MachineLearningServices/workspaces/00000/components/azureml_anonymous/versions/fe1a9da5-5545-4a35-94ed-bb210c5e58ac"
                }
              },
              "outputs": {},
              "settings": {
                "_source": "YAML.JOB"
              }
            }
          },
          "displayName": "weekly retrain schedule",
          "trigger": {
            "endTime": "2099-01-01 00:00:00",
            "startTime": "2022-03-10 10:15:00",
            "timeZone": "Pacific Standard Time",
            "triggerType": "Cron",
            "expression": "15 10 * * 1"
          }
        }
      },
      "StatusCode": 201,
      "ResponseHeaders": {
        "Azure-AsyncOperation": "https://management.azure.com/subscriptions/00000000-0000-0000-0000-000000000/providers/Microsoft.MachineLearningServices/locations/westus/mfeOperationsStatus/s:55dbca7f-9e65-4feb-8c41-d63789be2717:3hQjiH_jVg09ETXSmEfJwfbMlXMz5dg2TOZ-dNnFk7M?api-version=2022-10-01-preview",
        "Cache-Control": "no-cache",
        "Content-Length": "2886",
        "Content-Type": "application/json; charset=utf-8",
        "Date": "Wed, 28 Dec 2022 20:50:38 GMT",
        "Expires": "-1",
        "Location": "https://management.azure.com/subscriptions/00000000-0000-0000-0000-000000000/resourceGroups/00000/providers/Microsoft.MachineLearningServices/workspaces/00000/schedules/test_850417126231?api-version=2022-10-01-preview",
        "Pragma": "no-cache",
        "Request-Context": "appId=cid-v1:2d2e8e63-272e-4b3c-8598-4ee570a0e70d",
        "Server-Timing": "traceparent;desc=\u002200-64258c606814867aa09de23b4cd1b345-da9987b557110d48-00\u0022",
        "Strict-Transport-Security": "max-age=31536000; includeSubDomains",
        "x-aml-cluster": "vienna-westus-01",
        "X-Content-Type-Options": "nosniff",
        "x-ms-async-operation-timeout": "PT30M",
        "x-ms-correlation-request-id": "92a3465a-ade5-4aa1-91cd-043e3df9d81f",
        "x-ms-ratelimit-remaining-subscription-writes": "1192",
        "x-ms-response-type": "standard",
        "x-ms-routing-request-id": "CANADACENTRAL:20221228T205038Z:92a3465a-ade5-4aa1-91cd-043e3df9d81f",
        "x-request-time": "0.053"
      },
      "ResponseBody": {
        "properties": {
          "description": "a weekly retrain schedule",
          "tags": {},
          "properties": {},
          "displayName": "weekly retrain schedule",
          "isEnabled": true,
          "trigger": {
            "endTime": "2099-01-01 00:00:00",
            "startTime": "2022-03-10 10:15:00",
            "timeZone": "Pacific Standard Time",
            "triggerType": "Cron",
            "expression": "15 10 * * 1"
          },
          "action": {
            "actionType": "CreateJob",
            "jobDefinition": {
              "description": null,
              "tags": {},
              "properties": {},
              "displayName": "hello_pipeline_abc",
              "status": "NotStarted",
              "experimentName": "test_schedule_exp",
              "services": null,
              "computeId": "/subscriptions/00000000-0000-0000-0000-000000000/resourceGroups/00000/providers/Microsoft.MachineLearningServices/workspaces/00000/computes/cpu-cluster",
              "isArchived": false,
              "identity": {
                "identityType": "AMLToken"
              },
              "componentId": null,
              "jobType": "Pipeline",
              "settings": {
                "_source": "YAML.JOB"
              },
              "jobs": {
                "a": {
                  "name": "a",
                  "type": "command",
                  "inputs": {
                    "hello_string": {
                      "job_input_type": "literal",
                      "value": "${{parent.inputs.hello_string_top_level_input}}"
                    }
                  },
                  "_source": "YAML.JOB",
                  "componentId": "/subscriptions/00000000-0000-0000-0000-000000000/resourceGroups/00000/providers/Microsoft.MachineLearningServices/workspaces/00000/components/azureml_anonymous/versions/2f4cc951-e5fc-4be4-9adc-6397c14c29b0"
                },
                "b": {
                  "name": "b",
                  "type": "command",
                  "_source": "YAML.JOB",
                  "componentId": "/subscriptions/00000000-0000-0000-0000-000000000/resourceGroups/00000/providers/Microsoft.MachineLearningServices/workspaces/00000/components/azureml_anonymous/versions/399fb5e4-3221-4936-94bb-02c3f8e79ecc"
                },
                "c": {
                  "name": "c",
                  "type": "command",
                  "inputs": {
                    "world_input": {
                      "job_input_type": "literal",
                      "value": "${{parent.jobs.b.outputs.world_output}}"
                    }
                  },
                  "_source": "YAML.JOB",
                  "componentId": "/subscriptions/00000000-0000-0000-0000-000000000/resourceGroups/00000/providers/Microsoft.MachineLearningServices/workspaces/00000/components/azureml_anonymous/versions/fe1a9da5-5545-4a35-94ed-bb210c5e58ac"
                }
              },
              "inputs": {
                "hello_string_top_level_input": {
                  "description": null,
                  "jobInputType": "literal",
                  "value": "${{name}}"
                }
              },
              "outputs": {},
              "sourceJobId": null
            }
          },
          "provisioningState": "Creating"
        }
      }
    },
    {
      "RequestUri": "https://management.azure.com/subscriptions/00000000-0000-0000-0000-000000000/providers/Microsoft.MachineLearningServices/locations/westus/mfeOperationsStatus/s:55dbca7f-9e65-4feb-8c41-d63789be2717:3hQjiH_jVg09ETXSmEfJwfbMlXMz5dg2TOZ-dNnFk7M?api-version=2022-10-01-preview",
      "RequestMethod": "GET",
      "RequestHeaders": {
        "Accept": "*/*",
        "Accept-Encoding": "gzip, deflate",
        "Connection": "keep-alive",
        "User-Agent": "azure-ai-ml/1.3.0 azsdk-python-mgmt-machinelearningservices/0.1.0 Python/3.10.8 (Windows-10-10.0.22621-SP0)"
      },
      "RequestBody": null,
      "StatusCode": 200,
      "ResponseHeaders": {
        "Cache-Control": "no-cache",
        "Content-Encoding": "gzip",
        "Content-Type": "application/json; charset=utf-8",
        "Date": "Wed, 28 Dec 2022 20:50:38 GMT",
        "Expires": "-1",
        "Pragma": "no-cache",
        "Request-Context": "appId=cid-v1:2d2e8e63-272e-4b3c-8598-4ee570a0e70d",
        "Server-Timing": "traceparent;desc=\u002200-98aaaa9bc4d2ccfdd9f1cf34f0ae0693-cf1f421102d4250b-00\u0022",
        "Strict-Transport-Security": "max-age=31536000; includeSubDomains",
        "Transfer-Encoding": "chunked",
        "Vary": [
          "Accept-Encoding",
          "Accept-Encoding"
        ],
        "x-aml-cluster": "vienna-westus-02",
        "X-Content-Type-Options": "nosniff",
        "x-ms-correlation-request-id": "7bef5db4-db26-4648-affa-e4b037943f7d",
        "x-ms-ratelimit-remaining-subscription-reads": "11990",
        "x-ms-response-type": "standard",
        "x-ms-routing-request-id": "CANADACENTRAL:20221228T205039Z:7bef5db4-db26-4648-affa-e4b037943f7d",
        "x-request-time": "0.016"
      },
      "ResponseBody": {
        "id": "/subscriptions/00000000-0000-0000-0000-000000000/providers/Microsoft.MachineLearningServices/locations/westus/mfeOperationResults/s:55dbca7f-9e65-4feb-8c41-d63789be2717:3hQjiH_jVg09ETXSmEfJwfbMlXMz5dg2TOZ-dNnFk7M",
        "name": "s:55dbca7f-9e65-4feb-8c41-d63789be2717:3hQjiH_jVg09ETXSmEfJwfbMlXMz5dg2TOZ-dNnFk7M",
        "status": "Creating"
      }
    },
    {
      "RequestUri": "https://management.azure.com/subscriptions/00000000-0000-0000-0000-000000000/providers/Microsoft.MachineLearningServices/locations/westus/mfeOperationsStatus/s:55dbca7f-9e65-4feb-8c41-d63789be2717:3hQjiH_jVg09ETXSmEfJwfbMlXMz5dg2TOZ-dNnFk7M?api-version=2022-10-01-preview",
      "RequestMethod": "GET",
      "RequestHeaders": {
        "Accept": "*/*",
        "Accept-Encoding": "gzip, deflate",
        "Connection": "keep-alive",
        "User-Agent": "azure-ai-ml/1.3.0 azsdk-python-mgmt-machinelearningservices/0.1.0 Python/3.10.8 (Windows-10-10.0.22621-SP0)"
      },
      "RequestBody": null,
      "StatusCode": 200,
      "ResponseHeaders": {
        "Cache-Control": "no-cache",
        "Content-Encoding": "gzip",
        "Content-Type": "application/json; charset=utf-8",
        "Date": "Wed, 28 Dec 2022 20:50:43 GMT",
        "Expires": "-1",
        "Pragma": "no-cache",
        "Request-Context": "appId=cid-v1:2d2e8e63-272e-4b3c-8598-4ee570a0e70d",
        "Server-Timing": "traceparent;desc=\u002200-02da77e5ebc1408fec08e874f3ced631-f566691a7cc0ea51-00\u0022",
        "Strict-Transport-Security": "max-age=31536000; includeSubDomains",
        "Transfer-Encoding": "chunked",
        "Vary": [
          "Accept-Encoding",
          "Accept-Encoding"
        ],
        "x-aml-cluster": "vienna-westus-02",
        "X-Content-Type-Options": "nosniff",
        "x-ms-correlation-request-id": "5ab3a9d1-9af4-4078-9778-ea0c1db7d917",
        "x-ms-ratelimit-remaining-subscription-reads": "11989",
        "x-ms-response-type": "standard",
        "x-ms-routing-request-id": "CANADACENTRAL:20221228T205044Z:5ab3a9d1-9af4-4078-9778-ea0c1db7d917",
        "x-request-time": "0.102"
      },
      "ResponseBody": {
        "id": "/subscriptions/00000000-0000-0000-0000-000000000/providers/Microsoft.MachineLearningServices/locations/westus/mfeOperationResults/s:55dbca7f-9e65-4feb-8c41-d63789be2717:3hQjiH_jVg09ETXSmEfJwfbMlXMz5dg2TOZ-dNnFk7M",
        "name": "s:55dbca7f-9e65-4feb-8c41-d63789be2717:3hQjiH_jVg09ETXSmEfJwfbMlXMz5dg2TOZ-dNnFk7M",
        "status": "Succeeded",
        "startTime": "2022-12-28T20:50:38.7653302\u002B00:00",
        "endTime": "2022-12-28T20:50:40\u002B00:00"
      }
    },
    {
      "RequestUri": "https://management.azure.com/subscriptions/00000000-0000-0000-0000-000000000/resourceGroups/00000/providers/Microsoft.MachineLearningServices/workspaces/00000/schedules/test_850417126231?api-version=2022-10-01-preview",
      "RequestMethod": "GET",
      "RequestHeaders": {
        "Accept": "*/*",
        "Accept-Encoding": "gzip, deflate",
        "Connection": "keep-alive",
        "User-Agent": "azure-ai-ml/1.3.0 azsdk-python-mgmt-machinelearningservices/0.1.0 Python/3.10.8 (Windows-10-10.0.22621-SP0)"
      },
      "RequestBody": null,
      "StatusCode": 200,
      "ResponseHeaders": {
        "Cache-Control": "no-cache",
        "Content-Encoding": "gzip",
        "Content-Type": "application/json; charset=utf-8",
        "Date": "Wed, 28 Dec 2022 20:50:43 GMT",
        "Expires": "-1",
        "Pragma": "no-cache",
        "Request-Context": "appId=cid-v1:2d2e8e63-272e-4b3c-8598-4ee570a0e70d",
        "Server-Timing": "traceparent;desc=\u002200-a1ad7418908dd068c0ce1246c7a130e5-6b3cb9a3404dbb83-00\u0022",
        "Strict-Transport-Security": "max-age=31536000; includeSubDomains",
        "Transfer-Encoding": "chunked",
        "Vary": [
          "Accept-Encoding",
          "Accept-Encoding"
        ],
        "x-aml-cluster": "vienna-westus-01",
        "X-Content-Type-Options": "nosniff",
        "x-ms-correlation-request-id": "1517167b-c78c-436b-a171-f95461a63661",
        "x-ms-ratelimit-remaining-subscription-reads": "11988",
        "x-ms-response-type": "standard",
        "x-ms-routing-request-id": "CANADACENTRAL:20221228T205044Z:1517167b-c78c-436b-a171-f95461a63661",
        "x-request-time": "0.022"
      },
      "ResponseBody": {
        "name": "test_850417126231",
        "properties": {
          "description": "a weekly retrain schedule",
          "tags": {},
          "properties": {},
          "displayName": "weekly retrain schedule",
          "isEnabled": true,
          "trigger": {
            "endTime": "2099-01-01 00:00:00",
            "startTime": "2022-03-10 10:15:00",
            "timeZone": "Pacific Standard Time",
            "triggerType": "Cron",
            "expression": "15 10 * * 1"
          },
          "action": {
            "actionType": "CreateJob",
            "jobDefinition": {
              "description": null,
              "tags": {},
              "properties": {},
              "displayName": "hello_pipeline_abc",
              "status": "NotStarted",
              "experimentName": "test_schedule_exp",
              "services": null,
              "computeId": "/subscriptions/00000000-0000-0000-0000-000000000/resourceGroups/00000/providers/Microsoft.MachineLearningServices/workspaces/00000/computes/cpu-cluster",
              "isArchived": false,
              "identity": {
                "identityType": "AMLToken"
              },
              "componentId": null,
              "jobType": "Pipeline",
              "settings": {
                "_source": "YAML.JOB"
              },
              "jobs": {
                "a": {
                  "name": "a",
                  "type": "command",
                  "inputs": {
                    "hello_string": {
                      "job_input_type": "literal",
                      "value": "${{parent.inputs.hello_string_top_level_input}}"
                    }
                  },
                  "_source": "YAML.JOB",
                  "componentId": "/subscriptions/00000000-0000-0000-0000-000000000/resourceGroups/00000/providers/Microsoft.MachineLearningServices/workspaces/00000/components/azureml_anonymous/versions/2f4cc951-e5fc-4be4-9adc-6397c14c29b0"
                },
                "b": {
                  "name": "b",
                  "type": "command",
                  "_source": "YAML.JOB",
                  "componentId": "/subscriptions/00000000-0000-0000-0000-000000000/resourceGroups/00000/providers/Microsoft.MachineLearningServices/workspaces/00000/components/azureml_anonymous/versions/399fb5e4-3221-4936-94bb-02c3f8e79ecc"
                },
                "c": {
                  "name": "c",
                  "type": "command",
                  "inputs": {
                    "world_input": {
                      "job_input_type": "literal",
                      "value": "${{parent.jobs.b.outputs.world_output}}"
                    }
                  },
                  "_source": "YAML.JOB",
                  "componentId": "/subscriptions/00000000-0000-0000-0000-000000000/resourceGroups/00000/providers/Microsoft.MachineLearningServices/workspaces/00000/components/azureml_anonymous/versions/fe1a9da5-5545-4a35-94ed-bb210c5e58ac"
                }
              },
              "inputs": {
                "hello_string_top_level_input": {
                  "description": null,
                  "jobInputType": "literal",
                  "value": "${{name}}"
                }
              },
              "outputs": {},
              "sourceJobId": null
            }
          },
          "provisioningState": "Succeeded"
        },
        "systemData": {
          "createdAt": "2022-12-28T20:50:32.5561078\u002B00:00",
          "createdBy": "Njuguna Thande",
          "createdByType": "User",
          "lastModifiedAt": "2022-12-28T20:50:40.4744426\u002B00:00",
          "lastModifiedBy": "Njuguna Thande",
          "lastModifiedByType": "User"
        }
      }
    },
    {
      "RequestUri": "https://management.azure.com/subscriptions/00000000-0000-0000-0000-000000000/resourceGroups/00000/providers/Microsoft.MachineLearningServices/workspaces/00000/schedules/test_850417126231?api-version=2022-10-01-preview",
      "RequestMethod": "GET",
      "RequestHeaders": {
        "Accept": "application/json",
        "Accept-Encoding": "gzip, deflate",
        "Connection": "keep-alive",
        "User-Agent": "azure-ai-ml/1.3.0 azsdk-python-mgmt-machinelearningservices/0.1.0 Python/3.10.8 (Windows-10-10.0.22621-SP0)"
      },
      "RequestBody": null,
      "StatusCode": 200,
      "ResponseHeaders": {
        "Cache-Control": "no-cache",
        "Content-Encoding": "gzip",
        "Content-Type": "application/json; charset=utf-8",
        "Date": "Wed, 28 Dec 2022 20:50:44 GMT",
        "Expires": "-1",
        "Pragma": "no-cache",
        "Request-Context": "appId=cid-v1:2d2e8e63-272e-4b3c-8598-4ee570a0e70d",
        "Server-Timing": "traceparent;desc=\u002200-9a34b41dc5891f3eafd1d3462328a9fc-21f56db28fd54506-00\u0022",
        "Strict-Transport-Security": "max-age=31536000; includeSubDomains",
        "Transfer-Encoding": "chunked",
        "Vary": [
          "Accept-Encoding",
          "Accept-Encoding"
        ],
        "x-aml-cluster": "vienna-westus-01",
        "X-Content-Type-Options": "nosniff",
        "x-ms-correlation-request-id": "47adcb4a-1609-4517-8b1b-7ebaf5da9646",
        "x-ms-ratelimit-remaining-subscription-reads": "11987",
        "x-ms-response-type": "standard",
        "x-ms-routing-request-id": "CANADACENTRAL:20221228T205044Z:47adcb4a-1609-4517-8b1b-7ebaf5da9646",
        "x-request-time": "0.020"
      },
      "ResponseBody": {
        "name": "test_850417126231",
        "properties": {
          "description": "a weekly retrain schedule",
          "tags": {},
          "properties": {},
          "displayName": "weekly retrain schedule",
          "isEnabled": true,
          "trigger": {
            "endTime": "2099-01-01 00:00:00",
            "startTime": "2022-03-10 10:15:00",
            "timeZone": "Pacific Standard Time",
            "triggerType": "Cron",
            "expression": "15 10 * * 1"
          },
          "action": {
            "actionType": "CreateJob",
            "jobDefinition": {
              "description": null,
              "tags": {},
              "properties": {},
              "displayName": "hello_pipeline_abc",
              "status": "NotStarted",
              "experimentName": "test_schedule_exp",
              "services": null,
              "computeId": "/subscriptions/00000000-0000-0000-0000-000000000/resourceGroups/00000/providers/Microsoft.MachineLearningServices/workspaces/00000/computes/cpu-cluster",
              "isArchived": false,
              "identity": {
                "identityType": "AMLToken"
              },
              "componentId": null,
              "jobType": "Pipeline",
              "settings": {
                "_source": "YAML.JOB"
              },
              "jobs": {
                "a": {
                  "name": "a",
                  "type": "command",
                  "inputs": {
                    "hello_string": {
                      "job_input_type": "literal",
                      "value": "${{parent.inputs.hello_string_top_level_input}}"
                    }
                  },
                  "_source": "YAML.JOB",
                  "componentId": "/subscriptions/00000000-0000-0000-0000-000000000/resourceGroups/00000/providers/Microsoft.MachineLearningServices/workspaces/00000/components/azureml_anonymous/versions/2f4cc951-e5fc-4be4-9adc-6397c14c29b0"
                },
                "b": {
                  "name": "b",
                  "type": "command",
                  "_source": "YAML.JOB",
                  "componentId": "/subscriptions/00000000-0000-0000-0000-000000000/resourceGroups/00000/providers/Microsoft.MachineLearningServices/workspaces/00000/components/azureml_anonymous/versions/399fb5e4-3221-4936-94bb-02c3f8e79ecc"
                },
                "c": {
                  "name": "c",
                  "type": "command",
                  "inputs": {
                    "world_input": {
                      "job_input_type": "literal",
                      "value": "${{parent.jobs.b.outputs.world_output}}"
                    }
                  },
                  "_source": "YAML.JOB",
                  "componentId": "/subscriptions/00000000-0000-0000-0000-000000000/resourceGroups/00000/providers/Microsoft.MachineLearningServices/workspaces/00000/components/azureml_anonymous/versions/fe1a9da5-5545-4a35-94ed-bb210c5e58ac"
                }
              },
              "inputs": {
                "hello_string_top_level_input": {
                  "description": null,
                  "jobInputType": "literal",
                  "value": "${{name}}"
                }
              },
              "outputs": {},
              "sourceJobId": null
            }
          },
          "provisioningState": "Succeeded"
        },
        "systemData": {
          "createdAt": "2022-12-28T20:50:32.5561078\u002B00:00",
          "createdBy": "Njuguna Thande",
          "createdByType": "User",
          "lastModifiedAt": "2022-12-28T20:50:40.4744426\u002B00:00",
          "lastModifiedBy": "Njuguna Thande",
          "lastModifiedByType": "User"
        }
      }
    },
    {
      "RequestUri": "https://management.azure.com/subscriptions/00000000-0000-0000-0000-000000000/resourceGroups/00000/providers/Microsoft.MachineLearningServices/workspaces/00000/schedules/test_850417126231?api-version=2022-10-01-preview",
      "RequestMethod": "PUT",
      "RequestHeaders": {
        "Accept": "application/json",
        "Accept-Encoding": "gzip, deflate",
        "Connection": "keep-alive",
        "Content-Length": "2040",
        "Content-Type": "application/json",
        "User-Agent": "azure-ai-ml/1.3.0 azsdk-python-mgmt-machinelearningservices/0.1.0 Python/3.10.8 (Windows-10-10.0.22621-SP0)"
      },
      "RequestBody": {
        "properties": {
          "description": "a weekly retrain schedule",
          "properties": {},
          "tags": {},
          "action": {
            "actionType": "CreateJob",
            "jobDefinition": {
              "properties": {},
              "tags": {},
              "computeId": "/subscriptions/00000000-0000-0000-0000-000000000/resourceGroups/00000/providers/Microsoft.MachineLearningServices/workspaces/00000/computes/cpu-cluster",
              "displayName": "hello_pipeline_abc",
              "experimentName": "test_schedule_exp",
              "identity": {
                "identityType": "AMLToken"
              },
              "isArchived": false,
              "jobType": "Pipeline",
              "inputs": {
                "hello_string_top_level_input": {
                  "jobInputType": "literal",
                  "value": "${{name}}"
                }
              },
              "jobs": {
                "a": {
                  "name": "a",
                  "type": "command",
                  "inputs": {
                    "hello_string": {
                      "job_input_type": "literal",
                      "value": "${{parent.inputs.hello_string_top_level_input}}"
                    }
                  },
                  "_source": "REMOTE.WORKSPACE.COMPONENT",
                  "componentId": "/subscriptions/00000000-0000-0000-0000-000000000/resourceGroups/00000/providers/Microsoft.MachineLearningServices/workspaces/00000/components/azureml_anonymous/versions/2f4cc951-e5fc-4be4-9adc-6397c14c29b0"
                },
                "b": {
                  "name": "b",
                  "type": "command",
                  "_source": "REMOTE.WORKSPACE.COMPONENT",
                  "componentId": "/subscriptions/00000000-0000-0000-0000-000000000/resourceGroups/00000/providers/Microsoft.MachineLearningServices/workspaces/00000/components/azureml_anonymous/versions/399fb5e4-3221-4936-94bb-02c3f8e79ecc"
                },
                "c": {
                  "name": "c",
                  "type": "command",
                  "inputs": {
                    "world_input": {
                      "job_input_type": "literal",
                      "value": "${{parent.jobs.b.outputs.world_output}}"
                    }
                  },
                  "_source": "REMOTE.WORKSPACE.COMPONENT",
                  "componentId": "/subscriptions/00000000-0000-0000-0000-000000000/resourceGroups/00000/providers/Microsoft.MachineLearningServices/workspaces/00000/components/azureml_anonymous/versions/fe1a9da5-5545-4a35-94ed-bb210c5e58ac"
                }
              },
              "outputs": {},
              "settings": {
                "_source": "YAML.JOB"
              }
            }
          },
          "displayName": "weekly retrain schedule",
          "isEnabled": false,
          "trigger": {
            "endTime": "2099-01-01 00:00:00",
            "startTime": "2022-03-10 10:15:00",
            "timeZone": "Pacific Standard Time",
            "triggerType": "Cron",
            "expression": "15 10 * * 1"
          }
        }
      },
      "StatusCode": 201,
      "ResponseHeaders": {
        "Azure-AsyncOperation": "https://management.azure.com/subscriptions/00000000-0000-0000-0000-000000000/providers/Microsoft.MachineLearningServices/locations/westus/mfeOperationsStatus/s:55dbca7f-9e65-4feb-8c41-d63789be2717:FLRXnj0GST8z0rdELqqfO34qv1WHfABxMlsrLX37LPA?api-version=2022-10-01-preview",
        "Cache-Control": "no-cache",
        "Content-Length": "2941",
        "Content-Type": "application/json; charset=utf-8",
        "Date": "Wed, 28 Dec 2022 20:50:44 GMT",
        "Expires": "-1",
        "Location": "https://management.azure.com/subscriptions/00000000-0000-0000-0000-000000000/resourceGroups/00000/providers/Microsoft.MachineLearningServices/workspaces/00000/schedules/test_850417126231?api-version=2022-10-01-preview",
        "Pragma": "no-cache",
        "Request-Context": "appId=cid-v1:2d2e8e63-272e-4b3c-8598-4ee570a0e70d",
        "Server-Timing": "traceparent;desc=\u002200-d432121c2307b4c065b90e4fefc31b72-b9b92f4d3f5466f4-00\u0022",
        "Strict-Transport-Security": "max-age=31536000; includeSubDomains",
        "x-aml-cluster": "vienna-westus-01",
        "X-Content-Type-Options": "nosniff",
        "x-ms-async-operation-timeout": "PT30M",
        "x-ms-correlation-request-id": "fb0ba814-a7e7-4da2-a191-31b4f18a2c71",
        "x-ms-ratelimit-remaining-subscription-writes": "1191",
        "x-ms-response-type": "standard",
        "x-ms-routing-request-id": "CANADACENTRAL:20221228T205045Z:fb0ba814-a7e7-4da2-a191-31b4f18a2c71",
        "x-request-time": "0.037"
      },
      "ResponseBody": {
        "properties": {
          "description": "a weekly retrain schedule",
          "tags": {},
          "properties": {},
          "displayName": "weekly retrain schedule",
          "isEnabled": false,
          "trigger": {
            "endTime": "2099-01-01 00:00:00",
            "startTime": "2022-03-10 10:15:00",
            "timeZone": "Pacific Standard Time",
            "triggerType": "Cron",
            "expression": "15 10 * * 1"
          },
          "action": {
            "actionType": "CreateJob",
            "jobDefinition": {
              "description": null,
              "tags": {},
              "properties": {},
              "displayName": "hello_pipeline_abc",
              "status": "NotStarted",
              "experimentName": "test_schedule_exp",
              "services": null,
              "computeId": "/subscriptions/00000000-0000-0000-0000-000000000/resourceGroups/00000/providers/Microsoft.MachineLearningServices/workspaces/00000/computes/cpu-cluster",
              "isArchived": false,
              "identity": {
                "identityType": "AMLToken"
              },
              "componentId": null,
              "jobType": "Pipeline",
              "settings": {
                "_source": "YAML.JOB"
              },
              "jobs": {
                "a": {
                  "name": "a",
                  "type": "command",
                  "inputs": {
                    "hello_string": {
                      "job_input_type": "literal",
                      "value": "${{parent.inputs.hello_string_top_level_input}}"
                    }
                  },
                  "_source": "REMOTE.WORKSPACE.COMPONENT",
                  "componentId": "/subscriptions/00000000-0000-0000-0000-000000000/resourceGroups/00000/providers/Microsoft.MachineLearningServices/workspaces/00000/components/azureml_anonymous/versions/2f4cc951-e5fc-4be4-9adc-6397c14c29b0"
                },
                "b": {
                  "name": "b",
                  "type": "command",
                  "_source": "REMOTE.WORKSPACE.COMPONENT",
                  "componentId": "/subscriptions/00000000-0000-0000-0000-000000000/resourceGroups/00000/providers/Microsoft.MachineLearningServices/workspaces/00000/components/azureml_anonymous/versions/399fb5e4-3221-4936-94bb-02c3f8e79ecc"
                },
                "c": {
                  "name": "c",
                  "type": "command",
                  "inputs": {
                    "world_input": {
                      "job_input_type": "literal",
                      "value": "${{parent.jobs.b.outputs.world_output}}"
                    }
                  },
                  "_source": "REMOTE.WORKSPACE.COMPONENT",
                  "componentId": "/subscriptions/00000000-0000-0000-0000-000000000/resourceGroups/00000/providers/Microsoft.MachineLearningServices/workspaces/00000/components/azureml_anonymous/versions/fe1a9da5-5545-4a35-94ed-bb210c5e58ac"
                }
              },
              "inputs": {
                "hello_string_top_level_input": {
                  "description": null,
                  "jobInputType": "literal",
                  "value": "${{name}}"
                }
              },
              "outputs": {},
              "sourceJobId": null
            }
          },
          "provisioningState": "Creating"
        }
      }
    },
    {
      "RequestUri": "https://management.azure.com/subscriptions/00000000-0000-0000-0000-000000000/providers/Microsoft.MachineLearningServices/locations/westus/mfeOperationsStatus/s:55dbca7f-9e65-4feb-8c41-d63789be2717:FLRXnj0GST8z0rdELqqfO34qv1WHfABxMlsrLX37LPA?api-version=2022-10-01-preview",
      "RequestMethod": "GET",
      "RequestHeaders": {
        "Accept": "*/*",
        "Accept-Encoding": "gzip, deflate",
        "Connection": "keep-alive",
        "User-Agent": "azure-ai-ml/1.3.0 azsdk-python-mgmt-machinelearningservices/0.1.0 Python/3.10.8 (Windows-10-10.0.22621-SP0)"
      },
      "RequestBody": null,
      "StatusCode": 200,
      "ResponseHeaders": {
        "Cache-Control": "no-cache",
        "Content-Encoding": "gzip",
        "Content-Type": "application/json; charset=utf-8",
        "Date": "Wed, 28 Dec 2022 20:50:45 GMT",
        "Expires": "-1",
        "Pragma": "no-cache",
        "Request-Context": "appId=cid-v1:2d2e8e63-272e-4b3c-8598-4ee570a0e70d",
        "Server-Timing": "traceparent;desc=\u002200-16dff0f13e62e00271282bef64d0fdb3-d332cc9b613efcf3-00\u0022",
        "Strict-Transport-Security": "max-age=31536000; includeSubDomains",
        "Transfer-Encoding": "chunked",
        "Vary": [
          "Accept-Encoding",
          "Accept-Encoding"
        ],
        "x-aml-cluster": "vienna-westus-02",
        "X-Content-Type-Options": "nosniff",
        "x-ms-correlation-request-id": "0bad6286-1fbf-40e2-877a-fce812baec8f",
        "x-ms-ratelimit-remaining-subscription-reads": "11986",
        "x-ms-response-type": "standard",
        "x-ms-routing-request-id": "CANADACENTRAL:20221228T205045Z:0bad6286-1fbf-40e2-877a-fce812baec8f",
        "x-request-time": "0.025"
      },
      "ResponseBody": {
        "id": "/subscriptions/00000000-0000-0000-0000-000000000/providers/Microsoft.MachineLearningServices/locations/westus/mfeOperationResults/s:55dbca7f-9e65-4feb-8c41-d63789be2717:FLRXnj0GST8z0rdELqqfO34qv1WHfABxMlsrLX37LPA",
        "name": "s:55dbca7f-9e65-4feb-8c41-d63789be2717:FLRXnj0GST8z0rdELqqfO34qv1WHfABxMlsrLX37LPA",
        "status": "Creating"
      }
    },
    {
      "RequestUri": "https://management.azure.com/subscriptions/00000000-0000-0000-0000-000000000/providers/Microsoft.MachineLearningServices/locations/westus/mfeOperationsStatus/s:55dbca7f-9e65-4feb-8c41-d63789be2717:FLRXnj0GST8z0rdELqqfO34qv1WHfABxMlsrLX37LPA?api-version=2022-10-01-preview",
      "RequestMethod": "GET",
      "RequestHeaders": {
        "Accept": "*/*",
        "Accept-Encoding": "gzip, deflate",
        "Connection": "keep-alive",
        "User-Agent": "azure-ai-ml/1.3.0 azsdk-python-mgmt-machinelearningservices/0.1.0 Python/3.10.8 (Windows-10-10.0.22621-SP0)"
      },
      "RequestBody": null,
      "StatusCode": 200,
      "ResponseHeaders": {
        "Cache-Control": "no-cache",
        "Content-Encoding": "gzip",
        "Content-Type": "application/json; charset=utf-8",
        "Date": "Wed, 28 Dec 2022 20:50:50 GMT",
        "Expires": "-1",
        "Pragma": "no-cache",
        "Request-Context": "appId=cid-v1:2d2e8e63-272e-4b3c-8598-4ee570a0e70d",
        "Server-Timing": "traceparent;desc=\u002200-0eab9cdd23131d9f0e55c1eb5fb60e25-473eb65c896ffa23-00\u0022",
        "Strict-Transport-Security": "max-age=31536000; includeSubDomains",
        "Transfer-Encoding": "chunked",
        "Vary": [
          "Accept-Encoding",
          "Accept-Encoding"
        ],
        "x-aml-cluster": "vienna-westus-02",
        "X-Content-Type-Options": "nosniff",
        "x-ms-correlation-request-id": "3947b58c-39de-4373-be14-bf5f55a2df23",
        "x-ms-ratelimit-remaining-subscription-reads": "11985",
        "x-ms-response-type": "standard",
        "x-ms-routing-request-id": "CANADACENTRAL:20221228T205051Z:3947b58c-39de-4373-be14-bf5f55a2df23",
        "x-request-time": "0.035"
      },
      "ResponseBody": {
        "id": "/subscriptions/00000000-0000-0000-0000-000000000/providers/Microsoft.MachineLearningServices/locations/westus/mfeOperationResults/s:55dbca7f-9e65-4feb-8c41-d63789be2717:FLRXnj0GST8z0rdELqqfO34qv1WHfABxMlsrLX37LPA",
        "name": "s:55dbca7f-9e65-4feb-8c41-d63789be2717:FLRXnj0GST8z0rdELqqfO34qv1WHfABxMlsrLX37LPA",
        "status": "Succeeded",
        "startTime": "2022-12-28T20:50:45.6498252\u002B00:00",
        "endTime": "2022-12-28T20:50:48\u002B00:00"
      }
    },
    {
      "RequestUri": "https://management.azure.com/subscriptions/00000000-0000-0000-0000-000000000/resourceGroups/00000/providers/Microsoft.MachineLearningServices/workspaces/00000/schedules/test_850417126231?api-version=2022-10-01-preview",
      "RequestMethod": "GET",
      "RequestHeaders": {
        "Accept": "*/*",
        "Accept-Encoding": "gzip, deflate",
        "Connection": "keep-alive",
        "User-Agent": "azure-ai-ml/1.3.0 azsdk-python-mgmt-machinelearningservices/0.1.0 Python/3.10.8 (Windows-10-10.0.22621-SP0)"
      },
      "RequestBody": null,
      "StatusCode": 200,
      "ResponseHeaders": {
        "Cache-Control": "no-cache",
        "Content-Encoding": "gzip",
        "Content-Type": "application/json; charset=utf-8",
        "Date": "Wed, 28 Dec 2022 20:50:50 GMT",
        "Expires": "-1",
        "Pragma": "no-cache",
        "Request-Context": "appId=cid-v1:2d2e8e63-272e-4b3c-8598-4ee570a0e70d",
        "Server-Timing": "traceparent;desc=\u002200-3a03364cc48f4fbfb939c484ddb4ec71-e85f9ae52c5ce63c-00\u0022",
        "Strict-Transport-Security": "max-age=31536000; includeSubDomains",
        "Transfer-Encoding": "chunked",
        "Vary": [
          "Accept-Encoding",
          "Accept-Encoding"
        ],
        "x-aml-cluster": "vienna-westus-01",
        "X-Content-Type-Options": "nosniff",
        "x-ms-correlation-request-id": "838f0d9a-04a2-411a-ba1e-8819011000df",
        "x-ms-ratelimit-remaining-subscription-reads": "11984",
        "x-ms-response-type": "standard",
        "x-ms-routing-request-id": "CANADACENTRAL:20221228T205051Z:838f0d9a-04a2-411a-ba1e-8819011000df",
        "x-request-time": "0.023"
      },
      "ResponseBody": {
        "name": "test_850417126231",
        "properties": {
          "description": "a weekly retrain schedule",
          "tags": {},
          "properties": {},
          "displayName": "weekly retrain schedule",
          "isEnabled": false,
          "trigger": {
            "endTime": "2099-01-01 00:00:00",
            "startTime": "2022-03-10 10:15:00",
            "timeZone": "Pacific Standard Time",
            "triggerType": "Cron",
            "expression": "15 10 * * 1"
          },
          "action": {
            "actionType": "CreateJob",
            "jobDefinition": {
              "description": null,
              "tags": {},
              "properties": {},
              "displayName": "hello_pipeline_abc",
              "status": "NotStarted",
              "experimentName": "test_schedule_exp",
              "services": null,
              "computeId": "/subscriptions/00000000-0000-0000-0000-000000000/resourceGroups/00000/providers/Microsoft.MachineLearningServices/workspaces/00000/computes/cpu-cluster",
              "isArchived": false,
              "identity": {
                "identityType": "AMLToken"
              },
              "componentId": null,
              "jobType": "Pipeline",
              "settings": {
                "_source": "YAML.JOB"
              },
              "jobs": {
                "a": {
                  "name": "a",
                  "type": "command",
                  "inputs": {
                    "hello_string": {
                      "job_input_type": "literal",
                      "value": "${{parent.inputs.hello_string_top_level_input}}"
                    }
                  },
                  "_source": "REMOTE.WORKSPACE.COMPONENT",
                  "componentId": "/subscriptions/00000000-0000-0000-0000-000000000/resourceGroups/00000/providers/Microsoft.MachineLearningServices/workspaces/00000/components/azureml_anonymous/versions/2f4cc951-e5fc-4be4-9adc-6397c14c29b0"
                },
                "b": {
                  "name": "b",
                  "type": "command",
                  "_source": "REMOTE.WORKSPACE.COMPONENT",
                  "componentId": "/subscriptions/00000000-0000-0000-0000-000000000/resourceGroups/00000/providers/Microsoft.MachineLearningServices/workspaces/00000/components/azureml_anonymous/versions/399fb5e4-3221-4936-94bb-02c3f8e79ecc"
                },
                "c": {
                  "name": "c",
                  "type": "command",
                  "inputs": {
                    "world_input": {
                      "job_input_type": "literal",
                      "value": "${{parent.jobs.b.outputs.world_output}}"
                    }
                  },
                  "_source": "REMOTE.WORKSPACE.COMPONENT",
                  "componentId": "/subscriptions/00000000-0000-0000-0000-000000000/resourceGroups/00000/providers/Microsoft.MachineLearningServices/workspaces/00000/components/azureml_anonymous/versions/fe1a9da5-5545-4a35-94ed-bb210c5e58ac"
                }
              },
              "inputs": {
                "hello_string_top_level_input": {
                  "description": null,
                  "jobInputType": "literal",
                  "value": "${{name}}"
                }
              },
              "outputs": {},
              "sourceJobId": null
            }
          },
          "provisioningState": "Succeeded"
        },
        "systemData": {
          "createdAt": "2022-12-28T20:50:32.5561078\u002B00:00",
          "createdBy": "Njuguna Thande",
          "createdByType": "User",
          "lastModifiedAt": "2022-12-28T20:50:48.667366\u002B00:00",
          "lastModifiedBy": "Njuguna Thande",
          "lastModifiedByType": "User"
        }
      }
    },
    {
      "RequestUri": "https://management.azure.com/subscriptions/00000000-0000-0000-0000-000000000/resourceGroups/00000/providers/Microsoft.MachineLearningServices/workspaces/00000/schedules/test_850417126231?api-version=2022-10-01-preview",
      "RequestMethod": "GET",
      "RequestHeaders": {
        "Accept": "application/json",
        "Accept-Encoding": "gzip, deflate",
        "Connection": "keep-alive",
        "User-Agent": "azure-ai-ml/1.3.0 azsdk-python-mgmt-machinelearningservices/0.1.0 Python/3.10.8 (Windows-10-10.0.22621-SP0)"
      },
      "RequestBody": null,
      "StatusCode": 200,
      "ResponseHeaders": {
        "Cache-Control": "no-cache",
        "Content-Encoding": "gzip",
        "Content-Type": "application/json; charset=utf-8",
        "Date": "Wed, 28 Dec 2022 20:50:50 GMT",
        "Expires": "-1",
        "Pragma": "no-cache",
        "Request-Context": "appId=cid-v1:2d2e8e63-272e-4b3c-8598-4ee570a0e70d",
        "Server-Timing": "traceparent;desc=\u002200-c89f7590d969340543b3b8e0d7ee4b9d-813d2ee2f67aeb13-00\u0022",
        "Strict-Transport-Security": "max-age=31536000; includeSubDomains",
        "Transfer-Encoding": "chunked",
        "Vary": [
          "Accept-Encoding",
          "Accept-Encoding"
        ],
        "x-aml-cluster": "vienna-westus-01",
        "X-Content-Type-Options": "nosniff",
        "x-ms-correlation-request-id": "ff27077d-052d-4525-aa85-6f35bd97dcab",
        "x-ms-ratelimit-remaining-subscription-reads": "11983",
        "x-ms-response-type": "standard",
        "x-ms-routing-request-id": "CANADACENTRAL:20221228T205051Z:ff27077d-052d-4525-aa85-6f35bd97dcab",
        "x-request-time": "0.025"
      },
      "ResponseBody": {
        "name": "test_850417126231",
        "properties": {
          "description": "a weekly retrain schedule",
          "tags": {},
          "properties": {},
          "displayName": "weekly retrain schedule",
          "isEnabled": false,
          "trigger": {
            "endTime": "2099-01-01 00:00:00",
            "startTime": "2022-03-10 10:15:00",
            "timeZone": "Pacific Standard Time",
            "triggerType": "Cron",
            "expression": "15 10 * * 1"
          },
          "action": {
            "actionType": "CreateJob",
            "jobDefinition": {
              "description": null,
              "tags": {},
              "properties": {},
              "displayName": "hello_pipeline_abc",
              "status": "NotStarted",
              "experimentName": "test_schedule_exp",
              "services": null,
              "computeId": "/subscriptions/00000000-0000-0000-0000-000000000/resourceGroups/00000/providers/Microsoft.MachineLearningServices/workspaces/00000/computes/cpu-cluster",
              "isArchived": false,
              "identity": {
                "identityType": "AMLToken"
              },
              "componentId": null,
              "jobType": "Pipeline",
              "settings": {
                "_source": "YAML.JOB"
              },
              "jobs": {
                "a": {
                  "name": "a",
                  "type": "command",
                  "inputs": {
                    "hello_string": {
                      "job_input_type": "literal",
                      "value": "${{parent.inputs.hello_string_top_level_input}}"
                    }
                  },
                  "_source": "REMOTE.WORKSPACE.COMPONENT",
                  "componentId": "/subscriptions/00000000-0000-0000-0000-000000000/resourceGroups/00000/providers/Microsoft.MachineLearningServices/workspaces/00000/components/azureml_anonymous/versions/2f4cc951-e5fc-4be4-9adc-6397c14c29b0"
                },
                "b": {
                  "name": "b",
                  "type": "command",
                  "_source": "REMOTE.WORKSPACE.COMPONENT",
                  "componentId": "/subscriptions/00000000-0000-0000-0000-000000000/resourceGroups/00000/providers/Microsoft.MachineLearningServices/workspaces/00000/components/azureml_anonymous/versions/399fb5e4-3221-4936-94bb-02c3f8e79ecc"
                },
                "c": {
                  "name": "c",
                  "type": "command",
                  "inputs": {
                    "world_input": {
                      "job_input_type": "literal",
                      "value": "${{parent.jobs.b.outputs.world_output}}"
                    }
                  },
                  "_source": "REMOTE.WORKSPACE.COMPONENT",
                  "componentId": "/subscriptions/00000000-0000-0000-0000-000000000/resourceGroups/00000/providers/Microsoft.MachineLearningServices/workspaces/00000/components/azureml_anonymous/versions/fe1a9da5-5545-4a35-94ed-bb210c5e58ac"
                }
              },
              "inputs": {
                "hello_string_top_level_input": {
                  "description": null,
                  "jobInputType": "literal",
                  "value": "${{name}}"
                }
              },
              "outputs": {},
              "sourceJobId": null
            }
          },
          "provisioningState": "Succeeded"
        },
        "systemData": {
          "createdAt": "2022-12-28T20:50:32.5561078\u002B00:00",
          "createdBy": "Njuguna Thande",
          "createdByType": "User",
          "lastModifiedAt": "2022-12-28T20:50:48.667366\u002B00:00",
          "lastModifiedBy": "Njuguna Thande",
          "lastModifiedByType": "User"
        }
      }
    },
    {
      "RequestUri": "https://management.azure.com/subscriptions/00000000-0000-0000-0000-000000000/resourceGroups/00000/providers/Microsoft.MachineLearningServices/workspaces/00000/schedules/test_850417126231?api-version=2022-10-01-preview",
      "RequestMethod": "PUT",
      "RequestHeaders": {
        "Accept": "application/json",
        "Accept-Encoding": "gzip, deflate",
        "Connection": "keep-alive",
        "Content-Length": "2039",
        "Content-Type": "application/json",
        "User-Agent": "azure-ai-ml/1.3.0 azsdk-python-mgmt-machinelearningservices/0.1.0 Python/3.10.8 (Windows-10-10.0.22621-SP0)"
      },
      "RequestBody": {
        "properties": {
          "description": "a weekly retrain schedule",
          "properties": {},
          "tags": {},
          "action": {
            "actionType": "CreateJob",
            "jobDefinition": {
              "properties": {},
              "tags": {},
              "computeId": "/subscriptions/00000000-0000-0000-0000-000000000/resourceGroups/00000/providers/Microsoft.MachineLearningServices/workspaces/00000/computes/cpu-cluster",
              "displayName": "hello_pipeline_abc",
              "experimentName": "test_schedule_exp",
              "identity": {
                "identityType": "AMLToken"
              },
              "isArchived": false,
              "jobType": "Pipeline",
              "inputs": {
                "hello_string_top_level_input": {
                  "jobInputType": "literal",
                  "value": "${{name}}"
                }
              },
              "jobs": {
                "a": {
                  "name": "a",
                  "type": "command",
                  "inputs": {
                    "hello_string": {
                      "job_input_type": "literal",
                      "value": "${{parent.inputs.hello_string_top_level_input}}"
                    }
                  },
                  "_source": "REMOTE.WORKSPACE.COMPONENT",
                  "componentId": "/subscriptions/00000000-0000-0000-0000-000000000/resourceGroups/00000/providers/Microsoft.MachineLearningServices/workspaces/00000/components/azureml_anonymous/versions/2f4cc951-e5fc-4be4-9adc-6397c14c29b0"
                },
                "b": {
                  "name": "b",
                  "type": "command",
                  "_source": "REMOTE.WORKSPACE.COMPONENT",
                  "componentId": "/subscriptions/00000000-0000-0000-0000-000000000/resourceGroups/00000/providers/Microsoft.MachineLearningServices/workspaces/00000/components/azureml_anonymous/versions/399fb5e4-3221-4936-94bb-02c3f8e79ecc"
                },
                "c": {
                  "name": "c",
                  "type": "command",
                  "inputs": {
                    "world_input": {
                      "job_input_type": "literal",
                      "value": "${{parent.jobs.b.outputs.world_output}}"
                    }
                  },
                  "_source": "REMOTE.WORKSPACE.COMPONENT",
                  "componentId": "/subscriptions/00000000-0000-0000-0000-000000000/resourceGroups/00000/providers/Microsoft.MachineLearningServices/workspaces/00000/components/azureml_anonymous/versions/fe1a9da5-5545-4a35-94ed-bb210c5e58ac"
                }
              },
              "outputs": {},
              "settings": {
                "_source": "YAML.JOB"
              }
            }
          },
          "displayName": "weekly retrain schedule",
          "isEnabled": true,
          "trigger": {
            "endTime": "2099-01-01 00:00:00",
            "startTime": "2022-03-10 10:15:00",
            "timeZone": "Pacific Standard Time",
            "triggerType": "Cron",
            "expression": "15 10 * * 1"
          }
        }
      },
      "StatusCode": 201,
      "ResponseHeaders": {
        "Azure-AsyncOperation": "https://management.azure.com/subscriptions/00000000-0000-0000-0000-000000000/providers/Microsoft.MachineLearningServices/locations/westus/mfeOperationsStatus/s:55dbca7f-9e65-4feb-8c41-d63789be2717:97Xhd6Q5PV3TFkjs7mVMVYmTMZ0cSTz_DZJLGEamL0c?api-version=2022-10-01-preview",
        "Cache-Control": "no-cache",
        "Content-Length": "2940",
        "Content-Type": "application/json; charset=utf-8",
        "Date": "Wed, 28 Dec 2022 20:50:51 GMT",
        "Expires": "-1",
        "Location": "https://management.azure.com/subscriptions/00000000-0000-0000-0000-000000000/resourceGroups/00000/providers/Microsoft.MachineLearningServices/workspaces/00000/schedules/test_850417126231?api-version=2022-10-01-preview",
        "Pragma": "no-cache",
        "Request-Context": "appId=cid-v1:2d2e8e63-272e-4b3c-8598-4ee570a0e70d",
        "Server-Timing": "traceparent;desc=\u002200-904086eb07f3a8bab674e13bcb7deb6d-61db509b8d4da3ed-00\u0022",
        "Strict-Transport-Security": "max-age=31536000; includeSubDomains",
        "x-aml-cluster": "vienna-westus-01",
        "X-Content-Type-Options": "nosniff",
        "x-ms-async-operation-timeout": "PT30M",
        "x-ms-correlation-request-id": "f32c79f7-abdb-4baf-8a8c-d1c32fb95a14",
        "x-ms-ratelimit-remaining-subscription-writes": "1190",
        "x-ms-response-type": "standard",
        "x-ms-routing-request-id": "CANADACENTRAL:20221228T205052Z:f32c79f7-abdb-4baf-8a8c-d1c32fb95a14",
        "x-request-time": "0.039"
      },
      "ResponseBody": {
        "properties": {
          "description": "a weekly retrain schedule",
          "tags": {},
          "properties": {},
          "displayName": "weekly retrain schedule",
          "isEnabled": true,
          "trigger": {
            "endTime": "2099-01-01 00:00:00",
            "startTime": "2022-03-10 10:15:00",
            "timeZone": "Pacific Standard Time",
            "triggerType": "Cron",
            "expression": "15 10 * * 1"
          },
          "action": {
            "actionType": "CreateJob",
            "jobDefinition": {
              "description": null,
              "tags": {},
              "properties": {},
              "displayName": "hello_pipeline_abc",
              "status": "NotStarted",
              "experimentName": "test_schedule_exp",
              "services": null,
              "computeId": "/subscriptions/00000000-0000-0000-0000-000000000/resourceGroups/00000/providers/Microsoft.MachineLearningServices/workspaces/00000/computes/cpu-cluster",
              "isArchived": false,
              "identity": {
                "identityType": "AMLToken"
              },
              "componentId": null,
              "jobType": "Pipeline",
              "settings": {
                "_source": "YAML.JOB"
              },
              "jobs": {
                "a": {
                  "name": "a",
                  "type": "command",
                  "inputs": {
                    "hello_string": {
                      "job_input_type": "literal",
                      "value": "${{parent.inputs.hello_string_top_level_input}}"
                    }
                  },
                  "_source": "REMOTE.WORKSPACE.COMPONENT",
                  "componentId": "/subscriptions/00000000-0000-0000-0000-000000000/resourceGroups/00000/providers/Microsoft.MachineLearningServices/workspaces/00000/components/azureml_anonymous/versions/2f4cc951-e5fc-4be4-9adc-6397c14c29b0"
                },
                "b": {
                  "name": "b",
                  "type": "command",
                  "_source": "REMOTE.WORKSPACE.COMPONENT",
                  "componentId": "/subscriptions/00000000-0000-0000-0000-000000000/resourceGroups/00000/providers/Microsoft.MachineLearningServices/workspaces/00000/components/azureml_anonymous/versions/399fb5e4-3221-4936-94bb-02c3f8e79ecc"
                },
                "c": {
                  "name": "c",
                  "type": "command",
                  "inputs": {
                    "world_input": {
                      "job_input_type": "literal",
                      "value": "${{parent.jobs.b.outputs.world_output}}"
                    }
                  },
                  "_source": "REMOTE.WORKSPACE.COMPONENT",
                  "componentId": "/subscriptions/00000000-0000-0000-0000-000000000/resourceGroups/00000/providers/Microsoft.MachineLearningServices/workspaces/00000/components/azureml_anonymous/versions/fe1a9da5-5545-4a35-94ed-bb210c5e58ac"
                }
              },
              "inputs": {
                "hello_string_top_level_input": {
                  "description": null,
                  "jobInputType": "literal",
                  "value": "${{name}}"
                }
              },
              "outputs": {},
              "sourceJobId": null
            }
          },
          "provisioningState": "Creating"
        }
      }
    },
    {
      "RequestUri": "https://management.azure.com/subscriptions/00000000-0000-0000-0000-000000000/providers/Microsoft.MachineLearningServices/locations/westus/mfeOperationsStatus/s:55dbca7f-9e65-4feb-8c41-d63789be2717:97Xhd6Q5PV3TFkjs7mVMVYmTMZ0cSTz_DZJLGEamL0c?api-version=2022-10-01-preview",
      "RequestMethod": "GET",
      "RequestHeaders": {
        "Accept": "*/*",
        "Accept-Encoding": "gzip, deflate",
        "Connection": "keep-alive",
        "User-Agent": "azure-ai-ml/1.3.0 azsdk-python-mgmt-machinelearningservices/0.1.0 Python/3.10.8 (Windows-10-10.0.22621-SP0)"
      },
      "RequestBody": null,
      "StatusCode": 200,
      "ResponseHeaders": {
        "Cache-Control": "no-cache",
        "Content-Encoding": "gzip",
        "Content-Type": "application/json; charset=utf-8",
        "Date": "Wed, 28 Dec 2022 20:50:52 GMT",
        "Expires": "-1",
        "Pragma": "no-cache",
        "Request-Context": "appId=cid-v1:2d2e8e63-272e-4b3c-8598-4ee570a0e70d",
        "Server-Timing": "traceparent;desc=\u002200-e27f32b2ed58b92be45102173d2ed9db-94789f1faa4b2f03-00\u0022",
        "Strict-Transport-Security": "max-age=31536000; includeSubDomains",
        "Transfer-Encoding": "chunked",
        "Vary": [
          "Accept-Encoding",
          "Accept-Encoding"
        ],
        "x-aml-cluster": "vienna-westus-02",
        "X-Content-Type-Options": "nosniff",
        "x-ms-correlation-request-id": "293dce78-837c-4051-9780-9785cd4e5732",
        "x-ms-ratelimit-remaining-subscription-reads": "11982",
        "x-ms-response-type": "standard",
        "x-ms-routing-request-id": "CANADACENTRAL:20221228T205053Z:293dce78-837c-4051-9780-9785cd4e5732",
        "x-request-time": "0.014"
      },
      "ResponseBody": {
        "id": "/subscriptions/00000000-0000-0000-0000-000000000/providers/Microsoft.MachineLearningServices/locations/westus/mfeOperationResults/s:55dbca7f-9e65-4feb-8c41-d63789be2717:97Xhd6Q5PV3TFkjs7mVMVYmTMZ0cSTz_DZJLGEamL0c",
        "name": "s:55dbca7f-9e65-4feb-8c41-d63789be2717:97Xhd6Q5PV3TFkjs7mVMVYmTMZ0cSTz_DZJLGEamL0c",
        "status": "Creating"
      }
    },
    {
      "RequestUri": "https://management.azure.com/subscriptions/00000000-0000-0000-0000-000000000/providers/Microsoft.MachineLearningServices/locations/westus/mfeOperationsStatus/s:55dbca7f-9e65-4feb-8c41-d63789be2717:97Xhd6Q5PV3TFkjs7mVMVYmTMZ0cSTz_DZJLGEamL0c?api-version=2022-10-01-preview",
      "RequestMethod": "GET",
      "RequestHeaders": {
        "Accept": "*/*",
        "Accept-Encoding": "gzip, deflate",
        "Connection": "keep-alive",
        "User-Agent": "azure-ai-ml/1.3.0 azsdk-python-mgmt-machinelearningservices/0.1.0 Python/3.10.8 (Windows-10-10.0.22621-SP0)"
      },
      "RequestBody": null,
      "StatusCode": 200,
      "ResponseHeaders": {
        "Cache-Control": "no-cache",
        "Content-Encoding": "gzip",
        "Content-Type": "application/json; charset=utf-8",
        "Date": "Wed, 28 Dec 2022 20:50:57 GMT",
        "Expires": "-1",
        "Pragma": "no-cache",
        "Request-Context": "appId=cid-v1:2d2e8e63-272e-4b3c-8598-4ee570a0e70d",
        "Server-Timing": "traceparent;desc=\u002200-7c13b6e9008e1854f94de4f907717e1a-b10ed06ab7d5004b-00\u0022",
        "Strict-Transport-Security": "max-age=31536000; includeSubDomains",
        "Transfer-Encoding": "chunked",
        "Vary": [
          "Accept-Encoding",
          "Accept-Encoding"
        ],
        "x-aml-cluster": "vienna-westus-02",
        "X-Content-Type-Options": "nosniff",
        "x-ms-correlation-request-id": "b76a7f82-1ef9-4f28-83ef-8ae50b47791e",
        "x-ms-ratelimit-remaining-subscription-reads": "11981",
        "x-ms-response-type": "standard",
        "x-ms-routing-request-id": "CANADACENTRAL:20221228T205058Z:b76a7f82-1ef9-4f28-83ef-8ae50b47791e",
        "x-request-time": "0.014"
      },
      "ResponseBody": {
        "id": "/subscriptions/00000000-0000-0000-0000-000000000/providers/Microsoft.MachineLearningServices/locations/westus/mfeOperationResults/s:55dbca7f-9e65-4feb-8c41-d63789be2717:97Xhd6Q5PV3TFkjs7mVMVYmTMZ0cSTz_DZJLGEamL0c",
        "name": "s:55dbca7f-9e65-4feb-8c41-d63789be2717:97Xhd6Q5PV3TFkjs7mVMVYmTMZ0cSTz_DZJLGEamL0c",
        "status": "Succeeded",
        "startTime": "2022-12-28T20:50:52.7637792\u002B00:00",
        "endTime": "2022-12-28T20:50:54\u002B00:00"
      }
    },
    {
      "RequestUri": "https://management.azure.com/subscriptions/00000000-0000-0000-0000-000000000/resourceGroups/00000/providers/Microsoft.MachineLearningServices/workspaces/00000/schedules/test_850417126231?api-version=2022-10-01-preview",
      "RequestMethod": "GET",
      "RequestHeaders": {
        "Accept": "*/*",
        "Accept-Encoding": "gzip, deflate",
        "Connection": "keep-alive",
        "User-Agent": "azure-ai-ml/1.3.0 azsdk-python-mgmt-machinelearningservices/0.1.0 Python/3.10.8 (Windows-10-10.0.22621-SP0)"
      },
      "RequestBody": null,
      "StatusCode": 200,
      "ResponseHeaders": {
        "Cache-Control": "no-cache",
        "Content-Encoding": "gzip",
        "Content-Type": "application/json; charset=utf-8",
        "Date": "Wed, 28 Dec 2022 20:50:57 GMT",
        "Expires": "-1",
        "Pragma": "no-cache",
        "Request-Context": "appId=cid-v1:2d2e8e63-272e-4b3c-8598-4ee570a0e70d",
        "Server-Timing": "traceparent;desc=\u002200-790accb1987ed4202a00c8cd08011eab-43975df7f3bdd8f4-00\u0022",
        "Strict-Transport-Security": "max-age=31536000; includeSubDomains",
        "Transfer-Encoding": "chunked",
        "Vary": [
          "Accept-Encoding",
          "Accept-Encoding"
        ],
        "x-aml-cluster": "vienna-westus-01",
        "X-Content-Type-Options": "nosniff",
        "x-ms-correlation-request-id": "34d5f8e7-3289-464d-be0d-57cca643d43e",
        "x-ms-ratelimit-remaining-subscription-reads": "11980",
        "x-ms-response-type": "standard",
        "x-ms-routing-request-id": "CANADACENTRAL:20221228T205058Z:34d5f8e7-3289-464d-be0d-57cca643d43e",
        "x-request-time": "0.021"
      },
      "ResponseBody": {
        "name": "test_850417126231",
        "properties": {
          "description": "a weekly retrain schedule",
          "tags": {},
          "properties": {},
          "displayName": "weekly retrain schedule",
          "isEnabled": true,
          "trigger": {
            "endTime": "2099-01-01 00:00:00",
            "startTime": "2022-03-10 10:15:00",
            "timeZone": "Pacific Standard Time",
            "triggerType": "Cron",
            "expression": "15 10 * * 1"
          },
          "action": {
            "actionType": "CreateJob",
            "jobDefinition": {
              "description": null,
              "tags": {},
              "properties": {},
              "displayName": "hello_pipeline_abc",
              "status": "NotStarted",
              "experimentName": "test_schedule_exp",
              "services": null,
              "computeId": "/subscriptions/00000000-0000-0000-0000-000000000/resourceGroups/00000/providers/Microsoft.MachineLearningServices/workspaces/00000/computes/cpu-cluster",
              "isArchived": false,
              "identity": {
                "identityType": "AMLToken"
              },
              "componentId": null,
              "jobType": "Pipeline",
              "settings": {
                "_source": "YAML.JOB"
              },
              "jobs": {
                "a": {
                  "name": "a",
                  "type": "command",
                  "inputs": {
                    "hello_string": {
                      "job_input_type": "literal",
                      "value": "${{parent.inputs.hello_string_top_level_input}}"
                    }
                  },
                  "_source": "REMOTE.WORKSPACE.COMPONENT",
                  "componentId": "/subscriptions/00000000-0000-0000-0000-000000000/resourceGroups/00000/providers/Microsoft.MachineLearningServices/workspaces/00000/components/azureml_anonymous/versions/2f4cc951-e5fc-4be4-9adc-6397c14c29b0"
                },
                "b": {
                  "name": "b",
                  "type": "command",
                  "_source": "REMOTE.WORKSPACE.COMPONENT",
                  "componentId": "/subscriptions/00000000-0000-0000-0000-000000000/resourceGroups/00000/providers/Microsoft.MachineLearningServices/workspaces/00000/components/azureml_anonymous/versions/399fb5e4-3221-4936-94bb-02c3f8e79ecc"
                },
                "c": {
                  "name": "c",
                  "type": "command",
                  "inputs": {
                    "world_input": {
                      "job_input_type": "literal",
                      "value": "${{parent.jobs.b.outputs.world_output}}"
                    }
                  },
                  "_source": "REMOTE.WORKSPACE.COMPONENT",
                  "componentId": "/subscriptions/00000000-0000-0000-0000-000000000/resourceGroups/00000/providers/Microsoft.MachineLearningServices/workspaces/00000/components/azureml_anonymous/versions/fe1a9da5-5545-4a35-94ed-bb210c5e58ac"
                }
              },
              "inputs": {
                "hello_string_top_level_input": {
                  "description": null,
                  "jobInputType": "literal",
                  "value": "${{name}}"
                }
              },
              "outputs": {},
              "sourceJobId": null
            }
          },
          "provisioningState": "Succeeded"
        },
        "systemData": {
          "createdAt": "2022-12-28T20:50:32.5561078\u002B00:00",
          "createdBy": "Njuguna Thande",
          "createdByType": "User",
          "lastModifiedAt": "2022-12-28T20:50:54.7786438\u002B00:00",
          "lastModifiedBy": "Njuguna Thande",
          "lastModifiedByType": "User"
        }
      }
    },
    {
      "RequestUri": "https://management.azure.com/subscriptions/00000000-0000-0000-0000-000000000/resourceGroups/00000/providers/Microsoft.MachineLearningServices/workspaces/00000/schedules/test_850417126231?api-version=2022-10-01-preview",
      "RequestMethod": "DELETE",
      "RequestHeaders": {
        "Accept": "application/json",
        "Accept-Encoding": "gzip, deflate",
        "Connection": "keep-alive",
        "Content-Length": "0",
        "User-Agent": "azure-ai-ml/1.3.0 azsdk-python-mgmt-machinelearningservices/0.1.0 Python/3.10.8 (Windows-10-10.0.22621-SP0)"
      },
      "RequestBody": null,
      "StatusCode": 202,
      "ResponseHeaders": {
        "Azure-AsyncOperation": "https://management.azure.com/subscriptions/00000000-0000-0000-0000-000000000/providers/Microsoft.MachineLearningServices/locations/westus/mfeOperationsStatus/s:55dbca7f-9e65-4feb-8c41-d63789be2717:jPsPkebI2GnghhWC67z0fF1Br7Jw68qCI8Z1YYfS3oc?api-version=2022-10-01-preview",
        "Cache-Control": "no-cache",
        "Content-Length": "4",
        "Content-Type": "application/json; charset=utf-8",
        "Date": "Wed, 28 Dec 2022 20:50:58 GMT",
        "Expires": "-1",
        "Location": "https://management.azure.com/subscriptions/00000000-0000-0000-0000-000000000/providers/Microsoft.MachineLearningServices/locations/westus/mfeOperationResults/s:55dbca7f-9e65-4feb-8c41-d63789be2717:jPsPkebI2GnghhWC67z0fF1Br7Jw68qCI8Z1YYfS3oc?api-version=2022-10-01-preview",
        "Pragma": "no-cache",
        "Request-Context": "appId=cid-v1:2d2e8e63-272e-4b3c-8598-4ee570a0e70d",
        "Strict-Transport-Security": "max-age=31536000; includeSubDomains",
        "x-aml-cluster": "vienna-westus-01",
        "X-Content-Type-Options": "nosniff",
        "x-ms-async-operation-timeout": "PT30M",
        "x-ms-correlation-request-id": "1aa75e00-8687-45c0-9972-224b4b83648c",
        "x-ms-ratelimit-remaining-subscription-deletes": "14999",
        "x-ms-response-type": "standard",
        "x-ms-routing-request-id": "CANADACENTRAL:20221228T205059Z:1aa75e00-8687-45c0-9972-224b4b83648c",
        "x-request-time": "0.316"
      },
      "ResponseBody": "null"
    },
    {
      "RequestUri": "https://management.azure.com/subscriptions/00000000-0000-0000-0000-000000000/providers/Microsoft.MachineLearningServices/locations/westus/mfeOperationsStatus/s:55dbca7f-9e65-4feb-8c41-d63789be2717:jPsPkebI2GnghhWC67z0fF1Br7Jw68qCI8Z1YYfS3oc?api-version=2022-10-01-preview",
      "RequestMethod": "GET",
      "RequestHeaders": {
        "Accept": "*/*",
        "Accept-Encoding": "gzip, deflate",
        "Connection": "keep-alive",
        "User-Agent": "azure-ai-ml/1.3.0 azsdk-python-mgmt-machinelearningservices/0.1.0 Python/3.10.8 (Windows-10-10.0.22621-SP0)"
      },
      "RequestBody": null,
      "StatusCode": 200,
      "ResponseHeaders": {
        "Cache-Control": "no-cache",
        "Content-Encoding": "gzip",
        "Content-Type": "application/json; charset=utf-8",
        "Date": "Wed, 28 Dec 2022 20:50:59 GMT",
        "Expires": "-1",
        "Pragma": "no-cache",
        "Request-Context": "appId=cid-v1:2d2e8e63-272e-4b3c-8598-4ee570a0e70d",
        "Server-Timing": "traceparent;desc=\u002200-fb30d50c17e816dc5a94947db074b4a1-b7139a8d4d58d952-00\u0022",
        "Strict-Transport-Security": "max-age=31536000; includeSubDomains",
        "Transfer-Encoding": "chunked",
        "Vary": [
          "Accept-Encoding",
          "Accept-Encoding"
        ],
        "x-aml-cluster": "vienna-westus-02",
        "X-Content-Type-Options": "nosniff",
        "x-ms-correlation-request-id": "4f70e019-93e3-480b-9d09-7f7a9f4292fe",
        "x-ms-ratelimit-remaining-subscription-reads": "11979",
        "x-ms-response-type": "standard",
        "x-ms-routing-request-id": "CANADACENTRAL:20221228T205100Z:4f70e019-93e3-480b-9d09-7f7a9f4292fe",
        "x-request-time": "0.015"
      },
      "ResponseBody": {
        "id": "/subscriptions/00000000-0000-0000-0000-000000000/providers/Microsoft.MachineLearningServices/locations/westus/mfeOperationResults/s:55dbca7f-9e65-4feb-8c41-d63789be2717:jPsPkebI2GnghhWC67z0fF1Br7Jw68qCI8Z1YYfS3oc",
        "name": "s:55dbca7f-9e65-4feb-8c41-d63789be2717:jPsPkebI2GnghhWC67z0fF1Br7Jw68qCI8Z1YYfS3oc",
        "status": "Deleting"
      }
    },
    {
      "RequestUri": "https://management.azure.com/subscriptions/00000000-0000-0000-0000-000000000/providers/Microsoft.MachineLearningServices/locations/westus/mfeOperationsStatus/s:55dbca7f-9e65-4feb-8c41-d63789be2717:jPsPkebI2GnghhWC67z0fF1Br7Jw68qCI8Z1YYfS3oc?api-version=2022-10-01-preview",
      "RequestMethod": "GET",
      "RequestHeaders": {
        "Accept": "*/*",
        "Accept-Encoding": "gzip, deflate",
        "Connection": "keep-alive",
        "User-Agent": "azure-ai-ml/1.3.0 azsdk-python-mgmt-machinelearningservices/0.1.0 Python/3.10.8 (Windows-10-10.0.22621-SP0)"
      },
      "RequestBody": null,
      "StatusCode": 200,
      "ResponseHeaders": {
        "Cache-Control": "no-cache",
        "Content-Encoding": "gzip",
        "Content-Type": "application/json; charset=utf-8",
        "Date": "Wed, 28 Dec 2022 20:51:04 GMT",
        "Expires": "-1",
        "Pragma": "no-cache",
        "Request-Context": "appId=cid-v1:2d2e8e63-272e-4b3c-8598-4ee570a0e70d",
        "Server-Timing": "traceparent;desc=\u002200-cea4d03e96592ba3b6d51f7c22d67faa-cc9fab4d333334c5-00\u0022",
        "Strict-Transport-Security": "max-age=31536000; includeSubDomains",
        "Transfer-Encoding": "chunked",
        "Vary": [
          "Accept-Encoding",
          "Accept-Encoding"
        ],
        "x-aml-cluster": "vienna-westus-02",
        "X-Content-Type-Options": "nosniff",
        "x-ms-correlation-request-id": "dc96a1ce-a452-4ba5-b77c-fb9b8e28105f",
        "x-ms-ratelimit-remaining-subscription-reads": "11978",
        "x-ms-response-type": "standard",
        "x-ms-routing-request-id": "CANADACENTRAL:20221228T205105Z:dc96a1ce-a452-4ba5-b77c-fb9b8e28105f",
        "x-request-time": "0.053"
      },
      "ResponseBody": {
        "error": {
          "code": "UserError",
          "message": "Cannot delete an active trigger test_850417126231",
          "details": [],
          "additionalInfo": []
        },
        "id": "/subscriptions/00000000-0000-0000-0000-000000000/providers/Microsoft.MachineLearningServices/locations/westus/mfeOperationResults/s:55dbca7f-9e65-4feb-8c41-d63789be2717:jPsPkebI2GnghhWC67z0fF1Br7Jw68qCI8Z1YYfS3oc",
        "name": "s:55dbca7f-9e65-4feb-8c41-d63789be2717:jPsPkebI2GnghhWC67z0fF1Br7Jw68qCI8Z1YYfS3oc",
        "status": "Failed"
      }
    },
    {
      "RequestUri": "https://management.azure.com/subscriptions/00000000-0000-0000-0000-000000000/resourceGroups/00000/providers/Microsoft.MachineLearningServices/workspaces/00000/schedules/test_850417126231?api-version=2022-10-01-preview",
      "RequestMethod": "GET",
      "RequestHeaders": {
        "Accept": "application/json",
        "Accept-Encoding": "gzip, deflate",
        "Connection": "keep-alive",
        "User-Agent": "azure-ai-ml/1.3.0 azsdk-python-mgmt-machinelearningservices/0.1.0 Python/3.10.8 (Windows-10-10.0.22621-SP0)"
      },
      "RequestBody": null,
      "StatusCode": 200,
      "ResponseHeaders": {
        "Cache-Control": "no-cache",
        "Content-Encoding": "gzip",
        "Content-Type": "application/json; charset=utf-8",
        "Date": "Wed, 28 Dec 2022 20:51:04 GMT",
        "Expires": "-1",
        "Pragma": "no-cache",
        "Request-Context": "appId=cid-v1:2d2e8e63-272e-4b3c-8598-4ee570a0e70d",
        "Server-Timing": "traceparent;desc=\u002200-5af3ba1010c79d5725663d0b8f06af76-3fed636047732e09-00\u0022",
        "Strict-Transport-Security": "max-age=31536000; includeSubDomains",
        "Transfer-Encoding": "chunked",
        "Vary": [
          "Accept-Encoding",
          "Accept-Encoding"
        ],
        "x-aml-cluster": "vienna-westus-01",
        "X-Content-Type-Options": "nosniff",
        "x-ms-correlation-request-id": "9ebbe2ff-8a83-46eb-a7a6-d20e6ccb7c37",
        "x-ms-ratelimit-remaining-subscription-reads": "11977",
        "x-ms-response-type": "standard",
        "x-ms-routing-request-id": "CANADACENTRAL:20221228T205105Z:9ebbe2ff-8a83-46eb-a7a6-d20e6ccb7c37",
        "x-request-time": "0.021"
      },
      "ResponseBody": {
        "name": "test_850417126231",
        "properties": {
          "description": "a weekly retrain schedule",
          "tags": {},
          "properties": {},
          "displayName": "weekly retrain schedule",
          "isEnabled": true,
          "trigger": {
            "endTime": "2099-01-01 00:00:00",
            "startTime": "2022-03-10 10:15:00",
            "timeZone": "Pacific Standard Time",
            "triggerType": "Cron",
            "expression": "15 10 * * 1"
          },
          "action": {
            "actionType": "CreateJob",
            "jobDefinition": {
              "description": null,
              "tags": {},
              "properties": {},
              "displayName": "hello_pipeline_abc",
              "status": "NotStarted",
              "experimentName": "test_schedule_exp",
              "services": null,
              "computeId": "/subscriptions/00000000-0000-0000-0000-000000000/resourceGroups/00000/providers/Microsoft.MachineLearningServices/workspaces/00000/computes/cpu-cluster",
              "isArchived": false,
              "identity": {
                "identityType": "AMLToken"
              },
              "componentId": null,
              "jobType": "Pipeline",
              "settings": {
                "_source": "YAML.JOB"
              },
              "jobs": {
                "a": {
                  "name": "a",
                  "type": "command",
                  "inputs": {
                    "hello_string": {
                      "job_input_type": "literal",
                      "value": "${{parent.inputs.hello_string_top_level_input}}"
                    }
                  },
                  "_source": "REMOTE.WORKSPACE.COMPONENT",
                  "componentId": "/subscriptions/00000000-0000-0000-0000-000000000/resourceGroups/00000/providers/Microsoft.MachineLearningServices/workspaces/00000/components/azureml_anonymous/versions/2f4cc951-e5fc-4be4-9adc-6397c14c29b0"
                },
                "b": {
                  "name": "b",
                  "type": "command",
                  "_source": "REMOTE.WORKSPACE.COMPONENT",
                  "componentId": "/subscriptions/00000000-0000-0000-0000-000000000/resourceGroups/00000/providers/Microsoft.MachineLearningServices/workspaces/00000/components/azureml_anonymous/versions/399fb5e4-3221-4936-94bb-02c3f8e79ecc"
                },
                "c": {
                  "name": "c",
                  "type": "command",
                  "inputs": {
                    "world_input": {
                      "job_input_type": "literal",
                      "value": "${{parent.jobs.b.outputs.world_output}}"
                    }
                  },
                  "_source": "REMOTE.WORKSPACE.COMPONENT",
                  "componentId": "/subscriptions/00000000-0000-0000-0000-000000000/resourceGroups/00000/providers/Microsoft.MachineLearningServices/workspaces/00000/components/azureml_anonymous/versions/fe1a9da5-5545-4a35-94ed-bb210c5e58ac"
                }
              },
              "inputs": {
                "hello_string_top_level_input": {
                  "description": null,
                  "jobInputType": "literal",
                  "value": "${{name}}"
                }
              },
              "outputs": {},
              "sourceJobId": null
            }
          },
          "provisioningState": "Succeeded"
        },
        "systemData": {
          "createdAt": "2022-12-28T20:50:32.5561078\u002B00:00",
          "createdBy": "Njuguna Thande",
          "createdByType": "User",
          "lastModifiedAt": "2022-12-28T20:50:54.7786438\u002B00:00",
          "lastModifiedBy": "Njuguna Thande",
          "lastModifiedByType": "User"
        }
      }
    },
    {
      "RequestUri": "https://management.azure.com/subscriptions/00000000-0000-0000-0000-000000000/resourceGroups/00000/providers/Microsoft.MachineLearningServices/workspaces/00000/schedules/test_850417126231?api-version=2022-10-01-preview",
      "RequestMethod": "PUT",
      "RequestHeaders": {
        "Accept": "application/json",
        "Accept-Encoding": "gzip, deflate",
        "Connection": "keep-alive",
        "Content-Length": "2040",
        "Content-Type": "application/json",
        "User-Agent": "azure-ai-ml/1.3.0 azsdk-python-mgmt-machinelearningservices/0.1.0 Python/3.10.8 (Windows-10-10.0.22621-SP0)"
      },
      "RequestBody": {
        "properties": {
          "description": "a weekly retrain schedule",
          "properties": {},
          "tags": {},
          "action": {
            "actionType": "CreateJob",
            "jobDefinition": {
              "properties": {},
              "tags": {},
              "computeId": "/subscriptions/00000000-0000-0000-0000-000000000/resourceGroups/00000/providers/Microsoft.MachineLearningServices/workspaces/00000/computes/cpu-cluster",
              "displayName": "hello_pipeline_abc",
              "experimentName": "test_schedule_exp",
              "identity": {
                "identityType": "AMLToken"
              },
              "isArchived": false,
              "jobType": "Pipeline",
              "inputs": {
                "hello_string_top_level_input": {
                  "jobInputType": "literal",
                  "value": "${{name}}"
                }
              },
              "jobs": {
                "a": {
                  "name": "a",
                  "type": "command",
                  "inputs": {
                    "hello_string": {
                      "job_input_type": "literal",
                      "value": "${{parent.inputs.hello_string_top_level_input}}"
                    }
                  },
                  "_source": "REMOTE.WORKSPACE.COMPONENT",
                  "componentId": "/subscriptions/00000000-0000-0000-0000-000000000/resourceGroups/00000/providers/Microsoft.MachineLearningServices/workspaces/00000/components/azureml_anonymous/versions/2f4cc951-e5fc-4be4-9adc-6397c14c29b0"
                },
                "b": {
                  "name": "b",
                  "type": "command",
                  "_source": "REMOTE.WORKSPACE.COMPONENT",
                  "componentId": "/subscriptions/00000000-0000-0000-0000-000000000/resourceGroups/00000/providers/Microsoft.MachineLearningServices/workspaces/00000/components/azureml_anonymous/versions/399fb5e4-3221-4936-94bb-02c3f8e79ecc"
                },
                "c": {
                  "name": "c",
                  "type": "command",
                  "inputs": {
                    "world_input": {
                      "job_input_type": "literal",
                      "value": "${{parent.jobs.b.outputs.world_output}}"
                    }
                  },
                  "_source": "REMOTE.WORKSPACE.COMPONENT",
                  "componentId": "/subscriptions/00000000-0000-0000-0000-000000000/resourceGroups/00000/providers/Microsoft.MachineLearningServices/workspaces/00000/components/azureml_anonymous/versions/fe1a9da5-5545-4a35-94ed-bb210c5e58ac"
                }
              },
              "outputs": {},
              "settings": {
                "_source": "YAML.JOB"
              }
            }
          },
          "displayName": "weekly retrain schedule",
          "isEnabled": false,
          "trigger": {
            "endTime": "2099-01-01 00:00:00",
            "startTime": "2022-03-10 10:15:00",
            "timeZone": "Pacific Standard Time",
            "triggerType": "Cron",
            "expression": "15 10 * * 1"
          }
        }
      },
      "StatusCode": 201,
      "ResponseHeaders": {
        "Azure-AsyncOperation": "https://management.azure.com/subscriptions/00000000-0000-0000-0000-000000000/providers/Microsoft.MachineLearningServices/locations/westus/mfeOperationsStatus/s:55dbca7f-9e65-4feb-8c41-d63789be2717:X9_b-XCnrLybuGOC7vASWAlINwkw6d1AHW0wdbSoo-o?api-version=2022-10-01-preview",
        "Cache-Control": "no-cache",
        "Content-Length": "2941",
        "Content-Type": "application/json; charset=utf-8",
        "Date": "Wed, 28 Dec 2022 20:51:05 GMT",
        "Expires": "-1",
        "Location": "https://management.azure.com/subscriptions/00000000-0000-0000-0000-000000000/resourceGroups/00000/providers/Microsoft.MachineLearningServices/workspaces/00000/schedules/test_850417126231?api-version=2022-10-01-preview",
        "Pragma": "no-cache",
        "Request-Context": "appId=cid-v1:2d2e8e63-272e-4b3c-8598-4ee570a0e70d",
        "Server-Timing": "traceparent;desc=\u002200-a1456c1d88112d32b7cfd9768de8a674-b1d3a339e6142851-00\u0022",
        "Strict-Transport-Security": "max-age=31536000; includeSubDomains",
        "x-aml-cluster": "vienna-westus-01",
        "X-Content-Type-Options": "nosniff",
        "x-ms-async-operation-timeout": "PT30M",
        "x-ms-correlation-request-id": "382da610-14c8-45e3-9441-b2319aec08ec",
        "x-ms-ratelimit-remaining-subscription-writes": "1189",
        "x-ms-response-type": "standard",
        "x-ms-routing-request-id": "CANADACENTRAL:20221228T205106Z:382da610-14c8-45e3-9441-b2319aec08ec",
        "x-request-time": "0.039"
      },
      "ResponseBody": {
        "properties": {
          "description": "a weekly retrain schedule",
          "tags": {},
          "properties": {},
          "displayName": "weekly retrain schedule",
          "isEnabled": false,
          "trigger": {
            "endTime": "2099-01-01 00:00:00",
            "startTime": "2022-03-10 10:15:00",
            "timeZone": "Pacific Standard Time",
            "triggerType": "Cron",
            "expression": "15 10 * * 1"
          },
          "action": {
            "actionType": "CreateJob",
            "jobDefinition": {
              "description": null,
              "tags": {},
              "properties": {},
              "displayName": "hello_pipeline_abc",
              "status": "NotStarted",
              "experimentName": "test_schedule_exp",
              "services": null,
              "computeId": "/subscriptions/00000000-0000-0000-0000-000000000/resourceGroups/00000/providers/Microsoft.MachineLearningServices/workspaces/00000/computes/cpu-cluster",
              "isArchived": false,
              "identity": {
                "identityType": "AMLToken"
              },
              "componentId": null,
              "jobType": "Pipeline",
              "settings": {
                "_source": "YAML.JOB"
              },
              "jobs": {
                "a": {
                  "name": "a",
                  "type": "command",
                  "inputs": {
                    "hello_string": {
                      "job_input_type": "literal",
                      "value": "${{parent.inputs.hello_string_top_level_input}}"
                    }
                  },
                  "_source": "REMOTE.WORKSPACE.COMPONENT",
                  "componentId": "/subscriptions/00000000-0000-0000-0000-000000000/resourceGroups/00000/providers/Microsoft.MachineLearningServices/workspaces/00000/components/azureml_anonymous/versions/2f4cc951-e5fc-4be4-9adc-6397c14c29b0"
                },
                "b": {
                  "name": "b",
                  "type": "command",
                  "_source": "REMOTE.WORKSPACE.COMPONENT",
                  "componentId": "/subscriptions/00000000-0000-0000-0000-000000000/resourceGroups/00000/providers/Microsoft.MachineLearningServices/workspaces/00000/components/azureml_anonymous/versions/399fb5e4-3221-4936-94bb-02c3f8e79ecc"
                },
                "c": {
                  "name": "c",
                  "type": "command",
                  "inputs": {
                    "world_input": {
                      "job_input_type": "literal",
                      "value": "${{parent.jobs.b.outputs.world_output}}"
                    }
                  },
                  "_source": "REMOTE.WORKSPACE.COMPONENT",
                  "componentId": "/subscriptions/00000000-0000-0000-0000-000000000/resourceGroups/00000/providers/Microsoft.MachineLearningServices/workspaces/00000/components/azureml_anonymous/versions/fe1a9da5-5545-4a35-94ed-bb210c5e58ac"
                }
              },
              "inputs": {
                "hello_string_top_level_input": {
                  "description": null,
                  "jobInputType": "literal",
                  "value": "${{name}}"
                }
              },
              "outputs": {},
              "sourceJobId": null
            }
          },
          "provisioningState": "Creating"
        }
      }
    },
    {
      "RequestUri": "https://management.azure.com/subscriptions/00000000-0000-0000-0000-000000000/providers/Microsoft.MachineLearningServices/locations/westus/mfeOperationsStatus/s:55dbca7f-9e65-4feb-8c41-d63789be2717:X9_b-XCnrLybuGOC7vASWAlINwkw6d1AHW0wdbSoo-o?api-version=2022-10-01-preview",
      "RequestMethod": "GET",
      "RequestHeaders": {
        "Accept": "*/*",
        "Accept-Encoding": "gzip, deflate",
        "Connection": "keep-alive",
        "User-Agent": "azure-ai-ml/1.3.0 azsdk-python-mgmt-machinelearningservices/0.1.0 Python/3.10.8 (Windows-10-10.0.22621-SP0)"
      },
      "RequestBody": null,
      "StatusCode": 200,
      "ResponseHeaders": {
        "Cache-Control": "no-cache",
        "Content-Encoding": "gzip",
        "Content-Type": "application/json; charset=utf-8",
        "Date": "Wed, 28 Dec 2022 20:51:05 GMT",
        "Expires": "-1",
        "Pragma": "no-cache",
        "Request-Context": "appId=cid-v1:2d2e8e63-272e-4b3c-8598-4ee570a0e70d",
        "Server-Timing": "traceparent;desc=\u002200-8cfbf9ab70f63eaac9a1fcfcc38c8c33-941dc955b49bdce6-00\u0022",
        "Strict-Transport-Security": "max-age=31536000; includeSubDomains",
        "Transfer-Encoding": "chunked",
        "Vary": [
          "Accept-Encoding",
          "Accept-Encoding"
        ],
        "x-aml-cluster": "vienna-westus-02",
        "X-Content-Type-Options": "nosniff",
        "x-ms-correlation-request-id": "99679841-ac32-42a9-ad08-0f8252d59613",
        "x-ms-ratelimit-remaining-subscription-reads": "11976",
        "x-ms-response-type": "standard",
        "x-ms-routing-request-id": "CANADACENTRAL:20221228T205106Z:99679841-ac32-42a9-ad08-0f8252d59613",
        "x-request-time": "0.014"
      },
      "ResponseBody": {
        "id": "/subscriptions/00000000-0000-0000-0000-000000000/providers/Microsoft.MachineLearningServices/locations/westus/mfeOperationResults/s:55dbca7f-9e65-4feb-8c41-d63789be2717:X9_b-XCnrLybuGOC7vASWAlINwkw6d1AHW0wdbSoo-o",
        "name": "s:55dbca7f-9e65-4feb-8c41-d63789be2717:X9_b-XCnrLybuGOC7vASWAlINwkw6d1AHW0wdbSoo-o",
        "status": "Creating"
      }
    },
    {
      "RequestUri": "https://management.azure.com/subscriptions/00000000-0000-0000-0000-000000000/providers/Microsoft.MachineLearningServices/locations/westus/mfeOperationsStatus/s:55dbca7f-9e65-4feb-8c41-d63789be2717:X9_b-XCnrLybuGOC7vASWAlINwkw6d1AHW0wdbSoo-o?api-version=2022-10-01-preview",
      "RequestMethod": "GET",
      "RequestHeaders": {
        "Accept": "*/*",
        "Accept-Encoding": "gzip, deflate",
        "Connection": "keep-alive",
        "User-Agent": "azure-ai-ml/1.3.0 azsdk-python-mgmt-machinelearningservices/0.1.0 Python/3.10.8 (Windows-10-10.0.22621-SP0)"
      },
      "RequestBody": null,
      "StatusCode": 200,
      "ResponseHeaders": {
        "Cache-Control": "no-cache",
        "Content-Encoding": "gzip",
        "Content-Type": "application/json; charset=utf-8",
        "Date": "Wed, 28 Dec 2022 20:51:11 GMT",
        "Expires": "-1",
        "Pragma": "no-cache",
        "Request-Context": "appId=cid-v1:2d2e8e63-272e-4b3c-8598-4ee570a0e70d",
        "Server-Timing": "traceparent;desc=\u002200-531133db36a29a8f33c6b0dde1c72d38-536e93974c890a57-00\u0022",
        "Strict-Transport-Security": "max-age=31536000; includeSubDomains",
        "Transfer-Encoding": "chunked",
        "Vary": [
          "Accept-Encoding",
          "Accept-Encoding"
        ],
        "x-aml-cluster": "vienna-westus-02",
        "X-Content-Type-Options": "nosniff",
        "x-ms-correlation-request-id": "c95f4b2a-b8aa-4706-b76a-7afbc92b359f",
        "x-ms-ratelimit-remaining-subscription-reads": "11975",
        "x-ms-response-type": "standard",
        "x-ms-routing-request-id": "CANADACENTRAL:20221228T205111Z:c95f4b2a-b8aa-4706-b76a-7afbc92b359f",
        "x-request-time": "0.015"
      },
      "ResponseBody": {
        "id": "/subscriptions/00000000-0000-0000-0000-000000000/providers/Microsoft.MachineLearningServices/locations/westus/mfeOperationResults/s:55dbca7f-9e65-4feb-8c41-d63789be2717:X9_b-XCnrLybuGOC7vASWAlINwkw6d1AHW0wdbSoo-o",
        "name": "s:55dbca7f-9e65-4feb-8c41-d63789be2717:X9_b-XCnrLybuGOC7vASWAlINwkw6d1AHW0wdbSoo-o",
        "status": "Succeeded",
        "startTime": "2022-12-28T20:51:06.2757894\u002B00:00",
        "endTime": "2022-12-28T20:51:07\u002B00:00"
      }
    },
    {
      "RequestUri": "https://management.azure.com/subscriptions/00000000-0000-0000-0000-000000000/resourceGroups/00000/providers/Microsoft.MachineLearningServices/workspaces/00000/schedules/test_850417126231?api-version=2022-10-01-preview",
      "RequestMethod": "GET",
      "RequestHeaders": {
        "Accept": "*/*",
        "Accept-Encoding": "gzip, deflate",
        "Connection": "keep-alive",
        "User-Agent": "azure-ai-ml/1.3.0 azsdk-python-mgmt-machinelearningservices/0.1.0 Python/3.10.8 (Windows-10-10.0.22621-SP0)"
      },
      "RequestBody": null,
      "StatusCode": 200,
      "ResponseHeaders": {
        "Cache-Control": "no-cache",
        "Content-Encoding": "gzip",
        "Content-Type": "application/json; charset=utf-8",
        "Date": "Wed, 28 Dec 2022 20:51:12 GMT",
        "Expires": "-1",
        "Pragma": "no-cache",
        "Request-Context": "appId=cid-v1:2d2e8e63-272e-4b3c-8598-4ee570a0e70d",
        "Server-Timing": "traceparent;desc=\u002200-b9514b97e3d5be65b276c7c8b1cf642f-7f6f1cb00af9e4bc-00\u0022",
        "Strict-Transport-Security": "max-age=31536000; includeSubDomains",
        "Transfer-Encoding": "chunked",
        "Vary": [
          "Accept-Encoding",
          "Accept-Encoding"
        ],
        "x-aml-cluster": "vienna-westus-01",
        "X-Content-Type-Options": "nosniff",
        "x-ms-correlation-request-id": "6f6c5350-ace7-4b06-8a58-5652257b7f78",
        "x-ms-ratelimit-remaining-subscription-reads": "11974",
        "x-ms-response-type": "standard",
        "x-ms-routing-request-id": "CANADACENTRAL:20221228T205112Z:6f6c5350-ace7-4b06-8a58-5652257b7f78",
        "x-request-time": "0.021"
      },
      "ResponseBody": {
        "name": "test_850417126231",
        "properties": {
          "description": "a weekly retrain schedule",
          "tags": {},
          "properties": {},
          "displayName": "weekly retrain schedule",
          "isEnabled": false,
          "trigger": {
            "endTime": "2099-01-01 00:00:00",
            "startTime": "2022-03-10 10:15:00",
            "timeZone": "Pacific Standard Time",
            "triggerType": "Cron",
            "expression": "15 10 * * 1"
          },
          "action": {
            "actionType": "CreateJob",
            "jobDefinition": {
              "description": null,
              "tags": {},
              "properties": {},
              "displayName": "hello_pipeline_abc",
              "status": "NotStarted",
              "experimentName": "test_schedule_exp",
              "services": null,
              "computeId": "/subscriptions/00000000-0000-0000-0000-000000000/resourceGroups/00000/providers/Microsoft.MachineLearningServices/workspaces/00000/computes/cpu-cluster",
              "isArchived": false,
              "identity": {
                "identityType": "AMLToken"
              },
              "componentId": null,
              "jobType": "Pipeline",
              "settings": {
                "_source": "YAML.JOB"
              },
              "jobs": {
                "a": {
                  "name": "a",
                  "type": "command",
                  "inputs": {
                    "hello_string": {
                      "job_input_type": "literal",
                      "value": "${{parent.inputs.hello_string_top_level_input}}"
                    }
                  },
                  "_source": "REMOTE.WORKSPACE.COMPONENT",
                  "componentId": "/subscriptions/00000000-0000-0000-0000-000000000/resourceGroups/00000/providers/Microsoft.MachineLearningServices/workspaces/00000/components/azureml_anonymous/versions/2f4cc951-e5fc-4be4-9adc-6397c14c29b0"
                },
                "b": {
                  "name": "b",
                  "type": "command",
                  "_source": "REMOTE.WORKSPACE.COMPONENT",
                  "componentId": "/subscriptions/00000000-0000-0000-0000-000000000/resourceGroups/00000/providers/Microsoft.MachineLearningServices/workspaces/00000/components/azureml_anonymous/versions/399fb5e4-3221-4936-94bb-02c3f8e79ecc"
                },
                "c": {
                  "name": "c",
                  "type": "command",
                  "inputs": {
                    "world_input": {
                      "job_input_type": "literal",
                      "value": "${{parent.jobs.b.outputs.world_output}}"
                    }
                  },
                  "_source": "REMOTE.WORKSPACE.COMPONENT",
                  "componentId": "/subscriptions/00000000-0000-0000-0000-000000000/resourceGroups/00000/providers/Microsoft.MachineLearningServices/workspaces/00000/components/azureml_anonymous/versions/fe1a9da5-5545-4a35-94ed-bb210c5e58ac"
                }
              },
              "inputs": {
                "hello_string_top_level_input": {
                  "description": null,
                  "jobInputType": "literal",
                  "value": "${{name}}"
                }
              },
              "outputs": {},
              "sourceJobId": null
            }
          },
          "provisioningState": "Succeeded"
        },
        "systemData": {
          "createdAt": "2022-12-28T20:50:32.5561078\u002B00:00",
          "createdBy": "Njuguna Thande",
          "createdByType": "User",
          "lastModifiedAt": "2022-12-28T20:51:07.7862115\u002B00:00",
          "lastModifiedBy": "Njuguna Thande",
          "lastModifiedByType": "User"
        }
      }
    },
    {
      "RequestUri": "https://management.azure.com/subscriptions/00000000-0000-0000-0000-000000000/resourceGroups/00000/providers/Microsoft.MachineLearningServices/workspaces/00000/schedules/test_850417126231?api-version=2022-10-01-preview",
      "RequestMethod": "DELETE",
      "RequestHeaders": {
        "Accept": "application/json",
        "Accept-Encoding": "gzip, deflate",
        "Connection": "keep-alive",
        "Content-Length": "0",
        "User-Agent": "azure-ai-ml/1.3.0 azsdk-python-mgmt-machinelearningservices/0.1.0 Python/3.10.8 (Windows-10-10.0.22621-SP0)"
      },
      "RequestBody": null,
      "StatusCode": 202,
      "ResponseHeaders": {
        "Azure-AsyncOperation": "https://management.azure.com/subscriptions/00000000-0000-0000-0000-000000000/providers/Microsoft.MachineLearningServices/locations/westus/mfeOperationsStatus/s:55dbca7f-9e65-4feb-8c41-d63789be2717:lRP_lF5Vh3V7b63MPCgIZVzgOWxom8UMemCGIECoo54?api-version=2022-10-01-preview",
        "Cache-Control": "no-cache",
        "Content-Length": "4",
        "Content-Type": "application/json; charset=utf-8",
        "Date": "Wed, 28 Dec 2022 20:51:12 GMT",
        "Expires": "-1",
        "Location": "https://management.azure.com/subscriptions/00000000-0000-0000-0000-000000000/providers/Microsoft.MachineLearningServices/locations/westus/mfeOperationResults/s:55dbca7f-9e65-4feb-8c41-d63789be2717:lRP_lF5Vh3V7b63MPCgIZVzgOWxom8UMemCGIECoo54?api-version=2022-10-01-preview",
        "Pragma": "no-cache",
        "Request-Context": "appId=cid-v1:2d2e8e63-272e-4b3c-8598-4ee570a0e70d",
        "Strict-Transport-Security": "max-age=31536000; includeSubDomains",
        "x-aml-cluster": "vienna-westus-01",
        "X-Content-Type-Options": "nosniff",
        "x-ms-async-operation-timeout": "PT30M",
        "x-ms-correlation-request-id": "8468bcfa-b848-47ef-9388-5de99329a112",
        "x-ms-ratelimit-remaining-subscription-deletes": "14998",
        "x-ms-response-type": "standard",
        "x-ms-routing-request-id": "CANADACENTRAL:20221228T205112Z:8468bcfa-b848-47ef-9388-5de99329a112",
        "x-request-time": "0.035"
      },
      "ResponseBody": "null"
    },
    {
      "RequestUri": "https://management.azure.com/subscriptions/00000000-0000-0000-0000-000000000/providers/Microsoft.MachineLearningServices/locations/westus/mfeOperationsStatus/s:55dbca7f-9e65-4feb-8c41-d63789be2717:lRP_lF5Vh3V7b63MPCgIZVzgOWxom8UMemCGIECoo54?api-version=2022-10-01-preview",
      "RequestMethod": "GET",
      "RequestHeaders": {
        "Accept": "*/*",
        "Accept-Encoding": "gzip, deflate",
        "Connection": "keep-alive",
        "User-Agent": "azure-ai-ml/1.3.0 azsdk-python-mgmt-machinelearningservices/0.1.0 Python/3.10.8 (Windows-10-10.0.22621-SP0)"
      },
      "RequestBody": null,
      "StatusCode": 200,
      "ResponseHeaders": {
        "Cache-Control": "no-cache",
        "Content-Encoding": "gzip",
        "Content-Type": "application/json; charset=utf-8",
        "Date": "Wed, 28 Dec 2022 20:51:13 GMT",
        "Expires": "-1",
        "Pragma": "no-cache",
        "Request-Context": "appId=cid-v1:2d2e8e63-272e-4b3c-8598-4ee570a0e70d",
        "Server-Timing": "traceparent;desc=\u002200-e8944897193500e0831dc66fb8561fd7-07a845bb6c1fb1ef-00\u0022",
        "Strict-Transport-Security": "max-age=31536000; includeSubDomains",
        "Transfer-Encoding": "chunked",
        "Vary": [
          "Accept-Encoding",
          "Accept-Encoding"
        ],
        "x-aml-cluster": "vienna-westus-02",
        "X-Content-Type-Options": "nosniff",
        "x-ms-correlation-request-id": "56071239-17be-4790-bbd6-07e4531bf3f2",
        "x-ms-ratelimit-remaining-subscription-reads": "11973",
        "x-ms-response-type": "standard",
        "x-ms-routing-request-id": "CANADACENTRAL:20221228T205113Z:56071239-17be-4790-bbd6-07e4531bf3f2",
        "x-request-time": "0.013"
      },
      "ResponseBody": {
        "id": "/subscriptions/00000000-0000-0000-0000-000000000/providers/Microsoft.MachineLearningServices/locations/westus/mfeOperationResults/s:55dbca7f-9e65-4feb-8c41-d63789be2717:lRP_lF5Vh3V7b63MPCgIZVzgOWxom8UMemCGIECoo54",
        "name": "s:55dbca7f-9e65-4feb-8c41-d63789be2717:lRP_lF5Vh3V7b63MPCgIZVzgOWxom8UMemCGIECoo54",
        "status": "Deleting"
      }
    },
    {
      "RequestUri": "https://management.azure.com/subscriptions/00000000-0000-0000-0000-000000000/providers/Microsoft.MachineLearningServices/locations/westus/mfeOperationsStatus/s:55dbca7f-9e65-4feb-8c41-d63789be2717:lRP_lF5Vh3V7b63MPCgIZVzgOWxom8UMemCGIECoo54?api-version=2022-10-01-preview",
      "RequestMethod": "GET",
      "RequestHeaders": {
        "Accept": "*/*",
        "Accept-Encoding": "gzip, deflate",
        "Connection": "keep-alive",
        "User-Agent": "azure-ai-ml/1.3.0 azsdk-python-mgmt-machinelearningservices/0.1.0 Python/3.10.8 (Windows-10-10.0.22621-SP0)"
      },
      "RequestBody": null,
      "StatusCode": 200,
      "ResponseHeaders": {
        "Cache-Control": "no-cache",
        "Content-Encoding": "gzip",
        "Content-Type": "application/json; charset=utf-8",
        "Date": "Wed, 28 Dec 2022 20:51:18 GMT",
        "Expires": "-1",
        "Pragma": "no-cache",
        "Request-Context": "appId=cid-v1:2d2e8e63-272e-4b3c-8598-4ee570a0e70d",
        "Server-Timing": "traceparent;desc=\u002200-9642833050c00d74c763bcd94bbfc3e9-f5f6ebd00c821cc1-00\u0022",
        "Strict-Transport-Security": "max-age=31536000; includeSubDomains",
        "Transfer-Encoding": "chunked",
        "Vary": [
          "Accept-Encoding",
          "Accept-Encoding"
        ],
        "x-aml-cluster": "vienna-westus-02",
        "X-Content-Type-Options": "nosniff",
        "x-ms-correlation-request-id": "14988767-3ac3-4740-95b6-3899615ff2dc",
        "x-ms-ratelimit-remaining-subscription-reads": "11972",
        "x-ms-response-type": "standard",
        "x-ms-routing-request-id": "CANADACENTRAL:20221228T205118Z:14988767-3ac3-4740-95b6-3899615ff2dc",
        "x-request-time": "0.014"
      },
      "ResponseBody": {
        "id": "/subscriptions/00000000-0000-0000-0000-000000000/providers/Microsoft.MachineLearningServices/locations/westus/mfeOperationResults/s:55dbca7f-9e65-4feb-8c41-d63789be2717:lRP_lF5Vh3V7b63MPCgIZVzgOWxom8UMemCGIECoo54",
        "name": "s:55dbca7f-9e65-4feb-8c41-d63789be2717:lRP_lF5Vh3V7b63MPCgIZVzgOWxom8UMemCGIECoo54",
        "status": "Succeeded",
        "startTime": "2022-12-28T20:51:12.84086\u002B00:00",
        "endTime": "2022-12-28T20:51:15\u002B00:00"
      }
    },
    {
      "RequestUri": "https://management.azure.com/subscriptions/00000000-0000-0000-0000-000000000/resourceGroups/00000/providers/Microsoft.MachineLearningServices/workspaces/00000/schedules/test_850417126231?api-version=2022-10-01-preview",
      "RequestMethod": "GET",
      "RequestHeaders": {
        "Accept": "application/json",
        "Accept-Encoding": "gzip, deflate",
        "Connection": "keep-alive",
        "User-Agent": "azure-ai-ml/1.3.0 azsdk-python-mgmt-machinelearningservices/0.1.0 Python/3.10.8 (Windows-10-10.0.22621-SP0)"
      },
      "RequestBody": null,
      "StatusCode": 404,
      "ResponseHeaders": {
        "Cache-Control": "no-cache",
        "Content-Length": "986",
        "Content-Type": "application/json; charset=utf-8",
        "Date": "Wed, 28 Dec 2022 20:51:18 GMT",
        "Expires": "-1",
        "Pragma": "no-cache",
        "Request-Context": "appId=cid-v1:2d2e8e63-272e-4b3c-8598-4ee570a0e70d",
        "Strict-Transport-Security": "max-age=31536000; includeSubDomains",
        "Vary": "Accept-Encoding",
        "x-aml-cluster": "vienna-westus-01",
        "X-Content-Type-Options": "nosniff",
        "x-ms-correlation-request-id": "cfba5410-1987-4873-b737-05b63660f5fb",
        "x-ms-ratelimit-remaining-subscription-reads": "11971",
        "x-ms-response-type": "error",
        "x-ms-routing-request-id": "CANADACENTRAL:20221228T205118Z:cfba5410-1987-4873-b737-05b63660f5fb",
        "x-request-time": "0.034"
      },
      "ResponseBody": {
        "error": {
          "code": "UserError",
          "message": "Resource Trigger test_850417126231 not found",
          "details": [],
          "additionalInfo": [
            {
              "type": "ComponentName",
              "info": {
                "value": "managementfrontend"
              }
            },
            {
              "type": "Correlation",
              "info": {
                "value": {
                  "operation": "bc9480272a61a18dc5bece2e1f25540f",
                  "request": "4ab73b39e068c048"
                }
              }
            },
            {
              "type": "Environment",
              "info": {
                "value": "westus"
              }
            },
            {
              "type": "Location",
              "info": {
                "value": "westus"
              }
            },
            {
              "type": "Time",
              "info": {
                "value": "2022-12-28T20:51:18.5492787\u002B00:00"
              }
            },
            {
              "type": "InnerError",
              "info": {
                "value": {
                  "code": "NotFound",
                  "innerError": null
                }
              }
            }
          ]
        }
      }
    }
  ],
  "Variables": {
    "name": "test_850417126231"
  }
}
