{
  "Entries": [
    {
      "RequestUri": "https://management.azure.com/subscriptions/00000000-0000-0000-0000-000000000/resourceGroups/00000/providers/Microsoft.MachineLearningServices/workspaces/00000/datastores/workspaceblobstore?api-version=2022-05-01",
      "RequestMethod": "GET",
      "RequestHeaders": {
        "Accept": "application/json",
        "Accept-Encoding": "gzip, deflate",
        "Connection": "keep-alive",
        "User-Agent": "azure-ai-ml/1.3.0 azsdk-python-mgmt-machinelearningservices/0.1.0 Python/3.10.8 (Windows-10-10.0.22621-SP0)"
      },
      "RequestBody": null,
      "StatusCode": 200,
      "ResponseHeaders": {
        "Cache-Control": "no-cache",
        "Content-Encoding": "gzip",
        "Content-Type": "application/json; charset=utf-8",
        "Date": "Thu, 22 Dec 2022 21:09:14 GMT",
        "Expires": "-1",
        "Pragma": "no-cache",
        "Request-Context": "appId=cid-v1:2d2e8e63-272e-4b3c-8598-4ee570a0e70d",
        "Server-Timing": "traceparent;desc=\u002200-0c71d9c4c23c8fd34ae88545963befc8-9bb58a2e20b39a6c-00\u0022",
        "Strict-Transport-Security": "max-age=31536000; includeSubDomains",
        "Transfer-Encoding": "chunked",
        "Vary": [
          "Accept-Encoding",
          "Accept-Encoding"
        ],
        "x-aml-cluster": "vienna-westus-02",
        "X-Content-Type-Options": "nosniff",
        "x-ms-correlation-request-id": "fc2bb3f3-799e-411f-8c3d-1ddc7a0abbb9",
        "x-ms-ratelimit-remaining-subscription-reads": "11979",
        "x-ms-response-type": "standard",
        "x-ms-routing-request-id": "EASTUS:20221222T210914Z:fc2bb3f3-799e-411f-8c3d-1ddc7a0abbb9",
        "x-request-time": "0.079"
      },
      "ResponseBody": {
        "id": "/subscriptions/00000000-0000-0000-0000-000000000/resourceGroups/00000/providers/Microsoft.MachineLearningServices/workspaces/00000/datastores/workspaceblobstore",
        "name": "workspaceblobstore",
        "type": "Microsoft.MachineLearningServices/workspaces/datastores",
        "properties": {
          "description": null,
          "tags": null,
          "properties": null,
          "isDefault": true,
          "credentials": {
            "credentialsType": "AccountKey"
          },
          "datastoreType": "AzureBlob",
          "accountName": "sauucsxpn24slls",
          "containerName": "azureml-blobstore-55dbca7f-9e65-4feb-8c41-d63789be2717",
          "endpoint": "core.windows.net",
          "protocol": "https",
          "serviceDataAccessAuthIdentity": "WorkspaceSystemAssignedIdentity"
        },
        "systemData": {
          "createdAt": "2022-12-13T16:14:50.1412936\u002B00:00",
          "createdBy": "779301c0-18b2-4cdc-801b-a0a3368fee0a",
          "createdByType": "Application",
          "lastModifiedAt": "2022-12-13T16:14:50.7943244\u002B00:00",
          "lastModifiedBy": "779301c0-18b2-4cdc-801b-a0a3368fee0a",
          "lastModifiedByType": "Application"
        }
      }
    },
    {
      "RequestUri": "https://management.azure.com/subscriptions/00000000-0000-0000-0000-000000000/resourceGroups/00000/providers/Microsoft.MachineLearningServices/workspaces/00000/datastores/workspaceblobstore/listSecrets?api-version=2022-05-01",
      "RequestMethod": "POST",
      "RequestHeaders": {
        "Accept": "application/json",
        "Accept-Encoding": "gzip, deflate",
        "Connection": "keep-alive",
        "Content-Length": "0",
        "User-Agent": "azure-ai-ml/1.3.0 azsdk-python-mgmt-machinelearningservices/0.1.0 Python/3.10.8 (Windows-10-10.0.22621-SP0)"
      },
      "RequestBody": null,
      "StatusCode": 200,
      "ResponseHeaders": {
        "Cache-Control": "no-cache",
        "Content-Encoding": "gzip",
        "Content-Type": "application/json; charset=utf-8",
        "Date": "Thu, 22 Dec 2022 21:09:15 GMT",
        "Expires": "-1",
        "Pragma": "no-cache",
        "Request-Context": "appId=cid-v1:2d2e8e63-272e-4b3c-8598-4ee570a0e70d",
        "Server-Timing": "traceparent;desc=\u002200-6e7716b31b90b421e8f7172d212dda6a-d63ab7f37853c6e4-00\u0022",
        "Strict-Transport-Security": "max-age=31536000; includeSubDomains",
        "Transfer-Encoding": "chunked",
        "Vary": "Accept-Encoding",
        "x-aml-cluster": "vienna-westus-02",
        "X-Content-Type-Options": "nosniff",
        "x-ms-correlation-request-id": "1a621998-1c48-42a2-952c-cb4afa257f10",
        "x-ms-ratelimit-remaining-subscription-writes": "1194",
        "x-ms-response-type": "standard",
        "x-ms-routing-request-id": "EASTUS:20221222T210915Z:1a621998-1c48-42a2-952c-cb4afa257f10",
        "x-request-time": "0.082"
      },
      "ResponseBody": {
        "secretsType": "AccountKey",
        "key": "dGhpcyBpcyBmYWtlIGtleQ=="
      }
    },
    {
      "RequestUri": "https://sauucsxpn24slls.blob.core.windows.net/azureml-blobstore-55dbca7f-9e65-4feb-8c41-d63789be2717/LocalUpload/00000000000000000000000000000000/data/sample1.csv",
      "RequestMethod": "HEAD",
      "RequestHeaders": {
        "Accept": "application/xml",
        "Accept-Encoding": "gzip, deflate",
        "Connection": "keep-alive",
        "User-Agent": "azsdk-python-storage-blob/12.9.0 Python/3.10.8 (Windows-10-10.0.22621-SP0)",
        "x-ms-date": "Thu, 22 Dec 2022 21:09:13 GMT",
        "x-ms-version": "2020-10-02"
      },
      "RequestBody": null,
      "StatusCode": 404,
      "ResponseHeaders": {
        "Date": "Thu, 22 Dec 2022 21:09:14 GMT",
        "Server": [
          "Windows-Azure-Blob/1.0",
          "Microsoft-HTTPAPI/2.0"
        ],
        "Transfer-Encoding": "chunked",
        "Vary": "Origin",
        "x-ms-error-code": "BlobNotFound",
        "x-ms-version": "2020-10-02"
      },
      "ResponseBody": null
    },
    {
      "RequestUri": "https://sauucsxpn24slls.blob.core.windows.net/azureml-blobstore-55dbca7f-9e65-4feb-8c41-d63789be2717/LocalUpload/00000000000000000000000000000000/data/sample1.csv",
      "RequestMethod": "PUT",
      "RequestHeaders": {
        "Accept": "application/xml",
        "Accept-Encoding": "gzip, deflate",
        "Connection": "keep-alive",
        "Content-Length": "508",
        "Content-MD5": "dUQjYq1qrTeqLOaZ4N2AUQ==",
        "Content-Type": "application/octet-stream",
        "If-None-Match": "*",
        "User-Agent": "azsdk-python-storage-blob/12.9.0 Python/3.10.8 (Windows-10-10.0.22621-SP0)",
        "x-ms-blob-type": "BlockBlob",
        "x-ms-date": "Thu, 22 Dec 2022 21:09:14 GMT",
        "x-ms-version": "2020-10-02"
      },
      "RequestBody": "Ik1vbnRoIiwgIkF2ZXJhZ2UiLCAiMjAwNSIsICIyMDA2IiwgIjIwMDciLCAiMjAwOCIsICIyMDA5IiwgIjIwMTAiLCAiMjAxMSIsICIyMDEyIiwgIjIwMTMiLCAiMjAxNCIsICIyMDE1Ig0KIk1heSIsICAwLjEsICAwLCAgMCwgMSwgMSwgMCwgMCwgMCwgMiwgMCwgIDAsICAwDQoiSnVuIiwgIDAuNSwgIDIsICAxLCAxLCAwLCAwLCAxLCAxLCAyLCAyLCAgMCwgIDENCiJKdWwiLCAgMC43LCAgNSwgIDEsIDEsIDIsIDAsIDEsIDMsIDAsIDIsICAyLCAgMQ0KIkF1ZyIsICAyLjMsICA2LCAgMywgMiwgNCwgNCwgNCwgNywgOCwgMiwgIDIsICAzDQoiU2VwIiwgIDMuNSwgIDYsICA0LCA3LCA0LCAyLCA4LCA1LCAyLCA1LCAgMiwgIDUNCiJPY3QiLCAgMi4wLCAgOCwgIDAsIDEsIDMsIDIsIDUsIDEsIDUsIDIsICAzLCAgMA0KIk5vdiIsICAwLjUsICAzLCAgMCwgMCwgMSwgMSwgMCwgMSwgMCwgMSwgIDAsICAxDQoiRGVjIiwgIDAuMCwgIDEsICAwLCAxLCAwLCAwLCAwLCAwLCAwLCAwLCAgMCwgIDENCg==",
      "StatusCode": 201,
      "ResponseHeaders": {
        "Content-Length": "0",
        "Content-MD5": "dUQjYq1qrTeqLOaZ4N2AUQ==",
        "Date": "Thu, 22 Dec 2022 21:09:14 GMT",
        "ETag": "\u00220x8DAE460C82B67AA\u0022",
        "Last-Modified": "Thu, 22 Dec 2022 21:09:15 GMT",
        "Server": [
          "Windows-Azure-Blob/1.0",
          "Microsoft-HTTPAPI/2.0"
        ],
        "x-ms-content-crc64": "LmKBlnkUM08=",
        "x-ms-request-server-encrypted": "true",
        "x-ms-version": "2020-10-02"
      },
      "ResponseBody": null
    },
    {
      "RequestUri": "https://sauucsxpn24slls.blob.core.windows.net/azureml-blobstore-55dbca7f-9e65-4feb-8c41-d63789be2717/LocalUpload/00000000000000000000000000000000/data/sample1.csv?comp=metadata",
      "RequestMethod": "PUT",
      "RequestHeaders": {
        "Accept": "application/xml",
        "Accept-Encoding": "gzip, deflate",
        "Connection": "keep-alive",
        "Content-Length": "0",
        "User-Agent": "azsdk-python-storage-blob/12.9.0 Python/3.10.8 (Windows-10-10.0.22621-SP0)",
        "x-ms-date": "Thu, 22 Dec 2022 21:09:14 GMT",
        "x-ms-meta-name": "66719365-f937-4711-8486-b75a532bdcda",
        "x-ms-meta-upload_status": "completed",
        "x-ms-meta-version": "6ddfbcad-eab0-42ed-b243-c9d57af45417",
        "x-ms-version": "2020-10-02"
      },
      "RequestBody": null,
      "StatusCode": 200,
      "ResponseHeaders": {
        "Content-Length": "0",
        "Date": "Thu, 22 Dec 2022 21:09:14 GMT",
        "ETag": "\u00220x8DAE460C838D336\u0022",
        "Last-Modified": "Thu, 22 Dec 2022 21:09:15 GMT",
        "Server": [
          "Windows-Azure-Blob/1.0",
          "Microsoft-HTTPAPI/2.0"
        ],
        "x-ms-request-server-encrypted": "true",
        "x-ms-version": "2020-10-02"
      },
      "ResponseBody": null
    },
    {
      "RequestUri": "https://management.azure.com/subscriptions/00000000-0000-0000-0000-000000000/resourceGroups/00000/providers/Microsoft.MachineLearningServices/workspaces/00000/schedules/test_469754385532?api-version=2022-10-01-preview",
      "RequestMethod": "PUT",
      "RequestHeaders": {
        "Accept": "application/json",
        "Accept-Encoding": "gzip, deflate",
        "Connection": "keep-alive",
        "Content-Length": "1005",
        "Content-Type": "application/json",
        "User-Agent": "azure-ai-ml/1.3.0 azsdk-python-mgmt-machinelearningservices/0.1.0 Python/3.10.8 (Windows-10-10.0.22621-SP0)"
      },
      "RequestBody": {
        "properties": {
          "description": "a weekly retrain schedule",
          "properties": {},
          "tags": {},
          "action": {
            "actionType": "CreateJob",
            "jobDefinition": {
              "properties": {
                "empty_property": null
              },
              "tags": {
                "empty_tag": null
              },
              "computeId": "/subscriptions/00000000-0000-0000-0000-000000000/resourceGroups/00000/providers/Microsoft.MachineLearningServices/workspaces/00000/computes/cpu-cluster",
              "displayName": "test_display_name",
              "experimentName": "mfe-test1",
              "identity": {
                "identityType": "AMLToken"
              },
              "isArchived": false,
              "jobType": "Command",
              "command": "pip freeze",
              "environmentId": "azureml:AzureML-sklearn-0.24-ubuntu18.04-py37-cpu:1",
              "environmentVariables": {},
              "inputs": {
                "hello_input": {
                  "uri": "azureml://datastores/workspaceblobstore/paths/LocalUpload/00000000000000000000000000000000/data/",
                  "jobInputType": "uri_folder"
                }
              },
              "outputs": {}
            }
          },
          "displayName": "weekly retrain schedule",
          "trigger": {
            "startTime": "2022-03-10 10:15:00",
            "timeZone": "UTC",
            "triggerType": "Cron",
            "expression": "15 10 * * 1"
          }
        }
      },
      "StatusCode": 201,
      "ResponseHeaders": {
        "Azure-AsyncOperation": "https://management.azure.com/subscriptions/00000000-0000-0000-0000-000000000/providers/Microsoft.MachineLearningServices/locations/westus/mfeOperationsStatus/s:55dbca7f-9e65-4feb-8c41-d63789be2717:lX0E9cx3OHpDObq1x33qMWTRjGsa82ACPTmkuGAFbHg?api-version=2022-10-01-preview",
        "Cache-Control": "no-cache",
        "Content-Length": "1906",
        "Content-Type": "application/json; charset=utf-8",
        "Date": "Thu, 22 Dec 2022 21:09:17 GMT",
        "Expires": "-1",
        "Location": "https://management.azure.com/subscriptions/00000000-0000-0000-0000-000000000/resourceGroups/00000/providers/Microsoft.MachineLearningServices/workspaces/00000/schedules/test_469754385532?api-version=2022-10-01-preview",
        "Pragma": "no-cache",
        "Request-Context": "appId=cid-v1:2d2e8e63-272e-4b3c-8598-4ee570a0e70d",
        "Server-Timing": "traceparent;desc=\u002200-f9709f88be7912fed7bbc72b8c516d44-f6275c48cd24b181-00\u0022",
        "Strict-Transport-Security": "max-age=31536000; includeSubDomains",
        "x-aml-cluster": "vienna-westus-02",
        "X-Content-Type-Options": "nosniff",
        "x-ms-async-operation-timeout": "PT30M",
        "x-ms-correlation-request-id": "bb917e77-2bdb-41e5-8b64-4a34541c2b95",
        "x-ms-ratelimit-remaining-subscription-writes": "1183",
        "x-ms-response-type": "standard",
        "x-ms-routing-request-id": "EASTUS:20221222T210917Z:bb917e77-2bdb-41e5-8b64-4a34541c2b95",
        "x-request-time": "0.071"
      },
      "ResponseBody": {
        "properties": {
          "description": "a weekly retrain schedule",
          "tags": {},
          "properties": {},
          "displayName": "weekly retrain schedule",
          "isEnabled": true,
          "trigger": {
            "endTime": null,
            "startTime": "2022-03-10 10:15:00",
            "timeZone": "UTC",
            "triggerType": "Cron",
            "expression": "15 10 * * 1"
          },
          "action": {
            "actionType": "CreateJob",
            "jobDefinition": {
              "description": null,
              "tags": {
                "empty_tag": null
              },
              "properties": {
                "empty_property": null
              },
              "displayName": "test_display_name",
              "status": "NotStarted",
              "experimentName": "mfe-test1",
              "services": null,
              "computeId": "/subscriptions/00000000-0000-0000-0000-000000000/resourceGroups/00000/providers/Microsoft.MachineLearningServices/workspaces/00000/computes/cpu-cluster",
              "isArchived": false,
              "identity": {
                "identityType": "AMLToken"
              },
              "componentId": null,
              "jobType": "Command",
              "resources": {
                "instanceCount": 1,
                "instanceType": null,
                "properties": null,
                "shmSize": "2g",
                "dockerArgs": null
              },
              "codeId": null,
              "command": "pip freeze",
              "environmentId": "azureml:AzureML-sklearn-0.24-ubuntu18.04-py37-cpu:1",
              "inputs": {
                "hello_input": {
                  "description": null,
                  "uri": "azureml://datastores/workspaceblobstore/paths/LocalUpload/00000000000000000000000000000000/data/",
                  "mode": "ReadOnlyMount",
                  "jobInputType": "uri_folder"
                }
              },
              "outputs": {},
              "distribution": null,
              "autologgerSettings": null,
              "limits": null,
              "environmentVariables": {},
              "parameters": null
            }
          },
          "provisioningState": "Creating"
        }
      }
    },
    {
      "RequestUri": "https://management.azure.com/subscriptions/00000000-0000-0000-0000-000000000/providers/Microsoft.MachineLearningServices/locations/westus/mfeOperationsStatus/s:55dbca7f-9e65-4feb-8c41-d63789be2717:lX0E9cx3OHpDObq1x33qMWTRjGsa82ACPTmkuGAFbHg?api-version=2022-10-01-preview",
      "RequestMethod": "GET",
      "RequestHeaders": {
        "Accept": "*/*",
        "Accept-Encoding": "gzip, deflate",
        "Connection": "keep-alive",
        "User-Agent": "azure-ai-ml/1.3.0 azsdk-python-mgmt-machinelearningservices/0.1.0 Python/3.10.8 (Windows-10-10.0.22621-SP0)"
      },
      "RequestBody": null,
      "StatusCode": 200,
      "ResponseHeaders": {
        "Cache-Control": "no-cache",
        "Content-Encoding": "gzip",
        "Content-Type": "application/json; charset=utf-8",
        "Date": "Thu, 22 Dec 2022 21:09:17 GMT",
        "Expires": "-1",
        "Pragma": "no-cache",
        "Request-Context": "appId=cid-v1:2d2e8e63-272e-4b3c-8598-4ee570a0e70d",
        "Server-Timing": "traceparent;desc=\u002200-ae05de6c2be94ea3a47f5c00a0159e4e-13799077903cc9e5-00\u0022",
        "Strict-Transport-Security": "max-age=31536000; includeSubDomains",
        "Transfer-Encoding": "chunked",
        "Vary": [
          "Accept-Encoding",
          "Accept-Encoding"
        ],
        "x-aml-cluster": "vienna-westus-02",
        "X-Content-Type-Options": "nosniff",
        "x-ms-correlation-request-id": "718d6693-bdf7-4071-9d85-f92929ea4085",
        "x-ms-ratelimit-remaining-subscription-reads": "11978",
        "x-ms-response-type": "standard",
        "x-ms-routing-request-id": "EASTUS:20221222T210917Z:718d6693-bdf7-4071-9d85-f92929ea4085",
        "x-request-time": "0.015"
      },
      "ResponseBody": {
        "id": "/subscriptions/00000000-0000-0000-0000-000000000/providers/Microsoft.MachineLearningServices/locations/westus/mfeOperationResults/s:55dbca7f-9e65-4feb-8c41-d63789be2717:lX0E9cx3OHpDObq1x33qMWTRjGsa82ACPTmkuGAFbHg",
        "name": "s:55dbca7f-9e65-4feb-8c41-d63789be2717:lX0E9cx3OHpDObq1x33qMWTRjGsa82ACPTmkuGAFbHg",
        "status": "Creating"
      }
    },
    {
      "RequestUri": "https://management.azure.com/subscriptions/00000000-0000-0000-0000-000000000/providers/Microsoft.MachineLearningServices/locations/westus/mfeOperationsStatus/s:55dbca7f-9e65-4feb-8c41-d63789be2717:oX41SC7EXNAsvtzOY4R3QRJGmd7FW2VGUFWSUccIv6A?api-version=2022-10-01-preview",
      "RequestMethod": "GET",
      "RequestHeaders": {
        "Accept": "*/*",
        "Accept-Encoding": "gzip, deflate",
        "Connection": "keep-alive",
        "User-Agent": "azure-ai-ml/1.3.0 azsdk-python-mgmt-machinelearningservices/0.1.0 Python/3.10.8 (Windows-10-10.0.22621-SP0)"
      },
      "RequestBody": null,
      "StatusCode": 200,
      "ResponseHeaders": {
        "Cache-Control": "no-cache",
        "Content-Encoding": "gzip",
        "Content-Type": "application/json; charset=utf-8",
        "Date": "Thu, 22 Dec 2022 21:09:17 GMT",
        "Expires": "-1",
        "Pragma": "no-cache",
        "Request-Context": "appId=cid-v1:2d2e8e63-272e-4b3c-8598-4ee570a0e70d",
        "Server-Timing": "traceparent;desc=\u002200-2435fb57a406d55740a0fb5e047262f3-38426ca4b48565ca-00\u0022",
        "Strict-Transport-Security": "max-age=31536000; includeSubDomains",
        "Transfer-Encoding": "chunked",
        "Vary": [
          "Accept-Encoding",
          "Accept-Encoding"
        ],
        "x-aml-cluster": "vienna-westus-02",
        "X-Content-Type-Options": "nosniff",
        "x-ms-correlation-request-id": "74fbc50e-90ca-4f20-899c-fdb4041ec7cf",
        "x-ms-ratelimit-remaining-subscription-reads": "11977",
        "x-ms-response-type": "standard",
        "x-ms-routing-request-id": "EASTUS:20221222T210917Z:74fbc50e-90ca-4f20-899c-fdb4041ec7cf",
        "x-request-time": "0.016"
      },
      "ResponseBody": {
        "id": "/subscriptions/00000000-0000-0000-0000-000000000/providers/Microsoft.MachineLearningServices/locations/westus/mfeOperationResults/s:55dbca7f-9e65-4feb-8c41-d63789be2717:oX41SC7EXNAsvtzOY4R3QRJGmd7FW2VGUFWSUccIv6A",
        "name": "s:55dbca7f-9e65-4feb-8c41-d63789be2717:oX41SC7EXNAsvtzOY4R3QRJGmd7FW2VGUFWSUccIv6A",
        "status": "Succeeded",
        "startTime": "2022-12-22T21:09:12.2589357\u002B00:00",
        "endTime": "2022-12-22T21:09:13\u002B00:00"
      }
    },
    {
      "RequestUri": "https://management.azure.com/subscriptions/00000000-0000-0000-0000-000000000/resourceGroups/00000/providers/Microsoft.MachineLearningServices/workspaces/00000/schedules/test_624832691383?api-version=2022-10-01-preview",
      "RequestMethod": "GET",
      "RequestHeaders": {
        "Accept": "*/*",
        "Accept-Encoding": "gzip, deflate",
        "Connection": "keep-alive",
        "User-Agent": "azure-ai-ml/1.3.0 azsdk-python-mgmt-machinelearningservices/0.1.0 Python/3.10.8 (Windows-10-10.0.22621-SP0)"
      },
      "RequestBody": null,
      "StatusCode": 200,
      "ResponseHeaders": {
        "Cache-Control": "no-cache",
        "Content-Encoding": "gzip",
        "Content-Type": "application/json; charset=utf-8",
        "Date": "Thu, 22 Dec 2022 21:09:17 GMT",
        "Expires": "-1",
        "Pragma": "no-cache",
        "Request-Context": "appId=cid-v1:2d2e8e63-272e-4b3c-8598-4ee570a0e70d",
        "Server-Timing": "traceparent;desc=\u002200-dc482be3c150cb05b6d55580d75ca18d-82909d341de14210-00\u0022",
        "Strict-Transport-Security": "max-age=31536000; includeSubDomains",
        "Transfer-Encoding": "chunked",
        "Vary": [
          "Accept-Encoding",
          "Accept-Encoding"
        ],
        "x-aml-cluster": "vienna-westus-02",
        "X-Content-Type-Options": "nosniff",
        "x-ms-correlation-request-id": "c5615022-00ac-4b34-bf2f-e557647e0014",
        "x-ms-ratelimit-remaining-subscription-reads": "11976",
        "x-ms-response-type": "standard",
        "x-ms-routing-request-id": "EASTUS:20221222T210917Z:c5615022-00ac-4b34-bf2f-e557647e0014",
        "x-request-time": "0.030"
      },
      "ResponseBody": {
        "name": "test_624832691383",
        "properties": {
          "description": "a weekly retrain schedule",
          "tags": {},
          "properties": {},
          "displayName": "weekly retrain schedule",
          "isEnabled": false,
          "trigger": {
            "endTime": null,
            "startTime": "2022-05-10 10:15:00",
            "timeZone": "Pacific Standard Time",
            "triggerType": "Recurrence",
            "frequency": "Week",
            "interval": 1,
            "schedule": {
              "hours": [
                10
              ],
              "minutes": [
                15
              ],
              "weekDays": [
                "Monday"
              ],
              "monthDays": null
            }
          },
          "action": {
            "actionType": "CreateJob",
            "jobDefinition": {
              "description": "The hello world pipeline job with inline components",
              "tags": {
                "tag": "tagvalue",
                "owner": "sdkteam"
              },
              "properties": {},
              "displayName": null,
              "status": "NotStarted",
              "experimentName": "Default",
              "services": null,
              "computeId": "/subscriptions/00000000-0000-0000-0000-000000000/resourceGroups/00000/providers/Microsoft.MachineLearningServices/workspaces/00000/computes/cpu-cluster",
              "isArchived": false,
              "identity": {
                "identityType": "AMLToken"
              },
              "componentId": null,
              "jobType": "Pipeline",
              "settings": {
                "default_compute": "/subscriptions/00000000-0000-0000-0000-000000000/resourceGroups/00000/providers/Microsoft.MachineLearningServices/workspaces/00000/computes/cpu-cluster-1",
                "default_datastore": "/subscriptions/00000000-0000-0000-0000-000000000/resourceGroups/00000/providers/Microsoft.MachineLearningServices/workspaces/00000/datastores/workspacefilestore",
                "continue_on_step_failure": true,
                "_source": "YAML.JOB"
              },
              "jobs": {
                "hello_world_component_inline_1": {
                  "name": "hello_world_component_inline_1",
                  "type": "command",
                  "inputs": {
                    "component_in_number": {
                      "job_input_type": "literal",
                      "value": "${{parent.inputs.job_in_number}}"
                    }
                  },
                  "_source": "REMOTE.WORKSPACE.COMPONENT",
                  "componentId": "/subscriptions/00000000-0000-0000-0000-000000000/resourceGroups/00000/providers/Microsoft.MachineLearningServices/workspaces/00000/components/azureml_anonymous/versions/07a4bc6b-1a2c-484e-b86c-e60875657884"
                },
                "hello_world_component_inline_2": {
                  "name": "hello_world_component_inline_2",
                  "type": "command",
                  "inputs": {
                    "component_in_number": {
                      "job_input_type": "literal",
                      "value": "${{parent.inputs.job_in_number}}"
                    }
                  },
                  "_source": "REMOTE.WORKSPACE.COMPONENT",
                  "componentId": "/subscriptions/00000000-0000-0000-0000-000000000/resourceGroups/00000/providers/Microsoft.MachineLearningServices/workspaces/00000/components/azureml_anonymous/versions/5c24a5c9-a897-4e83-92f1-8a0e53fdc66c"
                },
                "hello_world_component_inline_3": {
                  "name": "hello_world_component_inline_3",
                  "type": "command",
                  "inputs": {
                    "component_in_number": {
                      "job_input_type": "literal",
                      "value": "${{parent.inputs.job_in_number}}"
                    }
                  },
                  "_source": "REMOTE.WORKSPACE.COMPONENT",
                  "componentId": "/subscriptions/00000000-0000-0000-0000-000000000/resourceGroups/00000/providers/Microsoft.MachineLearningServices/workspaces/00000/components/azureml_anonymous/versions/ec0c5d6d-9b9b-4418-90f9-735059046133"
                }
              },
              "inputs": {
                "job_in_number": {
                  "description": null,
                  "jobInputType": "literal",
                  "value": "1"
                },
                "job_in_other_number": {
                  "description": null,
                  "jobInputType": "literal",
                  "value": "2"
                }
              },
              "outputs": {},
              "sourceJobId": null
            }
          },
          "provisioningState": "Succeeded"
        },
        "systemData": {
          "createdAt": "2022-12-22T21:09:07.9841714\u002B00:00",
          "createdBy": "Njuguna Thande",
          "createdByType": "User",
          "lastModifiedAt": "2022-12-22T21:09:13.9009601\u002B00:00",
          "lastModifiedBy": "Njuguna Thande",
          "lastModifiedByType": "User"
        }
      }
    },
    {
      "RequestUri": "https://management.azure.com/subscriptions/00000000-0000-0000-0000-000000000/providers/Microsoft.MachineLearningServices/locations/westus/mfeOperationsStatus/s:55dbca7f-9e65-4feb-8c41-d63789be2717:lX0E9cx3OHpDObq1x33qMWTRjGsa82ACPTmkuGAFbHg?api-version=2022-10-01-preview",
      "RequestMethod": "GET",
      "RequestHeaders": {
        "Accept": "*/*",
        "Accept-Encoding": "gzip, deflate",
        "Connection": "keep-alive",
        "User-Agent": "azure-ai-ml/1.3.0 azsdk-python-mgmt-machinelearningservices/0.1.0 Python/3.10.8 (Windows-10-10.0.22621-SP0)"
      },
      "RequestBody": null,
      "StatusCode": 200,
      "ResponseHeaders": {
        "Cache-Control": "no-cache",
        "Content-Encoding": "gzip",
        "Content-Type": "application/json; charset=utf-8",
        "Date": "Thu, 22 Dec 2022 21:09:22 GMT",
        "Expires": "-1",
        "Pragma": "no-cache",
        "Request-Context": "appId=cid-v1:2d2e8e63-272e-4b3c-8598-4ee570a0e70d",
        "Server-Timing": "traceparent;desc=\u002200-3cac195ef1eb7e16a56e565316837fe4-71f3e40114626d3f-00\u0022",
        "Strict-Transport-Security": "max-age=31536000; includeSubDomains",
        "Transfer-Encoding": "chunked",
        "Vary": [
          "Accept-Encoding",
          "Accept-Encoding"
        ],
        "x-aml-cluster": "vienna-westus-02",
        "X-Content-Type-Options": "nosniff",
        "x-ms-correlation-request-id": "6efacb03-94b9-4991-8b70-7ba7b03a3ad9",
        "x-ms-ratelimit-remaining-subscription-reads": "11975",
        "x-ms-response-type": "standard",
        "x-ms-routing-request-id": "EASTUS:20221222T210922Z:6efacb03-94b9-4991-8b70-7ba7b03a3ad9",
        "x-request-time": "0.013"
      },
      "ResponseBody": {
        "id": "/subscriptions/00000000-0000-0000-0000-000000000/providers/Microsoft.MachineLearningServices/locations/westus/mfeOperationResults/s:55dbca7f-9e65-4feb-8c41-d63789be2717:lX0E9cx3OHpDObq1x33qMWTRjGsa82ACPTmkuGAFbHg",
        "name": "s:55dbca7f-9e65-4feb-8c41-d63789be2717:lX0E9cx3OHpDObq1x33qMWTRjGsa82ACPTmkuGAFbHg",
        "status": "Succeeded",
        "startTime": "2022-12-22T21:09:17.0610283\u002B00:00",
        "endTime": "2022-12-22T21:09:20\u002B00:00"
      }
    },
    {
      "RequestUri": "https://management.azure.com/subscriptions/00000000-0000-0000-0000-000000000/resourceGroups/00000/providers/Microsoft.MachineLearningServices/workspaces/00000/schedules/test_469754385532?api-version=2022-10-01-preview",
      "RequestMethod": "GET",
      "RequestHeaders": {
        "Accept": "*/*",
        "Accept-Encoding": "gzip, deflate",
        "Connection": "keep-alive",
        "User-Agent": "azure-ai-ml/1.3.0 azsdk-python-mgmt-machinelearningservices/0.1.0 Python/3.10.8 (Windows-10-10.0.22621-SP0)"
      },
      "RequestBody": null,
      "StatusCode": 200,
      "ResponseHeaders": {
        "Cache-Control": "no-cache",
        "Content-Encoding": "gzip",
        "Content-Type": "application/json; charset=utf-8",
        "Date": "Thu, 22 Dec 2022 21:09:22 GMT",
        "Expires": "-1",
        "Pragma": "no-cache",
        "Request-Context": "appId=cid-v1:2d2e8e63-272e-4b3c-8598-4ee570a0e70d",
        "Server-Timing": "traceparent;desc=\u002200-4fffdc8be9526130e3b0c8e9ef92bdd1-c37dbf823ffed5d4-00\u0022",
        "Strict-Transport-Security": "max-age=31536000; includeSubDomains",
        "Transfer-Encoding": "chunked",
        "Vary": [
          "Accept-Encoding",
          "Accept-Encoding"
        ],
        "x-aml-cluster": "vienna-westus-02",
        "X-Content-Type-Options": "nosniff",
        "x-ms-correlation-request-id": "104e15ac-c525-45fa-b878-da6148d8b2eb",
        "x-ms-ratelimit-remaining-subscription-reads": "11974",
        "x-ms-response-type": "standard",
        "x-ms-routing-request-id": "EASTUS:20221222T210922Z:104e15ac-c525-45fa-b878-da6148d8b2eb",
        "x-request-time": "0.028"
      },
      "ResponseBody": {
        "name": "test_469754385532",
        "properties": {
          "description": "a weekly retrain schedule",
          "tags": {},
          "properties": {},
          "displayName": "weekly retrain schedule",
          "isEnabled": true,
          "trigger": {
            "endTime": null,
            "startTime": "2022-03-10 10:15:00",
            "timeZone": "UTC",
            "triggerType": "Cron",
            "expression": "15 10 * * 1"
          },
          "action": {
            "actionType": "CreateJob",
            "jobDefinition": {
              "description": null,
              "tags": {
                "empty_tag": null
              },
              "properties": {
                "empty_property": null
              },
              "displayName": "test_display_name",
              "status": "NotStarted",
              "experimentName": "mfe-test1",
              "services": {},
              "computeId": "/subscriptions/00000000-0000-0000-0000-000000000/resourceGroups/00000/providers/Microsoft.MachineLearningServices/workspaces/00000/computes/cpu-cluster",
              "isArchived": false,
              "identity": {
                "identityType": "AMLToken"
              },
              "componentId": null,
              "jobType": "Command",
              "resources": {
                "instanceCount": 1,
                "instanceType": null,
                "properties": null,
                "shmSize": "2g",
                "dockerArgs": null
              },
              "codeId": null,
              "command": "pip freeze",
              "environmentId": "azureml:AzureML-sklearn-0.24-ubuntu18.04-py37-cpu:1",
              "inputs": {
                "hello_input": {
                  "description": null,
                  "uri": "azureml://datastores/workspaceblobstore/paths/LocalUpload/00000000000000000000000000000000/data/",
                  "mode": "ReadOnlyMount",
                  "jobInputType": "uri_folder"
                }
              },
              "outputs": {},
              "distribution": null,
              "autologgerSettings": null,
              "limits": null,
              "environmentVariables": {},
              "parameters": null
            }
          },
          "provisioningState": "Succeeded"
        },
        "systemData": {
          "createdAt": "2022-12-22T21:09:20.1847622\u002B00:00",
          "createdBy": "Njuguna Thande",
          "createdByType": "User",
          "lastModifiedAt": "2022-12-22T21:09:20.1847622\u002B00:00",
          "lastModifiedBy": "Njuguna Thande",
          "lastModifiedByType": "User"
        }
      }
    },
    {
      "RequestUri": "https://management.azure.com/subscriptions/00000000-0000-0000-0000-000000000/resourceGroups/00000/providers/Microsoft.MachineLearningServices/workspaces/00000/schedules/test_469754385532?api-version=2022-10-01-preview",
      "RequestMethod": "GET",
      "RequestHeaders": {
        "Accept": "application/json",
        "Accept-Encoding": "gzip, deflate",
        "Connection": "keep-alive",
        "User-Agent": "azure-ai-ml/1.3.0 azsdk-python-mgmt-machinelearningservices/0.1.0 Python/3.10.8 (Windows-10-10.0.22621-SP0)"
      },
      "RequestBody": null,
      "StatusCode": 200,
      "ResponseHeaders": {
        "Cache-Control": "no-cache",
        "Content-Encoding": "gzip",
        "Content-Type": "application/json; charset=utf-8",
        "Date": "Thu, 22 Dec 2022 21:09:22 GMT",
        "Expires": "-1",
        "Pragma": "no-cache",
        "Request-Context": "appId=cid-v1:2d2e8e63-272e-4b3c-8598-4ee570a0e70d",
        "Server-Timing": "traceparent;desc=\u002200-326c59d78589f98b44150d5417302e34-bfb7f98b9d189a68-00\u0022",
        "Strict-Transport-Security": "max-age=31536000; includeSubDomains",
        "Transfer-Encoding": "chunked",
        "Vary": [
          "Accept-Encoding",
          "Accept-Encoding"
        ],
        "x-aml-cluster": "vienna-westus-02",
        "X-Content-Type-Options": "nosniff",
        "x-ms-correlation-request-id": "74ee3127-e2d7-4832-9152-18b49effd4ae",
        "x-ms-ratelimit-remaining-subscription-reads": "11973",
        "x-ms-response-type": "standard",
        "x-ms-routing-request-id": "EASTUS:20221222T210922Z:74ee3127-e2d7-4832-9152-18b49effd4ae",
        "x-request-time": "0.029"
      },
      "ResponseBody": {
        "name": "test_469754385532",
        "properties": {
          "description": "a weekly retrain schedule",
          "tags": {},
          "properties": {},
          "displayName": "weekly retrain schedule",
          "isEnabled": true,
          "trigger": {
            "endTime": null,
            "startTime": "2022-03-10 10:15:00",
            "timeZone": "UTC",
            "triggerType": "Cron",
            "expression": "15 10 * * 1"
          },
          "action": {
            "actionType": "CreateJob",
            "jobDefinition": {
              "description": null,
              "tags": {
                "empty_tag": null
              },
              "properties": {
                "empty_property": null
              },
              "displayName": "test_display_name",
              "status": "NotStarted",
              "experimentName": "mfe-test1",
              "services": {},
              "computeId": "/subscriptions/00000000-0000-0000-0000-000000000/resourceGroups/00000/providers/Microsoft.MachineLearningServices/workspaces/00000/computes/cpu-cluster",
              "isArchived": false,
              "identity": {
                "identityType": "AMLToken"
              },
              "componentId": null,
              "jobType": "Command",
              "resources": {
                "instanceCount": 1,
                "instanceType": null,
                "properties": null,
                "shmSize": "2g",
                "dockerArgs": null
              },
              "codeId": null,
              "command": "pip freeze",
              "environmentId": "azureml:AzureML-sklearn-0.24-ubuntu18.04-py37-cpu:1",
              "inputs": {
                "hello_input": {
                  "description": null,
                  "uri": "azureml://datastores/workspaceblobstore/paths/LocalUpload/00000000000000000000000000000000/data/",
                  "mode": "ReadOnlyMount",
                  "jobInputType": "uri_folder"
                }
              },
              "outputs": {},
              "distribution": null,
              "autologgerSettings": null,
              "limits": null,
              "environmentVariables": {},
              "parameters": null
            }
          },
          "provisioningState": "Succeeded"
        },
        "systemData": {
          "createdAt": "2022-12-22T21:09:20.1847622\u002B00:00",
          "createdBy": "Njuguna Thande",
          "createdByType": "User",
          "lastModifiedAt": "2022-12-22T21:09:20.1847622\u002B00:00",
          "lastModifiedBy": "Njuguna Thande",
          "lastModifiedByType": "User"
        }
      }
    },
    {
      "RequestUri": "https://management.azure.com/subscriptions/00000000-0000-0000-0000-000000000/resourceGroups/00000/providers/Microsoft.MachineLearningServices/workspaces/00000/schedules/test_469754385532?api-version=2022-10-01-preview",
      "RequestMethod": "PUT",
      "RequestHeaders": {
        "Accept": "application/json",
        "Accept-Encoding": "gzip, deflate",
        "Connection": "keep-alive",
        "Content-Length": "1281",
        "Content-Type": "application/json",
        "User-Agent": "azure-ai-ml/1.3.0 azsdk-python-mgmt-machinelearningservices/0.1.0 Python/3.10.8 (Windows-10-10.0.22621-SP0)"
      },
      "RequestBody": {
        "properties": {
          "description": "a weekly retrain schedule",
          "properties": {},
          "tags": {},
          "action": {
            "actionType": "CreateJob",
            "jobDefinition": {
              "properties": {
                "empty_property": null
              },
              "tags": {
                "empty_tag": null
              },
              "computeId": "/subscriptions/00000000-0000-0000-0000-000000000/resourceGroups/00000/providers/Microsoft.MachineLearningServices/workspaces/00000/computes/cpu-cluster",
              "displayName": "test_display_name",
              "experimentName": "mfe-test1",
              "identity": {
                "identityType": "AMLToken"
              },
              "isArchived": false,
              "jobType": "Command",
              "services": {},
              "command": "pip freeze",
              "environmentId": "/subscriptions/00000000-0000-0000-0000-000000000/resourceGroups/00000/providers/Microsoft.MachineLearningServices/workspaces/00000/environments/AzureML-sklearn-0.24-ubuntu18.04-py37-cpu/versions/1",
              "environmentVariables": {},
              "inputs": {
                "hello_input": {
                  "mode": "ReadOnlyMount",
                  "uri": "azureml://datastores/workspaceblobstore/paths/LocalUpload/00000000000000000000000000000000/data/",
                  "jobInputType": "uri_folder"
                }
              },
              "outputs": {},
              "resources": {
                "instanceCount": 1,
                "properties": {},
                "shmSize": "2g"
              }
            }
          },
          "displayName": "weekly retrain schedule",
          "isEnabled": false,
          "trigger": {
            "startTime": "2022-03-10 10:15:00",
            "timeZone": "UTC",
            "triggerType": "Cron",
            "expression": "15 10 * * 1"
          }
        }
      },
      "StatusCode": 201,
      "ResponseHeaders": {
        "Azure-AsyncOperation": "https://management.azure.com/subscriptions/00000000-0000-0000-0000-000000000/providers/Microsoft.MachineLearningServices/locations/westus/mfeOperationsStatus/s:55dbca7f-9e65-4feb-8c41-d63789be2717:5FZi4SNK-L4pn3Q70N9H4f_K0RA1U3dcN56Bia7lXYM?api-version=2022-10-01-preview",
        "Cache-Control": "no-cache",
        "Content-Length": "2048",
        "Content-Type": "application/json; charset=utf-8",
        "Date": "Thu, 22 Dec 2022 21:09:23 GMT",
        "Expires": "-1",
        "Location": "https://management.azure.com/subscriptions/00000000-0000-0000-0000-000000000/resourceGroups/00000/providers/Microsoft.MachineLearningServices/workspaces/00000/schedules/test_469754385532?api-version=2022-10-01-preview",
        "Pragma": "no-cache",
        "Request-Context": "appId=cid-v1:2d2e8e63-272e-4b3c-8598-4ee570a0e70d",
        "Server-Timing": "traceparent;desc=\u002200-34863a7b6aeb73e6f0b6b6f5ed7d59ba-ca4d29b0c9d1620d-00\u0022",
        "Strict-Transport-Security": "max-age=31536000; includeSubDomains",
        "x-aml-cluster": "vienna-westus-02",
        "X-Content-Type-Options": "nosniff",
        "x-ms-async-operation-timeout": "PT30M",
        "x-ms-correlation-request-id": "0f5bed53-35d3-44aa-a8ee-80109c5f5ea4",
        "x-ms-ratelimit-remaining-subscription-writes": "1182",
        "x-ms-response-type": "standard",
        "x-ms-routing-request-id": "EASTUS:20221222T210923Z:0f5bed53-35d3-44aa-a8ee-80109c5f5ea4",
        "x-request-time": "0.050"
      },
      "ResponseBody": {
        "properties": {
          "description": "a weekly retrain schedule",
          "tags": {},
          "properties": {},
          "displayName": "weekly retrain schedule",
          "isEnabled": false,
          "trigger": {
            "endTime": null,
            "startTime": "2022-03-10 10:15:00",
            "timeZone": "UTC",
            "triggerType": "Cron",
            "expression": "15 10 * * 1"
          },
          "action": {
            "actionType": "CreateJob",
            "jobDefinition": {
              "description": null,
              "tags": {
                "empty_tag": null
              },
              "properties": {
                "empty_property": null
              },
              "displayName": "test_display_name",
              "status": "NotStarted",
              "experimentName": "mfe-test1",
              "services": {},
              "computeId": "/subscriptions/00000000-0000-0000-0000-000000000/resourceGroups/00000/providers/Microsoft.MachineLearningServices/workspaces/00000/computes/cpu-cluster",
              "isArchived": false,
              "identity": {
                "identityType": "AMLToken"
              },
              "componentId": null,
              "jobType": "Command",
              "resources": {
                "instanceCount": 1,
                "instanceType": null,
                "properties": {},
                "shmSize": "2g",
                "dockerArgs": null
              },
              "codeId": null,
              "command": "pip freeze",
              "environmentId": "/subscriptions/00000000-0000-0000-0000-000000000/resourceGroups/00000/providers/Microsoft.MachineLearningServices/workspaces/00000/environments/AzureML-sklearn-0.24-ubuntu18.04-py37-cpu/versions/1",
              "inputs": {
                "hello_input": {
                  "description": null,
                  "uri": "azureml://datastores/workspaceblobstore/paths/LocalUpload/00000000000000000000000000000000/data/",
                  "mode": "ReadOnlyMount",
                  "jobInputType": "uri_folder"
                }
              },
              "outputs": {},
              "distribution": null,
              "autologgerSettings": null,
              "limits": null,
              "environmentVariables": {},
              "parameters": null
            }
          },
          "provisioningState": "Creating"
        }
      }
    },
    {
      "RequestUri": "https://management.azure.com/subscriptions/b17253fa-f327-42d6-9686-f3e553e24763/providers/Microsoft.MachineLearningServices/locations/westus/mfeOperationsStatus/s:55dbca7f-9e65-4feb-8c41-d63789be2717:5FZi4SNK-L4pn3Q70N9H4f_K0RA1U3dcN56Bia7lXYM?api-version=2022-10-01-preview",
      "RequestMethod": "GET",
      "RequestHeaders": {
        "Accept": "*/*",
        "Accept-Encoding": "gzip, deflate",
        "Authorization": "Bearer eyJ0eXAiOiJKV1QiLCJhbGciOiJSUzI1NiIsIng1dCI6Ii1LSTNROW5OUjdiUm9meG1lWm9YcWJIWkdldyIsImtpZCI6Ii1LSTNROW5OUjdiUm9meG1lWm9YcWJIWkdldyJ9.eyJhdWQiOiJodHRwczovL21hbmFnZW1lbnQuYXp1cmUuY29tIiwiaXNzIjoiaHR0cHM6Ly9zdHMud2luZG93cy5uZXQvNzJmOTg4YmYtODZmMS00MWFmLTkxYWItMmQ3Y2QwMTFkYjQ3LyIsImlhdCI6MTY3MTc0MDU4MywibmJmIjoxNjcxNzQwNTgzLCJleHAiOjE2NzE3NDUyNzksIl9jbGFpbV9uYW1lcyI6eyJncm91cHMiOiJzcmMxIn0sIl9jbGFpbV9zb3VyY2VzIjp7InNyYzEiOnsiZW5kcG9pbnQiOiJodHRwczovL2dyYXBoLndpbmRvd3MubmV0LzcyZjk4OGJmLTg2ZjEtNDFhZi05MWFiLTJkN2NkMDExZGI0Ny91c2Vycy9mMDE3ODJkMC02NzhjLTQ1NzQtYjAxYy03ZTE0OTNlMzZhMzIvZ2V0TWVtYmVyT2JqZWN0cyJ9fSwiYWNyIjoiMSIsImFpbyI6IkFWUUFxLzhUQUFBQXcwTjhtaW1HNnU1NlI2cjNRckRSSGdIUFJvcGlLM2RzVnU4d2JwTHRYLzk3WEhpT0ppNmdaRXBpWUJ3c0UyMTBDVFNxeHNnamhRZFJVMVQ0cDZjb0RJMG1rL2lnN3g5NEhRMFEvNnlUMy8wPSIsImFtciI6WyJyc2EiLCJtZmEiXSwiYXBwaWQiOiIwNGIwNzc5NS04ZGRiLTQ2MWEtYmJlZS0wMmY5ZTFiZjdiNDYiLCJhcHBpZGFjciI6IjAiLCJkZXZpY2VpZCI6IjU5MjlhNGNmLWQ1MzYtNGMzZS04MTA4LTUxYWJhN2VmYTY2NiIsImZhbWlseV9uYW1lIjoiVGhhbmRlIiwiZ2l2ZW5fbmFtZSI6Ik5qdWd1bmEiLCJpcGFkZHIiOiI3MS4xMjcuNDguMjMiLCJuYW1lIjoiTmp1Z3VuYSBUaGFuZGUiLCJvaWQiOiJmMDE3ODJkMC02NzhjLTQ1NzQtYjAxYy03ZTE0OTNlMzZhMzIiLCJvbnByZW1fc2lkIjoiUy0xLTUtMjEtMTI0NTI1MDk1LTcwODI1OTYzNy0xNTQzMTE5MDIxLTIwNjY2MTEiLCJwdWlkIjoiMTAwMzIwMDE3Q0I3RDA2RCIsInJoIjoiMC5BUm9BdjRqNWN2R0dyMEdScXkxODBCSGJSMFpJZjNrQXV0ZFB1a1Bhd2ZqMk1CTWFBT28uIiwic2NwIjoidXNlcl9pbXBlcnNvbmF0aW9uIiwic3ViIjoiMDktNUhvY3RlVC1pRHZsbVFvcGJpbzBMVHJuc3k0amxUSzZLZlFoYlpCWSIsInRpZCI6IjcyZjk4OGJmLTg2ZjEtNDFhZi05MWFiLTJkN2NkMDExZGI0NyIsInVuaXF1ZV9uYW1lIjoibnRoYW5kZUBtaWNyb3NvZnQuY29tIiwidXBuIjoibnRoYW5kZUBtaWNyb3NvZnQuY29tIiwidXRpIjoiQUNwRzU1NXhHMFdlRjk2V0tRNWdBZyIsInZlciI6IjEuMCIsIndpZHMiOlsiYjc5ZmJmNGQtM2VmOS00Njg5LTgxNDMtNzZiMTk0ZTg1NTA5Il0sInhtc190Y2R0IjoxMjg5MjQxNTQ3fQ.Lu-lm3wN-J9LU4Qc4cZRK1K9J4HwNIw6rW9gVPuB-qnEFal88WdjyITbfBUx16imC-rMQEoFUjQZDs0MU7pfQAnIU3oQmDZhFxApzCG6M2fK4IzIL-JN2GLQukrDRpsmSKJMdvlSIMlz4T8S5x-9d0iHxFZFOaiQpi_QV98K2vx8pCMy15ldk2JDMeokKyHuzkpBi9cF7cXyLLBMimsXhLIwGv2icxoaI2lhhyuut7V5ZDGWDGYglc7_FrF0NC8W1tE44w8hjCgK4arctlm2rQoH6dO8oECq64ro6lMO4ox3XSM9br0NgyYopn8HbFKpIJVMaV_Ir628_IIT-xRl5g",
        "Connection": "keep-alive",
        "User-Agent": "azure-ai-ml/1.3.0 azsdk-python-mgmt-machinelearningservices/0.1.0 Python/3.10.8 (Windows-10-10.0.22621-SP0)",
        "x-ms-client-request-id": "e7dfea38-823c-11ed-af96-4851c588a562"
      },
      "RequestBody": null,
      "StatusCode": 200,
      "ResponseHeaders": {
        "Cache-Control": "no-cache",
        "Content-Encoding": "gzip",
        "Content-Type": "application/json; charset=utf-8",
        "Date": "Thu, 22 Dec 2022 21:09:23 GMT",
        "Expires": "-1",
        "Pragma": "no-cache",
        "Request-Context": "appId=cid-v1:2d2e8e63-272e-4b3c-8598-4ee570a0e70d",
        "Server-Timing": "traceparent;desc=\u002200-5c80f1a1853d28770750c79b50e63c65-d549a757f476fc3a-00\u0022",
        "Strict-Transport-Security": "max-age=31536000; includeSubDomains",
        "Transfer-Encoding": "chunked",
        "Vary": [
          "Accept-Encoding",
          "Accept-Encoding"
        ],
        "x-aml-cluster": "vienna-westus-02",
        "X-Content-Type-Options": "nosniff",
        "x-ms-correlation-request-id": "17b5470c-e0e1-4c72-923e-be4b280fd407",
        "x-ms-ratelimit-remaining-subscription-reads": "11972",
        "x-ms-request-id": "17b5470c-e0e1-4c72-923e-be4b280fd407",
        "x-ms-response-type": "standard",
        "x-ms-routing-request-id": "EASTUS:20221222T210923Z:17b5470c-e0e1-4c72-923e-be4b280fd407",
        "x-request-time": "0.014"
      },
      "ResponseBody": {
        "id": "/subscriptions/b17253fa-f327-42d6-9686-f3e553e24763/providers/Microsoft.MachineLearningServices/locations/westus/mfeOperationResults/s:55dbca7f-9e65-4feb-8c41-d63789be2717:5FZi4SNK-L4pn3Q70N9H4f_K0RA1U3dcN56Bia7lXYM",
        "name": "s:55dbca7f-9e65-4feb-8c41-d63789be2717:5FZi4SNK-L4pn3Q70N9H4f_K0RA1U3dcN56Bia7lXYM",
        "status": "Creating"
      }
    }
  ],
  "Variables": {
    "name": "test_469754385532"
  }
}
