{
  "Entries": [
    {
      "RequestUri": "https://management.azure.com/subscriptions/00000000-0000-0000-0000-000000000/resourceGroups/00000/providers/Microsoft.MachineLearningServices/workspaces/00000/datastores/workspaceblobstore?api-version=2022-10-01",
      "RequestMethod": "GET",
      "RequestHeaders": {
        "Accept": "application/json",
        "Accept-Encoding": "gzip, deflate",
        "Connection": "keep-alive",
        "User-Agent": "azure-ai-ml/1.4.0 azsdk-python-mgmt-machinelearningservices/0.1.0 Python/3.9.13 (Windows-10-10.0.19045-SP0)"
      },
      "RequestBody": null,
      "StatusCode": 200,
      "ResponseHeaders": {
        "Cache-Control": "no-cache",
        "Content-Encoding": "gzip",
        "Content-Type": "application/json; charset=utf-8",
        "Date": "Wed, 18 Jan 2023 01:30:57 GMT",
        "Expires": "-1",
        "Pragma": "no-cache",
        "Request-Context": "appId=cid-v1:512cc15a-13b5-415b-bfd0-dce7accb6bb1",
        "Server-Timing": "traceparent;desc=\u002200-9279b1b653cd99628634e6a5b7d467ba-30f514dda9d29f8e-01\u0022",
        "Strict-Transport-Security": "max-age=31536000; includeSubDomains",
        "Transfer-Encoding": "chunked",
        "Vary": [
          "Accept-Encoding",
          "Accept-Encoding"
        ],
        "x-aml-cluster": "vienna-test-westus2-02",
        "X-Content-Type-Options": "nosniff",
        "x-ms-correlation-request-id": "4d77f01b-f533-43a7-af3e-fa6af3eb0c05",
        "x-ms-ratelimit-remaining-subscription-reads": "11930",
        "x-ms-response-type": "standard",
        "x-ms-routing-request-id": "SOUTHEASTASIA:20230118T013057Z:4d77f01b-f533-43a7-af3e-fa6af3eb0c05",
        "x-request-time": "0.090"
      },
      "ResponseBody": {
        "id": "/subscriptions/00000000-0000-0000-0000-000000000/resourceGroups/00000/providers/Microsoft.MachineLearningServices/workspaces/00000/datastores/workspaceblobstore",
        "name": "workspaceblobstore",
        "type": "Microsoft.MachineLearningServices/workspaces/datastores",
        "properties": {
          "description": null,
          "tags": null,
          "properties": null,
          "isDefault": true,
          "credentials": {
            "credentialsType": "AccountKey"
          },
          "datastoreType": "AzureBlob",
          "accountName": "sagvgsoim6nmhbq",
          "containerName": "azureml-blobstore-e61cd5e2-512f-475e-9842-5e2a973993b8",
          "endpoint": "core.windows.net",
          "protocol": "https",
          "serviceDataAccessAuthIdentity": "WorkspaceSystemAssignedIdentity"
        },
        "systemData": {
          "createdAt": "2022-09-22T09:02:03.2629568\u002B00:00",
          "createdBy": "779301c0-18b2-4cdc-801b-a0a3368fee0a",
          "createdByType": "Application",
          "lastModifiedAt": "2022-09-22T09:02:04.166989\u002B00:00",
          "lastModifiedBy": "779301c0-18b2-4cdc-801b-a0a3368fee0a",
          "lastModifiedByType": "Application"
        }
      }
    },
    {
      "RequestUri": "https://management.azure.com/subscriptions/00000000-0000-0000-0000-000000000/resourceGroups/00000/providers/Microsoft.MachineLearningServices/workspaces/00000/datastores/workspaceblobstore/listSecrets?api-version=2022-10-01",
      "RequestMethod": "POST",
      "RequestHeaders": {
        "Accept": "application/json",
        "Accept-Encoding": "gzip, deflate",
        "Connection": "keep-alive",
        "Content-Length": "0",
        "User-Agent": "azure-ai-ml/1.4.0 azsdk-python-mgmt-machinelearningservices/0.1.0 Python/3.9.13 (Windows-10-10.0.19045-SP0)"
      },
      "RequestBody": null,
      "StatusCode": 200,
      "ResponseHeaders": {
        "Cache-Control": "no-cache",
        "Content-Encoding": "gzip",
        "Content-Type": "application/json; charset=utf-8",
        "Date": "Wed, 18 Jan 2023 01:30:58 GMT",
        "Expires": "-1",
        "Pragma": "no-cache",
        "Request-Context": "appId=cid-v1:512cc15a-13b5-415b-bfd0-dce7accb6bb1",
        "Server-Timing": "traceparent;desc=\u002200-bb979fb286712d882f7bbcfe32ebb1a1-9ceac7df4b23978c-01\u0022",
        "Strict-Transport-Security": "max-age=31536000; includeSubDomains",
        "Transfer-Encoding": "chunked",
        "Vary": "Accept-Encoding",
        "x-aml-cluster": "vienna-test-westus2-02",
        "X-Content-Type-Options": "nosniff",
        "x-ms-correlation-request-id": "b93e76dc-996f-40b3-a349-9ac4d4953148",
        "x-ms-ratelimit-remaining-subscription-writes": "1185",
        "x-ms-response-type": "standard",
        "x-ms-routing-request-id": "SOUTHEASTASIA:20230118T013058Z:b93e76dc-996f-40b3-a349-9ac4d4953148",
        "x-request-time": "0.090"
      },
      "ResponseBody": {
        "secretsType": "AccountKey",
        "key": "dGhpcyBpcyBmYWtlIGtleQ=="
      }
    },
    {
      "RequestUri": "https://sagvgsoim6nmhbq.blob.core.windows.net/azureml-blobstore-e61cd5e2-512f-475e-9842-5e2a973993b8/LocalUpload/00000000000000000000000000000000/COMPONENT_PLACEHOLDER",
      "RequestMethod": "HEAD",
      "RequestHeaders": {
        "Accept": "application/xml",
        "Accept-Encoding": "gzip, deflate",
        "Connection": "keep-alive",
        "User-Agent": "azsdk-python-storage-blob/12.14.1 Python/3.9.13 (Windows-10-10.0.19045-SP0)",
        "x-ms-date": "Wed, 18 Jan 2023 01:30:58 GMT",
        "x-ms-version": "2021-08-06"
      },
      "RequestBody": null,
      "StatusCode": 200,
      "ResponseHeaders": {
        "Accept-Ranges": "bytes",
        "Content-Length": "35",
        "Content-MD5": "L/DnSpFIn\u002BjaQWc\u002BsUQdcw==",
        "Content-Type": "application/octet-stream",
        "Date": "Wed, 18 Jan 2023 01:30:57 GMT",
        "ETag": "\u00220x8DA9D48E17467D7\u0022",
        "Last-Modified": "Fri, 23 Sep 2022 09:49:17 GMT",
        "Server": [
          "Windows-Azure-Blob/1.0",
          "Microsoft-HTTPAPI/2.0"
        ],
        "Vary": "Origin",
        "x-ms-access-tier": "Hot",
        "x-ms-access-tier-inferred": "true",
        "x-ms-blob-type": "BlockBlob",
        "x-ms-creation-time": "Fri, 23 Sep 2022 09:49:16 GMT",
        "x-ms-lease-state": "available",
        "x-ms-lease-status": "unlocked",
        "x-ms-meta-name": "9c9cfba9-82bd-45db-ad06-07009d1d9672",
        "x-ms-meta-upload_status": "completed",
        "x-ms-meta-version": "1",
        "x-ms-server-encrypted": "true",
        "x-ms-version": "2021-08-06"
      },
      "ResponseBody": null
    },
    {
      "RequestUri": "https://sagvgsoim6nmhbq.blob.core.windows.net/azureml-blobstore-e61cd5e2-512f-475e-9842-5e2a973993b8/az-ml-artifacts/00000000000000000000000000000000/COMPONENT_PLACEHOLDER",
      "RequestMethod": "HEAD",
      "RequestHeaders": {
        "Accept": "application/xml",
        "Accept-Encoding": "gzip, deflate",
        "Connection": "keep-alive",
        "User-Agent": "azsdk-python-storage-blob/12.14.1 Python/3.9.13 (Windows-10-10.0.19045-SP0)",
        "x-ms-date": "Wed, 18 Jan 2023 01:30:58 GMT",
        "x-ms-version": "2021-08-06"
      },
      "RequestBody": null,
      "StatusCode": 404,
      "ResponseHeaders": {
        "Date": "Wed, 18 Jan 2023 01:30:57 GMT",
        "Server": [
          "Windows-Azure-Blob/1.0",
          "Microsoft-HTTPAPI/2.0"
        ],
        "Transfer-Encoding": "chunked",
        "Vary": "Origin",
        "x-ms-error-code": "BlobNotFound",
        "x-ms-version": "2021-08-06"
      },
      "ResponseBody": null
    },
    {
      "RequestUri": "https://management.azure.com/subscriptions/00000000-0000-0000-0000-000000000/providers/Microsoft.MachineLearningServices/locations/centraluseuap/mfeOperationsStatus/s:e61cd5e2-512f-475e-9842-5e2a973993b8:6bIK2GI5x1IB-xBNShbOVcEZ7a3LJZ-XX0H7sAlpvdc?api-version=2022-10-01-preview",
      "RequestMethod": "GET",
      "RequestHeaders": {
        "Accept": "*/*",
        "Accept-Encoding": "gzip, deflate",
        "Connection": "keep-alive",
        "User-Agent": "azure-ai-ml/1.4.0 azsdk-python-mgmt-machinelearningservices/0.1.0 Python/3.9.13 (Windows-10-10.0.19045-SP0)"
      },
      "RequestBody": null,
      "StatusCode": 200,
      "ResponseHeaders": {
        "Cache-Control": "no-cache",
        "Content-Encoding": "gzip",
        "Content-Type": "application/json; charset=utf-8",
        "Date": "Wed, 18 Jan 2023 01:31:00 GMT",
        "Expires": "-1",
        "Pragma": "no-cache",
        "Request-Context": "appId=cid-v1:512cc15a-13b5-415b-bfd0-dce7accb6bb1",
        "Server-Timing": "traceparent;desc=\u002200-efda6018a5e8dbffbc07a71351602f05-3232f1d655d44df0-01\u0022",
        "Strict-Transport-Security": "max-age=31536000; includeSubDomains",
        "Transfer-Encoding": "chunked",
        "Vary": [
          "Accept-Encoding",
          "Accept-Encoding"
        ],
        "x-aml-cluster": "vienna-test-westus2-01",
        "X-Content-Type-Options": "nosniff",
        "x-ms-correlation-request-id": "9745217d-26a5-42bf-9a5d-80da133c86ca",
        "x-ms-ratelimit-remaining-subscription-reads": "11999",
        "x-ms-response-type": "standard",
        "x-ms-routing-request-id": "SOUTHEASTASIA:20230118T013100Z:9745217d-26a5-42bf-9a5d-80da133c86ca",
        "x-request-time": "0.041"
      },
      "ResponseBody": {
        "id": "/subscriptions/00000000-0000-0000-0000-000000000/providers/Microsoft.MachineLearningServices/locations/centraluseuap/mfeOperationResults/s:e61cd5e2-512f-475e-9842-5e2a973993b8:6bIK2GI5x1IB-xBNShbOVcEZ7a3LJZ-XX0H7sAlpvdc",
        "name": "s:e61cd5e2-512f-475e-9842-5e2a973993b8:6bIK2GI5x1IB-xBNShbOVcEZ7a3LJZ-XX0H7sAlpvdc",
        "status": "Succeeded",
        "startTime": "2023-01-18T01:30:54.526477\u002B00:00",
        "endTime": "2023-01-18T01:30:56\u002B00:00"
      }
    },
    {
      "RequestUri": "https://management.azure.com/subscriptions/00000000-0000-0000-0000-000000000/resourceGroups/00000/providers/Microsoft.MachineLearningServices/workspaces/00000/codes/9c9cfba9-82bd-45db-ad06-07009d1d9672/versions/1?api-version=2022-05-01",
      "RequestMethod": "PUT",
      "RequestHeaders": {
        "Accept": "application/json",
        "Accept-Encoding": "gzip, deflate",
        "Connection": "keep-alive",
        "Content-Length": "288",
        "Content-Type": "application/json",
        "User-Agent": "azure-ai-ml/1.4.0 azsdk-python-mgmt-machinelearningservices/0.1.0 Python/3.9.13 (Windows-10-10.0.19045-SP0)"
      },
      "RequestBody": {
        "properties": {
          "properties": {
            "hash_sha256": "0000000000000",
            "hash_version": "0000000000000"
          },
          "isAnonymous": true,
          "isArchived": false,
          "codeUri": "https://sagvgsoim6nmhbq.blob.core.windows.net/azureml-blobstore-e61cd5e2-512f-475e-9842-5e2a973993b8/LocalUpload/00000000000000000000000000000000"
        }
      },
      "StatusCode": 200,
      "ResponseHeaders": {
        "Cache-Control": "no-cache",
        "Content-Encoding": "gzip",
        "Content-Type": "application/json; charset=utf-8",
        "Date": "Wed, 18 Jan 2023 01:31:00 GMT",
        "Expires": "-1",
        "Pragma": "no-cache",
        "Request-Context": "appId=cid-v1:512cc15a-13b5-415b-bfd0-dce7accb6bb1",
        "Server-Timing": "traceparent;desc=\u002200-8dfe607853ca9d2c6537777774f65ac4-0a8549baa31a4fda-01\u0022",
        "Strict-Transport-Security": "max-age=31536000; includeSubDomains",
        "Transfer-Encoding": "chunked",
        "Vary": [
          "Accept-Encoding",
          "Accept-Encoding"
        ],
        "x-aml-cluster": "vienna-test-westus2-02",
        "X-Content-Type-Options": "nosniff",
        "x-ms-correlation-request-id": "4b5f47de-ffc8-4922-91c9-969d0fe0e090",
        "x-ms-ratelimit-remaining-subscription-writes": "1156",
        "x-ms-response-type": "standard",
        "x-ms-routing-request-id": "SOUTHEASTASIA:20230118T013101Z:4b5f47de-ffc8-4922-91c9-969d0fe0e090",
        "x-request-time": "0.320"
      },
      "ResponseBody": {
        "id": "/subscriptions/00000000-0000-0000-0000-000000000/resourceGroups/00000/providers/Microsoft.MachineLearningServices/workspaces/00000/codes/9c9cfba9-82bd-45db-ad06-07009d1d9672/versions/1",
        "name": "1",
        "type": "Microsoft.MachineLearningServices/workspaces/codes/versions",
        "properties": {
          "description": null,
          "tags": {},
          "properties": {
            "hash_sha256": "0000000000000",
            "hash_version": "0000000000000"
          },
          "isArchived": false,
          "isAnonymous": false,
          "codeUri": "https://sagvgsoim6nmhbq.blob.core.windows.net/azureml-blobstore-e61cd5e2-512f-475e-9842-5e2a973993b8/LocalUpload/00000000000000000000000000000000"
        },
        "systemData": {
          "createdAt": "2022-09-23T09:49:20.984936\u002B00:00",
          "createdBy": "Ying Chen",
          "createdByType": "User",
          "lastModifiedAt": "2023-01-18T01:31:00.7175144\u002B00:00",
          "lastModifiedBy": "Xingzhi Zhang",
          "lastModifiedByType": "User"
        }
      }
    },
    {
      "RequestUri": "https://management.azure.com/subscriptions/00000000-0000-0000-0000-000000000/resourceGroups/00000/providers/Microsoft.MachineLearningServices/workspaces/00000/components/azureml_anonymous/versions/4f6ef027-820a-4f53-40a8-e75babeda49e?api-version=2022-10-01",
      "RequestMethod": "PUT",
      "RequestHeaders": {
        "Accept": "application/json",
        "Accept-Encoding": "gzip, deflate",
        "Connection": "keep-alive",
        "Content-Length": "685",
        "Content-Type": "application/json",
        "User-Agent": "azure-ai-ml/1.4.0 azsdk-python-mgmt-machinelearningservices/0.1.0 Python/3.9.13 (Windows-10-10.0.19045-SP0)"
      },
      "RequestBody": {
        "properties": {
          "properties": {},
          "tags": {},
          "isAnonymous": true,
          "isArchived": false,
          "componentSpec": {
            "command": "echo Hello World \u0026 echo ${{inputs.component_in_number}}",
            "code": "azureml:/subscriptions/00000000-0000-0000-0000-000000000/resourceGroups/00000/providers/Microsoft.MachineLearningServices/workspaces/00000/codes/9c9cfba9-82bd-45db-ad06-07009d1d9672/versions/1",
            "environment": "azureml:AzureML-sklearn-0.24-ubuntu18.04-py37-cpu:1",
            "name": "azureml_anonymous",
            "version": "1",
            "is_deterministic": true,
            "inputs": {
              "component_in_number": {
                "type": "integer",
                "optional": false,
                "default": "10",
                "description": "An integer"
              }
            },
            "type": "command",
            "_source": "YAML.JOB"
          }
        }
      },
      "StatusCode": 201,
      "ResponseHeaders": {
        "Cache-Control": "no-cache",
        "Content-Length": "1685",
        "Content-Type": "application/json; charset=utf-8",
        "Date": "Wed, 18 Jan 2023 01:31:02 GMT",
        "Expires": "-1",
        "Location": "https://management.azure.com/subscriptions/00000000-0000-0000-0000-000000000/resourceGroups/00000/providers/Microsoft.MachineLearningServices/workspaces/00000/components/azureml_anonymous/versions/4f6ef027-820a-4f53-40a8-e75babeda49e?api-version=2022-10-01",
        "Pragma": "no-cache",
        "Request-Context": "appId=cid-v1:512cc15a-13b5-415b-bfd0-dce7accb6bb1",
        "Server-Timing": "traceparent;desc=\u002200-c82cbd5058691197042c32c6d2690c3c-5a2529a4a3beb08b-01\u0022",
        "Strict-Transport-Security": "max-age=31536000; includeSubDomains",
        "x-aml-cluster": "vienna-test-westus2-02",
        "X-Content-Type-Options": "nosniff",
        "x-ms-correlation-request-id": "f9774495-a985-41df-9c72-95ea50ccaeab",
        "x-ms-ratelimit-remaining-subscription-writes": "1155",
        "x-ms-response-type": "standard",
        "x-ms-routing-request-id": "SOUTHEASTASIA:20230118T013102Z:f9774495-a985-41df-9c72-95ea50ccaeab",
        "x-request-time": "0.910"
      },
      "ResponseBody": {
        "id": "/subscriptions/00000000-0000-0000-0000-000000000/resourceGroups/00000/providers/Microsoft.MachineLearningServices/workspaces/00000/components/azureml_anonymous/versions/44c41a38-0438-4d87-aa2d-23cfe57e513b",
        "name": "44c41a38-0438-4d87-aa2d-23cfe57e513b",
        "type": "Microsoft.MachineLearningServices/workspaces/components/versions",
        "properties": {
          "description": null,
          "tags": {},
          "properties": {},
          "isArchived": false,
          "isAnonymous": true,
          "componentSpec": {
            "name": "azureml_anonymous",
            "version": "44c41a38-0438-4d87-aa2d-23cfe57e513b",
            "is_deterministic": "True",
            "type": "command",
            "inputs": {
              "component_in_number": {
                "type": "integer",
                "optional": "False",
                "default": "10",
                "description": "An integer"
              }
            },
            "code": "azureml:/subscriptions/00000000-0000-0000-0000-000000000/resourceGroups/00000/providers/Microsoft.MachineLearningServices/workspaces/00000/codes/9c9cfba9-82bd-45db-ad06-07009d1d9672/versions/1",
            "environment": "azureml://registries/azureml-dev/environments/AzureML-sklearn-0.24-ubuntu18.04-py37-cpu/versions/1",
            "resources": {
              "instance_count": "1"
            },
            "command": "echo Hello World \u0026 echo ${{inputs.component_in_number}}",
            "$schema": "https://componentsdk.azureedge.net/jsonschema/CommandComponent.json"
          }
        },
        "systemData": {
          "createdAt": "2023-01-18T01:30:27.3223965\u002B00:00",
          "createdBy": "Xingzhi Zhang",
          "createdByType": "User",
          "lastModifiedAt": "2023-01-18T01:30:27.6955764\u002B00:00",
          "lastModifiedBy": "Xingzhi Zhang",
          "lastModifiedByType": "User"
        }
      }
    },
    {
      "RequestUri": "https://management.azure.com/subscriptions/00000000-0000-0000-0000-000000000/resourceGroups/00000/providers/Microsoft.MachineLearningServices/workspaces/00000/datastores/workspaceblobstore?api-version=2022-10-01",
      "RequestMethod": "GET",
      "RequestHeaders": {
        "Accept": "application/json",
        "Accept-Encoding": "gzip, deflate",
        "Connection": "keep-alive",
        "User-Agent": "azure-ai-ml/1.4.0 azsdk-python-mgmt-machinelearningservices/0.1.0 Python/3.9.13 (Windows-10-10.0.19045-SP0)"
      },
      "RequestBody": null,
      "StatusCode": 200,
      "ResponseHeaders": {
        "Cache-Control": "no-cache",
        "Content-Encoding": "gzip",
        "Content-Type": "application/json; charset=utf-8",
        "Date": "Wed, 18 Jan 2023 01:31:03 GMT",
        "Expires": "-1",
        "Pragma": "no-cache",
        "Request-Context": "appId=cid-v1:512cc15a-13b5-415b-bfd0-dce7accb6bb1",
        "Server-Timing": "traceparent;desc=\u002200-fc6c87cf7ed040071cdd6eca6f73912c-d85eb705c4e9483b-01\u0022",
        "Strict-Transport-Security": "max-age=31536000; includeSubDomains",
        "Transfer-Encoding": "chunked",
        "Vary": [
          "Accept-Encoding",
          "Accept-Encoding"
        ],
        "x-aml-cluster": "vienna-test-westus2-02",
        "X-Content-Type-Options": "nosniff",
        "x-ms-correlation-request-id": "8d4c2e1e-ef85-41b8-9863-720334f66cde",
        "x-ms-ratelimit-remaining-subscription-reads": "11928",
        "x-ms-response-type": "standard",
        "x-ms-routing-request-id": "SOUTHEASTASIA:20230118T013103Z:8d4c2e1e-ef85-41b8-9863-720334f66cde",
        "x-request-time": "0.119"
      },
      "ResponseBody": {
        "id": "/subscriptions/00000000-0000-0000-0000-000000000/resourceGroups/00000/providers/Microsoft.MachineLearningServices/workspaces/00000/datastores/workspaceblobstore",
        "name": "workspaceblobstore",
        "type": "Microsoft.MachineLearningServices/workspaces/datastores",
        "properties": {
          "description": null,
          "tags": null,
          "properties": null,
          "isDefault": true,
          "credentials": {
            "credentialsType": "AccountKey"
          },
          "datastoreType": "AzureBlob",
          "accountName": "sagvgsoim6nmhbq",
          "containerName": "azureml-blobstore-e61cd5e2-512f-475e-9842-5e2a973993b8",
          "endpoint": "core.windows.net",
          "protocol": "https",
          "serviceDataAccessAuthIdentity": "WorkspaceSystemAssignedIdentity"
        },
        "systemData": {
          "createdAt": "2022-09-22T09:02:03.2629568\u002B00:00",
          "createdBy": "779301c0-18b2-4cdc-801b-a0a3368fee0a",
          "createdByType": "Application",
          "lastModifiedAt": "2022-09-22T09:02:04.166989\u002B00:00",
          "lastModifiedBy": "779301c0-18b2-4cdc-801b-a0a3368fee0a",
          "lastModifiedByType": "Application"
        }
      }
    },
    {
      "RequestUri": "https://management.azure.com/subscriptions/00000000-0000-0000-0000-000000000/resourceGroups/00000/providers/Microsoft.MachineLearningServices/workspaces/00000/schedules/test_766617392222?api-version=2022-10-01-preview",
      "RequestMethod": "GET",
      "RequestHeaders": {
        "Accept": "*/*",
        "Accept-Encoding": "gzip, deflate",
        "Connection": "keep-alive",
        "User-Agent": "azure-ai-ml/1.4.0 azsdk-python-mgmt-machinelearningservices/0.1.0 Python/3.9.13 (Windows-10-10.0.19045-SP0)"
      },
      "RequestBody": null,
      "StatusCode": 200,
      "ResponseHeaders": {
        "Cache-Control": "no-cache",
        "Content-Encoding": "gzip",
        "Content-Type": "application/json; charset=utf-8",
        "Date": "Wed, 18 Jan 2023 01:31:03 GMT",
        "Expires": "-1",
        "Pragma": "no-cache",
        "Request-Context": "appId=cid-v1:512cc15a-13b5-415b-bfd0-dce7accb6bb1",
        "Server-Timing": "traceparent;desc=\u002200-8b36ff0637c3e4da94c8e63ec036294d-8355e9baa8729e13-01\u0022",
        "Strict-Transport-Security": "max-age=31536000; includeSubDomains",
        "Transfer-Encoding": "chunked",
        "Vary": [
          "Accept-Encoding",
          "Accept-Encoding"
        ],
        "x-aml-cluster": "vienna-test-westus2-01",
        "X-Content-Type-Options": "nosniff",
        "x-ms-correlation-request-id": "a0d7d19e-21d9-47b9-9b7a-b144f7343dbe",
        "x-ms-ratelimit-remaining-subscription-reads": "11998",
        "x-ms-response-type": "standard",
        "x-ms-routing-request-id": "SOUTHEASTASIA:20230118T013104Z:a0d7d19e-21d9-47b9-9b7a-b144f7343dbe",
        "x-request-time": "0.109"
      },
      "ResponseBody": {
        "name": "test_766617392222",
        "properties": {
          "description": "a weekly retrain schedule",
          "tags": {},
          "properties": {},
          "displayName": "weekly retrain schedule",
          "isEnabled": false,
          "trigger": {
            "endTime": "2099-01-01 00:00:00",
            "startTime": "2022-05-10 10:15:00",
            "timeZone": "Pacific Standard Time",
            "triggerType": "Recurrence",
            "frequency": "Day",
            "interval": 1,
            "schedule": null
          },
          "action": {
            "actionType": "CreateJob",
            "jobDefinition": {
              "description": "The hello world pipeline job with inline components",
              "tags": {
                "tag": "tagvalue",
                "owner": "sdkteam"
              },
              "properties": {},
              "displayName": null,
              "status": "NotStarted",
              "experimentName": "Default",
              "services": null,
              "computeId": "/subscriptions/00000000-0000-0000-0000-000000000/resourceGroups/00000/providers/Microsoft.MachineLearningServices/workspaces/00000/computes/cpu-cluster",
              "isArchived": false,
              "identity": null,
              "componentId": null,
              "jobType": "Pipeline",
              "settings": {
                "default_compute": "/subscriptions/00000000-0000-0000-0000-000000000/resourceGroups/00000/providers/Microsoft.MachineLearningServices/workspaces/00000/computes/cpu-cluster-1",
                "default_datastore": "/subscriptions/00000000-0000-0000-0000-000000000/resourceGroups/00000/providers/Microsoft.MachineLearningServices/workspaces/00000/datastores/workspacefilestore",
                "continue_on_step_failure": true,
                "_source": "YAML.JOB"
              },
              "jobs": {
                "hello_world_component_inline_1": {
                  "name": "hello_world_component_inline_1",
                  "type": "command",
                  "inputs": {
                    "component_in_number": {
                      "job_input_type": "literal",
                      "value": "${{parent.inputs.job_in_number}}"
                    }
                  },
                  "_source": "REMOTE.WORKSPACE.COMPONENT",
                  "componentId": "/subscriptions/00000000-0000-0000-0000-000000000/resourceGroups/00000/providers/Microsoft.MachineLearningServices/workspaces/00000/components/azureml_anonymous/versions/44c41a38-0438-4d87-aa2d-23cfe57e513b"
                },
                "hello_world_component_inline_2": {
                  "name": "hello_world_component_inline_2",
                  "type": "command",
                  "inputs": {
                    "component_in_number": {
                      "job_input_type": "literal",
                      "value": "${{parent.inputs.job_in_number}}"
                    }
                  },
                  "_source": "REMOTE.WORKSPACE.COMPONENT",
                  "componentId": "/subscriptions/00000000-0000-0000-0000-000000000/resourceGroups/00000/providers/Microsoft.MachineLearningServices/workspaces/00000/components/azureml_anonymous/versions/1ed101e1-7ef3-40de-92d7-5e391ceee750"
                },
                "hello_world_component_inline_3": {
                  "name": "hello_world_component_inline_3",
                  "type": "command",
                  "inputs": {
                    "component_in_number": {
                      "job_input_type": "literal",
                      "value": "${{parent.inputs.job_in_number}}"
                    }
                  },
                  "_source": "REMOTE.WORKSPACE.COMPONENT",
                  "componentId": "/subscriptions/00000000-0000-0000-0000-000000000/resourceGroups/00000/providers/Microsoft.MachineLearningServices/workspaces/00000/components/azureml_anonymous/versions/936e6717-8ab2-403d-90b0-f21004e0385b"
                }
              },
              "inputs": {
                "job_in_number": {
                  "description": null,
                  "jobInputType": "literal",
                  "value": "10"
                },
                "job_in_other_number": {
                  "description": null,
                  "jobInputType": "literal",
                  "value": "15"
                }
              },
              "outputs": {},
              "sourceJobId": null
            }
          },
          "provisioningState": "Succeeded"
        },
        "systemData": {
          "createdAt": "2023-01-18T01:30:50.3576294\u002B00:00",
          "createdBy": "Xingzhi Zhang",
          "createdByType": "User",
          "lastModifiedAt": "2023-01-18T01:30:56.3301526\u002B00:00",
          "lastModifiedBy": "Xingzhi Zhang",
          "lastModifiedByType": "User"
        }
      }
    },
    {
      "RequestUri": "https://management.azure.com/subscriptions/00000000-0000-0000-0000-000000000/resourceGroups/00000/providers/Microsoft.MachineLearningServices/workspaces/00000/datastores/workspaceblobstore/listSecrets?api-version=2022-10-01",
      "RequestMethod": "POST",
      "RequestHeaders": {
        "Accept": "application/json",
        "Accept-Encoding": "gzip, deflate",
        "Connection": "keep-alive",
        "Content-Length": "0",
        "User-Agent": "azure-ai-ml/1.4.0 azsdk-python-mgmt-machinelearningservices/0.1.0 Python/3.9.13 (Windows-10-10.0.19045-SP0)"
      },
      "RequestBody": null,
      "StatusCode": 200,
      "ResponseHeaders": {
        "Cache-Control": "no-cache",
        "Content-Encoding": "gzip",
        "Content-Type": "application/json; charset=utf-8",
        "Date": "Wed, 18 Jan 2023 01:31:04 GMT",
        "Expires": "-1",
        "Pragma": "no-cache",
        "Request-Context": "appId=cid-v1:512cc15a-13b5-415b-bfd0-dce7accb6bb1",
        "Server-Timing": "traceparent;desc=\u002200-750508cb27bac5ea0d0bb4810df2e246-5e6da3ef3c37484a-01\u0022",
        "Strict-Transport-Security": "max-age=31536000; includeSubDomains",
        "Transfer-Encoding": "chunked",
        "Vary": "Accept-Encoding",
        "x-aml-cluster": "vienna-test-westus2-02",
        "X-Content-Type-Options": "nosniff",
        "x-ms-correlation-request-id": "b7be70aa-a767-484e-ba29-e7d32816b24f",
        "x-ms-ratelimit-remaining-subscription-writes": "1184",
        "x-ms-response-type": "standard",
        "x-ms-routing-request-id": "SOUTHEASTASIA:20230118T013104Z:b7be70aa-a767-484e-ba29-e7d32816b24f",
        "x-request-time": "0.103"
      },
      "ResponseBody": {
        "secretsType": "AccountKey",
        "key": "dGhpcyBpcyBmYWtlIGtleQ=="
      }
    },
    {
      "RequestUri": "https://sagvgsoim6nmhbq.blob.core.windows.net/azureml-blobstore-e61cd5e2-512f-475e-9842-5e2a973993b8/LocalUpload/00000000000000000000000000000000/components/1in1out.yaml",
      "RequestMethod": "HEAD",
      "RequestHeaders": {
        "Accept": "application/xml",
        "Accept-Encoding": "gzip, deflate",
        "Connection": "keep-alive",
        "User-Agent": "azsdk-python-storage-blob/12.14.1 Python/3.9.13 (Windows-10-10.0.19045-SP0)",
        "x-ms-date": "Wed, 18 Jan 2023 01:31:04 GMT",
        "x-ms-version": "2021-08-06"
      },
      "RequestBody": null,
      "StatusCode": 200,
      "ResponseHeaders": {
        "Accept-Ranges": "bytes",
        "Content-Length": "390",
        "Content-MD5": "eNmrrapB3xL\u002BHp2eOo2AYw==",
        "Content-Type": "application/octet-stream",
        "Date": "Wed, 18 Jan 2023 01:31:03 GMT",
        "ETag": "\u00220x8DAF8F398E91C46\u0022",
        "Last-Modified": "Wed, 18 Jan 2023 01:30:35 GMT",
        "Server": [
          "Windows-Azure-Blob/1.0",
          "Microsoft-HTTPAPI/2.0"
        ],
        "Vary": "Origin",
        "x-ms-access-tier": "Hot",
        "x-ms-access-tier-inferred": "true",
        "x-ms-blob-type": "BlockBlob",
        "x-ms-creation-time": "Wed, 18 Jan 2023 01:30:31 GMT",
        "x-ms-lease-state": "available",
        "x-ms-lease-status": "unlocked",
        "x-ms-meta-name": "000000000000000000000",
        "x-ms-meta-upload_status": "completed",
        "x-ms-meta-version": "1",
        "x-ms-server-encrypted": "true",
        "x-ms-version": "2021-08-06"
      },
      "ResponseBody": null
    },
    {
      "RequestUri": "https://sagvgsoim6nmhbq.blob.core.windows.net/azureml-blobstore-e61cd5e2-512f-475e-9842-5e2a973993b8/az-ml-artifacts/00000000000000000000000000000000/components/1in1out.yaml",
      "RequestMethod": "HEAD",
      "RequestHeaders": {
        "Accept": "application/xml",
        "Accept-Encoding": "gzip, deflate",
        "Connection": "keep-alive",
        "User-Agent": "azsdk-python-storage-blob/12.14.1 Python/3.9.13 (Windows-10-10.0.19045-SP0)",
        "x-ms-date": "Wed, 18 Jan 2023 01:31:04 GMT",
        "x-ms-version": "2021-08-06"
      },
      "RequestBody": null,
      "StatusCode": 404,
      "ResponseHeaders": {
        "Date": "Wed, 18 Jan 2023 01:31:04 GMT",
        "Server": [
          "Windows-Azure-Blob/1.0",
          "Microsoft-HTTPAPI/2.0"
        ],
        "Transfer-Encoding": "chunked",
        "Vary": "Origin",
        "x-ms-error-code": "BlobNotFound",
        "x-ms-version": "2021-08-06"
      },
      "ResponseBody": null
    },
    {
      "RequestUri": "https://management.azure.com/subscriptions/00000000-0000-0000-0000-000000000/resourceGroups/00000/providers/Microsoft.MachineLearningServices/workspaces/00000/codes/000000000000000000000/versions/1?api-version=2022-05-01",
      "RequestMethod": "PUT",
      "RequestHeaders": {
        "Accept": "application/json",
        "Accept-Encoding": "gzip, deflate",
        "Connection": "keep-alive",
        "Content-Length": "299",
        "Content-Type": "application/json",
        "User-Agent": "azure-ai-ml/1.4.0 azsdk-python-mgmt-machinelearningservices/0.1.0 Python/3.9.13 (Windows-10-10.0.19045-SP0)"
      },
      "RequestBody": {
        "properties": {
          "properties": {
            "hash_sha256": "0000000000000",
            "hash_version": "0000000000000"
          },
          "isAnonymous": true,
          "isArchived": false,
          "codeUri": "https://sagvgsoim6nmhbq.blob.core.windows.net/azureml-blobstore-e61cd5e2-512f-475e-9842-5e2a973993b8/LocalUpload/00000000000000000000000000000000/components"
        }
      },
      "StatusCode": 200,
      "ResponseHeaders": {
        "Cache-Control": "no-cache",
        "Content-Encoding": "gzip",
        "Content-Type": "application/json; charset=utf-8",
        "Date": "Wed, 18 Jan 2023 01:31:05 GMT",
        "Expires": "-1",
        "Pragma": "no-cache",
        "Request-Context": "appId=cid-v1:512cc15a-13b5-415b-bfd0-dce7accb6bb1",
        "Server-Timing": "traceparent;desc=\u002200-2608a398eed930ea31c275944afdf267-0876f228c7bdb221-01\u0022",
        "Strict-Transport-Security": "max-age=31536000; includeSubDomains",
        "Transfer-Encoding": "chunked",
        "Vary": [
          "Accept-Encoding",
          "Accept-Encoding"
        ],
        "x-aml-cluster": "vienna-test-westus2-02",
        "X-Content-Type-Options": "nosniff",
        "x-ms-correlation-request-id": "ecfe99e9-ecf5-4558-ac71-d1655eebef4f",
        "x-ms-ratelimit-remaining-subscription-writes": "1154",
        "x-ms-response-type": "standard",
        "x-ms-routing-request-id": "SOUTHEASTASIA:20230118T013106Z:ecfe99e9-ecf5-4558-ac71-d1655eebef4f",
        "x-request-time": "0.417"
      },
      "ResponseBody": {
        "id": "/subscriptions/00000000-0000-0000-0000-000000000/resourceGroups/00000/providers/Microsoft.MachineLearningServices/workspaces/00000/codes/000000000000000000000/versions/1",
        "name": "1",
        "type": "Microsoft.MachineLearningServices/workspaces/codes/versions",
        "properties": {
          "description": null,
          "tags": {},
          "properties": {
            "hash_sha256": "0000000000000",
            "hash_version": "0000000000000"
          },
          "isArchived": false,
          "isAnonymous": false,
          "codeUri": "https://sagvgsoim6nmhbq.blob.core.windows.net/azureml-blobstore-e61cd5e2-512f-475e-9842-5e2a973993b8/LocalUpload/00000000000000000000000000000000/components"
        },
        "systemData": {
          "createdAt": "2023-01-18T01:30:36.7061806\u002B00:00",
          "createdBy": "Xingzhi Zhang",
          "createdByType": "User",
          "lastModifiedAt": "2023-01-18T01:31:05.784292\u002B00:00",
          "lastModifiedBy": "Xingzhi Zhang",
          "lastModifiedByType": "User"
        }
      }
    },
    {
      "RequestUri": "https://management.azure.com/subscriptions/00000000-0000-0000-0000-000000000/resourceGroups/00000/providers/Microsoft.MachineLearningServices/workspaces/00000/components/azureml_anonymous/versions/47555e6e-a4ed-6c57-b383-43297eeba67c?api-version=2022-10-01",
      "RequestMethod": "PUT",
      "RequestHeaders": {
        "Accept": "application/json",
        "Accept-Encoding": "gzip, deflate",
        "Connection": "keep-alive",
        "Content-Length": "670",
        "Content-Type": "application/json",
        "User-Agent": "azure-ai-ml/1.4.0 azsdk-python-mgmt-machinelearningservices/0.1.0 Python/3.9.13 (Windows-10-10.0.19045-SP0)"
      },
      "RequestBody": {
        "properties": {
          "properties": {},
          "tags": {},
          "isAnonymous": true,
          "isArchived": false,
          "componentSpec": {
            "command": "echo Hello World \u0026 echo ${{inputs.component_in_number}}",
            "code": "azureml:/subscriptions/00000000-0000-0000-0000-000000000/resourceGroups/00000/providers/Microsoft.MachineLearningServices/workspaces/00000/codes/000000000000000000000/versions/1",
            "environment": "azureml:AzureML-sklearn-0.24-ubuntu18.04-py37-cpu:1",
            "name": "azureml_anonymous",
            "version": "1",
            "is_deterministic": true,
            "inputs": {
              "component_in_number": {
                "type": "integer",
                "optional": false,
                "default": "10",
                "description": "Am integer"
              }
            },
            "type": "command",
            "_source": "YAML.JOB"
          }
        }
      },
      "StatusCode": 201,
      "ResponseHeaders": {
        "Cache-Control": "no-cache",
        "Content-Length": "1670",
        "Content-Type": "application/json; charset=utf-8",
        "Date": "Wed, 18 Jan 2023 01:31:07 GMT",
        "Expires": "-1",
        "Location": "https://management.azure.com/subscriptions/00000000-0000-0000-0000-000000000/resourceGroups/00000/providers/Microsoft.MachineLearningServices/workspaces/00000/components/azureml_anonymous/versions/47555e6e-a4ed-6c57-b383-43297eeba67c?api-version=2022-10-01",
        "Pragma": "no-cache",
        "Request-Context": "appId=cid-v1:512cc15a-13b5-415b-bfd0-dce7accb6bb1",
        "Server-Timing": "traceparent;desc=\u002200-6ac9d14a6e13b1c16024c81229e48780-0e292f00a1977810-01\u0022",
        "Strict-Transport-Security": "max-age=31536000; includeSubDomains",
        "x-aml-cluster": "vienna-test-westus2-02",
        "X-Content-Type-Options": "nosniff",
        "x-ms-correlation-request-id": "a7b4f748-52bd-4d3a-bcee-1935b0ba06a9",
        "x-ms-ratelimit-remaining-subscription-writes": "1153",
        "x-ms-response-type": "standard",
        "x-ms-routing-request-id": "SOUTHEASTASIA:20230118T013108Z:a7b4f748-52bd-4d3a-bcee-1935b0ba06a9",
        "x-request-time": "1.038"
      },
      "ResponseBody": {
        "id": "/subscriptions/00000000-0000-0000-0000-000000000/resourceGroups/00000/providers/Microsoft.MachineLearningServices/workspaces/00000/components/azureml_anonymous/versions/1ed101e1-7ef3-40de-92d7-5e391ceee750",
        "name": "1ed101e1-7ef3-40de-92d7-5e391ceee750",
        "type": "Microsoft.MachineLearningServices/workspaces/components/versions",
        "properties": {
          "description": null,
          "tags": {},
          "properties": {},
          "isArchived": false,
          "isAnonymous": true,
          "componentSpec": {
            "name": "azureml_anonymous",
            "version": "1ed101e1-7ef3-40de-92d7-5e391ceee750",
            "is_deterministic": "True",
            "type": "command",
            "inputs": {
              "component_in_number": {
                "type": "integer",
                "optional": "False",
                "default": "10",
                "description": "Am integer"
              }
            },
            "code": "azureml:/subscriptions/00000000-0000-0000-0000-000000000/resourceGroups/00000/providers/Microsoft.MachineLearningServices/workspaces/00000/codes/000000000000000000000/versions/1",
            "environment": "azureml://registries/azureml-dev/environments/AzureML-sklearn-0.24-ubuntu18.04-py37-cpu/versions/1",
            "resources": {
              "instance_count": "1"
            },
            "command": "echo Hello World \u0026 echo ${{inputs.component_in_number}}",
            "$schema": "https://componentsdk.azureedge.net/jsonschema/CommandComponent.json"
          }
        },
        "systemData": {
          "createdAt": "2023-01-18T01:30:39.1102046\u002B00:00",
          "createdBy": "Xingzhi Zhang",
          "createdByType": "User",
          "lastModifiedAt": "2023-01-18T01:30:39.4635414\u002B00:00",
          "lastModifiedBy": "Xingzhi Zhang",
          "lastModifiedByType": "User"
        }
      }
    },
    {
      "RequestUri": "https://management.azure.com/subscriptions/00000000-0000-0000-0000-000000000/resourceGroups/00000/providers/Microsoft.MachineLearningServices/workspaces/00000/datastores/workspaceblobstore?api-version=2022-10-01",
      "RequestMethod": "GET",
      "RequestHeaders": {
        "Accept": "application/json",
        "Accept-Encoding": "gzip, deflate",
        "Connection": "keep-alive",
        "User-Agent": "azure-ai-ml/1.4.0 azsdk-python-mgmt-machinelearningservices/0.1.0 Python/3.9.13 (Windows-10-10.0.19045-SP0)"
      },
      "RequestBody": null,
      "StatusCode": 200,
      "ResponseHeaders": {
        "Cache-Control": "no-cache",
        "Content-Encoding": "gzip",
        "Content-Type": "application/json; charset=utf-8",
        "Date": "Wed, 18 Jan 2023 01:31:08 GMT",
        "Expires": "-1",
        "Pragma": "no-cache",
        "Request-Context": "appId=cid-v1:512cc15a-13b5-415b-bfd0-dce7accb6bb1",
        "Server-Timing": "traceparent;desc=\u002200-ee6db43337d6ba27cbe602652e2c921e-acd59ac1417ddfa0-01\u0022",
        "Strict-Transport-Security": "max-age=31536000; includeSubDomains",
        "Transfer-Encoding": "chunked",
        "Vary": [
          "Accept-Encoding",
          "Accept-Encoding"
        ],
        "x-aml-cluster": "vienna-test-westus2-02",
        "X-Content-Type-Options": "nosniff",
        "x-ms-correlation-request-id": "5f784f57-cfa6-4fb6-8f92-a7c389a112ba",
        "x-ms-ratelimit-remaining-subscription-reads": "11927",
        "x-ms-response-type": "standard",
        "x-ms-routing-request-id": "SOUTHEASTASIA:20230118T013108Z:5f784f57-cfa6-4fb6-8f92-a7c389a112ba",
        "x-request-time": "0.108"
      },
      "ResponseBody": {
        "id": "/subscriptions/00000000-0000-0000-0000-000000000/resourceGroups/00000/providers/Microsoft.MachineLearningServices/workspaces/00000/datastores/workspaceblobstore",
        "name": "workspaceblobstore",
        "type": "Microsoft.MachineLearningServices/workspaces/datastores",
        "properties": {
          "description": null,
          "tags": null,
          "properties": null,
          "isDefault": true,
          "credentials": {
            "credentialsType": "AccountKey"
          },
          "datastoreType": "AzureBlob",
          "accountName": "sagvgsoim6nmhbq",
          "containerName": "azureml-blobstore-e61cd5e2-512f-475e-9842-5e2a973993b8",
          "endpoint": "core.windows.net",
          "protocol": "https",
          "serviceDataAccessAuthIdentity": "WorkspaceSystemAssignedIdentity"
        },
        "systemData": {
          "createdAt": "2022-09-22T09:02:03.2629568\u002B00:00",
          "createdBy": "779301c0-18b2-4cdc-801b-a0a3368fee0a",
          "createdByType": "Application",
          "lastModifiedAt": "2022-09-22T09:02:04.166989\u002B00:00",
          "lastModifiedBy": "779301c0-18b2-4cdc-801b-a0a3368fee0a",
          "lastModifiedByType": "Application"
        }
      }
    },
    {
      "RequestUri": "https://management.azure.com/subscriptions/00000000-0000-0000-0000-000000000/resourceGroups/00000/providers/Microsoft.MachineLearningServices/workspaces/00000/datastores/workspaceblobstore/listSecrets?api-version=2022-10-01",
      "RequestMethod": "POST",
      "RequestHeaders": {
        "Accept": "application/json",
        "Accept-Encoding": "gzip, deflate",
        "Connection": "keep-alive",
        "Content-Length": "0",
        "User-Agent": "azure-ai-ml/1.4.0 azsdk-python-mgmt-machinelearningservices/0.1.0 Python/3.9.13 (Windows-10-10.0.19045-SP0)"
      },
      "RequestBody": null,
      "StatusCode": 200,
      "ResponseHeaders": {
        "Cache-Control": "no-cache",
        "Content-Encoding": "gzip",
        "Content-Type": "application/json; charset=utf-8",
        "Date": "Wed, 18 Jan 2023 01:31:09 GMT",
        "Expires": "-1",
        "Pragma": "no-cache",
        "Request-Context": "appId=cid-v1:512cc15a-13b5-415b-bfd0-dce7accb6bb1",
        "Server-Timing": "traceparent;desc=\u002200-9048aba6b3456905d93de514ef4d6d21-5f6f9dec5c6fcadf-01\u0022",
        "Strict-Transport-Security": "max-age=31536000; includeSubDomains",
        "Transfer-Encoding": "chunked",
        "Vary": "Accept-Encoding",
        "x-aml-cluster": "vienna-test-westus2-02",
        "X-Content-Type-Options": "nosniff",
        "x-ms-correlation-request-id": "4b73706b-25e4-444b-979f-3f7e98b03053",
        "x-ms-ratelimit-remaining-subscription-writes": "1183",
        "x-ms-response-type": "standard",
        "x-ms-routing-request-id": "SOUTHEASTASIA:20230118T013110Z:4b73706b-25e4-444b-979f-3f7e98b03053",
        "x-request-time": "0.594"
      },
      "ResponseBody": {
        "secretsType": "AccountKey",
        "key": "dGhpcyBpcyBmYWtlIGtleQ=="
      }
    },
    {
      "RequestUri": "https://sagvgsoim6nmhbq.blob.core.windows.net/azureml-blobstore-e61cd5e2-512f-475e-9842-5e2a973993b8/LocalUpload/00000000000000000000000000000000/COMPONENT_PLACEHOLDER",
      "RequestMethod": "HEAD",
      "RequestHeaders": {
        "Accept": "application/xml",
        "Accept-Encoding": "gzip, deflate",
        "Connection": "keep-alive",
        "User-Agent": "azsdk-python-storage-blob/12.14.1 Python/3.9.13 (Windows-10-10.0.19045-SP0)",
        "x-ms-date": "Wed, 18 Jan 2023 01:31:09 GMT",
        "x-ms-version": "2021-08-06"
      },
      "RequestBody": null,
      "StatusCode": 200,
      "ResponseHeaders": {
        "Accept-Ranges": "bytes",
        "Content-Length": "35",
        "Content-MD5": "L/DnSpFIn\u002BjaQWc\u002BsUQdcw==",
        "Content-Type": "application/octet-stream",
        "Date": "Wed, 18 Jan 2023 01:31:09 GMT",
        "ETag": "\u00220x8DA9D48E17467D7\u0022",
        "Last-Modified": "Fri, 23 Sep 2022 09:49:17 GMT",
        "Server": [
          "Windows-Azure-Blob/1.0",
          "Microsoft-HTTPAPI/2.0"
        ],
        "Vary": "Origin",
        "x-ms-access-tier": "Hot",
        "x-ms-access-tier-inferred": "true",
        "x-ms-blob-type": "BlockBlob",
        "x-ms-creation-time": "Fri, 23 Sep 2022 09:49:16 GMT",
        "x-ms-lease-state": "available",
        "x-ms-lease-status": "unlocked",
        "x-ms-meta-name": "9c9cfba9-82bd-45db-ad06-07009d1d9672",
        "x-ms-meta-upload_status": "completed",
        "x-ms-meta-version": "1",
        "x-ms-server-encrypted": "true",
        "x-ms-version": "2021-08-06"
      },
      "ResponseBody": null
    },
    {
      "RequestUri": "https://sagvgsoim6nmhbq.blob.core.windows.net/azureml-blobstore-e61cd5e2-512f-475e-9842-5e2a973993b8/az-ml-artifacts/00000000000000000000000000000000/COMPONENT_PLACEHOLDER",
      "RequestMethod": "HEAD",
      "RequestHeaders": {
        "Accept": "application/xml",
        "Accept-Encoding": "gzip, deflate",
        "Connection": "keep-alive",
        "User-Agent": "azsdk-python-storage-blob/12.14.1 Python/3.9.13 (Windows-10-10.0.19045-SP0)",
        "x-ms-date": "Wed, 18 Jan 2023 01:31:10 GMT",
        "x-ms-version": "2021-08-06"
      },
      "RequestBody": null,
      "StatusCode": 404,
      "ResponseHeaders": {
        "Date": "Wed, 18 Jan 2023 01:31:09 GMT",
        "Server": [
          "Windows-Azure-Blob/1.0",
          "Microsoft-HTTPAPI/2.0"
        ],
        "Transfer-Encoding": "chunked",
        "Vary": "Origin",
        "x-ms-error-code": "BlobNotFound",
        "x-ms-version": "2021-08-06"
      },
      "ResponseBody": null
    },
    {
      "RequestUri": "https://management.azure.com/subscriptions/00000000-0000-0000-0000-000000000/resourceGroups/00000/providers/Microsoft.MachineLearningServices/workspaces/00000/codes/9c9cfba9-82bd-45db-ad06-07009d1d9672/versions/1?api-version=2022-05-01",
      "RequestMethod": "PUT",
      "RequestHeaders": {
        "Accept": "application/json",
        "Accept-Encoding": "gzip, deflate",
        "Connection": "keep-alive",
        "Content-Length": "288",
        "Content-Type": "application/json",
        "User-Agent": "azure-ai-ml/1.4.0 azsdk-python-mgmt-machinelearningservices/0.1.0 Python/3.9.13 (Windows-10-10.0.19045-SP0)"
      },
      "RequestBody": {
        "properties": {
          "properties": {
            "hash_sha256": "0000000000000",
            "hash_version": "0000000000000"
          },
          "isAnonymous": true,
          "isArchived": false,
          "codeUri": "https://sagvgsoim6nmhbq.blob.core.windows.net/azureml-blobstore-e61cd5e2-512f-475e-9842-5e2a973993b8/LocalUpload/00000000000000000000000000000000"
        }
      },
      "StatusCode": 200,
      "ResponseHeaders": {
        "Cache-Control": "no-cache",
        "Content-Encoding": "gzip",
        "Content-Type": "application/json; charset=utf-8",
        "Date": "Wed, 18 Jan 2023 01:31:11 GMT",
        "Expires": "-1",
        "Pragma": "no-cache",
        "Request-Context": "appId=cid-v1:512cc15a-13b5-415b-bfd0-dce7accb6bb1",
        "Server-Timing": "traceparent;desc=\u002200-656f80d5340c62dc7a32c309ab35590d-b33f3140a45a5914-01\u0022",
        "Strict-Transport-Security": "max-age=31536000; includeSubDomains",
        "Transfer-Encoding": "chunked",
        "Vary": [
          "Accept-Encoding",
          "Accept-Encoding"
        ],
        "x-aml-cluster": "vienna-test-westus2-02",
        "X-Content-Type-Options": "nosniff",
        "x-ms-correlation-request-id": "cbf1cb4f-e8a5-4c8f-a051-9359a4174486",
        "x-ms-ratelimit-remaining-subscription-writes": "1152",
        "x-ms-response-type": "standard",
        "x-ms-routing-request-id": "SOUTHEASTASIA:20230118T013112Z:cbf1cb4f-e8a5-4c8f-a051-9359a4174486",
        "x-request-time": "0.278"
      },
      "ResponseBody": {
        "id": "/subscriptions/00000000-0000-0000-0000-000000000/resourceGroups/00000/providers/Microsoft.MachineLearningServices/workspaces/00000/codes/9c9cfba9-82bd-45db-ad06-07009d1d9672/versions/1",
        "name": "1",
        "type": "Microsoft.MachineLearningServices/workspaces/codes/versions",
        "properties": {
          "description": null,
          "tags": {},
          "properties": {
            "hash_sha256": "0000000000000",
            "hash_version": "0000000000000"
          },
          "isArchived": false,
          "isAnonymous": false,
          "codeUri": "https://sagvgsoim6nmhbq.blob.core.windows.net/azureml-blobstore-e61cd5e2-512f-475e-9842-5e2a973993b8/LocalUpload/00000000000000000000000000000000"
        },
        "systemData": {
          "createdAt": "2022-09-23T09:49:20.984936\u002B00:00",
          "createdBy": "Ying Chen",
          "createdByType": "User",
          "lastModifiedAt": "2023-01-18T01:31:11.8906717\u002B00:00",
          "lastModifiedBy": "Xingzhi Zhang",
          "lastModifiedByType": "User"
        }
      }
    },
    {
      "RequestUri": "https://management.azure.com/subscriptions/00000000-0000-0000-0000-000000000/resourceGroups/00000/providers/Microsoft.MachineLearningServices/workspaces/00000/components/azureml_anonymous/versions/11dccfb3-fb0e-15e2-36a7-65412928ea3d?api-version=2022-10-01",
      "RequestMethod": "PUT",
      "RequestHeaders": {
        "Accept": "application/json",
        "Accept-Encoding": "gzip, deflate",
        "Connection": "keep-alive",
        "Content-Length": "685",
        "Content-Type": "application/json",
        "User-Agent": "azure-ai-ml/1.4.0 azsdk-python-mgmt-machinelearningservices/0.1.0 Python/3.9.13 (Windows-10-10.0.19045-SP0)"
      },
      "RequestBody": {
        "properties": {
          "properties": {},
          "tags": {},
          "isAnonymous": true,
          "isArchived": false,
          "componentSpec": {
            "command": "echo Hello World \u0026 echo ${{inputs.component_in_number}}",
            "code": "azureml:/subscriptions/00000000-0000-0000-0000-000000000/resourceGroups/00000/providers/Microsoft.MachineLearningServices/workspaces/00000/codes/9c9cfba9-82bd-45db-ad06-07009d1d9672/versions/1",
            "environment": "azureml:AzureML-sklearn-0.24-ubuntu18.04-py37-cpu:1",
            "name": "azureml_anonymous",
            "version": "1",
            "is_deterministic": true,
            "inputs": {
              "component_in_number": {
                "type": "integer",
                "optional": false,
                "default": "10",
                "description": "Am integer"
              }
            },
            "type": "command",
            "_source": "YAML.JOB"
          }
        }
      },
      "StatusCode": 201,
      "ResponseHeaders": {
        "Cache-Control": "no-cache",
        "Content-Length": "1684",
        "Content-Type": "application/json; charset=utf-8",
        "Date": "Wed, 18 Jan 2023 01:31:13 GMT",
        "Expires": "-1",
        "Location": "https://management.azure.com/subscriptions/00000000-0000-0000-0000-000000000/resourceGroups/00000/providers/Microsoft.MachineLearningServices/workspaces/00000/components/azureml_anonymous/versions/11dccfb3-fb0e-15e2-36a7-65412928ea3d?api-version=2022-10-01",
        "Pragma": "no-cache",
        "Request-Context": "appId=cid-v1:512cc15a-13b5-415b-bfd0-dce7accb6bb1",
        "Server-Timing": "traceparent;desc=\u002200-0dccb3d829c0ff40c9e15f3f90d928ac-c8e2896b9024307a-01\u0022",
        "Strict-Transport-Security": "max-age=31536000; includeSubDomains",
        "x-aml-cluster": "vienna-test-westus2-02",
        "X-Content-Type-Options": "nosniff",
        "x-ms-correlation-request-id": "239872c0-5cec-41bf-8e24-673df38c199e",
        "x-ms-ratelimit-remaining-subscription-writes": "1151",
        "x-ms-response-type": "standard",
        "x-ms-routing-request-id": "SOUTHEASTASIA:20230118T013114Z:239872c0-5cec-41bf-8e24-673df38c199e",
        "x-request-time": "1.002"
      },
      "ResponseBody": {
        "id": "/subscriptions/00000000-0000-0000-0000-000000000/resourceGroups/00000/providers/Microsoft.MachineLearningServices/workspaces/00000/components/azureml_anonymous/versions/936e6717-8ab2-403d-90b0-f21004e0385b",
        "name": "936e6717-8ab2-403d-90b0-f21004e0385b",
        "type": "Microsoft.MachineLearningServices/workspaces/components/versions",
        "properties": {
          "description": null,
          "tags": {},
          "properties": {},
          "isArchived": false,
          "isAnonymous": true,
          "componentSpec": {
            "name": "azureml_anonymous",
            "version": "936e6717-8ab2-403d-90b0-f21004e0385b",
            "is_deterministic": "True",
            "type": "command",
            "inputs": {
              "component_in_number": {
                "type": "integer",
                "optional": "False",
                "default": "10",
                "description": "Am integer"
              }
            },
            "code": "azureml:/subscriptions/00000000-0000-0000-0000-000000000/resourceGroups/00000/providers/Microsoft.MachineLearningServices/workspaces/00000/codes/9c9cfba9-82bd-45db-ad06-07009d1d9672/versions/1",
            "environment": "azureml://registries/azureml-dev/environments/AzureML-sklearn-0.24-ubuntu18.04-py37-cpu/versions/1",
            "resources": {
              "instance_count": "1"
            },
            "command": "echo Hello World \u0026 echo ${{inputs.component_in_number}}",
            "$schema": "https://componentsdk.azureedge.net/jsonschema/CommandComponent.json"
          }
        },
        "systemData": {
          "createdAt": "2023-01-17T22:32:45.438169\u002B00:00",
          "createdBy": "Xingzhi Zhang",
          "createdByType": "User",
          "lastModifiedAt": "2023-01-17T22:32:45.7889199\u002B00:00",
          "lastModifiedBy": "Xingzhi Zhang",
          "lastModifiedByType": "User"
        }
      }
    },
    {
      "RequestUri": "https://management.azure.com/subscriptions/00000000-0000-0000-0000-000000000/resourceGroups/00000/providers/Microsoft.MachineLearningServices/workspaces/00000/schedules/test_383718515973?api-version=2022-10-01-preview",
      "RequestMethod": "PUT",
      "RequestHeaders": {
        "Accept": "application/json",
        "Accept-Encoding": "gzip, deflate",
        "Connection": "keep-alive",
        "Content-Length": "2762",
        "Content-Type": "application/json",
        "User-Agent": "azure-ai-ml/1.4.0 azsdk-python-mgmt-machinelearningservices/0.1.0 Python/3.9.13 (Windows-10-10.0.19045-SP0)"
      },
      "RequestBody": {
        "properties": {
          "description": "a weekly retrain schedule",
          "properties": {},
          "tags": {},
          "action": {
            "actionType": "CreateJob",
            "jobDefinition": {
              "description": "The hello world pipeline job with inline components",
              "properties": {},
              "tags": {
                "tag": "tagvalue",
                "owner": "sdkteam"
              },
              "computeId": "/subscriptions/00000000-0000-0000-0000-000000000/resourceGroups/00000/providers/Microsoft.MachineLearningServices/workspaces/00000/computes/cpu-cluster",
              "identity": {
                "identityType": "AMLToken"
              },
              "isArchived": false,
              "jobType": "Pipeline",
              "inputs": {
                "job_in_number": {
                  "jobInputType": "literal",
                  "value": "1"
                },
                "job_in_other_number": {
                  "jobInputType": "literal",
                  "value": "2"
                }
              },
              "jobs": {
                "hello_world_component_inline_1": {
                  "name": "hello_world_component_inline_1",
                  "type": "command",
                  "inputs": {
                    "component_in_number": {
                      "job_input_type": "literal",
                      "value": "${{parent.inputs.job_in_number}}"
                    }
                  },
                  "_source": "YAML.JOB",
                  "componentId": "/subscriptions/00000000-0000-0000-0000-000000000/resourceGroups/00000/providers/Microsoft.MachineLearningServices/workspaces/00000/components/azureml_anonymous/versions/44c41a38-0438-4d87-aa2d-23cfe57e513b"
                },
                "hello_world_component_inline_2": {
                  "name": "hello_world_component_inline_2",
                  "type": "command",
                  "inputs": {
                    "component_in_number": {
                      "job_input_type": "literal",
                      "value": "${{parent.inputs.job_in_number}}"
                    }
                  },
                  "_source": "YAML.JOB",
                  "componentId": "/subscriptions/00000000-0000-0000-0000-000000000/resourceGroups/00000/providers/Microsoft.MachineLearningServices/workspaces/00000/components/azureml_anonymous/versions/1ed101e1-7ef3-40de-92d7-5e391ceee750"
                },
                "hello_world_component_inline_3": {
                  "name": "hello_world_component_inline_3",
                  "type": "command",
                  "inputs": {
                    "component_in_number": {
                      "job_input_type": "literal",
                      "value": "${{parent.inputs.job_in_number}}"
                    }
                  },
                  "_source": "YAML.JOB",
                  "componentId": "/subscriptions/00000000-0000-0000-0000-000000000/resourceGroups/00000/providers/Microsoft.MachineLearningServices/workspaces/00000/components/azureml_anonymous/versions/936e6717-8ab2-403d-90b0-f21004e0385b"
                }
              },
              "outputs": {},
              "settings": {
                "default_compute": "/subscriptions/00000000-0000-0000-0000-000000000/resourceGroups/00000/providers/Microsoft.MachineLearningServices/workspaces/00000/computes/cpu-cluster-1",
                "default_datastore": "/subscriptions/00000000-0000-0000-0000-000000000/resourceGroups/00000/providers/Microsoft.MachineLearningServices/workspaces/00000/datastores/workspacefilestore",
                "continue_on_step_failure": true,
                "_source": "YAML.JOB"
              }
            }
          },
          "displayName": "weekly retrain schedule",
          "trigger": {
            "startTime": "2022-05-10 10:15:00",
            "timeZone": "Pacific Standard Time",
            "triggerType": "Recurrence",
            "frequency": "week",
            "interval": 1,
            "schedule": {
              "hours": [
                10
              ],
              "minutes": [
                15
              ],
              "weekDays": [
                "monday"
              ]
            }
          }
        }
      },
      "StatusCode": 201,
      "ResponseHeaders": {
        "Azure-AsyncOperation": "https://management.azure.com/subscriptions/00000000-0000-0000-0000-000000000/providers/Microsoft.MachineLearningServices/locations/centraluseuap/mfeOperationsStatus/s:e61cd5e2-512f-475e-9842-5e2a973993b8:O0BwON11vbIsp5xjD4VpGgt6JMOysX_aQ2yXHBiCK5s?api-version=2022-10-01-preview",
        "Cache-Control": "no-cache",
        "Content-Length": "4086",
        "Content-Type": "application/json; charset=utf-8",
        "Date": "Wed, 18 Jan 2023 01:31:15 GMT",
        "Expires": "-1",
        "Location": "https://management.azure.com/subscriptions/00000000-0000-0000-0000-000000000/resourceGroups/00000/providers/Microsoft.MachineLearningServices/workspaces/00000/schedules/test_383718515973?api-version=2022-10-01-preview",
        "Pragma": "no-cache",
        "Request-Context": "appId=cid-v1:512cc15a-13b5-415b-bfd0-dce7accb6bb1",
        "Server-Timing": "traceparent;desc=\u002200-3cbfded1073111f23b812a8d23f2c604-2932de945e15dc40-01\u0022",
        "Strict-Transport-Security": "max-age=31536000; includeSubDomains",
        "x-aml-cluster": "vienna-test-westus2-02",
        "X-Content-Type-Options": "nosniff",
        "x-ms-async-operation-timeout": "PT30M",
        "x-ms-correlation-request-id": "a28f3165-fe72-4105-a745-1de33e3214d3",
        "x-ms-ratelimit-remaining-subscription-writes": "1150",
        "x-ms-response-type": "standard",
        "x-ms-routing-request-id": "SOUTHEASTASIA:20230118T013115Z:a28f3165-fe72-4105-a745-1de33e3214d3",
        "x-request-time": "0.057"
      },
      "ResponseBody": {
        "properties": {
          "description": "a weekly retrain schedule",
          "tags": {},
          "properties": {},
          "displayName": "weekly retrain schedule",
          "isEnabled": true,
          "trigger": {
            "endTime": null,
            "startTime": "2022-05-10 10:15:00",
            "timeZone": "Pacific Standard Time",
            "triggerType": "Recurrence",
            "frequency": "Week",
            "interval": 1,
            "schedule": {
              "hours": [
                10
              ],
              "minutes": [
                15
              ],
              "weekDays": [
                "Monday"
              ],
              "monthDays": null
            }
          },
          "action": {
            "actionType": "CreateJob",
            "jobDefinition": {
              "description": "The hello world pipeline job with inline components",
              "tags": {
                "tag": "tagvalue",
                "owner": "sdkteam"
              },
              "properties": {},
              "displayName": null,
              "status": "NotStarted",
              "experimentName": "Default",
              "services": null,
              "computeId": "/subscriptions/00000000-0000-0000-0000-000000000/resourceGroups/00000/providers/Microsoft.MachineLearningServices/workspaces/00000/computes/cpu-cluster",
              "isArchived": false,
              "identity": {
                "identityType": "AMLToken"
              },
              "componentId": null,
              "jobType": "Pipeline",
              "settings": {
                "default_compute": "/subscriptions/00000000-0000-0000-0000-000000000/resourceGroups/00000/providers/Microsoft.MachineLearningServices/workspaces/00000/computes/cpu-cluster-1",
                "default_datastore": "/subscriptions/00000000-0000-0000-0000-000000000/resourceGroups/00000/providers/Microsoft.MachineLearningServices/workspaces/00000/datastores/workspacefilestore",
                "continue_on_step_failure": true,
                "_source": "YAML.JOB"
              },
              "jobs": {
                "hello_world_component_inline_1": {
                  "name": "hello_world_component_inline_1",
                  "type": "command",
                  "inputs": {
                    "component_in_number": {
                      "job_input_type": "literal",
                      "value": "${{parent.inputs.job_in_number}}"
                    }
                  },
                  "_source": "YAML.JOB",
                  "componentId": "/subscriptions/00000000-0000-0000-0000-000000000/resourceGroups/00000/providers/Microsoft.MachineLearningServices/workspaces/00000/components/azureml_anonymous/versions/44c41a38-0438-4d87-aa2d-23cfe57e513b"
                },
                "hello_world_component_inline_2": {
                  "name": "hello_world_component_inline_2",
                  "type": "command",
                  "inputs": {
                    "component_in_number": {
                      "job_input_type": "literal",
                      "value": "${{parent.inputs.job_in_number}}"
                    }
                  },
                  "_source": "YAML.JOB",
                  "componentId": "/subscriptions/00000000-0000-0000-0000-000000000/resourceGroups/00000/providers/Microsoft.MachineLearningServices/workspaces/00000/components/azureml_anonymous/versions/1ed101e1-7ef3-40de-92d7-5e391ceee750"
                },
                "hello_world_component_inline_3": {
                  "name": "hello_world_component_inline_3",
                  "type": "command",
                  "inputs": {
                    "component_in_number": {
                      "job_input_type": "literal",
                      "value": "${{parent.inputs.job_in_number}}"
                    }
                  },
                  "_source": "YAML.JOB",
                  "componentId": "/subscriptions/00000000-0000-0000-0000-000000000/resourceGroups/00000/providers/Microsoft.MachineLearningServices/workspaces/00000/components/azureml_anonymous/versions/936e6717-8ab2-403d-90b0-f21004e0385b"
                }
              },
              "inputs": {
                "job_in_number": {
                  "description": null,
                  "jobInputType": "literal",
                  "value": "1"
                },
                "job_in_other_number": {
                  "description": null,
                  "jobInputType": "literal",
                  "value": "2"
                }
              },
              "outputs": {},
              "sourceJobId": null
            }
          },
          "provisioningState": "Creating"
        }
      }
    },
    {
      "RequestUri": "https://management.azure.com/subscriptions/00000000-0000-0000-0000-000000000/providers/Microsoft.MachineLearningServices/locations/centraluseuap/mfeOperationsStatus/s:e61cd5e2-512f-475e-9842-5e2a973993b8:O0BwON11vbIsp5xjD4VpGgt6JMOysX_aQ2yXHBiCK5s?api-version=2022-10-01-preview",
      "RequestMethod": "GET",
      "RequestHeaders": {
        "Accept": "*/*",
        "Accept-Encoding": "gzip, deflate",
        "Connection": "keep-alive",
        "User-Agent": "azure-ai-ml/1.4.0 azsdk-python-mgmt-machinelearningservices/0.1.0 Python/3.9.13 (Windows-10-10.0.19045-SP0)"
      },
      "RequestBody": null,
      "StatusCode": 200,
      "ResponseHeaders": {
        "Cache-Control": "no-cache",
        "Content-Encoding": "gzip",
        "Content-Type": "application/json; charset=utf-8",
        "Date": "Wed, 18 Jan 2023 01:31:15 GMT",
        "Expires": "-1",
        "Pragma": "no-cache",
        "Request-Context": "appId=cid-v1:512cc15a-13b5-415b-bfd0-dce7accb6bb1",
        "Server-Timing": "traceparent;desc=\u002200-17d0450c0da6992a7c1a4e7bf77f5c2e-623c5ea844cb7324-01\u0022",
        "Strict-Transport-Security": "max-age=31536000; includeSubDomains",
        "Transfer-Encoding": "chunked",
        "Vary": [
          "Accept-Encoding",
          "Accept-Encoding"
        ],
        "x-aml-cluster": "vienna-test-westus2-02",
        "X-Content-Type-Options": "nosniff",
        "x-ms-correlation-request-id": "90ce29dc-83ce-4a64-a39b-87e3be1c37a2",
        "x-ms-ratelimit-remaining-subscription-reads": "11926",
        "x-ms-response-type": "standard",
        "x-ms-routing-request-id": "SOUTHEASTASIA:20230118T013116Z:90ce29dc-83ce-4a64-a39b-87e3be1c37a2",
        "x-request-time": "0.024"
      },
      "ResponseBody": {
        "id": "/subscriptions/00000000-0000-0000-0000-000000000/providers/Microsoft.MachineLearningServices/locations/centraluseuap/mfeOperationResults/s:e61cd5e2-512f-475e-9842-5e2a973993b8:O0BwON11vbIsp5xjD4VpGgt6JMOysX_aQ2yXHBiCK5s",
        "name": "s:e61cd5e2-512f-475e-9842-5e2a973993b8:O0BwON11vbIsp5xjD4VpGgt6JMOysX_aQ2yXHBiCK5s",
        "status": "Creating"
      }
    },
    {
      "RequestUri": "https://management.azure.com/subscriptions/00000000-0000-0000-0000-000000000/providers/Microsoft.MachineLearningServices/locations/centraluseuap/mfeOperationsStatus/s:e61cd5e2-512f-475e-9842-5e2a973993b8:O0BwON11vbIsp5xjD4VpGgt6JMOysX_aQ2yXHBiCK5s?api-version=2022-10-01-preview",
      "RequestMethod": "GET",
      "RequestHeaders": {
        "Accept": "*/*",
        "Accept-Encoding": "gzip, deflate",
        "Connection": "keep-alive",
        "User-Agent": "azure-ai-ml/1.4.0 azsdk-python-mgmt-machinelearningservices/0.1.0 Python/3.9.13 (Windows-10-10.0.19045-SP0)"
      },
      "RequestBody": null,
      "StatusCode": 200,
      "ResponseHeaders": {
        "Cache-Control": "no-cache",
        "Content-Encoding": "gzip",
        "Content-Type": "application/json; charset=utf-8",
        "Date": "Wed, 18 Jan 2023 01:31:20 GMT",
        "Expires": "-1",
        "Pragma": "no-cache",
        "Request-Context": "appId=cid-v1:512cc15a-13b5-415b-bfd0-dce7accb6bb1",
        "Server-Timing": "traceparent;desc=\u002200-b472f1784cbe15533ea31da0d7869c5e-a36107a9805a6349-01\u0022",
        "Strict-Transport-Security": "max-age=31536000; includeSubDomains",
        "Transfer-Encoding": "chunked",
        "Vary": [
          "Accept-Encoding",
          "Accept-Encoding"
        ],
        "x-aml-cluster": "vienna-test-westus2-02",
        "X-Content-Type-Options": "nosniff",
        "x-ms-correlation-request-id": "b70ace6f-32d7-4e9c-80f6-5e0088ce9bb6",
        "x-ms-ratelimit-remaining-subscription-reads": "11925",
        "x-ms-response-type": "standard",
        "x-ms-routing-request-id": "SOUTHEASTASIA:20230118T013121Z:b70ace6f-32d7-4e9c-80f6-5e0088ce9bb6",
        "x-request-time": "0.034"
      },
      "ResponseBody": {
        "id": "/subscriptions/00000000-0000-0000-0000-000000000/providers/Microsoft.MachineLearningServices/locations/centraluseuap/mfeOperationResults/s:e61cd5e2-512f-475e-9842-5e2a973993b8:O0BwON11vbIsp5xjD4VpGgt6JMOysX_aQ2yXHBiCK5s",
        "name": "s:e61cd5e2-512f-475e-9842-5e2a973993b8:O0BwON11vbIsp5xjD4VpGgt6JMOysX_aQ2yXHBiCK5s",
        "status": "Succeeded",
        "startTime": "2023-01-18T01:31:15.81479\u002B00:00",
        "endTime": "2023-01-18T01:31:18\u002B00:00"
      }
    },
    {
      "RequestUri": "https://management.azure.com/subscriptions/00000000-0000-0000-0000-000000000/resourceGroups/00000/providers/Microsoft.MachineLearningServices/workspaces/00000/schedules/test_383718515973?api-version=2022-10-01-preview",
      "RequestMethod": "GET",
      "RequestHeaders": {
        "Accept": "*/*",
        "Accept-Encoding": "gzip, deflate",
        "Connection": "keep-alive",
        "User-Agent": "azure-ai-ml/1.4.0 azsdk-python-mgmt-machinelearningservices/0.1.0 Python/3.9.13 (Windows-10-10.0.19045-SP0)"
      },
      "RequestBody": null,
      "StatusCode": 200,
      "ResponseHeaders": {
        "Cache-Control": "no-cache",
        "Content-Encoding": "gzip",
        "Content-Type": "application/json; charset=utf-8",
        "Date": "Wed, 18 Jan 2023 01:31:22 GMT",
        "Expires": "-1",
        "Pragma": "no-cache",
        "Request-Context": "appId=cid-v1:512cc15a-13b5-415b-bfd0-dce7accb6bb1",
        "Server-Timing": "traceparent;desc=\u002200-269e60fdf97b396e10381282324098cc-97c9c6ce50120706-01\u0022",
        "Strict-Transport-Security": "max-age=31536000; includeSubDomains",
        "Transfer-Encoding": "chunked",
        "Vary": [
          "Accept-Encoding",
          "Accept-Encoding"
        ],
        "x-aml-cluster": "vienna-test-westus2-02",
        "X-Content-Type-Options": "nosniff",
        "x-ms-correlation-request-id": "9ffa0e1b-8799-4eac-b17f-453463a3cbc1",
        "x-ms-ratelimit-remaining-subscription-reads": "11924",
        "x-ms-response-type": "standard",
        "x-ms-routing-request-id": "SOUTHEASTASIA:20230118T013122Z:9ffa0e1b-8799-4eac-b17f-453463a3cbc1",
        "x-request-time": "0.110"
      },
      "ResponseBody": {
        "name": "test_383718515973",
        "properties": {
          "description": "a weekly retrain schedule",
          "tags": {},
          "properties": {},
          "displayName": "weekly retrain schedule",
          "isEnabled": true,
          "trigger": {
            "endTime": null,
            "startTime": "2022-05-10 10:15:00",
            "timeZone": "Pacific Standard Time",
            "triggerType": "Recurrence",
            "frequency": "Week",
            "interval": 1,
            "schedule": {
              "hours": [
                10
              ],
              "minutes": [
                15
              ],
              "weekDays": [
                "Monday"
              ],
              "monthDays": null
            }
          },
          "action": {
            "actionType": "CreateJob",
            "jobDefinition": {
              "description": "The hello world pipeline job with inline components",
              "tags": {
                "tag": "tagvalue",
                "owner": "sdkteam"
              },
              "properties": {},
              "displayName": null,
              "status": "NotStarted",
              "experimentName": "Default",
              "services": null,
              "computeId": "/subscriptions/00000000-0000-0000-0000-000000000/resourceGroups/00000/providers/Microsoft.MachineLearningServices/workspaces/00000/computes/cpu-cluster",
              "isArchived": false,
              "identity": {
                "identityType": "AMLToken"
              },
              "componentId": null,
              "jobType": "Pipeline",
              "settings": {
                "default_compute": "/subscriptions/00000000-0000-0000-0000-000000000/resourceGroups/00000/providers/Microsoft.MachineLearningServices/workspaces/00000/computes/cpu-cluster-1",
                "default_datastore": "/subscriptions/00000000-0000-0000-0000-000000000/resourceGroups/00000/providers/Microsoft.MachineLearningServices/workspaces/00000/datastores/workspacefilestore",
                "continue_on_step_failure": true,
                "_source": "YAML.JOB"
              },
              "jobs": {
                "hello_world_component_inline_1": {
                  "name": "hello_world_component_inline_1",
                  "type": "command",
                  "inputs": {
                    "component_in_number": {
                      "job_input_type": "literal",
                      "value": "${{parent.inputs.job_in_number}}"
                    }
                  },
                  "_source": "YAML.JOB",
                  "componentId": "/subscriptions/00000000-0000-0000-0000-000000000/resourceGroups/00000/providers/Microsoft.MachineLearningServices/workspaces/00000/components/azureml_anonymous/versions/44c41a38-0438-4d87-aa2d-23cfe57e513b"
                },
                "hello_world_component_inline_2": {
                  "name": "hello_world_component_inline_2",
                  "type": "command",
                  "inputs": {
                    "component_in_number": {
                      "job_input_type": "literal",
                      "value": "${{parent.inputs.job_in_number}}"
                    }
                  },
                  "_source": "YAML.JOB",
                  "componentId": "/subscriptions/00000000-0000-0000-0000-000000000/resourceGroups/00000/providers/Microsoft.MachineLearningServices/workspaces/00000/components/azureml_anonymous/versions/1ed101e1-7ef3-40de-92d7-5e391ceee750"
                },
                "hello_world_component_inline_3": {
                  "name": "hello_world_component_inline_3",
                  "type": "command",
                  "inputs": {
                    "component_in_number": {
                      "job_input_type": "literal",
                      "value": "${{parent.inputs.job_in_number}}"
                    }
                  },
                  "_source": "YAML.JOB",
                  "componentId": "/subscriptions/00000000-0000-0000-0000-000000000/resourceGroups/00000/providers/Microsoft.MachineLearningServices/workspaces/00000/components/azureml_anonymous/versions/936e6717-8ab2-403d-90b0-f21004e0385b"
                }
              },
              "inputs": {
                "job_in_number": {
                  "description": null,
                  "jobInputType": "literal",
                  "value": "1"
                },
                "job_in_other_number": {
                  "description": null,
                  "jobInputType": "literal",
                  "value": "2"
                }
              },
              "outputs": {},
              "sourceJobId": null
            }
          },
          "provisioningState": "Succeeded"
        },
        "systemData": {
          "createdAt": "2023-01-18T01:31:18.4590149\u002B00:00",
          "createdBy": "Xingzhi Zhang",
          "createdByType": "User",
          "lastModifiedAt": "2023-01-18T01:31:18.4590149\u002B00:00",
          "lastModifiedBy": "Xingzhi Zhang",
          "lastModifiedByType": "User"
        }
      }
    },
    {
      "RequestUri": "https://management.azure.com/subscriptions/00000000-0000-0000-0000-000000000/resourceGroups/00000/providers/Microsoft.MachineLearningServices/workspaces/00000/schedules/test_383718515973?api-version=2022-10-01-preview",
      "RequestMethod": "GET",
      "RequestHeaders": {
        "Accept": "application/json",
        "Accept-Encoding": "gzip, deflate",
        "Connection": "keep-alive",
        "User-Agent": "azure-ai-ml/1.4.0 azsdk-python-mgmt-machinelearningservices/0.1.0 Python/3.9.13 (Windows-10-10.0.19045-SP0)"
      },
      "RequestBody": null,
      "StatusCode": 200,
      "ResponseHeaders": {
        "Cache-Control": "no-cache",
        "Content-Encoding": "gzip",
        "Content-Type": "application/json; charset=utf-8",
        "Date": "Wed, 18 Jan 2023 01:31:22 GMT",
        "Expires": "-1",
        "Pragma": "no-cache",
        "Request-Context": "appId=cid-v1:512cc15a-13b5-415b-bfd0-dce7accb6bb1",
        "Server-Timing": "traceparent;desc=\u002200-ff1e3d09d24f1b0ec7d4ea17ccfd37a3-43bb4c42f406aa5a-01\u0022",
        "Strict-Transport-Security": "max-age=31536000; includeSubDomains",
        "Transfer-Encoding": "chunked",
        "Vary": [
          "Accept-Encoding",
          "Accept-Encoding"
        ],
        "x-aml-cluster": "vienna-test-westus2-02",
        "X-Content-Type-Options": "nosniff",
        "x-ms-correlation-request-id": "071b88f9-2148-40e9-91b6-fa9f30067859",
        "x-ms-ratelimit-remaining-subscription-reads": "11923",
        "x-ms-response-type": "standard",
        "x-ms-routing-request-id": "SOUTHEASTASIA:20230118T013123Z:071b88f9-2148-40e9-91b6-fa9f30067859",
        "x-request-time": "0.116"
      },
      "ResponseBody": {
        "name": "test_383718515973",
        "properties": {
          "description": "a weekly retrain schedule",
          "tags": {},
          "properties": {},
          "displayName": "weekly retrain schedule",
          "isEnabled": true,
          "trigger": {
            "endTime": null,
            "startTime": "2022-05-10 10:15:00",
            "timeZone": "Pacific Standard Time",
            "triggerType": "Recurrence",
            "frequency": "Week",
            "interval": 1,
            "schedule": {
              "hours": [
                10
              ],
              "minutes": [
                15
              ],
              "weekDays": [
                "Monday"
              ],
              "monthDays": null
            }
          },
          "action": {
            "actionType": "CreateJob",
            "jobDefinition": {
              "description": "The hello world pipeline job with inline components",
              "tags": {
                "tag": "tagvalue",
                "owner": "sdkteam"
              },
              "properties": {},
              "displayName": null,
              "status": "NotStarted",
              "experimentName": "Default",
              "services": null,
              "computeId": "/subscriptions/00000000-0000-0000-0000-000000000/resourceGroups/00000/providers/Microsoft.MachineLearningServices/workspaces/00000/computes/cpu-cluster",
              "isArchived": false,
              "identity": {
                "identityType": "AMLToken"
              },
              "componentId": null,
              "jobType": "Pipeline",
              "settings": {
                "default_compute": "/subscriptions/00000000-0000-0000-0000-000000000/resourceGroups/00000/providers/Microsoft.MachineLearningServices/workspaces/00000/computes/cpu-cluster-1",
                "default_datastore": "/subscriptions/00000000-0000-0000-0000-000000000/resourceGroups/00000/providers/Microsoft.MachineLearningServices/workspaces/00000/datastores/workspacefilestore",
                "continue_on_step_failure": true,
                "_source": "YAML.JOB"
              },
              "jobs": {
                "hello_world_component_inline_1": {
                  "name": "hello_world_component_inline_1",
                  "type": "command",
                  "inputs": {
                    "component_in_number": {
                      "job_input_type": "literal",
                      "value": "${{parent.inputs.job_in_number}}"
                    }
                  },
                  "_source": "YAML.JOB",
                  "componentId": "/subscriptions/00000000-0000-0000-0000-000000000/resourceGroups/00000/providers/Microsoft.MachineLearningServices/workspaces/00000/components/azureml_anonymous/versions/44c41a38-0438-4d87-aa2d-23cfe57e513b"
                },
                "hello_world_component_inline_2": {
                  "name": "hello_world_component_inline_2",
                  "type": "command",
                  "inputs": {
                    "component_in_number": {
                      "job_input_type": "literal",
                      "value": "${{parent.inputs.job_in_number}}"
                    }
                  },
                  "_source": "YAML.JOB",
                  "componentId": "/subscriptions/00000000-0000-0000-0000-000000000/resourceGroups/00000/providers/Microsoft.MachineLearningServices/workspaces/00000/components/azureml_anonymous/versions/1ed101e1-7ef3-40de-92d7-5e391ceee750"
                },
                "hello_world_component_inline_3": {
                  "name": "hello_world_component_inline_3",
                  "type": "command",
                  "inputs": {
                    "component_in_number": {
                      "job_input_type": "literal",
                      "value": "${{parent.inputs.job_in_number}}"
                    }
                  },
                  "_source": "YAML.JOB",
                  "componentId": "/subscriptions/00000000-0000-0000-0000-000000000/resourceGroups/00000/providers/Microsoft.MachineLearningServices/workspaces/00000/components/azureml_anonymous/versions/936e6717-8ab2-403d-90b0-f21004e0385b"
                }
              },
              "inputs": {
                "job_in_number": {
                  "description": null,
                  "jobInputType": "literal",
                  "value": "1"
                },
                "job_in_other_number": {
                  "description": null,
                  "jobInputType": "literal",
                  "value": "2"
                }
              },
              "outputs": {},
              "sourceJobId": null
            }
          },
          "provisioningState": "Succeeded"
        },
        "systemData": {
          "createdAt": "2023-01-18T01:31:18.4590149\u002B00:00",
          "createdBy": "Xingzhi Zhang",
          "createdByType": "User",
          "lastModifiedAt": "2023-01-18T01:31:18.4590149\u002B00:00",
          "lastModifiedBy": "Xingzhi Zhang",
          "lastModifiedByType": "User"
        }
      }
    },
    {
      "RequestUri": "https://management.azure.com/subscriptions/00000000-0000-0000-0000-000000000/resourceGroups/00000/providers/Microsoft.MachineLearningServices/workspaces/00000/schedules/test_383718515973?api-version=2022-10-01-preview",
      "RequestMethod": "PUT",
      "RequestHeaders": {
        "Accept": "application/json",
        "Accept-Encoding": "gzip, deflate",
        "Connection": "keep-alive",
        "Content-Length": "2865",
        "Content-Type": "application/json",
        "User-Agent": "azure-ai-ml/1.4.0 azsdk-python-mgmt-machinelearningservices/0.1.0 Python/3.9.13 (Windows-10-10.0.19045-SP0)"
      },
      "RequestBody": {
        "properties": {
          "description": "a weekly retrain schedule",
          "properties": {},
          "tags": {},
          "action": {
            "actionType": "CreateJob",
            "jobDefinition": {
              "description": "The hello world pipeline job with inline components",
              "properties": {},
              "tags": {
                "tag": "tagvalue",
                "owner": "sdkteam"
              },
              "computeId": "/subscriptions/00000000-0000-0000-0000-000000000/resourceGroups/00000/providers/Microsoft.MachineLearningServices/workspaces/00000/computes/cpu-cluster",
              "experimentName": "Default",
              "identity": {
                "identityType": "AMLToken"
              },
              "isArchived": false,
              "jobType": "Pipeline",
              "inputs": {
                "job_in_number": {
                  "jobInputType": "literal",
                  "value": "1"
                },
                "job_in_other_number": {
                  "jobInputType": "literal",
                  "value": "2"
                }
              },
              "jobs": {
                "hello_world_component_inline_1": {
                  "name": "hello_world_component_inline_1",
                  "type": "command",
                  "inputs": {
                    "component_in_number": {
                      "job_input_type": "literal",
                      "value": "${{parent.inputs.job_in_number}}"
                    }
                  },
                  "_source": "REMOTE.WORKSPACE.COMPONENT",
                  "componentId": "/subscriptions/00000000-0000-0000-0000-000000000/resourceGroups/00000/providers/Microsoft.MachineLearningServices/workspaces/00000/components/azureml_anonymous/versions/44c41a38-0438-4d87-aa2d-23cfe57e513b"
                },
                "hello_world_component_inline_2": {
                  "name": "hello_world_component_inline_2",
                  "type": "command",
                  "inputs": {
                    "component_in_number": {
                      "job_input_type": "literal",
                      "value": "${{parent.inputs.job_in_number}}"
                    }
                  },
                  "_source": "REMOTE.WORKSPACE.COMPONENT",
                  "componentId": "/subscriptions/00000000-0000-0000-0000-000000000/resourceGroups/00000/providers/Microsoft.MachineLearningServices/workspaces/00000/components/azureml_anonymous/versions/1ed101e1-7ef3-40de-92d7-5e391ceee750"
                },
                "hello_world_component_inline_3": {
                  "name": "hello_world_component_inline_3",
                  "type": "command",
                  "inputs": {
                    "component_in_number": {
                      "job_input_type": "literal",
                      "value": "${{parent.inputs.job_in_number}}"
                    }
                  },
                  "_source": "REMOTE.WORKSPACE.COMPONENT",
                  "componentId": "/subscriptions/00000000-0000-0000-0000-000000000/resourceGroups/00000/providers/Microsoft.MachineLearningServices/workspaces/00000/components/azureml_anonymous/versions/936e6717-8ab2-403d-90b0-f21004e0385b"
                }
              },
              "outputs": {},
              "settings": {
                "default_compute": "/subscriptions/00000000-0000-0000-0000-000000000/resourceGroups/00000/providers/Microsoft.MachineLearningServices/workspaces/00000/computes/cpu-cluster-1",
                "default_datastore": "/subscriptions/00000000-0000-0000-0000-000000000/resourceGroups/00000/providers/Microsoft.MachineLearningServices/workspaces/00000/datastores/workspacefilestore",
                "continue_on_step_failure": true,
                "_source": "YAML.JOB"
              }
            }
          },
          "displayName": "weekly retrain schedule",
          "isEnabled": false,
          "trigger": {
            "startTime": "2022-05-10 10:15:00",
            "timeZone": "Pacific Standard Time",
            "triggerType": "Recurrence",
            "frequency": "week",
            "interval": 1,
            "schedule": {
              "hours": [
                10
              ],
              "minutes": [
                15
              ],
              "weekDays": [
                "Monday"
              ]
            }
          }
        }
      },
      "StatusCode": 201,
      "ResponseHeaders": {
        "Azure-AsyncOperation": "https://management.azure.com/subscriptions/00000000-0000-0000-0000-000000000/providers/Microsoft.MachineLearningServices/locations/centraluseuap/mfeOperationsStatus/s:e61cd5e2-512f-475e-9842-5e2a973993b8:1mmbF4ORJhJLmVLEQoo305_L_XBUOMmb_ve4ed7IlnQ?api-version=2022-10-01-preview",
        "Cache-Control": "no-cache",
        "Content-Length": "4141",
        "Content-Type": "application/json; charset=utf-8",
        "Date": "Wed, 18 Jan 2023 01:31:23 GMT",
        "Expires": "-1",
        "Location": "https://management.azure.com/subscriptions/00000000-0000-0000-0000-000000000/resourceGroups/00000/providers/Microsoft.MachineLearningServices/workspaces/00000/schedules/test_383718515973?api-version=2022-10-01-preview",
        "Pragma": "no-cache",
        "Request-Context": "appId=cid-v1:512cc15a-13b5-415b-bfd0-dce7accb6bb1",
        "Server-Timing": "traceparent;desc=\u002200-b7e0e1dc04c271712fa5d6779759b3c9-c0a7acb1d08f9bcf-01\u0022",
        "Strict-Transport-Security": "max-age=31536000; includeSubDomains",
        "x-aml-cluster": "vienna-test-westus2-02",
        "X-Content-Type-Options": "nosniff",
        "x-ms-async-operation-timeout": "PT30M",
        "x-ms-correlation-request-id": "3c3f6552-8252-44df-9565-a49c503b3218",
        "x-ms-ratelimit-remaining-subscription-writes": "1149",
        "x-ms-response-type": "standard",
        "x-ms-routing-request-id": "SOUTHEASTASIA:20230118T013124Z:3c3f6552-8252-44df-9565-a49c503b3218",
        "x-request-time": "0.060"
      },
      "ResponseBody": {
        "properties": {
          "description": "a weekly retrain schedule",
          "tags": {},
          "properties": {},
          "displayName": "weekly retrain schedule",
          "isEnabled": false,
          "trigger": {
            "endTime": null,
            "startTime": "2022-05-10 10:15:00",
            "timeZone": "Pacific Standard Time",
            "triggerType": "Recurrence",
            "frequency": "Week",
            "interval": 1,
            "schedule": {
              "hours": [
                10
              ],
              "minutes": [
                15
              ],
              "weekDays": [
                "Monday"
              ],
              "monthDays": null
            }
          },
          "action": {
            "actionType": "CreateJob",
            "jobDefinition": {
              "description": "The hello world pipeline job with inline components",
              "tags": {
                "tag": "tagvalue",
                "owner": "sdkteam"
              },
              "properties": {},
              "displayName": null,
              "status": "NotStarted",
              "experimentName": "Default",
              "services": null,
              "computeId": "/subscriptions/00000000-0000-0000-0000-000000000/resourceGroups/00000/providers/Microsoft.MachineLearningServices/workspaces/00000/computes/cpu-cluster",
              "isArchived": false,
              "identity": {
                "identityType": "AMLToken"
              },
              "componentId": null,
              "jobType": "Pipeline",
              "settings": {
                "default_compute": "/subscriptions/00000000-0000-0000-0000-000000000/resourceGroups/00000/providers/Microsoft.MachineLearningServices/workspaces/00000/computes/cpu-cluster-1",
                "default_datastore": "/subscriptions/00000000-0000-0000-0000-000000000/resourceGroups/00000/providers/Microsoft.MachineLearningServices/workspaces/00000/datastores/workspacefilestore",
                "continue_on_step_failure": true,
                "_source": "YAML.JOB"
              },
              "jobs": {
                "hello_world_component_inline_1": {
                  "name": "hello_world_component_inline_1",
                  "type": "command",
                  "inputs": {
                    "component_in_number": {
                      "job_input_type": "literal",
                      "value": "${{parent.inputs.job_in_number}}"
                    }
                  },
                  "_source": "REMOTE.WORKSPACE.COMPONENT",
                  "componentId": "/subscriptions/00000000-0000-0000-0000-000000000/resourceGroups/00000/providers/Microsoft.MachineLearningServices/workspaces/00000/components/azureml_anonymous/versions/44c41a38-0438-4d87-aa2d-23cfe57e513b"
                },
                "hello_world_component_inline_2": {
                  "name": "hello_world_component_inline_2",
                  "type": "command",
                  "inputs": {
                    "component_in_number": {
                      "job_input_type": "literal",
                      "value": "${{parent.inputs.job_in_number}}"
                    }
                  },
                  "_source": "REMOTE.WORKSPACE.COMPONENT",
                  "componentId": "/subscriptions/00000000-0000-0000-0000-000000000/resourceGroups/00000/providers/Microsoft.MachineLearningServices/workspaces/00000/components/azureml_anonymous/versions/1ed101e1-7ef3-40de-92d7-5e391ceee750"
                },
                "hello_world_component_inline_3": {
                  "name": "hello_world_component_inline_3",
                  "type": "command",
                  "inputs": {
                    "component_in_number": {
                      "job_input_type": "literal",
                      "value": "${{parent.inputs.job_in_number}}"
                    }
                  },
                  "_source": "REMOTE.WORKSPACE.COMPONENT",
                  "componentId": "/subscriptions/00000000-0000-0000-0000-000000000/resourceGroups/00000/providers/Microsoft.MachineLearningServices/workspaces/00000/components/azureml_anonymous/versions/936e6717-8ab2-403d-90b0-f21004e0385b"
                }
              },
              "inputs": {
                "job_in_number": {
                  "description": null,
                  "jobInputType": "literal",
                  "value": "1"
                },
                "job_in_other_number": {
                  "description": null,
                  "jobInputType": "literal",
                  "value": "2"
                }
              },
              "outputs": {},
              "sourceJobId": null
            }
          },
          "provisioningState": "Creating"
        }
      }
    }
  ],
  "Variables": {
    "name": "test_383718515973"
  }
}
