{
  "Entries": [
    {
      "RequestUri": "https://management.azure.com/subscriptions/00000000-0000-0000-0000-000000000/resourceGroups/00000/providers/Microsoft.MachineLearningServices/workspaces/00000/datastores/workspaceblobstore?api-version=2022-05-01",
      "RequestMethod": "GET",
      "RequestHeaders": {
        "Accept": "application/json",
        "Accept-Encoding": "gzip, deflate",
        "Connection": "keep-alive",
        "User-Agent": "azure-ai-ml/1.3.0 azsdk-python-mgmt-machinelearningservices/0.1.0 Python/3.10.8 (Windows-10-10.0.22621-SP0)"
      },
      "RequestBody": null,
      "StatusCode": 200,
      "ResponseHeaders": {
        "Cache-Control": "no-cache",
        "Content-Encoding": "gzip",
        "Content-Type": "application/json; charset=utf-8",
        "Date": "Wed, 28 Dec 2022 20:05:48 GMT",
        "Expires": "-1",
        "Pragma": "no-cache",
        "Request-Context": "appId=cid-v1:2d2e8e63-272e-4b3c-8598-4ee570a0e70d",
        "Server-Timing": "traceparent;desc=\u002200-c23e83bf1f2e1883757bf8a5a660bd3c-409d9d06a21751d5-00\u0022",
        "Strict-Transport-Security": "max-age=31536000; includeSubDomains",
        "Transfer-Encoding": "chunked",
        "Vary": [
          "Accept-Encoding",
          "Accept-Encoding"
        ],
        "x-aml-cluster": "vienna-westus-02",
        "X-Content-Type-Options": "nosniff",
        "x-ms-correlation-request-id": "a543c7be-afc8-44ad-a62b-cc1f162327f4",
        "x-ms-ratelimit-remaining-subscription-reads": "11972",
        "x-ms-response-type": "standard",
        "x-ms-routing-request-id": "EASTUS:20221228T200548Z:a543c7be-afc8-44ad-a62b-cc1f162327f4",
        "x-request-time": "0.096"
      },
      "ResponseBody": {
        "id": "/subscriptions/00000000-0000-0000-0000-000000000/resourceGroups/00000/providers/Microsoft.MachineLearningServices/workspaces/00000/datastores/workspaceblobstore",
        "name": "workspaceblobstore",
        "type": "Microsoft.MachineLearningServices/workspaces/datastores",
        "properties": {
          "description": null,
          "tags": null,
          "properties": null,
          "isDefault": true,
          "credentials": {
            "credentialsType": "AccountKey"
          },
          "datastoreType": "AzureBlob",
          "accountName": "sauucsxpn24slls",
          "containerName": "azureml-blobstore-55dbca7f-9e65-4feb-8c41-d63789be2717",
          "endpoint": "core.windows.net",
          "protocol": "https",
          "serviceDataAccessAuthIdentity": "WorkspaceSystemAssignedIdentity"
        },
        "systemData": {
          "createdAt": "2022-12-13T16:14:50.1412936\u002B00:00",
          "createdBy": "779301c0-18b2-4cdc-801b-a0a3368fee0a",
          "createdByType": "Application",
          "lastModifiedAt": "2022-12-13T16:14:50.7943244\u002B00:00",
          "lastModifiedBy": "779301c0-18b2-4cdc-801b-a0a3368fee0a",
          "lastModifiedByType": "Application"
        }
      }
    },
    {
      "RequestUri": "https://management.azure.com/subscriptions/00000000-0000-0000-0000-000000000/resourceGroups/00000/providers/Microsoft.MachineLearningServices/workspaces/00000/datastores/workspaceblobstore/listSecrets?api-version=2022-05-01",
      "RequestMethod": "POST",
      "RequestHeaders": {
        "Accept": "application/json",
        "Accept-Encoding": "gzip, deflate",
        "Connection": "keep-alive",
        "Content-Length": "0",
        "User-Agent": "azure-ai-ml/1.3.0 azsdk-python-mgmt-machinelearningservices/0.1.0 Python/3.10.8 (Windows-10-10.0.22621-SP0)"
      },
      "RequestBody": null,
      "StatusCode": 200,
      "ResponseHeaders": {
        "Cache-Control": "no-cache",
        "Content-Encoding": "gzip",
        "Content-Type": "application/json; charset=utf-8",
        "Date": "Wed, 28 Dec 2022 20:05:48 GMT",
        "Expires": "-1",
        "Pragma": "no-cache",
        "Request-Context": "appId=cid-v1:2d2e8e63-272e-4b3c-8598-4ee570a0e70d",
        "Server-Timing": "traceparent;desc=\u002200-e501353983c095697eba2eaee8c8feac-d27de483718c0099-00\u0022",
        "Strict-Transport-Security": "max-age=31536000; includeSubDomains",
        "Transfer-Encoding": "chunked",
        "Vary": "Accept-Encoding",
        "x-aml-cluster": "vienna-westus-02",
        "X-Content-Type-Options": "nosniff",
        "x-ms-correlation-request-id": "3dfd053e-aaf6-43b7-84b1-68f5033c291b",
        "x-ms-ratelimit-remaining-subscription-writes": "1193",
        "x-ms-response-type": "standard",
        "x-ms-routing-request-id": "EASTUS:20221228T200548Z:3dfd053e-aaf6-43b7-84b1-68f5033c291b",
        "x-request-time": "0.099"
      },
      "ResponseBody": {
        "secretsType": "AccountKey",
        "key": "dGhpcyBpcyBmYWtlIGtleQ=="
      }
    },
    {
      "RequestUri": "https://sauucsxpn24slls.blob.core.windows.net/azureml-blobstore-55dbca7f-9e65-4feb-8c41-d63789be2717/LocalUpload/00000000000000000000000000000000/data/sample1.csv",
      "RequestMethod": "HEAD",
      "RequestHeaders": {
        "Accept": "application/xml",
        "Accept-Encoding": "gzip, deflate",
        "Connection": "keep-alive",
        "User-Agent": "azsdk-python-storage-blob/12.12.0 Python/3.10.8 (Windows-10-10.0.22621-SP0)",
        "x-ms-date": "Wed, 28 Dec 2022 20:05:49 GMT",
        "x-ms-version": "2021-06-08"
      },
      "RequestBody": null,
      "StatusCode": 200,
      "ResponseHeaders": {
        "Accept-Ranges": "bytes",
        "Content-Length": "508",
        "Content-MD5": "dUQjYq1qrTeqLOaZ4N2AUQ==",
        "Content-Type": "application/octet-stream",
        "Date": "Wed, 28 Dec 2022 20:05:48 GMT",
        "ETag": "\u00220x8DAE460C838D336\u0022",
        "Last-Modified": "Thu, 22 Dec 2022 21:09:15 GMT",
        "Server": [
          "Windows-Azure-Blob/1.0",
          "Microsoft-HTTPAPI/2.0"
        ],
        "Vary": "Origin",
        "x-ms-access-tier": "Hot",
        "x-ms-access-tier-inferred": "true",
        "x-ms-blob-type": "BlockBlob",
        "x-ms-creation-time": "Thu, 22 Dec 2022 21:09:15 GMT",
        "x-ms-lease-state": "available",
        "x-ms-lease-status": "unlocked",
        "x-ms-meta-name": "66719365-f937-4711-8486-b75a532bdcda",
        "x-ms-meta-upload_status": "completed",
        "x-ms-meta-version": "6ddfbcad-eab0-42ed-b243-c9d57af45417",
        "x-ms-server-encrypted": "true",
        "x-ms-version": "2021-06-08"
      },
      "ResponseBody": null
    },
    {
      "RequestUri": "https://sauucsxpn24slls.blob.core.windows.net/azureml-blobstore-55dbca7f-9e65-4feb-8c41-d63789be2717/az-ml-artifacts/00000000000000000000000000000000/data/sample1.csv",
      "RequestMethod": "HEAD",
      "RequestHeaders": {
        "Accept": "application/xml",
        "Accept-Encoding": "gzip, deflate",
        "Connection": "keep-alive",
        "User-Agent": "azsdk-python-storage-blob/12.12.0 Python/3.10.8 (Windows-10-10.0.22621-SP0)",
        "x-ms-date": "Wed, 28 Dec 2022 20:05:50 GMT",
        "x-ms-version": "2021-06-08"
      },
      "RequestBody": null,
      "StatusCode": 404,
      "ResponseHeaders": {
        "Date": "Wed, 28 Dec 2022 20:05:48 GMT",
        "Server": [
          "Windows-Azure-Blob/1.0",
          "Microsoft-HTTPAPI/2.0"
        ],
        "Transfer-Encoding": "chunked",
        "Vary": "Origin",
        "x-ms-error-code": "BlobNotFound",
        "x-ms-version": "2021-06-08"
      },
      "ResponseBody": null
    },
    {
      "RequestUri": "https://management.azure.com/subscriptions/00000000-0000-0000-0000-000000000/resourceGroups/00000/providers/Microsoft.MachineLearningServices/workspaces/00000/schedules/test_291354713739?api-version=2022-10-01-preview",
      "RequestMethod": "PUT",
      "RequestHeaders": {
        "Accept": "application/json",
        "Accept-Encoding": "gzip, deflate",
        "Connection": "keep-alive",
        "Content-Length": "986",
        "Content-Type": "application/json",
        "User-Agent": "azure-ai-ml/1.3.0 azsdk-python-mgmt-machinelearningservices/0.1.0 Python/3.10.8 (Windows-10-10.0.22621-SP0)"
      },
      "RequestBody": {
        "properties": {
          "description": "a weekly retrain schedule",
          "properties": {},
          "tags": {},
          "action": {
            "actionType": "CreateJob",
            "jobDefinition": {
              "properties": {
                "empty_property": null
              },
              "tags": {
                "empty_tag": null
              },
              "computeId": "/subscriptions/00000000-0000-0000-0000-000000000/resourceGroups/00000/providers/Microsoft.MachineLearningServices/workspaces/00000/computes/cpu-cluster",
              "displayName": "test_display_name",
              "experimentName": "mfe-test1",
              "identity": {
                "identityType": "AMLToken"
              },
              "isArchived": false,
              "jobType": "Command",
              "command": "pip freeze",
              "environmentId": "azureml:AzureML-sklearn-0.24-ubuntu18.04-py37-cpu:1",
              "environmentVariables": {},
              "inputs": {
                "hello_input": {
                  "uri": "azureml://datastores/workspaceblobstore/paths/LocalUpload/00000000000000000000000000000000/data/",
                  "jobInputType": "uri_folder"
                }
              },
              "outputs": {}
            }
          },
          "displayName": "weekly retrain schedule",
          "trigger": {
            "startTime": "2022-03-10 10:15:00",
            "triggerType": "Cron",
            "expression": "15 10 * * 1"
          }
        }
      },
      "StatusCode": 201,
      "ResponseHeaders": {
        "Azure-AsyncOperation": "https://management.azure.com/subscriptions/00000000-0000-0000-0000-000000000/providers/Microsoft.MachineLearningServices/locations/westus/mfeOperationsStatus/s:55dbca7f-9e65-4feb-8c41-d63789be2717:h4J3F_Sv68w0h66gl9-ltxxOmxMWfnShSoLJ-tMH2RE?api-version=2022-10-01-preview",
        "Cache-Control": "no-cache",
        "Content-Length": "1906",
        "Content-Type": "application/json; charset=utf-8",
        "Date": "Wed, 28 Dec 2022 20:05:50 GMT",
        "Expires": "-1",
        "Location": "https://management.azure.com/subscriptions/00000000-0000-0000-0000-000000000/resourceGroups/00000/providers/Microsoft.MachineLearningServices/workspaces/00000/schedules/test_291354713739?api-version=2022-10-01-preview",
        "Pragma": "no-cache",
        "Request-Context": "appId=cid-v1:2d2e8e63-272e-4b3c-8598-4ee570a0e70d",
        "Server-Timing": "traceparent;desc=\u002200-56b9629c7e8bc3917d22cfd2735d7307-62b63ceb692dc3dc-00\u0022",
        "Strict-Transport-Security": "max-age=31536000; includeSubDomains",
        "x-aml-cluster": "vienna-westus-02",
        "X-Content-Type-Options": "nosniff",
        "x-ms-async-operation-timeout": "PT30M",
        "x-ms-correlation-request-id": "f393c371-b798-4b8d-9282-814ad91ab014",
        "x-ms-ratelimit-remaining-subscription-writes": "1175",
        "x-ms-response-type": "standard",
        "x-ms-routing-request-id": "EASTUS:20221228T200550Z:f393c371-b798-4b8d-9282-814ad91ab014",
        "x-request-time": "0.094"
      },
      "ResponseBody": {
        "properties": {
          "description": "a weekly retrain schedule",
          "tags": {},
          "properties": {},
          "displayName": "weekly retrain schedule",
          "isEnabled": true,
          "trigger": {
            "endTime": null,
            "startTime": "2022-03-10 10:15:00",
            "timeZone": "UTC",
            "triggerType": "Cron",
            "expression": "15 10 * * 1"
          },
          "action": {
            "actionType": "CreateJob",
            "jobDefinition": {
              "description": null,
              "tags": {
                "empty_tag": null
              },
              "properties": {
                "empty_property": null
              },
              "displayName": "test_display_name",
              "status": "NotStarted",
              "experimentName": "mfe-test1",
              "services": null,
              "computeId": "/subscriptions/00000000-0000-0000-0000-000000000/resourceGroups/00000/providers/Microsoft.MachineLearningServices/workspaces/00000/computes/cpu-cluster",
              "isArchived": false,
              "identity": {
                "identityType": "AMLToken"
              },
              "componentId": null,
              "jobType": "Command",
              "resources": {
                "instanceCount": 1,
                "instanceType": null,
                "properties": null,
                "shmSize": "2g",
                "dockerArgs": null
              },
              "codeId": null,
              "command": "pip freeze",
              "environmentId": "azureml:AzureML-sklearn-0.24-ubuntu18.04-py37-cpu:1",
              "inputs": {
                "hello_input": {
                  "description": null,
                  "uri": "azureml://datastores/workspaceblobstore/paths/LocalUpload/00000000000000000000000000000000/data/",
                  "mode": "ReadOnlyMount",
                  "jobInputType": "uri_folder"
                }
              },
              "outputs": {},
              "distribution": null,
              "autologgerSettings": null,
              "limits": null,
              "environmentVariables": {},
              "parameters": null
            }
          },
          "provisioningState": "Creating"
        }
      }
    },
    {
      "RequestUri": "https://management.azure.com/subscriptions/00000000-0000-0000-0000-000000000/providers/Microsoft.MachineLearningServices/locations/westus/mfeOperationsStatus/s:55dbca7f-9e65-4feb-8c41-d63789be2717:h4J3F_Sv68w0h66gl9-ltxxOmxMWfnShSoLJ-tMH2RE?api-version=2022-10-01-preview",
      "RequestMethod": "GET",
      "RequestHeaders": {
        "Accept": "*/*",
        "Accept-Encoding": "gzip, deflate",
        "Connection": "keep-alive",
        "User-Agent": "azure-ai-ml/1.3.0 azsdk-python-mgmt-machinelearningservices/0.1.0 Python/3.10.8 (Windows-10-10.0.22621-SP0)"
      },
      "RequestBody": null,
      "StatusCode": 200,
      "ResponseHeaders": {
        "Cache-Control": "no-cache",
        "Content-Encoding": "gzip",
        "Content-Type": "application/json; charset=utf-8",
        "Date": "Wed, 28 Dec 2022 20:05:50 GMT",
        "Expires": "-1",
        "Pragma": "no-cache",
        "Request-Context": "appId=cid-v1:2d2e8e63-272e-4b3c-8598-4ee570a0e70d",
        "Server-Timing": "traceparent;desc=\u002200-2dafb7666a19901a668bda69e8414b23-9a50c1a9f636eb80-00\u0022",
        "Strict-Transport-Security": "max-age=31536000; includeSubDomains",
        "Transfer-Encoding": "chunked",
        "Vary": [
          "Accept-Encoding",
          "Accept-Encoding"
        ],
        "x-aml-cluster": "vienna-westus-02",
        "X-Content-Type-Options": "nosniff",
        "x-ms-correlation-request-id": "ec53ffbe-90d2-4bc3-9186-61a572eb9102",
        "x-ms-ratelimit-remaining-subscription-reads": "11971",
        "x-ms-response-type": "standard",
        "x-ms-routing-request-id": "EASTUS:20221228T200551Z:ec53ffbe-90d2-4bc3-9186-61a572eb9102",
        "x-request-time": "0.014"
      },
      "ResponseBody": {
        "id": "/subscriptions/00000000-0000-0000-0000-000000000/providers/Microsoft.MachineLearningServices/locations/westus/mfeOperationResults/s:55dbca7f-9e65-4feb-8c41-d63789be2717:h4J3F_Sv68w0h66gl9-ltxxOmxMWfnShSoLJ-tMH2RE",
        "name": "s:55dbca7f-9e65-4feb-8c41-d63789be2717:h4J3F_Sv68w0h66gl9-ltxxOmxMWfnShSoLJ-tMH2RE",
        "status": "Creating"
      }
    },
    {
      "RequestUri": "https://management.azure.com/subscriptions/00000000-0000-0000-0000-000000000/providers/Microsoft.MachineLearningServices/locations/westus/mfeOperationsStatus/s:55dbca7f-9e65-4feb-8c41-d63789be2717:WTiF_iI8SQE1KycPF3BqlQm6EmxX12QufxLiBVz2LUg?api-version=2022-10-01-preview",
      "RequestMethod": "GET",
      "RequestHeaders": {
        "Accept": "*/*",
        "Accept-Encoding": "gzip, deflate",
        "Connection": "keep-alive",
        "User-Agent": "azure-ai-ml/1.3.0 azsdk-python-mgmt-machinelearningservices/0.1.0 Python/3.10.8 (Windows-10-10.0.22621-SP0)"
      },
      "RequestBody": null,
      "StatusCode": 200,
      "ResponseHeaders": {
        "Cache-Control": "no-cache",
        "Content-Encoding": "gzip",
        "Content-Type": "application/json; charset=utf-8",
        "Date": "Wed, 28 Dec 2022 20:05:51 GMT",
        "Expires": "-1",
        "Pragma": "no-cache",
        "Request-Context": "appId=cid-v1:2d2e8e63-272e-4b3c-8598-4ee570a0e70d",
        "Server-Timing": "traceparent;desc=\u002200-3786158e738bf0c1437de93b4bd58a13-d60d1142cc4033f4-00\u0022",
        "Strict-Transport-Security": "max-age=31536000; includeSubDomains",
        "Transfer-Encoding": "chunked",
        "Vary": [
          "Accept-Encoding",
          "Accept-Encoding"
        ],
        "x-aml-cluster": "vienna-westus-02",
        "X-Content-Type-Options": "nosniff",
        "x-ms-correlation-request-id": "0403dc19-030d-4e6f-b464-ddc8e259cc1d",
        "x-ms-ratelimit-remaining-subscription-reads": "11970",
        "x-ms-response-type": "standard",
        "x-ms-routing-request-id": "EASTUS:20221228T200551Z:0403dc19-030d-4e6f-b464-ddc8e259cc1d",
        "x-request-time": "0.014"
      },
      "ResponseBody": {
        "id": "/subscriptions/00000000-0000-0000-0000-000000000/providers/Microsoft.MachineLearningServices/locations/westus/mfeOperationResults/s:55dbca7f-9e65-4feb-8c41-d63789be2717:WTiF_iI8SQE1KycPF3BqlQm6EmxX12QufxLiBVz2LUg",
        "name": "s:55dbca7f-9e65-4feb-8c41-d63789be2717:WTiF_iI8SQE1KycPF3BqlQm6EmxX12QufxLiBVz2LUg",
        "status": "Succeeded",
        "startTime": "2022-12-28T20:05:46.196472\u002B00:00",
        "endTime": "2022-12-28T20:05:47\u002B00:00"
      }
    },
    {
      "RequestUri": "https://management.azure.com/subscriptions/00000000-0000-0000-0000-000000000/resourceGroups/00000/providers/Microsoft.MachineLearningServices/workspaces/00000/schedules/test_788553955483?api-version=2022-10-01-preview",
      "RequestMethod": "GET",
      "RequestHeaders": {
        "Accept": "*/*",
        "Accept-Encoding": "gzip, deflate",
        "Connection": "keep-alive",
        "User-Agent": "azure-ai-ml/1.3.0 azsdk-python-mgmt-machinelearningservices/0.1.0 Python/3.10.8 (Windows-10-10.0.22621-SP0)"
      },
      "RequestBody": null,
      "StatusCode": 200,
      "ResponseHeaders": {
        "Cache-Control": "no-cache",
        "Content-Encoding": "gzip",
        "Content-Type": "application/json; charset=utf-8",
        "Date": "Wed, 28 Dec 2022 20:05:52 GMT",
        "Expires": "-1",
        "Pragma": "no-cache",
        "Request-Context": "appId=cid-v1:2d2e8e63-272e-4b3c-8598-4ee570a0e70d",
        "Server-Timing": "traceparent;desc=\u002200-0750bc15fd78233d2f42f655ec3c05b2-15a650fe4ad77b82-00\u0022",
        "Strict-Transport-Security": "max-age=31536000; includeSubDomains",
        "Transfer-Encoding": "chunked",
        "Vary": [
          "Accept-Encoding",
          "Accept-Encoding"
        ],
        "x-aml-cluster": "vienna-westus-02",
        "X-Content-Type-Options": "nosniff",
        "x-ms-correlation-request-id": "82252ca6-3fde-4c5d-a7d5-118ae8975a45",
        "x-ms-ratelimit-remaining-subscription-reads": "11969",
        "x-ms-response-type": "standard",
        "x-ms-routing-request-id": "EASTUS:20221228T200552Z:82252ca6-3fde-4c5d-a7d5-118ae8975a45",
        "x-request-time": "0.022"
      },
      "ResponseBody": {
        "name": "test_788553955483",
        "properties": {
          "description": "a weekly retrain schedule",
          "tags": {},
          "properties": {},
          "displayName": "weekly retrain schedule",
          "isEnabled": false,
          "trigger": {
            "endTime": null,
            "startTime": "2022-05-10 10:15:00",
            "timeZone": "Pacific Standard Time",
            "triggerType": "Recurrence",
            "frequency": "Week",
            "interval": 1,
            "schedule": {
              "hours": [
                10
              ],
              "minutes": [
                15
              ],
              "weekDays": [
                "Monday"
              ],
              "monthDays": null
            }
          },
          "action": {
            "actionType": "CreateJob",
            "jobDefinition": {
              "description": "The hello world pipeline job with inline components",
              "tags": {
                "tag": "tagvalue",
                "owner": "sdkteam"
              },
              "properties": {},
              "displayName": null,
              "status": "NotStarted",
              "experimentName": "Default",
              "services": null,
              "computeId": "/subscriptions/00000000-0000-0000-0000-000000000/resourceGroups/00000/providers/Microsoft.MachineLearningServices/workspaces/00000/computes/cpu-cluster",
              "isArchived": false,
              "identity": {
                "identityType": "AMLToken"
              },
              "componentId": null,
              "jobType": "Pipeline",
              "settings": {
                "default_compute": "/subscriptions/00000000-0000-0000-0000-000000000/resourceGroups/00000/providers/Microsoft.MachineLearningServices/workspaces/00000/computes/cpu-cluster-1",
                "default_datastore": "/subscriptions/00000000-0000-0000-0000-000000000/resourceGroups/00000/providers/Microsoft.MachineLearningServices/workspaces/00000/datastores/workspacefilestore",
                "continue_on_step_failure": true,
                "_source": "YAML.JOB"
              },
              "jobs": {
                "hello_world_component_inline_1": {
                  "name": "hello_world_component_inline_1",
                  "type": "command",
                  "inputs": {
                    "component_in_number": {
                      "job_input_type": "literal",
                      "value": "${{parent.inputs.job_in_number}}"
                    }
                  },
                  "_source": "REMOTE.WORKSPACE.COMPONENT",
                  "componentId": "/subscriptions/00000000-0000-0000-0000-000000000/resourceGroups/00000/providers/Microsoft.MachineLearningServices/workspaces/00000/components/azureml_anonymous/versions/07a4bc6b-1a2c-484e-b86c-e60875657884"
                },
                "hello_world_component_inline_2": {
                  "name": "hello_world_component_inline_2",
                  "type": "command",
                  "inputs": {
                    "component_in_number": {
                      "job_input_type": "literal",
                      "value": "${{parent.inputs.job_in_number}}"
                    }
                  },
                  "_source": "REMOTE.WORKSPACE.COMPONENT",
                  "componentId": "/subscriptions/00000000-0000-0000-0000-000000000/resourceGroups/00000/providers/Microsoft.MachineLearningServices/workspaces/00000/components/azureml_anonymous/versions/5c24a5c9-a897-4e83-92f1-8a0e53fdc66c"
                },
                "hello_world_component_inline_3": {
                  "name": "hello_world_component_inline_3",
                  "type": "command",
                  "inputs": {
                    "component_in_number": {
                      "job_input_type": "literal",
                      "value": "${{parent.inputs.job_in_number}}"
                    }
                  },
                  "_source": "REMOTE.WORKSPACE.COMPONENT",
                  "componentId": "/subscriptions/00000000-0000-0000-0000-000000000/resourceGroups/00000/providers/Microsoft.MachineLearningServices/workspaces/00000/components/azureml_anonymous/versions/ec0c5d6d-9b9b-4418-90f9-735059046133"
                }
              },
              "inputs": {
                "job_in_number": {
                  "description": null,
                  "jobInputType": "literal",
                  "value": "1"
                },
                "job_in_other_number": {
                  "description": null,
                  "jobInputType": "literal",
                  "value": "2"
                }
              },
              "outputs": {},
              "sourceJobId": null
            }
          },
          "provisioningState": "Succeeded"
        },
        "systemData": {
          "createdAt": "2022-12-28T20:05:41.4429778\u002B00:00",
          "createdBy": "Njuguna Thande",
          "createdByType": "User",
          "lastModifiedAt": "2022-12-28T20:05:47.7657229\u002B00:00",
          "lastModifiedBy": "Njuguna Thande",
          "lastModifiedByType": "User"
        }
      }
    },
    {
      "RequestUri": "https://management.azure.com/subscriptions/00000000-0000-0000-0000-000000000/providers/Microsoft.MachineLearningServices/locations/westus/mfeOperationsStatus/s:55dbca7f-9e65-4feb-8c41-d63789be2717:h4J3F_Sv68w0h66gl9-ltxxOmxMWfnShSoLJ-tMH2RE?api-version=2022-10-01-preview",
      "RequestMethod": "GET",
      "RequestHeaders": {
        "Accept": "*/*",
        "Accept-Encoding": "gzip, deflate",
        "Connection": "keep-alive",
        "User-Agent": "azure-ai-ml/1.3.0 azsdk-python-mgmt-machinelearningservices/0.1.0 Python/3.10.8 (Windows-10-10.0.22621-SP0)"
      },
      "RequestBody": null,
      "StatusCode": 200,
      "ResponseHeaders": {
        "Cache-Control": "no-cache",
        "Content-Encoding": "gzip",
        "Content-Type": "application/json; charset=utf-8",
        "Date": "Wed, 28 Dec 2022 20:05:56 GMT",
        "Expires": "-1",
        "Pragma": "no-cache",
        "Request-Context": "appId=cid-v1:2d2e8e63-272e-4b3c-8598-4ee570a0e70d",
        "Server-Timing": "traceparent;desc=\u002200-93ef3aba31aa2974e65c59432597c311-f901d5231af330fc-00\u0022",
        "Strict-Transport-Security": "max-age=31536000; includeSubDomains",
        "Transfer-Encoding": "chunked",
        "Vary": [
          "Accept-Encoding",
          "Accept-Encoding"
        ],
        "x-aml-cluster": "vienna-westus-02",
        "X-Content-Type-Options": "nosniff",
        "x-ms-correlation-request-id": "5c58a457-ed5f-4c50-b5a8-e372f393679e",
        "x-ms-ratelimit-remaining-subscription-reads": "11968",
        "x-ms-response-type": "standard",
        "x-ms-routing-request-id": "EASTUS:20221228T200556Z:5c58a457-ed5f-4c50-b5a8-e372f393679e",
        "x-request-time": "0.013"
      },
      "ResponseBody": {
        "id": "/subscriptions/00000000-0000-0000-0000-000000000/providers/Microsoft.MachineLearningServices/locations/westus/mfeOperationResults/s:55dbca7f-9e65-4feb-8c41-d63789be2717:h4J3F_Sv68w0h66gl9-ltxxOmxMWfnShSoLJ-tMH2RE",
        "name": "s:55dbca7f-9e65-4feb-8c41-d63789be2717:h4J3F_Sv68w0h66gl9-ltxxOmxMWfnShSoLJ-tMH2RE",
        "status": "Succeeded",
        "startTime": "2022-12-28T20:05:50.8379919\u002B00:00",
        "endTime": "2022-12-28T20:05:53\u002B00:00"
      }
    },
    {
      "RequestUri": "https://management.azure.com/subscriptions/00000000-0000-0000-0000-000000000/resourceGroups/00000/providers/Microsoft.MachineLearningServices/workspaces/00000/schedules/test_291354713739?api-version=2022-10-01-preview",
      "RequestMethod": "GET",
      "RequestHeaders": {
        "Accept": "*/*",
        "Accept-Encoding": "gzip, deflate",
        "Connection": "keep-alive",
        "User-Agent": "azure-ai-ml/1.3.0 azsdk-python-mgmt-machinelearningservices/0.1.0 Python/3.10.8 (Windows-10-10.0.22621-SP0)"
      },
      "RequestBody": null,
      "StatusCode": 200,
      "ResponseHeaders": {
        "Cache-Control": "no-cache",
        "Content-Encoding": "gzip",
        "Content-Type": "application/json; charset=utf-8",
        "Date": "Wed, 28 Dec 2022 20:05:56 GMT",
        "Expires": "-1",
        "Pragma": "no-cache",
        "Request-Context": "appId=cid-v1:2d2e8e63-272e-4b3c-8598-4ee570a0e70d",
        "Server-Timing": "traceparent;desc=\u002200-d1138584ccbf804a328723dc95a416b8-e74236755fef2bcb-00\u0022",
        "Strict-Transport-Security": "max-age=31536000; includeSubDomains",
        "Transfer-Encoding": "chunked",
        "Vary": [
          "Accept-Encoding",
          "Accept-Encoding"
        ],
        "x-aml-cluster": "vienna-westus-02",
        "X-Content-Type-Options": "nosniff",
        "x-ms-correlation-request-id": "fcaf2ce3-609c-4638-a5a6-1e1ed40bb971",
        "x-ms-ratelimit-remaining-subscription-reads": "11967",
        "x-ms-response-type": "standard",
        "x-ms-routing-request-id": "EASTUS:20221228T200556Z:fcaf2ce3-609c-4638-a5a6-1e1ed40bb971",
        "x-request-time": "0.023"
      },
      "ResponseBody": {
        "name": "test_291354713739",
        "properties": {
          "description": "a weekly retrain schedule",
          "tags": {},
          "properties": {},
          "displayName": "weekly retrain schedule",
          "isEnabled": true,
          "trigger": {
            "endTime": null,
            "startTime": "2022-03-10 10:15:00",
            "timeZone": "UTC",
            "triggerType": "Cron",
            "expression": "15 10 * * 1"
          },
          "action": {
            "actionType": "CreateJob",
            "jobDefinition": {
              "description": null,
              "tags": {
                "empty_tag": null
              },
              "properties": {
                "empty_property": null
              },
              "displayName": "test_display_name",
              "status": "NotStarted",
              "experimentName": "mfe-test1",
              "services": {},
              "computeId": "/subscriptions/00000000-0000-0000-0000-000000000/resourceGroups/00000/providers/Microsoft.MachineLearningServices/workspaces/00000/computes/cpu-cluster",
              "isArchived": false,
              "identity": {
                "identityType": "AMLToken"
              },
              "componentId": null,
              "jobType": "Command",
              "resources": {
                "instanceCount": 1,
                "instanceType": null,
                "properties": null,
                "shmSize": "2g",
                "dockerArgs": null
              },
              "codeId": null,
              "command": "pip freeze",
              "environmentId": "azureml:AzureML-sklearn-0.24-ubuntu18.04-py37-cpu:1",
              "inputs": {
                "hello_input": {
                  "description": null,
                  "uri": "azureml://datastores/workspaceblobstore/paths/LocalUpload/00000000000000000000000000000000/data/",
                  "mode": "ReadOnlyMount",
                  "jobInputType": "uri_folder"
                }
              },
              "outputs": {},
              "distribution": null,
              "autologgerSettings": null,
              "limits": null,
              "environmentVariables": {},
              "parameters": null
            }
          },
          "provisioningState": "Succeeded"
        },
        "systemData": {
          "createdAt": "2022-12-28T20:05:53.8405138\u002B00:00",
          "createdBy": "Njuguna Thande",
          "createdByType": "User",
          "lastModifiedAt": "2022-12-28T20:05:53.8405138\u002B00:00",
          "lastModifiedBy": "Njuguna Thande",
          "lastModifiedByType": "User"
        }
      }
    },
    {
      "RequestUri": "https://management.azure.com/subscriptions/00000000-0000-0000-0000-000000000/resourceGroups/00000/providers/Microsoft.MachineLearningServices/workspaces/00000/schedules/test_291354713739?api-version=2022-10-01-preview",
      "RequestMethod": "GET",
      "RequestHeaders": {
        "Accept": "application/json",
        "Accept-Encoding": "gzip, deflate",
        "Connection": "keep-alive",
        "User-Agent": "azure-ai-ml/1.3.0 azsdk-python-mgmt-machinelearningservices/0.1.0 Python/3.10.8 (Windows-10-10.0.22621-SP0)"
      },
      "RequestBody": null,
      "StatusCode": 200,
      "ResponseHeaders": {
        "Cache-Control": "no-cache",
        "Content-Encoding": "gzip",
        "Content-Type": "application/json; charset=utf-8",
        "Date": "Wed, 28 Dec 2022 20:05:56 GMT",
        "Expires": "-1",
        "Pragma": "no-cache",
        "Request-Context": "appId=cid-v1:2d2e8e63-272e-4b3c-8598-4ee570a0e70d",
        "Server-Timing": "traceparent;desc=\u002200-b91565479e48f6c36ab2859e997ab969-5e445192011d120e-00\u0022",
        "Strict-Transport-Security": "max-age=31536000; includeSubDomains",
        "Transfer-Encoding": "chunked",
        "Vary": [
          "Accept-Encoding",
          "Accept-Encoding"
        ],
        "x-aml-cluster": "vienna-westus-02",
        "X-Content-Type-Options": "nosniff",
        "x-ms-correlation-request-id": "de634741-3ec6-4c9b-919c-b63dde768054",
        "x-ms-ratelimit-remaining-subscription-reads": "11966",
        "x-ms-response-type": "standard",
        "x-ms-routing-request-id": "EASTUS:20221228T200556Z:de634741-3ec6-4c9b-919c-b63dde768054",
        "x-request-time": "0.027"
      },
      "ResponseBody": {
        "name": "test_291354713739",
        "properties": {
          "description": "a weekly retrain schedule",
          "tags": {},
          "properties": {},
          "displayName": "weekly retrain schedule",
          "isEnabled": true,
          "trigger": {
            "endTime": null,
            "startTime": "2022-03-10 10:15:00",
            "timeZone": "UTC",
            "triggerType": "Cron",
            "expression": "15 10 * * 1"
          },
          "action": {
            "actionType": "CreateJob",
            "jobDefinition": {
              "description": null,
              "tags": {
                "empty_tag": null
              },
              "properties": {
                "empty_property": null
              },
              "displayName": "test_display_name",
              "status": "NotStarted",
              "experimentName": "mfe-test1",
              "services": {},
              "computeId": "/subscriptions/00000000-0000-0000-0000-000000000/resourceGroups/00000/providers/Microsoft.MachineLearningServices/workspaces/00000/computes/cpu-cluster",
              "isArchived": false,
              "identity": {
                "identityType": "AMLToken"
              },
              "componentId": null,
              "jobType": "Command",
              "resources": {
                "instanceCount": 1,
                "instanceType": null,
                "properties": null,
                "shmSize": "2g",
                "dockerArgs": null
              },
              "codeId": null,
              "command": "pip freeze",
              "environmentId": "azureml:AzureML-sklearn-0.24-ubuntu18.04-py37-cpu:1",
              "inputs": {
                "hello_input": {
                  "description": null,
                  "uri": "azureml://datastores/workspaceblobstore/paths/LocalUpload/00000000000000000000000000000000/data/",
                  "mode": "ReadOnlyMount",
                  "jobInputType": "uri_folder"
                }
              },
              "outputs": {},
              "distribution": null,
              "autologgerSettings": null,
              "limits": null,
              "environmentVariables": {},
              "parameters": null
            }
          },
          "provisioningState": "Succeeded"
        },
        "systemData": {
          "createdAt": "2022-12-28T20:05:53.8405138\u002B00:00",
          "createdBy": "Njuguna Thande",
          "createdByType": "User",
          "lastModifiedAt": "2022-12-28T20:05:53.8405138\u002B00:00",
          "lastModifiedBy": "Njuguna Thande",
          "lastModifiedByType": "User"
        }
      }
    },
    {
      "RequestUri": "https://management.azure.com/subscriptions/00000000-0000-0000-0000-000000000/resourceGroups/00000/providers/Microsoft.MachineLearningServices/workspaces/00000/schedules/test_291354713739?api-version=2022-10-01-preview",
      "RequestMethod": "PUT",
      "RequestHeaders": {
        "Accept": "application/json",
        "Accept-Encoding": "gzip, deflate",
        "Connection": "keep-alive",
        "Content-Length": "1281",
        "Content-Type": "application/json",
        "User-Agent": "azure-ai-ml/1.3.0 azsdk-python-mgmt-machinelearningservices/0.1.0 Python/3.10.8 (Windows-10-10.0.22621-SP0)"
      },
      "RequestBody": {
        "properties": {
          "description": "a weekly retrain schedule",
          "properties": {},
          "tags": {},
          "action": {
            "actionType": "CreateJob",
            "jobDefinition": {
              "properties": {
                "empty_property": null
              },
              "tags": {
                "empty_tag": null
              },
              "computeId": "/subscriptions/00000000-0000-0000-0000-000000000/resourceGroups/00000/providers/Microsoft.MachineLearningServices/workspaces/00000/computes/cpu-cluster",
              "displayName": "test_display_name",
              "experimentName": "mfe-test1",
              "identity": {
                "identityType": "AMLToken"
              },
              "isArchived": false,
              "jobType": "Command",
              "services": {},
              "command": "pip freeze",
              "environmentId": "/subscriptions/00000000-0000-0000-0000-000000000/resourceGroups/00000/providers/Microsoft.MachineLearningServices/workspaces/00000/environments/AzureML-sklearn-0.24-ubuntu18.04-py37-cpu/versions/1",
              "environmentVariables": {},
              "inputs": {
                "hello_input": {
                  "mode": "ReadOnlyMount",
                  "uri": "azureml://datastores/workspaceblobstore/paths/LocalUpload/00000000000000000000000000000000/data/",
                  "jobInputType": "uri_folder"
                }
              },
              "outputs": {},
              "resources": {
                "instanceCount": 1,
                "properties": {},
                "shmSize": "2g"
              }
            }
          },
          "displayName": "weekly retrain schedule",
          "isEnabled": false,
          "trigger": {
            "startTime": "2022-03-10 10:15:00",
            "timeZone": "UTC",
            "triggerType": "Cron",
            "expression": "15 10 * * 1"
          }
        }
      },
      "StatusCode": 201,
      "ResponseHeaders": {
        "Azure-AsyncOperation": "https://management.azure.com/subscriptions/00000000-0000-0000-0000-000000000/providers/Microsoft.MachineLearningServices/locations/westus/mfeOperationsStatus/s:55dbca7f-9e65-4feb-8c41-d63789be2717:XQOqegQPK3rJUhwXrnRQ_LnWHHXftAEtMxR734wldh8?api-version=2022-10-01-preview",
        "Cache-Control": "no-cache",
        "Content-Length": "2048",
        "Content-Type": "application/json; charset=utf-8",
        "Date": "Wed, 28 Dec 2022 20:05:57 GMT",
        "Expires": "-1",
        "Location": "https://management.azure.com/subscriptions/00000000-0000-0000-0000-000000000/resourceGroups/00000/providers/Microsoft.MachineLearningServices/workspaces/00000/schedules/test_291354713739?api-version=2022-10-01-preview",
        "Pragma": "no-cache",
        "Request-Context": "appId=cid-v1:2d2e8e63-272e-4b3c-8598-4ee570a0e70d",
        "Server-Timing": "traceparent;desc=\u002200-88b0d939e7918d9ba347e49513fa8772-49f17dff0d38fd39-00\u0022",
        "Strict-Transport-Security": "max-age=31536000; includeSubDomains",
        "x-aml-cluster": "vienna-westus-02",
        "X-Content-Type-Options": "nosniff",
        "x-ms-async-operation-timeout": "PT30M",
        "x-ms-correlation-request-id": "5cd2efb6-a610-4233-8d77-6c676d46841f",
        "x-ms-ratelimit-remaining-subscription-writes": "1174",
        "x-ms-response-type": "standard",
        "x-ms-routing-request-id": "EASTUS:20221228T200557Z:5cd2efb6-a610-4233-8d77-6c676d46841f",
        "x-request-time": "0.066"
      },
      "ResponseBody": {
        "properties": {
          "description": "a weekly retrain schedule",
          "tags": {},
          "properties": {},
          "displayName": "weekly retrain schedule",
          "isEnabled": false,
          "trigger": {
            "endTime": null,
            "startTime": "2022-03-10 10:15:00",
            "timeZone": "UTC",
            "triggerType": "Cron",
            "expression": "15 10 * * 1"
          },
          "action": {
            "actionType": "CreateJob",
            "jobDefinition": {
              "description": null,
              "tags": {
                "empty_tag": null
              },
              "properties": {
                "empty_property": null
              },
              "displayName": "test_display_name",
              "status": "NotStarted",
              "experimentName": "mfe-test1",
              "services": {},
              "computeId": "/subscriptions/00000000-0000-0000-0000-000000000/resourceGroups/00000/providers/Microsoft.MachineLearningServices/workspaces/00000/computes/cpu-cluster",
              "isArchived": false,
              "identity": {
                "identityType": "AMLToken"
              },
              "componentId": null,
              "jobType": "Command",
              "resources": {
                "instanceCount": 1,
                "instanceType": null,
                "properties": {},
                "shmSize": "2g",
                "dockerArgs": null
              },
              "codeId": null,
              "command": "pip freeze",
              "environmentId": "/subscriptions/00000000-0000-0000-0000-000000000/resourceGroups/00000/providers/Microsoft.MachineLearningServices/workspaces/00000/environments/AzureML-sklearn-0.24-ubuntu18.04-py37-cpu/versions/1",
              "inputs": {
                "hello_input": {
                  "description": null,
                  "uri": "azureml://datastores/workspaceblobstore/paths/LocalUpload/00000000000000000000000000000000/data/",
                  "mode": "ReadOnlyMount",
                  "jobInputType": "uri_folder"
                }
              },
              "outputs": {},
              "distribution": null,
              "autologgerSettings": null,
              "limits": null,
              "environmentVariables": {},
              "parameters": null
            }
          },
          "provisioningState": "Creating"
        }
      }
    },
    {
      "RequestUri": "https://management.azure.com/subscriptions/b17253fa-f327-42d6-9686-f3e553e24763/providers/Microsoft.MachineLearningServices/locations/westus/mfeOperationsStatus/s:55dbca7f-9e65-4feb-8c41-d63789be2717:XQOqegQPK3rJUhwXrnRQ_LnWHHXftAEtMxR734wldh8?api-version=2022-10-01-preview",
      "RequestMethod": "GET",
      "RequestHeaders": {
        "Accept": "*/*",
        "Accept-Encoding": "gzip, deflate",
        "Authorization": "Bearer eyJ0eXAiOiJKV1QiLCJhbGciOiJSUzI1NiIsIng1dCI6Ii1LSTNROW5OUjdiUm9meG1lWm9YcWJIWkdldyIsImtpZCI6Ii1LSTNROW5OUjdiUm9meG1lWm9YcWJIWkdldyJ9.eyJhdWQiOiJodHRwczovL21hbmFnZW1lbnQuYXp1cmUuY29tIiwiaXNzIjoiaHR0cHM6Ly9zdHMud2luZG93cy5uZXQvNzJmOTg4YmYtODZmMS00MWFmLTkxYWItMmQ3Y2QwMTFkYjQ3LyIsImlhdCI6MTY3MjI1MzEyMiwibmJmIjoxNjcyMjUzMTIyLCJleHAiOjE2NzIyNTg1NjQsIl9jbGFpbV9uYW1lcyI6eyJncm91cHMiOiJzcmMxIn0sIl9jbGFpbV9zb3VyY2VzIjp7InNyYzEiOnsiZW5kcG9pbnQiOiJodHRwczovL2dyYXBoLndpbmRvd3MubmV0LzcyZjk4OGJmLTg2ZjEtNDFhZi05MWFiLTJkN2NkMDExZGI0Ny91c2Vycy9mMDE3ODJkMC02NzhjLTQ1NzQtYjAxYy03ZTE0OTNlMzZhMzIvZ2V0TWVtYmVyT2JqZWN0cyJ9fSwiYWNyIjoiMSIsImFpbyI6IkFWUUFxLzhUQUFBQTZBTHYvc2lQTG52L09RQk9aNGI2LzB2L08vNWhrQWZxdWRCRjFuTldqeGxwUU05a1VSd3VndE1FU0NKR29IVS9zeC9tNG9lWlpCSEU0ZlBhZlZTc21NUkQvdy9keTlnS09RY2tocUZzSTZRPSIsImFtciI6WyJyc2EiLCJtZmEiXSwiYXBwaWQiOiIwNGIwNzc5NS04ZGRiLTQ2MWEtYmJlZS0wMmY5ZTFiZjdiNDYiLCJhcHBpZGFjciI6IjAiLCJkZXZpY2VpZCI6IjU5MjlhNGNmLWQ1MzYtNGMzZS04MTA4LTUxYWJhN2VmYTY2NiIsImZhbWlseV9uYW1lIjoiVGhhbmRlIiwiZ2l2ZW5fbmFtZSI6Ik5qdWd1bmEiLCJpcGFkZHIiOiI3MS4xMjcuNDguMjMiLCJuYW1lIjoiTmp1Z3VuYSBUaGFuZGUiLCJvaWQiOiJmMDE3ODJkMC02NzhjLTQ1NzQtYjAxYy03ZTE0OTNlMzZhMzIiLCJvbnByZW1fc2lkIjoiUy0xLTUtMjEtMTI0NTI1MDk1LTcwODI1OTYzNy0xNTQzMTE5MDIxLTIwNjY2MTEiLCJwdWlkIjoiMTAwMzIwMDE3Q0I3RDA2RCIsInJoIjoiMC5BUm9BdjRqNWN2R0dyMEdScXkxODBCSGJSMFpJZjNrQXV0ZFB1a1Bhd2ZqMk1CTWFBT28uIiwic2NwIjoidXNlcl9pbXBlcnNvbmF0aW9uIiwic3ViIjoiMDktNUhvY3RlVC1pRHZsbVFvcGJpbzBMVHJuc3k0amxUSzZLZlFoYlpCWSIsInRpZCI6IjcyZjk4OGJmLTg2ZjEtNDFhZi05MWFiLTJkN2NkMDExZGI0NyIsInVuaXF1ZV9uYW1lIjoibnRoYW5kZUBtaWNyb3NvZnQuY29tIiwidXBuIjoibnRoYW5kZUBtaWNyb3NvZnQuY29tIiwidXRpIjoiR2VwTGhwUmNFRUdWa3hOLVlQRFJBZyIsInZlciI6IjEuMCIsIndpZHMiOlsiYjc5ZmJmNGQtM2VmOS00Njg5LTgxNDMtNzZiMTk0ZTg1NTA5Il0sInhtc190Y2R0IjoxMjg5MjQxNTQ3fQ.crS3mqtcp6MHDUH6KWpH8anCG9cXB7WaXsEmkyrPuRHyJm3qtS2BPLg_DNwyZtwWmMuwhxkgBpu9zDV8BCJsjcrKiC_qLJN8tAD5PTgvz-kd7yLNSHXmfGVlKYBxDNvvLs95VevEKNltLhCHDCq6CQhwVW09hTL3jk-BprrWCgZV7F9lfCJCQvVxxsERdUE7mPpfdzVVJvH62GIuc1_UTB2SPzR5zZLUxxfOg0Y1E6PLzFriKE0X3_7zBdIvhAhny6sTfWOUzHXCyCertlqePMHvk0rzfIYnNeRCrWMjd0aRw46OcRamq9jKxW3poRPgbZk7kqOUEBg5mAocKMGhNw",
        "Connection": "keep-alive",
        "User-Agent": "azure-ai-ml/1.3.0 azsdk-python-mgmt-machinelearningservices/0.1.0 Python/3.10.8 (Windows-10-10.0.22621-SP0)",
        "x-ms-client-request-id": "0b09060f-86eb-11ed-bfce-4851c588a55f"
      },
      "RequestBody": null,
      "StatusCode": 200,
      "ResponseHeaders": {
        "Cache-Control": "no-cache",
        "Content-Encoding": "gzip",
        "Content-Type": "application/json; charset=utf-8",
        "Date": "Wed, 28 Dec 2022 20:05:57 GMT",
        "Expires": "-1",
        "Pragma": "no-cache",
        "Request-Context": "appId=cid-v1:2d2e8e63-272e-4b3c-8598-4ee570a0e70d",
        "Server-Timing": "traceparent;desc=\u002200-962fde7df7725e507e834ddef0692a0f-b6229e7052ce9558-00\u0022",
        "Strict-Transport-Security": "max-age=31536000; includeSubDomains",
        "Transfer-Encoding": "chunked",
        "Vary": [
          "Accept-Encoding",
          "Accept-Encoding"
        ],
        "x-aml-cluster": "vienna-westus-02",
        "X-Content-Type-Options": "nosniff",
        "x-ms-correlation-request-id": "43abe4f8-fac9-4d64-8d66-02ac34af0e02",
        "x-ms-ratelimit-remaining-subscription-reads": "11965",
        "x-ms-request-id": "43abe4f8-fac9-4d64-8d66-02ac34af0e02",
        "x-ms-response-type": "standard",
        "x-ms-routing-request-id": "EASTUS:20221228T200557Z:43abe4f8-fac9-4d64-8d66-02ac34af0e02",
        "x-request-time": "0.013"
      },
      "ResponseBody": {
        "id": "/subscriptions/b17253fa-f327-42d6-9686-f3e553e24763/providers/Microsoft.MachineLearningServices/locations/westus/mfeOperationResults/s:55dbca7f-9e65-4feb-8c41-d63789be2717:XQOqegQPK3rJUhwXrnRQ_LnWHHXftAEtMxR734wldh8",
        "name": "s:55dbca7f-9e65-4feb-8c41-d63789be2717:XQOqegQPK3rJUhwXrnRQ_LnWHHXftAEtMxR734wldh8",
        "status": "Creating"
      }
    }
  ],
  "Variables": {
    "name": "test_291354713739"
  }
}
