{
  "Entries": [
    {
      "RequestUri": "https://management.azure.com/subscriptions/00000000-0000-0000-0000-000000000/resourceGroups/00000/providers/Microsoft.MachineLearningServices/workspaces/00000/datastores/workspaceblobstore?api-version=2022-05-01",
      "RequestMethod": "GET",
      "RequestHeaders": {
        "Accept": "application/json",
        "Accept-Encoding": "gzip, deflate",
        "Connection": "keep-alive",
        "User-Agent": "azure-ai-ml/1.3.0 azsdk-python-mgmt-machinelearningservices/0.1.0 Python/3.10.8 (Windows-10-10.0.22621-SP0)"
      },
      "RequestBody": null,
      "StatusCode": 200,
      "ResponseHeaders": {
        "Cache-Control": "no-cache",
        "Content-Encoding": "gzip",
        "Content-Type": "application/json; charset=utf-8",
        "Date": "Wed, 28 Dec 2022 20:05:13 GMT",
        "Expires": "-1",
        "Pragma": "no-cache",
        "Request-Context": "appId=cid-v1:2d2e8e63-272e-4b3c-8598-4ee570a0e70d",
        "Server-Timing": "traceparent;desc=\u002200-dc62889ee51bfd983c7fa408faa9d510-8906f712b59fd6ad-00\u0022",
        "Strict-Transport-Security": "max-age=31536000; includeSubDomains",
        "Transfer-Encoding": "chunked",
        "Vary": [
          "Accept-Encoding",
          "Accept-Encoding"
        ],
        "x-aml-cluster": "vienna-westus-02",
        "X-Content-Type-Options": "nosniff",
        "x-ms-correlation-request-id": "a42c65f2-dd8e-4fc2-a3e6-79389b388cea",
        "x-ms-ratelimit-remaining-subscription-reads": "11983",
        "x-ms-response-type": "standard",
        "x-ms-routing-request-id": "EASTUS:20221228T200513Z:a42c65f2-dd8e-4fc2-a3e6-79389b388cea",
        "x-request-time": "0.099"
      },
      "ResponseBody": {
        "id": "/subscriptions/00000000-0000-0000-0000-000000000/resourceGroups/00000/providers/Microsoft.MachineLearningServices/workspaces/00000/datastores/workspaceblobstore",
        "name": "workspaceblobstore",
        "type": "Microsoft.MachineLearningServices/workspaces/datastores",
        "properties": {
          "description": null,
          "tags": null,
          "properties": null,
          "isDefault": true,
          "credentials": {
            "credentialsType": "AccountKey"
          },
          "datastoreType": "AzureBlob",
          "accountName": "sauucsxpn24slls",
          "containerName": "azureml-blobstore-55dbca7f-9e65-4feb-8c41-d63789be2717",
          "endpoint": "core.windows.net",
          "protocol": "https",
          "serviceDataAccessAuthIdentity": "WorkspaceSystemAssignedIdentity"
        },
        "systemData": {
          "createdAt": "2022-12-13T16:14:50.1412936\u002B00:00",
          "createdBy": "779301c0-18b2-4cdc-801b-a0a3368fee0a",
          "createdByType": "Application",
          "lastModifiedAt": "2022-12-13T16:14:50.7943244\u002B00:00",
          "lastModifiedBy": "779301c0-18b2-4cdc-801b-a0a3368fee0a",
          "lastModifiedByType": "Application"
        }
      }
    },
    {
      "RequestUri": "https://management.azure.com/subscriptions/00000000-0000-0000-0000-000000000/resourceGroups/00000/providers/Microsoft.MachineLearningServices/workspaces/00000/datastores/workspaceblobstore/listSecrets?api-version=2022-05-01",
      "RequestMethod": "POST",
      "RequestHeaders": {
        "Accept": "application/json",
        "Accept-Encoding": "gzip, deflate",
        "Connection": "keep-alive",
        "Content-Length": "0",
        "User-Agent": "azure-ai-ml/1.3.0 azsdk-python-mgmt-machinelearningservices/0.1.0 Python/3.10.8 (Windows-10-10.0.22621-SP0)"
      },
      "RequestBody": null,
      "StatusCode": 200,
      "ResponseHeaders": {
        "Cache-Control": "no-cache",
        "Content-Encoding": "gzip",
        "Content-Type": "application/json; charset=utf-8",
        "Date": "Wed, 28 Dec 2022 20:05:13 GMT",
        "Expires": "-1",
        "Pragma": "no-cache",
        "Request-Context": "appId=cid-v1:2d2e8e63-272e-4b3c-8598-4ee570a0e70d",
        "Server-Timing": "traceparent;desc=\u002200-bad9e3a0e36dca6f604acc584c16005b-cde1153bef0a0fe6-00\u0022",
        "Strict-Transport-Security": "max-age=31536000; includeSubDomains",
        "Transfer-Encoding": "chunked",
        "Vary": "Accept-Encoding",
        "x-aml-cluster": "vienna-westus-02",
        "X-Content-Type-Options": "nosniff",
        "x-ms-correlation-request-id": "018511e4-abc6-45c0-baad-ab362c11f60b",
        "x-ms-ratelimit-remaining-subscription-writes": "1195",
        "x-ms-response-type": "standard",
        "x-ms-routing-request-id": "EASTUS:20221228T200514Z:018511e4-abc6-45c0-baad-ab362c11f60b",
        "x-request-time": "0.109"
      },
      "ResponseBody": {
        "secretsType": "AccountKey",
        "key": "dGhpcyBpcyBmYWtlIGtleQ=="
      }
    },
    {
      "RequestUri": "https://sauucsxpn24slls.blob.core.windows.net/azureml-blobstore-55dbca7f-9e65-4feb-8c41-d63789be2717/LocalUpload/00000000000000000000000000000000/COMPONENT_PLACEHOLDER",
      "RequestMethod": "HEAD",
      "RequestHeaders": {
        "Accept": "application/xml",
        "Accept-Encoding": "gzip, deflate",
        "Connection": "keep-alive",
        "User-Agent": "azsdk-python-storage-blob/12.12.0 Python/3.10.8 (Windows-10-10.0.22621-SP0)",
        "x-ms-date": "Wed, 28 Dec 2022 20:05:15 GMT",
        "x-ms-version": "2021-06-08"
      },
      "RequestBody": null,
      "StatusCode": 200,
      "ResponseHeaders": {
        "Accept-Ranges": "bytes",
        "Content-Length": "35",
        "Content-MD5": "L/DnSpFIn\u002BjaQWc\u002BsUQdcw==",
        "Content-Type": "application/octet-stream",
        "Date": "Wed, 28 Dec 2022 20:05:13 GMT",
        "ETag": "\u00220x8DAE4608CD1B8C4\u0022",
        "Last-Modified": "Thu, 22 Dec 2022 21:07:35 GMT",
        "Server": [
          "Windows-Azure-Blob/1.0",
          "Microsoft-HTTPAPI/2.0"
        ],
        "Vary": "Origin",
        "x-ms-access-tier": "Hot",
        "x-ms-access-tier-inferred": "true",
        "x-ms-blob-type": "BlockBlob",
        "x-ms-creation-time": "Thu, 22 Dec 2022 21:07:35 GMT",
        "x-ms-lease-state": "available",
        "x-ms-lease-status": "unlocked",
        "x-ms-meta-name": "e3a2d82d-a800-4284-b7c0-97f8cbc1bf33",
        "x-ms-meta-upload_status": "completed",
        "x-ms-meta-version": "1",
        "x-ms-server-encrypted": "true",
        "x-ms-version": "2021-06-08"
      },
      "ResponseBody": null
    },
    {
      "RequestUri": "https://sauucsxpn24slls.blob.core.windows.net/azureml-blobstore-55dbca7f-9e65-4feb-8c41-d63789be2717/az-ml-artifacts/00000000000000000000000000000000/COMPONENT_PLACEHOLDER",
      "RequestMethod": "HEAD",
      "RequestHeaders": {
        "Accept": "application/xml",
        "Accept-Encoding": "gzip, deflate",
        "Connection": "keep-alive",
        "User-Agent": "azsdk-python-storage-blob/12.12.0 Python/3.10.8 (Windows-10-10.0.22621-SP0)",
        "x-ms-date": "Wed, 28 Dec 2022 20:05:15 GMT",
        "x-ms-version": "2021-06-08"
      },
      "RequestBody": null,
      "StatusCode": 404,
      "ResponseHeaders": {
        "Date": "Wed, 28 Dec 2022 20:05:13 GMT",
        "Server": [
          "Windows-Azure-Blob/1.0",
          "Microsoft-HTTPAPI/2.0"
        ],
        "Transfer-Encoding": "chunked",
        "Vary": "Origin",
        "x-ms-error-code": "BlobNotFound",
        "x-ms-version": "2021-06-08"
      },
      "ResponseBody": null
    },
    {
      "RequestUri": "https://management.azure.com/subscriptions/00000000-0000-0000-0000-000000000/resourceGroups/00000/providers/Microsoft.MachineLearningServices/workspaces/00000/codes/e3a2d82d-a800-4284-b7c0-97f8cbc1bf33/versions/1?api-version=2022-05-01",
      "RequestMethod": "PUT",
      "RequestHeaders": {
        "Accept": "application/json",
        "Accept-Encoding": "gzip, deflate",
        "Connection": "keep-alive",
        "Content-Length": "288",
        "Content-Type": "application/json",
        "User-Agent": "azure-ai-ml/1.3.0 azsdk-python-mgmt-machinelearningservices/0.1.0 Python/3.10.8 (Windows-10-10.0.22621-SP0)"
      },
      "RequestBody": {
        "properties": {
          "properties": {
            "hash_sha256": "0000000000000",
            "hash_version": "0000000000000"
          },
          "isAnonymous": true,
          "isArchived": false,
          "codeUri": "https://sauucsxpn24slls.blob.core.windows.net/azureml-blobstore-55dbca7f-9e65-4feb-8c41-d63789be2717/LocalUpload/00000000000000000000000000000000"
        }
      },
      "StatusCode": 200,
      "ResponseHeaders": {
        "Cache-Control": "no-cache",
        "Content-Encoding": "gzip",
        "Content-Type": "application/json; charset=utf-8",
        "Date": "Wed, 28 Dec 2022 20:05:14 GMT",
        "Expires": "-1",
        "Pragma": "no-cache",
        "Request-Context": "appId=cid-v1:2d2e8e63-272e-4b3c-8598-4ee570a0e70d",
        "Server-Timing": "traceparent;desc=\u002200-baf3b92866c5b61b1f67176d747d0232-201d927bb7e3256a-00\u0022",
        "Strict-Transport-Security": "max-age=31536000; includeSubDomains",
        "Transfer-Encoding": "chunked",
        "Vary": [
          "Accept-Encoding",
          "Accept-Encoding"
        ],
        "x-aml-cluster": "vienna-westus-02",
        "X-Content-Type-Options": "nosniff",
        "x-ms-correlation-request-id": "6c31be25-9164-4fd8-b6d1-c702ae1a8a0a",
        "x-ms-ratelimit-remaining-subscription-writes": "1183",
        "x-ms-response-type": "standard",
        "x-ms-routing-request-id": "EASTUS:20221228T200515Z:6c31be25-9164-4fd8-b6d1-c702ae1a8a0a",
        "x-request-time": "0.089"
      },
      "ResponseBody": {
        "id": "/subscriptions/00000000-0000-0000-0000-000000000/resourceGroups/00000/providers/Microsoft.MachineLearningServices/workspaces/00000/codes/e3a2d82d-a800-4284-b7c0-97f8cbc1bf33/versions/1",
        "name": "1",
        "type": "Microsoft.MachineLearningServices/workspaces/codes/versions",
        "properties": {
          "description": null,
          "tags": {},
          "properties": {
            "hash_sha256": "0000000000000",
            "hash_version": "0000000000000"
          },
          "isArchived": false,
          "isAnonymous": false,
          "codeUri": "https://sauucsxpn24slls.blob.core.windows.net/azureml-blobstore-55dbca7f-9e65-4feb-8c41-d63789be2717/LocalUpload/00000000000000000000000000000000"
        },
        "systemData": {
          "createdAt": "2022-12-22T21:07:37.0966717\u002B00:00",
          "createdBy": "Njuguna Thande",
          "createdByType": "User",
          "lastModifiedAt": "2022-12-28T20:05:14.9585345\u002B00:00",
          "lastModifiedBy": "Njuguna Thande",
          "lastModifiedByType": "User"
        }
      }
    },
    {
      "RequestUri": "https://management.azure.com/subscriptions/00000000-0000-0000-0000-000000000/resourceGroups/00000/providers/Microsoft.MachineLearningServices/workspaces/00000/components/azureml_anonymous/versions/000000000000000000000?api-version=2022-05-01",
      "RequestMethod": "PUT",
      "RequestHeaders": {
        "Accept": "application/json",
        "Accept-Encoding": "gzip, deflate",
        "Connection": "keep-alive",
        "Content-Length": "755",
        "Content-Type": "application/json",
        "User-Agent": "azure-ai-ml/1.3.0 azsdk-python-mgmt-machinelearningservices/0.1.0 Python/3.10.8 (Windows-10-10.0.22621-SP0)"
      },
      "RequestBody": {
        "properties": {
          "properties": {},
          "tags": {},
          "isAnonymous": true,
          "isArchived": false,
          "componentSpec": {
            "command": "echo Hello World \u0026 echo ${{inputs.component_in_number}}",
            "code": "azureml:/subscriptions/00000000-0000-0000-0000-000000000/resourceGroups/00000/providers/Microsoft.MachineLearningServices/workspaces/00000/codes/e3a2d82d-a800-4284-b7c0-97f8cbc1bf33/versions/1",
            "environment": "azureml:AzureML-sklearn-0.24-ubuntu18.04-py37-cpu:1",
            "name": "azureml_anonymous",
            "version": "000000000000000000000",
            "display_name": "hello_world_component_inline_1",
            "is_deterministic": true,
            "inputs": {
              "component_in_number": {
                "type": "integer",
                "optional": false,
                "default": "10",
                "description": "An integer"
              }
            },
            "type": "command",
            "_source": "YAML.JOB"
          }
        }
      },
      "StatusCode": 201,
      "ResponseHeaders": {
        "Cache-Control": "no-cache",
        "Content-Length": "1739",
        "Content-Type": "application/json; charset=utf-8",
        "Date": "Wed, 28 Dec 2022 20:05:14 GMT",
        "Expires": "-1",
        "Location": "https://management.azure.com/subscriptions/00000000-0000-0000-0000-000000000/resourceGroups/00000/providers/Microsoft.MachineLearningServices/workspaces/00000/components/azureml_anonymous/versions/000000000000000000000?api-version=2022-05-01",
        "Pragma": "no-cache",
        "Request-Context": "appId=cid-v1:2d2e8e63-272e-4b3c-8598-4ee570a0e70d",
        "Server-Timing": "traceparent;desc=\u002200-66cf917345c48f20b2ff4dd5d66ee5b6-521af8d439b0f16a-00\u0022",
        "Strict-Transport-Security": "max-age=31536000; includeSubDomains",
        "x-aml-cluster": "vienna-westus-02",
        "X-Content-Type-Options": "nosniff",
        "x-ms-correlation-request-id": "ddb627a9-15f3-43f8-851d-996ce18da0f4",
        "x-ms-ratelimit-remaining-subscription-writes": "1182",
        "x-ms-response-type": "standard",
        "x-ms-routing-request-id": "EASTUS:20221228T200515Z:ddb627a9-15f3-43f8-851d-996ce18da0f4",
        "x-request-time": "0.509"
      },
      "ResponseBody": {
        "id": "/subscriptions/00000000-0000-0000-0000-000000000/resourceGroups/00000/providers/Microsoft.MachineLearningServices/workspaces/00000/components/azureml_anonymous/versions/07a4bc6b-1a2c-484e-b86c-e60875657884",
        "name": "07a4bc6b-1a2c-484e-b86c-e60875657884",
        "type": "Microsoft.MachineLearningServices/workspaces/components/versions",
        "properties": {
          "description": null,
          "tags": {},
          "properties": {},
          "isArchived": false,
          "isAnonymous": true,
          "componentSpec": {
            "name": "azureml_anonymous",
            "version": "07a4bc6b-1a2c-484e-b86c-e60875657884",
            "display_name": "hello_world_component_inline_1",
            "is_deterministic": "True",
            "type": "command",
            "inputs": {
              "component_in_number": {
                "type": "integer",
                "optional": "False",
                "default": "10",
                "description": "An integer"
              }
            },
            "code": "azureml:/subscriptions/00000000-0000-0000-0000-000000000/resourceGroups/00000/providers/Microsoft.MachineLearningServices/workspaces/00000/codes/e3a2d82d-a800-4284-b7c0-97f8cbc1bf33/versions/1",
            "environment": "azureml://registries/azureml/environments/AzureML-sklearn-0.24-ubuntu18.04-py37-cpu/versions/1",
            "resources": {
              "instance_count": "1"
            },
            "command": "echo Hello World \u0026 echo ${{inputs.component_in_number}}",
            "$schema": "https://componentsdk.azureedge.net/jsonschema/CommandComponent.json"
          }
        },
        "systemData": {
          "createdAt": "2022-12-22T21:08:40.6863771\u002B00:00",
          "createdBy": "Njuguna Thande",
          "createdByType": "User",
          "lastModifiedAt": "2022-12-22T21:08:40.7293076\u002B00:00",
          "lastModifiedBy": "Njuguna Thande",
          "lastModifiedByType": "User"
        }
      }
    },
    {
      "RequestUri": "https://management.azure.com/subscriptions/00000000-0000-0000-0000-000000000/providers/Microsoft.MachineLearningServices/locations/westus/mfeOperationsStatus/s:55dbca7f-9e65-4feb-8c41-d63789be2717:W7kJdfSG3T0s6gBhE3-dzFByN0-eplYeLBjqJf-vpO8?api-version=2022-10-01-preview",
      "RequestMethod": "GET",
      "RequestHeaders": {
        "Accept": "*/*",
        "Accept-Encoding": "gzip, deflate",
        "Connection": "keep-alive",
        "User-Agent": "azure-ai-ml/1.3.0 azsdk-python-mgmt-machinelearningservices/0.1.0 Python/3.10.8 (Windows-10-10.0.22621-SP0)"
      },
      "RequestBody": null,
      "StatusCode": 200,
      "ResponseHeaders": {
        "Cache-Control": "no-cache",
        "Content-Encoding": "gzip",
        "Content-Type": "application/json; charset=utf-8",
        "Date": "Wed, 28 Dec 2022 20:05:15 GMT",
        "Expires": "-1",
        "Pragma": "no-cache",
        "Request-Context": "appId=cid-v1:2d2e8e63-272e-4b3c-8598-4ee570a0e70d",
        "Server-Timing": "traceparent;desc=\u002200-9dda61f9559985b666fa4f1350b2acb6-72495bc8620dde1c-00\u0022",
        "Strict-Transport-Security": "max-age=31536000; includeSubDomains",
        "Transfer-Encoding": "chunked",
        "Vary": [
          "Accept-Encoding",
          "Accept-Encoding"
        ],
        "x-aml-cluster": "vienna-westus-02",
        "X-Content-Type-Options": "nosniff",
        "x-ms-correlation-request-id": "30b78d6f-5c2b-47d6-ab95-d5e3a9c4184a",
        "x-ms-ratelimit-remaining-subscription-reads": "11982",
        "x-ms-response-type": "standard",
        "x-ms-routing-request-id": "EASTUS:20221228T200516Z:30b78d6f-5c2b-47d6-ab95-d5e3a9c4184a",
        "x-request-time": "0.015"
      },
      "ResponseBody": {
        "id": "/subscriptions/00000000-0000-0000-0000-000000000/providers/Microsoft.MachineLearningServices/locations/westus/mfeOperationResults/s:55dbca7f-9e65-4feb-8c41-d63789be2717:W7kJdfSG3T0s6gBhE3-dzFByN0-eplYeLBjqJf-vpO8",
        "name": "s:55dbca7f-9e65-4feb-8c41-d63789be2717:W7kJdfSG3T0s6gBhE3-dzFByN0-eplYeLBjqJf-vpO8",
        "status": "Succeeded",
        "startTime": "2022-12-28T20:05:11.2875499\u002B00:00",
        "endTime": "2022-12-28T20:05:12\u002B00:00"
      }
    },
    {
      "RequestUri": "https://management.azure.com/subscriptions/00000000-0000-0000-0000-000000000/resourceGroups/00000/providers/Microsoft.MachineLearningServices/workspaces/00000/datastores/workspaceblobstore?api-version=2022-05-01",
      "RequestMethod": "GET",
      "RequestHeaders": {
        "Accept": "application/json",
        "Accept-Encoding": "gzip, deflate",
        "Connection": "keep-alive",
        "User-Agent": "azure-ai-ml/1.3.0 azsdk-python-mgmt-machinelearningservices/0.1.0 Python/3.10.8 (Windows-10-10.0.22621-SP0)"
      },
      "RequestBody": null,
      "StatusCode": 200,
      "ResponseHeaders": {
        "Cache-Control": "no-cache",
        "Content-Encoding": "gzip",
        "Content-Type": "application/json; charset=utf-8",
        "Date": "Wed, 28 Dec 2022 20:05:16 GMT",
        "Expires": "-1",
        "Pragma": "no-cache",
        "Request-Context": "appId=cid-v1:2d2e8e63-272e-4b3c-8598-4ee570a0e70d",
        "Server-Timing": "traceparent;desc=\u002200-c3127c26a65cc677a8e4147aeccb9456-4aa58831b4f47832-00\u0022",
        "Strict-Transport-Security": "max-age=31536000; includeSubDomains",
        "Transfer-Encoding": "chunked",
        "Vary": [
          "Accept-Encoding",
          "Accept-Encoding"
        ],
        "x-aml-cluster": "vienna-westus-01",
        "X-Content-Type-Options": "nosniff",
        "x-ms-correlation-request-id": "2101e49f-5cf5-4f85-9d4f-e7107bcb1ab4",
        "x-ms-ratelimit-remaining-subscription-reads": "11957",
        "x-ms-response-type": "standard",
        "x-ms-routing-request-id": "EASTUS:20221228T200516Z:2101e49f-5cf5-4f85-9d4f-e7107bcb1ab4",
        "x-request-time": "0.088"
      },
      "ResponseBody": {
        "id": "/subscriptions/00000000-0000-0000-0000-000000000/resourceGroups/00000/providers/Microsoft.MachineLearningServices/workspaces/00000/datastores/workspaceblobstore",
        "name": "workspaceblobstore",
        "type": "Microsoft.MachineLearningServices/workspaces/datastores",
        "properties": {
          "description": null,
          "tags": null,
          "properties": null,
          "isDefault": true,
          "credentials": {
            "credentialsType": "AccountKey"
          },
          "datastoreType": "AzureBlob",
          "accountName": "sauucsxpn24slls",
          "containerName": "azureml-blobstore-55dbca7f-9e65-4feb-8c41-d63789be2717",
          "endpoint": "core.windows.net",
          "protocol": "https",
          "serviceDataAccessAuthIdentity": "WorkspaceSystemAssignedIdentity"
        },
        "systemData": {
          "createdAt": "2022-12-13T16:14:50.1412936\u002B00:00",
          "createdBy": "779301c0-18b2-4cdc-801b-a0a3368fee0a",
          "createdByType": "Application",
          "lastModifiedAt": "2022-12-13T16:14:50.7943244\u002B00:00",
          "lastModifiedBy": "779301c0-18b2-4cdc-801b-a0a3368fee0a",
          "lastModifiedByType": "Application"
        }
      }
    },
    {
      "RequestUri": "https://management.azure.com/subscriptions/00000000-0000-0000-0000-000000000/resourceGroups/00000/providers/Microsoft.MachineLearningServices/workspaces/00000/schedules/weekly_retrain_2022_cron_arm_updates?api-version=2022-10-01-preview",
      "RequestMethod": "GET",
      "RequestHeaders": {
        "Accept": "*/*",
        "Accept-Encoding": "gzip, deflate",
        "Connection": "keep-alive",
        "User-Agent": "azure-ai-ml/1.3.0 azsdk-python-mgmt-machinelearningservices/0.1.0 Python/3.10.8 (Windows-10-10.0.22621-SP0)"
      },
      "RequestBody": null,
      "StatusCode": 200,
      "ResponseHeaders": {
        "Cache-Control": "no-cache",
        "Content-Encoding": "gzip",
        "Content-Type": "application/json; charset=utf-8",
        "Date": "Wed, 28 Dec 2022 20:05:15 GMT",
        "Expires": "-1",
        "Pragma": "no-cache",
        "Request-Context": "appId=cid-v1:2d2e8e63-272e-4b3c-8598-4ee570a0e70d",
        "Server-Timing": "traceparent;desc=\u002200-cc80497ce05c46e6481bf47e2eeea245-ad94765a1947f618-00\u0022",
        "Strict-Transport-Security": "max-age=31536000; includeSubDomains",
        "Transfer-Encoding": "chunked",
        "Vary": [
          "Accept-Encoding",
          "Accept-Encoding"
        ],
        "x-aml-cluster": "vienna-westus-02",
        "X-Content-Type-Options": "nosniff",
        "x-ms-correlation-request-id": "2e33f36c-5698-45b1-b009-3fc38a78c1a9",
        "x-ms-ratelimit-remaining-subscription-reads": "11981",
        "x-ms-response-type": "standard",
        "x-ms-routing-request-id": "EASTUS:20221228T200516Z:2e33f36c-5698-45b1-b009-3fc38a78c1a9",
        "x-request-time": "0.022"
      },
      "ResponseBody": {
        "name": "weekly_retrain_2022_cron_arm_updates",
        "properties": {
          "description": null,
          "tags": {},
          "properties": {},
          "displayName": null,
          "isEnabled": false,
          "trigger": {
            "endTime": null,
            "startTime": "2022-03-10 10:15:00",
            "timeZone": "UTC",
            "triggerType": "Cron",
            "expression": "15 10 * * 1"
          },
          "action": {
            "actionType": "CreateJob",
            "jobDefinition": {
              "description": null,
              "tags": {},
              "properties": {},
              "displayName": null,
              "status": "NotStarted",
              "experimentName": "Default",
              "services": null,
              "computeId": null,
              "isArchived": false,
              "identity": null,
              "componentId": null,
              "jobType": "Pipeline",
              "settings": {
                "_source": "REMOTE.WORKSPACE.JOB"
              },
              "jobs": {},
              "inputs": {},
              "outputs": {},
              "sourceJobId": "/subscriptions/00000000-0000-0000-0000-000000000/resourceGroups/00000/providers/Microsoft.MachineLearningServices/workspaces/00000/jobs/test_66214403537"
            }
          },
          "provisioningState": "Succeeded"
        },
        "systemData": {
          "createdAt": "2022-12-22T21:08:31.9287477\u002B00:00",
          "createdBy": "Njuguna Thande",
          "createdByType": "User",
          "lastModifiedAt": "2022-12-28T20:05:12.7443221\u002B00:00",
          "lastModifiedBy": "Njuguna Thande",
          "lastModifiedByType": "User"
        }
      }
    },
    {
      "RequestUri": "https://management.azure.com/subscriptions/00000000-0000-0000-0000-000000000/resourceGroups/00000/providers/Microsoft.MachineLearningServices/workspaces/00000/datastores/workspaceblobstore/listSecrets?api-version=2022-05-01",
      "RequestMethod": "POST",
      "RequestHeaders": {
        "Accept": "application/json",
        "Accept-Encoding": "gzip, deflate",
        "Connection": "keep-alive",
        "Content-Length": "0",
        "User-Agent": "azure-ai-ml/1.3.0 azsdk-python-mgmt-machinelearningservices/0.1.0 Python/3.10.8 (Windows-10-10.0.22621-SP0)"
      },
      "RequestBody": null,
      "StatusCode": 200,
      "ResponseHeaders": {
        "Cache-Control": "no-cache",
        "Content-Encoding": "gzip",
        "Content-Type": "application/json; charset=utf-8",
        "Date": "Wed, 28 Dec 2022 20:05:17 GMT",
        "Expires": "-1",
        "Pragma": "no-cache",
        "Request-Context": "appId=cid-v1:2d2e8e63-272e-4b3c-8598-4ee570a0e70d",
        "Server-Timing": "traceparent;desc=\u002200-bfd499bf1ebb117e4612e1b13cd8ef9a-1f1e441aefe22f18-00\u0022",
        "Strict-Transport-Security": "max-age=31536000; includeSubDomains",
        "Transfer-Encoding": "chunked",
        "Vary": "Accept-Encoding",
        "x-aml-cluster": "vienna-westus-01",
        "X-Content-Type-Options": "nosniff",
        "x-ms-correlation-request-id": "01e1a0f2-9757-4ca4-8069-de9cd1074c11",
        "x-ms-ratelimit-remaining-subscription-writes": "1192",
        "x-ms-response-type": "standard",
        "x-ms-routing-request-id": "EASTUS:20221228T200517Z:01e1a0f2-9757-4ca4-8069-de9cd1074c11",
        "x-request-time": "0.095"
      },
      "ResponseBody": {
        "secretsType": "AccountKey",
        "key": "dGhpcyBpcyBmYWtlIGtleQ=="
      }
    },
    {
      "RequestUri": "https://sauucsxpn24slls.blob.core.windows.net/azureml-blobstore-55dbca7f-9e65-4feb-8c41-d63789be2717/LocalUpload/00000000000000000000000000000000/components/1in1out.yaml",
      "RequestMethod": "HEAD",
      "RequestHeaders": {
        "Accept": "application/xml",
        "Accept-Encoding": "gzip, deflate",
        "Connection": "keep-alive",
        "User-Agent": "azsdk-python-storage-blob/12.12.0 Python/3.10.8 (Windows-10-10.0.22621-SP0)",
        "x-ms-date": "Wed, 28 Dec 2022 20:05:18 GMT",
        "x-ms-version": "2021-06-08"
      },
      "RequestBody": null,
      "StatusCode": 200,
      "ResponseHeaders": {
        "Accept-Ranges": "bytes",
        "Content-Length": "390",
        "Content-MD5": "eNmrrapB3xL\u002BHp2eOo2AYw==",
        "Content-Type": "application/octet-stream",
        "Date": "Wed, 28 Dec 2022 20:05:16 GMT",
        "ETag": "\u00220x8DAE460B51B925A\u0022",
        "Last-Modified": "Thu, 22 Dec 2022 21:08:43 GMT",
        "Server": [
          "Windows-Azure-Blob/1.0",
          "Microsoft-HTTPAPI/2.0"
        ],
        "Vary": "Origin",
        "x-ms-access-tier": "Hot",
        "x-ms-access-tier-inferred": "true",
        "x-ms-blob-type": "BlockBlob",
        "x-ms-creation-time": "Thu, 22 Dec 2022 21:08:42 GMT",
        "x-ms-lease-state": "available",
        "x-ms-lease-status": "unlocked",
        "x-ms-meta-name": "d38fa6f0-3ca1-4fa9-9d02-1711957f1cc9",
        "x-ms-meta-upload_status": "completed",
        "x-ms-meta-version": "1",
        "x-ms-server-encrypted": "true",
        "x-ms-version": "2021-06-08"
      },
      "ResponseBody": null
    },
    {
      "RequestUri": "https://sauucsxpn24slls.blob.core.windows.net/azureml-blobstore-55dbca7f-9e65-4feb-8c41-d63789be2717/az-ml-artifacts/00000000000000000000000000000000/components/1in1out.yaml",
      "RequestMethod": "HEAD",
      "RequestHeaders": {
        "Accept": "application/xml",
        "Accept-Encoding": "gzip, deflate",
        "Connection": "keep-alive",
        "User-Agent": "azsdk-python-storage-blob/12.12.0 Python/3.10.8 (Windows-10-10.0.22621-SP0)",
        "x-ms-date": "Wed, 28 Dec 2022 20:05:18 GMT",
        "x-ms-version": "2021-06-08"
      },
      "RequestBody": null,
      "StatusCode": 404,
      "ResponseHeaders": {
        "Date": "Wed, 28 Dec 2022 20:05:16 GMT",
        "Server": [
          "Windows-Azure-Blob/1.0",
          "Microsoft-HTTPAPI/2.0"
        ],
        "Transfer-Encoding": "chunked",
        "Vary": "Origin",
        "x-ms-error-code": "BlobNotFound",
        "x-ms-version": "2021-06-08"
      },
      "ResponseBody": null
    },
    {
      "RequestUri": "https://management.azure.com/subscriptions/00000000-0000-0000-0000-000000000/resourceGroups/00000/providers/Microsoft.MachineLearningServices/workspaces/00000/codes/d38fa6f0-3ca1-4fa9-9d02-1711957f1cc9/versions/1?api-version=2022-05-01",
      "RequestMethod": "PUT",
      "RequestHeaders": {
        "Accept": "application/json",
        "Accept-Encoding": "gzip, deflate",
        "Connection": "keep-alive",
        "Content-Length": "299",
        "Content-Type": "application/json",
        "User-Agent": "azure-ai-ml/1.3.0 azsdk-python-mgmt-machinelearningservices/0.1.0 Python/3.10.8 (Windows-10-10.0.22621-SP0)"
      },
      "RequestBody": {
        "properties": {
          "properties": {
            "hash_sha256": "0000000000000",
            "hash_version": "0000000000000"
          },
          "isAnonymous": true,
          "isArchived": false,
          "codeUri": "https://sauucsxpn24slls.blob.core.windows.net/azureml-blobstore-55dbca7f-9e65-4feb-8c41-d63789be2717/LocalUpload/00000000000000000000000000000000/components"
        }
      },
      "StatusCode": 200,
      "ResponseHeaders": {
        "Cache-Control": "no-cache",
        "Content-Encoding": "gzip",
        "Content-Type": "application/json; charset=utf-8",
        "Date": "Wed, 28 Dec 2022 20:05:17 GMT",
        "Expires": "-1",
        "Pragma": "no-cache",
        "Request-Context": "appId=cid-v1:2d2e8e63-272e-4b3c-8598-4ee570a0e70d",
        "Server-Timing": "traceparent;desc=\u002200-7fdf1df614846cba6d9fb5acbceb7e3c-fb6fc0f978c6b364-00\u0022",
        "Strict-Transport-Security": "max-age=31536000; includeSubDomains",
        "Transfer-Encoding": "chunked",
        "Vary": [
          "Accept-Encoding",
          "Accept-Encoding"
        ],
        "x-aml-cluster": "vienna-westus-01",
        "X-Content-Type-Options": "nosniff",
        "x-ms-correlation-request-id": "ccf7511a-905e-42ea-ae14-9e4a1325ef4b",
        "x-ms-ratelimit-remaining-subscription-writes": "1180",
        "x-ms-response-type": "standard",
        "x-ms-routing-request-id": "EASTUS:20221228T200517Z:ccf7511a-905e-42ea-ae14-9e4a1325ef4b",
        "x-request-time": "0.156"
      },
      "ResponseBody": {
        "id": "/subscriptions/00000000-0000-0000-0000-000000000/resourceGroups/00000/providers/Microsoft.MachineLearningServices/workspaces/00000/codes/d38fa6f0-3ca1-4fa9-9d02-1711957f1cc9/versions/1",
        "name": "1",
        "type": "Microsoft.MachineLearningServices/workspaces/codes/versions",
        "properties": {
          "description": null,
          "tags": {},
          "properties": {
            "hash_sha256": "0000000000000",
            "hash_version": "0000000000000"
          },
          "isArchived": false,
          "isAnonymous": false,
          "codeUri": "https://sauucsxpn24slls.blob.core.windows.net/azureml-blobstore-55dbca7f-9e65-4feb-8c41-d63789be2717/LocalUpload/00000000000000000000000000000000/components"
        },
        "systemData": {
          "createdAt": "2022-12-22T21:08:43.6321992\u002B00:00",
          "createdBy": "Njuguna Thande",
          "createdByType": "User",
          "lastModifiedAt": "2022-12-28T20:05:17.8730915\u002B00:00",
          "lastModifiedBy": "Njuguna Thande",
          "lastModifiedByType": "User"
        }
      }
    },
    {
      "RequestUri": "https://management.azure.com/subscriptions/00000000-0000-0000-0000-000000000/resourceGroups/00000/providers/Microsoft.MachineLearningServices/workspaces/00000/components/azureml_anonymous/versions/000000000000000000000?api-version=2022-05-01",
      "RequestMethod": "PUT",
      "RequestHeaders": {
        "Accept": "application/json",
        "Accept-Encoding": "gzip, deflate",
        "Connection": "keep-alive",
        "Content-Length": "755",
        "Content-Type": "application/json",
        "User-Agent": "azure-ai-ml/1.3.0 azsdk-python-mgmt-machinelearningservices/0.1.0 Python/3.10.8 (Windows-10-10.0.22621-SP0)"
      },
      "RequestBody": {
        "properties": {
          "properties": {},
          "tags": {},
          "isAnonymous": true,
          "isArchived": false,
          "componentSpec": {
            "command": "echo Hello World \u0026 echo ${{inputs.component_in_number}}",
            "code": "azureml:/subscriptions/00000000-0000-0000-0000-000000000/resourceGroups/00000/providers/Microsoft.MachineLearningServices/workspaces/00000/codes/d38fa6f0-3ca1-4fa9-9d02-1711957f1cc9/versions/1",
            "environment": "azureml:AzureML-sklearn-0.24-ubuntu18.04-py37-cpu:1",
            "name": "azureml_anonymous",
            "version": "000000000000000000000",
            "display_name": "hello_world_component_inline_2",
            "is_deterministic": true,
            "inputs": {
              "component_in_number": {
                "type": "integer",
                "optional": false,
                "default": "10",
                "description": "Am integer"
              }
            },
            "type": "command",
            "_source": "YAML.JOB"
          }
        }
      },
      "StatusCode": 201,
      "ResponseHeaders": {
        "Cache-Control": "no-cache",
        "Content-Length": "1738",
        "Content-Type": "application/json; charset=utf-8",
        "Date": "Wed, 28 Dec 2022 20:05:18 GMT",
        "Expires": "-1",
        "Location": "https://management.azure.com/subscriptions/00000000-0000-0000-0000-000000000/resourceGroups/00000/providers/Microsoft.MachineLearningServices/workspaces/00000/components/azureml_anonymous/versions/000000000000000000000?api-version=2022-05-01",
        "Pragma": "no-cache",
        "Request-Context": "appId=cid-v1:2d2e8e63-272e-4b3c-8598-4ee570a0e70d",
        "Server-Timing": "traceparent;desc=\u002200-a1f2dd32b845fd6a3fbd9f1bd04ddc31-bbbcd703f7505fbf-00\u0022",
        "Strict-Transport-Security": "max-age=31536000; includeSubDomains",
        "x-aml-cluster": "vienna-westus-01",
        "X-Content-Type-Options": "nosniff",
        "x-ms-correlation-request-id": "aa8f356c-5648-4684-ba26-b06d41a766a9",
        "x-ms-ratelimit-remaining-subscription-writes": "1179",
        "x-ms-response-type": "standard",
        "x-ms-routing-request-id": "EASTUS:20221228T200518Z:aa8f356c-5648-4684-ba26-b06d41a766a9",
        "x-request-time": "0.313"
      },
      "ResponseBody": {
        "id": "/subscriptions/00000000-0000-0000-0000-000000000/resourceGroups/00000/providers/Microsoft.MachineLearningServices/workspaces/00000/components/azureml_anonymous/versions/5c24a5c9-a897-4e83-92f1-8a0e53fdc66c",
        "name": "5c24a5c9-a897-4e83-92f1-8a0e53fdc66c",
        "type": "Microsoft.MachineLearningServices/workspaces/components/versions",
        "properties": {
          "description": null,
          "tags": {},
          "properties": {},
          "isArchived": false,
          "isAnonymous": true,
          "componentSpec": {
            "name": "azureml_anonymous",
            "version": "5c24a5c9-a897-4e83-92f1-8a0e53fdc66c",
            "display_name": "hello_world_component_inline_2",
            "is_deterministic": "True",
            "type": "command",
            "inputs": {
              "component_in_number": {
                "type": "integer",
                "optional": "False",
                "default": "10",
                "description": "Am integer"
              }
            },
            "code": "azureml:/subscriptions/00000000-0000-0000-0000-000000000/resourceGroups/00000/providers/Microsoft.MachineLearningServices/workspaces/00000/codes/d38fa6f0-3ca1-4fa9-9d02-1711957f1cc9/versions/1",
            "environment": "azureml://registries/azureml/environments/AzureML-sklearn-0.24-ubuntu18.04-py37-cpu/versions/1",
            "resources": {
              "instance_count": "1"
            },
            "command": "echo Hello World \u0026 echo ${{inputs.component_in_number}}",
            "$schema": "https://componentsdk.azureedge.net/jsonschema/CommandComponent.json"
          }
        },
        "systemData": {
          "createdAt": "2022-12-22T21:08:44.4597166\u002B00:00",
          "createdBy": "Njuguna Thande",
          "createdByType": "User",
          "lastModifiedAt": "2022-12-22T21:08:44.496536\u002B00:00",
          "lastModifiedBy": "Njuguna Thande",
          "lastModifiedByType": "User"
        }
      }
    },
    {
      "RequestUri": "https://management.azure.com/subscriptions/00000000-0000-0000-0000-000000000/resourceGroups/00000/providers/Microsoft.MachineLearningServices/workspaces/00000/datastores/workspaceblobstore?api-version=2022-05-01",
      "RequestMethod": "GET",
      "RequestHeaders": {
        "Accept": "application/json",
        "Accept-Encoding": "gzip, deflate",
        "Connection": "keep-alive",
        "User-Agent": "azure-ai-ml/1.3.0 azsdk-python-mgmt-machinelearningservices/0.1.0 Python/3.10.8 (Windows-10-10.0.22621-SP0)"
      },
      "RequestBody": null,
      "StatusCode": 200,
      "ResponseHeaders": {
        "Cache-Control": "no-cache",
        "Content-Encoding": "gzip",
        "Content-Type": "application/json; charset=utf-8",
        "Date": "Wed, 28 Dec 2022 20:05:18 GMT",
        "Expires": "-1",
        "Pragma": "no-cache",
        "Request-Context": "appId=cid-v1:2d2e8e63-272e-4b3c-8598-4ee570a0e70d",
        "Server-Timing": "traceparent;desc=\u002200-4e065d2b9fa9b93805e9fa85002844c9-f3895a849c1552ca-00\u0022",
        "Strict-Transport-Security": "max-age=31536000; includeSubDomains",
        "Transfer-Encoding": "chunked",
        "Vary": [
          "Accept-Encoding",
          "Accept-Encoding"
        ],
        "x-aml-cluster": "vienna-westus-01",
        "X-Content-Type-Options": "nosniff",
        "x-ms-correlation-request-id": "62907a52-2966-4578-846b-afb0738d4ab7",
        "x-ms-ratelimit-remaining-subscription-reads": "11956",
        "x-ms-response-type": "standard",
        "x-ms-routing-request-id": "EASTUS:20221228T200519Z:62907a52-2966-4578-846b-afb0738d4ab7",
        "x-request-time": "0.097"
      },
      "ResponseBody": {
        "id": "/subscriptions/00000000-0000-0000-0000-000000000/resourceGroups/00000/providers/Microsoft.MachineLearningServices/workspaces/00000/datastores/workspaceblobstore",
        "name": "workspaceblobstore",
        "type": "Microsoft.MachineLearningServices/workspaces/datastores",
        "properties": {
          "description": null,
          "tags": null,
          "properties": null,
          "isDefault": true,
          "credentials": {
            "credentialsType": "AccountKey"
          },
          "datastoreType": "AzureBlob",
          "accountName": "sauucsxpn24slls",
          "containerName": "azureml-blobstore-55dbca7f-9e65-4feb-8c41-d63789be2717",
          "endpoint": "core.windows.net",
          "protocol": "https",
          "serviceDataAccessAuthIdentity": "WorkspaceSystemAssignedIdentity"
        },
        "systemData": {
          "createdAt": "2022-12-13T16:14:50.1412936\u002B00:00",
          "createdBy": "779301c0-18b2-4cdc-801b-a0a3368fee0a",
          "createdByType": "Application",
          "lastModifiedAt": "2022-12-13T16:14:50.7943244\u002B00:00",
          "lastModifiedBy": "779301c0-18b2-4cdc-801b-a0a3368fee0a",
          "lastModifiedByType": "Application"
        }
      }
    },
    {
      "RequestUri": "https://management.azure.com/subscriptions/00000000-0000-0000-0000-000000000/resourceGroups/00000/providers/Microsoft.MachineLearningServices/workspaces/00000/datastores/workspaceblobstore/listSecrets?api-version=2022-05-01",
      "RequestMethod": "POST",
      "RequestHeaders": {
        "Accept": "application/json",
        "Accept-Encoding": "gzip, deflate",
        "Connection": "keep-alive",
        "Content-Length": "0",
        "User-Agent": "azure-ai-ml/1.3.0 azsdk-python-mgmt-machinelearningservices/0.1.0 Python/3.10.8 (Windows-10-10.0.22621-SP0)"
      },
      "RequestBody": null,
      "StatusCode": 200,
      "ResponseHeaders": {
        "Cache-Control": "no-cache",
        "Content-Encoding": "gzip",
        "Content-Type": "application/json; charset=utf-8",
        "Date": "Wed, 28 Dec 2022 20:05:19 GMT",
        "Expires": "-1",
        "Pragma": "no-cache",
        "Request-Context": "appId=cid-v1:2d2e8e63-272e-4b3c-8598-4ee570a0e70d",
        "Server-Timing": "traceparent;desc=\u002200-2572c5f920b6da8732882b51c167a457-a797b19384784dba-00\u0022",
        "Strict-Transport-Security": "max-age=31536000; includeSubDomains",
        "Transfer-Encoding": "chunked",
        "Vary": "Accept-Encoding",
        "x-aml-cluster": "vienna-westus-01",
        "X-Content-Type-Options": "nosniff",
        "x-ms-correlation-request-id": "48afa71a-46a5-4cc9-95f2-1ec1110262cd",
        "x-ms-ratelimit-remaining-subscription-writes": "1191",
        "x-ms-response-type": "standard",
        "x-ms-routing-request-id": "EASTUS:20221228T200519Z:48afa71a-46a5-4cc9-95f2-1ec1110262cd",
        "x-request-time": "0.096"
      },
      "ResponseBody": {
        "secretsType": "AccountKey",
        "key": "dGhpcyBpcyBmYWtlIGtleQ=="
      }
    },
    {
      "RequestUri": "https://sauucsxpn24slls.blob.core.windows.net/azureml-blobstore-55dbca7f-9e65-4feb-8c41-d63789be2717/LocalUpload/00000000000000000000000000000000/COMPONENT_PLACEHOLDER",
      "RequestMethod": "HEAD",
      "RequestHeaders": {
        "Accept": "application/xml",
        "Accept-Encoding": "gzip, deflate",
        "Connection": "keep-alive",
        "User-Agent": "azsdk-python-storage-blob/12.12.0 Python/3.10.8 (Windows-10-10.0.22621-SP0)",
        "x-ms-date": "Wed, 28 Dec 2022 20:05:20 GMT",
        "x-ms-version": "2021-06-08"
      },
      "RequestBody": null,
      "StatusCode": 200,
      "ResponseHeaders": {
        "Accept-Ranges": "bytes",
        "Content-Length": "35",
        "Content-MD5": "L/DnSpFIn\u002BjaQWc\u002BsUQdcw==",
        "Content-Type": "application/octet-stream",
        "Date": "Wed, 28 Dec 2022 20:05:18 GMT",
        "ETag": "\u00220x8DAE4608CD1B8C4\u0022",
        "Last-Modified": "Thu, 22 Dec 2022 21:07:35 GMT",
        "Server": [
          "Windows-Azure-Blob/1.0",
          "Microsoft-HTTPAPI/2.0"
        ],
        "Vary": "Origin",
        "x-ms-access-tier": "Hot",
        "x-ms-access-tier-inferred": "true",
        "x-ms-blob-type": "BlockBlob",
        "x-ms-creation-time": "Thu, 22 Dec 2022 21:07:35 GMT",
        "x-ms-lease-state": "available",
        "x-ms-lease-status": "unlocked",
        "x-ms-meta-name": "e3a2d82d-a800-4284-b7c0-97f8cbc1bf33",
        "x-ms-meta-upload_status": "completed",
        "x-ms-meta-version": "1",
        "x-ms-server-encrypted": "true",
        "x-ms-version": "2021-06-08"
      },
      "ResponseBody": null
    },
    {
      "RequestUri": "https://sauucsxpn24slls.blob.core.windows.net/azureml-blobstore-55dbca7f-9e65-4feb-8c41-d63789be2717/az-ml-artifacts/00000000000000000000000000000000/COMPONENT_PLACEHOLDER",
      "RequestMethod": "HEAD",
      "RequestHeaders": {
        "Accept": "application/xml",
        "Accept-Encoding": "gzip, deflate",
        "Connection": "keep-alive",
        "User-Agent": "azsdk-python-storage-blob/12.12.0 Python/3.10.8 (Windows-10-10.0.22621-SP0)",
        "x-ms-date": "Wed, 28 Dec 2022 20:05:20 GMT",
        "x-ms-version": "2021-06-08"
      },
      "RequestBody": null,
      "StatusCode": 404,
      "ResponseHeaders": {
        "Date": "Wed, 28 Dec 2022 20:05:18 GMT",
        "Server": [
          "Windows-Azure-Blob/1.0",
          "Microsoft-HTTPAPI/2.0"
        ],
        "Transfer-Encoding": "chunked",
        "Vary": "Origin",
        "x-ms-error-code": "BlobNotFound",
        "x-ms-version": "2021-06-08"
      },
      "ResponseBody": null
    },
    {
      "RequestUri": "https://management.azure.com/subscriptions/00000000-0000-0000-0000-000000000/resourceGroups/00000/providers/Microsoft.MachineLearningServices/workspaces/00000/codes/e3a2d82d-a800-4284-b7c0-97f8cbc1bf33/versions/1?api-version=2022-05-01",
      "RequestMethod": "PUT",
      "RequestHeaders": {
        "Accept": "application/json",
        "Accept-Encoding": "gzip, deflate",
        "Connection": "keep-alive",
        "Content-Length": "288",
        "Content-Type": "application/json",
        "User-Agent": "azure-ai-ml/1.3.0 azsdk-python-mgmt-machinelearningservices/0.1.0 Python/3.10.8 (Windows-10-10.0.22621-SP0)"
      },
      "RequestBody": {
        "properties": {
          "properties": {
            "hash_sha256": "0000000000000",
            "hash_version": "0000000000000"
          },
          "isAnonymous": true,
          "isArchived": false,
          "codeUri": "https://sauucsxpn24slls.blob.core.windows.net/azureml-blobstore-55dbca7f-9e65-4feb-8c41-d63789be2717/LocalUpload/00000000000000000000000000000000"
        }
      },
      "StatusCode": 200,
      "ResponseHeaders": {
        "Cache-Control": "no-cache",
        "Content-Encoding": "gzip",
        "Content-Type": "application/json; charset=utf-8",
        "Date": "Wed, 28 Dec 2022 20:05:20 GMT",
        "Expires": "-1",
        "Pragma": "no-cache",
        "Request-Context": "appId=cid-v1:2d2e8e63-272e-4b3c-8598-4ee570a0e70d",
        "Server-Timing": "traceparent;desc=\u002200-6de32e2d4fd43ce34171ff5eae0ac899-8ae42706f8f825c3-00\u0022",
        "Strict-Transport-Security": "max-age=31536000; includeSubDomains",
        "Transfer-Encoding": "chunked",
        "Vary": [
          "Accept-Encoding",
          "Accept-Encoding"
        ],
        "x-aml-cluster": "vienna-westus-01",
        "X-Content-Type-Options": "nosniff",
        "x-ms-correlation-request-id": "2c4fe5de-879f-4375-b46c-f6c95485e5a1",
        "x-ms-ratelimit-remaining-subscription-writes": "1178",
        "x-ms-response-type": "standard",
        "x-ms-routing-request-id": "EASTUS:20221228T200520Z:2c4fe5de-879f-4375-b46c-f6c95485e5a1",
        "x-request-time": "0.349"
      },
      "ResponseBody": {
        "id": "/subscriptions/00000000-0000-0000-0000-000000000/resourceGroups/00000/providers/Microsoft.MachineLearningServices/workspaces/00000/codes/e3a2d82d-a800-4284-b7c0-97f8cbc1bf33/versions/1",
        "name": "1",
        "type": "Microsoft.MachineLearningServices/workspaces/codes/versions",
        "properties": {
          "description": null,
          "tags": {},
          "properties": {
            "hash_sha256": "0000000000000",
            "hash_version": "0000000000000"
          },
          "isArchived": false,
          "isAnonymous": false,
          "codeUri": "https://sauucsxpn24slls.blob.core.windows.net/azureml-blobstore-55dbca7f-9e65-4feb-8c41-d63789be2717/LocalUpload/00000000000000000000000000000000"
        },
        "systemData": {
          "createdAt": "2022-12-22T21:07:37.0966717\u002B00:00",
          "createdBy": "Njuguna Thande",
          "createdByType": "User",
          "lastModifiedAt": "2022-12-28T20:05:20.2677449\u002B00:00",
          "lastModifiedBy": "Njuguna Thande",
          "lastModifiedByType": "User"
        }
      }
    },
    {
      "RequestUri": "https://management.azure.com/subscriptions/00000000-0000-0000-0000-000000000/resourceGroups/00000/providers/Microsoft.MachineLearningServices/workspaces/00000/components/azureml_anonymous/versions/000000000000000000000?api-version=2022-05-01",
      "RequestMethod": "PUT",
      "RequestHeaders": {
        "Accept": "application/json",
        "Accept-Encoding": "gzip, deflate",
        "Connection": "keep-alive",
        "Content-Length": "755",
        "Content-Type": "application/json",
        "User-Agent": "azure-ai-ml/1.3.0 azsdk-python-mgmt-machinelearningservices/0.1.0 Python/3.10.8 (Windows-10-10.0.22621-SP0)"
      },
      "RequestBody": {
        "properties": {
          "properties": {},
          "tags": {},
          "isAnonymous": true,
          "isArchived": false,
          "componentSpec": {
            "command": "echo Hello World \u0026 echo ${{inputs.component_in_number}}",
            "code": "azureml:/subscriptions/00000000-0000-0000-0000-000000000/resourceGroups/00000/providers/Microsoft.MachineLearningServices/workspaces/00000/codes/e3a2d82d-a800-4284-b7c0-97f8cbc1bf33/versions/1",
            "environment": "azureml:AzureML-sklearn-0.24-ubuntu18.04-py37-cpu:1",
            "name": "azureml_anonymous",
            "version": "000000000000000000000",
            "display_name": "hello_world_component_inline_3",
            "is_deterministic": true,
            "inputs": {
              "component_in_number": {
                "type": "integer",
                "optional": false,
                "default": "10",
                "description": "Am integer"
              }
            },
            "type": "command",
            "_source": "YAML.JOB"
          }
        }
      },
      "StatusCode": 201,
      "ResponseHeaders": {
        "Cache-Control": "no-cache",
        "Content-Length": "1739",
        "Content-Type": "application/json; charset=utf-8",
        "Date": "Wed, 28 Dec 2022 20:05:20 GMT",
        "Expires": "-1",
        "Location": "https://management.azure.com/subscriptions/00000000-0000-0000-0000-000000000/resourceGroups/00000/providers/Microsoft.MachineLearningServices/workspaces/00000/components/azureml_anonymous/versions/000000000000000000000?api-version=2022-05-01",
        "Pragma": "no-cache",
        "Request-Context": "appId=cid-v1:2d2e8e63-272e-4b3c-8598-4ee570a0e70d",
        "Server-Timing": "traceparent;desc=\u002200-a70875a435c0e74c276d4731cd3202e9-413103908aea8051-00\u0022",
        "Strict-Transport-Security": "max-age=31536000; includeSubDomains",
        "x-aml-cluster": "vienna-westus-01",
        "X-Content-Type-Options": "nosniff",
        "x-ms-correlation-request-id": "8c5bb6df-39e4-4053-b81e-1a2a9709e4b0",
        "x-ms-ratelimit-remaining-subscription-writes": "1177",
        "x-ms-response-type": "standard",
        "x-ms-routing-request-id": "EASTUS:20221228T200521Z:8c5bb6df-39e4-4053-b81e-1a2a9709e4b0",
        "x-request-time": "0.287"
      },
      "ResponseBody": {
        "id": "/subscriptions/00000000-0000-0000-0000-000000000/resourceGroups/00000/providers/Microsoft.MachineLearningServices/workspaces/00000/components/azureml_anonymous/versions/ec0c5d6d-9b9b-4418-90f9-735059046133",
        "name": "ec0c5d6d-9b9b-4418-90f9-735059046133",
        "type": "Microsoft.MachineLearningServices/workspaces/components/versions",
        "properties": {
          "description": null,
          "tags": {},
          "properties": {},
          "isArchived": false,
          "isAnonymous": true,
          "componentSpec": {
            "name": "azureml_anonymous",
            "version": "ec0c5d6d-9b9b-4418-90f9-735059046133",
            "display_name": "hello_world_component_inline_3",
            "is_deterministic": "True",
            "type": "command",
            "inputs": {
              "component_in_number": {
                "type": "integer",
                "optional": "False",
                "default": "10",
                "description": "Am integer"
              }
            },
            "code": "azureml:/subscriptions/00000000-0000-0000-0000-000000000/resourceGroups/00000/providers/Microsoft.MachineLearningServices/workspaces/00000/codes/e3a2d82d-a800-4284-b7c0-97f8cbc1bf33/versions/1",
            "environment": "azureml://registries/azureml/environments/AzureML-sklearn-0.24-ubuntu18.04-py37-cpu/versions/1",
            "resources": {
              "instance_count": "1"
            },
            "command": "echo Hello World \u0026 echo ${{inputs.component_in_number}}",
            "$schema": "https://componentsdk.azureedge.net/jsonschema/CommandComponent.json"
          }
        },
        "systemData": {
          "createdAt": "2022-12-22T21:08:46.5545155\u002B00:00",
          "createdBy": "Njuguna Thande",
          "createdByType": "User",
          "lastModifiedAt": "2022-12-22T21:08:46.5993893\u002B00:00",
          "lastModifiedBy": "Njuguna Thande",
          "lastModifiedByType": "User"
        }
      }
    },
    {
      "RequestUri": "https://management.azure.com/subscriptions/00000000-0000-0000-0000-000000000/resourceGroups/00000/providers/Microsoft.MachineLearningServices/workspaces/00000/schedules/test_20467455196?api-version=2022-10-01-preview",
      "RequestMethod": "PUT",
      "RequestHeaders": {
        "Accept": "application/json",
        "Accept-Encoding": "gzip, deflate",
        "Connection": "keep-alive",
        "Content-Length": "2727",
        "Content-Type": "application/json",
        "User-Agent": "azure-ai-ml/1.3.0 azsdk-python-mgmt-machinelearningservices/0.1.0 Python/3.10.8 (Windows-10-10.0.22621-SP0)"
      },
      "RequestBody": {
        "properties": {
          "description": "a weekly retrain schedule",
          "properties": {},
          "tags": {},
          "action": {
            "actionType": "CreateJob",
            "jobDefinition": {
              "description": "The hello world pipeline job with inline components",
              "properties": {},
              "tags": {
                "tag": "tagvalue",
                "owner": "sdkteam"
              },
              "computeId": "/subscriptions/00000000-0000-0000-0000-000000000/resourceGroups/00000/providers/Microsoft.MachineLearningServices/workspaces/00000/computes/cpu-cluster",
              "isArchived": false,
              "jobType": "Pipeline",
              "inputs": {
                "job_in_number": {
                  "jobInputType": "literal",
                  "value": "10"
                },
                "job_in_other_number": {
                  "jobInputType": "literal",
                  "value": "15"
                }
              },
              "jobs": {
                "hello_world_component_inline_1": {
                  "name": "hello_world_component_inline_1",
                  "type": "command",
                  "inputs": {
                    "component_in_number": {
                      "job_input_type": "literal",
                      "value": "${{parent.inputs.job_in_number}}"
                    }
                  },
                  "_source": "YAML.JOB",
                  "componentId": "/subscriptions/00000000-0000-0000-0000-000000000/resourceGroups/00000/providers/Microsoft.MachineLearningServices/workspaces/00000/components/azureml_anonymous/versions/07a4bc6b-1a2c-484e-b86c-e60875657884"
                },
                "hello_world_component_inline_2": {
                  "name": "hello_world_component_inline_2",
                  "type": "command",
                  "inputs": {
                    "component_in_number": {
                      "job_input_type": "literal",
                      "value": "${{parent.inputs.job_in_number}}"
                    }
                  },
                  "_source": "YAML.JOB",
                  "componentId": "/subscriptions/00000000-0000-0000-0000-000000000/resourceGroups/00000/providers/Microsoft.MachineLearningServices/workspaces/00000/components/azureml_anonymous/versions/5c24a5c9-a897-4e83-92f1-8a0e53fdc66c"
                },
                "hello_world_component_inline_3": {
                  "name": "hello_world_component_inline_3",
                  "type": "command",
                  "inputs": {
                    "component_in_number": {
                      "job_input_type": "literal",
                      "value": "${{parent.inputs.job_in_number}}"
                    }
                  },
                  "_source": "YAML.JOB",
                  "componentId": "/subscriptions/00000000-0000-0000-0000-000000000/resourceGroups/00000/providers/Microsoft.MachineLearningServices/workspaces/00000/components/azureml_anonymous/versions/ec0c5d6d-9b9b-4418-90f9-735059046133"
                }
              },
              "outputs": {},
              "settings": {
                "default_compute": "/subscriptions/00000000-0000-0000-0000-000000000/resourceGroups/00000/providers/Microsoft.MachineLearningServices/workspaces/00000/computes/cpu-cluster-1",
                "default_datastore": "/subscriptions/00000000-0000-0000-0000-000000000/resourceGroups/00000/providers/Microsoft.MachineLearningServices/workspaces/00000/datastores/workspacefilestore",
                "continue_on_step_failure": true,
                "_source": "YAML.JOB"
              }
            }
          },
          "displayName": "weekly retrain schedule",
          "trigger": {
            "endTime": "2099-01-01 00:00:00",
            "startTime": "2022-05-10 10:15:00",
            "timeZone": "Pacific Standard Time",
            "triggerType": "Recurrence",
            "frequency": "day",
            "interval": 1,
            "schedule": {
              "hours": [],
              "minutes": []
            }
          }
        }
      },
      "StatusCode": 201,
      "ResponseHeaders": {
        "Azure-AsyncOperation": "https://management.azure.com/subscriptions/00000000-0000-0000-0000-000000000/providers/Microsoft.MachineLearningServices/locations/westus/mfeOperationsStatus/s:55dbca7f-9e65-4feb-8c41-d63789be2717:rjuhbh4fTdwJT_ITMOyK5aHRdpl6voSIs4owtbZTIbo?api-version=2022-10-01-preview",
        "Cache-Control": "no-cache",
        "Content-Length": "3990",
        "Content-Type": "application/json; charset=utf-8",
        "Date": "Wed, 28 Dec 2022 20:05:22 GMT",
        "Expires": "-1",
        "Location": "https://management.azure.com/subscriptions/00000000-0000-0000-0000-000000000/resourceGroups/00000/providers/Microsoft.MachineLearningServices/workspaces/00000/schedules/test_20467455196?api-version=2022-10-01-preview",
        "Pragma": "no-cache",
        "Request-Context": "appId=cid-v1:2d2e8e63-272e-4b3c-8598-4ee570a0e70d",
        "Server-Timing": "traceparent;desc=\u002200-06e613bae1bbd780fa8fac12fa0ab977-75f8aeb9b6804945-00\u0022",
        "Strict-Transport-Security": "max-age=31536000; includeSubDomains",
        "x-aml-cluster": "vienna-westus-01",
        "X-Content-Type-Options": "nosniff",
        "x-ms-async-operation-timeout": "PT30M",
        "x-ms-correlation-request-id": "26bc8262-3154-4536-93a9-2e6390c453ad",
        "x-ms-ratelimit-remaining-subscription-writes": "1176",
        "x-ms-response-type": "standard",
        "x-ms-routing-request-id": "EASTUS:20221228T200522Z:26bc8262-3154-4536-93a9-2e6390c453ad",
        "x-request-time": "0.040"
      },
      "ResponseBody": {
        "properties": {
          "description": "a weekly retrain schedule",
          "tags": {},
          "properties": {},
          "displayName": "weekly retrain schedule",
          "isEnabled": true,
          "trigger": {
            "endTime": "2099-01-01 00:00:00",
            "startTime": "2022-05-10 10:15:00",
            "timeZone": "Pacific Standard Time",
            "triggerType": "Recurrence",
            "frequency": "Day",
            "interval": 1,
            "schedule": {
              "hours": [],
              "minutes": [],
              "weekDays": null,
              "monthDays": null
            }
          },
          "action": {
            "actionType": "CreateJob",
            "jobDefinition": {
              "description": "The hello world pipeline job with inline components",
              "tags": {
                "tag": "tagvalue",
                "owner": "sdkteam"
              },
              "properties": {},
              "displayName": null,
              "status": "NotStarted",
              "experimentName": "Default",
              "services": null,
              "computeId": "/subscriptions/00000000-0000-0000-0000-000000000/resourceGroups/00000/providers/Microsoft.MachineLearningServices/workspaces/00000/computes/cpu-cluster",
              "isArchived": false,
              "identity": null,
              "componentId": null,
              "jobType": "Pipeline",
              "settings": {
                "default_compute": "/subscriptions/00000000-0000-0000-0000-000000000/resourceGroups/00000/providers/Microsoft.MachineLearningServices/workspaces/00000/computes/cpu-cluster-1",
                "default_datastore": "/subscriptions/00000000-0000-0000-0000-000000000/resourceGroups/00000/providers/Microsoft.MachineLearningServices/workspaces/00000/datastores/workspacefilestore",
                "continue_on_step_failure": true,
                "_source": "YAML.JOB"
              },
              "jobs": {
                "hello_world_component_inline_1": {
                  "name": "hello_world_component_inline_1",
                  "type": "command",
                  "inputs": {
                    "component_in_number": {
                      "job_input_type": "literal",
                      "value": "${{parent.inputs.job_in_number}}"
                    }
                  },
                  "_source": "YAML.JOB",
                  "componentId": "/subscriptions/00000000-0000-0000-0000-000000000/resourceGroups/00000/providers/Microsoft.MachineLearningServices/workspaces/00000/components/azureml_anonymous/versions/07a4bc6b-1a2c-484e-b86c-e60875657884"
                },
                "hello_world_component_inline_2": {
                  "name": "hello_world_component_inline_2",
                  "type": "command",
                  "inputs": {
                    "component_in_number": {
                      "job_input_type": "literal",
                      "value": "${{parent.inputs.job_in_number}}"
                    }
                  },
                  "_source": "YAML.JOB",
                  "componentId": "/subscriptions/00000000-0000-0000-0000-000000000/resourceGroups/00000/providers/Microsoft.MachineLearningServices/workspaces/00000/components/azureml_anonymous/versions/5c24a5c9-a897-4e83-92f1-8a0e53fdc66c"
                },
                "hello_world_component_inline_3": {
                  "name": "hello_world_component_inline_3",
                  "type": "command",
                  "inputs": {
                    "component_in_number": {
                      "job_input_type": "literal",
                      "value": "${{parent.inputs.job_in_number}}"
                    }
                  },
                  "_source": "YAML.JOB",
                  "componentId": "/subscriptions/00000000-0000-0000-0000-000000000/resourceGroups/00000/providers/Microsoft.MachineLearningServices/workspaces/00000/components/azureml_anonymous/versions/ec0c5d6d-9b9b-4418-90f9-735059046133"
                }
              },
              "inputs": {
                "job_in_number": {
                  "description": null,
                  "jobInputType": "literal",
                  "value": "10"
                },
                "job_in_other_number": {
                  "description": null,
                  "jobInputType": "literal",
                  "value": "15"
                }
              },
              "outputs": {},
              "sourceJobId": null
            }
          },
          "provisioningState": "Creating"
        }
      }
    },
    {
      "RequestUri": "https://management.azure.com/subscriptions/00000000-0000-0000-0000-000000000/providers/Microsoft.MachineLearningServices/locations/westus/mfeOperationsStatus/s:55dbca7f-9e65-4feb-8c41-d63789be2717:rjuhbh4fTdwJT_ITMOyK5aHRdpl6voSIs4owtbZTIbo?api-version=2022-10-01-preview",
      "RequestMethod": "GET",
      "RequestHeaders": {
        "Accept": "*/*",
        "Accept-Encoding": "gzip, deflate",
        "Connection": "keep-alive",
        "User-Agent": "azure-ai-ml/1.3.0 azsdk-python-mgmt-machinelearningservices/0.1.0 Python/3.10.8 (Windows-10-10.0.22621-SP0)"
      },
      "RequestBody": null,
      "StatusCode": 200,
      "ResponseHeaders": {
        "Cache-Control": "no-cache",
        "Content-Encoding": "gzip",
        "Content-Type": "application/json; charset=utf-8",
        "Date": "Wed, 28 Dec 2022 20:05:22 GMT",
        "Expires": "-1",
        "Pragma": "no-cache",
        "Request-Context": "appId=cid-v1:2d2e8e63-272e-4b3c-8598-4ee570a0e70d",
        "Server-Timing": "traceparent;desc=\u002200-c28e1f4c4275d6f8f72fca3187e97776-8428f38fc4cb9104-00\u0022",
        "Strict-Transport-Security": "max-age=31536000; includeSubDomains",
        "Transfer-Encoding": "chunked",
        "Vary": [
          "Accept-Encoding",
          "Accept-Encoding"
        ],
        "x-aml-cluster": "vienna-westus-01",
        "X-Content-Type-Options": "nosniff",
        "x-ms-correlation-request-id": "99008501-b02b-48ff-970a-96628bed30ff",
        "x-ms-ratelimit-remaining-subscription-reads": "11955",
        "x-ms-response-type": "standard",
        "x-ms-routing-request-id": "EASTUS:20221228T200522Z:99008501-b02b-48ff-970a-96628bed30ff",
        "x-request-time": "0.014"
      },
      "ResponseBody": {
        "id": "/subscriptions/00000000-0000-0000-0000-000000000/providers/Microsoft.MachineLearningServices/locations/westus/mfeOperationResults/s:55dbca7f-9e65-4feb-8c41-d63789be2717:rjuhbh4fTdwJT_ITMOyK5aHRdpl6voSIs4owtbZTIbo",
        "name": "s:55dbca7f-9e65-4feb-8c41-d63789be2717:rjuhbh4fTdwJT_ITMOyK5aHRdpl6voSIs4owtbZTIbo",
        "status": "Creating"
      }
    },
    {
      "RequestUri": "https://management.azure.com/subscriptions/00000000-0000-0000-0000-000000000/providers/Microsoft.MachineLearningServices/locations/westus/mfeOperationsStatus/s:55dbca7f-9e65-4feb-8c41-d63789be2717:rjuhbh4fTdwJT_ITMOyK5aHRdpl6voSIs4owtbZTIbo?api-version=2022-10-01-preview",
      "RequestMethod": "GET",
      "RequestHeaders": {
        "Accept": "*/*",
        "Accept-Encoding": "gzip, deflate",
        "Connection": "keep-alive",
        "User-Agent": "azure-ai-ml/1.3.0 azsdk-python-mgmt-machinelearningservices/0.1.0 Python/3.10.8 (Windows-10-10.0.22621-SP0)"
      },
      "RequestBody": null,
      "StatusCode": 200,
      "ResponseHeaders": {
        "Cache-Control": "no-cache",
        "Content-Encoding": "gzip",
        "Content-Type": "application/json; charset=utf-8",
        "Date": "Wed, 28 Dec 2022 20:05:27 GMT",
        "Expires": "-1",
        "Pragma": "no-cache",
        "Request-Context": "appId=cid-v1:2d2e8e63-272e-4b3c-8598-4ee570a0e70d",
        "Server-Timing": "traceparent;desc=\u002200-96c49c421d13234e5665d0f70e1244ac-43c2ea0a43a92bb9-00\u0022",
        "Strict-Transport-Security": "max-age=31536000; includeSubDomains",
        "Transfer-Encoding": "chunked",
        "Vary": [
          "Accept-Encoding",
          "Accept-Encoding"
        ],
        "x-aml-cluster": "vienna-westus-01",
        "X-Content-Type-Options": "nosniff",
        "x-ms-correlation-request-id": "e8ff95d6-b286-4ede-93dc-dd028d4a65b4",
        "x-ms-ratelimit-remaining-subscription-reads": "11954",
        "x-ms-response-type": "standard",
        "x-ms-routing-request-id": "EASTUS:20221228T200527Z:e8ff95d6-b286-4ede-93dc-dd028d4a65b4",
        "x-request-time": "0.015"
      },
      "ResponseBody": {
        "id": "/subscriptions/00000000-0000-0000-0000-000000000/providers/Microsoft.MachineLearningServices/locations/westus/mfeOperationResults/s:55dbca7f-9e65-4feb-8c41-d63789be2717:rjuhbh4fTdwJT_ITMOyK5aHRdpl6voSIs4owtbZTIbo",
        "name": "s:55dbca7f-9e65-4feb-8c41-d63789be2717:rjuhbh4fTdwJT_ITMOyK5aHRdpl6voSIs4owtbZTIbo",
        "status": "Succeeded",
        "startTime": "2022-12-28T20:05:22.5109642\u002B00:00",
        "endTime": "2022-12-28T20:05:24\u002B00:00"
      }
    },
    {
      "RequestUri": "https://management.azure.com/subscriptions/00000000-0000-0000-0000-000000000/resourceGroups/00000/providers/Microsoft.MachineLearningServices/workspaces/00000/schedules/test_20467455196?api-version=2022-10-01-preview",
      "RequestMethod": "GET",
      "RequestHeaders": {
        "Accept": "*/*",
        "Accept-Encoding": "gzip, deflate",
        "Connection": "keep-alive",
        "User-Agent": "azure-ai-ml/1.3.0 azsdk-python-mgmt-machinelearningservices/0.1.0 Python/3.10.8 (Windows-10-10.0.22621-SP0)"
      },
      "RequestBody": null,
      "StatusCode": 200,
      "ResponseHeaders": {
        "Cache-Control": "no-cache",
        "Content-Encoding": "gzip",
        "Content-Type": "application/json; charset=utf-8",
        "Date": "Wed, 28 Dec 2022 20:05:27 GMT",
        "Expires": "-1",
        "Pragma": "no-cache",
        "Request-Context": "appId=cid-v1:2d2e8e63-272e-4b3c-8598-4ee570a0e70d",
        "Server-Timing": "traceparent;desc=\u002200-80fd48ff5e94bcdc745c5c350bd3a017-d1a14ce62d443fbb-00\u0022",
        "Strict-Transport-Security": "max-age=31536000; includeSubDomains",
        "Transfer-Encoding": "chunked",
        "Vary": [
          "Accept-Encoding",
          "Accept-Encoding"
        ],
        "x-aml-cluster": "vienna-westus-01",
        "X-Content-Type-Options": "nosniff",
        "x-ms-correlation-request-id": "4f75bb3c-8c31-49fa-9977-97db8ac16c19",
        "x-ms-ratelimit-remaining-subscription-reads": "11953",
        "x-ms-response-type": "standard",
        "x-ms-routing-request-id": "EASTUS:20221228T200528Z:4f75bb3c-8c31-49fa-9977-97db8ac16c19",
        "x-request-time": "0.021"
      },
      "ResponseBody": {
        "name": "test_20467455196",
        "properties": {
          "description": "a weekly retrain schedule",
          "tags": {},
          "properties": {},
          "displayName": "weekly retrain schedule",
          "isEnabled": true,
          "trigger": {
            "endTime": "2099-01-01 00:00:00",
            "startTime": "2022-05-10 10:15:00",
            "timeZone": "Pacific Standard Time",
            "triggerType": "Recurrence",
            "frequency": "Day",
            "interval": 1,
            "schedule": null
          },
          "action": {
            "actionType": "CreateJob",
            "jobDefinition": {
              "description": "The hello world pipeline job with inline components",
              "tags": {
                "tag": "tagvalue",
                "owner": "sdkteam"
              },
              "properties": {},
              "displayName": null,
              "status": "NotStarted",
              "experimentName": "Default",
              "services": null,
              "computeId": "/subscriptions/00000000-0000-0000-0000-000000000/resourceGroups/00000/providers/Microsoft.MachineLearningServices/workspaces/00000/computes/cpu-cluster",
              "isArchived": false,
              "identity": null,
              "componentId": null,
              "jobType": "Pipeline",
              "settings": {
                "default_compute": "/subscriptions/00000000-0000-0000-0000-000000000/resourceGroups/00000/providers/Microsoft.MachineLearningServices/workspaces/00000/computes/cpu-cluster-1",
                "default_datastore": "/subscriptions/00000000-0000-0000-0000-000000000/resourceGroups/00000/providers/Microsoft.MachineLearningServices/workspaces/00000/datastores/workspacefilestore",
                "continue_on_step_failure": true,
                "_source": "YAML.JOB"
              },
              "jobs": {
                "hello_world_component_inline_1": {
                  "name": "hello_world_component_inline_1",
                  "type": "command",
                  "inputs": {
                    "component_in_number": {
                      "job_input_type": "literal",
                      "value": "${{parent.inputs.job_in_number}}"
                    }
                  },
                  "_source": "YAML.JOB",
                  "componentId": "/subscriptions/00000000-0000-0000-0000-000000000/resourceGroups/00000/providers/Microsoft.MachineLearningServices/workspaces/00000/components/azureml_anonymous/versions/07a4bc6b-1a2c-484e-b86c-e60875657884"
                },
                "hello_world_component_inline_2": {
                  "name": "hello_world_component_inline_2",
                  "type": "command",
                  "inputs": {
                    "component_in_number": {
                      "job_input_type": "literal",
                      "value": "${{parent.inputs.job_in_number}}"
                    }
                  },
                  "_source": "YAML.JOB",
                  "componentId": "/subscriptions/00000000-0000-0000-0000-000000000/resourceGroups/00000/providers/Microsoft.MachineLearningServices/workspaces/00000/components/azureml_anonymous/versions/5c24a5c9-a897-4e83-92f1-8a0e53fdc66c"
                },
                "hello_world_component_inline_3": {
                  "name": "hello_world_component_inline_3",
                  "type": "command",
                  "inputs": {
                    "component_in_number": {
                      "job_input_type": "literal",
                      "value": "${{parent.inputs.job_in_number}}"
                    }
                  },
                  "_source": "YAML.JOB",
                  "componentId": "/subscriptions/00000000-0000-0000-0000-000000000/resourceGroups/00000/providers/Microsoft.MachineLearningServices/workspaces/00000/components/azureml_anonymous/versions/ec0c5d6d-9b9b-4418-90f9-735059046133"
                }
              },
              "inputs": {
                "job_in_number": {
                  "description": null,
                  "jobInputType": "literal",
                  "value": "10"
                },
                "job_in_other_number": {
                  "description": null,
                  "jobInputType": "literal",
                  "value": "15"
                }
              },
              "outputs": {},
              "sourceJobId": null
            }
          },
          "provisioningState": "Succeeded"
        },
        "systemData": {
          "createdAt": "2022-12-28T20:05:24.0641417\u002B00:00",
          "createdBy": "Njuguna Thande",
          "createdByType": "User",
          "lastModifiedAt": "2022-12-28T20:05:24.0641417\u002B00:00",
          "lastModifiedBy": "Njuguna Thande",
          "lastModifiedByType": "User"
        }
      }
    },
    {
      "RequestUri": "https://management.azure.com/subscriptions/00000000-0000-0000-0000-000000000/resourceGroups/00000/providers/Microsoft.MachineLearningServices/workspaces/00000/schedules/test_20467455196?api-version=2022-10-01-preview",
      "RequestMethod": "GET",
      "RequestHeaders": {
        "Accept": "application/json",
        "Accept-Encoding": "gzip, deflate",
        "Connection": "keep-alive",
        "User-Agent": "azure-ai-ml/1.3.0 azsdk-python-mgmt-machinelearningservices/0.1.0 Python/3.10.8 (Windows-10-10.0.22621-SP0)"
      },
      "RequestBody": null,
      "StatusCode": 200,
      "ResponseHeaders": {
        "Cache-Control": "no-cache",
        "Content-Encoding": "gzip",
        "Content-Type": "application/json; charset=utf-8",
        "Date": "Wed, 28 Dec 2022 20:05:28 GMT",
        "Expires": "-1",
        "Pragma": "no-cache",
        "Request-Context": "appId=cid-v1:2d2e8e63-272e-4b3c-8598-4ee570a0e70d",
        "Server-Timing": "traceparent;desc=\u002200-599250a7a26d73c43ec68a816ae4e980-5bcdd0030b7343cc-00\u0022",
        "Strict-Transport-Security": "max-age=31536000; includeSubDomains",
        "Transfer-Encoding": "chunked",
        "Vary": [
          "Accept-Encoding",
          "Accept-Encoding"
        ],
        "x-aml-cluster": "vienna-westus-01",
        "X-Content-Type-Options": "nosniff",
        "x-ms-correlation-request-id": "e00eb35e-58cc-4dbb-810a-8d69c615e555",
        "x-ms-ratelimit-remaining-subscription-reads": "11952",
        "x-ms-response-type": "standard",
        "x-ms-routing-request-id": "EASTUS:20221228T200528Z:e00eb35e-58cc-4dbb-810a-8d69c615e555",
        "x-request-time": "0.021"
      },
      "ResponseBody": {
        "name": "test_20467455196",
        "properties": {
          "description": "a weekly retrain schedule",
          "tags": {},
          "properties": {},
          "displayName": "weekly retrain schedule",
          "isEnabled": true,
          "trigger": {
            "endTime": "2099-01-01 00:00:00",
            "startTime": "2022-05-10 10:15:00",
            "timeZone": "Pacific Standard Time",
            "triggerType": "Recurrence",
            "frequency": "Day",
            "interval": 1,
            "schedule": null
          },
          "action": {
            "actionType": "CreateJob",
            "jobDefinition": {
              "description": "The hello world pipeline job with inline components",
              "tags": {
                "tag": "tagvalue",
                "owner": "sdkteam"
              },
              "properties": {},
              "displayName": null,
              "status": "NotStarted",
              "experimentName": "Default",
              "services": null,
              "computeId": "/subscriptions/00000000-0000-0000-0000-000000000/resourceGroups/00000/providers/Microsoft.MachineLearningServices/workspaces/00000/computes/cpu-cluster",
              "isArchived": false,
              "identity": null,
              "componentId": null,
              "jobType": "Pipeline",
              "settings": {
                "default_compute": "/subscriptions/00000000-0000-0000-0000-000000000/resourceGroups/00000/providers/Microsoft.MachineLearningServices/workspaces/00000/computes/cpu-cluster-1",
                "default_datastore": "/subscriptions/00000000-0000-0000-0000-000000000/resourceGroups/00000/providers/Microsoft.MachineLearningServices/workspaces/00000/datastores/workspacefilestore",
                "continue_on_step_failure": true,
                "_source": "YAML.JOB"
              },
              "jobs": {
                "hello_world_component_inline_1": {
                  "name": "hello_world_component_inline_1",
                  "type": "command",
                  "inputs": {
                    "component_in_number": {
                      "job_input_type": "literal",
                      "value": "${{parent.inputs.job_in_number}}"
                    }
                  },
                  "_source": "YAML.JOB",
                  "componentId": "/subscriptions/00000000-0000-0000-0000-000000000/resourceGroups/00000/providers/Microsoft.MachineLearningServices/workspaces/00000/components/azureml_anonymous/versions/07a4bc6b-1a2c-484e-b86c-e60875657884"
                },
                "hello_world_component_inline_2": {
                  "name": "hello_world_component_inline_2",
                  "type": "command",
                  "inputs": {
                    "component_in_number": {
                      "job_input_type": "literal",
                      "value": "${{parent.inputs.job_in_number}}"
                    }
                  },
                  "_source": "YAML.JOB",
                  "componentId": "/subscriptions/00000000-0000-0000-0000-000000000/resourceGroups/00000/providers/Microsoft.MachineLearningServices/workspaces/00000/components/azureml_anonymous/versions/5c24a5c9-a897-4e83-92f1-8a0e53fdc66c"
                },
                "hello_world_component_inline_3": {
                  "name": "hello_world_component_inline_3",
                  "type": "command",
                  "inputs": {
                    "component_in_number": {
                      "job_input_type": "literal",
                      "value": "${{parent.inputs.job_in_number}}"
                    }
                  },
                  "_source": "YAML.JOB",
                  "componentId": "/subscriptions/00000000-0000-0000-0000-000000000/resourceGroups/00000/providers/Microsoft.MachineLearningServices/workspaces/00000/components/azureml_anonymous/versions/ec0c5d6d-9b9b-4418-90f9-735059046133"
                }
              },
              "inputs": {
                "job_in_number": {
                  "description": null,
                  "jobInputType": "literal",
                  "value": "10"
                },
                "job_in_other_number": {
                  "description": null,
                  "jobInputType": "literal",
                  "value": "15"
                }
              },
              "outputs": {},
              "sourceJobId": null
            }
          },
          "provisioningState": "Succeeded"
        },
        "systemData": {
          "createdAt": "2022-12-28T20:05:24.0641417\u002B00:00",
          "createdBy": "Njuguna Thande",
          "createdByType": "User",
          "lastModifiedAt": "2022-12-28T20:05:24.0641417\u002B00:00",
          "lastModifiedBy": "Njuguna Thande",
          "lastModifiedByType": "User"
        }
      }
    },
    {
      "RequestUri": "https://management.azure.com/subscriptions/00000000-0000-0000-0000-000000000/resourceGroups/00000/providers/Microsoft.MachineLearningServices/workspaces/00000/schedules/test_20467455196?api-version=2022-10-01-preview",
      "RequestMethod": "PUT",
      "RequestHeaders": {
        "Accept": "application/json",
        "Accept-Encoding": "gzip, deflate",
        "Connection": "keep-alive",
        "Content-Length": "2830",
        "Content-Type": "application/json",
        "User-Agent": "azure-ai-ml/1.3.0 azsdk-python-mgmt-machinelearningservices/0.1.0 Python/3.10.8 (Windows-10-10.0.22621-SP0)"
      },
      "RequestBody": {
        "properties": {
          "description": "a weekly retrain schedule",
          "properties": {},
          "tags": {},
          "action": {
            "actionType": "CreateJob",
            "jobDefinition": {
              "description": "The hello world pipeline job with inline components",
              "properties": {},
              "tags": {
                "tag": "tagvalue",
                "owner": "sdkteam"
              },
              "computeId": "/subscriptions/00000000-0000-0000-0000-000000000/resourceGroups/00000/providers/Microsoft.MachineLearningServices/workspaces/00000/computes/cpu-cluster",
              "experimentName": "Default",
              "isArchived": false,
              "jobType": "Pipeline",
              "inputs": {
                "job_in_number": {
                  "jobInputType": "literal",
                  "value": "10"
                },
                "job_in_other_number": {
                  "jobInputType": "literal",
                  "value": "15"
                }
              },
              "jobs": {
                "hello_world_component_inline_1": {
                  "name": "hello_world_component_inline_1",
                  "type": "command",
                  "inputs": {
                    "component_in_number": {
                      "job_input_type": "literal",
                      "value": "${{parent.inputs.job_in_number}}"
                    }
                  },
                  "_source": "REMOTE.WORKSPACE.COMPONENT",
                  "componentId": "/subscriptions/00000000-0000-0000-0000-000000000/resourceGroups/00000/providers/Microsoft.MachineLearningServices/workspaces/00000/components/azureml_anonymous/versions/07a4bc6b-1a2c-484e-b86c-e60875657884"
                },
                "hello_world_component_inline_2": {
                  "name": "hello_world_component_inline_2",
                  "type": "command",
                  "inputs": {
                    "component_in_number": {
                      "job_input_type": "literal",
                      "value": "${{parent.inputs.job_in_number}}"
                    }
                  },
                  "_source": "REMOTE.WORKSPACE.COMPONENT",
                  "componentId": "/subscriptions/00000000-0000-0000-0000-000000000/resourceGroups/00000/providers/Microsoft.MachineLearningServices/workspaces/00000/components/azureml_anonymous/versions/5c24a5c9-a897-4e83-92f1-8a0e53fdc66c"
                },
                "hello_world_component_inline_3": {
                  "name": "hello_world_component_inline_3",
                  "type": "command",
                  "inputs": {
                    "component_in_number": {
                      "job_input_type": "literal",
                      "value": "${{parent.inputs.job_in_number}}"
                    }
                  },
                  "_source": "REMOTE.WORKSPACE.COMPONENT",
                  "componentId": "/subscriptions/00000000-0000-0000-0000-000000000/resourceGroups/00000/providers/Microsoft.MachineLearningServices/workspaces/00000/components/azureml_anonymous/versions/ec0c5d6d-9b9b-4418-90f9-735059046133"
                }
              },
              "outputs": {},
              "settings": {
                "default_compute": "/subscriptions/00000000-0000-0000-0000-000000000/resourceGroups/00000/providers/Microsoft.MachineLearningServices/workspaces/00000/computes/cpu-cluster-1",
                "default_datastore": "/subscriptions/00000000-0000-0000-0000-000000000/resourceGroups/00000/providers/Microsoft.MachineLearningServices/workspaces/00000/datastores/workspacefilestore",
                "continue_on_step_failure": true,
                "_source": "YAML.JOB"
              }
            }
          },
          "displayName": "weekly retrain schedule",
          "isEnabled": false,
          "trigger": {
            "endTime": "2099-01-01 00:00:00",
            "startTime": "2022-05-10 10:15:00",
            "timeZone": "Pacific Standard Time",
            "triggerType": "Recurrence",
            "frequency": "day",
            "interval": 1,
            "schedule": {
              "hours": [],
              "minutes": []
            }
          }
        }
      },
      "StatusCode": 201,
      "ResponseHeaders": {
        "Azure-AsyncOperation": "https://management.azure.com/subscriptions/00000000-0000-0000-0000-000000000/providers/Microsoft.MachineLearningServices/locations/westus/mfeOperationsStatus/s:55dbca7f-9e65-4feb-8c41-d63789be2717:0X1tMryGRu3LD-pzq7wpOzgye52hhQH5pceScjhogAE?api-version=2022-10-01-preview",
        "Cache-Control": "no-cache",
        "Content-Length": "4045",
        "Content-Type": "application/json; charset=utf-8",
        "Date": "Wed, 28 Dec 2022 20:05:29 GMT",
        "Expires": "-1",
        "Location": "https://management.azure.com/subscriptions/00000000-0000-0000-0000-000000000/resourceGroups/00000/providers/Microsoft.MachineLearningServices/workspaces/00000/schedules/test_20467455196?api-version=2022-10-01-preview",
        "Pragma": "no-cache",
        "Request-Context": "appId=cid-v1:2d2e8e63-272e-4b3c-8598-4ee570a0e70d",
        "Server-Timing": "traceparent;desc=\u002200-6ce185161d6de6c3bd9bc1aebf86fe23-5fde80a8d303c2fa-00\u0022",
        "Strict-Transport-Security": "max-age=31536000; includeSubDomains",
        "x-aml-cluster": "vienna-westus-01",
        "X-Content-Type-Options": "nosniff",
        "x-ms-async-operation-timeout": "PT30M",
        "x-ms-correlation-request-id": "0242f3a6-6790-4bb6-b2e6-6963541e7a85",
        "x-ms-ratelimit-remaining-subscription-writes": "1175",
        "x-ms-response-type": "standard",
        "x-ms-routing-request-id": "EASTUS:20221228T200529Z:0242f3a6-6790-4bb6-b2e6-6963541e7a85",
        "x-request-time": "0.036"
      },
      "ResponseBody": {
        "properties": {
          "description": "a weekly retrain schedule",
          "tags": {},
          "properties": {},
          "displayName": "weekly retrain schedule",
          "isEnabled": false,
          "trigger": {
            "endTime": "2099-01-01 00:00:00",
            "startTime": "2022-05-10 10:15:00",
            "timeZone": "Pacific Standard Time",
            "triggerType": "Recurrence",
            "frequency": "Day",
            "interval": 1,
            "schedule": {
              "hours": [],
              "minutes": [],
              "weekDays": null,
              "monthDays": null
            }
          },
          "action": {
            "actionType": "CreateJob",
            "jobDefinition": {
              "description": "The hello world pipeline job with inline components",
              "tags": {
                "tag": "tagvalue",
                "owner": "sdkteam"
              },
              "properties": {},
              "displayName": null,
              "status": "NotStarted",
              "experimentName": "Default",
              "services": null,
              "computeId": "/subscriptions/00000000-0000-0000-0000-000000000/resourceGroups/00000/providers/Microsoft.MachineLearningServices/workspaces/00000/computes/cpu-cluster",
              "isArchived": false,
              "identity": null,
              "componentId": null,
              "jobType": "Pipeline",
              "settings": {
                "default_compute": "/subscriptions/00000000-0000-0000-0000-000000000/resourceGroups/00000/providers/Microsoft.MachineLearningServices/workspaces/00000/computes/cpu-cluster-1",
                "default_datastore": "/subscriptions/00000000-0000-0000-0000-000000000/resourceGroups/00000/providers/Microsoft.MachineLearningServices/workspaces/00000/datastores/workspacefilestore",
                "continue_on_step_failure": true,
                "_source": "YAML.JOB"
              },
              "jobs": {
                "hello_world_component_inline_1": {
                  "name": "hello_world_component_inline_1",
                  "type": "command",
                  "inputs": {
                    "component_in_number": {
                      "job_input_type": "literal",
                      "value": "${{parent.inputs.job_in_number}}"
                    }
                  },
                  "_source": "REMOTE.WORKSPACE.COMPONENT",
                  "componentId": "/subscriptions/00000000-0000-0000-0000-000000000/resourceGroups/00000/providers/Microsoft.MachineLearningServices/workspaces/00000/components/azureml_anonymous/versions/07a4bc6b-1a2c-484e-b86c-e60875657884"
                },
                "hello_world_component_inline_2": {
                  "name": "hello_world_component_inline_2",
                  "type": "command",
                  "inputs": {
                    "component_in_number": {
                      "job_input_type": "literal",
                      "value": "${{parent.inputs.job_in_number}}"
                    }
                  },
                  "_source": "REMOTE.WORKSPACE.COMPONENT",
                  "componentId": "/subscriptions/00000000-0000-0000-0000-000000000/resourceGroups/00000/providers/Microsoft.MachineLearningServices/workspaces/00000/components/azureml_anonymous/versions/5c24a5c9-a897-4e83-92f1-8a0e53fdc66c"
                },
                "hello_world_component_inline_3": {
                  "name": "hello_world_component_inline_3",
                  "type": "command",
                  "inputs": {
                    "component_in_number": {
                      "job_input_type": "literal",
                      "value": "${{parent.inputs.job_in_number}}"
                    }
                  },
                  "_source": "REMOTE.WORKSPACE.COMPONENT",
                  "componentId": "/subscriptions/00000000-0000-0000-0000-000000000/resourceGroups/00000/providers/Microsoft.MachineLearningServices/workspaces/00000/components/azureml_anonymous/versions/ec0c5d6d-9b9b-4418-90f9-735059046133"
                }
              },
              "inputs": {
                "job_in_number": {
                  "description": null,
                  "jobInputType": "literal",
                  "value": "10"
                },
                "job_in_other_number": {
                  "description": null,
                  "jobInputType": "literal",
                  "value": "15"
                }
              },
              "outputs": {},
              "sourceJobId": null
            }
          },
          "provisioningState": "Creating"
        }
      }
    }
  ],
  "Variables": {
    "name": "test_20467455196"
  }
}
