{
  "Entries": [
    {
      "RequestUri": "https://management.azure.com/subscriptions/00000000-0000-0000-0000-000000000/resourceGroups/00000/providers/Microsoft.MachineLearningServices/workspaces/00000/computes/cpu-cluster?api-version=2022-10-01-preview",
      "RequestMethod": "GET",
      "RequestHeaders": {
        "Accept": "application/json",
        "Accept-Encoding": "gzip, deflate",
        "Connection": "keep-alive",
        "User-Agent": "azure-ai-ml/1.7.0 azsdk-python-mgmt-machinelearningservices/0.1.0 Python/3.9.10 (Windows-10-10.0.22621-SP0)"
      },
      "RequestBody": null,
      "StatusCode": 200,
      "ResponseHeaders": {
        "Cache-Control": "no-cache",
        "Content-Encoding": "gzip",
        "Content-Type": "application/json; charset=utf-8",
        "Date": "Fri, 28 Apr 2023 11:20:01 GMT",
        "Expires": "-1",
        "Pragma": "no-cache",
        "request-context": "appId=cid-v1:512cc15a-13b5-415b-bfd0-dce7accb6bb1",
        "Server-Timing": "traceparent;desc=\u002200-4bb3977eb5481cd65a74c952cb5544df-f20d0a5578405568-01\u0022",
        "Strict-Transport-Security": "max-age=31536000; includeSubDomains",
        "Transfer-Encoding": "chunked",
        "Vary": [
          "Accept-Encoding",
          "Accept-Encoding"
        ],
        "x-aml-cluster": "vienna-test-westus2-02",
        "X-Content-Type-Options": "nosniff",
        "x-ms-correlation-request-id": "131e4649-518a-47b2-bb69-63f543399aa4",
        "x-ms-ratelimit-remaining-subscription-reads": "11972",
        "x-ms-response-type": "standard",
        "x-ms-routing-request-id": "JAPANEAST:20230428T112001Z:131e4649-518a-47b2-bb69-63f543399aa4",
        "x-request-time": "0.097"
      },
      "ResponseBody": {
        "id": "/subscriptions/00000000-0000-0000-0000-000000000/resourceGroups/AmlComponentNotebook/providers/Microsoft.MachineLearningServices/workspaces/00000/computes/cpu-cluster",
        "name": "cpu-cluster",
        "type": "Microsoft.MachineLearningServices/workspaces/computes",
        "location": "centraluseuap",
        "tags": {},
        "properties": {
          "createdOn": "2022-12-05T16:07:53.7523765\u002B00:00",
          "modifiedOn": "2022-12-05T16:08:04.5637868\u002B00:00",
          "disableLocalAuth": false,
          "description": null,
          "resourceId": null,
          "computeType": "AmlCompute",
          "computeLocation": "centraluseuap",
          "provisioningState": "Succeeded",
          "provisioningErrors": null,
          "isAttachedCompute": false,
          "properties": {
            "vmSize": "STANDARD_D2_V2",
            "vmPriority": "Dedicated",
            "scaleSettings": {
              "maxNodeCount": 4,
              "minNodeCount": 0,
              "nodeIdleTimeBeforeScaleDown": "PT2M"
            },
            "subnet": null,
            "currentNodeCount": 0,
            "targetNodeCount": 0,
            "nodeStateCounts": {
              "preparingNodeCount": 0,
              "runningNodeCount": 0,
              "idleNodeCount": 0,
              "unusableNodeCount": 0,
              "leavingNodeCount": 0,
              "preemptedNodeCount": 0
            },
            "allocationState": "Steady",
            "allocationStateTransitionTime": "2023-04-28T11:11:50.242\u002B00:00",
            "errors": null,
            "remoteLoginPortPublicAccess": "Enabled",
            "osType": "Linux",
            "virtualMachineImage": null,
            "isolatedNetwork": false,
            "enableNodePublicIp": true,
            "enableBatchPrivateLink": false,
            "propertyBag": {}
          }
        }
      }
    },
    {
      "RequestUri": "https://management.azure.com/subscriptions/00000000-0000-0000-0000-000000000/resourceGroups/00000/providers/Microsoft.MachineLearningServices/workspaces/00000/components/azureml_anonymous/versions/000000000000000000000?api-version=2022-10-01",
      "RequestMethod": "PUT",
      "RequestHeaders": {
        "Accept": "application/json",
        "Accept-Encoding": "gzip, deflate",
        "Connection": "keep-alive",
        "Content-Length": "392",
        "Content-Type": "application/json",
        "User-Agent": "azure-ai-ml/1.7.0 azsdk-python-mgmt-machinelearningservices/0.1.0 Python/3.9.10 (Windows-10-10.0.22621-SP0)"
      },
      "RequestBody": {
        "properties": {
          "properties": {},
          "tags": {},
          "isAnonymous": true,
          "isArchived": false,
          "componentSpec": {
            "command": "echo hello ${{inputs.hello_string}}",
            "environment": "azureml:AzureML-sklearn-1.0-ubuntu20.04-py38-cpu@latest",
            "name": "azureml_anonymous",
            "version": "1",
            "is_deterministic": true,
            "inputs": {
              "hello_string": {
                "type": "string"
              }
            },
            "type": "command",
            "_source": "YAML.JOB"
          }
        }
      },
      "StatusCode": 201,
      "ResponseHeaders": {
        "Cache-Control": "no-cache",
        "Content-Length": "1258",
        "Content-Type": "application/json; charset=utf-8",
        "Date": "Fri, 28 Apr 2023 11:20:05 GMT",
        "Expires": "-1",
        "Location": "https://management.azure.com/subscriptions/00000000-0000-0000-0000-000000000/resourceGroups/00000/providers/Microsoft.MachineLearningServices/workspaces/00000/components/azureml_anonymous/versions/000000000000000000000?api-version=2022-10-01",
        "Pragma": "no-cache",
        "request-context": "appId=cid-v1:512cc15a-13b5-415b-bfd0-dce7accb6bb1",
        "Server-Timing": "traceparent;desc=\u002200-51ea6b15c96cf12a3cc108cbf5a5625f-62ad5f6a2b312ae2-01\u0022",
        "Strict-Transport-Security": "max-age=31536000; includeSubDomains",
        "x-aml-cluster": "vienna-test-westus2-02",
        "X-Content-Type-Options": "nosniff",
        "x-ms-correlation-request-id": "e607cf71-24a1-4ad4-9453-c81f1eaf8dd7",
        "x-ms-ratelimit-remaining-subscription-writes": "1183",
        "x-ms-response-type": "standard",
        "x-ms-routing-request-id": "JAPANEAST:20230428T112005Z:e607cf71-24a1-4ad4-9453-c81f1eaf8dd7",
        "x-request-time": "2.189"
      },
      "ResponseBody": {
        "id": "/subscriptions/00000000-0000-0000-0000-000000000/resourceGroups/00000/providers/Microsoft.MachineLearningServices/workspaces/00000/components/azureml_anonymous/versions/8f823bca-6d87-44d8-a7a7-c92267e90f28",
        "name": "8f823bca-6d87-44d8-a7a7-c92267e90f28",
        "type": "Microsoft.MachineLearningServices/workspaces/components/versions",
        "properties": {
          "description": null,
          "tags": {},
          "properties": {},
          "isArchived": false,
          "isAnonymous": true,
          "componentSpec": {
            "name": "azureml_anonymous",
            "version": "1",
            "is_deterministic": "True",
            "type": "command",
            "inputs": {
              "hello_string": {
                "type": "string",
                "optional": "False"
              }
            },
            "environment": "azureml://registries/azureml-dev/environments/AzureML-sklearn-1.0-ubuntu20.04-py38-cpu/versions/35",
            "resources": {
              "instance_count": "1"
            },
            "command": "echo hello ${{inputs.hello_string}}"
          }
        },
        "systemData": {
          "createdAt": "2023-04-28T11:20:05.3071031\u002B00:00",
          "createdBy": "Xingzhi Zhang",
          "createdByType": "User",
          "lastModifiedAt": "2023-04-28T11:20:05.3071031\u002B00:00",
          "lastModifiedBy": "Xingzhi Zhang",
          "lastModifiedByType": "User"
        }
      }
    },
    {
      "RequestUri": "https://management.azure.com/subscriptions/00000000-0000-0000-0000-000000000/resourceGroups/00000/providers/Microsoft.MachineLearningServices/workspaces/00000/components/azureml_anonymous/versions/000000000000000000000?api-version=2022-10-01",
      "RequestMethod": "PUT",
      "RequestHeaders": {
        "Accept": "application/json",
        "Accept-Encoding": "gzip, deflate",
        "Connection": "keep-alive",
        "Content-Length": "415",
        "Content-Type": "application/json",
        "User-Agent": "azure-ai-ml/1.7.0 azsdk-python-mgmt-machinelearningservices/0.1.0 Python/3.9.10 (Windows-10-10.0.22621-SP0)"
      },
      "RequestBody": {
        "properties": {
          "properties": {},
          "tags": {},
          "isAnonymous": true,
          "isArchived": false,
          "componentSpec": {
            "command": "echo \u0022world\u0022 \u003E\u003E ${{outputs.world_output}}/world.txt",
            "environment": "azureml:AzureML-sklearn-1.0-ubuntu20.04-py38-cpu@latest",
            "name": "azureml_anonymous",
            "version": "1",
            "is_deterministic": true,
            "outputs": {
              "world_output": {
                "type": "uri_folder"
              }
            },
            "type": "command",
            "_source": "YAML.JOB"
          }
        }
      },
      "StatusCode": 201,
      "ResponseHeaders": {
        "Cache-Control": "no-cache",
        "Content-Length": "1250",
        "Content-Type": "application/json; charset=utf-8",
        "Date": "Fri, 28 Apr 2023 11:20:05 GMT",
        "Expires": "-1",
        "Location": "https://management.azure.com/subscriptions/00000000-0000-0000-0000-000000000/resourceGroups/00000/providers/Microsoft.MachineLearningServices/workspaces/00000/components/azureml_anonymous/versions/000000000000000000000?api-version=2022-10-01",
        "Pragma": "no-cache",
        "request-context": "appId=cid-v1:512cc15a-13b5-415b-bfd0-dce7accb6bb1",
        "Server-Timing": "traceparent;desc=\u002200-9bee8159dc57873e4fc4226f181dcb4c-c4e61bf7418311d6-01\u0022",
        "Strict-Transport-Security": "max-age=31536000; includeSubDomains",
        "x-aml-cluster": "vienna-test-westus2-01",
        "X-Content-Type-Options": "nosniff",
        "x-ms-correlation-request-id": "9d2104a0-fbc6-4b01-93a4-653437b04730",
        "x-ms-ratelimit-remaining-subscription-writes": "1190",
        "x-ms-response-type": "standard",
        "x-ms-routing-request-id": "JAPANEAST:20230428T112006Z:9d2104a0-fbc6-4b01-93a4-653437b04730",
        "x-request-time": "1.684"
      },
      "ResponseBody": {
        "id": "/subscriptions/00000000-0000-0000-0000-000000000/resourceGroups/00000/providers/Microsoft.MachineLearningServices/workspaces/00000/components/azureml_anonymous/versions/52f097b0-1b2e-42d7-ac97-32127a02ad14",
        "name": "52f097b0-1b2e-42d7-ac97-32127a02ad14",
        "type": "Microsoft.MachineLearningServices/workspaces/components/versions",
        "properties": {
          "description": null,
          "tags": {},
          "properties": {},
          "isArchived": false,
          "isAnonymous": true,
          "componentSpec": {
            "name": "azureml_anonymous",
            "version": "1",
            "is_deterministic": "True",
            "type": "command",
            "outputs": {
              "world_output": {
                "type": "uri_folder"
              }
            },
            "environment": "azureml://registries/azureml-dev/environments/AzureML-sklearn-1.0-ubuntu20.04-py38-cpu/versions/35",
            "resources": {
              "instance_count": "1"
            },
            "command": "echo \u0022world\u0022 \u003E\u003E ${{outputs.world_output}}/world.txt"
          }
        },
        "systemData": {
          "createdAt": "2023-04-28T11:20:05.4657441\u002B00:00",
          "createdBy": "Xingzhi Zhang",
          "createdByType": "User",
          "lastModifiedAt": "2023-04-28T11:20:05.4657441\u002B00:00",
          "lastModifiedBy": "Xingzhi Zhang",
          "lastModifiedByType": "User"
        }
      }
    },
    {
      "RequestUri": "https://management.azure.com/subscriptions/00000000-0000-0000-0000-000000000/resourceGroups/00000/providers/Microsoft.MachineLearningServices/workspaces/00000/components/azureml_anonymous/versions/000000000000000000000?api-version=2022-10-01",
      "RequestMethod": "PUT",
      "RequestHeaders": {
        "Accept": "application/json",
        "Accept-Encoding": "gzip, deflate",
        "Connection": "keep-alive",
        "Content-Length": "398",
        "Content-Type": "application/json",
        "User-Agent": "azure-ai-ml/1.7.0 azsdk-python-mgmt-machinelearningservices/0.1.0 Python/3.9.10 (Windows-10-10.0.22621-SP0)"
      },
      "RequestBody": {
        "properties": {
          "properties": {},
          "tags": {},
          "isAnonymous": true,
          "isArchived": false,
          "componentSpec": {
            "command": "echo ${{inputs.world_input}}/world.txt",
            "environment": "azureml:AzureML-sklearn-1.0-ubuntu20.04-py38-cpu@latest",
            "name": "azureml_anonymous",
            "version": "1",
            "is_deterministic": true,
            "inputs": {
              "world_input": {
                "type": "uri_folder"
              }
            },
            "type": "command",
            "_source": "YAML.JOB"
          }
        }
      },
      "StatusCode": 201,
      "ResponseHeaders": {
        "Cache-Control": "no-cache",
        "Content-Length": "1264",
        "Content-Type": "application/json; charset=utf-8",
        "Date": "Fri, 28 Apr 2023 11:20:06 GMT",
        "Expires": "-1",
        "Location": "https://management.azure.com/subscriptions/00000000-0000-0000-0000-000000000/resourceGroups/00000/providers/Microsoft.MachineLearningServices/workspaces/00000/components/azureml_anonymous/versions/000000000000000000000?api-version=2022-10-01",
        "Pragma": "no-cache",
        "request-context": "appId=cid-v1:512cc15a-13b5-415b-bfd0-dce7accb6bb1",
        "Server-Timing": "traceparent;desc=\u002200-8133ea43f3ab7bc2716edc27e8734b1a-ba4e367468baac39-01\u0022",
        "Strict-Transport-Security": "max-age=31536000; includeSubDomains",
        "x-aml-cluster": "vienna-test-westus2-02",
        "X-Content-Type-Options": "nosniff",
        "x-ms-correlation-request-id": "a7b21122-ba70-43b8-9eac-f997762d5940",
        "x-ms-ratelimit-remaining-subscription-writes": "1199",
        "x-ms-response-type": "standard",
        "x-ms-routing-request-id": "JAPANEAST:20230428T112006Z:a7b21122-ba70-43b8-9eac-f997762d5940",
        "x-request-time": "1.318"
      },
      "ResponseBody": {
        "id": "/subscriptions/00000000-0000-0000-0000-000000000/resourceGroups/00000/providers/Microsoft.MachineLearningServices/workspaces/00000/components/azureml_anonymous/versions/304d9141-57d2-435f-bf45-faa13c48e069",
        "name": "304d9141-57d2-435f-bf45-faa13c48e069",
        "type": "Microsoft.MachineLearningServices/workspaces/components/versions",
        "properties": {
          "description": null,
          "tags": {},
          "properties": {},
          "isArchived": false,
          "isAnonymous": true,
          "componentSpec": {
            "name": "azureml_anonymous",
            "version": "1",
            "is_deterministic": "True",
            "type": "command",
            "inputs": {
              "world_input": {
                "type": "uri_folder",
                "optional": "False"
              }
            },
            "environment": "azureml://registries/azureml-dev/environments/AzureML-sklearn-1.0-ubuntu20.04-py38-cpu/versions/35",
            "resources": {
              "instance_count": "1"
            },
            "command": "echo ${{inputs.world_input}}/world.txt"
          }
        },
        "systemData": {
          "createdAt": "2023-04-28T11:20:05.9524849\u002B00:00",
          "createdBy": "Xingzhi Zhang",
          "createdByType": "User",
          "lastModifiedAt": "2023-04-28T11:20:05.9524849\u002B00:00",
          "lastModifiedBy": "Xingzhi Zhang",
          "lastModifiedByType": "User"
        }
      }
    },
    {
      "RequestUri": "https://management.azure.com/subscriptions/00000000-0000-0000-0000-000000000/resourceGroups/00000/providers/Microsoft.MachineLearningServices/workspaces/00000/jobs/test_806438246226?api-version=2023-04-01-preview",
      "RequestMethod": "PUT",
      "RequestHeaders": {
        "Accept": "application/json",
        "Accept-Encoding": "gzip, deflate",
        "Connection": "keep-alive",
        "Content-Length": "1589",
        "Content-Type": "application/json",
        "User-Agent": "azure-ai-ml/1.7.0 azsdk-python-mgmt-machinelearningservices/1.0.0b1 Python/3.9.10 (Windows-10-10.0.22621-SP0)"
      },
      "RequestBody": {
        "properties": {
          "properties": {},
          "tags": {},
          "computeId": "/subscriptions/00000000-0000-0000-0000-000000000/resourceGroups/AmlComponentNotebook/providers/Microsoft.MachineLearningServices/workspaces/00000/computes/cpu-cluster",
          "displayName": "hello_pipeline_abc",
          "experimentName": "azure-ai-ml",
          "isArchived": false,
          "jobType": "Pipeline",
          "inputs": {
            "hello_string_top_level_input": {
              "jobInputType": "literal",
              "value": "hello world"
            }
          },
          "jobs": {
            "a": {
              "name": "a",
              "type": "command",
              "inputs": {
                "hello_string": {
                  "job_input_type": "literal",
                  "value": "${{parent.inputs.hello_string_top_level_input}}"
                }
              },
              "_source": "YAML.JOB",
              "componentId": "/subscriptions/00000000-0000-0000-0000-000000000/resourceGroups/00000/providers/Microsoft.MachineLearningServices/workspaces/00000/components/azureml_anonymous/versions/8f823bca-6d87-44d8-a7a7-c92267e90f28"
            },
            "b": {
              "name": "b",
              "type": "command",
              "_source": "YAML.JOB",
              "componentId": "/subscriptions/00000000-0000-0000-0000-000000000/resourceGroups/00000/providers/Microsoft.MachineLearningServices/workspaces/00000/components/azureml_anonymous/versions/52f097b0-1b2e-42d7-ac97-32127a02ad14"
            },
            "c": {
              "name": "c",
              "type": "command",
              "inputs": {
                "world_input": {
                  "job_input_type": "literal",
                  "value": "${{parent.jobs.b.outputs.world_output}}"
                }
              },
              "_source": "YAML.JOB",
              "componentId": "/subscriptions/00000000-0000-0000-0000-000000000/resourceGroups/00000/providers/Microsoft.MachineLearningServices/workspaces/00000/components/azureml_anonymous/versions/304d9141-57d2-435f-bf45-faa13c48e069"
            }
          },
          "outputs": {},
          "settings": {
            "_source": "YAML.JOB"
          }
        }
      },
      "StatusCode": 201,
      "ResponseHeaders": {
        "Cache-Control": "no-cache",
        "Content-Length": "3922",
        "Content-Type": "application/json; charset=utf-8",
        "Date": "Fri, 28 Apr 2023 11:20:11 GMT",
        "Expires": "-1",
        "Location": "https://management.azure.com/subscriptions/00000000-0000-0000-0000-000000000/resourceGroups/00000/providers/Microsoft.MachineLearningServices/workspaces/00000/jobs/test_806438246226?api-version=2023-04-01-preview",
        "Pragma": "no-cache",
        "request-context": "appId=cid-v1:512cc15a-13b5-415b-bfd0-dce7accb6bb1",
        "Server-Timing": "traceparent;desc=\u002200-1e8cf8fb6035f3509025aef9220088e9-f94af0aee5823474-01\u0022",
        "Strict-Transport-Security": "max-age=31536000; includeSubDomains",
        "x-aml-cluster": "vienna-test-westus2-02",
        "X-Content-Type-Options": "nosniff",
        "x-ms-correlation-request-id": "971d9f47-a939-4087-b12b-83bf371859d3",
        "x-ms-ratelimit-remaining-subscription-writes": "1198",
        "x-ms-response-type": "standard",
        "x-ms-routing-request-id": "JAPANEAST:20230428T112011Z:971d9f47-a939-4087-b12b-83bf371859d3",
        "x-request-time": "3.225"
      },
      "ResponseBody": {
        "id": "/subscriptions/00000000-0000-0000-0000-000000000/resourceGroups/00000/providers/Microsoft.MachineLearningServices/workspaces/00000/jobs/test_806438246226",
        "name": "test_806438246226",
        "type": "Microsoft.MachineLearningServices/workspaces/jobs",
        "properties": {
          "description": null,
          "tags": {},
          "properties": {
            "azureml.DevPlatv2": "true",
            "azureml.DatasetAccessMode": "Asset",
            "azureml.runsource": "azureml.PipelineRun",
            "runSource": "MFE",
            "runType": "HTTP",
            "azureml.parameters": "{\u0022hello_string_top_level_input\u0022:\u0022hello world\u0022}",
            "azureml.continue_on_step_failure": "True",
            "azureml.continue_on_failed_optional_input": "True",
            "azureml.enforceRerun": "False",
            "azureml.defaultComputeName": "cpu-cluster",
            "azureml.defaultDataStoreName": "workspaceblobstore",
            "azureml.pipelineComponent": "pipelinerun"
          },
          "displayName": "hello_pipeline_abc",
          "status": "Preparing",
          "experimentName": "azure-ai-ml",
          "services": {
            "Tracking": {
              "jobServiceType": "Tracking",
              "port": null,
              "endpoint": "azureml://master.api.azureml-test.ms/mlflow/v1.0/subscriptions/00000000-0000-0000-0000-000000000/resourceGroups/00000/providers/Microsoft.MachineLearningServices/workspaces/00000?",
              "status": null,
              "errorMessage": null,
              "properties": null,
              "nodes": null
            },
            "Studio": {
              "jobServiceType": "Studio",
              "port": null,
              "endpoint": "https://ml.azure.com/runs/test_806438246226?wsid=/subscriptions/00000000-0000-0000-0000-000000000/resourcegroups/00000/workspaces/00000",
              "status": null,
              "errorMessage": null,
              "properties": null,
              "nodes": null
            }
          },
          "computeId": "/subscriptions/00000000-0000-0000-0000-000000000/resourceGroups/AmlComponentNotebook/providers/Microsoft.MachineLearningServices/workspaces/00000/computes/cpu-cluster",
          "isArchived": false,
          "identity": null,
          "componentId": null,
          "notificationSetting": null,
          "secretsConfiguration": null,
          "jobType": "Pipeline",
          "settings": {
            "_source": "YAML.JOB"
          },
          "jobs": {
            "a": {
              "name": "a",
              "type": "command",
              "inputs": {
                "hello_string": {
                  "job_input_type": "literal",
                  "value": "${{parent.inputs.hello_string_top_level_input}}"
                }
              },
              "_source": "YAML.JOB",
              "componentId": "/subscriptions/00000000-0000-0000-0000-000000000/resourceGroups/00000/providers/Microsoft.MachineLearningServices/workspaces/00000/components/azureml_anonymous/versions/8f823bca-6d87-44d8-a7a7-c92267e90f28"
            },
            "b": {
              "name": "b",
              "type": "command",
              "_source": "YAML.JOB",
              "componentId": "/subscriptions/00000000-0000-0000-0000-000000000/resourceGroups/00000/providers/Microsoft.MachineLearningServices/workspaces/00000/components/azureml_anonymous/versions/52f097b0-1b2e-42d7-ac97-32127a02ad14"
            },
            "c": {
              "name": "c",
              "type": "command",
              "inputs": {
                "world_input": {
                  "job_input_type": "literal",
                  "value": "${{parent.jobs.b.outputs.world_output}}"
                }
              },
              "_source": "YAML.JOB",
              "componentId": "/subscriptions/00000000-0000-0000-0000-000000000/resourceGroups/00000/providers/Microsoft.MachineLearningServices/workspaces/00000/components/azureml_anonymous/versions/304d9141-57d2-435f-bf45-faa13c48e069"
            }
          },
          "inputs": {
            "hello_string_top_level_input": {
              "description": null,
              "jobInputType": "literal",
              "value": "hello world"
            }
          },
          "outputs": {},
          "sourceJobId": null
        },
        "systemData": {
          "createdAt": "2023-04-28T11:20:10.9948104\u002B00:00",
          "createdBy": "Xingzhi Zhang",
          "createdByType": "User"
        }
      }
    },
    {
      "RequestUri": "https://management.azure.com/subscriptions/00000000-0000-0000-0000-000000000/resourceGroups/00000/providers/Microsoft.MachineLearningServices/workspaces/00000/schedules/weekly_retrain_2022_cron_arm_updates?api-version=2023-04-01-preview",
      "RequestMethod": "PUT",
      "RequestHeaders": {
        "Accept": "application/json",
        "Accept-Encoding": "gzip, deflate",
        "Connection": "keep-alive",
        "Content-Length": "462",
        "Content-Type": "application/json",
        "User-Agent": "azure-ai-ml/1.7.0 azsdk-python-mgmt-machinelearningservices/1.0.0b1 Python/3.9.10 (Windows-10-10.0.22621-SP0)"
      },
      "RequestBody": {
        "properties": {
          "properties": {},
          "tags": {},
          "action": {
            "actionType": "CreateJob",
            "jobDefinition": {
              "experimentName": "",
              "isArchived": false,
              "jobType": "Pipeline",
              "sourceJobId": "/subscriptions/00000000-0000-0000-0000-000000000/resourceGroups/00000/providers/Microsoft.MachineLearningServices/workspaces/00000/jobs/test_806438246226"
            }
          },
          "trigger": {
            "startTime": "2022-03-10 10:15:00",
            "timeZone": "UTC",
            "triggerType": "Cron",
            "expression": "15 10 * * 1"
          }
        }
      },
      "StatusCode": 201,
      "ResponseHeaders": {
        "azure-asyncoperation": "https://management.azure.com/subscriptions/00000000-0000-0000-0000-000000000/providers/Microsoft.MachineLearningServices/locations/centraluseuap/mfeOperationsStatus/s:7f206fe8-725b-47a7-8040-1b9d73c77f3e:mojRxqT2nI3HbpdR0qTUcZg0aR9gdQABUUNeF-bF62Y?api-version=2023-04-01-preview",
        "Cache-Control": "no-cache",
        "Content-Length": "1127",
        "Content-Type": "application/json; charset=utf-8",
        "Date": "Fri, 28 Apr 2023 11:20:13 GMT",
        "Expires": "-1",
        "Location": "https://management.azure.com/subscriptions/00000000-0000-0000-0000-000000000/resourceGroups/00000/providers/Microsoft.MachineLearningServices/workspaces/00000/schedules/weekly_retrain_2022_cron_arm_updates?api-version=2023-04-01-preview",
        "Pragma": "no-cache",
        "request-context": "appId=cid-v1:512cc15a-13b5-415b-bfd0-dce7accb6bb1",
        "Server-Timing": "traceparent;desc=\u002200-fbd512a0478ecf2b1848df5ecbb562ae-b4c9fd1b20a8b24f-01\u0022",
        "Strict-Transport-Security": "max-age=31536000; includeSubDomains",
        "x-aml-cluster": "vienna-test-westus2-02",
        "X-Content-Type-Options": "nosniff",
        "x-ms-async-operation-timeout": "PT30M",
        "x-ms-correlation-request-id": "5bc66569-72b7-4ef2-927c-ef8e92d43c29",
        "x-ms-ratelimit-remaining-subscription-writes": "1197",
        "x-ms-response-type": "standard",
        "x-ms-routing-request-id": "JAPANEAST:20230428T112014Z:5bc66569-72b7-4ef2-927c-ef8e92d43c29",
        "x-request-time": "0.510"
      },
      "ResponseBody": {
        "properties": {
          "description": null,
          "tags": {},
          "properties": {},
          "displayName": null,
          "isEnabled": true,
          "trigger": {
            "endTime": null,
            "startTime": "2022-03-10 10:15:00",
            "timeZone": "UTC",
            "triggerType": "Cron",
            "expression": "15 10 * * 1"
          },
          "action": {
            "actionType": "CreateJob",
            "jobDefinition": {
              "description": null,
              "tags": null,
              "properties": null,
              "displayName": null,
              "status": "NotStarted",
              "experimentName": "",
              "services": null,
              "computeId": null,
              "isArchived": false,
              "identity": null,
              "componentId": null,
              "notificationSetting": null,
              "secretsConfiguration": null,
              "jobType": "Pipeline",
              "settings": null,
              "jobs": null,
              "inputs": null,
              "outputs": null,
              "sourceJobId": "/subscriptions/00000000-0000-0000-0000-000000000/resourceGroups/00000/providers/Microsoft.MachineLearningServices/workspaces/00000/jobs/test_806438246226"
            }
          },
          "provisioningState": "Creating"
        }
      }
    },
    {
      "RequestUri": "https://management.azure.com/subscriptions/00000000-0000-0000-0000-000000000/providers/Microsoft.MachineLearningServices/locations/centraluseuap/mfeOperationsStatus/s:7f206fe8-725b-47a7-8040-1b9d73c77f3e:mojRxqT2nI3HbpdR0qTUcZg0aR9gdQABUUNeF-bF62Y?api-version=2023-04-01-preview",
      "RequestMethod": "GET",
      "RequestHeaders": {
        "Accept": "*/*",
        "Accept-Encoding": "gzip, deflate",
        "Connection": "keep-alive",
        "User-Agent": "azure-ai-ml/1.7.0 azsdk-python-mgmt-machinelearningservices/1.0.0b1 Python/3.9.10 (Windows-10-10.0.22621-SP0)"
      },
      "RequestBody": null,
      "StatusCode": 200,
      "ResponseHeaders": {
        "Cache-Control": "no-cache",
        "Content-Encoding": "gzip",
        "Content-Type": "application/json; charset=utf-8",
        "Date": "Fri, 28 Apr 2023 11:20:14 GMT",
        "Expires": "-1",
        "Pragma": "no-cache",
        "request-context": "appId=cid-v1:512cc15a-13b5-415b-bfd0-dce7accb6bb1",
        "Server-Timing": "traceparent;desc=\u002200-4ff2a8bf8b7b814c652630ad3b9e506c-d1b1356d2845a4ce-01\u0022",
        "Strict-Transport-Security": "max-age=31536000; includeSubDomains",
        "Transfer-Encoding": "chunked",
        "Vary": [
          "Accept-Encoding",
          "Accept-Encoding"
        ],
        "x-aml-cluster": "vienna-test-westus2-02",
        "X-Content-Type-Options": "nosniff",
        "x-ms-correlation-request-id": "910c9b27-d59c-4963-950b-d1c1a9d6c5e0",
        "x-ms-ratelimit-remaining-subscription-reads": "11999",
        "x-ms-response-type": "standard",
        "x-ms-routing-request-id": "JAPANEAST:20230428T112014Z:910c9b27-d59c-4963-950b-d1c1a9d6c5e0",
        "x-request-time": "0.025"
      },
      "ResponseBody": {
        "id": "/subscriptions/00000000-0000-0000-0000-000000000/providers/Microsoft.MachineLearningServices/locations/centraluseuap/mfeOperationResults/s:7f206fe8-725b-47a7-8040-1b9d73c77f3e:mojRxqT2nI3HbpdR0qTUcZg0aR9gdQABUUNeF-bF62Y",
        "name": "s:7f206fe8-725b-47a7-8040-1b9d73c77f3e:mojRxqT2nI3HbpdR0qTUcZg0aR9gdQABUUNeF-bF62Y",
        "status": "Creating"
      }
    },
    {
      "RequestUri": "https://management.azure.com/subscriptions/00000000-0000-0000-0000-000000000/providers/Microsoft.MachineLearningServices/locations/centraluseuap/mfeOperationsStatus/s:7f206fe8-725b-47a7-8040-1b9d73c77f3e:mojRxqT2nI3HbpdR0qTUcZg0aR9gdQABUUNeF-bF62Y?api-version=2023-04-01-preview",
      "RequestMethod": "GET",
      "RequestHeaders": {
        "Accept": "*/*",
        "Accept-Encoding": "gzip, deflate",
        "Connection": "keep-alive",
        "User-Agent": "azure-ai-ml/1.7.0 azsdk-python-mgmt-machinelearningservices/1.0.0b1 Python/3.9.10 (Windows-10-10.0.22621-SP0)"
      },
      "RequestBody": null,
      "StatusCode": 200,
      "ResponseHeaders": {
        "Cache-Control": "no-cache",
        "Content-Encoding": "gzip",
        "Content-Type": "application/json; charset=utf-8",
        "Date": "Fri, 28 Apr 2023 11:20:19 GMT",
        "Expires": "-1",
        "Pragma": "no-cache",
        "request-context": "appId=cid-v1:512cc15a-13b5-415b-bfd0-dce7accb6bb1",
        "Server-Timing": "traceparent;desc=\u002200-40165cd366c9bdae129f79ce4748bfd1-de36ceafa9d5a455-01\u0022",
        "Strict-Transport-Security": "max-age=31536000; includeSubDomains",
        "Transfer-Encoding": "chunked",
        "Vary": [
          "Accept-Encoding",
          "Accept-Encoding"
        ],
        "x-aml-cluster": "vienna-test-westus2-02",
        "X-Content-Type-Options": "nosniff",
        "x-ms-correlation-request-id": "ff8d3e80-f59d-441d-bf13-360288899aed",
        "x-ms-ratelimit-remaining-subscription-reads": "11998",
        "x-ms-response-type": "standard",
        "x-ms-routing-request-id": "JAPANEAST:20230428T112020Z:ff8d3e80-f59d-441d-bf13-360288899aed",
        "x-request-time": "0.147"
      },
      "ResponseBody": {
        "id": "/subscriptions/00000000-0000-0000-0000-000000000/providers/Microsoft.MachineLearningServices/locations/centraluseuap/mfeOperationResults/s:7f206fe8-725b-47a7-8040-1b9d73c77f3e:mojRxqT2nI3HbpdR0qTUcZg0aR9gdQABUUNeF-bF62Y",
        "name": "s:7f206fe8-725b-47a7-8040-1b9d73c77f3e:mojRxqT2nI3HbpdR0qTUcZg0aR9gdQABUUNeF-bF62Y",
        "status": "Succeeded",
        "startTime": "2023-04-28T11:20:13.7567985\u002B00:00",
        "endTime": "2023-04-28T11:20:16\u002B00:00"
      }
    },
    {
      "RequestUri": "https://management.azure.com/subscriptions/00000000-0000-0000-0000-000000000/resourceGroups/00000/providers/Microsoft.MachineLearningServices/workspaces/00000/schedules/weekly_retrain_2022_cron_arm_updates?api-version=2023-04-01-preview",
      "RequestMethod": "GET",
      "RequestHeaders": {
        "Accept": "*/*",
        "Accept-Encoding": "gzip, deflate",
        "Connection": "keep-alive",
        "User-Agent": "azure-ai-ml/1.7.0 azsdk-python-mgmt-machinelearningservices/1.0.0b1 Python/3.9.10 (Windows-10-10.0.22621-SP0)"
      },
      "RequestBody": null,
      "StatusCode": 200,
      "ResponseHeaders": {
        "Cache-Control": "no-cache",
        "Content-Encoding": "gzip",
        "Content-Type": "application/json; charset=utf-8",
        "Date": "Fri, 28 Apr 2023 11:20:20 GMT",
        "Expires": "-1",
        "Pragma": "no-cache",
        "request-context": "appId=cid-v1:512cc15a-13b5-415b-bfd0-dce7accb6bb1",
        "Server-Timing": "traceparent;desc=\u002200-1d38cf9e7f73857b8308c5431d67938c-5b7ed2411b0aa4a1-01\u0022",
        "Strict-Transport-Security": "max-age=31536000; includeSubDomains",
        "Transfer-Encoding": "chunked",
        "Vary": [
          "Accept-Encoding",
          "Accept-Encoding"
        ],
        "x-aml-cluster": "vienna-test-westus2-02",
        "X-Content-Type-Options": "nosniff",
        "x-ms-correlation-request-id": "b6b1b10d-703a-44a9-a9ca-03e364a650b4",
        "x-ms-ratelimit-remaining-subscription-reads": "11997",
        "x-ms-response-type": "standard",
        "x-ms-routing-request-id": "JAPANEAST:20230428T112020Z:b6b1b10d-703a-44a9-a9ca-03e364a650b4",
        "x-request-time": "0.135"
      },
      "ResponseBody": {
        "name": "weekly_retrain_2022_cron_arm_updates",
        "properties": {
          "description": null,
          "tags": {},
          "properties": {},
          "displayName": null,
          "isEnabled": true,
          "trigger": {
            "endTime": null,
            "startTime": "2022-03-10 10:15:00",
            "timeZone": "UTC",
            "triggerType": "Cron",
            "expression": "15 10 * * 1"
          },
          "action": {
            "actionType": "CreateJob",
            "jobDefinition": {
              "description": null,
              "tags": null,
              "properties": null,
              "displayName": null,
              "status": "NotStarted",
              "experimentName": "",
              "services": null,
              "computeId": null,
              "isArchived": false,
              "identity": null,
              "componentId": null,
              "notificationSetting": null,
              "secretsConfiguration": null,
              "jobType": "Pipeline",
              "settings": null,
              "jobs": null,
              "inputs": null,
              "outputs": null,
              "sourceJobId": "/subscriptions/00000000-0000-0000-0000-000000000/resourceGroups/00000/providers/Microsoft.MachineLearningServices/workspaces/00000/jobs/test_806438246226"
            }
          },
          "provisioningState": "Succeeded"
        },
        "systemData": {
          "createdAt": "2023-04-28T11:20:16.4525953\u002B00:00",
          "createdBy": "Xingzhi Zhang",
          "createdByType": "User",
          "lastModifiedAt": "2023-04-28T11:20:16.4525953\u002B00:00",
          "lastModifiedBy": "Xingzhi Zhang",
          "lastModifiedByType": "User"
        }
      }
    },
    {
      "RequestUri": "https://management.azure.com/subscriptions/00000000-0000-0000-0000-000000000/resourceGroups/00000/providers/Microsoft.MachineLearningServices/workspaces/00000/schedules/weekly_retrain_2022_cron_arm_updates?api-version=2023-04-01-preview",
      "RequestMethod": "GET",
      "RequestHeaders": {
        "Accept": "application/json",
        "Accept-Encoding": "gzip, deflate",
        "Connection": "keep-alive",
        "User-Agent": "azure-ai-ml/1.7.0 azsdk-python-mgmt-machinelearningservices/1.0.0b1 Python/3.9.10 (Windows-10-10.0.22621-SP0)"
      },
      "RequestBody": null,
      "StatusCode": 200,
      "ResponseHeaders": {
        "Cache-Control": "no-cache",
        "Content-Encoding": "gzip",
        "Content-Type": "application/json; charset=utf-8",
        "Date": "Fri, 28 Apr 2023 11:20:21 GMT",
        "Expires": "-1",
        "Pragma": "no-cache",
        "request-context": "appId=cid-v1:512cc15a-13b5-415b-bfd0-dce7accb6bb1",
        "Server-Timing": "traceparent;desc=\u002200-00dba2c793ee676b0c694d6e654510a7-c6a540af02bd39bd-01\u0022",
        "Strict-Transport-Security": "max-age=31536000; includeSubDomains",
        "Transfer-Encoding": "chunked",
        "Vary": [
          "Accept-Encoding",
          "Accept-Encoding"
        ],
        "x-aml-cluster": "vienna-test-westus2-02",
        "X-Content-Type-Options": "nosniff",
        "x-ms-correlation-request-id": "82f656e7-d77f-405a-94fb-caeaa8c2110a",
        "x-ms-ratelimit-remaining-subscription-reads": "11996",
        "x-ms-response-type": "standard",
        "x-ms-routing-request-id": "JAPANEAST:20230428T112021Z:82f656e7-d77f-405a-94fb-caeaa8c2110a",
        "x-request-time": "0.094"
      },
      "ResponseBody": {
        "name": "weekly_retrain_2022_cron_arm_updates",
        "properties": {
          "description": null,
          "tags": {},
          "properties": {},
          "displayName": null,
          "isEnabled": true,
          "trigger": {
            "endTime": null,
            "startTime": "2022-03-10 10:15:00",
            "timeZone": "UTC",
            "triggerType": "Cron",
            "expression": "15 10 * * 1"
          },
          "action": {
            "actionType": "CreateJob",
            "jobDefinition": {
              "description": null,
              "tags": null,
              "properties": null,
              "displayName": null,
              "status": "NotStarted",
              "experimentName": "",
              "services": null,
              "computeId": null,
              "isArchived": false,
              "identity": null,
              "componentId": null,
              "notificationSetting": null,
              "secretsConfiguration": null,
              "jobType": "Pipeline",
              "settings": null,
              "jobs": null,
              "inputs": null,
              "outputs": null,
              "sourceJobId": "/subscriptions/00000000-0000-0000-0000-000000000/resourceGroups/00000/providers/Microsoft.MachineLearningServices/workspaces/00000/jobs/test_806438246226"
            }
          },
          "provisioningState": "Succeeded"
        },
        "systemData": {
          "createdAt": "2023-04-28T11:20:16.4525953\u002B00:00",
          "createdBy": "Xingzhi Zhang",
          "createdByType": "User",
          "lastModifiedAt": "2023-04-28T11:20:16.4525953\u002B00:00",
          "lastModifiedBy": "Xingzhi Zhang",
          "lastModifiedByType": "User"
        }
      }
    },
    {
      "RequestUri": "https://management.azure.com/subscriptions/00000000-0000-0000-0000-000000000/resourceGroups/00000/providers/Microsoft.MachineLearningServices/workspaces/00000/schedules/weekly_retrain_2022_cron_arm_updates?api-version=2023-04-01-preview",
      "RequestMethod": "PUT",
      "RequestHeaders": {
        "Accept": "application/json",
        "Accept-Encoding": "gzip, deflate",
        "Connection": "keep-alive",
        "Content-Length": "602",
        "Content-Type": "application/json",
        "User-Agent": "azure-ai-ml/1.7.0 azsdk-python-mgmt-machinelearningservices/1.0.0b1 Python/3.9.10 (Windows-10-10.0.22621-SP0)"
      },
      "RequestBody": {
        "properties": {
          "properties": {},
          "tags": {},
          "action": {
            "actionType": "CreateJob",
            "jobDefinition": {
              "properties": {},
              "tags": {},
              "experimentName": "",
              "isArchived": false,
              "jobType": "Pipeline",
              "inputs": {},
              "jobs": {},
              "outputs": {},
              "settings": {
                "_source": "REMOTE.WORKSPACE.JOB"
              },
              "sourceJobId": "/subscriptions/00000000-0000-0000-0000-000000000/resourceGroups/00000/providers/Microsoft.MachineLearningServices/workspaces/00000/jobs/test_806438246226"
            }
          },
          "isEnabled": false,
          "trigger": {
            "startTime": "2022-03-10 10:15:00",
            "timeZone": "UTC",
            "triggerType": "Cron",
            "expression": "15 10 * * 1"
          }
        }
      },
      "StatusCode": 201,
      "ResponseHeaders": {
        "azure-asyncoperation": "https://management.azure.com/subscriptions/00000000-0000-0000-0000-000000000/providers/Microsoft.MachineLearningServices/locations/centraluseuap/mfeOperationsStatus/s:7f206fe8-725b-47a7-8040-1b9d73c77f3e:X5hYNZH4f_ZjHQSoafxBOqkffs3-Bxu11lCOjsqHL2s?api-version=2023-04-01-preview",
        "Cache-Control": "no-cache",
        "Content-Length": "1169",
        "Content-Type": "application/json; charset=utf-8",
        "Date": "Fri, 28 Apr 2023 11:20:21 GMT",
        "Expires": "-1",
        "Location": "https://management.azure.com/subscriptions/00000000-0000-0000-0000-000000000/resourceGroups/00000/providers/Microsoft.MachineLearningServices/workspaces/00000/schedules/weekly_retrain_2022_cron_arm_updates?api-version=2023-04-01-preview",
        "Pragma": "no-cache",
        "request-context": "appId=cid-v1:512cc15a-13b5-415b-bfd0-dce7accb6bb1",
        "Server-Timing": "traceparent;desc=\u002200-ea41f6146c81e4f92409acc7c3afab73-305d0aaca5937409-01\u0022",
        "Strict-Transport-Security": "max-age=31536000; includeSubDomains",
        "x-aml-cluster": "vienna-test-westus2-02",
        "X-Content-Type-Options": "nosniff",
        "x-ms-async-operation-timeout": "PT30M",
        "x-ms-correlation-request-id": "b5348531-5166-429c-bce3-0e0381951362",
        "x-ms-ratelimit-remaining-subscription-writes": "1196",
        "x-ms-response-type": "standard",
        "x-ms-routing-request-id": "JAPANEAST:20230428T112022Z:b5348531-5166-429c-bce3-0e0381951362",
        "x-request-time": "0.127"
      },
      "ResponseBody": {
        "properties": {
          "description": null,
          "tags": {},
          "properties": {},
          "displayName": null,
          "isEnabled": false,
          "trigger": {
            "endTime": null,
            "startTime": "2022-03-10 10:15:00",
            "timeZone": "UTC",
            "triggerType": "Cron",
            "expression": "15 10 * * 1"
          },
          "action": {
            "actionType": "CreateJob",
            "jobDefinition": {
              "description": null,
              "tags": {},
              "properties": {},
              "displayName": null,
              "status": "NotStarted",
              "experimentName": "",
              "services": null,
              "computeId": null,
              "isArchived": false,
              "identity": null,
              "componentId": null,
              "notificationSetting": null,
              "secretsConfiguration": null,
              "jobType": "Pipeline",
              "settings": {
                "_source": "REMOTE.WORKSPACE.JOB"
              },
              "jobs": {},
              "inputs": {},
              "outputs": {},
              "sourceJobId": "/subscriptions/00000000-0000-0000-0000-000000000/resourceGroups/00000/providers/Microsoft.MachineLearningServices/workspaces/00000/jobs/test_806438246226"
            }
          },
          "provisioningState": "Creating"
        }
      }
    },
    {
      "RequestUri": "https://management.azure.com/subscriptions/00000000-0000-0000-0000-000000000/providers/Microsoft.MachineLearningServices/locations/centraluseuap/mfeOperationsStatus/s:7f206fe8-725b-47a7-8040-1b9d73c77f3e:X5hYNZH4f_ZjHQSoafxBOqkffs3-Bxu11lCOjsqHL2s?api-version=2023-04-01-preview",
      "RequestMethod": "GET",
      "RequestHeaders": {
        "Accept": "*/*",
        "Accept-Encoding": "gzip, deflate",
        "Connection": "keep-alive",
        "User-Agent": "azure-ai-ml/1.7.0 azsdk-python-mgmt-machinelearningservices/1.0.0b1 Python/3.9.10 (Windows-10-10.0.22621-SP0)"
      },
      "RequestBody": null,
      "StatusCode": 200,
      "ResponseHeaders": {
        "Cache-Control": "no-cache",
        "Content-Encoding": "gzip",
        "Content-Type": "application/json; charset=utf-8",
        "Date": "Fri, 28 Apr 2023 11:20:21 GMT",
        "Expires": "-1",
        "Pragma": "no-cache",
        "request-context": "appId=cid-v1:512cc15a-13b5-415b-bfd0-dce7accb6bb1",
        "Server-Timing": "traceparent;desc=\u002200-b2a1fa9a3e8c89dbb6ec14d739669dfe-d3a9df6b31eb32a3-01\u0022",
        "Strict-Transport-Security": "max-age=31536000; includeSubDomains",
        "Transfer-Encoding": "chunked",
        "Vary": [
          "Accept-Encoding",
          "Accept-Encoding"
        ],
        "x-aml-cluster": "vienna-test-westus2-02",
        "X-Content-Type-Options": "nosniff",
        "x-ms-correlation-request-id": "54f0de3a-0504-4f49-8b70-a2cb2b1ffadc",
        "x-ms-ratelimit-remaining-subscription-reads": "11995",
        "x-ms-response-type": "standard",
        "x-ms-routing-request-id": "JAPANEAST:20230428T112022Z:54f0de3a-0504-4f49-8b70-a2cb2b1ffadc",
        "x-request-time": "0.018"
      },
      "ResponseBody": {
        "id": "/subscriptions/00000000-0000-0000-0000-000000000/providers/Microsoft.MachineLearningServices/locations/centraluseuap/mfeOperationResults/s:7f206fe8-725b-47a7-8040-1b9d73c77f3e:X5hYNZH4f_ZjHQSoafxBOqkffs3-Bxu11lCOjsqHL2s",
        "name": "s:7f206fe8-725b-47a7-8040-1b9d73c77f3e:X5hYNZH4f_ZjHQSoafxBOqkffs3-Bxu11lCOjsqHL2s",
        "status": "Creating"
      }
    }
  ],
  "Variables": {
    "name": "test_806438246226"
  }
}
