{
  "Entries": [
    {
      "RequestUri": "https://management.azure.com/subscriptions/00000000-0000-0000-0000-000000000/resourceGroups/00000/providers/Microsoft.MachineLearningServices/workspaces/00000?api-version=2022-10-01",
      "RequestMethod": "GET",
      "RequestHeaders": {
        "Accept": "application/json",
        "Accept-Encoding": "gzip, deflate",
        "Connection": "keep-alive",
        "User-Agent": "azure-ai-ml/1.5.0 azsdk-python-mgmt-machinelearningservices/0.1.0 Python/3.7.9 (Windows-10-10.0.22621-SP0)"
      },
      "RequestBody": null,
      "StatusCode": 200,
      "ResponseHeaders": {
        "Cache-Control": "no-cache",
        "Content-Encoding": "gzip",
        "Content-Type": "application/json; charset=utf-8",
        "Date": "Sun, 05 Mar 2023 05:37:32 GMT",
        "Expires": "-1",
        "Pragma": "no-cache",
        "request-context": "appId=cid-v1:512cc15a-13b5-415b-bfd0-dce7accb6bb1",
        "Server-Timing": "traceparent;desc=\u002200-8d7732fcc18c322bd3dec59e89ab4be4-3f863be41b17343c-01\u0022",
        "Strict-Transport-Security": "max-age=31536000; includeSubDomains",
        "Transfer-Encoding": "chunked",
        "Vary": [
          "Accept-Encoding",
          "Accept-Encoding"
        ],
        "x-aml-cluster": "vienna-test-westus2-02",
        "X-Content-Type-Options": "nosniff",
        "x-ms-correlation-request-id": "40228e82-8cfc-49ae-95a6-79be4609aece",
        "x-ms-ratelimit-remaining-subscription-reads": "11966",
        "x-ms-response-type": "standard",
        "x-ms-routing-request-id": "WESTUS2:20230305T053732Z:40228e82-8cfc-49ae-95a6-79be4609aece",
        "x-request-time": "0.011"
      },
      "ResponseBody": {
        "id": "/subscriptions/00000000-0000-0000-0000-000000000/resourceGroups/00000/providers/Microsoft.MachineLearningServices/workspaces/00000",
        "name": "00000",
        "type": "Microsoft.MachineLearningServices/workspaces",
        "location": "centraluseuap",
        "tags": {},
        "etag": null,
        "properties": {
          "friendlyName": "00000",
          "description": "",
          "storageAccount": "/subscriptions/00000000-0000-0000-0000-000000000/resourceGroups/00000/providers/Microsoft.Storage/storageAccounts/sax5mzqu7xztpx4",
          "keyVault": "/subscriptions/00000000-0000-0000-0000-000000000/resourceGroups/00000/providers/Microsoft.Keyvault/vaults/kvtestsgwgquo2dadsi",
          "applicationInsights": "/subscriptions/00000000-0000-0000-0000-000000000/resourceGroups/00000/providers/Microsoft.insights/components/aix5mzqu7xztpx4",
          "hbiWorkspace": false,
          "tenantId": "72f988bf-86f1-41af-91ab-2d7cd011db47",
          "imageBuildCompute": null,
          "provisioningState": "Succeeded",
          "v1LegacyMode": false,
          "softDeleteEnabled": false,
          "containerRegistry": "/subscriptions/00000000-0000-0000-0000-000000000/resourceGroups/00000/providers/Microsoft.ContainerRegistry/registries/crx5mzqu7xztpx4",
          "creationTime": "2023-03-03T20:15:14.9243872Z",
          "notebookInfo": {
            "resourceId": "0000000-0000-0000-0000-000000000000",
            "fqdn": "ml-sdkvnextc-centraluseuap-288fbc99-974d-4a49-b40f-53b041fe40cc.centraluseuap.notebooks.azure.net",
            "isPrivateLinkEnabled": false,
            "notebookPreparationError": null
          },
          "storageHnsEnabled": false,
          "workspaceId": "288fbc99-974d-4a49-b40f-53b041fe40cc",
          "linkedModelInventoryArmId": null,
          "privateLinkCount": 0,
          "publicNetworkAccess": "Enabled",
          "discoveryUrl": "https://master.api.azureml-test.ms/discovery",
          "mlFlowTrackingUri": "azureml://master.api.azureml-test.ms/mlflow/v1.0/subscriptions/00000000-0000-0000-0000-000000000/resourceGroups/00000/providers/Microsoft.MachineLearningServices/workspaces/00000",
          "sdkTelemetryAppInsightsKey": "0000000-0000-0000-0000-000000000000",
          "sasGetterUri": "",
          "enableDataIsolation": false
        },
        "identity": {
          "type": "SystemAssigned",
          "principalId": "0000000-0000-0000-0000-000000000000",
          "tenantId": "72f988bf-86f1-41af-91ab-2d7cd011db47"
        },
        "kind": "Default",
        "sku": {
          "name": "Basic",
          "tier": "Basic"
        },
        "systemData": {
          "createdAt": "2023-03-03T20:15:14.9243872Z",
          "createdBy": "alias@contoso.com",
          "createdByType": "User",
          "lastModifiedAt": "2023-03-03T20:15:14.9243872Z",
          "lastModifiedBy": "alias@contoso.com",
          "lastModifiedByType": "User"
        }
      }
    },
    {
      "RequestUri": "https://master.api.azureml-test.ms/content/v2.0/subscriptions/00000000-0000-0000-0000-000000000/resourceGroups/00000/providers/Microsoft.MachineLearningServices/workspaces/00000/snapshots/getByHash?hash=d3c05b496c685e7e5a204e3cebc689086bd0f622c2975d8090c18968739a464a\u0026hashVersion=202208",
      "RequestMethod": "GET",
      "RequestHeaders": {
        "Accept": "*/*",
        "Accept-Encoding": "gzip, deflate",
        "Connection": "keep-alive",
        "Content-Type": "application/json; charset=UTF-8",
        "User-Agent": "azure-ai-ml/1.5.0 azsdk-python-core/1.26.3 Python/3.7.9 (Windows-10-10.0.22621-SP0)"
      },
      "RequestBody": null,
      "StatusCode": 200,
      "ResponseHeaders": {
        "Connection": "keep-alive",
        "Content-Encoding": "gzip",
        "Content-Type": "application/json; charset=utf-8",
        "Date": "Sun, 05 Mar 2023 05:37:33 GMT",
        "request-context": "appId=cid-v1:512cc15a-13b5-415b-bfd0-dce7accb6bb1",
        "Strict-Transport-Security": "max-age=15724800; includeSubDomains; preload",
        "Transfer-Encoding": "chunked",
        "Vary": "Accept-Encoding",
        "x-aml-cluster": "vienna-test-westus2-01",
        "X-Content-Type-Options": "nosniff",
        "x-ms-response-type": "standard",
        "x-request-time": "0.067"
      },
      "ResponseBody": {
        "snapshotType": "LocalFiles",
        "id": "0a7da1c6-b939-4726-b0d1-1946abc6a154",
        "root": {
          "name": "",
          "hash": null,
          "type": "Directory",
          "timestamp": "0001-01-01T00:00:00\u002B00:00",
          "sasUrl": null,
          "absoluteUrl": null,
          "sizeBytes": 0,
          "sizeSet": false,
          "children": {
            "COMPONENT_PLACEHOLDER": {
              "name": "COMPONENT_PLACEHOLDER",
              "hash": "2FF0E74A91489FE8DA41673EB1441D73",
              "type": "File",
              "timestamp": "0001-01-01T00:00:00\u002B00:00",
              "sasUrl": null,
              "absoluteUrl": null,
              "sizeBytes": 35,
              "sizeSet": true,
              "children": {}
            }
          }
        },
        "tags": {},
        "properties": {
          "hash_sha256": "d3c05b496c685e7e5a204e3cebc689086bd0f622c2975d8090c18968739a464a",
          "hash_version": "202208",
          "azureml.codeUri": "https://sax5mzqu7xztpx4.blob.core.windows.net:443/288fbc99-9-2cabc6a5-9713-532e-8859-6bd6d69e8ce8/"
        },
        "description": null,
        "name": "f1b82144-651f-4f47-bbb4-a6500bc75774",
        "version": "1",
        "createdBy": {
          "userObjectId": "b3a957de-450c-4ca7-b2aa-88dd98c87fef",
          "userPuId": "10037FFEAD05DD5D",
          "userIdp": null,
          "userAltSecId": null,
          "userIss": "https://sts.windows.net/72f988bf-86f1-41af-91ab-2d7cd011db47/",
          "userTenantId": "72f988bf-86f1-41af-91ab-2d7cd011db47",
          "userName": "Firstname Lastname",
          "upn": null
        },
        "createdTime": "2023-03-03T20:24:07.0457611\u002B00:00",
        "modifiedBy": {
          "userObjectId": "b3a957de-450c-4ca7-b2aa-88dd98c87fef",
          "userPuId": "10037FFEAD05DD5D",
          "userIdp": null,
          "userAltSecId": null,
          "userIss": "https://sts.windows.net/72f988bf-86f1-41af-91ab-2d7cd011db47/",
          "userTenantId": "72f988bf-86f1-41af-91ab-2d7cd011db47",
          "userName": "Diondra Peck",
          "upn": null
        },
        "modifiedTime": "2023-03-03T20:24:07.0457611\u002B00:00",
        "gitRepositoryCommit": null,
        "uri": "https://sax5mzqu7xztpx4.blob.core.windows.net:443/288fbc99-9-2cabc6a5-9713-532e-8859-6bd6d69e8ce8/",
        "contentHash": "d3c05b496c685e7e5a204e3cebc689086bd0f622c2975d8090c18968739a464a",
        "hashVersion": "202208",
        "provisioningState": "Succeeded"
      }
    },
    {
      "RequestUri": "https://management.azure.com/subscriptions/00000000-0000-0000-0000-000000000/resourceGroups/00000/providers/Microsoft.MachineLearningServices/workspaces/00000/codes/f1b82144-651f-4f47-bbb4-a6500bc75774/versions/1?api-version=2022-05-01",
      "RequestMethod": "GET",
      "RequestHeaders": {
        "Accept": "application/json",
        "Accept-Encoding": "gzip, deflate",
        "Connection": "keep-alive",
        "User-Agent": "azure-ai-ml/1.5.0 azsdk-python-mgmt-machinelearningservices/0.1.0 Python/3.7.9 (Windows-10-10.0.22621-SP0)"
      },
      "RequestBody": null,
      "StatusCode": 200,
      "ResponseHeaders": {
        "Cache-Control": "no-cache",
        "Content-Encoding": "gzip",
        "Content-Type": "application/json; charset=utf-8",
        "Date": "Sun, 05 Mar 2023 05:37:34 GMT",
        "Expires": "-1",
        "Pragma": "no-cache",
        "request-context": "appId=cid-v1:512cc15a-13b5-415b-bfd0-dce7accb6bb1",
        "Server-Timing": "traceparent;desc=\u002200-f3019009e05cdbc9a9a1d58cd2233187-24bc447a52b24a69-01\u0022",
        "Strict-Transport-Security": "max-age=31536000; includeSubDomains",
        "Transfer-Encoding": "chunked",
        "Vary": [
          "Accept-Encoding",
          "Accept-Encoding"
        ],
        "x-aml-cluster": "vienna-test-westus2-02",
        "X-Content-Type-Options": "nosniff",
        "x-ms-correlation-request-id": "c4721424-aebf-4a5b-91fb-1a8cdf2a18bc",
        "x-ms-ratelimit-remaining-subscription-reads": "11965",
        "x-ms-response-type": "standard",
        "x-ms-routing-request-id": "WESTUS2:20230305T053734Z:c4721424-aebf-4a5b-91fb-1a8cdf2a18bc",
        "x-request-time": "0.081"
      },
      "ResponseBody": {
        "id": "/subscriptions/00000000-0000-0000-0000-000000000/resourceGroups/00000/providers/Microsoft.MachineLearningServices/workspaces/00000/codes/f1b82144-651f-4f47-bbb4-a6500bc75774/versions/1",
        "name": "1",
        "type": "Microsoft.MachineLearningServices/workspaces/codes/versions",
        "properties": {
          "description": null,
          "tags": {},
          "properties": {
            "hash_sha256": "0000000000000",
            "hash_version": "0000000000000"
          },
          "isArchived": false,
          "isAnonymous": false,
          "codeUri": "https://sax5mzqu7xztpx4.blob.core.windows.net:443/288fbc99-9-2cabc6a5-9713-532e-8859-6bd6d69e8ce8/"
        },
        "systemData": {
          "createdAt": "2023-03-03T20:24:07.0457611\u002B00:00",
          "createdBy": "Firstname Lastname",
          "createdByType": "User",
          "lastModifiedAt": "2023-03-03T20:24:07.0457611\u002B00:00",
          "lastModifiedBy": "Firstname Lastname",
          "lastModifiedByType": "User"
        }
      }
    },
    {
      "RequestUri": "https://management.azure.com/subscriptions/00000000-0000-0000-0000-000000000/resourceGroups/00000/providers/Microsoft.MachineLearningServices/workspaces/00000/components/azureml_anonymous/versions/000000000000000000000?api-version=2022-10-01",
      "RequestMethod": "PUT",
      "RequestHeaders": {
        "Accept": "application/json",
        "Accept-Encoding": "gzip, deflate",
        "Connection": "keep-alive",
        "Content-Length": "596",
        "Content-Type": "application/json",
        "User-Agent": "azure-ai-ml/1.5.0 azsdk-python-mgmt-machinelearningservices/0.1.0 Python/3.7.9 (Windows-10-10.0.22621-SP0)"
      },
      "RequestBody": {
        "properties": {
          "properties": {},
          "tags": {},
          "isAnonymous": true,
          "isArchived": false,
          "componentSpec": {
            "command": "echo hello ${{inputs.hello_string}}",
            "code": "azureml:/subscriptions/00000000-0000-0000-0000-000000000/resourceGroups/00000/providers/Microsoft.MachineLearningServices/workspaces/00000/codes/f1b82144-651f-4f47-bbb4-a6500bc75774/versions/1",
            "environment": "azureml:AzureML-sklearn-1.0-ubuntu20.04-py38-cpu@latest",
            "name": "azureml_anonymous",
            "version": "1",
            "is_deterministic": true,
            "inputs": {
              "hello_string": {
                "type": "string"
              }
            },
            "type": "command",
            "_source": "YAML.JOB"
          }
        }
      },
      "StatusCode": 201,
      "ResponseHeaders": {
        "Cache-Control": "no-cache",
        "Content-Length": "1315",
        "Content-Type": "application/json; charset=utf-8",
        "Date": "Sun, 05 Mar 2023 05:37:35 GMT",
        "Expires": "-1",
        "Location": "https://management.azure.com/subscriptions/00000000-0000-0000-0000-000000000/resourceGroups/00000/providers/Microsoft.MachineLearningServices/workspaces/00000/components/azureml_anonymous/versions/000000000000000000000?api-version=2022-10-01",
        "Pragma": "no-cache",
        "request-context": "appId=cid-v1:512cc15a-13b5-415b-bfd0-dce7accb6bb1",
        "Server-Timing": "traceparent;desc=\u002200-869a7660989cc48acb1f69d3f405079c-cb02c79282dfa971-01\u0022",
        "Strict-Transport-Security": "max-age=31536000; includeSubDomains",
        "x-aml-cluster": "vienna-test-westus2-02",
        "X-Content-Type-Options": "nosniff",
        "x-ms-correlation-request-id": "2b7ced19-793d-475f-9370-7a7924790497",
        "x-ms-ratelimit-remaining-subscription-writes": "1189",
        "x-ms-response-type": "standard",
        "x-ms-routing-request-id": "WESTUS2:20230305T053735Z:2b7ced19-793d-475f-9370-7a7924790497",
        "x-request-time": "0.619"
      },
      "ResponseBody": {
        "id": "/subscriptions/00000000-0000-0000-0000-000000000/resourceGroups/00000/providers/Microsoft.MachineLearningServices/workspaces/00000/components/azureml_anonymous/versions/8207ea0e-f817-4067-a05d-0bbe3bd6d139",
        "name": "8207ea0e-f817-4067-a05d-0bbe3bd6d139",
        "type": "Microsoft.MachineLearningServices/workspaces/components/versions",
        "properties": {
          "description": null,
          "tags": {},
          "properties": {},
          "isArchived": false,
          "isAnonymous": true,
          "componentSpec": {
            "name": "azureml_anonymous",
            "version": "1",
            "is_deterministic": "True",
            "type": "command",
            "inputs": {
              "hello_string": {
                "type": "string",
                "optional": "False"
              }
            },
            "code": "azureml:/subscriptions/00000000-0000-0000-0000-000000000/resourceGroups/00000/providers/Microsoft.MachineLearningServices/workspaces/00000/codes/f1b82144-651f-4f47-bbb4-a6500bc75774/versions/1",
            "environment": "azureml://registries/azureml-dev/environments/AzureML-sklearn-1.0-ubuntu20.04-py38-cpu/versions/35",
            "resources": {
              "instance_count": "1"
            },
            "command": "echo hello ${{inputs.hello_string}}",
            "$schema": "https://componentsdk.azureedge.net/jsonschema/CommandComponent.json"
          }
        },
        "systemData": {
          "createdAt": "2023-03-05T05:36:31.6480417\u002B00:00",
          "createdBy": "Firstname Lastname",
          "createdByType": "User",
          "lastModifiedAt": "2023-03-05T05:36:32.1252071\u002B00:00",
          "lastModifiedBy": "Firstname Lastname",
          "lastModifiedByType": "User"
        }
      }
    },
    {
      "RequestUri": "https://management.azure.com/subscriptions/00000000-0000-0000-0000-000000000/resourceGroups/00000/providers/Microsoft.MachineLearningServices/workspaces/00000?api-version=2022-10-01",
      "RequestMethod": "GET",
      "RequestHeaders": {
        "Accept": "application/json",
        "Accept-Encoding": "gzip, deflate",
        "Connection": "keep-alive",
        "User-Agent": "azure-ai-ml/1.5.0 azsdk-python-mgmt-machinelearningservices/0.1.0 Python/3.7.9 (Windows-10-10.0.22621-SP0)"
      },
      "RequestBody": null,
      "StatusCode": 200,
      "ResponseHeaders": {
        "Cache-Control": "no-cache",
        "Content-Encoding": "gzip",
        "Content-Type": "application/json; charset=utf-8",
        "Date": "Sun, 05 Mar 2023 05:37:35 GMT",
        "Expires": "-1",
        "Pragma": "no-cache",
        "request-context": "appId=cid-v1:512cc15a-13b5-415b-bfd0-dce7accb6bb1",
        "Server-Timing": "traceparent;desc=\u002200-4e23a4b85ffc064411456abd3d36a100-e72953ef7544ae8a-01\u0022",
        "Strict-Transport-Security": "max-age=31536000; includeSubDomains",
        "Transfer-Encoding": "chunked",
        "Vary": [
          "Accept-Encoding",
          "Accept-Encoding"
        ],
        "x-aml-cluster": "vienna-test-westus2-02",
        "X-Content-Type-Options": "nosniff",
        "x-ms-correlation-request-id": "e574dc53-9f0f-4e72-8b25-5a20c1ca4dc4",
        "x-ms-ratelimit-remaining-subscription-reads": "11964",
        "x-ms-response-type": "standard",
        "x-ms-routing-request-id": "WESTUS2:20230305T053735Z:e574dc53-9f0f-4e72-8b25-5a20c1ca4dc4",
        "x-request-time": "0.012"
      },
      "ResponseBody": {
        "id": "/subscriptions/00000000-0000-0000-0000-000000000/resourceGroups/00000/providers/Microsoft.MachineLearningServices/workspaces/00000",
        "name": "00000",
        "type": "Microsoft.MachineLearningServices/workspaces",
        "location": "centraluseuap",
        "tags": {},
        "etag": null,
        "properties": {
          "friendlyName": "00000",
          "description": "",
          "storageAccount": "/subscriptions/00000000-0000-0000-0000-000000000/resourceGroups/00000/providers/Microsoft.Storage/storageAccounts/sax5mzqu7xztpx4",
          "keyVault": "/subscriptions/00000000-0000-0000-0000-000000000/resourceGroups/00000/providers/Microsoft.Keyvault/vaults/kvtestsgwgquo2dadsi",
          "applicationInsights": "/subscriptions/00000000-0000-0000-0000-000000000/resourceGroups/00000/providers/Microsoft.insights/components/aix5mzqu7xztpx4",
          "hbiWorkspace": false,
          "tenantId": "72f988bf-86f1-41af-91ab-2d7cd011db47",
          "imageBuildCompute": null,
          "provisioningState": "Succeeded",
          "v1LegacyMode": false,
          "softDeleteEnabled": false,
          "containerRegistry": "/subscriptions/00000000-0000-0000-0000-000000000/resourceGroups/00000/providers/Microsoft.ContainerRegistry/registries/crx5mzqu7xztpx4",
          "creationTime": "2023-03-03T20:15:14.9243872Z",
          "notebookInfo": {
            "resourceId": "0000000-0000-0000-0000-000000000000",
            "fqdn": "ml-sdkvnextc-centraluseuap-288fbc99-974d-4a49-b40f-53b041fe40cc.centraluseuap.notebooks.azure.net",
            "isPrivateLinkEnabled": false,
            "notebookPreparationError": null
          },
          "storageHnsEnabled": false,
          "workspaceId": "288fbc99-974d-4a49-b40f-53b041fe40cc",
          "linkedModelInventoryArmId": null,
          "privateLinkCount": 0,
          "publicNetworkAccess": "Enabled",
          "discoveryUrl": "https://master.api.azureml-test.ms/discovery",
          "mlFlowTrackingUri": "azureml://master.api.azureml-test.ms/mlflow/v1.0/subscriptions/00000000-0000-0000-0000-000000000/resourceGroups/00000/providers/Microsoft.MachineLearningServices/workspaces/00000",
          "sdkTelemetryAppInsightsKey": "0000000-0000-0000-0000-000000000000",
          "sasGetterUri": "",
          "enableDataIsolation": false
        },
        "identity": {
          "type": "SystemAssigned",
          "principalId": "0000000-0000-0000-0000-000000000000",
          "tenantId": "72f988bf-86f1-41af-91ab-2d7cd011db47"
        },
        "kind": "Default",
        "sku": {
          "name": "Basic",
          "tier": "Basic"
        },
        "systemData": {
          "createdAt": "2023-03-03T20:15:14.9243872Z",
          "createdBy": "alias@contoso.com",
          "createdByType": "User",
          "lastModifiedAt": "2023-03-03T20:15:14.9243872Z",
          "lastModifiedBy": "alias@contoso.com",
          "lastModifiedByType": "User"
        }
      }
    },
    {
      "RequestUri": "https://master.api.azureml-test.ms/content/v2.0/subscriptions/00000000-0000-0000-0000-000000000/resourceGroups/00000/providers/Microsoft.MachineLearningServices/workspaces/00000/snapshots/getByHash?hash=d3c05b496c685e7e5a204e3cebc689086bd0f622c2975d8090c18968739a464a\u0026hashVersion=202208",
      "RequestMethod": "GET",
      "RequestHeaders": {
        "Accept": "*/*",
        "Accept-Encoding": "gzip, deflate",
        "Connection": "keep-alive",
        "Content-Type": "application/json; charset=UTF-8",
        "User-Agent": "azure-ai-ml/1.5.0 azsdk-python-core/1.26.3 Python/3.7.9 (Windows-10-10.0.22621-SP0)"
      },
      "RequestBody": null,
      "StatusCode": 200,
      "ResponseHeaders": {
        "Connection": "keep-alive",
        "Content-Encoding": "gzip",
        "Content-Type": "application/json; charset=utf-8",
        "Date": "Sun, 05 Mar 2023 05:37:37 GMT",
        "request-context": "appId=cid-v1:512cc15a-13b5-415b-bfd0-dce7accb6bb1",
        "Strict-Transport-Security": "max-age=15724800; includeSubDomains; preload",
        "Transfer-Encoding": "chunked",
        "Vary": "Accept-Encoding",
        "x-aml-cluster": "vienna-test-westus2-01",
        "X-Content-Type-Options": "nosniff",
        "x-ms-response-type": "standard",
        "x-request-time": "0.064"
      },
      "ResponseBody": {
        "snapshotType": "LocalFiles",
        "id": "0a7da1c6-b939-4726-b0d1-1946abc6a154",
        "root": {
          "name": "",
          "hash": null,
          "type": "Directory",
          "timestamp": "0001-01-01T00:00:00\u002B00:00",
          "sasUrl": null,
          "absoluteUrl": null,
          "sizeBytes": 0,
          "sizeSet": false,
          "children": {
            "COMPONENT_PLACEHOLDER": {
              "name": "COMPONENT_PLACEHOLDER",
              "hash": "2FF0E74A91489FE8DA41673EB1441D73",
              "type": "File",
              "timestamp": "0001-01-01T00:00:00\u002B00:00",
              "sasUrl": null,
              "absoluteUrl": null,
              "sizeBytes": 35,
              "sizeSet": true,
              "children": {}
            }
          }
        },
        "tags": {},
        "properties": {
          "hash_sha256": "d3c05b496c685e7e5a204e3cebc689086bd0f622c2975d8090c18968739a464a",
          "hash_version": "202208",
          "azureml.codeUri": "https://sax5mzqu7xztpx4.blob.core.windows.net:443/288fbc99-9-2cabc6a5-9713-532e-8859-6bd6d69e8ce8/"
        },
        "description": null,
        "name": "f1b82144-651f-4f47-bbb4-a6500bc75774",
        "version": "1",
        "createdBy": {
          "userObjectId": "b3a957de-450c-4ca7-b2aa-88dd98c87fef",
          "userPuId": "10037FFEAD05DD5D",
          "userIdp": null,
          "userAltSecId": null,
          "userIss": "https://sts.windows.net/72f988bf-86f1-41af-91ab-2d7cd011db47/",
          "userTenantId": "72f988bf-86f1-41af-91ab-2d7cd011db47",
          "userName": "Firstname Lastname",
          "upn": null
        },
        "createdTime": "2023-03-03T20:24:07.0457611\u002B00:00",
        "modifiedBy": {
          "userObjectId": "b3a957de-450c-4ca7-b2aa-88dd98c87fef",
          "userPuId": "10037FFEAD05DD5D",
          "userIdp": null,
          "userAltSecId": null,
          "userIss": "https://sts.windows.net/72f988bf-86f1-41af-91ab-2d7cd011db47/",
          "userTenantId": "72f988bf-86f1-41af-91ab-2d7cd011db47",
          "userName": "Diondra Peck",
          "upn": null
        },
        "modifiedTime": "2023-03-03T20:24:07.0457611\u002B00:00",
        "gitRepositoryCommit": null,
        "uri": "https://sax5mzqu7xztpx4.blob.core.windows.net:443/288fbc99-9-2cabc6a5-9713-532e-8859-6bd6d69e8ce8/",
        "contentHash": "d3c05b496c685e7e5a204e3cebc689086bd0f622c2975d8090c18968739a464a",
        "hashVersion": "202208",
        "provisioningState": "Succeeded"
      }
    },
    {
      "RequestUri": "https://management.azure.com/subscriptions/00000000-0000-0000-0000-000000000/resourceGroups/00000/providers/Microsoft.MachineLearningServices/workspaces/00000/codes/f1b82144-651f-4f47-bbb4-a6500bc75774/versions/1?api-version=2022-05-01",
      "RequestMethod": "GET",
      "RequestHeaders": {
        "Accept": "application/json",
        "Accept-Encoding": "gzip, deflate",
        "Connection": "keep-alive",
        "User-Agent": "azure-ai-ml/1.5.0 azsdk-python-mgmt-machinelearningservices/0.1.0 Python/3.7.9 (Windows-10-10.0.22621-SP0)"
      },
      "RequestBody": null,
      "StatusCode": 200,
      "ResponseHeaders": {
        "Cache-Control": "no-cache",
        "Content-Encoding": "gzip",
        "Content-Type": "application/json; charset=utf-8",
        "Date": "Sun, 05 Mar 2023 05:37:37 GMT",
        "Expires": "-1",
        "Pragma": "no-cache",
        "request-context": "appId=cid-v1:512cc15a-13b5-415b-bfd0-dce7accb6bb1",
        "Server-Timing": "traceparent;desc=\u002200-770e190fa445a3f5ad74e377d136a7ad-17d1c01ab1a3640c-01\u0022",
        "Strict-Transport-Security": "max-age=31536000; includeSubDomains",
        "Transfer-Encoding": "chunked",
        "Vary": [
          "Accept-Encoding",
          "Accept-Encoding"
        ],
        "x-aml-cluster": "vienna-test-westus2-02",
        "X-Content-Type-Options": "nosniff",
        "x-ms-correlation-request-id": "df66dd02-544b-426b-8d1c-9bded05f5b9d",
        "x-ms-ratelimit-remaining-subscription-reads": "11963",
        "x-ms-response-type": "standard",
        "x-ms-routing-request-id": "WESTUS2:20230305T053737Z:df66dd02-544b-426b-8d1c-9bded05f5b9d",
        "x-request-time": "0.080"
      },
      "ResponseBody": {
        "id": "/subscriptions/00000000-0000-0000-0000-000000000/resourceGroups/00000/providers/Microsoft.MachineLearningServices/workspaces/00000/codes/f1b82144-651f-4f47-bbb4-a6500bc75774/versions/1",
        "name": "1",
        "type": "Microsoft.MachineLearningServices/workspaces/codes/versions",
        "properties": {
          "description": null,
          "tags": {},
          "properties": {
            "hash_sha256": "0000000000000",
            "hash_version": "0000000000000"
          },
          "isArchived": false,
          "isAnonymous": false,
          "codeUri": "https://sax5mzqu7xztpx4.blob.core.windows.net:443/288fbc99-9-2cabc6a5-9713-532e-8859-6bd6d69e8ce8/"
        },
        "systemData": {
          "createdAt": "2023-03-03T20:24:07.0457611\u002B00:00",
          "createdBy": "Firstname Lastname",
          "createdByType": "User",
          "lastModifiedAt": "2023-03-03T20:24:07.0457611\u002B00:00",
          "lastModifiedBy": "Firstname Lastname",
          "lastModifiedByType": "User"
        }
      }
    },
    {
      "RequestUri": "https://management.azure.com/subscriptions/00000000-0000-0000-0000-000000000/resourceGroups/00000/providers/Microsoft.MachineLearningServices/workspaces/00000/components/azureml_anonymous/versions/000000000000000000000?api-version=2022-10-01",
      "RequestMethod": "PUT",
      "RequestHeaders": {
        "Accept": "application/json",
        "Accept-Encoding": "gzip, deflate",
        "Connection": "keep-alive",
        "Content-Length": "619",
        "Content-Type": "application/json",
        "User-Agent": "azure-ai-ml/1.5.0 azsdk-python-mgmt-machinelearningservices/0.1.0 Python/3.7.9 (Windows-10-10.0.22621-SP0)"
      },
      "RequestBody": {
        "properties": {
          "properties": {},
          "tags": {},
          "isAnonymous": true,
          "isArchived": false,
          "componentSpec": {
            "command": "echo \u0022world\u0022 \u003E\u003E ${{outputs.world_output}}/world.txt",
            "code": "azureml:/subscriptions/00000000-0000-0000-0000-000000000/resourceGroups/00000/providers/Microsoft.MachineLearningServices/workspaces/00000/codes/f1b82144-651f-4f47-bbb4-a6500bc75774/versions/1",
            "environment": "azureml:AzureML-sklearn-1.0-ubuntu20.04-py38-cpu@latest",
            "name": "azureml_anonymous",
            "version": "1",
            "is_deterministic": true,
            "outputs": {
              "world_output": {
                "type": "uri_folder"
              }
            },
            "type": "command",
            "_source": "YAML.JOB"
          }
        }
      },
      "StatusCode": 201,
      "ResponseHeaders": {
        "Cache-Control": "no-cache",
        "Content-Length": "1319",
        "Content-Type": "application/json; charset=utf-8",
        "Date": "Sun, 05 Mar 2023 05:37:38 GMT",
        "Expires": "-1",
        "Location": "https://management.azure.com/subscriptions/00000000-0000-0000-0000-000000000/resourceGroups/00000/providers/Microsoft.MachineLearningServices/workspaces/00000/components/azureml_anonymous/versions/000000000000000000000?api-version=2022-10-01",
        "Pragma": "no-cache",
        "request-context": "appId=cid-v1:512cc15a-13b5-415b-bfd0-dce7accb6bb1",
        "Server-Timing": "traceparent;desc=\u002200-385360244ec675af2cd16a782b3b60fd-91fb5a5c01e39f1e-01\u0022",
        "Strict-Transport-Security": "max-age=31536000; includeSubDomains",
        "x-aml-cluster": "vienna-test-westus2-02",
        "X-Content-Type-Options": "nosniff",
        "x-ms-correlation-request-id": "2f7eca85-5a9b-47f6-b9eb-8008b11de756",
        "x-ms-ratelimit-remaining-subscription-writes": "1188",
        "x-ms-response-type": "standard",
        "x-ms-routing-request-id": "WESTUS2:20230305T053738Z:2f7eca85-5a9b-47f6-b9eb-8008b11de756",
        "x-request-time": "0.714"
      },
      "ResponseBody": {
        "id": "/subscriptions/00000000-0000-0000-0000-000000000/resourceGroups/00000/providers/Microsoft.MachineLearningServices/workspaces/00000/components/azureml_anonymous/versions/2e6fa007-b44a-4df5-ba6f-7de6639138df",
        "name": "2e6fa007-b44a-4df5-ba6f-7de6639138df",
        "type": "Microsoft.MachineLearningServices/workspaces/components/versions",
        "properties": {
          "description": null,
          "tags": {},
          "properties": {},
          "isArchived": false,
          "isAnonymous": true,
          "componentSpec": {
            "name": "azureml_anonymous",
            "version": "1",
            "is_deterministic": "True",
            "type": "command",
            "outputs": {
              "world_output": {
                "type": "uri_folder"
              }
            },
            "code": "azureml:/subscriptions/00000000-0000-0000-0000-000000000/resourceGroups/00000/providers/Microsoft.MachineLearningServices/workspaces/00000/codes/f1b82144-651f-4f47-bbb4-a6500bc75774/versions/1",
            "environment": "azureml://registries/azureml-dev/environments/AzureML-sklearn-1.0-ubuntu20.04-py38-cpu/versions/35",
            "resources": {
              "instance_count": "1"
            },
            "command": "echo \u0022world\u0022 \u003E\u003E ${{outputs.world_output}}/world.txt",
            "$schema": "https://componentsdk.azureedge.net/jsonschema/CommandComponent.json"
          }
        },
        "systemData": {
          "createdAt": "2023-03-05T05:36:35.6029879\u002B00:00",
          "createdBy": "Firstname Lastname",
          "createdByType": "User",
          "lastModifiedAt": "2023-03-05T05:36:35.9989405\u002B00:00",
          "lastModifiedBy": "Firstname Lastname",
          "lastModifiedByType": "User"
        }
      }
    },
    {
      "RequestUri": "https://management.azure.com/subscriptions/00000000-0000-0000-0000-000000000/resourceGroups/00000/providers/Microsoft.MachineLearningServices/workspaces/00000?api-version=2022-10-01",
      "RequestMethod": "GET",
      "RequestHeaders": {
        "Accept": "application/json",
        "Accept-Encoding": "gzip, deflate",
        "Connection": "keep-alive",
        "User-Agent": "azure-ai-ml/1.5.0 azsdk-python-mgmt-machinelearningservices/0.1.0 Python/3.7.9 (Windows-10-10.0.22621-SP0)"
      },
      "RequestBody": null,
      "StatusCode": 200,
      "ResponseHeaders": {
        "Cache-Control": "no-cache",
        "Content-Encoding": "gzip",
        "Content-Type": "application/json; charset=utf-8",
        "Date": "Sun, 05 Mar 2023 05:37:38 GMT",
        "Expires": "-1",
        "Pragma": "no-cache",
        "request-context": "appId=cid-v1:512cc15a-13b5-415b-bfd0-dce7accb6bb1",
        "Server-Timing": "traceparent;desc=\u002200-9484a0b6dd277b66978da6ae826af09a-30d13f2fe2b92781-01\u0022",
        "Strict-Transport-Security": "max-age=31536000; includeSubDomains",
        "Transfer-Encoding": "chunked",
        "Vary": [
          "Accept-Encoding",
          "Accept-Encoding"
        ],
        "x-aml-cluster": "vienna-test-westus2-02",
        "X-Content-Type-Options": "nosniff",
        "x-ms-correlation-request-id": "719d0959-fe89-4d69-87b7-fe1c16cd3fc0",
        "x-ms-ratelimit-remaining-subscription-reads": "11962",
        "x-ms-response-type": "standard",
        "x-ms-routing-request-id": "WESTUS2:20230305T053738Z:719d0959-fe89-4d69-87b7-fe1c16cd3fc0",
        "x-request-time": "0.012"
      },
      "ResponseBody": {
        "id": "/subscriptions/00000000-0000-0000-0000-000000000/resourceGroups/00000/providers/Microsoft.MachineLearningServices/workspaces/00000",
        "name": "00000",
        "type": "Microsoft.MachineLearningServices/workspaces",
        "location": "centraluseuap",
        "tags": {},
        "etag": null,
        "properties": {
          "friendlyName": "00000",
          "description": "",
          "storageAccount": "/subscriptions/00000000-0000-0000-0000-000000000/resourceGroups/00000/providers/Microsoft.Storage/storageAccounts/sax5mzqu7xztpx4",
          "keyVault": "/subscriptions/00000000-0000-0000-0000-000000000/resourceGroups/00000/providers/Microsoft.Keyvault/vaults/kvtestsgwgquo2dadsi",
          "applicationInsights": "/subscriptions/00000000-0000-0000-0000-000000000/resourceGroups/00000/providers/Microsoft.insights/components/aix5mzqu7xztpx4",
          "hbiWorkspace": false,
          "tenantId": "72f988bf-86f1-41af-91ab-2d7cd011db47",
          "imageBuildCompute": null,
          "provisioningState": "Succeeded",
          "v1LegacyMode": false,
          "softDeleteEnabled": false,
          "containerRegistry": "/subscriptions/00000000-0000-0000-0000-000000000/resourceGroups/00000/providers/Microsoft.ContainerRegistry/registries/crx5mzqu7xztpx4",
          "creationTime": "2023-03-03T20:15:14.9243872Z",
          "notebookInfo": {
            "resourceId": "0000000-0000-0000-0000-000000000000",
            "fqdn": "ml-sdkvnextc-centraluseuap-288fbc99-974d-4a49-b40f-53b041fe40cc.centraluseuap.notebooks.azure.net",
            "isPrivateLinkEnabled": false,
            "notebookPreparationError": null
          },
          "storageHnsEnabled": false,
          "workspaceId": "288fbc99-974d-4a49-b40f-53b041fe40cc",
          "linkedModelInventoryArmId": null,
          "privateLinkCount": 0,
          "publicNetworkAccess": "Enabled",
          "discoveryUrl": "https://master.api.azureml-test.ms/discovery",
          "mlFlowTrackingUri": "azureml://master.api.azureml-test.ms/mlflow/v1.0/subscriptions/00000000-0000-0000-0000-000000000/resourceGroups/00000/providers/Microsoft.MachineLearningServices/workspaces/00000",
          "sdkTelemetryAppInsightsKey": "0000000-0000-0000-0000-000000000000",
          "sasGetterUri": "",
          "enableDataIsolation": false
        },
        "identity": {
          "type": "SystemAssigned",
          "principalId": "0000000-0000-0000-0000-000000000000",
          "tenantId": "72f988bf-86f1-41af-91ab-2d7cd011db47"
        },
        "kind": "Default",
        "sku": {
          "name": "Basic",
          "tier": "Basic"
        },
        "systemData": {
          "createdAt": "2023-03-03T20:15:14.9243872Z",
          "createdBy": "alias@contoso.com",
          "createdByType": "User",
          "lastModifiedAt": "2023-03-03T20:15:14.9243872Z",
          "lastModifiedBy": "alias@contoso.com",
          "lastModifiedByType": "User"
        }
      }
    },
    {
      "RequestUri": "https://master.api.azureml-test.ms/content/v2.0/subscriptions/00000000-0000-0000-0000-000000000/resourceGroups/00000/providers/Microsoft.MachineLearningServices/workspaces/00000/snapshots/getByHash?hash=d3c05b496c685e7e5a204e3cebc689086bd0f622c2975d8090c18968739a464a\u0026hashVersion=202208",
      "RequestMethod": "GET",
      "RequestHeaders": {
        "Accept": "*/*",
        "Accept-Encoding": "gzip, deflate",
        "Connection": "keep-alive",
        "Content-Type": "application/json; charset=UTF-8",
        "User-Agent": "azure-ai-ml/1.5.0 azsdk-python-core/1.26.3 Python/3.7.9 (Windows-10-10.0.22621-SP0)"
      },
      "RequestBody": null,
      "StatusCode": 200,
      "ResponseHeaders": {
        "Connection": "keep-alive",
        "Content-Encoding": "gzip",
        "Content-Type": "application/json; charset=utf-8",
        "Date": "Sun, 05 Mar 2023 05:37:39 GMT",
        "request-context": "appId=cid-v1:512cc15a-13b5-415b-bfd0-dce7accb6bb1",
        "Strict-Transport-Security": "max-age=15724800; includeSubDomains; preload",
        "Transfer-Encoding": "chunked",
        "Vary": "Accept-Encoding",
        "x-aml-cluster": "vienna-test-westus2-01",
        "X-Content-Type-Options": "nosniff",
        "x-ms-response-type": "standard",
        "x-request-time": "0.064"
      },
      "ResponseBody": {
        "snapshotType": "LocalFiles",
        "id": "0a7da1c6-b939-4726-b0d1-1946abc6a154",
        "root": {
          "name": "",
          "hash": null,
          "type": "Directory",
          "timestamp": "0001-01-01T00:00:00\u002B00:00",
          "sasUrl": null,
          "absoluteUrl": null,
          "sizeBytes": 0,
          "sizeSet": false,
          "children": {
            "COMPONENT_PLACEHOLDER": {
              "name": "COMPONENT_PLACEHOLDER",
              "hash": "2FF0E74A91489FE8DA41673EB1441D73",
              "type": "File",
              "timestamp": "0001-01-01T00:00:00\u002B00:00",
              "sasUrl": null,
              "absoluteUrl": null,
              "sizeBytes": 35,
              "sizeSet": true,
              "children": {}
            }
          }
        },
        "tags": {},
        "properties": {
          "hash_sha256": "d3c05b496c685e7e5a204e3cebc689086bd0f622c2975d8090c18968739a464a",
          "hash_version": "202208",
          "azureml.codeUri": "https://sax5mzqu7xztpx4.blob.core.windows.net:443/288fbc99-9-2cabc6a5-9713-532e-8859-6bd6d69e8ce8/"
        },
        "description": null,
        "name": "f1b82144-651f-4f47-bbb4-a6500bc75774",
        "version": "1",
        "createdBy": {
          "userObjectId": "b3a957de-450c-4ca7-b2aa-88dd98c87fef",
          "userPuId": "10037FFEAD05DD5D",
          "userIdp": null,
          "userAltSecId": null,
          "userIss": "https://sts.windows.net/72f988bf-86f1-41af-91ab-2d7cd011db47/",
          "userTenantId": "72f988bf-86f1-41af-91ab-2d7cd011db47",
          "userName": "Firstname Lastname",
          "upn": null
        },
        "createdTime": "2023-03-03T20:24:07.0457611\u002B00:00",
        "modifiedBy": {
          "userObjectId": "b3a957de-450c-4ca7-b2aa-88dd98c87fef",
          "userPuId": "10037FFEAD05DD5D",
          "userIdp": null,
          "userAltSecId": null,
          "userIss": "https://sts.windows.net/72f988bf-86f1-41af-91ab-2d7cd011db47/",
          "userTenantId": "72f988bf-86f1-41af-91ab-2d7cd011db47",
          "userName": "Diondra Peck",
          "upn": null
        },
        "modifiedTime": "2023-03-03T20:24:07.0457611\u002B00:00",
        "gitRepositoryCommit": null,
        "uri": "https://sax5mzqu7xztpx4.blob.core.windows.net:443/288fbc99-9-2cabc6a5-9713-532e-8859-6bd6d69e8ce8/",
        "contentHash": "d3c05b496c685e7e5a204e3cebc689086bd0f622c2975d8090c18968739a464a",
        "hashVersion": "202208",
        "provisioningState": "Succeeded"
      }
    },
    {
      "RequestUri": "https://management.azure.com/subscriptions/00000000-0000-0000-0000-000000000/resourceGroups/00000/providers/Microsoft.MachineLearningServices/workspaces/00000/codes/f1b82144-651f-4f47-bbb4-a6500bc75774/versions/1?api-version=2022-05-01",
      "RequestMethod": "GET",
      "RequestHeaders": {
        "Accept": "application/json",
        "Accept-Encoding": "gzip, deflate",
        "Connection": "keep-alive",
        "User-Agent": "azure-ai-ml/1.5.0 azsdk-python-mgmt-machinelearningservices/0.1.0 Python/3.7.9 (Windows-10-10.0.22621-SP0)"
      },
      "RequestBody": null,
      "StatusCode": 200,
      "ResponseHeaders": {
        "Cache-Control": "no-cache",
        "Content-Encoding": "gzip",
        "Content-Type": "application/json; charset=utf-8",
        "Date": "Sun, 05 Mar 2023 05:37:39 GMT",
        "Expires": "-1",
        "Pragma": "no-cache",
        "request-context": "appId=cid-v1:512cc15a-13b5-415b-bfd0-dce7accb6bb1",
        "Server-Timing": "traceparent;desc=\u002200-1d61a91535f85ec8350616da42d21aeb-1e190ebfb060e137-01\u0022",
        "Strict-Transport-Security": "max-age=31536000; includeSubDomains",
        "Transfer-Encoding": "chunked",
        "Vary": [
          "Accept-Encoding",
          "Accept-Encoding"
        ],
        "x-aml-cluster": "vienna-test-westus2-02",
        "X-Content-Type-Options": "nosniff",
        "x-ms-correlation-request-id": "b65fee93-e41e-4588-bbe7-482d1ba9b0d7",
        "x-ms-ratelimit-remaining-subscription-reads": "11961",
        "x-ms-response-type": "standard",
        "x-ms-routing-request-id": "WESTUS2:20230305T053739Z:b65fee93-e41e-4588-bbe7-482d1ba9b0d7",
        "x-request-time": "0.070"
      },
      "ResponseBody": {
        "id": "/subscriptions/00000000-0000-0000-0000-000000000/resourceGroups/00000/providers/Microsoft.MachineLearningServices/workspaces/00000/codes/f1b82144-651f-4f47-bbb4-a6500bc75774/versions/1",
        "name": "1",
        "type": "Microsoft.MachineLearningServices/workspaces/codes/versions",
        "properties": {
          "description": null,
          "tags": {},
          "properties": {
            "hash_sha256": "0000000000000",
            "hash_version": "0000000000000"
          },
          "isArchived": false,
          "isAnonymous": false,
          "codeUri": "https://sax5mzqu7xztpx4.blob.core.windows.net:443/288fbc99-9-2cabc6a5-9713-532e-8859-6bd6d69e8ce8/"
        },
        "systemData": {
          "createdAt": "2023-03-03T20:24:07.0457611\u002B00:00",
          "createdBy": "Firstname Lastname",
          "createdByType": "User",
          "lastModifiedAt": "2023-03-03T20:24:07.0457611\u002B00:00",
          "lastModifiedBy": "Firstname Lastname",
          "lastModifiedByType": "User"
        }
      }
    },
    {
      "RequestUri": "https://management.azure.com/subscriptions/00000000-0000-0000-0000-000000000/resourceGroups/00000/providers/Microsoft.MachineLearningServices/workspaces/00000/components/azureml_anonymous/versions/000000000000000000000?api-version=2022-10-01",
      "RequestMethod": "PUT",
      "RequestHeaders": {
        "Accept": "application/json",
        "Accept-Encoding": "gzip, deflate",
        "Connection": "keep-alive",
        "Content-Length": "602",
        "Content-Type": "application/json",
        "User-Agent": "azure-ai-ml/1.5.0 azsdk-python-mgmt-machinelearningservices/0.1.0 Python/3.7.9 (Windows-10-10.0.22621-SP0)"
      },
      "RequestBody": {
        "properties": {
          "properties": {},
          "tags": {},
          "isAnonymous": true,
          "isArchived": false,
          "componentSpec": {
            "command": "echo ${{inputs.world_input}}/world.txt",
            "code": "azureml:/subscriptions/00000000-0000-0000-0000-000000000/resourceGroups/00000/providers/Microsoft.MachineLearningServices/workspaces/00000/codes/f1b82144-651f-4f47-bbb4-a6500bc75774/versions/1",
            "environment": "azureml:AzureML-sklearn-1.0-ubuntu20.04-py38-cpu@latest",
            "name": "azureml_anonymous",
            "version": "1",
            "is_deterministic": true,
            "inputs": {
              "world_input": {
                "type": "uri_folder"
              }
            },
            "type": "command",
            "_source": "YAML.JOB"
          }
        }
      },
      "StatusCode": 201,
      "ResponseHeaders": {
        "Cache-Control": "no-cache",
        "Content-Length": "1321",
        "Content-Type": "application/json; charset=utf-8",
        "Date": "Sun, 05 Mar 2023 05:37:40 GMT",
        "Expires": "-1",
        "Location": "https://management.azure.com/subscriptions/00000000-0000-0000-0000-000000000/resourceGroups/00000/providers/Microsoft.MachineLearningServices/workspaces/00000/components/azureml_anonymous/versions/000000000000000000000?api-version=2022-10-01",
        "Pragma": "no-cache",
        "request-context": "appId=cid-v1:512cc15a-13b5-415b-bfd0-dce7accb6bb1",
        "Server-Timing": "traceparent;desc=\u002200-999bf1f6736e3340bb3c1430465567c3-8de55aa01b6c1907-01\u0022",
        "Strict-Transport-Security": "max-age=31536000; includeSubDomains",
        "x-aml-cluster": "vienna-test-westus2-02",
        "X-Content-Type-Options": "nosniff",
        "x-ms-correlation-request-id": "eea18f48-861b-4b70-919f-a66240a4da84",
        "x-ms-ratelimit-remaining-subscription-writes": "1187",
        "x-ms-response-type": "standard",
        "x-ms-routing-request-id": "WESTUS2:20230305T053740Z:eea18f48-861b-4b70-919f-a66240a4da84",
        "x-request-time": "0.802"
      },
      "ResponseBody": {
        "id": "/subscriptions/00000000-0000-0000-0000-000000000/resourceGroups/00000/providers/Microsoft.MachineLearningServices/workspaces/00000/components/azureml_anonymous/versions/799a4e4a-03b2-46dd-a03b-f5b5def51dd0",
        "name": "799a4e4a-03b2-46dd-a03b-f5b5def51dd0",
        "type": "Microsoft.MachineLearningServices/workspaces/components/versions",
        "properties": {
          "description": null,
          "tags": {},
          "properties": {},
          "isArchived": false,
          "isAnonymous": true,
          "componentSpec": {
            "name": "azureml_anonymous",
            "version": "1",
            "is_deterministic": "True",
            "type": "command",
            "inputs": {
              "world_input": {
                "type": "uri_folder",
                "optional": "False"
              }
            },
            "code": "azureml:/subscriptions/00000000-0000-0000-0000-000000000/resourceGroups/00000/providers/Microsoft.MachineLearningServices/workspaces/00000/codes/f1b82144-651f-4f47-bbb4-a6500bc75774/versions/1",
            "environment": "azureml://registries/azureml-dev/environments/AzureML-sklearn-1.0-ubuntu20.04-py38-cpu/versions/35",
            "resources": {
              "instance_count": "1"
            },
            "command": "echo ${{inputs.world_input}}/world.txt",
            "$schema": "https://componentsdk.azureedge.net/jsonschema/CommandComponent.json"
          }
        },
        "systemData": {
          "createdAt": "2023-03-05T05:36:39.2194726\u002B00:00",
          "createdBy": "Firstname Lastname",
          "createdByType": "User",
          "lastModifiedAt": "2023-03-05T05:36:39.5977062\u002B00:00",
          "lastModifiedBy": "Firstname Lastname",
          "lastModifiedByType": "User"
        }
      }
    },
    {
      "RequestUri": "https://management.azure.com/subscriptions/00000000-0000-0000-0000-000000000/resourceGroups/00000/providers/Microsoft.MachineLearningServices/workspaces/00000/schedules/test_340119434891?api-version=2022-12-01-preview",
      "RequestMethod": "PUT",
      "RequestHeaders": {
        "Accept": "application/json",
        "Accept-Encoding": "gzip, deflate",
        "Connection": "keep-alive",
        "Content-Length": "1952",
        "Content-Type": "application/json",
        "User-Agent": "azure-ai-ml/1.5.0 azsdk-python-mgmt-machinelearningservices/0.1.0 Python/3.7.9 (Windows-10-10.0.22621-SP0)"
      },
      "RequestBody": {
        "properties": {
          "description": "a weekly retrain schedule",
          "properties": {},
          "tags": {},
          "action": {
            "actionType": "CreateJob",
            "jobDefinition": {
              "properties": {},
              "tags": {},
              "computeId": "/subscriptions/00000000-0000-0000-0000-000000000/resourceGroups/00000/providers/Microsoft.MachineLearningServices/workspaces/00000/computes/cpu-cluster",
              "displayName": "hello_pipeline_abc",
              "identity": {
                "identityType": "AMLToken"
              },
              "isArchived": false,
              "jobType": "Pipeline",
              "inputs": {
                "hello_string_top_level_input": {
                  "jobInputType": "literal",
                  "value": "${{creation_context.trigger_time}}"
                }
              },
              "jobs": {
                "a": {
                  "name": "a",
                  "type": "command",
                  "inputs": {
                    "hello_string": {
                      "job_input_type": "literal",
                      "value": "${{parent.inputs.hello_string_top_level_input}}"
                    }
                  },
                  "_source": "YAML.JOB",
                  "componentId": "/subscriptions/00000000-0000-0000-0000-000000000/resourceGroups/00000/providers/Microsoft.MachineLearningServices/workspaces/00000/components/azureml_anonymous/versions/8207ea0e-f817-4067-a05d-0bbe3bd6d139"
                },
                "b": {
                  "name": "b",
                  "type": "command",
                  "_source": "YAML.JOB",
                  "componentId": "/subscriptions/00000000-0000-0000-0000-000000000/resourceGroups/00000/providers/Microsoft.MachineLearningServices/workspaces/00000/components/azureml_anonymous/versions/2e6fa007-b44a-4df5-ba6f-7de6639138df"
                },
                "c": {
                  "name": "c",
                  "type": "command",
                  "inputs": {
                    "world_input": {
                      "job_input_type": "literal",
                      "value": "${{parent.jobs.b.outputs.world_output}}"
                    }
                  },
                  "_source": "YAML.JOB",
                  "componentId": "/subscriptions/00000000-0000-0000-0000-000000000/resourceGroups/00000/providers/Microsoft.MachineLearningServices/workspaces/00000/components/azureml_anonymous/versions/799a4e4a-03b2-46dd-a03b-f5b5def51dd0"
                }
              },
              "outputs": {},
              "settings": {
                "_source": "YAML.JOB"
              }
            }
          },
          "displayName": "weekly retrain schedule",
          "trigger": {
            "endTime": "2099-01-01 00:00:00",
            "startTime": "2022-03-10 10:15:00",
            "timeZone": "Pacific Standard Time",
            "triggerType": "Cron",
            "expression": "15 10 * * 1"
          }
        }
      },
      "StatusCode": 201,
      "ResponseHeaders": {
        "azure-asyncoperation": "https://management.azure.com/subscriptions/00000000-0000-0000-0000-000000000/providers/Microsoft.MachineLearningServices/locations/centraluseuap/mfeOperationsStatus/s:288fbc99-974d-4a49-b40f-53b041fe40cc:JRQh_AT7-Qbcg7JfnTHwNdDaN616asc0BCM5OFjHll0?api-version=2022-12-01-preview",
        "Cache-Control": "no-cache",
        "Content-Length": "2901",
        "Content-Type": "application/json; charset=utf-8",
        "Date": "Sun, 05 Mar 2023 05:37:41 GMT",
        "Expires": "-1",
        "Location": "https://management.azure.com/subscriptions/00000000-0000-0000-0000-000000000/resourceGroups/00000/providers/Microsoft.MachineLearningServices/workspaces/00000/schedules/test_340119434891?api-version=2022-12-01-preview",
        "Pragma": "no-cache",
        "request-context": "appId=cid-v1:512cc15a-13b5-415b-bfd0-dce7accb6bb1",
        "Server-Timing": "traceparent;desc=\u002200-9564b1cc165493793f5d02ab1344321a-fa435449543e6732-01\u0022",
        "Strict-Transport-Security": "max-age=31536000; includeSubDomains",
        "x-aml-cluster": "vienna-test-westus2-02",
        "X-Content-Type-Options": "nosniff",
        "x-ms-async-operation-timeout": "PT30M",
        "x-ms-correlation-request-id": "bf72a7c5-1f1d-42b3-97ca-f0bd9688d8af",
        "x-ms-ratelimit-remaining-subscription-writes": "1186",
        "x-ms-response-type": "standard",
        "x-ms-routing-request-id": "WESTUS2:20230305T053742Z:bf72a7c5-1f1d-42b3-97ca-f0bd9688d8af",
        "x-request-time": "0.047"
      },
      "ResponseBody": {
        "properties": {
          "description": "a weekly retrain schedule",
          "tags": {},
          "properties": {},
          "displayName": "weekly retrain schedule",
          "isEnabled": true,
          "trigger": {
            "endTime": "2099-01-01 00:00:00",
            "startTime": "2022-03-10 10:15:00",
            "timeZone": "Pacific Standard Time",
            "triggerType": "Cron",
            "expression": "15 10 * * 1"
          },
          "action": {
            "actionType": "CreateJob",
            "jobDefinition": {
              "description": null,
              "tags": {},
              "properties": {},
              "displayName": "hello_pipeline_abc",
              "status": "NotStarted",
              "experimentName": "Default",
              "services": null,
              "computeId": "/subscriptions/00000000-0000-0000-0000-000000000/resourceGroups/00000/providers/Microsoft.MachineLearningServices/workspaces/00000/computes/cpu-cluster",
              "isArchived": false,
              "identity": {
                "identityType": "AMLToken"
              },
              "componentId": null,
              "jobType": "Pipeline",
              "settings": {
                "_source": "YAML.JOB"
              },
              "jobs": {
                "a": {
                  "name": "a",
                  "type": "command",
                  "inputs": {
                    "hello_string": {
                      "job_input_type": "literal",
                      "value": "${{parent.inputs.hello_string_top_level_input}}"
                    }
                  },
                  "_source": "YAML.JOB",
                  "componentId": "/subscriptions/00000000-0000-0000-0000-000000000/resourceGroups/00000/providers/Microsoft.MachineLearningServices/workspaces/00000/components/azureml_anonymous/versions/8207ea0e-f817-4067-a05d-0bbe3bd6d139"
                },
                "b": {
                  "name": "b",
                  "type": "command",
                  "_source": "YAML.JOB",
                  "componentId": "/subscriptions/00000000-0000-0000-0000-000000000/resourceGroups/00000/providers/Microsoft.MachineLearningServices/workspaces/00000/components/azureml_anonymous/versions/2e6fa007-b44a-4df5-ba6f-7de6639138df"
                },
                "c": {
                  "name": "c",
                  "type": "command",
                  "inputs": {
                    "world_input": {
                      "job_input_type": "literal",
                      "value": "${{parent.jobs.b.outputs.world_output}}"
                    }
                  },
                  "_source": "YAML.JOB",
                  "componentId": "/subscriptions/00000000-0000-0000-0000-000000000/resourceGroups/00000/providers/Microsoft.MachineLearningServices/workspaces/00000/components/azureml_anonymous/versions/799a4e4a-03b2-46dd-a03b-f5b5def51dd0"
                }
              },
              "inputs": {
                "hello_string_top_level_input": {
                  "description": null,
                  "jobInputType": "literal",
                  "value": "${{creation_context.trigger_time}}"
                }
              },
              "outputs": {},
              "sourceJobId": null
            }
          },
          "provisioningState": "Creating"
        }
      }
    },
    {
      "RequestUri": "https://management.azure.com/subscriptions/00000000-0000-0000-0000-000000000/providers/Microsoft.MachineLearningServices/locations/centraluseuap/mfeOperationsStatus/s:288fbc99-974d-4a49-b40f-53b041fe40cc:JRQh_AT7-Qbcg7JfnTHwNdDaN616asc0BCM5OFjHll0?api-version=2022-12-01-preview",
      "RequestMethod": "GET",
      "RequestHeaders": {
        "Accept": "*/*",
        "Accept-Encoding": "gzip, deflate",
        "Connection": "keep-alive",
        "User-Agent": "azure-ai-ml/1.5.0 azsdk-python-mgmt-machinelearningservices/0.1.0 Python/3.7.9 (Windows-10-10.0.22621-SP0)"
      },
      "RequestBody": null,
      "StatusCode": 200,
      "ResponseHeaders": {
        "Cache-Control": "no-cache",
        "Content-Encoding": "gzip",
        "Content-Type": "application/json; charset=utf-8",
        "Date": "Sun, 05 Mar 2023 05:37:42 GMT",
        "Expires": "-1",
        "Pragma": "no-cache",
        "request-context": "appId=cid-v1:512cc15a-13b5-415b-bfd0-dce7accb6bb1",
        "Server-Timing": "traceparent;desc=\u002200-629ac19f65510605aef2f2456eda368a-e738d5444002911c-01\u0022",
        "Strict-Transport-Security": "max-age=31536000; includeSubDomains",
        "Transfer-Encoding": "chunked",
        "Vary": [
          "Accept-Encoding",
          "Accept-Encoding"
        ],
        "x-aml-cluster": "vienna-test-westus2-02",
        "X-Content-Type-Options": "nosniff",
        "x-ms-correlation-request-id": "9dd2d369-2e08-4e7b-ad2d-e2dcf73b7c55",
        "x-ms-ratelimit-remaining-subscription-reads": "11960",
        "x-ms-response-type": "standard",
        "x-ms-routing-request-id": "WESTUS2:20230305T053742Z:9dd2d369-2e08-4e7b-ad2d-e2dcf73b7c55",
        "x-request-time": "0.022"
      },
      "ResponseBody": {
        "id": "/subscriptions/00000000-0000-0000-0000-000000000/providers/Microsoft.MachineLearningServices/locations/centraluseuap/mfeOperationResults/s:288fbc99-974d-4a49-b40f-53b041fe40cc:JRQh_AT7-Qbcg7JfnTHwNdDaN616asc0BCM5OFjHll0",
        "name": "s:288fbc99-974d-4a49-b40f-53b041fe40cc:JRQh_AT7-Qbcg7JfnTHwNdDaN616asc0BCM5OFjHll0",
        "status": "Creating"
      }
    },
    {
      "RequestUri": "https://management.azure.com/subscriptions/00000000-0000-0000-0000-000000000/providers/Microsoft.MachineLearningServices/locations/centraluseuap/mfeOperationsStatus/s:288fbc99-974d-4a49-b40f-53b041fe40cc:JRQh_AT7-Qbcg7JfnTHwNdDaN616asc0BCM5OFjHll0?api-version=2022-12-01-preview",
      "RequestMethod": "GET",
      "RequestHeaders": {
        "Accept": "*/*",
        "Accept-Encoding": "gzip, deflate",
        "Connection": "keep-alive",
        "User-Agent": "azure-ai-ml/1.5.0 azsdk-python-mgmt-machinelearningservices/0.1.0 Python/3.7.9 (Windows-10-10.0.22621-SP0)"
      },
      "RequestBody": null,
      "StatusCode": 200,
      "ResponseHeaders": {
        "Cache-Control": "no-cache",
        "Content-Encoding": "gzip",
        "Content-Type": "application/json; charset=utf-8",
        "Date": "Sun, 05 Mar 2023 05:37:47 GMT",
        "Expires": "-1",
        "Pragma": "no-cache",
        "request-context": "appId=cid-v1:512cc15a-13b5-415b-bfd0-dce7accb6bb1",
        "Server-Timing": "traceparent;desc=\u002200-a449414f50b72bfe7813830e155c3a0c-a8b16832ead59bff-01\u0022",
        "Strict-Transport-Security": "max-age=31536000; includeSubDomains",
        "Transfer-Encoding": "chunked",
        "Vary": [
          "Accept-Encoding",
          "Accept-Encoding"
        ],
        "x-aml-cluster": "vienna-test-westus2-02",
        "X-Content-Type-Options": "nosniff",
        "x-ms-correlation-request-id": "29573a18-d6ec-46f9-98b8-41a0003b5663",
        "x-ms-ratelimit-remaining-subscription-reads": "11959",
        "x-ms-response-type": "standard",
        "x-ms-routing-request-id": "WESTUS2:20230305T053747Z:29573a18-d6ec-46f9-98b8-41a0003b5663",
        "x-request-time": "0.026"
      },
      "ResponseBody": {
        "id": "/subscriptions/00000000-0000-0000-0000-000000000/providers/Microsoft.MachineLearningServices/locations/centraluseuap/mfeOperationResults/s:288fbc99-974d-4a49-b40f-53b041fe40cc:JRQh_AT7-Qbcg7JfnTHwNdDaN616asc0BCM5OFjHll0",
        "name": "s:288fbc99-974d-4a49-b40f-53b041fe40cc:JRQh_AT7-Qbcg7JfnTHwNdDaN616asc0BCM5OFjHll0",
        "status": "Succeeded",
        "startTime": "2023-03-05T05:37:42.2251317\u002B00:00",
        "endTime": "2023-03-05T05:37:44\u002B00:00"
      }
    },
    {
      "RequestUri": "https://management.azure.com/subscriptions/00000000-0000-0000-0000-000000000/resourceGroups/00000/providers/Microsoft.MachineLearningServices/workspaces/00000/schedules/test_340119434891?api-version=2022-12-01-preview",
      "RequestMethod": "GET",
      "RequestHeaders": {
        "Accept": "*/*",
        "Accept-Encoding": "gzip, deflate",
        "Connection": "keep-alive",
        "User-Agent": "azure-ai-ml/1.5.0 azsdk-python-mgmt-machinelearningservices/0.1.0 Python/3.7.9 (Windows-10-10.0.22621-SP0)"
      },
      "RequestBody": null,
      "StatusCode": 200,
      "ResponseHeaders": {
        "Cache-Control": "no-cache",
        "Content-Encoding": "gzip",
        "Content-Type": "application/json; charset=utf-8",
        "Date": "Sun, 05 Mar 2023 05:37:47 GMT",
        "Expires": "-1",
        "Pragma": "no-cache",
        "request-context": "appId=cid-v1:512cc15a-13b5-415b-bfd0-dce7accb6bb1",
        "Server-Timing": "traceparent;desc=\u002200-43b697702e730f04dfb2385d50dc81ab-d596be6b0cd4b3f5-01\u0022",
        "Strict-Transport-Security": "max-age=31536000; includeSubDomains",
        "Transfer-Encoding": "chunked",
        "Vary": [
          "Accept-Encoding",
          "Accept-Encoding"
        ],
        "x-aml-cluster": "vienna-test-westus2-02",
        "X-Content-Type-Options": "nosniff",
        "x-ms-correlation-request-id": "f9df2981-bcc3-4d49-8556-3617ef82361b",
        "x-ms-ratelimit-remaining-subscription-reads": "11958",
        "x-ms-response-type": "standard",
        "x-ms-routing-request-id": "WESTUS2:20230305T053747Z:f9df2981-bcc3-4d49-8556-3617ef82361b",
        "x-request-time": "0.083"
      },
      "ResponseBody": {
        "name": "test_340119434891",
        "properties": {
          "description": "a weekly retrain schedule",
          "tags": {},
          "properties": {},
          "displayName": "weekly retrain schedule",
          "isEnabled": true,
          "trigger": {
            "endTime": "2099-01-01 00:00:00",
            "startTime": "2022-03-10 10:15:00",
            "timeZone": "Pacific Standard Time",
            "triggerType": "Cron",
            "expression": "15 10 * * 1"
          },
          "action": {
            "actionType": "CreateJob",
            "jobDefinition": {
              "description": null,
              "tags": {},
              "properties": {},
              "displayName": "hello_pipeline_abc",
              "status": "NotStarted",
              "experimentName": "Default",
              "services": null,
              "computeId": "/subscriptions/00000000-0000-0000-0000-000000000/resourceGroups/00000/providers/Microsoft.MachineLearningServices/workspaces/00000/computes/cpu-cluster",
              "isArchived": false,
              "identity": {
                "identityType": "AMLToken"
              },
              "componentId": null,
              "jobType": "Pipeline",
              "settings": {
                "_source": "YAML.JOB"
              },
              "jobs": {
                "a": {
                  "name": "a",
                  "type": "command",
                  "inputs": {
                    "hello_string": {
                      "job_input_type": "literal",
                      "value": "${{parent.inputs.hello_string_top_level_input}}"
                    }
                  },
                  "_source": "YAML.JOB",
                  "componentId": "/subscriptions/00000000-0000-0000-0000-000000000/resourceGroups/00000/providers/Microsoft.MachineLearningServices/workspaces/00000/components/azureml_anonymous/versions/8207ea0e-f817-4067-a05d-0bbe3bd6d139"
                },
                "b": {
                  "name": "b",
                  "type": "command",
                  "_source": "YAML.JOB",
                  "componentId": "/subscriptions/00000000-0000-0000-0000-000000000/resourceGroups/00000/providers/Microsoft.MachineLearningServices/workspaces/00000/components/azureml_anonymous/versions/2e6fa007-b44a-4df5-ba6f-7de6639138df"
                },
                "c": {
                  "name": "c",
                  "type": "command",
                  "inputs": {
                    "world_input": {
                      "job_input_type": "literal",
                      "value": "${{parent.jobs.b.outputs.world_output}}"
                    }
                  },
                  "_source": "YAML.JOB",
                  "componentId": "/subscriptions/00000000-0000-0000-0000-000000000/resourceGroups/00000/providers/Microsoft.MachineLearningServices/workspaces/00000/components/azureml_anonymous/versions/799a4e4a-03b2-46dd-a03b-f5b5def51dd0"
                }
              },
              "inputs": {
                "hello_string_top_level_input": {
                  "description": null,
                  "jobInputType": "literal",
                  "value": "${{creation_context.trigger_time}}"
                }
              },
              "outputs": {},
              "sourceJobId": null
            }
          },
          "provisioningState": "Succeeded"
        },
        "systemData": {
          "createdAt": "2023-03-05T05:37:44.1362118\u002B00:00",
          "createdBy": "Firstname Lastname",
          "createdByType": "User",
          "lastModifiedAt": "2023-03-05T05:37:44.1362118\u002B00:00",
          "lastModifiedBy": "Firstname Lastname",
          "lastModifiedByType": "User"
        }
      }
    },
    {
      "RequestUri": "https://management.azure.com/subscriptions/00000000-0000-0000-0000-000000000/resourceGroups/00000/providers/Microsoft.MachineLearningServices/workspaces/00000/schedules/test_340119434891?api-version=2022-12-01-preview",
      "RequestMethod": "GET",
      "RequestHeaders": {
        "Accept": "application/json",
        "Accept-Encoding": "gzip, deflate",
        "Connection": "keep-alive",
        "User-Agent": "azure-ai-ml/1.5.0 azsdk-python-mgmt-machinelearningservices/0.1.0 Python/3.7.9 (Windows-10-10.0.22621-SP0)"
      },
      "RequestBody": null,
      "StatusCode": 200,
      "ResponseHeaders": {
        "Cache-Control": "no-cache",
        "Content-Encoding": "gzip",
        "Content-Type": "application/json; charset=utf-8",
        "Date": "Sun, 05 Mar 2023 05:37:47 GMT",
        "Expires": "-1",
        "Pragma": "no-cache",
        "request-context": "appId=cid-v1:512cc15a-13b5-415b-bfd0-dce7accb6bb1",
        "Server-Timing": "traceparent;desc=\u002200-fd0c39ab310144443d889f7899dc38ae-c1f4eb3989d3e637-01\u0022",
        "Strict-Transport-Security": "max-age=31536000; includeSubDomains",
        "Transfer-Encoding": "chunked",
        "Vary": [
          "Accept-Encoding",
          "Accept-Encoding"
        ],
        "x-aml-cluster": "vienna-test-westus2-02",
        "X-Content-Type-Options": "nosniff",
        "x-ms-correlation-request-id": "00db3014-42d0-4bf2-ac26-fa1609ded9cb",
        "x-ms-ratelimit-remaining-subscription-reads": "11957",
        "x-ms-response-type": "standard",
        "x-ms-routing-request-id": "WESTUS2:20230305T053747Z:00db3014-42d0-4bf2-ac26-fa1609ded9cb",
        "x-request-time": "0.085"
      },
      "ResponseBody": {
        "name": "test_340119434891",
        "properties": {
          "description": "a weekly retrain schedule",
          "tags": {},
          "properties": {},
          "displayName": "weekly retrain schedule",
          "isEnabled": true,
          "trigger": {
            "endTime": "2099-01-01 00:00:00",
            "startTime": "2022-03-10 10:15:00",
            "timeZone": "Pacific Standard Time",
            "triggerType": "Cron",
            "expression": "15 10 * * 1"
          },
          "action": {
            "actionType": "CreateJob",
            "jobDefinition": {
              "description": null,
              "tags": {},
              "properties": {},
              "displayName": "hello_pipeline_abc",
              "status": "NotStarted",
              "experimentName": "Default",
              "services": null,
              "computeId": "/subscriptions/00000000-0000-0000-0000-000000000/resourceGroups/00000/providers/Microsoft.MachineLearningServices/workspaces/00000/computes/cpu-cluster",
              "isArchived": false,
              "identity": {
                "identityType": "AMLToken"
              },
              "componentId": null,
              "jobType": "Pipeline",
              "settings": {
                "_source": "YAML.JOB"
              },
              "jobs": {
                "a": {
                  "name": "a",
                  "type": "command",
                  "inputs": {
                    "hello_string": {
                      "job_input_type": "literal",
                      "value": "${{parent.inputs.hello_string_top_level_input}}"
                    }
                  },
                  "_source": "YAML.JOB",
                  "componentId": "/subscriptions/00000000-0000-0000-0000-000000000/resourceGroups/00000/providers/Microsoft.MachineLearningServices/workspaces/00000/components/azureml_anonymous/versions/8207ea0e-f817-4067-a05d-0bbe3bd6d139"
                },
                "b": {
                  "name": "b",
                  "type": "command",
                  "_source": "YAML.JOB",
                  "componentId": "/subscriptions/00000000-0000-0000-0000-000000000/resourceGroups/00000/providers/Microsoft.MachineLearningServices/workspaces/00000/components/azureml_anonymous/versions/2e6fa007-b44a-4df5-ba6f-7de6639138df"
                },
                "c": {
                  "name": "c",
                  "type": "command",
                  "inputs": {
                    "world_input": {
                      "job_input_type": "literal",
                      "value": "${{parent.jobs.b.outputs.world_output}}"
                    }
                  },
                  "_source": "YAML.JOB",
                  "componentId": "/subscriptions/00000000-0000-0000-0000-000000000/resourceGroups/00000/providers/Microsoft.MachineLearningServices/workspaces/00000/components/azureml_anonymous/versions/799a4e4a-03b2-46dd-a03b-f5b5def51dd0"
                }
              },
              "inputs": {
                "hello_string_top_level_input": {
                  "description": null,
                  "jobInputType": "literal",
                  "value": "${{creation_context.trigger_time}}"
                }
              },
              "outputs": {},
              "sourceJobId": null
            }
          },
          "provisioningState": "Succeeded"
        },
        "systemData": {
          "createdAt": "2023-03-05T05:37:44.1362118\u002B00:00",
          "createdBy": "Firstname Lastname",
          "createdByType": "User",
          "lastModifiedAt": "2023-03-05T05:37:44.1362118\u002B00:00",
          "lastModifiedBy": "Firstname Lastname",
          "lastModifiedByType": "User"
        }
      }
    },
    {
      "RequestUri": "https://management.azure.com/subscriptions/00000000-0000-0000-0000-000000000/resourceGroups/00000/providers/Microsoft.MachineLearningServices/workspaces/00000/schedules/test_340119434891?api-version=2022-12-01-preview",
      "RequestMethod": "PUT",
      "RequestHeaders": {
        "Accept": "application/json",
        "Accept-Encoding": "gzip, deflate",
        "Connection": "keep-alive",
        "Content-Length": "2055",
        "Content-Type": "application/json",
        "User-Agent": "azure-ai-ml/1.5.0 azsdk-python-mgmt-machinelearningservices/0.1.0 Python/3.7.9 (Windows-10-10.0.22621-SP0)"
      },
      "RequestBody": {
        "properties": {
          "description": "a weekly retrain schedule",
          "properties": {},
          "tags": {},
          "action": {
            "actionType": "CreateJob",
            "jobDefinition": {
              "properties": {},
              "tags": {},
              "computeId": "/subscriptions/00000000-0000-0000-0000-000000000/resourceGroups/00000/providers/Microsoft.MachineLearningServices/workspaces/00000/computes/cpu-cluster",
              "displayName": "hello_pipeline_abc",
              "experimentName": "Default",
              "identity": {
                "identityType": "AMLToken"
              },
              "isArchived": false,
              "jobType": "Pipeline",
              "inputs": {
                "hello_string_top_level_input": {
                  "jobInputType": "literal",
                  "value": "${{creation_context.trigger_time}}"
                }
              },
              "jobs": {
                "a": {
                  "name": "a",
                  "type": "command",
                  "inputs": {
                    "hello_string": {
                      "job_input_type": "literal",
                      "value": "${{parent.inputs.hello_string_top_level_input}}"
                    }
                  },
                  "_source": "REMOTE.WORKSPACE.COMPONENT",
                  "componentId": "/subscriptions/00000000-0000-0000-0000-000000000/resourceGroups/00000/providers/Microsoft.MachineLearningServices/workspaces/00000/components/azureml_anonymous/versions/8207ea0e-f817-4067-a05d-0bbe3bd6d139"
                },
                "b": {
                  "name": "b",
                  "type": "command",
                  "_source": "REMOTE.WORKSPACE.COMPONENT",
                  "componentId": "/subscriptions/00000000-0000-0000-0000-000000000/resourceGroups/00000/providers/Microsoft.MachineLearningServices/workspaces/00000/components/azureml_anonymous/versions/2e6fa007-b44a-4df5-ba6f-7de6639138df"
                },
                "c": {
                  "name": "c",
                  "type": "command",
                  "inputs": {
                    "world_input": {
                      "job_input_type": "literal",
                      "value": "${{parent.jobs.b.outputs.world_output}}"
                    }
                  },
                  "_source": "REMOTE.WORKSPACE.COMPONENT",
                  "componentId": "/subscriptions/00000000-0000-0000-0000-000000000/resourceGroups/00000/providers/Microsoft.MachineLearningServices/workspaces/00000/components/azureml_anonymous/versions/799a4e4a-03b2-46dd-a03b-f5b5def51dd0"
                }
              },
              "outputs": {},
              "settings": {
                "_source": "YAML.JOB"
              }
            }
          },
          "displayName": "weekly retrain schedule",
          "isEnabled": false,
          "trigger": {
            "endTime": "2099-01-01 00:00:00",
            "startTime": "2022-03-10 10:15:00",
            "timeZone": "Pacific Standard Time",
            "triggerType": "Cron",
            "expression": "15 10 * * 1"
          }
        }
      },
      "StatusCode": 201,
      "ResponseHeaders": {
        "azure-asyncoperation": "https://management.azure.com/subscriptions/00000000-0000-0000-0000-000000000/providers/Microsoft.MachineLearningServices/locations/centraluseuap/mfeOperationsStatus/s:288fbc99-974d-4a49-b40f-53b041fe40cc:JyjCBg2m68opH2gM5btUUUcLL5mN8FtGwHQi8M2_Vpk?api-version=2022-12-01-preview",
        "Cache-Control": "no-cache",
        "Content-Length": "2956",
        "Content-Type": "application/json; charset=utf-8",
        "Date": "Sun, 05 Mar 2023 05:37:48 GMT",
        "Expires": "-1",
        "Location": "https://management.azure.com/subscriptions/00000000-0000-0000-0000-000000000/resourceGroups/00000/providers/Microsoft.MachineLearningServices/workspaces/00000/schedules/test_340119434891?api-version=2022-12-01-preview",
        "Pragma": "no-cache",
        "request-context": "appId=cid-v1:512cc15a-13b5-415b-bfd0-dce7accb6bb1",
        "Server-Timing": "traceparent;desc=\u002200-94981398aa3ec6122e43fea02876442d-d04ad72879022bc4-01\u0022",
        "Strict-Transport-Security": "max-age=31536000; includeSubDomains",
        "x-aml-cluster": "vienna-test-westus2-02",
        "X-Content-Type-Options": "nosniff",
        "x-ms-async-operation-timeout": "PT30M",
        "x-ms-correlation-request-id": "a2dc4c49-0f72-4f54-bfc0-fb311c22047f",
        "x-ms-ratelimit-remaining-subscription-writes": "1185",
        "x-ms-response-type": "standard",
        "x-ms-routing-request-id": "WESTUS2:20230305T053748Z:a2dc4c49-0f72-4f54-bfc0-fb311c22047f",
        "x-request-time": "0.040"
      },
      "ResponseBody": {
        "properties": {
          "description": "a weekly retrain schedule",
          "tags": {},
          "properties": {},
          "displayName": "weekly retrain schedule",
          "isEnabled": false,
          "trigger": {
            "endTime": "2099-01-01 00:00:00",
            "startTime": "2022-03-10 10:15:00",
            "timeZone": "Pacific Standard Time",
            "triggerType": "Cron",
            "expression": "15 10 * * 1"
          },
          "action": {
            "actionType": "CreateJob",
            "jobDefinition": {
              "description": null,
              "tags": {},
              "properties": {},
              "displayName": "hello_pipeline_abc",
              "status": "NotStarted",
              "experimentName": "Default",
              "services": null,
              "computeId": "/subscriptions/00000000-0000-0000-0000-000000000/resourceGroups/00000/providers/Microsoft.MachineLearningServices/workspaces/00000/computes/cpu-cluster",
              "isArchived": false,
              "identity": {
                "identityType": "AMLToken"
              },
              "componentId": null,
              "jobType": "Pipeline",
              "settings": {
                "_source": "YAML.JOB"
              },
              "jobs": {
                "a": {
                  "name": "a",
                  "type": "command",
                  "inputs": {
                    "hello_string": {
                      "job_input_type": "literal",
                      "value": "${{parent.inputs.hello_string_top_level_input}}"
                    }
                  },
                  "_source": "REMOTE.WORKSPACE.COMPONENT",
                  "componentId": "/subscriptions/00000000-0000-0000-0000-000000000/resourceGroups/00000/providers/Microsoft.MachineLearningServices/workspaces/00000/components/azureml_anonymous/versions/8207ea0e-f817-4067-a05d-0bbe3bd6d139"
                },
                "b": {
                  "name": "b",
                  "type": "command",
                  "_source": "REMOTE.WORKSPACE.COMPONENT",
                  "componentId": "/subscriptions/00000000-0000-0000-0000-000000000/resourceGroups/00000/providers/Microsoft.MachineLearningServices/workspaces/00000/components/azureml_anonymous/versions/2e6fa007-b44a-4df5-ba6f-7de6639138df"
                },
                "c": {
                  "name": "c",
                  "type": "command",
                  "inputs": {
                    "world_input": {
                      "job_input_type": "literal",
                      "value": "${{parent.jobs.b.outputs.world_output}}"
                    }
                  },
                  "_source": "REMOTE.WORKSPACE.COMPONENT",
                  "componentId": "/subscriptions/00000000-0000-0000-0000-000000000/resourceGroups/00000/providers/Microsoft.MachineLearningServices/workspaces/00000/components/azureml_anonymous/versions/799a4e4a-03b2-46dd-a03b-f5b5def51dd0"
                }
              },
              "inputs": {
                "hello_string_top_level_input": {
                  "description": null,
                  "jobInputType": "literal",
                  "value": "${{creation_context.trigger_time}}"
                }
              },
              "outputs": {},
              "sourceJobId": null
            }
          },
          "provisioningState": "Creating"
        }
      }
    },
    {
      "RequestUri": "https://management.azure.com/subscriptions/b17253fa-f327-42d6-9686-f3e553e24763/providers/Microsoft.MachineLearningServices/locations/centraluseuap/mfeOperationsStatus/s:288fbc99-974d-4a49-b40f-53b041fe40cc:JyjCBg2m68opH2gM5btUUUcLL5mN8FtGwHQi8M2_Vpk?api-version=2022-12-01-preview",
      "RequestMethod": "GET",
      "RequestHeaders": {
        "Accept": "*/*",
        "Accept-Encoding": "gzip, deflate",
        "Authorization": "Bearer eyJ0eXAiOiJKV1QiLCJhbGciOiJSUzI1NiIsIng1dCI6Ii1LSTNROW5OUjdiUm9meG1lWm9YcWJIWkdldyIsImtpZCI6Ii1LSTNROW5OUjdiUm9meG1lWm9YcWJIWkdldyJ9.eyJhdWQiOiJodHRwczovL21hbmFnZW1lbnQuYXp1cmUuY29tIiwiaXNzIjoiaHR0cHM6Ly9zdHMud2luZG93cy5uZXQvNzJmOTg4YmYtODZmMS00MWFmLTkxYWItMmQ3Y2QwMTFkYjQ3LyIsImlhdCI6MTY3Nzk5MjM5NywibmJmIjoxNjc3OTkyMzk3LCJleHAiOjE2Nzc5OTc0MTQsIl9jbGFpbV9uYW1lcyI6eyJncm91cHMiOiJzcmMxIn0sIl9jbGFpbV9zb3VyY2VzIjp7InNyYzEiOnsiZW5kcG9pbnQiOiJodHRwczovL2dyYXBoLndpbmRvd3MubmV0LzcyZjk4OGJmLTg2ZjEtNDFhZi05MWFiLTJkN2NkMDExZGI0Ny91c2Vycy9iM2E5NTdkZS00NTBjLTRjYTctYjJhYS04OGRkOThjODdmZWYvZ2V0TWVtYmVyT2JqZWN0cyJ9fSwiYWNyIjoiMSIsImFpbyI6IkFWUUFxLzhUQUFBQVdmZzJiR2J5bGJrVFZPbnpKakZ4WjVzY2FVNmpFNnRuSkxHVDdQWWZqL05JV2ZTdWwzMllVTUJoQkc4YkpxZU1CZFJhaC9WRndDQ1BETVZUNzd3VUxlcmNUelp6K3BMdnE0YjVSSFVuamU4PSIsImFtciI6WyJyc2EiLCJtZmEiXSwiYXBwaWQiOiIwNGIwNzc5NS04ZGRiLTQ2MWEtYmJlZS0wMmY5ZTFiZjdiNDYiLCJhcHBpZGFjciI6IjAiLCJkZXZpY2VpZCI6IjE2MTNiNDIyLTcyZTgtNDhlZS1hZmM3LTg2NzQzMWMzNTNlZiIsImZhbWlseV9uYW1lIjoiUGVjayIsImdpdmVuX25hbWUiOiJEaW9uZHJhIiwiaXBhZGRyIjoiNjcuMTcwLjExNS4xNSIsIm5hbWUiOiJEaW9uZHJhIFBlY2siLCJvaWQiOiJiM2E5NTdkZS00NTBjLTRjYTctYjJhYS04OGRkOThjODdmZWYiLCJvbnByZW1fc2lkIjoiUy0xLTUtMjEtMjEyNzUyMTE4NC0xNjA0MDEyOTIwLTE4ODc5Mjc1MjctMzI3OTU2MDAiLCJwdWlkIjoiMTAwMzdGRkVBRDA1REQ1RCIsInJoIjoiMC5BUm9BdjRqNWN2R0dyMEdScXkxODBCSGJSMFpJZjNrQXV0ZFB1a1Bhd2ZqMk1CTWFBSTAuIiwic2NwIjoidXNlcl9pbXBlcnNvbmF0aW9uIiwic3ViIjoiQU5YOHpiUkhaREhkbG1pUFRMY1I5ekNVd1kwSWNEcXowZElKd3dHWmdvRSIsInRpZCI6IjcyZjk4OGJmLTg2ZjEtNDFhZi05MWFiLTJkN2NkMDExZGI0NyIsInVuaXF1ZV9uYW1lIjoiZGlwZWNrQG1pY3Jvc29mdC5jb20iLCJ1cG4iOiJkaXBlY2tAbWljcm9zb2Z0LmNvbSIsInV0aSI6Iks1ZlFnNlJPWjBTMlhvQW40ZGs0QUEiLCJ2ZXIiOiIxLjAiLCJ3aWRzIjpbImI3OWZiZjRkLTNlZjktNDY4OS04MTQzLTc2YjE5NGU4NTUwOSJdLCJ4bXNfY2MiOlsiQ1AxIl0sInhtc190Y2R0IjoxMjg5MjQxNTQ3fQ.X8RVzoes4SUZIvXXPGEomQqh-1qEciAOKHxRKSD2YdI_UpWAL6jzBUThZN-NoKSDQhMisrlObzF9ITHJ-J8BzjNRi87ZFvc6OLx2l77ZrM2vPVbTa81B_kSvvoJRzUXwecEprQofOa3yUVuVx2F5QnXDar4fF7e_z2aZnzE4Mro0wdsZl4jVHpzkcnKJ3d3sjbaU_A3m-7NKX8tocTFpeSEirT9lE8Tz9N-Nd9ZwwjPtaYu9eTTqP0AfgSzJYmuo5aL0PikyZHfFCQMQthWjJLc95vNCz3-eZaeYp47NTual0IIWqSXb6qgDxaBot783BkAwxvYncaUcdW1uSk1Eag",
        "Connection": "keep-alive",
        "User-Agent": "azure-ai-ml/1.5.0 azsdk-python-mgmt-machinelearningservices/0.1.0 Python/3.7.9 (Windows-10-10.0.22621-SP0)",
        "x-ms-client-request-id": "dce19c5c-bb17-11ed-8e6a-f06e0bc19b14"
      },
      "RequestBody": null,
      "StatusCode": 200,
      "ResponseHeaders": {
        "Cache-Control": "no-cache",
        "Content-Encoding": "gzip",
        "Content-Type": "application/json; charset=utf-8",
        "Date": "Sun, 05 Mar 2023 05:37:48 GMT",
        "Expires": "-1",
        "Pragma": "no-cache",
        "request-context": "appId=cid-v1:512cc15a-13b5-415b-bfd0-dce7accb6bb1",
        "Server-Timing": "traceparent;desc=\u002200-2fb55eb6d5990ee7e7fafcb9f4b56ec1-4918138672595b5a-01\u0022",
        "Strict-Transport-Security": "max-age=31536000; includeSubDomains",
        "Transfer-Encoding": "chunked",
        "Vary": [
          "Accept-Encoding",
          "Accept-Encoding"
        ],
        "x-aml-cluster": "vienna-test-westus2-02",
        "X-Content-Type-Options": "nosniff",
        "x-ms-correlation-request-id": "fe0fed53-d300-4964-90a8-092dd9e62455",
        "x-ms-ratelimit-remaining-subscription-reads": "11956",
        "x-ms-request-id": "fe0fed53-d300-4964-90a8-092dd9e62455",
        "x-ms-response-type": "standard",
        "x-ms-routing-request-id": "WESTUS2:20230305T053748Z:fe0fed53-d300-4964-90a8-092dd9e62455",
        "x-request-time": "0.019"
      },
      "ResponseBody": {
        "id": "/subscriptions/b17253fa-f327-42d6-9686-f3e553e24763/providers/Microsoft.MachineLearningServices/locations/centraluseuap/mfeOperationResults/s:288fbc99-974d-4a49-b40f-53b041fe40cc:JyjCBg2m68opH2gM5btUUUcLL5mN8FtGwHQi8M2_Vpk",
        "name": "s:288fbc99-974d-4a49-b40f-53b041fe40cc:JyjCBg2m68opH2gM5btUUUcLL5mN8FtGwHQi8M2_Vpk",
        "status": "Creating"
      }
    }
  ],
  "Variables": {
    "name": "test_340119434891"
  }
}
