interactions:
- request:
    body: '{"TableName": "uttable51a71614"}'
    headers:
      Accept:
      - application/json;odata=minimalmetadata
      Content-Length:
      - '32'
      Content-Type:
      - application/json;odata=nometadata
      DataServiceVersion:
      - '3.0'
      Date:
      - Tue, 15 Sep 2020 23:02:10 GMT
      User-Agent:
      - azsdk-python-data-tables/2019-07-07 Python/3.8.4 (Windows-10-10.0.19041-SP0)
      x-ms-date:
      - Tue, 15 Sep 2020 23:02:10 GMT
      x-ms-version:
      - '2019-07-07'
    method: POST
    uri: https://tablesteststorname.table.core.windows.net/Tables
  response:
    body:
      string: '{"odata.metadata":"https://tablesteststorname.table.core.windows.net/$metadata#Tables/@Element","TableName":"uttable51a71614"}'
    headers:
      cache-control: no-cache
      content-type: application/json;odata=minimalmetadata;streaming=true;charset=utf-8
      date: Tue, 15 Sep 2020 23:02:10 GMT
      location: https://tablesteststorname.table.core.windows.net/Tables('uttable51a71614')
      server: Windows-Azure-Table/1.0 Microsoft-HTTPAPI/2.0
      transfer-encoding: chunked
      x-content-type-options: nosniff
      x-ms-version: '2019-07-07'
    status:
      code: 201
      message: Created
    url: https://tablestestrfkgan5gxlsqtr.table.core.windows.net/Tables
- request:
    body: '{"PartitionKey": "pk51a71614", "RowKey": "rk51a71614", "age": "39", "age@odata.type":
      "Edm.Int64", "sex": "male", "married": true, "deceased": false, "ratio": 3.1,
      "evenratio": 3.0, "large": "933311100", "large@odata.type": "Edm.Int64", "Birthday":
      "1973-10-04T00:00:00Z", "Birthday@odata.type": "Edm.DateTime", "birthday": "1970-10-04T00:00:00Z",
      "birthday@odata.type": "Edm.DateTime", "binary": "YmluYXJ5", "binary@odata.type":
      "Edm.Binary", "other": 20, "clsid": "c9da6455-213d-42c9-9a79-3e9149a57833",
      "clsid@odata.type": "Edm.Guid"}'
    headers:
      Accept:
      - application/json;odata=minimalmetadata
      Content-Length:
      - '537'
      Content-Type:
      - application/json;odata=nometadata
      DataServiceVersion:
      - '3.0'
      Date:
      - Tue, 15 Sep 2020 23:02:10 GMT
      User-Agent:
      - azsdk-python-data-tables/2019-07-07 Python/3.8.4 (Windows-10-10.0.19041-SP0)
      x-ms-date:
      - Tue, 15 Sep 2020 23:02:10 GMT
      x-ms-version:
      - '2019-07-07'
    method: POST
    uri: https://tablesteststorname.table.core.windows.net/uttable51a71614
  response:
    body:
      string: '{"odata.metadata":"https://tablesteststorname.table.core.windows.net/$metadata#uttable51a71614/@Element","odata.etag":"W/\"datetime''2020-09-15T23%3A02%3A10.9478926Z''\"","PartitionKey":"pk51a71614","RowKey":"rk51a71614","Timestamp":"2020-09-15T23:02:10.9478926Z","age@odata.type":"Edm.Int64","age":"39","sex":"male","married":true,"deceased":false,"ratio":3.1,"evenratio":3.0,"large@odata.type":"Edm.Int64","large":"933311100","Birthday@odata.type":"Edm.DateTime","Birthday":"1973-10-04T00:00:00Z","birthday@odata.type":"Edm.DateTime","birthday":"1970-10-04T00:00:00Z","binary@odata.type":"Edm.Binary","binary":"YmluYXJ5","other":20,"clsid@odata.type":"Edm.Guid","clsid":"c9da6455-213d-42c9-9a79-3e9149a57833"}'
    headers:
      cache-control: no-cache
      content-type: application/json;odata=minimalmetadata;streaming=true;charset=utf-8
      date: Tue, 15 Sep 2020 23:02:10 GMT
      etag: W/"datetime'2020-09-15T23%3A02%3A10.9478926Z'"
      location: https://tablesteststorname.table.core.windows.net/uttable51a71614(PartitionKey='pk51a71614',RowKey='rk51a71614')
      server: Windows-Azure-Table/1.0 Microsoft-HTTPAPI/2.0
      transfer-encoding: chunked
      x-content-type-options: nosniff
      x-ms-version: '2019-07-07'
    status:
      code: 201
      message: Created
    url: https://tablestestrfkgan5gxlsqtr.table.core.windows.net/uttable51a71614
- request:
    body: null
    headers:
      Date:
      - Tue, 15 Sep 2020 23:02:10 GMT
      User-Agent:
      - azsdk-python-data-tables/2019-07-07 Python/3.8.4 (Windows-10-10.0.19041-SP0)
      x-ms-date:
      - Tue, 15 Sep 2020 23:02:10 GMT
      x-ms-version:
      - '2019-07-07'
    method: DELETE
    uri: https://tablesteststorname.table.core.windows.net/Tables('uttable51a71614')
  response:
    body:
      string: ''
    headers:
      cache-control: no-cache
      content-length: '0'
      date: Tue, 15 Sep 2020 23:02:10 GMT
      server: Windows-Azure-Table/1.0 Microsoft-HTTPAPI/2.0
      x-content-type-options: nosniff
      x-ms-version: '2019-07-07'
    status:
      code: 204
      message: No Content
    url: https://tablestestrfkgan5gxlsqtr.table.core.windows.net/Tables('uttable51a71614')
version: 1
